interactions:
- request:
    body: '{"namespace":"example.avro","type":"record","name":"User","fields":[{"name":"name","type":"string"},{"name":"favorite_number","type":["int","null"]},{"name":"favorite_color","type":["string","null"]}]}'
    headers:
      Accept:
      - application/json
      Accept-Encoding:
      - gzip, deflate
      Connection:
      - keep-alive
      Content-Length:
      - '201'
      Content-Type:
      - text/plain
      Serialization-Type:
      - Avro
      User-Agent:
      - azsdk-python-azureschemaregistry/1.0.0b2 Python/3.7.10 (Windows-10-10.0.19041-SP0)
    method: PUT
    uri: https://fake_resource.servicebus.windows.net/$schemagroups/fakegroup/schemas/test-schema-update423f1009?api-version=2020-09-01-preview
  response:
    body:
      string: '{"id":"3296bf2bd6f84cbb8c48ff08ab4570fa"}'
    headers:
      content-type:
      - application/json
      date:
      - Mon, 02 Aug 2021 23:58:47 GMT
      location:
      - https://fake_resource.servicebus.windows.net:443/$schemagroups/fakegroup/schemas/test-schema-update423f1009/versions/9?api-version=2020-09-01-preview
      schema-id:
      - 3296bf2bd6f84cbb8c48ff08ab4570fa
      schema-id-location:
      - https://fake_resource.servicebus.windows.net:443/$schemagroups/getschemabyid/3296bf2bd6f84cbb8c48ff08ab4570fa?api-version=2020-09-01-preview
      schema-version:
      - '9'
      schema-versions-location:
      - https://fake_resource.servicebus.windows.net:443/$schemagroups/fakegroup/schemas/test-schema-update423f1009/versions?api-version=2020-09-01-preview
      serialization-type:
      - Avro
      server:
      - Microsoft-HTTPAPI/2.0
      strict-transport-security:
      - max-age=31536000
      transfer-encoding:
      - chunked
    status:
      code: 200
      message: OK
- request:
    body: '{"namespace":"example.avro","type":"record","name":"User","fields":[{"name":"name","type":"string"},{"name":"favorite_number","type":["int","null"]},{"name":"favorite_food","type":["string","null"]}]}'
    headers:
      Accept:
      - application/json
      Accept-Encoding:
      - gzip, deflate
      Connection:
      - keep-alive
      Content-Length:
      - '200'
      Content-Type:
      - text/plain
      Serialization-Type:
      - Avro
      User-Agent:
      - azsdk-python-azureschemaregistry/1.0.0b2 Python/3.7.10 (Windows-10-10.0.19041-SP0)
    method: PUT
    uri: https://fake_resource.servicebus.windows.net/$schemagroups/fakegroup/schemas/test-schema-update423f1009?api-version=2020-09-01-preview
  response:
    body:
      string: '{"id":"2df71e1d95d245a1b2a14b15676046c9"}'
    headers:
      content-type:
      - application/json
      date:
      - Mon, 02 Aug 2021 23:58:47 GMT
      location:
      - https://fake_resource.servicebus.windows.net:443/$schemagroups/fakegroup/schemas/test-schema-update423f1009/versions/10?api-version=2020-09-01-preview
      schema-id:
      - 2df71e1d95d245a1b2a14b15676046c9
      schema-id-location:
      - https://fake_resource.servicebus.windows.net:443/$schemagroups/getschemabyid/2df71e1d95d245a1b2a14b15676046c9?api-version=2020-09-01-preview
      schema-version:
      - '10'
      schema-versions-location:
      - https://fake_resource.servicebus.windows.net:443/$schemagroups/fakegroup/schemas/test-schema-update423f1009/versions?api-version=2020-09-01-preview
      serialization-type:
      - Avro
      server:
      - Microsoft-HTTPAPI/2.0
      strict-transport-security:
      - max-age=31536000
      transfer-encoding:
      - chunked
    status:
      code: 200
      message: OK
- request:
    body: null
    headers:
      Accept:
      - text/plain; charset=utf-8
      Accept-Encoding:
      - gzip, deflate
      Connection:
      - keep-alive
      User-Agent:
      - azsdk-python-azureschemaregistry/1.0.0b2 Python/3.7.10 (Windows-10-10.0.19041-SP0)
    method: GET
    uri: https://fake_resource.servicebus.windows.net/$schemagroups/getSchemaById/2df71e1d95d245a1b2a14b15676046c9?api-version=2020-09-01-preview
  response:
    body:
      string: '{"namespace":"example.avro","type":"record","name":"User","fields":[{"name":"name","type":"string"},{"name":"favorite_number","type":["int","null"]},{"name":"favorite_food","type":["string","null"]}]}'
    headers:
      content-type:
      - application/json
      date:
      - Mon, 02 Aug 2021 23:58:49 GMT
      location:
      - https://fake_resource.servicebus.windows.net:443/$schemagroups/fakegroup/schemas/test-schema-update423f1009/versions/10?api-version=2020-09-01-preview
      schema-id:
      - 2df71e1d95d245a1b2a14b15676046c9
      schema-id-location:
      - https://fake_resource.servicebus.windows.net:443/$schemagroups/getschemabyid/2df71e1d95d245a1b2a14b15676046c9?api-version=2020-09-01-preview
      schema-version:
      - '10'
      schema-versions-location:
      - https://fake_resource.servicebus.windows.net:443/$schemagroups/fakegroup/schemas/test-schema-update423f1009/versions?api-version=2020-09-01-preview
      serialization-type:
      - Avro
      server:
      - Microsoft-HTTPAPI/2.0
      strict-transport-security:
      - max-age=31536000
      transfer-encoding:
      - chunked
    status:
      code: 200
      message: OK
version: 1
