interactions:
- request:
    body: '{"namespace":"example.avro","type":"record","name":"User","fields":[{"name":"name","type":"string"},{"name":"favorite_number","type":["int","null"]},{"name":"favorite_color","type":["string","null"]}]}'
    headers:
      Accept:
      - application/json
      Accept-Encoding:
      - gzip, deflate
      Connection:
      - keep-alive
      Content-Length:
      - '201'
      Content-Type:
      - application/json
      Serialization-Type:
      - Avro
      User-Agent:
      - azsdk-python-azureschemaregistry/1.0.0b3 Python/3.9.0 (Windows-10-10.0.19041-SP0)
    method: PUT
    uri: https://fake_resource.servicebus.windows.net/$schemagroups/fakegroup/schemas/test-schema-update423f1009?api-version=2020-09-01-preview
  response:
    body:
      string: '{"id":"bbb495c5729844bbba2db5dd793b3243"}'
    headers:
      content-type:
      - application/json
      date:
      - Wed, 22 Sep 2021 00:45:42 GMT
      location:
      - https://swathip-test-eventhubs.servicebus.windows.net:443/$schemagroups/fakegroup/schemas/test-schema-update423f1009/versions/3?api-version=2020-09-01-preview
      schema-id:
      - bbb495c5729844bbba2db5dd793b3243
      schema-id-location:
      - https://swathip-test-eventhubs.servicebus.windows.net:443/$schemagroups/getschemabyid/bbb495c5729844bbba2db5dd793b3243?api-version=2020-09-01-preview
      schema-version:
      - '3'
      schema-versions-location:
      - https://swathip-test-eventhubs.servicebus.windows.net:443/$schemagroups/swathip-test-schema/schemas/test-schema-update423f1009/versions?api-version=2020-09-01-preview
      serialization-type:
      - Avro
      server:
      - Microsoft-HTTPAPI/2.0
      strict-transport-security:
      - max-age=31536000
      transfer-encoding:
      - chunked
    status:
      code: 200
      message: OK
- request:
    body: '{"namespace":"example.avro","type":"record","name":"User","fields":[{"name":"name","type":"string"},{"name":"favorite_number","type":["int","null"]},{"name":"favorite_food","type":["string","null"]}]}'
    headers:
      Accept:
      - application/json
      Accept-Encoding:
      - gzip, deflate
      Connection:
      - keep-alive
      Content-Length:
      - '200'
      Content-Type:
      - application/json
      Serialization-Type:
      - Avro
      User-Agent:
      - azsdk-python-azureschemaregistry/1.0.0b3 Python/3.9.0 (Windows-10-10.0.19041-SP0)
    method: PUT
    uri: https://fake_resource.servicebus.windows.net/$schemagroups/fakegroup/schemas/test-schema-update423f1009?api-version=2020-09-01-preview
  response:
    body:
      string: '{"id":"a4a4e528cbd64dce8587e07d1aebc040"}'
    headers:
      content-type:
      - application/json
      date:
      - Wed, 22 Sep 2021 00:45:42 GMT
      location:
      - https://swathip-test-eventhubs.servicebus.windows.net:443/$schemagroups/fakegroup/schemas/test-schema-update423f1009/versions/4?api-version=2020-09-01-preview
      schema-id:
      - a4a4e528cbd64dce8587e07d1aebc040
      schema-id-location:
      - https://swathip-test-eventhubs.servicebus.windows.net:443/$schemagroups/getschemabyid/a4a4e528cbd64dce8587e07d1aebc040?api-version=2020-09-01-preview
      schema-version:
      - '4'
      schema-versions-location:
      - https://swathip-test-eventhubs.servicebus.windows.net:443/$schemagroups/swathip-test-schema/schemas/test-schema-update423f1009/versions?api-version=2020-09-01-preview
      serialization-type:
      - Avro
      server:
      - Microsoft-HTTPAPI/2.0
      strict-transport-security:
      - max-age=31536000
      transfer-encoding:
      - chunked
    status:
      code: 200
      message: OK
- request:
    body: null
    headers:
      Accept:
      - text/plain; charset=utf-8
      Accept-Encoding:
      - gzip, deflate
      Connection:
      - keep-alive
      User-Agent:
      - azsdk-python-azureschemaregistry/1.0.0b3 Python/3.9.0 (Windows-10-10.0.19041-SP0)
    method: GET
    uri: https://fake_resource.servicebus.windows.net/$schemagroups/getSchemaById/a4a4e528cbd64dce8587e07d1aebc040?api-version=2020-09-01-preview
  response:
    body:
      string: '{"namespace":"example.avro","type":"record","name":"User","fields":[{"name":"name","type":"string"},{"name":"favorite_number","type":["int","null"]},{"name":"favorite_food","type":["string","null"]}]}'
    headers:
      content-type:
      - application/json
      date:
      - Wed, 22 Sep 2021 00:45:42 GMT
      location:
      - https://swathip-test-eventhubs.servicebus.windows.net:443/$schemagroups/fakegroup/schemas/test-schema-update423f1009/versions/4?api-version=2020-09-01-preview
      schema-id:
      - a4a4e528cbd64dce8587e07d1aebc040
      schema-id-location:
      - https://swathip-test-eventhubs.servicebus.windows.net:443/$schemagroups/getschemabyid/a4a4e528cbd64dce8587e07d1aebc040?api-version=2020-09-01-preview
      schema-version:
      - '4'
      schema-versions-location:
      - https://swathip-test-eventhubs.servicebus.windows.net:443/$schemagroups/swathip-test-schema/schemas/test-schema-update423f1009/versions?api-version=2020-09-01-preview
      serialization-type:
      - Avro
      server:
      - Microsoft-HTTPAPI/2.0
      strict-transport-security:
      - max-age=31536000
      transfer-encoding:
      - chunked
    status:
      code: 200
      message: OK
version: 1
