interactions:
- request:
    body: null
    headers:
      Accept:
      - application/xml
      Accept-Encoding:
      - gzip, deflate
      Connection:
      - keep-alive
      Content-Length:
      - '0'
      User-Agent:
      - azsdk-python-storage-blob/12.8.0 Python/3.9.0 (Windows-10-10.0.19041-SP0)
      x-ms-date:
      - Wed, 31 Mar 2021 22:10:57 GMT
      x-ms-version:
      - '2020-06-12'
    method: PUT
    uri: https://redacted.blob.core.windows.net/srcb9ad4c44-ed98-474f-a3a6-28e95636b66f?restype=container
  response:
    body:
      string: ''
    headers:
      content-length:
      - '0'
      date:
      - Wed, 31 Mar 2021 22:10:57 GMT
      etag:
      - '"0x8D8F491DC8A6AB6"'
      last-modified:
      - Wed, 31 Mar 2021 22:10:58 GMT
      server:
      - Windows-Azure-Blob/1.0 Microsoft-HTTPAPI/2.0
      x-ms-version:
      - '2020-06-12'
    status:
      code: 201
      message: Created
- request:
    body: This is some text
    headers:
      Accept:
      - application/xml
      Accept-Encoding:
      - gzip, deflate
      Connection:
      - keep-alive
      Content-Length:
      - '17'
      Content-Type:
      - application/octet-stream
      If-None-Match:
      - '*'
      User-Agent:
      - azsdk-python-storage-blob/12.8.0 Python/3.9.0 (Windows-10-10.0.19041-SP0)
      x-ms-blob-type:
      - BlockBlob
      x-ms-date:
      - Wed, 31 Mar 2021 22:10:58 GMT
      x-ms-encryption-algorithm:
      - AES256
      x-ms-version:
      - '2020-06-12'
    method: PUT
    uri: https://redacted.blob.core.windows.net/srcb9ad4c44-ed98-474f-a3a6-28e95636b66f/c3eb2cd2-81ad-4aae-ac2b-96958b8bf1c9.txt
  response:
    body:
      string: ''
    headers:
      content-length:
      - '0'
      content-md5:
      - lyFPYyJLwenMTaN3qtznxw==
      date:
      - Wed, 31 Mar 2021 22:10:57 GMT
      etag:
      - '"0x8D8F491DCB2175C"'
      last-modified:
      - Wed, 31 Mar 2021 22:10:58 GMT
      server:
      - Windows-Azure-Blob/1.0 Microsoft-HTTPAPI/2.0
      x-ms-content-crc64:
      - SqmNKeH10UQ=
      x-ms-request-server-encrypted:
      - 'true'
      x-ms-version:
      - '2020-06-12'
    status:
      code: 201
      message: Created
- request:
    body: null
    headers:
      Accept:
      - application/xml
      Accept-Encoding:
      - gzip, deflate
      Connection:
      - keep-alive
      Content-Length:
      - '0'
      User-Agent:
      - azsdk-python-storage-blob/12.8.0 Python/3.9.0 (Windows-10-10.0.19041-SP0)
      x-ms-date:
      - Wed, 31 Mar 2021 22:10:58 GMT
      x-ms-version:
      - '2020-06-12'
    method: PUT
    uri: https://redacted.blob.core.windows.net/targetc272da10-1cfa-4c74-9d56-cce01fe8de4e?restype=container
  response:
    body:
      string: ''
    headers:
      content-length:
      - '0'
      date:
      - Wed, 31 Mar 2021 22:10:58 GMT
      etag:
      - '"0x8D8F491DD499F5C"'
      last-modified:
      - Wed, 31 Mar 2021 22:10:59 GMT
      server:
      - Windows-Azure-Blob/1.0 Microsoft-HTTPAPI/2.0
      x-ms-version:
      - '2020-06-12'
    status:
      code: 201
      message: Created
- request:
    body: '{"inputs": [{"source": {"sourceUrl": "https://redacted.blob.core.windows.net/srcb9ad4c44-ed98-474f-a3a6-28e95636b66f?se=end&sp=rl&sv=2020-06-12&sr=c&sig=fake_token_value",
      "filter": {}}, "targets": [{"targetUrl": "https://redacted.blob.core.windows.net/targetc272da10-1cfa-4c74-9d56-cce01fe8de4e?se=end&sp=racwdl&sv=2020-06-12&sr=c&sig=fake_token_value",
      "language": "es"}]}]}'
    headers:
      Accept:
      - application/json
      Content-Length:
      - '490'
      Content-Type:
      - application/json
      User-Agent:
      - azsdk-python-ai-translatortext/1.0.0b1 Python/3.9.0 (Windows-10-10.0.19041-SP0)
    method: POST
    uri: https://redacted.cognitiveservices.azure.com/translator/text/batch/v1.0-preview.1/batches
  response:
    body:
      string: ''
    headers:
      apim-request-id: 571c6dca-770c-4f6a-8faf-69df68c98edf
      content-length: '0'
      date: Wed, 31 Mar 2021 22:10:58 GMT
      operation-location: https://redacted.cognitiveservices.azure.com/translatortext/batch/v1.0-preview.1/batches/edbd992e-06c5-4cb5-bdcd-4e686480f561
      set-cookie: ARRAffinitySameSite=36da0e643e19b219e9cc242244bbb17606f2f9cdc98871c377756b22cded58cb;Path=/;HttpOnly;SameSite=None;Secure;Domain=doctrans.northeu.microsofttranslator.com
      strict-transport-security: max-age=31536000; includeSubDomains; preload
      x-content-type-options: nosniff
      x-powered-by: ASP.NET
      x-requestid: 571c6dca-770c-4f6a-8faf-69df68c98edf
    status:
      code: 202
      message: Accepted
    url: https://redacted.cognitiveservices.azure.com/translatortext/batch/v1.0-preview.1/batches
- request:
    body: null
    headers:
      Accept:
      - application/json
      User-Agent:
      - azsdk-python-ai-translatortext/1.0.0b1 Python/3.9.0 (Windows-10-10.0.19041-SP0)
    method: GET
    uri: https://redacted.cognitiveservices.azure.com/translator/text/batch/v1.0-preview.1/batches/edbd992e-06c5-4cb5-bdcd-4e686480f561
  response:
    body:
      string: '{"id":"edbd992e-06c5-4cb5-bdcd-4e686480f561","createdDateTimeUtc":"2021-03-31T22:10:59.8096888Z","lastActionDateTimeUtc":"2021-03-31T22:10:59.8096894Z","status":"NotStarted","summary":{"total":0,"failed":0,"success":0,"inProgress":0,"notYetStarted":0,"cancelled":0,"totalCharacterCharged":0}}'
    headers:
      apim-request-id: e45a112b-60a1-4868-bacd-8e64539fef6c
      cache-control: public,max-age=1
      content-encoding: gzip
      content-type: application/json; charset=utf-8
      date: Wed, 31 Mar 2021 22:10:59 GMT
      etag: '"61B443C2C5490330B2873CA819EDBDFE54BBFF750B6863C21F808D48BA5C33B1"'
      set-cookie: ARRAffinitySameSite=52534756bc24481c0848ee2def3c54a057fd0e51707d9dcf782aa603bbaa9f24;Path=/;HttpOnly;SameSite=None;Secure;Domain=doctrans.northeu.microsofttranslator.com
      strict-transport-security: max-age=31536000; includeSubDomains; preload
      transfer-encoding: chunked
      vary: Accept-Encoding
      x-content-type-options: nosniff
      x-powered-by: ASP.NET
      x-requestid: e45a112b-60a1-4868-bacd-8e64539fef6c
    status:
      code: 200
      message: OK
    url: https://redacted.cognitiveservices.azure.com/translatortext/batch/v1.0-preview.1/batches/edbd992e-06c5-4cb5-bdcd-4e686480f561
- request:
    body: null
    headers:
      Accept:
      - application/json
      User-Agent:
      - azsdk-python-ai-translatortext/1.0.0b1 Python/3.9.0 (Windows-10-10.0.19041-SP0)
    method: GET
    uri: https://redacted.cognitiveservices.azure.com/translator/text/batch/v1.0-preview.1/batches/edbd992e-06c5-4cb5-bdcd-4e686480f561
  response:
    body:
      string: '{"id":"edbd992e-06c5-4cb5-bdcd-4e686480f561","createdDateTimeUtc":"2021-03-31T22:10:59.8096888Z","lastActionDateTimeUtc":"2021-03-31T22:10:59.8096894Z","status":"NotStarted","summary":{"total":0,"failed":0,"success":0,"inProgress":0,"notYetStarted":0,"cancelled":0,"totalCharacterCharged":0}}'
    headers:
      apim-request-id: 588093ff-bfdb-4f6d-bb17-19fb7e2f270e
      cache-control: public,max-age=1
      content-encoding: gzip
      content-type: application/json; charset=utf-8
      date: Wed, 31 Mar 2021 22:10:59 GMT
      etag: '"61B443C2C5490330B2873CA819EDBDFE54BBFF750B6863C21F808D48BA5C33B1"'
      set-cookie: ARRAffinitySameSite=36da0e643e19b219e9cc242244bbb17606f2f9cdc98871c377756b22cded58cb;Path=/;HttpOnly;SameSite=None;Secure;Domain=doctrans.northeu.microsofttranslator.com
      strict-transport-security: max-age=31536000; includeSubDomains; preload
      transfer-encoding: chunked
      vary: Accept-Encoding
      x-content-type-options: nosniff
      x-powered-by: ASP.NET
      x-requestid: 588093ff-bfdb-4f6d-bb17-19fb7e2f270e
    status:
      code: 200
      message: OK
    url: https://redacted.cognitiveservices.azure.com/translatortext/batch/v1.0-preview.1/batches/edbd992e-06c5-4cb5-bdcd-4e686480f561
- request:
    body: null
    headers:
      User-Agent:
      - azsdk-python-ai-translatortext/1.0.0b1 Python/3.9.0 (Windows-10-10.0.19041-SP0)
    method: GET
    uri: https://redacted.cognitiveservices.azure.com/translator/text/batch/v1.0-preview.1/batches/edbd992e-06c5-4cb5-bdcd-4e686480f561
  response:
    body:
      string: '{"id":"edbd992e-06c5-4cb5-bdcd-4e686480f561","createdDateTimeUtc":"2021-03-31T22:10:59.8096888Z","lastActionDateTimeUtc":"2021-03-31T22:10:59.8096894Z","status":"NotStarted","summary":{"total":0,"failed":0,"success":0,"inProgress":0,"notYetStarted":0,"cancelled":0,"totalCharacterCharged":0}}'
    headers:
      apim-request-id: 749bbc4b-5386-49ca-ad31-0327775d0bdb
      cache-control: public,max-age=1
      content-encoding: gzip
      content-type: application/json; charset=utf-8
      date: Wed, 31 Mar 2021 22:11:01 GMT
      etag: '"61B443C2C5490330B2873CA819EDBDFE54BBFF750B6863C21F808D48BA5C33B1"'
      set-cookie: ARRAffinitySameSite=52534756bc24481c0848ee2def3c54a057fd0e51707d9dcf782aa603bbaa9f24;Path=/;HttpOnly;SameSite=None;Secure;Domain=doctrans.northeu.microsofttranslator.com
      strict-transport-security: max-age=31536000; includeSubDomains; preload
      transfer-encoding: chunked
      vary: Accept-Encoding
      x-content-type-options: nosniff
      x-powered-by: ASP.NET
      x-requestid: 749bbc4b-5386-49ca-ad31-0327775d0bdb
    status:
      code: 200
      message: OK
    url: https://redacted.cognitiveservices.azure.com/translatortext/batch/v1.0-preview.1/batches/edbd992e-06c5-4cb5-bdcd-4e686480f561
- request:
    body: null
    headers:
      User-Agent:
      - azsdk-python-ai-translatortext/1.0.0b1 Python/3.9.0 (Windows-10-10.0.19041-SP0)
    method: GET
    uri: https://redacted.cognitiveservices.azure.com/translator/text/batch/v1.0-preview.1/batches/edbd992e-06c5-4cb5-bdcd-4e686480f561
  response:
    body:
      string: '{"id":"edbd992e-06c5-4cb5-bdcd-4e686480f561","createdDateTimeUtc":"2021-03-31T22:10:59.8096888Z","lastActionDateTimeUtc":"2021-03-31T22:11:01.2447627Z","status":"NotStarted","summary":{"total":1,"failed":0,"success":0,"inProgress":0,"notYetStarted":1,"cancelled":0,"totalCharacterCharged":0}}'
    headers:
      apim-request-id: 81de1f11-4880-4e27-a999-852899d7e2ef
      cache-control: public,max-age=1
      content-encoding: gzip
      content-type: application/json; charset=utf-8
      date: Wed, 31 Mar 2021 22:11:02 GMT
      etag: '"23C8911E9C416E6DD9F0E2196BF3644B55C6FCB48D5F0C5FC47D06C54B514C50"'
      set-cookie: ARRAffinitySameSite=36da0e643e19b219e9cc242244bbb17606f2f9cdc98871c377756b22cded58cb;Path=/;HttpOnly;SameSite=None;Secure;Domain=doctrans.northeu.microsofttranslator.com
      strict-transport-security: max-age=31536000; includeSubDomains; preload
      transfer-encoding: chunked
      vary: Accept-Encoding
      x-content-type-options: nosniff
      x-powered-by: ASP.NET
      x-requestid: 81de1f11-4880-4e27-a999-852899d7e2ef
    status:
      code: 200
      message: OK
    url: https://redacted.cognitiveservices.azure.com/translatortext/batch/v1.0-preview.1/batches/edbd992e-06c5-4cb5-bdcd-4e686480f561
- request:
    body: null
    headers:
      User-Agent:
      - azsdk-python-ai-translatortext/1.0.0b1 Python/3.9.0 (Windows-10-10.0.19041-SP0)
    method: GET
    uri: https://redacted.cognitiveservices.azure.com/translator/text/batch/v1.0-preview.1/batches/edbd992e-06c5-4cb5-bdcd-4e686480f561
  response:
    body:
      string: '{"id":"edbd992e-06c5-4cb5-bdcd-4e686480f561","createdDateTimeUtc":"2021-03-31T22:10:59.8096888Z","lastActionDateTimeUtc":"2021-03-31T22:11:01.2447627Z","status":"NotStarted","summary":{"total":1,"failed":0,"success":0,"inProgress":0,"notYetStarted":1,"cancelled":0,"totalCharacterCharged":0}}'
    headers:
      apim-request-id: 127b3d38-f08b-4a14-8d32-e4d6db1b9d1c
      cache-control: public,max-age=1
      content-encoding: gzip
      content-type: application/json; charset=utf-8
      date: Wed, 31 Mar 2021 22:11:03 GMT
      etag: '"23C8911E9C416E6DD9F0E2196BF3644B55C6FCB48D5F0C5FC47D06C54B514C50"'
      set-cookie: ARRAffinitySameSite=52534756bc24481c0848ee2def3c54a057fd0e51707d9dcf782aa603bbaa9f24;Path=/;HttpOnly;SameSite=None;Secure;Domain=doctrans.northeu.microsofttranslator.com
      strict-transport-security: max-age=31536000; includeSubDomains; preload
      transfer-encoding: chunked
      vary: Accept-Encoding
      x-content-type-options: nosniff
      x-powered-by: ASP.NET
      x-requestid: 127b3d38-f08b-4a14-8d32-e4d6db1b9d1c
    status:
      code: 200
      message: OK
    url: https://redacted.cognitiveservices.azure.com/translatortext/batch/v1.0-preview.1/batches/edbd992e-06c5-4cb5-bdcd-4e686480f561
- request:
    body: null
    headers:
      User-Agent:
      - azsdk-python-ai-translatortext/1.0.0b1 Python/3.9.0 (Windows-10-10.0.19041-SP0)
    method: GET
    uri: https://redacted.cognitiveservices.azure.com/translator/text/batch/v1.0-preview.1/batches/edbd992e-06c5-4cb5-bdcd-4e686480f561
  response:
    body:
      string: '{"id":"edbd992e-06c5-4cb5-bdcd-4e686480f561","createdDateTimeUtc":"2021-03-31T22:10:59.8096888Z","lastActionDateTimeUtc":"2021-03-31T22:11:01.2447627Z","status":"NotStarted","summary":{"total":1,"failed":0,"success":0,"inProgress":0,"notYetStarted":1,"cancelled":0,"totalCharacterCharged":0}}'
    headers:
      apim-request-id: 6914c7c5-be1d-4b52-822c-3d5821278528
      cache-control: public,max-age=1
      content-encoding: gzip
      content-type: application/json; charset=utf-8
      date: Wed, 31 Mar 2021 22:11:04 GMT
      etag: '"23C8911E9C416E6DD9F0E2196BF3644B55C6FCB48D5F0C5FC47D06C54B514C50"'
      set-cookie: ARRAffinitySameSite=36da0e643e19b219e9cc242244bbb17606f2f9cdc98871c377756b22cded58cb;Path=/;HttpOnly;SameSite=None;Secure;Domain=doctrans.northeu.microsofttranslator.com
      strict-transport-security: max-age=31536000; includeSubDomains; preload
      transfer-encoding: chunked
      vary: Accept-Encoding
      x-content-type-options: nosniff
      x-powered-by: ASP.NET
      x-requestid: 6914c7c5-be1d-4b52-822c-3d5821278528
    status:
      code: 200
      message: OK
    url: https://redacted.cognitiveservices.azure.com/translatortext/batch/v1.0-preview.1/batches/edbd992e-06c5-4cb5-bdcd-4e686480f561
- request:
    body: null
    headers:
      User-Agent:
      - azsdk-python-ai-translatortext/1.0.0b1 Python/3.9.0 (Windows-10-10.0.19041-SP0)
    method: GET
    uri: https://redacted.cognitiveservices.azure.com/translator/text/batch/v1.0-preview.1/batches/edbd992e-06c5-4cb5-bdcd-4e686480f561
  response:
    body:
      string: '{"id":"edbd992e-06c5-4cb5-bdcd-4e686480f561","createdDateTimeUtc":"2021-03-31T22:10:59.8096888Z","lastActionDateTimeUtc":"2021-03-31T22:11:01.2447627Z","status":"NotStarted","summary":{"total":1,"failed":0,"success":0,"inProgress":0,"notYetStarted":1,"cancelled":0,"totalCharacterCharged":0}}'
    headers:
      apim-request-id: 412752c1-4ba0-49e3-b4e0-41a312174be2
      cache-control: public,max-age=1
      content-encoding: gzip
      content-type: application/json; charset=utf-8
      date: Wed, 31 Mar 2021 22:11:05 GMT
      etag: '"23C8911E9C416E6DD9F0E2196BF3644B55C6FCB48D5F0C5FC47D06C54B514C50"'
      set-cookie: ARRAffinitySameSite=52534756bc24481c0848ee2def3c54a057fd0e51707d9dcf782aa603bbaa9f24;Path=/;HttpOnly;SameSite=None;Secure;Domain=doctrans.northeu.microsofttranslator.com
      strict-transport-security: max-age=31536000; includeSubDomains; preload
      transfer-encoding: chunked
      vary: Accept-Encoding
      x-content-type-options: nosniff
      x-powered-by: ASP.NET
      x-requestid: 412752c1-4ba0-49e3-b4e0-41a312174be2
    status:
      code: 200
      message: OK
    url: https://redacted.cognitiveservices.azure.com/translatortext/batch/v1.0-preview.1/batches/edbd992e-06c5-4cb5-bdcd-4e686480f561
- request:
    body: null
    headers:
      User-Agent:
      - azsdk-python-ai-translatortext/1.0.0b1 Python/3.9.0 (Windows-10-10.0.19041-SP0)
    method: GET
    uri: https://redacted.cognitiveservices.azure.com/translator/text/batch/v1.0-preview.1/batches/edbd992e-06c5-4cb5-bdcd-4e686480f561
  response:
    body:
      string: '{"id":"edbd992e-06c5-4cb5-bdcd-4e686480f561","createdDateTimeUtc":"2021-03-31T22:10:59.8096888Z","lastActionDateTimeUtc":"2021-03-31T22:11:01.2447627Z","status":"NotStarted","summary":{"total":1,"failed":0,"success":0,"inProgress":0,"notYetStarted":1,"cancelled":0,"totalCharacterCharged":0}}'
    headers:
      apim-request-id: d0852c7c-c832-4ef5-afd0-cd58c78cbd38
      cache-control: public,max-age=1
      content-encoding: gzip
      content-type: application/json; charset=utf-8
      date: Wed, 31 Mar 2021 22:11:07 GMT
      etag: '"23C8911E9C416E6DD9F0E2196BF3644B55C6FCB48D5F0C5FC47D06C54B514C50"'
      set-cookie: ARRAffinitySameSite=36da0e643e19b219e9cc242244bbb17606f2f9cdc98871c377756b22cded58cb;Path=/;HttpOnly;SameSite=None;Secure;Domain=doctrans.northeu.microsofttranslator.com
      strict-transport-security: max-age=31536000; includeSubDomains; preload
      transfer-encoding: chunked
      vary: Accept-Encoding
      x-content-type-options: nosniff
      x-powered-by: ASP.NET
      x-requestid: d0852c7c-c832-4ef5-afd0-cd58c78cbd38
    status:
      code: 200
      message: OK
    url: https://redacted.cognitiveservices.azure.com/translatortext/batch/v1.0-preview.1/batches/edbd992e-06c5-4cb5-bdcd-4e686480f561
- request:
    body: null
    headers:
      User-Agent:
      - azsdk-python-ai-translatortext/1.0.0b1 Python/3.9.0 (Windows-10-10.0.19041-SP0)
    method: GET
    uri: https://redacted.cognitiveservices.azure.com/translator/text/batch/v1.0-preview.1/batches/edbd992e-06c5-4cb5-bdcd-4e686480f561
  response:
    body:
      string: '{"id":"edbd992e-06c5-4cb5-bdcd-4e686480f561","createdDateTimeUtc":"2021-03-31T22:10:59.8096888Z","lastActionDateTimeUtc":"2021-03-31T22:11:01.2447627Z","status":"NotStarted","summary":{"total":1,"failed":0,"success":0,"inProgress":0,"notYetStarted":1,"cancelled":0,"totalCharacterCharged":0}}'
    headers:
      apim-request-id: 986e3bde-3f9a-48cd-98e2-98cd5a4c6058
      cache-control: public,max-age=1
      content-encoding: gzip
      content-type: application/json; charset=utf-8
      date: Wed, 31 Mar 2021 22:11:08 GMT
      etag: '"23C8911E9C416E6DD9F0E2196BF3644B55C6FCB48D5F0C5FC47D06C54B514C50"'
      set-cookie: ARRAffinitySameSite=52534756bc24481c0848ee2def3c54a057fd0e51707d9dcf782aa603bbaa9f24;Path=/;HttpOnly;SameSite=None;Secure;Domain=doctrans.northeu.microsofttranslator.com
      strict-transport-security: max-age=31536000; includeSubDomains; preload
      transfer-encoding: chunked
      vary: Accept-Encoding
      x-content-type-options: nosniff
      x-powered-by: ASP.NET
      x-requestid: 986e3bde-3f9a-48cd-98e2-98cd5a4c6058
    status:
      code: 200
      message: OK
    url: https://redacted.cognitiveservices.azure.com/translatortext/batch/v1.0-preview.1/batches/edbd992e-06c5-4cb5-bdcd-4e686480f561
- request:
    body: null
    headers:
      User-Agent:
      - azsdk-python-ai-translatortext/1.0.0b1 Python/3.9.0 (Windows-10-10.0.19041-SP0)
    method: GET
    uri: https://redacted.cognitiveservices.azure.com/translator/text/batch/v1.0-preview.1/batches/edbd992e-06c5-4cb5-bdcd-4e686480f561
  response:
    body:
      string: '{"id":"edbd992e-06c5-4cb5-bdcd-4e686480f561","createdDateTimeUtc":"2021-03-31T22:10:59.8096888Z","lastActionDateTimeUtc":"2021-03-31T22:11:01.2447627Z","status":"NotStarted","summary":{"total":1,"failed":0,"success":0,"inProgress":0,"notYetStarted":1,"cancelled":0,"totalCharacterCharged":0}}'
    headers:
      apim-request-id: 22773eb8-d9df-4836-a278-ef213e72f7fc
      cache-control: public,max-age=1
      content-encoding: gzip
      content-type: application/json; charset=utf-8
      date: Wed, 31 Mar 2021 22:11:09 GMT
      etag: '"23C8911E9C416E6DD9F0E2196BF3644B55C6FCB48D5F0C5FC47D06C54B514C50"'
      set-cookie: ARRAffinitySameSite=36da0e643e19b219e9cc242244bbb17606f2f9cdc98871c377756b22cded58cb;Path=/;HttpOnly;SameSite=None;Secure;Domain=doctrans.northeu.microsofttranslator.com
      strict-transport-security: max-age=31536000; includeSubDomains; preload
      transfer-encoding: chunked
      vary: Accept-Encoding
      x-content-type-options: nosniff
      x-powered-by: ASP.NET
      x-requestid: 22773eb8-d9df-4836-a278-ef213e72f7fc
    status:
      code: 200
      message: OK
    url: https://redacted.cognitiveservices.azure.com/translatortext/batch/v1.0-preview.1/batches/edbd992e-06c5-4cb5-bdcd-4e686480f561
- request:
    body: null
    headers:
      User-Agent:
      - azsdk-python-ai-translatortext/1.0.0b1 Python/3.9.0 (Windows-10-10.0.19041-SP0)
    method: GET
    uri: https://redacted.cognitiveservices.azure.com/translator/text/batch/v1.0-preview.1/batches/edbd992e-06c5-4cb5-bdcd-4e686480f561
  response:
    body:
      string: '{"id":"edbd992e-06c5-4cb5-bdcd-4e686480f561","createdDateTimeUtc":"2021-03-31T22:10:59.8096888Z","lastActionDateTimeUtc":"2021-03-31T22:11:10.0149726Z","status":"Running","summary":{"total":1,"failed":0,"success":0,"inProgress":1,"notYetStarted":0,"cancelled":0,"totalCharacterCharged":0}}'
    headers:
      apim-request-id: f7816365-3bec-4035-a508-4ed90523c66e
      cache-control: public,max-age=1
      content-encoding: gzip
      content-type: application/json; charset=utf-8
      date: Wed, 31 Mar 2021 22:11:10 GMT
      etag: '"3A5138BAD5E73C940799A5E0F04926EFC4032675551CCD6222186EA5D7397526"'
      set-cookie: ARRAffinitySameSite=52534756bc24481c0848ee2def3c54a057fd0e51707d9dcf782aa603bbaa9f24;Path=/;HttpOnly;SameSite=None;Secure;Domain=doctrans.northeu.microsofttranslator.com
      strict-transport-security: max-age=31536000; includeSubDomains; preload
      transfer-encoding: chunked
      vary: Accept-Encoding
      x-content-type-options: nosniff
      x-powered-by: ASP.NET
      x-requestid: f7816365-3bec-4035-a508-4ed90523c66e
    status:
      code: 200
      message: OK
    url: https://redacted.cognitiveservices.azure.com/translatortext/batch/v1.0-preview.1/batches/edbd992e-06c5-4cb5-bdcd-4e686480f561
- request:
    body: null
    headers:
      User-Agent:
      - azsdk-python-ai-translatortext/1.0.0b1 Python/3.9.0 (Windows-10-10.0.19041-SP0)
    method: GET
    uri: https://redacted.cognitiveservices.azure.com/translator/text/batch/v1.0-preview.1/batches/edbd992e-06c5-4cb5-bdcd-4e686480f561
  response:
    body:
      string: '{"id":"edbd992e-06c5-4cb5-bdcd-4e686480f561","createdDateTimeUtc":"2021-03-31T22:10:59.8096888Z","lastActionDateTimeUtc":"2021-03-31T22:11:10.0149726Z","status":"Running","summary":{"total":1,"failed":0,"success":0,"inProgress":1,"notYetStarted":0,"cancelled":0,"totalCharacterCharged":0}}'
    headers:
      apim-request-id: c1a060d7-7b28-4d5e-a79e-67624ec1ca10
      cache-control: public,max-age=1
      content-encoding: gzip
      content-type: application/json; charset=utf-8
      date: Wed, 31 Mar 2021 22:11:11 GMT
      etag: '"3A5138BAD5E73C940799A5E0F04926EFC4032675551CCD6222186EA5D7397526"'
      set-cookie: ARRAffinitySameSite=36da0e643e19b219e9cc242244bbb17606f2f9cdc98871c377756b22cded58cb;Path=/;HttpOnly;SameSite=None;Secure;Domain=doctrans.northeu.microsofttranslator.com
      strict-transport-security: max-age=31536000; includeSubDomains; preload
      transfer-encoding: chunked
      vary: Accept-Encoding
      x-content-type-options: nosniff
      x-powered-by: ASP.NET
      x-requestid: c1a060d7-7b28-4d5e-a79e-67624ec1ca10
    status:
      code: 200
      message: OK
    url: https://redacted.cognitiveservices.azure.com/translatortext/batch/v1.0-preview.1/batches/edbd992e-06c5-4cb5-bdcd-4e686480f561
- request:
    body: null
    headers:
      User-Agent:
      - azsdk-python-ai-translatortext/1.0.0b1 Python/3.9.0 (Windows-10-10.0.19041-SP0)
    method: GET
    uri: https://redacted.cognitiveservices.azure.com/translator/text/batch/v1.0-preview.1/batches/edbd992e-06c5-4cb5-bdcd-4e686480f561
  response:
    body:
      string: '{"id":"edbd992e-06c5-4cb5-bdcd-4e686480f561","createdDateTimeUtc":"2021-03-31T22:10:59.8096888Z","lastActionDateTimeUtc":"2021-03-31T22:11:10.0149726Z","status":"Running","summary":{"total":1,"failed":0,"success":0,"inProgress":1,"notYetStarted":0,"cancelled":0,"totalCharacterCharged":0}}'
    headers:
      apim-request-id: 354ba73b-9c66-40c4-ab8c-0c24c3b21704
      cache-control: public,max-age=1
      content-encoding: gzip
      content-type: application/json; charset=utf-8
      date: Wed, 31 Mar 2021 22:11:12 GMT
      etag: '"3A5138BAD5E73C940799A5E0F04926EFC4032675551CCD6222186EA5D7397526"'
      set-cookie: ARRAffinitySameSite=52534756bc24481c0848ee2def3c54a057fd0e51707d9dcf782aa603bbaa9f24;Path=/;HttpOnly;SameSite=None;Secure;Domain=doctrans.northeu.microsofttranslator.com
      strict-transport-security: max-age=31536000; includeSubDomains; preload
      transfer-encoding: chunked
      vary: Accept-Encoding
      x-content-type-options: nosniff
      x-powered-by: ASP.NET
      x-requestid: 354ba73b-9c66-40c4-ab8c-0c24c3b21704
    status:
      code: 200
      message: OK
    url: https://redacted.cognitiveservices.azure.com/translatortext/batch/v1.0-preview.1/batches/edbd992e-06c5-4cb5-bdcd-4e686480f561
- request:
    body: null
    headers:
      User-Agent:
      - azsdk-python-ai-translatortext/1.0.0b1 Python/3.9.0 (Windows-10-10.0.19041-SP0)
    method: GET
    uri: https://redacted.cognitiveservices.azure.com/translator/text/batch/v1.0-preview.1/batches/edbd992e-06c5-4cb5-bdcd-4e686480f561
  response:
    body:
      string: '{"id":"edbd992e-06c5-4cb5-bdcd-4e686480f561","createdDateTimeUtc":"2021-03-31T22:10:59.8096888Z","lastActionDateTimeUtc":"2021-03-31T22:11:10.0149726Z","status":"Running","summary":{"total":1,"failed":0,"success":0,"inProgress":1,"notYetStarted":0,"cancelled":0,"totalCharacterCharged":0}}'
    headers:
      apim-request-id: 7d92ebb5-6685-4949-9c93-cee4ef4751f8
      cache-control: public,max-age=1
      content-encoding: gzip
      content-type: application/json; charset=utf-8
      date: Wed, 31 Mar 2021 22:11:13 GMT
      etag: '"3A5138BAD5E73C940799A5E0F04926EFC4032675551CCD6222186EA5D7397526"'
      set-cookie: ARRAffinitySameSite=52534756bc24481c0848ee2def3c54a057fd0e51707d9dcf782aa603bbaa9f24;Path=/;HttpOnly;SameSite=None;Secure;Domain=doctrans.northeu.microsofttranslator.com
      strict-transport-security: max-age=31536000; includeSubDomains; preload
      transfer-encoding: chunked
      vary: Accept-Encoding
      x-content-type-options: nosniff
      x-powered-by: ASP.NET
      x-requestid: 7d92ebb5-6685-4949-9c93-cee4ef4751f8
    status:
      code: 200
      message: OK
    url: https://redacted.cognitiveservices.azure.com/translatortext/batch/v1.0-preview.1/batches/edbd992e-06c5-4cb5-bdcd-4e686480f561
- request:
    body: null
    headers:
      User-Agent:
      - azsdk-python-ai-translatortext/1.0.0b1 Python/3.9.0 (Windows-10-10.0.19041-SP0)
    method: GET
    uri: https://redacted.cognitiveservices.azure.com/translator/text/batch/v1.0-preview.1/batches/edbd992e-06c5-4cb5-bdcd-4e686480f561
  response:
    body:
      string: '{"id":"edbd992e-06c5-4cb5-bdcd-4e686480f561","createdDateTimeUtc":"2021-03-31T22:10:59.8096888Z","lastActionDateTimeUtc":"2021-03-31T22:11:10.0149726Z","status":"Running","summary":{"total":1,"failed":0,"success":0,"inProgress":1,"notYetStarted":0,"cancelled":0,"totalCharacterCharged":0}}'
    headers:
      apim-request-id: c2e43c98-6a87-4763-aca1-b3fbfa12f60b
      cache-control: public,max-age=1
      content-encoding: gzip
      content-type: application/json; charset=utf-8
      date: Wed, 31 Mar 2021 22:11:15 GMT
      etag: '"3A5138BAD5E73C940799A5E0F04926EFC4032675551CCD6222186EA5D7397526"'
      set-cookie: ARRAffinitySameSite=36da0e643e19b219e9cc242244bbb17606f2f9cdc98871c377756b22cded58cb;Path=/;HttpOnly;SameSite=None;Secure;Domain=doctrans.northeu.microsofttranslator.com
      strict-transport-security: max-age=31536000; includeSubDomains; preload
      transfer-encoding: chunked
      vary: Accept-Encoding
      x-content-type-options: nosniff
      x-powered-by: ASP.NET
      x-requestid: c2e43c98-6a87-4763-aca1-b3fbfa12f60b
    status:
      code: 200
      message: OK
    url: https://redacted.cognitiveservices.azure.com/translatortext/batch/v1.0-preview.1/batches/edbd992e-06c5-4cb5-bdcd-4e686480f561
- request:
    body: null
    headers:
      User-Agent:
      - azsdk-python-ai-translatortext/1.0.0b1 Python/3.9.0 (Windows-10-10.0.19041-SP0)
    method: GET
    uri: https://redacted.cognitiveservices.azure.com/translator/text/batch/v1.0-preview.1/batches/edbd992e-06c5-4cb5-bdcd-4e686480f561
  response:
    body:
      string: '{"id":"edbd992e-06c5-4cb5-bdcd-4e686480f561","createdDateTimeUtc":"2021-03-31T22:10:59.8096888Z","lastActionDateTimeUtc":"2021-03-31T22:11:10.0149726Z","status":"Running","summary":{"total":1,"failed":0,"success":0,"inProgress":1,"notYetStarted":0,"cancelled":0,"totalCharacterCharged":0}}'
    headers:
      apim-request-id: 0449f168-99c9-4475-9770-aee87546ebff
      cache-control: public,max-age=1
      content-encoding: gzip
      content-type: application/json; charset=utf-8
      date: Wed, 31 Mar 2021 22:11:16 GMT
      etag: '"3A5138BAD5E73C940799A5E0F04926EFC4032675551CCD6222186EA5D7397526"'
      set-cookie: ARRAffinitySameSite=52534756bc24481c0848ee2def3c54a057fd0e51707d9dcf782aa603bbaa9f24;Path=/;HttpOnly;SameSite=None;Secure;Domain=doctrans.northeu.microsofttranslator.com
      strict-transport-security: max-age=31536000; includeSubDomains; preload
      transfer-encoding: chunked
      vary: Accept-Encoding
      x-content-type-options: nosniff
      x-powered-by: ASP.NET
      x-requestid: 0449f168-99c9-4475-9770-aee87546ebff
    status:
      code: 200
      message: OK
    url: https://redacted.cognitiveservices.azure.com/translatortext/batch/v1.0-preview.1/batches/edbd992e-06c5-4cb5-bdcd-4e686480f561
- request:
    body: null
    headers:
      User-Agent:
      - azsdk-python-ai-translatortext/1.0.0b1 Python/3.9.0 (Windows-10-10.0.19041-SP0)
    method: GET
    uri: https://redacted.cognitiveservices.azure.com/translator/text/batch/v1.0-preview.1/batches/edbd992e-06c5-4cb5-bdcd-4e686480f561
  response:
    body:
      string: '{"id":"edbd992e-06c5-4cb5-bdcd-4e686480f561","createdDateTimeUtc":"2021-03-31T22:10:59.8096888Z","lastActionDateTimeUtc":"2021-03-31T22:11:10.0149726Z","status":"Running","summary":{"total":1,"failed":0,"success":0,"inProgress":1,"notYetStarted":0,"cancelled":0,"totalCharacterCharged":0}}'
    headers:
      apim-request-id: 3c7607b2-34e7-4e85-94d2-79e7bfab5a81
      cache-control: public,max-age=1
      content-encoding: gzip
      content-type: application/json; charset=utf-8
      date: Wed, 31 Mar 2021 22:11:17 GMT
      etag: '"3A5138BAD5E73C940799A5E0F04926EFC4032675551CCD6222186EA5D7397526"'
      set-cookie: ARRAffinitySameSite=36da0e643e19b219e9cc242244bbb17606f2f9cdc98871c377756b22cded58cb;Path=/;HttpOnly;SameSite=None;Secure;Domain=doctrans.northeu.microsofttranslator.com
      strict-transport-security: max-age=31536000; includeSubDomains; preload
      transfer-encoding: chunked
      vary: Accept-Encoding
      x-content-type-options: nosniff
      x-powered-by: ASP.NET
      x-requestid: 3c7607b2-34e7-4e85-94d2-79e7bfab5a81
    status:
      code: 200
      message: OK
    url: https://redacted.cognitiveservices.azure.com/translatortext/batch/v1.0-preview.1/batches/edbd992e-06c5-4cb5-bdcd-4e686480f561
- request:
    body: null
    headers:
      User-Agent:
      - azsdk-python-ai-translatortext/1.0.0b1 Python/3.9.0 (Windows-10-10.0.19041-SP0)
    method: GET
    uri: https://redacted.cognitiveservices.azure.com/translator/text/batch/v1.0-preview.1/batches/edbd992e-06c5-4cb5-bdcd-4e686480f561
  response:
    body:
      string: '{"id":"edbd992e-06c5-4cb5-bdcd-4e686480f561","createdDateTimeUtc":"2021-03-31T22:10:59.8096888Z","lastActionDateTimeUtc":"2021-03-31T22:11:10.0149726Z","status":"Running","summary":{"total":1,"failed":0,"success":0,"inProgress":1,"notYetStarted":0,"cancelled":0,"totalCharacterCharged":0}}'
    headers:
      apim-request-id: a3ad081c-f393-4eb4-91bb-0d1f944edc69
      cache-control: public,max-age=1
      content-encoding: gzip
      content-type: application/json; charset=utf-8
      date: Wed, 31 Mar 2021 22:11:18 GMT
      etag: '"3A5138BAD5E73C940799A5E0F04926EFC4032675551CCD6222186EA5D7397526"'
      set-cookie: ARRAffinitySameSite=52534756bc24481c0848ee2def3c54a057fd0e51707d9dcf782aa603bbaa9f24;Path=/;HttpOnly;SameSite=None;Secure;Domain=doctrans.northeu.microsofttranslator.com
      strict-transport-security: max-age=31536000; includeSubDomains; preload
      transfer-encoding: chunked
      vary: Accept-Encoding
      x-content-type-options: nosniff
      x-powered-by: ASP.NET
      x-requestid: a3ad081c-f393-4eb4-91bb-0d1f944edc69
    status:
      code: 200
      message: OK
    url: https://redacted.cognitiveservices.azure.com/translatortext/batch/v1.0-preview.1/batches/edbd992e-06c5-4cb5-bdcd-4e686480f561
- request:
    body: null
    headers:
      User-Agent:
      - azsdk-python-ai-translatortext/1.0.0b1 Python/3.9.0 (Windows-10-10.0.19041-SP0)
    method: GET
    uri: https://redacted.cognitiveservices.azure.com/translator/text/batch/v1.0-preview.1/batches/edbd992e-06c5-4cb5-bdcd-4e686480f561
  response:
    body:
      string: '{"id":"edbd992e-06c5-4cb5-bdcd-4e686480f561","createdDateTimeUtc":"2021-03-31T22:10:59.8096888Z","lastActionDateTimeUtc":"2021-03-31T22:11:10.0149726Z","status":"Running","summary":{"total":1,"failed":0,"success":0,"inProgress":1,"notYetStarted":0,"cancelled":0,"totalCharacterCharged":0}}'
    headers:
      apim-request-id: 6c4369d6-b1c7-49fb-8fea-c88f151e2591
      cache-control: public,max-age=1
      content-encoding: gzip
      content-type: application/json; charset=utf-8
      date: Wed, 31 Mar 2021 22:11:19 GMT
      etag: '"3A5138BAD5E73C940799A5E0F04926EFC4032675551CCD6222186EA5D7397526"'
      set-cookie: ARRAffinitySameSite=36da0e643e19b219e9cc242244bbb17606f2f9cdc98871c377756b22cded58cb;Path=/;HttpOnly;SameSite=None;Secure;Domain=doctrans.northeu.microsofttranslator.com
      strict-transport-security: max-age=31536000; includeSubDomains; preload
      transfer-encoding: chunked
      vary: Accept-Encoding
      x-content-type-options: nosniff
      x-powered-by: ASP.NET
      x-requestid: 6c4369d6-b1c7-49fb-8fea-c88f151e2591
    status:
      code: 200
      message: OK
    url: https://redacted.cognitiveservices.azure.com/translatortext/batch/v1.0-preview.1/batches/edbd992e-06c5-4cb5-bdcd-4e686480f561
- request:
    body: null
    headers:
      User-Agent:
      - azsdk-python-ai-translatortext/1.0.0b1 Python/3.9.0 (Windows-10-10.0.19041-SP0)
    method: GET
    uri: https://redacted.cognitiveservices.azure.com/translator/text/batch/v1.0-preview.1/batches/edbd992e-06c5-4cb5-bdcd-4e686480f561
  response:
    body:
      string: '{"id":"edbd992e-06c5-4cb5-bdcd-4e686480f561","createdDateTimeUtc":"2021-03-31T22:10:59.8096888Z","lastActionDateTimeUtc":"2021-03-31T22:11:10.0149726Z","status":"Running","summary":{"total":1,"failed":0,"success":0,"inProgress":1,"notYetStarted":0,"cancelled":0,"totalCharacterCharged":0}}'
    headers:
      apim-request-id: 1e34b1d4-1021-4896-8050-d442b5060881
      cache-control: public,max-age=1
      content-encoding: gzip
      content-type: application/json; charset=utf-8
      date: Wed, 31 Mar 2021 22:11:20 GMT
      etag: '"3A5138BAD5E73C940799A5E0F04926EFC4032675551CCD6222186EA5D7397526"'
      set-cookie: ARRAffinitySameSite=52534756bc24481c0848ee2def3c54a057fd0e51707d9dcf782aa603bbaa9f24;Path=/;HttpOnly;SameSite=None;Secure;Domain=doctrans.northeu.microsofttranslator.com
      strict-transport-security: max-age=31536000; includeSubDomains; preload
      transfer-encoding: chunked
      vary: Accept-Encoding
      x-content-type-options: nosniff
      x-powered-by: ASP.NET
      x-requestid: 1e34b1d4-1021-4896-8050-d442b5060881
    status:
      code: 200
      message: OK
    url: https://redacted.cognitiveservices.azure.com/translatortext/batch/v1.0-preview.1/batches/edbd992e-06c5-4cb5-bdcd-4e686480f561
- request:
    body: null
    headers:
      User-Agent:
      - azsdk-python-ai-translatortext/1.0.0b1 Python/3.9.0 (Windows-10-10.0.19041-SP0)
    method: GET
    uri: https://redacted.cognitiveservices.azure.com/translator/text/batch/v1.0-preview.1/batches/edbd992e-06c5-4cb5-bdcd-4e686480f561
  response:
    body:
      string: '{"id":"edbd992e-06c5-4cb5-bdcd-4e686480f561","createdDateTimeUtc":"2021-03-31T22:10:59.8096888Z","lastActionDateTimeUtc":"2021-03-31T22:11:22.2653317Z","status":"Succeeded","summary":{"total":1,"failed":0,"success":1,"inProgress":0,"notYetStarted":0,"cancelled":0,"totalCharacterCharged":17}}'
    headers:
      apim-request-id: a78395f1-4d77-471c-9929-4b200464444d
      cache-control: public,max-age=1
      content-encoding: gzip
      content-type: application/json; charset=utf-8
      date: Wed, 31 Mar 2021 22:11:21 GMT
      etag: '"16112D2C035758B181C7442DE3A77580BE659A62021CAA12C3FEAF9D20A71304"'
      set-cookie: ARRAffinitySameSite=36da0e643e19b219e9cc242244bbb17606f2f9cdc98871c377756b22cded58cb;Path=/;HttpOnly;SameSite=None;Secure;Domain=doctrans.northeu.microsofttranslator.com
      strict-transport-security: max-age=31536000; includeSubDomains; preload
      transfer-encoding: chunked
      vary: Accept-Encoding
      x-content-type-options: nosniff
      x-powered-by: ASP.NET
      x-requestid: a78395f1-4d77-471c-9929-4b200464444d
    status:
      code: 200
      message: OK
    url: https://redacted.cognitiveservices.azure.com/translatortext/batch/v1.0-preview.1/batches/edbd992e-06c5-4cb5-bdcd-4e686480f561
- request:
    body: null
    headers:
      Accept:
      - application/json
      User-Agent:
      - azsdk-python-ai-translatortext/1.0.0b1 Python/3.9.0 (Windows-10-10.0.19041-SP0)
    method: GET
    uri: https://redacted.cognitiveservices.azure.com/translator/text/batch/v1.0-preview.1/batches/edbd992e-06c5-4cb5-bdcd-4e686480f561/documents?$skip=0&$maxpagesize=50
  response:
    body:
      string: '{"value":[{"path":"https://redacted.blob.core.windows.net/targetc272da10-1cfa-4c74-9d56-cce01fe8de4e/c3eb2cd2-81ad-4aae-ac2b-96958b8bf1c9.txt","sourcePath":"https://redacted.blob.core.windows.net/srcb9ad4c44-ed98-474f-a3a6-28e95636b66f/c3eb2cd2-81ad-4aae-ac2b-96958b8bf1c9.txt","createdDateTimeUtc":"2021-03-31T22:11:10.0062814Z","lastActionDateTimeUtc":"2021-03-31T22:11:22.2083125Z","status":"Succeeded","to":"es","progress":1,"id":"000008c1-0000-0000-0000-000000000000","characterCharged":17}]}'
    headers:
      apim-request-id: b022c0f9-3c63-4364-8ab4-db48d19c623d
      cache-control: public,max-age=1
      content-encoding: gzip
      content-type: application/json; charset=utf-8
      date: Wed, 31 Mar 2021 22:11:22 GMT
      etag: '"F0823C304C8705A5C745F753139A998BC6BB17028532822713A42ECBAFB655FB"'
      set-cookie: ARRAffinitySameSite=52534756bc24481c0848ee2def3c54a057fd0e51707d9dcf782aa603bbaa9f24;Path=/;HttpOnly;SameSite=None;Secure;Domain=doctrans.northeu.microsofttranslator.com
      strict-transport-security: max-age=31536000; includeSubDomains; preload
      transfer-encoding: chunked
      vary: Accept-Encoding
      x-content-type-options: nosniff
      x-powered-by: ASP.NET
      x-requestid: b022c0f9-3c63-4364-8ab4-db48d19c623d
    status:
      code: 200
      message: OK
    url: https://redacted.cognitiveservices.azure.com/translatortext/batch/v1.0-preview.1/batches/edbd992e-06c5-4cb5-bdcd-4e686480f561/documents?$skip=0&$maxpagesize=50
version: 1
