{
  "Entries": [
    {
      "RequestUri": "https://management.azure.com/subscriptions/00000000-0000-0000-0000-000000000/resourceGroups/00000/providers/Microsoft.MachineLearningServices/workspaces/00000/codes/000000000000000000000/versions?api-version=2023-04-01\u0026hash=ef7b37625cc5eb82746025490239abe320d0ab62c64b74bf7d8f668890c85392\u0026hashVersion=202208",
      "RequestMethod": "GET",
      "RequestHeaders": {
        "Accept": "application/json",
        "Accept-Encoding": "gzip, deflate",
        "Connection": "keep-alive",
        "User-Agent": "azure-ai-ml/1.7.0 azsdk-python-mgmt-machinelearningservices/0.1.0 Python/3.10.9 (Windows-10-10.0.22621-SP0)"
      },
      "RequestBody": null,
      "StatusCode": 200,
      "ResponseHeaders": {
        "Cache-Control": "no-cache",
        "Content-Encoding": "gzip",
        "Content-Type": "application/json; charset=utf-8",
        "Date": "Thu, 11 May 2023 16:41:10 GMT",
        "Expires": "-1",
        "Pragma": "no-cache",
        "Request-Context": "appId=cid-v1:2d2e8e63-272e-4b3c-8598-4ee570a0e70d",
        "Server-Timing": "traceparent;desc=\u002200-f8a4982231c8570297fad7d0a8f80404-9645ccb72f73838d-01\u0022",
        "Strict-Transport-Security": "max-age=31536000; includeSubDomains",
        "Transfer-Encoding": "chunked",
        "Vary": [
          "Accept-Encoding",
          "Accept-Encoding"
        ],
        "x-aml-cluster": "vienna-westus-01",
        "X-Content-Type-Options": "nosniff",
        "x-ms-correlation-request-id": "4fd35c70-174d-4ff5-be0a-0bd03dad35a4",
        "x-ms-ratelimit-remaining-subscription-reads": "11982",
        "x-ms-response-type": "standard",
        "x-ms-routing-request-id": "WESTUS2:20230511T164111Z:4fd35c70-174d-4ff5-be0a-0bd03dad35a4",
        "x-request-time": "0.845"
      },
      "ResponseBody": {
        "value": [
          {
            "id": "/subscriptions/00000000-0000-0000-0000-000000000/resourceGroups/00000/providers/Microsoft.MachineLearningServices/workspaces/00000/codes/b3514ac7-8b72-4111-a015-4054c80a0526/versions/1",
            "name": "1",
            "type": "Microsoft.MachineLearningServices/workspaces/codes/versions",
            "properties": {
              "description": null,
              "tags": {},
              "properties": {
                "hash_sha256": "ef7b37625cc5eb82746025490239abe320d0ab62c64b74bf7d8f668890c85392",
                "hash_version": "202208"
              },
              "isArchived": false,
              "isAnonymous": false,
              "codeUri": "https://sao6fth2tfw5s3e.blob.core.windows.net:443/dce012e0-9-bd8fb67c-82a7-5f02-a6d4-ee718a9c0337/src",
              "provisioningState": "Succeeded"
            },
            "systemData": {
              "createdAt": "2023-05-04T19:38:08.1854535\u002B00:00",
              "createdBy": "Firstname Lastname",
              "createdByType": "User",
              "lastModifiedAt": "2023-05-04T19:38:08.1854535\u002B00:00",
              "lastModifiedBy": "Firstname Lastname",
              "lastModifiedByType": "User"
            }
          }
        ]
      }
    },
    {
      "RequestUri": "https://management.azure.com/subscriptions/00000000-0000-0000-0000-000000000/resourceGroups/00000/providers/Microsoft.MachineLearningServices/workspaces/00000/codes/000000000000000000000/versions?api-version=2023-04-01\u0026hash=ef7b37625cc5eb82746025490239abe320d0ab62c64b74bf7d8f668890c85392\u0026hashVersion=202208",
      "RequestMethod": "GET",
      "RequestHeaders": {
        "Accept": "application/json",
        "Accept-Encoding": "gzip, deflate",
        "Connection": "keep-alive",
        "User-Agent": "azure-ai-ml/1.7.0 azsdk-python-mgmt-machinelearningservices/0.1.0 Python/3.10.9 (Windows-10-10.0.22621-SP0)"
      },
      "RequestBody": null,
      "StatusCode": 200,
      "ResponseHeaders": {
        "Cache-Control": "no-cache",
        "Content-Encoding": "gzip",
        "Content-Type": "application/json; charset=utf-8",
        "Date": "Thu, 11 May 2023 16:41:10 GMT",
        "Expires": "-1",
        "Pragma": "no-cache",
        "Request-Context": "appId=cid-v1:2d2e8e63-272e-4b3c-8598-4ee570a0e70d",
        "Server-Timing": "traceparent;desc=\u002200-f6e179accc4a29ad45455899d63797b9-86e6722d95c84d70-01\u0022",
        "Strict-Transport-Security": "max-age=31536000; includeSubDomains",
        "Transfer-Encoding": "chunked",
        "Vary": [
          "Accept-Encoding",
          "Accept-Encoding"
        ],
        "x-aml-cluster": "vienna-westus-01",
        "X-Content-Type-Options": "nosniff",
        "x-ms-correlation-request-id": "7487175b-7801-4b39-8a32-69b3fa48aebb",
        "x-ms-ratelimit-remaining-subscription-reads": "11999",
        "x-ms-response-type": "standard",
        "x-ms-routing-request-id": "WESTUS2:20230511T164111Z:7487175b-7801-4b39-8a32-69b3fa48aebb",
        "x-request-time": "0.857"
      },
      "ResponseBody": {
        "value": [
          {
            "id": "/subscriptions/00000000-0000-0000-0000-000000000/resourceGroups/00000/providers/Microsoft.MachineLearningServices/workspaces/00000/codes/b3514ac7-8b72-4111-a015-4054c80a0526/versions/1",
            "name": "1",
            "type": "Microsoft.MachineLearningServices/workspaces/codes/versions",
            "properties": {
              "description": null,
              "tags": {},
              "properties": {
                "hash_sha256": "ef7b37625cc5eb82746025490239abe320d0ab62c64b74bf7d8f668890c85392",
                "hash_version": "202208"
              },
              "isArchived": false,
              "isAnonymous": false,
              "codeUri": "https://sao6fth2tfw5s3e.blob.core.windows.net:443/dce012e0-9-bd8fb67c-82a7-5f02-a6d4-ee718a9c0337/src",
              "provisioningState": "Succeeded"
            },
            "systemData": {
              "createdAt": "2023-05-04T19:38:08.1854535\u002B00:00",
              "createdBy": "Firstname Lastname",
              "createdByType": "User",
              "lastModifiedAt": "2023-05-04T19:38:08.1854535\u002B00:00",
              "lastModifiedBy": "Firstname Lastname",
              "lastModifiedByType": "User"
            }
          }
        ]
      }
    },
    {
      "RequestUri": "https://management.azure.com/subscriptions/00000000-0000-0000-0000-000000000/resourceGroups/00000/providers/Microsoft.MachineLearningServices/workspaces/00000/codes/b3514ac7-8b72-4111-a015-4054c80a0526/versions/1?api-version=2023-04-01",
      "RequestMethod": "GET",
      "RequestHeaders": {
        "Accept": "application/json",
        "Accept-Encoding": "gzip, deflate",
        "Connection": "keep-alive",
        "User-Agent": "azure-ai-ml/1.7.0 azsdk-python-mgmt-machinelearningservices/0.1.0 Python/3.10.9 (Windows-10-10.0.22621-SP0)"
      },
      "RequestBody": null,
      "StatusCode": 200,
      "ResponseHeaders": {
        "Cache-Control": "no-cache",
        "Content-Encoding": "gzip",
        "Content-Type": "application/json; charset=utf-8",
        "Date": "Thu, 11 May 2023 16:41:10 GMT",
        "Expires": "-1",
        "Pragma": "no-cache",
        "Request-Context": "appId=cid-v1:2d2e8e63-272e-4b3c-8598-4ee570a0e70d",
        "Server-Timing": "traceparent;desc=\u002200-9d0c8404e9c3b89f057fa30448bdd800-8249d9d7f53d2628-01\u0022",
        "Strict-Transport-Security": "max-age=31536000; includeSubDomains",
        "Transfer-Encoding": "chunked",
        "Vary": [
          "Accept-Encoding",
          "Accept-Encoding"
        ],
        "x-aml-cluster": "vienna-westus-01",
        "X-Content-Type-Options": "nosniff",
        "x-ms-correlation-request-id": "4735b612-72fb-4e61-b6bc-90f5a7be25e8",
        "x-ms-ratelimit-remaining-subscription-reads": "11998",
        "x-ms-response-type": "standard",
        "x-ms-routing-request-id": "WESTUS2:20230511T164111Z:4735b612-72fb-4e61-b6bc-90f5a7be25e8",
        "x-request-time": "0.069"
      },
      "ResponseBody": {
        "id": "/subscriptions/00000000-0000-0000-0000-000000000/resourceGroups/00000/providers/Microsoft.MachineLearningServices/workspaces/00000/codes/b3514ac7-8b72-4111-a015-4054c80a0526/versions/1",
        "name": "1",
        "type": "Microsoft.MachineLearningServices/workspaces/codes/versions",
        "properties": {
          "description": null,
          "tags": {},
          "properties": {
            "hash_sha256": "0000000000000",
            "hash_version": "0000000000000"
          },
          "isArchived": false,
          "isAnonymous": false,
          "codeUri": "https://sao6fth2tfw5s3e.blob.core.windows.net:443/dce012e0-9-bd8fb67c-82a7-5f02-a6d4-ee718a9c0337/src",
          "provisioningState": "Succeeded"
        },
        "systemData": {
          "createdAt": "2023-05-04T19:38:08.1854535\u002B00:00",
          "createdBy": "Firstname Lastname",
          "createdByType": "User",
          "lastModifiedAt": "2023-05-04T19:38:08.1854535\u002B00:00",
          "lastModifiedBy": "Firstname Lastname",
          "lastModifiedByType": "User"
        }
      }
    },
    {
      "RequestUri": "https://management.azure.com/subscriptions/00000000-0000-0000-0000-000000000/resourceGroups/00000/providers/Microsoft.MachineLearningServices/workspaces/00000/codes/b3514ac7-8b72-4111-a015-4054c80a0526/versions/1?api-version=2023-04-01",
      "RequestMethod": "GET",
      "RequestHeaders": {
        "Accept": "application/json",
        "Accept-Encoding": "gzip, deflate",
        "Connection": "keep-alive",
        "User-Agent": "azure-ai-ml/1.7.0 azsdk-python-mgmt-machinelearningservices/0.1.0 Python/3.10.9 (Windows-10-10.0.22621-SP0)"
      },
      "RequestBody": null,
      "StatusCode": 200,
      "ResponseHeaders": {
        "Cache-Control": "no-cache",
        "Content-Encoding": "gzip",
        "Content-Type": "application/json; charset=utf-8",
        "Date": "Thu, 11 May 2023 16:41:10 GMT",
        "Expires": "-1",
        "Pragma": "no-cache",
        "Request-Context": "appId=cid-v1:2d2e8e63-272e-4b3c-8598-4ee570a0e70d",
        "Server-Timing": "traceparent;desc=\u002200-96c470a2320279040dd4c5206fee7c59-9f0f0a48ba13f9f9-01\u0022",
        "Strict-Transport-Security": "max-age=31536000; includeSubDomains",
        "Transfer-Encoding": "chunked",
        "Vary": [
          "Accept-Encoding",
          "Accept-Encoding"
        ],
        "x-aml-cluster": "vienna-westus-01",
        "X-Content-Type-Options": "nosniff",
        "x-ms-correlation-request-id": "ecc5bd51-758c-413b-9250-b5432a71dd2d",
        "x-ms-ratelimit-remaining-subscription-reads": "11981",
        "x-ms-response-type": "standard",
        "x-ms-routing-request-id": "WESTUS2:20230511T164111Z:ecc5bd51-758c-413b-9250-b5432a71dd2d",
        "x-request-time": "0.030"
      },
      "ResponseBody": {
        "id": "/subscriptions/00000000-0000-0000-0000-000000000/resourceGroups/00000/providers/Microsoft.MachineLearningServices/workspaces/00000/codes/b3514ac7-8b72-4111-a015-4054c80a0526/versions/1",
        "name": "1",
        "type": "Microsoft.MachineLearningServices/workspaces/codes/versions",
        "properties": {
          "description": null,
          "tags": {},
          "properties": {
            "hash_sha256": "0000000000000",
            "hash_version": "0000000000000"
          },
          "isArchived": false,
          "isAnonymous": false,
          "codeUri": "https://sao6fth2tfw5s3e.blob.core.windows.net:443/dce012e0-9-bd8fb67c-82a7-5f02-a6d4-ee718a9c0337/src",
          "provisioningState": "Succeeded"
        },
        "systemData": {
          "createdAt": "2023-05-04T19:38:08.1854535\u002B00:00",
          "createdBy": "Firstname Lastname",
          "createdByType": "User",
          "lastModifiedAt": "2023-05-04T19:38:08.1854535\u002B00:00",
          "lastModifiedBy": "Firstname Lastname",
          "lastModifiedByType": "User"
        }
      }
    },
    {
      "RequestUri": "https://management.azure.com/subscriptions/00000000-0000-0000-0000-000000000/resourceGroups/00000/providers/Microsoft.MachineLearningServices/workspaces/00000/components/azureml_anonymous/versions/000000000000000000000?api-version=2022-10-01",
      "RequestMethod": "PUT",
      "RequestHeaders": {
        "Accept": "application/json",
        "Accept-Encoding": "gzip, deflate",
        "Connection": "keep-alive",
        "Content-Length": "946",
        "Content-Type": "application/json",
        "User-Agent": "azure-ai-ml/1.7.0 azsdk-python-mgmt-machinelearningservices/0.1.0 Python/3.10.9 (Windows-10-10.0.22621-SP0)"
      },
      "RequestBody": {
        "properties": {
          "description": "Aml Spark dataset word count test module",
          "properties": {},
          "tags": {},
          "isAnonymous": true,
          "isArchived": false,
          "componentSpec": {
            "code": "azureml:/subscriptions/00000000-0000-0000-0000-000000000/resourceGroups/00000/providers/Microsoft.MachineLearningServices/workspaces/00000/codes/b3514ac7-8b72-4111-a015-4054c80a0526/versions/1",
            "entry": {
              "file": "wordcount.py"
            },
            "conf": {
              "spark.driver.cores": 1,
              "spark.driver.memory": "2g",
              "spark.executor.cores": 2,
              "spark.executor.memory": "2g",
              "spark.executor.instances": 4
            },
            "args": "--input1 ${{inputs.input1}}",
            "name": "azureml_anonymous",
            "description": "Aml Spark dataset word count test module",
            "version": "1",
            "$schema": "http://azureml/sdk-2-0/SparkComponent.json",
            "display_name": "Aml Spark dataset word count test module",
            "is_deterministic": true,
            "inputs": {
              "input1": {
                "type": "uri_file",
                "mode": "direct"
              }
            },
            "type": "spark",
            "_source": "YAML.JOB"
          }
        }
      },
      "StatusCode": 201,
      "ResponseHeaders": {
        "Cache-Control": "no-cache",
        "Content-Length": "1732",
        "Content-Type": "application/json; charset=utf-8",
        "Date": "Thu, 11 May 2023 16:41:13 GMT",
        "Expires": "-1",
        "Location": "https://management.azure.com/subscriptions/00000000-0000-0000-0000-000000000/resourceGroups/00000/providers/Microsoft.MachineLearningServices/workspaces/00000/components/azureml_anonymous/versions/000000000000000000000?api-version=2022-10-01",
        "Pragma": "no-cache",
        "Request-Context": "appId=cid-v1:2d2e8e63-272e-4b3c-8598-4ee570a0e70d",
        "Server-Timing": "traceparent;desc=\u002200-fc01feeaf4141ab78b317a71827ee281-271029dd35c5955a-01\u0022",
        "Strict-Transport-Security": "max-age=31536000; includeSubDomains",
        "x-aml-cluster": "vienna-westus-01",
        "X-Content-Type-Options": "nosniff",
        "x-ms-correlation-request-id": "ecdaba6e-e235-4c86-b7a5-17f75abfe7d5",
        "x-ms-ratelimit-remaining-subscription-writes": "1199",
        "x-ms-response-type": "standard",
        "x-ms-routing-request-id": "WESTUS2:20230511T164114Z:ecdaba6e-e235-4c86-b7a5-17f75abfe7d5",
        "x-request-time": "1.263"
      },
      "ResponseBody": {
        "id": "/subscriptions/00000000-0000-0000-0000-000000000/resourceGroups/00000/providers/Microsoft.MachineLearningServices/workspaces/00000/components/azureml_anonymous/versions/a3232392-0f07-43a6-a38f-c9508d7f58d3",
        "name": "a3232392-0f07-43a6-a38f-c9508d7f58d3",
        "type": "Microsoft.MachineLearningServices/workspaces/components/versions",
        "properties": {
          "description": null,
          "tags": {},
          "properties": {},
          "isArchived": false,
          "isAnonymous": true,
          "componentSpec": {
            "$schema": "http://azureml/sdk-2-0/SparkComponent.json",
            "name": "azureml_anonymous",
            "version": "1",
            "display_name": "Aml Spark dataset word count test module",
            "is_deterministic": "True",
            "type": "spark",
            "description": "Aml Spark dataset word count test module",
            "inputs": {
              "input1": {
                "type": "uri_file",
                "optional": "False"
              }
            },
            "code": "azureml:/subscriptions/00000000-0000-0000-0000-000000000/resourceGroups/00000/providers/Microsoft.MachineLearningServices/workspaces/00000/codes/b3514ac7-8b72-4111-a015-4054c80a0526/versions/1",
            "args": "--input1 ${{inputs.input1}}",
            "entry": {
              "file": "wordcount.py"
            },
            "conf": {
              "spark.driver.cores": "1",
              "spark.driver.memory": "2g",
              "spark.executor.cores": "2",
              "spark.executor.memory": "2g",
              "spark.executor.instances": "4"
            }
          }
        },
        "systemData": {
          "createdAt": "2023-05-04T19:40:33.3961007\u002B00:00",
          "createdBy": "Firstname Lastname",
          "createdByType": "User",
          "lastModifiedAt": "2023-05-04T19:40:33.4641922\u002B00:00",
          "lastModifiedBy": "Firstname Lastname",
          "lastModifiedByType": "User"
        }
      }
    },
    {
      "RequestUri": "https://management.azure.com/subscriptions/00000000-0000-0000-0000-000000000/resourceGroups/00000/providers/Microsoft.MachineLearningServices/workspaces/00000/components/azureml_anonymous/versions/000000000000000000000?api-version=2022-10-01",
      "RequestMethod": "PUT",
      "RequestHeaders": {
        "Accept": "application/json",
        "Accept-Encoding": "gzip, deflate",
        "Connection": "keep-alive",
        "Content-Length": "1221",
        "Content-Type": "application/json",
        "User-Agent": "azure-ai-ml/1.7.0 azsdk-python-mgmt-machinelearningservices/0.1.0 Python/3.10.9 (Windows-10-10.0.22621-SP0)"
      },
      "RequestBody": {
        "properties": {
          "description": "Aml Spark dataset sample test module",
          "properties": {},
          "tags": {},
          "isAnonymous": true,
          "isArchived": false,
          "componentSpec": {
            "code": "azureml:/subscriptions/00000000-0000-0000-0000-000000000/resourceGroups/00000/providers/Microsoft.MachineLearningServices/workspaces/00000/codes/b3514ac7-8b72-4111-a015-4054c80a0526/versions/1",
            "entry": {
              "file": "sampleword.py"
            },
            "conf": {
              "spark.driver.cores": 1,
              "spark.driver.memory": "2g",
              "spark.executor.cores": 2,
              "spark.executor.memory": "2g",
              "spark.dynamicAllocation.enabled": true,
              "spark.dynamicAllocation.minExecutors": 1,
              "spark.dynamicAllocation.maxExecutors": 4
            },
            "args": "--input1 ${{inputs.input1}} --output2 ${{outputs.output1}} --my_sample_rate ${{inputs.sample_rate}}",
            "name": "azureml_anonymous",
            "description": "Aml Spark dataset sample test module",
            "version": "1",
            "$schema": "http://azureml/sdk-2-0/SparkComponent.json",
            "display_name": "Aml Spark dataset sample test module",
            "is_deterministic": true,
            "inputs": {
              "input1": {
                "type": "uri_file",
                "mode": "direct"
              },
              "sample_rate": {
                "type": "number",
                "default": "0.01"
              }
            },
            "outputs": {
              "output1": {
                "type": "uri_file",
                "mode": "direct"
              }
            },
            "type": "spark",
            "_source": "YAML.JOB"
          }
        }
      },
      "StatusCode": 201,
      "ResponseHeaders": {
        "Cache-Control": "no-cache",
        "Content-Length": "2124",
        "Content-Type": "application/json; charset=utf-8",
        "Date": "Thu, 11 May 2023 16:41:13 GMT",
        "Expires": "-1",
        "Location": "https://management.azure.com/subscriptions/00000000-0000-0000-0000-000000000/resourceGroups/00000/providers/Microsoft.MachineLearningServices/workspaces/00000/components/azureml_anonymous/versions/000000000000000000000?api-version=2022-10-01",
        "Pragma": "no-cache",
        "Request-Context": "appId=cid-v1:2d2e8e63-272e-4b3c-8598-4ee570a0e70d",
        "Server-Timing": "traceparent;desc=\u002200-721f993e2974e1b988b682b36eebb337-69da084bfe869a07-01\u0022",
        "Strict-Transport-Security": "max-age=31536000; includeSubDomains",
        "x-aml-cluster": "vienna-westus-01",
        "X-Content-Type-Options": "nosniff",
        "x-ms-correlation-request-id": "315a96b3-3a9b-4c98-ba31-98bf79ea0849",
        "x-ms-ratelimit-remaining-subscription-writes": "1199",
        "x-ms-response-type": "standard",
        "x-ms-routing-request-id": "WESTUS2:20230511T164114Z:315a96b3-3a9b-4c98-ba31-98bf79ea0849",
        "x-request-time": "1.298"
      },
      "ResponseBody": {
        "id": "/subscriptions/00000000-0000-0000-0000-000000000/resourceGroups/00000/providers/Microsoft.MachineLearningServices/workspaces/00000/components/azureml_anonymous/versions/7e90c3d0-fd81-406f-985f-2fbcf0b4ae42",
        "name": "7e90c3d0-fd81-406f-985f-2fbcf0b4ae42",
        "type": "Microsoft.MachineLearningServices/workspaces/components/versions",
        "properties": {
          "description": null,
          "tags": {},
          "properties": {},
          "isArchived": false,
          "isAnonymous": true,
          "componentSpec": {
            "$schema": "http://azureml/sdk-2-0/SparkComponent.json",
            "name": "azureml_anonymous",
            "version": "1",
            "display_name": "Aml Spark dataset sample test module",
            "is_deterministic": "True",
            "type": "spark",
            "description": "Aml Spark dataset sample test module",
            "inputs": {
              "input1": {
                "type": "uri_file",
                "optional": "False"
              },
              "sample_rate": {
                "type": "number",
                "optional": "False",
                "default": "0.01"
              }
            },
            "outputs": {
              "output1": {
                "type": "uri_file"
              }
            },
            "code": "azureml:/subscriptions/00000000-0000-0000-0000-000000000/resourceGroups/00000/providers/Microsoft.MachineLearningServices/workspaces/00000/codes/b3514ac7-8b72-4111-a015-4054c80a0526/versions/1",
            "args": "--input1 ${{inputs.input1}} --output2 ${{outputs.output1}} --my_sample_rate ${{inputs.sample_rate}}",
            "entry": {
              "file": "sampleword.py"
            },
            "conf": {
              "spark.driver.cores": "1",
              "spark.driver.memory": "2g",
              "spark.executor.cores": "2",
              "spark.executor.memory": "2g",
              "spark.dynamicAllocation.enabled": "true",
              "spark.dynamicAllocation.minExecutors": "1",
              "spark.dynamicAllocation.maxExecutors": "4"
            }
          }
        },
        "systemData": {
          "createdAt": "2023-05-04T19:38:09.9948833\u002B00:00",
          "createdBy": "Firstname Lastname",
          "createdByType": "User",
          "lastModifiedAt": "2023-05-04T19:38:10.0373065\u002B00:00",
          "lastModifiedBy": "Firstname Lastname",
          "lastModifiedByType": "User"
        }
      }
    },
    {
      "RequestUri": "https://management.azure.com/subscriptions/00000000-0000-0000-0000-000000000/resourceGroups/00000/providers/Microsoft.MachineLearningServices/workspaces/00000/datastores/workspaceblobstore?api-version=2022-10-01",
      "RequestMethod": "GET",
      "RequestHeaders": {
        "Accept": "application/json",
        "Accept-Encoding": "gzip, deflate",
        "Connection": "keep-alive",
        "User-Agent": "azure-ai-ml/1.7.0 azsdk-python-mgmt-machinelearningservices/0.1.0 Python/3.10.9 (Windows-10-10.0.22621-SP0)"
      },
      "RequestBody": null,
      "StatusCode": 200,
      "ResponseHeaders": {
        "Cache-Control": "no-cache",
        "Content-Encoding": "gzip",
        "Content-Type": "application/json; charset=utf-8",
        "Date": "Thu, 11 May 2023 16:41:14 GMT",
        "Expires": "-1",
        "Pragma": "no-cache",
        "Request-Context": "appId=cid-v1:2d2e8e63-272e-4b3c-8598-4ee570a0e70d",
        "Server-Timing": "traceparent;desc=\u002200-bf0a3306da0f89d07a93c0e9b2de6020-84fae23fa0f8dae0-01\u0022",
        "Strict-Transport-Security": "max-age=31536000; includeSubDomains",
        "Transfer-Encoding": "chunked",
        "Vary": [
          "Accept-Encoding",
          "Accept-Encoding"
        ],
        "x-aml-cluster": "vienna-westus-01",
        "X-Content-Type-Options": "nosniff",
        "x-ms-correlation-request-id": "31595d08-5cfc-4363-8af4-98db9c84ef1b",
        "x-ms-ratelimit-remaining-subscription-reads": "11980",
        "x-ms-response-type": "standard",
        "x-ms-routing-request-id": "WESTUS2:20230511T164115Z:31595d08-5cfc-4363-8af4-98db9c84ef1b",
        "x-request-time": "0.142"
      },
      "ResponseBody": {
        "id": "/subscriptions/00000000-0000-0000-0000-000000000/resourceGroups/00000/providers/Microsoft.MachineLearningServices/workspaces/00000/datastores/workspaceblobstore",
        "name": "workspaceblobstore",
        "type": "Microsoft.MachineLearningServices/workspaces/datastores",
        "properties": {
          "description": null,
          "tags": null,
          "properties": null,
          "isDefault": true,
          "credentials": {
            "credentialsType": "AccountKey"
          },
          "datastoreType": "AzureBlob",
          "accountName": "sao6fth2tfw5s3e",
          "containerName": "azureml-blobstore-dce012e0-9a01-4cae-a710-4549b742f13d",
          "endpoint": "core.windows.net",
          "protocol": "https",
          "serviceDataAccessAuthIdentity": "WorkspaceSystemAssignedIdentity"
        },
        "systemData": {
          "createdAt": "2023-05-04T16:37:24.185498\u002B00:00",
          "createdBy": "779301c0-18b2-4cdc-801b-a0a3368fee0a",
          "createdByType": "Application",
          "lastModifiedAt": "2023-05-04T16:37:24.6560768\u002B00:00",
          "lastModifiedBy": "779301c0-18b2-4cdc-801b-a0a3368fee0a",
          "lastModifiedByType": "Application"
        }
      }
    },
    {
      "RequestUri": "https://management.azure.com/subscriptions/00000000-0000-0000-0000-000000000/resourceGroups/00000/providers/Microsoft.MachineLearningServices/workspaces/00000/datastores/workspaceblobstore/listSecrets?api-version=2022-10-01",
      "RequestMethod": "POST",
      "RequestHeaders": {
        "Accept": "application/json",
        "Accept-Encoding": "gzip, deflate",
        "Connection": "keep-alive",
        "Content-Length": "0",
        "User-Agent": "azure-ai-ml/1.7.0 azsdk-python-mgmt-machinelearningservices/0.1.0 Python/3.10.9 (Windows-10-10.0.22621-SP0)"
      },
      "RequestBody": null,
      "StatusCode": 200,
      "ResponseHeaders": {
        "Cache-Control": "no-cache",
        "Content-Encoding": "gzip",
        "Content-Type": "application/json; charset=utf-8",
        "Date": "Thu, 11 May 2023 16:41:14 GMT",
        "Expires": "-1",
        "Pragma": "no-cache",
        "Request-Context": "appId=cid-v1:2d2e8e63-272e-4b3c-8598-4ee570a0e70d",
        "Server-Timing": "traceparent;desc=\u002200-10fcd2755e5f4cd6c6a014e17f5f70df-2d9dc85edca8d4d6-01\u0022",
        "Strict-Transport-Security": "max-age=31536000; includeSubDomains",
        "Transfer-Encoding": "chunked",
        "Vary": "Accept-Encoding",
        "x-aml-cluster": "vienna-westus-01",
        "X-Content-Type-Options": "nosniff",
        "x-ms-correlation-request-id": "71d1efe3-0d92-4f5e-8e70-74c3113e3d6e",
        "x-ms-ratelimit-remaining-subscription-writes": "1197",
        "x-ms-response-type": "standard",
        "x-ms-routing-request-id": "WESTUS2:20230511T164115Z:71d1efe3-0d92-4f5e-8e70-74c3113e3d6e",
        "x-request-time": "0.271"
      },
      "ResponseBody": {
        "secretsType": "AccountKey",
        "key": "dGhpcyBpcyBmYWtlIGtleQ=="
      }
    },
    {
      "RequestUri": "https://sao6fth2tfw5s3e.blob.core.windows.net/azureml-blobstore-dce012e0-9a01-4cae-a710-4549b742f13d/LocalUpload/00000000000000000000000000000000/shakespeare.txt",
      "RequestMethod": "HEAD",
      "RequestHeaders": {
        "Accept": "application/xml",
        "Accept-Encoding": "gzip, deflate",
        "Connection": "keep-alive",
        "User-Agent": "azsdk-python-storage-blob/12.14.1 Python/3.10.9 (Windows-10-10.0.22621-SP0)",
        "x-ms-date": "Thu, 11 May 2023 16:41:15 GMT",
        "x-ms-version": "2021-08-06"
      },
      "RequestBody": null,
      "StatusCode": 200,
      "ResponseHeaders": {
        "Accept-Ranges": "bytes",
        "Content-Length": "5571940",
        "Content-MD5": "F5mM7xf/JNJNT5/lrZkb5A==",
        "Content-Type": "application/octet-stream",
        "Date": "Thu, 11 May 2023 16:41:15 GMT",
        "ETag": "\u00220x8DB4CD6F7343C29\u0022",
        "Last-Modified": "Thu, 04 May 2023 19:37:15 GMT",
        "Server": [
          "Windows-Azure-Blob/1.0",
          "Microsoft-HTTPAPI/2.0"
        ],
        "x-ms-access-tier": "Hot",
        "x-ms-access-tier-inferred": "true",
        "x-ms-blob-type": "BlockBlob",
        "x-ms-creation-time": "Thu, 04 May 2023 19:37:15 GMT",
        "x-ms-lease-state": "available",
        "x-ms-lease-status": "unlocked",
        "x-ms-meta-name": "87093a58-aa65-400e-9bf1-4888ddb877ce",
        "x-ms-meta-upload_status": "completed",
        "x-ms-meta-version": "028d5477-8aaf-42c8-8df6-078a6a971b9f",
        "x-ms-server-encrypted": "true",
        "x-ms-version": "2021-08-06"
      },
      "ResponseBody": null
    },
    {
      "RequestUri": "https://sao6fth2tfw5s3e.blob.core.windows.net/azureml-blobstore-dce012e0-9a01-4cae-a710-4549b742f13d/az-ml-artifacts/00000000000000000000000000000000/shakespeare.txt",
      "RequestMethod": "HEAD",
      "RequestHeaders": {
        "Accept": "application/xml",
        "Accept-Encoding": "gzip, deflate",
        "Connection": "keep-alive",
        "User-Agent": "azsdk-python-storage-blob/12.14.1 Python/3.10.9 (Windows-10-10.0.22621-SP0)",
        "x-ms-date": "Thu, 11 May 2023 16:41:15 GMT",
        "x-ms-version": "2021-08-06"
      },
      "RequestBody": null,
      "StatusCode": 404,
      "ResponseHeaders": {
        "Date": "Thu, 11 May 2023 16:41:15 GMT",
        "Server": [
          "Windows-Azure-Blob/1.0",
          "Microsoft-HTTPAPI/2.0"
        ],
        "Transfer-Encoding": "chunked",
        "x-ms-error-code": "BlobNotFound",
        "x-ms-version": "2021-08-06"
      },
      "ResponseBody": null
    },
    {
      "RequestUri": "https://management.azure.com/subscriptions/00000000-0000-0000-0000-000000000/resourceGroups/00000/providers/Microsoft.MachineLearningServices/workspaces/00000/jobs/test_346212371445?api-version=2023-04-01-preview",
      "RequestMethod": "PUT",
      "RequestHeaders": {
        "Accept": "application/json",
        "Accept-Encoding": "gzip, deflate",
        "Connection": "keep-alive",
        "Content-Length": "2584",
        "Content-Type": "application/json",
        "User-Agent": "azure-ai-ml/1.7.0 azsdk-python-mgmt-machinelearningservices/0.1.0 Python/3.10.9 (Windows-10-10.0.22621-SP0)"
      },
      "RequestBody": {
        "properties": {
          "description": "submit a shakespear sample and word spark job in pipeline",
          "properties": {},
          "tags": {},
          "displayName": "test_346212371445",
          "experimentName": "azure-ai-ml",
          "isArchived": false,
          "jobType": "Pipeline",
          "inputs": {
            "input1": {
              "mode": "Direct",
              "uri": "azureml://datastores/workspaceblobstore/paths/LocalUpload/00000000000000000000000000000000/shakespeare.txt",
              "jobInputType": "uri_file"
            },
            "sample_rate": {
              "jobInputType": "literal",
              "value": "0.01"
            }
          },
          "jobs": {
            "sample_word": {
              "type": "spark",
              "resources": {
                "instance_type": "standard_e4s_v3",
                "runtime_version": "3.2.0"
              },
              "identity": {
                "identity_type": "UserIdentity"
              },
              "conf": {
                "spark.driver.cores": 1,
                "spark.driver.memory": "2g",
                "spark.executor.cores": 2,
                "spark.executor.memory": "2g",
                "spark.dynamicAllocation.enabled": true,
                "spark.dynamicAllocation.minExecutors": 1,
                "spark.dynamicAllocation.maxExecutors": 4,
                "spark.executor.instances": 1
              },
              "args": "--input1 ${{inputs.input1}} --output2 ${{outputs.output1}} --my_sample_rate ${{inputs.sample_rate}}",
              "name": "sample_word",
              "inputs": {
                "input1": {
                  "job_input_type": "literal",
                  "value": "${{parent.inputs.input1}}"
                },
                "sample_rate": {
                  "job_input_type": "literal",
                  "value": "${{parent.inputs.sample_rate}}"
                }
              },
              "outputs": {
                "output1": {
                  "value": "${{parent.outputs.output1}}",
                  "type": "literal"
                }
              },
              "_source": "YAML.JOB",
              "componentId": "/subscriptions/00000000-0000-0000-0000-000000000/resourceGroups/00000/providers/Microsoft.MachineLearningServices/workspaces/00000/components/azureml_anonymous/versions/7e90c3d0-fd81-406f-985f-2fbcf0b4ae42",
              "entry": {
                "spark_job_entry_type": "SparkJobPythonEntry",
                "file": "sampleword.py"
              }
            },
            "count_word": {
              "type": "spark",
              "resources": {
                "instance_type": "standard_e4s_v3",
                "runtime_version": "3.2.0"
              },
              "identity": {
                "identity_type": "UserIdentity"
              },
              "conf": {
                "spark.driver.cores": 1,
                "spark.driver.memory": "2g",
                "spark.executor.cores": 2,
                "spark.executor.memory": "2g",
                "spark.executor.instances": 4
              },
              "args": "--input1 ${{inputs.input1}}",
              "name": "count_word",
              "inputs": {
                "input1": {
                  "job_input_type": "literal",
                  "value": "${{parent.jobs.sample_word.outputs.output1}}"
                }
              },
              "_source": "YAML.JOB",
              "componentId": "/subscriptions/00000000-0000-0000-0000-000000000/resourceGroups/00000/providers/Microsoft.MachineLearningServices/workspaces/00000/components/azureml_anonymous/versions/a3232392-0f07-43a6-a38f-c9508d7f58d3",
              "entry": {
                "spark_job_entry_type": "SparkJobPythonEntry",
                "file": "wordcount.py"
              }
            }
          },
          "outputs": {
            "output1": {
              "mode": "Direct",
              "jobOutputType": "uri_file"
            }
          },
          "settings": {
            "_source": "YAML.JOB"
          }
        }
      },
      "StatusCode": 201,
      "ResponseHeaders": {
        "Cache-Control": "no-cache",
        "Content-Length": "5534",
        "Content-Type": "application/json; charset=utf-8",
        "Date": "Thu, 11 May 2023 16:41:18 GMT",
        "Expires": "-1",
        "Location": "https://management.azure.com/subscriptions/00000000-0000-0000-0000-000000000/resourceGroups/00000/providers/Microsoft.MachineLearningServices/workspaces/00000/jobs/test_346212371445?api-version=2023-04-01-preview",
        "Pragma": "no-cache",
        "Request-Context": "appId=cid-v1:2d2e8e63-272e-4b3c-8598-4ee570a0e70d",
        "Server-Timing": "traceparent;desc=\u002200-95e655929c17de26ed986c6c3c666c47-a3890af34b4237e8-01\u0022",
        "Strict-Transport-Security": "max-age=31536000; includeSubDomains",
        "x-aml-cluster": "vienna-westus-01",
        "X-Content-Type-Options": "nosniff",
        "x-ms-correlation-request-id": "3ca2435f-559f-46e4-a7b1-0306450113d8",
        "x-ms-ratelimit-remaining-subscription-writes": "1198",
        "x-ms-response-type": "standard",
        "x-ms-routing-request-id": "WESTUS2:20230511T164119Z:3ca2435f-559f-46e4-a7b1-0306450113d8",
        "x-request-time": "1.566"
      },
      "ResponseBody": {
        "id": "/subscriptions/00000000-0000-0000-0000-000000000/resourceGroups/00000/providers/Microsoft.MachineLearningServices/workspaces/00000/jobs/test_346212371445",
        "name": "test_346212371445",
        "type": "Microsoft.MachineLearningServices/workspaces/jobs",
        "properties": {
          "description": "submit a shakespear sample and word spark job in pipeline",
          "tags": {},
          "properties": {
            "azureml.DevPlatv2": "true",
            "azureml.DatasetAccessMode": "Asset",
            "azureml.runsource": "azureml.PipelineRun",
            "runSource": "MFE",
            "runType": "HTTP",
            "azureml.parameters": "{\u0022sample_rate\u0022:\u00220.01\u0022}",
            "azureml.continue_on_step_failure": "True",
            "azureml.continue_on_failed_optional_input": "True",
            "azureml.enforceRerun": "False",
            "azureml.defaultDataStoreName": "workspaceblobstore",
            "azureml.pipelineComponent": "pipelinerun"
          },
          "displayName": "test_346212371445",
          "status": "Preparing",
          "experimentName": "azure-ai-ml",
          "services": {
            "Tracking": {
              "jobServiceType": "Tracking",
              "port": null,
              "endpoint": "azureml://westus.api.azureml.ms/mlflow/v1.0/subscriptions/00000000-0000-0000-0000-000000000/resourceGroups/00000/providers/Microsoft.MachineLearningServices/workspaces/00000?",
              "status": null,
              "errorMessage": null,
              "properties": null,
              "nodes": null
            },
            "Studio": {
              "jobServiceType": "Studio",
              "port": null,
              "endpoint": "https://ml.azure.com/runs/test_346212371445?wsid=/subscriptions/00000000-0000-0000-0000-000000000/resourcegroups/00000/workspaces/00000",
              "status": null,
              "errorMessage": null,
              "properties": null,
              "nodes": null
            }
          },
          "computeId": null,
          "isArchived": false,
          "identity": null,
          "componentId": null,
          "notificationSetting": null,
          "secretsConfiguration": null,
          "jobType": "Pipeline",
          "settings": {
            "_source": "YAML.JOB"
          },
          "jobs": {
            "sample_word": {
              "type": "spark",
              "resources": {
                "instance_type": "standard_e4s_v3",
                "runtime_version": "3.2.0"
              },
              "identity": {
                "identity_type": "UserIdentity"
              },
              "conf": {
                "spark.driver.cores": 1,
                "spark.driver.memory": "2g",
                "spark.executor.cores": 2,
                "spark.executor.memory": "2g",
                "spark.dynamicAllocation.enabled": true,
                "spark.dynamicAllocation.minExecutors": 1,
                "spark.dynamicAllocation.maxExecutors": 4,
                "spark.executor.instances": 1
              },
              "args": "--input1 ${{inputs.input1}} --output2 ${{outputs.output1}} --my_sample_rate ${{inputs.sample_rate}}",
              "name": "sample_word",
              "inputs": {
                "input1": {
                  "job_input_type": "literal",
                  "value": "${{parent.inputs.input1}}"
                },
                "sample_rate": {
                  "job_input_type": "literal",
                  "value": "${{parent.inputs.sample_rate}}"
                }
              },
              "outputs": {
                "output1": {
                  "value": "${{parent.outputs.output1}}",
                  "type": "literal"
                }
              },
              "_source": "YAML.JOB",
              "componentId": "/subscriptions/00000000-0000-0000-0000-000000000/resourceGroups/00000/providers/Microsoft.MachineLearningServices/workspaces/00000/components/azureml_anonymous/versions/7e90c3d0-fd81-406f-985f-2fbcf0b4ae42",
              "entry": {
                "spark_job_entry_type": "SparkJobPythonEntry",
                "file": "sampleword.py"
              }
            },
            "count_word": {
              "type": "spark",
              "resources": {
                "instance_type": "standard_e4s_v3",
                "runtime_version": "3.2.0"
              },
              "identity": {
                "identity_type": "UserIdentity"
              },
              "conf": {
                "spark.driver.cores": 1,
                "spark.driver.memory": "2g",
                "spark.executor.cores": 2,
                "spark.executor.memory": "2g",
                "spark.executor.instances": 4
              },
              "args": "--input1 ${{inputs.input1}}",
              "name": "count_word",
              "inputs": {
                "input1": {
                  "job_input_type": "literal",
                  "value": "${{parent.jobs.sample_word.outputs.output1}}"
                }
              },
              "_source": "YAML.JOB",
              "componentId": "/subscriptions/00000000-0000-0000-0000-000000000/resourceGroups/00000/providers/Microsoft.MachineLearningServices/workspaces/00000/components/azureml_anonymous/versions/a3232392-0f07-43a6-a38f-c9508d7f58d3",
              "entry": {
                "spark_job_entry_type": "SparkJobPythonEntry",
                "file": "wordcount.py"
              }
            }
          },
          "inputs": {
            "input1": {
              "description": null,
              "uri": "azureml://datastores/workspaceblobstore/paths/LocalUpload/00000000000000000000000000000000/shakespeare.txt",
              "mode": "Direct",
              "jobInputType": "uri_file"
            },
            "sample_rate": {
              "description": null,
              "jobInputType": "literal",
              "value": "0.01"
            }
          },
          "outputs": {
            "output1": {
              "description": null,
              "uri": null,
              "assetName": null,
              "assetVersion": null,
              "mode": "Direct",
              "autoDeleteSetting": null,
              "jobOutputType": "uri_file"
            }
          },
          "sourceJobId": null
        },
        "systemData": {
          "createdAt": "2023-05-11T16:41:18.8967895\u002B00:00",
          "createdBy": "Firstname Lastname",
          "createdByType": "User"
        }
      }
    }
  ],
  "Variables": {
    "name": "test_346212371445"
  }
}
