interactions:
- request:
    body: '{"location": "westus", "tags": {"tag1": "value1", "tag2": "value2"}, "sku":
      {"name": "Standard"}}'
    headers:
      Accept:
      - application/json
      Accept-Encoding:
      - gzip, deflate
      Connection:
      - keep-alive
      Content-Length:
      - '97'
      Content-Type:
      - application/json; charset=utf-8
      User-Agent:
      - python/3.8.10 (Linux-5.4.0-1047-azure-x86_64-with-glibc2.2.5) msrest/0.6.21
        VSTS_0fb41ef4-5012-48a9-bf39-4ee3de03ee35_build_2384_0 msrest_azure/0.6.4
        azure-mgmt-eventhub/5.0.0 Azure-SDK-For-Python
      accept-language:
      - en-US
    method: PUT
    uri: https://management.azure.com/subscriptions/00000000-0000-0000-0000-000000000000/resourceGroups/test_azure_mgmt_eventhub_consumergroup_test_eh_consumergroup_curd82b51b32/providers/Microsoft.EventHub/namespaces/pythontestcaseeventhubnamespaceConsumerGroup?api-version=2017-04-01
  response:
    body:
      string: '{"sku":{"name":"Standard","tier":"Standard","capacity":1},"id":"/subscriptions/00000000-0000-0000-0000-000000000000/resourceGroups/test_azure_mgmt_eventhub_consumergroup_test_eh_consumergroup_curd82b51b32/providers/Microsoft.EventHub/namespaces/pythontestcaseeventhubnamespaceConsumerGroup","name":"pythontestcaseeventhubnamespaceConsumerGroup","type":"Microsoft.EventHub/Namespaces","location":"West
        US","tags":{"tag1":"value1","tag2":"value2"},"properties":{"isAutoInflateEnabled":false,"maximumThroughputUnits":0,"kafkaEnabled":true,"provisioningState":"Created","metricId":"00000000-0000-0000-0000-000000000000:pythontestcaseeventhubnamespaceconsumergroup","createdAt":"2021-05-25T03:15:22.393Z","updatedAt":"2021-05-25T03:15:22.393Z","serviceBusEndpoint":"https://pythontestcaseeventhubnamespaceConsumerGroup.servicebus.windows.net:443/","status":"Activating"}}'
    headers:
      cache-control:
      - no-cache
      content-length:
      - '871'
      content-type:
      - application/json; charset=utf-8
      date:
      - Tue, 25 May 2021 03:15:23 GMT
      expires:
      - '-1'
      pragma:
      - no-cache
      server:
      - Service-Bus-Resource-Provider/CH3
      - Microsoft-HTTPAPI/2.0
      server-sb:
      - Service-Bus-Resource-Provider/CH3
      strict-transport-security:
      - max-age=31536000; includeSubDomains
      transfer-encoding:
      - chunked
      vary:
      - Accept-Encoding
      x-content-type-options:
      - nosniff
      x-ms-ratelimit-remaining-subscription-resource-requests:
      - '49'
    status:
      code: 200
      message: OK
- request:
    body: null
    headers:
      Accept:
      - application/json
      Accept-Encoding:
      - gzip, deflate
      Connection:
      - keep-alive
      User-Agent:
      - python/3.8.10 (Linux-5.4.0-1047-azure-x86_64-with-glibc2.2.5) msrest/0.6.21
        VSTS_0fb41ef4-5012-48a9-bf39-4ee3de03ee35_build_2384_0 msrest_azure/0.6.4
        azure-mgmt-eventhub/5.0.0 Azure-SDK-For-Python
    method: GET
    uri: https://management.azure.com/subscriptions/00000000-0000-0000-0000-000000000000/resourceGroups/test_azure_mgmt_eventhub_consumergroup_test_eh_consumergroup_curd82b51b32/providers/Microsoft.EventHub/namespaces/pythontestcaseeventhubnamespaceConsumerGroup?api-version=2017-04-01
  response:
    body:
      string: '{"sku":{"name":"Standard","tier":"Standard","capacity":1},"id":"/subscriptions/00000000-0000-0000-0000-000000000000/resourceGroups/test_azure_mgmt_eventhub_consumergroup_test_eh_consumergroup_curd82b51b32/providers/Microsoft.EventHub/namespaces/pythontestcaseeventhubnamespaceConsumerGroup","name":"pythontestcaseeventhubnamespaceConsumerGroup","type":"Microsoft.EventHub/Namespaces","location":"West
        US","tags":{"tag1":"value1","tag2":"value2"},"properties":{"isAutoInflateEnabled":false,"maximumThroughputUnits":0,"kafkaEnabled":true,"provisioningState":"Created","metricId":"00000000-0000-0000-0000-000000000000:pythontestcaseeventhubnamespaceconsumergroup","createdAt":"2021-05-25T03:15:22.393Z","updatedAt":"2021-05-25T03:15:22.393Z","serviceBusEndpoint":"https://pythontestcaseeventhubnamespaceConsumerGroup.servicebus.windows.net:443/","status":"Activating"}}'
    headers:
      cache-control:
      - no-cache
      content-length:
      - '871'
      content-type:
      - application/json; charset=utf-8
      date:
      - Tue, 25 May 2021 03:15:52 GMT
      expires:
      - '-1'
      pragma:
      - no-cache
      server:
      - Service-Bus-Resource-Provider/SN1
      - Microsoft-HTTPAPI/2.0
      server-sb:
      - Service-Bus-Resource-Provider/SN1
      strict-transport-security:
      - max-age=31536000; includeSubDomains
      transfer-encoding:
      - chunked
      vary:
      - Accept-Encoding
      x-content-type-options:
      - nosniff
    status:
      code: 200
      message: OK
- request:
    body: null
    headers:
      Accept:
      - application/json
      Accept-Encoding:
      - gzip, deflate
      Connection:
      - keep-alive
      User-Agent:
      - python/3.8.10 (Linux-5.4.0-1047-azure-x86_64-with-glibc2.2.5) msrest/0.6.21
        VSTS_0fb41ef4-5012-48a9-bf39-4ee3de03ee35_build_2384_0 msrest_azure/0.6.4
        azure-mgmt-eventhub/5.0.0 Azure-SDK-For-Python
    method: GET
    uri: https://management.azure.com/subscriptions/00000000-0000-0000-0000-000000000000/resourceGroups/test_azure_mgmt_eventhub_consumergroup_test_eh_consumergroup_curd82b51b32/providers/Microsoft.EventHub/namespaces/pythontestcaseeventhubnamespaceConsumerGroup?api-version=2017-04-01
  response:
    body:
      string: '{"sku":{"name":"Standard","tier":"Standard","capacity":1},"id":"/subscriptions/00000000-0000-0000-0000-000000000000/resourceGroups/test_azure_mgmt_eventhub_consumergroup_test_eh_consumergroup_curd82b51b32/providers/Microsoft.EventHub/namespaces/pythontestcaseeventhubnamespaceConsumerGroup","name":"pythontestcaseeventhubnamespaceConsumerGroup","type":"Microsoft.EventHub/Namespaces","location":"West
        US","tags":{"tag1":"value1","tag2":"value2"},"properties":{"isAutoInflateEnabled":false,"maximumThroughputUnits":0,"kafkaEnabled":true,"provisioningState":"Succeeded","metricId":"00000000-0000-0000-0000-000000000000:pythontestcaseeventhubnamespaceconsumergroup","createdAt":"2021-05-25T03:15:22.393Z","updatedAt":"2021-05-25T03:16:13.003Z","serviceBusEndpoint":"https://pythontestcaseeventhubnamespaceConsumerGroup.servicebus.windows.net:443/","status":"Active"}}'
    headers:
      cache-control:
      - no-cache
      content-length:
      - '869'
      content-type:
      - application/json; charset=utf-8
      date:
      - Tue, 25 May 2021 03:16:23 GMT
      expires:
      - '-1'
      pragma:
      - no-cache
      server:
      - Service-Bus-Resource-Provider/SN1
      - Microsoft-HTTPAPI/2.0
      server-sb:
      - Service-Bus-Resource-Provider/SN1
      strict-transport-security:
      - max-age=31536000; includeSubDomains
      transfer-encoding:
      - chunked
      vary:
      - Accept-Encoding
      x-content-type-options:
      - nosniff
    status:
      code: 200
      message: OK
- request:
    body: null
    headers:
      Accept:
      - application/json
      Accept-Encoding:
      - gzip, deflate
      Connection:
      - keep-alive
      User-Agent:
      - python/3.8.10 (Linux-5.4.0-1047-azure-x86_64-with-glibc2.2.5) msrest/0.6.21
        VSTS_0fb41ef4-5012-48a9-bf39-4ee3de03ee35_build_2384_0 msrest_azure/0.6.4
        azure-mgmt-eventhub/5.0.0 Azure-SDK-For-Python
      accept-language:
      - en-US
    method: GET
    uri: https://management.azure.com/subscriptions/00000000-0000-0000-0000-000000000000/resourceGroups/test_azure_mgmt_eventhub_consumergroup_test_eh_consumergroup_curd82b51b32/providers/Microsoft.EventHub/namespaces/pythontestcaseeventhubnamespaceConsumerGroup?api-version=2017-04-01
  response:
    body:
      string: '{"sku":{"name":"Standard","tier":"Standard","capacity":1},"id":"/subscriptions/00000000-0000-0000-0000-000000000000/resourceGroups/test_azure_mgmt_eventhub_consumergroup_test_eh_consumergroup_curd82b51b32/providers/Microsoft.EventHub/namespaces/pythontestcaseeventhubnamespaceConsumerGroup","name":"pythontestcaseeventhubnamespaceConsumerGroup","type":"Microsoft.EventHub/Namespaces","location":"West
        US","tags":{"tag1":"value1","tag2":"value2"},"properties":{"isAutoInflateEnabled":false,"maximumThroughputUnits":0,"kafkaEnabled":true,"provisioningState":"Succeeded","metricId":"00000000-0000-0000-0000-000000000000:pythontestcaseeventhubnamespaceconsumergroup","createdAt":"2021-05-25T03:15:22.393Z","updatedAt":"2021-05-25T03:16:13.003Z","serviceBusEndpoint":"https://pythontestcaseeventhubnamespaceConsumerGroup.servicebus.windows.net:443/","status":"Active"}}'
    headers:
      cache-control:
      - no-cache
      content-length:
      - '869'
      content-type:
      - application/json; charset=utf-8
      date:
      - Tue, 25 May 2021 03:16:23 GMT
      expires:
      - '-1'
      pragma:
      - no-cache
      server:
      - Service-Bus-Resource-Provider/CH3
      - Microsoft-HTTPAPI/2.0
      server-sb:
      - Service-Bus-Resource-Provider/CH3
      strict-transport-security:
      - max-age=31536000; includeSubDomains
      transfer-encoding:
      - chunked
      vary:
      - Accept-Encoding
      x-content-type-options:
      - nosniff
    status:
      code: 200
      message: OK
- request:
    body: '{"properties": {"messageRetentionInDays": 4, "partitionCount": 4, "captureDescription":
      {"enabled": true, "encoding": "Avro", "intervalInSeconds": 120, "sizeLimitInBytes":
      10485763, "destination": {"name": "EventHubArchive.AzureBlockBlob", "properties":
      {"storageAccountResourceId": "/subscriptions/00000000-0000-0000-0000-000000000000/resourceGroups/Default-Storage-SouthCentralUS/providers/Microsoft.Storage/storageAccounts/arjunteststorage",
      "blobContainer": "container", "archiveNameFormat": "{Namespace}/{EventHub}/{PartitionId}/{Year}/{Month}/{Day}/{Hour}/{Minute}/{Second}"}}}}}'
    headers:
      Accept:
      - application/json
      Accept-Encoding:
      - gzip, deflate
      Connection:
      - keep-alive
      Content-Length:
      - '585'
      Content-Type:
      - application/json; charset=utf-8
      User-Agent:
      - python/3.8.10 (Linux-5.4.0-1047-azure-x86_64-with-glibc2.2.5) msrest/0.6.21
        VSTS_0fb41ef4-5012-48a9-bf39-4ee3de03ee35_build_2384_0 msrest_azure/0.6.4
        azure-mgmt-eventhub/5.0.0 Azure-SDK-For-Python
      accept-language:
      - en-US
    method: PUT
    uri: https://management.azure.com/subscriptions/00000000-0000-0000-0000-000000000000/resourceGroups/test_azure_mgmt_eventhub_consumergroup_test_eh_consumergroup_curd82b51b32/providers/Microsoft.EventHub/namespaces/pythontestcaseeventhubnamespaceConsumerGroup/eventhubs/testingpythontestcaseeventhubConsumerGroup?api-version=2017-04-01
  response:
    body:
      string: '{"error":{"message":"SubCode=50006. Storage Account ''/subscriptions/00000000-0000-0000-0000-000000000000/resourceGroups/Default-Storage-SouthCentralUS/providers/Microsoft.Storage/storageAccounts/arjunteststorage''
        was not found. TrackingId:c647c4d1-d3f7-4671-8284-7d65a3e0e5df_M10CH3_M10CH3_G29,
        SystemTracker:pythontestcaseeventhubnamespaceconsumergroup.servicebus.windows.net:testingpythontestcaseeventhubConsumerGroup,
        Timestamp:2021-05-25T03:16:25 CorrelationId: 4f1341ba-906a-4e04-9084-c8f91c731987","code":"BadRequest"}}'
    headers:
      cache-control:
      - no-cache
      content-length:
      - '525'
      content-type:
      - application/json; charset=utf-8
      date:
      - Tue, 25 May 2021 03:16:25 GMT
      expires:
      - '-1'
      pragma:
      - no-cache
      server:
      - Service-Bus-Resource-Provider/CH3
      - Microsoft-HTTPAPI/2.0
      server-sb:
      - Service-Bus-Resource-Provider/CH3
      strict-transport-security:
      - max-age=31536000; includeSubDomains
      x-content-type-options:
      - nosniff
      x-ms-ratelimit-remaining-subscription-writes:
      - '1199'
    status:
      code: 400
      message: Bad Request
version: 1
