interactions:
- request:
    body: '{"location": "westus", "tags": {"tag1": "value1", "tag2": "value2"}, "sku":
      {"name": "Standard"}}'
    headers:
      Accept:
      - application/json
      Accept-Encoding:
      - gzip, deflate
      Connection:
      - keep-alive
      Content-Length:
      - '97'
      Content-Type:
      - application/json; charset=utf-8
      User-Agent:
      - python/3.6.9 (Linux-4.19.76-linuxkit-x86_64-with-Ubuntu-18.04-bionic) msrest/0.6.10
        msrest_azure/0.6.2 azure-mgmt-eventhub/4.1.0 Azure-SDK-For-Python
      accept-language:
      - en-US
    method: PUT
    uri: https://management.azure.com/subscriptions/00000000-0000-0000-0000-000000000000/resourceGroups/test_azure_mgmt_eventhub_consumergroup_test_eh_consumergroup_curd82b51b32/providers/Microsoft.EventHub/namespaces/pythontestcaseeventhubnamespaceConsumerGroup?api-version=2017-04-01
  response:
    body:
      string: '{"sku":{"name":"Standard","tier":"Standard","capacity":1},"id":"/subscriptions/00000000-0000-0000-0000-000000000000/resourceGroups/test_azure_mgmt_eventhub_consumergroup_test_eh_consumergroup_curd82b51b32/providers/Microsoft.EventHub/namespaces/pythontestcaseeventhubnamespaceConsumerGroup","name":"pythontestcaseeventhubnamespaceConsumerGroup","type":"Microsoft.EventHub/Namespaces","location":"West
        US","tags":{"tag1":"value1","tag2":"value2"},"properties":{"isAutoInflateEnabled":false,"maximumThroughputUnits":0,"kafkaEnabled":true,"provisioningState":"Created","metricId":"00000000-0000-0000-0000-000000000000:pythontestcaseeventhubnamespaceconsumergroup","createdAt":"2020-09-07T06:12:50.117Z","updatedAt":"2020-09-07T06:12:50.117Z","serviceBusEndpoint":"https://pythontestcaseeventhubnamespaceConsumerGroup.servicebus.windows.net:443/","status":"Activating"}}'
    headers:
      cache-control:
      - no-cache
      content-length:
      - '866'
      content-type:
      - application/json; charset=utf-8
      date:
      - Mon, 07 Sep 2020 06:12:50 GMT
      expires:
      - '-1'
      pragma:
      - no-cache
      server:
      - Service-Bus-Resource-Provider/SN1
      - Microsoft-HTTPAPI/2.0
      server-sb:
      - Service-Bus-Resource-Provider/SN1
      strict-transport-security:
      - max-age=31536000; includeSubDomains
      transfer-encoding:
      - chunked
      vary:
      - Accept-Encoding
      x-content-type-options:
      - nosniff
      x-ms-ratelimit-remaining-subscription-resource-requests:
      - '49'
    status:
      code: 200
      message: OK
- request:
    body: null
    headers:
      Accept:
      - application/json
      Accept-Encoding:
      - gzip, deflate
      Connection:
      - keep-alive
      User-Agent:
      - python/3.6.9 (Linux-4.19.76-linuxkit-x86_64-with-Ubuntu-18.04-bionic) msrest/0.6.10
        msrest_azure/0.6.2 azure-mgmt-eventhub/4.1.0 Azure-SDK-For-Python
    method: GET
    uri: https://management.azure.com/subscriptions/00000000-0000-0000-0000-000000000000/resourceGroups/test_azure_mgmt_eventhub_consumergroup_test_eh_consumergroup_curd82b51b32/providers/Microsoft.EventHub/namespaces/pythontestcaseeventhubnamespaceConsumerGroup?api-version=2017-04-01
  response:
    body:
      string: '{"sku":{"name":"Standard","tier":"Standard","capacity":1},"id":"/subscriptions/00000000-0000-0000-0000-000000000000/resourceGroups/test_azure_mgmt_eventhub_consumergroup_test_eh_consumergroup_curd82b51b32/providers/Microsoft.EventHub/namespaces/pythontestcaseeventhubnamespaceConsumerGroup","name":"pythontestcaseeventhubnamespaceConsumerGroup","type":"Microsoft.EventHub/Namespaces","location":"West
        US","tags":{"tag1":"value1","tag2":"value2"},"properties":{"isAutoInflateEnabled":false,"maximumThroughputUnits":0,"kafkaEnabled":true,"provisioningState":"Created","metricId":"00000000-0000-0000-0000-000000000000:pythontestcaseeventhubnamespaceconsumergroup","createdAt":"2020-09-07T06:12:50.117Z","updatedAt":"2020-09-07T06:12:50.117Z","serviceBusEndpoint":"https://pythontestcaseeventhubnamespaceConsumerGroup.servicebus.windows.net:443/","status":"Activating"}}'
    headers:
      cache-control:
      - no-cache
      content-length:
      - '866'
      content-type:
      - application/json; charset=utf-8
      date:
      - Mon, 07 Sep 2020 06:13:22 GMT
      expires:
      - '-1'
      pragma:
      - no-cache
      server:
      - Service-Bus-Resource-Provider/CH3
      - Microsoft-HTTPAPI/2.0
      server-sb:
      - Service-Bus-Resource-Provider/CH3
      strict-transport-security:
      - max-age=31536000; includeSubDomains
      transfer-encoding:
      - chunked
      vary:
      - Accept-Encoding
      x-content-type-options:
      - nosniff
    status:
      code: 200
      message: OK
- request:
    body: null
    headers:
      Accept:
      - application/json
      Accept-Encoding:
      - gzip, deflate
      Connection:
      - keep-alive
      User-Agent:
      - python/3.6.9 (Linux-4.19.76-linuxkit-x86_64-with-Ubuntu-18.04-bionic) msrest/0.6.10
        msrest_azure/0.6.2 azure-mgmt-eventhub/4.1.0 Azure-SDK-For-Python
    method: GET
    uri: https://management.azure.com/subscriptions/00000000-0000-0000-0000-000000000000/resourceGroups/test_azure_mgmt_eventhub_consumergroup_test_eh_consumergroup_curd82b51b32/providers/Microsoft.EventHub/namespaces/pythontestcaseeventhubnamespaceConsumerGroup?api-version=2017-04-01
  response:
    body:
      string: '{"sku":{"name":"Standard","tier":"Standard","capacity":1},"id":"/subscriptions/00000000-0000-0000-0000-000000000000/resourceGroups/test_azure_mgmt_eventhub_consumergroup_test_eh_consumergroup_curd82b51b32/providers/Microsoft.EventHub/namespaces/pythontestcaseeventhubnamespaceConsumerGroup","name":"pythontestcaseeventhubnamespaceConsumerGroup","type":"Microsoft.EventHub/Namespaces","location":"West
        US","tags":{"tag1":"value1","tag2":"value2"},"properties":{"isAutoInflateEnabled":false,"maximumThroughputUnits":0,"kafkaEnabled":true,"provisioningState":"Succeeded","metricId":"00000000-0000-0000-0000-000000000000:pythontestcaseeventhubnamespaceconsumergroup","createdAt":"2020-09-07T06:12:50.117Z","updatedAt":"2020-09-07T06:13:32.903Z","serviceBusEndpoint":"https://pythontestcaseeventhubnamespaceConsumerGroup.servicebus.windows.net:443/","status":"Active"}}'
    headers:
      cache-control:
      - no-cache
      content-length:
      - '864'
      content-type:
      - application/json; charset=utf-8
      date:
      - Mon, 07 Sep 2020 06:13:53 GMT
      expires:
      - '-1'
      pragma:
      - no-cache
      server:
      - Service-Bus-Resource-Provider/CH3
      - Microsoft-HTTPAPI/2.0
      server-sb:
      - Service-Bus-Resource-Provider/CH3
      strict-transport-security:
      - max-age=31536000; includeSubDomains
      transfer-encoding:
      - chunked
      vary:
      - Accept-Encoding
      x-content-type-options:
      - nosniff
    status:
      code: 200
      message: OK
- request:
    body: null
    headers:
      Accept:
      - application/json
      Accept-Encoding:
      - gzip, deflate
      Connection:
      - keep-alive
      User-Agent:
      - python/3.6.9 (Linux-4.19.76-linuxkit-x86_64-with-Ubuntu-18.04-bionic) msrest/0.6.10
        msrest_azure/0.6.2 azure-mgmt-eventhub/4.1.0 Azure-SDK-For-Python
      accept-language:
      - en-US
    method: GET
    uri: https://management.azure.com/subscriptions/00000000-0000-0000-0000-000000000000/resourceGroups/test_azure_mgmt_eventhub_consumergroup_test_eh_consumergroup_curd82b51b32/providers/Microsoft.EventHub/namespaces/pythontestcaseeventhubnamespaceConsumerGroup?api-version=2017-04-01
  response:
    body:
      string: '{"sku":{"name":"Standard","tier":"Standard","capacity":1},"id":"/subscriptions/00000000-0000-0000-0000-000000000000/resourceGroups/test_azure_mgmt_eventhub_consumergroup_test_eh_consumergroup_curd82b51b32/providers/Microsoft.EventHub/namespaces/pythontestcaseeventhubnamespaceConsumerGroup","name":"pythontestcaseeventhubnamespaceConsumerGroup","type":"Microsoft.EventHub/Namespaces","location":"West
        US","tags":{"tag1":"value1","tag2":"value2"},"properties":{"isAutoInflateEnabled":false,"maximumThroughputUnits":0,"kafkaEnabled":true,"provisioningState":"Succeeded","metricId":"00000000-0000-0000-0000-000000000000:pythontestcaseeventhubnamespaceconsumergroup","createdAt":"2020-09-07T06:12:50.117Z","updatedAt":"2020-09-07T06:13:32.903Z","serviceBusEndpoint":"https://pythontestcaseeventhubnamespaceConsumerGroup.servicebus.windows.net:443/","status":"Active"}}'
    headers:
      cache-control:
      - no-cache
      content-length:
      - '864'
      content-type:
      - application/json; charset=utf-8
      date:
      - Mon, 07 Sep 2020 06:13:54 GMT
      expires:
      - '-1'
      pragma:
      - no-cache
      server:
      - Service-Bus-Resource-Provider/SN1
      - Microsoft-HTTPAPI/2.0
      server-sb:
      - Service-Bus-Resource-Provider/SN1
      strict-transport-security:
      - max-age=31536000; includeSubDomains
      transfer-encoding:
      - chunked
      vary:
      - Accept-Encoding
      x-content-type-options:
      - nosniff
    status:
      code: 200
      message: OK
- request:
    body: 'b''b\''{"properties": {"messageRetentionInDays": 4, "partitionCount": 4,
      "captureDescription": {"enabled": true, "encoding": "Avro", "intervalInSeconds":
      120, "sizeLimitInBytes": 10485763, "destination": {"name": "EventHubArchive.AzureBlockBlob",
      "properties": {"storageAccountResourceId": "/subscriptions/00000000-0000-0000-0000-000000000000/resourceGroups/Default-Storage-SouthCentralUS/providers/Microsoft.Storage/storageAccounts/arjunteststorage",
      "blobContainer": "container", "archiveNameFormat": "{Namespace}/{EventHub}/{PartitionId}/{Year}/{Month}/{Day}/{Hour}/{Minute}/{Second}"}}}}}\'''''
    headers:
      Accept:
      - application/json
      Accept-Encoding:
      - gzip, deflate
      Connection:
      - keep-alive
      Content-Length:
      - '585'
      Content-Type:
      - application/json; charset=utf-8
      User-Agent:
      - python/3.6.9 (Linux-4.19.76-linuxkit-x86_64-with-Ubuntu-18.04-bionic) msrest/0.6.10
        msrest_azure/0.6.2 azure-mgmt-eventhub/4.1.0 Azure-SDK-For-Python
      accept-language:
      - en-US
    method: PUT
    uri: https://management.azure.com/subscriptions/00000000-0000-0000-0000-000000000000/resourceGroups/test_azure_mgmt_eventhub_consumergroup_test_eh_consumergroup_curd82b51b32/providers/Microsoft.EventHub/namespaces/pythontestcaseeventhubnamespaceConsumerGroup/eventhubs/testingpythontestcaseeventhubConsumerGroup?api-version=2017-04-01
  response:
    body:
      string: '{"id":"/subscriptions/00000000-0000-0000-0000-000000000000/resourceGroups/test_azure_mgmt_eventhub_consumergroup_test_eh_consumergroup_curd82b51b32/providers/Microsoft.EventHub/namespaces/pythontestcaseeventhubnamespaceConsumerGroup/eventhubs/testingpythontestcaseeventhubConsumerGroup","name":"testingpythontestcaseeventhubConsumerGroup","type":"Microsoft.EventHub/Namespaces/EventHubs","location":"West
        US","properties":{"messageRetentionInDays":4,"partitionCount":4,"status":"Active","createdAt":"2020-09-07T06:13:55.95Z","updatedAt":"2020-09-07T06:13:56.437Z","partitionIds":["0","1","2","3"],"captureDescription":{"enabled":true,"encoding":"Avro","destination":{"name":"EventHubArchive.AzureBlockBlob","properties":{"storageAccountResourceId":"/subscriptions/00000000-0000-0000-0000-000000000000/resourceGroups/Default-Storage-SouthCentralUS/providers/Microsoft.Storage/storageAccounts/arjunteststorage","blobContainer":"container","archiveNameFormat":"{Namespace}/{EventHub}/{PartitionId}/{Year}/{Month}/{Day}/{Hour}/{Minute}/{Second}"}},"intervalInSeconds":120,"sizeLimitInBytes":10485763}}}'
    headers:
      cache-control:
      - no-cache
      content-length:
      - '1098'
      content-type:
      - application/json; charset=utf-8
      date:
      - Mon, 07 Sep 2020 06:13:57 GMT
      expires:
      - '-1'
      pragma:
      - no-cache
      server:
      - Service-Bus-Resource-Provider/SN1
      - Microsoft-HTTPAPI/2.0
      server-sb:
      - Service-Bus-Resource-Provider/SN1
      strict-transport-security:
      - max-age=31536000; includeSubDomains
      transfer-encoding:
      - chunked
      vary:
      - Accept-Encoding
      x-content-type-options:
      - nosniff
      x-ms-ratelimit-remaining-subscription-writes:
      - '1199'
    status:
      code: 200
      message: OK
- request:
    body: null
    headers:
      Accept:
      - application/json
      Accept-Encoding:
      - gzip, deflate
      Connection:
      - keep-alive
      User-Agent:
      - python/3.6.9 (Linux-4.19.76-linuxkit-x86_64-with-Ubuntu-18.04-bionic) msrest/0.6.10
        msrest_azure/0.6.2 azure-mgmt-eventhub/4.1.0 Azure-SDK-For-Python
      accept-language:
      - en-US
    method: GET
    uri: https://management.azure.com/subscriptions/00000000-0000-0000-0000-000000000000/resourceGroups/test_azure_mgmt_eventhub_consumergroup_test_eh_consumergroup_curd82b51b32/providers/Microsoft.EventHub/namespaces/pythontestcaseeventhubnamespaceConsumerGroup/eventhubs/testingpythontestcaseeventhubConsumerGroup?api-version=2017-04-01
  response:
    body:
      string: '{"id":"/subscriptions/00000000-0000-0000-0000-000000000000/resourceGroups/test_azure_mgmt_eventhub_consumergroup_test_eh_consumergroup_curd82b51b32/providers/Microsoft.EventHub/namespaces/pythontestcaseeventhubnamespaceConsumerGroup/eventhubs/testingpythontestcaseeventhubConsumerGroup","name":"testingpythontestcaseeventhubConsumerGroup","type":"Microsoft.EventHub/Namespaces/EventHubs","location":"West
        US","properties":{"messageRetentionInDays":4,"partitionCount":4,"status":"Active","createdAt":"2020-09-07T06:13:55.95","updatedAt":"2020-09-07T06:13:56.437","partitionIds":["0","1","2","3"],"captureDescription":{"enabled":true,"encoding":"Avro","destination":{"name":"EventHubArchive.AzureBlockBlob","properties":{"storageAccountResourceId":"/subscriptions/00000000-0000-0000-0000-000000000000/resourceGroups/Default-Storage-SouthCentralUS/providers/Microsoft.Storage/storageAccounts/arjunteststorage","blobContainer":"container","archiveNameFormat":"{Namespace}/{EventHub}/{PartitionId}/{Year}/{Month}/{Day}/{Hour}/{Minute}/{Second}"}},"intervalInSeconds":120,"sizeLimitInBytes":10485763}}}'
    headers:
      cache-control:
      - no-cache
      content-length:
      - '1096'
      content-type:
      - application/json; charset=utf-8
      date:
      - Mon, 07 Sep 2020 06:13:57 GMT
      expires:
      - '-1'
      pragma:
      - no-cache
      server:
      - Service-Bus-Resource-Provider/SN1
      - Microsoft-HTTPAPI/2.0
      server-sb:
      - Service-Bus-Resource-Provider/SN1
      strict-transport-security:
      - max-age=31536000; includeSubDomains
      transfer-encoding:
      - chunked
      vary:
      - Accept-Encoding
      x-content-type-options:
      - nosniff
    status:
      code: 200
      message: OK
- request:
    body: null
    headers:
      Accept:
      - application/json
      Accept-Encoding:
      - gzip, deflate
      Connection:
      - keep-alive
      User-Agent:
      - python/3.6.9 (Linux-4.19.76-linuxkit-x86_64-with-Ubuntu-18.04-bionic) msrest/0.6.10
        msrest_azure/0.6.2 azure-mgmt-eventhub/4.1.0 Azure-SDK-For-Python
      accept-language:
      - en-US
    method: GET
    uri: https://management.azure.com/subscriptions/00000000-0000-0000-0000-000000000000/resourceGroups/test_azure_mgmt_eventhub_consumergroup_test_eh_consumergroup_curd82b51b32/providers/Microsoft.EventHub/namespaces/pythontestcaseeventhubnamespaceConsumerGroup/eventhubs?api-version=2017-04-01
  response:
    body:
      string: '{"value":[{"id":"/subscriptions/00000000-0000-0000-0000-000000000000/resourceGroups/test_azure_mgmt_eventhub_consumergroup_test_eh_consumergroup_curd82b51b32/providers/Microsoft.EventHub/namespaces/pythontestcaseeventhubnamespaceConsumerGroup/eventhubs/testingpythontestcaseeventhubconsumergroup","name":"testingpythontestcaseeventhubconsumergroup","type":"Microsoft.EventHub/Namespaces/EventHubs","location":"West
        US","properties":{"messageRetentionInDays":4,"partitionCount":4,"status":"Active","createdAt":"2020-09-07T06:13:55.95","updatedAt":"2020-09-07T06:13:56.437","partitionIds":["0","1","2","3"],"captureDescription":{"enabled":true,"encoding":"Avro","destination":{"name":"EventHubArchive.AzureBlockBlob","properties":{"storageAccountResourceId":"/subscriptions/00000000-0000-0000-0000-000000000000/resourceGroups/Default-Storage-SouthCentralUS/providers/Microsoft.Storage/storageAccounts/arjunteststorage","blobContainer":"container","archiveNameFormat":"{Namespace}/{EventHub}/{PartitionId}/{Year}/{Month}/{Day}/{Hour}/{Minute}/{Second}"}},"intervalInSeconds":120,"sizeLimitInBytes":10485763}}}]}'
    headers:
      cache-control:
      - no-cache
      content-length:
      - '1108'
      content-type:
      - application/json; charset=utf-8
      date:
      - Mon, 07 Sep 2020 06:13:58 GMT
      expires:
      - '-1'
      pragma:
      - no-cache
      server:
      - Service-Bus-Resource-Provider/SN1
      - Microsoft-HTTPAPI/2.0
      server-sb:
      - Service-Bus-Resource-Provider/SN1
      strict-transport-security:
      - max-age=31536000; includeSubDomains
      transfer-encoding:
      - chunked
      vary:
      - Accept-Encoding
      x-content-type-options:
      - nosniff
      x-ms-inline-count:
      - ''
    status:
      code: 200
      message: OK
- request:
    body: 'b''b\''{"properties": {"messageRetentionInDays": 6, "partitionCount": 4,
      "captureDescription": {"enabled": true, "encoding": "Avro", "intervalInSeconds":
      130, "sizeLimitInBytes": 10485900, "destination": {"name": "EventHubArchive.AzureBlockBlob",
      "properties": {"storageAccountResourceId": "/subscriptions/00000000-0000-0000-0000-000000000000/resourceGroups/Default-Storage-SouthCentralUS/providers/Microsoft.Storage/storageAccounts/arjunteststorage",
      "blobContainer": "container", "archiveNameFormat": "{Namespace}/{EventHub}/{PartitionId}/{Year}/{Month}/{Day}/{Hour}/{Minute}/{Second}"}}}}}\'''''
    headers:
      Accept:
      - application/json
      Accept-Encoding:
      - gzip, deflate
      Connection:
      - keep-alive
      Content-Length:
      - '585'
      Content-Type:
      - application/json; charset=utf-8
      User-Agent:
      - python/3.6.9 (Linux-4.19.76-linuxkit-x86_64-with-Ubuntu-18.04-bionic) msrest/0.6.10
        msrest_azure/0.6.2 azure-mgmt-eventhub/4.1.0 Azure-SDK-For-Python
      accept-language:
      - en-US
    method: PUT
    uri: https://management.azure.com/subscriptions/00000000-0000-0000-0000-000000000000/resourceGroups/test_azure_mgmt_eventhub_consumergroup_test_eh_consumergroup_curd82b51b32/providers/Microsoft.EventHub/namespaces/pythontestcaseeventhubnamespaceConsumerGroup/eventhubs/testingpythontestcaseeventhubConsumerGroup?api-version=2017-04-01
  response:
    body:
      string: '{"id":"/subscriptions/00000000-0000-0000-0000-000000000000/resourceGroups/test_azure_mgmt_eventhub_consumergroup_test_eh_consumergroup_curd82b51b32/providers/Microsoft.EventHub/namespaces/pythontestcaseeventhubnamespaceConsumerGroup/eventhubs/testingpythontestcaseeventhubConsumerGroup","name":"testingpythontestcaseeventhubConsumerGroup","type":"Microsoft.EventHub/Namespaces/EventHubs","location":"West
        US","properties":{"messageRetentionInDays":6,"partitionCount":4,"status":"Active","createdAt":"0001-01-01T00:00:00","updatedAt":"0001-01-01T00:00:00","partitionIds":[],"captureDescription":{"enabled":true,"encoding":"Avro","destination":{"name":"EventHubArchive.AzureBlockBlob","properties":{"storageAccountResourceId":"/subscriptions/00000000-0000-0000-0000-000000000000/resourceGroups/Default-Storage-SouthCentralUS/providers/Microsoft.Storage/storageAccounts/arjunteststorage","blobContainer":"container","archiveNameFormat":"{Namespace}/{EventHub}/{PartitionId}/{Year}/{Month}/{Day}/{Hour}/{Minute}/{Second}"}},"intervalInSeconds":130,"sizeLimitInBytes":10485900}}}'
    headers:
      cache-control:
      - no-cache
      content-length:
      - '1074'
      content-type:
      - application/json; charset=utf-8
      date:
      - Mon, 07 Sep 2020 06:13:59 GMT
      expires:
      - '-1'
      pragma:
      - no-cache
      server:
      - Service-Bus-Resource-Provider/SN1
      - Microsoft-HTTPAPI/2.0
      server-sb:
      - Service-Bus-Resource-Provider/SN1
      strict-transport-security:
      - max-age=31536000; includeSubDomains
      transfer-encoding:
      - chunked
      vary:
      - Accept-Encoding
      x-content-type-options:
      - nosniff
      x-ms-ratelimit-remaining-subscription-writes:
      - '1198'
    status:
      code: 200
      message: OK
- request:
    body: '{"properties": {"userMetadata": "Testing the User Metadata"}}'
    headers:
      Accept:
      - application/json
      Accept-Encoding:
      - gzip, deflate
      Connection:
      - keep-alive
      Content-Length:
      - '61'
      Content-Type:
      - application/json; charset=utf-8
      User-Agent:
      - python/3.6.9 (Linux-4.19.76-linuxkit-x86_64-with-Ubuntu-18.04-bionic) msrest/0.6.10
        msrest_azure/0.6.2 azure-mgmt-eventhub/4.1.0 Azure-SDK-For-Python
      accept-language:
      - en-US
    method: PUT
    uri: https://management.azure.com/subscriptions/00000000-0000-0000-0000-000000000000/resourceGroups/test_azure_mgmt_eventhub_consumergroup_test_eh_consumergroup_curd82b51b32/providers/Microsoft.EventHub/namespaces/pythontestcaseeventhubnamespaceConsumerGroup/eventhubs/testingpythontestcaseeventhubConsumerGroup/consumergroups/testingpythontestcaseconsumergroup?api-version=2017-04-01
  response:
    body:
      string: '{"id":"/subscriptions/00000000-0000-0000-0000-000000000000/resourceGroups/test_azure_mgmt_eventhub_consumergroup_test_eh_consumergroup_curd82b51b32/providers/Microsoft.EventHub/namespaces/pythontestcaseeventhubnamespaceConsumerGroup/eventhubs/testingpythontestcaseeventhubConsumerGroup/consumergroups/testingpythontestcaseconsumergroup","name":"testingpythontestcaseconsumergroup","type":"Microsoft.EventHub/Namespaces/EventHubs/ConsumerGroups","location":"West
        US","properties":{"createdAt":"2020-09-07T06:14:00.5145035Z","updatedAt":"2020-09-07T06:14:00.5145035Z","userMetadata":"Testing
        the User Metadata"}}'
    headers:
      cache-control:
      - no-cache
      content-length:
      - '610'
      content-type:
      - application/json; charset=utf-8
      date:
      - Mon, 07 Sep 2020 06:14:00 GMT
      expires:
      - '-1'
      pragma:
      - no-cache
      server:
      - Service-Bus-Resource-Provider/SN1
      - Microsoft-HTTPAPI/2.0
      server-sb:
      - Service-Bus-Resource-Provider/SN1
      strict-transport-security:
      - max-age=31536000; includeSubDomains
      transfer-encoding:
      - chunked
      vary:
      - Accept-Encoding
      x-content-type-options:
      - nosniff
      x-ms-ratelimit-remaining-subscription-writes:
      - '1197'
    status:
      code: 200
      message: OK
- request:
    body: null
    headers:
      Accept:
      - application/json
      Accept-Encoding:
      - gzip, deflate
      Connection:
      - keep-alive
      User-Agent:
      - python/3.6.9 (Linux-4.19.76-linuxkit-x86_64-with-Ubuntu-18.04-bionic) msrest/0.6.10
        msrest_azure/0.6.2 azure-mgmt-eventhub/4.1.0 Azure-SDK-For-Python
      accept-language:
      - en-US
    method: GET
    uri: https://management.azure.com/subscriptions/00000000-0000-0000-0000-000000000000/resourceGroups/test_azure_mgmt_eventhub_consumergroup_test_eh_consumergroup_curd82b51b32/providers/Microsoft.EventHub/namespaces/pythontestcaseeventhubnamespaceConsumerGroup/eventhubs/testingpythontestcaseeventhubConsumerGroup/consumergroups/testingpythontestcaseconsumergroup?api-version=2017-04-01
  response:
    body:
      string: '{"id":"/subscriptions/00000000-0000-0000-0000-000000000000/resourceGroups/test_azure_mgmt_eventhub_consumergroup_test_eh_consumergroup_curd82b51b32/providers/Microsoft.EventHub/namespaces/pythontestcaseeventhubnamespaceConsumerGroup/eventhubs/testingpythontestcaseeventhubConsumerGroup/consumergroups/testingpythontestcaseconsumergroup","name":"testingpythontestcaseconsumergroup","type":"Microsoft.EventHub/Namespaces/EventHubs/ConsumerGroups","location":"West
        US","properties":{"createdAt":"2020-09-07T06:14:00.511Z","updatedAt":"2020-09-07T06:14:00.511Z","userMetadata":"Testing
        the User Metadata"}}'
    headers:
      cache-control:
      - no-cache
      content-length:
      - '602'
      content-type:
      - application/json; charset=utf-8
      date:
      - Mon, 07 Sep 2020 06:14:01 GMT
      expires:
      - '-1'
      pragma:
      - no-cache
      server:
      - Service-Bus-Resource-Provider/SN1
      - Microsoft-HTTPAPI/2.0
      server-sb:
      - Service-Bus-Resource-Provider/SN1
      strict-transport-security:
      - max-age=31536000; includeSubDomains
      transfer-encoding:
      - chunked
      vary:
      - Accept-Encoding
      x-content-type-options:
      - nosniff
    status:
      code: 200
      message: OK
- request:
    body: '{"properties": {"userMetadata": "update user matadata for testing"}}'
    headers:
      Accept:
      - application/json
      Accept-Encoding:
      - gzip, deflate
      Connection:
      - keep-alive
      Content-Length:
      - '68'
      Content-Type:
      - application/json; charset=utf-8
      User-Agent:
      - python/3.6.9 (Linux-4.19.76-linuxkit-x86_64-with-Ubuntu-18.04-bionic) msrest/0.6.10
        msrest_azure/0.6.2 azure-mgmt-eventhub/4.1.0 Azure-SDK-For-Python
      accept-language:
      - en-US
    method: PUT
    uri: https://management.azure.com/subscriptions/00000000-0000-0000-0000-000000000000/resourceGroups/test_azure_mgmt_eventhub_consumergroup_test_eh_consumergroup_curd82b51b32/providers/Microsoft.EventHub/namespaces/pythontestcaseeventhubnamespaceConsumerGroup/eventhubs/testingpythontestcaseeventhubConsumerGroup/consumergroups/testingpythontestcaseconsumergroup?api-version=2017-04-01
  response:
    body:
      string: '{"id":"/subscriptions/00000000-0000-0000-0000-000000000000/resourceGroups/test_azure_mgmt_eventhub_consumergroup_test_eh_consumergroup_curd82b51b32/providers/Microsoft.EventHub/namespaces/pythontestcaseeventhubnamespaceConsumerGroup/eventhubs/testingpythontestcaseeventhubConsumerGroup/consumergroups/testingpythontestcaseconsumergroup","name":"testingpythontestcaseconsumergroup","type":"Microsoft.EventHub/Namespaces/EventHubs/ConsumerGroups","location":"West
        US","properties":{"createdAt":"2020-09-07T06:14:02.9305983Z","updatedAt":"2020-09-07T06:14:02.9305983Z","userMetadata":"update
        user matadata for testing"}}'
    headers:
      cache-control:
      - no-cache
      content-length:
      - '617'
      content-type:
      - application/json; charset=utf-8
      date:
      - Mon, 07 Sep 2020 06:14:03 GMT
      expires:
      - '-1'
      pragma:
      - no-cache
      server:
      - Service-Bus-Resource-Provider/SN1
      - Microsoft-HTTPAPI/2.0
      server-sb:
      - Service-Bus-Resource-Provider/SN1
      strict-transport-security:
      - max-age=31536000; includeSubDomains
      transfer-encoding:
      - chunked
      vary:
      - Accept-Encoding
      x-content-type-options:
      - nosniff
      x-ms-ratelimit-remaining-subscription-writes:
      - '1196'
    status:
      code: 200
      message: OK
- request:
    body: null
    headers:
      Accept:
      - application/json
      Accept-Encoding:
      - gzip, deflate
      Connection:
      - keep-alive
      Content-Length:
      - '0'
      User-Agent:
      - python/3.6.9 (Linux-4.19.76-linuxkit-x86_64-with-Ubuntu-18.04-bionic) msrest/0.6.10
        msrest_azure/0.6.2 azure-mgmt-eventhub/4.1.0 Azure-SDK-For-Python
      accept-language:
      - en-US
    method: DELETE
    uri: https://management.azure.com/subscriptions/00000000-0000-0000-0000-000000000000/resourceGroups/test_azure_mgmt_eventhub_consumergroup_test_eh_consumergroup_curd82b51b32/providers/Microsoft.EventHub/namespaces/pythontestcaseeventhubnamespaceConsumerGroup/eventhubs/testingpythontestcaseeventhubConsumerGroup/consumergroups/testingpythontestcaseconsumergroup?api-version=2017-04-01
  response:
    body:
      string: ''
    headers:
      cache-control:
      - no-cache
      content-length:
      - '0'
      date:
      - Mon, 07 Sep 2020 06:14:03 GMT
      expires:
      - '-1'
      pragma:
      - no-cache
      server:
      - Service-Bus-Resource-Provider/SN1
      - Microsoft-HTTPAPI/2.0
      server-sb:
      - Service-Bus-Resource-Provider/SN1
      strict-transport-security:
      - max-age=31536000; includeSubDomains
      x-content-type-options:
      - nosniff
      x-ms-ratelimit-remaining-subscription-deletes:
      - '14999'
    status:
      code: 200
      message: OK
- request:
    body: null
    headers:
      Accept:
      - application/json
      Accept-Encoding:
      - gzip, deflate
      Connection:
      - keep-alive
      Content-Length:
      - '0'
      User-Agent:
      - python/3.6.9 (Linux-4.19.76-linuxkit-x86_64-with-Ubuntu-18.04-bionic) msrest/0.6.10
        msrest_azure/0.6.2 azure-mgmt-eventhub/4.1.0 Azure-SDK-For-Python
      accept-language:
      - en-US
    method: DELETE
    uri: https://management.azure.com/subscriptions/00000000-0000-0000-0000-000000000000/resourceGroups/test_azure_mgmt_eventhub_consumergroup_test_eh_consumergroup_curd82b51b32/providers/Microsoft.EventHub/namespaces/pythontestcaseeventhubnamespaceConsumerGroup/eventhubs/testingpythontestcaseeventhubConsumerGroup?api-version=2017-04-01
  response:
    body:
      string: ''
    headers:
      cache-control:
      - no-cache
      content-length:
      - '0'
      date:
      - Mon, 07 Sep 2020 06:14:04 GMT
      expires:
      - '-1'
      pragma:
      - no-cache
      server:
      - Service-Bus-Resource-Provider/SN1
      - Microsoft-HTTPAPI/2.0
      server-sb:
      - Service-Bus-Resource-Provider/SN1
      strict-transport-security:
      - max-age=31536000; includeSubDomains
      x-content-type-options:
      - nosniff
      x-ms-ratelimit-remaining-subscription-deletes:
      - '14998'
    status:
      code: 200
      message: OK
- request:
    body: null
    headers:
      Accept:
      - application/json
      Accept-Encoding:
      - gzip, deflate
      Connection:
      - keep-alive
      Content-Length:
      - '0'
      User-Agent:
      - python/3.6.9 (Linux-4.19.76-linuxkit-x86_64-with-Ubuntu-18.04-bionic) msrest/0.6.10
        msrest_azure/0.6.2 azure-mgmt-eventhub/4.1.0 Azure-SDK-For-Python
      accept-language:
      - en-US
    method: DELETE
    uri: https://management.azure.com/subscriptions/00000000-0000-0000-0000-000000000000/resourceGroups/test_azure_mgmt_eventhub_consumergroup_test_eh_consumergroup_curd82b51b32/providers/Microsoft.EventHub/namespaces/pythontestcaseeventhubnamespaceConsumerGroup?api-version=2017-04-01
  response:
    body:
      string: ''
    headers:
      cache-control:
      - no-cache
      content-length:
      - '0'
      date:
      - Mon, 07 Sep 2020 06:14:07 GMT
      expires:
      - '-1'
      location:
      - https://management.azure.com/subscriptions/00000000-0000-0000-0000-000000000000/resourceGroups/test_azure_mgmt_eventhub_consumergroup_test_eh_consumergroup_curd82b51b32/providers/Microsoft.EventHub/namespaces/pythontestcaseeventhubnamespaceConsumerGroup/operationresults/pythontestcaseeventhubnamespaceConsumerGroup?api-version=2017-04-01
      pragma:
      - no-cache
      server:
      - Service-Bus-Resource-Provider/SN1
      - Microsoft-HTTPAPI/2.0
      server-sb:
      - Service-Bus-Resource-Provider/SN1
      strict-transport-security:
      - max-age=31536000; includeSubDomains
      x-content-type-options:
      - nosniff
      x-ms-ratelimit-remaining-subscription-deletes:
      - '14997'
    status:
      code: 202
      message: Accepted
- request:
    body: null
    headers:
      Accept:
      - application/json
      Accept-Encoding:
      - gzip, deflate
      Connection:
      - keep-alive
      User-Agent:
      - python/3.6.9 (Linux-4.19.76-linuxkit-x86_64-with-Ubuntu-18.04-bionic) msrest/0.6.10
        msrest_azure/0.6.2 azure-mgmt-eventhub/4.1.0 Azure-SDK-For-Python
    method: GET
    uri: https://management.azure.com/subscriptions/00000000-0000-0000-0000-000000000000/resourceGroups/test_azure_mgmt_eventhub_consumergroup_test_eh_consumergroup_curd82b51b32/providers/Microsoft.EventHub/namespaces/pythontestcaseeventhubnamespaceConsumerGroup/operationresults/pythontestcaseeventhubnamespaceConsumerGroup?api-version=2017-04-01
  response:
    body:
      string: ''
    headers:
      cache-control:
      - no-cache
      content-length:
      - '0'
      date:
      - Mon, 07 Sep 2020 06:14:37 GMT
      expires:
      - '-1'
      pragma:
      - no-cache
      server:
      - Service-Bus-Resource-Provider/CH3
      - Microsoft-HTTPAPI/2.0
      server-sb:
      - Service-Bus-Resource-Provider/CH3
      strict-transport-security:
      - max-age=31536000; includeSubDomains
      x-content-type-options:
      - nosniff
    status:
      code: 200
      message: OK
version: 1
