{
  "Entries": [
    {
      "RequestUri": "https://Sanitized.sanitized_label.sanitized_location.geocatalog.spatio.azure.com/inma/operations/00000000-0000-0000-0000-000000000000?api-version=2025-04-30-preview",
      "RequestMethod": "GET",
      "RequestHeaders": {
        "Accept": "*/*",
        "Connection": "keep-alive",
        "User-Agent": "azsdk-python-planetarycomputer/1.0.0b1 Python/3.13.9 (Windows-11-10.0.26100-SP0)"
      },
      "RequestBody": null,
      "StatusCode": 200,
      "ResponseHeaders": {
        "Access-Control-Allow-Credentials": "true",
        "Access-Control-Allow-Headers": "X-PC-Request-Entity,DNT,Keep-Alive,User-Agent,X-Requested-With,If-Modified-Since,Cache-Control,Content-Type,Authorization,Location",
        "Access-Control-Allow-Methods": "PUT, GET, POST, OPTIONS, DELETE, PATCH",
        "Access-Control-Allow-Origin": "*",
        "Access-Control-Expose-Headers": "Location",
        "Access-Control-Max-Age": "1728000",
        "api-supported-versions": "2024-01-31-preview, 2025-04-30-preview",
        "Connection": "keep-alive",
        "Content-Type": "application/json; charset=utf-8",
        "Date": "Mon, 01 Jan 2024 00:00:00 GMT",
        "mise-correlation-id": "00000000-0000-0000-0000-000000000000",
        "Strict-Transport-Security": "max-age=31536000; includeSubDomains",
        "Transfer-Encoding": "chunked",
        "x-azure-ref": "Sanitized",
        "X-Cache": "CONFIG_NOCACHE",
        "X-Request-ID": "00000000000000000000000000000000"
      },
      "ResponseBody": {
        "id": "00000000-0000-0000-0000-000000000000",
        "status": "Succeeded",
        "statusHistory": [
          {
            "status": "Pending",
            "timestamp": "2025-11-03T16:22:08.6664749Z"
          },
          {
            "status": "Running",
            "timestamp": "2025-11-03T16:22:15.297107Z"
          },
          {
            "status": "Finished",
            "timestamp": "2025-11-03T16:22:15.3277826Z"
          }
        ],
        "type": "DeleteIngestion",
        "creationTime": "2025-11-03T16:22:08.6664737Z",
        "collectionId": "naip-atl",
        "additionalInformation": {
          "IngestionId": "37752547-7a9c-4522-93b9-c2004639e571"
        }
      }
    },
    {
      "RequestUri": "https://Sanitized.sanitized_label.sanitized_location.geocatalog.spatio.azure.com/inma/operations/00000000-0000-0000-0000-000000000000?api-version=2025-04-30-preview",
      "RequestMethod": "GET",
      "RequestHeaders": {
        "Accept": "*/*",
        "Connection": "keep-alive",
        "User-Agent": "azsdk-python-planetarycomputer/1.0.0b1 Python/3.13.9 (Windows-11-10.0.26100-SP0)"
      },
      "RequestBody": null,
      "StatusCode": 200,
      "ResponseHeaders": {
        "Access-Control-Allow-Credentials": "true",
        "Access-Control-Allow-Headers": "X-PC-Request-Entity,DNT,Keep-Alive,User-Agent,X-Requested-With,If-Modified-Since,Cache-Control,Content-Type,Authorization,Location",
        "Access-Control-Allow-Methods": "PUT, GET, POST, OPTIONS, DELETE, PATCH",
        "Access-Control-Allow-Origin": "*",
        "Access-Control-Expose-Headers": "Location",
        "Access-Control-Max-Age": "1728000",
        "api-supported-versions": "2024-01-31-preview, 2025-04-30-preview",
        "Connection": "keep-alive",
        "Content-Type": "application/json; charset=utf-8",
        "Date": "Mon, 01 Jan 2024 00:00:00 GMT",
        "mise-correlation-id": "00000000-0000-0000-0000-000000000000",
        "Strict-Transport-Security": "max-age=31536000; includeSubDomains",
        "Transfer-Encoding": "chunked",
        "x-azure-ref": "Sanitized",
        "X-Cache": "CONFIG_NOCACHE",
        "X-Request-ID": "00000000000000000000000000000000"
      },
      "ResponseBody": {
        "id": "00000000-0000-0000-0000-000000000000",
        "status": "Succeeded",
        "statusHistory": [
          {
            "status": "Pending",
            "timestamp": "2025-11-03T16:22:08.7812119Z"
          },
          {
            "status": "Running",
            "timestamp": "2025-11-03T16:22:15.3451977Z"
          },
          {
            "status": "Finished",
            "timestamp": "2025-11-03T16:22:15.367974Z"
          }
        ],
        "type": "DeleteIngestion",
        "creationTime": "2025-11-03T16:22:08.7812091Z",
        "collectionId": "naip-atl",
        "additionalInformation": {
          "IngestionId": "5468e3f7-2259-433d-9332-4344823bc244"
        }
      }
    },
    {
      "RequestUri": "https://Sanitized.sanitized_label.sanitized_location.geocatalog.spatio.azure.com/inma/operations/00000000-0000-0000-0000-000000000000?api-version=2025-04-30-preview",
      "RequestMethod": "GET",
      "RequestHeaders": {
        "Accept": "*/*",
        "Connection": "keep-alive",
        "User-Agent": "azsdk-python-planetarycomputer/1.0.0b1 Python/3.13.9 (Windows-11-10.0.26100-SP0)"
      },
      "RequestBody": null,
      "StatusCode": 200,
      "ResponseHeaders": {
        "Access-Control-Allow-Credentials": "true",
        "Access-Control-Allow-Headers": "X-PC-Request-Entity,DNT,Keep-Alive,User-Agent,X-Requested-With,If-Modified-Since,Cache-Control,Content-Type,Authorization,Location",
        "Access-Control-Allow-Methods": "PUT, GET, POST, OPTIONS, DELETE, PATCH",
        "Access-Control-Allow-Origin": "*",
        "Access-Control-Expose-Headers": "Location",
        "Access-Control-Max-Age": "1728000",
        "api-supported-versions": "2024-01-31-preview, 2025-04-30-preview",
        "Connection": "keep-alive",
        "Content-Type": "application/json; charset=utf-8",
        "Date": "Mon, 01 Jan 2024 00:00:00 GMT",
        "mise-correlation-id": "00000000-0000-0000-0000-000000000000",
        "Strict-Transport-Security": "max-age=31536000; includeSubDomains",
        "Transfer-Encoding": "chunked",
        "x-azure-ref": "Sanitized",
        "X-Cache": "CONFIG_NOCACHE",
        "X-Request-ID": "00000000000000000000000000000000"
      },
      "ResponseBody": {
        "id": "00000000-0000-0000-0000-000000000000",
        "status": "Succeeded",
        "statusHistory": [
          {
            "status": "Pending",
            "timestamp": "2025-11-03T16:22:08.8766406Z"
          },
          {
            "status": "Running",
            "timestamp": "2025-11-03T16:22:15.3836528Z"
          },
          {
            "status": "Finished",
            "timestamp": "2025-11-03T16:22:15.412948Z"
          }
        ],
        "type": "DeleteIngestion",
        "creationTime": "2025-11-03T16:22:08.87664Z",
        "collectionId": "naip-atl",
        "additionalInformation": {
          "IngestionId": "ef6712b4-1e85-41e4-99fe-27b2542e1626"
        }
      }
    },
    {
      "RequestUri": "https://Sanitized.sanitized_label.sanitized_location.geocatalog.spatio.azure.com/inma/operations/00000000-0000-0000-0000-000000000000?api-version=2025-04-30-preview",
      "RequestMethod": "GET",
      "RequestHeaders": {
        "Accept": "*/*",
        "Connection": "keep-alive",
        "User-Agent": "azsdk-python-planetarycomputer/1.0.0b1 Python/3.13.9 (Windows-11-10.0.26100-SP0)"
      },
      "RequestBody": null,
      "StatusCode": 200,
      "ResponseHeaders": {
        "Access-Control-Allow-Credentials": "true",
        "Access-Control-Allow-Headers": "X-PC-Request-Entity,DNT,Keep-Alive,User-Agent,X-Requested-With,If-Modified-Since,Cache-Control,Content-Type,Authorization,Location",
        "Access-Control-Allow-Methods": "PUT, GET, POST, OPTIONS, DELETE, PATCH",
        "Access-Control-Allow-Origin": "*",
        "Access-Control-Expose-Headers": "Location",
        "Access-Control-Max-Age": "1728000",
        "api-supported-versions": "2024-01-31-preview, 2025-04-30-preview",
        "Connection": "keep-alive",
        "Content-Type": "application/json; charset=utf-8",
        "Date": "Mon, 01 Jan 2024 00:00:00 GMT",
        "mise-correlation-id": "00000000-0000-0000-0000-000000000000",
        "Strict-Transport-Security": "max-age=31536000; includeSubDomains",
        "Transfer-Encoding": "chunked",
        "x-azure-ref": "Sanitized",
        "X-Cache": "CONFIG_NOCACHE",
        "X-Request-ID": "00000000000000000000000000000000"
      },
      "ResponseBody": {
        "id": "00000000-0000-0000-0000-000000000000",
        "status": "Succeeded",
        "statusHistory": [
          {
            "status": "Pending",
            "timestamp": "2025-11-03T16:22:09.0975987Z"
          },
          {
            "status": "Running",
            "timestamp": "2025-11-03T16:22:15.5133524Z"
          },
          {
            "status": "Finished",
            "timestamp": "2025-11-03T16:22:15.5348291Z"
          }
        ],
        "type": "DeleteIngestion",
        "creationTime": "2025-11-03T16:22:09.0975976Z",
        "collectionId": "naip-atl",
        "additionalInformation": {
          "IngestionId": "a39f14cd-4cdf-4b7c-a803-60c048febe54"
        }
      }
    },
    {
      "RequestUri": "https://Sanitized.sanitized_label.sanitized_location.geocatalog.spatio.azure.com/inma/operations/00000000-0000-0000-0000-000000000000?api-version=2025-04-30-preview",
      "RequestMethod": "GET",
      "RequestHeaders": {
        "Accept": "*/*",
        "Connection": "keep-alive",
        "User-Agent": "azsdk-python-planetarycomputer/1.0.0b1 Python/3.13.9 (Windows-11-10.0.26100-SP0)"
      },
      "RequestBody": null,
      "StatusCode": 200,
      "ResponseHeaders": {
        "Access-Control-Allow-Credentials": "true",
        "Access-Control-Allow-Headers": "X-PC-Request-Entity,DNT,Keep-Alive,User-Agent,X-Requested-With,If-Modified-Since,Cache-Control,Content-Type,Authorization,Location",
        "Access-Control-Allow-Methods": "PUT, GET, POST, OPTIONS, DELETE, PATCH",
        "Access-Control-Allow-Origin": "*",
        "Access-Control-Expose-Headers": "Location",
        "Access-Control-Max-Age": "1728000",
        "api-supported-versions": "2024-01-31-preview, 2025-04-30-preview",
        "Connection": "keep-alive",
        "Content-Type": "application/json; charset=utf-8",
        "Date": "Mon, 01 Jan 2024 00:00:00 GMT",
        "mise-correlation-id": "00000000-0000-0000-0000-000000000000",
        "Strict-Transport-Security": "max-age=31536000; includeSubDomains",
        "Transfer-Encoding": "chunked",
        "x-azure-ref": "Sanitized",
        "X-Cache": "CONFIG_NOCACHE",
        "X-Request-ID": "00000000000000000000000000000000"
      },
      "ResponseBody": {
        "id": "00000000-0000-0000-0000-000000000000",
        "status": "Succeeded",
        "statusHistory": [
          {
            "status": "Pending",
            "timestamp": "2025-11-03T16:22:09.1847416Z"
          },
          {
            "status": "Running",
            "timestamp": "2025-11-03T16:22:15.5509125Z"
          },
          {
            "status": "Finished",
            "timestamp": "2025-11-03T16:22:15.5777306Z"
          }
        ],
        "type": "DeleteIngestion",
        "creationTime": "2025-11-03T16:22:09.184741Z",
        "collectionId": "naip-atl",
        "additionalInformation": {
          "IngestionId": "827670d0-2150-4fb6-b987-a2943e4b44ab"
        }
      }
    },
    {
      "RequestUri": "https://Sanitized.sanitized_label.sanitized_location.geocatalog.spatio.azure.com/inma/operations/00000000-0000-0000-0000-000000000000?api-version=2025-04-30-preview",
      "RequestMethod": "GET",
      "RequestHeaders": {
        "Accept": "*/*",
        "Connection": "keep-alive",
        "User-Agent": "azsdk-python-planetarycomputer/1.0.0b1 Python/3.13.9 (Windows-11-10.0.26100-SP0)"
      },
      "RequestBody": null,
      "StatusCode": 200,
      "ResponseHeaders": {
        "Access-Control-Allow-Credentials": "true",
        "Access-Control-Allow-Headers": "X-PC-Request-Entity,DNT,Keep-Alive,User-Agent,X-Requested-With,If-Modified-Since,Cache-Control,Content-Type,Authorization,Location",
        "Access-Control-Allow-Methods": "PUT, GET, POST, OPTIONS, DELETE, PATCH",
        "Access-Control-Allow-Origin": "*",
        "Access-Control-Expose-Headers": "Location",
        "Access-Control-Max-Age": "1728000",
        "api-supported-versions": "2024-01-31-preview, 2025-04-30-preview",
        "Connection": "keep-alive",
        "Content-Type": "application/json; charset=utf-8",
        "Date": "Mon, 01 Jan 2024 00:00:00 GMT",
        "mise-correlation-id": "00000000-0000-0000-0000-000000000000",
        "Strict-Transport-Security": "max-age=31536000; includeSubDomains",
        "Transfer-Encoding": "chunked",
        "x-azure-ref": "Sanitized",
        "X-Cache": "CONFIG_NOCACHE",
        "X-Request-ID": "00000000000000000000000000000000"
      },
      "ResponseBody": {
        "id": "00000000-0000-0000-0000-000000000000",
        "status": "Succeeded",
        "statusHistory": [
          {
            "status": "Pending",
            "timestamp": "2025-11-03T16:22:09.6084197Z"
          },
          {
            "status": "Running",
            "timestamp": "2025-11-03T16:22:15.6358906Z"
          },
          {
            "status": "Finished",
            "timestamp": "2025-11-03T16:22:15.664958Z"
          }
        ],
        "type": "DeleteIngestion",
        "creationTime": "2025-11-03T16:22:09.6084182Z",
        "collectionId": "naip-atl",
        "additionalInformation": {
          "IngestionId": "fac1c891-11a1-40bb-87aa-8c7380012f1f"
        }
      }
    },
    {
      "RequestUri": "https://Sanitized.sanitized_label.sanitized_location.geocatalog.spatio.azure.com/inma/operations/00000000-0000-0000-0000-000000000000?api-version=2025-04-30-preview",
      "RequestMethod": "GET",
      "RequestHeaders": {
        "Accept": "*/*",
        "Connection": "keep-alive",
        "User-Agent": "azsdk-python-planetarycomputer/1.0.0b1 Python/3.13.9 (Windows-11-10.0.26100-SP0)"
      },
      "RequestBody": null,
      "StatusCode": 200,
      "ResponseHeaders": {
        "Access-Control-Allow-Credentials": "true",
        "Access-Control-Allow-Headers": "X-PC-Request-Entity,DNT,Keep-Alive,User-Agent,X-Requested-With,If-Modified-Since,Cache-Control,Content-Type,Authorization,Location",
        "Access-Control-Allow-Methods": "PUT, GET, POST, OPTIONS, DELETE, PATCH",
        "Access-Control-Allow-Origin": "*",
        "Access-Control-Expose-Headers": "Location",
        "Access-Control-Max-Age": "1728000",
        "api-supported-versions": "2024-01-31-preview, 2025-04-30-preview",
        "Connection": "keep-alive",
        "Content-Type": "application/json; charset=utf-8",
        "Date": "Mon, 01 Jan 2024 00:00:00 GMT",
        "mise-correlation-id": "00000000-0000-0000-0000-000000000000",
        "Strict-Transport-Security": "max-age=31536000; includeSubDomains",
        "Transfer-Encoding": "chunked",
        "x-azure-ref": "Sanitized",
        "X-Cache": "CONFIG_NOCACHE",
        "X-Request-ID": "00000000000000000000000000000000"
      },
      "ResponseBody": {
        "id": "00000000-0000-0000-0000-000000000000",
        "status": "Succeeded",
        "statusHistory": [
          {
            "status": "Pending",
            "timestamp": "2025-11-03T16:22:09.6964229Z"
          },
          {
            "status": "Running",
            "timestamp": "2025-11-03T16:22:15.6838458Z"
          },
          {
            "status": "Finished",
            "timestamp": "2025-11-03T16:22:15.7108863Z"
          }
        ],
        "type": "DeleteIngestion",
        "creationTime": "2025-11-03T16:22:09.6964224Z",
        "collectionId": "naip-atl",
        "additionalInformation": {
          "IngestionId": "7122643e-dcfe-4815-95d7-a1acf74b0a60"
        }
      }
    },
    {
      "RequestUri": "https://Sanitized.sanitized_label.sanitized_location.geocatalog.spatio.azure.com/inma/operations/00000000-0000-0000-0000-000000000000?api-version=2025-04-30-preview",
      "RequestMethod": "GET",
      "RequestHeaders": {
        "Accept": "*/*",
        "Connection": "keep-alive",
        "User-Agent": "azsdk-python-planetarycomputer/1.0.0b1 Python/3.13.9 (Windows-11-10.0.26100-SP0)"
      },
      "RequestBody": null,
      "StatusCode": 200,
      "ResponseHeaders": {
        "Access-Control-Allow-Credentials": "true",
        "Access-Control-Allow-Headers": "X-PC-Request-Entity,DNT,Keep-Alive,User-Agent,X-Requested-With,If-Modified-Since,Cache-Control,Content-Type,Authorization,Location",
        "Access-Control-Allow-Methods": "PUT, GET, POST, OPTIONS, DELETE, PATCH",
        "Access-Control-Allow-Origin": "*",
        "Access-Control-Expose-Headers": "Location",
        "Access-Control-Max-Age": "1728000",
        "api-supported-versions": "2024-01-31-preview, 2025-04-30-preview",
        "Connection": "keep-alive",
        "Content-Type": "application/json; charset=utf-8",
        "Date": "Mon, 01 Jan 2024 00:00:00 GMT",
        "mise-correlation-id": "00000000-0000-0000-0000-000000000000",
        "Strict-Transport-Security": "max-age=31536000; includeSubDomains",
        "Transfer-Encoding": "chunked",
        "x-azure-ref": "Sanitized",
        "X-Cache": "CONFIG_NOCACHE",
        "X-Request-ID": "00000000000000000000000000000000"
      },
      "ResponseBody": {
        "id": "00000000-0000-0000-0000-000000000000",
        "status": "Succeeded",
        "statusHistory": [
          {
            "status": "Pending",
            "timestamp": "2025-11-03T16:22:09.8482655Z"
          },
          {
            "status": "Running",
            "timestamp": "2025-11-03T16:22:15.7634837Z"
          },
          {
            "status": "Finished",
            "timestamp": "2025-11-03T16:22:15.7928824Z"
          }
        ],
        "type": "DeleteIngestion",
        "creationTime": "2025-11-03T16:22:09.8482651Z",
        "collectionId": "naip-atl",
        "additionalInformation": {
          "IngestionId": "d8d7312e-7781-4ffd-828d-282104ed5129"
        }
      }
    },
    {
      "RequestUri": "https://Sanitized.sanitized_label.sanitized_location.geocatalog.spatio.azure.com/inma/operations/00000000-0000-0000-0000-000000000000?api-version=2025-04-30-preview",
      "RequestMethod": "GET",
      "RequestHeaders": {
        "Accept": "*/*",
        "Connection": "keep-alive",
        "User-Agent": "azsdk-python-planetarycomputer/1.0.0b1 Python/3.13.9 (Windows-11-10.0.26100-SP0)"
      },
      "RequestBody": null,
      "StatusCode": 200,
      "ResponseHeaders": {
        "Access-Control-Allow-Credentials": "true",
        "Access-Control-Allow-Headers": "X-PC-Request-Entity,DNT,Keep-Alive,User-Agent,X-Requested-With,If-Modified-Since,Cache-Control,Content-Type,Authorization,Location",
        "Access-Control-Allow-Methods": "PUT, GET, POST, OPTIONS, DELETE, PATCH",
        "Access-Control-Allow-Origin": "*",
        "Access-Control-Expose-Headers": "Location",
        "Access-Control-Max-Age": "1728000",
        "api-supported-versions": "2024-01-31-preview, 2025-04-30-preview",
        "Connection": "keep-alive",
        "Content-Type": "application/json; charset=utf-8",
        "Date": "Mon, 01 Jan 2024 00:00:00 GMT",
        "mise-correlation-id": "00000000-0000-0000-0000-000000000000",
        "Strict-Transport-Security": "max-age=31536000; includeSubDomains",
        "Transfer-Encoding": "chunked",
        "x-azure-ref": "Sanitized",
        "X-Cache": "CONFIG_NOCACHE",
        "X-Request-ID": "00000000000000000000000000000000"
      },
      "ResponseBody": {
        "id": "00000000-0000-0000-0000-000000000000",
        "status": "Succeeded",
        "statusHistory": [
          {
            "status": "Pending",
            "timestamp": "2025-11-03T16:22:08.9495405Z"
          },
          {
            "status": "Running",
            "timestamp": "2025-11-03T16:22:15.4309249Z"
          },
          {
            "status": "Finished",
            "timestamp": "2025-11-03T16:22:15.4569287Z"
          }
        ],
        "type": "DeleteIngestion",
        "creationTime": "2025-11-03T16:22:08.9495393Z",
        "collectionId": "naip-atl",
        "additionalInformation": {
          "IngestionId": "e42c4560-8108-46cc-b970-7045c06ba76e"
        }
      }
    },
    {
      "RequestUri": "https://Sanitized.sanitized_label.sanitized_location.geocatalog.spatio.azure.com/inma/operations/00000000-0000-0000-0000-000000000000?api-version=2025-04-30-preview",
      "RequestMethod": "GET",
      "RequestHeaders": {
        "Accept": "*/*",
        "Connection": "keep-alive",
        "User-Agent": "azsdk-python-planetarycomputer/1.0.0b1 Python/3.13.9 (Windows-11-10.0.26100-SP0)"
      },
      "RequestBody": null,
      "StatusCode": 200,
      "ResponseHeaders": {
        "Access-Control-Allow-Credentials": "true",
        "Access-Control-Allow-Headers": "X-PC-Request-Entity,DNT,Keep-Alive,User-Agent,X-Requested-With,If-Modified-Since,Cache-Control,Content-Type,Authorization,Location",
        "Access-Control-Allow-Methods": "PUT, GET, POST, OPTIONS, DELETE, PATCH",
        "Access-Control-Allow-Origin": "*",
        "Access-Control-Expose-Headers": "Location",
        "Access-Control-Max-Age": "1728000",
        "api-supported-versions": "2024-01-31-preview, 2025-04-30-preview",
        "Connection": "keep-alive",
        "Content-Type": "application/json; charset=utf-8",
        "Date": "Mon, 01 Jan 2024 00:00:00 GMT",
        "mise-correlation-id": "00000000-0000-0000-0000-000000000000",
        "Strict-Transport-Security": "max-age=31536000; includeSubDomains",
        "Transfer-Encoding": "chunked",
        "x-azure-ref": "Sanitized",
        "X-Cache": "CONFIG_NOCACHE",
        "X-Request-ID": "00000000000000000000000000000000"
      },
      "ResponseBody": {
        "id": "00000000-0000-0000-0000-000000000000",
        "status": "Succeeded",
        "statusHistory": [
          {
            "status": "Pending",
            "timestamp": "2025-11-03T16:22:09.0218056Z"
          },
          {
            "status": "Running",
            "timestamp": "2025-11-03T16:22:15.4733837Z"
          },
          {
            "status": "Finished",
            "timestamp": "2025-11-03T16:22:15.4947973Z"
          }
        ],
        "type": "DeleteIngestion",
        "creationTime": "2025-11-03T16:22:09.0218033Z",
        "collectionId": "naip-atl",
        "additionalInformation": {
          "IngestionId": "e9b70d6b-3ef2-407a-8686-3b6f29a8bcd9"
        }
      }
    },
    {
      "RequestUri": "https://Sanitized.sanitized_label.sanitized_location.geocatalog.spatio.azure.com/inma/operations/00000000-0000-0000-0000-000000000000?api-version=2025-04-30-preview",
      "RequestMethod": "GET",
      "RequestHeaders": {
        "Accept": "*/*",
        "Connection": "keep-alive",
        "User-Agent": "azsdk-python-planetarycomputer/1.0.0b1 Python/3.13.9 (Windows-11-10.0.26100-SP0)"
      },
      "RequestBody": null,
      "StatusCode": 200,
      "ResponseHeaders": {
        "Access-Control-Allow-Credentials": "true",
        "Access-Control-Allow-Headers": "X-PC-Request-Entity,DNT,Keep-Alive,User-Agent,X-Requested-With,If-Modified-Since,Cache-Control,Content-Type,Authorization,Location",
        "Access-Control-Allow-Methods": "PUT, GET, POST, OPTIONS, DELETE, PATCH",
        "Access-Control-Allow-Origin": "*",
        "Access-Control-Expose-Headers": "Location",
        "Access-Control-Max-Age": "1728000",
        "api-supported-versions": "2024-01-31-preview, 2025-04-30-preview",
        "Connection": "keep-alive",
        "Content-Type": "application/json; charset=utf-8",
        "Date": "Mon, 01 Jan 2024 00:00:00 GMT",
        "mise-correlation-id": "00000000-0000-0000-0000-000000000000",
        "Strict-Transport-Security": "max-age=31536000; includeSubDomains",
        "Transfer-Encoding": "chunked",
        "x-azure-ref": "Sanitized",
        "X-Cache": "CONFIG_NOCACHE",
        "X-Request-ID": "00000000000000000000000000000000"
      },
      "ResponseBody": {
        "id": "00000000-0000-0000-0000-000000000000",
        "status": "Succeeded",
        "statusHistory": [
          {
            "status": "Pending",
            "timestamp": "2025-11-03T16:22:09.2547323Z"
          },
          {
            "status": "Running",
            "timestamp": "2025-11-03T16:22:15.5930072Z"
          },
          {
            "status": "Finished",
            "timestamp": "2025-11-03T16:22:15.6190424Z"
          }
        ],
        "type": "DeleteIngestion",
        "creationTime": "2025-11-03T16:22:09.2547313Z",
        "collectionId": "naip-atl",
        "additionalInformation": {
          "IngestionId": "a002f3e3-ad41-4a7a-a801-f43ccdb86dc0"
        }
      }
    },
    {
      "RequestUri": "https://Sanitized.sanitized_label.sanitized_location.geocatalog.spatio.azure.com/inma/operations/00000000-0000-0000-0000-000000000000?api-version=2025-04-30-preview",
      "RequestMethod": "GET",
      "RequestHeaders": {
        "Accept": "*/*",
        "Connection": "keep-alive",
        "User-Agent": "azsdk-python-planetarycomputer/1.0.0b1 Python/3.13.9 (Windows-11-10.0.26100-SP0)"
      },
      "RequestBody": null,
      "StatusCode": 200,
      "ResponseHeaders": {
        "Access-Control-Allow-Credentials": "true",
        "Access-Control-Allow-Headers": "X-PC-Request-Entity,DNT,Keep-Alive,User-Agent,X-Requested-With,If-Modified-Since,Cache-Control,Content-Type,Authorization,Location",
        "Access-Control-Allow-Methods": "PUT, GET, POST, OPTIONS, DELETE, PATCH",
        "Access-Control-Allow-Origin": "*",
        "Access-Control-Expose-Headers": "Location",
        "Access-Control-Max-Age": "1728000",
        "api-supported-versions": "2024-01-31-preview, 2025-04-30-preview",
        "Connection": "keep-alive",
        "Content-Type": "application/json; charset=utf-8",
        "Date": "Mon, 01 Jan 2024 00:00:00 GMT",
        "mise-correlation-id": "00000000-0000-0000-0000-000000000000",
        "Strict-Transport-Security": "max-age=31536000; includeSubDomains",
        "Transfer-Encoding": "chunked",
        "x-azure-ref": "Sanitized",
        "X-Cache": "CONFIG_NOCACHE",
        "X-Request-ID": "00000000000000000000000000000000"
      },
      "ResponseBody": {
        "id": "00000000-0000-0000-0000-000000000000",
        "status": "Succeeded",
        "statusHistory": [
          {
            "status": "Pending",
            "timestamp": "2025-11-03T16:22:09.7796186Z"
          },
          {
            "status": "Running",
            "timestamp": "2025-11-03T16:22:15.7270663Z"
          },
          {
            "status": "Finished",
            "timestamp": "2025-11-03T16:22:15.7488594Z"
          }
        ],
        "type": "DeleteIngestion",
        "creationTime": "2025-11-03T16:22:09.7796174Z",
        "collectionId": "naip-atl",
        "additionalInformation": {
          "IngestionId": "334abd10-1fef-442f-8cdf-63c7676bfb47"
        }
      }
    },
    {
      "RequestUri": "https://Sanitized.sanitized_label.sanitized_location.geocatalog.spatio.azure.com/inma/operations/00000000-0000-0000-0000-000000000000?api-version=2025-04-30-preview",
      "RequestMethod": "GET",
      "RequestHeaders": {
        "Accept": "*/*",
        "Connection": "keep-alive",
        "User-Agent": "azsdk-python-planetarycomputer/1.0.0b1 Python/3.13.9 (Windows-11-10.0.26100-SP0)"
      },
      "RequestBody": null,
      "StatusCode": 200,
      "ResponseHeaders": {
        "Access-Control-Allow-Credentials": "true",
        "Access-Control-Allow-Headers": "X-PC-Request-Entity,DNT,Keep-Alive,User-Agent,X-Requested-With,If-Modified-Since,Cache-Control,Content-Type,Authorization,Location",
        "Access-Control-Allow-Methods": "PUT, GET, POST, OPTIONS, DELETE, PATCH",
        "Access-Control-Allow-Origin": "*",
        "Access-Control-Expose-Headers": "Location",
        "Access-Control-Max-Age": "1728000",
        "api-supported-versions": "2024-01-31-preview, 2025-04-30-preview",
        "Connection": "keep-alive",
        "Content-Type": "application/json; charset=utf-8",
        "Date": "Mon, 01 Jan 2024 00:00:00 GMT",
        "mise-correlation-id": "00000000-0000-0000-0000-000000000000",
        "Strict-Transport-Security": "max-age=31536000; includeSubDomains",
        "Transfer-Encoding": "chunked",
        "x-azure-ref": "Sanitized",
        "X-Cache": "CONFIG_NOCACHE",
        "X-Request-ID": "00000000000000000000000000000000"
      },
      "ResponseBody": {
        "id": "00000000-0000-0000-0000-000000000000",
        "status": "Succeeded",
        "statusHistory": [
          {
            "status": "Pending",
            "timestamp": "2025-11-03T16:22:09.9372227Z"
          },
          {
            "status": "Running",
            "timestamp": "2025-11-03T16:22:15.8103936Z"
          },
          {
            "status": "Finished",
            "timestamp": "2025-11-03T16:22:15.8366195Z"
          }
        ],
        "type": "DeleteIngestion",
        "creationTime": "2025-11-03T16:22:09.937222Z",
        "collectionId": "naip-atl",
        "additionalInformation": {
          "IngestionId": "417c5a68-64a3-4f91-a11a-46ead6f360a3"
        }
      }
    },
    {
      "RequestUri": "https://Sanitized.sanitized_label.sanitized_location.geocatalog.spatio.azure.com/inma/operations/00000000-0000-0000-0000-000000000000?api-version=2025-04-30-preview",
      "RequestMethod": "GET",
      "RequestHeaders": {
        "Accept": "*/*",
        "Connection": "keep-alive",
        "User-Agent": "azsdk-python-planetarycomputer/1.0.0b1 Python/3.13.9 (Windows-11-10.0.26100-SP0)"
      },
      "RequestBody": null,
      "StatusCode": 200,
      "ResponseHeaders": {
        "Access-Control-Allow-Credentials": "true",
        "Access-Control-Allow-Headers": "X-PC-Request-Entity,DNT,Keep-Alive,User-Agent,X-Requested-With,If-Modified-Since,Cache-Control,Content-Type,Authorization,Location",
        "Access-Control-Allow-Methods": "PUT, GET, POST, OPTIONS, DELETE, PATCH",
        "Access-Control-Allow-Origin": "*",
        "Access-Control-Expose-Headers": "Location",
        "Access-Control-Max-Age": "1728000",
        "api-supported-versions": "2024-01-31-preview, 2025-04-30-preview",
        "Connection": "keep-alive",
        "Content-Type": "application/json; charset=utf-8",
        "Date": "Mon, 01 Jan 2024 00:00:00 GMT",
        "mise-correlation-id": "00000000-0000-0000-0000-000000000000",
        "Strict-Transport-Security": "max-age=31536000; includeSubDomains",
        "Transfer-Encoding": "chunked",
        "x-azure-ref": "Sanitized",
        "X-Cache": "CONFIG_NOCACHE",
        "X-Request-ID": "00000000000000000000000000000000"
      },
      "ResponseBody": {
        "id": "00000000-0000-0000-0000-000000000000",
        "status": "Succeeded",
        "statusHistory": [
          {
            "status": "Pending",
            "timestamp": "2025-11-03T16:22:10.0098884Z"
          },
          {
            "status": "Running",
            "timestamp": "2025-11-03T16:22:15.8539366Z"
          },
          {
            "status": "Finished",
            "timestamp": "2025-11-03T16:22:15.8772429Z"
          }
        ],
        "type": "DeleteIngestion",
        "creationTime": "2025-11-03T16:22:10.0098831Z",
        "collectionId": "naip-atl",
        "additionalInformation": {
          "IngestionId": "cbc0cbd4-d4b3-44b4-aee8-0815bece1eac"
        }
      }
    },
    {
      "RequestUri": "https://Sanitized.sanitized_label.sanitized_location.geocatalog.spatio.azure.com/inma/operations/00000000-0000-0000-0000-000000000000?api-version=2025-04-30-preview",
      "RequestMethod": "GET",
      "RequestHeaders": {
        "Accept": "*/*",
        "Connection": "keep-alive",
        "User-Agent": "azsdk-python-planetarycomputer/1.0.0b1 Python/3.13.9 (Windows-11-10.0.26100-SP0)"
      },
      "RequestBody": null,
      "StatusCode": 200,
      "ResponseHeaders": {
        "Access-Control-Allow-Credentials": "true",
        "Access-Control-Allow-Headers": "X-PC-Request-Entity,DNT,Keep-Alive,User-Agent,X-Requested-With,If-Modified-Since,Cache-Control,Content-Type,Authorization,Location",
        "Access-Control-Allow-Methods": "PUT, GET, POST, OPTIONS, DELETE, PATCH",
        "Access-Control-Allow-Origin": "*",
        "Access-Control-Expose-Headers": "Location",
        "Access-Control-Max-Age": "1728000",
        "api-supported-versions": "2024-01-31-preview, 2025-04-30-preview",
        "Connection": "keep-alive",
        "Content-Type": "application/json; charset=utf-8",
        "Date": "Mon, 01 Jan 2024 00:00:00 GMT",
        "mise-correlation-id": "00000000-0000-0000-0000-000000000000",
        "Strict-Transport-Security": "max-age=31536000; includeSubDomains",
        "Transfer-Encoding": "chunked",
        "x-azure-ref": "Sanitized",
        "X-Cache": "CONFIG_NOCACHE",
        "X-Request-ID": "00000000000000000000000000000000"
      },
      "ResponseBody": {
        "id": "00000000-0000-0000-0000-000000000000",
        "status": "Succeeded",
        "statusHistory": [
          {
            "status": "Pending",
            "timestamp": "2025-11-03T16:22:10.1175053Z"
          },
          {
            "status": "Running",
            "timestamp": "2025-11-03T16:22:15.893783Z"
          },
          {
            "status": "Finished",
            "timestamp": "2025-11-03T16:22:15.916056Z"
          }
        ],
        "type": "DeleteIngestion",
        "creationTime": "2025-11-03T16:22:10.1175032Z",
        "collectionId": "naip-atl",
        "additionalInformation": {
          "IngestionId": "79fadc74-21f1-4eab-98cd-755fd15f54a0"
        }
      }
    },
    {
      "RequestUri": "https://Sanitized.sanitized_label.sanitized_location.geocatalog.spatio.azure.com/inma/operations/00000000-0000-0000-0000-000000000000?api-version=2025-04-30-preview",
      "RequestMethod": "GET",
      "RequestHeaders": {
        "Accept": "*/*",
        "Connection": "keep-alive",
        "User-Agent": "azsdk-python-planetarycomputer/1.0.0b1 Python/3.13.9 (Windows-11-10.0.26100-SP0)"
      },
      "RequestBody": null,
      "StatusCode": 200,
      "ResponseHeaders": {
        "Access-Control-Allow-Credentials": "true",
        "Access-Control-Allow-Headers": "X-PC-Request-Entity,DNT,Keep-Alive,User-Agent,X-Requested-With,If-Modified-Since,Cache-Control,Content-Type,Authorization,Location",
        "Access-Control-Allow-Methods": "PUT, GET, POST, OPTIONS, DELETE, PATCH",
        "Access-Control-Allow-Origin": "*",
        "Access-Control-Expose-Headers": "Location",
        "Access-Control-Max-Age": "1728000",
        "api-supported-versions": "2024-01-31-preview, 2025-04-30-preview",
        "Connection": "keep-alive",
        "Content-Type": "application/json; charset=utf-8",
        "Date": "Mon, 01 Jan 2024 00:00:00 GMT",
        "mise-correlation-id": "00000000-0000-0000-0000-000000000000",
        "Strict-Transport-Security": "max-age=31536000; includeSubDomains",
        "Transfer-Encoding": "chunked",
        "x-azure-ref": "Sanitized",
        "X-Cache": "CONFIG_NOCACHE",
        "X-Request-ID": "00000000000000000000000000000000"
      },
      "ResponseBody": {
        "id": "00000000-0000-0000-0000-000000000000",
        "status": "Succeeded",
        "statusHistory": [
          {
            "status": "Pending",
            "timestamp": "2025-11-03T16:22:10.1889092Z"
          },
          {
            "status": "Running",
            "timestamp": "2025-11-03T16:22:15.9427374Z"
          },
          {
            "status": "Finished",
            "timestamp": "2025-11-03T16:22:15.9695927Z"
          }
        ],
        "type": "DeleteIngestion",
        "creationTime": "2025-11-03T16:22:10.1889084Z",
        "collectionId": "naip-atl",
        "additionalInformation": {
          "IngestionId": "bc299f21-bcec-432a-8d50-e4e6335ad0cd"
        }
      }
    },
    {
      "RequestUri": "https://Sanitized.sanitized_label.sanitized_location.geocatalog.spatio.azure.com/inma/operations/00000000-0000-0000-0000-000000000000?api-version=2025-04-30-preview",
      "RequestMethod": "GET",
      "RequestHeaders": {
        "Accept": "*/*",
        "Connection": "keep-alive",
        "User-Agent": "azsdk-python-planetarycomputer/1.0.0b1 Python/3.13.9 (Windows-11-10.0.26100-SP0)"
      },
      "RequestBody": null,
      "StatusCode": 200,
      "ResponseHeaders": {
        "Access-Control-Allow-Credentials": "true",
        "Access-Control-Allow-Headers": "X-PC-Request-Entity,DNT,Keep-Alive,User-Agent,X-Requested-With,If-Modified-Since,Cache-Control,Content-Type,Authorization,Location",
        "Access-Control-Allow-Methods": "PUT, GET, POST, OPTIONS, DELETE, PATCH",
        "Access-Control-Allow-Origin": "*",
        "Access-Control-Expose-Headers": "Location",
        "Access-Control-Max-Age": "1728000",
        "api-supported-versions": "2024-01-31-preview, 2025-04-30-preview",
        "Connection": "keep-alive",
        "Content-Type": "application/json; charset=utf-8",
        "Date": "Mon, 01 Jan 2024 00:00:00 GMT",
        "mise-correlation-id": "00000000-0000-0000-0000-000000000000",
        "Strict-Transport-Security": "max-age=31536000; includeSubDomains",
        "Transfer-Encoding": "chunked",
        "x-azure-ref": "Sanitized",
        "X-Cache": "CONFIG_NOCACHE",
        "X-Request-ID": "00000000000000000000000000000000"
      },
      "ResponseBody": {
        "id": "00000000-0000-0000-0000-000000000000",
        "status": "Succeeded",
        "statusHistory": [
          {
            "status": "Pending",
            "timestamp": "2025-11-03T16:22:10.2648005Z"
          },
          {
            "status": "Running",
            "timestamp": "2025-11-03T16:22:15.8878798Z"
          },
          {
            "status": "Finished",
            "timestamp": "2025-11-03T16:22:16.2082604Z"
          }
        ],
        "type": "DeleteIngestion",
        "creationTime": "2025-11-03T16:22:10.2647986Z",
        "collectionId": "naip-atl",
        "additionalInformation": {
          "IngestionId": "027339e4-08cf-4fa0-a237-573301d78f84"
        }
      }
    },
    {
      "RequestUri": "https://Sanitized.sanitized_label.sanitized_location.geocatalog.spatio.azure.com/inma/operations/00000000-0000-0000-0000-000000000000?api-version=2025-04-30-preview",
      "RequestMethod": "GET",
      "RequestHeaders": {
        "Accept": "*/*",
        "Connection": "keep-alive",
        "User-Agent": "azsdk-python-planetarycomputer/1.0.0b1 Python/3.13.9 (Windows-11-10.0.26100-SP0)"
      },
      "RequestBody": null,
      "StatusCode": 200,
      "ResponseHeaders": {
        "Access-Control-Allow-Credentials": "true",
        "Access-Control-Allow-Headers": "X-PC-Request-Entity,DNT,Keep-Alive,User-Agent,X-Requested-With,If-Modified-Since,Cache-Control,Content-Type,Authorization,Location",
        "Access-Control-Allow-Methods": "PUT, GET, POST, OPTIONS, DELETE, PATCH",
        "Access-Control-Allow-Origin": "*",
        "Access-Control-Expose-Headers": "Location",
        "Access-Control-Max-Age": "1728000",
        "api-supported-versions": "2024-01-31-preview, 2025-04-30-preview",
        "Connection": "keep-alive",
        "Content-Type": "application/json; charset=utf-8",
        "Date": "Mon, 01 Jan 2024 00:00:00 GMT",
        "mise-correlation-id": "00000000-0000-0000-0000-000000000000",
        "Strict-Transport-Security": "max-age=31536000; includeSubDomains",
        "Transfer-Encoding": "chunked",
        "x-azure-ref": "Sanitized",
        "X-Cache": "CONFIG_NOCACHE",
        "X-Request-ID": "00000000000000000000000000000000"
      },
      "ResponseBody": {
        "id": "00000000-0000-0000-0000-000000000000",
        "status": "Succeeded",
        "statusHistory": [
          {
            "status": "Pending",
            "timestamp": "2025-11-03T16:22:10.3560829Z"
          },
          {
            "status": "Running",
            "timestamp": "2025-11-03T16:22:16.6887336Z"
          },
          {
            "status": "Finished",
            "timestamp": "2025-11-03T16:22:17.0724017Z"
          }
        ],
        "type": "DeleteIngestion",
        "creationTime": "2025-11-03T16:22:10.3560821Z",
        "collectionId": "naip-atl",
        "additionalInformation": {
          "IngestionId": "fad05395-4e6f-4bca-8844-8c041791955f"
        }
      }
    },
    {
      "RequestUri": "https://Sanitized.sanitized_label.sanitized_location.geocatalog.spatio.azure.com/inma/operations/00000000-0000-0000-0000-000000000000?api-version=2025-04-30-preview",
      "RequestMethod": "GET",
      "RequestHeaders": {
        "Accept": "*/*",
        "Connection": "keep-alive",
        "User-Agent": "azsdk-python-planetarycomputer/1.0.0b1 Python/3.13.9 (Windows-11-10.0.26100-SP0)"
      },
      "RequestBody": null,
      "StatusCode": 200,
      "ResponseHeaders": {
        "Access-Control-Allow-Credentials": "true",
        "Access-Control-Allow-Headers": "X-PC-Request-Entity,DNT,Keep-Alive,User-Agent,X-Requested-With,If-Modified-Since,Cache-Control,Content-Type,Authorization,Location",
        "Access-Control-Allow-Methods": "PUT, GET, POST, OPTIONS, DELETE, PATCH",
        "Access-Control-Allow-Origin": "*",
        "Access-Control-Expose-Headers": "Location",
        "Access-Control-Max-Age": "1728000",
        "api-supported-versions": "2024-01-31-preview, 2025-04-30-preview",
        "Connection": "keep-alive",
        "Content-Type": "application/json; charset=utf-8",
        "Date": "Mon, 01 Jan 2024 00:00:00 GMT",
        "mise-correlation-id": "00000000-0000-0000-0000-000000000000",
        "Strict-Transport-Security": "max-age=31536000; includeSubDomains",
        "Transfer-Encoding": "chunked",
        "x-azure-ref": "Sanitized",
        "X-Cache": "CONFIG_NOCACHE",
        "X-Request-ID": "00000000000000000000000000000000"
      },
      "ResponseBody": {
        "id": "00000000-0000-0000-0000-000000000000",
        "status": "Succeeded",
        "statusHistory": [
          {
            "status": "Pending",
            "timestamp": "2025-11-03T16:22:10.4418122Z"
          },
          {
            "status": "Running",
            "timestamp": "2025-11-03T16:22:17.3378332Z"
          },
          {
            "status": "Finished",
            "timestamp": "2025-11-03T16:22:17.8637227Z"
          }
        ],
        "type": "DeleteIngestion",
        "creationTime": "2025-11-03T16:22:10.4418118Z",
        "collectionId": "naip-atl",
        "additionalInformation": {
          "IngestionId": "78722523-cd38-4b2d-ba62-7841e1253612"
        }
      }
    },
    {
      "RequestUri": "https://Sanitized.sanitized_label.sanitized_location.geocatalog.spatio.azure.com/inma/operations/00000000-0000-0000-0000-000000000000?api-version=2025-04-30-preview",
      "RequestMethod": "GET",
      "RequestHeaders": {
        "Accept": "*/*",
        "Connection": "keep-alive",
        "User-Agent": "azsdk-python-planetarycomputer/1.0.0b1 Python/3.13.9 (Windows-11-10.0.26100-SP0)"
      },
      "RequestBody": null,
      "StatusCode": 200,
      "ResponseHeaders": {
        "Access-Control-Allow-Credentials": "true",
        "Access-Control-Allow-Headers": "X-PC-Request-Entity,DNT,Keep-Alive,User-Agent,X-Requested-With,If-Modified-Since,Cache-Control,Content-Type,Authorization,Location",
        "Access-Control-Allow-Methods": "PUT, GET, POST, OPTIONS, DELETE, PATCH",
        "Access-Control-Allow-Origin": "*",
        "Access-Control-Expose-Headers": "Location",
        "Access-Control-Max-Age": "1728000",
        "api-supported-versions": "2024-01-31-preview, 2025-04-30-preview",
        "Connection": "keep-alive",
        "Content-Type": "application/json; charset=utf-8",
        "Date": "Mon, 01 Jan 2024 00:00:00 GMT",
        "mise-correlation-id": "00000000-0000-0000-0000-000000000000",
        "Strict-Transport-Security": "max-age=31536000; includeSubDomains",
        "Transfer-Encoding": "chunked",
        "x-azure-ref": "Sanitized",
        "X-Cache": "CONFIG_NOCACHE",
        "X-Request-ID": "00000000000000000000000000000000"
      },
      "ResponseBody": {
        "id": "00000000-0000-0000-0000-000000000000",
        "status": "Succeeded",
        "statusHistory": [
          {
            "status": "Pending",
            "timestamp": "2025-11-03T16:22:10.5470304Z"
          },
          {
            "status": "Running",
            "timestamp": "2025-11-03T16:22:18.5088105Z"
          },
          {
            "status": "Finished",
            "timestamp": "2025-11-03T16:22:19.8288314Z"
          }
        ],
        "type": "DeleteIngestion",
        "creationTime": "2025-11-03T16:22:10.5470292Z",
        "collectionId": "naip-atl",
        "additionalInformation": {
          "IngestionId": "570ab10a-004c-4601-81e4-7e8d102a87c0"
        }
      }
    },
    {
      "RequestUri": "https://Sanitized.sanitized_label.sanitized_location.geocatalog.spatio.azure.com/inma/operations/00000000-0000-0000-0000-000000000000?api-version=2025-04-30-preview",
      "RequestMethod": "GET",
      "RequestHeaders": {
        "Accept": "*/*",
        "Connection": "keep-alive",
        "User-Agent": "azsdk-python-planetarycomputer/1.0.0b1 Python/3.13.9 (Windows-11-10.0.26100-SP0)"
      },
      "RequestBody": null,
      "StatusCode": 200,
      "ResponseHeaders": {
        "Access-Control-Allow-Credentials": "true",
        "Access-Control-Allow-Headers": "X-PC-Request-Entity,DNT,Keep-Alive,User-Agent,X-Requested-With,If-Modified-Since,Cache-Control,Content-Type,Authorization,Location",
        "Access-Control-Allow-Methods": "PUT, GET, POST, OPTIONS, DELETE, PATCH",
        "Access-Control-Allow-Origin": "*",
        "Access-Control-Expose-Headers": "Location",
        "Access-Control-Max-Age": "1728000",
        "api-supported-versions": "2024-01-31-preview, 2025-04-30-preview",
        "Connection": "keep-alive",
        "Content-Type": "application/json; charset=utf-8",
        "Date": "Mon, 01 Jan 2024 00:00:00 GMT",
        "mise-correlation-id": "00000000-0000-0000-0000-000000000000",
        "Strict-Transport-Security": "max-age=31536000; includeSubDomains",
        "Transfer-Encoding": "chunked",
        "x-azure-ref": "Sanitized",
        "X-Cache": "CONFIG_NOCACHE",
        "X-Request-ID": "00000000000000000000000000000000"
      },
      "ResponseBody": {
        "id": "00000000-0000-0000-0000-000000000000",
        "status": "Succeeded",
        "statusHistory": [
          {
            "status": "Pending",
            "timestamp": "2025-11-03T16:22:10.6157581Z"
          },
          {
            "status": "Running",
            "timestamp": "2025-11-03T16:22:20.276615Z"
          },
          {
            "status": "Finished",
            "timestamp": "2025-11-03T16:22:21.0090973Z"
          }
        ],
        "type": "DeleteIngestion",
        "creationTime": "2025-11-03T16:22:10.6157577Z",
        "collectionId": "naip-atl",
        "additionalInformation": {
          "IngestionId": "68769a14-efbf-46c5-963f-886d240b2d5e"
        }
      }
    },
    {
      "RequestUri": "https://Sanitized.sanitized_label.sanitized_location.geocatalog.spatio.azure.com/inma/collections/naip-atl/ingestions?api-version=2025-04-30-preview",
      "RequestMethod": "POST",
      "RequestHeaders": {
        "Accept": "application/json",
        "Connection": "keep-alive",
        "Content-Length": "268",
        "Content-Type": "application/json",
        "User-Agent": "azsdk-python-planetarycomputer/1.0.0b1 Python/3.13.9 (Windows-11-10.0.26100-SP0)"
      },
      "RequestBody": {
        "importType": "StaticCatalog",
        "displayName": "Ingestion for Operation",
        "sourceCatalogUrl": "https://raw.githubusercontent.com/aloverro/mpcpro-sample-datasets/main/datasets/planetary_computer/naip/catalog.json",
        "keepOriginalAssets": true,
        "skipExistingItems": true
      },
      "StatusCode": 201,
      "ResponseHeaders": {
        "Access-Control-Allow-Credentials": "true",
        "Access-Control-Allow-Headers": "X-PC-Request-Entity,DNT,Keep-Alive,User-Agent,X-Requested-With,If-Modified-Since,Cache-Control,Content-Type,Authorization,Location",
        "Access-Control-Allow-Methods": "PUT, GET, POST, OPTIONS, DELETE, PATCH",
        "Access-Control-Allow-Origin": "*",
        "Access-Control-Expose-Headers": "Location",
        "Access-Control-Max-Age": "1728000",
        "api-supported-versions": "2024-01-31-preview, 2025-04-30-preview",
        "Connection": "keep-alive",
        "Content-Type": "application/json; charset=utf-8",
        "Date": "Mon, 01 Jan 2024 00:00:00 GMT",
        "Location": "https://Sanitized.sanitized_label.sanitized_location.geocatalog.spatio.azure.com/inma/collections/naip-atl/ingestions/00000000-0000-0000-0000-000000000000?api-version=2025-04-30-preview",
        "mise-correlation-id": "00000000-0000-0000-0000-000000000000",
        "Strict-Transport-Security": "max-age=31536000; includeSubDomains",
        "Transfer-Encoding": "chunked",
        "x-azure-ref": "Sanitized",
        "X-Cache": "CONFIG_NOCACHE",
        "X-Request-ID": "00000000000000000000000000000000"
      },
      "ResponseBody": {
        "id": "00000000-0000-0000-0000-000000000000",
        "creationTime": "2025-11-03T16:22:42.2822773Z",
        "importType": "StaticCatalog",
        "displayName": "Ingestion for Operation",
        "sourceCatalogUrl": "https://raw.githubusercontent.com/aloverro/mpcpro-sample-datasets/main/datasets/planetary_computer/naip/catalog.json",
        "skipExistingItems": true,
        "keepOriginalAssets": true,
        "status": "Ready"
      }
    },
    {
      "RequestUri": "https://Sanitized.sanitized_label.sanitized_location.geocatalog.spatio.azure.com/inma/collections/naip-atl/ingestions/00000000-0000-0000-0000-000000000000/runs?api-version=2025-04-30-preview",
      "RequestMethod": "POST",
      "RequestHeaders": {
        "Accept": "application/json",
        "Connection": "keep-alive",
        "Content-Length": "0",
        "User-Agent": "azsdk-python-planetarycomputer/1.0.0b1 Python/3.13.9 (Windows-11-10.0.26100-SP0)"
      },
      "RequestBody": null,
      "StatusCode": 201,
      "ResponseHeaders": {
        "Access-Control-Allow-Credentials": "true",
        "Access-Control-Allow-Headers": "X-PC-Request-Entity,DNT,Keep-Alive,User-Agent,X-Requested-With,If-Modified-Since,Cache-Control,Content-Type,Authorization,Location",
        "Access-Control-Allow-Methods": "PUT, GET, POST, OPTIONS, DELETE, PATCH",
        "Access-Control-Allow-Origin": "*",
        "Access-Control-Expose-Headers": "Location",
        "Access-Control-Max-Age": "1728000",
        "api-supported-versions": "2024-01-31-preview, 2025-04-30-preview",
        "Connection": "keep-alive",
        "Content-Type": "application/json; charset=utf-8",
        "Date": "Mon, 01 Jan 2024 00:00:00 GMT",
        "Location": "https://Sanitized.sanitized_label.sanitized_location.geocatalog.spatio.azure.com/inma/collections/naip-atl/ingestions/00000000-0000-0000-0000-000000000000/runs/7cf9f7f6-89ec-477e-8f0e-b9764c44f1c3?api-version=2025-04-30-preview",
        "mise-correlation-id": "00000000-0000-0000-0000-000000000000",
        "Strict-Transport-Security": "max-age=31536000; includeSubDomains",
        "Transfer-Encoding": "chunked",
        "x-azure-ref": "Sanitized",
        "X-Cache": "CONFIG_NOCACHE",
        "X-Request-ID": "00000000000000000000000000000000"
      },
      "ResponseBody": {
        "id": "00000000-0000-0000-0000-000000000000",
        "creationTime": "2025-11-03T16:22:42.3577613Z",
        "sourceCatalogUrl": "https://raw.githubusercontent.com/aloverro/mpcpro-sample-datasets/main/datasets/planetary_computer/naip/catalog.json",
        "skipExistingItems": true,
        "keepOriginalAssets": true,
        "operation": {
          "id": "00000000-0000-0000-0000-000000000000",
          "status": "Pending",
          "statusHistory": [
            {
              "status": "Pending",
              "timestamp": "2025-11-03T16:22:42.3478496Z"
            }
          ],
          "creationTime": "2025-11-03T16:22:42.3478477Z",
          "totalItems": 0,
          "totalPendingItems": 0,
          "totalSuccessfulItems": 0,
          "totalFailedItems": 0
        }
      }
    },
    {
      "RequestUri": "https://Sanitized.sanitized_label.sanitized_location.geocatalog.spatio.azure.com/inma/operations/00000000-0000-0000-0000-000000000000?api-version=2025-04-30-preview",
      "RequestMethod": "GET",
      "RequestHeaders": {
        "Accept": "application/json",
        "Connection": "keep-alive",
        "User-Agent": "azsdk-python-planetarycomputer/1.0.0b1 Python/3.13.9 (Windows-11-10.0.26100-SP0)"
      },
      "RequestBody": null,
      "StatusCode": 200,
      "ResponseHeaders": {
        "Access-Control-Allow-Credentials": "true",
        "Access-Control-Allow-Headers": "X-PC-Request-Entity,DNT,Keep-Alive,User-Agent,X-Requested-With,If-Modified-Since,Cache-Control,Content-Type,Authorization,Location",
        "Access-Control-Allow-Methods": "PUT, GET, POST, OPTIONS, DELETE, PATCH",
        "Access-Control-Allow-Origin": "*",
        "Access-Control-Expose-Headers": "Location",
        "Access-Control-Max-Age": "1728000",
        "api-supported-versions": "2024-01-31-preview, 2025-04-30-preview",
        "Connection": "keep-alive",
        "Content-Type": "application/json; charset=utf-8",
        "Date": "Mon, 01 Jan 2024 00:00:00 GMT",
        "mise-correlation-id": "00000000-0000-0000-0000-000000000000",
        "Strict-Transport-Security": "max-age=31536000; includeSubDomains",
        "Transfer-Encoding": "chunked",
        "x-azure-ref": "Sanitized",
        "X-Cache": "CONFIG_NOCACHE",
        "X-Request-ID": "00000000000000000000000000000000"
      },
      "ResponseBody": {
        "id": "00000000-0000-0000-0000-000000000000",
        "status": "Pending",
        "statusHistory": [
          {
            "status": "Pending",
            "timestamp": "2025-11-03T16:22:42.3478496Z"
          }
        ],
        "type": "IngestionStaticCatalog",
        "creationTime": "2025-11-03T16:22:42.3478477Z",
        "collectionId": "naip-atl"
      }
    }
  ],
  "Variables": {}
}
