{
  "Entries": [
    {
      "RequestUri": "http://Sanitized.254.169.254/metadata/identity/oauth2/token?api-version=2018-02-01&resource=https://Sanitized.spatio.azure.com",
      "RequestMethod": "GET",
      "RequestHeaders": {
        "Accept": "*/*",
        "Accept-Encoding": "gzip, deflate",
        "Connection": "keep-alive",
        "User-Agent": "azsdk-python-identity/1.25.1 Python/3.13.9 (Windows-11-10.0.26100-SP0)"
      },
      "RequestBody": null,
      "StatusCode": 400,
      "ResponseHeaders": {
        "Content-Length": "88",
        "Content-Type": "application/json; charset=utf-8",
        "Date": "Sat, 18 Oct 2025 02:33:48 GMT",
        "Server": "IMDS/150.870.65.1854"
      },
      "ResponseBody": {
        "error": "invalid_request",
        "error_description": "Required metadata header not specified"
      }
    },
    {
      "RequestUri": "http://Sanitized.254.169.254/metadata/identity/oauth2/token?api-version=2018-02-01&resource=https://Sanitized.spatio.azure.com",
      "RequestMethod": "GET",
      "RequestHeaders": {
        "Accept": "*/*",
        "Accept-Encoding": "gzip, deflate",
        "Connection": "keep-alive",
        "Metadata": "true",
        "User-Agent": "azsdk-python-identity/1.25.1 Python/3.13.9 (Windows-11-10.0.26100-SP0)"
      },
      "RequestBody": null,
      "StatusCode": 400,
      "ResponseHeaders": {
        "Content-Length": "68",
        "Content-Type": "application/json; charset=utf-8",
        "Date": "Sat, 18 Oct 2025 02:33:48 GMT",
        "Server": "IMDS/150.870.65.1854"
      },
      "ResponseBody": {
        "error": "invalid_request",
        "error_description": "Identity not found"
      }
    },
    {
      "RequestUri": "https://SANITIZED_GEOCATALOG.SANITIZED_LABEL.SANITIZED_LOCATION.geocatalog.spatio.azure.com/inma/collections/naip-sample-datasets/ingestions?api-version=2025-04-30-preview",
      "RequestMethod": "POST",
      "RequestHeaders": {
        "Accept": "application/json",
        "Accept-Encoding": "gzip, deflate",
        "Connection": "keep-alive",
        "Content-Length": "274",
        "Content-Type": "application/json",
        "User-Agent": "azsdk-python-planetarycomputer/1.0.0b1 Python/3.13.9 (Windows-11-10.0.26100-SP0)"
      },
      "RequestBody": {
        "importType": "StaticCatalog",
        "displayName": "NAIP Sample Dataset Ingestion",
        "sourceCatalogUrl": "https://raw.githubusercontent.com/aloverro/mpcpro-sample-datasets/main/datasets/planetary_computer/naip/catalog.json",
        "keepOriginalAssets": true,
        "skipExistingItems": true
      },
      "StatusCode": 201,
      "ResponseHeaders": {
        "Access-Control-Allow-Credentials": "true",
        "Access-Control-Allow-Headers": "X-PC-Request-Entity,DNT,Keep-Alive,User-Agent,X-Requested-With,If-Modified-Since,Cache-Control,Content-Type,Authorization,Location",
        "Access-Control-Allow-Methods": "PUT, GET, POST, OPTIONS, DELETE, PATCH",
        "Access-Control-Allow-Origin": "*",
        "Access-Control-Expose-Headers": "Location",
        "Access-Control-Max-Age": "1728000",
        "api-supported-versions": "2024-01-31-preview, 2025-04-30-preview",
        "Connection": "keep-alive",
        "Content-Type": "application/json; charset=utf-8",
        "Date": "Sat, 18 Oct 2025 02:33:51 GMT",
        "Location": "https://example.com",
        "mise-correlation-id": "df666e4f-7961-4f71-a580-b60c186aaf00",
        "Strict-Transport-Security": "max-age=31536000; includeSubDomains",
        "Transfer-Encoding": "chunked",
        "x-azure-ref": "Sanitized",
        "X-Cache": "CONFIG_NOCACHE",
        "X-Request-ID": "1cb063d4e21e061353e27210a601b702"
      },
      "ResponseBody": {
        "id": "Sanitized",
        "creationTime": "2025-10-18T02:33:51.7246223Z",
        "importType": "StaticCatalog",
        "displayName": "NAIP Sample Dataset Ingestion",
        "sourceCatalogUrl": "https://raw.githubusercontent.com/aloverro/mpcpro-sample-datasets/main/datasets/planetary_computer/naip/catalog.json",
        "skipExistingItems": true,
        "keepOriginalAssets": true,
        "status": "Ready"
      }
    },
    {
      "RequestUri": "https://SANITIZED_GEOCATALOG.SANITIZED_LABEL.SANITIZED_LOCATION.geocatalog.spatio.azure.com/inma/collections/naip-sample-datasets/ingestions/ba8ae618-7f89-492f-83ee-1745903ff54a?api-version=2025-04-30-preview",
      "RequestMethod": "PATCH",
      "RequestHeaders": {
        "Accept": "application/json",
        "Accept-Encoding": "gzip, deflate",
        "Connection": "keep-alive",
        "Content-Length": "77",
        "Content-Type": "application/merge-patch+json",
        "User-Agent": "azsdk-python-planetarycomputer/1.0.0b1 Python/3.13.9 (Windows-11-10.0.26100-SP0)"
      },
      "RequestBody": {
        "importType": "StaticCatalog",
        "displayName": "NAIP Updated Ingestion Name"
      },
      "StatusCode": 200,
      "ResponseHeaders": {
        "Access-Control-Allow-Credentials": "true",
        "Access-Control-Allow-Headers": "X-PC-Request-Entity,DNT,Keep-Alive,User-Agent,X-Requested-With,If-Modified-Since,Cache-Control,Content-Type,Authorization,Location",
        "Access-Control-Allow-Methods": "PUT, GET, POST, OPTIONS, DELETE, PATCH",
        "Access-Control-Allow-Origin": "*",
        "Access-Control-Expose-Headers": "Location",
        "Access-Control-Max-Age": "1728000",
        "api-supported-versions": "2024-01-31-preview, 2025-04-30-preview",
        "Connection": "keep-alive",
        "Content-Type": "application/json; charset=utf-8",
        "Date": "Sat, 18 Oct 2025 02:33:51 GMT",
        "mise-correlation-id": "fac6749f-7fa0-4ca0-b3fd-b5d3e2803a11",
        "Strict-Transport-Security": "max-age=31536000; includeSubDomains",
        "Transfer-Encoding": "chunked",
        "x-azure-ref": "Sanitized",
        "X-Cache": "CONFIG_NOCACHE",
        "X-Request-ID": "d433223356ca83501c1a5130fa9fd645"
      },
      "ResponseBody": {
        "id": "Sanitized",
        "creationTime": "2025-10-18T02:33:51.7246223Z",
        "importType": "StaticCatalog",
        "displayName": "NAIP Updated Ingestion Name",
        "sourceCatalogUrl": "https://raw.githubusercontent.com/aloverro/mpcpro-sample-datasets/main/datasets/planetary_computer/naip/catalog.json",
        "skipExistingItems": true,
        "keepOriginalAssets": true,
        "status": "Ready"
      }
    }
  ],
  "Variables": {}
}
