{
  "Entries": [
    {
      "RequestUri": "https://Sanitized.sanitized_label.sanitized_location.geocatalog.spatio.azure.com/inma/operations/00000000-0000-0000-0000-000000000000?api-version=2025-04-30-preview",
      "RequestMethod": "GET",
      "RequestHeaders": {
        "Accept": "*/*",
        "Connection": "keep-alive",
        "User-Agent": "azsdk-python-planetarycomputer/1.0.0b1 Python/3.13.9 (Windows-11-10.0.26100-SP0)"
      },
      "RequestBody": null,
      "StatusCode": 200,
      "ResponseHeaders": {
        "Access-Control-Allow-Credentials": "true",
        "Access-Control-Allow-Headers": "X-PC-Request-Entity,DNT,Keep-Alive,User-Agent,X-Requested-With,If-Modified-Since,Cache-Control,Content-Type,Authorization,Location",
        "Access-Control-Allow-Methods": "PUT, GET, POST, OPTIONS, DELETE, PATCH",
        "Access-Control-Allow-Origin": "*",
        "Access-Control-Expose-Headers": "Location",
        "Access-Control-Max-Age": "1728000",
        "api-supported-versions": "2024-01-31-preview, 2025-04-30-preview",
        "Connection": "keep-alive",
        "Content-Type": "application/json; charset=utf-8",
        "Date": "Mon, 01 Jan 2024 00:00:00 GMT",
        "mise-correlation-id": "00000000-0000-0000-0000-000000000000",
        "Strict-Transport-Security": "max-age=31536000; includeSubDomains",
        "Transfer-Encoding": "chunked",
        "x-azure-ref": "Sanitized",
        "X-Cache": "CONFIG_NOCACHE",
        "X-Request-ID": "00000000000000000000000000000000"
      },
      "ResponseBody": {
        "id": "00000000-0000-0000-0000-000000000000",
        "status": "Succeeded",
        "statusHistory": [
          {
            "status": "Pending",
            "timestamp": "2025-10-26T18:38:00.3064927Z"
          },
          {
            "status": "Running",
            "timestamp": "2025-10-26T18:38:01.6885576Z"
          },
          {
            "status": "Finished",
            "timestamp": "2025-10-26T18:38:01.735899Z"
          }
        ],
        "type": "DeleteIngestion",
        "creationTime": "2025-10-26T18:38:00.3064906Z",
        "collectionId": "naip-atl",
        "additionalInformation": {
          "IngestionId": "50409bcf-61f6-4163-8afc-5dd7f1894c45"
        }
      }
    },
    {
      "RequestUri": "https://Sanitized.sanitized_label.sanitized_location.geocatalog.spatio.azure.com/inma/operations/00000000-0000-0000-0000-000000000000?api-version=2025-04-30-preview",
      "RequestMethod": "GET",
      "RequestHeaders": {
        "Accept": "*/*",
        "Connection": "keep-alive",
        "User-Agent": "azsdk-python-planetarycomputer/1.0.0b1 Python/3.13.9 (Windows-11-10.0.26100-SP0)"
      },
      "RequestBody": null,
      "StatusCode": 200,
      "ResponseHeaders": {
        "Access-Control-Allow-Credentials": "true",
        "Access-Control-Allow-Headers": "X-PC-Request-Entity,DNT,Keep-Alive,User-Agent,X-Requested-With,If-Modified-Since,Cache-Control,Content-Type,Authorization,Location",
        "Access-Control-Allow-Methods": "PUT, GET, POST, OPTIONS, DELETE, PATCH",
        "Access-Control-Allow-Origin": "*",
        "Access-Control-Expose-Headers": "Location",
        "Access-Control-Max-Age": "1728000",
        "api-supported-versions": "2024-01-31-preview, 2025-04-30-preview",
        "Connection": "keep-alive",
        "Content-Type": "application/json; charset=utf-8",
        "Date": "Mon, 01 Jan 2024 00:00:00 GMT",
        "mise-correlation-id": "00000000-0000-0000-0000-000000000000",
        "Strict-Transport-Security": "max-age=31536000; includeSubDomains",
        "Transfer-Encoding": "chunked",
        "x-azure-ref": "Sanitized",
        "X-Cache": "CONFIG_NOCACHE",
        "X-Request-ID": "00000000000000000000000000000000"
      },
      "ResponseBody": {
        "id": "00000000-0000-0000-0000-000000000000",
        "status": "Succeeded",
        "statusHistory": [
          {
            "status": "Pending",
            "timestamp": "2025-10-26T18:38:00.4423902Z"
          },
          {
            "status": "Running",
            "timestamp": "2025-10-26T18:38:01.7544578Z"
          },
          {
            "status": "Finished",
            "timestamp": "2025-10-26T18:38:01.7763722Z"
          }
        ],
        "type": "DeleteIngestion",
        "creationTime": "2025-10-26T18:38:00.4423883Z",
        "collectionId": "naip-atl",
        "additionalInformation": {
          "IngestionId": "c7805a45-597b-4921-a9e3-49729912b8cf"
        }
      }
    },
    {
      "RequestUri": "https://Sanitized.sanitized_label.sanitized_location.geocatalog.spatio.azure.com/inma/collections/naip-atl/ingestions?api-version=2025-04-30-preview",
      "RequestMethod": "POST",
      "RequestHeaders": {
        "Accept": "application/json",
        "Connection": "keep-alive",
        "Content-Length": "269",
        "Content-Type": "application/json",
        "User-Agent": "azsdk-python-planetarycomputer/1.0.0b1 Python/3.13.9 (Windows-11-10.0.26100-SP0)"
      },
      "RequestBody": {
        "importType": "StaticCatalog",
        "displayName": "Ingestion for Lists Test",
        "sourceCatalogUrl": "https://raw.githubusercontent.com/aloverro/mpcpro-sample-datasets/main/datasets/planetary_computer/naip/catalog.json",
        "keepOriginalAssets": true,
        "skipExistingItems": true
      },
      "StatusCode": 201,
      "ResponseHeaders": {
        "Access-Control-Allow-Credentials": "true",
        "Access-Control-Allow-Headers": "X-PC-Request-Entity,DNT,Keep-Alive,User-Agent,X-Requested-With,If-Modified-Since,Cache-Control,Content-Type,Authorization,Location",
        "Access-Control-Allow-Methods": "PUT, GET, POST, OPTIONS, DELETE, PATCH",
        "Access-Control-Allow-Origin": "*",
        "Access-Control-Expose-Headers": "Location",
        "Access-Control-Max-Age": "1728000",
        "api-supported-versions": "2024-01-31-preview, 2025-04-30-preview",
        "Connection": "keep-alive",
        "Content-Type": "application/json; charset=utf-8",
        "Date": "Mon, 01 Jan 2024 00:00:00 GMT",
        "Location": "https://Sanitized.sanitized_label.sanitized_location.geocatalog.spatio.azure.com/inma/collections/naip-atl/ingestions/00000000-0000-0000-0000-000000000000?api-version=2025-04-30-preview",
        "mise-correlation-id": "00000000-0000-0000-0000-000000000000",
        "Strict-Transport-Security": "max-age=31536000; includeSubDomains",
        "Transfer-Encoding": "chunked",
        "x-azure-ref": "Sanitized",
        "X-Cache": "CONFIG_NOCACHE",
        "X-Request-ID": "00000000000000000000000000000000"
      },
      "ResponseBody": {
        "id": "00000000-0000-0000-0000-000000000000",
        "creationTime": "2025-10-26T18:38:30.7072136Z",
        "importType": "StaticCatalog",
        "displayName": "Ingestion for Lists Test",
        "sourceCatalogUrl": "https://raw.githubusercontent.com/aloverro/mpcpro-sample-datasets/main/datasets/planetary_computer/naip/catalog.json",
        "skipExistingItems": true,
        "keepOriginalAssets": true,
        "status": "Ready"
      }
    },
    {
      "RequestUri": "https://Sanitized.sanitized_label.sanitized_location.geocatalog.spatio.azure.com/inma/collections/naip-atl/ingestions?api-version=2025-04-30-preview",
      "RequestMethod": "GET",
      "RequestHeaders": {
        "Accept": "application/json",
        "Connection": "keep-alive",
        "User-Agent": "azsdk-python-planetarycomputer/1.0.0b1 Python/3.13.9 (Windows-11-10.0.26100-SP0)"
      },
      "RequestBody": null,
      "StatusCode": 200,
      "ResponseHeaders": {
        "Access-Control-Allow-Credentials": "true",
        "Access-Control-Allow-Headers": "X-PC-Request-Entity,DNT,Keep-Alive,User-Agent,X-Requested-With,If-Modified-Since,Cache-Control,Content-Type,Authorization,Location",
        "Access-Control-Allow-Methods": "PUT, GET, POST, OPTIONS, DELETE, PATCH",
        "Access-Control-Allow-Origin": "*",
        "Access-Control-Expose-Headers": "Location",
        "Access-Control-Max-Age": "1728000",
        "api-supported-versions": "2024-01-31-preview, 2025-04-30-preview",
        "Connection": "keep-alive",
        "Content-Type": "application/json; charset=utf-8",
        "Date": "Mon, 01 Jan 2024 00:00:00 GMT",
        "mise-correlation-id": "00000000-0000-0000-0000-000000000000",
        "Strict-Transport-Security": "max-age=31536000; includeSubDomains",
        "Transfer-Encoding": "chunked",
        "x-azure-ref": "Sanitized",
        "X-Cache": "CONFIG_NOCACHE",
        "X-Request-ID": "00000000000000000000000000000000"
      },
      "ResponseBody": {
        "value": [
          {
            "id": "00000000-0000-0000-0000-000000000000",
            "creationTime": "2025-10-26T18:38:02.5645897Z",
            "importType": "StaticCatalog",
            "displayName": "Ingestion",
            "sourceCatalogUrl": "https://raw.githubusercontent.com/aloverro/mpcpro-sample-datasets/main/datasets/planetary_computer/naip/catalog.json",
            "skipExistingItems": true,
            "keepOriginalAssets": true,
            "status": "Ready"
          },
          {
            "id": "00000000-0000-0000-0000-000000000000",
            "creationTime": "2025-10-26T18:38:04.6558926Z",
            "importType": "StaticCatalog",
            "displayName": "Updated Ingestion Name",
            "sourceCatalogUrl": "https://raw.githubusercontent.com/aloverro/mpcpro-sample-datasets/main/datasets/planetary_computer/naip/catalog.json",
            "skipExistingItems": true,
            "keepOriginalAssets": true,
            "status": "Ready"
          },
          {
            "id": "00000000-0000-0000-0000-000000000000",
            "creationTime": "2025-10-26T18:38:06.7777706Z",
            "importType": "StaticCatalog",
            "displayName": "Ingestion for Run",
            "sourceCatalogUrl": "https://raw.githubusercontent.com/aloverro/mpcpro-sample-datasets/main/datasets/planetary_computer/naip/catalog.json",
            "skipExistingItems": true,
            "keepOriginalAssets": true,
            "status": "Ready"
          },
          {
            "id": "00000000-0000-0000-0000-000000000000",
            "creationTime": "2025-10-26T18:38:08.9052774Z",
            "importType": "StaticCatalog",
            "displayName": "Ingestion for Status Check",
            "sourceCatalogUrl": "https://raw.githubusercontent.com/aloverro/mpcpro-sample-datasets/main/datasets/planetary_computer/naip/catalog.json",
            "skipExistingItems": true,
            "keepOriginalAssets": true,
            "status": "Ready"
          },
          {
            "id": "00000000-0000-0000-0000-000000000000",
            "creationTime": "2025-10-26T18:38:14.1355127Z",
            "importType": "StaticCatalog",
            "displayName": "Ingestion for Operation",
            "sourceCatalogUrl": "https://raw.githubusercontent.com/aloverro/mpcpro-sample-datasets/main/datasets/planetary_computer/naip/catalog.json",
            "skipExistingItems": true,
            "keepOriginalAssets": true,
            "status": "Ready"
          },
          {
            "id": "00000000-0000-0000-0000-000000000000",
            "creationTime": "2025-10-26T18:38:19.9599396Z",
            "importType": "StaticCatalog",
            "displayName": "Ingestion for Cancel Test",
            "sourceCatalogUrl": "https://raw.githubusercontent.com/aloverro/mpcpro-sample-datasets/main/datasets/planetary_computer/naip/catalog.json",
            "skipExistingItems": true,
            "keepOriginalAssets": true,
            "status": "Ready"
          },
          {
            "id": "00000000-0000-0000-0000-000000000000",
            "creationTime": "2025-10-26T18:38:30.7072136Z",
            "importType": "StaticCatalog",
            "displayName": "Ingestion for Lists Test",
            "sourceCatalogUrl": "https://raw.githubusercontent.com/aloverro/mpcpro-sample-datasets/main/datasets/planetary_computer/naip/catalog.json",
            "skipExistingItems": true,
            "keepOriginalAssets": true,
            "status": "Ready"
          }
        ]
      }
    }
  ],
  "Variables": {}
}
