{
  "Entries": [
    {
      "RequestUri": "http://Sanitized.254.169.254/metadata/identity/oauth2/token?api-version=2018-02-01&resource=https://Sanitized.spatio.azure.com",
      "RequestMethod": "GET",
      "RequestHeaders": {
        "Accept": "*/*",
        "Accept-Encoding": "gzip, deflate",
        "Connection": "keep-alive",
        "User-Agent": "azsdk-python-identity/1.25.1 Python/3.13.9 (Windows-11-10.0.26100-SP0)"
      },
      "RequestBody": null,
      "StatusCode": 400,
      "ResponseHeaders": {
        "Content-Length": "88",
        "Content-Type": "application/json; charset=utf-8",
        "Date": "Sat, 18 Oct 2025 01:49:44 GMT",
        "Server": "IMDS/150.870.65.1854"
      },
      "ResponseBody": {
        "error": "invalid_request",
        "error_description": "Required metadata header not specified"
      }
    },
    {
      "RequestUri": "http://Sanitized.254.169.254/metadata/identity/oauth2/token?api-version=2018-02-01&resource=https://Sanitized.spatio.azure.com",
      "RequestMethod": "GET",
      "RequestHeaders": {
        "Accept": "*/*",
        "Accept-Encoding": "gzip, deflate",
        "Connection": "keep-alive",
        "Metadata": "true",
        "User-Agent": "azsdk-python-identity/1.25.1 Python/3.13.9 (Windows-11-10.0.26100-SP0)"
      },
      "RequestBody": null,
      "StatusCode": 400,
      "ResponseHeaders": {
        "Content-Length": "68",
        "Content-Type": "application/json; charset=utf-8",
        "Date": "Sat, 18 Oct 2025 01:49:44 GMT",
        "Server": "IMDS/150.870.65.1854"
      },
      "ResponseBody": {
        "error": "invalid_request",
        "error_description": "Identity not found"
      }
    },
    {
      "RequestUri": "https://SANITIZED_GEOCATALOG.SANITIZED_LABEL.SANITIZED_LOCATION.geocatalog.spatio.azure.com/inma/collections/atl/ingestions?api-version=2025-04-30-preview",
      "RequestMethod": "POST",
      "RequestHeaders": {
        "Accept": "application/json",
        "Accept-Encoding": "gzip, deflate",
        "Connection": "keep-alive",
        "Content-Length": "273",
        "Content-Type": "application/json",
        "User-Agent": "azsdk-python-planetarycomputer/1.0.0b1 Python/3.13.9 (Windows-11-10.0.26100-SP0)"
      },
      "RequestBody": {
        "importType": "StaticCatalog",
        "displayName": "NAIP Ingestion for Operation",
        "sourceCatalogUrl": "https://raw.githubusercontent.com/aloverro/mpcpro-sample-datasets/main/datasets/planetary_computer/naip/catalog.json",
        "keepOriginalAssets": true,
        "skipExistingItems": true
      },
      "StatusCode": 201,
      "ResponseHeaders": {
        "Access-Control-Allow-Credentials": "true",
        "Access-Control-Allow-Headers": "X-PC-Request-Entity,DNT,Keep-Alive,User-Agent,X-Requested-With,If-Modified-Since,Cache-Control,Content-Type,Authorization,Location",
        "Access-Control-Allow-Methods": "PUT, GET, POST, OPTIONS, DELETE, PATCH",
        "Access-Control-Allow-Origin": "*",
        "Access-Control-Expose-Headers": "Location",
        "Access-Control-Max-Age": "1728000",
        "api-supported-versions": "2024-01-31-preview, 2025-04-30-preview",
        "Connection": "keep-alive",
        "Content-Type": "application/json; charset=utf-8",
        "Date": "Sat, 18 Oct 2025 01:49:47 GMT",
        "Location": "https://example.com",
        "mise-correlation-id": "f98c19fa-01d4-4680-8177-8b9872e5b81a",
        "Strict-Transport-Security": "max-age=31536000; includeSubDomains",
        "Transfer-Encoding": "chunked",
        "x-azure-ref": "Sanitized",
        "X-Cache": "CONFIG_NOCACHE",
        "X-Request-ID": "68a4aada4192ad28a7055da13d3d4f6f"
      },
      "ResponseBody": {
        "id": "Sanitized",
        "creationTime": "2025-10-18T01:49:47.4477938Z",
        "importType": "StaticCatalog",
        "displayName": "NAIP Ingestion for Operation",
        "sourceCatalogUrl": "https://raw.githubusercontent.com/aloverro/mpcpro-sample-datasets/main/datasets/planetary_computer/naip/catalog.json",
        "skipExistingItems": true,
        "keepOriginalAssets": true,
        "status": "Ready"
      }
    },
    {
      "RequestUri": "https://SANITIZED_GEOCATALOG.SANITIZED_LABEL.SANITIZED_LOCATION.geocatalog.spatio.azure.com/inma/collections/atl/ingestions/197e790b-bde6-443c-aa51-4cc2ff963625/runs?api-version=2025-04-30-preview",
      "RequestMethod": "POST",
      "RequestHeaders": {
        "Accept": "application/json",
        "Accept-Encoding": "gzip, deflate",
        "Connection": "keep-alive",
        "Content-Length": "0",
        "User-Agent": "azsdk-python-planetarycomputer/1.0.0b1 Python/3.13.9 (Windows-11-10.0.26100-SP0)"
      },
      "RequestBody": null,
      "StatusCode": 201,
      "ResponseHeaders": {
        "Access-Control-Allow-Credentials": "true",
        "Access-Control-Allow-Headers": "X-PC-Request-Entity,DNT,Keep-Alive,User-Agent,X-Requested-With,If-Modified-Since,Cache-Control,Content-Type,Authorization,Location",
        "Access-Control-Allow-Methods": "PUT, GET, POST, OPTIONS, DELETE, PATCH",
        "Access-Control-Allow-Origin": "*",
        "Access-Control-Expose-Headers": "Location",
        "Access-Control-Max-Age": "1728000",
        "api-supported-versions": "2024-01-31-preview, 2025-04-30-preview",
        "Connection": "keep-alive",
        "Content-Type": "application/json; charset=utf-8",
        "Date": "Sat, 18 Oct 2025 01:49:47 GMT",
        "Location": "https://example.com",
        "mise-correlation-id": "35660427-4bab-4651-9364-1209f36623e5",
        "Strict-Transport-Security": "max-age=31536000; includeSubDomains",
        "Transfer-Encoding": "chunked",
        "x-azure-ref": "Sanitized",
        "X-Cache": "CONFIG_NOCACHE",
        "X-Request-ID": "8c795a3e57616e658997ea937d1251ad"
      },
      "ResponseBody": {
        "id": "Sanitized",
        "creationTime": "2025-10-18T01:49:47.5017676Z",
        "sourceCatalogUrl": "https://raw.githubusercontent.com/aloverro/mpcpro-sample-datasets/main/datasets/planetary_computer/naip/catalog.json",
        "skipExistingItems": true,
        "keepOriginalAssets": true,
        "operation": {
          "id": "Sanitized",
          "status": "Pending",
          "statusHistory": [
            {
              "status": "Pending",
              "timestamp": "2025-10-18T01:49:47.4917986Z"
            }
          ],
          "creationTime": "2025-10-18T01:49:47.4917965Z",
          "totalItems": 0,
          "totalPendingItems": 0,
          "totalSuccessfulItems": 0,
          "totalFailedItems": 0
        }
      }
    },
    {
      "RequestUri": "https://SANITIZED_GEOCATALOG.SANITIZED_LABEL.SANITIZED_LOCATION.geocatalog.spatio.azure.com/inma/operations/fa6c7036-8b2f-4f15-87b9-292a88bcf178?api-version=2025-04-30-preview",
      "RequestMethod": "GET",
      "RequestHeaders": {
        "Accept": "application/json",
        "Accept-Encoding": "gzip, deflate",
        "Connection": "keep-alive",
        "User-Agent": "azsdk-python-planetarycomputer/1.0.0b1 Python/3.13.9 (Windows-11-10.0.26100-SP0)"
      },
      "RequestBody": null,
      "StatusCode": 200,
      "ResponseHeaders": {
        "Access-Control-Allow-Credentials": "true",
        "Access-Control-Allow-Headers": "X-PC-Request-Entity,DNT,Keep-Alive,User-Agent,X-Requested-With,If-Modified-Since,Cache-Control,Content-Type,Authorization,Location",
        "Access-Control-Allow-Methods": "PUT, GET, POST, OPTIONS, DELETE, PATCH",
        "Access-Control-Allow-Origin": "*",
        "Access-Control-Expose-Headers": "Location",
        "Access-Control-Max-Age": "1728000",
        "api-supported-versions": "2024-01-31-preview, 2025-04-30-preview",
        "Connection": "keep-alive",
        "Content-Type": "application/json; charset=utf-8",
        "Date": "Sat, 18 Oct 2025 01:49:47 GMT",
        "mise-correlation-id": "a942d7b6-39fe-405d-a0e2-d09740c2b0cb",
        "Strict-Transport-Security": "max-age=31536000; includeSubDomains",
        "Transfer-Encoding": "chunked",
        "x-azure-ref": "Sanitized",
        "X-Cache": "CONFIG_NOCACHE",
        "X-Request-ID": "82989392333fc2efc369f0dc97f92c15"
      },
      "ResponseBody": {
        "id": "Sanitized",
        "status": "Pending",
        "statusHistory": [
          {
            "status": "Pending",
            "timestamp": "2025-10-18T01:49:47.4917986Z"
          }
        ],
        "type": "IngestionStaticCatalog",
        "creationTime": "2025-10-18T01:49:47.4917965Z",
        "collectionId": "atl"
      }
    }
  ],
  "Variables": {}
}
