{
  "Entries": [
    {
      "RequestUri": "http://Sanitized.254.169.254/metadata/identity/oauth2/token?api-version=2018-02-01&resource=https://Sanitized.spatio.azure.com",
      "RequestMethod": "GET",
      "RequestHeaders": {
        "Accept": "*/*",
        "Accept-Encoding": "gzip, deflate",
        "Connection": "keep-alive",
        "User-Agent": "azsdk-python-identity/1.25.1 Python/3.13.9 (Windows-11-10.0.26100-SP0)"
      },
      "RequestBody": null,
      "StatusCode": 400,
      "ResponseHeaders": {
        "Content-Length": "88",
        "Content-Type": "application/json; charset=utf-8",
        "Date": "Sat, 18 Oct 2025 02:49:06 GMT",
        "Server": "IMDS/150.870.65.1854"
      },
      "ResponseBody": {
        "error": "invalid_request",
        "error_description": "Required metadata header not specified"
      }
    },
    {
      "RequestUri": "http://Sanitized.254.169.254/metadata/identity/oauth2/token?api-version=2018-02-01&resource=https://Sanitized.spatio.azure.com",
      "RequestMethod": "GET",
      "RequestHeaders": {
        "Accept": "*/*",
        "Accept-Encoding": "gzip, deflate",
        "Connection": "keep-alive",
        "Metadata": "true",
        "User-Agent": "azsdk-python-identity/1.25.1 Python/3.13.9 (Windows-11-10.0.26100-SP0)"
      },
      "RequestBody": null,
      "StatusCode": 400,
      "ResponseHeaders": {
        "Content-Length": "68",
        "Content-Type": "application/json; charset=utf-8",
        "Date": "Sat, 18 Oct 2025 02:49:06 GMT",
        "Server": "IMDS/150.870.65.1854"
      },
      "ResponseBody": {
        "error": "invalid_request",
        "error_description": "Identity not found"
      }
    },
    {
      "RequestUri": "https://SANITIZED_GEOCATALOG.SANITIZED_LABEL.SANITIZED_LOCATION.geocatalog.spatio.azure.com/inma/collections/naip-sample-datasets/ingestions?api-version=2025-04-30-preview",
      "RequestMethod": "POST",
      "RequestHeaders": {
        "Accept": "application/json",
        "Accept-Encoding": "gzip, deflate",
        "Connection": "keep-alive",
        "Content-Length": "275",
        "Content-Type": "application/json",
        "User-Agent": "azsdk-python-planetarycomputer/1.0.0b1 Python/3.13.9 (Windows-11-10.0.26100-SP0)"
      },
      "RequestBody": {
        "importType": "StaticCatalog",
        "displayName": "NAIP Ingestion for Cancel Test",
        "sourceCatalogUrl": "https://raw.githubusercontent.com/aloverro/mpcpro-sample-datasets/main/datasets/planetary_computer/naip/catalog.json",
        "keepOriginalAssets": true,
        "skipExistingItems": true
      },
      "StatusCode": 201,
      "ResponseHeaders": {
        "Access-Control-Allow-Credentials": "true",
        "Access-Control-Allow-Headers": "X-PC-Request-Entity,DNT,Keep-Alive,User-Agent,X-Requested-With,If-Modified-Since,Cache-Control,Content-Type,Authorization,Location",
        "Access-Control-Allow-Methods": "PUT, GET, POST, OPTIONS, DELETE, PATCH",
        "Access-Control-Allow-Origin": "*",
        "Access-Control-Expose-Headers": "Location",
        "Access-Control-Max-Age": "1728000",
        "api-supported-versions": "2024-01-31-preview, 2025-04-30-preview",
        "Connection": "keep-alive",
        "Content-Type": "application/json; charset=utf-8",
        "Date": "Sat, 18 Oct 2025 02:49:10 GMT",
        "Location": "https://example.com",
        "mise-correlation-id": "93b4a33d-f6dc-4b79-af62-17051dff6d6b",
        "Strict-Transport-Security": "max-age=31536000; includeSubDomains",
        "Transfer-Encoding": "chunked",
        "x-azure-ref": "Sanitized",
        "X-Cache": "CONFIG_NOCACHE",
        "X-Request-ID": "74f839851778b3c0cbf2e1c93391688b"
      },
      "ResponseBody": {
        "id": "Sanitized",
        "creationTime": "2025-10-18T02:49:10.6168746Z",
        "importType": "StaticCatalog",
        "displayName": "NAIP Ingestion for Cancel Test",
        "sourceCatalogUrl": "https://raw.githubusercontent.com/aloverro/mpcpro-sample-datasets/main/datasets/planetary_computer/naip/catalog.json",
        "skipExistingItems": true,
        "keepOriginalAssets": true,
        "status": "Ready"
      }
    },
    {
      "RequestUri": "https://SANITIZED_GEOCATALOG.SANITIZED_LABEL.SANITIZED_LOCATION.geocatalog.spatio.azure.com/inma/collections/naip-sample-datasets/ingestions/42fdf4d2-e140-4bfa-8606-05d09158d643/runs?api-version=2025-04-30-preview",
      "RequestMethod": "POST",
      "RequestHeaders": {
        "Accept": "application/json",
        "Accept-Encoding": "gzip, deflate",
        "Connection": "keep-alive",
        "Content-Length": "0",
        "User-Agent": "azsdk-python-planetarycomputer/1.0.0b1 Python/3.13.9 (Windows-11-10.0.26100-SP0)"
      },
      "RequestBody": null,
      "StatusCode": 201,
      "ResponseHeaders": {
        "Access-Control-Allow-Credentials": "true",
        "Access-Control-Allow-Headers": "X-PC-Request-Entity,DNT,Keep-Alive,User-Agent,X-Requested-With,If-Modified-Since,Cache-Control,Content-Type,Authorization,Location",
        "Access-Control-Allow-Methods": "PUT, GET, POST, OPTIONS, DELETE, PATCH",
        "Access-Control-Allow-Origin": "*",
        "Access-Control-Expose-Headers": "Location",
        "Access-Control-Max-Age": "1728000",
        "api-supported-versions": "2024-01-31-preview, 2025-04-30-preview",
        "Connection": "keep-alive",
        "Content-Type": "application/json; charset=utf-8",
        "Date": "Sat, 18 Oct 2025 02:49:10 GMT",
        "Location": "https://example.com",
        "mise-correlation-id": "06620f85-77ef-4337-afaf-ab85b4332fb3",
        "Strict-Transport-Security": "max-age=31536000; includeSubDomains",
        "Transfer-Encoding": "chunked",
        "x-azure-ref": "Sanitized",
        "X-Cache": "CONFIG_NOCACHE",
        "X-Request-ID": "72b9d9775ccb3c6a05994d7c7190f04b"
      },
      "ResponseBody": {
        "id": "Sanitized",
        "creationTime": "2025-10-18T02:49:10.6877598Z",
        "sourceCatalogUrl": "https://raw.githubusercontent.com/aloverro/mpcpro-sample-datasets/main/datasets/planetary_computer/naip/catalog.json",
        "skipExistingItems": true,
        "keepOriginalAssets": true,
        "operation": {
          "id": "Sanitized",
          "status": "Pending",
          "statusHistory": [
            {
              "status": "Pending",
              "timestamp": "2025-10-18T02:49:10.6796118Z"
            }
          ],
          "creationTime": "2025-10-18T02:49:10.6796084Z",
          "totalItems": 0,
          "totalPendingItems": 0,
          "totalSuccessfulItems": 0,
          "totalFailedItems": 0
        }
      }
    },
    {
      "RequestUri": "https://SANITIZED_GEOCATALOG.SANITIZED_LABEL.SANITIZED_LOCATION.geocatalog.spatio.azure.com/inma/operations/00d2ba4f-56c5-4d24-925e-a713b1f062c6?api-version=2025-04-30-preview",
      "RequestMethod": "DELETE",
      "RequestHeaders": {
        "Accept": "*/*",
        "Accept-Encoding": "gzip, deflate",
        "Connection": "keep-alive",
        "Content-Length": "0",
        "User-Agent": "azsdk-python-planetarycomputer/1.0.0b1 Python/3.13.9 (Windows-11-10.0.26100-SP0)"
      },
      "RequestBody": null,
      "StatusCode": 204,
      "ResponseHeaders": {
        "Access-Control-Allow-Credentials": "true",
        "Access-Control-Allow-Headers": "X-PC-Request-Entity,DNT,Keep-Alive,User-Agent,X-Requested-With,If-Modified-Since,Cache-Control,Content-Type,Authorization,Location",
        "Access-Control-Allow-Methods": "PUT, GET, POST, OPTIONS, DELETE, PATCH",
        "Access-Control-Allow-Origin": "*",
        "Access-Control-Expose-Headers": "Location",
        "Access-Control-Max-Age": "1728000",
        "api-supported-versions": "2024-01-31-preview, 2025-04-30-preview",
        "Connection": "keep-alive",
        "Date": "Sat, 18 Oct 2025 02:49:10 GMT",
        "mise-correlation-id": "a1134b7b-304c-4f90-aab5-6895a4b551d7",
        "Strict-Transport-Security": "max-age=31536000; includeSubDomains",
        "x-azure-ref": "Sanitized",
        "X-Cache": "CONFIG_NOCACHE",
        "X-Request-ID": "2e25b292d0fa5f801d70098367b1ae66"
      },
      "ResponseBody": null
    }
  ],
  "Variables": {}
}
