{
  "Entries": [
    {
      "RequestUri": "https://fakeendpoint.cognitiveservices.azure.com/documentintelligence/documentModels:build?api-version=2023-10-31-preview",
      "RequestMethod": "POST",
      "RequestHeaders": {
        "Accept": "*/*",
        "Accept-Encoding": "gzip, deflate",
        "Content-Length": "131",
        "Content-Type": "application/json",
        "User-Agent": "azsdk-python-ai-documentintelligence/1.0.0b1 Python/3.11.4 (Windows-10-10.0.22621-SP0)"
      },
      "RequestBody": {
        "modelId": "f84b9da4-1ed4-4448-b288-1b9d3a65bd2f",
        "buildMode": "template",
        "azureBlobSource": {
          "containerUrl": "https://blob_sas_url"
        }
      },
      "StatusCode": 429,
      "ResponseHeaders": {
        "apim-request-id": "b5a201e9-debf-4101-bb1d-7be2513c719e",
        "Content-Length": "299",
        "Content-Type": "application/json",
        "Date": "Fri, 17 Nov 2023 17:31:09 GMT",
        "Retry-After": "4",
        "Strict-Transport-Security": "max-age=31536000; includeSubDomains; preload",
        "X-Content-Type-Options": "nosniff",
        "x-ms-region": "West US 2"
      },
      "ResponseBody": {
        "error": {
          "code": "429",
          "message": "Requests to the Create - Build model Operation under Azure AI Document Intelligence 2023-10-31-preview have exceeded call rate limit of your current FormRecognizer F0 pricing tier. Please retry after 4 seconds. To increase your rate limit switch to a paid tier."
        }
      }
    },
    {
      "RequestUri": "https://fakeendpoint.cognitiveservices.azure.com/documentintelligence/documentModels:build?api-version=2023-10-31-preview",
      "RequestMethod": "POST",
      "RequestHeaders": {
        "Accept": "*/*",
        "Accept-Encoding": "gzip, deflate",
        "Content-Length": "131",
        "Content-Type": "application/json",
        "User-Agent": "azsdk-python-ai-documentintelligence/1.0.0b1 Python/3.11.4 (Windows-10-10.0.22621-SP0)"
      },
      "RequestBody": {
        "modelId": "f84b9da4-1ed4-4448-b288-1b9d3a65bd2f",
        "buildMode": "template",
        "azureBlobSource": {
          "containerUrl": "https://blob_sas_url"
        }
      },
      "StatusCode": 202,
      "ResponseHeaders": {
        "apim-request-id": "c9a693fb-20da-4578-9adb-142362569ca8",
        "Content-Length": "0",
        "Date": "Fri, 17 Nov 2023 17:31:14 GMT",
        "operation-location": "https://fakeendpoint.cognitiveservices.azure.com/documentintelligence/operations/31466125726_c9a693fb-20da-4578-9adb-142362569ca8?api-version=2023-10-31-preview",
        "Strict-Transport-Security": "max-age=31536000; includeSubDomains; preload",
        "X-Content-Type-Options": "nosniff",
        "x-envoy-upstream-service-time": "1166",
        "x-ms-region": "West US 2"
      },
      "ResponseBody": null
    },
    {
      "RequestUri": "https://fakeendpoint.cognitiveservices.azure.com/documentintelligence/operations/31466125726_c9a693fb-20da-4578-9adb-142362569ca8?api-version=2023-10-31-preview",
      "RequestMethod": "GET",
      "RequestHeaders": {
        "Accept": "*/*",
        "Accept-Encoding": "gzip, deflate",
        "User-Agent": "azsdk-python-ai-documentintelligence/1.0.0b1 Python/3.11.4 (Windows-10-10.0.22621-SP0)"
      },
      "RequestBody": null,
      "StatusCode": 429,
      "ResponseHeaders": {
        "apim-request-id": "56f1ee58-e438-489a-af9f-1de29fc67128",
        "Content-Length": "305",
        "Content-Type": "application/json",
        "Date": "Fri, 17 Nov 2023 17:31:14 GMT",
        "Retry-After": "4",
        "Strict-Transport-Security": "max-age=31536000; includeSubDomains; preload",
        "X-Content-Type-Options": "nosniff",
        "x-ms-region": "West US 2"
      },
      "ResponseBody": {
        "error": {
          "code": "429",
          "message": "Requests to the Operations - Get operation Operation under Azure AI Document Intelligence 2023-10-31-preview have exceeded call rate limit of your current FormRecognizer F0 pricing tier. Please retry after 4 seconds. To increase your rate limit switch to a paid tier."
        }
      }
    },
    {
      "RequestUri": "https://fakeendpoint.cognitiveservices.azure.com/documentintelligence/operations/31466125726_c9a693fb-20da-4578-9adb-142362569ca8?api-version=2023-10-31-preview",
      "RequestMethod": "GET",
      "RequestHeaders": {
        "Accept": "*/*",
        "Accept-Encoding": "gzip, deflate",
        "User-Agent": "azsdk-python-ai-documentintelligence/1.0.0b1 Python/3.11.4 (Windows-10-10.0.22621-SP0)"
      },
      "RequestBody": null,
      "StatusCode": 200,
      "ResponseHeaders": {
        "apim-request-id": "3df7213d-14f7-484c-964e-cdb09c74459d",
        "Content-Type": "application/json; charset=utf-8",
        "Date": "Fri, 17 Nov 2023 17:31:18 GMT",
        "Strict-Transport-Security": "max-age=31536000; includeSubDomains; preload",
        "Transfer-Encoding": "chunked",
        "X-Content-Type-Options": "nosniff",
        "x-envoy-upstream-service-time": "8",
        "x-ms-region": "West US 2"
      },
      "ResponseBody": {
        "operationId": "31466125726_c9a693fb-20da-4578-9adb-142362569ca8",
        "kind": "documentModelBuild",
        "status": "succeeded",
        "createdDateTime": "2023-11-17T17:31:13Z",
        "lastUpdatedDateTime": "2023-11-17T17:31:15Z",
        "resourceLocation": "https://fakeendpoint.cognitiveservices.azure.com/documentintelligence/documentModels/f84b9da4-1ed4-4448-b288-1b9d3a65bd2f?api-version=2023-10-31-preview",
        "percentCompleted": 100,
        "result": {
          "docTypes": {
            "f84b9da4-1ed4-4448-b288-1b9d3a65bd2f": {
              "fieldSchema": {
                "Merchant": {
                  "type": "string"
                },
                "PhoneNumber": {
                  "type": "string"
                },
                "Website": {
                  "type": "string"
                },
                "Email": {
                  "type": "string"
                },
                "PurchaseOrderNumber": {
                  "type": "string"
                },
                "DatedAs": {
                  "type": "string"
                },
                "VendorName": {
                  "type": "string"
                },
                "CompanyName": {
                  "type": "string"
                },
                "CompanyAddress": {
                  "type": "string"
                },
                "CompanyPhoneNumber": {
                  "type": "string"
                },
                "Subtotal": {
                  "type": "string"
                },
                "Tax": {
                  "type": "string"
                },
                "Total": {
                  "type": "string"
                },
                "Signature": {
                  "type": "string"
                },
                "Quantity": {
                  "type": "number"
                },
                "FullSignature": {
                  "type": "signature"
                }
              },
              "buildMode": "template",
              "fieldConfidence": {
                "CompanyAddress": 0.8,
                "CompanyName": 0.995,
                "CompanyPhoneNumber": 0.995,
                "DatedAs": 0.995,
                "Email": 0.8,
                "FullSignature": 0.6,
                "Merchant": 0.995,
                "PhoneNumber": 0.995,
                "PurchaseOrderNumber": 0.995,
                "Quantity": 0.995,
                "Signature": 0.995,
                "Subtotal": 0.995,
                "Tax": 0.995,
                "Total": 0.995,
                "VendorName": 0.995,
                "Website": 0.995
              }
            }
          },
          "modelId": "f84b9da4-1ed4-4448-b288-1b9d3a65bd2f",
          "createdDateTime": "2023-11-17T17:31:15Z",
          "expirationDateTime": "2025-11-16T17:31:15Z",
          "apiVersion": "2023-10-31-preview"
        },
        "apiVersion": "2023-10-31-preview"
      }
    },
    {
      "RequestUri": "https://fakeendpoint.cognitiveservices.azure.com/documentintelligence/documentModels/f84b9da4-1ed4-4448-b288-1b9d3a65bd2f?api-version=2023-10-31-preview",
      "RequestMethod": "GET",
      "RequestHeaders": {
        "Accept": "*/*",
        "Accept-Encoding": "gzip, deflate",
        "User-Agent": "azsdk-python-ai-documentintelligence/1.0.0b1 Python/3.11.4 (Windows-10-10.0.22621-SP0)"
      },
      "RequestBody": null,
      "StatusCode": 429,
      "ResponseHeaders": {
        "apim-request-id": "e743019e-ff0f-461d-8665-8c8eb281711d",
        "Content-Length": "297",
        "Content-Type": "application/json",
        "Date": "Fri, 17 Nov 2023 17:31:18 GMT",
        "Retry-After": "5",
        "Strict-Transport-Security": "max-age=31536000; includeSubDomains; preload",
        "X-Content-Type-Options": "nosniff",
        "x-ms-region": "West US 2"
      },
      "ResponseBody": {
        "error": {
          "code": "429",
          "message": "Requests to the Manage - Get model Operation under Azure AI Document Intelligence 2023-10-31-preview have exceeded call rate limit of your current FormRecognizer F0 pricing tier. Please retry after 5 seconds. To increase your rate limit switch to a paid tier."
        }
      }
    },
    {
      "RequestUri": "https://fakeendpoint.cognitiveservices.azure.com/documentintelligence/documentModels/f84b9da4-1ed4-4448-b288-1b9d3a65bd2f?api-version=2023-10-31-preview",
      "RequestMethod": "GET",
      "RequestHeaders": {
        "Accept": "*/*",
        "Accept-Encoding": "gzip, deflate",
        "User-Agent": "azsdk-python-ai-documentintelligence/1.0.0b1 Python/3.11.4 (Windows-10-10.0.22621-SP0)"
      },
      "RequestBody": null,
      "StatusCode": 200,
      "ResponseHeaders": {
        "apim-request-id": "5b3e2693-33db-4c46-b531-edbead36d292",
        "Content-Type": "application/json; charset=utf-8",
        "Date": "Fri, 17 Nov 2023 17:31:23 GMT",
        "Strict-Transport-Security": "max-age=31536000; includeSubDomains; preload",
        "Transfer-Encoding": "chunked",
        "X-Content-Type-Options": "nosniff",
        "x-envoy-upstream-service-time": "19",
        "x-ms-region": "West US 2"
      },
      "ResponseBody": {
        "docTypes": {
          "f84b9da4-1ed4-4448-b288-1b9d3a65bd2f": {
            "fieldSchema": {
              "Merchant": {
                "type": "string"
              },
              "PhoneNumber": {
                "type": "string"
              },
              "Website": {
                "type": "string"
              },
              "Email": {
                "type": "string"
              },
              "PurchaseOrderNumber": {
                "type": "string"
              },
              "DatedAs": {
                "type": "string"
              },
              "VendorName": {
                "type": "string"
              },
              "CompanyName": {
                "type": "string"
              },
              "CompanyAddress": {
                "type": "string"
              },
              "CompanyPhoneNumber": {
                "type": "string"
              },
              "Subtotal": {
                "type": "string"
              },
              "Tax": {
                "type": "string"
              },
              "Total": {
                "type": "string"
              },
              "Signature": {
                "type": "string"
              },
              "Quantity": {
                "type": "number"
              },
              "FullSignature": {
                "type": "signature"
              }
            },
            "buildMode": "template",
            "fieldConfidence": {
              "CompanyAddress": 0.8,
              "CompanyName": 0.995,
              "CompanyPhoneNumber": 0.995,
              "DatedAs": 0.995,
              "Email": 0.8,
              "FullSignature": 0.6,
              "Merchant": 0.995,
              "PhoneNumber": 0.995,
              "PurchaseOrderNumber": 0.995,
              "Quantity": 0.995,
              "Signature": 0.995,
              "Subtotal": 0.995,
              "Tax": 0.995,
              "Total": 0.995,
              "VendorName": 0.995,
              "Website": 0.995
            }
          }
        },
        "modelId": "f84b9da4-1ed4-4448-b288-1b9d3a65bd2f",
        "createdDateTime": "2023-11-17T17:31:15Z",
        "expirationDateTime": "2025-11-16T17:31:15Z",
        "apiVersion": "2023-10-31-preview"
      }
    },
    {
      "RequestUri": "https://fakeendpoint.cognitiveservices.azure.com/documentintelligence/documentModels:authorizeCopy?api-version=2023-10-31-preview",
      "RequestMethod": "POST",
      "RequestHeaders": {
        "Accept": "application/json",
        "Accept-Encoding": "gzip, deflate",
        "Content-Length": "85",
        "Content-Type": "application/json",
        "User-Agent": "azsdk-python-ai-documentintelligence/1.0.0b1 Python/3.11.4 (Windows-10-10.0.22621-SP0)"
      },
      "RequestBody": {
        "modelId": "67492b56-ab22-4bd9-be20-d73d1def9e42",
        "tags": {
          "testkey": "testvalue"
        }
      },
      "StatusCode": 429,
      "ResponseHeaders": {
        "apim-request-id": "9916fcf0-89f0-4fcd-9626-5a5841e141e1",
        "Content-Length": "315",
        "Content-Type": "application/json",
        "Date": "Fri, 17 Nov 2023 17:31:23 GMT",
        "Retry-After": "5",
        "Strict-Transport-Security": "max-age=31536000; includeSubDomains; preload",
        "X-Content-Type-Options": "nosniff",
        "x-ms-region": "West US 2"
      },
      "ResponseBody": {
        "error": {
          "code": "429",
          "message": "Requests to the Manage - Generate copy authorization Operation under Azure AI Document Intelligence 2023-10-31-preview have exceeded call rate limit of your current FormRecognizer F0 pricing tier. Please retry after 5 seconds. To increase your rate limit switch to a paid tier."
        }
      }
    },
    {
      "RequestUri": "https://fakeendpoint.cognitiveservices.azure.com/documentintelligence/documentModels:authorizeCopy?api-version=2023-10-31-preview",
      "RequestMethod": "POST",
      "RequestHeaders": {
        "Accept": "application/json",
        "Accept-Encoding": "gzip, deflate",
        "Content-Length": "85",
        "Content-Type": "application/json",
        "User-Agent": "azsdk-python-ai-documentintelligence/1.0.0b1 Python/3.11.4 (Windows-10-10.0.22621-SP0)"
      },
      "RequestBody": {
        "modelId": "67492b56-ab22-4bd9-be20-d73d1def9e42",
        "tags": {
          "testkey": "testvalue"
        }
      },
      "StatusCode": 200,
      "ResponseHeaders": {
        "apim-request-id": "47825fe6-3c05-4408-824c-ce67f7e0689d",
        "Content-Type": "application/json; charset=utf-8",
        "Date": "Fri, 17 Nov 2023 17:31:28 GMT",
        "Strict-Transport-Security": "max-age=31536000; includeSubDomains; preload",
        "Transfer-Encoding": "chunked",
        "X-Content-Type-Options": "nosniff",
        "x-envoy-upstream-service-time": "53",
        "x-ms-region": "West US 2"
      },
      "ResponseBody": {
        "targetResourceId": "/path/to/resource/id",
        "targetResourceRegion": "region",
        "targetModelId": "67492b56-ab22-4bd9-be20-d73d1def9e42",
        "targetModelLocation": "https://fakeendpoint.cognitiveservices.azure.com/documentintelligence/documentModels/67492b56-ab22-4bd9-be20-d73d1def9e42?api-version=2023-10-31-preview",
        "accessToken": "redacted",
        "expirationDateTime": "2023-11-17T18:31:28Z"
      }
    },
    {
      "RequestUri": "https://fakeendpoint.cognitiveservices.azure.com/documentintelligence/documentModels/f84b9da4-1ed4-4448-b288-1b9d3a65bd2f:copyTo?api-version=2023-10-31-preview",
      "RequestMethod": "POST",
      "RequestHeaders": {
        "Accept": "*/*",
        "Accept-Encoding": "gzip, deflate",
        "Content-Length": "376",
        "Content-Type": "application/json",
        "User-Agent": "azsdk-python-ai-documentintelligence/1.0.0b1 Python/3.11.4 (Windows-10-10.0.22621-SP0)"
      },
      "RequestBody": {
        "targetResourceId": "/path/to/resource/id",
        "targetResourceRegion": "region",
        "targetModelId": "67492b56-ab22-4bd9-be20-d73d1def9e42",
        "targetModelLocation": "https://fakeendpoint.cognitiveservices.azure.com/documentintelligence/documentModels/67492b56-ab22-4bd9-be20-d73d1def9e42?api-version=2023-10-31-preview",
        "accessToken": "redacted",
        "expirationDateTime": "2023-11-17T18:31:28Z"
      },
      "StatusCode": 429,
      "ResponseHeaders": {
        "apim-request-id": "260dd533-7c9d-4c70-85d5-8cbb3076cb6d",
        "Content-Length": "298",
        "Content-Type": "application/json",
        "Date": "Fri, 17 Nov 2023 17:31:28 GMT",
        "Retry-After": "5",
        "Strict-Transport-Security": "max-age=31536000; includeSubDomains; preload",
        "X-Content-Type-Options": "nosniff",
        "x-ms-region": "West US 2"
      },
      "ResponseBody": {
        "error": {
          "code": "429",
          "message": "Requests to the Manage - Copy model Operation under Azure AI Document Intelligence 2023-10-31-preview have exceeded call rate limit of your current FormRecognizer F0 pricing tier. Please retry after 5 seconds. To increase your rate limit switch to a paid tier."
        }
      }
    },
    {
      "RequestUri": "https://fakeendpoint.cognitiveservices.azure.com/documentintelligence/documentModels/f84b9da4-1ed4-4448-b288-1b9d3a65bd2f:copyTo?api-version=2023-10-31-preview",
      "RequestMethod": "POST",
      "RequestHeaders": {
        "Accept": "*/*",
        "Accept-Encoding": "gzip, deflate",
        "Content-Length": "376",
        "Content-Type": "application/json",
        "User-Agent": "azsdk-python-ai-documentintelligence/1.0.0b1 Python/3.11.4 (Windows-10-10.0.22621-SP0)"
      },
      "RequestBody": {
        "targetResourceId": "/path/to/resource/id",
        "targetResourceRegion": "region",
        "targetModelId": "67492b56-ab22-4bd9-be20-d73d1def9e42",
        "targetModelLocation": "https://fakeendpoint.cognitiveservices.azure.com/documentintelligence/documentModels/67492b56-ab22-4bd9-be20-d73d1def9e42?api-version=2023-10-31-preview",
        "accessToken": "redacted",
        "expirationDateTime": "2023-11-17T18:31:28Z"
      },
      "StatusCode": 202,
      "ResponseHeaders": {
        "apim-request-id": "611aff03-f7b4-4582-82c6-b3d422fa5db6",
        "Content-Length": "0",
        "Date": "Fri, 17 Nov 2023 17:31:33 GMT",
        "Operation-Location": "https://fakeendpoint.cognitiveservices.azure.com/documentintelligence/operations/31466125706_611aff03-f7b4-4582-82c6-b3d422fa5db6?api-version=2023-10-31-preview",
        "Strict-Transport-Security": "max-age=31536000; includeSubDomains; preload",
        "X-Content-Type-Options": "nosniff",
        "x-envoy-upstream-service-time": "79",
        "x-ms-region": "West US 2"
      },
      "ResponseBody": null
    },
    {
      "RequestUri": "https://fakeendpoint.cognitiveservices.azure.com/documentintelligence/operations/31466125706_611aff03-f7b4-4582-82c6-b3d422fa5db6?api-version=2023-10-31-preview",
      "RequestMethod": "GET",
      "RequestHeaders": {
        "Accept": "*/*",
        "Accept-Encoding": "gzip, deflate",
        "User-Agent": "azsdk-python-ai-documentintelligence/1.0.0b1 Python/3.11.4 (Windows-10-10.0.22621-SP0)"
      },
      "RequestBody": null,
      "StatusCode": 429,
      "ResponseHeaders": {
        "apim-request-id": "d61151d2-1113-4e14-938f-111c87582224",
        "Content-Length": "304",
        "Content-Type": "application/json",
        "Date": "Fri, 17 Nov 2023 17:31:33 GMT",
        "Retry-After": "1",
        "Strict-Transport-Security": "max-age=31536000; includeSubDomains; preload",
        "X-Content-Type-Options": "nosniff",
        "x-ms-region": "West US 2"
      },
      "ResponseBody": {
        "error": {
          "code": "429",
          "message": "Requests to the Operations - Get operation Operation under Azure AI Document Intelligence 2023-10-31-preview have exceeded call rate limit of your current FormRecognizer F0 pricing tier. Please retry after 1 second. To increase your rate limit switch to a paid tier."
        }
      }
    },
    {
      "RequestUri": "https://fakeendpoint.cognitiveservices.azure.com/documentintelligence/operations/31466125706_611aff03-f7b4-4582-82c6-b3d422fa5db6?api-version=2023-10-31-preview",
      "RequestMethod": "GET",
      "RequestHeaders": {
        "Accept": "*/*",
        "Accept-Encoding": "gzip, deflate",
        "User-Agent": "azsdk-python-ai-documentintelligence/1.0.0b1 Python/3.11.4 (Windows-10-10.0.22621-SP0)"
      },
      "RequestBody": null,
      "StatusCode": 200,
      "ResponseHeaders": {
        "apim-request-id": "167618fe-6b80-41a9-9d6f-006d05c0f056",
        "Content-Type": "application/json; charset=utf-8",
        "Date": "Fri, 17 Nov 2023 17:31:34 GMT",
        "Strict-Transport-Security": "max-age=31536000; includeSubDomains; preload",
        "Transfer-Encoding": "chunked",
        "X-Content-Type-Options": "nosniff",
        "x-envoy-upstream-service-time": "8",
        "x-ms-region": "West US 2"
      },
      "ResponseBody": {
        "operationId": "31466125706_611aff03-f7b4-4582-82c6-b3d422fa5db6",
        "kind": "documentModelCopyTo",
        "status": "succeeded",
        "createdDateTime": "2023-11-17T17:31:33Z",
        "lastUpdatedDateTime": "2023-11-17T17:31:34Z",
        "resourceLocation": "https://fakeendpoint.cognitiveservices.azure.com/documentintelligence/documentModels/67492b56-ab22-4bd9-be20-d73d1def9e42?api-version=2023-10-31-preview",
        "percentCompleted": 100,
        "result": {
          "docTypes": {
            "67492b56-ab22-4bd9-be20-d73d1def9e42": {
              "fieldSchema": {
                "Merchant": {
                  "type": "string"
                },
                "PhoneNumber": {
                  "type": "string"
                },
                "Website": {
                  "type": "string"
                },
                "Email": {
                  "type": "string"
                },
                "PurchaseOrderNumber": {
                  "type": "string"
                },
                "DatedAs": {
                  "type": "string"
                },
                "VendorName": {
                  "type": "string"
                },
                "CompanyName": {
                  "type": "string"
                },
                "CompanyAddress": {
                  "type": "string"
                },
                "CompanyPhoneNumber": {
                  "type": "string"
                },
                "Subtotal": {
                  "type": "string"
                },
                "Tax": {
                  "type": "string"
                },
                "Total": {
                  "type": "string"
                },
                "Signature": {
                  "type": "string"
                },
                "Quantity": {
                  "type": "number"
                },
                "FullSignature": {
                  "type": "signature"
                }
              },
              "buildMode": "template",
              "fieldConfidence": {
                "CompanyAddress": 0.8,
                "CompanyName": 0.995,
                "CompanyPhoneNumber": 0.995,
                "DatedAs": 0.995,
                "Email": 0.8,
                "FullSignature": 0.6,
                "Merchant": 0.995,
                "PhoneNumber": 0.995,
                "PurchaseOrderNumber": 0.995,
                "Quantity": 0.995,
                "Signature": 0.995,
                "Subtotal": 0.995,
                "Tax": 0.995,
                "Total": 0.995,
                "VendorName": 0.995,
                "Website": 0.995
              }
            }
          },
          "modelId": "67492b56-ab22-4bd9-be20-d73d1def9e42",
          "createdDateTime": "2023-11-17T17:31:15Z",
          "expirationDateTime": "2025-11-16T17:31:15Z",
          "apiVersion": "2023-10-31-preview",
          "tags": {
            "testkey": "testvalue"
          }
        },
        "apiVersion": "2023-10-31-preview"
      }
    },
    {
      "RequestUri": "https://fakeendpoint.cognitiveservices.azure.com/documentintelligence/documentModels/67492b56-ab22-4bd9-be20-d73d1def9e42?api-version=2023-10-31-preview",
      "RequestMethod": "GET",
      "RequestHeaders": {
        "Accept": "*/*",
        "Accept-Encoding": "gzip, deflate",
        "User-Agent": "azsdk-python-ai-documentintelligence/1.0.0b1 Python/3.11.4 (Windows-10-10.0.22621-SP0)"
      },
      "RequestBody": null,
      "StatusCode": 429,
      "ResponseHeaders": {
        "apim-request-id": "cafdad15-79a5-4e67-b361-ad65f62d2437",
        "Content-Length": "297",
        "Content-Type": "application/json",
        "Date": "Fri, 17 Nov 2023 17:31:34 GMT",
        "policy-id": "ResourceRateLimitBy60s",
        "Retry-After": "5",
        "Strict-Transport-Security": "max-age=31536000; includeSubDomains; preload",
        "X-Content-Type-Options": "nosniff"
      },
      "ResponseBody": {
        "error": {
          "code": "429",
          "message": "Requests to the Manage - Get model Operation under Azure AI Document Intelligence 2023-10-31-preview have exceeded call rate limit of your current FormRecognizer F0 pricing tier. Please retry after 5 seconds. To increase your rate limit switch to a paid tier."
        }
      }
    },
    {
      "RequestUri": "https://fakeendpoint.cognitiveservices.azure.com/documentintelligence/documentModels/67492b56-ab22-4bd9-be20-d73d1def9e42?api-version=2023-10-31-preview",
      "RequestMethod": "GET",
      "RequestHeaders": {
        "Accept": "*/*",
        "Accept-Encoding": "gzip, deflate",
        "User-Agent": "azsdk-python-ai-documentintelligence/1.0.0b1 Python/3.11.4 (Windows-10-10.0.22621-SP0)"
      },
      "RequestBody": null,
      "StatusCode": 200,
      "ResponseHeaders": {
        "apim-request-id": "dbdc0fcd-44e2-422c-8c5e-ea44dab3f3f0",
        "Content-Type": "application/json; charset=utf-8",
        "Date": "Fri, 17 Nov 2023 17:31:39 GMT",
        "Strict-Transport-Security": "max-age=31536000; includeSubDomains; preload",
        "Transfer-Encoding": "chunked",
        "X-Content-Type-Options": "nosniff",
        "x-envoy-upstream-service-time": "17",
        "x-ms-region": "West US 2"
      },
      "ResponseBody": {
        "docTypes": {
          "67492b56-ab22-4bd9-be20-d73d1def9e42": {
            "fieldSchema": {
              "Merchant": {
                "type": "string"
              },
              "PhoneNumber": {
                "type": "string"
              },
              "Website": {
                "type": "string"
              },
              "Email": {
                "type": "string"
              },
              "PurchaseOrderNumber": {
                "type": "string"
              },
              "DatedAs": {
                "type": "string"
              },
              "VendorName": {
                "type": "string"
              },
              "CompanyName": {
                "type": "string"
              },
              "CompanyAddress": {
                "type": "string"
              },
              "CompanyPhoneNumber": {
                "type": "string"
              },
              "Subtotal": {
                "type": "string"
              },
              "Tax": {
                "type": "string"
              },
              "Total": {
                "type": "string"
              },
              "Signature": {
                "type": "string"
              },
              "Quantity": {
                "type": "number"
              },
              "FullSignature": {
                "type": "signature"
              }
            },
            "buildMode": "template",
            "fieldConfidence": {
              "CompanyAddress": 0.8,
              "CompanyName": 0.995,
              "CompanyPhoneNumber": 0.995,
              "DatedAs": 0.995,
              "Email": 0.8,
              "FullSignature": 0.6,
              "Merchant": 0.995,
              "PhoneNumber": 0.995,
              "PurchaseOrderNumber": 0.995,
              "Quantity": 0.995,
              "Signature": 0.995,
              "Subtotal": 0.995,
              "Tax": 0.995,
              "Total": 0.995,
              "VendorName": 0.995,
              "Website": 0.995
            }
          }
        },
        "modelId": "67492b56-ab22-4bd9-be20-d73d1def9e42",
        "createdDateTime": "2023-11-17T17:31:15Z",
        "expirationDateTime": "2025-11-16T17:31:15Z",
        "apiVersion": "2023-10-31-preview",
        "tags": {
          "testkey": "testvalue"
        }
      }
    }
  ],
  "Variables": {
    "model_id": "f84b9da4-1ed4-4448-b288-1b9d3a65bd2f",
    "model_id_copy": "67492b56-ab22-4bd9-be20-d73d1def9e42"
  }
}
