interactions:
- request:
    body: null
    headers:
      Accept:
      - application/json
      Accept-Encoding:
      - gzip, deflate
      Connection:
      - keep-alive
      Content-Length:
      - '0'
      Content-Type:
      - application/json; charset=utf-8
      User-Agent:
      - python/3.6.6 (Windows-10-10.0.18362-SP0) azure-core/1.0.0b2 azsdk-python-azure-keyvault/7.0
    method: PUT
    uri: https://vaultd1371366.vault.azure.net/certificates/issuers/issuer?api-version=7.0
  response:
    body:
      string: ''
    headers:
      cache-control:
      - no-cache
      content-length:
      - '0'
      date:
      - Thu, 25 Jul 2019 20:05:15 GMT
      expires:
      - '-1'
      pragma:
      - no-cache
      server:
      - Microsoft-IIS/10.0
      strict-transport-security:
      - max-age=31536000;includeSubDomains
      www-authenticate:
      - Bearer authorization="https://login.windows.net/72f988bf-86f1-41af-91ab-2d7cd011db47",
        resource="https://vault.azure.net"
      x-aspnet-version:
      - 4.0.30319
      x-content-type-options:
      - nosniff
      x-ms-keyvault-network-info:
      - addr=131.107.160.200;act_addr_fam=InterNetwork;
      x-ms-keyvault-region:
      - westus
      x-ms-keyvault-service-version:
      - 1.1.0.872
      x-powered-by:
      - ASP.NET
    status:
      code: 401
      message: Unauthorized
- request:
    body: '{"provider": "Test", "credentials": {"account_id": "keyvaultuser"}, "org_details":
      {"admin_details": [{"first_name": "John", "last_name": "Doe", "email": "admin@microsoft.com",
      "phone": "4255555555"}]}, "attributes": {"enabled": true}}'
    headers:
      Accept:
      - application/json
      Accept-Encoding:
      - gzip, deflate
      Connection:
      - keep-alive
      Content-Length:
      - '235'
      Content-Type:
      - application/json; charset=utf-8
      User-Agent:
      - python/3.6.6 (Windows-10-10.0.18362-SP0) azure-core/1.0.0b2 azsdk-python-azure-keyvault/7.0
    method: PUT
    uri: https://vaultd1371366.vault.azure.net/certificates/issuers/issuer?api-version=7.0
  response:
    body:
      string: '{"id":"https://vaultd1371366.vault.azure.net/certificates/issuers/issuer","provider":"Test","credentials":{"account_id":"keyvaultuser"},"org_details":{"zip":0,"admin_details":[{"first_name":"John","last_name":"Doe","email":"admin@microsoft.com","phone":"4255555555"}]},"attributes":{"enabled":true,"created":1564085115,"updated":1564085115}}'
    headers:
      cache-control:
      - no-cache
      content-length:
      - '341'
      content-type:
      - application/json; charset=utf-8
      date:
      - Thu, 25 Jul 2019 20:05:15 GMT
      expires:
      - '-1'
      pragma:
      - no-cache
      server:
      - Microsoft-IIS/10.0
      strict-transport-security:
      - max-age=31536000;includeSubDomains
      x-aspnet-version:
      - 4.0.30319
      x-content-type-options:
      - nosniff
      x-ms-keyvault-network-info:
      - addr=131.107.160.200;act_addr_fam=InterNetwork;
      x-ms-keyvault-region:
      - westus
      x-ms-keyvault-service-version:
      - 1.1.0.872
      x-powered-by:
      - ASP.NET
    status:
      code: 200
      message: OK
- request:
    body: null
    headers:
      Accept:
      - application/json
      Accept-Encoding:
      - gzip, deflate
      Connection:
      - keep-alive
      User-Agent:
      - python/3.6.6 (Windows-10-10.0.18362-SP0) azure-core/1.0.0b2 azsdk-python-azure-keyvault/7.0
    method: GET
    uri: https://vaultd1371366.vault.azure.net/certificates/issuers/issuer?api-version=7.0
  response:
    body:
      string: '{"id":"https://vaultd1371366.vault.azure.net/certificates/issuers/issuer","provider":"Test","credentials":{"account_id":"keyvaultuser"},"org_details":{"zip":0,"admin_details":[{"first_name":"John","last_name":"Doe","email":"admin@microsoft.com","phone":"4255555555"}]},"attributes":{"enabled":true,"created":1564085115,"updated":1564085115}}'
    headers:
      cache-control:
      - no-cache
      content-length:
      - '341'
      content-type:
      - application/json; charset=utf-8
      date:
      - Thu, 25 Jul 2019 20:05:16 GMT
      expires:
      - '-1'
      pragma:
      - no-cache
      server:
      - Microsoft-IIS/10.0
      strict-transport-security:
      - max-age=31536000;includeSubDomains
      x-aspnet-version:
      - 4.0.30319
      x-content-type-options:
      - nosniff
      x-ms-keyvault-network-info:
      - addr=131.107.160.200;act_addr_fam=InterNetwork;
      x-ms-keyvault-region:
      - westus
      x-ms-keyvault-service-version:
      - 1.1.0.872
      x-powered-by:
      - ASP.NET
    status:
      code: 200
      message: OK
- request:
    body: '{"provider": "Test", "credentials": {"account_id": "keyvaultuser2"}, "org_details":
      {"admin_details": [{"first_name": "John", "last_name": "Doe", "email": "admin@microsoft.com",
      "phone": "4255555555"}]}, "attributes": {"enabled": true}}'
    headers:
      Accept:
      - application/json
      Accept-Encoding:
      - gzip, deflate
      Connection:
      - keep-alive
      Content-Length:
      - '236'
      Content-Type:
      - application/json; charset=utf-8
      User-Agent:
      - python/3.6.6 (Windows-10-10.0.18362-SP0) azure-core/1.0.0b2 azsdk-python-azure-keyvault/7.0
    method: PUT
    uri: https://vaultd1371366.vault.azure.net/certificates/issuers/issuer2?api-version=7.0
  response:
    body:
      string: '{"id":"https://vaultd1371366.vault.azure.net/certificates/issuers/issuer2","provider":"Test","credentials":{"account_id":"keyvaultuser2"},"org_details":{"zip":0,"admin_details":[{"first_name":"John","last_name":"Doe","email":"admin@microsoft.com","phone":"4255555555"}]},"attributes":{"enabled":true,"created":1564085116,"updated":1564085116}}'
    headers:
      cache-control:
      - no-cache
      content-length:
      - '343'
      content-type:
      - application/json; charset=utf-8
      date:
      - Thu, 25 Jul 2019 20:05:16 GMT
      expires:
      - '-1'
      pragma:
      - no-cache
      server:
      - Microsoft-IIS/10.0
      strict-transport-security:
      - max-age=31536000;includeSubDomains
      x-aspnet-version:
      - 4.0.30319
      x-content-type-options:
      - nosniff
      x-ms-keyvault-network-info:
      - addr=131.107.160.200;act_addr_fam=InterNetwork;
      x-ms-keyvault-region:
      - westus
      x-ms-keyvault-service-version:
      - 1.1.0.872
      x-powered-by:
      - ASP.NET
    status:
      code: 200
      message: OK
- request:
    body: null
    headers:
      Accept:
      - application/json
      Accept-Encoding:
      - gzip, deflate
      Connection:
      - keep-alive
      User-Agent:
      - python/3.6.6 (Windows-10-10.0.18362-SP0) azure-core/1.0.0b2 azsdk-python-azure-keyvault/7.0
    method: GET
    uri: https://vaultd1371366.vault.azure.net/certificates/issuers?api-version=7.0
  response:
    body:
      string: '{"value":[{"id":"https://vaultd1371366.vault.azure.net/certificates/issuers/issuer","provider":"Test"},{"id":"https://vaultd1371366.vault.azure.net/certificates/issuers/issuer2","provider":"Test"}],"nextLink":null}'
    headers:
      cache-control:
      - no-cache
      content-length:
      - '214'
      content-type:
      - application/json; charset=utf-8
      date:
      - Thu, 25 Jul 2019 20:05:16 GMT
      expires:
      - '-1'
      pragma:
      - no-cache
      server:
      - Microsoft-IIS/10.0
      strict-transport-security:
      - max-age=31536000;includeSubDomains
      x-aspnet-version:
      - 4.0.30319
      x-content-type-options:
      - nosniff
      x-ms-keyvault-network-info:
      - addr=131.107.160.200;act_addr_fam=InterNetwork;
      x-ms-keyvault-region:
      - westus
      x-ms-keyvault-service-version:
      - 1.1.0.872
      x-powered-by:
      - ASP.NET
    status:
      code: 200
      message: OK
- request:
    body: '{"org_details": {"admin_details": [{"first_name": "Jane", "last_name":
      "Doe", "email": "admin@microsoft.com", "phone": "4255555555"}]}, "attributes":
      {"enabled": true}}'
    headers:
      Accept:
      - application/json
      Accept-Encoding:
      - gzip, deflate
      Connection:
      - keep-alive
      Content-Length:
      - '168'
      Content-Type:
      - application/json; charset=utf-8
      User-Agent:
      - python/3.6.6 (Windows-10-10.0.18362-SP0) azure-core/1.0.0b2 azsdk-python-azure-keyvault/7.0
    method: PATCH
    uri: https://vaultd1371366.vault.azure.net/certificates/issuers/issuer?api-version=7.0
  response:
    body:
      string: '{"id":"https://vaultd1371366.vault.azure.net/certificates/issuers/issuer","provider":"Test","credentials":{"account_id":"keyvaultuser"},"org_details":{"zip":0,"admin_details":[{"first_name":"Jane","last_name":"Doe","email":"admin@microsoft.com","phone":"4255555555"}]},"attributes":{"enabled":true,"created":1564085115,"updated":1564085116}}'
    headers:
      cache-control:
      - no-cache
      content-length:
      - '341'
      content-type:
      - application/json; charset=utf-8
      date:
      - Thu, 25 Jul 2019 20:05:16 GMT
      expires:
      - '-1'
      pragma:
      - no-cache
      server:
      - Microsoft-IIS/10.0
      strict-transport-security:
      - max-age=31536000;includeSubDomains
      x-aspnet-version:
      - 4.0.30319
      x-content-type-options:
      - nosniff
      x-ms-keyvault-network-info:
      - addr=131.107.160.200;act_addr_fam=InterNetwork;
      x-ms-keyvault-region:
      - westus
      x-ms-keyvault-service-version:
      - 1.1.0.872
      x-powered-by:
      - ASP.NET
    status:
      code: 200
      message: OK
- request:
    body: null
    headers:
      Accept:
      - application/json
      Accept-Encoding:
      - gzip, deflate
      Connection:
      - keep-alive
      Content-Length:
      - '0'
      User-Agent:
      - python/3.6.6 (Windows-10-10.0.18362-SP0) azure-core/1.0.0b2 azsdk-python-azure-keyvault/7.0
    method: DELETE
    uri: https://vaultd1371366.vault.azure.net/certificates/issuers/issuer?api-version=7.0
  response:
    body:
      string: '{"id":"https://vaultd1371366.vault.azure.net/certificates/issuers/issuer","provider":"Test","credentials":{"account_id":"keyvaultuser"},"org_details":{"zip":0,"admin_details":[{"first_name":"Jane","last_name":"Doe","email":"admin@microsoft.com","phone":"4255555555"}]},"attributes":{"enabled":true,"created":1564085115,"updated":1564085116}}'
    headers:
      cache-control:
      - no-cache
      content-length:
      - '341'
      content-type:
      - application/json; charset=utf-8
      date:
      - Thu, 25 Jul 2019 20:05:16 GMT
      expires:
      - '-1'
      pragma:
      - no-cache
      server:
      - Microsoft-IIS/10.0
      strict-transport-security:
      - max-age=31536000;includeSubDomains
      x-aspnet-version:
      - 4.0.30319
      x-content-type-options:
      - nosniff
      x-ms-keyvault-network-info:
      - addr=131.107.160.200;act_addr_fam=InterNetwork;
      x-ms-keyvault-region:
      - westus
      x-ms-keyvault-service-version:
      - 1.1.0.872
      x-powered-by:
      - ASP.NET
    status:
      code: 200
      message: OK
- request:
    body: null
    headers:
      Accept:
      - application/json
      Accept-Encoding:
      - gzip, deflate
      Connection:
      - keep-alive
      User-Agent:
      - python/3.6.6 (Windows-10-10.0.18362-SP0) azure-core/1.0.0b2 azsdk-python-azure-keyvault/7.0
    method: GET
    uri: https://vaultd1371366.vault.azure.net/certificates/issuers/issuer?api-version=7.0
  response:
    body:
      string: '{"error":{"code":"CertificateIssuerNotFound","message":"Issuer not
        found"}}'
    headers:
      cache-control:
      - no-cache
      content-length:
      - '75'
      content-type:
      - application/json; charset=utf-8
      date:
      - Thu, 25 Jul 2019 20:05:16 GMT
      expires:
      - '-1'
      pragma:
      - no-cache
      server:
      - Microsoft-IIS/10.0
      strict-transport-security:
      - max-age=31536000;includeSubDomains
      x-aspnet-version:
      - 4.0.30319
      x-content-type-options:
      - nosniff
      x-ms-keyvault-network-info:
      - addr=131.107.160.200;act_addr_fam=InterNetwork;
      x-ms-keyvault-region:
      - westus
      x-ms-keyvault-service-version:
      - 1.1.0.872
      x-powered-by:
      - ASP.NET
    status:
      code: 404
      message: Not Found
version: 1
