{
  "Entries": [
    {
      "RequestUri": "https://vaultname.vault.azure.net/certificates/contacts?api-version=7.1",
      "RequestMethod": "PUT",
      "RequestHeaders": {
        "Accept": "application/json",
        "Accept-Encoding": "gzip, deflate",
        "Content-Length": "166",
        "Content-Type": "application/json",
        "User-Agent": "azsdk-python-keyvault-certificates/4.4.1 Python/3.9.9 (Windows-10-10.0.22000-SP0)"
      },
      "RequestBody": {
        "contacts": [
          {
            "email": "admin@contoso.com",
            "name": "John Doe",
            "phone": "1111111111"
          },
          {
            "email": "admin2@contoso.com",
            "name": "John Doe2",
            "phone": "2222222222"
          }
        ]
      },
      "StatusCode": 200,
      "ResponseHeaders": {
        "Cache-Control": "no-cache",
        "Content-Length": "217",
        "Content-Type": "application/json; charset=utf-8",
        "Date": "Fri, 29 Apr 2022 16:42:52 GMT",
        "Expires": "-1",
        "Pragma": "no-cache",
        "Strict-Transport-Security": "max-age=31536000;includeSubDomains",
        "X-Content-Type-Options": "nosniff",
        "x-ms-keyvault-network-info": "conn_type=Ipv4;addr=73.232.137.144;act_addr_fam=InterNetwork;",
        "x-ms-keyvault-rbac-assignment-id": "3a9ee1da-16f6-5f7b-8523-1824aa7bf129",
        "x-ms-keyvault-rbac-cache": "ra_age=7023;da_age=7023;rd_age=7023;brd_age=6310;ra_notif_age=8642;dec_lev=0;",
        "x-ms-keyvault-region": "westus2",
        "x-ms-keyvault-service-version": "1.9.378.1"
      },
      "ResponseBody": {
        "id": "https://vaultname.vault.azure.net/certificates/contacts",
        "contacts": [
          {
            "email": "admin@contoso.com",
            "name": "John Doe",
            "phone": "1111111111"
          },
          {
            "email": "admin2@contoso.com",
            "name": "John Doe2",
            "phone": "2222222222"
          }
        ]
      }
    },
    {
      "RequestUri": "https://vaultname.vault.azure.net/certificates/contacts?api-version=7.1",
      "RequestMethod": "GET",
      "RequestHeaders": {
        "Accept": "application/json",
        "Accept-Encoding": "gzip, deflate",
        "User-Agent": "azsdk-python-keyvault-certificates/4.4.1 Python/3.9.9 (Windows-10-10.0.22000-SP0)"
      },
      "RequestBody": null,
      "StatusCode": 200,
      "ResponseHeaders": {
        "Cache-Control": "no-cache",
        "Content-Length": "217",
        "Content-Type": "application/json; charset=utf-8",
        "Date": "Fri, 29 Apr 2022 16:42:52 GMT",
        "Expires": "-1",
        "Pragma": "no-cache",
        "Strict-Transport-Security": "max-age=31536000;includeSubDomains",
        "X-Content-Type-Options": "nosniff",
        "x-ms-keyvault-network-info": "conn_type=Ipv4;addr=73.232.137.144;act_addr_fam=InterNetwork;",
        "x-ms-keyvault-rbac-assignment-id": "3a9ee1da-16f6-5f7b-8523-1824aa7bf129",
        "x-ms-keyvault-rbac-cache": "ra_age=7023;da_age=7023;rd_age=7023;brd_age=6310;ra_notif_age=8642;dec_lev=0;",
        "x-ms-keyvault-region": "westus2",
        "x-ms-keyvault-service-version": "1.9.378.1"
      },
      "ResponseBody": {
        "id": "https://vaultname.vault.azure.net/certificates/contacts",
        "contacts": [
          {
            "email": "admin@contoso.com",
            "name": "John Doe",
            "phone": "1111111111"
          },
          {
            "email": "admin2@contoso.com",
            "name": "John Doe2",
            "phone": "2222222222"
          }
        ]
      }
    },
    {
      "RequestUri": "https://vaultname.vault.azure.net/certificates/contacts?api-version=7.1",
      "RequestMethod": "DELETE",
      "RequestHeaders": {
        "Accept": "application/json",
        "Accept-Encoding": "gzip, deflate",
        "Content-Length": "0",
        "User-Agent": "azsdk-python-keyvault-certificates/4.4.1 Python/3.9.9 (Windows-10-10.0.22000-SP0)"
      },
      "RequestBody": null,
      "StatusCode": 200,
      "ResponseHeaders": {
        "Cache-Control": "no-cache",
        "Content-Length": "217",
        "Content-Type": "application/json; charset=utf-8",
        "Date": "Fri, 29 Apr 2022 16:42:52 GMT",
        "Expires": "-1",
        "Pragma": "no-cache",
        "Strict-Transport-Security": "max-age=31536000;includeSubDomains",
        "X-Content-Type-Options": "nosniff",
        "x-ms-keyvault-network-info": "conn_type=Ipv4;addr=73.232.137.144;act_addr_fam=InterNetwork;",
        "x-ms-keyvault-rbac-assignment-id": "3a9ee1da-16f6-5f7b-8523-1824aa7bf129",
        "x-ms-keyvault-rbac-cache": "ra_age=7023;da_age=7023;rd_age=7023;brd_age=6310;ra_notif_age=8642;dec_lev=0;",
        "x-ms-keyvault-region": "westus2",
        "x-ms-keyvault-service-version": "1.9.378.1"
      },
      "ResponseBody": {
        "id": "https://vaultname.vault.azure.net/certificates/contacts",
        "contacts": [
          {
            "email": "admin@contoso.com",
            "name": "John Doe",
            "phone": "1111111111"
          },
          {
            "email": "admin2@contoso.com",
            "name": "John Doe2",
            "phone": "2222222222"
          }
        ]
      }
    },
    {
      "RequestUri": "https://vaultname.vault.azure.net/certificates/contacts?api-version=7.1",
      "RequestMethod": "GET",
      "RequestHeaders": {
        "Accept": "application/json",
        "Accept-Encoding": "gzip, deflate",
        "User-Agent": "azsdk-python-keyvault-certificates/4.4.1 Python/3.9.9 (Windows-10-10.0.22000-SP0)"
      },
      "RequestBody": null,
      "StatusCode": 404,
      "ResponseHeaders": {
        "Cache-Control": "no-cache",
        "Content-Length": "68",
        "Content-Type": "application/json; charset=utf-8",
        "Date": "Fri, 29 Apr 2022 16:42:52 GMT",
        "Expires": "-1",
        "Pragma": "no-cache",
        "Strict-Transport-Security": "max-age=31536000;includeSubDomains",
        "X-Content-Type-Options": "nosniff",
        "x-ms-keyvault-network-info": "conn_type=Ipv4;addr=73.232.137.144;act_addr_fam=InterNetwork;",
        "x-ms-keyvault-rbac-assignment-id": "3a9ee1da-16f6-5f7b-8523-1824aa7bf129",
        "x-ms-keyvault-rbac-cache": "ra_age=7023;da_age=7023;rd_age=7023;brd_age=6310;ra_notif_age=8642;dec_lev=0;",
        "x-ms-keyvault-region": "westus2",
        "x-ms-keyvault-service-version": "1.9.378.1"
      },
      "ResponseBody": {
        "error": {
          "code": "ContactsNotFound",
          "message": "Contacts not found"
        }
      }
    }
  ],
  "Variables": {}
}
