interactions:
- request:
    body: '{"id": "batch_network_acceleratednetworking_6d0c1ac5", "vmSize": "standard_d2_v2",
      "virtualMachineConfiguration": {"imageReference": {"publisher": "MicrosoftWindowsServer",
      "offer": "WindowsServer", "sku": "2016-datacenter-smalldisk", "version": "latest"},
      "nodeAgentSKUId": "batch.node.windows amd64"}, "targetDedicatedNodes": 2, "networkConfiguration":
      {"enableAcceleratedNetworking": true}}'
    headers:
      Accept:
      - application/json
      Accept-Encoding:
      - gzip, deflate
      Connection:
      - keep-alive
      Content-Length:
      - '393'
      Content-Type:
      - application/json; odata=minimalmetadata; charset=utf-8
      User-Agent:
      - python/3.8.7 (Windows-10-10.0.22621-SP0) msrest/0.7.1 msrest_azure/0.6.4 azure-batch/13.0.1
        Azure-SDK-For-Python
      accept-language:
      - en-US
      ocp-date:
      - Wed, 24 May 2023 09:52:14 GMT
    method: POST
    uri: https://batch.eastasia.batch.azure.com/pools?api-version=2023-05-01.17.0
  response:
    body:
      string: ''
    headers:
      dataserviceid:
      - https://batch6d0c1ac5.eastasia.batch.azure.com/pools/batch_network_acceleratednetworking_6d0c1ac5
      dataserviceversion:
      - '3.0'
      date:
      - Wed, 24 May 2023 09:52:15 GMT
      etag:
      - '0x8DB5C3C8E5E277D'
      last-modified:
      - Wed, 24 May 2023 09:52:15 GMT
      location:
      - https://batch.eastasia.batch.azure.com/pools/batch_network_acceleratednetworking_6d0c1ac5
      request-id:
      - 9e85b473-b38b-40bd-ab5e-f2272e3e2d94
      server:
      - Microsoft-HTTPAPI/2.0
      strict-transport-security:
      - max-age=31536000; includeSubDomains
      transfer-encoding:
      - chunked
      x-content-type-options:
      - nosniff
    status:
      code: 201
      message: Created
- request:
    body: null
    headers:
      Accept:
      - application/json
      Accept-Encoding:
      - gzip, deflate
      Connection:
      - keep-alive
      User-Agent:
      - python/3.8.7 (Windows-10-10.0.22621-SP0) msrest/0.7.1 msrest_azure/0.6.4 azure-batch/13.0.1
        Azure-SDK-For-Python
      accept-language:
      - en-US
      ocp-date:
      - Wed, 24 May 2023 09:52:14 GMT
    method: GET
    uri: https://batch.eastasia.batch.azure.com/pools/batch_network_acceleratednetworking_6d0c1ac5?api-version=2023-05-01.17.0
  response:
    body:
      string: "{\r\n  \"odata.metadata\":\"https://batch.eastasia.batch.azure.com/$metadata#pools/@Element\",\"id\":\"batch_network_acceleratednetworking_6d0c1ac5\",\"url\":\"https://batch.eastasia.batch.azure.com/pools/batch_network_acceleratednetworking_6d0c1ac5\",\"eTag\":\"0x8DB5C3C8E5E277D\",\"lastModified\":\"2023-05-24T09:52:15.9385469Z\",\"creationTime\":\"2023-05-24T09:52:15.9385469Z\",\"state\":\"active\",\"stateTransitionTime\":\"2023-05-24T09:52:15.9385469Z\",\"allocationState\":\"resizing\",\"allocationStateTransitionTime\":\"2023-05-24T09:52:15.9385469Z\",\"vmSize\":\"standard_d2_v2\",\"resizeTimeout\":\"PT15M\",\"currentDedicatedNodes\":0,\"targetDedicatedNodes\":2,\"currentLowPriorityNodes\":0,\"targetLowPriorityNodes\":0,\"enableAutoScale\":false,\"enableInterNodeCommunication\":false,\"taskSlotsPerNode\":1,\"taskSchedulingPolicy\":{\r\n
        \   \"nodeFillType\":\"Spread\"\r\n  },\"virtualMachineConfiguration\":{\r\n
        \   \"imageReference\":{\r\n      \"publisher\":\"MicrosoftWindowsServer\",\"offer\":\"WindowsServer\",\"sku\":\"2016-datacenter-smalldisk\",\"version\":\"latest\"\r\n
        \   },\"nodeAgentSKUId\":\"batch.node.windows amd64\"\r\n  },\"networkConfiguration\":{\r\n
        \   \"dynamicVNetAssignmentScope\":\"none\",\"enableAcceleratedNetworking\":true\r\n
        \ }\r\n}"
    headers:
      content-type:
      - application/json;odata=minimalmetadata
      dataserviceversion:
      - '3.0'
      date:
      - Wed, 24 May 2023 09:52:15 GMT
      etag:
      - '0x8DB5C3C8E5E277D'
      last-modified:
      - Wed, 24 May 2023 09:52:15 GMT
      request-id:
      - d8ae1864-a93b-42d5-829e-8a31168ebac0
      server:
      - Microsoft-HTTPAPI/2.0
      strict-transport-security:
      - max-age=31536000; includeSubDomains
      transfer-encoding:
      - chunked
      x-content-type-options:
      - nosniff
    status:
      code: 200
      message: OK
- request:
    body: null
    headers:
      Accept:
      - application/json
      Accept-Encoding:
      - gzip, deflate
      Connection:
      - keep-alive
      User-Agent:
      - python/3.8.7 (Windows-10-10.0.22621-SP0) msrest/0.7.1 msrest_azure/0.6.4 azure-batch/13.0.1
        Azure-SDK-For-Python
      accept-language:
      - en-US
      ocp-date:
      - Wed, 24 May 2023 09:52:25 GMT
    method: GET
    uri: https://batch.eastasia.batch.azure.com/pools/batch_network_acceleratednetworking_6d0c1ac5?api-version=2023-05-01.17.0
  response:
    body:
      string: "{\r\n  \"odata.metadata\":\"https://batch.eastasia.batch.azure.com/$metadata#pools/@Element\",\"id\":\"batch_network_acceleratednetworking_6d0c1ac5\",\"url\":\"https://batch.eastasia.batch.azure.com/pools/batch_network_acceleratednetworking_6d0c1ac5\",\"eTag\":\"0x8DB5C3C8E5E277D\",\"lastModified\":\"2023-05-24T09:52:15.9385469Z\",\"creationTime\":\"2023-05-24T09:52:15.9385469Z\",\"state\":\"active\",\"stateTransitionTime\":\"2023-05-24T09:52:15.9385469Z\",\"allocationState\":\"resizing\",\"allocationStateTransitionTime\":\"2023-05-24T09:52:15.9385469Z\",\"vmSize\":\"standard_d2_v2\",\"resizeTimeout\":\"PT15M\",\"currentDedicatedNodes\":0,\"targetDedicatedNodes\":2,\"currentLowPriorityNodes\":0,\"targetLowPriorityNodes\":0,\"enableAutoScale\":false,\"enableInterNodeCommunication\":false,\"taskSlotsPerNode\":1,\"taskSchedulingPolicy\":{\r\n
        \   \"nodeFillType\":\"Spread\"\r\n  },\"virtualMachineConfiguration\":{\r\n
        \   \"imageReference\":{\r\n      \"publisher\":\"MicrosoftWindowsServer\",\"offer\":\"WindowsServer\",\"sku\":\"2016-datacenter-smalldisk\",\"version\":\"latest\"\r\n
        \   },\"nodeAgentSKUId\":\"batch.node.windows amd64\"\r\n  },\"networkConfiguration\":{\r\n
        \   \"dynamicVNetAssignmentScope\":\"none\",\"enableAcceleratedNetworking\":true\r\n
        \ }\r\n}"
    headers:
      content-type:
      - application/json;odata=minimalmetadata
      dataserviceversion:
      - '3.0'
      date:
      - Wed, 24 May 2023 09:52:25 GMT
      etag:
      - '0x8DB5C3C8E5E277D'
      last-modified:
      - Wed, 24 May 2023 09:52:15 GMT
      request-id:
      - 2f77fc5f-ae07-46f8-973b-bc1451f5689d
      server:
      - Microsoft-HTTPAPI/2.0
      strict-transport-security:
      - max-age=31536000; includeSubDomains
      transfer-encoding:
      - chunked
      x-content-type-options:
      - nosniff
    status:
      code: 200
      message: OK
- request:
    body: null
    headers:
      Accept:
      - application/json
      Accept-Encoding:
      - gzip, deflate
      Connection:
      - keep-alive
      User-Agent:
      - python/3.8.7 (Windows-10-10.0.22621-SP0) msrest/0.7.1 msrest_azure/0.6.4 azure-batch/13.0.1
        Azure-SDK-For-Python
      accept-language:
      - en-US
      ocp-date:
      - Wed, 24 May 2023 09:52:35 GMT
    method: GET
    uri: https://batch.eastasia.batch.azure.com/pools/batch_network_acceleratednetworking_6d0c1ac5?api-version=2023-05-01.17.0
  response:
    body:
      string: "{\r\n  \"odata.metadata\":\"https://batch.eastasia.batch.azure.com/$metadata#pools/@Element\",\"id\":\"batch_network_acceleratednetworking_6d0c1ac5\",\"url\":\"https://batch.eastasia.batch.azure.com/pools/batch_network_acceleratednetworking_6d0c1ac5\",\"eTag\":\"0x8DB5C3C8E5E277D\",\"lastModified\":\"2023-05-24T09:52:15.9385469Z\",\"creationTime\":\"2023-05-24T09:52:15.9385469Z\",\"state\":\"active\",\"stateTransitionTime\":\"2023-05-24T09:52:15.9385469Z\",\"allocationState\":\"resizing\",\"allocationStateTransitionTime\":\"2023-05-24T09:52:15.9385469Z\",\"vmSize\":\"standard_d2_v2\",\"resizeTimeout\":\"PT15M\",\"currentDedicatedNodes\":0,\"targetDedicatedNodes\":2,\"currentLowPriorityNodes\":0,\"targetLowPriorityNodes\":0,\"enableAutoScale\":false,\"enableInterNodeCommunication\":false,\"taskSlotsPerNode\":1,\"taskSchedulingPolicy\":{\r\n
        \   \"nodeFillType\":\"Spread\"\r\n  },\"virtualMachineConfiguration\":{\r\n
        \   \"imageReference\":{\r\n      \"publisher\":\"MicrosoftWindowsServer\",\"offer\":\"WindowsServer\",\"sku\":\"2016-datacenter-smalldisk\",\"version\":\"latest\"\r\n
        \   },\"nodeAgentSKUId\":\"batch.node.windows amd64\"\r\n  },\"networkConfiguration\":{\r\n
        \   \"dynamicVNetAssignmentScope\":\"none\",\"enableAcceleratedNetworking\":true\r\n
        \ }\r\n}"
    headers:
      content-type:
      - application/json;odata=minimalmetadata
      dataserviceversion:
      - '3.0'
      date:
      - Wed, 24 May 2023 09:52:35 GMT
      etag:
      - '0x8DB5C3C8E5E277D'
      last-modified:
      - Wed, 24 May 2023 09:52:15 GMT
      request-id:
      - 3d522b9b-f88c-4e14-a884-1eedf0675ffa
      server:
      - Microsoft-HTTPAPI/2.0
      strict-transport-security:
      - max-age=31536000; includeSubDomains
      transfer-encoding:
      - chunked
      x-content-type-options:
      - nosniff
    status:
      code: 200
      message: OK
- request:
    body: null
    headers:
      Accept:
      - application/json
      Accept-Encoding:
      - gzip, deflate
      Connection:
      - keep-alive
      User-Agent:
      - python/3.8.7 (Windows-10-10.0.22621-SP0) msrest/0.7.1 msrest_azure/0.6.4 azure-batch/13.0.1
        Azure-SDK-For-Python
      accept-language:
      - en-US
      ocp-date:
      - Wed, 24 May 2023 09:52:45 GMT
    method: GET
    uri: https://batch.eastasia.batch.azure.com/pools/batch_network_acceleratednetworking_6d0c1ac5?api-version=2023-05-01.17.0
  response:
    body:
      string: "{\r\n  \"odata.metadata\":\"https://batch.eastasia.batch.azure.com/$metadata#pools/@Element\",\"id\":\"batch_network_acceleratednetworking_6d0c1ac5\",\"url\":\"https://batch.eastasia.batch.azure.com/pools/batch_network_acceleratednetworking_6d0c1ac5\",\"eTag\":\"0x8DB5C3C8E5E277D\",\"lastModified\":\"2023-05-24T09:52:15.9385469Z\",\"creationTime\":\"2023-05-24T09:52:15.9385469Z\",\"state\":\"active\",\"stateTransitionTime\":\"2023-05-24T09:52:15.9385469Z\",\"allocationState\":\"resizing\",\"allocationStateTransitionTime\":\"2023-05-24T09:52:15.9385469Z\",\"vmSize\":\"standard_d2_v2\",\"resizeTimeout\":\"PT15M\",\"currentDedicatedNodes\":0,\"targetDedicatedNodes\":2,\"currentLowPriorityNodes\":0,\"targetLowPriorityNodes\":0,\"enableAutoScale\":false,\"enableInterNodeCommunication\":false,\"taskSlotsPerNode\":1,\"taskSchedulingPolicy\":{\r\n
        \   \"nodeFillType\":\"Spread\"\r\n  },\"virtualMachineConfiguration\":{\r\n
        \   \"imageReference\":{\r\n      \"publisher\":\"MicrosoftWindowsServer\",\"offer\":\"WindowsServer\",\"sku\":\"2016-datacenter-smalldisk\",\"version\":\"latest\"\r\n
        \   },\"nodeAgentSKUId\":\"batch.node.windows amd64\"\r\n  },\"networkConfiguration\":{\r\n
        \   \"dynamicVNetAssignmentScope\":\"none\",\"enableAcceleratedNetworking\":true\r\n
        \ }\r\n}"
    headers:
      content-type:
      - application/json;odata=minimalmetadata
      dataserviceversion:
      - '3.0'
      date:
      - Wed, 24 May 2023 09:52:45 GMT
      etag:
      - '0x8DB5C3C8E5E277D'
      last-modified:
      - Wed, 24 May 2023 09:52:15 GMT
      request-id:
      - 9260233c-42ab-4f5d-9bc9-0e5d7ed453d4
      server:
      - Microsoft-HTTPAPI/2.0
      strict-transport-security:
      - max-age=31536000; includeSubDomains
      transfer-encoding:
      - chunked
      x-content-type-options:
      - nosniff
    status:
      code: 200
      message: OK
- request:
    body: null
    headers:
      Accept:
      - application/json
      Accept-Encoding:
      - gzip, deflate
      Connection:
      - keep-alive
      User-Agent:
      - python/3.8.7 (Windows-10-10.0.22621-SP0) msrest/0.7.1 msrest_azure/0.6.4 azure-batch/13.0.1
        Azure-SDK-For-Python
      accept-language:
      - en-US
      ocp-date:
      - Wed, 24 May 2023 09:52:55 GMT
    method: GET
    uri: https://batch.eastasia.batch.azure.com/pools/batch_network_acceleratednetworking_6d0c1ac5?api-version=2023-05-01.17.0
  response:
    body:
      string: "{\r\n  \"odata.metadata\":\"https://batch.eastasia.batch.azure.com/$metadata#pools/@Element\",\"id\":\"batch_network_acceleratednetworking_6d0c1ac5\",\"url\":\"https://batch.eastasia.batch.azure.com/pools/batch_network_acceleratednetworking_6d0c1ac5\",\"eTag\":\"0x8DB5C3C8E5E277D\",\"lastModified\":\"2023-05-24T09:52:15.9385469Z\",\"creationTime\":\"2023-05-24T09:52:15.9385469Z\",\"state\":\"active\",\"stateTransitionTime\":\"2023-05-24T09:52:15.9385469Z\",\"allocationState\":\"resizing\",\"allocationStateTransitionTime\":\"2023-05-24T09:52:15.9385469Z\",\"vmSize\":\"standard_d2_v2\",\"resizeTimeout\":\"PT15M\",\"currentDedicatedNodes\":0,\"targetDedicatedNodes\":2,\"currentLowPriorityNodes\":0,\"targetLowPriorityNodes\":0,\"enableAutoScale\":false,\"enableInterNodeCommunication\":false,\"taskSlotsPerNode\":1,\"taskSchedulingPolicy\":{\r\n
        \   \"nodeFillType\":\"Spread\"\r\n  },\"virtualMachineConfiguration\":{\r\n
        \   \"imageReference\":{\r\n      \"publisher\":\"MicrosoftWindowsServer\",\"offer\":\"WindowsServer\",\"sku\":\"2016-datacenter-smalldisk\",\"version\":\"latest\"\r\n
        \   },\"nodeAgentSKUId\":\"batch.node.windows amd64\"\r\n  },\"networkConfiguration\":{\r\n
        \   \"dynamicVNetAssignmentScope\":\"none\",\"enableAcceleratedNetworking\":true\r\n
        \ }\r\n}"
    headers:
      content-type:
      - application/json;odata=minimalmetadata
      dataserviceversion:
      - '3.0'
      date:
      - Wed, 24 May 2023 09:52:56 GMT
      etag:
      - '0x8DB5C3C8E5E277D'
      last-modified:
      - Wed, 24 May 2023 09:52:15 GMT
      request-id:
      - ed2bd10b-19d3-4a91-844d-688bc6a337a9
      server:
      - Microsoft-HTTPAPI/2.0
      strict-transport-security:
      - max-age=31536000; includeSubDomains
      transfer-encoding:
      - chunked
      x-content-type-options:
      - nosniff
    status:
      code: 200
      message: OK
- request:
    body: null
    headers:
      Accept:
      - application/json
      Accept-Encoding:
      - gzip, deflate
      Connection:
      - keep-alive
      User-Agent:
      - python/3.8.7 (Windows-10-10.0.22621-SP0) msrest/0.7.1 msrest_azure/0.6.4 azure-batch/13.0.1
        Azure-SDK-For-Python
      accept-language:
      - en-US
      ocp-date:
      - Wed, 24 May 2023 09:53:05 GMT
    method: GET
    uri: https://batch.eastasia.batch.azure.com/pools/batch_network_acceleratednetworking_6d0c1ac5?api-version=2023-05-01.17.0
  response:
    body:
      string: "{\r\n  \"odata.metadata\":\"https://batch.eastasia.batch.azure.com/$metadata#pools/@Element\",\"id\":\"batch_network_acceleratednetworking_6d0c1ac5\",\"url\":\"https://batch.eastasia.batch.azure.com/pools/batch_network_acceleratednetworking_6d0c1ac5\",\"eTag\":\"0x8DB5C3C8E5E277D\",\"lastModified\":\"2023-05-24T09:52:15.9385469Z\",\"creationTime\":\"2023-05-24T09:52:15.9385469Z\",\"state\":\"active\",\"stateTransitionTime\":\"2023-05-24T09:52:15.9385469Z\",\"allocationState\":\"resizing\",\"allocationStateTransitionTime\":\"2023-05-24T09:52:15.9385469Z\",\"vmSize\":\"standard_d2_v2\",\"resizeTimeout\":\"PT15M\",\"currentDedicatedNodes\":0,\"targetDedicatedNodes\":2,\"currentLowPriorityNodes\":0,\"targetLowPriorityNodes\":0,\"enableAutoScale\":false,\"enableInterNodeCommunication\":false,\"taskSlotsPerNode\":1,\"taskSchedulingPolicy\":{\r\n
        \   \"nodeFillType\":\"Spread\"\r\n  },\"virtualMachineConfiguration\":{\r\n
        \   \"imageReference\":{\r\n      \"publisher\":\"MicrosoftWindowsServer\",\"offer\":\"WindowsServer\",\"sku\":\"2016-datacenter-smalldisk\",\"version\":\"latest\"\r\n
        \   },\"nodeAgentSKUId\":\"batch.node.windows amd64\"\r\n  },\"networkConfiguration\":{\r\n
        \   \"dynamicVNetAssignmentScope\":\"none\",\"enableAcceleratedNetworking\":true\r\n
        \ }\r\n}"
    headers:
      content-type:
      - application/json;odata=minimalmetadata
      dataserviceversion:
      - '3.0'
      date:
      - Wed, 24 May 2023 09:53:06 GMT
      etag:
      - '0x8DB5C3C8E5E277D'
      last-modified:
      - Wed, 24 May 2023 09:52:15 GMT
      request-id:
      - bd30eb66-2f8f-4cd1-acf1-a7e98abc5270
      server:
      - Microsoft-HTTPAPI/2.0
      strict-transport-security:
      - max-age=31536000; includeSubDomains
      transfer-encoding:
      - chunked
      x-content-type-options:
      - nosniff
    status:
      code: 200
      message: OK
- request:
    body: null
    headers:
      Accept:
      - application/json
      Accept-Encoding:
      - gzip, deflate
      Connection:
      - keep-alive
      User-Agent:
      - python/3.8.7 (Windows-10-10.0.22621-SP0) msrest/0.7.1 msrest_azure/0.6.4 azure-batch/13.0.1
        Azure-SDK-For-Python
      accept-language:
      - en-US
      ocp-date:
      - Wed, 24 May 2023 09:53:15 GMT
    method: GET
    uri: https://batch.eastasia.batch.azure.com/pools/batch_network_acceleratednetworking_6d0c1ac5?api-version=2023-05-01.17.0
  response:
    body:
      string: "{\r\n  \"odata.metadata\":\"https://batch.eastasia.batch.azure.com/$metadata#pools/@Element\",\"id\":\"batch_network_acceleratednetworking_6d0c1ac5\",\"url\":\"https://batch.eastasia.batch.azure.com/pools/batch_network_acceleratednetworking_6d0c1ac5\",\"eTag\":\"0x8DB5C3C8E5E277D\",\"lastModified\":\"2023-05-24T09:52:15.9385469Z\",\"creationTime\":\"2023-05-24T09:52:15.9385469Z\",\"state\":\"active\",\"stateTransitionTime\":\"2023-05-24T09:52:15.9385469Z\",\"allocationState\":\"resizing\",\"allocationStateTransitionTime\":\"2023-05-24T09:52:15.9385469Z\",\"vmSize\":\"standard_d2_v2\",\"resizeTimeout\":\"PT15M\",\"currentDedicatedNodes\":0,\"targetDedicatedNodes\":2,\"currentLowPriorityNodes\":0,\"targetLowPriorityNodes\":0,\"enableAutoScale\":false,\"enableInterNodeCommunication\":false,\"taskSlotsPerNode\":1,\"taskSchedulingPolicy\":{\r\n
        \   \"nodeFillType\":\"Spread\"\r\n  },\"virtualMachineConfiguration\":{\r\n
        \   \"imageReference\":{\r\n      \"publisher\":\"MicrosoftWindowsServer\",\"offer\":\"WindowsServer\",\"sku\":\"2016-datacenter-smalldisk\",\"version\":\"latest\"\r\n
        \   },\"nodeAgentSKUId\":\"batch.node.windows amd64\"\r\n  },\"networkConfiguration\":{\r\n
        \   \"dynamicVNetAssignmentScope\":\"none\",\"enableAcceleratedNetworking\":true\r\n
        \ }\r\n}"
    headers:
      content-type:
      - application/json;odata=minimalmetadata
      dataserviceversion:
      - '3.0'
      date:
      - Wed, 24 May 2023 09:53:16 GMT
      etag:
      - '0x8DB5C3C8E5E277D'
      last-modified:
      - Wed, 24 May 2023 09:52:15 GMT
      request-id:
      - ba0a3a4d-8d32-44de-b591-91a37a07d526
      server:
      - Microsoft-HTTPAPI/2.0
      strict-transport-security:
      - max-age=31536000; includeSubDomains
      transfer-encoding:
      - chunked
      x-content-type-options:
      - nosniff
    status:
      code: 200
      message: OK
- request:
    body: null
    headers:
      Accept:
      - application/json
      Accept-Encoding:
      - gzip, deflate
      Connection:
      - keep-alive
      User-Agent:
      - python/3.8.7 (Windows-10-10.0.22621-SP0) msrest/0.7.1 msrest_azure/0.6.4 azure-batch/13.0.1
        Azure-SDK-For-Python
      accept-language:
      - en-US
      ocp-date:
      - Wed, 24 May 2023 09:53:25 GMT
    method: GET
    uri: https://batch.eastasia.batch.azure.com/pools/batch_network_acceleratednetworking_6d0c1ac5?api-version=2023-05-01.17.0
  response:
    body:
      string: "{\r\n  \"odata.metadata\":\"https://batch.eastasia.batch.azure.com/$metadata#pools/@Element\",\"id\":\"batch_network_acceleratednetworking_6d0c1ac5\",\"url\":\"https://batch.eastasia.batch.azure.com/pools/batch_network_acceleratednetworking_6d0c1ac5\",\"eTag\":\"0x8DB5C3C8E5E277D\",\"lastModified\":\"2023-05-24T09:52:15.9385469Z\",\"creationTime\":\"2023-05-24T09:52:15.9385469Z\",\"state\":\"active\",\"stateTransitionTime\":\"2023-05-24T09:52:15.9385469Z\",\"allocationState\":\"steady\",\"allocationStateTransitionTime\":\"2023-05-24T09:53:18.3889711Z\",\"vmSize\":\"standard_d2_v2\",\"resizeTimeout\":\"PT15M\",\"currentDedicatedNodes\":2,\"targetDedicatedNodes\":2,\"currentLowPriorityNodes\":0,\"targetLowPriorityNodes\":0,\"enableAutoScale\":false,\"enableInterNodeCommunication\":false,\"taskSlotsPerNode\":1,\"taskSchedulingPolicy\":{\r\n
        \   \"nodeFillType\":\"Spread\"\r\n  },\"virtualMachineConfiguration\":{\r\n
        \   \"imageReference\":{\r\n      \"publisher\":\"MicrosoftWindowsServer\",\"offer\":\"WindowsServer\",\"sku\":\"2016-datacenter-smalldisk\",\"version\":\"latest\"\r\n
        \   },\"nodeAgentSKUId\":\"batch.node.windows amd64\"\r\n  },\"networkConfiguration\":{\r\n
        \   \"dynamicVNetAssignmentScope\":\"none\",\"enableAcceleratedNetworking\":true\r\n
        \ },\"currentNodeCommunicationMode\":\"classic\"\r\n}"
    headers:
      content-type:
      - application/json;odata=minimalmetadata
      dataserviceversion:
      - '3.0'
      date:
      - Wed, 24 May 2023 09:53:27 GMT
      etag:
      - '0x8DB5C3C8E5E277D'
      last-modified:
      - Wed, 24 May 2023 09:52:15 GMT
      request-id:
      - b3621fcd-64f1-443c-8c7d-8557077ff07f
      server:
      - Microsoft-HTTPAPI/2.0
      strict-transport-security:
      - max-age=31536000; includeSubDomains
      transfer-encoding:
      - chunked
      x-content-type-options:
      - nosniff
    status:
      code: 200
      message: OK
version: 1
