interactions:
- request:
    body: '{"id": "batch_job1_8dcc0a7e", "maxParallelTasks": -1, "jobPreparationTask":
      {"commandLine": "cmd /c \"echo hello world\""}, "jobReleaseTask": {"commandLine":
      "cmd /c \"echo goodbye world\""}, "poolInfo": {"autoPoolSpecification": {"poolLifetimeOption":
      "job", "pool": {"vmSize": "standard_d2_v2", "cloudServiceConfiguration": {"osFamily":
      "5"}}}}}'
    headers:
      Accept:
      - application/json
      Accept-Encoding:
      - gzip, deflate
      Connection:
      - keep-alive
      Content-Length:
      - '347'
      Content-Type:
      - application/json; odata=minimalmetadata; charset=utf-8
      User-Agent:
      - python/3.8.6 (Windows-10-10.0.22000-SP0) msrest/0.7.1 msrest_azure/0.4.34
        azure-batch/13.0.0 Azure-SDK-For-Python
      accept-language:
      - en-US
      ocp-date:
      - Fri, 28 Oct 2022 00:39:55 GMT
    method: POST
    uri: https://batch.eastus.batch.azure.com/jobs?api-version=2022-10-01.16.0
  response:
    body:
      string: ''
    headers:
      dataserviceid:
      - https://batch8dcc0a7e.eastus.batch.azure.com/jobs/job-1
      dataserviceversion:
      - '3.0'
      date:
      - Fri, 28 Oct 2022 00:39:54 GMT
      etag:
      - '0x8DAB87CEF68C38D'
      last-modified:
      - Fri, 28 Oct 2022 00:39:55 GMT
      location:
      - https://batch.eastus.batch.azure.com/jobs/job-1
      request-id:
      - 97199c70-5cc3-40b4-8f74-eac81194e425
      server:
      - Microsoft-HTTPAPI/2.0
      strict-transport-security:
      - max-age=31536000; includeSubDomains
      transfer-encoding:
      - chunked
      x-content-type-options:
      - nosniff
    status:
      code: 201
      message: Created
- request:
    body: '{"priority": 500, "maxParallelTasks": -1, "constraints": {"maxTaskRetryCount":
      3}, "poolInfo": {"autoPoolSpecification": {"poolLifetimeOption": "job", "pool":
      {"vmSize": "standard_d2_v2", "cloudServiceConfiguration": {"osFamily": "5"}}}}}'
    headers:
      Accept:
      - application/json
      Accept-Encoding:
      - gzip, deflate
      Connection:
      - keep-alive
      Content-Length:
      - '238'
      Content-Type:
      - application/json; odata=minimalmetadata; charset=utf-8
      User-Agent:
      - python/3.8.6 (Windows-10-10.0.22000-SP0) msrest/0.7.1 msrest_azure/0.4.34
        azure-batch/13.0.0 Azure-SDK-For-Python
      accept-language:
      - en-US
      ocp-date:
      - Fri, 28 Oct 2022 00:39:56 GMT
    method: PUT
    uri: https://batch.eastus.batch.azure.com/jobs/batch_job1_8dcc0a7e?api-version=2022-10-01.16.0
  response:
    body:
      string: ''
    headers:
      dataserviceid:
      - https://batch8dcc0a7e.eastus.batch.azure.com/jobs/batch_job1_8dcc0a7e
      dataserviceversion:
      - '3.0'
      date:
      - Fri, 28 Oct 2022 00:39:55 GMT
      etag:
      - '0x8DAB87CEF88A7B5'
      last-modified:
      - Fri, 28 Oct 2022 00:39:56 GMT
      request-id:
      - 1a291b24-a950-4c40-b1c9-973b32b0e034
      server:
      - Microsoft-HTTPAPI/2.0
      strict-transport-security:
      - max-age=31536000; includeSubDomains
      transfer-encoding:
      - chunked
      x-content-type-options:
      - nosniff
    status:
      code: 200
      message: OK
- request:
    body: '{"priority": 900}'
    headers:
      Accept:
      - application/json
      Accept-Encoding:
      - gzip, deflate
      Connection:
      - keep-alive
      Content-Length:
      - '17'
      Content-Type:
      - application/json; odata=minimalmetadata; charset=utf-8
      User-Agent:
      - python/3.8.6 (Windows-10-10.0.22000-SP0) msrest/0.7.1 msrest_azure/0.4.34
        azure-batch/13.0.0 Azure-SDK-For-Python
      accept-language:
      - en-US
      ocp-date:
      - Fri, 28 Oct 2022 00:39:56 GMT
    method: PATCH
    uri: https://batch.eastus.batch.azure.com/jobs/batch_job1_8dcc0a7e?api-version=2022-10-01.16.0
  response:
    body:
      string: ''
    headers:
      dataserviceid:
      - https://batch8dcc0a7e.eastus.batch.azure.com/jobs/batch_job1_8dcc0a7e
      dataserviceversion:
      - '3.0'
      date:
      - Fri, 28 Oct 2022 00:39:55 GMT
      etag:
      - '0x8DAB87CEFA7C8B8'
      last-modified:
      - Fri, 28 Oct 2022 00:39:56 GMT
      request-id:
      - db539b02-4927-4e6b-b35b-97e3d2118ac0
      server:
      - Microsoft-HTTPAPI/2.0
      strict-transport-security:
      - max-age=31536000; includeSubDomains
      transfer-encoding:
      - chunked
      x-content-type-options:
      - nosniff
    status:
      code: 200
      message: OK
- request:
    body: null
    headers:
      Accept:
      - application/json
      Accept-Encoding:
      - gzip, deflate
      Connection:
      - keep-alive
      User-Agent:
      - python/3.8.6 (Windows-10-10.0.22000-SP0) msrest/0.7.1 msrest_azure/0.4.34
        azure-batch/13.0.0 Azure-SDK-For-Python
      accept-language:
      - en-US
      ocp-date:
      - Fri, 28 Oct 2022 00:39:56 GMT
    method: GET
    uri: https://batch.eastus.batch.azure.com/jobs/batch_job1_8dcc0a7e?api-version=2022-10-01.16.0
  response:
    body:
      string: "{\r\n  \"odata.metadata\":\"https://batch.eastus.batch.azure.com/$metadata#jobs/@Element\",\"id\":\"batch_job1_8dcc0a7e\",\"url\":\"https://batch.eastus.batch.azure.com/jobs/batch_job1_8dcc0a7e\",\"eTag\":\"0x8DAB87CEFA7C8B8\",\"lastModified\":\"2022-10-28T00:39:56.2552504Z\",\"creationTime\":\"2022-10-28T00:39:55.8222493Z\",\"state\":\"active\",\"stateTransitionTime\":\"2022-10-28T00:39:55.8422413Z\",\"priority\":900,\"maxParallelTasks\":-1,\"usesTaskDependencies\":false,\"allowTaskPreemption\":false,\"constraints\":{\r\n
        \   \"maxWallClockTime\":\"P10675199DT2H48M5.4775807S\",\"maxTaskRetryCount\":3\r\n
        \ },\"jobPreparationTask\":{\r\n    \"id\":\"jobpreparation\",\"commandLine\":\"cmd
        /c \\\"echo hello world\\\"\",\"constraints\":{\r\n      \"maxWallClockTime\":\"P10675199DT2H48M5.4775807S\",\"retentionTime\":\"P7D\",\"maxTaskRetryCount\":0\r\n
        \   },\"userIdentity\":{\r\n      \"autoUser\":{\r\n        \"scope\":\"pool\",\"elevationLevel\":\"nonadmin\"\r\n
        \     }\r\n    },\"waitForSuccess\":true,\"rerunOnNodeRebootAfterSuccess\":true\r\n
        \ },\"jobReleaseTask\":{\r\n    \"id\":\"jobrelease\",\"commandLine\":\"cmd
        /c \\\"echo goodbye world\\\"\",\"maxWallClockTime\":\"PT15M\",\"retentionTime\":\"P7D\",\"userIdentity\":{\r\n
        \     \"autoUser\":{\r\n        \"scope\":\"pool\",\"elevationLevel\":\"nonadmin\"\r\n
        \     }\r\n    }\r\n  },\"poolInfo\":{\r\n    \"autoPoolSpecification\":{\r\n
        \     \"poolLifetimeOption\":\"job\",\"keepAlive\":false,\"pool\":{\r\n        \"vmSize\":\"standard_d2_v2\",\"taskSlotsPerNode\":1,\"taskSchedulingPolicy\":{\r\n
        \         \"nodeFillType\":\"Spread\"\r\n        },\"resizeTimeout\":\"PT15M\",\"targetDedicatedNodes\":0,\"targetLowPriorityNodes\":0,\"enableAutoScale\":false,\"enableInterNodeCommunication\":false,\"cloudServiceConfiguration\":{\r\n
        \         \"osFamily\":\"5\",\"osVersion\":\"*\"\r\n        }\r\n      }\r\n
        \   }\r\n  },\"executionInfo\":{\r\n    \"startTime\":\"2022-10-28T00:39:55.8422413Z\",\"poolId\":\"5AD7E4DE-2B6C-4C05-8C42-52DB1F0958D5\"\r\n
        \ },\"onAllTasksComplete\":\"noaction\",\"onTaskFailure\":\"noaction\"\r\n}"
    headers:
      content-type:
      - application/json;odata=minimalmetadata
      dataserviceversion:
      - '3.0'
      date:
      - Fri, 28 Oct 2022 00:39:55 GMT
      etag:
      - '0x8DAB87CEFA7C8B8'
      last-modified:
      - Fri, 28 Oct 2022 00:39:56 GMT
      request-id:
      - 1eaed87d-5147-4309-960b-a9a8c1e0c9be
      server:
      - Microsoft-HTTPAPI/2.0
      strict-transport-security:
      - max-age=31536000; includeSubDomains
      transfer-encoding:
      - chunked
      x-content-type-options:
      - nosniff
    status:
      code: 200
      message: OK
- request:
    body: '{"id": "batch_job2_8dcc0a7e", "maxParallelTasks": -1, "poolInfo": {"autoPoolSpecification":
      {"poolLifetimeOption": "job", "pool": {"vmSize": "standard_d2_v2", "cloudServiceConfiguration":
      {"osFamily": "5"}}}}, "onAllTasksComplete": "terminatejob", "onTaskFailure":
      "performexitoptionsjobaction"}'
    headers:
      Accept:
      - application/json
      Accept-Encoding:
      - gzip, deflate
      Connection:
      - keep-alive
      Content-Length:
      - '295'
      Content-Type:
      - application/json; odata=minimalmetadata; charset=utf-8
      User-Agent:
      - python/3.8.6 (Windows-10-10.0.22000-SP0) msrest/0.7.1 msrest_azure/0.4.34
        azure-batch/13.0.0 Azure-SDK-For-Python
      accept-language:
      - en-US
      ocp-date:
      - Fri, 28 Oct 2022 00:39:56 GMT
    method: POST
    uri: https://batch.eastus.batch.azure.com/jobs?api-version=2022-10-01.16.0
  response:
    body:
      string: "{\r\n  \"odata.metadata\":\"https://batch.eastus.batch.azure.com/$metadata#Microsoft.Azure.Batch.Protocol.Entities.Container.errors/@Element\",\"code\":\"TooManyRequests\",\"message\":{\r\n
        \   \"lang\":\"en-US\",\"value\":\"Request failed as server encountered too
        many requests. Please try again.\\nRequestId:44a17ce9-ff0b-4ebb-aa57-b110c507fbee\\nTime:2022-10-28T00:39:56.6643284Z\"\r\n
        \ }\r\n}"
    headers:
      content-length:
      - '376'
      content-type:
      - application/json;odata=minimalmetadata
      dataserviceversion:
      - '3.0'
      date:
      - Fri, 28 Oct 2022 00:39:55 GMT
      request-id:
      - 44a17ce9-ff0b-4ebb-aa57-b110c507fbee
      server:
      - Microsoft-HTTPAPI/2.0
      strict-transport-security:
      - max-age=31536000; includeSubDomains
      x-content-type-options:
      - nosniff
    status:
      code: 429
      message: Request failed as server encountered too many requests. Please try
        again.
- request:
    body: '{"id": "batch_job2_8dcc0a7e", "maxParallelTasks": -1, "poolInfo": {"autoPoolSpecification":
      {"poolLifetimeOption": "job", "pool": {"vmSize": "standard_d2_v2", "cloudServiceConfiguration":
      {"osFamily": "5"}}}}, "onAllTasksComplete": "terminatejob", "onTaskFailure":
      "performexitoptionsjobaction"}'
    headers:
      Accept:
      - application/json
      Accept-Encoding:
      - gzip, deflate
      Connection:
      - keep-alive
      Content-Length:
      - '295'
      Content-Type:
      - application/json; odata=minimalmetadata; charset=utf-8
      User-Agent:
      - python/3.8.6 (Windows-10-10.0.22000-SP0) msrest/0.7.1 msrest_azure/0.4.34
        azure-batch/13.0.0 Azure-SDK-For-Python
      accept-language:
      - en-US
      ocp-date:
      - Fri, 28 Oct 2022 00:39:56 GMT
    method: POST
    uri: https://batch.eastus.batch.azure.com/jobs?api-version=2022-10-01.16.0
  response:
    body:
      string: ''
    headers:
      dataserviceid:
      - https://batch8dcc0a7e.eastus.batch.azure.com/jobs/job-1
      dataserviceversion:
      - '3.0'
      date:
      - Fri, 28 Oct 2022 00:40:28 GMT
      etag:
      - '0x8DAB87D03037469'
      last-modified:
      - Fri, 28 Oct 2022 00:40:28 GMT
      location:
      - https://batch.eastus.batch.azure.com/jobs/job-1
      request-id:
      - 649bed86-4cd4-4beb-837e-d881a824ab52
      server:
      - Microsoft-HTTPAPI/2.0
      strict-transport-security:
      - max-age=31536000; includeSubDomains
      transfer-encoding:
      - chunked
      x-content-type-options:
      - nosniff
    status:
      code: 201
      message: Created
- request:
    body: null
    headers:
      Accept:
      - application/json
      Accept-Encoding:
      - gzip, deflate
      Connection:
      - keep-alive
      User-Agent:
      - python/3.8.6 (Windows-10-10.0.22000-SP0) msrest/0.7.1 msrest_azure/0.4.34
        azure-batch/13.0.0 Azure-SDK-For-Python
      accept-language:
      - en-US
      ocp-date:
      - Fri, 28 Oct 2022 00:40:29 GMT
    method: GET
    uri: https://batch.eastus.batch.azure.com/jobs/batch_job2_8dcc0a7e?api-version=2022-10-01.16.0
  response:
    body:
      string: "{\r\n  \"odata.metadata\":\"https://batch.eastus.batch.azure.com/$metadata#jobs/@Element\",\"id\":\"batch_job2_8dcc0a7e\",\"url\":\"https://batch.eastus.batch.azure.com/jobs/batch_job2_8dcc0a7e\",\"eTag\":\"0x8DAB87D03037469\",\"lastModified\":\"2022-10-28T00:40:28.7327337Z\",\"creationTime\":\"2022-10-28T00:40:28.5897471Z\",\"state\":\"active\",\"stateTransitionTime\":\"2022-10-28T00:40:28.7327337Z\",\"priority\":0,\"maxParallelTasks\":-1,\"usesTaskDependencies\":false,\"allowTaskPreemption\":false,\"constraints\":{\r\n
        \   \"maxWallClockTime\":\"P10675199DT2H48M5.4775807S\",\"maxTaskRetryCount\":0\r\n
        \ },\"poolInfo\":{\r\n    \"autoPoolSpecification\":{\r\n      \"poolLifetimeOption\":\"job\",\"keepAlive\":false,\"pool\":{\r\n
        \       \"vmSize\":\"standard_d2_v2\",\"taskSlotsPerNode\":1,\"taskSchedulingPolicy\":{\r\n
        \         \"nodeFillType\":\"Spread\"\r\n        },\"resizeTimeout\":\"PT15M\",\"targetDedicatedNodes\":0,\"targetLowPriorityNodes\":0,\"enableAutoScale\":false,\"enableInterNodeCommunication\":false,\"cloudServiceConfiguration\":{\r\n
        \         \"osFamily\":\"5\",\"osVersion\":\"*\"\r\n        }\r\n      }\r\n
        \   }\r\n  },\"executionInfo\":{\r\n    \"startTime\":\"2022-10-28T00:40:28.7327337Z\",\"poolId\":\"13447C97-76DB-4E18-A519-1117A29C1EFE\"\r\n
        \ },\"onAllTasksComplete\":\"terminatejob\",\"onTaskFailure\":\"performexitoptionsjobaction\"\r\n}"
    headers:
      content-type:
      - application/json;odata=minimalmetadata
      dataserviceversion:
      - '3.0'
      date:
      - Fri, 28 Oct 2022 00:40:32 GMT
      etag:
      - '0x8DAB87D03037469'
      last-modified:
      - Fri, 28 Oct 2022 00:40:28 GMT
      request-id:
      - 2f3c86b7-84a5-4eaa-8f0f-a9428d887a50
      server:
      - Microsoft-HTTPAPI/2.0
      strict-transport-security:
      - max-age=31536000; includeSubDomains
      transfer-encoding:
      - chunked
      x-content-type-options:
      - nosniff
    status:
      code: 200
      message: OK
- request:
    body: null
    headers:
      Accept:
      - application/json
      Accept-Encoding:
      - gzip, deflate
      Connection:
      - keep-alive
      User-Agent:
      - python/3.8.6 (Windows-10-10.0.22000-SP0) msrest/0.7.1 msrest_azure/0.4.34
        azure-batch/13.0.0 Azure-SDK-For-Python
      accept-language:
      - en-US
      ocp-date:
      - Fri, 28 Oct 2022 00:40:33 GMT
    method: GET
    uri: https://batch.eastus.batch.azure.com/jobs?api-version=2022-10-01.16.0
  response:
    body:
      string: "{\r\n  \"odata.metadata\":\"https://batch.eastus.batch.azure.com/$metadata#jobs\",\"value\":[\r\n
        \   {\r\n      \"id\":\"batch_job1_8dcc0a7e\",\"url\":\"https://batch.eastus.batch.azure.com/jobs/batch_job1_8dcc0a7e\",\"eTag\":\"0x8DAB87CEFA7C8B8\",\"lastModified\":\"2022-10-28T00:39:56.2552504Z\",\"creationTime\":\"2022-10-28T00:39:55.8222493Z\",\"state\":\"active\",\"stateTransitionTime\":\"2022-10-28T00:39:55.8422413Z\",\"priority\":900,\"maxParallelTasks\":-1,\"usesTaskDependencies\":false,\"allowTaskPreemption\":false,\"constraints\":{\r\n
        \       \"maxWallClockTime\":\"P10675199DT2H48M5.4775807S\",\"maxTaskRetryCount\":3\r\n
        \     },\"jobPreparationTask\":{\r\n        \"id\":\"jobpreparation\",\"commandLine\":\"cmd
        /c \\\"echo hello world\\\"\",\"constraints\":{\r\n          \"maxWallClockTime\":\"P10675199DT2H48M5.4775807S\",\"retentionTime\":\"P7D\",\"maxTaskRetryCount\":0\r\n
        \       },\"userIdentity\":{\r\n          \"autoUser\":{\r\n            \"scope\":\"pool\",\"elevationLevel\":\"nonadmin\"\r\n
        \         }\r\n        },\"waitForSuccess\":true,\"rerunOnNodeRebootAfterSuccess\":true\r\n
        \     },\"jobReleaseTask\":{\r\n        \"id\":\"jobrelease\",\"commandLine\":\"cmd
        /c \\\"echo goodbye world\\\"\",\"maxWallClockTime\":\"PT15M\",\"retentionTime\":\"P7D\",\"userIdentity\":{\r\n
        \         \"autoUser\":{\r\n            \"scope\":\"pool\",\"elevationLevel\":\"nonadmin\"\r\n
        \         }\r\n        }\r\n      },\"poolInfo\":{\r\n        \"autoPoolSpecification\":{\r\n
        \         \"poolLifetimeOption\":\"job\",\"keepAlive\":false,\"pool\":{\r\n
        \           \"vmSize\":\"standard_d2_v2\",\"taskSlotsPerNode\":1,\"taskSchedulingPolicy\":{\r\n
        \             \"nodeFillType\":\"Spread\"\r\n            },\"resizeTimeout\":\"PT15M\",\"targetDedicatedNodes\":0,\"targetLowPriorityNodes\":0,\"enableAutoScale\":false,\"enableInterNodeCommunication\":false,\"cloudServiceConfiguration\":{\r\n
        \             \"osFamily\":\"5\",\"osVersion\":\"*\"\r\n            }\r\n
        \         }\r\n        }\r\n      },\"executionInfo\":{\r\n        \"startTime\":\"2022-10-28T00:39:55.8422413Z\",\"poolId\":\"5AD7E4DE-2B6C-4C05-8C42-52DB1F0958D5\"\r\n
        \     },\"onAllTasksComplete\":\"noaction\",\"onTaskFailure\":\"noaction\"\r\n
        \   },{\r\n      \"id\":\"batch_job2_8dcc0a7e\",\"url\":\"https://batch.eastus.batch.azure.com/jobs/batch_job2_8dcc0a7e\",\"eTag\":\"0x8DAB87D03037469\",\"lastModified\":\"2022-10-28T00:40:28.7327337Z\",\"creationTime\":\"2022-10-28T00:40:28.5897471Z\",\"state\":\"active\",\"stateTransitionTime\":\"2022-10-28T00:40:28.7327337Z\",\"priority\":0,\"maxParallelTasks\":-1,\"usesTaskDependencies\":false,\"allowTaskPreemption\":false,\"constraints\":{\r\n
        \       \"maxWallClockTime\":\"P10675199DT2H48M5.4775807S\",\"maxTaskRetryCount\":0\r\n
        \     },\"poolInfo\":{\r\n        \"autoPoolSpecification\":{\r\n          \"poolLifetimeOption\":\"job\",\"keepAlive\":false,\"pool\":{\r\n
        \           \"vmSize\":\"standard_d2_v2\",\"taskSlotsPerNode\":1,\"taskSchedulingPolicy\":{\r\n
        \             \"nodeFillType\":\"Spread\"\r\n            },\"resizeTimeout\":\"PT15M\",\"targetDedicatedNodes\":0,\"targetLowPriorityNodes\":0,\"enableAutoScale\":false,\"enableInterNodeCommunication\":false,\"cloudServiceConfiguration\":{\r\n
        \             \"osFamily\":\"5\",\"osVersion\":\"*\"\r\n            }\r\n
        \         }\r\n        }\r\n      },\"executionInfo\":{\r\n        \"startTime\":\"2022-10-28T00:40:28.7327337Z\",\"poolId\":\"13447C97-76DB-4E18-A519-1117A29C1EFE\"\r\n
        \     },\"onAllTasksComplete\":\"terminatejob\",\"onTaskFailure\":\"performexitoptionsjobaction\"\r\n
        \   }\r\n  ]\r\n}"
    headers:
      content-type:
      - application/json;odata=minimalmetadata
      dataserviceversion:
      - '3.0'
      date:
      - Fri, 28 Oct 2022 00:40:35 GMT
      request-id:
      - 10a4d523-cf2a-4c0e-bb07-65d5feaeb50f
      server:
      - Microsoft-HTTPAPI/2.0
      strict-transport-security:
      - max-age=31536000; includeSubDomains
      transfer-encoding:
      - chunked
      x-content-type-options:
      - nosniff
    status:
      code: 200
      message: OK
- request:
    body: '{"disableTasks": "requeue"}'
    headers:
      Accept:
      - application/json
      Accept-Encoding:
      - gzip, deflate
      Connection:
      - keep-alive
      Content-Length:
      - '27'
      Content-Type:
      - application/json; odata=minimalmetadata; charset=utf-8
      User-Agent:
      - python/3.8.6 (Windows-10-10.0.22000-SP0) msrest/0.7.1 msrest_azure/0.4.34
        azure-batch/13.0.0 Azure-SDK-For-Python
      accept-language:
      - en-US
      ocp-date:
      - Fri, 28 Oct 2022 00:40:39 GMT
    method: POST
    uri: https://batch.eastus.batch.azure.com/jobs/batch_job1_8dcc0a7e/disable?api-version=2022-10-01.16.0
  response:
    body:
      string: ''
    headers:
      dataserviceid:
      - https://batch8dcc0a7e.eastus.batch.azure.com/jobs/batch_job1_8dcc0a7e/disable
      dataserviceversion:
      - '3.0'
      date:
      - Fri, 28 Oct 2022 00:40:42 GMT
      etag:
      - '0x8DAB87D0B50C8BF'
      last-modified:
      - Fri, 28 Oct 2022 00:40:42 GMT
      request-id:
      - 7a0e9309-3e6f-4ae1-8180-88c2a92a967a
      server:
      - Microsoft-HTTPAPI/2.0
      strict-transport-security:
      - max-age=31536000; includeSubDomains
      transfer-encoding:
      - chunked
      x-content-type-options:
      - nosniff
    status:
      code: 202
      message: Accepted
- request:
    body: null
    headers:
      Accept:
      - application/json
      Accept-Encoding:
      - gzip, deflate
      Connection:
      - keep-alive
      Content-Length:
      - '0'
      User-Agent:
      - python/3.8.6 (Windows-10-10.0.22000-SP0) msrest/0.7.1 msrest_azure/0.4.34
        azure-batch/13.0.0 Azure-SDK-For-Python
      accept-language:
      - en-US
      ocp-date:
      - Fri, 28 Oct 2022 00:40:43 GMT
    method: POST
    uri: https://batch.eastus.batch.azure.com/jobs/batch_job1_8dcc0a7e/enable?api-version=2022-10-01.16.0
  response:
    body:
      string: ''
    headers:
      dataserviceid:
      - https://batch8dcc0a7e.eastus.batch.azure.com/jobs/batch_job1_8dcc0a7e/enable
      dataserviceversion:
      - '3.0'
      date:
      - Fri, 28 Oct 2022 00:40:44 GMT
      etag:
      - '0x8DAB87D0C4BEF3C'
      last-modified:
      - Fri, 28 Oct 2022 00:40:44 GMT
      request-id:
      - 50c3d79d-e144-4e7f-87df-fddf57e1b479
      server:
      - Microsoft-HTTPAPI/2.0
      strict-transport-security:
      - max-age=31536000; includeSubDomains
      transfer-encoding:
      - chunked
      x-content-type-options:
      - nosniff
    status:
      code: 202
      message: Accepted
- request:
    body: null
    headers:
      Accept:
      - application/json
      Accept-Encoding:
      - gzip, deflate
      Connection:
      - keep-alive
      User-Agent:
      - python/3.8.6 (Windows-10-10.0.22000-SP0) msrest/0.7.1 msrest_azure/0.4.34
        azure-batch/13.0.0 Azure-SDK-For-Python
      accept-language:
      - en-US
      ocp-date:
      - Fri, 28 Oct 2022 00:40:44 GMT
    method: GET
    uri: https://batch.eastus.batch.azure.com/jobs/batch_job1_8dcc0a7e/jobpreparationandreleasetaskstatus?api-version=2022-10-01.16.0
  response:
    body:
      string: "{\r\n  \"odata.metadata\":\"https://batch.eastus.batch.azure.com/$metadata#jobpreparationandreleasetaskstatuslist\",\"value\":[]\r\n}"
    headers:
      content-type:
      - application/json;odata=minimalmetadata
      dataserviceversion:
      - '3.0'
      date:
      - Fri, 28 Oct 2022 00:40:45 GMT
      request-id:
      - 6985c530-079a-4dbd-ab78-f3f65f54712f
      server:
      - Microsoft-HTTPAPI/2.0
      strict-transport-security:
      - max-age=31536000; includeSubDomains
      transfer-encoding:
      - chunked
      x-content-type-options:
      - nosniff
    status:
      code: 200
      message: OK
- request:
    body: null
    headers:
      Accept:
      - application/json
      Accept-Encoding:
      - gzip, deflate
      Connection:
      - keep-alive
      Content-Length:
      - '0'
      Content-Type:
      - application/json; odata=minimalmetadata; charset=utf-8
      User-Agent:
      - python/3.8.6 (Windows-10-10.0.22000-SP0) msrest/0.7.1 msrest_azure/0.4.34
        azure-batch/13.0.0 Azure-SDK-For-Python
      accept-language:
      - en-US
      ocp-date:
      - Fri, 28 Oct 2022 00:40:45 GMT
    method: POST
    uri: https://batch.eastus.batch.azure.com/jobs/batch_job1_8dcc0a7e/terminate?api-version=2022-10-01.16.0
  response:
    body:
      string: ''
    headers:
      dataserviceid:
      - https://batch8dcc0a7e.eastus.batch.azure.com/jobs/batch_job1_8dcc0a7e/terminate
      dataserviceversion:
      - '3.0'
      date:
      - Fri, 28 Oct 2022 00:40:50 GMT
      etag:
      - '0x8DAB87D0FE31806'
      last-modified:
      - Fri, 28 Oct 2022 00:40:50 GMT
      request-id:
      - ea02c71f-6c3b-45e9-bb56-266bf0f91bad
      server:
      - Microsoft-HTTPAPI/2.0
      strict-transport-security:
      - max-age=31536000; includeSubDomains
      transfer-encoding:
      - chunked
      x-content-type-options:
      - nosniff
    status:
      code: 202
      message: Accepted
- request:
    body: null
    headers:
      Accept:
      - application/json
      Accept-Encoding:
      - gzip, deflate
      Connection:
      - keep-alive
      Content-Length:
      - '0'
      User-Agent:
      - python/3.8.6 (Windows-10-10.0.22000-SP0) msrest/0.7.1 msrest_azure/0.4.34
        azure-batch/13.0.0 Azure-SDK-For-Python
      accept-language:
      - en-US
      ocp-date:
      - Fri, 28 Oct 2022 00:40:51 GMT
    method: DELETE
    uri: https://batch.eastus.batch.azure.com/jobs/batch_job2_8dcc0a7e?api-version=2022-10-01.16.0
  response:
    body:
      string: ''
    headers:
      dataserviceversion:
      - '3.0'
      date:
      - Fri, 28 Oct 2022 00:40:54 GMT
      request-id:
      - a06eda78-cccc-463c-9f79-343f533cee5b
      server:
      - Microsoft-HTTPAPI/2.0
      strict-transport-security:
      - max-age=31536000; includeSubDomains
      transfer-encoding:
      - chunked
      x-content-type-options:
      - nosniff
    status:
      code: 202
      message: Accepted
- request:
    body: null
    headers:
      Accept:
      - application/json
      Accept-Encoding:
      - gzip, deflate
      Connection:
      - keep-alive
      User-Agent:
      - python/3.8.6 (Windows-10-10.0.22000-SP0) msrest/0.7.1 msrest_azure/0.4.34
        azure-batch/13.0.0 Azure-SDK-For-Python
      accept-language:
      - en-US
      ocp-date:
      - Fri, 28 Oct 2022 00:40:55 GMT
    method: GET
    uri: https://batch.eastus.batch.azure.com/lifetimejobstats?api-version=2022-10-01.16.0
  response:
    body:
      string: "{\r\n  \"odata.metadata\":\"https://batch.eastus.batch.azure.com/$metadata#jobstats/@Element\",\"url\":\"https://batch.eastus.batch.azure.com/lifetimejobstats\",\"startTime\":\"2022-10-28T00:39:38.6532108Z\",\"lastUpdateTime\":\"2022-10-28T00:39:38.6532108Z\",\"userCPUTime\":\"PT0S\",\"kernelCPUTime\":\"PT0S\",\"wallClockTime\":\"PT0S\",\"readIOps\":\"0\",\"writeIOps\":\"0\",\"readIOGiB\":0.0,\"writeIOGiB\":0.0,\"numTaskRetries\":\"0\",\"numSucceededTasks\":\"0\",\"numFailedTasks\":\"0\",\"waitTime\":\"PT0S\"\r\n}"
    headers:
      content-type:
      - application/json;odata=minimalmetadata
      dataserviceversion:
      - '3.0'
      date:
      - Fri, 28 Oct 2022 00:40:55 GMT
      request-id:
      - 32bb4330-3356-4e10-ad23-c0dacfdaaac8
      server:
      - Microsoft-HTTPAPI/2.0
      strict-transport-security:
      - max-age=31536000; includeSubDomains
      transfer-encoding:
      - chunked
      x-content-type-options:
      - nosniff
    status:
      code: 200
      message: OK
version: 1
