interactions:
- request:
    body: '{"id": "batch_network_814e11b1", "vmSize": "Standard_A1", "virtualMachineConfiguration":
      {"imageReference": {"publisher": "Canonical", "offer": "UbuntuServer", "sku":
      "16.04-LTS"}, "nodeAgentSKUId": "batch.node.ubuntu 16.04"}, "targetDedicatedNodes":
      1, "networkConfiguration": {"endpointConfiguration": {"inboundNATPools": [{"name":
      "TestEndpointConfig", "protocol": "udp", "backendPort": 64444, "frontendPortRangeStart":
      60000, "frontendPortRangeEnd": 61000, "networkSecurityGroupRules": [{"priority":
      150, "access": "allow", "sourceAddressPrefix": "*"}]}]}}}'
    headers:
      Accept: [application/json]
      Accept-Encoding: ['gzip, deflate']
      Connection: [keep-alive]
      Content-Length: ['561']
      Content-Type: [application/json; odata=minimalmetadata; charset=utf-8]
      User-Agent: [python/3.7.0 (Windows-10-10.0.17763-SP0) msrest/0.6.4 msrest_azure/0.4.34
          azure-batch/6.0.1 Azure-SDK-For-Python]
      accept-language: [en-US]
      ocp-date: ['Mon, 04 Mar 2019 19:01:56 GMT']
    method: POST
    uri: https://batch814e11b1.westcentralus.batch.azure.com/pools?api-version=2018-12-01.8.0
  response:
    body: {string: ''}
    headers:
      dataserviceid: ['https://batch814e11b1.westcentralus.batch.azure.com/pools/batch_network_814e11b1']
      dataserviceversion: ['3.0']
      date: ['Mon, 04 Mar 2019 19:01:57 GMT']
      etag: ['0x8D6A0D3E00D60D9']
      last-modified: ['Mon, 04 Mar 2019 19:01:57 GMT']
      location: ['https://batch814e11b1.westcentralus.batch.azure.com/pools/batch_network_814e11b1']
      request-id: [bf1a9fa7-97c9-4797-9c43-804611156e2f]
      server: [Microsoft-HTTPAPI/2.0]
      strict-transport-security: [max-age=31536000; includeSubDomains]
      transfer-encoding: [chunked]
      x-content-type-options: [nosniff]
    status: {code: 201, message: Created}
- request:
    body: null
    headers:
      Accept: [application/json]
      Accept-Encoding: ['gzip, deflate']
      Connection: [keep-alive]
      User-Agent: [python/3.7.0 (Windows-10-10.0.17763-SP0) msrest/0.6.4 msrest_azure/0.4.34
          azure-batch/6.0.1 Azure-SDK-For-Python]
      accept-language: [en-US]
      ocp-date: ['Mon, 04 Mar 2019 19:01:57 GMT']
    method: GET
    uri: https://batch814e11b1.westcentralus.batch.azure.com/pools/batch_network_814e11b1?api-version=2018-12-01.8.0
  response:
    body: {string: "{\r\n  \"odata.metadata\":\"https://batch814e11b1.westcentralus.batch.azure.com/$metadata#pools/@Element\",\"id\":\"batch_network_814e11b1\",\"url\":\"https://batch814e11b1.westcentralus.batch.azure.com/pools/batch_network_814e11b1\",\"eTag\":\"0x8D6A0D3E00D60D9\",\"lastModified\":\"2019-03-04T19:01:57.7020633Z\",\"creationTime\":\"2019-03-04T19:01:57.7020633Z\",\"state\":\"active\",\"stateTransitionTime\":\"2019-03-04T19:01:57.7020633Z\",\"allocationState\":\"resizing\",\"allocationStateTransitionTime\":\"2019-03-04T19:01:57.7020633Z\",\"vmSize\":\"standard_a1\",\"resizeTimeout\":\"PT15M\",\"currentDedicatedNodes\":0,\"targetDedicatedNodes\":1,\"currentLowPriorityNodes\":0,\"targetLowPriorityNodes\":0,\"enableAutoScale\":false,\"enableInterNodeCommunication\":false,\"maxTasksPerNode\":1,\"taskSchedulingPolicy\":{\r\n
        \   \"nodeFillType\":\"Spread\"\r\n  },\"virtualMachineConfiguration\":{\r\n
        \   \"imageReference\":{\r\n      \"publisher\":\"Canonical\",\"offer\":\"UbuntuServer\",\"sku\":\"16.04-LTS\",\"version\":\"latest\"\r\n
        \   },\"nodeAgentSKUId\":\"batch.node.ubuntu 16.04\"\r\n  },\"networkConfiguration\":{\r\n
        \   \"endpointConfiguration\":{\r\n      \"inboundNATPools\":[\r\n        {\r\n
        \         \"name\":\"TestEndpointConfig\",\"protocol\":\"udp\",\"backendPort\":64444,\"frontendPortRangeStart\":60000,\"frontendPortRangeEnd\":61000,\"networkSecurityGroupRules\":[\r\n
        \           {\r\n              \"priority\":150,\"access\":\"allow\",\"sourceAddressPrefix\":\"*\"\r\n
        \           }\r\n          ]\r\n        }\r\n      ]\r\n    }\r\n  }\r\n}"}
    headers:
      content-type: [application/json;odata=minimalmetadata]
      dataserviceversion: ['3.0']
      date: ['Mon, 04 Mar 2019 19:01:58 GMT']
      etag: ['0x8D6A0D3E00D60D9']
      last-modified: ['Mon, 04 Mar 2019 19:01:57 GMT']
      request-id: [b04ad531-0056-4b7b-9b3d-df4097191715]
      server: [Microsoft-HTTPAPI/2.0]
      strict-transport-security: [max-age=31536000; includeSubDomains]
      transfer-encoding: [chunked]
      x-content-type-options: [nosniff]
    status: {code: 200, message: OK}
- request:
    body: null
    headers:
      Accept: [application/json]
      Accept-Encoding: ['gzip, deflate']
      Connection: [keep-alive]
      User-Agent: [python/3.7.0 (Windows-10-10.0.17763-SP0) msrest/0.6.4 msrest_azure/0.4.34
          azure-batch/6.0.1 Azure-SDK-For-Python]
      accept-language: [en-US]
      ocp-date: ['Mon, 04 Mar 2019 19:02:08 GMT']
    method: GET
    uri: https://batch814e11b1.westcentralus.batch.azure.com/pools/batch_network_814e11b1?api-version=2018-12-01.8.0
  response:
    body: {string: "{\r\n  \"odata.metadata\":\"https://batch814e11b1.westcentralus.batch.azure.com/$metadata#pools/@Element\",\"id\":\"batch_network_814e11b1\",\"url\":\"https://batch814e11b1.westcentralus.batch.azure.com/pools/batch_network_814e11b1\",\"eTag\":\"0x8D6A0D3E00D60D9\",\"lastModified\":\"2019-03-04T19:01:57.7020633Z\",\"creationTime\":\"2019-03-04T19:01:57.7020633Z\",\"state\":\"active\",\"stateTransitionTime\":\"2019-03-04T19:01:57.7020633Z\",\"allocationState\":\"resizing\",\"allocationStateTransitionTime\":\"2019-03-04T19:01:57.7020633Z\",\"vmSize\":\"standard_a1\",\"resizeTimeout\":\"PT15M\",\"currentDedicatedNodes\":0,\"targetDedicatedNodes\":1,\"currentLowPriorityNodes\":0,\"targetLowPriorityNodes\":0,\"enableAutoScale\":false,\"enableInterNodeCommunication\":false,\"maxTasksPerNode\":1,\"taskSchedulingPolicy\":{\r\n
        \   \"nodeFillType\":\"Spread\"\r\n  },\"virtualMachineConfiguration\":{\r\n
        \   \"imageReference\":{\r\n      \"publisher\":\"Canonical\",\"offer\":\"UbuntuServer\",\"sku\":\"16.04-LTS\",\"version\":\"latest\"\r\n
        \   },\"nodeAgentSKUId\":\"batch.node.ubuntu 16.04\"\r\n  },\"networkConfiguration\":{\r\n
        \   \"endpointConfiguration\":{\r\n      \"inboundNATPools\":[\r\n        {\r\n
        \         \"name\":\"TestEndpointConfig\",\"protocol\":\"udp\",\"backendPort\":64444,\"frontendPortRangeStart\":60000,\"frontendPortRangeEnd\":61000,\"networkSecurityGroupRules\":[\r\n
        \           {\r\n              \"priority\":150,\"access\":\"allow\",\"sourceAddressPrefix\":\"*\"\r\n
        \           }\r\n          ]\r\n        }\r\n      ]\r\n    }\r\n  }\r\n}"}
    headers:
      content-type: [application/json;odata=minimalmetadata]
      dataserviceversion: ['3.0']
      date: ['Mon, 04 Mar 2019 19:02:08 GMT']
      etag: ['0x8D6A0D3E00D60D9']
      last-modified: ['Mon, 04 Mar 2019 19:01:57 GMT']
      request-id: [75340299-7057-4fd3-ad5b-211154975fb6]
      server: [Microsoft-HTTPAPI/2.0]
      strict-transport-security: [max-age=31536000; includeSubDomains]
      transfer-encoding: [chunked]
      x-content-type-options: [nosniff]
    status: {code: 200, message: OK}
- request:
    body: null
    headers:
      Accept: [application/json]
      Accept-Encoding: ['gzip, deflate']
      Connection: [keep-alive]
      User-Agent: [python/3.7.0 (Windows-10-10.0.17763-SP0) msrest/0.6.4 msrest_azure/0.4.34
          azure-batch/6.0.1 Azure-SDK-For-Python]
      accept-language: [en-US]
      ocp-date: ['Mon, 04 Mar 2019 19:02:18 GMT']
    method: GET
    uri: https://batch814e11b1.westcentralus.batch.azure.com/pools/batch_network_814e11b1?api-version=2018-12-01.8.0
  response:
    body: {string: "{\r\n  \"odata.metadata\":\"https://batch814e11b1.westcentralus.batch.azure.com/$metadata#pools/@Element\",\"id\":\"batch_network_814e11b1\",\"url\":\"https://batch814e11b1.westcentralus.batch.azure.com/pools/batch_network_814e11b1\",\"eTag\":\"0x8D6A0D3E00D60D9\",\"lastModified\":\"2019-03-04T19:01:57.7020633Z\",\"creationTime\":\"2019-03-04T19:01:57.7020633Z\",\"state\":\"active\",\"stateTransitionTime\":\"2019-03-04T19:01:57.7020633Z\",\"allocationState\":\"resizing\",\"allocationStateTransitionTime\":\"2019-03-04T19:01:57.7020633Z\",\"vmSize\":\"standard_a1\",\"resizeTimeout\":\"PT15M\",\"currentDedicatedNodes\":0,\"targetDedicatedNodes\":1,\"currentLowPriorityNodes\":0,\"targetLowPriorityNodes\":0,\"enableAutoScale\":false,\"enableInterNodeCommunication\":false,\"maxTasksPerNode\":1,\"taskSchedulingPolicy\":{\r\n
        \   \"nodeFillType\":\"Spread\"\r\n  },\"virtualMachineConfiguration\":{\r\n
        \   \"imageReference\":{\r\n      \"publisher\":\"Canonical\",\"offer\":\"UbuntuServer\",\"sku\":\"16.04-LTS\",\"version\":\"latest\"\r\n
        \   },\"nodeAgentSKUId\":\"batch.node.ubuntu 16.04\"\r\n  },\"networkConfiguration\":{\r\n
        \   \"endpointConfiguration\":{\r\n      \"inboundNATPools\":[\r\n        {\r\n
        \         \"name\":\"TestEndpointConfig\",\"protocol\":\"udp\",\"backendPort\":64444,\"frontendPortRangeStart\":60000,\"frontendPortRangeEnd\":61000,\"networkSecurityGroupRules\":[\r\n
        \           {\r\n              \"priority\":150,\"access\":\"allow\",\"sourceAddressPrefix\":\"*\"\r\n
        \           }\r\n          ]\r\n        }\r\n      ]\r\n    }\r\n  }\r\n}"}
    headers:
      content-type: [application/json;odata=minimalmetadata]
      dataserviceversion: ['3.0']
      date: ['Mon, 04 Mar 2019 19:02:18 GMT']
      etag: ['0x8D6A0D3E00D60D9']
      last-modified: ['Mon, 04 Mar 2019 19:01:57 GMT']
      request-id: [be40bf77-b74c-4562-8cbc-3e2d10e7621a]
      server: [Microsoft-HTTPAPI/2.0]
      strict-transport-security: [max-age=31536000; includeSubDomains]
      transfer-encoding: [chunked]
      x-content-type-options: [nosniff]
    status: {code: 200, message: OK}
- request:
    body: null
    headers:
      Accept: [application/json]
      Accept-Encoding: ['gzip, deflate']
      Connection: [keep-alive]
      User-Agent: [python/3.7.0 (Windows-10-10.0.17763-SP0) msrest/0.6.4 msrest_azure/0.4.34
          azure-batch/6.0.1 Azure-SDK-For-Python]
      accept-language: [en-US]
      ocp-date: ['Mon, 04 Mar 2019 19:02:28 GMT']
    method: GET
    uri: https://batch814e11b1.westcentralus.batch.azure.com/pools/batch_network_814e11b1?api-version=2018-12-01.8.0
  response:
    body: {string: "{\r\n  \"odata.metadata\":\"https://batch814e11b1.westcentralus.batch.azure.com/$metadata#pools/@Element\",\"id\":\"batch_network_814e11b1\",\"url\":\"https://batch814e11b1.westcentralus.batch.azure.com/pools/batch_network_814e11b1\",\"eTag\":\"0x8D6A0D3E00D60D9\",\"lastModified\":\"2019-03-04T19:01:57.7020633Z\",\"creationTime\":\"2019-03-04T19:01:57.7020633Z\",\"state\":\"active\",\"stateTransitionTime\":\"2019-03-04T19:01:57.7020633Z\",\"allocationState\":\"resizing\",\"allocationStateTransitionTime\":\"2019-03-04T19:01:57.7020633Z\",\"vmSize\":\"standard_a1\",\"resizeTimeout\":\"PT15M\",\"currentDedicatedNodes\":0,\"targetDedicatedNodes\":1,\"currentLowPriorityNodes\":0,\"targetLowPriorityNodes\":0,\"enableAutoScale\":false,\"enableInterNodeCommunication\":false,\"maxTasksPerNode\":1,\"taskSchedulingPolicy\":{\r\n
        \   \"nodeFillType\":\"Spread\"\r\n  },\"virtualMachineConfiguration\":{\r\n
        \   \"imageReference\":{\r\n      \"publisher\":\"Canonical\",\"offer\":\"UbuntuServer\",\"sku\":\"16.04-LTS\",\"version\":\"latest\"\r\n
        \   },\"nodeAgentSKUId\":\"batch.node.ubuntu 16.04\"\r\n  },\"networkConfiguration\":{\r\n
        \   \"endpointConfiguration\":{\r\n      \"inboundNATPools\":[\r\n        {\r\n
        \         \"name\":\"TestEndpointConfig\",\"protocol\":\"udp\",\"backendPort\":64444,\"frontendPortRangeStart\":60000,\"frontendPortRangeEnd\":61000,\"networkSecurityGroupRules\":[\r\n
        \           {\r\n              \"priority\":150,\"access\":\"allow\",\"sourceAddressPrefix\":\"*\"\r\n
        \           }\r\n          ]\r\n        }\r\n      ]\r\n    }\r\n  }\r\n}"}
    headers:
      content-type: [application/json;odata=minimalmetadata]
      dataserviceversion: ['3.0']
      date: ['Mon, 04 Mar 2019 19:02:28 GMT']
      etag: ['0x8D6A0D3E00D60D9']
      last-modified: ['Mon, 04 Mar 2019 19:01:57 GMT']
      request-id: [73685e71-9448-4940-8251-0eb8319da946]
      server: [Microsoft-HTTPAPI/2.0]
      strict-transport-security: [max-age=31536000; includeSubDomains]
      transfer-encoding: [chunked]
      x-content-type-options: [nosniff]
    status: {code: 200, message: OK}
- request:
    body: null
    headers:
      Accept: [application/json]
      Accept-Encoding: ['gzip, deflate']
      Connection: [keep-alive]
      User-Agent: [python/3.7.0 (Windows-10-10.0.17763-SP0) msrest/0.6.4 msrest_azure/0.4.34
          azure-batch/6.0.1 Azure-SDK-For-Python]
      accept-language: [en-US]
      ocp-date: ['Mon, 04 Mar 2019 19:02:38 GMT']
    method: GET
    uri: https://batch814e11b1.westcentralus.batch.azure.com/pools/batch_network_814e11b1?api-version=2018-12-01.8.0
  response:
    body: {string: "{\r\n  \"odata.metadata\":\"https://batch814e11b1.westcentralus.batch.azure.com/$metadata#pools/@Element\",\"id\":\"batch_network_814e11b1\",\"url\":\"https://batch814e11b1.westcentralus.batch.azure.com/pools/batch_network_814e11b1\",\"eTag\":\"0x8D6A0D3E00D60D9\",\"lastModified\":\"2019-03-04T19:01:57.7020633Z\",\"creationTime\":\"2019-03-04T19:01:57.7020633Z\",\"state\":\"active\",\"stateTransitionTime\":\"2019-03-04T19:01:57.7020633Z\",\"allocationState\":\"resizing\",\"allocationStateTransitionTime\":\"2019-03-04T19:01:57.7020633Z\",\"vmSize\":\"standard_a1\",\"resizeTimeout\":\"PT15M\",\"currentDedicatedNodes\":0,\"targetDedicatedNodes\":1,\"currentLowPriorityNodes\":0,\"targetLowPriorityNodes\":0,\"enableAutoScale\":false,\"enableInterNodeCommunication\":false,\"maxTasksPerNode\":1,\"taskSchedulingPolicy\":{\r\n
        \   \"nodeFillType\":\"Spread\"\r\n  },\"virtualMachineConfiguration\":{\r\n
        \   \"imageReference\":{\r\n      \"publisher\":\"Canonical\",\"offer\":\"UbuntuServer\",\"sku\":\"16.04-LTS\",\"version\":\"latest\"\r\n
        \   },\"nodeAgentSKUId\":\"batch.node.ubuntu 16.04\"\r\n  },\"networkConfiguration\":{\r\n
        \   \"endpointConfiguration\":{\r\n      \"inboundNATPools\":[\r\n        {\r\n
        \         \"name\":\"TestEndpointConfig\",\"protocol\":\"udp\",\"backendPort\":64444,\"frontendPortRangeStart\":60000,\"frontendPortRangeEnd\":61000,\"networkSecurityGroupRules\":[\r\n
        \           {\r\n              \"priority\":150,\"access\":\"allow\",\"sourceAddressPrefix\":\"*\"\r\n
        \           }\r\n          ]\r\n        }\r\n      ]\r\n    }\r\n  }\r\n}"}
    headers:
      content-type: [application/json;odata=minimalmetadata]
      dataserviceversion: ['3.0']
      date: ['Mon, 04 Mar 2019 19:02:39 GMT']
      etag: ['0x8D6A0D3E00D60D9']
      last-modified: ['Mon, 04 Mar 2019 19:01:57 GMT']
      request-id: [88226bfe-e718-472d-b4a2-284757483c79]
      server: [Microsoft-HTTPAPI/2.0]
      strict-transport-security: [max-age=31536000; includeSubDomains]
      transfer-encoding: [chunked]
      x-content-type-options: [nosniff]
    status: {code: 200, message: OK}
- request:
    body: null
    headers:
      Accept: [application/json]
      Accept-Encoding: ['gzip, deflate']
      Connection: [keep-alive]
      User-Agent: [python/3.7.0 (Windows-10-10.0.17763-SP0) msrest/0.6.4 msrest_azure/0.4.34
          azure-batch/6.0.1 Azure-SDK-For-Python]
      accept-language: [en-US]
      ocp-date: ['Mon, 04 Mar 2019 19:02:49 GMT']
    method: GET
    uri: https://batch814e11b1.westcentralus.batch.azure.com/pools/batch_network_814e11b1?api-version=2018-12-01.8.0
  response:
    body: {string: "{\r\n  \"odata.metadata\":\"https://batch814e11b1.westcentralus.batch.azure.com/$metadata#pools/@Element\",\"id\":\"batch_network_814e11b1\",\"url\":\"https://batch814e11b1.westcentralus.batch.azure.com/pools/batch_network_814e11b1\",\"eTag\":\"0x8D6A0D3E00D60D9\",\"lastModified\":\"2019-03-04T19:01:57.7020633Z\",\"creationTime\":\"2019-03-04T19:01:57.7020633Z\",\"state\":\"active\",\"stateTransitionTime\":\"2019-03-04T19:01:57.7020633Z\",\"allocationState\":\"resizing\",\"allocationStateTransitionTime\":\"2019-03-04T19:01:57.7020633Z\",\"vmSize\":\"standard_a1\",\"resizeTimeout\":\"PT15M\",\"currentDedicatedNodes\":0,\"targetDedicatedNodes\":1,\"currentLowPriorityNodes\":0,\"targetLowPriorityNodes\":0,\"enableAutoScale\":false,\"enableInterNodeCommunication\":false,\"maxTasksPerNode\":1,\"taskSchedulingPolicy\":{\r\n
        \   \"nodeFillType\":\"Spread\"\r\n  },\"virtualMachineConfiguration\":{\r\n
        \   \"imageReference\":{\r\n      \"publisher\":\"Canonical\",\"offer\":\"UbuntuServer\",\"sku\":\"16.04-LTS\",\"version\":\"latest\"\r\n
        \   },\"nodeAgentSKUId\":\"batch.node.ubuntu 16.04\"\r\n  },\"networkConfiguration\":{\r\n
        \   \"endpointConfiguration\":{\r\n      \"inboundNATPools\":[\r\n        {\r\n
        \         \"name\":\"TestEndpointConfig\",\"protocol\":\"udp\",\"backendPort\":64444,\"frontendPortRangeStart\":60000,\"frontendPortRangeEnd\":61000,\"networkSecurityGroupRules\":[\r\n
        \           {\r\n              \"priority\":150,\"access\":\"allow\",\"sourceAddressPrefix\":\"*\"\r\n
        \           }\r\n          ]\r\n        }\r\n      ]\r\n    }\r\n  }\r\n}"}
    headers:
      content-type: [application/json;odata=minimalmetadata]
      dataserviceversion: ['3.0']
      date: ['Mon, 04 Mar 2019 19:02:49 GMT']
      etag: ['0x8D6A0D3E00D60D9']
      last-modified: ['Mon, 04 Mar 2019 19:01:57 GMT']
      request-id: [ed18361e-6083-4b0d-a406-12a1ebb510b7]
      server: [Microsoft-HTTPAPI/2.0]
      strict-transport-security: [max-age=31536000; includeSubDomains]
      transfer-encoding: [chunked]
      x-content-type-options: [nosniff]
    status: {code: 200, message: OK}
- request:
    body: null
    headers:
      Accept: [application/json]
      Accept-Encoding: ['gzip, deflate']
      Connection: [keep-alive]
      User-Agent: [python/3.7.0 (Windows-10-10.0.17763-SP0) msrest/0.6.4 msrest_azure/0.4.34
          azure-batch/6.0.1 Azure-SDK-For-Python]
      accept-language: [en-US]
      ocp-date: ['Mon, 04 Mar 2019 19:02:59 GMT']
    method: GET
    uri: https://batch814e11b1.westcentralus.batch.azure.com/pools/batch_network_814e11b1?api-version=2018-12-01.8.0
  response:
    body: {string: "{\r\n  \"odata.metadata\":\"https://batch814e11b1.westcentralus.batch.azure.com/$metadata#pools/@Element\",\"id\":\"batch_network_814e11b1\",\"url\":\"https://batch814e11b1.westcentralus.batch.azure.com/pools/batch_network_814e11b1\",\"eTag\":\"0x8D6A0D3E00D60D9\",\"lastModified\":\"2019-03-04T19:01:57.7020633Z\",\"creationTime\":\"2019-03-04T19:01:57.7020633Z\",\"state\":\"active\",\"stateTransitionTime\":\"2019-03-04T19:01:57.7020633Z\",\"allocationState\":\"resizing\",\"allocationStateTransitionTime\":\"2019-03-04T19:01:57.7020633Z\",\"vmSize\":\"standard_a1\",\"resizeTimeout\":\"PT15M\",\"currentDedicatedNodes\":0,\"targetDedicatedNodes\":1,\"currentLowPriorityNodes\":0,\"targetLowPriorityNodes\":0,\"enableAutoScale\":false,\"enableInterNodeCommunication\":false,\"maxTasksPerNode\":1,\"taskSchedulingPolicy\":{\r\n
        \   \"nodeFillType\":\"Spread\"\r\n  },\"virtualMachineConfiguration\":{\r\n
        \   \"imageReference\":{\r\n      \"publisher\":\"Canonical\",\"offer\":\"UbuntuServer\",\"sku\":\"16.04-LTS\",\"version\":\"latest\"\r\n
        \   },\"nodeAgentSKUId\":\"batch.node.ubuntu 16.04\"\r\n  },\"networkConfiguration\":{\r\n
        \   \"endpointConfiguration\":{\r\n      \"inboundNATPools\":[\r\n        {\r\n
        \         \"name\":\"TestEndpointConfig\",\"protocol\":\"udp\",\"backendPort\":64444,\"frontendPortRangeStart\":60000,\"frontendPortRangeEnd\":61000,\"networkSecurityGroupRules\":[\r\n
        \           {\r\n              \"priority\":150,\"access\":\"allow\",\"sourceAddressPrefix\":\"*\"\r\n
        \           }\r\n          ]\r\n        }\r\n      ]\r\n    }\r\n  }\r\n}"}
    headers:
      content-type: [application/json;odata=minimalmetadata]
      dataserviceversion: ['3.0']
      date: ['Mon, 04 Mar 2019 19:02:58 GMT']
      etag: ['0x8D6A0D3E00D60D9']
      last-modified: ['Mon, 04 Mar 2019 19:01:57 GMT']
      request-id: [ecd4ac6b-c5cb-4e47-885c-189233cdb968]
      server: [Microsoft-HTTPAPI/2.0]
      strict-transport-security: [max-age=31536000; includeSubDomains]
      transfer-encoding: [chunked]
      x-content-type-options: [nosniff]
    status: {code: 200, message: OK}
- request:
    body: null
    headers:
      Accept: [application/json]
      Accept-Encoding: ['gzip, deflate']
      Connection: [keep-alive]
      User-Agent: [python/3.7.0 (Windows-10-10.0.17763-SP0) msrest/0.6.4 msrest_azure/0.4.34
          azure-batch/6.0.1 Azure-SDK-For-Python]
      accept-language: [en-US]
      ocp-date: ['Mon, 04 Mar 2019 19:03:09 GMT']
    method: GET
    uri: https://batch814e11b1.westcentralus.batch.azure.com/pools/batch_network_814e11b1?api-version=2018-12-01.8.0
  response:
    body: {string: "{\r\n  \"odata.metadata\":\"https://batch814e11b1.westcentralus.batch.azure.com/$metadata#pools/@Element\",\"id\":\"batch_network_814e11b1\",\"url\":\"https://batch814e11b1.westcentralus.batch.azure.com/pools/batch_network_814e11b1\",\"eTag\":\"0x8D6A0D3E00D60D9\",\"lastModified\":\"2019-03-04T19:01:57.7020633Z\",\"creationTime\":\"2019-03-04T19:01:57.7020633Z\",\"state\":\"active\",\"stateTransitionTime\":\"2019-03-04T19:01:57.7020633Z\",\"allocationState\":\"resizing\",\"allocationStateTransitionTime\":\"2019-03-04T19:01:57.7020633Z\",\"vmSize\":\"standard_a1\",\"resizeTimeout\":\"PT15M\",\"currentDedicatedNodes\":0,\"targetDedicatedNodes\":1,\"currentLowPriorityNodes\":0,\"targetLowPriorityNodes\":0,\"enableAutoScale\":false,\"enableInterNodeCommunication\":false,\"maxTasksPerNode\":1,\"taskSchedulingPolicy\":{\r\n
        \   \"nodeFillType\":\"Spread\"\r\n  },\"virtualMachineConfiguration\":{\r\n
        \   \"imageReference\":{\r\n      \"publisher\":\"Canonical\",\"offer\":\"UbuntuServer\",\"sku\":\"16.04-LTS\",\"version\":\"latest\"\r\n
        \   },\"nodeAgentSKUId\":\"batch.node.ubuntu 16.04\"\r\n  },\"networkConfiguration\":{\r\n
        \   \"endpointConfiguration\":{\r\n      \"inboundNATPools\":[\r\n        {\r\n
        \         \"name\":\"TestEndpointConfig\",\"protocol\":\"udp\",\"backendPort\":64444,\"frontendPortRangeStart\":60000,\"frontendPortRangeEnd\":61000,\"networkSecurityGroupRules\":[\r\n
        \           {\r\n              \"priority\":150,\"access\":\"allow\",\"sourceAddressPrefix\":\"*\"\r\n
        \           }\r\n          ]\r\n        }\r\n      ]\r\n    }\r\n  }\r\n}"}
    headers:
      content-type: [application/json;odata=minimalmetadata]
      dataserviceversion: ['3.0']
      date: ['Mon, 04 Mar 2019 19:03:10 GMT']
      etag: ['0x8D6A0D3E00D60D9']
      last-modified: ['Mon, 04 Mar 2019 19:01:57 GMT']
      request-id: [7e5ee9f6-e169-4ae2-9664-e0ddb66efa34]
      server: [Microsoft-HTTPAPI/2.0]
      strict-transport-security: [max-age=31536000; includeSubDomains]
      transfer-encoding: [chunked]
      x-content-type-options: [nosniff]
    status: {code: 200, message: OK}
- request:
    body: null
    headers:
      Accept: [application/json]
      Accept-Encoding: ['gzip, deflate']
      Connection: [keep-alive]
      User-Agent: [python/3.7.0 (Windows-10-10.0.17763-SP0) msrest/0.6.4 msrest_azure/0.4.34
          azure-batch/6.0.1 Azure-SDK-For-Python]
      accept-language: [en-US]
      ocp-date: ['Mon, 04 Mar 2019 19:03:20 GMT']
    method: GET
    uri: https://batch814e11b1.westcentralus.batch.azure.com/pools/batch_network_814e11b1?api-version=2018-12-01.8.0
  response:
    body: {string: "{\r\n  \"odata.metadata\":\"https://batch814e11b1.westcentralus.batch.azure.com/$metadata#pools/@Element\",\"id\":\"batch_network_814e11b1\",\"url\":\"https://batch814e11b1.westcentralus.batch.azure.com/pools/batch_network_814e11b1\",\"eTag\":\"0x8D6A0D3E00D60D9\",\"lastModified\":\"2019-03-04T19:01:57.7020633Z\",\"creationTime\":\"2019-03-04T19:01:57.7020633Z\",\"state\":\"active\",\"stateTransitionTime\":\"2019-03-04T19:01:57.7020633Z\",\"allocationState\":\"resizing\",\"allocationStateTransitionTime\":\"2019-03-04T19:01:57.7020633Z\",\"vmSize\":\"standard_a1\",\"resizeTimeout\":\"PT15M\",\"currentDedicatedNodes\":0,\"targetDedicatedNodes\":1,\"currentLowPriorityNodes\":0,\"targetLowPriorityNodes\":0,\"enableAutoScale\":false,\"enableInterNodeCommunication\":false,\"maxTasksPerNode\":1,\"taskSchedulingPolicy\":{\r\n
        \   \"nodeFillType\":\"Spread\"\r\n  },\"virtualMachineConfiguration\":{\r\n
        \   \"imageReference\":{\r\n      \"publisher\":\"Canonical\",\"offer\":\"UbuntuServer\",\"sku\":\"16.04-LTS\",\"version\":\"latest\"\r\n
        \   },\"nodeAgentSKUId\":\"batch.node.ubuntu 16.04\"\r\n  },\"networkConfiguration\":{\r\n
        \   \"endpointConfiguration\":{\r\n      \"inboundNATPools\":[\r\n        {\r\n
        \         \"name\":\"TestEndpointConfig\",\"protocol\":\"udp\",\"backendPort\":64444,\"frontendPortRangeStart\":60000,\"frontendPortRangeEnd\":61000,\"networkSecurityGroupRules\":[\r\n
        \           {\r\n              \"priority\":150,\"access\":\"allow\",\"sourceAddressPrefix\":\"*\"\r\n
        \           }\r\n          ]\r\n        }\r\n      ]\r\n    }\r\n  }\r\n}"}
    headers:
      content-type: [application/json;odata=minimalmetadata]
      dataserviceversion: ['3.0']
      date: ['Mon, 04 Mar 2019 19:03:20 GMT']
      etag: ['0x8D6A0D3E00D60D9']
      last-modified: ['Mon, 04 Mar 2019 19:01:57 GMT']
      request-id: [b69711ea-0d93-4c58-90b4-6e428b373491]
      server: [Microsoft-HTTPAPI/2.0]
      strict-transport-security: [max-age=31536000; includeSubDomains]
      transfer-encoding: [chunked]
      x-content-type-options: [nosniff]
    status: {code: 200, message: OK}
- request:
    body: null
    headers:
      Accept: [application/json]
      Accept-Encoding: ['gzip, deflate']
      Connection: [keep-alive]
      User-Agent: [python/3.7.0 (Windows-10-10.0.17763-SP0) msrest/0.6.4 msrest_azure/0.4.34
          azure-batch/6.0.1 Azure-SDK-For-Python]
      accept-language: [en-US]
      ocp-date: ['Mon, 04 Mar 2019 19:03:30 GMT']
    method: GET
    uri: https://batch814e11b1.westcentralus.batch.azure.com/pools/batch_network_814e11b1?api-version=2018-12-01.8.0
  response:
    body: {string: "{\r\n  \"odata.metadata\":\"https://batch814e11b1.westcentralus.batch.azure.com/$metadata#pools/@Element\",\"id\":\"batch_network_814e11b1\",\"url\":\"https://batch814e11b1.westcentralus.batch.azure.com/pools/batch_network_814e11b1\",\"eTag\":\"0x8D6A0D3E00D60D9\",\"lastModified\":\"2019-03-04T19:01:57.7020633Z\",\"creationTime\":\"2019-03-04T19:01:57.7020633Z\",\"state\":\"active\",\"stateTransitionTime\":\"2019-03-04T19:01:57.7020633Z\",\"allocationState\":\"steady\",\"allocationStateTransitionTime\":\"2019-03-04T19:03:25.3942558Z\",\"vmSize\":\"standard_a1\",\"resizeTimeout\":\"PT15M\",\"currentDedicatedNodes\":1,\"targetDedicatedNodes\":1,\"currentLowPriorityNodes\":0,\"targetLowPriorityNodes\":0,\"enableAutoScale\":false,\"enableInterNodeCommunication\":false,\"maxTasksPerNode\":1,\"taskSchedulingPolicy\":{\r\n
        \   \"nodeFillType\":\"Spread\"\r\n  },\"virtualMachineConfiguration\":{\r\n
        \   \"imageReference\":{\r\n      \"publisher\":\"Canonical\",\"offer\":\"UbuntuServer\",\"sku\":\"16.04-LTS\",\"version\":\"latest\"\r\n
        \   },\"nodeAgentSKUId\":\"batch.node.ubuntu 16.04\"\r\n  },\"networkConfiguration\":{\r\n
        \   \"endpointConfiguration\":{\r\n      \"inboundNATPools\":[\r\n        {\r\n
        \         \"name\":\"TestEndpointConfig\",\"protocol\":\"udp\",\"backendPort\":64444,\"frontendPortRangeStart\":60000,\"frontendPortRangeEnd\":61000,\"networkSecurityGroupRules\":[\r\n
        \           {\r\n              \"priority\":150,\"access\":\"allow\",\"sourceAddressPrefix\":\"*\"\r\n
        \           }\r\n          ]\r\n        }\r\n      ]\r\n    }\r\n  }\r\n}"}
    headers:
      content-type: [application/json;odata=minimalmetadata]
      dataserviceversion: ['3.0']
      date: ['Mon, 04 Mar 2019 19:03:30 GMT']
      etag: ['0x8D6A0D3E00D60D9']
      last-modified: ['Mon, 04 Mar 2019 19:01:57 GMT']
      request-id: [26878049-4eb7-40bf-a540-475ee91dc25b]
      server: [Microsoft-HTTPAPI/2.0]
      strict-transport-security: [max-age=31536000; includeSubDomains]
      transfer-encoding: [chunked]
      x-content-type-options: [nosniff]
    status: {code: 200, message: OK}
- request:
    body: null
    headers:
      Accept: [application/json]
      Accept-Encoding: ['gzip, deflate']
      Connection: [keep-alive]
      User-Agent: [python/3.7.0 (Windows-10-10.0.17763-SP0) msrest/0.6.4 msrest_azure/0.4.34
          azure-batch/6.0.1 Azure-SDK-For-Python]
      accept-language: [en-US]
      ocp-date: ['Mon, 04 Mar 2019 19:03:30 GMT']
    method: GET
    uri: https://batch814e11b1.westcentralus.batch.azure.com/pools/batch_network_814e11b1/nodes?api-version=2018-12-01.8.0
  response:
    body: {string: "{\r\n  \"odata.metadata\":\"https://batch814e11b1.westcentralus.batch.azure.com/$metadata#nodes\",\"value\":[\r\n
        \   {\r\n      \"id\":\"tvmps_0387cc455c178a18f1f036c5b2957b7c3054818b557dd76b733dfd4afb39d8ef_d\",\"url\":\"https://batch814e11b1.westcentralus.batch.azure.com/pools/batch_network_814e11b1/nodes/tvmps_0387cc455c178a18f1f036c5b2957b7c3054818b557dd76b733dfd4afb39d8ef_d\",\"state\":\"starting\",\"schedulingState\":\"enabled\",\"stateTransitionTime\":\"2019-03-04T19:03:25.3267566Z\",\"allocationTime\":\"2019-03-04T19:03:24.2023395Z\",\"ipAddress\":\"10.0.0.4\",\"affinityId\":\"TVM:tvmps_0387cc455c178a18f1f036c5b2957b7c3054818b557dd76b733dfd4afb39d8ef_d\",\"vmSize\":\"standard_a1\",\"totalTasksRun\":0,\"totalTasksSucceeded\":0,\"runningTasksCount\":0,\"isDedicated\":true,\"endpointConfiguration\":{\r\n
        \       \"inboundEndpoints\":[\r\n          {\r\n            \"name\":\"TestEndpointConfig.0\",\"protocol\":\"udp\",\"publicIPAddress\":\"13.78.143.128\",\"publicFQDN\":\"dns19b2ab87-8349-48e2-8243-079f0d7de011-azurebatch-cloudservice.westcentralus.cloudapp.azure.com\",\"frontendPort\":60000,\"backendPort\":64444\r\n
        \         },{\r\n            \"name\":\"SSHRule.0\",\"protocol\":\"tcp\",\"publicIPAddress\":\"13.78.143.128\",\"publicFQDN\":\"dns19b2ab87-8349-48e2-8243-079f0d7de011-azurebatch-cloudservice.westcentralus.cloudapp.azure.com\",\"frontendPort\":50000,\"backendPort\":22\r\n
        \         }\r\n        ]\r\n      }\r\n    }\r\n  ]\r\n}"}
    headers:
      content-type: [application/json;odata=minimalmetadata]
      dataserviceversion: ['3.0']
      date: ['Mon, 04 Mar 2019 19:03:30 GMT']
      request-id: [e57a78fe-2c79-4f82-a37b-0888396a8ad5]
      server: [Microsoft-HTTPAPI/2.0]
      strict-transport-security: [max-age=31536000; includeSubDomains]
      transfer-encoding: [chunked]
      x-content-type-options: [nosniff]
    status: {code: 200, message: OK}
version: 1
