{
  "Entries": [
    {
      "RequestUri": "https://login.microsoftonline.com/72f988bf-86f1-41af-91ab-2d7cd011db47/oauth2/v2.0/token",
      "RequestMethod": "POST",
      "RequestHeaders": {
        "Accept": "*/*",
        "Accept-Encoding": "gzip, deflate",
        "Content-Length": "182",
        "Content-Type": "application/x-www-form-urlencoded",
        "User-Agent": "azsdk-python-identity/1.12.0 Python/3.10.7 (Windows-10-10.0.22000-SP0)"
      },
      "RequestBody": "client_id=39d176c5-91b6-454b-854d-55813c17d92d\u0026client_secret=KCf8Q~J3H5tYIwsneXeV_aMSAwR5QTDM.1SsNcee\u0026grant_type=client_credentials\u0026scope=https%3A%2F%2Ffarmbeats.azure.net%2F.default",
      "StatusCode": 200,
      "ResponseHeaders": {
        "Cache-Control": "no-store, no-cache",
        "Content-Length": "92",
        "Content-Security-Policy-Report-Only": "script-src \u0027self\u0027 \u0027nonce-v1KuMFLjJKxxol5hNilSVw\u0027 \u0027unsafe-eval\u0027 \u0027unsafe-inline\u0027 \u0027report-sample\u0027; object-src \u0027none\u0027; base-uri \u0027self\u0027; report-uri https://csp.microsoft.com/report/ESTS-UX-All",
        "Content-Type": "application/json; charset=utf-8",
        "Date": "Wed, 22 Feb 2023 13:44:48 GMT",
        "Expires": "-1",
        "P3P": "CP=\u0022DSP CUR OTPi IND OTRi ONL FIN\u0022",
        "Pragma": "no-cache",
        "Set-Cookie": [
          "fpc=At5mL4m7BPdPrquR-YFQ2ocU3PbiBQAAAP4SiNsOAAAA; expires=Fri, 24-Mar-2023 13:44:48 GMT; path=/; secure; HttpOnly; SameSite=None",
          "x-ms-gateway-slice=estsfd; path=/; secure; samesite=none; httponly"
        ],
        "Strict-Transport-Security": "max-age=31536000; includeSubDomains",
        "X-Content-Type-Options": "nosniff",
        "x-ms-ests-server": "2.1.14711.5 - KRSLR1 ProdSlices",
        "X-XSS-Protection": "0"
      },
      "ResponseBody": {
        "token_type": "Bearer",
        "expires_in": 86399,
        "ext_expires_in": 86399,
        "access_token": "Sanitized"
      }
    },
    {
      "RequestUri": "https://fakeaccount.farmbeats.azure.net/parties/test-party-3957?api-version=2022-11-01-preview",
      "RequestMethod": "PATCH",
      "RequestHeaders": {
        "Accept": "application/json",
        "Accept-Encoding": "gzip, deflate",
        "Content-Length": "165",
        "Content-Type": "application/merge-patch\u002Bjson",
        "User-Agent": "azsdk-python-agrifood-farming/1.0.0b2 Python/3.10.7 (Windows-10-10.0.22000-SP0)"
      },
      "RequestBody": {
        "name": "Test Party",
        "description": "Party created during testing.",
        "status": "Sample Status",
        "properties": {
          "foo": "bar",
          "numeric one": 1,
          "1": "numeric key"
        }
      },
      "StatusCode": 201,
      "ResponseHeaders": {
        "api-supported-versions": "2022-11-01-preview",
        "Connection": "keep-alive",
        "Content-Encoding": "gzip",
        "Content-Security-Policy": "self",
        "Content-Type": "application/json; charset=utf-8",
        "Date": "Wed, 22 Feb 2023 13:44:48 GMT",
        "ETag": "0100edb1-0000-0600-0000-63f61c500000",
        "Location": "http://bb-prod-wcus-1.farmbeats.azure.net/parties/test-party-3957",
        "mise-correlation-id": "bb931c41-b449-4516-a3fc-235fa7a6855f",
        "Strict-Transport-Security": "max-age=15724800; includeSubDomains",
        "Transfer-Encoding": "chunked",
        "Vary": "Accept-Encoding",
        "X-Content-Type-Options": "nosniff",
        "X-Frame-Options": "SAMEORIGIN",
        "x-ms-throttle-information": "1000"
      },
      "ResponseBody": {
        "id": "test-party-3957",
        "eTag": "0100edb1-0000-0600-0000-63f61c500000",
        "status": "Sample Status",
        "createdDateTime": "2023-02-22T13:44:48Z",
        "modifiedDateTime": "2023-02-22T13:44:48Z",
        "name": "Test Party",
        "description": "Party created during testing.",
        "createdBy": "9002b50e-dc98-445e-a865-72dce38ecafd",
        "modifiedBy": "9002b50e-dc98-445e-a865-72dce38ecafd",
        "properties": {
          "foo": "bar",
          "numeric one": 1,
          "1": "numeric key"
        }
      }
    },
    {
      "RequestUri": "https://fakeaccount.farmbeats.azure.net/parties/test-party-3957?api-version=2022-11-01-preview",
      "RequestMethod": "DELETE",
      "RequestHeaders": {
        "Accept": "application/json",
        "Accept-Encoding": "gzip, deflate",
        "Content-Length": "0",
        "User-Agent": "azsdk-python-agrifood-farming/1.0.0b2 Python/3.10.7 (Windows-10-10.0.22000-SP0)"
      },
      "RequestBody": null,
      "StatusCode": 204,
      "ResponseHeaders": {
        "api-supported-versions": "2022-11-01-preview",
        "Connection": "keep-alive",
        "Content-Security-Policy": "self",
        "Date": "Wed, 22 Feb 2023 13:44:49 GMT",
        "mise-correlation-id": "6d957387-225e-4de7-8765-cfd168c2e01d",
        "Strict-Transport-Security": "max-age=15724800; includeSubDomains",
        "X-Content-Type-Options": "nosniff",
        "X-Frame-Options": "SAMEORIGIN",
        "x-ms-throttle-information": "100"
      },
      "ResponseBody": null
    }
  ],
  "Variables": {}
}
