{
  "Entries": [
    {
      "RequestUri": "https://login.microsoftonline.com/72f988bf-86f1-41af-91ab-2d7cd011db47/oauth2/v2.0/token",
      "RequestMethod": "POST",
      "RequestHeaders": {
        "Accept": "*/*",
        "Accept-Encoding": "gzip, deflate",
        "Content-Length": "182",
        "Content-Type": "application/x-www-form-urlencoded",
        "User-Agent": "azsdk-python-identity/1.12.0 Python/3.10.7 (Windows-10-10.0.22000-SP0)"
      },
      "RequestBody": "client_id=39d176c5-91b6-454b-854d-55813c17d92d\u0026client_secret=KCf8Q~J3H5tYIwsneXeV_aMSAwR5QTDM.1SsNcee\u0026grant_type=client_credentials\u0026scope=https%3A%2F%2Ffarmbeats.azure.net%2F.default",
      "StatusCode": 200,
      "ResponseHeaders": {
        "Cache-Control": "no-store, no-cache",
        "Content-Length": "92",
        "Content-Type": "application/json; charset=utf-8",
        "Date": "Wed, 22 Feb 2023 13:44:49 GMT",
        "Expires": "-1",
        "P3P": "CP=\u0022DSP CUR OTPi IND OTRi ONL FIN\u0022",
        "Pragma": "no-cache",
        "Set-Cookie": [
          "fpc=At5mL4m7BPdPrquR-YFQ2ocU3PbiBgAAAP4SiNsOAAAA; expires=Fri, 24-Mar-2023 13:44:49 GMT; path=/; secure; HttpOnly; SameSite=None",
          "x-ms-gateway-slice=estsfd; path=/; secure; samesite=none; httponly"
        ],
        "Strict-Transport-Security": "max-age=31536000; includeSubDomains",
        "X-Content-Type-Options": "nosniff",
        "x-ms-ests-server": "2.1.14649.20 - KRC ProdSlices",
        "X-XSS-Protection": "0"
      },
      "ResponseBody": {
        "token_type": "Bearer",
        "expires_in": 86399,
        "ext_expires_in": 86399,
        "access_token": "Sanitized"
      }
    },
    {
      "RequestUri": "https://fakeaccount.farmbeats.azure.net/parties/smoke-test-party?api-version=2022-11-01-preview",
      "RequestMethod": "PATCH",
      "RequestHeaders": {
        "Accept": "application/json",
        "Accept-Encoding": "gzip, deflate",
        "Content-Length": "165",
        "Content-Type": "application/merge-patch\u002Bjson",
        "User-Agent": "azsdk-python-agrifood-farming/1.0.0b2 Python/3.10.7 (Windows-10-10.0.22000-SP0)"
      },
      "RequestBody": {
        "name": "Test Party",
        "description": "Party created during testing.",
        "status": "Sample Status",
        "properties": {
          "foo": "bar",
          "numeric one": 1,
          "1": "numeric key"
        }
      },
      "StatusCode": 201,
      "ResponseHeaders": {
        "api-supported-versions": "2022-11-01-preview",
        "Connection": "keep-alive",
        "Content-Encoding": "gzip",
        "Content-Security-Policy": "self",
        "Content-Type": "application/json; charset=utf-8",
        "Date": "Wed, 22 Feb 2023 13:44:50 GMT",
        "ETag": "02004917-0000-0600-0000-63f61c520000",
        "Location": "http://bb-prod-wcus-1.farmbeats.azure.net/parties/smoke-test-party",
        "mise-correlation-id": "f024d8f1-3532-4207-872e-aa5027e5f5a9",
        "Strict-Transport-Security": "max-age=15724800; includeSubDomains",
        "Transfer-Encoding": "chunked",
        "Vary": "Accept-Encoding",
        "X-Content-Type-Options": "nosniff",
        "X-Frame-Options": "SAMEORIGIN",
        "x-ms-throttle-information": "1000"
      },
      "ResponseBody": {
        "id": "smoke-test-party",
        "eTag": "02004917-0000-0600-0000-63f61c520000",
        "status": "Sample Status",
        "createdDateTime": "2023-02-22T13:44:50Z",
        "modifiedDateTime": "2023-02-22T13:44:50Z",
        "name": "Test Party",
        "description": "Party created during testing.",
        "createdBy": "9002b50e-dc98-445e-a865-72dce38ecafd",
        "modifiedBy": "9002b50e-dc98-445e-a865-72dce38ecafd",
        "properties": {
          "foo": "bar",
          "numeric one": 1,
          "1": "numeric key"
        }
      }
    },
    {
      "RequestUri": "https://fakeaccount.farmbeats.azure.net/parties/smoke-test-party/boundaries/smoke-test-boundary?api-version=2022-11-01-preview",
      "RequestMethod": "PATCH",
      "RequestHeaders": {
        "Accept": "application/json",
        "Accept-Encoding": "gzip, deflate",
        "Content-Length": "408",
        "Content-Type": "application/merge-patch\u002Bjson",
        "User-Agent": "azsdk-python-agrifood-farming/1.0.0b2 Python/3.10.7 (Windows-10-10.0.22000-SP0)"
      },
      "RequestBody": {
        "geometry": {
          "type": "Polygon",
          "coordinates": [
            [
              [
                73.70457172393799,
                20.545385304358106
              ],
              [
                73.70457172393799,
                20.545385304358106
              ],
              [
                73.70448589324951,
                20.542411534243367
              ],
              [
                73.70877742767334,
                20.541688176010233
              ],
              [
                73.71023654937744,
                20.545083911372505
              ],
              [
                73.70663166046143,
                20.546992723579137
              ],
              [
                73.70457172393799,
                20.545385304358106
              ]
            ]
          ]
        },
        "status": "\u003Cstring\u003E",
        "name": "\u003Cstring\u003E",
        "description": "\u003Cstring\u003E"
      },
      "StatusCode": 201,
      "ResponseHeaders": {
        "api-supported-versions": "2021-07-31-preview, 2022-11-01-preview",
        "Connection": "keep-alive",
        "Content-Encoding": "gzip",
        "Content-Security-Policy": "self",
        "Content-Type": "application/json; charset=utf-8",
        "Date": "Wed, 22 Feb 2023 13:44:50 GMT",
        "ETag": "02004a17-0000-0600-0000-63f61c520000",
        "Location": "http://bb-prod-wcus-1.farmbeats.azure.net/parties/smoke-test-party/boundaries/smoke-test-boundary",
        "mise-correlation-id": "ea8704ff-44b3-4c8f-843d-d73a367a6734",
        "Strict-Transport-Security": "max-age=15724800; includeSubDomains",
        "Transfer-Encoding": "chunked",
        "Vary": "Accept-Encoding",
        "X-Content-Type-Options": "nosniff",
        "X-Frame-Options": "SAMEORIGIN",
        "x-ms-throttle-information": "1000"
      },
      "ResponseBody": {
        "geometry": {
          "type": "Polygon",
          "coordinates": [
            [
              [
                73.70457172393799,
                20.545385304358106
              ],
              [
                73.70457172393799,
                20.545385304358106
              ],
              [
                73.70448589324951,
                20.542411534243367
              ],
              [
                73.70877742767334,
                20.541688176010233
              ],
              [
                73.71023654937744,
                20.545083911372505
              ],
              [
                73.70663166046143,
                20.546992723579137
              ],
              [
                73.70457172393799,
                20.545385304358106
              ]
            ]
          ]
        },
        "crs": "WGS84",
        "centroid": {
          "type": "Point",
          "coordinates": [
            73.70711478791443,
            20.54418916247634
          ]
        },
        "bbox": {
          "type": "Polygon",
          "coordinates": [
            [
              [
                73.70448589324951,
                20.541688176010233
              ],
              [
                73.70448589324951,
                20.546992723579137
              ],
              [
                73.71023654937744,
                20.546992723579137
              ],
              [
                73.71023654937744,
                20.541688176010233
              ]
            ]
          ]
        },
        "partyId": "smoke-test-party",
        "area": {
          "unit": "Acre",
          "value": 60.405
        },
        "id": "smoke-test-boundary",
        "eTag": "02004a17-0000-0600-0000-63f61c520000",
        "status": "\u003Cstring\u003E",
        "createdDateTime": "2023-02-22T13:44:50Z",
        "modifiedDateTime": "2023-02-22T13:44:50Z",
        "name": "\u003Cstring\u003E",
        "description": "\u003Cstring\u003E",
        "createdBy": "9002b50e-dc98-445e-a865-72dce38ecafd",
        "modifiedBy": "9002b50e-dc98-445e-a865-72dce38ecafd"
      }
    },
    {
      "RequestUri": "https://fakeaccount.farmbeats.azure.net/parties/smoke-test-party/boundaries/smoke-test-boundary?api-version=2022-11-01-preview",
      "RequestMethod": "GET",
      "RequestHeaders": {
        "Accept": "application/json",
        "Accept-Encoding": "gzip, deflate",
        "User-Agent": "azsdk-python-agrifood-farming/1.0.0b2 Python/3.10.7 (Windows-10-10.0.22000-SP0)"
      },
      "RequestBody": null,
      "StatusCode": 200,
      "ResponseHeaders": {
        "api-supported-versions": "2021-07-31-preview, 2022-11-01-preview",
        "Connection": "keep-alive",
        "Content-Encoding": "gzip",
        "Content-Security-Policy": "self",
        "Content-Type": "application/json; charset=utf-8",
        "Date": "Wed, 22 Feb 2023 13:44:50 GMT",
        "ETag": "02004a17-0000-0600-0000-63f61c520000",
        "mise-correlation-id": "11246886-f938-43c2-908a-4d717317b8ed",
        "Strict-Transport-Security": "max-age=15724800; includeSubDomains",
        "Transfer-Encoding": "chunked",
        "Vary": "Accept-Encoding",
        "X-Content-Type-Options": "nosniff",
        "X-Frame-Options": "SAMEORIGIN",
        "x-ms-throttle-information": "100"
      },
      "ResponseBody": {
        "geometry": {
          "type": "Polygon",
          "coordinates": [
            [
              [
                73.70457172393799,
                20.545385304358106
              ],
              [
                73.70457172393799,
                20.545385304358106
              ],
              [
                73.70448589324951,
                20.542411534243367
              ],
              [
                73.70877742767334,
                20.541688176010233
              ],
              [
                73.71023654937744,
                20.545083911372505
              ],
              [
                73.70663166046143,
                20.546992723579137
              ],
              [
                73.70457172393799,
                20.545385304358106
              ]
            ]
          ]
        },
        "crs": "WGS84",
        "centroid": {
          "type": "Point",
          "coordinates": [
            73.70711478791443,
            20.54418916247634
          ]
        },
        "bbox": {
          "type": "Polygon",
          "coordinates": [
            [
              [
                73.70448589324951,
                20.541688176010233
              ],
              [
                73.70448589324951,
                20.546992723579137
              ],
              [
                73.71023654937744,
                20.546992723579137
              ],
              [
                73.71023654937744,
                20.541688176010233
              ]
            ]
          ]
        },
        "partyId": "smoke-test-party",
        "area": {
          "unit": "Acre",
          "value": 60.405
        },
        "id": "smoke-test-boundary",
        "eTag": "02004a17-0000-0600-0000-63f61c520000",
        "status": "\u003Cstring\u003E",
        "createdDateTime": "2023-02-22T13:44:50Z",
        "modifiedDateTime": "2023-02-22T13:44:50Z",
        "name": "\u003Cstring\u003E",
        "description": "\u003Cstring\u003E",
        "createdBy": "9002b50e-dc98-445e-a865-72dce38ecafd",
        "modifiedBy": "9002b50e-dc98-445e-a865-72dce38ecafd"
      }
    },
    {
      "RequestUri": "https://fakeaccount.farmbeats.azure.net/parties/smoke-test-party/boundaries/smoke-test-boundary?api-version=2022-11-01-preview",
      "RequestMethod": "DELETE",
      "RequestHeaders": {
        "Accept": "application/json",
        "Accept-Encoding": "gzip, deflate",
        "Content-Length": "0",
        "User-Agent": "azsdk-python-agrifood-farming/1.0.0b2 Python/3.10.7 (Windows-10-10.0.22000-SP0)"
      },
      "RequestBody": null,
      "StatusCode": 204,
      "ResponseHeaders": {
        "api-supported-versions": "2021-07-31-preview, 2022-11-01-preview",
        "Connection": "keep-alive",
        "Content-Security-Policy": "self",
        "Date": "Wed, 22 Feb 2023 13:44:51 GMT",
        "mise-correlation-id": "cdee2641-e98e-4cfa-beb9-da16217a4182",
        "Strict-Transport-Security": "max-age=15724800; includeSubDomains",
        "X-Content-Type-Options": "nosniff",
        "X-Frame-Options": "SAMEORIGIN",
        "x-ms-throttle-information": "100"
      },
      "ResponseBody": null
    },
    {
      "RequestUri": "https://fakeaccount.farmbeats.azure.net/parties/smoke-test-party?api-version=2022-11-01-preview",
      "RequestMethod": "DELETE",
      "RequestHeaders": {
        "Accept": "application/json",
        "Accept-Encoding": "gzip, deflate",
        "Content-Length": "0",
        "User-Agent": "azsdk-python-agrifood-farming/1.0.0b2 Python/3.10.7 (Windows-10-10.0.22000-SP0)"
      },
      "RequestBody": null,
      "StatusCode": 204,
      "ResponseHeaders": {
        "api-supported-versions": "2022-11-01-preview",
        "Connection": "keep-alive",
        "Content-Security-Policy": "self",
        "Date": "Wed, 22 Feb 2023 13:44:51 GMT",
        "mise-correlation-id": "73eb9abc-63e0-463f-aab9-4dfdadf9e8f9",
        "Strict-Transport-Security": "max-age=15724800; includeSubDomains",
        "X-Content-Type-Options": "nosniff",
        "X-Frame-Options": "SAMEORIGIN",
        "x-ms-throttle-information": "100"
      },
      "ResponseBody": null
    }
  ],
  "Variables": {}
}
