{
  "Entries": [
    {
      "RequestUri": "https://management.azure.com/subscriptions/00000000-0000-0000-0000-000000000/resourceGroups/00000/providers/Microsoft.MachineLearningServices/workspaces/00000/datastores/workspaceblobstore?api-version=2022-05-01",
      "RequestMethod": "GET",
      "RequestHeaders": {
        "Accept": "application/json",
        "Accept-Encoding": "gzip, deflate",
        "Connection": "keep-alive",
        "User-Agent": "azure-ai-ml/1.3.0 azsdk-python-mgmt-machinelearningservices/0.1.0 Python/3.9.13 (Windows-10-10.0.19045-SP0)"
      },
      "RequestBody": null,
      "StatusCode": 200,
      "ResponseHeaders": {
        "Cache-Control": "no-cache",
        "Content-Encoding": "gzip",
        "Content-Type": "application/json; charset=utf-8",
        "Date": "Mon, 26 Dec 2022 04:34:47 GMT",
        "Expires": "-1",
        "Pragma": "no-cache",
        "Request-Context": "appId=cid-v1:512cc15a-13b5-415b-bfd0-dce7accb6bb1",
        "Server-Timing": "traceparent;desc=\u002200-c01362cf07eb028d01a6e7d524f0f97c-514bd04a5c881921-00\u0022",
        "Strict-Transport-Security": "max-age=31536000; includeSubDomains",
        "Transfer-Encoding": "chunked",
        "Vary": [
          "Accept-Encoding",
          "Accept-Encoding"
        ],
        "x-aml-cluster": "vienna-test-westus2-01",
        "X-Content-Type-Options": "nosniff",
        "x-ms-correlation-request-id": "5748228a-44f0-4668-9725-50972b44c0b2",
        "x-ms-ratelimit-remaining-subscription-reads": "11782",
        "x-ms-response-type": "standard",
        "x-ms-routing-request-id": "JAPANEAST:20221226T043448Z:5748228a-44f0-4668-9725-50972b44c0b2",
        "x-request-time": "0.090"
      },
      "ResponseBody": {
        "id": "/subscriptions/00000000-0000-0000-0000-000000000/resourceGroups/00000/providers/Microsoft.MachineLearningServices/workspaces/00000/datastores/workspaceblobstore",
        "name": "workspaceblobstore",
        "type": "Microsoft.MachineLearningServices/workspaces/datastores",
        "properties": {
          "description": null,
          "tags": null,
          "properties": null,
          "isDefault": true,
          "credentials": {
            "credentialsType": "AccountKey"
          },
          "datastoreType": "AzureBlob",
          "accountName": "sagvgsoim6nmhbq",
          "containerName": "azureml-blobstore-e61cd5e2-512f-475e-9842-5e2a973993b8",
          "endpoint": "core.windows.net",
          "protocol": "https",
          "serviceDataAccessAuthIdentity": "WorkspaceSystemAssignedIdentity"
        },
        "systemData": {
          "createdAt": "2022-09-22T09:02:03.2629568\u002B00:00",
          "createdBy": "779301c0-18b2-4cdc-801b-a0a3368fee0a",
          "createdByType": "Application",
          "lastModifiedAt": "2022-09-22T09:02:04.166989\u002B00:00",
          "lastModifiedBy": "779301c0-18b2-4cdc-801b-a0a3368fee0a",
          "lastModifiedByType": "Application"
        }
      }
    },
    {
      "RequestUri": "https://management.azure.com/subscriptions/00000000-0000-0000-0000-000000000/resourceGroups/00000/providers/Microsoft.MachineLearningServices/workspaces/00000/datastores/workspaceblobstore/listSecrets?api-version=2022-05-01",
      "RequestMethod": "POST",
      "RequestHeaders": {
        "Accept": "application/json",
        "Accept-Encoding": "gzip, deflate",
        "Connection": "keep-alive",
        "Content-Length": "0",
        "User-Agent": "azure-ai-ml/1.3.0 azsdk-python-mgmt-machinelearningservices/0.1.0 Python/3.9.13 (Windows-10-10.0.19045-SP0)"
      },
      "RequestBody": null,
      "StatusCode": 200,
      "ResponseHeaders": {
        "Cache-Control": "no-cache",
        "Content-Encoding": "gzip",
        "Content-Type": "application/json; charset=utf-8",
        "Date": "Mon, 26 Dec 2022 04:34:48 GMT",
        "Expires": "-1",
        "Pragma": "no-cache",
        "Request-Context": "appId=cid-v1:512cc15a-13b5-415b-bfd0-dce7accb6bb1",
        "Server-Timing": "traceparent;desc=\u002200-992e3c42694145d6b26a66a7165aa3e7-7789509010d97391-00\u0022",
        "Strict-Transport-Security": "max-age=31536000; includeSubDomains",
        "Transfer-Encoding": "chunked",
        "Vary": "Accept-Encoding",
        "x-aml-cluster": "vienna-test-westus2-01",
        "X-Content-Type-Options": "nosniff",
        "x-ms-correlation-request-id": "b65a27e0-a1eb-426e-8d22-8196ee9462fb",
        "x-ms-ratelimit-remaining-subscription-writes": "1077",
        "x-ms-response-type": "standard",
        "x-ms-routing-request-id": "JAPANEAST:20221226T043448Z:b65a27e0-a1eb-426e-8d22-8196ee9462fb",
        "x-request-time": "0.133"
      },
      "ResponseBody": {
        "secretsType": "AccountKey",
        "key": "dGhpcyBpcyBmYWtlIGtleQ=="
      }
    },
    {
      "RequestUri": "https://sagvgsoim6nmhbq.blob.core.windows.net/azureml-blobstore-e61cd5e2-512f-475e-9842-5e2a973993b8/LocalUpload/000000000000000000000000000000000000/data-transfer-component/component_spec.yaml",
      "RequestMethod": "HEAD",
      "RequestHeaders": {
        "Accept": "application/xml",
        "Accept-Encoding": "gzip, deflate",
        "Connection": "keep-alive",
        "User-Agent": "azsdk-python-storage-blob/12.14.1 Python/3.9.13 (Windows-10-10.0.19045-SP0)",
        "x-ms-date": "Mon, 26 Dec 2022 04:34:49 GMT",
        "x-ms-version": "2021-08-06"
      },
      "RequestBody": null,
      "StatusCode": 200,
      "ResponseHeaders": {
        "Accept-Ranges": "bytes",
        "Content-Length": "519",
        "Content-MD5": "l52LSj1ENbMHPQwagyzJEA==",
        "Content-Type": "application/octet-stream",
        "Date": "Mon, 26 Dec 2022 04:34:49 GMT",
        "ETag": "\u00220x8DAB5ADE15136F5\u0022",
        "Last-Modified": "Mon, 24 Oct 2022 10:52:44 GMT",
        "Server": [
          "Windows-Azure-Blob/1.0",
          "Microsoft-HTTPAPI/2.0"
        ],
        "Vary": "Origin",
        "x-ms-access-tier": "Hot",
        "x-ms-access-tier-inferred": "true",
        "x-ms-blob-type": "BlockBlob",
        "x-ms-creation-time": "Mon, 24 Oct 2022 10:52:43 GMT",
        "x-ms-lease-state": "available",
        "x-ms-lease-status": "unlocked",
        "x-ms-meta-name": "328cf68e-c819-56da-ff0f-b07237ae6f3d",
        "x-ms-meta-upload_status": "completed",
        "x-ms-meta-version": "1",
        "x-ms-server-encrypted": "true",
        "x-ms-version": "2021-08-06"
      },
      "ResponseBody": null
    },
    {
      "RequestUri": "https://sagvgsoim6nmhbq.blob.core.windows.net/azureml-blobstore-e61cd5e2-512f-475e-9842-5e2a973993b8/az-ml-artifacts/000000000000000000000000000000000000/data-transfer-component/component_spec.yaml",
      "RequestMethod": "HEAD",
      "RequestHeaders": {
        "Accept": "application/xml",
        "Accept-Encoding": "gzip, deflate",
        "Connection": "keep-alive",
        "User-Agent": "azsdk-python-storage-blob/12.14.1 Python/3.9.13 (Windows-10-10.0.19045-SP0)",
        "x-ms-date": "Mon, 26 Dec 2022 04:34:49 GMT",
        "x-ms-version": "2021-08-06"
      },
      "RequestBody": null,
      "StatusCode": 404,
      "ResponseHeaders": {
        "Date": "Mon, 26 Dec 2022 04:34:49 GMT",
        "Server": [
          "Windows-Azure-Blob/1.0",
          "Microsoft-HTTPAPI/2.0"
        ],
        "Transfer-Encoding": "chunked",
        "Vary": "Origin",
        "x-ms-error-code": "BlobNotFound",
        "x-ms-version": "2021-08-06"
      },
      "ResponseBody": null
    },
    {
      "RequestUri": "https://management.azure.com/subscriptions/00000000-0000-0000-0000-000000000/resourceGroups/00000/providers/Microsoft.MachineLearningServices/workspaces/00000/codes/328cf68e-c819-56da-ff0f-b07237ae6f3d/versions/1?api-version=2022-05-01",
      "RequestMethod": "PUT",
      "RequestHeaders": {
        "Accept": "application/json",
        "Accept-Encoding": "gzip, deflate",
        "Connection": "keep-alive",
        "Content-Length": "316",
        "Content-Type": "application/json",
        "User-Agent": "azure-ai-ml/1.3.0 azsdk-python-mgmt-machinelearningservices/0.1.0 Python/3.9.13 (Windows-10-10.0.19045-SP0)"
      },
      "RequestBody": {
        "properties": {
          "properties": {
            "hash_sha256": "0000000000000",
            "hash_version": "0000000000000"
          },
          "isAnonymous": true,
          "isArchived": false,
          "codeUri": "https://sagvgsoim6nmhbq.blob.core.windows.net/azureml-blobstore-e61cd5e2-512f-475e-9842-5e2a973993b8/LocalUpload/000000000000000000000000000000000000/data-transfer-component"
        }
      },
      "StatusCode": 200,
      "ResponseHeaders": {
        "Cache-Control": "no-cache",
        "Content-Encoding": "gzip",
        "Content-Type": "application/json; charset=utf-8",
        "Date": "Mon, 26 Dec 2022 04:34:49 GMT",
        "Expires": "-1",
        "Pragma": "no-cache",
        "Request-Context": "appId=cid-v1:512cc15a-13b5-415b-bfd0-dce7accb6bb1",
        "Server-Timing": "traceparent;desc=\u002200-7af203c8816df9fc08bb3fced59feeb2-d5fe0529963f5148-00\u0022",
        "Strict-Transport-Security": "max-age=31536000; includeSubDomains",
        "Transfer-Encoding": "chunked",
        "Vary": [
          "Accept-Encoding",
          "Accept-Encoding"
        ],
        "x-aml-cluster": "vienna-test-westus2-01",
        "X-Content-Type-Options": "nosniff",
        "x-ms-correlation-request-id": "f50359fe-3b1a-47d5-8b28-d5719eccb5a7",
        "x-ms-ratelimit-remaining-subscription-writes": "1030",
        "x-ms-response-type": "standard",
        "x-ms-routing-request-id": "JAPANEAST:20221226T043450Z:f50359fe-3b1a-47d5-8b28-d5719eccb5a7",
        "x-request-time": "0.282"
      },
      "ResponseBody": {
        "id": "/subscriptions/00000000-0000-0000-0000-000000000/resourceGroups/00000/providers/Microsoft.MachineLearningServices/workspaces/00000/codes/328cf68e-c819-56da-ff0f-b07237ae6f3d/versions/1",
        "name": "1",
        "type": "Microsoft.MachineLearningServices/workspaces/codes/versions",
        "properties": {
          "description": null,
          "tags": {},
          "properties": {
            "hash_sha256": "0000000000000",
            "hash_version": "0000000000000"
          },
          "isArchived": false,
          "isAnonymous": false,
          "codeUri": "https://sagvgsoim6nmhbq.blob.core.windows.net/azureml-blobstore-e61cd5e2-512f-475e-9842-5e2a973993b8/LocalUpload/000000000000000000000000000000000000/data-transfer-component"
        },
        "systemData": {
          "createdAt": "2022-10-24T10:52:44.6758057\u002B00:00",
          "createdBy": "Xingzhi Zhang",
          "createdByType": "User",
          "lastModifiedAt": "2022-12-26T04:34:49.9704723\u002B00:00",
          "lastModifiedBy": "Xingzhi Zhang",
          "lastModifiedByType": "User"
        }
      }
    },
    {
      "RequestUri": "https://management.azure.com/subscriptions/00000000-0000-0000-0000-000000000/resourceGroups/00000/providers/Microsoft.MachineLearningServices/workspaces/00000/components/test_738248082286/versions/0.0.1?api-version=2022-05-01",
      "RequestMethod": "PUT",
      "RequestHeaders": {
        "Accept": "application/json",
        "Accept-Encoding": "gzip, deflate",
        "Connection": "keep-alive",
        "Content-Length": "1075",
        "Content-Type": "application/json",
        "User-Agent": "azure-ai-ml/1.3.0 azsdk-python-mgmt-machinelearningservices/0.1.0 Python/3.9.13 (Windows-10-10.0.19045-SP0)"
      },
      "RequestBody": {
        "properties": {
          "description": "transfer data between common storage types such as Azure Blob Storage and Azure Data Lake.",
          "properties": {},
          "tags": {
            "category": "Component Tutorial",
            "contact": "amldesigner@microsoft.com"
          },
          "isAnonymous": false,
          "isArchived": false,
          "componentSpec": {
            "name": "test_738248082286",
            "description": "transfer data between common storage types such as Azure Blob Storage and Azure Data Lake.",
            "tags": {
              "category": "Component Tutorial",
              "contact": "amldesigner@microsoft.com"
            },
            "version": "0.0.1",
            "$schema": "https://componentsdk.azureedge.net/jsonschema/DataTransferComponent.json",
            "display_name": "Data Transfer",
            "is_deterministic": true,
            "inputs": {
              "source_data": {
                "type": "path",
                "description": "Source data"
              }
            },
            "outputs": {
              "destination_data": {
                "type": "path",
                "description": "Destination data"
              }
            },
            "type": "DataTransferComponent",
            "code": "azureml:/subscriptions/00000000-0000-0000-0000-000000000/resourceGroups/00000/providers/Microsoft.MachineLearningServices/workspaces/00000/codes/328cf68e-c819-56da-ff0f-b07237ae6f3d/versions/1"
          }
        }
      },
      "StatusCode": 201,
      "ResponseHeaders": {
        "Cache-Control": "no-cache",
        "Content-Length": "1879",
        "Content-Type": "application/json; charset=utf-8",
        "Date": "Mon, 26 Dec 2022 04:34:51 GMT",
        "Expires": "-1",
        "Location": "https://management.azure.com/subscriptions/00000000-0000-0000-0000-000000000/resourceGroups/00000/providers/Microsoft.MachineLearningServices/workspaces/00000/components/test_738248082286/versions/0.0.1?api-version=2022-05-01",
        "Pragma": "no-cache",
        "Request-Context": "appId=cid-v1:512cc15a-13b5-415b-bfd0-dce7accb6bb1",
        "Server-Timing": "traceparent;desc=\u002200-dd0713ec50353a6b19935c0947db92c6-d6fa71c099b40393-00\u0022",
        "Strict-Transport-Security": "max-age=31536000; includeSubDomains",
        "x-aml-cluster": "vienna-test-westus2-01",
        "X-Content-Type-Options": "nosniff",
        "x-ms-correlation-request-id": "8206d89f-ac41-4c70-88a8-8877af59eb5e",
        "x-ms-ratelimit-remaining-subscription-writes": "1029",
        "x-ms-response-type": "standard",
        "x-ms-routing-request-id": "JAPANEAST:20221226T043452Z:8206d89f-ac41-4c70-88a8-8877af59eb5e",
        "x-request-time": "1.559"
      },
      "ResponseBody": {
        "id": "/subscriptions/00000000-0000-0000-0000-000000000/resourceGroups/00000/providers/Microsoft.MachineLearningServices/workspaces/00000/components/test_738248082286/versions/0.0.1",
        "name": "0.0.1",
        "type": "Microsoft.MachineLearningServices/workspaces/components/versions",
        "properties": {
          "description": null,
          "tags": {
            "category": "Component Tutorial",
            "contact": "amldesigner@microsoft.com"
          },
          "properties": {},
          "isArchived": false,
          "isAnonymous": false,
          "componentSpec": {
            "$schema": "https://componentsdk.azureedge.net/jsonschema/DataTransferComponent.json",
            "name": "test_738248082286",
            "version": "0.0.1",
            "display_name": "Data Transfer",
            "is_deterministic": "True",
            "type": "DataTransferComponent",
            "description": "transfer data between common storage types such as Azure Blob Storage and Azure Data Lake.",
            "tags": {
              "category": "Component Tutorial",
              "contact": "amldesigner@microsoft.com"
            },
            "inputs": {
              "source_data": {
                "type": "path",
                "optional": "False",
                "description": "Source data"
              }
            },
            "outputs": {
              "destination_data": {
                "type": "path",
                "description": "Destination data"
              }
            },
            "datatransfer": {
              "allow_overwrite": "True"
            },
            "code": "azureml:/subscriptions/00000000-0000-0000-0000-000000000/resourceGroups/00000/providers/Microsoft.MachineLearningServices/workspaces/00000/codes/328cf68e-c819-56da-ff0f-b07237ae6f3d/versions/1"
          }
        },
        "systemData": {
          "createdAt": "2022-12-26T04:34:51.1547928\u002B00:00",
          "createdBy": "Xingzhi Zhang",
          "createdByType": "User",
          "lastModifiedAt": "2022-12-26T04:34:51.7159563\u002B00:00",
          "lastModifiedBy": "Xingzhi Zhang",
          "lastModifiedByType": "User"
        }
      }
    },
    {
      "RequestUri": "https://management.azure.com/subscriptions/00000000-0000-0000-0000-000000000/resourceGroups/00000/providers/Microsoft.MachineLearningServices/workspaces/00000/components/test_738248082286/versions/0.0.1?api-version=2022-05-01",
      "RequestMethod": "GET",
      "RequestHeaders": {
        "Accept": "application/json",
        "Accept-Encoding": "gzip, deflate",
        "Connection": "keep-alive",
        "User-Agent": "azure-ai-ml/1.3.0 azsdk-python-mgmt-machinelearningservices/0.1.0 Python/3.9.13 (Windows-10-10.0.19045-SP0)"
      },
      "RequestBody": null,
      "StatusCode": 200,
      "ResponseHeaders": {
        "Cache-Control": "no-cache",
        "Content-Encoding": "gzip",
        "Content-Type": "application/json; charset=utf-8",
        "Date": "Mon, 26 Dec 2022 04:34:52 GMT",
        "Expires": "-1",
        "Pragma": "no-cache",
        "Request-Context": "appId=cid-v1:512cc15a-13b5-415b-bfd0-dce7accb6bb1",
        "Server-Timing": "traceparent;desc=\u002200-61758b85575e84ef48da691dc97fd270-99f70324bbf687e4-00\u0022",
        "Strict-Transport-Security": "max-age=31536000; includeSubDomains",
        "Transfer-Encoding": "chunked",
        "Vary": [
          "Accept-Encoding",
          "Accept-Encoding"
        ],
        "x-aml-cluster": "vienna-test-westus2-01",
        "X-Content-Type-Options": "nosniff",
        "x-ms-correlation-request-id": "f5988431-0221-4389-919d-b6e680ca1766",
        "x-ms-ratelimit-remaining-subscription-reads": "11781",
        "x-ms-response-type": "standard",
        "x-ms-routing-request-id": "JAPANEAST:20221226T043452Z:f5988431-0221-4389-919d-b6e680ca1766",
        "x-request-time": "0.261"
      },
      "ResponseBody": {
        "id": "/subscriptions/00000000-0000-0000-0000-000000000/resourceGroups/00000/providers/Microsoft.MachineLearningServices/workspaces/00000/components/test_738248082286/versions/0.0.1",
        "name": "0.0.1",
        "type": "Microsoft.MachineLearningServices/workspaces/components/versions",
        "properties": {
          "description": null,
          "tags": {
            "category": "Component Tutorial",
            "contact": "amldesigner@microsoft.com"
          },
          "properties": {},
          "isArchived": false,
          "isAnonymous": false,
          "componentSpec": {
            "$schema": "https://componentsdk.azureedge.net/jsonschema/DataTransferComponent.json",
            "name": "test_738248082286",
            "version": "0.0.1",
            "display_name": "Data Transfer",
            "is_deterministic": "True",
            "type": "DataTransferComponent",
            "description": "transfer data between common storage types such as Azure Blob Storage and Azure Data Lake.",
            "tags": {
              "category": "Component Tutorial",
              "contact": "amldesigner@microsoft.com"
            },
            "inputs": {
              "source_data": {
                "type": "path",
                "optional": "False",
                "description": "Source data"
              }
            },
            "outputs": {
              "destination_data": {
                "type": "path",
                "description": "Destination data"
              }
            },
            "datatransfer": {
              "allow_overwrite": "True"
            },
            "code": "azureml:/subscriptions/00000000-0000-0000-0000-000000000/resourceGroups/00000/providers/Microsoft.MachineLearningServices/workspaces/00000/codes/328cf68e-c819-56da-ff0f-b07237ae6f3d/versions/1"
          }
        },
        "systemData": {
          "createdAt": "2022-12-26T04:34:51.1547928\u002B00:00",
          "createdBy": "Xingzhi Zhang",
          "createdByType": "User",
          "lastModifiedAt": "2022-12-26T04:34:51.7159563\u002B00:00",
          "lastModifiedBy": "Xingzhi Zhang",
          "lastModifiedByType": "User"
        }
      }
    }
  ],
  "Variables": {
    "component_name": "test_738248082286"
  }
}
