interactions:
- request:
    body: '{"location": "eastus"}'
    headers:
      Accept:
      - application/json
      Accept-Encoding:
      - gzip, deflate
      Connection:
      - keep-alive
      Content-Length:
      - '22'
      Content-Type:
      - application/json
      User-Agent:
      - azsdk-python-mgmt-notificationhubs/7.0.0 Python/3.6.9 (Linux-4.9.184-linuxkit-x86_64-with-Ubuntu-18.04-bionic)
    method: PUT
    uri: https://management.azure.com/subscriptions/00000000-0000-0000-0000-000000000000/resourceGroups/test_mgmt_notificationhubs_test_namespaces77d6115a/providers/Microsoft.NotificationHubs/namespaces/namespacexxx?api-version=2017-04-01
  response:
    body:
      string: '{"id":"/subscriptions/00000000-0000-0000-0000-000000000000/resourceGroups/test_mgmt_notificationhubs_test_namespaces77d6115a/providers/Microsoft.NotificationHubs/namespaces/namespacexxx","name":"namespacexxx","type":"Microsoft.NotificationHubs/namespaces","location":"East
        US","kind":"NotificationHub","tags":{},"properties":{"provisioningState":"Unknown","enabled":false,"namespaceType":"NotificationHub"}}'
    headers:
      cache-control:
      - no-cache
      content-length:
      - '407'
      content-type:
      - application/json; charset=utf-8
      date:
      - Tue, 22 Dec 2020 06:06:39 GMT
      expires:
      - '-1'
      pragma:
      - no-cache
      server:
      - Service-Bus-Resource-Provider/CH3
      - Microsoft-HTTPAPI/2.0
      server-sb:
      - Service-Bus-Resource-Provider/CH3
      strict-transport-security:
      - max-age=31536000; includeSubDomains
      transfer-encoding:
      - chunked
      vary:
      - Accept-Encoding
      x-content-type-options:
      - nosniff
      x-ms-ratelimit-remaining-subscription-writes:
      - '1199'
    status:
      code: 200
      message: OK
- request:
    body: null
    headers:
      Accept:
      - application/json
      Accept-Encoding:
      - gzip, deflate
      Connection:
      - keep-alive
      User-Agent:
      - azsdk-python-mgmt-notificationhubs/7.0.0 Python/3.6.9 (Linux-4.9.184-linuxkit-x86_64-with-Ubuntu-18.04-bionic)
    method: GET
    uri: https://management.azure.com/subscriptions/00000000-0000-0000-0000-000000000000/resourceGroups/test_mgmt_notificationhubs_test_namespaces77d6115a/providers/Microsoft.NotificationHubs/namespaces/namespacexxx?api-version=2017-04-01
  response:
    body:
      string: '{"id":"/subscriptions/00000000-0000-0000-0000-000000000000/resourceGroups/test_mgmt_notificationhubs_test_namespaces77d6115a/providers/Microsoft.NotificationHubs/namespaces/namespacexxx","name":"namespacexxx","type":"Microsoft.NotificationHubs/namespaces","location":"East
        US","kind":"NotificationHub","sku":{"name":"Free"},"tags":{},"properties":{"provisioningState":"Activating","status":"Created","createdAt":"2020-12-22T06:06:37.387Z","serviceBusEndpoint":"https://namespacexxx.servicebus.windows.net:443/","enabled":true,"critical":false,"updatedAt":"2020-12-22T06:06:37.387Z","namespaceType":"NotificationHub"}}'
    headers:
      cache-control:
      - no-cache
      content-length:
      - '617'
      content-type:
      - application/json; charset=utf-8
      date:
      - Tue, 22 Dec 2020 06:06:39 GMT
      expires:
      - '-1'
      pragma:
      - no-cache
      server:
      - Service-Bus-Resource-Provider/CH3
      - Microsoft-HTTPAPI/2.0
      server-sb:
      - Service-Bus-Resource-Provider/CH3
      strict-transport-security:
      - max-age=31536000; includeSubDomains
      transfer-encoding:
      - chunked
      vary:
      - Accept-Encoding
      x-content-type-options:
      - nosniff
    status:
      code: 200
      message: OK
- request:
    body: null
    headers:
      Accept:
      - application/json
      Accept-Encoding:
      - gzip, deflate
      Connection:
      - keep-alive
      User-Agent:
      - azsdk-python-mgmt-notificationhubs/7.0.0 Python/3.6.9 (Linux-4.9.184-linuxkit-x86_64-with-Ubuntu-18.04-bionic)
    method: GET
    uri: https://management.azure.com/subscriptions/00000000-0000-0000-0000-000000000000/resourceGroups/test_mgmt_notificationhubs_test_namespaces77d6115a/providers/Microsoft.NotificationHubs/namespaces/namespacexxx?api-version=2017-04-01
  response:
    body:
      string: '{"id":"/subscriptions/00000000-0000-0000-0000-000000000000/resourceGroups/test_mgmt_notificationhubs_test_namespaces77d6115a/providers/Microsoft.NotificationHubs/namespaces/namespacexxx","name":"namespacexxx","type":"Microsoft.NotificationHubs/namespaces","location":"East
        US","kind":"NotificationHub","sku":{"name":"Free"},"tags":{},"properties":{"provisioningState":"Succeeded","status":"Active","createdAt":"2020-12-22T06:06:37.387Z","serviceBusEndpoint":"https://namespacexxx.servicebus.windows.net:443/","enabled":true,"critical":false,"updatedAt":"2020-12-22T06:07:01.66Z","namespaceType":"NotificationHub"}}'
    headers:
      cache-control:
      - no-cache
      content-length:
      - '614'
      content-type:
      - application/json; charset=utf-8
      date:
      - Tue, 22 Dec 2020 06:07:11 GMT
      expires:
      - '-1'
      pragma:
      - no-cache
      server:
      - Service-Bus-Resource-Provider/CH3
      - Microsoft-HTTPAPI/2.0
      server-sb:
      - Service-Bus-Resource-Provider/CH3
      strict-transport-security:
      - max-age=31536000; includeSubDomains
      transfer-encoding:
      - chunked
      vary:
      - Accept-Encoding
      x-content-type-options:
      - nosniff
    status:
      code: 200
      message: OK
- request:
    body: '{}'
    headers:
      Accept:
      - application/json
      Accept-Encoding:
      - gzip, deflate
      Connection:
      - keep-alive
      Content-Length:
      - '2'
      Content-Type:
      - application/json
      User-Agent:
      - azsdk-python-mgmt-notificationhubs/7.0.0 Python/3.6.9 (Linux-4.9.184-linuxkit-x86_64-with-Ubuntu-18.04-bionic)
    method: PATCH
    uri: https://management.azure.com/subscriptions/00000000-0000-0000-0000-000000000000/resourceGroups/test_mgmt_notificationhubs_test_namespaces77d6115a/providers/Microsoft.NotificationHubs/namespaces/namespacexxx?api-version=2017-04-01
  response:
    body:
      string: '{"properties":{"status":"Active","createdAt":"2020-12-22T06:06:37.387Z","serviceBusEndpoint":"https://namespacexxx.servicebus.windows.net:443/","enabled":true,"critical":false,"updatedAt":"2020-12-22T06:07:01.66Z","namespaceType":"NotificationHub","messagingSku":1,"messagingSkuPlan":{"sku":1,"selectedEventHubUnit":1}}}'
    headers:
      cache-control:
      - no-cache
      content-length:
      - '320'
      content-type:
      - application/json; charset=utf-8
      date:
      - Tue, 22 Dec 2020 06:07:11 GMT
      expires:
      - '-1'
      pragma:
      - no-cache
      server:
      - Service-Bus-Resource-Provider/CH3
      - Microsoft-HTTPAPI/2.0
      server-sb:
      - Service-Bus-Resource-Provider/CH3
      strict-transport-security:
      - max-age=31536000; includeSubDomains
      transfer-encoding:
      - chunked
      vary:
      - Accept-Encoding
      x-content-type-options:
      - nosniff
      x-ms-ratelimit-remaining-subscription-writes:
      - '1198'
    status:
      code: 200
      message: OK
- request:
    body: null
    headers:
      Accept:
      - '*/*'
      Accept-Encoding:
      - gzip, deflate
      Connection:
      - keep-alive
      Content-Length:
      - '0'
      User-Agent:
      - azsdk-python-mgmt-notificationhubs/7.0.0 Python/3.6.9 (Linux-4.9.184-linuxkit-x86_64-with-Ubuntu-18.04-bionic)
    method: DELETE
    uri: https://management.azure.com/subscriptions/00000000-0000-0000-0000-000000000000/resourceGroups/test_mgmt_notificationhubs_test_namespaces77d6115a/providers/Microsoft.NotificationHubs/namespaces/namespacexxx?api-version=2017-04-01
  response:
    body:
      string: ''
    headers:
      cache-control:
      - no-cache
      content-length:
      - '0'
      date:
      - Tue, 22 Dec 2020 06:07:12 GMT
      expires:
      - '-1'
      location:
      - https://management.azure.com/subscriptions/00000000-0000-0000-0000-000000000000/providers/Microsoft.NotificationHubs/operationresults/namespacexxx?api-version=2017-04-01
      pragma:
      - no-cache
      server:
      - Service-Bus-Resource-Provider/CH3
      - Microsoft-HTTPAPI/2.0
      server-sb:
      - Service-Bus-Resource-Provider/CH3
      strict-transport-security:
      - max-age=31536000; includeSubDomains
      x-content-type-options:
      - nosniff
      x-ms-ratelimit-remaining-subscription-deletes:
      - '14999'
    status:
      code: 202
      message: Accepted
- request:
    body: null
    headers:
      Accept:
      - '*/*'
      Accept-Encoding:
      - gzip, deflate
      Connection:
      - keep-alive
      User-Agent:
      - azsdk-python-mgmt-notificationhubs/7.0.0 Python/3.6.9 (Linux-4.9.184-linuxkit-x86_64-with-Ubuntu-18.04-bionic)
    method: GET
    uri: https://management.azure.com/subscriptions/00000000-0000-0000-0000-000000000000/providers/Microsoft.NotificationHubs/operationresults/namespacexxx?api-version=2017-04-01
  response:
    body:
      string: '{"id":"subscriptions/92f95d8f3c67412491c78cf07cdbf241/operationsStatus/namespacexxx","name":"namespacexxx","status":"Completed"}'
    headers:
      cache-control:
      - no-cache
      content-length:
      - '128'
      content-type:
      - application/json; charset=utf-8
      date:
      - Tue, 22 Dec 2020 06:07:42 GMT
      expires:
      - '-1'
      pragma:
      - no-cache
      server:
      - Service-Bus-Resource-Provider/CH3
      - Microsoft-HTTPAPI/2.0
      server-sb:
      - Service-Bus-Resource-Provider/CH3
      strict-transport-security:
      - max-age=31536000; includeSubDomains
      transfer-encoding:
      - chunked
      vary:
      - Accept-Encoding
      x-content-type-options:
      - nosniff
    status:
      code: 200
      message: OK
version: 1
