{
  "Entries": [
    {
      "RequestUri": "https://sanitized.communication.azure.com/phoneNumbers/sanitized?api-version=2022-01-11-preview2",
      "RequestMethod": "GET",
      "RequestHeaders": {
        "Accept": "application/json",
        "Accept-Encoding": "gzip, deflate",
        "Connection": "keep-alive",
        "User-Agent": "azsdk-python-communication-phonenumbers/1.1.0b3 Python/3.9.13 (Windows-10-10.0.22621-SP0)",
        "x-ms-content-sha256": "sanitized",
        "x-ms-date": "sanitized",
        "x-ms-return-client-request-id": "true"
      },
      "RequestBody": null,
      "StatusCode": 200,
      "ResponseHeaders": {
        "api-supported-versions": "2021-03-07, 2022-01-11-preview2, 2022-06-01-preview, 2022-12-01",
        "Content-Type": "application/json; charset=utf-8",
        "Date": "sanitized",
        "MS-CV": "sanitized",
        "Strict-Transport-Security": "max-age=2592000",
        "Transfer-Encoding": "chunked",
        "X-Azure-Ref": "sanitized",
        "X-Cache": "CONFIG_NOCACHE",
        "X-Processing-Time": "1715ms"
      },
      "ResponseBody": {
        "id": "sanitized",
        "phoneNumber": "sanitized",
        "countryCode": "US",
        "phoneNumberType": "tollFree",
        "capabilities": {
          "calling": "outbound",
          "sms": "outbound"
        },
        "assignmentType": "application",
        "purchaseDate": "2021-06-23T23:38:41.0997634\u002B00:00",
        "cost": {
          "amount": 2.0,
          "currencyCode": "USD",
          "billingFrequency": "monthly"
        }
      }
    },
    {
      "RequestUri": "https://sanitized.communication.azure.com/phoneNumbers/sanitized/capabilities?api-version=2022-01-11-preview2",
      "RequestMethod": "PATCH",
      "RequestHeaders": {
        "Accept": "application/json",
        "Accept-Encoding": "gzip, deflate",
        "Connection": "keep-alive",
        "Content-Length": "49",
        "Content-Type": "application/merge-patch\u002Bjson",
        "User-Agent": "azsdk-python-communication-phonenumbers/1.1.0b3 Python/3.9.13 (Windows-10-10.0.22621-SP0)",
        "x-ms-content-sha256": "sanitized",
        "x-ms-date": "sanitized",
        "x-ms-return-client-request-id": "true"
      },
      "RequestBody": {
        "calling": "inbound",
        "sms": "inbound\u002Boutbound"
      },
      "StatusCode": 202,
      "ResponseHeaders": {
        "Access-Control-Expose-Headers": "Operation-Location,Location,operation-id,capabilities-id",
        "api-supported-versions": "2021-03-07, 2022-01-11-preview2, 2022-06-01-preview, 2022-12-01",
        "capabilities-id": "4e299034-546b-4fa1-a1d5-656f6b2e1d53",
        "Content-Type": "application/json; charset=utf-8",
        "Date": "sanitized",
        "Location": "/phoneNumbers/\u002Bsanitized?api-version=2022-01-11-preview2",
        "MS-CV": "sanitized",
        "operation-id": "capabilities_4e299034-546b-4fa1-a1d5-656f6b2e1d53",
        "Operation-Location": "/phoneNumbers/operations/capabilities_4e299034-546b-4fa1-a1d5-656f6b2e1d53?api-version=2022-01-11-preview2",
        "Strict-Transport-Security": "max-age=2592000",
        "Transfer-Encoding": "chunked",
        "X-Azure-Ref": "sanitized",
        "X-Cache": "CONFIG_NOCACHE",
        "X-Processing-Time": "2704ms"
      },
      "ResponseBody": {
        "capabilitiesUpdateId": "4e299034-546b-4fa1-a1d5-656f6b2e1d53"
      }
    },
    {
      "RequestUri": "https://sanitized.communication.azure.com/phoneNumbers/operations/capabilities_4e299034-546b-4fa1-a1d5-656f6b2e1d53?api-version=2022-01-11-preview2",
      "RequestMethod": "GET",
      "RequestHeaders": {
        "Accept": "*/*",
        "Accept-Encoding": "gzip, deflate",
        "Connection": "keep-alive",
        "User-Agent": "azsdk-python-communication-phonenumbers/1.1.0b3 Python/3.9.13 (Windows-10-10.0.22621-SP0)",
        "x-ms-content-sha256": "sanitized",
        "x-ms-date": "sanitized",
        "x-ms-return-client-request-id": "true"
      },
      "RequestBody": null,
      "StatusCode": 200,
      "ResponseHeaders": {
        "Access-Control-Expose-Headers": "Location",
        "api-supported-versions": "2021-03-07, 2022-01-11-preview2, 2022-06-01-preview, 2022-11-15-preview, 2022-12-01",
        "Content-Type": "application/json; charset=utf-8",
        "Date": "sanitized",
        "Location": "/phoneNumbers/\u002Bsanitized?api-version=2022-01-11-preview2",
        "MS-CV": "sanitized",
        "Strict-Transport-Security": "max-age=2592000",
        "Transfer-Encoding": "chunked",
        "X-Azure-Ref": "sanitized",
        "X-Cache": "CONFIG_NOCACHE",
        "X-Processing-Time": "523ms"
      },
      "ResponseBody": {
        "operationType": "updatePhoneNumberCapabilities",
        "status": "notStarted",
        "resourceLocation": "/phoneNumbers/\u002Bsanitized?api-version=2022-01-11-preview2",
        "createdDateTime": "2022-12-09T00:25:38.5203244\u002B00:00",
        "id": "sanitized",
        "lastActionDateTime": "0001-01-01T00:00:00\u002B00:00"
      }
    },
    {
      "RequestUri": "https://sanitized.communication.azure.com/phoneNumbers/operations/capabilities_4e299034-546b-4fa1-a1d5-656f6b2e1d53?api-version=2022-01-11-preview2",
      "RequestMethod": "GET",
      "RequestHeaders": {
        "Accept": "*/*",
        "Accept-Encoding": "gzip, deflate",
        "Connection": "keep-alive",
        "User-Agent": "azsdk-python-communication-phonenumbers/1.1.0b3 Python/3.9.13 (Windows-10-10.0.22621-SP0)",
        "x-ms-content-sha256": "sanitized",
        "x-ms-date": "sanitized",
        "x-ms-return-client-request-id": "true"
      },
      "RequestBody": null,
      "StatusCode": 200,
      "ResponseHeaders": {
        "Access-Control-Expose-Headers": "Location",
        "api-supported-versions": "2021-03-07, 2022-01-11-preview2, 2022-06-01-preview, 2022-11-15-preview, 2022-12-01",
        "Content-Type": "application/json; charset=utf-8",
        "Date": "sanitized",
        "Location": "/phoneNumbers/\u002Bsanitized?api-version=2022-01-11-preview2",
        "MS-CV": "sanitized",
        "Strict-Transport-Security": "max-age=2592000",
        "Transfer-Encoding": "chunked",
        "X-Azure-Ref": "sanitized",
        "X-Cache": "CONFIG_NOCACHE",
        "X-Processing-Time": "575ms"
      },
      "ResponseBody": {
        "operationType": "updatePhoneNumberCapabilities",
        "status": "running",
        "resourceLocation": "/phoneNumbers/\u002Bsanitized?api-version=2022-01-11-preview2",
        "createdDateTime": "2022-12-09T00:25:38.5203244\u002B00:00",
        "id": "sanitized",
        "lastActionDateTime": "0001-01-01T00:00:00\u002B00:00"
      }
    },
    {
      "RequestUri": "https://sanitized.communication.azure.com/phoneNumbers/operations/capabilities_4e299034-546b-4fa1-a1d5-656f6b2e1d53?api-version=2022-01-11-preview2",
      "RequestMethod": "GET",
      "RequestHeaders": {
        "Accept": "*/*",
        "Accept-Encoding": "gzip, deflate",
        "Connection": "keep-alive",
        "User-Agent": "azsdk-python-communication-phonenumbers/1.1.0b3 Python/3.9.13 (Windows-10-10.0.22621-SP0)",
        "x-ms-content-sha256": "sanitized",
        "x-ms-date": "sanitized",
        "x-ms-return-client-request-id": "true"
      },
      "RequestBody": null,
      "StatusCode": 200,
      "ResponseHeaders": {
        "Access-Control-Expose-Headers": "Location",
        "api-supported-versions": "2021-03-07, 2022-01-11-preview2, 2022-06-01-preview, 2022-11-15-preview, 2022-12-01",
        "Content-Type": "application/json; charset=utf-8",
        "Date": "sanitized",
        "Location": "/phoneNumbers/\u002Bsanitized?api-version=2022-01-11-preview2",
        "MS-CV": "sanitized",
        "Strict-Transport-Security": "max-age=2592000",
        "Transfer-Encoding": "chunked",
        "X-Azure-Ref": "sanitized",
        "X-Cache": "CONFIG_NOCACHE",
        "X-Processing-Time": "455ms"
      },
      "ResponseBody": {
        "operationType": "updatePhoneNumberCapabilities",
        "status": "running",
        "resourceLocation": "/phoneNumbers/\u002Bsanitized?api-version=2022-01-11-preview2",
        "createdDateTime": "2022-12-09T00:25:38.5203244\u002B00:00",
        "id": "sanitized",
        "lastActionDateTime": "0001-01-01T00:00:00\u002B00:00"
      }
    },
    {
      "RequestUri": "https://sanitized.communication.azure.com/phoneNumbers/operations/capabilities_4e299034-546b-4fa1-a1d5-656f6b2e1d53?api-version=2022-01-11-preview2",
      "RequestMethod": "GET",
      "RequestHeaders": {
        "Accept": "*/*",
        "Accept-Encoding": "gzip, deflate",
        "Connection": "keep-alive",
        "User-Agent": "azsdk-python-communication-phonenumbers/1.1.0b3 Python/3.9.13 (Windows-10-10.0.22621-SP0)",
        "x-ms-content-sha256": "sanitized",
        "x-ms-date": "sanitized",
        "x-ms-return-client-request-id": "true"
      },
      "RequestBody": null,
      "StatusCode": 200,
      "ResponseHeaders": {
        "Access-Control-Expose-Headers": "Location",
        "api-supported-versions": "2021-03-07, 2022-01-11-preview2, 2022-06-01-preview, 2022-11-15-preview, 2022-12-01",
        "Content-Type": "application/json; charset=utf-8",
        "Date": "sanitized",
        "Location": "/phoneNumbers/\u002Bsanitized?api-version=2022-01-11-preview2",
        "MS-CV": "sanitized",
        "Strict-Transport-Security": "max-age=2592000",
        "Transfer-Encoding": "chunked",
        "X-Azure-Ref": "sanitized",
        "X-Cache": "CONFIG_NOCACHE",
        "X-Processing-Time": "541ms"
      },
      "ResponseBody": {
        "operationType": "updatePhoneNumberCapabilities",
        "status": "succeeded",
        "resourceLocation": "/phoneNumbers/\u002Bsanitized?api-version=2022-01-11-preview2",
        "createdDateTime": "2022-12-09T00:25:38.5203244\u002B00:00",
        "id": "sanitized",
        "lastActionDateTime": "0001-01-01T00:00:00\u002B00:00"
      }
    },
    {
      "RequestUri": "https://sanitized.communication.azure.com/phoneNumbers/\u002Bsanitized?api-version=2022-01-11-preview2",
      "RequestMethod": "GET",
      "RequestHeaders": {
        "Accept": "*/*",
        "Accept-Encoding": "gzip, deflate",
        "Connection": "keep-alive",
        "User-Agent": "azsdk-python-communication-phonenumbers/1.1.0b3 Python/3.9.13 (Windows-10-10.0.22621-SP0)",
        "x-ms-content-sha256": "sanitized",
        "x-ms-date": "sanitized",
        "x-ms-return-client-request-id": "true"
      },
      "RequestBody": null,
      "StatusCode": 200,
      "ResponseHeaders": {
        "api-supported-versions": "2021-03-07, 2022-01-11-preview2, 2022-06-01-preview, 2022-12-01",
        "Content-Type": "application/json; charset=utf-8",
        "Date": "sanitized",
        "MS-CV": "sanitized",
        "Strict-Transport-Security": "max-age=2592000",
        "Transfer-Encoding": "chunked",
        "X-Azure-Ref": "sanitized",
        "X-Cache": "CONFIG_NOCACHE",
        "X-Processing-Time": "1908ms"
      },
      "ResponseBody": {
        "id": "sanitized",
        "phoneNumber": "sanitized",
        "countryCode": "US",
        "phoneNumberType": "tollFree",
        "capabilities": {
          "calling": "inbound",
          "sms": "inbound\u002Boutbound"
        },
        "assignmentType": "application",
        "purchaseDate": "2021-06-23T23:38:41.0997634\u002B00:00",
        "cost": {
          "amount": 2.0,
          "currencyCode": "USD",
          "billingFrequency": "monthly"
        }
      }
    }
  ],
  "Variables": {}
}
