interactions:
- request:
    body: '{"routes": []}'
    headers:
      Accept:
      - application/json
      Accept-Encoding:
      - gzip, deflate
      Connection:
      - keep-alive
      Content-Length:
      - '14'
      Content-Type:
      - application/merge-patch+json
      User-Agent:
      - azsdk-python-communication-phonenumbers/1.1.0b2 Python/3.10.0 (Windows-10-10.0.22000-SP0)
      x-ms-date:
      - Mon, 23 May 2022 12:01:23 GMT
      x-ms-return-client-request-id:
      - 'true'
    method: PATCH
    uri: https://sanitized.communication.azure.com/sip?api-version=2021-05-01-preview
  response:
    body:
      string: '{"trunks":{"sbs1.sipconfigtest.com":{"sipSignalingPort":1122},"sbs2.sipconfigtest.com":{"sipSignalingPort":1123}},"routes":[]}'
    headers:
      content-type:
      - application/json; charset=utf-8
      date:
      - Mon, 23 May 2022 12:01:24 GMT
      ms-cv:
      - u7DxMj8200eopMwuIyzA/A.0
      strict-transport-security:
      - max-age=2592000
      transfer-encoding:
      - chunked
      x-cache:
      - CONFIG_NOCACHE
      x-processing-time:
      - 960ms
    status:
      code: 200
      message: OK
- request:
    body: null
    headers:
      Accept:
      - application/json
      Accept-Encoding:
      - gzip, deflate
      Connection:
      - keep-alive
      User-Agent:
      - azsdk-python-communication-phonenumbers/1.1.0b2 Python/3.10.0 (Windows-10-10.0.22000-SP0)
      x-ms-date:
      - Mon, 23 May 2022 12:01:25 GMT
      x-ms-return-client-request-id:
      - 'true'
    method: GET
    uri: https://sanitized.communication.azure.com/sip?api-version=2021-05-01-preview
  response:
    body:
      string: '{"trunks":{"sbs1.sipconfigtest.com":{"sipSignalingPort":1122},"sbs2.sipconfigtest.com":{"sipSignalingPort":1123}},"routes":[]}'
    headers:
      content-type:
      - application/json; charset=utf-8
      date:
      - Mon, 23 May 2022 12:01:24 GMT
      ms-cv:
      - p8c2sKbjhEi8XCPkvKderQ.0
      strict-transport-security:
      - max-age=2592000
      transfer-encoding:
      - chunked
      x-cache:
      - CONFIG_NOCACHE
      x-processing-time:
      - 125ms
    status:
      code: 200
      message: OK
- request:
    body: '{"trunks": {"sbs1.sipconfigtest.com": null, "sbs2.sipconfigtest.com": null}}'
    headers:
      Accept:
      - application/json
      Accept-Encoding:
      - gzip, deflate
      Connection:
      - keep-alive
      Content-Length:
      - '76'
      Content-Type:
      - application/merge-patch+json
      User-Agent:
      - azsdk-python-communication-phonenumbers/1.1.0b2 Python/3.10.0 (Windows-10-10.0.22000-SP0)
      x-ms-date:
      - Mon, 23 May 2022 12:01:25 GMT
      x-ms-return-client-request-id:
      - 'true'
    method: PATCH
    uri: https://sanitized.communication.azure.com/sip?api-version=2021-05-01-preview
  response:
    body:
      string: '{"trunks":{},"routes":[]}'
    headers:
      content-type:
      - application/json; charset=utf-8
      date:
      - Mon, 23 May 2022 12:01:24 GMT
      ms-cv:
      - Mw5oCsL3d0ufJ3TZY4mwHA.0
      strict-transport-security:
      - max-age=2592000
      transfer-encoding:
      - chunked
      x-cache:
      - CONFIG_NOCACHE
      x-processing-time:
      - 354ms
    status:
      code: 200
      message: OK
- request:
    body: '{"trunks": {"sbs1.sipconfigtest.com": {"sipSignalingPort": 1122}, "sbs2.sipconfigtest.com":
      {"sipSignalingPort": 1123}}}'
    headers:
      Accept:
      - application/json
      Accept-Encoding:
      - gzip, deflate
      Connection:
      - keep-alive
      Content-Length:
      - '120'
      Content-Type:
      - application/merge-patch+json
      User-Agent:
      - azsdk-python-communication-phonenumbers/1.1.0b2 Python/3.10.0 (Windows-10-10.0.22000-SP0)
      x-ms-date:
      - Mon, 23 May 2022 12:01:25 GMT
      x-ms-return-client-request-id:
      - 'true'
    method: PATCH
    uri: https://sanitized.communication.azure.com/sip?api-version=2021-05-01-preview
  response:
    body:
      string: '{"trunks":{"sbs1.sipconfigtest.com":{"sipSignalingPort":1122},"sbs2.sipconfigtest.com":{"sipSignalingPort":1123}},"routes":[]}'
    headers:
      content-type:
      - application/json; charset=utf-8
      date:
      - Mon, 23 May 2022 12:01:25 GMT
      ms-cv:
      - E+ilUIm3YUqQIYVyDx2FFQ.0
      strict-transport-security:
      - max-age=2592000
      transfer-encoding:
      - chunked
      x-cache:
      - CONFIG_NOCACHE
      x-processing-time:
      - 688ms
    status:
      code: 200
      message: OK
- request:
    body: '{"routes": [{"description": "Handle numbers starting with ''+123''", "name":
      "First rule", "numberPattern": "\\+123[0-9]+", "trunks": ["sbs1.sipconfigtest.com"]}]}'
    headers:
      Accept:
      - application/json
      Accept-Encoding:
      - gzip, deflate
      Connection:
      - keep-alive
      Content-Length:
      - '161'
      Content-Type:
      - application/merge-patch+json
      User-Agent:
      - azsdk-python-communication-phonenumbers/1.1.0b2 Python/3.10.0 (Windows-10-10.0.22000-SP0)
    method: PATCH
    uri: https://sanitized.communication.azure.com/sip?api-version=2021-05-01-preview
  response:
    body:
      string: '{"trunks":{"sbs1.sipconfigtest.com":{"sipSignalingPort":1122},"sbs2.sipconfigtest.com":{"sipSignalingPort":1123}},"routes":[{"description":"Handle
        numbers starting with ''+123''","name":"First rule","numberPattern":"\\+123[0-9]+","trunks":["sbs1.sipconfigtest.com"]}]}'
    headers:
      content-type:
      - application/json; charset=utf-8
      date:
      - Mon, 23 May 2022 12:01:26 GMT
      ms-cv:
      - zXvgpj+y40qxoSy9xBWxhg.0
      strict-transport-security:
      - max-age=2592000
      transfer-encoding:
      - chunked
      x-cache:
      - CONFIG_NOCACHE
      x-processing-time:
      - 508ms
    status:
      code: 200
      message: OK
- request:
    body: '{"routes": [{"description": "Handle numbers starting with ''+999''", "name":
      "Alternative rule", "numberPattern": "\\+999[0-9]+", "trunks": ["sbs2.sipconfigtest.com"]}]}'
    headers:
      Accept:
      - application/json
      Accept-Encoding:
      - gzip, deflate
      Connection:
      - keep-alive
      Content-Length:
      - '167'
      Content-Type:
      - application/merge-patch+json
      User-Agent:
      - azsdk-python-communication-phonenumbers/1.1.0b2 Python/3.10.0 (Windows-10-10.0.22000-SP0)
    method: PATCH
    uri: https://sanitized.communication.azure.com/sip?api-version=2021-05-01-preview
  response:
    body:
      string: '{"trunks":{"sbs1.sipconfigtest.com":{"sipSignalingPort":1122},"sbs2.sipconfigtest.com":{"sipSignalingPort":1123}},"routes":[{"description":"Handle
        numbers starting with ''+999''","name":"Alternative rule","numberPattern":"\\+999[0-9]+","trunks":["sbs2.sipconfigtest.com"]}]}'
    headers:
      content-type:
      - application/json; charset=utf-8
      date:
      - Mon, 23 May 2022 12:01:26 GMT
      ms-cv:
      - eoIdssDIb0mGJu3GSjFqeQ.0
      strict-transport-security:
      - max-age=2592000
      transfer-encoding:
      - chunked
      x-cache:
      - CONFIG_NOCACHE
      x-processing-time:
      - 234ms
    status:
      code: 200
      message: OK
- request:
    body: null
    headers:
      Accept:
      - application/json
      Accept-Encoding:
      - gzip, deflate
      Connection:
      - keep-alive
      User-Agent:
      - azsdk-python-communication-phonenumbers/1.1.0b2 Python/3.10.0 (Windows-10-10.0.22000-SP0)
    method: GET
    uri: https://sanitized.communication.azure.com/sip?api-version=2021-05-01-preview
  response:
    body:
      string: '{"trunks":{"sbs1.sipconfigtest.com":{"sipSignalingPort":1122},"sbs2.sipconfigtest.com":{"sipSignalingPort":1123}},"routes":[{"description":"Handle
        numbers starting with ''+999''","name":"Alternative rule","numberPattern":"\\+999[0-9]+","trunks":["sbs2.sipconfigtest.com"]}]}'
    headers:
      content-type:
      - application/json; charset=utf-8
      date:
      - Mon, 23 May 2022 12:01:27 GMT
      ms-cv:
      - p7VfrTRCOUaVdFijO1O3zA.0
      strict-transport-security:
      - max-age=2592000
      transfer-encoding:
      - chunked
      x-cache:
      - CONFIG_NOCACHE
      x-processing-time:
      - 126ms
    status:
      code: 200
      message: OK
version: 1
