interactions:
- request:
    body: '{"routes": []}'
    headers:
      Accept:
      - application/json
      Accept-Encoding:
      - gzip, deflate
      Connection:
      - keep-alive
      Content-Length:
      - '14'
      Content-Type:
      - application/merge-patch+json
      User-Agent:
      - azsdk-python-communication-phonenumbers/1.1.0b2 Python/3.10.0 (Windows-10-10.0.22000-SP0)
      x-ms-date:
      - Mon, 23 May 2022 12:00:52 GMT
      x-ms-return-client-request-id:
      - 'true'
    method: PATCH
    uri: https://sanitized.communication.azure.com/sip?api-version=2021-05-01-preview
  response:
    body:
      string: '{"trunks":{"sbs1.sipconfigtest.com":{"sipSignalingPort":1122}},"routes":[]}'
    headers:
      content-type:
      - application/json; charset=utf-8
      date:
      - Mon, 23 May 2022 12:00:52 GMT
      ms-cv:
      - fCVs7Qi/U02aHHdNAgXGpg.0
      strict-transport-security:
      - max-age=2592000
      transfer-encoding:
      - chunked
      x-cache:
      - CONFIG_NOCACHE
      x-processing-time:
      - 327ms
    status:
      code: 200
      message: OK
- request:
    body: null
    headers:
      Accept:
      - application/json
      Accept-Encoding:
      - gzip, deflate
      Connection:
      - keep-alive
      User-Agent:
      - azsdk-python-communication-phonenumbers/1.1.0b2 Python/3.10.0 (Windows-10-10.0.22000-SP0)
      x-ms-date:
      - Mon, 23 May 2022 12:00:53 GMT
      x-ms-return-client-request-id:
      - 'true'
    method: GET
    uri: https://sanitized.communication.azure.com/sip?api-version=2021-05-01-preview
  response:
    body:
      string: '{"trunks":{"sbs1.sipconfigtest.com":{"sipSignalingPort":1122}},"routes":[]}'
    headers:
      content-type:
      - application/json; charset=utf-8
      date:
      - Mon, 23 May 2022 12:00:52 GMT
      ms-cv:
      - dLaLN3I4FEqEQakkxmAk8g.0
      strict-transport-security:
      - max-age=2592000
      transfer-encoding:
      - chunked
      x-cache:
      - CONFIG_NOCACHE
      x-processing-time:
      - 258ms
    status:
      code: 200
      message: OK
- request:
    body: '{"trunks": {"sbs1.sipconfigtest.com": null}}'
    headers:
      Accept:
      - application/json
      Accept-Encoding:
      - gzip, deflate
      Connection:
      - keep-alive
      Content-Length:
      - '44'
      Content-Type:
      - application/merge-patch+json
      User-Agent:
      - azsdk-python-communication-phonenumbers/1.1.0b2 Python/3.10.0 (Windows-10-10.0.22000-SP0)
      x-ms-date:
      - Mon, 23 May 2022 12:00:53 GMT
      x-ms-return-client-request-id:
      - 'true'
    method: PATCH
    uri: https://sanitized.communication.azure.com/sip?api-version=2021-05-01-preview
  response:
    body:
      string: '{"trunks":{},"routes":[]}'
    headers:
      content-type:
      - application/json; charset=utf-8
      date:
      - Mon, 23 May 2022 12:00:53 GMT
      ms-cv:
      - awi15oSbKkSeagOrfK7FCg.0
      strict-transport-security:
      - max-age=2592000
      transfer-encoding:
      - chunked
      x-cache:
      - CONFIG_NOCACHE
      x-processing-time:
      - 345ms
    status:
      code: 200
      message: OK
- request:
    body: '{"trunks": {"sbs1.sipconfigtest.com": {"sipSignalingPort": 1122}, "sbs2.sipconfigtest.com":
      {"sipSignalingPort": 1123}}}'
    headers:
      Accept:
      - application/json
      Accept-Encoding:
      - gzip, deflate
      Connection:
      - keep-alive
      Content-Length:
      - '120'
      Content-Type:
      - application/merge-patch+json
      User-Agent:
      - azsdk-python-communication-phonenumbers/1.1.0b2 Python/3.10.0 (Windows-10-10.0.22000-SP0)
      x-ms-date:
      - Mon, 23 May 2022 12:00:54 GMT
      x-ms-return-client-request-id:
      - 'true'
    method: PATCH
    uri: https://sanitized.communication.azure.com/sip?api-version=2021-05-01-preview
  response:
    body:
      string: '{"trunks":{"sbs1.sipconfigtest.com":{"sipSignalingPort":1122},"sbs2.sipconfigtest.com":{"sipSignalingPort":1123}},"routes":[]}'
    headers:
      content-type:
      - application/json; charset=utf-8
      date:
      - Mon, 23 May 2022 12:00:54 GMT
      ms-cv:
      - hMN/XL4uQEiIG5zs6qAGGQ.0
      strict-transport-security:
      - max-age=2592000
      transfer-encoding:
      - chunked
      x-cache:
      - CONFIG_NOCACHE
      x-processing-time:
      - 796ms
    status:
      code: 200
      message: OK
- request:
    body: '{"trunks": {"sbs2.sipconfigtest.com": null}}'
    headers:
      Accept:
      - application/json
      Accept-Encoding:
      - gzip, deflate
      Connection:
      - keep-alive
      Content-Length:
      - '44'
      Content-Type:
      - application/merge-patch+json
      User-Agent:
      - azsdk-python-communication-phonenumbers/1.1.0b2 Python/3.10.0 (Windows-10-10.0.22000-SP0)
    method: PATCH
    uri: https://sanitized.communication.azure.com/sip?api-version=2021-05-01-preview
  response:
    body:
      string: '{"trunks":{"sbs1.sipconfigtest.com":{"sipSignalingPort":1122}},"routes":[]}'
    headers:
      content-type:
      - application/json; charset=utf-8
      date:
      - Mon, 23 May 2022 12:00:55 GMT
      ms-cv:
      - NF/T4tDDRkOv/nmEq6+p7A.0
      strict-transport-security:
      - max-age=2592000
      transfer-encoding:
      - chunked
      x-cache:
      - CONFIG_NOCACHE
      x-processing-time:
      - 418ms
    status:
      code: 200
      message: OK
- request:
    body: null
    headers:
      Accept:
      - application/json
      Accept-Encoding:
      - gzip, deflate
      Connection:
      - keep-alive
      User-Agent:
      - azsdk-python-communication-phonenumbers/1.1.0b2 Python/3.10.0 (Windows-10-10.0.22000-SP0)
    method: GET
    uri: https://sanitized.communication.azure.com/sip?api-version=2021-05-01-preview
  response:
    body:
      string: '{"trunks":{"sbs1.sipconfigtest.com":{"sipSignalingPort":1122}},"routes":[]}'
    headers:
      content-type:
      - application/json; charset=utf-8
      date:
      - Mon, 23 May 2022 12:00:56 GMT
      ms-cv:
      - mOVJ6heCr0WHQmLOBuPsJQ.0
      strict-transport-security:
      - max-age=2592000
      transfer-encoding:
      - chunked
      x-cache:
      - CONFIG_NOCACHE
      x-processing-time:
      - 213ms
    status:
      code: 200
      message: OK
version: 1
