interactions:
- request:
    body: '{"phoneNumberType": "tollFree", "assignmentType": "application", "capabilities":
      {"calling": "inbound", "sms": "inbound+outbound"}}'
    headers:
      Accept:
      - application/json
      Accept-Encoding:
      - gzip, deflate
      Connection:
      - keep-alive
      Content-Length:
      - '131'
      Content-Type:
      - application/json
      Date:
      - Fri, 05 Mar 2021 17:32:00 GMT
      User-Agent:
      - azsdk-python-communication-administration/1.0.0b4 Python/3.8.5 (Windows-10-10.0.19041-SP0)
      x-ms-return-client-request-id:
      - 'true'
    method: POST
    uri: https://sanitized.communication.azure.com/availablePhoneNumbers/countries/US/:search?api-version=2021-03-07
  response:
    body:
      string: ''
    headers:
      access-control-expose-headers:
      - Location,Operation-Location,operation-id,search-id
      content-length:
      - '0'
      date:
      - Fri, 05 Mar 2021 17:32:03 GMT
      ms-cv:
      - UiKRXu2IPkmNlhE+PAE0Pg.0
      operation-id:
      - search_15d9eb25-3c3e-453d-89c6-0402c6101659
      operation-location:
      - /phoneNumbers/operations/search_15d9eb25-3c3e-453d-89c6-0402c6101659?api-version=2021-03-07
      request-context:
      - appId=
      search-id:
      - 15d9eb25-3c3e-453d-89c6-0402c6101659
      x-processing-time:
      - 2572ms
    status:
      code: 202
      message: Accepted
- request:
    body: null
    headers:
      Accept:
      - '*/*'
      Accept-Encoding:
      - gzip, deflate
      Connection:
      - keep-alive
      Date:
      - Fri, 05 Mar 2021 17:32:33 GMT
      User-Agent:
      - azsdk-python-communication-administration/1.0.0b4 Python/3.8.5 (Windows-10-10.0.19041-SP0)
      x-ms-return-client-request-id:
      - 'true'
    method: GET
    uri: https://sanitized.communication.azure.com/phoneNumbers/operations/search_15d9eb25-3c3e-453d-89c6-0402c6101659?api-version=2021-03-07
  response:
    body:
      string: '{"status": "Succeeded", "resourceLocation": "/availablePhoneNumbers/searchResults/15d9eb25-3c3e-453d-89c6-0402c6101659?api-version=2021-03-07",
        "createdDateTime": "2021-03-05T17:32:03.428505+00:00", "id": "sanitized",
        "operationType": "Search", "lastActionDateTime": "0001-01-01T00:00:00+00:00"}'
    headers:
      access-control-expose-headers:
      - Location
      content-type:
      - application/json; charset=utf-8
      date:
      - Fri, 05 Mar 2021 17:32:33 GMT
      ms-cv:
      - yswyogbtVUK6ilnPI2ZPVQ.0
      request-context:
      - appId=
      transfer-encoding:
      - chunked
      x-processing-time:
      - 499ms
    status:
      code: 200
      message: OK
    url: sanitized
- request:
    body: null
    headers:
      Accept:
      - '*/*'
      Accept-Encoding:
      - gzip, deflate
      Connection:
      - keep-alive
      Date:
      - Fri, 05 Mar 2021 17:32:34 GMT
      User-Agent:
      - azsdk-python-communication-administration/1.0.0b4 Python/3.8.5 (Windows-10-10.0.19041-SP0)
      x-ms-return-client-request-id:
      - 'true'
    method: GET
    uri: https://sanitized.communication.azure.com/availablePhoneNumbers/searchResults/15d9eb25-3c3e-453d-89c6-0402c6101659?api-version=2021-03-07
  response:
    body:
      string: '{"searchId": "15d9eb25-3c3e-453d-89c6-0402c6101659", "phoneNumbers":
        ["sanitized"], "phoneNumberType": "TollFree", "assignmentType": "Application",
        "capabilities": {"calling": "inbound", "sms": "inbound+outbound"}, "cost":
        {"amount": 2.0, "currencyCode": "USD", "billingFrequency": "Monthly"}, "searchExpiresBy":
        "2021-03-05T17:48:09.6152644+00:00"}'
    headers:
      content-type:
      - application/json; charset=utf-8
      date:
      - Fri, 05 Mar 2021 17:32:34 GMT
      ms-cv:
      - nBPsj2RK7UeRMXJw/YYAQA.0
      request-context:
      - appId=
      transfer-encoding:
      - chunked
      x-processing-time:
      - 959ms
    status:
      code: 200
      message: OK
    url: sanitized
- request:
    body: '{"searchId": "15d9eb25-3c3e-453d-89c6-0402c6101659"}'
    headers:
      Accept:
      - application/json
      Accept-Encoding:
      - gzip, deflate
      Connection:
      - keep-alive
      Content-Length:
      - '52'
      Content-Type:
      - application/json
      Date:
      - Fri, 05 Mar 2021 17:32:35 GMT
      User-Agent:
      - azsdk-python-communication-administration/1.0.0b4 Python/3.8.5 (Windows-10-10.0.19041-SP0)
      x-ms-return-client-request-id:
      - 'true'
    method: POST
    uri: https://sanitized.communication.azure.com/availablePhoneNumbers/:purchase?api-version=2021-03-07
  response:
    body:
      string: ''
    headers:
      access-control-expose-headers:
      - Operation-Location,operation-id,purchase-id
      content-length:
      - '0'
      date:
      - Fri, 05 Mar 2021 17:32:37 GMT
      ms-cv:
      - HBenQJLrBUuUbCoTX6b96A.0
      operation-id:
      - purchase_15d9eb25-3c3e-453d-89c6-0402c6101659
      operation-location:
      - /phoneNumbers/operations/purchase_15d9eb25-3c3e-453d-89c6-0402c6101659?api-version=2021-03-07
      purchase-id:
      - 15d9eb25-3c3e-453d-89c6-0402c6101659
      request-context:
      - appId=
      x-processing-time:
      - 2322ms
    status:
      code: 202
      message: Accepted
- request:
    body: null
    headers:
      Accept:
      - '*/*'
      Accept-Encoding:
      - gzip, deflate
      Connection:
      - keep-alive
      Date:
      - Fri, 05 Mar 2021 17:33:07 GMT
      User-Agent:
      - azsdk-python-communication-administration/1.0.0b4 Python/3.8.5 (Windows-10-10.0.19041-SP0)
      x-ms-return-client-request-id:
      - 'true'
    method: GET
    uri: https://sanitized.communication.azure.com/phoneNumbers/operations/purchase_15d9eb25-3c3e-453d-89c6-0402c6101659?api-version=2021-03-07
  response:
    body:
      string: '{"status": "Succeeded", "resourceLocation": null, "createdDateTime":
        "2021-03-05T17:32:03.428505+00:00", "id": "sanitized", "operationType": "Purchase",
        "lastActionDateTime": "0001-01-01T00:00:00+00:00"}'
    headers:
      content-type:
      - application/json; charset=utf-8
      date:
      - Fri, 05 Mar 2021 17:33:07 GMT
      ms-cv:
      - 2nzsapS2kkSU1CqHHZ4D+Q.0
      request-context:
      - appId=
      transfer-encoding:
      - chunked
      x-processing-time:
      - 558ms
    status:
      code: 200
      message: OK
    url: sanitized
- request:
    body: null
    headers:
      Accept:
      - application/json
      Accept-Encoding:
      - gzip, deflate
      Connection:
      - keep-alive
      Content-Length:
      - '0'
      Date:
      - Fri, 05 Mar 2021 17:33:08 GMT
      User-Agent:
      - azsdk-python-communication-administration/1.0.0b4 Python/3.8.5 (Windows-10-10.0.19041-SP0)
      x-ms-return-client-request-id:
      - 'true'
    method: DELETE
    uri: https://sanitized.communication.azure.com/phoneNumbers/sanitized?api-version=2021-03-07
  response:
    body:
      string: ''
    headers:
      access-control-expose-headers:
      - Operation-Location,operation-id,release-id
      content-length:
      - '0'
      date:
      - Fri, 05 Mar 2021 17:33:09 GMT
      ms-cv:
      - 8CVr0+mmo06VtKlKCc8pwg.0
      operation-id:
      - release_9f9a864e-f7bb-4b05-b26b-74c1076051f1
      operation-location:
      - /phoneNumbers/operations/release_9f9a864e-f7bb-4b05-b26b-74c1076051f1?api-version=2021-03-07
      release-id:
      - 9f9a864e-f7bb-4b05-b26b-74c1076051f1
      request-context:
      - appId=
      x-processing-time:
      - 1449ms
    status:
      code: 202
      message: Accepted
version: 1
