interactions:
- request:
    body: '{"routes": []}'
    headers:
      Accept:
      - application/json
      Accept-Encoding:
      - gzip, deflate
      Connection:
      - keep-alive
      Content-Length:
      - '14'
      Content-Type:
      - application/merge-patch+json
      User-Agent:
      - azsdk-python-communication-phonenumbers/1.1.0b3 Python/3.10.0 (Windows-10-10.0.22621-SP0)
      x-ms-date:
      - Wed, 07 Dec 2022 10:40:39 GMT
      x-ms-return-client-request-id:
      - 'true'
    method: PATCH
    uri: https://sanitized.communication.azure.com/sip?api-version=2021-05-01-preview
  response:
    body:
      string: '{"trunks":{"sbs3.sanitized.com":{"sipSignalingPort":2222}},"routes":[]}'
    headers:
      api-supported-versions:
      - 2021-05-01-preview, 2022-09-01-preview
      content-type:
      - application/json; charset=utf-8
      date:
      - Wed, 07 Dec 2022 10:40:41 GMT
      ms-cv:
      - XFZhjXW+ukGrPLEqGbHLIQ.0
      strict-transport-security:
      - max-age=2592000
      transfer-encoding:
      - chunked
      x-cache:
      - CONFIG_NOCACHE
      x-processing-time:
      - 3651ms
    status:
      code: 200
      message: OK
- request:
    body: null
    headers:
      Accept:
      - application/json
      Accept-Encoding:
      - gzip, deflate
      Connection:
      - keep-alive
      User-Agent:
      - azsdk-python-communication-phonenumbers/1.1.0b3 Python/3.10.0 (Windows-10-10.0.22621-SP0)
      x-ms-date:
      - Wed, 07 Dec 2022 10:40:43 GMT
      x-ms-return-client-request-id:
      - 'true'
    method: GET
    uri: https://sanitized.communication.azure.com/sip?api-version=2021-05-01-preview
  response:
    body:
      string: '{"trunks":{"sbs3.sanitized.com":{"sipSignalingPort":2222}},"routes":[]}'
    headers:
      api-supported-versions:
      - 2021-05-01-preview, 2022-09-01-preview
      content-type:
      - application/json; charset=utf-8
      date:
      - Wed, 07 Dec 2022 10:40:42 GMT
      ms-cv:
      - Fxr9mjld9UCBY6BWaV8ASw.0
      strict-transport-security:
      - max-age=2592000
      transfer-encoding:
      - chunked
      x-cache:
      - CONFIG_NOCACHE
      x-processing-time:
      - 86ms
    status:
      code: 200
      message: OK
- request:
    body: '{"trunks": {"sbs1.sanitized.com": {"sipSignalingPort": 1122}, "sbs2.sanitized.com":
      {"sipSignalingPort": 1123}, "sbs3.sanitized.com": null}}'
    headers:
      Accept:
      - application/json
      Accept-Encoding:
      - gzip, deflate
      Connection:
      - keep-alive
      Content-Length:
      - '209'
      Content-Type:
      - application/merge-patch+json
      User-Agent:
      - azsdk-python-communication-phonenumbers/1.1.0b3 Python/3.10.0 (Windows-10-10.0.22621-SP0)
      x-ms-date:
      - Wed, 07 Dec 2022 10:40:43 GMT
      x-ms-return-client-request-id:
      - 'true'
    method: PATCH
    uri: https://sanitized.communication.azure.com/sip?api-version=2021-05-01-preview
  response:
    body:
      string: '{"trunks":{"sbs1.sanitized.com":{"sipSignalingPort":1122},"sbs2.sanitized.com":{"sipSignalingPort":1123}},"routes":[]}'
    headers:
      api-supported-versions:
      - 2021-05-01-preview, 2022-09-01-preview
      content-type:
      - application/json; charset=utf-8
      date:
      - Wed, 07 Dec 2022 10:40:43 GMT
      ms-cv:
      - iK11BMY59kyJaRqTagER8g.0
      strict-transport-security:
      - max-age=2592000
      transfer-encoding:
      - chunked
      x-cache:
      - CONFIG_NOCACHE
      x-processing-time:
      - 882ms
    status:
      code: 200
      message: OK
- request:
    body: null
    headers:
      Accept:
      - application/json
      Accept-Encoding:
      - gzip, deflate
      Connection:
      - keep-alive
      User-Agent:
      - azsdk-python-communication-phonenumbers/1.1.0b3 Python/3.10.0 (Windows-10-10.0.22621-SP0)
    method: GET
    uri: https://sanitized.communication.azure.com/sip?api-version=2021-05-01-preview
  response:
    body:
      string: '{"trunks":{"sbs1.sanitized.com":{"sipSignalingPort":1122},"sbs2.sanitized.com":{"sipSignalingPort":1123}},"routes":[]}'
    headers:
      api-supported-versions:
      - 2021-05-01-preview, 2022-09-01-preview
      content-type:
      - application/json; charset=utf-8
      date:
      - Wed, 07 Dec 2022 10:40:43 GMT
      ms-cv:
      - ZQVYrWBOY0KNc4Ynsv1ydQ.0
      strict-transport-security:
      - max-age=2592000
      transfer-encoding:
      - chunked
      x-cache:
      - CONFIG_NOCACHE
      x-processing-time:
      - 80ms
    status:
      code: 200
      message: OK
- request:
    body: '{"trunks": {"sbs3.sanitized.com": {"sipSignalingPort": 2222}, "sbs1.sanitized.com":
      null, "sbs2.sanitized.com": null}}'
    headers:
      Accept:
      - application/json
      Accept-Encoding:
      - gzip, deflate
      Connection:
      - keep-alive
      Content-Length:
      - '187'
      Content-Type:
      - application/merge-patch+json
      User-Agent:
      - azsdk-python-communication-phonenumbers/1.1.0b3 Python/3.10.0 (Windows-10-10.0.22621-SP0)
    method: PATCH
    uri: https://sanitized.communication.azure.com/sip?api-version=2021-05-01-preview
  response:
    body:
      string: '{"trunks":{"sbs3.sanitized.com":{"sipSignalingPort":2222}},"routes":[]}'
    headers:
      api-supported-versions:
      - 2021-05-01-preview, 2022-09-01-preview
      content-type:
      - application/json; charset=utf-8
      date:
      - Wed, 07 Dec 2022 10:40:44 GMT
      ms-cv:
      - J9uJhMUAjE6/0lfZB6o/Sg.0
      strict-transport-security:
      - max-age=2592000
      transfer-encoding:
      - chunked
      x-cache:
      - CONFIG_NOCACHE
      x-processing-time:
      - 389ms
    status:
      code: 200
      message: OK
- request:
    body: null
    headers:
      Accept:
      - application/json
      Accept-Encoding:
      - gzip, deflate
      Connection:
      - keep-alive
      User-Agent:
      - azsdk-python-communication-phonenumbers/1.1.0b3 Python/3.10.0 (Windows-10-10.0.22621-SP0)
    method: GET
    uri: https://sanitized.communication.azure.com/sip?api-version=2021-05-01-preview
  response:
    body:
      string: '{"trunks":{"sbs3.sanitized.com":{"sipSignalingPort":2222}},"routes":[]}'
    headers:
      api-supported-versions:
      - 2021-05-01-preview, 2022-09-01-preview
      content-type:
      - application/json; charset=utf-8
      date:
      - Wed, 07 Dec 2022 10:40:44 GMT
      ms-cv:
      - DTmPDpWzfUu5Mwg+WxESEg.0
      strict-transport-security:
      - max-age=2592000
      transfer-encoding:
      - chunked
      x-cache:
      - CONFIG_NOCACHE
      x-processing-time:
      - 284ms
    status:
      code: 200
      message: OK
version: 1
