interactions:
- request:
    body: '{"routes": []}'
    headers:
      Accept:
      - application/json
      Content-Length:
      - '14'
      Content-Type:
      - application/merge-patch+json
      User-Agent:
      - azsdk-python-communication-phonenumbers/1.1.0b2 Python/3.10.0 (Windows-10-10.0.22000-SP0)
      x-ms-date:
      - Mon, 23 May 2022 17:41:33 GMT
      x-ms-return-client-request-id:
      - 'true'
    method: PATCH
    uri: https://sanitized.communication.azure.com/sip?api-version=2021-05-01-preview
  response:
    body:
      string: '{"trunks":{"sbs1.sipconfigtest.com":{"sipSignalingPort":1122},"sbs2.sipconfigtest.com":{"sipSignalingPort":1123}},"routes":[]}'
    headers:
      content-type: application/json; charset=utf-8
      date: Mon, 23 May 2022 17:41:32 GMT
      ms-cv: jvxsnY/ZVE2qhqGluIjJrA.0
      strict-transport-security: max-age=2592000
      transfer-encoding: chunked
      x-cache: CONFIG_NOCACHE
      x-processing-time: 313ms
    status:
      code: 200
      message: OK
    url: https://sanitized.communication.azure.com/sip?api-version=2021-05-01-preview
- request:
    body: ''
    headers:
      Accept:
      - application/json
      User-Agent:
      - azsdk-python-communication-phonenumbers/1.1.0b2 Python/3.10.0 (Windows-10-10.0.22000-SP0)
      x-ms-date:
      - Mon, 23 May 2022 17:41:33 GMT
      x-ms-return-client-request-id:
      - 'true'
    method: GET
    uri: https://sanitized.communication.azure.com/sip?api-version=2021-05-01-preview
  response:
    body:
      string: '{"trunks":{"sbs1.sipconfigtest.com":{"sipSignalingPort":1122},"sbs2.sipconfigtest.com":{"sipSignalingPort":1123}},"routes":[]}'
    headers:
      content-type: application/json; charset=utf-8
      date: Mon, 23 May 2022 17:41:32 GMT
      ms-cv: biiy3dwpVkCjYyrTTpHtpg.0
      strict-transport-security: max-age=2592000
      transfer-encoding: chunked
      x-cache: CONFIG_NOCACHE
      x-processing-time: 254ms
    status:
      code: 200
      message: OK
    url: https://sanitized.communication.azure.com/sip?api-version=2021-05-01-preview
- request:
    body: '{"trunks": {"sbs1.sipconfigtest.com": null, "sbs2.sipconfigtest.com": null}}'
    headers:
      Accept:
      - application/json
      Content-Length:
      - '76'
      Content-Type:
      - application/merge-patch+json
      User-Agent:
      - azsdk-python-communication-phonenumbers/1.1.0b2 Python/3.10.0 (Windows-10-10.0.22000-SP0)
      x-ms-date:
      - Mon, 23 May 2022 17:41:34 GMT
      x-ms-return-client-request-id:
      - 'true'
    method: PATCH
    uri: https://sanitized.communication.azure.com/sip?api-version=2021-05-01-preview
  response:
    body:
      string: '{"trunks":{},"routes":[]}'
    headers:
      content-type: application/json; charset=utf-8
      date: Mon, 23 May 2022 17:41:33 GMT
      ms-cv: SS5PNuXixU+NxaK8F5IW9Q.0
      strict-transport-security: max-age=2592000
      transfer-encoding: chunked
      x-cache: CONFIG_NOCACHE
      x-processing-time: 346ms
    status:
      code: 200
      message: OK
    url: https://sanitized.communication.azure.com/sip?api-version=2021-05-01-preview
- request:
    body: '{"trunks": {"sbs1.sipconfigtest.com": {"sipSignalingPort": 1122}, "sbs2.sipconfigtest.com":
      {"sipSignalingPort": 1123}}}'
    headers:
      Accept:
      - application/json
      Content-Length:
      - '120'
      Content-Type:
      - application/merge-patch+json
      User-Agent:
      - azsdk-python-communication-phonenumbers/1.1.0b2 Python/3.10.0 (Windows-10-10.0.22000-SP0)
      x-ms-date:
      - Mon, 23 May 2022 17:41:34 GMT
      x-ms-return-client-request-id:
      - 'true'
    method: PATCH
    uri: https://sanitized.communication.azure.com/sip?api-version=2021-05-01-preview
  response:
    body:
      string: '{"trunks":{"sbs1.sipconfigtest.com":{"sipSignalingPort":1122},"sbs2.sipconfigtest.com":{"sipSignalingPort":1123}},"routes":[]}'
    headers:
      content-type: application/json; charset=utf-8
      date: Mon, 23 May 2022 17:41:34 GMT
      ms-cv: puoqX43rPkaxBvbzPAa+/w.0
      strict-transport-security: max-age=2592000
      transfer-encoding: chunked
      x-cache: CONFIG_NOCACHE
      x-processing-time: 813ms
    status:
      code: 200
      message: OK
    url: https://sanitized.communication.azure.com/sip?api-version=2021-05-01-preview
- request:
    body: '{"trunks": {"sbs2.sipconfigtest.com": {"sipSignalingPort": 7777}}}'
    headers:
      Accept:
      - application/json
      Content-Length:
      - '66'
      Content-Type:
      - application/merge-patch+json
      User-Agent:
      - azsdk-python-communication-phonenumbers/1.1.0b2 Python/3.10.0 (Windows-10-10.0.22000-SP0)
      x-ms-date:
      - Mon, 23 May 2022 17:41:35 GMT
      x-ms-return-client-request-id:
      - 'true'
    method: PATCH
    uri: https://sanitized.communication.azure.com/sip?api-version=2021-05-01-preview
  response:
    body:
      string: '{"trunks":{"sbs1.sipconfigtest.com":{"sipSignalingPort":1122},"sbs2.sipconfigtest.com":{"sipSignalingPort":7777}},"routes":[]}'
    headers:
      content-type: application/json; charset=utf-8
      date: Mon, 23 May 2022 17:41:34 GMT
      ms-cv: JDI+1NyHsk+dHx4EjhdlgA.0
      strict-transport-security: max-age=2592000
      transfer-encoding: chunked
      x-cache: CONFIG_NOCACHE
      x-processing-time: 568ms
    status:
      code: 200
      message: OK
    url: https://sanitized.communication.azure.com/sip?api-version=2021-05-01-preview
- request:
    body: ''
    headers:
      Accept:
      - application/json
      User-Agent:
      - azsdk-python-communication-phonenumbers/1.1.0b2 Python/3.10.0 (Windows-10-10.0.22000-SP0)
      x-ms-date:
      - Mon, 23 May 2022 17:41:36 GMT
      x-ms-return-client-request-id:
      - 'true'
    method: GET
    uri: https://sanitized.communication.azure.com/sip?api-version=2021-05-01-preview
  response:
    body:
      string: '{"trunks":{"sbs1.sipconfigtest.com":{"sipSignalingPort":1122},"sbs2.sipconfigtest.com":{"sipSignalingPort":7777}},"routes":[]}'
    headers:
      content-type: application/json; charset=utf-8
      date: Mon, 23 May 2022 17:41:35 GMT
      ms-cv: /5DPURkkgUSdPVCss8B67Q.0
      strict-transport-security: max-age=2592000
      transfer-encoding: chunked
      x-cache: CONFIG_NOCACHE
      x-processing-time: 306ms
    status:
      code: 200
      message: OK
    url: https://sanitized.communication.azure.com/sip?api-version=2021-05-01-preview
version: 1
