interactions:
- request:
    body: '{"routes": []}'
    headers:
      Accept:
      - application/json
      Accept-Encoding:
      - gzip, deflate
      Connection:
      - keep-alive
      Content-Length:
      - '14'
      Content-Type:
      - application/merge-patch+json
      User-Agent:
      - azsdk-python-communication-phonenumbers/1.1.0b3 Python/3.10.0 (Windows-10-10.0.22621-SP0)
      x-ms-date:
      - Wed, 07 Dec 2022 10:40:28 GMT
      x-ms-return-client-request-id:
      - 'true'
    method: PATCH
    uri: https://sanitized.communication.azure.com/sip?api-version=2021-05-01-preview
  response:
    body:
      string: '{"trunks":{"sbs1.sanitized.com":{"sipSignalingPort":1122},"sbs2.sanitized.com":{"sipSignalingPort":1123}},"routes":[]}'
    headers:
      api-supported-versions:
      - 2021-05-01-preview, 2022-09-01-preview
      content-type:
      - application/json; charset=utf-8
      date:
      - Wed, 07 Dec 2022 10:40:27 GMT
      ms-cv:
      - Wt07k9Gtu0SH2j7bZ+1t0Q.0
      strict-transport-security:
      - max-age=2592000
      transfer-encoding:
      - chunked
      x-cache:
      - CONFIG_NOCACHE
      x-processing-time:
      - 189ms
    status:
      code: 200
      message: OK
- request:
    body: null
    headers:
      Accept:
      - application/json
      Accept-Encoding:
      - gzip, deflate
      Connection:
      - keep-alive
      User-Agent:
      - azsdk-python-communication-phonenumbers/1.1.0b3 Python/3.10.0 (Windows-10-10.0.22621-SP0)
      x-ms-date:
      - Wed, 07 Dec 2022 10:40:28 GMT
      x-ms-return-client-request-id:
      - 'true'
    method: GET
    uri: https://sanitized.communication.azure.com/sip?api-version=2021-05-01-preview
  response:
    body:
      string: '{"trunks":{"sbs1.sanitized.com":{"sipSignalingPort":1122},"sbs2.sanitized.com":{"sipSignalingPort":1123}},"routes":[]}'
    headers:
      api-supported-versions:
      - 2021-05-01-preview, 2022-09-01-preview
      content-type:
      - application/json; charset=utf-8
      date:
      - Wed, 07 Dec 2022 10:40:27 GMT
      ms-cv:
      - 97DeT3wrKkynvGQWPiO4qA.0
      strict-transport-security:
      - max-age=2592000
      transfer-encoding:
      - chunked
      x-cache:
      - CONFIG_NOCACHE
      x-processing-time:
      - 94ms
    status:
      code: 200
      message: OK
- request:
    body: '{"trunks": {"sbs1.sanitized.com": {"sipSignalingPort": 1122}, "sbs2.sanitized.com":
      {"sipSignalingPort": 1123}}}'
    headers:
      Accept:
      - application/json
      Accept-Encoding:
      - gzip, deflate
      Connection:
      - keep-alive
      Content-Length:
      - '158'
      Content-Type:
      - application/merge-patch+json
      User-Agent:
      - azsdk-python-communication-phonenumbers/1.1.0b3 Python/3.10.0 (Windows-10-10.0.22621-SP0)
      x-ms-date:
      - Wed, 07 Dec 2022 10:40:29 GMT
      x-ms-return-client-request-id:
      - 'true'
    method: PATCH
    uri: https://sanitized.communication.azure.com/sip?api-version=2021-05-01-preview
  response:
    body:
      string: '{"trunks":{"sbs1.sanitized.com":{"sipSignalingPort":1122},"sbs2.sanitized.com":{"sipSignalingPort":1123}},"routes":[]}'
    headers:
      api-supported-versions:
      - 2021-05-01-preview, 2022-09-01-preview
      content-type:
      - application/json; charset=utf-8
      date:
      - Wed, 07 Dec 2022 10:40:27 GMT
      ms-cv:
      - brbqciVA1k6BHN8LoZx3Zg.0
      strict-transport-security:
      - max-age=2592000
      transfer-encoding:
      - chunked
      x-cache:
      - CONFIG_NOCACHE
      x-processing-time:
      - 235ms
    status:
      code: 200
      message: OK
- request:
    body: '{"routes": [{"description": "Handle numbers starting with ''+123''", "name":
      "First rule", "numberPattern": "\\+123[0-9]+", "trunks": ["sbs1.sanitized.com"]}]}'
    headers:
      Accept:
      - application/json
      Accept-Encoding:
      - gzip, deflate
      Connection:
      - keep-alive
      Content-Length:
      - '180'
      Content-Type:
      - application/merge-patch+json
      User-Agent:
      - azsdk-python-communication-phonenumbers/1.1.0b3 Python/3.10.0 (Windows-10-10.0.22621-SP0)
    method: PATCH
    uri: https://sanitized.communication.azure.com/sip?api-version=2021-05-01-preview
  response:
    body:
      string: '{"trunks":{"sbs1.sanitized.com":{"sipSignalingPort":1122},"sbs2.sanitized.com":{"sipSignalingPort":1123}},"routes":[{"description":"Handle
        numbers starting with ''+123''","name":"First rule","numberPattern":"\\+123[0-9]+","trunks":["sbs1.sanitized.com"]}]}'
    headers:
      api-supported-versions:
      - 2021-05-01-preview, 2022-09-01-preview
      content-type:
      - application/json; charset=utf-8
      date:
      - Wed, 07 Dec 2022 10:40:28 GMT
      ms-cv:
      - tqJy8+IEM0aHKvOzLIZEbg.0
      strict-transport-security:
      - max-age=2592000
      transfer-encoding:
      - chunked
      x-cache:
      - CONFIG_NOCACHE
      x-processing-time:
      - 319ms
    status:
      code: 200
      message: OK
- request:
    body: '{"routes": [{"description": "Handle numbers starting with ''+999''", "name":
      "Alternative rule", "numberPattern": "\\+999[0-9]+", "trunks": ["sbs2.sanitized.com"]}]}'
    headers:
      Accept:
      - application/json
      Accept-Encoding:
      - gzip, deflate
      Connection:
      - keep-alive
      Content-Length:
      - '186'
      Content-Type:
      - application/merge-patch+json
      User-Agent:
      - azsdk-python-communication-phonenumbers/1.1.0b3 Python/3.10.0 (Windows-10-10.0.22621-SP0)
    method: PATCH
    uri: https://sanitized.communication.azure.com/sip?api-version=2021-05-01-preview
  response:
    body:
      string: '{"trunks":{"sbs1.sanitized.com":{"sipSignalingPort":1122},"sbs2.sanitized.com":{"sipSignalingPort":1123}},"routes":[{"description":"Handle
        numbers starting with ''+999''","name":"Alternative rule","numberPattern":"\\+999[0-9]+","trunks":["sbs2.sanitized.com"]}]}'
    headers:
      api-supported-versions:
      - 2021-05-01-preview, 2022-09-01-preview
      content-type:
      - application/json; charset=utf-8
      date:
      - Wed, 07 Dec 2022 10:40:29 GMT
      ms-cv:
      - StMX8lsY9kGgSlrHtnMrCg.0
      strict-transport-security:
      - max-age=2592000
      transfer-encoding:
      - chunked
      x-cache:
      - CONFIG_NOCACHE
      x-processing-time:
      - 106ms
    status:
      code: 200
      message: OK
- request:
    body: null
    headers:
      Accept:
      - application/json
      Accept-Encoding:
      - gzip, deflate
      Connection:
      - keep-alive
      User-Agent:
      - azsdk-python-communication-phonenumbers/1.1.0b3 Python/3.10.0 (Windows-10-10.0.22621-SP0)
    method: GET
    uri: https://sanitized.communication.azure.com/sip?api-version=2021-05-01-preview
  response:
    body:
      string: '{"trunks":{"sbs1.sanitized.com":{"sipSignalingPort":1122},"sbs2.sanitized.com":{"sipSignalingPort":1123}},"routes":[{"description":"Handle
        numbers starting with ''+999''","name":"Alternative rule","numberPattern":"\\+999[0-9]+","trunks":["sbs2.sanitized.com"]}]}'
    headers:
      api-supported-versions:
      - 2021-05-01-preview, 2022-09-01-preview
      content-type:
      - application/json; charset=utf-8
      date:
      - Wed, 07 Dec 2022 10:40:29 GMT
      ms-cv:
      - 2Qx7GmsIKEylWDrupFS7Ng.0
      strict-transport-security:
      - max-age=2592000
      transfer-encoding:
      - chunked
      x-cache:
      - CONFIG_NOCACHE
      x-processing-time:
      - 702ms
    status:
      code: 200
      message: OK
version: 1
