interactions:
- request:
    body: '{"routes": []}'
    headers:
      Accept:
      - application/json
      Content-Length:
      - '14'
      Content-Type:
      - application/merge-patch+json
      User-Agent:
      - azsdk-python-communication-phonenumbers/1.1.0b3 Python/3.10.0 (Windows-10-10.0.22621-SP0)
      x-ms-date:
      - Wed, 07 Dec 2022 11:17:25 GMT
      x-ms-return-client-request-id:
      - 'true'
    method: PATCH
    uri: https://sanitized.communication.azure.com/sip?api-version=2021-05-01-preview
  response:
    body:
      string: '{"trunks":{"sbs1.sanitized.com":{"sipSignalingPort":1122},"sbs2.sanitized.com":{"sipSignalingPort":1123}},"routes":[]}'
    headers:
      api-supported-versions: 2021-05-01-preview, 2022-09-01-preview
      content-type: application/json; charset=utf-8
      date: Wed, 07 Dec 2022 11:17:24 GMT
      ms-cv: ceSWIObaLUy1j6vn9GY59w.0
      strict-transport-security: max-age=2592000
      transfer-encoding: chunked
      x-cache: CONFIG_NOCACHE
      x-processing-time: 107ms
    status:
      code: 200
      message: OK
    url: https://sanitized.communication.azure.com/sip?api-version=2021-05-01-preview
- request:
    body: ''
    headers:
      Accept:
      - application/json
      User-Agent:
      - azsdk-python-communication-phonenumbers/1.1.0b3 Python/3.10.0 (Windows-10-10.0.22621-SP0)
      x-ms-date:
      - Wed, 07 Dec 2022 11:17:25 GMT
      x-ms-return-client-request-id:
      - 'true'
    method: GET
    uri: https://sanitized.communication.azure.com/sip?api-version=2021-05-01-preview
  response:
    body:
      string: '{"trunks":{"sbs1.sanitized.com":{"sipSignalingPort":1122},"sbs2.sanitized.com":{"sipSignalingPort":1123}},"routes":[]}'
    headers:
      api-supported-versions: 2021-05-01-preview, 2022-09-01-preview
      content-type: application/json; charset=utf-8
      date: Wed, 07 Dec 2022 11:17:24 GMT
      ms-cv: 77xzikoMo0OMJE080AA3nw.0
      strict-transport-security: max-age=2592000
      transfer-encoding: chunked
      x-cache: CONFIG_NOCACHE
      x-processing-time: 81ms
    status:
      code: 200
      message: OK
    url: https://sanitized.communication.azure.com/sip?api-version=2021-05-01-preview
- request:
    body: '{"trunks": {"sbs1.sanitized.com": {"sipSignalingPort": 1122}, "sbs2.sanitized.com":
      {"sipSignalingPort": 1123}}}'
    headers:
      Accept:
      - application/json
      Content-Length:
      - '158'
      Content-Type:
      - application/merge-patch+json
      User-Agent:
      - azsdk-python-communication-phonenumbers/1.1.0b3 Python/3.10.0 (Windows-10-10.0.22621-SP0)
      x-ms-date:
      - Wed, 07 Dec 2022 11:17:25 GMT
      x-ms-return-client-request-id:
      - 'true'
    method: PATCH
    uri: https://sanitized.communication.azure.com/sip?api-version=2021-05-01-preview
  response:
    body:
      string: '{"trunks":{"sbs1.sanitized.com":{"sipSignalingPort":1122},"sbs2.sanitized.com":{"sipSignalingPort":1123}},"routes":[]}'
    headers:
      api-supported-versions: 2021-05-01-preview, 2022-09-01-preview
      content-type: application/json; charset=utf-8
      date: Wed, 07 Dec 2022 11:17:24 GMT
      ms-cv: +7hVPCk/eEOUIq/k5rxppA.0
      strict-transport-security: max-age=2592000
      transfer-encoding: chunked
      x-cache: CONFIG_NOCACHE
      x-processing-time: 157ms
    status:
      code: 200
      message: OK
    url: https://sanitized.communication.azure.com/sip?api-version=2021-05-01-preview
- request:
    body: '{"trunks": {"sbs2.sanitized.com": {"sipSignalingPort": 7777}}}'
    headers:
      Accept:
      - application/json
      Content-Length:
      - '85'
      Content-Type:
      - application/merge-patch+json
      User-Agent:
      - azsdk-python-communication-phonenumbers/1.1.0b3 Python/3.10.0 (Windows-10-10.0.22621-SP0)
      x-ms-date:
      - Wed, 07 Dec 2022 11:17:26 GMT
      x-ms-return-client-request-id:
      - 'true'
    method: PATCH
    uri: https://sanitized.communication.azure.com/sip?api-version=2021-05-01-preview
  response:
    body:
      string: '{"trunks":{"sbs1.sanitized.com":{"sipSignalingPort":1122},"sbs2.sanitized.com":{"sipSignalingPort":7777}},"routes":[]}'
    headers:
      api-supported-versions: 2021-05-01-preview, 2022-09-01-preview
      content-type: application/json; charset=utf-8
      date: Wed, 07 Dec 2022 11:17:25 GMT
      ms-cv: SYaTvxCwX0+fnJ32nEidNA.0
      strict-transport-security: max-age=2592000
      transfer-encoding: chunked
      x-cache: CONFIG_NOCACHE
      x-processing-time: 174ms
    status:
      code: 200
      message: OK
    url: https://sanitized.communication.azure.com/sip?api-version=2021-05-01-preview
- request:
    body: ''
    headers:
      Accept:
      - application/json
      User-Agent:
      - azsdk-python-communication-phonenumbers/1.1.0b3 Python/3.10.0 (Windows-10-10.0.22621-SP0)
      x-ms-date:
      - Wed, 07 Dec 2022 11:17:26 GMT
      x-ms-return-client-request-id:
      - 'true'
    method: GET
    uri: https://sanitized.communication.azure.com/sip?api-version=2021-05-01-preview
  response:
    body:
      string: '{"trunks":{"sbs1.sanitized.com":{"sipSignalingPort":1122},"sbs2.sanitized.com":{"sipSignalingPort":7777}},"routes":[]}'
    headers:
      api-supported-versions: 2021-05-01-preview, 2022-09-01-preview
      content-type: application/json; charset=utf-8
      date: Wed, 07 Dec 2022 11:17:25 GMT
      ms-cv: gM3iHYAq802T5dgrVHuEDg.0
      strict-transport-security: max-age=2592000
      transfer-encoding: chunked
      x-cache: CONFIG_NOCACHE
      x-processing-time: 88ms
    status:
      code: 200
      message: OK
    url: https://sanitized.communication.azure.com/sip?api-version=2021-05-01-preview
version: 1
