{
  "Entries": [
    {
      "RequestUri": "https://sanitized.communication.azure.com/availablePhoneNumbers/countries/US/:search?api-version=2022-01-11-preview2",
      "RequestMethod": "POST",
      "RequestHeaders": {
        "Accept": "application/json",
        "Accept-Encoding": "gzip, deflate",
        "Connection": "keep-alive",
        "Content-Length": "131",
        "Content-Type": "application/json",
        "User-Agent": "azsdk-python-communication-phonenumbers/1.1.0b3 Python/3.9.13 (Windows-10-10.0.22621-SP0)",
        "x-ms-content-sha256": "ecyowPPqS6i2jEjg4ZPaHAki9yDR8IHa8lF\u002BVXRefVM=",
        "x-ms-date": "Thu, 08 Dec 2022 23:09:33 GMT",
        "x-ms-return-client-request-id": "true"
      },
      "RequestBody": {
        "phoneNumberType": "tollFree",
        "assignmentType": "application",
        "capabilities": {
          "calling": "inbound",
          "sms": "inbound\u002Boutbound"
        }
      },
      "StatusCode": 202,
      "ResponseHeaders": {
        "Access-Control-Expose-Headers": "Location,Operation-Location,operation-id,search-id",
        "api-supported-versions": "2021-03-07, 2022-01-11-preview2, 2022-06-01-preview, 2022-12-01",
        "Content-Length": "0",
        "Date": "Thu, 08 Dec 2022 23:09:34 GMT",
        "Location": "/availablePhoneNumbers/searchResults/8c02bbe5-42c9-46f3-bcda-56bc547f1dee?api-version=2022-01-11-preview2",
        "MS-CV": "DsUtiCVSYku9unJTUFVZnQ.0",
        "operation-id": "search_8c02bbe5-42c9-46f3-bcda-56bc547f1dee",
        "Operation-Location": "/phoneNumbers/operations/search_8c02bbe5-42c9-46f3-bcda-56bc547f1dee?api-version=2022-01-11-preview2",
        "search-id": "8c02bbe5-42c9-46f3-bcda-56bc547f1dee",
        "Strict-Transport-Security": "max-age=2592000",
        "X-Azure-Ref": "0rW6SYwAAAAAt0rSmGM5PRbyQapFbFztZTEFYMzExMDAwMTA4MDQ3ADlmYzdiNTE5LWE4Y2MtNGY4OS05MzVlLWM5MTQ4YWUwOWU4MQ==",
        "X-Cache": "CONFIG_NOCACHE",
        "X-Processing-Time": "2209ms"
      },
      "ResponseBody": null
    },
    {
      "RequestUri": "https://sanitized.communication.azure.com/phoneNumbers/operations/search_8c02bbe5-42c9-46f3-bcda-56bc547f1dee?api-version=2022-01-11-preview2",
      "RequestMethod": "GET",
      "RequestHeaders": {
        "Accept": "*/*",
        "Accept-Encoding": "gzip, deflate",
        "Connection": "keep-alive",
        "User-Agent": "azsdk-python-communication-phonenumbers/1.1.0b3 Python/3.9.13 (Windows-10-10.0.22621-SP0)",
        "x-ms-content-sha256": "47DEQpj8HBSa\u002B/TImW\u002B5JCeuQeRkm5NMpJWZG3hSuFU=",
        "x-ms-date": "Thu, 08 Dec 2022 23:09:35 GMT",
        "x-ms-return-client-request-id": "true"
      },
      "RequestBody": null,
      "StatusCode": 200,
      "ResponseHeaders": {
        "Access-Control-Expose-Headers": "Location",
        "api-supported-versions": "2021-03-07, 2022-01-11-preview2, 2022-06-01-preview, 2022-11-15-preview, 2022-12-01",
        "Content-Type": "application/json; charset=utf-8",
        "Date": "Thu, 08 Dec 2022 23:09:35 GMT",
        "Location": "/availablePhoneNumbers/searchResults/8c02bbe5-42c9-46f3-bcda-56bc547f1dee?api-version=2022-01-11-preview2",
        "MS-CV": "MKYveix3r0KQkSa\u002B\u002BbOMLw.0",
        "Strict-Transport-Security": "max-age=2592000",
        "Transfer-Encoding": "chunked",
        "X-Azure-Ref": "0r26SYwAAAABMpconu5drRp\u002BdZpwWxqr4TEFYMzExMDAwMTA4MDQ3ADlmYzdiNTE5LWE4Y2MtNGY4OS05MzVlLWM5MTQ4YWUwOWU4MQ==",
        "X-Cache": "CONFIG_NOCACHE",
        "X-Processing-Time": "281ms"
      },
      "ResponseBody": {
        "operationType": "search",
        "status": "notStarted",
        "resourceLocation": "/availablePhoneNumbers/searchResults/8c02bbe5-42c9-46f3-bcda-56bc547f1dee?api-version=2022-01-11-preview2",
        "createdDateTime": "2022-12-08T23:09:35.0722187\u002B00:00",
        "id": "sanitized",
        "lastActionDateTime": "0001-01-01T00:00:00\u002B00:00"
      }
    },
    {
      "RequestUri": "https://sanitized.communication.azure.com/phoneNumbers/operations/search_8c02bbe5-42c9-46f3-bcda-56bc547f1dee?api-version=2022-01-11-preview2",
      "RequestMethod": "GET",
      "RequestHeaders": {
        "Accept": "*/*",
        "Accept-Encoding": "gzip, deflate",
        "Connection": "keep-alive",
        "User-Agent": "azsdk-python-communication-phonenumbers/1.1.0b3 Python/3.9.13 (Windows-10-10.0.22621-SP0)",
        "x-ms-content-sha256": "47DEQpj8HBSa\u002B/TImW\u002B5JCeuQeRkm5NMpJWZG3hSuFU=",
        "x-ms-date": "Thu, 08 Dec 2022 23:09:37 GMT",
        "x-ms-return-client-request-id": "true"
      },
      "RequestBody": null,
      "StatusCode": 200,
      "ResponseHeaders": {
        "Access-Control-Expose-Headers": "Location",
        "api-supported-versions": "2021-03-07, 2022-01-11-preview2, 2022-06-01-preview, 2022-11-15-preview, 2022-12-01",
        "Content-Type": "application/json; charset=utf-8",
        "Date": "Thu, 08 Dec 2022 23:09:37 GMT",
        "Location": "/availablePhoneNumbers/searchResults/8c02bbe5-42c9-46f3-bcda-56bc547f1dee?api-version=2022-01-11-preview2",
        "MS-CV": "Ao2L97cJpkK2zHwfFDXUXQ.0",
        "Strict-Transport-Security": "max-age=2592000",
        "Transfer-Encoding": "chunked",
        "X-Azure-Ref": "0sm6SYwAAAADx0LJzu3s7QJm4glewGma0TEFYMzExMDAwMTA4MDQ3ADlmYzdiNTE5LWE4Y2MtNGY4OS05MzVlLWM5MTQ4YWUwOWU4MQ==",
        "X-Cache": "CONFIG_NOCACHE",
        "X-Processing-Time": "506ms"
      },
      "ResponseBody": {
        "operationType": "search",
        "status": "succeeded",
        "resourceLocation": "/availablePhoneNumbers/searchResults/8c02bbe5-42c9-46f3-bcda-56bc547f1dee?api-version=2022-01-11-preview2",
        "createdDateTime": "2022-12-08T23:09:35.0722187\u002B00:00",
        "id": "sanitized",
        "lastActionDateTime": "0001-01-01T00:00:00\u002B00:00"
      }
    },
    {
      "RequestUri": "https://sanitized.communication.azure.com/availablePhoneNumbers/searchResults/8c02bbe5-42c9-46f3-bcda-56bc547f1dee?api-version=2022-01-11-preview2",
      "RequestMethod": "GET",
      "RequestHeaders": {
        "Accept": "*/*",
        "Accept-Encoding": "gzip, deflate",
        "Connection": "keep-alive",
        "User-Agent": "azsdk-python-communication-phonenumbers/1.1.0b3 Python/3.9.13 (Windows-10-10.0.22621-SP0)",
        "x-ms-content-sha256": "47DEQpj8HBSa\u002B/TImW\u002B5JCeuQeRkm5NMpJWZG3hSuFU=",
        "x-ms-date": "Thu, 08 Dec 2022 23:09:38 GMT",
        "x-ms-return-client-request-id": "true"
      },
      "RequestBody": null,
      "StatusCode": 200,
      "ResponseHeaders": {
        "api-supported-versions": "2021-03-07, 2022-01-11-preview2, 2022-06-01-preview, 2022-12-01",
        "Content-Type": "application/json; charset=utf-8",
        "Date": "Thu, 08 Dec 2022 23:09:38 GMT",
        "MS-CV": "8bf5IkZFg06PGzWszIe6tw.0",
        "Strict-Transport-Security": "max-age=2592000",
        "Transfer-Encoding": "chunked",
        "X-Azure-Ref": "0sm6SYwAAAAA7d5K8wQi8TZ4A6/KyT3IWTEFYMzExMDAwMTA4MDQ3ADlmYzdiNTE5LWE4Y2MtNGY4OS05MzVlLWM5MTQ4YWUwOWU4MQ==",
        "X-Cache": "CONFIG_NOCACHE",
        "X-Processing-Time": "792ms"
      },
      "ResponseBody": {
        "searchId": "8c02bbe5-42c9-46f3-bcda-56bc547f1dee",
        "phoneNumbers": [
          "\u002Bsanitized"
        ],
        "phoneNumberType": "tollFree",
        "assignmentType": "application",
        "capabilities": {
          "calling": "inbound",
          "sms": "inbound\u002Boutbound"
        },
        "cost": {
          "amount": 2.0,
          "currencyCode": "USD",
          "billingFrequency": "monthly"
        },
        "searchExpiresBy": "2022-12-08T23:25:37.1991858\u002B00:00"
      }
    },
    {
      "RequestUri": "https://sanitized.communication.azure.com/availablePhoneNumbers/:purchase?api-version=2022-01-11-preview2",
      "RequestMethod": "POST",
      "RequestHeaders": {
        "Accept": "application/json",
        "Accept-Encoding": "gzip, deflate",
        "Connection": "keep-alive",
        "Content-Length": "52",
        "Content-Type": "application/json",
        "User-Agent": "azsdk-python-communication-phonenumbers/1.1.0b3 Python/3.9.13 (Windows-10-10.0.22621-SP0)",
        "x-ms-content-sha256": "0KsYU0jki/uCZkTES6HsyTmkhxqcr6Ka9p9Ilx98Bi8=",
        "x-ms-date": "Thu, 08 Dec 2022 23:09:39 GMT",
        "x-ms-return-client-request-id": "true"
      },
      "RequestBody": {
        "searchId": "8c02bbe5-42c9-46f3-bcda-56bc547f1dee"
      },
      "StatusCode": 202,
      "ResponseHeaders": {
        "Access-Control-Expose-Headers": "Operation-Location,operation-id,purchase-id",
        "api-supported-versions": "2021-03-07, 2022-01-11-preview2, 2022-06-01-preview, 2022-12-01",
        "Content-Length": "0",
        "Date": "Thu, 08 Dec 2022 23:09:40 GMT",
        "MS-CV": "xnPUtsyADE28TYgWp3f8IQ.0",
        "operation-id": "purchase_8c02bbe5-42c9-46f3-bcda-56bc547f1dee",
        "Operation-Location": "/phoneNumbers/operations/purchase_8c02bbe5-42c9-46f3-bcda-56bc547f1dee?api-version=2022-01-11-preview2",
        "purchase-id": "8c02bbe5-42c9-46f3-bcda-56bc547f1dee",
        "Strict-Transport-Security": "max-age=2592000",
        "X-Azure-Ref": "0s26SYwAAAADbDTdtZppnSK2Zr20BwONuTEFYMzExMDAwMTA4MDQ3ADlmYzdiNTE5LWE4Y2MtNGY4OS05MzVlLWM5MTQ4YWUwOWU4MQ==",
        "X-Cache": "CONFIG_NOCACHE",
        "X-Processing-Time": "2198ms"
      },
      "ResponseBody": null
    },
    {
      "RequestUri": "https://sanitized.communication.azure.com/phoneNumbers/operations/purchase_8c02bbe5-42c9-46f3-bcda-56bc547f1dee?api-version=2022-01-11-preview2",
      "RequestMethod": "GET",
      "RequestHeaders": {
        "Accept": "*/*",
        "Accept-Encoding": "gzip, deflate",
        "Connection": "keep-alive",
        "User-Agent": "azsdk-python-communication-phonenumbers/1.1.0b3 Python/3.9.13 (Windows-10-10.0.22621-SP0)",
        "x-ms-content-sha256": "47DEQpj8HBSa\u002B/TImW\u002B5JCeuQeRkm5NMpJWZG3hSuFU=",
        "x-ms-date": "Thu, 08 Dec 2022 23:09:41 GMT",
        "x-ms-return-client-request-id": "true"
      },
      "RequestBody": null,
      "StatusCode": 200,
      "ResponseHeaders": {
        "api-supported-versions": "2021-03-07, 2022-01-11-preview2, 2022-06-01-preview, 2022-11-15-preview, 2022-12-01",
        "Content-Type": "application/json; charset=utf-8",
        "Date": "Thu, 08 Dec 2022 23:09:41 GMT",
        "MS-CV": "qcEhF7NNRk6snFaSHQIr6A.0",
        "Strict-Transport-Security": "max-age=2592000",
        "Transfer-Encoding": "chunked",
        "X-Azure-Ref": "0tW6SYwAAAACwa4M/dsPlT6QWVC4eDGu4TEFYMzExMDAwMTA4MDQ3ADlmYzdiNTE5LWE4Y2MtNGY4OS05MzVlLWM5MTQ4YWUwOWU4MQ==",
        "X-Cache": "CONFIG_NOCACHE",
        "X-Processing-Time": "267ms"
      },
      "ResponseBody": {
        "operationType": "purchase",
        "status": "running",
        "resourceLocation": null,
        "createdDateTime": "2022-12-08T23:09:35.0722187\u002B00:00",
        "id": "sanitized",
        "lastActionDateTime": "0001-01-01T00:00:00\u002B00:00"
      }
    },
    {
      "RequestUri": "https://sanitized.communication.azure.com/phoneNumbers/operations/purchase_8c02bbe5-42c9-46f3-bcda-56bc547f1dee?api-version=2022-01-11-preview2",
      "RequestMethod": "GET",
      "RequestHeaders": {
        "Accept": "*/*",
        "Accept-Encoding": "gzip, deflate",
        "Connection": "keep-alive",
        "User-Agent": "azsdk-python-communication-phonenumbers/1.1.0b3 Python/3.9.13 (Windows-10-10.0.22621-SP0)",
        "x-ms-content-sha256": "47DEQpj8HBSa\u002B/TImW\u002B5JCeuQeRkm5NMpJWZG3hSuFU=",
        "x-ms-date": "Thu, 08 Dec 2022 23:09:43 GMT",
        "x-ms-return-client-request-id": "true"
      },
      "RequestBody": null,
      "StatusCode": 200,
      "ResponseHeaders": {
        "api-supported-versions": "2021-03-07, 2022-01-11-preview2, 2022-06-01-preview, 2022-11-15-preview, 2022-12-01",
        "Content-Type": "application/json; charset=utf-8",
        "Date": "Thu, 08 Dec 2022 23:09:43 GMT",
        "MS-CV": "hS0fAHyZ5k\u002BVnrc5GCIu3g.0",
        "Strict-Transport-Security": "max-age=2592000",
        "Transfer-Encoding": "chunked",
        "X-Azure-Ref": "0uG6SYwAAAACxKWtSHoh5Tq4oaO0kOflbTEFYMzExMDAwMTA4MDQ3ADlmYzdiNTE5LWE4Y2MtNGY4OS05MzVlLWM5MTQ4YWUwOWU4MQ==",
        "X-Cache": "CONFIG_NOCACHE",
        "X-Processing-Time": "518ms"
      },
      "ResponseBody": {
        "operationType": "purchase",
        "status": "running",
        "resourceLocation": null,
        "createdDateTime": "2022-12-08T23:09:35.0722187\u002B00:00",
        "id": "sanitized",
        "lastActionDateTime": "0001-01-01T00:00:00\u002B00:00"
      }
    },
    {
      "RequestUri": "https://sanitized.communication.azure.com/phoneNumbers/operations/purchase_8c02bbe5-42c9-46f3-bcda-56bc547f1dee?api-version=2022-01-11-preview2",
      "RequestMethod": "GET",
      "RequestHeaders": {
        "Accept": "*/*",
        "Accept-Encoding": "gzip, deflate",
        "Connection": "keep-alive",
        "User-Agent": "azsdk-python-communication-phonenumbers/1.1.0b3 Python/3.9.13 (Windows-10-10.0.22621-SP0)",
        "x-ms-content-sha256": "47DEQpj8HBSa\u002B/TImW\u002B5JCeuQeRkm5NMpJWZG3hSuFU=",
        "x-ms-date": "Thu, 08 Dec 2022 23:09:46 GMT",
        "x-ms-return-client-request-id": "true"
      },
      "RequestBody": null,
      "StatusCode": 200,
      "ResponseHeaders": {
        "api-supported-versions": "2021-03-07, 2022-01-11-preview2, 2022-06-01-preview, 2022-11-15-preview, 2022-12-01",
        "Content-Type": "application/json; charset=utf-8",
        "Date": "Thu, 08 Dec 2022 23:09:46 GMT",
        "MS-CV": "SKDb1QJKBk29WX\u002B6KaLDHg.0",
        "Strict-Transport-Security": "max-age=2592000",
        "Transfer-Encoding": "chunked",
        "X-Azure-Ref": "0um6SYwAAAACei\u002BArgprmTp2xOpJvLa2CTEFYMzExMDAwMTA4MDQ3ADlmYzdiNTE5LWE4Y2MtNGY4OS05MzVlLWM5MTQ4YWUwOWU4MQ==",
        "X-Cache": "CONFIG_NOCACHE",
        "X-Processing-Time": "271ms"
      },
      "ResponseBody": {
        "operationType": "purchase",
        "status": "notStarted",
        "resourceLocation": null,
        "createdDateTime": "2022-12-08T23:09:35.0722187\u002B00:00",
        "id": "sanitized",
        "lastActionDateTime": "0001-01-01T00:00:00\u002B00:00"
      }
    },
    {
      "RequestUri": "https://sanitized.communication.azure.com/phoneNumbers/operations/purchase_8c02bbe5-42c9-46f3-bcda-56bc547f1dee?api-version=2022-01-11-preview2",
      "RequestMethod": "GET",
      "RequestHeaders": {
        "Accept": "*/*",
        "Accept-Encoding": "gzip, deflate",
        "Connection": "keep-alive",
        "User-Agent": "azsdk-python-communication-phonenumbers/1.1.0b3 Python/3.9.13 (Windows-10-10.0.22621-SP0)",
        "x-ms-content-sha256": "47DEQpj8HBSa\u002B/TImW\u002B5JCeuQeRkm5NMpJWZG3hSuFU=",
        "x-ms-date": "Thu, 08 Dec 2022 23:09:48 GMT",
        "x-ms-return-client-request-id": "true"
      },
      "RequestBody": null,
      "StatusCode": 200,
      "ResponseHeaders": {
        "api-supported-versions": "2021-03-07, 2022-01-11-preview2, 2022-06-01-preview, 2022-11-15-preview, 2022-12-01",
        "Content-Type": "application/json; charset=utf-8",
        "Date": "Thu, 08 Dec 2022 23:09:48 GMT",
        "MS-CV": "eVJLQYML\u002B0CJBs55LEYiYQ.0",
        "Strict-Transport-Security": "max-age=2592000",
        "Transfer-Encoding": "chunked",
        "X-Azure-Ref": "0vW6SYwAAAADJIK4vkOcuToAqgMlfn2P3TEFYMzExMDAwMTA4MDQ3ADlmYzdiNTE5LWE4Y2MtNGY4OS05MzVlLWM5MTQ4YWUwOWU4MQ==",
        "X-Cache": "CONFIG_NOCACHE",
        "X-Processing-Time": "520ms"
      },
      "ResponseBody": {
        "operationType": "purchase",
        "status": "notStarted",
        "resourceLocation": null,
        "createdDateTime": "2022-12-08T23:09:35.0722187\u002B00:00",
        "id": "sanitized",
        "lastActionDateTime": "0001-01-01T00:00:00\u002B00:00"
      }
    },
    {
      "RequestUri": "https://sanitized.communication.azure.com/phoneNumbers/operations/purchase_8c02bbe5-42c9-46f3-bcda-56bc547f1dee?api-version=2022-01-11-preview2",
      "RequestMethod": "GET",
      "RequestHeaders": {
        "Accept": "*/*",
        "Accept-Encoding": "gzip, deflate",
        "Connection": "keep-alive",
        "User-Agent": "azsdk-python-communication-phonenumbers/1.1.0b3 Python/3.9.13 (Windows-10-10.0.22621-SP0)",
        "x-ms-content-sha256": "47DEQpj8HBSa\u002B/TImW\u002B5JCeuQeRkm5NMpJWZG3hSuFU=",
        "x-ms-date": "Thu, 08 Dec 2022 23:09:51 GMT",
        "x-ms-return-client-request-id": "true"
      },
      "RequestBody": null,
      "StatusCode": 200,
      "ResponseHeaders": {
        "api-supported-versions": "2021-03-07, 2022-01-11-preview2, 2022-06-01-preview, 2022-11-15-preview, 2022-12-01",
        "Content-Type": "application/json; charset=utf-8",
        "Date": "Thu, 08 Dec 2022 23:09:51 GMT",
        "MS-CV": "FuSpwn\u002BBgku916gPUo3fSQ.0",
        "Strict-Transport-Security": "max-age=2592000",
        "Transfer-Encoding": "chunked",
        "X-Azure-Ref": "0v26SYwAAAADU0puT3rENSIP3/UxGl0EpTEFYMzExMDAwMTA4MDQ3ADlmYzdiNTE5LWE4Y2MtNGY4OS05MzVlLWM5MTQ4YWUwOWU4MQ==",
        "X-Cache": "CONFIG_NOCACHE",
        "X-Processing-Time": "283ms"
      },
      "ResponseBody": {
        "operationType": "purchase",
        "status": "notStarted",
        "resourceLocation": null,
        "createdDateTime": "2022-12-08T23:09:35.0722187\u002B00:00",
        "id": "sanitized",
        "lastActionDateTime": "0001-01-01T00:00:00\u002B00:00"
      }
    },
    {
      "RequestUri": "https://sanitized.communication.azure.com/phoneNumbers/operations/purchase_8c02bbe5-42c9-46f3-bcda-56bc547f1dee?api-version=2022-01-11-preview2",
      "RequestMethod": "GET",
      "RequestHeaders": {
        "Accept": "*/*",
        "Accept-Encoding": "gzip, deflate",
        "Connection": "keep-alive",
        "User-Agent": "azsdk-python-communication-phonenumbers/1.1.0b3 Python/3.9.13 (Windows-10-10.0.22621-SP0)",
        "x-ms-content-sha256": "47DEQpj8HBSa\u002B/TImW\u002B5JCeuQeRkm5NMpJWZG3hSuFU=",
        "x-ms-date": "Thu, 08 Dec 2022 23:09:53 GMT",
        "x-ms-return-client-request-id": "true"
      },
      "RequestBody": null,
      "StatusCode": 200,
      "ResponseHeaders": {
        "api-supported-versions": "2021-03-07, 2022-01-11-preview2, 2022-06-01-preview, 2022-11-15-preview, 2022-12-01",
        "Content-Type": "application/json; charset=utf-8",
        "Date": "Thu, 08 Dec 2022 23:09:53 GMT",
        "MS-CV": "WOy34VsgGE\u002Bww1//Lj4EqA.0",
        "Strict-Transport-Security": "max-age=2592000",
        "Transfer-Encoding": "chunked",
        "X-Azure-Ref": "0wm6SYwAAAACgqhD08DG3TrzIlW3XT8H6TEFYMzExMDAwMTA4MDQ3ADlmYzdiNTE5LWE4Y2MtNGY4OS05MzVlLWM5MTQ4YWUwOWU4MQ==",
        "X-Cache": "CONFIG_NOCACHE",
        "X-Processing-Time": "510ms"
      },
      "ResponseBody": {
        "operationType": "purchase",
        "status": "notStarted",
        "resourceLocation": null,
        "createdDateTime": "2022-12-08T23:09:35.0722187\u002B00:00",
        "id": "sanitized",
        "lastActionDateTime": "0001-01-01T00:00:00\u002B00:00"
      }
    },
    {
      "RequestUri": "https://sanitized.communication.azure.com/phoneNumbers/operations/purchase_8c02bbe5-42c9-46f3-bcda-56bc547f1dee?api-version=2022-01-11-preview2",
      "RequestMethod": "GET",
      "RequestHeaders": {
        "Accept": "*/*",
        "Accept-Encoding": "gzip, deflate",
        "Connection": "keep-alive",
        "User-Agent": "azsdk-python-communication-phonenumbers/1.1.0b3 Python/3.9.13 (Windows-10-10.0.22621-SP0)",
        "x-ms-content-sha256": "47DEQpj8HBSa\u002B/TImW\u002B5JCeuQeRkm5NMpJWZG3hSuFU=",
        "x-ms-date": "Thu, 08 Dec 2022 23:09:56 GMT",
        "x-ms-return-client-request-id": "true"
      },
      "RequestBody": null,
      "StatusCode": 200,
      "ResponseHeaders": {
        "api-supported-versions": "2021-03-07, 2022-01-11-preview2, 2022-06-01-preview, 2022-11-15-preview, 2022-12-01",
        "Content-Type": "application/json; charset=utf-8",
        "Date": "Thu, 08 Dec 2022 23:09:56 GMT",
        "MS-CV": "qigMmLmfI0eNOvtpo3bdMQ.0",
        "Strict-Transport-Security": "max-age=2592000",
        "Transfer-Encoding": "chunked",
        "X-Azure-Ref": "0xG6SYwAAAAAa0xio1TgjQYVfx6RLjovVTEFYMzExMDAwMTA4MDQ3ADlmYzdiNTE5LWE4Y2MtNGY4OS05MzVlLWM5MTQ4YWUwOWU4MQ==",
        "X-Cache": "CONFIG_NOCACHE",
        "X-Processing-Time": "273ms"
      },
      "ResponseBody": {
        "operationType": "purchase",
        "status": "notStarted",
        "resourceLocation": null,
        "createdDateTime": "2022-12-08T23:09:35.0722187\u002B00:00",
        "id": "sanitized",
        "lastActionDateTime": "0001-01-01T00:00:00\u002B00:00"
      }
    },
    {
      "RequestUri": "https://sanitized.communication.azure.com/phoneNumbers/operations/purchase_8c02bbe5-42c9-46f3-bcda-56bc547f1dee?api-version=2022-01-11-preview2",
      "RequestMethod": "GET",
      "RequestHeaders": {
        "Accept": "*/*",
        "Accept-Encoding": "gzip, deflate",
        "Connection": "keep-alive",
        "User-Agent": "azsdk-python-communication-phonenumbers/1.1.0b3 Python/3.9.13 (Windows-10-10.0.22621-SP0)",
        "x-ms-content-sha256": "47DEQpj8HBSa\u002B/TImW\u002B5JCeuQeRkm5NMpJWZG3hSuFU=",
        "x-ms-date": "Thu, 08 Dec 2022 23:09:58 GMT",
        "x-ms-return-client-request-id": "true"
      },
      "RequestBody": null,
      "StatusCode": 200,
      "ResponseHeaders": {
        "api-supported-versions": "2021-03-07, 2022-01-11-preview2, 2022-06-01-preview, 2022-11-15-preview, 2022-12-01",
        "Content-Type": "application/json; charset=utf-8",
        "Date": "Thu, 08 Dec 2022 23:09:58 GMT",
        "MS-CV": "aVEb2tpo2kW8zNWWmn8Dkg.0",
        "Strict-Transport-Security": "max-age=2592000",
        "Transfer-Encoding": "chunked",
        "X-Azure-Ref": "0x26SYwAAAACxg5AKlJEuRIx/p1HcOIJUTEFYMzExMDAwMTA4MDQ3ADlmYzdiNTE5LWE4Y2MtNGY4OS05MzVlLWM5MTQ4YWUwOWU4MQ==",
        "X-Cache": "CONFIG_NOCACHE",
        "X-Processing-Time": "515ms"
      },
      "ResponseBody": {
        "operationType": "purchase",
        "status": "notStarted",
        "resourceLocation": null,
        "createdDateTime": "2022-12-08T23:09:35.0722187\u002B00:00",
        "id": "sanitized",
        "lastActionDateTime": "0001-01-01T00:00:00\u002B00:00"
      }
    },
    {
      "RequestUri": "https://sanitized.communication.azure.com/phoneNumbers/operations/purchase_8c02bbe5-42c9-46f3-bcda-56bc547f1dee?api-version=2022-01-11-preview2",
      "RequestMethod": "GET",
      "RequestHeaders": {
        "Accept": "*/*",
        "Accept-Encoding": "gzip, deflate",
        "Connection": "keep-alive",
        "User-Agent": "azsdk-python-communication-phonenumbers/1.1.0b3 Python/3.9.13 (Windows-10-10.0.22621-SP0)",
        "x-ms-content-sha256": "47DEQpj8HBSa\u002B/TImW\u002B5JCeuQeRkm5NMpJWZG3hSuFU=",
        "x-ms-date": "Thu, 08 Dec 2022 23:10:01 GMT",
        "x-ms-return-client-request-id": "true"
      },
      "RequestBody": null,
      "StatusCode": 200,
      "ResponseHeaders": {
        "api-supported-versions": "2021-03-07, 2022-01-11-preview2, 2022-06-01-preview, 2022-11-15-preview, 2022-12-01",
        "Content-Type": "application/json; charset=utf-8",
        "Date": "Thu, 08 Dec 2022 23:10:01 GMT",
        "MS-CV": "lYRbLNLUjE2xIxFZNV1W1w.0",
        "Strict-Transport-Security": "max-age=2592000",
        "Transfer-Encoding": "chunked",
        "X-Azure-Ref": "0yW6SYwAAAADzLJTi8AMnR5WdYqNKp9O0TEFYMzExMDAwMTA4MDQ3ADlmYzdiNTE5LWE4Y2MtNGY4OS05MzVlLWM5MTQ4YWUwOWU4MQ==",
        "X-Cache": "CONFIG_NOCACHE",
        "X-Processing-Time": "267ms"
      },
      "ResponseBody": {
        "operationType": "purchase",
        "status": "notStarted",
        "resourceLocation": null,
        "createdDateTime": "2022-12-08T23:09:35.0722187\u002B00:00",
        "id": "sanitized",
        "lastActionDateTime": "0001-01-01T00:00:00\u002B00:00"
      }
    },
    {
      "RequestUri": "https://sanitized.communication.azure.com/phoneNumbers/operations/purchase_8c02bbe5-42c9-46f3-bcda-56bc547f1dee?api-version=2022-01-11-preview2",
      "RequestMethod": "GET",
      "RequestHeaders": {
        "Accept": "*/*",
        "Accept-Encoding": "gzip, deflate",
        "Connection": "keep-alive",
        "User-Agent": "azsdk-python-communication-phonenumbers/1.1.0b3 Python/3.9.13 (Windows-10-10.0.22621-SP0)",
        "x-ms-content-sha256": "47DEQpj8HBSa\u002B/TImW\u002B5JCeuQeRkm5NMpJWZG3hSuFU=",
        "x-ms-date": "Thu, 08 Dec 2022 23:10:03 GMT",
        "x-ms-return-client-request-id": "true"
      },
      "RequestBody": null,
      "StatusCode": 200,
      "ResponseHeaders": {
        "api-supported-versions": "2021-03-07, 2022-01-11-preview2, 2022-06-01-preview, 2022-11-15-preview, 2022-12-01",
        "Content-Type": "application/json; charset=utf-8",
        "Date": "Thu, 08 Dec 2022 23:10:03 GMT",
        "MS-CV": "OEy8wopSj065bAg4lWTKmw.0",
        "Strict-Transport-Security": "max-age=2592000",
        "Transfer-Encoding": "chunked",
        "X-Azure-Ref": "0y26SYwAAAACYkmubDlLcQ6wkqMH8gStKTEFYMzExMDAwMTA4MDQ3ADlmYzdiNTE5LWE4Y2MtNGY4OS05MzVlLWM5MTQ4YWUwOWU4MQ==",
        "X-Cache": "CONFIG_NOCACHE",
        "X-Processing-Time": "518ms"
      },
      "ResponseBody": {
        "operationType": "purchase",
        "status": "notStarted",
        "resourceLocation": null,
        "createdDateTime": "2022-12-08T23:09:35.0722187\u002B00:00",
        "id": "sanitized",
        "lastActionDateTime": "0001-01-01T00:00:00\u002B00:00"
      }
    },
    {
      "RequestUri": "https://sanitized.communication.azure.com/phoneNumbers/operations/purchase_8c02bbe5-42c9-46f3-bcda-56bc547f1dee?api-version=2022-01-11-preview2",
      "RequestMethod": "GET",
      "RequestHeaders": {
        "Accept": "*/*",
        "Accept-Encoding": "gzip, deflate",
        "Connection": "keep-alive",
        "User-Agent": "azsdk-python-communication-phonenumbers/1.1.0b3 Python/3.9.13 (Windows-10-10.0.22621-SP0)",
        "x-ms-content-sha256": "47DEQpj8HBSa\u002B/TImW\u002B5JCeuQeRkm5NMpJWZG3hSuFU=",
        "x-ms-date": "Thu, 08 Dec 2022 23:10:06 GMT",
        "x-ms-return-client-request-id": "true"
      },
      "RequestBody": null,
      "StatusCode": 200,
      "ResponseHeaders": {
        "api-supported-versions": "2021-03-07, 2022-01-11-preview2, 2022-06-01-preview, 2022-11-15-preview, 2022-12-01",
        "Content-Type": "application/json; charset=utf-8",
        "Date": "Thu, 08 Dec 2022 23:10:05 GMT",
        "MS-CV": "Q9CsUzcsmE\u002B/8Ap3l/T5YA.0",
        "Strict-Transport-Security": "max-age=2592000",
        "Transfer-Encoding": "chunked",
        "X-Azure-Ref": "0zm6SYwAAAAB8R2qIgyLLSbOWvnxLJn1VTEFYMzExMDAwMTA4MDQ3ADlmYzdiNTE5LWE4Y2MtNGY4OS05MzVlLWM5MTQ4YWUwOWU4MQ==",
        "X-Cache": "CONFIG_NOCACHE",
        "X-Processing-Time": "296ms"
      },
      "ResponseBody": {
        "operationType": "purchase",
        "status": "succeeded",
        "resourceLocation": null,
        "createdDateTime": "2022-12-08T23:09:35.0722187\u002B00:00",
        "id": "sanitized",
        "lastActionDateTime": "0001-01-01T00:00:00\u002B00:00"
      }
    },
    {
      "RequestUri": "https://sanitized.communication.azure.com/phoneNumbers/sanitized?api-version=2022-01-11-preview2",
      "RequestMethod": "DELETE",
      "RequestHeaders": {
        "Accept": "application/json",
        "Accept-Encoding": "gzip, deflate",
        "Connection": "keep-alive",
        "Content-Length": "0",
        "User-Agent": "azsdk-python-communication-phonenumbers/1.1.0b3 Python/3.9.13 (Windows-10-10.0.22621-SP0)",
        "x-ms-content-sha256": "47DEQpj8HBSa\u002B/TImW\u002B5JCeuQeRkm5NMpJWZG3hSuFU=",
        "x-ms-date": "Thu, 08 Dec 2022 23:10:06 GMT",
        "x-ms-return-client-request-id": "true"
      },
      "RequestBody": null,
      "StatusCode": 202,
      "ResponseHeaders": {
        "Access-Control-Expose-Headers": "Operation-Location,operation-id,release-id",
        "api-supported-versions": "2021-03-07, 2022-01-11-preview2, 2022-06-01-preview, 2022-12-01",
        "Content-Length": "0",
        "Date": "Thu, 08 Dec 2022 23:10:08 GMT",
        "MS-CV": "xkShzTe/I0Wmjo7i/BOo\u002Bw.0",
        "operation-id": "release_e123ecab-64c7-4fd3-96cf-f28a331b603f",
        "Operation-Location": "/phoneNumbers/operations/release_e123ecab-64c7-4fd3-96cf-f28a331b603f?api-version=2022-01-11-preview2",
        "release-id": "e123ecab-64c7-4fd3-96cf-f28a331b603f",
        "Strict-Transport-Security": "max-age=2592000",
        "X-Azure-Ref": "0zm6SYwAAAAAos\u002BEi2je3QIQxSAYV1ok7TEFYMzExMDAwMTA4MDQ3ADlmYzdiNTE5LWE4Y2MtNGY4OS05MzVlLWM5MTQ4YWUwOWU4MQ==",
        "X-Cache": "CONFIG_NOCACHE",
        "X-Processing-Time": "2018ms"
      },
      "ResponseBody": null
    },
    {
      "RequestUri": "https://sanitized.communication.azure.com/phoneNumbers/operations/release_e123ecab-64c7-4fd3-96cf-f28a331b603f?api-version=2022-01-11-preview2",
      "RequestMethod": "GET",
      "RequestHeaders": {
        "Accept": "*/*",
        "Accept-Encoding": "gzip, deflate",
        "Connection": "keep-alive",
        "User-Agent": "azsdk-python-communication-phonenumbers/1.1.0b3 Python/3.9.13 (Windows-10-10.0.22621-SP0)",
        "x-ms-content-sha256": "47DEQpj8HBSa\u002B/TImW\u002B5JCeuQeRkm5NMpJWZG3hSuFU=",
        "x-ms-date": "Thu, 08 Dec 2022 23:10:08 GMT",
        "x-ms-return-client-request-id": "true"
      },
      "RequestBody": null,
      "StatusCode": 200,
      "ResponseHeaders": {
        "api-supported-versions": "2021-03-07, 2022-01-11-preview2, 2022-06-01-preview, 2022-11-15-preview, 2022-12-01",
        "Content-Type": "application/json; charset=utf-8",
        "Date": "Thu, 08 Dec 2022 23:10:08 GMT",
        "MS-CV": "lS1lHLwqKkKOGX6ufStl0w.0",
        "Strict-Transport-Security": "max-age=2592000",
        "Transfer-Encoding": "chunked",
        "X-Azure-Ref": "00G6SYwAAAAB6YMi\u002B\u002BL47RLlMNmzSaWIcTEFYMzExMDAwMTA4MDQ3ADlmYzdiNTE5LWE4Y2MtNGY4OS05MzVlLWM5MTQ4YWUwOWU4MQ==",
        "X-Cache": "CONFIG_NOCACHE",
        "X-Processing-Time": "461ms"
      },
      "ResponseBody": {
        "operationType": "releasePhoneNumber",
        "status": "running",
        "resourceLocation": null,
        "createdDateTime": "2022-12-08T23:10:07.5909422\u002B00:00",
        "id": "sanitized",
        "lastActionDateTime": "0001-01-01T00:00:00\u002B00:00"
      }
    },
    {
      "RequestUri": "https://sanitized.communication.azure.com/phoneNumbers/operations/release_e123ecab-64c7-4fd3-96cf-f28a331b603f?api-version=2022-01-11-preview2",
      "RequestMethod": "GET",
      "RequestHeaders": {
        "Accept": "*/*",
        "Accept-Encoding": "gzip, deflate",
        "Connection": "keep-alive",
        "User-Agent": "azsdk-python-communication-phonenumbers/1.1.0b3 Python/3.9.13 (Windows-10-10.0.22621-SP0)",
        "x-ms-content-sha256": "47DEQpj8HBSa\u002B/TImW\u002B5JCeuQeRkm5NMpJWZG3hSuFU=",
        "x-ms-date": "Thu, 08 Dec 2022 23:10:11 GMT",
        "x-ms-return-client-request-id": "true"
      },
      "RequestBody": null,
      "StatusCode": 200,
      "ResponseHeaders": {
        "api-supported-versions": "2021-03-07, 2022-01-11-preview2, 2022-06-01-preview, 2022-11-15-preview, 2022-12-01",
        "Content-Type": "application/json; charset=utf-8",
        "Date": "Thu, 08 Dec 2022 23:10:11 GMT",
        "MS-CV": "TriPi3DC7UWLb1i7ohFznw.0",
        "Strict-Transport-Security": "max-age=2592000",
        "Transfer-Encoding": "chunked",
        "X-Azure-Ref": "0026SYwAAAAAjEy/uwMrlSIt2vEEuXRv7TEFYMzExMDAwMTA4MDQ3ADlmYzdiNTE5LWE4Y2MtNGY4OS05MzVlLWM5MTQ4YWUwOWU4MQ==",
        "X-Cache": "CONFIG_NOCACHE",
        "X-Processing-Time": "469ms"
      },
      "ResponseBody": {
        "operationType": "releasePhoneNumber",
        "status": "running",
        "resourceLocation": null,
        "createdDateTime": "2022-12-08T23:10:07.5909422\u002B00:00",
        "id": "sanitized",
        "lastActionDateTime": "0001-01-01T00:00:00\u002B00:00"
      }
    },
    {
      "RequestUri": "https://sanitized.communication.azure.com/phoneNumbers/operations/release_e123ecab-64c7-4fd3-96cf-f28a331b603f?api-version=2022-01-11-preview2",
      "RequestMethod": "GET",
      "RequestHeaders": {
        "Accept": "*/*",
        "Accept-Encoding": "gzip, deflate",
        "Connection": "keep-alive",
        "User-Agent": "azsdk-python-communication-phonenumbers/1.1.0b3 Python/3.9.13 (Windows-10-10.0.22621-SP0)",
        "x-ms-content-sha256": "47DEQpj8HBSa\u002B/TImW\u002B5JCeuQeRkm5NMpJWZG3hSuFU=",
        "x-ms-date": "Thu, 08 Dec 2022 23:10:13 GMT",
        "x-ms-return-client-request-id": "true"
      },
      "RequestBody": null,
      "StatusCode": 200,
      "ResponseHeaders": {
        "api-supported-versions": "2021-03-07, 2022-01-11-preview2, 2022-06-01-preview, 2022-11-15-preview, 2022-12-01",
        "Content-Type": "application/json; charset=utf-8",
        "Date": "Thu, 08 Dec 2022 23:10:13 GMT",
        "MS-CV": "3VhzC9z4XkmS\u002BbtmzYPBCg.0",
        "Strict-Transport-Security": "max-age=2592000",
        "Transfer-Encoding": "chunked",
        "X-Azure-Ref": "01m6SYwAAAACWAsrRQec6RLD8MnjPRpeNTEFYMzExMDAwMTA4MDQ3ADlmYzdiNTE5LWE4Y2MtNGY4OS05MzVlLWM5MTQ4YWUwOWU4MQ==",
        "X-Cache": "CONFIG_NOCACHE",
        "X-Processing-Time": "256ms"
      },
      "ResponseBody": {
        "operationType": "releasePhoneNumber",
        "status": "succeeded",
        "resourceLocation": null,
        "createdDateTime": "2022-12-08T23:10:07.5909422\u002B00:00",
        "id": "sanitized",
        "lastActionDateTime": "0001-01-01T00:00:00\u002B00:00"
      }
    }
  ],
  "Variables": {}
}
