{
  "Entries": [
    {
      "RequestUri": "https://sanitized.communication.azure.com/phoneNumbers/sanitized?api-version=2023-05-01-preview",
      "RequestMethod": "GET",
      "RequestHeaders": {
        "Accept": "application/json",
        "Accept-Encoding": "gzip, deflate",
        "Content-Length": "0",
        "User-Agent": "azsdk-python-communication-phonenumbers/1.1.1 Python/3.9.13 (Windows-10-10.0.22621-SP0)",
        "x-ms-content-sha256": "sanitized",
        "x-ms-date": "sanitized",
        "x-ms-return-client-request-id": "true"
      },
      "RequestBody": null,
      "StatusCode": 200,
      "ResponseHeaders": {
        "api-supported-versions": "2021-03-07, 2022-01-11-preview2, 2022-06-01-preview, 2022-12-01, 2022-12-02-preview2, 2023-05-01-preview",
        "Content-Length": "301",
        "Content-Type": "application/json; charset=utf-8",
        "Date": "sanitized",
        "MS-CV": "sanitized",
        "Strict-Transport-Security": "max-age=2592000",
        "X-Azure-Ref": "sanitized",
        "X-Cache": "CONFIG_NOCACHE",
        "X-Processing-Time": "1240ms"
      },
      "ResponseBody": {
        "id": "sanitized",
        "phoneNumber": "sanitized",
        "countryCode": "US",
        "phoneNumberType": "tollFree",
        "capabilities": {
          "calling": "outbound",
          "sms": "outbound"
        },
        "assignmentType": "application",
        "purchaseDate": "2021-06-23T23:31:47.0550566\u002B00:00",
        "cost": {
          "amount": 2.0,
          "currencyCode": "USD",
          "billingFrequency": "monthly"
        }
      }
    },
    {
      "RequestUri": "https://sanitized.communication.azure.com/phoneNumbers/sanitized/capabilities?api-version=2023-05-01-preview",
      "RequestMethod": "PATCH",
      "RequestHeaders": {
        "Accept": "application/json",
        "Accept-Encoding": "gzip, deflate",
        "Content-Length": "49",
        "Content-Type": "application/merge-patch\u002Bjson",
        "User-Agent": "azsdk-python-communication-phonenumbers/1.1.1 Python/3.9.13 (Windows-10-10.0.22621-SP0)",
        "x-ms-content-sha256": "sanitized",
        "x-ms-date": "sanitized",
        "x-ms-return-client-request-id": "true"
      },
      "RequestBody": {
        "calling": "inbound",
        "sms": "inbound\u002Boutbound"
      },
      "StatusCode": 202,
      "ResponseHeaders": {
        "Access-Control-Expose-Headers": "Operation-Location,Location,operation-id,capabilities-id",
        "api-supported-versions": "2021-03-07, 2022-01-11-preview2, 2022-06-01-preview, 2022-12-01, 2022-12-02-preview2, 2023-05-01-preview",
        "capabilities-id": "93c3036d-334b-47b9-ad6d-79439fbf405f",
        "Content-Length": "63",
        "Content-Type": "application/json; charset=utf-8",
        "Date": "sanitized",
        "Location": "/phoneNumbers/sanitized?api-version=2023-05-01-preview",
        "MS-CV": "sanitized",
        "operation-id": "capabilities_93c3036d-334b-47b9-ad6d-79439fbf405f",
        "Operation-Location": "/phoneNumbers/operations/capabilities_93c3036d-334b-47b9-ad6d-79439fbf405f?api-version=2023-05-01-preview",
        "Strict-Transport-Security": "max-age=2592000",
        "X-Azure-Ref": "sanitized",
        "X-Cache": "CONFIG_NOCACHE",
        "X-Processing-Time": "2400ms"
      },
      "ResponseBody": {
        "capabilitiesUpdateId": "93c3036d-334b-47b9-ad6d-79439fbf405f"
      }
    },
    {
      "RequestUri": "https://sanitized.communication.azure.com/phoneNumbers/operations/capabilities_93c3036d-334b-47b9-ad6d-79439fbf405f?api-version=2023-05-01-preview",
      "RequestMethod": "GET",
      "RequestHeaders": {
        "Accept": "*/*",
        "Accept-Encoding": "gzip, deflate",
        "Content-Length": "0",
        "User-Agent": "azsdk-python-communication-phonenumbers/1.1.1 Python/3.9.13 (Windows-10-10.0.22621-SP0)",
        "x-ms-content-sha256": "sanitized",
        "x-ms-date": "sanitized",
        "x-ms-return-client-request-id": "true"
      },
      "RequestBody": null,
      "StatusCode": 200,
      "ResponseHeaders": {
        "Access-Control-Expose-Headers": "Location",
        "api-supported-versions": "2021-03-07, 2022-01-11-preview2, 2022-06-01-preview, 2022-11-15-preview, 2022-12-01, 2022-12-02-preview2, 2023-05-01-preview",
        "Content-Type": "application/json; charset=utf-8",
        "Date": "sanitized",
        "Location": "/phoneNumbers/sanitized?api-version=2023-05-01-preview",
        "MS-CV": "sanitized",
        "Strict-Transport-Security": "max-age=2592000",
        "Transfer-Encoding": "chunked",
        "X-Azure-Ref": "sanitized",
        "X-Cache": "CONFIG_NOCACHE",
        "X-Processing-Time": "203ms"
      },
      "ResponseBody": {
        "operationType": "updatePhoneNumberCapabilities",
        "status": "running",
        "resourceLocation": "/phoneNumbers/sanitized?api-version=2023-05-01-preview",
        "createdDateTime": "2023-08-03T22:47:09.8653033\u002B00:00",
        "id": "sanitized",
        "lastActionDateTime": "0001-01-01T00:00:00\u002B00:00"
      }
    },
    {
      "RequestUri": "https://sanitized.communication.azure.com/phoneNumbers/operations/capabilities_93c3036d-334b-47b9-ad6d-79439fbf405f?api-version=2023-05-01-preview",
      "RequestMethod": "GET",
      "RequestHeaders": {
        "Accept": "*/*",
        "Accept-Encoding": "gzip, deflate",
        "Content-Length": "0",
        "User-Agent": "azsdk-python-communication-phonenumbers/1.1.1 Python/3.9.13 (Windows-10-10.0.22621-SP0)",
        "x-ms-content-sha256": "sanitized",
        "x-ms-date": "sanitized",
        "x-ms-return-client-request-id": "true"
      },
      "RequestBody": null,
      "StatusCode": 200,
      "ResponseHeaders": {
        "Access-Control-Expose-Headers": "Location",
        "api-supported-versions": "2021-03-07, 2022-01-11-preview2, 2022-06-01-preview, 2022-11-15-preview, 2022-12-01, 2022-12-02-preview2, 2023-05-01-preview",
        "Content-Type": "application/json; charset=utf-8",
        "Date": "sanitized",
        "Location": "/phoneNumbers/sanitized?api-version=2023-05-01-preview",
        "MS-CV": "sanitized",
        "Strict-Transport-Security": "max-age=2592000",
        "Transfer-Encoding": "chunked",
        "X-Azure-Ref": "sanitized",
        "X-Cache": "CONFIG_NOCACHE",
        "X-Processing-Time": "183ms"
      },
      "ResponseBody": {
        "operationType": "updatePhoneNumberCapabilities",
        "status": "running",
        "resourceLocation": "/phoneNumbers/sanitized?api-version=2023-05-01-preview",
        "createdDateTime": "2023-08-03T22:47:09.8653033\u002B00:00",
        "id": "sanitized",
        "lastActionDateTime": "0001-01-01T00:00:00\u002B00:00"
      }
    },
    {
      "RequestUri": "https://sanitized.communication.azure.com/phoneNumbers/operations/capabilities_93c3036d-334b-47b9-ad6d-79439fbf405f?api-version=2023-05-01-preview",
      "RequestMethod": "GET",
      "RequestHeaders": {
        "Accept": "*/*",
        "Accept-Encoding": "gzip, deflate",
        "Content-Length": "0",
        "User-Agent": "azsdk-python-communication-phonenumbers/1.1.1 Python/3.9.13 (Windows-10-10.0.22621-SP0)",
        "x-ms-content-sha256": "sanitized",
        "x-ms-date": "sanitized",
        "x-ms-return-client-request-id": "true"
      },
      "RequestBody": null,
      "StatusCode": 200,
      "ResponseHeaders": {
        "Access-Control-Expose-Headers": "Location",
        "api-supported-versions": "2021-03-07, 2022-01-11-preview2, 2022-06-01-preview, 2022-11-15-preview, 2022-12-01, 2022-12-02-preview2, 2023-05-01-preview",
        "Content-Type": "application/json; charset=utf-8",
        "Date": "sanitized",
        "Location": "/phoneNumbers/sanitized?api-version=2023-05-01-preview",
        "MS-CV": "sanitized",
        "Strict-Transport-Security": "max-age=2592000",
        "Transfer-Encoding": "chunked",
        "X-Azure-Ref": "sanitized",
        "X-Cache": "CONFIG_NOCACHE",
        "X-Processing-Time": "167ms"
      },
      "ResponseBody": {
        "operationType": "updatePhoneNumberCapabilities",
        "status": "succeeded",
        "resourceLocation": "/phoneNumbers/sanitized?api-version=2023-05-01-preview",
        "createdDateTime": "2023-08-03T22:47:09.8653033\u002B00:00",
        "id": "sanitized",
        "lastActionDateTime": "0001-01-01T00:00:00\u002B00:00"
      }
    },
    {
      "RequestUri": "https://sanitized.communication.azure.com/phoneNumbers/sanitized?api-version=2023-05-01-preview",
      "RequestMethod": "GET",
      "RequestHeaders": {
        "Accept": "*/*",
        "Accept-Encoding": "gzip, deflate",
        "Content-Length": "0",
        "User-Agent": "azsdk-python-communication-phonenumbers/1.1.1 Python/3.9.13 (Windows-10-10.0.22621-SP0)",
        "x-ms-content-sha256": "sanitized",
        "x-ms-date": "sanitized",
        "x-ms-return-client-request-id": "true"
      },
      "RequestBody": null,
      "StatusCode": 200,
      "ResponseHeaders": {
        "api-supported-versions": "2021-03-07, 2022-01-11-preview2, 2022-06-01-preview, 2022-12-01, 2022-12-02-preview2, 2023-05-01-preview",
        "Content-Length": "308",
        "Content-Type": "application/json; charset=utf-8",
        "Date": "sanitized",
        "MS-CV": "sanitized",
        "Strict-Transport-Security": "max-age=2592000",
        "X-Azure-Ref": "sanitized",
        "X-Cache": "CONFIG_NOCACHE",
        "X-Processing-Time": "1219ms"
      },
      "ResponseBody": {
        "id": "sanitized",
        "phoneNumber": "sanitized",
        "countryCode": "US",
        "phoneNumberType": "tollFree",
        "capabilities": {
          "calling": "inbound",
          "sms": "inbound\u002Boutbound"
        },
        "assignmentType": "application",
        "purchaseDate": "2021-06-23T23:31:47.0550566\u002B00:00",
        "cost": {
          "amount": 2.0,
          "currencyCode": "USD",
          "billingFrequency": "monthly"
        }
      }
    }
  ],
  "Variables": {}
}
