interactions:
- request:
    body: hello world
    headers:
      Accept:
      - '*/*'
      Accept-Encoding:
      - gzip, deflate
      Connection:
      - keep-alive
      Content-Length:
      - '11'
      Content-Type:
      - application/octet-stream
      User-Agent:
      - python/3.6.5 (Darwin-16.7.0-x86_64-i386-64bit) azure-core/0.0.1
      x-ms-blob-type:
      - BlockBlob
      x-ms-client-request-id:
      - a69d6b0c-8eca-11e9-82d9-f45c89a7d159
      x-ms-date:
      - Fri, 14 Jun 2019 17:34:24 GMT
      x-ms-version:
      - '2018-03-28'
    method: PUT
    uri: https://remotestoragename.blob.core.windows.net/utcontainer1b6c14c7/blob1b6c14c7
  response:
    body:
      string: ''
    headers:
      Content-Length:
      - '0'
      Content-MD5:
      - XrY7u+Ae7tCTyyK7j1rNww==
      Date:
      - Fri, 14 Jun 2019 17:34:24 GMT
      ETag:
      - '"0x8D6F0EE8B64E625"'
      Last-Modified:
      - Fri, 14 Jun 2019 17:34:25 GMT
      Server:
      - Windows-Azure-Blob/1.0 Microsoft-HTTPAPI/2.0
      x-ms-request-id:
      - 0274c215-101e-0037-66d7-22c8af000000
      x-ms-request-server-encrypted:
      - 'true'
      x-ms-version:
      - '2018-03-28'
    status:
      code: 201
      message: Created
- request:
    body: null
    headers:
      Accept:
      - '*/*'
      Accept-Encoding:
      - gzip, deflate
      Connection:
      - keep-alive
      User-Agent:
      - python/3.6.5 (Darwin-16.7.0-x86_64-i386-64bit) azure-core/0.0.1
      x-ms-client-request-id:
      - a6befdba-8eca-11e9-b363-f45c89a7d159
      x-ms-date:
      - Fri, 14 Jun 2019 17:34:24 GMT
      x-ms-version:
      - '2018-03-28'
    method: HEAD
    uri: https://remotestoragename.blob.core.windows.net/utcontainer1b6c14c7/blob1b6c14c7
  response:
    body:
      string: ''
    headers:
      Accept-Ranges:
      - bytes
      Content-Length:
      - '11'
      Content-MD5:
      - XrY7u+Ae7tCTyyK7j1rNww==
      Content-Type:
      - application/octet-stream
      Date:
      - Fri, 14 Jun 2019 17:34:24 GMT
      ETag:
      - '"0x8D6F0EE8B64E625"'
      Last-Modified:
      - Fri, 14 Jun 2019 17:34:25 GMT
      Server:
      - Windows-Azure-Blob/1.0 Microsoft-HTTPAPI/2.0
      Vary:
      - Origin
      x-ms-access-tier:
      - Hot
      x-ms-access-tier-inferred:
      - 'true'
      x-ms-blob-type:
      - BlockBlob
      x-ms-creation-time:
      - Fri, 14 Jun 2019 17:34:25 GMT
      x-ms-lease-state:
      - available
      x-ms-lease-status:
      - unlocked
      x-ms-request-id:
      - 0274c230-101e-0037-7fd7-22c8af000000
      x-ms-server-encrypted:
      - 'true'
      x-ms-version:
      - '2018-03-28'
    status:
      code: 200
      message: OK
- request:
    body: null
    headers:
      Accept:
      - application/xml
      Accept-Encoding:
      - gzip, deflate
      Connection:
      - keep-alive
      User-Agent:
      - python/3.6.5 (Darwin-16.7.0-x86_64-i386-64bit) azure-core/0.0.1
      x-ms-client-request-id:
      - a6c8ce46-8eca-11e9-9330-f45c89a7d159
      x-ms-date:
      - Fri, 14 Jun 2019 17:34:24 GMT
      x-ms-range:
      - bytes=0-33554431
      x-ms-version:
      - '2018-03-28'
    method: GET
    uri: https://remotestoragename.blob.core.windows.net/utcontainer1b6c14c7/blob1b6c14c7
  response:
    body:
      string: hello world
    headers:
      Accept-Ranges:
      - bytes
      Content-Length:
      - '11'
      Content-Range:
      - bytes 0-10/11
      Content-Type:
      - application/octet-stream
      Date:
      - Fri, 14 Jun 2019 17:34:24 GMT
      ETag:
      - '"0x8D6F0EE8B64E625"'
      Last-Modified:
      - Fri, 14 Jun 2019 17:34:25 GMT
      Server:
      - Windows-Azure-Blob/1.0 Microsoft-HTTPAPI/2.0
      Vary:
      - Origin
      x-ms-blob-content-md5:
      - XrY7u+Ae7tCTyyK7j1rNww==
      x-ms-blob-type:
      - BlockBlob
      x-ms-creation-time:
      - Fri, 14 Jun 2019 17:34:25 GMT
      x-ms-lease-state:
      - available
      x-ms-lease-status:
      - unlocked
      x-ms-request-id:
      - 0274c240-101e-0037-0dd7-22c8af000000
      x-ms-server-encrypted:
      - 'true'
      x-ms-version:
      - '2018-03-28'
    status:
      code: 206
      message: Partial Content
- request:
    body: hello world
    headers:
      Accept:
      - '*/*'
      Accept-Encoding:
      - gzip, deflate
      Connection:
      - keep-alive
      Content-Length:
      - '11'
      Content-Type:
      - application/octet-stream
      User-Agent:
      - python/3.6.5 (Darwin-16.7.0-x86_64-i386-64bit) azure-core/0.0.1
      x-ms-blob-type:
      - BlockBlob
      x-ms-client-request-id:
      - 667cda74-8ed3-11e9-8b86-f45c89a7d159
      x-ms-date:
      - Fri, 14 Jun 2019 18:37:02 GMT
      x-ms-version:
      - '2018-03-28'
    method: PUT
    uri: https://storagename.blob.core.windows.net/utcontainer1b6c14c7/blob1b6c14c7
  response:
    body:
      string: ''
    headers:
      Content-Length:
      - '0'
      Content-MD5:
      - XrY7u+Ae7tCTyyK7j1rNww==
      Date:
      - Fri, 14 Jun 2019 18:37:01 GMT
      ETag:
      - '"0x8D6F0F74ACE824B"'
      Last-Modified:
      - Fri, 14 Jun 2019 18:37:02 GMT
      Server:
      - Windows-Azure-Blob/1.0 Microsoft-HTTPAPI/2.0
      x-ms-request-id:
      - 24417938-801e-0010-74e0-2252e6000000
      x-ms-request-server-encrypted:
      - 'true'
      x-ms-version:
      - '2018-03-28'
    status:
      code: 201
      message: Created
- request:
    body: null
    headers:
      Accept:
      - '*/*'
      Accept-Encoding:
      - gzip, deflate
      Connection:
      - keep-alive
      User-Agent:
      - python/3.6.5 (Darwin-16.7.0-x86_64-i386-64bit) azure-core/0.0.1
      x-ms-client-request-id:
      - 669e44f0-8ed3-11e9-aca0-f45c89a7d159
      x-ms-date:
      - Fri, 14 Jun 2019 18:37:02 GMT
      x-ms-version:
      - '2018-03-28'
    method: HEAD
    uri: https://storagename.blob.core.windows.net/utcontainer1b6c14c7/blob1b6c14c7
  response:
    body:
      string: ''
    headers:
      Accept-Ranges:
      - bytes
      Content-Length:
      - '11'
      Content-MD5:
      - XrY7u+Ae7tCTyyK7j1rNww==
      Content-Type:
      - application/octet-stream
      Date:
      - Fri, 14 Jun 2019 18:37:01 GMT
      ETag:
      - '"0x8D6F0F74ACE824B"'
      Last-Modified:
      - Fri, 14 Jun 2019 18:37:02 GMT
      Server:
      - Windows-Azure-Blob/1.0 Microsoft-HTTPAPI/2.0
      Vary:
      - Origin
      x-ms-access-tier:
      - Hot
      x-ms-access-tier-inferred:
      - 'true'
      x-ms-blob-type:
      - BlockBlob
      x-ms-creation-time:
      - Fri, 14 Jun 2019 18:37:02 GMT
      x-ms-lease-state:
      - available
      x-ms-lease-status:
      - unlocked
      x-ms-request-id:
      - 24417952-801e-0010-0ce0-2252e6000000
      x-ms-server-encrypted:
      - 'true'
      x-ms-version:
      - '2018-03-28'
    status:
      code: 200
      message: OK
- request:
    body: null
    headers:
      Accept:
      - application/xml
      Accept-Encoding:
      - gzip, deflate
      Connection:
      - keep-alive
      User-Agent:
      - python/3.6.5 (Darwin-16.7.0-x86_64-i386-64bit) azure-core/0.0.1
      x-ms-client-request-id:
      - 66a83c4c-8ed3-11e9-a16f-f45c89a7d159
      x-ms-date:
      - Fri, 14 Jun 2019 18:37:02 GMT
      x-ms-range:
      - bytes=0-33554431
      x-ms-version:
      - '2018-03-28'
    method: GET
    uri: https://storagename.blob.core.windows.net/utcontainer1b6c14c7/blob1b6c14c7
  response:
    body:
      string: hello world
    headers:
      Accept-Ranges:
      - bytes
      Content-Length:
      - '11'
      Content-Range:
      - bytes 0-10/11
      Content-Type:
      - application/octet-stream
      Date:
      - Fri, 14 Jun 2019 18:37:01 GMT
      ETag:
      - '"0x8D6F0F74ACE824B"'
      Last-Modified:
      - Fri, 14 Jun 2019 18:37:02 GMT
      Server:
      - Windows-Azure-Blob/1.0 Microsoft-HTTPAPI/2.0
      Vary:
      - Origin
      x-ms-blob-content-md5:
      - XrY7u+Ae7tCTyyK7j1rNww==
      x-ms-blob-type:
      - BlockBlob
      x-ms-creation-time:
      - Fri, 14 Jun 2019 18:37:02 GMT
      x-ms-lease-state:
      - available
      x-ms-lease-status:
      - unlocked
      x-ms-request-id:
      - 24417964-801e-0010-1ce0-2252e6000000
      x-ms-server-encrypted:
      - 'true'
      x-ms-version:
      - '2018-03-28'
    status:
      code: 206
      message: Partial Content
version: 1
