interactions:
- request:
    body: null
    headers:
      Connection: [keep-alive]
      Content-Length: ['0']
      User-Agent: [Azure-Storage/1.4.0-1.4.0 (Python CPython 3.7.0; Darwin 18.2.0)]
      x-ms-client-request-id: [0afc3310-e473-11e8-9ac5-acde48001122]
      x-ms-date: ['Fri, 09 Nov 2018 22:58:59 GMT']
      x-ms-version: ['2018-03-28']
    method: PUT
    uri: https://storagename.blob.core.windows.net/utcontainerdb0f1c2c?restype=container
  response:
    body: {string: ''}
    headers:
      Date: ['Fri, 09 Nov 2018 22:58:58 GMT']
      ETag: ['"0x8D64696EF459C81"']
      Last-Modified: ['Fri, 09 Nov 2018 22:58:59 GMT']
      Server: [Windows-Azure-Blob/1.0 Microsoft-HTTPAPI/2.0]
      Transfer-Encoding: [chunked]
      x-ms-request-id: [f99d27be-201e-005f-027f-783dd5000000]
      x-ms-version: ['2018-03-28']
    status: {code: 201, message: Created}
- request:
    body: hello world
    headers:
      Connection: [keep-alive]
      Content-Length: ['11']
      User-Agent: [Azure-Storage/1.4.0-1.4.0 (Python CPython 3.7.0; Darwin 18.2.0)]
      x-ms-blob-type: [BlockBlob]
      x-ms-client-request-id: [0b13f14e-e473-11e8-9ac5-acde48001122]
      x-ms-date: ['Fri, 09 Nov 2018 22:58:59 GMT']
      x-ms-version: ['2018-03-28']
    method: PUT
    uri: https://storagename.blob.core.windows.net/utcontainerdb0f1c2c/blob1
  response:
    body: {string: ''}
    headers:
      Content-MD5: [XrY7u+Ae7tCTyyK7j1rNww==]
      Date: ['Fri, 09 Nov 2018 22:58:58 GMT']
      ETag: ['"0x8D64696EF49A5D5"']
      Last-Modified: ['Fri, 09 Nov 2018 22:58:59 GMT']
      Server: [Windows-Azure-Blob/1.0 Microsoft-HTTPAPI/2.0]
      Transfer-Encoding: [chunked]
      x-ms-request-id: [f99d27c9-201e-005f-0b7f-783dd5000000]
      x-ms-request-server-encrypted: ['true']
      x-ms-version: ['2018-03-28']
    status: {code: 201, message: Created}
- request:
    body: null
    headers:
      Connection: [keep-alive]
      Content-Length: ['0']
      If-Unmodified-Since: ['Fri, 09 Nov 2018 23:13:59 GMT']
      User-Agent: [Azure-Storage/1.4.0-1.4.0 (Python CPython 3.7.0; Darwin 18.2.0)]
      x-ms-client-request-id: [0b1d5338-e473-11e8-9ac5-acde48001122]
      x-ms-date: ['Fri, 09 Nov 2018 22:58:59 GMT']
      x-ms-meta-hello: [world]
      x-ms-meta-number: ['42']
      x-ms-version: ['2018-03-28']
    method: PUT
    uri: https://storagename.blob.core.windows.net/utcontainerdb0f1c2c/blob1?comp=metadata
  response:
    body: {string: ''}
    headers:
      Date: ['Fri, 09 Nov 2018 22:58:58 GMT']
      ETag: ['"0x8D64696EF52A897"']
      Last-Modified: ['Fri, 09 Nov 2018 22:58:59 GMT']
      Server: [Windows-Azure-Blob/1.0 Microsoft-HTTPAPI/2.0]
      Transfer-Encoding: [chunked]
      x-ms-request-id: [f99d27da-201e-005f-1b7f-783dd5000000]
      x-ms-request-server-encrypted: ['true']
      x-ms-version: ['2018-03-28']
    status: {code: 200, message: OK}
- request:
    body: null
    headers:
      Connection: [keep-alive]
      User-Agent: [Azure-Storage/1.4.0-1.4.0 (Python CPython 3.7.0; Darwin 18.2.0)]
      x-ms-client-request-id: [0b23c178-e473-11e8-9ac5-acde48001122]
      x-ms-date: ['Fri, 09 Nov 2018 22:58:59 GMT']
      x-ms-version: ['2018-03-28']
    method: HEAD
    uri: https://storagename.blob.core.windows.net/utcontainerdb0f1c2c/blob1?comp=metadata
  response:
    body: {string: ''}
    headers:
      Date: ['Fri, 09 Nov 2018 22:59:06 GMT']
      ETag: ['"0x8D64696EF52A897"']
      Last-Modified: ['Fri, 09 Nov 2018 22:58:59 GMT']
      Server: [Windows-Azure-Blob/1.0 Microsoft-HTTPAPI/2.0]
      Transfer-Encoding: [chunked]
      Vary: [Origin]
      x-ms-meta-hello: [world]
      x-ms-meta-number: ['42']
      x-ms-request-id: [f99d3437-201e-005f-0f7f-783dd5000000]
      x-ms-version: ['2018-03-28']
    status: {code: 200, message: OK}
version: 1
