interactions:
- request:
    body: null
    headers:
      Accept:
      - '*/*'
      Accept-Encoding:
      - gzip, deflate
      Connection:
      - keep-alive
      Content-Length:
      - '0'
      User-Agent:
      - python/3.6.5 (Darwin-16.7.0-x86_64-i386-64bit) azure-core/0.0.1
      x-ms-client-request-id:
      - 6b927fc0-8eca-11e9-bd80-f45c89a7d159
      x-ms-date:
      - Fri, 14 Jun 2019 17:32:45 GMT
      x-ms-version:
      - '2018-03-28'
    method: PUT
    uri: https://remotestoragename.blob.core.windows.net/utcontainer2f0b1d38?restype=container
  response:
    body:
      string: ''
    headers:
      Content-Length:
      - '0'
      Date:
      - Fri, 14 Jun 2019 17:32:45 GMT
      ETag:
      - '"0x8D6F0EE50587182"'
      Last-Modified:
      - Fri, 14 Jun 2019 17:32:46 GMT
      Server:
      - Windows-Azure-Blob/1.0 Microsoft-HTTPAPI/2.0
      x-ms-request-id:
      - d82c1a9e-301e-006f-0dd7-22ccd4000000
      x-ms-version:
      - '2018-03-28'
    status:
      code: 201
      message: Created
- request:
    body: hello world
    headers:
      Accept:
      - '*/*'
      Accept-Encoding:
      - gzip, deflate
      Connection:
      - keep-alive
      Content-Length:
      - '11'
      Content-Type:
      - application/octet-stream
      User-Agent:
      - python/3.6.5 (Darwin-16.7.0-x86_64-i386-64bit) azure-core/0.0.1
      x-ms-blob-type:
      - BlockBlob
      x-ms-client-request-id:
      - 6bb3b29e-8eca-11e9-8eb5-f45c89a7d159
      x-ms-date:
      - Fri, 14 Jun 2019 17:32:45 GMT
      x-ms-version:
      - '2018-03-28'
    method: PUT
    uri: https://remotestoragename.blob.core.windows.net/utcontainer2f0b1d38/blob1
  response:
    body:
      string: ''
    headers:
      Content-Length:
      - '0'
      Content-MD5:
      - XrY7u+Ae7tCTyyK7j1rNww==
      Date:
      - Fri, 14 Jun 2019 17:32:45 GMT
      ETag:
      - '"0x8D6F0EE5061F5CB"'
      Last-Modified:
      - Fri, 14 Jun 2019 17:32:46 GMT
      Server:
      - Windows-Azure-Blob/1.0 Microsoft-HTTPAPI/2.0
      x-ms-request-id:
      - d82c1ad0-301e-006f-3cd7-22ccd4000000
      x-ms-request-server-encrypted:
      - 'true'
      x-ms-version:
      - '2018-03-28'
    status:
      code: 201
      message: Created
- request:
    body: null
    headers:
      Accept:
      - '*/*'
      Accept-Encoding:
      - gzip, deflate
      Connection:
      - keep-alive
      If-Modified-Since:
      - Fri, 14 Jun 2019 17:47:45 GMT
      User-Agent:
      - python/3.6.5 (Darwin-16.7.0-x86_64-i386-64bit) azure-core/0.0.1
      x-ms-client-request-id:
      - 6bbcba4c-8eca-11e9-b57c-f45c89a7d159
      x-ms-date:
      - Fri, 14 Jun 2019 17:32:45 GMT
      x-ms-version:
      - '2018-03-28'
    method: HEAD
    uri: https://remotestoragename.blob.core.windows.net/utcontainer2f0b1d38/blob1
  response:
    body:
      string: ''
    headers:
      Date:
      - Fri, 14 Jun 2019 17:32:45 GMT
      Server:
      - Windows-Azure-Blob/1.0 Microsoft-HTTPAPI/2.0
      Vary:
      - Origin
      x-ms-error-code:
      - ConditionNotMet
      x-ms-request-id:
      - d82c1ae7-301e-006f-52d7-22ccd4000000
      x-ms-version:
      - '2018-03-28'
    status:
      code: 304
      message: The condition specified using HTTP conditional header(s) is not met.
version: 1
