interactions:
- request:
    body: null
    headers:
      Accept:
      - '*/*'
      Accept-Encoding:
      - gzip, deflate
      Connection:
      - keep-alive
      Content-Length:
      - '0'
      User-Agent:
      - python/3.6.5 (Darwin-16.7.0-x86_64-i386-64bit) azure-core/0.0.1
      x-ms-client-request-id:
      - ad66d86e-8ecb-11e9-8137-f45c89a7d159
      x-ms-date:
      - Fri, 14 Jun 2019 17:41:45 GMT
      x-ms-version:
      - '2018-03-28'
    method: PUT
    uri: https://remotestoragename.blob.core.windows.net/container9840123e?restype=container
  response:
    body:
      string: ''
    headers:
      Content-Length:
      - '0'
      Date:
      - Fri, 14 Jun 2019 17:41:45 GMT
      ETag:
      - '"0x8D6F0EF922B50F4"'
      Last-Modified:
      - Fri, 14 Jun 2019 17:41:45 GMT
      Server:
      - Windows-Azure-Blob/1.0 Microsoft-HTTPAPI/2.0
      x-ms-request-id:
      - eee4f3c5-401e-00c1-72d8-22efb9000000
      x-ms-version:
      - '2018-03-28'
    status:
      code: 201
      message: Created
- request:
    body: null
    headers:
      Accept:
      - '*/*'
      Accept-Encoding:
      - gzip, deflate
      Connection:
      - keep-alive
      Content-Length:
      - '0'
      User-Agent:
      - python/3.6.5 (Darwin-16.7.0-x86_64-i386-64bit) azure-core/0.0.1
      x-ms-client-request-id:
      - ad8613fa-8ecb-11e9-aae5-f45c89a7d159
      x-ms-date:
      - Fri, 14 Jun 2019 17:41:45 GMT
      x-ms-meta-hello:
      - world
      x-ms-meta-number:
      - '42'
      x-ms-version:
      - '2018-03-28'
    method: PUT
    uri: https://remotestoragename.blob.core.windows.net/container9840123e?restype=container&comp=metadata
  response:
    body:
      string: ''
    headers:
      Content-Length:
      - '0'
      Date:
      - Fri, 14 Jun 2019 17:41:45 GMT
      ETag:
      - '"0x8D6F0EF923483A7"'
      Last-Modified:
      - Fri, 14 Jun 2019 17:41:46 GMT
      Server:
      - Windows-Azure-Blob/1.0 Microsoft-HTTPAPI/2.0
      x-ms-request-id:
      - eee4f3d1-401e-00c1-7cd8-22efb9000000
      x-ms-version:
      - '2018-03-28'
    status:
      code: 200
      message: OK
- request:
    body: null
    headers:
      Accept:
      - '*/*'
      Accept-Encoding:
      - gzip, deflate
      Connection:
      - keep-alive
      User-Agent:
      - python/3.6.5 (Darwin-16.7.0-x86_64-i386-64bit) azure-core/0.0.1
      x-ms-client-request-id:
      - ad8eaa7e-8ecb-11e9-bbd9-f45c89a7d159
      x-ms-date:
      - Fri, 14 Jun 2019 17:41:45 GMT
      x-ms-version:
      - '2018-03-28'
    method: GET
    uri: https://remotestoragename.blob.core.windows.net/container9840123e?restype=container
  response:
    body:
      string: ''
    headers:
      Content-Length:
      - '0'
      Date:
      - Fri, 14 Jun 2019 17:41:45 GMT
      ETag:
      - '"0x8D6F0EF923483A7"'
      Last-Modified:
      - Fri, 14 Jun 2019 17:41:46 GMT
      Server:
      - Windows-Azure-Blob/1.0 Microsoft-HTTPAPI/2.0
      Vary:
      - Origin
      x-ms-has-immutability-policy:
      - 'false'
      x-ms-has-legal-hold:
      - 'false'
      x-ms-lease-state:
      - available
      x-ms-lease-status:
      - unlocked
      x-ms-meta-hello:
      - world
      x-ms-meta-number:
      - '42'
      x-ms-request-id:
      - eee4f3f7-401e-00c1-20d8-22efb9000000
      x-ms-version:
      - '2018-03-28'
    status:
      code: 200
      message: OK
version: 1
