{
  "Entries": [
    {
      "RequestUri": "https://fakesearchendpoint.search.windows.net/indexes(\u0027drgqefsg\u0027)/docs/search.index?api-version=2021-04-30-Preview",
      "RequestMethod": "POST",
      "RequestHeaders": {
        "Accept": "application/json;odata.metadata=none",
        "Accept-Encoding": "gzip, deflate",
        "Content-Length": "217",
        "Content-Type": "application/json",
        "User-Agent": "azsdk-python-search-documents/11.3.0b7 Python/3.9.2 (Windows-10-10.0.19041-SP0)",
        "x-ms-client-request-id": "adf43517-7fc3-11ec-83db-74c63bed1137"
      },
      "RequestBody": {
        "value": [
          {
            "hotelId": "1000",
            "rating": 5,
            "rooms": [],
            "hotelName": "Azure Inn",
            "@search.action": "upload"
          },
          {
            "hotelId": "1001",
            "rating": 4,
            "rooms": [],
            "hotelName": "Redmond Hotel",
            "@search.action": "upload"
          }
        ]
      },
      "StatusCode": 200,
      "ResponseHeaders": {
        "Cache-Control": "no-cache",
        "Content-Encoding": "gzip",
        "Content-Length": "143",
        "Content-Type": "application/json; odata.metadata=none",
        "Date": "Thu, 27 Jan 2022 22:51:34 GMT",
        "elapsed-time": "31",
        "Expires": "-1",
        "OData-Version": "4.0",
        "Pragma": "no-cache",
        "Preference-Applied": "odata.include-annotations=\u0022*\u0022",
        "request-id": "adf43517-7fc3-11ec-83db-74c63bed1137",
        "Strict-Transport-Security": "max-age=15724800; includeSubDomains",
        "Vary": "Accept-Encoding"
      },
      "ResponseBody": {
        "value": [
          {
            "key": "1000",
            "status": true,
            "errorMessage": null,
            "statusCode": 201
          },
          {
            "key": "1001",
            "status": true,
            "errorMessage": null,
            "statusCode": 201
          }
        ]
      }
    },
    {
      "RequestUri": "https://fakesearchendpoint.search.windows.net/indexes(\u0027drgqefsg\u0027)/docs/$count?api-version=2021-04-30-Preview",
      "RequestMethod": "GET",
      "RequestHeaders": {
        "Accept": "application/json;odata.metadata=none",
        "Accept-Encoding": "gzip, deflate",
        "User-Agent": "azsdk-python-search-documents/11.3.0b7 Python/3.9.2 (Windows-10-10.0.19041-SP0)",
        "x-ms-client-request-id": "b0245f20-7fc3-11ec-8c6c-74c63bed1137"
      },
      "RequestBody": null,
      "StatusCode": 200,
      "ResponseHeaders": {
        "Cache-Control": "no-cache",
        "Content-Encoding": "gzip",
        "Content-Length": "5",
        "Content-Type": "text/plain",
        "Date": "Thu, 27 Jan 2022 22:51:38 GMT",
        "elapsed-time": "7",
        "Expires": "-1",
        "OData-Version": "4.0",
        "Pragma": "no-cache",
        "Preference-Applied": "odata.include-annotations=\u0022*\u0022",
        "request-id": "b0245f20-7fc3-11ec-8c6c-74c63bed1137",
        "Strict-Transport-Security": "max-age=15724800; includeSubDomains",
        "Vary": "Accept-Encoding"
      },
      "ResponseBody": "\uFEFF12"
    },
    {
      "RequestUri": "https://fakesearchendpoint.search.windows.net/indexes(\u0027drgqefsg\u0027)/docs(\u00271000\u0027)?api-version=2021-04-30-Preview",
      "RequestMethod": "GET",
      "RequestHeaders": {
        "Accept": "application/json;odata.metadata=none",
        "Accept-Encoding": "gzip, deflate",
        "User-Agent": "azsdk-python-search-documents/11.3.0b7 Python/3.9.2 (Windows-10-10.0.19041-SP0)",
        "x-ms-client-request-id": "b039e305-7fc3-11ec-a050-74c63bed1137"
      },
      "RequestBody": null,
      "StatusCode": 200,
      "ResponseHeaders": {
        "Cache-Control": "no-cache",
        "Content-Encoding": "gzip",
        "Content-Length": "232",
        "Content-Type": "application/json; odata.metadata=none",
        "Date": "Thu, 27 Jan 2022 22:51:38 GMT",
        "elapsed-time": "14",
        "Expires": "-1",
        "OData-Version": "4.0",
        "Pragma": "no-cache",
        "Preference-Applied": "odata.include-annotations=\u0022*\u0022",
        "request-id": "b039e305-7fc3-11ec-a050-74c63bed1137",
        "Strict-Transport-Security": "max-age=15724800; includeSubDomains",
        "Vary": "Accept-Encoding"
      },
      "ResponseBody": {
        "hotelId": "1000",
        "hotelName": "Azure Inn",
        "description": null,
        "descriptionFr": null,
        "category": null,
        "tags": [],
        "parkingIncluded": null,
        "smokingAllowed": null,
        "lastRenovationDate": null,
        "rating": 5,
        "location": null,
        "address": null,
        "rooms": []
      }
    },
    {
      "RequestUri": "https://fakesearchendpoint.search.windows.net/indexes(\u0027drgqefsg\u0027)/docs(\u00271001\u0027)?api-version=2021-04-30-Preview",
      "RequestMethod": "GET",
      "RequestHeaders": {
        "Accept": "application/json;odata.metadata=none",
        "Accept-Encoding": "gzip, deflate",
        "User-Agent": "azsdk-python-search-documents/11.3.0b7 Python/3.9.2 (Windows-10-10.0.19041-SP0)",
        "x-ms-client-request-id": "b04e536c-7fc3-11ec-8919-74c63bed1137"
      },
      "RequestBody": null,
      "StatusCode": 200,
      "ResponseHeaders": {
        "Cache-Control": "no-cache",
        "Content-Encoding": "gzip",
        "Content-Length": "236",
        "Content-Type": "application/json; odata.metadata=none",
        "Date": "Thu, 27 Jan 2022 22:51:38 GMT",
        "elapsed-time": "7",
        "Expires": "-1",
        "OData-Version": "4.0",
        "Pragma": "no-cache",
        "Preference-Applied": "odata.include-annotations=\u0022*\u0022",
        "request-id": "b04e536c-7fc3-11ec-8919-74c63bed1137",
        "Strict-Transport-Security": "max-age=15724800; includeSubDomains",
        "Vary": "Accept-Encoding"
      },
      "ResponseBody": {
        "hotelId": "1001",
        "hotelName": "Redmond Hotel",
        "description": null,
        "descriptionFr": null,
        "category": null,
        "tags": [],
        "parkingIncluded": null,
        "smokingAllowed": null,
        "lastRenovationDate": null,
        "rating": 4,
        "location": null,
        "address": null,
        "rooms": []
      }
    },
    {
      "RequestUri": "https://fakesearchendpoint.search.windows.net/indexes(\u0027drgqefsg\u0027)/docs/search.index?api-version=2021-04-30-Preview",
      "RequestMethod": "POST",
      "RequestHeaders": {
        "Accept": "application/json;odata.metadata=none",
        "Accept-Encoding": "gzip, deflate",
        "Content-Length": "214",
        "Content-Type": "application/json",
        "User-Agent": "azsdk-python-search-documents/11.3.0b7 Python/3.9.2 (Windows-10-10.0.19041-SP0)",
        "x-ms-client-request-id": "b060e8c6-7fc3-11ec-8f52-74c63bed1137"
      },
      "RequestBody": {
        "value": [
          {
            "hotelId": "1002",
            "rating": 5,
            "rooms": [],
            "hotelName": "Azure Inn",
            "@search.action": "upload"
          },
          {
            "hotelId": "3",
            "rating": 4,
            "rooms": [],
            "hotelName": "Redmond Hotel",
            "@search.action": "upload"
          }
        ]
      },
      "StatusCode": 200,
      "ResponseHeaders": {
        "Cache-Control": "no-cache",
        "Content-Encoding": "gzip",
        "Content-Length": "140",
        "Content-Type": "application/json; odata.metadata=none",
        "Date": "Thu, 27 Jan 2022 22:51:38 GMT",
        "elapsed-time": "38",
        "Expires": "-1",
        "OData-Version": "4.0",
        "Pragma": "no-cache",
        "Preference-Applied": "odata.include-annotations=\u0022*\u0022",
        "request-id": "b060e8c6-7fc3-11ec-8f52-74c63bed1137",
        "Strict-Transport-Security": "max-age=15724800; includeSubDomains",
        "Vary": "Accept-Encoding"
      },
      "ResponseBody": {
        "value": [
          {
            "key": "1002",
            "status": true,
            "errorMessage": null,
            "statusCode": 201
          },
          {
            "key": "3",
            "status": true,
            "errorMessage": null,
            "statusCode": 200
          }
        ]
      }
    },
    {
      "RequestUri": "https://fakesearchendpoint.search.windows.net/indexes(\u0027drgqefsg\u0027)/docs/search.index?api-version=2021-04-30-Preview",
      "RequestMethod": "POST",
      "RequestHeaders": {
        "Accept": "application/json;odata.metadata=none",
        "Accept-Encoding": "gzip, deflate",
        "Content-Length": "103",
        "Content-Type": "application/json",
        "User-Agent": "azsdk-python-search-documents/11.3.0b7 Python/3.9.2 (Windows-10-10.0.19041-SP0)",
        "x-ms-client-request-id": "b077a2fa-7fc3-11ec-9adb-74c63bed1137"
      },
      "RequestBody": {
        "value": [
          {
            "hotelId": "3",
            "@search.action": "delete"
          },
          {
            "hotelId": "4",
            "@search.action": "delete"
          }
        ]
      },
      "StatusCode": 200,
      "ResponseHeaders": {
        "Cache-Control": "no-cache",
        "Content-Encoding": "gzip",
        "Content-Length": "137",
        "Content-Type": "application/json; odata.metadata=none",
        "Date": "Thu, 27 Jan 2022 22:51:38 GMT",
        "elapsed-time": "30",
        "Expires": "-1",
        "OData-Version": "4.0",
        "Pragma": "no-cache",
        "Preference-Applied": "odata.include-annotations=\u0022*\u0022",
        "request-id": "b077a2fa-7fc3-11ec-9adb-74c63bed1137",
        "Strict-Transport-Security": "max-age=15724800; includeSubDomains",
        "Vary": "Accept-Encoding"
      },
      "ResponseBody": {
        "value": [
          {
            "key": "3",
            "status": true,
            "errorMessage": null,
            "statusCode": 200
          },
          {
            "key": "4",
            "status": true,
            "errorMessage": null,
            "statusCode": 200
          }
        ]
      }
    },
    {
      "RequestUri": "https://fakesearchendpoint.search.windows.net/indexes(\u0027drgqefsg\u0027)/docs/$count?api-version=2021-04-30-Preview",
      "RequestMethod": "GET",
      "RequestHeaders": {
        "Accept": "application/json;odata.metadata=none",
        "Accept-Encoding": "gzip, deflate",
        "User-Agent": "azsdk-python-search-documents/11.3.0b7 Python/3.9.2 (Windows-10-10.0.19041-SP0)",
        "x-ms-client-request-id": "b2587725-7fc3-11ec-9b6a-74c63bed1137"
      },
      "RequestBody": null,
      "StatusCode": 200,
      "ResponseHeaders": {
        "Cache-Control": "no-cache",
        "Content-Encoding": "gzip",
        "Content-Length": "5",
        "Content-Type": "text/plain",
        "Date": "Thu, 27 Jan 2022 22:51:42 GMT",
        "elapsed-time": "6",
        "Expires": "-1",
        "OData-Version": "4.0",
        "Pragma": "no-cache",
        "Preference-Applied": "odata.include-annotations=\u0022*\u0022",
        "request-id": "b2587725-7fc3-11ec-9b6a-74c63bed1137",
        "Strict-Transport-Security": "max-age=15724800; includeSubDomains",
        "Vary": "Accept-Encoding"
      },
      "ResponseBody": "\uFEFF11"
    },
    {
      "RequestUri": "https://fakesearchendpoint.search.windows.net/indexes(\u0027drgqefsg\u0027)/docs(\u00273\u0027)?api-version=2021-04-30-Preview",
      "RequestMethod": "GET",
      "RequestHeaders": {
        "Accept": "application/json;odata.metadata=none",
        "Accept-Encoding": "gzip, deflate",
        "User-Agent": "azsdk-python-search-documents/11.3.0b7 Python/3.9.2 (Windows-10-10.0.19041-SP0)",
        "x-ms-client-request-id": "b26d5855-7fc3-11ec-86af-74c63bed1137"
      },
      "RequestBody": null,
      "StatusCode": 404,
      "ResponseHeaders": {
        "Cache-Control": "no-cache",
        "Content-Length": "0",
        "Date": "Thu, 27 Jan 2022 22:51:42 GMT",
        "elapsed-time": "5",
        "Expires": "-1",
        "Pragma": "no-cache",
        "request-id": "b26d5855-7fc3-11ec-86af-74c63bed1137",
        "Strict-Transport-Security": "max-age=15724800; includeSubDomains"
      },
      "ResponseBody": null
    },
    {
      "RequestUri": "https://fakesearchendpoint.search.windows.net/indexes(\u0027drgqefsg\u0027)/docs(\u00274\u0027)?api-version=2021-04-30-Preview",
      "RequestMethod": "GET",
      "RequestHeaders": {
        "Accept": "application/json;odata.metadata=none",
        "Accept-Encoding": "gzip, deflate",
        "User-Agent": "azsdk-python-search-documents/11.3.0b7 Python/3.9.2 (Windows-10-10.0.19041-SP0)",
        "x-ms-client-request-id": "b2820119-7fc3-11ec-b9e7-74c63bed1137"
      },
      "RequestBody": null,
      "StatusCode": 404,
      "ResponseHeaders": {
        "Cache-Control": "no-cache",
        "Content-Length": "0",
        "Date": "Thu, 27 Jan 2022 22:51:42 GMT",
        "elapsed-time": "5",
        "Expires": "-1",
        "Pragma": "no-cache",
        "request-id": "b2820119-7fc3-11ec-b9e7-74c63bed1137",
        "Strict-Transport-Security": "max-age=15724800; includeSubDomains"
      },
      "ResponseBody": null
    },
    {
      "RequestUri": "https://fakesearchendpoint.search.windows.net/indexes(\u0027drgqefsg\u0027)/docs/search.index?api-version=2021-04-30-Preview",
      "RequestMethod": "POST",
      "RequestHeaders": {
        "Accept": "application/json;odata.metadata=none",
        "Accept-Encoding": "gzip, deflate",
        "Content-Length": "106",
        "Content-Type": "application/json",
        "User-Agent": "azsdk-python-search-documents/11.3.0b7 Python/3.9.2 (Windows-10-10.0.19041-SP0)",
        "x-ms-client-request-id": "b2960bf5-7fc3-11ec-9afa-74c63bed1137"
      },
      "RequestBody": {
        "value": [
          {
            "hotelId": "1003",
            "@search.action": "delete"
          },
          {
            "hotelId": "2",
            "@search.action": "delete"
          }
        ]
      },
      "StatusCode": 200,
      "ResponseHeaders": {
        "Cache-Control": "no-cache",
        "Content-Encoding": "gzip",
        "Content-Length": "140",
        "Content-Type": "application/json; odata.metadata=none",
        "Date": "Thu, 27 Jan 2022 22:51:42 GMT",
        "elapsed-time": "32",
        "Expires": "-1",
        "OData-Version": "4.0",
        "Pragma": "no-cache",
        "Preference-Applied": "odata.include-annotations=\u0022*\u0022",
        "request-id": "b2960bf5-7fc3-11ec-9afa-74c63bed1137",
        "Strict-Transport-Security": "max-age=15724800; includeSubDomains",
        "Vary": "Accept-Encoding"
      },
      "ResponseBody": {
        "value": [
          {
            "key": "1003",
            "status": true,
            "errorMessage": null,
            "statusCode": 200
          },
          {
            "key": "2",
            "status": true,
            "errorMessage": null,
            "statusCode": 200
          }
        ]
      }
    },
    {
      "RequestUri": "https://fakesearchendpoint.search.windows.net/indexes(\u0027drgqefsg\u0027)/docs/$count?api-version=2021-04-30-Preview",
      "RequestMethod": "GET",
      "RequestHeaders": {
        "Accept": "application/json;odata.metadata=none",
        "Accept-Encoding": "gzip, deflate",
        "User-Agent": "azsdk-python-search-documents/11.3.0b7 Python/3.9.2 (Windows-10-10.0.19041-SP0)",
        "x-ms-client-request-id": "b4785d3b-7fc3-11ec-9c2a-74c63bed1137"
      },
      "RequestBody": null,
      "StatusCode": 200,
      "ResponseHeaders": {
        "Cache-Control": "no-cache",
        "Content-Encoding": "gzip",
        "Content-Length": "5",
        "Content-Type": "text/plain",
        "Date": "Thu, 27 Jan 2022 22:51:46 GMT",
        "elapsed-time": "7",
        "Expires": "-1",
        "OData-Version": "4.0",
        "Pragma": "no-cache",
        "Preference-Applied": "odata.include-annotations=\u0022*\u0022",
        "request-id": "b4785d3b-7fc3-11ec-9c2a-74c63bed1137",
        "Strict-Transport-Security": "max-age=15724800; includeSubDomains",
        "Vary": "Accept-Encoding"
      },
      "ResponseBody": "\uFEFF10"
    },
    {
      "RequestUri": "https://fakesearchendpoint.search.windows.net/indexes(\u0027drgqefsg\u0027)/docs(\u00271003\u0027)?api-version=2021-04-30-Preview",
      "RequestMethod": "GET",
      "RequestHeaders": {
        "Accept": "application/json;odata.metadata=none",
        "Accept-Encoding": "gzip, deflate",
        "User-Agent": "azsdk-python-search-documents/11.3.0b7 Python/3.9.2 (Windows-10-10.0.19041-SP0)",
        "x-ms-client-request-id": "b48bf1ee-7fc3-11ec-aad2-74c63bed1137"
      },
      "RequestBody": null,
      "StatusCode": 404,
      "ResponseHeaders": {
        "Cache-Control": "no-cache",
        "Content-Length": "0",
        "Date": "Thu, 27 Jan 2022 22:51:46 GMT",
        "elapsed-time": "4",
        "Expires": "-1",
        "Pragma": "no-cache",
        "request-id": "b48bf1ee-7fc3-11ec-aad2-74c63bed1137",
        "Strict-Transport-Security": "max-age=15724800; includeSubDomains"
      },
      "ResponseBody": null
    },
    {
      "RequestUri": "https://fakesearchendpoint.search.windows.net/indexes(\u0027drgqefsg\u0027)/docs(\u00272\u0027)?api-version=2021-04-30-Preview",
      "RequestMethod": "GET",
      "RequestHeaders": {
        "Accept": "application/json;odata.metadata=none",
        "Accept-Encoding": "gzip, deflate",
        "User-Agent": "azsdk-python-search-documents/11.3.0b7 Python/3.9.2 (Windows-10-10.0.19041-SP0)",
        "x-ms-client-request-id": "b49e8817-7fc3-11ec-ba2f-74c63bed1137"
      },
      "RequestBody": null,
      "StatusCode": 404,
      "ResponseHeaders": {
        "Cache-Control": "no-cache",
        "Content-Length": "0",
        "Date": "Thu, 27 Jan 2022 22:51:46 GMT",
        "elapsed-time": "5",
        "Expires": "-1",
        "Pragma": "no-cache",
        "request-id": "b49e8817-7fc3-11ec-ba2f-74c63bed1137",
        "Strict-Transport-Security": "max-age=15724800; includeSubDomains"
      },
      "ResponseBody": null
    },
    {
      "RequestUri": "https://fakesearchendpoint.search.windows.net/indexes(\u0027drgqefsg\u0027)/docs/search.index?api-version=2021-04-30-Preview",
      "RequestMethod": "POST",
      "RequestHeaders": {
        "Accept": "application/json;odata.metadata=none",
        "Accept-Encoding": "gzip, deflate",
        "Content-Length": "127",
        "Content-Type": "application/json",
        "User-Agent": "azsdk-python-search-documents/11.3.0b7 Python/3.9.2 (Windows-10-10.0.19041-SP0)",
        "x-ms-client-request-id": "b4b178e4-7fc3-11ec-a867-74c63bed1137"
      },
      "RequestBody": {
        "value": [
          {
            "hotelId": "5",
            "rating": 1,
            "@search.action": "merge"
          },
          {
            "hotelId": "6",
            "rating": 2,
            "@search.action": "merge"
          }
        ]
      },
      "StatusCode": 200,
      "ResponseHeaders": {
        "Cache-Control": "no-cache",
        "Content-Encoding": "gzip",
        "Content-Length": "137",
        "Content-Type": "application/json; odata.metadata=none",
        "Date": "Thu, 27 Jan 2022 22:51:46 GMT",
        "elapsed-time": "34",
        "Expires": "-1",
        "OData-Version": "4.0",
        "Pragma": "no-cache",
        "Preference-Applied": "odata.include-annotations=\u0022*\u0022",
        "request-id": "b4b178e4-7fc3-11ec-a867-74c63bed1137",
        "Strict-Transport-Security": "max-age=15724800; includeSubDomains",
        "Vary": "Accept-Encoding"
      },
      "ResponseBody": {
        "value": [
          {
            "key": "5",
            "status": true,
            "errorMessage": null,
            "statusCode": 200
          },
          {
            "key": "6",
            "status": true,
            "errorMessage": null,
            "statusCode": 200
          }
        ]
      }
    },
    {
      "RequestUri": "https://fakesearchendpoint.search.windows.net/indexes(\u0027drgqefsg\u0027)/docs/$count?api-version=2021-04-30-Preview",
      "RequestMethod": "GET",
      "RequestHeaders": {
        "Accept": "application/json;odata.metadata=none",
        "Accept-Encoding": "gzip, deflate",
        "User-Agent": "azsdk-python-search-documents/11.3.0b7 Python/3.9.2 (Windows-10-10.0.19041-SP0)",
        "x-ms-client-request-id": "b692e602-7fc3-11ec-8142-74c63bed1137"
      },
      "RequestBody": null,
      "StatusCode": 200,
      "ResponseHeaders": {
        "Cache-Control": "no-cache",
        "Content-Encoding": "gzip",
        "Content-Length": "5",
        "Content-Type": "text/plain",
        "Date": "Thu, 27 Jan 2022 22:51:49 GMT",
        "elapsed-time": "11",
        "Expires": "-1",
        "OData-Version": "4.0",
        "Pragma": "no-cache",
        "Preference-Applied": "odata.include-annotations=\u0022*\u0022",
        "request-id": "b692e602-7fc3-11ec-8142-74c63bed1137",
        "Strict-Transport-Security": "max-age=15724800; includeSubDomains",
        "Vary": "Accept-Encoding"
      },
      "ResponseBody": "\uFEFF10"
    },
    {
      "RequestUri": "https://fakesearchendpoint.search.windows.net/indexes(\u0027drgqefsg\u0027)/docs(\u00275\u0027)?api-version=2021-04-30-Preview",
      "RequestMethod": "GET",
      "RequestHeaders": {
        "Accept": "application/json;odata.metadata=none",
        "Accept-Encoding": "gzip, deflate",
        "User-Agent": "azsdk-python-search-documents/11.3.0b7 Python/3.9.2 (Windows-10-10.0.19041-SP0)",
        "x-ms-client-request-id": "b6a6ab1d-7fc3-11ec-b839-74c63bed1137"
      },
      "RequestBody": null,
      "StatusCode": 200,
      "ResponseHeaders": {
        "Cache-Control": "no-cache",
        "Content-Encoding": "gzip",
        "Content-Length": "418",
        "Content-Type": "application/json; odata.metadata=none",
        "Date": "Thu, 27 Jan 2022 22:51:49 GMT",
        "elapsed-time": "7",
        "Expires": "-1",
        "OData-Version": "4.0",
        "Pragma": "no-cache",
        "Preference-Applied": "odata.include-annotations=\u0022*\u0022",
        "request-id": "b6a6ab1d-7fc3-11ec-b839-74c63bed1137",
        "Strict-Transport-Security": "max-age=15724800; includeSubDomains",
        "Vary": "Accept-Encoding"
      },
      "ResponseBody": {
        "hotelId": "5",
        "hotelName": "Comfy Place",
        "description": "Another good hotel",
        "descriptionFr": "Un autre bon h\u00C3\u00B4tel",
        "category": "Budget",
        "tags": [
          "wifi",
          "budget"
        ],
        "parkingIncluded": true,
        "smokingAllowed": false,
        "lastRenovationDate": "2012-08-12T00:00:00Z",
        "rating": 1,
        "location": {
          "type": "Point",
          "coordinates": [
            -122.131577,
            48.678581
          ],
          "crs": {
            "type": "name",
            "properties": {
              "name": "EPSG:4326"
            }
          }
        },
        "address": null,
        "rooms": []
      }
    },
    {
      "RequestUri": "https://fakesearchendpoint.search.windows.net/indexes(\u0027drgqefsg\u0027)/docs(\u00276\u0027)?api-version=2021-04-30-Preview",
      "RequestMethod": "GET",
      "RequestHeaders": {
        "Accept": "application/json;odata.metadata=none",
        "Accept-Encoding": "gzip, deflate",
        "User-Agent": "azsdk-python-search-documents/11.3.0b7 Python/3.9.2 (Windows-10-10.0.19041-SP0)",
        "x-ms-client-request-id": "b6bb2f5c-7fc3-11ec-973e-74c63bed1137"
      },
      "RequestBody": null,
      "StatusCode": 200,
      "ResponseHeaders": {
        "Cache-Control": "no-cache",
        "Content-Encoding": "gzip",
        "Content-Length": "276",
        "Content-Type": "application/json; odata.metadata=none",
        "Date": "Thu, 27 Jan 2022 22:51:49 GMT",
        "elapsed-time": "6",
        "Expires": "-1",
        "OData-Version": "4.0",
        "Pragma": "no-cache",
        "Preference-Applied": "odata.include-annotations=\u0022*\u0022",
        "request-id": "b6bb2f5c-7fc3-11ec-973e-74c63bed1137",
        "Strict-Transport-Security": "max-age=15724800; includeSubDomains",
        "Vary": "Accept-Encoding"
      },
      "ResponseBody": {
        "hotelId": "6",
        "hotelName": null,
        "description": "Surprisingly expensive. Model suites have an ocean-view.",
        "descriptionFr": null,
        "category": null,
        "tags": [],
        "parkingIncluded": null,
        "smokingAllowed": null,
        "lastRenovationDate": null,
        "rating": 2,
        "location": null,
        "address": null,
        "rooms": []
      }
    },
    {
      "RequestUri": "https://fakesearchendpoint.search.windows.net/indexes(\u0027drgqefsg\u0027)/docs/search.index?api-version=2021-04-30-Preview",
      "RequestMethod": "POST",
      "RequestHeaders": {
        "Accept": "application/json;odata.metadata=none",
        "Accept-Encoding": "gzip, deflate",
        "Content-Length": "130",
        "Content-Type": "application/json",
        "User-Agent": "azsdk-python-search-documents/11.3.0b7 Python/3.9.2 (Windows-10-10.0.19041-SP0)",
        "x-ms-client-request-id": "b6ce2e03-7fc3-11ec-b37a-74c63bed1137"
      },
      "RequestBody": {
        "value": [
          {
            "hotelId": "1003",
            "rating": 1,
            "@search.action": "merge"
          },
          {
            "hotelId": "1",
            "rating": 2,
            "@search.action": "merge"
          }
        ]
      },
      "StatusCode": 207,
      "ResponseHeaders": {
        "Cache-Control": "no-cache",
        "Content-Encoding": "gzip",
        "Content-Length": "158",
        "Content-Type": "application/json; odata.metadata=none",
        "Date": "Thu, 27 Jan 2022 22:51:49 GMT",
        "elapsed-time": "30",
        "Expires": "-1",
        "OData-Version": "4.0",
        "Pragma": "no-cache",
        "Preference-Applied": "odata.include-annotations=\u0022*\u0022",
        "request-id": "b6ce2e03-7fc3-11ec-b37a-74c63bed1137",
        "Strict-Transport-Security": "max-age=15724800; includeSubDomains",
        "Vary": "Accept-Encoding"
      },
      "ResponseBody": {
        "value": [
          {
            "key": "1003",
            "status": false,
            "errorMessage": "Document not found.",
            "statusCode": 404
          },
          {
            "key": "1",
            "status": true,
            "errorMessage": null,
            "statusCode": 200
          }
        ]
      }
    },
    {
      "RequestUri": "https://fakesearchendpoint.search.windows.net/indexes(\u0027drgqefsg\u0027)/docs/$count?api-version=2021-04-30-Preview",
      "RequestMethod": "GET",
      "RequestHeaders": {
        "Accept": "application/json;odata.metadata=none",
        "Accept-Encoding": "gzip, deflate",
        "User-Agent": "azsdk-python-search-documents/11.3.0b7 Python/3.9.2 (Windows-10-10.0.19041-SP0)",
        "x-ms-client-request-id": "b8b0d10b-7fc3-11ec-892e-74c63bed1137"
      },
      "RequestBody": null,
      "StatusCode": 200,
      "ResponseHeaders": {
        "Cache-Control": "no-cache",
        "Content-Encoding": "gzip",
        "Content-Length": "5",
        "Content-Type": "text/plain",
        "Date": "Thu, 27 Jan 2022 22:51:52 GMT",
        "elapsed-time": "6",
        "Expires": "-1",
        "OData-Version": "4.0",
        "Pragma": "no-cache",
        "Preference-Applied": "odata.include-annotations=\u0022*\u0022",
        "request-id": "b8b0d10b-7fc3-11ec-892e-74c63bed1137",
        "Strict-Transport-Security": "max-age=15724800; includeSubDomains",
        "Vary": "Accept-Encoding"
      },
      "ResponseBody": "\uFEFF10"
    },
    {
      "RequestUri": "https://fakesearchendpoint.search.windows.net/indexes(\u0027drgqefsg\u0027)/docs(\u00271003\u0027)?api-version=2021-04-30-Preview",
      "RequestMethod": "GET",
      "RequestHeaders": {
        "Accept": "application/json;odata.metadata=none",
        "Accept-Encoding": "gzip, deflate",
        "User-Agent": "azsdk-python-search-documents/11.3.0b7 Python/3.9.2 (Windows-10-10.0.19041-SP0)",
        "x-ms-client-request-id": "b8c485b0-7fc3-11ec-9658-74c63bed1137"
      },
      "RequestBody": null,
      "StatusCode": 404,
      "ResponseHeaders": {
        "Cache-Control": "no-cache",
        "Content-Length": "0",
        "Date": "Thu, 27 Jan 2022 22:51:52 GMT",
        "elapsed-time": "5",
        "Expires": "-1",
        "Pragma": "no-cache",
        "request-id": "b8c485b0-7fc3-11ec-9658-74c63bed1137",
        "Strict-Transport-Security": "max-age=15724800; includeSubDomains"
      },
      "ResponseBody": null
    },
    {
      "RequestUri": "https://fakesearchendpoint.search.windows.net/indexes(\u0027drgqefsg\u0027)/docs(\u00271\u0027)?api-version=2021-04-30-Preview",
      "RequestMethod": "GET",
      "RequestHeaders": {
        "Accept": "application/json;odata.metadata=none",
        "Accept-Encoding": "gzip, deflate",
        "User-Agent": "azsdk-python-search-documents/11.3.0b7 Python/3.9.2 (Windows-10-10.0.19041-SP0)",
        "x-ms-client-request-id": "b8d7f1f8-7fc3-11ec-9ae7-74c63bed1137"
      },
      "RequestBody": null,
      "StatusCode": 200,
      "ResponseHeaders": {
        "Cache-Control": "no-cache",
        "Content-Encoding": "gzip",
        "Content-Length": "1000",
        "Content-Type": "application/json; odata.metadata=none",
        "Date": "Thu, 27 Jan 2022 22:51:52 GMT",
        "elapsed-time": "6",
        "Expires": "-1",
        "OData-Version": "4.0",
        "Pragma": "no-cache",
        "Preference-Applied": "odata.include-annotations=\u0022*\u0022",
        "request-id": "b8d7f1f8-7fc3-11ec-9ae7-74c63bed1137",
        "Strict-Transport-Security": "max-age=15724800; includeSubDomains",
        "Vary": "Accept-Encoding"
      },
      "ResponseBody": {
        "hotelId": "1",
        "hotelName": "Fancy Stay",
        "description": "Best hotel in town if you like luxury hotels. They have an amazing infinity pool, a spa, and a really helpful concierge. The location is perfect -- right downtown, close to all the tourist attractions. We highly recommend this hotel.",
        "descriptionFr": "Meilleur h\u00C3\u00B4tel en ville si vous aimez les h\u00C3\u00B4tels de luxe. Ils ont une magnifique piscine \u00C3\u00A0 d\u00C3\u00A9bordement, un spa et un concierge tr\u00C3\u00A8s utile. L\u0027emplacement est parfait \u00E2\u20AC\u201C en plein centre, \u00C3\u00A0 proximit\u00C3\u00A9 de toutes les attractions touristiques. Nous recommandons fortement cet h\u00C3\u00B4tel.",
        "category": "Luxury",
        "tags": [
          "pool",
          "view",
          "wifi",
          "concierge"
        ],
        "parkingIncluded": false,
        "smokingAllowed": false,
        "lastRenovationDate": "2010-06-27T00:00:00Z",
        "rating": 2,
        "location": {
          "type": "Point",
          "coordinates": [
            -122.131577,
            47.678581
          ],
          "crs": {
            "type": "name",
            "properties": {
              "name": "EPSG:4326"
            }
          }
        },
        "address": null,
        "rooms": []
      }
    },
    {
      "RequestUri": "https://fakesearchendpoint.search.windows.net/indexes(\u0027drgqefsg\u0027)/docs/search.index?api-version=2021-04-30-Preview",
      "RequestMethod": "POST",
      "RequestHeaders": {
        "Accept": "application/json;odata.metadata=none",
        "Accept-Encoding": "gzip, deflate",
        "Content-Length": "146",
        "Content-Type": "application/json",
        "User-Agent": "azsdk-python-search-documents/11.3.0b7 Python/3.9.2 (Windows-10-10.0.19041-SP0)",
        "x-ms-client-request-id": "b8eba8c0-7fc3-11ec-8bc1-74c63bed1137"
      },
      "RequestBody": {
        "value": [
          {
            "hotelId": "1003",
            "rating": 1,
            "@search.action": "mergeOrUpload"
          },
          {
            "hotelId": "1",
            "rating": 2,
            "@search.action": "mergeOrUpload"
          }
        ]
      },
      "StatusCode": 200,
      "ResponseHeaders": {
        "Cache-Control": "no-cache",
        "Content-Encoding": "gzip",
        "Content-Length": "140",
        "Content-Type": "application/json; odata.metadata=none",
        "Date": "Thu, 27 Jan 2022 22:51:52 GMT",
        "elapsed-time": "25",
        "Expires": "-1",
        "OData-Version": "4.0",
        "Pragma": "no-cache",
        "Preference-Applied": "odata.include-annotations=\u0022*\u0022",
        "request-id": "b8eba8c0-7fc3-11ec-8bc1-74c63bed1137",
        "Strict-Transport-Security": "max-age=15724800; includeSubDomains",
        "Vary": "Accept-Encoding"
      },
      "ResponseBody": {
        "value": [
          {
            "key": "1003",
            "status": true,
            "errorMessage": null,
            "statusCode": 201
          },
          {
            "key": "1",
            "status": true,
            "errorMessage": null,
            "statusCode": 200
          }
        ]
      }
    },
    {
      "RequestUri": "https://fakesearchendpoint.search.windows.net/indexes(\u0027drgqefsg\u0027)/docs/$count?api-version=2021-04-30-Preview",
      "RequestMethod": "GET",
      "RequestHeaders": {
        "Accept": "application/json;odata.metadata=none",
        "Accept-Encoding": "gzip, deflate",
        "User-Agent": "azsdk-python-search-documents/11.3.0b7 Python/3.9.2 (Windows-10-10.0.19041-SP0)",
        "x-ms-client-request-id": "bacb05df-7fc3-11ec-a950-74c63bed1137"
      },
      "RequestBody": null,
      "StatusCode": 200,
      "ResponseHeaders": {
        "Cache-Control": "no-cache",
        "Content-Encoding": "gzip",
        "Content-Length": "5",
        "Content-Type": "text/plain",
        "Date": "Thu, 27 Jan 2022 22:51:55 GMT",
        "elapsed-time": "6",
        "Expires": "-1",
        "OData-Version": "4.0",
        "Pragma": "no-cache",
        "Preference-Applied": "odata.include-annotations=\u0022*\u0022",
        "request-id": "bacb05df-7fc3-11ec-a950-74c63bed1137",
        "Strict-Transport-Security": "max-age=15724800; includeSubDomains",
        "Vary": "Accept-Encoding"
      },
      "ResponseBody": "\uFEFF11"
    },
    {
      "RequestUri": "https://fakesearchendpoint.search.windows.net/indexes(\u0027drgqefsg\u0027)/docs(\u00271003\u0027)?api-version=2021-04-30-Preview",
      "RequestMethod": "GET",
      "RequestHeaders": {
        "Accept": "application/json;odata.metadata=none",
        "Accept-Encoding": "gzip, deflate",
        "User-Agent": "azsdk-python-search-documents/11.3.0b7 Python/3.9.2 (Windows-10-10.0.19041-SP0)",
        "x-ms-client-request-id": "badf54a1-7fc3-11ec-a816-74c63bed1137"
      },
      "RequestBody": null,
      "StatusCode": 200,
      "ResponseHeaders": {
        "Cache-Control": "no-cache",
        "Content-Encoding": "gzip",
        "Content-Length": "225",
        "Content-Type": "application/json; odata.metadata=none",
        "Date": "Thu, 27 Jan 2022 22:51:56 GMT",
        "elapsed-time": "6",
        "Expires": "-1",
        "OData-Version": "4.0",
        "Pragma": "no-cache",
        "Preference-Applied": "odata.include-annotations=\u0022*\u0022",
        "request-id": "badf54a1-7fc3-11ec-a816-74c63bed1137",
        "Strict-Transport-Security": "max-age=15724800; includeSubDomains",
        "Vary": "Accept-Encoding"
      },
      "ResponseBody": {
        "hotelId": "1003",
        "hotelName": null,
        "description": null,
        "descriptionFr": null,
        "category": null,
        "tags": [],
        "parkingIncluded": null,
        "smokingAllowed": null,
        "lastRenovationDate": null,
        "rating": 1,
        "location": null,
        "address": null,
        "rooms": []
      }
    },
    {
      "RequestUri": "https://fakesearchendpoint.search.windows.net/indexes(\u0027drgqefsg\u0027)/docs(\u00271\u0027)?api-version=2021-04-30-Preview",
      "RequestMethod": "GET",
      "RequestHeaders": {
        "Accept": "application/json;odata.metadata=none",
        "Accept-Encoding": "gzip, deflate",
        "User-Agent": "azsdk-python-search-documents/11.3.0b7 Python/3.9.2 (Windows-10-10.0.19041-SP0)",
        "x-ms-client-request-id": "baf199d1-7fc3-11ec-bfef-74c63bed1137"
      },
      "RequestBody": null,
      "StatusCode": 200,
      "ResponseHeaders": {
        "Cache-Control": "no-cache",
        "Content-Encoding": "gzip",
        "Content-Length": "1000",
        "Content-Type": "application/json; odata.metadata=none",
        "Date": "Thu, 27 Jan 2022 22:51:56 GMT",
        "elapsed-time": "6",
        "Expires": "-1",
        "OData-Version": "4.0",
        "Pragma": "no-cache",
        "Preference-Applied": "odata.include-annotations=\u0022*\u0022",
        "request-id": "baf199d1-7fc3-11ec-bfef-74c63bed1137",
        "Strict-Transport-Security": "max-age=15724800; includeSubDomains",
        "Vary": "Accept-Encoding"
      },
      "ResponseBody": {
        "hotelId": "1",
        "hotelName": "Fancy Stay",
        "description": "Best hotel in town if you like luxury hotels. They have an amazing infinity pool, a spa, and a really helpful concierge. The location is perfect -- right downtown, close to all the tourist attractions. We highly recommend this hotel.",
        "descriptionFr": "Meilleur h\u00C3\u00B4tel en ville si vous aimez les h\u00C3\u00B4tels de luxe. Ils ont une magnifique piscine \u00C3\u00A0 d\u00C3\u00A9bordement, un spa et un concierge tr\u00C3\u00A8s utile. L\u0027emplacement est parfait \u00E2\u20AC\u201C en plein centre, \u00C3\u00A0 proximit\u00C3\u00A9 de toutes les attractions touristiques. Nous recommandons fortement cet h\u00C3\u00B4tel.",
        "category": "Luxury",
        "tags": [
          "pool",
          "view",
          "wifi",
          "concierge"
        ],
        "parkingIncluded": false,
        "smokingAllowed": false,
        "lastRenovationDate": "2010-06-27T00:00:00Z",
        "rating": 2,
        "location": {
          "type": "Point",
          "coordinates": [
            -122.131577,
            47.678581
          ],
          "crs": {
            "type": "name",
            "properties": {
              "name": "EPSG:4326"
            }
          }
        },
        "address": null,
        "rooms": []
      }
    }
  ],
  "Variables": {}
}
