{
  "Entries": [
    {
      "RequestUri": "https://fakesearchendpoint.search.windows.net/datasources?api-version=2021-04-30-Preview",
      "RequestMethod": "POST",
      "RequestHeaders": {
        "Accept": "application/json;odata.metadata=minimal",
        "Accept-Encoding": "gzip, deflate",
        "Content-Length": "226",
        "Content-Type": "application/json",
        "User-Agent": "azsdk-python-search-documents/11.3.0b7 Python/3.9.2 (Windows-10-10.0.19041-SP0)",
        "x-ms-client-request-id": "c573f709-7fae-11ec-88e3-74c63bed1137"
      },
      "RequestBody": {
        "name": "create",
        "type": "azureblob",
        "credentials": {
          "connectionString": "DefaultEndpointsProtocol=https;AccountName=fakestoragecs;AccountKey=FAKE;EndpointSuffix=core.windows.net"
        },
        "container": {
          "name": "searchcontainer"
        }
      },
      "StatusCode": 201,
      "ResponseHeaders": {
        "Cache-Control": "no-cache",
        "Content-Length": "400",
        "Content-Type": "application/json; odata.metadata=minimal",
        "Date": "Thu, 27 Jan 2022 20:21:56 GMT",
        "elapsed-time": "35",
        "ETag": "W/\u00220x8D9E1D2A9F06325\u0022",
        "Expires": "-1",
        "Location": "https://fakesearchendpoint.search.windows.net/datasources(\u0027create\u0027)?api-version=2021-04-30-Preview",
        "OData-Version": "4.0",
        "Pragma": "no-cache",
        "Preference-Applied": "odata.include-annotations=\u0022*\u0022",
        "request-id": "c573f709-7fae-11ec-88e3-74c63bed1137",
        "Strict-Transport-Security": "max-age=15724800; includeSubDomains"
      },
      "ResponseBody": {
        "@odata.context": "https://fakesearchendpoint.search.windows.net/$metadata#datasources/$entity",
        "@odata.etag": "\u00220x8D9E1D2A9F06325\u0022",
        "name": "create",
        "description": null,
        "type": "azureblob",
        "subtype": null,
        "credentials": {
          "connectionString": null
        },
        "container": {
          "name": "searchcontainer",
          "query": null
        },
        "dataChangeDetectionPolicy": null,
        "dataDeletionDetectionPolicy": null,
        "encryptionKey": null,
        "identity": null
      }
    },
    {
      "RequestUri": "https://fakesearchendpoint.search.windows.net/datasources?api-version=2021-04-30-Preview",
      "RequestMethod": "POST",
      "RequestHeaders": {
        "Accept": "application/json;odata.metadata=minimal",
        "Accept-Encoding": "gzip, deflate",
        "Content-Length": "226",
        "Content-Type": "application/json",
        "User-Agent": "azsdk-python-search-documents/11.3.0b7 Python/3.9.2 (Windows-10-10.0.19041-SP0)",
        "x-ms-client-request-id": "c5d2c381-7fae-11ec-87ca-74c63bed1137"
      },
      "RequestBody": {
        "name": "delete",
        "type": "azureblob",
        "credentials": {
          "connectionString": "DefaultEndpointsProtocol=https;AccountName=fakestoragecs;AccountKey=FAKE;EndpointSuffix=core.windows.net"
        },
        "container": {
          "name": "searchcontainer"
        }
      },
      "StatusCode": 201,
      "ResponseHeaders": {
        "Cache-Control": "no-cache",
        "Content-Length": "400",
        "Content-Type": "application/json; odata.metadata=minimal",
        "Date": "Thu, 27 Jan 2022 20:21:56 GMT",
        "elapsed-time": "35",
        "ETag": "W/\u00220x8D9E1D2AA0965AC\u0022",
        "Expires": "-1",
        "Location": "https://fakesearchendpoint.search.windows.net/datasources(\u0027delete\u0027)?api-version=2021-04-30-Preview",
        "OData-Version": "4.0",
        "Pragma": "no-cache",
        "Preference-Applied": "odata.include-annotations=\u0022*\u0022",
        "request-id": "c5d2c381-7fae-11ec-87ca-74c63bed1137",
        "Strict-Transport-Security": "max-age=15724800; includeSubDomains"
      },
      "ResponseBody": {
        "@odata.context": "https://fakesearchendpoint.search.windows.net/$metadata#datasources/$entity",
        "@odata.etag": "\u00220x8D9E1D2AA0965AC\u0022",
        "name": "delete",
        "description": null,
        "type": "azureblob",
        "subtype": null,
        "credentials": {
          "connectionString": null
        },
        "container": {
          "name": "searchcontainer",
          "query": null
        },
        "dataChangeDetectionPolicy": null,
        "dataDeletionDetectionPolicy": null,
        "encryptionKey": null,
        "identity": null
      }
    },
    {
      "RequestUri": "https://fakesearchendpoint.search.windows.net/datasources?api-version=2021-04-30-Preview",
      "RequestMethod": "GET",
      "RequestHeaders": {
        "Accept": "application/json;odata.metadata=minimal",
        "Accept-Encoding": "gzip, deflate",
        "User-Agent": "azsdk-python-search-documents/11.3.0b7 Python/3.9.2 (Windows-10-10.0.19041-SP0)",
        "x-ms-client-request-id": "c5e914d7-7fae-11ec-85ff-74c63bed1137"
      },
      "RequestBody": null,
      "StatusCode": 200,
      "ResponseHeaders": {
        "Cache-Control": "no-cache",
        "Content-Encoding": "gzip",
        "Content-Length": "710",
        "Content-Type": "application/json; odata.metadata=minimal",
        "Date": "Thu, 27 Jan 2022 20:21:56 GMT",
        "elapsed-time": "17",
        "Expires": "-1",
        "OData-Version": "4.0",
        "Pragma": "no-cache",
        "Preference-Applied": "odata.include-annotations=\u0022*\u0022",
        "request-id": "c5e914d7-7fae-11ec-85ff-74c63bed1137",
        "Strict-Transport-Security": "max-age=15724800; includeSubDomains",
        "Vary": "Accept-Encoding"
      },
      "ResponseBody": {
        "@odata.context": "https://fakesearchendpoint.search.windows.net/$metadata#datasources",
        "value": [
          {
            "@odata.etag": "\u00220x8D9E1D2A9F06325\u0022",
            "name": "create",
            "description": null,
            "type": "azureblob",
            "subtype": null,
            "credentials": {
              "connectionString": null
            },
            "container": {
              "name": "searchcontainer",
              "query": null
            },
            "dataChangeDetectionPolicy": null,
            "dataDeletionDetectionPolicy": null,
            "encryptionKey": null,
            "identity": null
          },
          {
            "@odata.etag": "\u00220x8D9E1D2AA0965AC\u0022",
            "name": "delete",
            "description": null,
            "type": "azureblob",
            "subtype": null,
            "credentials": {
              "connectionString": null
            },
            "container": {
              "name": "searchcontainer",
              "query": null
            },
            "dataChangeDetectionPolicy": null,
            "dataDeletionDetectionPolicy": null,
            "encryptionKey": null,
            "identity": null
          }
        ]
      }
    },
    {
      "RequestUri": "https://fakesearchendpoint.search.windows.net/datasources(\u0027delete\u0027)?api-version=2021-04-30-Preview",
      "RequestMethod": "DELETE",
      "RequestHeaders": {
        "Accept": "application/json;odata.metadata=minimal",
        "Accept-Encoding": "gzip, deflate",
        "Content-Length": "0",
        "User-Agent": "azsdk-python-search-documents/11.3.0b7 Python/3.9.2 (Windows-10-10.0.19041-SP0)",
        "x-ms-client-request-id": "c5fd5dd7-7fae-11ec-a151-74c63bed1137"
      },
      "RequestBody": null,
      "StatusCode": 204,
      "ResponseHeaders": {
        "Cache-Control": "no-cache",
        "Date": "Thu, 27 Jan 2022 20:21:56 GMT",
        "elapsed-time": "21",
        "Expires": "-1",
        "Pragma": "no-cache",
        "request-id": "c5fd5dd7-7fae-11ec-a151-74c63bed1137",
        "Strict-Transport-Security": "max-age=15724800; includeSubDomains"
      },
      "ResponseBody": null
    },
    {
      "RequestUri": "https://fakesearchendpoint.search.windows.net/datasources?api-version=2021-04-30-Preview",
      "RequestMethod": "GET",
      "RequestHeaders": {
        "Accept": "application/json;odata.metadata=minimal",
        "Accept-Encoding": "gzip, deflate",
        "User-Agent": "azsdk-python-search-documents/11.3.0b7 Python/3.9.2 (Windows-10-10.0.19041-SP0)",
        "x-ms-client-request-id": "c610a044-7fae-11ec-ac0b-74c63bed1137"
      },
      "RequestBody": null,
      "StatusCode": 200,
      "ResponseHeaders": {
        "Cache-Control": "no-cache",
        "Content-Encoding": "gzip",
        "Content-Length": "404",
        "Content-Type": "application/json; odata.metadata=minimal",
        "Date": "Thu, 27 Jan 2022 20:21:56 GMT",
        "elapsed-time": "13",
        "Expires": "-1",
        "OData-Version": "4.0",
        "Pragma": "no-cache",
        "Preference-Applied": "odata.include-annotations=\u0022*\u0022",
        "request-id": "c610a044-7fae-11ec-ac0b-74c63bed1137",
        "Strict-Transport-Security": "max-age=15724800; includeSubDomains",
        "Vary": "Accept-Encoding"
      },
      "ResponseBody": {
        "@odata.context": "https://fakesearchendpoint.search.windows.net/$metadata#datasources",
        "value": [
          {
            "@odata.etag": "\u00220x8D9E1D2A9F06325\u0022",
            "name": "create",
            "description": null,
            "type": "azureblob",
            "subtype": null,
            "credentials": {
              "connectionString": null
            },
            "container": {
              "name": "searchcontainer",
              "query": null
            },
            "dataChangeDetectionPolicy": null,
            "dataDeletionDetectionPolicy": null,
            "encryptionKey": null,
            "identity": null
          }
        ]
      }
    },
    {
      "RequestUri": "https://fakesearchendpoint.search.windows.net/datasources?api-version=2021-04-30-Preview",
      "RequestMethod": "POST",
      "RequestHeaders": {
        "Accept": "application/json;odata.metadata=minimal",
        "Accept-Encoding": "gzip, deflate",
        "Content-Length": "223",
        "Content-Type": "application/json",
        "User-Agent": "azsdk-python-search-documents/11.3.0b7 Python/3.9.2 (Windows-10-10.0.19041-SP0)",
        "x-ms-client-request-id": "c6224a3f-7fae-11ec-9c19-74c63bed1137"
      },
      "RequestBody": {
        "name": "get",
        "type": "azureblob",
        "credentials": {
          "connectionString": "DefaultEndpointsProtocol=https;AccountName=fakestoragecs;AccountKey=FAKE;EndpointSuffix=core.windows.net"
        },
        "container": {
          "name": "searchcontainer"
        }
      },
      "StatusCode": 201,
      "ResponseHeaders": {
        "Cache-Control": "no-cache",
        "Content-Length": "397",
        "Content-Type": "application/json; odata.metadata=minimal",
        "Date": "Thu, 27 Jan 2022 20:21:56 GMT",
        "elapsed-time": "34",
        "ETag": "W/\u00220x8D9E1D2AA583D62\u0022",
        "Expires": "-1",
        "Location": "https://fakesearchendpoint.search.windows.net/datasources(\u0027get\u0027)?api-version=2021-04-30-Preview",
        "OData-Version": "4.0",
        "Pragma": "no-cache",
        "Preference-Applied": "odata.include-annotations=\u0022*\u0022",
        "request-id": "c6224a3f-7fae-11ec-9c19-74c63bed1137",
        "Strict-Transport-Security": "max-age=15724800; includeSubDomains"
      },
      "ResponseBody": {
        "@odata.context": "https://fakesearchendpoint.search.windows.net/$metadata#datasources/$entity",
        "@odata.etag": "\u00220x8D9E1D2AA583D62\u0022",
        "name": "get",
        "description": null,
        "type": "azureblob",
        "subtype": null,
        "credentials": {
          "connectionString": null
        },
        "container": {
          "name": "searchcontainer",
          "query": null
        },
        "dataChangeDetectionPolicy": null,
        "dataDeletionDetectionPolicy": null,
        "encryptionKey": null,
        "identity": null
      }
    },
    {
      "RequestUri": "https://fakesearchendpoint.search.windows.net/datasources(\u0027get\u0027)?api-version=2021-04-30-Preview",
      "RequestMethod": "GET",
      "RequestHeaders": {
        "Accept": "application/json;odata.metadata=minimal",
        "Accept-Encoding": "gzip, deflate",
        "User-Agent": "azsdk-python-search-documents/11.3.0b7 Python/3.9.2 (Windows-10-10.0.19041-SP0)",
        "x-ms-client-request-id": "c637cea8-7fae-11ec-b34f-74c63bed1137"
      },
      "RequestBody": null,
      "StatusCode": 200,
      "ResponseHeaders": {
        "Cache-Control": "no-cache",
        "Content-Encoding": "gzip",
        "Content-Length": "397",
        "Content-Type": "application/json; odata.metadata=minimal",
        "Date": "Thu, 27 Jan 2022 20:21:56 GMT",
        "elapsed-time": "8",
        "ETag": "W/\u00220x8D9E1D2AA583D62\u0022",
        "Expires": "-1",
        "OData-Version": "4.0",
        "Pragma": "no-cache",
        "Preference-Applied": "odata.include-annotations=\u0022*\u0022",
        "request-id": "c637cea8-7fae-11ec-b34f-74c63bed1137",
        "Strict-Transport-Security": "max-age=15724800; includeSubDomains",
        "Vary": "Accept-Encoding"
      },
      "ResponseBody": {
        "@odata.context": "https://fakesearchendpoint.search.windows.net/$metadata#datasources/$entity",
        "@odata.etag": "\u00220x8D9E1D2AA583D62\u0022",
        "name": "get",
        "description": null,
        "type": "azureblob",
        "subtype": null,
        "credentials": {
          "connectionString": null
        },
        "container": {
          "name": "searchcontainer",
          "query": null
        },
        "dataChangeDetectionPolicy": null,
        "dataDeletionDetectionPolicy": null,
        "encryptionKey": null,
        "identity": null
      }
    },
    {
      "RequestUri": "https://fakesearchendpoint.search.windows.net/datasources?api-version=2021-04-30-Preview",
      "RequestMethod": "POST",
      "RequestHeaders": {
        "Accept": "application/json;odata.metadata=minimal",
        "Accept-Encoding": "gzip, deflate",
        "Content-Length": "224",
        "Content-Type": "application/json",
        "User-Agent": "azsdk-python-search-documents/11.3.0b7 Python/3.9.2 (Windows-10-10.0.19041-SP0)",
        "x-ms-client-request-id": "c649d0fb-7fae-11ec-be14-74c63bed1137"
      },
      "RequestBody": {
        "name": "list",
        "type": "azureblob",
        "credentials": {
          "connectionString": "DefaultEndpointsProtocol=https;AccountName=fakestoragecs;AccountKey=FAKE;EndpointSuffix=core.windows.net"
        },
        "container": {
          "name": "searchcontainer"
        }
      },
      "StatusCode": 201,
      "ResponseHeaders": {
        "Cache-Control": "no-cache",
        "Content-Length": "398",
        "Content-Type": "application/json; odata.metadata=minimal",
        "Date": "Thu, 27 Jan 2022 20:21:56 GMT",
        "elapsed-time": "36",
        "ETag": "W/\u00220x8D9E1D2AA7FBCBF\u0022",
        "Expires": "-1",
        "Location": "https://fakesearchendpoint.search.windows.net/datasources(\u0027list\u0027)?api-version=2021-04-30-Preview",
        "OData-Version": "4.0",
        "Pragma": "no-cache",
        "Preference-Applied": "odata.include-annotations=\u0022*\u0022",
        "request-id": "c649d0fb-7fae-11ec-be14-74c63bed1137",
        "Strict-Transport-Security": "max-age=15724800; includeSubDomains"
      },
      "ResponseBody": {
        "@odata.context": "https://fakesearchendpoint.search.windows.net/$metadata#datasources/$entity",
        "@odata.etag": "\u00220x8D9E1D2AA7FBCBF\u0022",
        "name": "list",
        "description": null,
        "type": "azureblob",
        "subtype": null,
        "credentials": {
          "connectionString": null
        },
        "container": {
          "name": "searchcontainer",
          "query": null
        },
        "dataChangeDetectionPolicy": null,
        "dataDeletionDetectionPolicy": null,
        "encryptionKey": null,
        "identity": null
      }
    },
    {
      "RequestUri": "https://fakesearchendpoint.search.windows.net/datasources?api-version=2021-04-30-Preview",
      "RequestMethod": "POST",
      "RequestHeaders": {
        "Accept": "application/json;odata.metadata=minimal",
        "Accept-Encoding": "gzip, deflate",
        "Content-Length": "225",
        "Content-Type": "application/json",
        "User-Agent": "azsdk-python-search-documents/11.3.0b7 Python/3.9.2 (Windows-10-10.0.19041-SP0)",
        "x-ms-client-request-id": "c65fb8e0-7fae-11ec-bfdd-74c63bed1137"
      },
      "RequestBody": {
        "name": "list2",
        "type": "azureblob",
        "credentials": {
          "connectionString": "DefaultEndpointsProtocol=https;AccountName=fakestoragecs;AccountKey=FAKE;EndpointSuffix=core.windows.net"
        },
        "container": {
          "name": "searchcontainer"
        }
      },
      "StatusCode": 201,
      "ResponseHeaders": {
        "Cache-Control": "no-cache",
        "Content-Length": "399",
        "Content-Type": "application/json; odata.metadata=minimal",
        "Date": "Thu, 27 Jan 2022 20:21:57 GMT",
        "elapsed-time": "35",
        "ETag": "W/\u00220x8D9E1D2AA9C8F50\u0022",
        "Expires": "-1",
        "Location": "https://fakesearchendpoint.search.windows.net/datasources(\u0027list2\u0027)?api-version=2021-04-30-Preview",
        "OData-Version": "4.0",
        "Pragma": "no-cache",
        "Preference-Applied": "odata.include-annotations=\u0022*\u0022",
        "request-id": "c65fb8e0-7fae-11ec-bfdd-74c63bed1137",
        "Strict-Transport-Security": "max-age=15724800; includeSubDomains"
      },
      "ResponseBody": {
        "@odata.context": "https://fakesearchendpoint.search.windows.net/$metadata#datasources/$entity",
        "@odata.etag": "\u00220x8D9E1D2AA9C8F50\u0022",
        "name": "list2",
        "description": null,
        "type": "azureblob",
        "subtype": null,
        "credentials": {
          "connectionString": null
        },
        "container": {
          "name": "searchcontainer",
          "query": null
        },
        "dataChangeDetectionPolicy": null,
        "dataDeletionDetectionPolicy": null,
        "encryptionKey": null,
        "identity": null
      }
    },
    {
      "RequestUri": "https://fakesearchendpoint.search.windows.net/datasources?api-version=2021-04-30-Preview",
      "RequestMethod": "GET",
      "RequestHeaders": {
        "Accept": "application/json;odata.metadata=minimal",
        "Accept-Encoding": "gzip, deflate",
        "User-Agent": "azsdk-python-search-documents/11.3.0b7 Python/3.9.2 (Windows-10-10.0.19041-SP0)",
        "x-ms-client-request-id": "c67c3393-7fae-11ec-9e52-74c63bed1137"
      },
      "RequestBody": null,
      "StatusCode": 200,
      "ResponseHeaders": {
        "Cache-Control": "no-cache",
        "Content-Encoding": "gzip",
        "Content-Length": "1316",
        "Content-Type": "application/json; odata.metadata=minimal",
        "Date": "Thu, 27 Jan 2022 20:21:57 GMT",
        "elapsed-time": "28",
        "Expires": "-1",
        "OData-Version": "4.0",
        "Pragma": "no-cache",
        "Preference-Applied": "odata.include-annotations=\u0022*\u0022",
        "request-id": "c67c3393-7fae-11ec-9e52-74c63bed1137",
        "Strict-Transport-Security": "max-age=15724800; includeSubDomains",
        "Vary": "Accept-Encoding"
      },
      "ResponseBody": {
        "@odata.context": "https://fakesearchendpoint.search.windows.net/$metadata#datasources",
        "value": [
          {
            "@odata.etag": "\u00220x8D9E1D2A9F06325\u0022",
            "name": "create",
            "description": null,
            "type": "azureblob",
            "subtype": null,
            "credentials": {
              "connectionString": null
            },
            "container": {
              "name": "searchcontainer",
              "query": null
            },
            "dataChangeDetectionPolicy": null,
            "dataDeletionDetectionPolicy": null,
            "encryptionKey": null,
            "identity": null
          },
          {
            "@odata.etag": "\u00220x8D9E1D2AA583D62\u0022",
            "name": "get",
            "description": null,
            "type": "azureblob",
            "subtype": null,
            "credentials": {
              "connectionString": null
            },
            "container": {
              "name": "searchcontainer",
              "query": null
            },
            "dataChangeDetectionPolicy": null,
            "dataDeletionDetectionPolicy": null,
            "encryptionKey": null,
            "identity": null
          },
          {
            "@odata.etag": "\u00220x8D9E1D2AA7FBCBF\u0022",
            "name": "list",
            "description": null,
            "type": "azureblob",
            "subtype": null,
            "credentials": {
              "connectionString": null
            },
            "container": {
              "name": "searchcontainer",
              "query": null
            },
            "dataChangeDetectionPolicy": null,
            "dataDeletionDetectionPolicy": null,
            "encryptionKey": null,
            "identity": null
          },
          {
            "@odata.etag": "\u00220x8D9E1D2AA9C8F50\u0022",
            "name": "list2",
            "description": null,
            "type": "azureblob",
            "subtype": null,
            "credentials": {
              "connectionString": null
            },
            "container": {
              "name": "searchcontainer",
              "query": null
            },
            "dataChangeDetectionPolicy": null,
            "dataDeletionDetectionPolicy": null,
            "encryptionKey": null,
            "identity": null
          }
        ]
      }
    },
    {
      "RequestUri": "https://fakesearchendpoint.search.windows.net/datasources?api-version=2021-04-30-Preview",
      "RequestMethod": "POST",
      "RequestHeaders": {
        "Accept": "application/json;odata.metadata=minimal",
        "Accept-Encoding": "gzip, deflate",
        "Content-Length": "223",
        "Content-Type": "application/json",
        "User-Agent": "azsdk-python-search-documents/11.3.0b7 Python/3.9.2 (Windows-10-10.0.19041-SP0)",
        "x-ms-client-request-id": "c691cf4c-7fae-11ec-b855-74c63bed1137"
      },
      "RequestBody": {
        "name": "cou",
        "type": "azureblob",
        "credentials": {
          "connectionString": "DefaultEndpointsProtocol=https;AccountName=fakestoragecs;AccountKey=FAKE;EndpointSuffix=core.windows.net"
        },
        "container": {
          "name": "searchcontainer"
        }
      },
      "StatusCode": 201,
      "ResponseHeaders": {
        "Cache-Control": "no-cache",
        "Content-Length": "397",
        "Content-Type": "application/json; odata.metadata=minimal",
        "Date": "Thu, 27 Jan 2022 20:21:57 GMT",
        "elapsed-time": "37",
        "ETag": "W/\u00220x8D9E1D2AACE6D6D\u0022",
        "Expires": "-1",
        "Location": "https://fakesearchendpoint.search.windows.net/datasources(\u0027cou\u0027)?api-version=2021-04-30-Preview",
        "OData-Version": "4.0",
        "Pragma": "no-cache",
        "Preference-Applied": "odata.include-annotations=\u0022*\u0022",
        "request-id": "c691cf4c-7fae-11ec-b855-74c63bed1137",
        "Strict-Transport-Security": "max-age=15724800; includeSubDomains"
      },
      "ResponseBody": {
        "@odata.context": "https://fakesearchendpoint.search.windows.net/$metadata#datasources/$entity",
        "@odata.etag": "\u00220x8D9E1D2AACE6D6D\u0022",
        "name": "cou",
        "description": null,
        "type": "azureblob",
        "subtype": null,
        "credentials": {
          "connectionString": null
        },
        "container": {
          "name": "searchcontainer",
          "query": null
        },
        "dataChangeDetectionPolicy": null,
        "dataDeletionDetectionPolicy": null,
        "encryptionKey": null,
        "identity": null
      }
    },
    {
      "RequestUri": "https://fakesearchendpoint.search.windows.net/datasources?api-version=2021-04-30-Preview",
      "RequestMethod": "GET",
      "RequestHeaders": {
        "Accept": "application/json;odata.metadata=minimal",
        "Accept-Encoding": "gzip, deflate",
        "User-Agent": "azsdk-python-search-documents/11.3.0b7 Python/3.9.2 (Windows-10-10.0.19041-SP0)",
        "x-ms-client-request-id": "c6adfbb7-7fae-11ec-abfd-74c63bed1137"
      },
      "RequestBody": null,
      "StatusCode": 200,
      "ResponseHeaders": {
        "Cache-Control": "no-cache",
        "Content-Encoding": "gzip",
        "Content-Length": "1619",
        "Content-Type": "application/json; odata.metadata=minimal",
        "Date": "Thu, 27 Jan 2022 20:21:57 GMT",
        "elapsed-time": "34",
        "Expires": "-1",
        "OData-Version": "4.0",
        "Pragma": "no-cache",
        "Preference-Applied": "odata.include-annotations=\u0022*\u0022",
        "request-id": "c6adfbb7-7fae-11ec-abfd-74c63bed1137",
        "Strict-Transport-Security": "max-age=15724800; includeSubDomains",
        "Vary": "Accept-Encoding"
      },
      "ResponseBody": {
        "@odata.context": "https://fakesearchendpoint.search.windows.net/$metadata#datasources",
        "value": [
          {
            "@odata.etag": "\u00220x8D9E1D2AACE6D6D\u0022",
            "name": "cou",
            "description": null,
            "type": "azureblob",
            "subtype": null,
            "credentials": {
              "connectionString": null
            },
            "container": {
              "name": "searchcontainer",
              "query": null
            },
            "dataChangeDetectionPolicy": null,
            "dataDeletionDetectionPolicy": null,
            "encryptionKey": null,
            "identity": null
          },
          {
            "@odata.etag": "\u00220x8D9E1D2A9F06325\u0022",
            "name": "create",
            "description": null,
            "type": "azureblob",
            "subtype": null,
            "credentials": {
              "connectionString": null
            },
            "container": {
              "name": "searchcontainer",
              "query": null
            },
            "dataChangeDetectionPolicy": null,
            "dataDeletionDetectionPolicy": null,
            "encryptionKey": null,
            "identity": null
          },
          {
            "@odata.etag": "\u00220x8D9E1D2AA583D62\u0022",
            "name": "get",
            "description": null,
            "type": "azureblob",
            "subtype": null,
            "credentials": {
              "connectionString": null
            },
            "container": {
              "name": "searchcontainer",
              "query": null
            },
            "dataChangeDetectionPolicy": null,
            "dataDeletionDetectionPolicy": null,
            "encryptionKey": null,
            "identity": null
          },
          {
            "@odata.etag": "\u00220x8D9E1D2AA7FBCBF\u0022",
            "name": "list",
            "description": null,
            "type": "azureblob",
            "subtype": null,
            "credentials": {
              "connectionString": null
            },
            "container": {
              "name": "searchcontainer",
              "query": null
            },
            "dataChangeDetectionPolicy": null,
            "dataDeletionDetectionPolicy": null,
            "encryptionKey": null,
            "identity": null
          },
          {
            "@odata.etag": "\u00220x8D9E1D2AA9C8F50\u0022",
            "name": "list2",
            "description": null,
            "type": "azureblob",
            "subtype": null,
            "credentials": {
              "connectionString": null
            },
            "container": {
              "name": "searchcontainer",
              "query": null
            },
            "dataChangeDetectionPolicy": null,
            "dataDeletionDetectionPolicy": null,
            "encryptionKey": null,
            "identity": null
          }
        ]
      }
    },
    {
      "RequestUri": "https://fakesearchendpoint.search.windows.net/datasources(\u0027cou\u0027)?api-version=2021-04-30-Preview",
      "RequestMethod": "PUT",
      "RequestHeaders": {
        "Accept": "application/json;odata.metadata=minimal",
        "Accept-Encoding": "gzip, deflate",
        "Content-Length": "249",
        "Content-Type": "application/json",
        "Prefer": "return=representation",
        "User-Agent": "azsdk-python-search-documents/11.3.0b7 Python/3.9.2 (Windows-10-10.0.19041-SP0)",
        "x-ms-client-request-id": "c6c39b82-7fae-11ec-a0df-74c63bed1137"
      },
      "RequestBody": {
        "name": "cou",
        "description": "updated",
        "type": "azureblob",
        "credentials": {
          "connectionString": "DefaultEndpointsProtocol=https;AccountName=fakestoragecs;AccountKey=FAKE;EndpointSuffix=core.windows.net"
        },
        "container": {
          "name": "searchcontainer"
        }
      },
      "StatusCode": 200,
      "ResponseHeaders": {
        "Cache-Control": "no-cache",
        "Content-Encoding": "gzip",
        "Content-Length": "402",
        "Content-Type": "application/json; odata.metadata=minimal",
        "Date": "Thu, 27 Jan 2022 20:21:57 GMT",
        "elapsed-time": "31",
        "ETag": "W/\u00220x8D9E1D2AB00E7AA\u0022",
        "Expires": "-1",
        "OData-Version": "4.0",
        "Pragma": "no-cache",
        "Preference-Applied": "odata.include-annotations=\u0022*\u0022",
        "request-id": "c6c39b82-7fae-11ec-a0df-74c63bed1137",
        "Strict-Transport-Security": "max-age=15724800; includeSubDomains",
        "Vary": "Accept-Encoding"
      },
      "ResponseBody": {
        "@odata.context": "https://fakesearchendpoint.search.windows.net/$metadata#datasources/$entity",
        "@odata.etag": "\u00220x8D9E1D2AB00E7AA\u0022",
        "name": "cou",
        "description": "updated",
        "type": "azureblob",
        "subtype": null,
        "credentials": {
          "connectionString": null
        },
        "container": {
          "name": "searchcontainer",
          "query": null
        },
        "dataChangeDetectionPolicy": null,
        "dataDeletionDetectionPolicy": null,
        "encryptionKey": null,
        "identity": null
      }
    },
    {
      "RequestUri": "https://fakesearchendpoint.search.windows.net/datasources?api-version=2021-04-30-Preview",
      "RequestMethod": "GET",
      "RequestHeaders": {
        "Accept": "application/json;odata.metadata=minimal",
        "Accept-Encoding": "gzip, deflate",
        "User-Agent": "azsdk-python-search-documents/11.3.0b7 Python/3.9.2 (Windows-10-10.0.19041-SP0)",
        "x-ms-client-request-id": "c6e094dc-7fae-11ec-a765-74c63bed1137"
      },
      "RequestBody": null,
      "StatusCode": 200,
      "ResponseHeaders": {
        "Cache-Control": "no-cache",
        "Content-Encoding": "gzip",
        "Content-Length": "1624",
        "Content-Type": "application/json; odata.metadata=minimal",
        "Date": "Thu, 27 Jan 2022 20:21:57 GMT",
        "elapsed-time": "31",
        "Expires": "-1",
        "OData-Version": "4.0",
        "Pragma": "no-cache",
        "Preference-Applied": "odata.include-annotations=\u0022*\u0022",
        "request-id": "c6e094dc-7fae-11ec-a765-74c63bed1137",
        "Strict-Transport-Security": "max-age=15724800; includeSubDomains",
        "Vary": "Accept-Encoding"
      },
      "ResponseBody": {
        "@odata.context": "https://fakesearchendpoint.search.windows.net/$metadata#datasources",
        "value": [
          {
            "@odata.etag": "\u00220x8D9E1D2AB00E7AA\u0022",
            "name": "cou",
            "description": "updated",
            "type": "azureblob",
            "subtype": null,
            "credentials": {
              "connectionString": null
            },
            "container": {
              "name": "searchcontainer",
              "query": null
            },
            "dataChangeDetectionPolicy": null,
            "dataDeletionDetectionPolicy": null,
            "encryptionKey": null,
            "identity": null
          },
          {
            "@odata.etag": "\u00220x8D9E1D2A9F06325\u0022",
            "name": "create",
            "description": null,
            "type": "azureblob",
            "subtype": null,
            "credentials": {
              "connectionString": null
            },
            "container": {
              "name": "searchcontainer",
              "query": null
            },
            "dataChangeDetectionPolicy": null,
            "dataDeletionDetectionPolicy": null,
            "encryptionKey": null,
            "identity": null
          },
          {
            "@odata.etag": "\u00220x8D9E1D2AA583D62\u0022",
            "name": "get",
            "description": null,
            "type": "azureblob",
            "subtype": null,
            "credentials": {
              "connectionString": null
            },
            "container": {
              "name": "searchcontainer",
              "query": null
            },
            "dataChangeDetectionPolicy": null,
            "dataDeletionDetectionPolicy": null,
            "encryptionKey": null,
            "identity": null
          },
          {
            "@odata.etag": "\u00220x8D9E1D2AA7FBCBF\u0022",
            "name": "list",
            "description": null,
            "type": "azureblob",
            "subtype": null,
            "credentials": {
              "connectionString": null
            },
            "container": {
              "name": "searchcontainer",
              "query": null
            },
            "dataChangeDetectionPolicy": null,
            "dataDeletionDetectionPolicy": null,
            "encryptionKey": null,
            "identity": null
          },
          {
            "@odata.etag": "\u00220x8D9E1D2AA9C8F50\u0022",
            "name": "list2",
            "description": null,
            "type": "azureblob",
            "subtype": null,
            "credentials": {
              "connectionString": null
            },
            "container": {
              "name": "searchcontainer",
              "query": null
            },
            "dataChangeDetectionPolicy": null,
            "dataDeletionDetectionPolicy": null,
            "encryptionKey": null,
            "identity": null
          }
        ]
      }
    },
    {
      "RequestUri": "https://fakesearchendpoint.search.windows.net/datasources(\u0027cou\u0027)?api-version=2021-04-30-Preview",
      "RequestMethod": "GET",
      "RequestHeaders": {
        "Accept": "application/json;odata.metadata=minimal",
        "Accept-Encoding": "gzip, deflate",
        "User-Agent": "azsdk-python-search-documents/11.3.0b7 Python/3.9.2 (Windows-10-10.0.19041-SP0)",
        "x-ms-client-request-id": "c6f5de91-7fae-11ec-81b1-74c63bed1137"
      },
      "RequestBody": null,
      "StatusCode": 200,
      "ResponseHeaders": {
        "Cache-Control": "no-cache",
        "Content-Encoding": "gzip",
        "Content-Length": "402",
        "Content-Type": "application/json; odata.metadata=minimal",
        "Date": "Thu, 27 Jan 2022 20:21:57 GMT",
        "elapsed-time": "8",
        "ETag": "W/\u00220x8D9E1D2AB00E7AA\u0022",
        "Expires": "-1",
        "OData-Version": "4.0",
        "Pragma": "no-cache",
        "Preference-Applied": "odata.include-annotations=\u0022*\u0022",
        "request-id": "c6f5de91-7fae-11ec-81b1-74c63bed1137",
        "Strict-Transport-Security": "max-age=15724800; includeSubDomains",
        "Vary": "Accept-Encoding"
      },
      "ResponseBody": {
        "@odata.context": "https://fakesearchendpoint.search.windows.net/$metadata#datasources/$entity",
        "@odata.etag": "\u00220x8D9E1D2AB00E7AA\u0022",
        "name": "cou",
        "description": "updated",
        "type": "azureblob",
        "subtype": null,
        "credentials": {
          "connectionString": null
        },
        "container": {
          "name": "searchcontainer",
          "query": null
        },
        "dataChangeDetectionPolicy": null,
        "dataDeletionDetectionPolicy": null,
        "encryptionKey": null,
        "identity": null
      }
    },
    {
      "RequestUri": "https://fakesearchendpoint.search.windows.net/datasources?api-version=2021-04-30-Preview",
      "RequestMethod": "POST",
      "RequestHeaders": {
        "Accept": "application/json;odata.metadata=minimal",
        "Accept-Encoding": "gzip, deflate",
        "Content-Length": "227",
        "Content-Type": "application/json",
        "User-Agent": "azsdk-python-search-documents/11.3.0b7 Python/3.9.2 (Windows-10-10.0.19041-SP0)",
        "x-ms-client-request-id": "c706e5bf-7fae-11ec-92eb-74c63bed1137"
      },
      "RequestBody": {
        "name": "couunch",
        "type": "azureblob",
        "credentials": {
          "connectionString": "DefaultEndpointsProtocol=https;AccountName=fakestoragecs;AccountKey=FAKE;EndpointSuffix=core.windows.net"
        },
        "container": {
          "name": "searchcontainer"
        }
      },
      "StatusCode": 201,
      "ResponseHeaders": {
        "Cache-Control": "no-cache",
        "Content-Length": "401",
        "Content-Type": "application/json; odata.metadata=minimal",
        "Date": "Thu, 27 Jan 2022 20:21:58 GMT",
        "elapsed-time": "35",
        "ETag": "W/\u00220x8D9E1D2AB3C8852\u0022",
        "Expires": "-1",
        "Location": "https://fakesearchendpoint.search.windows.net/datasources(\u0027couunch\u0027)?api-version=2021-04-30-Preview",
        "OData-Version": "4.0",
        "Pragma": "no-cache",
        "Preference-Applied": "odata.include-annotations=\u0022*\u0022",
        "request-id": "c706e5bf-7fae-11ec-92eb-74c63bed1137",
        "Strict-Transport-Security": "max-age=15724800; includeSubDomains"
      },
      "ResponseBody": {
        "@odata.context": "https://fakesearchendpoint.search.windows.net/$metadata#datasources/$entity",
        "@odata.etag": "\u00220x8D9E1D2AB3C8852\u0022",
        "name": "couunch",
        "description": null,
        "type": "azureblob",
        "subtype": null,
        "credentials": {
          "connectionString": null
        },
        "container": {
          "name": "searchcontainer",
          "query": null
        },
        "dataChangeDetectionPolicy": null,
        "dataDeletionDetectionPolicy": null,
        "encryptionKey": null,
        "identity": null
      }
    },
    {
      "RequestUri": "https://fakesearchendpoint.search.windows.net/datasources(\u0027couunch\u0027)?api-version=2021-04-30-Preview",
      "RequestMethod": "PUT",
      "RequestHeaders": {
        "Accept": "application/json;odata.metadata=minimal",
        "Accept-Encoding": "gzip, deflate",
        "Content-Length": "253",
        "Content-Type": "application/json",
        "Prefer": "return=representation",
        "User-Agent": "azsdk-python-search-documents/11.3.0b7 Python/3.9.2 (Windows-10-10.0.19041-SP0)",
        "x-ms-client-request-id": "c71c65f9-7fae-11ec-af34-74c63bed1137"
      },
      "RequestBody": {
        "name": "couunch",
        "description": "updated",
        "type": "azureblob",
        "credentials": {
          "connectionString": "DefaultEndpointsProtocol=https;AccountName=fakestoragecs;AccountKey=FAKE;EndpointSuffix=core.windows.net"
        },
        "container": {
          "name": "searchcontainer"
        }
      },
      "StatusCode": 200,
      "ResponseHeaders": {
        "Cache-Control": "no-cache",
        "Content-Encoding": "gzip",
        "Content-Length": "406",
        "Content-Type": "application/json; odata.metadata=minimal",
        "Date": "Thu, 27 Jan 2022 20:21:58 GMT",
        "elapsed-time": "33",
        "ETag": "W/\u00220x8D9E1D2AB58E5C1\u0022",
        "Expires": "-1",
        "OData-Version": "4.0",
        "Pragma": "no-cache",
        "Preference-Applied": "odata.include-annotations=\u0022*\u0022",
        "request-id": "c71c65f9-7fae-11ec-af34-74c63bed1137",
        "Strict-Transport-Security": "max-age=15724800; includeSubDomains",
        "Vary": "Accept-Encoding"
      },
      "ResponseBody": {
        "@odata.context": "https://fakesearchendpoint.search.windows.net/$metadata#datasources/$entity",
        "@odata.etag": "\u00220x8D9E1D2AB58E5C1\u0022",
        "name": "couunch",
        "description": "updated",
        "type": "azureblob",
        "subtype": null,
        "credentials": {
          "connectionString": null
        },
        "container": {
          "name": "searchcontainer",
          "query": null
        },
        "dataChangeDetectionPolicy": null,
        "dataDeletionDetectionPolicy": null,
        "encryptionKey": null,
        "identity": null
      }
    },
    {
      "RequestUri": "https://fakesearchendpoint.search.windows.net/datasources(\u0027couunch\u0027)?api-version=2021-04-30-Preview",
      "RequestMethod": "PUT",
      "RequestHeaders": {
        "Accept": "application/json;odata.metadata=minimal",
        "Accept-Encoding": "gzip, deflate",
        "Content-Length": "293",
        "Content-Type": "application/json",
        "If-Match": "\u00220x8D9E1D2AB3C8852\u0022",
        "Prefer": "return=representation",
        "User-Agent": "azsdk-python-search-documents/11.3.0b7 Python/3.9.2 (Windows-10-10.0.19041-SP0)",
        "x-ms-client-request-id": "c738a85a-7fae-11ec-8470-74c63bed1137"
      },
      "RequestBody": {
        "name": "couunch",
        "description": "changed",
        "type": "azureblob",
        "credentials": {
          "connectionString": "DefaultEndpointsProtocol=https;AccountName=fakestoragecs;AccountKey=FAKE;EndpointSuffix=core.windows.net"
        },
        "container": {
          "name": "searchcontainer"
        },
        "@odata.etag": "\u00220x8D9E1D2AB3C8852\u0022"
      },
      "StatusCode": 412,
      "ResponseHeaders": {
        "Cache-Control": "no-cache",
        "Content-Language": "en",
        "Content-Length": "160",
        "Content-Type": "application/json; odata.metadata=minimal",
        "Date": "Thu, 27 Jan 2022 20:21:58 GMT",
        "elapsed-time": "8",
        "Expires": "-1",
        "OData-Version": "4.0",
        "Pragma": "no-cache",
        "Preference-Applied": "odata.include-annotations=\u0022*\u0022",
        "request-id": "c738a85a-7fae-11ec-8470-74c63bed1137",
        "Strict-Transport-Security": "max-age=15724800; includeSubDomains"
      },
      "ResponseBody": {
        "error": {
          "code": "",
          "message": "The precondition given in one of the request headers evaluated to false. No change was made to the resource from this request."
        }
      }
    },
    {
      "RequestUri": "https://fakesearchendpoint.search.windows.net/datasources?api-version=2021-04-30-Preview",
      "RequestMethod": "POST",
      "RequestHeaders": {
        "Accept": "application/json;odata.metadata=minimal",
        "Accept-Encoding": "gzip, deflate",
        "Content-Length": "227",
        "Content-Type": "application/json",
        "User-Agent": "azsdk-python-search-documents/11.3.0b7 Python/3.9.2 (Windows-10-10.0.19041-SP0)",
        "x-ms-client-request-id": "c7521f01-7fae-11ec-a4dd-74c63bed1137"
      },
      "RequestBody": {
        "name": "delunch",
        "type": "azureblob",
        "credentials": {
          "connectionString": "DefaultEndpointsProtocol=https;AccountName=fakestoragecs;AccountKey=FAKE;EndpointSuffix=core.windows.net"
        },
        "container": {
          "name": "searchcontainer"
        }
      },
      "StatusCode": 201,
      "ResponseHeaders": {
        "Cache-Control": "no-cache",
        "Content-Length": "401",
        "Content-Type": "application/json; odata.metadata=minimal",
        "Date": "Thu, 27 Jan 2022 20:21:58 GMT",
        "elapsed-time": "36",
        "ETag": "W/\u00220x8D9E1D2AB879006\u0022",
        "Expires": "-1",
        "Location": "https://fakesearchendpoint.search.windows.net/datasources(\u0027delunch\u0027)?api-version=2021-04-30-Preview",
        "OData-Version": "4.0",
        "Pragma": "no-cache",
        "Preference-Applied": "odata.include-annotations=\u0022*\u0022",
        "request-id": "c7521f01-7fae-11ec-a4dd-74c63bed1137",
        "Strict-Transport-Security": "max-age=15724800; includeSubDomains"
      },
      "ResponseBody": {
        "@odata.context": "https://fakesearchendpoint.search.windows.net/$metadata#datasources/$entity",
        "@odata.etag": "\u00220x8D9E1D2AB879006\u0022",
        "name": "delunch",
        "description": null,
        "type": "azureblob",
        "subtype": null,
        "credentials": {
          "connectionString": null
        },
        "container": {
          "name": "searchcontainer",
          "query": null
        },
        "dataChangeDetectionPolicy": null,
        "dataDeletionDetectionPolicy": null,
        "encryptionKey": null,
        "identity": null
      }
    },
    {
      "RequestUri": "https://fakesearchendpoint.search.windows.net/datasources(\u0027delunch\u0027)?api-version=2021-04-30-Preview",
      "RequestMethod": "PUT",
      "RequestHeaders": {
        "Accept": "application/json;odata.metadata=minimal",
        "Accept-Encoding": "gzip, deflate",
        "Content-Length": "253",
        "Content-Type": "application/json",
        "Prefer": "return=representation",
        "User-Agent": "azsdk-python-search-documents/11.3.0b7 Python/3.9.2 (Windows-10-10.0.19041-SP0)",
        "x-ms-client-request-id": "c76758d8-7fae-11ec-89bf-74c63bed1137"
      },
      "RequestBody": {
        "name": "delunch",
        "description": "updated",
        "type": "azureblob",
        "credentials": {
          "connectionString": "DefaultEndpointsProtocol=https;AccountName=fakestoragecs;AccountKey=FAKE;EndpointSuffix=core.windows.net"
        },
        "container": {
          "name": "searchcontainer"
        }
      },
      "StatusCode": 200,
      "ResponseHeaders": {
        "Cache-Control": "no-cache",
        "Content-Encoding": "gzip",
        "Content-Length": "406",
        "Content-Type": "application/json; odata.metadata=minimal",
        "Date": "Thu, 27 Jan 2022 20:21:58 GMT",
        "elapsed-time": "32",
        "ETag": "W/\u00220x8D9E1D2AB9C9B8D\u0022",
        "Expires": "-1",
        "OData-Version": "4.0",
        "Pragma": "no-cache",
        "Preference-Applied": "odata.include-annotations=\u0022*\u0022",
        "request-id": "c76758d8-7fae-11ec-89bf-74c63bed1137",
        "Strict-Transport-Security": "max-age=15724800; includeSubDomains",
        "Vary": "Accept-Encoding"
      },
      "ResponseBody": {
        "@odata.context": "https://fakesearchendpoint.search.windows.net/$metadata#datasources/$entity",
        "@odata.etag": "\u00220x8D9E1D2AB9C9B8D\u0022",
        "name": "delunch",
        "description": "updated",
        "type": "azureblob",
        "subtype": null,
        "credentials": {
          "connectionString": null
        },
        "container": {
          "name": "searchcontainer",
          "query": null
        },
        "dataChangeDetectionPolicy": null,
        "dataDeletionDetectionPolicy": null,
        "encryptionKey": null,
        "identity": null
      }
    },
    {
      "RequestUri": "https://fakesearchendpoint.search.windows.net/datasources(\u0027delunch\u0027)?api-version=2021-04-30-Preview",
      "RequestMethod": "DELETE",
      "RequestHeaders": {
        "Accept": "application/json;odata.metadata=minimal",
        "Accept-Encoding": "gzip, deflate",
        "Content-Length": "0",
        "If-Match": "\u00220x8D9E1D2AB879006\u0022",
        "User-Agent": "azsdk-python-search-documents/11.3.0b7 Python/3.9.2 (Windows-10-10.0.19041-SP0)",
        "x-ms-client-request-id": "c77c3ade-7fae-11ec-a9fa-74c63bed1137"
      },
      "RequestBody": null,
      "StatusCode": 412,
      "ResponseHeaders": {
        "Cache-Control": "no-cache",
        "Content-Language": "en",
        "Content-Length": "160",
        "Content-Type": "application/json; odata.metadata=minimal",
        "Date": "Thu, 27 Jan 2022 20:21:58 GMT",
        "elapsed-time": "7",
        "Expires": "-1",
        "OData-Version": "4.0",
        "Pragma": "no-cache",
        "Preference-Applied": "odata.include-annotations=\u0022*\u0022",
        "request-id": "c77c3ade-7fae-11ec-a9fa-74c63bed1137",
        "Strict-Transport-Security": "max-age=15724800; includeSubDomains"
      },
      "ResponseBody": {
        "error": {
          "code": "",
          "message": "The precondition given in one of the request headers evaluated to false. No change was made to the resource from this request."
        }
      }
    }
  ],
  "Variables": {}
}
