interactions:
- request:
    body: '{"location": "global", "properties": {"dataLocation": "UnitedStates"}}'
    headers:
      Accept:
      - application/json
      Accept-Encoding:
      - gzip, deflate
      Connection:
      - keep-alive
      Content-Length:
      - '70'
      Content-Type:
      - application/json
      User-Agent:
      - azsdk-python-mgmt-communication/1.0.0b5 Python/3.8.3 (Windows-10-10.0.21264-SP0)
    method: PUT
    uri: https://management.azure.com/subscriptions/00000000-0000-0000-0000-000000000000/resourceGroups/test_mgmt_communication_list_resources_test_communication_list_by_subscription695209b/providers/Microsoft.Communication/communicationServices/test-resource-list-by-subscription695209b?api-version=2020-08-20-preview
  response:
    body:
      string: '{"id":"/subscriptions/00000000-0000-0000-0000-000000000000/resourceGroups/test_mgmt_communication_list_resources_test_communication_list_by_subscription695209b/providers/Microsoft.Communication/communicationServices/test-resource-list-by-subscription695209b","name":"test-resource-list-by-subscription695209b","type":"Microsoft.Communication/communicationServices","location":"global","properties":{"provisioningState":"Accepted","hostName":"test-resource-list-by-subscription695209b.communication.azure.com","immutableResourceId":"9f84f5c2-b799-4866-9285-14dbf5ebe4cb","dataLocation":"UnitedStates"}}'
    headers:
      azure-asyncoperation:
      - https://management.azure.com/providers/Microsoft.Communication/locations/WESTUS2/operationStatuses/f771e6ac-11c9-40ce-9fca-1fbe8e270b24?api-version=2020-08-20-preview
      cache-control:
      - no-cache
      content-length:
      - '601'
      content-type:
      - application/json; charset=utf-8
      date:
      - Tue, 15 Dec 2020 00:43:49 GMT
      etag:
      - '"500036f5-0000-0700-0000-5fd806c50000"'
      expires:
      - '-1'
      location:
      - https://management.azure.com/providers/Microsoft.Communication/locations/WESTUS2/operationStatuses/f771e6ac-11c9-40ce-9fca-1fbe8e270b24?api-version=2020-08-20-preview
      pragma:
      - no-cache
      server:
      - Kestrel
      strict-transport-security:
      - max-age=31536000; includeSubDomains
      x-content-type-options:
      - nosniff
      x-ms-ratelimit-remaining-subscription-writes:
      - '1199'
    status:
      code: 201
      message: Created
- request:
    body: null
    headers:
      Accept:
      - '*/*'
      Accept-Encoding:
      - gzip, deflate
      Connection:
      - keep-alive
      User-Agent:
      - azsdk-python-mgmt-communication/1.0.0b5 Python/3.8.3 (Windows-10-10.0.21264-SP0)
    method: GET
    uri: https://management.azure.com/providers/Microsoft.Communication/locations/WESTUS2/operationStatuses/f771e6ac-11c9-40ce-9fca-1fbe8e270b24?api-version=2020-08-20-preview
  response:
    body:
      string: '{"id":"/providers/Microsoft.Communication/locations/WESTUS2/operationStatuses/f771e6ac-11c9-40ce-9fca-1fbe8e270b24","name":"f771e6ac-11c9-40ce-9fca-1fbe8e270b24","resourceId":"/subscriptions/00000000-0000-0000-0000-000000000000/resourceGroups/test_mgmt_communication_list_resources_test_communication_list_by_subscription695209b/providers/Microsoft.Communication/communicationServices/test-resource-list-by-subscription695209b","status":"Succeeded","startTime":"2020-12-15T00:43:49.192803Z","endTime":"2020-12-15T00:43:50.4109899Z","percentComplete":100.0,"properties":null}'
    headers:
      cache-control:
      - no-cache
      content-length:
      - '574'
      content-type:
      - application/json; charset=utf-8
      date:
      - Tue, 15 Dec 2020 00:44:18 GMT
      etag:
      - '"e20bf2a0-0000-0800-0000-5fd806c60000"'
      expires:
      - '-1'
      pragma:
      - no-cache
      server:
      - Kestrel
      strict-transport-security:
      - max-age=31536000; includeSubDomains
      transfer-encoding:
      - chunked
      vary:
      - Accept-Encoding
      x-content-type-options:
      - nosniff
    status:
      code: 200
      message: OK
- request:
    body: null
    headers:
      Accept:
      - '*/*'
      Accept-Encoding:
      - gzip, deflate
      Connection:
      - keep-alive
      User-Agent:
      - azsdk-python-mgmt-communication/1.0.0b5 Python/3.8.3 (Windows-10-10.0.21264-SP0)
    method: GET
    uri: https://management.azure.com/subscriptions/00000000-0000-0000-0000-000000000000/resourceGroups/test_mgmt_communication_list_resources_test_communication_list_by_subscription695209b/providers/Microsoft.Communication/communicationServices/test-resource-list-by-subscription695209b?api-version=2020-08-20-preview
  response:
    body:
      string: '{"id":"/subscriptions/00000000-0000-0000-0000-000000000000/resourceGroups/test_mgmt_communication_list_resources_test_communication_list_by_subscription695209b/providers/Microsoft.Communication/communicationServices/test-resource-list-by-subscription695209b","name":"test-resource-list-by-subscription695209b","type":"Microsoft.Communication/communicationServices","location":"global","properties":{"provisioningState":"Succeeded","hostName":"test-resource-list-by-subscription695209b.communication.azure.com","immutableResourceId":"9f84f5c2-b799-4866-9285-14dbf5ebe4cb","dataLocation":"UnitedStates"}}'
    headers:
      cache-control:
      - no-cache
      content-length:
      - '602'
      content-type:
      - application/json; charset=utf-8
      date:
      - Tue, 15 Dec 2020 00:44:19 GMT
      etag:
      - '"50003ef5-0000-0700-0000-5fd806c60000"'
      expires:
      - '-1'
      pragma:
      - no-cache
      server:
      - Kestrel
      strict-transport-security:
      - max-age=31536000; includeSubDomains
      transfer-encoding:
      - chunked
      vary:
      - Accept-Encoding
      x-content-type-options:
      - nosniff
    status:
      code: 200
      message: OK
- request:
    body: null
    headers:
      Accept:
      - application/json
      Accept-Encoding:
      - gzip, deflate
      Connection:
      - keep-alive
      User-Agent:
      - azsdk-python-mgmt-communication/1.0.0b5 Python/3.8.3 (Windows-10-10.0.21264-SP0)
    method: GET
    uri: https://management.azure.com/subscriptions/00000000-0000-0000-0000-000000000000/providers/Microsoft.Communication/communicationServices?api-version=2020-08-20-preview
  response:
    body:
      string: '{"value":[{"id":"/subscriptions/00000000-0000-0000-0000-000000000000/resourceGroups/test_mgmt_communication_list_resources_test_communication_list_by_rgd3a91c4f/providers/Microsoft.Communication/communicationServices/test-resource-list-by-rgd3a91c4f","name":"test-resource-list-by-rgd3a91c4f","type":"Microsoft.Communication/communicationServices","location":"global","properties":{"provisioningState":"Succeeded","hostName":"test-resource-list-by-rgd3a91c4f.communication.azure.com","immutableResourceId":"e6c1d48e-5265-4c58-9823-19c5dd6c3303","dataLocation":"UnitedStates"}},{"id":"/subscriptions/00000000-0000-0000-0000-000000000000/resourceGroups/test_mgmt_communication_list_resources_test_communication_list_by_subscription695209b/providers/Microsoft.Communication/communicationServices/test-resource-list-by-subscription695209b","name":"test-resource-list-by-subscription695209b","type":"Microsoft.Communication/communicationServices","location":"global","properties":{"provisioningState":"Succeeded","hostName":"test-resource-list-by-subscription695209b.communication.azure.com","immutableResourceId":"9f84f5c2-b799-4866-9285-14dbf5ebe4cb","dataLocation":"UnitedStates"}}]}'
    headers:
      cache-control:
      - no-cache
      content-length:
      - '36229'
      content-type:
      - application/json; charset=utf-8
      date:
      - Tue, 15 Dec 2020 00:44:19 GMT
      expires:
      - '-1'
      pragma:
      - no-cache
      server:
      - Kestrel
      strict-transport-security:
      - max-age=31536000; includeSubDomains
      transfer-encoding:
      - chunked
      vary:
      - Accept-Encoding
      x-content-type-options:
      - nosniff
    status:
      code: 200
      message: OK
version: 1
