interactions:
- request:
    body: '{"location": "westus", "properties": {"replicaCount": 1, "partitionCount":
      1, "hostingMode": "default"}, "sku": {"name": "standard"}}'
    headers:
      Accept:
      - application/json
      Accept-Encoding:
      - gzip, deflate
      Connection:
      - keep-alive
      Content-Length:
      - '133'
      Content-Type:
      - application/json; charset=utf-8
      User-Agent:
      - python/3.6.9 (Linux-4.19.76-linuxkit-x86_64-with-Ubuntu-18.04-bionic) msrest/0.6.10
        msrest_azure/0.6.2 azure-mgmt-search/3.0.0 Azure-SDK-For-Python
      accept-language:
      - en-US
    method: PUT
    uri: https://management.azure.com/subscriptions/00000000-0000-0000-0000-000000000000/resourceGroups/test_mgmt_search_test_search_admin_keys3f6f0ff0/providers/Microsoft.Search/searchServices/ptvstestquerykeyss?api-version=2020-08-01
  response:
    body:
      string: '{"id":"/subscriptions/00000000-0000-0000-0000-000000000000/resourceGroups/test_mgmt_search_test_search_admin_keys3f6f0ff0/providers/Microsoft.Search/searchServices/ptvstestquerykeyss","name":"ptvstestquerykeyss","type":"Microsoft.Search/searchServices","location":"West
        US","properties":{"replicaCount":1,"partitionCount":1,"status":"running","statusDetails":"","provisioningState":"succeeded","hostingMode":"default","publicNetworkAccess":"Enabled","networkRuleSet":{"ipRules":[],"bypass":"None"},"privateEndpointConnections":[],"sharedPrivateLinkResources":[]},"sku":{"name":"standard"}}'
    headers:
      cache-control:
      - no-cache
      content-length:
      - '589'
      content-type:
      - application/json; charset=utf-8
      date:
      - Thu, 24 Sep 2020 01:36:33 GMT
      elapsed-time:
      - '3050'
      etag:
      - W/"datetime'2020-09-24T01%3A36%3A32.3832256Z'"
      expires:
      - '-1'
      pragma:
      - no-cache
      request-id:
      - 5ab5f00e-fe06-11ea-bce7-0242ac110006
      strict-transport-security:
      - max-age=31536000; includeSubDomains
      x-content-type-options:
      - nosniff
      x-ms-ratelimit-remaining-subscription-writes:
      - '1199'
    status:
      code: 201
      message: Created
- request:
    body: null
    headers:
      Accept:
      - application/json
      Accept-Encoding:
      - gzip, deflate
      Connection:
      - keep-alive
      Content-Length:
      - '0'
      User-Agent:
      - python/3.6.9 (Linux-4.19.76-linuxkit-x86_64-with-Ubuntu-18.04-bionic) msrest/0.6.10
        msrest_azure/0.6.2 azure-mgmt-search/3.0.0 Azure-SDK-For-Python
      accept-language:
      - en-US
    method: POST
    uri: https://management.azure.com/subscriptions/00000000-0000-0000-0000-000000000000/resourceGroups/test_mgmt_search_test_search_admin_keys3f6f0ff0/providers/Microsoft.Search/searchServices/ptvstestquerykeyss/listAdminKeys?api-version=2020-08-01
  response:
    body:
      string: '{"primaryKey":"1D3AC5190AB6935F875E36ABCEBB6952","secondaryKey":"7823ECFDF452B3A2318738308794BD5B"}'
    headers:
      cache-control:
      - no-cache
      content-length:
      - '99'
      content-type:
      - application/json; charset=utf-8
      date:
      - Thu, 24 Sep 2020 01:36:33 GMT
      elapsed-time:
      - '110'
      expires:
      - '-1'
      pragma:
      - no-cache
      request-id:
      - 608a6852-fe06-11ea-bce7-0242ac110006
      strict-transport-security:
      - max-age=31536000; includeSubDomains
      transfer-encoding:
      - chunked
      vary:
      - Accept-Encoding,Accept-Encoding
      x-content-type-options:
      - nosniff
      x-ms-ratelimit-remaining-subscription-writes:
      - '1199'
    status:
      code: 200
      message: OK
- request:
    body: null
    headers:
      Accept:
      - application/json
      Accept-Encoding:
      - gzip, deflate
      Connection:
      - keep-alive
      Content-Length:
      - '0'
      User-Agent:
      - python/3.6.9 (Linux-4.19.76-linuxkit-x86_64-with-Ubuntu-18.04-bionic) msrest/0.6.10
        msrest_azure/0.6.2 azure-mgmt-search/3.0.0 Azure-SDK-For-Python
      accept-language:
      - en-US
    method: POST
    uri: https://management.azure.com/subscriptions/00000000-0000-0000-0000-000000000000/resourceGroups/test_mgmt_search_test_search_admin_keys3f6f0ff0/providers/Microsoft.Search/searchServices/ptvstestquerykeyss/regenerateAdminKey/primary?api-version=2020-08-01
  response:
    body:
      string: '{"primaryKey":"1EF16966100EF8354DFB710A5A5C76EE","secondaryKey":"7823ECFDF452B3A2318738308794BD5B"}'
    headers:
      cache-control:
      - no-cache
      content-length:
      - '99'
      content-type:
      - application/json; charset=utf-8
      date:
      - Thu, 24 Sep 2020 01:36:33 GMT
      elapsed-time:
      - '233'
      expires:
      - '-1'
      pragma:
      - no-cache
      request-id:
      - 60c86008-fe06-11ea-bce7-0242ac110006
      strict-transport-security:
      - max-age=31536000; includeSubDomains
      transfer-encoding:
      - chunked
      vary:
      - Accept-Encoding,Accept-Encoding
      x-content-type-options:
      - nosniff
      x-ms-ratelimit-remaining-subscription-writes:
      - '1198'
    status:
      code: 200
      message: OK
version: 1
