{
  "Entries": [
    {
      "RequestUri": "https://login.microsoftonline.com/00000000-0000-0000-0000-000000000000/v2.0/.well-known/openid-configuration",
      "RequestMethod": "GET",
      "RequestHeaders": {
        "Accept": "*/*",
        "Accept-Encoding": "gzip, deflate",
        "Connection": "keep-alive",
        "User-Agent": "azsdk-python-identity/1.12.0 Python/3.8.14 (Linux-5.15.0-1022-azure-x86_64-with-glibc2.2.5) VSTS_0fb41ef4-5012-48a9-bf39-4ee3de03ee35_build_2500_0"
      },
      "RequestBody": null,
      "StatusCode": 200,
      "ResponseHeaders": {
        "Access-Control-Allow-Methods": "GET, OPTIONS",
        "Access-Control-Allow-Origin": "*",
        "Cache-Control": "max-age=86400, private",
        "Content-Length": "1753",
        "Content-Type": "application/json; charset=utf-8",
        "Date": "Fri, 28 Oct 2022 03:09:30 GMT",
        "P3P": "CP=\u0022DSP CUR OTPi IND OTRi ONL FIN\u0022",
        "Set-Cookie": "[set-cookie;]",
        "Strict-Transport-Security": "max-age=31536000; includeSubDomains",
        "X-Content-Type-Options": "nosniff",
        "x-ms-ests-server": "2.1.14006.10 - SCUS ProdSlices",
        "X-XSS-Protection": "0"
      },
      "ResponseBody": {
        "token_endpoint": "https://login.microsoftonline.com/00000000-0000-0000-0000-000000000000/oauth2/v2.0/token",
        "token_endpoint_auth_methods_supported": [
          "client_secret_post",
          "private_key_jwt",
          "client_secret_basic"
        ],
        "jwks_uri": "https://login.microsoftonline.com/00000000-0000-0000-0000-000000000000/discovery/v2.0/keys",
        "response_modes_supported": [
          "query",
          "fragment",
          "form_post"
        ],
        "subject_types_supported": [
          "pairwise"
        ],
        "id_token_signing_alg_values_supported": [
          "RS256"
        ],
        "response_types_supported": [
          "code",
          "id_token",
          "code id_token",
          "id_token token"
        ],
        "scopes_supported": [
          "openid",
          "profile",
          "email",
          "offline_access"
        ],
        "issuer": "https://login.microsoftonline.com/00000000-0000-0000-0000-000000000000/v2.0",
        "request_uri_parameter_supported": false,
        "userinfo_endpoint": "https://graph.microsoft.com/oidc/userinfo",
        "authorization_endpoint": "https://login.microsoftonline.com/00000000-0000-0000-0000-000000000000/oauth2/v2.0/authorize",
        "device_authorization_endpoint": "https://login.microsoftonline.com/00000000-0000-0000-0000-000000000000/oauth2/v2.0/devicecode",
        "http_logout_supported": true,
        "frontchannel_logout_supported": true,
        "end_session_endpoint": "https://login.microsoftonline.com/00000000-0000-0000-0000-000000000000/oauth2/v2.0/logout",
        "claims_supported": [
          "sub",
          "iss",
          "cloud_instance_name",
          "cloud_instance_host_name",
          "cloud_graph_host_name",
          "msgraph_host",
          "aud",
          "exp",
          "iat",
          "auth_time",
          "acr",
          "nonce",
          "preferred_username",
          "name",
          "tid",
          "ver",
          "at_hash",
          "c_hash",
          "email"
        ],
        "kerberos_endpoint": "https://login.microsoftonline.com/00000000-0000-0000-0000-000000000000/kerberos",
        "tenant_region_scope": "WW",
        "cloud_instance_name": "microsoftonline.com",
        "cloud_graph_host_name": "graph.windows.net",
        "msgraph_host": "graph.microsoft.com",
        "rbac_url": "https://pas.windows.net"
      }
    },
    {
      "RequestUri": "https://login.microsoftonline.com/common/discovery/instance?api-version=1.1\u0026authorization_endpoint=https://login.microsoftonline.com/common/oauth2/authorize",
      "RequestMethod": "GET",
      "RequestHeaders": {
        "Accept": "application/json",
        "Accept-Encoding": "gzip, deflate",
        "Connection": "keep-alive",
        "Cookie": "cookie;",
        "User-Agent": "azsdk-python-identity/1.12.0 Python/3.8.14 (Linux-5.15.0-1022-azure-x86_64-with-glibc2.2.5) VSTS_0fb41ef4-5012-48a9-bf39-4ee3de03ee35_build_2500_0"
      },
      "RequestBody": null,
      "StatusCode": 200,
      "ResponseHeaders": {
        "Access-Control-Allow-Methods": "GET, OPTIONS",
        "Access-Control-Allow-Origin": "*",
        "Cache-Control": "max-age=86400, private",
        "Content-Length": "945",
        "Content-Type": "application/json; charset=utf-8",
        "Date": "Fri, 28 Oct 2022 03:09:30 GMT",
        "P3P": "CP=\u0022DSP CUR OTPi IND OTRi ONL FIN\u0022",
        "Set-Cookie": "[set-cookie;]",
        "Strict-Transport-Security": "max-age=31536000; includeSubDomains",
        "X-Content-Type-Options": "nosniff",
        "x-ms-ests-server": "2.1.13943.8 - NCUS ProdSlices",
        "X-XSS-Protection": "0"
      },
      "ResponseBody": {
        "tenant_discovery_endpoint": "https://login.microsoftonline.com/common/.well-known/openid-configuration",
        "api-version": "1.1",
        "metadata": [
          {
            "preferred_network": "login.microsoftonline.com",
            "preferred_cache": "login.windows.net",
            "aliases": [
              "login.microsoftonline.com",
              "login.windows.net",
              "login.microsoft.com",
              "sts.windows.net"
            ]
          },
          {
            "preferred_network": "login.partner.microsoftonline.cn",
            "preferred_cache": "login.partner.microsoftonline.cn",
            "aliases": [
              "login.partner.microsoftonline.cn",
              "login.chinacloudapi.cn"
            ]
          },
          {
            "preferred_network": "login.microsoftonline.de",
            "preferred_cache": "login.microsoftonline.de",
            "aliases": [
              "login.microsoftonline.de"
            ]
          },
          {
            "preferred_network": "login.microsoftonline.us",
            "preferred_cache": "login.microsoftonline.us",
            "aliases": [
              "login.microsoftonline.us",
              "login.usgovcloudapi.net"
            ]
          },
          {
            "preferred_network": "login-us.microsoftonline.com",
            "preferred_cache": "login-us.microsoftonline.com",
            "aliases": [
              "login-us.microsoftonline.com"
            ]
          }
        ]
      }
    },
    {
      "RequestUri": "https://login.microsoftonline.com/00000000-0000-0000-0000-000000000000/oauth2/v2.0/token",
      "RequestMethod": "POST",
      "RequestHeaders": {
        "Accept": "application/json",
        "Accept-Encoding": "gzip, deflate",
        "client-request-id": "011ceeea-bf8d-4f75-862d-18232b818c78",
        "Connection": "keep-alive",
        "Content-Length": "288",
        "Content-Type": "application/x-www-form-urlencoded",
        "Cookie": "cookie;",
        "User-Agent": "azsdk-python-identity/1.12.0 Python/3.8.14 (Linux-5.15.0-1022-azure-x86_64-with-glibc2.2.5) VSTS_0fb41ef4-5012-48a9-bf39-4ee3de03ee35_build_2500_0",
        "x-client-cpu": "x64",
        "x-client-current-telemetry": "4|730,0|",
        "x-client-last-telemetry": "4|0|||",
        "x-client-os": "linux",
        "x-client-sku": "MSAL.Python",
        "x-client-ver": "1.20.0",
        "x-ms-lib-capability": "retry-after, h429"
      },
      "RequestBody": "client_id=00000000-0000-0000-0000-000000000000\u0026grant_type=client_credentials\u0026client_info=1\u0026client_secret=00000000-0000-0000-0000-000000000000\u0026claims=%7B%22access_token%22%3A\u002B%7B%22xms_cc%22%3A\u002B%7B%22values%22%3A\u002B%5B%22CP1%22%5D%7D%7D%7D\u0026scope=https%3A%2F%2Fmanagement.azure.com%2F.default",
      "StatusCode": 200,
      "ResponseHeaders": {
        "Cache-Control": "no-store, no-cache",
        "client-request-id": "011ceeea-bf8d-4f75-862d-18232b818c78",
        "Content-Length": "114",
        "Content-Type": "application/json; charset=utf-8",
        "Date": "Fri, 28 Oct 2022 03:09:30 GMT",
        "Expires": "-1",
        "P3P": "CP=\u0022DSP CUR OTPi IND OTRi ONL FIN\u0022",
        "Pragma": "no-cache",
        "Set-Cookie": "[set-cookie;]",
        "Strict-Transport-Security": "max-age=31536000; includeSubDomains",
        "X-Content-Type-Options": "nosniff",
        "x-ms-clitelem": "1,0,0,,",
        "x-ms-ests-server": "2.1.14006.10 - EUS ProdSlices",
        "X-XSS-Protection": "0"
      },
      "ResponseBody": {
        "token_type": "Bearer",
        "expires_in": 86399,
        "ext_expires_in": 86399,
        "refresh_in": 43199,
        "access_token": "access_token"
      }
    },
    {
      "RequestUri": "https://management.azure.com/subscriptions/00000000-0000-0000-0000-000000000000/resourceGroups/c6fd26d9/providers/Microsoft.Search/searchServices/ptvstestquerykeysxxy?api-version=2020-08-01",
      "RequestMethod": "PUT",
      "RequestHeaders": {
        "Accept": "application/json",
        "Accept-Encoding": "gzip, deflate",
        "Connection": "keep-alive",
        "Content-Length": "133",
        "Content-Type": "application/json",
        "User-Agent": "azsdk-python-mgmt-search/0.0.0 (it should be stable) Python/3.8.14 (Linux-5.15.0-1022-azure-x86_64-with-glibc2.2.5) VSTS_0fb41ef4-5012-48a9-bf39-4ee3de03ee35_build_2500_0"
      },
      "RequestBody": {
        "location": "westus",
        "sku": {
          "name": "standard"
        },
        "properties": {
          "replicaCount": 1,
          "partitionCount": 1,
          "hostingMode": "Default"
        }
      },
      "StatusCode": 201,
      "ResponseHeaders": {
        "Cache-Control": "no-cache",
        "Content-Length": "554",
        "Content-Type": "application/json; charset=utf-8",
        "Date": "Fri, 28 Oct 2022 03:09:33 GMT",
        "elapsed-time": "2458",
        "ETag": "W/\u0022datetime\u00272022-10-28T03%3A09%3A33.6854378Z\u0027\u0022",
        "Expires": "-1",
        "Pragma": "no-cache",
        "request-id": "f06c6e9a-566d-11ed-8b4d-bd37d90b7cc6",
        "Strict-Transport-Security": "max-age=31536000; includeSubDomains",
        "X-Content-Type-Options": "nosniff",
        "x-ms-correlation-request-id": "43db6e06-9149-409a-98df-08e5899a6585",
        "x-ms-ratelimit-remaining-subscription-writes": "1198",
        "x-ms-routing-request-id": "WESTUS:20221028T030933Z:43db6e06-9149-409a-98df-08e5899a6585"
      },
      "ResponseBody": {
        "id": "/subscriptions/00000000-0000-0000-0000-000000000000/resourceGroups/c6fd26d9/providers/Microsoft.Search/searchServices/ptvstestquerykeysxxy",
        "name": "ptvstestquerykeysxxy",
        "type": "Microsoft.Search/searchServices",
        "location": "West US",
        "properties": {
          "replicaCount": 1,
          "partitionCount": 1,
          "status": "running",
          "statusDetails": "",
          "provisioningState": "succeeded",
          "hostingMode": "Default",
          "publicNetworkAccess": "Enabled",
          "networkRuleSet": {
            "ipRules": [],
            "bypass": "None"
          },
          "privateEndpointConnections": [],
          "sharedPrivateLinkResources": []
        },
        "sku": {
          "name": "standard"
        }
      }
    },
    {
      "RequestUri": "https://management.azure.com/subscriptions/00000000-0000-0000-0000-000000000000/resourceGroups/c6fd26d9/providers/Microsoft.Search/searchServices/ptvstestquerykeysxxy/createQueryKey/testkey?api-version=2020-08-01",
      "RequestMethod": "POST",
      "RequestHeaders": {
        "Accept": "application/json",
        "Accept-Encoding": "gzip, deflate",
        "Connection": "keep-alive",
        "Content-Length": "0",
        "User-Agent": "azsdk-python-mgmt-search/0.0.0 (it should be stable) Python/3.8.14 (Linux-5.15.0-1022-azure-x86_64-with-glibc2.2.5) VSTS_0fb41ef4-5012-48a9-bf39-4ee3de03ee35_build_2500_0"
      },
      "RequestBody": null,
      "StatusCode": 200,
      "ResponseHeaders": {
        "Cache-Control": "no-cache",
        "Content-Encoding": "gzip",
        "Content-Type": "application/json; charset=utf-8",
        "Date": "Fri, 28 Oct 2022 03:09:33 GMT",
        "elapsed-time": "151",
        "Expires": "-1",
        "Pragma": "no-cache",
        "request-id": "f291a0dc-566d-11ed-8b4d-bd37d90b7cc6",
        "Strict-Transport-Security": "max-age=31536000; includeSubDomains",
        "Transfer-Encoding": "chunked",
        "Vary": [
          "Accept-Encoding",
          "Accept-Encoding"
        ],
        "X-Content-Type-Options": "nosniff",
        "x-ms-correlation-request-id": "33649876-1473-4cae-80aa-602ab46bac5a",
        "x-ms-ratelimit-remaining-subscription-writes": "1197",
        "x-ms-routing-request-id": "WESTUS:20221028T030934Z:33649876-1473-4cae-80aa-602ab46bac5a"
      },
      "ResponseBody": {
        "name": "testkey",
        "key": "h8InvGiFJk9H7y1E9RlojJe4jsWmpMKKVIWVInRuhuAzSeAnEFIp"
      }
    },
    {
      "RequestUri": "https://management.azure.com/subscriptions/00000000-0000-0000-0000-000000000000/resourceGroups/c6fd26d9/providers/Microsoft.Search/searchServices/ptvstestquerykeysxxy/listQueryKeys?api-version=2020-08-01",
      "RequestMethod": "POST",
      "RequestHeaders": {
        "Accept": "application/json",
        "Accept-Encoding": "gzip, deflate",
        "Connection": "keep-alive",
        "Content-Length": "0",
        "User-Agent": "azsdk-python-mgmt-search/0.0.0 (it should be stable) Python/3.8.14 (Linux-5.15.0-1022-azure-x86_64-with-glibc2.2.5) VSTS_0fb41ef4-5012-48a9-bf39-4ee3de03ee35_build_2500_0"
      },
      "RequestBody": null,
      "StatusCode": 200,
      "ResponseHeaders": {
        "Cache-Control": "no-cache",
        "Content-Encoding": "gzip",
        "Content-Type": "application/json; charset=utf-8",
        "Date": "Fri, 28 Oct 2022 03:09:33 GMT",
        "elapsed-time": "118",
        "Expires": "-1",
        "Pragma": "no-cache",
        "request-id": "f291a0dd-566d-11ed-8b4d-bd37d90b7cc6",
        "Strict-Transport-Security": "max-age=31536000; includeSubDomains",
        "Transfer-Encoding": "chunked",
        "Vary": [
          "Accept-Encoding",
          "Accept-Encoding"
        ],
        "X-Content-Type-Options": "nosniff",
        "x-ms-correlation-request-id": "027191cf-a0c9-4091-b0b3-98a48f878e3b",
        "x-ms-ratelimit-remaining-subscription-writes": "1196",
        "x-ms-routing-request-id": "WESTUS:20221028T030934Z:027191cf-a0c9-4091-b0b3-98a48f878e3b"
      },
      "ResponseBody": {
        "value": [
          {
            "name": null,
            "key": "5cczcsb4kNERx31QFn6tff0fA9cCSVW9qQobIHSwLTAzSeD7tAC4"
          },
          {
            "name": "testkey",
            "key": "h8InvGiFJk9H7y1E9RlojJe4jsWmpMKKVIWVInRuhuAzSeAnEFIp"
          }
        ],
        "nextLink": null
      }
    },
    {
      "RequestUri": "https://management.azure.com/subscriptions/00000000-0000-0000-0000-000000000000/resourceGroups/c6fd26d9/providers/Microsoft.Search/searchServices/ptvstestquerykeysxxy/deleteQueryKey/testkey?api-version=2020-08-01",
      "RequestMethod": "DELETE",
      "RequestHeaders": {
        "Accept": "application/json",
        "Accept-Encoding": "gzip, deflate",
        "Connection": "keep-alive",
        "Content-Length": "0",
        "User-Agent": "azsdk-python-mgmt-search/0.0.0 (it should be stable) Python/3.8.14 (Linux-5.15.0-1022-azure-x86_64-with-glibc2.2.5) VSTS_0fb41ef4-5012-48a9-bf39-4ee3de03ee35_build_2500_0"
      },
      "RequestBody": null,
      "StatusCode": 500,
      "ResponseHeaders": {
        "Cache-Control": "no-cache",
        "Connection": "close",
        "Content-Language": "en",
        "Content-Length": "151",
        "Content-Type": "application/json; charset=utf-8",
        "Date": "Fri, 28 Oct 2022 03:09:33 GMT",
        "elapsed-time": "143",
        "Expires": "-1",
        "Pragma": "no-cache",
        "request-id": "f291a0de-566d-11ed-8b4d-bd37d90b7cc6",
        "Strict-Transport-Security": "max-age=31536000; includeSubDomains",
        "X-Content-Type-Options": "nosniff",
        "x-ms-correlation-request-id": "1e9fd74e-367a-4a06-b3e4-5a91cca9932a",
        "x-ms-failure-cause": "service",
        "x-ms-ratelimit-remaining-subscription-deletes": "14998",
        "x-ms-routing-request-id": "WESTUS:20221028T030934Z:1e9fd74e-367a-4a06-b3e4-5a91cca9932a"
      },
      "ResponseBody": {
        "error": {
          "code": "InternalServerError",
          "message": "An error has occured. RequestId: 1e9fd74e-367a-4a06-b3e4-5a91cca9932a",
          "target": null,
          "details": null
        }
      }
    },
    {
      "RequestUri": "https://management.azure.com/subscriptions/00000000-0000-0000-0000-000000000000/resourceGroups/c6fd26d9/providers/Microsoft.Search/searchServices/ptvstestquerykeysxxy/deleteQueryKey/testkey?api-version=2020-08-01",
      "RequestMethod": "DELETE",
      "RequestHeaders": {
        "Accept": "application/json",
        "Accept-Encoding": "gzip, deflate",
        "Connection": "keep-alive",
        "Content-Length": "0",
        "User-Agent": "azsdk-python-mgmt-search/0.0.0 (it should be stable) Python/3.8.14 (Linux-5.15.0-1022-azure-x86_64-with-glibc2.2.5) VSTS_0fb41ef4-5012-48a9-bf39-4ee3de03ee35_build_2500_0"
      },
      "RequestBody": null,
      "StatusCode": 500,
      "ResponseHeaders": {
        "Cache-Control": "no-cache",
        "Connection": "close",
        "Content-Language": "en",
        "Content-Length": "151",
        "Content-Type": "application/json; charset=utf-8",
        "Date": "Fri, 28 Oct 2022 03:09:34 GMT",
        "elapsed-time": "120",
        "Expires": "-1",
        "Pragma": "no-cache",
        "request-id": "f291a0de-566d-11ed-8b4d-bd37d90b7cc6",
        "Strict-Transport-Security": "max-age=31536000; includeSubDomains",
        "X-Content-Type-Options": "nosniff",
        "x-ms-correlation-request-id": "21ad6d47-623c-4690-afaa-85cb23410f8e",
        "x-ms-failure-cause": "service",
        "x-ms-ratelimit-remaining-subscription-deletes": "14999",
        "x-ms-routing-request-id": "WESTUS:20221028T030935Z:21ad6d47-623c-4690-afaa-85cb23410f8e"
      },
      "ResponseBody": {
        "error": {
          "code": "InternalServerError",
          "message": "An error has occured. RequestId: 21ad6d47-623c-4690-afaa-85cb23410f8e",
          "target": null,
          "details": null
        }
      }
    },
    {
      "RequestUri": "https://management.azure.com/subscriptions/00000000-0000-0000-0000-000000000000/resourceGroups/c6fd26d9/providers/Microsoft.Search/searchServices/ptvstestquerykeysxxy/deleteQueryKey/testkey?api-version=2020-08-01",
      "RequestMethod": "DELETE",
      "RequestHeaders": {
        "Accept": "application/json",
        "Accept-Encoding": "gzip, deflate",
        "Connection": "keep-alive",
        "Content-Length": "0",
        "User-Agent": "azsdk-python-mgmt-search/0.0.0 (it should be stable) Python/3.8.14 (Linux-5.15.0-1022-azure-x86_64-with-glibc2.2.5) VSTS_0fb41ef4-5012-48a9-bf39-4ee3de03ee35_build_2500_0"
      },
      "RequestBody": null,
      "StatusCode": 500,
      "ResponseHeaders": {
        "Cache-Control": "no-cache",
        "Connection": "close",
        "Content-Language": "en",
        "Content-Length": "151",
        "Content-Type": "application/json; charset=utf-8",
        "Date": "Fri, 28 Oct 2022 03:09:37 GMT",
        "elapsed-time": "145",
        "Expires": "-1",
        "Pragma": "no-cache",
        "request-id": "f291a0de-566d-11ed-8b4d-bd37d90b7cc6",
        "Strict-Transport-Security": "max-age=31536000; includeSubDomains",
        "X-Content-Type-Options": "nosniff",
        "x-ms-correlation-request-id": "9b411839-a324-49e2-a05d-7e110d1173c9",
        "x-ms-failure-cause": "service",
        "x-ms-ratelimit-remaining-subscription-deletes": "14999",
        "x-ms-routing-request-id": "WESTUS:20221028T030937Z:9b411839-a324-49e2-a05d-7e110d1173c9"
      },
      "ResponseBody": {
        "error": {
          "code": "InternalServerError",
          "message": "An error has occured. RequestId: 9b411839-a324-49e2-a05d-7e110d1173c9",
          "target": null,
          "details": null
        }
      }
    },
    {
      "RequestUri": "https://management.azure.com/subscriptions/00000000-0000-0000-0000-000000000000/resourceGroups/c6fd26d9/providers/Microsoft.Search/searchServices/ptvstestquerykeysxxy/deleteQueryKey/testkey?api-version=2020-08-01",
      "RequestMethod": "DELETE",
      "RequestHeaders": {
        "Accept": "application/json",
        "Accept-Encoding": "gzip, deflate",
        "Connection": "keep-alive",
        "Content-Length": "0",
        "User-Agent": "azsdk-python-mgmt-search/0.0.0 (it should be stable) Python/3.8.14 (Linux-5.15.0-1022-azure-x86_64-with-glibc2.2.5) VSTS_0fb41ef4-5012-48a9-bf39-4ee3de03ee35_build_2500_0"
      },
      "RequestBody": null,
      "StatusCode": 500,
      "ResponseHeaders": {
        "Cache-Control": "no-cache",
        "Connection": "close",
        "Content-Language": "en",
        "Content-Length": "151",
        "Content-Type": "application/json; charset=utf-8",
        "Date": "Fri, 28 Oct 2022 03:09:41 GMT",
        "elapsed-time": "124",
        "Expires": "-1",
        "Pragma": "no-cache",
        "request-id": "f291a0de-566d-11ed-8b4d-bd37d90b7cc6",
        "Strict-Transport-Security": "max-age=31536000; includeSubDomains",
        "X-Content-Type-Options": "nosniff",
        "x-ms-correlation-request-id": "3f104406-d3c9-441a-8bf5-b58fb56c8cc4",
        "x-ms-failure-cause": "service",
        "x-ms-ratelimit-remaining-subscription-deletes": "14999",
        "x-ms-routing-request-id": "WESTUS:20221028T030941Z:3f104406-d3c9-441a-8bf5-b58fb56c8cc4"
      },
      "ResponseBody": {
        "error": {
          "code": "InternalServerError",
          "message": "An error has occured. RequestId: 3f104406-d3c9-441a-8bf5-b58fb56c8cc4",
          "target": null,
          "details": null
        }
      }
    }
  ],
  "Variables": {}
}
