{
  "Entries": [
    {
      "RequestUri": "https://login.microsoftonline.com/00000000-0000-0000-0000-000000000000/v2.0/.well-known/openid-configuration",
      "RequestMethod": "GET",
      "RequestHeaders": {
        "Accept": "*/*",
        "Accept-Encoding": "gzip, deflate",
        "Connection": "keep-alive",
        "User-Agent": "azsdk-python-identity/1.11.0b3 Python/3.8.13 (Linux-5.13.0-1031-azure-x86_64-with-glibc2.2.5) VSTS_0fb41ef4-5012-48a9-bf39-4ee3de03ee35_build_2500_0"
      },
      "RequestBody": null,
      "StatusCode": 200,
      "ResponseHeaders": {
        "Access-Control-Allow-Methods": "GET, OPTIONS",
        "Access-Control-Allow-Origin": "*",
        "Cache-Control": "max-age=86400, private",
        "Content-Length": "1753",
        "Content-Type": "application/json; charset=utf-8",
        "Date": "Fri, 15 Jul 2022 07:27:41 GMT",
        "P3P": "CP=\u0022DSP CUR OTPi IND OTRi ONL FIN\u0022",
        "Set-Cookie": "[set-cookie;]",
        "Strict-Transport-Security": "max-age=31536000; includeSubDomains",
        "X-Content-Type-Options": "nosniff",
        "x-ms-ests-server": "2.1.13201.7 - SCUS ProdSlices",
        "X-XSS-Protection": "0"
      },
      "ResponseBody": {
        "token_endpoint": "https://login.microsoftonline.com/00000000-0000-0000-0000-000000000000/oauth2/v2.0/token",
        "token_endpoint_auth_methods_supported": [
          "client_secret_post",
          "private_key_jwt",
          "client_secret_basic"
        ],
        "jwks_uri": "https://login.microsoftonline.com/00000000-0000-0000-0000-000000000000/discovery/v2.0/keys",
        "response_modes_supported": [
          "query",
          "fragment",
          "form_post"
        ],
        "subject_types_supported": [
          "pairwise"
        ],
        "id_token_signing_alg_values_supported": [
          "RS256"
        ],
        "response_types_supported": [
          "code",
          "id_token",
          "code id_token",
          "id_token token"
        ],
        "scopes_supported": [
          "openid",
          "profile",
          "email",
          "offline_access"
        ],
        "issuer": "https://login.microsoftonline.com/00000000-0000-0000-0000-000000000000/v2.0",
        "request_uri_parameter_supported": false,
        "userinfo_endpoint": "https://graph.microsoft.com/oidc/userinfo",
        "authorization_endpoint": "https://login.microsoftonline.com/00000000-0000-0000-0000-000000000000/oauth2/v2.0/authorize",
        "device_authorization_endpoint": "https://login.microsoftonline.com/00000000-0000-0000-0000-000000000000/oauth2/v2.0/devicecode",
        "http_logout_supported": true,
        "frontchannel_logout_supported": true,
        "end_session_endpoint": "https://login.microsoftonline.com/00000000-0000-0000-0000-000000000000/oauth2/v2.0/logout",
        "claims_supported": [
          "sub",
          "iss",
          "cloud_instance_name",
          "cloud_instance_host_name",
          "cloud_graph_host_name",
          "msgraph_host",
          "aud",
          "exp",
          "iat",
          "auth_time",
          "acr",
          "nonce",
          "preferred_username",
          "name",
          "tid",
          "ver",
          "at_hash",
          "c_hash",
          "email"
        ],
        "kerberos_endpoint": "https://login.microsoftonline.com/00000000-0000-0000-0000-000000000000/kerberos",
        "tenant_region_scope": "NA",
        "cloud_instance_name": "microsoftonline.com",
        "cloud_graph_host_name": "graph.windows.net",
        "msgraph_host": "graph.microsoft.com",
        "rbac_url": "https://pas.windows.net"
      }
    },
    {
      "RequestUri": "https://login.microsoftonline.com/common/discovery/instance?api-version=1.1\u0026authorization_endpoint=https://login.microsoftonline.com/common/oauth2/authorize",
      "RequestMethod": "GET",
      "RequestHeaders": {
        "Accept": "application/json",
        "Accept-Encoding": "gzip, deflate",
        "Connection": "keep-alive",
        "Cookie": "cookie;",
        "User-Agent": "azsdk-python-identity/1.11.0b3 Python/3.8.13 (Linux-5.13.0-1031-azure-x86_64-with-glibc2.2.5) VSTS_0fb41ef4-5012-48a9-bf39-4ee3de03ee35_build_2500_0"
      },
      "RequestBody": null,
      "StatusCode": 200,
      "ResponseHeaders": {
        "Access-Control-Allow-Methods": "GET, OPTIONS",
        "Access-Control-Allow-Origin": "*",
        "Cache-Control": "max-age=86400, private",
        "Content-Length": "945",
        "Content-Type": "application/json; charset=utf-8",
        "Date": "Fri, 15 Jul 2022 07:27:41 GMT",
        "P3P": "CP=\u0022DSP CUR OTPi IND OTRi ONL FIN\u0022",
        "Set-Cookie": "[set-cookie;]",
        "Strict-Transport-Security": "max-age=31536000; includeSubDomains",
        "X-Content-Type-Options": "nosniff",
        "x-ms-ests-server": "2.1.13156.10 - NCUS ProdSlices",
        "X-XSS-Protection": "0"
      },
      "ResponseBody": {
        "tenant_discovery_endpoint": "https://login.microsoftonline.com/common/.well-known/openid-configuration",
        "api-version": "1.1",
        "metadata": [
          {
            "preferred_network": "login.microsoftonline.com",
            "preferred_cache": "login.windows.net",
            "aliases": [
              "login.microsoftonline.com",
              "login.windows.net",
              "login.microsoft.com",
              "sts.windows.net"
            ]
          },
          {
            "preferred_network": "login.partner.microsoftonline.cn",
            "preferred_cache": "login.partner.microsoftonline.cn",
            "aliases": [
              "login.partner.microsoftonline.cn",
              "login.chinacloudapi.cn"
            ]
          },
          {
            "preferred_network": "login.microsoftonline.de",
            "preferred_cache": "login.microsoftonline.de",
            "aliases": [
              "login.microsoftonline.de"
            ]
          },
          {
            "preferred_network": "login.microsoftonline.us",
            "preferred_cache": "login.microsoftonline.us",
            "aliases": [
              "login.microsoftonline.us",
              "login.usgovcloudapi.net"
            ]
          },
          {
            "preferred_network": "login-us.microsoftonline.com",
            "preferred_cache": "login-us.microsoftonline.com",
            "aliases": [
              "login-us.microsoftonline.com"
            ]
          }
        ]
      }
    },
    {
      "RequestUri": "https://login.microsoftonline.com/00000000-0000-0000-0000-000000000000/oauth2/v2.0/token",
      "RequestMethod": "POST",
      "RequestHeaders": {
        "Accept": "application/json",
        "Accept-Encoding": "gzip, deflate",
        "client-request-id": "6ae9b0b7-abce-4ba7-81da-924053b33ebf",
        "Connection": "keep-alive",
        "Content-Length": "289",
        "Content-Type": "application/x-www-form-urlencoded",
        "Cookie": "cookie;",
        "User-Agent": "azsdk-python-identity/1.11.0b3 Python/3.8.13 (Linux-5.13.0-1031-azure-x86_64-with-glibc2.2.5) VSTS_0fb41ef4-5012-48a9-bf39-4ee3de03ee35_build_2500_0",
        "x-client-cpu": "x64",
        "x-client-current-telemetry": "4|730,0|",
        "x-client-last-telemetry": "4|0|||",
        "x-client-os": "linux",
        "x-client-sku": "MSAL.Python",
        "x-client-ver": "1.18.0",
        "x-ms-lib-capability": "retry-after, h429"
      },
      "RequestBody": "client_id=a2df54d5-ab03-4725-9b80-9a00b3b1967f\u0026grant_type=client_credentials\u0026client_info=1\u0026client_secret=0vj7Q~IsFayrD0V_8oyOfygU-GE3ELOabq95a\u0026claims=%7B%22access_token%22%3A\u002B%7B%22xms_cc%22%3A\u002B%7B%22values%22%3A\u002B%5B%22CP1%22%5D%7D%7D%7D\u0026scope=https%3A%2F%2Fmanagement.azure.com%2F.default",
      "StatusCode": 200,
      "ResponseHeaders": {
        "Cache-Control": "no-store, no-cache",
        "client-request-id": "6ae9b0b7-abce-4ba7-81da-924053b33ebf",
        "Content-Length": "93",
        "Content-Type": "application/json; charset=utf-8",
        "Date": "Fri, 15 Jul 2022 07:27:42 GMT",
        "Expires": "-1",
        "P3P": "CP=\u0022DSP CUR OTPi IND OTRi ONL FIN\u0022",
        "Pragma": "no-cache",
        "Set-Cookie": "[set-cookie;]",
        "Strict-Transport-Security": "max-age=31536000; includeSubDomains",
        "X-Content-Type-Options": "nosniff",
        "x-ms-clitelem": "1,0,0,,",
        "x-ms-ests-server": "2.1.13201.7 - SCUS ProdSlices",
        "X-XSS-Protection": "0"
      },
      "ResponseBody": {
        "token_type": "Bearer",
        "expires_in": 3599,
        "ext_expires_in": 3599,
        "access_token": "access_token"
      }
    },
    {
      "RequestUri": "https://management.azure.com/subscriptions/00000000-0000-0000-0000-000000000000/providers/Microsoft.Search/checkNameAvailability?api-version=2020-08-01",
      "RequestMethod": "POST",
      "RequestHeaders": {
        "Accept": "application/json",
        "Accept-Encoding": "gzip, deflate",
        "Connection": "keep-alive",
        "Content-Length": "52",
        "Content-Type": "application/json",
        "User-Agent": "azsdk-python-mgmt-search/0.0.0 (it should be stable) Python/3.8.13 (Linux-5.13.0-1031-azure-x86_64-with-glibc2.2.5) VSTS_0fb41ef4-5012-48a9-bf39-4ee3de03ee35_build_2500_0"
      },
      "RequestBody": {
        "name": "ptvstestsearch",
        "type": "searchServices"
      },
      "StatusCode": 200,
      "ResponseHeaders": {
        "Cache-Control": "no-cache",
        "Content-Encoding": "gzip",
        "Content-Type": "application/json; charset=utf-8",
        "Date": "Fri, 15 Jul 2022 07:27:42 GMT",
        "elapsed-time": "236",
        "Expires": "-1",
        "Pragma": "no-cache",
        "request-id": "9cf3b936-040f-11ed-9e13-459a8cbfdb79",
        "Strict-Transport-Security": "max-age=31536000; includeSubDomains",
        "Transfer-Encoding": "chunked",
        "Vary": [
          "Accept-Encoding",
          "Accept-Encoding"
        ],
        "X-Content-Type-Options": "nosniff",
        "x-ms-correlation-request-id": "99d11a68-23e2-4fe6-a698-ff4e04e70360",
        "x-ms-ratelimit-remaining-subscription-writes": "1199",
        "x-ms-routing-request-id": "EASTUS:20220715T072743Z:99d11a68-23e2-4fe6-a698-ff4e04e70360"
      },
      "ResponseBody": {
        "nameAvailable": true,
        "reason": null,
        "message": null
      }
    },
    {
      "RequestUri": "https://management.azure.com/subscriptions/00000000-0000-0000-0000-000000000000/resourceGroups/772d25ec/providers/Microsoft.Search/searchServices/ptvstestsearch?api-version=2020-08-01",
      "RequestMethod": "PUT",
      "RequestHeaders": {
        "Accept": "application/json",
        "Accept-Encoding": "gzip, deflate",
        "Connection": "keep-alive",
        "Content-Length": "133",
        "Content-Type": "application/json",
        "User-Agent": "azsdk-python-mgmt-search/0.0.0 (it should be stable) Python/3.8.13 (Linux-5.13.0-1031-azure-x86_64-with-glibc2.2.5) VSTS_0fb41ef4-5012-48a9-bf39-4ee3de03ee35_build_2500_0"
      },
      "RequestBody": {
        "location": "westus",
        "sku": {
          "name": "standard"
        },
        "properties": {
          "replicaCount": 1,
          "partitionCount": 1,
          "hostingMode": "Default"
        }
      },
      "StatusCode": 201,
      "ResponseHeaders": {
        "Cache-Control": "no-cache",
        "Content-Length": "550",
        "Content-Type": "application/json; charset=utf-8",
        "Date": "Fri, 15 Jul 2022 07:27:53 GMT",
        "elapsed-time": "8457",
        "ETag": "W/\u0022datetime\u00272022-07-15T07%3A27%3A53.7944605Z\u0027\u0022",
        "Expires": "-1",
        "Pragma": "no-cache",
        "request-id": "9cf3b937-040f-11ed-9e13-459a8cbfdb79",
        "Strict-Transport-Security": "max-age=31536000; includeSubDomains",
        "X-Content-Type-Options": "nosniff",
        "x-ms-correlation-request-id": "a0311d96-d8ab-4604-9ae9-dc985ebeff09",
        "x-ms-ratelimit-remaining-subscription-writes": "1199",
        "x-ms-routing-request-id": "EASTUS:20220715T072754Z:a0311d96-d8ab-4604-9ae9-dc985ebeff09"
      },
      "ResponseBody": {
        "id": "/subscriptions/00000000-0000-0000-0000-000000000000/resourceGroups/772d25ec/providers/Microsoft.Search/searchServices/ptvstestsearch",
        "name": "ptvstestsearch",
        "type": "Microsoft.Search/searchServices",
        "location": "West US",
        "properties": {
          "replicaCount": 1,
          "partitionCount": 1,
          "status": "provisioning",
          "statusDetails": "",
          "provisioningState": "provisioning",
          "hostingMode": "Default",
          "publicNetworkAccess": "Enabled",
          "networkRuleSet": {
            "ipRules": [],
            "bypass": "None"
          },
          "privateEndpointConnections": [],
          "sharedPrivateLinkResources": []
        },
        "sku": {
          "name": "standard"
        }
      }
    },
    {
      "RequestUri": "https://management.azure.com/subscriptions/00000000-0000-0000-0000-000000000000/resourceGroups/772d25ec/providers/Microsoft.Search/searchServices/ptvstestsearch?api-version=2020-08-01",
      "RequestMethod": "GET",
      "RequestHeaders": {
        "Accept": "*/*",
        "Accept-Encoding": "gzip, deflate",
        "Connection": "keep-alive",
        "User-Agent": "azsdk-python-mgmt-search/0.0.0 (it should be stable) Python/3.8.13 (Linux-5.13.0-1031-azure-x86_64-with-glibc2.2.5) VSTS_0fb41ef4-5012-48a9-bf39-4ee3de03ee35_build_2500_0"
      },
      "RequestBody": null,
      "StatusCode": 200,
      "ResponseHeaders": {
        "Cache-Control": "no-cache",
        "Content-Encoding": "gzip",
        "Content-Type": "application/json; charset=utf-8",
        "Date": "Fri, 15 Jul 2022 07:28:24 GMT",
        "elapsed-time": "189",
        "ETag": "W/\u0022datetime\u00272022-07-15T07%3A27%3A53.7944605Z\u0027\u0022",
        "Expires": "-1",
        "Pragma": "no-cache",
        "request-id": "9cf3b937-040f-11ed-9e13-459a8cbfdb79",
        "Strict-Transport-Security": "max-age=31536000; includeSubDomains",
        "Transfer-Encoding": "chunked",
        "Vary": [
          "Accept-Encoding",
          "Accept-Encoding"
        ],
        "X-Content-Type-Options": "nosniff",
        "x-ms-correlation-request-id": "7907cd0b-90f0-4aaa-ae49-70786b3c406a",
        "x-ms-ratelimit-remaining-subscription-reads": "11999",
        "x-ms-routing-request-id": "EASTUS:20220715T072824Z:7907cd0b-90f0-4aaa-ae49-70786b3c406a"
      },
      "ResponseBody": {
        "id": "/subscriptions/00000000-0000-0000-0000-000000000000/resourceGroups/772d25ec/providers/Microsoft.Search/searchServices/ptvstestsearch",
        "name": "ptvstestsearch",
        "type": "Microsoft.Search/searchServices",
        "location": "West US",
        "properties": {
          "replicaCount": 1,
          "partitionCount": 1,
          "status": "provisioning",
          "statusDetails": "",
          "provisioningState": "provisioning",
          "hostingMode": "Default",
          "publicNetworkAccess": "Enabled",
          "networkRuleSet": {
            "ipRules": [],
            "bypass": "None"
          },
          "privateEndpointConnections": [],
          "sharedPrivateLinkResources": []
        },
        "sku": {
          "name": "standard"
        }
      }
    },
    {
      "RequestUri": "https://management.azure.com/subscriptions/00000000-0000-0000-0000-000000000000/resourceGroups/772d25ec/providers/Microsoft.Search/searchServices/ptvstestsearch?api-version=2020-08-01",
      "RequestMethod": "GET",
      "RequestHeaders": {
        "Accept": "*/*",
        "Accept-Encoding": "gzip, deflate",
        "Connection": "keep-alive",
        "User-Agent": "azsdk-python-mgmt-search/0.0.0 (it should be stable) Python/3.8.13 (Linux-5.13.0-1031-azure-x86_64-with-glibc2.2.5) VSTS_0fb41ef4-5012-48a9-bf39-4ee3de03ee35_build_2500_0"
      },
      "RequestBody": null,
      "StatusCode": 200,
      "ResponseHeaders": {
        "Cache-Control": "no-cache",
        "Content-Encoding": "gzip",
        "Content-Type": "application/json; charset=utf-8",
        "Date": "Fri, 15 Jul 2022 07:28:55 GMT",
        "elapsed-time": "213",
        "ETag": "W/\u0022datetime\u00272022-07-15T07%3A27%3A53.7944605Z\u0027\u0022",
        "Expires": "-1",
        "Pragma": "no-cache",
        "request-id": "9cf3b937-040f-11ed-9e13-459a8cbfdb79",
        "Strict-Transport-Security": "max-age=31536000; includeSubDomains",
        "Transfer-Encoding": "chunked",
        "Vary": [
          "Accept-Encoding",
          "Accept-Encoding"
        ],
        "X-Content-Type-Options": "nosniff",
        "x-ms-correlation-request-id": "d2a777b4-7605-4384-95fd-560e49ae440f",
        "x-ms-ratelimit-remaining-subscription-reads": "11998",
        "x-ms-routing-request-id": "EASTUS:20220715T072855Z:d2a777b4-7605-4384-95fd-560e49ae440f"
      },
      "ResponseBody": {
        "id": "/subscriptions/00000000-0000-0000-0000-000000000000/resourceGroups/772d25ec/providers/Microsoft.Search/searchServices/ptvstestsearch",
        "name": "ptvstestsearch",
        "type": "Microsoft.Search/searchServices",
        "location": "West US",
        "properties": {
          "replicaCount": 1,
          "partitionCount": 1,
          "status": "provisioning",
          "statusDetails": "",
          "provisioningState": "provisioning",
          "hostingMode": "Default",
          "publicNetworkAccess": "Enabled",
          "networkRuleSet": {
            "ipRules": [],
            "bypass": "None"
          },
          "privateEndpointConnections": [],
          "sharedPrivateLinkResources": []
        },
        "sku": {
          "name": "standard"
        }
      }
    },
    {
      "RequestUri": "https://management.azure.com/subscriptions/00000000-0000-0000-0000-000000000000/resourceGroups/772d25ec/providers/Microsoft.Search/searchServices/ptvstestsearch?api-version=2020-08-01",
      "RequestMethod": "GET",
      "RequestHeaders": {
        "Accept": "*/*",
        "Accept-Encoding": "gzip, deflate",
        "Connection": "keep-alive",
        "User-Agent": "azsdk-python-mgmt-search/0.0.0 (it should be stable) Python/3.8.13 (Linux-5.13.0-1031-azure-x86_64-with-glibc2.2.5) VSTS_0fb41ef4-5012-48a9-bf39-4ee3de03ee35_build_2500_0"
      },
      "RequestBody": null,
      "StatusCode": 200,
      "ResponseHeaders": {
        "Cache-Control": "no-cache",
        "Content-Encoding": "gzip",
        "Content-Type": "application/json; charset=utf-8",
        "Date": "Fri, 15 Jul 2022 07:29:25 GMT",
        "elapsed-time": "200",
        "ETag": "W/\u0022datetime\u00272022-07-15T07%3A27%3A53.7944605Z\u0027\u0022",
        "Expires": "-1",
        "Pragma": "no-cache",
        "request-id": "9cf3b937-040f-11ed-9e13-459a8cbfdb79",
        "Strict-Transport-Security": "max-age=31536000; includeSubDomains",
        "Transfer-Encoding": "chunked",
        "Vary": [
          "Accept-Encoding",
          "Accept-Encoding"
        ],
        "X-Content-Type-Options": "nosniff",
        "x-ms-correlation-request-id": "c7c6e76d-1b54-4d23-ba8e-a4a222e142ac",
        "x-ms-ratelimit-remaining-subscription-reads": "11997",
        "x-ms-routing-request-id": "EASTUS:20220715T072925Z:c7c6e76d-1b54-4d23-ba8e-a4a222e142ac"
      },
      "ResponseBody": {
        "id": "/subscriptions/00000000-0000-0000-0000-000000000000/resourceGroups/772d25ec/providers/Microsoft.Search/searchServices/ptvstestsearch",
        "name": "ptvstestsearch",
        "type": "Microsoft.Search/searchServices",
        "location": "West US",
        "properties": {
          "replicaCount": 1,
          "partitionCount": 1,
          "status": "provisioning",
          "statusDetails": "",
          "provisioningState": "provisioning",
          "hostingMode": "Default",
          "publicNetworkAccess": "Enabled",
          "networkRuleSet": {
            "ipRules": [],
            "bypass": "None"
          },
          "privateEndpointConnections": [],
          "sharedPrivateLinkResources": []
        },
        "sku": {
          "name": "standard"
        }
      }
    },
    {
      "RequestUri": "https://management.azure.com/subscriptions/00000000-0000-0000-0000-000000000000/resourceGroups/772d25ec/providers/Microsoft.Search/searchServices/ptvstestsearch?api-version=2020-08-01",
      "RequestMethod": "GET",
      "RequestHeaders": {
        "Accept": "*/*",
        "Accept-Encoding": "gzip, deflate",
        "Connection": "keep-alive",
        "User-Agent": "azsdk-python-mgmt-search/0.0.0 (it should be stable) Python/3.8.13 (Linux-5.13.0-1031-azure-x86_64-with-glibc2.2.5) VSTS_0fb41ef4-5012-48a9-bf39-4ee3de03ee35_build_2500_0"
      },
      "RequestBody": null,
      "StatusCode": 200,
      "ResponseHeaders": {
        "Cache-Control": "no-cache",
        "Content-Encoding": "gzip",
        "Content-Type": "application/json; charset=utf-8",
        "Date": "Fri, 15 Jul 2022 07:29:55 GMT",
        "elapsed-time": "191",
        "ETag": "W/\u0022datetime\u00272022-07-15T07%3A27%3A53.7944605Z\u0027\u0022",
        "Expires": "-1",
        "Pragma": "no-cache",
        "request-id": "9cf3b937-040f-11ed-9e13-459a8cbfdb79",
        "Strict-Transport-Security": "max-age=31536000; includeSubDomains",
        "Transfer-Encoding": "chunked",
        "Vary": [
          "Accept-Encoding",
          "Accept-Encoding"
        ],
        "X-Content-Type-Options": "nosniff",
        "x-ms-correlation-request-id": "0dc3a1b6-3ac9-4fa1-9a4c-9fe087468a94",
        "x-ms-ratelimit-remaining-subscription-reads": "11996",
        "x-ms-routing-request-id": "EASTUS:20220715T072956Z:0dc3a1b6-3ac9-4fa1-9a4c-9fe087468a94"
      },
      "ResponseBody": {
        "id": "/subscriptions/00000000-0000-0000-0000-000000000000/resourceGroups/772d25ec/providers/Microsoft.Search/searchServices/ptvstestsearch",
        "name": "ptvstestsearch",
        "type": "Microsoft.Search/searchServices",
        "location": "West US",
        "properties": {
          "replicaCount": 1,
          "partitionCount": 1,
          "status": "provisioning",
          "statusDetails": "",
          "provisioningState": "provisioning",
          "hostingMode": "Default",
          "publicNetworkAccess": "Enabled",
          "networkRuleSet": {
            "ipRules": [],
            "bypass": "None"
          },
          "privateEndpointConnections": [],
          "sharedPrivateLinkResources": []
        },
        "sku": {
          "name": "standard"
        }
      }
    },
    {
      "RequestUri": "https://management.azure.com/subscriptions/00000000-0000-0000-0000-000000000000/resourceGroups/772d25ec/providers/Microsoft.Search/searchServices/ptvstestsearch?api-version=2020-08-01",
      "RequestMethod": "GET",
      "RequestHeaders": {
        "Accept": "*/*",
        "Accept-Encoding": "gzip, deflate",
        "Connection": "keep-alive",
        "User-Agent": "azsdk-python-mgmt-search/0.0.0 (it should be stable) Python/3.8.13 (Linux-5.13.0-1031-azure-x86_64-with-glibc2.2.5) VSTS_0fb41ef4-5012-48a9-bf39-4ee3de03ee35_build_2500_0"
      },
      "RequestBody": null,
      "StatusCode": 200,
      "ResponseHeaders": {
        "Cache-Control": "no-cache",
        "Content-Encoding": "gzip",
        "Content-Type": "application/json; charset=utf-8",
        "Date": "Fri, 15 Jul 2022 07:30:25 GMT",
        "elapsed-time": "228",
        "ETag": "W/\u0022datetime\u00272022-07-15T07%3A27%3A53.7944605Z\u0027\u0022",
        "Expires": "-1",
        "Pragma": "no-cache",
        "request-id": "9cf3b937-040f-11ed-9e13-459a8cbfdb79",
        "Strict-Transport-Security": "max-age=31536000; includeSubDomains",
        "Transfer-Encoding": "chunked",
        "Vary": [
          "Accept-Encoding",
          "Accept-Encoding"
        ],
        "X-Content-Type-Options": "nosniff",
        "x-ms-correlation-request-id": "925bd971-8a9b-4f68-8cdc-031d14e387c3",
        "x-ms-ratelimit-remaining-subscription-reads": "11995",
        "x-ms-routing-request-id": "EASTUS:20220715T073026Z:925bd971-8a9b-4f68-8cdc-031d14e387c3"
      },
      "ResponseBody": {
        "id": "/subscriptions/00000000-0000-0000-0000-000000000000/resourceGroups/772d25ec/providers/Microsoft.Search/searchServices/ptvstestsearch",
        "name": "ptvstestsearch",
        "type": "Microsoft.Search/searchServices",
        "location": "West US",
        "properties": {
          "replicaCount": 1,
          "partitionCount": 1,
          "status": "provisioning",
          "statusDetails": "",
          "provisioningState": "provisioning",
          "hostingMode": "Default",
          "publicNetworkAccess": "Enabled",
          "networkRuleSet": {
            "ipRules": [],
            "bypass": "None"
          },
          "privateEndpointConnections": [],
          "sharedPrivateLinkResources": []
        },
        "sku": {
          "name": "standard"
        }
      }
    },
    {
      "RequestUri": "https://management.azure.com/subscriptions/00000000-0000-0000-0000-000000000000/resourceGroups/772d25ec/providers/Microsoft.Search/searchServices/ptvstestsearch?api-version=2020-08-01",
      "RequestMethod": "GET",
      "RequestHeaders": {
        "Accept": "*/*",
        "Accept-Encoding": "gzip, deflate",
        "Connection": "keep-alive",
        "User-Agent": "azsdk-python-mgmt-search/0.0.0 (it should be stable) Python/3.8.13 (Linux-5.13.0-1031-azure-x86_64-with-glibc2.2.5) VSTS_0fb41ef4-5012-48a9-bf39-4ee3de03ee35_build_2500_0"
      },
      "RequestBody": null,
      "StatusCode": 200,
      "ResponseHeaders": {
        "Cache-Control": "no-cache",
        "Content-Encoding": "gzip",
        "Content-Type": "application/json; charset=utf-8",
        "Date": "Fri, 15 Jul 2022 07:30:55 GMT",
        "elapsed-time": "213",
        "ETag": "W/\u0022datetime\u00272022-07-15T07%3A27%3A53.7944605Z\u0027\u0022",
        "Expires": "-1",
        "Pragma": "no-cache",
        "request-id": "9cf3b937-040f-11ed-9e13-459a8cbfdb79",
        "Strict-Transport-Security": "max-age=31536000; includeSubDomains",
        "Transfer-Encoding": "chunked",
        "Vary": [
          "Accept-Encoding",
          "Accept-Encoding"
        ],
        "X-Content-Type-Options": "nosniff",
        "x-ms-correlation-request-id": "500f5504-b041-411b-aa86-1a6d2d169cbf",
        "x-ms-ratelimit-remaining-subscription-reads": "11994",
        "x-ms-routing-request-id": "EASTUS:20220715T073056Z:500f5504-b041-411b-aa86-1a6d2d169cbf"
      },
      "ResponseBody": {
        "id": "/subscriptions/00000000-0000-0000-0000-000000000000/resourceGroups/772d25ec/providers/Microsoft.Search/searchServices/ptvstestsearch",
        "name": "ptvstestsearch",
        "type": "Microsoft.Search/searchServices",
        "location": "West US",
        "properties": {
          "replicaCount": 1,
          "partitionCount": 1,
          "status": "provisioning",
          "statusDetails": "",
          "provisioningState": "provisioning",
          "hostingMode": "Default",
          "publicNetworkAccess": "Enabled",
          "networkRuleSet": {
            "ipRules": [],
            "bypass": "None"
          },
          "privateEndpointConnections": [],
          "sharedPrivateLinkResources": []
        },
        "sku": {
          "name": "standard"
        }
      }
    },
    {
      "RequestUri": "https://management.azure.com/subscriptions/00000000-0000-0000-0000-000000000000/resourceGroups/772d25ec/providers/Microsoft.Search/searchServices/ptvstestsearch?api-version=2020-08-01",
      "RequestMethod": "GET",
      "RequestHeaders": {
        "Accept": "*/*",
        "Accept-Encoding": "gzip, deflate",
        "Connection": "keep-alive",
        "User-Agent": "azsdk-python-mgmt-search/0.0.0 (it should be stable) Python/3.8.13 (Linux-5.13.0-1031-azure-x86_64-with-glibc2.2.5) VSTS_0fb41ef4-5012-48a9-bf39-4ee3de03ee35_build_2500_0"
      },
      "RequestBody": null,
      "StatusCode": 200,
      "ResponseHeaders": {
        "Cache-Control": "no-cache",
        "Content-Encoding": "gzip",
        "Content-Type": "application/json; charset=utf-8",
        "Date": "Fri, 15 Jul 2022 07:31:26 GMT",
        "elapsed-time": "193",
        "ETag": "W/\u0022datetime\u00272022-07-15T07%3A27%3A53.7944605Z\u0027\u0022",
        "Expires": "-1",
        "Pragma": "no-cache",
        "request-id": "9cf3b937-040f-11ed-9e13-459a8cbfdb79",
        "Strict-Transport-Security": "max-age=31536000; includeSubDomains",
        "Transfer-Encoding": "chunked",
        "Vary": [
          "Accept-Encoding",
          "Accept-Encoding"
        ],
        "X-Content-Type-Options": "nosniff",
        "x-ms-correlation-request-id": "fce6a8ec-997b-46cc-bc82-9387b39e3f88",
        "x-ms-ratelimit-remaining-subscription-reads": "11993",
        "x-ms-routing-request-id": "EASTUS:20220715T073127Z:fce6a8ec-997b-46cc-bc82-9387b39e3f88"
      },
      "ResponseBody": {
        "id": "/subscriptions/00000000-0000-0000-0000-000000000000/resourceGroups/772d25ec/providers/Microsoft.Search/searchServices/ptvstestsearch",
        "name": "ptvstestsearch",
        "type": "Microsoft.Search/searchServices",
        "location": "West US",
        "properties": {
          "replicaCount": 1,
          "partitionCount": 1,
          "status": "provisioning",
          "statusDetails": "",
          "provisioningState": "provisioning",
          "hostingMode": "Default",
          "publicNetworkAccess": "Enabled",
          "networkRuleSet": {
            "ipRules": [],
            "bypass": "None"
          },
          "privateEndpointConnections": [],
          "sharedPrivateLinkResources": []
        },
        "sku": {
          "name": "standard"
        }
      }
    },
    {
      "RequestUri": "https://management.azure.com/subscriptions/00000000-0000-0000-0000-000000000000/resourceGroups/772d25ec/providers/Microsoft.Search/searchServices/ptvstestsearch?api-version=2020-08-01",
      "RequestMethod": "GET",
      "RequestHeaders": {
        "Accept": "*/*",
        "Accept-Encoding": "gzip, deflate",
        "Connection": "keep-alive",
        "User-Agent": "azsdk-python-mgmt-search/0.0.0 (it should be stable) Python/3.8.13 (Linux-5.13.0-1031-azure-x86_64-with-glibc2.2.5) VSTS_0fb41ef4-5012-48a9-bf39-4ee3de03ee35_build_2500_0"
      },
      "RequestBody": null,
      "StatusCode": 200,
      "ResponseHeaders": {
        "Cache-Control": "no-cache",
        "Content-Encoding": "gzip",
        "Content-Type": "application/json; charset=utf-8",
        "Date": "Fri, 15 Jul 2022 07:31:57 GMT",
        "elapsed-time": "185",
        "ETag": "W/\u0022datetime\u00272022-07-15T07%3A27%3A53.7944605Z\u0027\u0022",
        "Expires": "-1",
        "Pragma": "no-cache",
        "request-id": "9cf3b937-040f-11ed-9e13-459a8cbfdb79",
        "Strict-Transport-Security": "max-age=31536000; includeSubDomains",
        "Transfer-Encoding": "chunked",
        "Vary": [
          "Accept-Encoding",
          "Accept-Encoding"
        ],
        "X-Content-Type-Options": "nosniff",
        "x-ms-correlation-request-id": "a95ba11b-159c-4d2c-bce6-1a50977830c7",
        "x-ms-ratelimit-remaining-subscription-reads": "11992",
        "x-ms-routing-request-id": "EASTUS:20220715T073157Z:a95ba11b-159c-4d2c-bce6-1a50977830c7"
      },
      "ResponseBody": {
        "id": "/subscriptions/00000000-0000-0000-0000-000000000000/resourceGroups/772d25ec/providers/Microsoft.Search/searchServices/ptvstestsearch",
        "name": "ptvstestsearch",
        "type": "Microsoft.Search/searchServices",
        "location": "West US",
        "properties": {
          "replicaCount": 1,
          "partitionCount": 1,
          "status": "provisioning",
          "statusDetails": "",
          "provisioningState": "provisioning",
          "hostingMode": "Default",
          "publicNetworkAccess": "Enabled",
          "networkRuleSet": {
            "ipRules": [],
            "bypass": "None"
          },
          "privateEndpointConnections": [],
          "sharedPrivateLinkResources": []
        },
        "sku": {
          "name": "standard"
        }
      }
    },
    {
      "RequestUri": "https://management.azure.com/subscriptions/00000000-0000-0000-0000-000000000000/resourceGroups/772d25ec/providers/Microsoft.Search/searchServices/ptvstestsearch?api-version=2020-08-01",
      "RequestMethod": "GET",
      "RequestHeaders": {
        "Accept": "*/*",
        "Accept-Encoding": "gzip, deflate",
        "Connection": "keep-alive",
        "User-Agent": "azsdk-python-mgmt-search/0.0.0 (it should be stable) Python/3.8.13 (Linux-5.13.0-1031-azure-x86_64-with-glibc2.2.5) VSTS_0fb41ef4-5012-48a9-bf39-4ee3de03ee35_build_2500_0"
      },
      "RequestBody": null,
      "StatusCode": 200,
      "ResponseHeaders": {
        "Cache-Control": "no-cache",
        "Content-Encoding": "gzip",
        "Content-Type": "application/json; charset=utf-8",
        "Date": "Fri, 15 Jul 2022 07:32:27 GMT",
        "elapsed-time": "195",
        "ETag": "W/\u0022datetime\u00272022-07-15T07%3A27%3A53.7944605Z\u0027\u0022",
        "Expires": "-1",
        "Pragma": "no-cache",
        "request-id": "9cf3b937-040f-11ed-9e13-459a8cbfdb79",
        "Strict-Transport-Security": "max-age=31536000; includeSubDomains",
        "Transfer-Encoding": "chunked",
        "Vary": [
          "Accept-Encoding",
          "Accept-Encoding"
        ],
        "X-Content-Type-Options": "nosniff",
        "x-ms-correlation-request-id": "3b82b702-b980-44d8-b99b-c81cc4472380",
        "x-ms-ratelimit-remaining-subscription-reads": "11991",
        "x-ms-routing-request-id": "EASTUS:20220715T073227Z:3b82b702-b980-44d8-b99b-c81cc4472380"
      },
      "ResponseBody": {
        "id": "/subscriptions/00000000-0000-0000-0000-000000000000/resourceGroups/772d25ec/providers/Microsoft.Search/searchServices/ptvstestsearch",
        "name": "ptvstestsearch",
        "type": "Microsoft.Search/searchServices",
        "location": "West US",
        "properties": {
          "replicaCount": 1,
          "partitionCount": 1,
          "status": "provisioning",
          "statusDetails": "",
          "provisioningState": "provisioning",
          "hostingMode": "Default",
          "publicNetworkAccess": "Enabled",
          "networkRuleSet": {
            "ipRules": [],
            "bypass": "None"
          },
          "privateEndpointConnections": [],
          "sharedPrivateLinkResources": []
        },
        "sku": {
          "name": "standard"
        }
      }
    },
    {
      "RequestUri": "https://management.azure.com/subscriptions/00000000-0000-0000-0000-000000000000/resourceGroups/772d25ec/providers/Microsoft.Search/searchServices/ptvstestsearch?api-version=2020-08-01",
      "RequestMethod": "GET",
      "RequestHeaders": {
        "Accept": "*/*",
        "Accept-Encoding": "gzip, deflate",
        "Connection": "keep-alive",
        "User-Agent": "azsdk-python-mgmt-search/0.0.0 (it should be stable) Python/3.8.13 (Linux-5.13.0-1031-azure-x86_64-with-glibc2.2.5) VSTS_0fb41ef4-5012-48a9-bf39-4ee3de03ee35_build_2500_0"
      },
      "RequestBody": null,
      "StatusCode": 200,
      "ResponseHeaders": {
        "Cache-Control": "no-cache",
        "Content-Encoding": "gzip",
        "Content-Type": "application/json; charset=utf-8",
        "Date": "Fri, 15 Jul 2022 07:32:57 GMT",
        "elapsed-time": "203",
        "ETag": "W/\u0022datetime\u00272022-07-15T07%3A27%3A53.7944605Z\u0027\u0022",
        "Expires": "-1",
        "Pragma": "no-cache",
        "request-id": "9cf3b937-040f-11ed-9e13-459a8cbfdb79",
        "Strict-Transport-Security": "max-age=31536000; includeSubDomains",
        "Transfer-Encoding": "chunked",
        "Vary": [
          "Accept-Encoding",
          "Accept-Encoding"
        ],
        "X-Content-Type-Options": "nosniff",
        "x-ms-correlation-request-id": "b3997b38-cbfa-4a00-b7ac-ad9cc34a8a7a",
        "x-ms-ratelimit-remaining-subscription-reads": "11990",
        "x-ms-routing-request-id": "EASTUS:20220715T073258Z:b3997b38-cbfa-4a00-b7ac-ad9cc34a8a7a"
      },
      "ResponseBody": {
        "id": "/subscriptions/00000000-0000-0000-0000-000000000000/resourceGroups/772d25ec/providers/Microsoft.Search/searchServices/ptvstestsearch",
        "name": "ptvstestsearch",
        "type": "Microsoft.Search/searchServices",
        "location": "West US",
        "properties": {
          "replicaCount": 1,
          "partitionCount": 1,
          "status": "provisioning",
          "statusDetails": "",
          "provisioningState": "provisioning",
          "hostingMode": "Default",
          "publicNetworkAccess": "Enabled",
          "networkRuleSet": {
            "ipRules": [],
            "bypass": "None"
          },
          "privateEndpointConnections": [],
          "sharedPrivateLinkResources": []
        },
        "sku": {
          "name": "standard"
        }
      }
    },
    {
      "RequestUri": "https://management.azure.com/subscriptions/00000000-0000-0000-0000-000000000000/resourceGroups/772d25ec/providers/Microsoft.Search/searchServices/ptvstestsearch?api-version=2020-08-01",
      "RequestMethod": "GET",
      "RequestHeaders": {
        "Accept": "*/*",
        "Accept-Encoding": "gzip, deflate",
        "Connection": "keep-alive",
        "User-Agent": "azsdk-python-mgmt-search/0.0.0 (it should be stable) Python/3.8.13 (Linux-5.13.0-1031-azure-x86_64-with-glibc2.2.5) VSTS_0fb41ef4-5012-48a9-bf39-4ee3de03ee35_build_2500_0"
      },
      "RequestBody": null,
      "StatusCode": 200,
      "ResponseHeaders": {
        "Cache-Control": "no-cache",
        "Content-Encoding": "gzip",
        "Content-Type": "application/json; charset=utf-8",
        "Date": "Fri, 15 Jul 2022 07:33:27 GMT",
        "elapsed-time": "202",
        "ETag": "W/\u0022datetime\u00272022-07-15T07%3A27%3A53.7944605Z\u0027\u0022",
        "Expires": "-1",
        "Pragma": "no-cache",
        "request-id": "9cf3b937-040f-11ed-9e13-459a8cbfdb79",
        "Strict-Transport-Security": "max-age=31536000; includeSubDomains",
        "Transfer-Encoding": "chunked",
        "Vary": [
          "Accept-Encoding",
          "Accept-Encoding"
        ],
        "X-Content-Type-Options": "nosniff",
        "x-ms-correlation-request-id": "4ec1d117-87e0-4a74-af8b-b2247175c151",
        "x-ms-ratelimit-remaining-subscription-reads": "11989",
        "x-ms-routing-request-id": "EASTUS:20220715T073328Z:4ec1d117-87e0-4a74-af8b-b2247175c151"
      },
      "ResponseBody": {
        "id": "/subscriptions/00000000-0000-0000-0000-000000000000/resourceGroups/772d25ec/providers/Microsoft.Search/searchServices/ptvstestsearch",
        "name": "ptvstestsearch",
        "type": "Microsoft.Search/searchServices",
        "location": "West US",
        "properties": {
          "replicaCount": 1,
          "partitionCount": 1,
          "status": "provisioning",
          "statusDetails": "",
          "provisioningState": "provisioning",
          "hostingMode": "Default",
          "publicNetworkAccess": "Enabled",
          "networkRuleSet": {
            "ipRules": [],
            "bypass": "None"
          },
          "privateEndpointConnections": [],
          "sharedPrivateLinkResources": []
        },
        "sku": {
          "name": "standard"
        }
      }
    },
    {
      "RequestUri": "https://management.azure.com/subscriptions/00000000-0000-0000-0000-000000000000/resourceGroups/772d25ec/providers/Microsoft.Search/searchServices/ptvstestsearch?api-version=2020-08-01",
      "RequestMethod": "GET",
      "RequestHeaders": {
        "Accept": "*/*",
        "Accept-Encoding": "gzip, deflate",
        "Connection": "keep-alive",
        "User-Agent": "azsdk-python-mgmt-search/0.0.0 (it should be stable) Python/3.8.13 (Linux-5.13.0-1031-azure-x86_64-with-glibc2.2.5) VSTS_0fb41ef4-5012-48a9-bf39-4ee3de03ee35_build_2500_0"
      },
      "RequestBody": null,
      "StatusCode": 200,
      "ResponseHeaders": {
        "Cache-Control": "no-cache",
        "Content-Encoding": "gzip",
        "Content-Type": "application/json; charset=utf-8",
        "Date": "Fri, 15 Jul 2022 07:33:58 GMT",
        "elapsed-time": "246",
        "ETag": "W/\u0022datetime\u00272022-07-15T07%3A27%3A53.7944605Z\u0027\u0022",
        "Expires": "-1",
        "Pragma": "no-cache",
        "request-id": "9cf3b937-040f-11ed-9e13-459a8cbfdb79",
        "Strict-Transport-Security": "max-age=31536000; includeSubDomains",
        "Transfer-Encoding": "chunked",
        "Vary": [
          "Accept-Encoding",
          "Accept-Encoding"
        ],
        "X-Content-Type-Options": "nosniff",
        "x-ms-correlation-request-id": "8489d55b-3207-4fe3-82ec-eb57ce52013a",
        "x-ms-ratelimit-remaining-subscription-reads": "11988",
        "x-ms-routing-request-id": "EASTUS:20220715T073359Z:8489d55b-3207-4fe3-82ec-eb57ce52013a"
      },
      "ResponseBody": {
        "id": "/subscriptions/00000000-0000-0000-0000-000000000000/resourceGroups/772d25ec/providers/Microsoft.Search/searchServices/ptvstestsearch",
        "name": "ptvstestsearch",
        "type": "Microsoft.Search/searchServices",
        "location": "West US",
        "properties": {
          "replicaCount": 1,
          "partitionCount": 1,
          "status": "provisioning",
          "statusDetails": "",
          "provisioningState": "provisioning",
          "hostingMode": "Default",
          "publicNetworkAccess": "Enabled",
          "networkRuleSet": {
            "ipRules": [],
            "bypass": "None"
          },
          "privateEndpointConnections": [],
          "sharedPrivateLinkResources": []
        },
        "sku": {
          "name": "standard"
        }
      }
    },
    {
      "RequestUri": "https://management.azure.com/subscriptions/00000000-0000-0000-0000-000000000000/resourceGroups/772d25ec/providers/Microsoft.Search/searchServices/ptvstestsearch?api-version=2020-08-01",
      "RequestMethod": "GET",
      "RequestHeaders": {
        "Accept": "*/*",
        "Accept-Encoding": "gzip, deflate",
        "Connection": "keep-alive",
        "User-Agent": "azsdk-python-mgmt-search/0.0.0 (it should be stable) Python/3.8.13 (Linux-5.13.0-1031-azure-x86_64-with-glibc2.2.5) VSTS_0fb41ef4-5012-48a9-bf39-4ee3de03ee35_build_2500_0"
      },
      "RequestBody": null,
      "StatusCode": 200,
      "ResponseHeaders": {
        "Cache-Control": "no-cache",
        "Content-Encoding": "gzip",
        "Content-Type": "application/json; charset=utf-8",
        "Date": "Fri, 15 Jul 2022 07:34:29 GMT",
        "elapsed-time": "343",
        "ETag": "W/\u0022datetime\u00272022-07-15T07%3A27%3A53.7944605Z\u0027\u0022",
        "Expires": "-1",
        "Pragma": "no-cache",
        "request-id": "9cf3b937-040f-11ed-9e13-459a8cbfdb79",
        "Strict-Transport-Security": "max-age=31536000; includeSubDomains",
        "Transfer-Encoding": "chunked",
        "Vary": [
          "Accept-Encoding",
          "Accept-Encoding"
        ],
        "X-Content-Type-Options": "nosniff",
        "x-ms-correlation-request-id": "c22108b8-af3f-4677-b1fe-e47f379947ff",
        "x-ms-ratelimit-remaining-subscription-reads": "11987",
        "x-ms-routing-request-id": "EASTUS:20220715T073429Z:c22108b8-af3f-4677-b1fe-e47f379947ff"
      },
      "ResponseBody": {
        "id": "/subscriptions/00000000-0000-0000-0000-000000000000/resourceGroups/772d25ec/providers/Microsoft.Search/searchServices/ptvstestsearch",
        "name": "ptvstestsearch",
        "type": "Microsoft.Search/searchServices",
        "location": "West US",
        "properties": {
          "replicaCount": 1,
          "partitionCount": 1,
          "status": "provisioning",
          "statusDetails": "",
          "provisioningState": "provisioning",
          "hostingMode": "Default",
          "publicNetworkAccess": "Enabled",
          "networkRuleSet": {
            "ipRules": [],
            "bypass": "None"
          },
          "privateEndpointConnections": [],
          "sharedPrivateLinkResources": []
        },
        "sku": {
          "name": "standard"
        }
      }
    },
    {
      "RequestUri": "https://management.azure.com/subscriptions/00000000-0000-0000-0000-000000000000/resourceGroups/772d25ec/providers/Microsoft.Search/searchServices/ptvstestsearch?api-version=2020-08-01",
      "RequestMethod": "GET",
      "RequestHeaders": {
        "Accept": "*/*",
        "Accept-Encoding": "gzip, deflate",
        "Connection": "keep-alive",
        "User-Agent": "azsdk-python-mgmt-search/0.0.0 (it should be stable) Python/3.8.13 (Linux-5.13.0-1031-azure-x86_64-with-glibc2.2.5) VSTS_0fb41ef4-5012-48a9-bf39-4ee3de03ee35_build_2500_0"
      },
      "RequestBody": null,
      "StatusCode": 200,
      "ResponseHeaders": {
        "Cache-Control": "no-cache",
        "Content-Encoding": "gzip",
        "Content-Type": "application/json; charset=utf-8",
        "Date": "Fri, 15 Jul 2022 07:34:59 GMT",
        "elapsed-time": "240",
        "ETag": "W/\u0022datetime\u00272022-07-15T07%3A27%3A53.7944605Z\u0027\u0022",
        "Expires": "-1",
        "Pragma": "no-cache",
        "request-id": "9cf3b937-040f-11ed-9e13-459a8cbfdb79",
        "Strict-Transport-Security": "max-age=31536000; includeSubDomains",
        "Transfer-Encoding": "chunked",
        "Vary": [
          "Accept-Encoding",
          "Accept-Encoding"
        ],
        "X-Content-Type-Options": "nosniff",
        "x-ms-correlation-request-id": "ea3831c3-b6b5-49c3-b8bf-b5a810e313f5",
        "x-ms-ratelimit-remaining-subscription-reads": "11986",
        "x-ms-routing-request-id": "EASTUS:20220715T073459Z:ea3831c3-b6b5-49c3-b8bf-b5a810e313f5"
      },
      "ResponseBody": {
        "id": "/subscriptions/00000000-0000-0000-0000-000000000000/resourceGroups/772d25ec/providers/Microsoft.Search/searchServices/ptvstestsearch",
        "name": "ptvstestsearch",
        "type": "Microsoft.Search/searchServices",
        "location": "West US",
        "properties": {
          "replicaCount": 1,
          "partitionCount": 1,
          "status": "provisioning",
          "statusDetails": "",
          "provisioningState": "provisioning",
          "hostingMode": "Default",
          "publicNetworkAccess": "Enabled",
          "networkRuleSet": {
            "ipRules": [],
            "bypass": "None"
          },
          "privateEndpointConnections": [],
          "sharedPrivateLinkResources": []
        },
        "sku": {
          "name": "standard"
        }
      }
    },
    {
      "RequestUri": "https://management.azure.com/subscriptions/00000000-0000-0000-0000-000000000000/resourceGroups/772d25ec/providers/Microsoft.Search/searchServices/ptvstestsearch?api-version=2020-08-01",
      "RequestMethod": "GET",
      "RequestHeaders": {
        "Accept": "*/*",
        "Accept-Encoding": "gzip, deflate",
        "Connection": "keep-alive",
        "User-Agent": "azsdk-python-mgmt-search/0.0.0 (it should be stable) Python/3.8.13 (Linux-5.13.0-1031-azure-x86_64-with-glibc2.2.5) VSTS_0fb41ef4-5012-48a9-bf39-4ee3de03ee35_build_2500_0"
      },
      "RequestBody": null,
      "StatusCode": 200,
      "ResponseHeaders": {
        "Cache-Control": "no-cache",
        "Content-Encoding": "gzip",
        "Content-Type": "application/json; charset=utf-8",
        "Date": "Fri, 15 Jul 2022 07:35:29 GMT",
        "elapsed-time": "316",
        "ETag": "W/\u0022datetime\u00272022-07-15T07%3A27%3A53.7944605Z\u0027\u0022",
        "Expires": "-1",
        "Pragma": "no-cache",
        "request-id": "9cf3b937-040f-11ed-9e13-459a8cbfdb79",
        "Strict-Transport-Security": "max-age=31536000; includeSubDomains",
        "Transfer-Encoding": "chunked",
        "Vary": [
          "Accept-Encoding",
          "Accept-Encoding"
        ],
        "X-Content-Type-Options": "nosniff",
        "x-ms-correlation-request-id": "c59bee44-b789-4c77-86da-0bafcc9d1f23",
        "x-ms-ratelimit-remaining-subscription-reads": "11985",
        "x-ms-routing-request-id": "EASTUS:20220715T073530Z:c59bee44-b789-4c77-86da-0bafcc9d1f23"
      },
      "ResponseBody": {
        "id": "/subscriptions/00000000-0000-0000-0000-000000000000/resourceGroups/772d25ec/providers/Microsoft.Search/searchServices/ptvstestsearch",
        "name": "ptvstestsearch",
        "type": "Microsoft.Search/searchServices",
        "location": "West US",
        "properties": {
          "replicaCount": 1,
          "partitionCount": 1,
          "status": "provisioning",
          "statusDetails": "",
          "provisioningState": "provisioning",
          "hostingMode": "Default",
          "publicNetworkAccess": "Enabled",
          "networkRuleSet": {
            "ipRules": [],
            "bypass": "None"
          },
          "privateEndpointConnections": [],
          "sharedPrivateLinkResources": []
        },
        "sku": {
          "name": "standard"
        }
      }
    },
    {
      "RequestUri": "https://management.azure.com/subscriptions/00000000-0000-0000-0000-000000000000/resourceGroups/772d25ec/providers/Microsoft.Search/searchServices/ptvstestsearch?api-version=2020-08-01",
      "RequestMethod": "GET",
      "RequestHeaders": {
        "Accept": "*/*",
        "Accept-Encoding": "gzip, deflate",
        "Connection": "keep-alive",
        "User-Agent": "azsdk-python-mgmt-search/0.0.0 (it should be stable) Python/3.8.13 (Linux-5.13.0-1031-azure-x86_64-with-glibc2.2.5) VSTS_0fb41ef4-5012-48a9-bf39-4ee3de03ee35_build_2500_0"
      },
      "RequestBody": null,
      "StatusCode": 200,
      "ResponseHeaders": {
        "Cache-Control": "no-cache",
        "Content-Encoding": "gzip",
        "Content-Type": "application/json; charset=utf-8",
        "Date": "Fri, 15 Jul 2022 07:36:00 GMT",
        "elapsed-time": "271",
        "ETag": "W/\u0022datetime\u00272022-07-15T07%3A27%3A53.7944605Z\u0027\u0022",
        "Expires": "-1",
        "Pragma": "no-cache",
        "request-id": "9cf3b937-040f-11ed-9e13-459a8cbfdb79",
        "Strict-Transport-Security": "max-age=31536000; includeSubDomains",
        "Transfer-Encoding": "chunked",
        "Vary": [
          "Accept-Encoding",
          "Accept-Encoding"
        ],
        "X-Content-Type-Options": "nosniff",
        "x-ms-correlation-request-id": "014e02ad-9043-450f-902e-1482749fa8c8",
        "x-ms-ratelimit-remaining-subscription-reads": "11984",
        "x-ms-routing-request-id": "EASTUS:20220715T073600Z:014e02ad-9043-450f-902e-1482749fa8c8"
      },
      "ResponseBody": {
        "id": "/subscriptions/00000000-0000-0000-0000-000000000000/resourceGroups/772d25ec/providers/Microsoft.Search/searchServices/ptvstestsearch",
        "name": "ptvstestsearch",
        "type": "Microsoft.Search/searchServices",
        "location": "West US",
        "properties": {
          "replicaCount": 1,
          "partitionCount": 1,
          "status": "provisioning",
          "statusDetails": "",
          "provisioningState": "provisioning",
          "hostingMode": "Default",
          "publicNetworkAccess": "Enabled",
          "networkRuleSet": {
            "ipRules": [],
            "bypass": "None"
          },
          "privateEndpointConnections": [],
          "sharedPrivateLinkResources": []
        },
        "sku": {
          "name": "standard"
        }
      }
    },
    {
      "RequestUri": "https://management.azure.com/subscriptions/00000000-0000-0000-0000-000000000000/resourceGroups/772d25ec/providers/Microsoft.Search/searchServices/ptvstestsearch?api-version=2020-08-01",
      "RequestMethod": "GET",
      "RequestHeaders": {
        "Accept": "*/*",
        "Accept-Encoding": "gzip, deflate",
        "Connection": "keep-alive",
        "User-Agent": "azsdk-python-mgmt-search/0.0.0 (it should be stable) Python/3.8.13 (Linux-5.13.0-1031-azure-x86_64-with-glibc2.2.5) VSTS_0fb41ef4-5012-48a9-bf39-4ee3de03ee35_build_2500_0"
      },
      "RequestBody": null,
      "StatusCode": 200,
      "ResponseHeaders": {
        "Cache-Control": "no-cache",
        "Content-Encoding": "gzip",
        "Content-Type": "application/json; charset=utf-8",
        "Date": "Fri, 15 Jul 2022 07:36:30 GMT",
        "elapsed-time": "246",
        "ETag": "W/\u0022datetime\u00272022-07-15T07%3A27%3A53.7944605Z\u0027\u0022",
        "Expires": "-1",
        "Pragma": "no-cache",
        "request-id": "9cf3b937-040f-11ed-9e13-459a8cbfdb79",
        "Strict-Transport-Security": "max-age=31536000; includeSubDomains",
        "Transfer-Encoding": "chunked",
        "Vary": [
          "Accept-Encoding",
          "Accept-Encoding"
        ],
        "X-Content-Type-Options": "nosniff",
        "x-ms-correlation-request-id": "937baf1f-a132-4140-abf9-9f8ce9eccee4",
        "x-ms-ratelimit-remaining-subscription-reads": "11983",
        "x-ms-routing-request-id": "EASTUS:20220715T073631Z:937baf1f-a132-4140-abf9-9f8ce9eccee4"
      },
      "ResponseBody": {
        "id": "/subscriptions/00000000-0000-0000-0000-000000000000/resourceGroups/772d25ec/providers/Microsoft.Search/searchServices/ptvstestsearch",
        "name": "ptvstestsearch",
        "type": "Microsoft.Search/searchServices",
        "location": "West US",
        "properties": {
          "replicaCount": 1,
          "partitionCount": 1,
          "status": "provisioning",
          "statusDetails": "",
          "provisioningState": "provisioning",
          "hostingMode": "Default",
          "publicNetworkAccess": "Enabled",
          "networkRuleSet": {
            "ipRules": [],
            "bypass": "None"
          },
          "privateEndpointConnections": [],
          "sharedPrivateLinkResources": []
        },
        "sku": {
          "name": "standard"
        }
      }
    },
    {
      "RequestUri": "https://management.azure.com/subscriptions/00000000-0000-0000-0000-000000000000/resourceGroups/772d25ec/providers/Microsoft.Search/searchServices/ptvstestsearch?api-version=2020-08-01",
      "RequestMethod": "GET",
      "RequestHeaders": {
        "Accept": "*/*",
        "Accept-Encoding": "gzip, deflate",
        "Connection": "keep-alive",
        "User-Agent": "azsdk-python-mgmt-search/0.0.0 (it should be stable) Python/3.8.13 (Linux-5.13.0-1031-azure-x86_64-with-glibc2.2.5) VSTS_0fb41ef4-5012-48a9-bf39-4ee3de03ee35_build_2500_0"
      },
      "RequestBody": null,
      "StatusCode": 200,
      "ResponseHeaders": {
        "Cache-Control": "no-cache",
        "Content-Encoding": "gzip",
        "Content-Type": "application/json; charset=utf-8",
        "Date": "Fri, 15 Jul 2022 07:37:01 GMT",
        "elapsed-time": "234",
        "ETag": "W/\u0022datetime\u00272022-07-15T07%3A27%3A53.7944605Z\u0027\u0022",
        "Expires": "-1",
        "Pragma": "no-cache",
        "request-id": "9cf3b937-040f-11ed-9e13-459a8cbfdb79",
        "Strict-Transport-Security": "max-age=31536000; includeSubDomains",
        "Transfer-Encoding": "chunked",
        "Vary": [
          "Accept-Encoding",
          "Accept-Encoding"
        ],
        "X-Content-Type-Options": "nosniff",
        "x-ms-correlation-request-id": "986db9c9-f0e1-4377-bf84-28a0ce55293a",
        "x-ms-ratelimit-remaining-subscription-reads": "11982",
        "x-ms-routing-request-id": "EASTUS:20220715T073701Z:986db9c9-f0e1-4377-bf84-28a0ce55293a"
      },
      "ResponseBody": {
        "id": "/subscriptions/00000000-0000-0000-0000-000000000000/resourceGroups/772d25ec/providers/Microsoft.Search/searchServices/ptvstestsearch",
        "name": "ptvstestsearch",
        "type": "Microsoft.Search/searchServices",
        "location": "West US",
        "properties": {
          "replicaCount": 1,
          "partitionCount": 1,
          "status": "provisioning",
          "statusDetails": "",
          "provisioningState": "provisioning",
          "hostingMode": "Default",
          "publicNetworkAccess": "Enabled",
          "networkRuleSet": {
            "ipRules": [],
            "bypass": "None"
          },
          "privateEndpointConnections": [],
          "sharedPrivateLinkResources": []
        },
        "sku": {
          "name": "standard"
        }
      }
    },
    {
      "RequestUri": "https://management.azure.com/subscriptions/00000000-0000-0000-0000-000000000000/resourceGroups/772d25ec/providers/Microsoft.Search/searchServices/ptvstestsearch?api-version=2020-08-01",
      "RequestMethod": "GET",
      "RequestHeaders": {
        "Accept": "*/*",
        "Accept-Encoding": "gzip, deflate",
        "Connection": "keep-alive",
        "User-Agent": "azsdk-python-mgmt-search/0.0.0 (it should be stable) Python/3.8.13 (Linux-5.13.0-1031-azure-x86_64-with-glibc2.2.5) VSTS_0fb41ef4-5012-48a9-bf39-4ee3de03ee35_build_2500_0"
      },
      "RequestBody": null,
      "StatusCode": 200,
      "ResponseHeaders": {
        "Cache-Control": "no-cache",
        "Content-Encoding": "gzip",
        "Content-Type": "application/json; charset=utf-8",
        "Date": "Fri, 15 Jul 2022 07:37:31 GMT",
        "elapsed-time": "276",
        "ETag": "W/\u0022datetime\u00272022-07-15T07%3A27%3A53.7944605Z\u0027\u0022",
        "Expires": "-1",
        "Pragma": "no-cache",
        "request-id": "9cf3b937-040f-11ed-9e13-459a8cbfdb79",
        "Strict-Transport-Security": "max-age=31536000; includeSubDomains",
        "Transfer-Encoding": "chunked",
        "Vary": [
          "Accept-Encoding",
          "Accept-Encoding"
        ],
        "X-Content-Type-Options": "nosniff",
        "x-ms-correlation-request-id": "b7d2031b-dee6-42af-bd8d-42b5b8e280c6",
        "x-ms-ratelimit-remaining-subscription-reads": "11981",
        "x-ms-routing-request-id": "EASTUS:20220715T073731Z:b7d2031b-dee6-42af-bd8d-42b5b8e280c6"
      },
      "ResponseBody": {
        "id": "/subscriptions/00000000-0000-0000-0000-000000000000/resourceGroups/772d25ec/providers/Microsoft.Search/searchServices/ptvstestsearch",
        "name": "ptvstestsearch",
        "type": "Microsoft.Search/searchServices",
        "location": "West US",
        "properties": {
          "replicaCount": 1,
          "partitionCount": 1,
          "status": "provisioning",
          "statusDetails": "",
          "provisioningState": "provisioning",
          "hostingMode": "Default",
          "publicNetworkAccess": "Enabled",
          "networkRuleSet": {
            "ipRules": [],
            "bypass": "None"
          },
          "privateEndpointConnections": [],
          "sharedPrivateLinkResources": []
        },
        "sku": {
          "name": "standard"
        }
      }
    },
    {
      "RequestUri": "https://management.azure.com/subscriptions/00000000-0000-0000-0000-000000000000/resourceGroups/772d25ec/providers/Microsoft.Search/searchServices/ptvstestsearch?api-version=2020-08-01",
      "RequestMethod": "GET",
      "RequestHeaders": {
        "Accept": "*/*",
        "Accept-Encoding": "gzip, deflate",
        "Connection": "keep-alive",
        "User-Agent": "azsdk-python-mgmt-search/0.0.0 (it should be stable) Python/3.8.13 (Linux-5.13.0-1031-azure-x86_64-with-glibc2.2.5) VSTS_0fb41ef4-5012-48a9-bf39-4ee3de03ee35_build_2500_0"
      },
      "RequestBody": null,
      "StatusCode": 200,
      "ResponseHeaders": {
        "Cache-Control": "no-cache",
        "Content-Encoding": "gzip",
        "Content-Type": "application/json; charset=utf-8",
        "Date": "Fri, 15 Jul 2022 07:38:01 GMT",
        "elapsed-time": "203",
        "ETag": "W/\u0022datetime\u00272022-07-15T07%3A27%3A53.7944605Z\u0027\u0022",
        "Expires": "-1",
        "Pragma": "no-cache",
        "request-id": "9cf3b937-040f-11ed-9e13-459a8cbfdb79",
        "Strict-Transport-Security": "max-age=31536000; includeSubDomains",
        "Transfer-Encoding": "chunked",
        "Vary": [
          "Accept-Encoding",
          "Accept-Encoding"
        ],
        "X-Content-Type-Options": "nosniff",
        "x-ms-correlation-request-id": "23733e48-f735-4069-be0b-f075ca7ed018",
        "x-ms-ratelimit-remaining-subscription-reads": "11980",
        "x-ms-routing-request-id": "EASTUS:20220715T073802Z:23733e48-f735-4069-be0b-f075ca7ed018"
      },
      "ResponseBody": {
        "id": "/subscriptions/00000000-0000-0000-0000-000000000000/resourceGroups/772d25ec/providers/Microsoft.Search/searchServices/ptvstestsearch",
        "name": "ptvstestsearch",
        "type": "Microsoft.Search/searchServices",
        "location": "West US",
        "properties": {
          "replicaCount": 1,
          "partitionCount": 1,
          "status": "provisioning",
          "statusDetails": "",
          "provisioningState": "provisioning",
          "hostingMode": "Default",
          "publicNetworkAccess": "Enabled",
          "networkRuleSet": {
            "ipRules": [],
            "bypass": "None"
          },
          "privateEndpointConnections": [],
          "sharedPrivateLinkResources": []
        },
        "sku": {
          "name": "standard"
        }
      }
    },
    {
      "RequestUri": "https://management.azure.com/subscriptions/00000000-0000-0000-0000-000000000000/resourceGroups/772d25ec/providers/Microsoft.Search/searchServices/ptvstestsearch?api-version=2020-08-01",
      "RequestMethod": "GET",
      "RequestHeaders": {
        "Accept": "*/*",
        "Accept-Encoding": "gzip, deflate",
        "Connection": "keep-alive",
        "User-Agent": "azsdk-python-mgmt-search/0.0.0 (it should be stable) Python/3.8.13 (Linux-5.13.0-1031-azure-x86_64-with-glibc2.2.5) VSTS_0fb41ef4-5012-48a9-bf39-4ee3de03ee35_build_2500_0"
      },
      "RequestBody": null,
      "StatusCode": 200,
      "ResponseHeaders": {
        "Cache-Control": "no-cache",
        "Content-Encoding": "gzip",
        "Content-Type": "application/json; charset=utf-8",
        "Date": "Fri, 15 Jul 2022 07:38:32 GMT",
        "elapsed-time": "185",
        "ETag": "W/\u0022datetime\u00272022-07-15T07%3A27%3A53.7944605Z\u0027\u0022",
        "Expires": "-1",
        "Pragma": "no-cache",
        "request-id": "9cf3b937-040f-11ed-9e13-459a8cbfdb79",
        "Strict-Transport-Security": "max-age=31536000; includeSubDomains",
        "Transfer-Encoding": "chunked",
        "Vary": [
          "Accept-Encoding",
          "Accept-Encoding"
        ],
        "X-Content-Type-Options": "nosniff",
        "x-ms-correlation-request-id": "141e51e0-ba6b-43e1-9502-e3c3871620d7",
        "x-ms-ratelimit-remaining-subscription-reads": "11979",
        "x-ms-routing-request-id": "EASTUS:20220715T073832Z:141e51e0-ba6b-43e1-9502-e3c3871620d7"
      },
      "ResponseBody": {
        "id": "/subscriptions/00000000-0000-0000-0000-000000000000/resourceGroups/772d25ec/providers/Microsoft.Search/searchServices/ptvstestsearch",
        "name": "ptvstestsearch",
        "type": "Microsoft.Search/searchServices",
        "location": "West US",
        "properties": {
          "replicaCount": 1,
          "partitionCount": 1,
          "status": "provisioning",
          "statusDetails": "",
          "provisioningState": "provisioning",
          "hostingMode": "Default",
          "publicNetworkAccess": "Enabled",
          "networkRuleSet": {
            "ipRules": [],
            "bypass": "None"
          },
          "privateEndpointConnections": [],
          "sharedPrivateLinkResources": []
        },
        "sku": {
          "name": "standard"
        }
      }
    },
    {
      "RequestUri": "https://management.azure.com/subscriptions/00000000-0000-0000-0000-000000000000/resourceGroups/772d25ec/providers/Microsoft.Search/searchServices/ptvstestsearch?api-version=2020-08-01",
      "RequestMethod": "GET",
      "RequestHeaders": {
        "Accept": "*/*",
        "Accept-Encoding": "gzip, deflate",
        "Connection": "keep-alive",
        "User-Agent": "azsdk-python-mgmt-search/0.0.0 (it should be stable) Python/3.8.13 (Linux-5.13.0-1031-azure-x86_64-with-glibc2.2.5) VSTS_0fb41ef4-5012-48a9-bf39-4ee3de03ee35_build_2500_0"
      },
      "RequestBody": null,
      "StatusCode": 200,
      "ResponseHeaders": {
        "Cache-Control": "no-cache",
        "Content-Encoding": "gzip",
        "Content-Type": "application/json; charset=utf-8",
        "Date": "Fri, 15 Jul 2022 07:39:02 GMT",
        "elapsed-time": "183",
        "ETag": "W/\u0022datetime\u00272022-07-15T07%3A27%3A53.7944605Z\u0027\u0022",
        "Expires": "-1",
        "Pragma": "no-cache",
        "request-id": "9cf3b937-040f-11ed-9e13-459a8cbfdb79",
        "Strict-Transport-Security": "max-age=31536000; includeSubDomains",
        "Transfer-Encoding": "chunked",
        "Vary": [
          "Accept-Encoding",
          "Accept-Encoding"
        ],
        "X-Content-Type-Options": "nosniff",
        "x-ms-correlation-request-id": "b7245bb6-c254-4f95-9fdd-b48909a3177e",
        "x-ms-ratelimit-remaining-subscription-reads": "11978",
        "x-ms-routing-request-id": "EASTUS:20220715T073903Z:b7245bb6-c254-4f95-9fdd-b48909a3177e"
      },
      "ResponseBody": {
        "id": "/subscriptions/00000000-0000-0000-0000-000000000000/resourceGroups/772d25ec/providers/Microsoft.Search/searchServices/ptvstestsearch",
        "name": "ptvstestsearch",
        "type": "Microsoft.Search/searchServices",
        "location": "West US",
        "properties": {
          "replicaCount": 1,
          "partitionCount": 1,
          "status": "provisioning",
          "statusDetails": "",
          "provisioningState": "provisioning",
          "hostingMode": "Default",
          "publicNetworkAccess": "Enabled",
          "networkRuleSet": {
            "ipRules": [],
            "bypass": "None"
          },
          "privateEndpointConnections": [],
          "sharedPrivateLinkResources": []
        },
        "sku": {
          "name": "standard"
        }
      }
    },
    {
      "RequestUri": "https://management.azure.com/subscriptions/00000000-0000-0000-0000-000000000000/resourceGroups/772d25ec/providers/Microsoft.Search/searchServices/ptvstestsearch?api-version=2020-08-01",
      "RequestMethod": "GET",
      "RequestHeaders": {
        "Accept": "*/*",
        "Accept-Encoding": "gzip, deflate",
        "Connection": "keep-alive",
        "User-Agent": "azsdk-python-mgmt-search/0.0.0 (it should be stable) Python/3.8.13 (Linux-5.13.0-1031-azure-x86_64-with-glibc2.2.5) VSTS_0fb41ef4-5012-48a9-bf39-4ee3de03ee35_build_2500_0"
      },
      "RequestBody": null,
      "StatusCode": 200,
      "ResponseHeaders": {
        "Cache-Control": "no-cache",
        "Content-Encoding": "gzip",
        "Content-Type": "application/json; charset=utf-8",
        "Date": "Fri, 15 Jul 2022 07:39:32 GMT",
        "elapsed-time": "184",
        "ETag": "W/\u0022datetime\u00272022-07-15T07%3A27%3A53.7944605Z\u0027\u0022",
        "Expires": "-1",
        "Pragma": "no-cache",
        "request-id": "9cf3b937-040f-11ed-9e13-459a8cbfdb79",
        "Strict-Transport-Security": "max-age=31536000; includeSubDomains",
        "Transfer-Encoding": "chunked",
        "Vary": [
          "Accept-Encoding",
          "Accept-Encoding"
        ],
        "X-Content-Type-Options": "nosniff",
        "x-ms-correlation-request-id": "ba24b7c0-0c34-41b6-9fb7-f78130580428",
        "x-ms-ratelimit-remaining-subscription-reads": "11977",
        "x-ms-routing-request-id": "EASTUS:20220715T073933Z:ba24b7c0-0c34-41b6-9fb7-f78130580428"
      },
      "ResponseBody": {
        "id": "/subscriptions/00000000-0000-0000-0000-000000000000/resourceGroups/772d25ec/providers/Microsoft.Search/searchServices/ptvstestsearch",
        "name": "ptvstestsearch",
        "type": "Microsoft.Search/searchServices",
        "location": "West US",
        "properties": {
          "replicaCount": 1,
          "partitionCount": 1,
          "status": "provisioning",
          "statusDetails": "",
          "provisioningState": "provisioning",
          "hostingMode": "Default",
          "publicNetworkAccess": "Enabled",
          "networkRuleSet": {
            "ipRules": [],
            "bypass": "None"
          },
          "privateEndpointConnections": [],
          "sharedPrivateLinkResources": []
        },
        "sku": {
          "name": "standard"
        }
      }
    },
    {
      "RequestUri": "https://management.azure.com/subscriptions/00000000-0000-0000-0000-000000000000/resourceGroups/772d25ec/providers/Microsoft.Search/searchServices/ptvstestsearch?api-version=2020-08-01",
      "RequestMethod": "GET",
      "RequestHeaders": {
        "Accept": "*/*",
        "Accept-Encoding": "gzip, deflate",
        "Connection": "keep-alive",
        "User-Agent": "azsdk-python-mgmt-search/0.0.0 (it should be stable) Python/3.8.13 (Linux-5.13.0-1031-azure-x86_64-with-glibc2.2.5) VSTS_0fb41ef4-5012-48a9-bf39-4ee3de03ee35_build_2500_0"
      },
      "RequestBody": null,
      "StatusCode": 200,
      "ResponseHeaders": {
        "Cache-Control": "no-cache",
        "Content-Encoding": "gzip",
        "Content-Type": "application/json; charset=utf-8",
        "Date": "Fri, 15 Jul 2022 07:40:03 GMT",
        "elapsed-time": "161",
        "ETag": "W/\u0022datetime\u00272022-07-15T07%3A27%3A53.7944605Z\u0027\u0022",
        "Expires": "-1",
        "Pragma": "no-cache",
        "request-id": "9cf3b937-040f-11ed-9e13-459a8cbfdb79",
        "Strict-Transport-Security": "max-age=31536000; includeSubDomains",
        "Transfer-Encoding": "chunked",
        "Vary": [
          "Accept-Encoding",
          "Accept-Encoding"
        ],
        "X-Content-Type-Options": "nosniff",
        "x-ms-correlation-request-id": "aea0e16d-2f96-4839-bb11-e238ff123398",
        "x-ms-ratelimit-remaining-subscription-reads": "11976",
        "x-ms-routing-request-id": "EASTUS:20220715T074003Z:aea0e16d-2f96-4839-bb11-e238ff123398"
      },
      "ResponseBody": {
        "id": "/subscriptions/00000000-0000-0000-0000-000000000000/resourceGroups/772d25ec/providers/Microsoft.Search/searchServices/ptvstestsearch",
        "name": "ptvstestsearch",
        "type": "Microsoft.Search/searchServices",
        "location": "West US",
        "properties": {
          "replicaCount": 1,
          "partitionCount": 1,
          "status": "provisioning",
          "statusDetails": "",
          "provisioningState": "provisioning",
          "hostingMode": "Default",
          "publicNetworkAccess": "Enabled",
          "networkRuleSet": {
            "ipRules": [],
            "bypass": "None"
          },
          "privateEndpointConnections": [],
          "sharedPrivateLinkResources": []
        },
        "sku": {
          "name": "standard"
        }
      }
    },
    {
      "RequestUri": "https://management.azure.com/subscriptions/00000000-0000-0000-0000-000000000000/resourceGroups/772d25ec/providers/Microsoft.Search/searchServices/ptvstestsearch?api-version=2020-08-01",
      "RequestMethod": "GET",
      "RequestHeaders": {
        "Accept": "*/*",
        "Accept-Encoding": "gzip, deflate",
        "Connection": "keep-alive",
        "User-Agent": "azsdk-python-mgmt-search/0.0.0 (it should be stable) Python/3.8.13 (Linux-5.13.0-1031-azure-x86_64-with-glibc2.2.5) VSTS_0fb41ef4-5012-48a9-bf39-4ee3de03ee35_build_2500_0"
      },
      "RequestBody": null,
      "StatusCode": 200,
      "ResponseHeaders": {
        "Cache-Control": "no-cache",
        "Content-Encoding": "gzip",
        "Content-Type": "application/json; charset=utf-8",
        "Date": "Fri, 15 Jul 2022 07:40:33 GMT",
        "elapsed-time": "190",
        "ETag": "W/\u0022datetime\u00272022-07-15T07%3A27%3A53.7944605Z\u0027\u0022",
        "Expires": "-1",
        "Pragma": "no-cache",
        "request-id": "9cf3b937-040f-11ed-9e13-459a8cbfdb79",
        "Strict-Transport-Security": "max-age=31536000; includeSubDomains",
        "Transfer-Encoding": "chunked",
        "Vary": [
          "Accept-Encoding",
          "Accept-Encoding"
        ],
        "X-Content-Type-Options": "nosniff",
        "x-ms-correlation-request-id": "06016800-fedd-4c04-84b6-e3691c8bec88",
        "x-ms-ratelimit-remaining-subscription-reads": "11975",
        "x-ms-routing-request-id": "EASTUS:20220715T074034Z:06016800-fedd-4c04-84b6-e3691c8bec88"
      },
      "ResponseBody": {
        "id": "/subscriptions/00000000-0000-0000-0000-000000000000/resourceGroups/772d25ec/providers/Microsoft.Search/searchServices/ptvstestsearch",
        "name": "ptvstestsearch",
        "type": "Microsoft.Search/searchServices",
        "location": "West US",
        "properties": {
          "replicaCount": 1,
          "partitionCount": 1,
          "status": "running",
          "statusDetails": "",
          "provisioningState": "succeeded",
          "hostingMode": "Default",
          "publicNetworkAccess": "Enabled",
          "networkRuleSet": {
            "ipRules": [],
            "bypass": "None"
          },
          "privateEndpointConnections": [],
          "sharedPrivateLinkResources": []
        },
        "sku": {
          "name": "standard"
        }
      }
    },
    {
      "RequestUri": "https://management.azure.com/subscriptions/00000000-0000-0000-0000-000000000000/providers/Microsoft.Search/checkNameAvailability?api-version=2020-08-01",
      "RequestMethod": "POST",
      "RequestHeaders": {
        "Accept": "application/json",
        "Accept-Encoding": "gzip, deflate",
        "Connection": "keep-alive",
        "Content-Length": "52",
        "Content-Type": "application/json",
        "User-Agent": "azsdk-python-mgmt-search/0.0.0 (it should be stable) Python/3.8.13 (Linux-5.13.0-1031-azure-x86_64-with-glibc2.2.5) VSTS_0fb41ef4-5012-48a9-bf39-4ee3de03ee35_build_2500_0"
      },
      "RequestBody": {
        "name": "ptvstestsearch",
        "type": "searchServices"
      },
      "StatusCode": 200,
      "ResponseHeaders": {
        "Cache-Control": "no-cache",
        "Content-Encoding": "gzip",
        "Content-Type": "application/json; charset=utf-8",
        "Date": "Fri, 15 Jul 2022 07:40:34 GMT",
        "elapsed-time": "391",
        "Expires": "-1",
        "Pragma": "no-cache",
        "request-id": "6912deb0-0411-11ed-9e13-459a8cbfdb79",
        "Strict-Transport-Security": "max-age=31536000; includeSubDomains",
        "Transfer-Encoding": "chunked",
        "Vary": [
          "Accept-Encoding",
          "Accept-Encoding"
        ],
        "X-Content-Type-Options": "nosniff",
        "x-ms-correlation-request-id": "0a04e5da-7d79-404b-97f2-fb9a70d2acb6",
        "x-ms-ratelimit-remaining-subscription-writes": "1198",
        "x-ms-routing-request-id": "EASTUS:20220715T074034Z:0a04e5da-7d79-404b-97f2-fb9a70d2acb6"
      },
      "ResponseBody": {
        "nameAvailable": false,
        "reason": "AlreadyExists",
        "message": null
      }
    },
    {
      "RequestUri": "https://management.azure.com/subscriptions/00000000-0000-0000-0000-000000000000/resourceGroups/772d25ec/providers/Microsoft.Search/searchServices/ptvstestsearch?api-version=2020-08-01",
      "RequestMethod": "GET",
      "RequestHeaders": {
        "Accept": "application/json",
        "Accept-Encoding": "gzip, deflate",
        "Connection": "keep-alive",
        "User-Agent": "azsdk-python-mgmt-search/0.0.0 (it should be stable) Python/3.8.13 (Linux-5.13.0-1031-azure-x86_64-with-glibc2.2.5) VSTS_0fb41ef4-5012-48a9-bf39-4ee3de03ee35_build_2500_0"
      },
      "RequestBody": null,
      "StatusCode": 200,
      "ResponseHeaders": {
        "Cache-Control": "no-cache",
        "Content-Encoding": "gzip",
        "Content-Type": "application/json; charset=utf-8",
        "Date": "Fri, 15 Jul 2022 07:40:34 GMT",
        "elapsed-time": "173",
        "ETag": "W/\u0022datetime\u00272022-07-15T07%3A27%3A53.7944605Z\u0027\u0022",
        "Expires": "-1",
        "Pragma": "no-cache",
        "request-id": "6912deb1-0411-11ed-9e13-459a8cbfdb79",
        "Strict-Transport-Security": "max-age=31536000; includeSubDomains",
        "Transfer-Encoding": "chunked",
        "Vary": [
          "Accept-Encoding",
          "Accept-Encoding"
        ],
        "X-Content-Type-Options": "nosniff",
        "x-ms-correlation-request-id": "7f211c41-118a-4382-8d9b-fe2a7256bd26",
        "x-ms-ratelimit-remaining-subscription-reads": "11974",
        "x-ms-routing-request-id": "EASTUS:20220715T074035Z:7f211c41-118a-4382-8d9b-fe2a7256bd26"
      },
      "ResponseBody": {
        "id": "/subscriptions/00000000-0000-0000-0000-000000000000/resourceGroups/772d25ec/providers/Microsoft.Search/searchServices/ptvstestsearch",
        "name": "ptvstestsearch",
        "type": "Microsoft.Search/searchServices",
        "location": "West US",
        "properties": {
          "replicaCount": 1,
          "partitionCount": 1,
          "status": "running",
          "statusDetails": "",
          "provisioningState": "succeeded",
          "hostingMode": "Default",
          "publicNetworkAccess": "Enabled",
          "networkRuleSet": {
            "ipRules": [],
            "bypass": "None"
          },
          "privateEndpointConnections": [],
          "sharedPrivateLinkResources": []
        },
        "sku": {
          "name": "standard"
        }
      }
    },
    {
      "RequestUri": "https://management.azure.com/subscriptions/00000000-0000-0000-0000-000000000000/resourceGroups/772d25ec/providers/Microsoft.Search/searchServices?api-version=2020-08-01",
      "RequestMethod": "GET",
      "RequestHeaders": {
        "Accept": "application/json",
        "Accept-Encoding": "gzip, deflate",
        "Connection": "keep-alive",
        "User-Agent": "azsdk-python-mgmt-search/0.0.0 (it should be stable) Python/3.8.13 (Linux-5.13.0-1031-azure-x86_64-with-glibc2.2.5) VSTS_0fb41ef4-5012-48a9-bf39-4ee3de03ee35_build_2500_0"
      },
      "RequestBody": null,
      "StatusCode": 200,
      "ResponseHeaders": {
        "Cache-Control": "no-cache",
        "Content-Encoding": "gzip",
        "Content-Type": "application/json; charset=utf-8",
        "Date": "Fri, 15 Jul 2022 07:40:36 GMT",
        "elapsed-time": "1088",
        "Expires": "-1",
        "Pragma": "no-cache",
        "request-id": "6912deb2-0411-11ed-9e13-459a8cbfdb79",
        "Strict-Transport-Security": "max-age=31536000; includeSubDomains",
        "Transfer-Encoding": "chunked",
        "Vary": [
          "Accept-Encoding",
          "Accept-Encoding"
        ],
        "X-Content-Type-Options": "nosniff",
        "x-ms-correlation-request-id": "6fe5c7f0-935e-4141-a7f7-a4826bf41e15",
        "x-ms-ratelimit-remaining-subscription-reads": "11973",
        "x-ms-routing-request-id": "EASTUS:20220715T074036Z:6fe5c7f0-935e-4141-a7f7-a4826bf41e15"
      },
      "ResponseBody": {
        "value": [
          {
            "id": "/subscriptions/00000000-0000-0000-0000-000000000000/resourceGroups/772d25ec/providers/Microsoft.Search/searchServices/ptvstestsearch",
            "name": "ptvstestsearch",
            "type": "Microsoft.Search/searchServices",
            "location": "West US",
            "properties": {
              "replicaCount": 1,
              "partitionCount": 1,
              "status": "running",
              "statusDetails": "",
              "provisioningState": "succeeded",
              "hostingMode": "Default",
              "publicNetworkAccess": "Enabled",
              "networkRuleSet": {
                "ipRules": [],
                "bypass": "None"
              },
              "privateEndpointConnections": [],
              "sharedPrivateLinkResources": [],
              "eTag": "W/\u0022datetime\u00272022-07-15T07%3A27%3A53.7944605Z\u0027\u0022"
            },
            "sku": {
              "name": "standard"
            }
          }
        ],
        "nextLink": null
      }
    },
    {
      "RequestUri": "https://management.azure.com/subscriptions/00000000-0000-0000-0000-000000000000/resourceGroups/772d25ec/providers/Microsoft.Search/searchServices/ptvstestsearch?api-version=2020-08-01",
      "RequestMethod": "DELETE",
      "RequestHeaders": {
        "Accept": "application/json",
        "Accept-Encoding": "gzip, deflate",
        "Connection": "keep-alive",
        "Content-Length": "0",
        "User-Agent": "azsdk-python-mgmt-search/0.0.0 (it should be stable) Python/3.8.13 (Linux-5.13.0-1031-azure-x86_64-with-glibc2.2.5) VSTS_0fb41ef4-5012-48a9-bf39-4ee3de03ee35_build_2500_0"
      },
      "RequestBody": null,
      "StatusCode": 200,
      "ResponseHeaders": {
        "Cache-Control": "no-cache",
        "Content-Length": "0",
        "Date": "Fri, 15 Jul 2022 07:40:40 GMT",
        "elapsed-time": "1072",
        "Expires": "-1",
        "Pragma": "no-cache",
        "request-id": "6a5c146c-0411-11ed-9e13-459a8cbfdb79",
        "Strict-Transport-Security": "max-age=31536000; includeSubDomains",
        "X-Content-Type-Options": "nosniff",
        "x-ms-correlation-request-id": "3ba2ba1b-b4ab-452d-b68d-23841b5434af",
        "x-ms-ratelimit-remaining-subscription-deletes": "14999",
        "x-ms-routing-request-id": "EASTUS:20220715T074041Z:3ba2ba1b-b4ab-452d-b68d-23841b5434af"
      },
      "ResponseBody": null
    }
  ],
  "Variables": {}
}
