interactions:
- request:
    body: '{"name": "test-syn-map-1", "format": "solr", "synonyms": "USA, United States,
      United States of America"}'
    headers:
      Accept:
      - application/json;odata.metadata=minimal
      Accept-Encoding:
      - gzip, deflate
      Connection:
      - keep-alive
      Content-Length:
      - '104'
      Content-Type:
      - application/json
      User-Agent:
      - azsdk-python-search-documents/11.1.0b2 Python/3.8.5 (Windows-10-10.0.19041-SP0)
    method: POST
    uri: https://search43c51a2c.search.windows.net/synonymmaps?api-version=2020-06-30-Preview
  response:
    body:
      string: '{"@odata.context":"https://search43c51a2c.search.windows.net/$metadata#synonymmaps/$entity","@odata.etag":"\"0x8D84B8A39AE83D4\"","name":"test-syn-map-1","format":"solr","synonyms":"USA,
        United States, United States of America","encryptionKey":null}'
    headers:
      cache-control:
      - no-cache
      content-length:
      - '249'
      content-type:
      - application/json; odata.metadata=minimal
      date:
      - Fri, 28 Aug 2020 19:40:31 GMT
      elapsed-time:
      - '116'
      etag:
      - W/"0x8D84B8A39AE83D4"
      expires:
      - '-1'
      location:
      - https://search43c51a2c.search.windows.net/synonymmaps('test-syn-map-1')?api-version=2020-06-30-Preview
      odata-version:
      - '4.0'
      pragma:
      - no-cache
      preference-applied:
      - odata.include-annotations="*"
      request-id:
      - 554c8258-e966-11ea-8bd7-5cf37071153c
      strict-transport-security:
      - max-age=15724800; includeSubDomains
    status:
      code: 201
      message: Created
- request:
    body: '{"name": "test-syn-map-2", "format": "solr", "synonyms": "Washington, Wash.
      => WA"}'
    headers:
      Accept:
      - application/json;odata.metadata=minimal
      Accept-Encoding:
      - gzip, deflate
      Connection:
      - keep-alive
      Content-Length:
      - '83'
      Content-Type:
      - application/json
      User-Agent:
      - azsdk-python-search-documents/11.1.0b2 Python/3.8.5 (Windows-10-10.0.19041-SP0)
    method: POST
    uri: https://search43c51a2c.search.windows.net/synonymmaps?api-version=2020-06-30-Preview
  response:
    body:
      string: '{"@odata.context":"https://search43c51a2c.search.windows.net/$metadata#synonymmaps/$entity","@odata.etag":"\"0x8D84B8A39CC2363\"","name":"test-syn-map-2","format":"solr","synonyms":"Washington,
        Wash. => WA","encryptionKey":null}'
    headers:
      cache-control:
      - no-cache
      content-length:
      - '228'
      content-type:
      - application/json; odata.metadata=minimal
      date:
      - Fri, 28 Aug 2020 19:40:31 GMT
      elapsed-time:
      - '28'
      etag:
      - W/"0x8D84B8A39CC2363"
      expires:
      - '-1'
      location:
      - https://search43c51a2c.search.windows.net/synonymmaps('test-syn-map-2')?api-version=2020-06-30-Preview
      odata-version:
      - '4.0'
      pragma:
      - no-cache
      preference-applied:
      - odata.include-annotations="*"
      request-id:
      - 55b92321-e966-11ea-b16d-5cf37071153c
      strict-transport-security:
      - max-age=15724800; includeSubDomains
    status:
      code: 201
      message: Created
- request:
    body: null
    headers:
      Accept:
      - application/json;odata.metadata=minimal
      Accept-Encoding:
      - gzip, deflate
      Connection:
      - keep-alive
      User-Agent:
      - azsdk-python-search-documents/11.1.0b2 Python/3.8.5 (Windows-10-10.0.19041-SP0)
    method: GET
    uri: https://search43c51a2c.search.windows.net/synonymmaps?api-version=2020-06-30-Preview
  response:
    body:
      string: '{"@odata.context":"https://search43c51a2c.search.windows.net/$metadata#synonymmaps","value":[{"@odata.etag":"\"0x8D84B8A39AE83D4\"","name":"test-syn-map-1","format":"solr","synonyms":"USA,
        United States, United States of America","encryptionKey":null},{"@odata.etag":"\"0x8D84B8A39CC2363\"","name":"test-syn-map-2","format":"solr","synonyms":"Washington,
        Wash. => WA","encryptionKey":null}]}'
    headers:
      cache-control:
      - no-cache
      content-length:
      - '391'
      content-type:
      - application/json; odata.metadata=minimal
      date:
      - Fri, 28 Aug 2020 19:40:31 GMT
      elapsed-time:
      - '66'
      expires:
      - '-1'
      odata-version:
      - '4.0'
      pragma:
      - no-cache
      preference-applied:
      - odata.include-annotations="*"
      request-id:
      - 55d63fb9-e966-11ea-a59a-5cf37071153c
      strict-transport-security:
      - max-age=15724800; includeSubDomains
      vary:
      - Accept-Encoding
    status:
      code: 200
      message: OK
version: 1
