interactions:
- request:
    body: '{"name": "hotels", "fields": [{"name": "hotelId", "type": "Edm.String",
      "key": true, "searchable": false}, {"name": "baseRate", "type": "Edm.Double"}],
      "scoringProfiles": [{"name": "MyProfile"}], "corsOptions": {"allowedOrigins":
      ["*"], "maxAgeInSeconds": 60}}'
    headers:
      Accept:
      - application/json;odata.metadata=minimal
      Accept-Encoding:
      - gzip, deflate
      Connection:
      - keep-alive
      Content-Length:
      - '260'
      Content-Type:
      - application/json
      User-Agent:
      - azsdk-python-search-documents/1.0.0b3 Python/3.7.3 (Windows-10-10.0.17763-SP0)
      api-key:
      - 0ABC8B358D4D85386822B456F8767860
    method: POST
    uri: https://searchbbd1469.search.windows.net/indexes?api-version=2019-05-06-Preview
  response:
    body:
      string: '{"@odata.context":"https://searchbbd1469.search.windows.net/$metadata#indexes/$entity","@odata.etag":"\"0x8D7ED714678528F\"","name":"hotels","defaultScoringProfile":null,"fields":[{"name":"hotelId","type":"Edm.String","searchable":false,"filterable":true,"retrievable":true,"sortable":true,"facetable":true,"key":true,"indexAnalyzer":null,"searchAnalyzer":null,"analyzer":null,"synonymMaps":[]},{"name":"baseRate","type":"Edm.Double","searchable":false,"filterable":true,"retrievable":true,"sortable":true,"facetable":true,"key":false,"indexAnalyzer":null,"searchAnalyzer":null,"analyzer":null,"synonymMaps":[]}],"scoringProfiles":[{"name":"MyProfile","functionAggregation":null,"text":null,"functions":[]}],"corsOptions":{"allowedOrigins":["*"],"maxAgeInSeconds":60},"suggesters":[],"analyzers":[],"tokenizers":[],"tokenFilters":[],"charFilters":[],"encryptionKey":null,"similarity":null}'
    headers:
      cache-control:
      - no-cache
      content-length:
      - '889'
      content-type:
      - application/json; odata.metadata=minimal
      date:
      - Fri, 01 May 2020 01:45:06 GMT
      elapsed-time:
      - '627'
      etag:
      - W/"0x8D7ED714678528F"
      expires:
      - '-1'
      location:
      - https://searchbbd1469.search.windows.net/indexes('hotels')?api-version=2019-05-06-Preview
      odata-version:
      - '4.0'
      pragma:
      - no-cache
      preference-applied:
      - odata.include-annotations="*"
      request-id:
      - 61fbe900-8b4d-11ea-aac9-2816a845e8c6
      strict-transport-security:
      - max-age=15724800; includeSubDomains
    status:
      code: 201
      message: Created
- request:
    body: '{"name": "hotels", "fields": [{"name": "hotelId", "type": "Edm.String",
      "key": true, "searchable": false}, {"name": "baseRate", "type": "Edm.Double"}],
      "scoringProfiles": [], "corsOptions": {"allowedOrigins": ["*"], "maxAgeInSeconds":
      60}}'
    headers:
      Accept:
      - application/json;odata.metadata=minimal
      Accept-Encoding:
      - gzip, deflate
      Connection:
      - keep-alive
      Content-Length:
      - '239'
      Content-Type:
      - application/json
      Prefer:
      - return=representation
      User-Agent:
      - azsdk-python-search-documents/1.0.0b3 Python/3.7.3 (Windows-10-10.0.17763-SP0)
      api-key:
      - 0ABC8B358D4D85386822B456F8767860
    method: PUT
    uri: https://searchbbd1469.search.windows.net/indexes('hotels')?api-version=2019-05-06-Preview
  response:
    body:
      string: '{"@odata.context":"https://searchbbd1469.search.windows.net/$metadata#indexes/$entity","@odata.etag":"\"0x8D7ED714695F21D\"","name":"hotels","defaultScoringProfile":null,"fields":[{"name":"hotelId","type":"Edm.String","searchable":false,"filterable":true,"retrievable":true,"sortable":true,"facetable":true,"key":true,"indexAnalyzer":null,"searchAnalyzer":null,"analyzer":null,"synonymMaps":[]},{"name":"baseRate","type":"Edm.Double","searchable":false,"filterable":true,"retrievable":true,"sortable":true,"facetable":true,"key":false,"indexAnalyzer":null,"searchAnalyzer":null,"analyzer":null,"synonymMaps":[]}],"scoringProfiles":[],"corsOptions":{"allowedOrigins":["*"],"maxAgeInSeconds":60},"suggesters":[],"analyzers":[],"tokenizers":[],"tokenFilters":[],"charFilters":[],"encryptionKey":null,"similarity":null}'
    headers:
      cache-control:
      - no-cache
      content-length:
      - '815'
      content-type:
      - application/json; odata.metadata=minimal
      date:
      - Fri, 01 May 2020 01:45:06 GMT
      elapsed-time:
      - '104'
      etag:
      - W/"0x8D7ED714695F21D"
      expires:
      - '-1'
      odata-version:
      - '4.0'
      pragma:
      - no-cache
      preference-applied:
      - odata.include-annotations="*"
      request-id:
      - 629611e8-8b4d-11ea-ad52-2816a845e8c6
      strict-transport-security:
      - max-age=15724800; includeSubDomains
      vary:
      - Accept-Encoding
    status:
      code: 200
      message: OK
- request:
    body: null
    headers:
      Accept:
      - application/json;odata.metadata=minimal
      Accept-Encoding:
      - gzip, deflate
      Connection:
      - keep-alive
      Content-Length:
      - '0'
      If-Match:
      - '"0x8D7ED714678528F"'
      User-Agent:
      - azsdk-python-search-documents/1.0.0b3 Python/3.7.3 (Windows-10-10.0.17763-SP0)
      api-key:
      - 0ABC8B358D4D85386822B456F8767860
    method: DELETE
    uri: https://searchbbd1469.search.windows.net/indexes('hotels')?api-version=2019-05-06-Preview
  response:
    body:
      string: '{"error":{"code":"","message":"The precondition given in one of the
        request headers evaluated to false. No change was made to the resource from
        this request."}}'
    headers:
      cache-control:
      - no-cache
      content-language:
      - en
      content-length:
      - '160'
      content-type:
      - application/json; odata.metadata=minimal
      date:
      - Fri, 01 May 2020 01:45:06 GMT
      elapsed-time:
      - '15'
      expires:
      - '-1'
      odata-version:
      - '4.0'
      pragma:
      - no-cache
      preference-applied:
      - odata.include-annotations="*"
      request-id:
      - 62b2aff8-8b4d-11ea-8440-2816a845e8c6
      strict-transport-security:
      - max-age=15724800; includeSubDomains
    status:
      code: 412
      message: Precondition Failed
version: 1
