interactions:
- request:
    body: '{"value": [{"hotelId": "1000", "rating": 1, "@search.action": "merge"},
      {"hotelId": "4", "rating": 2, "@search.action": "merge"}]}'
    headers:
      Accept:
      - application/json;odata.metadata=none
      Accept-Encoding:
      - gzip, deflate
      Connection:
      - keep-alive
      Content-Length:
      - '130'
      Content-Type:
      - application/json
      User-Agent:
      - azsdk-python-search-documents/11.1.0b2 Python/3.8.5 (Windows-10-10.0.19041-SP0)
      api-key:
      - 16C599940A6C6843DECB687F5CEB0063
    method: POST
    uri: https://searchbf911be7.search.windows.net/indexes('drgqefsg')/docs/search.index?api-version=2020-06-30
  response:
    body:
      string: '{"value":[{"key":"1000","status":false,"errorMessage":"Document not
        found.","statusCode":404},{"key":"4","status":true,"errorMessage":null,"statusCode":200}]}'
    headers:
      cache-control:
      - no-cache
      content-length:
      - '158'
      content-type:
      - application/json; odata.metadata=none
      date:
      - Wed, 19 Aug 2020 20:23:50 GMT
      elapsed-time:
      - '147'
      expires:
      - '-1'
      odata-version:
      - '4.0'
      pragma:
      - no-cache
      preference-applied:
      - odata.include-annotations="*"
      request-id:
      - e41826de-e259-11ea-a975-5cf37071153c
      strict-transport-security:
      - max-age=15724800; includeSubDomains
      vary:
      - Accept-Encoding
    status:
      code: 207
      message: Multi-Status
- request:
    body: null
    headers:
      Accept:
      - application/json;odata.metadata=none
      Accept-Encoding:
      - gzip, deflate
      Connection:
      - keep-alive
      User-Agent:
      - azsdk-python-searchserviceclient/unknown Python/3.8.5 (Windows-10-10.0.19041-SP0)
      api-key:
      - 16C599940A6C6843DECB687F5CEB0063
    method: GET
    uri: https://searchbf911be7.search.windows.net/indexes('drgqefsg')?api-version=2020-06-30
  response:
    body:
      string: '{"name":"drgqefsg","defaultScoringProfile":null,"fields":[{"name":"hotelId","type":"Edm.String","searchable":false,"filterable":true,"retrievable":true,"sortable":true,"facetable":true,"key":true,"indexAnalyzer":null,"searchAnalyzer":null,"analyzer":null,"synonymMaps":[]},{"name":"hotelName","type":"Edm.String","searchable":true,"filterable":true,"retrievable":true,"sortable":true,"facetable":false,"key":false,"indexAnalyzer":null,"searchAnalyzer":null,"analyzer":null,"synonymMaps":[]},{"name":"description","type":"Edm.String","searchable":true,"filterable":false,"retrievable":true,"sortable":false,"facetable":false,"key":false,"indexAnalyzer":null,"searchAnalyzer":null,"analyzer":"en.lucene","synonymMaps":[]},{"name":"descriptionFr","type":"Edm.String","searchable":true,"filterable":false,"retrievable":true,"sortable":false,"facetable":false,"key":false,"indexAnalyzer":null,"searchAnalyzer":null,"analyzer":"fr.lucene","synonymMaps":[]},{"name":"category","type":"Edm.String","searchable":true,"filterable":true,"retrievable":true,"sortable":true,"facetable":true,"key":false,"indexAnalyzer":null,"searchAnalyzer":null,"analyzer":null,"synonymMaps":[]},{"name":"tags","type":"Collection(Edm.String)","searchable":true,"filterable":true,"retrievable":true,"sortable":false,"facetable":true,"key":false,"indexAnalyzer":null,"searchAnalyzer":null,"analyzer":null,"synonymMaps":[]},{"name":"parkingIncluded","type":"Edm.Boolean","searchable":false,"filterable":true,"retrievable":true,"sortable":true,"facetable":true,"key":false,"indexAnalyzer":null,"searchAnalyzer":null,"analyzer":null,"synonymMaps":[]},{"name":"smokingAllowed","type":"Edm.Boolean","searchable":false,"filterable":true,"retrievable":true,"sortable":true,"facetable":true,"key":false,"indexAnalyzer":null,"searchAnalyzer":null,"analyzer":null,"synonymMaps":[]},{"name":"lastRenovationDate","type":"Edm.DateTimeOffset","searchable":false,"filterable":true,"retrievable":true,"sortable":true,"facetable":true,"key":false,"indexAnalyzer":null,"searchAnalyzer":null,"analyzer":null,"synonymMaps":[]},{"name":"rating","type":"Edm.Int32","searchable":false,"filterable":true,"retrievable":true,"sortable":true,"facetable":true,"key":false,"indexAnalyzer":null,"searchAnalyzer":null,"analyzer":null,"synonymMaps":[]},{"name":"location","type":"Edm.GeographyPoint","searchable":false,"filterable":true,"retrievable":true,"sortable":true,"facetable":false,"key":false,"indexAnalyzer":null,"searchAnalyzer":null,"analyzer":null,"synonymMaps":[]},{"name":"address","type":"Edm.ComplexType","fields":[{"name":"streetAddress","type":"Edm.String","searchable":true,"filterable":false,"retrievable":true,"sortable":false,"facetable":false,"key":false,"indexAnalyzer":null,"searchAnalyzer":null,"analyzer":null,"synonymMaps":[]},{"name":"city","type":"Edm.String","searchable":true,"filterable":true,"retrievable":true,"sortable":true,"facetable":true,"key":false,"indexAnalyzer":null,"searchAnalyzer":null,"analyzer":null,"synonymMaps":[]},{"name":"stateProvince","type":"Edm.String","searchable":true,"filterable":true,"retrievable":true,"sortable":true,"facetable":true,"key":false,"indexAnalyzer":null,"searchAnalyzer":null,"analyzer":null,"synonymMaps":[]},{"name":"country","type":"Edm.String","searchable":true,"filterable":true,"retrievable":true,"sortable":true,"facetable":true,"key":false,"indexAnalyzer":null,"searchAnalyzer":null,"analyzer":null,"synonymMaps":[]},{"name":"postalCode","type":"Edm.String","searchable":true,"filterable":true,"retrievable":true,"sortable":true,"facetable":true,"key":false,"indexAnalyzer":null,"searchAnalyzer":null,"analyzer":null,"synonymMaps":[]}]},{"name":"rooms","type":"Collection(Edm.ComplexType)","fields":[{"name":"description","type":"Edm.String","searchable":true,"filterable":false,"retrievable":true,"sortable":false,"facetable":false,"key":false,"indexAnalyzer":null,"searchAnalyzer":null,"analyzer":"en.lucene","synonymMaps":[]},{"name":"descriptionFr","type":"Edm.String","searchable":true,"filterable":false,"retrievable":true,"sortable":false,"facetable":false,"key":false,"indexAnalyzer":null,"searchAnalyzer":null,"analyzer":"fr.lucene","synonymMaps":[]},{"name":"type","type":"Edm.String","searchable":true,"filterable":true,"retrievable":true,"sortable":false,"facetable":true,"key":false,"indexAnalyzer":null,"searchAnalyzer":null,"analyzer":null,"synonymMaps":[]},{"name":"baseRate","type":"Edm.Double","searchable":false,"filterable":true,"retrievable":true,"sortable":false,"facetable":true,"key":false,"indexAnalyzer":null,"searchAnalyzer":null,"analyzer":null,"synonymMaps":[]},{"name":"bedOptions","type":"Edm.String","searchable":true,"filterable":true,"retrievable":true,"sortable":false,"facetable":true,"key":false,"indexAnalyzer":null,"searchAnalyzer":null,"analyzer":null,"synonymMaps":[]},{"name":"sleepsCount","type":"Edm.Int32","searchable":false,"filterable":true,"retrievable":true,"sortable":false,"facetable":true,"key":false,"indexAnalyzer":null,"searchAnalyzer":null,"analyzer":null,"synonymMaps":[]},{"name":"smokingAllowed","type":"Edm.Boolean","searchable":false,"filterable":true,"retrievable":true,"sortable":false,"facetable":true,"key":false,"indexAnalyzer":null,"searchAnalyzer":null,"analyzer":null,"synonymMaps":[]},{"name":"tags","type":"Collection(Edm.String)","searchable":true,"filterable":true,"retrievable":true,"sortable":false,"facetable":true,"key":false,"indexAnalyzer":null,"searchAnalyzer":null,"analyzer":null,"synonymMaps":[]}]}],"scoringProfiles":[{"name":"nearest","functionAggregation":"sum","text":null,"functions":[{"fieldName":"location","interpolation":"linear","type":"distance","boost":2.0,"freshness":null,"magnitude":null,"distance":{"referencePointParameter":"myloc","boostingDistance":100.0},"tag":null}]}],"corsOptions":null,"suggesters":[{"name":"sg","searchMode":"analyzingInfixMatching","sourceFields":["description","hotelName"]}],"analyzers":[],"tokenizers":[],"tokenFilters":[],"charFilters":[],"encryptionKey":null,"similarity":{"k1":null,"b":null}}'
    headers:
      cache-control:
      - no-cache
      content-length:
      - '6047'
      content-type:
      - application/json; odata.metadata=none
      date:
      - Wed, 19 Aug 2020 20:23:51 GMT
      elapsed-time:
      - '23'
      etag:
      - W/"0x8D8447DC6196B8A"
      expires:
      - '-1'
      odata-version:
      - '4.0'
      pragma:
      - no-cache
      preference-applied:
      - odata.include-annotations="*"
      request-id:
      - e4a702de-e259-11ea-8844-5cf37071153c
      strict-transport-security:
      - max-age=15724800; includeSubDomains
      vary:
      - Accept-Encoding
    status:
      code: 200
      message: OK
- request:
    body: null
    headers:
      Accept:
      - application/json;odata.metadata=none
      Accept-Encoding:
      - gzip, deflate
      Connection:
      - keep-alive
      User-Agent:
      - azsdk-python-search-documents/11.1.0b2 Python/3.8.5 (Windows-10-10.0.19041-SP0)
      api-key:
      - 16C599940A6C6843DECB687F5CEB0063
    method: GET
    uri: https://searchbf911be7.search.windows.net/indexes('drgqefsg')/docs/$count?api-version=2020-06-30
  response:
    body:
      string: "\uFEFF10"
    headers:
      cache-control:
      - no-cache
      content-length:
      - '5'
      content-type:
      - text/plain
      date:
      - Wed, 19 Aug 2020 20:23:55 GMT
      elapsed-time:
      - '4'
      expires:
      - '-1'
      odata-version:
      - '4.0'
      pragma:
      - no-cache
      preference-applied:
      - odata.include-annotations="*"
      request-id:
      - e6ec6e19-e259-11ea-b10a-5cf37071153c
      strict-transport-security:
      - max-age=15724800; includeSubDomains
      vary:
      - Accept-Encoding
    status:
      code: 200
      message: OK
- request:
    body: null
    headers:
      Accept:
      - application/json;odata.metadata=none
      Accept-Encoding:
      - gzip, deflate
      Connection:
      - keep-alive
      User-Agent:
      - azsdk-python-search-documents/11.1.0b2 Python/3.8.5 (Windows-10-10.0.19041-SP0)
      api-key:
      - 16C599940A6C6843DECB687F5CEB0063
    method: GET
    uri: https://searchbf911be7.search.windows.net/indexes('drgqefsg')/docs('1000')?api-version=2020-06-30
  response:
    body:
      string: ''
    headers:
      cache-control:
      - no-cache
      content-length:
      - '0'
      date:
      - Wed, 19 Aug 2020 20:23:55 GMT
      elapsed-time:
      - '27'
      expires:
      - '-1'
      pragma:
      - no-cache
      request-id:
      - e765f3cf-e259-11ea-92ed-5cf37071153c
      strict-transport-security:
      - max-age=15724800; includeSubDomains
    status:
      code: 404
      message: Not Found
- request:
    body: null
    headers:
      Accept:
      - application/json;odata.metadata=none
      Accept-Encoding:
      - gzip, deflate
      Connection:
      - keep-alive
      User-Agent:
      - azsdk-python-search-documents/11.1.0b2 Python/3.8.5 (Windows-10-10.0.19041-SP0)
      api-key:
      - 16C599940A6C6843DECB687F5CEB0063
    method: GET
    uri: https://searchbf911be7.search.windows.net/indexes('drgqefsg')/docs('4')?api-version=2020-06-30
  response:
    body:
      string: '{"hotelId":"4","hotelName":"Express Rooms","description":"Pretty good
        hotel","descriptionFr":"Assez bon h\u00f4tel","category":"Budget","tags":["wifi","budget"],"parkingIncluded":true,"smokingAllowed":false,"lastRenovationDate":"1995-07-01T00:00:00Z","rating":2,"location":{"type":"Point","coordinates":[-122.131577,48.678581],"crs":{"type":"name","properties":{"name":"EPSG:4326"}}},"address":null,"rooms":[]}'
    headers:
      cache-control:
      - no-cache
      content-length:
      - '410'
      content-type:
      - application/json; odata.metadata=none
      date:
      - Wed, 19 Aug 2020 20:23:55 GMT
      elapsed-time:
      - '17'
      expires:
      - '-1'
      odata-version:
      - '4.0'
      pragma:
      - no-cache
      preference-applied:
      - odata.include-annotations="*"
      request-id:
      - e790956f-e259-11ea-98ca-5cf37071153c
      strict-transport-security:
      - max-age=15724800; includeSubDomains
      vary:
      - Accept-Encoding
    status:
      code: 200
      message: OK
version: 1
