interactions:
- request:
    body: '{"value": [{"hotelId": "3", "@search.action": "delete"}, {"hotelId": "4",
      "@search.action": "delete"}]}'
    headers:
      Accept:
      - application/json;odata.metadata=none
      Accept-Encoding:
      - gzip, deflate
      Connection:
      - keep-alive
      Content-Length:
      - '103'
      Content-Type:
      - application/json
      User-Agent:
      - azsdk-python-search-documents/1.0.0b2 Python/3.6.3 (Windows-10-10.0.18362-SP0)
      api-key:
      - 6760D2938CA1AFC88A814BB59F0EC04D
    method: POST
    uri: https://searchbc401302.search.windows.net/indexes('drgqefsg')/docs/search.index?api-version=2019-05-06-Preview
  response:
    body:
      string: '{"value":[{"key":"3","status":true,"errorMessage":null,"statusCode":200},{"key":"4","status":true,"errorMessage":null,"statusCode":200}]}'
    headers:
      cache-control:
      - no-cache
      content-length:
      - '137'
      content-type:
      - application/json; odata.metadata=none
      date:
      - Mon, 30 Mar 2020 22:35:30 GMT
      elapsed-time:
      - '81'
      expires:
      - '-1'
      odata-version:
      - '4.0'
      pragma:
      - no-cache
      preference-applied:
      - odata.include-annotations="*"
      request-id:
      - c3504848-72d6-11ea-9894-5cf37071153c
      strict-transport-security:
      - max-age=15724800; includeSubDomains
      vary:
      - Accept-Encoding
    status:
      code: 200
      message: OK
- request:
    body: null
    headers:
      Accept:
      - application/json;odata.metadata=none
      Accept-Encoding:
      - gzip, deflate
      Connection:
      - keep-alive
      User-Agent:
      - azsdk-python-search-documents/1.0.0b2 Python/3.6.3 (Windows-10-10.0.18362-SP0)
      api-key:
      - 6760D2938CA1AFC88A814BB59F0EC04D
    method: GET
    uri: https://searchbc401302.search.windows.net/indexes('drgqefsg')/docs/$count?api-version=2019-05-06-Preview
  response:
    body:
      string: "\uFEFF8"
    headers:
      cache-control:
      - no-cache
      content-length:
      - '4'
      content-type:
      - text/plain
      date:
      - Mon, 30 Mar 2020 22:35:34 GMT
      elapsed-time:
      - '24'
      expires:
      - '-1'
      odata-version:
      - '4.0'
      pragma:
      - no-cache
      preference-applied:
      - odata.include-annotations="*"
      request-id:
      - c55de7a2-72d6-11ea-8888-5cf37071153c
      strict-transport-security:
      - max-age=15724800; includeSubDomains
      vary:
      - Accept-Encoding
    status:
      code: 200
      message: OK
- request:
    body: null
    headers:
      Accept:
      - application/json;odata.metadata=none
      Accept-Encoding:
      - gzip, deflate
      Connection:
      - keep-alive
      User-Agent:
      - azsdk-python-search-documents/1.0.0b2 Python/3.6.3 (Windows-10-10.0.18362-SP0)
      api-key:
      - 6760D2938CA1AFC88A814BB59F0EC04D
    method: GET
    uri: https://searchbc401302.search.windows.net/indexes('drgqefsg')/docs('3')?api-version=2019-05-06-Preview
  response:
    body:
      string: ''
    headers:
      cache-control:
      - no-cache
      content-length:
      - '0'
      date:
      - Mon, 30 Mar 2020 22:35:34 GMT
      elapsed-time:
      - '24'
      expires:
      - '-1'
      pragma:
      - no-cache
      request-id:
      - c59e7328-72d6-11ea-9802-5cf37071153c
      strict-transport-security:
      - max-age=15724800; includeSubDomains
    status:
      code: 404
      message: Not Found
- request:
    body: null
    headers:
      Accept:
      - application/json;odata.metadata=none
      Accept-Encoding:
      - gzip, deflate
      Connection:
      - keep-alive
      User-Agent:
      - azsdk-python-search-documents/1.0.0b2 Python/3.6.3 (Windows-10-10.0.18362-SP0)
      api-key:
      - 6760D2938CA1AFC88A814BB59F0EC04D
    method: GET
    uri: https://searchbc401302.search.windows.net/indexes('drgqefsg')/docs('4')?api-version=2019-05-06-Preview
  response:
    body:
      string: ''
    headers:
      cache-control:
      - no-cache
      content-length:
      - '0'
      date:
      - Mon, 30 Mar 2020 22:35:34 GMT
      elapsed-time:
      - '5'
      expires:
      - '-1'
      pragma:
      - no-cache
      request-id:
      - c5bb3062-72d6-11ea-aa21-5cf37071153c
      strict-transport-security:
      - max-age=15724800; includeSubDomains
    status:
      code: 404
      message: Not Found
version: 1
