interactions:
- request:
    body: 'b''{"name": "sample-datasource", "type": "azureblob", "credentials": {"connectionString":
      "connection_string"}, "container": {"name": "searchcontainer"}}'''
    headers:
      Accept:
      - application/json;odata.metadata=minimal
      Accept-Encoding:
      - gzip, deflate
      Connection:
      - keep-alive
      Content-Length:
      - '321'
      Content-Type:
      - application/json
      User-Agent:
      - azsdk-python-search-documents/1.0.0b3 Python/3.7.3 (Windows-10-10.0.17763-SP0)
      api-key:
      - 9E6C3CF9019ACCA2B66CCE69981C8123
    method: POST
    uri: https://search21c10f2e.search.windows.net/datasources?api-version=2019-05-06-Preview
  response:
    body:
      string: '{"@odata.context":"https://search21c10f2e.search.windows.net/$metadata#datasources/$entity","@odata.etag":"\"0x8D7ED5125E3C05D\"","name":"sample-datasource","description":null,"type":"azureblob","subtype":null,"credentials":{"connectionString":null},"container":{"name":"searchcontainer","query":null},"dataChangeDetectionPolicy":null,"dataDeletionDetectionPolicy":null}'
    headers:
      cache-control:
      - no-cache
      content-length:
      - '370'
      content-type:
      - application/json; odata.metadata=minimal
      date:
      - Thu, 30 Apr 2020 21:55:07 GMT
      elapsed-time:
      - '30'
      etag:
      - W/"0x8D7ED5125E3C05D"
      expires:
      - '-1'
      location:
      - https://search21c10f2e.search.windows.net/datasources('sample-datasource')?api-version=2019-05-06-Preview
      odata-version:
      - '4.0'
      pragma:
      - no-cache
      preference-applied:
      - odata.include-annotations="*"
      request-id:
      - 41a4e0ac-8b2d-11ea-80e0-2816a845e8c6
      strict-transport-security:
      - max-age=15724800; includeSubDomains
    status:
      code: 201
      message: Created
- request:
    body: '{"name": "hotels", "fields": [{"name": "hotelId", "type": "Edm.String",
      "key": true, "searchable": false}]}'
    headers:
      Accept:
      - application/json;odata.metadata=minimal
      Accept-Encoding:
      - gzip, deflate
      Connection:
      - keep-alive
      Content-Length:
      - '107'
      Content-Type:
      - application/json
      User-Agent:
      - azsdk-python-search-documents/1.0.0b3 Python/3.7.3 (Windows-10-10.0.17763-SP0)
      api-key:
      - 9E6C3CF9019ACCA2B66CCE69981C8123
    method: POST
    uri: https://search21c10f2e.search.windows.net/indexes?api-version=2019-05-06-Preview
  response:
    body:
      string: '{"@odata.context":"https://search21c10f2e.search.windows.net/$metadata#indexes/$entity","@odata.etag":"\"0x8D7ED5126BDF45D\"","name":"hotels","defaultScoringProfile":null,"fields":[{"name":"hotelId","type":"Edm.String","searchable":false,"filterable":true,"retrievable":true,"sortable":true,"facetable":true,"key":true,"indexAnalyzer":null,"searchAnalyzer":null,"analyzer":null,"synonymMaps":[]}],"scoringProfiles":[],"corsOptions":null,"suggesters":[],"analyzers":[],"tokenizers":[],"tokenFilters":[],"charFilters":[],"encryptionKey":null,"similarity":null}'
    headers:
      cache-control:
      - no-cache
      content-length:
      - '558'
      content-type:
      - application/json; odata.metadata=minimal
      date:
      - Thu, 30 Apr 2020 21:55:09 GMT
      elapsed-time:
      - '1090'
      etag:
      - W/"0x8D7ED5126BDF45D"
      expires:
      - '-1'
      location:
      - https://search21c10f2e.search.windows.net/indexes('hotels')?api-version=2019-05-06-Preview
      odata-version:
      - '4.0'
      pragma:
      - no-cache
      preference-applied:
      - odata.include-annotations="*"
      request-id:
      - 41e982d2-8b2d-11ea-aac9-2816a845e8c6
      strict-transport-security:
      - max-age=15724800; includeSubDomains
    status:
      code: 201
      message: Created
- request:
    body: '{"name": "sample-indexer", "dataSourceName": "sample-datasource", "targetIndexName":
      "hotels", "disabled": false}'
    headers:
      Accept:
      - application/json;odata.metadata=minimal
      Accept-Encoding:
      - gzip, deflate
      Connection:
      - keep-alive
      Content-Length:
      - '113'
      Content-Type:
      - application/json
      User-Agent:
      - azsdk-python-search-documents/1.0.0b3 Python/3.7.3 (Windows-10-10.0.17763-SP0)
      api-key:
      - 9E6C3CF9019ACCA2B66CCE69981C8123
    method: POST
    uri: https://search21c10f2e.search.windows.net/indexers?api-version=2019-05-06-Preview
  response:
    body:
      string: '{"@odata.context":"https://search21c10f2e.search.windows.net/$metadata#indexers/$entity","@odata.etag":"\"0x8D7ED5127191D3F\"","name":"sample-indexer","description":null,"dataSourceName":"sample-datasource","skillsetName":null,"targetIndexName":"hotels","disabled":false,"schedule":null,"parameters":null,"fieldMappings":[],"outputFieldMappings":[],"cache":null}'
    headers:
      cache-control:
      - no-cache
      content-length:
      - '362'
      content-type:
      - application/json; odata.metadata=minimal
      date:
      - Thu, 30 Apr 2020 21:55:10 GMT
      elapsed-time:
      - '201'
      etag:
      - W/"0x8D7ED5127191D3F"
      expires:
      - '-1'
      location:
      - https://search21c10f2e.search.windows.net/indexers('sample-indexer')?api-version=2019-05-06-Preview
      odata-version:
      - '4.0'
      pragma:
      - no-cache
      preference-applied:
      - odata.include-annotations="*"
      request-id:
      - 42cbcdde-8b2d-11ea-ac7d-2816a845e8c6
      strict-transport-security:
      - max-age=15724800; includeSubDomains
    status:
      code: 201
      message: Created
- request:
    body: null
    headers:
      Accept:
      - application/json;odata.metadata=minimal
      Accept-Encoding:
      - gzip, deflate
      Connection:
      - keep-alive
      User-Agent:
      - azsdk-python-search-documents/1.0.0b3 Python/3.7.3 (Windows-10-10.0.17763-SP0)
      api-key:
      - 9E6C3CF9019ACCA2B66CCE69981C8123
    method: GET
    uri: https://search21c10f2e.search.windows.net/indexers?api-version=2019-05-06-Preview
  response:
    body:
      string: '{"@odata.context":"https://search21c10f2e.search.windows.net/$metadata#indexers","value":[{"@odata.etag":"\"0x8D7ED5127191D3F\"","name":"sample-indexer","description":null,"dataSourceName":"sample-datasource","skillsetName":null,"targetIndexName":"hotels","disabled":false,"schedule":null,"parameters":null,"fieldMappings":[],"outputFieldMappings":[],"cache":null}]}'
    headers:
      cache-control:
      - no-cache
      content-length:
      - '366'
      content-type:
      - application/json; odata.metadata=minimal
      date:
      - Thu, 30 Apr 2020 21:55:10 GMT
      elapsed-time:
      - '8'
      expires:
      - '-1'
      odata-version:
      - '4.0'
      pragma:
      - no-cache
      preference-applied:
      - odata.include-annotations="*"
      request-id:
      - 43260b80-8b2d-11ea-b5d2-2816a845e8c6
      strict-transport-security:
      - max-age=15724800; includeSubDomains
      vary:
      - Accept-Encoding
    status:
      code: 200
      message: OK
- request:
    body: null
    headers:
      Accept:
      - application/json;odata.metadata=minimal
      Accept-Encoding:
      - gzip, deflate
      Connection:
      - keep-alive
      Content-Length:
      - '0'
      User-Agent:
      - azsdk-python-search-documents/1.0.0b3 Python/3.7.3 (Windows-10-10.0.17763-SP0)
      api-key:
      - 9E6C3CF9019ACCA2B66CCE69981C8123
    method: DELETE
    uri: https://search21c10f2e.search.windows.net/indexers('sample-indexer')?api-version=2019-05-06-Preview
  response:
    body:
      string: ''
    headers:
      cache-control:
      - no-cache
      date:
      - Thu, 30 Apr 2020 21:55:10 GMT
      elapsed-time:
      - '99'
      expires:
      - '-1'
      pragma:
      - no-cache
      request-id:
      - 4337b16e-8b2d-11ea-a646-2816a845e8c6
      strict-transport-security:
      - max-age=15724800; includeSubDomains
    status:
      code: 204
      message: No Content
- request:
    body: null
    headers:
      Accept:
      - application/json;odata.metadata=minimal
      Accept-Encoding:
      - gzip, deflate
      Connection:
      - keep-alive
      User-Agent:
      - azsdk-python-search-documents/1.0.0b3 Python/3.7.3 (Windows-10-10.0.17763-SP0)
      api-key:
      - 9E6C3CF9019ACCA2B66CCE69981C8123
    method: GET
    uri: https://search21c10f2e.search.windows.net/indexers?api-version=2019-05-06-Preview
  response:
    body:
      string: '{"@odata.context":"https://search21c10f2e.search.windows.net/$metadata#indexers","value":[]}'
    headers:
      cache-control:
      - no-cache
      content-length:
      - '92'
      content-type:
      - application/json; odata.metadata=minimal
      date:
      - Thu, 30 Apr 2020 21:55:10 GMT
      elapsed-time:
      - '4'
      expires:
      - '-1'
      odata-version:
      - '4.0'
      pragma:
      - no-cache
      preference-applied:
      - odata.include-annotations="*"
      request-id:
      - 435622e2-8b2d-11ea-97eb-2816a845e8c6
      strict-transport-security:
      - max-age=15724800; includeSubDomains
      vary:
      - Accept-Encoding
    status:
      code: 200
      message: OK
version: 1
