interactions:
- request:
    body: '{"name": "sample-datasource", "type": "azureblob", "credentials": {"connectionString":
      "DefaultEndpointsProtocol=https;AccountName=storagename;AccountKey=NzhL3hKZbJBuJ2484dPTR+xF30kYaWSSCbs2BzLgVVI1woqeST/1IgqaLm6QAOTxtGvxctSNbIR/1hW8yH+bJg==;EndpointSuffix=core.windows.net"},
      "container": {"name": "searchcontainer"}}'
    headers:
      Accept:
      - application/json;odata.metadata=minimal
      Accept-Encoding:
      - gzip, deflate
      Connection:
      - keep-alive
      Content-Length:
      - '319'
      Content-Type:
      - application/json
      User-Agent:
      - azsdk-python-search-documents/11.3.0b3 Python/3.9.2 (Windows-10-10.0.19041-SP0)
    method: POST
    uri: https://search22291976.search.windows.net/datasources?api-version=2021-04-30-Preview
  response:
    body:
      string: '{"@odata.context":"https://search22291976.search.windows.net/$metadata#datasources/$entity","@odata.etag":"\"0x8D96BF3422B172D\"","name":"sample-datasource","description":null,"type":"azureblob","subtype":null,"credentials":{"connectionString":null},"container":{"name":"searchcontainer","query":null},"dataChangeDetectionPolicy":null,"dataDeletionDetectionPolicy":null,"encryptionKey":null,"identity":null}'
    headers:
      cache-control:
      - no-cache
      content-length:
      - '407'
      content-type:
      - application/json; odata.metadata=minimal
      date:
      - Mon, 30 Aug 2021 20:17:58 GMT
      elapsed-time:
      - '47'
      etag:
      - W/"0x8D96BF3422B172D"
      expires:
      - '-1'
      location:
      - https://search22291976.search.windows.net/datasources('sample-datasource')?api-version=2021-04-30-Preview
      odata-version:
      - '4.0'
      pragma:
      - no-cache
      preference-applied:
      - odata.include-annotations="*"
      request-id:
      - 5df7d68f-09cf-11ec-b7d1-74c63bed1137
      strict-transport-security:
      - max-age=15724800; includeSubDomains
    status:
      code: 201
      message: Created
- request:
    body: '{"name": "another-sample", "type": "azureblob", "credentials": {"connectionString":
      "DefaultEndpointsProtocol=https;AccountName=storagename;AccountKey=NzhL3hKZbJBuJ2484dPTR+xF30kYaWSSCbs2BzLgVVI1woqeST/1IgqaLm6QAOTxtGvxctSNbIR/1hW8yH+bJg==;EndpointSuffix=core.windows.net"},
      "container": {"name": "searchcontainer"}}'
    headers:
      Accept:
      - application/json;odata.metadata=minimal
      Accept-Encoding:
      - gzip, deflate
      Connection:
      - keep-alive
      Content-Length:
      - '316'
      Content-Type:
      - application/json
      User-Agent:
      - azsdk-python-search-documents/11.3.0b3 Python/3.9.2 (Windows-10-10.0.19041-SP0)
    method: POST
    uri: https://search22291976.search.windows.net/datasources?api-version=2021-04-30-Preview
  response:
    body:
      string: '{"@odata.context":"https://search22291976.search.windows.net/$metadata#datasources/$entity","@odata.etag":"\"0x8D96BF342379CA3\"","name":"another-sample","description":null,"type":"azureblob","subtype":null,"credentials":{"connectionString":null},"container":{"name":"searchcontainer","query":null},"dataChangeDetectionPolicy":null,"dataDeletionDetectionPolicy":null,"encryptionKey":null,"identity":null}'
    headers:
      cache-control:
      - no-cache
      content-length:
      - '404'
      content-type:
      - application/json; odata.metadata=minimal
      date:
      - Mon, 30 Aug 2021 20:17:58 GMT
      elapsed-time:
      - '35'
      etag:
      - W/"0x8D96BF342379CA3"
      expires:
      - '-1'
      location:
      - https://search22291976.search.windows.net/datasources('another-sample')?api-version=2021-04-30-Preview
      odata-version:
      - '4.0'
      pragma:
      - no-cache
      preference-applied:
      - odata.include-annotations="*"
      request-id:
      - 5e18ca0f-09cf-11ec-8d29-74c63bed1137
      strict-transport-security:
      - max-age=15724800; includeSubDomains
    status:
      code: 201
      message: Created
- request:
    body: null
    headers:
      Accept:
      - application/json;odata.metadata=minimal
      Accept-Encoding:
      - gzip, deflate
      Connection:
      - keep-alive
      User-Agent:
      - azsdk-python-search-documents/11.3.0b3 Python/3.9.2 (Windows-10-10.0.19041-SP0)
    method: GET
    uri: https://search22291976.search.windows.net/datasources?api-version=2021-04-30-Preview
  response:
    body:
      string: '{"@odata.context":"https://search22291976.search.windows.net/$metadata#datasources","value":[{"@odata.etag":"\"0x8D96BF342379CA3\"","name":"another-sample","description":null,"type":"azureblob","subtype":null,"credentials":{"connectionString":null},"container":{"name":"searchcontainer","query":null},"dataChangeDetectionPolicy":null,"dataDeletionDetectionPolicy":null,"encryptionKey":null,"identity":null},{"@odata.etag":"\"0x8D96BF3422B172D\"","name":"sample-datasource","description":null,"type":"azureblob","subtype":null,"credentials":{"connectionString":null},"container":{"name":"searchcontainer","query":null},"dataChangeDetectionPolicy":null,"dataDeletionDetectionPolicy":null,"encryptionKey":null,"identity":null}]}'
    headers:
      cache-control:
      - no-cache
      content-length:
      - '725'
      content-type:
      - application/json; odata.metadata=minimal
      date:
      - Mon, 30 Aug 2021 20:17:58 GMT
      elapsed-time:
      - '25'
      expires:
      - '-1'
      odata-version:
      - '4.0'
      pragma:
      - no-cache
      preference-applied:
      - odata.include-annotations="*"
      request-id:
      - 5e255d13-09cf-11ec-ad4e-74c63bed1137
      strict-transport-security:
      - max-age=15724800; includeSubDomains
      vary:
      - Accept-Encoding
    status:
      code: 200
      message: OK
version: 1
