interactions:
- request:
    body: '{"name": "test-ss", "description": "desc", "skills": [{"@odata.type": "#Microsoft.Skills.Text.EntityRecognitionSkill",
      "inputs": [{"name": "text", "source": "/document/content"}], "outputs": [{"name":
      "organizations", "targetName": "organizations"}]}]}'
    headers:
      Accept:
      - application/json;odata.metadata=minimal
      Accept-Encoding:
      - gzip, deflate
      Connection:
      - keep-alive
      Content-Length:
      - '252'
      Content-Type:
      - application/json
      User-Agent:
      - azsdk-python-search-documents/11.3.0b3 Python/3.9.2 (Windows-10-10.0.19041-SP0)
    method: POST
    uri: https://searchd97c184e.search.windows.net/skillsets?api-version=2021-04-30-Preview
  response:
    body:
      string: '{"@odata.context":"https://searchd97c184e.search.windows.net/$metadata#skillsets/$entity","@odata.etag":"\"0x8D96E6899DB4B6E\"","name":"test-ss","description":"desc","skills":[{"@odata.type":"#Microsoft.Skills.Text.EntityRecognitionSkill","name":null,"description":null,"context":null,"categories":[],"defaultLanguageCode":null,"minimumPrecision":null,"includeTypelessEntities":null,"inputs":[{"name":"text","source":"/document/content","sourceContext":null,"inputs":[]}],"outputs":[{"name":"organizations","targetName":"organizations"}]}],"cognitiveServices":null,"knowledgeStore":null,"encryptionKey":null}'
    headers:
      cache-control:
      - no-cache
      content-length:
      - '608'
      content-type:
      - application/json; odata.metadata=minimal
      date:
      - Thu, 02 Sep 2021 23:22:57 GMT
      elapsed-time:
      - '40'
      etag:
      - W/"0x8D96E6899DB4B6E"
      expires:
      - '-1'
      location:
      - https://searchd97c184e.search.windows.net/skillsets('test-ss')?api-version=2021-04-30-Preview
      odata-version:
      - '4.0'
      pragma:
      - no-cache
      preference-applied:
      - odata.include-annotations="*"
      request-id:
      - b6c2e706-0c44-11ec-b97f-74c63bed1137
      strict-transport-security:
      - max-age=15724800; includeSubDomains
    status:
      code: 201
      message: Created
- request:
    body: null
    headers:
      Accept:
      - application/json;odata.metadata=minimal
      Accept-Encoding:
      - gzip, deflate
      Connection:
      - keep-alive
      User-Agent:
      - azsdk-python-search-documents/11.3.0b3 Python/3.9.2 (Windows-10-10.0.19041-SP0)
    method: GET
    uri: https://searchd97c184e.search.windows.net/skillsets?api-version=2021-04-30-Preview
  response:
    body:
      string: '{"@odata.context":"https://searchd97c184e.search.windows.net/$metadata#skillsets","value":[{"@odata.etag":"\"0x8D96E6899DB4B6E\"","name":"test-ss","description":"desc","skills":[{"@odata.type":"#Microsoft.Skills.Text.EntityRecognitionSkill","name":"#1","description":null,"context":"/document","categories":["Person","Quantity","Organization","URL","Email","Location","DateTime"],"defaultLanguageCode":"en","minimumPrecision":null,"includeTypelessEntities":null,"inputs":[{"name":"text","source":"/document/content","sourceContext":null,"inputs":[]}],"outputs":[{"name":"organizations","targetName":"organizations"}]}],"cognitiveServices":null,"knowledgeStore":null,"encryptionKey":null}]}'
    headers:
      cache-control:
      - no-cache
      content-length:
      - '689'
      content-type:
      - application/json; odata.metadata=minimal
      date:
      - Thu, 02 Sep 2021 23:22:57 GMT
      elapsed-time:
      - '17'
      expires:
      - '-1'
      odata-version:
      - '4.0'
      pragma:
      - no-cache
      preference-applied:
      - odata.include-annotations="*"
      request-id:
      - b704089c-0c44-11ec-8ba2-74c63bed1137
      strict-transport-security:
      - max-age=15724800; includeSubDomains
      vary:
      - Accept-Encoding
    status:
      code: 200
      message: OK
- request:
    body: null
    headers:
      Accept:
      - application/json;odata.metadata=minimal
      Accept-Encoding:
      - gzip, deflate
      Connection:
      - keep-alive
      Content-Length:
      - '0'
      User-Agent:
      - azsdk-python-search-documents/11.3.0b3 Python/3.9.2 (Windows-10-10.0.19041-SP0)
    method: DELETE
    uri: https://searchd97c184e.search.windows.net/skillsets('test-ss')?api-version=2021-04-30-Preview
  response:
    body:
      string: ''
    headers:
      cache-control:
      - no-cache
      date:
      - Thu, 02 Sep 2021 23:22:57 GMT
      elapsed-time:
      - '25'
      expires:
      - '-1'
      pragma:
      - no-cache
      request-id:
      - b710b746-0c44-11ec-83f1-74c63bed1137
      strict-transport-security:
      - max-age=15724800; includeSubDomains
    status:
      code: 204
      message: No Content
- request:
    body: null
    headers:
      Accept:
      - application/json;odata.metadata=minimal
      Accept-Encoding:
      - gzip, deflate
      Connection:
      - keep-alive
      User-Agent:
      - azsdk-python-search-documents/11.3.0b3 Python/3.9.2 (Windows-10-10.0.19041-SP0)
    method: GET
    uri: https://searchd97c184e.search.windows.net/skillsets?api-version=2021-04-30-Preview
  response:
    body:
      string: '{"@odata.context":"https://searchd97c184e.search.windows.net/$metadata#skillsets","value":[]}'
    headers:
      cache-control:
      - no-cache
      content-length:
      - '93'
      content-type:
      - application/json; odata.metadata=minimal
      date:
      - Thu, 02 Sep 2021 23:22:58 GMT
      elapsed-time:
      - '6'
      expires:
      - '-1'
      odata-version:
      - '4.0'
      pragma:
      - no-cache
      preference-applied:
      - odata.include-annotations="*"
      request-id:
      - b71bb2dd-0c44-11ec-b98e-74c63bed1137
      strict-transport-security:
      - max-age=15724800; includeSubDomains
      vary:
      - Accept-Encoding
    status:
      code: 200
      message: OK
version: 1
