interactions:
- request:
    body: '{"name": "test-ss-1", "description": "desc1", "skills": [{"@odata.type":
      "#Microsoft.Skills.Text.EntityRecognitionSkill", "inputs": [{"name": "text",
      "source": "/document/content"}], "outputs": [{"name": "organizations", "targetName":
      "organizations"}]}]}'
    headers:
      Accept:
      - application/json;odata.metadata=minimal
      Accept-Encoding:
      - gzip, deflate
      Connection:
      - keep-alive
      Content-Length:
      - '255'
      Content-Type:
      - application/json
      User-Agent:
      - azsdk-python-search-documents/11.1.0b2 Python/3.8.5 (Windows-10-10.0.19041-SP0)
    method: POST
    uri: https://searchaa02178e.search.windows.net/skillsets?api-version=2020-06-30-Preview
  response:
    body:
      string: '{"@odata.context":"https://searchaa02178e.search.windows.net/$metadata#skillsets/$entity","@odata.etag":"\"0x8D84B89CECA410C\"","name":"test-ss-1","description":"desc1","skills":[{"@odata.type":"#Microsoft.Skills.Text.EntityRecognitionSkill","name":null,"description":null,"context":null,"categories":[],"defaultLanguageCode":null,"minimumPrecision":null,"includeTypelessEntities":null,"inputs":[{"name":"text","source":"/document/content","sourceContext":null,"inputs":[]}],"outputs":[{"name":"organizations","targetName":"organizations"}]}],"cognitiveServices":null,"knowledgeStore":null,"encryptionKey":null}'
    headers:
      cache-control:
      - no-cache
      content-length:
      - '611'
      content-type:
      - application/json; odata.metadata=minimal
      date:
      - Fri, 28 Aug 2020 19:37:32 GMT
      elapsed-time:
      - '102'
      etag:
      - W/"0x8D84B89CECA410C"
      expires:
      - '-1'
      location:
      - https://searchaa02178e.search.windows.net/skillsets('test-ss-1')?api-version=2020-06-30-Preview
      odata-version:
      - '4.0'
      pragma:
      - no-cache
      preference-applied:
      - odata.include-annotations="*"
      request-id:
      - ea7c17dc-e965-11ea-bd68-5cf37071153c
      strict-transport-security:
      - max-age=15724800; includeSubDomains
    status:
      code: 201
      message: Created
- request:
    body: '{"name": "test-ss-2", "description": "desc2", "skills": [{"@odata.type":
      "#Microsoft.Skills.Text.EntityRecognitionSkill", "inputs": [{"name": "text",
      "source": "/document/content"}], "outputs": [{"name": "organizations", "targetName":
      "organizations"}]}]}'
    headers:
      Accept:
      - application/json;odata.metadata=minimal
      Accept-Encoding:
      - gzip, deflate
      Connection:
      - keep-alive
      Content-Length:
      - '255'
      Content-Type:
      - application/json
      User-Agent:
      - azsdk-python-search-documents/11.1.0b2 Python/3.8.5 (Windows-10-10.0.19041-SP0)
    method: POST
    uri: https://searchaa02178e.search.windows.net/skillsets?api-version=2020-06-30-Preview
  response:
    body:
      string: '{"@odata.context":"https://searchaa02178e.search.windows.net/$metadata#skillsets/$entity","@odata.etag":"\"0x8D84B89CEF2DF20\"","name":"test-ss-2","description":"desc2","skills":[{"@odata.type":"#Microsoft.Skills.Text.EntityRecognitionSkill","name":null,"description":null,"context":null,"categories":[],"defaultLanguageCode":null,"minimumPrecision":null,"includeTypelessEntities":null,"inputs":[{"name":"text","source":"/document/content","sourceContext":null,"inputs":[]}],"outputs":[{"name":"organizations","targetName":"organizations"}]}],"cognitiveServices":null,"knowledgeStore":null,"encryptionKey":null}'
    headers:
      cache-control:
      - no-cache
      content-length:
      - '611'
      content-type:
      - application/json; odata.metadata=minimal
      date:
      - Fri, 28 Aug 2020 19:37:32 GMT
      elapsed-time:
      - '57'
      etag:
      - W/"0x8D84B89CEF2DF20"
      expires:
      - '-1'
      location:
      - https://searchaa02178e.search.windows.net/skillsets('test-ss-2')?api-version=2020-06-30-Preview
      odata-version:
      - '4.0'
      pragma:
      - no-cache
      preference-applied:
      - odata.include-annotations="*"
      request-id:
      - ead5e2aa-e965-11ea-a110-5cf37071153c
      strict-transport-security:
      - max-age=15724800; includeSubDomains
    status:
      code: 201
      message: Created
- request:
    body: null
    headers:
      Accept:
      - application/json;odata.metadata=minimal
      Accept-Encoding:
      - gzip, deflate
      Connection:
      - keep-alive
      User-Agent:
      - azsdk-python-search-documents/11.1.0b2 Python/3.8.5 (Windows-10-10.0.19041-SP0)
    method: GET
    uri: https://searchaa02178e.search.windows.net/skillsets?api-version=2020-06-30-Preview
  response:
    body:
      string: '{"@odata.context":"https://searchaa02178e.search.windows.net/$metadata#skillsets","value":[{"@odata.etag":"\"0x8D84B89CECA410C\"","name":"test-ss-1","description":"desc1","skills":[{"@odata.type":"#Microsoft.Skills.Text.EntityRecognitionSkill","name":"#1","description":null,"context":"/document","categories":["Person","Quantity","Organization","URL","Email","Location","DateTime"],"defaultLanguageCode":"en","minimumPrecision":null,"includeTypelessEntities":null,"inputs":[{"name":"text","source":"/document/content","sourceContext":null,"inputs":[]}],"outputs":[{"name":"organizations","targetName":"organizations"}]}],"cognitiveServices":null,"knowledgeStore":null,"encryptionKey":null},{"@odata.etag":"\"0x8D84B89CEF2DF20\"","name":"test-ss-2","description":"desc2","skills":[{"@odata.type":"#Microsoft.Skills.Text.EntityRecognitionSkill","name":"#1","description":null,"context":"/document","categories":["Person","Quantity","Organization","URL","Email","Location","DateTime"],"defaultLanguageCode":"en","minimumPrecision":null,"includeTypelessEntities":null,"inputs":[{"name":"text","source":"/document/content","sourceContext":null,"inputs":[]}],"outputs":[{"name":"organizations","targetName":"organizations"}]}],"cognitiveServices":null,"knowledgeStore":null,"encryptionKey":null}]}'
    headers:
      cache-control:
      - no-cache
      content-length:
      - '1292'
      content-type:
      - application/json; odata.metadata=minimal
      date:
      - Fri, 28 Aug 2020 19:37:32 GMT
      elapsed-time:
      - '89'
      expires:
      - '-1'
      odata-version:
      - '4.0'
      pragma:
      - no-cache
      preference-applied:
      - odata.include-annotations="*"
      request-id:
      - eafe2792-e965-11ea-929f-5cf37071153c
      strict-transport-security:
      - max-age=15724800; includeSubDomains
      vary:
      - Accept-Encoding
    status:
      code: 200
      message: OK
version: 1
