interactions:
- request:
    body: '{"value": [{"hotelId": "1000", "rating": 1, "@search.action": "mergeOrUpload"},
      {"hotelId": "4", "rating": 2, "@search.action": "mergeOrUpload"}]}'
    headers:
      Accept:
      - application/json;odata.metadata=none
      Accept-Encoding:
      - gzip, deflate
      Connection:
      - keep-alive
      Content-Length:
      - '146'
      Content-Type:
      - application/json
      User-Agent:
      - azsdk-python-search-documents/1.0.0b2 Python/3.6.3 (Windows-10-10.0.18362-SP0)
      api-key:
      - F02C9620AD7963286CD9A005C981A3E5
    method: POST
    uri: https://searchbc7412f9.search.windows.net/indexes('drgqefsg')/docs/search.index?api-version=2019-05-06-Preview
  response:
    body:
      string: '{"value":[{"key":"1000","status":true,"errorMessage":null,"statusCode":201},{"key":"4","status":true,"errorMessage":null,"statusCode":200}]}'
    headers:
      cache-control:
      - no-cache
      content-length:
      - '140'
      content-type:
      - application/json; odata.metadata=none
      date:
      - Tue, 31 Mar 2020 17:36:52 GMT
      elapsed-time:
      - '263'
      expires:
      - '-1'
      odata-version:
      - '4.0'
      pragma:
      - no-cache
      preference-applied:
      - odata.include-annotations="*"
      request-id:
      - 3543e85e-7376-11ea-82e8-5cf37071153c
      strict-transport-security:
      - max-age=15724800; includeSubDomains
      vary:
      - Accept-Encoding
    status:
      code: 200
      message: OK
- request:
    body: null
    headers:
      Accept:
      - application/json;odata.metadata=none
      Accept-Encoding:
      - gzip, deflate
      Connection:
      - keep-alive
      User-Agent:
      - azsdk-python-search-documents/1.0.0b2 Python/3.6.3 (Windows-10-10.0.18362-SP0)
      api-key:
      - F02C9620AD7963286CD9A005C981A3E5
    method: GET
    uri: https://searchbc7412f9.search.windows.net/indexes('drgqefsg')/docs/$count?api-version=2019-05-06-Preview
  response:
    body:
      string: "\uFEFF11"
    headers:
      cache-control:
      - no-cache
      content-length:
      - '5'
      content-type:
      - text/plain
      date:
      - Tue, 31 Mar 2020 17:36:54 GMT
      elapsed-time:
      - '13'
      expires:
      - '-1'
      odata-version:
      - '4.0'
      pragma:
      - no-cache
      preference-applied:
      - odata.include-annotations="*"
      request-id:
      - 3775a368-7376-11ea-a771-5cf37071153c
      strict-transport-security:
      - max-age=15724800; includeSubDomains
      vary:
      - Accept-Encoding
    status:
      code: 200
      message: OK
- request:
    body: null
    headers:
      Accept:
      - application/json;odata.metadata=none
      Accept-Encoding:
      - gzip, deflate
      Connection:
      - keep-alive
      User-Agent:
      - azsdk-python-search-documents/1.0.0b2 Python/3.6.3 (Windows-10-10.0.18362-SP0)
      api-key:
      - F02C9620AD7963286CD9A005C981A3E5
    method: GET
    uri: https://searchbc7412f9.search.windows.net/indexes('drgqefsg')/docs('1000')?api-version=2019-05-06-Preview
  response:
    body:
      string: '{"hotelId":"1000","hotelName":null,"description":null,"descriptionFr":null,"category":null,"tags":[],"parkingIncluded":null,"smokingAllowed":null,"lastRenovationDate":null,"rating":1,"location":null,"address":null,"rooms":[]}'
    headers:
      cache-control:
      - no-cache
      content-length:
      - '225'
      content-type:
      - application/json; odata.metadata=none
      date:
      - Tue, 31 Mar 2020 17:36:54 GMT
      elapsed-time:
      - '30'
      expires:
      - '-1'
      odata-version:
      - '4.0'
      pragma:
      - no-cache
      preference-applied:
      - odata.include-annotations="*"
      request-id:
      - 378f9854-7376-11ea-b698-5cf37071153c
      strict-transport-security:
      - max-age=15724800; includeSubDomains
      vary:
      - Accept-Encoding
    status:
      code: 200
      message: OK
- request:
    body: null
    headers:
      Accept:
      - application/json;odata.metadata=none
      Accept-Encoding:
      - gzip, deflate
      Connection:
      - keep-alive
      User-Agent:
      - azsdk-python-search-documents/1.0.0b2 Python/3.6.3 (Windows-10-10.0.18362-SP0)
      api-key:
      - F02C9620AD7963286CD9A005C981A3E5
    method: GET
    uri: https://searchbc7412f9.search.windows.net/indexes('drgqefsg')/docs('4')?api-version=2019-05-06-Preview
  response:
    body:
      string: '{"hotelId":"4","hotelName":"Express Rooms","description":"Pretty good
        hotel","descriptionFr":"Assez bon h\u00f4tel","category":"Budget","tags":["wifi","budget"],"parkingIncluded":true,"smokingAllowed":false,"lastRenovationDate":"1995-07-01T00:00:00Z","rating":2,"location":{"type":"Point","coordinates":[-122.131577,48.678581],"crs":{"type":"name","properties":{"name":"EPSG:4326"}}},"address":null,"rooms":[]}'
    headers:
      cache-control:
      - no-cache
      content-length:
      - '410'
      content-type:
      - application/json; odata.metadata=none
      date:
      - Tue, 31 Mar 2020 17:36:54 GMT
      elapsed-time:
      - '7'
      expires:
      - '-1'
      odata-version:
      - '4.0'
      pragma:
      - no-cache
      preference-applied:
      - odata.include-annotations="*"
      request-id:
      - 37b2b25e-7376-11ea-905c-5cf37071153c
      strict-transport-security:
      - max-age=15724800; includeSubDomains
      vary:
      - Accept-Encoding
    status:
      code: 200
      message: OK
version: 1
