interactions:
- request:
    body: '{"name": "test-ss", "description": "desc", "skills": [{"@odata.type": "#Microsoft.Skills.Text.EntityRecognitionSkill",
      "inputs": [{"name": "text", "source": "/document/content"}], "outputs": [{"name":
      "organizations", "targetName": "organizations"}]}]}'
    headers:
      Accept:
      - application/json;odata.metadata=minimal
      Accept-Encoding:
      - gzip, deflate
      Connection:
      - keep-alive
      Content-Length:
      - '252'
      Content-Type:
      - application/json
      User-Agent:
      - azsdk-python-search-documents/1.0.0b3 Python/3.7.3 (Windows-10-10.0.17763-SP0)
      api-key:
      - E5E890D66B801E7867C9E374922FC838
    method: POST
    uri: https://search21f914e4.search.windows.net/skillsets?api-version=2019-05-06-Preview
  response:
    body:
      string: '{"@odata.context":"https://search21f914e4.search.windows.net/$metadata#skillsets/$entity","@odata.etag":"\"0x8D7ED716DB3B0F7\"","name":"test-ss","description":"desc","skills":[{"@odata.type":"#Microsoft.Skills.Text.EntityRecognitionSkill","name":null,"description":null,"context":null,"categories":[],"defaultLanguageCode":null,"minimumPrecision":null,"includeTypelessEntities":null,"inputs":[{"name":"text","source":"/document/content","sourceContext":null,"inputs":[]}],"outputs":[{"name":"organizations","targetName":"organizations"}]}],"cognitiveServices":null,"knowledgeStore":null}'
    headers:
      cache-control:
      - no-cache
      content-length:
      - '587'
      content-type:
      - application/json; odata.metadata=minimal
      date:
      - Fri, 01 May 2020 01:46:12 GMT
      elapsed-time:
      - '37'
      etag:
      - W/"0x8D7ED716DB3B0F7"
      expires:
      - '-1'
      location:
      - https://search21f914e4.search.windows.net/skillsets('test-ss')?api-version=2019-05-06-Preview
      odata-version:
      - '4.0'
      pragma:
      - no-cache
      preference-applied:
      - odata.include-annotations="*"
      request-id:
      - 8979c398-8b4d-11ea-879a-2816a845e8c6
      strict-transport-security:
      - max-age=15724800; includeSubDomains
    status:
      code: 201
      message: Created
- request:
    body: '{"name": "test-ss", "description": "updated", "skills": [{"@odata.type":
      "#Microsoft.Skills.Text.EntityRecognitionSkill", "inputs": [{"name": "text",
      "source": "/document/content"}], "outputs": [{"name": "organizations", "targetName":
      "organizations"}]}]}'
    headers:
      Accept:
      - application/json;odata.metadata=minimal
      Accept-Encoding:
      - gzip, deflate
      Connection:
      - keep-alive
      Content-Length:
      - '255'
      Content-Type:
      - application/json
      Prefer:
      - return=representation
      User-Agent:
      - azsdk-python-search-documents/1.0.0b3 Python/3.7.3 (Windows-10-10.0.17763-SP0)
      api-key:
      - E5E890D66B801E7867C9E374922FC838
    method: PUT
    uri: https://search21f914e4.search.windows.net/skillsets('test-ss')?api-version=2019-05-06-Preview
  response:
    body:
      string: '{"@odata.context":"https://search21f914e4.search.windows.net/$metadata#skillsets/$entity","@odata.etag":"\"0x8D7ED716DCDF47B\"","name":"test-ss","description":"updated","skills":[{"@odata.type":"#Microsoft.Skills.Text.EntityRecognitionSkill","name":null,"description":null,"context":null,"categories":[],"defaultLanguageCode":null,"minimumPrecision":null,"includeTypelessEntities":null,"inputs":[{"name":"text","source":"/document/content","sourceContext":null,"inputs":[]}],"outputs":[{"name":"organizations","targetName":"organizations"}]}],"cognitiveServices":null,"knowledgeStore":null}'
    headers:
      cache-control:
      - no-cache
      content-length:
      - '590'
      content-type:
      - application/json; odata.metadata=minimal
      date:
      - Fri, 01 May 2020 01:46:12 GMT
      elapsed-time:
      - '52'
      etag:
      - W/"0x8D7ED716DCDF47B"
      expires:
      - '-1'
      odata-version:
      - '4.0'
      pragma:
      - no-cache
      preference-applied:
      - odata.include-annotations="*"
      request-id:
      - 89ce1288-8b4d-11ea-973d-2816a845e8c6
      strict-transport-security:
      - max-age=15724800; includeSubDomains
      vary:
      - Accept-Encoding
    status:
      code: 200
      message: OK
- request:
    body: null
    headers:
      Accept:
      - application/json;odata.metadata=minimal
      Accept-Encoding:
      - gzip, deflate
      Connection:
      - keep-alive
      Content-Length:
      - '0'
      If-Match:
      - '"0x8D7ED716DB3B0F7"'
      User-Agent:
      - azsdk-python-search-documents/1.0.0b3 Python/3.7.3 (Windows-10-10.0.17763-SP0)
      api-key:
      - E5E890D66B801E7867C9E374922FC838
    method: DELETE
    uri: https://search21f914e4.search.windows.net/skillsets('test-ss')?api-version=2019-05-06-Preview
  response:
    body:
      string: '{"error":{"code":"","message":"The precondition given in one of the
        request headers evaluated to false. No change was made to the resource from
        this request."}}'
    headers:
      cache-control:
      - no-cache
      content-language:
      - en
      content-length:
      - '160'
      content-type:
      - application/json; odata.metadata=minimal
      date:
      - Fri, 01 May 2020 01:46:12 GMT
      elapsed-time:
      - '10'
      expires:
      - '-1'
      odata-version:
      - '4.0'
      pragma:
      - no-cache
      preference-applied:
      - odata.include-annotations="*"
      request-id:
      - 89e92918-8b4d-11ea-882a-2816a845e8c6
      strict-transport-security:
      - max-age=15724800; includeSubDomains
    status:
      code: 412
      message: Precondition Failed
version: 1
