interactions:
- request:
    body: '{"name": "test-syn-map", "format": "solr", "synonyms": "USA, United States,
      United States of America"}'
    headers:
      Accept:
      - application/json;odata.metadata=minimal
      Accept-Encoding:
      - gzip, deflate
      Connection:
      - keep-alive
      Content-Length:
      - '102'
      Content-Type:
      - application/json
      User-Agent:
      - azsdk-python-search-documents/1.0.0b3 Python/3.7.3 (Darwin-19.3.0-x86_64-i386-64bit)
      api-key:
      - F078F6A85D2ED703E08FBF8A5960F28F
    method: POST
    uri: https://searche7b20da6.search.windows.net/synonymmaps?api-version=2019-05-06-Preview
  response:
    body:
      string: '{"@odata.context":"https://searche7b20da6.search.windows.net/$metadata#synonymmaps/$entity","@odata.etag":"\"0x8D7E7B4F5B7F911\"","name":"test-syn-map","format":"solr","synonyms":"USA,
        United States, United States of America","encryptionKey":null}'
    headers:
      cache-control:
      - no-cache
      content-length:
      - '247'
      content-type:
      - application/json; odata.metadata=minimal
      date:
      - Thu, 23 Apr 2020 18:34:29 GMT
      elapsed-time:
      - '32'
      etag:
      - W/"0x8D7E7B4F5B7F911"
      expires:
      - '-1'
      location:
      - https://searche7b20da6.search.windows.net/synonymmaps('test-syn-map')?api-version=2019-05-06-Preview
      odata-version:
      - '4.0'
      pragma:
      - no-cache
      preference-applied:
      - odata.include-annotations="*"
      request-id:
      - 115398a0-8591-11ea-8d82-8c8590507855
      strict-transport-security:
      - max-age=15724800; includeSubDomains
    status:
      code: 201
      message: Created
- request:
    body: null
    headers:
      Accept:
      - application/json;odata.metadata=minimal
      Accept-Encoding:
      - gzip, deflate
      Connection:
      - keep-alive
      User-Agent:
      - azsdk-python-search-documents/1.0.0b3 Python/3.7.3 (Darwin-19.3.0-x86_64-i386-64bit)
      api-key:
      - F078F6A85D2ED703E08FBF8A5960F28F
    method: GET
    uri: https://searche7b20da6.search.windows.net/synonymmaps?api-version=2019-05-06-Preview
  response:
    body:
      string: '{"@odata.context":"https://searche7b20da6.search.windows.net/$metadata#synonymmaps","value":[{"@odata.etag":"\"0x8D7E7B4F5B7F911\"","name":"test-syn-map","format":"solr","synonyms":"USA,
        United States, United States of America","encryptionKey":null}]}'
    headers:
      cache-control:
      - no-cache
      content-length:
      - '251'
      content-type:
      - application/json; odata.metadata=minimal
      date:
      - Thu, 23 Apr 2020 18:34:29 GMT
      elapsed-time:
      - '22'
      expires:
      - '-1'
      odata-version:
      - '4.0'
      pragma:
      - no-cache
      preference-applied:
      - odata.include-annotations="*"
      request-id:
      - 116f56da-8591-11ea-8d82-8c8590507855
      strict-transport-security:
      - max-age=15724800; includeSubDomains
      vary:
      - Accept-Encoding
    status:
      code: 200
      message: OK
- request:
    body: '{"name": "test-syn-map", "format": "solr", "synonyms": "Washington, Wash.
      => WA"}'
    headers:
      Accept:
      - application/json;odata.metadata=minimal
      Accept-Encoding:
      - gzip, deflate
      Connection:
      - keep-alive
      Content-Length:
      - '81'
      Content-Type:
      - application/json
      Prefer:
      - return=representation
      User-Agent:
      - azsdk-python-search-documents/1.0.0b3 Python/3.7.3 (Darwin-19.3.0-x86_64-i386-64bit)
      api-key:
      - F078F6A85D2ED703E08FBF8A5960F28F
    method: PUT
    uri: https://searche7b20da6.search.windows.net/synonymmaps('test-syn-map')?api-version=2019-05-06-Preview
  response:
    body:
      string: '{"@odata.context":"https://searche7b20da6.search.windows.net/$metadata#synonymmaps/$entity","@odata.etag":"\"0x8D7E7B4F5CDA933\"","name":"test-syn-map","format":"solr","synonyms":"Washington,
        Wash. => WA","encryptionKey":null}'
    headers:
      cache-control:
      - no-cache
      content-length:
      - '226'
      content-type:
      - application/json; odata.metadata=minimal
      date:
      - Thu, 23 Apr 2020 18:34:29 GMT
      elapsed-time:
      - '25'
      etag:
      - W/"0x8D7E7B4F5CDA933"
      expires:
      - '-1'
      odata-version:
      - '4.0'
      pragma:
      - no-cache
      preference-applied:
      - odata.include-annotations="*"
      request-id:
      - 11792d22-8591-11ea-8d82-8c8590507855
      strict-transport-security:
      - max-age=15724800; includeSubDomains
      vary:
      - Accept-Encoding
    status:
      code: 200
      message: OK
- request:
    body: null
    headers:
      Accept:
      - application/json;odata.metadata=minimal
      Accept-Encoding:
      - gzip, deflate
      Connection:
      - keep-alive
      User-Agent:
      - azsdk-python-search-documents/1.0.0b3 Python/3.7.3 (Darwin-19.3.0-x86_64-i386-64bit)
      api-key:
      - F078F6A85D2ED703E08FBF8A5960F28F
    method: GET
    uri: https://searche7b20da6.search.windows.net/synonymmaps?api-version=2019-05-06-Preview
  response:
    body:
      string: '{"@odata.context":"https://searche7b20da6.search.windows.net/$metadata#synonymmaps","value":[{"@odata.etag":"\"0x8D7E7B4F5CDA933\"","name":"test-syn-map","format":"solr","synonyms":"Washington,
        Wash. => WA","encryptionKey":null}]}'
    headers:
      cache-control:
      - no-cache
      content-length:
      - '230'
      content-type:
      - application/json; odata.metadata=minimal
      date:
      - Thu, 23 Apr 2020 18:34:29 GMT
      elapsed-time:
      - '11'
      expires:
      - '-1'
      odata-version:
      - '4.0'
      pragma:
      - no-cache
      preference-applied:
      - odata.include-annotations="*"
      request-id:
      - 1185e9b8-8591-11ea-8d82-8c8590507855
      strict-transport-security:
      - max-age=15724800; includeSubDomains
      vary:
      - Accept-Encoding
    status:
      code: 200
      message: OK
- request:
    body: null
    headers:
      Accept:
      - application/json;odata.metadata=minimal
      Accept-Encoding:
      - gzip, deflate
      Connection:
      - keep-alive
      User-Agent:
      - azsdk-python-search-documents/1.0.0b3 Python/3.7.3 (Darwin-19.3.0-x86_64-i386-64bit)
      api-key:
      - F078F6A85D2ED703E08FBF8A5960F28F
    method: GET
    uri: https://searche7b20da6.search.windows.net/synonymmaps('test-syn-map')?api-version=2019-05-06-Preview
  response:
    body:
      string: '{"@odata.context":"https://searche7b20da6.search.windows.net/$metadata#synonymmaps/$entity","@odata.etag":"\"0x8D7E7B4F5CDA933\"","name":"test-syn-map","format":"solr","synonyms":"Washington,
        Wash. => WA","encryptionKey":null}'
    headers:
      cache-control:
      - no-cache
      content-length:
      - '226'
      content-type:
      - application/json; odata.metadata=minimal
      date:
      - Thu, 23 Apr 2020 18:34:29 GMT
      elapsed-time:
      - '10'
      etag:
      - W/"0x8D7E7B4F5CDA933"
      expires:
      - '-1'
      odata-version:
      - '4.0'
      pragma:
      - no-cache
      preference-applied:
      - odata.include-annotations="*"
      request-id:
      - 118dfe82-8591-11ea-8d82-8c8590507855
      strict-transport-security:
      - max-age=15724800; includeSubDomains
      vary:
      - Accept-Encoding
    status:
      code: 200
      message: OK
- request:
    body: null
    headers:
      Accept:
      - application/json;odata.metadata=minimal
      Accept-Encoding:
      - gzip, deflate
      Connection:
      - keep-alive
      Content-Length:
      - '0'
      User-Agent:
      - azsdk-python-search-documents/1.0.0b3 Python/3.7.3 (Darwin-19.3.0-x86_64-i386-64bit)
      api-key:
      - F078F6A85D2ED703E08FBF8A5960F28F
    method: DELETE
    uri: https://searche7b20da6.search.windows.net/synonymmaps('test-syn-map')?api-version=2019-05-06-Preview
  response:
    body:
      string: ''
    headers:
      cache-control:
      - no-cache
      date:
      - Thu, 23 Apr 2020 18:34:29 GMT
      elapsed-time:
      - '18'
      expires:
      - '-1'
      pragma:
      - no-cache
      request-id:
      - 1195db02-8591-11ea-8d82-8c8590507855
      strict-transport-security:
      - max-age=15724800; includeSubDomains
    status:
      code: 204
      message: No Content
version: 1
