interactions:
- request:
    body: '{"name": "test-ss-1", "description": "desc1", "skills": [{"@odata.type":
      "#Microsoft.Skills.Text.EntityRecognitionSkill", "inputs": [{"name": "text",
      "source": "/document/content"}], "outputs": [{"name": "organizations", "targetName":
      "organizations"}]}]}'
    headers:
      Accept:
      - application/json;odata.metadata=minimal
      Accept-Encoding:
      - gzip, deflate
      Connection:
      - keep-alive
      Content-Length:
      - '255'
      Content-Type:
      - application/json
      User-Agent:
      - azsdk-python-search-documents/11.3.0b1 Python/3.8.6 (Windows-10-10.0.19041-SP0)
    method: POST
    uri: https://searchaa02178e.search.windows.net/skillsets?api-version=2021-04-30-Preview
  response:
    body:
      string: '{"@odata.context":"https://searchaa02178e.search.windows.net/$metadata#skillsets/$entity","@odata.etag":"\"0x8D93C22CCBC5612\"","name":"test-ss-1","description":"desc1","skills":[{"@odata.type":"#Microsoft.Skills.Text.EntityRecognitionSkill","name":null,"description":null,"context":null,"categories":[],"defaultLanguageCode":null,"minimumPrecision":null,"includeTypelessEntities":null,"inputs":[{"name":"text","source":"/document/content","sourceContext":null,"inputs":[]}],"outputs":[{"name":"organizations","targetName":"organizations"}]}],"cognitiveServices":null,"knowledgeStore":null,"encryptionKey":null}'
    headers:
      cache-control:
      - no-cache
      content-length:
      - '611'
      content-type:
      - application/json; odata.metadata=minimal
      date:
      - Wed, 30 Jun 2021 23:57:20 GMT
      elapsed-time:
      - '49'
      etag:
      - W/"0x8D93C22CCBC5612"
      expires:
      - '-1'
      location:
      - https://searchaa02178e.search.windows.net/skillsets('test-ss-1')?api-version=2021-04-30-Preview
      odata-version:
      - '4.0'
      pragma:
      - no-cache
      preference-applied:
      - odata.include-annotations="*"
      request-id:
      - e8568c74-d9fe-11eb-818d-a0481ca055a9
      strict-transport-security:
      - max-age=15724800; includeSubDomains
    status:
      code: 201
      message: Created
- request:
    body: '{"name": "test-ss-2", "description": "desc2", "skills": [{"@odata.type":
      "#Microsoft.Skills.Text.EntityRecognitionSkill", "inputs": [{"name": "text",
      "source": "/document/content"}], "outputs": [{"name": "organizations", "targetName":
      "organizations"}]}]}'
    headers:
      Accept:
      - application/json;odata.metadata=minimal
      Accept-Encoding:
      - gzip, deflate
      Connection:
      - keep-alive
      Content-Length:
      - '255'
      Content-Type:
      - application/json
      User-Agent:
      - azsdk-python-search-documents/11.3.0b1 Python/3.8.6 (Windows-10-10.0.19041-SP0)
    method: POST
    uri: https://searchaa02178e.search.windows.net/skillsets?api-version=2021-04-30-Preview
  response:
    body:
      string: '{"@odata.context":"https://searchaa02178e.search.windows.net/$metadata#skillsets/$entity","@odata.etag":"\"0x8D93C22CCD64D03\"","name":"test-ss-2","description":"desc2","skills":[{"@odata.type":"#Microsoft.Skills.Text.EntityRecognitionSkill","name":null,"description":null,"context":null,"categories":[],"defaultLanguageCode":null,"minimumPrecision":null,"includeTypelessEntities":null,"inputs":[{"name":"text","source":"/document/content","sourceContext":null,"inputs":[]}],"outputs":[{"name":"organizations","targetName":"organizations"}]}],"cognitiveServices":null,"knowledgeStore":null,"encryptionKey":null}'
    headers:
      cache-control:
      - no-cache
      content-length:
      - '611'
      content-type:
      - application/json; odata.metadata=minimal
      date:
      - Wed, 30 Jun 2021 23:57:20 GMT
      elapsed-time:
      - '43'
      etag:
      - W/"0x8D93C22CCD64D03"
      expires:
      - '-1'
      location:
      - https://searchaa02178e.search.windows.net/skillsets('test-ss-2')?api-version=2021-04-30-Preview
      odata-version:
      - '4.0'
      pragma:
      - no-cache
      preference-applied:
      - odata.include-annotations="*"
      request-id:
      - e898a96c-d9fe-11eb-8d4c-a0481ca055a9
      strict-transport-security:
      - max-age=15724800; includeSubDomains
    status:
      code: 201
      message: Created
- request:
    body: null
    headers:
      Accept:
      - application/json;odata.metadata=minimal
      Accept-Encoding:
      - gzip, deflate
      Connection:
      - keep-alive
      User-Agent:
      - azsdk-python-search-documents/11.3.0b1 Python/3.8.6 (Windows-10-10.0.19041-SP0)
    method: GET
    uri: https://searchaa02178e.search.windows.net/skillsets?api-version=2021-04-30-Preview
  response:
    body:
      string: '{"@odata.context":"https://searchaa02178e.search.windows.net/$metadata#skillsets","value":[{"@odata.etag":"\"0x8D93C22CCBC5612\"","name":"test-ss-1","description":"desc1","skills":[{"@odata.type":"#Microsoft.Skills.Text.EntityRecognitionSkill","name":"#1","description":null,"context":"/document","categories":["Person","Quantity","Organization","URL","Email","Location","DateTime"],"defaultLanguageCode":"en","minimumPrecision":null,"includeTypelessEntities":null,"inputs":[{"name":"text","source":"/document/content","sourceContext":null,"inputs":[]}],"outputs":[{"name":"organizations","targetName":"organizations"}]}],"cognitiveServices":null,"knowledgeStore":null,"encryptionKey":null},{"@odata.etag":"\"0x8D93C22CCD64D03\"","name":"test-ss-2","description":"desc2","skills":[{"@odata.type":"#Microsoft.Skills.Text.EntityRecognitionSkill","name":"#1","description":null,"context":"/document","categories":["Person","Quantity","Organization","URL","Email","Location","DateTime"],"defaultLanguageCode":"en","minimumPrecision":null,"includeTypelessEntities":null,"inputs":[{"name":"text","source":"/document/content","sourceContext":null,"inputs":[]}],"outputs":[{"name":"organizations","targetName":"organizations"}]}],"cognitiveServices":null,"knowledgeStore":null,"encryptionKey":null}]}'
    headers:
      cache-control:
      - no-cache
      content-length:
      - '1292'
      content-type:
      - application/json; odata.metadata=minimal
      date:
      - Wed, 30 Jun 2021 23:57:20 GMT
      elapsed-time:
      - '18'
      expires:
      - '-1'
      odata-version:
      - '4.0'
      pragma:
      - no-cache
      preference-applied:
      - odata.include-annotations="*"
      request-id:
      - e8b213a4-d9fe-11eb-ab86-a0481ca055a9
      strict-transport-security:
      - max-age=15724800; includeSubDomains
      vary:
      - Accept-Encoding
    status:
      code: 200
      message: OK
version: 1
