interactions:
- request:
    body: '{"name": "sample-datasource", "type": "azureblob", "credentials": {"connectionString":
      "connection_string"}, "container": {"name": "searchcontainer"}}'
    headers:
      Accept:
      - application/json;odata.metadata=minimal
      Accept-Encoding:
      - gzip, deflate
      Connection:
      - keep-alive
      Content-Length:
      - '325'
      Content-Type:
      - application/json
      User-Agent:
      - azsdk-python-search-documents/11.3.0b1 Python/3.8.6 (Windows-10-10.0.19041-SP0)
    method: POST
    uri: https://searchf8231428.search.windows.net/datasources?api-version=2021-04-30-Preview
  response:
    body:
      string: '{"@odata.context":"https://searchf8231428.search.windows.net/$metadata#datasources/$entity","@odata.etag":"\"0x8D93C1D289564C3\"","name":"sample-datasource","description":null,"type":"azureblob","subtype":null,"credentials":{"connectionString":null},"container":{"name":"searchcontainer","query":null},"dataChangeDetectionPolicy":null,"dataDeletionDetectionPolicy":null,"encryptionKey":null,"identity":null}'
    headers:
      cache-control:
      - no-cache
      content-length:
      - '407'
      content-type:
      - application/json; odata.metadata=minimal
      date:
      - Wed, 30 Jun 2021 23:16:58 GMT
      elapsed-time:
      - '43'
      etag:
      - W/"0x8D93C1D289564C3"
      expires:
      - '-1'
      location:
      - https://searchf8231428.search.windows.net/datasources('sample-datasource')?api-version=2021-04-30-Preview
      odata-version:
      - '4.0'
      pragma:
      - no-cache
      preference-applied:
      - odata.include-annotations="*"
      request-id:
      - 442ec2d5-d9f9-11eb-833f-a0481ca055a9
      strict-transport-security:
      - max-age=15724800; includeSubDomains
    status:
      code: 201
      message: Created
- request:
    body: '{"name": "hotels", "fields": [{"name": "hotelId", "type": "Edm.String",
      "key": true, "retrievable": true, "searchable": false}]}'
    headers:
      Accept:
      - application/json;odata.metadata=minimal
      Accept-Encoding:
      - gzip, deflate
      Connection:
      - keep-alive
      Content-Length:
      - '128'
      Content-Type:
      - application/json
      User-Agent:
      - azsdk-python-search-documents/11.3.0b1 Python/3.8.6 (Windows-10-10.0.19041-SP0)
    method: POST
    uri: https://searchf8231428.search.windows.net/indexes?api-version=2021-04-30-Preview
  response:
    body:
      string: '{"@odata.context":"https://searchf8231428.search.windows.net/$metadata#indexes/$entity","@odata.etag":"\"0x8D93C1D290BBBF1\"","name":"hotels","defaultScoringProfile":null,"fields":[{"name":"hotelId","type":"Edm.String","searchable":false,"filterable":true,"retrievable":true,"sortable":true,"facetable":true,"key":true,"indexAnalyzer":null,"searchAnalyzer":null,"analyzer":null,"normalizer":null,"synonymMaps":[]}],"scoringProfiles":[],"corsOptions":null,"suggesters":[],"analyzers":[],"normalizers":[],"tokenizers":[],"tokenFilters":[],"charFilters":[],"encryptionKey":null,"similarity":{"@odata.type":"#Microsoft.Azure.Search.BM25Similarity","k1":null,"b":null}}'
    headers:
      cache-control:
      - no-cache
      content-length:
      - '664'
      content-type:
      - application/json; odata.metadata=minimal
      date:
      - Wed, 30 Jun 2021 23:16:59 GMT
      elapsed-time:
      - '448'
      etag:
      - W/"0x8D93C1D290BBBF1"
      expires:
      - '-1'
      location:
      - https://searchf8231428.search.windows.net/indexes('hotels')?api-version=2021-04-30-Preview
      odata-version:
      - '4.0'
      pragma:
      - no-cache
      preference-applied:
      - odata.include-annotations="*"
      request-id:
      - 446f0c47-d9f9-11eb-888f-a0481ca055a9
      strict-transport-security:
      - max-age=15724800; includeSubDomains
    status:
      code: 201
      message: Created
- request:
    body: '{"name": "another-datasource", "type": "azureblob", "credentials": {"connectionString":
      "connection_string"}, "container": {"name": "searchcontainer"}}'
    headers:
      Accept:
      - application/json;odata.metadata=minimal
      Accept-Encoding:
      - gzip, deflate
      Connection:
      - keep-alive
      Content-Length:
      - '326'
      Content-Type:
      - application/json
      User-Agent:
      - azsdk-python-search-documents/11.3.0b1 Python/3.8.6 (Windows-10-10.0.19041-SP0)
    method: POST
    uri: https://searchf8231428.search.windows.net/datasources?api-version=2021-04-30-Preview
  response:
    body:
      string: '{"@odata.context":"https://searchf8231428.search.windows.net/$metadata#datasources/$entity","@odata.etag":"\"0x8D93C1D2946ACEE\"","name":"another-datasource","description":null,"type":"azureblob","subtype":null,"credentials":{"connectionString":null},"container":{"name":"searchcontainer","query":null},"dataChangeDetectionPolicy":null,"dataDeletionDetectionPolicy":null,"encryptionKey":null,"identity":null}'
    headers:
      cache-control:
      - no-cache
      content-length:
      - '408'
      content-type:
      - application/json; odata.metadata=minimal
      date:
      - Wed, 30 Jun 2021 23:16:59 GMT
      elapsed-time:
      - '31'
      etag:
      - W/"0x8D93C1D2946ACEE"
      expires:
      - '-1'
      location:
      - https://searchf8231428.search.windows.net/datasources('another-datasource')?api-version=2021-04-30-Preview
      odata-version:
      - '4.0'
      pragma:
      - no-cache
      preference-applied:
      - odata.include-annotations="*"
      request-id:
      - 44e597f5-d9f9-11eb-b8d7-a0481ca055a9
      strict-transport-security:
      - max-age=15724800; includeSubDomains
    status:
      code: 201
      message: Created
- request:
    body: '{"name": "another-index", "fields": [{"name": "hotelId", "type": "Edm.String",
      "key": true, "retrievable": true, "searchable": false}]}'
    headers:
      Accept:
      - application/json;odata.metadata=minimal
      Accept-Encoding:
      - gzip, deflate
      Connection:
      - keep-alive
      Content-Length:
      - '135'
      Content-Type:
      - application/json
      User-Agent:
      - azsdk-python-search-documents/11.3.0b1 Python/3.8.6 (Windows-10-10.0.19041-SP0)
    method: POST
    uri: https://searchf8231428.search.windows.net/indexes?api-version=2021-04-30-Preview
  response:
    body:
      string: '{"@odata.context":"https://searchf8231428.search.windows.net/$metadata#indexes/$entity","@odata.etag":"\"0x8D93C1D29C2836B\"","name":"another-index","defaultScoringProfile":null,"fields":[{"name":"hotelId","type":"Edm.String","searchable":false,"filterable":true,"retrievable":true,"sortable":true,"facetable":true,"key":true,"indexAnalyzer":null,"searchAnalyzer":null,"analyzer":null,"normalizer":null,"synonymMaps":[]}],"scoringProfiles":[],"corsOptions":null,"suggesters":[],"analyzers":[],"normalizers":[],"tokenizers":[],"tokenFilters":[],"charFilters":[],"encryptionKey":null,"similarity":{"@odata.type":"#Microsoft.Azure.Search.BM25Similarity","k1":null,"b":null}}'
    headers:
      cache-control:
      - no-cache
      content-length:
      - '671'
      content-type:
      - application/json; odata.metadata=minimal
      date:
      - Wed, 30 Jun 2021 23:16:59 GMT
      elapsed-time:
      - '451'
      etag:
      - W/"0x8D93C1D29C2836B"
      expires:
      - '-1'
      location:
      - https://searchf8231428.search.windows.net/indexes('another-index')?api-version=2021-04-30-Preview
      odata-version:
      - '4.0'
      pragma:
      - no-cache
      preference-applied:
      - odata.include-annotations="*"
      request-id:
      - 451feed0-d9f9-11eb-8709-a0481ca055a9
      strict-transport-security:
      - max-age=15724800; includeSubDomains
    status:
      code: 201
      message: Created
- request:
    body: '{"name": "sample-indexer", "dataSourceName": "sample-datasource", "targetIndexName":
      "hotels", "disabled": false}'
    headers:
      Accept:
      - application/json;odata.metadata=minimal
      Accept-Encoding:
      - gzip, deflate
      Connection:
      - keep-alive
      Content-Length:
      - '113'
      Content-Type:
      - application/json
      User-Agent:
      - azsdk-python-search-documents/11.3.0b1 Python/3.8.6 (Windows-10-10.0.19041-SP0)
    method: POST
    uri: https://searchf8231428.search.windows.net/indexers?api-version=2021-04-30-Preview
  response:
    body:
      string: '{"@odata.context":"https://searchf8231428.search.windows.net/$metadata#indexers/$entity","@odata.etag":"\"0x8D93C1D2A23EF54\"","name":"sample-indexer","description":null,"dataSourceName":"sample-datasource","skillsetName":null,"targetIndexName":"hotels","disabled":false,"schedule":null,"parameters":null,"fieldMappings":[],"outputFieldMappings":[],"cache":null,"encryptionKey":null}'
    headers:
      cache-control:
      - no-cache
      content-length:
      - '383'
      content-type:
      - application/json; odata.metadata=minimal
      date:
      - Wed, 30 Jun 2021 23:17:00 GMT
      elapsed-time:
      - '417'
      etag:
      - W/"0x8D93C1D2A23EF54"
      expires:
      - '-1'
      location:
      - https://searchf8231428.search.windows.net/indexers('sample-indexer')?api-version=2021-04-30-Preview
      odata-version:
      - '4.0'
      pragma:
      - no-cache
      preference-applied:
      - odata.include-annotations="*"
      request-id:
      - 459c6a37-d9f9-11eb-a6b4-a0481ca055a9
      strict-transport-security:
      - max-age=15724800; includeSubDomains
    status:
      code: 201
      message: Created
- request:
    body: '{"name": "another-indexer", "dataSourceName": "another-datasource", "targetIndexName":
      "another-index", "disabled": false}'
    headers:
      Accept:
      - application/json;odata.metadata=minimal
      Accept-Encoding:
      - gzip, deflate
      Connection:
      - keep-alive
      Content-Length:
      - '122'
      Content-Type:
      - application/json
      User-Agent:
      - azsdk-python-search-documents/11.3.0b1 Python/3.8.6 (Windows-10-10.0.19041-SP0)
    method: POST
    uri: https://searchf8231428.search.windows.net/indexers?api-version=2021-04-30-Preview
  response:
    body:
      string: '{"@odata.context":"https://searchf8231428.search.windows.net/$metadata#indexers/$entity","@odata.etag":"\"0x8D93C1D2A732F5B\"","name":"another-indexer","description":null,"dataSourceName":"another-datasource","skillsetName":null,"targetIndexName":"another-index","disabled":false,"schedule":null,"parameters":null,"fieldMappings":[],"outputFieldMappings":[],"cache":null,"encryptionKey":null}'
    headers:
      cache-control:
      - no-cache
      content-length:
      - '392'
      content-type:
      - application/json; odata.metadata=minimal
      date:
      - Wed, 30 Jun 2021 23:17:00 GMT
      elapsed-time:
      - '392'
      etag:
      - W/"0x8D93C1D2A732F5B"
      expires:
      - '-1'
      location:
      - https://searchf8231428.search.windows.net/indexers('another-indexer')?api-version=2021-04-30-Preview
      odata-version:
      - '4.0'
      pragma:
      - no-cache
      preference-applied:
      - odata.include-annotations="*"
      request-id:
      - 4612ad2a-d9f9-11eb-8364-a0481ca055a9
      strict-transport-security:
      - max-age=15724800; includeSubDomains
    status:
      code: 201
      message: Created
- request:
    body: null
    headers:
      Accept:
      - application/json;odata.metadata=minimal
      Accept-Encoding:
      - gzip, deflate
      Connection:
      - keep-alive
      User-Agent:
      - azsdk-python-search-documents/11.3.0b1 Python/3.8.6 (Windows-10-10.0.19041-SP0)
    method: GET
    uri: https://searchf8231428.search.windows.net/indexers?api-version=2021-04-30-Preview
  response:
    body:
      string: '{"@odata.context":"https://searchf8231428.search.windows.net/$metadata#indexers","value":[{"@odata.etag":"\"0x8D93C1D2A732F5B\"","name":"another-indexer","description":null,"dataSourceName":"another-datasource","skillsetName":null,"targetIndexName":"another-index","disabled":false,"schedule":null,"parameters":null,"fieldMappings":[],"outputFieldMappings":[],"cache":null,"encryptionKey":null},{"@odata.etag":"\"0x8D93C1D2A23EF54\"","name":"sample-indexer","description":null,"dataSourceName":"sample-datasource","skillsetName":null,"targetIndexName":"hotels","disabled":false,"schedule":null,"parameters":null,"fieldMappings":[],"outputFieldMappings":[],"cache":null,"encryptionKey":null}]}'
    headers:
      cache-control:
      - no-cache
      content-length:
      - '692'
      content-type:
      - application/json; odata.metadata=minimal
      date:
      - Wed, 30 Jun 2021 23:17:00 GMT
      elapsed-time:
      - '14'
      expires:
      - '-1'
      odata-version:
      - '4.0'
      pragma:
      - no-cache
      preference-applied:
      - odata.include-annotations="*"
      request-id:
      - 46603c45-d9f9-11eb-a7b0-a0481ca055a9
      strict-transport-security:
      - max-age=15724800; includeSubDomains
      vary:
      - Accept-Encoding
    status:
      code: 200
      message: OK
version: 1
