{
  "Entries": [
    {
      "RequestUri": "https://fakesearchendpoint.search.windows.net/indexes(\u0027drgqefsg\u0027)?api-version=2021-04-30-Preview",
      "RequestMethod": "GET",
      "RequestHeaders": {
        "Accept": "application/json;odata.metadata=minimal",
        "Accept-Encoding": "gzip, deflate",
        "Connection": "keep-alive",
        "User-Agent": "azsdk-python-search-documents/11.3.0b7 Python/3.9.2 (Windows-10-10.0.19041-SP0)",
        "x-ms-client-request-id": "bb845ca1-7fc2-11ec-9e34-74c63bed1137"
      },
      "RequestBody": null,
      "StatusCode": 200,
      "ResponseHeaders": {
        "Cache-Control": "no-cache",
        "Content-Encoding": "gzip",
        "Content-Length": "6696",
        "Content-Type": "application/json; odata.metadata=minimal",
        "Date": "Thu, 27 Jan 2022 22:44:49 GMT",
        "elapsed-time": "25",
        "ETag": "W/\u00220x8D9E1E69CD880E9\u0022",
        "Expires": "-1",
        "OData-Version": "4.0",
        "Pragma": "no-cache",
        "Preference-Applied": "odata.include-annotations=\u0022*\u0022",
        "request-id": "bb845ca1-7fc2-11ec-9e34-74c63bed1137",
        "Strict-Transport-Security": "max-age=15724800; includeSubDomains",
        "Vary": "Accept-Encoding"
      },
      "ResponseBody": {
        "@odata.context": "https://fakesearchendpoint.search.windows.net/$metadata#indexes/$entity",
        "@odata.etag": "\u00220x8D9E1E69CD880E9\u0022",
        "name": "drgqefsg",
        "defaultScoringProfile": null,
        "fields": [
          {
            "name": "hotelId",
            "type": "Edm.String",
            "searchable": false,
            "filterable": true,
            "retrievable": true,
            "sortable": true,
            "facetable": true,
            "key": true,
            "indexAnalyzer": null,
            "searchAnalyzer": null,
            "analyzer": null,
            "normalizer": null,
            "synonymMaps": []
          },
          {
            "name": "hotelName",
            "type": "Edm.String",
            "searchable": true,
            "filterable": true,
            "retrievable": true,
            "sortable": true,
            "facetable": false,
            "key": false,
            "indexAnalyzer": null,
            "searchAnalyzer": null,
            "analyzer": null,
            "normalizer": null,
            "synonymMaps": []
          },
          {
            "name": "description",
            "type": "Edm.String",
            "searchable": true,
            "filterable": false,
            "retrievable": true,
            "sortable": false,
            "facetable": false,
            "key": false,
            "indexAnalyzer": null,
            "searchAnalyzer": null,
            "analyzer": "en.lucene",
            "normalizer": null,
            "synonymMaps": []
          },
          {
            "name": "descriptionFr",
            "type": "Edm.String",
            "searchable": true,
            "filterable": false,
            "retrievable": true,
            "sortable": false,
            "facetable": false,
            "key": false,
            "indexAnalyzer": null,
            "searchAnalyzer": null,
            "analyzer": "fr.lucene",
            "normalizer": null,
            "synonymMaps": []
          },
          {
            "name": "category",
            "type": "Edm.String",
            "searchable": true,
            "filterable": true,
            "retrievable": true,
            "sortable": true,
            "facetable": true,
            "key": false,
            "indexAnalyzer": null,
            "searchAnalyzer": null,
            "analyzer": null,
            "normalizer": null,
            "synonymMaps": []
          },
          {
            "name": "tags",
            "type": "Collection(Edm.String)",
            "searchable": true,
            "filterable": true,
            "retrievable": true,
            "sortable": false,
            "facetable": true,
            "key": false,
            "indexAnalyzer": null,
            "searchAnalyzer": null,
            "analyzer": null,
            "normalizer": null,
            "synonymMaps": []
          },
          {
            "name": "parkingIncluded",
            "type": "Edm.Boolean",
            "searchable": false,
            "filterable": true,
            "retrievable": true,
            "sortable": true,
            "facetable": true,
            "key": false,
            "indexAnalyzer": null,
            "searchAnalyzer": null,
            "analyzer": null,
            "normalizer": null,
            "synonymMaps": []
          },
          {
            "name": "smokingAllowed",
            "type": "Edm.Boolean",
            "searchable": false,
            "filterable": true,
            "retrievable": true,
            "sortable": true,
            "facetable": true,
            "key": false,
            "indexAnalyzer": null,
            "searchAnalyzer": null,
            "analyzer": null,
            "normalizer": null,
            "synonymMaps": []
          },
          {
            "name": "lastRenovationDate",
            "type": "Edm.DateTimeOffset",
            "searchable": false,
            "filterable": true,
            "retrievable": true,
            "sortable": true,
            "facetable": true,
            "key": false,
            "indexAnalyzer": null,
            "searchAnalyzer": null,
            "analyzer": null,
            "normalizer": null,
            "synonymMaps": []
          },
          {
            "name": "rating",
            "type": "Edm.Int32",
            "searchable": false,
            "filterable": true,
            "retrievable": true,
            "sortable": true,
            "facetable": true,
            "key": false,
            "indexAnalyzer": null,
            "searchAnalyzer": null,
            "analyzer": null,
            "normalizer": null,
            "synonymMaps": []
          },
          {
            "name": "location",
            "type": "Edm.GeographyPoint",
            "searchable": false,
            "filterable": true,
            "retrievable": true,
            "sortable": true,
            "facetable": false,
            "key": false,
            "indexAnalyzer": null,
            "searchAnalyzer": null,
            "analyzer": null,
            "normalizer": null,
            "synonymMaps": []
          },
          {
            "name": "address",
            "type": "Edm.ComplexType",
            "fields": [
              {
                "name": "streetAddress",
                "type": "Edm.String",
                "searchable": true,
                "filterable": false,
                "retrievable": true,
                "sortable": false,
                "facetable": false,
                "key": false,
                "indexAnalyzer": null,
                "searchAnalyzer": null,
                "analyzer": null,
                "normalizer": null,
                "synonymMaps": []
              },
              {
                "name": "city",
                "type": "Edm.String",
                "searchable": true,
                "filterable": true,
                "retrievable": true,
                "sortable": true,
                "facetable": true,
                "key": false,
                "indexAnalyzer": null,
                "searchAnalyzer": null,
                "analyzer": null,
                "normalizer": null,
                "synonymMaps": []
              },
              {
                "name": "stateProvince",
                "type": "Edm.String",
                "searchable": true,
                "filterable": true,
                "retrievable": true,
                "sortable": true,
                "facetable": true,
                "key": false,
                "indexAnalyzer": null,
                "searchAnalyzer": null,
                "analyzer": null,
                "normalizer": null,
                "synonymMaps": []
              },
              {
                "name": "country",
                "type": "Edm.String",
                "searchable": true,
                "filterable": true,
                "retrievable": true,
                "sortable": true,
                "facetable": true,
                "key": false,
                "indexAnalyzer": null,
                "searchAnalyzer": null,
                "analyzer": null,
                "normalizer": null,
                "synonymMaps": []
              },
              {
                "name": "postalCode",
                "type": "Edm.String",
                "searchable": true,
                "filterable": true,
                "retrievable": true,
                "sortable": true,
                "facetable": true,
                "key": false,
                "indexAnalyzer": null,
                "searchAnalyzer": null,
                "analyzer": null,
                "normalizer": null,
                "synonymMaps": []
              }
            ]
          },
          {
            "name": "rooms",
            "type": "Collection(Edm.ComplexType)",
            "fields": [
              {
                "name": "description",
                "type": "Edm.String",
                "searchable": true,
                "filterable": false,
                "retrievable": true,
                "sortable": false,
                "facetable": false,
                "key": false,
                "indexAnalyzer": null,
                "searchAnalyzer": null,
                "analyzer": "en.lucene",
                "normalizer": null,
                "synonymMaps": []
              },
              {
                "name": "descriptionFr",
                "type": "Edm.String",
                "searchable": true,
                "filterable": false,
                "retrievable": true,
                "sortable": false,
                "facetable": false,
                "key": false,
                "indexAnalyzer": null,
                "searchAnalyzer": null,
                "analyzer": "fr.lucene",
                "normalizer": null,
                "synonymMaps": []
              },
              {
                "name": "type",
                "type": "Edm.String",
                "searchable": true,
                "filterable": true,
                "retrievable": true,
                "sortable": false,
                "facetable": true,
                "key": false,
                "indexAnalyzer": null,
                "searchAnalyzer": null,
                "analyzer": null,
                "normalizer": null,
                "synonymMaps": []
              },
              {
                "name": "baseRate",
                "type": "Edm.Double",
                "searchable": false,
                "filterable": true,
                "retrievable": true,
                "sortable": false,
                "facetable": true,
                "key": false,
                "indexAnalyzer": null,
                "searchAnalyzer": null,
                "analyzer": null,
                "normalizer": null,
                "synonymMaps": []
              },
              {
                "name": "bedOptions",
                "type": "Edm.String",
                "searchable": true,
                "filterable": true,
                "retrievable": true,
                "sortable": false,
                "facetable": true,
                "key": false,
                "indexAnalyzer": null,
                "searchAnalyzer": null,
                "analyzer": null,
                "normalizer": null,
                "synonymMaps": []
              },
              {
                "name": "sleepsCount",
                "type": "Edm.Int32",
                "searchable": false,
                "filterable": true,
                "retrievable": true,
                "sortable": false,
                "facetable": true,
                "key": false,
                "indexAnalyzer": null,
                "searchAnalyzer": null,
                "analyzer": null,
                "normalizer": null,
                "synonymMaps": []
              },
              {
                "name": "smokingAllowed",
                "type": "Edm.Boolean",
                "searchable": false,
                "filterable": true,
                "retrievable": true,
                "sortable": false,
                "facetable": true,
                "key": false,
                "indexAnalyzer": null,
                "searchAnalyzer": null,
                "analyzer": null,
                "normalizer": null,
                "synonymMaps": []
              },
              {
                "name": "tags",
                "type": "Collection(Edm.String)",
                "searchable": true,
                "filterable": true,
                "retrievable": true,
                "sortable": false,
                "facetable": true,
                "key": false,
                "indexAnalyzer": null,
                "searchAnalyzer": null,
                "analyzer": null,
                "normalizer": null,
                "synonymMaps": []
              }
            ]
          }
        ],
        "scoringProfiles": [
          {
            "name": "nearest",
            "functionAggregation": "sum",
            "text": null,
            "functions": [
              {
                "fieldName": "location",
                "interpolation": "linear",
                "type": "distance",
                "boost": 2.0,
                "freshness": null,
                "magnitude": null,
                "distance": {
                  "referencePointParameter": "myloc",
                  "boostingDistance": 100.0
                },
                "tag": null
              }
            ]
          }
        ],
        "corsOptions": null,
        "suggesters": [
          {
            "name": "sg",
            "searchMode": "analyzingInfixMatching",
            "sourceFields": [
              "description",
              "hotelName"
            ]
          }
        ],
        "analyzers": [],
        "normalizers": [],
        "tokenizers": [],
        "tokenFilters": [],
        "charFilters": [],
        "encryptionKey": null,
        "similarity": {
          "@odata.type": "#Microsoft.Azure.Search.BM25Similarity",
          "k1": null,
          "b": null
        },
        "semantic": null
      }
    },
    {
      "RequestUri": "https://fakesearchendpoint.search.windows.net/indexes(\u0027drgqefsg\u0027)/docs/search.index?api-version=2021-04-30-Preview",
      "RequestMethod": "POST",
      "RequestHeaders": {
        "Accept": "application/json;odata.metadata=none",
        "Accept-Encoding": "gzip, deflate",
        "Connection": "keep-alive",
        "Content-Length": "217",
        "Content-Type": "application/json",
        "User-Agent": "azsdk-python-search-documents/11.3.0b7 Python/3.9.2 (Windows-10-10.0.19041-SP0)",
        "x-ms-client-request-id": "bbf3bd44-7fc2-11ec-a232-74c63bed1137"
      },
      "RequestBody": {
        "value": [
          {
            "hotelId": "1000",
            "rating": 5,
            "rooms": [],
            "hotelName": "Azure Inn",
            "@search.action": "upload"
          },
          {
            "hotelId": "1001",
            "rating": 4,
            "rooms": [],
            "hotelName": "Redmond Hotel",
            "@search.action": "upload"
          }
        ]
      },
      "StatusCode": 200,
      "ResponseHeaders": {
        "Cache-Control": "no-cache",
        "Content-Encoding": "gzip",
        "Content-Length": "143",
        "Content-Type": "application/json; odata.metadata=none",
        "Date": "Thu, 27 Jan 2022 22:44:49 GMT",
        "elapsed-time": "33",
        "Expires": "-1",
        "OData-Version": "4.0",
        "Pragma": "no-cache",
        "Preference-Applied": "odata.include-annotations=\u0022*\u0022",
        "request-id": "bbf3bd44-7fc2-11ec-a232-74c63bed1137",
        "Strict-Transport-Security": "max-age=15724800; includeSubDomains",
        "Vary": "Accept-Encoding"
      },
      "ResponseBody": {
        "value": [
          {
            "key": "1000",
            "status": true,
            "errorMessage": null,
            "statusCode": 201
          },
          {
            "key": "1001",
            "status": true,
            "errorMessage": null,
            "statusCode": 201
          }
        ]
      }
    },
    {
      "RequestUri": "https://fakesearchendpoint.search.windows.net/indexes(\u0027drgqefsg\u0027)/docs/$count?api-version=2021-04-30-Preview",
      "RequestMethod": "GET",
      "RequestHeaders": {
        "Accept": "application/json;odata.metadata=none",
        "Accept-Encoding": "gzip, deflate",
        "Connection": "keep-alive",
        "User-Agent": "azsdk-python-search-documents/11.3.0b7 Python/3.9.2 (Windows-10-10.0.19041-SP0)",
        "x-ms-client-request-id": "bddec438-7fc2-11ec-97e1-74c63bed1137"
      },
      "RequestBody": null,
      "StatusCode": 200,
      "ResponseHeaders": {
        "Cache-Control": "no-cache",
        "Content-Encoding": "gzip",
        "Content-Length": "5",
        "Content-Type": "text/plain",
        "Date": "Thu, 27 Jan 2022 22:44:52 GMT",
        "elapsed-time": "9",
        "Expires": "-1",
        "OData-Version": "4.0",
        "Pragma": "no-cache",
        "Preference-Applied": "odata.include-annotations=\u0022*\u0022",
        "request-id": "bddec438-7fc2-11ec-97e1-74c63bed1137",
        "Strict-Transport-Security": "max-age=15724800; includeSubDomains",
        "Vary": "Accept-Encoding"
      },
      "ResponseBody": "\uFEFF12"
    },
    {
      "RequestUri": "https://fakesearchendpoint.search.windows.net/indexes(\u0027drgqefsg\u0027)/docs(\u00271000\u0027)?api-version=2021-04-30-Preview",
      "RequestMethod": "GET",
      "RequestHeaders": {
        "Accept": "application/json;odata.metadata=none",
        "Accept-Encoding": "gzip, deflate",
        "Connection": "keep-alive",
        "User-Agent": "azsdk-python-search-documents/11.3.0b7 Python/3.9.2 (Windows-10-10.0.19041-SP0)",
        "x-ms-client-request-id": "bdfc4845-7fc2-11ec-a6fb-74c63bed1137"
      },
      "RequestBody": null,
      "StatusCode": 200,
      "ResponseHeaders": {
        "Cache-Control": "no-cache",
        "Content-Encoding": "gzip",
        "Content-Length": "232",
        "Content-Type": "application/json; odata.metadata=none",
        "Date": "Thu, 27 Jan 2022 22:44:52 GMT",
        "elapsed-time": "9",
        "Expires": "-1",
        "OData-Version": "4.0",
        "Pragma": "no-cache",
        "Preference-Applied": "odata.include-annotations=\u0022*\u0022",
        "request-id": "bdfc4845-7fc2-11ec-a6fb-74c63bed1137",
        "Strict-Transport-Security": "max-age=15724800; includeSubDomains",
        "Vary": "Accept-Encoding"
      },
      "ResponseBody": {
        "hotelId": "1000",
        "hotelName": "Azure Inn",
        "description": null,
        "descriptionFr": null,
        "category": null,
        "tags": [],
        "parkingIncluded": null,
        "smokingAllowed": null,
        "lastRenovationDate": null,
        "rating": 5,
        "location": null,
        "address": null,
        "rooms": []
      }
    },
    {
      "RequestUri": "https://fakesearchendpoint.search.windows.net/indexes(\u0027drgqefsg\u0027)/docs(\u00271001\u0027)?api-version=2021-04-30-Preview",
      "RequestMethod": "GET",
      "RequestHeaders": {
        "Accept": "application/json;odata.metadata=none",
        "Accept-Encoding": "gzip, deflate",
        "Connection": "keep-alive",
        "User-Agent": "azsdk-python-search-documents/11.3.0b7 Python/3.9.2 (Windows-10-10.0.19041-SP0)",
        "x-ms-client-request-id": "be10f2d0-7fc2-11ec-ad0e-74c63bed1137"
      },
      "RequestBody": null,
      "StatusCode": 200,
      "ResponseHeaders": {
        "Cache-Control": "no-cache",
        "Content-Encoding": "gzip",
        "Content-Length": "236",
        "Content-Type": "application/json; odata.metadata=none",
        "Date": "Thu, 27 Jan 2022 22:44:52 GMT",
        "elapsed-time": "6",
        "Expires": "-1",
        "OData-Version": "4.0",
        "Pragma": "no-cache",
        "Preference-Applied": "odata.include-annotations=\u0022*\u0022",
        "request-id": "be10f2d0-7fc2-11ec-ad0e-74c63bed1137",
        "Strict-Transport-Security": "max-age=15724800; includeSubDomains",
        "Vary": "Accept-Encoding"
      },
      "ResponseBody": {
        "hotelId": "1001",
        "hotelName": "Redmond Hotel",
        "description": null,
        "descriptionFr": null,
        "category": null,
        "tags": [],
        "parkingIncluded": null,
        "smokingAllowed": null,
        "lastRenovationDate": null,
        "rating": 4,
        "location": null,
        "address": null,
        "rooms": []
      }
    },
    {
      "RequestUri": "https://fakesearchendpoint.search.windows.net/indexes(\u0027drgqefsg\u0027)/docs/search.index?api-version=2021-04-30-Preview",
      "RequestMethod": "POST",
      "RequestHeaders": {
        "Accept": "application/json;odata.metadata=none",
        "Accept-Encoding": "gzip, deflate",
        "Connection": "keep-alive",
        "Content-Length": "214",
        "Content-Type": "application/json",
        "User-Agent": "azsdk-python-search-documents/11.3.0b7 Python/3.9.2 (Windows-10-10.0.19041-SP0)",
        "x-ms-client-request-id": "be247537-7fc2-11ec-a3b7-74c63bed1137"
      },
      "RequestBody": {
        "value": [
          {
            "hotelId": "1002",
            "rating": 5,
            "rooms": [],
            "hotelName": "Azure Inn",
            "@search.action": "upload"
          },
          {
            "hotelId": "3",
            "rating": 4,
            "rooms": [],
            "hotelName": "Redmond Hotel",
            "@search.action": "upload"
          }
        ]
      },
      "StatusCode": 200,
      "ResponseHeaders": {
        "Cache-Control": "no-cache",
        "Content-Encoding": "gzip",
        "Content-Length": "140",
        "Content-Type": "application/json; odata.metadata=none",
        "Date": "Thu, 27 Jan 2022 22:44:52 GMT",
        "elapsed-time": "42",
        "Expires": "-1",
        "OData-Version": "4.0",
        "Pragma": "no-cache",
        "Preference-Applied": "odata.include-annotations=\u0022*\u0022",
        "request-id": "be247537-7fc2-11ec-a3b7-74c63bed1137",
        "Strict-Transport-Security": "max-age=15724800; includeSubDomains",
        "Vary": "Accept-Encoding"
      },
      "ResponseBody": {
        "value": [
          {
            "key": "1002",
            "status": true,
            "errorMessage": null,
            "statusCode": 201
          },
          {
            "key": "3",
            "status": true,
            "errorMessage": null,
            "statusCode": 200
          }
        ]
      }
    },
    {
      "RequestUri": "https://fakesearchendpoint.search.windows.net/indexes(\u0027drgqefsg\u0027)/docs/$count?api-version=2021-04-30-Preview",
      "RequestMethod": "GET",
      "RequestHeaders": {
        "Accept": "application/json;odata.metadata=none",
        "Accept-Encoding": "gzip, deflate",
        "Connection": "keep-alive",
        "User-Agent": "azsdk-python-search-documents/11.3.0b7 Python/3.9.2 (Windows-10-10.0.19041-SP0)",
        "x-ms-client-request-id": "c006b447-7fc2-11ec-b73c-74c63bed1137"
      },
      "RequestBody": null,
      "StatusCode": 200,
      "ResponseHeaders": {
        "Cache-Control": "no-cache",
        "Content-Encoding": "gzip",
        "Content-Length": "5",
        "Content-Type": "text/plain",
        "Date": "Thu, 27 Jan 2022 22:44:56 GMT",
        "elapsed-time": "6",
        "Expires": "-1",
        "OData-Version": "4.0",
        "Pragma": "no-cache",
        "Preference-Applied": "odata.include-annotations=\u0022*\u0022",
        "request-id": "c006b447-7fc2-11ec-b73c-74c63bed1137",
        "Strict-Transport-Security": "max-age=15724800; includeSubDomains",
        "Vary": "Accept-Encoding"
      },
      "ResponseBody": "\uFEFF13"
    },
    {
      "RequestUri": "https://fakesearchendpoint.search.windows.net/indexes(\u0027drgqefsg\u0027)/docs/search.index?api-version=2021-04-30-Preview",
      "RequestMethod": "POST",
      "RequestHeaders": {
        "Accept": "application/json;odata.metadata=none",
        "Accept-Encoding": "gzip, deflate",
        "Connection": "keep-alive",
        "Content-Length": "103",
        "Content-Type": "application/json",
        "User-Agent": "azsdk-python-search-documents/11.3.0b7 Python/3.9.2 (Windows-10-10.0.19041-SP0)",
        "x-ms-client-request-id": "c0195571-7fc2-11ec-b3b0-74c63bed1137"
      },
      "RequestBody": {
        "value": [
          {
            "hotelId": "3",
            "@search.action": "delete"
          },
          {
            "hotelId": "4",
            "@search.action": "delete"
          }
        ]
      },
      "StatusCode": 200,
      "ResponseHeaders": {
        "Cache-Control": "no-cache",
        "Content-Encoding": "gzip",
        "Content-Length": "137",
        "Content-Type": "application/json; odata.metadata=none",
        "Date": "Thu, 27 Jan 2022 22:44:56 GMT",
        "elapsed-time": "31",
        "Expires": "-1",
        "OData-Version": "4.0",
        "Pragma": "no-cache",
        "Preference-Applied": "odata.include-annotations=\u0022*\u0022",
        "request-id": "c0195571-7fc2-11ec-b3b0-74c63bed1137",
        "Strict-Transport-Security": "max-age=15724800; includeSubDomains",
        "Vary": "Accept-Encoding"
      },
      "ResponseBody": {
        "value": [
          {
            "key": "3",
            "status": true,
            "errorMessage": null,
            "statusCode": 200
          },
          {
            "key": "4",
            "status": true,
            "errorMessage": null,
            "statusCode": 200
          }
        ]
      }
    },
    {
      "RequestUri": "https://fakesearchendpoint.search.windows.net/indexes(\u0027drgqefsg\u0027)/docs/$count?api-version=2021-04-30-Preview",
      "RequestMethod": "GET",
      "RequestHeaders": {
        "Accept": "application/json;odata.metadata=none",
        "Accept-Encoding": "gzip, deflate",
        "Connection": "keep-alive",
        "User-Agent": "azsdk-python-search-documents/11.3.0b7 Python/3.9.2 (Windows-10-10.0.19041-SP0)",
        "x-ms-client-request-id": "c1fa4c7e-7fc2-11ec-a664-74c63bed1137"
      },
      "RequestBody": null,
      "StatusCode": 200,
      "ResponseHeaders": {
        "Cache-Control": "no-cache",
        "Content-Encoding": "gzip",
        "Content-Length": "5",
        "Content-Type": "text/plain",
        "Date": "Thu, 27 Jan 2022 22:44:59 GMT",
        "elapsed-time": "71",
        "Expires": "-1",
        "OData-Version": "4.0",
        "Pragma": "no-cache",
        "Preference-Applied": "odata.include-annotations=\u0022*\u0022",
        "request-id": "c1fa4c7e-7fc2-11ec-a664-74c63bed1137",
        "Strict-Transport-Security": "max-age=15724800; includeSubDomains",
        "Vary": "Accept-Encoding"
      },
      "ResponseBody": "\uFEFF11"
    },
    {
      "RequestUri": "https://fakesearchendpoint.search.windows.net/indexes(\u0027drgqefsg\u0027)/docs(\u00273\u0027)?api-version=2021-04-30-Preview",
      "RequestMethod": "GET",
      "RequestHeaders": {
        "Accept": "application/json;odata.metadata=none",
        "Accept-Encoding": "gzip, deflate",
        "Connection": "keep-alive",
        "User-Agent": "azsdk-python-search-documents/11.3.0b7 Python/3.9.2 (Windows-10-10.0.19041-SP0)",
        "x-ms-client-request-id": "c2176ebe-7fc2-11ec-b382-74c63bed1137"
      },
      "RequestBody": null,
      "StatusCode": 404,
      "ResponseHeaders": {
        "Cache-Control": "no-cache",
        "Content-Length": "0",
        "Date": "Thu, 27 Jan 2022 22:44:59 GMT",
        "elapsed-time": "6",
        "Expires": "-1",
        "Pragma": "no-cache",
        "request-id": "c2176ebe-7fc2-11ec-b382-74c63bed1137",
        "Strict-Transport-Security": "max-age=15724800; includeSubDomains"
      },
      "ResponseBody": null
    },
    {
      "RequestUri": "https://fakesearchendpoint.search.windows.net/indexes(\u0027drgqefsg\u0027)/docs(\u00274\u0027)?api-version=2021-04-30-Preview",
      "RequestMethod": "GET",
      "RequestHeaders": {
        "Accept": "application/json;odata.metadata=none",
        "Accept-Encoding": "gzip, deflate",
        "Connection": "keep-alive",
        "User-Agent": "azsdk-python-search-documents/11.3.0b7 Python/3.9.2 (Windows-10-10.0.19041-SP0)",
        "x-ms-client-request-id": "c22a3cc0-7fc2-11ec-861a-74c63bed1137"
      },
      "RequestBody": null,
      "StatusCode": 404,
      "ResponseHeaders": {
        "Cache-Control": "no-cache",
        "Content-Length": "0",
        "Date": "Thu, 27 Jan 2022 22:44:59 GMT",
        "elapsed-time": "6",
        "Expires": "-1",
        "Pragma": "no-cache",
        "request-id": "c22a3cc0-7fc2-11ec-861a-74c63bed1137",
        "Strict-Transport-Security": "max-age=15724800; includeSubDomains"
      },
      "ResponseBody": null
    },
    {
      "RequestUri": "https://fakesearchendpoint.search.windows.net/indexes(\u0027drgqefsg\u0027)/docs/search.index?api-version=2021-04-30-Preview",
      "RequestMethod": "POST",
      "RequestHeaders": {
        "Accept": "application/json;odata.metadata=none",
        "Accept-Encoding": "gzip, deflate",
        "Connection": "keep-alive",
        "Content-Length": "106",
        "Content-Type": "application/json",
        "User-Agent": "azsdk-python-search-documents/11.3.0b7 Python/3.9.2 (Windows-10-10.0.19041-SP0)",
        "x-ms-client-request-id": "c23bede7-7fc2-11ec-9dde-74c63bed1137"
      },
      "RequestBody": {
        "value": [
          {
            "hotelId": "1003",
            "@search.action": "delete"
          },
          {
            "hotelId": "2",
            "@search.action": "delete"
          }
        ]
      },
      "StatusCode": 200,
      "ResponseHeaders": {
        "Cache-Control": "no-cache",
        "Content-Encoding": "gzip",
        "Content-Length": "140",
        "Content-Type": "application/json; odata.metadata=none",
        "Date": "Thu, 27 Jan 2022 22:44:59 GMT",
        "elapsed-time": "38",
        "Expires": "-1",
        "OData-Version": "4.0",
        "Pragma": "no-cache",
        "Preference-Applied": "odata.include-annotations=\u0022*\u0022",
        "request-id": "c23bede7-7fc2-11ec-9dde-74c63bed1137",
        "Strict-Transport-Security": "max-age=15724800; includeSubDomains",
        "Vary": "Accept-Encoding"
      },
      "ResponseBody": {
        "value": [
          {
            "key": "1003",
            "status": true,
            "errorMessage": null,
            "statusCode": 200
          },
          {
            "key": "2",
            "status": true,
            "errorMessage": null,
            "statusCode": 200
          }
        ]
      }
    },
    {
      "RequestUri": "https://fakesearchendpoint.search.windows.net/indexes(\u0027drgqefsg\u0027)/docs/$count?api-version=2021-04-30-Preview",
      "RequestMethod": "GET",
      "RequestHeaders": {
        "Accept": "application/json;odata.metadata=none",
        "Accept-Encoding": "gzip, deflate",
        "Connection": "keep-alive",
        "User-Agent": "azsdk-python-search-documents/11.3.0b7 Python/3.9.2 (Windows-10-10.0.19041-SP0)",
        "x-ms-client-request-id": "c41e8a8a-7fc2-11ec-841e-74c63bed1137"
      },
      "RequestBody": null,
      "StatusCode": 200,
      "ResponseHeaders": {
        "Cache-Control": "no-cache",
        "Content-Encoding": "gzip",
        "Content-Length": "5",
        "Content-Type": "text/plain",
        "Date": "Thu, 27 Jan 2022 22:45:02 GMT",
        "elapsed-time": "7",
        "Expires": "-1",
        "OData-Version": "4.0",
        "Pragma": "no-cache",
        "Preference-Applied": "odata.include-annotations=\u0022*\u0022",
        "request-id": "c41e8a8a-7fc2-11ec-841e-74c63bed1137",
        "Strict-Transport-Security": "max-age=15724800; includeSubDomains",
        "Vary": "Accept-Encoding"
      },
      "ResponseBody": "\uFEFF10"
    },
    {
      "RequestUri": "https://fakesearchendpoint.search.windows.net/indexes(\u0027drgqefsg\u0027)/docs(\u00271003\u0027)?api-version=2021-04-30-Preview",
      "RequestMethod": "GET",
      "RequestHeaders": {
        "Accept": "application/json;odata.metadata=none",
        "Accept-Encoding": "gzip, deflate",
        "Connection": "keep-alive",
        "User-Agent": "azsdk-python-search-documents/11.3.0b7 Python/3.9.2 (Windows-10-10.0.19041-SP0)",
        "x-ms-client-request-id": "c431b110-7fc2-11ec-951b-74c63bed1137"
      },
      "RequestBody": null,
      "StatusCode": 404,
      "ResponseHeaders": {
        "Cache-Control": "no-cache",
        "Content-Length": "0",
        "Date": "Thu, 27 Jan 2022 22:45:03 GMT",
        "elapsed-time": "5",
        "Expires": "-1",
        "Pragma": "no-cache",
        "request-id": "c431b110-7fc2-11ec-951b-74c63bed1137",
        "Strict-Transport-Security": "max-age=15724800; includeSubDomains"
      },
      "ResponseBody": null
    },
    {
      "RequestUri": "https://fakesearchendpoint.search.windows.net/indexes(\u0027drgqefsg\u0027)/docs(\u00272\u0027)?api-version=2021-04-30-Preview",
      "RequestMethod": "GET",
      "RequestHeaders": {
        "Accept": "application/json;odata.metadata=none",
        "Accept-Encoding": "gzip, deflate",
        "Connection": "keep-alive",
        "User-Agent": "azsdk-python-search-documents/11.3.0b7 Python/3.9.2 (Windows-10-10.0.19041-SP0)",
        "x-ms-client-request-id": "c444d11f-7fc2-11ec-985d-74c63bed1137"
      },
      "RequestBody": null,
      "StatusCode": 404,
      "ResponseHeaders": {
        "Cache-Control": "no-cache",
        "Content-Length": "0",
        "Date": "Thu, 27 Jan 2022 22:45:03 GMT",
        "elapsed-time": "5",
        "Expires": "-1",
        "Pragma": "no-cache",
        "request-id": "c444d11f-7fc2-11ec-985d-74c63bed1137",
        "Strict-Transport-Security": "max-age=15724800; includeSubDomains"
      },
      "ResponseBody": null
    },
    {
      "RequestUri": "https://fakesearchendpoint.search.windows.net/indexes(\u0027drgqefsg\u0027)/docs/search.index?api-version=2021-04-30-Preview",
      "RequestMethod": "POST",
      "RequestHeaders": {
        "Accept": "application/json;odata.metadata=none",
        "Accept-Encoding": "gzip, deflate",
        "Connection": "keep-alive",
        "Content-Length": "127",
        "Content-Type": "application/json",
        "User-Agent": "azsdk-python-search-documents/11.3.0b7 Python/3.9.2 (Windows-10-10.0.19041-SP0)",
        "x-ms-client-request-id": "c457efdc-7fc2-11ec-89ed-74c63bed1137"
      },
      "RequestBody": {
        "value": [
          {
            "hotelId": "5",
            "rating": 1,
            "@search.action": "merge"
          },
          {
            "hotelId": "6",
            "rating": 2,
            "@search.action": "merge"
          }
        ]
      },
      "StatusCode": 200,
      "ResponseHeaders": {
        "Cache-Control": "no-cache",
        "Content-Encoding": "gzip",
        "Content-Length": "137",
        "Content-Type": "application/json; odata.metadata=none",
        "Date": "Thu, 27 Jan 2022 22:45:03 GMT",
        "elapsed-time": "42",
        "Expires": "-1",
        "OData-Version": "4.0",
        "Pragma": "no-cache",
        "Preference-Applied": "odata.include-annotations=\u0022*\u0022",
        "request-id": "c457efdc-7fc2-11ec-89ed-74c63bed1137",
        "Strict-Transport-Security": "max-age=15724800; includeSubDomains",
        "Vary": "Accept-Encoding"
      },
      "ResponseBody": {
        "value": [
          {
            "key": "5",
            "status": true,
            "errorMessage": null,
            "statusCode": 200
          },
          {
            "key": "6",
            "status": true,
            "errorMessage": null,
            "statusCode": 200
          }
        ]
      }
    },
    {
      "RequestUri": "https://fakesearchendpoint.search.windows.net/indexes(\u0027drgqefsg\u0027)/docs/$count?api-version=2021-04-30-Preview",
      "RequestMethod": "GET",
      "RequestHeaders": {
        "Accept": "application/json;odata.metadata=none",
        "Accept-Encoding": "gzip, deflate",
        "Connection": "keep-alive",
        "User-Agent": "azsdk-python-search-documents/11.3.0b7 Python/3.9.2 (Windows-10-10.0.19041-SP0)",
        "x-ms-client-request-id": "c63baf11-7fc2-11ec-86a4-74c63bed1137"
      },
      "RequestBody": null,
      "StatusCode": 200,
      "ResponseHeaders": {
        "Cache-Control": "no-cache",
        "Content-Encoding": "gzip",
        "Content-Length": "5",
        "Content-Type": "text/plain",
        "Date": "Thu, 27 Jan 2022 22:45:06 GMT",
        "elapsed-time": "7",
        "Expires": "-1",
        "OData-Version": "4.0",
        "Pragma": "no-cache",
        "Preference-Applied": "odata.include-annotations=\u0022*\u0022",
        "request-id": "c63baf11-7fc2-11ec-86a4-74c63bed1137",
        "Strict-Transport-Security": "max-age=15724800; includeSubDomains",
        "Vary": "Accept-Encoding"
      },
      "ResponseBody": "\uFEFF10"
    },
    {
      "RequestUri": "https://fakesearchendpoint.search.windows.net/indexes(\u0027drgqefsg\u0027)/docs(\u00275\u0027)?api-version=2021-04-30-Preview",
      "RequestMethod": "GET",
      "RequestHeaders": {
        "Accept": "application/json;odata.metadata=none",
        "Accept-Encoding": "gzip, deflate",
        "Connection": "keep-alive",
        "User-Agent": "azsdk-python-search-documents/11.3.0b7 Python/3.9.2 (Windows-10-10.0.19041-SP0)",
        "x-ms-client-request-id": "c64f3c24-7fc2-11ec-95c6-74c63bed1137"
      },
      "RequestBody": null,
      "StatusCode": 200,
      "ResponseHeaders": {
        "Cache-Control": "no-cache",
        "Content-Encoding": "gzip",
        "Content-Length": "418",
        "Content-Type": "application/json; odata.metadata=none",
        "Date": "Thu, 27 Jan 2022 22:45:06 GMT",
        "elapsed-time": "8",
        "Expires": "-1",
        "OData-Version": "4.0",
        "Pragma": "no-cache",
        "Preference-Applied": "odata.include-annotations=\u0022*\u0022",
        "request-id": "c64f3c24-7fc2-11ec-95c6-74c63bed1137",
        "Strict-Transport-Security": "max-age=15724800; includeSubDomains",
        "Vary": "Accept-Encoding"
      },
      "ResponseBody": {
        "hotelId": "5",
        "hotelName": "Comfy Place",
        "description": "Another good hotel",
        "descriptionFr": "Un autre bon h\u00C3\u00B4tel",
        "category": "Budget",
        "tags": [
          "wifi",
          "budget"
        ],
        "parkingIncluded": true,
        "smokingAllowed": false,
        "lastRenovationDate": "2012-08-12T00:00:00Z",
        "rating": 1,
        "location": {
          "type": "Point",
          "coordinates": [
            -122.131577,
            48.678581
          ],
          "crs": {
            "type": "name",
            "properties": {
              "name": "EPSG:4326"
            }
          }
        },
        "address": null,
        "rooms": []
      }
    },
    {
      "RequestUri": "https://fakesearchendpoint.search.windows.net/indexes(\u0027drgqefsg\u0027)/docs(\u00276\u0027)?api-version=2021-04-30-Preview",
      "RequestMethod": "GET",
      "RequestHeaders": {
        "Accept": "application/json;odata.metadata=none",
        "Accept-Encoding": "gzip, deflate",
        "Connection": "keep-alive",
        "User-Agent": "azsdk-python-search-documents/11.3.0b7 Python/3.9.2 (Windows-10-10.0.19041-SP0)",
        "x-ms-client-request-id": "c662b2fd-7fc2-11ec-a3db-74c63bed1137"
      },
      "RequestBody": null,
      "StatusCode": 200,
      "ResponseHeaders": {
        "Cache-Control": "no-cache",
        "Content-Encoding": "gzip",
        "Content-Length": "276",
        "Content-Type": "application/json; odata.metadata=none",
        "Date": "Thu, 27 Jan 2022 22:45:06 GMT",
        "elapsed-time": "6",
        "Expires": "-1",
        "OData-Version": "4.0",
        "Pragma": "no-cache",
        "Preference-Applied": "odata.include-annotations=\u0022*\u0022",
        "request-id": "c662b2fd-7fc2-11ec-a3db-74c63bed1137",
        "Strict-Transport-Security": "max-age=15724800; includeSubDomains",
        "Vary": "Accept-Encoding"
      },
      "ResponseBody": {
        "hotelId": "6",
        "hotelName": null,
        "description": "Surprisingly expensive. Model suites have an ocean-view.",
        "descriptionFr": null,
        "category": null,
        "tags": [],
        "parkingIncluded": null,
        "smokingAllowed": null,
        "lastRenovationDate": null,
        "rating": 2,
        "location": null,
        "address": null,
        "rooms": []
      }
    },
    {
      "RequestUri": "https://fakesearchendpoint.search.windows.net/indexes(\u0027drgqefsg\u0027)/docs/search.index?api-version=2021-04-30-Preview",
      "RequestMethod": "POST",
      "RequestHeaders": {
        "Accept": "application/json;odata.metadata=none",
        "Accept-Encoding": "gzip, deflate",
        "Connection": "keep-alive",
        "Content-Length": "130",
        "Content-Type": "application/json",
        "User-Agent": "azsdk-python-search-documents/11.3.0b7 Python/3.9.2 (Windows-10-10.0.19041-SP0)",
        "x-ms-client-request-id": "c675daab-7fc2-11ec-aa91-74c63bed1137"
      },
      "RequestBody": {
        "value": [
          {
            "hotelId": "1003",
            "rating": 1,
            "@search.action": "merge"
          },
          {
            "hotelId": "1",
            "rating": 2,
            "@search.action": "merge"
          }
        ]
      },
      "StatusCode": 207,
      "ResponseHeaders": {
        "Cache-Control": "no-cache",
        "Content-Encoding": "gzip",
        "Content-Length": "158",
        "Content-Type": "application/json; odata.metadata=none",
        "Date": "Thu, 27 Jan 2022 22:45:06 GMT",
        "elapsed-time": "34",
        "Expires": "-1",
        "OData-Version": "4.0",
        "Pragma": "no-cache",
        "Preference-Applied": "odata.include-annotations=\u0022*\u0022",
        "request-id": "c675daab-7fc2-11ec-aa91-74c63bed1137",
        "Strict-Transport-Security": "max-age=15724800; includeSubDomains",
        "Vary": "Accept-Encoding"
      },
      "ResponseBody": {
        "value": [
          {
            "key": "1003",
            "status": false,
            "errorMessage": "Document not found.",
            "statusCode": 404
          },
          {
            "key": "1",
            "status": true,
            "errorMessage": null,
            "statusCode": 200
          }
        ]
      }
    },
    {
      "RequestUri": "https://fakesearchendpoint.search.windows.net/indexes(\u0027drgqefsg\u0027)/docs/$count?api-version=2021-04-30-Preview",
      "RequestMethod": "GET",
      "RequestHeaders": {
        "Accept": "application/json;odata.metadata=none",
        "Accept-Encoding": "gzip, deflate",
        "Connection": "keep-alive",
        "User-Agent": "azsdk-python-search-documents/11.3.0b7 Python/3.9.2 (Windows-10-10.0.19041-SP0)",
        "x-ms-client-request-id": "c85bef26-7fc2-11ec-aac6-74c63bed1137"
      },
      "RequestBody": null,
      "StatusCode": 200,
      "ResponseHeaders": {
        "Cache-Control": "no-cache",
        "Content-Encoding": "gzip",
        "Content-Length": "5",
        "Content-Type": "text/plain",
        "Date": "Thu, 27 Jan 2022 22:45:09 GMT",
        "elapsed-time": "6",
        "Expires": "-1",
        "OData-Version": "4.0",
        "Pragma": "no-cache",
        "Preference-Applied": "odata.include-annotations=\u0022*\u0022",
        "request-id": "c85bef26-7fc2-11ec-aac6-74c63bed1137",
        "Strict-Transport-Security": "max-age=15724800; includeSubDomains",
        "Vary": "Accept-Encoding"
      },
      "ResponseBody": "\uFEFF10"
    },
    {
      "RequestUri": "https://fakesearchendpoint.search.windows.net/indexes(\u0027drgqefsg\u0027)/docs(\u00271003\u0027)?api-version=2021-04-30-Preview",
      "RequestMethod": "GET",
      "RequestHeaders": {
        "Accept": "application/json;odata.metadata=none",
        "Accept-Encoding": "gzip, deflate",
        "Connection": "keep-alive",
        "User-Agent": "azsdk-python-search-documents/11.3.0b7 Python/3.9.2 (Windows-10-10.0.19041-SP0)",
        "x-ms-client-request-id": "c86e084e-7fc2-11ec-80bb-74c63bed1137"
      },
      "RequestBody": null,
      "StatusCode": 404,
      "ResponseHeaders": {
        "Cache-Control": "no-cache",
        "Content-Length": "0",
        "Date": "Thu, 27 Jan 2022 22:45:09 GMT",
        "elapsed-time": "5",
        "Expires": "-1",
        "Pragma": "no-cache",
        "request-id": "c86e084e-7fc2-11ec-80bb-74c63bed1137",
        "Strict-Transport-Security": "max-age=15724800; includeSubDomains"
      },
      "ResponseBody": null
    },
    {
      "RequestUri": "https://fakesearchendpoint.search.windows.net/indexes(\u0027drgqefsg\u0027)/docs(\u00271\u0027)?api-version=2021-04-30-Preview",
      "RequestMethod": "GET",
      "RequestHeaders": {
        "Accept": "application/json;odata.metadata=none",
        "Accept-Encoding": "gzip, deflate",
        "Connection": "keep-alive",
        "User-Agent": "azsdk-python-search-documents/11.3.0b7 Python/3.9.2 (Windows-10-10.0.19041-SP0)",
        "x-ms-client-request-id": "c880495b-7fc2-11ec-9155-74c63bed1137"
      },
      "RequestBody": null,
      "StatusCode": 200,
      "ResponseHeaders": {
        "Cache-Control": "no-cache",
        "Content-Encoding": "gzip",
        "Content-Length": "1000",
        "Content-Type": "application/json; odata.metadata=none",
        "Date": "Thu, 27 Jan 2022 22:45:09 GMT",
        "elapsed-time": "6",
        "Expires": "-1",
        "OData-Version": "4.0",
        "Pragma": "no-cache",
        "Preference-Applied": "odata.include-annotations=\u0022*\u0022",
        "request-id": "c880495b-7fc2-11ec-9155-74c63bed1137",
        "Strict-Transport-Security": "max-age=15724800; includeSubDomains",
        "Vary": "Accept-Encoding"
      },
      "ResponseBody": {
        "hotelId": "1",
        "hotelName": "Fancy Stay",
        "description": "Best hotel in town if you like luxury hotels. They have an amazing infinity pool, a spa, and a really helpful concierge. The location is perfect -- right downtown, close to all the tourist attractions. We highly recommend this hotel.",
        "descriptionFr": "Meilleur h\u00C3\u00B4tel en ville si vous aimez les h\u00C3\u00B4tels de luxe. Ils ont une magnifique piscine \u00C3\u00A0 d\u00C3\u00A9bordement, un spa et un concierge tr\u00C3\u00A8s utile. L\u0027emplacement est parfait \u00E2\u20AC\u201C en plein centre, \u00C3\u00A0 proximit\u00C3\u00A9 de toutes les attractions touristiques. Nous recommandons fortement cet h\u00C3\u00B4tel.",
        "category": "Luxury",
        "tags": [
          "pool",
          "view",
          "wifi",
          "concierge"
        ],
        "parkingIncluded": false,
        "smokingAllowed": false,
        "lastRenovationDate": "2010-06-27T00:00:00Z",
        "rating": 2,
        "location": {
          "type": "Point",
          "coordinates": [
            -122.131577,
            47.678581
          ],
          "crs": {
            "type": "name",
            "properties": {
              "name": "EPSG:4326"
            }
          }
        },
        "address": null,
        "rooms": []
      }
    },
    {
      "RequestUri": "https://fakesearchendpoint.search.windows.net/indexes(\u0027drgqefsg\u0027)/docs/search.index?api-version=2021-04-30-Preview",
      "RequestMethod": "POST",
      "RequestHeaders": {
        "Accept": "application/json;odata.metadata=none",
        "Accept-Encoding": "gzip, deflate",
        "Connection": "keep-alive",
        "Content-Length": "146",
        "Content-Type": "application/json",
        "User-Agent": "azsdk-python-search-documents/11.3.0b7 Python/3.9.2 (Windows-10-10.0.19041-SP0)",
        "x-ms-client-request-id": "c893c455-7fc2-11ec-9e4d-74c63bed1137"
      },
      "RequestBody": {
        "value": [
          {
            "hotelId": "1003",
            "rating": 1,
            "@search.action": "mergeOrUpload"
          },
          {
            "hotelId": "1",
            "rating": 2,
            "@search.action": "mergeOrUpload"
          }
        ]
      },
      "StatusCode": 200,
      "ResponseHeaders": {
        "Cache-Control": "no-cache",
        "Content-Encoding": "gzip",
        "Content-Length": "140",
        "Content-Type": "application/json; odata.metadata=none",
        "Date": "Thu, 27 Jan 2022 22:45:10 GMT",
        "elapsed-time": "24",
        "Expires": "-1",
        "OData-Version": "4.0",
        "Pragma": "no-cache",
        "Preference-Applied": "odata.include-annotations=\u0022*\u0022",
        "request-id": "c893c455-7fc2-11ec-9e4d-74c63bed1137",
        "Strict-Transport-Security": "max-age=15724800; includeSubDomains",
        "Vary": "Accept-Encoding"
      },
      "ResponseBody": {
        "value": [
          {
            "key": "1003",
            "status": true,
            "errorMessage": null,
            "statusCode": 201
          },
          {
            "key": "1",
            "status": true,
            "errorMessage": null,
            "statusCode": 200
          }
        ]
      }
    },
    {
      "RequestUri": "https://fakesearchendpoint.search.windows.net/indexes(\u0027drgqefsg\u0027)/docs/$count?api-version=2021-04-30-Preview",
      "RequestMethod": "GET",
      "RequestHeaders": {
        "Accept": "application/json;odata.metadata=none",
        "Accept-Encoding": "gzip, deflate",
        "Connection": "keep-alive",
        "User-Agent": "azsdk-python-search-documents/11.3.0b7 Python/3.9.2 (Windows-10-10.0.19041-SP0)",
        "x-ms-client-request-id": "ca754b07-7fc2-11ec-9047-74c63bed1137"
      },
      "RequestBody": null,
      "StatusCode": 200,
      "ResponseHeaders": {
        "Cache-Control": "no-cache",
        "Content-Encoding": "gzip",
        "Content-Length": "5",
        "Content-Type": "text/plain",
        "Date": "Thu, 27 Jan 2022 22:45:13 GMT",
        "elapsed-time": "20",
        "Expires": "-1",
        "OData-Version": "4.0",
        "Pragma": "no-cache",
        "Preference-Applied": "odata.include-annotations=\u0022*\u0022",
        "request-id": "ca754b07-7fc2-11ec-9047-74c63bed1137",
        "Strict-Transport-Security": "max-age=15724800; includeSubDomains",
        "Vary": "Accept-Encoding"
      },
      "ResponseBody": "\uFEFF11"
    },
    {
      "RequestUri": "https://fakesearchendpoint.search.windows.net/indexes(\u0027drgqefsg\u0027)/docs(\u00271003\u0027)?api-version=2021-04-30-Preview",
      "RequestMethod": "GET",
      "RequestHeaders": {
        "Accept": "application/json;odata.metadata=none",
        "Accept-Encoding": "gzip, deflate",
        "Connection": "keep-alive",
        "User-Agent": "azsdk-python-search-documents/11.3.0b7 Python/3.9.2 (Windows-10-10.0.19041-SP0)",
        "x-ms-client-request-id": "ca8ac69a-7fc2-11ec-b682-74c63bed1137"
      },
      "RequestBody": null,
      "StatusCode": 200,
      "ResponseHeaders": {
        "Cache-Control": "no-cache",
        "Content-Encoding": "gzip",
        "Content-Length": "225",
        "Content-Type": "application/json; odata.metadata=none",
        "Date": "Thu, 27 Jan 2022 22:45:13 GMT",
        "elapsed-time": "6",
        "Expires": "-1",
        "OData-Version": "4.0",
        "Pragma": "no-cache",
        "Preference-Applied": "odata.include-annotations=\u0022*\u0022",
        "request-id": "ca8ac69a-7fc2-11ec-b682-74c63bed1137",
        "Strict-Transport-Security": "max-age=15724800; includeSubDomains",
        "Vary": "Accept-Encoding"
      },
      "ResponseBody": {
        "hotelId": "1003",
        "hotelName": null,
        "description": null,
        "descriptionFr": null,
        "category": null,
        "tags": [],
        "parkingIncluded": null,
        "smokingAllowed": null,
        "lastRenovationDate": null,
        "rating": 1,
        "location": null,
        "address": null,
        "rooms": []
      }
    },
    {
      "RequestUri": "https://fakesearchendpoint.search.windows.net/indexes(\u0027drgqefsg\u0027)/docs(\u00271\u0027)?api-version=2021-04-30-Preview",
      "RequestMethod": "GET",
      "RequestHeaders": {
        "Accept": "application/json;odata.metadata=none",
        "Accept-Encoding": "gzip, deflate",
        "Connection": "keep-alive",
        "User-Agent": "azsdk-python-search-documents/11.3.0b7 Python/3.9.2 (Windows-10-10.0.19041-SP0)",
        "x-ms-client-request-id": "ca9db955-7fc2-11ec-bbee-74c63bed1137"
      },
      "RequestBody": null,
      "StatusCode": 200,
      "ResponseHeaders": {
        "Cache-Control": "no-cache",
        "Content-Encoding": "gzip",
        "Content-Length": "1000",
        "Content-Type": "application/json; odata.metadata=none",
        "Date": "Thu, 27 Jan 2022 22:45:13 GMT",
        "elapsed-time": "5",
        "Expires": "-1",
        "OData-Version": "4.0",
        "Pragma": "no-cache",
        "Preference-Applied": "odata.include-annotations=\u0022*\u0022",
        "request-id": "ca9db955-7fc2-11ec-bbee-74c63bed1137",
        "Strict-Transport-Security": "max-age=15724800; includeSubDomains",
        "Vary": "Accept-Encoding"
      },
      "ResponseBody": {
        "hotelId": "1",
        "hotelName": "Fancy Stay",
        "description": "Best hotel in town if you like luxury hotels. They have an amazing infinity pool, a spa, and a really helpful concierge. The location is perfect -- right downtown, close to all the tourist attractions. We highly recommend this hotel.",
        "descriptionFr": "Meilleur h\u00C3\u00B4tel en ville si vous aimez les h\u00C3\u00B4tels de luxe. Ils ont une magnifique piscine \u00C3\u00A0 d\u00C3\u00A9bordement, un spa et un concierge tr\u00C3\u00A8s utile. L\u0027emplacement est parfait \u00E2\u20AC\u201C en plein centre, \u00C3\u00A0 proximit\u00C3\u00A9 de toutes les attractions touristiques. Nous recommandons fortement cet h\u00C3\u00B4tel.",
        "category": "Luxury",
        "tags": [
          "pool",
          "view",
          "wifi",
          "concierge"
        ],
        "parkingIncluded": false,
        "smokingAllowed": false,
        "lastRenovationDate": "2010-06-27T00:00:00Z",
        "rating": 2,
        "location": {
          "type": "Point",
          "coordinates": [
            -122.131577,
            47.678581
          ],
          "crs": {
            "type": "name",
            "properties": {
              "name": "EPSG:4326"
            }
          }
        },
        "address": null,
        "rooms": []
      }
    }
  ],
  "Variables": {}
}
