interactions:
- request:
    body: '{"name": "sample-datasource", "type": "azureblob", "credentials": {"connectionString":
      "connection_string"}, "container": {"name": "searchcontainer"}}'
    headers:
      Accept:
      - application/json;odata.metadata=minimal
      Accept-Encoding:
      - gzip, deflate
      Connection:
      - keep-alive
      Content-Length:
      - '325'
      Content-Type:
      - application/json
      User-Agent:
      - azsdk-python-search-documents/11.1.1 Python/3.8.6 (Windows-10-10.0.19041-SP0)
    method: POST
    uri: https://search8001902.search.windows.net/datasources?api-version=2020-06-30-Preview
  response:
    body:
      string: '{"@odata.context":"https://search8001902.search.windows.net/$metadata#datasources/$entity","@odata.etag":"\"0x8D8EFCB0E0D754F\"","name":"sample-datasource","description":null,"type":"azureblob","subtype":null,"credentials":{"connectionString":null},"container":{"name":"searchcontainer","query":null},"dataChangeDetectionPolicy":null,"dataDeletionDetectionPolicy":null,"encryptionKey":null}'
    headers:
      cache-control:
      - no-cache
      content-length:
      - '390'
      content-type:
      - application/json; odata.metadata=minimal
      date:
      - Thu, 25 Mar 2021 20:17:46 GMT
      elapsed-time:
      - '66'
      etag:
      - W/"0x8D8EFCB0E0D754F"
      expires:
      - '-1'
      location:
      - https://search8001902.search.windows.net/datasources('sample-datasource')?api-version=2020-06-30-Preview
      odata-version:
      - '4.0'
      pragma:
      - no-cache
      preference-applied:
      - odata.include-annotations="*"
      request-id:
      - 29bc629d-8da7-11eb-b353-a0481ca055a9
      strict-transport-security:
      - max-age=15724800; includeSubDomains
    status:
      code: 201
      message: Created
- request:
    body: '{"name": "hotels", "fields": [{"name": "hotelId", "type": "Edm.String",
      "key": true, "retrievable": true, "searchable": false}]}'
    headers:
      Accept:
      - application/json;odata.metadata=minimal
      Accept-Encoding:
      - gzip, deflate
      Connection:
      - keep-alive
      Content-Length:
      - '128'
      Content-Type:
      - application/json
      User-Agent:
      - azsdk-python-search-documents/11.1.1 Python/3.8.6 (Windows-10-10.0.19041-SP0)
    method: POST
    uri: https://search8001902.search.windows.net/indexes?api-version=2020-06-30-Preview
  response:
    body:
      string: '{"@odata.context":"https://search8001902.search.windows.net/$metadata#indexes/$entity","@odata.etag":"\"0x8D8EFCB0EA560FC\"","name":"hotels","defaultScoringProfile":null,"fields":[{"name":"hotelId","type":"Edm.String","searchable":false,"filterable":true,"retrievable":true,"sortable":true,"facetable":true,"key":true,"indexAnalyzer":null,"searchAnalyzer":null,"analyzer":null,"normalizer":null,"synonymMaps":[]}],"scoringProfiles":[],"corsOptions":null,"suggesters":[],"analyzers":[],"normalizers":[],"tokenizers":[],"tokenFilters":[],"charFilters":[],"encryptionKey":null,"similarity":{"@odata.type":"#Microsoft.Azure.Search.BM25Similarity","k1":null,"b":null}}'
    headers:
      cache-control:
      - no-cache
      content-length:
      - '663'
      content-type:
      - application/json; odata.metadata=minimal
      date:
      - Thu, 25 Mar 2021 20:17:47 GMT
      elapsed-time:
      - '544'
      etag:
      - W/"0x8D8EFCB0EA560FC"
      expires:
      - '-1'
      location:
      - https://search8001902.search.windows.net/indexes('hotels')?api-version=2020-06-30-Preview
      odata-version:
      - '4.0'
      pragma:
      - no-cache
      preference-applied:
      - odata.include-annotations="*"
      request-id:
      - 2a09f22d-8da7-11eb-85a8-a0481ca055a9
      strict-transport-security:
      - max-age=15724800; includeSubDomains
    status:
      code: 201
      message: Created
- request:
    body: '{"name": "sample-indexer", "dataSourceName": "sample-datasource", "targetIndexName":
      "hotels", "disabled": false}'
    headers:
      Accept:
      - application/json;odata.metadata=minimal
      Accept-Encoding:
      - gzip, deflate
      Connection:
      - keep-alive
      Content-Length:
      - '113'
      Content-Type:
      - application/json
      User-Agent:
      - azsdk-python-search-documents/11.1.1 Python/3.8.6 (Windows-10-10.0.19041-SP0)
    method: POST
    uri: https://search8001902.search.windows.net/indexers?api-version=2020-06-30-Preview
  response:
    body:
      string: '{"@odata.context":"https://search8001902.search.windows.net/$metadata#indexers/$entity","@odata.etag":"\"0x8D8EFCB0F16418A\"","name":"sample-indexer","description":null,"dataSourceName":"sample-datasource","skillsetName":null,"targetIndexName":"hotels","disabled":false,"schedule":null,"parameters":null,"fieldMappings":[],"outputFieldMappings":[],"cache":null,"encryptionKey":null}'
    headers:
      cache-control:
      - no-cache
      content-length:
      - '382'
      content-type:
      - application/json; odata.metadata=minimal
      date:
      - Thu, 25 Mar 2021 20:17:48 GMT
      elapsed-time:
      - '391'
      etag:
      - W/"0x8D8EFCB0F16418A"
      expires:
      - '-1'
      location:
      - https://search8001902.search.windows.net/indexers('sample-indexer')?api-version=2020-06-30-Preview
      odata-version:
      - '4.0'
      pragma:
      - no-cache
      preference-applied:
      - odata.include-annotations="*"
      request-id:
      - 2aa31b4e-8da7-11eb-a489-a0481ca055a9
      strict-transport-security:
      - max-age=15724800; includeSubDomains
    status:
      code: 201
      message: Created
- request:
    body: null
    headers:
      Accept:
      - application/json;odata.metadata=minimal
      Accept-Encoding:
      - gzip, deflate
      Connection:
      - keep-alive
      User-Agent:
      - azsdk-python-search-documents/11.1.1 Python/3.8.6 (Windows-10-10.0.19041-SP0)
    method: GET
    uri: https://search8001902.search.windows.net/indexers?api-version=2020-06-30-Preview
  response:
    body:
      string: '{"@odata.context":"https://search8001902.search.windows.net/$metadata#indexers","value":[{"@odata.etag":"\"0x8D8EFCB0F16418A\"","name":"sample-indexer","description":null,"dataSourceName":"sample-datasource","skillsetName":null,"targetIndexName":"hotels","disabled":false,"schedule":null,"parameters":null,"fieldMappings":[],"outputFieldMappings":[],"cache":null,"encryptionKey":null}]}'
    headers:
      cache-control:
      - no-cache
      content-length:
      - '386'
      content-type:
      - application/json; odata.metadata=minimal
      date:
      - Thu, 25 Mar 2021 20:17:48 GMT
      elapsed-time:
      - '18'
      expires:
      - '-1'
      odata-version:
      - '4.0'
      pragma:
      - no-cache
      preference-applied:
      - odata.include-annotations="*"
      request-id:
      - 2b20482c-8da7-11eb-aa77-a0481ca055a9
      strict-transport-security:
      - max-age=15724800; includeSubDomains
      vary:
      - Accept-Encoding
    status:
      code: 200
      message: OK
- request:
    body: '{"name": "sample-indexer", "description": "updated", "dataSourceName":
      "sample-datasource", "targetIndexName": "hotels", "disabled": false}'
    headers:
      Accept:
      - application/json;odata.metadata=minimal
      Accept-Encoding:
      - gzip, deflate
      Connection:
      - keep-alive
      Content-Length:
      - '139'
      Content-Type:
      - application/json
      Prefer:
      - return=representation
      User-Agent:
      - azsdk-python-search-documents/11.1.1 Python/3.8.6 (Windows-10-10.0.19041-SP0)
    method: PUT
    uri: https://search8001902.search.windows.net/indexers('sample-indexer')?api-version=2020-06-30-Preview
  response:
    body:
      string: '{"@odata.context":"https://search8001902.search.windows.net/$metadata#indexers/$entity","@odata.etag":"\"0x8D8EFCB0F770797\"","name":"sample-indexer","description":"updated","dataSourceName":"sample-datasource","skillsetName":null,"targetIndexName":"hotels","disabled":false,"schedule":null,"parameters":null,"fieldMappings":[],"outputFieldMappings":[],"cache":null,"encryptionKey":null}'
    headers:
      cache-control:
      - no-cache
      content-length:
      - '387'
      content-type:
      - application/json; odata.metadata=minimal
      date:
      - Thu, 25 Mar 2021 20:17:48 GMT
      elapsed-time:
      - '277'
      etag:
      - W/"0x8D8EFCB0F770797"
      expires:
      - '-1'
      odata-version:
      - '4.0'
      pragma:
      - no-cache
      preference-applied:
      - odata.include-annotations="*"
      request-id:
      - 2b372494-8da7-11eb-9a6e-a0481ca055a9
      strict-transport-security:
      - max-age=15724800; includeSubDomains
      vary:
      - Accept-Encoding
    status:
      code: 200
      message: OK
- request:
    body: null
    headers:
      Accept:
      - application/json;odata.metadata=minimal
      Accept-Encoding:
      - gzip, deflate
      Connection:
      - keep-alive
      User-Agent:
      - azsdk-python-search-documents/11.1.1 Python/3.8.6 (Windows-10-10.0.19041-SP0)
    method: GET
    uri: https://search8001902.search.windows.net/indexers?api-version=2020-06-30-Preview
  response:
    body:
      string: '{"@odata.context":"https://search8001902.search.windows.net/$metadata#indexers","value":[{"@odata.etag":"\"0x8D8EFCB0F770797\"","name":"sample-indexer","description":"updated","dataSourceName":"sample-datasource","skillsetName":null,"targetIndexName":"hotels","disabled":false,"schedule":null,"parameters":null,"fieldMappings":[],"outputFieldMappings":[],"cache":null,"encryptionKey":null}]}'
    headers:
      cache-control:
      - no-cache
      content-length:
      - '391'
      content-type:
      - application/json; odata.metadata=minimal
      date:
      - Thu, 25 Mar 2021 20:17:48 GMT
      elapsed-time:
      - '21'
      expires:
      - '-1'
      odata-version:
      - '4.0'
      pragma:
      - no-cache
      preference-applied:
      - odata.include-annotations="*"
      request-id:
      - 2b75679d-8da7-11eb-ac88-a0481ca055a9
      strict-transport-security:
      - max-age=15724800; includeSubDomains
      vary:
      - Accept-Encoding
    status:
      code: 200
      message: OK
- request:
    body: null
    headers:
      Accept:
      - application/json;odata.metadata=minimal
      Accept-Encoding:
      - gzip, deflate
      Connection:
      - keep-alive
      User-Agent:
      - azsdk-python-search-documents/11.1.1 Python/3.8.6 (Windows-10-10.0.19041-SP0)
    method: GET
    uri: https://search8001902.search.windows.net/indexers('sample-indexer')?api-version=2020-06-30-Preview
  response:
    body:
      string: '{"@odata.context":"https://search8001902.search.windows.net/$metadata#indexers/$entity","@odata.etag":"\"0x8D8EFCB0F770797\"","name":"sample-indexer","description":"updated","dataSourceName":"sample-datasource","skillsetName":null,"targetIndexName":"hotels","disabled":false,"schedule":null,"parameters":null,"fieldMappings":[],"outputFieldMappings":[],"cache":null,"encryptionKey":null}'
    headers:
      cache-control:
      - no-cache
      content-length:
      - '387'
      content-type:
      - application/json; odata.metadata=minimal
      date:
      - Thu, 25 Mar 2021 20:17:49 GMT
      elapsed-time:
      - '8'
      etag:
      - W/"0x8D8EFCB0F770797"
      expires:
      - '-1'
      odata-version:
      - '4.0'
      pragma:
      - no-cache
      preference-applied:
      - odata.include-annotations="*"
      request-id:
      - 2b8ac1b9-8da7-11eb-a084-a0481ca055a9
      strict-transport-security:
      - max-age=15724800; includeSubDomains
      vary:
      - Accept-Encoding
    status:
      code: 200
      message: OK
version: 1
