interactions:
- request:
    body: null
    headers:
      Accept:
      - application/json;odata.metadata=minimal
      Accept-Encoding:
      - gzip, deflate
      Connection:
      - keep-alive
      User-Agent:
      - azsdk-python-search-documents/11.3.0b3 Python/3.9.2 (Windows-10-10.0.19041-SP0)
    method: GET
    uri: https://searchdd361c5d.search.windows.net/indexes('drgqefsg')?api-version=2021-04-30-Preview
  response:
    body:
      string: '{"@odata.context":"https://searchdd361c5d.search.windows.net/$metadata#indexes/$entity","@odata.etag":"\"0x8D96CA1B597DF8D\"","name":"drgqefsg","defaultScoringProfile":null,"fields":[{"name":"hotelId","type":"Edm.String","searchable":false,"filterable":true,"retrievable":true,"sortable":true,"facetable":true,"key":true,"indexAnalyzer":null,"searchAnalyzer":null,"analyzer":null,"normalizer":null,"synonymMaps":[]},{"name":"hotelName","type":"Edm.String","searchable":true,"filterable":true,"retrievable":true,"sortable":true,"facetable":false,"key":false,"indexAnalyzer":null,"searchAnalyzer":null,"analyzer":null,"normalizer":null,"synonymMaps":[]},{"name":"description","type":"Edm.String","searchable":true,"filterable":false,"retrievable":true,"sortable":false,"facetable":false,"key":false,"indexAnalyzer":null,"searchAnalyzer":null,"analyzer":"en.lucene","normalizer":null,"synonymMaps":[]},{"name":"descriptionFr","type":"Edm.String","searchable":true,"filterable":false,"retrievable":true,"sortable":false,"facetable":false,"key":false,"indexAnalyzer":null,"searchAnalyzer":null,"analyzer":"fr.lucene","normalizer":null,"synonymMaps":[]},{"name":"category","type":"Edm.String","searchable":true,"filterable":true,"retrievable":true,"sortable":true,"facetable":true,"key":false,"indexAnalyzer":null,"searchAnalyzer":null,"analyzer":null,"normalizer":null,"synonymMaps":[]},{"name":"tags","type":"Collection(Edm.String)","searchable":true,"filterable":true,"retrievable":true,"sortable":false,"facetable":true,"key":false,"indexAnalyzer":null,"searchAnalyzer":null,"analyzer":null,"normalizer":null,"synonymMaps":[]},{"name":"parkingIncluded","type":"Edm.Boolean","searchable":false,"filterable":true,"retrievable":true,"sortable":true,"facetable":true,"key":false,"indexAnalyzer":null,"searchAnalyzer":null,"analyzer":null,"normalizer":null,"synonymMaps":[]},{"name":"smokingAllowed","type":"Edm.Boolean","searchable":false,"filterable":true,"retrievable":true,"sortable":true,"facetable":true,"key":false,"indexAnalyzer":null,"searchAnalyzer":null,"analyzer":null,"normalizer":null,"synonymMaps":[]},{"name":"lastRenovationDate","type":"Edm.DateTimeOffset","searchable":false,"filterable":true,"retrievable":true,"sortable":true,"facetable":true,"key":false,"indexAnalyzer":null,"searchAnalyzer":null,"analyzer":null,"normalizer":null,"synonymMaps":[]},{"name":"rating","type":"Edm.Int32","searchable":false,"filterable":true,"retrievable":true,"sortable":true,"facetable":true,"key":false,"indexAnalyzer":null,"searchAnalyzer":null,"analyzer":null,"normalizer":null,"synonymMaps":[]},{"name":"location","type":"Edm.GeographyPoint","searchable":false,"filterable":true,"retrievable":true,"sortable":true,"facetable":false,"key":false,"indexAnalyzer":null,"searchAnalyzer":null,"analyzer":null,"normalizer":null,"synonymMaps":[]},{"name":"address","type":"Edm.ComplexType","fields":[{"name":"streetAddress","type":"Edm.String","searchable":true,"filterable":false,"retrievable":true,"sortable":false,"facetable":false,"key":false,"indexAnalyzer":null,"searchAnalyzer":null,"analyzer":null,"normalizer":null,"synonymMaps":[]},{"name":"city","type":"Edm.String","searchable":true,"filterable":true,"retrievable":true,"sortable":true,"facetable":true,"key":false,"indexAnalyzer":null,"searchAnalyzer":null,"analyzer":null,"normalizer":null,"synonymMaps":[]},{"name":"stateProvince","type":"Edm.String","searchable":true,"filterable":true,"retrievable":true,"sortable":true,"facetable":true,"key":false,"indexAnalyzer":null,"searchAnalyzer":null,"analyzer":null,"normalizer":null,"synonymMaps":[]},{"name":"country","type":"Edm.String","searchable":true,"filterable":true,"retrievable":true,"sortable":true,"facetable":true,"key":false,"indexAnalyzer":null,"searchAnalyzer":null,"analyzer":null,"normalizer":null,"synonymMaps":[]},{"name":"postalCode","type":"Edm.String","searchable":true,"filterable":true,"retrievable":true,"sortable":true,"facetable":true,"key":false,"indexAnalyzer":null,"searchAnalyzer":null,"analyzer":null,"normalizer":null,"synonymMaps":[]}]},{"name":"rooms","type":"Collection(Edm.ComplexType)","fields":[{"name":"description","type":"Edm.String","searchable":true,"filterable":false,"retrievable":true,"sortable":false,"facetable":false,"key":false,"indexAnalyzer":null,"searchAnalyzer":null,"analyzer":"en.lucene","normalizer":null,"synonymMaps":[]},{"name":"descriptionFr","type":"Edm.String","searchable":true,"filterable":false,"retrievable":true,"sortable":false,"facetable":false,"key":false,"indexAnalyzer":null,"searchAnalyzer":null,"analyzer":"fr.lucene","normalizer":null,"synonymMaps":[]},{"name":"type","type":"Edm.String","searchable":true,"filterable":true,"retrievable":true,"sortable":false,"facetable":true,"key":false,"indexAnalyzer":null,"searchAnalyzer":null,"analyzer":null,"normalizer":null,"synonymMaps":[]},{"name":"baseRate","type":"Edm.Double","searchable":false,"filterable":true,"retrievable":true,"sortable":false,"facetable":true,"key":false,"indexAnalyzer":null,"searchAnalyzer":null,"analyzer":null,"normalizer":null,"synonymMaps":[]},{"name":"bedOptions","type":"Edm.String","searchable":true,"filterable":true,"retrievable":true,"sortable":false,"facetable":true,"key":false,"indexAnalyzer":null,"searchAnalyzer":null,"analyzer":null,"normalizer":null,"synonymMaps":[]},{"name":"sleepsCount","type":"Edm.Int32","searchable":false,"filterable":true,"retrievable":true,"sortable":false,"facetable":true,"key":false,"indexAnalyzer":null,"searchAnalyzer":null,"analyzer":null,"normalizer":null,"synonymMaps":[]},{"name":"smokingAllowed","type":"Edm.Boolean","searchable":false,"filterable":true,"retrievable":true,"sortable":false,"facetable":true,"key":false,"indexAnalyzer":null,"searchAnalyzer":null,"analyzer":null,"normalizer":null,"synonymMaps":[]},{"name":"tags","type":"Collection(Edm.String)","searchable":true,"filterable":true,"retrievable":true,"sortable":false,"facetable":true,"key":false,"indexAnalyzer":null,"searchAnalyzer":null,"analyzer":null,"normalizer":null,"synonymMaps":[]}]}],"scoringProfiles":[{"name":"nearest","functionAggregation":"sum","text":null,"functions":[{"fieldName":"location","interpolation":"linear","type":"distance","boost":2.0,"freshness":null,"magnitude":null,"distance":{"referencePointParameter":"myloc","boostingDistance":100.0},"tag":null}]}],"corsOptions":null,"suggesters":[{"name":"sg","searchMode":"analyzingInfixMatching","sourceFields":["description","hotelName"]}],"analyzers":[],"normalizers":[],"tokenizers":[],"tokenFilters":[],"charFilters":[],"encryptionKey":null,"similarity":{"@odata.type":"#Microsoft.Azure.Search.BM25Similarity","k1":null,"b":null}}'
    headers:
      cache-control:
      - no-cache
      content-length:
      - '6676'
      content-type:
      - application/json; odata.metadata=minimal
      date:
      - Tue, 31 Aug 2021 17:07:09 GMT
      elapsed-time:
      - '47'
      etag:
      - W/"0x8D96CA1B597DF8D"
      expires:
      - '-1'
      odata-version:
      - '4.0'
      pragma:
      - no-cache
      preference-applied:
      - odata.include-annotations="*"
      request-id:
      - e16da41e-0a7d-11ec-9b2e-74c63bed1137
      strict-transport-security:
      - max-age=15724800; includeSubDomains
      vary:
      - Accept-Encoding
    status:
      code: 200
      message: OK
- request:
    body: '{"value": [{"hotelId": "3", "rating": 1, "@search.action": "merge"}, {"hotelId":
      "4", "rating": 2, "@search.action": "merge"}]}'
    headers:
      Accept:
      - application/json;odata.metadata=none
      Accept-Encoding:
      - gzip, deflate
      Connection:
      - keep-alive
      Content-Length:
      - '127'
      Content-Type:
      - application/json
      User-Agent:
      - azsdk-python-search-documents/11.3.0b3 Python/3.9.2 (Windows-10-10.0.19041-SP0)
    method: POST
    uri: https://searchdd361c5d.search.windows.net/indexes('drgqefsg')/docs/search.index?api-version=2021-04-30-Preview
  response:
    body:
      string: '{"value":[{"key":"3","status":true,"errorMessage":null,"statusCode":200},{"key":"4","status":true,"errorMessage":null,"statusCode":200}]}'
    headers:
      cache-control:
      - no-cache
      content-length:
      - '137'
      content-type:
      - application/json; odata.metadata=none
      date:
      - Tue, 31 Aug 2021 17:07:09 GMT
      elapsed-time:
      - '44'
      expires:
      - '-1'
      odata-version:
      - '4.0'
      pragma:
      - no-cache
      preference-applied:
      - odata.include-annotations="*"
      request-id:
      - e1a1aaba-0a7d-11ec-9028-74c63bed1137
      strict-transport-security:
      - max-age=15724800; includeSubDomains
      vary:
      - Accept-Encoding
    status:
      code: 200
      message: OK
- request:
    body: null
    headers:
      Accept:
      - application/json;odata.metadata=none
      Accept-Encoding:
      - gzip, deflate
      Connection:
      - keep-alive
      User-Agent:
      - azsdk-python-search-documents/11.3.0b3 Python/3.9.2 (Windows-10-10.0.19041-SP0)
    method: GET
    uri: https://searchdd361c5d.search.windows.net/indexes('drgqefsg')/docs/$count?api-version=2021-04-30-Preview
  response:
    body:
      string: "\uFEFF10"
    headers:
      cache-control:
      - no-cache
      content-length:
      - '5'
      content-type:
      - text/plain
      date:
      - Tue, 31 Aug 2021 17:07:12 GMT
      elapsed-time:
      - '190'
      expires:
      - '-1'
      odata-version:
      - '4.0'
      pragma:
      - no-cache
      preference-applied:
      - odata.include-annotations="*"
      request-id:
      - e3936ac2-0a7d-11ec-8353-74c63bed1137
      strict-transport-security:
      - max-age=15724800; includeSubDomains
      vary:
      - Accept-Encoding
    status:
      code: 200
      message: OK
- request:
    body: null
    headers:
      Accept:
      - application/json;odata.metadata=none
      Accept-Encoding:
      - gzip, deflate
      Connection:
      - keep-alive
      User-Agent:
      - azsdk-python-search-documents/11.3.0b3 Python/3.9.2 (Windows-10-10.0.19041-SP0)
    method: GET
    uri: https://searchdd361c5d.search.windows.net/indexes('drgqefsg')/docs('3')?api-version=2021-04-30-Preview
  response:
    body:
      string: '{"hotelId":"3","hotelName":"EconoStay","description":"Very popular
        hotel in town","descriptionFr":"H\u00c3\u00b4tel le plus populaire en ville","category":"Budget","tags":["wifi","budget"],"parkingIncluded":true,"smokingAllowed":false,"lastRenovationDate":"1995-07-01T00:00:00Z","rating":1,"location":{"type":"Point","coordinates":[-122.131577,46.678581],"crs":{"type":"name","properties":{"name":"EPSG:4326"}}},"address":null,"rooms":[]}'
    headers:
      cache-control:
      - no-cache
      content-length:
      - '438'
      content-type:
      - application/json; odata.metadata=none
      date:
      - Tue, 31 Aug 2021 17:07:13 GMT
      elapsed-time:
      - '33'
      expires:
      - '-1'
      odata-version:
      - '4.0'
      pragma:
      - no-cache
      preference-applied:
      - odata.include-annotations="*"
      request-id:
      - e3d128ca-0a7d-11ec-9c2a-74c63bed1137
      strict-transport-security:
      - max-age=15724800; includeSubDomains
      vary:
      - Accept-Encoding
    status:
      code: 200
      message: OK
- request:
    body: null
    headers:
      Accept:
      - application/json;odata.metadata=none
      Accept-Encoding:
      - gzip, deflate
      Connection:
      - keep-alive
      User-Agent:
      - azsdk-python-search-documents/11.3.0b3 Python/3.9.2 (Windows-10-10.0.19041-SP0)
    method: GET
    uri: https://searchdd361c5d.search.windows.net/indexes('drgqefsg')/docs('4')?api-version=2021-04-30-Preview
  response:
    body:
      string: '{"hotelId":"4","hotelName":"Express Rooms","description":"Pretty good
        hotel","descriptionFr":"Assez bon h\u00c3\u00b4tel","category":"Budget","tags":["wifi","budget"],"parkingIncluded":true,"smokingAllowed":false,"lastRenovationDate":"1995-07-01T00:00:00Z","rating":2,"location":{"type":"Point","coordinates":[-122.131577,48.678581],"crs":{"type":"name","properties":{"name":"EPSG:4326"}}},"address":null,"rooms":[]}'
    headers:
      cache-control:
      - no-cache
      content-length:
      - '416'
      content-type:
      - application/json; odata.metadata=none
      date:
      - Tue, 31 Aug 2021 17:07:13 GMT
      elapsed-time:
      - '5'
      expires:
      - '-1'
      odata-version:
      - '4.0'
      pragma:
      - no-cache
      preference-applied:
      - odata.include-annotations="*"
      request-id:
      - e3df1e0a-0a7d-11ec-8acc-74c63bed1137
      strict-transport-security:
      - max-age=15724800; includeSubDomains
      vary:
      - Accept-Encoding
    status:
      code: 200
      message: OK
version: 1
