interactions:
- request:
    body: 'b''{"name": "sample-datasource", "type": "azureblob", "credentials": {"connectionString":
      "connection_string"}, "container": {"name": "searchcontainer"}}'''
    headers:
      Accept:
      - application/json;odata.metadata=minimal
      Accept-Encoding:
      - gzip, deflate
      Connection:
      - keep-alive
      Content-Length:
      - '321'
      Content-Type:
      - application/json
      User-Agent:
      - azsdk-python-search-documents/1.0.0b3 Python/3.7.3 (Windows-10-10.0.17763-SP0)
      api-key:
      - 611B37AA724F1C68730D7CF6A8C3A842
    method: POST
    uri: https://searchd06a1351.search.windows.net/datasources?api-version=2019-05-06-Preview
  response:
    body:
      string: '{"@odata.context":"https://searchd06a1351.search.windows.net/$metadata#datasources/$entity","@odata.etag":"\"0x8D7ED5117F9A6D3\"","name":"sample-datasource","description":null,"type":"azureblob","subtype":null,"credentials":{"connectionString":null},"container":{"name":"searchcontainer","query":null},"dataChangeDetectionPolicy":null,"dataDeletionDetectionPolicy":null}'
    headers:
      cache-control:
      - no-cache
      content-length:
      - '370'
      content-type:
      - application/json; odata.metadata=minimal
      date:
      - Thu, 30 Apr 2020 21:54:43 GMT
      elapsed-time:
      - '59'
      etag:
      - W/"0x8D7ED5117F9A6D3"
      expires:
      - '-1'
      location:
      - https://searchd06a1351.search.windows.net/datasources('sample-datasource')?api-version=2019-05-06-Preview
      odata-version:
      - '4.0'
      pragma:
      - no-cache
      preference-applied:
      - odata.include-annotations="*"
      request-id:
      - 33c2ac1c-8b2d-11ea-ae25-2816a845e8c6
      strict-transport-security:
      - max-age=15724800; includeSubDomains
    status:
      code: 201
      message: Created
- request:
    body: '{"name": "hotels", "fields": [{"name": "hotelId", "type": "Edm.String",
      "key": true, "searchable": false}]}'
    headers:
      Accept:
      - application/json;odata.metadata=minimal
      Accept-Encoding:
      - gzip, deflate
      Connection:
      - keep-alive
      Content-Length:
      - '107'
      Content-Type:
      - application/json
      User-Agent:
      - azsdk-python-search-documents/1.0.0b3 Python/3.7.3 (Windows-10-10.0.17763-SP0)
      api-key:
      - 611B37AA724F1C68730D7CF6A8C3A842
    method: POST
    uri: https://searchd06a1351.search.windows.net/indexes?api-version=2019-05-06-Preview
  response:
    body:
      string: '{"@odata.context":"https://searchd06a1351.search.windows.net/$metadata#indexes/$entity","@odata.etag":"\"0x8D7ED511891E3D4\"","name":"hotels","defaultScoringProfile":null,"fields":[{"name":"hotelId","type":"Edm.String","searchable":false,"filterable":true,"retrievable":true,"sortable":true,"facetable":true,"key":true,"indexAnalyzer":null,"searchAnalyzer":null,"analyzer":null,"synonymMaps":[]}],"scoringProfiles":[],"corsOptions":null,"suggesters":[],"analyzers":[],"tokenizers":[],"tokenFilters":[],"charFilters":[],"encryptionKey":null,"similarity":null}'
    headers:
      cache-control:
      - no-cache
      content-length:
      - '558'
      content-type:
      - application/json; odata.metadata=minimal
      date:
      - Thu, 30 Apr 2020 21:54:45 GMT
      elapsed-time:
      - '570'
      etag:
      - W/"0x8D7ED511891E3D4"
      expires:
      - '-1'
      location:
      - https://searchd06a1351.search.windows.net/indexes('hotels')?api-version=2019-05-06-Preview
      odata-version:
      - '4.0'
      pragma:
      - no-cache
      preference-applied:
      - odata.include-annotations="*"
      request-id:
      - 33ff425e-8b2d-11ea-a101-2816a845e8c6
      strict-transport-security:
      - max-age=15724800; includeSubDomains
    status:
      code: 201
      message: Created
- request:
    body: '{"name": "sample-indexer", "dataSourceName": "sample-datasource", "targetIndexName":
      "hotels", "disabled": false}'
    headers:
      Accept:
      - application/json;odata.metadata=minimal
      Accept-Encoding:
      - gzip, deflate
      Connection:
      - keep-alive
      Content-Length:
      - '113'
      Content-Type:
      - application/json
      User-Agent:
      - azsdk-python-search-documents/1.0.0b3 Python/3.7.3 (Windows-10-10.0.17763-SP0)
      api-key:
      - 611B37AA724F1C68730D7CF6A8C3A842
    method: POST
    uri: https://searchd06a1351.search.windows.net/indexers?api-version=2019-05-06-Preview
  response:
    body:
      string: '{"@odata.context":"https://searchd06a1351.search.windows.net/$metadata#indexers/$entity","@odata.etag":"\"0x8D7ED5118EC7055\"","name":"sample-indexer","description":null,"dataSourceName":"sample-datasource","skillsetName":null,"targetIndexName":"hotels","disabled":false,"schedule":null,"parameters":null,"fieldMappings":[],"outputFieldMappings":[],"cache":null}'
    headers:
      cache-control:
      - no-cache
      content-length:
      - '362'
      content-type:
      - application/json; odata.metadata=minimal
      date:
      - Thu, 30 Apr 2020 21:54:45 GMT
      elapsed-time:
      - '174'
      etag:
      - W/"0x8D7ED5118EC7055"
      expires:
      - '-1'
      location:
      - https://searchd06a1351.search.windows.net/indexers('sample-indexer')?api-version=2019-05-06-Preview
      odata-version:
      - '4.0'
      pragma:
      - no-cache
      preference-applied:
      - odata.include-annotations="*"
      request-id:
      - 34a04426-8b2d-11ea-9aca-2816a845e8c6
      strict-transport-security:
      - max-age=15724800; includeSubDomains
    status:
      code: 201
      message: Created
- request:
    body: null
    headers:
      Accept:
      - application/json;odata.metadata=minimal
      Accept-Encoding:
      - gzip, deflate
      Connection:
      - keep-alive
      User-Agent:
      - azsdk-python-search-documents/1.0.0b3 Python/3.7.3 (Windows-10-10.0.17763-SP0)
      api-key:
      - 611B37AA724F1C68730D7CF6A8C3A842
    method: GET
    uri: https://searchd06a1351.search.windows.net/indexers?api-version=2019-05-06-Preview
  response:
    body:
      string: '{"@odata.context":"https://searchd06a1351.search.windows.net/$metadata#indexers","value":[{"@odata.etag":"\"0x8D7ED5118EC7055\"","name":"sample-indexer","description":null,"dataSourceName":"sample-datasource","skillsetName":null,"targetIndexName":"hotels","disabled":false,"schedule":null,"parameters":null,"fieldMappings":[],"outputFieldMappings":[],"cache":null}]}'
    headers:
      cache-control:
      - no-cache
      content-length:
      - '366'
      content-type:
      - application/json; odata.metadata=minimal
      date:
      - Thu, 30 Apr 2020 21:54:45 GMT
      elapsed-time:
      - '26'
      expires:
      - '-1'
      odata-version:
      - '4.0'
      pragma:
      - no-cache
      preference-applied:
      - odata.include-annotations="*"
      request-id:
      - 34fad200-8b2d-11ea-be97-2816a845e8c6
      strict-transport-security:
      - max-age=15724800; includeSubDomains
      vary:
      - Accept-Encoding
    status:
      code: 200
      message: OK
- request:
    body: '{"name": "sample-indexer", "description": "updated", "dataSourceName":
      "sample-datasource", "targetIndexName": "hotels", "disabled": false}'
    headers:
      Accept:
      - application/json;odata.metadata=minimal
      Accept-Encoding:
      - gzip, deflate
      Connection:
      - keep-alive
      Content-Length:
      - '139'
      Content-Type:
      - application/json
      Prefer:
      - return=representation
      User-Agent:
      - azsdk-python-search-documents/1.0.0b3 Python/3.7.3 (Windows-10-10.0.17763-SP0)
      api-key:
      - 611B37AA724F1C68730D7CF6A8C3A842
    method: PUT
    uri: https://searchd06a1351.search.windows.net/indexers('sample-indexer')?api-version=2019-05-06-Preview
  response:
    body:
      string: '{"@odata.context":"https://searchd06a1351.search.windows.net/$metadata#indexers/$entity","@odata.etag":"\"0x8D7ED511931C355\"","name":"sample-indexer","description":"updated","dataSourceName":"sample-datasource","skillsetName":null,"targetIndexName":"hotels","disabled":false,"schedule":null,"parameters":null,"fieldMappings":[],"outputFieldMappings":[],"cache":null}'
    headers:
      cache-control:
      - no-cache
      content-length:
      - '367'
      content-type:
      - application/json; odata.metadata=minimal
      date:
      - Thu, 30 Apr 2020 21:54:46 GMT
      elapsed-time:
      - '109'
      etag:
      - W/"0x8D7ED511931C355"
      expires:
      - '-1'
      odata-version:
      - '4.0'
      pragma:
      - no-cache
      preference-applied:
      - odata.include-annotations="*"
      request-id:
      - 3512418a-8b2d-11ea-bd46-2816a845e8c6
      strict-transport-security:
      - max-age=15724800; includeSubDomains
      vary:
      - Accept-Encoding
    status:
      code: 200
      message: OK
- request:
    body: null
    headers:
      Accept:
      - application/json;odata.metadata=minimal
      Accept-Encoding:
      - gzip, deflate
      Connection:
      - keep-alive
      User-Agent:
      - azsdk-python-search-documents/1.0.0b3 Python/3.7.3 (Windows-10-10.0.17763-SP0)
      api-key:
      - 611B37AA724F1C68730D7CF6A8C3A842
    method: GET
    uri: https://searchd06a1351.search.windows.net/indexers?api-version=2019-05-06-Preview
  response:
    body:
      string: '{"@odata.context":"https://searchd06a1351.search.windows.net/$metadata#indexers","value":[{"@odata.etag":"\"0x8D7ED511931C355\"","name":"sample-indexer","description":"updated","dataSourceName":"sample-datasource","skillsetName":null,"targetIndexName":"hotels","disabled":false,"schedule":null,"parameters":null,"fieldMappings":[],"outputFieldMappings":[],"cache":null}]}'
    headers:
      cache-control:
      - no-cache
      content-length:
      - '371'
      content-type:
      - application/json; odata.metadata=minimal
      date:
      - Thu, 30 Apr 2020 21:54:46 GMT
      elapsed-time:
      - '9'
      expires:
      - '-1'
      odata-version:
      - '4.0'
      pragma:
      - no-cache
      preference-applied:
      - odata.include-annotations="*"
      request-id:
      - 3536ee86-8b2d-11ea-ad34-2816a845e8c6
      strict-transport-security:
      - max-age=15724800; includeSubDomains
      vary:
      - Accept-Encoding
    status:
      code: 200
      message: OK
- request:
    body: null
    headers:
      Accept:
      - application/json;odata.metadata=minimal
      Accept-Encoding:
      - gzip, deflate
      Connection:
      - keep-alive
      User-Agent:
      - azsdk-python-search-documents/1.0.0b3 Python/3.7.3 (Windows-10-10.0.17763-SP0)
      api-key:
      - 611B37AA724F1C68730D7CF6A8C3A842
    method: GET
    uri: https://searchd06a1351.search.windows.net/indexers('sample-indexer')?api-version=2019-05-06-Preview
  response:
    body:
      string: '{"@odata.context":"https://searchd06a1351.search.windows.net/$metadata#indexers/$entity","@odata.etag":"\"0x8D7ED511931C355\"","name":"sample-indexer","description":"updated","dataSourceName":"sample-datasource","skillsetName":null,"targetIndexName":"hotels","disabled":false,"schedule":null,"parameters":null,"fieldMappings":[],"outputFieldMappings":[],"cache":null}'
    headers:
      cache-control:
      - no-cache
      content-length:
      - '367'
      content-type:
      - application/json; odata.metadata=minimal
      date:
      - Thu, 30 Apr 2020 21:54:46 GMT
      elapsed-time:
      - '4'
      etag:
      - W/"0x8D7ED511931C355"
      expires:
      - '-1'
      odata-version:
      - '4.0'
      pragma:
      - no-cache
      preference-applied:
      - odata.include-annotations="*"
      request-id:
      - 354b52a2-8b2d-11ea-b04c-2816a845e8c6
      strict-transport-security:
      - max-age=15724800; includeSubDomains
      vary:
      - Accept-Encoding
    status:
      code: 200
      message: OK
version: 1
