{
  "Entries": [
    {
      "RequestUri": "https://fakesearchendpoint.search.windows.net/datasources?api-version=2021-04-30-Preview",
      "RequestMethod": "POST",
      "RequestHeaders": {
        "Accept": "application/json;odata.metadata=minimal",
        "Accept-Encoding": "gzip, deflate",
        "Connection": "keep-alive",
        "Content-Length": "253",
        "Content-Type": "application/json",
        "User-Agent": "azsdk-python-search-documents/11.3.0b7 Python/3.9.2 (Windows-10-10.0.19041-SP0)",
        "x-ms-client-request-id": "32dd02e4-7e2a-11ec-82fe-74c63bed1137"
      },
      "RequestBody": {
        "name": "sample-datasource-lzurqhwpfc",
        "type": "azureblob",
        "credentials": {
          "connectionString": "DefaultEndpointsProtocol=https;AccountName=fakestoragecs;AccountKey=FAKE;EndpointSuffix=core.windows.net"
        },
        "container": {
          "name": "fakestoragecontainer"
        }
      },
      "StatusCode": 201,
      "ResponseHeaders": {
        "Cache-Control": "no-cache",
        "Content-Length": "427",
        "Content-Type": "application/json; odata.metadata=minimal",
        "Date": "Tue, 25 Jan 2022 22:00:24 GMT",
        "elapsed-time": "73",
        "ETag": "W/\u00220x8D9E04E170298C9\u0022",
        "Expires": "-1",
        "Location": "https://fakesearchendpoint.search.windows.net/datasources(\u0027sample-datasource-lzurqhwpfc\u0027)?api-version=2021-04-30-Preview",
        "OData-Version": "4.0",
        "Pragma": "no-cache",
        "Preference-Applied": "odata.include-annotations=\u0022*\u0022",
        "request-id": "32dd02e4-7e2a-11ec-82fe-74c63bed1137",
        "Strict-Transport-Security": "max-age=15724800; includeSubDomains"
      },
      "ResponseBody": {
        "@odata.context": "https://fakesearchendpoint.search.windows.net/$metadata#datasources/$entity",
        "@odata.etag": "\u00220x8D9E04E170298C9\u0022",
        "name": "sample-datasource-lzurqhwpfc",
        "description": null,
        "type": "azureblob",
        "subtype": null,
        "credentials": {
          "connectionString": null
        },
        "container": {
          "name": "fakestoragecontainer",
          "query": null
        },
        "dataChangeDetectionPolicy": null,
        "dataDeletionDetectionPolicy": null,
        "encryptionKey": null,
        "identity": null
      }
    },
    {
      "RequestUri": "https://fakesearchendpoint.search.windows.net/indexers?api-version=2021-04-30-Preview",
      "RequestMethod": "GET",
      "RequestHeaders": {
        "Accept": "application/json;odata.metadata=minimal",
        "Accept-Encoding": "gzip, deflate",
        "Connection": "keep-alive",
        "User-Agent": "azsdk-python-search-documents/11.3.0b7 Python/3.9.2 (Windows-10-10.0.19041-SP0)",
        "x-ms-client-request-id": "32fdc039-7e2a-11ec-a4dc-74c63bed1137"
      },
      "RequestBody": null,
      "StatusCode": 200,
      "ResponseHeaders": {
        "Cache-Control": "no-cache",
        "Content-Encoding": "gzip",
        "Content-Length": "96",
        "Content-Type": "application/json; odata.metadata=minimal",
        "Date": "Tue, 25 Jan 2022 22:00:24 GMT",
        "elapsed-time": "7",
        "Expires": "-1",
        "OData-Version": "4.0",
        "Pragma": "no-cache",
        "Preference-Applied": "odata.include-annotations=\u0022*\u0022",
        "request-id": "32fdc039-7e2a-11ec-a4dc-74c63bed1137",
        "Strict-Transport-Security": "max-age=15724800; includeSubDomains",
        "Vary": "Accept-Encoding"
      },
      "ResponseBody": {
        "@odata.context": "https://fakesearchendpoint.search.windows.net/$metadata#indexers",
        "value": []
      }
    },
    {
      "RequestUri": "https://fakesearchendpoint.search.windows.net/indexers?api-version=2021-04-30-Preview",
      "RequestMethod": "POST",
      "RequestHeaders": {
        "Accept": "application/json;odata.metadata=minimal",
        "Accept-Encoding": "gzip, deflate",
        "Connection": "keep-alive",
        "Content-Length": "137",
        "Content-Type": "application/json",
        "User-Agent": "azsdk-python-search-documents/11.3.0b7 Python/3.9.2 (Windows-10-10.0.19041-SP0)",
        "x-ms-client-request-id": "3314322a-7e2a-11ec-879c-74c63bed1137"
      },
      "RequestBody": {
        "name": "sample-indexer-nvmdwuxspo",
        "dataSourceName": "sample-datasource-lzurqhwpfc",
        "targetIndexName": "drgqefsg",
        "disabled": false
      },
      "StatusCode": 201,
      "ResponseHeaders": {
        "Cache-Control": "no-cache",
        "Content-Length": "411",
        "Content-Type": "application/json; odata.metadata=minimal",
        "Date": "Tue, 25 Jan 2022 22:00:25 GMT",
        "elapsed-time": "430",
        "ETag": "W/\u00220x8D9E04E175A9701\u0022",
        "Expires": "-1",
        "Location": "https://fakesearchendpoint.search.windows.net/indexers(\u0027sample-indexer-nvmdwuxspo\u0027)?api-version=2021-04-30-Preview",
        "OData-Version": "4.0",
        "Pragma": "no-cache",
        "Preference-Applied": "odata.include-annotations=\u0022*\u0022",
        "request-id": "3314322a-7e2a-11ec-879c-74c63bed1137",
        "Strict-Transport-Security": "max-age=15724800; includeSubDomains"
      },
      "ResponseBody": {
        "@odata.context": "https://fakesearchendpoint.search.windows.net/$metadata#indexers/$entity",
        "@odata.etag": "\u00220x8D9E04E175A9701\u0022",
        "name": "sample-indexer-nvmdwuxspo",
        "description": null,
        "dataSourceName": "sample-datasource-lzurqhwpfc",
        "skillsetName": null,
        "targetIndexName": "drgqefsg",
        "disabled": false,
        "schedule": null,
        "parameters": null,
        "fieldMappings": [],
        "outputFieldMappings": [],
        "cache": null,
        "encryptionKey": null
      }
    },
    {
      "RequestUri": "https://fakesearchendpoint.search.windows.net/indexers?api-version=2021-04-30-Preview",
      "RequestMethod": "GET",
      "RequestHeaders": {
        "Accept": "application/json;odata.metadata=minimal",
        "Accept-Encoding": "gzip, deflate",
        "Connection": "keep-alive",
        "User-Agent": "azsdk-python-search-documents/11.3.0b7 Python/3.9.2 (Windows-10-10.0.19041-SP0)",
        "x-ms-client-request-id": "33672d76-7e2a-11ec-8b07-74c63bed1137"
      },
      "RequestBody": null,
      "StatusCode": 200,
      "ResponseHeaders": {
        "Cache-Control": "no-cache",
        "Content-Encoding": "gzip",
        "Content-Length": "415",
        "Content-Type": "application/json; odata.metadata=minimal",
        "Date": "Tue, 25 Jan 2022 22:00:25 GMT",
        "elapsed-time": "11",
        "Expires": "-1",
        "OData-Version": "4.0",
        "Pragma": "no-cache",
        "Preference-Applied": "odata.include-annotations=\u0022*\u0022",
        "request-id": "33672d76-7e2a-11ec-8b07-74c63bed1137",
        "Strict-Transport-Security": "max-age=15724800; includeSubDomains",
        "Vary": "Accept-Encoding"
      },
      "ResponseBody": {
        "@odata.context": "https://fakesearchendpoint.search.windows.net/$metadata#indexers",
        "value": [
          {
            "@odata.etag": "\u00220x8D9E04E175A9701\u0022",
            "name": "sample-indexer-nvmdwuxspo",
            "description": null,
            "dataSourceName": "sample-datasource-lzurqhwpfc",
            "skillsetName": null,
            "targetIndexName": "drgqefsg",
            "disabled": false,
            "schedule": null,
            "parameters": null,
            "fieldMappings": [],
            "outputFieldMappings": [],
            "cache": null,
            "encryptionKey": null
          }
        ]
      }
    },
    {
      "RequestUri": "https://fakesearchendpoint.search.windows.net/indexers(\u0027sample-indexer-nvmdwuxspo\u0027)?api-version=2021-04-30-Preview",
      "RequestMethod": "PUT",
      "RequestHeaders": {
        "Accept": "application/json;odata.metadata=minimal",
        "Accept-Encoding": "gzip, deflate",
        "Connection": "keep-alive",
        "Content-Length": "163",
        "Content-Type": "application/json",
        "Prefer": "return=representation",
        "User-Agent": "azsdk-python-search-documents/11.3.0b7 Python/3.9.2 (Windows-10-10.0.19041-SP0)",
        "x-ms-client-request-id": "337a12ff-7e2a-11ec-b8cd-74c63bed1137"
      },
      "RequestBody": {
        "name": "sample-indexer-nvmdwuxspo",
        "description": "updated",
        "dataSourceName": "sample-datasource-lzurqhwpfc",
        "targetIndexName": "drgqefsg",
        "disabled": false
      },
      "StatusCode": 200,
      "ResponseHeaders": {
        "Cache-Control": "no-cache",
        "Content-Encoding": "gzip",
        "Content-Length": "416",
        "Content-Type": "application/json; odata.metadata=minimal",
        "Date": "Tue, 25 Jan 2022 22:00:25 GMT",
        "elapsed-time": "336",
        "ETag": "W/\u00220x8D9E04E17C5A546\u0022",
        "Expires": "-1",
        "OData-Version": "4.0",
        "Pragma": "no-cache",
        "Preference-Applied": "odata.include-annotations=\u0022*\u0022",
        "request-id": "337a12ff-7e2a-11ec-b8cd-74c63bed1137",
        "Strict-Transport-Security": "max-age=15724800; includeSubDomains",
        "Vary": "Accept-Encoding"
      },
      "ResponseBody": {
        "@odata.context": "https://fakesearchendpoint.search.windows.net/$metadata#indexers/$entity",
        "@odata.etag": "\u00220x8D9E04E17C5A546\u0022",
        "name": "sample-indexer-nvmdwuxspo",
        "description": "updated",
        "dataSourceName": "sample-datasource-lzurqhwpfc",
        "skillsetName": null,
        "targetIndexName": "drgqefsg",
        "disabled": false,
        "schedule": null,
        "parameters": null,
        "fieldMappings": [],
        "outputFieldMappings": [],
        "cache": null,
        "encryptionKey": null
      }
    },
    {
      "RequestUri": "https://fakesearchendpoint.search.windows.net/indexers?api-version=2021-04-30-Preview",
      "RequestMethod": "GET",
      "RequestHeaders": {
        "Accept": "application/json;odata.metadata=minimal",
        "Accept-Encoding": "gzip, deflate",
        "Connection": "keep-alive",
        "User-Agent": "azsdk-python-search-documents/11.3.0b7 Python/3.9.2 (Windows-10-10.0.19041-SP0)",
        "x-ms-client-request-id": "33bee852-7e2a-11ec-abf3-74c63bed1137"
      },
      "RequestBody": null,
      "StatusCode": 200,
      "ResponseHeaders": {
        "Cache-Control": "no-cache",
        "Content-Encoding": "gzip",
        "Content-Length": "420",
        "Content-Type": "application/json; odata.metadata=minimal",
        "Date": "Tue, 25 Jan 2022 22:00:25 GMT",
        "elapsed-time": "12",
        "Expires": "-1",
        "OData-Version": "4.0",
        "Pragma": "no-cache",
        "Preference-Applied": "odata.include-annotations=\u0022*\u0022",
        "request-id": "33bee852-7e2a-11ec-abf3-74c63bed1137",
        "Strict-Transport-Security": "max-age=15724800; includeSubDomains",
        "Vary": "Accept-Encoding"
      },
      "ResponseBody": {
        "@odata.context": "https://fakesearchendpoint.search.windows.net/$metadata#indexers",
        "value": [
          {
            "@odata.etag": "\u00220x8D9E04E17C5A546\u0022",
            "name": "sample-indexer-nvmdwuxspo",
            "description": "updated",
            "dataSourceName": "sample-datasource-lzurqhwpfc",
            "skillsetName": null,
            "targetIndexName": "drgqefsg",
            "disabled": false,
            "schedule": null,
            "parameters": null,
            "fieldMappings": [],
            "outputFieldMappings": [],
            "cache": null,
            "encryptionKey": null
          }
        ]
      }
    },
    {
      "RequestUri": "https://fakesearchendpoint.search.windows.net/indexers(\u0027sample-indexer-nvmdwuxspo\u0027)?api-version=2021-04-30-Preview",
      "RequestMethod": "GET",
      "RequestHeaders": {
        "Accept": "application/json;odata.metadata=minimal",
        "Accept-Encoding": "gzip, deflate",
        "Connection": "keep-alive",
        "User-Agent": "azsdk-python-search-documents/11.3.0b7 Python/3.9.2 (Windows-10-10.0.19041-SP0)",
        "x-ms-client-request-id": "33d21b02-7e2a-11ec-9283-74c63bed1137"
      },
      "RequestBody": null,
      "StatusCode": 200,
      "ResponseHeaders": {
        "Cache-Control": "no-cache",
        "Content-Encoding": "gzip",
        "Content-Length": "416",
        "Content-Type": "application/json; odata.metadata=minimal",
        "Date": "Tue, 25 Jan 2022 22:00:25 GMT",
        "elapsed-time": "7",
        "ETag": "W/\u00220x8D9E04E17C5A546\u0022",
        "Expires": "-1",
        "OData-Version": "4.0",
        "Pragma": "no-cache",
        "Preference-Applied": "odata.include-annotations=\u0022*\u0022",
        "request-id": "33d21b02-7e2a-11ec-9283-74c63bed1137",
        "Strict-Transport-Security": "max-age=15724800; includeSubDomains",
        "Vary": "Accept-Encoding"
      },
      "ResponseBody": {
        "@odata.context": "https://fakesearchendpoint.search.windows.net/$metadata#indexers/$entity",
        "@odata.etag": "\u00220x8D9E04E17C5A546\u0022",
        "name": "sample-indexer-nvmdwuxspo",
        "description": "updated",
        "dataSourceName": "sample-datasource-lzurqhwpfc",
        "skillsetName": null,
        "targetIndexName": "drgqefsg",
        "disabled": false,
        "schedule": null,
        "parameters": null,
        "fieldMappings": [],
        "outputFieldMappings": [],
        "cache": null,
        "encryptionKey": null
      }
    }
  ],
  "Variables": {
    "datasource_name": "sample-datasource-lzurqhwpfc",
    "indexer_name": "sample-indexer-nvmdwuxspo"
  }
}
