interactions:
- request:
    body: '{"name": "sample-datasource", "type": "azureblob", "credentials": {"connectionString":
      "DefaultEndpointsProtocol=https;AccountName=storagename;AccountKey=NzhL3hKZbJBuJ2484dPTR+xF30kYaWSSCbs2BzLgVVI1woqeST/1IgqaLm6QAOTxtGvxctSNbIR/1hW8yH+bJg==;EndpointSuffix=core.windows.net"},
      "container": {"name": "searchcontainer"}}'
    headers:
      Accept:
      - application/json;odata.metadata=minimal
      Accept-Encoding:
      - gzip, deflate
      Connection:
      - keep-alive
      Content-Length:
      - '319'
      Content-Type:
      - application/json
      User-Agent:
      - azsdk-python-search-documents/1.0.0b3 Python/3.7.3 (Windows-10-10.0.17763-SP0)
      api-key:
      - F1F2BD64ED2A908278EBA8650A6C8DEE
    method: POST
    uri: https://search4ba315a4.search.windows.net/datasources?api-version=2020-06-30
  response:
    body:
      string: '{"@odata.context":"https://search4ba315a4.search.windows.net/$metadata#datasources/$entity","@odata.etag":"\"0x8D7ED7181869172\"","name":"sample-datasource","description":null,"type":"azureblob","subtype":null,"credentials":{"connectionString":null},"container":{"name":"searchcontainer","query":null},"dataChangeDetectionPolicy":null,"dataDeletionDetectionPolicy":null}'
    headers:
      cache-control:
      - no-cache
      content-length:
      - '370'
      content-type:
      - application/json; odata.metadata=minimal
      date:
      - Fri, 01 May 2020 01:46:45 GMT
      elapsed-time:
      - '48'
      etag:
      - W/"0x8D7ED7181869172"
      expires:
      - '-1'
      location:
      - https://search4ba315a4.search.windows.net/datasources('sample-datasource')?api-version=2020-06-30
      odata-version:
      - '4.0'
      pragma:
      - no-cache
      preference-applied:
      - odata.include-annotations="*"
      request-id:
      - 9d5ef89e-8b4d-11ea-ab0b-2816a845e8c6
      strict-transport-security:
      - max-age=15724800; includeSubDomains
    status:
      code: 201
      message: Created
- request:
    body: '{"name": "sample-datasource", "description": "updated", "type": "azureblob",
      "credentials": {"connectionString": "DefaultEndpointsProtocol=https;AccountName=storagename;AccountKey=NzhL3hKZbJBuJ2484dPTR+xF30kYaWSSCbs2BzLgVVI1woqeST/1IgqaLm6QAOTxtGvxctSNbIR/1hW8yH+bJg==;EndpointSuffix=core.windows.net"},
      "container": {"name": "searchcontainer"}}'
    headers:
      Accept:
      - application/json;odata.metadata=minimal
      Accept-Encoding:
      - gzip, deflate
      Connection:
      - keep-alive
      Content-Length:
      - '345'
      Content-Type:
      - application/json
      Prefer:
      - return=representation
      User-Agent:
      - azsdk-python-search-documents/1.0.0b3 Python/3.7.3 (Windows-10-10.0.17763-SP0)
      api-key:
      - F1F2BD64ED2A908278EBA8650A6C8DEE
    method: PUT
    uri: https://search4ba315a4.search.windows.net/datasources('sample-datasource')?api-version=2020-06-30
  response:
    body:
      string: '{"@odata.context":"https://search4ba315a4.search.windows.net/$metadata#datasources/$entity","@odata.etag":"\"0x8D7ED71819F26FD\"","name":"sample-datasource","description":"updated","type":"azureblob","subtype":null,"credentials":{"connectionString":null},"container":{"name":"searchcontainer","query":null},"dataChangeDetectionPolicy":null,"dataDeletionDetectionPolicy":null}'
    headers:
      cache-control:
      - no-cache
      content-length:
      - '375'
      content-type:
      - application/json; odata.metadata=minimal
      date:
      - Fri, 01 May 2020 01:46:45 GMT
      elapsed-time:
      - '27'
      etag:
      - W/"0x8D7ED71819F26FD"
      expires:
      - '-1'
      odata-version:
      - '4.0'
      pragma:
      - no-cache
      preference-applied:
      - odata.include-annotations="*"
      request-id:
      - 9da104c6-8b4d-11ea-8bff-2816a845e8c6
      strict-transport-security:
      - max-age=15724800; includeSubDomains
      vary:
      - Accept-Encoding
    status:
      code: 200
      message: OK
- request:
    body: null
    headers:
      Accept:
      - application/json;odata.metadata=minimal
      Accept-Encoding:
      - gzip, deflate
      Connection:
      - keep-alive
      Content-Length:
      - '0'
      If-Match:
      - '"0x8D7ED7181869172"'
      User-Agent:
      - azsdk-python-search-documents/1.0.0b3 Python/3.7.3 (Windows-10-10.0.17763-SP0)
      api-key:
      - F1F2BD64ED2A908278EBA8650A6C8DEE
    method: DELETE
    uri: https://search4ba315a4.search.windows.net/datasources('sample-datasource')?api-version=2020-06-30
  response:
    body:
      string: '{"error":{"code":"","message":"The precondition given in one of the
        request headers evaluated to false. No change was made to the resource from
        this request."}}'
    headers:
      cache-control:
      - no-cache
      content-language:
      - en
      content-length:
      - '160'
      content-type:
      - application/json; odata.metadata=minimal
      date:
      - Fri, 01 May 2020 01:46:45 GMT
      elapsed-time:
      - '4'
      expires:
      - '-1'
      odata-version:
      - '4.0'
      pragma:
      - no-cache
      preference-applied:
      - odata.include-annotations="*"
      request-id:
      - 9db91138-8b4d-11ea-8df5-2816a845e8c6
      strict-transport-security:
      - max-age=15724800; includeSubDomains
    status:
      code: 412
      message: Precondition Failed
version: 1
