interactions:
- request:
    body: '{"name": "sample-datasource", "type": "azureblob", "credentials": {"connectionString":
      "connection_string"}, "container": {"name": "searchcontainer"}}'
    headers:
      Accept:
      - application/json;odata.metadata=minimal
      Accept-Encoding:
      - gzip, deflate
      Connection:
      - keep-alive
      Content-Length:
      - '325'
      Content-Type:
      - application/json
      User-Agent:
      - azsdk-python-search-documents/11.2.0b3 Python/3.8.6 (Windows-10-10.0.19041-SP0)
    method: POST
    uri: https://search205e14df.search.windows.net/datasources?api-version=2020-06-30-Preview
  response:
    body:
      string: '{"@odata.context":"https://search205e14df.search.windows.net/$metadata#datasources/$entity","@odata.etag":"\"0x8D911E8FA34ACA9\"","name":"sample-datasource","description":null,"type":"azureblob","subtype":null,"credentials":{"connectionString":null},"container":{"name":"searchcontainer","query":null},"dataChangeDetectionPolicy":null,"dataDeletionDetectionPolicy":null,"encryptionKey":null}'
    headers:
      cache-control:
      - no-cache
      content-length:
      - '391'
      content-type:
      - application/json; odata.metadata=minimal
      date:
      - Sat, 08 May 2021 06:17:37 GMT
      elapsed-time:
      - '63'
      etag:
      - W/"0x8D911E8FA34ACA9"
      expires:
      - '-1'
      location:
      - https://search205e14df.search.windows.net/datasources('sample-datasource')?api-version=2020-06-30-Preview
      odata-version:
      - '4.0'
      pragma:
      - no-cache
      preference-applied:
      - odata.include-annotations="*"
      request-id:
      - 153c9779-afc5-11eb-a4cb-a0481ca055a9
      strict-transport-security:
      - max-age=15724800; includeSubDomains
    status:
      code: 201
      message: Created
- request:
    body: '{"name": "hotels", "fields": [{"name": "hotelId", "type": "Edm.String",
      "key": true, "retrievable": true, "searchable": false}]}'
    headers:
      Accept:
      - application/json;odata.metadata=minimal
      Accept-Encoding:
      - gzip, deflate
      Connection:
      - keep-alive
      Content-Length:
      - '128'
      Content-Type:
      - application/json
      User-Agent:
      - azsdk-python-search-documents/11.2.0b3 Python/3.8.6 (Windows-10-10.0.19041-SP0)
    method: POST
    uri: https://search205e14df.search.windows.net/indexes?api-version=2020-06-30-Preview
  response:
    body:
      string: '{"@odata.context":"https://search205e14df.search.windows.net/$metadata#indexes/$entity","@odata.etag":"\"0x8D911E8FAFA6A88\"","name":"hotels","defaultScoringProfile":null,"fields":[{"name":"hotelId","type":"Edm.String","searchable":false,"filterable":true,"retrievable":true,"sortable":true,"facetable":true,"key":true,"indexAnalyzer":null,"searchAnalyzer":null,"analyzer":null,"normalizer":null,"synonymMaps":[]}],"scoringProfiles":[],"corsOptions":null,"suggesters":[],"analyzers":[],"normalizers":[],"tokenizers":[],"tokenFilters":[],"charFilters":[],"encryptionKey":null,"similarity":{"@odata.type":"#Microsoft.Azure.Search.BM25Similarity","k1":null,"b":null}}'
    headers:
      cache-control:
      - no-cache
      content-length:
      - '664'
      content-type:
      - application/json; odata.metadata=minimal
      date:
      - Sat, 08 May 2021 06:17:39 GMT
      elapsed-time:
      - '836'
      etag:
      - W/"0x8D911E8FAFA6A88"
      expires:
      - '-1'
      location:
      - https://search205e14df.search.windows.net/indexes('hotels')?api-version=2020-06-30-Preview
      odata-version:
      - '4.0'
      pragma:
      - no-cache
      preference-applied:
      - odata.include-annotations="*"
      request-id:
      - 158b5e45-afc5-11eb-aaef-a0481ca055a9
      strict-transport-security:
      - max-age=15724800; includeSubDomains
    status:
      code: 201
      message: Created
- request:
    body: '{"name": "sample-indexer", "dataSourceName": "sample-datasource", "targetIndexName":
      "hotels", "disabled": false}'
    headers:
      Accept:
      - application/json;odata.metadata=minimal
      Accept-Encoding:
      - gzip, deflate
      Connection:
      - keep-alive
      Content-Length:
      - '113'
      Content-Type:
      - application/json
      User-Agent:
      - azsdk-python-search-documents/11.2.0b3 Python/3.8.6 (Windows-10-10.0.19041-SP0)
    method: POST
    uri: https://search205e14df.search.windows.net/indexers?api-version=2020-06-30-Preview
  response:
    body:
      string: '{"@odata.context":"https://search205e14df.search.windows.net/$metadata#indexers/$entity","@odata.etag":"\"0x8D911E8FC295D7F\"","name":"sample-indexer","description":null,"dataSourceName":"sample-datasource","skillsetName":null,"targetIndexName":"hotels","disabled":false,"schedule":null,"parameters":null,"fieldMappings":[],"outputFieldMappings":[],"cache":null,"encryptionKey":null}'
    headers:
      cache-control:
      - no-cache
      content-length:
      - '383'
      content-type:
      - application/json; odata.metadata=minimal
      date:
      - Sat, 08 May 2021 06:17:41 GMT
      elapsed-time:
      - '1647'
      etag:
      - W/"0x8D911E8FC295D7F"
      expires:
      - '-1'
      location:
      - https://search205e14df.search.windows.net/indexers('sample-indexer')?api-version=2020-06-30-Preview
      odata-version:
      - '4.0'
      pragma:
      - no-cache
      preference-applied:
      - odata.include-annotations="*"
      request-id:
      - 1651e0c6-afc5-11eb-bb62-a0481ca055a9
      strict-transport-security:
      - max-age=15724800; includeSubDomains
    status:
      code: 201
      message: Created
- request:
    body: null
    headers:
      Accept:
      - application/json;odata.metadata=minimal
      Accept-Encoding:
      - gzip, deflate
      Connection:
      - keep-alive
      User-Agent:
      - azsdk-python-search-documents/11.2.0b3 Python/3.8.6 (Windows-10-10.0.19041-SP0)
    method: GET
    uri: https://search205e14df.search.windows.net/indexers?api-version=2020-06-30-Preview
  response:
    body:
      string: '{"@odata.context":"https://search205e14df.search.windows.net/$metadata#indexers","value":[{"@odata.etag":"\"0x8D911E8FC295D7F\"","name":"sample-indexer","description":null,"dataSourceName":"sample-datasource","skillsetName":null,"targetIndexName":"hotels","disabled":false,"schedule":null,"parameters":null,"fieldMappings":[],"outputFieldMappings":[],"cache":null,"encryptionKey":null}]}'
    headers:
      cache-control:
      - no-cache
      content-length:
      - '387'
      content-type:
      - application/json; odata.metadata=minimal
      date:
      - Sat, 08 May 2021 06:17:41 GMT
      elapsed-time:
      - '16'
      expires:
      - '-1'
      odata-version:
      - '4.0'
      pragma:
      - no-cache
      preference-applied:
      - odata.include-annotations="*"
      request-id:
      - 17936bee-afc5-11eb-850b-a0481ca055a9
      strict-transport-security:
      - max-age=15724800; includeSubDomains
      vary:
      - Accept-Encoding
    status:
      code: 200
      message: OK
- request:
    body: null
    headers:
      Accept:
      - application/json;odata.metadata=minimal
      Accept-Encoding:
      - gzip, deflate
      Connection:
      - keep-alive
      Content-Length:
      - '0'
      User-Agent:
      - azsdk-python-search-documents/11.2.0b3 Python/3.8.6 (Windows-10-10.0.19041-SP0)
    method: DELETE
    uri: https://search205e14df.search.windows.net/indexers('sample-indexer')?api-version=2020-06-30-Preview
  response:
    body:
      string: ''
    headers:
      cache-control:
      - no-cache
      date:
      - Sat, 08 May 2021 06:17:41 GMT
      elapsed-time:
      - '62'
      expires:
      - '-1'
      pragma:
      - no-cache
      request-id:
      - 17a850cb-afc5-11eb-8e42-a0481ca055a9
      strict-transport-security:
      - max-age=15724800; includeSubDomains
    status:
      code: 204
      message: No Content
- request:
    body: null
    headers:
      Accept:
      - application/json;odata.metadata=minimal
      Accept-Encoding:
      - gzip, deflate
      Connection:
      - keep-alive
      User-Agent:
      - azsdk-python-search-documents/11.2.0b3 Python/3.8.6 (Windows-10-10.0.19041-SP0)
    method: GET
    uri: https://search205e14df.search.windows.net/indexers?api-version=2020-06-30-Preview
  response:
    body:
      string: '{"@odata.context":"https://search205e14df.search.windows.net/$metadata#indexers","value":[]}'
    headers:
      cache-control:
      - no-cache
      content-length:
      - '92'
      content-type:
      - application/json; odata.metadata=minimal
      date:
      - Sat, 08 May 2021 06:17:41 GMT
      elapsed-time:
      - '12'
      expires:
      - '-1'
      odata-version:
      - '4.0'
      pragma:
      - no-cache
      preference-applied:
      - odata.include-annotations="*"
      request-id:
      - 17c45973-afc5-11eb-9283-a0481ca055a9
      strict-transport-security:
      - max-age=15724800; includeSubDomains
      vary:
      - Accept-Encoding
    status:
      code: 200
      message: OK
version: 1
