interactions:
- request:
    body: ''
    headers:
      Accept: [application/json]
      Accept-Encoding: ['gzip, deflate']
      Connection: [keep-alive]
      Content-Length: [0]
      Content-Type: [application/json; charset=utf-8]
      User-Agent: [python/3.6.2 (Windows-10-10.0.17134-SP0) requests/2.18.4 msrest/0.4.27
          msrest_azure/0.4.25 azure-keyvault/1.0.0b1 Azure-SDK-For-Python]
      accept-language: [en-US]
    method: POST
    uri: https://vaultf6150e22.vault.azure.net/keys/keyf6150e22/create?api-version=7.0-preview
  response:
    body: {string: ''}
    headers:
      cache-control: [no-cache]
      content-length: ['0']
      date: ['Fri, 18 May 2018 21:09:45 GMT']
      expires: ['-1']
      pragma: [no-cache]
      server: [Microsoft-IIS/10.0]
      strict-transport-security: [max-age=31536000;includeSubDomains]
      www-authenticate: ['Bearer authorization="https://login.windows.net/72f988bf-86f1-41af-91ab-2d7cd011db47",
          resource="https://vault.azure.net"']
      x-aspnet-version: [4.0.30319]
      x-content-type-options: [nosniff]
      x-ms-keyvault-network-info: [addr=167.220.0.114;act_addr_fam=InterNetwork;]
      x-ms-keyvault-region: [westus]
      x-ms-keyvault-service-version: [1.0.0.848]
      x-powered-by: [ASP.NET]
    status: {code: 401, message: Unauthorized}
- request:
    body: '{"kty": "RSA"}'
    headers:
      Accept: [application/json]
      Accept-Encoding: ['gzip, deflate']
      Connection: [keep-alive]
      Content-Length: ['14']
      Content-Type: [application/json; charset=utf-8]
      User-Agent: [python/3.6.2 (Windows-10-10.0.17134-SP0) requests/2.18.4 msrest/0.4.27
          msrest_azure/0.4.25 azure-keyvault/1.0.0b1 Azure-SDK-For-Python]
      accept-language: [en-US]
    method: POST
    uri: https://vaultf6150e22.vault.azure.net/keys/keyf6150e22/create?api-version=7.0-preview
  response:
    body: {string: '{"key":{"kid":"https://vaultf6150e22.vault.azure.net/keys/keyf6150e22/4c6a304efaef4165a93d649bc971557a","kty":"RSA","key_ops":["encrypt","decrypt","sign","verify","wrapKey","unwrapKey"],"n":"5v8dxtWmL0N_ylXly6G6sN5UpYbUaa27cPp9LNTshDvJNZNDY549rbhrG8iJE6qvjFFngkRijCtuNuwyPMNjW_1bQ1CF6yD7dWU8jL8M7M1hbNmqdHTAYEKf1GPmd-RGR3ZBWWZQ1-A0C5mSwoCDbtYQxXfBxm4KLXGRyGwMi0EwXESy2ThAQ6jsq65BXPjAR5BBgxU8nvZuTWXg50MvjB6j1KrPXmkpEBgTg_Dnuzty0R9C1nssMwGFL_Mu0J0vTsFnbWNnJnssHdBH-rcpZ3KVlL6L-rmPpf-IhpJyYN4DziLQouuQXUX0pfDPW-4abwtoUspmquz8fVqXk51dtw","e":"AQAB"},"attributes":{"enabled":true,"created":1526677786,"updated":1526677786,"recoveryLevel":"Purgeable"}}'}
    headers:
      cache-control: [no-cache]
      content-length: ['647']
      content-type: [application/json; charset=utf-8]
      date: ['Fri, 18 May 2018 21:09:46 GMT']
      expires: ['-1']
      pragma: [no-cache]
      server: [Microsoft-IIS/10.0]
      strict-transport-security: [max-age=31536000;includeSubDomains]
      x-aspnet-version: [4.0.30319]
      x-content-type-options: [nosniff]
      x-ms-keyvault-network-info: [addr=167.220.0.114;act_addr_fam=InterNetwork;]
      x-ms-keyvault-region: [westus]
      x-ms-keyvault-service-version: [1.0.0.848]
      x-powered-by: [ASP.NET]
    status: {code: 200, message: OK}
- request:
    body: null
    headers:
      Accept: [application/json]
      Accept-Encoding: ['gzip, deflate']
      Connection: [keep-alive]
      Content-Type: [application/json; charset=utf-8]
      User-Agent: [python/3.6.2 (Windows-10-10.0.17134-SP0) requests/2.18.4 msrest/0.4.27
          msrest_azure/0.4.25 azure-keyvault/1.0.0b1 Azure-SDK-For-Python]
      accept-language: [en-US]
    method: GET
    uri: https://vaultf6150e22.vault.azure.net/keys/keyf6150e22/?api-version=7.0-preview
  response:
    body: {string: '{"key":{"kid":"https://vaultf6150e22.vault.azure.net/keys/keyf6150e22/4c6a304efaef4165a93d649bc971557a","kty":"RSA","key_ops":["encrypt","decrypt","sign","verify","wrapKey","unwrapKey"],"n":"5v8dxtWmL0N_ylXly6G6sN5UpYbUaa27cPp9LNTshDvJNZNDY549rbhrG8iJE6qvjFFngkRijCtuNuwyPMNjW_1bQ1CF6yD7dWU8jL8M7M1hbNmqdHTAYEKf1GPmd-RGR3ZBWWZQ1-A0C5mSwoCDbtYQxXfBxm4KLXGRyGwMi0EwXESy2ThAQ6jsq65BXPjAR5BBgxU8nvZuTWXg50MvjB6j1KrPXmkpEBgTg_Dnuzty0R9C1nssMwGFL_Mu0J0vTsFnbWNnJnssHdBH-rcpZ3KVlL6L-rmPpf-IhpJyYN4DziLQouuQXUX0pfDPW-4abwtoUspmquz8fVqXk51dtw","e":"AQAB"},"attributes":{"enabled":true,"created":1526677786,"updated":1526677786,"recoveryLevel":"Purgeable"}}'}
    headers:
      cache-control: [no-cache]
      content-length: ['647']
      content-type: [application/json; charset=utf-8]
      date: ['Fri, 18 May 2018 21:09:46 GMT']
      expires: ['-1']
      pragma: [no-cache]
      server: [Microsoft-IIS/10.0]
      strict-transport-security: [max-age=31536000;includeSubDomains]
      x-aspnet-version: [4.0.30319]
      x-content-type-options: [nosniff]
      x-ms-keyvault-network-info: [addr=167.220.0.114;act_addr_fam=InterNetwork;]
      x-ms-keyvault-region: [westus]
      x-ms-keyvault-service-version: [1.0.0.848]
      x-powered-by: [ASP.NET]
    status: {code: 200, message: OK}
- request:
    body: null
    headers:
      Accept: [application/json]
      Accept-Encoding: ['gzip, deflate']
      Connection: [keep-alive]
      Content-Type: [application/json; charset=utf-8]
      User-Agent: [python/3.6.2 (Windows-10-10.0.17134-SP0) requests/2.18.4 msrest/0.4.27
          msrest_azure/0.4.25 azure-keyvault/1.0.0b1 Azure-SDK-For-Python]
      accept-language: [en-US]
    method: GET
    uri: https://vaultf6150e22.vault.azure.net/keys/keyf6150e22/4c6a304efaef4165a93d649bc971557a?api-version=7.0-preview
  response:
    body: {string: '{"key":{"kid":"https://vaultf6150e22.vault.azure.net/keys/keyf6150e22/4c6a304efaef4165a93d649bc971557a","kty":"RSA","key_ops":["encrypt","decrypt","sign","verify","wrapKey","unwrapKey"],"n":"5v8dxtWmL0N_ylXly6G6sN5UpYbUaa27cPp9LNTshDvJNZNDY549rbhrG8iJE6qvjFFngkRijCtuNuwyPMNjW_1bQ1CF6yD7dWU8jL8M7M1hbNmqdHTAYEKf1GPmd-RGR3ZBWWZQ1-A0C5mSwoCDbtYQxXfBxm4KLXGRyGwMi0EwXESy2ThAQ6jsq65BXPjAR5BBgxU8nvZuTWXg50MvjB6j1KrPXmkpEBgTg_Dnuzty0R9C1nssMwGFL_Mu0J0vTsFnbWNnJnssHdBH-rcpZ3KVlL6L-rmPpf-IhpJyYN4DziLQouuQXUX0pfDPW-4abwtoUspmquz8fVqXk51dtw","e":"AQAB"},"attributes":{"enabled":true,"created":1526677786,"updated":1526677786,"recoveryLevel":"Purgeable"}}'}
    headers:
      cache-control: [no-cache]
      content-length: ['647']
      content-type: [application/json; charset=utf-8]
      date: ['Fri, 18 May 2018 21:09:46 GMT']
      expires: ['-1']
      pragma: [no-cache]
      server: [Microsoft-IIS/10.0]
      strict-transport-security: [max-age=31536000;includeSubDomains]
      x-aspnet-version: [4.0.30319]
      x-content-type-options: [nosniff]
      x-ms-keyvault-network-info: [addr=167.220.0.114;act_addr_fam=InterNetwork;]
      x-ms-keyvault-region: [westus]
      x-ms-keyvault-service-version: [1.0.0.848]
      x-powered-by: [ASP.NET]
    status: {code: 200, message: OK}
- request:
    body: '{"key_ops": ["encrypt", "decrypt"], "attributes": {"enabled": true, "exp":
      2527401600}, "tags": {"foo": "updated tag"}}'
    headers:
      Accept: [application/json]
      Accept-Encoding: ['gzip, deflate']
      Connection: [keep-alive]
      Content-Length: ['119']
      Content-Type: [application/json; charset=utf-8]
      User-Agent: [python/3.6.2 (Windows-10-10.0.17134-SP0) requests/2.18.4 msrest/0.4.27
          msrest_azure/0.4.25 azure-keyvault/1.0.0b1 Azure-SDK-For-Python]
      accept-language: [en-US]
    method: PATCH
    uri: https://vaultf6150e22.vault.azure.net/keys/keyf6150e22/?api-version=7.0-preview
  response:
    body: {string: '{"key":{"kid":"https://vaultf6150e22.vault.azure.net/keys/keyf6150e22/4c6a304efaef4165a93d649bc971557a","kty":"RSA","key_ops":["encrypt","decrypt"],"n":"5v8dxtWmL0N_ylXly6G6sN5UpYbUaa27cPp9LNTshDvJNZNDY549rbhrG8iJE6qvjFFngkRijCtuNuwyPMNjW_1bQ1CF6yD7dWU8jL8M7M1hbNmqdHTAYEKf1GPmd-RGR3ZBWWZQ1-A0C5mSwoCDbtYQxXfBxm4KLXGRyGwMi0EwXESy2ThAQ6jsq65BXPjAR5BBgxU8nvZuTWXg50MvjB6j1KrPXmkpEBgTg_Dnuzty0R9C1nssMwGFL_Mu0J0vTsFnbWNnJnssHdBH-rcpZ3KVlL6L-rmPpf-IhpJyYN4DziLQouuQXUX0pfDPW-4abwtoUspmquz8fVqXk51dtw","e":"AQAB"},"attributes":{"enabled":true,"exp":2527401600,"created":1526677786,"updated":1526677788,"recoveryLevel":"Purgeable"},"tags":{"foo":"updated
        tag"}}'}
    headers:
      cache-control: [no-cache]
      content-length: ['655']
      content-type: [application/json; charset=utf-8]
      date: ['Fri, 18 May 2018 21:09:47 GMT']
      expires: ['-1']
      pragma: [no-cache]
      server: [Microsoft-IIS/10.0]
      strict-transport-security: [max-age=31536000;includeSubDomains]
      x-aspnet-version: [4.0.30319]
      x-content-type-options: [nosniff]
      x-ms-keyvault-network-info: [addr=167.220.0.114;act_addr_fam=InterNetwork;]
      x-ms-keyvault-region: [westus]
      x-ms-keyvault-service-version: [1.0.0.848]
      x-powered-by: [ASP.NET]
    status: {code: 200, message: OK}
- request:
    body: '{"key_ops": ["encrypt", "decrypt"], "attributes": {"enabled": true, "exp":
      2527401600}, "tags": {"foo": "updated tag"}}'
    headers:
      Accept: [application/json]
      Accept-Encoding: ['gzip, deflate']
      Connection: [keep-alive]
      Content-Length: ['119']
      Content-Type: [application/json; charset=utf-8]
      User-Agent: [python/3.6.2 (Windows-10-10.0.17134-SP0) requests/2.18.4 msrest/0.4.27
          msrest_azure/0.4.25 azure-keyvault/1.0.0b1 Azure-SDK-For-Python]
      accept-language: [en-US]
    method: PATCH
    uri: https://vaultf6150e22.vault.azure.net/keys/keyf6150e22/4c6a304efaef4165a93d649bc971557a?api-version=7.0-preview
  response:
    body: {string: '{"key":{"kid":"https://vaultf6150e22.vault.azure.net/keys/keyf6150e22/4c6a304efaef4165a93d649bc971557a","kty":"RSA","key_ops":["encrypt","decrypt"],"n":"5v8dxtWmL0N_ylXly6G6sN5UpYbUaa27cPp9LNTshDvJNZNDY549rbhrG8iJE6qvjFFngkRijCtuNuwyPMNjW_1bQ1CF6yD7dWU8jL8M7M1hbNmqdHTAYEKf1GPmd-RGR3ZBWWZQ1-A0C5mSwoCDbtYQxXfBxm4KLXGRyGwMi0EwXESy2ThAQ6jsq65BXPjAR5BBgxU8nvZuTWXg50MvjB6j1KrPXmkpEBgTg_Dnuzty0R9C1nssMwGFL_Mu0J0vTsFnbWNnJnssHdBH-rcpZ3KVlL6L-rmPpf-IhpJyYN4DziLQouuQXUX0pfDPW-4abwtoUspmquz8fVqXk51dtw","e":"AQAB"},"attributes":{"enabled":true,"exp":2527401600,"created":1526677786,"updated":1526677788,"recoveryLevel":"Purgeable"},"tags":{"foo":"updated
        tag"}}'}
    headers:
      cache-control: [no-cache]
      content-length: ['655']
      content-type: [application/json; charset=utf-8]
      date: ['Fri, 18 May 2018 21:09:48 GMT']
      expires: ['-1']
      pragma: [no-cache]
      server: [Microsoft-IIS/10.0]
      strict-transport-security: [max-age=31536000;includeSubDomains]
      x-aspnet-version: [4.0.30319]
      x-content-type-options: [nosniff]
      x-ms-keyvault-network-info: [addr=167.220.0.114;act_addr_fam=InterNetwork;]
      x-ms-keyvault-region: [westus]
      x-ms-keyvault-service-version: [1.0.0.848]
      x-powered-by: [ASP.NET]
    status: {code: 200, message: OK}
- request:
    body: null
    headers:
      Accept: [application/json]
      Accept-Encoding: ['gzip, deflate']
      Connection: [keep-alive]
      Content-Length: ['0']
      Content-Type: [application/json; charset=utf-8]
      User-Agent: [python/3.6.2 (Windows-10-10.0.17134-SP0) requests/2.18.4 msrest/0.4.27
          msrest_azure/0.4.25 azure-keyvault/1.0.0b1 Azure-SDK-For-Python]
      accept-language: [en-US]
    method: DELETE
    uri: https://vaultf6150e22.vault.azure.net/keys/keyf6150e22?api-version=7.0-preview
  response:
    body: {string: '{"key":{"kid":"https://vaultf6150e22.vault.azure.net/keys/keyf6150e22/4c6a304efaef4165a93d649bc971557a","kty":"RSA","key_ops":["encrypt","decrypt"],"n":"5v8dxtWmL0N_ylXly6G6sN5UpYbUaa27cPp9LNTshDvJNZNDY549rbhrG8iJE6qvjFFngkRijCtuNuwyPMNjW_1bQ1CF6yD7dWU8jL8M7M1hbNmqdHTAYEKf1GPmd-RGR3ZBWWZQ1-A0C5mSwoCDbtYQxXfBxm4KLXGRyGwMi0EwXESy2ThAQ6jsq65BXPjAR5BBgxU8nvZuTWXg50MvjB6j1KrPXmkpEBgTg_Dnuzty0R9C1nssMwGFL_Mu0J0vTsFnbWNnJnssHdBH-rcpZ3KVlL6L-rmPpf-IhpJyYN4DziLQouuQXUX0pfDPW-4abwtoUspmquz8fVqXk51dtw","e":"AQAB"},"attributes":{"enabled":true,"exp":2527401600,"created":1526677786,"updated":1526677788,"recoveryLevel":"Purgeable"},"tags":{"foo":"updated
        tag"}}'}
    headers:
      cache-control: [no-cache]
      content-length: ['655']
      content-type: [application/json; charset=utf-8]
      date: ['Fri, 18 May 2018 21:09:48 GMT']
      expires: ['-1']
      pragma: [no-cache]
      server: [Microsoft-IIS/10.0]
      strict-transport-security: [max-age=31536000;includeSubDomains]
      x-aspnet-version: [4.0.30319]
      x-content-type-options: [nosniff]
      x-ms-keyvault-network-info: [addr=167.220.0.114;act_addr_fam=InterNetwork;]
      x-ms-keyvault-region: [westus]
      x-ms-keyvault-service-version: [1.0.0.848]
      x-powered-by: [ASP.NET]
    status: {code: 200, message: OK}
- request:
    body: null
    headers:
      Accept: [application/json]
      Accept-Encoding: ['gzip, deflate']
      Connection: [keep-alive]
      Content-Type: [application/json; charset=utf-8]
      User-Agent: [python/3.6.2 (Windows-10-10.0.17134-SP0) requests/2.18.4 msrest/0.4.27
          msrest_azure/0.4.25 azure-keyvault/1.0.0b1 Azure-SDK-For-Python]
      accept-language: [en-US]
    method: GET
    uri: https://vaultf6150e22.vault.azure.net/keys/keyf6150e22/?api-version=7.0-preview
  response:
    body: {string: '{"error":{"code":"KeyNotFound","message":"Key not found: keyf6150e22"}}'}
    headers:
      cache-control: [no-cache]
      content-length: ['71']
      content-type: [application/json; charset=utf-8]
      date: ['Fri, 18 May 2018 21:09:48 GMT']
      expires: ['-1']
      pragma: [no-cache]
      server: [Microsoft-IIS/10.0]
      strict-transport-security: [max-age=31536000;includeSubDomains]
      x-aspnet-version: [4.0.30319]
      x-content-type-options: [nosniff]
      x-ms-keyvault-network-info: [addr=167.220.0.114;act_addr_fam=InterNetwork;]
      x-ms-keyvault-region: [westus]
      x-ms-keyvault-service-version: [1.0.0.848]
      x-powered-by: [ASP.NET]
    status: {code: 404, message: Not Found}
version: 1
