interactions:
- request:
    body: '{}'
    headers:
      Accept:
      - application/json
      Accept-Encoding:
      - gzip, deflate
      Connection:
      - keep-alive
      Content-Length:
      - '2'
      Content-Type:
      - application/json
      User-Agent:
      - azsdk-python-communication-identity/1.0.1 Python/3.9.7 (Windows-10-10.0.19043-SP0)
      x-ms-date:
      - Thu, 07 Oct 2021 18:28:06 GMT
      x-ms-return-client-request-id:
      - 'true'
    method: POST
    uri: https://sanitized.communication.azure.com/identities?api-version=2021-03-07
  response:
    body:
      string: '{"identity":{"id":"8:acs:016a7064-0581-40b9-be73-6dde64d69d72_0000000c-fbe4-d738-2740-0948220012a6"}}'
    headers:
      api-supported-versions:
      - 2020-07-20-preview2, 2021-02-22-preview1, 2021-03-07, 2021-03-31-preview1,
        2021-10-31-preview
      content-type:
      - application/json; charset=utf-8
      date:
      - Thu, 07 Oct 2021 18:28:05 GMT
      ms-cv:
      - LfDFKqFphUG7IoPK4re/qQ.0
      request-context:
      - appId=
      strict-transport-security:
      - max-age=2592000
      transfer-encoding:
      - chunked
      x-cache:
      - CONFIG_NOCACHE
      x-processing-time:
      - 40ms
    status:
      code: 201
      message: Created
- request:
    body: '{}'
    headers:
      Accept:
      - application/json
      Accept-Encoding:
      - gzip, deflate
      Connection:
      - keep-alive
      Content-Length:
      - '2'
      Content-Type:
      - application/json
      User-Agent:
      - azsdk-python-communication-identity/1.0.1 Python/3.9.7 (Windows-10-10.0.19043-SP0)
      x-ms-date:
      - Thu, 07 Oct 2021 18:28:06 GMT
      x-ms-return-client-request-id:
      - 'true'
    method: POST
    uri: https://sanitized.communication.azure.com/identities?api-version=2021-03-07
  response:
    body:
      string: '{"identity":{"id":"8:acs:016a7064-0581-40b9-be73-6dde64d69d72_0000000c-fbe4-d7e0-edbe-a43a0d00225f"}}'
    headers:
      api-supported-versions:
      - 2020-07-20-preview2, 2021-02-22-preview1, 2021-03-07, 2021-03-31-preview1,
        2021-10-31-preview
      content-type:
      - application/json; charset=utf-8
      date:
      - Thu, 07 Oct 2021 18:28:05 GMT
      ms-cv:
      - 60uRSH8mBUqA4FH2PjIzJA.0
      request-context:
      - appId=
      strict-transport-security:
      - max-age=2592000
      transfer-encoding:
      - chunked
      x-cache:
      - CONFIG_NOCACHE
      x-processing-time:
      - 78ms
    status:
      code: 201
      message: Created
- request:
    body: null
    headers:
      Accept:
      - '*/*'
      Accept-Encoding:
      - gzip, deflate
      Connection:
      - keep-alive
      Content-Length:
      - '0'
      UriToSignWith:
      - https://test.communication.azure.com/v1/objects/0-wus-d10-0172bbc567cf530ac27da36ec99579f3
      User-Agent:
      - azsdk-python-communication-callingserver/1.0.0b1 Python/3.9.7 (Windows-10-10.0.19043-SP0)
      host:
      - test.communication.azure.com
      x-ms-date:
      - Thu, 07 Oct 2021 18:28:06 GMT
      x-ms-return-client-request-id:
      - 'true'
    method: DELETE
    uri: https://storage.asm.skype.com/v1/objects/0-wus-d10-0172bbc567cf530ac27da36ec99579f3
  response:
    body:
      string: ''
    headers:
      content-length:
      - '0'
      date:
      - Thu, 07 Oct 2021 18:28:05 GMT
      server:
      - Microsoft-HTTPAPI/2.0
      strict-transport-security:
      - max-age=31536000; includeSubDomains
    status:
      code: 401
      message: Unauthorized
version: 1
