interactions:
- request:
    body: '{}'
    headers:
      Accept:
      - application/json
      Accept-Encoding:
      - gzip, deflate
      Connection:
      - keep-alive
      Content-Length:
      - '2'
      Content-Type:
      - application/json
      User-Agent:
      - azsdk-python-communication-identity/1.0.1 Python/3.8.2 (macOS-10.15.7-x86_64-i386-64bit)
      x-ms-date:
      - Mon, 20 Sep 2021 22:48:51 GMT
      x-ms-return-client-request-id:
      - 'true'
    method: POST
    uri: https://sanitized.communication.azure.com/identities?api-version=2021-03-07
  response:
    body:
      string: '{"identity":{"id":"8:acs:016a7064-0581-40b9-be73-6dde64d69d72_0000000c-a547-7706-05de-444822001b90"}}'
    headers:
      api-supported-versions:
      - 2020-07-20-preview2, 2021-02-22-preview1, 2021-03-07, 2021-03-31-preview1,
        2021-10-31-preview
      content-type:
      - application/json; charset=utf-8
      date:
      - Mon, 20 Sep 2021 22:48:51 GMT
      ms-cv:
      - WKBia9pxKE6TFemKqnwfdQ.0
      request-context:
      - appId=
      strict-transport-security:
      - max-age=2592000
      transfer-encoding:
      - chunked
      x-cache:
      - CONFIG_NOCACHE
      x-processing-time:
      - 80ms
    status:
      code: 201
      message: Created
- request:
    body: '{}'
    headers:
      Accept:
      - application/json
      Accept-Encoding:
      - gzip, deflate
      Connection:
      - keep-alive
      Content-Length:
      - '2'
      Content-Type:
      - application/json
      User-Agent:
      - azsdk-python-communication-identity/1.0.1 Python/3.8.2 (macOS-10.15.7-x86_64-i386-64bit)
      x-ms-date:
      - Mon, 20 Sep 2021 22:48:52 GMT
      x-ms-return-client-request-id:
      - 'true'
    method: POST
    uri: https://sanitized.communication.azure.com/identities?api-version=2021-03-07
  response:
    body:
      string: '{"identity":{"id":"8:acs:016a7064-0581-40b9-be73-6dde64d69d72_0000000c-a547-79fd-1d0c-284822003533"}}'
    headers:
      api-supported-versions:
      - 2020-07-20-preview2, 2021-02-22-preview1, 2021-03-07, 2021-03-31-preview1,
        2021-10-31-preview
      content-type:
      - application/json; charset=utf-8
      date:
      - Mon, 20 Sep 2021 22:48:52 GMT
      ms-cv:
      - 6yHzRP8yDk+3Q+8jHP4ynQ.0
      request-context:
      - appId=
      strict-transport-security:
      - max-age=2592000
      transfer-encoding:
      - chunked
      x-cache:
      - CONFIG_NOCACHE
      x-processing-time:
      - 150ms
    status:
      code: 201
      message: Created
- request:
    body: '{"source": "sanitized", "callbackUri": "sanitized", "requestedMediaTypes":
      ["audio"], "requestedCallEvents": ["participantsUpdated"]}'
    headers:
      Accept:
      - application/json
      Content-Length:
      - '256'
      Content-Type:
      - application/json
      User-Agent:
      - azsdk-python-communication-callingserver/1.0.0b1 Python/3.8.2 (macOS-10.15.7-x86_64-i386-64bit)
    method: POST
    uri: https://sanitized.communication.azure.com/calling/serverCalls/a63c39d3-1147-31a1-9413-d97d876e1c5a/:join?api-version=2021-09-15-preview
  response:
    body:
      string: '{"callConnectionId": "04000b80-9b58-4c77-94a5-fd39ae9ba40d"}'
    headers:
      content-length: '59'
      content-type: application/json; charset=utf-8
      date: Mon, 20 Sep 2021 22:48:53 GMT
      x-cache: CONFIG_NOCACHE
      x-microsoft-skype-chain-id: c462f696-6b70-4dc0-aba6-3ff1d680b45c
    status:
      code: 202
      message: Accepted
    url: https://sanitized.communication.azure.com/calling/serverCalls/sanitized/:join?api-version=2021-09-15-preview
- request:
    body: '{"source": "sanitized", "callbackUri": "sanitized", "requestedMediaTypes":
      ["audio"], "requestedCallEvents": ["participantsUpdated"]}'
    headers:
      Accept:
      - application/json
      Content-Length:
      - '256'
      Content-Type:
      - application/json
      User-Agent:
      - azsdk-python-communication-callingserver/1.0.0b1 Python/3.8.2 (macOS-10.15.7-x86_64-i386-64bit)
    method: POST
    uri: https://sanitized.communication.azure.com/calling/serverCalls/a63c39d3-1147-31a1-9413-d97d876e1c5a/:join?api-version=2021-09-15-preview
  response:
    body:
      string: '{"callConnectionId": "04000b80-05eb-4db1-a2ed-7b7b94ecbc53"}'
    headers:
      content-length: '59'
      content-type: application/json; charset=utf-8
      date: Mon, 20 Sep 2021 22:49:04 GMT
      x-cache: CONFIG_NOCACHE
      x-microsoft-skype-chain-id: 61981df6-35cd-42db-82ea-8a2325c6ce5f
    status:
      code: 202
      message: Accepted
    url: https://sanitized.communication.azure.com/calling/serverCalls/sanitized/:join?api-version=2021-09-15-preview
- request:
    body: '{"audioFileUri": "https://dummy.ngrok.io/audio/sample-message.wav", "loop":
      true, "operationContext": "<azure.communication.callingserver._models.PlayAudioOptions
      object at 0x10f8c2130>", "audioFileId": "496374d5-4265-4ced-ad05-c8e1ec5e8624",
      "callbackUri": "sanitized"}'
    headers:
      Accept:
      - application/json
      Content-Length:
      - '326'
      Content-Type:
      - application/json
      User-Agent:
      - azsdk-python-communication-callingserver/1.0.0b1 Python/3.8.2 (macOS-10.15.7-x86_64-i386-64bit)
    method: POST
    uri: https://sanitized.communication.azure.com/calling/serverCalls/a63c39d3-1147-31a1-9413-d97d876e1c5a/:playAudio?api-version=2021-09-15-preview
  response:
    body:
      string: '{"operationId": "03000480-cbe1-4c63-a16c-614604102e5d", "status": "running",
        "operationContext": "<azure.communication.callingserver._models.PlayAudioOptions
        object at 0x10f8c2130>"}'
    headers:
      content-length: '177'
      content-type: application/json; charset=utf-8
      date: Mon, 20 Sep 2021 22:49:27 GMT
      x-cache: CONFIG_NOCACHE
      x-microsoft-skype-chain-id: dcc32f95-f821-48ac-b1c2-07454090d6d0
    status:
      code: 202
      message: Accepted
    url: https://sanitized.communication.azure.com/calling/serverCalls/sanitized/:playAudio?api-version=2021-09-15-preview
- request:
    body: '{}'
    headers:
      Accept:
      - application/json
      Content-Length:
      - '2'
      Content-Type:
      - application/json
      User-Agent:
      - azsdk-python-communication-callingserver/1.0.0b1 Python/3.8.2 (macOS-10.15.7-x86_64-i386-64bit)
    method: POST
    uri: https://sanitized.communication.azure.com/calling/callConnections/04000b80-9b58-4c77-94a5-fd39ae9ba40d/:cancelAllMediaOperations?api-version=2021-09-15-preview
  response:
    body:
      string: '{"operationId": "6eac1bf0-ee8d-4482-898f-57e8fef63642", "status": "completed"}'
    headers:
      content-length: '75'
      content-type: application/json; charset=utf-8
      date: Mon, 20 Sep 2021 22:49:37 GMT
      x-cache: CONFIG_NOCACHE
      x-microsoft-skype-chain-id: a6bd4111-3493-447e-ab1d-e4afe316e25b
    status:
      code: 200
      message: OK
    url: https://sanitized.communication.azure.com/calling/callConnections/04000b80-9b58-4c77-94a5-fd39ae9ba40d/:cancelAllMediaOperations?api-version=2021-09-15-preview
- request:
    body: '{}'
    headers:
      Accept:
      - application/json
      Content-Length:
      - '2'
      Content-Type:
      - application/json
      User-Agent:
      - azsdk-python-communication-callingserver/1.0.0b1 Python/3.8.2 (macOS-10.15.7-x86_64-i386-64bit)
    method: POST
    uri: https://sanitized.communication.azure.com/calling/callConnections/04000b80-05eb-4db1-a2ed-7b7b94ecbc53/:cancelAllMediaOperations?api-version=2021-09-15-preview
  response:
    body:
      string: '{"operationId": "f1d43730-6547-41b1-ad88-609094d36512", "status": "completed"}'
    headers:
      content-length: '75'
      content-type: application/json; charset=utf-8
      date: Mon, 20 Sep 2021 22:49:37 GMT
      x-cache: CONFIG_NOCACHE
      x-microsoft-skype-chain-id: f581eb3e-bf26-4618-acc2-1d25d58c843a
    status:
      code: 200
      message: OK
    url: https://sanitized.communication.azure.com/calling/callConnections/04000b80-05eb-4db1-a2ed-7b7b94ecbc53/:cancelAllMediaOperations?api-version=2021-09-15-preview
- request:
    body: null
    headers:
      Accept:
      - application/json
      User-Agent:
      - azsdk-python-communication-callingserver/1.0.0b1 Python/3.8.2 (macOS-10.15.7-x86_64-i386-64bit)
    method: POST
    uri: https://sanitized.communication.azure.com/calling/callConnections/04000b80-9b58-4c77-94a5-fd39ae9ba40d/:hangup?api-version=2021-09-15-preview
  response:
    body:
      string: ''
    headers:
      content-length: '0'
      date: Mon, 20 Sep 2021 22:49:48 GMT
      x-cache: CONFIG_NOCACHE
      x-microsoft-skype-chain-id: 39cdc3b0-ad1c-4135-98c3-9626a37bb66d
    status:
      code: 202
      message: Accepted
    url: https://sanitized.communication.azure.com/calling/callConnections/04000b80-9b58-4c77-94a5-fd39ae9ba40d/:hangup?api-version=2021-09-15-preview
- request:
    body: null
    headers:
      Accept:
      - application/json
      User-Agent:
      - azsdk-python-communication-callingserver/1.0.0b1 Python/3.8.2 (macOS-10.15.7-x86_64-i386-64bit)
    method: POST
    uri: https://sanitized.communication.azure.com/calling/callConnections/04000b80-05eb-4db1-a2ed-7b7b94ecbc53/:hangup?api-version=2021-09-15-preview
  response:
    body:
      string: ''
    headers:
      content-length: '0'
      date: Mon, 20 Sep 2021 22:49:48 GMT
      x-cache: CONFIG_NOCACHE
      x-microsoft-skype-chain-id: cad2d8f0-5ba9-46d2-9be8-0e8ba92542c6
    status:
      code: 202
      message: Accepted
    url: https://sanitized.communication.azure.com/calling/callConnections/04000b80-05eb-4db1-a2ed-7b7b94ecbc53/:hangup?api-version=2021-09-15-preview
version: 1
