interactions:
- request:
    body: '{"source": {"rawId": "8:acs:016a7064-0581-40b9-be73-6dde64d69d72_6adc6706-3ac5-4825-9d4f-c2cea71953b0",
      "communicationUser": {"id": "8:acs:016a7064-0581-40b9-be73-6dde64d69d72_6adc6706-3ac5-4825-9d4f-c2cea71953b0"}},
      "callbackUri": "https://host.app/api/callback/calling", "requestedMediaTypes":
      ["audio"], "requestedCallEvents": ["participantsUpdated"]}'
    headers:
      Accept:
      - application/json
      Content-Length:
      - '354'
      Content-Type:
      - application/json
      User-Agent:
      - azsdk-python-communication-callingserver/1.0.0b1 Python/3.8.2 (macOS-10.15.7-x86_64-i386-64bit)
      x-ms-date:
      - Fri, 10 Sep 2021 23:21:53 GMT
      x-ms-return-client-request-id:
      - 'true'
    method: POST
    uri: https://sanitized.communication.azure.com/calling/serverCalls/acbd037b-d2bc-4886-b828-f429e7e0275c/:join?api-version=2021-06-15-preview
  response:
    body: '{"callConnectionId": "00000b80-4921-4cb2-803d-941d33c46019"}'
    headers:
      content-length: '59'
      content-type: application/json; charset=utf-8
      date: Fri, 10 Sep 2021 23:21:54 GMT
      x-cache: CONFIG_NOCACHE
      x-microsoft-skype-chain-id: a54fdc43-1a5f-4fca-b110-857f80722baa
    status:
      code: 202
      message: Accepted
    url: https://acstestbot1.communication.azure.com/calling/serverCalls/acbd037b-d2bc-4886-b828-f429e7e0275c/:join?api-version=2021-06-15-preview
- request:
    body: '{"source": {"rawId": "8:acs:016a7064-0581-40b9-be73-6dde64d69d72_6adc6706-3ac5-4825-9d4f-c2cea71953b0",
      "communicationUser": {"id": "8:acs:016a7064-0581-40b9-be73-6dde64d69d72_c09ab042-2eed-4981-9b8b-53ae118b4d44"}},
      "callbackUri": "https://host.app/api/callback/calling", "requestedMediaTypes":
      ["audio"], "requestedCallEvents": ["participantsUpdated"]}'
    headers:
      Accept:
      - application/json
      Content-Length:
      - '354'
      Content-Type:
      - application/json
      User-Agent:
      - azsdk-python-communication-callingserver/1.0.0b1 Python/3.8.2 (macOS-10.15.7-x86_64-i386-64bit)
      x-ms-date:
      - Fri, 10 Sep 2021 23:21:55 GMT
      x-ms-return-client-request-id:
      - 'true'
    method: POST
    uri: https://sanitized.communication.azure.com/calling/serverCalls/acbd037b-d2bc-4886-b828-f429e7e0275c/:join?api-version=2021-06-15-preview
  response:
    body: '{"callConnectionId": "00000b80-ab03-4127-9da2-1c8288866f35"}'
    headers:
      content-length: '59'
      content-type: application/json; charset=utf-8
      date: Fri, 10 Sep 2021 23:21:56 GMT
      x-cache: CONFIG_NOCACHE
      x-microsoft-skype-chain-id: 5135aa50-67f4-46c2-986b-cbd19d7c63e0
    status:
      code: 202
      message: Accepted
    url: https://acstestbot1.communication.azure.com/calling/serverCalls/acbd037b-d2bc-4886-b828-f429e7e0275c/:join?api-version=2021-06-15-preview
- request:
    body: '{"recordingStateCallbackUri": "https://host.app/api/callback/calling"}'
    headers:
      Accept:
      - application/json
      Content-Length:
      - '70'
      Content-Type:
      - application/json
      User-Agent:
      - azsdk-python-communication-callingserver/1.0.0b1 Python/3.8.2 (macOS-10.15.7-x86_64-i386-64bit)
      x-ms-date:
      - Fri, 10 Sep 2021 23:21:57 GMT
      x-ms-return-client-request-id:
      - 'true'
    method: POST
    uri: https://sanitized.communication.azure.com/calling/serverCalls/acbd037b-d2bc-4886-b828-f429e7e0275c/recordings?api-version=2021-06-15-preview
  response:
    body: '{"recordingId": "sanitized"}'
    headers:
      content-length: '180'
      content-type: application/json; charset=utf-8
      date: Fri, 10 Sep 2021 23:22:00 GMT
      x-cache: CONFIG_NOCACHE
      x-microsoft-skype-chain-id: dfa8dd07-a831-4861-b6a2-9ca39f5d6b86
    status:
      code: 200
      message: OK
    url: https://acstestbot1.communication.azure.com/calling/serverCalls/acbd037b-d2bc-4886-b828-f429e7e0275c/recordings?api-version=2021-06-15-preview
- request:
    body: ''
    headers:
      Accept:
      - application/json
      User-Agent:
      - azsdk-python-communication-callingserver/1.0.0b1 Python/3.8.2 (macOS-10.15.7-x86_64-i386-64bit)
      x-ms-date:
      - Fri, 10 Sep 2021 23:22:07 GMT
      x-ms-return-client-request-id:
      - 'true'
    method: GET
    uri: https://sanitized.communication.azure.com/calling/serverCalls/acbd037b-d2bc-4886-b828-f429e7e0275c/recordings/eyJQbGF0Zm9ybUVuZHBvaW50SWQiOiIwMDAwMGI4MC05ZDMxLTQxZWQtYmYxNC1lMWYyOGQwOTY3Y2QiLCJSZXNvdXJjZVNwZWNpZmljSWQiOiIwMzJjZGRmMC04MTcyLTRiYTUtYWFjNi00NGQ5NDM4NWRlYTQifQ?api-version=2021-06-15-preview
  response:
    body: '{"recordingState": "active"}'
    headers:
      content-length: '27'
      content-type: application/json; charset=utf-8
      date: Fri, 10 Sep 2021 23:22:06 GMT
      x-cache: CONFIG_NOCACHE
      x-microsoft-skype-chain-id: 0fff5fee-17dd-483f-8969-118ac3e50cd3
    status:
      code: 200
      message: OK
    url: https://acstestbot1.communication.azure.com/calling/serverCalls/acbd037b-d2bc-4886-b828-f429e7e0275c/recordings/eyJQbGF0Zm9ybUVuZHBvaW50SWQiOiIwMDAwMGI4MC05ZDMxLTQxZWQtYmYxNC1lMWYyOGQwOTY3Y2QiLCJSZXNvdXJjZVNwZWNpZmljSWQiOiIwMzJjZGRmMC04MTcyLTRiYTUtYWFjNi00NGQ5NDM4NWRlYTQifQ?api-version=2021-06-15-preview
- request:
    body: ''
    headers:
      Accept:
      - application/json
      User-Agent:
      - azsdk-python-communication-callingserver/1.0.0b1 Python/3.8.2 (macOS-10.15.7-x86_64-i386-64bit)
      x-ms-date:
      - Fri, 10 Sep 2021 23:22:07 GMT
      x-ms-return-client-request-id:
      - 'true'
    method: POST
    uri: https://sanitized.communication.azure.com/calling/serverCalls/acbd037b-d2bc-4886-b828-f429e7e0275c/recordings/eyJQbGF0Zm9ybUVuZHBvaW50SWQiOiIwMDAwMGI4MC05ZDMxLTQxZWQtYmYxNC1lMWYyOGQwOTY3Y2QiLCJSZXNvdXJjZVNwZWNpZmljSWQiOiIwMzJjZGRmMC04MTcyLTRiYTUtYWFjNi00NGQ5NDM4NWRlYTQifQ/:pause?api-version=2021-06-15-preview
  response:
    body:
      string: ''
    headers:
      content-length: '0'
      date: Fri, 10 Sep 2021 23:22:07 GMT
      x-cache: CONFIG_NOCACHE
      x-microsoft-skype-chain-id: e9f76ca6-8c8a-4239-97f8-349c22e23306
    status:
      code: 200
      message: OK
    url: https://acstestbot1.communication.azure.com/calling/serverCalls/acbd037b-d2bc-4886-b828-f429e7e0275c/recordings/eyJQbGF0Zm9ybUVuZHBvaW50SWQiOiIwMDAwMGI4MC05ZDMxLTQxZWQtYmYxNC1lMWYyOGQwOTY3Y2QiLCJSZXNvdXJjZVNwZWNpZmljSWQiOiIwMzJjZGRmMC04MTcyLTRiYTUtYWFjNi00NGQ5NDM4NWRlYTQifQ/:pause?api-version=2021-06-15-preview
- request:
    body: ''
    headers:
      Accept:
      - application/json
      User-Agent:
      - azsdk-python-communication-callingserver/1.0.0b1 Python/3.8.2 (macOS-10.15.7-x86_64-i386-64bit)
      x-ms-date:
      - Fri, 10 Sep 2021 23:22:13 GMT
      x-ms-return-client-request-id:
      - 'true'
    method: GET
    uri: https://sanitized.communication.azure.com/calling/serverCalls/acbd037b-d2bc-4886-b828-f429e7e0275c/recordings/eyJQbGF0Zm9ybUVuZHBvaW50SWQiOiIwMDAwMGI4MC05ZDMxLTQxZWQtYmYxNC1lMWYyOGQwOTY3Y2QiLCJSZXNvdXJjZVNwZWNpZmljSWQiOiIwMzJjZGRmMC04MTcyLTRiYTUtYWFjNi00NGQ5NDM4NWRlYTQifQ?api-version=2021-06-15-preview
  response:
    body: '{"recordingState": "inactive"}'
    headers:
      content-length: '29'
      content-type: application/json; charset=utf-8
      date: Fri, 10 Sep 2021 23:22:13 GMT
      x-cache: CONFIG_NOCACHE
      x-microsoft-skype-chain-id: bf7df8fb-ebe6-40c5-9d66-ffa606790196
    status:
      code: 200
      message: OK
    url: https://acstestbot1.communication.azure.com/calling/serverCalls/acbd037b-d2bc-4886-b828-f429e7e0275c/recordings/eyJQbGF0Zm9ybUVuZHBvaW50SWQiOiIwMDAwMGI4MC05ZDMxLTQxZWQtYmYxNC1lMWYyOGQwOTY3Y2QiLCJSZXNvdXJjZVNwZWNpZmljSWQiOiIwMzJjZGRmMC04MTcyLTRiYTUtYWFjNi00NGQ5NDM4NWRlYTQifQ?api-version=2021-06-15-preview
- request:
    body: ''
    headers:
      Accept:
      - application/json
      User-Agent:
      - azsdk-python-communication-callingserver/1.0.0b1 Python/3.8.2 (macOS-10.15.7-x86_64-i386-64bit)
      x-ms-date:
      - Fri, 10 Sep 2021 23:22:13 GMT
      x-ms-return-client-request-id:
      - 'true'
    method: POST
    uri: https://sanitized.communication.azure.com/calling/serverCalls/acbd037b-d2bc-4886-b828-f429e7e0275c/recordings/eyJQbGF0Zm9ybUVuZHBvaW50SWQiOiIwMDAwMGI4MC05ZDMxLTQxZWQtYmYxNC1lMWYyOGQwOTY3Y2QiLCJSZXNvdXJjZVNwZWNpZmljSWQiOiIwMzJjZGRmMC04MTcyLTRiYTUtYWFjNi00NGQ5NDM4NWRlYTQifQ/:resume?api-version=2021-06-15-preview
  response:
    body:
      string: ''
    headers:
      content-length: '0'
      date: Fri, 10 Sep 2021 23:22:13 GMT
      x-cache: CONFIG_NOCACHE
      x-microsoft-skype-chain-id: 8fd133a4-1e0f-41f8-81c1-fb81ccfc8063
    status:
      code: 200
      message: OK
    url: https://acstestbot1.communication.azure.com/calling/serverCalls/acbd037b-d2bc-4886-b828-f429e7e0275c/recordings/eyJQbGF0Zm9ybUVuZHBvaW50SWQiOiIwMDAwMGI4MC05ZDMxLTQxZWQtYmYxNC1lMWYyOGQwOTY3Y2QiLCJSZXNvdXJjZVNwZWNpZmljSWQiOiIwMzJjZGRmMC04MTcyLTRiYTUtYWFjNi00NGQ5NDM4NWRlYTQifQ/:resume?api-version=2021-06-15-preview
- request:
    body: ''
    headers:
      Accept:
      - application/json
      User-Agent:
      - azsdk-python-communication-callingserver/1.0.0b1 Python/3.8.2 (macOS-10.15.7-x86_64-i386-64bit)
      x-ms-date:
      - Fri, 10 Sep 2021 23:22:19 GMT
      x-ms-return-client-request-id:
      - 'true'
    method: GET
    uri: https://sanitized.communication.azure.com/calling/serverCalls/acbd037b-d2bc-4886-b828-f429e7e0275c/recordings/eyJQbGF0Zm9ybUVuZHBvaW50SWQiOiIwMDAwMGI4MC05ZDMxLTQxZWQtYmYxNC1lMWYyOGQwOTY3Y2QiLCJSZXNvdXJjZVNwZWNpZmljSWQiOiIwMzJjZGRmMC04MTcyLTRiYTUtYWFjNi00NGQ5NDM4NWRlYTQifQ?api-version=2021-06-15-preview
  response:
    body: '{"recordingState": "active"}'
    headers:
      content-length: '27'
      content-type: application/json; charset=utf-8
      date: Fri, 10 Sep 2021 23:22:19 GMT
      x-cache: CONFIG_NOCACHE
      x-microsoft-skype-chain-id: a8ed15d5-f3b9-4ffa-93e5-e15beef75626
    status:
      code: 200
      message: OK
    url: https://acstestbot1.communication.azure.com/calling/serverCalls/acbd037b-d2bc-4886-b828-f429e7e0275c/recordings/eyJQbGF0Zm9ybUVuZHBvaW50SWQiOiIwMDAwMGI4MC05ZDMxLTQxZWQtYmYxNC1lMWYyOGQwOTY3Y2QiLCJSZXNvdXJjZVNwZWNpZmljSWQiOiIwMzJjZGRmMC04MTcyLTRiYTUtYWFjNi00NGQ5NDM4NWRlYTQifQ?api-version=2021-06-15-preview
- request:
    body: ''
    headers:
      Accept:
      - application/json
      User-Agent:
      - azsdk-python-communication-callingserver/1.0.0b1 Python/3.8.2 (macOS-10.15.7-x86_64-i386-64bit)
      x-ms-date:
      - Fri, 10 Sep 2021 23:22:19 GMT
      x-ms-return-client-request-id:
      - 'true'
    method: DELETE
    uri: https://sanitized.communication.azure.com/calling/serverCalls/acbd037b-d2bc-4886-b828-f429e7e0275c/recordings/eyJQbGF0Zm9ybUVuZHBvaW50SWQiOiIwMDAwMGI4MC05ZDMxLTQxZWQtYmYxNC1lMWYyOGQwOTY3Y2QiLCJSZXNvdXJjZVNwZWNpZmljSWQiOiIwMzJjZGRmMC04MTcyLTRiYTUtYWFjNi00NGQ5NDM4NWRlYTQifQ?api-version=2021-06-15-preview
  response:
    body:
      string: ''
    headers:
      content-length: '0'
      date: Fri, 10 Sep 2021 23:22:20 GMT
      x-cache: CONFIG_NOCACHE
      x-microsoft-skype-chain-id: c296ab05-9ecf-4d71-9aa1-900676163130
    status:
      code: 200
      message: OK
    url: https://acstestbot1.communication.azure.com/calling/serverCalls/acbd037b-d2bc-4886-b828-f429e7e0275c/recordings/eyJQbGF0Zm9ybUVuZHBvaW50SWQiOiIwMDAwMGI4MC05ZDMxLTQxZWQtYmYxNC1lMWYyOGQwOTY3Y2QiLCJSZXNvdXJjZVNwZWNpZmljSWQiOiIwMzJjZGRmMC04MTcyLTRiYTUtYWFjNi00NGQ5NDM4NWRlYTQifQ?api-version=2021-06-15-preview
- request:
    body: ''
    headers:
      Accept:
      - application/json
      User-Agent:
      - azsdk-python-communication-callingserver/1.0.0b1 Python/3.8.2 (macOS-10.15.7-x86_64-i386-64bit)
      x-ms-date:
      - Fri, 10 Sep 2021 23:22:20 GMT
      x-ms-return-client-request-id:
      - 'true'
    method: POST
    uri: https://sanitized.communication.azure.com/calling/callConnections/00000b80-4921-4cb2-803d-941d33c46019/:hangup?api-version=2021-06-15-preview
  response:
    body:
      string: ''
    headers:
      content-length: '0'
      date: Fri, 10 Sep 2021 23:22:20 GMT
      x-cache: CONFIG_NOCACHE
      x-microsoft-skype-chain-id: d1b3cb19-fd50-4e7c-87b2-5f6f2ea7d954
    status:
      code: 202
      message: Accepted
    url: https://acstestbot1.communication.azure.com/calling/callConnections/00000b80-4921-4cb2-803d-941d33c46019/:hangup?api-version=2021-06-15-preview
- request:
    body: ''
    headers:
      Accept:
      - application/json
      User-Agent:
      - azsdk-python-communication-callingserver/1.0.0b1 Python/3.8.2 (macOS-10.15.7-x86_64-i386-64bit)
      x-ms-date:
      - Fri, 10 Sep 2021 23:22:20 GMT
      x-ms-return-client-request-id:
      - 'true'
    method: POST
    uri: https://sanitized.communication.azure.com/calling/callConnections/00000b80-ab03-4127-9da2-1c8288866f35/:hangup?api-version=2021-06-15-preview
  response:
    body:
      string: ''
    headers:
      content-length: '0'
      date: Fri, 10 Sep 2021 23:22:20 GMT
      x-cache: CONFIG_NOCACHE
      x-microsoft-skype-chain-id: 0fe62f46-a9b5-4b26-a017-9dd8592a4f83
    status:
      code: 202
      message: Accepted
    url: https://acstestbot1.communication.azure.com/calling/callConnections/00000b80-ab03-4127-9da2-1c8288866f35/:hangup?api-version=2021-06-15-preview
version: 1
