{
  "Entries": [
    {
      "RequestUri": "https://management.azure.com/subscriptions/00000000-0000-0000-0000-000000000/resourceGroups/00000/providers/Microsoft.MachineLearningServices/workspaces/00000/datastores/workspaceblobstore?api-version=2022-05-01",
      "RequestMethod": "GET",
      "RequestHeaders": {
        "Accept": "application/json",
        "Accept-Encoding": "gzip, deflate",
        "Connection": "keep-alive",
        "User-Agent": "azure-ai-ml/1.3.0 azsdk-python-mgmt-machinelearningservices/0.1.0 Python/3.7.13 (Windows-10-10.0.22621-SP0)"
      },
      "RequestBody": null,
      "StatusCode": 200,
      "ResponseHeaders": {
        "Cache-Control": "no-cache",
        "Content-Encoding": "gzip",
        "Content-Type": "application/json; charset=utf-8",
        "Date": "Wed, 04 Jan 2023 03:50:44 GMT",
        "Expires": "-1",
        "Pragma": "no-cache",
        "Request-Context": "appId=cid-v1:512cc15a-13b5-415b-bfd0-dce7accb6bb1",
        "Server-Timing": "traceparent;desc=\u002200-8a8f6edd2b6d152723abf1512202f64f-8f95429a0bdd4657-00\u0022",
        "Strict-Transport-Security": "max-age=31536000; includeSubDomains",
        "Transfer-Encoding": "chunked",
        "Vary": [
          "Accept-Encoding",
          "Accept-Encoding"
        ],
        "x-aml-cluster": "vienna-test-westus2-02",
        "X-Content-Type-Options": "nosniff",
        "x-ms-correlation-request-id": "d5e51556-2a26-41c6-8140-3f4eb10c46c4",
        "x-ms-ratelimit-remaining-subscription-reads": "11992",
        "x-ms-response-type": "standard",
        "x-ms-routing-request-id": "JAPANEAST:20230104T035044Z:d5e51556-2a26-41c6-8140-3f4eb10c46c4",
        "x-request-time": "0.096"
      },
      "ResponseBody": {
        "id": "/subscriptions/00000000-0000-0000-0000-000000000/resourceGroups/00000/providers/Microsoft.MachineLearningServices/workspaces/00000/datastores/workspaceblobstore",
        "name": "workspaceblobstore",
        "type": "Microsoft.MachineLearningServices/workspaces/datastores",
        "properties": {
          "description": null,
          "tags": null,
          "properties": null,
          "isDefault": true,
          "credentials": {
            "credentialsType": "AccountKey"
          },
          "datastoreType": "AzureBlob",
          "accountName": "sagvgsoim6nmhbq",
          "containerName": "azureml-blobstore-e61cd5e2-512f-475e-9842-5e2a973993b8",
          "endpoint": "core.windows.net",
          "protocol": "https",
          "serviceDataAccessAuthIdentity": "WorkspaceSystemAssignedIdentity"
        },
        "systemData": {
          "createdAt": "2022-09-22T09:02:03.2629568\u002B00:00",
          "createdBy": "779301c0-18b2-4cdc-801b-a0a3368fee0a",
          "createdByType": "Application",
          "lastModifiedAt": "2022-09-22T09:02:04.166989\u002B00:00",
          "lastModifiedBy": "779301c0-18b2-4cdc-801b-a0a3368fee0a",
          "lastModifiedByType": "Application"
        }
      }
    },
    {
      "RequestUri": "https://management.azure.com/subscriptions/00000000-0000-0000-0000-000000000/resourceGroups/00000/providers/Microsoft.MachineLearningServices/workspaces/00000/datastores/workspaceblobstore/listSecrets?api-version=2022-05-01",
      "RequestMethod": "POST",
      "RequestHeaders": {
        "Accept": "application/json",
        "Accept-Encoding": "gzip, deflate",
        "Connection": "keep-alive",
        "Content-Length": "0",
        "User-Agent": "azure-ai-ml/1.3.0 azsdk-python-mgmt-machinelearningservices/0.1.0 Python/3.7.13 (Windows-10-10.0.22621-SP0)"
      },
      "RequestBody": null,
      "StatusCode": 200,
      "ResponseHeaders": {
        "Cache-Control": "no-cache",
        "Content-Encoding": "gzip",
        "Content-Type": "application/json; charset=utf-8",
        "Date": "Wed, 04 Jan 2023 03:50:45 GMT",
        "Expires": "-1",
        "Pragma": "no-cache",
        "Request-Context": "appId=cid-v1:512cc15a-13b5-415b-bfd0-dce7accb6bb1",
        "Server-Timing": "traceparent;desc=\u002200-7a48ec0ef6c0416b5ecf7ebc0db5478d-9427b1f3fcc7ea24-00\u0022",
        "Strict-Transport-Security": "max-age=31536000; includeSubDomains",
        "Transfer-Encoding": "chunked",
        "Vary": "Accept-Encoding",
        "x-aml-cluster": "vienna-test-westus2-02",
        "X-Content-Type-Options": "nosniff",
        "x-ms-correlation-request-id": "32e1c754-e8cf-4df8-bae2-76bbf7ee492e",
        "x-ms-ratelimit-remaining-subscription-writes": "1195",
        "x-ms-response-type": "standard",
        "x-ms-routing-request-id": "JAPANEAST:20230104T035045Z:32e1c754-e8cf-4df8-bae2-76bbf7ee492e",
        "x-request-time": "0.120"
      },
      "ResponseBody": {
        "secretsType": "AccountKey",
        "key": "dGhpcyBpcyBmYWtlIGtleQ=="
      }
    },
    {
      "RequestUri": "https://sagvgsoim6nmhbq.blob.core.windows.net/azureml-blobstore-e61cd5e2-512f-475e-9842-5e2a973993b8/LocalUpload/00000000000000000000000000000000/src/kmeans_example.py",
      "RequestMethod": "HEAD",
      "RequestHeaders": {
        "Accept": "application/xml",
        "Accept-Encoding": "gzip, deflate",
        "Connection": "keep-alive",
        "User-Agent": "azsdk-python-storage-blob/12.9.0 Python/3.7.13 (Windows-10-10.0.22621-SP0)",
        "x-ms-date": "Wed, 04 Jan 2023 03:50:46 GMT",
        "x-ms-version": "2020-10-02"
      },
      "RequestBody": null,
      "StatusCode": 200,
      "ResponseHeaders": {
        "Accept-Ranges": "bytes",
        "Content-Length": "1265",
        "Content-MD5": "/fpY2Pv9ZMyxAuHg9SQ/Dg==",
        "Content-Type": "application/octet-stream",
        "Date": "Wed, 04 Jan 2023 03:50:44 GMT",
        "ETag": "\u00220x8DAE67AE4088BFB\u0022",
        "Last-Modified": "Sun, 25 Dec 2022 13:21:11 GMT",
        "Server": [
          "Windows-Azure-Blob/1.0",
          "Microsoft-HTTPAPI/2.0"
        ],
        "Vary": "Origin",
        "x-ms-access-tier": "Hot",
        "x-ms-access-tier-inferred": "true",
        "x-ms-blob-type": "BlockBlob",
        "x-ms-creation-time": "Sun, 25 Dec 2022 13:21:11 GMT",
        "x-ms-lease-state": "available",
        "x-ms-lease-status": "unlocked",
        "x-ms-meta-name": "31afe24f-443b-4b76-8ad7-9f03b4ca8240",
        "x-ms-meta-upload_status": "completed",
        "x-ms-meta-version": "1",
        "x-ms-server-encrypted": "true",
        "x-ms-version": "2020-10-02"
      },
      "ResponseBody": null
    },
    {
      "RequestUri": "https://sagvgsoim6nmhbq.blob.core.windows.net/azureml-blobstore-e61cd5e2-512f-475e-9842-5e2a973993b8/az-ml-artifacts/00000000000000000000000000000000/src/kmeans_example.py",
      "RequestMethod": "HEAD",
      "RequestHeaders": {
        "Accept": "application/xml",
        "Accept-Encoding": "gzip, deflate",
        "Connection": "keep-alive",
        "User-Agent": "azsdk-python-storage-blob/12.9.0 Python/3.7.13 (Windows-10-10.0.22621-SP0)",
        "x-ms-date": "Wed, 04 Jan 2023 03:50:46 GMT",
        "x-ms-version": "2020-10-02"
      },
      "RequestBody": null,
      "StatusCode": 404,
      "ResponseHeaders": {
        "Date": "Wed, 04 Jan 2023 03:50:45 GMT",
        "Server": [
          "Windows-Azure-Blob/1.0",
          "Microsoft-HTTPAPI/2.0"
        ],
        "Transfer-Encoding": "chunked",
        "Vary": "Origin",
        "x-ms-error-code": "BlobNotFound",
        "x-ms-version": "2020-10-02"
      },
      "ResponseBody": null
    },
    {
      "RequestUri": "https://management.azure.com/subscriptions/00000000-0000-0000-0000-000000000/resourceGroups/00000/providers/Microsoft.MachineLearningServices/workspaces/00000/codes/31afe24f-443b-4b76-8ad7-9f03b4ca8240/versions/1?api-version=2022-05-01",
      "RequestMethod": "PUT",
      "RequestHeaders": {
        "Accept": "application/json",
        "Accept-Encoding": "gzip, deflate",
        "Connection": "keep-alive",
        "Content-Length": "292",
        "Content-Type": "application/json",
        "User-Agent": "azure-ai-ml/1.3.0 azsdk-python-mgmt-machinelearningservices/0.1.0 Python/3.7.13 (Windows-10-10.0.22621-SP0)"
      },
      "RequestBody": {
        "properties": {
          "properties": {
            "hash_sha256": "0000000000000",
            "hash_version": "0000000000000"
          },
          "isAnonymous": true,
          "isArchived": false,
          "codeUri": "https://sagvgsoim6nmhbq.blob.core.windows.net/azureml-blobstore-e61cd5e2-512f-475e-9842-5e2a973993b8/LocalUpload/00000000000000000000000000000000/src"
        }
      },
      "StatusCode": 200,
      "ResponseHeaders": {
        "Cache-Control": "no-cache",
        "Content-Encoding": "gzip",
        "Content-Type": "application/json; charset=utf-8",
        "Date": "Wed, 04 Jan 2023 03:50:46 GMT",
        "Expires": "-1",
        "Pragma": "no-cache",
        "Request-Context": "appId=cid-v1:512cc15a-13b5-415b-bfd0-dce7accb6bb1",
        "Server-Timing": "traceparent;desc=\u002200-d1367cd3da0162a8229feca9d734a639-bbfb59e391770dd3-00\u0022",
        "Strict-Transport-Security": "max-age=31536000; includeSubDomains",
        "Transfer-Encoding": "chunked",
        "Vary": [
          "Accept-Encoding",
          "Accept-Encoding"
        ],
        "x-aml-cluster": "vienna-test-westus2-02",
        "X-Content-Type-Options": "nosniff",
        "x-ms-correlation-request-id": "420e56b7-b711-481b-a14e-74d0433e4646",
        "x-ms-ratelimit-remaining-subscription-writes": "1189",
        "x-ms-response-type": "standard",
        "x-ms-routing-request-id": "JAPANEAST:20230104T035046Z:420e56b7-b711-481b-a14e-74d0433e4646",
        "x-request-time": "0.361"
      },
      "ResponseBody": {
        "id": "/subscriptions/00000000-0000-0000-0000-000000000/resourceGroups/00000/providers/Microsoft.MachineLearningServices/workspaces/00000/codes/31afe24f-443b-4b76-8ad7-9f03b4ca8240/versions/1",
        "name": "1",
        "type": "Microsoft.MachineLearningServices/workspaces/codes/versions",
        "properties": {
          "description": null,
          "tags": {},
          "properties": {
            "hash_sha256": "0000000000000",
            "hash_version": "0000000000000"
          },
          "isArchived": false,
          "isAnonymous": false,
          "codeUri": "https://sagvgsoim6nmhbq.blob.core.windows.net/azureml-blobstore-e61cd5e2-512f-475e-9842-5e2a973993b8/LocalUpload/00000000000000000000000000000000/src"
        },
        "systemData": {
          "createdAt": "2022-12-25T13:21:12.4285228\u002B00:00",
          "createdBy": "Xingzhi Zhang",
          "createdByType": "User",
          "lastModifiedAt": "2023-01-04T03:50:46.4381287\u002B00:00",
          "lastModifiedBy": "Doris Liao",
          "lastModifiedByType": "User"
        }
      }
    },
    {
      "RequestUri": "https://management.azure.com/subscriptions/00000000-0000-0000-0000-000000000/resourceGroups/00000/providers/Microsoft.MachineLearningServices/workspaces/00000/components/test_277218017421/versions/1?api-version=2022-10-01",
      "RequestMethod": "PUT",
      "RequestHeaders": {
        "Accept": "application/json",
        "Accept-Encoding": "gzip, deflate",
        "Connection": "keep-alive",
        "Content-Length": "1059",
        "Content-Type": "application/json",
        "User-Agent": "azure-ai-ml/1.3.0 azsdk-python-mgmt-machinelearningservices/0.1.0 Python/3.7.13 (Windows-10-10.0.22621-SP0)"
      },
      "RequestBody": {
        "properties": {
          "description": "Aml Spark dataset test module",
          "properties": {},
          "tags": {},
          "isAnonymous": false,
          "isArchived": false,
          "componentSpec": {
            "code": "azureml:/subscriptions/00000000-0000-0000-0000-000000000/resourceGroups/00000/providers/Microsoft.MachineLearningServices/workspaces/00000/codes/31afe24f-443b-4b76-8ad7-9f03b4ca8240/versions/1",
            "entry": {
              "file": "kmeans_example.py"
            },
            "conf": {
              "spark.driver.cores": 2,
              "spark.driver.memory": "1g",
              "spark.executor.cores": 1,
              "spark.executor.memory": "1g",
              "spark.executor.instances": 1
            },
            "args": "--file_input ${{inputs.file_input}} --output ${{outputs.output}}",
            "name": "test_277218017421",
            "description": "Aml Spark dataset test module",
            "version": "1",
            "$schema": "https://azuremlschemas.azureedge.net/latest/sparkComponent.schema.json",
            "display_name": "Aml Spark dataset test module",
            "is_deterministic": true,
            "inputs": {
              "file_input": {
                "type": "uri_file",
                "mode": "direct"
              }
            },
            "outputs": {
              "output": {
                "type": "uri_folder",
                "mode": "direct"
              }
            },
            "type": "spark",
            "_source": "YAML.COMPONENT"
          }
        }
      },
      "StatusCode": 201,
      "ResponseHeaders": {
        "Cache-Control": "no-cache",
        "Content-Length": "1798",
        "Content-Type": "application/json; charset=utf-8",
        "Date": "Wed, 04 Jan 2023 03:50:50 GMT",
        "Expires": "-1",
        "Location": "https://management.azure.com/subscriptions/00000000-0000-0000-0000-000000000/resourceGroups/00000/providers/Microsoft.MachineLearningServices/workspaces/00000/components/test_277218017421/versions/1?api-version=2022-10-01",
        "Pragma": "no-cache",
        "Request-Context": "appId=cid-v1:512cc15a-13b5-415b-bfd0-dce7accb6bb1",
        "Server-Timing": "traceparent;desc=\u002200-1fd98460ac13a3aacf8934bf42497963-b6b445baaa3d8bb7-00\u0022",
        "Strict-Transport-Security": "max-age=31536000; includeSubDomains",
        "x-aml-cluster": "vienna-test-westus2-02",
        "X-Content-Type-Options": "nosniff",
        "x-ms-correlation-request-id": "2934a51f-2d2f-4c96-9d78-7468d7ee9401",
        "x-ms-ratelimit-remaining-subscription-writes": "1188",
        "x-ms-response-type": "standard",
        "x-ms-routing-request-id": "JAPANEAST:20230104T035051Z:2934a51f-2d2f-4c96-9d78-7468d7ee9401",
        "x-request-time": "1.469"
      },
      "ResponseBody": {
        "id": "/subscriptions/00000000-0000-0000-0000-000000000/resourceGroups/00000/providers/Microsoft.MachineLearningServices/workspaces/00000/components/test_277218017421/versions/1",
        "name": "1",
        "type": "Microsoft.MachineLearningServices/workspaces/components/versions",
        "properties": {
          "description": null,
          "tags": {},
          "properties": {},
          "isArchived": false,
          "isAnonymous": false,
          "componentSpec": {
            "name": "test_277218017421",
            "version": "1",
            "display_name": "Aml Spark dataset test module",
            "is_deterministic": "True",
            "type": "spark",
            "description": "Aml Spark dataset test module",
            "inputs": {
              "file_input": {
                "type": "uri_file",
                "optional": "False"
              }
            },
            "outputs": {
              "output": {
                "type": "uri_folder"
              }
            },
            "code": "azureml:/subscriptions/00000000-0000-0000-0000-000000000/resourceGroups/00000/providers/Microsoft.MachineLearningServices/workspaces/00000/codes/31afe24f-443b-4b76-8ad7-9f03b4ca8240/versions/1",
            "args": "--file_input ${{inputs.file_input}} --output ${{outputs.output}}",
            "entry": {
              "file": "kmeans_example.py"
            },
            "conf": {
              "spark.driver.cores": "2",
              "spark.driver.memory": "1g",
              "spark.executor.cores": "1",
              "spark.executor.memory": "1g",
              "spark.executor.instances": "1"
            },
            "$schema": "https://azuremlschemas.azureedge.net/latest/sparkComponent.schema.json"
          }
        },
        "systemData": {
          "createdAt": "2023-01-04T03:50:50.1197584\u002B00:00",
          "createdBy": "Doris Liao",
          "createdByType": "User",
          "lastModifiedAt": "2023-01-04T03:50:50.6610201\u002B00:00",
          "lastModifiedBy": "Doris Liao",
          "lastModifiedByType": "User"
        }
      }
    },
    {
      "RequestUri": "https://management.azure.com/subscriptions/00000000-0000-0000-0000-000000000/resourceGroups/00000/providers/Microsoft.MachineLearningServices/workspaces/00000/components/test_277218017421/versions/1?api-version=2022-10-01",
      "RequestMethod": "GET",
      "RequestHeaders": {
        "Accept": "application/json",
        "Accept-Encoding": "gzip, deflate",
        "Connection": "keep-alive",
        "User-Agent": "azure-ai-ml/1.3.0 azsdk-python-mgmt-machinelearningservices/0.1.0 Python/3.7.13 (Windows-10-10.0.22621-SP0)"
      },
      "RequestBody": null,
      "StatusCode": 200,
      "ResponseHeaders": {
        "Cache-Control": "no-cache",
        "Content-Encoding": "gzip",
        "Content-Type": "application/json; charset=utf-8",
        "Date": "Wed, 04 Jan 2023 03:50:51 GMT",
        "Expires": "-1",
        "Pragma": "no-cache",
        "Request-Context": "appId=cid-v1:512cc15a-13b5-415b-bfd0-dce7accb6bb1",
        "Server-Timing": "traceparent;desc=\u002200-3e84f39aa9aeb5081961162f617e46f1-87dd73b2e85dcabd-00\u0022",
        "Strict-Transport-Security": "max-age=31536000; includeSubDomains",
        "Transfer-Encoding": "chunked",
        "Vary": [
          "Accept-Encoding",
          "Accept-Encoding"
        ],
        "x-aml-cluster": "vienna-test-westus2-02",
        "X-Content-Type-Options": "nosniff",
        "x-ms-correlation-request-id": "2da37fd4-466a-4e3e-978e-81da0a8c7c77",
        "x-ms-ratelimit-remaining-subscription-reads": "11991",
        "x-ms-response-type": "standard",
        "x-ms-routing-request-id": "JAPANEAST:20230104T035051Z:2da37fd4-466a-4e3e-978e-81da0a8c7c77",
        "x-request-time": "0.266"
      },
      "ResponseBody": {
        "id": "/subscriptions/00000000-0000-0000-0000-000000000/resourceGroups/00000/providers/Microsoft.MachineLearningServices/workspaces/00000/components/test_277218017421/versions/1",
        "name": "1",
        "type": "Microsoft.MachineLearningServices/workspaces/components/versions",
        "properties": {
          "description": null,
          "tags": {},
          "properties": {},
          "isArchived": false,
          "isAnonymous": false,
          "componentSpec": {
            "name": "test_277218017421",
            "version": "1",
            "display_name": "Aml Spark dataset test module",
            "is_deterministic": "True",
            "type": "spark",
            "description": "Aml Spark dataset test module",
            "inputs": {
              "file_input": {
                "type": "uri_file",
                "optional": "False"
              }
            },
            "outputs": {
              "output": {
                "type": "uri_folder"
              }
            },
            "code": "azureml:/subscriptions/00000000-0000-0000-0000-000000000/resourceGroups/00000/providers/Microsoft.MachineLearningServices/workspaces/00000/codes/31afe24f-443b-4b76-8ad7-9f03b4ca8240/versions/1",
            "args": "--file_input ${{inputs.file_input}} --output ${{outputs.output}}",
            "entry": {
              "file": "kmeans_example.py"
            },
            "conf": {
              "spark.driver.cores": "2",
              "spark.driver.memory": "1g",
              "spark.executor.cores": "1",
              "spark.executor.memory": "1g",
              "spark.executor.instances": "1"
            },
            "$schema": "https://azuremlschemas.azureedge.net/latest/sparkComponent.schema.json"
          }
        },
        "systemData": {
          "createdAt": "2023-01-04T03:50:50.1197584\u002B00:00",
          "createdBy": "Doris Liao",
          "createdByType": "User",
          "lastModifiedAt": "2023-01-04T03:50:50.6610201\u002B00:00",
          "lastModifiedBy": "Doris Liao",
          "lastModifiedByType": "User"
        }
      }
    },
    {
      "RequestUri": "https://management.azure.com/subscriptions/00000000-0000-0000-0000-000000000/resourceGroups/00000/providers/Microsoft.MachineLearningServices/workspaces/00000/datastores/workspaceblobstore?api-version=2022-05-01",
      "RequestMethod": "GET",
      "RequestHeaders": {
        "Accept": "application/json",
        "Accept-Encoding": "gzip, deflate",
        "Connection": "keep-alive",
        "User-Agent": "azure-ai-ml/1.3.0 azsdk-python-mgmt-machinelearningservices/0.1.0 Python/3.7.13 (Windows-10-10.0.22621-SP0)"
      },
      "RequestBody": null,
      "StatusCode": 200,
      "ResponseHeaders": {
        "Cache-Control": "no-cache",
        "Content-Encoding": "gzip",
        "Content-Type": "application/json; charset=utf-8",
        "Date": "Wed, 04 Jan 2023 03:50:52 GMT",
        "Expires": "-1",
        "Pragma": "no-cache",
        "Request-Context": "appId=cid-v1:512cc15a-13b5-415b-bfd0-dce7accb6bb1",
        "Server-Timing": "traceparent;desc=\u002200-6a8c7f22b90e8d3b100bb30ac2047bec-94f52d6f7f74aa42-00\u0022",
        "Strict-Transport-Security": "max-age=31536000; includeSubDomains",
        "Transfer-Encoding": "chunked",
        "Vary": [
          "Accept-Encoding",
          "Accept-Encoding"
        ],
        "x-aml-cluster": "vienna-test-westus2-02",
        "X-Content-Type-Options": "nosniff",
        "x-ms-correlation-request-id": "4a05382b-b314-46c5-b2bf-299dbd10aa02",
        "x-ms-ratelimit-remaining-subscription-reads": "11990",
        "x-ms-response-type": "standard",
        "x-ms-routing-request-id": "JAPANEAST:20230104T035052Z:4a05382b-b314-46c5-b2bf-299dbd10aa02",
        "x-request-time": "0.106"
      },
      "ResponseBody": {
        "id": "/subscriptions/00000000-0000-0000-0000-000000000/resourceGroups/00000/providers/Microsoft.MachineLearningServices/workspaces/00000/datastores/workspaceblobstore",
        "name": "workspaceblobstore",
        "type": "Microsoft.MachineLearningServices/workspaces/datastores",
        "properties": {
          "description": null,
          "tags": null,
          "properties": null,
          "isDefault": true,
          "credentials": {
            "credentialsType": "AccountKey"
          },
          "datastoreType": "AzureBlob",
          "accountName": "sagvgsoim6nmhbq",
          "containerName": "azureml-blobstore-e61cd5e2-512f-475e-9842-5e2a973993b8",
          "endpoint": "core.windows.net",
          "protocol": "https",
          "serviceDataAccessAuthIdentity": "WorkspaceSystemAssignedIdentity"
        },
        "systemData": {
          "createdAt": "2022-09-22T09:02:03.2629568\u002B00:00",
          "createdBy": "779301c0-18b2-4cdc-801b-a0a3368fee0a",
          "createdByType": "Application",
          "lastModifiedAt": "2022-09-22T09:02:04.166989\u002B00:00",
          "lastModifiedBy": "779301c0-18b2-4cdc-801b-a0a3368fee0a",
          "lastModifiedByType": "Application"
        }
      }
    },
    {
      "RequestUri": "https://management.azure.com/subscriptions/00000000-0000-0000-0000-000000000/resourceGroups/00000/providers/Microsoft.MachineLearningServices/workspaces/00000/datastores/workspaceblobstore/listSecrets?api-version=2022-05-01",
      "RequestMethod": "POST",
      "RequestHeaders": {
        "Accept": "application/json",
        "Accept-Encoding": "gzip, deflate",
        "Connection": "keep-alive",
        "Content-Length": "0",
        "User-Agent": "azure-ai-ml/1.3.0 azsdk-python-mgmt-machinelearningservices/0.1.0 Python/3.7.13 (Windows-10-10.0.22621-SP0)"
      },
      "RequestBody": null,
      "StatusCode": 200,
      "ResponseHeaders": {
        "Cache-Control": "no-cache",
        "Content-Encoding": "gzip",
        "Content-Type": "application/json; charset=utf-8",
        "Date": "Wed, 04 Jan 2023 03:50:52 GMT",
        "Expires": "-1",
        "Pragma": "no-cache",
        "Request-Context": "appId=cid-v1:512cc15a-13b5-415b-bfd0-dce7accb6bb1",
        "Server-Timing": "traceparent;desc=\u002200-6142ed2249c88502fc0ec4d60aae5615-0963750515dd7019-01\u0022",
        "Strict-Transport-Security": "max-age=31536000; includeSubDomains",
        "Transfer-Encoding": "chunked",
        "Vary": "Accept-Encoding",
        "x-aml-cluster": "vienna-test-westus2-02",
        "X-Content-Type-Options": "nosniff",
        "x-ms-correlation-request-id": "9852b5bd-b891-49ae-9769-a5e53a4d8c79",
        "x-ms-ratelimit-remaining-subscription-writes": "1194",
        "x-ms-response-type": "standard",
        "x-ms-routing-request-id": "JAPANEAST:20230104T035052Z:9852b5bd-b891-49ae-9769-a5e53a4d8c79",
        "x-request-time": "0.101"
      },
      "ResponseBody": {
        "secretsType": "AccountKey",
        "key": "dGhpcyBpcyBmYWtlIGtleQ=="
      }
    },
    {
      "RequestUri": "https://sagvgsoim6nmhbq.blob.core.windows.net/azureml-blobstore-e61cd5e2-512f-475e-9842-5e2a973993b8/LocalUpload/00000000000000000000000000000000/src/kmeans_example.py",
      "RequestMethod": "HEAD",
      "RequestHeaders": {
        "Accept": "application/xml",
        "Accept-Encoding": "gzip, deflate",
        "Connection": "keep-alive",
        "User-Agent": "azsdk-python-storage-blob/12.9.0 Python/3.7.13 (Windows-10-10.0.22621-SP0)",
        "x-ms-date": "Wed, 04 Jan 2023 03:50:53 GMT",
        "x-ms-version": "2020-10-02"
      },
      "RequestBody": null,
      "StatusCode": 200,
      "ResponseHeaders": {
        "Accept-Ranges": "bytes",
        "Content-Length": "1265",
        "Content-MD5": "/fpY2Pv9ZMyxAuHg9SQ/Dg==",
        "Content-Type": "application/octet-stream",
        "Date": "Wed, 04 Jan 2023 03:50:52 GMT",
        "ETag": "\u00220x8DAE67AE4088BFB\u0022",
        "Last-Modified": "Sun, 25 Dec 2022 13:21:11 GMT",
        "Server": [
          "Windows-Azure-Blob/1.0",
          "Microsoft-HTTPAPI/2.0"
        ],
        "Vary": "Origin",
        "x-ms-access-tier": "Hot",
        "x-ms-access-tier-inferred": "true",
        "x-ms-blob-type": "BlockBlob",
        "x-ms-creation-time": "Sun, 25 Dec 2022 13:21:11 GMT",
        "x-ms-lease-state": "available",
        "x-ms-lease-status": "unlocked",
        "x-ms-meta-name": "31afe24f-443b-4b76-8ad7-9f03b4ca8240",
        "x-ms-meta-upload_status": "completed",
        "x-ms-meta-version": "1",
        "x-ms-server-encrypted": "true",
        "x-ms-version": "2020-10-02"
      },
      "ResponseBody": null
    },
    {
      "RequestUri": "https://sagvgsoim6nmhbq.blob.core.windows.net/azureml-blobstore-e61cd5e2-512f-475e-9842-5e2a973993b8/az-ml-artifacts/00000000000000000000000000000000/src/kmeans_example.py",
      "RequestMethod": "HEAD",
      "RequestHeaders": {
        "Accept": "application/xml",
        "Accept-Encoding": "gzip, deflate",
        "Connection": "keep-alive",
        "User-Agent": "azsdk-python-storage-blob/12.9.0 Python/3.7.13 (Windows-10-10.0.22621-SP0)",
        "x-ms-date": "Wed, 04 Jan 2023 03:50:54 GMT",
        "x-ms-version": "2020-10-02"
      },
      "RequestBody": null,
      "StatusCode": 404,
      "ResponseHeaders": {
        "Date": "Wed, 04 Jan 2023 03:50:52 GMT",
        "Server": [
          "Windows-Azure-Blob/1.0",
          "Microsoft-HTTPAPI/2.0"
        ],
        "Transfer-Encoding": "chunked",
        "Vary": "Origin",
        "x-ms-error-code": "BlobNotFound",
        "x-ms-version": "2020-10-02"
      },
      "ResponseBody": null
    },
    {
      "RequestUri": "https://management.azure.com/subscriptions/00000000-0000-0000-0000-000000000/resourceGroups/00000/providers/Microsoft.MachineLearningServices/workspaces/00000/codes/31afe24f-443b-4b76-8ad7-9f03b4ca8240/versions/1?api-version=2022-05-01",
      "RequestMethod": "PUT",
      "RequestHeaders": {
        "Accept": "application/json",
        "Accept-Encoding": "gzip, deflate",
        "Connection": "keep-alive",
        "Content-Length": "292",
        "Content-Type": "application/json",
        "User-Agent": "azure-ai-ml/1.3.0 azsdk-python-mgmt-machinelearningservices/0.1.0 Python/3.7.13 (Windows-10-10.0.22621-SP0)"
      },
      "RequestBody": {
        "properties": {
          "properties": {
            "hash_sha256": "0000000000000",
            "hash_version": "0000000000000"
          },
          "isAnonymous": true,
          "isArchived": false,
          "codeUri": "https://sagvgsoim6nmhbq.blob.core.windows.net/azureml-blobstore-e61cd5e2-512f-475e-9842-5e2a973993b8/LocalUpload/00000000000000000000000000000000/src"
        }
      },
      "StatusCode": 200,
      "ResponseHeaders": {
        "Cache-Control": "no-cache",
        "Content-Encoding": "gzip",
        "Content-Type": "application/json; charset=utf-8",
        "Date": "Wed, 04 Jan 2023 03:50:53 GMT",
        "Expires": "-1",
        "Pragma": "no-cache",
        "Request-Context": "appId=cid-v1:512cc15a-13b5-415b-bfd0-dce7accb6bb1",
        "Server-Timing": "traceparent;desc=\u002200-3cddac4f43aee007eb08c66da35db16a-ca41b8ea91689621-00\u0022",
        "Strict-Transport-Security": "max-age=31536000; includeSubDomains",
        "Transfer-Encoding": "chunked",
        "Vary": [
          "Accept-Encoding",
          "Accept-Encoding"
        ],
        "x-aml-cluster": "vienna-test-westus2-02",
        "X-Content-Type-Options": "nosniff",
        "x-ms-correlation-request-id": "cee17b8f-4844-4cdf-b696-a7b63f2fd931",
        "x-ms-ratelimit-remaining-subscription-writes": "1187",
        "x-ms-response-type": "standard",
        "x-ms-routing-request-id": "JAPANEAST:20230104T035054Z:cee17b8f-4844-4cdf-b696-a7b63f2fd931",
        "x-request-time": "0.191"
      },
      "ResponseBody": {
        "id": "/subscriptions/00000000-0000-0000-0000-000000000/resourceGroups/00000/providers/Microsoft.MachineLearningServices/workspaces/00000/codes/31afe24f-443b-4b76-8ad7-9f03b4ca8240/versions/1",
        "name": "1",
        "type": "Microsoft.MachineLearningServices/workspaces/codes/versions",
        "properties": {
          "description": null,
          "tags": {},
          "properties": {
            "hash_sha256": "0000000000000",
            "hash_version": "0000000000000"
          },
          "isArchived": false,
          "isAnonymous": false,
          "codeUri": "https://sagvgsoim6nmhbq.blob.core.windows.net/azureml-blobstore-e61cd5e2-512f-475e-9842-5e2a973993b8/LocalUpload/00000000000000000000000000000000/src"
        },
        "systemData": {
          "createdAt": "2022-12-25T13:21:12.4285228\u002B00:00",
          "createdBy": "Xingzhi Zhang",
          "createdByType": "User",
          "lastModifiedAt": "2023-01-04T03:50:53.8700121\u002B00:00",
          "lastModifiedBy": "Doris Liao",
          "lastModifiedByType": "User"
        }
      }
    },
    {
      "RequestUri": "https://management.azure.com/subscriptions/00000000-0000-0000-0000-000000000/resourceGroups/00000/providers/Microsoft.MachineLearningServices/workspaces/00000/components/test_277218017421/versions/2?api-version=2022-10-01",
      "RequestMethod": "PUT",
      "RequestHeaders": {
        "Accept": "application/json",
        "Accept-Encoding": "gzip, deflate",
        "Connection": "keep-alive",
        "Content-Length": "1059",
        "Content-Type": "application/json",
        "User-Agent": "azure-ai-ml/1.3.0 azsdk-python-mgmt-machinelearningservices/0.1.0 Python/3.7.13 (Windows-10-10.0.22621-SP0)"
      },
      "RequestBody": {
        "properties": {
          "description": "Aml Spark dataset test module",
          "properties": {},
          "tags": {},
          "isAnonymous": false,
          "isArchived": false,
          "componentSpec": {
            "code": "azureml:/subscriptions/00000000-0000-0000-0000-000000000/resourceGroups/00000/providers/Microsoft.MachineLearningServices/workspaces/00000/codes/31afe24f-443b-4b76-8ad7-9f03b4ca8240/versions/1",
            "entry": {
              "file": "kmeans_example.py"
            },
            "conf": {
              "spark.driver.cores": 2,
              "spark.driver.memory": "1g",
              "spark.executor.cores": 1,
              "spark.executor.memory": "1g",
              "spark.executor.instances": 1
            },
            "args": "--file_input ${{inputs.file_input}} --output ${{outputs.output}}",
            "name": "test_277218017421",
            "description": "Aml Spark dataset test module",
            "version": "2",
            "$schema": "https://azuremlschemas.azureedge.net/latest/sparkComponent.schema.json",
            "display_name": "Aml Spark dataset test module",
            "is_deterministic": true,
            "inputs": {
              "file_input": {
                "type": "uri_file",
                "mode": "direct"
              }
            },
            "outputs": {
              "output": {
                "type": "uri_folder",
                "mode": "direct"
              }
            },
            "type": "spark",
            "_source": "YAML.COMPONENT"
          }
        }
      },
      "StatusCode": 201,
      "ResponseHeaders": {
        "Cache-Control": "no-cache",
        "Content-Length": "1797",
        "Content-Type": "application/json; charset=utf-8",
        "Date": "Wed, 04 Jan 2023 03:50:55 GMT",
        "Expires": "-1",
        "Location": "https://management.azure.com/subscriptions/00000000-0000-0000-0000-000000000/resourceGroups/00000/providers/Microsoft.MachineLearningServices/workspaces/00000/components/test_277218017421/versions/2?api-version=2022-10-01",
        "Pragma": "no-cache",
        "Request-Context": "appId=cid-v1:512cc15a-13b5-415b-bfd0-dce7accb6bb1",
        "Server-Timing": "traceparent;desc=\u002200-ffc3fca34008d1e517c4faced5513d87-f275e2f4dcd88a6a-00\u0022",
        "Strict-Transport-Security": "max-age=31536000; includeSubDomains",
        "x-aml-cluster": "vienna-test-westus2-02",
        "X-Content-Type-Options": "nosniff",
        "x-ms-correlation-request-id": "995f8347-8841-430f-b9fd-04a7b0c9a859",
        "x-ms-ratelimit-remaining-subscription-writes": "1186",
        "x-ms-response-type": "standard",
        "x-ms-routing-request-id": "JAPANEAST:20230104T035055Z:995f8347-8841-430f-b9fd-04a7b0c9a859",
        "x-request-time": "1.170"
      },
      "ResponseBody": {
        "id": "/subscriptions/00000000-0000-0000-0000-000000000/resourceGroups/00000/providers/Microsoft.MachineLearningServices/workspaces/00000/components/test_277218017421/versions/2",
        "name": "2",
        "type": "Microsoft.MachineLearningServices/workspaces/components/versions",
        "properties": {
          "description": null,
          "tags": {},
          "properties": {},
          "isArchived": false,
          "isAnonymous": false,
          "componentSpec": {
            "name": "test_277218017421",
            "version": "2",
            "display_name": "Aml Spark dataset test module",
            "is_deterministic": "True",
            "type": "spark",
            "description": "Aml Spark dataset test module",
            "inputs": {
              "file_input": {
                "type": "uri_file",
                "optional": "False"
              }
            },
            "outputs": {
              "output": {
                "type": "uri_folder"
              }
            },
            "code": "azureml:/subscriptions/00000000-0000-0000-0000-000000000/resourceGroups/00000/providers/Microsoft.MachineLearningServices/workspaces/00000/codes/31afe24f-443b-4b76-8ad7-9f03b4ca8240/versions/1",
            "args": "--file_input ${{inputs.file_input}} --output ${{outputs.output}}",
            "entry": {
              "file": "kmeans_example.py"
            },
            "conf": {
              "spark.driver.cores": "2",
              "spark.driver.memory": "1g",
              "spark.executor.cores": "1",
              "spark.executor.memory": "1g",
              "spark.executor.instances": "1"
            },
            "$schema": "https://azuremlschemas.azureedge.net/latest/sparkComponent.schema.json"
          }
        },
        "systemData": {
          "createdAt": "2023-01-04T03:50:54.8768116\u002B00:00",
          "createdBy": "Doris Liao",
          "createdByType": "User",
          "lastModifiedAt": "2023-01-04T03:50:55.367578\u002B00:00",
          "lastModifiedBy": "Doris Liao",
          "lastModifiedByType": "User"
        }
      }
    }
  ],
  "Variables": {
    "spark_component_name": "test_277218017421"
  }
}
