{
  "Entries": [
    {
      "RequestUri": "https://master.api.azureml-test.ms/mferp/managementfrontend/subscriptions/00000000-0000-0000-0000-000000000/resourceGroups/00000/providers/Microsoft.MachineLearningServices/workspaces/00000/codes/000000000000000000000/versions?api-version=2023-04-01\u0026hash=eb5c3bf27d4763392280dd04505a4ec3fc7e692f2991cf46ea52557033fe7f5b\u0026hashVersion=202208",
      "RequestMethod": "GET",
      "RequestHeaders": {
        "Accept": "application/json",
        "Accept-Encoding": "gzip, deflate",
        "Connection": "keep-alive",
        "User-Agent": "azure-ai-ml/1.6.0 azsdk-python-mgmt-machinelearningservices/0.1.0 Python/3.10.11 (Windows-10-10.0.19045-SP0)"
      },
      "RequestBody": null,
      "StatusCode": 200,
      "ResponseHeaders": {
        "Connection": "keep-alive",
        "Content-Length": "17",
        "Content-Type": "application/json; charset=utf-8",
        "Date": "Tue, 11 Apr 2023 06:19:05 GMT",
        "request-context": "appId=cid-v1:512cc15a-13b5-415b-bfd0-dce7accb6bb1",
        "Server-Timing": "traceparent;desc=\u002200-afcd2c47a56dea0355173b1bf8c19ef2-d60c1729e49059c3-00\u0022",
        "Strict-Transport-Security": "max-age=15724800; includeSubDomains; preload",
        "x-aml-cluster": "vienna-test-westus2-02",
        "X-Content-Type-Options": [
          "nosniff",
          "nosniff"
        ],
        "x-ms-response-type": "standard",
        "x-request-time": "0.088"
      },
      "ResponseBody": {
        "value": []
      }
    },
    {
      "RequestUri": "https://master.api.azureml-test.ms/mferp/managementfrontend/subscriptions/00000000-0000-0000-0000-000000000/resourceGroups/00000/providers/Microsoft.MachineLearningServices/workspaces/00000/codes/000000000000000000000/versions/1/startPendingUpload?api-version=2023-04-01",
      "RequestMethod": "POST",
      "RequestHeaders": {
        "Accept": "application/json",
        "Accept-Encoding": "gzip, deflate",
        "Connection": "keep-alive",
        "Content-Length": "47",
        "Content-Type": "application/json",
        "User-Agent": "azure-ai-ml/1.6.0 azsdk-python-mgmt-machinelearningservices/0.1.0 Python/3.10.11 (Windows-10-10.0.19045-SP0)"
      },
      "RequestBody": {
        "pendingUploadType": "TemporaryBlobReference"
      },
      "StatusCode": 200,
      "ResponseHeaders": {
        "Connection": "keep-alive",
        "Content-Encoding": "gzip",
        "Content-Type": "application/json; charset=utf-8",
        "Date": "Tue, 11 Apr 2023 06:19:07 GMT",
        "request-context": "appId=cid-v1:512cc15a-13b5-415b-bfd0-dce7accb6bb1",
        "Server-Timing": "traceparent;desc=\u002200-121ff22cf8eb887ced98db2e6b9f3f5e-a7797320b2a7216c-00\u0022",
        "Strict-Transport-Security": "max-age=15724800; includeSubDomains; preload",
        "Transfer-Encoding": "chunked",
        "Vary": "Accept-Encoding",
        "x-aml-cluster": "vienna-test-westus2-02",
        "X-Content-Type-Options": [
          "nosniff",
          "nosniff"
        ],
        "x-ms-response-type": "standard",
        "x-request-time": "1.239"
      },
      "ResponseBody": {
        "blobReferenceForConsumption": {
          "blobUri": "https://sab6b272nokaeak.blob.core.windows.net:443/061273aa-2-82ded995-4204-59c3-840f-30b962ae063e",
          "storageAccountArmId": "/subscriptions/00000000-0000-0000-0000-000000000/resourceGroups/00000/providers/Microsoft.Storage/storageAccounts/sab6b272nokaeak",
          "credential": {
            "credentialType": "SAS",
            "sasUri": "https://sab6b272nokaeak.blob.core.windows.net/061273aa-2-82ded995-4204-59c3-840f-30b962ae063e?skoid=e3f42e2c-d581-4b65-a966-631cfa961328\u0026sktid=72f988bf-86f1-41af-91ab-2d7cd011db47\u0026skt=2023-04-10T16%3A43%3A02Z\u0026ske=2023-04-12T00%3A53%3A02Z\u0026sks=b\u0026skv=2019-07-07\u0026sv=2021-10-04\u0026st=2023-04-11T06%3A09%3A07Z\u0026se=2023-04-11T14%3A19%3A07Z\u0026sr=c\u0026sp=rcwl\u0026sig=000000000000000000000000000000000000"
          }
        },
        "pendingUploadId": "ea0eeace-e857-4c91-86ed-98b57890dfeb",
        "pendingUploadType": "None"
      }
    },
    {
      "RequestUri": "https://sab6b272nokaeak.blob.core.windows.net/061273aa-2-82ded995-4204-59c3-840f-30b962ae063e/src/kmeans_example.py?skoid=e3f42e2c-d581-4b65-a966-631cfa961328\u0026sktid=72f988bf-86f1-41af-91ab-2d7cd011db47\u0026skt=2023-04-10T16%3A43%3A02Z\u0026ske=2023-04-12T00%3A53%3A02Z\u0026sks=b\u0026skv=2019-07-07\u0026sv=2021-10-04\u0026st=2023-04-11T06%3A09%3A07Z\u0026se=2023-04-11T14%3A19%3A07Z\u0026sr=c\u0026sp=rcwl\u0026sig=000000000000000000000000000000000000",
      "RequestMethod": "HEAD",
      "RequestHeaders": {
        "Accept": "application/xml",
        "Accept-Encoding": "gzip, deflate",
        "Connection": "keep-alive",
        "User-Agent": "azsdk-python-storage-blob/12.15.0 Python/3.10.11 (Windows-10-10.0.19045-SP0)",
        "x-ms-date": "Tue, 11 Apr 2023 06:19:07 GMT",
        "x-ms-version": "2021-12-02"
      },
      "RequestBody": null,
      "StatusCode": 404,
      "ResponseHeaders": {
        "Date": "Tue, 11 Apr 2023 06:19:06 GMT",
        "Server": [
          "Windows-Azure-Blob/1.0",
          "Microsoft-HTTPAPI/2.0"
        ],
        "Transfer-Encoding": "chunked",
        "Vary": "Origin",
        "x-ms-error-code": "BlobNotFound",
        "x-ms-version": "2021-12-02"
      },
      "ResponseBody": null
    },
    {
      "RequestUri": "https://sab6b272nokaeak.blob.core.windows.net/061273aa-2-82ded995-4204-59c3-840f-30b962ae063e/src/kmeans_example.py?skoid=e3f42e2c-d581-4b65-a966-631cfa961328\u0026sktid=72f988bf-86f1-41af-91ab-2d7cd011db47\u0026skt=2023-04-10T16%3A43%3A02Z\u0026ske=2023-04-12T00%3A53%3A02Z\u0026sks=b\u0026skv=2019-07-07\u0026sv=2021-10-04\u0026st=2023-04-11T06%3A09%3A07Z\u0026se=2023-04-11T14%3A19%3A07Z\u0026sr=c\u0026sp=rcwl\u0026sig=000000000000000000000000000000000000",
      "RequestMethod": "PUT",
      "RequestHeaders": {
        "Accept": "application/xml",
        "Accept-Encoding": "gzip, deflate",
        "Connection": "keep-alive",
        "Content-Length": "1265",
        "Content-MD5": "/fpY2Pv9ZMyxAuHg9SQ/Dg==",
        "Content-Type": "application/octet-stream",
        "If-None-Match": "*",
        "User-Agent": "azsdk-python-storage-blob/12.15.0 Python/3.10.11 (Windows-10-10.0.19045-SP0)",
        "x-ms-blob-type": "BlockBlob",
        "x-ms-date": "Tue, 11 Apr 2023 06:19:08 GMT",
        "x-ms-version": "2021-12-02"
      },
      "RequestBody": "IiIiDQpBbiBleGFtcGxlIGRlbW9uc3RyYXRpbmcgay1tZWFucyBjbHVzdGVyaW5nLg0KVGhpcyBleGFtcGxlIHJlcXVpcmVzIE51bVB5IChodHRwOi8vd3d3Lm51bXB5Lm9yZy8pLg0KIiIiDQoNCmltcG9ydCBhcmdwYXJzZQ0KDQppbXBvcnQgbnVtcHkgYXMgbnANCmltcG9ydCBwYW5kYXMgYXMgcGQNCmZyb20gcHlzcGFyay5tbC5jbHVzdGVyaW5nIGltcG9ydCBLTWVhbnMNCmZyb20gcHlzcGFyay5tbC5ldmFsdWF0aW9uIGltcG9ydCBDbHVzdGVyaW5nRXZhbHVhdG9yDQpmcm9tIHB5c3Bhcmsuc3FsIGltcG9ydCBTcGFya1Nlc3Npb24NCg0Kc3BhcmsgPSBTcGFya1Nlc3Npb24uYnVpbGRlci5hcHBOYW1lKCJLTWVhbnNFeGFtcGxlIikuZ2V0T3JDcmVhdGUoKQ0KDQpwYXJzZXIgPSBhcmdwYXJzZS5Bcmd1bWVudFBhcnNlcigpDQpwYXJzZXIuYWRkX2FyZ3VtZW50KCItLWZpbGVfaW5wdXQiKQ0KcGFyc2VyLmFkZF9hcmd1bWVudCgiLS1vdXRwdXQiKQ0KYXJncyA9IHBhcnNlci5wYXJzZV9hcmdzKCkNCg0KIyBMb2FkcyBkYXRhLg0KZGF0YXNldCA9IHNwYXJrLnJlYWQuZm9ybWF0KCJsaWJzdm0iKS5sb2FkKGFyZ3MuZmlsZV9pbnB1dCkNCg0KIyBUcmFpbnMgYSBrLW1lYW5zIG1vZGVsLg0Ka21lYW5zID0gS01lYW5zKCkuc2V0SygyKS5zZXRTZWVkKDEpDQptb2RlbCA9IGttZWFucy5maXQoZGF0YXNldCkNCg0KIyBNYWtlIHByZWRpY3Rpb25zDQpwcmVkaWN0aW9ucyA9IG1vZGVsLnRyYW5zZm9ybShkYXRhc2V0KQ0KDQojIEV2YWx1YXRlIGNsdXN0ZXJpbmcgYnkgY29tcHV0aW5nIFNpbGhvdWV0dGUgc2NvcmUNCmV2YWx1YXRvciA9IENsdXN0ZXJpbmdFdmFsdWF0b3IoKQ0KDQpzaWxob3VldHRlID0gZXZhbHVhdG9yLmV2YWx1YXRlKHByZWRpY3Rpb25zKQ0KcHJpbnQoIlNpbGhvdWV0dGUgd2l0aCBzcXVhcmVkIGV1Y2xpZGVhbiBkaXN0YW5jZSA9ICIgKyBzdHIoc2lsaG91ZXR0ZSkpDQoNCiMgU2hvd3MgdGhlIHJlc3VsdC4NCmNlbnRlcnMgPSBtb2RlbC5jbHVzdGVyQ2VudGVycygpDQpwcmludCgiQ2x1c3RlciBDZW50ZXJzOiAiKQ0KZm9yIGNlbnRlciBpbiBjZW50ZXJzOg0KICAgIHByaW50KGNlbnRlcikNCg0KY2VudGVycyA9IG5wLmFycmF5KGNlbnRlcnMpDQpkZiA9IHBkLkRhdGFGcmFtZShjZW50ZXJzKQ0Kc3BhcmtfZGYgPSBzcGFyay5jcmVhdGVEYXRhRnJhbWUoZGYpDQpzcGFya19kZi53cml0ZS5jc3YocGF0aD1hcmdzLm91dHB1dCwgaGVhZGVyPVRydWUsIHNlcD0iLCIsIG1vZGU9Im92ZXJ3cml0ZSIpDQo=",
      "StatusCode": 201,
      "ResponseHeaders": {
        "Content-Length": "0",
        "Content-MD5": "/fpY2Pv9ZMyxAuHg9SQ/Dg==",
        "Date": "Tue, 11 Apr 2023 06:19:07 GMT",
        "ETag": "\u00220x8DB3A54A831203F\u0022",
        "Last-Modified": "Tue, 11 Apr 2023 06:19:07 GMT",
        "Server": [
          "Windows-Azure-Blob/1.0",
          "Microsoft-HTTPAPI/2.0"
        ],
        "x-ms-content-crc64": "C0gPk\u002BxB/dk=",
        "x-ms-request-server-encrypted": "true",
        "x-ms-version": "2021-12-02"
      },
      "ResponseBody": null
    },
    {
      "RequestUri": "https://sab6b272nokaeak.blob.core.windows.net/061273aa-2-82ded995-4204-59c3-840f-30b962ae063e/src/kmeans_example.py?comp=metadata\u0026skoid=e3f42e2c-d581-4b65-a966-631cfa961328\u0026sktid=72f988bf-86f1-41af-91ab-2d7cd011db47\u0026skt=2023-04-10T16%3A43%3A02Z\u0026ske=2023-04-12T00%3A53%3A02Z\u0026sks=b\u0026skv=2019-07-07\u0026sv=2021-10-04\u0026st=2023-04-11T06%3A09%3A07Z\u0026se=2023-04-11T14%3A19%3A07Z\u0026sr=c\u0026sp=rcwl\u0026sig=000000000000000000000000000000000000",
      "RequestMethod": "PUT",
      "RequestHeaders": {
        "Accept": "application/xml",
        "Accept-Encoding": "gzip, deflate",
        "Connection": "keep-alive",
        "Content-Length": "0",
        "User-Agent": "azsdk-python-storage-blob/12.15.0 Python/3.10.11 (Windows-10-10.0.19045-SP0)",
        "x-ms-date": "Tue, 11 Apr 2023 06:19:08 GMT",
        "x-ms-meta-name": "000000000000000000000",
        "x-ms-meta-upload_status": "completed",
        "x-ms-meta-version": "1",
        "x-ms-version": "2021-12-02"
      },
      "RequestBody": null,
      "StatusCode": 200,
      "ResponseHeaders": {
        "Content-Length": "0",
        "Date": "Tue, 11 Apr 2023 06:19:07 GMT",
        "ETag": "\u00220x8DB3A54A83D536A\u0022",
        "Last-Modified": "Tue, 11 Apr 2023 06:19:07 GMT",
        "Server": [
          "Windows-Azure-Blob/1.0",
          "Microsoft-HTTPAPI/2.0"
        ],
        "x-ms-request-server-encrypted": "true",
        "x-ms-version": "2021-12-02"
      },
      "ResponseBody": null
    },
    {
      "RequestUri": "https://master.api.azureml-test.ms/mferp/managementfrontend/subscriptions/00000000-0000-0000-0000-000000000/resourceGroups/00000/providers/Microsoft.MachineLearningServices/workspaces/00000/codes/000000000000000000000/versions/1?api-version=2023-04-01",
      "RequestMethod": "PUT",
      "RequestHeaders": {
        "Accept": "application/json",
        "Accept-Encoding": "gzip, deflate",
        "Connection": "keep-alive",
        "Content-Length": "244",
        "Content-Type": "application/json",
        "User-Agent": "azure-ai-ml/1.6.0 azsdk-python-mgmt-machinelearningservices/0.1.0 Python/3.10.11 (Windows-10-10.0.19045-SP0)"
      },
      "RequestBody": {
        "properties": {
          "properties": {
            "hash_sha256": "0000000000000",
            "hash_version": "0000000000000"
          },
          "isAnonymous": true,
          "isArchived": false,
          "codeUri": "https://sab6b272nokaeak.blob.core.windows.net:443/061273aa-2-82ded995-4204-59c3-840f-30b962ae063e/src"
        }
      },
      "StatusCode": 201,
      "ResponseHeaders": {
        "Connection": "keep-alive",
        "Content-Length": "789",
        "Content-Type": "application/json; charset=utf-8",
        "Date": "Tue, 11 Apr 2023 06:19:08 GMT",
        "Location": "https://master.api.azureml-test.ms/mferp/managementfrontend/subscriptions/00000000-0000-0000-0000-000000000/resourceGroups/00000/providers/Microsoft.MachineLearningServices/workspaces/00000/codes/000000000000000000000/versions/1?api-version=2023-04-01",
        "request-context": "appId=cid-v1:512cc15a-13b5-415b-bfd0-dce7accb6bb1",
        "Server-Timing": "traceparent;desc=\u002200-f6054d1c8df624be1766421fd5706a35-93920e1b9d12619b-00\u0022",
        "Strict-Transport-Security": "max-age=15724800; includeSubDomains; preload",
        "x-aml-cluster": "vienna-test-westus2-02",
        "X-Content-Type-Options": [
          "nosniff",
          "nosniff"
        ],
        "x-ms-response-type": "standard",
        "x-request-time": "0.781"
      },
      "ResponseBody": {
        "id": "/subscriptions/00000000-0000-0000-0000-000000000/resourceGroups/00000/providers/Microsoft.MachineLearningServices/workspaces/00000/codes/000000000000000000000/versions/1",
        "name": "1",
        "type": "Microsoft.MachineLearningServices/workspaces/codes/versions",
        "properties": {
          "description": null,
          "tags": {},
          "properties": {
            "hash_sha256": "0000000000000",
            "hash_version": "0000000000000"
          },
          "isArchived": false,
          "isAnonymous": false,
          "codeUri": "https://sab6b272nokaeak.blob.core.windows.net:443/061273aa-2-82ded995-4204-59c3-840f-30b962ae063e/src",
          "provisioningState": "Succeeded"
        },
        "systemData": {
          "createdAt": "2023-04-11T06:19:08.2037059\u002B00:00",
          "createdBy": "Diondra Peck",
          "createdByType": "User",
          "lastModifiedAt": "2023-04-11T06:19:08.2037059\u002B00:00",
          "lastModifiedBy": "Diondra Peck",
          "lastModifiedByType": "User"
        }
      }
    },
    {
      "RequestUri": "https://management.azure.com/subscriptions/00000000-0000-0000-0000-000000000/resourceGroups/00000/providers/Microsoft.MachineLearningServices/workspaces/00000/components/test_970526947919/versions/1?api-version=2022-10-01",
      "RequestMethod": "PUT",
      "RequestHeaders": {
        "Accept": "application/json",
        "Accept-Encoding": "gzip, deflate",
        "Connection": "keep-alive",
        "Content-Length": "1044",
        "Content-Type": "application/json",
        "User-Agent": "azure-ai-ml/1.6.0 azsdk-python-mgmt-machinelearningservices/0.1.0 Python/3.10.11 (Windows-10-10.0.19045-SP0)"
      },
      "RequestBody": {
        "properties": {
          "description": "Aml Spark dataset test module",
          "properties": {},
          "tags": {},
          "isAnonymous": false,
          "isArchived": false,
          "componentSpec": {
            "code": "azureml:/subscriptions/00000000-0000-0000-0000-000000000/resourceGroups/00000/providers/Microsoft.MachineLearningServices/workspaces/00000/codes/000000000000000000000/versions/1",
            "entry": {
              "file": "kmeans_example.py"
            },
            "conf": {
              "spark.driver.cores": 2,
              "spark.driver.memory": "1g",
              "spark.executor.cores": 1,
              "spark.executor.memory": "1g",
              "spark.executor.instances": 1
            },
            "args": "--file_input ${{inputs.file_input}} --output ${{outputs.output}}",
            "name": "test_970526947919",
            "description": "Aml Spark dataset test module",
            "version": "1",
            "$schema": "https://azuremlschemas.azureedge.net/latest/sparkComponent.schema.json",
            "display_name": "Aml Spark dataset test module",
            "is_deterministic": true,
            "inputs": {
              "file_input": {
                "type": "uri_file",
                "mode": "direct"
              }
            },
            "outputs": {
              "output": {
                "type": "uri_folder",
                "mode": "direct"
              }
            },
            "type": "spark",
            "_source": "YAML.COMPONENT"
          }
        }
      },
      "StatusCode": 201,
      "ResponseHeaders": {
        "Cache-Control": "no-cache",
        "Content-Length": "1787",
        "Content-Type": "application/json; charset=utf-8",
        "Date": "Tue, 11 Apr 2023 06:19:11 GMT",
        "Expires": "-1",
        "Location": "https://management.azure.com/subscriptions/00000000-0000-0000-0000-000000000/resourceGroups/00000/providers/Microsoft.MachineLearningServices/workspaces/00000/components/test_970526947919/versions/1?api-version=2022-10-01",
        "Pragma": "no-cache",
        "request-context": "appId=cid-v1:512cc15a-13b5-415b-bfd0-dce7accb6bb1",
        "Server-Timing": "traceparent;desc=\u002200-a3e9ddf93b1f10fb2c70e7aaf63ea0f9-098f2e96ed2f0b3b-01\u0022",
        "Strict-Transport-Security": "max-age=31536000; includeSubDomains",
        "x-aml-cluster": "vienna-test-westus2-02",
        "X-Content-Type-Options": "nosniff",
        "x-ms-correlation-request-id": "b183980b-cd7f-476d-a591-1a3d056117c4",
        "x-ms-ratelimit-remaining-subscription-writes": "1199",
        "x-ms-response-type": "standard",
        "x-ms-routing-request-id": "WESTUS2:20230411T061912Z:b183980b-cd7f-476d-a591-1a3d056117c4",
        "x-request-time": "2.056"
      },
      "ResponseBody": {
        "id": "/subscriptions/00000000-0000-0000-0000-000000000/resourceGroups/00000/providers/Microsoft.MachineLearningServices/workspaces/00000/components/test_970526947919/versions/1",
        "name": "1",
        "type": "Microsoft.MachineLearningServices/workspaces/components/versions",
        "properties": {
          "description": null,
          "tags": {},
          "properties": {},
          "isArchived": false,
          "isAnonymous": false,
          "componentSpec": {
            "$schema": "https://azuremlschemas.azureedge.net/latest/sparkComponent.schema.json",
            "name": "test_970526947919",
            "version": "1",
            "display_name": "Aml Spark dataset test module",
            "is_deterministic": "True",
            "type": "spark",
            "description": "Aml Spark dataset test module",
            "inputs": {
              "file_input": {
                "type": "uri_file",
                "optional": "False"
              }
            },
            "outputs": {
              "output": {
                "type": "uri_folder"
              }
            },
            "code": "azureml:/subscriptions/00000000-0000-0000-0000-000000000/resourceGroups/00000/providers/Microsoft.MachineLearningServices/workspaces/00000/codes/000000000000000000000/versions/1",
            "args": "--file_input ${{inputs.file_input}} --output ${{outputs.output}}",
            "entry": {
              "file": "kmeans_example.py"
            },
            "conf": {
              "spark.driver.cores": "2",
              "spark.driver.memory": "1g",
              "spark.executor.cores": "1",
              "spark.executor.memory": "1g",
              "spark.executor.instances": "1"
            }
          }
        },
        "systemData": {
          "createdAt": "2023-04-11T06:19:12.0303212\u002B00:00",
          "createdBy": "Diondra Peck",
          "createdByType": "User",
          "lastModifiedAt": "2023-04-11T06:19:12.5185494\u002B00:00",
          "lastModifiedBy": "Diondra Peck",
          "lastModifiedByType": "User"
        }
      }
    },
    {
      "RequestUri": "https://management.azure.com/subscriptions/00000000-0000-0000-0000-000000000/resourceGroups/00000/providers/Microsoft.MachineLearningServices/workspaces/00000/components/test_970526947919/versions/1?api-version=2022-10-01",
      "RequestMethod": "GET",
      "RequestHeaders": {
        "Accept": "application/json",
        "Accept-Encoding": "gzip, deflate",
        "Connection": "keep-alive",
        "User-Agent": "azure-ai-ml/1.6.0 azsdk-python-mgmt-machinelearningservices/0.1.0 Python/3.10.11 (Windows-10-10.0.19045-SP0)"
      },
      "RequestBody": null,
      "StatusCode": 200,
      "ResponseHeaders": {
        "Cache-Control": "no-cache",
        "Content-Encoding": "gzip",
        "Content-Type": "application/json; charset=utf-8",
        "Date": "Tue, 11 Apr 2023 06:19:12 GMT",
        "Expires": "-1",
        "Pragma": "no-cache",
        "request-context": "appId=cid-v1:512cc15a-13b5-415b-bfd0-dce7accb6bb1",
        "Server-Timing": "traceparent;desc=\u002200-05c1ccef18e7d9826c76d51f824a88ff-7d6f55e0ed9587ea-01\u0022",
        "Strict-Transport-Security": "max-age=31536000; includeSubDomains",
        "Transfer-Encoding": "chunked",
        "Vary": [
          "Accept-Encoding",
          "Accept-Encoding"
        ],
        "x-aml-cluster": "vienna-test-westus2-02",
        "X-Content-Type-Options": "nosniff",
        "x-ms-correlation-request-id": "a017e64f-ea78-4f86-98dd-c6be854451c5",
        "x-ms-ratelimit-remaining-subscription-reads": "11999",
        "x-ms-response-type": "standard",
        "x-ms-routing-request-id": "WESTUS2:20230411T061913Z:a017e64f-ea78-4f86-98dd-c6be854451c5",
        "x-request-time": "0.734"
      },
      "ResponseBody": {
        "id": "/subscriptions/00000000-0000-0000-0000-000000000/resourceGroups/00000/providers/Microsoft.MachineLearningServices/workspaces/00000/components/test_970526947919/versions/1",
        "name": "1",
        "type": "Microsoft.MachineLearningServices/workspaces/components/versions",
        "properties": {
          "description": null,
          "tags": {},
          "properties": {},
          "isArchived": false,
          "isAnonymous": false,
          "componentSpec": {
            "$schema": "https://azuremlschemas.azureedge.net/latest/sparkComponent.schema.json",
            "name": "test_970526947919",
            "version": "1",
            "display_name": "Aml Spark dataset test module",
            "is_deterministic": "True",
            "type": "spark",
            "description": "Aml Spark dataset test module",
            "inputs": {
              "file_input": {
                "type": "uri_file",
                "optional": "False"
              }
            },
            "outputs": {
              "output": {
                "type": "uri_folder"
              }
            },
            "code": "azureml:/subscriptions/00000000-0000-0000-0000-000000000/resourceGroups/00000/providers/Microsoft.MachineLearningServices/workspaces/00000/codes/000000000000000000000/versions/1",
            "args": "--file_input ${{inputs.file_input}} --output ${{outputs.output}}",
            "entry": {
              "file": "kmeans_example.py"
            },
            "conf": {
              "spark.driver.cores": "2",
              "spark.driver.memory": "1g",
              "spark.executor.cores": "1",
              "spark.executor.memory": "1g",
              "spark.executor.instances": "1"
            }
          }
        },
        "systemData": {
          "createdAt": "2023-04-11T06:19:12.0303212\u002B00:00",
          "createdBy": "Diondra Peck",
          "createdByType": "User",
          "lastModifiedAt": "2023-04-11T06:19:12.5185494\u002B00:00",
          "lastModifiedBy": "Diondra Peck",
          "lastModifiedByType": "User"
        }
      }
    },
    {
      "RequestUri": "https://master.api.azureml-test.ms/mferp/managementfrontend/subscriptions/00000000-0000-0000-0000-000000000/resourceGroups/00000/providers/Microsoft.MachineLearningServices/workspaces/00000/codes/000000000000000000000/versions?api-version=2023-04-01\u0026hash=eb5c3bf27d4763392280dd04505a4ec3fc7e692f2991cf46ea52557033fe7f5b\u0026hashVersion=202208",
      "RequestMethod": "GET",
      "RequestHeaders": {
        "Accept": "application/json",
        "Accept-Encoding": "gzip, deflate",
        "Connection": "keep-alive",
        "User-Agent": "azure-ai-ml/1.6.0 azsdk-python-mgmt-machinelearningservices/0.1.0 Python/3.10.11 (Windows-10-10.0.19045-SP0)"
      },
      "RequestBody": null,
      "StatusCode": 200,
      "ResponseHeaders": {
        "Connection": "keep-alive",
        "Content-Encoding": "gzip",
        "Content-Type": "application/json; charset=utf-8",
        "Date": "Tue, 11 Apr 2023 06:19:14 GMT",
        "request-context": "appId=cid-v1:512cc15a-13b5-415b-bfd0-dce7accb6bb1",
        "Server-Timing": "traceparent;desc=\u002200-4c45ca639aa46edc2e9b94b685c8bdca-fa312f9951e29e8f-00\u0022",
        "Strict-Transport-Security": "max-age=15724800; includeSubDomains; preload",
        "Transfer-Encoding": "chunked",
        "Vary": "Accept-Encoding",
        "x-aml-cluster": "vienna-test-westus2-02",
        "X-Content-Type-Options": [
          "nosniff",
          "nosniff"
        ],
        "x-ms-response-type": "standard",
        "x-request-time": "0.237"
      },
      "ResponseBody": {
        "value": [
          {
            "id": "/subscriptions/00000000-0000-0000-0000-000000000/resourceGroups/00000/providers/Microsoft.MachineLearningServices/workspaces/00000/codes/000000000000000000000/versions/1",
            "name": "1",
            "type": "Microsoft.MachineLearningServices/workspaces/codes/versions",
            "properties": {
              "description": null,
              "tags": {},
              "properties": {
                "hash_sha256": "eb5c3bf27d4763392280dd04505a4ec3fc7e692f2991cf46ea52557033fe7f5b",
                "hash_version": "202208"
              },
              "isArchived": false,
              "isAnonymous": false,
              "codeUri": "https://sab6b272nokaeak.blob.core.windows.net:443/061273aa-2-82ded995-4204-59c3-840f-30b962ae063e/src",
              "provisioningState": "Succeeded"
            },
            "systemData": {
              "createdAt": "2023-04-11T06:19:08.2037059\u002B00:00",
              "createdBy": "Diondra Peck",
              "createdByType": "User",
              "lastModifiedAt": "2023-04-11T06:19:08.2037059\u002B00:00",
              "lastModifiedBy": "Diondra Peck",
              "lastModifiedByType": "User"
            }
          }
        ]
      }
    },
    {
      "RequestUri": "https://master.api.azureml-test.ms/mferp/managementfrontend/subscriptions/00000000-0000-0000-0000-000000000/resourceGroups/00000/providers/Microsoft.MachineLearningServices/workspaces/00000/codes/000000000000000000000/versions/1?api-version=2023-04-01",
      "RequestMethod": "GET",
      "RequestHeaders": {
        "Accept": "application/json",
        "Accept-Encoding": "gzip, deflate",
        "Connection": "keep-alive",
        "User-Agent": "azure-ai-ml/1.6.0 azsdk-python-mgmt-machinelearningservices/0.1.0 Python/3.10.11 (Windows-10-10.0.19045-SP0)"
      },
      "RequestBody": null,
      "StatusCode": 200,
      "ResponseHeaders": {
        "Connection": "keep-alive",
        "Content-Encoding": "gzip",
        "Content-Type": "application/json; charset=utf-8",
        "Date": "Tue, 11 Apr 2023 06:19:14 GMT",
        "request-context": "appId=cid-v1:512cc15a-13b5-415b-bfd0-dce7accb6bb1",
        "Server-Timing": "traceparent;desc=\u002200-f8a6c60cf6693f149a9a6500b71f5ce0-69ebb2c55b42c3e0-00\u0022",
        "Strict-Transport-Security": "max-age=15724800; includeSubDomains; preload",
        "Transfer-Encoding": "chunked",
        "Vary": "Accept-Encoding",
        "x-aml-cluster": "vienna-test-westus2-02",
        "X-Content-Type-Options": [
          "nosniff",
          "nosniff"
        ],
        "x-ms-response-type": "standard",
        "x-request-time": "0.078"
      },
      "ResponseBody": {
        "id": "/subscriptions/00000000-0000-0000-0000-000000000/resourceGroups/00000/providers/Microsoft.MachineLearningServices/workspaces/00000/codes/000000000000000000000/versions/1",
        "name": "1",
        "type": "Microsoft.MachineLearningServices/workspaces/codes/versions",
        "properties": {
          "description": null,
          "tags": {},
          "properties": {
            "hash_sha256": "0000000000000",
            "hash_version": "0000000000000"
          },
          "isArchived": false,
          "isAnonymous": false,
          "codeUri": "https://sab6b272nokaeak.blob.core.windows.net:443/061273aa-2-82ded995-4204-59c3-840f-30b962ae063e/src",
          "provisioningState": "Succeeded"
        },
        "systemData": {
          "createdAt": "2023-04-11T06:19:08.2037059\u002B00:00",
          "createdBy": "Diondra Peck",
          "createdByType": "User",
          "lastModifiedAt": "2023-04-11T06:19:08.2037059\u002B00:00",
          "lastModifiedBy": "Diondra Peck",
          "lastModifiedByType": "User"
        }
      }
    },
    {
      "RequestUri": "https://management.azure.com/subscriptions/00000000-0000-0000-0000-000000000/resourceGroups/00000/providers/Microsoft.MachineLearningServices/workspaces/00000/components/test_970526947919/versions/2?api-version=2022-10-01",
      "RequestMethod": "PUT",
      "RequestHeaders": {
        "Accept": "application/json",
        "Accept-Encoding": "gzip, deflate",
        "Connection": "keep-alive",
        "Content-Length": "1044",
        "Content-Type": "application/json",
        "User-Agent": "azure-ai-ml/1.6.0 azsdk-python-mgmt-machinelearningservices/0.1.0 Python/3.10.11 (Windows-10-10.0.19045-SP0)"
      },
      "RequestBody": {
        "properties": {
          "description": "Aml Spark dataset test module",
          "properties": {},
          "tags": {},
          "isAnonymous": false,
          "isArchived": false,
          "componentSpec": {
            "code": "azureml:/subscriptions/00000000-0000-0000-0000-000000000/resourceGroups/00000/providers/Microsoft.MachineLearningServices/workspaces/00000/codes/000000000000000000000/versions/1",
            "entry": {
              "file": "kmeans_example.py"
            },
            "conf": {
              "spark.driver.cores": 2,
              "spark.driver.memory": "1g",
              "spark.executor.cores": 1,
              "spark.executor.memory": "1g",
              "spark.executor.instances": 1
            },
            "args": "--file_input ${{inputs.file_input}} --output ${{outputs.output}}",
            "name": "test_970526947919",
            "description": "Aml Spark dataset test module",
            "version": "2",
            "$schema": "https://azuremlschemas.azureedge.net/latest/sparkComponent.schema.json",
            "display_name": "Aml Spark dataset test module",
            "is_deterministic": true,
            "inputs": {
              "file_input": {
                "type": "uri_file",
                "mode": "direct"
              }
            },
            "outputs": {
              "output": {
                "type": "uri_folder",
                "mode": "direct"
              }
            },
            "type": "spark",
            "_source": "YAML.COMPONENT"
          }
        }
      },
      "StatusCode": 201,
      "ResponseHeaders": {
        "Cache-Control": "no-cache",
        "Content-Length": "1787",
        "Content-Type": "application/json; charset=utf-8",
        "Date": "Tue, 11 Apr 2023 06:19:16 GMT",
        "Expires": "-1",
        "Location": "https://management.azure.com/subscriptions/00000000-0000-0000-0000-000000000/resourceGroups/00000/providers/Microsoft.MachineLearningServices/workspaces/00000/components/test_970526947919/versions/2?api-version=2022-10-01",
        "Pragma": "no-cache",
        "request-context": "appId=cid-v1:512cc15a-13b5-415b-bfd0-dce7accb6bb1",
        "Server-Timing": "traceparent;desc=\u002200-bb3aae5007a8ac0826b3c2ecb2a64b46-a96d7968370ba857-01\u0022",
        "Strict-Transport-Security": "max-age=31536000; includeSubDomains",
        "x-aml-cluster": "vienna-test-westus2-02",
        "X-Content-Type-Options": "nosniff",
        "x-ms-correlation-request-id": "33e7e09e-e582-4bdc-b6c3-9a9306811d01",
        "x-ms-ratelimit-remaining-subscription-writes": "1198",
        "x-ms-response-type": "standard",
        "x-ms-routing-request-id": "WESTUS2:20230411T061917Z:33e7e09e-e582-4bdc-b6c3-9a9306811d01",
        "x-request-time": "2.554"
      },
      "ResponseBody": {
        "id": "/subscriptions/00000000-0000-0000-0000-000000000/resourceGroups/00000/providers/Microsoft.MachineLearningServices/workspaces/00000/components/test_970526947919/versions/2",
        "name": "2",
        "type": "Microsoft.MachineLearningServices/workspaces/components/versions",
        "properties": {
          "description": null,
          "tags": {},
          "properties": {},
          "isArchived": false,
          "isAnonymous": false,
          "componentSpec": {
            "$schema": "https://azuremlschemas.azureedge.net/latest/sparkComponent.schema.json",
            "name": "test_970526947919",
            "version": "2",
            "display_name": "Aml Spark dataset test module",
            "is_deterministic": "True",
            "type": "spark",
            "description": "Aml Spark dataset test module",
            "inputs": {
              "file_input": {
                "type": "uri_file",
                "optional": "False"
              }
            },
            "outputs": {
              "output": {
                "type": "uri_folder"
              }
            },
            "code": "azureml:/subscriptions/00000000-0000-0000-0000-000000000/resourceGroups/00000/providers/Microsoft.MachineLearningServices/workspaces/00000/codes/000000000000000000000/versions/1",
            "args": "--file_input ${{inputs.file_input}} --output ${{outputs.output}}",
            "entry": {
              "file": "kmeans_example.py"
            },
            "conf": {
              "spark.driver.cores": "2",
              "spark.driver.memory": "1g",
              "spark.executor.cores": "1",
              "spark.executor.memory": "1g",
              "spark.executor.instances": "1"
            }
          }
        },
        "systemData": {
          "createdAt": "2023-04-11T06:19:16.8479342\u002B00:00",
          "createdBy": "Diondra Peck",
          "createdByType": "User",
          "lastModifiedAt": "2023-04-11T06:19:17.3344667\u002B00:00",
          "lastModifiedBy": "Diondra Peck",
          "lastModifiedByType": "User"
        }
      }
    }
  ],
  "Variables": {
    "spark_component_name": "test_970526947919"
  }
}
