{
  "Entries": [
    {
      "RequestUri": "https://management.azure.com/subscriptions/00000000-0000-0000-0000-000000000/resourceGroups/00000/providers/Microsoft.MachineLearningServices/workspaces/00000/codes/000000000000000000000/versions?api-version=2023-04-01\u0026hash=000000000000000000000000000000000000\u0026hashVersion=202208",
      "RequestMethod": "GET",
      "RequestHeaders": {
        "Accept": "application/json",
        "Accept-Encoding": "gzip, deflate",
        "Connection": "keep-alive",
        "User-Agent": "azure-ai-ml/1.6.0 azsdk-python-mgmt-machinelearningservices/0.1.0 Python/3.7.13 (Linux-5.15.90.1-microsoft-standard-WSL2-x86_64-with-debian-bookworm-sid)"
      },
      "RequestBody": null,
      "StatusCode": 200,
      "ResponseHeaders": {
        "Cache-Control": "no-cache",
        "Content-Encoding": "gzip",
        "Content-Type": "application/json; charset=utf-8",
        "Date": "Fri, 21 Apr 2023 22:16:17 GMT",
        "Expires": "-1",
        "Pragma": "no-cache",
        "request-context": "appId=cid-v1:512cc15a-13b5-415b-bfd0-dce7accb6bb1",
        "Server-Timing": "traceparent;desc=\u002200-5fa40f48b5e9c6788ff5ea895537542e-a6af5e408dc1957e-01\u0022",
        "Strict-Transport-Security": "max-age=31536000; includeSubDomains",
        "Transfer-Encoding": "chunked",
        "Vary": [
          "Accept-Encoding",
          "Accept-Encoding"
        ],
        "x-aml-cluster": "vienna-test-westus2-01",
        "X-Content-Type-Options": "nosniff",
        "x-ms-correlation-request-id": "0a71c30c-aeea-4278-a4bd-7e8015ff028a",
        "x-ms-ratelimit-remaining-subscription-reads": "11969",
        "x-ms-response-type": "standard",
        "x-ms-routing-request-id": "WESTUS2:20230421T221618Z:0a71c30c-aeea-4278-a4bd-7e8015ff028a",
        "x-request-time": "0.085"
      },
      "ResponseBody": {
        "value": [
          {
            "id": "/subscriptions/00000000-0000-0000-0000-000000000/resourceGroups/00000/providers/Microsoft.MachineLearningServices/workspaces/00000/codes/65b27452-66ab-41e9-a50b-4e4e133e7449/versions/1",
            "name": "1",
            "type": "Microsoft.MachineLearningServices/workspaces/codes/versions",
            "properties": {
              "description": null,
              "tags": {},
              "properties": {
                "hash_sha256": "3b94ac6cb29712a56cb97d9765c2dacc29a08b4fcde68a55a600b8abadbcf91e",
                "hash_version": "202208"
              },
              "isArchived": false,
              "isAnonymous": false,
              "codeUri": "https://sapcy5552emqcc6.blob.core.windows.net:443/2eef7b49-b-8a48a92a-0f41-5b3e-a064-3751cb12fa31/helloworld_components_with_env",
              "provisioningState": "Succeeded"
            },
            "systemData": {
              "createdAt": "2023-04-20T21:39:53.3352391\u002B00:00",
              "createdBy": "Diondra Peck",
              "createdByType": "User",
              "lastModifiedAt": "2023-04-20T21:39:53.3352391\u002B00:00",
              "lastModifiedBy": "Diondra Peck",
              "lastModifiedByType": "User"
            }
          }
        ]
      }
    },
    {
      "RequestUri": "https://management.azure.com/subscriptions/00000000-0000-0000-0000-000000000/resourceGroups/00000/providers/Microsoft.MachineLearningServices/workspaces/00000/codes/65b27452-66ab-41e9-a50b-4e4e133e7449/versions/1?api-version=2023-04-01",
      "RequestMethod": "GET",
      "RequestHeaders": {
        "Accept": "application/json",
        "Accept-Encoding": "gzip, deflate",
        "Connection": "keep-alive",
        "User-Agent": "azure-ai-ml/1.6.0 azsdk-python-mgmt-machinelearningservices/0.1.0 Python/3.7.13 (Linux-5.15.90.1-microsoft-standard-WSL2-x86_64-with-debian-bookworm-sid)"
      },
      "RequestBody": null,
      "StatusCode": 200,
      "ResponseHeaders": {
        "Cache-Control": "no-cache",
        "Content-Encoding": "gzip",
        "Content-Type": "application/json; charset=utf-8",
        "Date": "Fri, 21 Apr 2023 22:16:17 GMT",
        "Expires": "-1",
        "Pragma": "no-cache",
        "request-context": "appId=cid-v1:512cc15a-13b5-415b-bfd0-dce7accb6bb1",
        "Server-Timing": "traceparent;desc=\u002200-54eca17190cbe2af617fb4d65e128708-ec1f7b455cba1e4c-01\u0022",
        "Strict-Transport-Security": "max-age=31536000; includeSubDomains",
        "Transfer-Encoding": "chunked",
        "Vary": [
          "Accept-Encoding",
          "Accept-Encoding"
        ],
        "x-aml-cluster": "vienna-test-westus2-01",
        "X-Content-Type-Options": "nosniff",
        "x-ms-correlation-request-id": "7cc1daaa-6a04-47d5-afbd-658889d4664f",
        "x-ms-ratelimit-remaining-subscription-reads": "11968",
        "x-ms-response-type": "standard",
        "x-ms-routing-request-id": "WESTUS2:20230421T221618Z:7cc1daaa-6a04-47d5-afbd-658889d4664f",
        "x-request-time": "0.074"
      },
      "ResponseBody": {
        "id": "/subscriptions/00000000-0000-0000-0000-000000000/resourceGroups/00000/providers/Microsoft.MachineLearningServices/workspaces/00000/codes/65b27452-66ab-41e9-a50b-4e4e133e7449/versions/1",
        "name": "1",
        "type": "Microsoft.MachineLearningServices/workspaces/codes/versions",
        "properties": {
          "description": null,
          "tags": {},
          "properties": {
            "hash_sha256": "0000000000000",
            "hash_version": "0000000000000"
          },
          "isArchived": false,
          "isAnonymous": false,
          "codeUri": "https://sapcy5552emqcc6.blob.core.windows.net:443/2eef7b49-b-8a48a92a-0f41-5b3e-a064-3751cb12fa31/helloworld_components_with_env",
          "provisioningState": "Succeeded"
        },
        "systemData": {
          "createdAt": "2023-04-20T21:39:53.3352391\u002B00:00",
          "createdBy": "Diondra Peck",
          "createdByType": "User",
          "lastModifiedAt": "2023-04-20T21:39:53.3352391\u002B00:00",
          "lastModifiedBy": "Diondra Peck",
          "lastModifiedByType": "User"
        }
      }
    },
    {
      "RequestUri": "https://management.azure.com/subscriptions/00000000-0000-0000-0000-000000000/resourceGroups/00000/providers/Microsoft.MachineLearningServices/workspaces/00000/components/test_524007892225/versions/1?api-version=2022-10-01",
      "RequestMethod": "PUT",
      "RequestHeaders": {
        "Accept": "application/json",
        "Accept-Encoding": "gzip, deflate",
        "Connection": "keep-alive",
        "Content-Length": "918",
        "Content-Type": "application/json",
        "User-Agent": "azure-ai-ml/1.6.0 azsdk-python-mgmt-machinelearningservices/0.1.0 Python/3.7.13 (Linux-5.15.90.1-microsoft-standard-WSL2-x86_64-with-debian-bookworm-sid)"
      },
      "RequestBody": {
        "properties": {
          "description": "This is the basic command component",
          "properties": {},
          "tags": {
            "tag": "tagvalue",
            "owner": "sdkteam"
          },
          "isAnonymous": false,
          "isArchived": false,
          "componentSpec": {
            "command": "echo Hello World",
            "code": "azureml:/subscriptions/00000000-0000-0000-0000-000000000/resourceGroups/00000/providers/Microsoft.MachineLearningServices/workspaces/00000/codes/65b27452-66ab-41e9-a50b-4e4e133e7449/versions/1",
            "environment": "azureml:AzureML-sklearn-1.0-ubuntu20.04-py38-cpu:33",
            "name": "test_524007892225",
            "description": "This is the basic command component",
            "tags": {
              "tag": "tagvalue",
              "owner": "sdkteam"
            },
            "version": "1",
            "$schema": "https://azuremlschemas.azureedge.net/development/commandComponent.schema.json",
            "display_name": "CommandComponentBasic",
            "is_deterministic": true,
            "outputs": {
              "component_out_path": {
                "type": "uri_folder"
              }
            },
            "type": "command",
            "_source": "YAML.COMPONENT"
          }
        }
      },
      "StatusCode": 201,
      "ResponseHeaders": {
        "Cache-Control": "no-cache",
        "Content-Length": "1695",
        "Content-Type": "application/json; charset=utf-8",
        "Date": "Fri, 21 Apr 2023 22:16:21 GMT",
        "Expires": "-1",
        "Location": "https://management.azure.com/subscriptions/00000000-0000-0000-0000-000000000/resourceGroups/00000/providers/Microsoft.MachineLearningServices/workspaces/00000/components/test_524007892225/versions/1?api-version=2022-10-01",
        "Pragma": "no-cache",
        "request-context": "appId=cid-v1:512cc15a-13b5-415b-bfd0-dce7accb6bb1",
        "Server-Timing": "traceparent;desc=\u002200-ff83aebad665dc1da74c28be40c87615-97398fc52025231e-01\u0022",
        "Strict-Transport-Security": "max-age=31536000; includeSubDomains",
        "x-aml-cluster": "vienna-test-westus2-01",
        "X-Content-Type-Options": "nosniff",
        "x-ms-correlation-request-id": "6b17edba-7969-44ec-a23e-8fc24d683c35",
        "x-ms-ratelimit-remaining-subscription-writes": "1172",
        "x-ms-response-type": "standard",
        "x-ms-routing-request-id": "WESTUS2:20230421T221622Z:6b17edba-7969-44ec-a23e-8fc24d683c35",
        "x-request-time": "1.737"
      },
      "ResponseBody": {
        "id": "/subscriptions/00000000-0000-0000-0000-000000000/resourceGroups/00000/providers/Microsoft.MachineLearningServices/workspaces/00000/components/test_524007892225/versions/1",
        "name": "1",
        "type": "Microsoft.MachineLearningServices/workspaces/components/versions",
        "properties": {
          "description": null,
          "tags": {
            "tag": "tagvalue",
            "owner": "sdkteam"
          },
          "properties": {},
          "isArchived": false,
          "isAnonymous": false,
          "componentSpec": {
            "$schema": "https://azuremlschemas.azureedge.net/development/commandComponent.schema.json",
            "name": "test_524007892225",
            "version": "1",
            "display_name": "CommandComponentBasic",
            "is_deterministic": "True",
            "type": "command",
            "description": "This is the basic command component",
            "tags": {
              "tag": "tagvalue",
              "owner": "sdkteam"
            },
            "outputs": {
              "component_out_path": {
                "type": "uri_folder"
              }
            },
            "code": "azureml:/subscriptions/00000000-0000-0000-0000-000000000/resourceGroups/00000/providers/Microsoft.MachineLearningServices/workspaces/00000/codes/65b27452-66ab-41e9-a50b-4e4e133e7449/versions/1",
            "environment": "azureml://registries/azureml-dev/environments/AzureML-sklearn-1.0-ubuntu20.04-py38-cpu/versions/33",
            "resources": {
              "instance_count": "1"
            },
            "command": "echo Hello World"
          }
        },
        "systemData": {
          "createdAt": "2023-04-21T22:16:21.34687\u002B00:00",
          "createdBy": "Diondra Peck",
          "createdByType": "User",
          "lastModifiedAt": "2023-04-21T22:16:21.8834681\u002B00:00",
          "lastModifiedBy": "Diondra Peck",
          "lastModifiedByType": "User"
        }
      }
    },
    {
      "RequestUri": "https://management.azure.com/subscriptions/00000000-0000-0000-0000-000000000/resourceGroups/00000/providers/Microsoft.MachineLearningServices/workspaces/00000/codes/test_524007892225/versions?api-version=2023-04-01\u0026hash=000000000000000000000000000000000000\u0026hashVersion=202208",
      "RequestMethod": "GET",
      "RequestHeaders": {
        "Accept": "application/json",
        "Accept-Encoding": "gzip, deflate",
        "Connection": "keep-alive",
        "User-Agent": "azure-ai-ml/1.6.0 azsdk-python-mgmt-machinelearningservices/0.1.0 Python/3.7.13 (Linux-5.15.90.1-microsoft-standard-WSL2-x86_64-with-debian-bookworm-sid)"
      },
      "RequestBody": null,
      "StatusCode": 200,
      "ResponseHeaders": {
        "Cache-Control": "no-cache",
        "Content-Encoding": "gzip",
        "Content-Type": "application/json; charset=utf-8",
        "Date": "Fri, 21 Apr 2023 22:16:21 GMT",
        "Expires": "-1",
        "Pragma": "no-cache",
        "request-context": "appId=cid-v1:512cc15a-13b5-415b-bfd0-dce7accb6bb1",
        "Server-Timing": "traceparent;desc=\u002200-f46a100cbfc21f6e11646791b1202661-1830e0be151d6a2a-01\u0022",
        "Strict-Transport-Security": "max-age=31536000; includeSubDomains",
        "Transfer-Encoding": "chunked",
        "Vary": "Accept-Encoding",
        "x-aml-cluster": "vienna-test-westus2-01",
        "X-Content-Type-Options": "nosniff",
        "x-ms-correlation-request-id": "1f55f17c-5e83-4396-b2cd-a9bab604e7b8",
        "x-ms-ratelimit-remaining-subscription-reads": "11967",
        "x-ms-response-type": "standard",
        "x-ms-routing-request-id": "WESTUS2:20230421T221622Z:1f55f17c-5e83-4396-b2cd-a9bab604e7b8",
        "x-request-time": "0.063"
      },
      "ResponseBody": {
        "value": []
      }
    },
    {
      "RequestUri": "https://management.azure.com/subscriptions/00000000-0000-0000-0000-000000000/resourceGroups/00000/providers/Microsoft.MachineLearningServices/workspaces/00000/codes/test_524007892225/versions/1/startPendingUpload?api-version=2023-04-01",
      "RequestMethod": "POST",
      "RequestHeaders": {
        "Accept": "application/json",
        "Accept-Encoding": "gzip, deflate",
        "Connection": "keep-alive",
        "Content-Length": "47",
        "Content-Type": "application/json",
        "User-Agent": "azure-ai-ml/1.6.0 azsdk-python-mgmt-machinelearningservices/0.1.0 Python/3.7.13 (Linux-5.15.90.1-microsoft-standard-WSL2-x86_64-with-debian-bookworm-sid)"
      },
      "RequestBody": {
        "pendingUploadType": "TemporaryBlobReference"
      },
      "StatusCode": 200,
      "ResponseHeaders": {
        "Cache-Control": "no-cache",
        "Content-Encoding": "gzip",
        "Content-Type": "application/json; charset=utf-8",
        "Date": "Fri, 21 Apr 2023 22:16:22 GMT",
        "Expires": "-1",
        "Pragma": "no-cache",
        "request-context": "appId=cid-v1:512cc15a-13b5-415b-bfd0-dce7accb6bb1",
        "Server-Timing": "traceparent;desc=\u002200-4a4cac2592525da12eccd0eda60785b5-10cbaead993788b7-01\u0022",
        "Strict-Transport-Security": "max-age=31536000; includeSubDomains",
        "Transfer-Encoding": "chunked",
        "Vary": [
          "Accept-Encoding",
          "Accept-Encoding"
        ],
        "x-aml-cluster": "vienna-test-westus2-01",
        "X-Content-Type-Options": "nosniff",
        "x-ms-correlation-request-id": "792d140f-2c87-4a5a-b3ca-4a01eb896d6f",
        "x-ms-ratelimit-remaining-subscription-writes": "1199",
        "x-ms-response-type": "standard",
        "x-ms-routing-request-id": "WESTUS2:20230421T221623Z:792d140f-2c87-4a5a-b3ca-4a01eb896d6f",
        "x-request-time": "0.779"
      },
      "ResponseBody": {
        "blobReferenceForConsumption": {
          "blobUri": "https://sapcy5552emqcc6.blob.core.windows.net:443/2eef7b49-b-4c087875-bd0d-5425-9759-e1e1e63dea31",
          "storageAccountArmId": "/subscriptions/00000000-0000-0000-0000-000000000/resourceGroups/00000/providers/Microsoft.Storage/storageAccounts/sapcy5552emqcc6",
          "credential": {
            "credentialType": "SAS",
            "sasUri": "https://sapcy5552emqcc6.blob.core.windows.net/000000000000000000000000000000000000%3A16%3A23Z\u0026sks=b\u0026skv=2019-07-07\u0026sv=2021-10-04\u0026st=2023-04-21T22%3A06%3A23Z\u0026se=2023-04-22T06%3A16%3A23Z\u0026sr=c\u0026sp=rcwl\u0026sig=0000000000000000000000000000000000003D"
          }
        },
        "pendingUploadId": "d7bfd74a-67fb-4b36-afc5-e47ecac4040d",
        "pendingUploadType": "None"
      }
    },
    {
      "RequestUri": "https://sapcy5552emqcc6.blob.core.windows.net/000000000000000000000000000000000000/test_component_update_code0/code.yml?skoid=e3f42e2c-d581-4b65-a966-631cfa961328\u0026sktid=72f988bf-86f1-41af-91ab-2d7cd011db47\u0026skt=2023-04-21T22%3A06%3A23Z\u0026ske=2023-04-23T06%3A16%3A23Z\u0026sks=b\u0026skv=2019-07-07\u0026sv=2021-10-04\u0026st=2023-04-21T22%3A06%3A23Z\u0026se=2023-04-22T06%3A16%3A23Z\u0026sr=c\u0026sp=rcwl\u0026sig=0000000000000000000000000000000000003D",
      "RequestMethod": "HEAD",
      "RequestHeaders": {
        "Accept": "application/xml",
        "Accept-Encoding": "gzip, deflate",
        "Connection": "keep-alive",
        "User-Agent": "azsdk-python-storage-blob/12.16.0 Python/3.7.13 (Linux-5.15.90.1-microsoft-standard-WSL2-x86_64-with-debian-bookworm-sid)",
        "x-ms-date": "Fri, 21 Apr 2023 22:16:23 GMT",
        "x-ms-version": "2022-11-02"
      },
      "RequestBody": null,
      "StatusCode": 404,
      "ResponseHeaders": {
        "Date": "Fri, 21 Apr 2023 22:16:24 GMT",
        "Server": [
          "Windows-Azure-Blob/1.0",
          "Microsoft-HTTPAPI/2.0"
        ],
        "Transfer-Encoding": "chunked",
        "Vary": "Origin",
        "x-ms-error-code": "BlobNotFound",
        "x-ms-version": "2022-11-02"
      },
      "ResponseBody": null
    },
    {
      "RequestUri": "https://sapcy5552emqcc6.blob.core.windows.net/000000000000000000000000000000000000/test_component_update_code0/code.yml?skoid=e3f42e2c-d581-4b65-a966-631cfa961328\u0026sktid=72f988bf-86f1-41af-91ab-2d7cd011db47\u0026skt=2023-04-21T22%3A06%3A23Z\u0026ske=2023-04-23T06%3A16%3A23Z\u0026sks=b\u0026skv=2019-07-07\u0026sv=2021-10-04\u0026st=2023-04-21T22%3A06%3A23Z\u0026se=2023-04-22T06%3A16%3A23Z\u0026sr=c\u0026sp=rcwl\u0026sig=0000000000000000000000000000000000003D",
      "RequestMethod": "PUT",
      "RequestHeaders": {
        "Accept": "application/xml",
        "Accept-Encoding": "gzip, deflate",
        "Connection": "keep-alive",
        "Content-Length": "67",
        "Content-MD5": "dTJJ3ay/vpnyq86NnRax8A==",
        "Content-Type": "application/octet-stream",
        "If-None-Match": "*",
        "User-Agent": "azsdk-python-storage-blob/12.16.0 Python/3.7.13 (Linux-5.15.90.1-microsoft-standard-WSL2-x86_64-with-debian-bookworm-sid)",
        "x-ms-blob-type": "BlockBlob",
        "x-ms-date": "Fri, 21 Apr 2023 22:16:25 GMT",
        "x-ms-version": "2022-11-02"
      },
      "RequestBody": "CiAgICAgICAgbmFtZTogdGVzdF81MjQwMDc4OTIyMjUKICAgICAgICB2ZXJzaW9uOiAxCiAgICAgICAgcGF0aDogLg==",
      "StatusCode": 201,
      "ResponseHeaders": {
        "Content-Length": "0",
        "Content-MD5": "dTJJ3ay/vpnyq86NnRax8A==",
        "Date": "Fri, 21 Apr 2023 22:16:24 GMT",
        "ETag": "\u00220x8DB42B60BA1110D\u0022",
        "Last-Modified": "Fri, 21 Apr 2023 22:16:24 GMT",
        "Server": [
          "Windows-Azure-Blob/1.0",
          "Microsoft-HTTPAPI/2.0"
        ],
        "x-ms-content-crc64": "I1G/YnJTIO8=",
        "x-ms-request-server-encrypted": "true",
        "x-ms-version": "2022-11-02"
      },
      "ResponseBody": null
    },
    {
      "RequestUri": "https://sapcy5552emqcc6.blob.core.windows.net/000000000000000000000000000000000000/test_component_update_code0/code.yml?comp=metadata\u0026skoid=e3f42e2c-d581-4b65-a966-631cfa961328\u0026sktid=72f988bf-86f1-41af-91ab-2d7cd011db47\u0026skt=2023-04-21T22%3A06%3A23Z\u0026ske=2023-04-23T06%3A16%3A23Z\u0026sks=b\u0026skv=2019-07-07\u0026sv=2021-10-04\u0026st=2023-04-21T22%3A06%3A23Z\u0026se=2023-04-22T06%3A16%3A23Z\u0026sr=c\u0026sp=rcwl\u0026sig=0000000000000000000000000000000000003D",
      "RequestMethod": "PUT",
      "RequestHeaders": {
        "Accept": "application/xml",
        "Accept-Encoding": "gzip, deflate",
        "Connection": "keep-alive",
        "Content-Length": "0",
        "User-Agent": "azsdk-python-storage-blob/12.16.0 Python/3.7.13 (Linux-5.15.90.1-microsoft-standard-WSL2-x86_64-with-debian-bookworm-sid)",
        "x-ms-date": "Fri, 21 Apr 2023 22:16:25 GMT",
        "x-ms-meta-name": "test_524007892225",
        "x-ms-meta-upload_status": "completed",
        "x-ms-meta-version": "1",
        "x-ms-version": "2022-11-02"
      },
      "RequestBody": null,
      "StatusCode": 200,
      "ResponseHeaders": {
        "Content-Length": "0",
        "Date": "Fri, 21 Apr 2023 22:16:25 GMT",
        "ETag": "\u00220x8DB42B60BEE3B60\u0022",
        "Last-Modified": "Fri, 21 Apr 2023 22:16:25 GMT",
        "Server": [
          "Windows-Azure-Blob/1.0",
          "Microsoft-HTTPAPI/2.0"
        ],
        "x-ms-request-server-encrypted": "true",
        "x-ms-version": "2022-11-02"
      },
      "ResponseBody": null
    },
    {
      "RequestUri": "https://management.azure.com/subscriptions/00000000-0000-0000-0000-000000000/resourceGroups/00000/providers/Microsoft.MachineLearningServices/workspaces/00000/codes/test_524007892225/versions/1?api-version=2023-04-01",
      "RequestMethod": "PUT",
      "RequestHeaders": {
        "Accept": "application/json",
        "Accept-Encoding": "gzip, deflate",
        "Connection": "keep-alive",
        "Content-Length": "269",
        "Content-Type": "application/json",
        "User-Agent": "azure-ai-ml/1.6.0 azsdk-python-mgmt-machinelearningservices/0.1.0 Python/3.7.13 (Linux-5.15.90.1-microsoft-standard-WSL2-x86_64-with-debian-bookworm-sid)"
      },
      "RequestBody": {
        "properties": {
          "properties": {
            "hash_sha256": "0000000000000",
            "hash_version": "0000000000000"
          },
          "isAnonymous": false,
          "isArchived": false,
          "codeUri": "https://sapcy5552emqcc6.blob.core.windows.net:443/2eef7b49-b-4c087875-bd0d-5425-9759-e1e1e63dea31/test_component_update_code0"
        }
      },
      "StatusCode": 201,
      "ResponseHeaders": {
        "Cache-Control": "no-cache",
        "Content-Length": "809",
        "Content-Type": "application/json; charset=utf-8",
        "Date": "Fri, 21 Apr 2023 22:16:25 GMT",
        "Expires": "-1",
        "Location": "https://management.azure.com/subscriptions/00000000-0000-0000-0000-000000000/resourceGroups/00000/providers/Microsoft.MachineLearningServices/workspaces/00000/codes/test_524007892225/versions/1?api-version=2023-04-01",
        "Pragma": "no-cache",
        "request-context": "appId=cid-v1:512cc15a-13b5-415b-bfd0-dce7accb6bb1",
        "Server-Timing": "traceparent;desc=\u002200-dcaaf6b437da49790f3f9418e1c3e707-ae143a925cb35a71-01\u0022",
        "Strict-Transport-Security": "max-age=31536000; includeSubDomains",
        "x-aml-cluster": "vienna-test-westus2-01",
        "X-Content-Type-Options": "nosniff",
        "x-ms-correlation-request-id": "df151388-b311-4f62-818c-09218dde7cd8",
        "x-ms-ratelimit-remaining-subscription-writes": "1171",
        "x-ms-response-type": "standard",
        "x-ms-routing-request-id": "WESTUS2:20230421T221626Z:df151388-b311-4f62-818c-09218dde7cd8",
        "x-request-time": "0.689"
      },
      "ResponseBody": {
        "id": "/subscriptions/00000000-0000-0000-0000-000000000/resourceGroups/00000/providers/Microsoft.MachineLearningServices/workspaces/00000/codes/test_524007892225/versions/1",
        "name": "1",
        "type": "Microsoft.MachineLearningServices/workspaces/codes/versions",
        "properties": {
          "description": null,
          "tags": {},
          "properties": {
            "hash_sha256": "0000000000000",
            "hash_version": "0000000000000"
          },
          "isArchived": false,
          "isAnonymous": false,
          "codeUri": "https://sapcy5552emqcc6.blob.core.windows.net:443/2eef7b49-b-4c087875-bd0d-5425-9759-e1e1e63dea31/test_component_update_code0",
          "provisioningState": "Succeeded"
        },
        "systemData": {
          "createdAt": "2023-04-21T22:16:26.0213034\u002B00:00",
          "createdBy": "Diondra Peck",
          "createdByType": "User",
          "lastModifiedAt": "2023-04-21T22:16:26.0213034\u002B00:00",
          "lastModifiedBy": "Diondra Peck",
          "lastModifiedByType": "User"
        }
      }
    },
    {
      "RequestUri": "https://management.azure.com/subscriptions/00000000-0000-0000-0000-000000000/resourceGroups/00000/providers/Microsoft.MachineLearningServices/workspaces/00000/components/test_524007892225/versions/1?api-version=2022-10-01",
      "RequestMethod": "PUT",
      "RequestHeaders": {
        "Accept": "application/json",
        "Accept-Encoding": "gzip, deflate",
        "Connection": "keep-alive",
        "Content-Length": "899",
        "Content-Type": "application/json",
        "User-Agent": "azure-ai-ml/1.6.0 azsdk-python-mgmt-machinelearningservices/0.1.0 Python/3.7.13 (Linux-5.15.90.1-microsoft-standard-WSL2-x86_64-with-debian-bookworm-sid)"
      },
      "RequestBody": {
        "properties": {
          "description": "This is the basic command component",
          "properties": {},
          "tags": {
            "tag": "tagvalue",
            "owner": "sdkteam"
          },
          "isAnonymous": false,
          "isArchived": false,
          "componentSpec": {
            "command": "echo Hello World",
            "code": "azureml:/subscriptions/00000000-0000-0000-0000-000000000/resourceGroups/00000/providers/Microsoft.MachineLearningServices/workspaces/00000/codes/test_524007892225/versions/1",
            "environment": "azureml:AzureML-sklearn-1.0-ubuntu20.04-py38-cpu:33",
            "name": "test_524007892225",
            "description": "This is the basic command component",
            "tags": {
              "tag": "tagvalue",
              "owner": "sdkteam"
            },
            "version": "1",
            "$schema": "https://azuremlschemas.azureedge.net/development/commandComponent.schema.json",
            "display_name": "CommandComponentBasic",
            "is_deterministic": true,
            "outputs": {
              "component_out_path": {
                "type": "uri_folder"
              }
            },
            "type": "command",
            "_source": "YAML.COMPONENT"
          }
        }
      },
      "StatusCode": 400,
      "ResponseHeaders": {
        "Cache-Control": "no-cache",
        "Content-Length": "1237",
        "Content-Type": "application/json; charset=utf-8",
        "Date": "Fri, 21 Apr 2023 22:16:27 GMT",
        "Expires": "-1",
        "Pragma": "no-cache",
        "request-context": "appId=cid-v1:512cc15a-13b5-415b-bfd0-dce7accb6bb1",
        "Strict-Transport-Security": "max-age=31536000; includeSubDomains",
        "x-aml-cluster": "vienna-test-westus2-01",
        "X-Content-Type-Options": "nosniff",
        "x-ms-correlation-request-id": "3e051b86-c3de-4a83-b710-b2ee5420dcf1",
        "x-ms-ratelimit-remaining-subscription-writes": "1170",
        "x-ms-response-type": "error",
        "x-ms-routing-request-id": "WESTUS2:20230421T221628Z:3e051b86-c3de-4a83-b710-b2ee5420dcf1",
        "x-request-time": "1.898"
      },
      "ResponseBody": {
        "error": {
          "code": "UserError",
          "message": "Failed to update component test_524007892225 since field \u0022code\u0022 is immutable, try specifying a new version.",
          "details": [],
          "additionalInfo": [
            {
              "type": "ComponentName",
              "info": {
                "value": "managementfrontend"
              }
            },
            {
              "type": "Correlation",
              "info": {
                "value": {
                  "operation": "9aa43e486f3378d02efca8aefbcae6c1",
                  "request": "3826ef8fb2f0e914"
                }
              }
            },
            {
              "type": "Environment",
              "info": {
                "value": "master"
              }
            },
            {
              "type": "Location",
              "info": {
                "value": "westus2"
              }
            },
            {
              "type": "Time",
              "info": {
                "value": "2023-04-21T22:16:28.8556193\u002B00:00"
              }
            },
            {
              "type": "InnerError",
              "info": {
                "value": {
                  "code": "BadArgument",
                  "innerError": {
                    "code": "ArgumentInvalid",
                    "innerError": {
                      "code": "UpdateComponentFailed",
                      "innerError": null
                    }
                  }
                }
              }
            }
          ]
        }
      }
    }
  ],
  "Variables": {
    "component_name": "test_524007892225"
  }
}
