{
  "Entries": [
    {
      "RequestUri": "https://management.azure.com/subscriptions/00000000-0000-0000-0000-000000000/resourceGroups/00000/providers/Microsoft.MachineLearningServices/workspaces/00000/codes/000000000000000000000/versions?api-version=2023-04-01\u0026hash=a4e91c079c2a271d699ffac5ca5441abc8034151356913e57bff8f483c3d3a3b\u0026hashVersion=202208",
      "RequestMethod": "GET",
      "RequestHeaders": {
        "Accept": "application/json",
        "Accept-Encoding": "gzip, deflate",
        "Connection": "keep-alive",
        "User-Agent": "azure-ai-ml/1.8.0 azsdk-python-mgmt-machinelearningservices/0.1.0 Python/3.8.12 (Windows-10-10.0.22621-SP0)"
      },
      "RequestBody": null,
      "StatusCode": 200,
      "ResponseHeaders": {
        "Cache-Control": "no-cache",
        "Content-Encoding": "gzip",
        "Content-Type": "application/json; charset=utf-8",
        "Date": "Tue, 30 May 2023 10:09:55 GMT",
        "Expires": "-1",
        "Pragma": "no-cache",
        "Request-Context": "appId=cid-v1:2d2e8e63-272e-4b3c-8598-4ee570a0e70d",
        "Server-Timing": "traceparent;desc=\u002200-dd246776f60d0ac892d9f8c4639f6ea8-85e91f4f313820b3-00\u0022",
        "Strict-Transport-Security": "max-age=31536000; includeSubDomains",
        "Transfer-Encoding": "chunked",
        "Vary": [
          "Accept-Encoding",
          "Accept-Encoding"
        ],
        "x-aml-cluster": "vienna-eastus2-01",
        "X-Content-Type-Options": "nosniff",
        "x-ms-correlation-request-id": "da8ffaf6-4f68-4527-bcf3-777bd5e6662d",
        "x-ms-ratelimit-remaining-subscription-reads": "11999",
        "x-ms-response-type": "standard",
        "x-ms-routing-request-id": "JAPANEAST:20230530T100956Z:da8ffaf6-4f68-4527-bcf3-777bd5e6662d",
        "x-request-time": "0.690"
      },
      "ResponseBody": {
        "value": [
          {
            "id": "/subscriptions/00000000-0000-0000-0000-000000000/resourceGroups/00000/providers/Microsoft.MachineLearningServices/workspaces/00000/codes/924e869d-2f47-4f89-b554-9513a5bd6e1e/versions/1",
            "name": "1",
            "type": "Microsoft.MachineLearningServices/workspaces/codes/versions",
            "properties": {
              "description": null,
              "tags": {},
              "properties": {
                "hash_sha256": "a4e91c079c2a271d699ffac5ca5441abc8034151356913e57bff8f483c3d3a3b",
                "hash_version": "202208"
              },
              "isArchived": false,
              "isAnonymous": false,
              "codeUri": "https://amltest5899420437.blob.core.windows.net:443/0bdd51b6-c-2a7259f6-d8db-5cee-82b6-bf4fdc8c4c31/python",
              "provisioningState": "Succeeded"
            },
            "systemData": {
              "createdAt": "2023-05-30T07:24:05.4038336\u002B00:00",
              "createdBy": "Chenyang Zhang",
              "createdByType": "User",
              "lastModifiedAt": "2023-05-30T07:24:05.4038336\u002B00:00",
              "lastModifiedBy": "Chenyang Zhang",
              "lastModifiedByType": "User"
            }
          }
        ]
      }
    },
    {
      "RequestUri": "https://management.azure.com/subscriptions/00000000-0000-0000-0000-000000000/resourceGroups/00000/providers/Microsoft.MachineLearningServices/workspaces/00000/codes/924e869d-2f47-4f89-b554-9513a5bd6e1e/versions/1?api-version=2023-04-01",
      "RequestMethod": "GET",
      "RequestHeaders": {
        "Accept": "application/json",
        "Accept-Encoding": "gzip, deflate",
        "Connection": "keep-alive",
        "User-Agent": "azure-ai-ml/1.8.0 azsdk-python-mgmt-machinelearningservices/0.1.0 Python/3.8.12 (Windows-10-10.0.22621-SP0)"
      },
      "RequestBody": null,
      "StatusCode": 200,
      "ResponseHeaders": {
        "Cache-Control": "no-cache",
        "Content-Encoding": "gzip",
        "Content-Type": "application/json; charset=utf-8",
        "Date": "Tue, 30 May 2023 10:09:56 GMT",
        "Expires": "-1",
        "Pragma": "no-cache",
        "Request-Context": "appId=cid-v1:2d2e8e63-272e-4b3c-8598-4ee570a0e70d",
        "Server-Timing": "traceparent;desc=\u002200-5e2a721a8c8a81893a44aeda74b01def-ff753108904a54cd-00\u0022",
        "Strict-Transport-Security": "max-age=31536000; includeSubDomains",
        "Transfer-Encoding": "chunked",
        "Vary": [
          "Accept-Encoding",
          "Accept-Encoding"
        ],
        "x-aml-cluster": "vienna-eastus2-01",
        "X-Content-Type-Options": "nosniff",
        "x-ms-correlation-request-id": "7d2138b3-353b-4e08-9a14-cd56d5ed3eba",
        "x-ms-ratelimit-remaining-subscription-reads": "11998",
        "x-ms-response-type": "standard",
        "x-ms-routing-request-id": "JAPANEAST:20230530T100956Z:7d2138b3-353b-4e08-9a14-cd56d5ed3eba",
        "x-request-time": "0.075"
      },
      "ResponseBody": {
        "id": "/subscriptions/00000000-0000-0000-0000-000000000/resourceGroups/00000/providers/Microsoft.MachineLearningServices/workspaces/00000/codes/924e869d-2f47-4f89-b554-9513a5bd6e1e/versions/1",
        "name": "1",
        "type": "Microsoft.MachineLearningServices/workspaces/codes/versions",
        "properties": {
          "description": null,
          "tags": {},
          "properties": {
            "hash_sha256": "0000000000000",
            "hash_version": "0000000000000"
          },
          "isArchived": false,
          "isAnonymous": false,
          "codeUri": "https://amltest5899420437.blob.core.windows.net:443/0bdd51b6-c-2a7259f6-d8db-5cee-82b6-bf4fdc8c4c31/python",
          "provisioningState": "Succeeded"
        },
        "systemData": {
          "createdAt": "2023-05-30T07:24:05.4038336\u002B00:00",
          "createdBy": "Chenyang Zhang",
          "createdByType": "User",
          "lastModifiedAt": "2023-05-30T07:24:05.4038336\u002B00:00",
          "lastModifiedBy": "Chenyang Zhang",
          "lastModifiedByType": "User"
        }
      }
    },
    {
      "RequestUri": "https://management.azure.com/subscriptions/00000000-0000-0000-0000-000000000/resourceGroups/00000/providers/Microsoft.MachineLearningServices/workspaces/00000/components/test_574995690332/versions/1.0.0?api-version=2022-10-01",
      "RequestMethod": "PUT",
      "RequestHeaders": {
        "Accept": "application/json",
        "Accept-Encoding": "gzip, deflate",
        "Connection": "keep-alive",
        "Content-Length": "1712",
        "Content-Type": "application/json",
        "User-Agent": "azure-ai-ml/1.8.0 azsdk-python-mgmt-machinelearningservices/0.1.0 Python/3.8.12 (Windows-10-10.0.22621-SP0)"
      },
      "RequestBody": {
        "properties": {
          "description": "parallel component for batch score",
          "properties": {
            "client_component_hash": "7599c481-a935-b6a0-9147-1a924ff81ebb"
          },
          "tags": {},
          "isAnonymous": false,
          "isArchived": false,
          "componentSpec": {
            "name": "test_574995690332",
            "description": "parallel component for batch score",
            "version": "1.0.0",
            "$schema": "http://azureml/sdk-2-0/ParallelComponent.json",
            "display_name": "BatchScore",
            "is_deterministic": true,
            "inputs": {
              "score_input": {
                "type": "mltable",
                "description": "The data to be split and scored in parallel.",
                "optional": false
              },
              "label": {
                "type": "uri_file",
                "description": "Other reference data for batch scoring, e.g. labels.",
                "optional": false
              },
              "score_model": {
                "type": "custom_model",
                "description": "The model for batch score.",
                "optional": false
              }
            },
            "outputs": {
              "scored_result": {
                "type": "mltable"
              },
              "scoring_summary": {
                "type": "uri_file"
              }
            },
            "type": "parallel",
            "resources": {
              "instance_count": 2
            },
            "logging_level": "INFO",
            "task": {
              "type": "run_function",
              "code": "azureml:/subscriptions/00000000-0000-0000-0000-000000000/resourceGroups/00000/providers/Microsoft.MachineLearningServices/workspaces/00000/codes/924e869d-2f47-4f89-b554-9513a5bd6e1e/versions/1",
              "entry_script": "pass_through.py",
              "program_arguments": "--label ${{inputs.label}} --model ${{inputs.score_model}} --output_scored_result ${{outputs.scored_result}}",
              "append_row_to": "${{outputs.scoring_summary}}",
              "environment": "azureml:AzureML-Minimal:2"
            },
            "mini_batch_size": "10240",
            "input_data": "${{inputs.score_input}}",
            "retry_settings": {
              "timeout": 3,
              "max_retries": 10
            },
            "max_concurrency_per_instance": 12,
            "error_threshold": 10,
            "mini_batch_error_threshold": 5,
            "_source": "YAML.COMPONENT"
          }
        }
      },
      "StatusCode": 201,
      "ResponseHeaders": {
        "Cache-Control": "no-cache",
        "Content-Length": "2680",
        "Content-Type": "application/json; charset=utf-8",
        "Date": "Tue, 30 May 2023 10:09:59 GMT",
        "Expires": "-1",
        "Location": "https://management.azure.com/subscriptions/00000000-0000-0000-0000-000000000/resourceGroups/00000/providers/Microsoft.MachineLearningServices/workspaces/00000/components/test_574995690332/versions/1.0.0?api-version=2022-10-01",
        "Pragma": "no-cache",
        "Request-Context": "appId=cid-v1:2d2e8e63-272e-4b3c-8598-4ee570a0e70d",
        "Server-Timing": "traceparent;desc=\u002200-55b0247e82210e4f8f9569d0ba7e34e6-afe2136b2a232b24-01\u0022",
        "Strict-Transport-Security": "max-age=31536000; includeSubDomains",
        "x-aml-cluster": "vienna-eastus2-01",
        "X-Content-Type-Options": "nosniff",
        "x-ms-correlation-request-id": "db9071c0-c4b6-4107-8fa2-7da55011e992",
        "x-ms-ratelimit-remaining-subscription-writes": "1199",
        "x-ms-response-type": "standard",
        "x-ms-routing-request-id": "JAPANEAST:20230530T100959Z:db9071c0-c4b6-4107-8fa2-7da55011e992",
        "x-request-time": "1.120"
      },
      "ResponseBody": {
        "id": "/subscriptions/00000000-0000-0000-0000-000000000/resourceGroups/00000/providers/Microsoft.MachineLearningServices/workspaces/00000/components/test_574995690332/versions/1.0.0",
        "name": "1.0.0",
        "type": "Microsoft.MachineLearningServices/workspaces/components/versions",
        "properties": {
          "description": null,
          "tags": {},
          "properties": {
            "client_component_hash": "7599c481-a935-b6a0-9147-1a924ff81ebb"
          },
          "isArchived": false,
          "isAnonymous": false,
          "componentSpec": {
            "$schema": "http://azureml/sdk-2-0/ParallelComponent.json",
            "name": "test_574995690332",
            "version": "1.0.0",
            "display_name": "BatchScore",
            "is_deterministic": "True",
            "type": "parallel",
            "description": "parallel component for batch score",
            "inputs": {
              "score_input": {
                "type": "mltable",
                "optional": "False",
                "description": "The data to be split and scored in parallel."
              },
              "label": {
                "type": "uri_file",
                "optional": "False",
                "description": "Other reference data for batch scoring, e.g. labels."
              },
              "score_model": {
                "type": "custom_model",
                "optional": "False",
                "description": "The model for batch score."
              }
            },
            "outputs": {
              "scored_result": {
                "type": "mltable"
              },
              "scoring_summary": {
                "type": "uri_file"
              }
            },
            "task": {
              "code": "azureml:/subscriptions/00000000-0000-0000-0000-000000000/resourceGroups/00000/providers/Microsoft.MachineLearningServices/workspaces/00000/codes/924e869d-2f47-4f89-b554-9513a5bd6e1e/versions/1",
              "environment": "azureml://registries/azureml/environments/AzureML-Minimal/versions/2",
              "program_arguments": "--label ${{inputs.label}} --model ${{inputs.score_model}} --output_scored_result ${{outputs.scored_result}}",
              "entry_script": "pass_through.py",
              "type": "run_function",
              "append_row_to": "${{outputs.scoring_summary}}"
            },
            "input_data": "${{inputs.score_input}}",
            "error_threshold": "10",
            "logging_level": "INFO",
            "max_concurrency_per_instance": "12",
            "mini_batch_error_threshold": "5",
            "mini_batch_size": "10240",
            "retry_settings": {
              "max_retries": "10",
              "timeout": "3"
            }
          }
        },
        "systemData": {
          "createdAt": "2023-05-30T10:09:59.7430545\u002B00:00",
          "createdBy": "Chenyang Zhang",
          "createdByType": "User",
          "lastModifiedAt": "2023-05-30T10:09:59.8087632\u002B00:00",
          "lastModifiedBy": "Chenyang Zhang",
          "lastModifiedByType": "User"
        }
      }
    },
    {
      "RequestUri": "https://management.azure.com/subscriptions/00000000-0000-0000-0000-000000000/resourceGroups/00000/providers/Microsoft.MachineLearningServices/workspaces/00000/components/test_574995690332/versions/1.0.0?api-version=2022-10-01",
      "RequestMethod": "GET",
      "RequestHeaders": {
        "Accept": "application/json",
        "Accept-Encoding": "gzip, deflate",
        "Connection": "keep-alive",
        "User-Agent": "azure-ai-ml/1.8.0 azsdk-python-mgmt-machinelearningservices/0.1.0 Python/3.8.12 (Windows-10-10.0.22621-SP0)"
      },
      "RequestBody": null,
      "StatusCode": 200,
      "ResponseHeaders": {
        "Cache-Control": "no-cache",
        "Content-Encoding": "gzip",
        "Content-Type": "application/json; charset=utf-8",
        "Date": "Tue, 30 May 2023 10:09:59 GMT",
        "Expires": "-1",
        "Pragma": "no-cache",
        "Request-Context": "appId=cid-v1:2d2e8e63-272e-4b3c-8598-4ee570a0e70d",
        "Server-Timing": "traceparent;desc=\u002200-3cce0aa91575fa16f15ef72c15f13688-f006a22f50af8699-00\u0022",
        "Strict-Transport-Security": "max-age=31536000; includeSubDomains",
        "Transfer-Encoding": "chunked",
        "Vary": [
          "Accept-Encoding",
          "Accept-Encoding"
        ],
        "x-aml-cluster": "vienna-eastus2-01",
        "X-Content-Type-Options": "nosniff",
        "x-ms-correlation-request-id": "4ccc21e7-bfb2-45c9-a0f4-4c3b7054812a",
        "x-ms-ratelimit-remaining-subscription-reads": "11997",
        "x-ms-response-type": "standard",
        "x-ms-routing-request-id": "JAPANEAST:20230530T101000Z:4ccc21e7-bfb2-45c9-a0f4-4c3b7054812a",
        "x-request-time": "0.090"
      },
      "ResponseBody": {
        "id": "/subscriptions/00000000-0000-0000-0000-000000000/resourceGroups/00000/providers/Microsoft.MachineLearningServices/workspaces/00000/components/test_574995690332/versions/1.0.0",
        "name": "1.0.0",
        "type": "Microsoft.MachineLearningServices/workspaces/components/versions",
        "properties": {
          "description": null,
          "tags": {},
          "properties": {
            "client_component_hash": "7599c481-a935-b6a0-9147-1a924ff81ebb"
          },
          "isArchived": false,
          "isAnonymous": false,
          "componentSpec": {
            "$schema": "http://azureml/sdk-2-0/ParallelComponent.json",
            "name": "test_574995690332",
            "version": "1.0.0",
            "display_name": "BatchScore",
            "is_deterministic": "True",
            "type": "parallel",
            "description": "parallel component for batch score",
            "inputs": {
              "score_input": {
                "type": "mltable",
                "optional": "False",
                "description": "The data to be split and scored in parallel."
              },
              "label": {
                "type": "uri_file",
                "optional": "False",
                "description": "Other reference data for batch scoring, e.g. labels."
              },
              "score_model": {
                "type": "custom_model",
                "optional": "False",
                "description": "The model for batch score."
              }
            },
            "outputs": {
              "scored_result": {
                "type": "mltable"
              },
              "scoring_summary": {
                "type": "uri_file"
              }
            },
            "task": {
              "code": "azureml:/subscriptions/00000000-0000-0000-0000-000000000/resourceGroups/00000/providers/Microsoft.MachineLearningServices/workspaces/00000/codes/924e869d-2f47-4f89-b554-9513a5bd6e1e/versions/1",
              "environment": "azureml://registries/azureml/environments/AzureML-Minimal/versions/2",
              "program_arguments": "--label ${{inputs.label}} --model ${{inputs.score_model}} --output_scored_result ${{outputs.scored_result}}",
              "entry_script": "pass_through.py",
              "type": "run_function",
              "append_row_to": "${{outputs.scoring_summary}}"
            },
            "input_data": "${{inputs.score_input}}",
            "error_threshold": "10",
            "logging_level": "INFO",
            "max_concurrency_per_instance": "12",
            "mini_batch_error_threshold": "5",
            "mini_batch_size": "10240",
            "retry_settings": {
              "max_retries": "10",
              "timeout": "3"
            }
          }
        },
        "systemData": {
          "createdAt": "2023-05-30T10:09:59.7430545\u002B00:00",
          "createdBy": "Chenyang Zhang",
          "createdByType": "User",
          "lastModifiedAt": "2023-05-30T10:09:59.8087632\u002B00:00",
          "lastModifiedBy": "Chenyang Zhang",
          "lastModifiedByType": "User"
        }
      }
    },
    {
      "RequestUri": "https://management.azure.com/subscriptions/00000000-0000-0000-0000-000000000/resourceGroups/00000/providers/Microsoft.MachineLearningServices/workspaces/00000/codes/000000000000000000000/versions?api-version=2023-04-01\u0026hash=a4e91c079c2a271d699ffac5ca5441abc8034151356913e57bff8f483c3d3a3b\u0026hashVersion=202208",
      "RequestMethod": "GET",
      "RequestHeaders": {
        "Accept": "application/json",
        "Accept-Encoding": "gzip, deflate",
        "Connection": "keep-alive",
        "User-Agent": "azure-ai-ml/1.8.0 azsdk-python-mgmt-machinelearningservices/0.1.0 Python/3.8.12 (Windows-10-10.0.22621-SP0)"
      },
      "RequestBody": null,
      "StatusCode": 200,
      "ResponseHeaders": {
        "Cache-Control": "no-cache",
        "Content-Encoding": "gzip",
        "Content-Type": "application/json; charset=utf-8",
        "Date": "Tue, 30 May 2023 10:10:00 GMT",
        "Expires": "-1",
        "Pragma": "no-cache",
        "Request-Context": "appId=cid-v1:2d2e8e63-272e-4b3c-8598-4ee570a0e70d",
        "Server-Timing": "traceparent;desc=\u002200-cdfac3c90006ea61b58638bde058736f-f62c409c64c8bac8-00\u0022",
        "Strict-Transport-Security": "max-age=31536000; includeSubDomains",
        "Transfer-Encoding": "chunked",
        "Vary": [
          "Accept-Encoding",
          "Accept-Encoding"
        ],
        "x-aml-cluster": "vienna-eastus2-01",
        "X-Content-Type-Options": "nosniff",
        "x-ms-correlation-request-id": "d3e3b0f6-7a51-4790-ba93-a14d8e249668",
        "x-ms-ratelimit-remaining-subscription-reads": "11996",
        "x-ms-response-type": "standard",
        "x-ms-routing-request-id": "JAPANEAST:20230530T101000Z:d3e3b0f6-7a51-4790-ba93-a14d8e249668",
        "x-request-time": "0.049"
      },
      "ResponseBody": {
        "value": [
          {
            "id": "/subscriptions/00000000-0000-0000-0000-000000000/resourceGroups/00000/providers/Microsoft.MachineLearningServices/workspaces/00000/codes/924e869d-2f47-4f89-b554-9513a5bd6e1e/versions/1",
            "name": "1",
            "type": "Microsoft.MachineLearningServices/workspaces/codes/versions",
            "properties": {
              "description": null,
              "tags": {},
              "properties": {
                "hash_sha256": "a4e91c079c2a271d699ffac5ca5441abc8034151356913e57bff8f483c3d3a3b",
                "hash_version": "202208"
              },
              "isArchived": false,
              "isAnonymous": false,
              "codeUri": "https://amltest5899420437.blob.core.windows.net:443/0bdd51b6-c-2a7259f6-d8db-5cee-82b6-bf4fdc8c4c31/python",
              "provisioningState": "Succeeded"
            },
            "systemData": {
              "createdAt": "2023-05-30T07:24:05.4038336\u002B00:00",
              "createdBy": "Chenyang Zhang",
              "createdByType": "User",
              "lastModifiedAt": "2023-05-30T07:24:05.4038336\u002B00:00",
              "lastModifiedBy": "Chenyang Zhang",
              "lastModifiedByType": "User"
            }
          }
        ]
      }
    },
    {
      "RequestUri": "https://management.azure.com/subscriptions/00000000-0000-0000-0000-000000000/resourceGroups/00000/providers/Microsoft.MachineLearningServices/workspaces/00000/codes/924e869d-2f47-4f89-b554-9513a5bd6e1e/versions/1?api-version=2023-04-01",
      "RequestMethod": "GET",
      "RequestHeaders": {
        "Accept": "application/json",
        "Accept-Encoding": "gzip, deflate",
        "Connection": "keep-alive",
        "User-Agent": "azure-ai-ml/1.8.0 azsdk-python-mgmt-machinelearningservices/0.1.0 Python/3.8.12 (Windows-10-10.0.22621-SP0)"
      },
      "RequestBody": null,
      "StatusCode": 200,
      "ResponseHeaders": {
        "Cache-Control": "no-cache",
        "Content-Encoding": "gzip",
        "Content-Type": "application/json; charset=utf-8",
        "Date": "Tue, 30 May 2023 10:10:00 GMT",
        "Expires": "-1",
        "Pragma": "no-cache",
        "Request-Context": "appId=cid-v1:2d2e8e63-272e-4b3c-8598-4ee570a0e70d",
        "Server-Timing": "traceparent;desc=\u002200-a69a9b875c65373a86cd11cb8c3888a3-061a9bcbdfd14ad6-00\u0022",
        "Strict-Transport-Security": "max-age=31536000; includeSubDomains",
        "Transfer-Encoding": "chunked",
        "Vary": [
          "Accept-Encoding",
          "Accept-Encoding"
        ],
        "x-aml-cluster": "vienna-eastus2-01",
        "X-Content-Type-Options": "nosniff",
        "x-ms-correlation-request-id": "676c97fb-9107-4213-a0bb-ad07a6711f13",
        "x-ms-ratelimit-remaining-subscription-reads": "11995",
        "x-ms-response-type": "standard",
        "x-ms-routing-request-id": "JAPANEAST:20230530T101001Z:676c97fb-9107-4213-a0bb-ad07a6711f13",
        "x-request-time": "0.030"
      },
      "ResponseBody": {
        "id": "/subscriptions/00000000-0000-0000-0000-000000000/resourceGroups/00000/providers/Microsoft.MachineLearningServices/workspaces/00000/codes/924e869d-2f47-4f89-b554-9513a5bd6e1e/versions/1",
        "name": "1",
        "type": "Microsoft.MachineLearningServices/workspaces/codes/versions",
        "properties": {
          "description": null,
          "tags": {},
          "properties": {
            "hash_sha256": "0000000000000",
            "hash_version": "0000000000000"
          },
          "isArchived": false,
          "isAnonymous": false,
          "codeUri": "https://amltest5899420437.blob.core.windows.net:443/0bdd51b6-c-2a7259f6-d8db-5cee-82b6-bf4fdc8c4c31/python",
          "provisioningState": "Succeeded"
        },
        "systemData": {
          "createdAt": "2023-05-30T07:24:05.4038336\u002B00:00",
          "createdBy": "Chenyang Zhang",
          "createdByType": "User",
          "lastModifiedAt": "2023-05-30T07:24:05.4038336\u002B00:00",
          "lastModifiedBy": "Chenyang Zhang",
          "lastModifiedByType": "User"
        }
      }
    },
    {
      "RequestUri": "https://management.azure.com/subscriptions/00000000-0000-0000-0000-000000000/resourceGroups/00000/providers/Microsoft.MachineLearningServices/workspaces/00000/components/test_574995690332/versions/2?api-version=2022-10-01",
      "RequestMethod": "PUT",
      "RequestHeaders": {
        "Accept": "application/json",
        "Accept-Encoding": "gzip, deflate",
        "Connection": "keep-alive",
        "Content-Length": "1708",
        "Content-Type": "application/json",
        "User-Agent": "azure-ai-ml/1.8.0 azsdk-python-mgmt-machinelearningservices/0.1.0 Python/3.8.12 (Windows-10-10.0.22621-SP0)"
      },
      "RequestBody": {
        "properties": {
          "description": "parallel component for batch score",
          "properties": {
            "client_component_hash": "7599c481-a935-b6a0-9147-1a924ff81ebb"
          },
          "tags": {},
          "isAnonymous": false,
          "isArchived": false,
          "componentSpec": {
            "name": "test_574995690332",
            "description": "parallel component for batch score",
            "version": "2",
            "$schema": "http://azureml/sdk-2-0/ParallelComponent.json",
            "display_name": "BatchScore",
            "is_deterministic": true,
            "inputs": {
              "score_input": {
                "type": "mltable",
                "description": "The data to be split and scored in parallel.",
                "optional": false
              },
              "label": {
                "type": "uri_file",
                "description": "Other reference data for batch scoring, e.g. labels.",
                "optional": false
              },
              "score_model": {
                "type": "custom_model",
                "description": "The model for batch score.",
                "optional": false
              }
            },
            "outputs": {
              "scored_result": {
                "type": "mltable"
              },
              "scoring_summary": {
                "type": "uri_file"
              }
            },
            "type": "parallel",
            "resources": {
              "instance_count": 2
            },
            "logging_level": "INFO",
            "task": {
              "type": "run_function",
              "code": "azureml:/subscriptions/00000000-0000-0000-0000-000000000/resourceGroups/00000/providers/Microsoft.MachineLearningServices/workspaces/00000/codes/924e869d-2f47-4f89-b554-9513a5bd6e1e/versions/1",
              "entry_script": "pass_through.py",
              "program_arguments": "--label ${{inputs.label}} --model ${{inputs.score_model}} --output_scored_result ${{outputs.scored_result}}",
              "append_row_to": "${{outputs.scoring_summary}}",
              "environment": "azureml:AzureML-Minimal:2"
            },
            "mini_batch_size": "10240",
            "input_data": "${{inputs.score_input}}",
            "retry_settings": {
              "timeout": 3,
              "max_retries": 10
            },
            "max_concurrency_per_instance": 12,
            "error_threshold": 10,
            "mini_batch_error_threshold": 5,
            "_source": "YAML.COMPONENT"
          }
        }
      },
      "StatusCode": 201,
      "ResponseHeaders": {
        "Cache-Control": "no-cache",
        "Content-Length": "2668",
        "Content-Type": "application/json; charset=utf-8",
        "Date": "Tue, 30 May 2023 10:10:01 GMT",
        "Expires": "-1",
        "Location": "https://management.azure.com/subscriptions/00000000-0000-0000-0000-000000000/resourceGroups/00000/providers/Microsoft.MachineLearningServices/workspaces/00000/components/test_574995690332/versions/2?api-version=2022-10-01",
        "Pragma": "no-cache",
        "Request-Context": "appId=cid-v1:2d2e8e63-272e-4b3c-8598-4ee570a0e70d",
        "Server-Timing": "traceparent;desc=\u002200-0298d86d6b32121e12280753e76950ab-020ecb929e99748a-01\u0022",
        "Strict-Transport-Security": "max-age=31536000; includeSubDomains",
        "x-aml-cluster": "vienna-eastus2-01",
        "X-Content-Type-Options": "nosniff",
        "x-ms-correlation-request-id": "6dbdf4f6-2472-4d1f-b63f-241fa9692671",
        "x-ms-ratelimit-remaining-subscription-writes": "1198",
        "x-ms-response-type": "standard",
        "x-ms-routing-request-id": "JAPANEAST:20230530T101002Z:6dbdf4f6-2472-4d1f-b63f-241fa9692671",
        "x-request-time": "0.509"
      },
      "ResponseBody": {
        "id": "/subscriptions/00000000-0000-0000-0000-000000000/resourceGroups/00000/providers/Microsoft.MachineLearningServices/workspaces/00000/components/test_574995690332/versions/2",
        "name": "2",
        "type": "Microsoft.MachineLearningServices/workspaces/components/versions",
        "properties": {
          "description": null,
          "tags": {},
          "properties": {
            "client_component_hash": "7599c481-a935-b6a0-9147-1a924ff81ebb"
          },
          "isArchived": false,
          "isAnonymous": false,
          "componentSpec": {
            "$schema": "http://azureml/sdk-2-0/ParallelComponent.json",
            "name": "test_574995690332",
            "version": "2",
            "display_name": "BatchScore",
            "is_deterministic": "True",
            "type": "parallel",
            "description": "parallel component for batch score",
            "inputs": {
              "score_input": {
                "type": "mltable",
                "optional": "False",
                "description": "The data to be split and scored in parallel."
              },
              "label": {
                "type": "uri_file",
                "optional": "False",
                "description": "Other reference data for batch scoring, e.g. labels."
              },
              "score_model": {
                "type": "custom_model",
                "optional": "False",
                "description": "The model for batch score."
              }
            },
            "outputs": {
              "scored_result": {
                "type": "mltable"
              },
              "scoring_summary": {
                "type": "uri_file"
              }
            },
            "task": {
              "code": "azureml:/subscriptions/00000000-0000-0000-0000-000000000/resourceGroups/00000/providers/Microsoft.MachineLearningServices/workspaces/00000/codes/924e869d-2f47-4f89-b554-9513a5bd6e1e/versions/1",
              "environment": "azureml://registries/azureml/environments/AzureML-Minimal/versions/2",
              "program_arguments": "--label ${{inputs.label}} --model ${{inputs.score_model}} --output_scored_result ${{outputs.scored_result}}",
              "entry_script": "pass_through.py",
              "type": "run_function",
              "append_row_to": "${{outputs.scoring_summary}}"
            },
            "input_data": "${{inputs.score_input}}",
            "error_threshold": "10",
            "logging_level": "INFO",
            "max_concurrency_per_instance": "12",
            "mini_batch_error_threshold": "5",
            "mini_batch_size": "10240",
            "retry_settings": {
              "max_retries": "10",
              "timeout": "3"
            }
          }
        },
        "systemData": {
          "createdAt": "2023-05-30T10:10:02.2270975\u002B00:00",
          "createdBy": "Chenyang Zhang",
          "createdByType": "User",
          "lastModifiedAt": "2023-05-30T10:10:02.2947038\u002B00:00",
          "lastModifiedBy": "Chenyang Zhang",
          "lastModifiedByType": "User"
        }
      }
    }
  ],
  "Variables": {
    "component_name": "test_574995690332"
  }
}
