{
  "Entries": [
    {
      "RequestUri": "https://management.azure.com/subscriptions/00000000-0000-0000-0000-000000000/resourceGroups/00000/providers/Microsoft.MachineLearningServices/workspaces/00000/datastores/workspaceblobstore?api-version=2022-05-01",
      "RequestMethod": "GET",
      "RequestHeaders": {
        "Accept": "application/json",
        "Accept-Encoding": "gzip, deflate",
        "Connection": "keep-alive",
        "User-Agent": "azure-ai-ml/0.0.139 azsdk-python-mgmt-machinelearningservices/0.1.0 Python/3.8.6 (Windows-10-10.0.22000-SP0)"
      },
      "RequestBody": null,
      "StatusCode": 200,
      "ResponseHeaders": {
        "Cache-Control": "no-cache",
        "Content-Encoding": "gzip",
        "Content-Type": "application/json; charset=utf-8",
        "Date": "Fri, 16 Sep 2022 15:38:06 GMT",
        "Expires": "-1",
        "Pragma": "no-cache",
        "Request-Context": "appId=cid-v1:17d65b70-e9ce-4ed5-9347-1f660ec782e9",
        "Server-Timing": "traceparent;desc=\u002200-1561e9b3ed0d09b57db85aa853dab04c-b9075bdbe324ad54-01\u0022",
        "Strict-Transport-Security": "max-age=31536000; includeSubDomains",
        "Transfer-Encoding": "chunked",
        "Vary": [
          "Accept-Encoding",
          "Accept-Encoding"
        ],
        "x-aml-cluster": "vienna-eastus2euap-01",
        "X-Content-Type-Options": "nosniff",
        "x-ms-correlation-request-id": "30734b74-a868-4e66-8ccf-7b03e2c188c8",
        "x-ms-ratelimit-remaining-subscription-reads": "11979",
        "x-ms-response-type": "standard",
        "x-ms-routing-request-id": "CANADACENTRAL:20220916T153807Z:30734b74-a868-4e66-8ccf-7b03e2c188c8",
        "x-request-time": "0.091"
      },
      "ResponseBody": {
        "id": "/subscriptions/00000000-0000-0000-0000-000000000/resourceGroups/00000/providers/Microsoft.MachineLearningServices/workspaces/00000/datastores/workspaceblobstore",
        "name": "workspaceblobstore",
        "type": "Microsoft.MachineLearningServices/workspaces/datastores",
        "properties": {
          "description": null,
          "tags": null,
          "properties": null,
          "isDefault": true,
          "credentials": {
            "credentialsType": "AccountKey"
          },
          "datastoreType": "AzureBlob",
          "accountName": "sagh4dshas62md4",
          "containerName": "azureml-blobstore-a6d5a3b8-8717-4928-b8f7-4c9f36d21085",
          "endpoint": "core.windows.net",
          "protocol": "https",
          "serviceDataAccessAuthIdentity": "WorkspaceSystemAssignedIdentity"
        },
        "systemData": {
          "createdAt": "2022-09-15T03:11:44.0146435\u002B00:00",
          "createdBy": "779301c0-18b2-4cdc-801b-a0a3368fee0a",
          "createdByType": "Application",
          "lastModifiedAt": "2022-09-15T03:11:44.7999179\u002B00:00",
          "lastModifiedBy": "779301c0-18b2-4cdc-801b-a0a3368fee0a",
          "lastModifiedByType": "Application"
        }
      }
    },
    {
      "RequestUri": "https://management.azure.com/subscriptions/00000000-0000-0000-0000-000000000/resourceGroups/00000/providers/Microsoft.MachineLearningServices/workspaces/00000/datastores/workspaceblobstore/listSecrets?api-version=2022-05-01",
      "RequestMethod": "POST",
      "RequestHeaders": {
        "Accept": "application/json",
        "Accept-Encoding": "gzip, deflate",
        "Connection": "keep-alive",
        "Content-Length": "0",
        "User-Agent": "azure-ai-ml/0.0.139 azsdk-python-mgmt-machinelearningservices/0.1.0 Python/3.8.6 (Windows-10-10.0.22000-SP0)"
      },
      "RequestBody": null,
      "StatusCode": 200,
      "ResponseHeaders": {
        "Cache-Control": "no-cache",
        "Content-Encoding": "gzip",
        "Content-Type": "application/json; charset=utf-8",
        "Date": "Fri, 16 Sep 2022 15:38:07 GMT",
        "Expires": "-1",
        "Pragma": "no-cache",
        "Request-Context": "appId=cid-v1:17d65b70-e9ce-4ed5-9347-1f660ec782e9",
        "Server-Timing": "traceparent;desc=\u002200-341d9b3a0433a2f3bc8958943fd4e728-2893c0c6c5a7b846-01\u0022",
        "Strict-Transport-Security": "max-age=31536000; includeSubDomains",
        "Transfer-Encoding": "chunked",
        "Vary": "Accept-Encoding",
        "x-aml-cluster": "vienna-eastus2euap-01",
        "X-Content-Type-Options": "nosniff",
        "x-ms-correlation-request-id": "acd97420-0e28-4575-bc3b-799248dc9913",
        "x-ms-ratelimit-remaining-subscription-writes": "1182",
        "x-ms-response-type": "standard",
        "x-ms-routing-request-id": "CANADACENTRAL:20220916T153807Z:acd97420-0e28-4575-bc3b-799248dc9913",
        "x-request-time": "0.096"
      },
      "ResponseBody": {
        "secretsType": "AccountKey",
        "key": "dGhpcyBpcyBmYWtlIGtleQ=="
      }
    },
    {
      "RequestUri": "https://sagh4dshas62md4.blob.core.windows.net/azureml-blobstore-a6d5a3b8-8717-4928-b8f7-4c9f36d21085/LocalUpload/00000000000000000000000000000000/COMPONENT_PLACEHOLDER",
      "RequestMethod": "HEAD",
      "RequestHeaders": {
        "Accept": "application/xml",
        "Accept-Encoding": "gzip, deflate",
        "Connection": "keep-alive",
        "User-Agent": "azsdk-python-storage-blob/12.12.0 Python/3.8.6 (Windows-10-10.0.22000-SP0)",
        "x-ms-date": "Fri, 16 Sep 2022 15:38:07 GMT",
        "x-ms-version": "2021-06-08"
      },
      "RequestBody": null,
      "StatusCode": 200,
      "ResponseHeaders": {
        "Accept-Ranges": "bytes",
        "Content-Length": "35",
        "Content-MD5": "L/DnSpFIn\u002BjaQWc\u002BsUQdcw==",
        "Content-Type": "application/octet-stream",
        "Date": "Fri, 16 Sep 2022 15:38:07 GMT",
        "ETag": "\u00220x8DA96C8560C1979\u0022",
        "Last-Modified": "Thu, 15 Sep 2022 03:14:00 GMT",
        "Server": [
          "Windows-Azure-Blob/1.0",
          "Microsoft-HTTPAPI/2.0"
        ],
        "Vary": "Origin",
        "x-ms-access-tier": "Hot",
        "x-ms-access-tier-inferred": "true",
        "x-ms-blob-type": "BlockBlob",
        "x-ms-creation-time": "Thu, 15 Sep 2022 03:14:00 GMT",
        "x-ms-lease-state": "available",
        "x-ms-lease-status": "unlocked",
        "x-ms-meta-name": "ac7e0240-c159-4c9c-828e-d3e8df43e80f",
        "x-ms-meta-upload_status": "completed",
        "x-ms-meta-version": "1",
        "x-ms-server-encrypted": "true",
        "x-ms-version": "2021-06-08"
      },
      "ResponseBody": null
    },
    {
      "RequestUri": "https://sagh4dshas62md4.blob.core.windows.net/azureml-blobstore-a6d5a3b8-8717-4928-b8f7-4c9f36d21085/az-ml-artifacts/00000000000000000000000000000000/COMPONENT_PLACEHOLDER",
      "RequestMethod": "HEAD",
      "RequestHeaders": {
        "Accept": "application/xml",
        "Accept-Encoding": "gzip, deflate",
        "Connection": "keep-alive",
        "User-Agent": "azsdk-python-storage-blob/12.12.0 Python/3.8.6 (Windows-10-10.0.22000-SP0)",
        "x-ms-date": "Fri, 16 Sep 2022 15:38:07 GMT",
        "x-ms-version": "2021-06-08"
      },
      "RequestBody": null,
      "StatusCode": 404,
      "ResponseHeaders": {
        "Date": "Fri, 16 Sep 2022 15:38:07 GMT",
        "Server": [
          "Windows-Azure-Blob/1.0",
          "Microsoft-HTTPAPI/2.0"
        ],
        "Transfer-Encoding": "chunked",
        "Vary": "Origin",
        "x-ms-error-code": "BlobNotFound",
        "x-ms-version": "2021-06-08"
      },
      "ResponseBody": null
    },
    {
      "RequestUri": "https://management.azure.com/subscriptions/00000000-0000-0000-0000-000000000/resourceGroups/00000/providers/Microsoft.MachineLearningServices/workspaces/00000/codes/ac7e0240-c159-4c9c-828e-d3e8df43e80f/versions/1?api-version=2022-05-01",
      "RequestMethod": "PUT",
      "RequestHeaders": {
        "Accept": "application/json",
        "Accept-Encoding": "gzip, deflate",
        "Connection": "keep-alive",
        "Content-Length": "343",
        "Content-Type": "application/json",
        "User-Agent": "azure-ai-ml/0.0.139 azsdk-python-mgmt-machinelearningservices/0.1.0 Python/3.8.6 (Windows-10-10.0.22000-SP0)"
      },
      "RequestBody": {
        "properties": {
          "properties": {
            "hash_sha256": "6807f9c9ee9f726461628977454eb1ba222ad5d03ee26d356e0a29c46fab14b0",
            "hash_version": "202208"
          },
          "isAnonymous": true,
          "isArchived": false,
          "codeUri": "https://sagh4dshas62md4.blob.core.windows.net/azureml-blobstore-a6d5a3b8-8717-4928-b8f7-4c9f36d21085/LocalUpload/00000000000000000000000000000000"
        }
      },
      "StatusCode": 200,
      "ResponseHeaders": {
        "Cache-Control": "no-cache",
        "Content-Encoding": "gzip",
        "Content-Type": "application/json; charset=utf-8",
        "Date": "Fri, 16 Sep 2022 15:38:08 GMT",
        "Expires": "-1",
        "Pragma": "no-cache",
        "Request-Context": "appId=cid-v1:17d65b70-e9ce-4ed5-9347-1f660ec782e9",
        "Server-Timing": "traceparent;desc=\u002200-78ef8403a0cfe6ff7dd1960c655ffa36-a7c1634ad4e4ca12-01\u0022",
        "Strict-Transport-Security": "max-age=31536000; includeSubDomains",
        "Transfer-Encoding": "chunked",
        "Vary": [
          "Accept-Encoding",
          "Accept-Encoding"
        ],
        "x-aml-cluster": "vienna-eastus2euap-01",
        "X-Content-Type-Options": "nosniff",
        "x-ms-correlation-request-id": "9aea4034-af81-4806-91cc-ee7a5db7526e",
        "x-ms-ratelimit-remaining-subscription-writes": "1162",
        "x-ms-response-type": "standard",
        "x-ms-routing-request-id": "CANADACENTRAL:20220916T153808Z:9aea4034-af81-4806-91cc-ee7a5db7526e",
        "x-request-time": "0.057"
      },
      "ResponseBody": {
        "id": "/subscriptions/00000000-0000-0000-0000-000000000/resourceGroups/00000/providers/Microsoft.MachineLearningServices/workspaces/00000/codes/ac7e0240-c159-4c9c-828e-d3e8df43e80f/versions/1",
        "name": "1",
        "type": "Microsoft.MachineLearningServices/workspaces/codes/versions",
        "properties": {
          "description": null,
          "tags": {},
          "properties": {
            "hash_sha256": "6807f9c9ee9f726461628977454eb1ba222ad5d03ee26d356e0a29c46fab14b0",
            "hash_version": "202208"
          },
          "isArchived": false,
          "isAnonymous": false,
          "codeUri": "https://sagh4dshas62md4.blob.core.windows.net/azureml-blobstore-a6d5a3b8-8717-4928-b8f7-4c9f36d21085/LocalUpload/00000000000000000000000000000000"
        },
        "systemData": {
          "createdAt": "2022-09-15T03:14:01.4315202\u002B00:00",
          "createdBy": "10832f61-6ea1-44eb-9622-85f30271eec4",
          "createdByType": "Application",
          "lastModifiedAt": "2022-09-16T15:38:08.3150886\u002B00:00",
          "lastModifiedBy": "Neehar Duvvuri",
          "lastModifiedByType": "User"
        }
      }
    },
    {
      "RequestUri": "https://management.azure.com/subscriptions/00000000-0000-0000-0000-000000000/resourceGroups/00000/providers/Microsoft.MachineLearningServices/workspaces/00000/components/test_748453752990?api-version=2022-05-01",
      "RequestMethod": "GET",
      "RequestHeaders": {
        "Accept": "application/json",
        "Accept-Encoding": "gzip, deflate",
        "Connection": "keep-alive",
        "User-Agent": "azure-ai-ml/0.0.139 azsdk-python-mgmt-machinelearningservices/0.1.0 Python/3.8.6 (Windows-10-10.0.22000-SP0)"
      },
      "RequestBody": null,
      "StatusCode": 404,
      "ResponseHeaders": {
        "Cache-Control": "no-cache",
        "Content-Length": "1077",
        "Content-Type": "application/json; charset=utf-8",
        "Date": "Fri, 16 Sep 2022 15:38:08 GMT",
        "Expires": "-1",
        "Pragma": "no-cache",
        "Request-Context": "appId=cid-v1:17d65b70-e9ce-4ed5-9347-1f660ec782e9",
        "Strict-Transport-Security": "max-age=31536000; includeSubDomains",
        "Vary": "Accept-Encoding",
        "x-aml-cluster": "vienna-eastus2euap-01",
        "X-Content-Type-Options": "nosniff",
        "x-ms-correlation-request-id": "73639b01-7a64-44a4-b0f8-93cc1735010b",
        "x-ms-ratelimit-remaining-subscription-reads": "11978",
        "x-ms-response-type": "error",
        "x-ms-routing-request-id": "CANADACENTRAL:20220916T153808Z:73639b01-7a64-44a4-b0f8-93cc1735010b",
        "x-request-time": "0.116"
      },
      "ResponseBody": {
        "error": {
          "code": "UserError",
          "message": "Not found component test_748453752990.",
          "details": [],
          "additionalInfo": [
            {
              "type": "ComponentName",
              "info": {
                "value": "managementfrontend"
              }
            },
            {
              "type": "Correlation",
              "info": {
                "value": {
                  "operation": "9ee8dbf7cfc9d56e38e8d6428593ba3c",
                  "request": "2767b2279a9f6fe5"
                }
              }
            },
            {
              "type": "Environment",
              "info": {
                "value": "eastus2euap"
              }
            },
            {
              "type": "Location",
              "info": {
                "value": "eastus2euap"
              }
            },
            {
              "type": "Time",
              "info": {
                "value": "2022-09-16T15:38:08.5725652\u002B00:00"
              }
            },
            {
              "type": "InnerError",
              "info": {
                "value": {
                  "code": "NotFound",
                  "innerError": {
                    "code": "ComponentNotFound",
                    "innerError": null
                  }
                }
              }
            }
          ]
        }
      }
    },
    {
      "RequestUri": "https://management.azure.com/subscriptions/00000000-0000-0000-0000-000000000/resourceGroups/00000/providers/Microsoft.MachineLearningServices/workspaces/00000/components/test_748453752990/versions/1?api-version=2022-05-01",
      "RequestMethod": "PUT",
      "RequestHeaders": {
        "Accept": "application/json",
        "Accept-Encoding": "gzip, deflate",
        "Connection": "keep-alive",
        "Content-Length": "1456",
        "Content-Type": "application/json",
        "User-Agent": "azure-ai-ml/0.0.139 azsdk-python-mgmt-machinelearningservices/0.1.0 Python/3.8.6 (Windows-10-10.0.22000-SP0)"
      },
      "RequestBody": {
        "properties": {
          "description": "This is the mpi command component",
          "properties": {},
          "tags": {
            "tag": "tagvalue",
            "owner": "sdkteam"
          },
          "isAnonymous": false,
          "isArchived": false,
          "componentSpec": {
            "command": "echo Hello World \u0026 echo ${{inputs.component_in_number}} \u0026 echo ${{inputs.component_in_path}} \u0026 echo ${{outputs.component_out_path}}",
            "code": "azureml:/subscriptions/00000000-0000-0000-0000-000000000/resourceGroups/00000/providers/Microsoft.MachineLearningServices/workspaces/00000/codes/ac7e0240-c159-4c9c-828e-d3e8df43e80f/versions/1",
            "environment": "azureml:/subscriptions/00000000-0000-0000-0000-000000000/resourceGroups/00000/providers/Microsoft.MachineLearningServices/workspaces/00000/environments/AzureML-sklearn-0.24-ubuntu18.04-py37-cpu/versions/1",
            "resources": {
              "instance_count": 2,
              "properties": {}
            },
            "distribution": {
              "type": "mpi",
              "process_count_per_instance": 1
            },
            "name": "test_748453752990",
            "description": "This is the mpi command component",
            "tags": {
              "tag": "tagvalue",
              "owner": "sdkteam"
            },
            "$schema": "https://azuremlschemas.azureedge.net/development/commandComponent.schema.json",
            "display_name": "CommandComponentMpi",
            "is_deterministic": true,
            "inputs": {
              "component_in_number": {
                "type": "number",
                "default": "10.99",
                "description": "A number"
              },
              "component_in_path": {
                "type": "uri_folder",
                "description": "A path"
              }
            },
            "outputs": {
              "component_out_path": {
                "type": "uri_folder"
              }
            },
            "type": "command",
            "_source": "YAML.COMPONENT"
          }
        }
      },
      "StatusCode": 201,
      "ResponseHeaders": {
        "Cache-Control": "no-cache",
        "Content-Length": "2348",
        "Content-Type": "application/json; charset=utf-8",
        "Date": "Fri, 16 Sep 2022 15:38:09 GMT",
        "Expires": "-1",
        "Location": "https://management.azure.com/subscriptions/00000000-0000-0000-0000-000000000/resourceGroups/00000/providers/Microsoft.MachineLearningServices/workspaces/00000/components/test_748453752990/versions/1?api-version=2022-05-01",
        "Pragma": "no-cache",
        "Request-Context": "appId=cid-v1:17d65b70-e9ce-4ed5-9347-1f660ec782e9",
        "Server-Timing": "traceparent;desc=\u002200-5195dea6aec2b63e911b9c5060b7b3df-3add7a03e3f7a484-01\u0022",
        "Strict-Transport-Security": "max-age=31536000; includeSubDomains",
        "x-aml-cluster": "vienna-eastus2euap-01",
        "X-Content-Type-Options": "nosniff",
        "x-ms-correlation-request-id": "633a58dc-c70f-49d1-b97e-b54db4c1436b",
        "x-ms-ratelimit-remaining-subscription-writes": "1161",
        "x-ms-response-type": "standard",
        "x-ms-routing-request-id": "CANADACENTRAL:20220916T153809Z:633a58dc-c70f-49d1-b97e-b54db4c1436b",
        "x-request-time": "0.796"
      },
      "ResponseBody": {
        "id": "/subscriptions/00000000-0000-0000-0000-000000000/resourceGroups/00000/providers/Microsoft.MachineLearningServices/workspaces/00000/components/test_748453752990/versions/1",
        "name": "1",
        "type": "Microsoft.MachineLearningServices/workspaces/components/versions",
        "properties": {
          "description": null,
          "tags": {
            "tag": "tagvalue",
            "owner": "sdkteam"
          },
          "properties": {},
          "isArchived": false,
          "isAnonymous": false,
          "componentSpec": {
            "name": "test_748453752990",
            "version": "1",
            "display_name": "CommandComponentMpi",
            "is_deterministic": "True",
            "type": "command",
            "description": "This is the mpi command component",
            "tags": {
              "tag": "tagvalue",
              "owner": "sdkteam"
            },
            "inputs": {
              "component_in_path": {
                "type": "uri_folder",
                "optional": "False",
                "description": "A path"
              },
              "component_in_number": {
                "type": "number",
                "optional": "False",
                "default": "10.99",
                "description": "A number"
              }
            },
            "outputs": {
              "component_out_path": {
                "type": "uri_folder"
              }
            },
            "code": "azureml:/subscriptions/00000000-0000-0000-0000-000000000/resourceGroups/00000/providers/Microsoft.MachineLearningServices/workspaces/00000/codes/ac7e0240-c159-4c9c-828e-d3e8df43e80f/versions/1",
            "environment": "azureml:/subscriptions/00000000-0000-0000-0000-000000000/resourceGroups/00000/providers/Microsoft.MachineLearningServices/workspaces/00000/environments/AzureML-sklearn-0.24-ubuntu18.04-py37-cpu/versions/1",
            "resources": {
              "instance_count": "2"
            },
            "distribution": {
              "process_count_per_instance": "1",
              "type": "Mpi"
            },
            "command": "echo Hello World \u0026 echo ${{inputs.component_in_number}} \u0026 echo ${{inputs.component_in_path}} \u0026 echo ${{outputs.component_out_path}}",
            "$schema": "https://azuremlschemas.azureedge.net/development/commandComponent.schema.json"
          }
        },
        "systemData": {
          "createdAt": "2022-09-16T15:38:09.135401\u002B00:00",
          "createdBy": "Neehar Duvvuri",
          "createdByType": "User",
          "lastModifiedAt": "2022-09-16T15:38:09.381944\u002B00:00",
          "lastModifiedBy": "Neehar Duvvuri",
          "lastModifiedByType": "User"
        }
      }
    },
    {
      "RequestUri": "https://management.azure.com/subscriptions/00000000-0000-0000-0000-000000000/resourceGroups/00000/providers/Microsoft.MachineLearningServices/workspaces/00000/datastores/workspaceblobstore?api-version=2022-05-01",
      "RequestMethod": "GET",
      "RequestHeaders": {
        "Accept": "application/json",
        "Accept-Encoding": "gzip, deflate",
        "Connection": "keep-alive",
        "User-Agent": "azure-ai-ml/0.0.139 azsdk-python-mgmt-machinelearningservices/0.1.0 Python/3.8.6 (Windows-10-10.0.22000-SP0)"
      },
      "RequestBody": null,
      "StatusCode": 200,
      "ResponseHeaders": {
        "Cache-Control": "no-cache",
        "Content-Encoding": "gzip",
        "Content-Type": "application/json; charset=utf-8",
        "Date": "Fri, 16 Sep 2022 15:38:09 GMT",
        "Expires": "-1",
        "Pragma": "no-cache",
        "Request-Context": "appId=cid-v1:17d65b70-e9ce-4ed5-9347-1f660ec782e9",
        "Server-Timing": "traceparent;desc=\u002200-d65ef72719fe8cec10b28829f1722dba-eb5f51d3f674032f-01\u0022",
        "Strict-Transport-Security": "max-age=31536000; includeSubDomains",
        "Transfer-Encoding": "chunked",
        "Vary": [
          "Accept-Encoding",
          "Accept-Encoding"
        ],
        "x-aml-cluster": "vienna-eastus2euap-01",
        "X-Content-Type-Options": "nosniff",
        "x-ms-correlation-request-id": "8b484afc-e56f-4f35-a46b-3b99627900ed",
        "x-ms-ratelimit-remaining-subscription-reads": "11977",
        "x-ms-response-type": "standard",
        "x-ms-routing-request-id": "CANADACENTRAL:20220916T153809Z:8b484afc-e56f-4f35-a46b-3b99627900ed",
        "x-request-time": "0.085"
      },
      "ResponseBody": {
        "id": "/subscriptions/00000000-0000-0000-0000-000000000/resourceGroups/00000/providers/Microsoft.MachineLearningServices/workspaces/00000/datastores/workspaceblobstore",
        "name": "workspaceblobstore",
        "type": "Microsoft.MachineLearningServices/workspaces/datastores",
        "properties": {
          "description": null,
          "tags": null,
          "properties": null,
          "isDefault": true,
          "credentials": {
            "credentialsType": "AccountKey"
          },
          "datastoreType": "AzureBlob",
          "accountName": "sagh4dshas62md4",
          "containerName": "azureml-blobstore-a6d5a3b8-8717-4928-b8f7-4c9f36d21085",
          "endpoint": "core.windows.net",
          "protocol": "https",
          "serviceDataAccessAuthIdentity": "WorkspaceSystemAssignedIdentity"
        },
        "systemData": {
          "createdAt": "2022-09-15T03:11:44.0146435\u002B00:00",
          "createdBy": "779301c0-18b2-4cdc-801b-a0a3368fee0a",
          "createdByType": "Application",
          "lastModifiedAt": "2022-09-15T03:11:44.7999179\u002B00:00",
          "lastModifiedBy": "779301c0-18b2-4cdc-801b-a0a3368fee0a",
          "lastModifiedByType": "Application"
        }
      }
    },
    {
      "RequestUri": "https://management.azure.com/subscriptions/00000000-0000-0000-0000-000000000/resourceGroups/00000/providers/Microsoft.MachineLearningServices/workspaces/00000/datastores/workspaceblobstore/listSecrets?api-version=2022-05-01",
      "RequestMethod": "POST",
      "RequestHeaders": {
        "Accept": "application/json",
        "Accept-Encoding": "gzip, deflate",
        "Connection": "keep-alive",
        "Content-Length": "0",
        "User-Agent": "azure-ai-ml/0.0.139 azsdk-python-mgmt-machinelearningservices/0.1.0 Python/3.8.6 (Windows-10-10.0.22000-SP0)"
      },
      "RequestBody": null,
      "StatusCode": 200,
      "ResponseHeaders": {
        "Cache-Control": "no-cache",
        "Content-Encoding": "gzip",
        "Content-Type": "application/json; charset=utf-8",
        "Date": "Fri, 16 Sep 2022 15:38:10 GMT",
        "Expires": "-1",
        "Pragma": "no-cache",
        "Request-Context": "appId=cid-v1:17d65b70-e9ce-4ed5-9347-1f660ec782e9",
        "Server-Timing": "traceparent;desc=\u002200-85c2bce4ccb8efc74f4efca2a1813105-eb72331947162b0c-01\u0022",
        "Strict-Transport-Security": "max-age=31536000; includeSubDomains",
        "Transfer-Encoding": "chunked",
        "Vary": "Accept-Encoding",
        "x-aml-cluster": "vienna-eastus2euap-01",
        "X-Content-Type-Options": "nosniff",
        "x-ms-correlation-request-id": "07f23574-a6bc-4c4b-bcb5-3663b45592cd",
        "x-ms-ratelimit-remaining-subscription-writes": "1181",
        "x-ms-response-type": "standard",
        "x-ms-routing-request-id": "CANADACENTRAL:20220916T153810Z:07f23574-a6bc-4c4b-bcb5-3663b45592cd",
        "x-request-time": "0.095"
      },
      "ResponseBody": {
        "secretsType": "AccountKey",
        "key": "dGhpcyBpcyBmYWtlIGtleQ=="
      }
    },
    {
      "RequestUri": "https://sagh4dshas62md4.blob.core.windows.net/azureml-blobstore-a6d5a3b8-8717-4928-b8f7-4c9f36d21085/LocalUpload/00000000000000000000000000000000/COMPONENT_PLACEHOLDER",
      "RequestMethod": "HEAD",
      "RequestHeaders": {
        "Accept": "application/xml",
        "Accept-Encoding": "gzip, deflate",
        "Connection": "keep-alive",
        "User-Agent": "azsdk-python-storage-blob/12.12.0 Python/3.8.6 (Windows-10-10.0.22000-SP0)",
        "x-ms-date": "Fri, 16 Sep 2022 15:38:10 GMT",
        "x-ms-version": "2021-06-08"
      },
      "RequestBody": null,
      "StatusCode": 200,
      "ResponseHeaders": {
        "Accept-Ranges": "bytes",
        "Content-Length": "35",
        "Content-MD5": "L/DnSpFIn\u002BjaQWc\u002BsUQdcw==",
        "Content-Type": "application/octet-stream",
        "Date": "Fri, 16 Sep 2022 15:38:10 GMT",
        "ETag": "\u00220x8DA96C8560C1979\u0022",
        "Last-Modified": "Thu, 15 Sep 2022 03:14:00 GMT",
        "Server": [
          "Windows-Azure-Blob/1.0",
          "Microsoft-HTTPAPI/2.0"
        ],
        "Vary": "Origin",
        "x-ms-access-tier": "Hot",
        "x-ms-access-tier-inferred": "true",
        "x-ms-blob-type": "BlockBlob",
        "x-ms-creation-time": "Thu, 15 Sep 2022 03:14:00 GMT",
        "x-ms-lease-state": "available",
        "x-ms-lease-status": "unlocked",
        "x-ms-meta-name": "ac7e0240-c159-4c9c-828e-d3e8df43e80f",
        "x-ms-meta-upload_status": "completed",
        "x-ms-meta-version": "1",
        "x-ms-server-encrypted": "true",
        "x-ms-version": "2021-06-08"
      },
      "ResponseBody": null
    },
    {
      "RequestUri": "https://sagh4dshas62md4.blob.core.windows.net/azureml-blobstore-a6d5a3b8-8717-4928-b8f7-4c9f36d21085/az-ml-artifacts/00000000000000000000000000000000/COMPONENT_PLACEHOLDER",
      "RequestMethod": "HEAD",
      "RequestHeaders": {
        "Accept": "application/xml",
        "Accept-Encoding": "gzip, deflate",
        "Connection": "keep-alive",
        "User-Agent": "azsdk-python-storage-blob/12.12.0 Python/3.8.6 (Windows-10-10.0.22000-SP0)",
        "x-ms-date": "Fri, 16 Sep 2022 15:38:10 GMT",
        "x-ms-version": "2021-06-08"
      },
      "RequestBody": null,
      "StatusCode": 404,
      "ResponseHeaders": {
        "Date": "Fri, 16 Sep 2022 15:38:10 GMT",
        "Server": [
          "Windows-Azure-Blob/1.0",
          "Microsoft-HTTPAPI/2.0"
        ],
        "Transfer-Encoding": "chunked",
        "Vary": "Origin",
        "x-ms-error-code": "BlobNotFound",
        "x-ms-version": "2021-06-08"
      },
      "ResponseBody": null
    },
    {
      "RequestUri": "https://management.azure.com/subscriptions/00000000-0000-0000-0000-000000000/resourceGroups/00000/providers/Microsoft.MachineLearningServices/workspaces/00000/codes/ac7e0240-c159-4c9c-828e-d3e8df43e80f/versions/1?api-version=2022-05-01",
      "RequestMethod": "PUT",
      "RequestHeaders": {
        "Accept": "application/json",
        "Accept-Encoding": "gzip, deflate",
        "Connection": "keep-alive",
        "Content-Length": "343",
        "Content-Type": "application/json",
        "User-Agent": "azure-ai-ml/0.0.139 azsdk-python-mgmt-machinelearningservices/0.1.0 Python/3.8.6 (Windows-10-10.0.22000-SP0)"
      },
      "RequestBody": {
        "properties": {
          "properties": {
            "hash_sha256": "6807f9c9ee9f726461628977454eb1ba222ad5d03ee26d356e0a29c46fab14b0",
            "hash_version": "202208"
          },
          "isAnonymous": true,
          "isArchived": false,
          "codeUri": "https://sagh4dshas62md4.blob.core.windows.net/azureml-blobstore-a6d5a3b8-8717-4928-b8f7-4c9f36d21085/LocalUpload/00000000000000000000000000000000"
        }
      },
      "StatusCode": 200,
      "ResponseHeaders": {
        "Cache-Control": "no-cache",
        "Content-Encoding": "gzip",
        "Content-Type": "application/json; charset=utf-8",
        "Date": "Fri, 16 Sep 2022 15:38:12 GMT",
        "Expires": "-1",
        "Pragma": "no-cache",
        "Request-Context": "appId=cid-v1:17d65b70-e9ce-4ed5-9347-1f660ec782e9",
        "Server-Timing": "traceparent;desc=\u002200-fc8385fc5fc8cab6279c6ebfc96e46f9-79a96c977c99ce40-01\u0022",
        "Strict-Transport-Security": "max-age=31536000; includeSubDomains",
        "Transfer-Encoding": "chunked",
        "Vary": [
          "Accept-Encoding",
          "Accept-Encoding"
        ],
        "x-aml-cluster": "vienna-eastus2euap-01",
        "X-Content-Type-Options": "nosniff",
        "x-ms-correlation-request-id": "80cac7a7-df3b-42a8-a735-682b284a57e7",
        "x-ms-ratelimit-remaining-subscription-writes": "1160",
        "x-ms-response-type": "standard",
        "x-ms-routing-request-id": "CANADACENTRAL:20220916T153812Z:80cac7a7-df3b-42a8-a735-682b284a57e7",
        "x-request-time": "0.060"
      },
      "ResponseBody": {
        "id": "/subscriptions/00000000-0000-0000-0000-000000000/resourceGroups/00000/providers/Microsoft.MachineLearningServices/workspaces/00000/codes/ac7e0240-c159-4c9c-828e-d3e8df43e80f/versions/1",
        "name": "1",
        "type": "Microsoft.MachineLearningServices/workspaces/codes/versions",
        "properties": {
          "description": null,
          "tags": {},
          "properties": {
            "hash_sha256": "6807f9c9ee9f726461628977454eb1ba222ad5d03ee26d356e0a29c46fab14b0",
            "hash_version": "202208"
          },
          "isArchived": false,
          "isAnonymous": false,
          "codeUri": "https://sagh4dshas62md4.blob.core.windows.net/azureml-blobstore-a6d5a3b8-8717-4928-b8f7-4c9f36d21085/LocalUpload/00000000000000000000000000000000"
        },
        "systemData": {
          "createdAt": "2022-09-15T03:14:01.4315202\u002B00:00",
          "createdBy": "10832f61-6ea1-44eb-9622-85f30271eec4",
          "createdByType": "Application",
          "lastModifiedAt": "2022-09-16T15:38:12.9253076\u002B00:00",
          "lastModifiedBy": "Neehar Duvvuri",
          "lastModifiedByType": "User"
        }
      }
    },
    {
      "RequestUri": "https://management.azure.com/subscriptions/00000000-0000-0000-0000-000000000/resourceGroups/00000/providers/Microsoft.MachineLearningServices/workspaces/00000/components/test_392802108191?api-version=2022-05-01",
      "RequestMethod": "GET",
      "RequestHeaders": {
        "Accept": "application/json",
        "Accept-Encoding": "gzip, deflate",
        "Connection": "keep-alive",
        "User-Agent": "azure-ai-ml/0.0.139 azsdk-python-mgmt-machinelearningservices/0.1.0 Python/3.8.6 (Windows-10-10.0.22000-SP0)"
      },
      "RequestBody": null,
      "StatusCode": 404,
      "ResponseHeaders": {
        "Cache-Control": "no-cache",
        "Content-Length": "1076",
        "Content-Type": "application/json; charset=utf-8",
        "Date": "Fri, 16 Sep 2022 15:38:12 GMT",
        "Expires": "-1",
        "Pragma": "no-cache",
        "Request-Context": "appId=cid-v1:17d65b70-e9ce-4ed5-9347-1f660ec782e9",
        "Strict-Transport-Security": "max-age=31536000; includeSubDomains",
        "Vary": "Accept-Encoding",
        "x-aml-cluster": "vienna-eastus2euap-01",
        "X-Content-Type-Options": "nosniff",
        "x-ms-correlation-request-id": "5525b214-bf24-4609-89e6-38af8c1fe692",
        "x-ms-ratelimit-remaining-subscription-reads": "11976",
        "x-ms-response-type": "error",
        "x-ms-routing-request-id": "CANADACENTRAL:20220916T153813Z:5525b214-bf24-4609-89e6-38af8c1fe692",
        "x-request-time": "0.129"
      },
      "ResponseBody": {
        "error": {
          "code": "UserError",
          "message": "Not found component test_392802108191.",
          "details": [],
          "additionalInfo": [
            {
              "type": "ComponentName",
              "info": {
                "value": "managementfrontend"
              }
            },
            {
              "type": "Correlation",
              "info": {
                "value": {
                  "operation": "e45c5ab5ad7c4f1d182aac8bb4b0bc95",
                  "request": "1549a211a1a04a7e"
                }
              }
            },
            {
              "type": "Environment",
              "info": {
                "value": "eastus2euap"
              }
            },
            {
              "type": "Location",
              "info": {
                "value": "eastus2euap"
              }
            },
            {
              "type": "Time",
              "info": {
                "value": "2022-09-16T15:38:13.184136\u002B00:00"
              }
            },
            {
              "type": "InnerError",
              "info": {
                "value": {
                  "code": "NotFound",
                  "innerError": {
                    "code": "ComponentNotFound",
                    "innerError": null
                  }
                }
              }
            }
          ]
        }
      }
    },
    {
      "RequestUri": "https://management.azure.com/subscriptions/00000000-0000-0000-0000-000000000/resourceGroups/00000/providers/Microsoft.MachineLearningServices/workspaces/00000/components/test_392802108191/versions/1?api-version=2022-05-01",
      "RequestMethod": "PUT",
      "RequestHeaders": {
        "Accept": "application/json",
        "Accept-Encoding": "gzip, deflate",
        "Connection": "keep-alive",
        "Content-Length": "1355",
        "Content-Type": "application/json",
        "User-Agent": "azure-ai-ml/0.0.139 azsdk-python-mgmt-machinelearningservices/0.1.0 Python/3.8.6 (Windows-10-10.0.22000-SP0)"
      },
      "RequestBody": {
        "properties": {
          "description": "This is the mpi command component",
          "properties": {},
          "tags": {
            "tag": "tagvalue",
            "owner": "sdkteam"
          },
          "isAnonymous": false,
          "isArchived": false,
          "componentSpec": {
            "command": "echo Hello World \u0026 echo ${{inputs.component_in_number}} \u0026 echo ${{inputs.component_in_path}} \u0026 echo ${{outputs.component_out_path}}",
            "code": "azureml:/subscriptions/00000000-0000-0000-0000-000000000/resourceGroups/00000/providers/Microsoft.MachineLearningServices/workspaces/00000/codes/ac7e0240-c159-4c9c-828e-d3e8df43e80f/versions/1",
            "environment": "azureml:/subscriptions/00000000-0000-0000-0000-000000000/resourceGroups/00000/providers/Microsoft.MachineLearningServices/workspaces/00000/environments/AzureML-sklearn-0.24-ubuntu18.04-py37-cpu/versions/1",
            "resources": {
              "instance_count": 2,
              "properties": {}
            },
            "distribution": {
              "type": "mpi",
              "process_count_per_instance": 1
            },
            "name": "test_392802108191",
            "description": "This is the mpi command component",
            "tags": {
              "tag": "tagvalue",
              "owner": "sdkteam"
            },
            "display_name": "CommandComponentMpi",
            "is_deterministic": true,
            "inputs": {
              "component_in_number": {
                "type": "number",
                "default": "10.99",
                "description": "A number"
              },
              "component_in_path": {
                "type": "uri_folder",
                "description": "A path"
              }
            },
            "outputs": {
              "component_out_path": {
                "type": "uri_folder"
              }
            },
            "type": "command",
            "_source": "CLASS"
          }
        }
      },
      "StatusCode": 201,
      "ResponseHeaders": {
        "Cache-Control": "no-cache",
        "Content-Length": "2340",
        "Content-Type": "application/json; charset=utf-8",
        "Date": "Fri, 16 Sep 2022 15:38:13 GMT",
        "Expires": "-1",
        "Location": "https://management.azure.com/subscriptions/00000000-0000-0000-0000-000000000/resourceGroups/00000/providers/Microsoft.MachineLearningServices/workspaces/00000/components/test_392802108191/versions/1?api-version=2022-05-01",
        "Pragma": "no-cache",
        "Request-Context": "appId=cid-v1:17d65b70-e9ce-4ed5-9347-1f660ec782e9",
        "Server-Timing": "traceparent;desc=\u002200-a81285d5af73285e18da3b85946c7556-987587727655a96e-01\u0022",
        "Strict-Transport-Security": "max-age=31536000; includeSubDomains",
        "x-aml-cluster": "vienna-eastus2euap-01",
        "X-Content-Type-Options": "nosniff",
        "x-ms-correlation-request-id": "82980f39-5271-401d-a3fe-6a7195b5d3b3",
        "x-ms-ratelimit-remaining-subscription-writes": "1159",
        "x-ms-response-type": "standard",
        "x-ms-routing-request-id": "CANADACENTRAL:20220916T153814Z:82980f39-5271-401d-a3fe-6a7195b5d3b3",
        "x-request-time": "0.853"
      },
      "ResponseBody": {
        "id": "/subscriptions/00000000-0000-0000-0000-000000000/resourceGroups/00000/providers/Microsoft.MachineLearningServices/workspaces/00000/components/test_392802108191/versions/1",
        "name": "1",
        "type": "Microsoft.MachineLearningServices/workspaces/components/versions",
        "properties": {
          "description": null,
          "tags": {
            "tag": "tagvalue",
            "owner": "sdkteam"
          },
          "properties": {},
          "isArchived": false,
          "isAnonymous": false,
          "componentSpec": {
            "name": "test_392802108191",
            "version": "1",
            "display_name": "CommandComponentMpi",
            "is_deterministic": "True",
            "type": "command",
            "description": "This is the mpi command component",
            "tags": {
              "tag": "tagvalue",
              "owner": "sdkteam"
            },
            "inputs": {
              "component_in_path": {
                "type": "uri_folder",
                "optional": "False",
                "description": "A path"
              },
              "component_in_number": {
                "type": "number",
                "optional": "False",
                "default": "10.99",
                "description": "A number"
              }
            },
            "outputs": {
              "component_out_path": {
                "type": "uri_folder"
              }
            },
            "code": "azureml:/subscriptions/00000000-0000-0000-0000-000000000/resourceGroups/00000/providers/Microsoft.MachineLearningServices/workspaces/00000/codes/ac7e0240-c159-4c9c-828e-d3e8df43e80f/versions/1",
            "environment": "azureml:/subscriptions/00000000-0000-0000-0000-000000000/resourceGroups/00000/providers/Microsoft.MachineLearningServices/workspaces/00000/environments/AzureML-sklearn-0.24-ubuntu18.04-py37-cpu/versions/1",
            "resources": {
              "instance_count": "2"
            },
            "distribution": {
              "process_count_per_instance": "1",
              "type": "Mpi"
            },
            "command": "echo Hello World \u0026 echo ${{inputs.component_in_number}} \u0026 echo ${{inputs.component_in_path}} \u0026 echo ${{outputs.component_out_path}}",
            "$schema": "https://componentsdk.azureedge.net/jsonschema/CommandComponent.json"
          }
        },
        "systemData": {
          "createdAt": "2022-09-16T15:38:13.7429644\u002B00:00",
          "createdBy": "Neehar Duvvuri",
          "createdByType": "User",
          "lastModifiedAt": "2022-09-16T15:38:14.0144903\u002B00:00",
          "lastModifiedBy": "Neehar Duvvuri",
          "lastModifiedByType": "User"
        }
      }
    }
  ],
  "Variables": {
    "component_name": "test_748453752990",
    "new_name": "test_392802108191"
  }
}
