{
  "Entries": [
    {
      "RequestUri": "https://eastus.api.azureml.ms/registrymanagement/v1.0/registries/testFeed/discovery",
      "RequestMethod": "GET",
      "RequestHeaders": {
        "Accept": "application/json, text/json",
        "Accept-Encoding": "gzip, deflate",
        "Connection": "keep-alive",
        "User-Agent": "azure-ai-ml/0.0.139 azsdk-python-mgmt-machinelearningservices/0.1.0 Python/3.8.6 (Windows-10-10.0.22000-SP0)"
      },
      "RequestBody": null,
      "StatusCode": 200,
      "ResponseHeaders": {
        "Connection": "keep-alive",
        "Content-Encoding": "gzip",
        "Content-Type": "application/json; charset=utf-8",
        "Date": "Wed, 14 Sep 2022 19:07:28 GMT",
        "Request-Context": "appId=cid-v1:2d2e8e63-272e-4b3c-8598-4ee570a0e70d",
        "Strict-Transport-Security": "max-age=15724800; includeSubDomains; preload",
        "Transfer-Encoding": "chunked",
        "Vary": "Accept-Encoding",
        "x-aml-cluster": "vienna-eastus-02",
        "X-Content-Type-Options": "nosniff",
        "x-ms-response-type": "standard",
        "x-request-time": "0.283"
      },
      "ResponseBody": {
        "registryId": "3b513a6b-f110-4e7f-9ce3-472b5aa28170",
        "registryName": "testFeed",
        "tenantId": "72f988bf-86f1-41af-91ab-2d7cd011db47",
        "primaryRegion": "centraluseuap",
        "regions": [
          "centraluseuap"
        ],
        "subscriptionId": "4f26493f-21d2-4726-92ea-1ddd550b1d27",
        "resourceGroup": "test-registries",
        "workspaceName": null,
        "primaryRegionResourceProviderUri": "https://cert-master.experiments.azureml-test.net/",
        "registryFqdns": {
          "centraluseuap": {
            "uri": "https://3b513a6b-f110-4e7f-9ce3-472b5aa28170.registry.master.api.azureml-test.ms"
          }
        }
      }
    },
    {
      "RequestUri": "https://management.azure.com/subscriptions/00000000-0000-0000-0000-000000000/resourceGroups/00000/providers/Microsoft.MachineLearningServices/workspaces/00000/components/test_847638961994/versions/1.0?api-version=2022-05-01",
      "RequestMethod": "PUT",
      "RequestHeaders": {
        "Accept": "application/json",
        "Accept-Encoding": "gzip, deflate",
        "Connection": "keep-alive",
        "Content-Length": "598",
        "Content-Type": "application/json",
        "User-Agent": "azure-ai-ml/0.0.139 azsdk-python-mgmt-machinelearningservices/0.1.0 Python/3.8.6 (Windows-10-10.0.22000-SP0)"
      },
      "RequestBody": {
        "properties": {
          "description": "Component that executes an AutoML Classification task model training in a pipeline.",
          "properties": {},
          "tags": {},
          "isAnonymous": false,
          "isArchived": false,
          "componentSpec": {
            "name": "test_847638961994",
            "description": "Component that executes an AutoML Classification task model training in a pipeline.",
            "tags": {},
            "version": "1.0",
            "$schema": "http://azureml/sdk-2-0/AutoMLComponent.json",
            "display_name": "AutoML Classification",
            "is_deterministic": true,
            "inputs": {},
            "outputs": {},
            "type": "automl",
            "task": "classification",
            "_source": "YAML.COMPONENT"
          }
        }
      },
      "StatusCode": 201,
      "ResponseHeaders": {
        "Cache-Control": "no-cache",
        "Content-Length": "1053",
        "Content-Type": "application/json; charset=utf-8",
        "Date": "Wed, 14 Sep 2022 19:07:31 GMT",
        "Expires": "-1",
        "Location": "https://management.azure.com/subscriptions/00000000-0000-0000-0000-000000000/resourceGroups/00000/providers/Microsoft.MachineLearningServices/workspaces/00000/components/test_847638961994/versions/1.0?api-version=2022-05-01",
        "Pragma": "no-cache",
        "Request-Context": "appId=cid-v1:17d65b70-e9ce-4ed5-9347-1f660ec782e9",
        "Server-Timing": "traceparent;desc=\u002200-e394f1f09b74f40708e1b12ec5bde3d7-1f21644296cdd929-01\u0022",
        "Strict-Transport-Security": "max-age=31536000; includeSubDomains",
        "x-aml-cluster": "vienna-eastus2euap-01",
        "X-Content-Type-Options": "nosniff",
        "x-ms-correlation-request-id": "a6d1d31c-95e5-4581-9efb-fcd6415fa70f",
        "x-ms-ratelimit-remaining-subscription-writes": "1191",
        "x-ms-response-type": "standard",
        "x-ms-routing-request-id": "CANADACENTRAL:20220914T190732Z:a6d1d31c-95e5-4581-9efb-fcd6415fa70f",
        "x-request-time": "0.635"
      },
      "ResponseBody": {
        "id": "/subscriptions/00000000-0000-0000-0000-000000000/resourceGroups/00000/providers/Microsoft.MachineLearningServices/workspaces/00000/components/test_847638961994/versions/1.0",
        "name": "1.0",
        "type": "Microsoft.MachineLearningServices/workspaces/components/versions",
        "properties": {
          "description": null,
          "tags": {},
          "properties": {},
          "isArchived": false,
          "isAnonymous": false,
          "componentSpec": {
            "name": "test_847638961994",
            "version": "1.0",
            "display_name": "AutoML Classification",
            "type": "automl",
            "description": "Component that executes an AutoML Classification task model training in a pipeline.",
            "task": "classification",
            "$schema": "http://azureml/sdk-2-0/AutoMLComponent.json"
          }
        },
        "systemData": {
          "createdAt": "2022-09-14T19:07:31.8754777\u002B00:00",
          "createdBy": "Neehar Duvvuri",
          "createdByType": "User",
          "lastModifiedAt": "2022-09-14T19:07:32.0915002\u002B00:00",
          "lastModifiedBy": "Neehar Duvvuri",
          "lastModifiedByType": "User"
        }
      }
    },
    {
      "RequestUri": "https://management.azure.com/subscriptions/00000000-0000-0000-0000-000000000/resourceGroups/00000/providers/Microsoft.MachineLearningServices/workspaces/00000/components/test_847638961994/versions/1.0?api-version=2022-05-01",
      "RequestMethod": "GET",
      "RequestHeaders": {
        "Accept": "application/json",
        "Accept-Encoding": "gzip, deflate",
        "Connection": "keep-alive",
        "User-Agent": "azure-ai-ml/0.0.139 azsdk-python-mgmt-machinelearningservices/0.1.0 Python/3.8.6 (Windows-10-10.0.22000-SP0)"
      },
      "RequestBody": null,
      "StatusCode": 200,
      "ResponseHeaders": {
        "Cache-Control": "no-cache",
        "Content-Encoding": "gzip",
        "Content-Type": "application/json; charset=utf-8",
        "Date": "Wed, 14 Sep 2022 19:07:31 GMT",
        "Expires": "-1",
        "Pragma": "no-cache",
        "Request-Context": "appId=cid-v1:17d65b70-e9ce-4ed5-9347-1f660ec782e9",
        "Server-Timing": "traceparent;desc=\u002200-9bb5b34f37dc8e76b9f134badb538a37-841dfb0262e06702-01\u0022",
        "Strict-Transport-Security": "max-age=31536000; includeSubDomains",
        "Transfer-Encoding": "chunked",
        "Vary": [
          "Accept-Encoding",
          "Accept-Encoding"
        ],
        "x-aml-cluster": "vienna-eastus2euap-01",
        "X-Content-Type-Options": "nosniff",
        "x-ms-correlation-request-id": "5bd69971-7068-4197-be1b-eed3eac2101d",
        "x-ms-ratelimit-remaining-subscription-reads": "11993",
        "x-ms-response-type": "standard",
        "x-ms-routing-request-id": "CANADACENTRAL:20220914T190732Z:5bd69971-7068-4197-be1b-eed3eac2101d",
        "x-request-time": "0.133"
      },
      "ResponseBody": {
        "id": "/subscriptions/00000000-0000-0000-0000-000000000/resourceGroups/00000/providers/Microsoft.MachineLearningServices/workspaces/00000/components/test_847638961994/versions/1.0",
        "name": "1.0",
        "type": "Microsoft.MachineLearningServices/workspaces/components/versions",
        "properties": {
          "description": null,
          "tags": {},
          "properties": {},
          "isArchived": false,
          "isAnonymous": false,
          "componentSpec": {
            "name": "test_847638961994",
            "version": "1.0",
            "display_name": "AutoML Classification",
            "type": "automl",
            "description": "Component that executes an AutoML Classification task model training in a pipeline.",
            "task": "classification",
            "$schema": "http://azureml/sdk-2-0/AutoMLComponent.json"
          }
        },
        "systemData": {
          "createdAt": "2022-09-14T19:07:31.8754777\u002B00:00",
          "createdBy": "Neehar Duvvuri",
          "createdByType": "User",
          "lastModifiedAt": "2022-09-14T19:07:32.0915002\u002B00:00",
          "lastModifiedBy": "Neehar Duvvuri",
          "lastModifiedByType": "User"
        }
      }
    },
    {
      "RequestUri": "https://management.azure.com/subscriptions/00000000-0000-0000-0000-000000000/resourceGroups/00000/providers/Microsoft.MachineLearningServices/workspaces/00000/components/test_847638961994/versions/2?api-version=2022-05-01",
      "RequestMethod": "PUT",
      "RequestHeaders": {
        "Accept": "application/json",
        "Accept-Encoding": "gzip, deflate",
        "Connection": "keep-alive",
        "Content-Length": "596",
        "Content-Type": "application/json",
        "User-Agent": "azure-ai-ml/0.0.139 azsdk-python-mgmt-machinelearningservices/0.1.0 Python/3.8.6 (Windows-10-10.0.22000-SP0)"
      },
      "RequestBody": {
        "properties": {
          "description": "Component that executes an AutoML Classification task model training in a pipeline.",
          "properties": {},
          "tags": {},
          "isAnonymous": false,
          "isArchived": false,
          "componentSpec": {
            "name": "test_847638961994",
            "description": "Component that executes an AutoML Classification task model training in a pipeline.",
            "tags": {},
            "version": "2",
            "$schema": "http://azureml/sdk-2-0/AutoMLComponent.json",
            "display_name": "AutoML Classification",
            "is_deterministic": true,
            "inputs": {},
            "outputs": {},
            "type": "automl",
            "task": "classification",
            "_source": "YAML.COMPONENT"
          }
        }
      },
      "StatusCode": 201,
      "ResponseHeaders": {
        "Cache-Control": "no-cache",
        "Content-Length": "1047",
        "Content-Type": "application/json; charset=utf-8",
        "Date": "Wed, 14 Sep 2022 19:07:32 GMT",
        "Expires": "-1",
        "Location": "https://management.azure.com/subscriptions/00000000-0000-0000-0000-000000000/resourceGroups/00000/providers/Microsoft.MachineLearningServices/workspaces/00000/components/test_847638961994/versions/2?api-version=2022-05-01",
        "Pragma": "no-cache",
        "Request-Context": "appId=cid-v1:17d65b70-e9ce-4ed5-9347-1f660ec782e9",
        "Server-Timing": "traceparent;desc=\u002200-0f54d7a3d0bcd3b58b95cea9d056ea27-d34c3d2a2200df66-01\u0022",
        "Strict-Transport-Security": "max-age=31536000; includeSubDomains",
        "x-aml-cluster": "vienna-eastus2euap-01",
        "X-Content-Type-Options": "nosniff",
        "x-ms-correlation-request-id": "71739dd8-0b56-4db0-b48c-459d1d1c09bf",
        "x-ms-ratelimit-remaining-subscription-writes": "1190",
        "x-ms-response-type": "standard",
        "x-ms-routing-request-id": "CANADACENTRAL:20220914T190733Z:71739dd8-0b56-4db0-b48c-459d1d1c09bf",
        "x-request-time": "0.659"
      },
      "ResponseBody": {
        "id": "/subscriptions/00000000-0000-0000-0000-000000000/resourceGroups/00000/providers/Microsoft.MachineLearningServices/workspaces/00000/components/test_847638961994/versions/2",
        "name": "2",
        "type": "Microsoft.MachineLearningServices/workspaces/components/versions",
        "properties": {
          "description": null,
          "tags": {},
          "properties": {},
          "isArchived": false,
          "isAnonymous": false,
          "componentSpec": {
            "name": "test_847638961994",
            "version": "2",
            "display_name": "AutoML Classification",
            "type": "automl",
            "description": "Component that executes an AutoML Classification task model training in a pipeline.",
            "task": "classification",
            "$schema": "http://azureml/sdk-2-0/AutoMLComponent.json"
          }
        },
        "systemData": {
          "createdAt": "2022-09-14T19:07:32.8674031\u002B00:00",
          "createdBy": "Neehar Duvvuri",
          "createdByType": "User",
          "lastModifiedAt": "2022-09-14T19:07:33.1203741\u002B00:00",
          "lastModifiedBy": "Neehar Duvvuri",
          "lastModifiedByType": "User"
        }
      }
    },
    {
      "RequestUri": "https://cert-master.experiments.azureml-test.net/mferp/managementfrontend/subscriptions/00000000-0000-0000-0000-000000000/resourceGroups/00000/providers/Microsoft.MachineLearningServices/registries/testFeed/components/test_658353216065/versions/1.0?api-version=2021-10-01-dataplanepreview",
      "RequestMethod": "PUT",
      "RequestHeaders": {
        "Accept": "application/json",
        "Accept-Encoding": "gzip, deflate",
        "Connection": "keep-alive",
        "Content-Length": "598",
        "Content-Type": "application/json",
        "User-Agent": "azure-ai-ml/0.0.139 azsdk-python-mgmt-machinelearningservices/0.1.0 Python/3.8.6 (Windows-10-10.0.22000-SP0)"
      },
      "RequestBody": {
        "properties": {
          "description": "Component that executes an AutoML Classification task model training in a pipeline.",
          "properties": {},
          "tags": {},
          "isAnonymous": false,
          "isArchived": false,
          "componentSpec": {
            "name": "test_658353216065",
            "description": "Component that executes an AutoML Classification task model training in a pipeline.",
            "tags": {},
            "version": "1.0",
            "$schema": "http://azureml/sdk-2-0/AutoMLComponent.json",
            "display_name": "AutoML Classification",
            "is_deterministic": true,
            "inputs": {},
            "outputs": {},
            "type": "automl",
            "task": "classification",
            "_source": "YAML.COMPONENT"
          }
        }
      },
      "StatusCode": 202,
      "ResponseHeaders": {
        "Connection": "keep-alive",
        "Content-Length": "4",
        "Content-Type": "application/json; charset=utf-8",
        "Date": "Wed, 14 Sep 2022 19:07:39 GMT",
        "Location": "https://master.api.azureml-test.ms/assetstore/v1.0/operations/sZesoX3wW2O_773j_Aer8aYyKQhPEO3LhrfF5CksQKg",
        "Request-Context": "appId=cid-v1:512cc15a-13b5-415b-bfd0-dce7accb6bb1",
        "Strict-Transport-Security": "max-age=15724800; includeSubDomains; preload",
        "x-aml-cluster": "vienna-test-westus2-01",
        "X-Content-Type-Options": "nosniff",
        "x-ms-async-operation-timeout": "PT1H",
        "x-ms-response-type": "standard",
        "x-request-time": "4.309"
      },
      "ResponseBody": "null"
    },
    {
      "RequestUri": "https://master.api.azureml-test.ms/assetstore/v1.0/operations/sZesoX3wW2O_773j_Aer8aYyKQhPEO3LhrfF5CksQKg",
      "RequestMethod": "GET",
      "RequestHeaders": {
        "Accept": "*/*",
        "Accept-Encoding": "gzip, deflate",
        "Connection": "keep-alive",
        "User-Agent": "azure-ai-ml/0.0.139 azsdk-python-mgmt-machinelearningservices/0.1.0 Python/3.8.6 (Windows-10-10.0.22000-SP0)"
      },
      "RequestBody": null,
      "StatusCode": 200,
      "ResponseHeaders": {
        "Connection": "keep-alive",
        "Content-Length": "90",
        "Content-Type": "application/json; charset=utf-8",
        "Date": "Wed, 14 Sep 2022 19:07:44 GMT",
        "Request-Context": "appId=cid-v1:512cc15a-13b5-415b-bfd0-dce7accb6bb1",
        "Strict-Transport-Security": "max-age=15724800; includeSubDomains; preload",
        "x-aml-cluster": "vienna-test-westus2-02",
        "X-Content-Type-Options": "nosniff",
        "x-ms-response-type": "standard",
        "x-request-time": "0.029"
      },
      "ResponseBody": {
        "assetId": "azureml://registries/testFeed/components/test_658353216065/versions/1.0"
      }
    },
    {
      "RequestUri": "https://cert-master.experiments.azureml-test.net/mferp/managementfrontend/subscriptions/00000000-0000-0000-0000-000000000/resourceGroups/00000/providers/Microsoft.MachineLearningServices/registries/testFeed/components/test_658353216065/versions/1.0?api-version=2021-10-01-dataplanepreview",
      "RequestMethod": "GET",
      "RequestHeaders": {
        "Accept": "application/json",
        "Accept-Encoding": "gzip, deflate",
        "Connection": "keep-alive",
        "User-Agent": "azure-ai-ml/0.0.139 azsdk-python-mgmt-machinelearningservices/0.1.0 Python/3.8.6 (Windows-10-10.0.22000-SP0)"
      },
      "RequestBody": null,
      "StatusCode": 200,
      "ResponseHeaders": {
        "Connection": "keep-alive",
        "Content-Encoding": "gzip",
        "Content-Type": "application/json; charset=utf-8",
        "Date": "Wed, 14 Sep 2022 19:07:45 GMT",
        "Request-Context": "appId=cid-v1:512cc15a-13b5-415b-bfd0-dce7accb6bb1",
        "Server-Timing": "traceparent;desc=\u002200-5ab018e3ecbd029c7aacd12db42f4418-e77ecc09b767ee1c-00\u0022",
        "Strict-Transport-Security": "max-age=15724800; includeSubDomains; preload",
        "Transfer-Encoding": "chunked",
        "Vary": "Accept-Encoding",
        "x-aml-cluster": "vienna-test-westus2-01",
        "X-Content-Type-Options": [
          "nosniff",
          "nosniff"
        ],
        "x-ms-response-type": "standard",
        "x-request-time": "0.788"
      },
      "ResponseBody": {
        "id": "azureml://registries/testFeed/components/test_658353216065/versions/1.0",
        "name": "1.0",
        "properties": {
          "description": null,
          "tags": {},
          "properties": {},
          "isArchived": false,
          "isAnonymous": false,
          "componentSpec": {
            "name": "test_658353216065",
            "version": "1.0",
            "display_name": "AutoML Classification",
            "type": "automl",
            "description": "Component that executes an AutoML Classification task model training in a pipeline.",
            "task": "classification",
            "$schema": "http://azureml/sdk-2-0/AutoMLComponent.json"
          }
        },
        "systemData": {
          "createdAt": "2022-09-14T19:07:36.8343898\u002B00:00",
          "createdBy": "Neehar Duvvuri",
          "createdByType": "User",
          "lastModifiedAt": "2022-09-14T19:07:36.8343899\u002B00:00",
          "lastModifiedBy": "Neehar Duvvuri",
          "lastModifiedByType": "User"
        }
      }
    },
    {
      "RequestUri": "https://cert-master.experiments.azureml-test.net/mferp/managementfrontend/subscriptions/00000000-0000-0000-0000-000000000/resourceGroups/00000/providers/Microsoft.MachineLearningServices/registries/testFeed/components/test_658353216065/versions/1.0?api-version=2021-10-01-dataplanepreview",
      "RequestMethod": "GET",
      "RequestHeaders": {
        "Accept": "application/json",
        "Accept-Encoding": "gzip, deflate",
        "Connection": "keep-alive",
        "User-Agent": "azure-ai-ml/0.0.139 azsdk-python-mgmt-machinelearningservices/0.1.0 Python/3.8.6 (Windows-10-10.0.22000-SP0)"
      },
      "RequestBody": null,
      "StatusCode": 200,
      "ResponseHeaders": {
        "Connection": "keep-alive",
        "Content-Encoding": "gzip",
        "Content-Type": "application/json; charset=utf-8",
        "Date": "Wed, 14 Sep 2022 19:07:46 GMT",
        "Request-Context": "appId=cid-v1:512cc15a-13b5-415b-bfd0-dce7accb6bb1",
        "Server-Timing": "traceparent;desc=\u002200-4508bc686ebb98166a9d4090d2c00ebb-f2bc5e1098ba5849-00\u0022",
        "Strict-Transport-Security": "max-age=15724800; includeSubDomains; preload",
        "Transfer-Encoding": "chunked",
        "Vary": "Accept-Encoding",
        "x-aml-cluster": "vienna-test-westus2-01",
        "X-Content-Type-Options": [
          "nosniff",
          "nosniff"
        ],
        "x-ms-response-type": "standard",
        "x-request-time": "1.191"
      },
      "ResponseBody": {
        "id": "azureml://registries/testFeed/components/test_658353216065/versions/1.0",
        "name": "1.0",
        "properties": {
          "description": null,
          "tags": {},
          "properties": {},
          "isArchived": false,
          "isAnonymous": false,
          "componentSpec": {
            "name": "test_658353216065",
            "version": "1.0",
            "display_name": "AutoML Classification",
            "type": "automl",
            "description": "Component that executes an AutoML Classification task model training in a pipeline.",
            "task": "classification",
            "$schema": "http://azureml/sdk-2-0/AutoMLComponent.json"
          }
        },
        "systemData": {
          "createdAt": "2022-09-14T19:07:36.8343898\u002B00:00",
          "createdBy": "Neehar Duvvuri",
          "createdByType": "User",
          "lastModifiedAt": "2022-09-14T19:07:36.8343899\u002B00:00",
          "lastModifiedBy": "Neehar Duvvuri",
          "lastModifiedByType": "User"
        }
      }
    },
    {
      "RequestUri": "https://cert-master.experiments.azureml-test.net/mferp/managementfrontend/subscriptions/00000000-0000-0000-0000-000000000/resourceGroups/00000/providers/Microsoft.MachineLearningServices/registries/testFeed/components/test_658353216065/versions/2?api-version=2021-10-01-dataplanepreview",
      "RequestMethod": "PUT",
      "RequestHeaders": {
        "Accept": "application/json",
        "Accept-Encoding": "gzip, deflate",
        "Connection": "keep-alive",
        "Content-Length": "596",
        "Content-Type": "application/json",
        "User-Agent": "azure-ai-ml/0.0.139 azsdk-python-mgmt-machinelearningservices/0.1.0 Python/3.8.6 (Windows-10-10.0.22000-SP0)"
      },
      "RequestBody": {
        "properties": {
          "description": "Component that executes an AutoML Classification task model training in a pipeline.",
          "properties": {},
          "tags": {},
          "isAnonymous": false,
          "isArchived": false,
          "componentSpec": {
            "name": "test_658353216065",
            "description": "Component that executes an AutoML Classification task model training in a pipeline.",
            "tags": {},
            "version": "2",
            "$schema": "http://azureml/sdk-2-0/AutoMLComponent.json",
            "display_name": "AutoML Classification",
            "is_deterministic": true,
            "inputs": {},
            "outputs": {},
            "type": "automl",
            "task": "classification",
            "_source": "YAML.COMPONENT"
          }
        }
      },
      "StatusCode": 202,
      "ResponseHeaders": {
        "Connection": "keep-alive",
        "Content-Length": "4",
        "Content-Type": "application/json; charset=utf-8",
        "Date": "Wed, 14 Sep 2022 19:07:50 GMT",
        "Location": "https://master.api.azureml-test.ms/assetstore/v1.0/operations/UxkBnmeu0ceNN6Au2a_a4_e_QBUKzqoshZ2NcPjy9D0",
        "Request-Context": "appId=cid-v1:512cc15a-13b5-415b-bfd0-dce7accb6bb1",
        "Strict-Transport-Security": "max-age=15724800; includeSubDomains; preload",
        "x-aml-cluster": "vienna-test-westus2-01",
        "X-Content-Type-Options": "nosniff",
        "x-ms-async-operation-timeout": "PT1H",
        "x-ms-response-type": "standard",
        "x-request-time": "3.321"
      },
      "ResponseBody": "null"
    },
    {
      "RequestUri": "https://master.api.azureml-test.ms/assetstore/v1.0/operations/UxkBnmeu0ceNN6Au2a_a4_e_QBUKzqoshZ2NcPjy9D0",
      "RequestMethod": "GET",
      "RequestHeaders": {
        "Accept": "*/*",
        "Accept-Encoding": "gzip, deflate",
        "Connection": "keep-alive",
        "User-Agent": "azure-ai-ml/0.0.139 azsdk-python-mgmt-machinelearningservices/0.1.0 Python/3.8.6 (Windows-10-10.0.22000-SP0)"
      },
      "RequestBody": null,
      "StatusCode": 200,
      "ResponseHeaders": {
        "Connection": "keep-alive",
        "Content-Length": "88",
        "Content-Type": "application/json; charset=utf-8",
        "Date": "Wed, 14 Sep 2022 19:07:55 GMT",
        "Request-Context": "appId=cid-v1:512cc15a-13b5-415b-bfd0-dce7accb6bb1",
        "Strict-Transport-Security": "max-age=15724800; includeSubDomains; preload",
        "x-aml-cluster": "vienna-test-westus2-02",
        "X-Content-Type-Options": "nosniff",
        "x-ms-response-type": "standard",
        "x-request-time": "0.036"
      },
      "ResponseBody": {
        "assetId": "azureml://registries/testFeed/components/test_658353216065/versions/2"
      }
    },
    {
      "RequestUri": "https://cert-master.experiments.azureml-test.net/mferp/managementfrontend/subscriptions/00000000-0000-0000-0000-000000000/resourceGroups/00000/providers/Microsoft.MachineLearningServices/registries/testFeed/components/test_658353216065/versions/2?api-version=2021-10-01-dataplanepreview",
      "RequestMethod": "GET",
      "RequestHeaders": {
        "Accept": "application/json",
        "Accept-Encoding": "gzip, deflate",
        "Connection": "keep-alive",
        "User-Agent": "azure-ai-ml/0.0.139 azsdk-python-mgmt-machinelearningservices/0.1.0 Python/3.8.6 (Windows-10-10.0.22000-SP0)"
      },
      "RequestBody": null,
      "StatusCode": 200,
      "ResponseHeaders": {
        "Connection": "keep-alive",
        "Content-Encoding": "gzip",
        "Content-Type": "application/json; charset=utf-8",
        "Date": "Wed, 14 Sep 2022 19:07:57 GMT",
        "Request-Context": "appId=cid-v1:512cc15a-13b5-415b-bfd0-dce7accb6bb1",
        "Server-Timing": "traceparent;desc=\u002200-a170095740b80ae50d10e441d8d5e274-7debb2dcda1215f9-00\u0022",
        "Strict-Transport-Security": "max-age=15724800; includeSubDomains; preload",
        "Transfer-Encoding": "chunked",
        "Vary": "Accept-Encoding",
        "x-aml-cluster": "vienna-test-westus2-01",
        "X-Content-Type-Options": [
          "nosniff",
          "nosniff"
        ],
        "x-ms-response-type": "standard",
        "x-request-time": "1.773"
      },
      "ResponseBody": {
        "id": "azureml://registries/testFeed/components/test_658353216065/versions/2",
        "name": "2",
        "properties": {
          "description": null,
          "tags": {},
          "properties": {},
          "isArchived": false,
          "isAnonymous": false,
          "componentSpec": {
            "name": "test_658353216065",
            "version": "2",
            "display_name": "AutoML Classification",
            "type": "automl",
            "description": "Component that executes an AutoML Classification task model training in a pipeline.",
            "task": "classification",
            "$schema": "http://azureml/sdk-2-0/AutoMLComponent.json"
          }
        },
        "systemData": {
          "createdAt": "2022-09-14T19:07:47.7718947\u002B00:00",
          "createdBy": "Neehar Duvvuri",
          "createdByType": "User",
          "lastModifiedAt": "2022-09-14T19:07:47.7718948\u002B00:00",
          "lastModifiedBy": "Neehar Duvvuri",
          "lastModifiedByType": "User"
        }
      }
    }
  ],
  "Variables": {
    "registry_component_name": "test_658353216065",
    "workspace_component_name": "test_847638961994"
  }
}
