{
  "Entries": [
    {
      "RequestUri": "https://management.azure.com/subscriptions/00000000-0000-0000-0000-000000000/resourceGroups/00000/providers/Microsoft.MachineLearningServices/workspaces/00000/datastores/workspaceblobstore?api-version=2022-05-01",
      "RequestMethod": "GET",
      "RequestHeaders": {
        "Accept": "application/json",
        "Accept-Encoding": "gzip, deflate",
        "Connection": "keep-alive",
        "User-Agent": "azure-ai-ml/0.1.0 azsdk-python-mgmt-machinelearningservices/0.1.0 Python/3.8.5 (Windows-10-10.0.19041-SP0)"
      },
      "RequestBody": null,
      "StatusCode": 200,
      "ResponseHeaders": {
        "Cache-Control": "no-cache",
        "Content-Encoding": "gzip",
        "Content-Type": "application/json; charset=utf-8",
        "Date": "Thu, 29 Sep 2022 20:19:37 GMT",
        "Expires": "-1",
        "Pragma": "no-cache",
        "Request-Context": "appId=cid-v1:17d65b70-e9ce-4ed5-9347-1f660ec782e9",
        "Server-Timing": "traceparent;desc=\u002200-805da07df4a0527690350f2b50b964cc-044d0df3acd4a257-01\u0022",
        "Strict-Transport-Security": "max-age=31536000; includeSubDomains",
        "Transfer-Encoding": "chunked",
        "Vary": [
          "Accept-Encoding",
          "Accept-Encoding"
        ],
        "x-aml-cluster": "vienna-eastus2euap-01",
        "X-Content-Type-Options": "nosniff",
        "x-ms-correlation-request-id": "52e54ba7-9ea3-43ad-a5a1-0fd13f39ee9d",
        "x-ms-ratelimit-remaining-subscription-reads": "11948",
        "x-ms-response-type": "standard",
        "x-ms-routing-request-id": "WESTUS2:20220929T201938Z:52e54ba7-9ea3-43ad-a5a1-0fd13f39ee9d",
        "x-request-time": "0.087"
      },
      "ResponseBody": {
        "id": "/subscriptions/00000000-0000-0000-0000-000000000/resourceGroups/00000/providers/Microsoft.MachineLearningServices/workspaces/00000/datastores/workspaceblobstore",
        "name": "workspaceblobstore",
        "type": "Microsoft.MachineLearningServices/workspaces/datastores",
        "properties": {
          "description": null,
          "tags": null,
          "properties": null,
          "isDefault": true,
          "credentials": {
            "credentialsType": "AccountKey"
          },
          "datastoreType": "AzureBlob",
          "accountName": "saird7e2z7hlg4y",
          "containerName": "azureml-blobstore-d8f42f37-66eb-4dca-869e-f6357989e03e",
          "endpoint": "core.windows.net",
          "protocol": "https",
          "serviceDataAccessAuthIdentity": "WorkspaceSystemAssignedIdentity"
        },
        "systemData": {
          "createdAt": "2022-09-29T16:11:11.5415325\u002B00:00",
          "createdBy": "779301c0-18b2-4cdc-801b-a0a3368fee0a",
          "createdByType": "Application",
          "lastModifiedAt": "2022-09-29T16:11:12.3528103\u002B00:00",
          "lastModifiedBy": "779301c0-18b2-4cdc-801b-a0a3368fee0a",
          "lastModifiedByType": "Application"
        }
      }
    },
    {
      "RequestUri": "https://management.azure.com/subscriptions/00000000-0000-0000-0000-000000000/resourceGroups/00000/providers/Microsoft.MachineLearningServices/workspaces/00000/datastores/workspaceblobstore/listSecrets?api-version=2022-05-01",
      "RequestMethod": "POST",
      "RequestHeaders": {
        "Accept": "application/json",
        "Accept-Encoding": "gzip, deflate",
        "Connection": "keep-alive",
        "Content-Length": "0",
        "User-Agent": "azure-ai-ml/0.1.0 azsdk-python-mgmt-machinelearningservices/0.1.0 Python/3.8.5 (Windows-10-10.0.19041-SP0)"
      },
      "RequestBody": null,
      "StatusCode": 200,
      "ResponseHeaders": {
        "Cache-Control": "no-cache",
        "Content-Encoding": "gzip",
        "Content-Type": "application/json; charset=utf-8",
        "Date": "Thu, 29 Sep 2022 20:19:38 GMT",
        "Expires": "-1",
        "Pragma": "no-cache",
        "Request-Context": "appId=cid-v1:17d65b70-e9ce-4ed5-9347-1f660ec782e9",
        "Server-Timing": "traceparent;desc=\u002200-42b502c17cb2f3a6d7ab549100ca3f71-fe874e4f555bf77a-01\u0022",
        "Strict-Transport-Security": "max-age=31536000; includeSubDomains",
        "Transfer-Encoding": "chunked",
        "Vary": "Accept-Encoding",
        "x-aml-cluster": "vienna-eastus2euap-01",
        "X-Content-Type-Options": "nosniff",
        "x-ms-correlation-request-id": "c70cbfe5-83fb-4543-b4bf-cfc510f4f0c9",
        "x-ms-ratelimit-remaining-subscription-writes": "1166",
        "x-ms-response-type": "standard",
        "x-ms-routing-request-id": "WESTUS2:20220929T201939Z:c70cbfe5-83fb-4543-b4bf-cfc510f4f0c9",
        "x-request-time": "0.197"
      },
      "ResponseBody": {
        "secretsType": "AccountKey",
        "key": "dGhpcyBpcyBmYWtlIGtleQ=="
      }
    },
    {
      "RequestUri": "https://saird7e2z7hlg4y.blob.core.windows.net/azureml-blobstore-d8f42f37-66eb-4dca-869e-f6357989e03e/LocalUpload/00000000000000000000000000000000/COMPONENT_PLACEHOLDER",
      "RequestMethod": "HEAD",
      "RequestHeaders": {
        "Accept": "application/xml",
        "Accept-Encoding": "gzip, deflate",
        "Connection": "keep-alive",
        "User-Agent": "azsdk-python-storage-blob/12.9.0 Python/3.8.5 (Windows-10-10.0.19041-SP0)",
        "x-ms-date": "Thu, 29 Sep 2022 20:19:39 GMT",
        "x-ms-version": "2020-10-02"
      },
      "RequestBody": null,
      "StatusCode": 200,
      "ResponseHeaders": {
        "Accept-Ranges": "bytes",
        "Content-Length": "35",
        "Content-MD5": "L/DnSpFIn\u002BjaQWc\u002BsUQdcw==",
        "Content-Type": "application/octet-stream",
        "Date": "Thu, 29 Sep 2022 20:19:38 GMT",
        "ETag": "\u00220x8DAA24CBA84764B\u0022",
        "Last-Modified": "Thu, 29 Sep 2022 18:59:25 GMT",
        "Server": [
          "Windows-Azure-Blob/1.0",
          "Microsoft-HTTPAPI/2.0"
        ],
        "Vary": "Origin",
        "x-ms-access-tier": "Hot",
        "x-ms-access-tier-inferred": "true",
        "x-ms-blob-type": "BlockBlob",
        "x-ms-creation-time": "Thu, 29 Sep 2022 18:59:25 GMT",
        "x-ms-lease-state": "available",
        "x-ms-lease-status": "unlocked",
        "x-ms-meta-name": "ed4c56c9-0dcb-4fec-85a8-55870edcbb32",
        "x-ms-meta-upload_status": "completed",
        "x-ms-meta-version": "1",
        "x-ms-server-encrypted": "true",
        "x-ms-version": "2020-10-02"
      },
      "ResponseBody": null
    },
    {
      "RequestUri": "https://saird7e2z7hlg4y.blob.core.windows.net/azureml-blobstore-d8f42f37-66eb-4dca-869e-f6357989e03e/az-ml-artifacts/00000000000000000000000000000000/COMPONENT_PLACEHOLDER",
      "RequestMethod": "HEAD",
      "RequestHeaders": {
        "Accept": "application/xml",
        "Accept-Encoding": "gzip, deflate",
        "Connection": "keep-alive",
        "User-Agent": "azsdk-python-storage-blob/12.9.0 Python/3.8.5 (Windows-10-10.0.19041-SP0)",
        "x-ms-date": "Thu, 29 Sep 2022 20:19:39 GMT",
        "x-ms-version": "2020-10-02"
      },
      "RequestBody": null,
      "StatusCode": 404,
      "ResponseHeaders": {
        "Date": "Thu, 29 Sep 2022 20:19:38 GMT",
        "Server": [
          "Windows-Azure-Blob/1.0",
          "Microsoft-HTTPAPI/2.0"
        ],
        "Transfer-Encoding": "chunked",
        "Vary": "Origin",
        "x-ms-error-code": "BlobNotFound",
        "x-ms-version": "2020-10-02"
      },
      "ResponseBody": null
    },
    {
      "RequestUri": "https://management.azure.com/subscriptions/00000000-0000-0000-0000-000000000/resourceGroups/00000/providers/Microsoft.MachineLearningServices/workspaces/00000/codes/ed4c56c9-0dcb-4fec-85a8-55870edcbb32/versions/1?api-version=2022-05-01",
      "RequestMethod": "PUT",
      "RequestHeaders": {
        "Accept": "application/json",
        "Accept-Encoding": "gzip, deflate",
        "Connection": "keep-alive",
        "Content-Length": "288",
        "Content-Type": "application/json",
        "User-Agent": "azure-ai-ml/0.1.0 azsdk-python-mgmt-machinelearningservices/0.1.0 Python/3.8.5 (Windows-10-10.0.19041-SP0)"
      },
      "RequestBody": {
        "properties": {
          "properties": {
            "hash_sha256": "0000000000000",
            "hash_version": "0000000000000"
          },
          "isAnonymous": true,
          "isArchived": false,
          "codeUri": "https://saird7e2z7hlg4y.blob.core.windows.net/azureml-blobstore-d8f42f37-66eb-4dca-869e-f6357989e03e/LocalUpload/00000000000000000000000000000000"
        }
      },
      "StatusCode": 200,
      "ResponseHeaders": {
        "Cache-Control": "no-cache",
        "Content-Encoding": "gzip",
        "Content-Type": "application/json; charset=utf-8",
        "Date": "Thu, 29 Sep 2022 20:19:39 GMT",
        "Expires": "-1",
        "Pragma": "no-cache",
        "Request-Context": "appId=cid-v1:17d65b70-e9ce-4ed5-9347-1f660ec782e9",
        "Server-Timing": "traceparent;desc=\u002200-7185f8e576c9f84bbebafb2311ed6073-b8fe24a45081c36a-01\u0022",
        "Strict-Transport-Security": "max-age=31536000; includeSubDomains",
        "Transfer-Encoding": "chunked",
        "Vary": [
          "Accept-Encoding",
          "Accept-Encoding"
        ],
        "x-aml-cluster": "vienna-eastus2euap-01",
        "X-Content-Type-Options": "nosniff",
        "x-ms-correlation-request-id": "4c669dee-a86c-4a76-a500-3aaa0542eac7",
        "x-ms-ratelimit-remaining-subscription-writes": "1123",
        "x-ms-response-type": "standard",
        "x-ms-routing-request-id": "WESTUS2:20220929T201939Z:4c669dee-a86c-4a76-a500-3aaa0542eac7",
        "x-request-time": "0.060"
      },
      "ResponseBody": {
        "id": "/subscriptions/00000000-0000-0000-0000-000000000/resourceGroups/00000/providers/Microsoft.MachineLearningServices/workspaces/00000/codes/ed4c56c9-0dcb-4fec-85a8-55870edcbb32/versions/1",
        "name": "1",
        "type": "Microsoft.MachineLearningServices/workspaces/codes/versions",
        "properties": {
          "description": null,
          "tags": {},
          "properties": {
            "hash_sha256": "0000000000000",
            "hash_version": "0000000000000"
          },
          "isArchived": false,
          "isAnonymous": false,
          "codeUri": "https://saird7e2z7hlg4y.blob.core.windows.net/azureml-blobstore-d8f42f37-66eb-4dca-869e-f6357989e03e/LocalUpload/00000000000000000000000000000000"
        },
        "systemData": {
          "createdAt": "2022-09-29T18:59:25.9941693\u002B00:00",
          "createdBy": "Aditi Singhal",
          "createdByType": "User",
          "lastModifiedAt": "2022-09-29T20:19:39.8039579\u002B00:00",
          "lastModifiedBy": "Aditi Singhal",
          "lastModifiedByType": "User"
        }
      }
    },
    {
      "RequestUri": "https://management.azure.com/subscriptions/00000000-0000-0000-0000-000000000/resourceGroups/00000/providers/Microsoft.MachineLearningServices/workspaces/00000/components/azureml_anonymous/versions/000000000000000000000?api-version=2022-05-01",
      "RequestMethod": "PUT",
      "RequestHeaders": {
        "Accept": "application/json",
        "Accept-Encoding": "gzip, deflate",
        "Connection": "keep-alive",
        "Content-Length": "718",
        "Content-Type": "application/json",
        "User-Agent": "azure-ai-ml/0.1.0 azsdk-python-mgmt-machinelearningservices/0.1.0 Python/3.8.5 (Windows-10-10.0.19041-SP0)"
      },
      "RequestBody": {
        "properties": {
          "properties": {},
          "tags": {},
          "isAnonymous": true,
          "isArchived": false,
          "componentSpec": {
            "command": "echo \u0022hello\u0022 \u0026\u0026 echo \u0022world\u0022 \u003E ${{outputs.world_output}}/world.txt",
            "code": "azureml:/subscriptions/00000000-0000-0000-0000-000000000/resourceGroups/00000/providers/Microsoft.MachineLearningServices/workspaces/00000/codes/ed4c56c9-0dcb-4fec-85a8-55870edcbb32/versions/1",
            "environment": "azureml:AzureML-sklearn-0.24-ubuntu18.04-py37-cpu@latest",
            "name": "azureml_anonymous",
            "tags": {},
            "version": "000000000000000000000",
            "display_name": "component_a_job",
            "is_deterministic": true,
            "inputs": {},
            "outputs": {
              "world_output": {
                "type": "uri_folder"
              }
            },
            "type": "command",
            "_source": "YAML.JOB"
          }
        }
      },
      "StatusCode": 201,
      "ResponseHeaders": {
        "Cache-Control": "no-cache",
        "Content-Length": "1646",
        "Content-Type": "application/json; charset=utf-8",
        "Date": "Thu, 29 Sep 2022 20:19:39 GMT",
        "Expires": "-1",
        "Location": "https://management.azure.com/subscriptions/00000000-0000-0000-0000-000000000/resourceGroups/00000/providers/Microsoft.MachineLearningServices/workspaces/00000/components/azureml_anonymous/versions/000000000000000000000?api-version=2022-05-01",
        "Pragma": "no-cache",
        "Request-Context": "appId=cid-v1:17d65b70-e9ce-4ed5-9347-1f660ec782e9",
        "Server-Timing": "traceparent;desc=\u002200-7f80c03f5169e664fd77cb813f28027b-0184ae07bf7bd918-01\u0022",
        "Strict-Transport-Security": "max-age=31536000; includeSubDomains",
        "x-aml-cluster": "vienna-eastus2euap-01",
        "X-Content-Type-Options": "nosniff",
        "x-ms-correlation-request-id": "e106a660-98e9-4e02-b7aa-b31ae1138ed8",
        "x-ms-ratelimit-remaining-subscription-writes": "1122",
        "x-ms-response-type": "standard",
        "x-ms-routing-request-id": "WESTUS2:20220929T201940Z:e106a660-98e9-4e02-b7aa-b31ae1138ed8",
        "x-request-time": "0.702"
      },
      "ResponseBody": {
        "id": "/subscriptions/00000000-0000-0000-0000-000000000/resourceGroups/00000/providers/Microsoft.MachineLearningServices/workspaces/00000/components/azureml_anonymous/versions/d46014f3-a1f7-4081-ac36-500defa0c456",
        "name": "d46014f3-a1f7-4081-ac36-500defa0c456",
        "type": "Microsoft.MachineLearningServices/workspaces/components/versions",
        "properties": {
          "description": null,
          "tags": {},
          "properties": {},
          "isArchived": false,
          "isAnonymous": true,
          "componentSpec": {
            "name": "azureml_anonymous",
            "version": "d46014f3-a1f7-4081-ac36-500defa0c456",
            "display_name": "component_a_job",
            "is_deterministic": "True",
            "type": "command",
            "outputs": {
              "world_output": {
                "type": "uri_folder"
              }
            },
            "code": "azureml:/subscriptions/00000000-0000-0000-0000-000000000/resourceGroups/00000/providers/Microsoft.MachineLearningServices/workspaces/00000/codes/ed4c56c9-0dcb-4fec-85a8-55870edcbb32/versions/1",
            "environment": "azureml://registries/CuratedRegistry/environments/AzureML-sklearn-0.24-ubuntu18.04-py37-cpu/versions/44",
            "resources": {
              "instance_count": "1"
            },
            "command": "echo \u0022hello\u0022 \u0026\u0026 echo \u0022world\u0022 \u003E ${{outputs.world_output}}/world.txt",
            "$schema": "https://componentsdk.azureedge.net/jsonschema/CommandComponent.json"
          }
        },
        "systemData": {
          "createdAt": "2022-09-29T20:19:40.4971353\u002B00:00",
          "createdBy": "Aditi Singhal",
          "createdByType": "User",
          "lastModifiedAt": "2022-09-29T20:19:40.4971353\u002B00:00",
          "lastModifiedBy": "Aditi Singhal",
          "lastModifiedByType": "User"
        }
      }
    },
    {
      "RequestUri": "https://management.azure.com/subscriptions/00000000-0000-0000-0000-000000000/resourceGroups/00000/providers/Microsoft.MachineLearningServices/workspaces/00000/datastores/workspaceblobstore?api-version=2022-05-01",
      "RequestMethod": "GET",
      "RequestHeaders": {
        "Accept": "application/json",
        "Accept-Encoding": "gzip, deflate",
        "Connection": "keep-alive",
        "User-Agent": "azure-ai-ml/0.1.0 azsdk-python-mgmt-machinelearningservices/0.1.0 Python/3.8.5 (Windows-10-10.0.19041-SP0)"
      },
      "RequestBody": null,
      "StatusCode": 200,
      "ResponseHeaders": {
        "Cache-Control": "no-cache",
        "Content-Encoding": "gzip",
        "Content-Type": "application/json; charset=utf-8",
        "Date": "Thu, 29 Sep 2022 20:19:40 GMT",
        "Expires": "-1",
        "Pragma": "no-cache",
        "Request-Context": "appId=cid-v1:17d65b70-e9ce-4ed5-9347-1f660ec782e9",
        "Server-Timing": "traceparent;desc=\u002200-1e2d0cba7051ca8d28847f4003f7710c-8cffa597c7bca666-01\u0022",
        "Strict-Transport-Security": "max-age=31536000; includeSubDomains",
        "Transfer-Encoding": "chunked",
        "Vary": [
          "Accept-Encoding",
          "Accept-Encoding"
        ],
        "x-aml-cluster": "vienna-eastus2euap-01",
        "X-Content-Type-Options": "nosniff",
        "x-ms-correlation-request-id": "a7b32e42-3d65-4da4-b944-a6339717ef7f",
        "x-ms-ratelimit-remaining-subscription-reads": "11947",
        "x-ms-response-type": "standard",
        "x-ms-routing-request-id": "WESTUS2:20220929T201941Z:a7b32e42-3d65-4da4-b944-a6339717ef7f",
        "x-request-time": "0.099"
      },
      "ResponseBody": {
        "id": "/subscriptions/00000000-0000-0000-0000-000000000/resourceGroups/00000/providers/Microsoft.MachineLearningServices/workspaces/00000/datastores/workspaceblobstore",
        "name": "workspaceblobstore",
        "type": "Microsoft.MachineLearningServices/workspaces/datastores",
        "properties": {
          "description": null,
          "tags": null,
          "properties": null,
          "isDefault": true,
          "credentials": {
            "credentialsType": "AccountKey"
          },
          "datastoreType": "AzureBlob",
          "accountName": "saird7e2z7hlg4y",
          "containerName": "azureml-blobstore-d8f42f37-66eb-4dca-869e-f6357989e03e",
          "endpoint": "core.windows.net",
          "protocol": "https",
          "serviceDataAccessAuthIdentity": "WorkspaceSystemAssignedIdentity"
        },
        "systemData": {
          "createdAt": "2022-09-29T16:11:11.5415325\u002B00:00",
          "createdBy": "779301c0-18b2-4cdc-801b-a0a3368fee0a",
          "createdByType": "Application",
          "lastModifiedAt": "2022-09-29T16:11:12.3528103\u002B00:00",
          "lastModifiedBy": "779301c0-18b2-4cdc-801b-a0a3368fee0a",
          "lastModifiedByType": "Application"
        }
      }
    },
    {
      "RequestUri": "https://management.azure.com/subscriptions/00000000-0000-0000-0000-000000000/resourceGroups/00000/providers/Microsoft.MachineLearningServices/workspaces/00000/datastores/workspaceblobstore/listSecrets?api-version=2022-05-01",
      "RequestMethod": "POST",
      "RequestHeaders": {
        "Accept": "application/json",
        "Accept-Encoding": "gzip, deflate",
        "Connection": "keep-alive",
        "Content-Length": "0",
        "User-Agent": "azure-ai-ml/0.1.0 azsdk-python-mgmt-machinelearningservices/0.1.0 Python/3.8.5 (Windows-10-10.0.19041-SP0)"
      },
      "RequestBody": null,
      "StatusCode": 200,
      "ResponseHeaders": {
        "Cache-Control": "no-cache",
        "Content-Encoding": "gzip",
        "Content-Type": "application/json; charset=utf-8",
        "Date": "Thu, 29 Sep 2022 20:19:40 GMT",
        "Expires": "-1",
        "Pragma": "no-cache",
        "Request-Context": "appId=cid-v1:17d65b70-e9ce-4ed5-9347-1f660ec782e9",
        "Server-Timing": "traceparent;desc=\u002200-e94b4a815378f3655cf0494b6fca48dc-b00f2608ee14d65c-01\u0022",
        "Strict-Transport-Security": "max-age=31536000; includeSubDomains",
        "Transfer-Encoding": "chunked",
        "Vary": "Accept-Encoding",
        "x-aml-cluster": "vienna-eastus2euap-01",
        "X-Content-Type-Options": "nosniff",
        "x-ms-correlation-request-id": "cd158713-7fd8-4ee9-af78-c5d0d79eafda",
        "x-ms-ratelimit-remaining-subscription-writes": "1165",
        "x-ms-response-type": "standard",
        "x-ms-routing-request-id": "WESTUS2:20220929T201941Z:cd158713-7fd8-4ee9-af78-c5d0d79eafda",
        "x-request-time": "0.106"
      },
      "ResponseBody": {
        "secretsType": "AccountKey",
        "key": "dGhpcyBpcyBmYWtlIGtleQ=="
      }
    },
    {
      "RequestUri": "https://saird7e2z7hlg4y.blob.core.windows.net/azureml-blobstore-d8f42f37-66eb-4dca-869e-f6357989e03e/LocalUpload/00000000000000000000000000000000/COMPONENT_PLACEHOLDER",
      "RequestMethod": "HEAD",
      "RequestHeaders": {
        "Accept": "application/xml",
        "Accept-Encoding": "gzip, deflate",
        "Connection": "keep-alive",
        "User-Agent": "azsdk-python-storage-blob/12.9.0 Python/3.8.5 (Windows-10-10.0.19041-SP0)",
        "x-ms-date": "Thu, 29 Sep 2022 20:19:41 GMT",
        "x-ms-version": "2020-10-02"
      },
      "RequestBody": null,
      "StatusCode": 200,
      "ResponseHeaders": {
        "Accept-Ranges": "bytes",
        "Content-Length": "35",
        "Content-MD5": "L/DnSpFIn\u002BjaQWc\u002BsUQdcw==",
        "Content-Type": "application/octet-stream",
        "Date": "Thu, 29 Sep 2022 20:19:40 GMT",
        "ETag": "\u00220x8DAA24CBA84764B\u0022",
        "Last-Modified": "Thu, 29 Sep 2022 18:59:25 GMT",
        "Server": [
          "Windows-Azure-Blob/1.0",
          "Microsoft-HTTPAPI/2.0"
        ],
        "Vary": "Origin",
        "x-ms-access-tier": "Hot",
        "x-ms-access-tier-inferred": "true",
        "x-ms-blob-type": "BlockBlob",
        "x-ms-creation-time": "Thu, 29 Sep 2022 18:59:25 GMT",
        "x-ms-lease-state": "available",
        "x-ms-lease-status": "unlocked",
        "x-ms-meta-name": "ed4c56c9-0dcb-4fec-85a8-55870edcbb32",
        "x-ms-meta-upload_status": "completed",
        "x-ms-meta-version": "1",
        "x-ms-server-encrypted": "true",
        "x-ms-version": "2020-10-02"
      },
      "ResponseBody": null
    },
    {
      "RequestUri": "https://saird7e2z7hlg4y.blob.core.windows.net/azureml-blobstore-d8f42f37-66eb-4dca-869e-f6357989e03e/az-ml-artifacts/00000000000000000000000000000000/COMPONENT_PLACEHOLDER",
      "RequestMethod": "HEAD",
      "RequestHeaders": {
        "Accept": "application/xml",
        "Accept-Encoding": "gzip, deflate",
        "Connection": "keep-alive",
        "User-Agent": "azsdk-python-storage-blob/12.9.0 Python/3.8.5 (Windows-10-10.0.19041-SP0)",
        "x-ms-date": "Thu, 29 Sep 2022 20:19:41 GMT",
        "x-ms-version": "2020-10-02"
      },
      "RequestBody": null,
      "StatusCode": 404,
      "ResponseHeaders": {
        "Date": "Thu, 29 Sep 2022 20:19:41 GMT",
        "Server": [
          "Windows-Azure-Blob/1.0",
          "Microsoft-HTTPAPI/2.0"
        ],
        "Transfer-Encoding": "chunked",
        "Vary": "Origin",
        "x-ms-error-code": "BlobNotFound",
        "x-ms-version": "2020-10-02"
      },
      "ResponseBody": null
    },
    {
      "RequestUri": "https://management.azure.com/subscriptions/00000000-0000-0000-0000-000000000/resourceGroups/00000/providers/Microsoft.MachineLearningServices/workspaces/00000/codes/ed4c56c9-0dcb-4fec-85a8-55870edcbb32/versions/1?api-version=2022-05-01",
      "RequestMethod": "PUT",
      "RequestHeaders": {
        "Accept": "application/json",
        "Accept-Encoding": "gzip, deflate",
        "Connection": "keep-alive",
        "Content-Length": "288",
        "Content-Type": "application/json",
        "User-Agent": "azure-ai-ml/0.1.0 azsdk-python-mgmt-machinelearningservices/0.1.0 Python/3.8.5 (Windows-10-10.0.19041-SP0)"
      },
      "RequestBody": {
        "properties": {
          "properties": {
            "hash_sha256": "0000000000000",
            "hash_version": "0000000000000"
          },
          "isAnonymous": true,
          "isArchived": false,
          "codeUri": "https://saird7e2z7hlg4y.blob.core.windows.net/azureml-blobstore-d8f42f37-66eb-4dca-869e-f6357989e03e/LocalUpload/00000000000000000000000000000000"
        }
      },
      "StatusCode": 200,
      "ResponseHeaders": {
        "Cache-Control": "no-cache",
        "Content-Encoding": "gzip",
        "Content-Type": "application/json; charset=utf-8",
        "Date": "Thu, 29 Sep 2022 20:19:41 GMT",
        "Expires": "-1",
        "Pragma": "no-cache",
        "Request-Context": "appId=cid-v1:17d65b70-e9ce-4ed5-9347-1f660ec782e9",
        "Server-Timing": "traceparent;desc=\u002200-37c3695f64b39b7d5ed9746c517333b3-0beabcd3c59b307c-01\u0022",
        "Strict-Transport-Security": "max-age=31536000; includeSubDomains",
        "Transfer-Encoding": "chunked",
        "Vary": [
          "Accept-Encoding",
          "Accept-Encoding"
        ],
        "x-aml-cluster": "vienna-eastus2euap-01",
        "X-Content-Type-Options": "nosniff",
        "x-ms-correlation-request-id": "5acaa8f8-0440-4fc1-bc33-4c8cf5c7639d",
        "x-ms-ratelimit-remaining-subscription-writes": "1121",
        "x-ms-response-type": "standard",
        "x-ms-routing-request-id": "WESTUS2:20220929T201942Z:5acaa8f8-0440-4fc1-bc33-4c8cf5c7639d",
        "x-request-time": "0.058"
      },
      "ResponseBody": {
        "id": "/subscriptions/00000000-0000-0000-0000-000000000/resourceGroups/00000/providers/Microsoft.MachineLearningServices/workspaces/00000/codes/ed4c56c9-0dcb-4fec-85a8-55870edcbb32/versions/1",
        "name": "1",
        "type": "Microsoft.MachineLearningServices/workspaces/codes/versions",
        "properties": {
          "description": null,
          "tags": {},
          "properties": {
            "hash_sha256": "0000000000000",
            "hash_version": "0000000000000"
          },
          "isArchived": false,
          "isAnonymous": false,
          "codeUri": "https://saird7e2z7hlg4y.blob.core.windows.net/azureml-blobstore-d8f42f37-66eb-4dca-869e-f6357989e03e/LocalUpload/00000000000000000000000000000000"
        },
        "systemData": {
          "createdAt": "2022-09-29T18:59:25.9941693\u002B00:00",
          "createdBy": "Aditi Singhal",
          "createdByType": "User",
          "lastModifiedAt": "2022-09-29T20:19:42.1814804\u002B00:00",
          "lastModifiedBy": "Aditi Singhal",
          "lastModifiedByType": "User"
        }
      }
    },
    {
      "RequestUri": "https://management.azure.com/subscriptions/00000000-0000-0000-0000-000000000/resourceGroups/00000/providers/Microsoft.MachineLearningServices/workspaces/00000/components/azureml_anonymous/versions/000000000000000000000?api-version=2022-05-01",
      "RequestMethod": "PUT",
      "RequestHeaders": {
        "Accept": "application/json",
        "Accept-Encoding": "gzip, deflate",
        "Connection": "keep-alive",
        "Content-Length": "718",
        "Content-Type": "application/json",
        "User-Agent": "azure-ai-ml/0.1.0 azsdk-python-mgmt-machinelearningservices/0.1.0 Python/3.8.5 (Windows-10-10.0.19041-SP0)"
      },
      "RequestBody": {
        "properties": {
          "properties": {},
          "tags": {},
          "isAnonymous": true,
          "isArchived": false,
          "componentSpec": {
            "command": "echo \u0022hello\u0022 \u0026\u0026 echo \u0022world\u0022 \u003E ${{outputs.world_output}}/world.txt",
            "code": "azureml:/subscriptions/00000000-0000-0000-0000-000000000/resourceGroups/00000/providers/Microsoft.MachineLearningServices/workspaces/00000/codes/ed4c56c9-0dcb-4fec-85a8-55870edcbb32/versions/1",
            "environment": "azureml:AzureML-sklearn-0.24-ubuntu18.04-py37-cpu@latest",
            "name": "azureml_anonymous",
            "tags": {},
            "version": "000000000000000000000",
            "display_name": "component_a_job",
            "is_deterministic": true,
            "inputs": {},
            "outputs": {
              "world_output": {
                "type": "uri_folder"
              }
            },
            "type": "command",
            "_source": "YAML.JOB"
          }
        }
      },
      "StatusCode": 201,
      "ResponseHeaders": {
        "Cache-Control": "no-cache",
        "Content-Length": "1646",
        "Content-Type": "application/json; charset=utf-8",
        "Date": "Thu, 29 Sep 2022 20:19:41 GMT",
        "Expires": "-1",
        "Location": "https://management.azure.com/subscriptions/00000000-0000-0000-0000-000000000/resourceGroups/00000/providers/Microsoft.MachineLearningServices/workspaces/00000/components/azureml_anonymous/versions/000000000000000000000?api-version=2022-05-01",
        "Pragma": "no-cache",
        "Request-Context": "appId=cid-v1:17d65b70-e9ce-4ed5-9347-1f660ec782e9",
        "Server-Timing": "traceparent;desc=\u002200-157e7ce1917b030eb903d8e320fbbb65-d1e8520c5cb5753a-01\u0022",
        "Strict-Transport-Security": "max-age=31536000; includeSubDomains",
        "x-aml-cluster": "vienna-eastus2euap-01",
        "X-Content-Type-Options": "nosniff",
        "x-ms-correlation-request-id": "4726cd64-3a9d-458c-99df-8511348a161e",
        "x-ms-ratelimit-remaining-subscription-writes": "1120",
        "x-ms-response-type": "standard",
        "x-ms-routing-request-id": "WESTUS2:20220929T201942Z:4726cd64-3a9d-458c-99df-8511348a161e",
        "x-request-time": "0.363"
      },
      "ResponseBody": {
        "id": "/subscriptions/00000000-0000-0000-0000-000000000/resourceGroups/00000/providers/Microsoft.MachineLearningServices/workspaces/00000/components/azureml_anonymous/versions/d46014f3-a1f7-4081-ac36-500defa0c456",
        "name": "d46014f3-a1f7-4081-ac36-500defa0c456",
        "type": "Microsoft.MachineLearningServices/workspaces/components/versions",
        "properties": {
          "description": null,
          "tags": {},
          "properties": {},
          "isArchived": false,
          "isAnonymous": true,
          "componentSpec": {
            "name": "azureml_anonymous",
            "version": "d46014f3-a1f7-4081-ac36-500defa0c456",
            "display_name": "component_a_job",
            "is_deterministic": "True",
            "type": "command",
            "outputs": {
              "world_output": {
                "type": "uri_folder"
              }
            },
            "code": "azureml:/subscriptions/00000000-0000-0000-0000-000000000/resourceGroups/00000/providers/Microsoft.MachineLearningServices/workspaces/00000/codes/ed4c56c9-0dcb-4fec-85a8-55870edcbb32/versions/1",
            "environment": "azureml://registries/CuratedRegistry/environments/AzureML-sklearn-0.24-ubuntu18.04-py37-cpu/versions/44",
            "resources": {
              "instance_count": "1"
            },
            "command": "echo \u0022hello\u0022 \u0026\u0026 echo \u0022world\u0022 \u003E ${{outputs.world_output}}/world.txt",
            "$schema": "https://componentsdk.azureedge.net/jsonschema/CommandComponent.json"
          }
        },
        "systemData": {
          "createdAt": "2022-09-29T20:19:40.4971353\u002B00:00",
          "createdBy": "Aditi Singhal",
          "createdByType": "User",
          "lastModifiedAt": "2022-09-29T20:19:40.6931656\u002B00:00",
          "lastModifiedBy": "Aditi Singhal",
          "lastModifiedByType": "User"
        }
      }
    },
    {
      "RequestUri": "https://management.azure.com/subscriptions/00000000-0000-0000-0000-000000000/resourceGroups/00000/providers/Microsoft.MachineLearningServices/workspaces/00000/components/test_622961571994/versions/1?api-version=2022-05-01",
      "RequestMethod": "PUT",
      "RequestHeaders": {
        "Accept": "application/json",
        "Accept-Encoding": "gzip, deflate",
        "Connection": "keep-alive",
        "Content-Length": "1376",
        "Content-Type": "application/json",
        "User-Agent": "azure-ai-ml/0.1.0 azsdk-python-mgmt-machinelearningservices/0.1.0 Python/3.8.5 (Windows-10-10.0.19041-SP0)"
      },
      "RequestBody": {
        "properties": {
          "description": "This is the basic pipeline component",
          "properties": {},
          "tags": {
            "tag": "tagvalue",
            "owner": "sdkteam"
          },
          "isAnonymous": false,
          "isArchived": false,
          "componentSpec": {
            "name": "test_622961571994",
            "description": "This is the basic pipeline component",
            "tags": {
              "tag": "tagvalue",
              "owner": "sdkteam"
            },
            "version": "1",
            "$schema": "https://azuremlschemas.azureedge.net/development/pipelineComponent.schema.json",
            "display_name": "Hello World Pipeline Component",
            "inputs": {
              "component_in_number": {
                "type": "number",
                "optional": true,
                "default": "10.99",
                "description": "A number"
              },
              "component_in_path": {
                "type": "uri_folder",
                "description": "A path"
              },
              "node_compute": {
                "type": "string",
                "default": "azureml:cpu-cluster"
              }
            },
            "outputs": {},
            "type": "pipeline",
            "jobs": {
              "component_a_job": {
                "resources": null,
                "distribution": null,
                "limits": null,
                "environment_variables": {},
                "name": "component_a_job",
                "type": "command",
                "display_name": null,
                "tags": {},
                "computeId": "${{parent.inputs.node_compute}}",
                "inputs": {},
                "outputs": {},
                "properties": {},
                "_source": "YAML.JOB",
                "componentId": "/subscriptions/00000000-0000-0000-0000-000000000/resourceGroups/00000/providers/Microsoft.MachineLearningServices/workspaces/00000/components/azureml_anonymous/versions/d46014f3-a1f7-4081-ac36-500defa0c456"
              }
            },
            "_source": "YAML.COMPONENT",
            "sourceJobId": null
          }
        }
      },
      "StatusCode": 201,
      "ResponseHeaders": {
        "Cache-Control": "no-cache",
        "Content-Length": "1644",
        "Content-Type": "application/json; charset=utf-8",
        "Date": "Thu, 29 Sep 2022 20:19:44 GMT",
        "Expires": "-1",
        "Location": "https://management.azure.com/subscriptions/00000000-0000-0000-0000-000000000/resourceGroups/00000/providers/Microsoft.MachineLearningServices/workspaces/00000/components/test_622961571994/versions/1?api-version=2022-05-01",
        "Pragma": "no-cache",
        "Request-Context": "appId=cid-v1:17d65b70-e9ce-4ed5-9347-1f660ec782e9",
        "Server-Timing": "traceparent;desc=\u002200-5957239fe93bb1bb91078995264c319c-8763405a7fa9ff79-01\u0022",
        "Strict-Transport-Security": "max-age=31536000; includeSubDomains",
        "x-aml-cluster": "vienna-eastus2euap-01",
        "X-Content-Type-Options": "nosniff",
        "x-ms-correlation-request-id": "1718d8c0-dec6-4b53-abf9-5f71e46c279f",
        "x-ms-ratelimit-remaining-subscription-writes": "1119",
        "x-ms-response-type": "standard",
        "x-ms-routing-request-id": "WESTUS2:20220929T201944Z:1718d8c0-dec6-4b53-abf9-5f71e46c279f",
        "x-request-time": "1.307"
      },
      "ResponseBody": {
        "id": "/subscriptions/00000000-0000-0000-0000-000000000/resourceGroups/00000/providers/Microsoft.MachineLearningServices/workspaces/00000/components/test_622961571994/versions/1",
        "name": "1",
        "type": "Microsoft.MachineLearningServices/workspaces/components/versions",
        "properties": {
          "description": null,
          "tags": {
            "tag": "tagvalue",
            "owner": "sdkteam"
          },
          "properties": {},
          "isArchived": false,
          "isAnonymous": false,
          "componentSpec": {
            "name": "test_622961571994",
            "version": "1",
            "display_name": "Hello World Pipeline Component",
            "is_deterministic": "False",
            "type": "pipeline",
            "description": "This is the basic pipeline component",
            "tags": {
              "tag": "tagvalue",
              "owner": "sdkteam"
            },
            "inputs": {
              "component_in_path": {
                "type": "uri_folder",
                "optional": "False",
                "description": "A path"
              },
              "component_in_number": {
                "type": "number",
                "optional": "True",
                "default": "10.99",
                "description": "A number"
              },
              "node_compute": {
                "type": "string",
                "optional": "False",
                "default": "cpu-cluster"
              }
            },
            "$schema": "https://azuremlschemas.azureedge.net/development/pipelineComponent.schema.json"
          }
        },
        "systemData": {
          "createdAt": "2022-09-29T20:19:44.0643137\u002B00:00",
          "createdBy": "Aditi Singhal",
          "createdByType": "User",
          "lastModifiedAt": "2022-09-29T20:19:44.2551572\u002B00:00",
          "lastModifiedBy": "Aditi Singhal",
          "lastModifiedByType": "User"
        }
      }
    }
  ],
  "Variables": {
    "component_name": "test_622961571994"
  }
}
