{
  "Entries": [
    {
      "RequestUri": "https://management.azure.com/subscriptions/00000000-0000-0000-0000-000000000/resourceGroups/00000/providers/Microsoft.MachineLearningServices/workspaces/00000/datastores/workspaceblobstore?api-version=2022-05-01",
      "RequestMethod": "GET",
      "RequestHeaders": {
        "Accept": "application/json",
        "Accept-Encoding": "gzip, deflate",
        "Connection": "keep-alive",
        "User-Agent": "azure-ai-ml/1.4.0 azsdk-python-mgmt-machinelearningservices/0.1.0 Python/3.7.13 (Windows-10-10.0.22621-SP0)"
      },
      "RequestBody": null,
      "StatusCode": 200,
      "ResponseHeaders": {
        "Cache-Control": "no-cache",
        "Content-Encoding": "gzip",
        "Content-Type": "application/json; charset=utf-8",
        "Date": "Thu, 05 Jan 2023 09:41:06 GMT",
        "Expires": "-1",
        "Pragma": "no-cache",
        "Request-Context": "appId=cid-v1:512cc15a-13b5-415b-bfd0-dce7accb6bb1",
        "Server-Timing": "traceparent;desc=\u002200-317ccd4c2d49479bf2969b2f02836013-53a3ff2ae3513173-00\u0022",
        "Strict-Transport-Security": "max-age=31536000; includeSubDomains",
        "Transfer-Encoding": "chunked",
        "Vary": [
          "Accept-Encoding",
          "Accept-Encoding"
        ],
        "x-aml-cluster": "vienna-test-westus2-02",
        "X-Content-Type-Options": "nosniff",
        "x-ms-correlation-request-id": "b5804af8-bf41-417b-af73-39707e9c2536",
        "x-ms-ratelimit-remaining-subscription-reads": "11983",
        "x-ms-response-type": "standard",
        "x-ms-routing-request-id": "JAPANEAST:20230105T094106Z:b5804af8-bf41-417b-af73-39707e9c2536",
        "x-request-time": "0.099"
      },
      "ResponseBody": {
        "id": "/subscriptions/00000000-0000-0000-0000-000000000/resourceGroups/00000/providers/Microsoft.MachineLearningServices/workspaces/00000/datastores/workspaceblobstore",
        "name": "workspaceblobstore",
        "type": "Microsoft.MachineLearningServices/workspaces/datastores",
        "properties": {
          "description": null,
          "tags": null,
          "properties": null,
          "isDefault": true,
          "credentials": {
            "credentialsType": "AccountKey"
          },
          "datastoreType": "AzureBlob",
          "accountName": "sagvgsoim6nmhbq",
          "containerName": "azureml-blobstore-e61cd5e2-512f-475e-9842-5e2a973993b8",
          "endpoint": "core.windows.net",
          "protocol": "https",
          "serviceDataAccessAuthIdentity": "WorkspaceSystemAssignedIdentity"
        },
        "systemData": {
          "createdAt": "2022-09-22T09:02:03.2629568\u002B00:00",
          "createdBy": "779301c0-18b2-4cdc-801b-a0a3368fee0a",
          "createdByType": "Application",
          "lastModifiedAt": "2022-09-22T09:02:04.166989\u002B00:00",
          "lastModifiedBy": "779301c0-18b2-4cdc-801b-a0a3368fee0a",
          "lastModifiedByType": "Application"
        }
      }
    },
    {
      "RequestUri": "https://management.azure.com/subscriptions/00000000-0000-0000-0000-000000000/resourceGroups/00000/providers/Microsoft.MachineLearningServices/workspaces/00000/datastores/workspaceblobstore/listSecrets?api-version=2022-05-01",
      "RequestMethod": "POST",
      "RequestHeaders": {
        "Accept": "application/json",
        "Accept-Encoding": "gzip, deflate",
        "Connection": "keep-alive",
        "Content-Length": "0",
        "User-Agent": "azure-ai-ml/1.4.0 azsdk-python-mgmt-machinelearningservices/0.1.0 Python/3.7.13 (Windows-10-10.0.22621-SP0)"
      },
      "RequestBody": null,
      "StatusCode": 200,
      "ResponseHeaders": {
        "Cache-Control": "no-cache",
        "Content-Encoding": "gzip",
        "Content-Type": "application/json; charset=utf-8",
        "Date": "Thu, 05 Jan 2023 09:41:06 GMT",
        "Expires": "-1",
        "Pragma": "no-cache",
        "Request-Context": "appId=cid-v1:512cc15a-13b5-415b-bfd0-dce7accb6bb1",
        "Server-Timing": "traceparent;desc=\u002200-56d08e2961d27e6868699f8865fb9671-2ac114894503522e-00\u0022",
        "Strict-Transport-Security": "max-age=31536000; includeSubDomains",
        "Transfer-Encoding": "chunked",
        "Vary": "Accept-Encoding",
        "x-aml-cluster": "vienna-test-westus2-02",
        "X-Content-Type-Options": "nosniff",
        "x-ms-correlation-request-id": "7de1f9ac-8c9b-4685-b648-8c42b079b93c",
        "x-ms-ratelimit-remaining-subscription-writes": "1187",
        "x-ms-response-type": "standard",
        "x-ms-routing-request-id": "JAPANEAST:20230105T094106Z:7de1f9ac-8c9b-4685-b648-8c42b079b93c",
        "x-request-time": "0.098"
      },
      "ResponseBody": {
        "secretsType": "AccountKey",
        "key": "dGhpcyBpcyBmYWtlIGtleQ=="
      }
    },
    {
      "RequestUri": "https://sagvgsoim6nmhbq.blob.core.windows.net/azureml-blobstore-e61cd5e2-512f-475e-9842-5e2a973993b8/LocalUpload/00000000000000000000000000000000/COMPONENT_PLACEHOLDER",
      "RequestMethod": "HEAD",
      "RequestHeaders": {
        "Accept": "application/xml",
        "Accept-Encoding": "gzip, deflate",
        "Connection": "keep-alive",
        "User-Agent": "azsdk-python-storage-blob/12.9.0 Python/3.7.13 (Windows-10-10.0.22621-SP0)",
        "x-ms-date": "Thu, 05 Jan 2023 09:41:06 GMT",
        "x-ms-version": "2020-10-02"
      },
      "RequestBody": null,
      "StatusCode": 200,
      "ResponseHeaders": {
        "Accept-Ranges": "bytes",
        "Content-Length": "35",
        "Content-MD5": "L/DnSpFIn\u002BjaQWc\u002BsUQdcw==",
        "Content-Type": "application/octet-stream",
        "Date": "Thu, 05 Jan 2023 09:41:06 GMT",
        "ETag": "\u00220x8DA9D48E17467D7\u0022",
        "Last-Modified": "Fri, 23 Sep 2022 09:49:17 GMT",
        "Server": [
          "Windows-Azure-Blob/1.0",
          "Microsoft-HTTPAPI/2.0"
        ],
        "Vary": "Origin",
        "x-ms-access-tier": "Hot",
        "x-ms-access-tier-inferred": "true",
        "x-ms-blob-type": "BlockBlob",
        "x-ms-creation-time": "Fri, 23 Sep 2022 09:49:16 GMT",
        "x-ms-lease-state": "available",
        "x-ms-lease-status": "unlocked",
        "x-ms-meta-name": "9c9cfba9-82bd-45db-ad06-07009d1d9672",
        "x-ms-meta-upload_status": "completed",
        "x-ms-meta-version": "1",
        "x-ms-server-encrypted": "true",
        "x-ms-version": "2020-10-02"
      },
      "ResponseBody": null
    },
    {
      "RequestUri": "https://sagvgsoim6nmhbq.blob.core.windows.net/azureml-blobstore-e61cd5e2-512f-475e-9842-5e2a973993b8/az-ml-artifacts/00000000000000000000000000000000/COMPONENT_PLACEHOLDER",
      "RequestMethod": "HEAD",
      "RequestHeaders": {
        "Accept": "application/xml",
        "Accept-Encoding": "gzip, deflate",
        "Connection": "keep-alive",
        "User-Agent": "azsdk-python-storage-blob/12.9.0 Python/3.7.13 (Windows-10-10.0.22621-SP0)",
        "x-ms-date": "Thu, 05 Jan 2023 09:41:07 GMT",
        "x-ms-version": "2020-10-02"
      },
      "RequestBody": null,
      "StatusCode": 404,
      "ResponseHeaders": {
        "Date": "Thu, 05 Jan 2023 09:41:06 GMT",
        "Server": [
          "Windows-Azure-Blob/1.0",
          "Microsoft-HTTPAPI/2.0"
        ],
        "Transfer-Encoding": "chunked",
        "Vary": "Origin",
        "x-ms-error-code": "BlobNotFound",
        "x-ms-version": "2020-10-02"
      },
      "ResponseBody": null
    },
    {
      "RequestUri": "https://management.azure.com/subscriptions/00000000-0000-0000-0000-000000000/resourceGroups/00000/providers/Microsoft.MachineLearningServices/workspaces/00000/codes/9c9cfba9-82bd-45db-ad06-07009d1d9672/versions/1?api-version=2022-05-01",
      "RequestMethod": "PUT",
      "RequestHeaders": {
        "Accept": "application/json",
        "Accept-Encoding": "gzip, deflate",
        "Connection": "keep-alive",
        "Content-Length": "288",
        "Content-Type": "application/json",
        "User-Agent": "azure-ai-ml/1.4.0 azsdk-python-mgmt-machinelearningservices/0.1.0 Python/3.7.13 (Windows-10-10.0.22621-SP0)"
      },
      "RequestBody": {
        "properties": {
          "properties": {
            "hash_sha256": "0000000000000",
            "hash_version": "0000000000000"
          },
          "isAnonymous": true,
          "isArchived": false,
          "codeUri": "https://sagvgsoim6nmhbq.blob.core.windows.net/azureml-blobstore-e61cd5e2-512f-475e-9842-5e2a973993b8/LocalUpload/00000000000000000000000000000000"
        }
      },
      "StatusCode": 200,
      "ResponseHeaders": {
        "Cache-Control": "no-cache",
        "Content-Encoding": "gzip",
        "Content-Type": "application/json; charset=utf-8",
        "Date": "Thu, 05 Jan 2023 09:41:08 GMT",
        "Expires": "-1",
        "Pragma": "no-cache",
        "Request-Context": "appId=cid-v1:512cc15a-13b5-415b-bfd0-dce7accb6bb1",
        "Server-Timing": "traceparent;desc=\u002200-7828f7d8f15d36f0ab4cc30fa7bd2f6b-4795686b631109d8-00\u0022",
        "Strict-Transport-Security": "max-age=31536000; includeSubDomains",
        "Transfer-Encoding": "chunked",
        "Vary": [
          "Accept-Encoding",
          "Accept-Encoding"
        ],
        "x-aml-cluster": "vienna-test-westus2-02",
        "X-Content-Type-Options": "nosniff",
        "x-ms-correlation-request-id": "2580e053-a15a-46c5-8982-9d649f008b19",
        "x-ms-ratelimit-remaining-subscription-writes": "1173",
        "x-ms-response-type": "standard",
        "x-ms-routing-request-id": "JAPANEAST:20230105T094108Z:2580e053-a15a-46c5-8982-9d649f008b19",
        "x-request-time": "0.250"
      },
      "ResponseBody": {
        "id": "/subscriptions/00000000-0000-0000-0000-000000000/resourceGroups/00000/providers/Microsoft.MachineLearningServices/workspaces/00000/codes/9c9cfba9-82bd-45db-ad06-07009d1d9672/versions/1",
        "name": "1",
        "type": "Microsoft.MachineLearningServices/workspaces/codes/versions",
        "properties": {
          "description": null,
          "tags": {},
          "properties": {
            "hash_sha256": "0000000000000",
            "hash_version": "0000000000000"
          },
          "isArchived": false,
          "isAnonymous": false,
          "codeUri": "https://sagvgsoim6nmhbq.blob.core.windows.net/azureml-blobstore-e61cd5e2-512f-475e-9842-5e2a973993b8/LocalUpload/00000000000000000000000000000000"
        },
        "systemData": {
          "createdAt": "2022-09-23T09:49:20.984936\u002B00:00",
          "createdBy": "Ying Chen",
          "createdByType": "User",
          "lastModifiedAt": "2023-01-05T09:41:07.9502114\u002B00:00",
          "lastModifiedBy": "Doris Liao",
          "lastModifiedByType": "User"
        }
      }
    },
    {
      "RequestUri": "https://management.azure.com/subscriptions/00000000-0000-0000-0000-000000000/resourceGroups/00000/providers/Microsoft.MachineLearningServices/workspaces/00000/components/test_490089862793/versions/0.0.1?api-version=2022-10-01",
      "RequestMethod": "PUT",
      "RequestHeaders": {
        "Accept": "application/json",
        "Accept-Encoding": "gzip, deflate",
        "Connection": "keep-alive",
        "Content-Length": "1286",
        "Content-Type": "application/json",
        "User-Agent": "azure-ai-ml/1.4.0 azsdk-python-mgmt-machinelearningservices/0.1.0 Python/3.7.13 (Windows-10-10.0.22621-SP0)"
      },
      "RequestBody": {
        "properties": {
          "description": "This is the basic command component",
          "properties": {},
          "tags": {
            "tag": "tagvalue",
            "owner": "sdkteam"
          },
          "isAnonymous": false,
          "isArchived": false,
          "componentSpec": {
            "command": "echo Hello World \u0026 echo $[[${{inputs.component_in_number}}]] \u0026 echo ${{inputs.component_in_path}} \u0026 echo ${{outputs.component_out_path}} \u003E ${{outputs.component_out_path}}/component_in_number",
            "code": "azureml:/subscriptions/00000000-0000-0000-0000-000000000/resourceGroups/00000/providers/Microsoft.MachineLearningServices/workspaces/00000/codes/9c9cfba9-82bd-45db-ad06-07009d1d9672/versions/1",
            "environment": "azureml:AzureML-sklearn-0.24-ubuntu18.04-py37-cpu:1",
            "name": "test_490089862793",
            "description": "This is the basic command component",
            "tags": {
              "tag": "tagvalue",
              "owner": "sdkteam"
            },
            "version": "0.0.1",
            "$schema": "https://azuremlschemas.azureedge.net/development/commandComponent.schema.json",
            "display_name": "CommandComponentBasic",
            "is_deterministic": true,
            "inputs": {
              "component_in_number": {
                "type": "number",
                "optional": true,
                "default": "10.99",
                "description": "A number"
              },
              "component_in_path": {
                "type": "uri_folder",
                "description": "A path"
              }
            },
            "outputs": {
              "component_out_path": {
                "type": "uri_folder"
              }
            },
            "type": "command",
            "_source": "YAML.COMPONENT"
          }
        }
      },
      "StatusCode": 201,
      "ResponseHeaders": {
        "Cache-Control": "no-cache",
        "Content-Length": "2211",
        "Content-Type": "application/json; charset=utf-8",
        "Date": "Thu, 05 Jan 2023 09:41:13 GMT",
        "Expires": "-1",
        "Location": "https://management.azure.com/subscriptions/00000000-0000-0000-0000-000000000/resourceGroups/00000/providers/Microsoft.MachineLearningServices/workspaces/00000/components/test_490089862793/versions/0.0.1?api-version=2022-10-01",
        "Pragma": "no-cache",
        "Request-Context": "appId=cid-v1:512cc15a-13b5-415b-bfd0-dce7accb6bb1",
        "Server-Timing": "traceparent;desc=\u002200-bcfa172a104f912fe383073fc6a17d5b-6037de96f7fe2329-00\u0022",
        "Strict-Transport-Security": "max-age=31536000; includeSubDomains",
        "x-aml-cluster": "vienna-test-westus2-02",
        "X-Content-Type-Options": "nosniff",
        "x-ms-correlation-request-id": "c7987329-4884-42a7-a470-dd4fd5ce97e9",
        "x-ms-ratelimit-remaining-subscription-writes": "1172",
        "x-ms-response-type": "standard",
        "x-ms-routing-request-id": "JAPANEAST:20230105T094113Z:c7987329-4884-42a7-a470-dd4fd5ce97e9",
        "x-request-time": "2.122"
      },
      "ResponseBody": {
        "id": "/subscriptions/00000000-0000-0000-0000-000000000/resourceGroups/00000/providers/Microsoft.MachineLearningServices/workspaces/00000/components/test_490089862793/versions/0.0.1",
        "name": "0.0.1",
        "type": "Microsoft.MachineLearningServices/workspaces/components/versions",
        "properties": {
          "description": null,
          "tags": {
            "tag": "tagvalue",
            "owner": "sdkteam"
          },
          "properties": {},
          "isArchived": false,
          "isAnonymous": false,
          "componentSpec": {
            "name": "test_490089862793",
            "version": "0.0.1",
            "display_name": "CommandComponentBasic",
            "is_deterministic": "True",
            "type": "command",
            "description": "This is the basic command component",
            "tags": {
              "tag": "tagvalue",
              "owner": "sdkteam"
            },
            "inputs": {
              "component_in_path": {
                "type": "uri_folder",
                "optional": "False",
                "description": "A path"
              },
              "component_in_number": {
                "type": "number",
                "optional": "True",
                "default": "10.99",
                "description": "A number"
              }
            },
            "outputs": {
              "component_out_path": {
                "type": "uri_folder"
              }
            },
            "code": "azureml:/subscriptions/00000000-0000-0000-0000-000000000/resourceGroups/00000/providers/Microsoft.MachineLearningServices/workspaces/00000/codes/9c9cfba9-82bd-45db-ad06-07009d1d9672/versions/1",
            "environment": "azureml://registries/azureml-dev/environments/AzureML-sklearn-0.24-ubuntu18.04-py37-cpu/versions/1",
            "resources": {
              "instance_count": "1"
            },
            "command": "echo Hello World \u0026 echo $[[${{inputs.component_in_number}}]] \u0026 echo ${{inputs.component_in_path}} \u0026 echo ${{outputs.component_out_path}} \u003E ${{outputs.component_out_path}}/component_in_number",
            "$schema": "https://azuremlschemas.azureedge.net/development/commandComponent.schema.json"
          }
        },
        "systemData": {
          "createdAt": "2023-01-05T09:41:12.5178646\u002B00:00",
          "createdBy": "Doris Liao",
          "createdByType": "User",
          "lastModifiedAt": "2023-01-05T09:41:13.103249\u002B00:00",
          "lastModifiedBy": "Doris Liao",
          "lastModifiedByType": "User"
        }
      }
    },
    {
      "RequestUri": "https://management.azure.com/subscriptions/00000000-0000-0000-0000-000000000/resourceGroups/00000/providers/Microsoft.MachineLearningServices/workspaces/00000/components?api-version=2022-10-01\u0026listViewType=ActiveOnly",
      "RequestMethod": "GET",
      "RequestHeaders": {
        "Accept": "application/json",
        "Accept-Encoding": "gzip, deflate",
        "Connection": "keep-alive",
        "User-Agent": "azure-ai-ml/1.4.0 azsdk-python-mgmt-machinelearningservices/0.1.0 Python/3.7.13 (Windows-10-10.0.22621-SP0)"
      },
      "RequestBody": null,
      "StatusCode": 200,
      "ResponseHeaders": {
        "Cache-Control": "no-cache",
        "Content-Encoding": "gzip",
        "Content-Type": "application/json; charset=utf-8",
        "Date": "Thu, 05 Jan 2023 09:41:15 GMT",
        "Expires": "-1",
        "Pragma": "no-cache",
        "Request-Context": "appId=cid-v1:512cc15a-13b5-415b-bfd0-dce7accb6bb1",
        "Server-Timing": "traceparent;desc=\u002200-a9d68febca29f8775e3ca218f2946ec0-f094861107bd045a-00\u0022",
        "Strict-Transport-Security": "max-age=31536000; includeSubDomains",
        "Transfer-Encoding": "chunked",
        "Vary": [
          "Accept-Encoding",
          "Accept-Encoding"
        ],
        "x-aml-cluster": "vienna-test-westus2-02",
        "X-Content-Type-Options": "nosniff",
        "x-ms-correlation-request-id": "9a450954-cf53-4da7-88c8-3b21334d1bdf",
        "x-ms-ratelimit-remaining-subscription-reads": "11982",
        "x-ms-response-type": "standard",
        "x-ms-routing-request-id": "JAPANEAST:20230105T094115Z:9a450954-cf53-4da7-88c8-3b21334d1bdf",
        "x-request-time": "1.698"
      },
      "ResponseBody": {
        "value": [
          {
            "id": "/subscriptions/00000000-0000-0000-0000-000000000/resourceGroups/00000/providers/Microsoft.MachineLearningServices/workspaces/00000/components/test_490089862793",
            "name": "test_490089862793",
            "type": "Microsoft.MachineLearningServices/workspaces/components",
            "properties": {
              "description": "",
              "tags": {},
              "properties": {},
              "isArchived": false,
              "latestVersion": null,
              "nextVersion": "2023-01-05-09-41-15-5399465"
            },
            "systemData": {
              "createdAt": "2023-01-05T09:41:12.5178646\u002B00:00",
              "createdBy": "Doris Liao",
              "createdByType": "User",
              "lastModifiedAt": "2023-01-05T09:41:13.103249\u002B00:00",
              "lastModifiedBy": "Doris Liao",
              "lastModifiedByType": "User"
            }
          },
          {
            "id": "/subscriptions/00000000-0000-0000-0000-000000000/resourceGroups/00000/providers/Microsoft.MachineLearningServices/workspaces/00000/components/test_61986134743",
            "name": "test_61986134743",
            "type": "Microsoft.MachineLearningServices/workspaces/components",
            "properties": {
              "description": "",
              "tags": {},
              "properties": {},
              "isArchived": false,
              "latestVersion": null,
              "nextVersion": "2023-01-05-09-41-15-5399876"
            },
            "systemData": {
              "createdAt": "2023-01-05T09:41:01.2696273\u002B00:00",
              "createdBy": "Doris Liao",
              "createdByType": "User",
              "lastModifiedAt": "2023-01-05T09:41:01.8256012\u002B00:00",
              "lastModifiedBy": "Doris Liao",
              "lastModifiedByType": "User"
            }
          },
          {
            "id": "/subscriptions/00000000-0000-0000-0000-000000000/resourceGroups/00000/providers/Microsoft.MachineLearningServices/workspaces/00000/components/test_382959992224",
            "name": "test_382959992224",
            "type": "Microsoft.MachineLearningServices/workspaces/components",
            "properties": {
              "description": "",
              "tags": {},
              "properties": {},
              "isArchived": false,
              "latestVersion": null,
              "nextVersion": "2023-01-05-09-41-15-5400097"
            },
            "systemData": {
              "createdAt": "2023-01-05T09:40:49.7776143\u002B00:00",
              "createdBy": "Doris Liao",
              "createdByType": "User",
              "lastModifiedAt": "2023-01-05T09:40:50.3091173\u002B00:00",
              "lastModifiedBy": "Doris Liao",
              "lastModifiedByType": "User"
            }
          },
          {
            "id": "/subscriptions/00000000-0000-0000-0000-000000000/resourceGroups/00000/providers/Microsoft.MachineLearningServices/workspaces/00000/components/test_976623399208",
            "name": "test_976623399208",
            "type": "Microsoft.MachineLearningServices/workspaces/components",
            "properties": {
              "description": "",
              "tags": {},
              "properties": {},
              "isArchived": false,
              "latestVersion": null,
              "nextVersion": "2023-01-05-09-41-15-5400271"
            },
            "systemData": {
              "createdAt": "2023-01-05T09:40:39.1728248\u002B00:00",
              "createdBy": "Doris Liao",
              "createdByType": "User",
              "lastModifiedAt": "2023-01-05T09:40:39.729362\u002B00:00",
              "lastModifiedBy": "Doris Liao",
              "lastModifiedByType": "User"
            }
          },
          {
            "id": "/subscriptions/00000000-0000-0000-0000-000000000/resourceGroups/00000/providers/Microsoft.MachineLearningServices/workspaces/00000/components/test_90683469202",
            "name": "test_90683469202",
            "type": "Microsoft.MachineLearningServices/workspaces/components",
            "properties": {
              "description": "",
              "tags": {},
              "properties": {},
              "isArchived": false,
              "latestVersion": null,
              "nextVersion": "2023-01-05-09-41-15-5400429"
            },
            "systemData": {
              "createdAt": "2023-01-05T09:40:28.248131\u002B00:00",
              "createdBy": "Doris Liao",
              "createdByType": "User",
              "lastModifiedAt": "2023-01-05T09:40:28.8016946\u002B00:00",
              "lastModifiedBy": "Doris Liao",
              "lastModifiedByType": "User"
            }
          },
          {
            "id": "/subscriptions/00000000-0000-0000-0000-000000000/resourceGroups/00000/providers/Microsoft.MachineLearningServices/workspaces/00000/components/test_795611602709",
            "name": "test_795611602709",
            "type": "Microsoft.MachineLearningServices/workspaces/components",
            "properties": {
              "description": "",
              "tags": {},
              "properties": {},
              "isArchived": false,
              "latestVersion": null,
              "nextVersion": "2023-01-05-09-41-15-5400587"
            },
            "systemData": {
              "createdAt": "2023-01-05T09:40:17.993345\u002B00:00",
              "createdBy": "Doris Liao",
              "createdByType": "User",
              "lastModifiedAt": "2023-01-05T09:40:18.5163114\u002B00:00",
              "lastModifiedBy": "Doris Liao",
              "lastModifiedByType": "User"
            }
          },
          {
            "id": "/subscriptions/00000000-0000-0000-0000-000000000/resourceGroups/00000/providers/Microsoft.MachineLearningServices/workspaces/00000/components/test_977095100089",
            "name": "test_977095100089",
            "type": "Microsoft.MachineLearningServices/workspaces/components",
            "properties": {
              "description": "",
              "tags": {},
              "properties": {},
              "isArchived": false,
              "latestVersion": null,
              "nextVersion": "2023-01-05-09-41-15-5400744"
            },
            "systemData": {
              "createdAt": "2023-01-05T09:40:07.3926762\u002B00:00",
              "createdBy": "Doris Liao",
              "createdByType": "User",
              "lastModifiedAt": "2023-01-05T09:40:08.0546604\u002B00:00",
              "lastModifiedBy": "Doris Liao",
              "lastModifiedByType": "User"
            }
          },
          {
            "id": "/subscriptions/00000000-0000-0000-0000-000000000/resourceGroups/00000/providers/Microsoft.MachineLearningServices/workspaces/00000/components/test_535638811927",
            "name": "test_535638811927",
            "type": "Microsoft.MachineLearningServices/workspaces/components",
            "properties": {
              "description": "",
              "tags": {},
              "properties": {},
              "isArchived": false,
              "latestVersion": null,
              "nextVersion": "2023-01-05-09-41-15-5400904"
            },
            "systemData": {
              "createdAt": "2023-01-05T07:15:50.9225185\u002B00:00",
              "createdBy": "Doris Liao",
              "createdByType": "User",
              "lastModifiedAt": "2023-01-05T07:15:51.4274616\u002B00:00",
              "lastModifiedBy": "Doris Liao",
              "lastModifiedByType": "User"
            }
          },
          {
            "id": "/subscriptions/00000000-0000-0000-0000-000000000/resourceGroups/00000/providers/Microsoft.MachineLearningServices/workspaces/00000/components/test_549777044666",
            "name": "test_549777044666",
            "type": "Microsoft.MachineLearningServices/workspaces/components",
            "properties": {
              "description": "",
              "tags": {},
              "properties": {},
              "isArchived": false,
              "latestVersion": null,
              "nextVersion": "2023-01-05-09-41-15-5401061"
            },
            "systemData": {
              "createdAt": "2023-01-05T06:59:41.2634836\u002B00:00",
              "createdBy": "Doris Liao",
              "createdByType": "User",
              "lastModifiedAt": "2023-01-05T06:59:41.7855578\u002B00:00",
              "lastModifiedBy": "Doris Liao",
              "lastModifiedByType": "User"
            }
          },
          {
            "id": "/subscriptions/00000000-0000-0000-0000-000000000/resourceGroups/00000/providers/Microsoft.MachineLearningServices/workspaces/00000/components/test_697728928183",
            "name": "test_697728928183",
            "type": "Microsoft.MachineLearningServices/workspaces/components",
            "properties": {
              "description": "",
              "tags": {},
              "properties": {},
              "isArchived": false,
              "latestVersion": null,
              "nextVersion": "2023-01-05-09-41-15-5401217"
            },
            "systemData": {
              "createdAt": "2023-01-05T06:44:08.4325152\u002B00:00",
              "createdBy": "Doris Liao",
              "createdByType": "User",
              "lastModifiedAt": "2023-01-05T06:44:08.919977\u002B00:00",
              "lastModifiedBy": "Doris Liao",
              "lastModifiedByType": "User"
            }
          },
          {
            "id": "/subscriptions/00000000-0000-0000-0000-000000000/resourceGroups/00000/providers/Microsoft.MachineLearningServices/workspaces/00000/components/test_474634821700",
            "name": "test_474634821700",
            "type": "Microsoft.MachineLearningServices/workspaces/components",
            "properties": {
              "description": "",
              "tags": {},
              "properties": {},
              "isArchived": false,
              "latestVersion": null,
              "nextVersion": "2023-01-05-09-41-15-5401377"
            },
            "systemData": {
              "createdAt": "2023-01-05T06:36:04.5803698\u002B00:00",
              "createdBy": "Doris Liao",
              "createdByType": "User",
              "lastModifiedAt": "2023-01-05T06:36:05.1018131\u002B00:00",
              "lastModifiedBy": "Doris Liao",
              "lastModifiedByType": "User"
            }
          },
          {
            "id": "/subscriptions/00000000-0000-0000-0000-000000000/resourceGroups/00000/providers/Microsoft.MachineLearningServices/workspaces/00000/components/test_839644974243",
            "name": "test_839644974243",
            "type": "Microsoft.MachineLearningServices/workspaces/components",
            "properties": {
              "description": "",
              "tags": {},
              "properties": {},
              "isArchived": false,
              "latestVersion": null,
              "nextVersion": "2023-01-05-09-41-15-5401534"
            },
            "systemData": {
              "createdAt": "2023-01-05T06:35:26.4836204\u002B00:00",
              "createdBy": "Doris Liao",
              "createdByType": "User",
              "lastModifiedAt": "2023-01-05T06:35:27.0375824\u002B00:00",
              "lastModifiedBy": "Doris Liao",
              "lastModifiedByType": "User"
            }
          },
          {
            "id": "/subscriptions/00000000-0000-0000-0000-000000000/resourceGroups/00000/providers/Microsoft.MachineLearningServices/workspaces/00000/components/test_563752839728",
            "name": "test_563752839728",
            "type": "Microsoft.MachineLearningServices/workspaces/components",
            "properties": {
              "description": "",
              "tags": {},
              "properties": {},
              "isArchived": false,
              "latestVersion": null,
              "nextVersion": "2023-01-05-09-41-15-5401706"
            },
            "systemData": {
              "createdAt": "2023-01-05T06:17:52.071262\u002B00:00",
              "createdBy": "Doris Liao",
              "createdByType": "User",
              "lastModifiedAt": "2023-01-05T06:17:52.5954885\u002B00:00",
              "lastModifiedBy": "Doris Liao",
              "lastModifiedByType": "User"
            }
          },
          {
            "id": "/subscriptions/00000000-0000-0000-0000-000000000/resourceGroups/00000/providers/Microsoft.MachineLearningServices/workspaces/00000/components/test_784335519831",
            "name": "test_784335519831",
            "type": "Microsoft.MachineLearningServices/workspaces/components",
            "properties": {
              "description": "",
              "tags": {},
              "properties": {},
              "isArchived": false,
              "latestVersion": null,
              "nextVersion": "2023-01-05-09-41-15-5401864"
            },
            "systemData": {
              "createdAt": "2023-01-05T06:08:11.6829605\u002B00:00",
              "createdBy": "Doris Liao",
              "createdByType": "User",
              "lastModifiedAt": "2023-01-05T06:08:12.2452442\u002B00:00",
              "lastModifiedBy": "Doris Liao",
              "lastModifiedByType": "User"
            }
          },
          {
            "id": "/subscriptions/00000000-0000-0000-0000-000000000/resourceGroups/00000/providers/Microsoft.MachineLearningServices/workspaces/00000/components/test_515084416672",
            "name": "test_515084416672",
            "type": "Microsoft.MachineLearningServices/workspaces/components",
            "properties": {
              "description": "",
              "tags": {},
              "properties": {},
              "isArchived": false,
              "latestVersion": null,
              "nextVersion": "2023-01-05-09-41-15-5402021"
            },
            "systemData": {
              "createdAt": "2023-01-05T05:57:33.5305984\u002B00:00",
              "createdBy": "Doris Liao",
              "createdByType": "User",
              "lastModifiedAt": "2023-01-05T05:57:34.0467701\u002B00:00",
              "lastModifiedBy": "Doris Liao",
              "lastModifiedByType": "User"
            }
          },
          {
            "id": "/subscriptions/00000000-0000-0000-0000-000000000/resourceGroups/00000/providers/Microsoft.MachineLearningServices/workspaces/00000/components/test_440304810611",
            "name": "test_440304810611",
            "type": "Microsoft.MachineLearningServices/workspaces/components",
            "properties": {
              "description": "",
              "tags": {},
              "properties": {},
              "isArchived": false,
              "latestVersion": null,
              "nextVersion": "2023-01-05-09-41-15-5402180"
            },
            "systemData": {
              "createdAt": "2023-01-05T05:54:45.420808\u002B00:00",
              "createdBy": "Doris Liao",
              "createdByType": "User",
              "lastModifiedAt": "2023-01-05T05:54:46.108832\u002B00:00",
              "lastModifiedBy": "Doris Liao",
              "lastModifiedByType": "User"
            }
          },
          {
            "id": "/subscriptions/00000000-0000-0000-0000-000000000/resourceGroups/00000/providers/Microsoft.MachineLearningServices/workspaces/00000/components/test_520952746576",
            "name": "test_520952746576",
            "type": "Microsoft.MachineLearningServices/workspaces/components",
            "properties": {
              "description": "",
              "tags": {},
              "properties": {},
              "isArchived": false,
              "latestVersion": null,
              "nextVersion": "2023-01-05-09-41-15-5402339"
            },
            "systemData": {
              "createdAt": "2023-01-05T05:31:27.0170356\u002B00:00",
              "createdBy": "Doris Liao",
              "createdByType": "User",
              "lastModifiedAt": "2023-01-05T05:31:27.5428128\u002B00:00",
              "lastModifiedBy": "Doris Liao",
              "lastModifiedByType": "User"
            }
          },
          {
            "id": "/subscriptions/00000000-0000-0000-0000-000000000/resourceGroups/00000/providers/Microsoft.MachineLearningServices/workspaces/00000/components/test_810245846009",
            "name": "test_810245846009",
            "type": "Microsoft.MachineLearningServices/workspaces/components",
            "properties": {
              "description": "",
              "tags": {},
              "properties": {},
              "isArchived": false,
              "latestVersion": null,
              "nextVersion": "2023-01-05-09-41-15-5402497"
            },
            "systemData": {
              "createdAt": "2023-01-05T05:25:30.0654896\u002B00:00",
              "createdBy": "Doris Liao",
              "createdByType": "User",
              "lastModifiedAt": "2023-01-05T05:25:30.6014585\u002B00:00",
              "lastModifiedBy": "Doris Liao",
              "lastModifiedByType": "User"
            }
          },
          {
            "id": "/subscriptions/00000000-0000-0000-0000-000000000/resourceGroups/00000/providers/Microsoft.MachineLearningServices/workspaces/00000/components/test_862780805287",
            "name": "test_862780805287",
            "type": "Microsoft.MachineLearningServices/workspaces/components",
            "properties": {
              "description": "",
              "tags": {},
              "properties": {},
              "isArchived": false,
              "latestVersion": null,
              "nextVersion": "2023-01-05-09-41-15-5402653"
            },
            "systemData": {
              "createdAt": "2023-01-05T05:24:50.5471927\u002B00:00",
              "createdBy": "Doris Liao",
              "createdByType": "User",
              "lastModifiedAt": "2023-01-05T05:24:51.0980412\u002B00:00",
              "lastModifiedBy": "Doris Liao",
              "lastModifiedByType": "User"
            }
          },
          {
            "id": "/subscriptions/00000000-0000-0000-0000-000000000/resourceGroups/00000/providers/Microsoft.MachineLearningServices/workspaces/00000/components/test_183435810865",
            "name": "test_183435810865",
            "type": "Microsoft.MachineLearningServices/workspaces/components",
            "properties": {
              "description": "",
              "tags": {},
              "properties": {},
              "isArchived": false,
              "latestVersion": null,
              "nextVersion": "2023-01-05-09-41-15-5402810"
            },
            "systemData": {
              "createdAt": "2023-01-05T05:24:38.6761918\u002B00:00",
              "createdBy": "Doris Liao",
              "createdByType": "User",
              "lastModifiedAt": "2023-01-05T05:24:39.2311736\u002B00:00",
              "lastModifiedBy": "Doris Liao",
              "lastModifiedByType": "User"
            }
          },
          {
            "id": "/subscriptions/00000000-0000-0000-0000-000000000/resourceGroups/00000/providers/Microsoft.MachineLearningServices/workspaces/00000/components/test_734898545902",
            "name": "test_734898545902",
            "type": "Microsoft.MachineLearningServices/workspaces/components",
            "properties": {
              "description": "",
              "tags": {},
              "properties": {},
              "isArchived": false,
              "latestVersion": null,
              "nextVersion": "2023-01-05-09-41-15-5402971"
            },
            "systemData": {
              "createdAt": "2023-01-05T05:24:26.331818\u002B00:00",
              "createdBy": "Doris Liao",
              "createdByType": "User",
              "lastModifiedAt": "2023-01-05T05:24:26.890057\u002B00:00",
              "lastModifiedBy": "Doris Liao",
              "lastModifiedByType": "User"
            }
          },
          {
            "id": "/subscriptions/00000000-0000-0000-0000-000000000/resourceGroups/00000/providers/Microsoft.MachineLearningServices/workspaces/00000/components/test_35451328725",
            "name": "test_35451328725",
            "type": "Microsoft.MachineLearningServices/workspaces/components",
            "properties": {
              "description": "",
              "tags": {},
              "properties": {},
              "isArchived": false,
              "latestVersion": null,
              "nextVersion": "2023-01-05-09-41-15-5403139"
            },
            "systemData": {
              "createdAt": "2023-01-05T05:24:20.4918415\u002B00:00",
              "createdBy": "Doris Liao",
              "createdByType": "User",
              "lastModifiedAt": "2023-01-05T05:24:21.0501945\u002B00:00",
              "lastModifiedBy": "Doris Liao",
              "lastModifiedByType": "User"
            }
          },
          {
            "id": "/subscriptions/00000000-0000-0000-0000-000000000/resourceGroups/00000/providers/Microsoft.MachineLearningServices/workspaces/00000/components/test_435922554734",
            "name": "test_435922554734",
            "type": "Microsoft.MachineLearningServices/workspaces/components",
            "properties": {
              "description": "",
              "tags": {},
              "properties": {},
              "isArchived": false,
              "latestVersion": null,
              "nextVersion": "2023-01-05-09-41-15-5403296"
            },
            "systemData": {
              "createdAt": "2023-01-05T05:24:03.0095909\u002B00:00",
              "createdBy": "Doris Liao",
              "createdByType": "User",
              "lastModifiedAt": "2023-01-05T05:24:09.5261525\u002B00:00",
              "lastModifiedBy": "Doris Liao",
              "lastModifiedByType": "User"
            }
          },
          {
            "id": "/subscriptions/00000000-0000-0000-0000-000000000/resourceGroups/00000/providers/Microsoft.MachineLearningServices/workspaces/00000/components/test_553617483714",
            "name": "test_553617483714",
            "type": "Microsoft.MachineLearningServices/workspaces/components",
            "properties": {
              "description": "",
              "tags": {},
              "properties": {},
              "isArchived": false,
              "latestVersion": null,
              "nextVersion": "2023-01-05-09-41-15-5403462"
            },
            "systemData": {
              "createdAt": "2023-01-05T05:23:35.6370813\u002B00:00",
              "createdBy": "Doris Liao",
              "createdByType": "User",
              "lastModifiedAt": "2023-01-05T05:23:36.1398231\u002B00:00",
              "lastModifiedBy": "Doris Liao",
              "lastModifiedByType": "User"
            }
          },
          {
            "id": "/subscriptions/00000000-0000-0000-0000-000000000/resourceGroups/00000/providers/Microsoft.MachineLearningServices/workspaces/00000/components/test_484431626042",
            "name": "test_484431626042",
            "type": "Microsoft.MachineLearningServices/workspaces/components",
            "properties": {
              "description": "",
              "tags": {},
              "properties": {},
              "isArchived": false,
              "latestVersion": null,
              "nextVersion": "2023-01-05-09-41-15-5403620"
            },
            "systemData": {
              "createdAt": "2023-01-05T05:23:19.6260514\u002B00:00",
              "createdBy": "Doris Liao",
              "createdByType": "User",
              "lastModifiedAt": "2023-01-05T05:23:25.453101\u002B00:00",
              "lastModifiedBy": "Doris Liao",
              "lastModifiedByType": "User"
            }
          },
          {
            "id": "/subscriptions/00000000-0000-0000-0000-000000000/resourceGroups/00000/providers/Microsoft.MachineLearningServices/workspaces/00000/components/test_272579987112",
            "name": "test_272579987112",
            "type": "Microsoft.MachineLearningServices/workspaces/components",
            "properties": {
              "description": "",
              "tags": {},
              "properties": {},
              "isArchived": false,
              "latestVersion": null,
              "nextVersion": "2023-01-05-09-41-15-5403889"
            },
            "systemData": {
              "createdAt": "2023-01-05T05:23:06.2362477\u002B00:00",
              "createdBy": "Doris Liao",
              "createdByType": "User",
              "lastModifiedAt": "2023-01-05T05:23:09.7284375\u002B00:00",
              "lastModifiedBy": "Doris Liao",
              "lastModifiedByType": "User"
            }
          },
          {
            "id": "/subscriptions/00000000-0000-0000-0000-000000000/resourceGroups/00000/providers/Microsoft.MachineLearningServices/workspaces/00000/components/test_454879005717",
            "name": "test_454879005717",
            "type": "Microsoft.MachineLearningServices/workspaces/components",
            "properties": {
              "description": "",
              "tags": {},
              "properties": {},
              "isArchived": false,
              "latestVersion": null,
              "nextVersion": "2023-01-05-09-41-15-5404046"
            },
            "systemData": {
              "createdAt": "2023-01-05T05:22:47.5203586\u002B00:00",
              "createdBy": "Doris Liao",
              "createdByType": "User",
              "lastModifiedAt": "2023-01-05T05:22:48.0204274\u002B00:00",
              "lastModifiedBy": "Doris Liao",
              "lastModifiedByType": "User"
            }
          },
          {
            "id": "/subscriptions/00000000-0000-0000-0000-000000000/resourceGroups/00000/providers/Microsoft.MachineLearningServices/workspaces/00000/components/test_853113944455",
            "name": "test_853113944455",
            "type": "Microsoft.MachineLearningServices/workspaces/components",
            "properties": {
              "description": "",
              "tags": {},
              "properties": {},
              "isArchived": false,
              "latestVersion": null,
              "nextVersion": "2023-01-05-09-41-15-5404203"
            },
            "systemData": {
              "createdAt": "2023-01-05T05:22:37.1656998\u002B00:00",
              "createdBy": "Doris Liao",
              "createdByType": "User",
              "lastModifiedAt": "2023-01-05T05:22:37.6617554\u002B00:00",
              "lastModifiedBy": "Doris Liao",
              "lastModifiedByType": "User"
            }
          },
          {
            "id": "/subscriptions/00000000-0000-0000-0000-000000000/resourceGroups/00000/providers/Microsoft.MachineLearningServices/workspaces/00000/components/test_554043080580",
            "name": "test_554043080580",
            "type": "Microsoft.MachineLearningServices/workspaces/components",
            "properties": {
              "description": "",
              "tags": {},
              "properties": {},
              "isArchived": false,
              "latestVersion": null,
              "nextVersion": "2023-01-05-09-41-15-5404362"
            },
            "systemData": {
              "createdAt": "2023-01-05T05:22:26.5409448\u002B00:00",
              "createdBy": "Doris Liao",
              "createdByType": "User",
              "lastModifiedAt": "2023-01-05T05:22:27.070044\u002B00:00",
              "lastModifiedBy": "Doris Liao",
              "lastModifiedByType": "User"
            }
          },
          {
            "id": "/subscriptions/00000000-0000-0000-0000-000000000/resourceGroups/00000/providers/Microsoft.MachineLearningServices/workspaces/00000/components/test_269119459766",
            "name": "test_269119459766",
            "type": "Microsoft.MachineLearningServices/workspaces/components",
            "properties": {
              "description": "",
              "tags": {},
              "properties": {},
              "isArchived": false,
              "latestVersion": null,
              "nextVersion": "2023-01-05-09-41-15-5404530"
            },
            "systemData": {
              "createdAt": "2023-01-05T05:22:15.6241111\u002B00:00",
              "createdBy": "Doris Liao",
              "createdByType": "User",
              "lastModifiedAt": "2023-01-05T05:22:16.1082213\u002B00:00",
              "lastModifiedBy": "Doris Liao",
              "lastModifiedByType": "User"
            }
          },
          {
            "id": "/subscriptions/00000000-0000-0000-0000-000000000/resourceGroups/00000/providers/Microsoft.MachineLearningServices/workspaces/00000/components/test_726227934621",
            "name": "test_726227934621",
            "type": "Microsoft.MachineLearningServices/workspaces/components",
            "properties": {
              "description": "",
              "tags": {},
              "properties": {},
              "isArchived": false,
              "latestVersion": null,
              "nextVersion": "2023-01-05-09-41-15-5404688"
            },
            "systemData": {
              "createdAt": "2023-01-05T05:22:04.6579619\u002B00:00",
              "createdBy": "Doris Liao",
              "createdByType": "User",
              "lastModifiedAt": "2023-01-05T05:22:05.1820101\u002B00:00",
              "lastModifiedBy": "Doris Liao",
              "lastModifiedByType": "User"
            }
          },
          {
            "id": "/subscriptions/00000000-0000-0000-0000-000000000/resourceGroups/00000/providers/Microsoft.MachineLearningServices/workspaces/00000/components/test_30600024376",
            "name": "test_30600024376",
            "type": "Microsoft.MachineLearningServices/workspaces/components",
            "properties": {
              "description": "",
              "tags": {},
              "properties": {},
              "isArchived": false,
              "latestVersion": null,
              "nextVersion": "2023-01-05-09-41-15-5404845"
            },
            "systemData": {
              "createdAt": "2023-01-05T05:21:54.2872365\u002B00:00",
              "createdBy": "Doris Liao",
              "createdByType": "User",
              "lastModifiedAt": "2023-01-05T05:21:54.7870591\u002B00:00",
              "lastModifiedBy": "Doris Liao",
              "lastModifiedByType": "User"
            }
          },
          {
            "id": "/subscriptions/00000000-0000-0000-0000-000000000/resourceGroups/00000/providers/Microsoft.MachineLearningServices/workspaces/00000/components/test_684297043013",
            "name": "test_684297043013",
            "type": "Microsoft.MachineLearningServices/workspaces/components",
            "properties": {
              "description": "",
              "tags": {},
              "properties": {},
              "isArchived": false,
              "latestVersion": null,
              "nextVersion": "2023-01-05-09-41-15-5405001"
            },
            "systemData": {
              "createdAt": "2023-01-05T05:21:43.5516408\u002B00:00",
              "createdBy": "Doris Liao",
              "createdByType": "User",
              "lastModifiedAt": "2023-01-05T05:21:44.0544349\u002B00:00",
              "lastModifiedBy": "Doris Liao",
              "lastModifiedByType": "User"
            }
          },
          {
            "id": "/subscriptions/00000000-0000-0000-0000-000000000/resourceGroups/00000/providers/Microsoft.MachineLearningServices/workspaces/00000/components/test_923378105375",
            "name": "test_923378105375",
            "type": "Microsoft.MachineLearningServices/workspaces/components",
            "properties": {
              "description": "",
              "tags": {},
              "properties": {},
              "isArchived": false,
              "latestVersion": null,
              "nextVersion": "2023-01-05-09-41-15-5405220"
            },
            "systemData": {
              "createdAt": "2023-01-05T05:13:05.7391607\u002B00:00",
              "createdBy": "Doris Liao",
              "createdByType": "User",
              "lastModifiedAt": "2023-01-05T05:13:06.2700465\u002B00:00",
              "lastModifiedBy": "Doris Liao",
              "lastModifiedByType": "User"
            }
          },
          {
            "id": "/subscriptions/00000000-0000-0000-0000-000000000/resourceGroups/00000/providers/Microsoft.MachineLearningServices/workspaces/00000/components/test_626996569995",
            "name": "test_626996569995",
            "type": "Microsoft.MachineLearningServices/workspaces/components",
            "properties": {
              "description": "",
              "tags": {},
              "properties": {},
              "isArchived": false,
              "latestVersion": null,
              "nextVersion": "2023-01-05-09-41-15-5405391"
            },
            "systemData": {
              "createdAt": "2023-01-05T05:12:54.9164333\u002B00:00",
              "createdBy": "Doris Liao",
              "createdByType": "User",
              "lastModifiedAt": "2023-01-05T05:12:55.4194219\u002B00:00",
              "lastModifiedBy": "Doris Liao",
              "lastModifiedByType": "User"
            }
          },
          {
            "id": "/subscriptions/00000000-0000-0000-0000-000000000/resourceGroups/00000/providers/Microsoft.MachineLearningServices/workspaces/00000/components/test_89039802623",
            "name": "test_89039802623",
            "type": "Microsoft.MachineLearningServices/workspaces/components",
            "properties": {
              "description": "",
              "tags": {},
              "properties": {},
              "isArchived": false,
              "latestVersion": null,
              "nextVersion": "2023-01-05-09-41-15-5405548"
            },
            "systemData": {
              "createdAt": "2023-01-05T05:12:39.5560433\u002B00:00",
              "createdBy": "Doris Liao",
              "createdByType": "User",
              "lastModifiedAt": "2023-01-05T05:12:40.0396516\u002B00:00",
              "lastModifiedBy": "Doris Liao",
              "lastModifiedByType": "User"
            }
          },
          {
            "id": "/subscriptions/00000000-0000-0000-0000-000000000/resourceGroups/00000/providers/Microsoft.MachineLearningServices/workspaces/00000/components/test_450716265269",
            "name": "test_450716265269",
            "type": "Microsoft.MachineLearningServices/workspaces/components",
            "properties": {
              "description": "",
              "tags": {},
              "properties": {},
              "isArchived": false,
              "latestVersion": null,
              "nextVersion": "2023-01-05-09-41-15-5405705"
            },
            "systemData": {
              "createdAt": "2023-01-05T05:11:21.8722238\u002B00:00",
              "createdBy": "Doris Liao",
              "createdByType": "User",
              "lastModifiedAt": "2023-01-05T05:11:22.3801522\u002B00:00",
              "lastModifiedBy": "Doris Liao",
              "lastModifiedByType": "User"
            }
          },
          {
            "id": "/subscriptions/00000000-0000-0000-0000-000000000/resourceGroups/00000/providers/Microsoft.MachineLearningServices/workspaces/00000/components/test_103488067304",
            "name": "test_103488067304",
            "type": "Microsoft.MachineLearningServices/workspaces/components",
            "properties": {
              "description": "",
              "tags": {},
              "properties": {},
              "isArchived": false,
              "latestVersion": null,
              "nextVersion": "2023-01-05-09-41-15-5405862"
            },
            "systemData": {
              "createdAt": "2023-01-05T05:07:00.4068859\u002B00:00",
              "createdBy": "Doris Liao",
              "createdByType": "User",
              "lastModifiedAt": "2023-01-05T05:07:00.9158047\u002B00:00",
              "lastModifiedBy": "Doris Liao",
              "lastModifiedByType": "User"
            }
          },
          {
            "id": "/subscriptions/00000000-0000-0000-0000-000000000/resourceGroups/00000/providers/Microsoft.MachineLearningServices/workspaces/00000/components/test_790907180516",
            "name": "test_790907180516",
            "type": "Microsoft.MachineLearningServices/workspaces/components",
            "properties": {
              "description": "",
              "tags": {},
              "properties": {},
              "isArchived": false,
              "latestVersion": null,
              "nextVersion": "2023-01-05-09-41-15-5406092"
            },
            "systemData": {
              "createdAt": "2023-01-05T05:05:07.5425372\u002B00:00",
              "createdBy": "Doris Liao",
              "createdByType": "User",
              "lastModifiedAt": "2023-01-05T05:05:08.0524251\u002B00:00",
              "lastModifiedBy": "Doris Liao",
              "lastModifiedByType": "User"
            }
          }
        ],
        "nextLink": "https://management.azure.com/subscriptions/00000000-0000-0000-0000-000000000/resourceGroups/00000/providers/Microsoft.MachineLearningServices/workspaces/00000/components?api-version=2022-10-01\u0026listViewType=ActiveOnly\u0026$skipToken=H4sIAAAAAAAAA6tWCs5ILEoJyQdTzvl5JZl5pYklmfl5IfnZqXlKVtVKvqU5JZklqXmJeSUgrl9qRUlwdmaBkpWpgY6SZzFYo0t-XqqSVVpiTnGqjpJLZgpY0C0xMwcuGJJfkpjjnF8KMsTSxLC2thYAgAzcB3sAAAA"
      }
    },
    {
      "RequestUri": "https://management.azure.com/subscriptions/00000000-0000-0000-0000-000000000/resourceGroups/00000/providers/Microsoft.MachineLearningServices/workspaces/00000/components/test_490089862793/versions?api-version=2022-10-01\u0026listViewType=ActiveOnly",
      "RequestMethod": "GET",
      "RequestHeaders": {
        "Accept": "application/json",
        "Accept-Encoding": "gzip, deflate",
        "Connection": "keep-alive",
        "User-Agent": "azure-ai-ml/1.4.0 azsdk-python-mgmt-machinelearningservices/0.1.0 Python/3.7.13 (Windows-10-10.0.22621-SP0)"
      },
      "RequestBody": null,
      "StatusCode": 200,
      "ResponseHeaders": {
        "Cache-Control": "no-cache",
        "Content-Encoding": "gzip",
        "Content-Type": "application/json; charset=utf-8",
        "Date": "Thu, 05 Jan 2023 09:41:20 GMT",
        "Expires": "-1",
        "Pragma": "no-cache",
        "Request-Context": "appId=cid-v1:512cc15a-13b5-415b-bfd0-dce7accb6bb1",
        "Server-Timing": "traceparent;desc=\u002200-5b202ea259e8762104bf15c0e4cba8df-1af79858fdb96ba4-00\u0022",
        "Strict-Transport-Security": "max-age=31536000; includeSubDomains",
        "Transfer-Encoding": "chunked",
        "Vary": [
          "Accept-Encoding",
          "Accept-Encoding"
        ],
        "x-aml-cluster": "vienna-test-westus2-02",
        "X-Content-Type-Options": "nosniff",
        "x-ms-correlation-request-id": "0815cd67-6d3d-4eb9-8c9d-126839c28202",
        "x-ms-ratelimit-remaining-subscription-reads": "11981",
        "x-ms-response-type": "standard",
        "x-ms-routing-request-id": "JAPANEAST:20230105T094121Z:0815cd67-6d3d-4eb9-8c9d-126839c28202",
        "x-request-time": "0.141"
      },
      "ResponseBody": {
        "value": [
          {
            "id": "/subscriptions/00000000-0000-0000-0000-000000000/resourceGroups/00000/providers/Microsoft.MachineLearningServices/workspaces/00000/components/test_490089862793/versions/0.0.1",
            "name": "0.0.1",
            "type": "Microsoft.MachineLearningServices/workspaces/components/versions",
            "properties": {
              "description": null,
              "tags": {
                "tag": "tagvalue",
                "owner": "sdkteam"
              },
              "properties": {},
              "isArchived": false,
              "isAnonymous": false,
              "componentSpec": {
                "name": "test_490089862793",
                "version": "0.0.1",
                "display_name": "CommandComponentBasic",
                "is_deterministic": "True",
                "type": "command",
                "description": "This is the basic command component",
                "tags": {
                  "tag": "tagvalue",
                  "owner": "sdkteam"
                },
                "inputs": {
                  "component_in_path": {
                    "type": "uri_folder",
                    "optional": "False",
                    "description": "A path"
                  },
                  "component_in_number": {
                    "type": "number",
                    "optional": "True",
                    "default": "10.99",
                    "description": "A number"
                  }
                },
                "outputs": {
                  "component_out_path": {
                    "type": "uri_folder"
                  }
                },
                "code": "azureml:/subscriptions/00000000-0000-0000-0000-000000000/resourceGroups/00000/providers/Microsoft.MachineLearningServices/workspaces/00000/codes/9c9cfba9-82bd-45db-ad06-07009d1d9672/versions/1",
                "environment": "azureml://registries/azureml-dev/environments/AzureML-sklearn-0.24-ubuntu18.04-py37-cpu/versions/1",
                "resources": {
                  "instance_count": "1"
                },
                "command": "echo Hello World \u0026 echo $[[${{inputs.component_in_number}}]] \u0026 echo ${{inputs.component_in_path}} \u0026 echo ${{outputs.component_out_path}} \u003E ${{outputs.component_out_path}}/component_in_number",
                "$schema": "https://azuremlschemas.azureedge.net/development/commandComponent.schema.json"
              }
            },
            "systemData": {
              "createdAt": "2023-01-05T09:41:12.5178646\u002B00:00",
              "createdBy": "Doris Liao",
              "createdByType": "User",
              "lastModifiedAt": "2023-01-05T09:41:13.103249\u002B00:00",
              "lastModifiedBy": "Doris Liao",
              "lastModifiedByType": "User"
            }
          }
        ]
      }
    }
  ],
  "Variables": {
    "component name": "test_490089862793"
  }
}
