{
  "Entries": [
    {
      "RequestUri": "https://management.azure.com/subscriptions/00000000-0000-0000-0000-000000000/resourceGroups/00000/providers/Microsoft.MachineLearningServices/workspaces/00000/codes/000000000000000000000/versions?api-version=2023-04-01\u0026hash=eb5c3bf27d4763392280dd04505a4ec3fc7e692f2991cf46ea52557033fe7f5b\u0026hashVersion=202208",
      "RequestMethod": "GET",
      "RequestHeaders": {
        "Accept": "application/json",
        "Accept-Encoding": "gzip, deflate",
        "Connection": "keep-alive",
        "User-Agent": "azure-ai-ml/1.8.0 azsdk-python-mgmt-machinelearningservices/0.1.0 Python/3.8.12 (Windows-10-10.0.22621-SP0)"
      },
      "RequestBody": null,
      "StatusCode": 200,
      "ResponseHeaders": {
        "Cache-Control": "no-cache",
        "Content-Encoding": "gzip",
        "Content-Type": "application/json; charset=utf-8",
        "Date": "Tue, 23 May 2023 03:44:00 GMT",
        "Expires": "-1",
        "Pragma": "no-cache",
        "Request-Context": "appId=cid-v1:2d2e8e63-272e-4b3c-8598-4ee570a0e70d",
        "Server-Timing": "traceparent;desc=\u002200-15aa5addfa9926f83a310004062107a6-5f05760a4449f3d1-00\u0022",
        "Strict-Transport-Security": "max-age=31536000; includeSubDomains",
        "Transfer-Encoding": "chunked",
        "Vary": [
          "Accept-Encoding",
          "Accept-Encoding"
        ],
        "x-aml-cluster": "vienna-eastus2-01",
        "X-Content-Type-Options": "nosniff",
        "x-ms-correlation-request-id": "75bf6bf0-68b9-4e76-bb3a-58f024a1d17e",
        "x-ms-ratelimit-remaining-subscription-reads": "11999",
        "x-ms-response-type": "standard",
        "x-ms-routing-request-id": "JAPANEAST:20230523T034400Z:75bf6bf0-68b9-4e76-bb3a-58f024a1d17e",
        "x-request-time": "0.136"
      },
      "ResponseBody": {
        "value": [
          {
            "id": "/subscriptions/00000000-0000-0000-0000-000000000/resourceGroups/00000/providers/Microsoft.MachineLearningServices/workspaces/00000/codes/b0152c06-185a-4788-8393-13dc5d192ab5/versions/1",
            "name": "1",
            "type": "Microsoft.MachineLearningServices/workspaces/codes/versions",
            "properties": {
              "description": null,
              "tags": {},
              "properties": {
                "hash_sha256": "eb5c3bf27d4763392280dd04505a4ec3fc7e692f2991cf46ea52557033fe7f5b",
                "hash_version": "202208"
              },
              "isArchived": false,
              "isAnonymous": false,
              "codeUri": "https://amltest5899420437.blob.core.windows.net:443/0bdd51b6-c-87a66032-808f-5ca4-9632-42c3102ecf1c/src",
              "provisioningState": "Succeeded"
            },
            "systemData": {
              "createdAt": "2023-05-22T06:56:55.0652179\u002B00:00",
              "createdBy": "Chenyang Zhang",
              "createdByType": "User",
              "lastModifiedAt": "2023-05-22T06:56:55.0652179\u002B00:00",
              "lastModifiedBy": "Chenyang Zhang",
              "lastModifiedByType": "User"
            }
          }
        ]
      }
    },
    {
      "RequestUri": "https://management.azure.com/subscriptions/00000000-0000-0000-0000-000000000/resourceGroups/00000/providers/Microsoft.MachineLearningServices/workspaces/00000/codes/b0152c06-185a-4788-8393-13dc5d192ab5/versions/1?api-version=2023-04-01",
      "RequestMethod": "GET",
      "RequestHeaders": {
        "Accept": "application/json",
        "Accept-Encoding": "gzip, deflate",
        "Connection": "keep-alive",
        "User-Agent": "azure-ai-ml/1.8.0 azsdk-python-mgmt-machinelearningservices/0.1.0 Python/3.8.12 (Windows-10-10.0.22621-SP0)"
      },
      "RequestBody": null,
      "StatusCode": 200,
      "ResponseHeaders": {
        "Cache-Control": "no-cache",
        "Content-Encoding": "gzip",
        "Content-Type": "application/json; charset=utf-8",
        "Date": "Tue, 23 May 2023 03:44:00 GMT",
        "Expires": "-1",
        "Pragma": "no-cache",
        "Request-Context": "appId=cid-v1:2d2e8e63-272e-4b3c-8598-4ee570a0e70d",
        "Server-Timing": "traceparent;desc=\u002200-f33d35a7d0defcffe836a9def9881d9a-dd0167d5f32524ce-00\u0022",
        "Strict-Transport-Security": "max-age=31536000; includeSubDomains",
        "Transfer-Encoding": "chunked",
        "Vary": [
          "Accept-Encoding",
          "Accept-Encoding"
        ],
        "x-aml-cluster": "vienna-eastus2-01",
        "X-Content-Type-Options": "nosniff",
        "x-ms-correlation-request-id": "9ef3a92d-2688-4e73-bec0-fc876f115653",
        "x-ms-ratelimit-remaining-subscription-reads": "11998",
        "x-ms-response-type": "standard",
        "x-ms-routing-request-id": "JAPANEAST:20230523T034401Z:9ef3a92d-2688-4e73-bec0-fc876f115653",
        "x-request-time": "0.043"
      },
      "ResponseBody": {
        "id": "/subscriptions/00000000-0000-0000-0000-000000000/resourceGroups/00000/providers/Microsoft.MachineLearningServices/workspaces/00000/codes/b0152c06-185a-4788-8393-13dc5d192ab5/versions/1",
        "name": "1",
        "type": "Microsoft.MachineLearningServices/workspaces/codes/versions",
        "properties": {
          "description": null,
          "tags": {},
          "properties": {
            "hash_sha256": "0000000000000",
            "hash_version": "0000000000000"
          },
          "isArchived": false,
          "isAnonymous": false,
          "codeUri": "https://amltest5899420437.blob.core.windows.net:443/0bdd51b6-c-87a66032-808f-5ca4-9632-42c3102ecf1c/src",
          "provisioningState": "Succeeded"
        },
        "systemData": {
          "createdAt": "2023-05-22T06:56:55.0652179\u002B00:00",
          "createdBy": "Chenyang Zhang",
          "createdByType": "User",
          "lastModifiedAt": "2023-05-22T06:56:55.0652179\u002B00:00",
          "lastModifiedBy": "Chenyang Zhang",
          "lastModifiedByType": "User"
        }
      }
    },
    {
      "RequestUri": "https://management.azure.com/subscriptions/00000000-0000-0000-0000-000000000/resourceGroups/00000/providers/Microsoft.MachineLearningServices/workspaces/00000/components/test_112352846251/versions/1?api-version=2022-10-01",
      "RequestMethod": "PUT",
      "RequestHeaders": {
        "Accept": "application/json",
        "Accept-Encoding": "gzip, deflate",
        "Connection": "keep-alive",
        "Content-Length": "1122",
        "Content-Type": "application/json",
        "User-Agent": "azure-ai-ml/1.8.0 azsdk-python-mgmt-machinelearningservices/0.1.0 Python/3.8.12 (Windows-10-10.0.22621-SP0)"
      },
      "RequestBody": {
        "properties": {
          "description": "Aml Spark dataset test module",
          "properties": {
            "client_component_hash": "52d4ecf8-a65b-768a-76ac-91ee9f9bcd3b"
          },
          "tags": {},
          "isAnonymous": false,
          "isArchived": false,
          "componentSpec": {
            "code": "azureml:/subscriptions/00000000-0000-0000-0000-000000000/resourceGroups/00000/providers/Microsoft.MachineLearningServices/workspaces/00000/codes/b0152c06-185a-4788-8393-13dc5d192ab5/versions/1",
            "entry": {
              "file": "kmeans_example.py"
            },
            "conf": {
              "spark.driver.cores": 2,
              "spark.driver.memory": "1g",
              "spark.executor.cores": 1,
              "spark.executor.memory": "1g",
              "spark.executor.instances": 1
            },
            "args": "--file_input ${{inputs.file_input}} --output ${{outputs.output}}",
            "name": "test_112352846251",
            "description": "Aml Spark dataset test module",
            "version": "1",
            "$schema": "https://azuremlschemas.azureedge.net/latest/sparkComponent.schema.json",
            "display_name": "Aml Spark dataset test module",
            "is_deterministic": true,
            "inputs": {
              "file_input": {
                "type": "uri_file",
                "mode": "direct"
              }
            },
            "outputs": {
              "output": {
                "type": "uri_folder",
                "mode": "direct"
              }
            },
            "type": "spark",
            "_source": "YAML.COMPONENT"
          }
        }
      },
      "StatusCode": 201,
      "ResponseHeaders": {
        "Cache-Control": "no-cache",
        "Content-Length": "1881",
        "Content-Type": "application/json; charset=utf-8",
        "Date": "Tue, 23 May 2023 03:44:02 GMT",
        "Expires": "-1",
        "Location": "https://management.azure.com/subscriptions/00000000-0000-0000-0000-000000000/resourceGroups/00000/providers/Microsoft.MachineLearningServices/workspaces/00000/components/test_112352846251/versions/1?api-version=2022-10-01",
        "Pragma": "no-cache",
        "Request-Context": "appId=cid-v1:2d2e8e63-272e-4b3c-8598-4ee570a0e70d",
        "Server-Timing": "traceparent;desc=\u002200-9b05efa6395593e895cfc54d6c38bdf2-383d796b50823bb6-01\u0022",
        "Strict-Transport-Security": "max-age=31536000; includeSubDomains",
        "x-aml-cluster": "vienna-eastus2-01",
        "X-Content-Type-Options": "nosniff",
        "x-ms-correlation-request-id": "77040837-da41-4545-95f2-fec6f183da39",
        "x-ms-ratelimit-remaining-subscription-writes": "1199",
        "x-ms-response-type": "standard",
        "x-ms-routing-request-id": "JAPANEAST:20230523T034403Z:77040837-da41-4545-95f2-fec6f183da39",
        "x-request-time": "0.346"
      },
      "ResponseBody": {
        "id": "/subscriptions/00000000-0000-0000-0000-000000000/resourceGroups/00000/providers/Microsoft.MachineLearningServices/workspaces/00000/components/test_112352846251/versions/1",
        "name": "1",
        "type": "Microsoft.MachineLearningServices/workspaces/components/versions",
        "properties": {
          "description": null,
          "tags": {},
          "properties": {
            "client_component_hash": "52d4ecf8-a65b-768a-76ac-91ee9f9bcd3b"
          },
          "isArchived": false,
          "isAnonymous": false,
          "componentSpec": {
            "$schema": "https://azuremlschemas.azureedge.net/latest/sparkComponent.schema.json",
            "name": "test_112352846251",
            "version": "1",
            "display_name": "Aml Spark dataset test module",
            "is_deterministic": "True",
            "type": "spark",
            "description": "Aml Spark dataset test module",
            "inputs": {
              "file_input": {
                "type": "uri_file",
                "optional": "False"
              }
            },
            "outputs": {
              "output": {
                "type": "uri_folder"
              }
            },
            "code": "azureml:/subscriptions/00000000-0000-0000-0000-000000000/resourceGroups/00000/providers/Microsoft.MachineLearningServices/workspaces/00000/codes/b0152c06-185a-4788-8393-13dc5d192ab5/versions/1",
            "args": "--file_input ${{inputs.file_input}} --output ${{outputs.output}}",
            "entry": {
              "file": "kmeans_example.py"
            },
            "conf": {
              "spark.driver.cores": "2",
              "spark.driver.memory": "1g",
              "spark.executor.cores": "1",
              "spark.executor.memory": "1g",
              "spark.executor.instances": "1"
            }
          }
        },
        "systemData": {
          "createdAt": "2023-05-23T03:44:03.5529023\u002B00:00",
          "createdBy": "Chenyang Zhang",
          "createdByType": "User",
          "lastModifiedAt": "2023-05-23T03:44:03.6087888\u002B00:00",
          "lastModifiedBy": "Chenyang Zhang",
          "lastModifiedByType": "User"
        }
      }
    },
    {
      "RequestUri": "https://management.azure.com/subscriptions/00000000-0000-0000-0000-000000000/resourceGroups/00000/providers/Microsoft.MachineLearningServices/workspaces/00000/components/test_112352846251/versions/1?api-version=2022-10-01",
      "RequestMethod": "GET",
      "RequestHeaders": {
        "Accept": "application/json",
        "Accept-Encoding": "gzip, deflate",
        "Connection": "keep-alive",
        "User-Agent": "azure-ai-ml/1.8.0 azsdk-python-mgmt-machinelearningservices/0.1.0 Python/3.8.12 (Windows-10-10.0.22621-SP0)"
      },
      "RequestBody": null,
      "StatusCode": 200,
      "ResponseHeaders": {
        "Cache-Control": "no-cache",
        "Content-Encoding": "gzip",
        "Content-Type": "application/json; charset=utf-8",
        "Date": "Tue, 23 May 2023 03:44:03 GMT",
        "Expires": "-1",
        "Pragma": "no-cache",
        "Request-Context": "appId=cid-v1:2d2e8e63-272e-4b3c-8598-4ee570a0e70d",
        "Server-Timing": "traceparent;desc=\u002200-054ef36664a62bc8865fbbec6add2e27-27fc2ddadc3a45c3-00\u0022",
        "Strict-Transport-Security": "max-age=31536000; includeSubDomains",
        "Transfer-Encoding": "chunked",
        "Vary": [
          "Accept-Encoding",
          "Accept-Encoding"
        ],
        "x-aml-cluster": "vienna-eastus2-01",
        "X-Content-Type-Options": "nosniff",
        "x-ms-correlation-request-id": "6adb3f43-e0db-401d-854c-e7cf33d15a48",
        "x-ms-ratelimit-remaining-subscription-reads": "11997",
        "x-ms-response-type": "standard",
        "x-ms-routing-request-id": "JAPANEAST:20230523T034404Z:6adb3f43-e0db-401d-854c-e7cf33d15a48",
        "x-request-time": "0.073"
      },
      "ResponseBody": {
        "id": "/subscriptions/00000000-0000-0000-0000-000000000/resourceGroups/00000/providers/Microsoft.MachineLearningServices/workspaces/00000/components/test_112352846251/versions/1",
        "name": "1",
        "type": "Microsoft.MachineLearningServices/workspaces/components/versions",
        "properties": {
          "description": null,
          "tags": {},
          "properties": {
            "client_component_hash": "52d4ecf8-a65b-768a-76ac-91ee9f9bcd3b"
          },
          "isArchived": false,
          "isAnonymous": false,
          "componentSpec": {
            "$schema": "https://azuremlschemas.azureedge.net/latest/sparkComponent.schema.json",
            "name": "test_112352846251",
            "version": "1",
            "display_name": "Aml Spark dataset test module",
            "is_deterministic": "True",
            "type": "spark",
            "description": "Aml Spark dataset test module",
            "inputs": {
              "file_input": {
                "type": "uri_file",
                "optional": "False"
              }
            },
            "outputs": {
              "output": {
                "type": "uri_folder"
              }
            },
            "code": "azureml:/subscriptions/00000000-0000-0000-0000-000000000/resourceGroups/00000/providers/Microsoft.MachineLearningServices/workspaces/00000/codes/b0152c06-185a-4788-8393-13dc5d192ab5/versions/1",
            "args": "--file_input ${{inputs.file_input}} --output ${{outputs.output}}",
            "entry": {
              "file": "kmeans_example.py"
            },
            "conf": {
              "spark.driver.cores": "2",
              "spark.driver.memory": "1g",
              "spark.executor.cores": "1",
              "spark.executor.memory": "1g",
              "spark.executor.instances": "1"
            }
          }
        },
        "systemData": {
          "createdAt": "2023-05-23T03:44:03.5529023\u002B00:00",
          "createdBy": "Chenyang Zhang",
          "createdByType": "User",
          "lastModifiedAt": "2023-05-23T03:44:03.6087888\u002B00:00",
          "lastModifiedBy": "Chenyang Zhang",
          "lastModifiedByType": "User"
        }
      }
    },
    {
      "RequestUri": "https://management.azure.com/subscriptions/00000000-0000-0000-0000-000000000/resourceGroups/00000/providers/Microsoft.MachineLearningServices/workspaces/00000/codes/000000000000000000000/versions?api-version=2023-04-01\u0026hash=eb5c3bf27d4763392280dd04505a4ec3fc7e692f2991cf46ea52557033fe7f5b\u0026hashVersion=202208",
      "RequestMethod": "GET",
      "RequestHeaders": {
        "Accept": "application/json",
        "Accept-Encoding": "gzip, deflate",
        "Connection": "keep-alive",
        "User-Agent": "azure-ai-ml/1.8.0 azsdk-python-mgmt-machinelearningservices/0.1.0 Python/3.8.12 (Windows-10-10.0.22621-SP0)"
      },
      "RequestBody": null,
      "StatusCode": 200,
      "ResponseHeaders": {
        "Cache-Control": "no-cache",
        "Content-Encoding": "gzip",
        "Content-Type": "application/json; charset=utf-8",
        "Date": "Tue, 23 May 2023 03:44:03 GMT",
        "Expires": "-1",
        "Pragma": "no-cache",
        "Request-Context": "appId=cid-v1:2d2e8e63-272e-4b3c-8598-4ee570a0e70d",
        "Server-Timing": "traceparent;desc=\u002200-6e66deb2f174bdb0fd49b825b1b6d69b-7a52df726166a1bb-00\u0022",
        "Strict-Transport-Security": "max-age=31536000; includeSubDomains",
        "Transfer-Encoding": "chunked",
        "Vary": [
          "Accept-Encoding",
          "Accept-Encoding"
        ],
        "x-aml-cluster": "vienna-eastus2-01",
        "X-Content-Type-Options": "nosniff",
        "x-ms-correlation-request-id": "6e07ad5f-66f2-4500-bb85-e5f5110b4c5a",
        "x-ms-ratelimit-remaining-subscription-reads": "11996",
        "x-ms-response-type": "standard",
        "x-ms-routing-request-id": "JAPANEAST:20230523T034404Z:6e07ad5f-66f2-4500-bb85-e5f5110b4c5a",
        "x-request-time": "0.040"
      },
      "ResponseBody": {
        "value": [
          {
            "id": "/subscriptions/00000000-0000-0000-0000-000000000/resourceGroups/00000/providers/Microsoft.MachineLearningServices/workspaces/00000/codes/b0152c06-185a-4788-8393-13dc5d192ab5/versions/1",
            "name": "1",
            "type": "Microsoft.MachineLearningServices/workspaces/codes/versions",
            "properties": {
              "description": null,
              "tags": {},
              "properties": {
                "hash_sha256": "eb5c3bf27d4763392280dd04505a4ec3fc7e692f2991cf46ea52557033fe7f5b",
                "hash_version": "202208"
              },
              "isArchived": false,
              "isAnonymous": false,
              "codeUri": "https://amltest5899420437.blob.core.windows.net:443/0bdd51b6-c-87a66032-808f-5ca4-9632-42c3102ecf1c/src",
              "provisioningState": "Succeeded"
            },
            "systemData": {
              "createdAt": "2023-05-22T06:56:55.0652179\u002B00:00",
              "createdBy": "Chenyang Zhang",
              "createdByType": "User",
              "lastModifiedAt": "2023-05-22T06:56:55.0652179\u002B00:00",
              "lastModifiedBy": "Chenyang Zhang",
              "lastModifiedByType": "User"
            }
          }
        ]
      }
    },
    {
      "RequestUri": "https://management.azure.com/subscriptions/00000000-0000-0000-0000-000000000/resourceGroups/00000/providers/Microsoft.MachineLearningServices/workspaces/00000/codes/b0152c06-185a-4788-8393-13dc5d192ab5/versions/1?api-version=2023-04-01",
      "RequestMethod": "GET",
      "RequestHeaders": {
        "Accept": "application/json",
        "Accept-Encoding": "gzip, deflate",
        "Connection": "keep-alive",
        "User-Agent": "azure-ai-ml/1.8.0 azsdk-python-mgmt-machinelearningservices/0.1.0 Python/3.8.12 (Windows-10-10.0.22621-SP0)"
      },
      "RequestBody": null,
      "StatusCode": 200,
      "ResponseHeaders": {
        "Cache-Control": "no-cache",
        "Content-Encoding": "gzip",
        "Content-Type": "application/json; charset=utf-8",
        "Date": "Tue, 23 May 2023 03:44:04 GMT",
        "Expires": "-1",
        "Pragma": "no-cache",
        "Request-Context": "appId=cid-v1:2d2e8e63-272e-4b3c-8598-4ee570a0e70d",
        "Server-Timing": "traceparent;desc=\u002200-675078dd678b3207983e9b91f9ad1435-8491ed7726308c2b-00\u0022",
        "Strict-Transport-Security": "max-age=31536000; includeSubDomains",
        "Transfer-Encoding": "chunked",
        "Vary": [
          "Accept-Encoding",
          "Accept-Encoding"
        ],
        "x-aml-cluster": "vienna-eastus2-01",
        "X-Content-Type-Options": "nosniff",
        "x-ms-correlation-request-id": "c38163da-2291-42f1-8d42-7fd01e88def3",
        "x-ms-ratelimit-remaining-subscription-reads": "11995",
        "x-ms-response-type": "standard",
        "x-ms-routing-request-id": "JAPANEAST:20230523T034405Z:c38163da-2291-42f1-8d42-7fd01e88def3",
        "x-request-time": "0.038"
      },
      "ResponseBody": {
        "id": "/subscriptions/00000000-0000-0000-0000-000000000/resourceGroups/00000/providers/Microsoft.MachineLearningServices/workspaces/00000/codes/b0152c06-185a-4788-8393-13dc5d192ab5/versions/1",
        "name": "1",
        "type": "Microsoft.MachineLearningServices/workspaces/codes/versions",
        "properties": {
          "description": null,
          "tags": {},
          "properties": {
            "hash_sha256": "0000000000000",
            "hash_version": "0000000000000"
          },
          "isArchived": false,
          "isAnonymous": false,
          "codeUri": "https://amltest5899420437.blob.core.windows.net:443/0bdd51b6-c-87a66032-808f-5ca4-9632-42c3102ecf1c/src",
          "provisioningState": "Succeeded"
        },
        "systemData": {
          "createdAt": "2023-05-22T06:56:55.0652179\u002B00:00",
          "createdBy": "Chenyang Zhang",
          "createdByType": "User",
          "lastModifiedAt": "2023-05-22T06:56:55.0652179\u002B00:00",
          "lastModifiedBy": "Chenyang Zhang",
          "lastModifiedByType": "User"
        }
      }
    },
    {
      "RequestUri": "https://management.azure.com/subscriptions/00000000-0000-0000-0000-000000000/resourceGroups/00000/providers/Microsoft.MachineLearningServices/workspaces/00000/components/test_112352846251/versions/2?api-version=2022-10-01",
      "RequestMethod": "PUT",
      "RequestHeaders": {
        "Accept": "application/json",
        "Accept-Encoding": "gzip, deflate",
        "Connection": "keep-alive",
        "Content-Length": "1122",
        "Content-Type": "application/json",
        "User-Agent": "azure-ai-ml/1.8.0 azsdk-python-mgmt-machinelearningservices/0.1.0 Python/3.8.12 (Windows-10-10.0.22621-SP0)"
      },
      "RequestBody": {
        "properties": {
          "description": "Aml Spark dataset test module",
          "properties": {
            "client_component_hash": "52d4ecf8-a65b-768a-76ac-91ee9f9bcd3b"
          },
          "tags": {},
          "isAnonymous": false,
          "isArchived": false,
          "componentSpec": {
            "code": "azureml:/subscriptions/00000000-0000-0000-0000-000000000/resourceGroups/00000/providers/Microsoft.MachineLearningServices/workspaces/00000/codes/b0152c06-185a-4788-8393-13dc5d192ab5/versions/1",
            "entry": {
              "file": "kmeans_example.py"
            },
            "conf": {
              "spark.driver.cores": 2,
              "spark.driver.memory": "1g",
              "spark.executor.cores": 1,
              "spark.executor.memory": "1g",
              "spark.executor.instances": 1
            },
            "args": "--file_input ${{inputs.file_input}} --output ${{outputs.output}}",
            "name": "test_112352846251",
            "description": "Aml Spark dataset test module",
            "version": "2",
            "$schema": "https://azuremlschemas.azureedge.net/latest/sparkComponent.schema.json",
            "display_name": "Aml Spark dataset test module",
            "is_deterministic": true,
            "inputs": {
              "file_input": {
                "type": "uri_file",
                "mode": "direct"
              }
            },
            "outputs": {
              "output": {
                "type": "uri_folder",
                "mode": "direct"
              }
            },
            "type": "spark",
            "_source": "YAML.COMPONENT"
          }
        }
      },
      "StatusCode": 201,
      "ResponseHeaders": {
        "Cache-Control": "no-cache",
        "Content-Length": "1881",
        "Content-Type": "application/json; charset=utf-8",
        "Date": "Tue, 23 May 2023 03:44:05 GMT",
        "Expires": "-1",
        "Location": "https://management.azure.com/subscriptions/00000000-0000-0000-0000-000000000/resourceGroups/00000/providers/Microsoft.MachineLearningServices/workspaces/00000/components/test_112352846251/versions/2?api-version=2022-10-01",
        "Pragma": "no-cache",
        "Request-Context": "appId=cid-v1:2d2e8e63-272e-4b3c-8598-4ee570a0e70d",
        "Server-Timing": "traceparent;desc=\u002200-aac4031987a59d9e7d3671c955475d19-2d72db618948de14-01\u0022",
        "Strict-Transport-Security": "max-age=31536000; includeSubDomains",
        "x-aml-cluster": "vienna-eastus2-01",
        "X-Content-Type-Options": "nosniff",
        "x-ms-correlation-request-id": "5796a8dc-e6a8-471d-a6f3-4dafd9633806",
        "x-ms-ratelimit-remaining-subscription-writes": "1198",
        "x-ms-response-type": "standard",
        "x-ms-routing-request-id": "JAPANEAST:20230523T034405Z:5796a8dc-e6a8-471d-a6f3-4dafd9633806",
        "x-request-time": "0.284"
      },
      "ResponseBody": {
        "id": "/subscriptions/00000000-0000-0000-0000-000000000/resourceGroups/00000/providers/Microsoft.MachineLearningServices/workspaces/00000/components/test_112352846251/versions/2",
        "name": "2",
        "type": "Microsoft.MachineLearningServices/workspaces/components/versions",
        "properties": {
          "description": null,
          "tags": {},
          "properties": {
            "client_component_hash": "52d4ecf8-a65b-768a-76ac-91ee9f9bcd3b"
          },
          "isArchived": false,
          "isAnonymous": false,
          "componentSpec": {
            "$schema": "https://azuremlschemas.azureedge.net/latest/sparkComponent.schema.json",
            "name": "test_112352846251",
            "version": "2",
            "display_name": "Aml Spark dataset test module",
            "is_deterministic": "True",
            "type": "spark",
            "description": "Aml Spark dataset test module",
            "inputs": {
              "file_input": {
                "type": "uri_file",
                "optional": "False"
              }
            },
            "outputs": {
              "output": {
                "type": "uri_folder"
              }
            },
            "code": "azureml:/subscriptions/00000000-0000-0000-0000-000000000/resourceGroups/00000/providers/Microsoft.MachineLearningServices/workspaces/00000/codes/b0152c06-185a-4788-8393-13dc5d192ab5/versions/1",
            "args": "--file_input ${{inputs.file_input}} --output ${{outputs.output}}",
            "entry": {
              "file": "kmeans_example.py"
            },
            "conf": {
              "spark.driver.cores": "2",
              "spark.driver.memory": "1g",
              "spark.executor.cores": "1",
              "spark.executor.memory": "1g",
              "spark.executor.instances": "1"
            }
          }
        },
        "systemData": {
          "createdAt": "2023-05-23T03:44:05.7894716\u002B00:00",
          "createdBy": "Chenyang Zhang",
          "createdByType": "User",
          "lastModifiedAt": "2023-05-23T03:44:05.8426166\u002B00:00",
          "lastModifiedBy": "Chenyang Zhang",
          "lastModifiedByType": "User"
        }
      }
    }
  ],
  "Variables": {
    "spark_component_name": "test_112352846251"
  }
}
