interactions:
- request:
    body: 'b''b\''{"displayName": "testsearch20200014", "description": "testsearch20200014",
      "phonePlanIds": ["phone_plan_id"], "areaCode": "area_code_for_search", "quantity":
      1}\'''''
    headers:
      Accept:
      - application/json
      Accept-Encoding:
      - gzip, deflate
      Connection:
      - keep-alive
      Content-Length:
      - '166'
      Content-Type:
      - application/json
      Date:
      - Mon, 19 Oct 2020 17:13:46 GMT
      User-Agent:
      - azsdk-python-communication-administration/1.0.0b2 Python/3.6.9 (Linux-5.4.0-48-generic-x86_64-with-Ubuntu-18.04-bionic)
      x-ms-return-client-request-id:
      - 'true'
    method: POST
    uri: https://sanitized.communication.azure.com/administration/phonenumbers/searches?api-version=2020-07-20-preview1
  response:
    body: '{"searchId": "sanitized"}'
    headers:
      content-type:
      - application/json; charset=utf-8
      date:
      - Mon, 19 Oct 2020 17:13:47 GMT
      ms-cv:
      - dOilIGjyhEyTzEcV7qWXoA.0
      transfer-encoding:
      - chunked
      x-processing-time:
      - 831ms
    status:
      code: 201
      message: Created
- request:
    body: null
    headers:
      Accept:
      - application/json
      Accept-Encoding:
      - gzip, deflate
      Connection:
      - keep-alive
      Date:
      - Mon, 19 Oct 2020 17:13:47 GMT
      User-Agent:
      - azsdk-python-communication-administration/1.0.0b2 Python/3.6.9 (Linux-5.4.0-48-generic-x86_64-with-Ubuntu-18.04-bionic)
      x-ms-return-client-request-id:
      - 'true'
    method: GET
    uri: https://sanitized.communication.azure.com/administration/phonenumbers/searches/145a6db2-1c3f-4543-b5c2-74b99fe79f3c?api-version=2020-07-20-preview1
  response:
    body: '{"searchId": "sanitized", "displayName": "testsearch20200014", "createdAt":
      "2020-10-19T17:13:46.8606366+00:00", "description": "testsearch20200014", "phonePlanIds":
      "sanitized", "areaCode": "area_code_for_search", "quantity": 1, "locationOptions":
      [], "status": "Pending", "phoneNumbers": "sanitized"}'
    headers:
      content-type:
      - application/json; charset=utf-8
      date:
      - Mon, 19 Oct 2020 17:13:47 GMT
      ms-cv:
      - WRiM+No44EOUo69RISxMSg.0
      transfer-encoding:
      - chunked
      x-processing-time:
      - 277ms
    status:
      code: 200
      message: OK
- request:
    body: null
    headers:
      Accept:
      - application/json
      Accept-Encoding:
      - gzip, deflate
      Connection:
      - keep-alive
      Date:
      - Mon, 19 Oct 2020 17:13:47 GMT
      User-Agent:
      - azsdk-python-communication-administration/1.0.0b2 Python/3.6.9 (Linux-5.4.0-48-generic-x86_64-with-Ubuntu-18.04-bionic)
      x-ms-return-client-request-id:
      - 'true'
    method: GET
    uri: https://sanitized.communication.azure.com/administration/phonenumbers/searches/145a6db2-1c3f-4543-b5c2-74b99fe79f3c?api-version=2020-07-20-preview1
  response:
    body: '{"searchId": "sanitized", "displayName": "testsearch20200014", "createdAt":
      "2020-10-19T17:13:46.8606366+00:00", "description": "testsearch20200014", "phonePlanIds":
      "sanitized", "areaCode": "area_code_for_search", "quantity": 1, "locationOptions":
      [], "status": "Pending", "phoneNumbers": "sanitized"}'
    headers:
      content-type:
      - application/json; charset=utf-8
      date:
      - Mon, 19 Oct 2020 17:13:47 GMT
      ms-cv:
      - lx7iL1+Zj06eD0SeP2QZMA.0
      transfer-encoding:
      - chunked
      x-processing-time:
      - 425ms
    status:
      code: 200
      message: OK
- request:
    body: null
    headers:
      Accept:
      - application/json
      Accept-Encoding:
      - gzip, deflate
      Connection:
      - keep-alive
      Date:
      - Mon, 19 Oct 2020 17:13:53 GMT
      User-Agent:
      - azsdk-python-communication-administration/1.0.0b2 Python/3.6.9 (Linux-5.4.0-48-generic-x86_64-with-Ubuntu-18.04-bionic)
      x-ms-return-client-request-id:
      - 'true'
    method: GET
    uri: https://sanitized.communication.azure.com/administration/phonenumbers/searches/145a6db2-1c3f-4543-b5c2-74b99fe79f3c?api-version=2020-07-20-preview1
  response:
    body: '{"searchId": "sanitized", "displayName": "testsearch20200014", "createdAt":
      "2020-10-19T17:13:46.8606366+00:00", "description": "testsearch20200014", "phonePlanIds":
      "sanitized", "areaCode": "area_code_for_search", "quantity": 1, "locationOptions":
      [], "status": "InProgress", "phoneNumbers": "sanitized"}'
    headers:
      content-type:
      - application/json; charset=utf-8
      date:
      - Mon, 19 Oct 2020 17:13:53 GMT
      ms-cv:
      - EfILYvHnaECjDFXxaiM4Nw.0
      transfer-encoding:
      - chunked
      x-processing-time:
      - 266ms
    status:
      code: 200
      message: OK
- request:
    body: null
    headers:
      Accept:
      - application/json
      Accept-Encoding:
      - gzip, deflate
      Connection:
      - keep-alive
      Date:
      - Mon, 19 Oct 2020 17:13:58 GMT
      User-Agent:
      - azsdk-python-communication-administration/1.0.0b2 Python/3.6.9 (Linux-5.4.0-48-generic-x86_64-with-Ubuntu-18.04-bionic)
      x-ms-return-client-request-id:
      - 'true'
    method: GET
    uri: https://sanitized.communication.azure.com/administration/phonenumbers/searches/145a6db2-1c3f-4543-b5c2-74b99fe79f3c?api-version=2020-07-20-preview1
  response:
    body: '{"searchId": "sanitized", "displayName": "testsearch20200014", "createdAt":
      "2020-10-19T17:13:46.8606366+00:00", "description": "testsearch20200014", "phonePlanIds":
      "sanitized", "areaCode": "area_code_for_search", "quantity": 1, "locationOptions":
      [], "status": "Error", "phoneNumbers": "sanitized", "errorCode": 1000}'
    headers:
      content-type:
      - application/json; charset=utf-8
      date:
      - Mon, 19 Oct 2020 17:13:58 GMT
      ms-cv:
      - Abi3bnlT50uKBsiSymImrQ.0
      transfer-encoding:
      - chunked
      x-processing-time:
      - 319ms
    status:
      code: 200
      message: OK
version: 1
