interactions:
- request:
    body: ''
    headers:
      Accept:
      - application/json
      Date:
      - Thu, 17 Sep 2020 21:13:29 GMT
      User-Agent:
      - azsdk-python-communication-administration/1.0.0b1 Python/3.8.3 (Windows-10-10.0.19041-SP0)
      x-ms-return-client-request-id:
      - 'true'
    method: POST
    uri: https://sanitized.communication.azure.com/identities?api-version=2020-07-20-preview2
  response:
    body: '{"id": "sanitized"}'
    headers:
      api-supported-versions: 2020-07-20-preview1, 2020-07-20-preview2
      content-type: application/json; charset=utf-8
      date: Thu, 17 Sep 2020 21:13:29 GMT
      ms-cv: 25iRNPZeFUikdrLVyzXf1Q.0
      strict-transport-security: max-age=2592000
      transfer-encoding: chunked
      x-processing-time: 54ms
    status:
      code: 200
      message: OK
    url: https://sanitized.communication.azure.com/identities?api-version=2020-07-20-preview2
- request:
    body: '{"scopes": ["chat"]}'
    headers:
      Accept:
      - application/json
      Content-Length:
      - '20'
      Content-Type:
      - application/json
      Date:
      - Thu, 17 Sep 2020 21:13:29 GMT
      User-Agent:
      - azsdk-python-communication-administration/1.0.0b1 Python/3.8.3 (Windows-10-10.0.19041-SP0)
      x-ms-return-client-request-id:
      - 'true'
    method: POST
    uri: https://sanitized.communication.azure.com/identities/sanitized/token?api-version=2020-07-20-preview2
  response:
    body: '{"id": "sanitized", "token": "sanitized", "expiresOn": "2020-09-18T21:13:28.6535111+00:00"}'
    headers:
      api-supported-versions: 2020-07-20-preview1, 2020-07-20-preview2
      content-type: application/json; charset=utf-8
      date: Thu, 17 Sep 2020 21:13:29 GMT
      ms-cv: TrMQHtFUCE2uZg/vZrFyeQ.0
      strict-transport-security: max-age=2592000
      transfer-encoding: chunked
      x-processing-time: 45ms
    status:
      code: 200
      message: OK
    url: https://sanitized.communication.azure.com/identities/sanitized/token?api-version=2020-07-20-preview2
- request:
    body: '{}'
    headers:
      Content-Length:
      - '2'
      Content-Type:
      - application/merge-patch+json
      Date:
      - Thu, 17 Sep 2020 21:13:29 GMT
      User-Agent:
      - azsdk-python-communication-administration/1.0.0b1 Python/3.8.3 (Windows-10-10.0.19041-SP0)
      x-ms-return-client-request-id:
      - 'true'
    method: PATCH
    uri: https://sanitized.communication.azure.com/identities/sanitized?api-version=2020-07-20-preview2
  response:
    body:
      string: ''
    headers:
      api-supported-versions: 2020-07-20-preview1, 2020-07-20-preview2
      date: Thu, 17 Sep 2020 21:13:29 GMT
      ms-cv: lW447Vs4BkmuKJdbPHxqPw.0
      strict-transport-security: max-age=2592000
      x-processing-time: 11ms
    status:
      code: 204
      message: No Content
    url: https://sanitized.communication.azure.com/identities/sanitized?api-version=2020-07-20-preview2
version: 1
