interactions:
- request:
    body: '{"location": "westus", "properties": {"addressSpace": {"addressPrefixes":
      ["10.0.0.0/16"]}, "subnets": [{"properties": {"addressPrefix": "10.0.0.0/24"},
      "name": "pyvmirsub5cc18eb"}]}}'
    headers:
      Accept: [application/json]
      Accept-Encoding: ['gzip, deflate']
      Connection: [keep-alive]
      Content-Length: ['183']
      Content-Type: [application/json; charset=utf-8]
      User-Agent: [python/3.6.4 (Windows-10-10.0.16299-SP0) requests/2.18.4 msrest/0.4.26
          msrest_azure/0.4.20 networkmanagementclient/2.0.0rc1 Azure-SDK-For-Python]
      accept-language: [en-US]
    method: PUT
    uri: https://management.azure.com/subscriptions/00000000-0000-0000-0000-000000000000/resourceGroups/test_mgmt_managed_disks_test_create_virtual_machine_scale_set5cc18eb/providers/Microsoft.Network/virtualNetworks/pyvmirnet5cc18eb?api-version=2017-11-01
  response:
    body: {string: "{\r\n  \"name\": \"pyvmirnet5cc18eb\",\r\n  \"id\": \"/subscriptions/00000000-0000-0000-0000-000000000000/resourceGroups/test_mgmt_managed_disks_test_create_virtual_machine_scale_set5cc18eb/providers/Microsoft.Network/virtualNetworks/pyvmirnet5cc18eb\"\
        ,\r\n  \"etag\": \"W/\\\"9553c743-9fdb-4205-bd0f-028f2977494c\\\"\",\r\n \
        \ \"type\": \"Microsoft.Network/virtualNetworks\",\r\n  \"location\": \"westus\"\
        ,\r\n  \"properties\": {\r\n    \"provisioningState\": \"Updating\",\r\n \
        \   \"resourceGuid\": \"c8348c82-b60a-4280-8f04-e77fe75371ca\",\r\n    \"\
        addressSpace\": {\r\n      \"addressPrefixes\": [\r\n        \"10.0.0.0/16\"\
        \r\n      ]\r\n    },\r\n    \"subnets\": [\r\n      {\r\n        \"name\"\
        : \"pyvmirsub5cc18eb\",\r\n        \"id\": \"/subscriptions/00000000-0000-0000-0000-000000000000/resourceGroups/test_mgmt_managed_disks_test_create_virtual_machine_scale_set5cc18eb/providers/Microsoft.Network/virtualNetworks/pyvmirnet5cc18eb/subnets/pyvmirsub5cc18eb\"\
        ,\r\n        \"etag\": \"W/\\\"9553c743-9fdb-4205-bd0f-028f2977494c\\\"\"\
        ,\r\n        \"properties\": {\r\n          \"provisioningState\": \"Updating\"\
        ,\r\n          \"addressPrefix\": \"10.0.0.0/24\"\r\n        }\r\n      }\r\
        \n    ],\r\n    \"virtualNetworkPeerings\": [],\r\n    \"enableDdosProtection\"\
        : false,\r\n    \"enableVmProtection\": false\r\n  }\r\n}"}
    headers:
      azure-asyncoperation: ['https://management.azure.com/subscriptions/00000000-0000-0000-0000-000000000000/providers/Microsoft.Network/locations/westus/operations/7ec1374f-127d-4872-9cce-55b6da1a011e?api-version=2017-11-01']
      cache-control: [no-cache]
      content-length: ['1198']
      content-type: [application/json; charset=utf-8]
      date: ['Wed, 21 Mar 2018 21:22:58 GMT']
      expires: ['-1']
      pragma: [no-cache]
      server: [Microsoft-HTTPAPI/2.0, Microsoft-HTTPAPI/2.0]
      strict-transport-security: [max-age=31536000; includeSubDomains]
      x-content-type-options: [nosniff]
      x-ms-ratelimit-remaining-subscription-writes: ['1199']
    status: {code: 201, message: Created}
- request:
    body: null
    headers:
      Accept: [application/json]
      Accept-Encoding: ['gzip, deflate']
      Connection: [keep-alive]
      User-Agent: [python/3.6.4 (Windows-10-10.0.16299-SP0) requests/2.18.4 msrest/0.4.26
          msrest_azure/0.4.20 networkmanagementclient/2.0.0rc1 Azure-SDK-For-Python]
    method: GET
    uri: https://management.azure.com/subscriptions/00000000-0000-0000-0000-000000000000/providers/Microsoft.Network/locations/westus/operations/7ec1374f-127d-4872-9cce-55b6da1a011e?api-version=2017-11-01
  response:
    body: {string: "{\r\n  \"status\": \"InProgress\"\r\n}"}
    headers:
      cache-control: [no-cache]
      content-length: ['30']
      content-type: [application/json; charset=utf-8]
      date: ['Wed, 21 Mar 2018 21:23:03 GMT']
      expires: ['-1']
      pragma: [no-cache]
      server: [Microsoft-HTTPAPI/2.0, Microsoft-HTTPAPI/2.0]
      strict-transport-security: [max-age=31536000; includeSubDomains]
      transfer-encoding: [chunked]
      vary: [Accept-Encoding]
      x-content-type-options: [nosniff]
    status: {code: 200, message: OK}
- request:
    body: null
    headers:
      Accept: [application/json]
      Accept-Encoding: ['gzip, deflate']
      Connection: [keep-alive]
      User-Agent: [python/3.6.4 (Windows-10-10.0.16299-SP0) requests/2.18.4 msrest/0.4.26
          msrest_azure/0.4.20 networkmanagementclient/2.0.0rc1 Azure-SDK-For-Python]
    method: GET
    uri: https://management.azure.com/subscriptions/00000000-0000-0000-0000-000000000000/providers/Microsoft.Network/locations/westus/operations/7ec1374f-127d-4872-9cce-55b6da1a011e?api-version=2017-11-01
  response:
    body: {string: "{\r\n  \"status\": \"Succeeded\"\r\n}"}
    headers:
      cache-control: [no-cache]
      content-length: ['29']
      content-type: [application/json; charset=utf-8]
      date: ['Wed, 21 Mar 2018 21:23:13 GMT']
      expires: ['-1']
      pragma: [no-cache]
      server: [Microsoft-HTTPAPI/2.0, Microsoft-HTTPAPI/2.0]
      strict-transport-security: [max-age=31536000; includeSubDomains]
      transfer-encoding: [chunked]
      vary: [Accept-Encoding]
      x-content-type-options: [nosniff]
    status: {code: 200, message: OK}
- request:
    body: null
    headers:
      Accept: [application/json]
      Accept-Encoding: ['gzip, deflate']
      Connection: [keep-alive]
      User-Agent: [python/3.6.4 (Windows-10-10.0.16299-SP0) requests/2.18.4 msrest/0.4.26
          msrest_azure/0.4.20 networkmanagementclient/2.0.0rc1 Azure-SDK-For-Python]
    method: GET
    uri: https://management.azure.com/subscriptions/00000000-0000-0000-0000-000000000000/resourceGroups/test_mgmt_managed_disks_test_create_virtual_machine_scale_set5cc18eb/providers/Microsoft.Network/virtualNetworks/pyvmirnet5cc18eb?api-version=2017-11-01
  response:
    body: {string: "{\r\n  \"name\": \"pyvmirnet5cc18eb\",\r\n  \"id\": \"/subscriptions/00000000-0000-0000-0000-000000000000/resourceGroups/test_mgmt_managed_disks_test_create_virtual_machine_scale_set5cc18eb/providers/Microsoft.Network/virtualNetworks/pyvmirnet5cc18eb\"\
        ,\r\n  \"etag\": \"W/\\\"12cf6389-de57-43c9-9a9e-aa913105cb3b\\\"\",\r\n \
        \ \"type\": \"Microsoft.Network/virtualNetworks\",\r\n  \"location\": \"westus\"\
        ,\r\n  \"properties\": {\r\n    \"provisioningState\": \"Succeeded\",\r\n\
        \    \"resourceGuid\": \"c8348c82-b60a-4280-8f04-e77fe75371ca\",\r\n    \"\
        addressSpace\": {\r\n      \"addressPrefixes\": [\r\n        \"10.0.0.0/16\"\
        \r\n      ]\r\n    },\r\n    \"subnets\": [\r\n      {\r\n        \"name\"\
        : \"pyvmirsub5cc18eb\",\r\n        \"id\": \"/subscriptions/00000000-0000-0000-0000-000000000000/resourceGroups/test_mgmt_managed_disks_test_create_virtual_machine_scale_set5cc18eb/providers/Microsoft.Network/virtualNetworks/pyvmirnet5cc18eb/subnets/pyvmirsub5cc18eb\"\
        ,\r\n        \"etag\": \"W/\\\"12cf6389-de57-43c9-9a9e-aa913105cb3b\\\"\"\
        ,\r\n        \"properties\": {\r\n          \"provisioningState\": \"Succeeded\"\
        ,\r\n          \"addressPrefix\": \"10.0.0.0/24\"\r\n        }\r\n      }\r\
        \n    ],\r\n    \"virtualNetworkPeerings\": [],\r\n    \"enableDdosProtection\"\
        : false,\r\n    \"enableVmProtection\": false\r\n  }\r\n}"}
    headers:
      cache-control: [no-cache]
      content-length: ['1200']
      content-type: [application/json; charset=utf-8]
      date: ['Wed, 21 Mar 2018 21:23:14 GMT']
      etag: [W/"12cf6389-de57-43c9-9a9e-aa913105cb3b"]
      expires: ['-1']
      pragma: [no-cache]
      server: [Microsoft-HTTPAPI/2.0, Microsoft-HTTPAPI/2.0]
      strict-transport-security: [max-age=31536000; includeSubDomains]
      transfer-encoding: [chunked]
      vary: [Accept-Encoding]
      x-content-type-options: [nosniff]
    status: {code: 200, message: OK}
- request:
    body: null
    headers:
      Accept: [application/json]
      Accept-Encoding: ['gzip, deflate']
      Connection: [keep-alive]
      Content-Type: [application/json; charset=utf-8]
      User-Agent: [python/3.6.4 (Windows-10-10.0.16299-SP0) requests/2.18.4 msrest/0.4.26
          msrest_azure/0.4.20 networkmanagementclient/2.0.0rc1 Azure-SDK-For-Python]
      accept-language: [en-US]
    method: GET
    uri: https://management.azure.com/subscriptions/00000000-0000-0000-0000-000000000000/resourceGroups/test_mgmt_managed_disks_test_create_virtual_machine_scale_set5cc18eb/providers/Microsoft.Network/virtualNetworks/pyvmirnet5cc18eb/subnets/pyvmirsub5cc18eb?api-version=2017-11-01
  response:
    body: {string: "{\r\n  \"name\": \"pyvmirsub5cc18eb\",\r\n  \"id\": \"/subscriptions/00000000-0000-0000-0000-000000000000/resourceGroups/test_mgmt_managed_disks_test_create_virtual_machine_scale_set5cc18eb/providers/Microsoft.Network/virtualNetworks/pyvmirnet5cc18eb/subnets/pyvmirsub5cc18eb\"\
        ,\r\n  \"etag\": \"W/\\\"12cf6389-de57-43c9-9a9e-aa913105cb3b\\\"\",\r\n \
        \ \"properties\": {\r\n    \"provisioningState\": \"Succeeded\",\r\n    \"\
        addressPrefix\": \"10.0.0.0/24\"\r\n  }\r\n}"}
    headers:
      cache-control: [no-cache]
      content-length: ['425']
      content-type: [application/json; charset=utf-8]
      date: ['Wed, 21 Mar 2018 21:23:14 GMT']
      etag: [W/"12cf6389-de57-43c9-9a9e-aa913105cb3b"]
      expires: ['-1']
      pragma: [no-cache]
      server: [Microsoft-HTTPAPI/2.0, Microsoft-HTTPAPI/2.0]
      strict-transport-security: [max-age=31536000; includeSubDomains]
      transfer-encoding: [chunked]
      vary: [Accept-Encoding]
      x-content-type-options: [nosniff]
    status: {code: 200, message: OK}
- request:
    body: 'b''b\''b\\\''{"location": "westus", "sku": {"name": "Standard_A1", "tier":
      "Standard", "capacity": 5}, "properties": {"upgradePolicy": {"mode": "Manual"},
      "virtualMachineProfile": {"osProfile": {"computerNamePrefix": "PyTestInfix",
      "adminUsername": "Foo12", "adminPassword": "BaR@123!!!!"}, "storageProfile":
      {"imageReference": {"publisher": "Canonical", "offer": "UbuntuServer", "sku":
      "16.04.0-LTS", "version": "latest"}}, "networkProfile": {"networkInterfaceConfigurations":
      [{"name": "PyTestInfixnic", "properties": {"primary": true, "ipConfigurations":
      [{"name": "PyTestInfixipconfig", "properties": {"subnet": {"id": "/subscriptions/00000000-0000-0000-0000-000000000000/resourceGroups/test_mgmt_managed_disks_test_create_virtual_machine_scale_set5cc18eb/providers/Microsoft.Network/virtualNetworks/pyvmirnet5cc18eb/subnets/pyvmirsub5cc18eb"}}}]}}]}},
      "overprovision": true}}\\\''\'''''
    headers:
      Accept: [application/json]
      Accept-Encoding: ['gzip, deflate']
      Connection: [keep-alive]
      Content-Length: ['867']
      Content-Type: [application/json; charset=utf-8]
      User-Agent: [python/3.6.4 (Windows-10-10.0.16299-SP0) requests/2.18.4 msrest/0.4.26
          msrest_azure/0.4.20 computemanagementclient/4.0.0rc1 Azure-SDK-For-Python]
      accept-language: [en-US]
    method: PUT
    uri: https://management.azure.com/subscriptions/00000000-0000-0000-0000-000000000000/resourceGroups/test_mgmt_managed_disks_test_create_virtual_machine_scale_set5cc18eb/providers/Microsoft.Compute/virtualMachineScaleSets/pyvmirvm5cc18eb?api-version=2017-12-01
  response:
    body: {string: "{\r\n  \"sku\": {\r\n    \"name\": \"Standard_A1\",\r\n    \"\
        tier\": \"Standard\",\r\n    \"capacity\": 5\r\n  },\r\n  \"properties\":\
        \ {\r\n    \"singlePlacementGroup\": true,\r\n    \"upgradePolicy\": {\r\n\
        \      \"mode\": \"Manual\",\r\n      \"automaticOSUpgrade\": false\r\n  \
        \  },\r\n    \"virtualMachineProfile\": {\r\n      \"osProfile\": {\r\n  \
        \      \"computerNamePrefix\": \"PyTestInfix\",\r\n        \"adminUsername\"\
        : \"Foo12\",\r\n        \"linuxConfiguration\": {\r\n          \"disablePasswordAuthentication\"\
        : false\r\n        },\r\n        \"secrets\": []\r\n      },\r\n      \"storageProfile\"\
        : {\r\n        \"osDisk\": {\r\n          \"createOption\": \"FromImage\"\
        ,\r\n          \"caching\": \"None\",\r\n          \"managedDisk\": {\r\n\
        \            \"storageAccountType\": \"Standard_LRS\"\r\n          }\r\n \
        \       },\r\n        \"imageReference\": {\r\n          \"publisher\": \"\
        Canonical\",\r\n          \"offer\": \"UbuntuServer\",\r\n          \"sku\"\
        : \"16.04.0-LTS\",\r\n          \"version\": \"latest\"\r\n        }\r\n \
        \     },\r\n      \"networkProfile\": {\"networkInterfaceConfigurations\"\
        :[{\"name\":\"PyTestInfixnic\",\"properties\":{\"primary\":true,\"enableAcceleratedNetworking\"\
        :false,\"dnsSettings\":{\"dnsServers\":[]},\"enableIPForwarding\":false,\"\
        ipConfigurations\":[{\"name\":\"PyTestInfixipconfig\",\"properties\":{\"subnet\"\
        :{\"id\":\"/subscriptions/00000000-0000-0000-0000-000000000000/resourceGroups/test_mgmt_managed_disks_test_create_virtual_machine_scale_set5cc18eb/providers/Microsoft.Network/virtualNetworks/pyvmirnet5cc18eb/subnets/pyvmirsub5cc18eb\"\
        },\"privateIPAddressVersion\":\"IPv4\"}}]}}]}\r\n    },\r\n    \"provisioningState\"\
        : \"Creating\",\r\n    \"overprovision\": true,\r\n    \"uniqueId\": \"99f64c31-94c4-4439-9a46-e72f275a6b94\"\
        \r\n  },\r\n  \"type\": \"Microsoft.Compute/virtualMachineScaleSets\",\r\n\
        \  \"location\": \"westus\",\r\n  \"id\": \"/subscriptions/00000000-0000-0000-0000-000000000000/resourceGroups/test_mgmt_managed_disks_test_create_virtual_machine_scale_set5cc18eb/providers/Microsoft.Compute/virtualMachineScaleSets/pyvmirvm5cc18eb\"\
        ,\r\n  \"name\": \"pyvmirvm5cc18eb\"\r\n}"}
    headers:
      azure-asyncoperation: ['https://management.azure.com/subscriptions/00000000-0000-0000-0000-000000000000/providers/Microsoft.Compute/locations/westus/operations/d26b2f56-d553-4d9c-9cb1-a8816f379e8f?api-version=2017-12-01']
      cache-control: [no-cache]
      content-length: ['1926']
      content-type: [application/json; charset=utf-8]
      date: ['Wed, 21 Mar 2018 21:23:17 GMT']
      expires: ['-1']
      pragma: [no-cache]
      server: [Microsoft-HTTPAPI/2.0, Microsoft-HTTPAPI/2.0]
      strict-transport-security: [max-age=31536000; includeSubDomains]
      x-content-type-options: [nosniff]
      x-ms-ratelimit-remaining-resource: ['Microsoft.Compute/CreateVMScaleSet3Min;39,Microsoft.Compute/CreateVMScaleSet30Min;199,Microsoft.Compute/VMScaleSetBatchedVMRequests5Min;1193,Microsoft.Compute/VmssQueuedVMOperations;4793']
      x-ms-ratelimit-remaining-subscription-writes: ['1199']
      x-ms-request-charge: ['7']
    status: {code: 201, message: Created}
- request:
    body: null
    headers:
      Accept: [application/json]
      Accept-Encoding: ['gzip, deflate']
      Connection: [keep-alive]
      User-Agent: [python/3.6.4 (Windows-10-10.0.16299-SP0) requests/2.18.4 msrest/0.4.26
          msrest_azure/0.4.20 computemanagementclient/4.0.0rc1 Azure-SDK-For-Python]
    method: GET
    uri: https://management.azure.com/subscriptions/00000000-0000-0000-0000-000000000000/providers/Microsoft.Compute/locations/westus/operations/d26b2f56-d553-4d9c-9cb1-a8816f379e8f?api-version=2017-12-01
  response:
    body: {string: "{\r\n  \"startTime\": \"2018-03-21T21:23:16.7295202+00:00\",\r\
        \n  \"status\": \"InProgress\",\r\n  \"name\": \"d26b2f56-d553-4d9c-9cb1-a8816f379e8f\"\
        \r\n}"}
    headers:
      cache-control: [no-cache]
      content-length: ['134']
      content-type: [application/json; charset=utf-8]
      date: ['Wed, 21 Mar 2018 21:23:54 GMT']
      expires: ['-1']
      pragma: [no-cache]
      server: [Microsoft-HTTPAPI/2.0, Microsoft-HTTPAPI/2.0]
      strict-transport-security: [max-age=31536000; includeSubDomains]
      transfer-encoding: [chunked]
      vary: [Accept-Encoding]
      x-content-type-options: [nosniff]
      x-ms-ratelimit-remaining-resource: ['Microsoft.Compute/GetOperation3Min;11997,Microsoft.Compute/GetOperation30Min;23997']
    status: {code: 200, message: OK}
- request:
    body: null
    headers:
      Accept: [application/json]
      Accept-Encoding: ['gzip, deflate']
      Connection: [keep-alive]
      User-Agent: [python/3.6.4 (Windows-10-10.0.16299-SP0) requests/2.18.4 msrest/0.4.26
          msrest_azure/0.4.20 computemanagementclient/4.0.0rc1 Azure-SDK-For-Python]
    method: GET
    uri: https://management.azure.com/subscriptions/00000000-0000-0000-0000-000000000000/providers/Microsoft.Compute/locations/westus/operations/d26b2f56-d553-4d9c-9cb1-a8816f379e8f?api-version=2017-12-01
  response:
    body: {string: "{\r\n  \"startTime\": \"2018-03-21T21:23:16.7295202+00:00\",\r\
        \n  \"status\": \"InProgress\",\r\n  \"name\": \"d26b2f56-d553-4d9c-9cb1-a8816f379e8f\"\
        \r\n}"}
    headers:
      cache-control: [no-cache]
      content-length: ['134']
      content-type: [application/json; charset=utf-8]
      date: ['Wed, 21 Mar 2018 21:24:28 GMT']
      expires: ['-1']
      pragma: [no-cache]
      server: [Microsoft-HTTPAPI/2.0, Microsoft-HTTPAPI/2.0]
      strict-transport-security: [max-age=31536000; includeSubDomains]
      transfer-encoding: [chunked]
      vary: [Accept-Encoding]
      x-content-type-options: [nosniff]
      x-ms-ratelimit-remaining-resource: ['Microsoft.Compute/GetOperation3Min;11994,Microsoft.Compute/GetOperation30Min;23994']
    status: {code: 200, message: OK}
- request:
    body: null
    headers:
      Accept: [application/json]
      Accept-Encoding: ['gzip, deflate']
      Connection: [keep-alive]
      User-Agent: [python/3.6.4 (Windows-10-10.0.16299-SP0) requests/2.18.4 msrest/0.4.26
          msrest_azure/0.4.20 computemanagementclient/4.0.0rc1 Azure-SDK-For-Python]
    method: GET
    uri: https://management.azure.com/subscriptions/00000000-0000-0000-0000-000000000000/providers/Microsoft.Compute/locations/westus/operations/d26b2f56-d553-4d9c-9cb1-a8816f379e8f?api-version=2017-12-01
  response:
    body: {string: "{\r\n  \"startTime\": \"2018-03-21T21:23:16.7295202+00:00\",\r\
        \n  \"status\": \"InProgress\",\r\n  \"name\": \"d26b2f56-d553-4d9c-9cb1-a8816f379e8f\"\
        \r\n}"}
    headers:
      cache-control: [no-cache]
      content-length: ['134']
      content-type: [application/json; charset=utf-8]
      date: ['Wed, 21 Mar 2018 21:25:00 GMT']
      expires: ['-1']
      pragma: [no-cache]
      server: [Microsoft-HTTPAPI/2.0, Microsoft-HTTPAPI/2.0]
      strict-transport-security: [max-age=31536000; includeSubDomains]
      transfer-encoding: [chunked]
      vary: [Accept-Encoding]
      x-content-type-options: [nosniff]
      x-ms-ratelimit-remaining-resource: ['Microsoft.Compute/GetOperation3Min;11991,Microsoft.Compute/GetOperation30Min;23991']
    status: {code: 200, message: OK}
- request:
    body: null
    headers:
      Accept: [application/json]
      Accept-Encoding: ['gzip, deflate']
      Connection: [keep-alive]
      User-Agent: [python/3.6.4 (Windows-10-10.0.16299-SP0) requests/2.18.4 msrest/0.4.26
          msrest_azure/0.4.20 computemanagementclient/4.0.0rc1 Azure-SDK-For-Python]
    method: GET
    uri: https://management.azure.com/subscriptions/00000000-0000-0000-0000-000000000000/providers/Microsoft.Compute/locations/westus/operations/d26b2f56-d553-4d9c-9cb1-a8816f379e8f?api-version=2017-12-01
  response:
    body: {string: "{\r\n  \"startTime\": \"2018-03-21T21:23:16.7295202+00:00\",\r\
        \n  \"endTime\": \"2018-03-21T21:25:25.2924465+00:00\",\r\n  \"status\": \"\
        Succeeded\",\r\n  \"name\": \"d26b2f56-d553-4d9c-9cb1-a8816f379e8f\"\r\n}"}
    headers:
      cache-control: [no-cache]
      content-length: ['184']
      content-type: [application/json; charset=utf-8]
      date: ['Wed, 21 Mar 2018 21:25:31 GMT']
      expires: ['-1']
      pragma: [no-cache]
      server: [Microsoft-HTTPAPI/2.0, Microsoft-HTTPAPI/2.0]
      strict-transport-security: [max-age=31536000; includeSubDomains]
      transfer-encoding: [chunked]
      vary: [Accept-Encoding]
      x-content-type-options: [nosniff]
      x-ms-ratelimit-remaining-resource: ['Microsoft.Compute/GetOperation3Min;11988,Microsoft.Compute/GetOperation30Min;23988']
    status: {code: 200, message: OK}
- request:
    body: null
    headers:
      Accept: [application/json]
      Accept-Encoding: ['gzip, deflate']
      Connection: [keep-alive]
      User-Agent: [python/3.6.4 (Windows-10-10.0.16299-SP0) requests/2.18.4 msrest/0.4.26
          msrest_azure/0.4.20 computemanagementclient/4.0.0rc1 Azure-SDK-For-Python]
    method: GET
    uri: https://management.azure.com/subscriptions/00000000-0000-0000-0000-000000000000/resourceGroups/test_mgmt_managed_disks_test_create_virtual_machine_scale_set5cc18eb/providers/Microsoft.Compute/virtualMachineScaleSets/pyvmirvm5cc18eb?api-version=2017-12-01
  response:
    body: {string: "{\r\n  \"sku\": {\r\n    \"name\": \"Standard_A1\",\r\n    \"\
        tier\": \"Standard\",\r\n    \"capacity\": 5\r\n  },\r\n  \"properties\":\
        \ {\r\n    \"singlePlacementGroup\": true,\r\n    \"upgradePolicy\": {\r\n\
        \      \"mode\": \"Manual\",\r\n      \"automaticOSUpgrade\": false\r\n  \
        \  },\r\n    \"virtualMachineProfile\": {\r\n      \"osProfile\": {\r\n  \
        \      \"computerNamePrefix\": \"PyTestInfix\",\r\n        \"adminUsername\"\
        : \"Foo12\",\r\n        \"linuxConfiguration\": {\r\n          \"disablePasswordAuthentication\"\
        : false\r\n        },\r\n        \"secrets\": []\r\n      },\r\n      \"storageProfile\"\
        : {\r\n        \"osDisk\": {\r\n          \"createOption\": \"FromImage\"\
        ,\r\n          \"caching\": \"None\",\r\n          \"managedDisk\": {\r\n\
        \            \"storageAccountType\": \"Standard_LRS\"\r\n          }\r\n \
        \       },\r\n        \"imageReference\": {\r\n          \"publisher\": \"\
        Canonical\",\r\n          \"offer\": \"UbuntuServer\",\r\n          \"sku\"\
        : \"16.04.0-LTS\",\r\n          \"version\": \"latest\"\r\n        }\r\n \
        \     },\r\n      \"networkProfile\": {\"networkInterfaceConfigurations\"\
        :[{\"name\":\"PyTestInfixnic\",\"properties\":{\"primary\":true,\"enableAcceleratedNetworking\"\
        :false,\"dnsSettings\":{\"dnsServers\":[]},\"enableIPForwarding\":false,\"\
        ipConfigurations\":[{\"name\":\"PyTestInfixipconfig\",\"properties\":{\"subnet\"\
        :{\"id\":\"/subscriptions/00000000-0000-0000-0000-000000000000/resourceGroups/test_mgmt_managed_disks_test_create_virtual_machine_scale_set5cc18eb/providers/Microsoft.Network/virtualNetworks/pyvmirnet5cc18eb/subnets/pyvmirsub5cc18eb\"\
        },\"privateIPAddressVersion\":\"IPv4\"}}]}}]}\r\n    },\r\n    \"provisioningState\"\
        : \"Succeeded\",\r\n    \"overprovision\": true,\r\n    \"uniqueId\": \"99f64c31-94c4-4439-9a46-e72f275a6b94\"\
        \r\n  },\r\n  \"type\": \"Microsoft.Compute/virtualMachineScaleSets\",\r\n\
        \  \"location\": \"westus\",\r\n  \"id\": \"/subscriptions/00000000-0000-0000-0000-000000000000/resourceGroups/test_mgmt_managed_disks_test_create_virtual_machine_scale_set5cc18eb/providers/Microsoft.Compute/virtualMachineScaleSets/pyvmirvm5cc18eb\"\
        ,\r\n  \"name\": \"pyvmirvm5cc18eb\"\r\n}"}
    headers:
      cache-control: [no-cache]
      content-length: ['1927']
      content-type: [application/json; charset=utf-8]
      date: ['Wed, 21 Mar 2018 21:25:32 GMT']
      expires: ['-1']
      pragma: [no-cache]
      server: [Microsoft-HTTPAPI/2.0, Microsoft-HTTPAPI/2.0]
      strict-transport-security: [max-age=31536000; includeSubDomains]
      transfer-encoding: [chunked]
      vary: [Accept-Encoding]
      x-content-type-options: [nosniff]
      x-ms-ratelimit-remaining-resource: ['Microsoft.Compute/GetVMScaleSet3Min;194,Microsoft.Compute/GetVMScaleSet30Min;1490']
    status: {code: 200, message: OK}
version: 1
