{
  "Entries": [
    {
      "RequestUri": "https://storagename.queue.core.windows.net/pyqueuesync381b2cdb",
      "RequestMethod": "PUT",
      "RequestHeaders": {
        "Accept": "application/xml",
        "Accept-Encoding": "gzip, deflate",
        "Connection": "keep-alive",
        "Content-Length": "0",
        "User-Agent": "azsdk-python-storage-queue/12.5.1 Python/3.10.2 (Windows-10-10.0.19044-SP0)",
        "x-ms-date": "Thu, 27 Oct 2022 22:04:43 GMT",
        "x-ms-version": "2021-02-12"
      },
      "RequestBody": null,
      "StatusCode": 201,
      "ResponseHeaders": {
        "Content-Length": "0",
        "Date": "Thu, 27 Oct 2022 22:04:42 GMT",
        "Server": [
          "Windows-Azure-Queue/1.0",
          "Microsoft-HTTPAPI/2.0"
        ],
        "x-ms-version": "2021-02-12"
      },
      "ResponseBody": null
    },
    {
      "RequestUri": "https://storagename.queue.core.windows.net/pyqueuesync381b2cdb/messages",
      "RequestMethod": "POST",
      "RequestHeaders": {
        "Accept": "application/xml",
        "Accept-Encoding": "gzip, deflate",
        "Connection": "keep-alive",
        "Content-Length": "103",
        "Content-Type": "application/xml",
        "User-Agent": "azsdk-python-storage-queue/12.5.1 Python/3.10.2 (Windows-10-10.0.19044-SP0)",
        "x-ms-date": "Thu, 27 Oct 2022 22:04:43 GMT",
        "x-ms-version": "2021-02-12"
      },
      "RequestBody": [
        "\u003C?xml version=\u00271.0\u0027 encoding=\u0027utf-8\u0027?\u003E\n",
        "\u003CQueueMessage\u003E\u003CMessageText\u003Emessage1\u003C/MessageText\u003E\u003C/QueueMessage\u003E"
      ],
      "StatusCode": 201,
      "ResponseHeaders": {
        "Content-Type": "application/xml",
        "Date": "Thu, 27 Oct 2022 22:04:42 GMT",
        "Server": [
          "Windows-Azure-Queue/1.0",
          "Microsoft-HTTPAPI/2.0"
        ],
        "Transfer-Encoding": "chunked",
        "x-ms-version": "2021-02-12"
      },
      "ResponseBody": "\uFEFF\u003C?xml version=\u00221.0\u0022 encoding=\u0022utf-8\u0022?\u003E\u003CQueueMessagesList\u003E\u003CQueueMessage\u003E\u003CMessageId\u003Ee2683d16-bb4d-4f8a-96cc-d7f1bcb04aa7\u003C/MessageId\u003E\u003CInsertionTime\u003EThu, 27 Oct 2022 22:04:43 GMT\u003C/InsertionTime\u003E\u003CExpirationTime\u003EThu, 03 Nov 2022 22:04:43 GMT\u003C/ExpirationTime\u003E\u003CPopReceipt\u003EAgAAAAMAAAAAAAAA3Vc\u002BHlDq2AE=\u003C/PopReceipt\u003E\u003CTimeNextVisible\u003EThu, 27 Oct 2022 22:04:43 GMT\u003C/TimeNextVisible\u003E\u003C/QueueMessage\u003E\u003C/QueueMessagesList\u003E"
    },
    {
      "RequestUri": "https://storagename.queue.core.windows.net/pyqueuesync381b2cdb?comp=metadata",
      "RequestMethod": "GET",
      "RequestHeaders": {
        "Accept": "application/xml",
        "Accept-Encoding": "gzip, deflate",
        "Connection": "keep-alive",
        "User-Agent": "azsdk-python-storage-queue/12.5.1 Python/3.10.2 (Windows-10-10.0.19044-SP0)",
        "x-ms-date": "Thu, 27 Oct 2022 22:04:43 GMT",
        "x-ms-version": "2021-02-12"
      },
      "RequestBody": null,
      "StatusCode": 200,
      "ResponseHeaders": {
        "Cache-Control": "no-cache",
        "Content-Length": "0",
        "Date": "Thu, 27 Oct 2022 22:04:42 GMT",
        "Server": [
          "Windows-Azure-Queue/1.0",
          "Microsoft-HTTPAPI/2.0"
        ],
        "Vary": "Origin",
        "x-ms-approximate-messages-count": "1",
        "x-ms-version": "2021-02-12"
      },
      "ResponseBody": null
    }
  ],
  "Variables": {}
}
