interactions:
- request:
    body: null
    headers:
      Accept:
      - '*/*'
      Accept-Encoding:
      - gzip, deflate
      Connection:
      - keep-alive
      Content-Length:
      - '0'
      User-Agent:
      - azsdk-python-storage-queue/12.0.0b2 Python/3.7.3 (Windows-10-10.0.17763-SP0)
      content-type:
      - application/xml; charset=utf-8
      x-ms-date:
      - Wed, 21 Aug 2019 22:47:32 GMT
      x-ms-version:
      - '2018-03-28'
    method: PUT
    uri: https://pyacrstoragec34e1330.queue.core.windows.net/encryptionqueuec34e1330
  response:
    body:
      string: ''
    headers:
      content-length:
      - '0'
      date:
      - Wed, 21 Aug 2019 22:47:30 GMT
      server:
      - Windows-Azure-Queue/1.0 Microsoft-HTTPAPI/2.0
      x-ms-version:
      - '2018-03-28'
    status:
      code: 201
      message: Created
- request:
    body: '<?xml version=''1.0'' encoding=''utf-8''?>

      <QueueMessage><MessageText>{"EncryptedMessageContents": "TT4xxDT7uHLkhXB6GOWyaQ==",
      "EncryptionData": {"WrappedContentKey": {"KeyId": "key1", "EncryptedKey": "Bt0ugMBT5ryzYeFDa1WARxSFBcRweiXYmkmtz0KXBSdU3yPdEXZe5g==",
      "Algorithm": "A256KW"}, "EncryptionAgent": {"Protocol": "1.0", "EncryptionAlgorithm":
      "AES_CBC_256"}, "ContentEncryptionIV": "YWgAvMnM7z/hkj5NUg7nsg==", "KeyWrappingMetadata":
      {"EncryptionLibrary": "Python 12.0.0b2"}}}</MessageText></QueueMessage>'
    headers:
      Accept:
      - application/xml
      Accept-Encoding:
      - gzip, deflate
      Connection:
      - keep-alive
      Content-Length:
      - '504'
      Content-Type:
      - application/xml; charset=utf-8
      User-Agent:
      - azsdk-python-storage-queue/12.0.0b2 Python/3.7.3 (Windows-10-10.0.17763-SP0)
      x-ms-date:
      - Wed, 21 Aug 2019 22:47:32 GMT
      x-ms-version:
      - '2018-03-28'
    method: POST
    uri: https://pyacrstoragec34e1330.queue.core.windows.net/encryptionqueuec34e1330/messages
  response:
    body:
      string: "\uFEFF<?xml version=\"1.0\" encoding=\"utf-8\"?><QueueMessagesList><QueueMessage><MessageId>b58d0608-37c8-4fe2-b54f-bdea94019375</MessageId><InsertionTime>Wed,
        21 Aug 2019 22:47:31 GMT</InsertionTime><ExpirationTime>Wed, 28 Aug 2019 22:47:31
        GMT</ExpirationTime><PopReceipt>AgAAAAMAAAAAAAAAvHNkanJY1QE=</PopReceipt><TimeNextVisible>Wed,
        21 Aug 2019 22:47:31 GMT</TimeNextVisible></QueueMessage></QueueMessagesList>"
    headers:
      content-type:
      - application/xml
      date:
      - Wed, 21 Aug 2019 22:47:30 GMT
      server:
      - Windows-Azure-Queue/1.0 Microsoft-HTTPAPI/2.0
      transfer-encoding:
      - chunked
      x-ms-version:
      - '2018-03-28'
    status:
      code: 201
      message: Created
- request:
    body: null
    headers:
      Accept:
      - application/xml
      Accept-Encoding:
      - gzip, deflate
      Connection:
      - keep-alive
      User-Agent:
      - azsdk-python-storage-queue/12.0.0b2 Python/3.7.3 (Windows-10-10.0.17763-SP0)
      content-type:
      - application/xml; charset=utf-8
      x-ms-date:
      - Wed, 21 Aug 2019 22:47:33 GMT
      x-ms-version:
      - '2018-03-28'
    method: GET
    uri: https://pyacrstoragec34e1330.queue.core.windows.net/encryptionqueuec34e1330/messages?peekonly=true
  response:
    body:
      string: "\uFEFF<?xml version=\"1.0\" encoding=\"utf-8\"?><QueueMessagesList><QueueMessage><MessageId>b58d0608-37c8-4fe2-b54f-bdea94019375</MessageId><InsertionTime>Wed,
        21 Aug 2019 22:47:31 GMT</InsertionTime><ExpirationTime>Wed, 28 Aug 2019 22:47:31
        GMT</ExpirationTime><DequeueCount>0</DequeueCount><MessageText>{\"EncryptedMessageContents\":
        \"TT4xxDT7uHLkhXB6GOWyaQ==\", \"EncryptionData\": {\"WrappedContentKey\":
        {\"KeyId\": \"key1\", \"EncryptedKey\": \"Bt0ugMBT5ryzYeFDa1WARxSFBcRweiXYmkmtz0KXBSdU3yPdEXZe5g==\",
        \"Algorithm\": \"A256KW\"}, \"EncryptionAgent\": {\"Protocol\": \"1.0\", \"EncryptionAlgorithm\":
        \"AES_CBC_256\"}, \"ContentEncryptionIV\": \"YWgAvMnM7z/hkj5NUg7nsg==\", \"KeyWrappingMetadata\":
        {\"EncryptionLibrary\": \"Python 12.0.0b2\"}}}</MessageText></QueueMessage></QueueMessagesList>"
    headers:
      cache-control:
      - no-cache
      content-type:
      - application/xml
      date:
      - Wed, 21 Aug 2019 22:47:31 GMT
      server:
      - Windows-Azure-Queue/1.0 Microsoft-HTTPAPI/2.0
      transfer-encoding:
      - chunked
      x-ms-version:
      - '2018-03-28'
    status:
      code: 200
      message: OK
version: 1
