interactions:
- request:
    body: null
    headers:
      User-Agent:
      - azsdk-python-storage-queue/12.0.0b4 Python/3.7.3 (Windows-10-10.0.17763-SP0)
      x-ms-date:
      - Wed, 16 Oct 2019 06:51:43 GMT
      x-ms-version:
      - '2018-03-28'
    method: PUT
    uri: https://pyacrstoragee6c913f1.queue.core.windows.net/pythonqueuee6c913f1
  response:
    body:
      string: ''
    headers:
      content-length: '0'
      date: Wed, 16 Oct 2019 06:51:42 GMT
      server: Windows-Azure-Queue/1.0 Microsoft-HTTPAPI/2.0
      x-ms-version: '2018-03-28'
    status:
      code: 201
      message: Created
    url: !!python/object/new:yarl.URL
      state: !!python/tuple
      - !!python/object/new:urllib.parse.SplitResult
        - https
        - pyacrstoragee6c913f1.queue.core.windows.net
        - /pythonqueuee6c913f1
        - ''
        - ''
- request:
    body: '<?xml version=''1.0'' encoding=''utf-8''?>

      <QueueMessage><MessageText>message1</MessageText></QueueMessage>'
    headers:
      Accept:
      - application/xml
      Content-Length:
      - '103'
      Content-Type:
      - application/xml; charset=utf-8
      User-Agent:
      - azsdk-python-storage-queue/12.0.0b4 Python/3.7.3 (Windows-10-10.0.17763-SP0)
      x-ms-date:
      - Wed, 16 Oct 2019 06:51:43 GMT
      x-ms-version:
      - '2018-03-28'
    method: POST
    uri: https://pyacrstoragee6c913f1.queue.core.windows.net/pythonqueuee6c913f1/messages
  response:
    body:
      string: "\uFEFF<?xml version=\"1.0\" encoding=\"utf-8\"?><QueueMessagesList><QueueMessage><MessageId>1bb85d59-1868-48bc-9c36-a3df9ba6ee0c</MessageId><InsertionTime>Wed,
        16 Oct 2019 06:51:43 GMT</InsertionTime><ExpirationTime>Wed, 23 Oct 2019 06:51:43
        GMT</ExpirationTime><PopReceipt>AgAAAAMAAAAAAAAAEW5iK+6D1QE=</PopReceipt><TimeNextVisible>Wed,
        16 Oct 2019 06:51:43 GMT</TimeNextVisible></QueueMessage></QueueMessagesList>"
    headers:
      content-type: application/xml
      date: Wed, 16 Oct 2019 06:51:42 GMT
      server: Windows-Azure-Queue/1.0 Microsoft-HTTPAPI/2.0
      transfer-encoding: chunked
      x-ms-version: '2018-03-28'
    status:
      code: 201
      message: Created
    url: !!python/object/new:yarl.URL
      state: !!python/tuple
      - !!python/object/new:urllib.parse.SplitResult
        - https
        - pyacrstoragee6c913f1.queue.core.windows.net
        - /pythonqueuee6c913f1/messages
        - ''
        - ''
- request:
    body: '<?xml version=''1.0'' encoding=''utf-8''?>

      <QueueMessage><MessageText>message2</MessageText></QueueMessage>'
    headers:
      Accept:
      - application/xml
      Content-Length:
      - '103'
      Content-Type:
      - application/xml; charset=utf-8
      User-Agent:
      - azsdk-python-storage-queue/12.0.0b4 Python/3.7.3 (Windows-10-10.0.17763-SP0)
      x-ms-date:
      - Wed, 16 Oct 2019 06:51:43 GMT
      x-ms-version:
      - '2018-03-28'
    method: POST
    uri: https://pyacrstoragee6c913f1.queue.core.windows.net/pythonqueuee6c913f1/messages
  response:
    body:
      string: "\uFEFF<?xml version=\"1.0\" encoding=\"utf-8\"?><QueueMessagesList><QueueMessage><MessageId>75a987ab-c767-4aa1-91af-54c3de6f7a92</MessageId><InsertionTime>Wed,
        16 Oct 2019 06:51:43 GMT</InsertionTime><ExpirationTime>Wed, 23 Oct 2019 06:51:43
        GMT</ExpirationTime><PopReceipt>AgAAAAMAAAAAAAAAlOlpK+6D1QE=</PopReceipt><TimeNextVisible>Wed,
        16 Oct 2019 06:51:43 GMT</TimeNextVisible></QueueMessage></QueueMessagesList>"
    headers:
      content-type: application/xml
      date: Wed, 16 Oct 2019 06:51:42 GMT
      server: Windows-Azure-Queue/1.0 Microsoft-HTTPAPI/2.0
      transfer-encoding: chunked
      x-ms-version: '2018-03-28'
    status:
      code: 201
      message: Created
    url: !!python/object/new:yarl.URL
      state: !!python/tuple
      - !!python/object/new:urllib.parse.SplitResult
        - https
        - pyacrstoragee6c913f1.queue.core.windows.net
        - /pythonqueuee6c913f1/messages
        - ''
        - ''
- request:
    body: '<?xml version=''1.0'' encoding=''utf-8''?>

      <QueueMessage><MessageText>message3</MessageText></QueueMessage>'
    headers:
      Accept:
      - application/xml
      Content-Length:
      - '103'
      Content-Type:
      - application/xml; charset=utf-8
      User-Agent:
      - azsdk-python-storage-queue/12.0.0b4 Python/3.7.3 (Windows-10-10.0.17763-SP0)
      x-ms-date:
      - Wed, 16 Oct 2019 06:51:43 GMT
      x-ms-version:
      - '2018-03-28'
    method: POST
    uri: https://pyacrstoragee6c913f1.queue.core.windows.net/pythonqueuee6c913f1/messages
  response:
    body:
      string: "\uFEFF<?xml version=\"1.0\" encoding=\"utf-8\"?><QueueMessagesList><QueueMessage><MessageId>6f8297bb-8be4-4e3c-b0fc-ea631a18121f</MessageId><InsertionTime>Wed,
        16 Oct 2019 06:51:43 GMT</InsertionTime><ExpirationTime>Wed, 23 Oct 2019 06:51:43
        GMT</ExpirationTime><PopReceipt>AgAAAAMAAAAAAAAA0O9wK+6D1QE=</PopReceipt><TimeNextVisible>Wed,
        16 Oct 2019 06:51:43 GMT</TimeNextVisible></QueueMessage></QueueMessagesList>"
    headers:
      content-type: application/xml
      date: Wed, 16 Oct 2019 06:51:42 GMT
      server: Windows-Azure-Queue/1.0 Microsoft-HTTPAPI/2.0
      transfer-encoding: chunked
      x-ms-version: '2018-03-28'
    status:
      code: 201
      message: Created
    url: !!python/object/new:yarl.URL
      state: !!python/tuple
      - !!python/object/new:urllib.parse.SplitResult
        - https
        - pyacrstoragee6c913f1.queue.core.windows.net
        - /pythonqueuee6c913f1/messages
        - ''
        - ''
- request:
    body: '<?xml version=''1.0'' encoding=''utf-8''?>

      <QueueMessage><MessageText>message4</MessageText></QueueMessage>'
    headers:
      Accept:
      - application/xml
      Content-Length:
      - '103'
      Content-Type:
      - application/xml; charset=utf-8
      User-Agent:
      - azsdk-python-storage-queue/12.0.0b4 Python/3.7.3 (Windows-10-10.0.17763-SP0)
      x-ms-date:
      - Wed, 16 Oct 2019 06:51:43 GMT
      x-ms-version:
      - '2018-03-28'
    method: POST
    uri: https://pyacrstoragee6c913f1.queue.core.windows.net/pythonqueuee6c913f1/messages
  response:
    body:
      string: "\uFEFF<?xml version=\"1.0\" encoding=\"utf-8\"?><QueueMessagesList><QueueMessage><MessageId>de0c1381-e94b-494b-8487-780a53fc8ecf</MessageId><InsertionTime>Wed,
        16 Oct 2019 06:51:43 GMT</InsertionTime><ExpirationTime>Wed, 23 Oct 2019 06:51:43
        GMT</ExpirationTime><PopReceipt>AgAAAAMAAAAAAAAAbJJ4K+6D1QE=</PopReceipt><TimeNextVisible>Wed,
        16 Oct 2019 06:51:43 GMT</TimeNextVisible></QueueMessage></QueueMessagesList>"
    headers:
      content-type: application/xml
      date: Wed, 16 Oct 2019 06:51:42 GMT
      server: Windows-Azure-Queue/1.0 Microsoft-HTTPAPI/2.0
      transfer-encoding: chunked
      x-ms-version: '2018-03-28'
    status:
      code: 201
      message: Created
    url: !!python/object/new:yarl.URL
      state: !!python/tuple
      - !!python/object/new:urllib.parse.SplitResult
        - https
        - pyacrstoragee6c913f1.queue.core.windows.net
        - /pythonqueuee6c913f1/messages
        - ''
        - ''
- request:
    body: null
    headers:
      Accept:
      - application/xml
      User-Agent:
      - azsdk-python-storage-queue/12.0.0b4 Python/3.7.3 (Windows-10-10.0.17763-SP0)
      x-ms-date:
      - Wed, 16 Oct 2019 06:51:43 GMT
      x-ms-version:
      - '2018-03-28'
    method: GET
    uri: https://pyacrstoragee6c913f1.queue.core.windows.net/pythonqueuee6c913f1/messages?numofmessages=4&peekonly=true
  response:
    body:
      string: "\uFEFF<?xml version=\"1.0\" encoding=\"utf-8\"?><QueueMessagesList><QueueMessage><MessageId>1bb85d59-1868-48bc-9c36-a3df9ba6ee0c</MessageId><InsertionTime>Wed,
        16 Oct 2019 06:51:43 GMT</InsertionTime><ExpirationTime>Wed, 23 Oct 2019 06:51:43
        GMT</ExpirationTime><DequeueCount>0</DequeueCount><MessageText>message1</MessageText></QueueMessage><QueueMessage><MessageId>75a987ab-c767-4aa1-91af-54c3de6f7a92</MessageId><InsertionTime>Wed,
        16 Oct 2019 06:51:43 GMT</InsertionTime><ExpirationTime>Wed, 23 Oct 2019 06:51:43
        GMT</ExpirationTime><DequeueCount>0</DequeueCount><MessageText>message2</MessageText></QueueMessage><QueueMessage><MessageId>6f8297bb-8be4-4e3c-b0fc-ea631a18121f</MessageId><InsertionTime>Wed,
        16 Oct 2019 06:51:43 GMT</InsertionTime><ExpirationTime>Wed, 23 Oct 2019 06:51:43
        GMT</ExpirationTime><DequeueCount>0</DequeueCount><MessageText>message3</MessageText></QueueMessage><QueueMessage><MessageId>de0c1381-e94b-494b-8487-780a53fc8ecf</MessageId><InsertionTime>Wed,
        16 Oct 2019 06:51:43 GMT</InsertionTime><ExpirationTime>Wed, 23 Oct 2019 06:51:43
        GMT</ExpirationTime><DequeueCount>0</DequeueCount><MessageText>message4</MessageText></QueueMessage></QueueMessagesList>"
    headers:
      cache-control: no-cache
      content-type: application/xml
      date: Wed, 16 Oct 2019 06:51:42 GMT
      server: Windows-Azure-Queue/1.0 Microsoft-HTTPAPI/2.0
      transfer-encoding: chunked
      x-ms-version: '2018-03-28'
    status:
      code: 200
      message: OK
    url: !!python/object/new:yarl.URL
      state: !!python/tuple
      - !!python/object/new:urllib.parse.SplitResult
        - https
        - pyacrstoragee6c913f1.queue.core.windows.net
        - /pythonqueuee6c913f1/messages
        - numofmessages=4&peekonly=true
        - ''
version: 1
