interactions:
- request:
    body: null
    headers:
      User-Agent:
      - azsdk-python-storage-queue/12.0.0b2 Python/3.7.3 (Windows-10-10.0.17763-SP0)
      content-type:
      - application/xml; charset=utf-8
      x-ms-date:
      - Fri, 06 Sep 2019 21:57:44 GMT
      x-ms-version:
      - '2018-03-28'
    method: PUT
    uri: https://pyacrstorage393b14f7.queue.core.windows.net/mytestqueue393b14f7
  response:
    body:
      string: ''
    headers:
      content-length: '0'
      date: Fri, 06 Sep 2019 21:57:42 GMT
      server: Windows-Azure-Queue/1.0 Microsoft-HTTPAPI/2.0
      x-ms-version: '2018-03-28'
    status:
      code: 201
      message: Created
    url: !!python/object/new:yarl.URL
      state: !!python/tuple
      - !!python/object/new:urllib.parse.SplitResult
        - https
        - pyacrstorage393b14f7.queue.core.windows.net
        - /mytestqueue393b14f7
        - ''
        - ''
- request:
    body: '<?xml version=''1.0'' encoding=''utf-8''?>

      <QueueMessage><MessageText>eHl6</MessageText></QueueMessage>'
    headers:
      Accept:
      - application/xml
      Content-Length:
      - '99'
      Content-Type:
      - application/xml; charset=utf-8
      User-Agent:
      - azsdk-python-storage-queue/12.0.0b2 Python/3.7.3 (Windows-10-10.0.17763-SP0)
      x-ms-date:
      - Fri, 06 Sep 2019 21:57:44 GMT
      x-ms-version:
      - '2018-03-28'
    method: POST
    uri: https://pyacrstorage393b14f7.queue.core.windows.net/mytestqueue393b14f7/messages
  response:
    body:
      string: "\uFEFF<?xml version=\"1.0\" encoding=\"utf-8\"?><QueueMessagesList><QueueMessage><MessageId>fb3f8a7e-f800-4768-92ce-c0dd3d524092</MessageId><InsertionTime>Fri,
        06 Sep 2019 21:57:43 GMT</InsertionTime><ExpirationTime>Fri, 13 Sep 2019 21:57:43
        GMT</ExpirationTime><PopReceipt>AgAAAAMAAAAAAAAAG+D4G/5k1QE=</PopReceipt><TimeNextVisible>Fri,
        06 Sep 2019 21:57:43 GMT</TimeNextVisible></QueueMessage></QueueMessagesList>"
    headers:
      content-type: application/xml
      date: Fri, 06 Sep 2019 21:57:42 GMT
      server: Windows-Azure-Queue/1.0 Microsoft-HTTPAPI/2.0
      transfer-encoding: chunked
      x-ms-version: '2018-03-28'
    status:
      code: 201
      message: Created
    url: !!python/object/new:yarl.URL
      state: !!python/tuple
      - !!python/object/new:urllib.parse.SplitResult
        - https
        - pyacrstorage393b14f7.queue.core.windows.net
        - /mytestqueue393b14f7/messages
        - ''
        - ''
- request:
    body: null
    headers:
      Accept:
      - application/xml
      User-Agent:
      - azsdk-python-storage-queue/12.0.0b2 Python/3.7.3 (Windows-10-10.0.17763-SP0)
      content-type:
      - application/xml; charset=utf-8
      x-ms-date:
      - Fri, 06 Sep 2019 21:57:44 GMT
      x-ms-version:
      - '2018-03-28'
    method: GET
    uri: https://pyacrstorage393b14f7.queue.core.windows.net/mytestqueue393b14f7/messages
  response:
    body:
      string: "\uFEFF<?xml version=\"1.0\" encoding=\"utf-8\"?><QueueMessagesList><QueueMessage><MessageId>fb3f8a7e-f800-4768-92ce-c0dd3d524092</MessageId><InsertionTime>Fri,
        06 Sep 2019 21:57:43 GMT</InsertionTime><ExpirationTime>Fri, 13 Sep 2019 21:57:43
        GMT</ExpirationTime><PopReceipt>AgAAAAMAAAAAAAAApcneLf5k1QE=</PopReceipt><TimeNextVisible>Fri,
        06 Sep 2019 21:58:13 GMT</TimeNextVisible><DequeueCount>1</DequeueCount><MessageText>eHl6</MessageText></QueueMessage></QueueMessagesList>"
    headers:
      cache-control: no-cache
      content-type: application/xml
      date: Fri, 06 Sep 2019 21:57:42 GMT
      server: Windows-Azure-Queue/1.0 Microsoft-HTTPAPI/2.0
      transfer-encoding: chunked
      x-ms-version: '2018-03-28'
    status:
      code: 200
      message: OK
    url: !!python/object/new:yarl.URL
      state: !!python/tuple
      - !!python/object/new:urllib.parse.SplitResult
        - https
        - pyacrstorage393b14f7.queue.core.windows.net
        - /mytestqueue393b14f7/messages
        - ''
        - ''
- request:
    body: null
    headers:
      Accept:
      - application/xml
      User-Agent:
      - azsdk-python-storage-queue/12.0.0b2 Python/3.7.3 (Windows-10-10.0.17763-SP0)
      content-type:
      - application/xml; charset=utf-8
      x-ms-date:
      - Fri, 06 Sep 2019 21:57:44 GMT
      x-ms-version:
      - '2018-03-28'
    method: GET
    uri: https://pyacrstorage393b14f7.queue.core.windows.net/mytestqueue393b14f7/messages
  response:
    body:
      string: "\uFEFF<?xml version=\"1.0\" encoding=\"utf-8\"?><QueueMessagesList
        />"
    headers:
      cache-control: no-cache
      content-type: application/xml
      date: Fri, 06 Sep 2019 21:57:42 GMT
      server: Windows-Azure-Queue/1.0 Microsoft-HTTPAPI/2.0
      transfer-encoding: chunked
      x-ms-version: '2018-03-28'
    status:
      code: 200
      message: OK
    url: !!python/object/new:yarl.URL
      state: !!python/tuple
      - !!python/object/new:urllib.parse.SplitResult
        - https
        - pyacrstorage393b14f7.queue.core.windows.net
        - /mytestqueue393b14f7/messages
        - ''
        - ''
version: 1
