interactions:
- request:
    body: null
    headers:
      User-Agent:
      - azsdk-python-storage-queue/12.0.0b2 Python/3.7.3 (Windows-10-10.0.17763-SP0)
      content-type:
      - application/xml; charset=utf-8
      x-ms-date:
      - Tue, 20 Aug 2019 21:38:18 GMT
      x-ms-meta-hello:
      - world
      x-ms-version:
      - '2018-03-28'
    method: PUT
    uri: https://pyacrstoragedaac1823.queue.core.windows.net/contdaac1823
  response:
    body:
      string: ''
    headers:
      content-length: '0'
      date: Tue, 20 Aug 2019 21:38:18 GMT
      server: Windows-Azure-Queue/1.0 Microsoft-HTTPAPI/2.0
      x-ms-version: '2018-03-28'
    status:
      code: 201
      message: Created
    url: !!python/object/new:yarl.URL
      state: !!python/tuple
      - !!python/object/new:urllib.parse.SplitResult
        - https
        - pyacrstoragedaac1823.queue.core.windows.net
        - /contdaac1823
        - ''
        - ''
- request:
    body: null
    headers:
      User-Agent:
      - azsdk-python-storage-queue/12.0.0b2 Python/3.7.3 (Windows-10-10.0.17763-SP0)
      content-type:
      - application/xml; charset=utf-8
      x-ms-date:
      - Tue, 20 Aug 2019 21:38:19 GMT
      x-ms-version:
      - '2018-03-28'
    method: GET
    uri: https://pyacrstoragedaac1823.queue.core.windows.net/contdaac1823?comp=metadata
  response:
    body:
      string: ''
    headers:
      cache-control: no-cache
      content-length: '0'
      date: Tue, 20 Aug 2019 21:38:18 GMT
      server: Windows-Azure-Queue/1.0 Microsoft-HTTPAPI/2.0
      x-ms-approximate-messages-count: '0'
      x-ms-meta-hello: world
      x-ms-version: '2018-03-28'
    status:
      code: 200
      message: OK
    url: !!python/object/new:yarl.URL
      state: !!python/tuple
      - !!python/object/new:urllib.parse.SplitResult
        - https
        - pyacrstoragedaac1823.queue.core.windows.net
        - /contdaac1823
        - comp=metadata
        - ''
- request:
    body: null
    headers:
      User-Agent:
      - azsdk-python-storage-queue/12.0.0b2 Python/3.7.3 (Windows-10-10.0.17763-SP0)
      content-type:
      - application/xml; charset=utf-8
      x-ms-date:
      - Tue, 20 Aug 2019 21:38:19 GMT
      x-ms-version:
      - '2018-03-28'
    method: DELETE
    uri: https://pyacrstoragedaac1823.queue.core.windows.net/contdaac1823
  response:
    body:
      string: ''
    headers:
      content-length: '0'
      date: Tue, 20 Aug 2019 21:38:18 GMT
      server: Windows-Azure-Queue/1.0 Microsoft-HTTPAPI/2.0
      x-ms-version: '2018-03-28'
    status:
      code: 204
      message: No Content
    url: !!python/object/new:yarl.URL
      state: !!python/tuple
      - !!python/object/new:urllib.parse.SplitResult
        - https
        - pyacrstoragedaac1823.queue.core.windows.net
        - /contdaac1823
        - ''
        - ''
version: 1
