interactions:
- request:
    body: null
    headers:
      User-Agent:
      - azsdk-python-storage-queue/12.0.0b4 Python/3.7.3 (Windows-10-10.0.17763-SP0)
      x-ms-date:
      - Wed, 16 Oct 2019 06:51:37 GMT
      x-ms-version:
      - '2018-03-28'
    method: PUT
    uri: https://pyacrstorage7ba0168b.queue.core.windows.net/pythonqueue7ba0168b
  response:
    body:
      string: ''
    headers:
      content-length: '0'
      date: Wed, 16 Oct 2019 06:51:36 GMT
      server: Windows-Azure-Queue/1.0 Microsoft-HTTPAPI/2.0
      x-ms-version: '2018-03-28'
    status:
      code: 201
      message: Created
    url: !!python/object/new:yarl.URL
      state: !!python/tuple
      - !!python/object/new:urllib.parse.SplitResult
        - https
        - pyacrstorage7ba0168b.queue.core.windows.net
        - /pythonqueue7ba0168b
        - ''
        - ''
- request:
    body: "<?xml version='1.0' encoding='utf-8'?>\n<QueueMessage><MessageText>message1\u3688</MessageText></QueueMessage>"
    headers:
      Accept:
      - application/xml
      Content-Length:
      - '106'
      Content-Type:
      - application/xml; charset=utf-8
      User-Agent:
      - azsdk-python-storage-queue/12.0.0b4 Python/3.7.3 (Windows-10-10.0.17763-SP0)
      x-ms-date:
      - Wed, 16 Oct 2019 06:51:37 GMT
      x-ms-version:
      - '2018-03-28'
    method: POST
    uri: https://pyacrstorage7ba0168b.queue.core.windows.net/pythonqueue7ba0168b/messages
  response:
    body:
      string: "\uFEFF<?xml version=\"1.0\" encoding=\"utf-8\"?><QueueMessagesList><QueueMessage><MessageId>c031e52a-858d-4aaa-a100-bdfa70f18383</MessageId><InsertionTime>Wed,
        16 Oct 2019 06:51:37 GMT</InsertionTime><ExpirationTime>Wed, 23 Oct 2019 06:51:37
        GMT</ExpirationTime><PopReceipt>AgAAAAMAAAAAAAAAGbb6J+6D1QE=</PopReceipt><TimeNextVisible>Wed,
        16 Oct 2019 06:51:37 GMT</TimeNextVisible></QueueMessage></QueueMessagesList>"
    headers:
      content-type: application/xml
      date: Wed, 16 Oct 2019 06:51:37 GMT
      server: Windows-Azure-Queue/1.0 Microsoft-HTTPAPI/2.0
      transfer-encoding: chunked
      x-ms-version: '2018-03-28'
    status:
      code: 201
      message: Created
    url: !!python/object/new:yarl.URL
      state: !!python/tuple
      - !!python/object/new:urllib.parse.SplitResult
        - https
        - pyacrstorage7ba0168b.queue.core.windows.net
        - /pythonqueue7ba0168b/messages
        - ''
        - ''
- request:
    body: null
    headers:
      Accept:
      - application/xml
      User-Agent:
      - azsdk-python-storage-queue/12.0.0b4 Python/3.7.3 (Windows-10-10.0.17763-SP0)
      x-ms-date:
      - Wed, 16 Oct 2019 06:51:37 GMT
      x-ms-version:
      - '2018-03-28'
    method: GET
    uri: https://pyacrstorage7ba0168b.queue.core.windows.net/pythonqueue7ba0168b/messages
  response:
    body:
      string: "\uFEFF<?xml version=\"1.0\" encoding=\"utf-8\"?><QueueMessagesList><QueueMessage><MessageId>c031e52a-858d-4aaa-a100-bdfa70f18383</MessageId><InsertionTime>Wed,
        16 Oct 2019 06:51:37 GMT</InsertionTime><ExpirationTime>Wed, 23 Oct 2019 06:51:37
        GMT</ExpirationTime><PopReceipt>AgAAAAMAAAAAAAAAitTjOe6D1QE=</PopReceipt><TimeNextVisible>Wed,
        16 Oct 2019 06:52:07 GMT</TimeNextVisible><DequeueCount>1</DequeueCount><MessageText>message1\u3688</MessageText></QueueMessage></QueueMessagesList>"
    headers:
      cache-control: no-cache
      content-type: application/xml
      date: Wed, 16 Oct 2019 06:51:37 GMT
      server: Windows-Azure-Queue/1.0 Microsoft-HTTPAPI/2.0
      transfer-encoding: chunked
      x-ms-version: '2018-03-28'
    status:
      code: 200
      message: OK
    url: !!python/object/new:yarl.URL
      state: !!python/tuple
      - !!python/object/new:urllib.parse.SplitResult
        - https
        - pyacrstorage7ba0168b.queue.core.windows.net
        - /pythonqueue7ba0168b/messages
        - ''
        - ''
- request:
    body: null
    headers:
      Accept:
      - application/xml
      User-Agent:
      - azsdk-python-storage-queue/12.0.0b4 Python/3.7.3 (Windows-10-10.0.17763-SP0)
      x-ms-date:
      - Wed, 16 Oct 2019 06:51:37 GMT
      x-ms-version:
      - '2018-03-28'
    method: GET
    uri: https://pyacrstorage7ba0168b.queue.core.windows.net/pythonqueue7ba0168b/messages
  response:
    body:
      string: "\uFEFF<?xml version=\"1.0\" encoding=\"utf-8\"?><QueueMessagesList
        />"
    headers:
      cache-control: no-cache
      content-type: application/xml
      date: Wed, 16 Oct 2019 06:51:37 GMT
      server: Windows-Azure-Queue/1.0 Microsoft-HTTPAPI/2.0
      transfer-encoding: chunked
      x-ms-version: '2018-03-28'
    status:
      code: 200
      message: OK
    url: !!python/object/new:yarl.URL
      state: !!python/tuple
      - !!python/object/new:urllib.parse.SplitResult
        - https
        - pyacrstorage7ba0168b.queue.core.windows.net
        - /pythonqueue7ba0168b/messages
        - ''
        - ''
version: 1
