interactions:
- request:
    body: null
    headers:
      Accept:
      - '*/*'
      Accept-Encoding:
      - gzip, deflate
      Connection:
      - keep-alive
      Content-Length:
      - '0'
      User-Agent:
      - azsdk-python-storage-queue/12.0.0b2 Python/3.7.3 (Windows-10-10.0.17763-SP0)
      content-type:
      - application/xml; charset=utf-8
      x-ms-date:
      - Tue, 20 Aug 2019 21:02:53 GMT
      x-ms-version:
      - '2018-03-28'
    method: PUT
    uri: https://pyacrstoragef69d0e02.queue.core.windows.net/pythonqueuef69d0e02
  response:
    body:
      string: ''
    headers:
      content-length:
      - '0'
      date:
      - Tue, 20 Aug 2019 21:02:52 GMT
      server:
      - Windows-Azure-Queue/1.0 Microsoft-HTTPAPI/2.0
      x-ms-version:
      - '2018-03-28'
    status:
      code: 201
      message: Created
- request:
    body: null
    headers:
      Accept:
      - '*/*'
      Accept-Encoding:
      - gzip, deflate
      Connection:
      - keep-alive
      Content-Length:
      - '0'
      User-Agent:
      - azsdk-python-storage-queue/12.0.0b2 Python/3.7.3 (Windows-10-10.0.17763-SP0)
      content-type:
      - application/xml; charset=utf-8
      x-ms-date:
      - Tue, 20 Aug 2019 21:02:53 GMT
      x-ms-meta-hello:
      - world
      x-ms-meta-number:
      - '43'
      x-ms-version:
      - '2018-03-28'
    method: PUT
    uri: https://pyacrstoragef69d0e02.queue.core.windows.net/pythonqueuef69d0e02?comp=metadata
  response:
    body:
      string: ''
    headers:
      content-length:
      - '0'
      date:
      - Tue, 20 Aug 2019 21:02:52 GMT
      server:
      - Windows-Azure-Queue/1.0 Microsoft-HTTPAPI/2.0
      x-ms-version:
      - '2018-03-28'
    status:
      code: 204
      message: No Content
- request:
    body: null
    headers:
      Accept:
      - '*/*'
      Accept-Encoding:
      - gzip, deflate
      Connection:
      - keep-alive
      User-Agent:
      - azsdk-python-storage-queue/12.0.0b2 Python/3.7.3 (Windows-10-10.0.17763-SP0)
      content-type:
      - application/xml; charset=utf-8
      x-ms-date:
      - Tue, 20 Aug 2019 21:02:53 GMT
      x-ms-version:
      - '2018-03-28'
    method: GET
    uri: https://pyacrstoragef69d0e02.queue.core.windows.net/pythonqueuef69d0e02?comp=metadata
  response:
    body:
      string: ''
    headers:
      cache-control:
      - no-cache
      content-length:
      - '0'
      date:
      - Tue, 20 Aug 2019 21:02:52 GMT
      server:
      - Windows-Azure-Queue/1.0 Microsoft-HTTPAPI/2.0
      x-ms-approximate-messages-count:
      - '0'
      x-ms-meta-hello:
      - world
      x-ms-meta-number:
      - '43'
      x-ms-version:
      - '2018-03-28'
    status:
      code: 200
      message: OK
- request:
    body: null
    headers:
      Accept:
      - '*/*'
      Accept-Encoding:
      - gzip, deflate
      Connection:
      - keep-alive
      Content-Length:
      - '0'
      User-Agent:
      - azsdk-python-storage-queue/12.0.0b2 Python/3.7.3 (Windows-10-10.0.17763-SP0)
      content-type:
      - application/xml; charset=utf-8
      x-ms-date:
      - Tue, 20 Aug 2019 21:02:55 GMT
      x-ms-version:
      - '2018-03-28'
    method: DELETE
    uri: https://pyacrstoragef69d0e02.queue.core.windows.net/pythonqueuef69d0e02
  response:
    body:
      string: "\uFEFF<?xml version=\"1.0\" encoding=\"utf-8\"?><Error><Code>AccountNotFound</Code><Message>The
        specified account does not exist.\nRequestId:957891cc-f003-000e-029a-576db4000000\nTime:2019-08-20T21:02:54.8175467Z</Message></Error>"
    headers:
      content-length:
      - '221'
      content-type:
      - application/xml
      date:
      - Tue, 20 Aug 2019 21:02:54 GMT
      server:
      - Windows-Azure-Queue/1.0 Microsoft-HTTPAPI/2.0
      x-ms-error-code:
      - AccountNotFound
      x-ms-version:
      - '2018-03-28'
    status:
      code: 404
      message: The specified account does not exist.
version: 1
