interactions:
- request:
    body: null
    headers:
      User-Agent:
      - azsdk-python-storage-queue/12.0.0b1 Python/3.7.3 (Windows-10-10.0.17763-SP0)
      content-type:
      - application/xml; charset=utf-8
      x-ms-client-request-id:
      - 27112aca-b565-11e9-8dda-2816a845e8c6
      x-ms-date:
      - Fri, 02 Aug 2019 20:36:06 GMT
      x-ms-version:
      - '2018-03-28'
    method: PUT
    uri: https://blobstoragename.queue.core.windows.net/pythonqueue7e8f16c0
  response:
    body:
      string: ''
    headers:
      ? !!python/object/new:multidict._istr.istr
      - Content-Length
      : '0'
      ? !!python/object/new:multidict._istr.istr
      - Date
      : Fri, 02 Aug 2019 20:36:05 GMT
      ? !!python/object/new:multidict._istr.istr
      - Server
      : Windows-Azure-Queue/1.0 Microsoft-HTTPAPI/2.0
      x-ms-request-id: c8fd052e-8003-005f-7b71-4996fe000000
      x-ms-version: '2018-03-28'
    status:
      code: 201
      message: Created
    url: !!python/object/new:yarl.URL
      state: !!python/tuple
      - !!python/object/new:urllib.parse.SplitResult
        - https
        - amqptest.queue.core.windows.net
        - /pythonqueue7e8f16c0
        - ''
        - ''
- request:
    body: '<?xml version=''1.0'' encoding=''utf-8''?>

      <QueueMessage><MessageText>message1</MessageText></QueueMessage>'
    headers:
      Accept:
      - application/xml
      Content-Length:
      - '103'
      Content-Type:
      - application/xml; charset=utf-8
      User-Agent:
      - azsdk-python-storage-queue/12.0.0b1 Python/3.7.3 (Windows-10-10.0.17763-SP0)
      x-ms-client-request-id:
      - 272b30a6-b565-11e9-84dd-2816a845e8c6
      x-ms-date:
      - Fri, 02 Aug 2019 20:36:06 GMT
      x-ms-version:
      - '2018-03-28'
    method: POST
    uri: https://blobstoragename.queue.core.windows.net/pythonqueue7e8f16c0/messages?messagettl=-1
  response:
    body:
      string: "\uFEFF<?xml version=\"1.0\" encoding=\"utf-8\"?><QueueMessagesList><QueueMessage><MessageId>8d659fb3-bbf9-474e-a0f6-11f3079212e9</MessageId><InsertionTime>Fri,
        02 Aug 2019 20:36:06 GMT</InsertionTime><ExpirationTime>Fri, 31 Dec 9999 23:59:59
        GMT</ExpirationTime><PopReceipt>AgAAAAMAAAAAAAAAgTzJ6HFJ1QE=</PopReceipt><TimeNextVisible>Fri,
        02 Aug 2019 20:36:06 GMT</TimeNextVisible></QueueMessage></QueueMessagesList>"
    headers:
      ? !!python/object/new:multidict._istr.istr
      - Content-Type
      : application/xml
      ? !!python/object/new:multidict._istr.istr
      - Date
      : Fri, 02 Aug 2019 20:36:05 GMT
      ? !!python/object/new:multidict._istr.istr
      - Server
      : Windows-Azure-Queue/1.0 Microsoft-HTTPAPI/2.0
      ? !!python/object/new:multidict._istr.istr
      - Transfer-Encoding
      : chunked
      x-ms-request-id: c8fd0539-8003-005f-0471-4996fe000000
      x-ms-version: '2018-03-28'
    status:
      code: 201
      message: Created
    url: !!python/object/new:yarl.URL
      state: !!python/tuple
      - !!python/object/new:urllib.parse.SplitResult
        - https
        - amqptest.queue.core.windows.net
        - /pythonqueue7e8f16c0/messages
        - messagettl=-1
        - ''
- request:
    body: null
    headers:
      Accept:
      - application/xml
      User-Agent:
      - azsdk-python-storage-queue/12.0.0b1 Python/3.7.3 (Windows-10-10.0.17763-SP0)
      content-type:
      - application/xml; charset=utf-8
      x-ms-client-request-id:
      - 2730d328-b565-11e9-b07c-2816a845e8c6
      x-ms-date:
      - Fri, 02 Aug 2019 20:36:06 GMT
      x-ms-version:
      - '2018-03-28'
    method: GET
    uri: https://blobstoragename.queue.core.windows.net/pythonqueue7e8f16c0/messages?peekonly=true
  response:
    body:
      string: "\uFEFF<?xml version=\"1.0\" encoding=\"utf-8\"?><QueueMessagesList><QueueMessage><MessageId>8d659fb3-bbf9-474e-a0f6-11f3079212e9</MessageId><InsertionTime>Fri,
        02 Aug 2019 20:36:06 GMT</InsertionTime><ExpirationTime>Fri, 31 Dec 9999 23:59:59
        GMT</ExpirationTime><DequeueCount>0</DequeueCount><MessageText>message1</MessageText></QueueMessage></QueueMessagesList>"
    headers:
      ? !!python/object/new:multidict._istr.istr
      - Cache-Control
      : no-cache
      ? !!python/object/new:multidict._istr.istr
      - Content-Type
      : application/xml
      ? !!python/object/new:multidict._istr.istr
      - Date
      : Fri, 02 Aug 2019 20:36:05 GMT
      ? !!python/object/new:multidict._istr.istr
      - Server
      : Windows-Azure-Queue/1.0 Microsoft-HTTPAPI/2.0
      ? !!python/object/new:multidict._istr.istr
      - Transfer-Encoding
      : chunked
      ? !!python/object/new:multidict._istr.istr
      - Vary
      : Origin
      x-ms-request-id: c8fd0546-8003-005f-1071-4996fe000000
      x-ms-version: '2018-03-28'
    status:
      code: 200
      message: OK
    url: !!python/object/new:yarl.URL
      state: !!python/tuple
      - !!python/object/new:urllib.parse.SplitResult
        - https
        - amqptest.queue.core.windows.net
        - /pythonqueue7e8f16c0/messages
        - peekonly=true
        - ''
version: 1
