interactions:
- request:
    body: null
    headers:
      Accept:
      - '*/*'
      Accept-Encoding:
      - gzip, deflate
      Connection:
      - keep-alive
      Content-Length:
      - '0'
      User-Agent:
      - azsdk-python-storage-queue/12.0.0b2 Python/3.7.3 (Windows-10-10.0.17763-SP0)
      content-type:
      - application/xml; charset=utf-8
      x-ms-date:
      - Fri, 06 Sep 2019 21:52:13 GMT
      x-ms-version:
      - '2018-03-28'
    method: PUT
    uri: https://pyacrstoragebf740c50.queue.core.windows.net/pythonqueuebf740c50
  response:
    body:
      string: ''
    headers:
      content-length:
      - '0'
      date:
      - Fri, 06 Sep 2019 21:52:15 GMT
      server:
      - Windows-Azure-Queue/1.0 Microsoft-HTTPAPI/2.0
      x-ms-version:
      - '2018-03-28'
    status:
      code: 201
      message: Created
- request:
    body: '<?xml version=''1.0'' encoding=''utf-8''?>

      <QueueMessage><MessageText>message1</MessageText></QueueMessage>'
    headers:
      Accept:
      - application/xml
      Accept-Encoding:
      - gzip, deflate
      Connection:
      - keep-alive
      Content-Length:
      - '103'
      Content-Type:
      - application/xml; charset=utf-8
      User-Agent:
      - azsdk-python-storage-queue/12.0.0b2 Python/3.7.3 (Windows-10-10.0.17763-SP0)
      x-ms-date:
      - Fri, 06 Sep 2019 21:52:17 GMT
      x-ms-version:
      - '2018-03-28'
    method: POST
    uri: https://pyacrstoragebf740c50.queue.core.windows.net/pythonqueuebf740c50/messages
  response:
    body:
      string: "\uFEFF<?xml version=\"1.0\" encoding=\"utf-8\"?><QueueMessagesList><QueueMessage><MessageId>e6a6ef7b-ec10-4aee-8863-31e277620972</MessageId><InsertionTime>Fri,
        06 Sep 2019 21:52:16 GMT</InsertionTime><ExpirationTime>Fri, 13 Sep 2019 21:52:16
        GMT</ExpirationTime><PopReceipt>AgAAAAMAAAAAAAAAUL0SWf1k1QE=</PopReceipt><TimeNextVisible>Fri,
        06 Sep 2019 21:52:16 GMT</TimeNextVisible></QueueMessage></QueueMessagesList>"
    headers:
      content-type:
      - application/xml
      date:
      - Fri, 06 Sep 2019 21:52:15 GMT
      server:
      - Windows-Azure-Queue/1.0 Microsoft-HTTPAPI/2.0
      transfer-encoding:
      - chunked
      x-ms-version:
      - '2018-03-28'
    status:
      code: 201
      message: Created
- request:
    body: '<?xml version=''1.0'' encoding=''utf-8''?>

      <QueueMessage><MessageText>message2</MessageText></QueueMessage>'
    headers:
      Accept:
      - application/xml
      Accept-Encoding:
      - gzip, deflate
      Connection:
      - keep-alive
      Content-Length:
      - '103'
      Content-Type:
      - application/xml; charset=utf-8
      User-Agent:
      - azsdk-python-storage-queue/12.0.0b2 Python/3.7.3 (Windows-10-10.0.17763-SP0)
      x-ms-date:
      - Fri, 06 Sep 2019 21:52:17 GMT
      x-ms-version:
      - '2018-03-28'
    method: POST
    uri: https://pyacrstoragebf740c50.queue.core.windows.net/pythonqueuebf740c50/messages
  response:
    body:
      string: "\uFEFF<?xml version=\"1.0\" encoding=\"utf-8\"?><QueueMessagesList><QueueMessage><MessageId>96af8af2-0c86-4650-9269-6a0e7075a602</MessageId><InsertionTime>Fri,
        06 Sep 2019 21:52:16 GMT</InsertionTime><ExpirationTime>Fri, 13 Sep 2019 21:52:16
        GMT</ExpirationTime><PopReceipt>AgAAAAMAAAAAAAAAYeEoWf1k1QE=</PopReceipt><TimeNextVisible>Fri,
        06 Sep 2019 21:52:16 GMT</TimeNextVisible></QueueMessage></QueueMessagesList>"
    headers:
      content-type:
      - application/xml
      date:
      - Fri, 06 Sep 2019 21:52:15 GMT
      server:
      - Windows-Azure-Queue/1.0 Microsoft-HTTPAPI/2.0
      transfer-encoding:
      - chunked
      x-ms-version:
      - '2018-03-28'
    status:
      code: 201
      message: Created
- request:
    body: '<?xml version=''1.0'' encoding=''utf-8''?>

      <QueueMessage><MessageText>message3</MessageText></QueueMessage>'
    headers:
      Accept:
      - application/xml
      Accept-Encoding:
      - gzip, deflate
      Connection:
      - keep-alive
      Content-Length:
      - '103'
      Content-Type:
      - application/xml; charset=utf-8
      User-Agent:
      - azsdk-python-storage-queue/12.0.0b2 Python/3.7.3 (Windows-10-10.0.17763-SP0)
      x-ms-date:
      - Fri, 06 Sep 2019 21:52:17 GMT
      x-ms-version:
      - '2018-03-28'
    method: POST
    uri: https://pyacrstoragebf740c50.queue.core.windows.net/pythonqueuebf740c50/messages
  response:
    body:
      string: "\uFEFF<?xml version=\"1.0\" encoding=\"utf-8\"?><QueueMessagesList><QueueMessage><MessageId>207e6f2a-d2bd-4cb0-bae8-1d5a91141a1d</MessageId><InsertionTime>Fri,
        06 Sep 2019 21:52:16 GMT</InsertionTime><ExpirationTime>Fri, 13 Sep 2019 21:52:16
        GMT</ExpirationTime><PopReceipt>AgAAAAMAAAAAAAAAfUMzWf1k1QE=</PopReceipt><TimeNextVisible>Fri,
        06 Sep 2019 21:52:16 GMT</TimeNextVisible></QueueMessage></QueueMessagesList>"
    headers:
      content-type:
      - application/xml
      date:
      - Fri, 06 Sep 2019 21:52:15 GMT
      server:
      - Windows-Azure-Queue/1.0 Microsoft-HTTPAPI/2.0
      transfer-encoding:
      - chunked
      x-ms-version:
      - '2018-03-28'
    status:
      code: 201
      message: Created
- request:
    body: '<?xml version=''1.0'' encoding=''utf-8''?>

      <QueueMessage><MessageText>message4</MessageText></QueueMessage>'
    headers:
      Accept:
      - application/xml
      Accept-Encoding:
      - gzip, deflate
      Connection:
      - keep-alive
      Content-Length:
      - '103'
      Content-Type:
      - application/xml; charset=utf-8
      User-Agent:
      - azsdk-python-storage-queue/12.0.0b2 Python/3.7.3 (Windows-10-10.0.17763-SP0)
      x-ms-date:
      - Fri, 06 Sep 2019 21:52:17 GMT
      x-ms-version:
      - '2018-03-28'
    method: POST
    uri: https://pyacrstoragebf740c50.queue.core.windows.net/pythonqueuebf740c50/messages
  response:
    body:
      string: "\uFEFF<?xml version=\"1.0\" encoding=\"utf-8\"?><QueueMessagesList><QueueMessage><MessageId>ea874162-da45-4b88-aaae-75adee26667e</MessageId><InsertionTime>Fri,
        06 Sep 2019 21:52:16 GMT</InsertionTime><ExpirationTime>Fri, 13 Sep 2019 21:52:16
        GMT</ExpirationTime><PopReceipt>AgAAAAMAAAAAAAAAoqU9Wf1k1QE=</PopReceipt><TimeNextVisible>Fri,
        06 Sep 2019 21:52:16 GMT</TimeNextVisible></QueueMessage></QueueMessagesList>"
    headers:
      content-type:
      - application/xml
      date:
      - Fri, 06 Sep 2019 21:52:16 GMT
      server:
      - Windows-Azure-Queue/1.0 Microsoft-HTTPAPI/2.0
      transfer-encoding:
      - chunked
      x-ms-version:
      - '2018-03-28'
    status:
      code: 201
      message: Created
- request:
    body: null
    headers:
      Accept:
      - '*/*'
      Accept-Encoding:
      - gzip, deflate
      Connection:
      - keep-alive
      Content-Length:
      - '0'
      User-Agent:
      - azsdk-python-storage-queue/12.0.0b2 Python/3.7.3 (Windows-10-10.0.17763-SP0)
      content-type:
      - application/xml; charset=utf-8
      x-ms-date:
      - Fri, 06 Sep 2019 21:52:18 GMT
      x-ms-version:
      - '2018-03-28'
    method: DELETE
    uri: https://pyacrstoragebf740c50.queue.core.windows.net/pythonqueuebf740c50/messages
  response:
    body:
      string: ''
    headers:
      content-length:
      - '0'
      date:
      - Fri, 06 Sep 2019 21:52:16 GMT
      server:
      - Windows-Azure-Queue/1.0 Microsoft-HTTPAPI/2.0
      x-ms-version:
      - '2018-03-28'
    status:
      code: 204
      message: No Content
- request:
    body: null
    headers:
      Accept:
      - application/xml
      Accept-Encoding:
      - gzip, deflate
      Connection:
      - keep-alive
      User-Agent:
      - azsdk-python-storage-queue/12.0.0b2 Python/3.7.3 (Windows-10-10.0.17763-SP0)
      content-type:
      - application/xml; charset=utf-8
      x-ms-date:
      - Fri, 06 Sep 2019 21:52:18 GMT
      x-ms-version:
      - '2018-03-28'
    method: GET
    uri: https://pyacrstoragebf740c50.queue.core.windows.net/pythonqueuebf740c50/messages?peekonly=true
  response:
    body:
      string: "\uFEFF<?xml version=\"1.0\" encoding=\"utf-8\"?><QueueMessagesList
        />"
    headers:
      cache-control:
      - no-cache
      content-type:
      - application/xml
      date:
      - Fri, 06 Sep 2019 21:52:16 GMT
      server:
      - Windows-Azure-Queue/1.0 Microsoft-HTTPAPI/2.0
      transfer-encoding:
      - chunked
      x-ms-version:
      - '2018-03-28'
    status:
      code: 200
      message: OK
version: 1
