interactions:
- request:
    body: null
    headers:
      User-Agent:
      - azsdk-python-storage-queue/12.0.0b2 Python/3.7.3 (Windows-10-10.0.17763-SP0)
      content-type:
      - application/xml; charset=utf-8
      x-ms-date:
      - Wed, 21 Aug 2019 22:43:44 GMT
      x-ms-version:
      - '2018-03-28'
    method: PUT
    uri: https://pyacrstorage873511b1.queue.core.windows.net/pythonqueue873511b1
  response:
    body:
      string: ''
    headers:
      content-length: '0'
      date: Wed, 21 Aug 2019 22:43:42 GMT
      server: Windows-Azure-Queue/1.0 Microsoft-HTTPAPI/2.0
      x-ms-version: '2018-03-28'
    status:
      code: 201
      message: Created
    url: !!python/object/new:yarl.URL
      state: !!python/tuple
      - !!python/object/new:urllib.parse.SplitResult
        - https
        - pyacrstorage873511b1.queue.core.windows.net
        - /pythonqueue873511b1
        - ''
        - ''
- request:
    body: '<?xml version=''1.0'' encoding=''utf-8''?>

      <SignedIdentifiers><SignedIdentifier><Id>testid</Id><AccessPolicy><Start>2019-08-21T21:43:44Z</Start><Expiry>2019-08-21T23:43:44Z</Expiry><Permission>r</Permission></AccessPolicy></SignedIdentifier></SignedIdentifiers>'
    headers:
      Content-Length:
      - '257'
      Content-Type:
      - application/xml; charset=utf-8
      User-Agent:
      - azsdk-python-storage-queue/12.0.0b2 Python/3.7.3 (Windows-10-10.0.17763-SP0)
      x-ms-date:
      - Wed, 21 Aug 2019 22:43:45 GMT
      x-ms-version:
      - '2018-03-28'
    method: PUT
    uri: https://pyacrstorage873511b1.queue.core.windows.net/pythonqueue873511b1?comp=acl
  response:
    body:
      string: ''
    headers:
      content-length: '0'
      date: Wed, 21 Aug 2019 22:43:42 GMT
      server: Windows-Azure-Queue/1.0 Microsoft-HTTPAPI/2.0
      x-ms-version: '2018-03-28'
    status:
      code: 204
      message: No Content
    url: !!python/object/new:yarl.URL
      state: !!python/tuple
      - !!python/object/new:urllib.parse.SplitResult
        - https
        - pyacrstorage873511b1.queue.core.windows.net
        - /pythonqueue873511b1
        - comp=acl
        - ''
- request:
    body: '<?xml version=''1.0'' encoding=''utf-8''?>

      <QueueMessage><MessageText>message1</MessageText></QueueMessage>'
    headers:
      Accept:
      - application/xml
      Content-Length:
      - '103'
      Content-Type:
      - application/xml; charset=utf-8
      User-Agent:
      - azsdk-python-storage-queue/12.0.0b2 Python/3.7.3 (Windows-10-10.0.17763-SP0)
      x-ms-date:
      - Wed, 21 Aug 2019 22:43:45 GMT
      x-ms-version:
      - '2018-03-28'
    method: POST
    uri: https://pyacrstorage873511b1.queue.core.windows.net/pythonqueue873511b1/messages
  response:
    body:
      string: "\uFEFF<?xml version=\"1.0\" encoding=\"utf-8\"?><QueueMessagesList><QueueMessage><MessageId>e5d44cf2-79bd-43e2-a1ad-68d014c0abd2</MessageId><InsertionTime>Wed,
        21 Aug 2019 22:43:43 GMT</InsertionTime><ExpirationTime>Wed, 28 Aug 2019 22:43:43
        GMT</ExpirationTime><PopReceipt>AgAAAAMAAAAAAAAAF5CC4nFY1QE=</PopReceipt><TimeNextVisible>Wed,
        21 Aug 2019 22:43:43 GMT</TimeNextVisible></QueueMessage></QueueMessagesList>"
    headers:
      content-type: application/xml
      date: Wed, 21 Aug 2019 22:43:42 GMT
      server: Windows-Azure-Queue/1.0 Microsoft-HTTPAPI/2.0
      transfer-encoding: chunked
      x-ms-version: '2018-03-28'
    status:
      code: 201
      message: Created
    url: !!python/object/new:yarl.URL
      state: !!python/tuple
      - !!python/object/new:urllib.parse.SplitResult
        - https
        - pyacrstorage873511b1.queue.core.windows.net
        - /pythonqueue873511b1/messages
        - ''
        - ''
- request:
    body: null
    headers:
      Accept:
      - application/xml
      User-Agent:
      - azsdk-python-storage-queue/12.0.0b2 Python/3.7.3 (Windows-10-10.0.17763-SP0)
      x-ms-date:
      - Wed, 21 Aug 2019 22:43:45 GMT
      x-ms-version:
      - '2018-03-28'
    method: GET
    uri: https://pyacrstorage873511b1.queue.core.windows.net/pythonqueue873511b1/messages?peekonly=true&sv=2018-03-28&si=testid&sig=MO9R1Z5ESM%2BmV9LKZo57lZfCv4IcXr1ViWZ6qxU3Bjk%3D
  response:
    body:
      string: "\uFEFF<?xml version=\"1.0\" encoding=\"utf-8\"?><QueueMessagesList><QueueMessage><MessageId>e5d44cf2-79bd-43e2-a1ad-68d014c0abd2</MessageId><InsertionTime>Wed,
        21 Aug 2019 22:43:43 GMT</InsertionTime><ExpirationTime>Wed, 28 Aug 2019 22:43:43
        GMT</ExpirationTime><DequeueCount>0</DequeueCount><MessageText>message1</MessageText></QueueMessage></QueueMessagesList>"
    headers:
      cache-control: no-cache
      content-type: application/xml
      date: Wed, 21 Aug 2019 22:43:43 GMT
      server: Windows-Azure-Queue/1.0 Microsoft-HTTPAPI/2.0
      transfer-encoding: chunked
      x-ms-version: '2018-03-28'
    status:
      code: 200
      message: OK
    url: !!python/object/new:yarl.URL
      state: !!python/tuple
      - !!python/object/new:urllib.parse.SplitResult
        - https
        - pyacrstorage873511b1.queue.core.windows.net
        - /pythonqueue873511b1/messages
        - peekonly=true&sv=2018-03-28&si=testid&sig=MO9R1Z5ESM%2BmV9LKZo57lZfCv4IcXr1ViWZ6qxU3Bjk%3D
        - ''
version: 1
