interactions:
- request:
    body: null
    headers:
      Accept:
      - '*/*'
      Accept-Encoding:
      - gzip, deflate
      Connection:
      - keep-alive
      Content-Length:
      - '0'
      User-Agent:
      - python/3.6.5 (Darwin-16.7.0-x86_64-i386-64bit) azure-core/0.0.1
      x-ms-client-request-id:
      - 217c161a-952a-11e9-9779-f45c89a7d159
      x-ms-date:
      - Sat, 22 Jun 2019 20:12:59 GMT
      x-ms-version:
      - '2018-03-28'
    method: PUT
    uri: https://remotestoragename.queue.core.windows.net/pythonqueuefb421443
  response:
    body:
      string: ''
    headers:
      Content-Length:
      - '0'
      Date:
      - Sat, 22 Jun 2019 20:12:59 GMT
      Server:
      - Windows-Azure-Queue/1.0 Microsoft-HTTPAPI/2.0
      x-ms-request-id:
      - 916308f1-5003-00d5-1436-292cdd000000
      x-ms-version:
      - '2018-03-28'
    status:
      code: 201
      message: Created
- request:
    body: '<?xml version=''1.0'' encoding=''utf-8''?>

      <QueueMessage><MessageText>message1</MessageText></QueueMessage>'
    headers:
      Accept:
      - application/xml
      Accept-Encoding:
      - gzip, deflate
      Connection:
      - keep-alive
      Content-Length:
      - '103'
      Content-Type:
      - application/xml; charset=utf-8
      User-Agent:
      - python/3.6.5 (Darwin-16.7.0-x86_64-i386-64bit) azure-core/0.0.1
      x-ms-client-request-id:
      - 219d1862-952a-11e9-8e5a-f45c89a7d159
      x-ms-date:
      - Sat, 22 Jun 2019 20:12:59 GMT
      x-ms-version:
      - '2018-03-28'
    method: POST
    uri: https://remotestoragename.queue.core.windows.net/pythonqueuefb421443/messages?messagettl=-1
  response:
    body:
      string: "\uFEFF<?xml version=\"1.0\" encoding=\"utf-8\"?><QueueMessagesList><QueueMessage><MessageId>da424edc-bc9a-475f-9198-fd8d71a56664</MessageId><InsertionTime>Sat,\
        \ 22 Jun 2019 20:12:59 GMT</InsertionTime><ExpirationTime>Fri, 31 Dec 9999\
        \ 23:59:59 GMT</ExpirationTime><PopReceipt>AgAAAAMAAAAAAAAAue1i4zYp1QE=</PopReceipt><TimeNextVisible>Sat,\
        \ 22 Jun 2019 20:12:59 GMT</TimeNextVisible></QueueMessage></QueueMessagesList>"
    headers:
      Content-Type:
      - application/xml
      Date:
      - Sat, 22 Jun 2019 20:12:59 GMT
      Server:
      - Windows-Azure-Queue/1.0 Microsoft-HTTPAPI/2.0
      Transfer-Encoding:
      - chunked
      x-ms-request-id:
      - 916308f9-5003-00d5-1a36-292cdd000000
      x-ms-version:
      - '2018-03-28'
    status:
      code: 201
      message: Created
- request:
    body: null
    headers:
      Accept:
      - application/xml
      Accept-Encoding:
      - gzip, deflate
      Connection:
      - keep-alive
      User-Agent:
      - python/3.6.5 (Darwin-16.7.0-x86_64-i386-64bit) azure-core/0.0.1
      x-ms-client-request-id:
      - 21a60092-952a-11e9-a1cf-f45c89a7d159
      x-ms-date:
      - Sat, 22 Jun 2019 20:12:59 GMT
      x-ms-version:
      - '2018-03-28'
    method: GET
    uri: https://remotestoragename.queue.core.windows.net/pythonqueuefb421443/messages?peekonly=true
  response:
    body:
      string: "\uFEFF<?xml version=\"1.0\" encoding=\"utf-8\"?><QueueMessagesList><QueueMessage><MessageId>da424edc-bc9a-475f-9198-fd8d71a56664</MessageId><InsertionTime>Sat,\
        \ 22 Jun 2019 20:12:59 GMT</InsertionTime><ExpirationTime>Fri, 31 Dec 9999\
        \ 23:59:59 GMT</ExpirationTime><DequeueCount>0</DequeueCount><MessageText>message1</MessageText></QueueMessage></QueueMessagesList>"
    headers:
      Cache-Control:
      - no-cache
      Content-Type:
      - application/xml
      Date:
      - Sat, 22 Jun 2019 20:12:59 GMT
      Server:
      - Windows-Azure-Queue/1.0 Microsoft-HTTPAPI/2.0
      Transfer-Encoding:
      - chunked
      Vary:
      - Origin
      x-ms-request-id:
      - 916308ff-5003-00d5-1f36-292cdd000000
      x-ms-version:
      - '2018-03-28'
    status:
      code: 200
      message: OK
- request:
    body: null
    headers:
      Accept:
      - '*/*'
      Accept-Encoding:
      - gzip, deflate
      Connection:
      - keep-alive
      Content-Length:
      - '0'
      User-Agent:
      - python/3.6.5 (Darwin-16.7.0-x86_64-i386-64bit) azure-core/0.0.1
      x-ms-client-request-id:
      - e3a4d150-952a-11e9-974f-f45c89a7d159
      x-ms-date:
      - Sat, 22 Jun 2019 20:18:25 GMT
      x-ms-version:
      - '2018-03-28'
    method: PUT
    uri: https://storagename.queue.core.windows.net/pythonqueuefb421443
  response:
    body:
      string: ''
    headers:
      Content-Length:
      - '0'
      Date:
      - Sat, 22 Jun 2019 20:18:25 GMT
      Server:
      - Windows-Azure-Queue/1.0 Microsoft-HTTPAPI/2.0
      x-ms-request-id:
      - 7b2fef5f-a003-00cb-6037-29f630000000
      x-ms-version:
      - '2018-03-28'
    status:
      code: 201
      message: Created
- request:
    body: '<?xml version=''1.0'' encoding=''utf-8''?>

      <QueueMessage><MessageText>message1</MessageText></QueueMessage>'
    headers:
      Accept:
      - application/xml
      Accept-Encoding:
      - gzip, deflate
      Connection:
      - keep-alive
      Content-Length:
      - '103'
      Content-Type:
      - application/xml; charset=utf-8
      User-Agent:
      - python/3.6.5 (Darwin-16.7.0-x86_64-i386-64bit) azure-core/0.0.1
      x-ms-client-request-id:
      - e3c688fe-952a-11e9-ae3d-f45c89a7d159
      x-ms-date:
      - Sat, 22 Jun 2019 20:18:25 GMT
      x-ms-version:
      - '2018-03-28'
    method: POST
    uri: https://storagename.queue.core.windows.net/pythonqueuefb421443/messages?messagettl=-1
  response:
    body:
      string: "\uFEFF<?xml version=\"1.0\" encoding=\"utf-8\"?><QueueMessagesList><QueueMessage><MessageId>fceb56c1-298c-4f04-bf9f-21557365351f</MessageId><InsertionTime>Sat,\
        \ 22 Jun 2019 20:18:25 GMT</InsertionTime><ExpirationTime>Fri, 31 Dec 9999\
        \ 23:59:59 GMT</ExpirationTime><PopReceipt>AgAAAAMAAAAAAAAAJJeNpTcp1QE=</PopReceipt><TimeNextVisible>Sat,\
        \ 22 Jun 2019 20:18:25 GMT</TimeNextVisible></QueueMessage></QueueMessagesList>"
    headers:
      Content-Type:
      - application/xml
      Date:
      - Sat, 22 Jun 2019 20:18:25 GMT
      Server:
      - Windows-Azure-Queue/1.0 Microsoft-HTTPAPI/2.0
      Transfer-Encoding:
      - chunked
      x-ms-request-id:
      - 7b2fef6d-a003-00cb-6c37-29f630000000
      x-ms-version:
      - '2018-03-28'
    status:
      code: 201
      message: Created
- request:
    body: null
    headers:
      Accept:
      - application/xml
      Accept-Encoding:
      - gzip, deflate
      Connection:
      - keep-alive
      User-Agent:
      - python/3.6.5 (Darwin-16.7.0-x86_64-i386-64bit) azure-core/0.0.1
      x-ms-client-request-id:
      - e3cf900c-952a-11e9-abf9-f45c89a7d159
      x-ms-date:
      - Sat, 22 Jun 2019 20:18:25 GMT
      x-ms-version:
      - '2018-03-28'
    method: GET
    uri: https://storagename.queue.core.windows.net/pythonqueuefb421443/messages?peekonly=true
  response:
    body:
      string: "\uFEFF<?xml version=\"1.0\" encoding=\"utf-8\"?><QueueMessagesList><QueueMessage><MessageId>fceb56c1-298c-4f04-bf9f-21557365351f</MessageId><InsertionTime>Sat,\
        \ 22 Jun 2019 20:18:25 GMT</InsertionTime><ExpirationTime>Fri, 31 Dec 9999\
        \ 23:59:59 GMT</ExpirationTime><DequeueCount>0</DequeueCount><MessageText>message1</MessageText></QueueMessage></QueueMessagesList>"
    headers:
      Cache-Control:
      - no-cache
      Content-Type:
      - application/xml
      Date:
      - Sat, 22 Jun 2019 20:18:25 GMT
      Server:
      - Windows-Azure-Queue/1.0 Microsoft-HTTPAPI/2.0
      Transfer-Encoding:
      - chunked
      Vary:
      - Origin
      x-ms-request-id:
      - 7b2fef76-a003-00cb-7537-29f630000000
      x-ms-version:
      - '2018-03-28'
    status:
      code: 200
      message: OK
- request:
    body: null
    headers:
      Accept:
      - '*/*'
      Accept-Encoding:
      - gzip, deflate
      Connection:
      - keep-alive
      Content-Length:
      - '0'
      User-Agent:
      - python/3.6.5 (Darwin-16.7.0-x86_64-i386-64bit) azure-core/0.0.1
      x-ms-client-request-id:
      - 7d3f232e-952b-11e9-b583-f45c89a7d159
      x-ms-date:
      - Sat, 22 Jun 2019 20:22:42 GMT
      x-ms-version:
      - '2018-03-28'
    method: PUT
    uri: https://storagename.queue.core.windows.net/pythonqueuefb421443
  response:
    body:
      string: ''
    headers:
      Content-Length:
      - '0'
      Date:
      - Sat, 22 Jun 2019 20:22:42 GMT
      Server:
      - Windows-Azure-Queue/1.0 Microsoft-HTTPAPI/2.0
      x-ms-request-id:
      - b2d54ff5-f003-0079-7e38-290d4a000000
      x-ms-version:
      - '2018-03-28'
    status:
      code: 201
      message: Created
- request:
    body: '<?xml version=''1.0'' encoding=''utf-8''?>

      <QueueMessage><MessageText>message1</MessageText></QueueMessage>'
    headers:
      Accept:
      - application/xml
      Accept-Encoding:
      - gzip, deflate
      Connection:
      - keep-alive
      Content-Length:
      - '103'
      Content-Type:
      - application/xml; charset=utf-8
      User-Agent:
      - python/3.6.5 (Darwin-16.7.0-x86_64-i386-64bit) azure-core/0.0.1
      x-ms-client-request-id:
      - 7d620222-952b-11e9-9843-f45c89a7d159
      x-ms-date:
      - Sat, 22 Jun 2019 20:22:43 GMT
      x-ms-version:
      - '2018-03-28'
    method: POST
    uri: https://storagename.queue.core.windows.net/pythonqueuefb421443/messages?messagettl=-1
  response:
    body:
      string: "\uFEFF<?xml version=\"1.0\" encoding=\"utf-8\"?><QueueMessagesList><QueueMessage><MessageId>28ae8cd0-7252-4f21-b3e2-f3240f58fd2e</MessageId><InsertionTime>Sat,\
        \ 22 Jun 2019 20:22:43 GMT</InsertionTime><ExpirationTime>Fri, 31 Dec 9999\
        \ 23:59:59 GMT</ExpirationTime><PopReceipt>AgAAAAMAAAAAAAAA8MopPzgp1QE=</PopReceipt><TimeNextVisible>Sat,\
        \ 22 Jun 2019 20:22:43 GMT</TimeNextVisible></QueueMessage></QueueMessagesList>"
    headers:
      Content-Type:
      - application/xml
      Date:
      - Sat, 22 Jun 2019 20:22:42 GMT
      Server:
      - Windows-Azure-Queue/1.0 Microsoft-HTTPAPI/2.0
      Transfer-Encoding:
      - chunked
      x-ms-request-id:
      - b2d55001-f003-0079-0638-290d4a000000
      x-ms-version:
      - '2018-03-28'
    status:
      code: 201
      message: Created
- request:
    body: null
    headers:
      Accept:
      - application/xml
      Accept-Encoding:
      - gzip, deflate
      Connection:
      - keep-alive
      User-Agent:
      - python/3.6.5 (Darwin-16.7.0-x86_64-i386-64bit) azure-core/0.0.1
      x-ms-client-request-id:
      - 7d6c7702-952b-11e9-bf42-f45c89a7d159
      x-ms-date:
      - Sat, 22 Jun 2019 20:22:43 GMT
      x-ms-version:
      - '2018-03-28'
    method: GET
    uri: https://storagename.queue.core.windows.net/pythonqueuefb421443/messages?peekonly=true
  response:
    body:
      string: "\uFEFF<?xml version=\"1.0\" encoding=\"utf-8\"?><QueueMessagesList><QueueMessage><MessageId>28ae8cd0-7252-4f21-b3e2-f3240f58fd2e</MessageId><InsertionTime>Sat,\
        \ 22 Jun 2019 20:22:43 GMT</InsertionTime><ExpirationTime>Fri, 31 Dec 9999\
        \ 23:59:59 GMT</ExpirationTime><DequeueCount>0</DequeueCount><MessageText>message1</MessageText></QueueMessage></QueueMessagesList>"
    headers:
      Cache-Control:
      - no-cache
      Content-Type:
      - application/xml
      Date:
      - Sat, 22 Jun 2019 20:22:42 GMT
      Server:
      - Windows-Azure-Queue/1.0 Microsoft-HTTPAPI/2.0
      Transfer-Encoding:
      - chunked
      Vary:
      - Origin
      x-ms-request-id:
      - b2d55012-f003-0079-1338-290d4a000000
      x-ms-version:
      - '2018-03-28'
    status:
      code: 200
      message: OK
- request:
    body: null
    headers:
      Accept:
      - '*/*'
      Accept-Encoding:
      - gzip, deflate
      Connection:
      - keep-alive
      Content-Length:
      - '0'
      User-Agent:
      - python/3.6.5 (Darwin-16.7.0-x86_64-i386-64bit) azure-core/0.0.1
      x-ms-client-request-id:
      - bd024e62-952d-11e9-9bf4-f45c89a7d159
      x-ms-date:
      - Sat, 22 Jun 2019 20:38:48 GMT
      x-ms-version:
      - '2018-03-28'
    method: PUT
    uri: https://storagename.queue.core.windows.net/pythonqueuefb421443
  response:
    body:
      string: ''
    headers:
      Content-Length:
      - '0'
      Date:
      - Sat, 22 Jun 2019 20:38:48 GMT
      Server:
      - Windows-Azure-Queue/1.0 Microsoft-HTTPAPI/2.0
      x-ms-request-id:
      - 3ab132e0-7003-0068-553a-293a51000000
      x-ms-version:
      - '2018-03-28'
    status:
      code: 201
      message: Created
- request:
    body: '<?xml version=''1.0'' encoding=''utf-8''?>

      <QueueMessage><MessageText>message1</MessageText></QueueMessage>'
    headers:
      Accept:
      - application/xml
      Accept-Encoding:
      - gzip, deflate
      Connection:
      - keep-alive
      Content-Length:
      - '103'
      Content-Type:
      - application/xml; charset=utf-8
      User-Agent:
      - python/3.6.5 (Darwin-16.7.0-x86_64-i386-64bit) azure-core/0.0.1
      x-ms-client-request-id:
      - bd2357ba-952d-11e9-ad90-f45c89a7d159
      x-ms-date:
      - Sat, 22 Jun 2019 20:38:49 GMT
      x-ms-version:
      - '2018-03-28'
    method: POST
    uri: https://storagename.queue.core.windows.net/pythonqueuefb421443/messages?messagettl=-1
  response:
    body:
      string: "\uFEFF<?xml version=\"1.0\" encoding=\"utf-8\"?><QueueMessagesList><QueueMessage><MessageId>c82a10bf-fd7a-4632-8b3b-3b980aba1754</MessageId><InsertionTime>Sat,\
        \ 22 Jun 2019 20:38:49 GMT</InsertionTime><ExpirationTime>Fri, 31 Dec 9999\
        \ 23:59:59 GMT</ExpirationTime><PopReceipt>AgAAAAMAAAAAAAAA/F3rfjop1QE=</PopReceipt><TimeNextVisible>Sat,\
        \ 22 Jun 2019 20:38:49 GMT</TimeNextVisible></QueueMessage></QueueMessagesList>"
    headers:
      Content-Type:
      - application/xml
      Date:
      - Sat, 22 Jun 2019 20:38:48 GMT
      Server:
      - Windows-Azure-Queue/1.0 Microsoft-HTTPAPI/2.0
      Transfer-Encoding:
      - chunked
      x-ms-request-id:
      - 3ab132e5-7003-0068-593a-293a51000000
      x-ms-version:
      - '2018-03-28'
    status:
      code: 201
      message: Created
- request:
    body: null
    headers:
      Accept:
      - application/xml
      Accept-Encoding:
      - gzip, deflate
      Connection:
      - keep-alive
      User-Agent:
      - python/3.6.5 (Darwin-16.7.0-x86_64-i386-64bit) azure-core/0.0.1
      x-ms-client-request-id:
      - bd2c45d2-952d-11e9-8e94-f45c89a7d159
      x-ms-date:
      - Sat, 22 Jun 2019 20:38:49 GMT
      x-ms-version:
      - '2018-03-28'
    method: GET
    uri: https://storagename.queue.core.windows.net/pythonqueuefb421443/messages?peekonly=true
  response:
    body:
      string: "\uFEFF<?xml version=\"1.0\" encoding=\"utf-8\"?><QueueMessagesList><QueueMessage><MessageId>c82a10bf-fd7a-4632-8b3b-3b980aba1754</MessageId><InsertionTime>Sat,\
        \ 22 Jun 2019 20:38:49 GMT</InsertionTime><ExpirationTime>Fri, 31 Dec 9999\
        \ 23:59:59 GMT</ExpirationTime><DequeueCount>0</DequeueCount><MessageText>message1</MessageText></QueueMessage></QueueMessagesList>"
    headers:
      Cache-Control:
      - no-cache
      Content-Type:
      - application/xml
      Date:
      - Sat, 22 Jun 2019 20:38:48 GMT
      Server:
      - Windows-Azure-Queue/1.0 Microsoft-HTTPAPI/2.0
      Transfer-Encoding:
      - chunked
      Vary:
      - Origin
      x-ms-request-id:
      - 3ab132eb-7003-0068-5d3a-293a51000000
      x-ms-version:
      - '2018-03-28'
    status:
      code: 200
      message: OK
version: 1
