interactions:
- request:
    body: null
    headers:
      Accept:
      - '*/*'
      Accept-Encoding:
      - gzip, deflate
      Connection:
      - keep-alive
      Content-Length:
      - '0'
      User-Agent:
      - azsdk-python-storage-queue/12.1.2 Python/3.8.3 (Windows-10-10.0.19041-SP0)
      x-ms-date:
      - Mon, 08 Jun 2020 17:04:59 GMT
      x-ms-version:
      - '2018-03-28'
    method: PUT
    uri: https://storagename.queue.core.windows.net/pyqueuesynca7c20b89
  response:
    body:
      string: ''
    headers:
      content-length:
      - '0'
      date:
      - Mon, 08 Jun 2020 17:04:52 GMT
      server:
      - Windows-Azure-Queue/1.0 Microsoft-HTTPAPI/2.0
      x-ms-version:
      - '2018-03-28'
    status:
      code: 201
      message: Created
- request:
    body: '<?xml version=''1.0'' encoding=''utf-8''?>

      <QueueMessage><MessageText>message1</MessageText></QueueMessage>'
    headers:
      Accept:
      - application/xml
      Accept-Encoding:
      - gzip, deflate
      Connection:
      - keep-alive
      Content-Length:
      - '103'
      Content-Type:
      - application/xml; charset=utf-8
      User-Agent:
      - azsdk-python-storage-queue/12.1.2 Python/3.8.3 (Windows-10-10.0.19041-SP0)
      x-ms-date:
      - Mon, 08 Jun 2020 17:04:59 GMT
      x-ms-version:
      - '2018-03-28'
    method: POST
    uri: https://storagename.queue.core.windows.net/pyqueuesynca7c20b89/messages
  response:
    body:
      string: "\uFEFF<?xml version=\"1.0\" encoding=\"utf-8\"?><QueueMessagesList><QueueMessage><MessageId>6e8a4fff-c220-4d0b-a24e-d5fae0b31c3f</MessageId><InsertionTime>Mon,
        08 Jun 2020 17:04:53 GMT</InsertionTime><ExpirationTime>Mon, 15 Jun 2020 17:04:53
        GMT</ExpirationTime><PopReceipt>AgAAAAMAAAAAAAAAXjpt7bY91gE=</PopReceipt><TimeNextVisible>Mon,
        08 Jun 2020 17:04:53 GMT</TimeNextVisible></QueueMessage></QueueMessagesList>"
    headers:
      content-type:
      - application/xml
      date:
      - Mon, 08 Jun 2020 17:04:52 GMT
      server:
      - Windows-Azure-Queue/1.0 Microsoft-HTTPAPI/2.0
      transfer-encoding:
      - chunked
      x-ms-version:
      - '2018-03-28'
    status:
      code: 201
      message: Created
- request:
    body: '<?xml version=''1.0'' encoding=''utf-8''?>

      <QueueMessage><MessageText>message2</MessageText></QueueMessage>'
    headers:
      Accept:
      - application/xml
      Accept-Encoding:
      - gzip, deflate
      Connection:
      - keep-alive
      Content-Length:
      - '103'
      Content-Type:
      - application/xml; charset=utf-8
      User-Agent:
      - azsdk-python-storage-queue/12.1.2 Python/3.8.3 (Windows-10-10.0.19041-SP0)
      x-ms-date:
      - Mon, 08 Jun 2020 17:04:59 GMT
      x-ms-version:
      - '2018-03-28'
    method: POST
    uri: https://storagename.queue.core.windows.net/pyqueuesynca7c20b89/messages
  response:
    body:
      string: "\uFEFF<?xml version=\"1.0\" encoding=\"utf-8\"?><QueueMessagesList><QueueMessage><MessageId>964d043e-bb66-4401-bb98-f8b1ecc062a5</MessageId><InsertionTime>Mon,
        08 Jun 2020 17:04:53 GMT</InsertionTime><ExpirationTime>Mon, 15 Jun 2020 17:04:53
        GMT</ExpirationTime><PopReceipt>AgAAAAMAAAAAAAAAwJ6A7bY91gE=</PopReceipt><TimeNextVisible>Mon,
        08 Jun 2020 17:04:53 GMT</TimeNextVisible></QueueMessage></QueueMessagesList>"
    headers:
      content-type:
      - application/xml
      date:
      - Mon, 08 Jun 2020 17:04:52 GMT
      server:
      - Windows-Azure-Queue/1.0 Microsoft-HTTPAPI/2.0
      transfer-encoding:
      - chunked
      x-ms-version:
      - '2018-03-28'
    status:
      code: 201
      message: Created
- request:
    body: '<?xml version=''1.0'' encoding=''utf-8''?>

      <QueueMessage><MessageText>message3</MessageText></QueueMessage>'
    headers:
      Accept:
      - application/xml
      Accept-Encoding:
      - gzip, deflate
      Connection:
      - keep-alive
      Content-Length:
      - '103'
      Content-Type:
      - application/xml; charset=utf-8
      User-Agent:
      - azsdk-python-storage-queue/12.1.2 Python/3.8.3 (Windows-10-10.0.19041-SP0)
      x-ms-date:
      - Mon, 08 Jun 2020 17:05:00 GMT
      x-ms-version:
      - '2018-03-28'
    method: POST
    uri: https://storagename.queue.core.windows.net/pyqueuesynca7c20b89/messages
  response:
    body:
      string: "\uFEFF<?xml version=\"1.0\" encoding=\"utf-8\"?><QueueMessagesList><QueueMessage><MessageId>6ba5fad4-c804-48cf-91ad-7e5651fbd9a6</MessageId><InsertionTime>Mon,
        08 Jun 2020 17:04:53 GMT</InsertionTime><ExpirationTime>Mon, 15 Jun 2020 17:04:53
        GMT</ExpirationTime><PopReceipt>AgAAAAMAAAAAAAAAq6Wb7bY91gE=</PopReceipt><TimeNextVisible>Mon,
        08 Jun 2020 17:04:53 GMT</TimeNextVisible></QueueMessage></QueueMessagesList>"
    headers:
      content-type:
      - application/xml
      date:
      - Mon, 08 Jun 2020 17:04:52 GMT
      server:
      - Windows-Azure-Queue/1.0 Microsoft-HTTPAPI/2.0
      transfer-encoding:
      - chunked
      x-ms-version:
      - '2018-03-28'
    status:
      code: 201
      message: Created
- request:
    body: '<?xml version=''1.0'' encoding=''utf-8''?>

      <QueueMessage><MessageText>message4</MessageText></QueueMessage>'
    headers:
      Accept:
      - application/xml
      Accept-Encoding:
      - gzip, deflate
      Connection:
      - keep-alive
      Content-Length:
      - '103'
      Content-Type:
      - application/xml; charset=utf-8
      User-Agent:
      - azsdk-python-storage-queue/12.1.2 Python/3.8.3 (Windows-10-10.0.19041-SP0)
      x-ms-date:
      - Mon, 08 Jun 2020 17:05:00 GMT
      x-ms-version:
      - '2018-03-28'
    method: POST
    uri: https://storagename.queue.core.windows.net/pyqueuesynca7c20b89/messages
  response:
    body:
      string: "\uFEFF<?xml version=\"1.0\" encoding=\"utf-8\"?><QueueMessagesList><QueueMessage><MessageId>057c70a4-4996-439b-b749-c3cb26eccd61</MessageId><InsertionTime>Mon,
        08 Jun 2020 17:04:53 GMT</InsertionTime><ExpirationTime>Mon, 15 Jun 2020 17:04:53
        GMT</ExpirationTime><PopReceipt>AgAAAAMAAAAAAAAAmc2v7bY91gE=</PopReceipt><TimeNextVisible>Mon,
        08 Jun 2020 17:04:53 GMT</TimeNextVisible></QueueMessage></QueueMessagesList>"
    headers:
      content-type:
      - application/xml
      date:
      - Mon, 08 Jun 2020 17:04:53 GMT
      server:
      - Windows-Azure-Queue/1.0 Microsoft-HTTPAPI/2.0
      transfer-encoding:
      - chunked
      x-ms-version:
      - '2018-03-28'
    status:
      code: 201
      message: Created
- request:
    body: null
    headers:
      Accept:
      - application/xml
      Accept-Encoding:
      - gzip, deflate
      Connection:
      - keep-alive
      User-Agent:
      - azsdk-python-storage-queue/12.1.2 Python/3.8.3 (Windows-10-10.0.19041-SP0)
      x-ms-date:
      - Mon, 08 Jun 2020 17:05:00 GMT
      x-ms-version:
      - '2018-03-28'
    method: GET
    uri: https://storagename.queue.core.windows.net/pyqueuesynca7c20b89/messages
  response:
    body:
      string: "\uFEFF<?xml version=\"1.0\" encoding=\"utf-8\"?><QueueMessagesList><QueueMessage><MessageId>6e8a4fff-c220-4d0b-a24e-d5fae0b31c3f</MessageId><InsertionTime>Mon,
        08 Jun 2020 17:04:53 GMT</InsertionTime><ExpirationTime>Mon, 15 Jun 2020 17:04:53
        GMT</ExpirationTime><PopReceipt>AgAAAAMAAAAAAAAAOfim/7Y91gE=</PopReceipt><TimeNextVisible>Mon,
        08 Jun 2020 17:05:23 GMT</TimeNextVisible><DequeueCount>1</DequeueCount><MessageText>message1</MessageText></QueueMessage></QueueMessagesList>"
    headers:
      cache-control:
      - no-cache
      content-type:
      - application/xml
      date:
      - Mon, 08 Jun 2020 17:04:53 GMT
      server:
      - Windows-Azure-Queue/1.0 Microsoft-HTTPAPI/2.0
      transfer-encoding:
      - chunked
      x-ms-version:
      - '2018-03-28'
    status:
      code: 200
      message: OK
version: 1
