interactions:
- request:
    body: null
    headers:
      User-Agent:
      - azsdk-python-storage-queue/12.0.0b2 Python/3.7.3 (Windows-10-10.0.17763-SP0)
      content-type:
      - application/xml; charset=utf-8
      x-ms-date:
      - Wed, 21 Aug 2019 22:46:45 GMT
      x-ms-version:
      - '2018-03-28'
    method: PUT
    uri: https://pyacrstorage51b0e6b.queue.core.windows.net/pythonqueue51b0e6b
  response:
    body:
      string: ''
    headers:
      content-length: '0'
      date: Wed, 21 Aug 2019 22:46:42 GMT
      server: Windows-Azure-Queue/1.0 Microsoft-HTTPAPI/2.0
      x-ms-version: '2018-03-28'
    status:
      code: 201
      message: Created
    url: !!python/object/new:yarl.URL
      state: !!python/tuple
      - !!python/object/new:urllib.parse.SplitResult
        - https
        - pyacrstorage51b0e6b.queue.core.windows.net
        - /pythonqueue51b0e6b
        - ''
        - ''
- request:
    body: '<?xml version=''1.0'' encoding=''utf-8''?>

      <QueueMessage><MessageText>message1</MessageText></QueueMessage>'
    headers:
      Accept:
      - application/xml
      Content-Length:
      - '103'
      Content-Type:
      - application/xml; charset=utf-8
      User-Agent:
      - azsdk-python-storage-queue/12.0.0b2 Python/3.7.3 (Windows-10-10.0.17763-SP0)
      x-ms-date:
      - Wed, 21 Aug 2019 22:46:45 GMT
      x-ms-version:
      - '2018-03-28'
    method: POST
    uri: https://pyacrstorage51b0e6b.queue.core.windows.net/pythonqueue51b0e6b/messages
  response:
    body:
      string: "\uFEFF<?xml version=\"1.0\" encoding=\"utf-8\"?><QueueMessagesList><QueueMessage><MessageId>7eb7386c-da23-4ada-b906-d4c0c0478e13</MessageId><InsertionTime>Wed,
        21 Aug 2019 22:46:43 GMT</InsertionTime><ExpirationTime>Wed, 28 Aug 2019 22:46:43
        GMT</ExpirationTime><PopReceipt>AgAAAAMAAAAAAAAARyLtTXJY1QE=</PopReceipt><TimeNextVisible>Wed,
        21 Aug 2019 22:46:43 GMT</TimeNextVisible></QueueMessage></QueueMessagesList>"
    headers:
      content-type: application/xml
      date: Wed, 21 Aug 2019 22:46:42 GMT
      server: Windows-Azure-Queue/1.0 Microsoft-HTTPAPI/2.0
      transfer-encoding: chunked
      x-ms-version: '2018-03-28'
    status:
      code: 201
      message: Created
    url: !!python/object/new:yarl.URL
      state: !!python/tuple
      - !!python/object/new:urllib.parse.SplitResult
        - https
        - pyacrstorage51b0e6b.queue.core.windows.net
        - /pythonqueue51b0e6b/messages
        - ''
        - ''
- request:
    body: '<?xml version=''1.0'' encoding=''utf-8''?>

      <QueueMessage><MessageText>message2</MessageText></QueueMessage>'
    headers:
      Accept:
      - application/xml
      Content-Length:
      - '103'
      Content-Type:
      - application/xml; charset=utf-8
      User-Agent:
      - azsdk-python-storage-queue/12.0.0b2 Python/3.7.3 (Windows-10-10.0.17763-SP0)
      x-ms-date:
      - Wed, 21 Aug 2019 22:46:45 GMT
      x-ms-version:
      - '2018-03-28'
    method: POST
    uri: https://pyacrstorage51b0e6b.queue.core.windows.net/pythonqueue51b0e6b/messages
  response:
    body:
      string: "\uFEFF<?xml version=\"1.0\" encoding=\"utf-8\"?><QueueMessagesList><QueueMessage><MessageId>6c409f0d-319c-427d-97ce-a74776b190e9</MessageId><InsertionTime>Wed,
        21 Aug 2019 22:46:43 GMT</InsertionTime><ExpirationTime>Wed, 28 Aug 2019 22:46:43
        GMT</ExpirationTime><PopReceipt>AgAAAAMAAAAAAAAAw2jxTXJY1QE=</PopReceipt><TimeNextVisible>Wed,
        21 Aug 2019 22:46:43 GMT</TimeNextVisible></QueueMessage></QueueMessagesList>"
    headers:
      content-type: application/xml
      date: Wed, 21 Aug 2019 22:46:42 GMT
      server: Windows-Azure-Queue/1.0 Microsoft-HTTPAPI/2.0
      transfer-encoding: chunked
      x-ms-version: '2018-03-28'
    status:
      code: 201
      message: Created
    url: !!python/object/new:yarl.URL
      state: !!python/tuple
      - !!python/object/new:urllib.parse.SplitResult
        - https
        - pyacrstorage51b0e6b.queue.core.windows.net
        - /pythonqueue51b0e6b/messages
        - ''
        - ''
- request:
    body: '<?xml version=''1.0'' encoding=''utf-8''?>

      <QueueMessage><MessageText>message3</MessageText></QueueMessage>'
    headers:
      Accept:
      - application/xml
      Content-Length:
      - '103'
      Content-Type:
      - application/xml; charset=utf-8
      User-Agent:
      - azsdk-python-storage-queue/12.0.0b2 Python/3.7.3 (Windows-10-10.0.17763-SP0)
      x-ms-date:
      - Wed, 21 Aug 2019 22:46:45 GMT
      x-ms-version:
      - '2018-03-28'
    method: POST
    uri: https://pyacrstorage51b0e6b.queue.core.windows.net/pythonqueue51b0e6b/messages
  response:
    body:
      string: "\uFEFF<?xml version=\"1.0\" encoding=\"utf-8\"?><QueueMessagesList><QueueMessage><MessageId>5be3a978-a9fc-4d58-ad2a-edb413111d0e</MessageId><InsertionTime>Wed,
        21 Aug 2019 22:46:43 GMT</InsertionTime><ExpirationTime>Wed, 28 Aug 2019 22:46:43
        GMT</ExpirationTime><PopReceipt>AgAAAAMAAAAAAAAASa/1TXJY1QE=</PopReceipt><TimeNextVisible>Wed,
        21 Aug 2019 22:46:43 GMT</TimeNextVisible></QueueMessage></QueueMessagesList>"
    headers:
      content-type: application/xml
      date: Wed, 21 Aug 2019 22:46:42 GMT
      server: Windows-Azure-Queue/1.0 Microsoft-HTTPAPI/2.0
      transfer-encoding: chunked
      x-ms-version: '2018-03-28'
    status:
      code: 201
      message: Created
    url: !!python/object/new:yarl.URL
      state: !!python/tuple
      - !!python/object/new:urllib.parse.SplitResult
        - https
        - pyacrstorage51b0e6b.queue.core.windows.net
        - /pythonqueue51b0e6b/messages
        - ''
        - ''
- request:
    body: '<?xml version=''1.0'' encoding=''utf-8''?>

      <QueueMessage><MessageText>message4</MessageText></QueueMessage>'
    headers:
      Accept:
      - application/xml
      Content-Length:
      - '103'
      Content-Type:
      - application/xml; charset=utf-8
      User-Agent:
      - azsdk-python-storage-queue/12.0.0b2 Python/3.7.3 (Windows-10-10.0.17763-SP0)
      x-ms-date:
      - Wed, 21 Aug 2019 22:46:45 GMT
      x-ms-version:
      - '2018-03-28'
    method: POST
    uri: https://pyacrstorage51b0e6b.queue.core.windows.net/pythonqueue51b0e6b/messages
  response:
    body:
      string: "\uFEFF<?xml version=\"1.0\" encoding=\"utf-8\"?><QueueMessagesList><QueueMessage><MessageId>7e0891f9-96c6-4b5c-a702-5e32d36b8164</MessageId><InsertionTime>Wed,
        21 Aug 2019 22:46:43 GMT</InsertionTime><ExpirationTime>Wed, 28 Aug 2019 22:46:43
        GMT</ExpirationTime><PopReceipt>AgAAAAMAAAAAAAAAy/X5TXJY1QE=</PopReceipt><TimeNextVisible>Wed,
        21 Aug 2019 22:46:43 GMT</TimeNextVisible></QueueMessage></QueueMessagesList>"
    headers:
      content-type: application/xml
      date: Wed, 21 Aug 2019 22:46:42 GMT
      server: Windows-Azure-Queue/1.0 Microsoft-HTTPAPI/2.0
      transfer-encoding: chunked
      x-ms-version: '2018-03-28'
    status:
      code: 201
      message: Created
    url: !!python/object/new:yarl.URL
      state: !!python/tuple
      - !!python/object/new:urllib.parse.SplitResult
        - https
        - pyacrstorage51b0e6b.queue.core.windows.net
        - /pythonqueue51b0e6b/messages
        - ''
        - ''
- request:
    body: null
    headers:
      Accept:
      - application/xml
      User-Agent:
      - azsdk-python-storage-queue/12.0.0b2 Python/3.7.3 (Windows-10-10.0.17763-SP0)
      content-type:
      - application/xml; charset=utf-8
      x-ms-date:
      - Wed, 21 Aug 2019 22:46:45 GMT
      x-ms-version:
      - '2018-03-28'
    method: GET
    uri: https://pyacrstorage51b0e6b.queue.core.windows.net/pythonqueue51b0e6b/messages?peekonly=true
  response:
    body:
      string: "\uFEFF<?xml version=\"1.0\" encoding=\"utf-8\"?><QueueMessagesList><QueueMessage><MessageId>7eb7386c-da23-4ada-b906-d4c0c0478e13</MessageId><InsertionTime>Wed,
        21 Aug 2019 22:46:43 GMT</InsertionTime><ExpirationTime>Wed, 28 Aug 2019 22:46:43
        GMT</ExpirationTime><DequeueCount>0</DequeueCount><MessageText>message1</MessageText></QueueMessage></QueueMessagesList>"
    headers:
      cache-control: no-cache
      content-type: application/xml
      date: Wed, 21 Aug 2019 22:46:42 GMT
      server: Windows-Azure-Queue/1.0 Microsoft-HTTPAPI/2.0
      transfer-encoding: chunked
      x-ms-version: '2018-03-28'
    status:
      code: 200
      message: OK
    url: !!python/object/new:yarl.URL
      state: !!python/tuple
      - !!python/object/new:urllib.parse.SplitResult
        - https
        - pyacrstorage51b0e6b.queue.core.windows.net
        - /pythonqueue51b0e6b/messages
        - peekonly=true
        - ''
version: 1
