interactions:
- request:
    body: null
    headers:
      Accept:
      - '*/*'
      Accept-Encoding:
      - gzip, deflate
      Connection:
      - keep-alive
      Content-Length:
      - '0'
      User-Agent:
      - azsdk-python-storage-queue/12.0.0b2 Python/3.7.3 (Windows-10-10.0.17763-SP0)
      content-type:
      - application/xml; charset=utf-8
      x-ms-date:
      - Thu, 05 Sep 2019 22:18:09 GMT
      x-ms-version:
      - '2018-03-28'
    method: PUT
    uri: https://pyacrstoragefc3a18fd.queue.core.windows.net/encryptionqueuefc3a18fd
  response:
    body:
      string: ''
    headers:
      content-length:
      - '0'
      date:
      - Thu, 05 Sep 2019 22:18:08 GMT
      server:
      - Windows-Azure-Queue/1.0 Microsoft-HTTPAPI/2.0
      x-ms-version:
      - '2018-03-28'
    status:
      code: 201
      message: Created
- request:
    body: '<?xml version=''1.0'' encoding=''utf-8''?>

      <QueueMessage><MessageText>{"EncryptedMessageContents": "gGp3QIFB/nssau0FcWMt6A==",
      "EncryptionData": {"WrappedContentKey": {"KeyId": "key1", "EncryptedKey": "h7/zMZEpDjJ4+Fhhyerl0tquB6mp7x/z0k+XMgjM/djrCEXXmRQQLQ==",
      "Algorithm": "A256KW"}, "EncryptionAgent": {"Protocol": "1.0", "EncryptionAlgorithm":
      "AES_CBC_256"}, "ContentEncryptionIV": "TlBAOMYj/zE5nHtG37r71g==", "KeyWrappingMetadata":
      {"EncryptionLibrary": "Python 12.0.0b2"}}}</MessageText></QueueMessage>'
    headers:
      Accept:
      - application/xml
      Accept-Encoding:
      - gzip, deflate
      Connection:
      - keep-alive
      Content-Length:
      - '504'
      Content-Type:
      - application/xml; charset=utf-8
      User-Agent:
      - azsdk-python-storage-queue/12.0.0b2 Python/3.7.3 (Windows-10-10.0.17763-SP0)
      x-ms-date:
      - Thu, 05 Sep 2019 22:18:09 GMT
      x-ms-version:
      - '2018-03-28'
    method: POST
    uri: https://pyacrstoragefc3a18fd.queue.core.windows.net/encryptionqueuefc3a18fd/messages
  response:
    body:
      string: "\uFEFF<?xml version=\"1.0\" encoding=\"utf-8\"?><QueueMessagesList><QueueMessage><MessageId>5d0a6151-5f1d-49aa-bf07-b4b5eade7272</MessageId><InsertionTime>Thu,
        05 Sep 2019 22:18:09 GMT</InsertionTime><ExpirationTime>Thu, 12 Sep 2019 22:18:09
        GMT</ExpirationTime><PopReceipt>AgAAAAMAAAAAAAAAhDFGzDdk1QE=</PopReceipt><TimeNextVisible>Thu,
        05 Sep 2019 22:18:09 GMT</TimeNextVisible></QueueMessage></QueueMessagesList>"
    headers:
      content-type:
      - application/xml
      date:
      - Thu, 05 Sep 2019 22:18:08 GMT
      server:
      - Windows-Azure-Queue/1.0 Microsoft-HTTPAPI/2.0
      transfer-encoding:
      - chunked
      x-ms-version:
      - '2018-03-28'
    status:
      code: 201
      message: Created
- request:
    body: null
    headers:
      Accept:
      - application/xml
      Accept-Encoding:
      - gzip, deflate
      Connection:
      - keep-alive
      User-Agent:
      - azsdk-python-storage-queue/12.0.0b2 Python/3.7.3 (Windows-10-10.0.17763-SP0)
      content-type:
      - application/xml; charset=utf-8
      x-ms-date:
      - Thu, 05 Sep 2019 22:18:09 GMT
      x-ms-version:
      - '2018-03-28'
    method: GET
    uri: https://pyacrstoragefc3a18fd.queue.core.windows.net/encryptionqueuefc3a18fd/messages
  response:
    body:
      string: "\uFEFF<?xml version=\"1.0\" encoding=\"utf-8\"?><QueueMessagesList><QueueMessage><MessageId>5d0a6151-5f1d-49aa-bf07-b4b5eade7272</MessageId><InsertionTime>Thu,
        05 Sep 2019 22:18:09 GMT</InsertionTime><ExpirationTime>Thu, 12 Sep 2019 22:18:09
        GMT</ExpirationTime><PopReceipt>AgAAAAMAAAAAAAAAHPoy3jdk1QE=</PopReceipt><TimeNextVisible>Thu,
        05 Sep 2019 22:18:39 GMT</TimeNextVisible><DequeueCount>1</DequeueCount><MessageText>{\"EncryptedMessageContents\":
        \"gGp3QIFB/nssau0FcWMt6A==\", \"EncryptionData\": {\"WrappedContentKey\":
        {\"KeyId\": \"key1\", \"EncryptedKey\": \"h7/zMZEpDjJ4+Fhhyerl0tquB6mp7x/z0k+XMgjM/djrCEXXmRQQLQ==\",
        \"Algorithm\": \"A256KW\"}, \"EncryptionAgent\": {\"Protocol\": \"1.0\", \"EncryptionAlgorithm\":
        \"AES_CBC_256\"}, \"ContentEncryptionIV\": \"TlBAOMYj/zE5nHtG37r71g==\", \"KeyWrappingMetadata\":
        {\"EncryptionLibrary\": \"Python 12.0.0b2\"}}}</MessageText></QueueMessage></QueueMessagesList>"
    headers:
      cache-control:
      - no-cache
      content-type:
      - application/xml
      date:
      - Thu, 05 Sep 2019 22:18:09 GMT
      server:
      - Windows-Azure-Queue/1.0 Microsoft-HTTPAPI/2.0
      transfer-encoding:
      - chunked
      x-ms-version:
      - '2018-03-28'
    status:
      code: 200
      message: OK
- request:
    body: '<?xml version=''1.0'' encoding=''utf-8''?>

      <QueueMessage><MessageText>{"EncryptedMessageContents": "J71ZIVTfMZkoJm7K/U6C7Q==",
      "EncryptionData": {"WrappedContentKey": {"KeyId": "key1", "EncryptedKey": "sNjjm+tCVicoIwvLTo4dvpJMHZsndJzFknmqG1BfCCIUJnvrgqX53g==",
      "Algorithm": "A256KW"}, "EncryptionAgent": {"Protocol": "1.0", "EncryptionAlgorithm":
      "AES_CBC_256"}, "ContentEncryptionIV": "//SF/ssDDehSwNMgoewNkg==", "KeyWrappingMetadata":
      {"EncryptionLibrary": "Python 12.0.0b2"}}}</MessageText></QueueMessage>'
    headers:
      Accept:
      - '*/*'
      Accept-Encoding:
      - gzip, deflate
      Connection:
      - keep-alive
      Content-Length:
      - '504'
      Content-Type:
      - application/xml; charset=utf-8
      User-Agent:
      - azsdk-python-storage-queue/12.0.0b2 Python/3.7.3 (Windows-10-10.0.17763-SP0)
      x-ms-date:
      - Thu, 05 Sep 2019 22:18:10 GMT
      x-ms-version:
      - '2018-03-28'
    method: PUT
    uri: https://pyacrstoragefc3a18fd.queue.core.windows.net/encryptionqueuefc3a18fd/messages/5d0a6151-5f1d-49aa-bf07-b4b5eade7272?popreceipt=AgAAAAMAAAAAAAAAHPoy3jdk1QE%3D&visibilitytimeout=0
  response:
    body:
      string: ''
    headers:
      content-length:
      - '0'
      date:
      - Thu, 05 Sep 2019 22:18:09 GMT
      server:
      - Windows-Azure-Queue/1.0 Microsoft-HTTPAPI/2.0
      x-ms-popreceipt:
      - AwAAAAMAAAAAAAAA1w9szDdk1QEBAAAA
      x-ms-time-next-visible:
      - Thu, 05 Sep 2019 22:18:09 GMT
      x-ms-version:
      - '2018-03-28'
    status:
      code: 204
      message: No Content
- request:
    body: null
    headers:
      Accept:
      - application/xml
      Accept-Encoding:
      - gzip, deflate
      Connection:
      - keep-alive
      User-Agent:
      - azsdk-python-storage-queue/12.0.0b2 Python/3.7.3 (Windows-10-10.0.17763-SP0)
      content-type:
      - application/xml; charset=utf-8
      x-ms-date:
      - Thu, 05 Sep 2019 22:18:10 GMT
      x-ms-version:
      - '2018-03-28'
    method: GET
    uri: https://pyacrstoragefc3a18fd.queue.core.windows.net/encryptionqueuefc3a18fd/messages
  response:
    body:
      string: "\uFEFF<?xml version=\"1.0\" encoding=\"utf-8\"?><QueueMessagesList><QueueMessage><MessageId>5d0a6151-5f1d-49aa-bf07-b4b5eade7272</MessageId><InsertionTime>Thu,
        05 Sep 2019 22:18:09 GMT</InsertionTime><ExpirationTime>Thu, 12 Sep 2019 22:18:09
        GMT</ExpirationTime><PopReceipt>AgAAAAMAAAAAAAAAbIZa3jdk1QE=</PopReceipt><TimeNextVisible>Thu,
        05 Sep 2019 22:18:39 GMT</TimeNextVisible><DequeueCount>2</DequeueCount><MessageText>{\"EncryptedMessageContents\":
        \"J71ZIVTfMZkoJm7K/U6C7Q==\", \"EncryptionData\": {\"WrappedContentKey\":
        {\"KeyId\": \"key1\", \"EncryptedKey\": \"sNjjm+tCVicoIwvLTo4dvpJMHZsndJzFknmqG1BfCCIUJnvrgqX53g==\",
        \"Algorithm\": \"A256KW\"}, \"EncryptionAgent\": {\"Protocol\": \"1.0\", \"EncryptionAlgorithm\":
        \"AES_CBC_256\"}, \"ContentEncryptionIV\": \"//SF/ssDDehSwNMgoewNkg==\", \"KeyWrappingMetadata\":
        {\"EncryptionLibrary\": \"Python 12.0.0b2\"}}}</MessageText></QueueMessage></QueueMessagesList>"
    headers:
      cache-control:
      - no-cache
      content-type:
      - application/xml
      date:
      - Thu, 05 Sep 2019 22:18:09 GMT
      server:
      - Windows-Azure-Queue/1.0 Microsoft-HTTPAPI/2.0
      transfer-encoding:
      - chunked
      x-ms-version:
      - '2018-03-28'
    status:
      code: 200
      message: OK
version: 1
