interactions:
- request:
    body: null
    headers:
      Accept:
      - '*/*'
      Accept-Encoding:
      - gzip, deflate
      Connection:
      - keep-alive
      Content-Length:
      - '0'
      User-Agent:
      - azsdk-python-storage-queue/12.0.0b4 Python/3.7.3 (Windows-10-10.0.17763-SP0)
      x-ms-date:
      - Wed, 16 Oct 2019 06:48:30 GMT
      x-ms-version:
      - '2018-03-28'
    method: PUT
    uri: https://pyacrstorageb3920bee.queue.core.windows.net/pythonqueueb3920bee
  response:
    body:
      string: ''
    headers:
      content-length:
      - '0'
      date:
      - Wed, 16 Oct 2019 06:48:30 GMT
      server:
      - Windows-Azure-Queue/1.0 Microsoft-HTTPAPI/2.0
      x-ms-version:
      - '2018-03-28'
    status:
      code: 201
      message: Created
- request:
    body: '<?xml version=''1.0'' encoding=''utf-8''?>

      <QueueMessage><MessageText>message1</MessageText></QueueMessage>'
    headers:
      Accept:
      - application/xml
      Accept-Encoding:
      - gzip, deflate
      Connection:
      - keep-alive
      Content-Length:
      - '103'
      Content-Type:
      - application/xml; charset=utf-8
      User-Agent:
      - azsdk-python-storage-queue/12.0.0b4 Python/3.7.3 (Windows-10-10.0.17763-SP0)
      x-ms-date:
      - Wed, 16 Oct 2019 06:48:31 GMT
      x-ms-version:
      - '2018-03-28'
    method: POST
    uri: https://pyacrstorageb3920bee.queue.core.windows.net/pythonqueueb3920bee/messages
  response:
    body:
      string: "\uFEFF<?xml version=\"1.0\" encoding=\"utf-8\"?><QueueMessagesList><QueueMessage><MessageId>2aacf34a-8ec7-463f-8b43-b3aca9babc0b</MessageId><InsertionTime>Wed,
        16 Oct 2019 06:48:30 GMT</InsertionTime><ExpirationTime>Wed, 23 Oct 2019 06:48:30
        GMT</ExpirationTime><PopReceipt>AgAAAAMAAAAAAAAA/gDjuO2D1QE=</PopReceipt><TimeNextVisible>Wed,
        16 Oct 2019 06:48:30 GMT</TimeNextVisible></QueueMessage></QueueMessagesList>"
    headers:
      content-type:
      - application/xml
      date:
      - Wed, 16 Oct 2019 06:48:30 GMT
      server:
      - Windows-Azure-Queue/1.0 Microsoft-HTTPAPI/2.0
      transfer-encoding:
      - chunked
      x-ms-version:
      - '2018-03-28'
    status:
      code: 201
      message: Created
- request:
    body: '<?xml version=''1.0'' encoding=''utf-8''?>

      <QueueMessage><MessageText>message2</MessageText></QueueMessage>'
    headers:
      Accept:
      - application/xml
      Accept-Encoding:
      - gzip, deflate
      Connection:
      - keep-alive
      Content-Length:
      - '103'
      Content-Type:
      - application/xml; charset=utf-8
      User-Agent:
      - azsdk-python-storage-queue/12.0.0b4 Python/3.7.3 (Windows-10-10.0.17763-SP0)
      x-ms-date:
      - Wed, 16 Oct 2019 06:48:31 GMT
      x-ms-version:
      - '2018-03-28'
    method: POST
    uri: https://pyacrstorageb3920bee.queue.core.windows.net/pythonqueueb3920bee/messages
  response:
    body:
      string: "\uFEFF<?xml version=\"1.0\" encoding=\"utf-8\"?><QueueMessagesList><QueueMessage><MessageId>656aea3e-df0e-4d47-a8ce-fbc7547ab182</MessageId><InsertionTime>Wed,
        16 Oct 2019 06:48:31 GMT</InsertionTime><ExpirationTime>Wed, 23 Oct 2019 06:48:31
        GMT</ExpirationTime><PopReceipt>AgAAAAMAAAAAAAAA00nwuO2D1QE=</PopReceipt><TimeNextVisible>Wed,
        16 Oct 2019 06:48:31 GMT</TimeNextVisible></QueueMessage></QueueMessagesList>"
    headers:
      content-type:
      - application/xml
      date:
      - Wed, 16 Oct 2019 06:48:30 GMT
      server:
      - Windows-Azure-Queue/1.0 Microsoft-HTTPAPI/2.0
      transfer-encoding:
      - chunked
      x-ms-version:
      - '2018-03-28'
    status:
      code: 201
      message: Created
- request:
    body: '<?xml version=''1.0'' encoding=''utf-8''?>

      <QueueMessage><MessageText>message3</MessageText></QueueMessage>'
    headers:
      Accept:
      - application/xml
      Accept-Encoding:
      - gzip, deflate
      Connection:
      - keep-alive
      Content-Length:
      - '103'
      Content-Type:
      - application/xml; charset=utf-8
      User-Agent:
      - azsdk-python-storage-queue/12.0.0b4 Python/3.7.3 (Windows-10-10.0.17763-SP0)
      x-ms-date:
      - Wed, 16 Oct 2019 06:48:31 GMT
      x-ms-version:
      - '2018-03-28'
    method: POST
    uri: https://pyacrstorageb3920bee.queue.core.windows.net/pythonqueueb3920bee/messages
  response:
    body:
      string: "\uFEFF<?xml version=\"1.0\" encoding=\"utf-8\"?><QueueMessagesList><QueueMessage><MessageId>bc9a0ead-4e0c-4333-b27e-3b5fcb630eec</MessageId><InsertionTime>Wed,
        16 Oct 2019 06:48:31 GMT</InsertionTime><ExpirationTime>Wed, 23 Oct 2019 06:48:31
        GMT</ExpirationTime><PopReceipt>AgAAAAMAAAAAAAAAd/L+uO2D1QE=</PopReceipt><TimeNextVisible>Wed,
        16 Oct 2019 06:48:31 GMT</TimeNextVisible></QueueMessage></QueueMessagesList>"
    headers:
      content-type:
      - application/xml
      date:
      - Wed, 16 Oct 2019 06:48:30 GMT
      server:
      - Windows-Azure-Queue/1.0 Microsoft-HTTPAPI/2.0
      transfer-encoding:
      - chunked
      x-ms-version:
      - '2018-03-28'
    status:
      code: 201
      message: Created
- request:
    body: '<?xml version=''1.0'' encoding=''utf-8''?>

      <QueueMessage><MessageText>message4</MessageText></QueueMessage>'
    headers:
      Accept:
      - application/xml
      Accept-Encoding:
      - gzip, deflate
      Connection:
      - keep-alive
      Content-Length:
      - '103'
      Content-Type:
      - application/xml; charset=utf-8
      User-Agent:
      - azsdk-python-storage-queue/12.0.0b4 Python/3.7.3 (Windows-10-10.0.17763-SP0)
      x-ms-date:
      - Wed, 16 Oct 2019 06:48:31 GMT
      x-ms-version:
      - '2018-03-28'
    method: POST
    uri: https://pyacrstorageb3920bee.queue.core.windows.net/pythonqueueb3920bee/messages
  response:
    body:
      string: "\uFEFF<?xml version=\"1.0\" encoding=\"utf-8\"?><QueueMessagesList><QueueMessage><MessageId>7b9567a3-1d63-4ba7-a74d-c7ca57250b5a</MessageId><InsertionTime>Wed,
        16 Oct 2019 06:48:31 GMT</InsertionTime><ExpirationTime>Wed, 23 Oct 2019 06:48:31
        GMT</ExpirationTime><PopReceipt>AgAAAAMAAAAAAAAAzi8Sue2D1QE=</PopReceipt><TimeNextVisible>Wed,
        16 Oct 2019 06:48:31 GMT</TimeNextVisible></QueueMessage></QueueMessagesList>"
    headers:
      content-type:
      - application/xml
      date:
      - Wed, 16 Oct 2019 06:48:30 GMT
      server:
      - Windows-Azure-Queue/1.0 Microsoft-HTTPAPI/2.0
      transfer-encoding:
      - chunked
      x-ms-version:
      - '2018-03-28'
    status:
      code: 201
      message: Created
- request:
    body: null
    headers:
      Accept:
      - application/xml
      Accept-Encoding:
      - gzip, deflate
      Connection:
      - keep-alive
      User-Agent:
      - azsdk-python-storage-queue/12.0.0b4 Python/3.7.3 (Windows-10-10.0.17763-SP0)
      x-ms-date:
      - Wed, 16 Oct 2019 06:48:31 GMT
      x-ms-version:
      - '2018-03-28'
    method: GET
    uri: https://pyacrstorageb3920bee.queue.core.windows.net/pythonqueueb3920bee/messages?peekonly=true
  response:
    body:
      string: "\uFEFF<?xml version=\"1.0\" encoding=\"utf-8\"?><QueueMessagesList><QueueMessage><MessageId>2aacf34a-8ec7-463f-8b43-b3aca9babc0b</MessageId><InsertionTime>Wed,
        16 Oct 2019 06:48:30 GMT</InsertionTime><ExpirationTime>Wed, 23 Oct 2019 06:48:30
        GMT</ExpirationTime><DequeueCount>0</DequeueCount><MessageText>message1</MessageText></QueueMessage></QueueMessagesList>"
    headers:
      cache-control:
      - no-cache
      content-type:
      - application/xml
      date:
      - Wed, 16 Oct 2019 06:48:30 GMT
      server:
      - Windows-Azure-Queue/1.0 Microsoft-HTTPAPI/2.0
      transfer-encoding:
      - chunked
      x-ms-version:
      - '2018-03-28'
    status:
      code: 200
      message: OK
version: 1
