interactions:
- request:
    body: null
    headers:
      User-Agent:
      - azsdk-python-storage-queue/12.0.0b1 Python/3.7.3 (Windows-10-10.0.17763-SP0)
      content-type:
      - application/xml; charset=utf-8
      x-ms-client-request-id:
      - 178f2b7e-b3da-11e9-a4f0-2816a845e8c6
      x-ms-date:
      - Wed, 31 Jul 2019 21:28:09 GMT
      x-ms-version:
      - '2018-03-28'
    method: PUT
    uri: https://storagename.queue.core.windows.net/pythonqueuee53d13ca
  response:
    body:
      string: ''
    headers:
      ? !!python/object/new:multidict._istr.istr
      - Content-Length
      : '0'
      ? !!python/object/new:multidict._istr.istr
      - Date
      : Wed, 31 Jul 2019 21:28:06 GMT
      ? !!python/object/new:multidict._istr.istr
      - Server
      : Windows-Azure-Queue/1.0 Microsoft-HTTPAPI/2.0
      x-ms-request-id: deb258ec-4003-0028-02e6-474fd6000000
      x-ms-version: '2018-03-28'
    status:
      code: 201
      message: Created
    url: !!python/object/new:yarl.URL
      state: !!python/tuple
      - !!python/object/new:urllib.parse.SplitResult
        - https
        - rakshithqueueasynctest.queue.core.windows.net
        - /pythonqueuee53d13ca
        - ''
        - ''
- request:
    body: null
    headers:
      User-Agent:
      - azsdk-python-storage-queue/12.0.0b1 Python/3.7.3 (Windows-10-10.0.17763-SP0)
      content-type:
      - application/xml; charset=utf-8
      x-ms-client-request-id:
      - 17a4e268-b3da-11e9-8642-2816a845e8c6
      x-ms-date:
      - Wed, 31 Jul 2019 21:28:09 GMT
      x-ms-version:
      - '2018-03-28'
    method: PUT
    uri: https://storagename.queue.core.windows.net/pythonqueuee53d13ca
  response:
    body:
      string: ''
    headers:
      ? !!python/object/new:multidict._istr.istr
      - Content-Length
      : '0'
      ? !!python/object/new:multidict._istr.istr
      - Date
      : Wed, 31 Jul 2019 21:28:06 GMT
      ? !!python/object/new:multidict._istr.istr
      - Server
      : Windows-Azure-Queue/1.0 Microsoft-HTTPAPI/2.0
      x-ms-request-id: deb258f4-4003-0028-07e6-474fd6000000
      x-ms-version: '2018-03-28'
    status:
      code: 204
      message: No Content
    url: !!python/object/new:yarl.URL
      state: !!python/tuple
      - !!python/object/new:urllib.parse.SplitResult
        - https
        - rakshithqueueasynctest.queue.core.windows.net
        - /pythonqueuee53d13ca
        - ''
        - ''
- request:
    body: null
    headers:
      User-Agent:
      - azsdk-python-storage-queue/12.0.0b1 Python/3.7.3 (Windows-10-10.0.17763-SP0)
      content-type:
      - application/xml; charset=utf-8
      x-ms-client-request-id:
      - 469b041c-b3da-11e9-916c-2816a845e8c6
      x-ms-date:
      - Wed, 31 Jul 2019 21:29:28 GMT
      x-ms-version:
      - '2018-03-28'
    method: PUT
    uri: https://storagename.queue.core.windows.net/pythonqueuee53d13ca
  response:
    body:
      string: ''
    headers:
      ? !!python/object/new:multidict._istr.istr
      - Content-Length
      : '0'
      ? !!python/object/new:multidict._istr.istr
      - Date
      : Wed, 31 Jul 2019 21:29:25 GMT
      ? !!python/object/new:multidict._istr.istr
      - Server
      : Windows-Azure-Queue/1.0 Microsoft-HTTPAPI/2.0
      x-ms-request-id: 31c29326-8003-0017-56e7-47f80a000000
      x-ms-version: '2018-03-28'
    status:
      code: 201
      message: Created
    url: !!python/object/new:yarl.URL
      state: !!python/tuple
      - !!python/object/new:urllib.parse.SplitResult
        - https
        - rakshithqueueasynctest.queue.core.windows.net
        - /pythonqueuee53d13ca
        - ''
        - ''
- request:
    body: null
    headers:
      User-Agent:
      - azsdk-python-storage-queue/12.0.0b1 Python/3.7.3 (Windows-10-10.0.17763-SP0)
      content-type:
      - application/xml; charset=utf-8
      x-ms-client-request-id:
      - 46b02c24-b3da-11e9-a722-2816a845e8c6
      x-ms-date:
      - Wed, 31 Jul 2019 21:29:28 GMT
      x-ms-version:
      - '2018-03-28'
    method: PUT
    uri: https://storagename.queue.core.windows.net/pythonqueuee53d13ca
  response:
    body:
      string: ''
    headers:
      ? !!python/object/new:multidict._istr.istr
      - Content-Length
      : '0'
      ? !!python/object/new:multidict._istr.istr
      - Date
      : Wed, 31 Jul 2019 21:29:25 GMT
      ? !!python/object/new:multidict._istr.istr
      - Server
      : Windows-Azure-Queue/1.0 Microsoft-HTTPAPI/2.0
      x-ms-request-id: 31c29336-8003-0017-64e7-47f80a000000
      x-ms-version: '2018-03-28'
    status:
      code: 204
      message: No Content
    url: !!python/object/new:yarl.URL
      state: !!python/tuple
      - !!python/object/new:urllib.parse.SplitResult
        - https
        - rakshithqueueasynctest.queue.core.windows.net
        - /pythonqueuee53d13ca
        - ''
        - ''
- request:
    body: null
    headers:
      User-Agent:
      - azsdk-python-storage-queue/12.0.0b1 Python/3.7.3 (Windows-10-10.0.17763-SP0)
      content-type:
      - application/xml; charset=utf-8
      x-ms-client-request-id:
      - 9464cae4-b4ac-11e9-bc2c-2816a845e8c6
      x-ms-date:
      - Thu, 01 Aug 2019 22:34:52 GMT
      x-ms-version:
      - '2018-03-28'
    method: PUT
    uri: https://storagename.queue.core.windows.net/pythonqueuee53d13ca
  response:
    body:
      string: ''
    headers:
      ? !!python/object/new:multidict._istr.istr
      - Content-Length
      : '0'
      ? !!python/object/new:multidict._istr.istr
      - Date
      : Thu, 01 Aug 2019 22:34:49 GMT
      ? !!python/object/new:multidict._istr.istr
      - Server
      : Windows-Azure-Queue/1.0 Microsoft-HTTPAPI/2.0
      x-ms-request-id: f20a39d3-8003-0131-71b9-4825eb000000
      x-ms-version: '2018-03-28'
    status:
      code: 201
      message: Created
    url: !!python/object/new:yarl.URL
      state: !!python/tuple
      - !!python/object/new:urllib.parse.SplitResult
        - https
        - rakshithqueueasynctest.queue.core.windows.net
        - /pythonqueuee53d13ca
        - ''
        - ''
- request:
    body: null
    headers:
      User-Agent:
      - azsdk-python-storage-queue/12.0.0b1 Python/3.7.3 (Windows-10-10.0.17763-SP0)
      content-type:
      - application/xml; charset=utf-8
      x-ms-client-request-id:
      - 947d724c-b4ac-11e9-8572-2816a845e8c6
      x-ms-date:
      - Thu, 01 Aug 2019 22:34:53 GMT
      x-ms-version:
      - '2018-03-28'
    method: PUT
    uri: https://storagename.queue.core.windows.net/pythonqueuee53d13ca
  response:
    body:
      string: ''
    headers:
      ? !!python/object/new:multidict._istr.istr
      - Content-Length
      : '0'
      ? !!python/object/new:multidict._istr.istr
      - Date
      : Thu, 01 Aug 2019 22:34:49 GMT
      ? !!python/object/new:multidict._istr.istr
      - Server
      : Windows-Azure-Queue/1.0 Microsoft-HTTPAPI/2.0
      x-ms-request-id: f20a39db-8003-0131-75b9-4825eb000000
      x-ms-version: '2018-03-28'
    status:
      code: 204
      message: No Content
    url: !!python/object/new:yarl.URL
      state: !!python/tuple
      - !!python/object/new:urllib.parse.SplitResult
        - https
        - rakshithqueueasynctest.queue.core.windows.net
        - /pythonqueuee53d13ca
        - ''
        - ''
- request:
    body: null
    headers:
      User-Agent:
      - azsdk-python-storage-queue/12.0.0b1 Python/3.7.3 (Windows-10-10.0.17763-SP0)
      content-type:
      - application/xml; charset=utf-8
      x-ms-client-request-id:
      - 83511300-b4ad-11e9-9f6c-2816a845e8c6
      x-ms-date:
      - Thu, 01 Aug 2019 22:41:33 GMT
      x-ms-version:
      - '2018-03-28'
    method: PUT
    uri: https://storagename.queue.core.windows.net/pythonqueuee53d13ca
  response:
    body:
      string: ''
    headers:
      ? !!python/object/new:multidict._istr.istr
      - Content-Length
      : '0'
      ? !!python/object/new:multidict._istr.istr
      - Date
      : Thu, 01 Aug 2019 22:41:31 GMT
      ? !!python/object/new:multidict._istr.istr
      - Server
      : Windows-Azure-Queue/1.0 Microsoft-HTTPAPI/2.0
      x-ms-request-id: 9bccbfe8-8003-0053-08ba-482466000000
      x-ms-version: '2018-03-28'
    status:
      code: 201
      message: Created
    url: !!python/object/new:yarl.URL
      state: !!python/tuple
      - !!python/object/new:urllib.parse.SplitResult
        - https
        - rakshithqueueasynctest.queue.core.windows.net
        - /pythonqueuee53d13ca
        - ''
        - ''
- request:
    body: null
    headers:
      User-Agent:
      - azsdk-python-storage-queue/12.0.0b1 Python/3.7.3 (Windows-10-10.0.17763-SP0)
      content-type:
      - application/xml; charset=utf-8
      x-ms-client-request-id:
      - 839168ec-b4ad-11e9-8582-2816a845e8c6
      x-ms-date:
      - Thu, 01 Aug 2019 22:41:34 GMT
      x-ms-version:
      - '2018-03-28'
    method: PUT
    uri: https://storagename.queue.core.windows.net/pythonqueuee53d13ca
  response:
    body:
      string: ''
    headers:
      ? !!python/object/new:multidict._istr.istr
      - Content-Length
      : '0'
      ? !!python/object/new:multidict._istr.istr
      - Date
      : Thu, 01 Aug 2019 22:41:31 GMT
      ? !!python/object/new:multidict._istr.istr
      - Server
      : Windows-Azure-Queue/1.0 Microsoft-HTTPAPI/2.0
      x-ms-request-id: 9bccc068-8003-0053-06ba-482466000000
      x-ms-version: '2018-03-28'
    status:
      code: 204
      message: No Content
    url: !!python/object/new:yarl.URL
      state: !!python/tuple
      - !!python/object/new:urllib.parse.SplitResult
        - https
        - rakshithqueueasynctest.queue.core.windows.net
        - /pythonqueuee53d13ca
        - ''
        - ''
version: 1
