interactions:
- request:
    body: null
    headers:
      Accept:
      - '*/*'
      Accept-Encoding:
      - gzip, deflate
      Connection:
      - keep-alive
      Content-Length:
      - '0'
      User-Agent:
      - azsdk-python-storage-queue/12.1.2 Python/3.8.3 (Windows-10-10.0.19041-SP0)
      x-ms-date:
      - Mon, 08 Jun 2020 17:04:06 GMT
      x-ms-version:
      - '2018-03-28'
    method: PUT
    uri: https://storagename.queue.core.windows.net/pyqueuesync72410961
  response:
    body:
      string: ''
    headers:
      content-length:
      - '0'
      date:
      - Mon, 08 Jun 2020 17:03:59 GMT
      server:
      - Windows-Azure-Queue/1.0 Microsoft-HTTPAPI/2.0
      x-ms-version:
      - '2018-03-28'
    status:
      code: 201
      message: Created
- request:
    body: '<?xml version=''1.0'' encoding=''utf-8''?>

      <QueueMessage><MessageText>addedmessage</MessageText></QueueMessage>'
    headers:
      Accept:
      - application/xml
      Accept-Encoding:
      - gzip, deflate
      Connection:
      - keep-alive
      Content-Length:
      - '107'
      Content-Type:
      - application/xml; charset=utf-8
      User-Agent:
      - azsdk-python-storage-queue/12.1.2 Python/3.8.3 (Windows-10-10.0.19041-SP0)
      x-ms-date:
      - Mon, 08 Jun 2020 17:04:06 GMT
      x-ms-version:
      - '2018-03-28'
    method: POST
    uri: https://storagename.queue.core.windows.net/pyqueuesync72410961/messages?se=2020-06-08T18%3A04%3A06Z&sp=a&sv=2018-03-28&sig=746j%2BwI7Xg1WPD%2BwfTSktm/u1fkZWoy3PpDeIP3PX7w%3D
  response:
    body:
      string: "\uFEFF<?xml version=\"1.0\" encoding=\"utf-8\"?><QueueMessagesList><QueueMessage><MessageId>216cb79c-aa68-4a75-86af-e49d344a1481</MessageId><InsertionTime>Mon,
        08 Jun 2020 17:04:00 GMT</InsertionTime><ExpirationTime>Mon, 15 Jun 2020 17:04:00
        GMT</ExpirationTime><PopReceipt>AgAAAAMAAAAAAAAAEjYmzrY91gE=</PopReceipt><TimeNextVisible>Mon,
        08 Jun 2020 17:04:00 GMT</TimeNextVisible></QueueMessage></QueueMessagesList>"
    headers:
      content-type:
      - application/xml
      date:
      - Mon, 08 Jun 2020 17:03:59 GMT
      server:
      - Windows-Azure-Queue/1.0 Microsoft-HTTPAPI/2.0
      transfer-encoding:
      - chunked
      x-ms-version:
      - '2018-03-28'
    status:
      code: 201
      message: Created
- request:
    body: null
    headers:
      Accept:
      - application/xml
      Accept-Encoding:
      - gzip, deflate
      Connection:
      - keep-alive
      User-Agent:
      - azsdk-python-storage-queue/12.1.2 Python/3.8.3 (Windows-10-10.0.19041-SP0)
      x-ms-date:
      - Mon, 08 Jun 2020 17:04:07 GMT
      x-ms-version:
      - '2018-03-28'
    method: GET
    uri: https://storagename.queue.core.windows.net/pyqueuesync72410961/messages
  response:
    body:
      string: "\uFEFF<?xml version=\"1.0\" encoding=\"utf-8\"?><QueueMessagesList><QueueMessage><MessageId>216cb79c-aa68-4a75-86af-e49d344a1481</MessageId><InsertionTime>Mon,
        08 Jun 2020 17:04:00 GMT</InsertionTime><ExpirationTime>Mon, 15 Jun 2020 17:04:00
        GMT</ExpirationTime><PopReceipt>AgAAAAMAAAAAAAAAF08c4LY91gE=</PopReceipt><TimeNextVisible>Mon,
        08 Jun 2020 17:04:30 GMT</TimeNextVisible><DequeueCount>1</DequeueCount><MessageText>addedmessage</MessageText></QueueMessage></QueueMessagesList>"
    headers:
      cache-control:
      - no-cache
      content-type:
      - application/xml
      date:
      - Mon, 08 Jun 2020 17:04:00 GMT
      server:
      - Windows-Azure-Queue/1.0 Microsoft-HTTPAPI/2.0
      transfer-encoding:
      - chunked
      x-ms-version:
      - '2018-03-28'
    status:
      code: 200
      message: OK
version: 1
