interactions:
- request:
    body: null
    headers:
      User-Agent:
      - azsdk-python-storage-queue/12.0.0b4 Python/3.7.3 (Windows-10-10.0.17763-SP0)
      x-ms-date:
      - Tue, 22 Oct 2019 21:27:56 GMT
      x-ms-version:
      - '2018-03-28'
    method: PUT
    uri: https://pyacrstorage26691503.queue.core.windows.net/asyncpeekqueue
  response:
    body:
      string: ''
    headers:
      content-length: '0'
      date: Tue, 22 Oct 2019 21:27:54 GMT
      server: Windows-Azure-Queue/1.0 Microsoft-HTTPAPI/2.0
      x-ms-version: '2018-03-28'
    status:
      code: 201
      message: Created
    url: !!python/object/new:yarl.URL
      state: !!python/tuple
      - !!python/object/new:urllib.parse.SplitResult
        - https
        - pyacrstorage26691503.queue.core.windows.net
        - /asyncpeekqueue
        - ''
        - ''
- request:
    body: '<?xml version=''1.0'' encoding=''utf-8''?>

      <QueueMessage><MessageText>message1</MessageText></QueueMessage>'
    headers:
      Accept:
      - application/xml
      Content-Length:
      - '103'
      Content-Type:
      - application/xml; charset=utf-8
      User-Agent:
      - azsdk-python-storage-queue/12.0.0b4 Python/3.7.3 (Windows-10-10.0.17763-SP0)
      x-ms-date:
      - Tue, 22 Oct 2019 21:27:56 GMT
      x-ms-version:
      - '2018-03-28'
    method: POST
    uri: https://pyacrstorage26691503.queue.core.windows.net/asyncpeekqueue/messages
  response:
    body:
      string: "\uFEFF<?xml version=\"1.0\" encoding=\"utf-8\"?><QueueMessagesList><QueueMessage><MessageId>42532ef1-9eed-45ec-b5d4-cca86f6d3fd3</MessageId><InsertionTime>Tue,
        22 Oct 2019 21:27:55 GMT</InsertionTime><ExpirationTime>Tue, 29 Oct 2019 21:27:55
        GMT</ExpirationTime><PopReceipt>AgAAAAMAAAAAAAAA9sh0kR+J1QE=</PopReceipt><TimeNextVisible>Tue,
        22 Oct 2019 21:27:55 GMT</TimeNextVisible></QueueMessage></QueueMessagesList>"
    headers:
      content-type: application/xml
      date: Tue, 22 Oct 2019 21:27:54 GMT
      server: Windows-Azure-Queue/1.0 Microsoft-HTTPAPI/2.0
      transfer-encoding: chunked
      x-ms-version: '2018-03-28'
    status:
      code: 201
      message: Created
    url: !!python/object/new:yarl.URL
      state: !!python/tuple
      - !!python/object/new:urllib.parse.SplitResult
        - https
        - pyacrstorage26691503.queue.core.windows.net
        - /asyncpeekqueue/messages
        - ''
        - ''
- request:
    body: '<?xml version=''1.0'' encoding=''utf-8''?>

      <QueueMessage><MessageText>message3</MessageText></QueueMessage>'
    headers:
      Accept:
      - application/xml
      Content-Length:
      - '103'
      Content-Type:
      - application/xml; charset=utf-8
      User-Agent:
      - azsdk-python-storage-queue/12.0.0b4 Python/3.7.3 (Windows-10-10.0.17763-SP0)
      x-ms-date:
      - Tue, 22 Oct 2019 21:27:56 GMT
      x-ms-version:
      - '2018-03-28'
    method: POST
    uri: https://pyacrstorage26691503.queue.core.windows.net/asyncpeekqueue/messages
  response:
    body:
      string: "\uFEFF<?xml version=\"1.0\" encoding=\"utf-8\"?><QueueMessagesList><QueueMessage><MessageId>acd19533-3e23-45d5-8d61-5facfcf6a702</MessageId><InsertionTime>Tue,
        22 Oct 2019 21:27:55 GMT</InsertionTime><ExpirationTime>Tue, 29 Oct 2019 21:27:55
        GMT</ExpirationTime><PopReceipt>AgAAAAMAAAAAAAAAN4OEkR+J1QE=</PopReceipt><TimeNextVisible>Tue,
        22 Oct 2019 21:27:55 GMT</TimeNextVisible></QueueMessage></QueueMessagesList>"
    headers:
      content-type: application/xml
      date: Tue, 22 Oct 2019 21:27:55 GMT
      server: Windows-Azure-Queue/1.0 Microsoft-HTTPAPI/2.0
      transfer-encoding: chunked
      x-ms-version: '2018-03-28'
    status:
      code: 201
      message: Created
    url: !!python/object/new:yarl.URL
      state: !!python/tuple
      - !!python/object/new:urllib.parse.SplitResult
        - https
        - pyacrstorage26691503.queue.core.windows.net
        - /asyncpeekqueue/messages
        - ''
        - ''
- request:
    body: '<?xml version=''1.0'' encoding=''utf-8''?>

      <QueueMessage><MessageText>message2</MessageText></QueueMessage>'
    headers:
      Accept:
      - application/xml
      Content-Length:
      - '103'
      Content-Type:
      - application/xml; charset=utf-8
      User-Agent:
      - azsdk-python-storage-queue/12.0.0b4 Python/3.7.3 (Windows-10-10.0.17763-SP0)
      x-ms-date:
      - Tue, 22 Oct 2019 21:27:56 GMT
      x-ms-version:
      - '2018-03-28'
    method: POST
    uri: https://pyacrstorage26691503.queue.core.windows.net/asyncpeekqueue/messages
  response:
    body:
      string: "\uFEFF<?xml version=\"1.0\" encoding=\"utf-8\"?><QueueMessagesList><QueueMessage><MessageId>75cfa5e4-7a26-4a30-a2ed-2b7bfc56f243</MessageId><InsertionTime>Tue,
        22 Oct 2019 21:27:55 GMT</InsertionTime><ExpirationTime>Tue, 29 Oct 2019 21:27:55
        GMT</ExpirationTime><PopReceipt>AgAAAAMAAAAAAAAAxm2FkR+J1QE=</PopReceipt><TimeNextVisible>Tue,
        22 Oct 2019 21:27:55 GMT</TimeNextVisible></QueueMessage></QueueMessagesList>"
    headers:
      content-type: application/xml
      date: Tue, 22 Oct 2019 21:27:55 GMT
      server: Windows-Azure-Queue/1.0 Microsoft-HTTPAPI/2.0
      transfer-encoding: chunked
      x-ms-version: '2018-03-28'
    status:
      code: 201
      message: Created
    url: !!python/object/new:yarl.URL
      state: !!python/tuple
      - !!python/object/new:urllib.parse.SplitResult
        - https
        - pyacrstorage26691503.queue.core.windows.net
        - /asyncpeekqueue/messages
        - ''
        - ''
- request:
    body: '<?xml version=''1.0'' encoding=''utf-8''?>

      <QueueMessage><MessageText>message5</MessageText></QueueMessage>'
    headers:
      Accept:
      - application/xml
      Content-Length:
      - '103'
      Content-Type:
      - application/xml; charset=utf-8
      User-Agent:
      - azsdk-python-storage-queue/12.0.0b4 Python/3.7.3 (Windows-10-10.0.17763-SP0)
      x-ms-date:
      - Tue, 22 Oct 2019 21:27:56 GMT
      x-ms-version:
      - '2018-03-28'
    method: POST
    uri: https://pyacrstorage26691503.queue.core.windows.net/asyncpeekqueue/messages
  response:
    body:
      string: "\uFEFF<?xml version=\"1.0\" encoding=\"utf-8\"?><QueueMessagesList><QueueMessage><MessageId>24593d85-30af-4a69-8610-02381c37c61b</MessageId><InsertionTime>Tue,
        22 Oct 2019 21:27:55 GMT</InsertionTime><ExpirationTime>Tue, 29 Oct 2019 21:27:55
        GMT</ExpirationTime><PopReceipt>AgAAAAMAAAAAAAAAflSIkR+J1QE=</PopReceipt><TimeNextVisible>Tue,
        22 Oct 2019 21:27:55 GMT</TimeNextVisible></QueueMessage></QueueMessagesList>"
    headers:
      content-type: application/xml
      date: Tue, 22 Oct 2019 21:27:54 GMT
      server: Windows-Azure-Queue/1.0 Microsoft-HTTPAPI/2.0
      transfer-encoding: chunked
      x-ms-version: '2018-03-28'
    status:
      code: 201
      message: Created
    url: !!python/object/new:yarl.URL
      state: !!python/tuple
      - !!python/object/new:urllib.parse.SplitResult
        - https
        - pyacrstorage26691503.queue.core.windows.net
        - /asyncpeekqueue/messages
        - ''
        - ''
- request:
    body: '<?xml version=''1.0'' encoding=''utf-8''?>

      <QueueMessage><MessageText>message4</MessageText></QueueMessage>'
    headers:
      Accept:
      - application/xml
      Content-Length:
      - '103'
      Content-Type:
      - application/xml; charset=utf-8
      User-Agent:
      - azsdk-python-storage-queue/12.0.0b4 Python/3.7.3 (Windows-10-10.0.17763-SP0)
      x-ms-date:
      - Tue, 22 Oct 2019 21:27:56 GMT
      x-ms-version:
      - '2018-03-28'
    method: POST
    uri: https://pyacrstorage26691503.queue.core.windows.net/asyncpeekqueue/messages
  response:
    body:
      string: "\uFEFF<?xml version=\"1.0\" encoding=\"utf-8\"?><QueueMessagesList><QueueMessage><MessageId>cc74fff4-851d-45f3-bab8-5a12d868f7a4</MessageId><InsertionTime>Tue,
        22 Oct 2019 21:27:55 GMT</InsertionTime><ExpirationTime>Tue, 29 Oct 2019 21:27:55
        GMT</ExpirationTime><PopReceipt>AgAAAAMAAAAAAAAAdi2IkR+J1QE=</PopReceipt><TimeNextVisible>Tue,
        22 Oct 2019 21:27:55 GMT</TimeNextVisible></QueueMessage></QueueMessagesList>"
    headers:
      content-type: application/xml
      date: Tue, 22 Oct 2019 21:27:54 GMT
      server: Windows-Azure-Queue/1.0 Microsoft-HTTPAPI/2.0
      transfer-encoding: chunked
      x-ms-version: '2018-03-28'
    status:
      code: 201
      message: Created
    url: !!python/object/new:yarl.URL
      state: !!python/tuple
      - !!python/object/new:urllib.parse.SplitResult
        - https
        - pyacrstorage26691503.queue.core.windows.net
        - /asyncpeekqueue/messages
        - ''
        - ''
- request:
    body: null
    headers:
      Accept:
      - application/xml
      User-Agent:
      - azsdk-python-storage-queue/12.0.0b4 Python/3.7.3 (Windows-10-10.0.17763-SP0)
      x-ms-date:
      - Tue, 22 Oct 2019 21:27:56 GMT
      x-ms-version:
      - '2018-03-28'
    method: GET
    uri: https://pyacrstorage26691503.queue.core.windows.net/asyncpeekqueue/messages?peekonly=true
  response:
    body:
      string: "\uFEFF<?xml version=\"1.0\" encoding=\"utf-8\"?><QueueMessagesList><QueueMessage><MessageId>42532ef1-9eed-45ec-b5d4-cca86f6d3fd3</MessageId><InsertionTime>Tue,
        22 Oct 2019 21:27:55 GMT</InsertionTime><ExpirationTime>Tue, 29 Oct 2019 21:27:55
        GMT</ExpirationTime><DequeueCount>0</DequeueCount><MessageText>message1</MessageText></QueueMessage></QueueMessagesList>"
    headers:
      cache-control: no-cache
      content-type: application/xml
      date: Tue, 22 Oct 2019 21:27:55 GMT
      server: Windows-Azure-Queue/1.0 Microsoft-HTTPAPI/2.0
      transfer-encoding: chunked
      x-ms-version: '2018-03-28'
    status:
      code: 200
      message: OK
    url: !!python/object/new:yarl.URL
      state: !!python/tuple
      - !!python/object/new:urllib.parse.SplitResult
        - https
        - pyacrstorage26691503.queue.core.windows.net
        - /asyncpeekqueue/messages
        - peekonly=true
        - ''
- request:
    body: null
    headers:
      Accept:
      - application/xml
      User-Agent:
      - azsdk-python-storage-queue/12.0.0b4 Python/3.7.3 (Windows-10-10.0.17763-SP0)
      x-ms-date:
      - Tue, 22 Oct 2019 21:27:56 GMT
      x-ms-version:
      - '2018-03-28'
    method: GET
    uri: https://pyacrstorage26691503.queue.core.windows.net/asyncpeekqueue/messages?numofmessages=5&peekonly=true
  response:
    body:
      string: "\uFEFF<?xml version=\"1.0\" encoding=\"utf-8\"?><QueueMessagesList><QueueMessage><MessageId>42532ef1-9eed-45ec-b5d4-cca86f6d3fd3</MessageId><InsertionTime>Tue,
        22 Oct 2019 21:27:55 GMT</InsertionTime><ExpirationTime>Tue, 29 Oct 2019 21:27:55
        GMT</ExpirationTime><DequeueCount>0</DequeueCount><MessageText>message1</MessageText></QueueMessage><QueueMessage><MessageId>acd19533-3e23-45d5-8d61-5facfcf6a702</MessageId><InsertionTime>Tue,
        22 Oct 2019 21:27:55 GMT</InsertionTime><ExpirationTime>Tue, 29 Oct 2019 21:27:55
        GMT</ExpirationTime><DequeueCount>0</DequeueCount><MessageText>message3</MessageText></QueueMessage><QueueMessage><MessageId>75cfa5e4-7a26-4a30-a2ed-2b7bfc56f243</MessageId><InsertionTime>Tue,
        22 Oct 2019 21:27:55 GMT</InsertionTime><ExpirationTime>Tue, 29 Oct 2019 21:27:55
        GMT</ExpirationTime><DequeueCount>0</DequeueCount><MessageText>message2</MessageText></QueueMessage><QueueMessage><MessageId>cc74fff4-851d-45f3-bab8-5a12d868f7a4</MessageId><InsertionTime>Tue,
        22 Oct 2019 21:27:55 GMT</InsertionTime><ExpirationTime>Tue, 29 Oct 2019 21:27:55
        GMT</ExpirationTime><DequeueCount>0</DequeueCount><MessageText>message4</MessageText></QueueMessage><QueueMessage><MessageId>24593d85-30af-4a69-8610-02381c37c61b</MessageId><InsertionTime>Tue,
        22 Oct 2019 21:27:55 GMT</InsertionTime><ExpirationTime>Tue, 29 Oct 2019 21:27:55
        GMT</ExpirationTime><DequeueCount>0</DequeueCount><MessageText>message5</MessageText></QueueMessage></QueueMessagesList>"
    headers:
      cache-control: no-cache
      content-type: application/xml
      date: Tue, 22 Oct 2019 21:27:55 GMT
      server: Windows-Azure-Queue/1.0 Microsoft-HTTPAPI/2.0
      transfer-encoding: chunked
      x-ms-version: '2018-03-28'
    status:
      code: 200
      message: OK
    url: !!python/object/new:yarl.URL
      state: !!python/tuple
      - !!python/object/new:urllib.parse.SplitResult
        - https
        - pyacrstorage26691503.queue.core.windows.net
        - /asyncpeekqueue/messages
        - numofmessages=5&peekonly=true
        - ''
- request:
    body: null
    headers:
      User-Agent:
      - azsdk-python-storage-queue/12.0.0b4 Python/3.7.3 (Windows-10-10.0.17763-SP0)
      x-ms-date:
      - Tue, 22 Oct 2019 21:27:56 GMT
      x-ms-version:
      - '2018-03-28'
    method: DELETE
    uri: https://pyacrstorage26691503.queue.core.windows.net/asyncpeekqueue
  response:
    body:
      string: ''
    headers:
      content-length: '0'
      date: Tue, 22 Oct 2019 21:27:55 GMT
      server: Windows-Azure-Queue/1.0 Microsoft-HTTPAPI/2.0
      x-ms-version: '2018-03-28'
    status:
      code: 204
      message: No Content
    url: !!python/object/new:yarl.URL
      state: !!python/tuple
      - !!python/object/new:urllib.parse.SplitResult
        - https
        - pyacrstorage26691503.queue.core.windows.net
        - /asyncpeekqueue
        - ''
        - ''
version: 1
