interactions:
- request:
    body: null
    headers:
      Accept:
      - application/xml
      User-Agent:
      - TestApp/v1.0 azsdk-python-storage-queue/12.0.0b1 Python/3.7.3 (Windows-10-10.0.17763-SP0)
      content-type:
      - application/xml; charset=utf-8
      x-ms-client-request-id:
      - 0f286528-b3d9-11e9-a2f6-2816a845e8c6
      x-ms-date:
      - Wed, 31 Jul 2019 21:20:45 GMT
      x-ms-version:
      - '2018-03-28'
    method: GET
    uri: https://storagename.queue.core.windows.net/?restype=service&comp=properties
  response:
    body:
      string: "\uFEFF<?xml version=\"1.0\" encoding=\"utf-8\"?><StorageServiceProperties><Logging><Version>1.0</Version><Read>true</Read><Write>true</Write><Delete>true</Delete><RetentionPolicy><Enabled>true</Enabled><Days>5</Days></RetentionPolicy></Logging><HourMetrics><Version>1.0</Version><Enabled>true</Enabled><IncludeAPIs>true</IncludeAPIs><RetentionPolicy><Enabled>true</Enabled><Days>5</Days></RetentionPolicy></HourMetrics><MinuteMetrics><Version>1.0</Version><Enabled>true</Enabled><IncludeAPIs>true</IncludeAPIs><RetentionPolicy><Enabled>true</Enabled><Days>5</Days></RetentionPolicy></MinuteMetrics><Cors><CorsRule><AllowedMethods>GET</AllowedMethods><AllowedOrigins>www.xyz.com</AllowedOrigins><AllowedHeaders
        /><ExposedHeaders /><MaxAgeInSeconds>0</MaxAgeInSeconds></CorsRule><CorsRule><AllowedMethods>GET,PUT</AllowedMethods><AllowedOrigins>www.xyz.com,www.ab.com,www.bc.com</AllowedOrigins><AllowedHeaders>x-ms-meta-xyz,x-ms-meta-foo,x-ms-meta-data*,x-ms-meta-target*</AllowedHeaders><ExposedHeaders>x-ms-meta-abc,x-ms-meta-bcd,x-ms-meta-data*,x-ms-meta-source*</ExposedHeaders><MaxAgeInSeconds>500</MaxAgeInSeconds></CorsRule></Cors></StorageServiceProperties>"
    headers:
      ? !!python/object/new:multidict._istr.istr
      - Cache-Control
      : no-cache
      ? !!python/object/new:multidict._istr.istr
      - Content-Type
      : application/xml
      ? !!python/object/new:multidict._istr.istr
      - Date
      : Wed, 31 Jul 2019 21:20:43 GMT
      ? !!python/object/new:multidict._istr.istr
      - Server
      : Windows-Azure-Queue/1.0 Microsoft-HTTPAPI/2.0
      ? !!python/object/new:multidict._istr.istr
      - Transfer-Encoding
      : chunked
      ? !!python/object/new:multidict._istr.istr
      - Vary
      : Origin
      x-ms-request-id: 16fc998d-f003-0117-7be5-47be5f000000
      x-ms-version: '2018-03-28'
    status:
      code: 200
      message: OK
    url: !!python/object/new:yarl.URL
      state: !!python/tuple
      - !!python/object/new:urllib.parse.SplitResult
        - https
        - rakshithqueueasynctest.queue.core.windows.net
        - /
        - restype=service&comp=properties
        - ''
- request:
    body: null
    headers:
      Accept:
      - application/xml
      User-Agent:
      - TestApp/v2.0 azsdk-python-storage-queue/12.0.0b1 Python/3.7.3 (Windows-10-10.0.17763-SP0)
      content-type:
      - application/xml; charset=utf-8
      x-ms-client-request-id:
      - 0f3cf2a8-b3d9-11e9-ac8c-2816a845e8c6
      x-ms-date:
      - Wed, 31 Jul 2019 21:20:45 GMT
      x-ms-version:
      - '2018-03-28'
    method: GET
    uri: https://storagename.queue.core.windows.net/?restype=service&comp=properties
  response:
    body:
      string: "\uFEFF<?xml version=\"1.0\" encoding=\"utf-8\"?><StorageServiceProperties><Logging><Version>1.0</Version><Read>true</Read><Write>true</Write><Delete>true</Delete><RetentionPolicy><Enabled>true</Enabled><Days>5</Days></RetentionPolicy></Logging><HourMetrics><Version>1.0</Version><Enabled>true</Enabled><IncludeAPIs>true</IncludeAPIs><RetentionPolicy><Enabled>true</Enabled><Days>5</Days></RetentionPolicy></HourMetrics><MinuteMetrics><Version>1.0</Version><Enabled>true</Enabled><IncludeAPIs>true</IncludeAPIs><RetentionPolicy><Enabled>true</Enabled><Days>5</Days></RetentionPolicy></MinuteMetrics><Cors><CorsRule><AllowedMethods>GET</AllowedMethods><AllowedOrigins>www.xyz.com</AllowedOrigins><AllowedHeaders
        /><ExposedHeaders /><MaxAgeInSeconds>0</MaxAgeInSeconds></CorsRule><CorsRule><AllowedMethods>GET,PUT</AllowedMethods><AllowedOrigins>www.xyz.com,www.ab.com,www.bc.com</AllowedOrigins><AllowedHeaders>x-ms-meta-xyz,x-ms-meta-foo,x-ms-meta-data*,x-ms-meta-target*</AllowedHeaders><ExposedHeaders>x-ms-meta-abc,x-ms-meta-bcd,x-ms-meta-data*,x-ms-meta-source*</ExposedHeaders><MaxAgeInSeconds>500</MaxAgeInSeconds></CorsRule></Cors></StorageServiceProperties>"
    headers:
      ? !!python/object/new:multidict._istr.istr
      - Cache-Control
      : no-cache
      ? !!python/object/new:multidict._istr.istr
      - Content-Type
      : application/xml
      ? !!python/object/new:multidict._istr.istr
      - Date
      : Wed, 31 Jul 2019 21:20:43 GMT
      ? !!python/object/new:multidict._istr.istr
      - Server
      : Windows-Azure-Queue/1.0 Microsoft-HTTPAPI/2.0
      ? !!python/object/new:multidict._istr.istr
      - Transfer-Encoding
      : chunked
      ? !!python/object/new:multidict._istr.istr
      - Vary
      : Origin
      x-ms-request-id: 16fc9998-f003-0117-03e5-47be5f000000
      x-ms-version: '2018-03-28'
    status:
      code: 200
      message: OK
    url: !!python/object/new:yarl.URL
      state: !!python/tuple
      - !!python/object/new:urllib.parse.SplitResult
        - https
        - rakshithqueueasynctest.queue.core.windows.net
        - /
        - restype=service&comp=properties
        - ''
- request:
    body: null
    headers:
      Accept:
      - application/xml
      User-Agent:
      - TestApp/v1.0 azsdk-python-storage-queue/12.0.0b1 Python/3.7.3 (Windows-10-10.0.17763-SP0)
      content-type:
      - application/xml; charset=utf-8
      x-ms-client-request-id:
      - 52dea3a4-b3da-11e9-917f-2816a845e8c6
      x-ms-date:
      - Wed, 31 Jul 2019 21:29:48 GMT
      x-ms-version:
      - '2018-03-28'
    method: GET
    uri: https://storagename.queue.core.windows.net/?restype=service&comp=properties
  response:
    body:
      string: "\uFEFF<?xml version=\"1.0\" encoding=\"utf-8\"?><StorageServiceProperties><Logging><Version>1.0</Version><Read>true</Read><Write>true</Write><Delete>true</Delete><RetentionPolicy><Enabled>true</Enabled><Days>5</Days></RetentionPolicy></Logging><HourMetrics><Version>1.0</Version><Enabled>true</Enabled><IncludeAPIs>true</IncludeAPIs><RetentionPolicy><Enabled>true</Enabled><Days>5</Days></RetentionPolicy></HourMetrics><MinuteMetrics><Version>1.0</Version><Enabled>true</Enabled><IncludeAPIs>true</IncludeAPIs><RetentionPolicy><Enabled>true</Enabled><Days>5</Days></RetentionPolicy></MinuteMetrics><Cors><CorsRule><AllowedMethods>GET</AllowedMethods><AllowedOrigins>www.xyz.com</AllowedOrigins><AllowedHeaders
        /><ExposedHeaders /><MaxAgeInSeconds>0</MaxAgeInSeconds></CorsRule><CorsRule><AllowedMethods>GET,PUT</AllowedMethods><AllowedOrigins>www.xyz.com,www.ab.com,www.bc.com</AllowedOrigins><AllowedHeaders>x-ms-meta-xyz,x-ms-meta-foo,x-ms-meta-data*,x-ms-meta-target*</AllowedHeaders><ExposedHeaders>x-ms-meta-abc,x-ms-meta-bcd,x-ms-meta-data*,x-ms-meta-source*</ExposedHeaders><MaxAgeInSeconds>500</MaxAgeInSeconds></CorsRule></Cors></StorageServiceProperties>"
    headers:
      ? !!python/object/new:multidict._istr.istr
      - Cache-Control
      : no-cache
      ? !!python/object/new:multidict._istr.istr
      - Content-Type
      : application/xml
      ? !!python/object/new:multidict._istr.istr
      - Date
      : Wed, 31 Jul 2019 21:29:46 GMT
      ? !!python/object/new:multidict._istr.istr
      - Server
      : Windows-Azure-Queue/1.0 Microsoft-HTTPAPI/2.0
      ? !!python/object/new:multidict._istr.istr
      - Transfer-Encoding
      : chunked
      ? !!python/object/new:multidict._istr.istr
      - Vary
      : Origin
      x-ms-request-id: 19a22880-d003-004b-2ae7-4709f3000000
      x-ms-version: '2018-03-28'
    status:
      code: 200
      message: OK
    url: !!python/object/new:yarl.URL
      state: !!python/tuple
      - !!python/object/new:urllib.parse.SplitResult
        - https
        - rakshithqueueasynctest.queue.core.windows.net
        - /
        - restype=service&comp=properties
        - ''
- request:
    body: null
    headers:
      Accept:
      - application/xml
      User-Agent:
      - TestApp/v2.0 azsdk-python-storage-queue/12.0.0b1 Python/3.7.3 (Windows-10-10.0.17763-SP0)
      content-type:
      - application/xml; charset=utf-8
      x-ms-client-request-id:
      - 52f48f58-b3da-11e9-a490-2816a845e8c6
      x-ms-date:
      - Wed, 31 Jul 2019 21:29:48 GMT
      x-ms-version:
      - '2018-03-28'
    method: GET
    uri: https://storagename.queue.core.windows.net/?restype=service&comp=properties
  response:
    body:
      string: "\uFEFF<?xml version=\"1.0\" encoding=\"utf-8\"?><StorageServiceProperties><Logging><Version>1.0</Version><Read>true</Read><Write>true</Write><Delete>true</Delete><RetentionPolicy><Enabled>true</Enabled><Days>5</Days></RetentionPolicy></Logging><HourMetrics><Version>1.0</Version><Enabled>true</Enabled><IncludeAPIs>true</IncludeAPIs><RetentionPolicy><Enabled>true</Enabled><Days>5</Days></RetentionPolicy></HourMetrics><MinuteMetrics><Version>1.0</Version><Enabled>true</Enabled><IncludeAPIs>true</IncludeAPIs><RetentionPolicy><Enabled>true</Enabled><Days>5</Days></RetentionPolicy></MinuteMetrics><Cors><CorsRule><AllowedMethods>GET</AllowedMethods><AllowedOrigins>www.xyz.com</AllowedOrigins><AllowedHeaders
        /><ExposedHeaders /><MaxAgeInSeconds>0</MaxAgeInSeconds></CorsRule><CorsRule><AllowedMethods>GET,PUT</AllowedMethods><AllowedOrigins>www.xyz.com,www.ab.com,www.bc.com</AllowedOrigins><AllowedHeaders>x-ms-meta-xyz,x-ms-meta-foo,x-ms-meta-data*,x-ms-meta-target*</AllowedHeaders><ExposedHeaders>x-ms-meta-abc,x-ms-meta-bcd,x-ms-meta-data*,x-ms-meta-source*</ExposedHeaders><MaxAgeInSeconds>500</MaxAgeInSeconds></CorsRule></Cors></StorageServiceProperties>"
    headers:
      ? !!python/object/new:multidict._istr.istr
      - Cache-Control
      : no-cache
      ? !!python/object/new:multidict._istr.istr
      - Content-Type
      : application/xml
      ? !!python/object/new:multidict._istr.istr
      - Date
      : Wed, 31 Jul 2019 21:29:46 GMT
      ? !!python/object/new:multidict._istr.istr
      - Server
      : Windows-Azure-Queue/1.0 Microsoft-HTTPAPI/2.0
      ? !!python/object/new:multidict._istr.istr
      - Transfer-Encoding
      : chunked
      ? !!python/object/new:multidict._istr.istr
      - Vary
      : Origin
      x-ms-request-id: 19a22886-d003-004b-2fe7-4709f3000000
      x-ms-version: '2018-03-28'
    status:
      code: 200
      message: OK
    url: !!python/object/new:yarl.URL
      state: !!python/tuple
      - !!python/object/new:urllib.parse.SplitResult
        - https
        - rakshithqueueasynctest.queue.core.windows.net
        - /
        - restype=service&comp=properties
        - ''
- request:
    body: null
    headers:
      Accept:
      - application/xml
      User-Agent:
      - TestApp/v1.0 azsdk-python-storage-queue/12.0.0b1 Python/3.7.3 (Windows-10-10.0.17763-SP0)
      content-type:
      - application/xml; charset=utf-8
      x-ms-client-request-id:
      - 8f48b946-b4ad-11e9-bf1d-2816a845e8c6
      x-ms-date:
      - Thu, 01 Aug 2019 22:41:53 GMT
      x-ms-version:
      - '2018-03-28'
    method: GET
    uri: https://storagename.queue.core.windows.net/?restype=service&comp=properties
  response:
    body:
      string: "\uFEFF<?xml version=\"1.0\" encoding=\"utf-8\"?><StorageServiceProperties><Logging><Version>1.0</Version><Read>true</Read><Write>true</Write><Delete>true</Delete><RetentionPolicy><Enabled>true</Enabled><Days>5</Days></RetentionPolicy></Logging><HourMetrics><Version>1.0</Version><Enabled>true</Enabled><IncludeAPIs>true</IncludeAPIs><RetentionPolicy><Enabled>true</Enabled><Days>5</Days></RetentionPolicy></HourMetrics><MinuteMetrics><Version>1.0</Version><Enabled>true</Enabled><IncludeAPIs>true</IncludeAPIs><RetentionPolicy><Enabled>true</Enabled><Days>5</Days></RetentionPolicy></MinuteMetrics><Cors><CorsRule><AllowedMethods>GET</AllowedMethods><AllowedOrigins>www.xyz.com</AllowedOrigins><AllowedHeaders
        /><ExposedHeaders /><MaxAgeInSeconds>0</MaxAgeInSeconds></CorsRule><CorsRule><AllowedMethods>GET,PUT</AllowedMethods><AllowedOrigins>www.xyz.com,www.ab.com,www.bc.com</AllowedOrigins><AllowedHeaders>x-ms-meta-xyz,x-ms-meta-foo,x-ms-meta-data*,x-ms-meta-target*</AllowedHeaders><ExposedHeaders>x-ms-meta-abc,x-ms-meta-bcd,x-ms-meta-data*,x-ms-meta-source*</ExposedHeaders><MaxAgeInSeconds>500</MaxAgeInSeconds></CorsRule></Cors></StorageServiceProperties>"
    headers:
      ? !!python/object/new:multidict._istr.istr
      - Cache-Control
      : no-cache
      ? !!python/object/new:multidict._istr.istr
      - Content-Type
      : application/xml
      ? !!python/object/new:multidict._istr.istr
      - Date
      : Thu, 01 Aug 2019 22:41:50 GMT
      ? !!python/object/new:multidict._istr.istr
      - Server
      : Windows-Azure-Queue/1.0 Microsoft-HTTPAPI/2.0
      ? !!python/object/new:multidict._istr.istr
      - Transfer-Encoding
      : chunked
      ? !!python/object/new:multidict._istr.istr
      - Vary
      : Origin
      x-ms-request-id: ea0b179f-d003-00e1-20ba-48df1c000000
      x-ms-version: '2018-03-28'
    status:
      code: 200
      message: OK
    url: !!python/object/new:yarl.URL
      state: !!python/tuple
      - !!python/object/new:urllib.parse.SplitResult
        - https
        - rakshithqueueasynctest.queue.core.windows.net
        - /
        - restype=service&comp=properties
        - ''
- request:
    body: null
    headers:
      Accept:
      - application/xml
      User-Agent:
      - TestApp/v2.0 azsdk-python-storage-queue/12.0.0b1 Python/3.7.3 (Windows-10-10.0.17763-SP0)
      content-type:
      - application/xml; charset=utf-8
      x-ms-client-request-id:
      - 8f5decdc-b4ad-11e9-bf19-2816a845e8c6
      x-ms-date:
      - Thu, 01 Aug 2019 22:41:53 GMT
      x-ms-version:
      - '2018-03-28'
    method: GET
    uri: https://storagename.queue.core.windows.net/?restype=service&comp=properties
  response:
    body:
      string: "\uFEFF<?xml version=\"1.0\" encoding=\"utf-8\"?><StorageServiceProperties><Logging><Version>1.0</Version><Read>true</Read><Write>true</Write><Delete>true</Delete><RetentionPolicy><Enabled>true</Enabled><Days>5</Days></RetentionPolicy></Logging><HourMetrics><Version>1.0</Version><Enabled>true</Enabled><IncludeAPIs>true</IncludeAPIs><RetentionPolicy><Enabled>true</Enabled><Days>5</Days></RetentionPolicy></HourMetrics><MinuteMetrics><Version>1.0</Version><Enabled>true</Enabled><IncludeAPIs>true</IncludeAPIs><RetentionPolicy><Enabled>true</Enabled><Days>5</Days></RetentionPolicy></MinuteMetrics><Cors><CorsRule><AllowedMethods>GET</AllowedMethods><AllowedOrigins>www.xyz.com</AllowedOrigins><AllowedHeaders
        /><ExposedHeaders /><MaxAgeInSeconds>0</MaxAgeInSeconds></CorsRule><CorsRule><AllowedMethods>GET,PUT</AllowedMethods><AllowedOrigins>www.xyz.com,www.ab.com,www.bc.com</AllowedOrigins><AllowedHeaders>x-ms-meta-xyz,x-ms-meta-foo,x-ms-meta-data*,x-ms-meta-target*</AllowedHeaders><ExposedHeaders>x-ms-meta-abc,x-ms-meta-bcd,x-ms-meta-data*,x-ms-meta-source*</ExposedHeaders><MaxAgeInSeconds>500</MaxAgeInSeconds></CorsRule></Cors></StorageServiceProperties>"
    headers:
      ? !!python/object/new:multidict._istr.istr
      - Cache-Control
      : no-cache
      ? !!python/object/new:multidict._istr.istr
      - Content-Type
      : application/xml
      ? !!python/object/new:multidict._istr.istr
      - Date
      : Thu, 01 Aug 2019 22:41:50 GMT
      ? !!python/object/new:multidict._istr.istr
      - Server
      : Windows-Azure-Queue/1.0 Microsoft-HTTPAPI/2.0
      ? !!python/object/new:multidict._istr.istr
      - Transfer-Encoding
      : chunked
      ? !!python/object/new:multidict._istr.istr
      - Vary
      : Origin
      x-ms-request-id: ea0b17ad-d003-00e1-2cba-48df1c000000
      x-ms-version: '2018-03-28'
    status:
      code: 200
      message: OK
    url: !!python/object/new:yarl.URL
      state: !!python/tuple
      - !!python/object/new:urllib.parse.SplitResult
        - https
        - rakshithqueueasynctest.queue.core.windows.net
        - /
        - restype=service&comp=properties
        - ''
version: 1
