interactions:
- request:
    body: null
    headers:
      User-Agent:
      - azsdk-python-storage-queue/12.0.0b4 Python/3.7.3 (Windows-10-10.0.17763-SP0)
      x-ms-date:
      - Wed, 16 Oct 2019 06:39:16 GMT
      x-ms-version:
      - '2018-03-28'
    method: PUT
    uri: https://pyacrstorage92ec1b2a.queue.core.windows.net/asyncmessagequeue
  response:
    body:
      string: ''
    headers:
      content-length: '0'
      date: Wed, 16 Oct 2019 06:39:15 GMT
      server: Windows-Azure-Queue/1.0 Microsoft-HTTPAPI/2.0
      x-ms-version: '2018-03-28'
    status:
      code: 201
      message: Created
    url: !!python/object/new:yarl.URL
      state: !!python/tuple
      - !!python/object/new:urllib.parse.SplitResult
        - https
        - pyacrstorage92ec1b2a.queue.core.windows.net
        - /asyncmessagequeue
        - ''
        - ''
- request:
    body: '<?xml version=''1.0'' encoding=''utf-8''?>

      <QueueMessage><MessageText>message1</MessageText></QueueMessage>'
    headers:
      Accept:
      - application/xml
      Content-Length:
      - '103'
      Content-Type:
      - application/xml; charset=utf-8
      User-Agent:
      - azsdk-python-storage-queue/12.0.0b4 Python/3.7.3 (Windows-10-10.0.17763-SP0)
      x-ms-date:
      - Wed, 16 Oct 2019 06:39:16 GMT
      x-ms-version:
      - '2018-03-28'
    method: POST
    uri: https://pyacrstorage92ec1b2a.queue.core.windows.net/asyncmessagequeue/messages
  response:
    body:
      string: "\uFEFF<?xml version=\"1.0\" encoding=\"utf-8\"?><QueueMessagesList><QueueMessage><MessageId>1f7a0b09-89de-4501-b383-7eaca0c16757</MessageId><InsertionTime>Wed,
        16 Oct 2019 06:39:16 GMT</InsertionTime><ExpirationTime>Wed, 23 Oct 2019 06:39:16
        GMT</ExpirationTime><PopReceipt>AgAAAAMAAAAAAAAAak4ybuyD1QE=</PopReceipt><TimeNextVisible>Wed,
        16 Oct 2019 06:39:16 GMT</TimeNextVisible></QueueMessage></QueueMessagesList>"
    headers:
      content-type: application/xml
      date: Wed, 16 Oct 2019 06:39:15 GMT
      server: Windows-Azure-Queue/1.0 Microsoft-HTTPAPI/2.0
      transfer-encoding: chunked
      x-ms-version: '2018-03-28'
    status:
      code: 201
      message: Created
    url: !!python/object/new:yarl.URL
      state: !!python/tuple
      - !!python/object/new:urllib.parse.SplitResult
        - https
        - pyacrstorage92ec1b2a.queue.core.windows.net
        - /asyncmessagequeue/messages
        - ''
        - ''
- request:
    body: '<?xml version=''1.0'' encoding=''utf-8''?>

      <QueueMessage><MessageText>message5</MessageText></QueueMessage>'
    headers:
      Accept:
      - application/xml
      Content-Length:
      - '103'
      Content-Type:
      - application/xml; charset=utf-8
      User-Agent:
      - azsdk-python-storage-queue/12.0.0b4 Python/3.7.3 (Windows-10-10.0.17763-SP0)
      x-ms-date:
      - Wed, 16 Oct 2019 06:39:16 GMT
      x-ms-version:
      - '2018-03-28'
    method: POST
    uri: https://pyacrstorage92ec1b2a.queue.core.windows.net/asyncmessagequeue/messages
  response:
    body:
      string: "\uFEFF<?xml version=\"1.0\" encoding=\"utf-8\"?><QueueMessagesList><QueueMessage><MessageId>f5b3a657-2dc5-49c9-9be1-f8f381bdbdfc</MessageId><InsertionTime>Wed,
        16 Oct 2019 06:39:16 GMT</InsertionTime><ExpirationTime>Wed, 23 Oct 2019 06:39:16
        GMT</ExpirationTime><PopReceipt>AgAAAAMAAAAAAAAAhRJHbuyD1QE=</PopReceipt><TimeNextVisible>Wed,
        16 Oct 2019 06:39:16 GMT</TimeNextVisible></QueueMessage></QueueMessagesList>"
    headers:
      content-type: application/xml
      date: Wed, 16 Oct 2019 06:39:16 GMT
      server: Windows-Azure-Queue/1.0 Microsoft-HTTPAPI/2.0
      transfer-encoding: chunked
      x-ms-version: '2018-03-28'
    status:
      code: 201
      message: Created
    url: !!python/object/new:yarl.URL
      state: !!python/tuple
      - !!python/object/new:urllib.parse.SplitResult
        - https
        - pyacrstorage92ec1b2a.queue.core.windows.net
        - /asyncmessagequeue/messages
        - ''
        - ''
- request:
    body: '<?xml version=''1.0'' encoding=''utf-8''?>

      <QueueMessage><MessageText>message2</MessageText></QueueMessage>'
    headers:
      Accept:
      - application/xml
      Content-Length:
      - '103'
      Content-Type:
      - application/xml; charset=utf-8
      User-Agent:
      - azsdk-python-storage-queue/12.0.0b4 Python/3.7.3 (Windows-10-10.0.17763-SP0)
      x-ms-date:
      - Wed, 16 Oct 2019 06:39:16 GMT
      x-ms-version:
      - '2018-03-28'
    method: POST
    uri: https://pyacrstorage92ec1b2a.queue.core.windows.net/asyncmessagequeue/messages?visibilitytimeout=30
  response:
    body:
      string: "\uFEFF<?xml version=\"1.0\" encoding=\"utf-8\"?><QueueMessagesList><QueueMessage><MessageId>546c160c-a2ca-4d95-890a-5a0b617a3aa9</MessageId><InsertionTime>Wed,
        16 Oct 2019 06:39:16 GMT</InsertionTime><ExpirationTime>Wed, 23 Oct 2019 06:39:16
        GMT</ExpirationTime><PopReceipt>AgAAAAMAAAAAAAAA4FEpgOyD1QE=</PopReceipt><TimeNextVisible>Wed,
        16 Oct 2019 06:39:46 GMT</TimeNextVisible></QueueMessage></QueueMessagesList>"
    headers:
      content-type: application/xml
      date: Wed, 16 Oct 2019 06:39:15 GMT
      server: Windows-Azure-Queue/1.0 Microsoft-HTTPAPI/2.0
      transfer-encoding: chunked
      x-ms-version: '2018-03-28'
    status:
      code: 201
      message: Created
    url: !!python/object/new:yarl.URL
      state: !!python/tuple
      - !!python/object/new:urllib.parse.SplitResult
        - https
        - pyacrstorage92ec1b2a.queue.core.windows.net
        - /asyncmessagequeue/messages
        - visibilitytimeout=30
        - ''
- request:
    body: '<?xml version=''1.0'' encoding=''utf-8''?>

      <QueueMessage><MessageText>message3</MessageText></QueueMessage>'
    headers:
      Accept:
      - application/xml
      Content-Length:
      - '103'
      Content-Type:
      - application/xml; charset=utf-8
      User-Agent:
      - azsdk-python-storage-queue/12.0.0b4 Python/3.7.3 (Windows-10-10.0.17763-SP0)
      x-ms-date:
      - Wed, 16 Oct 2019 06:39:16 GMT
      x-ms-version:
      - '2018-03-28'
    method: POST
    uri: https://pyacrstorage92ec1b2a.queue.core.windows.net/asyncmessagequeue/messages
  response:
    body:
      string: "\uFEFF<?xml version=\"1.0\" encoding=\"utf-8\"?><QueueMessagesList><QueueMessage><MessageId>a26fc0d8-fe76-49a1-b2c0-414955b2a6b8</MessageId><InsertionTime>Wed,
        16 Oct 2019 06:39:16 GMT</InsertionTime><ExpirationTime>Wed, 23 Oct 2019 06:39:16
        GMT</ExpirationTime><PopReceipt>AgAAAAMAAAAAAAAA99VHbuyD1QE=</PopReceipt><TimeNextVisible>Wed,
        16 Oct 2019 06:39:16 GMT</TimeNextVisible></QueueMessage></QueueMessagesList>"
    headers:
      content-type: application/xml
      date: Wed, 16 Oct 2019 06:39:15 GMT
      server: Windows-Azure-Queue/1.0 Microsoft-HTTPAPI/2.0
      transfer-encoding: chunked
      x-ms-version: '2018-03-28'
    status:
      code: 201
      message: Created
    url: !!python/object/new:yarl.URL
      state: !!python/tuple
      - !!python/object/new:urllib.parse.SplitResult
        - https
        - pyacrstorage92ec1b2a.queue.core.windows.net
        - /asyncmessagequeue/messages
        - ''
        - ''
- request:
    body: '<?xml version=''1.0'' encoding=''utf-8''?>

      <QueueMessage><MessageText>message4</MessageText></QueueMessage>'
    headers:
      Accept:
      - application/xml
      Content-Length:
      - '103'
      Content-Type:
      - application/xml; charset=utf-8
      User-Agent:
      - azsdk-python-storage-queue/12.0.0b4 Python/3.7.3 (Windows-10-10.0.17763-SP0)
      x-ms-date:
      - Wed, 16 Oct 2019 06:39:16 GMT
      x-ms-version:
      - '2018-03-28'
    method: POST
    uri: https://pyacrstorage92ec1b2a.queue.core.windows.net/asyncmessagequeue/messages
  response:
    body:
      string: "\uFEFF<?xml version=\"1.0\" encoding=\"utf-8\"?><QueueMessagesList><QueueMessage><MessageId>767c95af-d8f7-40b6-807a-1d59f77ecabd</MessageId><InsertionTime>Wed,
        16 Oct 2019 06:39:16 GMT</InsertionTime><ExpirationTime>Wed, 23 Oct 2019 06:39:16
        GMT</ExpirationTime><PopReceipt>AgAAAAMAAAAAAAAAaZlIbuyD1QE=</PopReceipt><TimeNextVisible>Wed,
        16 Oct 2019 06:39:16 GMT</TimeNextVisible></QueueMessage></QueueMessagesList>"
    headers:
      content-type: application/xml
      date: Wed, 16 Oct 2019 06:39:16 GMT
      server: Windows-Azure-Queue/1.0 Microsoft-HTTPAPI/2.0
      transfer-encoding: chunked
      x-ms-version: '2018-03-28'
    status:
      code: 201
      message: Created
    url: !!python/object/new:yarl.URL
      state: !!python/tuple
      - !!python/object/new:urllib.parse.SplitResult
        - https
        - pyacrstorage92ec1b2a.queue.core.windows.net
        - /asyncmessagequeue/messages
        - ''
        - ''
- request:
    body: null
    headers:
      Accept:
      - application/xml
      User-Agent:
      - azsdk-python-storage-queue/12.0.0b4 Python/3.7.3 (Windows-10-10.0.17763-SP0)
      x-ms-date:
      - Wed, 16 Oct 2019 06:39:16 GMT
      x-ms-version:
      - '2018-03-28'
    method: GET
    uri: https://pyacrstorage92ec1b2a.queue.core.windows.net/asyncmessagequeue/messages
  response:
    body:
      string: "\uFEFF<?xml version=\"1.0\" encoding=\"utf-8\"?><QueueMessagesList><QueueMessage><MessageId>1f7a0b09-89de-4501-b383-7eaca0c16757</MessageId><InsertionTime>Wed,
        16 Oct 2019 06:39:16 GMT</InsertionTime><ExpirationTime>Wed, 23 Oct 2019 06:39:16
        GMT</ExpirationTime><PopReceipt>AgAAAAMAAAAAAAAAD38wgOyD1QE=</PopReceipt><TimeNextVisible>Wed,
        16 Oct 2019 06:39:46 GMT</TimeNextVisible><DequeueCount>1</DequeueCount><MessageText>message1</MessageText></QueueMessage></QueueMessagesList>"
    headers:
      cache-control: no-cache
      content-type: application/xml
      date: Wed, 16 Oct 2019 06:39:16 GMT
      server: Windows-Azure-Queue/1.0 Microsoft-HTTPAPI/2.0
      transfer-encoding: chunked
      x-ms-version: '2018-03-28'
    status:
      code: 200
      message: OK
    url: !!python/object/new:yarl.URL
      state: !!python/tuple
      - !!python/object/new:urllib.parse.SplitResult
        - https
        - pyacrstorage92ec1b2a.queue.core.windows.net
        - /asyncmessagequeue/messages
        - ''
        - ''
- request:
    body: null
    headers:
      Accept:
      - application/xml
      User-Agent:
      - azsdk-python-storage-queue/12.0.0b4 Python/3.7.3 (Windows-10-10.0.17763-SP0)
      x-ms-date:
      - Wed, 16 Oct 2019 06:39:16 GMT
      x-ms-version:
      - '2018-03-28'
    method: GET
    uri: https://pyacrstorage92ec1b2a.queue.core.windows.net/asyncmessagequeue/messages
  response:
    body:
      string: "\uFEFF<?xml version=\"1.0\" encoding=\"utf-8\"?><QueueMessagesList><QueueMessage><MessageId>f5b3a657-2dc5-49c9-9be1-f8f381bdbdfc</MessageId><InsertionTime>Wed,
        16 Oct 2019 06:39:16 GMT</InsertionTime><ExpirationTime>Wed, 23 Oct 2019 06:39:16
        GMT</ExpirationTime><PopReceipt>AgAAAAMAAAAAAAAAQqw3gOyD1QE=</PopReceipt><TimeNextVisible>Wed,
        16 Oct 2019 06:39:46 GMT</TimeNextVisible><DequeueCount>1</DequeueCount><MessageText>message5</MessageText></QueueMessage></QueueMessagesList>"
    headers:
      cache-control: no-cache
      content-type: application/xml
      date: Wed, 16 Oct 2019 06:39:16 GMT
      server: Windows-Azure-Queue/1.0 Microsoft-HTTPAPI/2.0
      transfer-encoding: chunked
      x-ms-version: '2018-03-28'
    status:
      code: 200
      message: OK
    url: !!python/object/new:yarl.URL
      state: !!python/tuple
      - !!python/object/new:urllib.parse.SplitResult
        - https
        - pyacrstorage92ec1b2a.queue.core.windows.net
        - /asyncmessagequeue/messages
        - ''
        - ''
- request:
    body: null
    headers:
      Accept:
      - application/xml
      User-Agent:
      - azsdk-python-storage-queue/12.0.0b4 Python/3.7.3 (Windows-10-10.0.17763-SP0)
      x-ms-date:
      - Wed, 16 Oct 2019 06:39:16 GMT
      x-ms-version:
      - '2018-03-28'
    method: GET
    uri: https://pyacrstorage92ec1b2a.queue.core.windows.net/asyncmessagequeue/messages
  response:
    body:
      string: "\uFEFF<?xml version=\"1.0\" encoding=\"utf-8\"?><QueueMessagesList><QueueMessage><MessageId>a26fc0d8-fe76-49a1-b2c0-414955b2a6b8</MessageId><InsertionTime>Wed,
        16 Oct 2019 06:39:16 GMT</InsertionTime><ExpirationTime>Wed, 23 Oct 2019 06:39:16
        GMT</ExpirationTime><PopReceipt>AgAAAAMAAAAAAAAAMWQ+gOyD1QE=</PopReceipt><TimeNextVisible>Wed,
        16 Oct 2019 06:39:46 GMT</TimeNextVisible><DequeueCount>1</DequeueCount><MessageText>message3</MessageText></QueueMessage></QueueMessagesList>"
    headers:
      cache-control: no-cache
      content-type: application/xml
      date: Wed, 16 Oct 2019 06:39:16 GMT
      server: Windows-Azure-Queue/1.0 Microsoft-HTTPAPI/2.0
      transfer-encoding: chunked
      x-ms-version: '2018-03-28'
    status:
      code: 200
      message: OK
    url: !!python/object/new:yarl.URL
      state: !!python/tuple
      - !!python/object/new:urllib.parse.SplitResult
        - https
        - pyacrstorage92ec1b2a.queue.core.windows.net
        - /asyncmessagequeue/messages
        - ''
        - ''
- request:
    body: null
    headers:
      Accept:
      - application/xml
      User-Agent:
      - azsdk-python-storage-queue/12.0.0b4 Python/3.7.3 (Windows-10-10.0.17763-SP0)
      x-ms-date:
      - Wed, 16 Oct 2019 06:39:16 GMT
      x-ms-version:
      - '2018-03-28'
    method: GET
    uri: https://pyacrstorage92ec1b2a.queue.core.windows.net/asyncmessagequeue/messages
  response:
    body:
      string: "\uFEFF<?xml version=\"1.0\" encoding=\"utf-8\"?><QueueMessagesList><QueueMessage><MessageId>767c95af-d8f7-40b6-807a-1d59f77ecabd</MessageId><InsertionTime>Wed,
        16 Oct 2019 06:39:16 GMT</InsertionTime><ExpirationTime>Wed, 23 Oct 2019 06:39:16
        GMT</ExpirationTime><PopReceipt>AgAAAAMAAAAAAAAAzlRGgOyD1QE=</PopReceipt><TimeNextVisible>Wed,
        16 Oct 2019 06:39:46 GMT</TimeNextVisible><DequeueCount>1</DequeueCount><MessageText>message4</MessageText></QueueMessage></QueueMessagesList>"
    headers:
      cache-control: no-cache
      content-type: application/xml
      date: Wed, 16 Oct 2019 06:39:16 GMT
      server: Windows-Azure-Queue/1.0 Microsoft-HTTPAPI/2.0
      transfer-encoding: chunked
      x-ms-version: '2018-03-28'
    status:
      code: 200
      message: OK
    url: !!python/object/new:yarl.URL
      state: !!python/tuple
      - !!python/object/new:urllib.parse.SplitResult
        - https
        - pyacrstorage92ec1b2a.queue.core.windows.net
        - /asyncmessagequeue/messages
        - ''
        - ''
- request:
    body: null
    headers:
      Accept:
      - application/xml
      User-Agent:
      - azsdk-python-storage-queue/12.0.0b4 Python/3.7.3 (Windows-10-10.0.17763-SP0)
      x-ms-date:
      - Wed, 16 Oct 2019 06:39:17 GMT
      x-ms-version:
      - '2018-03-28'
    method: GET
    uri: https://pyacrstorage92ec1b2a.queue.core.windows.net/asyncmessagequeue/messages
  response:
    body:
      string: "\uFEFF<?xml version=\"1.0\" encoding=\"utf-8\"?><QueueMessagesList
        />"
    headers:
      cache-control: no-cache
      content-type: application/xml
      date: Wed, 16 Oct 2019 06:39:16 GMT
      server: Windows-Azure-Queue/1.0 Microsoft-HTTPAPI/2.0
      transfer-encoding: chunked
      x-ms-version: '2018-03-28'
    status:
      code: 200
      message: OK
    url: !!python/object/new:yarl.URL
      state: !!python/tuple
      - !!python/object/new:urllib.parse.SplitResult
        - https
        - pyacrstorage92ec1b2a.queue.core.windows.net
        - /asyncmessagequeue/messages
        - ''
        - ''
- request:
    body: null
    headers:
      Accept:
      - application/xml
      User-Agent:
      - azsdk-python-storage-queue/12.0.0b4 Python/3.7.3 (Windows-10-10.0.17763-SP0)
      x-ms-date:
      - Wed, 16 Oct 2019 06:39:17 GMT
      x-ms-version:
      - '2018-03-28'
    method: GET
    uri: https://pyacrstorage92ec1b2a.queue.core.windows.net/asyncmessagequeue/messages?numofmessages=5
  response:
    body:
      string: "\uFEFF<?xml version=\"1.0\" encoding=\"utf-8\"?><QueueMessagesList
        />"
    headers:
      cache-control: no-cache
      content-type: application/xml
      date: Wed, 16 Oct 2019 06:39:16 GMT
      server: Windows-Azure-Queue/1.0 Microsoft-HTTPAPI/2.0
      transfer-encoding: chunked
      x-ms-version: '2018-03-28'
    status:
      code: 200
      message: OK
    url: !!python/object/new:yarl.URL
      state: !!python/tuple
      - !!python/object/new:urllib.parse.SplitResult
        - https
        - pyacrstorage92ec1b2a.queue.core.windows.net
        - /asyncmessagequeue/messages
        - numofmessages=5
        - ''
- request:
    body: null
    headers:
      User-Agent:
      - azsdk-python-storage-queue/12.0.0b4 Python/3.7.3 (Windows-10-10.0.17763-SP0)
      x-ms-date:
      - Wed, 16 Oct 2019 06:39:17 GMT
      x-ms-version:
      - '2018-03-28'
    method: DELETE
    uri: https://pyacrstorage92ec1b2a.queue.core.windows.net/asyncmessagequeue
  response:
    body:
      string: ''
    headers:
      content-length: '0'
      date: Wed, 16 Oct 2019 06:39:16 GMT
      server: Windows-Azure-Queue/1.0 Microsoft-HTTPAPI/2.0
      x-ms-version: '2018-03-28'
    status:
      code: 204
      message: No Content
    url: !!python/object/new:yarl.URL
      state: !!python/tuple
      - !!python/object/new:urllib.parse.SplitResult
        - https
        - pyacrstorage92ec1b2a.queue.core.windows.net
        - /asyncmessagequeue
        - ''
        - ''
version: 1
