interactions:
- request:
    body: null
    headers:
      Accept:
      - '*/*'
      Accept-Encoding:
      - gzip, deflate
      Connection:
      - keep-alive
      Content-Length:
      - '0'
      User-Agent:
      - azsdk-python-storage-queue/12.0.0b4 Python/3.7.3 (Windows-10-10.0.17763-SP0)
      x-ms-date:
      - Tue, 22 Oct 2019 21:26:36 GMT
      x-ms-version:
      - '2018-03-28'
    method: PUT
    uri: https://pyacrstorage29f01530.queue.core.windows.net/encryptionqueue29f01530
  response:
    body:
      string: ''
    headers:
      content-length:
      - '0'
      date:
      - Tue, 22 Oct 2019 21:26:35 GMT
      server:
      - Windows-Azure-Queue/1.0 Microsoft-HTTPAPI/2.0
      x-ms-version:
      - '2018-03-28'
    status:
      code: 201
      message: Created
- request:
    body: '<?xml version=''1.0'' encoding=''utf-8''?>

      <QueueMessage><MessageText>{"EncryptedMessageContents": "p1EQrBhB7i7gE4P5NpKzHw==",
      "EncryptionData": {"WrappedContentKey": {"KeyId": "key1", "EncryptedKey": "KkBpMRbq6UXfh+PnIERdqJ+lOL4Q9AV4hsla0+QZg66vs6w9RXJi7A==",
      "Algorithm": "A256KW"}, "EncryptionAgent": {"Protocol": "1.0", "EncryptionAlgorithm":
      "AES_CBC_256"}, "ContentEncryptionIV": "AEco0DNvQnY/TITll7RxBA==", "KeyWrappingMetadata":
      {"EncryptionLibrary": "Python 12.0.0b4"}}}</MessageText></QueueMessage>'
    headers:
      Accept:
      - application/xml
      Accept-Encoding:
      - gzip, deflate
      Connection:
      - keep-alive
      Content-Length:
      - '504'
      Content-Type:
      - application/xml; charset=utf-8
      User-Agent:
      - azsdk-python-storage-queue/12.0.0b4 Python/3.7.3 (Windows-10-10.0.17763-SP0)
      x-ms-date:
      - Tue, 22 Oct 2019 21:26:37 GMT
      x-ms-version:
      - '2018-03-28'
    method: POST
    uri: https://pyacrstorage29f01530.queue.core.windows.net/encryptionqueue29f01530/messages
  response:
    body:
      string: "\uFEFF<?xml version=\"1.0\" encoding=\"utf-8\"?><QueueMessagesList><QueueMessage><MessageId>8439595f-3ef5-40f8-86f4-f94f04737e76</MessageId><InsertionTime>Tue,
        22 Oct 2019 21:26:35 GMT</InsertionTime><ExpirationTime>Tue, 29 Oct 2019 21:26:35
        GMT</ExpirationTime><PopReceipt>AgAAAAMAAAAAAAAAo/wMYh+J1QE=</PopReceipt><TimeNextVisible>Tue,
        22 Oct 2019 21:26:35 GMT</TimeNextVisible></QueueMessage></QueueMessagesList>"
    headers:
      content-type:
      - application/xml
      date:
      - Tue, 22 Oct 2019 21:26:35 GMT
      server:
      - Windows-Azure-Queue/1.0 Microsoft-HTTPAPI/2.0
      transfer-encoding:
      - chunked
      x-ms-version:
      - '2018-03-28'
    status:
      code: 201
      message: Created
- request:
    body: null
    headers:
      Accept:
      - application/xml
      Accept-Encoding:
      - gzip, deflate
      Connection:
      - keep-alive
      User-Agent:
      - azsdk-python-storage-queue/12.0.0b4 Python/3.7.3 (Windows-10-10.0.17763-SP0)
      x-ms-date:
      - Tue, 22 Oct 2019 21:26:37 GMT
      x-ms-version:
      - '2018-03-28'
    method: GET
    uri: https://pyacrstorage29f01530.queue.core.windows.net/encryptionqueue29f01530/messages
  response:
    body:
      string: "\uFEFF<?xml version=\"1.0\" encoding=\"utf-8\"?><QueueMessagesList><QueueMessage><MessageId>8439595f-3ef5-40f8-86f4-f94f04737e76</MessageId><InsertionTime>Tue,
        22 Oct 2019 21:26:35 GMT</InsertionTime><ExpirationTime>Tue, 29 Oct 2019 21:26:35
        GMT</ExpirationTime><PopReceipt>AgAAAAMAAAAAAAAAvnf5cx+J1QE=</PopReceipt><TimeNextVisible>Tue,
        22 Oct 2019 21:27:06 GMT</TimeNextVisible><DequeueCount>1</DequeueCount><MessageText>{\"EncryptedMessageContents\":
        \"p1EQrBhB7i7gE4P5NpKzHw==\", \"EncryptionData\": {\"WrappedContentKey\":
        {\"KeyId\": \"key1\", \"EncryptedKey\": \"KkBpMRbq6UXfh+PnIERdqJ+lOL4Q9AV4hsla0+QZg66vs6w9RXJi7A==\",
        \"Algorithm\": \"A256KW\"}, \"EncryptionAgent\": {\"Protocol\": \"1.0\", \"EncryptionAlgorithm\":
        \"AES_CBC_256\"}, \"ContentEncryptionIV\": \"AEco0DNvQnY/TITll7RxBA==\", \"KeyWrappingMetadata\":
        {\"EncryptionLibrary\": \"Python 12.0.0b4\"}}}</MessageText></QueueMessage></QueueMessagesList>"
    headers:
      cache-control:
      - no-cache
      content-type:
      - application/xml
      date:
      - Tue, 22 Oct 2019 21:26:35 GMT
      server:
      - Windows-Azure-Queue/1.0 Microsoft-HTTPAPI/2.0
      transfer-encoding:
      - chunked
      x-ms-version:
      - '2018-03-28'
    status:
      code: 200
      message: OK
- request:
    body: '<?xml version=''1.0'' encoding=''utf-8''?>

      <QueueMessage><MessageText>{"EncryptedMessageContents": "grl/p/AMSUVH2ytcA21geQ==",
      "EncryptionData": {"WrappedContentKey": {"KeyId": "key1", "EncryptedKey": "0q+51dH3Naf/gVXCxJtTyQmmSRBPghjSPa4Lxg3DnHhZyc1RpUDuVA==",
      "Algorithm": "A256KW"}, "EncryptionAgent": {"Protocol": "1.0", "EncryptionAlgorithm":
      "AES_CBC_256"}, "ContentEncryptionIV": "qTYY6Zr6HEkTtgRQMg14kQ==", "KeyWrappingMetadata":
      {"EncryptionLibrary": "Python 12.0.0b4"}}}</MessageText></QueueMessage>'
    headers:
      Accept:
      - '*/*'
      Accept-Encoding:
      - gzip, deflate
      Connection:
      - keep-alive
      Content-Length:
      - '504'
      Content-Type:
      - application/xml; charset=utf-8
      User-Agent:
      - azsdk-python-storage-queue/12.0.0b4 Python/3.7.3 (Windows-10-10.0.17763-SP0)
      x-ms-date:
      - Tue, 22 Oct 2019 21:26:37 GMT
      x-ms-version:
      - '2018-03-28'
    method: PUT
    uri: https://pyacrstorage29f01530.queue.core.windows.net/encryptionqueue29f01530/messages/8439595f-3ef5-40f8-86f4-f94f04737e76?popreceipt=AgAAAAMAAAAAAAAAvnf5cx%2BJ1QE%3D&visibilitytimeout=0
  response:
    body:
      string: ''
    headers:
      content-length:
      - '0'
      date:
      - Tue, 22 Oct 2019 21:26:35 GMT
      server:
      - Windows-Azure-Queue/1.0 Microsoft-HTTPAPI/2.0
      x-ms-popreceipt:
      - AwAAAAMAAAAAAAAAeJcjYh+J1QEBAAAA
      x-ms-time-next-visible:
      - Tue, 22 Oct 2019 21:26:36 GMT
      x-ms-version:
      - '2018-03-28'
    status:
      code: 204
      message: No Content
- request:
    body: null
    headers:
      Accept:
      - application/xml
      Accept-Encoding:
      - gzip, deflate
      Connection:
      - keep-alive
      User-Agent:
      - azsdk-python-storage-queue/12.0.0b4 Python/3.7.3 (Windows-10-10.0.17763-SP0)
      x-ms-date:
      - Tue, 22 Oct 2019 21:26:37 GMT
      x-ms-version:
      - '2018-03-28'
    method: GET
    uri: https://pyacrstorage29f01530.queue.core.windows.net/encryptionqueue29f01530/messages
  response:
    body:
      string: "\uFEFF<?xml version=\"1.0\" encoding=\"utf-8\"?><QueueMessagesList><QueueMessage><MessageId>8439595f-3ef5-40f8-86f4-f94f04737e76</MessageId><InsertionTime>Tue,
        22 Oct 2019 21:26:35 GMT</InsertionTime><ExpirationTime>Tue, 29 Oct 2019 21:26:35
        GMT</ExpirationTime><PopReceipt>AgAAAAMAAAAAAAAAyfUUdB+J1QE=</PopReceipt><TimeNextVisible>Tue,
        22 Oct 2019 21:27:06 GMT</TimeNextVisible><DequeueCount>2</DequeueCount><MessageText>{\"EncryptedMessageContents\":
        \"grl/p/AMSUVH2ytcA21geQ==\", \"EncryptionData\": {\"WrappedContentKey\":
        {\"KeyId\": \"key1\", \"EncryptedKey\": \"0q+51dH3Naf/gVXCxJtTyQmmSRBPghjSPa4Lxg3DnHhZyc1RpUDuVA==\",
        \"Algorithm\": \"A256KW\"}, \"EncryptionAgent\": {\"Protocol\": \"1.0\", \"EncryptionAlgorithm\":
        \"AES_CBC_256\"}, \"ContentEncryptionIV\": \"qTYY6Zr6HEkTtgRQMg14kQ==\", \"KeyWrappingMetadata\":
        {\"EncryptionLibrary\": \"Python 12.0.0b4\"}}}</MessageText></QueueMessage></QueueMessagesList>"
    headers:
      cache-control:
      - no-cache
      content-type:
      - application/xml
      date:
      - Tue, 22 Oct 2019 21:26:35 GMT
      server:
      - Windows-Azure-Queue/1.0 Microsoft-HTTPAPI/2.0
      transfer-encoding:
      - chunked
      x-ms-version:
      - '2018-03-28'
    status:
      code: 200
      message: OK
version: 1
