interactions:
- request:
    body: null
    headers:
      Accept:
      - '*/*'
      Accept-Encoding:
      - gzip, deflate
      Connection:
      - keep-alive
      Content-Length:
      - '0'
      User-Agent:
      - python/3.6.5 (Darwin-16.7.0-x86_64-i386-64bit) azure-core/0.0.1
      x-ms-client-request-id:
      - 2a7b79d8-952a-11e9-99dd-f45c89a7d159
      x-ms-date:
      - Sat, 22 Jun 2019 20:13:14 GMT
      x-ms-version:
      - '2018-03-28'
    method: PUT
    uri: https://remotestoragename.queue.core.windows.net/pythonqueuef853140e
  response:
    body:
      string: ''
    headers:
      Content-Length:
      - '0'
      Date:
      - Sat, 22 Jun 2019 20:13:14 GMT
      Server:
      - Windows-Azure-Queue/1.0 Microsoft-HTTPAPI/2.0
      x-ms-request-id:
      - 2bbaa09e-e003-000b-2636-297c74000000
      x-ms-version:
      - '2018-03-28'
    status:
      code: 201
      message: Created
- request:
    body: "<?xml version='1.0' encoding='utf-8'?>\n<QueueMessage><MessageText>message1\u3688\
      </MessageText></QueueMessage>"
    headers:
      Accept:
      - application/xml
      Accept-Encoding:
      - gzip, deflate
      Connection:
      - keep-alive
      Content-Length:
      - '106'
      Content-Type:
      - application/xml; charset=utf-8
      User-Agent:
      - python/3.6.5 (Darwin-16.7.0-x86_64-i386-64bit) azure-core/0.0.1
      x-ms-client-request-id:
      - 2a9e84e4-952a-11e9-b4d7-f45c89a7d159
      x-ms-date:
      - Sat, 22 Jun 2019 20:13:14 GMT
      x-ms-version:
      - '2018-03-28'
    method: POST
    uri: https://remotestoragename.queue.core.windows.net/pythonqueuef853140e/messages
  response:
    body:
      string: "\uFEFF<?xml version=\"1.0\" encoding=\"utf-8\"?><QueueMessagesList><QueueMessage><MessageId>956db5c6-f895-42bf-8d30-606350ee9015</MessageId><InsertionTime>Sat,\
        \ 22 Jun 2019 20:13:14 GMT</InsertionTime><ExpirationTime>Sat, 29 Jun 2019\
        \ 20:13:14 GMT</ExpirationTime><PopReceipt>AgAAAAMAAAAAAAAAH5Zu7DYp1QE=</PopReceipt><TimeNextVisible>Sat,\
        \ 22 Jun 2019 20:13:14 GMT</TimeNextVisible></QueueMessage></QueueMessagesList>"
    headers:
      Content-Type:
      - application/xml
      Date:
      - Sat, 22 Jun 2019 20:13:14 GMT
      Server:
      - Windows-Azure-Queue/1.0 Microsoft-HTTPAPI/2.0
      Transfer-Encoding:
      - chunked
      x-ms-request-id:
      - 2bbaa0a7-e003-000b-2d36-297c74000000
      x-ms-version:
      - '2018-03-28'
    status:
      code: 201
      message: Created
- request:
    body: null
    headers:
      Accept:
      - application/xml
      Accept-Encoding:
      - gzip, deflate
      Connection:
      - keep-alive
      User-Agent:
      - python/3.6.5 (Darwin-16.7.0-x86_64-i386-64bit) azure-core/0.0.1
      x-ms-client-request-id:
      - 2ab19e62-952a-11e9-98cf-f45c89a7d159
      x-ms-date:
      - Sat, 22 Jun 2019 20:13:14 GMT
      x-ms-version:
      - '2018-03-28'
    method: GET
    uri: https://remotestoragename.queue.core.windows.net/pythonqueuef853140e/messages
  response:
    body:
      string: "\uFEFF<?xml version=\"1.0\" encoding=\"utf-8\"?><QueueMessagesList><QueueMessage><MessageId>956db5c6-f895-42bf-8d30-606350ee9015</MessageId><InsertionTime>Sat,\
        \ 22 Jun 2019 20:13:14 GMT</InsertionTime><ExpirationTime>Sat, 29 Jun 2019\
        \ 20:13:14 GMT</ExpirationTime><PopReceipt>AgAAAAMAAAAAAAAAA3hY/jYp1QE=</PopReceipt><TimeNextVisible>Sat,\
        \ 22 Jun 2019 20:13:44 GMT</TimeNextVisible><DequeueCount>1</DequeueCount><MessageText>message1\u3688\
        </MessageText></QueueMessage></QueueMessagesList>"
    headers:
      Cache-Control:
      - no-cache
      Content-Type:
      - application/xml
      Date:
      - Sat, 22 Jun 2019 20:13:14 GMT
      Server:
      - Windows-Azure-Queue/1.0 Microsoft-HTTPAPI/2.0
      Transfer-Encoding:
      - chunked
      Vary:
      - Origin
      x-ms-request-id:
      - 2bbaa0ad-e003-000b-3336-297c74000000
      x-ms-version:
      - '2018-03-28'
    status:
      code: 200
      message: OK
- request:
    body: null
    headers:
      Accept:
      - '*/*'
      Accept-Encoding:
      - gzip, deflate
      Connection:
      - keep-alive
      Content-Length:
      - '0'
      User-Agent:
      - python/3.6.5 (Darwin-16.7.0-x86_64-i386-64bit) azure-core/0.0.1
      x-ms-client-request-id:
      - e849c65c-952a-11e9-9679-f45c89a7d159
      x-ms-date:
      - Sat, 22 Jun 2019 20:18:32 GMT
      x-ms-version:
      - '2018-03-28'
    method: PUT
    uri: https://storagename.queue.core.windows.net/pythonqueuef853140e
  response:
    body:
      string: ''
    headers:
      Content-Length:
      - '0'
      Date:
      - Sat, 22 Jun 2019 20:18:32 GMT
      Server:
      - Windows-Azure-Queue/1.0 Microsoft-HTTPAPI/2.0
      x-ms-request-id:
      - 47478cc5-2003-00da-2f37-29c12b000000
      x-ms-version:
      - '2018-03-28'
    status:
      code: 201
      message: Created
- request:
    body: "<?xml version='1.0' encoding='utf-8'?>\n<QueueMessage><MessageText>message1\u3688\
      </MessageText></QueueMessage>"
    headers:
      Accept:
      - application/xml
      Accept-Encoding:
      - gzip, deflate
      Connection:
      - keep-alive
      Content-Length:
      - '106'
      Content-Type:
      - application/xml; charset=utf-8
      User-Agent:
      - python/3.6.5 (Darwin-16.7.0-x86_64-i386-64bit) azure-core/0.0.1
      x-ms-client-request-id:
      - e86c73d2-952a-11e9-969c-f45c89a7d159
      x-ms-date:
      - Sat, 22 Jun 2019 20:18:33 GMT
      x-ms-version:
      - '2018-03-28'
    method: POST
    uri: https://storagename.queue.core.windows.net/pythonqueuef853140e/messages
  response:
    body:
      string: "\uFEFF<?xml version=\"1.0\" encoding=\"utf-8\"?><QueueMessagesList><QueueMessage><MessageId>42cd8c38-9c3d-477e-bf38-f94812824644</MessageId><InsertionTime>Sat,\
        \ 22 Jun 2019 20:18:33 GMT</InsertionTime><ExpirationTime>Sat, 29 Jun 2019\
        \ 20:18:33 GMT</ExpirationTime><PopReceipt>AgAAAAMAAAAAAAAA8Zxpqjcp1QE=</PopReceipt><TimeNextVisible>Sat,\
        \ 22 Jun 2019 20:18:33 GMT</TimeNextVisible></QueueMessage></QueueMessagesList>"
    headers:
      Content-Type:
      - application/xml
      Date:
      - Sat, 22 Jun 2019 20:18:33 GMT
      Server:
      - Windows-Azure-Queue/1.0 Microsoft-HTTPAPI/2.0
      Transfer-Encoding:
      - chunked
      x-ms-request-id:
      - 47478cda-2003-00da-3f37-29c12b000000
      x-ms-version:
      - '2018-03-28'
    status:
      code: 201
      message: Created
- request:
    body: null
    headers:
      Accept:
      - application/xml
      Accept-Encoding:
      - gzip, deflate
      Connection:
      - keep-alive
      User-Agent:
      - python/3.6.5 (Darwin-16.7.0-x86_64-i386-64bit) azure-core/0.0.1
      x-ms-client-request-id:
      - e8abd8ec-952a-11e9-9b7f-f45c89a7d159
      x-ms-date:
      - Sat, 22 Jun 2019 20:18:33 GMT
      x-ms-version:
      - '2018-03-28'
    method: GET
    uri: https://storagename.queue.core.windows.net/pythonqueuef853140e/messages
  response:
    body:
      string: "\uFEFF<?xml version=\"1.0\" encoding=\"utf-8\"?><QueueMessagesList><QueueMessage><MessageId>42cd8c38-9c3d-477e-bf38-f94812824644</MessageId><InsertionTime>Sat,\
        \ 22 Jun 2019 20:18:33 GMT</InsertionTime><ExpirationTime>Sat, 29 Jun 2019\
        \ 20:18:33 GMT</ExpirationTime><PopReceipt>AgAAAAMAAAAAAAAAEKJVvDcp1QE=</PopReceipt><TimeNextVisible>Sat,\
        \ 22 Jun 2019 20:19:03 GMT</TimeNextVisible><DequeueCount>1</DequeueCount><MessageText>message1\u3688\
        </MessageText></QueueMessage></QueueMessagesList>"
    headers:
      Cache-Control:
      - no-cache
      Content-Type:
      - application/xml
      Date:
      - Sat, 22 Jun 2019 20:18:33 GMT
      Server:
      - Windows-Azure-Queue/1.0 Microsoft-HTTPAPI/2.0
      Transfer-Encoding:
      - chunked
      Vary:
      - Origin
      x-ms-request-id:
      - 47478d69-2003-00da-4137-29c12b000000
      x-ms-version:
      - '2018-03-28'
    status:
      code: 200
      message: OK
- request:
    body: null
    headers:
      Accept:
      - '*/*'
      Accept-Encoding:
      - gzip, deflate
      Connection:
      - keep-alive
      Content-Length:
      - '0'
      User-Agent:
      - python/3.6.5 (Darwin-16.7.0-x86_64-i386-64bit) azure-core/0.0.1
      x-ms-client-request-id:
      - 83903c18-952b-11e9-9037-f45c89a7d159
      x-ms-date:
      - Sat, 22 Jun 2019 20:22:53 GMT
      x-ms-version:
      - '2018-03-28'
    method: PUT
    uri: https://storagename.queue.core.windows.net/pythonqueuef853140e
  response:
    body:
      string: ''
    headers:
      Content-Length:
      - '0'
      Date:
      - Sat, 22 Jun 2019 20:22:53 GMT
      Server:
      - Windows-Azure-Queue/1.0 Microsoft-HTTPAPI/2.0
      x-ms-request-id:
      - e34992d3-5003-007f-4f38-29fa32000000
      x-ms-version:
      - '2018-03-28'
    status:
      code: 201
      message: Created
- request:
    body: "<?xml version='1.0' encoding='utf-8'?>\n<QueueMessage><MessageText>message1\u3688\
      </MessageText></QueueMessage>"
    headers:
      Accept:
      - application/xml
      Accept-Encoding:
      - gzip, deflate
      Connection:
      - keep-alive
      Content-Length:
      - '106'
      Content-Type:
      - application/xml; charset=utf-8
      User-Agent:
      - python/3.6.5 (Darwin-16.7.0-x86_64-i386-64bit) azure-core/0.0.1
      x-ms-client-request-id:
      - 83b12a7a-952b-11e9-98e8-f45c89a7d159
      x-ms-date:
      - Sat, 22 Jun 2019 20:22:53 GMT
      x-ms-version:
      - '2018-03-28'
    method: POST
    uri: https://storagename.queue.core.windows.net/pythonqueuef853140e/messages
  response:
    body:
      string: "\uFEFF<?xml version=\"1.0\" encoding=\"utf-8\"?><QueueMessagesList><QueueMessage><MessageId>39309ea3-92b4-4ee0-8dfc-bfa68648af54</MessageId><InsertionTime>Sat,\
        \ 22 Jun 2019 20:22:54 GMT</InsertionTime><ExpirationTime>Sat, 29 Jun 2019\
        \ 20:22:54 GMT</ExpirationTime><PopReceipt>AgAAAAMAAAAAAAAAauyuRTgp1QE=</PopReceipt><TimeNextVisible>Sat,\
        \ 22 Jun 2019 20:22:54 GMT</TimeNextVisible></QueueMessage></QueueMessagesList>"
    headers:
      Content-Type:
      - application/xml
      Date:
      - Sat, 22 Jun 2019 20:22:54 GMT
      Server:
      - Windows-Azure-Queue/1.0 Microsoft-HTTPAPI/2.0
      Transfer-Encoding:
      - chunked
      x-ms-request-id:
      - e34992db-5003-007f-5538-29fa32000000
      x-ms-version:
      - '2018-03-28'
    status:
      code: 201
      message: Created
- request:
    body: null
    headers:
      Accept:
      - application/xml
      Accept-Encoding:
      - gzip, deflate
      Connection:
      - keep-alive
      User-Agent:
      - python/3.6.5 (Darwin-16.7.0-x86_64-i386-64bit) azure-core/0.0.1
      x-ms-client-request-id:
      - 83f0c038-952b-11e9-812c-f45c89a7d159
      x-ms-date:
      - Sat, 22 Jun 2019 20:22:54 GMT
      x-ms-version:
      - '2018-03-28'
    method: GET
    uri: https://storagename.queue.core.windows.net/pythonqueuef853140e/messages
  response:
    body:
      string: "\uFEFF<?xml version=\"1.0\" encoding=\"utf-8\"?><QueueMessagesList><QueueMessage><MessageId>39309ea3-92b4-4ee0-8dfc-bfa68648af54</MessageId><InsertionTime>Sat,\
        \ 22 Jun 2019 20:22:54 GMT</InsertionTime><ExpirationTime>Sat, 29 Jun 2019\
        \ 20:22:54 GMT</ExpirationTime><PopReceipt>AgAAAAMAAAAAAAAA7d+ZVzgp1QE=</PopReceipt><TimeNextVisible>Sat,\
        \ 22 Jun 2019 20:23:24 GMT</TimeNextVisible><DequeueCount>1</DequeueCount><MessageText>message1\u3688\
        </MessageText></QueueMessage></QueueMessagesList>"
    headers:
      Cache-Control:
      - no-cache
      Content-Type:
      - application/xml
      Date:
      - Sat, 22 Jun 2019 20:22:54 GMT
      Server:
      - Windows-Azure-Queue/1.0 Microsoft-HTTPAPI/2.0
      Transfer-Encoding:
      - chunked
      Vary:
      - Origin
      x-ms-request-id:
      - e3499307-5003-007f-7e38-29fa32000000
      x-ms-version:
      - '2018-03-28'
    status:
      code: 200
      message: OK
- request:
    body: null
    headers:
      Accept:
      - '*/*'
      Accept-Encoding:
      - gzip, deflate
      Connection:
      - keep-alive
      Content-Length:
      - '0'
      User-Agent:
      - python/3.6.5 (Darwin-16.7.0-x86_64-i386-64bit) azure-core/0.0.1
      x-ms-client-request-id:
      - c6be41e8-952d-11e9-b18f-f45c89a7d159
      x-ms-date:
      - Sat, 22 Jun 2019 20:39:05 GMT
      x-ms-version:
      - '2018-03-28'
    method: PUT
    uri: https://storagename.queue.core.windows.net/pythonqueuef853140e
  response:
    body:
      string: ''
    headers:
      Content-Length:
      - '0'
      Date:
      - Sat, 22 Jun 2019 20:39:04 GMT
      Server:
      - Windows-Azure-Queue/1.0 Microsoft-HTTPAPI/2.0
      x-ms-request-id:
      - 4041e8ee-6003-00dd-0c3a-2937ae000000
      x-ms-version:
      - '2018-03-28'
    status:
      code: 201
      message: Created
- request:
    body: "<?xml version='1.0' encoding='utf-8'?>\n<QueueMessage><MessageText>message1\u3688\
      </MessageText></QueueMessage>"
    headers:
      Accept:
      - application/xml
      Accept-Encoding:
      - gzip, deflate
      Connection:
      - keep-alive
      Content-Length:
      - '106'
      Content-Type:
      - application/xml; charset=utf-8
      User-Agent:
      - python/3.6.5 (Darwin-16.7.0-x86_64-i386-64bit) azure-core/0.0.1
      x-ms-client-request-id:
      - c6de6b28-952d-11e9-84dd-f45c89a7d159
      x-ms-date:
      - Sat, 22 Jun 2019 20:39:05 GMT
      x-ms-version:
      - '2018-03-28'
    method: POST
    uri: https://storagename.queue.core.windows.net/pythonqueuef853140e/messages
  response:
    body:
      string: "\uFEFF<?xml version=\"1.0\" encoding=\"utf-8\"?><QueueMessagesList><QueueMessage><MessageId>0eebaf54-9a63-4c31-bba6-efdd77552edc</MessageId><InsertionTime>Sat,\
        \ 22 Jun 2019 20:39:05 GMT</InsertionTime><ExpirationTime>Sat, 29 Jun 2019\
        \ 20:39:05 GMT</ExpirationTime><PopReceipt>AgAAAAMAAAAAAAAAgrS5iDop1QE=</PopReceipt><TimeNextVisible>Sat,\
        \ 22 Jun 2019 20:39:05 GMT</TimeNextVisible></QueueMessage></QueueMessagesList>"
    headers:
      Content-Type:
      - application/xml
      Date:
      - Sat, 22 Jun 2019 20:39:04 GMT
      Server:
      - Windows-Azure-Queue/1.0 Microsoft-HTTPAPI/2.0
      Transfer-Encoding:
      - chunked
      x-ms-request-id:
      - 4041e8f5-6003-00dd-113a-2937ae000000
      x-ms-version:
      - '2018-03-28'
    status:
      code: 201
      message: Created
- request:
    body: null
    headers:
      Accept:
      - application/xml
      Accept-Encoding:
      - gzip, deflate
      Connection:
      - keep-alive
      User-Agent:
      - python/3.6.5 (Darwin-16.7.0-x86_64-i386-64bit) azure-core/0.0.1
      x-ms-client-request-id:
      - c6faf5f4-952d-11e9-9408-f45c89a7d159
      x-ms-date:
      - Sat, 22 Jun 2019 20:39:05 GMT
      x-ms-version:
      - '2018-03-28'
    method: GET
    uri: https://storagename.queue.core.windows.net/pythonqueuef853140e/messages
  response:
    body:
      string: "\uFEFF<?xml version=\"1.0\" encoding=\"utf-8\"?><QueueMessagesList><QueueMessage><MessageId>0eebaf54-9a63-4c31-bba6-efdd77552edc</MessageId><InsertionTime>Sat,\
        \ 22 Jun 2019 20:39:05 GMT</InsertionTime><ExpirationTime>Sat, 29 Jun 2019\
        \ 20:39:05 GMT</ExpirationTime><PopReceipt>AgAAAAMAAAAAAAAAZESlmjop1QE=</PopReceipt><TimeNextVisible>Sat,\
        \ 22 Jun 2019 20:39:35 GMT</TimeNextVisible><DequeueCount>1</DequeueCount><MessageText>message1\u3688\
        </MessageText></QueueMessage></QueueMessagesList>"
    headers:
      Cache-Control:
      - no-cache
      Content-Type:
      - application/xml
      Date:
      - Sat, 22 Jun 2019 20:39:04 GMT
      Server:
      - Windows-Azure-Queue/1.0 Microsoft-HTTPAPI/2.0
      Transfer-Encoding:
      - chunked
      Vary:
      - Origin
      x-ms-request-id:
      - 4041e90d-6003-00dd-233a-2937ae000000
      x-ms-version:
      - '2018-03-28'
    status:
      code: 200
      message: OK
version: 1
