interactions:
- request:
    body: null
    headers:
      Accept:
      - '*/*'
      Accept-Encoding:
      - gzip, deflate
      Connection:
      - keep-alive
      Content-Length:
      - '0'
      User-Agent:
      - azsdk-python-storage-queue/12.0.0b4 Python/3.7.3 (Windows-10-10.0.17763-SP0)
      x-ms-date:
      - Tue, 22 Oct 2019 21:19:26 GMT
      x-ms-version:
      - '2018-03-28'
    method: PUT
    uri: https://pyacrstoragebf740c50.queue.core.windows.net/pythonqueuebf740c50
  response:
    body:
      string: ''
    headers:
      content-length:
      - '0'
      date:
      - Tue, 22 Oct 2019 21:19:25 GMT
      server:
      - Windows-Azure-Queue/1.0 Microsoft-HTTPAPI/2.0
      x-ms-version:
      - '2018-03-28'
    status:
      code: 201
      message: Created
- request:
    body: '<?xml version=''1.0'' encoding=''utf-8''?>

      <QueueMessage><MessageText>message1</MessageText></QueueMessage>'
    headers:
      Accept:
      - application/xml
      Accept-Encoding:
      - gzip, deflate
      Connection:
      - keep-alive
      Content-Length:
      - '103'
      Content-Type:
      - application/xml; charset=utf-8
      User-Agent:
      - azsdk-python-storage-queue/12.0.0b4 Python/3.7.3 (Windows-10-10.0.17763-SP0)
      x-ms-date:
      - Tue, 22 Oct 2019 21:19:26 GMT
      x-ms-version:
      - '2018-03-28'
    method: POST
    uri: https://pyacrstoragebf740c50.queue.core.windows.net/pythonqueuebf740c50/messages
  response:
    body:
      string: "\uFEFF<?xml version=\"1.0\" encoding=\"utf-8\"?><QueueMessagesList><QueueMessage><MessageId>d1017b87-684d-4456-8385-85260064251f</MessageId><InsertionTime>Tue,
        22 Oct 2019 21:19:25 GMT</InsertionTime><ExpirationTime>Tue, 29 Oct 2019 21:19:25
        GMT</ExpirationTime><PopReceipt>AgAAAAMAAAAAAAAA80GAYR6J1QE=</PopReceipt><TimeNextVisible>Tue,
        22 Oct 2019 21:19:25 GMT</TimeNextVisible></QueueMessage></QueueMessagesList>"
    headers:
      content-type:
      - application/xml
      date:
      - Tue, 22 Oct 2019 21:19:25 GMT
      server:
      - Windows-Azure-Queue/1.0 Microsoft-HTTPAPI/2.0
      transfer-encoding:
      - chunked
      x-ms-version:
      - '2018-03-28'
    status:
      code: 201
      message: Created
- request:
    body: '<?xml version=''1.0'' encoding=''utf-8''?>

      <QueueMessage><MessageText>message2</MessageText></QueueMessage>'
    headers:
      Accept:
      - application/xml
      Accept-Encoding:
      - gzip, deflate
      Connection:
      - keep-alive
      Content-Length:
      - '103'
      Content-Type:
      - application/xml; charset=utf-8
      User-Agent:
      - azsdk-python-storage-queue/12.0.0b4 Python/3.7.3 (Windows-10-10.0.17763-SP0)
      x-ms-date:
      - Tue, 22 Oct 2019 21:19:26 GMT
      x-ms-version:
      - '2018-03-28'
    method: POST
    uri: https://pyacrstoragebf740c50.queue.core.windows.net/pythonqueuebf740c50/messages
  response:
    body:
      string: "\uFEFF<?xml version=\"1.0\" encoding=\"utf-8\"?><QueueMessagesList><QueueMessage><MessageId>4681956d-31fe-4bc0-96ae-1f4d24e2f243</MessageId><InsertionTime>Tue,
        22 Oct 2019 21:19:25 GMT</InsertionTime><ExpirationTime>Tue, 29 Oct 2019 21:19:25
        GMT</ExpirationTime><PopReceipt>AgAAAAMAAAAAAAAAmDyNYR6J1QE=</PopReceipt><TimeNextVisible>Tue,
        22 Oct 2019 21:19:25 GMT</TimeNextVisible></QueueMessage></QueueMessagesList>"
    headers:
      content-type:
      - application/xml
      date:
      - Tue, 22 Oct 2019 21:19:25 GMT
      server:
      - Windows-Azure-Queue/1.0 Microsoft-HTTPAPI/2.0
      transfer-encoding:
      - chunked
      x-ms-version:
      - '2018-03-28'
    status:
      code: 201
      message: Created
- request:
    body: '<?xml version=''1.0'' encoding=''utf-8''?>

      <QueueMessage><MessageText>message3</MessageText></QueueMessage>'
    headers:
      Accept:
      - application/xml
      Accept-Encoding:
      - gzip, deflate
      Connection:
      - keep-alive
      Content-Length:
      - '103'
      Content-Type:
      - application/xml; charset=utf-8
      User-Agent:
      - azsdk-python-storage-queue/12.0.0b4 Python/3.7.3 (Windows-10-10.0.17763-SP0)
      x-ms-date:
      - Tue, 22 Oct 2019 21:19:26 GMT
      x-ms-version:
      - '2018-03-28'
    method: POST
    uri: https://pyacrstoragebf740c50.queue.core.windows.net/pythonqueuebf740c50/messages
  response:
    body:
      string: "\uFEFF<?xml version=\"1.0\" encoding=\"utf-8\"?><QueueMessagesList><QueueMessage><MessageId>dfe28d9e-f21a-4b58-927c-b19f5bf6d488</MessageId><InsertionTime>Tue,
        22 Oct 2019 21:19:25 GMT</InsertionTime><ExpirationTime>Tue, 29 Oct 2019 21:19:25
        GMT</ExpirationTime><PopReceipt>AgAAAAMAAAAAAAAARjeaYR6J1QE=</PopReceipt><TimeNextVisible>Tue,
        22 Oct 2019 21:19:25 GMT</TimeNextVisible></QueueMessage></QueueMessagesList>"
    headers:
      content-type:
      - application/xml
      date:
      - Tue, 22 Oct 2019 21:19:25 GMT
      server:
      - Windows-Azure-Queue/1.0 Microsoft-HTTPAPI/2.0
      transfer-encoding:
      - chunked
      x-ms-version:
      - '2018-03-28'
    status:
      code: 201
      message: Created
- request:
    body: '<?xml version=''1.0'' encoding=''utf-8''?>

      <QueueMessage><MessageText>message4</MessageText></QueueMessage>'
    headers:
      Accept:
      - application/xml
      Accept-Encoding:
      - gzip, deflate
      Connection:
      - keep-alive
      Content-Length:
      - '103'
      Content-Type:
      - application/xml; charset=utf-8
      User-Agent:
      - azsdk-python-storage-queue/12.0.0b4 Python/3.7.3 (Windows-10-10.0.17763-SP0)
      x-ms-date:
      - Tue, 22 Oct 2019 21:19:26 GMT
      x-ms-version:
      - '2018-03-28'
    method: POST
    uri: https://pyacrstoragebf740c50.queue.core.windows.net/pythonqueuebf740c50/messages
  response:
    body:
      string: "\uFEFF<?xml version=\"1.0\" encoding=\"utf-8\"?><QueueMessagesList><QueueMessage><MessageId>5bcc1402-58ae-4bea-9a39-40d3bfb86c54</MessageId><InsertionTime>Tue,
        22 Oct 2019 21:19:25 GMT</InsertionTime><ExpirationTime>Tue, 29 Oct 2019 21:19:25
        GMT</ExpirationTime><PopReceipt>AgAAAAMAAAAAAAAACQepYR6J1QE=</PopReceipt><TimeNextVisible>Tue,
        22 Oct 2019 21:19:25 GMT</TimeNextVisible></QueueMessage></QueueMessagesList>"
    headers:
      content-type:
      - application/xml
      date:
      - Tue, 22 Oct 2019 21:19:25 GMT
      server:
      - Windows-Azure-Queue/1.0 Microsoft-HTTPAPI/2.0
      transfer-encoding:
      - chunked
      x-ms-version:
      - '2018-03-28'
    status:
      code: 201
      message: Created
- request:
    body: null
    headers:
      Accept:
      - '*/*'
      Accept-Encoding:
      - gzip, deflate
      Connection:
      - keep-alive
      Content-Length:
      - '0'
      User-Agent:
      - azsdk-python-storage-queue/12.0.0b4 Python/3.7.3 (Windows-10-10.0.17763-SP0)
      x-ms-date:
      - Tue, 22 Oct 2019 21:19:26 GMT
      x-ms-version:
      - '2018-03-28'
    method: DELETE
    uri: https://pyacrstoragebf740c50.queue.core.windows.net/pythonqueuebf740c50/messages
  response:
    body:
      string: ''
    headers:
      content-length:
      - '0'
      date:
      - Tue, 22 Oct 2019 21:19:25 GMT
      server:
      - Windows-Azure-Queue/1.0 Microsoft-HTTPAPI/2.0
      x-ms-version:
      - '2018-03-28'
    status:
      code: 204
      message: No Content
- request:
    body: null
    headers:
      Accept:
      - application/xml
      Accept-Encoding:
      - gzip, deflate
      Connection:
      - keep-alive
      User-Agent:
      - azsdk-python-storage-queue/12.0.0b4 Python/3.7.3 (Windows-10-10.0.17763-SP0)
      x-ms-date:
      - Tue, 22 Oct 2019 21:19:27 GMT
      x-ms-version:
      - '2018-03-28'
    method: GET
    uri: https://pyacrstoragebf740c50.queue.core.windows.net/pythonqueuebf740c50/messages?peekonly=true
  response:
    body:
      string: "\uFEFF<?xml version=\"1.0\" encoding=\"utf-8\"?><QueueMessagesList
        />"
    headers:
      cache-control:
      - no-cache
      content-type:
      - application/xml
      date:
      - Tue, 22 Oct 2019 21:19:25 GMT
      server:
      - Windows-Azure-Queue/1.0 Microsoft-HTTPAPI/2.0
      transfer-encoding:
      - chunked
      x-ms-version:
      - '2018-03-28'
    status:
      code: 200
      message: OK
version: 1
