interactions:
- request:
    body: null
    headers:
      Accept:
      - '*/*'
      Accept-Encoding:
      - gzip, deflate
      Connection:
      - keep-alive
      Content-Length:
      - '0'
      User-Agent:
      - azsdk-python-storage-queue/12.0.0b2 Python/3.7.3 (Windows-10-10.0.17763-SP0)
      content-type:
      - application/xml; charset=utf-8
      x-ms-date:
      - Wed, 21 Aug 2019 22:47:12 GMT
      x-ms-version:
      - '2018-03-28'
    method: PUT
    uri: https://pyacrstoraged7de1393.queue.core.windows.net/encryptionqueued7de1393
  response:
    body:
      string: ''
    headers:
      content-length:
      - '0'
      date:
      - Wed, 21 Aug 2019 22:47:15 GMT
      server:
      - Windows-Azure-Queue/1.0 Microsoft-HTTPAPI/2.0
      x-ms-version:
      - '2018-03-28'
    status:
      code: 201
      message: Created
- request:
    body: '<?xml version=''1.0'' encoding=''utf-8''?>

      <QueueMessage><MessageText>message</MessageText></QueueMessage>'
    headers:
      Accept:
      - application/xml
      Accept-Encoding:
      - gzip, deflate
      Connection:
      - keep-alive
      Content-Length:
      - '102'
      Content-Type:
      - application/xml; charset=utf-8
      User-Agent:
      - azsdk-python-storage-queue/12.0.0b2 Python/3.7.3 (Windows-10-10.0.17763-SP0)
      x-ms-date:
      - Wed, 21 Aug 2019 22:47:18 GMT
      x-ms-version:
      - '2018-03-28'
    method: POST
    uri: https://pyacrstoraged7de1393.queue.core.windows.net/encryptionqueued7de1393/messages
  response:
    body:
      string: "\uFEFF<?xml version=\"1.0\" encoding=\"utf-8\"?><QueueMessagesList><QueueMessage><MessageId>c7769e84-d24b-4607-97a8-2b78c113dc32</MessageId><InsertionTime>Wed,
        21 Aug 2019 22:47:16 GMT</InsertionTime><ExpirationTime>Wed, 28 Aug 2019 22:47:16
        GMT</ExpirationTime><PopReceipt>AgAAAAMAAAAAAAAA9H6TYXJY1QE=</PopReceipt><TimeNextVisible>Wed,
        21 Aug 2019 22:47:16 GMT</TimeNextVisible></QueueMessage></QueueMessagesList>"
    headers:
      content-type:
      - application/xml
      date:
      - Wed, 21 Aug 2019 22:47:15 GMT
      server:
      - Windows-Azure-Queue/1.0 Microsoft-HTTPAPI/2.0
      transfer-encoding:
      - chunked
      x-ms-version:
      - '2018-03-28'
    status:
      code: 201
      message: Created
- request:
    body: null
    headers:
      Accept:
      - application/xml
      Accept-Encoding:
      - gzip, deflate
      Connection:
      - keep-alive
      User-Agent:
      - azsdk-python-storage-queue/12.0.0b2 Python/3.7.3 (Windows-10-10.0.17763-SP0)
      content-type:
      - application/xml; charset=utf-8
      x-ms-date:
      - Wed, 21 Aug 2019 22:47:18 GMT
      x-ms-version:
      - '2018-03-28'
    method: GET
    uri: https://pyacrstoraged7de1393.queue.core.windows.net/encryptionqueued7de1393/messages
  response:
    body:
      string: "\uFEFF<?xml version=\"1.0\" encoding=\"utf-8\"?><QueueMessagesList><QueueMessage><MessageId>c7769e84-d24b-4607-97a8-2b78c113dc32</MessageId><InsertionTime>Wed,
        21 Aug 2019 22:47:16 GMT</InsertionTime><ExpirationTime>Wed, 28 Aug 2019 22:47:16
        GMT</ExpirationTime><PopReceipt>AgAAAAMAAAAAAAAAfpl+c3JY1QE=</PopReceipt><TimeNextVisible>Wed,
        21 Aug 2019 22:47:46 GMT</TimeNextVisible><DequeueCount>1</DequeueCount><MessageText>message</MessageText></QueueMessage></QueueMessagesList>"
    headers:
      cache-control:
      - no-cache
      content-type:
      - application/xml
      date:
      - Wed, 21 Aug 2019 22:47:15 GMT
      server:
      - Windows-Azure-Queue/1.0 Microsoft-HTTPAPI/2.0
      transfer-encoding:
      - chunked
      x-ms-version:
      - '2018-03-28'
    status:
      code: 200
      message: OK
version: 1
