interactions:
- request:
    body: null
    headers:
      Accept:
      - '*/*'
      Accept-Encoding:
      - gzip, deflate
      Connection:
      - keep-alive
      Content-Length:
      - '0'
      User-Agent:
      - azsdk-python-storage-queue/12.0.0b2 Python/3.7.3 (Windows-10-10.0.17763-SP0)
      content-type:
      - application/xml; charset=utf-8
      x-ms-date:
      - Wed, 21 Aug 2019 22:47:53 GMT
      x-ms-version:
      - '2018-03-28'
    method: PUT
    uri: https://pyacrstoragefc3a18fd.queue.core.windows.net/encryptionqueuefc3a18fd
  response:
    body:
      string: ''
    headers:
      content-length:
      - '0'
      date:
      - Wed, 21 Aug 2019 22:47:52 GMT
      server:
      - Windows-Azure-Queue/1.0 Microsoft-HTTPAPI/2.0
      x-ms-version:
      - '2018-03-28'
    status:
      code: 201
      message: Created
- request:
    body: '<?xml version=''1.0'' encoding=''utf-8''?>

      <QueueMessage><MessageText>{"EncryptedMessageContents": "SPNWvCJ0rhlxRY4OwqrYCg==",
      "EncryptionData": {"WrappedContentKey": {"KeyId": "key1", "EncryptedKey": "a4T6fqIF51IdnGiIzwmN7J0QnPSL3kMFX2NTtgrBRlT67qf7y31Qdg==",
      "Algorithm": "A256KW"}, "EncryptionAgent": {"Protocol": "1.0", "EncryptionAlgorithm":
      "AES_CBC_256"}, "ContentEncryptionIV": "qrgE9mVpl6P7NvscwuobgQ==", "KeyWrappingMetadata":
      {"EncryptionLibrary": "Python 12.0.0b2"}}}</MessageText></QueueMessage>'
    headers:
      Accept:
      - application/xml
      Accept-Encoding:
      - gzip, deflate
      Connection:
      - keep-alive
      Content-Length:
      - '504'
      Content-Type:
      - application/xml; charset=utf-8
      User-Agent:
      - azsdk-python-storage-queue/12.0.0b2 Python/3.7.3 (Windows-10-10.0.17763-SP0)
      x-ms-date:
      - Wed, 21 Aug 2019 22:47:54 GMT
      x-ms-version:
      - '2018-03-28'
    method: POST
    uri: https://pyacrstoragefc3a18fd.queue.core.windows.net/encryptionqueuefc3a18fd/messages
  response:
    body:
      string: "\uFEFF<?xml version=\"1.0\" encoding=\"utf-8\"?><QueueMessagesList><QueueMessage><MessageId>b68325c3-7c69-43d4-a716-bef081424863</MessageId><InsertionTime>Wed,
        21 Aug 2019 22:47:52 GMT</InsertionTime><ExpirationTime>Wed, 28 Aug 2019 22:47:52
        GMT</ExpirationTime><PopReceipt>AgAAAAMAAAAAAAAANs0Id3JY1QE=</PopReceipt><TimeNextVisible>Wed,
        21 Aug 2019 22:47:52 GMT</TimeNextVisible></QueueMessage></QueueMessagesList>"
    headers:
      content-type:
      - application/xml
      date:
      - Wed, 21 Aug 2019 22:47:52 GMT
      server:
      - Windows-Azure-Queue/1.0 Microsoft-HTTPAPI/2.0
      transfer-encoding:
      - chunked
      x-ms-version:
      - '2018-03-28'
    status:
      code: 201
      message: Created
- request:
    body: null
    headers:
      Accept:
      - application/xml
      Accept-Encoding:
      - gzip, deflate
      Connection:
      - keep-alive
      User-Agent:
      - azsdk-python-storage-queue/12.0.0b2 Python/3.7.3 (Windows-10-10.0.17763-SP0)
      content-type:
      - application/xml; charset=utf-8
      x-ms-date:
      - Wed, 21 Aug 2019 22:47:54 GMT
      x-ms-version:
      - '2018-03-28'
    method: GET
    uri: https://pyacrstoragefc3a18fd.queue.core.windows.net/encryptionqueuefc3a18fd/messages
  response:
    body:
      string: "\uFEFF<?xml version=\"1.0\" encoding=\"utf-8\"?><QueueMessagesList><QueueMessage><MessageId>b68325c3-7c69-43d4-a716-bef081424863</MessageId><InsertionTime>Wed,
        21 Aug 2019 22:47:52 GMT</InsertionTime><ExpirationTime>Wed, 28 Aug 2019 22:47:52
        GMT</ExpirationTime><PopReceipt>AgAAAAMAAAAAAAAAGbn3iHJY1QE=</PopReceipt><TimeNextVisible>Wed,
        21 Aug 2019 22:48:22 GMT</TimeNextVisible><DequeueCount>1</DequeueCount><MessageText>{\"EncryptedMessageContents\":
        \"SPNWvCJ0rhlxRY4OwqrYCg==\", \"EncryptionData\": {\"WrappedContentKey\":
        {\"KeyId\": \"key1\", \"EncryptedKey\": \"a4T6fqIF51IdnGiIzwmN7J0QnPSL3kMFX2NTtgrBRlT67qf7y31Qdg==\",
        \"Algorithm\": \"A256KW\"}, \"EncryptionAgent\": {\"Protocol\": \"1.0\", \"EncryptionAlgorithm\":
        \"AES_CBC_256\"}, \"ContentEncryptionIV\": \"qrgE9mVpl6P7NvscwuobgQ==\", \"KeyWrappingMetadata\":
        {\"EncryptionLibrary\": \"Python 12.0.0b2\"}}}</MessageText></QueueMessage></QueueMessagesList>"
    headers:
      cache-control:
      - no-cache
      content-type:
      - application/xml
      date:
      - Wed, 21 Aug 2019 22:47:52 GMT
      server:
      - Windows-Azure-Queue/1.0 Microsoft-HTTPAPI/2.0
      transfer-encoding:
      - chunked
      x-ms-version:
      - '2018-03-28'
    status:
      code: 200
      message: OK
- request:
    body: '<?xml version=''1.0'' encoding=''utf-8''?>

      <QueueMessage><MessageText>{"EncryptedMessageContents": "fqde/gMTts7AI7IhUjZ18g==",
      "EncryptionData": {"WrappedContentKey": {"KeyId": "key1", "EncryptedKey": "QvTGVRp3EENq4DIwiZFiUQc2XEFzDFE//d7Q01c3PDn1AtugSezcRA==",
      "Algorithm": "A256KW"}, "EncryptionAgent": {"Protocol": "1.0", "EncryptionAlgorithm":
      "AES_CBC_256"}, "ContentEncryptionIV": "ufYJsCEx7tVX4mu9oPgY6Q==", "KeyWrappingMetadata":
      {"EncryptionLibrary": "Python 12.0.0b2"}}}</MessageText></QueueMessage>'
    headers:
      Accept:
      - '*/*'
      Accept-Encoding:
      - gzip, deflate
      Connection:
      - keep-alive
      Content-Length:
      - '504'
      Content-Type:
      - application/xml; charset=utf-8
      User-Agent:
      - azsdk-python-storage-queue/12.0.0b2 Python/3.7.3 (Windows-10-10.0.17763-SP0)
      x-ms-date:
      - Wed, 21 Aug 2019 22:47:54 GMT
      x-ms-version:
      - '2018-03-28'
    method: PUT
    uri: https://pyacrstoragefc3a18fd.queue.core.windows.net/encryptionqueuefc3a18fd/messages/b68325c3-7c69-43d4-a716-bef081424863?popreceipt=AgAAAAMAAAAAAAAAGbn3iHJY1QE%3D&visibilitytimeout=0
  response:
    body:
      string: ''
    headers:
      content-length:
      - '0'
      date:
      - Wed, 21 Aug 2019 22:47:52 GMT
      server:
      - Windows-Azure-Queue/1.0 Microsoft-HTTPAPI/2.0
      x-ms-popreceipt:
      - AwAAAAMAAAAAAAAAQnggd3JY1QEBAAAA
      x-ms-time-next-visible:
      - Wed, 21 Aug 2019 22:47:52 GMT
      x-ms-version:
      - '2018-03-28'
    status:
      code: 204
      message: No Content
- request:
    body: null
    headers:
      Accept:
      - application/xml
      Accept-Encoding:
      - gzip, deflate
      Connection:
      - keep-alive
      User-Agent:
      - azsdk-python-storage-queue/12.0.0b2 Python/3.7.3 (Windows-10-10.0.17763-SP0)
      content-type:
      - application/xml; charset=utf-8
      x-ms-date:
      - Wed, 21 Aug 2019 22:47:54 GMT
      x-ms-version:
      - '2018-03-28'
    method: GET
    uri: https://pyacrstoragefc3a18fd.queue.core.windows.net/encryptionqueuefc3a18fd/messages
  response:
    body:
      string: "\uFEFF<?xml version=\"1.0\" encoding=\"utf-8\"?><QueueMessagesList><QueueMessage><MessageId>b68325c3-7c69-43d4-a716-bef081424863</MessageId><InsertionTime>Wed,
        21 Aug 2019 22:47:52 GMT</InsertionTime><ExpirationTime>Wed, 28 Aug 2019 22:47:52
        GMT</ExpirationTime><PopReceipt>AgAAAAMAAAAAAAAAPC8MiXJY1QE=</PopReceipt><TimeNextVisible>Wed,
        21 Aug 2019 22:48:22 GMT</TimeNextVisible><DequeueCount>2</DequeueCount><MessageText>{\"EncryptedMessageContents\":
        \"fqde/gMTts7AI7IhUjZ18g==\", \"EncryptionData\": {\"WrappedContentKey\":
        {\"KeyId\": \"key1\", \"EncryptedKey\": \"QvTGVRp3EENq4DIwiZFiUQc2XEFzDFE//d7Q01c3PDn1AtugSezcRA==\",
        \"Algorithm\": \"A256KW\"}, \"EncryptionAgent\": {\"Protocol\": \"1.0\", \"EncryptionAlgorithm\":
        \"AES_CBC_256\"}, \"ContentEncryptionIV\": \"ufYJsCEx7tVX4mu9oPgY6Q==\", \"KeyWrappingMetadata\":
        {\"EncryptionLibrary\": \"Python 12.0.0b2\"}}}</MessageText></QueueMessage></QueueMessagesList>"
    headers:
      cache-control:
      - no-cache
      content-type:
      - application/xml
      date:
      - Wed, 21 Aug 2019 22:47:52 GMT
      server:
      - Windows-Azure-Queue/1.0 Microsoft-HTTPAPI/2.0
      transfer-encoding:
      - chunked
      x-ms-version:
      - '2018-03-28'
    status:
      code: 200
      message: OK
version: 1
