interactions:
- request:
    body: null
    headers:
      Accept:
      - '*/*'
      Accept-Encoding:
      - gzip, deflate
      Connection:
      - keep-alive
      Content-Length:
      - '0'
      User-Agent:
      - python/3.6.5 (Darwin-16.7.0-x86_64-i386-64bit) azure-core/0.0.1
      x-ms-client-request-id:
      - 1f7ea3d2-952a-11e9-b2f6-f45c89a7d159
      x-ms-date:
      - Sat, 22 Jun 2019 20:12:56 GMT
      x-ms-version:
      - '2018-03-28'
    method: PUT
    uri: https://remotestoragename.queue.core.windows.net/listqueue0560410cb
  response:
    body:
      string: ''
    headers:
      Content-Length:
      - '0'
      Date:
      - Sat, 22 Jun 2019 20:12:55 GMT
      Server:
      - Windows-Azure-Queue/1.0 Microsoft-HTTPAPI/2.0
      x-ms-request-id:
      - 7fe22b0d-2003-001d-7c36-29bdea000000
      x-ms-version:
      - '2018-03-28'
    status:
      code: 201
      message: Created
- request:
    body: null
    headers:
      Accept:
      - '*/*'
      Accept-Encoding:
      - gzip, deflate
      Connection:
      - keep-alive
      Content-Length:
      - '0'
      User-Agent:
      - python/3.6.5 (Darwin-16.7.0-x86_64-i386-64bit) azure-core/0.0.1
      x-ms-client-request-id:
      - 1fa0435c-952a-11e9-a563-f45c89a7d159
      x-ms-date:
      - Sat, 22 Jun 2019 20:12:56 GMT
      x-ms-version:
      - '2018-03-28'
    method: PUT
    uri: https://remotestoragename.queue.core.windows.net/listqueue1560410cb
  response:
    body:
      string: ''
    headers:
      Content-Length:
      - '0'
      Date:
      - Sat, 22 Jun 2019 20:12:55 GMT
      Server:
      - Windows-Azure-Queue/1.0 Microsoft-HTTPAPI/2.0
      x-ms-request-id:
      - 7fe22b19-2003-001d-0536-29bdea000000
      x-ms-version:
      - '2018-03-28'
    status:
      code: 201
      message: Created
- request:
    body: null
    headers:
      Accept:
      - '*/*'
      Accept-Encoding:
      - gzip, deflate
      Connection:
      - keep-alive
      Content-Length:
      - '0'
      User-Agent:
      - python/3.6.5 (Darwin-16.7.0-x86_64-i386-64bit) azure-core/0.0.1
      x-ms-client-request-id:
      - 1faa03e2-952a-11e9-b80f-f45c89a7d159
      x-ms-date:
      - Sat, 22 Jun 2019 20:12:56 GMT
      x-ms-version:
      - '2018-03-28'
    method: PUT
    uri: https://remotestoragename.queue.core.windows.net/listqueue2560410cb
  response:
    body:
      string: ''
    headers:
      Content-Length:
      - '0'
      Date:
      - Sat, 22 Jun 2019 20:12:55 GMT
      Server:
      - Windows-Azure-Queue/1.0 Microsoft-HTTPAPI/2.0
      x-ms-request-id:
      - 7fe22b2f-2003-001d-1836-29bdea000000
      x-ms-version:
      - '2018-03-28'
    status:
      code: 201
      message: Created
- request:
    body: null
    headers:
      Accept:
      - '*/*'
      Accept-Encoding:
      - gzip, deflate
      Connection:
      - keep-alive
      Content-Length:
      - '0'
      User-Agent:
      - python/3.6.5 (Darwin-16.7.0-x86_64-i386-64bit) azure-core/0.0.1
      x-ms-client-request-id:
      - 1fb3aa34-952a-11e9-81f1-f45c89a7d159
      x-ms-date:
      - Sat, 22 Jun 2019 20:12:56 GMT
      x-ms-version:
      - '2018-03-28'
    method: PUT
    uri: https://remotestoragename.queue.core.windows.net/listqueue3560410cb
  response:
    body:
      string: ''
    headers:
      Content-Length:
      - '0'
      Date:
      - Sat, 22 Jun 2019 20:12:55 GMT
      Server:
      - Windows-Azure-Queue/1.0 Microsoft-HTTPAPI/2.0
      x-ms-request-id:
      - 7fe22b40-2003-001d-2736-29bdea000000
      x-ms-version:
      - '2018-03-28'
    status:
      code: 201
      message: Created
- request:
    body: null
    headers:
      Accept:
      - application/xml
      Accept-Encoding:
      - gzip, deflate
      Connection:
      - keep-alive
      User-Agent:
      - python/3.6.5 (Darwin-16.7.0-x86_64-i386-64bit) azure-core/0.0.1
      x-ms-client-request-id:
      - 1fbc6cda-952a-11e9-8b22-f45c89a7d159
      x-ms-date:
      - Sat, 22 Jun 2019 20:12:56 GMT
      x-ms-version:
      - '2018-03-28'
    method: GET
    uri: https://remotestoragename.queue.core.windows.net/?prefix=listqueue&maxresults=3&comp=list
  response:
    body:
      string: "\uFEFF<?xml version=\"1.0\" encoding=\"utf-8\"?><EnumerationResults
        ServiceEndpoint=\"https://remotestoragename.queue.core.windows.net/\"><Prefix>listqueue</Prefix><MaxResults>3</MaxResults><Queues><Queue><Name>listqueue0</Name></Queue><Queue><Name>listqueue0560410cb</Name></Queue><Queue><Name>listqueue1</Name></Queue></Queues><NextMarker>/remotestoragename/listqueue1560410cb</NextMarker></EnumerationResults>"
    headers:
      Cache-Control:
      - no-cache
      Content-Type:
      - application/xml
      Date:
      - Sat, 22 Jun 2019 20:12:55 GMT
      Server:
      - Windows-Azure-Queue/1.0 Microsoft-HTTPAPI/2.0
      Transfer-Encoding:
      - chunked
      Vary:
      - Origin
      x-ms-request-id:
      - 7fe22b53-2003-001d-3636-29bdea000000
      x-ms-version:
      - '2018-03-28'
    status:
      code: 200
      message: OK
- request:
    body: null
    headers:
      Accept:
      - application/xml
      Accept-Encoding:
      - gzip, deflate
      Connection:
      - keep-alive
      User-Agent:
      - python/3.6.5 (Darwin-16.7.0-x86_64-i386-64bit) azure-core/0.0.1
      x-ms-client-request-id:
      - 1fc57606-952a-11e9-962a-f45c89a7d159
      x-ms-date:
      - Sat, 22 Jun 2019 20:12:56 GMT
      x-ms-version:
      - '2018-03-28'
    method: GET
    uri: https://remotestoragename.queue.core.windows.net/?prefix=listqueue&marker=%2Fremotestoragename%2Flistqueue1560410cb&include=metadata&comp=list
  response:
    body:
      string: "\uFEFF<?xml version=\"1.0\" encoding=\"utf-8\"?><EnumerationResults
        ServiceEndpoint=\"https://remotestoragename.queue.core.windows.net/\"><Prefix>listqueue</Prefix><Marker>/remotestoragename/listqueue1560410cb</Marker><Queues><Queue><Name>listqueue1560410cb</Name><Metadata
        /></Queue><Queue><Name>listqueue2</Name><Metadata /></Queue><Queue><Name>listqueue2560410cb</Name><Metadata
        /></Queue><Queue><Name>listqueue3</Name><Metadata /></Queue><Queue><Name>listqueue3560410cb</Name><Metadata
        /></Queue></Queues><NextMarker /></EnumerationResults>"
    headers:
      Cache-Control:
      - no-cache
      Content-Type:
      - application/xml
      Date:
      - Sat, 22 Jun 2019 20:12:55 GMT
      Server:
      - Windows-Azure-Queue/1.0 Microsoft-HTTPAPI/2.0
      Transfer-Encoding:
      - chunked
      Vary:
      - Origin
      x-ms-request-id:
      - 7fe22b5e-2003-001d-4136-29bdea000000
      x-ms-version:
      - '2018-03-28'
    status:
      code: 200
      message: OK
- request:
    body: null
    headers:
      Accept:
      - '*/*'
      Accept-Encoding:
      - gzip, deflate
      Connection:
      - keep-alive
      Content-Length:
      - '0'
      User-Agent:
      - python/3.6.5 (Darwin-16.7.0-x86_64-i386-64bit) azure-core/0.0.1
      x-ms-client-request-id:
      - e167dcca-952a-11e9-ac5e-f45c89a7d159
      x-ms-date:
      - Sat, 22 Jun 2019 20:18:21 GMT
      x-ms-version:
      - '2018-03-28'
    method: PUT
    uri: https://storagename.queue.core.windows.net/listqueue0560410cb
  response:
    body:
      string: ''
    headers:
      Content-Length:
      - '0'
      Date:
      - Sat, 22 Jun 2019 20:18:21 GMT
      Server:
      - Windows-Azure-Queue/1.0 Microsoft-HTTPAPI/2.0
      x-ms-request-id:
      - b31c8b5f-0003-0067-1937-29d7a7000000
      x-ms-version:
      - '2018-03-28'
    status:
      code: 201
      message: Created
- request:
    body: null
    headers:
      Accept:
      - '*/*'
      Accept-Encoding:
      - gzip, deflate
      Connection:
      - keep-alive
      Content-Length:
      - '0'
      User-Agent:
      - python/3.6.5 (Darwin-16.7.0-x86_64-i386-64bit) azure-core/0.0.1
      x-ms-client-request-id:
      - e188d72c-952a-11e9-9c6a-f45c89a7d159
      x-ms-date:
      - Sat, 22 Jun 2019 20:18:21 GMT
      x-ms-version:
      - '2018-03-28'
    method: PUT
    uri: https://storagename.queue.core.windows.net/listqueue1560410cb
  response:
    body:
      string: ''
    headers:
      Content-Length:
      - '0'
      Date:
      - Sat, 22 Jun 2019 20:18:21 GMT
      Server:
      - Windows-Azure-Queue/1.0 Microsoft-HTTPAPI/2.0
      x-ms-request-id:
      - b31c8b6a-0003-0067-2237-29d7a7000000
      x-ms-version:
      - '2018-03-28'
    status:
      code: 201
      message: Created
- request:
    body: null
    headers:
      Accept:
      - '*/*'
      Accept-Encoding:
      - gzip, deflate
      Connection:
      - keep-alive
      Content-Length:
      - '0'
      User-Agent:
      - python/3.6.5 (Darwin-16.7.0-x86_64-i386-64bit) azure-core/0.0.1
      x-ms-client-request-id:
      - e1931a18-952a-11e9-ae4a-f45c89a7d159
      x-ms-date:
      - Sat, 22 Jun 2019 20:18:21 GMT
      x-ms-version:
      - '2018-03-28'
    method: PUT
    uri: https://storagename.queue.core.windows.net/listqueue2560410cb
  response:
    body:
      string: ''
    headers:
      Content-Length:
      - '0'
      Date:
      - Sat, 22 Jun 2019 20:18:21 GMT
      Server:
      - Windows-Azure-Queue/1.0 Microsoft-HTTPAPI/2.0
      x-ms-request-id:
      - b31c8b72-0003-0067-2937-29d7a7000000
      x-ms-version:
      - '2018-03-28'
    status:
      code: 201
      message: Created
- request:
    body: null
    headers:
      Accept:
      - '*/*'
      Accept-Encoding:
      - gzip, deflate
      Connection:
      - keep-alive
      Content-Length:
      - '0'
      User-Agent:
      - python/3.6.5 (Darwin-16.7.0-x86_64-i386-64bit) azure-core/0.0.1
      x-ms-client-request-id:
      - e19d81ae-952a-11e9-b360-f45c89a7d159
      x-ms-date:
      - Sat, 22 Jun 2019 20:18:21 GMT
      x-ms-version:
      - '2018-03-28'
    method: PUT
    uri: https://storagename.queue.core.windows.net/listqueue3560410cb
  response:
    body:
      string: ''
    headers:
      Content-Length:
      - '0'
      Date:
      - Sat, 22 Jun 2019 20:18:21 GMT
      Server:
      - Windows-Azure-Queue/1.0 Microsoft-HTTPAPI/2.0
      x-ms-request-id:
      - b31c8b76-0003-0067-2c37-29d7a7000000
      x-ms-version:
      - '2018-03-28'
    status:
      code: 201
      message: Created
- request:
    body: null
    headers:
      Accept:
      - application/xml
      Accept-Encoding:
      - gzip, deflate
      Connection:
      - keep-alive
      User-Agent:
      - python/3.6.5 (Darwin-16.7.0-x86_64-i386-64bit) azure-core/0.0.1
      x-ms-client-request-id:
      - e1a6c412-952a-11e9-baf7-f45c89a7d159
      x-ms-date:
      - Sat, 22 Jun 2019 20:18:21 GMT
      x-ms-version:
      - '2018-03-28'
    method: GET
    uri: https://storagename.queue.core.windows.net/?prefix=listqueue&maxresults=3&comp=list
  response:
    body:
      string: "\uFEFF<?xml version=\"1.0\" encoding=\"utf-8\"?><EnumerationResults
        ServiceEndpoint=\"https://storagename.queue.core.windows.net/\"><Prefix>listqueue</Prefix><MaxResults>3</MaxResults><Queues><Queue><Name>listqueue0</Name></Queue><Queue><Name>listqueue0560410cb</Name></Queue><Queue><Name>listqueue1</Name></Queue></Queues><NextMarker>/storagename/listqueue1560410cb</NextMarker></EnumerationResults>"
    headers:
      Cache-Control:
      - no-cache
      Content-Type:
      - application/xml
      Date:
      - Sat, 22 Jun 2019 20:18:21 GMT
      Server:
      - Windows-Azure-Queue/1.0 Microsoft-HTTPAPI/2.0
      Transfer-Encoding:
      - chunked
      Vary:
      - Origin
      x-ms-request-id:
      - b31c8b79-0003-0067-2e37-29d7a7000000
      x-ms-version:
      - '2018-03-28'
    status:
      code: 200
      message: OK
- request:
    body: null
    headers:
      Accept:
      - application/xml
      Accept-Encoding:
      - gzip, deflate
      Connection:
      - keep-alive
      User-Agent:
      - python/3.6.5 (Darwin-16.7.0-x86_64-i386-64bit) azure-core/0.0.1
      x-ms-client-request-id:
      - e1af46d2-952a-11e9-a017-f45c89a7d159
      x-ms-date:
      - Sat, 22 Jun 2019 20:18:21 GMT
      x-ms-version:
      - '2018-03-28'
    method: GET
    uri: https://storagename.queue.core.windows.net/?prefix=listqueue&marker=%2Fstoragename%2Flistqueue1560410cb&include=metadata&comp=list
  response:
    body:
      string: "\uFEFF<?xml version=\"1.0\" encoding=\"utf-8\"?><EnumerationResults
        ServiceEndpoint=\"https://storagename.queue.core.windows.net/\"><Prefix>listqueue</Prefix><Marker>/storagename/listqueue1560410cb</Marker><Queues><Queue><Name>listqueue1560410cb</Name><Metadata
        /></Queue><Queue><Name>listqueue2</Name><Metadata /></Queue><Queue><Name>listqueue2560410cb</Name><Metadata
        /></Queue><Queue><Name>listqueue3</Name><Metadata /></Queue><Queue><Name>listqueue3560410cb</Name><Metadata
        /></Queue></Queues><NextMarker /></EnumerationResults>"
    headers:
      Cache-Control:
      - no-cache
      Content-Type:
      - application/xml
      Date:
      - Sat, 22 Jun 2019 20:18:21 GMT
      Server:
      - Windows-Azure-Queue/1.0 Microsoft-HTTPAPI/2.0
      Transfer-Encoding:
      - chunked
      Vary:
      - Origin
      x-ms-request-id:
      - b31c8b82-0003-0067-3637-29d7a7000000
      x-ms-version:
      - '2018-03-28'
    status:
      code: 200
      message: OK
- request:
    body: null
    headers:
      Accept:
      - '*/*'
      Accept-Encoding:
      - gzip, deflate
      Connection:
      - keep-alive
      Content-Length:
      - '0'
      User-Agent:
      - python/3.6.5 (Darwin-16.7.0-x86_64-i386-64bit) azure-core/0.0.1
      x-ms-client-request-id:
      - 7a7b4230-952b-11e9-9fc7-f45c89a7d159
      x-ms-date:
      - Sat, 22 Jun 2019 20:22:38 GMT
      x-ms-version:
      - '2018-03-28'
    method: PUT
    uri: https://storagename.queue.core.windows.net/listqueue0560410cb
  response:
    body:
      string: ''
    headers:
      Content-Length:
      - '0'
      Date:
      - Sat, 22 Jun 2019 20:22:38 GMT
      Server:
      - Windows-Azure-Queue/1.0 Microsoft-HTTPAPI/2.0
      x-ms-request-id:
      - f77173ce-1003-005a-2738-296281000000
      x-ms-version:
      - '2018-03-28'
    status:
      code: 201
      message: Created
- request:
    body: null
    headers:
      Accept:
      - '*/*'
      Accept-Encoding:
      - gzip, deflate
      Connection:
      - keep-alive
      Content-Length:
      - '0'
      User-Agent:
      - python/3.6.5 (Darwin-16.7.0-x86_64-i386-64bit) azure-core/0.0.1
      x-ms-client-request-id:
      - 7aa09652-952b-11e9-9171-f45c89a7d159
      x-ms-date:
      - Sat, 22 Jun 2019 20:22:38 GMT
      x-ms-version:
      - '2018-03-28'
    method: PUT
    uri: https://storagename.queue.core.windows.net/listqueue1560410cb
  response:
    body:
      string: ''
    headers:
      Content-Length:
      - '0'
      Date:
      - Sat, 22 Jun 2019 20:22:38 GMT
      Server:
      - Windows-Azure-Queue/1.0 Microsoft-HTTPAPI/2.0
      x-ms-request-id:
      - f77173d1-1003-005a-2838-296281000000
      x-ms-version:
      - '2018-03-28'
    status:
      code: 201
      message: Created
- request:
    body: null
    headers:
      Accept:
      - '*/*'
      Accept-Encoding:
      - gzip, deflate
      Connection:
      - keep-alive
      Content-Length:
      - '0'
      User-Agent:
      - python/3.6.5 (Darwin-16.7.0-x86_64-i386-64bit) azure-core/0.0.1
      x-ms-client-request-id:
      - 7aaadd1a-952b-11e9-9ac0-f45c89a7d159
      x-ms-date:
      - Sat, 22 Jun 2019 20:22:38 GMT
      x-ms-version:
      - '2018-03-28'
    method: PUT
    uri: https://storagename.queue.core.windows.net/listqueue2560410cb
  response:
    body:
      string: ''
    headers:
      Content-Length:
      - '0'
      Date:
      - Sat, 22 Jun 2019 20:22:38 GMT
      Server:
      - Windows-Azure-Queue/1.0 Microsoft-HTTPAPI/2.0
      x-ms-request-id:
      - f77173d5-1003-005a-2a38-296281000000
      x-ms-version:
      - '2018-03-28'
    status:
      code: 201
      message: Created
- request:
    body: null
    headers:
      Accept:
      - '*/*'
      Accept-Encoding:
      - gzip, deflate
      Connection:
      - keep-alive
      Content-Length:
      - '0'
      User-Agent:
      - python/3.6.5 (Darwin-16.7.0-x86_64-i386-64bit) azure-core/0.0.1
      x-ms-client-request-id:
      - 7ab52680-952b-11e9-bedb-f45c89a7d159
      x-ms-date:
      - Sat, 22 Jun 2019 20:22:38 GMT
      x-ms-version:
      - '2018-03-28'
    method: PUT
    uri: https://storagename.queue.core.windows.net/listqueue3560410cb
  response:
    body:
      string: ''
    headers:
      Content-Length:
      - '0'
      Date:
      - Sat, 22 Jun 2019 20:22:38 GMT
      Server:
      - Windows-Azure-Queue/1.0 Microsoft-HTTPAPI/2.0
      x-ms-request-id:
      - f77173dd-1003-005a-3038-296281000000
      x-ms-version:
      - '2018-03-28'
    status:
      code: 201
      message: Created
- request:
    body: null
    headers:
      Accept:
      - application/xml
      Accept-Encoding:
      - gzip, deflate
      Connection:
      - keep-alive
      User-Agent:
      - python/3.6.5 (Darwin-16.7.0-x86_64-i386-64bit) azure-core/0.0.1
      x-ms-client-request-id:
      - 7abe67a4-952b-11e9-9a37-f45c89a7d159
      x-ms-date:
      - Sat, 22 Jun 2019 20:22:38 GMT
      x-ms-version:
      - '2018-03-28'
    method: GET
    uri: https://storagename.queue.core.windows.net/?prefix=listqueue&maxresults=3&comp=list
  response:
    body:
      string: "\uFEFF<?xml version=\"1.0\" encoding=\"utf-8\"?><EnumerationResults
        ServiceEndpoint=\"https://storagename.queue.core.windows.net/\"><Prefix>listqueue</Prefix><MaxResults>3</MaxResults><Queues><Queue><Name>listqueue0</Name></Queue><Queue><Name>listqueue0560410cb</Name></Queue><Queue><Name>listqueue1</Name></Queue></Queues><NextMarker>/storagename/listqueue1560410cb</NextMarker></EnumerationResults>"
    headers:
      Cache-Control:
      - no-cache
      Content-Type:
      - application/xml
      Date:
      - Sat, 22 Jun 2019 20:22:38 GMT
      Server:
      - Windows-Azure-Queue/1.0 Microsoft-HTTPAPI/2.0
      Transfer-Encoding:
      - chunked
      Vary:
      - Origin
      x-ms-request-id:
      - f77173e4-1003-005a-3638-296281000000
      x-ms-version:
      - '2018-03-28'
    status:
      code: 200
      message: OK
- request:
    body: null
    headers:
      Accept:
      - application/xml
      Accept-Encoding:
      - gzip, deflate
      Connection:
      - keep-alive
      User-Agent:
      - python/3.6.5 (Darwin-16.7.0-x86_64-i386-64bit) azure-core/0.0.1
      x-ms-client-request-id:
      - 7ac7cc2c-952b-11e9-aa4c-f45c89a7d159
      x-ms-date:
      - Sat, 22 Jun 2019 20:22:38 GMT
      x-ms-version:
      - '2018-03-28'
    method: GET
    uri: https://storagename.queue.core.windows.net/?prefix=listqueue&marker=%2Fstoragename%2Flistqueue1560410cb&include=metadata&comp=list
  response:
    body:
      string: "\uFEFF<?xml version=\"1.0\" encoding=\"utf-8\"?><EnumerationResults
        ServiceEndpoint=\"https://storagename.queue.core.windows.net/\"><Prefix>listqueue</Prefix><Marker>/storagename/listqueue1560410cb</Marker><Queues><Queue><Name>listqueue1560410cb</Name><Metadata
        /></Queue><Queue><Name>listqueue2</Name><Metadata /></Queue><Queue><Name>listqueue2560410cb</Name><Metadata
        /></Queue><Queue><Name>listqueue3</Name><Metadata /></Queue><Queue><Name>listqueue3560410cb</Name><Metadata
        /></Queue></Queues><NextMarker /></EnumerationResults>"
    headers:
      Cache-Control:
      - no-cache
      Content-Type:
      - application/xml
      Date:
      - Sat, 22 Jun 2019 20:22:38 GMT
      Server:
      - Windows-Azure-Queue/1.0 Microsoft-HTTPAPI/2.0
      Transfer-Encoding:
      - chunked
      Vary:
      - Origin
      x-ms-request-id:
      - f77173e8-1003-005a-3a38-296281000000
      x-ms-version:
      - '2018-03-28'
    status:
      code: 200
      message: OK
- request:
    body: null
    headers:
      Accept:
      - '*/*'
      Accept-Encoding:
      - gzip, deflate
      Connection:
      - keep-alive
      Content-Length:
      - '0'
      User-Agent:
      - python/3.6.5 (Darwin-16.7.0-x86_64-i386-64bit) azure-core/0.0.1
      x-ms-client-request-id:
      - b8b75370-952d-11e9-8a79-f45c89a7d159
      x-ms-date:
      - Sat, 22 Jun 2019 20:38:41 GMT
      x-ms-version:
      - '2018-03-28'
    method: PUT
    uri: https://storagename.queue.core.windows.net/listqueue0560410cb
  response:
    body:
      string: ''
    headers:
      Content-Length:
      - '0'
      Date:
      - Sat, 22 Jun 2019 20:38:41 GMT
      Server:
      - Windows-Azure-Queue/1.0 Microsoft-HTTPAPI/2.0
      x-ms-request-id:
      - d0c3a746-f003-0014-6e3a-29a764000000
      x-ms-version:
      - '2018-03-28'
    status:
      code: 201
      message: Created
- request:
    body: null
    headers:
      Accept:
      - '*/*'
      Accept-Encoding:
      - gzip, deflate
      Connection:
      - keep-alive
      Content-Length:
      - '0'
      User-Agent:
      - python/3.6.5 (Darwin-16.7.0-x86_64-i386-64bit) azure-core/0.0.1
      x-ms-client-request-id:
      - b8dd20fa-952d-11e9-80db-f45c89a7d159
      x-ms-date:
      - Sat, 22 Jun 2019 20:38:41 GMT
      x-ms-version:
      - '2018-03-28'
    method: PUT
    uri: https://storagename.queue.core.windows.net/listqueue1560410cb
  response:
    body:
      string: ''
    headers:
      Content-Length:
      - '0'
      Date:
      - Sat, 22 Jun 2019 20:38:41 GMT
      Server:
      - Windows-Azure-Queue/1.0 Microsoft-HTTPAPI/2.0
      x-ms-request-id:
      - d0c3a751-f003-0014-753a-29a764000000
      x-ms-version:
      - '2018-03-28'
    status:
      code: 201
      message: Created
- request:
    body: null
    headers:
      Accept:
      - '*/*'
      Accept-Encoding:
      - gzip, deflate
      Connection:
      - keep-alive
      Content-Length:
      - '0'
      User-Agent:
      - python/3.6.5 (Darwin-16.7.0-x86_64-i386-64bit) azure-core/0.0.1
      x-ms-client-request-id:
      - b8e87e9e-952d-11e9-aae6-f45c89a7d159
      x-ms-date:
      - Sat, 22 Jun 2019 20:38:41 GMT
      x-ms-version:
      - '2018-03-28'
    method: PUT
    uri: https://storagename.queue.core.windows.net/listqueue2560410cb
  response:
    body:
      string: ''
    headers:
      Content-Length:
      - '0'
      Date:
      - Sat, 22 Jun 2019 20:38:41 GMT
      Server:
      - Windows-Azure-Queue/1.0 Microsoft-HTTPAPI/2.0
      x-ms-request-id:
      - d0c3a759-f003-0014-7a3a-29a764000000
      x-ms-version:
      - '2018-03-28'
    status:
      code: 201
      message: Created
- request:
    body: null
    headers:
      Accept:
      - '*/*'
      Accept-Encoding:
      - gzip, deflate
      Connection:
      - keep-alive
      Content-Length:
      - '0'
      User-Agent:
      - python/3.6.5 (Darwin-16.7.0-x86_64-i386-64bit) azure-core/0.0.1
      x-ms-client-request-id:
      - b8f3dc98-952d-11e9-9e2b-f45c89a7d159
      x-ms-date:
      - Sat, 22 Jun 2019 20:38:42 GMT
      x-ms-version:
      - '2018-03-28'
    method: PUT
    uri: https://storagename.queue.core.windows.net/listqueue3560410cb
  response:
    body:
      string: ''
    headers:
      Content-Length:
      - '0'
      Date:
      - Sat, 22 Jun 2019 20:38:42 GMT
      Server:
      - Windows-Azure-Queue/1.0 Microsoft-HTTPAPI/2.0
      x-ms-request-id:
      - d0c3a767-f003-0014-033a-29a764000000
      x-ms-version:
      - '2018-03-28'
    status:
      code: 201
      message: Created
- request:
    body: null
    headers:
      Accept:
      - application/xml
      Accept-Encoding:
      - gzip, deflate
      Connection:
      - keep-alive
      User-Agent:
      - python/3.6.5 (Darwin-16.7.0-x86_64-i386-64bit) azure-core/0.0.1
      x-ms-client-request-id:
      - b8fdb43a-952d-11e9-a6f3-f45c89a7d159
      x-ms-date:
      - Sat, 22 Jun 2019 20:38:42 GMT
      x-ms-version:
      - '2018-03-28'
    method: GET
    uri: https://storagename.queue.core.windows.net/?prefix=listqueue&maxresults=3&comp=list
  response:
    body:
      string: "\uFEFF<?xml version=\"1.0\" encoding=\"utf-8\"?><EnumerationResults
        ServiceEndpoint=\"https://storagename.queue.core.windows.net/\"><Prefix>listqueue</Prefix><MaxResults>3</MaxResults><Queues><Queue><Name>listqueue0560410cb</Name></Queue><Queue><Name>listqueue1560410cb</Name></Queue><Queue><Name>listqueue2560410cb</Name></Queue></Queues><NextMarker>/storagename/listqueue3</NextMarker></EnumerationResults>"
    headers:
      Cache-Control:
      - no-cache
      Content-Type:
      - application/xml
      Date:
      - Sat, 22 Jun 2019 20:38:42 GMT
      Server:
      - Windows-Azure-Queue/1.0 Microsoft-HTTPAPI/2.0
      Transfer-Encoding:
      - chunked
      Vary:
      - Origin
      x-ms-request-id:
      - d0c3a771-f003-0014-0a3a-29a764000000
      x-ms-version:
      - '2018-03-28'
    status:
      code: 200
      message: OK
- request:
    body: null
    headers:
      Accept:
      - application/xml
      Accept-Encoding:
      - gzip, deflate
      Connection:
      - keep-alive
      User-Agent:
      - python/3.6.5 (Darwin-16.7.0-x86_64-i386-64bit) azure-core/0.0.1
      x-ms-client-request-id:
      - b9066d5c-952d-11e9-aa14-f45c89a7d159
      x-ms-date:
      - Sat, 22 Jun 2019 20:38:42 GMT
      x-ms-version:
      - '2018-03-28'
    method: GET
    uri: https://storagename.queue.core.windows.net/?prefix=listqueue&marker=%2Fstoragename%2Flistqueue3&include=metadata&comp=list
  response:
    body:
      string: "\uFEFF<?xml version=\"1.0\" encoding=\"utf-8\"?><EnumerationResults
        ServiceEndpoint=\"https://storagename.queue.core.windows.net/\"><Prefix>listqueue</Prefix><Marker>/storagename/listqueue3</Marker><Queues><Queue><Name>listqueue3560410cb</Name><Metadata
        /></Queue></Queues><NextMarker /></EnumerationResults>"
    headers:
      Cache-Control:
      - no-cache
      Content-Type:
      - application/xml
      Date:
      - Sat, 22 Jun 2019 20:38:42 GMT
      Server:
      - Windows-Azure-Queue/1.0 Microsoft-HTTPAPI/2.0
      Transfer-Encoding:
      - chunked
      Vary:
      - Origin
      x-ms-request-id:
      - d0c3a781-f003-0014-163a-29a764000000
      x-ms-version:
      - '2018-03-28'
    status:
      code: 200
      message: OK
- request:
    body: null
    headers:
      Accept:
      - '*/*'
      Accept-Encoding:
      - gzip, deflate
      Connection:
      - keep-alive
      Content-Length:
      - '0'
      User-Agent:
      - azsdk-python-storage-queue/12.0.0b1 Python/3.7.3 (Windows-10-10.0.17763-SP0)
      content-type:
      - application/xml; charset=utf-8
      x-ms-client-request-id:
      - 3b792fd4-b3da-11e9-bde8-2816a845e8c6
      x-ms-date:
      - Wed, 31 Jul 2019 21:29:09 GMT
      x-ms-version:
      - '2018-03-28'
    method: PUT
    uri: https://storagename.queue.core.windows.net/listqueue0560410cb
  response:
    body:
      string: ''
    headers:
      Content-Length:
      - '0'
      Date:
      - Wed, 31 Jul 2019 21:29:07 GMT
      Server:
      - Windows-Azure-Queue/1.0 Microsoft-HTTPAPI/2.0
      x-ms-request-id:
      - 47533091-b003-00d8-71e6-479fb8000000
      x-ms-version:
      - '2018-03-28'
    status:
      code: 201
      message: Created
- request:
    body: null
    headers:
      Accept:
      - '*/*'
      Accept-Encoding:
      - gzip, deflate
      Connection:
      - keep-alive
      Content-Length:
      - '0'
      User-Agent:
      - azsdk-python-storage-queue/12.0.0b1 Python/3.7.3 (Windows-10-10.0.17763-SP0)
      content-type:
      - application/xml; charset=utf-8
      x-ms-client-request-id:
      - 3ba8f8be-b3da-11e9-9e7e-2816a845e8c6
      x-ms-date:
      - Wed, 31 Jul 2019 21:29:09 GMT
      x-ms-version:
      - '2018-03-28'
    method: PUT
    uri: https://storagename.queue.core.windows.net/listqueue1560410cb
  response:
    body:
      string: ''
    headers:
      Content-Length:
      - '0'
      Date:
      - Wed, 31 Jul 2019 21:29:07 GMT
      Server:
      - Windows-Azure-Queue/1.0 Microsoft-HTTPAPI/2.0
      x-ms-request-id:
      - 475330b7-b003-00d8-15e6-479fb8000000
      x-ms-version:
      - '2018-03-28'
    status:
      code: 201
      message: Created
- request:
    body: null
    headers:
      Accept:
      - '*/*'
      Accept-Encoding:
      - gzip, deflate
      Connection:
      - keep-alive
      Content-Length:
      - '0'
      User-Agent:
      - azsdk-python-storage-queue/12.0.0b1 Python/3.7.3 (Windows-10-10.0.17763-SP0)
      content-type:
      - application/xml; charset=utf-8
      x-ms-client-request-id:
      - 3bb57474-b3da-11e9-82e1-2816a845e8c6
      x-ms-date:
      - Wed, 31 Jul 2019 21:29:09 GMT
      x-ms-version:
      - '2018-03-28'
    method: PUT
    uri: https://storagename.queue.core.windows.net/listqueue2560410cb
  response:
    body:
      string: ''
    headers:
      Content-Length:
      - '0'
      Date:
      - Wed, 31 Jul 2019 21:29:07 GMT
      Server:
      - Windows-Azure-Queue/1.0 Microsoft-HTTPAPI/2.0
      x-ms-request-id:
      - 475330ee-b003-00d8-49e6-479fb8000000
      x-ms-version:
      - '2018-03-28'
    status:
      code: 201
      message: Created
- request:
    body: null
    headers:
      Accept:
      - '*/*'
      Accept-Encoding:
      - gzip, deflate
      Connection:
      - keep-alive
      Content-Length:
      - '0'
      User-Agent:
      - azsdk-python-storage-queue/12.0.0b1 Python/3.7.3 (Windows-10-10.0.17763-SP0)
      content-type:
      - application/xml; charset=utf-8
      x-ms-client-request-id:
      - 3bc32740-b3da-11e9-b29f-2816a845e8c6
      x-ms-date:
      - Wed, 31 Jul 2019 21:29:09 GMT
      x-ms-version:
      - '2018-03-28'
    method: PUT
    uri: https://storagename.queue.core.windows.net/listqueue3560410cb
  response:
    body:
      string: ''
    headers:
      Content-Length:
      - '0'
      Date:
      - Wed, 31 Jul 2019 21:29:07 GMT
      Server:
      - Windows-Azure-Queue/1.0 Microsoft-HTTPAPI/2.0
      x-ms-request-id:
      - 4753311e-b003-00d8-72e6-479fb8000000
      x-ms-version:
      - '2018-03-28'
    status:
      code: 201
      message: Created
- request:
    body: null
    headers:
      Accept:
      - application/xml
      Accept-Encoding:
      - gzip, deflate
      Connection:
      - keep-alive
      User-Agent:
      - azsdk-python-storage-queue/12.0.0b1 Python/3.7.3 (Windows-10-10.0.17763-SP0)
      content-type:
      - application/xml; charset=utf-8
      x-ms-client-request-id:
      - 3bcf7a62-b3da-11e9-9233-2816a845e8c6
      x-ms-date:
      - Wed, 31 Jul 2019 21:29:09 GMT
      x-ms-version:
      - '2018-03-28'
    method: GET
    uri: https://storagename.queue.core.windows.net/?prefix=listqueue&maxresults=3&comp=list
  response:
    body:
      string: "\uFEFF<?xml version=\"1.0\" encoding=\"utf-8\"?><EnumerationResults
        ServiceEndpoint=\"https://storagename.queue.core.windows.net/\"><Prefix>listqueue</Prefix><MaxResults>3</MaxResults><Queues><Queue><Name>listqueue0560410cb</Name></Queue><Queue><Name>listqueue1560410cb</Name></Queue><Queue><Name>listqueue2560410cb</Name></Queue></Queues><NextMarker>/storagename/listqueue3560410cb</NextMarker></EnumerationResults>"
    headers:
      Cache-Control:
      - no-cache
      Content-Type:
      - application/xml
      Date:
      - Wed, 31 Jul 2019 21:29:07 GMT
      Server:
      - Windows-Azure-Queue/1.0 Microsoft-HTTPAPI/2.0
      Transfer-Encoding:
      - chunked
      Vary:
      - Origin
      x-ms-request-id:
      - 4753313c-b003-00d8-0fe6-479fb8000000
      x-ms-version:
      - '2018-03-28'
    status:
      code: 200
      message: OK
- request:
    body: null
    headers:
      Accept:
      - application/xml
      Accept-Encoding:
      - gzip, deflate
      Connection:
      - keep-alive
      User-Agent:
      - azsdk-python-storage-queue/12.0.0b1 Python/3.7.3 (Windows-10-10.0.17763-SP0)
      content-type:
      - application/xml; charset=utf-8
      x-ms-client-request-id:
      - 3bda6f64-b3da-11e9-9c8e-2816a845e8c6
      x-ms-date:
      - Wed, 31 Jul 2019 21:29:09 GMT
      x-ms-version:
      - '2018-03-28'
    method: GET
    uri: https://storagename.queue.core.windows.net/?prefix=listqueue&marker=%2Fstoragename%2Flistqueue3560410cb&include=metadata&comp=list
  response:
    body:
      string: "\uFEFF<?xml version=\"1.0\" encoding=\"utf-8\"?><EnumerationResults
        ServiceEndpoint=\"https://storagename.queue.core.windows.net/\"><Prefix>listqueue</Prefix><Marker>/storagename/listqueue3560410cb</Marker><Queues><Queue><Name>listqueue3560410cb</Name><Metadata
        /></Queue></Queues><NextMarker /></EnumerationResults>"
    headers:
      Cache-Control:
      - no-cache
      Content-Type:
      - application/xml
      Date:
      - Wed, 31 Jul 2019 21:29:07 GMT
      Server:
      - Windows-Azure-Queue/1.0 Microsoft-HTTPAPI/2.0
      Transfer-Encoding:
      - chunked
      Vary:
      - Origin
      x-ms-request-id:
      - 4753316c-b003-00d8-3ee6-479fb8000000
      x-ms-version:
      - '2018-03-28'
    status:
      code: 200
      message: OK
- request:
    body: null
    headers:
      Accept:
      - '*/*'
      Accept-Encoding:
      - gzip, deflate
      Connection:
      - keep-alive
      Content-Length:
      - '0'
      User-Agent:
      - azsdk-python-storage-queue/12.0.0b1 Python/3.7.3 (Windows-10-10.0.17763-SP0)
      content-type:
      - application/xml; charset=utf-8
      x-ms-client-request-id:
      - 897fc65a-b4ac-11e9-b34d-2816a845e8c6
      x-ms-date:
      - Thu, 01 Aug 2019 22:34:34 GMT
      x-ms-version:
      - '2018-03-28'
    method: PUT
    uri: https://storagename.queue.core.windows.net/listqueue0560410cb
  response:
    body:
      string: ''
    headers:
      Content-Length:
      - '0'
      Date:
      - Thu, 01 Aug 2019 22:34:31 GMT
      Server:
      - Windows-Azure-Queue/1.0 Microsoft-HTTPAPI/2.0
      x-ms-request-id:
      - bbe710d9-b003-00d8-1cb9-489fb8000000
      x-ms-version:
      - '2018-03-28'
    status:
      code: 201
      message: Created
- request:
    body: null
    headers:
      Accept:
      - '*/*'
      Accept-Encoding:
      - gzip, deflate
      Connection:
      - keep-alive
      Content-Length:
      - '0'
      User-Agent:
      - azsdk-python-storage-queue/12.0.0b1 Python/3.7.3 (Windows-10-10.0.17763-SP0)
      content-type:
      - application/xml; charset=utf-8
      x-ms-client-request-id:
      - 89aff20a-b4ac-11e9-a84a-2816a845e8c6
      x-ms-date:
      - Thu, 01 Aug 2019 22:34:34 GMT
      x-ms-version:
      - '2018-03-28'
    method: PUT
    uri: https://storagename.queue.core.windows.net/listqueue1560410cb
  response:
    body:
      string: ''
    headers:
      Content-Length:
      - '0'
      Date:
      - Thu, 01 Aug 2019 22:34:31 GMT
      Server:
      - Windows-Azure-Queue/1.0 Microsoft-HTTPAPI/2.0
      x-ms-request-id:
      - bbe7111c-b003-00d8-5db9-489fb8000000
      x-ms-version:
      - '2018-03-28'
    status:
      code: 201
      message: Created
- request:
    body: null
    headers:
      Accept:
      - '*/*'
      Accept-Encoding:
      - gzip, deflate
      Connection:
      - keep-alive
      Content-Length:
      - '0'
      User-Agent:
      - azsdk-python-storage-queue/12.0.0b1 Python/3.7.3 (Windows-10-10.0.17763-SP0)
      content-type:
      - application/xml; charset=utf-8
      x-ms-client-request-id:
      - 89bda9cc-b4ac-11e9-afb7-2816a845e8c6
      x-ms-date:
      - Thu, 01 Aug 2019 22:34:34 GMT
      x-ms-version:
      - '2018-03-28'
    method: PUT
    uri: https://storagename.queue.core.windows.net/listqueue2560410cb
  response:
    body:
      string: ''
    headers:
      Content-Length:
      - '0'
      Date:
      - Thu, 01 Aug 2019 22:34:31 GMT
      Server:
      - Windows-Azure-Queue/1.0 Microsoft-HTTPAPI/2.0
      x-ms-request-id:
      - bbe71154-b003-00d8-13b9-489fb8000000
      x-ms-version:
      - '2018-03-28'
    status:
      code: 201
      message: Created
- request:
    body: null
    headers:
      Accept:
      - '*/*'
      Accept-Encoding:
      - gzip, deflate
      Connection:
      - keep-alive
      Content-Length:
      - '0'
      User-Agent:
      - azsdk-python-storage-queue/12.0.0b1 Python/3.7.3 (Windows-10-10.0.17763-SP0)
      content-type:
      - application/xml; charset=utf-8
      x-ms-client-request-id:
      - 89cc4a5c-b4ac-11e9-8117-2816a845e8c6
      x-ms-date:
      - Thu, 01 Aug 2019 22:34:35 GMT
      x-ms-version:
      - '2018-03-28'
    method: PUT
    uri: https://storagename.queue.core.windows.net/listqueue3560410cb
  response:
    body:
      string: ''
    headers:
      Content-Length:
      - '0'
      Date:
      - Thu, 01 Aug 2019 22:34:31 GMT
      Server:
      - Windows-Azure-Queue/1.0 Microsoft-HTTPAPI/2.0
      x-ms-request-id:
      - bbe71196-b003-00d8-54b9-489fb8000000
      x-ms-version:
      - '2018-03-28'
    status:
      code: 201
      message: Created
- request:
    body: null
    headers:
      Accept:
      - application/xml
      Accept-Encoding:
      - gzip, deflate
      Connection:
      - keep-alive
      User-Agent:
      - azsdk-python-storage-queue/12.0.0b1 Python/3.7.3 (Windows-10-10.0.17763-SP0)
      content-type:
      - application/xml; charset=utf-8
      x-ms-client-request-id:
      - 89ee11f4-b4ac-11e9-a386-2816a845e8c6
      x-ms-date:
      - Thu, 01 Aug 2019 22:34:35 GMT
      x-ms-version:
      - '2018-03-28'
    method: GET
    uri: https://storagename.queue.core.windows.net/?prefix=listqueue&maxresults=3&comp=list
  response:
    body:
      string: "\uFEFF<?xml version=\"1.0\" encoding=\"utf-8\"?><EnumerationResults
        ServiceEndpoint=\"https://storagename.queue.core.windows.net/\"><Prefix>listqueue</Prefix><MaxResults>3</MaxResults><Queues><Queue><Name>listqueue0560410cb</Name></Queue><Queue><Name>listqueue1560410cb</Name></Queue><Queue><Name>listqueue2560410cb</Name></Queue></Queues><NextMarker>/storagename/listqueue3560410cb</NextMarker></EnumerationResults>"
    headers:
      Cache-Control:
      - no-cache
      Content-Type:
      - application/xml
      Date:
      - Thu, 01 Aug 2019 22:34:31 GMT
      Server:
      - Windows-Azure-Queue/1.0 Microsoft-HTTPAPI/2.0
      Transfer-Encoding:
      - chunked
      Vary:
      - Origin
      x-ms-request-id:
      - bbe71214-b003-00d8-4eb9-489fb8000000
      x-ms-version:
      - '2018-03-28'
    status:
      code: 200
      message: OK
- request:
    body: null
    headers:
      Accept:
      - application/xml
      Accept-Encoding:
      - gzip, deflate
      Connection:
      - keep-alive
      User-Agent:
      - azsdk-python-storage-queue/12.0.0b1 Python/3.7.3 (Windows-10-10.0.17763-SP0)
      content-type:
      - application/xml; charset=utf-8
      x-ms-client-request-id:
      - 89fb41b0-b4ac-11e9-9be0-2816a845e8c6
      x-ms-date:
      - Thu, 01 Aug 2019 22:34:35 GMT
      x-ms-version:
      - '2018-03-28'
    method: GET
    uri: https://storagename.queue.core.windows.net/?prefix=listqueue&marker=%2Fstoragename%2Flistqueue3560410cb&include=metadata&comp=list
  response:
    body:
      string: "\uFEFF<?xml version=\"1.0\" encoding=\"utf-8\"?><EnumerationResults
        ServiceEndpoint=\"https://storagename.queue.core.windows.net/\"><Prefix>listqueue</Prefix><Marker>/storagename/listqueue3560410cb</Marker><Queues><Queue><Name>listqueue3560410cb</Name><Metadata
        /></Queue></Queues><NextMarker /></EnumerationResults>"
    headers:
      Cache-Control:
      - no-cache
      Content-Type:
      - application/xml
      Date:
      - Thu, 01 Aug 2019 22:34:31 GMT
      Server:
      - Windows-Azure-Queue/1.0 Microsoft-HTTPAPI/2.0
      Transfer-Encoding:
      - chunked
      Vary:
      - Origin
      x-ms-request-id:
      - bbe7123f-b003-00d8-79b9-489fb8000000
      x-ms-version:
      - '2018-03-28'
    status:
      code: 200
      message: OK
- request:
    body: null
    headers:
      Accept:
      - '*/*'
      Accept-Encoding:
      - gzip, deflate
      Connection:
      - keep-alive
      Content-Length:
      - '0'
      User-Agent:
      - azsdk-python-storage-queue/12.0.0b1 Python/3.7.3 (Windows-10-10.0.17763-SP0)
      content-type:
      - application/xml; charset=utf-8
      x-ms-client-request-id:
      - 77d8e962-b4ad-11e9-a618-2816a845e8c6
      x-ms-date:
      - Thu, 01 Aug 2019 22:41:14 GMT
      x-ms-version:
      - '2018-03-28'
    method: PUT
    uri: https://storagename.queue.core.windows.net/listqueue0560410cb
  response:
    body:
      string: ''
    headers:
      Content-Length:
      - '0'
      Date:
      - Thu, 01 Aug 2019 22:41:11 GMT
      Server:
      - Windows-Azure-Queue/1.0 Microsoft-HTTPAPI/2.0
      x-ms-request-id:
      - e091a605-2003-0038-2eba-487930000000
      x-ms-version:
      - '2018-03-28'
    status:
      code: 201
      message: Created
- request:
    body: null
    headers:
      Accept:
      - '*/*'
      Accept-Encoding:
      - gzip, deflate
      Connection:
      - keep-alive
      Content-Length:
      - '0'
      User-Agent:
      - azsdk-python-storage-queue/12.0.0b1 Python/3.7.3 (Windows-10-10.0.17763-SP0)
      content-type:
      - application/xml; charset=utf-8
      x-ms-client-request-id:
      - 78074f1e-b4ad-11e9-b943-2816a845e8c6
      x-ms-date:
      - Thu, 01 Aug 2019 22:41:14 GMT
      x-ms-version:
      - '2018-03-28'
    method: PUT
    uri: https://storagename.queue.core.windows.net/listqueue1560410cb
  response:
    body:
      string: ''
    headers:
      Content-Length:
      - '0'
      Date:
      - Thu, 01 Aug 2019 22:41:11 GMT
      Server:
      - Windows-Azure-Queue/1.0 Microsoft-HTTPAPI/2.0
      x-ms-request-id:
      - e091a611-2003-0038-37ba-487930000000
      x-ms-version:
      - '2018-03-28'
    status:
      code: 201
      message: Created
- request:
    body: null
    headers:
      Accept:
      - '*/*'
      Accept-Encoding:
      - gzip, deflate
      Connection:
      - keep-alive
      Content-Length:
      - '0'
      User-Agent:
      - azsdk-python-storage-queue/12.0.0b1 Python/3.7.3 (Windows-10-10.0.17763-SP0)
      content-type:
      - application/xml; charset=utf-8
      x-ms-client-request-id:
      - 7816472c-b4ad-11e9-a88b-2816a845e8c6
      x-ms-date:
      - Thu, 01 Aug 2019 22:41:14 GMT
      x-ms-version:
      - '2018-03-28'
    method: PUT
    uri: https://storagename.queue.core.windows.net/listqueue2560410cb
  response:
    body:
      string: ''
    headers:
      Content-Length:
      - '0'
      Date:
      - Thu, 01 Aug 2019 22:41:11 GMT
      Server:
      - Windows-Azure-Queue/1.0 Microsoft-HTTPAPI/2.0
      x-ms-request-id:
      - e091a616-2003-0038-3bba-487930000000
      x-ms-version:
      - '2018-03-28'
    status:
      code: 201
      message: Created
- request:
    body: null
    headers:
      Accept:
      - '*/*'
      Accept-Encoding:
      - gzip, deflate
      Connection:
      - keep-alive
      Content-Length:
      - '0'
      User-Agent:
      - azsdk-python-storage-queue/12.0.0b1 Python/3.7.3 (Windows-10-10.0.17763-SP0)
      content-type:
      - application/xml; charset=utf-8
      x-ms-client-request-id:
      - 7824cbf8-b4ad-11e9-aee7-2816a845e8c6
      x-ms-date:
      - Thu, 01 Aug 2019 22:41:14 GMT
      x-ms-version:
      - '2018-03-28'
    method: PUT
    uri: https://storagename.queue.core.windows.net/listqueue3560410cb
  response:
    body:
      string: ''
    headers:
      Content-Length:
      - '0'
      Date:
      - Thu, 01 Aug 2019 22:41:12 GMT
      Server:
      - Windows-Azure-Queue/1.0 Microsoft-HTTPAPI/2.0
      x-ms-request-id:
      - e091a61b-2003-0038-3fba-487930000000
      x-ms-version:
      - '2018-03-28'
    status:
      code: 201
      message: Created
- request:
    body: null
    headers:
      Accept:
      - application/xml
      Accept-Encoding:
      - gzip, deflate
      Connection:
      - keep-alive
      User-Agent:
      - azsdk-python-storage-queue/12.0.0b1 Python/3.7.3 (Windows-10-10.0.17763-SP0)
      content-type:
      - application/xml; charset=utf-8
      x-ms-client-request-id:
      - 7830e5f4-b4ad-11e9-9070-2816a845e8c6
      x-ms-date:
      - Thu, 01 Aug 2019 22:41:15 GMT
      x-ms-version:
      - '2018-03-28'
    method: GET
    uri: https://storagename.queue.core.windows.net/?prefix=listqueue&maxresults=3&comp=list
  response:
    body:
      string: "\uFEFF<?xml version=\"1.0\" encoding=\"utf-8\"?><EnumerationResults
        ServiceEndpoint=\"https://storagename.queue.core.windows.net/\"><Prefix>listqueue</Prefix><MaxResults>3</MaxResults><Queues><Queue><Name>listqueue0560410cb</Name></Queue><Queue><Name>listqueue1560410cb</Name></Queue><Queue><Name>listqueue2560410cb</Name></Queue></Queues><NextMarker>/storagename/listqueue33f3115c5</NextMarker></EnumerationResults>"
    headers:
      Cache-Control:
      - no-cache
      Content-Type:
      - application/xml
      Date:
      - Thu, 01 Aug 2019 22:41:12 GMT
      Server:
      - Windows-Azure-Queue/1.0 Microsoft-HTTPAPI/2.0
      Transfer-Encoding:
      - chunked
      Vary:
      - Origin
      x-ms-request-id:
      - e091a623-2003-0038-45ba-487930000000
      x-ms-version:
      - '2018-03-28'
    status:
      code: 200
      message: OK
- request:
    body: null
    headers:
      Accept:
      - application/xml
      Accept-Encoding:
      - gzip, deflate
      Connection:
      - keep-alive
      User-Agent:
      - azsdk-python-storage-queue/12.0.0b1 Python/3.7.3 (Windows-10-10.0.17763-SP0)
      content-type:
      - application/xml; charset=utf-8
      x-ms-client-request-id:
      - 783d6454-b4ad-11e9-af82-2816a845e8c6
      x-ms-date:
      - Thu, 01 Aug 2019 22:41:15 GMT
      x-ms-version:
      - '2018-03-28'
    method: GET
    uri: https://storagename.queue.core.windows.net/?prefix=listqueue&marker=%2Fstoragename%2Flistqueue33f3115c5&include=metadata&comp=list
  response:
    body:
      string: "\uFEFF<?xml version=\"1.0\" encoding=\"utf-8\"?><EnumerationResults
        ServiceEndpoint=\"https://storagename.queue.core.windows.net/\"><Prefix>listqueue</Prefix><Marker>/storagename/listqueue33f3115c5</Marker><Queues><Queue><Name>listqueue3560410cb</Name><Metadata
        /></Queue></Queues><NextMarker /></EnumerationResults>"
    headers:
      Cache-Control:
      - no-cache
      Content-Type:
      - application/xml
      Date:
      - Thu, 01 Aug 2019 22:41:12 GMT
      Server:
      - Windows-Azure-Queue/1.0 Microsoft-HTTPAPI/2.0
      Transfer-Encoding:
      - chunked
      Vary:
      - Origin
      x-ms-request-id:
      - e091a62b-2003-0038-4dba-487930000000
      x-ms-version:
      - '2018-03-28'
    status:
      code: 200
      message: OK
version: 1
