{
  "Entries": [
    {
      "RequestUri": "https://storagename.queue.core.windows.net/encryptionqueued171348d",
      "RequestMethod": "PUT",
      "RequestHeaders": {
        "Accept": "application/xml",
        "Accept-Encoding": "gzip, deflate",
        "Connection": "keep-alive",
        "Content-Length": "0",
        "User-Agent": "azsdk-python-storage-queue/12.5.1 Python/3.10.2 (Windows-10-10.0.19044-SP0)",
        "x-ms-date": "Mon, 31 Oct 2022 23:38:18 GMT",
        "x-ms-version": "2021-02-12"
      },
      "RequestBody": null,
      "StatusCode": 201,
      "ResponseHeaders": {
        "Content-Length": "0",
        "Date": "Mon, 31 Oct 2022 23:38:18 GMT",
        "Server": [
          "Windows-Azure-Queue/1.0",
          "Microsoft-HTTPAPI/2.0"
        ],
        "x-ms-version": "2021-02-12"
      },
      "ResponseBody": null
    },
    {
      "RequestUri": "https://storagename.queue.core.windows.net/encryptionqueued171348d/messages",
      "RequestMethod": "POST",
      "RequestHeaders": {
        "Accept": "application/xml",
        "Accept-Encoding": "gzip, deflate",
        "Connection": "keep-alive",
        "Content-Length": "521",
        "Content-Type": "application/xml",
        "User-Agent": "azsdk-python-storage-queue/12.5.1 Python/3.10.2 (Windows-10-10.0.19044-SP0)",
        "x-ms-date": "Mon, 31 Oct 2022 23:38:18 GMT",
        "x-ms-version": "2021-02-12"
      },
      "RequestBody": [
        "\u003C?xml version=\u00271.0\u0027 encoding=\u0027utf-8\u0027?\u003E\n",
        "\u003CQueueMessage\u003E\u003CMessageText\u003E{\u0022EncryptedMessageContents\u0022: \u0022Fpb/YDyTKKGkpaDeqez\u002BeAUfNTmofrlXC\u002BlXIB870zs=\u0022, \u0022EncryptionData\u0022: {\u0022WrappedContentKey\u0022: {\u0022KeyId\u0022: \u0022key1\u0022, \u0022EncryptedKey\u0022: \u0022zJpSf8DOs/fwIVPrWYZJkB\u002B6MPGuLB9\u002BPseTfxgbcDLGChi7TyYa0A==\u0022, \u0022Algorithm\u0022: \u0022A256KW\u0022}, \u0022EncryptionAgent\u0022: {\u0022Protocol\u0022: \u00221.0\u0022, \u0022EncryptionAlgorithm\u0022: \u0022AES_CBC_256\u0022}, \u0022ContentEncryptionIV\u0022: \u0022u9aHtmrl3JOwEx7Mn/TKqw==\u0022, \u0022KeyWrappingMetadata\u0022: {\u0022EncryptionLibrary\u0022: \u0022Python x.x.x\u0022}}}\u003C/MessageText\u003E\u003C/QueueMessage\u003E"
      ],
      "StatusCode": 201,
      "ResponseHeaders": {
        "Content-Type": "application/xml",
        "Date": "Mon, 31 Oct 2022 23:38:18 GMT",
        "Server": [
          "Windows-Azure-Queue/1.0",
          "Microsoft-HTTPAPI/2.0"
        ],
        "Transfer-Encoding": "chunked",
        "x-ms-version": "2021-02-12"
      },
      "ResponseBody": "\uFEFF\u003C?xml version=\u00221.0\u0022 encoding=\u0022utf-8\u0022?\u003E\u003CQueueMessagesList\u003E\u003CQueueMessage\u003E\u003CMessageId\u003E5cb9f9ee-1beb-4e8c-8cb0-833137646bff\u003C/MessageId\u003E\u003CInsertionTime\u003EMon, 31 Oct 2022 23:38:19 GMT\u003C/InsertionTime\u003E\u003CExpirationTime\u003EMon, 07 Nov 2022 23:38:19 GMT\u003C/ExpirationTime\u003E\u003CPopReceipt\u003EAgAAAAMAAAAAAAAATTQp24Ht2AE=\u003C/PopReceipt\u003E\u003CTimeNextVisible\u003EMon, 31 Oct 2022 23:38:19 GMT\u003C/TimeNextVisible\u003E\u003C/QueueMessage\u003E\u003C/QueueMessagesList\u003E"
    },
    {
      "RequestUri": "https://storagename.queue.core.windows.net/encryptionqueued171348d/messages",
      "RequestMethod": "GET",
      "RequestHeaders": {
        "Accept": "application/xml",
        "Accept-Encoding": "gzip, deflate",
        "Connection": "keep-alive",
        "User-Agent": "azsdk-python-storage-queue/12.5.1 Python/3.10.2 (Windows-10-10.0.19044-SP0)",
        "x-ms-date": "Mon, 31 Oct 2022 23:38:19 GMT",
        "x-ms-version": "2021-02-12"
      },
      "RequestBody": null,
      "StatusCode": 200,
      "ResponseHeaders": {
        "Cache-Control": "no-cache",
        "Content-Type": "application/xml",
        "Date": "Mon, 31 Oct 2022 23:38:19 GMT",
        "Server": [
          "Windows-Azure-Queue/1.0",
          "Microsoft-HTTPAPI/2.0"
        ],
        "Transfer-Encoding": "chunked",
        "Vary": "Origin",
        "x-ms-version": "2021-02-12"
      },
      "ResponseBody": "\uFEFF\u003C?xml version=\u00221.0\u0022 encoding=\u0022utf-8\u0022?\u003E\u003CQueueMessagesList\u003E\u003CQueueMessage\u003E\u003CMessageId\u003E5cb9f9ee-1beb-4e8c-8cb0-833137646bff\u003C/MessageId\u003E\u003CInsertionTime\u003EMon, 31 Oct 2022 23:38:19 GMT\u003C/InsertionTime\u003E\u003CExpirationTime\u003EMon, 07 Nov 2022 23:38:19 GMT\u003C/ExpirationTime\u003E\u003CPopReceipt\u003EAgAAAAMAAAAAAAAANuQW7YHt2AE=\u003C/PopReceipt\u003E\u003CTimeNextVisible\u003EMon, 31 Oct 2022 23:38:49 GMT\u003C/TimeNextVisible\u003E\u003CDequeueCount\u003E1\u003C/DequeueCount\u003E\u003CMessageText\u003E{\u0022EncryptedMessageContents\u0022: \u0022Fpb/YDyTKKGkpaDeqez\u002BeAUfNTmofrlXC\u002BlXIB870zs=\u0022, \u0022EncryptionData\u0022: {\u0022WrappedContentKey\u0022: {\u0022KeyId\u0022: \u0022key1\u0022, \u0022EncryptedKey\u0022: \u0022zJpSf8DOs/fwIVPrWYZJkB\u002B6MPGuLB9\u002BPseTfxgbcDLGChi7TyYa0A==\u0022, \u0022Algorithm\u0022: \u0022A256KW\u0022}, \u0022EncryptionAgent\u0022: {\u0022Protocol\u0022: \u00221.0\u0022, \u0022EncryptionAlgorithm\u0022: \u0022AES_CBC_256\u0022}, \u0022ContentEncryptionIV\u0022: \u0022u9aHtmrl3JOwEx7Mn/TKqw==\u0022, \u0022KeyWrappingMetadata\u0022: {\u0022EncryptionLibrary\u0022: \u0022Python x.x.x\u0022}}}\u003C/MessageText\u003E\u003C/QueueMessage\u003E\u003C/QueueMessagesList\u003E"
    },
    {
      "RequestUri": "https://storagename.queue.core.windows.net/encryptionqueued171348d/messages/5cb9f9ee-1beb-4e8c-8cb0-833137646bff?popreceipt=AgAAAAMAAAAAAAAANuQW7YHt2AE%3D\u0026visibilitytimeout=0",
      "RequestMethod": "PUT",
      "RequestHeaders": {
        "Accept": "application/xml",
        "Accept-Encoding": "gzip, deflate",
        "Connection": "keep-alive",
        "Content-Length": "521",
        "Content-Type": "application/xml",
        "User-Agent": "azsdk-python-storage-queue/12.5.1 Python/3.10.2 (Windows-10-10.0.19044-SP0)",
        "x-ms-date": "Mon, 31 Oct 2022 23:38:19 GMT",
        "x-ms-version": "2021-02-12"
      },
      "RequestBody": [
        "\u003C?xml version=\u00271.0\u0027 encoding=\u0027utf-8\u0027?\u003E\n",
        "\u003CQueueMessage\u003E\u003CMessageText\u003E{\u0022EncryptedMessageContents\u0022: \u0022RpD4wa4JxA2yw8oED/\u002Bxo8jYtOFcwUiaRGFmVZdGVBM=\u0022, \u0022EncryptionData\u0022: {\u0022WrappedContentKey\u0022: {\u0022KeyId\u0022: \u0022key1\u0022, \u0022EncryptedKey\u0022: \u0022zJpSf8DOs/fwIVPrWYZJkB\u002B6MPGuLB9\u002BPseTfxgbcDLGChi7TyYa0A==\u0022, \u0022Algorithm\u0022: \u0022A256KW\u0022}, \u0022EncryptionAgent\u0022: {\u0022Protocol\u0022: \u00221.0\u0022, \u0022EncryptionAlgorithm\u0022: \u0022AES_CBC_256\u0022}, \u0022ContentEncryptionIV\u0022: \u0022u9aHtmrl3JOwEx7Mn/TKqw==\u0022, \u0022KeyWrappingMetadata\u0022: {\u0022EncryptionLibrary\u0022: \u0022Python x.x.x\u0022}}}\u003C/MessageText\u003E\u003C/QueueMessage\u003E"
      ],
      "StatusCode": 204,
      "ResponseHeaders": {
        "Content-Length": "0",
        "Date": "Mon, 31 Oct 2022 23:38:19 GMT",
        "Server": [
          "Windows-Azure-Queue/1.0",
          "Microsoft-HTTPAPI/2.0"
        ],
        "x-ms-popreceipt": "AwAAAAMAAAAAAAAAj4ZC24Ht2AEBAAAA",
        "x-ms-time-next-visible": "Mon, 31 Oct 2022 23:38:19 GMT",
        "x-ms-version": "2021-02-12"
      },
      "ResponseBody": null
    },
    {
      "RequestUri": "https://storagename.queue.core.windows.net/encryptionqueued171348d/messages",
      "RequestMethod": "GET",
      "RequestHeaders": {
        "Accept": "application/xml",
        "Accept-Encoding": "gzip, deflate",
        "Connection": "keep-alive",
        "User-Agent": "azsdk-python-storage-queue/12.5.1 Python/3.10.2 (Windows-10-10.0.19044-SP0)",
        "x-ms-date": "Mon, 31 Oct 2022 23:38:19 GMT",
        "x-ms-version": "2021-02-12"
      },
      "RequestBody": null,
      "StatusCode": 200,
      "ResponseHeaders": {
        "Cache-Control": "no-cache",
        "Content-Type": "application/xml",
        "Date": "Mon, 31 Oct 2022 23:38:19 GMT",
        "Server": [
          "Windows-Azure-Queue/1.0",
          "Microsoft-HTTPAPI/2.0"
        ],
        "Transfer-Encoding": "chunked",
        "Vary": "Origin",
        "x-ms-version": "2021-02-12"
      },
      "ResponseBody": "\uFEFF\u003C?xml version=\u00221.0\u0022 encoding=\u0022utf-8\u0022?\u003E\u003CQueueMessagesList\u003E\u003CQueueMessage\u003E\u003CMessageId\u003E5cb9f9ee-1beb-4e8c-8cb0-833137646bff\u003C/MessageId\u003E\u003CInsertionTime\u003EMon, 31 Oct 2022 23:38:19 GMT\u003C/InsertionTime\u003E\u003CExpirationTime\u003EMon, 07 Nov 2022 23:38:19 GMT\u003C/ExpirationTime\u003E\u003CPopReceipt\u003EAgAAAAMAAAAAAAAAMIAy7YHt2AE=\u003C/PopReceipt\u003E\u003CTimeNextVisible\u003EMon, 31 Oct 2022 23:38:49 GMT\u003C/TimeNextVisible\u003E\u003CDequeueCount\u003E2\u003C/DequeueCount\u003E\u003CMessageText\u003E{\u0022EncryptedMessageContents\u0022: \u0022RpD4wa4JxA2yw8oED/\u002Bxo8jYtOFcwUiaRGFmVZdGVBM=\u0022, \u0022EncryptionData\u0022: {\u0022WrappedContentKey\u0022: {\u0022KeyId\u0022: \u0022key1\u0022, \u0022EncryptedKey\u0022: \u0022zJpSf8DOs/fwIVPrWYZJkB\u002B6MPGuLB9\u002BPseTfxgbcDLGChi7TyYa0A==\u0022, \u0022Algorithm\u0022: \u0022A256KW\u0022}, \u0022EncryptionAgent\u0022: {\u0022Protocol\u0022: \u00221.0\u0022, \u0022EncryptionAlgorithm\u0022: \u0022AES_CBC_256\u0022}, \u0022ContentEncryptionIV\u0022: \u0022u9aHtmrl3JOwEx7Mn/TKqw==\u0022, \u0022KeyWrappingMetadata\u0022: {\u0022EncryptionLibrary\u0022: \u0022Python x.x.x\u0022}}}\u003C/MessageText\u003E\u003C/QueueMessage\u003E\u003C/QueueMessagesList\u003E"
    }
  ],
  "Variables": {}
}
