interactions:
- request:
    body: null
    headers:
      User-Agent:
      - azsdk-python-storage-queue/12.0.0b4 Python/3.7.3 (Windows-10-10.0.17763-SP0)
      x-ms-date:
      - Wed, 16 Oct 2019 06:52:28 GMT
      x-ms-version:
      - '2018-03-28'
    method: PUT
    uri: https://pyacrstorage7e8f16c0.queue.core.windows.net/pythonqueue7e8f16c0
  response:
    body:
      string: ''
    headers:
      content-length: '0'
      date: Wed, 16 Oct 2019 06:52:28 GMT
      server: Windows-Azure-Queue/1.0 Microsoft-HTTPAPI/2.0
      x-ms-version: '2018-03-28'
    status:
      code: 201
      message: Created
    url: !!python/object/new:yarl.URL
      state: !!python/tuple
      - !!python/object/new:urllib.parse.SplitResult
        - https
        - pyacrstorage7e8f16c0.queue.core.windows.net
        - /pythonqueue7e8f16c0
        - ''
        - ''
- request:
    body: '<?xml version=''1.0'' encoding=''utf-8''?>

      <QueueMessage><MessageText>message1</MessageText></QueueMessage>'
    headers:
      Accept:
      - application/xml
      Content-Length:
      - '103'
      Content-Type:
      - application/xml; charset=utf-8
      User-Agent:
      - azsdk-python-storage-queue/12.0.0b4 Python/3.7.3 (Windows-10-10.0.17763-SP0)
      x-ms-date:
      - Wed, 16 Oct 2019 06:52:28 GMT
      x-ms-version:
      - '2018-03-28'
    method: POST
    uri: https://pyacrstorage7e8f16c0.queue.core.windows.net/pythonqueue7e8f16c0/messages?messagettl=-1
  response:
    body:
      string: "\uFEFF<?xml version=\"1.0\" encoding=\"utf-8\"?><QueueMessagesList><QueueMessage><MessageId>dba45fcf-9a20-45fa-9139-69febbe4fefb</MessageId><InsertionTime>Wed,
        16 Oct 2019 06:52:28 GMT</InsertionTime><ExpirationTime>Fri, 31 Dec 9999 23:59:59
        GMT</ExpirationTime><PopReceipt>AgAAAAMAAAAAAAAA0nSBRu6D1QE=</PopReceipt><TimeNextVisible>Wed,
        16 Oct 2019 06:52:28 GMT</TimeNextVisible></QueueMessage></QueueMessagesList>"
    headers:
      content-type: application/xml
      date: Wed, 16 Oct 2019 06:52:28 GMT
      server: Windows-Azure-Queue/1.0 Microsoft-HTTPAPI/2.0
      transfer-encoding: chunked
      x-ms-version: '2018-03-28'
    status:
      code: 201
      message: Created
    url: !!python/object/new:yarl.URL
      state: !!python/tuple
      - !!python/object/new:urllib.parse.SplitResult
        - https
        - pyacrstorage7e8f16c0.queue.core.windows.net
        - /pythonqueue7e8f16c0/messages
        - messagettl=-1
        - ''
- request:
    body: null
    headers:
      Accept:
      - application/xml
      User-Agent:
      - azsdk-python-storage-queue/12.0.0b4 Python/3.7.3 (Windows-10-10.0.17763-SP0)
      x-ms-date:
      - Wed, 16 Oct 2019 06:52:29 GMT
      x-ms-version:
      - '2018-03-28'
    method: GET
    uri: https://pyacrstorage7e8f16c0.queue.core.windows.net/pythonqueue7e8f16c0/messages?peekonly=true
  response:
    body:
      string: "\uFEFF<?xml version=\"1.0\" encoding=\"utf-8\"?><QueueMessagesList><QueueMessage><MessageId>dba45fcf-9a20-45fa-9139-69febbe4fefb</MessageId><InsertionTime>Wed,
        16 Oct 2019 06:52:28 GMT</InsertionTime><ExpirationTime>Fri, 31 Dec 9999 23:59:59
        GMT</ExpirationTime><DequeueCount>0</DequeueCount><MessageText>message1</MessageText></QueueMessage></QueueMessagesList>"
    headers:
      cache-control: no-cache
      content-type: application/xml
      date: Wed, 16 Oct 2019 06:52:28 GMT
      server: Windows-Azure-Queue/1.0 Microsoft-HTTPAPI/2.0
      transfer-encoding: chunked
      x-ms-version: '2018-03-28'
    status:
      code: 200
      message: OK
    url: !!python/object/new:yarl.URL
      state: !!python/tuple
      - !!python/object/new:urllib.parse.SplitResult
        - https
        - pyacrstorage7e8f16c0.queue.core.windows.net
        - /pythonqueue7e8f16c0/messages
        - peekonly=true
        - ''
version: 1
