interactions:
- request:
    body: null
    headers:
      Accept:
      - '*/*'
      Accept-Encoding:
      - gzip, deflate
      Connection:
      - keep-alive
      Content-Length:
      - '0'
      User-Agent:
      - python/3.7.3 (Windows-10-10.0.18362-SP0) azure-core/0.0.1
      x-ms-client-request-id:
      - 54639ce8-978f-11e9-aed6-b831b58100e8
      x-ms-date:
      - Tue, 25 Jun 2019 21:22:26 GMT
      x-ms-version:
      - '2018-03-28'
    method: PUT
    uri: https://storagename.queue.core.windows.net/peekqueue
  response:
    body:
      string: ''
    headers:
      Content-Length:
      - '0'
      Date:
      - Tue, 25 Jun 2019 21:22:28 GMT
      Server:
      - Windows-Azure-Queue/1.0 Microsoft-HTTPAPI/2.0
      x-ms-request-id:
      - ccb62416-8003-00e2-069c-2b6ed5000000
      x-ms-version:
      - '2018-03-28'
    status:
      code: 201
      message: Created
- request:
    body: '<?xml version=''1.0'' encoding=''utf-8''?>

      <QueueMessage><MessageText>message1</MessageText></QueueMessage>'
    headers:
      Accept:
      - application/xml
      Accept-Encoding:
      - gzip, deflate
      Connection:
      - keep-alive
      Content-Length:
      - '103'
      Content-Type:
      - application/xml; charset=utf-8
      User-Agent:
      - python/3.7.3 (Windows-10-10.0.18362-SP0) azure-core/0.0.1
      x-ms-client-request-id:
      - 565a2cee-978f-11e9-b608-b831b58100e8
      x-ms-date:
      - Tue, 25 Jun 2019 21:22:29 GMT
      x-ms-version:
      - '2018-03-28'
    method: POST
    uri: https://storagename.queue.core.windows.net/peekqueue/messages
  response:
    body:
      string: "\uFEFF<?xml version=\"1.0\" encoding=\"utf-8\"?><QueueMessagesList><QueueMessage><MessageId>b1d3311b-1576-4e4f-8b68-d2473c8b9460</MessageId><InsertionTime>Tue,
        25 Jun 2019 21:22:29 GMT</InsertionTime><ExpirationTime>Tue, 02 Jul 2019 21:22:29
        GMT</ExpirationTime><PopReceipt>AgAAAAMAAAAAAAAA4GoXGJwr1QE=</PopReceipt><TimeNextVisible>Tue,
        25 Jun 2019 21:22:29 GMT</TimeNextVisible></QueueMessage></QueueMessagesList>"
    headers:
      Content-Type:
      - application/xml
      Date:
      - Tue, 25 Jun 2019 21:22:29 GMT
      Server:
      - Windows-Azure-Queue/1.0 Microsoft-HTTPAPI/2.0
      Transfer-Encoding:
      - chunked
      x-ms-request-id:
      - ccb6257b-8003-00e2-4a9c-2b6ed5000000
      x-ms-version:
      - '2018-03-28'
    status:
      code: 201
      message: Created
- request:
    body: '<?xml version=''1.0'' encoding=''utf-8''?>

      <QueueMessage><MessageText>message2</MessageText></QueueMessage>'
    headers:
      Accept:
      - application/xml
      Accept-Encoding:
      - gzip, deflate
      Connection:
      - keep-alive
      Content-Length:
      - '103'
      Content-Type:
      - application/xml; charset=utf-8
      User-Agent:
      - python/3.7.3 (Windows-10-10.0.18362-SP0) azure-core/0.0.1
      x-ms-client-request-id:
      - 5662de92-978f-11e9-b025-b831b58100e8
      x-ms-date:
      - Tue, 25 Jun 2019 21:22:29 GMT
      x-ms-version:
      - '2018-03-28'
    method: POST
    uri: https://storagename.queue.core.windows.net/peekqueue/messages
  response:
    body:
      string: "\uFEFF<?xml version=\"1.0\" encoding=\"utf-8\"?><QueueMessagesList><QueueMessage><MessageId>93ba224f-74e1-4bba-8cde-8d7faa8c0001</MessageId><InsertionTime>Tue,
        25 Jun 2019 21:22:29 GMT</InsertionTime><ExpirationTime>Tue, 02 Jul 2019 21:22:29
        GMT</ExpirationTime><PopReceipt>AgAAAAMAAAAAAAAAdHEeGJwr1QE=</PopReceipt><TimeNextVisible>Tue,
        25 Jun 2019 21:22:29 GMT</TimeNextVisible></QueueMessage></QueueMessagesList>"
    headers:
      Content-Type:
      - application/xml
      Date:
      - Tue, 25 Jun 2019 21:22:29 GMT
      Server:
      - Windows-Azure-Queue/1.0 Microsoft-HTTPAPI/2.0
      Transfer-Encoding:
      - chunked
      x-ms-request-id:
      - ccb6257c-8003-00e2-4b9c-2b6ed5000000
      x-ms-version:
      - '2018-03-28'
    status:
      code: 201
      message: Created
- request:
    body: '<?xml version=''1.0'' encoding=''utf-8''?>

      <QueueMessage><MessageText>message3</MessageText></QueueMessage>'
    headers:
      Accept:
      - application/xml
      Accept-Encoding:
      - gzip, deflate
      Connection:
      - keep-alive
      Content-Length:
      - '103'
      Content-Type:
      - application/xml; charset=utf-8
      User-Agent:
      - python/3.7.3 (Windows-10-10.0.18362-SP0) azure-core/0.0.1
      x-ms-client-request-id:
      - 56699586-978f-11e9-b60b-b831b58100e8
      x-ms-date:
      - Tue, 25 Jun 2019 21:22:29 GMT
      x-ms-version:
      - '2018-03-28'
    method: POST
    uri: https://storagename.queue.core.windows.net/peekqueue/messages
  response:
    body:
      string: "\uFEFF<?xml version=\"1.0\" encoding=\"utf-8\"?><QueueMessagesList><QueueMessage><MessageId>ec15872f-e97d-4bf3-8381-bcd28ec295c7</MessageId><InsertionTime>Tue,
        25 Jun 2019 21:22:29 GMT</InsertionTime><ExpirationTime>Tue, 02 Jul 2019 21:22:29
        GMT</ExpirationTime><PopReceipt>AgAAAAMAAAAAAAAAhjsmGJwr1QE=</PopReceipt><TimeNextVisible>Tue,
        25 Jun 2019 21:22:29 GMT</TimeNextVisible></QueueMessage></QueueMessagesList>"
    headers:
      Content-Type:
      - application/xml
      Date:
      - Tue, 25 Jun 2019 21:22:29 GMT
      Server:
      - Windows-Azure-Queue/1.0 Microsoft-HTTPAPI/2.0
      Transfer-Encoding:
      - chunked
      x-ms-request-id:
      - ccb62582-8003-00e2-4f9c-2b6ed5000000
      x-ms-version:
      - '2018-03-28'
    status:
      code: 201
      message: Created
- request:
    body: '<?xml version=''1.0'' encoding=''utf-8''?>

      <QueueMessage><MessageText>message4</MessageText></QueueMessage>'
    headers:
      Accept:
      - application/xml
      Accept-Encoding:
      - gzip, deflate
      Connection:
      - keep-alive
      Content-Length:
      - '103'
      Content-Type:
      - application/xml; charset=utf-8
      User-Agent:
      - python/3.7.3 (Windows-10-10.0.18362-SP0) azure-core/0.0.1
      x-ms-client-request-id:
      - 5671d2d8-978f-11e9-ac03-b831b58100e8
      x-ms-date:
      - Tue, 25 Jun 2019 21:22:29 GMT
      x-ms-version:
      - '2018-03-28'
    method: POST
    uri: https://storagename.queue.core.windows.net/peekqueue/messages
  response:
    body:
      string: "\uFEFF<?xml version=\"1.0\" encoding=\"utf-8\"?><QueueMessagesList><QueueMessage><MessageId>0be2a5fc-0aca-4212-b787-63e66d7ec1fb</MessageId><InsertionTime>Tue,
        25 Jun 2019 21:22:29 GMT</InsertionTime><ExpirationTime>Tue, 02 Jul 2019 21:22:29
        GMT</ExpirationTime><PopReceipt>AgAAAAMAAAAAAAAAmQUuGJwr1QE=</PopReceipt><TimeNextVisible>Tue,
        25 Jun 2019 21:22:29 GMT</TimeNextVisible></QueueMessage></QueueMessagesList>"
    headers:
      Content-Type:
      - application/xml
      Date:
      - Tue, 25 Jun 2019 21:22:29 GMT
      Server:
      - Windows-Azure-Queue/1.0 Microsoft-HTTPAPI/2.0
      Transfer-Encoding:
      - chunked
      x-ms-request-id:
      - ccb6258b-8003-00e2-579c-2b6ed5000000
      x-ms-version:
      - '2018-03-28'
    status:
      code: 201
      message: Created
- request:
    body: '<?xml version=''1.0'' encoding=''utf-8''?>

      <QueueMessage><MessageText>message5</MessageText></QueueMessage>'
    headers:
      Accept:
      - application/xml
      Accept-Encoding:
      - gzip, deflate
      Connection:
      - keep-alive
      Content-Length:
      - '103'
      Content-Type:
      - application/xml; charset=utf-8
      User-Agent:
      - python/3.7.3 (Windows-10-10.0.18362-SP0) azure-core/0.0.1
      x-ms-client-request-id:
      - 56794cfa-978f-11e9-bcf3-b831b58100e8
      x-ms-date:
      - Tue, 25 Jun 2019 21:22:29 GMT
      x-ms-version:
      - '2018-03-28'
    method: POST
    uri: https://storagename.queue.core.windows.net/peekqueue/messages
  response:
    body:
      string: "\uFEFF<?xml version=\"1.0\" encoding=\"utf-8\"?><QueueMessagesList><QueueMessage><MessageId>f858cf42-ea6d-4aed-b521-34453b1fa0b0</MessageId><InsertionTime>Tue,
        25 Jun 2019 21:22:29 GMT</InsertionTime><ExpirationTime>Tue, 02 Jul 2019 21:22:29
        GMT</ExpirationTime><PopReceipt>AgAAAAMAAAAAAAAAQLo2GJwr1QE=</PopReceipt><TimeNextVisible>Tue,
        25 Jun 2019 21:22:29 GMT</TimeNextVisible></QueueMessage></QueueMessagesList>"
    headers:
      Content-Type:
      - application/xml
      Date:
      - Tue, 25 Jun 2019 21:22:29 GMT
      Server:
      - Windows-Azure-Queue/1.0 Microsoft-HTTPAPI/2.0
      Transfer-Encoding:
      - chunked
      x-ms-request-id:
      - ccb62593-8003-00e2-5f9c-2b6ed5000000
      x-ms-version:
      - '2018-03-28'
    status:
      code: 201
      message: Created
- request:
    body: null
    headers:
      Accept:
      - application/xml
      Accept-Encoding:
      - gzip, deflate
      Connection:
      - keep-alive
      User-Agent:
      - python/3.7.3 (Windows-10-10.0.18362-SP0) azure-core/0.0.1
      x-ms-client-request-id:
      - 5681ff5a-978f-11e9-86d0-b831b58100e8
      x-ms-date:
      - Tue, 25 Jun 2019 21:22:29 GMT
      x-ms-version:
      - '2018-03-28'
    method: GET
    uri: https://storagename.queue.core.windows.net/peekqueue/messages?peekonly=true
  response:
    body:
      string: "\uFEFF<?xml version=\"1.0\" encoding=\"utf-8\"?><QueueMessagesList><QueueMessage><MessageId>b1d3311b-1576-4e4f-8b68-d2473c8b9460</MessageId><InsertionTime>Tue,
        25 Jun 2019 21:22:29 GMT</InsertionTime><ExpirationTime>Tue, 02 Jul 2019 21:22:29
        GMT</ExpirationTime><DequeueCount>0</DequeueCount><MessageText>message1</MessageText></QueueMessage></QueueMessagesList>"
    headers:
      Access-Control-Allow-Origin:
      - '*'
      Access-Control-Expose-Headers:
      - x-ms-request-id,Server,x-ms-version,Content-Type,Cache-Control,Content-Length,Date,Transfer-Encoding
      Cache-Control:
      - no-cache
      Content-Type:
      - application/xml
      Date:
      - Tue, 25 Jun 2019 21:22:29 GMT
      Server:
      - Windows-Azure-Queue/1.0 Microsoft-HTTPAPI/2.0
      Transfer-Encoding:
      - chunked
      x-ms-request-id:
      - ccb6259f-8003-00e2-699c-2b6ed5000000
      x-ms-version:
      - '2018-03-28'
    status:
      code: 200
      message: OK
- request:
    body: null
    headers:
      Accept:
      - application/xml
      Accept-Encoding:
      - gzip, deflate
      Connection:
      - keep-alive
      User-Agent:
      - python/3.7.3 (Windows-10-10.0.18362-SP0) azure-core/0.0.1
      x-ms-client-request-id:
      - 56888f0c-978f-11e9-88f7-b831b58100e8
      x-ms-date:
      - Tue, 25 Jun 2019 21:22:29 GMT
      x-ms-version:
      - '2018-03-28'
    method: GET
    uri: https://storagename.queue.core.windows.net/peekqueue/messages?numofmessages=5&peekonly=true
  response:
    body:
      string: "\uFEFF<?xml version=\"1.0\" encoding=\"utf-8\"?><QueueMessagesList><QueueMessage><MessageId>b1d3311b-1576-4e4f-8b68-d2473c8b9460</MessageId><InsertionTime>Tue,
        25 Jun 2019 21:22:29 GMT</InsertionTime><ExpirationTime>Tue, 02 Jul 2019 21:22:29
        GMT</ExpirationTime><DequeueCount>0</DequeueCount><MessageText>message1</MessageText></QueueMessage><QueueMessage><MessageId>93ba224f-74e1-4bba-8cde-8d7faa8c0001</MessageId><InsertionTime>Tue,
        25 Jun 2019 21:22:29 GMT</InsertionTime><ExpirationTime>Tue, 02 Jul 2019 21:22:29
        GMT</ExpirationTime><DequeueCount>0</DequeueCount><MessageText>message2</MessageText></QueueMessage><QueueMessage><MessageId>ec15872f-e97d-4bf3-8381-bcd28ec295c7</MessageId><InsertionTime>Tue,
        25 Jun 2019 21:22:29 GMT</InsertionTime><ExpirationTime>Tue, 02 Jul 2019 21:22:29
        GMT</ExpirationTime><DequeueCount>0</DequeueCount><MessageText>message3</MessageText></QueueMessage><QueueMessage><MessageId>0be2a5fc-0aca-4212-b787-63e66d7ec1fb</MessageId><InsertionTime>Tue,
        25 Jun 2019 21:22:29 GMT</InsertionTime><ExpirationTime>Tue, 02 Jul 2019 21:22:29
        GMT</ExpirationTime><DequeueCount>0</DequeueCount><MessageText>message4</MessageText></QueueMessage><QueueMessage><MessageId>f858cf42-ea6d-4aed-b521-34453b1fa0b0</MessageId><InsertionTime>Tue,
        25 Jun 2019 21:22:29 GMT</InsertionTime><ExpirationTime>Tue, 02 Jul 2019 21:22:29
        GMT</ExpirationTime><DequeueCount>0</DequeueCount><MessageText>message5</MessageText></QueueMessage></QueueMessagesList>"
    headers:
      Access-Control-Allow-Origin:
      - '*'
      Access-Control-Expose-Headers:
      - x-ms-request-id,Server,x-ms-version,Content-Type,Cache-Control,Content-Length,Date,Transfer-Encoding
      Cache-Control:
      - no-cache
      Content-Type:
      - application/xml
      Date:
      - Tue, 25 Jun 2019 21:22:29 GMT
      Server:
      - Windows-Azure-Queue/1.0 Microsoft-HTTPAPI/2.0
      Transfer-Encoding:
      - chunked
      x-ms-request-id:
      - ccb625a5-8003-00e2-6f9c-2b6ed5000000
      x-ms-version:
      - '2018-03-28'
    status:
      code: 200
      message: OK
- request:
    body: null
    headers:
      Accept:
      - '*/*'
      Accept-Encoding:
      - gzip, deflate
      Connection:
      - keep-alive
      Content-Length:
      - '0'
      User-Agent:
      - python/3.7.3 (Windows-10-10.0.18362-SP0) azure-core/0.0.1
      x-ms-client-request-id:
      - 56933e58-978f-11e9-acb4-b831b58100e8
      x-ms-date:
      - Tue, 25 Jun 2019 21:22:30 GMT
      x-ms-version:
      - '2018-03-28'
    method: DELETE
    uri: https://storagename.queue.core.windows.net/peekqueue
  response:
    body:
      string: ''
    headers:
      Content-Length:
      - '0'
      Date:
      - Tue, 25 Jun 2019 21:22:30 GMT
      Server:
      - Windows-Azure-Queue/1.0 Microsoft-HTTPAPI/2.0
      x-ms-request-id:
      - ccb625bf-8003-00e2-049c-2b6ed5000000
      x-ms-version:
      - '2018-03-28'
    status:
      code: 204
      message: No Content
- request:
    body: null
    headers:
      Accept:
      - '*/*'
      Accept-Encoding:
      - gzip, deflate
      Connection:
      - keep-alive
      Content-Length:
      - '0'
      User-Agent:
      - python/3.7.3 (Windows-10-10.0.18362-SP0) azure-core/0.0.1
      x-ms-client-request-id:
      - 6dc9a94a-978f-11e9-a210-b831b58100e8
      x-ms-date:
      - Tue, 25 Jun 2019 21:23:08 GMT
      x-ms-version:
      - '2018-03-28'
    method: PUT
    uri: https://storagename.queue.core.windows.net/peekqueue
  response:
    body:
      string: ''
    headers:
      Content-Length:
      - '0'
      Date:
      - Tue, 25 Jun 2019 21:23:11 GMT
      Server:
      - Windows-Azure-Queue/1.0 Microsoft-HTTPAPI/2.0
      x-ms-request-id:
      - ba8103d7-7003-0060-5f9c-2b2f6b000000
      x-ms-version:
      - '2018-03-28'
    status:
      code: 201
      message: Created
- request:
    body: '<?xml version=''1.0'' encoding=''utf-8''?>

      <QueueMessage><MessageText>message1</MessageText></QueueMessage>'
    headers:
      Accept:
      - application/xml
      Accept-Encoding:
      - gzip, deflate
      Connection:
      - keep-alive
      Content-Length:
      - '103'
      Content-Type:
      - application/xml; charset=utf-8
      User-Agent:
      - python/3.7.3 (Windows-10-10.0.18362-SP0) azure-core/0.0.1
      x-ms-client-request-id:
      - 6fbde5be-978f-11e9-8e96-b831b58100e8
      x-ms-date:
      - Tue, 25 Jun 2019 21:23:12 GMT
      x-ms-version:
      - '2018-03-28'
    method: POST
    uri: https://storagename.queue.core.windows.net/peekqueue/messages
  response:
    body:
      string: "\uFEFF<?xml version=\"1.0\" encoding=\"utf-8\"?><QueueMessagesList><QueueMessage><MessageId>537d72ef-dc55-40c4-99b1-b813d2a5487d</MessageId><InsertionTime>Tue,
        25 Jun 2019 21:23:12 GMT</InsertionTime><ExpirationTime>Tue, 02 Jul 2019 21:23:12
        GMT</ExpirationTime><PopReceipt>AgAAAAMAAAAAAAAAj8l6MZwr1QE=</PopReceipt><TimeNextVisible>Tue,
        25 Jun 2019 21:23:12 GMT</TimeNextVisible></QueueMessage></QueueMessagesList>"
    headers:
      Content-Type:
      - application/xml
      Date:
      - Tue, 25 Jun 2019 21:23:11 GMT
      Server:
      - Windows-Azure-Queue/1.0 Microsoft-HTTPAPI/2.0
      Transfer-Encoding:
      - chunked
      x-ms-request-id:
      - ba810831-7003-0060-179c-2b2f6b000000
      x-ms-version:
      - '2018-03-28'
    status:
      code: 201
      message: Created
- request:
    body: '<?xml version=''1.0'' encoding=''utf-8''?>

      <QueueMessage><MessageText>message2</MessageText></QueueMessage>'
    headers:
      Accept:
      - application/xml
      Accept-Encoding:
      - gzip, deflate
      Connection:
      - keep-alive
      Content-Length:
      - '103'
      Content-Type:
      - application/xml; charset=utf-8
      User-Agent:
      - python/3.7.3 (Windows-10-10.0.18362-SP0) azure-core/0.0.1
      x-ms-client-request-id:
      - 6fc5fb1c-978f-11e9-bab7-b831b58100e8
      x-ms-date:
      - Tue, 25 Jun 2019 21:23:12 GMT
      x-ms-version:
      - '2018-03-28'
    method: POST
    uri: https://storagename.queue.core.windows.net/peekqueue/messages
  response:
    body:
      string: "\uFEFF<?xml version=\"1.0\" encoding=\"utf-8\"?><QueueMessagesList><QueueMessage><MessageId>c037e606-1f40-4349-be3e-422793daa393</MessageId><InsertionTime>Tue,
        25 Jun 2019 21:23:12 GMT</InsertionTime><ExpirationTime>Tue, 02 Jul 2019 21:23:12
        GMT</ExpirationTime><PopReceipt>AgAAAAMAAAAAAAAAopOCMZwr1QE=</PopReceipt><TimeNextVisible>Tue,
        25 Jun 2019 21:23:12 GMT</TimeNextVisible></QueueMessage></QueueMessagesList>"
    headers:
      Content-Type:
      - application/xml
      Date:
      - Tue, 25 Jun 2019 21:23:11 GMT
      Server:
      - Windows-Azure-Queue/1.0 Microsoft-HTTPAPI/2.0
      Transfer-Encoding:
      - chunked
      x-ms-request-id:
      - ba81083f-7003-0060-259c-2b2f6b000000
      x-ms-version:
      - '2018-03-28'
    status:
      code: 201
      message: Created
- request:
    body: '<?xml version=''1.0'' encoding=''utf-8''?>

      <QueueMessage><MessageText>message3</MessageText></QueueMessage>'
    headers:
      Accept:
      - application/xml
      Accept-Encoding:
      - gzip, deflate
      Connection:
      - keep-alive
      Content-Length:
      - '103'
      Content-Type:
      - application/xml; charset=utf-8
      User-Agent:
      - python/3.7.3 (Windows-10-10.0.18362-SP0) azure-core/0.0.1
      x-ms-client-request-id:
      - 6fcdea5a-978f-11e9-8f7f-b831b58100e8
      x-ms-date:
      - Tue, 25 Jun 2019 21:23:12 GMT
      x-ms-version:
      - '2018-03-28'
    method: POST
    uri: https://storagename.queue.core.windows.net/peekqueue/messages
  response:
    body:
      string: "\uFEFF<?xml version=\"1.0\" encoding=\"utf-8\"?><QueueMessagesList><QueueMessage><MessageId>42b03548-58d0-4362-a353-d4c204d8d604</MessageId><InsertionTime>Tue,
        25 Jun 2019 21:23:12 GMT</InsertionTime><ExpirationTime>Tue, 02 Jul 2019 21:23:12
        GMT</ExpirationTime><PopReceipt>AgAAAAMAAAAAAAAAy5KNMZwr1QE=</PopReceipt><TimeNextVisible>Tue,
        25 Jun 2019 21:23:12 GMT</TimeNextVisible></QueueMessage></QueueMessagesList>"
    headers:
      Content-Type:
      - application/xml
      Date:
      - Tue, 25 Jun 2019 21:23:11 GMT
      Server:
      - Windows-Azure-Queue/1.0 Microsoft-HTTPAPI/2.0
      Transfer-Encoding:
      - chunked
      x-ms-request-id:
      - ba810858-7003-0060-3e9c-2b2f6b000000
      x-ms-version:
      - '2018-03-28'
    status:
      code: 201
      message: Created
- request:
    body: '<?xml version=''1.0'' encoding=''utf-8''?>

      <QueueMessage><MessageText>message4</MessageText></QueueMessage>'
    headers:
      Accept:
      - application/xml
      Accept-Encoding:
      - gzip, deflate
      Connection:
      - keep-alive
      Content-Length:
      - '103'
      Content-Type:
      - application/xml; charset=utf-8
      User-Agent:
      - python/3.7.3 (Windows-10-10.0.18362-SP0) azure-core/0.0.1
      x-ms-client-request-id:
      - 6fd95e18-978f-11e9-b438-b831b58100e8
      x-ms-date:
      - Tue, 25 Jun 2019 21:23:12 GMT
      x-ms-version:
      - '2018-03-28'
    method: POST
    uri: https://storagename.queue.core.windows.net/peekqueue/messages
  response:
    body:
      string: "\uFEFF<?xml version=\"1.0\" encoding=\"utf-8\"?><QueueMessagesList><QueueMessage><MessageId>4f622941-c956-4acf-a662-4c0b98f187cf</MessageId><InsertionTime>Tue,
        25 Jun 2019 21:23:12 GMT</InsertionTime><ExpirationTime>Tue, 02 Jul 2019 21:23:12
        GMT</ExpirationTime><PopReceipt>AgAAAAMAAAAAAAAAEauVMZwr1QE=</PopReceipt><TimeNextVisible>Tue,
        25 Jun 2019 21:23:12 GMT</TimeNextVisible></QueueMessage></QueueMessagesList>"
    headers:
      Content-Type:
      - application/xml
      Date:
      - Tue, 25 Jun 2019 21:23:11 GMT
      Server:
      - Windows-Azure-Queue/1.0 Microsoft-HTTPAPI/2.0
      Transfer-Encoding:
      - chunked
      x-ms-request-id:
      - ba810867-7003-0060-4d9c-2b2f6b000000
      x-ms-version:
      - '2018-03-28'
    status:
      code: 201
      message: Created
- request:
    body: '<?xml version=''1.0'' encoding=''utf-8''?>

      <QueueMessage><MessageText>message5</MessageText></QueueMessage>'
    headers:
      Accept:
      - application/xml
      Accept-Encoding:
      - gzip, deflate
      Connection:
      - keep-alive
      Content-Length:
      - '103'
      Content-Type:
      - application/xml; charset=utf-8
      User-Agent:
      - python/3.7.3 (Windows-10-10.0.18362-SP0) azure-core/0.0.1
      x-ms-client-request-id:
      - 6fef0746-978f-11e9-b173-b831b58100e8
      x-ms-date:
      - Tue, 25 Jun 2019 21:23:12 GMT
      x-ms-version:
      - '2018-03-28'
    method: POST
    uri: https://storagename.queue.core.windows.net/peekqueue/messages
  response:
    body:
      string: "\uFEFF<?xml version=\"1.0\" encoding=\"utf-8\"?><QueueMessagesList><QueueMessage><MessageId>32a4dfd0-9c75-48e1-a425-4b6765b13ecc</MessageId><InsertionTime>Tue,
        25 Jun 2019 21:23:12 GMT</InsertionTime><ExpirationTime>Tue, 02 Jul 2019 21:23:12
        GMT</ExpirationTime><PopReceipt>AgAAAAMAAAAAAAAAk3CqMZwr1QE=</PopReceipt><TimeNextVisible>Tue,
        25 Jun 2019 21:23:12 GMT</TimeNextVisible></QueueMessage></QueueMessagesList>"
    headers:
      Content-Type:
      - application/xml
      Date:
      - Tue, 25 Jun 2019 21:23:11 GMT
      Server:
      - Windows-Azure-Queue/1.0 Microsoft-HTTPAPI/2.0
      Transfer-Encoding:
      - chunked
      x-ms-request-id:
      - ba8108a0-7003-0060-059c-2b2f6b000000
      x-ms-version:
      - '2018-03-28'
    status:
      code: 201
      message: Created
- request:
    body: null
    headers:
      Accept:
      - application/xml
      Accept-Encoding:
      - gzip, deflate
      Connection:
      - keep-alive
      User-Agent:
      - python/3.7.3 (Windows-10-10.0.18362-SP0) azure-core/0.0.1
      x-ms-client-request-id:
      - 6ff59698-978f-11e9-a420-b831b58100e8
      x-ms-date:
      - Tue, 25 Jun 2019 21:23:12 GMT
      x-ms-version:
      - '2018-03-28'
    method: GET
    uri: https://storagename.queue.core.windows.net/peekqueue/messages?peekonly=true
  response:
    body:
      string: "\uFEFF<?xml version=\"1.0\" encoding=\"utf-8\"?><QueueMessagesList><QueueMessage><MessageId>537d72ef-dc55-40c4-99b1-b813d2a5487d</MessageId><InsertionTime>Tue,
        25 Jun 2019 21:23:12 GMT</InsertionTime><ExpirationTime>Tue, 02 Jul 2019 21:23:12
        GMT</ExpirationTime><DequeueCount>0</DequeueCount><MessageText>message1</MessageText></QueueMessage></QueueMessagesList>"
    headers:
      Access-Control-Allow-Origin:
      - '*'
      Access-Control-Expose-Headers:
      - x-ms-request-id,Server,x-ms-version,Content-Type,Cache-Control,Content-Length,Date,Transfer-Encoding
      Cache-Control:
      - no-cache
      Content-Type:
      - application/xml
      Date:
      - Tue, 25 Jun 2019 21:23:11 GMT
      Server:
      - Windows-Azure-Queue/1.0 Microsoft-HTTPAPI/2.0
      Transfer-Encoding:
      - chunked
      x-ms-request-id:
      - ba8108ae-7003-0060-139c-2b2f6b000000
      x-ms-version:
      - '2018-03-28'
    status:
      code: 200
      message: OK
- request:
    body: null
    headers:
      Accept:
      - application/xml
      Accept-Encoding:
      - gzip, deflate
      Connection:
      - keep-alive
      User-Agent:
      - python/3.7.3 (Windows-10-10.0.18362-SP0) azure-core/0.0.1
      x-ms-client-request-id:
      - 6ffd5eca-978f-11e9-87cb-b831b58100e8
      x-ms-date:
      - Tue, 25 Jun 2019 21:23:12 GMT
      x-ms-version:
      - '2018-03-28'
    method: GET
    uri: https://storagename.queue.core.windows.net/peekqueue/messages?numofmessages=5&peekonly=true
  response:
    body:
      string: "\uFEFF<?xml version=\"1.0\" encoding=\"utf-8\"?><QueueMessagesList><QueueMessage><MessageId>537d72ef-dc55-40c4-99b1-b813d2a5487d</MessageId><InsertionTime>Tue,
        25 Jun 2019 21:23:12 GMT</InsertionTime><ExpirationTime>Tue, 02 Jul 2019 21:23:12
        GMT</ExpirationTime><DequeueCount>0</DequeueCount><MessageText>message1</MessageText></QueueMessage><QueueMessage><MessageId>c037e606-1f40-4349-be3e-422793daa393</MessageId><InsertionTime>Tue,
        25 Jun 2019 21:23:12 GMT</InsertionTime><ExpirationTime>Tue, 02 Jul 2019 21:23:12
        GMT</ExpirationTime><DequeueCount>0</DequeueCount><MessageText>message2</MessageText></QueueMessage><QueueMessage><MessageId>42b03548-58d0-4362-a353-d4c204d8d604</MessageId><InsertionTime>Tue,
        25 Jun 2019 21:23:12 GMT</InsertionTime><ExpirationTime>Tue, 02 Jul 2019 21:23:12
        GMT</ExpirationTime><DequeueCount>0</DequeueCount><MessageText>message3</MessageText></QueueMessage><QueueMessage><MessageId>4f622941-c956-4acf-a662-4c0b98f187cf</MessageId><InsertionTime>Tue,
        25 Jun 2019 21:23:12 GMT</InsertionTime><ExpirationTime>Tue, 02 Jul 2019 21:23:12
        GMT</ExpirationTime><DequeueCount>0</DequeueCount><MessageText>message4</MessageText></QueueMessage><QueueMessage><MessageId>32a4dfd0-9c75-48e1-a425-4b6765b13ecc</MessageId><InsertionTime>Tue,
        25 Jun 2019 21:23:12 GMT</InsertionTime><ExpirationTime>Tue, 02 Jul 2019 21:23:12
        GMT</ExpirationTime><DequeueCount>0</DequeueCount><MessageText>message5</MessageText></QueueMessage></QueueMessagesList>"
    headers:
      Access-Control-Allow-Origin:
      - '*'
      Access-Control-Expose-Headers:
      - x-ms-request-id,Server,x-ms-version,Content-Type,Cache-Control,Content-Length,Date,Transfer-Encoding
      Cache-Control:
      - no-cache
      Content-Type:
      - application/xml
      Date:
      - Tue, 25 Jun 2019 21:23:11 GMT
      Server:
      - Windows-Azure-Queue/1.0 Microsoft-HTTPAPI/2.0
      Transfer-Encoding:
      - chunked
      x-ms-request-id:
      - ba8108be-7003-0060-239c-2b2f6b000000
      x-ms-version:
      - '2018-03-28'
    status:
      code: 200
      message: OK
- request:
    body: null
    headers:
      Accept:
      - '*/*'
      Accept-Encoding:
      - gzip, deflate
      Connection:
      - keep-alive
      Content-Length:
      - '0'
      User-Agent:
      - python/3.7.3 (Windows-10-10.0.18362-SP0) azure-core/0.0.1
      x-ms-client-request-id:
      - 700cc908-978f-11e9-b77c-b831b58100e8
      x-ms-date:
      - Tue, 25 Jun 2019 21:23:12 GMT
      x-ms-version:
      - '2018-03-28'
    method: DELETE
    uri: https://storagename.queue.core.windows.net/peekqueue
  response:
    body:
      string: ''
    headers:
      Content-Length:
      - '0'
      Date:
      - Tue, 25 Jun 2019 21:23:12 GMT
      Server:
      - Windows-Azure-Queue/1.0 Microsoft-HTTPAPI/2.0
      x-ms-request-id:
      - ba8108e2-7003-0060-469c-2b2f6b000000
      x-ms-version:
      - '2018-03-28'
    status:
      code: 204
      message: No Content
- request:
    body: null
    headers:
      Accept:
      - '*/*'
      Accept-Encoding:
      - gzip, deflate
      Connection:
      - keep-alive
      Content-Length:
      - '0'
      User-Agent:
      - python/3.7.3 (Windows-10-10.0.18362-SP0) azure-core/0.0.1
      x-ms-client-request-id:
      - f0c3441c-978f-11e9-b7be-b831b58100e8
      x-ms-date:
      - Tue, 25 Jun 2019 21:26:48 GMT
      x-ms-version:
      - '2018-03-28'
    method: PUT
    uri: https://storagename.queue.core.windows.net/peekqueue
  response:
    body:
      string: ''
    headers:
      Content-Length:
      - '0'
      Date:
      - Tue, 25 Jun 2019 21:26:48 GMT
      Server:
      - Windows-Azure-Queue/1.0 Microsoft-HTTPAPI/2.0
      x-ms-request-id:
      - 2440e7e3-6003-00b7-4a9c-2b7e5e000000
      x-ms-version:
      - '2018-03-28'
    status:
      code: 201
      message: Created
- request:
    body: '<?xml version=''1.0'' encoding=''utf-8''?>

      <QueueMessage><MessageText>message1</MessageText></QueueMessage>'
    headers:
      Accept:
      - application/xml
      Accept-Encoding:
      - gzip, deflate
      Connection:
      - keep-alive
      Content-Length:
      - '103'
      Content-Type:
      - application/xml; charset=utf-8
      User-Agent:
      - python/3.7.3 (Windows-10-10.0.18362-SP0) azure-core/0.0.1
      x-ms-client-request-id:
      - f0f2dfc2-978f-11e9-accc-b831b58100e8
      x-ms-date:
      - Tue, 25 Jun 2019 21:26:49 GMT
      x-ms-version:
      - '2018-03-28'
    method: POST
    uri: https://storagename.queue.core.windows.net/peekqueue/messages
  response:
    body:
      string: "\uFEFF<?xml version=\"1.0\" encoding=\"utf-8\"?><QueueMessagesList><QueueMessage><MessageId>b9f76554-91e5-4eb2-9545-9cc3ed0bd8a0</MessageId><InsertionTime>Tue,
        25 Jun 2019 21:26:48 GMT</InsertionTime><ExpirationTime>Tue, 02 Jul 2019 21:26:48
        GMT</ExpirationTime><PopReceipt>AgAAAAMAAAAAAAAA18+sspwr1QE=</PopReceipt><TimeNextVisible>Tue,
        25 Jun 2019 21:26:48 GMT</TimeNextVisible></QueueMessage></QueueMessagesList>"
    headers:
      Content-Type:
      - application/xml
      Date:
      - Tue, 25 Jun 2019 21:26:48 GMT
      Server:
      - Windows-Azure-Queue/1.0 Microsoft-HTTPAPI/2.0
      Transfer-Encoding:
      - chunked
      x-ms-request-id:
      - 2440e7e9-6003-00b7-4d9c-2b7e5e000000
      x-ms-version:
      - '2018-03-28'
    status:
      code: 201
      message: Created
- request:
    body: '<?xml version=''1.0'' encoding=''utf-8''?>

      <QueueMessage><MessageText>message2</MessageText></QueueMessage>'
    headers:
      Accept:
      - application/xml
      Accept-Encoding:
      - gzip, deflate
      Connection:
      - keep-alive
      Content-Length:
      - '103'
      Content-Type:
      - application/xml; charset=utf-8
      User-Agent:
      - python/3.7.3 (Windows-10-10.0.18362-SP0) azure-core/0.0.1
      x-ms-client-request-id:
      - f0faf61e-978f-11e9-9c97-b831b58100e8
      x-ms-date:
      - Tue, 25 Jun 2019 21:26:49 GMT
      x-ms-version:
      - '2018-03-28'
    method: POST
    uri: https://storagename.queue.core.windows.net/peekqueue/messages
  response:
    body:
      string: "\uFEFF<?xml version=\"1.0\" encoding=\"utf-8\"?><QueueMessagesList><QueueMessage><MessageId>43c6e002-53c3-425b-ac32-774594836d6e</MessageId><InsertionTime>Tue,
        25 Jun 2019 21:26:49 GMT</InsertionTime><ExpirationTime>Tue, 02 Jul 2019 21:26:49
        GMT</ExpirationTime><PopReceipt>AgAAAAMAAAAAAAAA0Ae5spwr1QE=</PopReceipt><TimeNextVisible>Tue,
        25 Jun 2019 21:26:49 GMT</TimeNextVisible></QueueMessage></QueueMessagesList>"
    headers:
      Content-Type:
      - application/xml
      Date:
      - Tue, 25 Jun 2019 21:26:48 GMT
      Server:
      - Windows-Azure-Queue/1.0 Microsoft-HTTPAPI/2.0
      Transfer-Encoding:
      - chunked
      x-ms-request-id:
      - 2440e7eb-6003-00b7-4f9c-2b7e5e000000
      x-ms-version:
      - '2018-03-28'
    status:
      code: 201
      message: Created
- request:
    body: '<?xml version=''1.0'' encoding=''utf-8''?>

      <QueueMessage><MessageText>message3</MessageText></QueueMessage>'
    headers:
      Accept:
      - application/xml
      Accept-Encoding:
      - gzip, deflate
      Connection:
      - keep-alive
      Content-Length:
      - '103'
      Content-Type:
      - application/xml; charset=utf-8
      User-Agent:
      - python/3.7.3 (Windows-10-10.0.18362-SP0) azure-core/0.0.1
      x-ms-client-request-id:
      - f1046a52-978f-11e9-9989-b831b58100e8
      x-ms-date:
      - Tue, 25 Jun 2019 21:26:49 GMT
      x-ms-version:
      - '2018-03-28'
    method: POST
    uri: https://storagename.queue.core.windows.net/peekqueue/messages
  response:
    body:
      string: "\uFEFF<?xml version=\"1.0\" encoding=\"utf-8\"?><QueueMessagesList><QueueMessage><MessageId>786fbec8-ab2e-48d2-a1c4-b6e79ec93e1b</MessageId><InsertionTime>Tue,
        25 Jun 2019 21:26:49 GMT</InsertionTime><ExpirationTime>Tue, 02 Jul 2019 21:26:49
        GMT</ExpirationTime><PopReceipt>AgAAAAMAAAAAAAAAsIPAspwr1QE=</PopReceipt><TimeNextVisible>Tue,
        25 Jun 2019 21:26:49 GMT</TimeNextVisible></QueueMessage></QueueMessagesList>"
    headers:
      Content-Type:
      - application/xml
      Date:
      - Tue, 25 Jun 2019 21:26:48 GMT
      Server:
      - Windows-Azure-Queue/1.0 Microsoft-HTTPAPI/2.0
      Transfer-Encoding:
      - chunked
      x-ms-request-id:
      - 2440e7ec-6003-00b7-509c-2b7e5e000000
      x-ms-version:
      - '2018-03-28'
    status:
      code: 201
      message: Created
- request:
    body: '<?xml version=''1.0'' encoding=''utf-8''?>

      <QueueMessage><MessageText>message4</MessageText></QueueMessage>'
    headers:
      Accept:
      - application/xml
      Accept-Encoding:
      - gzip, deflate
      Connection:
      - keep-alive
      Content-Length:
      - '103'
      Content-Type:
      - application/xml; charset=utf-8
      User-Agent:
      - python/3.7.3 (Windows-10-10.0.18362-SP0) azure-core/0.0.1
      x-ms-client-request-id:
      - f10c5f7e-978f-11e9-bb42-b831b58100e8
      x-ms-date:
      - Tue, 25 Jun 2019 21:26:49 GMT
      x-ms-version:
      - '2018-03-28'
    method: POST
    uri: https://storagename.queue.core.windows.net/peekqueue/messages
  response:
    body:
      string: "\uFEFF<?xml version=\"1.0\" encoding=\"utf-8\"?><QueueMessagesList><QueueMessage><MessageId>0e6e2a6a-2d32-40c4-ab1b-e9657b17efef</MessageId><InsertionTime>Tue,
        25 Jun 2019 21:26:49 GMT</InsertionTime><ExpirationTime>Tue, 02 Jul 2019 21:26:49
        GMT</ExpirationTime><PopReceipt>AgAAAAMAAAAAAAAAj4bJspwr1QE=</PopReceipt><TimeNextVisible>Tue,
        25 Jun 2019 21:26:49 GMT</TimeNextVisible></QueueMessage></QueueMessagesList>"
    headers:
      Content-Type:
      - application/xml
      Date:
      - Tue, 25 Jun 2019 21:26:48 GMT
      Server:
      - Windows-Azure-Queue/1.0 Microsoft-HTTPAPI/2.0
      Transfer-Encoding:
      - chunked
      x-ms-request-id:
      - 2440e7ed-6003-00b7-519c-2b7e5e000000
      x-ms-version:
      - '2018-03-28'
    status:
      code: 201
      message: Created
- request:
    body: '<?xml version=''1.0'' encoding=''utf-8''?>

      <QueueMessage><MessageText>message5</MessageText></QueueMessage>'
    headers:
      Accept:
      - application/xml
      Accept-Encoding:
      - gzip, deflate
      Connection:
      - keep-alive
      Content-Length:
      - '103'
      Content-Type:
      - application/xml; charset=utf-8
      User-Agent:
      - python/3.7.3 (Windows-10-10.0.18362-SP0) azure-core/0.0.1
      x-ms-client-request-id:
      - f1147568-978f-11e9-ae1d-b831b58100e8
      x-ms-date:
      - Tue, 25 Jun 2019 21:26:49 GMT
      x-ms-version:
      - '2018-03-28'
    method: POST
    uri: https://storagename.queue.core.windows.net/peekqueue/messages
  response:
    body:
      string: "\uFEFF<?xml version=\"1.0\" encoding=\"utf-8\"?><QueueMessagesList><QueueMessage><MessageId>cf06fcf3-872e-4f9e-89a2-5fe2a466968b</MessageId><InsertionTime>Tue,
        25 Jun 2019 21:26:49 GMT</InsertionTime><ExpirationTime>Tue, 02 Jul 2019 21:26:49
        GMT</ExpirationTime><PopReceipt>AgAAAAMAAAAAAAAA7z7Qspwr1QE=</PopReceipt><TimeNextVisible>Tue,
        25 Jun 2019 21:26:49 GMT</TimeNextVisible></QueueMessage></QueueMessagesList>"
    headers:
      Content-Type:
      - application/xml
      Date:
      - Tue, 25 Jun 2019 21:26:48 GMT
      Server:
      - Windows-Azure-Queue/1.0 Microsoft-HTTPAPI/2.0
      Transfer-Encoding:
      - chunked
      x-ms-request-id:
      - 2440e7ee-6003-00b7-529c-2b7e5e000000
      x-ms-version:
      - '2018-03-28'
    status:
      code: 201
      message: Created
- request:
    body: null
    headers:
      Accept:
      - application/xml
      Accept-Encoding:
      - gzip, deflate
      Connection:
      - keep-alive
      User-Agent:
      - python/3.7.3 (Windows-10-10.0.18362-SP0) azure-core/0.0.1
      x-ms-client-request-id:
      - f11b7a1c-978f-11e9-9791-b831b58100e8
      x-ms-date:
      - Tue, 25 Jun 2019 21:26:49 GMT
      x-ms-version:
      - '2018-03-28'
    method: GET
    uri: https://storagename.queue.core.windows.net/peekqueue/messages?peekonly=true
  response:
    body:
      string: "\uFEFF<?xml version=\"1.0\" encoding=\"utf-8\"?><QueueMessagesList><QueueMessage><MessageId>b9f76554-91e5-4eb2-9545-9cc3ed0bd8a0</MessageId><InsertionTime>Tue,
        25 Jun 2019 21:26:48 GMT</InsertionTime><ExpirationTime>Tue, 02 Jul 2019 21:26:48
        GMT</ExpirationTime><DequeueCount>0</DequeueCount><MessageText>message1</MessageText></QueueMessage></QueueMessagesList>"
    headers:
      Cache-Control:
      - no-cache
      Content-Type:
      - application/xml
      Date:
      - Tue, 25 Jun 2019 21:26:48 GMT
      Server:
      - Windows-Azure-Queue/1.0 Microsoft-HTTPAPI/2.0
      Transfer-Encoding:
      - chunked
      x-ms-request-id:
      - 2440e7f1-6003-00b7-549c-2b7e5e000000
      x-ms-version:
      - '2018-03-28'
    status:
      code: 200
      message: OK
- request:
    body: null
    headers:
      Accept:
      - application/xml
      Accept-Encoding:
      - gzip, deflate
      Connection:
      - keep-alive
      User-Agent:
      - python/3.7.3 (Windows-10-10.0.18362-SP0) azure-core/0.0.1
      x-ms-client-request-id:
      - f1231b0c-978f-11e9-ad15-b831b58100e8
      x-ms-date:
      - Tue, 25 Jun 2019 21:26:49 GMT
      x-ms-version:
      - '2018-03-28'
    method: GET
    uri: https://storagename.queue.core.windows.net/peekqueue/messages?numofmessages=5&peekonly=true
  response:
    body:
      string: "\uFEFF<?xml version=\"1.0\" encoding=\"utf-8\"?><QueueMessagesList><QueueMessage><MessageId>b9f76554-91e5-4eb2-9545-9cc3ed0bd8a0</MessageId><InsertionTime>Tue,
        25 Jun 2019 21:26:48 GMT</InsertionTime><ExpirationTime>Tue, 02 Jul 2019 21:26:48
        GMT</ExpirationTime><DequeueCount>0</DequeueCount><MessageText>message1</MessageText></QueueMessage><QueueMessage><MessageId>43c6e002-53c3-425b-ac32-774594836d6e</MessageId><InsertionTime>Tue,
        25 Jun 2019 21:26:49 GMT</InsertionTime><ExpirationTime>Tue, 02 Jul 2019 21:26:49
        GMT</ExpirationTime><DequeueCount>0</DequeueCount><MessageText>message2</MessageText></QueueMessage><QueueMessage><MessageId>786fbec8-ab2e-48d2-a1c4-b6e79ec93e1b</MessageId><InsertionTime>Tue,
        25 Jun 2019 21:26:49 GMT</InsertionTime><ExpirationTime>Tue, 02 Jul 2019 21:26:49
        GMT</ExpirationTime><DequeueCount>0</DequeueCount><MessageText>message3</MessageText></QueueMessage><QueueMessage><MessageId>0e6e2a6a-2d32-40c4-ab1b-e9657b17efef</MessageId><InsertionTime>Tue,
        25 Jun 2019 21:26:49 GMT</InsertionTime><ExpirationTime>Tue, 02 Jul 2019 21:26:49
        GMT</ExpirationTime><DequeueCount>0</DequeueCount><MessageText>message4</MessageText></QueueMessage><QueueMessage><MessageId>cf06fcf3-872e-4f9e-89a2-5fe2a466968b</MessageId><InsertionTime>Tue,
        25 Jun 2019 21:26:49 GMT</InsertionTime><ExpirationTime>Tue, 02 Jul 2019 21:26:49
        GMT</ExpirationTime><DequeueCount>0</DequeueCount><MessageText>message5</MessageText></QueueMessage></QueueMessagesList>"
    headers:
      Cache-Control:
      - no-cache
      Content-Type:
      - application/xml
      Date:
      - Tue, 25 Jun 2019 21:26:48 GMT
      Server:
      - Windows-Azure-Queue/1.0 Microsoft-HTTPAPI/2.0
      Transfer-Encoding:
      - chunked
      x-ms-request-id:
      - 2440e7f8-6003-00b7-599c-2b7e5e000000
      x-ms-version:
      - '2018-03-28'
    status:
      code: 200
      message: OK
- request:
    body: null
    headers:
      Accept:
      - '*/*'
      Accept-Encoding:
      - gzip, deflate
      Connection:
      - keep-alive
      Content-Length:
      - '0'
      User-Agent:
      - python/3.7.3 (Windows-10-10.0.18362-SP0) azure-core/0.0.1
      x-ms-client-request-id:
      - f129abda-978f-11e9-8aa3-b831b58100e8
      x-ms-date:
      - Tue, 25 Jun 2019 21:26:49 GMT
      x-ms-version:
      - '2018-03-28'
    method: DELETE
    uri: https://storagename.queue.core.windows.net/peekqueue
  response:
    body:
      string: ''
    headers:
      Content-Length:
      - '0'
      Date:
      - Tue, 25 Jun 2019 21:26:50 GMT
      Server:
      - Windows-Azure-Queue/1.0 Microsoft-HTTPAPI/2.0
      x-ms-request-id:
      - 2440e7ff-6003-00b7-5e9c-2b7e5e000000
      x-ms-version:
      - '2018-03-28'
    status:
      code: 204
      message: No Content
- request:
    body: null
    headers:
      Accept:
      - '*/*'
      Accept-Encoding:
      - gzip, deflate
      Connection:
      - keep-alive
      Content-Length:
      - '0'
      User-Agent:
      - python/3.7.3 (Windows-10-10.0.18362-SP0) azure-core/0.0.1
      x-ms-client-request-id:
      - 2452fe36-9791-11e9-ac2e-b831b58100e8
      x-ms-date:
      - Tue, 25 Jun 2019 21:35:24 GMT
      x-ms-version:
      - '2018-03-28'
    method: PUT
    uri: https://storagename.queue.core.windows.net/peekqueue
  response:
    body:
      string: ''
    headers:
      Content-Length:
      - '0'
      Date:
      - Tue, 25 Jun 2019 21:35:24 GMT
      Server:
      - Windows-Azure-Queue/1.0 Microsoft-HTTPAPI/2.0
      x-ms-request-id:
      - aeb3157d-7003-002d-489d-2be087000000
      x-ms-version:
      - '2018-03-28'
    status:
      code: 201
      message: Created
- request:
    body: '<?xml version=''1.0'' encoding=''utf-8''?>

      <QueueMessage><MessageText>message1</MessageText></QueueMessage>'
    headers:
      Accept:
      - application/xml
      Accept-Encoding:
      - gzip, deflate
      Connection:
      - keep-alive
      Content-Length:
      - '103'
      Content-Type:
      - application/xml; charset=utf-8
      User-Agent:
      - python/3.7.3 (Windows-10-10.0.18362-SP0) azure-core/0.0.1
      x-ms-client-request-id:
      - 24711466-9791-11e9-9f00-b831b58100e8
      x-ms-date:
      - Tue, 25 Jun 2019 21:35:24 GMT
      x-ms-version:
      - '2018-03-28'
    method: POST
    uri: https://storagename.queue.core.windows.net/peekqueue/messages
  response:
    body:
      string: "\uFEFF<?xml version=\"1.0\" encoding=\"utf-8\"?><QueueMessagesList><QueueMessage><MessageId>741a6144-9120-4f6a-a024-5e6ad5e7c48b</MessageId><InsertionTime>Tue,
        25 Jun 2019 21:35:24 GMT</InsertionTime><ExpirationTime>Tue, 02 Jul 2019 21:35:24
        GMT</ExpirationTime><PopReceipt>AgAAAAMAAAAAAAAA5eow5p0r1QE=</PopReceipt><TimeNextVisible>Tue,
        25 Jun 2019 21:35:24 GMT</TimeNextVisible></QueueMessage></QueueMessagesList>"
    headers:
      Content-Type:
      - application/xml
      Date:
      - Tue, 25 Jun 2019 21:35:24 GMT
      Server:
      - Windows-Azure-Queue/1.0 Microsoft-HTTPAPI/2.0
      Transfer-Encoding:
      - chunked
      x-ms-request-id:
      - aeb31583-7003-002d-4b9d-2be087000000
      x-ms-version:
      - '2018-03-28'
    status:
      code: 201
      message: Created
- request:
    body: '<?xml version=''1.0'' encoding=''utf-8''?>

      <QueueMessage><MessageText>message2</MessageText></QueueMessage>'
    headers:
      Accept:
      - application/xml
      Accept-Encoding:
      - gzip, deflate
      Connection:
      - keep-alive
      Content-Length:
      - '103'
      Content-Type:
      - application/xml; charset=utf-8
      User-Agent:
      - python/3.7.3 (Windows-10-10.0.18362-SP0) azure-core/0.0.1
      x-ms-client-request-id:
      - 2478404a-9791-11e9-93bb-b831b58100e8
      x-ms-date:
      - Tue, 25 Jun 2019 21:35:24 GMT
      x-ms-version:
      - '2018-03-28'
    method: POST
    uri: https://storagename.queue.core.windows.net/peekqueue/messages
  response:
    body:
      string: "\uFEFF<?xml version=\"1.0\" encoding=\"utf-8\"?><QueueMessagesList><QueueMessage><MessageId>94f75750-aeee-40bd-a71d-b4f519714dd8</MessageId><InsertionTime>Tue,
        25 Jun 2019 21:35:24 GMT</InsertionTime><ExpirationTime>Tue, 02 Jul 2019 21:35:24
        GMT</ExpirationTime><PopReceipt>AgAAAAMAAAAAAAAAEs415p0r1QE=</PopReceipt><TimeNextVisible>Tue,
        25 Jun 2019 21:35:24 GMT</TimeNextVisible></QueueMessage></QueueMessagesList>"
    headers:
      Content-Type:
      - application/xml
      Date:
      - Tue, 25 Jun 2019 21:35:24 GMT
      Server:
      - Windows-Azure-Queue/1.0 Microsoft-HTTPAPI/2.0
      Transfer-Encoding:
      - chunked
      x-ms-request-id:
      - aeb31586-7003-002d-4e9d-2be087000000
      x-ms-version:
      - '2018-03-28'
    status:
      code: 201
      message: Created
- request:
    body: '<?xml version=''1.0'' encoding=''utf-8''?>

      <QueueMessage><MessageText>message3</MessageText></QueueMessage>'
    headers:
      Accept:
      - application/xml
      Accept-Encoding:
      - gzip, deflate
      Connection:
      - keep-alive
      Content-Length:
      - '103'
      Content-Type:
      - application/xml; charset=utf-8
      User-Agent:
      - python/3.7.3 (Windows-10-10.0.18362-SP0) azure-core/0.0.1
      x-ms-client-request-id:
      - 247e0c9a-9791-11e9-95d5-b831b58100e8
      x-ms-date:
      - Tue, 25 Jun 2019 21:35:24 GMT
      x-ms-version:
      - '2018-03-28'
    method: POST
    uri: https://storagename.queue.core.windows.net/peekqueue/messages
  response:
    body:
      string: "\uFEFF<?xml version=\"1.0\" encoding=\"utf-8\"?><QueueMessagesList><QueueMessage><MessageId>c81767c7-c4e7-48b0-93aa-66a06cefdcf3</MessageId><InsertionTime>Tue,
        25 Jun 2019 21:35:25 GMT</InsertionTime><ExpirationTime>Tue, 02 Jul 2019 21:35:25
        GMT</ExpirationTime><PopReceipt>AgAAAAMAAAAAAAAARM1A5p0r1QE=</PopReceipt><TimeNextVisible>Tue,
        25 Jun 2019 21:35:25 GMT</TimeNextVisible></QueueMessage></QueueMessagesList>"
    headers:
      Content-Type:
      - application/xml
      Date:
      - Tue, 25 Jun 2019 21:35:24 GMT
      Server:
      - Windows-Azure-Queue/1.0 Microsoft-HTTPAPI/2.0
      Transfer-Encoding:
      - chunked
      x-ms-request-id:
      - aeb3158f-7003-002d-579d-2be087000000
      x-ms-version:
      - '2018-03-28'
    status:
      code: 201
      message: Created
- request:
    body: '<?xml version=''1.0'' encoding=''utf-8''?>

      <QueueMessage><MessageText>message4</MessageText></QueueMessage>'
    headers:
      Accept:
      - application/xml
      Accept-Encoding:
      - gzip, deflate
      Connection:
      - keep-alive
      Content-Length:
      - '103'
      Content-Type:
      - application/xml; charset=utf-8
      User-Agent:
      - python/3.7.3 (Windows-10-10.0.18362-SP0) azure-core/0.0.1
      x-ms-client-request-id:
      - 24881f5c-9791-11e9-904b-b831b58100e8
      x-ms-date:
      - Tue, 25 Jun 2019 21:35:25 GMT
      x-ms-version:
      - '2018-03-28'
    method: POST
    uri: https://storagename.queue.core.windows.net/peekqueue/messages
  response:
    body:
      string: "\uFEFF<?xml version=\"1.0\" encoding=\"utf-8\"?><QueueMessagesList><QueueMessage><MessageId>6efd4f0e-ba3f-4520-95bb-3d120030410a</MessageId><InsertionTime>Tue,
        25 Jun 2019 21:35:25 GMT</InsertionTime><ExpirationTime>Tue, 02 Jul 2019 21:35:25
        GMT</ExpirationTime><PopReceipt>AgAAAAMAAAAAAAAAc75I5p0r1QE=</PopReceipt><TimeNextVisible>Tue,
        25 Jun 2019 21:35:25 GMT</TimeNextVisible></QueueMessage></QueueMessagesList>"
    headers:
      Content-Type:
      - application/xml
      Date:
      - Tue, 25 Jun 2019 21:35:24 GMT
      Server:
      - Windows-Azure-Queue/1.0 Microsoft-HTTPAPI/2.0
      Transfer-Encoding:
      - chunked
      x-ms-request-id:
      - aeb31597-7003-002d-5f9d-2be087000000
      x-ms-version:
      - '2018-03-28'
    status:
      code: 201
      message: Created
- request:
    body: '<?xml version=''1.0'' encoding=''utf-8''?>

      <QueueMessage><MessageText>message5</MessageText></QueueMessage>'
    headers:
      Accept:
      - application/xml
      Accept-Encoding:
      - gzip, deflate
      Connection:
      - keep-alive
      Content-Length:
      - '103'
      Content-Type:
      - application/xml; charset=utf-8
      User-Agent:
      - python/3.7.3 (Windows-10-10.0.18362-SP0) azure-core/0.0.1
      x-ms-client-request-id:
      - 24911f0a-9791-11e9-b43e-b831b58100e8
      x-ms-date:
      - Tue, 25 Jun 2019 21:35:25 GMT
      x-ms-version:
      - '2018-03-28'
    method: POST
    uri: https://storagename.queue.core.windows.net/peekqueue/messages
  response:
    body:
      string: "\uFEFF<?xml version=\"1.0\" encoding=\"utf-8\"?><QueueMessagesList><QueueMessage><MessageId>726fdbfc-aa72-4fb7-8a3b-ea07678b2a4a</MessageId><InsertionTime>Tue,
        25 Jun 2019 21:35:25 GMT</InsertionTime><ExpirationTime>Tue, 02 Jul 2019 21:35:25
        GMT</ExpirationTime><PopReceipt>AgAAAAMAAAAAAAAAHnNR5p0r1QE=</PopReceipt><TimeNextVisible>Tue,
        25 Jun 2019 21:35:25 GMT</TimeNextVisible></QueueMessage></QueueMessagesList>"
    headers:
      Content-Type:
      - application/xml
      Date:
      - Tue, 25 Jun 2019 21:35:24 GMT
      Server:
      - Windows-Azure-Queue/1.0 Microsoft-HTTPAPI/2.0
      Transfer-Encoding:
      - chunked
      x-ms-request-id:
      - aeb3159d-7003-002d-659d-2be087000000
      x-ms-version:
      - '2018-03-28'
    status:
      code: 201
      message: Created
- request:
    body: null
    headers:
      Accept:
      - application/xml
      Accept-Encoding:
      - gzip, deflate
      Connection:
      - keep-alive
      User-Agent:
      - python/3.7.3 (Windows-10-10.0.18362-SP0) azure-core/0.0.1
      x-ms-client-request-id:
      - 2498bf12-9791-11e9-ba1e-b831b58100e8
      x-ms-date:
      - Tue, 25 Jun 2019 21:35:25 GMT
      x-ms-version:
      - '2018-03-28'
    method: GET
    uri: https://storagename.queue.core.windows.net/peekqueue/messages?peekonly=true
  response:
    body:
      string: "\uFEFF<?xml version=\"1.0\" encoding=\"utf-8\"?><QueueMessagesList><QueueMessage><MessageId>741a6144-9120-4f6a-a024-5e6ad5e7c48b</MessageId><InsertionTime>Tue,
        25 Jun 2019 21:35:24 GMT</InsertionTime><ExpirationTime>Tue, 02 Jul 2019 21:35:24
        GMT</ExpirationTime><DequeueCount>0</DequeueCount><MessageText>message1</MessageText></QueueMessage></QueueMessagesList>"
    headers:
      Cache-Control:
      - no-cache
      Content-Type:
      - application/xml
      Date:
      - Tue, 25 Jun 2019 21:35:24 GMT
      Server:
      - Windows-Azure-Queue/1.0 Microsoft-HTTPAPI/2.0
      Transfer-Encoding:
      - chunked
      x-ms-request-id:
      - aeb3159f-7003-002d-679d-2be087000000
      x-ms-version:
      - '2018-03-28'
    status:
      code: 200
      message: OK
- request:
    body: null
    headers:
      Accept:
      - application/xml
      Accept-Encoding:
      - gzip, deflate
      Connection:
      - keep-alive
      User-Agent:
      - python/3.7.3 (Windows-10-10.0.18362-SP0) azure-core/0.0.1
      x-ms-client-request-id:
      - 249d41b8-9791-11e9-9ccb-b831b58100e8
      x-ms-date:
      - Tue, 25 Jun 2019 21:35:25 GMT
      x-ms-version:
      - '2018-03-28'
    method: GET
    uri: https://storagename.queue.core.windows.net/peekqueue/messages?numofmessages=5&peekonly=true
  response:
    body:
      string: "\uFEFF<?xml version=\"1.0\" encoding=\"utf-8\"?><QueueMessagesList><QueueMessage><MessageId>741a6144-9120-4f6a-a024-5e6ad5e7c48b</MessageId><InsertionTime>Tue,
        25 Jun 2019 21:35:24 GMT</InsertionTime><ExpirationTime>Tue, 02 Jul 2019 21:35:24
        GMT</ExpirationTime><DequeueCount>0</DequeueCount><MessageText>message1</MessageText></QueueMessage><QueueMessage><MessageId>94f75750-aeee-40bd-a71d-b4f519714dd8</MessageId><InsertionTime>Tue,
        25 Jun 2019 21:35:24 GMT</InsertionTime><ExpirationTime>Tue, 02 Jul 2019 21:35:24
        GMT</ExpirationTime><DequeueCount>0</DequeueCount><MessageText>message2</MessageText></QueueMessage><QueueMessage><MessageId>c81767c7-c4e7-48b0-93aa-66a06cefdcf3</MessageId><InsertionTime>Tue,
        25 Jun 2019 21:35:25 GMT</InsertionTime><ExpirationTime>Tue, 02 Jul 2019 21:35:25
        GMT</ExpirationTime><DequeueCount>0</DequeueCount><MessageText>message3</MessageText></QueueMessage><QueueMessage><MessageId>6efd4f0e-ba3f-4520-95bb-3d120030410a</MessageId><InsertionTime>Tue,
        25 Jun 2019 21:35:25 GMT</InsertionTime><ExpirationTime>Tue, 02 Jul 2019 21:35:25
        GMT</ExpirationTime><DequeueCount>0</DequeueCount><MessageText>message4</MessageText></QueueMessage><QueueMessage><MessageId>726fdbfc-aa72-4fb7-8a3b-ea07678b2a4a</MessageId><InsertionTime>Tue,
        25 Jun 2019 21:35:25 GMT</InsertionTime><ExpirationTime>Tue, 02 Jul 2019 21:35:25
        GMT</ExpirationTime><DequeueCount>0</DequeueCount><MessageText>message5</MessageText></QueueMessage></QueueMessagesList>"
    headers:
      Cache-Control:
      - no-cache
      Content-Type:
      - application/xml
      Date:
      - Tue, 25 Jun 2019 21:35:24 GMT
      Server:
      - Windows-Azure-Queue/1.0 Microsoft-HTTPAPI/2.0
      Transfer-Encoding:
      - chunked
      x-ms-request-id:
      - aeb315a3-7003-002d-6b9d-2be087000000
      x-ms-version:
      - '2018-03-28'
    status:
      code: 200
      message: OK
- request:
    body: null
    headers:
      Accept:
      - '*/*'
      Accept-Encoding:
      - gzip, deflate
      Connection:
      - keep-alive
      Content-Length:
      - '0'
      User-Agent:
      - python/3.7.3 (Windows-10-10.0.18362-SP0) azure-core/0.0.1
      x-ms-client-request-id:
      - 24a54380-9791-11e9-ad79-b831b58100e8
      x-ms-date:
      - Tue, 25 Jun 2019 21:35:25 GMT
      x-ms-version:
      - '2018-03-28'
    method: DELETE
    uri: https://storagename.queue.core.windows.net/peekqueue
  response:
    body:
      string: ''
    headers:
      Content-Length:
      - '0'
      Date:
      - Tue, 25 Jun 2019 21:35:24 GMT
      Server:
      - Windows-Azure-Queue/1.0 Microsoft-HTTPAPI/2.0
      x-ms-request-id:
      - aeb315b5-7003-002d-7b9d-2be087000000
      x-ms-version:
      - '2018-03-28'
    status:
      code: 204
      message: No Content
- request:
    body: null
    headers:
      Accept:
      - '*/*'
      Accept-Encoding:
      - gzip, deflate
      Connection:
      - keep-alive
      Content-Length:
      - '0'
      User-Agent:
      - python/3.7.3 (Windows-10-10.0.18362-SP0) azure-core/0.0.1
      x-ms-client-request-id:
      - 5ebd1b92-9791-11e9-b694-b831b58100e8
      x-ms-date:
      - Tue, 25 Jun 2019 21:37:02 GMT
      x-ms-version:
      - '2018-03-28'
    method: PUT
    uri: https://storagename.queue.core.windows.net/peekqueue
  response:
    body:
      string: ''
    headers:
      Content-Length:
      - '0'
      Date:
      - Tue, 25 Jun 2019 21:37:02 GMT
      Server:
      - Windows-Azure-Queue/1.0 Microsoft-HTTPAPI/2.0
      x-ms-request-id:
      - dd0c5442-0003-00c3-459e-2b4aae000000
      x-ms-version:
      - '2018-03-28'
    status:
      code: 201
      message: Created
- request:
    body: '<?xml version=''1.0'' encoding=''utf-8''?>

      <QueueMessage><MessageText>message1</MessageText></QueueMessage>'
    headers:
      Accept:
      - application/xml
      Accept-Encoding:
      - gzip, deflate
      Connection:
      - keep-alive
      Content-Length:
      - '103'
      Content-Type:
      - application/xml; charset=utf-8
      User-Agent:
      - python/3.7.3 (Windows-10-10.0.18362-SP0) azure-core/0.0.1
      x-ms-client-request-id:
      - 5ee19536-9791-11e9-b492-b831b58100e8
      x-ms-date:
      - Tue, 25 Jun 2019 21:37:02 GMT
      x-ms-version:
      - '2018-03-28'
    method: POST
    uri: https://storagename.queue.core.windows.net/peekqueue/messages
  response:
    body:
      string: "\uFEFF<?xml version=\"1.0\" encoding=\"utf-8\"?><QueueMessagesList><QueueMessage><MessageId>6b4f6631-780f-4100-8ee0-c44d11ed4929</MessageId><InsertionTime>Tue,
        25 Jun 2019 21:37:02 GMT</InsertionTime><ExpirationTime>Tue, 02 Jul 2019 21:37:02
        GMT</ExpirationTime><PopReceipt>AgAAAAMAAAAAAAAA6VeiIJ4r1QE=</PopReceipt><TimeNextVisible>Tue,
        25 Jun 2019 21:37:02 GMT</TimeNextVisible></QueueMessage></QueueMessagesList>"
    headers:
      Content-Type:
      - application/xml
      Date:
      - Tue, 25 Jun 2019 21:37:02 GMT
      Server:
      - Windows-Azure-Queue/1.0 Microsoft-HTTPAPI/2.0
      Transfer-Encoding:
      - chunked
      x-ms-request-id:
      - dd0c545c-0003-00c3-5c9e-2b4aae000000
      x-ms-version:
      - '2018-03-28'
    status:
      code: 201
      message: Created
- request:
    body: '<?xml version=''1.0'' encoding=''utf-8''?>

      <QueueMessage><MessageText>message2</MessageText></QueueMessage>'
    headers:
      Accept:
      - application/xml
      Accept-Encoding:
      - gzip, deflate
      Connection:
      - keep-alive
      Content-Length:
      - '103'
      Content-Type:
      - application/xml; charset=utf-8
      User-Agent:
      - python/3.7.3 (Windows-10-10.0.18362-SP0) azure-core/0.0.1
      x-ms-client-request-id:
      - 5ee9eb28-9791-11e9-aefc-b831b58100e8
      x-ms-date:
      - Tue, 25 Jun 2019 21:37:02 GMT
      x-ms-version:
      - '2018-03-28'
    method: POST
    uri: https://storagename.queue.core.windows.net/peekqueue/messages
  response:
    body:
      string: "\uFEFF<?xml version=\"1.0\" encoding=\"utf-8\"?><QueueMessagesList><QueueMessage><MessageId>b3fdbfca-c6a4-4e4b-aa17-f9d2fc65b1c9</MessageId><InsertionTime>Tue,
        25 Jun 2019 21:37:03 GMT</InsertionTime><ExpirationTime>Tue, 02 Jul 2019 21:37:03
        GMT</ExpirationTime><PopReceipt>AgAAAAMAAAAAAAAAf16pIJ4r1QE=</PopReceipt><TimeNextVisible>Tue,
        25 Jun 2019 21:37:03 GMT</TimeNextVisible></QueueMessage></QueueMessagesList>"
    headers:
      Content-Type:
      - application/xml
      Date:
      - Tue, 25 Jun 2019 21:37:02 GMT
      Server:
      - Windows-Azure-Queue/1.0 Microsoft-HTTPAPI/2.0
      Transfer-Encoding:
      - chunked
      x-ms-request-id:
      - dd0c5470-0003-00c3-709e-2b4aae000000
      x-ms-version:
      - '2018-03-28'
    status:
      code: 201
      message: Created
- request:
    body: '<?xml version=''1.0'' encoding=''utf-8''?>

      <QueueMessage><MessageText>message3</MessageText></QueueMessage>'
    headers:
      Accept:
      - application/xml
      Accept-Encoding:
      - gzip, deflate
      Connection:
      - keep-alive
      Content-Length:
      - '103'
      Content-Type:
      - application/xml; charset=utf-8
      User-Agent:
      - python/3.7.3 (Windows-10-10.0.18362-SP0) azure-core/0.0.1
      x-ms-client-request-id:
      - 5ef1171e-9791-11e9-9179-b831b58100e8
      x-ms-date:
      - Tue, 25 Jun 2019 21:37:03 GMT
      x-ms-version:
      - '2018-03-28'
    method: POST
    uri: https://storagename.queue.core.windows.net/peekqueue/messages
  response:
    body:
      string: "\uFEFF<?xml version=\"1.0\" encoding=\"utf-8\"?><QueueMessagesList><QueueMessage><MessageId>99b73703-3d57-42a4-ac1f-388ff113c776</MessageId><InsertionTime>Tue,
        25 Jun 2019 21:37:03 GMT</InsertionTime><ExpirationTime>Tue, 02 Jul 2019 21:37:03
        GMT</ExpirationTime><PopReceipt>AgAAAAMAAAAAAAAAlaGvIJ4r1QE=</PopReceipt><TimeNextVisible>Tue,
        25 Jun 2019 21:37:03 GMT</TimeNextVisible></QueueMessage></QueueMessagesList>"
    headers:
      Content-Type:
      - application/xml
      Date:
      - Tue, 25 Jun 2019 21:37:02 GMT
      Server:
      - Windows-Azure-Queue/1.0 Microsoft-HTTPAPI/2.0
      Transfer-Encoding:
      - chunked
      x-ms-request-id:
      - dd0c547f-0003-00c3-7f9e-2b4aae000000
      x-ms-version:
      - '2018-03-28'
    status:
      code: 201
      message: Created
- request:
    body: '<?xml version=''1.0'' encoding=''utf-8''?>

      <QueueMessage><MessageText>message4</MessageText></QueueMessage>'
    headers:
      Accept:
      - application/xml
      Accept-Encoding:
      - gzip, deflate
      Connection:
      - keep-alive
      Content-Length:
      - '103'
      Content-Type:
      - application/xml; charset=utf-8
      User-Agent:
      - python/3.7.3 (Windows-10-10.0.18362-SP0) azure-core/0.0.1
      x-ms-client-request-id:
      - 5ef6bd98-9791-11e9-92bf-b831b58100e8
      x-ms-date:
      - Tue, 25 Jun 2019 21:37:03 GMT
      x-ms-version:
      - '2018-03-28'
    method: POST
    uri: https://storagename.queue.core.windows.net/peekqueue/messages
  response:
    body:
      string: "\uFEFF<?xml version=\"1.0\" encoding=\"utf-8\"?><QueueMessagesList><QueueMessage><MessageId>e5733622-378c-4a35-bb42-c8018acc9ddf</MessageId><InsertionTime>Tue,
        25 Jun 2019 21:37:03 GMT</InsertionTime><ExpirationTime>Tue, 02 Jul 2019 21:37:03
        GMT</ExpirationTime><PopReceipt>AgAAAAMAAAAAAAAAq/K4IJ4r1QE=</PopReceipt><TimeNextVisible>Tue,
        25 Jun 2019 21:37:03 GMT</TimeNextVisible></QueueMessage></QueueMessagesList>"
    headers:
      Content-Type:
      - application/xml
      Date:
      - Tue, 25 Jun 2019 21:37:02 GMT
      Server:
      - Windows-Azure-Queue/1.0 Microsoft-HTTPAPI/2.0
      Transfer-Encoding:
      - chunked
      x-ms-request-id:
      - dd0c5496-0003-00c3-169e-2b4aae000000
      x-ms-version:
      - '2018-03-28'
    status:
      code: 201
      message: Created
- request:
    body: '<?xml version=''1.0'' encoding=''utf-8''?>

      <QueueMessage><MessageText>message5</MessageText></QueueMessage>'
    headers:
      Accept:
      - application/xml
      Accept-Encoding:
      - gzip, deflate
      Connection:
      - keep-alive
      Content-Length:
      - '103'
      Content-Type:
      - application/xml; charset=utf-8
      User-Agent:
      - python/3.7.3 (Windows-10-10.0.18362-SP0) azure-core/0.0.1
      x-ms-client-request-id:
      - 5f07fc80-9791-11e9-a775-b831b58100e8
      x-ms-date:
      - Tue, 25 Jun 2019 21:37:03 GMT
      x-ms-version:
      - '2018-03-28'
    method: POST
    uri: https://storagename.queue.core.windows.net/peekqueue/messages
  response:
    body:
      string: "\uFEFF<?xml version=\"1.0\" encoding=\"utf-8\"?><QueueMessagesList><QueueMessage><MessageId>075a5fb0-45c1-4907-96a2-c04718eaa698</MessageId><InsertionTime>Tue,
        25 Jun 2019 21:37:03 GMT</InsertionTime><ExpirationTime>Tue, 02 Jul 2019 21:37:03
        GMT</ExpirationTime><PopReceipt>AgAAAAMAAAAAAAAA1obIIJ4r1QE=</PopReceipt><TimeNextVisible>Tue,
        25 Jun 2019 21:37:03 GMT</TimeNextVisible></QueueMessage></QueueMessagesList>"
    headers:
      Content-Type:
      - application/xml
      Date:
      - Tue, 25 Jun 2019 21:37:03 GMT
      Server:
      - Windows-Azure-Queue/1.0 Microsoft-HTTPAPI/2.0
      Transfer-Encoding:
      - chunked
      x-ms-request-id:
      - dd0c54bc-0003-00c3-3c9e-2b4aae000000
      x-ms-version:
      - '2018-03-28'
    status:
      code: 201
      message: Created
- request:
    body: null
    headers:
      Accept:
      - application/xml
      Accept-Encoding:
      - gzip, deflate
      Connection:
      - keep-alive
      User-Agent:
      - python/3.7.3 (Windows-10-10.0.18362-SP0) azure-core/0.0.1
      x-ms-client-request-id:
      - 5f0f9b58-9791-11e9-b2e3-b831b58100e8
      x-ms-date:
      - Tue, 25 Jun 2019 21:37:03 GMT
      x-ms-version:
      - '2018-03-28'
    method: GET
    uri: https://storagename.queue.core.windows.net/peekqueue/messages?peekonly=true
  response:
    body:
      string: "\uFEFF<?xml version=\"1.0\" encoding=\"utf-8\"?><QueueMessagesList><QueueMessage><MessageId>6b4f6631-780f-4100-8ee0-c44d11ed4929</MessageId><InsertionTime>Tue,
        25 Jun 2019 21:37:02 GMT</InsertionTime><ExpirationTime>Tue, 02 Jul 2019 21:37:02
        GMT</ExpirationTime><DequeueCount>0</DequeueCount><MessageText>message1</MessageText></QueueMessage></QueueMessagesList>"
    headers:
      Cache-Control:
      - no-cache
      Content-Type:
      - application/xml
      Date:
      - Tue, 25 Jun 2019 21:37:03 GMT
      Server:
      - Windows-Azure-Queue/1.0 Microsoft-HTTPAPI/2.0
      Transfer-Encoding:
      - chunked
      Vary:
      - Origin
      x-ms-request-id:
      - dd0c54d0-0003-00c3-509e-2b4aae000000
      x-ms-version:
      - '2018-03-28'
    status:
      code: 200
      message: OK
- request:
    body: null
    headers:
      Accept:
      - application/xml
      Accept-Encoding:
      - gzip, deflate
      Connection:
      - keep-alive
      User-Agent:
      - python/3.7.3 (Windows-10-10.0.18362-SP0) azure-core/0.0.1
      x-ms-client-request-id:
      - 5f1f0500-9791-11e9-b61e-b831b58100e8
      x-ms-date:
      - Tue, 25 Jun 2019 21:37:03 GMT
      x-ms-version:
      - '2018-03-28'
    method: GET
    uri: https://storagename.queue.core.windows.net/peekqueue/messages?numofmessages=5&peekonly=true
  response:
    body:
      string: "\uFEFF<?xml version=\"1.0\" encoding=\"utf-8\"?><QueueMessagesList><QueueMessage><MessageId>6b4f6631-780f-4100-8ee0-c44d11ed4929</MessageId><InsertionTime>Tue,
        25 Jun 2019 21:37:02 GMT</InsertionTime><ExpirationTime>Tue, 02 Jul 2019 21:37:02
        GMT</ExpirationTime><DequeueCount>0</DequeueCount><MessageText>message1</MessageText></QueueMessage><QueueMessage><MessageId>b3fdbfca-c6a4-4e4b-aa17-f9d2fc65b1c9</MessageId><InsertionTime>Tue,
        25 Jun 2019 21:37:03 GMT</InsertionTime><ExpirationTime>Tue, 02 Jul 2019 21:37:03
        GMT</ExpirationTime><DequeueCount>0</DequeueCount><MessageText>message2</MessageText></QueueMessage><QueueMessage><MessageId>99b73703-3d57-42a4-ac1f-388ff113c776</MessageId><InsertionTime>Tue,
        25 Jun 2019 21:37:03 GMT</InsertionTime><ExpirationTime>Tue, 02 Jul 2019 21:37:03
        GMT</ExpirationTime><DequeueCount>0</DequeueCount><MessageText>message3</MessageText></QueueMessage><QueueMessage><MessageId>e5733622-378c-4a35-bb42-c8018acc9ddf</MessageId><InsertionTime>Tue,
        25 Jun 2019 21:37:03 GMT</InsertionTime><ExpirationTime>Tue, 02 Jul 2019 21:37:03
        GMT</ExpirationTime><DequeueCount>0</DequeueCount><MessageText>message4</MessageText></QueueMessage><QueueMessage><MessageId>075a5fb0-45c1-4907-96a2-c04718eaa698</MessageId><InsertionTime>Tue,
        25 Jun 2019 21:37:03 GMT</InsertionTime><ExpirationTime>Tue, 02 Jul 2019 21:37:03
        GMT</ExpirationTime><DequeueCount>0</DequeueCount><MessageText>message5</MessageText></QueueMessage></QueueMessagesList>"
    headers:
      Cache-Control:
      - no-cache
      Content-Type:
      - application/xml
      Date:
      - Tue, 25 Jun 2019 21:37:03 GMT
      Server:
      - Windows-Azure-Queue/1.0 Microsoft-HTTPAPI/2.0
      Transfer-Encoding:
      - chunked
      Vary:
      - Origin
      x-ms-request-id:
      - dd0c54fa-0003-00c3-789e-2b4aae000000
      x-ms-version:
      - '2018-03-28'
    status:
      code: 200
      message: OK
- request:
    body: null
    headers:
      Accept:
      - '*/*'
      Accept-Encoding:
      - gzip, deflate
      Connection:
      - keep-alive
      Content-Length:
      - '0'
      User-Agent:
      - python/3.7.3 (Windows-10-10.0.18362-SP0) azure-core/0.0.1
      x-ms-client-request-id:
      - 5f26579a-9791-11e9-8686-b831b58100e8
      x-ms-date:
      - Tue, 25 Jun 2019 21:37:03 GMT
      x-ms-version:
      - '2018-03-28'
    method: DELETE
    uri: https://storagename.queue.core.windows.net/peekqueue
  response:
    body:
      string: ''
    headers:
      Content-Length:
      - '0'
      Date:
      - Tue, 25 Jun 2019 21:37:03 GMT
      Server:
      - Windows-Azure-Queue/1.0 Microsoft-HTTPAPI/2.0
      x-ms-request-id:
      - dd0c551a-0003-00c3-169e-2b4aae000000
      x-ms-version:
      - '2018-03-28'
    status:
      code: 204
      message: No Content
- request:
    body: null
    headers:
      Accept:
      - '*/*'
      Accept-Encoding:
      - gzip, deflate
      Connection:
      - keep-alive
      Content-Length:
      - '0'
      User-Agent:
      - python/3.7.3 (Windows-10-10.0.18362-SP0) azure-core/0.0.1
      x-ms-client-request-id:
      - af98e96e-9791-11e9-81e5-b831b58100e8
      x-ms-date:
      - Tue, 25 Jun 2019 21:39:18 GMT
      x-ms-version:
      - '2018-03-28'
    method: PUT
    uri: https://storagename.queue.core.windows.net/peekqueue
  response:
    body:
      string: ''
    headers:
      Content-Length:
      - '0'
      Date:
      - Tue, 25 Jun 2019 21:39:19 GMT
      Server:
      - Windows-Azure-Queue/1.0 Microsoft-HTTPAPI/2.0
      x-ms-request-id:
      - 278e2a23-d003-0079-069e-2bafd0000000
      x-ms-version:
      - '2018-03-28'
    status:
      code: 201
      message: Created
- request:
    body: '<?xml version=''1.0'' encoding=''utf-8''?>

      <QueueMessage><MessageText>message1</MessageText></QueueMessage>'
    headers:
      Accept:
      - application/xml
      Accept-Encoding:
      - gzip, deflate
      Connection:
      - keep-alive
      Content-Length:
      - '103'
      Content-Type:
      - application/xml; charset=utf-8
      User-Agent:
      - python/3.7.3 (Windows-10-10.0.18362-SP0) azure-core/0.0.1
      x-ms-client-request-id:
      - b065d64c-9791-11e9-a872-b831b58100e8
      x-ms-date:
      - Tue, 25 Jun 2019 21:39:19 GMT
      x-ms-version:
      - '2018-03-28'
    method: POST
    uri: https://storagename.queue.core.windows.net/peekqueue/messages
  response:
    body:
      string: "\uFEFF<?xml version=\"1.0\" encoding=\"utf-8\"?><QueueMessagesList><QueueMessage><MessageId>35a3792d-4600-4653-89a2-365fa59f25a5</MessageId><InsertionTime>Tue,
        25 Jun 2019 21:39:19 GMT</InsertionTime><ExpirationTime>Tue, 02 Jul 2019 21:39:19
        GMT</ExpirationTime><PopReceipt>AgAAAAMAAAAAAAAAB1wmcp4r1QE=</PopReceipt><TimeNextVisible>Tue,
        25 Jun 2019 21:39:19 GMT</TimeNextVisible></QueueMessage></QueueMessagesList>"
    headers:
      Content-Type:
      - application/xml
      Date:
      - Tue, 25 Jun 2019 21:39:19 GMT
      Server:
      - Windows-Azure-Queue/1.0 Microsoft-HTTPAPI/2.0
      Transfer-Encoding:
      - chunked
      x-ms-request-id:
      - 278e2a56-d003-0079-309e-2bafd0000000
      x-ms-version:
      - '2018-03-28'
    status:
      code: 201
      message: Created
- request:
    body: '<?xml version=''1.0'' encoding=''utf-8''?>

      <QueueMessage><MessageText>message2</MessageText></QueueMessage>'
    headers:
      Accept:
      - application/xml
      Accept-Encoding:
      - gzip, deflate
      Connection:
      - keep-alive
      Content-Length:
      - '103'
      Content-Type:
      - application/xml; charset=utf-8
      User-Agent:
      - python/3.7.3 (Windows-10-10.0.18362-SP0) azure-core/0.0.1
      x-ms-client-request-id:
      - b06d9d28-9791-11e9-8dcf-b831b58100e8
      x-ms-date:
      - Tue, 25 Jun 2019 21:39:19 GMT
      x-ms-version:
      - '2018-03-28'
    method: POST
    uri: https://storagename.queue.core.windows.net/peekqueue/messages
  response:
    body:
      string: "\uFEFF<?xml version=\"1.0\" encoding=\"utf-8\"?><QueueMessagesList><QueueMessage><MessageId>d726a685-e7aa-41d6-ac63-3d05b04843be</MessageId><InsertionTime>Tue,
        25 Jun 2019 21:39:19 GMT</InsertionTime><ExpirationTime>Tue, 02 Jul 2019 21:39:19
        GMT</ExpirationTime><PopReceipt>AgAAAAMAAAAAAAAAHBgrcp4r1QE=</PopReceipt><TimeNextVisible>Tue,
        25 Jun 2019 21:39:19 GMT</TimeNextVisible></QueueMessage></QueueMessagesList>"
    headers:
      Content-Type:
      - application/xml
      Date:
      - Tue, 25 Jun 2019 21:39:19 GMT
      Server:
      - Windows-Azure-Queue/1.0 Microsoft-HTTPAPI/2.0
      Transfer-Encoding:
      - chunked
      x-ms-request-id:
      - 278e2a58-d003-0079-329e-2bafd0000000
      x-ms-version:
      - '2018-03-28'
    status:
      code: 201
      message: Created
- request:
    body: '<?xml version=''1.0'' encoding=''utf-8''?>

      <QueueMessage><MessageText>message3</MessageText></QueueMessage>'
    headers:
      Accept:
      - application/xml
      Accept-Encoding:
      - gzip, deflate
      Connection:
      - keep-alive
      Content-Length:
      - '103'
      Content-Type:
      - application/xml; charset=utf-8
      User-Agent:
      - python/3.7.3 (Windows-10-10.0.18362-SP0) azure-core/0.0.1
      x-ms-client-request-id:
      - b0753e36-9791-11e9-8aeb-b831b58100e8
      x-ms-date:
      - Tue, 25 Jun 2019 21:39:19 GMT
      x-ms-version:
      - '2018-03-28'
    method: POST
    uri: https://storagename.queue.core.windows.net/peekqueue/messages
  response:
    body:
      string: "\uFEFF<?xml version=\"1.0\" encoding=\"utf-8\"?><QueueMessagesList><QueueMessage><MessageId>88d75b2c-7fc7-417c-b10a-566a966fbfa4</MessageId><InsertionTime>Tue,
        25 Jun 2019 21:39:19 GMT</InsertionTime><ExpirationTime>Tue, 02 Jul 2019 21:39:19
        GMT</ExpirationTime><PopReceipt>AgAAAAMAAAAAAAAArSw1cp4r1QE=</PopReceipt><TimeNextVisible>Tue,
        25 Jun 2019 21:39:19 GMT</TimeNextVisible></QueueMessage></QueueMessagesList>"
    headers:
      Content-Type:
      - application/xml
      Date:
      - Tue, 25 Jun 2019 21:39:19 GMT
      Server:
      - Windows-Azure-Queue/1.0 Microsoft-HTTPAPI/2.0
      Transfer-Encoding:
      - chunked
      x-ms-request-id:
      - 278e2a5a-d003-0079-339e-2bafd0000000
      x-ms-version:
      - '2018-03-28'
    status:
      code: 201
      message: Created
- request:
    body: '<?xml version=''1.0'' encoding=''utf-8''?>

      <QueueMessage><MessageText>message4</MessageText></QueueMessage>'
    headers:
      Accept:
      - application/xml
      Accept-Encoding:
      - gzip, deflate
      Connection:
      - keep-alive
      Content-Length:
      - '103'
      Content-Type:
      - application/xml; charset=utf-8
      User-Agent:
      - python/3.7.3 (Windows-10-10.0.18362-SP0) azure-core/0.0.1
      x-ms-client-request-id:
      - b07d066c-9791-11e9-a27c-b831b58100e8
      x-ms-date:
      - Tue, 25 Jun 2019 21:39:19 GMT
      x-ms-version:
      - '2018-03-28'
    method: POST
    uri: https://storagename.queue.core.windows.net/peekqueue/messages
  response:
    body:
      string: "\uFEFF<?xml version=\"1.0\" encoding=\"utf-8\"?><QueueMessagesList><QueueMessage><MessageId>44a8591e-ad4d-47fa-b181-02dc06989eef</MessageId><InsertionTime>Tue,
        25 Jun 2019 21:39:19 GMT</InsertionTime><ExpirationTime>Tue, 02 Jul 2019 21:39:19
        GMT</ExpirationTime><PopReceipt>AgAAAAMAAAAAAAAAD146cp4r1QE=</PopReceipt><TimeNextVisible>Tue,
        25 Jun 2019 21:39:19 GMT</TimeNextVisible></QueueMessage></QueueMessagesList>"
    headers:
      Content-Type:
      - application/xml
      Date:
      - Tue, 25 Jun 2019 21:39:19 GMT
      Server:
      - Windows-Azure-Queue/1.0 Microsoft-HTTPAPI/2.0
      Transfer-Encoding:
      - chunked
      x-ms-request-id:
      - 278e2a5b-d003-0079-349e-2bafd0000000
      x-ms-version:
      - '2018-03-28'
    status:
      code: 201
      message: Created
- request:
    body: '<?xml version=''1.0'' encoding=''utf-8''?>

      <QueueMessage><MessageText>message5</MessageText></QueueMessage>'
    headers:
      Accept:
      - application/xml
      Accept-Encoding:
      - gzip, deflate
      Connection:
      - keep-alive
      Content-Length:
      - '103'
      Content-Type:
      - application/xml; charset=utf-8
      User-Agent:
      - python/3.7.3 (Windows-10-10.0.18362-SP0) azure-core/0.0.1
      x-ms-client-request-id:
      - b089d900-9791-11e9-be01-b831b58100e8
      x-ms-date:
      - Tue, 25 Jun 2019 21:39:19 GMT
      x-ms-version:
      - '2018-03-28'
    method: POST
    uri: https://storagename.queue.core.windows.net/peekqueue/messages
  response:
    body:
      string: "\uFEFF<?xml version=\"1.0\" encoding=\"utf-8\"?><QueueMessagesList><QueueMessage><MessageId>9d48053c-1c55-44b2-8b67-b6e8785282c1</MessageId><InsertionTime>Tue,
        25 Jun 2019 21:39:19 GMT</InsertionTime><ExpirationTime>Tue, 02 Jul 2019 21:39:19
        GMT</ExpirationTime><PopReceipt>AgAAAAMAAAAAAAAAUAtHcp4r1QE=</PopReceipt><TimeNextVisible>Tue,
        25 Jun 2019 21:39:19 GMT</TimeNextVisible></QueueMessage></QueueMessagesList>"
    headers:
      Content-Type:
      - application/xml
      Date:
      - Tue, 25 Jun 2019 21:39:19 GMT
      Server:
      - Windows-Azure-Queue/1.0 Microsoft-HTTPAPI/2.0
      Transfer-Encoding:
      - chunked
      x-ms-request-id:
      - 278e2a5d-d003-0079-369e-2bafd0000000
      x-ms-version:
      - '2018-03-28'
    status:
      code: 201
      message: Created
- request:
    body: null
    headers:
      Accept:
      - application/xml
      Accept-Encoding:
      - gzip, deflate
      Connection:
      - keep-alive
      User-Agent:
      - python/3.7.3 (Windows-10-10.0.18362-SP0) azure-core/0.0.1
      x-ms-client-request-id:
      - b0919fba-9791-11e9-bad3-b831b58100e8
      x-ms-date:
      - Tue, 25 Jun 2019 21:39:19 GMT
      x-ms-version:
      - '2018-03-28'
    method: GET
    uri: https://storagename.queue.core.windows.net/peekqueue/messages?peekonly=true
  response:
    body:
      string: "\uFEFF<?xml version=\"1.0\" encoding=\"utf-8\"?><QueueMessagesList><QueueMessage><MessageId>35a3792d-4600-4653-89a2-365fa59f25a5</MessageId><InsertionTime>Tue,
        25 Jun 2019 21:39:19 GMT</InsertionTime><ExpirationTime>Tue, 02 Jul 2019 21:39:19
        GMT</ExpirationTime><DequeueCount>0</DequeueCount><MessageText>message1</MessageText></QueueMessage></QueueMessagesList>"
    headers:
      Cache-Control:
      - no-cache
      Content-Type:
      - application/xml
      Date:
      - Tue, 25 Jun 2019 21:39:19 GMT
      Server:
      - Windows-Azure-Queue/1.0 Microsoft-HTTPAPI/2.0
      Transfer-Encoding:
      - chunked
      Vary:
      - Origin
      x-ms-request-id:
      - 278e2a60-d003-0079-399e-2bafd0000000
      x-ms-version:
      - '2018-03-28'
    status:
      code: 200
      message: OK
- request:
    body: null
    headers:
      Accept:
      - application/xml
      Accept-Encoding:
      - gzip, deflate
      Connection:
      - keep-alive
      User-Agent:
      - python/3.7.3 (Windows-10-10.0.18362-SP0) azure-core/0.0.1
      x-ms-client-request-id:
      - b09b3cb4-9791-11e9-880a-b831b58100e8
      x-ms-date:
      - Tue, 25 Jun 2019 21:39:20 GMT
      x-ms-version:
      - '2018-03-28'
    method: GET
    uri: https://storagename.queue.core.windows.net/peekqueue/messages?numofmessages=5&peekonly=true
  response:
    body:
      string: "\uFEFF<?xml version=\"1.0\" encoding=\"utf-8\"?><QueueMessagesList><QueueMessage><MessageId>35a3792d-4600-4653-89a2-365fa59f25a5</MessageId><InsertionTime>Tue,
        25 Jun 2019 21:39:19 GMT</InsertionTime><ExpirationTime>Tue, 02 Jul 2019 21:39:19
        GMT</ExpirationTime><DequeueCount>0</DequeueCount><MessageText>message1</MessageText></QueueMessage><QueueMessage><MessageId>d726a685-e7aa-41d6-ac63-3d05b04843be</MessageId><InsertionTime>Tue,
        25 Jun 2019 21:39:19 GMT</InsertionTime><ExpirationTime>Tue, 02 Jul 2019 21:39:19
        GMT</ExpirationTime><DequeueCount>0</DequeueCount><MessageText>message2</MessageText></QueueMessage><QueueMessage><MessageId>88d75b2c-7fc7-417c-b10a-566a966fbfa4</MessageId><InsertionTime>Tue,
        25 Jun 2019 21:39:19 GMT</InsertionTime><ExpirationTime>Tue, 02 Jul 2019 21:39:19
        GMT</ExpirationTime><DequeueCount>0</DequeueCount><MessageText>message3</MessageText></QueueMessage><QueueMessage><MessageId>44a8591e-ad4d-47fa-b181-02dc06989eef</MessageId><InsertionTime>Tue,
        25 Jun 2019 21:39:19 GMT</InsertionTime><ExpirationTime>Tue, 02 Jul 2019 21:39:19
        GMT</ExpirationTime><DequeueCount>0</DequeueCount><MessageText>message4</MessageText></QueueMessage><QueueMessage><MessageId>9d48053c-1c55-44b2-8b67-b6e8785282c1</MessageId><InsertionTime>Tue,
        25 Jun 2019 21:39:19 GMT</InsertionTime><ExpirationTime>Tue, 02 Jul 2019 21:39:19
        GMT</ExpirationTime><DequeueCount>0</DequeueCount><MessageText>message5</MessageText></QueueMessage></QueueMessagesList>"
    headers:
      Cache-Control:
      - no-cache
      Content-Type:
      - application/xml
      Date:
      - Tue, 25 Jun 2019 21:39:19 GMT
      Server:
      - Windows-Azure-Queue/1.0 Microsoft-HTTPAPI/2.0
      Transfer-Encoding:
      - chunked
      Vary:
      - Origin
      x-ms-request-id:
      - 278e2a65-d003-0079-3e9e-2bafd0000000
      x-ms-version:
      - '2018-03-28'
    status:
      code: 200
      message: OK
- request:
    body: null
    headers:
      Accept:
      - '*/*'
      Accept-Encoding:
      - gzip, deflate
      Connection:
      - keep-alive
      Content-Length:
      - '0'
      User-Agent:
      - python/3.7.3 (Windows-10-10.0.18362-SP0) azure-core/0.0.1
      x-ms-client-request-id:
      - b0a06cb8-9791-11e9-a28c-b831b58100e8
      x-ms-date:
      - Tue, 25 Jun 2019 21:39:20 GMT
      x-ms-version:
      - '2018-03-28'
    method: DELETE
    uri: https://storagename.queue.core.windows.net/peekqueue
  response:
    body:
      string: ''
    headers:
      Content-Length:
      - '0'
      Date:
      - Tue, 25 Jun 2019 21:39:20 GMT
      Server:
      - Windows-Azure-Queue/1.0 Microsoft-HTTPAPI/2.0
      x-ms-request-id:
      - 278e2a66-d003-0079-3f9e-2bafd0000000
      x-ms-version:
      - '2018-03-28'
    status:
      code: 204
      message: No Content
- request:
    body: null
    headers:
      Accept:
      - '*/*'
      Accept-Encoding:
      - gzip, deflate
      Connection:
      - keep-alive
      Content-Length:
      - '0'
      User-Agent:
      - python/3.7.3 (Windows-10-10.0.18362-SP0) azure-core/0.0.1
      x-ms-client-request-id:
      - b105c166-9794-11e9-a5e9-b831b58100e8
      x-ms-date:
      - Tue, 25 Jun 2019 22:00:49 GMT
      x-ms-version:
      - '2018-03-28'
    method: PUT
    uri: https://storagename.queue.core.windows.net/peekqueue
  response:
    body:
      string: ''
    headers:
      Content-Length:
      - '0'
      Date:
      - Tue, 25 Jun 2019 22:00:48 GMT
      Server:
      - Windows-Azure-Queue/1.0 Microsoft-HTTPAPI/2.0
      x-ms-request-id:
      - b6ffa116-4003-00d2-3da1-2bd01a000000
      x-ms-version:
      - '2018-03-28'
    status:
      code: 201
      message: Created
- request:
    body: '<?xml version=''1.0'' encoding=''utf-8''?>

      <QueueMessage><MessageText>message1</MessageText></QueueMessage>'
    headers:
      Accept:
      - application/xml
      Accept-Encoding:
      - gzip, deflate
      Connection:
      - keep-alive
      Content-Length:
      - '103'
      Content-Type:
      - application/xml; charset=utf-8
      User-Agent:
      - python/3.7.3 (Windows-10-10.0.18362-SP0) azure-core/0.0.1
      x-ms-client-request-id:
      - b11db4ca-9794-11e9-92e9-b831b58100e8
      x-ms-date:
      - Tue, 25 Jun 2019 22:00:49 GMT
      x-ms-version:
      - '2018-03-28'
    method: POST
    uri: https://storagename.queue.core.windows.net/peekqueue/messages
  response:
    body:
      string: "\uFEFF<?xml version=\"1.0\" encoding=\"utf-8\"?><QueueMessagesList><QueueMessage><MessageId>9246c402-7d0d-4f2d-a20d-021d5ec703b2</MessageId><InsertionTime>Tue,
        25 Jun 2019 22:00:49 GMT</InsertionTime><ExpirationTime>Tue, 02 Jul 2019 22:00:49
        GMT</ExpirationTime><PopReceipt>AgAAAAMAAAAAAAAA5AXccqEr1QE=</PopReceipt><TimeNextVisible>Tue,
        25 Jun 2019 22:00:49 GMT</TimeNextVisible></QueueMessage></QueueMessagesList>"
    headers:
      Content-Type:
      - application/xml
      Date:
      - Tue, 25 Jun 2019 22:00:48 GMT
      Server:
      - Windows-Azure-Queue/1.0 Microsoft-HTTPAPI/2.0
      Transfer-Encoding:
      - chunked
      x-ms-request-id:
      - b6ffa120-4003-00d2-45a1-2bd01a000000
      x-ms-version:
      - '2018-03-28'
    status:
      code: 201
      message: Created
- request:
    body: '<?xml version=''1.0'' encoding=''utf-8''?>

      <QueueMessage><MessageText>message2</MessageText></QueueMessage>'
    headers:
      Accept:
      - application/xml
      Accept-Encoding:
      - gzip, deflate
      Connection:
      - keep-alive
      Content-Length:
      - '103'
      Content-Type:
      - application/xml; charset=utf-8
      User-Agent:
      - python/3.7.3 (Windows-10-10.0.18362-SP0) azure-core/0.0.1
      x-ms-client-request-id:
      - b1244466-9794-11e9-b8bf-b831b58100e8
      x-ms-date:
      - Tue, 25 Jun 2019 22:00:49 GMT
      x-ms-version:
      - '2018-03-28'
    method: POST
    uri: https://storagename.queue.core.windows.net/peekqueue/messages
  response:
    body:
      string: "\uFEFF<?xml version=\"1.0\" encoding=\"utf-8\"?><QueueMessagesList><QueueMessage><MessageId>1f527122-722d-47f0-b281-bcb07c0bfef6</MessageId><InsertionTime>Tue,
        25 Jun 2019 22:00:49 GMT</InsertionTime><ExpirationTime>Tue, 02 Jul 2019 22:00:49
        GMT</ExpirationTime><PopReceipt>AgAAAAMAAAAAAAAA3ajjcqEr1QE=</PopReceipt><TimeNextVisible>Tue,
        25 Jun 2019 22:00:49 GMT</TimeNextVisible></QueueMessage></QueueMessagesList>"
    headers:
      Content-Type:
      - application/xml
      Date:
      - Tue, 25 Jun 2019 22:00:48 GMT
      Server:
      - Windows-Azure-Queue/1.0 Microsoft-HTTPAPI/2.0
      Transfer-Encoding:
      - chunked
      x-ms-request-id:
      - b6ffa128-4003-00d2-4da1-2bd01a000000
      x-ms-version:
      - '2018-03-28'
    status:
      code: 201
      message: Created
- request:
    body: '<?xml version=''1.0'' encoding=''utf-8''?>

      <QueueMessage><MessageText>message3</MessageText></QueueMessage>'
    headers:
      Accept:
      - application/xml
      Accept-Encoding:
      - gzip, deflate
      Connection:
      - keep-alive
      Content-Length:
      - '103'
      Content-Type:
      - application/xml; charset=utf-8
      User-Agent:
      - python/3.7.3 (Windows-10-10.0.18362-SP0) azure-core/0.0.1
      x-ms-client-request-id:
      - b12be5f6-9794-11e9-bcf6-b831b58100e8
      x-ms-date:
      - Tue, 25 Jun 2019 22:00:49 GMT
      x-ms-version:
      - '2018-03-28'
    method: POST
    uri: https://storagename.queue.core.windows.net/peekqueue/messages
  response:
    body:
      string: "\uFEFF<?xml version=\"1.0\" encoding=\"utf-8\"?><QueueMessagesList><QueueMessage><MessageId>e744b15c-b097-486c-8133-16350148c33f</MessageId><InsertionTime>Tue,
        25 Jun 2019 22:00:49 GMT</InsertionTime><ExpirationTime>Tue, 02 Jul 2019 22:00:49
        GMT</ExpirationTime><PopReceipt>AgAAAAMAAAAAAAAAO2/tcqEr1QE=</PopReceipt><TimeNextVisible>Tue,
        25 Jun 2019 22:00:49 GMT</TimeNextVisible></QueueMessage></QueueMessagesList>"
    headers:
      Content-Type:
      - application/xml
      Date:
      - Tue, 25 Jun 2019 22:00:48 GMT
      Server:
      - Windows-Azure-Queue/1.0 Microsoft-HTTPAPI/2.0
      Transfer-Encoding:
      - chunked
      x-ms-request-id:
      - b6ffa13a-4003-00d2-5fa1-2bd01a000000
      x-ms-version:
      - '2018-03-28'
    status:
      code: 201
      message: Created
- request:
    body: '<?xml version=''1.0'' encoding=''utf-8''?>

      <QueueMessage><MessageText>message4</MessageText></QueueMessage>'
    headers:
      Accept:
      - application/xml
      Accept-Encoding:
      - gzip, deflate
      Connection:
      - keep-alive
      Content-Length:
      - '103'
      Content-Type:
      - application/xml; charset=utf-8
      User-Agent:
      - python/3.7.3 (Windows-10-10.0.18362-SP0) azure-core/0.0.1
      x-ms-client-request-id:
      - b135f7c6-9794-11e9-8bf5-b831b58100e8
      x-ms-date:
      - Tue, 25 Jun 2019 22:00:49 GMT
      x-ms-version:
      - '2018-03-28'
    method: POST
    uri: https://storagename.queue.core.windows.net/peekqueue/messages
  response:
    body:
      string: "\uFEFF<?xml version=\"1.0\" encoding=\"utf-8\"?><QueueMessagesList><QueueMessage><MessageId>a5eacfbc-a89b-43ef-b624-f857b3870a95</MessageId><InsertionTime>Tue,
        25 Jun 2019 22:00:49 GMT</InsertionTime><ExpirationTime>Tue, 02 Jul 2019 22:00:49
        GMT</ExpirationTime><PopReceipt>AgAAAAMAAAAAAAAATMD2cqEr1QE=</PopReceipt><TimeNextVisible>Tue,
        25 Jun 2019 22:00:49 GMT</TimeNextVisible></QueueMessage></QueueMessagesList>"
    headers:
      Content-Type:
      - application/xml
      Date:
      - Tue, 25 Jun 2019 22:00:49 GMT
      Server:
      - Windows-Azure-Queue/1.0 Microsoft-HTTPAPI/2.0
      Transfer-Encoding:
      - chunked
      x-ms-request-id:
      - b6ffa14d-4003-00d2-72a1-2bd01a000000
      x-ms-version:
      - '2018-03-28'
    status:
      code: 201
      message: Created
- request:
    body: '<?xml version=''1.0'' encoding=''utf-8''?>

      <QueueMessage><MessageText>message5</MessageText></QueueMessage>'
    headers:
      Accept:
      - application/xml
      Accept-Encoding:
      - gzip, deflate
      Connection:
      - keep-alive
      Content-Length:
      - '103'
      Content-Type:
      - application/xml; charset=utf-8
      User-Agent:
      - python/3.7.3 (Windows-10-10.0.18362-SP0) azure-core/0.0.1
      x-ms-client-request-id:
      - b142f030-9794-11e9-8e5e-b831b58100e8
      x-ms-date:
      - Tue, 25 Jun 2019 22:00:49 GMT
      x-ms-version:
      - '2018-03-28'
    method: POST
    uri: https://storagename.queue.core.windows.net/peekqueue/messages
  response:
    body:
      string: "\uFEFF<?xml version=\"1.0\" encoding=\"utf-8\"?><QueueMessagesList><QueueMessage><MessageId>8a407cc8-8e31-412b-a3b8-045108439408</MessageId><InsertionTime>Tue,
        25 Jun 2019 22:00:49 GMT</InsertionTime><ExpirationTime>Tue, 02 Jul 2019 22:00:49
        GMT</ExpirationTime><PopReceipt>AgAAAAMAAAAAAAAAj3sGc6Er1QE=</PopReceipt><TimeNextVisible>Tue,
        25 Jun 2019 22:00:49 GMT</TimeNextVisible></QueueMessage></QueueMessagesList>"
    headers:
      Content-Type:
      - application/xml
      Date:
      - Tue, 25 Jun 2019 22:00:49 GMT
      Server:
      - Windows-Azure-Queue/1.0 Microsoft-HTTPAPI/2.0
      Transfer-Encoding:
      - chunked
      x-ms-request-id:
      - b6ffa161-4003-00d2-06a1-2bd01a000000
      x-ms-version:
      - '2018-03-28'
    status:
      code: 201
      message: Created
- request:
    body: null
    headers:
      Accept:
      - application/xml
      Accept-Encoding:
      - gzip, deflate
      Connection:
      - keep-alive
      User-Agent:
      - python/3.7.3 (Windows-10-10.0.18362-SP0) azure-core/0.0.1
      x-ms-client-request-id:
      - b152a780-9794-11e9-89e0-b831b58100e8
      x-ms-date:
      - Tue, 25 Jun 2019 22:00:49 GMT
      x-ms-version:
      - '2018-03-28'
    method: GET
    uri: https://storagename.queue.core.windows.net/peekqueue/messages?peekonly=true
  response:
    body:
      string: "\uFEFF<?xml version=\"1.0\" encoding=\"utf-8\"?><QueueMessagesList><QueueMessage><MessageId>9246c402-7d0d-4f2d-a20d-021d5ec703b2</MessageId><InsertionTime>Tue,
        25 Jun 2019 22:00:49 GMT</InsertionTime><ExpirationTime>Tue, 02 Jul 2019 22:00:49
        GMT</ExpirationTime><DequeueCount>0</DequeueCount><MessageText>message1</MessageText></QueueMessage></QueueMessagesList>"
    headers:
      Cache-Control:
      - no-cache
      Content-Type:
      - application/xml
      Date:
      - Tue, 25 Jun 2019 22:00:49 GMT
      Server:
      - Windows-Azure-Queue/1.0 Microsoft-HTTPAPI/2.0
      Transfer-Encoding:
      - chunked
      x-ms-request-id:
      - b6ffa177-4003-00d2-16a1-2bd01a000000
      x-ms-version:
      - '2018-03-28'
    status:
      code: 200
      message: OK
- request:
    body: null
    headers:
      Accept:
      - application/xml
      Accept-Encoding:
      - gzip, deflate
      Connection:
      - keep-alive
      User-Agent:
      - python/3.7.3 (Windows-10-10.0.18362-SP0) azure-core/0.0.1
      x-ms-client-request-id:
      - b15abc5e-9794-11e9-8a7d-b831b58100e8
      x-ms-date:
      - Tue, 25 Jun 2019 22:00:49 GMT
      x-ms-version:
      - '2018-03-28'
    method: GET
    uri: https://storagename.queue.core.windows.net/peekqueue/messages?numofmessages=5&peekonly=true
  response:
    body:
      string: "\uFEFF<?xml version=\"1.0\" encoding=\"utf-8\"?><QueueMessagesList><QueueMessage><MessageId>9246c402-7d0d-4f2d-a20d-021d5ec703b2</MessageId><InsertionTime>Tue,
        25 Jun 2019 22:00:49 GMT</InsertionTime><ExpirationTime>Tue, 02 Jul 2019 22:00:49
        GMT</ExpirationTime><DequeueCount>0</DequeueCount><MessageText>message1</MessageText></QueueMessage><QueueMessage><MessageId>1f527122-722d-47f0-b281-bcb07c0bfef6</MessageId><InsertionTime>Tue,
        25 Jun 2019 22:00:49 GMT</InsertionTime><ExpirationTime>Tue, 02 Jul 2019 22:00:49
        GMT</ExpirationTime><DequeueCount>0</DequeueCount><MessageText>message2</MessageText></QueueMessage><QueueMessage><MessageId>e744b15c-b097-486c-8133-16350148c33f</MessageId><InsertionTime>Tue,
        25 Jun 2019 22:00:49 GMT</InsertionTime><ExpirationTime>Tue, 02 Jul 2019 22:00:49
        GMT</ExpirationTime><DequeueCount>0</DequeueCount><MessageText>message3</MessageText></QueueMessage><QueueMessage><MessageId>a5eacfbc-a89b-43ef-b624-f857b3870a95</MessageId><InsertionTime>Tue,
        25 Jun 2019 22:00:49 GMT</InsertionTime><ExpirationTime>Tue, 02 Jul 2019 22:00:49
        GMT</ExpirationTime><DequeueCount>0</DequeueCount><MessageText>message4</MessageText></QueueMessage><QueueMessage><MessageId>8a407cc8-8e31-412b-a3b8-045108439408</MessageId><InsertionTime>Tue,
        25 Jun 2019 22:00:49 GMT</InsertionTime><ExpirationTime>Tue, 02 Jul 2019 22:00:49
        GMT</ExpirationTime><DequeueCount>0</DequeueCount><MessageText>message5</MessageText></QueueMessage></QueueMessagesList>"
    headers:
      Cache-Control:
      - no-cache
      Content-Type:
      - application/xml
      Date:
      - Tue, 25 Jun 2019 22:00:49 GMT
      Server:
      - Windows-Azure-Queue/1.0 Microsoft-HTTPAPI/2.0
      Transfer-Encoding:
      - chunked
      x-ms-request-id:
      - b6ffa189-4003-00d2-27a1-2bd01a000000
      x-ms-version:
      - '2018-03-28'
    status:
      code: 200
      message: OK
- request:
    body: null
    headers:
      Accept:
      - '*/*'
      Accept-Encoding:
      - gzip, deflate
      Connection:
      - keep-alive
      Content-Length:
      - '0'
      User-Agent:
      - python/3.7.3 (Windows-10-10.0.18362-SP0) azure-core/0.0.1
      x-ms-client-request-id:
      - b162b5d2-9794-11e9-8510-b831b58100e8
      x-ms-date:
      - Tue, 25 Jun 2019 22:00:49 GMT
      x-ms-version:
      - '2018-03-28'
    method: DELETE
    uri: https://storagename.queue.core.windows.net/peekqueue
  response:
    body:
      string: ''
    headers:
      Content-Length:
      - '0'
      Date:
      - Tue, 25 Jun 2019 22:00:49 GMT
      Server:
      - Windows-Azure-Queue/1.0 Microsoft-HTTPAPI/2.0
      x-ms-request-id:
      - b6ffa193-4003-00d2-31a1-2bd01a000000
      x-ms-version:
      - '2018-03-28'
    status:
      code: 204
      message: No Content
- request:
    body: null
    headers:
      Accept:
      - '*/*'
      Accept-Encoding:
      - gzip, deflate
      Connection:
      - keep-alive
      Content-Length:
      - '0'
      User-Agent:
      - python/3.7.3 (Windows-10-10.0.18362-SP0) azure-core/0.0.1
      x-ms-client-request-id:
      - d35605d2-9797-11e9-ba7a-b831b58100e8
      x-ms-date:
      - Tue, 25 Jun 2019 22:23:15 GMT
      x-ms-version:
      - '2018-03-28'
    method: PUT
    uri: https://storagename.queue.core.windows.net/peekqueue
  response:
    body:
      string: ''
    headers:
      Content-Length:
      - '0'
      Date:
      - Tue, 25 Jun 2019 22:23:15 GMT
      Server:
      - Windows-Azure-Queue/1.0 Microsoft-HTTPAPI/2.0
      x-ms-request-id:
      - 7cb71f0a-9003-000a-08a4-2bf743000000
      x-ms-version:
      - '2018-03-28'
    status:
      code: 201
      message: Created
- request:
    body: '<?xml version=''1.0'' encoding=''utf-8''?>

      <QueueMessage><MessageText>message1</MessageText></QueueMessage>'
    headers:
      Accept:
      - application/xml
      Accept-Encoding:
      - gzip, deflate
      Connection:
      - keep-alive
      Content-Length:
      - '103'
      Content-Type:
      - application/xml; charset=utf-8
      User-Agent:
      - python/3.7.3 (Windows-10-10.0.18362-SP0) azure-core/0.0.1
      x-ms-client-request-id:
      - d376acd2-9797-11e9-a631-b831b58100e8
      x-ms-date:
      - Tue, 25 Jun 2019 22:23:15 GMT
      x-ms-version:
      - '2018-03-28'
    method: POST
    uri: https://storagename.queue.core.windows.net/peekqueue/messages
  response:
    body:
      string: "\uFEFF<?xml version=\"1.0\" encoding=\"utf-8\"?><QueueMessagesList><QueueMessage><MessageId>dec5f2b6-9c57-4226-bd0c-0c57ca8ed62e</MessageId><InsertionTime>Tue,
        25 Jun 2019 22:23:15 GMT</InsertionTime><ExpirationTime>Tue, 02 Jul 2019 22:23:15
        GMT</ExpirationTime><PopReceipt>AgAAAAMAAAAAAAAAiEg4laQr1QE=</PopReceipt><TimeNextVisible>Tue,
        25 Jun 2019 22:23:15 GMT</TimeNextVisible></QueueMessage></QueueMessagesList>"
    headers:
      Content-Type:
      - application/xml
      Date:
      - Tue, 25 Jun 2019 22:23:15 GMT
      Server:
      - Windows-Azure-Queue/1.0 Microsoft-HTTPAPI/2.0
      Transfer-Encoding:
      - chunked
      x-ms-request-id:
      - 7cb71f1a-9003-000a-16a4-2bf743000000
      x-ms-version:
      - '2018-03-28'
    status:
      code: 201
      message: Created
- request:
    body: '<?xml version=''1.0'' encoding=''utf-8''?>

      <QueueMessage><MessageText>message2</MessageText></QueueMessage>'
    headers:
      Accept:
      - application/xml
      Accept-Encoding:
      - gzip, deflate
      Connection:
      - keep-alive
      Content-Length:
      - '103'
      Content-Type:
      - application/xml; charset=utf-8
      User-Agent:
      - python/3.7.3 (Windows-10-10.0.18362-SP0) azure-core/0.0.1
      x-ms-client-request-id:
      - d37b8cee-9797-11e9-a925-b831b58100e8
      x-ms-date:
      - Tue, 25 Jun 2019 22:23:15 GMT
      x-ms-version:
      - '2018-03-28'
    method: POST
    uri: https://storagename.queue.core.windows.net/peekqueue/messages
  response:
    body:
      string: "\uFEFF<?xml version=\"1.0\" encoding=\"utf-8\"?><QueueMessagesList><QueueMessage><MessageId>f9402837-7c02-4881-a8e7-953ec24cf7bb</MessageId><InsertionTime>Tue,
        25 Jun 2019 22:23:15 GMT</InsertionTime><ExpirationTime>Tue, 02 Jul 2019 22:23:15
        GMT</ExpirationTime><PopReceipt>AgAAAAMAAAAAAAAAOmg8laQr1QE=</PopReceipt><TimeNextVisible>Tue,
        25 Jun 2019 22:23:15 GMT</TimeNextVisible></QueueMessage></QueueMessagesList>"
    headers:
      Content-Type:
      - application/xml
      Date:
      - Tue, 25 Jun 2019 22:23:15 GMT
      Server:
      - Windows-Azure-Queue/1.0 Microsoft-HTTPAPI/2.0
      Transfer-Encoding:
      - chunked
      x-ms-request-id:
      - 7cb71f26-9003-000a-22a4-2bf743000000
      x-ms-version:
      - '2018-03-28'
    status:
      code: 201
      message: Created
- request:
    body: '<?xml version=''1.0'' encoding=''utf-8''?>

      <QueueMessage><MessageText>message3</MessageText></QueueMessage>'
    headers:
      Accept:
      - application/xml
      Accept-Encoding:
      - gzip, deflate
      Connection:
      - keep-alive
      Content-Length:
      - '103'
      Content-Type:
      - application/xml; charset=utf-8
      User-Agent:
      - python/3.7.3 (Windows-10-10.0.18362-SP0) azure-core/0.0.1
      x-ms-client-request-id:
      - d37f8480-9797-11e9-a638-b831b58100e8
      x-ms-date:
      - Tue, 25 Jun 2019 22:23:15 GMT
      x-ms-version:
      - '2018-03-28'
    method: POST
    uri: https://storagename.queue.core.windows.net/peekqueue/messages
  response:
    body:
      string: "\uFEFF<?xml version=\"1.0\" encoding=\"utf-8\"?><QueueMessagesList><QueueMessage><MessageId>6b72ca24-994d-4dd9-97cd-16c81af54f4b</MessageId><InsertionTime>Tue,
        25 Jun 2019 22:23:15 GMT</InsertionTime><ExpirationTime>Tue, 02 Jul 2019 22:23:15
        GMT</ExpirationTime><PopReceipt>AgAAAAMAAAAAAAAAIeRDlaQr1QE=</PopReceipt><TimeNextVisible>Tue,
        25 Jun 2019 22:23:15 GMT</TimeNextVisible></QueueMessage></QueueMessagesList>"
    headers:
      Content-Type:
      - application/xml
      Date:
      - Tue, 25 Jun 2019 22:23:15 GMT
      Server:
      - Windows-Azure-Queue/1.0 Microsoft-HTTPAPI/2.0
      Transfer-Encoding:
      - chunked
      x-ms-request-id:
      - 7cb71f38-9003-000a-33a4-2bf743000000
      x-ms-version:
      - '2018-03-28'
    status:
      code: 201
      message: Created
- request:
    body: '<?xml version=''1.0'' encoding=''utf-8''?>

      <QueueMessage><MessageText>message4</MessageText></QueueMessage>'
    headers:
      Accept:
      - application/xml
      Accept-Encoding:
      - gzip, deflate
      Connection:
      - keep-alive
      Content-Length:
      - '103'
      Content-Type:
      - application/xml; charset=utf-8
      User-Agent:
      - python/3.7.3 (Windows-10-10.0.18362-SP0) azure-core/0.0.1
      x-ms-client-request-id:
      - d387c2e6-9797-11e9-9f09-b831b58100e8
      x-ms-date:
      - Tue, 25 Jun 2019 22:23:15 GMT
      x-ms-version:
      - '2018-03-28'
    method: POST
    uri: https://storagename.queue.core.windows.net/peekqueue/messages
  response:
    body:
      string: "\uFEFF<?xml version=\"1.0\" encoding=\"utf-8\"?><QueueMessagesList><QueueMessage><MessageId>4de87e7c-a465-4092-842c-3626717cf22c</MessageId><InsertionTime>Tue,
        25 Jun 2019 22:23:15 GMT</InsertionTime><ExpirationTime>Tue, 02 Jul 2019 22:23:15
        GMT</ExpirationTime><PopReceipt>AgAAAAMAAAAAAAAAfyNMlaQr1QE=</PopReceipt><TimeNextVisible>Tue,
        25 Jun 2019 22:23:15 GMT</TimeNextVisible></QueueMessage></QueueMessagesList>"
    headers:
      Content-Type:
      - application/xml
      Date:
      - Tue, 25 Jun 2019 22:23:15 GMT
      Server:
      - Windows-Azure-Queue/1.0 Microsoft-HTTPAPI/2.0
      Transfer-Encoding:
      - chunked
      x-ms-request-id:
      - 7cb71f4c-9003-000a-47a4-2bf743000000
      x-ms-version:
      - '2018-03-28'
    status:
      code: 201
      message: Created
- request:
    body: '<?xml version=''1.0'' encoding=''utf-8''?>

      <QueueMessage><MessageText>message5</MessageText></QueueMessage>'
    headers:
      Accept:
      - application/xml
      Accept-Encoding:
      - gzip, deflate
      Connection:
      - keep-alive
      Content-Length:
      - '103'
      Content-Type:
      - application/xml; charset=utf-8
      User-Agent:
      - python/3.7.3 (Windows-10-10.0.18362-SP0) azure-core/0.0.1
      x-ms-client-request-id:
      - d38f3d80-9797-11e9-9bb8-b831b58100e8
      x-ms-date:
      - Tue, 25 Jun 2019 22:23:15 GMT
      x-ms-version:
      - '2018-03-28'
    method: POST
    uri: https://storagename.queue.core.windows.net/peekqueue/messages
  response:
    body:
      string: "\uFEFF<?xml version=\"1.0\" encoding=\"utf-8\"?><QueueMessagesList><QueueMessage><MessageId>c2959325-8330-4e87-8e3d-cbcc0e537b9a</MessageId><InsertionTime>Tue,
        25 Jun 2019 22:23:15 GMT</InsertionTime><ExpirationTime>Tue, 02 Jul 2019 22:23:15
        GMT</ExpirationTime><PopReceipt>AgAAAAMAAAAAAAAASmpQlaQr1QE=</PopReceipt><TimeNextVisible>Tue,
        25 Jun 2019 22:23:15 GMT</TimeNextVisible></QueueMessage></QueueMessagesList>"
    headers:
      Content-Type:
      - application/xml
      Date:
      - Tue, 25 Jun 2019 22:23:15 GMT
      Server:
      - Windows-Azure-Queue/1.0 Microsoft-HTTPAPI/2.0
      Transfer-Encoding:
      - chunked
      x-ms-request-id:
      - 7cb71f58-9003-000a-53a4-2bf743000000
      x-ms-version:
      - '2018-03-28'
    status:
      code: 201
      message: Created
- request:
    body: null
    headers:
      Accept:
      - application/xml
      Accept-Encoding:
      - gzip, deflate
      Connection:
      - keep-alive
      User-Agent:
      - python/3.7.3 (Windows-10-10.0.18362-SP0) azure-core/0.0.1
      x-ms-client-request-id:
      - d395cca4-9797-11e9-ac08-b831b58100e8
      x-ms-date:
      - Tue, 25 Jun 2019 22:23:15 GMT
      x-ms-version:
      - '2018-03-28'
    method: GET
    uri: https://storagename.queue.core.windows.net/peekqueue/messages?peekonly=true
  response:
    body:
      string: "\uFEFF<?xml version=\"1.0\" encoding=\"utf-8\"?><QueueMessagesList><QueueMessage><MessageId>dec5f2b6-9c57-4226-bd0c-0c57ca8ed62e</MessageId><InsertionTime>Tue,
        25 Jun 2019 22:23:15 GMT</InsertionTime><ExpirationTime>Tue, 02 Jul 2019 22:23:15
        GMT</ExpirationTime><DequeueCount>0</DequeueCount><MessageText>message1</MessageText></QueueMessage></QueueMessagesList>"
    headers:
      Cache-Control:
      - no-cache
      Content-Type:
      - application/xml
      Date:
      - Tue, 25 Jun 2019 22:23:15 GMT
      Server:
      - Windows-Azure-Queue/1.0 Microsoft-HTTPAPI/2.0
      Transfer-Encoding:
      - chunked
      x-ms-request-id:
      - 7cb71f65-9003-000a-5da4-2bf743000000
      x-ms-version:
      - '2018-03-28'
    status:
      code: 200
      message: OK
- request:
    body: null
    headers:
      Accept:
      - application/xml
      Accept-Encoding:
      - gzip, deflate
      Connection:
      - keep-alive
      User-Agent:
      - python/3.7.3 (Windows-10-10.0.18362-SP0) azure-core/0.0.1
      x-ms-client-request-id:
      - d39d4702-9797-11e9-ac97-b831b58100e8
      x-ms-date:
      - Tue, 25 Jun 2019 22:23:15 GMT
      x-ms-version:
      - '2018-03-28'
    method: GET
    uri: https://storagename.queue.core.windows.net/peekqueue/messages?numofmessages=5&peekonly=true
  response:
    body:
      string: "\uFEFF<?xml version=\"1.0\" encoding=\"utf-8\"?><QueueMessagesList><QueueMessage><MessageId>dec5f2b6-9c57-4226-bd0c-0c57ca8ed62e</MessageId><InsertionTime>Tue,
        25 Jun 2019 22:23:15 GMT</InsertionTime><ExpirationTime>Tue, 02 Jul 2019 22:23:15
        GMT</ExpirationTime><DequeueCount>0</DequeueCount><MessageText>message1</MessageText></QueueMessage><QueueMessage><MessageId>f9402837-7c02-4881-a8e7-953ec24cf7bb</MessageId><InsertionTime>Tue,
        25 Jun 2019 22:23:15 GMT</InsertionTime><ExpirationTime>Tue, 02 Jul 2019 22:23:15
        GMT</ExpirationTime><DequeueCount>0</DequeueCount><MessageText>message2</MessageText></QueueMessage><QueueMessage><MessageId>6b72ca24-994d-4dd9-97cd-16c81af54f4b</MessageId><InsertionTime>Tue,
        25 Jun 2019 22:23:15 GMT</InsertionTime><ExpirationTime>Tue, 02 Jul 2019 22:23:15
        GMT</ExpirationTime><DequeueCount>0</DequeueCount><MessageText>message3</MessageText></QueueMessage><QueueMessage><MessageId>4de87e7c-a465-4092-842c-3626717cf22c</MessageId><InsertionTime>Tue,
        25 Jun 2019 22:23:15 GMT</InsertionTime><ExpirationTime>Tue, 02 Jul 2019 22:23:15
        GMT</ExpirationTime><DequeueCount>0</DequeueCount><MessageText>message4</MessageText></QueueMessage><QueueMessage><MessageId>c2959325-8330-4e87-8e3d-cbcc0e537b9a</MessageId><InsertionTime>Tue,
        25 Jun 2019 22:23:15 GMT</InsertionTime><ExpirationTime>Tue, 02 Jul 2019 22:23:15
        GMT</ExpirationTime><DequeueCount>0</DequeueCount><MessageText>message5</MessageText></QueueMessage></QueueMessagesList>"
    headers:
      Cache-Control:
      - no-cache
      Content-Type:
      - application/xml
      Date:
      - Tue, 25 Jun 2019 22:23:15 GMT
      Server:
      - Windows-Azure-Queue/1.0 Microsoft-HTTPAPI/2.0
      Transfer-Encoding:
      - chunked
      x-ms-request-id:
      - 7cb71f7d-9003-000a-74a4-2bf743000000
      x-ms-version:
      - '2018-03-28'
    status:
      code: 200
      message: OK
- request:
    body: null
    headers:
      Accept:
      - '*/*'
      Accept-Encoding:
      - gzip, deflate
      Connection:
      - keep-alive
      Content-Length:
      - '0'
      User-Agent:
      - python/3.7.3 (Windows-10-10.0.18362-SP0) azure-core/0.0.1
      x-ms-client-request-id:
      - d3af9774-9797-11e9-ad99-b831b58100e8
      x-ms-date:
      - Tue, 25 Jun 2019 22:23:15 GMT
      x-ms-version:
      - '2018-03-28'
    method: DELETE
    uri: https://storagename.queue.core.windows.net/peekqueue
  response:
    body:
      string: ''
    headers:
      Content-Length:
      - '0'
      Date:
      - Tue, 25 Jun 2019 22:23:15 GMT
      Server:
      - Windows-Azure-Queue/1.0 Microsoft-HTTPAPI/2.0
      x-ms-request-id:
      - 7cb71f97-9003-000a-0da4-2bf743000000
      x-ms-version:
      - '2018-03-28'
    status:
      code: 204
      message: No Content
version: 1
