interactions:
- request:
    body: null
    headers:
      Accept:
      - '*/*'
      Accept-Encoding:
      - gzip, deflate
      Connection:
      - keep-alive
      Content-Length:
      - '0'
      User-Agent:
      - azsdk-python-storage-queue/12.0.0b1 Python/3.7.3 (Windows-10-10.0.17763-SP0)
      content-type:
      - application/xml; charset=utf-8
      x-ms-client-request-id:
      - 18f866c0-b565-11e9-9b8c-2816a845e8c6
      x-ms-date:
      - Fri, 02 Aug 2019 20:35:42 GMT
      x-ms-version:
      - '2018-03-28'
    method: PUT
    uri: https://blobstoragename.queue.core.windows.net/pythonqueueb3920bee
  response:
    body:
      string: ''
    headers:
      Content-Length:
      - '0'
      Date:
      - Fri, 02 Aug 2019 20:35:42 GMT
      Server:
      - Windows-Azure-Queue/1.0 Microsoft-HTTPAPI/2.0
      x-ms-request-id:
      - bf7b15a6-7003-0068-5d71-493a51000000
      x-ms-version:
      - '2018-03-28'
    status:
      code: 201
      message: Created
- request:
    body: '<?xml version=''1.0'' encoding=''utf-8''?>

      <QueueMessage><MessageText>message1</MessageText></QueueMessage>'
    headers:
      Accept:
      - application/xml
      Accept-Encoding:
      - gzip, deflate
      Connection:
      - keep-alive
      Content-Length:
      - '103'
      Content-Type:
      - application/xml; charset=utf-8
      User-Agent:
      - azsdk-python-storage-queue/12.0.0b1 Python/3.7.3 (Windows-10-10.0.17763-SP0)
      x-ms-client-request-id:
      - 19271f0c-b565-11e9-87d1-2816a845e8c6
      x-ms-date:
      - Fri, 02 Aug 2019 20:35:42 GMT
      x-ms-version:
      - '2018-03-28'
    method: POST
    uri: https://blobstoragename.queue.core.windows.net/pythonqueueb3920bee/messages
  response:
    body:
      string: "\uFEFF<?xml version=\"1.0\" encoding=\"utf-8\"?><QueueMessagesList><QueueMessage><MessageId>38442834-25ec-4c5b-94c6-dbc2c6a86603</MessageId><InsertionTime>Fri,
        02 Aug 2019 20:35:42 GMT</InsertionTime><ExpirationTime>Fri, 09 Aug 2019 20:35:42
        GMT</ExpirationTime><PopReceipt>AgAAAAMAAAAAAAAAFQzM2nFJ1QE=</PopReceipt><TimeNextVisible>Fri,
        02 Aug 2019 20:35:42 GMT</TimeNextVisible></QueueMessage></QueueMessagesList>"
    headers:
      Content-Type:
      - application/xml
      Date:
      - Fri, 02 Aug 2019 20:35:42 GMT
      Server:
      - Windows-Azure-Queue/1.0 Microsoft-HTTPAPI/2.0
      Transfer-Encoding:
      - chunked
      x-ms-request-id:
      - bf7b15bb-7003-0068-6e71-493a51000000
      x-ms-version:
      - '2018-03-28'
    status:
      code: 201
      message: Created
- request:
    body: '<?xml version=''1.0'' encoding=''utf-8''?>

      <QueueMessage><MessageText>message2</MessageText></QueueMessage>'
    headers:
      Accept:
      - application/xml
      Accept-Encoding:
      - gzip, deflate
      Connection:
      - keep-alive
      Content-Length:
      - '103'
      Content-Type:
      - application/xml; charset=utf-8
      User-Agent:
      - azsdk-python-storage-queue/12.0.0b1 Python/3.7.3 (Windows-10-10.0.17763-SP0)
      x-ms-client-request-id:
      - 1933c080-b565-11e9-a9bc-2816a845e8c6
      x-ms-date:
      - Fri, 02 Aug 2019 20:35:43 GMT
      x-ms-version:
      - '2018-03-28'
    method: POST
    uri: https://blobstoragename.queue.core.windows.net/pythonqueueb3920bee/messages
  response:
    body:
      string: "\uFEFF<?xml version=\"1.0\" encoding=\"utf-8\"?><QueueMessagesList><QueueMessage><MessageId>bce21ad5-aead-4a70-acda-5da58eff30e8</MessageId><InsertionTime>Fri,
        02 Aug 2019 20:35:42 GMT</InsertionTime><ExpirationTime>Fri, 09 Aug 2019 20:35:42
        GMT</ExpirationTime><PopReceipt>AgAAAAMAAAAAAAAAvgbZ2nFJ1QE=</PopReceipt><TimeNextVisible>Fri,
        02 Aug 2019 20:35:42 GMT</TimeNextVisible></QueueMessage></QueueMessagesList>"
    headers:
      Content-Type:
      - application/xml
      Date:
      - Fri, 02 Aug 2019 20:35:42 GMT
      Server:
      - Windows-Azure-Queue/1.0 Microsoft-HTTPAPI/2.0
      Transfer-Encoding:
      - chunked
      x-ms-request-id:
      - bf7b15c8-7003-0068-7b71-493a51000000
      x-ms-version:
      - '2018-03-28'
    status:
      code: 201
      message: Created
- request:
    body: '<?xml version=''1.0'' encoding=''utf-8''?>

      <QueueMessage><MessageText>message3</MessageText></QueueMessage>'
    headers:
      Accept:
      - application/xml
      Accept-Encoding:
      - gzip, deflate
      Connection:
      - keep-alive
      Content-Length:
      - '103'
      Content-Type:
      - application/xml; charset=utf-8
      User-Agent:
      - azsdk-python-storage-queue/12.0.0b1 Python/3.7.3 (Windows-10-10.0.17763-SP0)
      x-ms-client-request-id:
      - 1940b150-b565-11e9-96c0-2816a845e8c6
      x-ms-date:
      - Fri, 02 Aug 2019 20:35:43 GMT
      x-ms-version:
      - '2018-03-28'
    method: POST
    uri: https://blobstoragename.queue.core.windows.net/pythonqueueb3920bee/messages
  response:
    body:
      string: "\uFEFF<?xml version=\"1.0\" encoding=\"utf-8\"?><QueueMessagesList><QueueMessage><MessageId>5aa9a374-9128-4465-b8b2-0fe030351311</MessageId><InsertionTime>Fri,
        02 Aug 2019 20:35:42 GMT</InsertionTime><ExpirationTime>Fri, 09 Aug 2019 20:35:42
        GMT</ExpirationTime><PopReceipt>AgAAAAMAAAAAAAAAWNrl2nFJ1QE=</PopReceipt><TimeNextVisible>Fri,
        02 Aug 2019 20:35:42 GMT</TimeNextVisible></QueueMessage></QueueMessagesList>"
    headers:
      Content-Type:
      - application/xml
      Date:
      - Fri, 02 Aug 2019 20:35:42 GMT
      Server:
      - Windows-Azure-Queue/1.0 Microsoft-HTTPAPI/2.0
      Transfer-Encoding:
      - chunked
      x-ms-request-id:
      - bf7b15ce-7003-0068-0171-493a51000000
      x-ms-version:
      - '2018-03-28'
    status:
      code: 201
      message: Created
- request:
    body: '<?xml version=''1.0'' encoding=''utf-8''?>

      <QueueMessage><MessageText>message4</MessageText></QueueMessage>'
    headers:
      Accept:
      - application/xml
      Accept-Encoding:
      - gzip, deflate
      Connection:
      - keep-alive
      Content-Length:
      - '103'
      Content-Type:
      - application/xml; charset=utf-8
      User-Agent:
      - azsdk-python-storage-queue/12.0.0b1 Python/3.7.3 (Windows-10-10.0.17763-SP0)
      x-ms-client-request-id:
      - 194d7998-b565-11e9-a5ee-2816a845e8c6
      x-ms-date:
      - Fri, 02 Aug 2019 20:35:43 GMT
      x-ms-version:
      - '2018-03-28'
    method: POST
    uri: https://blobstoragename.queue.core.windows.net/pythonqueueb3920bee/messages
  response:
    body:
      string: "\uFEFF<?xml version=\"1.0\" encoding=\"utf-8\"?><QueueMessagesList><QueueMessage><MessageId>043ce3c2-ae84-4e61-8aa7-5fa20d9a9c16</MessageId><InsertionTime>Fri,
        02 Aug 2019 20:35:43 GMT</InsertionTime><ExpirationTime>Fri, 09 Aug 2019 20:35:43
        GMT</ExpirationTime><PopReceipt>AgAAAAMAAAAAAAAAYMPx2nFJ1QE=</PopReceipt><TimeNextVisible>Fri,
        02 Aug 2019 20:35:43 GMT</TimeNextVisible></QueueMessage></QueueMessagesList>"
    headers:
      Content-Type:
      - application/xml
      Date:
      - Fri, 02 Aug 2019 20:35:42 GMT
      Server:
      - Windows-Azure-Queue/1.0 Microsoft-HTTPAPI/2.0
      Transfer-Encoding:
      - chunked
      x-ms-request-id:
      - bf7b15d5-7003-0068-0771-493a51000000
      x-ms-version:
      - '2018-03-28'
    status:
      code: 201
      message: Created
- request:
    body: null
    headers:
      Accept:
      - application/xml
      Accept-Encoding:
      - gzip, deflate
      Connection:
      - keep-alive
      User-Agent:
      - azsdk-python-storage-queue/12.0.0b1 Python/3.7.3 (Windows-10-10.0.17763-SP0)
      content-type:
      - application/xml; charset=utf-8
      x-ms-client-request-id:
      - 19597ef0-b565-11e9-a22c-2816a845e8c6
      x-ms-date:
      - Fri, 02 Aug 2019 20:35:43 GMT
      x-ms-version:
      - '2018-03-28'
    method: GET
    uri: https://blobstoragename.queue.core.windows.net/pythonqueueb3920bee/messages?peekonly=true
  response:
    body:
      string: "\uFEFF<?xml version=\"1.0\" encoding=\"utf-8\"?><QueueMessagesList><QueueMessage><MessageId>38442834-25ec-4c5b-94c6-dbc2c6a86603</MessageId><InsertionTime>Fri,
        02 Aug 2019 20:35:42 GMT</InsertionTime><ExpirationTime>Fri, 09 Aug 2019 20:35:42
        GMT</ExpirationTime><DequeueCount>0</DequeueCount><MessageText>message1</MessageText></QueueMessage></QueueMessagesList>"
    headers:
      Cache-Control:
      - no-cache
      Content-Type:
      - application/xml
      Date:
      - Fri, 02 Aug 2019 20:35:43 GMT
      Server:
      - Windows-Azure-Queue/1.0 Microsoft-HTTPAPI/2.0
      Transfer-Encoding:
      - chunked
      Vary:
      - Origin
      x-ms-request-id:
      - bf7b15d9-7003-0068-0b71-493a51000000
      x-ms-version:
      - '2018-03-28'
    status:
      code: 200
      message: OK
version: 1
