{
  "Entries": [
    {
      "RequestUri": "https://storagename.queue.core.windows.net/pyqueueasync87ca28b9",
      "RequestMethod": "PUT",
      "RequestHeaders": {
        "Accept": "application/xml",
        "Accept-Encoding": "gzip, deflate",
        "Content-Length": "0",
        "User-Agent": "azsdk-python-storage-queue/12.5.1 Python/3.10.2 (Windows-10-10.0.19044-SP0)",
        "x-ms-date": "Thu, 27 Oct 2022 22:35:21 GMT",
        "x-ms-version": "2021-02-12"
      },
      "RequestBody": null,
      "StatusCode": 201,
      "ResponseHeaders": {
        "Content-Length": "0",
        "Date": "Thu, 27 Oct 2022 22:35:20 GMT",
        "Server": [
          "Windows-Azure-Queue/1.0",
          "Microsoft-HTTPAPI/2.0"
        ],
        "x-ms-version": "2021-02-12"
      },
      "ResponseBody": null
    },
    {
      "RequestUri": "https://storagename.queue.core.windows.net/pyqueueasync87ca28b9/messages",
      "RequestMethod": "POST",
      "RequestHeaders": {
        "Accept": "application/xml",
        "Accept-Encoding": "gzip, deflate",
        "Content-Length": "103",
        "Content-Type": "application/xml",
        "User-Agent": "azsdk-python-storage-queue/12.5.1 Python/3.10.2 (Windows-10-10.0.19044-SP0)",
        "x-ms-date": "Thu, 27 Oct 2022 22:35:21 GMT",
        "x-ms-version": "2021-02-12"
      },
      "RequestBody": [
        "\u003C?xml version=\u00271.0\u0027 encoding=\u0027utf-8\u0027?\u003E\n",
        "\u003CQueueMessage\u003E\u003CMessageText\u003Emessage1\u003C/MessageText\u003E\u003C/QueueMessage\u003E"
      ],
      "StatusCode": 201,
      "ResponseHeaders": {
        "Content-Type": "application/xml",
        "Date": "Thu, 27 Oct 2022 22:35:20 GMT",
        "Server": [
          "Windows-Azure-Queue/1.0",
          "Microsoft-HTTPAPI/2.0"
        ],
        "Transfer-Encoding": "chunked",
        "x-ms-version": "2021-02-12"
      },
      "ResponseBody": "\uFEFF\u003C?xml version=\u00221.0\u0022 encoding=\u0022utf-8\u0022?\u003E\u003CQueueMessagesList\u003E\u003CQueueMessage\u003E\u003CMessageId\u003Ed773344f-dbf0-494e-8dc1-323678f60e3b\u003C/MessageId\u003E\u003CInsertionTime\u003EThu, 27 Oct 2022 22:35:21 GMT\u003C/InsertionTime\u003E\u003CExpirationTime\u003EThu, 03 Nov 2022 22:35:21 GMT\u003C/ExpirationTime\u003E\u003CPopReceipt\u003EAgAAAAMAAAAAAAAAkzPSZVTq2AE=\u003C/PopReceipt\u003E\u003CTimeNextVisible\u003EThu, 27 Oct 2022 22:35:21 GMT\u003C/TimeNextVisible\u003E\u003C/QueueMessage\u003E\u003C/QueueMessagesList\u003E"
    },
    {
      "RequestUri": "https://storagename.queue.core.windows.net/pyqueueasync87ca28b9/messages?peekonly=true\u0026st=start\u0026se=end\u0026sp=r\u0026sv=2021-02-12\u0026ss=q\u0026srt=o\u0026sig=fake_token_value",
      "RequestMethod": "GET",
      "RequestHeaders": {
        "Accept": "application/xml",
        "Accept-Encoding": "gzip, deflate",
        "User-Agent": "azsdk-python-storage-queue/12.5.1 Python/3.10.2 (Windows-10-10.0.19044-SP0)",
        "x-ms-date": "Thu, 27 Oct 2022 22:35:21 GMT",
        "x-ms-version": "2021-02-12"
      },
      "RequestBody": null,
      "StatusCode": 200,
      "ResponseHeaders": {
        "Cache-Control": "no-cache",
        "Content-Type": "application/xml",
        "Date": "Thu, 27 Oct 2022 22:35:20 GMT",
        "Server": [
          "Windows-Azure-Queue/1.0",
          "Microsoft-HTTPAPI/2.0"
        ],
        "Transfer-Encoding": "chunked",
        "Vary": "Origin",
        "x-ms-version": "2021-02-12"
      },
      "ResponseBody": "\uFEFF\u003C?xml version=\u00221.0\u0022 encoding=\u0022utf-8\u0022?\u003E\u003CQueueMessagesList\u003E\u003CQueueMessage\u003E\u003CMessageId\u003Ed773344f-dbf0-494e-8dc1-323678f60e3b\u003C/MessageId\u003E\u003CInsertionTime\u003EThu, 27 Oct 2022 22:35:21 GMT\u003C/InsertionTime\u003E\u003CExpirationTime\u003EThu, 03 Nov 2022 22:35:21 GMT\u003C/ExpirationTime\u003E\u003CDequeueCount\u003E0\u003C/DequeueCount\u003E\u003CMessageText\u003Emessage1\u003C/MessageText\u003E\u003C/QueueMessage\u003E\u003C/QueueMessagesList\u003E"
    },
    {
      "RequestUri": "https://storagename.queue.core.windows.net/pyqueueasync87ca28b9/messages?peekonly=true\u0026st=start\u0026se=end\u0026sp=r\u0026sv=2021-02-12\u0026ss=q\u0026srt=o\u0026sig=fake_token_value",
      "RequestMethod": "GET",
      "RequestHeaders": {
        "Accept": "application/xml",
        "Accept-Encoding": "gzip, deflate",
        "User-Agent": "azsdk-python-storage-queue/12.5.1 Python/3.10.2 (Windows-10-10.0.19044-SP0)",
        "x-ms-date": "Thu, 27 Oct 2022 22:35:21 GMT",
        "x-ms-version": "2021-02-12"
      },
      "RequestBody": null,
      "StatusCode": 200,
      "ResponseHeaders": {
        "Cache-Control": "no-cache",
        "Content-Type": "application/xml",
        "Date": "Thu, 27 Oct 2022 22:35:20 GMT",
        "Server": [
          "Windows-Azure-Queue/1.0",
          "Microsoft-HTTPAPI/2.0"
        ],
        "Transfer-Encoding": "chunked",
        "Vary": "Origin",
        "x-ms-version": "2021-02-12"
      },
      "ResponseBody": "\uFEFF\u003C?xml version=\u00221.0\u0022 encoding=\u0022utf-8\u0022?\u003E\u003CQueueMessagesList\u003E\u003CQueueMessage\u003E\u003CMessageId\u003Ed773344f-dbf0-494e-8dc1-323678f60e3b\u003C/MessageId\u003E\u003CInsertionTime\u003EThu, 27 Oct 2022 22:35:21 GMT\u003C/InsertionTime\u003E\u003CExpirationTime\u003EThu, 03 Nov 2022 22:35:21 GMT\u003C/ExpirationTime\u003E\u003CDequeueCount\u003E0\u003C/DequeueCount\u003E\u003CMessageText\u003Emessage1\u003C/MessageText\u003E\u003C/QueueMessage\u003E\u003C/QueueMessagesList\u003E"
    }
  ],
  "Variables": {}
}
