interactions:
- request:
    body: null
    headers:
      Accept:
      - '*/*'
      Accept-Encoding:
      - gzip, deflate
      Connection:
      - keep-alive
      Content-Length:
      - '0'
      User-Agent:
      - azsdk-python-storage-queue/12.0.0b2 Python/3.7.3 (Windows-10-10.0.17763-SP0)
      content-type:
      - application/xml; charset=utf-8
      x-ms-date:
      - Fri, 06 Sep 2019 00:18:40 GMT
      x-ms-version:
      - '2018-03-28'
    method: PUT
    uri: https://pyacrstoragec9ae1814.queue.core.windows.net/encryptionqueuec9ae1814
  response:
    body:
      string: ''
    headers:
      content-length:
      - '0'
      date:
      - Fri, 06 Sep 2019 00:18:39 GMT
      server:
      - Windows-Azure-Queue/1.0 Microsoft-HTTPAPI/2.0
      x-ms-version:
      - '2018-03-28'
    status:
      code: 201
      message: Created
- request:
    body: '<?xml version=''1.0'' encoding=''utf-8''?>

      <QueueMessage><MessageText>{"EncryptedMessageContents": "gFU163eCH5zJ8eQEKNRx5THGLx5H1JI8LrLXFdiFRb/ZbSYs+vnYODJt4nFHNtfrSMXp9MjxCcCkby4LF8eDKh2bJteNgpctoqQlMJJePOf7iQAoCHBBaQD+QNwdP1TUyDzLrcBDpEPF4gFW/VBqWWEdyMeUyWNj2Z8G0b6eRPp8BB4R8AkbZagQ4YRq3yJQ",
      "EncryptionData": {"WrappedContentKey": {"KeyId": "key1", "EncryptedKey": "CbCGzgSVK7rDVME6xUMnPT7F1gLiR6AP0ZaM+p5qfY189nhHBSOoXQ==",
      "Algorithm": "A256KW"}, "EncryptionAgent": {"Protocol": "1.0", "EncryptionAlgorithm":
      "AES_CBC_256"}, "ContentEncryptionIV": "1xKXlhQYLnMiB4RKJwtZyw==", "KeyWrappingMetadata":
      {"EncryptionLibrary": "Python 12.0.0b2"}}}</MessageText></QueueMessage>'
    headers:
      Accept:
      - application/xml
      Accept-Encoding:
      - gzip, deflate
      Connection:
      - keep-alive
      Content-Length:
      - '672'
      Content-Type:
      - application/xml; charset=utf-8
      User-Agent:
      - azsdk-python-storage-queue/12.0.0b2 Python/3.7.3 (Windows-10-10.0.17763-SP0)
      x-ms-date:
      - Fri, 06 Sep 2019 00:18:40 GMT
      x-ms-version:
      - '2018-03-28'
    method: POST
    uri: https://pyacrstoragec9ae1814.queue.core.windows.net/encryptionqueuec9ae1814/messages
  response:
    body:
      string: "\uFEFF<?xml version=\"1.0\" encoding=\"utf-8\"?><QueueMessagesList><QueueMessage><MessageId>86f11c94-c327-4d0d-96c2-0c63bb95037b</MessageId><InsertionTime>Fri,
        06 Sep 2019 00:18:39 GMT</InsertionTime><ExpirationTime>Fri, 13 Sep 2019 00:18:39
        GMT</ExpirationTime><PopReceipt>AgAAAAMAAAAAAAAAauYcokhk1QE=</PopReceipt><TimeNextVisible>Fri,
        06 Sep 2019 00:18:39 GMT</TimeNextVisible></QueueMessage></QueueMessagesList>"
    headers:
      content-type:
      - application/xml
      date:
      - Fri, 06 Sep 2019 00:18:39 GMT
      server:
      - Windows-Azure-Queue/1.0 Microsoft-HTTPAPI/2.0
      transfer-encoding:
      - chunked
      x-ms-version:
      - '2018-03-28'
    status:
      code: 201
      message: Created
- request:
    body: null
    headers:
      Accept:
      - application/xml
      Accept-Encoding:
      - gzip, deflate
      Connection:
      - keep-alive
      User-Agent:
      - azsdk-python-storage-queue/12.0.0b2 Python/3.7.3 (Windows-10-10.0.17763-SP0)
      content-type:
      - application/xml; charset=utf-8
      x-ms-date:
      - Fri, 06 Sep 2019 00:18:40 GMT
      x-ms-version:
      - '2018-03-28'
    method: GET
    uri: https://pyacrstoragec9ae1814.queue.core.windows.net/encryptionqueuec9ae1814/messages
  response:
    body:
      string: "\uFEFF<?xml version=\"1.0\" encoding=\"utf-8\"?><QueueMessagesList><QueueMessage><MessageId>86f11c94-c327-4d0d-96c2-0c63bb95037b</MessageId><InsertionTime>Fri,
        06 Sep 2019 00:18:39 GMT</InsertionTime><ExpirationTime>Fri, 13 Sep 2019 00:18:39
        GMT</ExpirationTime><PopReceipt>AgAAAAMAAAAAAAAAVCQKtEhk1QE=</PopReceipt><TimeNextVisible>Fri,
        06 Sep 2019 00:19:09 GMT</TimeNextVisible><DequeueCount>1</DequeueCount><MessageText>{\"EncryptedMessageContents\":
        \"gFU163eCH5zJ8eQEKNRx5THGLx5H1JI8LrLXFdiFRb/ZbSYs+vnYODJt4nFHNtfrSMXp9MjxCcCkby4LF8eDKh2bJteNgpctoqQlMJJePOf7iQAoCHBBaQD+QNwdP1TUyDzLrcBDpEPF4gFW/VBqWWEdyMeUyWNj2Z8G0b6eRPp8BB4R8AkbZagQ4YRq3yJQ\",
        \"EncryptionData\": {\"WrappedContentKey\": {\"KeyId\": \"key1\", \"EncryptedKey\":
        \"CbCGzgSVK7rDVME6xUMnPT7F1gLiR6AP0ZaM+p5qfY189nhHBSOoXQ==\", \"Algorithm\":
        \"A256KW\"}, \"EncryptionAgent\": {\"Protocol\": \"1.0\", \"EncryptionAlgorithm\":
        \"AES_CBC_256\"}, \"ContentEncryptionIV\": \"1xKXlhQYLnMiB4RKJwtZyw==\", \"KeyWrappingMetadata\":
        {\"EncryptionLibrary\": \"Python 12.0.0b2\"}}}</MessageText></QueueMessage></QueueMessagesList>"
    headers:
      cache-control:
      - no-cache
      content-type:
      - application/xml
      date:
      - Fri, 06 Sep 2019 00:18:39 GMT
      server:
      - Windows-Azure-Queue/1.0 Microsoft-HTTPAPI/2.0
      transfer-encoding:
      - chunked
      x-ms-version:
      - '2018-03-28'
    status:
      code: 200
      message: OK
- request:
    body: null
    headers:
      Accept:
      - application/xml
      Accept-Encoding:
      - gzip, deflate
      Connection:
      - keep-alive
      User-Agent:
      - azsdk-python-storage-queue/12.0.0b2 Python/3.7.3 (Windows-10-10.0.17763-SP0)
      content-type:
      - application/xml; charset=utf-8
      x-ms-date:
      - Fri, 06 Sep 2019 00:18:40 GMT
      x-ms-version:
      - '2018-03-28'
    method: GET
    uri: https://pyacrstoragec9ae1814.queue.core.windows.net/encryptionqueuec9ae1814/messages
  response:
    body:
      string: "\uFEFF<?xml version=\"1.0\" encoding=\"utf-8\"?><QueueMessagesList
        />"
    headers:
      cache-control:
      - no-cache
      content-type:
      - application/xml
      date:
      - Fri, 06 Sep 2019 00:18:39 GMT
      server:
      - Windows-Azure-Queue/1.0 Microsoft-HTTPAPI/2.0
      transfer-encoding:
      - chunked
      x-ms-version:
      - '2018-03-28'
    status:
      code: 200
      message: OK
- request:
    body: '<?xml version=''1.0'' encoding=''utf-8''?>

      <QueueMessage><MessageText>{"EncryptedMessageContents": "ZvxTZ1cYjODX8XWaI4JG8Afd6AKlvOUq7R0kF0DgsGM38KEmfLNKbZDB+5qELXn1srDbzbpu2wP/xvxyIQ5KQDza/xyaLx2KllANl2yxehgD95xRaTZpGtmDF1xTAOK5vKpynMTbh81NyKMS3FohHc5kcyswtBF5Xi02MqM586qatbjrjGscrABWZylJCsC1",
      "EncryptionData": {"WrappedContentKey": {"KeyId": "key1", "EncryptedKey": "Ke1PX6bi7bnUFzHEhOVAyC7EyRj/32npD9PpA4VKxvGlw+XbZ8v2PQ==",
      "Algorithm": "A256KW"}, "EncryptionAgent": {"Protocol": "1.0", "EncryptionAlgorithm":
      "AES_CBC_256"}, "ContentEncryptionIV": "cHLArSXumWgf/oUCl5Af4w==", "KeyWrappingMetadata":
      {"EncryptionLibrary": "Python 12.0.0b2"}}}</MessageText></QueueMessage>'
    headers:
      Accept:
      - '*/*'
      Accept-Encoding:
      - gzip, deflate
      Connection:
      - keep-alive
      Content-Length:
      - '672'
      Content-Type:
      - application/xml; charset=utf-8
      User-Agent:
      - azsdk-python-storage-queue/12.0.0b2 Python/3.7.3 (Windows-10-10.0.17763-SP0)
      x-ms-date:
      - Fri, 06 Sep 2019 00:18:40 GMT
      x-ms-version:
      - '2018-03-28'
    method: PUT
    uri: https://pyacrstoragec9ae1814.queue.core.windows.net/encryptionqueuec9ae1814/messages/86f11c94-c327-4d0d-96c2-0c63bb95037b?popreceipt=AgAAAAMAAAAAAAAAVCQKtEhk1QE%3D&visibilitytimeout=0
  response:
    body:
      string: ''
    headers:
      content-length:
      - '0'
      date:
      - Fri, 06 Sep 2019 00:18:39 GMT
      server:
      - Windows-Azure-Queue/1.0 Microsoft-HTTPAPI/2.0
      x-ms-popreceipt:
      - AwAAAAMAAAAAAAAA32g/okhk1QEBAAAA
      x-ms-time-next-visible:
      - Fri, 06 Sep 2019 00:18:39 GMT
      x-ms-version:
      - '2018-03-28'
    status:
      code: 204
      message: No Content
- request:
    body: null
    headers:
      Accept:
      - application/xml
      Accept-Encoding:
      - gzip, deflate
      Connection:
      - keep-alive
      User-Agent:
      - azsdk-python-storage-queue/12.0.0b2 Python/3.7.3 (Windows-10-10.0.17763-SP0)
      content-type:
      - application/xml; charset=utf-8
      x-ms-date:
      - Fri, 06 Sep 2019 00:18:40 GMT
      x-ms-version:
      - '2018-03-28'
    method: GET
    uri: https://pyacrstoragec9ae1814.queue.core.windows.net/encryptionqueuec9ae1814/messages
  response:
    body:
      string: "\uFEFF<?xml version=\"1.0\" encoding=\"utf-8\"?><QueueMessagesList><QueueMessage><MessageId>86f11c94-c327-4d0d-96c2-0c63bb95037b</MessageId><InsertionTime>Fri,
        06 Sep 2019 00:18:39 GMT</InsertionTime><ExpirationTime>Fri, 13 Sep 2019 00:18:39
        GMT</ExpirationTime><PopReceipt>AgAAAAMAAAAAAAAAPOMrtEhk1QE=</PopReceipt><TimeNextVisible>Fri,
        06 Sep 2019 00:19:10 GMT</TimeNextVisible><DequeueCount>2</DequeueCount><MessageText>{\"EncryptedMessageContents\":
        \"ZvxTZ1cYjODX8XWaI4JG8Afd6AKlvOUq7R0kF0DgsGM38KEmfLNKbZDB+5qELXn1srDbzbpu2wP/xvxyIQ5KQDza/xyaLx2KllANl2yxehgD95xRaTZpGtmDF1xTAOK5vKpynMTbh81NyKMS3FohHc5kcyswtBF5Xi02MqM586qatbjrjGscrABWZylJCsC1\",
        \"EncryptionData\": {\"WrappedContentKey\": {\"KeyId\": \"key1\", \"EncryptedKey\":
        \"Ke1PX6bi7bnUFzHEhOVAyC7EyRj/32npD9PpA4VKxvGlw+XbZ8v2PQ==\", \"Algorithm\":
        \"A256KW\"}, \"EncryptionAgent\": {\"Protocol\": \"1.0\", \"EncryptionAlgorithm\":
        \"AES_CBC_256\"}, \"ContentEncryptionIV\": \"cHLArSXumWgf/oUCl5Af4w==\", \"KeyWrappingMetadata\":
        {\"EncryptionLibrary\": \"Python 12.0.0b2\"}}}</MessageText></QueueMessage></QueueMessagesList>"
    headers:
      cache-control:
      - no-cache
      content-type:
      - application/xml
      date:
      - Fri, 06 Sep 2019 00:18:39 GMT
      server:
      - Windows-Azure-Queue/1.0 Microsoft-HTTPAPI/2.0
      transfer-encoding:
      - chunked
      x-ms-version:
      - '2018-03-28'
    status:
      code: 200
      message: OK
- request:
    body: null
    headers:
      Accept:
      - application/xml
      Accept-Encoding:
      - gzip, deflate
      Connection:
      - keep-alive
      User-Agent:
      - azsdk-python-storage-queue/12.0.0b2 Python/3.7.3 (Windows-10-10.0.17763-SP0)
      content-type:
      - application/xml; charset=utf-8
      x-ms-date:
      - Fri, 06 Sep 2019 00:18:40 GMT
      x-ms-version:
      - '2018-03-28'
    method: GET
    uri: https://pyacrstoragec9ae1814.queue.core.windows.net/encryptionqueuec9ae1814/messages
  response:
    body:
      string: "\uFEFF<?xml version=\"1.0\" encoding=\"utf-8\"?><QueueMessagesList
        />"
    headers:
      cache-control:
      - no-cache
      content-type:
      - application/xml
      date:
      - Fri, 06 Sep 2019 00:18:39 GMT
      server:
      - Windows-Azure-Queue/1.0 Microsoft-HTTPAPI/2.0
      transfer-encoding:
      - chunked
      x-ms-version:
      - '2018-03-28'
    status:
      code: 200
      message: OK
version: 1
