interactions:
- request:
    body: null
    headers:
      Accept:
      - '*/*'
      Accept-Encoding:
      - gzip, deflate
      Connection:
      - keep-alive
      Content-Length:
      - '0'
      User-Agent:
      - python/3.6.5 (Darwin-16.7.0-x86_64-i386-64bit) azure-core/0.0.1
      x-ms-client-request-id:
      - 2b8a3706-952a-11e9-95ac-f45c89a7d159
      x-ms-date:
      - Sat, 22 Jun 2019 20:13:16 GMT
      x-ms-version:
      - '2018-03-28'
    method: PUT
    uri: https://remotestoragename.queue.core.windows.net/pythonqueuec0820c59
  response:
    body:
      string: ''
    headers:
      Content-Length:
      - '0'
      Date:
      - Sat, 22 Jun 2019 20:13:16 GMT
      Server:
      - Windows-Azure-Queue/1.0 Microsoft-HTTPAPI/2.0
      x-ms-request-id:
      - 44ddeb3a-a003-008f-6b36-292a5c000000
      x-ms-version:
      - '2018-03-28'
    status:
      code: 201
      message: Created
- request:
    body: '<?xml version=''1.0'' encoding=''utf-8''?>

      <QueueMessage><MessageText>message1</MessageText></QueueMessage>'
    headers:
      Accept:
      - application/xml
      Accept-Encoding:
      - gzip, deflate
      Connection:
      - keep-alive
      Content-Length:
      - '103'
      Content-Type:
      - application/xml; charset=utf-8
      User-Agent:
      - python/3.6.5 (Darwin-16.7.0-x86_64-i386-64bit) azure-core/0.0.1
      x-ms-client-request-id:
      - 2baa45ee-952a-11e9-b59f-f45c89a7d159
      x-ms-date:
      - Sat, 22 Jun 2019 20:13:16 GMT
      x-ms-version:
      - '2018-03-28'
    method: POST
    uri: https://remotestoragename.queue.core.windows.net/pythonqueuec0820c59/messages
  response:
    body:
      string: "\uFEFF<?xml version=\"1.0\" encoding=\"utf-8\"?><QueueMessagesList><QueueMessage><MessageId>83095281-1ec9-4175-9dea-586954608941</MessageId><InsertionTime>Sat,\
        \ 22 Jun 2019 20:13:16 GMT</InsertionTime><ExpirationTime>Sat, 29 Jun 2019\
        \ 20:13:16 GMT</ExpirationTime><PopReceipt>AgAAAAMAAAAAAAAA0Qhw7TYp1QE=</PopReceipt><TimeNextVisible>Sat,\
        \ 22 Jun 2019 20:13:16 GMT</TimeNextVisible></QueueMessage></QueueMessagesList>"
    headers:
      Content-Type:
      - application/xml
      Date:
      - Sat, 22 Jun 2019 20:13:16 GMT
      Server:
      - Windows-Azure-Queue/1.0 Microsoft-HTTPAPI/2.0
      Transfer-Encoding:
      - chunked
      x-ms-request-id:
      - 44ddeb47-a003-008f-7636-292a5c000000
      x-ms-version:
      - '2018-03-28'
    status:
      code: 201
      message: Created
- request:
    body: null
    headers:
      Accept:
      - application/xml
      Accept-Encoding:
      - gzip, deflate
      Connection:
      - keep-alive
      User-Agent:
      - python/3.6.5 (Darwin-16.7.0-x86_64-i386-64bit) azure-core/0.0.1
      x-ms-client-request-id:
      - 2bb2d7e8-952a-11e9-85b3-f45c89a7d159
      x-ms-date:
      - Sat, 22 Jun 2019 20:13:16 GMT
      x-ms-version:
      - '2018-03-28'
    method: GET
    uri: https://remotestoragename.queue.core.windows.net/pythonqueuec0820c59/messages
  response:
    body:
      string: "\uFEFF<?xml version=\"1.0\" encoding=\"utf-8\"?><QueueMessagesList><QueueMessage><MessageId>83095281-1ec9-4175-9dea-586954608941</MessageId><InsertionTime>Sat,\
        \ 22 Jun 2019 20:13:16 GMT</InsertionTime><ExpirationTime>Sat, 29 Jun 2019\
        \ 20:13:16 GMT</ExpirationTime><PopReceipt>AgAAAAMAAAAAAAAAnsNZ/zYp1QE=</PopReceipt><TimeNextVisible>Sat,\
        \ 22 Jun 2019 20:13:46 GMT</TimeNextVisible><DequeueCount>1</DequeueCount><MessageText>message1</MessageText></QueueMessage></QueueMessagesList>"
    headers:
      Cache-Control:
      - no-cache
      Content-Type:
      - application/xml
      Date:
      - Sat, 22 Jun 2019 20:13:16 GMT
      Server:
      - Windows-Azure-Queue/1.0 Microsoft-HTTPAPI/2.0
      Transfer-Encoding:
      - chunked
      Vary:
      - Origin
      x-ms-request-id:
      - 44ddeb53-a003-008f-8036-292a5c000000
      x-ms-version:
      - '2018-03-28'
    status:
      code: 200
      message: OK
- request:
    body: null
    headers:
      Accept:
      - '*/*'
      Accept-Encoding:
      - gzip, deflate
      Connection:
      - keep-alive
      Content-Length:
      - '0'
      Content-Type:
      - application/xml; charset=utf-8
      User-Agent:
      - python/3.6.5 (Darwin-16.7.0-x86_64-i386-64bit) azure-core/0.0.1
      x-ms-client-request-id:
      - 2bbb7a4c-952a-11e9-b70c-f45c89a7d159
      x-ms-date:
      - Sat, 22 Jun 2019 20:13:16 GMT
      x-ms-version:
      - '2018-03-28'
    method: PUT
    uri: https://remotestoragename.queue.core.windows.net/pythonqueuec0820c59/messages/83095281-1ec9-4175-9dea-586954608941?popreceipt=AgAAAAMAAAAAAAAAnsNZ%2FzYp1QE%3D&visibilitytimeout=0
  response:
    body:
      string: ''
    headers:
      Content-Length:
      - '0'
      Date:
      - Sat, 22 Jun 2019 20:13:16 GMT
      Server:
      - Windows-Azure-Queue/1.0 Microsoft-HTTPAPI/2.0
      x-ms-popreceipt:
      - AwAAAAMAAAAAAAAAJHGB7TYp1QEBAAAA
      x-ms-request-id:
      - 44ddeb5a-a003-008f-0536-292a5c000000
      x-ms-time-next-visible:
      - Sat, 22 Jun 2019 20:13:16 GMT
      x-ms-version:
      - '2018-03-28'
    status:
      code: 204
      message: No Content
- request:
    body: null
    headers:
      Accept:
      - application/xml
      Accept-Encoding:
      - gzip, deflate
      Connection:
      - keep-alive
      User-Agent:
      - python/3.6.5 (Darwin-16.7.0-x86_64-i386-64bit) azure-core/0.0.1
      x-ms-client-request-id:
      - 2bc4737e-952a-11e9-ac85-f45c89a7d159
      x-ms-date:
      - Sat, 22 Jun 2019 20:13:16 GMT
      x-ms-version:
      - '2018-03-28'
    method: GET
    uri: https://remotestoragename.queue.core.windows.net/pythonqueuec0820c59/messages
  response:
    body:
      string: "\uFEFF<?xml version=\"1.0\" encoding=\"utf-8\"?><QueueMessagesList><QueueMessage><MessageId>83095281-1ec9-4175-9dea-586954608941</MessageId><InsertionTime>Sat,\
        \ 22 Jun 2019 20:13:16 GMT</InsertionTime><ExpirationTime>Sat, 29 Jun 2019\
        \ 20:13:16 GMT</ExpirationTime><PopReceipt>AgAAAAMAAAAAAAAANqFr/zYp1QE=</PopReceipt><TimeNextVisible>Sat,\
        \ 22 Jun 2019 20:13:46 GMT</TimeNextVisible><DequeueCount>2</DequeueCount><MessageText>message1</MessageText></QueueMessage></QueueMessagesList>"
    headers:
      Cache-Control:
      - no-cache
      Content-Type:
      - application/xml
      Date:
      - Sat, 22 Jun 2019 20:13:16 GMT
      Server:
      - Windows-Azure-Queue/1.0 Microsoft-HTTPAPI/2.0
      Transfer-Encoding:
      - chunked
      Vary:
      - Origin
      x-ms-request-id:
      - 44ddeb69-a003-008f-1036-292a5c000000
      x-ms-version:
      - '2018-03-28'
    status:
      code: 200
      message: OK
- request:
    body: null
    headers:
      Accept:
      - '*/*'
      Accept-Encoding:
      - gzip, deflate
      Connection:
      - keep-alive
      Content-Length:
      - '0'
      User-Agent:
      - python/3.6.5 (Darwin-16.7.0-x86_64-i386-64bit) azure-core/0.0.1
      x-ms-client-request-id:
      - e9be19a2-952a-11e9-bbce-f45c89a7d159
      x-ms-date:
      - Sat, 22 Jun 2019 20:18:35 GMT
      x-ms-version:
      - '2018-03-28'
    method: PUT
    uri: https://storagename.queue.core.windows.net/pythonqueuec0820c59
  response:
    body:
      string: ''
    headers:
      Content-Length:
      - '0'
      Date:
      - Sat, 22 Jun 2019 20:18:35 GMT
      Server:
      - Windows-Azure-Queue/1.0 Microsoft-HTTPAPI/2.0
      x-ms-request-id:
      - b6b69a26-b003-007e-1c37-29fbcf000000
      x-ms-version:
      - '2018-03-28'
    status:
      code: 201
      message: Created
- request:
    body: '<?xml version=''1.0'' encoding=''utf-8''?>

      <QueueMessage><MessageText>message1</MessageText></QueueMessage>'
    headers:
      Accept:
      - application/xml
      Accept-Encoding:
      - gzip, deflate
      Connection:
      - keep-alive
      Content-Length:
      - '103'
      Content-Type:
      - application/xml; charset=utf-8
      User-Agent:
      - python/3.6.5 (Darwin-16.7.0-x86_64-i386-64bit) azure-core/0.0.1
      x-ms-client-request-id:
      - e9e114fa-952a-11e9-ab1d-f45c89a7d159
      x-ms-date:
      - Sat, 22 Jun 2019 20:18:35 GMT
      x-ms-version:
      - '2018-03-28'
    method: POST
    uri: https://storagename.queue.core.windows.net/pythonqueuec0820c59/messages
  response:
    body:
      string: "\uFEFF<?xml version=\"1.0\" encoding=\"utf-8\"?><QueueMessagesList><QueueMessage><MessageId>e14c8959-6eb7-4504-9d4d-27fa682ba738</MessageId><InsertionTime>Sat,\
        \ 22 Jun 2019 20:18:35 GMT</InsertionTime><ExpirationTime>Sat, 29 Jun 2019\
        \ 20:18:35 GMT</ExpirationTime><PopReceipt>AgAAAAMAAAAAAAAA1Uaqqzcp1QE=</PopReceipt><TimeNextVisible>Sat,\
        \ 22 Jun 2019 20:18:35 GMT</TimeNextVisible></QueueMessage></QueueMessagesList>"
    headers:
      Content-Type:
      - application/xml
      Date:
      - Sat, 22 Jun 2019 20:18:35 GMT
      Server:
      - Windows-Azure-Queue/1.0 Microsoft-HTTPAPI/2.0
      Transfer-Encoding:
      - chunked
      x-ms-request-id:
      - b6b69a30-b003-007e-2237-29fbcf000000
      x-ms-version:
      - '2018-03-28'
    status:
      code: 201
      message: Created
- request:
    body: null
    headers:
      Accept:
      - application/xml
      Accept-Encoding:
      - gzip, deflate
      Connection:
      - keep-alive
      User-Agent:
      - python/3.6.5 (Darwin-16.7.0-x86_64-i386-64bit) azure-core/0.0.1
      x-ms-client-request-id:
      - e9ec2b08-952a-11e9-962c-f45c89a7d159
      x-ms-date:
      - Sat, 22 Jun 2019 20:18:35 GMT
      x-ms-version:
      - '2018-03-28'
    method: GET
    uri: https://storagename.queue.core.windows.net/pythonqueuec0820c59/messages
  response:
    body:
      string: "\uFEFF<?xml version=\"1.0\" encoding=\"utf-8\"?><QueueMessagesList><QueueMessage><MessageId>e14c8959-6eb7-4504-9d4d-27fa682ba738</MessageId><InsertionTime>Sat,\
        \ 22 Jun 2019 20:18:35 GMT</InsertionTime><ExpirationTime>Sat, 29 Jun 2019\
        \ 20:18:35 GMT</ExpirationTime><PopReceipt>AgAAAAMAAAAAAAAALeyUvTcp1QE=</PopReceipt><TimeNextVisible>Sat,\
        \ 22 Jun 2019 20:19:05 GMT</TimeNextVisible><DequeueCount>1</DequeueCount><MessageText>message1</MessageText></QueueMessage></QueueMessagesList>"
    headers:
      Cache-Control:
      - no-cache
      Content-Type:
      - application/xml
      Date:
      - Sat, 22 Jun 2019 20:18:35 GMT
      Server:
      - Windows-Azure-Queue/1.0 Microsoft-HTTPAPI/2.0
      Transfer-Encoding:
      - chunked
      Vary:
      - Origin
      x-ms-request-id:
      - b6b69a31-b003-007e-2337-29fbcf000000
      x-ms-version:
      - '2018-03-28'
    status:
      code: 200
      message: OK
- request:
    body: null
    headers:
      Accept:
      - '*/*'
      Accept-Encoding:
      - gzip, deflate
      Connection:
      - keep-alive
      Content-Length:
      - '0'
      Content-Type:
      - application/xml; charset=utf-8
      User-Agent:
      - python/3.6.5 (Darwin-16.7.0-x86_64-i386-64bit) azure-core/0.0.1
      x-ms-client-request-id:
      - e9f56bb4-952a-11e9-9ca4-f45c89a7d159
      x-ms-date:
      - Sat, 22 Jun 2019 20:18:35 GMT
      x-ms-version:
      - '2018-03-28'
    method: PUT
    uri: https://storagename.queue.core.windows.net/pythonqueuec0820c59/messages/e14c8959-6eb7-4504-9d4d-27fa682ba738?popreceipt=AgAAAAMAAAAAAAAALeyUvTcp1QE%3D&visibilitytimeout=0
  response:
    body:
      string: ''
    headers:
      Content-Length:
      - '0'
      Date:
      - Sat, 22 Jun 2019 20:18:35 GMT
      Server:
      - Windows-Azure-Queue/1.0 Microsoft-HTTPAPI/2.0
      x-ms-popreceipt:
      - AwAAAAMAAAAAAAAAmHK8qzcp1QEBAAAA
      x-ms-request-id:
      - b6b69a36-b003-007e-2737-29fbcf000000
      x-ms-time-next-visible:
      - Sat, 22 Jun 2019 20:18:35 GMT
      x-ms-version:
      - '2018-03-28'
    status:
      code: 204
      message: No Content
- request:
    body: null
    headers:
      Accept:
      - application/xml
      Accept-Encoding:
      - gzip, deflate
      Connection:
      - keep-alive
      User-Agent:
      - python/3.6.5 (Darwin-16.7.0-x86_64-i386-64bit) azure-core/0.0.1
      x-ms-client-request-id:
      - e9fe3988-952a-11e9-8897-f45c89a7d159
      x-ms-date:
      - Sat, 22 Jun 2019 20:18:35 GMT
      x-ms-version:
      - '2018-03-28'
    method: GET
    uri: https://storagename.queue.core.windows.net/pythonqueuec0820c59/messages
  response:
    body:
      string: "\uFEFF<?xml version=\"1.0\" encoding=\"utf-8\"?><QueueMessagesList><QueueMessage><MessageId>e14c8959-6eb7-4504-9d4d-27fa682ba738</MessageId><InsertionTime>Sat,\
        \ 22 Jun 2019 20:18:35 GMT</InsertionTime><ExpirationTime>Sat, 29 Jun 2019\
        \ 20:18:35 GMT</ExpirationTime><PopReceipt>AgAAAAMAAAAAAAAAusmmvTcp1QE=</PopReceipt><TimeNextVisible>Sat,\
        \ 22 Jun 2019 20:19:05 GMT</TimeNextVisible><DequeueCount>2</DequeueCount><MessageText>message1</MessageText></QueueMessage></QueueMessagesList>"
    headers:
      Cache-Control:
      - no-cache
      Content-Type:
      - application/xml
      Date:
      - Sat, 22 Jun 2019 20:18:35 GMT
      Server:
      - Windows-Azure-Queue/1.0 Microsoft-HTTPAPI/2.0
      Transfer-Encoding:
      - chunked
      Vary:
      - Origin
      x-ms-request-id:
      - b6b69a3d-b003-007e-2d37-29fbcf000000
      x-ms-version:
      - '2018-03-28'
    status:
      code: 200
      message: OK
- request:
    body: null
    headers:
      Accept:
      - '*/*'
      Accept-Encoding:
      - gzip, deflate
      Connection:
      - keep-alive
      Content-Length:
      - '0'
      User-Agent:
      - python/3.6.5 (Darwin-16.7.0-x86_64-i386-64bit) azure-core/0.0.1
      x-ms-client-request-id:
      - 85152d64-952b-11e9-b241-f45c89a7d159
      x-ms-date:
      - Sat, 22 Jun 2019 20:22:56 GMT
      x-ms-version:
      - '2018-03-28'
    method: PUT
    uri: https://storagename.queue.core.windows.net/pythonqueuec0820c59
  response:
    body:
      string: ''
    headers:
      Content-Length:
      - '0'
      Date:
      - Sat, 22 Jun 2019 20:22:56 GMT
      Server:
      - Windows-Azure-Queue/1.0 Microsoft-HTTPAPI/2.0
      x-ms-request-id:
      - b0cdb40e-f003-0050-3e38-297b08000000
      x-ms-version:
      - '2018-03-28'
    status:
      code: 201
      message: Created
- request:
    body: '<?xml version=''1.0'' encoding=''utf-8''?>

      <QueueMessage><MessageText>message1</MessageText></QueueMessage>'
    headers:
      Accept:
      - application/xml
      Accept-Encoding:
      - gzip, deflate
      Connection:
      - keep-alive
      Content-Length:
      - '103'
      Content-Type:
      - application/xml; charset=utf-8
      User-Agent:
      - python/3.6.5 (Darwin-16.7.0-x86_64-i386-64bit) azure-core/0.0.1
      x-ms-client-request-id:
      - 8537880a-952b-11e9-994d-f45c89a7d159
      x-ms-date:
      - Sat, 22 Jun 2019 20:22:56 GMT
      x-ms-version:
      - '2018-03-28'
    method: POST
    uri: https://storagename.queue.core.windows.net/pythonqueuec0820c59/messages
  response:
    body:
      string: "\uFEFF<?xml version=\"1.0\" encoding=\"utf-8\"?><QueueMessagesList><QueueMessage><MessageId>f446f6b5-e9f9-4abf-a32b-3ed9358b4851</MessageId><InsertionTime>Sat,\
        \ 22 Jun 2019 20:22:56 GMT</InsertionTime><ExpirationTime>Sat, 29 Jun 2019\
        \ 20:22:56 GMT</ExpirationTime><PopReceipt>AgAAAAMAAAAAAAAAz57/Rjgp1QE=</PopReceipt><TimeNextVisible>Sat,\
        \ 22 Jun 2019 20:22:56 GMT</TimeNextVisible></QueueMessage></QueueMessagesList>"
    headers:
      Content-Type:
      - application/xml
      Date:
      - Sat, 22 Jun 2019 20:22:56 GMT
      Server:
      - Windows-Azure-Queue/1.0 Microsoft-HTTPAPI/2.0
      Transfer-Encoding:
      - chunked
      x-ms-request-id:
      - b0cdb423-f003-0050-5138-297b08000000
      x-ms-version:
      - '2018-03-28'
    status:
      code: 201
      message: Created
- request:
    body: null
    headers:
      Accept:
      - application/xml
      Accept-Encoding:
      - gzip, deflate
      Connection:
      - keep-alive
      User-Agent:
      - python/3.6.5 (Darwin-16.7.0-x86_64-i386-64bit) azure-core/0.0.1
      x-ms-client-request-id:
      - 85413eb8-952b-11e9-917d-f45c89a7d159
      x-ms-date:
      - Sat, 22 Jun 2019 20:22:56 GMT
      x-ms-version:
      - '2018-03-28'
    method: GET
    uri: https://storagename.queue.core.windows.net/pythonqueuec0820c59/messages
  response:
    body:
      string: "\uFEFF<?xml version=\"1.0\" encoding=\"utf-8\"?><QueueMessagesList><QueueMessage><MessageId>f446f6b5-e9f9-4abf-a32b-3ed9358b4851</MessageId><InsertionTime>Sat,\
        \ 22 Jun 2019 20:22:56 GMT</InsertionTime><ExpirationTime>Sat, 29 Jun 2019\
        \ 20:22:56 GMT</ExpirationTime><PopReceipt>AgAAAAMAAAAAAAAAUZLqWDgp1QE=</PopReceipt><TimeNextVisible>Sat,\
        \ 22 Jun 2019 20:23:26 GMT</TimeNextVisible><DequeueCount>1</DequeueCount><MessageText>message1</MessageText></QueueMessage></QueueMessagesList>"
    headers:
      Cache-Control:
      - no-cache
      Content-Type:
      - application/xml
      Date:
      - Sat, 22 Jun 2019 20:22:56 GMT
      Server:
      - Windows-Azure-Queue/1.0 Microsoft-HTTPAPI/2.0
      Transfer-Encoding:
      - chunked
      Vary:
      - Origin
      x-ms-request-id:
      - b0cdb430-f003-0050-5d38-297b08000000
      x-ms-version:
      - '2018-03-28'
    status:
      code: 200
      message: OK
- request:
    body: null
    headers:
      Accept:
      - '*/*'
      Accept-Encoding:
      - gzip, deflate
      Connection:
      - keep-alive
      Content-Length:
      - '0'
      Content-Type:
      - application/xml; charset=utf-8
      User-Agent:
      - python/3.6.5 (Darwin-16.7.0-x86_64-i386-64bit) azure-core/0.0.1
      x-ms-client-request-id:
      - 854b088a-952b-11e9-8989-f45c89a7d159
      x-ms-date:
      - Sat, 22 Jun 2019 20:22:56 GMT
      x-ms-version:
      - '2018-03-28'
    method: PUT
    uri: https://storagename.queue.core.windows.net/pythonqueuec0820c59/messages/f446f6b5-e9f9-4abf-a32b-3ed9358b4851?popreceipt=AgAAAAMAAAAAAAAAUZLqWDgp1QE%3D&visibilitytimeout=0
  response:
    body:
      string: ''
    headers:
      Content-Length:
      - '0'
      Date:
      - Sat, 22 Jun 2019 20:22:56 GMT
      Server:
      - Windows-Azure-Queue/1.0 Microsoft-HTTPAPI/2.0
      x-ms-popreceipt:
      - AwAAAAMAAAAAAAAA/o0SRzgp1QEBAAAA
      x-ms-request-id:
      - b0cdb43a-f003-0050-6738-297b08000000
      x-ms-time-next-visible:
      - Sat, 22 Jun 2019 20:22:56 GMT
      x-ms-version:
      - '2018-03-28'
    status:
      code: 204
      message: No Content
- request:
    body: null
    headers:
      Accept:
      - application/xml
      Accept-Encoding:
      - gzip, deflate
      Connection:
      - keep-alive
      User-Agent:
      - python/3.6.5 (Darwin-16.7.0-x86_64-i386-64bit) azure-core/0.0.1
      x-ms-client-request-id:
      - 85542d7a-952b-11e9-ac53-f45c89a7d159
      x-ms-date:
      - Sat, 22 Jun 2019 20:22:56 GMT
      x-ms-version:
      - '2018-03-28'
    method: GET
    uri: https://storagename.queue.core.windows.net/pythonqueuec0820c59/messages
  response:
    body:
      string: "\uFEFF<?xml version=\"1.0\" encoding=\"utf-8\"?><QueueMessagesList><QueueMessage><MessageId>f446f6b5-e9f9-4abf-a32b-3ed9358b4851</MessageId><InsertionTime>Sat,\
        \ 22 Jun 2019 20:22:56 GMT</InsertionTime><ExpirationTime>Sat, 29 Jun 2019\
        \ 20:22:56 GMT</ExpirationTime><PopReceipt>AgAAAAMAAAAAAAAAnKj9WDgp1QE=</PopReceipt><TimeNextVisible>Sat,\
        \ 22 Jun 2019 20:23:26 GMT</TimeNextVisible><DequeueCount>2</DequeueCount><MessageText>message1</MessageText></QueueMessage></QueueMessagesList>"
    headers:
      Cache-Control:
      - no-cache
      Content-Type:
      - application/xml
      Date:
      - Sat, 22 Jun 2019 20:22:56 GMT
      Server:
      - Windows-Azure-Queue/1.0 Microsoft-HTTPAPI/2.0
      Transfer-Encoding:
      - chunked
      Vary:
      - Origin
      x-ms-request-id:
      - b0cdb445-f003-0050-7138-297b08000000
      x-ms-version:
      - '2018-03-28'
    status:
      code: 200
      message: OK
- request:
    body: null
    headers:
      Accept:
      - '*/*'
      Accept-Encoding:
      - gzip, deflate
      Connection:
      - keep-alive
      Content-Length:
      - '0'
      User-Agent:
      - python/3.6.5 (Darwin-16.7.0-x86_64-i386-64bit) azure-core/0.0.1
      x-ms-client-request-id:
      - c95fdcb0-952d-11e9-b4c3-f45c89a7d159
      x-ms-date:
      - Sat, 22 Jun 2019 20:39:09 GMT
      x-ms-version:
      - '2018-03-28'
    method: PUT
    uri: https://storagename.queue.core.windows.net/pythonqueuec0820c59
  response:
    body:
      string: ''
    headers:
      Content-Length:
      - '0'
      Date:
      - Sat, 22 Jun 2019 20:39:09 GMT
      Server:
      - Windows-Azure-Queue/1.0 Microsoft-HTTPAPI/2.0
      x-ms-request-id:
      - e1088934-7003-002c-743a-29e63d000000
      x-ms-version:
      - '2018-03-28'
    status:
      code: 201
      message: Created
- request:
    body: '<?xml version=''1.0'' encoding=''utf-8''?>

      <QueueMessage><MessageText>message1</MessageText></QueueMessage>'
    headers:
      Accept:
      - application/xml
      Accept-Encoding:
      - gzip, deflate
      Connection:
      - keep-alive
      Content-Length:
      - '103'
      Content-Type:
      - application/xml; charset=utf-8
      User-Agent:
      - python/3.6.5 (Darwin-16.7.0-x86_64-i386-64bit) azure-core/0.0.1
      x-ms-client-request-id:
      - c986134c-952d-11e9-9ef5-f45c89a7d159
      x-ms-date:
      - Sat, 22 Jun 2019 20:39:09 GMT
      x-ms-version:
      - '2018-03-28'
    method: POST
    uri: https://storagename.queue.core.windows.net/pythonqueuec0820c59/messages
  response:
    body:
      string: "\uFEFF<?xml version=\"1.0\" encoding=\"utf-8\"?><QueueMessagesList><QueueMessage><MessageId>0b1b2830-4f09-42fb-a348-490c551b040b</MessageId><InsertionTime>Sat,\
        \ 22 Jun 2019 20:39:09 GMT</InsertionTime><ExpirationTime>Sat, 29 Jun 2019\
        \ 20:39:09 GMT</ExpirationTime><PopReceipt>AgAAAAMAAAAAAAAAQDBPizop1QE=</PopReceipt><TimeNextVisible>Sat,\
        \ 22 Jun 2019 20:39:09 GMT</TimeNextVisible></QueueMessage></QueueMessagesList>"
    headers:
      Content-Type:
      - application/xml
      Date:
      - Sat, 22 Jun 2019 20:39:09 GMT
      Server:
      - Windows-Azure-Queue/1.0 Microsoft-HTTPAPI/2.0
      Transfer-Encoding:
      - chunked
      x-ms-request-id:
      - e108893f-7003-002c-7c3a-29e63d000000
      x-ms-version:
      - '2018-03-28'
    status:
      code: 201
      message: Created
- request:
    body: null
    headers:
      Accept:
      - application/xml
      Accept-Encoding:
      - gzip, deflate
      Connection:
      - keep-alive
      User-Agent:
      - python/3.6.5 (Darwin-16.7.0-x86_64-i386-64bit) azure-core/0.0.1
      x-ms-client-request-id:
      - c9907bcc-952d-11e9-a76e-f45c89a7d159
      x-ms-date:
      - Sat, 22 Jun 2019 20:39:09 GMT
      x-ms-version:
      - '2018-03-28'
    method: GET
    uri: https://storagename.queue.core.windows.net/pythonqueuec0820c59/messages
  response:
    body:
      string: "\uFEFF<?xml version=\"1.0\" encoding=\"utf-8\"?><QueueMessagesList><QueueMessage><MessageId>0b1b2830-4f09-42fb-a348-490c551b040b</MessageId><InsertionTime>Sat,\
        \ 22 Jun 2019 20:39:09 GMT</InsertionTime><ExpirationTime>Sat, 29 Jun 2019\
        \ 20:39:09 GMT</ExpirationTime><PopReceipt>AgAAAAMAAAAAAAAAHW48nTop1QE=</PopReceipt><TimeNextVisible>Sat,\
        \ 22 Jun 2019 20:39:40 GMT</TimeNextVisible><DequeueCount>1</DequeueCount><MessageText>message1</MessageText></QueueMessage></QueueMessagesList>"
    headers:
      Cache-Control:
      - no-cache
      Content-Type:
      - application/xml
      Date:
      - Sat, 22 Jun 2019 20:39:09 GMT
      Server:
      - Windows-Azure-Queue/1.0 Microsoft-HTTPAPI/2.0
      Transfer-Encoding:
      - chunked
      Vary:
      - Origin
      x-ms-request-id:
      - e1088949-7003-002c-053a-29e63d000000
      x-ms-version:
      - '2018-03-28'
    status:
      code: 200
      message: OK
- request:
    body: null
    headers:
      Accept:
      - '*/*'
      Accept-Encoding:
      - gzip, deflate
      Connection:
      - keep-alive
      Content-Length:
      - '0'
      Content-Type:
      - application/xml; charset=utf-8
      User-Agent:
      - python/3.6.5 (Darwin-16.7.0-x86_64-i386-64bit) azure-core/0.0.1
      x-ms-client-request-id:
      - c99cbae8-952d-11e9-8605-f45c89a7d159
      x-ms-date:
      - Sat, 22 Jun 2019 20:39:10 GMT
      x-ms-version:
      - '2018-03-28'
    method: PUT
    uri: https://storagename.queue.core.windows.net/pythonqueuec0820c59/messages/0b1b2830-4f09-42fb-a348-490c551b040b?popreceipt=AgAAAAMAAAAAAAAAHW48nTop1QE%3D&visibilitytimeout=0
  response:
    body:
      string: ''
    headers:
      Content-Length:
      - '0'
      Date:
      - Sat, 22 Jun 2019 20:39:09 GMT
      Server:
      - Windows-Azure-Queue/1.0 Microsoft-HTTPAPI/2.0
      x-ms-popreceipt:
      - AwAAAAMAAAAAAAAAnsllizop1QEBAAAA
      x-ms-request-id:
      - e108895a-7003-002c-133a-29e63d000000
      x-ms-time-next-visible:
      - Sat, 22 Jun 2019 20:39:10 GMT
      x-ms-version:
      - '2018-03-28'
    status:
      code: 204
      message: No Content
- request:
    body: null
    headers:
      Accept:
      - application/xml
      Accept-Encoding:
      - gzip, deflate
      Connection:
      - keep-alive
      User-Agent:
      - python/3.6.5 (Darwin-16.7.0-x86_64-i386-64bit) azure-core/0.0.1
      x-ms-client-request-id:
      - c9a6b9e6-952d-11e9-ad29-f45c89a7d159
      x-ms-date:
      - Sat, 22 Jun 2019 20:39:10 GMT
      x-ms-version:
      - '2018-03-28'
    method: GET
    uri: https://storagename.queue.core.windows.net/pythonqueuec0820c59/messages
  response:
    body:
      string: "\uFEFF<?xml version=\"1.0\" encoding=\"utf-8\"?><QueueMessagesList><QueueMessage><MessageId>0b1b2830-4f09-42fb-a348-490c551b040b</MessageId><InsertionTime>Sat,\
        \ 22 Jun 2019 20:39:09 GMT</InsertionTime><ExpirationTime>Sat, 29 Jun 2019\
        \ 20:39:09 GMT</ExpirationTime><PopReceipt>AgAAAAMAAAAAAAAAvyBQnTop1QE=</PopReceipt><TimeNextVisible>Sat,\
        \ 22 Jun 2019 20:39:40 GMT</TimeNextVisible><DequeueCount>2</DequeueCount><MessageText>message1</MessageText></QueueMessage></QueueMessagesList>"
    headers:
      Cache-Control:
      - no-cache
      Content-Type:
      - application/xml
      Date:
      - Sat, 22 Jun 2019 20:39:09 GMT
      Server:
      - Windows-Azure-Queue/1.0 Microsoft-HTTPAPI/2.0
      Transfer-Encoding:
      - chunked
      Vary:
      - Origin
      x-ms-request-id:
      - e1088960-7003-002c-193a-29e63d000000
      x-ms-version:
      - '2018-03-28'
    status:
      code: 200
      message: OK
version: 1
