interactions:
- request:
    body: null
    headers:
      Accept:
      - '*/*'
      Accept-Encoding:
      - gzip, deflate
      Connection:
      - keep-alive
      Content-Length:
      - '0'
      User-Agent:
      - azsdk-python-storage-queue/12.0.0b4 Python/3.7.3 (Windows-10-10.0.17763-SP0)
      x-ms-date:
      - Tue, 22 Oct 2019 21:20:23 GMT
      x-ms-version:
      - '2018-03-28'
    method: PUT
    uri: https://pyacrstorage21d30f34.queue.core.windows.net/pythonqueue21d30f34
  response:
    body:
      string: ''
    headers:
      content-length:
      - '0'
      date:
      - Tue, 22 Oct 2019 21:20:22 GMT
      server:
      - Windows-Azure-Queue/1.0 Microsoft-HTTPAPI/2.0
      x-ms-version:
      - '2018-03-28'
    status:
      code: 201
      message: Created
- request:
    body: '<?xml version=''1.0'' encoding=''utf-8''?>

      <SignedIdentifiers><SignedIdentifier><Id>testid</Id><AccessPolicy><Start>2019-10-22T20:20:23Z</Start><Expiry>2019-10-22T22:20:23Z</Expiry><Permission>r</Permission></AccessPolicy></SignedIdentifier></SignedIdentifiers>'
    headers:
      Accept:
      - '*/*'
      Accept-Encoding:
      - gzip, deflate
      Connection:
      - keep-alive
      Content-Length:
      - '257'
      Content-Type:
      - application/xml; charset=utf-8
      User-Agent:
      - azsdk-python-storage-queue/12.0.0b4 Python/3.7.3 (Windows-10-10.0.17763-SP0)
      x-ms-date:
      - Tue, 22 Oct 2019 21:20:23 GMT
      x-ms-version:
      - '2018-03-28'
    method: PUT
    uri: https://pyacrstorage21d30f34.queue.core.windows.net/pythonqueue21d30f34?comp=acl
  response:
    body:
      string: ''
    headers:
      content-length:
      - '0'
      date:
      - Tue, 22 Oct 2019 21:20:23 GMT
      server:
      - Windows-Azure-Queue/1.0 Microsoft-HTTPAPI/2.0
      x-ms-version:
      - '2018-03-28'
    status:
      code: 204
      message: No Content
- request:
    body: '<?xml version=''1.0'' encoding=''utf-8''?>

      <QueueMessage><MessageText>message1</MessageText></QueueMessage>'
    headers:
      Accept:
      - application/xml
      Accept-Encoding:
      - gzip, deflate
      Connection:
      - keep-alive
      Content-Length:
      - '103'
      Content-Type:
      - application/xml; charset=utf-8
      User-Agent:
      - azsdk-python-storage-queue/12.0.0b4 Python/3.7.3 (Windows-10-10.0.17763-SP0)
      x-ms-date:
      - Tue, 22 Oct 2019 21:20:24 GMT
      x-ms-version:
      - '2018-03-28'
    method: POST
    uri: https://pyacrstorage21d30f34.queue.core.windows.net/pythonqueue21d30f34/messages
  response:
    body:
      string: "\uFEFF<?xml version=\"1.0\" encoding=\"utf-8\"?><QueueMessagesList><QueueMessage><MessageId>320679be-9ddb-404a-9513-964fd95f7837</MessageId><InsertionTime>Tue,
        22 Oct 2019 21:20:23 GMT</InsertionTime><ExpirationTime>Tue, 29 Oct 2019 21:20:23
        GMT</ExpirationTime><PopReceipt>AgAAAAMAAAAAAAAABckehB6J1QE=</PopReceipt><TimeNextVisible>Tue,
        22 Oct 2019 21:20:23 GMT</TimeNextVisible></QueueMessage></QueueMessagesList>"
    headers:
      content-type:
      - application/xml
      date:
      - Tue, 22 Oct 2019 21:20:23 GMT
      server:
      - Windows-Azure-Queue/1.0 Microsoft-HTTPAPI/2.0
      transfer-encoding:
      - chunked
      x-ms-version:
      - '2018-03-28'
    status:
      code: 201
      message: Created
- request:
    body: null
    headers:
      Accept:
      - application/xml
      Accept-Encoding:
      - gzip, deflate
      Connection:
      - keep-alive
      User-Agent:
      - azsdk-python-storage-queue/12.0.0b4 Python/3.7.3 (Windows-10-10.0.17763-SP0)
      x-ms-date:
      - Tue, 22 Oct 2019 21:20:24 GMT
      x-ms-version:
      - '2018-03-28'
    method: GET
    uri: https://pyacrstorage21d30f34.queue.core.windows.net/pythonqueue21d30f34/messages?peekonly=true&sv=2018-03-28&si=testid&sig=PihOxvo6Qq%2BeooP3XAi/psfL6i1RE9doqAuznja748g%3D
  response:
    body:
      string: "\uFEFF<?xml version=\"1.0\" encoding=\"utf-8\"?><QueueMessagesList><QueueMessage><MessageId>320679be-9ddb-404a-9513-964fd95f7837</MessageId><InsertionTime>Tue,
        22 Oct 2019 21:20:23 GMT</InsertionTime><ExpirationTime>Tue, 29 Oct 2019 21:20:23
        GMT</ExpirationTime><DequeueCount>0</DequeueCount><MessageText>message1</MessageText></QueueMessage></QueueMessagesList>"
    headers:
      cache-control:
      - no-cache
      content-type:
      - application/xml
      date:
      - Tue, 22 Oct 2019 21:20:23 GMT
      server:
      - Windows-Azure-Queue/1.0 Microsoft-HTTPAPI/2.0
      transfer-encoding:
      - chunked
      x-ms-version:
      - '2018-03-28'
    status:
      code: 200
      message: OK
version: 1
