interactions:
- request:
    body: null
    headers:
      User-Agent:
      - azsdk-python-storage-queue/12.0.0b4 Python/3.7.3 (Windows-10-10.0.17763-SP0)
      x-ms-date:
      - Wed, 16 Oct 2019 06:49:48 GMT
      x-ms-version:
      - '2018-03-28'
    method: PUT
    uri: https://pyacrstorage137a0ecd.queue.core.windows.net/pythonqueue137a0ecd
  response:
    body:
      string: ''
    headers:
      content-length: '0'
      date: Wed, 16 Oct 2019 06:49:48 GMT
      server: Windows-Azure-Queue/1.0 Microsoft-HTTPAPI/2.0
      x-ms-version: '2018-03-28'
    status:
      code: 201
      message: Created
    url: !!python/object/new:yarl.URL
      state: !!python/tuple
      - !!python/object/new:urllib.parse.SplitResult
        - https
        - pyacrstorage137a0ecd.queue.core.windows.net
        - /pythonqueue137a0ecd
        - ''
        - ''
- request:
    body: '<?xml version=''1.0'' encoding=''utf-8''?>

      <QueueMessage><MessageText>message1</MessageText></QueueMessage>'
    headers:
      Accept:
      - application/xml
      Content-Length:
      - '103'
      Content-Type:
      - application/xml; charset=utf-8
      User-Agent:
      - azsdk-python-storage-queue/12.0.0b4 Python/3.7.3 (Windows-10-10.0.17763-SP0)
      x-ms-date:
      - Wed, 16 Oct 2019 06:49:48 GMT
      x-ms-version:
      - '2018-03-28'
    method: POST
    uri: https://pyacrstorage137a0ecd.queue.core.windows.net/pythonqueue137a0ecd/messages
  response:
    body:
      string: "\uFEFF<?xml version=\"1.0\" encoding=\"utf-8\"?><QueueMessagesList><QueueMessage><MessageId>2c249f4d-1552-48fe-8946-000f78a19e83</MessageId><InsertionTime>Wed,
        16 Oct 2019 06:49:48 GMT</InsertionTime><ExpirationTime>Wed, 23 Oct 2019 06:49:48
        GMT</ExpirationTime><PopReceipt>AgAAAAMAAAAAAAAAJOQU5+2D1QE=</PopReceipt><TimeNextVisible>Wed,
        16 Oct 2019 06:49:48 GMT</TimeNextVisible></QueueMessage></QueueMessagesList>"
    headers:
      content-type: application/xml
      date: Wed, 16 Oct 2019 06:49:48 GMT
      server: Windows-Azure-Queue/1.0 Microsoft-HTTPAPI/2.0
      transfer-encoding: chunked
      x-ms-version: '2018-03-28'
    status:
      code: 201
      message: Created
    url: !!python/object/new:yarl.URL
      state: !!python/tuple
      - !!python/object/new:urllib.parse.SplitResult
        - https
        - pyacrstorage137a0ecd.queue.core.windows.net
        - /pythonqueue137a0ecd/messages
        - ''
        - ''
- request:
    body: '<?xml version=''1.0'' encoding=''utf-8''?>

      <QueueMessage><MessageText>message2</MessageText></QueueMessage>'
    headers:
      Accept:
      - application/xml
      Content-Length:
      - '103'
      Content-Type:
      - application/xml; charset=utf-8
      User-Agent:
      - azsdk-python-storage-queue/12.0.0b4 Python/3.7.3 (Windows-10-10.0.17763-SP0)
      x-ms-date:
      - Wed, 16 Oct 2019 06:49:48 GMT
      x-ms-version:
      - '2018-03-28'
    method: POST
    uri: https://pyacrstorage137a0ecd.queue.core.windows.net/pythonqueue137a0ecd/messages
  response:
    body:
      string: "\uFEFF<?xml version=\"1.0\" encoding=\"utf-8\"?><QueueMessagesList><QueueMessage><MessageId>1ca7ce88-4187-4266-a38a-f9f276d7f41a</MessageId><InsertionTime>Wed,
        16 Oct 2019 06:49:48 GMT</InsertionTime><ExpirationTime>Wed, 23 Oct 2019 06:49:48
        GMT</ExpirationTime><PopReceipt>AgAAAAMAAAAAAAAAeTgc5+2D1QE=</PopReceipt><TimeNextVisible>Wed,
        16 Oct 2019 06:49:48 GMT</TimeNextVisible></QueueMessage></QueueMessagesList>"
    headers:
      content-type: application/xml
      date: Wed, 16 Oct 2019 06:49:48 GMT
      server: Windows-Azure-Queue/1.0 Microsoft-HTTPAPI/2.0
      transfer-encoding: chunked
      x-ms-version: '2018-03-28'
    status:
      code: 201
      message: Created
    url: !!python/object/new:yarl.URL
      state: !!python/tuple
      - !!python/object/new:urllib.parse.SplitResult
        - https
        - pyacrstorage137a0ecd.queue.core.windows.net
        - /pythonqueue137a0ecd/messages
        - ''
        - ''
- request:
    body: '<?xml version=''1.0'' encoding=''utf-8''?>

      <QueueMessage><MessageText>message3</MessageText></QueueMessage>'
    headers:
      Accept:
      - application/xml
      Content-Length:
      - '103'
      Content-Type:
      - application/xml; charset=utf-8
      User-Agent:
      - azsdk-python-storage-queue/12.0.0b4 Python/3.7.3 (Windows-10-10.0.17763-SP0)
      x-ms-date:
      - Wed, 16 Oct 2019 06:49:49 GMT
      x-ms-version:
      - '2018-03-28'
    method: POST
    uri: https://pyacrstorage137a0ecd.queue.core.windows.net/pythonqueue137a0ecd/messages
  response:
    body:
      string: "\uFEFF<?xml version=\"1.0\" encoding=\"utf-8\"?><QueueMessagesList><QueueMessage><MessageId>ed10f139-cbe8-4f6c-b99a-af094b92b6f9</MessageId><InsertionTime>Wed,
        16 Oct 2019 06:49:48 GMT</InsertionTime><ExpirationTime>Wed, 23 Oct 2019 06:49:48
        GMT</ExpirationTime><PopReceipt>AgAAAAMAAAAAAAAAjRcj5+2D1QE=</PopReceipt><TimeNextVisible>Wed,
        16 Oct 2019 06:49:48 GMT</TimeNextVisible></QueueMessage></QueueMessagesList>"
    headers:
      content-type: application/xml
      date: Wed, 16 Oct 2019 06:49:48 GMT
      server: Windows-Azure-Queue/1.0 Microsoft-HTTPAPI/2.0
      transfer-encoding: chunked
      x-ms-version: '2018-03-28'
    status:
      code: 201
      message: Created
    url: !!python/object/new:yarl.URL
      state: !!python/tuple
      - !!python/object/new:urllib.parse.SplitResult
        - https
        - pyacrstorage137a0ecd.queue.core.windows.net
        - /pythonqueue137a0ecd/messages
        - ''
        - ''
- request:
    body: '<?xml version=''1.0'' encoding=''utf-8''?>

      <QueueMessage><MessageText>message4</MessageText></QueueMessage>'
    headers:
      Accept:
      - application/xml
      Content-Length:
      - '103'
      Content-Type:
      - application/xml; charset=utf-8
      User-Agent:
      - azsdk-python-storage-queue/12.0.0b4 Python/3.7.3 (Windows-10-10.0.17763-SP0)
      x-ms-date:
      - Wed, 16 Oct 2019 06:49:49 GMT
      x-ms-version:
      - '2018-03-28'
    method: POST
    uri: https://pyacrstorage137a0ecd.queue.core.windows.net/pythonqueue137a0ecd/messages
  response:
    body:
      string: "\uFEFF<?xml version=\"1.0\" encoding=\"utf-8\"?><QueueMessagesList><QueueMessage><MessageId>dc76c847-b31b-4391-a631-8528dcfa9634</MessageId><InsertionTime>Wed,
        16 Oct 2019 06:49:48 GMT</InsertionTime><ExpirationTime>Wed, 23 Oct 2019 06:49:48
        GMT</ExpirationTime><PopReceipt>AgAAAAMAAAAAAAAADmgs5+2D1QE=</PopReceipt><TimeNextVisible>Wed,
        16 Oct 2019 06:49:48 GMT</TimeNextVisible></QueueMessage></QueueMessagesList>"
    headers:
      content-type: application/xml
      date: Wed, 16 Oct 2019 06:49:48 GMT
      server: Windows-Azure-Queue/1.0 Microsoft-HTTPAPI/2.0
      transfer-encoding: chunked
      x-ms-version: '2018-03-28'
    status:
      code: 201
      message: Created
    url: !!python/object/new:yarl.URL
      state: !!python/tuple
      - !!python/object/new:urllib.parse.SplitResult
        - https
        - pyacrstorage137a0ecd.queue.core.windows.net
        - /pythonqueue137a0ecd/messages
        - ''
        - ''
- request:
    body: null
    headers:
      User-Agent:
      - azsdk-python-storage-queue/12.0.0b4 Python/3.7.3 (Windows-10-10.0.17763-SP0)
      x-ms-date:
      - Wed, 16 Oct 2019 06:49:49 GMT
      x-ms-version:
      - '2018-03-28'
    method: DELETE
    uri: https://pyacrstorage137a0ecd.queue.core.windows.net/pythonqueue137a0ecd/messages
  response:
    body:
      string: ''
    headers:
      content-length: '0'
      date: Wed, 16 Oct 2019 06:49:48 GMT
      server: Windows-Azure-Queue/1.0 Microsoft-HTTPAPI/2.0
      x-ms-version: '2018-03-28'
    status:
      code: 204
      message: No Content
    url: !!python/object/new:yarl.URL
      state: !!python/tuple
      - !!python/object/new:urllib.parse.SplitResult
        - https
        - pyacrstorage137a0ecd.queue.core.windows.net
        - /pythonqueue137a0ecd/messages
        - ''
        - ''
- request:
    body: null
    headers:
      Accept:
      - application/xml
      User-Agent:
      - azsdk-python-storage-queue/12.0.0b4 Python/3.7.3 (Windows-10-10.0.17763-SP0)
      x-ms-date:
      - Wed, 16 Oct 2019 06:49:49 GMT
      x-ms-version:
      - '2018-03-28'
    method: GET
    uri: https://pyacrstorage137a0ecd.queue.core.windows.net/pythonqueue137a0ecd/messages?peekonly=true
  response:
    body:
      string: "\uFEFF<?xml version=\"1.0\" encoding=\"utf-8\"?><QueueMessagesList
        />"
    headers:
      cache-control: no-cache
      content-type: application/xml
      date: Wed, 16 Oct 2019 06:49:49 GMT
      server: Windows-Azure-Queue/1.0 Microsoft-HTTPAPI/2.0
      transfer-encoding: chunked
      x-ms-version: '2018-03-28'
    status:
      code: 200
      message: OK
    url: !!python/object/new:yarl.URL
      state: !!python/tuple
      - !!python/object/new:urllib.parse.SplitResult
        - https
        - pyacrstorage137a0ecd.queue.core.windows.net
        - /pythonqueue137a0ecd/messages
        - peekonly=true
        - ''
version: 1
