interactions:
- request:
    body: "<?xml version='1.0' encoding='utf-8'?>\n<QueueMessage><MessageText>\x01</MessageText></QueueMessage>"
    headers:
      Accept:
      - application/xml
      Content-Length:
      - '96'
      Content-Type:
      - application/xml; charset=utf-8
      User-Agent:
      - azsdk-python-storage-queue/12.0.0b1 Python/3.7.3 (Windows-10-10.0.17763-SP0)
      x-ms-client-request-id:
      - 0ee0fe48-b58b-11e9-97df-2816a845e8c6
      x-ms-date:
      - Sat, 03 Aug 2019 01:07:26 GMT
      x-ms-version:
      - '2018-03-28'
    method: POST
    uri: https://storagename.queue.core.windows.net/mytestqueue284a1997/messages
  response:
    body:
      string: "\uFEFF<?xml version=\"1.0\" encoding=\"utf-8\"?><Error><Code>InvalidXmlDocument</Code><Message>XML
        specified is not syntactically valid.\nRequestId:13ec08a6-2003-0059-4297-496186000000\nTime:2019-08-03T01:07:26.4938158Z</Message><LineNumber>2</LineNumber><LinePosition>28</LinePosition><Reason>Error
        parsing Xml content</Reason></Error>"
    headers:
      ? !!python/object/new:multidict._istr.istr
      - Content-Length
      : '327'
      ? !!python/object/new:multidict._istr.istr
      - Content-Type
      : application/xml
      ? !!python/object/new:multidict._istr.istr
      - Date
      : Sat, 03 Aug 2019 01:07:25 GMT
      ? !!python/object/new:multidict._istr.istr
      - Server
      : Windows-Azure-Queue/1.0 Microsoft-HTTPAPI/2.0
      x-ms-error-code: InvalidXmlDocument
      x-ms-request-id: 13ec08a6-2003-0059-4297-496186000000
      x-ms-version: '2018-03-28'
    status:
      code: 400
      message: XML specified is not syntactically valid.
    url: !!python/object/new:yarl.URL
      state: !!python/tuple
      - !!python/object/new:urllib.parse.SplitResult
        - https
        - amqptest.queue.core.windows.net
        - /mytestqueue284a1997/messages
        - ''
        - ''
- request:
    body: "<?xml version='1.0' encoding='utf-8'?>\n<QueueMessage><MessageText>\x01</MessageText></QueueMessage>"
    headers:
      Accept:
      - application/xml
      Content-Length:
      - '96'
      Content-Type:
      - application/xml; charset=utf-8
      User-Agent:
      - azsdk-python-storage-queue/12.0.0b1 Python/3.7.3 (Windows-10-10.0.17763-SP0)
      x-ms-client-request-id:
      - 3467c808-b58c-11e9-a99a-2816a845e8c6
      x-ms-date:
      - Sat, 03 Aug 2019 01:15:39 GMT
      x-ms-version:
      - '2018-03-28'
    method: POST
    uri: https://storagename.queue.core.windows.net/mytestqueue284a1997/messages
  response:
    body:
      string: "\uFEFF<?xml version=\"1.0\" encoding=\"utf-8\"?><Error><Code>InvalidXmlDocument</Code><Message>XML
        specified is not syntactically valid.\nRequestId:966bc0f1-9003-008c-5998-49295b000000\nTime:2019-08-03T01:15:38.8514901Z</Message><LineNumber>2</LineNumber><LinePosition>28</LinePosition><Reason>Error
        parsing Xml content</Reason></Error>"
    headers:
      ? !!python/object/new:multidict._istr.istr
      - Content-Length
      : '327'
      ? !!python/object/new:multidict._istr.istr
      - Content-Type
      : application/xml
      ? !!python/object/new:multidict._istr.istr
      - Date
      : Sat, 03 Aug 2019 01:15:38 GMT
      ? !!python/object/new:multidict._istr.istr
      - Server
      : Windows-Azure-Queue/1.0 Microsoft-HTTPAPI/2.0
      x-ms-error-code: InvalidXmlDocument
      x-ms-request-id: 966bc0f1-9003-008c-5998-49295b000000
      x-ms-version: '2018-03-28'
    status:
      code: 400
      message: XML specified is not syntactically valid.
    url: !!python/object/new:yarl.URL
      state: !!python/tuple
      - !!python/object/new:urllib.parse.SplitResult
        - https
        - amqptest.queue.core.windows.net
        - /mytestqueue284a1997/messages
        - ''
        - ''
- request:
    body: "<?xml version='1.0' encoding='utf-8'?>\n<QueueMessage><MessageText>\x01</MessageText></QueueMessage>"
    headers:
      Accept:
      - application/xml
      Content-Length:
      - '96'
      Content-Type:
      - application/xml; charset=utf-8
      User-Agent:
      - azsdk-python-storage-queue/12.0.0b1 Python/3.7.3 (Windows-10-10.0.17763-SP0)
      x-ms-client-request-id:
      - 69e66628-b58c-11e9-a115-2816a845e8c6
      x-ms-date:
      - Sat, 03 Aug 2019 01:17:08 GMT
      x-ms-version:
      - '2018-03-28'
    method: POST
    uri: https://storagename.queue.core.windows.net/mytestqueue284a1997/messages
  response:
    body:
      string: "\uFEFF<?xml version=\"1.0\" encoding=\"utf-8\"?><Error><Code>InvalidXmlDocument</Code><Message>XML
        specified is not syntactically valid.\nRequestId:5a392528-a003-008f-0499-492a5c000000\nTime:2019-08-03T01:17:09.2924185Z</Message><LineNumber>2</LineNumber><LinePosition>28</LinePosition><Reason>Error
        parsing Xml content</Reason></Error>"
    headers:
      ? !!python/object/new:multidict._istr.istr
      - Content-Length
      : '327'
      ? !!python/object/new:multidict._istr.istr
      - Content-Type
      : application/xml
      ? !!python/object/new:multidict._istr.istr
      - Date
      : Sat, 03 Aug 2019 01:17:08 GMT
      ? !!python/object/new:multidict._istr.istr
      - Server
      : Windows-Azure-Queue/1.0 Microsoft-HTTPAPI/2.0
      x-ms-error-code: InvalidXmlDocument
      x-ms-request-id: 5a392528-a003-008f-0499-492a5c000000
      x-ms-version: '2018-03-28'
    status:
      code: 400
      message: XML specified is not syntactically valid.
    url: !!python/object/new:yarl.URL
      state: !!python/tuple
      - !!python/object/new:urllib.parse.SplitResult
        - https
        - amqptest.queue.core.windows.net
        - /mytestqueue284a1997/messages
        - ''
        - ''
version: 1
