interactions:
- request:
    body: null
    headers:
      Accept:
      - '*/*'
      Accept-Encoding:
      - gzip, deflate
      Connection:
      - keep-alive
      Content-Length:
      - '0'
      User-Agent:
      - azsdk-python-storage-queue/12.0.0b4 Python/3.7.3 (Windows-10-10.0.17763-SP0)
      x-ms-date:
      - Wed, 16 Oct 2019 06:56:25 GMT
      x-ms-version:
      - '2018-03-28'
    method: PUT
    uri: https://pyacrstoragea9f9175f.queue.core.windows.net/messagequeue
  response:
    body:
      string: ''
    headers:
      content-length:
      - '0'
      date:
      - Wed, 16 Oct 2019 06:56:24 GMT
      server:
      - Windows-Azure-Queue/1.0 Microsoft-HTTPAPI/2.0
      x-ms-version:
      - '2018-03-28'
    status:
      code: 201
      message: Created
- request:
    body: '<?xml version=''1.0'' encoding=''utf-8''?>

      <QueueMessage><MessageText>message1</MessageText></QueueMessage>'
    headers:
      Accept:
      - application/xml
      Accept-Encoding:
      - gzip, deflate
      Connection:
      - keep-alive
      Content-Length:
      - '103'
      Content-Type:
      - application/xml; charset=utf-8
      User-Agent:
      - azsdk-python-storage-queue/12.0.0b4 Python/3.7.3 (Windows-10-10.0.17763-SP0)
      x-ms-date:
      - Wed, 16 Oct 2019 06:56:26 GMT
      x-ms-version:
      - '2018-03-28'
    method: POST
    uri: https://pyacrstoragea9f9175f.queue.core.windows.net/messagequeue/messages
  response:
    body:
      string: "\uFEFF<?xml version=\"1.0\" encoding=\"utf-8\"?><QueueMessagesList><QueueMessage><MessageId>53448821-86cb-4357-b501-09553358ed39</MessageId><InsertionTime>Wed,
        16 Oct 2019 06:56:25 GMT</InsertionTime><ExpirationTime>Wed, 23 Oct 2019 06:56:25
        GMT</ExpirationTime><PopReceipt>AgAAAAMAAAAAAAAAgCzx0+6D1QE=</PopReceipt><TimeNextVisible>Wed,
        16 Oct 2019 06:56:25 GMT</TimeNextVisible></QueueMessage></QueueMessagesList>"
    headers:
      content-type:
      - application/xml
      date:
      - Wed, 16 Oct 2019 06:56:24 GMT
      server:
      - Windows-Azure-Queue/1.0 Microsoft-HTTPAPI/2.0
      transfer-encoding:
      - chunked
      x-ms-version:
      - '2018-03-28'
    status:
      code: 201
      message: Created
- request:
    body: '<?xml version=''1.0'' encoding=''utf-8''?>

      <QueueMessage><MessageText>message2</MessageText></QueueMessage>'
    headers:
      Accept:
      - application/xml
      Accept-Encoding:
      - gzip, deflate
      Connection:
      - keep-alive
      Content-Length:
      - '103'
      Content-Type:
      - application/xml; charset=utf-8
      User-Agent:
      - azsdk-python-storage-queue/12.0.0b4 Python/3.7.3 (Windows-10-10.0.17763-SP0)
      x-ms-date:
      - Wed, 16 Oct 2019 06:56:26 GMT
      x-ms-version:
      - '2018-03-28'
    method: POST
    uri: https://pyacrstoragea9f9175f.queue.core.windows.net/messagequeue/messages?visibilitytimeout=30
  response:
    body:
      string: "\uFEFF<?xml version=\"1.0\" encoding=\"utf-8\"?><QueueMessagesList><QueueMessage><MessageId>4e7f752f-b2db-431d-abc1-c90295ac1a0d</MessageId><InsertionTime>Wed,
        16 Oct 2019 06:56:26 GMT</InsertionTime><ExpirationTime>Wed, 23 Oct 2019 06:56:26
        GMT</ExpirationTime><PopReceipt>AgAAAAMAAAAAAAAArhrp5e6D1QE=</PopReceipt><TimeNextVisible>Wed,
        16 Oct 2019 06:56:56 GMT</TimeNextVisible></QueueMessage></QueueMessagesList>"
    headers:
      content-type:
      - application/xml
      date:
      - Wed, 16 Oct 2019 06:56:25 GMT
      server:
      - Windows-Azure-Queue/1.0 Microsoft-HTTPAPI/2.0
      transfer-encoding:
      - chunked
      x-ms-version:
      - '2018-03-28'
    status:
      code: 201
      message: Created
- request:
    body: '<?xml version=''1.0'' encoding=''utf-8''?>

      <QueueMessage><MessageText>message3</MessageText></QueueMessage>'
    headers:
      Accept:
      - application/xml
      Accept-Encoding:
      - gzip, deflate
      Connection:
      - keep-alive
      Content-Length:
      - '103'
      Content-Type:
      - application/xml; charset=utf-8
      User-Agent:
      - azsdk-python-storage-queue/12.0.0b4 Python/3.7.3 (Windows-10-10.0.17763-SP0)
      x-ms-date:
      - Wed, 16 Oct 2019 06:56:26 GMT
      x-ms-version:
      - '2018-03-28'
    method: POST
    uri: https://pyacrstoragea9f9175f.queue.core.windows.net/messagequeue/messages
  response:
    body:
      string: "\uFEFF<?xml version=\"1.0\" encoding=\"utf-8\"?><QueueMessagesList><QueueMessage><MessageId>680c1310-6532-487b-9562-8643e9be434c</MessageId><InsertionTime>Wed,
        16 Oct 2019 06:56:26 GMT</InsertionTime><ExpirationTime>Wed, 23 Oct 2019 06:56:26
        GMT</ExpirationTime><PopReceipt>AgAAAAMAAAAAAAAAubwW1O6D1QE=</PopReceipt><TimeNextVisible>Wed,
        16 Oct 2019 06:56:26 GMT</TimeNextVisible></QueueMessage></QueueMessagesList>"
    headers:
      content-type:
      - application/xml
      date:
      - Wed, 16 Oct 2019 06:56:25 GMT
      server:
      - Windows-Azure-Queue/1.0 Microsoft-HTTPAPI/2.0
      transfer-encoding:
      - chunked
      x-ms-version:
      - '2018-03-28'
    status:
      code: 201
      message: Created
- request:
    body: '<?xml version=''1.0'' encoding=''utf-8''?>

      <QueueMessage><MessageText>message4</MessageText></QueueMessage>'
    headers:
      Accept:
      - application/xml
      Accept-Encoding:
      - gzip, deflate
      Connection:
      - keep-alive
      Content-Length:
      - '103'
      Content-Type:
      - application/xml; charset=utf-8
      User-Agent:
      - azsdk-python-storage-queue/12.0.0b4 Python/3.7.3 (Windows-10-10.0.17763-SP0)
      x-ms-date:
      - Wed, 16 Oct 2019 06:56:26 GMT
      x-ms-version:
      - '2018-03-28'
    method: POST
    uri: https://pyacrstoragea9f9175f.queue.core.windows.net/messagequeue/messages
  response:
    body:
      string: "\uFEFF<?xml version=\"1.0\" encoding=\"utf-8\"?><QueueMessagesList><QueueMessage><MessageId>89ccc0b5-4d19-44c2-bfd9-0cca56f3b099</MessageId><InsertionTime>Wed,
        16 Oct 2019 06:56:26 GMT</InsertionTime><ExpirationTime>Wed, 23 Oct 2019 06:56:26
        GMT</ExpirationTime><PopReceipt>AgAAAAMAAAAAAAAAwlMk1O6D1QE=</PopReceipt><TimeNextVisible>Wed,
        16 Oct 2019 06:56:26 GMT</TimeNextVisible></QueueMessage></QueueMessagesList>"
    headers:
      content-type:
      - application/xml
      date:
      - Wed, 16 Oct 2019 06:56:25 GMT
      server:
      - Windows-Azure-Queue/1.0 Microsoft-HTTPAPI/2.0
      transfer-encoding:
      - chunked
      x-ms-version:
      - '2018-03-28'
    status:
      code: 201
      message: Created
- request:
    body: '<?xml version=''1.0'' encoding=''utf-8''?>

      <QueueMessage><MessageText>message5</MessageText></QueueMessage>'
    headers:
      Accept:
      - application/xml
      Accept-Encoding:
      - gzip, deflate
      Connection:
      - keep-alive
      Content-Length:
      - '103'
      Content-Type:
      - application/xml; charset=utf-8
      User-Agent:
      - azsdk-python-storage-queue/12.0.0b4 Python/3.7.3 (Windows-10-10.0.17763-SP0)
      x-ms-date:
      - Wed, 16 Oct 2019 06:56:26 GMT
      x-ms-version:
      - '2018-03-28'
    method: POST
    uri: https://pyacrstoragea9f9175f.queue.core.windows.net/messagequeue/messages
  response:
    body:
      string: "\uFEFF<?xml version=\"1.0\" encoding=\"utf-8\"?><QueueMessagesList><QueueMessage><MessageId>dcb17b33-2a7a-4c16-aeb7-c1e641fcc3d4</MessageId><InsertionTime>Wed,
        16 Oct 2019 06:56:26 GMT</InsertionTime><ExpirationTime>Wed, 23 Oct 2019 06:56:26
        GMT</ExpirationTime><PopReceipt>AgAAAAMAAAAAAAAAZbQ51O6D1QE=</PopReceipt><TimeNextVisible>Wed,
        16 Oct 2019 06:56:26 GMT</TimeNextVisible></QueueMessage></QueueMessagesList>"
    headers:
      content-type:
      - application/xml
      date:
      - Wed, 16 Oct 2019 06:56:25 GMT
      server:
      - Windows-Azure-Queue/1.0 Microsoft-HTTPAPI/2.0
      transfer-encoding:
      - chunked
      x-ms-version:
      - '2018-03-28'
    status:
      code: 201
      message: Created
- request:
    body: null
    headers:
      Accept:
      - application/xml
      Accept-Encoding:
      - gzip, deflate
      Connection:
      - keep-alive
      User-Agent:
      - azsdk-python-storage-queue/12.0.0b4 Python/3.7.3 (Windows-10-10.0.17763-SP0)
      x-ms-date:
      - Wed, 16 Oct 2019 06:56:26 GMT
      x-ms-version:
      - '2018-03-28'
    method: GET
    uri: https://pyacrstoragea9f9175f.queue.core.windows.net/messagequeue/messages
  response:
    body:
      string: "\uFEFF<?xml version=\"1.0\" encoding=\"utf-8\"?><QueueMessagesList><QueueMessage><MessageId>53448821-86cb-4357-b501-09553358ed39</MessageId><InsertionTime>Wed,
        16 Oct 2019 06:56:25 GMT</InsertionTime><ExpirationTime>Wed, 23 Oct 2019 06:56:25
        GMT</ExpirationTime><PopReceipt>AgAAAAMAAAAAAAAA+ioo5u6D1QE=</PopReceipt><TimeNextVisible>Wed,
        16 Oct 2019 06:56:56 GMT</TimeNextVisible><DequeueCount>1</DequeueCount><MessageText>message1</MessageText></QueueMessage></QueueMessagesList>"
    headers:
      cache-control:
      - no-cache
      content-type:
      - application/xml
      date:
      - Wed, 16 Oct 2019 06:56:25 GMT
      server:
      - Windows-Azure-Queue/1.0 Microsoft-HTTPAPI/2.0
      transfer-encoding:
      - chunked
      x-ms-version:
      - '2018-03-28'
    status:
      code: 200
      message: OK
- request:
    body: null
    headers:
      Accept:
      - application/xml
      Accept-Encoding:
      - gzip, deflate
      Connection:
      - keep-alive
      User-Agent:
      - azsdk-python-storage-queue/12.0.0b4 Python/3.7.3 (Windows-10-10.0.17763-SP0)
      x-ms-date:
      - Wed, 16 Oct 2019 06:56:26 GMT
      x-ms-version:
      - '2018-03-28'
    method: GET
    uri: https://pyacrstoragea9f9175f.queue.core.windows.net/messagequeue/messages
  response:
    body:
      string: "\uFEFF<?xml version=\"1.0\" encoding=\"utf-8\"?><QueueMessagesList><QueueMessage><MessageId>680c1310-6532-487b-9562-8643e9be434c</MessageId><InsertionTime>Wed,
        16 Oct 2019 06:56:26 GMT</InsertionTime><ExpirationTime>Wed, 23 Oct 2019 06:56:26
        GMT</ExpirationTime><PopReceipt>AgAAAAMAAAAAAAAA7ewz5u6D1QE=</PopReceipt><TimeNextVisible>Wed,
        16 Oct 2019 06:56:56 GMT</TimeNextVisible><DequeueCount>1</DequeueCount><MessageText>message3</MessageText></QueueMessage></QueueMessagesList>"
    headers:
      cache-control:
      - no-cache
      content-type:
      - application/xml
      date:
      - Wed, 16 Oct 2019 06:56:25 GMT
      server:
      - Windows-Azure-Queue/1.0 Microsoft-HTTPAPI/2.0
      transfer-encoding:
      - chunked
      x-ms-version:
      - '2018-03-28'
    status:
      code: 200
      message: OK
- request:
    body: null
    headers:
      Accept:
      - application/xml
      Accept-Encoding:
      - gzip, deflate
      Connection:
      - keep-alive
      User-Agent:
      - azsdk-python-storage-queue/12.0.0b4 Python/3.7.3 (Windows-10-10.0.17763-SP0)
      x-ms-date:
      - Wed, 16 Oct 2019 06:56:26 GMT
      x-ms-version:
      - '2018-03-28'
    method: GET
    uri: https://pyacrstoragea9f9175f.queue.core.windows.net/messagequeue/messages
  response:
    body:
      string: "\uFEFF<?xml version=\"1.0\" encoding=\"utf-8\"?><QueueMessagesList><QueueMessage><MessageId>89ccc0b5-4d19-44c2-bfd9-0cca56f3b099</MessageId><InsertionTime>Wed,
        16 Oct 2019 06:56:26 GMT</InsertionTime><ExpirationTime>Wed, 23 Oct 2019 06:56:26
        GMT</ExpirationTime><PopReceipt>AgAAAAMAAAAAAAAAH9JB5u6D1QE=</PopReceipt><TimeNextVisible>Wed,
        16 Oct 2019 06:56:56 GMT</TimeNextVisible><DequeueCount>1</DequeueCount><MessageText>message4</MessageText></QueueMessage></QueueMessagesList>"
    headers:
      cache-control:
      - no-cache
      content-type:
      - application/xml
      date:
      - Wed, 16 Oct 2019 06:56:25 GMT
      server:
      - Windows-Azure-Queue/1.0 Microsoft-HTTPAPI/2.0
      transfer-encoding:
      - chunked
      x-ms-version:
      - '2018-03-28'
    status:
      code: 200
      message: OK
- request:
    body: null
    headers:
      Accept:
      - application/xml
      Accept-Encoding:
      - gzip, deflate
      Connection:
      - keep-alive
      User-Agent:
      - azsdk-python-storage-queue/12.0.0b4 Python/3.7.3 (Windows-10-10.0.17763-SP0)
      x-ms-date:
      - Wed, 16 Oct 2019 06:56:27 GMT
      x-ms-version:
      - '2018-03-28'
    method: GET
    uri: https://pyacrstoragea9f9175f.queue.core.windows.net/messagequeue/messages
  response:
    body:
      string: "\uFEFF<?xml version=\"1.0\" encoding=\"utf-8\"?><QueueMessagesList><QueueMessage><MessageId>dcb17b33-2a7a-4c16-aeb7-c1e641fcc3d4</MessageId><InsertionTime>Wed,
        16 Oct 2019 06:56:26 GMT</InsertionTime><ExpirationTime>Wed, 23 Oct 2019 06:56:26
        GMT</ExpirationTime><PopReceipt>AgAAAAMAAAAAAAAAUrdP5u6D1QE=</PopReceipt><TimeNextVisible>Wed,
        16 Oct 2019 06:56:56 GMT</TimeNextVisible><DequeueCount>1</DequeueCount><MessageText>message5</MessageText></QueueMessage></QueueMessagesList>"
    headers:
      cache-control:
      - no-cache
      content-type:
      - application/xml
      date:
      - Wed, 16 Oct 2019 06:56:25 GMT
      server:
      - Windows-Azure-Queue/1.0 Microsoft-HTTPAPI/2.0
      transfer-encoding:
      - chunked
      x-ms-version:
      - '2018-03-28'
    status:
      code: 200
      message: OK
- request:
    body: null
    headers:
      Accept:
      - application/xml
      Accept-Encoding:
      - gzip, deflate
      Connection:
      - keep-alive
      User-Agent:
      - azsdk-python-storage-queue/12.0.0b4 Python/3.7.3 (Windows-10-10.0.17763-SP0)
      x-ms-date:
      - Wed, 16 Oct 2019 06:56:27 GMT
      x-ms-version:
      - '2018-03-28'
    method: GET
    uri: https://pyacrstoragea9f9175f.queue.core.windows.net/messagequeue/messages
  response:
    body:
      string: "\uFEFF<?xml version=\"1.0\" encoding=\"utf-8\"?><QueueMessagesList
        />"
    headers:
      cache-control:
      - no-cache
      content-type:
      - application/xml
      date:
      - Wed, 16 Oct 2019 06:56:25 GMT
      server:
      - Windows-Azure-Queue/1.0 Microsoft-HTTPAPI/2.0
      transfer-encoding:
      - chunked
      x-ms-version:
      - '2018-03-28'
    status:
      code: 200
      message: OK
- request:
    body: null
    headers:
      Accept:
      - application/xml
      Accept-Encoding:
      - gzip, deflate
      Connection:
      - keep-alive
      User-Agent:
      - azsdk-python-storage-queue/12.0.0b4 Python/3.7.3 (Windows-10-10.0.17763-SP0)
      x-ms-date:
      - Wed, 16 Oct 2019 06:56:27 GMT
      x-ms-version:
      - '2018-03-28'
    method: GET
    uri: https://pyacrstoragea9f9175f.queue.core.windows.net/messagequeue/messages?numofmessages=5
  response:
    body:
      string: "\uFEFF<?xml version=\"1.0\" encoding=\"utf-8\"?><QueueMessagesList
        />"
    headers:
      cache-control:
      - no-cache
      content-type:
      - application/xml
      date:
      - Wed, 16 Oct 2019 06:56:25 GMT
      server:
      - Windows-Azure-Queue/1.0 Microsoft-HTTPAPI/2.0
      transfer-encoding:
      - chunked
      x-ms-version:
      - '2018-03-28'
    status:
      code: 200
      message: OK
- request:
    body: null
    headers:
      Accept:
      - '*/*'
      Accept-Encoding:
      - gzip, deflate
      Connection:
      - keep-alive
      Content-Length:
      - '0'
      User-Agent:
      - azsdk-python-storage-queue/12.0.0b4 Python/3.7.3 (Windows-10-10.0.17763-SP0)
      x-ms-date:
      - Wed, 16 Oct 2019 06:56:27 GMT
      x-ms-version:
      - '2018-03-28'
    method: DELETE
    uri: https://pyacrstoragea9f9175f.queue.core.windows.net/messagequeue
  response:
    body:
      string: ''
    headers:
      content-length:
      - '0'
      date:
      - Wed, 16 Oct 2019 06:56:25 GMT
      server:
      - Windows-Azure-Queue/1.0 Microsoft-HTTPAPI/2.0
      x-ms-version:
      - '2018-03-28'
    status:
      code: 204
      message: No Content
version: 1
