interactions:
- request:
    body: <?xml version="1.0" encoding="utf-8" standalone="yes"?><entry xmlns:d="http://schemas.microsoft.com/ado/2007/08/dataservices"
      xmlns:m="http://schemas.microsoft.com/ado/2007/08/dataservices/metadata" xmlns="http://www.w3.org/2005/Atom"><title></title><updated>2019-04-25T06:37:52.532063+00:00</updated><author><name></name></author><id></id><content
      type="application/xml"><QueueDescription xmlns:i="http://www.w3.org/2001/XMLSchema-instance"
      xmlns="http://schemas.microsoft.com/netservices/2010/10/servicebus/connect"></QueueDescription></content></entry>
    headers:
      Accept-Encoding:
      - gzip, deflate
      Connection:
      - keep-alive
      Content-Length:
      - '555'
      Content-Type:
      - application/atom+xml;type=entry;charset=utf-8
      User-Agent:
      - azure-servicebus/0.50.0 Azure-SDK-For-Python
    method: PUT
    uri: https://fakesbnamespace.servicebus.windows.net/utqueue652e21b9?api-version=2017-04
  response:
    body:
      string: <entry xmlns="http://www.w3.org/2005/Atom"><id>https://fakesbnamespace.servicebus.windows.net/utqueue652e21b9?api-version=2017-04</id><title
        type="text">utqueue652e21b9</title><published>2019-04-25T06:37:52Z</published><updated>2019-04-25T06:37:53Z</updated><author><name>fakesbnamespace</name></author><link
        rel="self" href="https://fakesbnamespace.servicebus.windows.net/utqueue652e21b9?api-version=2017-04"/><content
        type="application/xml"><QueueDescription xmlns="http://schemas.microsoft.com/netservices/2010/10/servicebus/connect"
        xmlns:i="http://www.w3.org/2001/XMLSchema-instance"><LockDuration>PT1M</LockDuration><MaxSizeInMegabytes>1024</MaxSizeInMegabytes><RequiresDuplicateDetection>false</RequiresDuplicateDetection><RequiresSession>false</RequiresSession><DefaultMessageTimeToLive>P10675199DT2H48M5.4775807S</DefaultMessageTimeToLive><DeadLetteringOnMessageExpiration>false</DeadLetteringOnMessageExpiration><DuplicateDetectionHistoryTimeWindow>PT10M</DuplicateDetectionHistoryTimeWindow><MaxDeliveryCount>10</MaxDeliveryCount><EnableBatchedOperations>true</EnableBatchedOperations><SizeInBytes>0</SizeInBytes><MessageCount>0</MessageCount><IsAnonymousAccessible>false</IsAnonymousAccessible><AuthorizationRules></AuthorizationRules><Status>Active</Status><CreatedAt>2019-04-25T06:37:52.97Z</CreatedAt><UpdatedAt>2019-04-25T06:37:53.077Z</UpdatedAt><SupportOrdering>true</SupportOrdering><AutoDeleteOnIdle>P10675199DT2H48M5.4775807S</AutoDeleteOnIdle><EnablePartitioning>false</EnablePartitioning><EntityAvailabilityStatus>Available</EntityAvailabilityStatus><EnableExpress>false</EnableExpress></QueueDescription></content></entry>
    headers:
      Content-Type:
      - application/atom+xml;type=entry;charset=utf-8
      Date:
      - Thu, 25 Apr 2019 06:37:52 GMT
      Server:
      - Microsoft-HTTPAPI/2.0
      Strict-Transport-Security:
      - max-age=31536000
      Transfer-Encoding:
      - chunked
    status:
      code: 201
      message: Created
- request:
    body: message with properties
    headers:
      Accept-Encoding:
      - gzip, deflate
      Connection:
      - keep-alive
      Content-Length:
      - '23'
      Content-Type:
      - application/atom+xml;type=entry;charset=utf-8
      User-Agent:
      - azure-servicebus/0.50.0 Azure-SDK-For-Python
      active:
      - 'true'
      deceased:
      - 'false'
      dob:
      - '"Wed, 14 Dec 2011 00:00:00 GMT"'
      double_quote_message:
      - '"This \"should\" work fine"'
      floating:
      - '3.14'
      hello:
      - '"world"'
      large:
      - '8555111000'
      number:
      - '42'
      quote_message:
      - '"This ''should'' work fine"'
    method: POST
    uri: https://fakesbnamespace.servicebus.windows.net/utqueue652e21b9/messages?api-version=2017-04
  response:
    body:
      string: ''
    headers:
      Content-Type:
      - application/xml; charset=utf-8
      Date:
      - Thu, 25 Apr 2019 06:37:53 GMT
      ETag:
      - '636917710730770000'
      Server:
      - Microsoft-HTTPAPI/2.0
      Strict-Transport-Security:
      - max-age=31536000
      Transfer-Encoding:
      - chunked
    status:
      code: 201
      message: Created
- request:
    body: null
    headers:
      Accept-Encoding:
      - gzip, deflate
      Connection:
      - keep-alive
      Content-Length:
      - '0'
      Content-Type:
      - application/atom+xml;type=entry;charset=utf-8
      User-Agent:
      - azure-servicebus/0.50.0 Azure-SDK-For-Python
    method: POST
    uri: https://fakesbnamespace.servicebus.windows.net/utqueue652e21b9/messages/head?timeout=5&api-version=2017-04
  response:
    body:
      string: message with properties
    headers:
      BrokerProperties:
      - '{"DeliveryCount":1,"EnqueuedSequenceNumber":0,"EnqueuedTimeUtc":"Thu, 25
        Apr 2019 06:37:53 GMT","LockToken":"a4ca3ab2-6590-4ba9-b889-c40ce0bf0d4a","LockedUntilUtc":"Thu,
        25 Apr 2019 06:38:53 GMT","MessageId":"7653cd215700473683924d7fdb4d730f","SequenceNumber":1,"State":"Active","TimeToLive":922337203685.47754}'
      Content-Type:
      - application/atom+xml;type=entry;charset=utf-8
      Date:
      - Thu, 25 Apr 2019 06:37:53 GMT
      ETag:
      - '636917710730770000'
      Location:
      - https://fakesbnamespace.servicebus.windows.net/utqueue652e21b9/messages/1/a4ca3ab2-6590-4ba9-b889-c40ce0bf0d4a
      Server:
      - Microsoft-HTTPAPI/2.0
      Strict-Transport-Security:
      - max-age=31536000
      Transfer-Encoding:
      - chunked
      active:
      - 'true'
      deceased:
      - 'false'
      dob:
      - '"Wed, 14 Dec 2011 00:00:00 GMT"'
      double_quote_message:
      - '"This \"should\" work fine"'
      floating:
      - '3.14'
      hello:
      - '"world"'
      large:
      - '8555111000'
      number:
      - '42'
      quote_message:
      - '"This ''should'' work fine"'
    status:
      code: 201
      message: Created
- request:
    body: null
    headers:
      Accept-Encoding:
      - gzip, deflate
      Connection:
      - keep-alive
      Content-Length:
      - '0'
      Content-Type:
      - application/atom+xml;type=entry;charset=utf-8
      User-Agent:
      - azure-servicebus/0.50.0 Azure-SDK-For-Python
    method: DELETE
    uri: https://fakesbnamespace.servicebus.windows.net/utqueue652e21b9/messages/1/a4ca3ab2-6590-4ba9-b889-c40ce0bf0d4a?api-version=2017-04
  response:
    body:
      string: ''
    headers:
      Content-Type:
      - application/xml; charset=utf-8
      Date:
      - Thu, 25 Apr 2019 06:37:53 GMT
      ETag:
      - '636917710730770000'
      Server:
      - Microsoft-HTTPAPI/2.0
      Strict-Transport-Security:
      - max-age=31536000
      Transfer-Encoding:
      - chunked
    status:
      code: 200
      message: OK
version: 1
