{
  "Entries": [
    {
      "RequestUri": "https://login.microsoftonline.com/72f988bf-86f1-41af-91ab-2d7cd011db47/v2.0/.well-known/openid-configuration",
      "RequestMethod": "GET",
      "RequestHeaders": {
        "Accept": "*/*",
        "Accept-Encoding": "gzip, deflate",
        "Connection": "keep-alive",
        "User-Agent": "azsdk-python-identity/1.11.0b4 Python/3.8.6 (Windows-10-10.0.22000-SP0)"
      },
      "RequestBody": null,
      "StatusCode": 200,
      "ResponseHeaders": {
        "Access-Control-Allow-Methods": "GET, OPTIONS",
        "Access-Control-Allow-Origin": "*",
        "Cache-Control": "max-age=86400, private",
        "Content-Length": "1753",
        "Content-Type": "application/json; charset=utf-8",
        "Date": "Tue, 30 Aug 2022 19:34:18 GMT",
        "P3P": "CP=\u0022DSP CUR OTPi IND OTRi ONL FIN\u0022",
        "Set-Cookie": [
          "fpc=AuMZ4IjCrxFIh7fPdvBg-99FTFx9BQAAAAxdoNoOAAAA8EIbxwUAAAAMXaDaDgAAAA; expires=Thu, 29-Sep-2022 19:34:18 GMT; path=/; secure; HttpOnly; SameSite=None",
          "x-ms-gateway-slice=estsfd; path=/; secure; samesite=none; httponly",
          "stsservicecookie=estsfd; path=/; secure; samesite=none; httponly"
        ],
        "Strict-Transport-Security": "max-age=31536000; includeSubDomains",
        "X-Content-Type-Options": "nosniff",
        "x-ms-ests-server": "2.1.13562.12 - EUS ProdSlices",
        "X-XSS-Protection": "0"
      },
      "ResponseBody": {
        "token_endpoint": "https://login.microsoftonline.com/72f988bf-86f1-41af-91ab-2d7cd011db47/oauth2/v2.0/token",
        "token_endpoint_auth_methods_supported": [
          "client_secret_post",
          "private_key_jwt",
          "client_secret_basic"
        ],
        "jwks_uri": "https://login.microsoftonline.com/72f988bf-86f1-41af-91ab-2d7cd011db47/discovery/v2.0/keys",
        "response_modes_supported": [
          "query",
          "fragment",
          "form_post"
        ],
        "subject_types_supported": [
          "pairwise"
        ],
        "id_token_signing_alg_values_supported": [
          "RS256"
        ],
        "response_types_supported": [
          "code",
          "id_token",
          "code id_token",
          "id_token token"
        ],
        "scopes_supported": [
          "openid",
          "profile",
          "email",
          "offline_access"
        ],
        "issuer": "https://login.microsoftonline.com/72f988bf-86f1-41af-91ab-2d7cd011db47/v2.0",
        "request_uri_parameter_supported": false,
        "userinfo_endpoint": "https://graph.microsoft.com/oidc/userinfo",
        "authorization_endpoint": "https://login.microsoftonline.com/72f988bf-86f1-41af-91ab-2d7cd011db47/oauth2/v2.0/authorize",
        "device_authorization_endpoint": "https://login.microsoftonline.com/72f988bf-86f1-41af-91ab-2d7cd011db47/oauth2/v2.0/devicecode",
        "http_logout_supported": true,
        "frontchannel_logout_supported": true,
        "end_session_endpoint": "https://login.microsoftonline.com/72f988bf-86f1-41af-91ab-2d7cd011db47/oauth2/v2.0/logout",
        "claims_supported": [
          "sub",
          "iss",
          "cloud_instance_name",
          "cloud_instance_host_name",
          "cloud_graph_host_name",
          "msgraph_host",
          "aud",
          "exp",
          "iat",
          "auth_time",
          "acr",
          "nonce",
          "preferred_username",
          "name",
          "tid",
          "ver",
          "at_hash",
          "c_hash",
          "email"
        ],
        "kerberos_endpoint": "https://login.microsoftonline.com/72f988bf-86f1-41af-91ab-2d7cd011db47/kerberos",
        "tenant_region_scope": "WW",
        "cloud_instance_name": "microsoftonline.com",
        "cloud_graph_host_name": "graph.windows.net",
        "msgraph_host": "graph.microsoft.com",
        "rbac_url": "https://pas.windows.net"
      }
    },
    {
      "RequestUri": "https://login.microsoftonline.com/common/discovery/instance?api-version=1.1\u0026authorization_endpoint=https://login.microsoftonline.com/common/oauth2/authorize",
      "RequestMethod": "GET",
      "RequestHeaders": {
        "Accept": "application/json",
        "Accept-Encoding": "gzip, deflate",
        "Connection": "keep-alive",
        "Cookie": "fpc=AuMZ4IjCrxFIh7fPdvBg-99FTFx9BQAAAAxdoNoOAAAA8EIbxwUAAAAMXaDaDgAAAA; stsservicecookie=estsfd; x-ms-gateway-slice=estsfd",
        "User-Agent": "azsdk-python-identity/1.11.0b4 Python/3.8.6 (Windows-10-10.0.22000-SP0)"
      },
      "RequestBody": null,
      "StatusCode": 200,
      "ResponseHeaders": {
        "Access-Control-Allow-Methods": "GET, OPTIONS",
        "Access-Control-Allow-Origin": "*",
        "Cache-Control": "max-age=86400, private",
        "Content-Length": "945",
        "Content-Type": "application/json; charset=utf-8",
        "Date": "Tue, 30 Aug 2022 19:34:18 GMT",
        "P3P": "CP=\u0022DSP CUR OTPi IND OTRi ONL FIN\u0022",
        "Set-Cookie": [
          "fpc=AuMZ4IjCrxFIh7fPdvBg-99FTFx9BQAAAAxdoNoOAAAA8EIbxwUAAAAMXaDaDgAAAA; expires=Thu, 29-Sep-2022 19:34:18 GMT; path=/; secure; HttpOnly; SameSite=None",
          "x-ms-gateway-slice=estsfd; path=/; secure; samesite=none; httponly",
          "stsservicecookie=estsfd; path=/; secure; samesite=none; httponly"
        ],
        "Strict-Transport-Security": "max-age=31536000; includeSubDomains",
        "X-Content-Type-Options": "nosniff",
        "x-ms-ests-server": "2.1.13562.12 - NCUS ProdSlices",
        "X-XSS-Protection": "0"
      },
      "ResponseBody": {
        "tenant_discovery_endpoint": "https://login.microsoftonline.com/common/.well-known/openid-configuration",
        "api-version": "1.1",
        "metadata": [
          {
            "preferred_network": "login.microsoftonline.com",
            "preferred_cache": "login.windows.net",
            "aliases": [
              "login.microsoftonline.com",
              "login.windows.net",
              "login.microsoft.com",
              "sts.windows.net"
            ]
          },
          {
            "preferred_network": "login.partner.microsoftonline.cn",
            "preferred_cache": "login.partner.microsoftonline.cn",
            "aliases": [
              "login.partner.microsoftonline.cn",
              "login.chinacloudapi.cn"
            ]
          },
          {
            "preferred_network": "login.microsoftonline.de",
            "preferred_cache": "login.microsoftonline.de",
            "aliases": [
              "login.microsoftonline.de"
            ]
          },
          {
            "preferred_network": "login.microsoftonline.us",
            "preferred_cache": "login.microsoftonline.us",
            "aliases": [
              "login.microsoftonline.us",
              "login.usgovcloudapi.net"
            ]
          },
          {
            "preferred_network": "login-us.microsoftonline.com",
            "preferred_cache": "login-us.microsoftonline.com",
            "aliases": [
              "login-us.microsoftonline.com"
            ]
          }
        ]
      }
    },
    {
      "RequestUri": "https://login.microsoftonline.com/72f988bf-86f1-41af-91ab-2d7cd011db47/oauth2/v2.0/token",
      "RequestMethod": "POST",
      "RequestHeaders": {
        "Accept": "application/json",
        "Accept-Encoding": "gzip, deflate",
        "client-request-id": "c4923436-0cc2-462c-8346-04d24f2f32a6",
        "Connection": "keep-alive",
        "Content-Length": "284",
        "Content-Type": "application/x-www-form-urlencoded",
        "Cookie": "fpc=AuMZ4IjCrxFIh7fPdvBg-99FTFx9BQAAAAxdoNoOAAAA8EIbxwUAAAAMXaDaDgAAAA; stsservicecookie=estsfd; x-ms-gateway-slice=estsfd",
        "User-Agent": "azsdk-python-identity/1.11.0b4 Python/3.8.6 (Windows-10-10.0.22000-SP0)",
        "x-client-cpu": "x64",
        "x-client-current-telemetry": "4|730,0|",
        "x-client-last-telemetry": "4|0|||",
        "x-client-os": "win32",
        "x-client-sku": "MSAL.Python",
        "x-client-ver": "1.18.0",
        "x-ms-lib-capability": "retry-after, h429"
      },
      "RequestBody": "client_id=5019366a-3f7a-4d18-adae-d2483c23e1ee\u0026grant_type=client_credentials\u0026client_info=1\u0026client_secret=5FL8Q~~BBdJpY_y.KpA94zzLZv2Czg.uYQAmfaMZ\u0026claims=%7B%22access_token%22%3A\u002B%7B%22xms_cc%22%3A\u002B%7B%22values%22%3A\u002B%5B%22CP1%22%5D%7D%7D%7D\u0026scope=https%3A%2F%2Fml.azure.com%2F.default",
      "StatusCode": 200,
      "ResponseHeaders": {
        "Cache-Control": "no-store, no-cache",
        "client-request-id": "c4923436-0cc2-462c-8346-04d24f2f32a6",
        "Content-Length": "111",
        "Content-Type": "application/json; charset=utf-8",
        "Date": "Tue, 30 Aug 2022 19:34:18 GMT",
        "Expires": "-1",
        "P3P": "CP=\u0022DSP CUR OTPi IND OTRi ONL FIN\u0022",
        "Pragma": "no-cache",
        "Set-Cookie": [
          "fpc=AuMZ4IjCrxFIh7fPdvBg-99FTFx9BQAAAAxdoNoOAAAA8EIbxwUAAAAMXaDaDgAAAA; expires=Thu, 29-Sep-2022 19:34:19 GMT; path=/; secure; HttpOnly; SameSite=None",
          "x-ms-gateway-slice=estsfd; path=/; secure; samesite=none; httponly",
          "stsservicecookie=estsfd; path=/; secure; samesite=none; httponly"
        ],
        "Strict-Transport-Security": "max-age=31536000; includeSubDomains",
        "X-Content-Type-Options": "nosniff",
        "x-ms-clitelem": "1,0,0,,",
        "x-ms-ests-server": "2.1.13562.12 - SCUS ProdSlices",
        "X-XSS-Protection": "0"
      },
      "ResponseBody": {
        "token_type": "Bearer",
        "expires_in": 86399,
        "ext_expires_in": 86399,
        "refresh_in": 43199,
        "access_token": "Sanitized"
      }
    },
    {
      "RequestUri": "https://login.microsoftonline.com/72f988bf-86f1-41af-91ab-2d7cd011db47/oauth2/v2.0/token",
      "RequestMethod": "POST",
      "RequestHeaders": {
        "Accept": "application/json",
        "Accept-Encoding": "gzip, deflate",
        "client-request-id": "11d66d5e-6bb4-4778-b4f1-b1809a099bfd",
        "Connection": "keep-alive",
        "Content-Length": "292",
        "Content-Type": "application/x-www-form-urlencoded",
        "Cookie": "fpc=AuMZ4IjCrxFIh7fPdvBg-99FTFx9BQAAAAxdoNoOAAAA8EIbxwUAAAAMXaDaDgAAAA; stsservicecookie=estsfd; x-ms-gateway-slice=estsfd",
        "User-Agent": "azsdk-python-identity/1.11.0b4 Python/3.8.6 (Windows-10-10.0.22000-SP0)",
        "x-client-cpu": "x64",
        "x-client-current-telemetry": "4|730,0|",
        "x-client-last-telemetry": "4|0|||",
        "x-client-os": "win32",
        "x-client-sku": "MSAL.Python",
        "x-client-ver": "1.18.0",
        "x-ms-lib-capability": "retry-after, h429"
      },
      "RequestBody": "client_id=5019366a-3f7a-4d18-adae-d2483c23e1ee\u0026grant_type=client_credentials\u0026client_info=1\u0026client_secret=5FL8Q~~BBdJpY_y.KpA94zzLZv2Czg.uYQAmfaMZ\u0026claims=%7B%22access_token%22%3A\u002B%7B%22xms_cc%22%3A\u002B%7B%22values%22%3A\u002B%5B%22CP1%22%5D%7D%7D%7D\u0026scope=https%3A%2F%2Fmanagement.azure.com%2F.default",
      "StatusCode": 200,
      "ResponseHeaders": {
        "Cache-Control": "no-store, no-cache",
        "client-request-id": "11d66d5e-6bb4-4778-b4f1-b1809a099bfd",
        "Content-Length": "111",
        "Content-Type": "application/json; charset=utf-8",
        "Date": "Tue, 30 Aug 2022 19:34:18 GMT",
        "Expires": "-1",
        "P3P": "CP=\u0022DSP CUR OTPi IND OTRi ONL FIN\u0022",
        "Pragma": "no-cache",
        "Set-Cookie": [
          "fpc=AuMZ4IjCrxFIh7fPdvBg-99FTFx9BQAAAAxdoNoOAAAA8EIbxwYAAAAMXaDaDgAAAA; expires=Thu, 29-Sep-2022 19:34:19 GMT; path=/; secure; HttpOnly; SameSite=None",
          "x-ms-gateway-slice=estsfd; path=/; secure; samesite=none; httponly",
          "stsservicecookie=estsfd; path=/; secure; samesite=none; httponly"
        ],
        "Strict-Transport-Security": "max-age=31536000; includeSubDomains",
        "X-Content-Type-Options": "nosniff",
        "x-ms-clitelem": "1,0,0,,",
        "x-ms-ests-server": "2.1.13562.12 - SCUS ProdSlices",
        "X-XSS-Protection": "0"
      },
      "ResponseBody": {
        "token_type": "Bearer",
        "expires_in": 86399,
        "ext_expires_in": 86399,
        "refresh_in": 43199,
        "access_token": "Sanitized"
      }
    },
    {
      "RequestUri": "https://management.azure.com/subscriptions/00000000-0000-0000-0000-000000000/resourceGroups/00000/providers/Microsoft.MachineLearningServices/workspaces/00000/jobs/test_100033112761?api-version=2022-06-01-preview",
      "RequestMethod": "PUT",
      "RequestHeaders": {
        "Accept": "application/json",
        "Accept-Encoding": "gzip, deflate",
        "Connection": "keep-alive",
        "Content-Length": "906",
        "Content-Type": "application/json",
        "User-Agent": "azure-ai-ml/0.0.139 azsdk-python-mgmt-machinelearningservices/0.1.0 Python/3.8.6 (Windows-10-10.0.22000-SP0)"
      },
      "RequestBody": {
        "properties": {
          "description": "test_description",
          "computeId": "/subscriptions/00000000-0000-0000-0000-000000000/resourceGroups/00000/providers/Microsoft.MachineLearningServices/workspaces/00000/computes/DataFactory",
          "displayName": "test_display_name",
          "experimentName": "azure-ai-ml",
          "isArchived": false,
          "jobType": "Command",
          "command": "import",
          "environmentId": "/subscriptions/00000000-0000-0000-0000-000000000/resourceGroups/00000/providers/Microsoft.MachineLearningServices/workspaces/00000/environments/AzureML-sklearn-0.24-ubuntu18.04-py37-cpu",
          "inputs": {
            "type": {
              "jobInputType": "literal",
              "value": "azuresqldb"
            },
            "connection": {
              "jobInputType": "literal",
              "value": "azureml:my_username_password"
            },
            "query": {
              "jobInputType": "literal",
              "value": "select * from REGION"
            }
          },
          "outputs": {
            "output": {
              "uri": "azureml://datastores/workspaceblobstore/paths/output_dir/",
              "jobOutputType": "mltable"
            }
          }
        }
      },
      "StatusCode": 201,
      "ResponseHeaders": {
        "Cache-Control": "no-cache",
        "Content-Length": "3048",
        "Content-Type": "application/json; charset=utf-8",
        "Date": "Tue, 30 Aug 2022 19:34:21 GMT",
        "Expires": "-1",
        "Location": "https://management.azure.com/subscriptions/00000000-0000-0000-0000-000000000/resourceGroups/00000/providers/Microsoft.MachineLearningServices/workspaces/00000/jobs/test_100033112761?api-version=2022-06-01-preview",
        "Pragma": "no-cache",
        "Request-Context": "appId=cid-v1:17d65b70-e9ce-4ed5-9347-1f660ec782e9",
        "Server-Timing": "traceparent;desc=\u002200-3b12903d06fad04cc74922018cddecb2-263364c8eaeaa5cc-01\u0022",
        "Strict-Transport-Security": "max-age=31536000; includeSubDomains",
        "x-aml-cluster": "vienna-eastus2euap-01",
        "X-Content-Type-Options": "nosniff",
        "x-ms-correlation-request-id": "2d8f5039-9284-4631-9852-153e3e192594",
        "x-ms-ratelimit-remaining-subscription-writes": "1185",
        "x-ms-response-type": "standard",
        "x-ms-routing-request-id": "CANADACENTRAL:20220830T193421Z:2d8f5039-9284-4631-9852-153e3e192594",
        "x-request-time": "0.673"
      },
      "ResponseBody": {
        "id": "/subscriptions/00000000-0000-0000-0000-000000000/resourceGroups/00000/providers/Microsoft.MachineLearningServices/workspaces/00000/jobs/test_100033112761",
        "name": "test_100033112761",
        "type": "Microsoft.MachineLearningServices/workspaces/jobs",
        "properties": {
          "description": "test_description",
          "tags": {},
          "properties": {
            "_azureml.ComputeTargetType": "adf"
          },
          "displayName": "test_display_name",
          "status": "Starting",
          "experimentName": "azure-ai-ml",
          "services": {
            "Tracking": {
              "jobServiceType": "Tracking",
              "port": null,
              "endpoint": "azureml://eastus2euap.api.azureml.ms/mlflow/v1.0/subscriptions/00000000-0000-0000-0000-000000000/resourceGroups/00000/providers/Microsoft.MachineLearningServices/workspaces/00000?",
              "status": null,
              "errorMessage": null,
              "properties": null
            },
            "Studio": {
              "jobServiceType": "Studio",
              "port": null,
              "endpoint": "https://ml.azure.com/runs/test_100033112761?wsid=/subscriptions/00000000-0000-0000-0000-000000000/resourcegroups/00000/workspaces/00000",
              "status": null,
              "errorMessage": null,
              "properties": null
            }
          },
          "computeId": "/subscriptions/00000000-0000-0000-0000-000000000/resourceGroups/00000/providers/Microsoft.MachineLearningServices/workspaces/00000/computes/DataFactory",
          "isArchived": false,
          "identity": null,
          "componentId": null,
          "jobType": "Command",
          "resources": {
            "instanceCount": 1,
            "instanceType": null,
            "properties": null,
            "shmSize": "2g",
            "dockerArgs": null
          },
          "codeId": null,
          "command": "import",
          "environmentId": "/subscriptions/00000000-0000-0000-0000-000000000/resourceGroups/00000/providers/Microsoft.MachineLearningServices/workspaces/00000/environments/AzureML-sklearn-0.24-ubuntu18.04-py37-cpu",
          "inputs": {
            "type": {
              "description": null,
              "jobInputType": "literal",
              "value": "azuresqldb"
            },
            "connection": {
              "description": null,
              "jobInputType": "literal",
              "value": "azureml:my_username_password"
            },
            "query": {
              "description": null,
              "jobInputType": "literal",
              "value": "select * from REGION"
            }
          },
          "outputs": {
            "output": {
              "description": null,
              "uri": "azureml://datastores/workspaceblobstore/paths/output_dir/",
              "mode": "ReadWriteMount",
              "jobOutputType": "mltable"
            },
            "default": {
              "description": null,
              "uri": "azureml://datastores/workspaceartifactstore/ExperimentRun/dcid.test_100033112761",
              "mode": "ReadWriteMount",
              "jobOutputType": "uri_folder"
            }
          },
          "distribution": null,
          "limits": null,
          "environmentVariables": null,
          "parameters": {}
        },
        "systemData": {
          "createdAt": "2022-08-30T19:34:21.1326109\u002B00:00",
          "createdBy": "5019366a-3f7a-4d18-adae-d2483c23e1ee",
          "createdByType": "Application"
        }
      }
    },
    {
      "RequestUri": "https://management.azure.com/subscriptions/00000000-0000-0000-0000-000000000/resourceGroups/00000/providers/Microsoft.MachineLearningServices/workspaces/00000/jobs/test_100033112761?api-version=2022-06-01-preview",
      "RequestMethod": "GET",
      "RequestHeaders": {
        "Accept": "application/json",
        "Accept-Encoding": "gzip, deflate",
        "Connection": "keep-alive",
        "User-Agent": "azure-ai-ml/0.0.139 azsdk-python-mgmt-machinelearningservices/0.1.0 Python/3.8.6 (Windows-10-10.0.22000-SP0)"
      },
      "RequestBody": null,
      "StatusCode": 200,
      "ResponseHeaders": {
        "Cache-Control": "no-cache",
        "Content-Encoding": "gzip",
        "Content-Type": "application/json; charset=utf-8",
        "Date": "Tue, 30 Aug 2022 19:34:23 GMT",
        "Expires": "-1",
        "Pragma": "no-cache",
        "Request-Context": "appId=cid-v1:17d65b70-e9ce-4ed5-9347-1f660ec782e9",
        "Server-Timing": "traceparent;desc=\u002200-bed1171867bae5416ca377aeaf015e6e-6784a41be0d5ebd5-01\u0022",
        "Strict-Transport-Security": "max-age=31536000; includeSubDomains",
        "Transfer-Encoding": "chunked",
        "Vary": [
          "Accept-Encoding",
          "Accept-Encoding"
        ],
        "x-aml-cluster": "vienna-eastus2euap-01",
        "X-Content-Type-Options": "nosniff",
        "x-ms-correlation-request-id": "6b4cccbc-8e8d-490f-9c7c-82958e12bb75",
        "x-ms-ratelimit-remaining-subscription-reads": "11982",
        "x-ms-response-type": "standard",
        "x-ms-routing-request-id": "CANADACENTRAL:20220830T193423Z:6b4cccbc-8e8d-490f-9c7c-82958e12bb75",
        "x-request-time": "0.066"
      },
      "ResponseBody": {
        "id": "/subscriptions/00000000-0000-0000-0000-000000000/resourceGroups/00000/providers/Microsoft.MachineLearningServices/workspaces/00000/jobs/test_100033112761",
        "name": "test_100033112761",
        "type": "Microsoft.MachineLearningServices/workspaces/jobs",
        "properties": {
          "description": "test_description",
          "tags": {},
          "properties": {
            "_azureml.ComputeTargetType": "adf"
          },
          "displayName": "test_display_name",
          "status": "Failed",
          "experimentName": "azure-ai-ml",
          "services": {
            "Tracking": {
              "jobServiceType": "Tracking",
              "port": null,
              "endpoint": "azureml://eastus2euap.api.azureml.ms/mlflow/v1.0/subscriptions/00000000-0000-0000-0000-000000000/resourceGroups/00000/providers/Microsoft.MachineLearningServices/workspaces/00000?",
              "status": null,
              "errorMessage": null,
              "properties": null
            },
            "Studio": {
              "jobServiceType": "Studio",
              "port": null,
              "endpoint": "https://ml.azure.com/runs/test_100033112761?wsid=/subscriptions/00000000-0000-0000-0000-000000000/resourcegroups/00000/workspaces/00000",
              "status": null,
              "errorMessage": null,
              "properties": null
            }
          },
          "computeId": "/subscriptions/00000000-0000-0000-0000-000000000/resourceGroups/00000/providers/Microsoft.MachineLearningServices/workspaces/00000/computes/DataFactory",
          "isArchived": false,
          "identity": null,
          "componentId": null,
          "jobType": "Command",
          "resources": {
            "instanceCount": 1,
            "instanceType": null,
            "properties": null,
            "shmSize": "2g",
            "dockerArgs": null
          },
          "codeId": null,
          "command": "import",
          "environmentId": "/subscriptions/00000000-0000-0000-0000-000000000/resourceGroups/00000/providers/Microsoft.MachineLearningServices/workspaces/00000/environments/AzureML-sklearn-0.24-ubuntu18.04-py37-cpu",
          "inputs": {
            "type": {
              "description": null,
              "jobInputType": "literal",
              "value": "azuresqldb"
            },
            "connection": {
              "description": null,
              "jobInputType": "literal",
              "value": "azureml:my_username_password"
            },
            "query": {
              "description": null,
              "jobInputType": "literal",
              "value": "select * from REGION"
            }
          },
          "outputs": {
            "output": {
              "description": null,
              "uri": "azureml://datastores/workspaceblobstore/paths/output_dir/",
              "mode": "ReadWriteMount",
              "jobOutputType": "mltable"
            },
            "default": {
              "description": null,
              "uri": "azureml://datastores/workspaceartifactstore/ExperimentRun/dcid.test_100033112761",
              "mode": "ReadWriteMount",
              "jobOutputType": "uri_folder"
            }
          },
          "distribution": null,
          "limits": null,
          "environmentVariables": null,
          "parameters": {}
        },
        "systemData": {
          "createdAt": "2022-08-30T19:34:21.1326109\u002B00:00",
          "createdBy": "5019366a-3f7a-4d18-adae-d2483c23e1ee",
          "createdByType": "Application"
        }
      }
    },
    {
      "RequestUri": "https://management.azure.com/subscriptions/00000000-0000-0000-0000-000000000/providers/Microsoft.MachineLearningServices/locations/eastus2euap/mfeOperationResults/jc:b2816e44-648c-4c45-aa23-db43f36fc99d:000000000000000000000?api-version=2022-06-01-preview",
      "RequestMethod": "GET",
      "RequestHeaders": {
        "Accept": "*/*",
        "Accept-Encoding": "gzip, deflate",
        "Connection": "keep-alive",
        "User-Agent": "azure-ai-ml/0.0.139 azsdk-python-mgmt-machinelearningservices/0.1.0 Python/3.8.6 (Windows-10-10.0.22000-SP0)"
      },
      "RequestBody": null,
      "StatusCode": 200,
      "ResponseHeaders": {
        "Cache-Control": "no-cache",
        "Content-Length": "0",
        "Date": "Tue, 30 Aug 2022 19:34:25 GMT",
        "Expires": "-1",
        "Pragma": "no-cache",
        "Request-Context": "appId=cid-v1:17d65b70-e9ce-4ed5-9347-1f660ec782e9",
        "Server-Timing": "traceparent;desc=\u002200-80890f6269909627f2a96d98ed3099cc-a642839c632f94c1-01\u0022",
        "Strict-Transport-Security": "max-age=31536000; includeSubDomains",
        "x-aml-cluster": "vienna-eastus2euap-02",
        "X-Content-Type-Options": "nosniff",
        "x-ms-correlation-request-id": "d1ae17ae-1e8d-4f49-a87f-f0eabccad0cb",
        "x-ms-ratelimit-remaining-subscription-reads": "11981",
        "x-ms-response-type": "standard",
        "x-ms-routing-request-id": "CANADACENTRAL:20220830T193425Z:d1ae17ae-1e8d-4f49-a87f-f0eabccad0cb",
        "x-request-time": "0.059"
      },
      "ResponseBody": null
    },
    {
      "RequestUri": "https://management.azure.com/subscriptions/00000000-0000-0000-0000-000000000/resourceGroups/00000/providers/Microsoft.MachineLearningServices/workspaces/00000/jobs/test_100033112761?api-version=2022-06-01-preview",
      "RequestMethod": "GET",
      "RequestHeaders": {
        "Accept": "application/json",
        "Accept-Encoding": "gzip, deflate",
        "Connection": "keep-alive",
        "User-Agent": "azure-ai-ml/0.0.139 azsdk-python-mgmt-machinelearningservices/0.1.0 Python/3.8.6 (Windows-10-10.0.22000-SP0)"
      },
      "RequestBody": null,
      "StatusCode": 200,
      "ResponseHeaders": {
        "Cache-Control": "no-cache",
        "Content-Encoding": "gzip",
        "Content-Type": "application/json; charset=utf-8",
        "Date": "Tue, 30 Aug 2022 19:34:25 GMT",
        "Expires": "-1",
        "Pragma": "no-cache",
        "Request-Context": "appId=cid-v1:17d65b70-e9ce-4ed5-9347-1f660ec782e9",
        "Server-Timing": "traceparent;desc=\u002200-e5ab036ec4fd0b1892f00b283e38126b-a44c1e3ec1ae4513-01\u0022",
        "Strict-Transport-Security": "max-age=31536000; includeSubDomains",
        "Transfer-Encoding": "chunked",
        "Vary": [
          "Accept-Encoding",
          "Accept-Encoding"
        ],
        "x-aml-cluster": "vienna-eastus2euap-01",
        "X-Content-Type-Options": "nosniff",
        "x-ms-correlation-request-id": "a20d9715-46b3-4bc4-aef8-4a0ef486c1c2",
        "x-ms-ratelimit-remaining-subscription-reads": "11980",
        "x-ms-response-type": "standard",
        "x-ms-routing-request-id": "CANADACENTRAL:20220830T193425Z:a20d9715-46b3-4bc4-aef8-4a0ef486c1c2",
        "x-request-time": "0.044"
      },
      "ResponseBody": {
        "id": "/subscriptions/00000000-0000-0000-0000-000000000/resourceGroups/00000/providers/Microsoft.MachineLearningServices/workspaces/00000/jobs/test_100033112761",
        "name": "test_100033112761",
        "type": "Microsoft.MachineLearningServices/workspaces/jobs",
        "properties": {
          "description": "test_description",
          "tags": {},
          "properties": {
            "_azureml.ComputeTargetType": "adf"
          },
          "displayName": "test_display_name",
          "status": "Failed",
          "experimentName": "azure-ai-ml",
          "services": {
            "Tracking": {
              "jobServiceType": "Tracking",
              "port": null,
              "endpoint": "azureml://eastus2euap.api.azureml.ms/mlflow/v1.0/subscriptions/00000000-0000-0000-0000-000000000/resourceGroups/00000/providers/Microsoft.MachineLearningServices/workspaces/00000?",
              "status": null,
              "errorMessage": null,
              "properties": null
            },
            "Studio": {
              "jobServiceType": "Studio",
              "port": null,
              "endpoint": "https://ml.azure.com/runs/test_100033112761?wsid=/subscriptions/00000000-0000-0000-0000-000000000/resourcegroups/00000/workspaces/00000",
              "status": null,
              "errorMessage": null,
              "properties": null
            }
          },
          "computeId": "/subscriptions/00000000-0000-0000-0000-000000000/resourceGroups/00000/providers/Microsoft.MachineLearningServices/workspaces/00000/computes/DataFactory",
          "isArchived": false,
          "identity": null,
          "componentId": null,
          "jobType": "Command",
          "resources": {
            "instanceCount": 1,
            "instanceType": null,
            "properties": null,
            "shmSize": "2g",
            "dockerArgs": null
          },
          "codeId": null,
          "command": "import",
          "environmentId": "/subscriptions/00000000-0000-0000-0000-000000000/resourceGroups/00000/providers/Microsoft.MachineLearningServices/workspaces/00000/environments/AzureML-sklearn-0.24-ubuntu18.04-py37-cpu",
          "inputs": {
            "type": {
              "description": null,
              "jobInputType": "literal",
              "value": "azuresqldb"
            },
            "connection": {
              "description": null,
              "jobInputType": "literal",
              "value": "azureml:my_username_password"
            },
            "query": {
              "description": null,
              "jobInputType": "literal",
              "value": "select * from REGION"
            }
          },
          "outputs": {
            "output": {
              "description": null,
              "uri": "azureml://datastores/workspaceblobstore/paths/output_dir/",
              "mode": "ReadWriteMount",
              "jobOutputType": "mltable"
            },
            "default": {
              "description": null,
              "uri": "azureml://datastores/workspaceartifactstore/ExperimentRun/dcid.test_100033112761",
              "mode": "ReadWriteMount",
              "jobOutputType": "uri_folder"
            }
          },
          "distribution": null,
          "limits": null,
          "environmentVariables": null,
          "parameters": {}
        },
        "systemData": {
          "createdAt": "2022-08-30T19:34:21.1326109\u002B00:00",
          "createdBy": "5019366a-3f7a-4d18-adae-d2483c23e1ee",
          "createdByType": "Application"
        }
      }
    },
    {
      "RequestUri": "https://management.azure.com/subscriptions/00000000-0000-0000-0000-000000000/resourceGroups/00000/providers/Microsoft.MachineLearningServices/workspaces/00000?api-version=2022-05-01",
      "RequestMethod": "GET",
      "RequestHeaders": {
        "Accept": "application/json",
        "Accept-Encoding": "gzip, deflate",
        "Connection": "keep-alive",
        "User-Agent": "azure-ai-ml/0.0.139 azsdk-python-mgmt-machinelearningservices/0.1.0 Python/3.8.6 (Windows-10-10.0.22000-SP0)"
      },
      "RequestBody": null,
      "StatusCode": 200,
      "ResponseHeaders": {
        "Cache-Control": "no-cache",
        "Content-Encoding": "gzip",
        "Content-Type": "application/json; charset=utf-8",
        "Date": "Tue, 30 Aug 2022 19:34:25 GMT",
        "Expires": "-1",
        "Pragma": "no-cache",
        "Request-Context": "appId=cid-v1:17d65b70-e9ce-4ed5-9347-1f660ec782e9",
        "Server-Timing": "traceparent;desc=\u002200-a393430b5a00a9e99bc63c3e51ade73b-fb94caec63515287-01\u0022",
        "Strict-Transport-Security": "max-age=31536000; includeSubDomains",
        "Transfer-Encoding": "chunked",
        "Vary": [
          "Accept-Encoding",
          "Accept-Encoding"
        ],
        "x-aml-cluster": "vienna-eastus2euap-01",
        "X-Content-Type-Options": "nosniff",
        "x-ms-correlation-request-id": "db9ea484-c11d-4b6a-a372-280880db7389",
        "x-ms-ratelimit-remaining-subscription-reads": "11979",
        "x-ms-response-type": "standard",
        "x-ms-routing-request-id": "CANADACENTRAL:20220830T193425Z:db9ea484-c11d-4b6a-a372-280880db7389",
        "x-request-time": "0.024"
      },
      "ResponseBody": {
        "id": "/subscriptions/00000000-0000-0000-0000-000000000/resourceGroups/00000/providers/Microsoft.MachineLearningServices/workspaces/00000",
        "name": "00000",
        "type": "Microsoft.MachineLearningServices/workspaces",
        "location": "eastus2euap",
        "tags": {},
        "etag": null,
        "properties": {
          "friendlyName": "00000",
          "description": "",
          "storageAccount": "/subscriptions/00000000-0000-0000-0000-000000000/resourceGroups/00000/providers/Microsoft.Storage/storageAccounts/saoysf6qlc2adec",
          "keyVault": "/subscriptions/00000000-0000-0000-0000-000000000/resourceGroups/00000/providers/Microsoft.Keyvault/vaults/kvtesttyj23wi3ragmm",
          "applicationInsights": "/subscriptions/00000000-0000-0000-0000-000000000/resourceGroups/00000/providers/Microsoft.insights/components/aioysf6qlc2adec",
          "hbiWorkspace": false,
          "tenantId": "72f988bf-86f1-41af-91ab-2d7cd011db47",
          "imageBuildCompute": null,
          "provisioningState": "Succeeded",
          "v1LegacyMode": false,
          "softDeleteEnabled": false,
          "containerRegistry": "/subscriptions/00000000-0000-0000-0000-000000000/resourceGroups/00000/providers/Microsoft.ContainerRegistry/registries/croysf6qlc2adec",
          "notebookInfo": {
            "resourceId": "488406ddf4df47838cf872cb87d63f29",
            "fqdn": "ml-sdkvnextcli-eastus2euap-b2816e44-648c-4c45-aa23-db43f36fc99d.eastus2euap.notebooks.azure.net",
            "isPrivateLinkEnabled": false,
            "notebookPreparationError": null
          },
          "storageHnsEnabled": false,
          "workspaceId": "b2816e44-648c-4c45-aa23-db43f36fc99d",
          "linkedModelInventoryArmId": null,
          "privateLinkCount": 0,
          "publicNetworkAccess": "Enabled",
          "discoveryUrl": "https://eastus2euap.api.azureml.ms/discovery",
          "mlFlowTrackingUri": "azureml://eastus2euap.api.azureml.ms/mlflow/v1.0/subscriptions/00000000-0000-0000-0000-000000000/resourceGroups/00000/providers/Microsoft.MachineLearningServices/workspaces/00000",
          "sdkTelemetryAppInsightsKey": "a8e1f1e9-194b-4beb-a878-fceea1cbcd3a",
          "sasGetterUri": ""
        },
        "identity": {
          "type": "SystemAssigned",
          "principalId": "803b0816-c871-460b-b69b-370238561583",
          "tenantId": "72f988bf-86f1-41af-91ab-2d7cd011db47"
        },
        "sku": {
          "name": "Basic",
          "tier": "Basic"
        },
        "systemData": {
          "createdAt": "2022-08-29T00:06:37.1921588Z",
          "createdBy": "10832f61-6ea1-44eb-9622-85f30271eec4",
          "createdByType": "Application",
          "lastModifiedAt": "2022-08-30T19:00:06.1387094Z",
          "lastModifiedBy": "10832f61-6ea1-44eb-9622-85f30271eec4",
          "lastModifiedByType": "Application"
        }
      }
    },
    {
      "RequestUri": "https://eastus2euap.api.azureml.ms/discovery",
      "RequestMethod": "GET",
      "RequestHeaders": {
        "Accept": "*/*",
        "Accept-Encoding": "gzip, deflate",
        "Connection": "keep-alive",
        "User-Agent": "azure-ai-ml/0.0.139 azsdk-python-core/1.25.1 Python/3.8.6 (Windows-10-10.0.22000-SP0)"
      },
      "RequestBody": null,
      "StatusCode": 200,
      "ResponseHeaders": {
        "Access-Control-Allow-Credentials": "false",
        "Access-Control-Allow-Origin": "*",
        "Access-Control-Expose-Headers": "Content-Length, Content-Range, Content-Type, Retry-After, Location, x-request-time, x-ms-client-request-id",
        "Access-Control-Max-Age": "2520",
        "Connection": "keep-alive",
        "Content-Encoding": "gzip",
        "Content-Type": "application/json; charset=utf-8",
        "Date": "Tue, 30 Aug 2022 19:34:26 GMT",
        "Request-Context": "appId=cid-v1:17d65b70-e9ce-4ed5-9347-1f660ec782e9",
        "Server-Timing": "traceparent;desc=\u002200-d26b22be968245d502be48052db0bd0d-4484cc7c1194d344-00\u0022",
        "Strict-Transport-Security": "max-age=15724800; includeSubDomains; preload",
        "Transfer-Encoding": "chunked",
        "Vary": "Accept-Encoding",
        "x-aml-cluster": "vienna-eastus2euap-01",
        "X-Content-Type-Options": [
          "nosniff",
          "nosniff"
        ],
        "x-ms-response-type": "standard",
        "x-request-time": "0.008"
      },
      "ResponseBody": {
        "api": "https://eastus2euap.api.azureml.ms",
        "catalog": "https://catalog.cortanaanalytics.com",
        "experimentation": "https://eastus2euap.experiments.azureml.net",
        "gallery": "https://gallery.cortanaintelligence.com/project",
        "history": "https://eastus2euap.experiments.azureml.net",
        "hyperdrive": "https://eastus2euap.experiments.azureml.net",
        "labeling": "https://eastus2euap.experiments.azureml.net",
        "modelmanagement": "https://eastus2euap.modelmanagement.azureml.net",
        "pipelines": "https://eastus2euap.aether.ms",
        "studio": "https://ml.azure.com"
      }
    },
    {
      "RequestUri": "https://eastus2euap.api.azureml.ms/history/v1.0/subscriptions/00000000-0000-0000-0000-000000000/resourceGroups/00000/providers/Microsoft.MachineLearningServices/workspaces/00000/rundata",
      "RequestMethod": "POST",
      "RequestHeaders": {
        "Accept": "application/json",
        "Accept-Encoding": "gzip, deflate",
        "Connection": "keep-alive",
        "Content-Length": "118",
        "Content-Type": "application/json",
        "User-Agent": "azure-ai-ml/0.0.139 azsdk-python-mgmt-machinelearningservices/0.1.0 Python/3.8.6 (Windows-10-10.0.22000-SP0)"
      },
      "RequestBody": {
        "runId": "test_100033112761",
        "selectRunMetadata": true,
        "selectRunDefinition": true,
        "selectJobSpecification": true
      },
      "StatusCode": 200,
      "ResponseHeaders": {
        "Connection": "keep-alive",
        "Content-Encoding": "gzip",
        "Content-Type": "application/json; charset=utf-8",
        "Date": "Tue, 30 Aug 2022 19:34:26 GMT",
        "Request-Context": "appId=cid-v1:17d65b70-e9ce-4ed5-9347-1f660ec782e9",
        "Strict-Transport-Security": "max-age=15724800; includeSubDomains; preload",
        "Transfer-Encoding": "chunked",
        "Vary": "Accept-Encoding",
        "x-aml-cluster": "vienna-eastus2euap-01",
        "X-Content-Type-Options": "nosniff",
        "x-ms-response-type": "standard",
        "x-request-time": "0.042"
      },
      "ResponseBody": {
        "runMetadata": {
          "runNumber": 1661888061,
          "rootRunId": "test_100033112761",
          "createdUtc": "2022-08-30T19:34:21.1326109\u002B00:00",
          "createdBy": {
            "userObjectId": "a5c00c33-4ba0-41e0-a6fa-417c06836048",
            "userPuId": null,
            "userIdp": "https://sts.windows.net/72f988bf-86f1-41af-91ab-2d7cd011db47/",
            "userAltSecId": null,
            "userIss": "https://sts.windows.net/72f988bf-86f1-41af-91ab-2d7cd011db47/",
            "userTenantId": "72f988bf-86f1-41af-91ab-2d7cd011db47",
            "userName": "5019366a-3f7a-4d18-adae-d2483c23e1ee",
            "upn": null
          },
          "userId": "a5c00c33-4ba0-41e0-a6fa-417c06836048",
          "token": null,
          "tokenExpiryTimeUtc": null,
          "error": {
            "error": {
              "code": "UserError",
              "severity": null,
              "message": "Connection my_username_password can\u0027t be found in this workspace",
              "messageFormat": null,
              "messageParameters": null,
              "referenceCode": null,
              "detailsUri": null,
              "target": null,
              "details": [],
              "innerError": {
                "code": "NotFoundError",
                "innerError": null
              },
              "debugInfo": null,
              "additionalInfo": null
            },
            "correlation": {
              "operation": "630dbabdc2085c6f765c86bbbe6b5e69",
              "request": "b6d78d2e567dd598"
            },
            "environment": "eastus2euap",
            "location": "eastus2euap",
            "time": "2022-08-30T19:34:21.617784\u002B00:00",
            "componentName": "Execution"
          },
          "warnings": [
            {
              "source": "SecondaryError",
              "message": "Connection my_username_password can\u0027t be found in this workspace"
            }
          ],
          "revision": 4,
          "statusRevision": 0,
          "runUuid": "93852560-e562-434e-8677-469919e0bef4",
          "parentRunUuid": null,
          "rootRunUuid": "93852560-e562-434e-8677-469919e0bef4",
          "lastStartTimeUtc": null,
          "currentComputeTime": null,
          "computeDuration": "00:00:00.5291751",
          "effectiveStartTimeUtc": null,
          "lastModifiedBy": {
            "userObjectId": "a5c00c33-4ba0-41e0-a6fa-417c06836048",
            "userPuId": null,
            "userIdp": "https://sts.windows.net/72f988bf-86f1-41af-91ab-2d7cd011db47/",
            "userAltSecId": null,
            "userIss": "https://sts.windows.net/72f988bf-86f1-41af-91ab-2d7cd011db47/",
            "userTenantId": "72f988bf-86f1-41af-91ab-2d7cd011db47",
            "userName": "5019366a-3f7a-4d18-adae-d2483c23e1ee",
            "upn": null
          },
          "lastModifiedUtc": "2022-08-30T19:34:21.1326109\u002B00:00",
          "duration": "00:00:00.5291751",
          "cancelationReason": null,
          "currentAttemptId": 1,
          "runId": "test_100033112761",
          "parentRunId": null,
          "experimentId": "d4fc8efa-1675-42dc-9083-528599ab2089",
          "status": "Failed",
          "startTimeUtc": "2022-08-30T19:34:21.1326109\u002B00:00",
          "endTimeUtc": "2022-08-30T19:34:21.661786\u002B00:00",
          "scheduleId": null,
          "displayName": "test_display_name",
          "name": null,
          "dataContainerId": "dcid.test_100033112761",
          "description": "test_description",
          "hidden": false,
          "runType": "azureml.scriptrun",
          "runTypeV2": {
            "orchestrator": "Execution",
            "traits": [
              "scriptRun",
              "remote"
            ],
            "attribution": "azureml.scriptrun",
            "computeType": "ADF"
          },
          "properties": {
            "_azureml.ComputeTargetType": "adf"
          },
          "parameters": {},
          "actionUris": {
            "Cancel": "https://eastus2euap.api.azureml.ms/execution/v1.0/subscriptions/00000000-0000-0000-0000-000000000/resourceGroups/00000/providers/Microsoft.MachineLearningServices/workspaces/00000/experiments/azure-ai-ml/runId/test_100033112761/cancel",
            "Diagnose": "https://eastus2euap.api.azureml.ms/execution/v1.0/subscriptions/00000000-0000-0000-0000-000000000/resourceGroups/00000/providers/Microsoft.MachineLearningServices/workspaces/00000/experiments/azure-ai-ml/runId/test_100033112761/diagnostics"
          },
          "scriptName": null,
          "target": "DataFactory",
          "uniqueChildRunComputeTargets": [],
          "tags": {},
          "settings": {},
          "services": {},
          "inputDatasets": [],
          "outputDatasets": [],
          "runDefinition": null,
          "jobSpecification": null,
          "primaryMetricName": null,
          "createdFrom": null,
          "cancelUri": "https://eastus2euap.api.azureml.ms/execution/v1.0/subscriptions/00000000-0000-0000-0000-000000000/resourceGroups/00000/providers/Microsoft.MachineLearningServices/workspaces/00000/experiments/azure-ai-ml/runId/test_100033112761/cancel",
          "completeUri": null,
          "diagnosticsUri": "https://eastus2euap.api.azureml.ms/execution/v1.0/subscriptions/00000000-0000-0000-0000-000000000/resourceGroups/00000/providers/Microsoft.MachineLearningServices/workspaces/00000/experiments/azure-ai-ml/runId/test_100033112761/diagnostics",
          "computeRequest": {
            "nodeCount": 1,
            "gpuCount": 0
          },
          "compute": {
            "target": "DataFactory",
            "targetType": "datafactory",
            "vmSize": null,
            "instanceType": null,
            "instanceCount": 1,
            "gpuCount": 0,
            "priority": null,
            "region": null
          },
          "retainForLifetimeOfWorkspace": false,
          "queueingInfo": null,
          "inputs": {},
          "outputs": {
            "default": {
              "assetId": "azureml://locations/eastus2euap/workspaces/b2816e44-648c-4c45-aa23-db43f36fc99d/data/azureml_test_100033112761_output_data_default/versions/1",
              "type": "UriFolder"
            }
          }
        },
        "runDefinition": {
          "script": null,
          "command": "import",
          "useAbsolutePath": true,
          "arguments": [],
          "sourceDirectoryDataStore": null,
          "framework": "Python",
          "communicator": "None",
          "target": "DataFactory",
          "dataReferences": {},
          "data": {},
          "outputData": {
            "output": {
              "outputLocation": {
                "dataset": null,
                "dataPath": null,
                "uri": {
                  "path": "azureml://datastores/workspaceblobstore/paths/output_dir/",
                  "isFile": false
                },
                "type": "MLTable"
              },
              "mechanism": "Mount",
              "additionalOptions": null,
              "environmentVariableName": null
            }
          },
          "datacaches": [],
          "jobName": null,
          "maxRunDurationSeconds": null,
          "nodeCount": 1,
          "instanceTypes": [],
          "priority": null,
          "credentialPassthrough": false,
          "identity": null,
          "environment": {
            "name": "AzureML-sklearn-0.24-ubuntu18.04-py37-cpu",
            "version": "43",
            "assetId": "azureml://registries/CuratedRegistry/environments/AzureML-sklearn-0.24-ubuntu18.04-py37-cpu/versions/43",
            "autoRebuild": true,
            "python": {
              "interpreterPath": "python",
              "userManagedDependencies": true,
              "condaDependencies": null,
              "baseCondaEnvironment": null
            },
            "environmentVariables": {
              "EXAMPLE_ENV_VAR": "EXAMPLE_VALUE"
            },
            "docker": {
              "baseImage": null,
              "platform": {
                "os": "Linux",
                "architecture": "amd64"
              },
              "baseDockerfile": "FROM mcr.microsoft.com/azureml/openmpi3.1.2-ubuntu18.04:20220815.v1\n\nENV AZUREML_CONDA_ENVIRONMENT_PATH /azureml-envs/sklearn-0.24.1\n# Create conda environment\nRUN conda create -p $AZUREML_CONDA_ENVIRONMENT_PATH \\\n    python=3.7 pip=20.2.4\n\n# Prepend path to AzureML conda environment\nENV PATH $AZUREML_CONDA_ENVIRONMENT_PATH/bin:$PATH\n\n# Install pip dependencies\nRUN pip install \u0027matplotlib\u003E=3.3,\u003C3.4\u0027 \\\n                \u0027psutil\u003E=5.8,\u003C5.9\u0027 \\\n                \u0027tqdm\u003E=4.59,\u003C4.60\u0027 \\\n                \u0027pandas\u003E=1.1,\u003C1.2\u0027 \\\n                \u0027scipy\u003E=1.5,\u003C1.6\u0027 \\\n                \u0027numpy\u003E=1.10,\u003C1.20\u0027 \\\n                \u0027ipykernel~=6.0\u0027 \\\n                \u0027azureml-core==1.44.0\u0027 \\\n                \u0027azureml-defaults==1.44.0\u0027 \\\n                \u0027azureml-mlflow==1.44.0\u0027 \\\n                \u0027azureml-telemetry==1.44.0\u0027 \\\n                \u0027scikit-learn==0.24.1\u0027\n\n# This is needed for mpi to locate libpython\nENV LD_LIBRARY_PATH $AZUREML_CONDA_ENVIRONMENT_PATH/lib:$LD_LIBRARY_PATH\n",
              "baseImageRegistry": {
                "address": null,
                "username": null,
                "password": null
              },
              "enabled": false,
              "arguments": []
            },
            "spark": {
              "repositories": [],
              "packages": [],
              "precachePackages": true
            },
            "inferencingStackVersion": null
          },
          "history": {
            "outputCollection": true,
            "directoriesToWatch": [
              "logs"
            ],
            "enableMLflowTracking": true
          },
          "spark": {
            "configuration": {}
          },
          "parallelTask": {
            "maxRetriesPerWorker": 0,
            "workerCountPerNode": 1,
            "terminalExitCodes": null,
            "configuration": {}
          },
          "amlCompute": {
            "name": null,
            "vmSize": null,
            "retainCluster": false,
            "clusterMaxNodeCount": null
          },
          "aiSuperComputer": {
            "instanceType": "D2",
            "imageVersion": "pytorch-1.7.0",
            "location": null,
            "aiSuperComputerStorageData": null,
            "interactive": false,
            "scalePolicy": null,
            "virtualClusterArmId": null,
            "tensorboardLogDirectory": null,
            "sshPublicKey": null,
            "sshPublicKeys": null,
            "enableAzmlInt": true,
            "priority": "Medium",
            "slaTier": "Standard",
            "userAlias": null
          },
          "kubernetesCompute": {
            "instanceType": null
          },
          "tensorflow": {
            "workerCount": 0,
            "parameterServerCount": 0
          },
          "mpi": {
            "processCountPerNode": 0
          },
          "pyTorch": {
            "communicationBackend": null,
            "processCount": null
          },
          "hdi": {
            "yarnDeployMode": "None"
          },
          "containerInstance": {
            "region": null,
            "cpuCores": 2.0,
            "memoryGb": 3.5
          },
          "exposedPorts": null,
          "docker": {
            "useDocker": true,
            "sharedVolumes": true,
            "shmSize": "2g",
            "arguments": []
          },
          "cmk8sCompute": {
            "configuration": {}
          },
          "commandReturnCodeConfig": {
            "returnCode": "Zero",
            "successfulReturnCodes": []
          },
          "environmentVariables": {},
          "applicationEndpoints": {},
          "parameters": [
            {
              "name": "type",
              "type": null,
              "value": "azuresqldb",
              "isOptional": false
            },
            {
              "name": "connection",
              "type": null,
              "value": "azureml:my_username_password",
              "isOptional": false
            },
            {
              "name": "query",
              "type": null,
              "value": "select * from REGION",
              "isOptional": false
            }
          ]
        },
        "jobSpecification": {
          "jobType": "Command",
          "codeId": null,
          "command": "import",
          "environmentId": "/subscriptions/00000000-0000-0000-0000-000000000/resourceGroups/00000/providers/Microsoft.MachineLearningServices/workspaces/00000/environments/AzureML-sklearn-0.24-ubuntu18.04-py37-cpu",
          "inputDataBindings": {
            "type": {
              "dataId": null,
              "pathOnCompute": null,
              "mode": "Mount",
              "description": null,
              "uri": null,
              "value": "azuresqldb",
              "assetUri": null,
              "jobInputType": "Literal"
            },
            "connection": {
              "dataId": null,
              "pathOnCompute": null,
              "mode": "Mount",
              "description": null,
              "uri": null,
              "value": "azureml:my_username_password",
              "assetUri": null,
              "jobInputType": "Literal"
            },
            "query": {
              "dataId": null,
              "pathOnCompute": null,
              "mode": "Mount",
              "description": null,
              "uri": null,
              "value": "select * from REGION",
              "assetUri": null,
              "jobInputType": "Literal"
            }
          },
          "outputDataBindings": {
            "output": {
              "datastoreId": null,
              "pathOnDatastore": null,
              "pathOnCompute": null,
              "description": null,
              "uri": null,
              "mode": "ReadWriteMount",
              "assetUri": "azureml://datastores/workspaceblobstore/paths/output_dir/",
              "isAssetJobOutput": true,
              "jobOutputType": "MLTable"
            }
          },
          "distribution": null,
          "environmentVariables": null,
          "parameters": null,
          "autologgerSettings": null,
          "limits": null,
          "provisioningState": "Succeeded",
          "parentJobName": null,
          "displayName": "test_display_name",
          "experimentName": "azure-ai-ml",
          "status": "NotStarted",
          "interactionEndpoints": {},
          "identity": null,
          "compute": {
            "target": "/subscriptions/00000000-0000-0000-0000-000000000/resourceGroups/00000/providers/Microsoft.MachineLearningServices/workspaces/00000/computes/DataFactory",
            "instanceCount": 1,
            "isLocal": false,
            "location": null,
            "isClusterless": false,
            "instanceType": null,
            "shmSize": "2g",
            "dockerArgs": null,
            "properties": null
          },
          "priority": null,
          "output": null,
          "isArchived": false,
          "schedule": null,
          "componentId": null,
          "description": "test_description",
          "tags": null,
          "properties": null
        },
        "systemSettings": null
      }
    },
    {
      "RequestUri": "https://eastus2euap.api.azureml.ms/data/v1.0/subscriptions/00000000-0000-0000-0000-000000000/resourceGroups/00000/providers/Microsoft.MachineLearningServices/workspaces/00000/dataversion/batchGetResolvedUris",
      "RequestMethod": "POST",
      "RequestHeaders": {
        "Accept": "application/json",
        "Accept-Encoding": "gzip, deflate",
        "Connection": "keep-alive",
        "Content-Length": "157",
        "Content-Type": "application/json",
        "User-Agent": "azure-ai-ml/0.0.139 azsdk-python-mgmt-machinelearningservices/0.1.0 Python/3.8.6 (Windows-10-10.0.22000-SP0)"
      },
      "RequestBody": {
        "values": [
          "azureml://locations/eastus2euap/workspaces/b2816e44-648c-4c45-aa23-db43f36fc99d/data/azureml_test_100033112761_output_data_default/versions/1"
        ]
      },
      "StatusCode": 200,
      "ResponseHeaders": {
        "Connection": "keep-alive",
        "Content-Encoding": "gzip",
        "Content-Type": "application/json; charset=utf-8",
        "Date": "Tue, 30 Aug 2022 19:34:26 GMT",
        "Request-Context": "appId=cid-v1:17d65b70-e9ce-4ed5-9347-1f660ec782e9",
        "Strict-Transport-Security": "max-age=15724800; includeSubDomains; preload",
        "Transfer-Encoding": "chunked",
        "Vary": "Accept-Encoding",
        "x-aml-cluster": "vienna-eastus2euap-01",
        "X-Content-Type-Options": "nosniff",
        "x-ms-response-type": "standard",
        "x-request-time": "0.040"
      },
      "ResponseBody": {
        "values": {
          "azureml://locations/eastus2euap/workspaces/b2816e44-648c-4c45-aa23-db43f36fc99d/data/azureml_test_100033112761_output_data_default/versions/1": {
            "uri": "azureml://subscriptions/00000000-0000-0000-0000-000000000/resourcegroups/00000/workspaces/00000/datastores/workspaceartifactstore/paths/ExperimentRun/dcid.test_100033112761/",
            "type": "UriFolder",
            "legacyDatasetType": null
          }
        }
      }
    },
    {
      "RequestUri": "https://management.azure.com/subscriptions/00000000-0000-0000-0000-000000000/resourceGroups/00000/providers/Microsoft.MachineLearningServices/workspaces/00000/jobs/test_100033112761?api-version=2022-06-01-preview",
      "RequestMethod": "GET",
      "RequestHeaders": {
        "Accept": "application/json",
        "Accept-Encoding": "gzip, deflate",
        "Connection": "keep-alive",
        "User-Agent": "azure-ai-ml/0.0.139 azsdk-python-mgmt-machinelearningservices/0.1.0 Python/3.8.6 (Windows-10-10.0.22000-SP0)"
      },
      "RequestBody": null,
      "StatusCode": 200,
      "ResponseHeaders": {
        "Cache-Control": "no-cache",
        "Content-Encoding": "gzip",
        "Content-Type": "application/json; charset=utf-8",
        "Date": "Tue, 30 Aug 2022 19:34:26 GMT",
        "Expires": "-1",
        "Pragma": "no-cache",
        "Request-Context": "appId=cid-v1:17d65b70-e9ce-4ed5-9347-1f660ec782e9",
        "Server-Timing": "traceparent;desc=\u002200-b065f6ad7edc0a8941cf385b7716b2da-4ae55c6c44e22382-01\u0022",
        "Strict-Transport-Security": "max-age=31536000; includeSubDomains",
        "Transfer-Encoding": "chunked",
        "Vary": [
          "Accept-Encoding",
          "Accept-Encoding"
        ],
        "x-aml-cluster": "vienna-eastus2euap-01",
        "X-Content-Type-Options": "nosniff",
        "x-ms-correlation-request-id": "ef6f9330-8c09-4656-a6df-f01b98aed84b",
        "x-ms-ratelimit-remaining-subscription-reads": "11978",
        "x-ms-response-type": "standard",
        "x-ms-routing-request-id": "CANADACENTRAL:20220830T193426Z:ef6f9330-8c09-4656-a6df-f01b98aed84b",
        "x-request-time": "0.037"
      },
      "ResponseBody": {
        "id": "/subscriptions/00000000-0000-0000-0000-000000000/resourceGroups/00000/providers/Microsoft.MachineLearningServices/workspaces/00000/jobs/test_100033112761",
        "name": "test_100033112761",
        "type": "Microsoft.MachineLearningServices/workspaces/jobs",
        "properties": {
          "description": "test_description",
          "tags": {},
          "properties": {
            "_azureml.ComputeTargetType": "adf"
          },
          "displayName": "test_display_name",
          "status": "Failed",
          "experimentName": "azure-ai-ml",
          "services": {
            "Tracking": {
              "jobServiceType": "Tracking",
              "port": null,
              "endpoint": "azureml://eastus2euap.api.azureml.ms/mlflow/v1.0/subscriptions/00000000-0000-0000-0000-000000000/resourceGroups/00000/providers/Microsoft.MachineLearningServices/workspaces/00000?",
              "status": null,
              "errorMessage": null,
              "properties": null
            },
            "Studio": {
              "jobServiceType": "Studio",
              "port": null,
              "endpoint": "https://ml.azure.com/runs/test_100033112761?wsid=/subscriptions/00000000-0000-0000-0000-000000000/resourcegroups/00000/workspaces/00000",
              "status": null,
              "errorMessage": null,
              "properties": null
            }
          },
          "computeId": "/subscriptions/00000000-0000-0000-0000-000000000/resourceGroups/00000/providers/Microsoft.MachineLearningServices/workspaces/00000/computes/DataFactory",
          "isArchived": false,
          "identity": null,
          "componentId": null,
          "jobType": "Command",
          "resources": {
            "instanceCount": 1,
            "instanceType": null,
            "properties": null,
            "shmSize": "2g",
            "dockerArgs": null
          },
          "codeId": null,
          "command": "import",
          "environmentId": "/subscriptions/00000000-0000-0000-0000-000000000/resourceGroups/00000/providers/Microsoft.MachineLearningServices/workspaces/00000/environments/AzureML-sklearn-0.24-ubuntu18.04-py37-cpu",
          "inputs": {
            "type": {
              "description": null,
              "jobInputType": "literal",
              "value": "azuresqldb"
            },
            "connection": {
              "description": null,
              "jobInputType": "literal",
              "value": "azureml:my_username_password"
            },
            "query": {
              "description": null,
              "jobInputType": "literal",
              "value": "select * from REGION"
            }
          },
          "outputs": {
            "output": {
              "description": null,
              "uri": "azureml://datastores/workspaceblobstore/paths/output_dir/",
              "mode": "ReadWriteMount",
              "jobOutputType": "mltable"
            },
            "default": {
              "description": null,
              "uri": "azureml://datastores/workspaceartifactstore/ExperimentRun/dcid.test_100033112761",
              "mode": "ReadWriteMount",
              "jobOutputType": "uri_folder"
            }
          },
          "distribution": null,
          "limits": null,
          "environmentVariables": null,
          "parameters": {}
        },
        "systemData": {
          "createdAt": "2022-08-30T19:34:21.1326109\u002B00:00",
          "createdBy": "5019366a-3f7a-4d18-adae-d2483c23e1ee",
          "createdByType": "Application"
        }
      }
    },
    {
      "RequestUri": "https://management.azure.com/subscriptions/00000000-0000-0000-0000-000000000/resourceGroups/00000/providers/Microsoft.MachineLearningServices/workspaces/00000/datastores?api-version=2022-05-01\u0026count=30\u0026isDefault=true\u0026orderByAsc=false",
      "RequestMethod": "GET",
      "RequestHeaders": {
        "Accept": "application/json",
        "Accept-Encoding": "gzip, deflate",
        "Connection": "keep-alive",
        "User-Agent": "azure-ai-ml/0.0.139 azsdk-python-mgmt-machinelearningservices/0.1.0 Python/3.8.6 (Windows-10-10.0.22000-SP0)"
      },
      "RequestBody": null,
      "StatusCode": 200,
      "ResponseHeaders": {
        "Cache-Control": "no-cache",
        "Content-Encoding": "gzip",
        "Content-Type": "application/json; charset=utf-8",
        "Date": "Tue, 30 Aug 2022 19:34:26 GMT",
        "Expires": "-1",
        "Pragma": "no-cache",
        "Request-Context": "appId=cid-v1:17d65b70-e9ce-4ed5-9347-1f660ec782e9",
        "Server-Timing": "traceparent;desc=\u002200-4d96695fc24713cadd9b405fc567e5cb-1dd785a55a7aeec7-01\u0022",
        "Strict-Transport-Security": "max-age=31536000; includeSubDomains",
        "Transfer-Encoding": "chunked",
        "Vary": [
          "Accept-Encoding",
          "Accept-Encoding"
        ],
        "x-aml-cluster": "vienna-eastus2euap-01",
        "X-Content-Type-Options": "nosniff",
        "x-ms-correlation-request-id": "eb6dd6b2-e9e7-419c-ae33-266508f4e22b",
        "x-ms-ratelimit-remaining-subscription-reads": "11977",
        "x-ms-response-type": "standard",
        "x-ms-routing-request-id": "CANADACENTRAL:20220830T193426Z:eb6dd6b2-e9e7-419c-ae33-266508f4e22b",
        "x-request-time": "0.065"
      },
      "ResponseBody": {
        "value": [
          {
            "id": "/subscriptions/00000000-0000-0000-0000-000000000/resourceGroups/00000/providers/Microsoft.MachineLearningServices/workspaces/00000/datastores/workspaceblobstore",
            "name": "workspaceblobstore",
            "type": "Microsoft.MachineLearningServices/workspaces/datastores",
            "properties": {
              "description": null,
              "tags": null,
              "properties": null,
              "isDefault": true,
              "credentials": {
                "credentialsType": "AccountKey"
              },
              "datastoreType": "AzureBlob",
              "accountName": "saoysf6qlc2adec",
              "containerName": "azureml-blobstore-b2816e44-648c-4c45-aa23-db43f36fc99d",
              "endpoint": "core.windows.net",
              "protocol": "https",
              "serviceDataAccessAuthIdentity": "WorkspaceSystemAssignedIdentity"
            },
            "systemData": {
              "createdAt": "2022-08-29T00:06:51.4852548\u002B00:00",
              "createdBy": "779301c0-18b2-4cdc-801b-a0a3368fee0a",
              "createdByType": "Application",
              "lastModifiedAt": "2022-08-29T00:06:52.3018562\u002B00:00",
              "lastModifiedBy": "779301c0-18b2-4cdc-801b-a0a3368fee0a",
              "lastModifiedByType": "Application"
            }
          }
        ]
      }
    },
    {
      "RequestUri": "https://management.azure.com/subscriptions/00000000-0000-0000-0000-000000000/resourceGroups/00000/providers/Microsoft.MachineLearningServices/workspaces/00000/datastores/workspaceartifactstore?api-version=2022-05-01",
      "RequestMethod": "GET",
      "RequestHeaders": {
        "Accept": "application/json",
        "Accept-Encoding": "gzip, deflate",
        "Connection": "keep-alive",
        "User-Agent": "azure-ai-ml/0.0.139 azsdk-python-mgmt-machinelearningservices/0.1.0 Python/3.8.6 (Windows-10-10.0.22000-SP0)"
      },
      "RequestBody": null,
      "StatusCode": 200,
      "ResponseHeaders": {
        "Cache-Control": "no-cache",
        "Content-Encoding": "gzip",
        "Content-Type": "application/json; charset=utf-8",
        "Date": "Tue, 30 Aug 2022 19:34:26 GMT",
        "Expires": "-1",
        "Pragma": "no-cache",
        "Request-Context": "appId=cid-v1:17d65b70-e9ce-4ed5-9347-1f660ec782e9",
        "Server-Timing": "traceparent;desc=\u002200-7071e15a5561b2bf6f7ad5fb5caa9a64-1782883f3c67edc0-01\u0022",
        "Strict-Transport-Security": "max-age=31536000; includeSubDomains",
        "Transfer-Encoding": "chunked",
        "Vary": [
          "Accept-Encoding",
          "Accept-Encoding"
        ],
        "x-aml-cluster": "vienna-eastus2euap-01",
        "X-Content-Type-Options": "nosniff",
        "x-ms-correlation-request-id": "0735da02-44f8-4b12-a2db-4c57b3858506",
        "x-ms-ratelimit-remaining-subscription-reads": "11976",
        "x-ms-response-type": "standard",
        "x-ms-routing-request-id": "CANADACENTRAL:20220830T193426Z:0735da02-44f8-4b12-a2db-4c57b3858506",
        "x-request-time": "0.093"
      },
      "ResponseBody": {
        "id": "/subscriptions/00000000-0000-0000-0000-000000000/resourceGroups/00000/providers/Microsoft.MachineLearningServices/workspaces/00000/datastores/workspaceartifactstore",
        "name": "workspaceartifactstore",
        "type": "Microsoft.MachineLearningServices/workspaces/datastores",
        "properties": {
          "description": null,
          "tags": null,
          "properties": null,
          "isDefault": false,
          "credentials": {
            "credentialsType": "AccountKey"
          },
          "datastoreType": "AzureBlob",
          "accountName": "saoysf6qlc2adec",
          "containerName": "azureml",
          "endpoint": "core.windows.net",
          "protocol": "https",
          "serviceDataAccessAuthIdentity": "None"
        },
        "systemData": {
          "createdAt": "2022-08-29T00:06:51.4844558\u002B00:00",
          "createdBy": "779301c0-18b2-4cdc-801b-a0a3368fee0a",
          "createdByType": "Application",
          "lastModifiedAt": "2022-08-29T00:06:52.1391052\u002B00:00",
          "lastModifiedBy": "779301c0-18b2-4cdc-801b-a0a3368fee0a",
          "lastModifiedByType": "Application"
        }
      }
    },
    {
      "RequestUri": "https://management.azure.com/subscriptions/00000000-0000-0000-0000-000000000/resourceGroups/00000/providers/Microsoft.MachineLearningServices/workspaces/00000/datastores/workspaceartifactstore/listSecrets?api-version=2022-05-01",
      "RequestMethod": "POST",
      "RequestHeaders": {
        "Accept": "application/json",
        "Accept-Encoding": "gzip, deflate",
        "Connection": "keep-alive",
        "Content-Length": "0",
        "User-Agent": "azure-ai-ml/0.0.139 azsdk-python-mgmt-machinelearningservices/0.1.0 Python/3.8.6 (Windows-10-10.0.22000-SP0)"
      },
      "RequestBody": null,
      "StatusCode": 200,
      "ResponseHeaders": {
        "Cache-Control": "no-cache",
        "Content-Encoding": "gzip",
        "Content-Type": "application/json; charset=utf-8",
        "Date": "Tue, 30 Aug 2022 19:34:27 GMT",
        "Expires": "-1",
        "Pragma": "no-cache",
        "Request-Context": "appId=cid-v1:17d65b70-e9ce-4ed5-9347-1f660ec782e9",
        "Server-Timing": "traceparent;desc=\u002200-f62af9b6048c88aaff90ff66a9c69c51-74ea329be950b33d-01\u0022",
        "Strict-Transport-Security": "max-age=31536000; includeSubDomains",
        "Transfer-Encoding": "chunked",
        "Vary": "Accept-Encoding",
        "x-aml-cluster": "vienna-eastus2euap-01",
        "X-Content-Type-Options": "nosniff",
        "x-ms-correlation-request-id": "ae847af9-187e-4861-bfce-45ace6991e39",
        "x-ms-ratelimit-remaining-subscription-writes": "1191",
        "x-ms-response-type": "standard",
        "x-ms-routing-request-id": "CANADACENTRAL:20220830T193427Z:ae847af9-187e-4861-bfce-45ace6991e39",
        "x-request-time": "0.282"
      },
      "ResponseBody": {
        "secretsType": "AccountKey",
        "key": "dGhpcyBpcyBmYWtlIGtleQ=="
      }
    },
    {
      "RequestUri": "https://saoysf6qlc2adec.blob.core.windows.net/azureml?restype=container\u0026comp=list\u0026prefix=ExperimentRun%2Fdcid.test_100033112761%2F\u0026include=metadata",
      "RequestMethod": "GET",
      "RequestHeaders": {
        "Accept": "application/xml",
        "Accept-Encoding": "gzip, deflate",
        "Connection": "keep-alive",
        "User-Agent": "azsdk-python-storage-blob/12.12.0 Python/3.8.6 (Windows-10-10.0.22000-SP0)",
        "x-ms-date": "Tue, 30 Aug 2022 19:34:29 GMT",
        "x-ms-version": "2021-06-08"
      },
      "RequestBody": null,
      "StatusCode": 200,
      "ResponseHeaders": {
        "Content-Type": "application/xml",
        "Date": "Tue, 30 Aug 2022 19:34:27 GMT",
        "Server": [
          "Windows-Azure-Blob/1.0",
          "Microsoft-HTTPAPI/2.0"
        ],
        "Transfer-Encoding": "chunked",
        "Vary": "Origin",
        "x-ms-version": "2021-06-08"
      },
      "ResponseBody": "\uFEFF\u003C?xml version=\u00221.0\u0022 encoding=\u0022utf-8\u0022?\u003E\u003CEnumerationResults ServiceEndpoint=\u0022https://saoysf6qlc2adec.blob.core.windows.net/\u0022 ContainerName=\u0022azureml\u0022\u003E\u003CPrefix\u003EExperimentRun/dcid.test_100033112761/\u003C/Prefix\u003E\u003CBlobs\u003E\u003CBlob\u003E\u003CName\u003EExperimentRun/dcid.test_100033112761/azureml-logs/executionlogs.txt\u003C/Name\u003E\u003CProperties\u003E\u003CCreation-Time\u003ETue, 30 Aug 2022 19:34:21 GMT\u003C/Creation-Time\u003E\u003CLast-Modified\u003ETue, 30 Aug 2022 19:34:21 GMT\u003C/Last-Modified\u003E\u003CEtag\u003E0x8DA8ABEA399FE51\u003C/Etag\u003E\u003CContent-Length\u003E0\u003C/Content-Length\u003E\u003CContent-Type\u003Eapplication/octet-stream\u003C/Content-Type\u003E\u003CContent-Encoding /\u003E\u003CContent-Language /\u003E\u003CContent-CRC64 /\u003E\u003CContent-MD5 /\u003E\u003CCache-Control /\u003E\u003CContent-Disposition /\u003E\u003CBlobType\u003EAppendBlob\u003C/BlobType\u003E\u003CLeaseStatus\u003Eunlocked\u003C/LeaseStatus\u003E\u003CLeaseState\u003Eavailable\u003C/LeaseState\u003E\u003CServerEncrypted\u003Etrue\u003C/ServerEncrypted\u003E\u003C/Properties\u003E\u003CMetadata /\u003E\u003COrMetadata /\u003E\u003C/Blob\u003E\u003C/Blobs\u003E\u003CNextMarker /\u003E\u003C/EnumerationResults\u003E"
    },
    {
      "RequestUri": "https://saoysf6qlc2adec.blob.core.windows.net/azureml/ExperimentRun/dcid.test_100033112761/azureml-logs/executionlogs.txt",
      "RequestMethod": "GET",
      "RequestHeaders": {
        "Accept": "application/xml",
        "Accept-Encoding": "gzip, deflate",
        "Connection": "keep-alive",
        "User-Agent": "azsdk-python-storage-blob/12.12.0 Python/3.8.6 (Windows-10-10.0.22000-SP0)",
        "x-ms-date": "Tue, 30 Aug 2022 19:34:29 GMT",
        "x-ms-range": "bytes=0-33554431",
        "x-ms-version": "2021-06-08"
      },
      "RequestBody": null,
      "StatusCode": 416,
      "ResponseHeaders": {
        "Content-Length": "249",
        "Content-Range": "bytes */0",
        "Content-Type": "application/xml",
        "Date": "Tue, 30 Aug 2022 19:34:27 GMT",
        "Server": [
          "Windows-Azure-Blob/1.0",
          "Microsoft-HTTPAPI/2.0"
        ],
        "Vary": "Origin",
        "x-ms-error-code": "InvalidRange",
        "x-ms-version": "2021-06-08"
      },
      "ResponseBody": [
        "\uFEFF\u003C?xml version=\u00221.0\u0022 encoding=\u0022utf-8\u0022?\u003E\u003CError\u003E\u003CCode\u003EInvalidRange\u003C/Code\u003E\u003CMessage\u003EThe range specified is invalid for the current size of the resource.\n",
        "RequestId:a4b767a9-101e-0057-47a7-bce393000000\n",
        "Time:2022-08-30T19:34:27.7467629Z\u003C/Message\u003E\u003C/Error\u003E"
      ]
    },
    {
      "RequestUri": "https://saoysf6qlc2adec.blob.core.windows.net/azureml/ExperimentRun/dcid.test_100033112761/azureml-logs/executionlogs.txt",
      "RequestMethod": "GET",
      "RequestHeaders": {
        "Accept": "application/xml",
        "Accept-Encoding": "gzip, deflate",
        "Connection": "keep-alive",
        "User-Agent": "azsdk-python-storage-blob/12.12.0 Python/3.8.6 (Windows-10-10.0.22000-SP0)",
        "x-ms-date": "Tue, 30 Aug 2022 19:34:29 GMT",
        "x-ms-version": "2021-06-08"
      },
      "RequestBody": null,
      "StatusCode": 200,
      "ResponseHeaders": {
        "Accept-Ranges": "bytes",
        "Content-Length": "0",
        "Content-Type": "application/octet-stream",
        "Date": "Tue, 30 Aug 2022 19:34:27 GMT",
        "ETag": "\u00220x8DA8ABEA399FE51\u0022",
        "Last-Modified": "Tue, 30 Aug 2022 19:34:21 GMT",
        "Server": [
          "Windows-Azure-Blob/1.0",
          "Microsoft-HTTPAPI/2.0"
        ],
        "Vary": "Origin",
        "x-ms-blob-committed-block-count": "0",
        "x-ms-blob-type": "AppendBlob",
        "x-ms-creation-time": "Tue, 30 Aug 2022 19:34:21 GMT",
        "x-ms-lease-state": "available",
        "x-ms-lease-status": "unlocked",
        "x-ms-server-encrypted": "true",
        "x-ms-version": "2021-06-08"
      },
      "ResponseBody": null
    }
  ],
  "Variables": {
    "name": "test_100033112761"
  }
}
