interactions:
- request:
    body: null
    headers:
      Accept:
      - application/json
      User-Agent:
      - azsdk-python-azure-containerregistry/1.0.0b1 Python/3.9.0rc1 (Windows-10-10.0.19041-SP0)
    method: GET
    uri: https://fake_url.azurecr.io/acr/v1/repo308e19dd/_tags/tag308e19dd
  response:
    body:
      string: '{"errors":[{"code":"UNAUTHORIZED","message":"authentication required,
        visit https://aka.ms/acr/authorization for more information.","detail":[{"Type":"repository","Name":"repo308e19dd","Action":"metadata_read"}]}]}

        '
    headers:
      access-control-expose-headers: X-Ms-Correlation-Request-Id
      connection: keep-alive
      content-length: '215'
      content-type: application/json; charset=utf-8
      date: Mon, 05 Apr 2021 17:58:18 GMT
      docker-distribution-api-version: registry/2.0
      server: openresty
      strict-transport-security: max-age=31536000; includeSubDomains
      www-authenticate: Bearer realm="https://fake_url.azurecr.io/oauth2/token",service="fake_url.azurecr.io",scope="fake_scope",error="invalid_token"
      x-content-type-options: nosniff
    status:
      code: 401
      message: Unauthorized
    url: https://seankane.azurecr.io/acr/v1/repo308e19dd/_tags/tag308e19dd
- request:
    body:
      access_token: REDACTED
      grant_type: access_token
      service: seankane.azurecr.io
    headers:
      Accept:
      - application/json
      User-Agent:
      - azsdk-python-azure-containerregistry/1.0.0b1 Python/3.9.0rc1 (Windows-10-10.0.19041-SP0)
    method: POST
    uri: https://fake_url.azurecr.io/oauth2/exchange
  response:
    body:
      string: '{"refresh_token": "REDACTED"}'
    headers:
      connection: keep-alive
      content-type: application/json; charset=utf-8
      date: Mon, 05 Apr 2021 17:58:19 GMT
      server: openresty
      strict-transport-security: max-age=31536000; includeSubDomains
      transfer-encoding: chunked
      x-ms-ratelimit-remaining-calls-per-second: '333.3'
    status:
      code: 200
      message: OK
    url: https://seankane.azurecr.io/oauth2/exchange
- request:
    body:
      grant_type: refresh_token
      refresh_token: REDACTED
      scope: repository:repo308e19dd:metadata_read
      service: seankane.azurecr.io
    headers:
      Accept:
      - application/json
      User-Agent:
      - azsdk-python-azure-containerregistry/1.0.0b1 Python/3.9.0rc1 (Windows-10-10.0.19041-SP0)
    method: POST
    uri: https://fake_url.azurecr.io/oauth2/token
  response:
    body:
      string: '{"access_token": "REDACTED"}'
    headers:
      connection: keep-alive
      content-type: application/json; charset=utf-8
      date: Mon, 05 Apr 2021 17:58:19 GMT
      server: openresty
      strict-transport-security: max-age=31536000; includeSubDomains
      transfer-encoding: chunked
      x-ms-ratelimit-remaining-calls-per-second: '333.283333'
    status:
      code: 200
      message: OK
    url: https://seankane.azurecr.io/oauth2/token
- request:
    body: null
    headers:
      Accept:
      - application/json
      User-Agent:
      - azsdk-python-azure-containerregistry/1.0.0b1 Python/3.9.0rc1 (Windows-10-10.0.19041-SP0)
    method: GET
    uri: https://fake_url.azurecr.io/acr/v1/repo308e19dd/_tags/tag308e19dd
  response:
    body:
      string: '{"registry":"fake_url.azurecr.io","imageName":"repo308e19dd","tag":{"name":"tag308e19dd","digest":"sha256:308866a43596e83578c7dfa15e27a73011bdd402185a84c5cd7f32a88b501a24","createdTime":"2021-03-31T15:28:44.8030566Z","lastUpdateTime":"2021-03-31T15:28:44.8030566Z","signed":false,"changeableAttributes":{"deleteEnabled":false,"writeEnabled":false,"readEnabled":false,"listEnabled":false}}}

        '
    headers:
      access-control-expose-headers: X-Ms-Correlation-Request-Id
      connection: keep-alive
      content-length: '390'
      content-type: application/json; charset=utf-8
      date: Mon, 05 Apr 2021 17:58:19 GMT
      docker-distribution-api-version: registry/2.0
      server: openresty
      strict-transport-security: max-age=31536000; includeSubDomains
      x-content-type-options: nosniff
    status:
      code: 200
      message: OK
    url: https://seankane.azurecr.io/acr/v1/repo308e19dd/_tags/tag308e19dd
- request:
    body: '{"deleteEnabled": false, "writeEnabled": false, "listEnabled": false, "readEnabled":
      false}'
    headers:
      Accept:
      - application/json
      Content-Length:
      - '91'
      Content-Type:
      - application/json
      User-Agent:
      - azsdk-python-azure-containerregistry/1.0.0b1 Python/3.9.0rc1 (Windows-10-10.0.19041-SP0)
    method: PATCH
    uri: https://fake_url.azurecr.io/acr/v1/repo308e19dd/_tags/tag308e19dd
  response:
    body:
      string: '{"errors":[{"code":"UNAUTHORIZED","message":"authentication required,
        visit https://aka.ms/acr/authorization for more information.","detail":[{"Type":"repository","Name":"repo308e19dd","Action":"metadata_write"}]}]}

        '
    headers:
      access-control-expose-headers: X-Ms-Correlation-Request-Id
      connection: keep-alive
      content-length: '216'
      content-type: application/json; charset=utf-8
      date: Mon, 05 Apr 2021 17:58:19 GMT
      docker-distribution-api-version: registry/2.0
      server: openresty
      strict-transport-security: max-age=31536000; includeSubDomains
      www-authenticate: Bearer realm="https://fake_url.azurecr.io/oauth2/token",service="fake_url.azurecr.io",scope="fake_scope",error="invalid_token"
      x-content-type-options: nosniff
    status:
      code: 401
      message: Unauthorized
    url: https://seankane.azurecr.io/acr/v1/repo308e19dd/_tags/tag308e19dd
- request:
    body:
      access_token: REDACTED
      grant_type: access_token
      service: seankane.azurecr.io
    headers:
      Accept:
      - application/json
      User-Agent:
      - azsdk-python-azure-containerregistry/1.0.0b1 Python/3.9.0rc1 (Windows-10-10.0.19041-SP0)
    method: POST
    uri: https://fake_url.azurecr.io/oauth2/exchange
  response:
    body:
      string: '{"refresh_token": "REDACTED"}'
    headers:
      connection: keep-alive
      content-type: application/json; charset=utf-8
      date: Mon, 05 Apr 2021 17:58:20 GMT
      server: openresty
      strict-transport-security: max-age=31536000; includeSubDomains
      transfer-encoding: chunked
      x-ms-ratelimit-remaining-calls-per-second: '333.266667'
    status:
      code: 200
      message: OK
    url: https://seankane.azurecr.io/oauth2/exchange
- request:
    body:
      grant_type: refresh_token
      refresh_token: REDACTED
      scope: repository:repo308e19dd:metadata_write
      service: seankane.azurecr.io
    headers:
      Accept:
      - application/json
      User-Agent:
      - azsdk-python-azure-containerregistry/1.0.0b1 Python/3.9.0rc1 (Windows-10-10.0.19041-SP0)
    method: POST
    uri: https://fake_url.azurecr.io/oauth2/token
  response:
    body:
      string: '{"access_token": "REDACTED"}'
    headers:
      connection: keep-alive
      content-type: application/json; charset=utf-8
      date: Mon, 05 Apr 2021 17:58:20 GMT
      server: openresty
      strict-transport-security: max-age=31536000; includeSubDomains
      transfer-encoding: chunked
      x-ms-ratelimit-remaining-calls-per-second: '333.25'
    status:
      code: 200
      message: OK
    url: https://seankane.azurecr.io/oauth2/token
- request:
    body: '{"deleteEnabled": false, "writeEnabled": false, "listEnabled": false, "readEnabled":
      false}'
    headers:
      Accept:
      - application/json
      Content-Length:
      - '91'
      Content-Type:
      - application/json
      User-Agent:
      - azsdk-python-azure-containerregistry/1.0.0b1 Python/3.9.0rc1 (Windows-10-10.0.19041-SP0)
    method: PATCH
    uri: https://fake_url.azurecr.io/acr/v1/repo308e19dd/_tags/tag308e19dd
  response:
    body:
      string: '{"registry":"fake_url.azurecr.io","imageName":"repo308e19dd","tag":{"name":"tag308e19dd","digest":"sha256:308866a43596e83578c7dfa15e27a73011bdd402185a84c5cd7f32a88b501a24","createdTime":"2021-03-31T15:28:44.8030566Z","lastUpdateTime":"2021-03-31T15:28:44.8030566Z","signed":false,"changeableAttributes":{"deleteEnabled":false,"writeEnabled":false,"readEnabled":false,"listEnabled":false}}}

        '
    headers:
      access-control-expose-headers: X-Ms-Correlation-Request-Id
      connection: keep-alive
      content-length: '390'
      content-type: application/json; charset=utf-8
      date: Mon, 05 Apr 2021 17:58:20 GMT
      docker-distribution-api-version: registry/2.0
      server: openresty
      strict-transport-security: max-age=31536000; includeSubDomains
      x-content-type-options: nosniff
    status:
      code: 200
      message: OK
    url: https://seankane.azurecr.io/acr/v1/repo308e19dd/_tags/tag308e19dd
version: 1
