interactions:
- request:
    body: null
    headers:
      Accept:
      - application/json
      User-Agent:
      - azsdk-python-azure-containerregistry/1.0.0b2 Python/3.9.0rc1 (Windows-10-10.0.19041-SP0)
    method: GET
    uri: https://fake_url.azurecr.io/acr/v1/repoaf17178c/_tags/tagaf17178c
  response:
    body:
      string: '{"errors": [{"code": "UNAUTHORIZED", "message": "authentication required,
        visit https://aka.ms/acr/authorization for more information.", "detail": [{"Type":
        "repository", "Name": "repoaf17178c", "Action": "metadata_read"}]}]}'
    headers:
      access-control-expose-headers: X-Ms-Correlation-Request-Id
      connection: keep-alive
      content-length: '215'
      content-type: application/json; charset=utf-8
      date: Wed, 19 May 2021 21:07:28 GMT
      docker-distribution-api-version: registry/2.0
      server: openresty
      strict-transport-security: max-age=31536000; includeSubDomains
      www-authenticate: Bearer realm="https://fake_url.azurecr.io/oauth2/token",service="fake_url.azurecr.io",scope="fake_scope",error="invalid_token"
      x-content-type-options: nosniff
    status:
      code: 401
      message: Unauthorized
    url: https://fake_url.azurecr.io/acr/v1/repoaf17178c/_tags/tagaf17178c
- request:
    body:
      access_token: REDACTED
      grant_type: access_token
      service: fake_url.azurecr.io
    headers:
      Accept:
      - application/json
      User-Agent:
      - azsdk-python-azure-containerregistry/1.0.0b2 Python/3.9.0rc1 (Windows-10-10.0.19041-SP0)
    method: POST
    uri: https://fake_url.azurecr.io/oauth2/exchange
  response:
    body:
      string: '{"refresh_token": "REDACTED"}'
    headers:
      connection: keep-alive
      content-type: application/json; charset=utf-8
      date: Wed, 19 May 2021 21:07:30 GMT
      server: openresty
      strict-transport-security: max-age=31536000; includeSubDomains
      transfer-encoding: chunked
      x-ms-ratelimit-remaining-calls-per-second: '166.55'
    status:
      code: 200
      message: OK
    url: https://fake_url.azurecr.io/oauth2/exchange
- request:
    body:
      grant_type: refresh_token
      refresh_token: REDACTED
      scope: repository:repoaf17178c:metadata_read
      service: fake_url.azurecr.io
    headers:
      Accept:
      - application/json
      User-Agent:
      - azsdk-python-azure-containerregistry/1.0.0b2 Python/3.9.0rc1 (Windows-10-10.0.19041-SP0)
    method: POST
    uri: https://fake_url.azurecr.io/oauth2/token
  response:
    body:
      string: '{"access_token": "REDACTED"}'
    headers:
      connection: keep-alive
      content-type: application/json; charset=utf-8
      date: Wed, 19 May 2021 21:07:30 GMT
      server: openresty
      strict-transport-security: max-age=31536000; includeSubDomains
      transfer-encoding: chunked
      x-ms-ratelimit-remaining-calls-per-second: '166.533333'
    status:
      code: 200
      message: OK
    url: https://fake_url.azurecr.io/oauth2/token
- request:
    body: null
    headers:
      Accept:
      - application/json
      User-Agent:
      - azsdk-python-azure-containerregistry/1.0.0b2 Python/3.9.0rc1 (Windows-10-10.0.19041-SP0)
    method: GET
    uri: https://fake_url.azurecr.io/acr/v1/repoaf17178c/_tags/tagaf17178c
  response:
    body:
      string: '{"registry": "fake_url.azurecr.io", "imageName": "repoaf17178c", "tag":
        {"name": "tagaf17178c", "digest": "sha256:5122f6204b6a3596e048758cabba3c46b1c937a46b5be6225b835d091b90e46c",
        "createdTime": "2021-05-19T21:07:00.8237749Z", "lastUpdateTime": "2021-05-19T21:07:00.8237749Z",
        "signed": false, "changeableAttributes": {"deleteEnabled": true, "writeEnabled":
        true, "readEnabled": true, "listEnabled": true}}}'
    headers:
      access-control-expose-headers: X-Ms-Correlation-Request-Id
      connection: keep-alive
      content-length: '386'
      content-type: application/json; charset=utf-8
      date: Wed, 19 May 2021 21:07:30 GMT
      docker-distribution-api-version: registry/2.0
      server: openresty
      strict-transport-security: max-age=31536000; includeSubDomains
      x-content-type-options: nosniff
    status:
      code: 200
      message: OK
    url: https://fake_url.azurecr.io/acr/v1/repoaf17178c/_tags/tagaf17178c
- request:
    body: null
    headers:
      Accept:
      - application/json
      User-Agent:
      - azsdk-python-azure-containerregistry/1.0.0b2 Python/3.9.0rc1 (Windows-10-10.0.19041-SP0)
    method: DELETE
    uri: https://fake_url.azurecr.io/v2/repoaf17178c/manifests/sha256:5122f6204b6a3596e048758cabba3c46b1c937a46b5be6225b835d091b90e46c
  response:
    body:
      string: '{"errors": [{"code": "UNAUTHORIZED", "message": "authentication required,
        visit https://aka.ms/acr/authorization for more information.", "detail": [{"Type":
        "repository", "Name": "repoaf17178c", "Action": "delete"}]}]}'
    headers:
      access-control-expose-headers: X-Ms-Correlation-Request-Id
      connection: keep-alive
      content-length: '208'
      content-type: application/json; charset=utf-8
      date: Wed, 19 May 2021 21:07:30 GMT
      docker-distribution-api-version: registry/2.0
      server: openresty
      strict-transport-security: max-age=31536000; includeSubDomains
      www-authenticate: Bearer realm="https://fake_url.azurecr.io/oauth2/token",service="fake_url.azurecr.io",scope="fake_scope",error="invalid_token"
      x-content-type-options: nosniff
    status:
      code: 401
      message: Unauthorized
    url: https://fake_url.azurecr.io/v2/repoaf17178c/manifests/sha256:5122f6204b6a3596e048758cabba3c46b1c937a46b5be6225b835d091b90e46c
- request:
    body:
      grant_type: refresh_token
      refresh_token: REDACTED
      scope: repository:repoaf17178c:delete
      service: fake_url.azurecr.io
    headers:
      Accept:
      - application/json
      User-Agent:
      - azsdk-python-azure-containerregistry/1.0.0b2 Python/3.9.0rc1 (Windows-10-10.0.19041-SP0)
    method: POST
    uri: https://fake_url.azurecr.io/oauth2/token
  response:
    body:
      string: '{"access_token": "REDACTED"}'
    headers:
      connection: keep-alive
      content-type: application/json; charset=utf-8
      date: Wed, 19 May 2021 21:07:30 GMT
      server: openresty
      strict-transport-security: max-age=31536000; includeSubDomains
      transfer-encoding: chunked
      x-ms-ratelimit-remaining-calls-per-second: '166.516667'
    status:
      code: 200
      message: OK
    url: https://fake_url.azurecr.io/oauth2/token
- request:
    body: null
    headers:
      Accept:
      - application/json
      User-Agent:
      - azsdk-python-azure-containerregistry/1.0.0b2 Python/3.9.0rc1 (Windows-10-10.0.19041-SP0)
    method: DELETE
    uri: https://fake_url.azurecr.io/v2/repoaf17178c/manifests/sha256:5122f6204b6a3596e048758cabba3c46b1c937a46b5be6225b835d091b90e46c
  response:
    body:
      string: ''
    headers:
      access-control-expose-headers: X-Ms-Correlation-Request-Id
      connection: keep-alive
      content-length: '0'
      date: Wed, 19 May 2021 21:07:31 GMT
      docker-distribution-api-version: registry/2.0
      server: openresty
      strict-transport-security: max-age=31536000; includeSubDomains
      x-content-type-options: nosniff
      x-ms-ratelimit-remaining-calls-per-second: '8.000000'
    status:
      code: 202
      message: Accepted
    url: https://fake_url.azurecr.io/v2/repoaf17178c/manifests/sha256:5122f6204b6a3596e048758cabba3c46b1c937a46b5be6225b835d091b90e46c
- request:
    body: null
    headers:
      Accept:
      - application/json
      User-Agent:
      - azsdk-python-azure-containerregistry/1.0.0b2 Python/3.9.0rc1 (Windows-10-10.0.19041-SP0)
    method: GET
    uri: https://fake_url.azurecr.io/acr/v1/repoaf17178c/_tags/tagaf17178c
  response:
    body:
      string: '{"errors": [{"code": "UNAUTHORIZED", "message": "authentication required,
        visit https://aka.ms/acr/authorization for more information.", "detail": [{"Type":
        "repository", "Name": "repoaf17178c", "Action": "metadata_read"}]}]}'
    headers:
      access-control-expose-headers: X-Ms-Correlation-Request-Id
      connection: keep-alive
      content-length: '215'
      content-type: application/json; charset=utf-8
      date: Wed, 19 May 2021 21:07:41 GMT
      docker-distribution-api-version: registry/2.0
      server: openresty
      strict-transport-security: max-age=31536000; includeSubDomains
      www-authenticate: Bearer realm="https://fake_url.azurecr.io/oauth2/token",service="fake_url.azurecr.io",scope="fake_scope",error="invalid_token"
      x-content-type-options: nosniff
    status:
      code: 401
      message: Unauthorized
    url: https://fake_url.azurecr.io/acr/v1/repoaf17178c/_tags/tagaf17178c
- request:
    body:
      grant_type: refresh_token
      refresh_token: REDACTED
      scope: repository:repoaf17178c:metadata_read
      service: fake_url.azurecr.io
    headers:
      Accept:
      - application/json
      User-Agent:
      - azsdk-python-azure-containerregistry/1.0.0b2 Python/3.9.0rc1 (Windows-10-10.0.19041-SP0)
    method: POST
    uri: https://fake_url.azurecr.io/oauth2/token
  response:
    body:
      string: '{"access_token": "REDACTED"}'
    headers:
      connection: keep-alive
      content-type: application/json; charset=utf-8
      date: Wed, 19 May 2021 21:07:41 GMT
      server: openresty
      strict-transport-security: max-age=31536000; includeSubDomains
      transfer-encoding: chunked
      x-ms-ratelimit-remaining-calls-per-second: '166.5'
    status:
      code: 200
      message: OK
    url: https://fake_url.azurecr.io/oauth2/token
- request:
    body: null
    headers:
      Accept:
      - application/json
      User-Agent:
      - azsdk-python-azure-containerregistry/1.0.0b2 Python/3.9.0rc1 (Windows-10-10.0.19041-SP0)
    method: GET
    uri: https://fake_url.azurecr.io/acr/v1/repoaf17178c/_tags/tagaf17178c
  response:
    body:
      string: '{"errors": [{"code": "TAG_UNKNOWN", "message": "the specified tag does
        not exist"}]}'
    headers:
      access-control-expose-headers: X-Ms-Correlation-Request-Id
      connection: keep-alive
      content-length: '81'
      content-type: application/json; charset=utf-8
      date: Wed, 19 May 2021 21:07:41 GMT
      docker-distribution-api-version: registry/2.0
      server: openresty
      strict-transport-security: max-age=31536000; includeSubDomains
      x-content-type-options: nosniff
    status:
      code: 404
      message: Not Found
    url: https://fake_url.azurecr.io/acr/v1/repoaf17178c/_tags/tagaf17178c
version: 1
