interactions:
- request:
    body: null
    headers:
      Accept:
      - application/json
      User-Agent:
      - azsdk-python-azure-containerregistry/1.0.0b2 Python/3.9.0rc1 (Windows-10-10.0.19041-SP0)
    method: DELETE
    uri: https://fake_url.azurecr.io/acr/v1/repo9cb4121e/_tags/tag9cb4121e0
  response:
    body:
      string: '{"errors": [{"code": "UNAUTHORIZED", "message": "authentication required,
        visit https://aka.ms/acr/authorization for more information.", "detail": [{"Type":
        "repository", "Name": "repo9cb4121e", "Action": "delete"}]}]}'
    headers:
      access-control-expose-headers: X-Ms-Correlation-Request-Id
      connection: keep-alive
      content-length: '208'
      content-type: application/json; charset=utf-8
      date: Thu, 06 May 2021 20:00:51 GMT
      docker-distribution-api-version: registry/2.0
      server: openresty
      strict-transport-security: max-age=31536000; includeSubDomains
      www-authenticate: Bearer realm="https://fake_url.azurecr.io/oauth2/token",service="fake_url.azurecr.io",scope="fake_scope",error="invalid_token"
      x-content-type-options: nosniff
    status:
      code: 401
      message: Unauthorized
    url: https://fake_url.azurecr.io/acr/v1/repo9cb4121e/_tags/tag9cb4121e0
- request:
    body:
      access_token: REDACTED
      grant_type: access_token
      service: fake_url.azurecr.io
    headers:
      Accept:
      - application/json
      User-Agent:
      - azsdk-python-azure-containerregistry/1.0.0b2 Python/3.9.0rc1 (Windows-10-10.0.19041-SP0)
    method: POST
    uri: https://fake_url.azurecr.io/oauth2/exchange
  response:
    body:
      string: '{"refresh_token": "REDACTED"}'
    headers:
      connection: keep-alive
      content-type: application/json; charset=utf-8
      date: Thu, 06 May 2021 20:00:52 GMT
      server: openresty
      strict-transport-security: max-age=31536000; includeSubDomains
      transfer-encoding: chunked
      x-ms-ratelimit-remaining-calls-per-second: '166.65'
    status:
      code: 200
      message: OK
    url: https://fake_url.azurecr.io/oauth2/exchange
- request:
    body:
      grant_type: refresh_token
      refresh_token: REDACTED
      scope: repository:repo9cb4121e:delete
      service: fake_url.azurecr.io
    headers:
      Accept:
      - application/json
      User-Agent:
      - azsdk-python-azure-containerregistry/1.0.0b2 Python/3.9.0rc1 (Windows-10-10.0.19041-SP0)
    method: POST
    uri: https://fake_url.azurecr.io/oauth2/token
  response:
    body:
      string: '{"access_token": "REDACTED"}'
    headers:
      connection: keep-alive
      content-type: application/json; charset=utf-8
      date: Thu, 06 May 2021 20:00:52 GMT
      server: openresty
      strict-transport-security: max-age=31536000; includeSubDomains
      transfer-encoding: chunked
      x-ms-ratelimit-remaining-calls-per-second: '166.633333'
    status:
      code: 200
      message: OK
    url: https://fake_url.azurecr.io/oauth2/token
- request:
    body: null
    headers:
      Accept:
      - application/json
      User-Agent:
      - azsdk-python-azure-containerregistry/1.0.0b2 Python/3.9.0rc1 (Windows-10-10.0.19041-SP0)
    method: DELETE
    uri: https://fake_url.azurecr.io/acr/v1/repo9cb4121e/_tags/tag9cb4121e0
  response:
    body:
      string: ''
    headers:
      access-control-expose-headers: X-Ms-Correlation-Request-Id
      connection: keep-alive
      content-length: '0'
      date: Thu, 06 May 2021 20:00:52 GMT
      docker-distribution-api-version: registry/2.0
      server: openresty
      strict-transport-security: max-age=31536000; includeSubDomains
      x-content-type-options: nosniff
      x-ms-int-docker-content-digest: sha256:f2266cbfc127c960fd30e76b7c792dc23b588c0db76233517e1891a4e357d519
      x-ms-ratelimit-remaining-calls-per-second: '8.000000'
    status:
      code: 202
      message: Accepted
    url: https://fake_url.azurecr.io/acr/v1/repo9cb4121e/_tags/tag9cb4121e0
- request:
    body: null
    headers:
      Accept:
      - application/json
      User-Agent:
      - azsdk-python-azure-containerregistry/1.0.0b2 Python/3.9.0rc1 (Windows-10-10.0.19041-SP0)
    method: GET
    uri: https://fake_url.azurecr.io/acr/v1/repo9cb4121e/_tags
  response:
    body:
      string: '{"errors": [{"code": "UNAUTHORIZED", "message": "authentication required,
        visit https://aka.ms/acr/authorization for more information.", "detail": [{"Type":
        "repository", "Name": "repo9cb4121e", "Action": "metadata_read"}]}]}'
    headers:
      access-control-expose-headers: X-Ms-Correlation-Request-Id
      connection: keep-alive
      content-length: '215'
      content-type: application/json; charset=utf-8
      date: Thu, 06 May 2021 20:00:53 GMT
      docker-distribution-api-version: registry/2.0
      server: openresty
      strict-transport-security: max-age=31536000; includeSubDomains
      www-authenticate: Bearer realm="https://fake_url.azurecr.io/oauth2/token",service="fake_url.azurecr.io",scope="fake_scope",error="invalid_token"
      x-content-type-options: nosniff
    status:
      code: 401
      message: Unauthorized
    url: https://fake_url.azurecr.io/acr/v1/repo9cb4121e/_tags
- request:
    body:
      grant_type: refresh_token
      refresh_token: REDACTED
      scope: repository:repo9cb4121e:metadata_read
      service: fake_url.azurecr.io
    headers:
      Accept:
      - application/json
      User-Agent:
      - azsdk-python-azure-containerregistry/1.0.0b2 Python/3.9.0rc1 (Windows-10-10.0.19041-SP0)
    method: POST
    uri: https://fake_url.azurecr.io/oauth2/token
  response:
    body:
      string: '{"access_token": "REDACTED"}'
    headers:
      connection: keep-alive
      content-type: application/json; charset=utf-8
      date: Thu, 06 May 2021 20:00:53 GMT
      server: openresty
      strict-transport-security: max-age=31536000; includeSubDomains
      transfer-encoding: chunked
      x-ms-ratelimit-remaining-calls-per-second: '166.616667'
    status:
      code: 200
      message: OK
    url: https://fake_url.azurecr.io/oauth2/token
- request:
    body: null
    headers:
      Accept:
      - application/json
      User-Agent:
      - azsdk-python-azure-containerregistry/1.0.0b2 Python/3.9.0rc1 (Windows-10-10.0.19041-SP0)
    method: GET
    uri: https://fake_url.azurecr.io/acr/v1/repo9cb4121e/_tags
  response:
    body:
      string: '{"registry": "fake_url.azurecr.io", "imageName": "repo9cb4121e", "tags":
        [{"name": "tag9cb4121e1", "digest": "sha256:f2266cbfc127c960fd30e76b7c792dc23b588c0db76233517e1891a4e357d519",
        "createdTime": "2021-04-28T15:40:06.2665877Z", "lastUpdateTime": "2021-04-28T15:40:06.2665877Z",
        "signed": false, "changeableAttributes": {"deleteEnabled": true, "writeEnabled":
        true, "readEnabled": true, "listEnabled": true}}, {"name": "tag9cb4121e2",
        "digest": "sha256:f2266cbfc127c960fd30e76b7c792dc23b588c0db76233517e1891a4e357d519",
        "createdTime": "2021-04-28T15:40:05.5686367Z", "lastUpdateTime": "2021-04-28T15:40:05.5686367Z",
        "signed": false, "changeableAttributes": {"deleteEnabled": true, "writeEnabled":
        true, "readEnabled": true, "listEnabled": true}}, {"name": "tag9cb4121e3",
        "digest": "sha256:f2266cbfc127c960fd30e76b7c792dc23b588c0db76233517e1891a4e357d519",
        "createdTime": "2021-04-28T15:40:05.2533005Z", "lastUpdateTime": "2021-04-28T15:40:05.2533005Z",
        "signed": false, "changeableAttributes": {"deleteEnabled": true, "writeEnabled":
        true, "readEnabled": true, "listEnabled": true}}]}'
    headers:
      access-control-expose-headers: X-Ms-Correlation-Request-Id
      connection: keep-alive
      content-length: '1028'
      content-type: application/json; charset=utf-8
      date: Thu, 06 May 2021 20:00:53 GMT
      docker-distribution-api-version: registry/2.0
      server: openresty
      strict-transport-security: max-age=31536000; includeSubDomains
      x-content-type-options: nosniff
    status:
      code: 200
      message: OK
    url: https://fake_url.azurecr.io/acr/v1/repo9cb4121e/_tags
version: 1
