interactions:
- request:
    body: null
    headers:
      Accept:
      - application/json
      Accept-Encoding:
      - gzip, deflate
      Connection:
      - keep-alive
      Content-Length:
      - '0'
      User-Agent:
      - azsdk-python-azure-containerregistry/1.0.0b1 Python/3.9.0rc1 (Windows-10-10.0.19041-SP0)
    method: DELETE
    uri: https://fake_url.azurecr.io/acr/v1/hello-world/_tags/to_be_deleted
  response:
    body:
      string: '{"errors":[{"code":"UNAUTHORIZED","message":"authentication required,
        visit https://aka.ms/acr/authorization for more information.","detail":[{"Type":"repository","Name":"hello-world","Action":"delete"}]}]}

        '
    headers:
      access-control-expose-headers:
      - Docker-Content-Digest
      - WWW-Authenticate
      - Link
      - X-Ms-Correlation-Request-Id
      connection:
      - keep-alive
      content-length:
      - '207'
      content-type:
      - application/json; charset=utf-8
      date:
      - Mon, 05 Apr 2021 12:20:55 GMT
      docker-distribution-api-version:
      - registry/2.0
      server:
      - openresty
      strict-transport-security:
      - max-age=31536000; includeSubDomains
      - max-age=31536000; includeSubDomains
      www-authenticate: Bearer realm="https://fake_url.azurecr.io/oauth2/token",service="fake_url.azurecr.io",scope="fake_scope",error="invalid_token"
      x-content-type-options:
      - nosniff
    status:
      code: 401
      message: Unauthorized
- request:
    body: grant_type=access_token&service=seankane.azurecr.io&access_token=REDACTED
    headers:
      Accept:
      - application/json
      Accept-Encoding:
      - gzip, deflate
      Connection:
      - keep-alive
      Content-Length:
      - '1343'
      Content-Type:
      - application/x-www-form-urlencoded
      User-Agent:
      - azsdk-python-azure-containerregistry/1.0.0b1 Python/3.9.0rc1 (Windows-10-10.0.19041-SP0)
    method: POST
    uri: https://fake_url.azurecr.io/oauth2/exchange
  response:
    body:
      string: '{"refresh_token": "REDACTED"}'
    headers:
      connection:
      - keep-alive
      content-type:
      - application/json; charset=utf-8
      date:
      - Mon, 05 Apr 2021 12:20:57 GMT
      server:
      - openresty
      strict-transport-security:
      - max-age=31536000; includeSubDomains
      transfer-encoding:
      - chunked
      x-ms-ratelimit-remaining-calls-per-second:
      - '332.9'
    status:
      code: 200
      message: OK
- request:
    body: grant_type=refresh_token&service=seankane.azurecr.io&scope=repository%3Ahello-world%3Adelete&refresh_token=REDACTED
    headers:
      Accept:
      - application/json
      Accept-Encoding:
      - gzip, deflate
      Connection:
      - keep-alive
      Content-Length:
      - '1072'
      Content-Type:
      - application/x-www-form-urlencoded
      User-Agent:
      - azsdk-python-azure-containerregistry/1.0.0b1 Python/3.9.0rc1 (Windows-10-10.0.19041-SP0)
    method: POST
    uri: https://fake_url.azurecr.io/oauth2/token
  response:
    body:
      string: '{"access_token": "REDACTED"}'
    headers:
      connection:
      - keep-alive
      content-type:
      - application/json; charset=utf-8
      date:
      - Mon, 05 Apr 2021 12:20:57 GMT
      server:
      - openresty
      strict-transport-security:
      - max-age=31536000; includeSubDomains
      transfer-encoding:
      - chunked
      x-ms-ratelimit-remaining-calls-per-second:
      - '332.883333'
    status:
      code: 200
      message: OK
- request:
    body: null
    headers:
      Accept:
      - application/json
      Accept-Encoding:
      - gzip, deflate
      Connection:
      - keep-alive
      Content-Length:
      - '0'
      User-Agent:
      - azsdk-python-azure-containerregistry/1.0.0b1 Python/3.9.0rc1 (Windows-10-10.0.19041-SP0)
    method: DELETE
    uri: https://fake_url.azurecr.io/acr/v1/hello-world/_tags/to_be_deleted
  response:
    body:
      string: '{"errors":[{"code":"TAG_UNKNOWN","message":"the specified tag does
        not exist"}]}

        '
    headers:
      access-control-expose-headers:
      - Docker-Content-Digest
      - WWW-Authenticate
      - Link
      - X-Ms-Correlation-Request-Id
      connection:
      - keep-alive
      content-length:
      - '81'
      content-type:
      - application/json; charset=utf-8
      date:
      - Mon, 05 Apr 2021 12:20:57 GMT
      docker-distribution-api-version:
      - registry/2.0
      server:
      - openresty
      strict-transport-security:
      - max-age=31536000; includeSubDomains
      - max-age=31536000; includeSubDomains
      x-content-type-options:
      - nosniff
      x-ms-ratelimit-remaining-calls-per-second:
      - '32.000000'
    status:
      code: 404
      message: Not Found
version: 1
