interactions:
- request:
    body: null
    headers:
      Accept:
      - application/json
      User-Agent:
      - azsdk-python-azure-containerregistry/0.0.1 Python/3.9.0rc1 (Windows-10-10.0.19041-SP0)
    method: GET
    uri: https://fake_url.azurecr.io/acr/v1/hello-world/_tags/to_be_deleted
  response:
    body:
      string: '{"errors":[{"code":"UNAUTHORIZED","message":"authentication required,
        visit https://aka.ms/acr/authorization for more information.","detail":[{"Type":"repository","Name":"hello-world","Action":"metadata_read"}]}]}

        '
    headers:
      access-control-expose-headers: X-Ms-Correlation-Request-Id
      connection: keep-alive
      content-length: '214'
      content-type: application/json; charset=utf-8
      date: Thu, 01 Apr 2021 17:33:01 GMT
      docker-distribution-api-version: registry/2.0
      server: openresty
      strict-transport-security: max-age=31536000; includeSubDomains
      www-authenticate: Bearer realm="https://fake_url.azurecr.io/oauth2/token",service="fake_url.azurecr.io",scope="fake_scope",error="invalid_token"
      x-content-type-options: nosniff
    status:
      code: 401
      message: Unauthorized
    url: https://seankane.azurecr.io/acr/v1/hello-world/_tags/to_be_deleted
- request:
    body:
      access_token: REDACTED
      grant_type: access_token
      service: seankane.azurecr.io
    headers:
      Accept:
      - application/json
      User-Agent:
      - azsdk-python-azure-containerregistry/0.0.1 Python/3.9.0rc1 (Windows-10-10.0.19041-SP0)
    method: POST
    uri: https://fake_url.azurecr.io/oauth2/exchange
  response:
    body:
      string: '{"refresh_token": "REDACTED"}'
    headers:
      connection: keep-alive
      content-type: application/json; charset=utf-8
      date: Thu, 01 Apr 2021 17:33:03 GMT
      server: openresty
      strict-transport-security: max-age=31536000; includeSubDomains
      transfer-encoding: chunked
      x-ms-ratelimit-remaining-calls-per-second: '333.05'
    status:
      code: 200
      message: OK
    url: https://seankane.azurecr.io/oauth2/exchange
- request:
    body:
      grant_type: refresh_token
      refresh_token: REDACTED
      scope: repository:hello-world:metadata_read
      service: seankane.azurecr.io
    headers:
      Accept:
      - application/json
      User-Agent:
      - azsdk-python-azure-containerregistry/0.0.1 Python/3.9.0rc1 (Windows-10-10.0.19041-SP0)
    method: POST
    uri: https://fake_url.azurecr.io/oauth2/token
  response:
    body:
      string: '{"access_token": "REDACTED"}'
    headers:
      connection: keep-alive
      content-type: application/json; charset=utf-8
      date: Thu, 01 Apr 2021 17:33:03 GMT
      server: openresty
      strict-transport-security: max-age=31536000; includeSubDomains
      transfer-encoding: chunked
      x-ms-ratelimit-remaining-calls-per-second: '333.033333'
    status:
      code: 200
      message: OK
    url: https://seankane.azurecr.io/oauth2/token
- request:
    body: null
    headers:
      Accept:
      - application/json
      User-Agent:
      - azsdk-python-azure-containerregistry/0.0.1 Python/3.9.0rc1 (Windows-10-10.0.19041-SP0)
    method: GET
    uri: https://fake_url.azurecr.io/acr/v1/hello-world/_tags/to_be_deleted
  response:
    body:
      string: '{"registry":"fake_url.azurecr.io","imageName":"hello-world","tag":{"name":"to_be_deleted","digest":"sha256:308866a43596e83578c7dfa15e27a73011bdd402185a84c5cd7f32a88b501a24","createdTime":"2021-04-01T17:32:53.4951935Z","lastUpdateTime":"2021-04-01T17:32:53.4951935Z","signed":false,"changeableAttributes":{"deleteEnabled":true,"writeEnabled":true,"readEnabled":true,"listEnabled":true}}}

        '
    headers:
      access-control-expose-headers: X-Ms-Correlation-Request-Id
      connection: keep-alive
      content-length: '387'
      content-type: application/json; charset=utf-8
      date: Thu, 01 Apr 2021 17:33:03 GMT
      docker-distribution-api-version: registry/2.0
      server: openresty
      strict-transport-security: max-age=31536000; includeSubDomains
      x-content-type-options: nosniff
    status:
      code: 200
      message: OK
    url: https://seankane.azurecr.io/acr/v1/hello-world/_tags/to_be_deleted
- request:
    body: null
    headers:
      Accept:
      - application/json
      User-Agent:
      - azsdk-python-azure-containerregistry/0.0.1 Python/3.9.0rc1 (Windows-10-10.0.19041-SP0)
    method: DELETE
    uri: https://fake_url.azurecr.io/acr/v1/hello-world/_tags/to_be_deleted
  response:
    body:
      string: '{"errors":[{"code":"UNAUTHORIZED","message":"authentication required,
        visit https://aka.ms/acr/authorization for more information.","detail":[{"Type":"repository","Name":"hello-world","Action":"delete"}]}]}

        '
    headers:
      access-control-expose-headers: X-Ms-Correlation-Request-Id
      connection: keep-alive
      content-length: '207'
      content-type: application/json; charset=utf-8
      date: Thu, 01 Apr 2021 17:33:03 GMT
      docker-distribution-api-version: registry/2.0
      server: openresty
      strict-transport-security: max-age=31536000; includeSubDomains
      www-authenticate: Bearer realm="https://fake_url.azurecr.io/oauth2/token",service="fake_url.azurecr.io",scope="fake_scope",error="invalid_token"
      x-content-type-options: nosniff
    status:
      code: 401
      message: Unauthorized
    url: https://seankane.azurecr.io/acr/v1/hello-world/_tags/to_be_deleted
- request:
    body:
      access_token: REDACTED
      grant_type: access_token
      service: seankane.azurecr.io
    headers:
      Accept:
      - application/json
      User-Agent:
      - azsdk-python-azure-containerregistry/0.0.1 Python/3.9.0rc1 (Windows-10-10.0.19041-SP0)
    method: POST
    uri: https://fake_url.azurecr.io/oauth2/exchange
  response:
    body:
      string: '{"refresh_token": "REDACTED"}'
    headers:
      connection: keep-alive
      content-type: application/json; charset=utf-8
      date: Thu, 01 Apr 2021 17:33:03 GMT
      server: openresty
      strict-transport-security: max-age=31536000; includeSubDomains
      transfer-encoding: chunked
      x-ms-ratelimit-remaining-calls-per-second: '333.016667'
    status:
      code: 200
      message: OK
    url: https://seankane.azurecr.io/oauth2/exchange
- request:
    body:
      grant_type: refresh_token
      refresh_token: REDACTED
      scope: repository:hello-world:delete
      service: seankane.azurecr.io
    headers:
      Accept:
      - application/json
      User-Agent:
      - azsdk-python-azure-containerregistry/0.0.1 Python/3.9.0rc1 (Windows-10-10.0.19041-SP0)
    method: POST
    uri: https://fake_url.azurecr.io/oauth2/token
  response:
    body:
      string: '{"access_token": "REDACTED"}'
    headers:
      connection: keep-alive
      content-type: application/json; charset=utf-8
      date: Thu, 01 Apr 2021 17:33:03 GMT
      server: openresty
      strict-transport-security: max-age=31536000; includeSubDomains
      transfer-encoding: chunked
      x-ms-ratelimit-remaining-calls-per-second: '333'
    status:
      code: 200
      message: OK
    url: https://seankane.azurecr.io/oauth2/token
- request:
    body: null
    headers:
      Accept:
      - application/json
      User-Agent:
      - azsdk-python-azure-containerregistry/0.0.1 Python/3.9.0rc1 (Windows-10-10.0.19041-SP0)
    method: DELETE
    uri: https://fake_url.azurecr.io/acr/v1/hello-world/_tags/to_be_deleted
  response:
    body:
      string: ''
    headers:
      access-control-expose-headers: X-Ms-Correlation-Request-Id
      connection: keep-alive
      content-length: '0'
      date: Thu, 01 Apr 2021 17:33:04 GMT
      docker-distribution-api-version: registry/2.0
      server: openresty
      strict-transport-security: max-age=31536000; includeSubDomains
      x-content-type-options: nosniff
      x-ms-int-docker-content-digest: sha256:308866a43596e83578c7dfa15e27a73011bdd402185a84c5cd7f32a88b501a24
      x-ms-ratelimit-remaining-calls-per-second: '32.000000'
    status:
      code: 202
      message: Accepted
    url: https://seankane.azurecr.io/acr/v1/hello-world/_tags/to_be_deleted
- request:
    body: null
    headers:
      Accept:
      - application/json
      User-Agent:
      - azsdk-python-azure-containerregistry/0.0.1 Python/3.9.0rc1 (Windows-10-10.0.19041-SP0)
    method: GET
    uri: https://fake_url.azurecr.io/acr/v1/hello-world/_tags/to_be_deleted
  response:
    body:
      string: '{"errors":[{"code":"UNAUTHORIZED","message":"authentication required,
        visit https://aka.ms/acr/authorization for more information.","detail":[{"Type":"repository","Name":"hello-world","Action":"metadata_read"}]}]}

        '
    headers:
      access-control-expose-headers: X-Ms-Correlation-Request-Id
      connection: keep-alive
      content-length: '214'
      content-type: application/json; charset=utf-8
      date: Thu, 01 Apr 2021 17:33:14 GMT
      docker-distribution-api-version: registry/2.0
      server: openresty
      strict-transport-security: max-age=31536000; includeSubDomains
      www-authenticate: Bearer realm="https://fake_url.azurecr.io/oauth2/token",service="fake_url.azurecr.io",scope="fake_scope",error="invalid_token"
      x-content-type-options: nosniff
    status:
      code: 401
      message: Unauthorized
    url: https://seankane.azurecr.io/acr/v1/hello-world/_tags/to_be_deleted
- request:
    body:
      access_token: REDACTED
      grant_type: access_token
      service: seankane.azurecr.io
    headers:
      Accept:
      - application/json
      User-Agent:
      - azsdk-python-azure-containerregistry/0.0.1 Python/3.9.0rc1 (Windows-10-10.0.19041-SP0)
    method: POST
    uri: https://fake_url.azurecr.io/oauth2/exchange
  response:
    body:
      string: '{"refresh_token": "REDACTED"}'
    headers:
      connection: keep-alive
      content-type: application/json; charset=utf-8
      date: Thu, 01 Apr 2021 17:33:14 GMT
      server: openresty
      strict-transport-security: max-age=31536000; includeSubDomains
      transfer-encoding: chunked
      x-ms-ratelimit-remaining-calls-per-second: '332.983333'
    status:
      code: 200
      message: OK
    url: https://seankane.azurecr.io/oauth2/exchange
- request:
    body:
      grant_type: refresh_token
      refresh_token: REDACTED
      scope: repository:hello-world:metadata_read
      service: seankane.azurecr.io
    headers:
      Accept:
      - application/json
      User-Agent:
      - azsdk-python-azure-containerregistry/0.0.1 Python/3.9.0rc1 (Windows-10-10.0.19041-SP0)
    method: POST
    uri: https://fake_url.azurecr.io/oauth2/token
  response:
    body:
      string: '{"access_token": "REDACTED"}'
    headers:
      connection: keep-alive
      content-type: application/json; charset=utf-8
      date: Thu, 01 Apr 2021 17:33:14 GMT
      server: openresty
      strict-transport-security: max-age=31536000; includeSubDomains
      transfer-encoding: chunked
      x-ms-ratelimit-remaining-calls-per-second: '332.966667'
    status:
      code: 200
      message: OK
    url: https://seankane.azurecr.io/oauth2/token
- request:
    body: null
    headers:
      Accept:
      - application/json
      User-Agent:
      - azsdk-python-azure-containerregistry/0.0.1 Python/3.9.0rc1 (Windows-10-10.0.19041-SP0)
    method: GET
    uri: https://fake_url.azurecr.io/acr/v1/hello-world/_tags/to_be_deleted
  response:
    body:
      string: '{"errors":[{"code":"TAG_UNKNOWN","message":"the specified tag does
        not exist"}]}

        '
    headers:
      access-control-expose-headers: X-Ms-Correlation-Request-Id
      connection: keep-alive
      content-length: '81'
      content-type: application/json; charset=utf-8
      date: Thu, 01 Apr 2021 17:33:14 GMT
      docker-distribution-api-version: registry/2.0
      server: openresty
      strict-transport-security: max-age=31536000; includeSubDomains
      x-content-type-options: nosniff
    status:
      code: 404
      message: Not Found
    url: https://seankane.azurecr.io/acr/v1/hello-world/_tags/to_be_deleted
version: 1
