interactions:
- request:
    body: null
    headers:
      Accept:
      - application/json
      Accept-Encoding:
      - gzip, deflate
      Connection:
      - keep-alive
      User-Agent:
      - azsdk-python-azure-containerregistry/1.0.0b7 Python/3.9.2 (Windows-10-10.0.22000-SP0)
    method: GET
    uri: https://fake_url.azurecr.io/acr/v1/repo27741d6f/_tags?orderby=timeasc
  response:
    body:
      string: '{"errors": [{"code": "UNAUTHORIZED", "message": "authentication required,
        visit https://aka.ms/acr/authorization for more information.", "detail": [{"Type":
        "repository", "Name": "repo27741d6f", "Action": "metadata_read"}]}]}'
    headers:
      access-control-expose-headers:
      - Docker-Content-Digest
      - WWW-Authenticate
      - Link
      - X-Ms-Correlation-Request-Id
      connection:
      - keep-alive
      content-length:
      - '215'
      content-type:
      - application/json; charset=utf-8
      date:
      - Fri, 12 Nov 2021 00:24:03 GMT
      docker-distribution-api-version:
      - registry/2.0
      server:
      - openresty
      strict-transport-security:
      - max-age=31536000; includeSubDomains
      - max-age=31536000; includeSubDomains
      www-authenticate:
      - Bearer realm="https://fake_url.azurecr.io/oauth2/token",service="fake_url.azurecr.io",scope="fake_scope",error="invalid_token"
      x-content-type-options:
      - nosniff
    status:
      code: 401
      message: Unauthorized
- request:
    body: grant_type=access_token&service=fake_url.azurecr.io&access_token=REDACTED
    headers:
      Accept:
      - application/json
      Accept-Encoding:
      - gzip, deflate
      Connection:
      - keep-alive
      Content-Length:
      - '1337'
      Content-Type:
      - application/x-www-form-urlencoded
      User-Agent:
      - azsdk-python-azure-containerregistry/1.0.0b7 Python/3.9.2 (Windows-10-10.0.22000-SP0)
    method: POST
    uri: https://fake_url.azurecr.io/oauth2/exchange?api-version=2021-07-01
  response:
    body:
      string: '{"refresh_token": "REDACTED"}'
    headers:
      connection:
      - keep-alive
      content-type:
      - application/json; charset=utf-8
      date:
      - Fri, 12 Nov 2021 00:24:04 GMT
      server:
      - openresty
      strict-transport-security:
      - max-age=31536000; includeSubDomains
      transfer-encoding:
      - chunked
      x-ms-ratelimit-remaining-calls-per-second:
      - '166.483333'
    status:
      code: 200
      message: OK
- request:
    body: service=fake_url.azurecr.io&scope=repository%3Arepo27741d6f%3Ametadata_read&refresh_token=REDACTED&grant_type=refresh_token
    headers:
      Accept:
      - application/json
      Accept-Encoding:
      - gzip, deflate
      Connection:
      - keep-alive
      Content-Length:
      - '1152'
      Content-Type:
      - application/x-www-form-urlencoded
      User-Agent:
      - azsdk-python-azure-containerregistry/1.0.0b7 Python/3.9.2 (Windows-10-10.0.22000-SP0)
    method: POST
    uri: https://fake_url.azurecr.io/oauth2/token?api-version=2021-07-01
  response:
    body:
      string: '{"access_token": "REDACTED"}'
    headers:
      connection:
      - keep-alive
      content-type:
      - application/json; charset=utf-8
      date:
      - Fri, 12 Nov 2021 00:24:04 GMT
      server:
      - openresty
      strict-transport-security:
      - max-age=31536000; includeSubDomains
      transfer-encoding:
      - chunked
      x-ms-ratelimit-remaining-calls-per-second:
      - '166.3'
    status:
      code: 200
      message: OK
- request:
    body: null
    headers:
      Accept:
      - application/json
      Accept-Encoding:
      - gzip, deflate
      Connection:
      - keep-alive
      User-Agent:
      - azsdk-python-azure-containerregistry/1.0.0b7 Python/3.9.2 (Windows-10-10.0.22000-SP0)
    method: GET
    uri: https://fake_url.azurecr.io/acr/v1/repo27741d6f/_tags?orderby=timeasc
  response:
    body:
      string: '{"registry": "yallacrtests.azurecr.io", "imageName": "repo27741d6f",
        "tags": [{"name": "tag27741d6f2", "digest": "sha256:cc15c5b292d8525effc0f89cb299f1804f3a725c8d05e158653a563f15e4f685",
        "createdTime": "2021-11-11T23:29:22.3700594Z", "lastUpdateTime": "2021-11-11T23:29:22.3700594Z",
        "signed": false, "changeableAttributes": {"deleteEnabled": true, "writeEnabled":
        true, "readEnabled": true, "listEnabled": true}}, {"name": "tag27741d6f3",
        "digest": "sha256:cc15c5b292d8525effc0f89cb299f1804f3a725c8d05e158653a563f15e4f685",
        "createdTime": "2021-11-11T23:29:22.5284038Z", "lastUpdateTime": "2021-11-11T23:29:22.5284038Z",
        "signed": false, "changeableAttributes": {"deleteEnabled": true, "writeEnabled":
        true, "readEnabled": true, "listEnabled": true}}, {"name": "tag27741d6f1",
        "digest": "sha256:cc15c5b292d8525effc0f89cb299f1804f3a725c8d05e158653a563f15e4f685",
        "createdTime": "2021-11-11T23:29:23.5749367Z", "lastUpdateTime": "2021-11-11T23:29:23.5749367Z",
        "signed": false, "changeableAttributes": {"deleteEnabled": true, "writeEnabled":
        true, "readEnabled": true, "listEnabled": true}}, {"name": "tag27741d6f0",
        "digest": "sha256:cc15c5b292d8525effc0f89cb299f1804f3a725c8d05e158653a563f15e4f685",
        "createdTime": "2021-11-11T23:29:24.0477626Z", "lastUpdateTime": "2021-11-11T23:29:24.0477626Z",
        "signed": false, "changeableAttributes": {"deleteEnabled": true, "writeEnabled":
        true, "readEnabled": true, "listEnabled": true}}]}'
    headers:
      access-control-expose-headers:
      - Docker-Content-Digest
      - WWW-Authenticate
      - Link
      - X-Ms-Correlation-Request-Id
      connection:
      - keep-alive
      content-length:
      - '1351'
      content-type:
      - application/json; charset=utf-8
      date:
      - Fri, 12 Nov 2021 00:24:04 GMT
      docker-distribution-api-version:
      - registry/2.0
      server:
      - openresty
      strict-transport-security:
      - max-age=31536000; includeSubDomains
      - max-age=31536000; includeSubDomains
      x-content-type-options:
      - nosniff
    status:
      code: 200
      message: OK
- request:
    body: null
    headers:
      Accept:
      - application/json
      Accept-Encoding:
      - gzip, deflate
      Connection:
      - keep-alive
      User-Agent:
      - azsdk-python-azure-containerregistry/1.0.0b7 Python/3.9.2 (Windows-10-10.0.22000-SP0)
    method: GET
    uri: https://fake_url.azurecr.io/acr/v1/repo27741d6f/_tags?orderby=timeasc
  response:
    body:
      string: '{"errors": [{"code": "UNAUTHORIZED", "message": "authentication required,
        visit https://aka.ms/acr/authorization for more information.", "detail": [{"Type":
        "repository", "Name": "repo27741d6f", "Action": "metadata_read"}]}]}'
    headers:
      access-control-expose-headers:
      - Docker-Content-Digest
      - WWW-Authenticate
      - Link
      - X-Ms-Correlation-Request-Id
      connection:
      - keep-alive
      content-length:
      - '215'
      content-type:
      - application/json; charset=utf-8
      date:
      - Fri, 12 Nov 2021 00:24:04 GMT
      docker-distribution-api-version:
      - registry/2.0
      server:
      - openresty
      strict-transport-security:
      - max-age=31536000; includeSubDomains
      - max-age=31536000; includeSubDomains
      www-authenticate:
      - Bearer realm="https://fake_url.azurecr.io/oauth2/token",service="fake_url.azurecr.io",scope="fake_scope",error="invalid_token"
      x-content-type-options:
      - nosniff
    status:
      code: 401
      message: Unauthorized
- request:
    body: grant_type=access_token&service=fake_url.azurecr.io&access_token=REDACTED
    headers:
      Accept:
      - application/json
      Accept-Encoding:
      - gzip, deflate
      Connection:
      - keep-alive
      Content-Length:
      - '1337'
      Content-Type:
      - application/x-www-form-urlencoded
      User-Agent:
      - azsdk-python-azure-containerregistry/1.0.0b7 Python/3.9.2 (Windows-10-10.0.22000-SP0)
    method: POST
    uri: https://fake_url.azurecr.io/oauth2/exchange?api-version=2021-07-01
  response:
    body:
      string: '{"refresh_token": "REDACTED"}'
    headers:
      connection:
      - keep-alive
      content-type:
      - application/json; charset=utf-8
      date:
      - Fri, 12 Nov 2021 00:24:04 GMT
      server:
      - openresty
      strict-transport-security:
      - max-age=31536000; includeSubDomains
      transfer-encoding:
      - chunked
      x-ms-ratelimit-remaining-calls-per-second:
      - '166.283333'
    status:
      code: 200
      message: OK
- request:
    body: service=fake_url.azurecr.io&scope=repository%3Arepo27741d6f%3Ametadata_read&refresh_token=REDACTED&grant_type=refresh_token
    headers:
      Accept:
      - application/json
      Accept-Encoding:
      - gzip, deflate
      Connection:
      - keep-alive
      Content-Length:
      - '1152'
      Content-Type:
      - application/x-www-form-urlencoded
      User-Agent:
      - azsdk-python-azure-containerregistry/1.0.0b7 Python/3.9.2 (Windows-10-10.0.22000-SP0)
    method: POST
    uri: https://fake_url.azurecr.io/oauth2/token?api-version=2021-07-01
  response:
    body:
      string: '{"access_token": "REDACTED"}'
    headers:
      connection:
      - keep-alive
      content-type:
      - application/json; charset=utf-8
      date:
      - Fri, 12 Nov 2021 00:24:04 GMT
      server:
      - openresty
      strict-transport-security:
      - max-age=31536000; includeSubDomains
      transfer-encoding:
      - chunked
      x-ms-ratelimit-remaining-calls-per-second:
      - '166.266667'
    status:
      code: 200
      message: OK
- request:
    body: null
    headers:
      Accept:
      - application/json
      Accept-Encoding:
      - gzip, deflate
      Connection:
      - keep-alive
      User-Agent:
      - azsdk-python-azure-containerregistry/1.0.0b7 Python/3.9.2 (Windows-10-10.0.22000-SP0)
    method: GET
    uri: https://fake_url.azurecr.io/acr/v1/repo27741d6f/_tags?orderby=timeasc
  response:
    body:
      string: '{"registry": "yallacrtests.azurecr.io", "imageName": "repo27741d6f",
        "tags": [{"name": "tag27741d6f2", "digest": "sha256:cc15c5b292d8525effc0f89cb299f1804f3a725c8d05e158653a563f15e4f685",
        "createdTime": "2021-11-11T23:29:22.3700594Z", "lastUpdateTime": "2021-11-11T23:29:22.3700594Z",
        "signed": false, "changeableAttributes": {"deleteEnabled": true, "writeEnabled":
        true, "readEnabled": true, "listEnabled": true}}, {"name": "tag27741d6f3",
        "digest": "sha256:cc15c5b292d8525effc0f89cb299f1804f3a725c8d05e158653a563f15e4f685",
        "createdTime": "2021-11-11T23:29:22.5284038Z", "lastUpdateTime": "2021-11-11T23:29:22.5284038Z",
        "signed": false, "changeableAttributes": {"deleteEnabled": true, "writeEnabled":
        true, "readEnabled": true, "listEnabled": true}}, {"name": "tag27741d6f1",
        "digest": "sha256:cc15c5b292d8525effc0f89cb299f1804f3a725c8d05e158653a563f15e4f685",
        "createdTime": "2021-11-11T23:29:23.5749367Z", "lastUpdateTime": "2021-11-11T23:29:23.5749367Z",
        "signed": false, "changeableAttributes": {"deleteEnabled": true, "writeEnabled":
        true, "readEnabled": true, "listEnabled": true}}, {"name": "tag27741d6f0",
        "digest": "sha256:cc15c5b292d8525effc0f89cb299f1804f3a725c8d05e158653a563f15e4f685",
        "createdTime": "2021-11-11T23:29:24.0477626Z", "lastUpdateTime": "2021-11-11T23:29:24.0477626Z",
        "signed": false, "changeableAttributes": {"deleteEnabled": true, "writeEnabled":
        true, "readEnabled": true, "listEnabled": true}}]}'
    headers:
      access-control-expose-headers:
      - Docker-Content-Digest
      - WWW-Authenticate
      - Link
      - X-Ms-Correlation-Request-Id
      connection:
      - keep-alive
      content-length:
      - '1351'
      content-type:
      - application/json; charset=utf-8
      date:
      - Fri, 12 Nov 2021 00:24:04 GMT
      docker-distribution-api-version:
      - registry/2.0
      server:
      - openresty
      strict-transport-security:
      - max-age=31536000; includeSubDomains
      - max-age=31536000; includeSubDomains
      x-content-type-options:
      - nosniff
    status:
      code: 200
      message: OK
version: 1
