{
  "Entries": [
    {
      "RequestUri": "https://login.microsoftonline.com/72f988bf-86f1-41af-91ab-2d7cd011db47/v2.0/.well-known/openid-configuration",
      "RequestMethod": "GET",
      "RequestHeaders": {
        "Accept": "*/*",
        "Accept-Encoding": "gzip, deflate",
        "Connection": "keep-alive",
        "User-Agent": "azsdk-python-identity/1.10.0 Python/3.9.2 (Windows-10-10.0.22000-SP0)"
      },
      "RequestBody": null,
      "StatusCode": 200,
      "ResponseHeaders": {
        "Access-Control-Allow-Methods": "GET, OPTIONS",
        "Access-Control-Allow-Origin": "*",
        "Cache-Control": "max-age=86400, private",
        "Content-Length": "1753",
        "Content-Type": "application/json; charset=utf-8",
        "Date": "Thu, 28 Jul 2022 08:56:20 GMT",
        "P3P": "CP=\u0022DSP CUR OTPi IND OTRi ONL FIN\u0022",
        "Set-Cookie": [
          "fpc=Ai7uJZ6vbYNNgvLKw6582L8f2L3jAQAAAB1GdNoOAAAAoQVBHgEAAAAzRnTaDgAAAA; expires=Sat, 27-Aug-2022 08:56:21 GMT; path=/; secure; HttpOnly; SameSite=None",
          "x-ms-gateway-slice=estsfd; path=/; secure; samesite=none; httponly",
          "stsservicecookie=estsfd; path=/; secure; samesite=none; httponly"
        ],
        "Strict-Transport-Security": "max-age=31536000; includeSubDomains",
        "X-Content-Type-Options": "nosniff",
        "x-ms-ests-server": "2.1.13355.6 - EUS ProdSlices",
        "X-XSS-Protection": "0"
      },
      "ResponseBody": {
        "token_endpoint": "https://login.microsoftonline.com/72f988bf-86f1-41af-91ab-2d7cd011db47/oauth2/v2.0/token",
        "token_endpoint_auth_methods_supported": [
          "client_secret_post",
          "private_key_jwt",
          "client_secret_basic"
        ],
        "jwks_uri": "https://login.microsoftonline.com/72f988bf-86f1-41af-91ab-2d7cd011db47/discovery/v2.0/keys",
        "response_modes_supported": [
          "query",
          "fragment",
          "form_post"
        ],
        "subject_types_supported": [
          "pairwise"
        ],
        "id_token_signing_alg_values_supported": [
          "RS256"
        ],
        "response_types_supported": [
          "code",
          "id_token",
          "code id_token",
          "id_token token"
        ],
        "scopes_supported": [
          "openid",
          "profile",
          "email",
          "offline_access"
        ],
        "issuer": "https://login.microsoftonline.com/72f988bf-86f1-41af-91ab-2d7cd011db47/v2.0",
        "request_uri_parameter_supported": false,
        "userinfo_endpoint": "https://graph.microsoft.com/oidc/userinfo",
        "authorization_endpoint": "https://login.microsoftonline.com/72f988bf-86f1-41af-91ab-2d7cd011db47/oauth2/v2.0/authorize",
        "device_authorization_endpoint": "https://login.microsoftonline.com/72f988bf-86f1-41af-91ab-2d7cd011db47/oauth2/v2.0/devicecode",
        "http_logout_supported": true,
        "frontchannel_logout_supported": true,
        "end_session_endpoint": "https://login.microsoftonline.com/72f988bf-86f1-41af-91ab-2d7cd011db47/oauth2/v2.0/logout",
        "claims_supported": [
          "sub",
          "iss",
          "cloud_instance_name",
          "cloud_instance_host_name",
          "cloud_graph_host_name",
          "msgraph_host",
          "aud",
          "exp",
          "iat",
          "auth_time",
          "acr",
          "nonce",
          "preferred_username",
          "name",
          "tid",
          "ver",
          "at_hash",
          "c_hash",
          "email"
        ],
        "kerberos_endpoint": "https://login.microsoftonline.com/72f988bf-86f1-41af-91ab-2d7cd011db47/kerberos",
        "tenant_region_scope": "WW",
        "cloud_instance_name": "microsoftonline.com",
        "cloud_graph_host_name": "graph.windows.net",
        "msgraph_host": "graph.microsoft.com",
        "rbac_url": "https://pas.windows.net"
      }
    },
    {
      "RequestUri": "https://login.microsoftonline.com/common/discovery/instance?api-version=1.1\u0026authorization_endpoint=https://login.microsoftonline.com/common/oauth2/authorize",
      "RequestMethod": "GET",
      "RequestHeaders": {
        "Accept": "application/json",
        "Accept-Encoding": "gzip, deflate",
        "Connection": "keep-alive",
        "Cookie": "fpc=Ai7uJZ6vbYNNgvLKw6582L8f2L3jAQAAAB1GdNoOAAAAoQVBHgEAAAAzRnTaDgAAAA; stsservicecookie=estsfd; x-ms-gateway-slice=estsfd",
        "User-Agent": "azsdk-python-identity/1.10.0 Python/3.9.2 (Windows-10-10.0.22000-SP0)"
      },
      "RequestBody": null,
      "StatusCode": 200,
      "ResponseHeaders": {
        "Access-Control-Allow-Methods": "GET, OPTIONS",
        "Access-Control-Allow-Origin": "*",
        "Cache-Control": "max-age=86400, private",
        "Content-Length": "945",
        "Content-Type": "application/json; charset=utf-8",
        "Date": "Thu, 28 Jul 2022 08:56:20 GMT",
        "P3P": "CP=\u0022DSP CUR OTPi IND OTRi ONL FIN\u0022",
        "Set-Cookie": [
          "fpc=Ai7uJZ6vbYNNgvLKw6582L8f2L3jAQAAAB1GdNoOAAAAoQVBHgEAAAAzRnTaDgAAAA; expires=Sat, 27-Aug-2022 08:56:21 GMT; path=/; secure; HttpOnly; SameSite=None",
          "x-ms-gateway-slice=estsfd; path=/; secure; samesite=none; httponly",
          "stsservicecookie=estsfd; path=/; secure; samesite=none; httponly"
        ],
        "Strict-Transport-Security": "max-age=31536000; includeSubDomains",
        "X-Content-Type-Options": "nosniff",
        "x-ms-ests-server": "2.1.13315.8 - SCUS ProdSlices",
        "X-XSS-Protection": "0"
      },
      "ResponseBody": {
        "tenant_discovery_endpoint": "https://login.microsoftonline.com/common/.well-known/openid-configuration",
        "api-version": "1.1",
        "metadata": [
          {
            "preferred_network": "login.microsoftonline.com",
            "preferred_cache": "login.windows.net",
            "aliases": [
              "login.microsoftonline.com",
              "login.windows.net",
              "login.microsoft.com",
              "sts.windows.net"
            ]
          },
          {
            "preferred_network": "login.partner.microsoftonline.cn",
            "preferred_cache": "login.partner.microsoftonline.cn",
            "aliases": [
              "login.partner.microsoftonline.cn",
              "login.chinacloudapi.cn"
            ]
          },
          {
            "preferred_network": "login.microsoftonline.de",
            "preferred_cache": "login.microsoftonline.de",
            "aliases": [
              "login.microsoftonline.de"
            ]
          },
          {
            "preferred_network": "login.microsoftonline.us",
            "preferred_cache": "login.microsoftonline.us",
            "aliases": [
              "login.microsoftonline.us",
              "login.usgovcloudapi.net"
            ]
          },
          {
            "preferred_network": "login-us.microsoftonline.com",
            "preferred_cache": "login-us.microsoftonline.com",
            "aliases": [
              "login-us.microsoftonline.com"
            ]
          }
        ]
      }
    },
    {
      "RequestUri": "https://login.microsoftonline.com/72f988bf-86f1-41af-91ab-2d7cd011db47/oauth2/v2.0/token",
      "RequestMethod": "POST",
      "RequestHeaders": {
        "Accept": "application/json",
        "Accept-Encoding": "gzip, deflate",
        "client-request-id": "d6308201-6410-4953-938a-53feddafd8d6",
        "Connection": "keep-alive",
        "Content-Length": "241",
        "Content-Type": "application/x-www-form-urlencoded",
        "Cookie": "fpc=Ai7uJZ6vbYNNgvLKw6582L8f2L3jAQAAAB1GdNoOAAAAoQVBHgEAAAAzRnTaDgAAAA; stsservicecookie=estsfd; x-ms-gateway-slice=estsfd",
        "User-Agent": "azsdk-python-identity/1.10.0 Python/3.9.2 (Windows-10-10.0.22000-SP0)",
        "x-client-cpu": "x64",
        "x-client-current-telemetry": "4|730,0|",
        "x-client-last-telemetry": "4|0|||",
        "x-client-os": "win32",
        "x-client-sku": "MSAL.Python",
        "x-client-ver": "1.14.0",
        "x-ms-lib-capability": "retry-after, h429"
      },
      "RequestBody": "client_id=client-id\u0026grant_type=client_credentials\u0026client_info=1\u0026client_secret=client-secret\u0026claims=%7B%22access_token%22%3A\u002B%7B%22xms_cc%22%3A\u002B%7B%22values%22%3A\u002B%5B%22CP1%22%5D%7D%7D%7D\u0026scope=https%3A%2F%2Fmanagement.azure.com%2F%2F.default",
      "StatusCode": 200,
      "ResponseHeaders": {
        "Cache-Control": "no-store, no-cache",
        "client-request-id": "d6308201-6410-4953-938a-53feddafd8d6",
        "Content-Length": "114",
        "Content-Type": "application/json; charset=utf-8",
        "Date": "Thu, 28 Jul 2022 08:56:21 GMT",
        "Expires": "-1",
        "P3P": "CP=\u0022DSP CUR OTPi IND OTRi ONL FIN\u0022",
        "Pragma": "no-cache",
        "Set-Cookie": [
          "fpc=Ai7uJZ6vbYNNgvLKw6582L8f2L3jAgAAAB1GdNoOAAAAoQVBHgEAAAAzRnTaDgAAAA; expires=Sat, 27-Aug-2022 08:56:21 GMT; path=/; secure; HttpOnly; SameSite=None",
          "x-ms-gateway-slice=estsfd; path=/; secure; samesite=none; httponly",
          "stsservicecookie=estsfd; path=/; secure; samesite=none; httponly"
        ],
        "Strict-Transport-Security": "max-age=31536000; includeSubDomains",
        "X-Content-Type-Options": "nosniff",
        "x-ms-clitelem": "1,0,0,,",
        "x-ms-ests-server": "2.1.13355.6 - EUS ProdSlices",
        "X-XSS-Protection": "0"
      },
      "ResponseBody": {
        "token_type": "Bearer",
        "expires_in": 86399,
        "ext_expires_in": 86399,
        "refresh_in": 43199,
        "access_token": "access_token"
      }
    },
    {
      "RequestUri": "https://management.azure.com/subscriptions/faa080af-c1d8-40ad-9cce-e1a450ca5b57/resourceGroups/fake_rg/providers/Microsoft.ContainerRegistry/registries/yallacrtests/importImage?api-version=2019-05-01",
      "RequestMethod": "POST",
      "RequestHeaders": {
        "Accept": "*/*",
        "Accept-Encoding": "gzip, deflate",
        "Connection": "keep-alive",
        "Content-Length": "153",
        "Content-Type": "application/json",
        "User-Agent": "azsdk-python-azure-mgmt-containerregistry/8.2.0 Python/3.9.2 (Windows-10-10.0.22000-SP0)"
      },
      "RequestBody": {
        "source": {
          "registryUri": "registry.hub.docker.com",
          "sourceImage": "library/hello-world"
        },
        "targetTags": [
          "repoe63342a4:tage63342a4"
        ],
        "mode": "Force"
      },
      "StatusCode": 202,
      "ResponseHeaders": {
        "api-supported-versions": "2017-10-01, 2019-05-01, 2019-12-01-preview, 2020-11-01-preview, 2021-06-01-preview, 2021-08-01-preview, 2021-09-01, 2021-12-01-preview, 2022-02-01-preview",
        "Cache-Control": "no-cache",
        "Content-Length": "4",
        "Content-Type": "application/json; charset=utf-8",
        "Date": "Thu, 28 Jul 2022 08:56:21 GMT",
        "Expires": "-1",
        "Location": "https://management.azure.com/subscriptions/faa080af-c1d8-40ad-9cce-e1a450ca5b57/providers/Microsoft.ContainerRegistry/locations/WESTUS/operationResults/registries-27a43529-0e53-11ed-84c5-5cf37093a909?api-version=2019-05-01",
        "Pragma": "no-cache",
        "Retry-After": "10",
        "Server": "Microsoft-HTTPAPI/2.0",
        "Strict-Transport-Security": "max-age=31536000; includeSubDomains",
        "X-Content-Type-Options": "nosniff",
        "x-ms-correlation-request-id": "498d3deb-d43a-4cd8-89b7-c52d799faadf",
        "x-ms-ratelimit-remaining-subscription-writes": "1197",
        "x-ms-routing-request-id": "WESTUS:20220728T085621Z:498d3deb-d43a-4cd8-89b7-c52d799faadf"
      },
      "ResponseBody": "null"
    },
    {
      "RequestUri": "https://management.azure.com/subscriptions/faa080af-c1d8-40ad-9cce-e1a450ca5b57/providers/Microsoft.ContainerRegistry/locations/WESTUS/operationResults/registries-27a43529-0e53-11ed-84c5-5cf37093a909?api-version=2019-05-01",
      "RequestMethod": "GET",
      "RequestHeaders": {
        "Accept": "*/*",
        "Accept-Encoding": "gzip, deflate",
        "Connection": "keep-alive",
        "User-Agent": "azsdk-python-azure-mgmt-containerregistry/8.2.0 Python/3.9.2 (Windows-10-10.0.22000-SP0)"
      },
      "RequestBody": null,
      "StatusCode": 200,
      "ResponseHeaders": {
        "Cache-Control": "no-cache",
        "Content-Encoding": "gzip",
        "Content-Type": "application/json; charset=utf-8",
        "Date": "Thu, 28 Jul 2022 08:56:31 GMT",
        "Expires": "-1",
        "Pragma": "no-cache",
        "Server": "Microsoft-HTTPAPI/2.0",
        "Strict-Transport-Security": "max-age=31536000; includeSubDomains",
        "Transfer-Encoding": "chunked",
        "Vary": "Accept-Encoding",
        "X-Content-Type-Options": "nosniff",
        "x-ms-correlation-request-id": "4761a577-8b46-4439-adf4-cdc3ccaf5d26",
        "x-ms-ratelimit-remaining-subscription-reads": "11997",
        "x-ms-routing-request-id": "WESTUS:20220728T085631Z:4761a577-8b46-4439-adf4-cdc3ccaf5d26"
      },
      "ResponseBody": {
        "status": "Succeeded"
      }
    },
    {
      "RequestUri": "https://management.azure.com/subscriptions/faa080af-c1d8-40ad-9cce-e1a450ca5b57/resourceGroups/fake_rg/providers/Microsoft.ContainerRegistry/registries/yallacrtestsanon/importImage?api-version=2019-05-01",
      "RequestMethod": "POST",
      "RequestHeaders": {
        "Accept": "*/*",
        "Accept-Encoding": "gzip, deflate",
        "Connection": "keep-alive",
        "Content-Length": "153",
        "Content-Type": "application/json",
        "User-Agent": "azsdk-python-azure-mgmt-containerregistry/8.2.0 Python/3.9.2 (Windows-10-10.0.22000-SP0)"
      },
      "RequestBody": {
        "source": {
          "registryUri": "registry.hub.docker.com",
          "sourceImage": "library/hello-world"
        },
        "targetTags": [
          "repoe63342a4:tage63342a4"
        ],
        "mode": "Force"
      },
      "StatusCode": 202,
      "ResponseHeaders": {
        "api-supported-versions": "2017-10-01, 2019-05-01, 2019-12-01-preview, 2020-11-01-preview, 2021-06-01-preview, 2021-08-01-preview, 2021-09-01, 2021-12-01-preview, 2022-02-01-preview",
        "Cache-Control": "no-cache",
        "Content-Length": "4",
        "Content-Type": "application/json; charset=utf-8",
        "Date": "Thu, 28 Jul 2022 08:56:31 GMT",
        "Expires": "-1",
        "Location": "https://management.azure.com/subscriptions/faa080af-c1d8-40ad-9cce-e1a450ca5b57/providers/Microsoft.ContainerRegistry/locations/WESTUS/operationResults/registries-2e12e2cc-0e53-11ed-82b7-5cf37093a909?api-version=2019-05-01",
        "Pragma": "no-cache",
        "Retry-After": "10",
        "Server": "Microsoft-HTTPAPI/2.0",
        "Strict-Transport-Security": "max-age=31536000; includeSubDomains",
        "X-Content-Type-Options": "nosniff",
        "x-ms-correlation-request-id": "5e0052e2-ab9a-4653-a485-3fc9180432d9",
        "x-ms-ratelimit-remaining-subscription-writes": "1196",
        "x-ms-routing-request-id": "WESTUS:20220728T085631Z:5e0052e2-ab9a-4653-a485-3fc9180432d9"
      },
      "ResponseBody": "null"
    },
    {
      "RequestUri": "https://management.azure.com/subscriptions/faa080af-c1d8-40ad-9cce-e1a450ca5b57/providers/Microsoft.ContainerRegistry/locations/WESTUS/operationResults/registries-2e12e2cc-0e53-11ed-82b7-5cf37093a909?api-version=2019-05-01",
      "RequestMethod": "GET",
      "RequestHeaders": {
        "Accept": "*/*",
        "Accept-Encoding": "gzip, deflate",
        "Connection": "keep-alive",
        "User-Agent": "azsdk-python-azure-mgmt-containerregistry/8.2.0 Python/3.9.2 (Windows-10-10.0.22000-SP0)"
      },
      "RequestBody": null,
      "StatusCode": 200,
      "ResponseHeaders": {
        "Cache-Control": "no-cache",
        "Content-Encoding": "gzip",
        "Content-Type": "application/json; charset=utf-8",
        "Date": "Thu, 28 Jul 2022 08:56:41 GMT",
        "Expires": "-1",
        "Pragma": "no-cache",
        "Server": "Microsoft-HTTPAPI/2.0",
        "Strict-Transport-Security": "max-age=31536000; includeSubDomains",
        "Transfer-Encoding": "chunked",
        "Vary": "Accept-Encoding",
        "X-Content-Type-Options": "nosniff",
        "x-ms-correlation-request-id": "67313bfb-0a10-467a-b7f0-62f7a9059f9a",
        "x-ms-ratelimit-remaining-subscription-reads": "11996",
        "x-ms-routing-request-id": "WESTUS:20220728T085642Z:67313bfb-0a10-467a-b7f0-62f7a9059f9a"
      },
      "ResponseBody": {
        "status": "Succeeded"
      }
    },
    {
      "RequestUri": "https://fake_url.azurecr.io/acr/v1/repoe63342a4/_tags/tage63342a4?api-version=2021-07-01",
      "RequestMethod": "GET",
      "RequestHeaders": {
        "Accept": "application/json",
        "Accept-Encoding": "gzip, deflate",
        "Connection": "keep-alive",
        "User-Agent": "azsdk-python-azure-containerregistry/1.1.0b2 Python/3.9.2 (Windows-10-10.0.22000-SP0)"
      },
      "RequestBody": null,
      "StatusCode": 401,
      "ResponseHeaders": {
        "Access-Control-Expose-Headers": [
          "Docker-Content-Digest",
          "WWW-Authenticate",
          "Link",
          "X-Ms-Correlation-Request-Id"
        ],
        "Connection": "keep-alive",
        "Content-Length": "215",
        "Content-Type": "application/json; charset=utf-8",
        "Date": "Thu, 28 Jul 2022 08:56:42 GMT",
        "Docker-Distribution-Api-Version": "registry/2.0",
        "Server": "openresty",
        "Strict-Transport-Security": [
          "max-age=31536000; includeSubDomains",
          "max-age=31536000; includeSubDomains"
        ],
        "WWW-Authenticate": "Bearer realm=\u0022https://fake_url.azurecr.io/oauth2/token\u0022,service=\u0022yallacrtests.azurecr.io\u0022,scope=\u0022repository:repoe63342a4:metadata_read\u0022",
        "X-Content-Type-Options": "nosniff",
        "X-Ms-Correlation-Request-Id": "c8a3cb67-860e-42be-839c-2b7b476217e7"
      },
      "ResponseBody": {
        "errors": [
          {
            "code": "UNAUTHORIZED",
            "message": "authentication required, visit https://aka.ms/acr/authorization for more information.",
            "detail": [
              {
                "Type": "repository",
                "Name": "repoe63342a4",
                "Action": "metadata_read"
              }
            ]
          }
        ]
      }
    },
    {
      "RequestUri": "https://login.microsoftonline.com/72f988bf-86f1-41af-91ab-2d7cd011db47/v2.0/.well-known/openid-configuration",
      "RequestMethod": "GET",
      "RequestHeaders": {
        "Accept": "*/*",
        "Accept-Encoding": "gzip, deflate",
        "Connection": "keep-alive",
        "User-Agent": "azsdk-python-identity/1.10.0 Python/3.9.2 (Windows-10-10.0.22000-SP0)"
      },
      "RequestBody": null,
      "StatusCode": 200,
      "ResponseHeaders": {
        "Access-Control-Allow-Methods": "GET, OPTIONS",
        "Access-Control-Allow-Origin": "*",
        "Cache-Control": "max-age=86400, private",
        "Content-Length": "1753",
        "Content-Type": "application/json; charset=utf-8",
        "Date": "Thu, 28 Jul 2022 08:56:41 GMT",
        "P3P": "CP=\u0022DSP CUR OTPi IND OTRi ONL FIN\u0022",
        "Set-Cookie": [
          "fpc=Ai7uJZ6vbYNNgvLKw6582L8f2L3jAgAAAB1GdNoOAAAAoQVBHgEAAAAzRnTaDgAAAA; expires=Sat, 27-Aug-2022 08:56:42 GMT; path=/; secure; HttpOnly; SameSite=None",
          "x-ms-gateway-slice=estsfd; path=/; secure; samesite=none; httponly",
          "stsservicecookie=estsfd; path=/; secure; samesite=none; httponly"
        ],
        "Strict-Transport-Security": "max-age=31536000; includeSubDomains",
        "X-Content-Type-Options": "nosniff",
        "x-ms-ests-server": "2.1.13355.6 - NCUS ProdSlices",
        "X-XSS-Protection": "0"
      },
      "ResponseBody": {
        "token_endpoint": "https://login.microsoftonline.com/72f988bf-86f1-41af-91ab-2d7cd011db47/oauth2/v2.0/token",
        "token_endpoint_auth_methods_supported": [
          "client_secret_post",
          "private_key_jwt",
          "client_secret_basic"
        ],
        "jwks_uri": "https://login.microsoftonline.com/72f988bf-86f1-41af-91ab-2d7cd011db47/discovery/v2.0/keys",
        "response_modes_supported": [
          "query",
          "fragment",
          "form_post"
        ],
        "subject_types_supported": [
          "pairwise"
        ],
        "id_token_signing_alg_values_supported": [
          "RS256"
        ],
        "response_types_supported": [
          "code",
          "id_token",
          "code id_token",
          "id_token token"
        ],
        "scopes_supported": [
          "openid",
          "profile",
          "email",
          "offline_access"
        ],
        "issuer": "https://login.microsoftonline.com/72f988bf-86f1-41af-91ab-2d7cd011db47/v2.0",
        "request_uri_parameter_supported": false,
        "userinfo_endpoint": "https://graph.microsoft.com/oidc/userinfo",
        "authorization_endpoint": "https://login.microsoftonline.com/72f988bf-86f1-41af-91ab-2d7cd011db47/oauth2/v2.0/authorize",
        "device_authorization_endpoint": "https://login.microsoftonline.com/72f988bf-86f1-41af-91ab-2d7cd011db47/oauth2/v2.0/devicecode",
        "http_logout_supported": true,
        "frontchannel_logout_supported": true,
        "end_session_endpoint": "https://login.microsoftonline.com/72f988bf-86f1-41af-91ab-2d7cd011db47/oauth2/v2.0/logout",
        "claims_supported": [
          "sub",
          "iss",
          "cloud_instance_name",
          "cloud_instance_host_name",
          "cloud_graph_host_name",
          "msgraph_host",
          "aud",
          "exp",
          "iat",
          "auth_time",
          "acr",
          "nonce",
          "preferred_username",
          "name",
          "tid",
          "ver",
          "at_hash",
          "c_hash",
          "email"
        ],
        "kerberos_endpoint": "https://login.microsoftonline.com/72f988bf-86f1-41af-91ab-2d7cd011db47/kerberos",
        "tenant_region_scope": "WW",
        "cloud_instance_name": "microsoftonline.com",
        "cloud_graph_host_name": "graph.windows.net",
        "msgraph_host": "graph.microsoft.com",
        "rbac_url": "https://pas.windows.net"
      }
    },
    {
      "RequestUri": "https://login.microsoftonline.com/common/discovery/instance?api-version=1.1\u0026authorization_endpoint=https://login.microsoftonline.com/common/oauth2/authorize",
      "RequestMethod": "GET",
      "RequestHeaders": {
        "Accept": "application/json",
        "Accept-Encoding": "gzip, deflate",
        "Connection": "keep-alive",
        "Cookie": "fpc=Ai7uJZ6vbYNNgvLKw6582L8f2L3jAgAAAB1GdNoOAAAAoQVBHgEAAAAzRnTaDgAAAA; stsservicecookie=estsfd; x-ms-gateway-slice=estsfd",
        "User-Agent": "azsdk-python-identity/1.10.0 Python/3.9.2 (Windows-10-10.0.22000-SP0)"
      },
      "RequestBody": null,
      "StatusCode": 200,
      "ResponseHeaders": {
        "Access-Control-Allow-Methods": "GET, OPTIONS",
        "Access-Control-Allow-Origin": "*",
        "Cache-Control": "max-age=86400, private",
        "Content-Length": "945",
        "Content-Type": "application/json; charset=utf-8",
        "Date": "Thu, 28 Jul 2022 08:56:42 GMT",
        "P3P": "CP=\u0022DSP CUR OTPi IND OTRi ONL FIN\u0022",
        "Set-Cookie": [
          "fpc=Ai7uJZ6vbYNNgvLKw6582L8f2L3jAgAAAB1GdNoOAAAAoQVBHgEAAAAzRnTaDgAAAA; expires=Sat, 27-Aug-2022 08:56:42 GMT; path=/; secure; HttpOnly; SameSite=None",
          "x-ms-gateway-slice=estsfd; path=/; secure; samesite=none; httponly",
          "stsservicecookie=estsfd; path=/; secure; samesite=none; httponly"
        ],
        "Strict-Transport-Security": "max-age=31536000; includeSubDomains",
        "X-Content-Type-Options": "nosniff",
        "x-ms-ests-server": "2.1.13355.6 - WUS2 ProdSlices",
        "X-XSS-Protection": "0"
      },
      "ResponseBody": {
        "tenant_discovery_endpoint": "https://login.microsoftonline.com/common/.well-known/openid-configuration",
        "api-version": "1.1",
        "metadata": [
          {
            "preferred_network": "login.microsoftonline.com",
            "preferred_cache": "login.windows.net",
            "aliases": [
              "login.microsoftonline.com",
              "login.windows.net",
              "login.microsoft.com",
              "sts.windows.net"
            ]
          },
          {
            "preferred_network": "login.partner.microsoftonline.cn",
            "preferred_cache": "login.partner.microsoftonline.cn",
            "aliases": [
              "login.partner.microsoftonline.cn",
              "login.chinacloudapi.cn"
            ]
          },
          {
            "preferred_network": "login.microsoftonline.de",
            "preferred_cache": "login.microsoftonline.de",
            "aliases": [
              "login.microsoftonline.de"
            ]
          },
          {
            "preferred_network": "login.microsoftonline.us",
            "preferred_cache": "login.microsoftonline.us",
            "aliases": [
              "login.microsoftonline.us",
              "login.usgovcloudapi.net"
            ]
          },
          {
            "preferred_network": "login-us.microsoftonline.com",
            "preferred_cache": "login-us.microsoftonline.com",
            "aliases": [
              "login-us.microsoftonline.com"
            ]
          }
        ]
      }
    },
    {
      "RequestUri": "https://login.microsoftonline.com/72f988bf-86f1-41af-91ab-2d7cd011db47/oauth2/v2.0/token",
      "RequestMethod": "POST",
      "RequestHeaders": {
        "Accept": "application/json",
        "Accept-Encoding": "gzip, deflate",
        "client-request-id": "f5c526e1-e810-426f-bed3-4bb003971671",
        "Connection": "keep-alive",
        "Content-Length": "238",
        "Content-Type": "application/x-www-form-urlencoded",
        "Cookie": "fpc=Ai7uJZ6vbYNNgvLKw6582L8f2L3jAgAAAB1GdNoOAAAAoQVBHgEAAAAzRnTaDgAAAA; stsservicecookie=estsfd; x-ms-gateway-slice=estsfd",
        "User-Agent": "azsdk-python-identity/1.10.0 Python/3.9.2 (Windows-10-10.0.22000-SP0)",
        "x-client-cpu": "x64",
        "x-client-current-telemetry": "4|730,0|",
        "x-client-last-telemetry": "4|0|||",
        "x-client-os": "win32",
        "x-client-sku": "MSAL.Python",
        "x-client-ver": "1.14.0",
        "x-ms-lib-capability": "retry-after, h429"
      },
      "RequestBody": "client_id=client-id\u0026grant_type=client_credentials\u0026client_info=1\u0026client_secret=client-secret\u0026claims=%7B%22access_token%22%3A\u002B%7B%22xms_cc%22%3A\u002B%7B%22values%22%3A\u002B%5B%22CP1%22%5D%7D%7D%7D\u0026scope=https%3A%2F%2Fmanagement.azure.com%2F.default",
      "StatusCode": 200,
      "ResponseHeaders": {
        "Cache-Control": "no-store, no-cache",
        "client-request-id": "f5c526e1-e810-426f-bed3-4bb003971671",
        "Content-Length": "114",
        "Content-Type": "application/json; charset=utf-8",
        "Date": "Thu, 28 Jul 2022 08:56:42 GMT",
        "Expires": "-1",
        "P3P": "CP=\u0022DSP CUR OTPi IND OTRi ONL FIN\u0022",
        "Pragma": "no-cache",
        "Set-Cookie": [
          "fpc=Ai7uJZ6vbYNNgvLKw6582L8f2L3jAgAAAB1GdNoOAAAAoQVBHgIAAAAzRnTaDgAAAA; expires=Sat, 27-Aug-2022 08:56:42 GMT; path=/; secure; HttpOnly; SameSite=None",
          "x-ms-gateway-slice=estsfd; path=/; secure; samesite=none; httponly",
          "stsservicecookie=estsfd; path=/; secure; samesite=none; httponly"
        ],
        "Strict-Transport-Security": "max-age=31536000; includeSubDomains",
        "X-Content-Type-Options": "nosniff",
        "x-ms-clitelem": "1,0,0,,",
        "x-ms-ests-server": "2.1.13355.6 - SCUS ProdSlices",
        "X-XSS-Protection": "0"
      },
      "ResponseBody": {
        "token_type": "Bearer",
        "expires_in": 86399,
        "ext_expires_in": 86399,
        "refresh_in": 43199,
        "access_token": "access_token"
      }
    },
    {
      "RequestUri": "https://fake_url.azurecr.io/oauth2/exchange?api-version=2021-07-01",
      "RequestMethod": "POST",
      "RequestHeaders": {
        "Accept": "application/json",
        "Accept-Encoding": "gzip, deflate",
        "Connection": "keep-alive",
        "Content-Length": "81",
        "Content-Type": "application/x-www-form-urlencoded",
        "User-Agent": "azsdk-python-azure-containerregistry/1.1.0b2 Python/3.9.2 (Windows-10-10.0.22000-SP0)"
      },
      "RequestBody": "grant_type=access_token\u0026service=yallacrtests.azurecr.io\u0026access_token=access_token",
      "StatusCode": 200,
      "ResponseHeaders": {
        "Connection": "keep-alive",
        "Content-Type": "application/json; charset=utf-8",
        "Date": "Thu, 28 Jul 2022 08:56:42 GMT",
        "Server": "openresty",
        "Strict-Transport-Security": "max-age=31536000; includeSubDomains",
        "Transfer-Encoding": "chunked",
        "X-Ms-Correlation-Request-Id": "8a5791dd-edbc-4faa-9f30-f1350443123c",
        "x-ms-ratelimit-remaining-calls-per-second": "165.983333"
      },
      "ResponseBody": {
        "refresh_token": "refresh_token"
      }
    },
    {
      "RequestUri": "https://fake_url.azurecr.io/oauth2/token?api-version=2021-07-01",
      "RequestMethod": "POST",
      "RequestHeaders": {
        "Accept": "application/json",
        "Accept-Encoding": "gzip, deflate",
        "Connection": "keep-alive",
        "Content-Length": "132",
        "Content-Type": "application/x-www-form-urlencoded",
        "User-Agent": "azsdk-python-azure-containerregistry/1.1.0b2 Python/3.9.2 (Windows-10-10.0.22000-SP0)"
      },
      "RequestBody": "service=yallacrtests.azurecr.io\u0026scope=repository%3Arepoe63342a4%3Ametadata_read\u0026refresh_token=refresh_token\u0026grant_type=refresh_token",
      "StatusCode": 200,
      "ResponseHeaders": {
        "Connection": "keep-alive",
        "Content-Type": "application/json; charset=utf-8",
        "Date": "Thu, 28 Jul 2022 08:56:42 GMT",
        "Server": "openresty",
        "Strict-Transport-Security": "max-age=31536000; includeSubDomains",
        "Transfer-Encoding": "chunked",
        "X-Ms-Correlation-Request-Id": "ce4070cd-f089-4ede-bd9e-949b74cc3514",
        "x-ms-ratelimit-remaining-calls-per-second": "165.966667"
      },
      "ResponseBody": {
        "access_token": "access_token"
      }
    },
    {
      "RequestUri": "https://fake_url.azurecr.io/acr/v1/repoe63342a4/_tags/tage63342a4?api-version=2021-07-01",
      "RequestMethod": "GET",
      "RequestHeaders": {
        "Accept": "application/json",
        "Accept-Encoding": "gzip, deflate",
        "Connection": "keep-alive",
        "User-Agent": "azsdk-python-azure-containerregistry/1.1.0b2 Python/3.9.2 (Windows-10-10.0.22000-SP0)"
      },
      "RequestBody": null,
      "StatusCode": 200,
      "ResponseHeaders": {
        "Access-Control-Expose-Headers": [
          "Docker-Content-Digest",
          "WWW-Authenticate",
          "Link",
          "X-Ms-Correlation-Request-Id"
        ],
        "Connection": "keep-alive",
        "Content-Length": "390",
        "Content-Type": "application/json; charset=utf-8",
        "Date": "Thu, 28 Jul 2022 08:56:42 GMT",
        "Docker-Distribution-Api-Version": "registry/2.0",
        "Server": "openresty",
        "Strict-Transport-Security": [
          "max-age=31536000; includeSubDomains",
          "max-age=31536000; includeSubDomains"
        ],
        "X-Content-Type-Options": "nosniff",
        "X-Ms-Correlation-Request-Id": "04bc0426-1ce7-45ed-ab0f-912d7831c14f"
      },
      "ResponseBody": {
        "registry": "yallacrtests.azurecr.io",
        "imageName": "repoe63342a4",
        "tag": {
          "name": "tage63342a4",
          "digest": "sha256:53f1bbee2f52c39e41682ee1d388285290c5c8a76cc92b42687eecf38e0af3f0",
          "createdTime": "2022-07-28T08:56:26.5605771Z",
          "lastUpdateTime": "2022-07-28T08:56:26.5605771Z",
          "signed": false,
          "changeableAttributes": {
            "deleteEnabled": true,
            "writeEnabled": true,
            "readEnabled": true,
            "listEnabled": true
          }
        }
      }
    },
    {
      "RequestUri": "https://fake_url.azurecr.io/acr/v1/repoe63342a4/_manifests/sha256_encoded_stream",
      "RequestMethod": "GET",
      "RequestHeaders": {
        "Accept": "application/json",
        "Accept-Encoding": "gzip, deflate",
        "Connection": "keep-alive",
        "User-Agent": "azsdk-python-azure-containerregistry/1.1.0b2 Python/3.9.2 (Windows-10-10.0.22000-SP0)"
      },
      "RequestBody": null,
      "StatusCode": 401,
      "ResponseHeaders": {
        "Access-Control-Expose-Headers": [
          "Docker-Content-Digest",
          "WWW-Authenticate",
          "Link",
          "X-Ms-Correlation-Request-Id"
        ],
        "Connection": "keep-alive",
        "Content-Length": "215",
        "Content-Type": "application/json; charset=utf-8",
        "Date": "Thu, 28 Jul 2022 08:56:42 GMT",
        "Docker-Distribution-Api-Version": "registry/2.0",
        "Server": "openresty",
        "Strict-Transport-Security": [
          "max-age=31536000; includeSubDomains",
          "max-age=31536000; includeSubDomains"
        ],
        "WWW-Authenticate": "Bearer realm=\u0022https://fake_url.azurecr.io/oauth2/token\u0022,service=\u0022yallacrtests.azurecr.io\u0022,scope=\u0022repository:repoe63342a4:metadata_read\u0022",
        "X-Content-Type-Options": "nosniff",
        "X-Ms-Correlation-Request-Id": "52ceb036-5654-470c-8802-47d907deb783"
      },
      "ResponseBody": {
        "errors": [
          {
            "code": "UNAUTHORIZED",
            "message": "authentication required, visit https://aka.ms/acr/authorization for more information.",
            "detail": [
              {
                "Type": "repository",
                "Name": "repoe63342a4",
                "Action": "metadata_read"
              }
            ]
          }
        ]
      }
    },
    {
      "RequestUri": "https://fake_url.azurecr.io/oauth2/exchange?api-version=2021-07-01",
      "RequestMethod": "POST",
      "RequestHeaders": {
        "Accept": "application/json",
        "Accept-Encoding": "gzip, deflate",
        "Connection": "keep-alive",
        "Content-Length": "81",
        "Content-Type": "application/x-www-form-urlencoded",
        "User-Agent": "azsdk-python-azure-containerregistry/1.1.0b2 Python/3.9.2 (Windows-10-10.0.22000-SP0)"
      },
      "RequestBody": "grant_type=access_token\u0026service=yallacrtests.azurecr.io\u0026access_token=access_token",
      "StatusCode": 200,
      "ResponseHeaders": {
        "Connection": "keep-alive",
        "Content-Type": "application/json; charset=utf-8",
        "Date": "Thu, 28 Jul 2022 08:56:43 GMT",
        "Server": "openresty",
        "Strict-Transport-Security": "max-age=31536000; includeSubDomains",
        "Transfer-Encoding": "chunked",
        "X-Ms-Correlation-Request-Id": "b924a8d7-96d3-473e-81d6-56c569861198",
        "x-ms-ratelimit-remaining-calls-per-second": "165.95"
      },
      "ResponseBody": {
        "refresh_token": "refresh_token"
      }
    },
    {
      "RequestUri": "https://fake_url.azurecr.io/oauth2/token?api-version=2021-07-01",
      "RequestMethod": "POST",
      "RequestHeaders": {
        "Accept": "application/json",
        "Accept-Encoding": "gzip, deflate",
        "Connection": "keep-alive",
        "Content-Length": "132",
        "Content-Type": "application/x-www-form-urlencoded",
        "User-Agent": "azsdk-python-azure-containerregistry/1.1.0b2 Python/3.9.2 (Windows-10-10.0.22000-SP0)"
      },
      "RequestBody": "service=yallacrtests.azurecr.io\u0026scope=repository%3Arepoe63342a4%3Ametadata_read\u0026refresh_token=refresh_token\u0026grant_type=refresh_token",
      "StatusCode": 200,
      "ResponseHeaders": {
        "Connection": "keep-alive",
        "Content-Type": "application/json; charset=utf-8",
        "Date": "Thu, 28 Jul 2022 08:56:43 GMT",
        "Server": "openresty",
        "Strict-Transport-Security": "max-age=31536000; includeSubDomains",
        "Transfer-Encoding": "chunked",
        "X-Ms-Correlation-Request-Id": "7393ee33-730e-470c-ba61-b53893d0b308",
        "x-ms-ratelimit-remaining-calls-per-second": "165.933333"
      },
      "ResponseBody": {
        "access_token": "access_token"
      }
    },
    {
      "RequestUri": "https://fake_url.azurecr.io/acr/v1/repoe63342a4/_manifests/sha256_encoded_stream",
      "RequestMethod": "GET",
      "RequestHeaders": {
        "Accept": "application/json",
        "Accept-Encoding": "gzip, deflate",
        "Connection": "keep-alive",
        "User-Agent": "azsdk-python-azure-containerregistry/1.1.0b2 Python/3.9.2 (Windows-10-10.0.22000-SP0)"
      },
      "RequestBody": null,
      "StatusCode": 200,
      "ResponseHeaders": {
        "Access-Control-Expose-Headers": [
          "Docker-Content-Digest",
          "WWW-Authenticate",
          "Link",
          "X-Ms-Correlation-Request-Id"
        ],
        "Connection": "keep-alive",
        "Content-Length": "1823",
        "Content-Type": "application/json; charset=utf-8",
        "Date": "Thu, 28 Jul 2022 08:56:43 GMT",
        "Docker-Distribution-Api-Version": "registry/2.0",
        "Server": "openresty",
        "Strict-Transport-Security": [
          "max-age=31536000; includeSubDomains",
          "max-age=31536000; includeSubDomains"
        ],
        "X-Content-Type-Options": "nosniff",
        "X-Ms-Correlation-Request-Id": "2864b0df-4764-4be7-803f-ab38fae3cacc"
      },
      "ResponseBody": {
        "registry": "yallacrtests.azurecr.io",
        "imageName": "repoe63342a4",
        "manifest": {
          "digest": "sha256:53f1bbee2f52c39e41682ee1d388285290c5c8a76cc92b42687eecf38e0af3f0",
          "imageSize": 61611,
          "createdTime": "2022-07-28T08:56:25.5541951Z",
          "lastUpdateTime": "2022-07-28T08:56:25.5541951Z",
          "mediaType": "application/vnd.docker.distribution.manifest.list.v2\u002Bjson",
          "tags": [
            "tage63342a4"
          ],
          "changeableAttributes": {
            "deleteEnabled": true,
            "writeEnabled": true,
            "readEnabled": true,
            "listEnabled": true
          },
          "references": [
            {
              "digest": "sha256:f54a58bc1aac5ea1a25d796ae155dc228b3f0e11d046ae276b39c4bf2f13d8c4",
              "architecture": "amd64",
              "os": "linux"
            },
            {
              "digest": "sha256:7b8b7289d0536a08eabdf71c20246e23f7116641db7e1d278592236ea4dcb30c",
              "architecture": "arm",
              "os": "linux"
            },
            {
              "digest": "sha256:f130bd2d67e6e9280ac6d0a6c83857bfaf70234e8ef4236876eccfbd30973b1c",
              "architecture": "arm",
              "os": "linux"
            },
            {
              "digest": "sha256:432f982638b3aefab73cc58ab28f5c16e96fdb504e8c134fc58dff4bae8bf338",
              "architecture": "arm64",
              "os": "linux"
            },
            {
              "digest": "sha256:995efde2e81b21d1ea7066aa77a59298a62a9e9fbb4b77f36c189774ec9b1089",
              "architecture": "386",
              "os": "linux"
            },
            {
              "digest": "sha256:eb11b1a194ff8e236a01eff392c4e1296a53b0fb4780d8b0382f7996a15d5392",
              "architecture": "mips64le",
              "os": "linux"
            },
            {
              "digest": "sha256:b836bb24a270b9cc935962d8228517fde0f16990e88893d935efcb1b14c0017a",
              "architecture": "ppc64le",
              "os": "linux"
            },
            {
              "digest": "sha256:98c9722322be649df94780d3fbe594fce7996234b259f27eac9428b84050c849",
              "architecture": "riscv64",
              "os": "linux"
            },
            {
              "digest": "sha256:c7b6944911848ce39b44ed660d95fb54d69bbd531de724c7ce6fc9f743c0b861",
              "architecture": "s390x",
              "os": "linux"
            },
            {
              "digest": "sha256:8377f36b3d74a8a4a95857a49d17a2969a2208eeb47a8af77bfa0136ef88e968",
              "architecture": "amd64",
              "os": "windows"
            },
            {
              "digest": "sha256:90baaa24dd546f7d73c33830e849c1d9298d3699c150eb823d13737a49de6503",
              "architecture": "amd64",
              "os": "windows"
            }
          ]
        }
      }
    },
    {
      "RequestUri": "https://fake_url.azurecr.io/acr/v1/repoe63342a4/_manifests/sha256_encoded_stream",
      "RequestMethod": "GET",
      "RequestHeaders": {
        "Accept": "application/json",
        "Accept-Encoding": "gzip, deflate",
        "Connection": "keep-alive",
        "User-Agent": "azsdk-python-azure-containerregistry/1.1.0b2 Python/3.9.2 (Windows-10-10.0.22000-SP0)"
      },
      "RequestBody": null,
      "StatusCode": 401,
      "ResponseHeaders": {
        "Access-Control-Expose-Headers": [
          "Docker-Content-Digest",
          "WWW-Authenticate",
          "Link",
          "X-Ms-Correlation-Request-Id"
        ],
        "Connection": "keep-alive",
        "Content-Length": "215",
        "Content-Type": "application/json; charset=utf-8",
        "Date": "Thu, 28 Jul 2022 08:56:43 GMT",
        "Docker-Distribution-Api-Version": "registry/2.0",
        "Server": "openresty",
        "Strict-Transport-Security": [
          "max-age=31536000; includeSubDomains",
          "max-age=31536000; includeSubDomains"
        ],
        "WWW-Authenticate": "Bearer realm=\u0022https://fake_url.azurecr.io/oauth2/token\u0022,service=\u0022yallacrtests.azurecr.io\u0022,scope=\u0022repository:repoe63342a4:metadata_read\u0022",
        "X-Content-Type-Options": "nosniff",
        "X-Ms-Correlation-Request-Id": "c65b4ba7-773a-4534-b26f-6a1a7f9f0310"
      },
      "ResponseBody": {
        "errors": [
          {
            "code": "UNAUTHORIZED",
            "message": "authentication required, visit https://aka.ms/acr/authorization for more information.",
            "detail": [
              {
                "Type": "repository",
                "Name": "repoe63342a4",
                "Action": "metadata_read"
              }
            ]
          }
        ]
      }
    },
    {
      "RequestUri": "https://fake_url.azurecr.io/oauth2/exchange?api-version=2021-07-01",
      "RequestMethod": "POST",
      "RequestHeaders": {
        "Accept": "application/json",
        "Accept-Encoding": "gzip, deflate",
        "Connection": "keep-alive",
        "Content-Length": "81",
        "Content-Type": "application/x-www-form-urlencoded",
        "User-Agent": "azsdk-python-azure-containerregistry/1.1.0b2 Python/3.9.2 (Windows-10-10.0.22000-SP0)"
      },
      "RequestBody": "grant_type=access_token\u0026service=yallacrtests.azurecr.io\u0026access_token=access_token",
      "StatusCode": 200,
      "ResponseHeaders": {
        "Connection": "keep-alive",
        "Content-Type": "application/json; charset=utf-8",
        "Date": "Thu, 28 Jul 2022 08:56:43 GMT",
        "Server": "openresty",
        "Strict-Transport-Security": "max-age=31536000; includeSubDomains",
        "Transfer-Encoding": "chunked",
        "X-Ms-Correlation-Request-Id": "ebb6f211-579a-44dc-ae73-8c15a1de78a3",
        "x-ms-ratelimit-remaining-calls-per-second": "165.916667"
      },
      "ResponseBody": {
        "refresh_token": "refresh_token"
      }
    },
    {
      "RequestUri": "https://fake_url.azurecr.io/oauth2/token?api-version=2021-07-01",
      "RequestMethod": "POST",
      "RequestHeaders": {
        "Accept": "application/json",
        "Accept-Encoding": "gzip, deflate",
        "Connection": "keep-alive",
        "Content-Length": "132",
        "Content-Type": "application/x-www-form-urlencoded",
        "User-Agent": "azsdk-python-azure-containerregistry/1.1.0b2 Python/3.9.2 (Windows-10-10.0.22000-SP0)"
      },
      "RequestBody": "service=yallacrtests.azurecr.io\u0026scope=repository%3Arepoe63342a4%3Ametadata_read\u0026refresh_token=refresh_token\u0026grant_type=refresh_token",
      "StatusCode": 200,
      "ResponseHeaders": {
        "Connection": "keep-alive",
        "Content-Type": "application/json; charset=utf-8",
        "Date": "Thu, 28 Jul 2022 08:56:43 GMT",
        "Server": "openresty",
        "Strict-Transport-Security": "max-age=31536000; includeSubDomains",
        "Transfer-Encoding": "chunked",
        "X-Ms-Correlation-Request-Id": "e780caf9-d198-49d4-949c-f0ee03c0a7ec",
        "x-ms-ratelimit-remaining-calls-per-second": "165.9"
      },
      "ResponseBody": {
        "access_token": "access_token"
      }
    },
    {
      "RequestUri": "https://fake_url.azurecr.io/acr/v1/repoe63342a4/_manifests/sha256_encoded_stream",
      "RequestMethod": "GET",
      "RequestHeaders": {
        "Accept": "application/json",
        "Accept-Encoding": "gzip, deflate",
        "Connection": "keep-alive",
        "User-Agent": "azsdk-python-azure-containerregistry/1.1.0b2 Python/3.9.2 (Windows-10-10.0.22000-SP0)"
      },
      "RequestBody": null,
      "StatusCode": 404,
      "ResponseHeaders": {
        "Access-Control-Expose-Headers": [
          "Docker-Content-Digest",
          "WWW-Authenticate",
          "Link",
          "X-Ms-Correlation-Request-Id"
        ],
        "Connection": "keep-alive",
        "Content-Length": "70",
        "Content-Type": "application/json; charset=utf-8",
        "Date": "Thu, 28 Jul 2022 08:56:43 GMT",
        "Docker-Distribution-Api-Version": "registry/2.0",
        "Server": "openresty",
        "Strict-Transport-Security": [
          "max-age=31536000; includeSubDomains",
          "max-age=31536000; includeSubDomains"
        ],
        "X-Content-Type-Options": "nosniff",
        "X-Ms-Correlation-Request-Id": "1fea9c0d-dd8b-4635-82a3-7d02b2315ccf"
      },
      "ResponseBody": {
        "errors": [
          {
            "code": "MANIFEST_UNKNOWN",
            "message": "manifest unknown"
          }
        ]
      }
    }
  ],
  "Variables": {}
}
