interactions:
- request:
    body: null
    headers:
      Accept:
      - application/json
      User-Agent:
      - azsdk-python-azure-containerregistry/1.0.0b1 Python/3.9.0rc1 (Windows-10-10.0.19041-SP0)
    method: GET
    uri: https://fake_url.azurecr.io/acr/v1/reposetb7cc1bf8/_manifests
  response:
    body:
      string: '{"errors": [{"code": "UNAUTHORIZED", "message": "authentication required,
        visit https://aka.ms/acr/authorization for more information.", "detail": [{"Type":
        "repository", "Name": "reposetb7cc1bf8", "Action": "metadata_read"}]}]}'
    headers:
      access-control-expose-headers: X-Ms-Correlation-Request-Id
      connection: keep-alive
      content-length: '218'
      content-type: application/json; charset=utf-8
      date: Wed, 07 Apr 2021 14:46:26 GMT
      docker-distribution-api-version: registry/2.0
      server: openresty
      strict-transport-security: max-age=31536000; includeSubDomains
      www-authenticate: Bearer realm="https://fake_url.azurecr.io/oauth2/token",service="fake_url.azurecr.io",scope="fake_scope",error="invalid_token"
      x-content-type-options: nosniff
    status:
      code: 401
      message: Unauthorized
    url: https://fake_url.azurecr.io/acr/v1/reposetb7cc1bf8/_manifests
- request:
    body:
      access_token: REDACTED
      grant_type: access_token
      service: fake_url.azurecr.io
    headers:
      Accept:
      - application/json
      User-Agent:
      - azsdk-python-azure-containerregistry/1.0.0b1 Python/3.9.0rc1 (Windows-10-10.0.19041-SP0)
    method: POST
    uri: https://fake_url.azurecr.io/oauth2/exchange
  response:
    body:
      string: '{"refresh_token": "REDACTED"}'
    headers:
      connection: keep-alive
      content-type: application/json; charset=utf-8
      date: Wed, 07 Apr 2021 14:46:27 GMT
      server: openresty
      strict-transport-security: max-age=31536000; includeSubDomains
      transfer-encoding: chunked
      x-ms-ratelimit-remaining-calls-per-second: '333.316667'
    status:
      code: 200
      message: OK
    url: https://fake_url.azurecr.io/oauth2/exchange
- request:
    body:
      grant_type: refresh_token
      refresh_token: REDACTED
      scope: repository:reposetb7cc1bf8:metadata_read
      service: fake_url.azurecr.io
    headers:
      Accept:
      - application/json
      User-Agent:
      - azsdk-python-azure-containerregistry/1.0.0b1 Python/3.9.0rc1 (Windows-10-10.0.19041-SP0)
    method: POST
    uri: https://fake_url.azurecr.io/oauth2/token
  response:
    body:
      string: '{"access_token": "REDACTED"}'
    headers:
      connection: keep-alive
      content-type: application/json; charset=utf-8
      date: Wed, 07 Apr 2021 14:46:27 GMT
      server: openresty
      strict-transport-security: max-age=31536000; includeSubDomains
      transfer-encoding: chunked
      x-ms-ratelimit-remaining-calls-per-second: '333.3'
    status:
      code: 200
      message: OK
    url: https://fake_url.azurecr.io/oauth2/token
- request:
    body: null
    headers:
      Accept:
      - application/json
      User-Agent:
      - azsdk-python-azure-containerregistry/1.0.0b1 Python/3.9.0rc1 (Windows-10-10.0.19041-SP0)
    method: GET
    uri: https://fake_url.azurecr.io/acr/v1/reposetb7cc1bf8/_manifests
  response:
    body:
      string: '{"registry": "fake_url.azurecr.io", "imageName": "reposetb7cc1bf8",
        "manifests": [{"digest": "sha256:1b26826f602946860c279fce658f31050cff2c596583af237d971f4629b57792",
        "imageSize": 0, "createdTime": "2021-04-07T14:46:18.7697062Z", "lastUpdateTime":
        "2021-04-07T14:46:18.7697062Z", "architecture": "amd64", "os": "linux", "mediaType":
        "application/vnd.docker.distribution.manifest.v2+json", "changeableAttributes":
        {"deleteEnabled": true, "writeEnabled": true, "readEnabled": true, "listEnabled":
        true, "quarantineState": "Passed"}}, {"digest": "sha256:308866a43596e83578c7dfa15e27a73011bdd402185a84c5cd7f32a88b501a24",
        "imageSize": 0, "createdTime": "2021-04-07T14:46:16.0064179Z", "lastUpdateTime":
        "2021-04-07T14:46:16.0064179Z", "mediaType": "application/vnd.docker.distribution.manifest.list.v2+json",
        "tags": ["tagb7cc1bf8"], "changeableAttributes": {"deleteEnabled": true, "writeEnabled":
        true, "readEnabled": true, "listEnabled": true}}, {"digest": "sha256:50b8560ad574c779908da71f7ce370c0a2471c098d44d1c8f6b513c5a55eeeb1",
        "imageSize": 0, "createdTime": "2021-04-07T14:46:17.3404717Z", "lastUpdateTime":
        "2021-04-07T14:46:17.3404717Z", "architecture": "arm", "os": "linux", "mediaType":
        "application/vnd.docker.distribution.manifest.v2+json", "changeableAttributes":
        {"deleteEnabled": true, "writeEnabled": true, "readEnabled": true, "listEnabled":
        true, "quarantineState": "Passed"}}, {"digest": "sha256:88b2e00179bd6c4064612403c8d42a13de7ca809d61fee966ce9e129860a8a90",
        "imageSize": 0, "createdTime": "2021-04-07T14:46:17.7809661Z", "lastUpdateTime":
        "2021-04-07T14:46:17.7809661Z", "architecture": "mips64le", "os": "linux",
        "mediaType": "application/vnd.docker.distribution.manifest.v2+json", "changeableAttributes":
        {"deleteEnabled": true, "writeEnabled": true, "readEnabled": true, "listEnabled":
        true, "quarantineState": "Passed"}}, {"digest": "sha256:963612c5503f3f1674f315c67089dee577d8cc6afc18565e0b4183ae355fb343",
        "imageSize": 0, "createdTime": "2021-04-07T14:46:16.679345Z", "lastUpdateTime":
        "2021-04-07T14:46:16.679345Z", "architecture": "arm64", "os": "linux", "mediaType":
        "application/vnd.docker.distribution.manifest.v2+json", "changeableAttributes":
        {"deleteEnabled": true, "writeEnabled": true, "readEnabled": true, "listEnabled":
        true, "quarantineState": "Passed"}}, {"digest": "sha256:b0408a0f1d74eced127a2658429f336ed8fa48e36d59878f155b19865e5dbd70",
        "imageSize": 0, "createdTime": "2021-04-07T14:46:16.8386028Z", "lastUpdateTime":
        "2021-04-07T14:46:16.8386028Z", "architecture": "amd64", "os": "windows",
        "mediaType": "application/vnd.docker.distribution.manifest.v2+json", "changeableAttributes":
        {"deleteEnabled": true, "writeEnabled": true, "readEnabled": true, "listEnabled":
        true, "quarantineState": "Passed"}}, {"digest": "sha256:bb7ab0fa94fdd78aca84b27a1bd46c4b811051f9b69905d81f5f267fc6546a9d",
        "imageSize": 0, "createdTime": "2021-04-07T14:46:17.3963026Z", "lastUpdateTime":
        "2021-04-07T14:46:17.3963026Z", "architecture": "ppc64le", "os": "linux",
        "mediaType": "application/vnd.docker.distribution.manifest.v2+json", "changeableAttributes":
        {"deleteEnabled": true, "writeEnabled": true, "readEnabled": true, "listEnabled":
        true, "quarantineState": "Passed"}}, {"digest": "sha256:cb55d8f7347376e1ba38ca740904b43c9a52f66c7d2ae1ef1a0de1bc9f40df98",
        "imageSize": 0, "createdTime": "2021-04-07T14:46:19.8874902Z", "lastUpdateTime":
        "2021-04-07T14:46:19.8874902Z", "architecture": "386", "os": "linux", "mediaType":
        "application/vnd.docker.distribution.manifest.v2+json", "changeableAttributes":
        {"deleteEnabled": true, "writeEnabled": true, "readEnabled": true, "listEnabled":
        true, "quarantineState": "Passed"}}, {"digest": "sha256:e49abad529e5d9bd6787f3abeab94e09ba274fe34731349556a850b9aebbf7bf",
        "imageSize": 0, "createdTime": "2021-04-07T14:46:16.7566071Z", "lastUpdateTime":
        "2021-04-07T14:46:16.7566071Z", "architecture": "s390x", "os": "linux", "mediaType":
        "application/vnd.docker.distribution.manifest.v2+json", "changeableAttributes":
        {"deleteEnabled": true, "writeEnabled": true, "readEnabled": true, "listEnabled":
        true, "quarantineState": "Passed"}}, {"digest": "sha256:e5785cb0c62cebbed4965129bae371f0589cadd6d84798fb58c2c5f9e237efd9",
        "imageSize": 0, "createdTime": "2021-04-07T14:46:17.1742286Z", "lastUpdateTime":
        "2021-04-07T14:46:17.1742286Z", "architecture": "arm", "os": "linux", "mediaType":
        "application/vnd.docker.distribution.manifest.v2+json", "changeableAttributes":
        {"deleteEnabled": true, "writeEnabled": true, "readEnabled": true, "listEnabled":
        true, "quarantineState": "Passed"}}]}'
    headers:
      access-control-expose-headers: X-Ms-Correlation-Request-Id
      connection: keep-alive
      content-type: application/json; charset=utf-8
      date: Wed, 07 Apr 2021 14:46:28 GMT
      docker-distribution-api-version: registry/2.0
      server: openresty
      strict-transport-security: max-age=31536000; includeSubDomains
      transfer-encoding: chunked
      x-content-type-options: nosniff
    status:
      code: 200
      message: OK
    url: https://fake_url.azurecr.io/acr/v1/reposetb7cc1bf8/_manifests
- request:
    body: '{"deleteEnabled": false, "writeEnabled": false, "listEnabled": false, "readEnabled":
      false}'
    headers:
      Accept:
      - application/json
      Content-Length:
      - '91'
      Content-Type:
      - application/json
      User-Agent:
      - azsdk-python-azure-containerregistry/1.0.0b1 Python/3.9.0rc1 (Windows-10-10.0.19041-SP0)
    method: PATCH
    uri: https://fake_url.azurecr.io/acr/v1/reposetb7cc1bf8/_manifests/sha256:1b26826f602946860c279fce658f31050cff2c596583af237d971f4629b57792
  response:
    body:
      string: '{"errors": [{"code": "UNAUTHORIZED", "message": "authentication required,
        visit https://aka.ms/acr/authorization for more information.", "detail": [{"Type":
        "repository", "Name": "reposetb7cc1bf8", "Action": "metadata_write"}]}]}'
    headers:
      access-control-expose-headers: X-Ms-Correlation-Request-Id
      connection: keep-alive
      content-length: '219'
      content-type: application/json; charset=utf-8
      date: Wed, 07 Apr 2021 14:46:28 GMT
      docker-distribution-api-version: registry/2.0
      server: openresty
      strict-transport-security: max-age=31536000; includeSubDomains
      www-authenticate: Bearer realm="https://fake_url.azurecr.io/oauth2/token",service="fake_url.azurecr.io",scope="fake_scope",error="invalid_token"
      x-content-type-options: nosniff
    status:
      code: 401
      message: Unauthorized
    url: https://fake_url.azurecr.io/acr/v1/reposetb7cc1bf8/_manifests/sha256:1b26826f602946860c279fce658f31050cff2c596583af237d971f4629b57792
- request:
    body:
      access_token: REDACTED
      grant_type: access_token
      service: fake_url.azurecr.io
    headers:
      Accept:
      - application/json
      User-Agent:
      - azsdk-python-azure-containerregistry/1.0.0b1 Python/3.9.0rc1 (Windows-10-10.0.19041-SP0)
    method: POST
    uri: https://fake_url.azurecr.io/oauth2/exchange
  response:
    body:
      string: '{"refresh_token": "REDACTED"}'
    headers:
      connection: keep-alive
      content-type: application/json; charset=utf-8
      date: Wed, 07 Apr 2021 14:46:28 GMT
      server: openresty
      strict-transport-security: max-age=31536000; includeSubDomains
      transfer-encoding: chunked
      x-ms-ratelimit-remaining-calls-per-second: '333.283333'
    status:
      code: 200
      message: OK
    url: https://fake_url.azurecr.io/oauth2/exchange
- request:
    body:
      grant_type: refresh_token
      refresh_token: REDACTED
      scope: repository:reposetb7cc1bf8:metadata_write
      service: fake_url.azurecr.io
    headers:
      Accept:
      - application/json
      User-Agent:
      - azsdk-python-azure-containerregistry/1.0.0b1 Python/3.9.0rc1 (Windows-10-10.0.19041-SP0)
    method: POST
    uri: https://fake_url.azurecr.io/oauth2/token
  response:
    body:
      string: '{"access_token": "REDACTED"}'
    headers:
      connection: keep-alive
      content-type: application/json; charset=utf-8
      date: Wed, 07 Apr 2021 14:46:28 GMT
      server: openresty
      strict-transport-security: max-age=31536000; includeSubDomains
      transfer-encoding: chunked
      x-ms-ratelimit-remaining-calls-per-second: '333.266667'
    status:
      code: 200
      message: OK
    url: https://fake_url.azurecr.io/oauth2/token
- request:
    body: '{"deleteEnabled": false, "writeEnabled": false, "listEnabled": false, "readEnabled":
      false}'
    headers:
      Accept:
      - application/json
      Content-Length:
      - '91'
      Content-Type:
      - application/json
      User-Agent:
      - azsdk-python-azure-containerregistry/1.0.0b1 Python/3.9.0rc1 (Windows-10-10.0.19041-SP0)
    method: PATCH
    uri: https://fake_url.azurecr.io/acr/v1/reposetb7cc1bf8/_manifests/sha256:1b26826f602946860c279fce658f31050cff2c596583af237d971f4629b57792
  response:
    body:
      string: '{"registry": "fake_url.azurecr.io", "imageName": "reposetb7cc1bf8",
        "manifest": {"digest": "sha256:1b26826f602946860c279fce658f31050cff2c596583af237d971f4629b57792",
        "imageSize": 0, "createdTime": "2021-04-07T14:46:18.7697062Z", "lastUpdateTime":
        "2021-04-07T14:46:18.7697062Z", "architecture": "amd64", "os": "linux", "mediaType":
        "application/vnd.docker.distribution.manifest.v2+json", "changeableAttributes":
        {"deleteEnabled": false, "writeEnabled": false, "readEnabled": false, "listEnabled":
        false, "quarantineDetails": "{\"state\":\"Scan Passed\",\"link\":\"https://aka.ms/test\",\"scanner\":\"Azure
        Security Monitoring-Qualys Scanner\",\"result\":{\"version\":\"2021-04-02T20:09:40.8950004Z\",\"summary\":[{\"severity\":\"High\",\"count\":3},{\"severity\":\"Medium\",\"count\":8},{\"severity\":\"Low\",\"count\":0}]}}",
        "quarantineState": "Passed"}}}'
    headers:
      access-control-expose-headers: X-Ms-Correlation-Request-Id
      connection: keep-alive
      content-length: '827'
      content-type: application/json; charset=utf-8
      date: Wed, 07 Apr 2021 14:46:29 GMT
      docker-distribution-api-version: registry/2.0
      server: openresty
      strict-transport-security: max-age=31536000; includeSubDomains
      x-content-type-options: nosniff
    status:
      code: 200
      message: OK
    url: https://fake_url.azurecr.io/acr/v1/reposetb7cc1bf8/_manifests/sha256:1b26826f602946860c279fce658f31050cff2c596583af237d971f4629b57792
- request:
    body: '{"deleteEnabled": true, "writeEnabled": true, "listEnabled": true, "readEnabled":
      true}'
    headers:
      Accept:
      - application/json
      Content-Length:
      - '87'
      Content-Type:
      - application/json
      User-Agent:
      - azsdk-python-azure-containerregistry/1.0.0b1 Python/3.9.0rc1 (Windows-10-10.0.19041-SP0)
    method: PATCH
    uri: https://fake_url.azurecr.io/acr/v1/reposetb7cc1bf8/_manifests/sha256:1b26826f602946860c279fce658f31050cff2c596583af237d971f4629b57792
  response:
    body:
      string: '{"errors": [{"code": "UNAUTHORIZED", "message": "authentication required,
        visit https://aka.ms/acr/authorization for more information.", "detail": [{"Type":
        "repository", "Name": "reposetb7cc1bf8", "Action": "metadata_write"}]}]}'
    headers:
      access-control-expose-headers: X-Ms-Correlation-Request-Id
      connection: keep-alive
      content-length: '219'
      content-type: application/json; charset=utf-8
      date: Wed, 07 Apr 2021 14:46:30 GMT
      docker-distribution-api-version: registry/2.0
      server: openresty
      strict-transport-security: max-age=31536000; includeSubDomains
      www-authenticate: Bearer realm="https://fake_url.azurecr.io/oauth2/token",service="fake_url.azurecr.io",scope="fake_scope",error="invalid_token"
      x-content-type-options: nosniff
    status:
      code: 401
      message: Unauthorized
    url: https://fake_url.azurecr.io/acr/v1/reposetb7cc1bf8/_manifests/sha256:1b26826f602946860c279fce658f31050cff2c596583af237d971f4629b57792
- request:
    body:
      access_token: REDACTED
      grant_type: access_token
      service: fake_url.azurecr.io
    headers:
      Accept:
      - application/json
      User-Agent:
      - azsdk-python-azure-containerregistry/1.0.0b1 Python/3.9.0rc1 (Windows-10-10.0.19041-SP0)
    method: POST
    uri: https://fake_url.azurecr.io/oauth2/exchange
  response:
    body:
      string: '{"refresh_token": "REDACTED"}'
    headers:
      connection: keep-alive
      content-type: application/json; charset=utf-8
      date: Wed, 07 Apr 2021 14:46:30 GMT
      server: openresty
      strict-transport-security: max-age=31536000; includeSubDomains
      transfer-encoding: chunked
      x-ms-ratelimit-remaining-calls-per-second: '333.25'
    status:
      code: 200
      message: OK
    url: https://fake_url.azurecr.io/oauth2/exchange
- request:
    body:
      grant_type: refresh_token
      refresh_token: REDACTED
      scope: repository:reposetb7cc1bf8:metadata_write
      service: fake_url.azurecr.io
    headers:
      Accept:
      - application/json
      User-Agent:
      - azsdk-python-azure-containerregistry/1.0.0b1 Python/3.9.0rc1 (Windows-10-10.0.19041-SP0)
    method: POST
    uri: https://fake_url.azurecr.io/oauth2/token
  response:
    body:
      string: '{"access_token": "REDACTED"}'
    headers:
      connection: keep-alive
      content-type: application/json; charset=utf-8
      date: Wed, 07 Apr 2021 14:46:30 GMT
      server: openresty
      strict-transport-security: max-age=31536000; includeSubDomains
      transfer-encoding: chunked
      x-ms-ratelimit-remaining-calls-per-second: '333.233333'
    status:
      code: 200
      message: OK
    url: https://fake_url.azurecr.io/oauth2/token
- request:
    body: '{"deleteEnabled": true, "writeEnabled": true, "listEnabled": true, "readEnabled":
      true}'
    headers:
      Accept:
      - application/json
      Content-Length:
      - '87'
      Content-Type:
      - application/json
      User-Agent:
      - azsdk-python-azure-containerregistry/1.0.0b1 Python/3.9.0rc1 (Windows-10-10.0.19041-SP0)
    method: PATCH
    uri: https://fake_url.azurecr.io/acr/v1/reposetb7cc1bf8/_manifests/sha256:1b26826f602946860c279fce658f31050cff2c596583af237d971f4629b57792
  response:
    body:
      string: '{"registry": "fake_url.azurecr.io", "imageName": "reposetb7cc1bf8",
        "manifest": {"digest": "sha256:1b26826f602946860c279fce658f31050cff2c596583af237d971f4629b57792",
        "imageSize": 0, "createdTime": "2021-04-07T14:46:18.7697062Z", "lastUpdateTime":
        "2021-04-07T14:46:18.7697062Z", "architecture": "amd64", "os": "linux", "mediaType":
        "application/vnd.docker.distribution.manifest.v2+json", "changeableAttributes":
        {"deleteEnabled": true, "writeEnabled": true, "readEnabled": true, "listEnabled":
        true, "quarantineDetails": "{\"state\":\"Scan Passed\",\"link\":\"https://aka.ms/test\",\"scanner\":\"Azure
        Security Monitoring-Qualys Scanner\",\"result\":{\"version\":\"2021-04-02T20:09:40.8950004Z\",\"summary\":[{\"severity\":\"High\",\"count\":3},{\"severity\":\"Medium\",\"count\":8},{\"severity\":\"Low\",\"count\":0}]}}",
        "quarantineState": "Passed"}}}'
    headers:
      access-control-expose-headers: X-Ms-Correlation-Request-Id
      connection: keep-alive
      content-length: '823'
      content-type: application/json; charset=utf-8
      date: Wed, 07 Apr 2021 14:46:30 GMT
      docker-distribution-api-version: registry/2.0
      server: openresty
      strict-transport-security: max-age=31536000; includeSubDomains
      x-content-type-options: nosniff
    status:
      code: 200
      message: OK
    url: https://fake_url.azurecr.io/acr/v1/reposetb7cc1bf8/_manifests/sha256:1b26826f602946860c279fce658f31050cff2c596583af237d971f4629b57792
- request:
    body: null
    headers:
      Accept:
      - application/json
      User-Agent:
      - azsdk-python-azure-containerregistry/1.0.0b1 Python/3.9.0rc1 (Windows-10-10.0.19041-SP0)
    method: DELETE
    uri: https://fake_url.azurecr.io/acr/v1/reposetb7cc1bf8
  response:
    body:
      string: '{"errors": [{"code": "UNAUTHORIZED", "message": "authentication required,
        visit https://aka.ms/acr/authorization for more information.", "detail": [{"Type":
        "repository", "Name": "reposetb7cc1bf8", "Action": "delete"}]}]}'
    headers:
      access-control-expose-headers: X-Ms-Correlation-Request-Id
      connection: keep-alive
      content-length: '211'
      content-type: application/json; charset=utf-8
      date: Wed, 07 Apr 2021 14:46:40 GMT
      docker-distribution-api-version: registry/2.0
      server: openresty
      strict-transport-security: max-age=31536000; includeSubDomains
      www-authenticate: Bearer realm="https://fake_url.azurecr.io/oauth2/token",service="fake_url.azurecr.io",scope="fake_scope",error="invalid_token"
      x-content-type-options: nosniff
    status:
      code: 401
      message: Unauthorized
    url: https://fake_url.azurecr.io/acr/v1/reposetb7cc1bf8
- request:
    body:
      access_token: REDACTED
      grant_type: access_token
      service: fake_url.azurecr.io
    headers:
      Accept:
      - application/json
      User-Agent:
      - azsdk-python-azure-containerregistry/1.0.0b1 Python/3.9.0rc1 (Windows-10-10.0.19041-SP0)
    method: POST
    uri: https://fake_url.azurecr.io/oauth2/exchange
  response:
    body:
      string: '{"refresh_token": "REDACTED"}'
    headers:
      connection: keep-alive
      content-type: application/json; charset=utf-8
      date: Wed, 07 Apr 2021 14:46:41 GMT
      server: openresty
      strict-transport-security: max-age=31536000; includeSubDomains
      transfer-encoding: chunked
      x-ms-ratelimit-remaining-calls-per-second: '333.2'
    status:
      code: 200
      message: OK
    url: https://fake_url.azurecr.io/oauth2/exchange
- request:
    body:
      grant_type: refresh_token
      refresh_token: REDACTED
      scope: repository:reposetb7cc1bf8:delete
      service: fake_url.azurecr.io
    headers:
      Accept:
      - application/json
      User-Agent:
      - azsdk-python-azure-containerregistry/1.0.0b1 Python/3.9.0rc1 (Windows-10-10.0.19041-SP0)
    method: POST
    uri: https://fake_url.azurecr.io/oauth2/token
  response:
    body:
      string: '{"access_token": "REDACTED"}'
    headers:
      connection: keep-alive
      content-type: application/json; charset=utf-8
      date: Wed, 07 Apr 2021 14:46:41 GMT
      server: openresty
      strict-transport-security: max-age=31536000; includeSubDomains
      transfer-encoding: chunked
      x-ms-ratelimit-remaining-calls-per-second: '333.183333'
    status:
      code: 200
      message: OK
    url: https://fake_url.azurecr.io/oauth2/token
- request:
    body: null
    headers:
      Accept:
      - application/json
      User-Agent:
      - azsdk-python-azure-containerregistry/1.0.0b1 Python/3.9.0rc1 (Windows-10-10.0.19041-SP0)
    method: DELETE
    uri: https://fake_url.azurecr.io/acr/v1/reposetb7cc1bf8
  response:
    body:
      string: '{"manifestsDeleted": ["sha256:1b26826f602946860c279fce658f31050cff2c596583af237d971f4629b57792",
        "sha256:308866a43596e83578c7dfa15e27a73011bdd402185a84c5cd7f32a88b501a24",
        "sha256:50b8560ad574c779908da71f7ce370c0a2471c098d44d1c8f6b513c5a55eeeb1",
        "sha256:88b2e00179bd6c4064612403c8d42a13de7ca809d61fee966ce9e129860a8a90",
        "sha256:963612c5503f3f1674f315c67089dee577d8cc6afc18565e0b4183ae355fb343",
        "sha256:b0408a0f1d74eced127a2658429f336ed8fa48e36d59878f155b19865e5dbd70",
        "sha256:bb7ab0fa94fdd78aca84b27a1bd46c4b811051f9b69905d81f5f267fc6546a9d",
        "sha256:cb55d8f7347376e1ba38ca740904b43c9a52f66c7d2ae1ef1a0de1bc9f40df98",
        "sha256:e49abad529e5d9bd6787f3abeab94e09ba274fe34731349556a850b9aebbf7bf",
        "sha256:e5785cb0c62cebbed4965129bae371f0589cadd6d84798fb58c2c5f9e237efd9"],
        "tagsDeleted": ["tagb7cc1bf8"]}'
    headers:
      access-control-expose-headers: X-Ms-Correlation-Request-Id
      connection: keep-alive
      content-length: '793'
      content-type: application/json; charset=utf-8
      date: Wed, 07 Apr 2021 14:46:44 GMT
      docker-distribution-api-version: registry/2.0
      server: openresty
      strict-transport-security: max-age=31536000; includeSubDomains
      x-content-type-options: nosniff
      x-ms-ratelimit-remaining-calls-per-second: '32.000000'
    status:
      code: 202
      message: Accepted
    url: https://fake_url.azurecr.io/acr/v1/reposetb7cc1bf8
version: 1
