interactions:
- request:
    body: null
    headers:
      Accept:
      - application/json
      User-Agent:
      - azsdk-python-azure-containerregistry/1.0.0b4 Python/3.9.0rc1 (Windows-10-10.0.19041-SP0)
    method: GET
    uri: https://fake_url.azurecr.io/acr/v1/_catalog?n=2
  response:
    body:
      string: '{"errors": [{"code": "UNAUTHORIZED", "message": "authentication required,
        visit https://aka.ms/acr/authorization for more information.", "detail": [{"Type":
        "registry", "Name": "catalog", "Action": "*"}]}]}'
    headers:
      access-control-expose-headers: X-Ms-Correlation-Request-Id
      connection: keep-alive
      content-length: '196'
      content-type: application/json; charset=utf-8
      date: Fri, 18 Jun 2021 20:16:11 GMT
      docker-distribution-api-version: registry/2.0
      server: openresty
      strict-transport-security: max-age=31536000; includeSubDomains
      www-authenticate: Bearer realm="https://fake_url.azurecr.io/oauth2/token",service="fake_url.azurecr.io",scope="fake_scope",error="invalid_token"
      x-content-type-options: nosniff
    status:
      code: 401
      message: Unauthorized
    url: https://seankaneanon.azurecr.io/acr/v1/_catalog?n=2
- request:
    body:
      grant_type: !!python/object/apply:azure.containerregistry._generated.models._container_registry_enums.TokenGrantType
      - password
      scope: registry:catalog:*
      service: seankaneanon.azurecr.io
    headers:
      Accept:
      - application/json
      User-Agent:
      - azsdk-python-azure-containerregistry/1.0.0b4 Python/3.9.0rc1 (Windows-10-10.0.19041-SP0)
    method: POST
    uri: https://fake_url.azurecr.io/oauth2/token
  response:
    body:
      string: '{"access_token": "REDACTED"}'
    headers:
      connection: keep-alive
      content-type: application/json; charset=utf-8
      date: Fri, 18 Jun 2021 20:16:12 GMT
      server: openresty
      strict-transport-security: max-age=31536000; includeSubDomains
      transfer-encoding: chunked
      x-ms-ratelimit-remaining-calls-per-second: '166.483333'
    status:
      code: 200
      message: OK
    url: https://seankaneanon.azurecr.io/oauth2/token
- request:
    body: null
    headers:
      Accept:
      - application/json
      User-Agent:
      - azsdk-python-azure-containerregistry/1.0.0b4 Python/3.9.0rc1 (Windows-10-10.0.19041-SP0)
    method: GET
    uri: https://fake_url.azurecr.io/acr/v1/_catalog?n=2
  response:
    body:
      string: '{"repositories": ["library/alpine", "library/busybox"]}'
    headers:
      access-control-expose-headers: X-Ms-Correlation-Request-Id
      connection: keep-alive
      content-length: '54'
      content-type: application/json; charset=utf-8
      date: Fri, 18 Jun 2021 20:16:12 GMT
      docker-distribution-api-version: registry/2.0
      link: </acr/v1/_catalog?last=library%2Fbusybox&n=2&orderby=>; rel="next"
      server: openresty
      strict-transport-security: max-age=31536000; includeSubDomains
      x-content-type-options: nosniff
    status:
      code: 200
      message: OK
    url: https://seankaneanon.azurecr.io/acr/v1/_catalog?n=2
- request:
    body: null
    headers:
      Accept:
      - application/json
      User-Agent:
      - azsdk-python-azure-containerregistry/1.0.0b4 Python/3.9.0rc1 (Windows-10-10.0.19041-SP0)
    method: GET
    uri: https://fake_url.azurecr.io/acr/v1/_catalog?last=library/busybox&n=2&orderby=
  response:
    body:
      string: '{"errors": [{"code": "UNAUTHORIZED", "message": "authentication required,
        visit https://aka.ms/acr/authorization for more information.", "detail": [{"Type":
        "registry", "Name": "catalog", "Action": "*"}]}]}'
    headers:
      access-control-expose-headers: X-Ms-Correlation-Request-Id
      connection: keep-alive
      content-length: '196'
      content-type: application/json; charset=utf-8
      date: Fri, 18 Jun 2021 20:16:12 GMT
      docker-distribution-api-version: registry/2.0
      server: openresty
      strict-transport-security: max-age=31536000; includeSubDomains
      www-authenticate: Bearer realm="https://fake_url.azurecr.io/oauth2/token",service="fake_url.azurecr.io",scope="fake_scope",error="invalid_token"
      x-content-type-options: nosniff
    status:
      code: 401
      message: Unauthorized
    url: https://seankaneanon.azurecr.io/acr/v1/_catalog?last=library/busybox&n=2&orderby=
- request:
    body:
      grant_type: !!python/object/apply:azure.containerregistry._generated.models._container_registry_enums.TokenGrantType
      - password
      scope: registry:catalog:*
      service: seankaneanon.azurecr.io
    headers:
      Accept:
      - application/json
      User-Agent:
      - azsdk-python-azure-containerregistry/1.0.0b4 Python/3.9.0rc1 (Windows-10-10.0.19041-SP0)
    method: POST
    uri: https://fake_url.azurecr.io/oauth2/token
  response:
    body:
      string: '{"access_token": "REDACTED"}'
    headers:
      connection: keep-alive
      content-type: application/json; charset=utf-8
      date: Fri, 18 Jun 2021 20:16:12 GMT
      server: openresty
      strict-transport-security: max-age=31536000; includeSubDomains
      transfer-encoding: chunked
      x-ms-ratelimit-remaining-calls-per-second: '166.466667'
    status:
      code: 200
      message: OK
    url: https://seankaneanon.azurecr.io/oauth2/token
- request:
    body: null
    headers:
      Accept:
      - application/json
      User-Agent:
      - azsdk-python-azure-containerregistry/1.0.0b4 Python/3.9.0rc1 (Windows-10-10.0.19041-SP0)
    method: GET
    uri: https://fake_url.azurecr.io/acr/v1/_catalog?last=library/busybox&n=2&orderby=
  response:
    body:
      string: '{"repositories": ["library/hello-world", "repo12071936"]}'
    headers:
      access-control-expose-headers: X-Ms-Correlation-Request-Id
      connection: keep-alive
      content-length: '56'
      content-type: application/json; charset=utf-8
      date: Fri, 18 Jun 2021 20:16:12 GMT
      docker-distribution-api-version: registry/2.0
      link: </acr/v1/_catalog?last=repo12071936&n=2&orderby=>; rel="next"
      server: openresty
      strict-transport-security: max-age=31536000; includeSubDomains
      x-content-type-options: nosniff
    status:
      code: 200
      message: OK
    url: https://seankaneanon.azurecr.io/acr/v1/_catalog?last=library/busybox&n=2&orderby=
- request:
    body: null
    headers:
      Accept:
      - application/json
      User-Agent:
      - azsdk-python-azure-containerregistry/1.0.0b4 Python/3.9.0rc1 (Windows-10-10.0.19041-SP0)
    method: GET
    uri: https://fake_url.azurecr.io/acr/v1/_catalog?last=repo12071936&n=2&orderby=
  response:
    body:
      string: '{"errors": [{"code": "UNAUTHORIZED", "message": "authentication required,
        visit https://aka.ms/acr/authorization for more information.", "detail": [{"Type":
        "registry", "Name": "catalog", "Action": "*"}]}]}'
    headers:
      access-control-expose-headers: X-Ms-Correlation-Request-Id
      connection: keep-alive
      content-length: '196'
      content-type: application/json; charset=utf-8
      date: Fri, 18 Jun 2021 20:16:12 GMT
      docker-distribution-api-version: registry/2.0
      server: openresty
      strict-transport-security: max-age=31536000; includeSubDomains
      www-authenticate: Bearer realm="https://fake_url.azurecr.io/oauth2/token",service="fake_url.azurecr.io",scope="fake_scope",error="invalid_token"
      x-content-type-options: nosniff
    status:
      code: 401
      message: Unauthorized
    url: https://seankaneanon.azurecr.io/acr/v1/_catalog?last=repo12071936&n=2&orderby=
- request:
    body:
      grant_type: !!python/object/apply:azure.containerregistry._generated.models._container_registry_enums.TokenGrantType
      - password
      scope: registry:catalog:*
      service: seankaneanon.azurecr.io
    headers:
      Accept:
      - application/json
      User-Agent:
      - azsdk-python-azure-containerregistry/1.0.0b4 Python/3.9.0rc1 (Windows-10-10.0.19041-SP0)
    method: POST
    uri: https://fake_url.azurecr.io/oauth2/token
  response:
    body:
      string: '{"access_token": "REDACTED"}'
    headers:
      connection: keep-alive
      content-type: application/json; charset=utf-8
      date: Fri, 18 Jun 2021 20:16:12 GMT
      server: openresty
      strict-transport-security: max-age=31536000; includeSubDomains
      transfer-encoding: chunked
      x-ms-ratelimit-remaining-calls-per-second: '166.45'
    status:
      code: 200
      message: OK
    url: https://seankaneanon.azurecr.io/oauth2/token
- request:
    body: null
    headers:
      Accept:
      - application/json
      User-Agent:
      - azsdk-python-azure-containerregistry/1.0.0b4 Python/3.9.0rc1 (Windows-10-10.0.19041-SP0)
    method: GET
    uri: https://fake_url.azurecr.io/acr/v1/_catalog?last=repo12071936&n=2&orderby=
  response:
    body:
      string: '{"repositories": ["repo13cf14de", "repo13d41966"]}'
    headers:
      access-control-expose-headers: X-Ms-Correlation-Request-Id
      connection: keep-alive
      content-length: '49'
      content-type: application/json; charset=utf-8
      date: Fri, 18 Jun 2021 20:16:13 GMT
      docker-distribution-api-version: registry/2.0
      link: </acr/v1/_catalog?last=repo13d41966&n=2&orderby=>; rel="next"
      server: openresty
      strict-transport-security: max-age=31536000; includeSubDomains
      x-content-type-options: nosniff
    status:
      code: 200
      message: OK
    url: https://seankaneanon.azurecr.io/acr/v1/_catalog?last=repo12071936&n=2&orderby=
- request:
    body: null
    headers:
      Accept:
      - application/json
      User-Agent:
      - azsdk-python-azure-containerregistry/1.0.0b4 Python/3.9.0rc1 (Windows-10-10.0.19041-SP0)
    method: GET
    uri: https://fake_url.azurecr.io/acr/v1/_catalog?last=repo13d41966&n=2&orderby=
  response:
    body:
      string: '{"errors": [{"code": "UNAUTHORIZED", "message": "authentication required,
        visit https://aka.ms/acr/authorization for more information.", "detail": [{"Type":
        "registry", "Name": "catalog", "Action": "*"}]}]}'
    headers:
      access-control-expose-headers: X-Ms-Correlation-Request-Id
      connection: keep-alive
      content-length: '196'
      content-type: application/json; charset=utf-8
      date: Fri, 18 Jun 2021 20:16:13 GMT
      docker-distribution-api-version: registry/2.0
      server: openresty
      strict-transport-security: max-age=31536000; includeSubDomains
      www-authenticate: Bearer realm="https://fake_url.azurecr.io/oauth2/token",service="fake_url.azurecr.io",scope="fake_scope",error="invalid_token"
      x-content-type-options: nosniff
    status:
      code: 401
      message: Unauthorized
    url: https://seankaneanon.azurecr.io/acr/v1/_catalog?last=repo13d41966&n=2&orderby=
- request:
    body:
      grant_type: !!python/object/apply:azure.containerregistry._generated.models._container_registry_enums.TokenGrantType
      - password
      scope: registry:catalog:*
      service: seankaneanon.azurecr.io
    headers:
      Accept:
      - application/json
      User-Agent:
      - azsdk-python-azure-containerregistry/1.0.0b4 Python/3.9.0rc1 (Windows-10-10.0.19041-SP0)
    method: POST
    uri: https://fake_url.azurecr.io/oauth2/token
  response:
    body:
      string: '{"access_token": "REDACTED"}'
    headers:
      connection: keep-alive
      content-type: application/json; charset=utf-8
      date: Fri, 18 Jun 2021 20:16:13 GMT
      server: openresty
      strict-transport-security: max-age=31536000; includeSubDomains
      transfer-encoding: chunked
      x-ms-ratelimit-remaining-calls-per-second: '166.433333'
    status:
      code: 200
      message: OK
    url: https://seankaneanon.azurecr.io/oauth2/token
- request:
    body: null
    headers:
      Accept:
      - application/json
      User-Agent:
      - azsdk-python-azure-containerregistry/1.0.0b4 Python/3.9.0rc1 (Windows-10-10.0.19041-SP0)
    method: GET
    uri: https://fake_url.azurecr.io/acr/v1/_catalog?last=repo13d41966&n=2&orderby=
  response:
    body:
      string: '{"repositories": ["repo1ff2054", "repo25ce0f5d"]}'
    headers:
      access-control-expose-headers: X-Ms-Correlation-Request-Id
      connection: keep-alive
      content-length: '48'
      content-type: application/json; charset=utf-8
      date: Fri, 18 Jun 2021 20:16:13 GMT
      docker-distribution-api-version: registry/2.0
      link: </acr/v1/_catalog?last=repo25ce0f5d&n=2&orderby=>; rel="next"
      server: openresty
      strict-transport-security: max-age=31536000; includeSubDomains
      x-content-type-options: nosniff
    status:
      code: 200
      message: OK
    url: https://seankaneanon.azurecr.io/acr/v1/_catalog?last=repo13d41966&n=2&orderby=
- request:
    body: null
    headers:
      Accept:
      - application/json
      User-Agent:
      - azsdk-python-azure-containerregistry/1.0.0b4 Python/3.9.0rc1 (Windows-10-10.0.19041-SP0)
    method: GET
    uri: https://fake_url.azurecr.io/acr/v1/_catalog?last=repo25ce0f5d&n=2&orderby=
  response:
    body:
      string: '{"errors": [{"code": "UNAUTHORIZED", "message": "authentication required,
        visit https://aka.ms/acr/authorization for more information.", "detail": [{"Type":
        "registry", "Name": "catalog", "Action": "*"}]}]}'
    headers:
      access-control-expose-headers: X-Ms-Correlation-Request-Id
      connection: keep-alive
      content-length: '196'
      content-type: application/json; charset=utf-8
      date: Fri, 18 Jun 2021 20:16:13 GMT
      docker-distribution-api-version: registry/2.0
      server: openresty
      strict-transport-security: max-age=31536000; includeSubDomains
      www-authenticate: Bearer realm="https://fake_url.azurecr.io/oauth2/token",service="fake_url.azurecr.io",scope="fake_scope",error="invalid_token"
      x-content-type-options: nosniff
    status:
      code: 401
      message: Unauthorized
    url: https://seankaneanon.azurecr.io/acr/v1/_catalog?last=repo25ce0f5d&n=2&orderby=
- request:
    body:
      grant_type: !!python/object/apply:azure.containerregistry._generated.models._container_registry_enums.TokenGrantType
      - password
      scope: registry:catalog:*
      service: seankaneanon.azurecr.io
    headers:
      Accept:
      - application/json
      User-Agent:
      - azsdk-python-azure-containerregistry/1.0.0b4 Python/3.9.0rc1 (Windows-10-10.0.19041-SP0)
    method: POST
    uri: https://fake_url.azurecr.io/oauth2/token
  response:
    body:
      string: '{"access_token": "REDACTED"}'
    headers:
      connection: keep-alive
      content-type: application/json; charset=utf-8
      date: Fri, 18 Jun 2021 20:16:13 GMT
      server: openresty
      strict-transport-security: max-age=31536000; includeSubDomains
      transfer-encoding: chunked
      x-ms-ratelimit-remaining-calls-per-second: '166.416667'
    status:
      code: 200
      message: OK
    url: https://seankaneanon.azurecr.io/oauth2/token
- request:
    body: null
    headers:
      Accept:
      - application/json
      User-Agent:
      - azsdk-python-azure-containerregistry/1.0.0b4 Python/3.9.0rc1 (Windows-10-10.0.19041-SP0)
    method: GET
    uri: https://fake_url.azurecr.io/acr/v1/_catalog?last=repo25ce0f5d&n=2&orderby=
  response:
    body:
      string: '{"repositories": ["repo26ab150f", "repo27331535"]}'
    headers:
      access-control-expose-headers: X-Ms-Correlation-Request-Id
      connection: keep-alive
      content-length: '49'
      content-type: application/json; charset=utf-8
      date: Fri, 18 Jun 2021 20:16:13 GMT
      docker-distribution-api-version: registry/2.0
      link: </acr/v1/_catalog?last=repo27331535&n=2&orderby=>; rel="next"
      server: openresty
      strict-transport-security: max-age=31536000; includeSubDomains
      x-content-type-options: nosniff
    status:
      code: 200
      message: OK
    url: https://seankaneanon.azurecr.io/acr/v1/_catalog?last=repo25ce0f5d&n=2&orderby=
- request:
    body: null
    headers:
      Accept:
      - application/json
      User-Agent:
      - azsdk-python-azure-containerregistry/1.0.0b4 Python/3.9.0rc1 (Windows-10-10.0.19041-SP0)
    method: GET
    uri: https://fake_url.azurecr.io/acr/v1/_catalog?last=repo27331535&n=2&orderby=
  response:
    body:
      string: '{"errors": [{"code": "UNAUTHORIZED", "message": "authentication required,
        visit https://aka.ms/acr/authorization for more information.", "detail": [{"Type":
        "registry", "Name": "catalog", "Action": "*"}]}]}'
    headers:
      access-control-expose-headers: X-Ms-Correlation-Request-Id
      connection: keep-alive
      content-length: '196'
      content-type: application/json; charset=utf-8
      date: Fri, 18 Jun 2021 20:16:13 GMT
      docker-distribution-api-version: registry/2.0
      server: openresty
      strict-transport-security: max-age=31536000; includeSubDomains
      www-authenticate: Bearer realm="https://fake_url.azurecr.io/oauth2/token",service="fake_url.azurecr.io",scope="fake_scope",error="invalid_token"
      x-content-type-options: nosniff
    status:
      code: 401
      message: Unauthorized
    url: https://seankaneanon.azurecr.io/acr/v1/_catalog?last=repo27331535&n=2&orderby=
- request:
    body:
      grant_type: !!python/object/apply:azure.containerregistry._generated.models._container_registry_enums.TokenGrantType
      - password
      scope: registry:catalog:*
      service: seankaneanon.azurecr.io
    headers:
      Accept:
      - application/json
      User-Agent:
      - azsdk-python-azure-containerregistry/1.0.0b4 Python/3.9.0rc1 (Windows-10-10.0.19041-SP0)
    method: POST
    uri: https://fake_url.azurecr.io/oauth2/token
  response:
    body:
      string: '{"access_token": "REDACTED"}'
    headers:
      connection: keep-alive
      content-type: application/json; charset=utf-8
      date: Fri, 18 Jun 2021 20:16:13 GMT
      server: openresty
      strict-transport-security: max-age=31536000; includeSubDomains
      transfer-encoding: chunked
      x-ms-ratelimit-remaining-calls-per-second: '166.4'
    status:
      code: 200
      message: OK
    url: https://seankaneanon.azurecr.io/oauth2/token
- request:
    body: null
    headers:
      Accept:
      - application/json
      User-Agent:
      - azsdk-python-azure-containerregistry/1.0.0b4 Python/3.9.0rc1 (Windows-10-10.0.19041-SP0)
    method: GET
    uri: https://fake_url.azurecr.io/acr/v1/_catalog?last=repo27331535&n=2&orderby=
  response:
    body:
      string: '{"repositories": ["repo27741d6f", "repo28471541"]}'
    headers:
      access-control-expose-headers: X-Ms-Correlation-Request-Id
      connection: keep-alive
      content-length: '49'
      content-type: application/json; charset=utf-8
      date: Fri, 18 Jun 2021 20:16:13 GMT
      docker-distribution-api-version: registry/2.0
      link: </acr/v1/_catalog?last=repo28471541&n=2&orderby=>; rel="next"
      server: openresty
      strict-transport-security: max-age=31536000; includeSubDomains
      x-content-type-options: nosniff
    status:
      code: 200
      message: OK
    url: https://seankaneanon.azurecr.io/acr/v1/_catalog?last=repo27331535&n=2&orderby=
- request:
    body: null
    headers:
      Accept:
      - application/json
      User-Agent:
      - azsdk-python-azure-containerregistry/1.0.0b4 Python/3.9.0rc1 (Windows-10-10.0.19041-SP0)
    method: GET
    uri: https://fake_url.azurecr.io/acr/v1/_catalog?last=repo28471541&n=2&orderby=
  response:
    body:
      string: '{"errors": [{"code": "UNAUTHORIZED", "message": "authentication required,
        visit https://aka.ms/acr/authorization for more information.", "detail": [{"Type":
        "registry", "Name": "catalog", "Action": "*"}]}]}'
    headers:
      access-control-expose-headers: X-Ms-Correlation-Request-Id
      connection: keep-alive
      content-length: '196'
      content-type: application/json; charset=utf-8
      date: Fri, 18 Jun 2021 20:16:14 GMT
      docker-distribution-api-version: registry/2.0
      server: openresty
      strict-transport-security: max-age=31536000; includeSubDomains
      www-authenticate: Bearer realm="https://fake_url.azurecr.io/oauth2/token",service="fake_url.azurecr.io",scope="fake_scope",error="invalid_token"
      x-content-type-options: nosniff
    status:
      code: 401
      message: Unauthorized
    url: https://seankaneanon.azurecr.io/acr/v1/_catalog?last=repo28471541&n=2&orderby=
- request:
    body:
      grant_type: !!python/object/apply:azure.containerregistry._generated.models._container_registry_enums.TokenGrantType
      - password
      scope: registry:catalog:*
      service: seankaneanon.azurecr.io
    headers:
      Accept:
      - application/json
      User-Agent:
      - azsdk-python-azure-containerregistry/1.0.0b4 Python/3.9.0rc1 (Windows-10-10.0.19041-SP0)
    method: POST
    uri: https://fake_url.azurecr.io/oauth2/token
  response:
    body:
      string: '{"access_token": "REDACTED"}'
    headers:
      connection: keep-alive
      content-type: application/json; charset=utf-8
      date: Fri, 18 Jun 2021 20:16:14 GMT
      server: openresty
      strict-transport-security: max-age=31536000; includeSubDomains
      transfer-encoding: chunked
      x-ms-ratelimit-remaining-calls-per-second: '166.383333'
    status:
      code: 200
      message: OK
    url: https://seankaneanon.azurecr.io/oauth2/token
- request:
    body: null
    headers:
      Accept:
      - application/json
      User-Agent:
      - azsdk-python-azure-containerregistry/1.0.0b4 Python/3.9.0rc1 (Windows-10-10.0.19041-SP0)
    method: GET
    uri: https://fake_url.azurecr.io/acr/v1/_catalog?last=repo28471541&n=2&orderby=
  response:
    body:
      string: '{"repositories": ["repo2915152d", "repo2b381dc2"]}'
    headers:
      access-control-expose-headers: X-Ms-Correlation-Request-Id
      connection: keep-alive
      content-length: '49'
      content-type: application/json; charset=utf-8
      date: Fri, 18 Jun 2021 20:16:14 GMT
      docker-distribution-api-version: registry/2.0
      link: </acr/v1/_catalog?last=repo2b381dc2&n=2&orderby=>; rel="next"
      server: openresty
      strict-transport-security: max-age=31536000; includeSubDomains
      x-content-type-options: nosniff
    status:
      code: 200
      message: OK
    url: https://seankaneanon.azurecr.io/acr/v1/_catalog?last=repo28471541&n=2&orderby=
- request:
    body: null
    headers:
      Accept:
      - application/json
      User-Agent:
      - azsdk-python-azure-containerregistry/1.0.0b4 Python/3.9.0rc1 (Windows-10-10.0.19041-SP0)
    method: GET
    uri: https://fake_url.azurecr.io/acr/v1/_catalog?last=repo2b381dc2&n=2&orderby=
  response:
    body:
      string: '{"errors": [{"code": "UNAUTHORIZED", "message": "authentication required,
        visit https://aka.ms/acr/authorization for more information.", "detail": [{"Type":
        "registry", "Name": "catalog", "Action": "*"}]}]}'
    headers:
      access-control-expose-headers: X-Ms-Correlation-Request-Id
      connection: keep-alive
      content-length: '196'
      content-type: application/json; charset=utf-8
      date: Fri, 18 Jun 2021 20:16:14 GMT
      docker-distribution-api-version: registry/2.0
      server: openresty
      strict-transport-security: max-age=31536000; includeSubDomains
      www-authenticate: Bearer realm="https://fake_url.azurecr.io/oauth2/token",service="fake_url.azurecr.io",scope="fake_scope",error="invalid_token"
      x-content-type-options: nosniff
    status:
      code: 401
      message: Unauthorized
    url: https://seankaneanon.azurecr.io/acr/v1/_catalog?last=repo2b381dc2&n=2&orderby=
- request:
    body:
      grant_type: !!python/object/apply:azure.containerregistry._generated.models._container_registry_enums.TokenGrantType
      - password
      scope: registry:catalog:*
      service: seankaneanon.azurecr.io
    headers:
      Accept:
      - application/json
      User-Agent:
      - azsdk-python-azure-containerregistry/1.0.0b4 Python/3.9.0rc1 (Windows-10-10.0.19041-SP0)
    method: POST
    uri: https://fake_url.azurecr.io/oauth2/token
  response:
    body:
      string: '{"access_token": "REDACTED"}'
    headers:
      connection: keep-alive
      content-type: application/json; charset=utf-8
      date: Fri, 18 Jun 2021 20:16:14 GMT
      server: openresty
      strict-transport-security: max-age=31536000; includeSubDomains
      transfer-encoding: chunked
      x-ms-ratelimit-remaining-calls-per-second: '166.366667'
    status:
      code: 200
      message: OK
    url: https://seankaneanon.azurecr.io/oauth2/token
- request:
    body: null
    headers:
      Accept:
      - application/json
      User-Agent:
      - azsdk-python-azure-containerregistry/1.0.0b4 Python/3.9.0rc1 (Windows-10-10.0.19041-SP0)
    method: GET
    uri: https://fake_url.azurecr.io/acr/v1/_catalog?last=repo2b381dc2&n=2&orderby=
  response:
    body:
      string: '{"repositories": ["repo2b9d199e", "repo2bef19cb"]}'
    headers:
      access-control-expose-headers: X-Ms-Correlation-Request-Id
      connection: keep-alive
      content-length: '49'
      content-type: application/json; charset=utf-8
      date: Fri, 18 Jun 2021 20:16:14 GMT
      docker-distribution-api-version: registry/2.0
      link: </acr/v1/_catalog?last=repo2bef19cb&n=2&orderby=>; rel="next"
      server: openresty
      strict-transport-security: max-age=31536000; includeSubDomains
      x-content-type-options: nosniff
    status:
      code: 200
      message: OK
    url: https://seankaneanon.azurecr.io/acr/v1/_catalog?last=repo2b381dc2&n=2&orderby=
- request:
    body: null
    headers:
      Accept:
      - application/json
      User-Agent:
      - azsdk-python-azure-containerregistry/1.0.0b4 Python/3.9.0rc1 (Windows-10-10.0.19041-SP0)
    method: GET
    uri: https://fake_url.azurecr.io/acr/v1/_catalog?last=repo2bef19cb&n=2&orderby=
  response:
    body:
      string: '{"errors": [{"code": "UNAUTHORIZED", "message": "authentication required,
        visit https://aka.ms/acr/authorization for more information.", "detail": [{"Type":
        "registry", "Name": "catalog", "Action": "*"}]}]}'
    headers:
      access-control-expose-headers: X-Ms-Correlation-Request-Id
      connection: keep-alive
      content-length: '196'
      content-type: application/json; charset=utf-8
      date: Fri, 18 Jun 2021 20:16:14 GMT
      docker-distribution-api-version: registry/2.0
      server: openresty
      strict-transport-security: max-age=31536000; includeSubDomains
      www-authenticate: Bearer realm="https://fake_url.azurecr.io/oauth2/token",service="fake_url.azurecr.io",scope="fake_scope",error="invalid_token"
      x-content-type-options: nosniff
    status:
      code: 401
      message: Unauthorized
    url: https://seankaneanon.azurecr.io/acr/v1/_catalog?last=repo2bef19cb&n=2&orderby=
- request:
    body:
      grant_type: !!python/object/apply:azure.containerregistry._generated.models._container_registry_enums.TokenGrantType
      - password
      scope: registry:catalog:*
      service: seankaneanon.azurecr.io
    headers:
      Accept:
      - application/json
      User-Agent:
      - azsdk-python-azure-containerregistry/1.0.0b4 Python/3.9.0rc1 (Windows-10-10.0.19041-SP0)
    method: POST
    uri: https://fake_url.azurecr.io/oauth2/token
  response:
    body:
      string: '{"access_token": "REDACTED"}'
    headers:
      connection: keep-alive
      content-type: application/json; charset=utf-8
      date: Fri, 18 Jun 2021 20:16:14 GMT
      server: openresty
      strict-transport-security: max-age=31536000; includeSubDomains
      transfer-encoding: chunked
      x-ms-ratelimit-remaining-calls-per-second: '166.35'
    status:
      code: 200
      message: OK
    url: https://seankaneanon.azurecr.io/oauth2/token
- request:
    body: null
    headers:
      Accept:
      - application/json
      User-Agent:
      - azsdk-python-azure-containerregistry/1.0.0b4 Python/3.9.0rc1 (Windows-10-10.0.19041-SP0)
    method: GET
    uri: https://fake_url.azurecr.io/acr/v1/_catalog?last=repo2bef19cb&n=2&orderby=
  response:
    body:
      string: '{"repositories": ["repo2c591564", "repo34ab0fa1"]}'
    headers:
      access-control-expose-headers: X-Ms-Correlation-Request-Id
      connection: keep-alive
      content-length: '49'
      content-type: application/json; charset=utf-8
      date: Fri, 18 Jun 2021 20:16:15 GMT
      docker-distribution-api-version: registry/2.0
      link: </acr/v1/_catalog?last=repo34ab0fa1&n=2&orderby=>; rel="next"
      server: openresty
      strict-transport-security: max-age=31536000; includeSubDomains
      x-content-type-options: nosniff
    status:
      code: 200
      message: OK
    url: https://seankaneanon.azurecr.io/acr/v1/_catalog?last=repo2bef19cb&n=2&orderby=
- request:
    body: null
    headers:
      Accept:
      - application/json
      User-Agent:
      - azsdk-python-azure-containerregistry/1.0.0b4 Python/3.9.0rc1 (Windows-10-10.0.19041-SP0)
    method: GET
    uri: https://fake_url.azurecr.io/acr/v1/_catalog?last=repo34ab0fa1&n=2&orderby=
  response:
    body:
      string: '{"errors": [{"code": "UNAUTHORIZED", "message": "authentication required,
        visit https://aka.ms/acr/authorization for more information.", "detail": [{"Type":
        "registry", "Name": "catalog", "Action": "*"}]}]}'
    headers:
      access-control-expose-headers: X-Ms-Correlation-Request-Id
      connection: keep-alive
      content-length: '196'
      content-type: application/json; charset=utf-8
      date: Fri, 18 Jun 2021 20:16:15 GMT
      docker-distribution-api-version: registry/2.0
      server: openresty
      strict-transport-security: max-age=31536000; includeSubDomains
      www-authenticate: Bearer realm="https://fake_url.azurecr.io/oauth2/token",service="fake_url.azurecr.io",scope="fake_scope",error="invalid_token"
      x-content-type-options: nosniff
    status:
      code: 401
      message: Unauthorized
    url: https://seankaneanon.azurecr.io/acr/v1/_catalog?last=repo34ab0fa1&n=2&orderby=
- request:
    body:
      grant_type: !!python/object/apply:azure.containerregistry._generated.models._container_registry_enums.TokenGrantType
      - password
      scope: registry:catalog:*
      service: seankaneanon.azurecr.io
    headers:
      Accept:
      - application/json
      User-Agent:
      - azsdk-python-azure-containerregistry/1.0.0b4 Python/3.9.0rc1 (Windows-10-10.0.19041-SP0)
    method: POST
    uri: https://fake_url.azurecr.io/oauth2/token
  response:
    body:
      string: '{"access_token": "REDACTED"}'
    headers:
      connection: keep-alive
      content-type: application/json; charset=utf-8
      date: Fri, 18 Jun 2021 20:16:15 GMT
      server: openresty
      strict-transport-security: max-age=31536000; includeSubDomains
      transfer-encoding: chunked
      x-ms-ratelimit-remaining-calls-per-second: '166.333333'
    status:
      code: 200
      message: OK
    url: https://seankaneanon.azurecr.io/oauth2/token
- request:
    body: null
    headers:
      Accept:
      - application/json
      User-Agent:
      - azsdk-python-azure-containerregistry/1.0.0b4 Python/3.9.0rc1 (Windows-10-10.0.19041-SP0)
    method: GET
    uri: https://fake_url.azurecr.io/acr/v1/_catalog?last=repo34ab0fa1&n=2&orderby=
  response:
    body:
      string: '{"repositories": ["repo3c82158b", "repo3db51597"]}'
    headers:
      access-control-expose-headers: X-Ms-Correlation-Request-Id
      connection: keep-alive
      content-length: '49'
      content-type: application/json; charset=utf-8
      date: Fri, 18 Jun 2021 20:16:15 GMT
      docker-distribution-api-version: registry/2.0
      link: </acr/v1/_catalog?last=repo3db51597&n=2&orderby=>; rel="next"
      server: openresty
      strict-transport-security: max-age=31536000; includeSubDomains
      x-content-type-options: nosniff
    status:
      code: 200
      message: OK
    url: https://seankaneanon.azurecr.io/acr/v1/_catalog?last=repo34ab0fa1&n=2&orderby=
- request:
    body: null
    headers:
      Accept:
      - application/json
      User-Agent:
      - azsdk-python-azure-containerregistry/1.0.0b4 Python/3.9.0rc1 (Windows-10-10.0.19041-SP0)
    method: GET
    uri: https://fake_url.azurecr.io/acr/v1/_catalog?last=repo3db51597&n=2&orderby=
  response:
    body:
      string: '{"errors": [{"code": "UNAUTHORIZED", "message": "authentication required,
        visit https://aka.ms/acr/authorization for more information.", "detail": [{"Type":
        "registry", "Name": "catalog", "Action": "*"}]}]}'
    headers:
      access-control-expose-headers: X-Ms-Correlation-Request-Id
      connection: keep-alive
      content-length: '196'
      content-type: application/json; charset=utf-8
      date: Fri, 18 Jun 2021 20:16:15 GMT
      docker-distribution-api-version: registry/2.0
      server: openresty
      strict-transport-security: max-age=31536000; includeSubDomains
      www-authenticate: Bearer realm="https://fake_url.azurecr.io/oauth2/token",service="fake_url.azurecr.io",scope="fake_scope",error="invalid_token"
      x-content-type-options: nosniff
    status:
      code: 401
      message: Unauthorized
    url: https://seankaneanon.azurecr.io/acr/v1/_catalog?last=repo3db51597&n=2&orderby=
- request:
    body:
      grant_type: !!python/object/apply:azure.containerregistry._generated.models._container_registry_enums.TokenGrantType
      - password
      scope: registry:catalog:*
      service: seankaneanon.azurecr.io
    headers:
      Accept:
      - application/json
      User-Agent:
      - azsdk-python-azure-containerregistry/1.0.0b4 Python/3.9.0rc1 (Windows-10-10.0.19041-SP0)
    method: POST
    uri: https://fake_url.azurecr.io/oauth2/token
  response:
    body:
      string: '{"access_token": "REDACTED"}'
    headers:
      connection: keep-alive
      content-type: application/json; charset=utf-8
      date: Fri, 18 Jun 2021 20:16:15 GMT
      server: openresty
      strict-transport-security: max-age=31536000; includeSubDomains
      transfer-encoding: chunked
      x-ms-ratelimit-remaining-calls-per-second: '166.316667'
    status:
      code: 200
      message: OK
    url: https://seankaneanon.azurecr.io/oauth2/token
- request:
    body: null
    headers:
      Accept:
      - application/json
      User-Agent:
      - azsdk-python-azure-containerregistry/1.0.0b4 Python/3.9.0rc1 (Windows-10-10.0.19041-SP0)
    method: GET
    uri: https://fake_url.azurecr.io/acr/v1/_catalog?last=repo3db51597&n=2&orderby=
  response:
    body:
      string: '{"repositories": ["repo3dc21571", "repo3e8d15a3"]}'
    headers:
      access-control-expose-headers: X-Ms-Correlation-Request-Id
      connection: keep-alive
      content-length: '49'
      content-type: application/json; charset=utf-8
      date: Fri, 18 Jun 2021 20:16:15 GMT
      docker-distribution-api-version: registry/2.0
      link: </acr/v1/_catalog?last=repo3e8d15a3&n=2&orderby=>; rel="next"
      server: openresty
      strict-transport-security: max-age=31536000; includeSubDomains
      x-content-type-options: nosniff
    status:
      code: 200
      message: OK
    url: https://seankaneanon.azurecr.io/acr/v1/_catalog?last=repo3db51597&n=2&orderby=
- request:
    body: null
    headers:
      Accept:
      - application/json
      User-Agent:
      - azsdk-python-azure-containerregistry/1.0.0b4 Python/3.9.0rc1 (Windows-10-10.0.19041-SP0)
    method: GET
    uri: https://fake_url.azurecr.io/acr/v1/_catalog?last=repo3e8d15a3&n=2&orderby=
  response:
    body:
      string: '{"errors": [{"code": "UNAUTHORIZED", "message": "authentication required,
        visit https://aka.ms/acr/authorization for more information.", "detail": [{"Type":
        "registry", "Name": "catalog", "Action": "*"}]}]}'
    headers:
      access-control-expose-headers: X-Ms-Correlation-Request-Id
      connection: keep-alive
      content-length: '196'
      content-type: application/json; charset=utf-8
      date: Fri, 18 Jun 2021 20:16:15 GMT
      docker-distribution-api-version: registry/2.0
      server: openresty
      strict-transport-security: max-age=31536000; includeSubDomains
      www-authenticate: Bearer realm="https://fake_url.azurecr.io/oauth2/token",service="fake_url.azurecr.io",scope="fake_scope",error="invalid_token"
      x-content-type-options: nosniff
    status:
      code: 401
      message: Unauthorized
    url: https://seankaneanon.azurecr.io/acr/v1/_catalog?last=repo3e8d15a3&n=2&orderby=
- request:
    body:
      grant_type: !!python/object/apply:azure.containerregistry._generated.models._container_registry_enums.TokenGrantType
      - password
      scope: registry:catalog:*
      service: seankaneanon.azurecr.io
    headers:
      Accept:
      - application/json
      User-Agent:
      - azsdk-python-azure-containerregistry/1.0.0b4 Python/3.9.0rc1 (Windows-10-10.0.19041-SP0)
    method: POST
    uri: https://fake_url.azurecr.io/oauth2/token
  response:
    body:
      string: '{"access_token": "REDACTED"}'
    headers:
      connection: keep-alive
      content-type: application/json; charset=utf-8
      date: Fri, 18 Jun 2021 20:16:15 GMT
      server: openresty
      strict-transport-security: max-age=31536000; includeSubDomains
      transfer-encoding: chunked
      x-ms-ratelimit-remaining-calls-per-second: '166.3'
    status:
      code: 200
      message: OK
    url: https://seankaneanon.azurecr.io/oauth2/token
- request:
    body: null
    headers:
      Accept:
      - application/json
      User-Agent:
      - azsdk-python-azure-containerregistry/1.0.0b4 Python/3.9.0rc1 (Windows-10-10.0.19041-SP0)
    method: GET
    uri: https://fake_url.azurecr.io/acr/v1/_catalog?last=repo3e8d15a3&n=2&orderby=
  response:
    body:
      string: '{"repositories": ["repo41a21dd2", "repo45431dd7"]}'
    headers:
      access-control-expose-headers: X-Ms-Correlation-Request-Id
      connection: keep-alive
      content-length: '49'
      content-type: application/json; charset=utf-8
      date: Fri, 18 Jun 2021 20:16:16 GMT
      docker-distribution-api-version: registry/2.0
      link: </acr/v1/_catalog?last=repo45431dd7&n=2&orderby=>; rel="next"
      server: openresty
      strict-transport-security: max-age=31536000; includeSubDomains
      x-content-type-options: nosniff
    status:
      code: 200
      message: OK
    url: https://seankaneanon.azurecr.io/acr/v1/_catalog?last=repo3e8d15a3&n=2&orderby=
- request:
    body: null
    headers:
      Accept:
      - application/json
      User-Agent:
      - azsdk-python-azure-containerregistry/1.0.0b4 Python/3.9.0rc1 (Windows-10-10.0.19041-SP0)
    method: GET
    uri: https://fake_url.azurecr.io/acr/v1/_catalog?last=repo45431dd7&n=2&orderby=
  response:
    body:
      string: '{"errors": [{"code": "UNAUTHORIZED", "message": "authentication required,
        visit https://aka.ms/acr/authorization for more information.", "detail": [{"Type":
        "registry", "Name": "catalog", "Action": "*"}]}]}'
    headers:
      access-control-expose-headers: X-Ms-Correlation-Request-Id
      connection: keep-alive
      content-length: '196'
      content-type: application/json; charset=utf-8
      date: Fri, 18 Jun 2021 20:16:16 GMT
      docker-distribution-api-version: registry/2.0
      server: openresty
      strict-transport-security: max-age=31536000; includeSubDomains
      www-authenticate: Bearer realm="https://fake_url.azurecr.io/oauth2/token",service="fake_url.azurecr.io",scope="fake_scope",error="invalid_token"
      x-content-type-options: nosniff
    status:
      code: 401
      message: Unauthorized
    url: https://seankaneanon.azurecr.io/acr/v1/_catalog?last=repo45431dd7&n=2&orderby=
- request:
    body:
      grant_type: !!python/object/apply:azure.containerregistry._generated.models._container_registry_enums.TokenGrantType
      - password
      scope: registry:catalog:*
      service: seankaneanon.azurecr.io
    headers:
      Accept:
      - application/json
      User-Agent:
      - azsdk-python-azure-containerregistry/1.0.0b4 Python/3.9.0rc1 (Windows-10-10.0.19041-SP0)
    method: POST
    uri: https://fake_url.azurecr.io/oauth2/token
  response:
    body:
      string: '{"access_token": "REDACTED"}'
    headers:
      connection: keep-alive
      content-type: application/json; charset=utf-8
      date: Fri, 18 Jun 2021 20:16:16 GMT
      server: openresty
      strict-transport-security: max-age=31536000; includeSubDomains
      transfer-encoding: chunked
      x-ms-ratelimit-remaining-calls-per-second: '166.283333'
    status:
      code: 200
      message: OK
    url: https://seankaneanon.azurecr.io/oauth2/token
- request:
    body: null
    headers:
      Accept:
      - application/json
      User-Agent:
      - azsdk-python-azure-containerregistry/1.0.0b4 Python/3.9.0rc1 (Windows-10-10.0.19041-SP0)
    method: GET
    uri: https://fake_url.azurecr.io/acr/v1/_catalog?last=repo45431dd7&n=2&orderby=
  response:
    body:
      string: '{"repositories": ["repo46ec1a2d", "repo60eb1a9e"]}'
    headers:
      access-control-expose-headers: X-Ms-Correlation-Request-Id
      connection: keep-alive
      content-length: '49'
      content-type: application/json; charset=utf-8
      date: Fri, 18 Jun 2021 20:16:16 GMT
      docker-distribution-api-version: registry/2.0
      link: </acr/v1/_catalog?last=repo60eb1a9e&n=2&orderby=>; rel="next"
      server: openresty
      strict-transport-security: max-age=31536000; includeSubDomains
      x-content-type-options: nosniff
    status:
      code: 200
      message: OK
    url: https://seankaneanon.azurecr.io/acr/v1/_catalog?last=repo45431dd7&n=2&orderby=
- request:
    body: null
    headers:
      Accept:
      - application/json
      User-Agent:
      - azsdk-python-azure-containerregistry/1.0.0b4 Python/3.9.0rc1 (Windows-10-10.0.19041-SP0)
    method: GET
    uri: https://fake_url.azurecr.io/acr/v1/_catalog?last=repo60eb1a9e&n=2&orderby=
  response:
    body:
      string: '{"errors": [{"code": "UNAUTHORIZED", "message": "authentication required,
        visit https://aka.ms/acr/authorization for more information.", "detail": [{"Type":
        "registry", "Name": "catalog", "Action": "*"}]}]}'
    headers:
      access-control-expose-headers: X-Ms-Correlation-Request-Id
      connection: keep-alive
      content-length: '196'
      content-type: application/json; charset=utf-8
      date: Fri, 18 Jun 2021 20:16:16 GMT
      docker-distribution-api-version: registry/2.0
      server: openresty
      strict-transport-security: max-age=31536000; includeSubDomains
      www-authenticate: Bearer realm="https://fake_url.azurecr.io/oauth2/token",service="fake_url.azurecr.io",scope="fake_scope",error="invalid_token"
      x-content-type-options: nosniff
    status:
      code: 401
      message: Unauthorized
    url: https://seankaneanon.azurecr.io/acr/v1/_catalog?last=repo60eb1a9e&n=2&orderby=
- request:
    body:
      grant_type: !!python/object/apply:azure.containerregistry._generated.models._container_registry_enums.TokenGrantType
      - password
      scope: registry:catalog:*
      service: seankaneanon.azurecr.io
    headers:
      Accept:
      - application/json
      User-Agent:
      - azsdk-python-azure-containerregistry/1.0.0b4 Python/3.9.0rc1 (Windows-10-10.0.19041-SP0)
    method: POST
    uri: https://fake_url.azurecr.io/oauth2/token
  response:
    body:
      string: '{"access_token": "REDACTED"}'
    headers:
      connection: keep-alive
      content-type: application/json; charset=utf-8
      date: Fri, 18 Jun 2021 20:16:16 GMT
      server: openresty
      strict-transport-security: max-age=31536000; includeSubDomains
      transfer-encoding: chunked
      x-ms-ratelimit-remaining-calls-per-second: '166.266667'
    status:
      code: 200
      message: OK
    url: https://seankaneanon.azurecr.io/oauth2/token
- request:
    body: null
    headers:
      Accept:
      - application/json
      User-Agent:
      - azsdk-python-azure-containerregistry/1.0.0b4 Python/3.9.0rc1 (Windows-10-10.0.19041-SP0)
    method: GET
    uri: https://fake_url.azurecr.io/acr/v1/_catalog?last=repo60eb1a9e&n=2&orderby=
  response:
    body:
      string: '{"repositories": ["repo63d41ad4", "repo6969166d"]}'
    headers:
      access-control-expose-headers: X-Ms-Correlation-Request-Id
      connection: keep-alive
      content-length: '49'
      content-type: application/json; charset=utf-8
      date: Fri, 18 Jun 2021 20:16:16 GMT
      docker-distribution-api-version: registry/2.0
      link: </acr/v1/_catalog?last=repo6969166d&n=2&orderby=>; rel="next"
      server: openresty
      strict-transport-security: max-age=31536000; includeSubDomains
      x-content-type-options: nosniff
    status:
      code: 200
      message: OK
    url: https://seankaneanon.azurecr.io/acr/v1/_catalog?last=repo60eb1a9e&n=2&orderby=
- request:
    body: null
    headers:
      Accept:
      - application/json
      User-Agent:
      - azsdk-python-azure-containerregistry/1.0.0b4 Python/3.9.0rc1 (Windows-10-10.0.19041-SP0)
    method: GET
    uri: https://fake_url.azurecr.io/acr/v1/_catalog?last=repo6969166d&n=2&orderby=
  response:
    body:
      string: '{"errors": [{"code": "UNAUTHORIZED", "message": "authentication required,
        visit https://aka.ms/acr/authorization for more information.", "detail": [{"Type":
        "registry", "Name": "catalog", "Action": "*"}]}]}'
    headers:
      access-control-expose-headers: X-Ms-Correlation-Request-Id
      connection: keep-alive
      content-length: '196'
      content-type: application/json; charset=utf-8
      date: Fri, 18 Jun 2021 20:16:16 GMT
      docker-distribution-api-version: registry/2.0
      server: openresty
      strict-transport-security: max-age=31536000; includeSubDomains
      www-authenticate: Bearer realm="https://fake_url.azurecr.io/oauth2/token",service="fake_url.azurecr.io",scope="fake_scope",error="invalid_token"
      x-content-type-options: nosniff
    status:
      code: 401
      message: Unauthorized
    url: https://seankaneanon.azurecr.io/acr/v1/_catalog?last=repo6969166d&n=2&orderby=
- request:
    body:
      grant_type: !!python/object/apply:azure.containerregistry._generated.models._container_registry_enums.TokenGrantType
      - password
      scope: registry:catalog:*
      service: seankaneanon.azurecr.io
    headers:
      Accept:
      - application/json
      User-Agent:
      - azsdk-python-azure-containerregistry/1.0.0b4 Python/3.9.0rc1 (Windows-10-10.0.19041-SP0)
    method: POST
    uri: https://fake_url.azurecr.io/oauth2/token
  response:
    body:
      string: '{"access_token": "REDACTED"}'
    headers:
      connection: keep-alive
      content-type: application/json; charset=utf-8
      date: Fri, 18 Jun 2021 20:16:16 GMT
      server: openresty
      strict-transport-security: max-age=31536000; includeSubDomains
      transfer-encoding: chunked
      x-ms-ratelimit-remaining-calls-per-second: '166.25'
    status:
      code: 200
      message: OK
    url: https://seankaneanon.azurecr.io/oauth2/token
- request:
    body: null
    headers:
      Accept:
      - application/json
      User-Agent:
      - azsdk-python-azure-containerregistry/1.0.0b4 Python/3.9.0rc1 (Windows-10-10.0.19041-SP0)
    method: GET
    uri: https://fake_url.azurecr.io/acr/v1/_catalog?last=repo6969166d&n=2&orderby=
  response:
    body:
      string: '{"repositories": ["repo6a411679", "repo7bda1b05"]}'
    headers:
      access-control-expose-headers: X-Ms-Correlation-Request-Id
      connection: keep-alive
      content-length: '49'
      content-type: application/json; charset=utf-8
      date: Fri, 18 Jun 2021 20:16:17 GMT
      docker-distribution-api-version: registry/2.0
      link: </acr/v1/_catalog?last=repo7bda1b05&n=2&orderby=>; rel="next"
      server: openresty
      strict-transport-security: max-age=31536000; includeSubDomains
      x-content-type-options: nosniff
    status:
      code: 200
      message: OK
    url: https://seankaneanon.azurecr.io/acr/v1/_catalog?last=repo6969166d&n=2&orderby=
- request:
    body: null
    headers:
      Accept:
      - application/json
      User-Agent:
      - azsdk-python-azure-containerregistry/1.0.0b4 Python/3.9.0rc1 (Windows-10-10.0.19041-SP0)
    method: GET
    uri: https://fake_url.azurecr.io/acr/v1/_catalog?last=repo7bda1b05&n=2&orderby=
  response:
    body:
      string: '{"errors": [{"code": "UNAUTHORIZED", "message": "authentication required,
        visit https://aka.ms/acr/authorization for more information.", "detail": [{"Type":
        "registry", "Name": "catalog", "Action": "*"}]}]}'
    headers:
      access-control-expose-headers: X-Ms-Correlation-Request-Id
      connection: keep-alive
      content-length: '196'
      content-type: application/json; charset=utf-8
      date: Fri, 18 Jun 2021 20:16:17 GMT
      docker-distribution-api-version: registry/2.0
      server: openresty
      strict-transport-security: max-age=31536000; includeSubDomains
      www-authenticate: Bearer realm="https://fake_url.azurecr.io/oauth2/token",service="fake_url.azurecr.io",scope="fake_scope",error="invalid_token"
      x-content-type-options: nosniff
    status:
      code: 401
      message: Unauthorized
    url: https://seankaneanon.azurecr.io/acr/v1/_catalog?last=repo7bda1b05&n=2&orderby=
- request:
    body:
      grant_type: !!python/object/apply:azure.containerregistry._generated.models._container_registry_enums.TokenGrantType
      - password
      scope: registry:catalog:*
      service: seankaneanon.azurecr.io
    headers:
      Accept:
      - application/json
      User-Agent:
      - azsdk-python-azure-containerregistry/1.0.0b4 Python/3.9.0rc1 (Windows-10-10.0.19041-SP0)
    method: POST
    uri: https://fake_url.azurecr.io/oauth2/token
  response:
    body:
      string: '{"access_token": "REDACTED"}'
    headers:
      connection: keep-alive
      content-type: application/json; charset=utf-8
      date: Fri, 18 Jun 2021 20:16:17 GMT
      server: openresty
      strict-transport-security: max-age=31536000; includeSubDomains
      transfer-encoding: chunked
      x-ms-ratelimit-remaining-calls-per-second: '166.233333'
    status:
      code: 200
      message: OK
    url: https://seankaneanon.azurecr.io/oauth2/token
- request:
    body: null
    headers:
      Accept:
      - application/json
      User-Agent:
      - azsdk-python-azure-containerregistry/1.0.0b4 Python/3.9.0rc1 (Windows-10-10.0.19041-SP0)
    method: GET
    uri: https://fake_url.azurecr.io/acr/v1/_catalog?last=repo7bda1b05&n=2&orderby=
  response:
    body:
      string: '{"repositories": ["repo7cee1b11", "repo80c61ece"]}'
    headers:
      access-control-expose-headers: X-Ms-Correlation-Request-Id
      connection: keep-alive
      content-length: '49'
      content-type: application/json; charset=utf-8
      date: Fri, 18 Jun 2021 20:16:17 GMT
      docker-distribution-api-version: registry/2.0
      link: </acr/v1/_catalog?last=repo80c61ece&n=2&orderby=>; rel="next"
      server: openresty
      strict-transport-security: max-age=31536000; includeSubDomains
      x-content-type-options: nosniff
    status:
      code: 200
      message: OK
    url: https://seankaneanon.azurecr.io/acr/v1/_catalog?last=repo7bda1b05&n=2&orderby=
- request:
    body: null
    headers:
      Accept:
      - application/json
      User-Agent:
      - azsdk-python-azure-containerregistry/1.0.0b4 Python/3.9.0rc1 (Windows-10-10.0.19041-SP0)
    method: GET
    uri: https://fake_url.azurecr.io/acr/v1/_catalog?last=repo80c61ece&n=2&orderby=
  response:
    body:
      string: '{"errors": [{"code": "UNAUTHORIZED", "message": "authentication required,
        visit https://aka.ms/acr/authorization for more information.", "detail": [{"Type":
        "registry", "Name": "catalog", "Action": "*"}]}]}'
    headers:
      access-control-expose-headers: X-Ms-Correlation-Request-Id
      connection: keep-alive
      content-length: '196'
      content-type: application/json; charset=utf-8
      date: Fri, 18 Jun 2021 20:16:17 GMT
      docker-distribution-api-version: registry/2.0
      server: openresty
      strict-transport-security: max-age=31536000; includeSubDomains
      www-authenticate: Bearer realm="https://fake_url.azurecr.io/oauth2/token",service="fake_url.azurecr.io",scope="fake_scope",error="invalid_token"
      x-content-type-options: nosniff
    status:
      code: 401
      message: Unauthorized
    url: https://seankaneanon.azurecr.io/acr/v1/_catalog?last=repo80c61ece&n=2&orderby=
- request:
    body:
      grant_type: !!python/object/apply:azure.containerregistry._generated.models._container_registry_enums.TokenGrantType
      - password
      scope: registry:catalog:*
      service: seankaneanon.azurecr.io
    headers:
      Accept:
      - application/json
      User-Agent:
      - azsdk-python-azure-containerregistry/1.0.0b4 Python/3.9.0rc1 (Windows-10-10.0.19041-SP0)
    method: POST
    uri: https://fake_url.azurecr.io/oauth2/token
  response:
    body:
      string: '{"access_token": "REDACTED"}'
    headers:
      connection: keep-alive
      content-type: application/json; charset=utf-8
      date: Fri, 18 Jun 2021 20:16:17 GMT
      server: openresty
      strict-transport-security: max-age=31536000; includeSubDomains
      transfer-encoding: chunked
      x-ms-ratelimit-remaining-calls-per-second: '166.216667'
    status:
      code: 200
      message: OK
    url: https://seankaneanon.azurecr.io/oauth2/token
- request:
    body: null
    headers:
      Accept:
      - application/json
      User-Agent:
      - azsdk-python-azure-containerregistry/1.0.0b4 Python/3.9.0rc1 (Windows-10-10.0.19041-SP0)
    method: GET
    uri: https://fake_url.azurecr.io/acr/v1/_catalog?last=repo80c61ece&n=2&orderby=
  response:
    body:
      string: '{"repositories": ["repo816516e9", "repo8a3011c1"]}'
    headers:
      access-control-expose-headers: X-Ms-Correlation-Request-Id
      connection: keep-alive
      content-length: '49'
      content-type: application/json; charset=utf-8
      date: Fri, 18 Jun 2021 20:16:17 GMT
      docker-distribution-api-version: registry/2.0
      link: </acr/v1/_catalog?last=repo8a3011c1&n=2&orderby=>; rel="next"
      server: openresty
      strict-transport-security: max-age=31536000; includeSubDomains
      x-content-type-options: nosniff
    status:
      code: 200
      message: OK
    url: https://seankaneanon.azurecr.io/acr/v1/_catalog?last=repo80c61ece&n=2&orderby=
- request:
    body: null
    headers:
      Accept:
      - application/json
      User-Agent:
      - azsdk-python-azure-containerregistry/1.0.0b4 Python/3.9.0rc1 (Windows-10-10.0.19041-SP0)
    method: GET
    uri: https://fake_url.azurecr.io/acr/v1/_catalog?last=repo8a3011c1&n=2&orderby=
  response:
    body:
      string: '{"errors": [{"code": "UNAUTHORIZED", "message": "authentication required,
        visit https://aka.ms/acr/authorization for more information.", "detail": [{"Type":
        "registry", "Name": "catalog", "Action": "*"}]}]}'
    headers:
      access-control-expose-headers: X-Ms-Correlation-Request-Id
      connection: keep-alive
      content-length: '196'
      content-type: application/json; charset=utf-8
      date: Fri, 18 Jun 2021 20:16:17 GMT
      docker-distribution-api-version: registry/2.0
      server: openresty
      strict-transport-security: max-age=31536000; includeSubDomains
      www-authenticate: Bearer realm="https://fake_url.azurecr.io/oauth2/token",service="fake_url.azurecr.io",scope="fake_scope",error="invalid_token"
      x-content-type-options: nosniff
    status:
      code: 401
      message: Unauthorized
    url: https://seankaneanon.azurecr.io/acr/v1/_catalog?last=repo8a3011c1&n=2&orderby=
- request:
    body:
      grant_type: !!python/object/apply:azure.containerregistry._generated.models._container_registry_enums.TokenGrantType
      - password
      scope: registry:catalog:*
      service: seankaneanon.azurecr.io
    headers:
      Accept:
      - application/json
      User-Agent:
      - azsdk-python-azure-containerregistry/1.0.0b4 Python/3.9.0rc1 (Windows-10-10.0.19041-SP0)
    method: POST
    uri: https://fake_url.azurecr.io/oauth2/token
  response:
    body:
      string: '{"access_token": "REDACTED"}'
    headers:
      connection: keep-alive
      content-type: application/json; charset=utf-8
      date: Fri, 18 Jun 2021 20:16:18 GMT
      server: openresty
      strict-transport-security: max-age=31536000; includeSubDomains
      transfer-encoding: chunked
      x-ms-ratelimit-remaining-calls-per-second: '166.2'
    status:
      code: 200
      message: OK
    url: https://seankaneanon.azurecr.io/oauth2/token
- request:
    body: null
    headers:
      Accept:
      - application/json
      User-Agent:
      - azsdk-python-azure-containerregistry/1.0.0b4 Python/3.9.0rc1 (Windows-10-10.0.19041-SP0)
    method: GET
    uri: https://fake_url.azurecr.io/acr/v1/_catalog?last=repo8a3011c1&n=2&orderby=
  response:
    body:
      string: '{"repositories": ["repo8b5a11da", "repo93d41b55"]}'
    headers:
      access-control-expose-headers: X-Ms-Correlation-Request-Id
      connection: keep-alive
      content-length: '49'
      content-type: application/json; charset=utf-8
      date: Fri, 18 Jun 2021 20:16:18 GMT
      docker-distribution-api-version: registry/2.0
      link: </acr/v1/_catalog?last=repo93d41b55&n=2&orderby=>; rel="next"
      server: openresty
      strict-transport-security: max-age=31536000; includeSubDomains
      x-content-type-options: nosniff
    status:
      code: 200
      message: OK
    url: https://seankaneanon.azurecr.io/acr/v1/_catalog?last=repo8a3011c1&n=2&orderby=
- request:
    body: null
    headers:
      Accept:
      - application/json
      User-Agent:
      - azsdk-python-azure-containerregistry/1.0.0b4 Python/3.9.0rc1 (Windows-10-10.0.19041-SP0)
    method: GET
    uri: https://fake_url.azurecr.io/acr/v1/_catalog?last=repo93d41b55&n=2&orderby=
  response:
    body:
      string: '{"errors": [{"code": "UNAUTHORIZED", "message": "authentication required,
        visit https://aka.ms/acr/authorization for more information.", "detail": [{"Type":
        "registry", "Name": "catalog", "Action": "*"}]}]}'
    headers:
      access-control-expose-headers: X-Ms-Correlation-Request-Id
      connection: keep-alive
      content-length: '196'
      content-type: application/json; charset=utf-8
      date: Fri, 18 Jun 2021 20:16:18 GMT
      docker-distribution-api-version: registry/2.0
      server: openresty
      strict-transport-security: max-age=31536000; includeSubDomains
      www-authenticate: Bearer realm="https://fake_url.azurecr.io/oauth2/token",service="fake_url.azurecr.io",scope="fake_scope",error="invalid_token"
      x-content-type-options: nosniff
    status:
      code: 401
      message: Unauthorized
    url: https://seankaneanon.azurecr.io/acr/v1/_catalog?last=repo93d41b55&n=2&orderby=
- request:
    body:
      grant_type: !!python/object/apply:azure.containerregistry._generated.models._container_registry_enums.TokenGrantType
      - password
      scope: registry:catalog:*
      service: seankaneanon.azurecr.io
    headers:
      Accept:
      - application/json
      User-Agent:
      - azsdk-python-azure-containerregistry/1.0.0b4 Python/3.9.0rc1 (Windows-10-10.0.19041-SP0)
    method: POST
    uri: https://fake_url.azurecr.io/oauth2/token
  response:
    body:
      string: '{"access_token": "REDACTED"}'
    headers:
      connection: keep-alive
      content-type: application/json; charset=utf-8
      date: Fri, 18 Jun 2021 20:16:18 GMT
      server: openresty
      strict-transport-security: max-age=31536000; includeSubDomains
      transfer-encoding: chunked
      x-ms-ratelimit-remaining-calls-per-second: '166.183333'
    status:
      code: 200
      message: OK
    url: https://seankaneanon.azurecr.io/oauth2/token
- request:
    body: null
    headers:
      Accept:
      - application/json
      User-Agent:
      - azsdk-python-azure-containerregistry/1.0.0b4 Python/3.9.0rc1 (Windows-10-10.0.19041-SP0)
    method: GET
    uri: https://fake_url.azurecr.io/acr/v1/_catalog?last=repo93d41b55&n=2&orderby=
  response:
    body:
      string: '{"repositories": ["repo99be175b", "repo9bf1d1b"]}'
    headers:
      access-control-expose-headers: X-Ms-Correlation-Request-Id
      connection: keep-alive
      content-length: '48'
      content-type: application/json; charset=utf-8
      date: Fri, 18 Jun 2021 20:16:18 GMT
      docker-distribution-api-version: registry/2.0
      link: </acr/v1/_catalog?last=repo9bf1d1b&n=2&orderby=>; rel="next"
      server: openresty
      strict-transport-security: max-age=31536000; includeSubDomains
      x-content-type-options: nosniff
    status:
      code: 200
      message: OK
    url: https://seankaneanon.azurecr.io/acr/v1/_catalog?last=repo93d41b55&n=2&orderby=
- request:
    body: null
    headers:
      Accept:
      - application/json
      User-Agent:
      - azsdk-python-azure-containerregistry/1.0.0b4 Python/3.9.0rc1 (Windows-10-10.0.19041-SP0)
    method: GET
    uri: https://fake_url.azurecr.io/acr/v1/_catalog?last=repo9bf1d1b&n=2&orderby=
  response:
    body:
      string: '{"errors": [{"code": "UNAUTHORIZED", "message": "authentication required,
        visit https://aka.ms/acr/authorization for more information.", "detail": [{"Type":
        "registry", "Name": "catalog", "Action": "*"}]}]}'
    headers:
      access-control-expose-headers: X-Ms-Correlation-Request-Id
      connection: keep-alive
      content-length: '196'
      content-type: application/json; charset=utf-8
      date: Fri, 18 Jun 2021 20:16:18 GMT
      docker-distribution-api-version: registry/2.0
      server: openresty
      strict-transport-security: max-age=31536000; includeSubDomains
      www-authenticate: Bearer realm="https://fake_url.azurecr.io/oauth2/token",service="fake_url.azurecr.io",scope="fake_scope",error="invalid_token"
      x-content-type-options: nosniff
    status:
      code: 401
      message: Unauthorized
    url: https://seankaneanon.azurecr.io/acr/v1/_catalog?last=repo9bf1d1b&n=2&orderby=
- request:
    body:
      grant_type: !!python/object/apply:azure.containerregistry._generated.models._container_registry_enums.TokenGrantType
      - password
      scope: registry:catalog:*
      service: seankaneanon.azurecr.io
    headers:
      Accept:
      - application/json
      User-Agent:
      - azsdk-python-azure-containerregistry/1.0.0b4 Python/3.9.0rc1 (Windows-10-10.0.19041-SP0)
    method: POST
    uri: https://fake_url.azurecr.io/oauth2/token
  response:
    body:
      string: '{"access_token": "REDACTED"}'
    headers:
      connection: keep-alive
      content-type: application/json; charset=utf-8
      date: Fri, 18 Jun 2021 20:16:18 GMT
      server: openresty
      strict-transport-security: max-age=31536000; includeSubDomains
      transfer-encoding: chunked
      x-ms-ratelimit-remaining-calls-per-second: '166.166667'
    status:
      code: 200
      message: OK
    url: https://seankaneanon.azurecr.io/oauth2/token
- request:
    body: null
    headers:
      Accept:
      - application/json
      User-Agent:
      - azsdk-python-azure-containerregistry/1.0.0b4 Python/3.9.0rc1 (Windows-10-10.0.19041-SP0)
    method: GET
    uri: https://fake_url.azurecr.io/acr/v1/_catalog?last=repo9bf1d1b&n=2&orderby=
  response:
    body:
      string: '{"repositories": ["repo9cb4121e", "repoa14a1f36"]}'
    headers:
      access-control-expose-headers: X-Ms-Correlation-Request-Id
      connection: keep-alive
      content-length: '49'
      content-type: application/json; charset=utf-8
      date: Fri, 18 Jun 2021 20:16:18 GMT
      docker-distribution-api-version: registry/2.0
      link: </acr/v1/_catalog?last=repoa14a1f36&n=2&orderby=>; rel="next"
      server: openresty
      strict-transport-security: max-age=31536000; includeSubDomains
      x-content-type-options: nosniff
    status:
      code: 200
      message: OK
    url: https://seankaneanon.azurecr.io/acr/v1/_catalog?last=repo9bf1d1b&n=2&orderby=
- request:
    body: null
    headers:
      Accept:
      - application/json
      User-Agent:
      - azsdk-python-azure-containerregistry/1.0.0b4 Python/3.9.0rc1 (Windows-10-10.0.19041-SP0)
    method: GET
    uri: https://fake_url.azurecr.io/acr/v1/_catalog?last=repoa14a1f36&n=2&orderby=
  response:
    body:
      string: '{"errors": [{"code": "UNAUTHORIZED", "message": "authentication required,
        visit https://aka.ms/acr/authorization for more information.", "detail": [{"Type":
        "registry", "Name": "catalog", "Action": "*"}]}]}'
    headers:
      access-control-expose-headers: X-Ms-Correlation-Request-Id
      connection: keep-alive
      content-length: '196'
      content-type: application/json; charset=utf-8
      date: Fri, 18 Jun 2021 20:16:18 GMT
      docker-distribution-api-version: registry/2.0
      server: openresty
      strict-transport-security: max-age=31536000; includeSubDomains
      www-authenticate: Bearer realm="https://fake_url.azurecr.io/oauth2/token",service="fake_url.azurecr.io",scope="fake_scope",error="invalid_token"
      x-content-type-options: nosniff
    status:
      code: 401
      message: Unauthorized
    url: https://seankaneanon.azurecr.io/acr/v1/_catalog?last=repoa14a1f36&n=2&orderby=
- request:
    body:
      grant_type: !!python/object/apply:azure.containerregistry._generated.models._container_registry_enums.TokenGrantType
      - password
      scope: registry:catalog:*
      service: seankaneanon.azurecr.io
    headers:
      Accept:
      - application/json
      User-Agent:
      - azsdk-python-azure-containerregistry/1.0.0b4 Python/3.9.0rc1 (Windows-10-10.0.19041-SP0)
    method: POST
    uri: https://fake_url.azurecr.io/oauth2/token
  response:
    body:
      string: '{"access_token": "REDACTED"}'
    headers:
      connection: keep-alive
      content-type: application/json; charset=utf-8
      date: Fri, 18 Jun 2021 20:16:19 GMT
      server: openresty
      strict-transport-security: max-age=31536000; includeSubDomains
      transfer-encoding: chunked
      x-ms-ratelimit-remaining-calls-per-second: '166.15'
    status:
      code: 200
      message: OK
    url: https://seankaneanon.azurecr.io/oauth2/token
- request:
    body: null
    headers:
      Accept:
      - application/json
      User-Agent:
      - azsdk-python-azure-containerregistry/1.0.0b4 Python/3.9.0rc1 (Windows-10-10.0.19041-SP0)
    method: GET
    uri: https://fake_url.azurecr.io/acr/v1/_catalog?last=repoa14a1f36&n=2&orderby=
  response:
    body:
      string: '{"repositories": ["repoaf17178c", "repoaf8317b0"]}'
    headers:
      access-control-expose-headers: X-Ms-Correlation-Request-Id
      connection: keep-alive
      content-length: '49'
      content-type: application/json; charset=utf-8
      date: Fri, 18 Jun 2021 20:16:19 GMT
      docker-distribution-api-version: registry/2.0
      link: </acr/v1/_catalog?last=repoaf8317b0&n=2&orderby=>; rel="next"
      server: openresty
      strict-transport-security: max-age=31536000; includeSubDomains
      x-content-type-options: nosniff
    status:
      code: 200
      message: OK
    url: https://seankaneanon.azurecr.io/acr/v1/_catalog?last=repoa14a1f36&n=2&orderby=
- request:
    body: null
    headers:
      Accept:
      - application/json
      User-Agent:
      - azsdk-python-azure-containerregistry/1.0.0b4 Python/3.9.0rc1 (Windows-10-10.0.19041-SP0)
    method: GET
    uri: https://fake_url.azurecr.io/acr/v1/_catalog?last=repoaf8317b0&n=2&orderby=
  response:
    body:
      string: '{"errors": [{"code": "UNAUTHORIZED", "message": "authentication required,
        visit https://aka.ms/acr/authorization for more information.", "detail": [{"Type":
        "registry", "Name": "catalog", "Action": "*"}]}]}'
    headers:
      access-control-expose-headers: X-Ms-Correlation-Request-Id
      connection: keep-alive
      content-length: '196'
      content-type: application/json; charset=utf-8
      date: Fri, 18 Jun 2021 20:16:19 GMT
      docker-distribution-api-version: registry/2.0
      server: openresty
      strict-transport-security: max-age=31536000; includeSubDomains
      www-authenticate: Bearer realm="https://fake_url.azurecr.io/oauth2/token",service="fake_url.azurecr.io",scope="fake_scope",error="invalid_token"
      x-content-type-options: nosniff
    status:
      code: 401
      message: Unauthorized
    url: https://seankaneanon.azurecr.io/acr/v1/_catalog?last=repoaf8317b0&n=2&orderby=
- request:
    body:
      grant_type: !!python/object/apply:azure.containerregistry._generated.models._container_registry_enums.TokenGrantType
      - password
      scope: registry:catalog:*
      service: seankaneanon.azurecr.io
    headers:
      Accept:
      - application/json
      User-Agent:
      - azsdk-python-azure-containerregistry/1.0.0b4 Python/3.9.0rc1 (Windows-10-10.0.19041-SP0)
    method: POST
    uri: https://fake_url.azurecr.io/oauth2/token
  response:
    body:
      string: '{"access_token": "REDACTED"}'
    headers:
      connection: keep-alive
      content-type: application/json; charset=utf-8
      date: Fri, 18 Jun 2021 20:16:19 GMT
      server: openresty
      strict-transport-security: max-age=31536000; includeSubDomains
      transfer-encoding: chunked
      x-ms-ratelimit-remaining-calls-per-second: '166.133333'
    status:
      code: 200
      message: OK
    url: https://seankaneanon.azurecr.io/oauth2/token
- request:
    body: null
    headers:
      Accept:
      - application/json
      User-Agent:
      - azsdk-python-azure-containerregistry/1.0.0b4 Python/3.9.0rc1 (Windows-10-10.0.19041-SP0)
    method: GET
    uri: https://fake_url.azurecr.io/acr/v1/_catalog?last=repoaf8317b0&n=2&orderby=
  response:
    body:
      string: '{"repositories": ["repoaf8812b0", "repoaf9517b2"]}'
    headers:
      access-control-expose-headers: X-Ms-Correlation-Request-Id
      connection: keep-alive
      content-length: '49'
      content-type: application/json; charset=utf-8
      date: Fri, 18 Jun 2021 20:16:19 GMT
      docker-distribution-api-version: registry/2.0
      link: </acr/v1/_catalog?last=repoaf9517b2&n=2&orderby=>; rel="next"
      server: openresty
      strict-transport-security: max-age=31536000; includeSubDomains
      x-content-type-options: nosniff
    status:
      code: 200
      message: OK
    url: https://seankaneanon.azurecr.io/acr/v1/_catalog?last=repoaf8317b0&n=2&orderby=
- request:
    body: null
    headers:
      Accept:
      - application/json
      User-Agent:
      - azsdk-python-azure-containerregistry/1.0.0b4 Python/3.9.0rc1 (Windows-10-10.0.19041-SP0)
    method: GET
    uri: https://fake_url.azurecr.io/acr/v1/_catalog?last=repoaf9517b2&n=2&orderby=
  response:
    body:
      string: '{"errors": [{"code": "UNAUTHORIZED", "message": "authentication required,
        visit https://aka.ms/acr/authorization for more information.", "detail": [{"Type":
        "registry", "Name": "catalog", "Action": "*"}]}]}'
    headers:
      access-control-expose-headers: X-Ms-Correlation-Request-Id
      connection: keep-alive
      content-length: '196'
      content-type: application/json; charset=utf-8
      date: Fri, 18 Jun 2021 20:16:19 GMT
      docker-distribution-api-version: registry/2.0
      server: openresty
      strict-transport-security: max-age=31536000; includeSubDomains
      www-authenticate: Bearer realm="https://fake_url.azurecr.io/oauth2/token",service="fake_url.azurecr.io",scope="fake_scope",error="invalid_token"
      x-content-type-options: nosniff
    status:
      code: 401
      message: Unauthorized
    url: https://seankaneanon.azurecr.io/acr/v1/_catalog?last=repoaf9517b2&n=2&orderby=
- request:
    body:
      grant_type: !!python/object/apply:azure.containerregistry._generated.models._container_registry_enums.TokenGrantType
      - password
      scope: registry:catalog:*
      service: seankaneanon.azurecr.io
    headers:
      Accept:
      - application/json
      User-Agent:
      - azsdk-python-azure-containerregistry/1.0.0b4 Python/3.9.0rc1 (Windows-10-10.0.19041-SP0)
    method: POST
    uri: https://fake_url.azurecr.io/oauth2/token
  response:
    body:
      string: '{"access_token": "REDACTED"}'
    headers:
      connection: keep-alive
      content-type: application/json; charset=utf-8
      date: Fri, 18 Jun 2021 20:16:19 GMT
      server: openresty
      strict-transport-security: max-age=31536000; includeSubDomains
      transfer-encoding: chunked
      x-ms-ratelimit-remaining-calls-per-second: '166.116667'
    status:
      code: 200
      message: OK
    url: https://seankaneanon.azurecr.io/oauth2/token
- request:
    body: null
    headers:
      Accept:
      - application/json
      User-Agent:
      - azsdk-python-azure-containerregistry/1.0.0b4 Python/3.9.0rc1 (Windows-10-10.0.19041-SP0)
    method: GET
    uri: https://fake_url.azurecr.io/acr/v1/_catalog?last=repoaf9517b2&n=2&orderby=
  response:
    body:
      string: '{"repositories": ["repob0a917be", "repob22512e7"]}'
    headers:
      access-control-expose-headers: X-Ms-Correlation-Request-Id
      connection: keep-alive
      content-length: '49'
      content-type: application/json; charset=utf-8
      date: Fri, 18 Jun 2021 20:16:19 GMT
      docker-distribution-api-version: registry/2.0
      link: </acr/v1/_catalog?last=repob22512e7&n=2&orderby=>; rel="next"
      server: openresty
      strict-transport-security: max-age=31536000; includeSubDomains
      x-content-type-options: nosniff
    status:
      code: 200
      message: OK
    url: https://seankaneanon.azurecr.io/acr/v1/_catalog?last=repoaf9517b2&n=2&orderby=
- request:
    body: null
    headers:
      Accept:
      - application/json
      User-Agent:
      - azsdk-python-azure-containerregistry/1.0.0b4 Python/3.9.0rc1 (Windows-10-10.0.19041-SP0)
    method: GET
    uri: https://fake_url.azurecr.io/acr/v1/_catalog?last=repob22512e7&n=2&orderby=
  response:
    body:
      string: '{"errors": [{"code": "UNAUTHORIZED", "message": "authentication required,
        visit https://aka.ms/acr/authorization for more information.", "detail": [{"Type":
        "registry", "Name": "catalog", "Action": "*"}]}]}'
    headers:
      access-control-expose-headers: X-Ms-Correlation-Request-Id
      connection: keep-alive
      content-length: '196'
      content-type: application/json; charset=utf-8
      date: Fri, 18 Jun 2021 20:16:19 GMT
      docker-distribution-api-version: registry/2.0
      server: openresty
      strict-transport-security: max-age=31536000; includeSubDomains
      www-authenticate: Bearer realm="https://fake_url.azurecr.io/oauth2/token",service="fake_url.azurecr.io",scope="fake_scope",error="invalid_token"
      x-content-type-options: nosniff
    status:
      code: 401
      message: Unauthorized
    url: https://seankaneanon.azurecr.io/acr/v1/_catalog?last=repob22512e7&n=2&orderby=
- request:
    body:
      grant_type: !!python/object/apply:azure.containerregistry._generated.models._container_registry_enums.TokenGrantType
      - password
      scope: registry:catalog:*
      service: seankaneanon.azurecr.io
    headers:
      Accept:
      - application/json
      User-Agent:
      - azsdk-python-azure-containerregistry/1.0.0b4 Python/3.9.0rc1 (Windows-10-10.0.19041-SP0)
    method: POST
    uri: https://fake_url.azurecr.io/oauth2/token
  response:
    body:
      string: '{"access_token": "REDACTED"}'
    headers:
      connection: keep-alive
      content-type: application/json; charset=utf-8
      date: Fri, 18 Jun 2021 20:16:20 GMT
      server: openresty
      strict-transport-security: max-age=31536000; includeSubDomains
      transfer-encoding: chunked
      x-ms-ratelimit-remaining-calls-per-second: '166.1'
    status:
      code: 200
      message: OK
    url: https://seankaneanon.azurecr.io/oauth2/token
- request:
    body: null
    headers:
      Accept:
      - application/json
      User-Agent:
      - azsdk-python-azure-containerregistry/1.0.0b4 Python/3.9.0rc1 (Windows-10-10.0.19041-SP0)
    method: GET
    uri: https://fake_url.azurecr.io/acr/v1/_catalog?last=repob22512e7&n=2&orderby=
  response:
    body:
      string: '{"repositories": ["repob3551bb3", "repoc1b5131a"]}'
    headers:
      access-control-expose-headers: X-Ms-Correlation-Request-Id
      connection: keep-alive
      content-length: '49'
      content-type: application/json; charset=utf-8
      date: Fri, 18 Jun 2021 20:16:20 GMT
      docker-distribution-api-version: registry/2.0
      link: </acr/v1/_catalog?last=repoc1b5131a&n=2&orderby=>; rel="next"
      server: openresty
      strict-transport-security: max-age=31536000; includeSubDomains
      x-content-type-options: nosniff
    status:
      code: 200
      message: OK
    url: https://seankaneanon.azurecr.io/acr/v1/_catalog?last=repob22512e7&n=2&orderby=
- request:
    body: null
    headers:
      Accept:
      - application/json
      User-Agent:
      - azsdk-python-azure-containerregistry/1.0.0b4 Python/3.9.0rc1 (Windows-10-10.0.19041-SP0)
    method: GET
    uri: https://fake_url.azurecr.io/acr/v1/_catalog?last=repoc1b5131a&n=2&orderby=
  response:
    body:
      string: '{"errors": [{"code": "UNAUTHORIZED", "message": "authentication required,
        visit https://aka.ms/acr/authorization for more information.", "detail": [{"Type":
        "registry", "Name": "catalog", "Action": "*"}]}]}'
    headers:
      access-control-expose-headers: X-Ms-Correlation-Request-Id
      connection: keep-alive
      content-length: '196'
      content-type: application/json; charset=utf-8
      date: Fri, 18 Jun 2021 20:16:20 GMT
      docker-distribution-api-version: registry/2.0
      server: openresty
      strict-transport-security: max-age=31536000; includeSubDomains
      www-authenticate: Bearer realm="https://fake_url.azurecr.io/oauth2/token",service="fake_url.azurecr.io",scope="fake_scope",error="invalid_token"
      x-content-type-options: nosniff
    status:
      code: 401
      message: Unauthorized
    url: https://seankaneanon.azurecr.io/acr/v1/_catalog?last=repoc1b5131a&n=2&orderby=
- request:
    body:
      grant_type: !!python/object/apply:azure.containerregistry._generated.models._container_registry_enums.TokenGrantType
      - password
      scope: registry:catalog:*
      service: seankaneanon.azurecr.io
    headers:
      Accept:
      - application/json
      User-Agent:
      - azsdk-python-azure-containerregistry/1.0.0b4 Python/3.9.0rc1 (Windows-10-10.0.19041-SP0)
    method: POST
    uri: https://fake_url.azurecr.io/oauth2/token
  response:
    body:
      string: '{"access_token": "REDACTED"}'
    headers:
      connection: keep-alive
      content-type: application/json; charset=utf-8
      date: Fri, 18 Jun 2021 20:16:20 GMT
      server: openresty
      strict-transport-security: max-age=31536000; includeSubDomains
      transfer-encoding: chunked
      x-ms-ratelimit-remaining-calls-per-second: '166.083333'
    status:
      code: 200
      message: OK
    url: https://seankaneanon.azurecr.io/oauth2/token
- request:
    body: null
    headers:
      Accept:
      - application/json
      User-Agent:
      - azsdk-python-azure-containerregistry/1.0.0b4 Python/3.9.0rc1 (Windows-10-10.0.19041-SP0)
    method: GET
    uri: https://fake_url.azurecr.io/acr/v1/_catalog?last=repoc1b5131a&n=2&orderby=
  response:
    body:
      string: '{"repositories": ["repoc1b812f4", "repoc28d1326"]}'
    headers:
      access-control-expose-headers: X-Ms-Correlation-Request-Id
      connection: keep-alive
      content-length: '49'
      content-type: application/json; charset=utf-8
      date: Fri, 18 Jun 2021 20:16:20 GMT
      docker-distribution-api-version: registry/2.0
      link: </acr/v1/_catalog?last=repoc28d1326&n=2&orderby=>; rel="next"
      server: openresty
      strict-transport-security: max-age=31536000; includeSubDomains
      x-content-type-options: nosniff
    status:
      code: 200
      message: OK
    url: https://seankaneanon.azurecr.io/acr/v1/_catalog?last=repoc1b5131a&n=2&orderby=
- request:
    body: null
    headers:
      Accept:
      - application/json
      User-Agent:
      - azsdk-python-azure-containerregistry/1.0.0b4 Python/3.9.0rc1 (Windows-10-10.0.19041-SP0)
    method: GET
    uri: https://fake_url.azurecr.io/acr/v1/_catalog?last=repoc28d1326&n=2&orderby=
  response:
    body:
      string: '{"errors": [{"code": "UNAUTHORIZED", "message": "authentication required,
        visit https://aka.ms/acr/authorization for more information.", "detail": [{"Type":
        "registry", "Name": "catalog", "Action": "*"}]}]}'
    headers:
      access-control-expose-headers: X-Ms-Correlation-Request-Id
      connection: keep-alive
      content-length: '196'
      content-type: application/json; charset=utf-8
      date: Fri, 18 Jun 2021 20:16:20 GMT
      docker-distribution-api-version: registry/2.0
      server: openresty
      strict-transport-security: max-age=31536000; includeSubDomains
      www-authenticate: Bearer realm="https://fake_url.azurecr.io/oauth2/token",service="fake_url.azurecr.io",scope="fake_scope",error="invalid_token"
      x-content-type-options: nosniff
    status:
      code: 401
      message: Unauthorized
    url: https://seankaneanon.azurecr.io/acr/v1/_catalog?last=repoc28d1326&n=2&orderby=
- request:
    body:
      grant_type: !!python/object/apply:azure.containerregistry._generated.models._container_registry_enums.TokenGrantType
      - password
      scope: registry:catalog:*
      service: seankaneanon.azurecr.io
    headers:
      Accept:
      - application/json
      User-Agent:
      - azsdk-python-azure-containerregistry/1.0.0b4 Python/3.9.0rc1 (Windows-10-10.0.19041-SP0)
    method: POST
    uri: https://fake_url.azurecr.io/oauth2/token
  response:
    body:
      string: '{"access_token": "REDACTED"}'
    headers:
      connection: keep-alive
      content-type: application/json; charset=utf-8
      date: Fri, 18 Jun 2021 20:16:20 GMT
      server: openresty
      strict-transport-security: max-age=31536000; includeSubDomains
      transfer-encoding: chunked
      x-ms-ratelimit-remaining-calls-per-second: '166.066667'
    status:
      code: 200
      message: OK
    url: https://seankaneanon.azurecr.io/oauth2/token
- request:
    body: null
    headers:
      Accept:
      - application/json
      User-Agent:
      - azsdk-python-azure-containerregistry/1.0.0b4 Python/3.9.0rc1 (Windows-10-10.0.19041-SP0)
    method: GET
    uri: https://fake_url.azurecr.io/acr/v1/_catalog?last=repoc28d1326&n=2&orderby=
  response:
    body:
      string: '{"repositories": ["repoc7611808", "repocf681c1b"]}'
    headers:
      access-control-expose-headers: X-Ms-Correlation-Request-Id
      connection: keep-alive
      content-length: '49'
      content-type: application/json; charset=utf-8
      date: Fri, 18 Jun 2021 20:16:20 GMT
      docker-distribution-api-version: registry/2.0
      link: </acr/v1/_catalog?last=repocf681c1b&n=2&orderby=>; rel="next"
      server: openresty
      strict-transport-security: max-age=31536000; includeSubDomains
      x-content-type-options: nosniff
    status:
      code: 200
      message: OK
    url: https://seankaneanon.azurecr.io/acr/v1/_catalog?last=repoc28d1326&n=2&orderby=
- request:
    body: null
    headers:
      Accept:
      - application/json
      User-Agent:
      - azsdk-python-azure-containerregistry/1.0.0b4 Python/3.9.0rc1 (Windows-10-10.0.19041-SP0)
    method: GET
    uri: https://fake_url.azurecr.io/acr/v1/_catalog?last=repocf681c1b&n=2&orderby=
  response:
    body:
      string: '{"errors": [{"code": "UNAUTHORIZED", "message": "authentication required,
        visit https://aka.ms/acr/authorization for more information.", "detail": [{"Type":
        "registry", "Name": "catalog", "Action": "*"}]}]}'
    headers:
      access-control-expose-headers: X-Ms-Correlation-Request-Id
      connection: keep-alive
      content-length: '196'
      content-type: application/json; charset=utf-8
      date: Fri, 18 Jun 2021 20:16:21 GMT
      docker-distribution-api-version: registry/2.0
      server: openresty
      strict-transport-security: max-age=31536000; includeSubDomains
      www-authenticate: Bearer realm="https://fake_url.azurecr.io/oauth2/token",service="fake_url.azurecr.io",scope="fake_scope",error="invalid_token"
      x-content-type-options: nosniff
    status:
      code: 401
      message: Unauthorized
    url: https://seankaneanon.azurecr.io/acr/v1/_catalog?last=repocf681c1b&n=2&orderby=
- request:
    body:
      grant_type: !!python/object/apply:azure.containerregistry._generated.models._container_registry_enums.TokenGrantType
      - password
      scope: registry:catalog:*
      service: seankaneanon.azurecr.io
    headers:
      Accept:
      - application/json
      User-Agent:
      - azsdk-python-azure-containerregistry/1.0.0b4 Python/3.9.0rc1 (Windows-10-10.0.19041-SP0)
    method: POST
    uri: https://fake_url.azurecr.io/oauth2/token
  response:
    body:
      string: '{"access_token": "REDACTED"}'
    headers:
      connection: keep-alive
      content-type: application/json; charset=utf-8
      date: Fri, 18 Jun 2021 20:16:21 GMT
      server: openresty
      strict-transport-security: max-age=31536000; includeSubDomains
      transfer-encoding: chunked
      x-ms-ratelimit-remaining-calls-per-second: '166.05'
    status:
      code: 200
      message: OK
    url: https://seankaneanon.azurecr.io/oauth2/token
- request:
    body: null
    headers:
      Accept:
      - application/json
      User-Agent:
      - azsdk-python-azure-containerregistry/1.0.0b4 Python/3.9.0rc1 (Windows-10-10.0.19041-SP0)
    method: GET
    uri: https://fake_url.azurecr.io/acr/v1/_catalog?last=repocf681c1b&n=2&orderby=
  response:
    body:
      string: '{"repositories": ["repocfba1c48", "repodf771888"]}'
    headers:
      access-control-expose-headers: X-Ms-Correlation-Request-Id
      connection: keep-alive
      content-length: '49'
      content-type: application/json; charset=utf-8
      date: Fri, 18 Jun 2021 20:16:21 GMT
      docker-distribution-api-version: registry/2.0
      link: </acr/v1/_catalog?last=repodf771888&n=2&orderby=>; rel="next"
      server: openresty
      strict-transport-security: max-age=31536000; includeSubDomains
      x-content-type-options: nosniff
    status:
      code: 200
      message: OK
    url: https://seankaneanon.azurecr.io/acr/v1/_catalog?last=repocf681c1b&n=2&orderby=
- request:
    body: null
    headers:
      Accept:
      - application/json
      User-Agent:
      - azsdk-python-azure-containerregistry/1.0.0b4 Python/3.9.0rc1 (Windows-10-10.0.19041-SP0)
    method: GET
    uri: https://fake_url.azurecr.io/acr/v1/_catalog?last=repodf771888&n=2&orderby=
  response:
    body:
      string: '{"errors": [{"code": "UNAUTHORIZED", "message": "authentication required,
        visit https://aka.ms/acr/authorization for more information.", "detail": [{"Type":
        "registry", "Name": "catalog", "Action": "*"}]}]}'
    headers:
      access-control-expose-headers: X-Ms-Correlation-Request-Id
      connection: keep-alive
      content-length: '196'
      content-type: application/json; charset=utf-8
      date: Fri, 18 Jun 2021 20:16:21 GMT
      docker-distribution-api-version: registry/2.0
      server: openresty
      strict-transport-security: max-age=31536000; includeSubDomains
      www-authenticate: Bearer realm="https://fake_url.azurecr.io/oauth2/token",service="fake_url.azurecr.io",scope="fake_scope",error="invalid_token"
      x-content-type-options: nosniff
    status:
      code: 401
      message: Unauthorized
    url: https://seankaneanon.azurecr.io/acr/v1/_catalog?last=repodf771888&n=2&orderby=
- request:
    body:
      grant_type: !!python/object/apply:azure.containerregistry._generated.models._container_registry_enums.TokenGrantType
      - password
      scope: registry:catalog:*
      service: seankaneanon.azurecr.io
    headers:
      Accept:
      - application/json
      User-Agent:
      - azsdk-python-azure-containerregistry/1.0.0b4 Python/3.9.0rc1 (Windows-10-10.0.19041-SP0)
    method: POST
    uri: https://fake_url.azurecr.io/oauth2/token
  response:
    body:
      string: '{"access_token": "REDACTED"}'
    headers:
      connection: keep-alive
      content-type: application/json; charset=utf-8
      date: Fri, 18 Jun 2021 20:16:21 GMT
      server: openresty
      strict-transport-security: max-age=31536000; includeSubDomains
      transfer-encoding: chunked
      x-ms-ratelimit-remaining-calls-per-second: '166.033333'
    status:
      code: 200
      message: OK
    url: https://seankaneanon.azurecr.io/oauth2/token
- request:
    body: null
    headers:
      Accept:
      - application/json
      User-Agent:
      - azsdk-python-azure-containerregistry/1.0.0b4 Python/3.9.0rc1 (Windows-10-10.0.19041-SP0)
    method: GET
    uri: https://fake_url.azurecr.io/acr/v1/_catalog?last=repodf771888&n=2&orderby=
  response:
    body:
      string: '{"repositories": ["repoe08b1894", "repoe19b1892"]}'
    headers:
      access-control-expose-headers: X-Ms-Correlation-Request-Id
      connection: keep-alive
      content-length: '49'
      content-type: application/json; charset=utf-8
      date: Fri, 18 Jun 2021 20:16:21 GMT
      docker-distribution-api-version: registry/2.0
      link: </acr/v1/_catalog?last=repoe19b1892&n=2&orderby=>; rel="next"
      server: openresty
      strict-transport-security: max-age=31536000; includeSubDomains
      x-content-type-options: nosniff
    status:
      code: 200
      message: OK
    url: https://seankaneanon.azurecr.io/acr/v1/_catalog?last=repodf771888&n=2&orderby=
- request:
    body: null
    headers:
      Accept:
      - application/json
      User-Agent:
      - azsdk-python-azure-containerregistry/1.0.0b4 Python/3.9.0rc1 (Windows-10-10.0.19041-SP0)
    method: GET
    uri: https://fake_url.azurecr.io/acr/v1/_catalog?last=repoe19b1892&n=2&orderby=
  response:
    body:
      string: '{"errors": [{"code": "UNAUTHORIZED", "message": "authentication required,
        visit https://aka.ms/acr/authorization for more information.", "detail": [{"Type":
        "registry", "Name": "catalog", "Action": "*"}]}]}'
    headers:
      access-control-expose-headers: X-Ms-Correlation-Request-Id
      connection: keep-alive
      content-length: '196'
      content-type: application/json; charset=utf-8
      date: Fri, 18 Jun 2021 20:16:21 GMT
      docker-distribution-api-version: registry/2.0
      server: openresty
      strict-transport-security: max-age=31536000; includeSubDomains
      www-authenticate: Bearer realm="https://fake_url.azurecr.io/oauth2/token",service="fake_url.azurecr.io",scope="fake_scope",error="invalid_token"
      x-content-type-options: nosniff
    status:
      code: 401
      message: Unauthorized
    url: https://seankaneanon.azurecr.io/acr/v1/_catalog?last=repoe19b1892&n=2&orderby=
- request:
    body:
      grant_type: !!python/object/apply:azure.containerregistry._generated.models._container_registry_enums.TokenGrantType
      - password
      scope: registry:catalog:*
      service: seankaneanon.azurecr.io
    headers:
      Accept:
      - application/json
      User-Agent:
      - azsdk-python-azure-containerregistry/1.0.0b4 Python/3.9.0rc1 (Windows-10-10.0.19041-SP0)
    method: POST
    uri: https://fake_url.azurecr.io/oauth2/token
  response:
    body:
      string: '{"access_token": "REDACTED"}'
    headers:
      connection: keep-alive
      content-type: application/json; charset=utf-8
      date: Fri, 18 Jun 2021 20:16:21 GMT
      server: openresty
      strict-transport-security: max-age=31536000; includeSubDomains
      transfer-encoding: chunked
      x-ms-ratelimit-remaining-calls-per-second: '166.016667'
    status:
      code: 200
      message: OK
    url: https://seankaneanon.azurecr.io/oauth2/token
- request:
    body: null
    headers:
      Accept:
      - application/json
      User-Agent:
      - azsdk-python-azure-containerregistry/1.0.0b4 Python/3.9.0rc1 (Windows-10-10.0.19041-SP0)
    method: GET
    uri: https://fake_url.azurecr.io/acr/v1/_catalog?last=repoe19b1892&n=2&orderby=
  response:
    body:
      string: '{"repositories": ["repoe1a41fec", "repoe568203f"]}'
    headers:
      access-control-expose-headers: X-Ms-Correlation-Request-Id
      connection: keep-alive
      content-length: '49'
      content-type: application/json; charset=utf-8
      date: Fri, 18 Jun 2021 20:16:21 GMT
      docker-distribution-api-version: registry/2.0
      link: </acr/v1/_catalog?last=repoe568203f&n=2&orderby=>; rel="next"
      server: openresty
      strict-transport-security: max-age=31536000; includeSubDomains
      x-content-type-options: nosniff
    status:
      code: 200
      message: OK
    url: https://seankaneanon.azurecr.io/acr/v1/_catalog?last=repoe19b1892&n=2&orderby=
- request:
    body: null
    headers:
      Accept:
      - application/json
      User-Agent:
      - azsdk-python-azure-containerregistry/1.0.0b4 Python/3.9.0rc1 (Windows-10-10.0.19041-SP0)
    method: GET
    uri: https://fake_url.azurecr.io/acr/v1/_catalog?last=repoe568203f&n=2&orderby=
  response:
    body:
      string: '{"errors": [{"code": "UNAUTHORIZED", "message": "authentication required,
        visit https://aka.ms/acr/authorization for more information.", "detail": [{"Type":
        "registry", "Name": "catalog", "Action": "*"}]}]}'
    headers:
      access-control-expose-headers: X-Ms-Correlation-Request-Id
      connection: keep-alive
      content-length: '196'
      content-type: application/json; charset=utf-8
      date: Fri, 18 Jun 2021 20:16:22 GMT
      docker-distribution-api-version: registry/2.0
      server: openresty
      strict-transport-security: max-age=31536000; includeSubDomains
      www-authenticate: Bearer realm="https://fake_url.azurecr.io/oauth2/token",service="fake_url.azurecr.io",scope="fake_scope",error="invalid_token"
      x-content-type-options: nosniff
    status:
      code: 401
      message: Unauthorized
    url: https://seankaneanon.azurecr.io/acr/v1/_catalog?last=repoe568203f&n=2&orderby=
- request:
    body:
      grant_type: !!python/object/apply:azure.containerregistry._generated.models._container_registry_enums.TokenGrantType
      - password
      scope: registry:catalog:*
      service: seankaneanon.azurecr.io
    headers:
      Accept:
      - application/json
      User-Agent:
      - azsdk-python-azure-containerregistry/1.0.0b4 Python/3.9.0rc1 (Windows-10-10.0.19041-SP0)
    method: POST
    uri: https://fake_url.azurecr.io/oauth2/token
  response:
    body:
      string: '{"access_token": "REDACTED"}'
    headers:
      connection: keep-alive
      content-type: application/json; charset=utf-8
      date: Fri, 18 Jun 2021 20:16:22 GMT
      server: openresty
      strict-transport-security: max-age=31536000; includeSubDomains
      transfer-encoding: chunked
      x-ms-ratelimit-remaining-calls-per-second: '166'
    status:
      code: 200
      message: OK
    url: https://seankaneanon.azurecr.io/oauth2/token
- request:
    body: null
    headers:
      Accept:
      - application/json
      User-Agent:
      - azsdk-python-azure-containerregistry/1.0.0b4 Python/3.9.0rc1 (Windows-10-10.0.19041-SP0)
    method: GET
    uri: https://fake_url.azurecr.io/acr/v1/_catalog?last=repoe568203f&n=2&orderby=
  response:
    body:
      string: '{"repositories": ["repoec051cb9", "repof94c18ea"]}'
    headers:
      access-control-expose-headers: X-Ms-Correlation-Request-Id
      connection: keep-alive
      content-length: '49'
      content-type: application/json; charset=utf-8
      date: Fri, 18 Jun 2021 20:16:22 GMT
      docker-distribution-api-version: registry/2.0
      link: </acr/v1/_catalog?last=repof94c18ea&n=2&orderby=>; rel="next"
      server: openresty
      strict-transport-security: max-age=31536000; includeSubDomains
      x-content-type-options: nosniff
    status:
      code: 200
      message: OK
    url: https://seankaneanon.azurecr.io/acr/v1/_catalog?last=repoe568203f&n=2&orderby=
- request:
    body: null
    headers:
      Accept:
      - application/json
      User-Agent:
      - azsdk-python-azure-containerregistry/1.0.0b4 Python/3.9.0rc1 (Windows-10-10.0.19041-SP0)
    method: GET
    uri: https://fake_url.azurecr.io/acr/v1/_catalog?last=repof94c18ea&n=2&orderby=
  response:
    body:
      string: '{"errors": [{"code": "UNAUTHORIZED", "message": "authentication required,
        visit https://aka.ms/acr/authorization for more information.", "detail": [{"Type":
        "registry", "Name": "catalog", "Action": "*"}]}]}'
    headers:
      access-control-expose-headers: X-Ms-Correlation-Request-Id
      connection: keep-alive
      content-length: '196'
      content-type: application/json; charset=utf-8
      date: Fri, 18 Jun 2021 20:16:22 GMT
      docker-distribution-api-version: registry/2.0
      server: openresty
      strict-transport-security: max-age=31536000; includeSubDomains
      www-authenticate: Bearer realm="https://fake_url.azurecr.io/oauth2/token",service="fake_url.azurecr.io",scope="fake_scope",error="invalid_token"
      x-content-type-options: nosniff
    status:
      code: 401
      message: Unauthorized
    url: https://seankaneanon.azurecr.io/acr/v1/_catalog?last=repof94c18ea&n=2&orderby=
- request:
    body:
      grant_type: !!python/object/apply:azure.containerregistry._generated.models._container_registry_enums.TokenGrantType
      - password
      scope: registry:catalog:*
      service: seankaneanon.azurecr.io
    headers:
      Accept:
      - application/json
      User-Agent:
      - azsdk-python-azure-containerregistry/1.0.0b4 Python/3.9.0rc1 (Windows-10-10.0.19041-SP0)
    method: POST
    uri: https://fake_url.azurecr.io/oauth2/token
  response:
    body:
      string: '{"access_token": "REDACTED"}'
    headers:
      connection: keep-alive
      content-type: application/json; charset=utf-8
      date: Fri, 18 Jun 2021 20:16:22 GMT
      server: openresty
      strict-transport-security: max-age=31536000; includeSubDomains
      transfer-encoding: chunked
      x-ms-ratelimit-remaining-calls-per-second: '165.983333'
    status:
      code: 200
      message: OK
    url: https://seankaneanon.azurecr.io/oauth2/token
- request:
    body: null
    headers:
      Accept:
      - application/json
      User-Agent:
      - azsdk-python-azure-containerregistry/1.0.0b4 Python/3.9.0rc1 (Windows-10-10.0.19041-SP0)
    method: GET
    uri: https://fake_url.azurecr.io/acr/v1/_catalog?last=repof94c18ea&n=2&orderby=
  response:
    body:
      string: '{"repositories": ["repofa2418f6", "repofeb4143e"]}'
    headers:
      access-control-expose-headers: X-Ms-Correlation-Request-Id
      connection: keep-alive
      content-length: '49'
      content-type: application/json; charset=utf-8
      date: Fri, 18 Jun 2021 20:16:22 GMT
      docker-distribution-api-version: registry/2.0
      link: </acr/v1/_catalog?last=repofeb4143e&n=2&orderby=>; rel="next"
      server: openresty
      strict-transport-security: max-age=31536000; includeSubDomains
      x-content-type-options: nosniff
    status:
      code: 200
      message: OK
    url: https://seankaneanon.azurecr.io/acr/v1/_catalog?last=repof94c18ea&n=2&orderby=
- request:
    body: null
    headers:
      Accept:
      - application/json
      User-Agent:
      - azsdk-python-azure-containerregistry/1.0.0b4 Python/3.9.0rc1 (Windows-10-10.0.19041-SP0)
    method: GET
    uri: https://fake_url.azurecr.io/acr/v1/_catalog?last=repofeb4143e&n=2&orderby=
  response:
    body:
      string: '{"errors": [{"code": "UNAUTHORIZED", "message": "authentication required,
        visit https://aka.ms/acr/authorization for more information.", "detail": [{"Type":
        "registry", "Name": "catalog", "Action": "*"}]}]}'
    headers:
      access-control-expose-headers: X-Ms-Correlation-Request-Id
      connection: keep-alive
      content-length: '196'
      content-type: application/json; charset=utf-8
      date: Fri, 18 Jun 2021 20:16:22 GMT
      docker-distribution-api-version: registry/2.0
      server: openresty
      strict-transport-security: max-age=31536000; includeSubDomains
      www-authenticate: Bearer realm="https://fake_url.azurecr.io/oauth2/token",service="fake_url.azurecr.io",scope="fake_scope",error="invalid_token"
      x-content-type-options: nosniff
    status:
      code: 401
      message: Unauthorized
    url: https://seankaneanon.azurecr.io/acr/v1/_catalog?last=repofeb4143e&n=2&orderby=
- request:
    body:
      grant_type: !!python/object/apply:azure.containerregistry._generated.models._container_registry_enums.TokenGrantType
      - password
      scope: registry:catalog:*
      service: seankaneanon.azurecr.io
    headers:
      Accept:
      - application/json
      User-Agent:
      - azsdk-python-azure-containerregistry/1.0.0b4 Python/3.9.0rc1 (Windows-10-10.0.19041-SP0)
    method: POST
    uri: https://fake_url.azurecr.io/oauth2/token
  response:
    body:
      string: '{"access_token": "REDACTED"}'
    headers:
      connection: keep-alive
      content-type: application/json; charset=utf-8
      date: Fri, 18 Jun 2021 20:16:22 GMT
      server: openresty
      strict-transport-security: max-age=31536000; includeSubDomains
      transfer-encoding: chunked
      x-ms-ratelimit-remaining-calls-per-second: '165.966667'
    status:
      code: 200
      message: OK
    url: https://seankaneanon.azurecr.io/oauth2/token
- request:
    body: null
    headers:
      Accept:
      - application/json
      User-Agent:
      - azsdk-python-azure-containerregistry/1.0.0b4 Python/3.9.0rc1 (Windows-10-10.0.19041-SP0)
    method: GET
    uri: https://fake_url.azurecr.io/acr/v1/_catalog?last=repofeb4143e&n=2&orderby=
  response:
    body:
      string: '{"repositories": ["to_be_deleted"]}'
    headers:
      access-control-expose-headers: X-Ms-Correlation-Request-Id
      connection: keep-alive
      content-length: '35'
      content-type: application/json; charset=utf-8
      date: Fri, 18 Jun 2021 20:16:22 GMT
      docker-distribution-api-version: registry/2.0
      server: openresty
      strict-transport-security: max-age=31536000; includeSubDomains
      x-content-type-options: nosniff
    status:
      code: 200
      message: OK
    url: https://seankaneanon.azurecr.io/acr/v1/_catalog?last=repofeb4143e&n=2&orderby=
version: 1
