interactions:
- request:
    body: null
    headers:
      Accept:
      - application/json
      User-Agent:
      - azsdk-python-azure-containerregistry/1.0.0b1 Python/3.9.0rc1 (Windows-10-10.0.19041-SP0)
    method: DELETE
    uri: https://fake_url.azurecr.io/acr/v1/not_real_repo
  response:
    body:
      string: '{"errors": [{"code": "UNAUTHORIZED", "message": "authentication required,
        visit https://aka.ms/acr/authorization for more information.", "detail": [{"Type":
        "repository", "Name": "not_real_repo", "Action": "delete"}]}]}'
    headers:
      access-control-expose-headers: X-Ms-Correlation-Request-Id
      connection: keep-alive
      content-length: '209'
      content-type: application/json; charset=utf-8
      date: Wed, 07 Apr 2021 12:50:05 GMT
      docker-distribution-api-version: registry/2.0
      server: openresty
      strict-transport-security: max-age=31536000; includeSubDomains
      www-authenticate: Bearer realm="https://fake_url.azurecr.io/oauth2/token",service="fake_url.azurecr.io",scope="fake_scope",error="invalid_token"
      x-content-type-options: nosniff
    status:
      code: 401
      message: Unauthorized
    url: https://fake_url.azurecr.io/acr/v1/not_real_repo
- request:
    body:
      access_token: REDACTED
      grant_type: access_token
      service: fake_url.azurecr.io
    headers:
      Accept:
      - application/json
      User-Agent:
      - azsdk-python-azure-containerregistry/1.0.0b1 Python/3.9.0rc1 (Windows-10-10.0.19041-SP0)
    method: POST
    uri: https://fake_url.azurecr.io/oauth2/exchange
  response:
    body:
      string: '{"refresh_token": "REDACTED"}'
    headers:
      connection: keep-alive
      content-type: application/json; charset=utf-8
      date: Wed, 07 Apr 2021 12:50:07 GMT
      server: openresty
      strict-transport-security: max-age=31536000; includeSubDomains
      transfer-encoding: chunked
      x-ms-ratelimit-remaining-calls-per-second: '333'
    status:
      code: 200
      message: OK
    url: https://fake_url.azurecr.io/oauth2/exchange
- request:
    body:
      grant_type: refresh_token
      refresh_token: REDACTED
      scope: repository:not_real_repo:delete
      service: fake_url.azurecr.io
    headers:
      Accept:
      - application/json
      User-Agent:
      - azsdk-python-azure-containerregistry/1.0.0b1 Python/3.9.0rc1 (Windows-10-10.0.19041-SP0)
    method: POST
    uri: https://fake_url.azurecr.io/oauth2/token
  response:
    body:
      string: '{"access_token": "REDACTED"}'
    headers:
      connection: keep-alive
      content-type: application/json; charset=utf-8
      date: Wed, 07 Apr 2021 12:50:07 GMT
      server: openresty
      strict-transport-security: max-age=31536000; includeSubDomains
      transfer-encoding: chunked
      x-ms-ratelimit-remaining-calls-per-second: '332.75'
    status:
      code: 200
      message: OK
    url: https://fake_url.azurecr.io/oauth2/token
- request:
    body: null
    headers:
      Accept:
      - application/json
      User-Agent:
      - azsdk-python-azure-containerregistry/1.0.0b1 Python/3.9.0rc1 (Windows-10-10.0.19041-SP0)
    method: DELETE
    uri: https://fake_url.azurecr.io/acr/v1/not_real_repo
  response:
    body:
      string: '{"errors": [{"code": "NAME_UNKNOWN", "message": "repository name not
        known to registry", "detail": {"name": "not_real_repo"}}]}'
    headers:
      access-control-expose-headers: X-Ms-Correlation-Request-Id
      connection: keep-alive
      content-length: '121'
      content-type: application/json; charset=utf-8
      date: Wed, 07 Apr 2021 12:50:07 GMT
      docker-distribution-api-version: registry/2.0
      server: openresty
      strict-transport-security: max-age=31536000; includeSubDomains
      x-content-type-options: nosniff
      x-ms-ratelimit-remaining-calls-per-second: '32.000000'
    status:
      code: 404
      message: Not Found
    url: https://fake_url.azurecr.io/acr/v1/not_real_repo
version: 1
