interactions:
- request:
    body: null
    headers:
      Accept:
      - application/json
      Accept-Encoding:
      - gzip, deflate
      Connection:
      - keep-alive
      User-Agent:
      - azsdk-python-azure-containerregistry/1.0.0b3 Python/3.9.0rc1 (Windows-10-10.0.19041-SP0)
    method: GET
    uri: https://fake_url.azurecr.io/acr/v1/library%2Fhello-world/_tags
  response:
    body:
      string: '{"errors": [{"code": "UNAUTHORIZED", "message": "authentication required,
        visit https://aka.ms/acr/authorization for more information.", "detail": [{"Type":
        "repository", "Name": "library/hello-world", "Action": "metadata_read"}]}]}'
    headers:
      access-control-expose-headers:
      - Docker-Content-Digest
      - WWW-Authenticate
      - Link
      - X-Ms-Correlation-Request-Id
      connection:
      - keep-alive
      content-length:
      - '222'
      content-type:
      - application/json; charset=utf-8
      date:
      - Wed, 19 May 2021 21:19:24 GMT
      docker-distribution-api-version:
      - registry/2.0
      server:
      - openresty
      strict-transport-security:
      - max-age=31536000; includeSubDomains
      - max-age=31536000; includeSubDomains
      www-authenticate:
      - Bearer realm="https://fake_url.azurecr.io/oauth2/token",service="fake_url.azurecr.io",scope="fake_scope",error="invalid_token"
      x-content-type-options:
      - nosniff
    status:
      code: 401
      message: Unauthorized
- request:
    body: service=seankaneanon.azurecr.io&scope=repository%3Alibrary%2Fhello-world%3Ametadata_read&grant_type=password
    headers:
      Accept:
      - application/json
      Accept-Encoding:
      - gzip, deflate
      Connection:
      - keep-alive
      Content-Length:
      - '108'
      Content-Type:
      - application/x-www-form-urlencoded
      User-Agent:
      - azsdk-python-azure-containerregistry/1.0.0b3 Python/3.9.0rc1 (Windows-10-10.0.19041-SP0)
    method: POST
    uri: https://fake_url.azurecr.io/oauth2/token
  response:
    body:
      string: '{"access_token": "REDACTED"}'
    headers:
      connection:
      - keep-alive
      content-type:
      - application/json; charset=utf-8
      date:
      - Wed, 19 May 2021 21:19:24 GMT
      server:
      - openresty
      strict-transport-security:
      - max-age=31536000; includeSubDomains
      transfer-encoding:
      - chunked
      x-ms-ratelimit-remaining-calls-per-second:
      - '166.633333'
    status:
      code: 200
      message: OK
- request:
    body: null
    headers:
      Accept:
      - application/json
      Accept-Encoding:
      - gzip, deflate
      Connection:
      - keep-alive
      User-Agent:
      - azsdk-python-azure-containerregistry/1.0.0b3 Python/3.9.0rc1 (Windows-10-10.0.19041-SP0)
    method: GET
    uri: https://fake_url.azurecr.io/acr/v1/library%2Fhello-world/_tags
  response:
    body:
      string: '{"registry": "fake_url.azurecr.io", "imageName": "library/hello-world",
        "tags": [{"name": "latest", "digest": "sha256:5122f6204b6a3596e048758cabba3c46b1c937a46b5be6225b835d091b90e46c",
        "createdTime": "2021-05-11T21:17:46.0365675Z", "lastUpdateTime": "2021-05-13T16:00:26.9280451Z",
        "signed": false, "changeableAttributes": {"deleteEnabled": true, "writeEnabled":
        true, "readEnabled": true, "listEnabled": true}}, {"name": "v1", "digest":
        "sha256:5122f6204b6a3596e048758cabba3c46b1c937a46b5be6225b835d091b90e46c",
        "createdTime": "2021-05-11T21:17:48.0232569Z", "lastUpdateTime": "2021-05-13T16:00:27.4936591Z",
        "signed": false, "changeableAttributes": {"deleteEnabled": true, "writeEnabled":
        true, "readEnabled": true, "listEnabled": true}}, {"name": "v2", "digest":
        "sha256:5122f6204b6a3596e048758cabba3c46b1c937a46b5be6225b835d091b90e46c",
        "createdTime": "2021-05-11T21:17:47.2166815Z", "lastUpdateTime": "2021-05-13T16:00:27.2638444Z",
        "signed": false, "changeableAttributes": {"deleteEnabled": true, "writeEnabled":
        true, "readEnabled": true, "listEnabled": true}}, {"name": "v3", "digest":
        "sha256:5122f6204b6a3596e048758cabba3c46b1c937a46b5be6225b835d091b90e46c",
        "createdTime": "2021-05-11T21:17:48.5358052Z", "lastUpdateTime": "2021-05-13T16:00:27.4270294Z",
        "signed": false, "changeableAttributes": {"deleteEnabled": true, "writeEnabled":
        true, "readEnabled": true, "listEnabled": true}}, {"name": "v4", "digest":
        "sha256:5122f6204b6a3596e048758cabba3c46b1c937a46b5be6225b835d091b90e46c",
        "createdTime": "2021-05-11T21:17:48.2377521Z", "lastUpdateTime": "2021-05-13T16:00:28.033089Z",
        "signed": false, "changeableAttributes": {"deleteEnabled": true, "writeEnabled":
        true, "readEnabled": true, "listEnabled": true}}]}'
    headers:
      access-control-expose-headers:
      - Docker-Content-Digest
      - WWW-Authenticate
      - Link
      - X-Ms-Correlation-Request-Id
      connection:
      - keep-alive
      content-length:
      - '1630'
      content-type:
      - application/json; charset=utf-8
      date:
      - Wed, 19 May 2021 21:19:24 GMT
      docker-distribution-api-version:
      - registry/2.0
      server:
      - openresty
      strict-transport-security:
      - max-age=31536000; includeSubDomains
      - max-age=31536000; includeSubDomains
      x-content-type-options:
      - nosniff
    status:
      code: 200
      message: OK
version: 1
