interactions:
- request:
    body: null
    headers:
      Accept:
      - application/json
      Accept-Encoding:
      - gzip, deflate
      Connection:
      - keep-alive
      Content-Length:
      - '0'
      User-Agent:
      - azsdk-python-azure-containerregistry/1.0.0b5 Python/3.9.2 (Windows-10-10.0.19041-SP0)
    method: DELETE
    uri: https://fake_url.azurecr.io/acr/v1/to_be_deleted
  response:
    body:
      string: '{"errors": [{"code": "UNAUTHORIZED", "message": "authentication required,
        visit https://aka.ms/acr/authorization for more information.", "detail": [{"Type":
        "repository", "Name": "to_be_deleted", "Action": "delete"}]}]}'
    headers:
      access-control-expose-headers:
      - Docker-Content-Digest
      - WWW-Authenticate
      - Link
      - X-Ms-Correlation-Request-Id
      connection:
      - keep-alive
      content-length:
      - '209'
      content-type:
      - application/json; charset=utf-8
      date:
      - Tue, 17 Aug 2021 18:08:34 GMT
      docker-distribution-api-version:
      - registry/2.0
      server:
      - openresty
      strict-transport-security:
      - max-age=31536000; includeSubDomains
      - max-age=31536000; includeSubDomains
      www-authenticate:
      - Bearer realm="https://fake_url.azurecr.io/oauth2/token",service="fake_url.azurecr.io",scope="fake_scope",error="invalid_token"
      x-content-type-options:
      - nosniff
    status:
      code: 401
      message: Unauthorized
- request:
    body: grant_type=access_token&service=fake_url.azurecr.io&access_token=REDACTED
    headers:
      Accept:
      - application/json
      Accept-Encoding:
      - gzip, deflate
      Connection:
      - keep-alive
      Content-Length:
      - '1347'
      Content-Type:
      - application/x-www-form-urlencoded
      User-Agent:
      - azsdk-python-azure-containerregistry/1.0.0b5 Python/3.9.2 (Windows-10-10.0.19041-SP0)
    method: POST
    uri: https://fake_url.azurecr.io/oauth2/exchange
  response:
    body:
      string: '{"refresh_token": "REDACTED"}'
    headers:
      connection:
      - keep-alive
      content-type:
      - application/json; charset=utf-8
      date:
      - Tue, 17 Aug 2021 18:08:34 GMT
      server:
      - openresty
      strict-transport-security:
      - max-age=31536000; includeSubDomains
      transfer-encoding:
      - chunked
      x-ms-ratelimit-remaining-calls-per-second:
      - '166.35'
    status:
      code: 200
      message: OK
- request:
    body: service=fake_url.azurecr.io&scope=repository%3Ato_be_deleted%3Adelete&refresh_token=REDACTED&grant_type=refresh_token
    headers:
      Accept:
      - application/json
      Accept-Encoding:
      - gzip, deflate
      Connection:
      - keep-alive
      Content-Length:
      - '1146'
      Content-Type:
      - application/x-www-form-urlencoded
      User-Agent:
      - azsdk-python-azure-containerregistry/1.0.0b5 Python/3.9.2 (Windows-10-10.0.19041-SP0)
    method: POST
    uri: https://fake_url.azurecr.io/oauth2/token
  response:
    body:
      string: '{"access_token": "REDACTED"}'
    headers:
      connection:
      - keep-alive
      content-type:
      - application/json; charset=utf-8
      date:
      - Tue, 17 Aug 2021 18:08:35 GMT
      server:
      - openresty
      strict-transport-security:
      - max-age=31536000; includeSubDomains
      transfer-encoding:
      - chunked
      x-ms-ratelimit-remaining-calls-per-second:
      - '166.333333'
    status:
      code: 200
      message: OK
- request:
    body: null
    headers:
      Accept:
      - application/json
      Accept-Encoding:
      - gzip, deflate
      Connection:
      - keep-alive
      Content-Length:
      - '0'
      User-Agent:
      - azsdk-python-azure-containerregistry/1.0.0b5 Python/3.9.2 (Windows-10-10.0.19041-SP0)
    method: DELETE
    uri: https://fake_url.azurecr.io/acr/v1/to_be_deleted
  response:
    body:
      string: '{"manifestsDeleted": ["sha256:0fe98d7debd9049c50b597ef1f85b7c1e8cc81f59c8d623fcb2250e8bec85b38",
        "sha256:1b26826f602946860c279fce658f31050cff2c596583af237d971f4629b57792",
        "sha256:3e7d74d1c66c8f7dd5384f49bf0f8ab3e18e81e8d2a79218ed777c534b446552",
        "sha256:58d91e6625a0ea837222f24da4ca00be9da3db45cee5b172135eaf271610f9eb",
        "sha256:6d9fcdca25452c9a255f02c7d67eb28e8afbba2671f1e8f60b3b3585b7bdf172",
        "sha256:88b2e00179bd6c4064612403c8d42a13de7ca809d61fee966ce9e129860a8a90",
        "sha256:94b700b6ae5759e539e06fa6d483f5f0174067945f180cc1362cfda71c5fd722",
        "sha256:a10c347f4cc2924af832d319635d6d027ca8820ff683b6bcc728d825a37a7f69",
        "sha256:b89e28f1d57f44064e96c4525e514f6f0498a433b83413538f79f82566d72114",
        "sha256:cb55d8f7347376e1ba38ca740904b43c9a52f66c7d2ae1ef1a0de1bc9f40df98",
        "sha256:e70692d3144e0ddb23e2ecf72d4b78f1e9ffcb32a9c863b98a35d43adfb42ad8"],
        "tagsDeleted": ["latest"]}'
    headers:
      access-control-expose-headers:
      - Docker-Content-Digest
      - WWW-Authenticate
      - Link
      - X-Ms-Correlation-Request-Id
      connection:
      - keep-alive
      content-length:
      - '862'
      content-type:
      - application/json; charset=utf-8
      date:
      - Tue, 17 Aug 2021 18:08:36 GMT
      docker-distribution-api-version:
      - registry/2.0
      server:
      - openresty
      strict-transport-security:
      - max-age=31536000; includeSubDomains
      - max-age=31536000; includeSubDomains
      x-content-type-options:
      - nosniff
      x-ms-ratelimit-remaining-calls-per-second:
      - '8.000000'
    status:
      code: 202
      message: Accepted
- request:
    body: null
    headers:
      Accept:
      - application/json
      Accept-Encoding:
      - gzip, deflate
      Connection:
      - keep-alive
      User-Agent:
      - azsdk-python-azure-containerregistry/1.0.0b5 Python/3.9.2 (Windows-10-10.0.19041-SP0)
    method: GET
    uri: https://fake_url.azurecr.io/acr/v1/_catalog
  response:
    body:
      string: '{"errors": [{"code": "UNAUTHORIZED", "message": "authentication required,
        visit https://aka.ms/acr/authorization for more information.", "detail": [{"Type":
        "registry", "Name": "catalog", "Action": "*"}]}]}'
    headers:
      access-control-expose-headers:
      - Docker-Content-Digest
      - WWW-Authenticate
      - Link
      - X-Ms-Correlation-Request-Id
      connection:
      - keep-alive
      content-length:
      - '196'
      content-type:
      - application/json; charset=utf-8
      date:
      - Tue, 17 Aug 2021 18:08:36 GMT
      docker-distribution-api-version:
      - registry/2.0
      server:
      - openresty
      strict-transport-security:
      - max-age=31536000; includeSubDomains
      - max-age=31536000; includeSubDomains
      www-authenticate:
      - Bearer realm="https://fake_url.azurecr.io/oauth2/token",service="fake_url.azurecr.io",scope="fake_scope",error="invalid_token"
      x-content-type-options:
      - nosniff
    status:
      code: 401
      message: Unauthorized
- request:
    body: grant_type=access_token&service=fake_url.azurecr.io&access_token=REDACTED
    headers:
      Accept:
      - application/json
      Accept-Encoding:
      - gzip, deflate
      Connection:
      - keep-alive
      Content-Length:
      - '1347'
      Content-Type:
      - application/x-www-form-urlencoded
      User-Agent:
      - azsdk-python-azure-containerregistry/1.0.0b5 Python/3.9.2 (Windows-10-10.0.19041-SP0)
    method: POST
    uri: https://fake_url.azurecr.io/oauth2/exchange
  response:
    body:
      string: '{"refresh_token": "REDACTED"}'
    headers:
      connection:
      - keep-alive
      content-type:
      - application/json; charset=utf-8
      date:
      - Tue, 17 Aug 2021 18:08:36 GMT
      server:
      - openresty
      strict-transport-security:
      - max-age=31536000; includeSubDomains
      transfer-encoding:
      - chunked
      x-ms-ratelimit-remaining-calls-per-second:
      - '166.316667'
    status:
      code: 200
      message: OK
- request:
    body: service=fake_url.azurecr.io&scope=registry%3Acatalog%3A%2A&refresh_token=REDACTED&grant_type=refresh_token
    headers:
      Accept:
      - application/json
      Accept-Encoding:
      - gzip, deflate
      Connection:
      - keep-alive
      Content-Length:
      - '1135'
      Content-Type:
      - application/x-www-form-urlencoded
      User-Agent:
      - azsdk-python-azure-containerregistry/1.0.0b5 Python/3.9.2 (Windows-10-10.0.19041-SP0)
    method: POST
    uri: https://fake_url.azurecr.io/oauth2/token
  response:
    body:
      string: '{"access_token": "REDACTED"}'
    headers:
      connection:
      - keep-alive
      content-type:
      - application/json; charset=utf-8
      date:
      - Tue, 17 Aug 2021 18:08:36 GMT
      server:
      - openresty
      strict-transport-security:
      - max-age=31536000; includeSubDomains
      transfer-encoding:
      - chunked
      x-ms-ratelimit-remaining-calls-per-second:
      - '166.3'
    status:
      code: 200
      message: OK
- request:
    body: null
    headers:
      Accept:
      - application/json
      Accept-Encoding:
      - gzip, deflate
      Connection:
      - keep-alive
      User-Agent:
      - azsdk-python-azure-containerregistry/1.0.0b5 Python/3.9.2 (Windows-10-10.0.19041-SP0)
    method: GET
    uri: https://fake_url.azurecr.io/acr/v1/_catalog
  response:
    body:
      string: '{"repositories": ["library/alpine", "library/busybox", "library/hello-world",
        "repo26ab150f", "repo93d41b55"]}'
    headers:
      access-control-expose-headers:
      - Docker-Content-Digest
      - WWW-Authenticate
      - Link
      - X-Ms-Correlation-Request-Id
      connection:
      - keep-alive
      content-length:
      - '106'
      content-type:
      - application/json; charset=utf-8
      date:
      - Tue, 17 Aug 2021 18:08:36 GMT
      docker-distribution-api-version:
      - registry/2.0
      server:
      - openresty
      strict-transport-security:
      - max-age=31536000; includeSubDomains
      - max-age=31536000; includeSubDomains
      x-content-type-options:
      - nosniff
    status:
      code: 200
      message: OK
version: 1
