{
  "Entries": [
    {
      "RequestUri": "https://fake_url.azurecr.io/v2/repo1a584132/blobs/uploads/",
      "RequestMethod": "POST",
      "RequestHeaders": {
        "Accept": "application/json",
        "Accept-Encoding": "gzip, deflate",
        "Connection": "keep-alive",
        "Content-Length": "0",
        "User-Agent": "azsdk-python-azure-containerregistry/1.1.0b2 Python/3.9.2 (Windows-10-10.0.22000-SP0)"
      },
      "RequestBody": null,
      "StatusCode": 401,
      "ResponseHeaders": {
        "Access-Control-Expose-Headers": [
          "Docker-Content-Digest",
          "WWW-Authenticate",
          "Link",
          "X-Ms-Correlation-Request-Id"
        ],
        "Connection": "keep-alive",
        "Content-Length": "266",
        "Content-Type": "application/json; charset=utf-8",
        "Date": "Fri, 08 Jul 2022 22:50:47 GMT",
        "Docker-Distribution-Api-Version": "registry/2.0",
        "Server": "openresty",
        "Strict-Transport-Security": [
          "max-age=31536000; includeSubDomains",
          "max-age=31536000; includeSubDomains"
        ],
        "WWW-Authenticate": "Bearer realm=\u0022https://fake_url.azurecr.io/oauth2/token\u0022,service=\u0022yallacrtests.azurecr.io\u0022,scope=\u0022repository:repo1a584132:pull,push\u0022",
        "X-Content-Type-Options": "nosniff",
        "X-Ms-Correlation-Request-Id": "f6f32dc3-7435-47bd-aeef-dd6f91b2c440"
      },
      "ResponseBody": {
        "errors": [
          {
            "code": "UNAUTHORIZED",
            "message": "authentication required, visit https://aka.ms/acr/authorization for more information.",
            "detail": [
              {
                "Type": "repository",
                "Name": "repo1a584132",
                "Action": "pull"
              },
              {
                "Type": "repository",
                "Name": "repo1a584132",
                "Action": "push"
              }
            ]
          }
        ]
      }
    },
    {
      "RequestUri": "https://login.microsoftonline.com/72f988bf-86f1-41af-91ab-2d7cd011db47/v2.0/.well-known/openid-configuration",
      "RequestMethod": "GET",
      "RequestHeaders": {
        "Accept": "*/*",
        "Accept-Encoding": "gzip, deflate",
        "Connection": "keep-alive",
        "User-Agent": "azsdk-python-identity/1.10.0 Python/3.9.2 (Windows-10-10.0.22000-SP0)"
      },
      "RequestBody": null,
      "StatusCode": 200,
      "ResponseHeaders": {
        "Access-Control-Allow-Methods": "GET, OPTIONS",
        "Access-Control-Allow-Origin": "*",
        "Cache-Control": "max-age=86400, private",
        "Content-Length": "1753",
        "Content-Type": "application/json; charset=utf-8",
        "Date": "Fri, 08 Jul 2022 22:50:47 GMT",
        "P3P": "CP=\u0022DSP CUR OTPi IND OTRi ONL FIN\u0022",
        "Set-Cookie": [
          "fpc=AoDheS4d7wlHn0IL5W86GMsfgndZFAAAAGCrWtoOAAAAjvjTdAsAAABkq1raDgAAAHh1SNABAAAAvata2g4AAAA; expires=Sun, 07-Aug-2022 22:50:47 GMT; path=/; secure; HttpOnly; SameSite=None",
          "x-ms-gateway-slice=estsfd; path=/; secure; samesite=none; httponly",
          "stsservicecookie=estsfd; path=/; secure; samesite=none; httponly"
        ],
        "Strict-Transport-Security": "max-age=31536000; includeSubDomains",
        "X-Content-Type-Options": "nosniff",
        "x-ms-ests-server": "2.1.13201.7 - EUS ProdSlices",
        "X-XSS-Protection": "0"
      },
      "ResponseBody": {
        "token_endpoint": "https://login.microsoftonline.com/72f988bf-86f1-41af-91ab-2d7cd011db47/oauth2/v2.0/token",
        "token_endpoint_auth_methods_supported": [
          "client_secret_post",
          "private_key_jwt",
          "client_secret_basic"
        ],
        "jwks_uri": "https://login.microsoftonline.com/72f988bf-86f1-41af-91ab-2d7cd011db47/discovery/v2.0/keys",
        "response_modes_supported": [
          "query",
          "fragment",
          "form_post"
        ],
        "subject_types_supported": [
          "pairwise"
        ],
        "id_token_signing_alg_values_supported": [
          "RS256"
        ],
        "response_types_supported": [
          "code",
          "id_token",
          "code id_token",
          "id_token token"
        ],
        "scopes_supported": [
          "openid",
          "profile",
          "email",
          "offline_access"
        ],
        "issuer": "https://login.microsoftonline.com/72f988bf-86f1-41af-91ab-2d7cd011db47/v2.0",
        "request_uri_parameter_supported": false,
        "userinfo_endpoint": "https://graph.microsoft.com/oidc/userinfo",
        "authorization_endpoint": "https://login.microsoftonline.com/72f988bf-86f1-41af-91ab-2d7cd011db47/oauth2/v2.0/authorize",
        "device_authorization_endpoint": "https://login.microsoftonline.com/72f988bf-86f1-41af-91ab-2d7cd011db47/oauth2/v2.0/devicecode",
        "http_logout_supported": true,
        "frontchannel_logout_supported": true,
        "end_session_endpoint": "https://login.microsoftonline.com/72f988bf-86f1-41af-91ab-2d7cd011db47/oauth2/v2.0/logout",
        "claims_supported": [
          "sub",
          "iss",
          "cloud_instance_name",
          "cloud_instance_host_name",
          "cloud_graph_host_name",
          "msgraph_host",
          "aud",
          "exp",
          "iat",
          "auth_time",
          "acr",
          "nonce",
          "preferred_username",
          "name",
          "tid",
          "ver",
          "at_hash",
          "c_hash",
          "email"
        ],
        "kerberos_endpoint": "https://login.microsoftonline.com/72f988bf-86f1-41af-91ab-2d7cd011db47/kerberos",
        "tenant_region_scope": "WW",
        "cloud_instance_name": "microsoftonline.com",
        "cloud_graph_host_name": "graph.windows.net",
        "msgraph_host": "graph.microsoft.com",
        "rbac_url": "https://pas.windows.net"
      }
    },
    {
      "RequestUri": "https://login.microsoftonline.com/common/discovery/instance?api-version=1.1\u0026authorization_endpoint=https://login.microsoftonline.com/common/oauth2/authorize",
      "RequestMethod": "GET",
      "RequestHeaders": {
        "Accept": "application/json",
        "Accept-Encoding": "gzip, deflate",
        "Connection": "keep-alive",
        "Cookie": "fpc=AoDheS4d7wlHn0IL5W86GMsfgndZFAAAAGCrWtoOAAAAjvjTdAsAAABkq1raDgAAAHh1SNABAAAAvata2g4AAAA; stsservicecookie=estsfd; x-ms-gateway-slice=estsfd",
        "User-Agent": "azsdk-python-identity/1.10.0 Python/3.9.2 (Windows-10-10.0.22000-SP0)"
      },
      "RequestBody": null,
      "StatusCode": 200,
      "ResponseHeaders": {
        "Access-Control-Allow-Methods": "GET, OPTIONS",
        "Access-Control-Allow-Origin": "*",
        "Cache-Control": "max-age=86400, private",
        "Content-Length": "945",
        "Content-Type": "application/json; charset=utf-8",
        "Date": "Fri, 08 Jul 2022 22:50:47 GMT",
        "P3P": "CP=\u0022DSP CUR OTPi IND OTRi ONL FIN\u0022",
        "Set-Cookie": [
          "fpc=AoDheS4d7wlHn0IL5W86GMsfgndZFAAAAGCrWtoOAAAAjvjTdAsAAABkq1raDgAAAHh1SNABAAAAvata2g4AAAA; expires=Sun, 07-Aug-2022 22:50:48 GMT; path=/; secure; HttpOnly; SameSite=None",
          "x-ms-gateway-slice=estsfd; path=/; secure; samesite=none; httponly",
          "stsservicecookie=estsfd; path=/; secure; samesite=none; httponly"
        ],
        "Strict-Transport-Security": "max-age=31536000; includeSubDomains",
        "X-Content-Type-Options": "nosniff",
        "x-ms-ests-server": "2.1.13201.7 - NCUS ProdSlices",
        "X-XSS-Protection": "0"
      },
      "ResponseBody": {
        "tenant_discovery_endpoint": "https://login.microsoftonline.com/common/.well-known/openid-configuration",
        "api-version": "1.1",
        "metadata": [
          {
            "preferred_network": "login.microsoftonline.com",
            "preferred_cache": "login.windows.net",
            "aliases": [
              "login.microsoftonline.com",
              "login.windows.net",
              "login.microsoft.com",
              "sts.windows.net"
            ]
          },
          {
            "preferred_network": "login.partner.microsoftonline.cn",
            "preferred_cache": "login.partner.microsoftonline.cn",
            "aliases": [
              "login.partner.microsoftonline.cn",
              "login.chinacloudapi.cn"
            ]
          },
          {
            "preferred_network": "login.microsoftonline.de",
            "preferred_cache": "login.microsoftonline.de",
            "aliases": [
              "login.microsoftonline.de"
            ]
          },
          {
            "preferred_network": "login.microsoftonline.us",
            "preferred_cache": "login.microsoftonline.us",
            "aliases": [
              "login.microsoftonline.us",
              "login.usgovcloudapi.net"
            ]
          },
          {
            "preferred_network": "login-us.microsoftonline.com",
            "preferred_cache": "login-us.microsoftonline.com",
            "aliases": [
              "login-us.microsoftonline.com"
            ]
          }
        ]
      }
    },
    {
      "RequestUri": "https://login.microsoftonline.com/72f988bf-86f1-41af-91ab-2d7cd011db47/oauth2/v2.0/token",
      "RequestMethod": "POST",
      "RequestHeaders": {
        "Accept": "application/json",
        "Accept-Encoding": "gzip, deflate",
        "client-request-id": "8f84c072-9df5-42e9-b624-c19b03014923",
        "Connection": "keep-alive",
        "Content-Length": "238",
        "Content-Type": "application/x-www-form-urlencoded",
        "Cookie": "fpc=AoDheS4d7wlHn0IL5W86GMsfgndZFAAAAGCrWtoOAAAAjvjTdAsAAABkq1raDgAAAHh1SNABAAAAvata2g4AAAA; stsservicecookie=estsfd; x-ms-gateway-slice=estsfd",
        "User-Agent": "azsdk-python-identity/1.10.0 Python/3.9.2 (Windows-10-10.0.22000-SP0)",
        "x-client-cpu": "x64",
        "x-client-current-telemetry": "4|730,0|",
        "x-client-last-telemetry": "4|0|||",
        "x-client-os": "win32",
        "x-client-sku": "MSAL.Python",
        "x-client-ver": "1.14.0",
        "x-ms-lib-capability": "retry-after, h429"
      },
      "RequestBody": "client_id=client-id\u0026grant_type=client_credentials\u0026client_info=1\u0026client_secret=client-secret\u0026claims=%7B%22access_token%22%3A\u002B%7B%22xms_cc%22%3A\u002B%7B%22values%22%3A\u002B%5B%22CP1%22%5D%7D%7D%7D\u0026scope=https%3A%2F%2Fmanagement.azure.com%2F.default",
      "StatusCode": 200,
      "ResponseHeaders": {
        "Cache-Control": "no-store, no-cache",
        "client-request-id": "8f84c072-9df5-42e9-b624-c19b03014923",
        "Content-Length": "114",
        "Content-Type": "application/json; charset=utf-8",
        "Date": "Fri, 08 Jul 2022 22:50:47 GMT",
        "Expires": "-1",
        "P3P": "CP=\u0022DSP CUR OTPi IND OTRi ONL FIN\u0022",
        "Pragma": "no-cache",
        "Set-Cookie": [
          "fpc=AoDheS4d7wlHn0IL5W86GMsfgndZFAAAAGCrWtoOAAAAjvjTdAsAAABkq1raDgAAAHh1SNABAAAAvata2g4AAAA; expires=Sun, 07-Aug-2022 22:50:48 GMT; path=/; secure; HttpOnly; SameSite=None",
          "x-ms-gateway-slice=estsfd; path=/; secure; samesite=none; httponly",
          "stsservicecookie=estsfd; path=/; secure; samesite=none; httponly"
        ],
        "Strict-Transport-Security": "max-age=31536000; includeSubDomains",
        "X-Content-Type-Options": "nosniff",
        "x-ms-clitelem": "1,0,0,,",
        "x-ms-ests-server": "2.1.13201.7 - NCUS ProdSlices",
        "X-XSS-Protection": "0"
      },
      "ResponseBody": {
        "token_type": "Bearer",
        "expires_in": 86399,
        "ext_expires_in": 86399,
        "refresh_in": 43199,
        "access_token": "access_token"
      }
    },
    {
      "RequestUri": "https://fake_url.azurecr.io/oauth2/exchange?api-version=2021-07-01",
      "RequestMethod": "POST",
      "RequestHeaders": {
        "Accept": "application/json",
        "Accept-Encoding": "gzip, deflate",
        "Connection": "keep-alive",
        "Content-Length": "81",
        "Content-Type": "application/x-www-form-urlencoded",
        "User-Agent": "azsdk-python-azure-containerregistry/1.1.0b2 Python/3.9.2 (Windows-10-10.0.22000-SP0)"
      },
      "RequestBody": "grant_type=access_token\u0026service=yallacrtests.azurecr.io\u0026access_token=access_token",
      "StatusCode": 200,
      "ResponseHeaders": {
        "Connection": "keep-alive",
        "Content-Type": "application/json; charset=utf-8",
        "Date": "Fri, 08 Jul 2022 22:50:48 GMT",
        "Server": "openresty",
        "Strict-Transport-Security": "max-age=31536000; includeSubDomains",
        "Transfer-Encoding": "chunked",
        "X-Ms-Correlation-Request-Id": "09c894c9-20df-441c-8390-73aec1843299",
        "x-ms-ratelimit-remaining-calls-per-second": "165.766667"
      },
      "ResponseBody": {
        "refresh_token": "refresh_token"
      }
    },
    {
      "RequestUri": "https://fake_url.azurecr.io/oauth2/token?api-version=2021-07-01",
      "RequestMethod": "POST",
      "RequestHeaders": {
        "Accept": "application/json",
        "Accept-Encoding": "gzip, deflate",
        "Connection": "keep-alive",
        "Content-Length": "130",
        "Content-Type": "application/x-www-form-urlencoded",
        "User-Agent": "azsdk-python-azure-containerregistry/1.1.0b2 Python/3.9.2 (Windows-10-10.0.22000-SP0)"
      },
      "RequestBody": "service=yallacrtests.azurecr.io\u0026scope=repository%3Arepo1a584132%3Apull%2Cpush\u0026refresh_token=refresh_token\u0026grant_type=refresh_token",
      "StatusCode": 200,
      "ResponseHeaders": {
        "Connection": "keep-alive",
        "Content-Type": "application/json; charset=utf-8",
        "Date": "Fri, 08 Jul 2022 22:50:48 GMT",
        "Server": "openresty",
        "Strict-Transport-Security": "max-age=31536000; includeSubDomains",
        "Transfer-Encoding": "chunked",
        "X-Ms-Correlation-Request-Id": "e5088e22-5999-4387-882c-dc3c857627c3",
        "x-ms-ratelimit-remaining-calls-per-second": "165.75"
      },
      "ResponseBody": {
        "access_token": "access_token"
      }
    },
    {
      "RequestUri": "https://fake_url.azurecr.io/v2/repo1a584132/blobs/uploads/",
      "RequestMethod": "POST",
      "RequestHeaders": {
        "Accept": "application/json",
        "Accept-Encoding": "gzip, deflate",
        "Connection": "keep-alive",
        "Content-Length": "0",
        "User-Agent": "azsdk-python-azure-containerregistry/1.1.0b2 Python/3.9.2 (Windows-10-10.0.22000-SP0)"
      },
      "RequestBody": null,
      "StatusCode": 202,
      "ResponseHeaders": {
        "Access-Control-Expose-Headers": [
          "Docker-Content-Digest",
          "WWW-Authenticate",
          "Link",
          "X-Ms-Correlation-Request-Id"
        ],
        "Connection": "keep-alive",
        "Content-Length": "0",
        "Date": "Fri, 08 Jul 2022 22:50:48 GMT",
        "Docker-Distribution-Api-Version": "registry/2.0",
        "Docker-Upload-Uuid": "901cf4fc-1f59-4d6f-9814-74bf9371b4cd",
        "Location": "/v2/repo1a584132/blobs/uploads/901cf4fc-1f59-4d6f-9814-74bf9371b4cd?_nouploadcache=false\u0026_state=yOZskRsmuLj8YvnjE4t96hbrs57m56mDhBcHdE7dvBR7Ik5hbWUiOiJyZXBvMWE1ODQxMzIiLCJVVUlEIjoiOTAxY2Y0ZmMtMWY1OS00ZDZmLTk4MTQtNzRiZjkzNzFiNGNkIiwiT2Zmc2V0IjowLCJTdGFydGVkQXQiOiIyMDIyLTA3LTA4VDIyOjUwOjQ4LjM2ODk0NDc2MVoifQ%3D%3D",
        "Range": "0-0",
        "Server": "openresty",
        "Strict-Transport-Security": [
          "max-age=31536000; includeSubDomains",
          "max-age=31536000; includeSubDomains"
        ],
        "X-Content-Type-Options": "nosniff",
        "X-Ms-Correlation-Request-Id": "af15a2be-3178-4172-a620-f88d5016cdca"
      },
      "ResponseBody": null
    },
    {
      "RequestUri": "https://fake_url.azurecr.io/v2/repo1a584132/blobs/uploads/901cf4fc-1f59-4d6f-9814-74bf9371b4cd?_nouploadcache=false\u0026_state=yOZskRsmuLj8YvnjE4t96hbrs57m56mDhBcHdE7dvBR7Ik5hbWUiOiJyZXBvMWE1ODQxMzIiLCJVVUlEIjoiOTAxY2Y0ZmMtMWY1OS00ZDZmLTk4MTQtNzRiZjkzNzFiNGNkIiwiT2Zmc2V0IjowLCJTdGFydGVkQXQiOiIyMDIyLTA3LTA4VDIyOjUwOjQ4LjM2ODk0NDc2MVoifQ%3D%3D",
      "RequestMethod": "PATCH",
      "RequestHeaders": {
        "Accept": "application/json",
        "Accept-Encoding": "gzip, deflate",
        "Connection": "keep-alive",
        "Content-Length": "171",
        "Content-Type": "application/octet-stream",
        "User-Agent": "azsdk-python-azure-containerregistry/1.1.0b2 Python/3.9.2 (Windows-10-10.0.22000-SP0)"
      },
      "RequestBody": "H4sIAAAAAAAA/\u002BzRwcrCMBAE4Dn/8L9DD551tulmn6dUq4VioUb06VUsORU8aRQx32VzSjYzi2bYt90WKZGkmU2T5HxOZ6lo6lTNPCjUUlFo0q2i4yHUI8hn75l/7kvE/lf1GLq2bsIynMOr37jn4b1/3L\u002BrYv9lWYkDxYkoireE\u002BOP9Xy87bNCjx4ACJwwY0WONf/x9erUsy7IsoVsAAAD//yO/fykACgAA",
      "StatusCode": 401,
      "ResponseHeaders": {
        "Access-Control-Expose-Headers": [
          "Docker-Content-Digest",
          "WWW-Authenticate",
          "Link",
          "X-Ms-Correlation-Request-Id"
        ],
        "Connection": "keep-alive",
        "Content-Length": "266",
        "Content-Type": "application/json; charset=utf-8",
        "Date": "Fri, 08 Jul 2022 22:50:48 GMT",
        "Docker-Distribution-Api-Version": "registry/2.0",
        "Server": "openresty",
        "Strict-Transport-Security": [
          "max-age=31536000; includeSubDomains",
          "max-age=31536000; includeSubDomains"
        ],
        "WWW-Authenticate": "Bearer realm=\u0022https://fake_url.azurecr.io/oauth2/token\u0022,service=\u0022yallacrtests.azurecr.io\u0022,scope=\u0022repository:repo1a584132:pull,push\u0022",
        "X-Content-Type-Options": "nosniff",
        "X-Ms-Correlation-Request-Id": "73d07a8a-be5d-4d63-85de-708aa9a27753"
      },
      "ResponseBody": {
        "errors": [
          {
            "code": "UNAUTHORIZED",
            "message": "authentication required, visit https://aka.ms/acr/authorization for more information.",
            "detail": [
              {
                "Type": "repository",
                "Name": "repo1a584132",
                "Action": "pull"
              },
              {
                "Type": "repository",
                "Name": "repo1a584132",
                "Action": "push"
              }
            ]
          }
        ]
      }
    },
    {
      "RequestUri": "https://fake_url.azurecr.io/oauth2/exchange?api-version=2021-07-01",
      "RequestMethod": "POST",
      "RequestHeaders": {
        "Accept": "application/json",
        "Accept-Encoding": "gzip, deflate",
        "Connection": "keep-alive",
        "Content-Length": "81",
        "Content-Type": "application/x-www-form-urlencoded",
        "User-Agent": "azsdk-python-azure-containerregistry/1.1.0b2 Python/3.9.2 (Windows-10-10.0.22000-SP0)"
      },
      "RequestBody": "grant_type=access_token\u0026service=yallacrtests.azurecr.io\u0026access_token=access_token",
      "StatusCode": 200,
      "ResponseHeaders": {
        "Connection": "keep-alive",
        "Content-Type": "application/json; charset=utf-8",
        "Date": "Fri, 08 Jul 2022 22:50:48 GMT",
        "Server": "openresty",
        "Strict-Transport-Security": "max-age=31536000; includeSubDomains",
        "Transfer-Encoding": "chunked",
        "X-Ms-Correlation-Request-Id": "9b91516f-9b49-44d4-9dc8-8fedd8a2ca3c",
        "x-ms-ratelimit-remaining-calls-per-second": "165.733333"
      },
      "ResponseBody": {
        "refresh_token": "refresh_token"
      }
    },
    {
      "RequestUri": "https://fake_url.azurecr.io/oauth2/token?api-version=2021-07-01",
      "RequestMethod": "POST",
      "RequestHeaders": {
        "Accept": "application/json",
        "Accept-Encoding": "gzip, deflate",
        "Connection": "keep-alive",
        "Content-Length": "130",
        "Content-Type": "application/x-www-form-urlencoded",
        "User-Agent": "azsdk-python-azure-containerregistry/1.1.0b2 Python/3.9.2 (Windows-10-10.0.22000-SP0)"
      },
      "RequestBody": "service=yallacrtests.azurecr.io\u0026scope=repository%3Arepo1a584132%3Apull%2Cpush\u0026refresh_token=refresh_token\u0026grant_type=refresh_token",
      "StatusCode": 200,
      "ResponseHeaders": {
        "Connection": "keep-alive",
        "Content-Type": "application/json; charset=utf-8",
        "Date": "Fri, 08 Jul 2022 22:50:48 GMT",
        "Server": "openresty",
        "Strict-Transport-Security": "max-age=31536000; includeSubDomains",
        "Transfer-Encoding": "chunked",
        "X-Ms-Correlation-Request-Id": "702ce117-78fb-4d82-b2ae-28b5e6184dad",
        "x-ms-ratelimit-remaining-calls-per-second": "165.716667"
      },
      "ResponseBody": {
        "access_token": "access_token"
      }
    },
    {
      "RequestUri": "https://fake_url.azurecr.io/v2/repo1a584132/blobs/uploads/901cf4fc-1f59-4d6f-9814-74bf9371b4cd?_nouploadcache=false\u0026_state=yOZskRsmuLj8YvnjE4t96hbrs57m56mDhBcHdE7dvBR7Ik5hbWUiOiJyZXBvMWE1ODQxMzIiLCJVVUlEIjoiOTAxY2Y0ZmMtMWY1OS00ZDZmLTk4MTQtNzRiZjkzNzFiNGNkIiwiT2Zmc2V0IjowLCJTdGFydGVkQXQiOiIyMDIyLTA3LTA4VDIyOjUwOjQ4LjM2ODk0NDc2MVoifQ%3D%3D",
      "RequestMethod": "PATCH",
      "RequestHeaders": {
        "Accept": "application/json",
        "Accept-Encoding": "gzip, deflate",
        "Connection": "keep-alive",
        "Content-Length": "171",
        "Content-Type": "application/octet-stream",
        "User-Agent": "azsdk-python-azure-containerregistry/1.1.0b2 Python/3.9.2 (Windows-10-10.0.22000-SP0)"
      },
      "RequestBody": "H4sIAAAAAAAA/\u002BzRwcrCMBAE4Dn/8L9DD551tulmn6dUq4VioUb06VUsORU8aRQx32VzSjYzi2bYt90WKZGkmU2T5HxOZ6lo6lTNPCjUUlFo0q2i4yHUI8hn75l/7kvE/lf1GLq2bsIynMOr37jn4b1/3L\u002BrYv9lWYkDxYkoireE\u002BOP9Xy87bNCjx4ACJwwY0WONf/x9erUsy7IsoVsAAAD//yO/fykACgAA",
      "StatusCode": 202,
      "ResponseHeaders": {
        "Access-Control-Expose-Headers": [
          "Docker-Content-Digest",
          "WWW-Authenticate",
          "Link",
          "X-Ms-Correlation-Request-Id"
        ],
        "Connection": "keep-alive",
        "Content-Length": "0",
        "Date": "Fri, 08 Jul 2022 22:50:48 GMT",
        "Docker-Distribution-Api-Version": "registry/2.0",
        "Docker-Upload-Uuid": "901cf4fc-1f59-4d6f-9814-74bf9371b4cd",
        "Location": "/v2/repo1a584132/blobs/uploads/901cf4fc-1f59-4d6f-9814-74bf9371b4cd?_nouploadcache=false\u0026_state=cbpvA384-pvhKvOTqqzuVsedMzIYjzSt2-ocI36ltxh7Ik5hbWUiOiJyZXBvMWE1ODQxMzIiLCJVVUlEIjoiOTAxY2Y0ZmMtMWY1OS00ZDZmLTk4MTQtNzRiZjkzNzFiNGNkIiwiT2Zmc2V0IjoxNzEsIlN0YXJ0ZWRBdCI6IjIwMjItMDctMDhUMjI6NTA6NDhaIn0%3D",
        "Range": "0-170",
        "Server": "openresty",
        "Strict-Transport-Security": [
          "max-age=31536000; includeSubDomains",
          "max-age=31536000; includeSubDomains"
        ],
        "X-Content-Type-Options": "nosniff",
        "X-Ms-Correlation-Request-Id": "a7e38413-c8e7-4f60-8edd-b0728e8d7184"
      },
      "ResponseBody": null
    },
    {
      "RequestUri": "https://fake_url.azurecr.io/v2/repo1a584132/blobs/uploads/901cf4fc-1f59-4d6f-9814-74bf9371b4cd?digest=sha256%3Ad25b42d3dbad5361ed2d909624d899e7254a822c9a632b582ebd3a44f9b0dbc8\u0026_nouploadcache=false\u0026_state=cbpvA384-pvhKvOTqqzuVsedMzIYjzSt2-ocI36ltxh7Ik5hbWUiOiJyZXBvMWE1ODQxMzIiLCJVVUlEIjoiOTAxY2Y0ZmMtMWY1OS00ZDZmLTk4MTQtNzRiZjkzNzFiNGNkIiwiT2Zmc2V0IjoxNzEsIlN0YXJ0ZWRBdCI6IjIwMjItMDctMDhUMjI6NTA6NDhaIn0%3D",
      "RequestMethod": "PUT",
      "RequestHeaders": {
        "Accept": "application/json",
        "Accept-Encoding": "gzip, deflate",
        "Connection": "keep-alive",
        "Content-Length": "0",
        "Content-Type": "application/octet-stream",
        "User-Agent": "azsdk-python-azure-containerregistry/1.1.0b2 Python/3.9.2 (Windows-10-10.0.22000-SP0)"
      },
      "RequestBody": null,
      "StatusCode": 401,
      "ResponseHeaders": {
        "Access-Control-Expose-Headers": [
          "Docker-Content-Digest",
          "WWW-Authenticate",
          "Link",
          "X-Ms-Correlation-Request-Id"
        ],
        "Connection": "keep-alive",
        "Content-Length": "266",
        "Content-Type": "application/json; charset=utf-8",
        "Date": "Fri, 08 Jul 2022 22:50:48 GMT",
        "Docker-Distribution-Api-Version": "registry/2.0",
        "Server": "openresty",
        "Strict-Transport-Security": [
          "max-age=31536000; includeSubDomains",
          "max-age=31536000; includeSubDomains"
        ],
        "WWW-Authenticate": "Bearer realm=\u0022https://fake_url.azurecr.io/oauth2/token\u0022,service=\u0022yallacrtests.azurecr.io\u0022,scope=\u0022repository:repo1a584132:push,pull\u0022",
        "X-Content-Type-Options": "nosniff",
        "X-Ms-Correlation-Request-Id": "68a111d3-fde4-4a42-9424-b9babe37b76f"
      },
      "ResponseBody": {
        "errors": [
          {
            "code": "UNAUTHORIZED",
            "message": "authentication required, visit https://aka.ms/acr/authorization for more information.",
            "detail": [
              {
                "Type": "repository",
                "Name": "repo1a584132",
                "Action": "pull"
              },
              {
                "Type": "repository",
                "Name": "repo1a584132",
                "Action": "push"
              }
            ]
          }
        ]
      }
    },
    {
      "RequestUri": "https://fake_url.azurecr.io/oauth2/exchange?api-version=2021-07-01",
      "RequestMethod": "POST",
      "RequestHeaders": {
        "Accept": "application/json",
        "Accept-Encoding": "gzip, deflate",
        "Connection": "keep-alive",
        "Content-Length": "81",
        "Content-Type": "application/x-www-form-urlencoded",
        "User-Agent": "azsdk-python-azure-containerregistry/1.1.0b2 Python/3.9.2 (Windows-10-10.0.22000-SP0)"
      },
      "RequestBody": "grant_type=access_token\u0026service=yallacrtests.azurecr.io\u0026access_token=access_token",
      "StatusCode": 200,
      "ResponseHeaders": {
        "Connection": "keep-alive",
        "Content-Type": "application/json; charset=utf-8",
        "Date": "Fri, 08 Jul 2022 22:50:48 GMT",
        "Server": "openresty",
        "Strict-Transport-Security": "max-age=31536000; includeSubDomains",
        "Transfer-Encoding": "chunked",
        "X-Ms-Correlation-Request-Id": "1d4415af-636a-42bb-bd2d-ab11f79fc61d",
        "x-ms-ratelimit-remaining-calls-per-second": "165.7"
      },
      "ResponseBody": {
        "refresh_token": "refresh_token"
      }
    },
    {
      "RequestUri": "https://fake_url.azurecr.io/oauth2/token?api-version=2021-07-01",
      "RequestMethod": "POST",
      "RequestHeaders": {
        "Accept": "application/json",
        "Accept-Encoding": "gzip, deflate",
        "Connection": "keep-alive",
        "Content-Length": "130",
        "Content-Type": "application/x-www-form-urlencoded",
        "User-Agent": "azsdk-python-azure-containerregistry/1.1.0b2 Python/3.9.2 (Windows-10-10.0.22000-SP0)"
      },
      "RequestBody": "service=yallacrtests.azurecr.io\u0026scope=repository%3Arepo1a584132%3Apush%2Cpull\u0026refresh_token=refresh_token\u0026grant_type=refresh_token",
      "StatusCode": 200,
      "ResponseHeaders": {
        "Connection": "keep-alive",
        "Content-Type": "application/json; charset=utf-8",
        "Date": "Fri, 08 Jul 2022 22:50:48 GMT",
        "Server": "openresty",
        "Strict-Transport-Security": "max-age=31536000; includeSubDomains",
        "Transfer-Encoding": "chunked",
        "X-Ms-Correlation-Request-Id": "da375dd6-e4e1-45e3-a4f6-6df98fbe2948",
        "x-ms-ratelimit-remaining-calls-per-second": "165.683333"
      },
      "ResponseBody": {
        "access_token": "access_token"
      }
    },
    {
      "RequestUri": "https://fake_url.azurecr.io/v2/repo1a584132/blobs/uploads/901cf4fc-1f59-4d6f-9814-74bf9371b4cd?digest=sha256%3Ad25b42d3dbad5361ed2d909624d899e7254a822c9a632b582ebd3a44f9b0dbc8\u0026_nouploadcache=false\u0026_state=cbpvA384-pvhKvOTqqzuVsedMzIYjzSt2-ocI36ltxh7Ik5hbWUiOiJyZXBvMWE1ODQxMzIiLCJVVUlEIjoiOTAxY2Y0ZmMtMWY1OS00ZDZmLTk4MTQtNzRiZjkzNzFiNGNkIiwiT2Zmc2V0IjoxNzEsIlN0YXJ0ZWRBdCI6IjIwMjItMDctMDhUMjI6NTA6NDhaIn0%3D",
      "RequestMethod": "PUT",
      "RequestHeaders": {
        "Accept": "application/json",
        "Accept-Encoding": "gzip, deflate",
        "Connection": "keep-alive",
        "Content-Length": "0",
        "Content-Type": "application/octet-stream",
        "User-Agent": "azsdk-python-azure-containerregistry/1.1.0b2 Python/3.9.2 (Windows-10-10.0.22000-SP0)"
      },
      "RequestBody": null,
      "StatusCode": 201,
      "ResponseHeaders": {
        "Access-Control-Expose-Headers": [
          "Docker-Content-Digest",
          "WWW-Authenticate",
          "Link",
          "X-Ms-Correlation-Request-Id"
        ],
        "Connection": "keep-alive",
        "Content-Length": "0",
        "Date": "Fri, 08 Jul 2022 22:50:48 GMT",
        "Docker-Content-Digest": "sha256:d25b42d3dbad5361ed2d909624d899e7254a822c9a632b582ebd3a44f9b0dbc8",
        "Docker-Distribution-Api-Version": "registry/2.0",
        "Location": "/v2/repo1a584132/blobs/sha256:d25b42d3dbad5361ed2d909624d899e7254a822c9a632b582ebd3a44f9b0dbc8",
        "Server": "openresty",
        "Strict-Transport-Security": [
          "max-age=31536000; includeSubDomains",
          "max-age=31536000; includeSubDomains"
        ],
        "X-Content-Type-Options": "nosniff",
        "X-Ms-Correlation-Request-Id": "474e2128-0aae-4807-a7e3-acc37a545592"
      },
      "ResponseBody": null
    },
    {
      "RequestUri": "https://fake_url.azurecr.io/v2/repo1a584132/blobs/uploads/",
      "RequestMethod": "POST",
      "RequestHeaders": {
        "Accept": "application/json",
        "Accept-Encoding": "gzip, deflate",
        "Connection": "keep-alive",
        "Content-Length": "0",
        "User-Agent": "azsdk-python-azure-containerregistry/1.1.0b2 Python/3.9.2 (Windows-10-10.0.22000-SP0)"
      },
      "RequestBody": null,
      "StatusCode": 401,
      "ResponseHeaders": {
        "Access-Control-Expose-Headers": [
          "Docker-Content-Digest",
          "WWW-Authenticate",
          "Link",
          "X-Ms-Correlation-Request-Id"
        ],
        "Connection": "keep-alive",
        "Content-Length": "266",
        "Content-Type": "application/json; charset=utf-8",
        "Date": "Fri, 08 Jul 2022 22:50:48 GMT",
        "Docker-Distribution-Api-Version": "registry/2.0",
        "Server": "openresty",
        "Strict-Transport-Security": [
          "max-age=31536000; includeSubDomains",
          "max-age=31536000; includeSubDomains"
        ],
        "WWW-Authenticate": "Bearer realm=\u0022https://fake_url.azurecr.io/oauth2/token\u0022,service=\u0022yallacrtests.azurecr.io\u0022,scope=\u0022repository:repo1a584132:pull,push\u0022",
        "X-Content-Type-Options": "nosniff",
        "X-Ms-Correlation-Request-Id": "fd795fa1-9b26-4f38-8f7d-aec9d05c301f"
      },
      "ResponseBody": {
        "errors": [
          {
            "code": "UNAUTHORIZED",
            "message": "authentication required, visit https://aka.ms/acr/authorization for more information.",
            "detail": [
              {
                "Type": "repository",
                "Name": "repo1a584132",
                "Action": "pull"
              },
              {
                "Type": "repository",
                "Name": "repo1a584132",
                "Action": "push"
              }
            ]
          }
        ]
      }
    },
    {
      "RequestUri": "https://fake_url.azurecr.io/oauth2/exchange?api-version=2021-07-01",
      "RequestMethod": "POST",
      "RequestHeaders": {
        "Accept": "application/json",
        "Accept-Encoding": "gzip, deflate",
        "Connection": "keep-alive",
        "Content-Length": "81",
        "Content-Type": "application/x-www-form-urlencoded",
        "User-Agent": "azsdk-python-azure-containerregistry/1.1.0b2 Python/3.9.2 (Windows-10-10.0.22000-SP0)"
      },
      "RequestBody": "grant_type=access_token\u0026service=yallacrtests.azurecr.io\u0026access_token=access_token",
      "StatusCode": 200,
      "ResponseHeaders": {
        "Connection": "close",
        "Content-Type": "application/json; charset=utf-8",
        "Date": "Fri, 08 Jul 2022 22:50:48 GMT",
        "Server": "openresty",
        "Strict-Transport-Security": "max-age=31536000; includeSubDomains",
        "Transfer-Encoding": "chunked",
        "X-Ms-Correlation-Request-Id": "783c0275-f504-4f02-ae92-89caf1e5a238",
        "x-ms-ratelimit-remaining-calls-per-second": "165.666667"
      },
      "ResponseBody": {
        "refresh_token": "refresh_token"
      }
    },
    {
      "RequestUri": "https://fake_url.azurecr.io/oauth2/token?api-version=2021-07-01",
      "RequestMethod": "POST",
      "RequestHeaders": {
        "Accept": "application/json",
        "Accept-Encoding": "gzip, deflate",
        "Connection": "keep-alive",
        "Content-Length": "130",
        "Content-Type": "application/x-www-form-urlencoded",
        "User-Agent": "azsdk-python-azure-containerregistry/1.1.0b2 Python/3.9.2 (Windows-10-10.0.22000-SP0)"
      },
      "RequestBody": "service=yallacrtests.azurecr.io\u0026scope=repository%3Arepo1a584132%3Apull%2Cpush\u0026refresh_token=refresh_token\u0026grant_type=refresh_token",
      "StatusCode": 200,
      "ResponseHeaders": {
        "Connection": "keep-alive",
        "Content-Type": "application/json; charset=utf-8",
        "Date": "Fri, 08 Jul 2022 22:50:48 GMT",
        "Server": "openresty",
        "Strict-Transport-Security": "max-age=31536000; includeSubDomains",
        "Transfer-Encoding": "chunked",
        "X-Ms-Correlation-Request-Id": "9e428885-8aaf-4151-a3be-3444ec7f78fc",
        "x-ms-ratelimit-remaining-calls-per-second": "166.616667"
      },
      "ResponseBody": {
        "access_token": "access_token"
      }
    },
    {
      "RequestUri": "https://fake_url.azurecr.io/v2/repo1a584132/blobs/uploads/",
      "RequestMethod": "POST",
      "RequestHeaders": {
        "Accept": "application/json",
        "Accept-Encoding": "gzip, deflate",
        "Connection": "keep-alive",
        "Content-Length": "0",
        "User-Agent": "azsdk-python-azure-containerregistry/1.1.0b2 Python/3.9.2 (Windows-10-10.0.22000-SP0)"
      },
      "RequestBody": null,
      "StatusCode": 202,
      "ResponseHeaders": {
        "Access-Control-Expose-Headers": [
          "Docker-Content-Digest",
          "WWW-Authenticate",
          "Link",
          "X-Ms-Correlation-Request-Id"
        ],
        "Connection": "keep-alive",
        "Content-Length": "0",
        "Date": "Fri, 08 Jul 2022 22:50:49 GMT",
        "Docker-Distribution-Api-Version": "registry/2.0",
        "Docker-Upload-Uuid": "54ee341b-6926-4ea7-9aa9-fc8e939b47f4",
        "Location": "/v2/repo1a584132/blobs/uploads/54ee341b-6926-4ea7-9aa9-fc8e939b47f4?_nouploadcache=false\u0026_state=WkBEM9GU8NLU2Mt8wzzJP0NxucMuhnea7G2DZ7pjiNh7Ik5hbWUiOiJyZXBvMWE1ODQxMzIiLCJVVUlEIjoiNTRlZTM0MWItNjkyNi00ZWE3LTlhYTktZmM4ZTkzOWI0N2Y0IiwiT2Zmc2V0IjowLCJTdGFydGVkQXQiOiIyMDIyLTA3LTA4VDIyOjUwOjQ5LjAyODY1NjMwMloifQ%3D%3D",
        "Range": "0-0",
        "Server": "openresty",
        "Strict-Transport-Security": [
          "max-age=31536000; includeSubDomains",
          "max-age=31536000; includeSubDomains"
        ],
        "X-Content-Type-Options": "nosniff",
        "X-Ms-Correlation-Request-Id": "ca468948-f56b-454a-a288-5fe166cf80aa"
      },
      "ResponseBody": null
    },
    {
      "RequestUri": "https://fake_url.azurecr.io/v2/repo1a584132/blobs/uploads/54ee341b-6926-4ea7-9aa9-fc8e939b47f4?_nouploadcache=false\u0026_state=WkBEM9GU8NLU2Mt8wzzJP0NxucMuhnea7G2DZ7pjiNh7Ik5hbWUiOiJyZXBvMWE1ODQxMzIiLCJVVUlEIjoiNTRlZTM0MWItNjkyNi00ZWE3LTlhYTktZmM4ZTkzOWI0N2Y0IiwiT2Zmc2V0IjowLCJTdGFydGVkQXQiOiIyMDIyLTA3LTA4VDIyOjUwOjQ5LjAyODY1NjMwMloifQ%3D%3D",
      "RequestMethod": "PATCH",
      "RequestHeaders": {
        "Accept": "application/json",
        "Accept-Encoding": "gzip, deflate",
        "Connection": "keep-alive",
        "Content-Length": "28",
        "Content-Type": "application/octet-stream",
        "User-Agent": "azsdk-python-azure-containerregistry/1.1.0b2 Python/3.9.2 (Windows-10-10.0.22000-SP0)"
      },
      "RequestBody": "//5oAGUAbABsAG8AIAB3AG8AcgBsAGQADQAKAA==",
      "StatusCode": 401,
      "ResponseHeaders": {
        "Access-Control-Expose-Headers": [
          "Docker-Content-Digest",
          "WWW-Authenticate",
          "Link",
          "X-Ms-Correlation-Request-Id"
        ],
        "Connection": "keep-alive",
        "Content-Length": "266",
        "Content-Type": "application/json; charset=utf-8",
        "Date": "Fri, 08 Jul 2022 22:50:49 GMT",
        "Docker-Distribution-Api-Version": "registry/2.0",
        "Server": "openresty",
        "Strict-Transport-Security": [
          "max-age=31536000; includeSubDomains",
          "max-age=31536000; includeSubDomains"
        ],
        "WWW-Authenticate": "Bearer realm=\u0022https://fake_url.azurecr.io/oauth2/token\u0022,service=\u0022yallacrtests.azurecr.io\u0022,scope=\u0022repository:repo1a584132:push,pull\u0022",
        "X-Content-Type-Options": "nosniff",
        "X-Ms-Correlation-Request-Id": "939e166f-30b1-42dc-91d2-a33fc23fa16f"
      },
      "ResponseBody": {
        "errors": [
          {
            "code": "UNAUTHORIZED",
            "message": "authentication required, visit https://aka.ms/acr/authorization for more information.",
            "detail": [
              {
                "Type": "repository",
                "Name": "repo1a584132",
                "Action": "pull"
              },
              {
                "Type": "repository",
                "Name": "repo1a584132",
                "Action": "push"
              }
            ]
          }
        ]
      }
    },
    {
      "RequestUri": "https://fake_url.azurecr.io/oauth2/exchange?api-version=2021-07-01",
      "RequestMethod": "POST",
      "RequestHeaders": {
        "Accept": "application/json",
        "Accept-Encoding": "gzip, deflate",
        "Connection": "keep-alive",
        "Content-Length": "81",
        "Content-Type": "application/x-www-form-urlencoded",
        "User-Agent": "azsdk-python-azure-containerregistry/1.1.0b2 Python/3.9.2 (Windows-10-10.0.22000-SP0)"
      },
      "RequestBody": "grant_type=access_token\u0026service=yallacrtests.azurecr.io\u0026access_token=access_token",
      "StatusCode": 200,
      "ResponseHeaders": {
        "Connection": "keep-alive",
        "Content-Type": "application/json; charset=utf-8",
        "Date": "Fri, 08 Jul 2022 22:50:49 GMT",
        "Server": "openresty",
        "Strict-Transport-Security": "max-age=31536000; includeSubDomains",
        "Transfer-Encoding": "chunked",
        "X-Ms-Correlation-Request-Id": "0cbaab8c-7508-4221-a286-bcee5b7fb665",
        "x-ms-ratelimit-remaining-calls-per-second": "166.216667"
      },
      "ResponseBody": {
        "refresh_token": "refresh_token"
      }
    },
    {
      "RequestUri": "https://fake_url.azurecr.io/oauth2/token?api-version=2021-07-01",
      "RequestMethod": "POST",
      "RequestHeaders": {
        "Accept": "application/json",
        "Accept-Encoding": "gzip, deflate",
        "Connection": "keep-alive",
        "Content-Length": "130",
        "Content-Type": "application/x-www-form-urlencoded",
        "User-Agent": "azsdk-python-azure-containerregistry/1.1.0b2 Python/3.9.2 (Windows-10-10.0.22000-SP0)"
      },
      "RequestBody": "service=yallacrtests.azurecr.io\u0026scope=repository%3Arepo1a584132%3Apush%2Cpull\u0026refresh_token=refresh_token\u0026grant_type=refresh_token",
      "StatusCode": 200,
      "ResponseHeaders": {
        "Connection": "keep-alive",
        "Content-Type": "application/json; charset=utf-8",
        "Date": "Fri, 08 Jul 2022 22:50:49 GMT",
        "Server": "openresty",
        "Strict-Transport-Security": "max-age=31536000; includeSubDomains",
        "Transfer-Encoding": "chunked",
        "X-Ms-Correlation-Request-Id": "8334304c-6c3f-4f43-a0de-57baac4a0fb6",
        "x-ms-ratelimit-remaining-calls-per-second": "166.2"
      },
      "ResponseBody": {
        "access_token": "access_token"
      }
    },
    {
      "RequestUri": "https://fake_url.azurecr.io/v2/repo1a584132/blobs/uploads/54ee341b-6926-4ea7-9aa9-fc8e939b47f4?_nouploadcache=false\u0026_state=WkBEM9GU8NLU2Mt8wzzJP0NxucMuhnea7G2DZ7pjiNh7Ik5hbWUiOiJyZXBvMWE1ODQxMzIiLCJVVUlEIjoiNTRlZTM0MWItNjkyNi00ZWE3LTlhYTktZmM4ZTkzOWI0N2Y0IiwiT2Zmc2V0IjowLCJTdGFydGVkQXQiOiIyMDIyLTA3LTA4VDIyOjUwOjQ5LjAyODY1NjMwMloifQ%3D%3D",
      "RequestMethod": "PATCH",
      "RequestHeaders": {
        "Accept": "application/json",
        "Accept-Encoding": "gzip, deflate",
        "Connection": "keep-alive",
        "Content-Length": "28",
        "Content-Type": "application/octet-stream",
        "User-Agent": "azsdk-python-azure-containerregistry/1.1.0b2 Python/3.9.2 (Windows-10-10.0.22000-SP0)"
      },
      "RequestBody": "//5oAGUAbABsAG8AIAB3AG8AcgBsAGQADQAKAA==",
      "StatusCode": 202,
      "ResponseHeaders": {
        "Access-Control-Expose-Headers": [
          "Docker-Content-Digest",
          "WWW-Authenticate",
          "Link",
          "X-Ms-Correlation-Request-Id"
        ],
        "Connection": "keep-alive",
        "Content-Length": "0",
        "Date": "Fri, 08 Jul 2022 22:50:49 GMT",
        "Docker-Distribution-Api-Version": "registry/2.0",
        "Docker-Upload-Uuid": "54ee341b-6926-4ea7-9aa9-fc8e939b47f4",
        "Location": "/v2/repo1a584132/blobs/uploads/54ee341b-6926-4ea7-9aa9-fc8e939b47f4?_nouploadcache=false\u0026_state=GMiRbE2-fp2sOrn5RdeOov5bDK7_HNixTImHtmLUV4l7Ik5hbWUiOiJyZXBvMWE1ODQxMzIiLCJVVUlEIjoiNTRlZTM0MWItNjkyNi00ZWE3LTlhYTktZmM4ZTkzOWI0N2Y0IiwiT2Zmc2V0IjoyOCwiU3RhcnRlZEF0IjoiMjAyMi0wNy0wOFQyMjo1MDo0OVoifQ%3D%3D",
        "Range": "0-27",
        "Server": "openresty",
        "Strict-Transport-Security": [
          "max-age=31536000; includeSubDomains",
          "max-age=31536000; includeSubDomains"
        ],
        "X-Content-Type-Options": "nosniff",
        "X-Ms-Correlation-Request-Id": "cd2ebe84-83a7-4237-af2a-bcb5be0da8db"
      },
      "ResponseBody": null
    },
    {
      "RequestUri": "https://fake_url.azurecr.io/v2/repo1a584132/blobs/uploads/54ee341b-6926-4ea7-9aa9-fc8e939b47f4?digest=sha256%3A654b93f61054e4ce90ed203bb8d556a6200d5f906cf3eca0620738d6dc18cbed\u0026_nouploadcache=false\u0026_state=GMiRbE2-fp2sOrn5RdeOov5bDK7_HNixTImHtmLUV4l7Ik5hbWUiOiJyZXBvMWE1ODQxMzIiLCJVVUlEIjoiNTRlZTM0MWItNjkyNi00ZWE3LTlhYTktZmM4ZTkzOWI0N2Y0IiwiT2Zmc2V0IjoyOCwiU3RhcnRlZEF0IjoiMjAyMi0wNy0wOFQyMjo1MDo0OVoifQ%3D%3D",
      "RequestMethod": "PUT",
      "RequestHeaders": {
        "Accept": "application/json",
        "Accept-Encoding": "gzip, deflate",
        "Connection": "keep-alive",
        "Content-Length": "0",
        "Content-Type": "application/octet-stream",
        "User-Agent": "azsdk-python-azure-containerregistry/1.1.0b2 Python/3.9.2 (Windows-10-10.0.22000-SP0)"
      },
      "RequestBody": null,
      "StatusCode": 401,
      "ResponseHeaders": {
        "Access-Control-Expose-Headers": [
          "Docker-Content-Digest",
          "WWW-Authenticate",
          "Link",
          "X-Ms-Correlation-Request-Id"
        ],
        "Connection": "keep-alive",
        "Content-Length": "266",
        "Content-Type": "application/json; charset=utf-8",
        "Date": "Fri, 08 Jul 2022 22:50:49 GMT",
        "Docker-Distribution-Api-Version": "registry/2.0",
        "Server": "openresty",
        "Strict-Transport-Security": [
          "max-age=31536000; includeSubDomains",
          "max-age=31536000; includeSubDomains"
        ],
        "WWW-Authenticate": "Bearer realm=\u0022https://fake_url.azurecr.io/oauth2/token\u0022,service=\u0022yallacrtests.azurecr.io\u0022,scope=\u0022repository:repo1a584132:pull,push\u0022",
        "X-Content-Type-Options": "nosniff",
        "X-Ms-Correlation-Request-Id": "8c7c3536-2dee-4a08-972e-5834ee390a59"
      },
      "ResponseBody": {
        "errors": [
          {
            "code": "UNAUTHORIZED",
            "message": "authentication required, visit https://aka.ms/acr/authorization for more information.",
            "detail": [
              {
                "Type": "repository",
                "Name": "repo1a584132",
                "Action": "pull"
              },
              {
                "Type": "repository",
                "Name": "repo1a584132",
                "Action": "push"
              }
            ]
          }
        ]
      }
    },
    {
      "RequestUri": "https://fake_url.azurecr.io/oauth2/exchange?api-version=2021-07-01",
      "RequestMethod": "POST",
      "RequestHeaders": {
        "Accept": "application/json",
        "Accept-Encoding": "gzip, deflate",
        "Connection": "keep-alive",
        "Content-Length": "81",
        "Content-Type": "application/x-www-form-urlencoded",
        "User-Agent": "azsdk-python-azure-containerregistry/1.1.0b2 Python/3.9.2 (Windows-10-10.0.22000-SP0)"
      },
      "RequestBody": "grant_type=access_token\u0026service=yallacrtests.azurecr.io\u0026access_token=access_token",
      "StatusCode": 200,
      "ResponseHeaders": {
        "Connection": "keep-alive",
        "Content-Type": "application/json; charset=utf-8",
        "Date": "Fri, 08 Jul 2022 22:50:49 GMT",
        "Server": "openresty",
        "Strict-Transport-Security": "max-age=31536000; includeSubDomains",
        "Transfer-Encoding": "chunked",
        "X-Ms-Correlation-Request-Id": "e3d35618-4a14-45d9-92e9-51b24c31a0d4",
        "x-ms-ratelimit-remaining-calls-per-second": "166.183333"
      },
      "ResponseBody": {
        "refresh_token": "refresh_token"
      }
    },
    {
      "RequestUri": "https://fake_url.azurecr.io/oauth2/token?api-version=2021-07-01",
      "RequestMethod": "POST",
      "RequestHeaders": {
        "Accept": "application/json",
        "Accept-Encoding": "gzip, deflate",
        "Connection": "keep-alive",
        "Content-Length": "130",
        "Content-Type": "application/x-www-form-urlencoded",
        "User-Agent": "azsdk-python-azure-containerregistry/1.1.0b2 Python/3.9.2 (Windows-10-10.0.22000-SP0)"
      },
      "RequestBody": "service=yallacrtests.azurecr.io\u0026scope=repository%3Arepo1a584132%3Apull%2Cpush\u0026refresh_token=refresh_token\u0026grant_type=refresh_token",
      "StatusCode": 200,
      "ResponseHeaders": {
        "Connection": "keep-alive",
        "Content-Type": "application/json; charset=utf-8",
        "Date": "Fri, 08 Jul 2022 22:50:49 GMT",
        "Server": "openresty",
        "Strict-Transport-Security": "max-age=31536000; includeSubDomains",
        "Transfer-Encoding": "chunked",
        "X-Ms-Correlation-Request-Id": "830f4022-48da-46b6-bc79-bbf26817a9b2",
        "x-ms-ratelimit-remaining-calls-per-second": "166.166667"
      },
      "ResponseBody": {
        "access_token": "access_token"
      }
    },
    {
      "RequestUri": "https://fake_url.azurecr.io/v2/repo1a584132/blobs/uploads/54ee341b-6926-4ea7-9aa9-fc8e939b47f4?digest=sha256%3A654b93f61054e4ce90ed203bb8d556a6200d5f906cf3eca0620738d6dc18cbed\u0026_nouploadcache=false\u0026_state=GMiRbE2-fp2sOrn5RdeOov5bDK7_HNixTImHtmLUV4l7Ik5hbWUiOiJyZXBvMWE1ODQxMzIiLCJVVUlEIjoiNTRlZTM0MWItNjkyNi00ZWE3LTlhYTktZmM4ZTkzOWI0N2Y0IiwiT2Zmc2V0IjoyOCwiU3RhcnRlZEF0IjoiMjAyMi0wNy0wOFQyMjo1MDo0OVoifQ%3D%3D",
      "RequestMethod": "PUT",
      "RequestHeaders": {
        "Accept": "application/json",
        "Accept-Encoding": "gzip, deflate",
        "Connection": "keep-alive",
        "Content-Length": "0",
        "Content-Type": "application/octet-stream",
        "User-Agent": "azsdk-python-azure-containerregistry/1.1.0b2 Python/3.9.2 (Windows-10-10.0.22000-SP0)"
      },
      "RequestBody": null,
      "StatusCode": 201,
      "ResponseHeaders": {
        "Access-Control-Expose-Headers": [
          "Docker-Content-Digest",
          "WWW-Authenticate",
          "Link",
          "X-Ms-Correlation-Request-Id"
        ],
        "Connection": "keep-alive",
        "Content-Length": "0",
        "Date": "Fri, 08 Jul 2022 22:50:49 GMT",
        "Docker-Content-Digest": "sha256:654b93f61054e4ce90ed203bb8d556a6200d5f906cf3eca0620738d6dc18cbed",
        "Docker-Distribution-Api-Version": "registry/2.0",
        "Location": "/v2/repo1a584132/blobs/sha256:654b93f61054e4ce90ed203bb8d556a6200d5f906cf3eca0620738d6dc18cbed",
        "Server": "openresty",
        "Strict-Transport-Security": [
          "max-age=31536000; includeSubDomains",
          "max-age=31536000; includeSubDomains"
        ],
        "X-Content-Type-Options": "nosniff",
        "X-Ms-Correlation-Request-Id": "9e1103cf-5851-40d3-b233-13acb571ca2a"
      },
      "ResponseBody": null
    },
    {
      "RequestUri": "https://fake_url.azurecr.io/v2/repo1a584132/manifests/v1",
      "RequestMethod": "PUT",
      "RequestHeaders": {
        "Accept": "application/vnd.oci.image.manifest.v1\u002Bjson",
        "Accept-Encoding": "gzip, deflate",
        "Connection": "keep-alive",
        "Content-Length": "579",
        "Content-Type": "application/vnd.oci.image.manifest.v1\u002Bjson",
        "User-Agent": "azsdk-python-azure-containerregistry/1.1.0b2 Python/3.9.2 (Windows-10-10.0.22000-SP0)"
      },
      "RequestBody": {
        "schemaVersion": 2,
        "config": {
          "mediaType": "application/vnd.acme.rocket.config",
          "digest": "sha256:d25b42d3dbad5361ed2d909624d899e7254a822c9a632b582ebd3a44f9b0dbc8",
          "size": 171
        },
        "layers": [
          {
            "mediaType": "application/vnd.oci.image.layer.v1.tar",
            "digest": "sha256:654b93f61054e4ce90ed203bb8d556a6200d5f906cf3eca0620738d6dc18cbed",
            "size": 28,
            "annotations": {
              "org.opencontainers.image.title": "artifact.txt"
            }
          }
        ]
      },
      "StatusCode": 401,
      "ResponseHeaders": {
        "Access-Control-Expose-Headers": [
          "Docker-Content-Digest",
          "WWW-Authenticate",
          "Link",
          "X-Ms-Correlation-Request-Id"
        ],
        "Connection": "keep-alive",
        "Content-Length": "266",
        "Content-Type": "application/json; charset=utf-8",
        "Date": "Fri, 08 Jul 2022 22:50:49 GMT",
        "Docker-Distribution-Api-Version": "registry/2.0",
        "Server": "openresty",
        "Strict-Transport-Security": [
          "max-age=31536000; includeSubDomains",
          "max-age=31536000; includeSubDomains"
        ],
        "WWW-Authenticate": "Bearer realm=\u0022https://fake_url.azurecr.io/oauth2/token\u0022,service=\u0022yallacrtests.azurecr.io\u0022,scope=\u0022repository:repo1a584132:pull,push\u0022",
        "X-Content-Type-Options": "nosniff",
        "X-Ms-Correlation-Request-Id": "bd90dcf1-e612-4207-87bf-55b271dba406"
      },
      "ResponseBody": {
        "errors": [
          {
            "code": "UNAUTHORIZED",
            "message": "authentication required, visit https://aka.ms/acr/authorization for more information.",
            "detail": [
              {
                "Type": "repository",
                "Name": "repo1a584132",
                "Action": "pull"
              },
              {
                "Type": "repository",
                "Name": "repo1a584132",
                "Action": "push"
              }
            ]
          }
        ]
      }
    },
    {
      "RequestUri": "https://fake_url.azurecr.io/oauth2/exchange?api-version=2021-07-01",
      "RequestMethod": "POST",
      "RequestHeaders": {
        "Accept": "application/json",
        "Accept-Encoding": "gzip, deflate",
        "Connection": "keep-alive",
        "Content-Length": "81",
        "Content-Type": "application/x-www-form-urlencoded",
        "User-Agent": "azsdk-python-azure-containerregistry/1.1.0b2 Python/3.9.2 (Windows-10-10.0.22000-SP0)"
      },
      "RequestBody": "grant_type=access_token\u0026service=yallacrtests.azurecr.io\u0026access_token=access_token",
      "StatusCode": 200,
      "ResponseHeaders": {
        "Connection": "keep-alive",
        "Content-Type": "application/json; charset=utf-8",
        "Date": "Fri, 08 Jul 2022 22:50:49 GMT",
        "Server": "openresty",
        "Strict-Transport-Security": "max-age=31536000; includeSubDomains",
        "Transfer-Encoding": "chunked",
        "X-Ms-Correlation-Request-Id": "2e4a6bfb-e351-4093-ae94-492acf052dcf",
        "x-ms-ratelimit-remaining-calls-per-second": "166.15"
      },
      "ResponseBody": {
        "refresh_token": "refresh_token"
      }
    },
    {
      "RequestUri": "https://fake_url.azurecr.io/oauth2/token?api-version=2021-07-01",
      "RequestMethod": "POST",
      "RequestHeaders": {
        "Accept": "application/json",
        "Accept-Encoding": "gzip, deflate",
        "Connection": "keep-alive",
        "Content-Length": "130",
        "Content-Type": "application/x-www-form-urlencoded",
        "User-Agent": "azsdk-python-azure-containerregistry/1.1.0b2 Python/3.9.2 (Windows-10-10.0.22000-SP0)"
      },
      "RequestBody": "service=yallacrtests.azurecr.io\u0026scope=repository%3Arepo1a584132%3Apull%2Cpush\u0026refresh_token=refresh_token\u0026grant_type=refresh_token",
      "StatusCode": 200,
      "ResponseHeaders": {
        "Connection": "keep-alive",
        "Content-Type": "application/json; charset=utf-8",
        "Date": "Fri, 08 Jul 2022 22:50:49 GMT",
        "Server": "openresty",
        "Strict-Transport-Security": "max-age=31536000; includeSubDomains",
        "Transfer-Encoding": "chunked",
        "X-Ms-Correlation-Request-Id": "a15f54d5-3100-4b6c-bfe0-9e13680aa0bf",
        "x-ms-ratelimit-remaining-calls-per-second": "166.133333"
      },
      "ResponseBody": {
        "access_token": "access_token"
      }
    },
    {
      "RequestUri": "https://fake_url.azurecr.io/v2/repo1a584132/manifests/v1",
      "RequestMethod": "PUT",
      "RequestHeaders": {
        "Accept": "application/vnd.oci.image.manifest.v1\u002Bjson",
        "Accept-Encoding": "gzip, deflate",
        "Connection": "keep-alive",
        "Content-Length": "579",
        "Content-Type": "application/vnd.oci.image.manifest.v1\u002Bjson",
        "User-Agent": "azsdk-python-azure-containerregistry/1.1.0b2 Python/3.9.2 (Windows-10-10.0.22000-SP0)"
      },
      "RequestBody": {
        "schemaVersion": 2,
        "config": {
          "mediaType": "application/vnd.acme.rocket.config",
          "digest": "sha256:d25b42d3dbad5361ed2d909624d899e7254a822c9a632b582ebd3a44f9b0dbc8",
          "size": 171
        },
        "layers": [
          {
            "mediaType": "application/vnd.oci.image.layer.v1.tar",
            "digest": "sha256:654b93f61054e4ce90ed203bb8d556a6200d5f906cf3eca0620738d6dc18cbed",
            "size": 28,
            "annotations": {
              "org.opencontainers.image.title": "artifact.txt"
            }
          }
        ]
      },
      "StatusCode": 201,
      "ResponseHeaders": {
        "Access-Control-Expose-Headers": [
          "Docker-Content-Digest",
          "WWW-Authenticate",
          "Link",
          "X-Ms-Correlation-Request-Id"
        ],
        "Connection": "keep-alive",
        "Content-Length": "0",
        "Date": "Fri, 08 Jul 2022 22:50:49 GMT",
        "Docker-Content-Digest": "sha256:789f7c67bf495ba14ff8de0c6273f546d7691935c73ae107774979dcb12148b2",
        "Docker-Distribution-Api-Version": "registry/2.0",
        "Location": "/v2/repo1a584132/manifests/sha256:789f7c67bf495ba14ff8de0c6273f546d7691935c73ae107774979dcb12148b2",
        "Server": "openresty",
        "Strict-Transport-Security": [
          "max-age=31536000; includeSubDomains",
          "max-age=31536000; includeSubDomains"
        ],
        "X-Content-Type-Options": "nosniff",
        "X-Ms-Correlation-Request-Id": "521e5770-23d9-42c3-9aa0-7d76c3ef4d86"
      },
      "ResponseBody": null
    },
    {
      "RequestUri": "https://fake_url.azurecr.io/v2/repo1a584132/manifests/sha256%3A789f7c67bf495ba14ff8de0c6273f546d7691935c73ae107774979dcb12148b2",
      "RequestMethod": "GET",
      "RequestHeaders": {
        "Accept": "application/vnd.oci.image.manifest.v1\u002Bjson",
        "Accept-Encoding": "gzip, deflate",
        "Connection": "keep-alive",
        "User-Agent": "azsdk-python-azure-containerregistry/1.1.0b2 Python/3.9.2 (Windows-10-10.0.22000-SP0)"
      },
      "RequestBody": null,
      "StatusCode": 401,
      "ResponseHeaders": {
        "Access-Control-Expose-Headers": [
          "Docker-Content-Digest",
          "WWW-Authenticate",
          "Link",
          "X-Ms-Correlation-Request-Id"
        ],
        "Connection": "keep-alive",
        "Content-Length": "206",
        "Content-Type": "application/json; charset=utf-8",
        "Date": "Fri, 08 Jul 2022 22:50:49 GMT",
        "Docker-Distribution-Api-Version": "registry/2.0",
        "Server": "openresty",
        "Strict-Transport-Security": [
          "max-age=31536000; includeSubDomains",
          "max-age=31536000; includeSubDomains"
        ],
        "WWW-Authenticate": "Bearer realm=\u0022https://fake_url.azurecr.io/oauth2/token\u0022,service=\u0022yallacrtests.azurecr.io\u0022,scope=\u0022repository:repo1a584132:pull\u0022",
        "X-Content-Type-Options": "nosniff",
        "X-Ms-Correlation-Request-Id": "05d65d85-ce82-4561-9a9c-62809033b133"
      },
      "ResponseBody": {
        "errors": [
          {
            "code": "UNAUTHORIZED",
            "message": "authentication required, visit https://aka.ms/acr/authorization for more information.",
            "detail": [
              {
                "Type": "repository",
                "Name": "repo1a584132",
                "Action": "pull"
              }
            ]
          }
        ]
      }
    },
    {
      "RequestUri": "https://fake_url.azurecr.io/oauth2/exchange?api-version=2021-07-01",
      "RequestMethod": "POST",
      "RequestHeaders": {
        "Accept": "application/json",
        "Accept-Encoding": "gzip, deflate",
        "Connection": "keep-alive",
        "Content-Length": "81",
        "Content-Type": "application/x-www-form-urlencoded",
        "User-Agent": "azsdk-python-azure-containerregistry/1.1.0b2 Python/3.9.2 (Windows-10-10.0.22000-SP0)"
      },
      "RequestBody": "grant_type=access_token\u0026service=yallacrtests.azurecr.io\u0026access_token=access_token",
      "StatusCode": 200,
      "ResponseHeaders": {
        "Connection": "keep-alive",
        "Content-Type": "application/json; charset=utf-8",
        "Date": "Fri, 08 Jul 2022 22:50:49 GMT",
        "Server": "openresty",
        "Strict-Transport-Security": "max-age=31536000; includeSubDomains",
        "Transfer-Encoding": "chunked",
        "X-Ms-Correlation-Request-Id": "6663b118-3510-4b38-96ca-32a8b15759f3",
        "x-ms-ratelimit-remaining-calls-per-second": "166.116667"
      },
      "ResponseBody": {
        "refresh_token": "refresh_token"
      }
    },
    {
      "RequestUri": "https://fake_url.azurecr.io/oauth2/token?api-version=2021-07-01",
      "RequestMethod": "POST",
      "RequestHeaders": {
        "Accept": "application/json",
        "Accept-Encoding": "gzip, deflate",
        "Connection": "keep-alive",
        "Content-Length": "123",
        "Content-Type": "application/x-www-form-urlencoded",
        "User-Agent": "azsdk-python-azure-containerregistry/1.1.0b2 Python/3.9.2 (Windows-10-10.0.22000-SP0)"
      },
      "RequestBody": "service=yallacrtests.azurecr.io\u0026scope=repository%3Arepo1a584132%3Apull\u0026refresh_token=refresh_token\u0026grant_type=refresh_token",
      "StatusCode": 200,
      "ResponseHeaders": {
        "Connection": "keep-alive",
        "Content-Type": "application/json; charset=utf-8",
        "Date": "Fri, 08 Jul 2022 22:50:49 GMT",
        "Server": "openresty",
        "Strict-Transport-Security": "max-age=31536000; includeSubDomains",
        "Transfer-Encoding": "chunked",
        "X-Ms-Correlation-Request-Id": "3cc6c972-0254-41fa-89c0-d4c4aae93cd4",
        "x-ms-ratelimit-remaining-calls-per-second": "166.1"
      },
      "ResponseBody": {
        "access_token": "access_token"
      }
    },
    {
      "RequestUri": "https://fake_url.azurecr.io/v2/repo1a584132/manifests/sha256%3A789f7c67bf495ba14ff8de0c6273f546d7691935c73ae107774979dcb12148b2",
      "RequestMethod": "GET",
      "RequestHeaders": {
        "Accept": "application/vnd.oci.image.manifest.v1\u002Bjson",
        "Accept-Encoding": "gzip, deflate",
        "Connection": "keep-alive",
        "User-Agent": "azsdk-python-azure-containerregistry/1.1.0b2 Python/3.9.2 (Windows-10-10.0.22000-SP0)"
      },
      "RequestBody": null,
      "StatusCode": 200,
      "ResponseHeaders": {
        "Access-Control-Expose-Headers": [
          "Docker-Content-Digest",
          "WWW-Authenticate",
          "Link",
          "X-Ms-Correlation-Request-Id"
        ],
        "Connection": "keep-alive",
        "Content-Length": "579",
        "Content-Type": "application/vnd.oci.image.manifest.v1\u002Bjson",
        "Date": "Fri, 08 Jul 2022 22:50:49 GMT",
        "Docker-Content-Digest": "sha256:789f7c67bf495ba14ff8de0c6273f546d7691935c73ae107774979dcb12148b2",
        "Docker-Distribution-Api-Version": "registry/2.0",
        "ETag": "\u0022sha256:789f7c67bf495ba14ff8de0c6273f546d7691935c73ae107774979dcb12148b2\u0022",
        "Server": "openresty",
        "Strict-Transport-Security": [
          "max-age=31536000; includeSubDomains",
          "max-age=31536000; includeSubDomains"
        ],
        "X-Content-Type-Options": "nosniff",
        "X-Ms-Correlation-Request-Id": "2f65f90c-48b5-48e4-9058-995b4073a67b"
      },
      "ResponseBody": {
        "schemaVersion": 2,
        "config": {
          "mediaType": "application/vnd.acme.rocket.config",
          "digest": "sha256:d25b42d3dbad5361ed2d909624d899e7254a822c9a632b582ebd3a44f9b0dbc8",
          "size": 171
        },
        "layers": [
          {
            "mediaType": "application/vnd.oci.image.layer.v1.tar",
            "digest": "sha256:654b93f61054e4ce90ed203bb8d556a6200d5f906cf3eca0620738d6dc18cbed",
            "size": 28,
            "annotations": {
              "org.opencontainers.image.title": "artifact.txt"
            }
          }
        ]
      }
    },
    {
      "RequestUri": "https://fake_url.azurecr.io/v2/repo1a584132/manifests/v1",
      "RequestMethod": "GET",
      "RequestHeaders": {
        "Accept": "application/vnd.oci.image.manifest.v1\u002Bjson",
        "Accept-Encoding": "gzip, deflate",
        "Connection": "keep-alive",
        "User-Agent": "azsdk-python-azure-containerregistry/1.1.0b2 Python/3.9.2 (Windows-10-10.0.22000-SP0)"
      },
      "RequestBody": null,
      "StatusCode": 401,
      "ResponseHeaders": {
        "Access-Control-Expose-Headers": [
          "Docker-Content-Digest",
          "WWW-Authenticate",
          "Link",
          "X-Ms-Correlation-Request-Id"
        ],
        "Connection": "keep-alive",
        "Content-Length": "206",
        "Content-Type": "application/json; charset=utf-8",
        "Date": "Fri, 08 Jul 2022 22:50:49 GMT",
        "Docker-Distribution-Api-Version": "registry/2.0",
        "Server": "openresty",
        "Strict-Transport-Security": [
          "max-age=31536000; includeSubDomains",
          "max-age=31536000; includeSubDomains"
        ],
        "WWW-Authenticate": "Bearer realm=\u0022https://fake_url.azurecr.io/oauth2/token\u0022,service=\u0022yallacrtests.azurecr.io\u0022,scope=\u0022repository:repo1a584132:pull\u0022",
        "X-Content-Type-Options": "nosniff",
        "X-Ms-Correlation-Request-Id": "a53a2b4f-4687-4ab0-93d8-5c39025e4730"
      },
      "ResponseBody": {
        "errors": [
          {
            "code": "UNAUTHORIZED",
            "message": "authentication required, visit https://aka.ms/acr/authorization for more information.",
            "detail": [
              {
                "Type": "repository",
                "Name": "repo1a584132",
                "Action": "pull"
              }
            ]
          }
        ]
      }
    },
    {
      "RequestUri": "https://fake_url.azurecr.io/oauth2/exchange?api-version=2021-07-01",
      "RequestMethod": "POST",
      "RequestHeaders": {
        "Accept": "application/json",
        "Accept-Encoding": "gzip, deflate",
        "Connection": "keep-alive",
        "Content-Length": "81",
        "Content-Type": "application/x-www-form-urlencoded",
        "User-Agent": "azsdk-python-azure-containerregistry/1.1.0b2 Python/3.9.2 (Windows-10-10.0.22000-SP0)"
      },
      "RequestBody": "grant_type=access_token\u0026service=yallacrtests.azurecr.io\u0026access_token=access_token",
      "StatusCode": 200,
      "ResponseHeaders": {
        "Connection": "keep-alive",
        "Content-Type": "application/json; charset=utf-8",
        "Date": "Fri, 08 Jul 2022 22:50:50 GMT",
        "Server": "openresty",
        "Strict-Transport-Security": "max-age=31536000; includeSubDomains",
        "Transfer-Encoding": "chunked",
        "X-Ms-Correlation-Request-Id": "a8f09ef1-b4c5-4990-92a2-43102b214f61",
        "x-ms-ratelimit-remaining-calls-per-second": "166.083333"
      },
      "ResponseBody": {
        "refresh_token": "refresh_token"
      }
    },
    {
      "RequestUri": "https://fake_url.azurecr.io/oauth2/token?api-version=2021-07-01",
      "RequestMethod": "POST",
      "RequestHeaders": {
        "Accept": "application/json",
        "Accept-Encoding": "gzip, deflate",
        "Connection": "keep-alive",
        "Content-Length": "123",
        "Content-Type": "application/x-www-form-urlencoded",
        "User-Agent": "azsdk-python-azure-containerregistry/1.1.0b2 Python/3.9.2 (Windows-10-10.0.22000-SP0)"
      },
      "RequestBody": "service=yallacrtests.azurecr.io\u0026scope=repository%3Arepo1a584132%3Apull\u0026refresh_token=refresh_token\u0026grant_type=refresh_token",
      "StatusCode": 200,
      "ResponseHeaders": {
        "Connection": "keep-alive",
        "Content-Type": "application/json; charset=utf-8",
        "Date": "Fri, 08 Jul 2022 22:50:50 GMT",
        "Server": "openresty",
        "Strict-Transport-Security": "max-age=31536000; includeSubDomains",
        "Transfer-Encoding": "chunked",
        "X-Ms-Correlation-Request-Id": "98b95ffd-bc3d-4aae-ba1e-4c8315866f15",
        "x-ms-ratelimit-remaining-calls-per-second": "166.066667"
      },
      "ResponseBody": {
        "access_token": "access_token"
      }
    },
    {
      "RequestUri": "https://fake_url.azurecr.io/v2/repo1a584132/manifests/v1",
      "RequestMethod": "GET",
      "RequestHeaders": {
        "Accept": "application/vnd.oci.image.manifest.v1\u002Bjson",
        "Accept-Encoding": "gzip, deflate",
        "Connection": "keep-alive",
        "User-Agent": "azsdk-python-azure-containerregistry/1.1.0b2 Python/3.9.2 (Windows-10-10.0.22000-SP0)"
      },
      "RequestBody": null,
      "StatusCode": 200,
      "ResponseHeaders": {
        "Access-Control-Expose-Headers": [
          "Docker-Content-Digest",
          "WWW-Authenticate",
          "Link",
          "X-Ms-Correlation-Request-Id"
        ],
        "Connection": "keep-alive",
        "Content-Length": "579",
        "Content-Type": "application/vnd.oci.image.manifest.v1\u002Bjson",
        "Date": "Fri, 08 Jul 2022 22:50:50 GMT",
        "Docker-Content-Digest": "sha256:789f7c67bf495ba14ff8de0c6273f546d7691935c73ae107774979dcb12148b2",
        "Docker-Distribution-Api-Version": "registry/2.0",
        "ETag": "\u0022sha256:789f7c67bf495ba14ff8de0c6273f546d7691935c73ae107774979dcb12148b2\u0022",
        "Server": "openresty",
        "Strict-Transport-Security": [
          "max-age=31536000; includeSubDomains",
          "max-age=31536000; includeSubDomains"
        ],
        "X-Content-Type-Options": "nosniff",
        "X-Ms-Correlation-Request-Id": "7ea10747-35c9-40b5-88e7-32a136944054"
      },
      "ResponseBody": {
        "schemaVersion": 2,
        "config": {
          "mediaType": "application/vnd.acme.rocket.config",
          "digest": "sha256:d25b42d3dbad5361ed2d909624d899e7254a822c9a632b582ebd3a44f9b0dbc8",
          "size": 171
        },
        "layers": [
          {
            "mediaType": "application/vnd.oci.image.layer.v1.tar",
            "digest": "sha256:654b93f61054e4ce90ed203bb8d556a6200d5f906cf3eca0620738d6dc18cbed",
            "size": 28,
            "annotations": {
              "org.opencontainers.image.title": "artifact.txt"
            }
          }
        ]
      }
    },
    {
      "RequestUri": "https://fake_url.azurecr.io/acr/v1/repo1a584132/_manifests/sha256%3A789f7c67bf495ba14ff8de0c6273f546d7691935c73ae107774979dcb12148b2?api-version=2021-07-01",
      "RequestMethod": "GET",
      "RequestHeaders": {
        "Accept": "application/json",
        "Accept-Encoding": "gzip, deflate",
        "Connection": "keep-alive",
        "User-Agent": "azsdk-python-azure-containerregistry/1.1.0b2 Python/3.9.2 (Windows-10-10.0.22000-SP0)"
      },
      "RequestBody": null,
      "StatusCode": 401,
      "ResponseHeaders": {
        "Access-Control-Expose-Headers": [
          "Docker-Content-Digest",
          "WWW-Authenticate",
          "Link",
          "X-Ms-Correlation-Request-Id"
        ],
        "Connection": "keep-alive",
        "Content-Length": "215",
        "Content-Type": "application/json; charset=utf-8",
        "Date": "Fri, 08 Jul 2022 22:50:50 GMT",
        "Docker-Distribution-Api-Version": "registry/2.0",
        "Server": "openresty",
        "Strict-Transport-Security": [
          "max-age=31536000; includeSubDomains",
          "max-age=31536000; includeSubDomains"
        ],
        "WWW-Authenticate": "Bearer realm=\u0022https://fake_url.azurecr.io/oauth2/token\u0022,service=\u0022yallacrtests.azurecr.io\u0022,scope=\u0022repository:repo1a584132:metadata_read\u0022",
        "X-Content-Type-Options": "nosniff",
        "X-Ms-Correlation-Request-Id": "259ef64a-2742-4b02-893d-ffcdf5829ee0"
      },
      "ResponseBody": {
        "errors": [
          {
            "code": "UNAUTHORIZED",
            "message": "authentication required, visit https://aka.ms/acr/authorization for more information.",
            "detail": [
              {
                "Type": "repository",
                "Name": "repo1a584132",
                "Action": "metadata_read"
              }
            ]
          }
        ]
      }
    },
    {
      "RequestUri": "https://fake_url.azurecr.io/oauth2/exchange?api-version=2021-07-01",
      "RequestMethod": "POST",
      "RequestHeaders": {
        "Accept": "application/json",
        "Accept-Encoding": "gzip, deflate",
        "Connection": "keep-alive",
        "Content-Length": "81",
        "Content-Type": "application/x-www-form-urlencoded",
        "User-Agent": "azsdk-python-azure-containerregistry/1.1.0b2 Python/3.9.2 (Windows-10-10.0.22000-SP0)"
      },
      "RequestBody": "grant_type=access_token\u0026service=yallacrtests.azurecr.io\u0026access_token=access_token",
      "StatusCode": 200,
      "ResponseHeaders": {
        "Connection": "keep-alive",
        "Content-Type": "application/json; charset=utf-8",
        "Date": "Fri, 08 Jul 2022 22:50:50 GMT",
        "Server": "openresty",
        "Strict-Transport-Security": "max-age=31536000; includeSubDomains",
        "Transfer-Encoding": "chunked",
        "X-Ms-Correlation-Request-Id": "ac7b4fa3-d17f-4022-99d7-d97120aef84f",
        "x-ms-ratelimit-remaining-calls-per-second": "166.05"
      },
      "ResponseBody": {
        "refresh_token": "refresh_token"
      }
    },
    {
      "RequestUri": "https://fake_url.azurecr.io/oauth2/token?api-version=2021-07-01",
      "RequestMethod": "POST",
      "RequestHeaders": {
        "Accept": "application/json",
        "Accept-Encoding": "gzip, deflate",
        "Connection": "keep-alive",
        "Content-Length": "132",
        "Content-Type": "application/x-www-form-urlencoded",
        "User-Agent": "azsdk-python-azure-containerregistry/1.1.0b2 Python/3.9.2 (Windows-10-10.0.22000-SP0)"
      },
      "RequestBody": "service=yallacrtests.azurecr.io\u0026scope=repository%3Arepo1a584132%3Ametadata_read\u0026refresh_token=refresh_token\u0026grant_type=refresh_token",
      "StatusCode": 200,
      "ResponseHeaders": {
        "Connection": "keep-alive",
        "Content-Type": "application/json; charset=utf-8",
        "Date": "Fri, 08 Jul 2022 22:50:50 GMT",
        "Server": "openresty",
        "Strict-Transport-Security": "max-age=31536000; includeSubDomains",
        "Transfer-Encoding": "chunked",
        "X-Ms-Correlation-Request-Id": "091eaaea-a901-44a9-b274-749e773ef684",
        "x-ms-ratelimit-remaining-calls-per-second": "166.033333"
      },
      "ResponseBody": {
        "access_token": "access_token"
      }
    },
    {
      "RequestUri": "https://fake_url.azurecr.io/acr/v1/repo1a584132/_manifests/sha256%3A789f7c67bf495ba14ff8de0c6273f546d7691935c73ae107774979dcb12148b2?api-version=2021-07-01",
      "RequestMethod": "GET",
      "RequestHeaders": {
        "Accept": "application/json",
        "Accept-Encoding": "gzip, deflate",
        "Connection": "keep-alive",
        "User-Agent": "azsdk-python-azure-containerregistry/1.1.0b2 Python/3.9.2 (Windows-10-10.0.22000-SP0)"
      },
      "RequestBody": null,
      "StatusCode": 200,
      "ResponseHeaders": {
        "Access-Control-Expose-Headers": [
          "Docker-Content-Digest",
          "WWW-Authenticate",
          "Link",
          "X-Ms-Correlation-Request-Id"
        ],
        "Connection": "keep-alive",
        "Content-Length": "444",
        "Content-Type": "application/json; charset=utf-8",
        "Date": "Fri, 08 Jul 2022 22:50:50 GMT",
        "Docker-Distribution-Api-Version": "registry/2.0",
        "Server": "openresty",
        "Strict-Transport-Security": [
          "max-age=31536000; includeSubDomains",
          "max-age=31536000; includeSubDomains"
        ],
        "X-Content-Type-Options": "nosniff",
        "X-Ms-Correlation-Request-Id": "fc09a084-b9ae-4183-85a4-3a19c25a0627"
      },
      "ResponseBody": {
        "registry": "yallacrtests.azurecr.io",
        "imageName": "repo1a584132",
        "manifest": {
          "digest": "sha256:789f7c67bf495ba14ff8de0c6273f546d7691935c73ae107774979dcb12148b2",
          "imageSize": 0,
          "createdTime": "2022-07-08T22:50:49.7473678Z",
          "lastUpdateTime": "2022-07-08T22:50:49.7473678Z",
          "mediaType": "application/vnd.oci.image.manifest.v1\u002Bjson",
          "tags": [
            "v1"
          ],
          "changeableAttributes": {
            "deleteEnabled": true,
            "writeEnabled": true,
            "readEnabled": true,
            "listEnabled": true
          }
        }
      }
    },
    {
      "RequestUri": "https://fake_url.azurecr.io/v2/repo1a584132/manifests/sha256%3A789f7c67bf495ba14ff8de0c6273f546d7691935c73ae107774979dcb12148b2",
      "RequestMethod": "DELETE",
      "RequestHeaders": {
        "Accept": "application/json",
        "Accept-Encoding": "gzip, deflate",
        "Connection": "keep-alive",
        "Content-Length": "0",
        "User-Agent": "azsdk-python-azure-containerregistry/1.1.0b2 Python/3.9.2 (Windows-10-10.0.22000-SP0)"
      },
      "RequestBody": null,
      "StatusCode": 401,
      "ResponseHeaders": {
        "Access-Control-Expose-Headers": [
          "Docker-Content-Digest",
          "WWW-Authenticate",
          "Link",
          "X-Ms-Correlation-Request-Id"
        ],
        "Connection": "keep-alive",
        "Content-Length": "208",
        "Content-Type": "application/json; charset=utf-8",
        "Date": "Fri, 08 Jul 2022 22:50:50 GMT",
        "Docker-Distribution-Api-Version": "registry/2.0",
        "Server": "openresty",
        "Strict-Transport-Security": [
          "max-age=31536000; includeSubDomains",
          "max-age=31536000; includeSubDomains"
        ],
        "WWW-Authenticate": "Bearer realm=\u0022https://fake_url.azurecr.io/oauth2/token\u0022,service=\u0022yallacrtests.azurecr.io\u0022,scope=\u0022repository:repo1a584132:delete\u0022",
        "X-Content-Type-Options": "nosniff",
        "X-Ms-Correlation-Request-Id": "6af56f9d-1d34-4df5-ab49-ea6caa240c5c"
      },
      "ResponseBody": {
        "errors": [
          {
            "code": "UNAUTHORIZED",
            "message": "authentication required, visit https://aka.ms/acr/authorization for more information.",
            "detail": [
              {
                "Type": "repository",
                "Name": "repo1a584132",
                "Action": "delete"
              }
            ]
          }
        ]
      }
    },
    {
      "RequestUri": "https://fake_url.azurecr.io/oauth2/exchange?api-version=2021-07-01",
      "RequestMethod": "POST",
      "RequestHeaders": {
        "Accept": "application/json",
        "Accept-Encoding": "gzip, deflate",
        "Connection": "keep-alive",
        "Content-Length": "81",
        "Content-Type": "application/x-www-form-urlencoded",
        "User-Agent": "azsdk-python-azure-containerregistry/1.1.0b2 Python/3.9.2 (Windows-10-10.0.22000-SP0)"
      },
      "RequestBody": "grant_type=access_token\u0026service=yallacrtests.azurecr.io\u0026access_token=access_token",
      "StatusCode": 200,
      "ResponseHeaders": {
        "Connection": "keep-alive",
        "Content-Type": "application/json; charset=utf-8",
        "Date": "Fri, 08 Jul 2022 22:50:50 GMT",
        "Server": "openresty",
        "Strict-Transport-Security": "max-age=31536000; includeSubDomains",
        "Transfer-Encoding": "chunked",
        "X-Ms-Correlation-Request-Id": "1420116d-70ba-470e-b919-4caa12b20dda",
        "x-ms-ratelimit-remaining-calls-per-second": "166.016667"
      },
      "ResponseBody": {
        "refresh_token": "refresh_token"
      }
    },
    {
      "RequestUri": "https://fake_url.azurecr.io/oauth2/token?api-version=2021-07-01",
      "RequestMethod": "POST",
      "RequestHeaders": {
        "Accept": "application/json",
        "Accept-Encoding": "gzip, deflate",
        "Connection": "keep-alive",
        "Content-Length": "125",
        "Content-Type": "application/x-www-form-urlencoded",
        "User-Agent": "azsdk-python-azure-containerregistry/1.1.0b2 Python/3.9.2 (Windows-10-10.0.22000-SP0)"
      },
      "RequestBody": "service=yallacrtests.azurecr.io\u0026scope=repository%3Arepo1a584132%3Adelete\u0026refresh_token=refresh_token\u0026grant_type=refresh_token",
      "StatusCode": 200,
      "ResponseHeaders": {
        "Connection": "keep-alive",
        "Content-Type": "application/json; charset=utf-8",
        "Date": "Fri, 08 Jul 2022 22:50:50 GMT",
        "Server": "openresty",
        "Strict-Transport-Security": "max-age=31536000; includeSubDomains",
        "Transfer-Encoding": "chunked",
        "X-Ms-Correlation-Request-Id": "2aba4246-a1d0-40da-ba28-7b16ac6ce62c",
        "x-ms-ratelimit-remaining-calls-per-second": "166"
      },
      "ResponseBody": {
        "access_token": "access_token"
      }
    },
    {
      "RequestUri": "https://fake_url.azurecr.io/v2/repo1a584132/manifests/sha256%3A789f7c67bf495ba14ff8de0c6273f546d7691935c73ae107774979dcb12148b2",
      "RequestMethod": "DELETE",
      "RequestHeaders": {
        "Accept": "application/json",
        "Accept-Encoding": "gzip, deflate",
        "Connection": "keep-alive",
        "Content-Length": "0",
        "User-Agent": "azsdk-python-azure-containerregistry/1.1.0b2 Python/3.9.2 (Windows-10-10.0.22000-SP0)"
      },
      "RequestBody": null,
      "StatusCode": 202,
      "ResponseHeaders": {
        "Access-Control-Expose-Headers": [
          "Docker-Content-Digest",
          "WWW-Authenticate",
          "Link",
          "X-Ms-Correlation-Request-Id"
        ],
        "Connection": "keep-alive",
        "Content-Length": "0",
        "Date": "Fri, 08 Jul 2022 22:50:50 GMT",
        "Docker-Distribution-Api-Version": "registry/2.0",
        "Server": "openresty",
        "Strict-Transport-Security": [
          "max-age=31536000; includeSubDomains",
          "max-age=31536000; includeSubDomains"
        ],
        "X-Content-Type-Options": "nosniff",
        "X-Ms-Correlation-Request-Id": "641908c4-e5a9-496d-9d06-12c02a9f873a",
        "X-Ms-Ratelimit-Remaining-Calls-Per-Second": "8.000000"
      },
      "ResponseBody": null
    }
  ],
  "Variables": {}
}
