{
  "Entries": [
    {
      "RequestUri": "https://fake_url.azurecr.io/acr/v1/library%2Fhello-world/_tags/latest?api-version=2021-07-01",
      "RequestMethod": "GET",
      "RequestHeaders": {
        "Accept": "application/json",
        "Accept-Encoding": "gzip, deflate",
        "User-Agent": "azsdk-python-azure-containerregistry/1.0.0b8 Python/3.9.2 (Windows-10-10.0.22000-SP0)",
        "x-ms-client-request-id": "1273472e-5da2-11ec-9b68-5cf37093a909"
      },
      "RequestBody": null,
      "StatusCode": 401,
      "ResponseHeaders": {
        "Access-Control-Expose-Headers": [
          "Docker-Content-Digest",
          "WWW-Authenticate",
          "Link",
          "X-Ms-Correlation-Request-Id"
        ],
        "Connection": "keep-alive",
        "Content-Length": "222",
        "Content-Type": "application/json; charset=utf-8",
        "Date": "Wed, 15 Dec 2021 12:25:21 GMT",
        "Docker-Distribution-Api-Version": "registry/2.0",
        "Server": "openresty",
        "Strict-Transport-Security": [
          "max-age=31536000; includeSubDomains",
          "max-age=31536000; includeSubDomains"
        ],
        "WWW-Authenticate": "Bearer realm=\u0022https://fake_url.azurecr.io/oauth2/token\u0022,service=\u0022yallacrtestsanon.azurecr.io\u0022,scope=\u0022repository:library/hello-world:metadata_read\u0022",
        "X-Content-Type-Options": "nosniff",
        "X-Ms-Correlation-Request-Id": "dfa137cc-d60e-48da-9b10-b803007cbfcb"
      },
      "ResponseBody": [
        "{\u0022errors\u0022:[{\u0022code\u0022:\u0022UNAUTHORIZED\u0022,\u0022message\u0022:\u0022authentication required, visit https://aka.ms/acr/authorization for more information.\u0022,\u0022detail\u0022:[{\u0022Type\u0022:\u0022repository\u0022,\u0022Name\u0022:\u0022library/hello-world\u0022,\u0022Action\u0022:\u0022metadata_read\u0022}]}]}\n"
      ]
    },
    {
      "RequestUri": "https://fake_url.azurecr.io/oauth2/token?api-version=2021-07-01",
      "RequestMethod": "POST",
      "RequestHeaders": {
        "Accept": "application/json",
        "Accept-Encoding": "gzip, deflate",
        "Content-Length": "112",
        "Content-Type": "application/x-www-form-urlencoded",
        "User-Agent": "azsdk-python-azure-containerregistry/1.0.0b8 Python/3.9.2 (Windows-10-10.0.22000-SP0)",
        "x-ms-client-request-id": "1278053e-5da2-11ec-bf4d-5cf37093a909"
      },
      "RequestBody": "service=yallacrtestsanon.azurecr.io\u0026scope=repository%3Alibrary%2Fhello-world%3Ametadata_read\u0026grant_type=password",
      "StatusCode": 200,
      "ResponseHeaders": {
        "Connection": "keep-alive",
        "Content-Type": "application/json; charset=utf-8",
        "Date": "Wed, 15 Dec 2021 12:25:21 GMT",
        "Server": "openresty",
        "Strict-Transport-Security": "max-age=31536000; includeSubDomains",
        "Transfer-Encoding": "chunked",
        "X-Ms-Correlation-Request-Id": "a79d5e5a-9752-43f9-95fb-397e4e74c6f8",
        "x-ms-ratelimit-remaining-calls-per-second": "166.283333"
      },
      "ResponseBody": {
        "access_token": "eyJhbGciOiJSUzI1NiIsInR5cCI6IkpXVCIsImtpZCI6IlVWVzc6T1JDQjozVkNIOjY2UEI6R1kyWjpOU01KOldIVVE6Qjc3WDpLWTdaOlRaU1A6UkZZWDpIVTdRIn0.eyJqdGkiOiI4MmUxMWEzZC0zYTgyLTQ4YzctOWE0My0xOGI4NDU0NmJjYmIiLCJzdWIiOiJhY3JfYW5vbl9wdWxsIiwibmJmIjoxNjM5NTcwMjE4LCJleHAiOjE2Mzk1NzE0MTgsImlhdCI6MTYzOTU3MDIxOCwiaXNzIjoiQXp1cmUgQ29udGFpbmVyIFJlZ2lzdHJ5IiwiYXVkIjoieWFsbGFjcnRlc3RzYW5vbi5henVyZWNyLmlvIiwidmVyc2lvbiI6IjEuMCIsInJpZCI6ImQ0ZTY3ZmZkZjc4YzQ4OGU5M2RlOWVkZWE2YjQ1ZDdjIiwiYWNjZXNzIjpbeyJUeXBlIjoicmVwb3NpdG9yeSIsIk5hbWUiOiIqIiwiQWN0aW9ucyI6WyJwdWxsIl19XSwicm9sZXMiOltdLCJncmFudF90eXBlIjoiYWNjZXNzX3Rva2VuIn0.T0lw6DYc4RRmptNnNKmi_OvesAxkYW4N3aVaxunOgIHRxK_YCj-n41qrDlAI0fLkMLyFUw3daHEAB4lRjq8bmRU_HGy--jLWscsOZtTzyUnlaDhY7lJbuPTf0S4zjG-sP8gqOhv6PaK5jHnBD8E7aneO6ffrzrAok5zyAEGTxNAZn0eMRp1Zjoi3Zh1nK7xnQsmaZbfUT4AEqQg6dYij-6kd4Q6eyyp9S2rj4wrVYJ0mJZpQM05bFR3Qj_QrAVD1JbMUGuF_zVOpIsOXbqJWKHU-fDrJo1d1cUHHfVz73Q2Sev5e9-cfBYHEsvJxf7O069c1ojGRZhY8D50cEZVEoA"
      }
    },
    {
      "RequestUri": "https://fake_url.azurecr.io/acr/v1/library%2Fhello-world/_tags/latest?api-version=2021-07-01",
      "RequestMethod": "GET",
      "RequestHeaders": {
        "Accept": "application/json",
        "Accept-Encoding": "gzip, deflate",
        "Authorization": "Sanitized",
        "User-Agent": "azsdk-python-azure-containerregistry/1.0.0b8 Python/3.9.2 (Windows-10-10.0.22000-SP0)",
        "x-ms-client-request-id": "1273472e-5da2-11ec-9b68-5cf37093a909"
      },
      "RequestBody": null,
      "StatusCode": 200,
      "ResponseHeaders": {
        "Access-Control-Expose-Headers": [
          "Docker-Content-Digest",
          "WWW-Authenticate",
          "Link",
          "X-Ms-Correlation-Request-Id"
        ],
        "Connection": "keep-alive",
        "Content-Length": "396",
        "Content-Type": "application/json; charset=utf-8",
        "Date": "Wed, 15 Dec 2021 12:25:21 GMT",
        "Docker-Distribution-Api-Version": "registry/2.0",
        "Server": "openresty",
        "Strict-Transport-Security": [
          "max-age=31536000; includeSubDomains",
          "max-age=31536000; includeSubDomains"
        ],
        "X-Content-Type-Options": "nosniff",
        "X-Ms-Correlation-Request-Id": "6c1e8c6c-d6f8-4457-b0e3-e46414756742"
      },
      "ResponseBody": [
        "{\u0022registry\u0022:\u0022yallacrtestsanon.azurecr.io\u0022,\u0022imageName\u0022:\u0022library/hello-world\u0022,\u0022tag\u0022:{\u0022name\u0022:\u0022latest\u0022,\u0022digest\u0022:\u0022sha256:cc15c5b292d8525effc0f89cb299f1804f3a725c8d05e158653a563f15e4f685\u0022,\u0022createdTime\u0022:\u00222021-12-15T12:04:37.8215105Z\u0022,\u0022lastUpdateTime\u0022:\u00222021-12-15T12:04:37.8215105Z\u0022,\u0022signed\u0022:false,\u0022changeableAttributes\u0022:{\u0022deleteEnabled\u0022:true,\u0022writeEnabled\u0022:true,\u0022readEnabled\u0022:true,\u0022listEnabled\u0022:true}}}\n"
      ]
    },
    {
      "RequestUri": "https://fake_url.azurecr.io/acr/v1/library%2Fhello-world/_tags/latest?api-version=2021-07-01",
      "RequestMethod": "PATCH",
      "RequestHeaders": {
        "Accept": "application/json",
        "Accept-Encoding": "gzip, deflate",
        "Content-Length": "87",
        "Content-Type": "application/json",
        "User-Agent": "azsdk-python-azure-containerregistry/1.0.0b8 Python/3.9.2 (Windows-10-10.0.22000-SP0)",
        "x-ms-client-request-id": "127fe887-5da2-11ec-94fa-5cf37093a909"
      },
      "RequestBody": "{\u0022deleteEnabled\u0022: true, \u0022writeEnabled\u0022: true, \u0022listEnabled\u0022: true, \u0022readEnabled\u0022: true}",
      "StatusCode": 401,
      "ResponseHeaders": {
        "Access-Control-Expose-Headers": [
          "Docker-Content-Digest",
          "WWW-Authenticate",
          "Link",
          "X-Ms-Correlation-Request-Id"
        ],
        "Connection": "keep-alive",
        "Content-Length": "223",
        "Content-Type": "application/json; charset=utf-8",
        "Date": "Wed, 15 Dec 2021 12:25:21 GMT",
        "Docker-Distribution-Api-Version": "registry/2.0",
        "Server": "openresty",
        "Strict-Transport-Security": [
          "max-age=31536000; includeSubDomains",
          "max-age=31536000; includeSubDomains"
        ],
        "WWW-Authenticate": "Bearer realm=\u0022https://fake_url.azurecr.io/oauth2/token\u0022,service=\u0022yallacrtestsanon.azurecr.io\u0022,scope=\u0022repository:library/hello-world:metadata_write\u0022",
        "X-Content-Type-Options": "nosniff",
        "X-Ms-Correlation-Request-Id": "c7fa037e-d3c0-4cba-97e1-649ce2fffedc"
      },
      "ResponseBody": [
        "{\u0022errors\u0022:[{\u0022code\u0022:\u0022UNAUTHORIZED\u0022,\u0022message\u0022:\u0022authentication required, visit https://aka.ms/acr/authorization for more information.\u0022,\u0022detail\u0022:[{\u0022Type\u0022:\u0022repository\u0022,\u0022Name\u0022:\u0022library/hello-world\u0022,\u0022Action\u0022:\u0022metadata_write\u0022}]}]}\n"
      ]
    },
    {
      "RequestUri": "https://fake_url.azurecr.io/oauth2/token?api-version=2021-07-01",
      "RequestMethod": "POST",
      "RequestHeaders": {
        "Accept": "application/json",
        "Accept-Encoding": "gzip, deflate",
        "Content-Length": "113",
        "Content-Type": "application/x-www-form-urlencoded",
        "User-Agent": "azsdk-python-azure-containerregistry/1.0.0b8 Python/3.9.2 (Windows-10-10.0.22000-SP0)",
        "x-ms-client-request-id": "12872de5-5da2-11ec-aee3-5cf37093a909"
      },
      "RequestBody": "service=yallacrtestsanon.azurecr.io\u0026scope=repository%3Alibrary%2Fhello-world%3Ametadata_write\u0026grant_type=password",
      "StatusCode": 200,
      "ResponseHeaders": {
        "Connection": "keep-alive",
        "Content-Type": "application/json; charset=utf-8",
        "Date": "Wed, 15 Dec 2021 12:25:21 GMT",
        "Server": "openresty",
        "Strict-Transport-Security": "max-age=31536000; includeSubDomains",
        "Transfer-Encoding": "chunked",
        "X-Ms-Correlation-Request-Id": "9a473b5b-9c15-4316-86da-7bd9b71c0237",
        "x-ms-ratelimit-remaining-calls-per-second": "166.266667"
      },
      "ResponseBody": {
        "access_token": "eyJhbGciOiJSUzI1NiIsInR5cCI6IkpXVCIsImtpZCI6IlVWVzc6T1JDQjozVkNIOjY2UEI6R1kyWjpOU01KOldIVVE6Qjc3WDpLWTdaOlRaU1A6UkZZWDpIVTdRIn0.eyJqdGkiOiI4MmUxMWEzZC0zYTgyLTQ4YzctOWE0My0xOGI4NDU0NmJjYmIiLCJzdWIiOiJhY3JfYW5vbl9wdWxsIiwibmJmIjoxNjM5NTcwMjE4LCJleHAiOjE2Mzk1NzE0MTgsImlhdCI6MTYzOTU3MDIxOCwiaXNzIjoiQXp1cmUgQ29udGFpbmVyIFJlZ2lzdHJ5IiwiYXVkIjoieWFsbGFjcnRlc3RzYW5vbi5henVyZWNyLmlvIiwidmVyc2lvbiI6IjEuMCIsInJpZCI6ImQ0ZTY3ZmZkZjc4YzQ4OGU5M2RlOWVkZWE2YjQ1ZDdjIiwiYWNjZXNzIjpbeyJUeXBlIjoicmVwb3NpdG9yeSIsIk5hbWUiOiIqIiwiQWN0aW9ucyI6WyJwdWxsIl19XSwicm9sZXMiOltdLCJncmFudF90eXBlIjoiYWNjZXNzX3Rva2VuIn0.T0lw6DYc4RRmptNnNKmi_OvesAxkYW4N3aVaxunOgIHRxK_YCj-n41qrDlAI0fLkMLyFUw3daHEAB4lRjq8bmRU_HGy--jLWscsOZtTzyUnlaDhY7lJbuPTf0S4zjG-sP8gqOhv6PaK5jHnBD8E7aneO6ffrzrAok5zyAEGTxNAZn0eMRp1Zjoi3Zh1nK7xnQsmaZbfUT4AEqQg6dYij-6kd4Q6eyyp9S2rj4wrVYJ0mJZpQM05bFR3Qj_QrAVD1JbMUGuF_zVOpIsOXbqJWKHU-fDrJo1d1cUHHfVz73Q2Sev5e9-cfBYHEsvJxf7O069c1ojGRZhY8D50cEZVEoA"
      }
    },
    {
      "RequestUri": "https://fake_url.azurecr.io/acr/v1/library%2Fhello-world/_tags/latest?api-version=2021-07-01",
      "RequestMethod": "PATCH",
      "RequestHeaders": {
        "Accept": "application/json",
        "Accept-Encoding": "gzip, deflate",
        "Authorization": "Sanitized",
        "Content-Length": "87",
        "Content-Type": "application/json",
        "User-Agent": "azsdk-python-azure-containerregistry/1.0.0b8 Python/3.9.2 (Windows-10-10.0.22000-SP0)",
        "x-ms-client-request-id": "127fe887-5da2-11ec-94fa-5cf37093a909"
      },
      "RequestBody": "{\u0022deleteEnabled\u0022: true, \u0022writeEnabled\u0022: true, \u0022listEnabled\u0022: true, \u0022readEnabled\u0022: true}",
      "StatusCode": 401,
      "ResponseHeaders": {
        "Access-Control-Expose-Headers": [
          "Docker-Content-Digest",
          "WWW-Authenticate",
          "Link",
          "X-Ms-Correlation-Request-Id"
        ],
        "Connection": "keep-alive",
        "Content-Length": "223",
        "Content-Type": "application/json; charset=utf-8",
        "Date": "Wed, 15 Dec 2021 12:25:21 GMT",
        "Docker-Distribution-Api-Version": "registry/2.0",
        "Server": "openresty",
        "Strict-Transport-Security": [
          "max-age=31536000; includeSubDomains",
          "max-age=31536000; includeSubDomains"
        ],
        "WWW-Authenticate": "Bearer realm=\u0022https://fake_url.azurecr.io/oauth2/token\u0022,service=\u0022yallacrtestsanon.azurecr.io\u0022,scope=\u0022repository:library/hello-world:metadata_write\u0022,error=\u0022insufficient_scope\u0022",
        "X-Content-Type-Options": "nosniff",
        "X-Ms-Correlation-Request-Id": "55128000-221e-4a25-b8c2-c75469004036"
      },
      "ResponseBody": [
        "{\u0022errors\u0022:[{\u0022code\u0022:\u0022UNAUTHORIZED\u0022,\u0022message\u0022:\u0022authentication required, visit https://aka.ms/acr/authorization for more information.\u0022,\u0022detail\u0022:[{\u0022Type\u0022:\u0022repository\u0022,\u0022Name\u0022:\u0022library/hello-world\u0022,\u0022Action\u0022:\u0022metadata_write\u0022}]}]}\n"
      ]
    }
  ],
  "Variables": {}
}
