interactions:
- request:
    body: null
    headers:
      Accept:
      - application/json
      User-Agent:
      - azsdk-python-azure-containerregistry/1.0.0b3 Python/3.9.0rc1 (Windows-10-10.0.19041-SP0)
    method: GET
    uri: https://fake_url.azurecr.io/acr/v1/library%2Falpine/_manifests
  response:
    body:
      string: '{"errors": [{"code": "UNAUTHORIZED", "message": "authentication required,
        visit https://aka.ms/acr/authorization for more information.", "detail": [{"Type":
        "repository", "Name": "library/alpine", "Action": "metadata_read"}]}]}'
    headers:
      access-control-expose-headers: X-Ms-Correlation-Request-Id
      connection: keep-alive
      content-length: '217'
      content-type: application/json; charset=utf-8
      date: Fri, 28 May 2021 15:20:17 GMT
      docker-distribution-api-version: registry/2.0
      server: openresty
      strict-transport-security: max-age=31536000; includeSubDomains
      www-authenticate: Bearer realm="https://fake_url.azurecr.io/oauth2/token",service="fake_url.azurecr.io",scope="fake_scope",error="invalid_token"
      x-content-type-options: nosniff
    status:
      code: 401
      message: Unauthorized
    url: https://seankaneanon.azurecr.io/acr/v1/library%2Falpine/_manifests
- request:
    body:
      grant_type: !!python/object/apply:azure.containerregistry._generated.models._container_registry_enums.TokenGrantType
      - password
      scope: repository:library/alpine:metadata_read
      service: seankaneanon.azurecr.io
    headers:
      Accept:
      - application/json
      User-Agent:
      - azsdk-python-azure-containerregistry/1.0.0b3 Python/3.9.0rc1 (Windows-10-10.0.19041-SP0)
    method: POST
    uri: https://fake_url.azurecr.io/oauth2/token
  response:
    body:
      string: '{"access_token": "REDACTED"}'
    headers:
      connection: keep-alive
      content-type: application/json; charset=utf-8
      date: Fri, 28 May 2021 15:20:17 GMT
      server: openresty
      strict-transport-security: max-age=31536000; includeSubDomains
      transfer-encoding: chunked
      x-ms-ratelimit-remaining-calls-per-second: '166.65'
    status:
      code: 200
      message: OK
    url: https://seankaneanon.azurecr.io/oauth2/token
- request:
    body: null
    headers:
      Accept:
      - application/json
      User-Agent:
      - azsdk-python-azure-containerregistry/1.0.0b3 Python/3.9.0rc1 (Windows-10-10.0.19041-SP0)
    method: GET
    uri: https://fake_url.azurecr.io/acr/v1/library%2Falpine/_manifests
  response:
    body:
      string: '{"registry": "fake_url.azurecr.io", "imageName": "library/alpine",
        "manifests": [{"digest": "sha256:5de788243acadd50526e70868b86d12ad79f3793619719ae22e0d09e8c873a66",
        "imageSize": 528, "createdTime": "2021-05-11T21:18:11.0755473Z", "lastUpdateTime":
        "2021-05-11T21:18:11.0755473Z", "architecture": "386", "os": "linux", "mediaType":
        "application/vnd.docker.distribution.manifest.v2+json", "changeableAttributes":
        {"deleteEnabled": true, "writeEnabled": true, "readEnabled": true, "listEnabled":
        true, "quarantineState": "Passed"}}, {"digest": "sha256:69e70a79f2d41ab5d637de98c1e0b055206ba40a8145e7bddb55ccc04e13cf8f",
        "imageSize": 3696, "createdTime": "2021-05-11T21:18:10.4807811Z", "lastUpdateTime":
        "2021-05-11T21:18:10.4807811Z", "mediaType": "application/vnd.docker.distribution.manifest.list.v2+json",
        "tags": ["latest"], "changeableAttributes": {"deleteEnabled": true, "writeEnabled":
        true, "readEnabled": true, "listEnabled": true}}, {"digest": "sha256:827525365ff718681b0688621e09912af49a17611701ee4d421ba50d57c13f7e",
        "imageSize": 528, "createdTime": "2021-05-11T21:18:11.1394935Z", "lastUpdateTime":
        "2021-05-11T21:18:11.1394935Z", "architecture": "ppc64le", "os": "linux",
        "mediaType": "application/vnd.docker.distribution.manifest.v2+json", "changeableAttributes":
        {"deleteEnabled": true, "writeEnabled": true, "readEnabled": true, "listEnabled":
        true, "quarantineState": "Passed"}}, {"digest": "sha256:8f18fae117ec6e5777cc62ba78cbb3be10a8a38639ccfb949521abd95c8301a4",
        "imageSize": 528, "createdTime": "2021-05-11T21:18:11.5663537Z", "lastUpdateTime":
        "2021-05-11T21:18:11.5663537Z", "architecture": "arm64", "os": "linux", "mediaType":
        "application/vnd.docker.distribution.manifest.v2+json", "changeableAttributes":
        {"deleteEnabled": true, "writeEnabled": true, "readEnabled": true, "listEnabled":
        true, "quarantineState": "Passed"}}, {"digest": "sha256:9663906b1c3bf891618ebcac857961531357525b25493ef717bca0f86f581ad6",
        "imageSize": 528, "createdTime": "2021-05-11T21:18:11.4125673Z", "lastUpdateTime":
        "2021-05-11T21:18:11.4125673Z", "architecture": "arm", "os": "linux", "mediaType":
        "application/vnd.docker.distribution.manifest.v2+json", "changeableAttributes":
        {"deleteEnabled": true, "writeEnabled": true, "readEnabled": true, "listEnabled":
        true, "quarantineState": "Passed"}}, {"digest": "sha256:a090d7c93c8e9ab88946367500756c5f50cd660e09deb4c57494989c1f23fa5a",
        "imageSize": 528, "createdTime": "2021-05-11T21:18:11.8312059Z", "lastUpdateTime":
        "2021-05-11T21:18:11.8312059Z", "architecture": "s390x", "os": "linux", "mediaType":
        "application/vnd.docker.distribution.manifest.v2+json", "changeableAttributes":
        {"deleteEnabled": true, "writeEnabled": true, "readEnabled": true, "listEnabled":
        true, "quarantineState": "Passed"}}, {"digest": "sha256:def822f9851ca422481ec6fee59a9966f12b351c62ccb9aca841526ffaa9f748",
        "imageSize": 528, "createdTime": "2021-05-11T21:18:10.2778252Z", "lastUpdateTime":
        "2021-05-11T21:18:10.2778252Z", "architecture": "amd64", "os": "linux", "mediaType":
        "application/vnd.docker.distribution.manifest.v2+json", "changeableAttributes":
        {"deleteEnabled": true, "writeEnabled": true, "readEnabled": true, "listEnabled":
        true, "quarantineState": "Passed"}}, {"digest": "sha256:ea73ecf48cd45e250f65eb731dd35808175ae37d70cca5d41f9ef57210737f04",
        "imageSize": 528, "createdTime": "2021-05-11T21:18:11.6546011Z", "lastUpdateTime":
        "2021-05-11T21:18:11.6546011Z", "architecture": "arm", "os": "linux", "mediaType":
        "application/vnd.docker.distribution.manifest.v2+json", "changeableAttributes":
        {"deleteEnabled": true, "writeEnabled": true, "readEnabled": true, "listEnabled":
        true, "quarantineState": "Passed"}}]}'
    headers:
      access-control-expose-headers: X-Ms-Correlation-Request-Id
      connection: keep-alive
      content-type: application/json; charset=utf-8
      date: Fri, 28 May 2021 15:20:18 GMT
      docker-distribution-api-version: registry/2.0
      server: openresty
      strict-transport-security: max-age=31536000; includeSubDomains
      transfer-encoding: chunked
      x-content-type-options: nosniff
    status:
      code: 200
      message: OK
    url: https://seankaneanon.azurecr.io/acr/v1/library%2Falpine/_manifests
version: 1
