interactions:
- request:
    body: 'b''{"location": "North Central US", "tags": {}, "properties": {"clusterVersion":
      "3.6", "osType": "Linux", "tier": "Standard", "clusterDefinition": {"kind":
      "RServer", "configurations": {"gateway": {"restAuthCredential.isEnabled": "true",
      "restAuthCredential.username": "admin", "restAuthCredential.password": "Password1!"}}},
      "computeProfile": {"roles": [{"name": "headnode", "targetInstanceCount": 2,
      "hardwareProfile": {"vmSize": "Large"}, "osProfile": {"linuxOperatingSystemProfile":
      {"username": "sshuser", "password": "Password1!"}}}, {"name": "workernode",
      "targetInstanceCount": 3, "hardwareProfile": {"vmSize": "Large"}, "osProfile":
      {"linuxOperatingSystemProfile": {"username": "sshuser", "password": "Password1!"}}},
      {"name": "zookeepernode", "targetInstanceCount": 3, "hardwareProfile": {"vmSize":
      "Small"}, "osProfile": {"linuxOperatingSystemProfile": {"username": "sshuser",
      "password": "Password1!"}}}, {"name": "edgenode", "targetInstanceCount": 1,
      "hardwareProfile": {"vmSize": "Standard_D4_v2"}, "osProfile": {"linuxOperatingSystemProfile":
      {"username": "sshuser", "password": "Password1!"}}}]}, "storageProfile": {"storageaccounts":
      [{"name": "hdipy.blob.core.windows.net", "isDefault": true, "container": "hdisdk-rserverd20d1380",
      "key": "BwOIChkKWcPzHKsz+JwtgW6PfMQXpYR23kgpvKGsg0VoCvvPICnHPrAdS3VGVRsNjg6pDdoVD8W0L9pmdWqJ5Q=="}]}}}'''
    headers:
      Accept:
      - application/json
      Accept-Encoding:
      - gzip, deflate
      Connection:
      - keep-alive
      Content-Length:
      - '1358'
      Content-Type:
      - application/json; charset=utf-8
      User-Agent:
      - python/3.8.1 (Windows-10-10.0.18362-SP0) msrest/0.6.13 msrest_azure/0.6.3
        azure-mgmt-hdinsight/1.4.0 Azure-SDK-For-Python
      accept-language:
      - en-US
    method: PUT
    uri: https://management.azure.com/subscriptions/00000000-0000-0000-0000-000000000000/resourceGroups/hdipy-d20d1380/providers/Microsoft.HDInsight/clusters/hdisdk-rserverd20d1380?api-version=2018-06-01-preview
  response:
    body:
      string: '{"id":"/subscriptions/00000000-0000-0000-0000-000000000000/resourceGroups/hdipy-d20d1380/providers/Microsoft.HDInsight/clusters/hdisdk-rserverd20d1380","name":"hdisdk-rserverd20d1380","type":"Microsoft.HDInsight/clusters","location":"North
        Central US","etag":"564a0334-be70-4326-a298-08dacd174f33","tags":{},"properties":{"clusterVersion":"3.6.1000.0","clusterHdpVersion":"","osType":"Linux","clusterDefinition":{"blueprint":"https://blueprints.azurehdinsight.net/rserver-3.6.1000.0.2006040535.json","kind":"RServer","componentVersion":{"spark":"2.1"}},"clusterId":"38a95e99b86d4f34894b793b290564fd","computeProfile":{"roles":[{"name":"headnode","targetInstanceCount":2,"hardwareProfile":{"vmSize":"standard_a4_v2"},"osProfile":{"linuxOperatingSystemProfile":{"username":"sshuser"}},"encryptDataDisks":false},{"name":"workernode","targetInstanceCount":3,"hardwareProfile":{"vmSize":"standard_a4_v2"},"osProfile":{"linuxOperatingSystemProfile":{"username":"sshuser"}},"encryptDataDisks":false},{"name":"zookeepernode","targetInstanceCount":3,"hardwareProfile":{"vmSize":"standard_a2_v2"},"osProfile":{"linuxOperatingSystemProfile":{"username":"sshuser"}},"encryptDataDisks":false},{"name":"edgenode","targetInstanceCount":1,"hardwareProfile":{"vmSize":"standard_d4_v2"},"osProfile":{"linuxOperatingSystemProfile":{"username":"sshuser"}},"encryptDataDisks":false}]},"provisioningState":"InProgress","clusterState":"Accepted","createdDate":"2020-07-17T10:08:47.893","quotaInfo":{"coresUsed":28},"tier":"standard","encryptionInTransitProperties":{"isEncryptionInTransitEnabled":false},"storageProfile":{"storageaccounts":[{"name":"hdipy.blob.core.windows.net","resourceId":null,"msiResourceId":null,"key":null,"fileSystem":null,"container":"hdisdk-rserverd20d1380","saskey":null,"isDefault":true,"fileshare":null}]},"excludedServicesConfig":{"m_Item1":"default","m_Item2":""}}}'
    headers:
      azure-asyncoperation:
      - https://management.azure.com/subscriptions/00000000-0000-0000-0000-000000000000/resourceGroups/hdipy-d20d1380/providers/Microsoft.HDInsight/clusters/hdisdk-rserverd20d1380/azureasyncoperations/create?api-version=2018-06-01-preview
      cache-control:
      - no-cache
      content-length:
      - '1881'
      content-type:
      - application/json; charset=utf-8
      date:
      - Fri, 17 Jul 2020 10:08:49 GMT
      etag:
      - '"564a0334-be70-4326-a298-08dacd174f33"'
      expires:
      - '-1'
      pragma:
      - no-cache
      strict-transport-security:
      - max-age=31536000; includeSubDomains
      transfer-encoding:
      - chunked
      vary:
      - Accept-Encoding
      x-content-type-options:
      - nosniff
      x-ms-hdi-clusteruri:
      - https://management.azure.com/subscriptions/92f95d8f-3c67-4124-91c7-8cf07cdbf241/resourceGroups/hdipy-d20d1380/providers/Microsoft.HDInsight/clusters/hdisdk-rserverd20d1380?api-version=2018-06-01-preview
      x-ms-hdi-matched-rule:
      - ClusterResourcesAndSubResources
      x-ms-hdi-routed-to:
      - RegionalRp
      x-ms-hdi-served-by:
      - northcentralus
      x-ms-ratelimit-remaining-subscription-writes:
      - '1198'
    status:
      code: 200
      message: OK
- request:
    body: null
    headers:
      Accept:
      - application/json
      Accept-Encoding:
      - gzip, deflate
      Connection:
      - keep-alive
      User-Agent:
      - python/3.8.1 (Windows-10-10.0.18362-SP0) msrest/0.6.13 msrest_azure/0.6.3
        azure-mgmt-hdinsight/1.4.0 Azure-SDK-For-Python
    method: GET
    uri: https://management.azure.com/subscriptions/00000000-0000-0000-0000-000000000000/resourceGroups/hdipy-d20d1380/providers/Microsoft.HDInsight/clusters/hdisdk-rserverd20d1380/azureasyncoperations/create?api-version=2018-06-01-preview
  response:
    body:
      string: '{"status":"InProgress"}'
    headers:
      cache-control:
      - no-cache
      content-length:
      - '23'
      content-type:
      - application/json; charset=utf-8
      date:
      - Fri, 17 Jul 2020 10:09:21 GMT
      expires:
      - '-1'
      pragma:
      - no-cache
      strict-transport-security:
      - max-age=31536000; includeSubDomains
      transfer-encoding:
      - chunked
      vary:
      - Accept-Encoding
      x-content-type-options:
      - nosniff
      x-ms-hdi-matched-rule:
      - ClusterResourcesAndSubResources
      x-ms-hdi-routed-to:
      - RegionalRp
      x-ms-hdi-served-by:
      - northcentralus
    status:
      code: 200
      message: OK
- request:
    body: null
    headers:
      Accept:
      - application/json
      Accept-Encoding:
      - gzip, deflate
      Connection:
      - keep-alive
      User-Agent:
      - python/3.8.1 (Windows-10-10.0.18362-SP0) msrest/0.6.13 msrest_azure/0.6.3
        azure-mgmt-hdinsight/1.4.0 Azure-SDK-For-Python
    method: GET
    uri: https://management.azure.com/subscriptions/00000000-0000-0000-0000-000000000000/resourceGroups/hdipy-d20d1380/providers/Microsoft.HDInsight/clusters/hdisdk-rserverd20d1380/azureasyncoperations/create?api-version=2018-06-01-preview
  response:
    body:
      string: '{"status":"InProgress"}'
    headers:
      cache-control:
      - no-cache
      content-length:
      - '23'
      content-type:
      - application/json; charset=utf-8
      date:
      - Fri, 17 Jul 2020 10:09:51 GMT
      expires:
      - '-1'
      pragma:
      - no-cache
      strict-transport-security:
      - max-age=31536000; includeSubDomains
      transfer-encoding:
      - chunked
      vary:
      - Accept-Encoding
      x-content-type-options:
      - nosniff
      x-ms-hdi-matched-rule:
      - ClusterResourcesAndSubResources
      x-ms-hdi-routed-to:
      - RegionalRp
      x-ms-hdi-served-by:
      - northcentralus
    status:
      code: 200
      message: OK
- request:
    body: null
    headers:
      Accept:
      - application/json
      Accept-Encoding:
      - gzip, deflate
      Connection:
      - keep-alive
      User-Agent:
      - python/3.8.1 (Windows-10-10.0.18362-SP0) msrest/0.6.13 msrest_azure/0.6.3
        azure-mgmt-hdinsight/1.4.0 Azure-SDK-For-Python
    method: GET
    uri: https://management.azure.com/subscriptions/00000000-0000-0000-0000-000000000000/resourceGroups/hdipy-d20d1380/providers/Microsoft.HDInsight/clusters/hdisdk-rserverd20d1380/azureasyncoperations/create?api-version=2018-06-01-preview
  response:
    body:
      string: '{"status":"InProgress"}'
    headers:
      cache-control:
      - no-cache
      content-length:
      - '23'
      content-type:
      - application/json; charset=utf-8
      date:
      - Fri, 17 Jul 2020 10:10:22 GMT
      expires:
      - '-1'
      pragma:
      - no-cache
      strict-transport-security:
      - max-age=31536000; includeSubDomains
      transfer-encoding:
      - chunked
      vary:
      - Accept-Encoding
      x-content-type-options:
      - nosniff
      x-ms-hdi-matched-rule:
      - ClusterResourcesAndSubResources
      x-ms-hdi-routed-to:
      - RegionalRp
      x-ms-hdi-served-by:
      - northcentralus
    status:
      code: 200
      message: OK
- request:
    body: null
    headers:
      Accept:
      - application/json
      Accept-Encoding:
      - gzip, deflate
      Connection:
      - keep-alive
      User-Agent:
      - python/3.8.1 (Windows-10-10.0.18362-SP0) msrest/0.6.13 msrest_azure/0.6.3
        azure-mgmt-hdinsight/1.4.0 Azure-SDK-For-Python
    method: GET
    uri: https://management.azure.com/subscriptions/00000000-0000-0000-0000-000000000000/resourceGroups/hdipy-d20d1380/providers/Microsoft.HDInsight/clusters/hdisdk-rserverd20d1380/azureasyncoperations/create?api-version=2018-06-01-preview
  response:
    body:
      string: '{"status":"InProgress"}'
    headers:
      cache-control:
      - no-cache
      content-length:
      - '23'
      content-type:
      - application/json; charset=utf-8
      date:
      - Fri, 17 Jul 2020 10:10:53 GMT
      expires:
      - '-1'
      pragma:
      - no-cache
      strict-transport-security:
      - max-age=31536000; includeSubDomains
      transfer-encoding:
      - chunked
      vary:
      - Accept-Encoding
      x-content-type-options:
      - nosniff
      x-ms-hdi-matched-rule:
      - ClusterResourcesAndSubResources
      x-ms-hdi-routed-to:
      - RegionalRp
      x-ms-hdi-served-by:
      - northcentralus
    status:
      code: 200
      message: OK
- request:
    body: null
    headers:
      Accept:
      - application/json
      Accept-Encoding:
      - gzip, deflate
      Connection:
      - keep-alive
      User-Agent:
      - python/3.8.1 (Windows-10-10.0.18362-SP0) msrest/0.6.13 msrest_azure/0.6.3
        azure-mgmt-hdinsight/1.4.0 Azure-SDK-For-Python
    method: GET
    uri: https://management.azure.com/subscriptions/00000000-0000-0000-0000-000000000000/resourceGroups/hdipy-d20d1380/providers/Microsoft.HDInsight/clusters/hdisdk-rserverd20d1380/azureasyncoperations/create?api-version=2018-06-01-preview
  response:
    body:
      string: '{"status":"InProgress"}'
    headers:
      cache-control:
      - no-cache
      content-length:
      - '23'
      content-type:
      - application/json; charset=utf-8
      date:
      - Fri, 17 Jul 2020 10:11:23 GMT
      expires:
      - '-1'
      pragma:
      - no-cache
      strict-transport-security:
      - max-age=31536000; includeSubDomains
      transfer-encoding:
      - chunked
      vary:
      - Accept-Encoding
      x-content-type-options:
      - nosniff
      x-ms-hdi-matched-rule:
      - ClusterResourcesAndSubResources
      x-ms-hdi-routed-to:
      - RegionalRp
      x-ms-hdi-served-by:
      - northcentralus
    status:
      code: 200
      message: OK
- request:
    body: null
    headers:
      Accept:
      - application/json
      Accept-Encoding:
      - gzip, deflate
      Connection:
      - keep-alive
      User-Agent:
      - python/3.8.1 (Windows-10-10.0.18362-SP0) msrest/0.6.13 msrest_azure/0.6.3
        azure-mgmt-hdinsight/1.4.0 Azure-SDK-For-Python
    method: GET
    uri: https://management.azure.com/subscriptions/00000000-0000-0000-0000-000000000000/resourceGroups/hdipy-d20d1380/providers/Microsoft.HDInsight/clusters/hdisdk-rserverd20d1380/azureasyncoperations/create?api-version=2018-06-01-preview
  response:
    body:
      string: '{"status":"InProgress"}'
    headers:
      cache-control:
      - no-cache
      content-length:
      - '23'
      content-type:
      - application/json; charset=utf-8
      date:
      - Fri, 17 Jul 2020 10:11:54 GMT
      expires:
      - '-1'
      pragma:
      - no-cache
      strict-transport-security:
      - max-age=31536000; includeSubDomains
      transfer-encoding:
      - chunked
      vary:
      - Accept-Encoding
      x-content-type-options:
      - nosniff
      x-ms-hdi-matched-rule:
      - ClusterResourcesAndSubResources
      x-ms-hdi-routed-to:
      - RegionalRp
      x-ms-hdi-served-by:
      - northcentralus
    status:
      code: 200
      message: OK
- request:
    body: null
    headers:
      Accept:
      - application/json
      Accept-Encoding:
      - gzip, deflate
      Connection:
      - keep-alive
      User-Agent:
      - python/3.8.1 (Windows-10-10.0.18362-SP0) msrest/0.6.13 msrest_azure/0.6.3
        azure-mgmt-hdinsight/1.4.0 Azure-SDK-For-Python
    method: GET
    uri: https://management.azure.com/subscriptions/00000000-0000-0000-0000-000000000000/resourceGroups/hdipy-d20d1380/providers/Microsoft.HDInsight/clusters/hdisdk-rserverd20d1380/azureasyncoperations/create?api-version=2018-06-01-preview
  response:
    body:
      string: '{"status":"InProgress"}'
    headers:
      cache-control:
      - no-cache
      content-length:
      - '23'
      content-type:
      - application/json; charset=utf-8
      date:
      - Fri, 17 Jul 2020 10:12:24 GMT
      expires:
      - '-1'
      pragma:
      - no-cache
      strict-transport-security:
      - max-age=31536000; includeSubDomains
      transfer-encoding:
      - chunked
      vary:
      - Accept-Encoding
      x-content-type-options:
      - nosniff
      x-ms-hdi-matched-rule:
      - ClusterResourcesAndSubResources
      x-ms-hdi-routed-to:
      - RegionalRp
      x-ms-hdi-served-by:
      - northcentralus
    status:
      code: 200
      message: OK
- request:
    body: null
    headers:
      Accept:
      - application/json
      Accept-Encoding:
      - gzip, deflate
      Connection:
      - keep-alive
      User-Agent:
      - python/3.8.1 (Windows-10-10.0.18362-SP0) msrest/0.6.13 msrest_azure/0.6.3
        azure-mgmt-hdinsight/1.4.0 Azure-SDK-For-Python
    method: GET
    uri: https://management.azure.com/subscriptions/00000000-0000-0000-0000-000000000000/resourceGroups/hdipy-d20d1380/providers/Microsoft.HDInsight/clusters/hdisdk-rserverd20d1380/azureasyncoperations/create?api-version=2018-06-01-preview
  response:
    body:
      string: '{"status":"InProgress"}'
    headers:
      cache-control:
      - no-cache
      content-length:
      - '23'
      content-type:
      - application/json; charset=utf-8
      date:
      - Fri, 17 Jul 2020 10:12:56 GMT
      expires:
      - '-1'
      pragma:
      - no-cache
      strict-transport-security:
      - max-age=31536000; includeSubDomains
      transfer-encoding:
      - chunked
      vary:
      - Accept-Encoding
      x-content-type-options:
      - nosniff
      x-ms-hdi-matched-rule:
      - ClusterResourcesAndSubResources
      x-ms-hdi-routed-to:
      - RegionalRp
      x-ms-hdi-served-by:
      - northcentralus
    status:
      code: 200
      message: OK
- request:
    body: null
    headers:
      Accept:
      - application/json
      Accept-Encoding:
      - gzip, deflate
      Connection:
      - keep-alive
      User-Agent:
      - python/3.8.1 (Windows-10-10.0.18362-SP0) msrest/0.6.13 msrest_azure/0.6.3
        azure-mgmt-hdinsight/1.4.0 Azure-SDK-For-Python
    method: GET
    uri: https://management.azure.com/subscriptions/00000000-0000-0000-0000-000000000000/resourceGroups/hdipy-d20d1380/providers/Microsoft.HDInsight/clusters/hdisdk-rserverd20d1380/azureasyncoperations/create?api-version=2018-06-01-preview
  response:
    body:
      string: '{"status":"InProgress"}'
    headers:
      cache-control:
      - no-cache
      content-length:
      - '23'
      content-type:
      - application/json; charset=utf-8
      date:
      - Fri, 17 Jul 2020 10:13:28 GMT
      expires:
      - '-1'
      pragma:
      - no-cache
      strict-transport-security:
      - max-age=31536000; includeSubDomains
      transfer-encoding:
      - chunked
      vary:
      - Accept-Encoding
      x-content-type-options:
      - nosniff
      x-ms-hdi-matched-rule:
      - ClusterResourcesAndSubResources
      x-ms-hdi-routed-to:
      - RegionalRp
      x-ms-hdi-served-by:
      - northcentralus
    status:
      code: 200
      message: OK
- request:
    body: null
    headers:
      Accept:
      - application/json
      Accept-Encoding:
      - gzip, deflate
      Connection:
      - keep-alive
      User-Agent:
      - python/3.8.1 (Windows-10-10.0.18362-SP0) msrest/0.6.13 msrest_azure/0.6.3
        azure-mgmt-hdinsight/1.4.0 Azure-SDK-For-Python
    method: GET
    uri: https://management.azure.com/subscriptions/00000000-0000-0000-0000-000000000000/resourceGroups/hdipy-d20d1380/providers/Microsoft.HDInsight/clusters/hdisdk-rserverd20d1380/azureasyncoperations/create?api-version=2018-06-01-preview
  response:
    body:
      string: '{"status":"InProgress"}'
    headers:
      cache-control:
      - no-cache
      content-length:
      - '23'
      content-type:
      - application/json; charset=utf-8
      date:
      - Fri, 17 Jul 2020 10:14:04 GMT
      expires:
      - '-1'
      pragma:
      - no-cache
      strict-transport-security:
      - max-age=31536000; includeSubDomains
      transfer-encoding:
      - chunked
      vary:
      - Accept-Encoding
      x-content-type-options:
      - nosniff
      x-ms-hdi-matched-rule:
      - ClusterResourcesAndSubResources
      x-ms-hdi-routed-to:
      - RegionalRp
      x-ms-hdi-served-by:
      - northcentralus
    status:
      code: 200
      message: OK
- request:
    body: null
    headers:
      Accept:
      - application/json
      Accept-Encoding:
      - gzip, deflate
      Connection:
      - keep-alive
      User-Agent:
      - python/3.8.1 (Windows-10-10.0.18362-SP0) msrest/0.6.13 msrest_azure/0.6.3
        azure-mgmt-hdinsight/1.4.0 Azure-SDK-For-Python
    method: GET
    uri: https://management.azure.com/subscriptions/00000000-0000-0000-0000-000000000000/resourceGroups/hdipy-d20d1380/providers/Microsoft.HDInsight/clusters/hdisdk-rserverd20d1380/azureasyncoperations/create?api-version=2018-06-01-preview
  response:
    body:
      string: '{"status":"InProgress"}'
    headers:
      cache-control:
      - no-cache
      content-length:
      - '23'
      content-type:
      - application/json; charset=utf-8
      date:
      - Fri, 17 Jul 2020 10:14:34 GMT
      expires:
      - '-1'
      pragma:
      - no-cache
      strict-transport-security:
      - max-age=31536000; includeSubDomains
      transfer-encoding:
      - chunked
      vary:
      - Accept-Encoding
      x-content-type-options:
      - nosniff
      x-ms-hdi-matched-rule:
      - ClusterResourcesAndSubResources
      x-ms-hdi-routed-to:
      - RegionalRp
      x-ms-hdi-served-by:
      - northcentralus
    status:
      code: 200
      message: OK
- request:
    body: null
    headers:
      Accept:
      - application/json
      Accept-Encoding:
      - gzip, deflate
      Connection:
      - keep-alive
      User-Agent:
      - python/3.8.1 (Windows-10-10.0.18362-SP0) msrest/0.6.13 msrest_azure/0.6.3
        azure-mgmt-hdinsight/1.4.0 Azure-SDK-For-Python
    method: GET
    uri: https://management.azure.com/subscriptions/00000000-0000-0000-0000-000000000000/resourceGroups/hdipy-d20d1380/providers/Microsoft.HDInsight/clusters/hdisdk-rserverd20d1380/azureasyncoperations/create?api-version=2018-06-01-preview
  response:
    body:
      string: '{"status":"InProgress"}'
    headers:
      cache-control:
      - no-cache
      content-length:
      - '23'
      content-type:
      - application/json; charset=utf-8
      date:
      - Fri, 17 Jul 2020 10:15:06 GMT
      expires:
      - '-1'
      pragma:
      - no-cache
      strict-transport-security:
      - max-age=31536000; includeSubDomains
      transfer-encoding:
      - chunked
      vary:
      - Accept-Encoding
      x-content-type-options:
      - nosniff
      x-ms-hdi-matched-rule:
      - ClusterResourcesAndSubResources
      x-ms-hdi-routed-to:
      - RegionalRp
      x-ms-hdi-served-by:
      - northcentralus
    status:
      code: 200
      message: OK
- request:
    body: null
    headers:
      Accept:
      - application/json
      Accept-Encoding:
      - gzip, deflate
      Connection:
      - keep-alive
      User-Agent:
      - python/3.8.1 (Windows-10-10.0.18362-SP0) msrest/0.6.13 msrest_azure/0.6.3
        azure-mgmt-hdinsight/1.4.0 Azure-SDK-For-Python
    method: GET
    uri: https://management.azure.com/subscriptions/00000000-0000-0000-0000-000000000000/resourceGroups/hdipy-d20d1380/providers/Microsoft.HDInsight/clusters/hdisdk-rserverd20d1380/azureasyncoperations/create?api-version=2018-06-01-preview
  response:
    body:
      string: '{"status":"InProgress"}'
    headers:
      cache-control:
      - no-cache
      content-length:
      - '23'
      content-type:
      - application/json; charset=utf-8
      date:
      - Fri, 17 Jul 2020 10:15:36 GMT
      expires:
      - '-1'
      pragma:
      - no-cache
      strict-transport-security:
      - max-age=31536000; includeSubDomains
      transfer-encoding:
      - chunked
      vary:
      - Accept-Encoding
      x-content-type-options:
      - nosniff
      x-ms-hdi-matched-rule:
      - ClusterResourcesAndSubResources
      x-ms-hdi-routed-to:
      - RegionalRp
      x-ms-hdi-served-by:
      - northcentralus
    status:
      code: 200
      message: OK
- request:
    body: null
    headers:
      Accept:
      - application/json
      Accept-Encoding:
      - gzip, deflate
      Connection:
      - keep-alive
      User-Agent:
      - python/3.8.1 (Windows-10-10.0.18362-SP0) msrest/0.6.13 msrest_azure/0.6.3
        azure-mgmt-hdinsight/1.4.0 Azure-SDK-For-Python
    method: GET
    uri: https://management.azure.com/subscriptions/00000000-0000-0000-0000-000000000000/resourceGroups/hdipy-d20d1380/providers/Microsoft.HDInsight/clusters/hdisdk-rserverd20d1380/azureasyncoperations/create?api-version=2018-06-01-preview
  response:
    body:
      string: '{"status":"InProgress"}'
    headers:
      cache-control:
      - no-cache
      content-length:
      - '23'
      content-type:
      - application/json; charset=utf-8
      date:
      - Fri, 17 Jul 2020 10:16:14 GMT
      expires:
      - '-1'
      pragma:
      - no-cache
      strict-transport-security:
      - max-age=31536000; includeSubDomains
      transfer-encoding:
      - chunked
      vary:
      - Accept-Encoding
      x-content-type-options:
      - nosniff
      x-ms-hdi-matched-rule:
      - ClusterResourcesAndSubResources
      x-ms-hdi-routed-to:
      - RegionalRp
      x-ms-hdi-served-by:
      - northcentralus
    status:
      code: 200
      message: OK
- request:
    body: null
    headers:
      Accept:
      - application/json
      Accept-Encoding:
      - gzip, deflate
      Connection:
      - keep-alive
      User-Agent:
      - python/3.8.1 (Windows-10-10.0.18362-SP0) msrest/0.6.13 msrest_azure/0.6.3
        azure-mgmt-hdinsight/1.4.0 Azure-SDK-For-Python
    method: GET
    uri: https://management.azure.com/subscriptions/00000000-0000-0000-0000-000000000000/resourceGroups/hdipy-d20d1380/providers/Microsoft.HDInsight/clusters/hdisdk-rserverd20d1380/azureasyncoperations/create?api-version=2018-06-01-preview
  response:
    body:
      string: '{"status":"InProgress"}'
    headers:
      cache-control:
      - no-cache
      content-length:
      - '23'
      content-type:
      - application/json; charset=utf-8
      date:
      - Fri, 17 Jul 2020 10:16:45 GMT
      expires:
      - '-1'
      pragma:
      - no-cache
      strict-transport-security:
      - max-age=31536000; includeSubDomains
      transfer-encoding:
      - chunked
      vary:
      - Accept-Encoding
      x-content-type-options:
      - nosniff
      x-ms-hdi-matched-rule:
      - ClusterResourcesAndSubResources
      x-ms-hdi-routed-to:
      - RegionalRp
      x-ms-hdi-served-by:
      - northcentralus
    status:
      code: 200
      message: OK
- request:
    body: null
    headers:
      Accept:
      - application/json
      Accept-Encoding:
      - gzip, deflate
      Connection:
      - keep-alive
      User-Agent:
      - python/3.8.1 (Windows-10-10.0.18362-SP0) msrest/0.6.13 msrest_azure/0.6.3
        azure-mgmt-hdinsight/1.4.0 Azure-SDK-For-Python
    method: GET
    uri: https://management.azure.com/subscriptions/00000000-0000-0000-0000-000000000000/resourceGroups/hdipy-d20d1380/providers/Microsoft.HDInsight/clusters/hdisdk-rserverd20d1380/azureasyncoperations/create?api-version=2018-06-01-preview
  response:
    body:
      string: '{"status":"InProgress"}'
    headers:
      cache-control:
      - no-cache
      content-length:
      - '23'
      content-type:
      - application/json; charset=utf-8
      date:
      - Fri, 17 Jul 2020 10:17:17 GMT
      expires:
      - '-1'
      pragma:
      - no-cache
      strict-transport-security:
      - max-age=31536000; includeSubDomains
      transfer-encoding:
      - chunked
      vary:
      - Accept-Encoding
      x-content-type-options:
      - nosniff
      x-ms-hdi-matched-rule:
      - ClusterResourcesAndSubResources
      x-ms-hdi-routed-to:
      - RegionalRp
      x-ms-hdi-served-by:
      - northcentralus
    status:
      code: 200
      message: OK
- request:
    body: null
    headers:
      Accept:
      - application/json
      Accept-Encoding:
      - gzip, deflate
      Connection:
      - keep-alive
      User-Agent:
      - python/3.8.1 (Windows-10-10.0.18362-SP0) msrest/0.6.13 msrest_azure/0.6.3
        azure-mgmt-hdinsight/1.4.0 Azure-SDK-For-Python
    method: GET
    uri: https://management.azure.com/subscriptions/00000000-0000-0000-0000-000000000000/resourceGroups/hdipy-d20d1380/providers/Microsoft.HDInsight/clusters/hdisdk-rserverd20d1380/azureasyncoperations/create?api-version=2018-06-01-preview
  response:
    body:
      string: '{"status":"InProgress"}'
    headers:
      cache-control:
      - no-cache
      content-length:
      - '23'
      content-type:
      - application/json; charset=utf-8
      date:
      - Fri, 17 Jul 2020 10:17:47 GMT
      expires:
      - '-1'
      pragma:
      - no-cache
      strict-transport-security:
      - max-age=31536000; includeSubDomains
      transfer-encoding:
      - chunked
      vary:
      - Accept-Encoding
      x-content-type-options:
      - nosniff
      x-ms-hdi-matched-rule:
      - ClusterResourcesAndSubResources
      x-ms-hdi-routed-to:
      - RegionalRp
      x-ms-hdi-served-by:
      - northcentralus
    status:
      code: 200
      message: OK
- request:
    body: null
    headers:
      Accept:
      - application/json
      Accept-Encoding:
      - gzip, deflate
      Connection:
      - keep-alive
      User-Agent:
      - python/3.8.1 (Windows-10-10.0.18362-SP0) msrest/0.6.13 msrest_azure/0.6.3
        azure-mgmt-hdinsight/1.4.0 Azure-SDK-For-Python
    method: GET
    uri: https://management.azure.com/subscriptions/00000000-0000-0000-0000-000000000000/resourceGroups/hdipy-d20d1380/providers/Microsoft.HDInsight/clusters/hdisdk-rserverd20d1380/azureasyncoperations/create?api-version=2018-06-01-preview
  response:
    body:
      string: '{"status":"InProgress"}'
    headers:
      cache-control:
      - no-cache
      content-length:
      - '23'
      content-type:
      - application/json; charset=utf-8
      date:
      - Fri, 17 Jul 2020 10:18:18 GMT
      expires:
      - '-1'
      pragma:
      - no-cache
      strict-transport-security:
      - max-age=31536000; includeSubDomains
      transfer-encoding:
      - chunked
      vary:
      - Accept-Encoding
      x-content-type-options:
      - nosniff
      x-ms-hdi-matched-rule:
      - ClusterResourcesAndSubResources
      x-ms-hdi-routed-to:
      - RegionalRp
      x-ms-hdi-served-by:
      - northcentralus
    status:
      code: 200
      message: OK
- request:
    body: null
    headers:
      Accept:
      - application/json
      Accept-Encoding:
      - gzip, deflate
      Connection:
      - keep-alive
      User-Agent:
      - python/3.8.1 (Windows-10-10.0.18362-SP0) msrest/0.6.13 msrest_azure/0.6.3
        azure-mgmt-hdinsight/1.4.0 Azure-SDK-For-Python
    method: GET
    uri: https://management.azure.com/subscriptions/00000000-0000-0000-0000-000000000000/resourceGroups/hdipy-d20d1380/providers/Microsoft.HDInsight/clusters/hdisdk-rserverd20d1380/azureasyncoperations/create?api-version=2018-06-01-preview
  response:
    body:
      string: '{"status":"InProgress"}'
    headers:
      cache-control:
      - no-cache
      content-length:
      - '23'
      content-type:
      - application/json; charset=utf-8
      date:
      - Fri, 17 Jul 2020 10:18:48 GMT
      expires:
      - '-1'
      pragma:
      - no-cache
      strict-transport-security:
      - max-age=31536000; includeSubDomains
      transfer-encoding:
      - chunked
      vary:
      - Accept-Encoding
      x-content-type-options:
      - nosniff
      x-ms-hdi-matched-rule:
      - ClusterResourcesAndSubResources
      x-ms-hdi-routed-to:
      - RegionalRp
      x-ms-hdi-served-by:
      - northcentralus
    status:
      code: 200
      message: OK
- request:
    body: null
    headers:
      Accept:
      - application/json
      Accept-Encoding:
      - gzip, deflate
      Connection:
      - keep-alive
      User-Agent:
      - python/3.8.1 (Windows-10-10.0.18362-SP0) msrest/0.6.13 msrest_azure/0.6.3
        azure-mgmt-hdinsight/1.4.0 Azure-SDK-For-Python
    method: GET
    uri: https://management.azure.com/subscriptions/00000000-0000-0000-0000-000000000000/resourceGroups/hdipy-d20d1380/providers/Microsoft.HDInsight/clusters/hdisdk-rserverd20d1380/azureasyncoperations/create?api-version=2018-06-01-preview
  response:
    body:
      string: '{"status":"InProgress"}'
    headers:
      cache-control:
      - no-cache
      content-length:
      - '23'
      content-type:
      - application/json; charset=utf-8
      date:
      - Fri, 17 Jul 2020 10:19:19 GMT
      expires:
      - '-1'
      pragma:
      - no-cache
      strict-transport-security:
      - max-age=31536000; includeSubDomains
      transfer-encoding:
      - chunked
      vary:
      - Accept-Encoding
      x-content-type-options:
      - nosniff
      x-ms-hdi-matched-rule:
      - ClusterResourcesAndSubResources
      x-ms-hdi-routed-to:
      - RegionalRp
      x-ms-hdi-served-by:
      - northcentralus
    status:
      code: 200
      message: OK
- request:
    body: null
    headers:
      Accept:
      - application/json
      Accept-Encoding:
      - gzip, deflate
      Connection:
      - keep-alive
      User-Agent:
      - python/3.8.1 (Windows-10-10.0.18362-SP0) msrest/0.6.13 msrest_azure/0.6.3
        azure-mgmt-hdinsight/1.4.0 Azure-SDK-For-Python
    method: GET
    uri: https://management.azure.com/subscriptions/00000000-0000-0000-0000-000000000000/resourceGroups/hdipy-d20d1380/providers/Microsoft.HDInsight/clusters/hdisdk-rserverd20d1380/azureasyncoperations/create?api-version=2018-06-01-preview
  response:
    body:
      string: '{"status":"InProgress"}'
    headers:
      cache-control:
      - no-cache
      content-length:
      - '23'
      content-type:
      - application/json; charset=utf-8
      date:
      - Fri, 17 Jul 2020 10:19:49 GMT
      expires:
      - '-1'
      pragma:
      - no-cache
      strict-transport-security:
      - max-age=31536000; includeSubDomains
      transfer-encoding:
      - chunked
      vary:
      - Accept-Encoding
      x-content-type-options:
      - nosniff
      x-ms-hdi-matched-rule:
      - ClusterResourcesAndSubResources
      x-ms-hdi-routed-to:
      - RegionalRp
      x-ms-hdi-served-by:
      - northcentralus
    status:
      code: 200
      message: OK
- request:
    body: null
    headers:
      Accept:
      - application/json
      Accept-Encoding:
      - gzip, deflate
      Connection:
      - keep-alive
      User-Agent:
      - python/3.8.1 (Windows-10-10.0.18362-SP0) msrest/0.6.13 msrest_azure/0.6.3
        azure-mgmt-hdinsight/1.4.0 Azure-SDK-For-Python
    method: GET
    uri: https://management.azure.com/subscriptions/00000000-0000-0000-0000-000000000000/resourceGroups/hdipy-d20d1380/providers/Microsoft.HDInsight/clusters/hdisdk-rserverd20d1380/azureasyncoperations/create?api-version=2018-06-01-preview
  response:
    body:
      string: '{"status":"InProgress"}'
    headers:
      cache-control:
      - no-cache
      content-length:
      - '23'
      content-type:
      - application/json; charset=utf-8
      date:
      - Fri, 17 Jul 2020 10:20:20 GMT
      expires:
      - '-1'
      pragma:
      - no-cache
      strict-transport-security:
      - max-age=31536000; includeSubDomains
      transfer-encoding:
      - chunked
      vary:
      - Accept-Encoding
      x-content-type-options:
      - nosniff
      x-ms-hdi-matched-rule:
      - ClusterResourcesAndSubResources
      x-ms-hdi-routed-to:
      - RegionalRp
      x-ms-hdi-served-by:
      - northcentralus
    status:
      code: 200
      message: OK
- request:
    body: null
    headers:
      Accept:
      - application/json
      Accept-Encoding:
      - gzip, deflate
      Connection:
      - keep-alive
      User-Agent:
      - python/3.8.1 (Windows-10-10.0.18362-SP0) msrest/0.6.13 msrest_azure/0.6.3
        azure-mgmt-hdinsight/1.4.0 Azure-SDK-For-Python
    method: GET
    uri: https://management.azure.com/subscriptions/00000000-0000-0000-0000-000000000000/resourceGroups/hdipy-d20d1380/providers/Microsoft.HDInsight/clusters/hdisdk-rserverd20d1380/azureasyncoperations/create?api-version=2018-06-01-preview
  response:
    body:
      string: '{"status":"InProgress"}'
    headers:
      cache-control:
      - no-cache
      content-length:
      - '23'
      content-type:
      - application/json; charset=utf-8
      date:
      - Fri, 17 Jul 2020 10:20:50 GMT
      expires:
      - '-1'
      pragma:
      - no-cache
      strict-transport-security:
      - max-age=31536000; includeSubDomains
      transfer-encoding:
      - chunked
      vary:
      - Accept-Encoding
      x-content-type-options:
      - nosniff
      x-ms-hdi-matched-rule:
      - ClusterResourcesAndSubResources
      x-ms-hdi-routed-to:
      - RegionalRp
      x-ms-hdi-served-by:
      - northcentralus
    status:
      code: 200
      message: OK
- request:
    body: null
    headers:
      Accept:
      - application/json
      Accept-Encoding:
      - gzip, deflate
      Connection:
      - keep-alive
      User-Agent:
      - python/3.8.1 (Windows-10-10.0.18362-SP0) msrest/0.6.13 msrest_azure/0.6.3
        azure-mgmt-hdinsight/1.4.0 Azure-SDK-For-Python
    method: GET
    uri: https://management.azure.com/subscriptions/00000000-0000-0000-0000-000000000000/resourceGroups/hdipy-d20d1380/providers/Microsoft.HDInsight/clusters/hdisdk-rserverd20d1380/azureasyncoperations/create?api-version=2018-06-01-preview
  response:
    body:
      string: '{"status":"InProgress"}'
    headers:
      cache-control:
      - no-cache
      content-length:
      - '23'
      content-type:
      - application/json; charset=utf-8
      date:
      - Fri, 17 Jul 2020 10:21:21 GMT
      expires:
      - '-1'
      pragma:
      - no-cache
      strict-transport-security:
      - max-age=31536000; includeSubDomains
      transfer-encoding:
      - chunked
      vary:
      - Accept-Encoding
      x-content-type-options:
      - nosniff
      x-ms-hdi-matched-rule:
      - ClusterResourcesAndSubResources
      x-ms-hdi-routed-to:
      - RegionalRp
      x-ms-hdi-served-by:
      - northcentralus
    status:
      code: 200
      message: OK
- request:
    body: null
    headers:
      Accept:
      - application/json
      Accept-Encoding:
      - gzip, deflate
      Connection:
      - keep-alive
      User-Agent:
      - python/3.8.1 (Windows-10-10.0.18362-SP0) msrest/0.6.13 msrest_azure/0.6.3
        azure-mgmt-hdinsight/1.4.0 Azure-SDK-For-Python
    method: GET
    uri: https://management.azure.com/subscriptions/00000000-0000-0000-0000-000000000000/resourceGroups/hdipy-d20d1380/providers/Microsoft.HDInsight/clusters/hdisdk-rserverd20d1380/azureasyncoperations/create?api-version=2018-06-01-preview
  response:
    body:
      string: '{"status":"InProgress"}'
    headers:
      cache-control:
      - no-cache
      content-length:
      - '23'
      content-type:
      - application/json; charset=utf-8
      date:
      - Fri, 17 Jul 2020 10:21:52 GMT
      expires:
      - '-1'
      pragma:
      - no-cache
      strict-transport-security:
      - max-age=31536000; includeSubDomains
      transfer-encoding:
      - chunked
      vary:
      - Accept-Encoding
      x-content-type-options:
      - nosniff
      x-ms-hdi-matched-rule:
      - ClusterResourcesAndSubResources
      x-ms-hdi-routed-to:
      - RegionalRp
      x-ms-hdi-served-by:
      - northcentralus
    status:
      code: 200
      message: OK
- request:
    body: null
    headers:
      Accept:
      - application/json
      Accept-Encoding:
      - gzip, deflate
      Connection:
      - keep-alive
      User-Agent:
      - python/3.8.1 (Windows-10-10.0.18362-SP0) msrest/0.6.13 msrest_azure/0.6.3
        azure-mgmt-hdinsight/1.4.0 Azure-SDK-For-Python
    method: GET
    uri: https://management.azure.com/subscriptions/00000000-0000-0000-0000-000000000000/resourceGroups/hdipy-d20d1380/providers/Microsoft.HDInsight/clusters/hdisdk-rserverd20d1380/azureasyncoperations/create?api-version=2018-06-01-preview
  response:
    body:
      string: '{"status":"InProgress"}'
    headers:
      cache-control:
      - no-cache
      content-length:
      - '23'
      content-type:
      - application/json; charset=utf-8
      date:
      - Fri, 17 Jul 2020 10:22:22 GMT
      expires:
      - '-1'
      pragma:
      - no-cache
      strict-transport-security:
      - max-age=31536000; includeSubDomains
      transfer-encoding:
      - chunked
      vary:
      - Accept-Encoding
      x-content-type-options:
      - nosniff
      x-ms-hdi-matched-rule:
      - ClusterResourcesAndSubResources
      x-ms-hdi-routed-to:
      - RegionalRp
      x-ms-hdi-served-by:
      - northcentralus
    status:
      code: 200
      message: OK
- request:
    body: null
    headers:
      Accept:
      - application/json
      Accept-Encoding:
      - gzip, deflate
      Connection:
      - keep-alive
      User-Agent:
      - python/3.8.1 (Windows-10-10.0.18362-SP0) msrest/0.6.13 msrest_azure/0.6.3
        azure-mgmt-hdinsight/1.4.0 Azure-SDK-For-Python
    method: GET
    uri: https://management.azure.com/subscriptions/00000000-0000-0000-0000-000000000000/resourceGroups/hdipy-d20d1380/providers/Microsoft.HDInsight/clusters/hdisdk-rserverd20d1380/azureasyncoperations/create?api-version=2018-06-01-preview
  response:
    body:
      string: '{"status":"InProgress"}'
    headers:
      cache-control:
      - no-cache
      content-length:
      - '23'
      content-type:
      - application/json; charset=utf-8
      date:
      - Fri, 17 Jul 2020 10:22:54 GMT
      expires:
      - '-1'
      pragma:
      - no-cache
      strict-transport-security:
      - max-age=31536000; includeSubDomains
      transfer-encoding:
      - chunked
      vary:
      - Accept-Encoding
      x-content-type-options:
      - nosniff
      x-ms-hdi-matched-rule:
      - ClusterResourcesAndSubResources
      x-ms-hdi-routed-to:
      - RegionalRp
      x-ms-hdi-served-by:
      - northcentralus
    status:
      code: 200
      message: OK
- request:
    body: null
    headers:
      Accept:
      - application/json
      Accept-Encoding:
      - gzip, deflate
      Connection:
      - keep-alive
      User-Agent:
      - python/3.8.1 (Windows-10-10.0.18362-SP0) msrest/0.6.13 msrest_azure/0.6.3
        azure-mgmt-hdinsight/1.4.0 Azure-SDK-For-Python
    method: GET
    uri: https://management.azure.com/subscriptions/00000000-0000-0000-0000-000000000000/resourceGroups/hdipy-d20d1380/providers/Microsoft.HDInsight/clusters/hdisdk-rserverd20d1380/azureasyncoperations/create?api-version=2018-06-01-preview
  response:
    body:
      string: '{"status":"InProgress"}'
    headers:
      cache-control:
      - no-cache
      content-length:
      - '23'
      content-type:
      - application/json; charset=utf-8
      date:
      - Fri, 17 Jul 2020 10:23:24 GMT
      expires:
      - '-1'
      pragma:
      - no-cache
      strict-transport-security:
      - max-age=31536000; includeSubDomains
      transfer-encoding:
      - chunked
      vary:
      - Accept-Encoding
      x-content-type-options:
      - nosniff
      x-ms-hdi-matched-rule:
      - ClusterResourcesAndSubResources
      x-ms-hdi-routed-to:
      - RegionalRp
      x-ms-hdi-served-by:
      - northcentralus
    status:
      code: 200
      message: OK
- request:
    body: null
    headers:
      Accept:
      - application/json
      Accept-Encoding:
      - gzip, deflate
      Connection:
      - keep-alive
      User-Agent:
      - python/3.8.1 (Windows-10-10.0.18362-SP0) msrest/0.6.13 msrest_azure/0.6.3
        azure-mgmt-hdinsight/1.4.0 Azure-SDK-For-Python
    method: GET
    uri: https://management.azure.com/subscriptions/00000000-0000-0000-0000-000000000000/resourceGroups/hdipy-d20d1380/providers/Microsoft.HDInsight/clusters/hdisdk-rserverd20d1380/azureasyncoperations/create?api-version=2018-06-01-preview
  response:
    body:
      string: '{"status":"InProgress"}'
    headers:
      cache-control:
      - no-cache
      content-length:
      - '23'
      content-type:
      - application/json; charset=utf-8
      date:
      - Fri, 17 Jul 2020 10:23:54 GMT
      expires:
      - '-1'
      pragma:
      - no-cache
      strict-transport-security:
      - max-age=31536000; includeSubDomains
      transfer-encoding:
      - chunked
      vary:
      - Accept-Encoding
      x-content-type-options:
      - nosniff
      x-ms-hdi-matched-rule:
      - ClusterResourcesAndSubResources
      x-ms-hdi-routed-to:
      - RegionalRp
      x-ms-hdi-served-by:
      - northcentralus
    status:
      code: 200
      message: OK
- request:
    body: null
    headers:
      Accept:
      - application/json
      Accept-Encoding:
      - gzip, deflate
      Connection:
      - keep-alive
      User-Agent:
      - python/3.8.1 (Windows-10-10.0.18362-SP0) msrest/0.6.13 msrest_azure/0.6.3
        azure-mgmt-hdinsight/1.4.0 Azure-SDK-For-Python
    method: GET
    uri: https://management.azure.com/subscriptions/00000000-0000-0000-0000-000000000000/resourceGroups/hdipy-d20d1380/providers/Microsoft.HDInsight/clusters/hdisdk-rserverd20d1380/azureasyncoperations/create?api-version=2018-06-01-preview
  response:
    body:
      string: '{"status":"InProgress"}'
    headers:
      cache-control:
      - no-cache
      content-length:
      - '23'
      content-type:
      - application/json; charset=utf-8
      date:
      - Fri, 17 Jul 2020 10:24:26 GMT
      expires:
      - '-1'
      pragma:
      - no-cache
      strict-transport-security:
      - max-age=31536000; includeSubDomains
      transfer-encoding:
      - chunked
      vary:
      - Accept-Encoding
      x-content-type-options:
      - nosniff
      x-ms-hdi-matched-rule:
      - ClusterResourcesAndSubResources
      x-ms-hdi-routed-to:
      - RegionalRp
      x-ms-hdi-served-by:
      - northcentralus
    status:
      code: 200
      message: OK
- request:
    body: null
    headers:
      Accept:
      - application/json
      Accept-Encoding:
      - gzip, deflate
      Connection:
      - keep-alive
      User-Agent:
      - python/3.8.1 (Windows-10-10.0.18362-SP0) msrest/0.6.13 msrest_azure/0.6.3
        azure-mgmt-hdinsight/1.4.0 Azure-SDK-For-Python
    method: GET
    uri: https://management.azure.com/subscriptions/00000000-0000-0000-0000-000000000000/resourceGroups/hdipy-d20d1380/providers/Microsoft.HDInsight/clusters/hdisdk-rserverd20d1380/azureasyncoperations/create?api-version=2018-06-01-preview
  response:
    body:
      string: '{"status":"InProgress"}'
    headers:
      cache-control:
      - no-cache
      content-length:
      - '23'
      content-type:
      - application/json; charset=utf-8
      date:
      - Fri, 17 Jul 2020 10:24:56 GMT
      expires:
      - '-1'
      pragma:
      - no-cache
      strict-transport-security:
      - max-age=31536000; includeSubDomains
      transfer-encoding:
      - chunked
      vary:
      - Accept-Encoding
      x-content-type-options:
      - nosniff
      x-ms-hdi-matched-rule:
      - ClusterResourcesAndSubResources
      x-ms-hdi-routed-to:
      - RegionalRp
      x-ms-hdi-served-by:
      - northcentralus
    status:
      code: 200
      message: OK
- request:
    body: null
    headers:
      Accept:
      - application/json
      Accept-Encoding:
      - gzip, deflate
      Connection:
      - keep-alive
      User-Agent:
      - python/3.8.1 (Windows-10-10.0.18362-SP0) msrest/0.6.13 msrest_azure/0.6.3
        azure-mgmt-hdinsight/1.4.0 Azure-SDK-For-Python
    method: GET
    uri: https://management.azure.com/subscriptions/00000000-0000-0000-0000-000000000000/resourceGroups/hdipy-d20d1380/providers/Microsoft.HDInsight/clusters/hdisdk-rserverd20d1380/azureasyncoperations/create?api-version=2018-06-01-preview
  response:
    body:
      string: '{"status":"InProgress"}'
    headers:
      cache-control:
      - no-cache
      content-length:
      - '23'
      content-type:
      - application/json; charset=utf-8
      date:
      - Fri, 17 Jul 2020 10:25:28 GMT
      expires:
      - '-1'
      pragma:
      - no-cache
      strict-transport-security:
      - max-age=31536000; includeSubDomains
      transfer-encoding:
      - chunked
      vary:
      - Accept-Encoding
      x-content-type-options:
      - nosniff
      x-ms-hdi-matched-rule:
      - ClusterResourcesAndSubResources
      x-ms-hdi-routed-to:
      - RegionalRp
      x-ms-hdi-served-by:
      - northcentralus
    status:
      code: 200
      message: OK
- request:
    body: null
    headers:
      Accept:
      - application/json
      Accept-Encoding:
      - gzip, deflate
      Connection:
      - keep-alive
      User-Agent:
      - python/3.8.1 (Windows-10-10.0.18362-SP0) msrest/0.6.13 msrest_azure/0.6.3
        azure-mgmt-hdinsight/1.4.0 Azure-SDK-For-Python
    method: GET
    uri: https://management.azure.com/subscriptions/00000000-0000-0000-0000-000000000000/resourceGroups/hdipy-d20d1380/providers/Microsoft.HDInsight/clusters/hdisdk-rserverd20d1380/azureasyncoperations/create?api-version=2018-06-01-preview
  response:
    body:
      string: '{"status":"InProgress"}'
    headers:
      cache-control:
      - no-cache
      content-length:
      - '23'
      content-type:
      - application/json; charset=utf-8
      date:
      - Fri, 17 Jul 2020 10:25:59 GMT
      expires:
      - '-1'
      pragma:
      - no-cache
      strict-transport-security:
      - max-age=31536000; includeSubDomains
      transfer-encoding:
      - chunked
      vary:
      - Accept-Encoding
      x-content-type-options:
      - nosniff
      x-ms-hdi-matched-rule:
      - ClusterResourcesAndSubResources
      x-ms-hdi-routed-to:
      - RegionalRp
      x-ms-hdi-served-by:
      - northcentralus
    status:
      code: 200
      message: OK
- request:
    body: null
    headers:
      Accept:
      - application/json
      Accept-Encoding:
      - gzip, deflate
      Connection:
      - keep-alive
      User-Agent:
      - python/3.8.1 (Windows-10-10.0.18362-SP0) msrest/0.6.13 msrest_azure/0.6.3
        azure-mgmt-hdinsight/1.4.0 Azure-SDK-For-Python
    method: GET
    uri: https://management.azure.com/subscriptions/00000000-0000-0000-0000-000000000000/resourceGroups/hdipy-d20d1380/providers/Microsoft.HDInsight/clusters/hdisdk-rserverd20d1380/azureasyncoperations/create?api-version=2018-06-01-preview
  response:
    body:
      string: '{"status":"InProgress"}'
    headers:
      cache-control:
      - no-cache
      content-length:
      - '23'
      content-type:
      - application/json; charset=utf-8
      date:
      - Fri, 17 Jul 2020 10:26:30 GMT
      expires:
      - '-1'
      pragma:
      - no-cache
      strict-transport-security:
      - max-age=31536000; includeSubDomains
      transfer-encoding:
      - chunked
      vary:
      - Accept-Encoding
      x-content-type-options:
      - nosniff
      x-ms-hdi-matched-rule:
      - ClusterResourcesAndSubResources
      x-ms-hdi-routed-to:
      - RegionalRp
      x-ms-hdi-served-by:
      - northcentralus
    status:
      code: 200
      message: OK
- request:
    body: null
    headers:
      Accept:
      - application/json
      Accept-Encoding:
      - gzip, deflate
      Connection:
      - keep-alive
      User-Agent:
      - python/3.8.1 (Windows-10-10.0.18362-SP0) msrest/0.6.13 msrest_azure/0.6.3
        azure-mgmt-hdinsight/1.4.0 Azure-SDK-For-Python
    method: GET
    uri: https://management.azure.com/subscriptions/00000000-0000-0000-0000-000000000000/resourceGroups/hdipy-d20d1380/providers/Microsoft.HDInsight/clusters/hdisdk-rserverd20d1380/azureasyncoperations/create?api-version=2018-06-01-preview
  response:
    body:
      string: '{"status":"InProgress"}'
    headers:
      cache-control:
      - no-cache
      content-length:
      - '23'
      content-type:
      - application/json; charset=utf-8
      date:
      - Fri, 17 Jul 2020 10:27:04 GMT
      expires:
      - '-1'
      pragma:
      - no-cache
      strict-transport-security:
      - max-age=31536000; includeSubDomains
      transfer-encoding:
      - chunked
      vary:
      - Accept-Encoding
      x-content-type-options:
      - nosniff
      x-ms-hdi-matched-rule:
      - ClusterResourcesAndSubResources
      x-ms-hdi-routed-to:
      - RegionalRp
      x-ms-hdi-served-by:
      - northcentralus
    status:
      code: 200
      message: OK
- request:
    body: null
    headers:
      Accept:
      - application/json
      Accept-Encoding:
      - gzip, deflate
      Connection:
      - keep-alive
      User-Agent:
      - python/3.8.1 (Windows-10-10.0.18362-SP0) msrest/0.6.13 msrest_azure/0.6.3
        azure-mgmt-hdinsight/1.4.0 Azure-SDK-For-Python
    method: GET
    uri: https://management.azure.com/subscriptions/00000000-0000-0000-0000-000000000000/resourceGroups/hdipy-d20d1380/providers/Microsoft.HDInsight/clusters/hdisdk-rserverd20d1380/azureasyncoperations/create?api-version=2018-06-01-preview
  response:
    body:
      string: '{"status":"InProgress"}'
    headers:
      cache-control:
      - no-cache
      content-length:
      - '23'
      content-type:
      - application/json; charset=utf-8
      date:
      - Fri, 17 Jul 2020 10:27:36 GMT
      expires:
      - '-1'
      pragma:
      - no-cache
      strict-transport-security:
      - max-age=31536000; includeSubDomains
      transfer-encoding:
      - chunked
      vary:
      - Accept-Encoding
      x-content-type-options:
      - nosniff
      x-ms-hdi-matched-rule:
      - ClusterResourcesAndSubResources
      x-ms-hdi-routed-to:
      - RegionalRp
      x-ms-hdi-served-by:
      - northcentralus
    status:
      code: 200
      message: OK
- request:
    body: null
    headers:
      Accept:
      - application/json
      Accept-Encoding:
      - gzip, deflate
      Connection:
      - keep-alive
      User-Agent:
      - python/3.8.1 (Windows-10-10.0.18362-SP0) msrest/0.6.13 msrest_azure/0.6.3
        azure-mgmt-hdinsight/1.4.0 Azure-SDK-For-Python
    method: GET
    uri: https://management.azure.com/subscriptions/00000000-0000-0000-0000-000000000000/resourceGroups/hdipy-d20d1380/providers/Microsoft.HDInsight/clusters/hdisdk-rserverd20d1380/azureasyncoperations/create?api-version=2018-06-01-preview
  response:
    body:
      string: '{"status":"InProgress"}'
    headers:
      cache-control:
      - no-cache
      content-length:
      - '23'
      content-type:
      - application/json; charset=utf-8
      date:
      - Fri, 17 Jul 2020 10:28:06 GMT
      expires:
      - '-1'
      pragma:
      - no-cache
      strict-transport-security:
      - max-age=31536000; includeSubDomains
      transfer-encoding:
      - chunked
      vary:
      - Accept-Encoding
      x-content-type-options:
      - nosniff
      x-ms-hdi-matched-rule:
      - ClusterResourcesAndSubResources
      x-ms-hdi-routed-to:
      - RegionalRp
      x-ms-hdi-served-by:
      - northcentralus
    status:
      code: 200
      message: OK
- request:
    body: null
    headers:
      Accept:
      - application/json
      Accept-Encoding:
      - gzip, deflate
      Connection:
      - keep-alive
      User-Agent:
      - python/3.8.1 (Windows-10-10.0.18362-SP0) msrest/0.6.13 msrest_azure/0.6.3
        azure-mgmt-hdinsight/1.4.0 Azure-SDK-For-Python
    method: GET
    uri: https://management.azure.com/subscriptions/00000000-0000-0000-0000-000000000000/resourceGroups/hdipy-d20d1380/providers/Microsoft.HDInsight/clusters/hdisdk-rserverd20d1380/azureasyncoperations/create?api-version=2018-06-01-preview
  response:
    body:
      string: '{"status":"InProgress"}'
    headers:
      cache-control:
      - no-cache
      content-length:
      - '23'
      content-type:
      - application/json; charset=utf-8
      date:
      - Fri, 17 Jul 2020 10:28:36 GMT
      expires:
      - '-1'
      pragma:
      - no-cache
      strict-transport-security:
      - max-age=31536000; includeSubDomains
      transfer-encoding:
      - chunked
      vary:
      - Accept-Encoding
      x-content-type-options:
      - nosniff
      x-ms-hdi-matched-rule:
      - ClusterResourcesAndSubResources
      x-ms-hdi-routed-to:
      - RegionalRp
      x-ms-hdi-served-by:
      - northcentralus
    status:
      code: 200
      message: OK
- request:
    body: null
    headers:
      Accept:
      - application/json
      Accept-Encoding:
      - gzip, deflate
      Connection:
      - keep-alive
      User-Agent:
      - python/3.8.1 (Windows-10-10.0.18362-SP0) msrest/0.6.13 msrest_azure/0.6.3
        azure-mgmt-hdinsight/1.4.0 Azure-SDK-For-Python
    method: GET
    uri: https://management.azure.com/subscriptions/00000000-0000-0000-0000-000000000000/resourceGroups/hdipy-d20d1380/providers/Microsoft.HDInsight/clusters/hdisdk-rserverd20d1380/azureasyncoperations/create?api-version=2018-06-01-preview
  response:
    body:
      string: '{"status":"InProgress"}'
    headers:
      cache-control:
      - no-cache
      content-length:
      - '23'
      content-type:
      - application/json; charset=utf-8
      date:
      - Fri, 17 Jul 2020 10:29:07 GMT
      expires:
      - '-1'
      pragma:
      - no-cache
      strict-transport-security:
      - max-age=31536000; includeSubDomains
      transfer-encoding:
      - chunked
      vary:
      - Accept-Encoding
      x-content-type-options:
      - nosniff
      x-ms-hdi-matched-rule:
      - ClusterResourcesAndSubResources
      x-ms-hdi-routed-to:
      - RegionalRp
      x-ms-hdi-served-by:
      - northcentralus
    status:
      code: 200
      message: OK
- request:
    body: null
    headers:
      Accept:
      - application/json
      Accept-Encoding:
      - gzip, deflate
      Connection:
      - keep-alive
      User-Agent:
      - python/3.8.1 (Windows-10-10.0.18362-SP0) msrest/0.6.13 msrest_azure/0.6.3
        azure-mgmt-hdinsight/1.4.0 Azure-SDK-For-Python
    method: GET
    uri: https://management.azure.com/subscriptions/00000000-0000-0000-0000-000000000000/resourceGroups/hdipy-d20d1380/providers/Microsoft.HDInsight/clusters/hdisdk-rserverd20d1380/azureasyncoperations/create?api-version=2018-06-01-preview
  response:
    body:
      string: '{"status":"InProgress"}'
    headers:
      cache-control:
      - no-cache
      content-length:
      - '23'
      content-type:
      - application/json; charset=utf-8
      date:
      - Fri, 17 Jul 2020 10:29:38 GMT
      expires:
      - '-1'
      pragma:
      - no-cache
      strict-transport-security:
      - max-age=31536000; includeSubDomains
      transfer-encoding:
      - chunked
      vary:
      - Accept-Encoding
      x-content-type-options:
      - nosniff
      x-ms-hdi-matched-rule:
      - ClusterResourcesAndSubResources
      x-ms-hdi-routed-to:
      - RegionalRp
      x-ms-hdi-served-by:
      - northcentralus
    status:
      code: 200
      message: OK
- request:
    body: null
    headers:
      Accept:
      - application/json
      Accept-Encoding:
      - gzip, deflate
      Connection:
      - keep-alive
      User-Agent:
      - python/3.8.1 (Windows-10-10.0.18362-SP0) msrest/0.6.13 msrest_azure/0.6.3
        azure-mgmt-hdinsight/1.4.0 Azure-SDK-For-Python
    method: GET
    uri: https://management.azure.com/subscriptions/00000000-0000-0000-0000-000000000000/resourceGroups/hdipy-d20d1380/providers/Microsoft.HDInsight/clusters/hdisdk-rserverd20d1380/azureasyncoperations/create?api-version=2018-06-01-preview
  response:
    body:
      string: '{"status":"Succeeded"}'
    headers:
      cache-control:
      - no-cache
      content-length:
      - '22'
      content-type:
      - application/json; charset=utf-8
      date:
      - Fri, 17 Jul 2020 13:19:23 GMT
      expires:
      - '-1'
      pragma:
      - no-cache
      strict-transport-security:
      - max-age=31536000; includeSubDomains
      transfer-encoding:
      - chunked
      vary:
      - Accept-Encoding
      x-content-type-options:
      - nosniff
      x-ms-hdi-matched-rule:
      - ClusterResourcesAndSubResources
      x-ms-hdi-routed-to:
      - RegionalRp
      x-ms-hdi-served-by:
      - northcentralus
    status:
      code: 200
      message: OK
- request:
    body: null
    headers:
      Accept:
      - application/json
      Accept-Encoding:
      - gzip, deflate
      Connection:
      - keep-alive
      User-Agent:
      - python/3.8.1 (Windows-10-10.0.18362-SP0) msrest/0.6.13 msrest_azure/0.6.3
        azure-mgmt-hdinsight/1.4.0 Azure-SDK-For-Python
    method: GET
    uri: https://management.azure.com/subscriptions/00000000-0000-0000-0000-000000000000/resourceGroups/hdipy-d20d1380/providers/Microsoft.HDInsight/clusters/hdisdk-rserverd20d1380?api-version=2018-06-01-preview
  response:
    body:
      string: '{"id":"/subscriptions/00000000-0000-0000-0000-000000000000/resourceGroups/hdipy-d20d1380/providers/Microsoft.HDInsight/clusters/hdisdk-rserverd20d1380","name":"hdisdk-rserverd20d1380","type":"Microsoft.HDInsight/clusters","location":"North
        Central US","etag":"564a0334-be70-4326-a298-08dacd174f33","tags":{},"properties":{"clusterVersion":"3.6.1000.0","clusterHdpVersion":"2.6.2.38-1","osType":"Linux","clusterDefinition":{"blueprint":"https://blueprints.azurehdinsight.net/rserver-3.6.1000.0.2006040535.json","kind":"RServer","componentVersion":{"spark":"2.1"}},"clusterId":"38a95e99b86d4f34894b793b290564fd","computeProfile":{"roles":[{"name":"headnode","targetInstanceCount":2,"hardwareProfile":{"vmSize":"standard_a4_v2"},"osProfile":{"linuxOperatingSystemProfile":{"username":"sshuser"}},"encryptDataDisks":false},{"name":"workernode","targetInstanceCount":3,"hardwareProfile":{"vmSize":"standard_a4_v2"},"osProfile":{"linuxOperatingSystemProfile":{"username":"sshuser"}},"encryptDataDisks":false},{"name":"zookeepernode","targetInstanceCount":3,"hardwareProfile":{"vmSize":"standard_a2_v2"},"osProfile":{"linuxOperatingSystemProfile":{"username":"sshuser"}},"encryptDataDisks":false},{"name":"edgenode","targetInstanceCount":1,"hardwareProfile":{"vmSize":"standard_d4_v2"},"osProfile":{"linuxOperatingSystemProfile":{"username":"sshuser"}},"encryptDataDisks":false}]},"provisioningState":"Succeeded","clusterState":"Running","createdDate":"2020-07-17T10:08:47.893","quotaInfo":{"coresUsed":28},"connectivityEndpoints":[{"name":"SSH","protocol":"TCP","location":"hdisdk-rserverd20d1380-ssh.azurehdinsight.net","port":22},{"name":"EDGESSH","protocol":"TCP","location":"hdisdk-rserverd20d1380-ed-ssh.azurehdinsight.net","port":22},{"name":"HTTPS","protocol":"TCP","location":"hdisdk-rserverd20d1380.azurehdinsight.net","port":443}],"tier":"standard","encryptionInTransitProperties":{"isEncryptionInTransitEnabled":false},"storageProfile":{"storageaccounts":[{"name":"hdipy.blob.core.windows.net","resourceId":null,"msiResourceId":null,"key":null,"fileSystem":null,"container":"hdisdk-rserverd20d1380","saskey":null,"isDefault":true,"fileshare":null}]},"excludedServicesConfig":{"m_Item1":"default","m_Item2":""}}}'
    headers:
      cache-control:
      - no-cache
      content-length:
      - '2224'
      content-type:
      - application/json; charset=utf-8
      date:
      - Fri, 17 Jul 2020 13:19:24 GMT
      expires:
      - '-1'
      pragma:
      - no-cache
      strict-transport-security:
      - max-age=31536000; includeSubDomains
      transfer-encoding:
      - chunked
      vary:
      - Accept-Encoding
      x-content-type-options:
      - nosniff
      x-ms-hdi-matched-rule:
      - ClusterResourcesAndSubResources
      x-ms-hdi-routed-to:
      - RegionalRp
      x-ms-hdi-served-by:
      - northcentralus
    status:
      code: 200
      message: OK
version: 1
