interactions:
- request:
    body: 'b''{"location": "North Central US", "tags": {}, "properties": {"clusterVersion":
      "3.6", "osType": "Linux", "tier": "Standard", "clusterDefinition": {"kind":
      "hadoop", "configurations": {"gateway": {"restAuthCredential.isEnabled": "true",
      "restAuthCredential.username": "admin", "restAuthCredential.password": "Password1!"}}},
      "computeProfile": {"roles": [{"name": "headnode", "targetInstanceCount": 2,
      "hardwareProfile": {"vmSize": "Large"}, "osProfile": {"linuxOperatingSystemProfile":
      {"username": "sshuser", "password": "Password1!"}}}, {"name": "workernode",
      "targetInstanceCount": 3, "hardwareProfile": {"vmSize": "Large"}, "osProfile":
      {"linuxOperatingSystemProfile": {"username": "sshuser", "password": "Password1!"}}},
      {"name": "zookeepernode", "targetInstanceCount": 3, "hardwareProfile": {"vmSize":
      "Small"}, "osProfile": {"linuxOperatingSystemProfile": {"username": "sshuser",
      "password": "Password1!"}}}]}, "storageProfile": {"storageaccounts": [{"name":
      "hdipy.blob.core.windows.net", "isDefault": true, "container": "hdisdk-applications-hued29c1382",
      "key": "8fDAgKmM+4Vp+cY3mGSkUxDy7Hq/W5osrYjVoiyye6OjtX31tZjkTxarsQoKVbtXsKfZCXLDfc/0sbJpIqrozw=="}]}}}'''
    headers:
      Accept:
      - application/json
      Accept-Encoding:
      - gzip, deflate
      Connection:
      - keep-alive
      Content-Length:
      - '1172'
      Content-Type:
      - application/json; charset=utf-8
      User-Agent:
      - python/3.6.9 (Linux-4.19.76-linuxkit-x86_64-with-Ubuntu-18.04-bionic) msrest/0.6.10
        msrest_azure/0.6.2 azure-mgmt-hdinsight/2.0.0 Azure-SDK-For-Python
      accept-language:
      - en-US
    method: PUT
    uri: https://management.azure.com/subscriptions/00000000-0000-0000-0000-000000000000/resourceGroups/hdipy-d29c1382/providers/Microsoft.HDInsight/clusters/hdisdk-applications-hued29c1382?api-version=2018-06-01-preview
  response:
    body:
      string: '{"id":"/subscriptions/00000000-0000-0000-0000-000000000000/resourceGroups/hdipy-d29c1382/providers/Microsoft.HDInsight/clusters/hdisdk-applications-hued29c1382","name":"hdisdk-applications-hued29c1382","type":"Microsoft.HDInsight/clusters","location":"North
        Central US","etag":"5d0198c1-0bcc-4415-86ee-a3c30e127702","tags":{},"properties":{"clusterVersion":"3.6.1000.67","clusterHdpVersion":"2.6.5.3026-7","osType":"Linux","clusterDefinition":{"blueprint":"https://blueprints.azurehdinsight.net/hadoop-3.6.1000.67.2009301626.json","kind":"hadoop","componentVersion":{"hadoop":"2.7"}},"clusterId":"097669da55f94f99a3462972aadfe9d0","computeProfile":{"roles":[{"name":"headnode","targetInstanceCount":2,"hardwareProfile":{"vmSize":"standard_a4_v2"},"osProfile":{"linuxOperatingSystemProfile":{"username":"sshuser"}},"encryptDataDisks":false},{"name":"workernode","targetInstanceCount":3,"hardwareProfile":{"vmSize":"standard_a4_v2"},"osProfile":{"linuxOperatingSystemProfile":{"username":"sshuser"}},"encryptDataDisks":false},{"name":"zookeepernode","targetInstanceCount":3,"hardwareProfile":{"vmSize":"standard_a1_v2"},"osProfile":{"linuxOperatingSystemProfile":{"username":"sshuser"}},"encryptDataDisks":false},{"name":"edgenode1","targetInstanceCount":1,"hardwareProfile":{"vmSize":"standard_a4_v2"},"osProfile":{"linuxOperatingSystemProfile":{"username":"sshuser"}},"encryptDataDisks":false}]},"provisioningState":"Succeeded","clusterState":"Running","createdDate":"2020-10-20T04:38:03.71","quotaInfo":{"coresUsed":24},"connectivityEndpoints":[{"name":"SSH","protocol":"TCP","location":"hdisdk-applications-hued29c1382-ssh.azurehdinsight.net","port":22},{"name":"HTTPS","protocol":"TCP","location":"hdisdk-applications-hued29c1382.azurehdinsight.net","port":443}],"tier":"standard","encryptionInTransitProperties":{"isEncryptionInTransitEnabled":false},"storageProfile":{"storageaccounts":[{"name":"hdipy.blob.core.windows.net","resourceId":null,"msiResourceId":null,"key":null,"fileSystem":null,"container":"hdisdk-applications-hued29c1382","saskey":null,"isDefault":true,"fileshare":null}]},"excludedServicesConfig":{"excludedServicesConfigId":"default","excludedServicesList":""},"computeIsolationProperties":{"enableComputeIsolation":false,"hostSku":null}}}'
    headers:
      azure-asyncoperation:
      - https://management.azure.com/subscriptions/00000000-0000-0000-0000-000000000000/resourceGroups/hdipy-d29c1382/providers/Microsoft.HDInsight/clusters/hdisdk-applications-hued29c1382/azureasyncoperations/create?api-version=2018-06-01-preview
      cache-control:
      - no-cache
      content-length:
      - '2271'
      content-type:
      - application/json; charset=utf-8
      date:
      - Tue, 20 Oct 2020 06:33:18 GMT
      etag:
      - '"5d0198c1-0bcc-4415-86ee-a3c30e127702"'
      expires:
      - '-1'
      pragma:
      - no-cache
      strict-transport-security:
      - max-age=31536000; includeSubDomains
      transfer-encoding:
      - chunked
      vary:
      - Accept-Encoding
      x-content-type-options:
      - nosniff
      x-ms-hdi-clusteruri:
      - https://management.azure.com/subscriptions/0b1f6471-1bf0-4dda-aec3-cb9272f09590/resourceGroups/hdipy-d29c1382/providers/Microsoft.HDInsight/clusters/hdisdk-applications-hued29c1382?api-version=2018-06-01-preview
      x-ms-hdi-matched-rule:
      - ClusterResourcesAndSubResources
      x-ms-hdi-routed-to:
      - RegionalRp
      x-ms-hdi-served-by:
      - northcentralus
      x-ms-ratelimit-remaining-subscription-writes:
      - '1199'
    status:
      code: 200
      message: OK
- request:
    body: null
    headers:
      Accept:
      - application/json
      Accept-Encoding:
      - gzip, deflate
      Connection:
      - keep-alive
      User-Agent:
      - python/3.6.9 (Linux-4.19.76-linuxkit-x86_64-with-Ubuntu-18.04-bionic) msrest/0.6.10
        msrest_azure/0.6.2 azure-mgmt-hdinsight/2.0.0 Azure-SDK-For-Python
    method: GET
    uri: https://management.azure.com/subscriptions/00000000-0000-0000-0000-000000000000/resourceGroups/hdipy-d29c1382/providers/Microsoft.HDInsight/clusters/hdisdk-applications-hued29c1382/azureasyncoperations/create?api-version=2018-06-01-preview
  response:
    body:
      string: '{"status":"Succeeded"}'
    headers:
      cache-control:
      - no-cache
      content-length:
      - '22'
      content-type:
      - application/json; charset=utf-8
      date:
      - Tue, 20 Oct 2020 06:33:50 GMT
      expires:
      - '-1'
      pragma:
      - no-cache
      strict-transport-security:
      - max-age=31536000; includeSubDomains
      transfer-encoding:
      - chunked
      vary:
      - Accept-Encoding
      x-content-type-options:
      - nosniff
      x-ms-hdi-matched-rule:
      - ClusterResourcesAndSubResources
      x-ms-hdi-routed-to:
      - RegionalRp
      x-ms-hdi-served-by:
      - northcentralus
    status:
      code: 200
      message: OK
- request:
    body: null
    headers:
      Accept:
      - application/json
      Accept-Encoding:
      - gzip, deflate
      Connection:
      - keep-alive
      User-Agent:
      - python/3.6.9 (Linux-4.19.76-linuxkit-x86_64-with-Ubuntu-18.04-bionic) msrest/0.6.10
        msrest_azure/0.6.2 azure-mgmt-hdinsight/2.0.0 Azure-SDK-For-Python
    method: GET
    uri: https://management.azure.com/subscriptions/00000000-0000-0000-0000-000000000000/resourceGroups/hdipy-d29c1382/providers/Microsoft.HDInsight/clusters/hdisdk-applications-hued29c1382?api-version=2018-06-01-preview
  response:
    body:
      string: '{"id":"/subscriptions/00000000-0000-0000-0000-000000000000/resourceGroups/hdipy-d29c1382/providers/Microsoft.HDInsight/clusters/hdisdk-applications-hued29c1382","name":"hdisdk-applications-hued29c1382","type":"Microsoft.HDInsight/clusters","location":"North
        Central US","etag":"5d0198c1-0bcc-4415-86ee-a3c30e127702","tags":{},"properties":{"clusterVersion":"3.6.1000.67","clusterHdpVersion":"2.6.5.3026-7","osType":"Linux","clusterDefinition":{"blueprint":"https://blueprints.azurehdinsight.net/hadoop-3.6.1000.67.2009301626.json","kind":"hadoop","componentVersion":{"hadoop":"2.7"}},"clusterId":"097669da55f94f99a3462972aadfe9d0","computeProfile":{"roles":[{"name":"headnode","targetInstanceCount":2,"hardwareProfile":{"vmSize":"standard_a4_v2"},"osProfile":{"linuxOperatingSystemProfile":{"username":"sshuser"}},"encryptDataDisks":false},{"name":"workernode","targetInstanceCount":3,"hardwareProfile":{"vmSize":"standard_a4_v2"},"osProfile":{"linuxOperatingSystemProfile":{"username":"sshuser"}},"encryptDataDisks":false},{"name":"zookeepernode","targetInstanceCount":3,"hardwareProfile":{"vmSize":"standard_a1_v2"},"osProfile":{"linuxOperatingSystemProfile":{"username":"sshuser"}},"encryptDataDisks":false},{"name":"edgenode1","targetInstanceCount":1,"hardwareProfile":{"vmSize":"standard_a4_v2"},"osProfile":{"linuxOperatingSystemProfile":{"username":"sshuser"}},"encryptDataDisks":false}]},"provisioningState":"Succeeded","clusterState":"Running","createdDate":"2020-10-20T04:38:03.71","quotaInfo":{"coresUsed":24},"connectivityEndpoints":[{"name":"SSH","protocol":"TCP","location":"hdisdk-applications-hued29c1382-ssh.azurehdinsight.net","port":22},{"name":"HTTPS","protocol":"TCP","location":"hdisdk-applications-hued29c1382.azurehdinsight.net","port":443}],"tier":"standard","encryptionInTransitProperties":{"isEncryptionInTransitEnabled":false},"storageProfile":{"storageaccounts":[{"name":"hdipy.blob.core.windows.net","resourceId":null,"msiResourceId":null,"key":null,"fileSystem":null,"container":"hdisdk-applications-hued29c1382","saskey":null,"isDefault":true,"fileshare":null}]},"excludedServicesConfig":{"excludedServicesConfigId":"default","excludedServicesList":""},"computeIsolationProperties":{"enableComputeIsolation":false,"hostSku":null}}}'
    headers:
      cache-control:
      - no-cache
      content-length:
      - '2271'
      content-type:
      - application/json; charset=utf-8
      date:
      - Tue, 20 Oct 2020 06:33:51 GMT
      expires:
      - '-1'
      pragma:
      - no-cache
      strict-transport-security:
      - max-age=31536000; includeSubDomains
      transfer-encoding:
      - chunked
      vary:
      - Accept-Encoding
      x-content-type-options:
      - nosniff
      x-ms-hdi-matched-rule:
      - ClusterResourcesAndSubResources
      x-ms-hdi-routed-to:
      - RegionalRp
      x-ms-hdi-served-by:
      - northcentralus
    status:
      code: 200
      message: OK
- request:
    body: '{"properties": {"computeProfile": {"roles": [{"name": "edgenode", "targetInstanceCount":
      1, "hardwareProfile": {"vmSize": "Large"}}]}, "installScriptActions": [{"name":
      "InstallHue", "uri": "https://hdiconfigactions.blob.core.windows.net/linuxhueconfigactionv02/install-hue-uber-v02.sh",
      "parameters": "-version latest -port 20000", "roles": ["edgenode"]}], "applicationType":
      "CustomApplication"}}'
    headers:
      Accept:
      - application/json
      Accept-Encoding:
      - gzip, deflate
      Connection:
      - keep-alive
      Content-Length:
      - '398'
      Content-Type:
      - application/json; charset=utf-8
      User-Agent:
      - python/3.6.9 (Linux-4.19.76-linuxkit-x86_64-with-Ubuntu-18.04-bionic) msrest/0.6.10
        msrest_azure/0.6.2 azure-mgmt-hdinsight/2.0.0 Azure-SDK-For-Python
      accept-language:
      - en-US
    method: PUT
    uri: https://management.azure.com/subscriptions/00000000-0000-0000-0000-000000000000/resourceGroups/hdipy-d29c1382/providers/Microsoft.HDInsight/clusters/hdisdk-applications-hued29c1382/applications/MyApplication?api-version=2018-06-01-preview
  response:
    body:
      string: '{"id":"/subscriptions/00000000-0000-0000-0000-000000000000/resourceGroups/hdipy-d29c1382/providers/Microsoft.HDInsight/clusters/hdisdk-applications-hued29c1382/applications/MyApplication","name":"MyApplication","type":"Microsoft.HDInsight/clusters/applications","etag":"182B3ED9-A63B-4C63-844D-B35892E15A67","tags":null,"properties":{"computeProfile":{"roles":[{"name":"edgenode","targetInstanceCount":1,"VMGroupName":"edgenode1","hardwareProfile":{"vmSize":"standard_a4_v2"},"encryptDataDisks":false}]},"installScriptActions":[{"name":"InstallHue","uri":"https://hdiconfigactions.blob.core.windows.net/linuxhueconfigactionv02/install-hue-uber-v02.sh","roles":["edgenode"]}],"uninstallScriptActions":[],"httpsEndpoints":[],"sshEndpoints":[{"location":"MyApplication.hdisdk-applications-hued29c1382-ssh.azurehdinsight.net:22","destinationPort":22,"publicPort":22}],"provisioningState":"Failed","applicationState":"Error","errors":[{"code":"FailedToAddApplicationErrorCode","message":"Failed
        to add an application {ApplicationName: MyApplication, ApplicationId: 277}"}],"createdDate":"2020-10-20T04:51:27.51","applicationType":"CustomApplication"}}'
    headers:
      azure-asyncoperation:
      - https://management.azure.com/subscriptions/00000000-0000-0000-0000-000000000000/resourceGroups/hdipy-d29c1382/providers/Microsoft.HDInsight/clusters/hdisdk-applications-hued29c1382/azureasyncoperations/create?api-version=2018-06-01-preview
      cache-control:
      - no-cache
      content-length:
      - '1146'
      content-type:
      - application/json; charset=utf-8
      date:
      - Tue, 20 Oct 2020 06:33:51 GMT
      etag:
      - '"182B3ED9-A63B-4C63-844D-B35892E15A67"'
      expires:
      - '-1'
      pragma:
      - no-cache
      strict-transport-security:
      - max-age=31536000; includeSubDomains
      transfer-encoding:
      - chunked
      vary:
      - Accept-Encoding
      x-content-type-options:
      - nosniff
      x-ms-hdi-appuri:
      - https://management.azure.com/subscriptions/0b1f6471-1bf0-4dda-aec3-cb9272f09590/resourceGroups/hdipy-d29c1382/providers/Microsoft.HDInsight/clusters/hdisdk-applications-hued29c1382/applications/MyApplication?api-version=2018-06-01-preview
      x-ms-hdi-matched-rule:
      - ClusterResourcesAndSubResources
      x-ms-hdi-routed-to:
      - RegionalRp
      x-ms-hdi-served-by:
      - northcentralus
      x-ms-ratelimit-remaining-subscription-writes:
      - '1198'
    status:
      code: 200
      message: OK
- request:
    body: null
    headers:
      Accept:
      - application/json
      Accept-Encoding:
      - gzip, deflate
      Connection:
      - keep-alive
      User-Agent:
      - python/3.6.9 (Linux-4.19.76-linuxkit-x86_64-with-Ubuntu-18.04-bionic) msrest/0.6.10
        msrest_azure/0.6.2 azure-mgmt-hdinsight/2.0.0 Azure-SDK-For-Python
    method: GET
    uri: https://management.azure.com/subscriptions/00000000-0000-0000-0000-000000000000/resourceGroups/hdipy-d29c1382/providers/Microsoft.HDInsight/clusters/hdisdk-applications-hued29c1382/azureasyncoperations/create?api-version=2018-06-01-preview
  response:
    body:
      string: '{"status":"Succeeded"}'
    headers:
      cache-control:
      - no-cache
      content-length:
      - '22'
      content-type:
      - application/json; charset=utf-8
      date:
      - Tue, 20 Oct 2020 06:34:23 GMT
      expires:
      - '-1'
      pragma:
      - no-cache
      strict-transport-security:
      - max-age=31536000; includeSubDomains
      transfer-encoding:
      - chunked
      vary:
      - Accept-Encoding
      x-content-type-options:
      - nosniff
      x-ms-hdi-matched-rule:
      - ClusterResourcesAndSubResources
      x-ms-hdi-routed-to:
      - RegionalRp
      x-ms-hdi-served-by:
      - northcentralus
    status:
      code: 200
      message: OK
- request:
    body: null
    headers:
      Accept:
      - application/json
      Accept-Encoding:
      - gzip, deflate
      Connection:
      - keep-alive
      User-Agent:
      - python/3.6.9 (Linux-4.19.76-linuxkit-x86_64-with-Ubuntu-18.04-bionic) msrest/0.6.10
        msrest_azure/0.6.2 azure-mgmt-hdinsight/2.0.0 Azure-SDK-For-Python
    method: GET
    uri: https://management.azure.com/subscriptions/00000000-0000-0000-0000-000000000000/resourceGroups/hdipy-d29c1382/providers/Microsoft.HDInsight/clusters/hdisdk-applications-hued29c1382/applications/MyApplication?api-version=2018-06-01-preview
  response:
    body:
      string: '{"id":"/subscriptions/00000000-0000-0000-0000-000000000000/resourceGroups/hdipy-d29c1382/providers/Microsoft.HDInsight/clusters/hdisdk-applications-hued29c1382/applications/MyApplication","name":"MyApplication","type":"Microsoft.HDInsight/clusters/applications","etag":"182B3ED9-A63B-4C63-844D-B35892E15A67","tags":null,"properties":{"computeProfile":{"roles":[{"name":"edgenode","targetInstanceCount":1,"VMGroupName":"edgenode1","hardwareProfile":{"vmSize":"standard_a4_v2"},"encryptDataDisks":false}]},"installScriptActions":[{"name":"InstallHue","uri":"https://hdiconfigactions.blob.core.windows.net/linuxhueconfigactionv02/install-hue-uber-v02.sh","roles":["edgenode"]}],"uninstallScriptActions":[],"httpsEndpoints":[],"sshEndpoints":[{"location":"MyApplication.hdisdk-applications-hued29c1382-ssh.azurehdinsight.net:22","destinationPort":22,"publicPort":22}],"provisioningState":"Failed","applicationState":"Error","errors":[{"code":"FailedToAddApplicationErrorCode","message":"Failed
        to add an application {ApplicationName: MyApplication, ApplicationId: 277}"}],"createdDate":"2020-10-20T04:51:27.51","applicationType":"CustomApplication"}}'
    headers:
      cache-control:
      - no-cache
      content-length:
      - '1146'
      content-type:
      - application/json; charset=utf-8
      date:
      - Tue, 20 Oct 2020 06:34:23 GMT
      expires:
      - '-1'
      pragma:
      - no-cache
      strict-transport-security:
      - max-age=31536000; includeSubDomains
      transfer-encoding:
      - chunked
      vary:
      - Accept-Encoding
      x-content-type-options:
      - nosniff
      x-ms-hdi-matched-rule:
      - ClusterResourcesAndSubResources
      x-ms-hdi-routed-to:
      - RegionalRp
      x-ms-hdi-served-by:
      - northcentralus
    status:
      code: 200
      message: OK
- request:
    body: null
    headers:
      Accept:
      - application/json
      Accept-Encoding:
      - gzip, deflate
      Connection:
      - keep-alive
      User-Agent:
      - python/3.6.9 (Linux-4.19.76-linuxkit-x86_64-with-Ubuntu-18.04-bionic) msrest/0.6.10
        msrest_azure/0.6.2 azure-mgmt-hdinsight/2.0.0 Azure-SDK-For-Python
      accept-language:
      - en-US
    method: GET
    uri: https://management.azure.com/subscriptions/00000000-0000-0000-0000-000000000000/resourceGroups/hdipy-d29c1382/providers/Microsoft.HDInsight/clusters/hdisdk-applications-hued29c1382/applications?api-version=2018-06-01-preview
  response:
    body:
      string: '{"value":[{"id":"/subscriptions/00000000-0000-0000-0000-000000000000/resourceGroups/hdipy-d29c1382/providers/Microsoft.HDInsight/clusters/hdisdk-applications-hued29c1382/applications/MyApplication","name":"MyApplication","type":"Microsoft.HDInsight/clusters/applications","etag":"182B3ED9-A63B-4C63-844D-B35892E15A67","tags":null,"properties":{"computeProfile":{"roles":[{"name":"edgenode","targetInstanceCount":1,"VMGroupName":"edgenode1","hardwareProfile":{"vmSize":"standard_a4_v2"},"encryptDataDisks":false}]},"installScriptActions":[{"name":"InstallHue","uri":"https://hdiconfigactions.blob.core.windows.net/linuxhueconfigactionv02/install-hue-uber-v02.sh","roles":["edgenode"]}],"uninstallScriptActions":[],"httpsEndpoints":[],"sshEndpoints":[{"location":"MyApplication.hdisdk-applications-hued29c1382-ssh.azurehdinsight.net:22","destinationPort":22,"publicPort":22}],"provisioningState":"Failed","applicationState":"Error","errors":[{"code":"FailedToAddApplicationErrorCode","message":"Failed
        to add an application {ApplicationName: MyApplication, ApplicationId: 277}"}],"createdDate":"2020-10-20T04:51:27.51","applicationType":"CustomApplication"}}]}'
    headers:
      cache-control:
      - no-cache
      content-length:
      - '1158'
      content-type:
      - application/json; charset=utf-8
      date:
      - Tue, 20 Oct 2020 06:34:24 GMT
      expires:
      - '-1'
      pragma:
      - no-cache
      strict-transport-security:
      - max-age=31536000; includeSubDomains
      transfer-encoding:
      - chunked
      vary:
      - Accept-Encoding
      x-content-type-options:
      - nosniff
      x-ms-hdi-matched-rule:
      - ClusterResourcesAndSubResources
      x-ms-hdi-routed-to:
      - RegionalRp
      x-ms-hdi-served-by:
      - northcentralus
    status:
      code: 200
      message: OK
- request:
    body: null
    headers:
      Accept:
      - application/json
      Accept-Encoding:
      - gzip, deflate
      Connection:
      - keep-alive
      Content-Length:
      - '0'
      User-Agent:
      - python/3.6.9 (Linux-4.19.76-linuxkit-x86_64-with-Ubuntu-18.04-bionic) msrest/0.6.10
        msrest_azure/0.6.2 azure-mgmt-hdinsight/2.0.0 Azure-SDK-For-Python
      accept-language:
      - en-US
    method: DELETE
    uri: https://management.azure.com/subscriptions/00000000-0000-0000-0000-000000000000/resourceGroups/hdipy-d29c1382/providers/Microsoft.HDInsight/clusters/hdisdk-applications-hued29c1382/applications/MyApplication?api-version=2018-06-01-preview
  response:
    body:
      string: ''
    headers:
      azure-asyncoperation:
      - https://management.azure.com/subscriptions/00000000-0000-0000-0000-000000000000/resourceGroups/hdipy-d29c1382/providers/Microsoft.HDInsight/clusters/hdisdk-applications-hued29c1382/azureasyncoperations/70aabd30-4c51-4687-a459-e0cc9bd34e7c-0-r?api-version=2018-06-01-preview
      cache-control:
      - no-cache
      content-length:
      - '0'
      date:
      - Tue, 20 Oct 2020 06:36:27 GMT
      expires:
      - '-1'
      location:
      - https://management.azure.com/subscriptions/00000000-0000-0000-0000-000000000000/resourceGroups/hdipy-d29c1382/providers/Microsoft.HDInsight/clusters/hdisdk-applications-hued29c1382/operationresults/70aabd30-4c51-4687-a459-e0cc9bd34e7c-0-r?api-version=2018-06-01-preview
      pragma:
      - no-cache
      strict-transport-security:
      - max-age=31536000; includeSubDomains
      x-content-type-options:
      - nosniff
      x-ms-hdi-matched-rule:
      - ClusterResourcesAndSubResources
      x-ms-hdi-routed-to:
      - RegionalRp
      x-ms-hdi-served-by:
      - northcentralus
      x-ms-ratelimit-remaining-subscription-deletes:
      - '14999'
    status:
      code: 202
      message: Accepted
- request:
    body: null
    headers:
      Accept:
      - application/json
      Accept-Encoding:
      - gzip, deflate
      Connection:
      - keep-alive
      User-Agent:
      - python/3.6.9 (Linux-4.19.76-linuxkit-x86_64-with-Ubuntu-18.04-bionic) msrest/0.6.10
        msrest_azure/0.6.2 azure-mgmt-hdinsight/2.0.0 Azure-SDK-For-Python
    method: GET
    uri: https://management.azure.com/subscriptions/00000000-0000-0000-0000-000000000000/resourceGroups/hdipy-d29c1382/providers/Microsoft.HDInsight/clusters/hdisdk-applications-hued29c1382/azureasyncoperations/70aabd30-4c51-4687-a459-e0cc9bd34e7c-0-r?api-version=2018-06-01-preview
  response:
    body:
      string: '{"status":"InProgress"}'
    headers:
      cache-control:
      - no-cache
      content-length:
      - '23'
      content-type:
      - application/json; charset=utf-8
      date:
      - Tue, 20 Oct 2020 06:37:28 GMT
      expires:
      - '-1'
      pragma:
      - no-cache
      strict-transport-security:
      - max-age=31536000; includeSubDomains
      transfer-encoding:
      - chunked
      vary:
      - Accept-Encoding
      x-content-type-options:
      - nosniff
      x-ms-hdi-matched-rule:
      - ClusterResourcesAndSubResources
      x-ms-hdi-routed-to:
      - RegionalRp
      x-ms-hdi-served-by:
      - northcentralus
    status:
      code: 200
      message: OK
- request:
    body: null
    headers:
      Accept:
      - application/json
      Accept-Encoding:
      - gzip, deflate
      Connection:
      - keep-alive
      User-Agent:
      - python/3.6.9 (Linux-4.19.76-linuxkit-x86_64-with-Ubuntu-18.04-bionic) msrest/0.6.10
        msrest_azure/0.6.2 azure-mgmt-hdinsight/2.0.0 Azure-SDK-For-Python
    method: GET
    uri: https://management.azure.com/subscriptions/00000000-0000-0000-0000-000000000000/resourceGroups/hdipy-d29c1382/providers/Microsoft.HDInsight/clusters/hdisdk-applications-hued29c1382/azureasyncoperations/70aabd30-4c51-4687-a459-e0cc9bd34e7c-0-r?api-version=2018-06-01-preview
  response:
    body:
      string: '{"status":"InProgress"}'
    headers:
      cache-control:
      - no-cache
      content-length:
      - '23'
      content-type:
      - application/json; charset=utf-8
      date:
      - Tue, 20 Oct 2020 06:37:59 GMT
      expires:
      - '-1'
      pragma:
      - no-cache
      strict-transport-security:
      - max-age=31536000; includeSubDomains
      transfer-encoding:
      - chunked
      vary:
      - Accept-Encoding
      x-content-type-options:
      - nosniff
      x-ms-hdi-matched-rule:
      - ClusterResourcesAndSubResources
      x-ms-hdi-routed-to:
      - RegionalRp
      x-ms-hdi-served-by:
      - northcentralus
    status:
      code: 200
      message: OK
- request:
    body: null
    headers:
      Accept:
      - application/json
      Accept-Encoding:
      - gzip, deflate
      Connection:
      - keep-alive
      User-Agent:
      - python/3.6.9 (Linux-4.19.76-linuxkit-x86_64-with-Ubuntu-18.04-bionic) msrest/0.6.10
        msrest_azure/0.6.2 azure-mgmt-hdinsight/2.0.0 Azure-SDK-For-Python
    method: GET
    uri: https://management.azure.com/subscriptions/00000000-0000-0000-0000-000000000000/resourceGroups/hdipy-d29c1382/providers/Microsoft.HDInsight/clusters/hdisdk-applications-hued29c1382/azureasyncoperations/70aabd30-4c51-4687-a459-e0cc9bd34e7c-0-r?api-version=2018-06-01-preview
  response:
    body:
      string: '{"status":"Succeeded"}'
    headers:
      cache-control:
      - no-cache
      content-length:
      - '22'
      content-type:
      - application/json; charset=utf-8
      date:
      - Tue, 20 Oct 2020 06:38:29 GMT
      expires:
      - '-1'
      pragma:
      - no-cache
      strict-transport-security:
      - max-age=31536000; includeSubDomains
      transfer-encoding:
      - chunked
      vary:
      - Accept-Encoding
      x-content-type-options:
      - nosniff
      x-ms-hdi-matched-rule:
      - ClusterResourcesAndSubResources
      x-ms-hdi-routed-to:
      - RegionalRp
      x-ms-hdi-served-by:
      - northcentralus
    status:
      code: 200
      message: OK
- request:
    body: null
    headers:
      Accept:
      - application/json
      Accept-Encoding:
      - gzip, deflate
      Connection:
      - keep-alive
      User-Agent:
      - python/3.6.9 (Linux-4.19.76-linuxkit-x86_64-with-Ubuntu-18.04-bionic) msrest/0.6.10
        msrest_azure/0.6.2 azure-mgmt-hdinsight/2.0.0 Azure-SDK-For-Python
      accept-language:
      - en-US
    method: GET
    uri: https://management.azure.com/subscriptions/00000000-0000-0000-0000-000000000000/resourceGroups/hdipy-d29c1382/providers/Microsoft.HDInsight/clusters/hdisdk-applications-hued29c1382/applications?api-version=2018-06-01-preview
  response:
    body:
      string: '{"value":[]}'
    headers:
      cache-control:
      - no-cache
      content-length:
      - '12'
      content-type:
      - application/json; charset=utf-8
      date:
      - Tue, 20 Oct 2020 06:38:30 GMT
      expires:
      - '-1'
      pragma:
      - no-cache
      strict-transport-security:
      - max-age=31536000; includeSubDomains
      transfer-encoding:
      - chunked
      vary:
      - Accept-Encoding
      x-content-type-options:
      - nosniff
      x-ms-hdi-matched-rule:
      - ClusterResourcesAndSubResources
      x-ms-hdi-routed-to:
      - RegionalRp
      x-ms-hdi-served-by:
      - northcentralus
    status:
      code: 200
      message: OK
version: 1
