interactions:
- request:
    body: '{"location": "westus", "identity": {"type": "SystemAssigned"}, "properties":
      {"containers": [{"name": "pycontainer26441510", "properties": {"image": "alpine:latest",
      "resources": {"requests": {"memoryInGB": 1.0, "cpu": 1.0}}, "volumeMounts":
      [{"name": "empty-volume", "mountPath": "/mnt/mydir"}], "livenessProbe": {"exec":
      {"command": ["cat/tmp/healthy"]}, "periodSeconds": 5}}}], "restartPolicy": "OnFailure",
      "osType": "Linux", "volumes": [{"name": "empty-volume", "emptyDir": {}}], "diagnostics":
      {"logAnalytics": {"workspaceId": "workspaceId", "workspaceKey": "workspaceKey"}}}}'
    headers:
      Accept:
      - application/json
      Accept-Encoding:
      - gzip, deflate
      Connection:
      - keep-alive
      Content-Length:
      - '582'
      Content-Type:
      - application/json; charset=utf-8
      User-Agent:
      - python/3.8.2 (Linux-4.19.104-microsoft-standard-x86_64-with-glibc2.29) msrest/0.6.16
        msrest_azure/0.6.3 azure-mgmt-containerinstance/2.0.0 Azure-SDK-For-Python
      accept-language:
      - en-US
    method: PUT
    uri: https://management.azure.com/subscriptions/00000000-0000-0000-0000-000000000000/resourceGroups/test_mgmt_containerinstance_test_container_instance26441510/providers/Microsoft.ContainerInstance/containerGroups/pycontainer26441510?api-version=2019-12-01
  response:
    body:
      string: '{"properties":{"sku":"Standard","provisioningState":"Pending","containers":[{"name":"pycontainer26441510","properties":{"image":"alpine:latest","ports":[],"environmentVariables":[],"resources":{"requests":{"memoryInGB":1.0,"cpu":1.0}},"volumeMounts":[{"name":"empty-volume","mountPath":"/mnt/mydir"}],"livenessProbe":{"exec":{"command":["cat/tmp/healthy"]},"periodSeconds":5}}}],"initContainers":[],"restartPolicy":"OnFailure","osType":"Linux","volumes":[{"name":"empty-volume","emptyDir":{}}],"instanceView":{"events":[],"state":"Pending"},"diagnostics":{"logAnalytics":{"workspaceId":"workspaceId"}}},"identity":{"principalId":"e2901604-c91b-4760-9ae3-8ab559cb5922","tenantId":"72f988bf-86f1-41af-91ab-2d7cd011db47","type":"SystemAssigned"},"id":"/subscriptions/00000000-0000-0000-0000-000000000000/resourceGroups/test_mgmt_containerinstance_test_container_instance26441510/providers/Microsoft.ContainerInstance/containerGroups/pycontainer26441510","name":"pycontainer26441510","type":"Microsoft.ContainerInstance/containerGroups","location":"westus"}'
    headers:
      azure-asyncoperation:
      - https://management.azure.com/subscriptions/00000000-0000-0000-0000-000000000000/providers/Microsoft.ContainerInstance/locations/westus/operations/b75e94c4-1751-4dcc-83d7-b419d5490db5?api-version=2018-06-01
      cache-control:
      - no-cache
      content-length:
      - '1053'
      content-type:
      - application/json; charset=utf-8
      date:
      - Wed, 24 Jun 2020 07:19:15 GMT
      expires:
      - '-1'
      pragma:
      - no-cache
      strict-transport-security:
      - max-age=31536000; includeSubDomains
      x-content-type-options:
      - nosniff
      x-ms-ratelimit-remaining-subscription-resource-requests-pt1h:
      - '299'
      x-ms-ratelimit-remaining-subscription-resource-requests-pt5m:
      - '99'
      x-ms-ratelimit-remaining-subscription-writes:
      - '1199'
    status:
      code: 201
      message: Created
- request:
    body: null
    headers:
      Accept:
      - application/json
      Accept-Encoding:
      - gzip, deflate
      Connection:
      - keep-alive
      User-Agent:
      - python/3.8.2 (Linux-4.19.104-microsoft-standard-x86_64-with-glibc2.29) msrest/0.6.16
        msrest_azure/0.6.3 azure-mgmt-containerinstance/2.0.0 Azure-SDK-For-Python
    method: GET
    uri: https://management.azure.com/subscriptions/00000000-0000-0000-0000-000000000000/providers/Microsoft.ContainerInstance/locations/westus/operations/b75e94c4-1751-4dcc-83d7-b419d5490db5?api-version=2018-06-01
  response:
    body:
      string: '{"id":"/subscriptions/00000000-0000-0000-0000-000000000000/resourceGroups/test_mgmt_containerinstance_test_container_instance26441510/providers/Microsoft.ContainerInstance/containerGroups/pycontainer26441510","status":"Succeeded","startTime":"2020-06-24T07:19:15.2395359Z","properties":{"events":[{"count":1,"firstTimestamp":"2020-06-24T07:19:20Z","lastTimestamp":"2020-06-24T07:19:20Z","name":"Pulling","message":"pulling
        image \"alpine:latest\"","type":"Normal"},{"count":1,"firstTimestamp":"2020-06-24T07:19:26Z","lastTimestamp":"2020-06-24T07:19:26Z","name":"Pulled","message":"Successfully
        pulled image \"alpine:latest\"","type":"Normal"},{"count":1,"firstTimestamp":"2020-06-24T07:19:31Z","lastTimestamp":"2020-06-24T07:19:31Z","name":"Created","message":"Created
        container","type":"Normal"},{"count":1,"firstTimestamp":"2020-06-24T07:19:34Z","lastTimestamp":"2020-06-24T07:19:34Z","name":"Started","message":"Started
        container","type":"Normal"}]}}'
    headers:
      cache-control:
      - no-cache
      content-length:
      - '954'
      content-type:
      - application/json; charset=utf-8
      date:
      - Wed, 24 Jun 2020 07:19:47 GMT
      expires:
      - '-1'
      pragma:
      - no-cache
      strict-transport-security:
      - max-age=31536000; includeSubDomains
      transfer-encoding:
      - chunked
      vary:
      - Accept-Encoding,Accept-Encoding
      x-content-type-options:
      - nosniff
    status:
      code: 200
      message: OK
- request:
    body: null
    headers:
      Accept:
      - application/json
      Accept-Encoding:
      - gzip, deflate
      Connection:
      - keep-alive
      User-Agent:
      - python/3.8.2 (Linux-4.19.104-microsoft-standard-x86_64-with-glibc2.29) msrest/0.6.16
        msrest_azure/0.6.3 azure-mgmt-containerinstance/2.0.0 Azure-SDK-For-Python
    method: GET
    uri: https://management.azure.com/subscriptions/00000000-0000-0000-0000-000000000000/resourceGroups/test_mgmt_containerinstance_test_container_instance26441510/providers/Microsoft.ContainerInstance/containerGroups/pycontainer26441510?api-version=2019-12-01
  response:
    body:
      string: '{"properties":{"sku":"Standard","provisioningState":"Succeeded","containers":[{"name":"pycontainer26441510","properties":{"image":"alpine:latest","ports":[],"environmentVariables":[],"instanceView":{"restartCount":0,"currentState":{"state":"Terminated","startTime":"2020-06-24T07:19:31Z","exitCode":0,"finishTime":"2020-06-24T07:19:32Z","detailStatus":"Completed"},"events":[{"count":1,"firstTimestamp":"2020-06-24T07:19:20Z","lastTimestamp":"2020-06-24T07:19:20Z","name":"Pulling","message":"pulling
        image \"alpine:latest\"","type":"Normal"},{"count":1,"firstTimestamp":"2020-06-24T07:19:26Z","lastTimestamp":"2020-06-24T07:19:26Z","name":"Pulled","message":"Successfully
        pulled image \"alpine:latest\"","type":"Normal"},{"count":1,"firstTimestamp":"2020-06-24T07:19:31Z","lastTimestamp":"2020-06-24T07:19:31Z","name":"Created","message":"Created
        container","type":"Normal"},{"count":1,"firstTimestamp":"2020-06-24T07:19:34Z","lastTimestamp":"2020-06-24T07:19:34Z","name":"Started","message":"Started
        container","type":"Normal"}]},"resources":{"requests":{"memoryInGB":1.0,"cpu":1.0}},"volumeMounts":[{"name":"empty-volume","mountPath":"/mnt/mydir"}],"livenessProbe":{"exec":{"command":["cat/tmp/healthy"]},"periodSeconds":5}}}],"initContainers":[],"restartPolicy":"OnFailure","osType":"Linux","volumes":[{"name":"empty-volume","emptyDir":{}}],"instanceView":{"events":[],"state":"Succeeded"},"diagnostics":{"logAnalytics":{"workspaceId":"workspaceId"}}},"identity":{"principalId":"e2901604-c91b-4760-9ae3-8ab559cb5922","tenantId":"72f988bf-86f1-41af-91ab-2d7cd011db47","type":"SystemAssigned"},"id":"/subscriptions/00000000-0000-0000-0000-000000000000/resourceGroups/test_mgmt_containerinstance_test_container_instance26441510/providers/Microsoft.ContainerInstance/containerGroups/pycontainer26441510","name":"pycontainer26441510","type":"Microsoft.ContainerInstance/containerGroups","location":"westus"}'
    headers:
      cache-control:
      - no-cache
      content-length:
      - '1906'
      content-type:
      - application/json; charset=utf-8
      date:
      - Wed, 24 Jun 2020 07:19:48 GMT
      expires:
      - '-1'
      pragma:
      - no-cache
      strict-transport-security:
      - max-age=31536000; includeSubDomains
      transfer-encoding:
      - chunked
      vary:
      - Accept-Encoding,Accept-Encoding
      x-content-type-options:
      - nosniff
    status:
      code: 200
      message: OK
- request:
    body: null
    headers:
      Accept:
      - application/json
      Accept-Encoding:
      - gzip, deflate
      Connection:
      - keep-alive
      User-Agent:
      - python/3.8.2 (Linux-4.19.104-microsoft-standard-x86_64-with-glibc2.29) msrest/0.6.16
        msrest_azure/0.6.3 azure-mgmt-containerinstance/2.0.0 Azure-SDK-For-Python
      accept-language:
      - en-US
    method: GET
    uri: https://management.azure.com/subscriptions/00000000-0000-0000-0000-000000000000/resourceGroups/test_mgmt_containerinstance_test_container_instance26441510/providers/Microsoft.ContainerInstance/containerGroups/pycontainer26441510?api-version=2019-12-01
  response:
    body:
      string: '{"properties":{"sku":"Standard","provisioningState":"Succeeded","containers":[{"name":"pycontainer26441510","properties":{"image":"alpine:latest","ports":[],"environmentVariables":[],"instanceView":{"restartCount":0,"currentState":{"state":"Terminated","startTime":"2020-06-24T07:19:31Z","exitCode":0,"finishTime":"2020-06-24T07:19:32Z","detailStatus":"Completed"},"events":[{"count":1,"firstTimestamp":"2020-06-24T07:19:20Z","lastTimestamp":"2020-06-24T07:19:20Z","name":"Pulling","message":"pulling
        image \"alpine:latest\"","type":"Normal"},{"count":1,"firstTimestamp":"2020-06-24T07:19:26Z","lastTimestamp":"2020-06-24T07:19:26Z","name":"Pulled","message":"Successfully
        pulled image \"alpine:latest\"","type":"Normal"},{"count":1,"firstTimestamp":"2020-06-24T07:19:31Z","lastTimestamp":"2020-06-24T07:19:31Z","name":"Created","message":"Created
        container","type":"Normal"},{"count":1,"firstTimestamp":"2020-06-24T07:19:34Z","lastTimestamp":"2020-06-24T07:19:34Z","name":"Started","message":"Started
        container","type":"Normal"}]},"resources":{"requests":{"memoryInGB":1.0,"cpu":1.0}},"volumeMounts":[{"name":"empty-volume","mountPath":"/mnt/mydir"}],"livenessProbe":{"exec":{"command":["cat/tmp/healthy"]},"periodSeconds":5}}}],"initContainers":[],"restartPolicy":"OnFailure","osType":"Linux","volumes":[{"name":"empty-volume","emptyDir":{}}],"instanceView":{"events":[],"state":"Succeeded"},"diagnostics":{"logAnalytics":{"workspaceId":"workspaceId"}}},"identity":{"principalId":"e2901604-c91b-4760-9ae3-8ab559cb5922","tenantId":"72f988bf-86f1-41af-91ab-2d7cd011db47","type":"SystemAssigned"},"id":"/subscriptions/00000000-0000-0000-0000-000000000000/resourceGroups/test_mgmt_containerinstance_test_container_instance26441510/providers/Microsoft.ContainerInstance/containerGroups/pycontainer26441510","name":"pycontainer26441510","type":"Microsoft.ContainerInstance/containerGroups","location":"westus"}'
    headers:
      cache-control:
      - no-cache
      content-length:
      - '1906'
      content-type:
      - application/json; charset=utf-8
      date:
      - Wed, 24 Jun 2020 07:19:50 GMT
      expires:
      - '-1'
      pragma:
      - no-cache
      strict-transport-security:
      - max-age=31536000; includeSubDomains
      transfer-encoding:
      - chunked
      vary:
      - Accept-Encoding,Accept-Encoding
      x-content-type-options:
      - nosniff
    status:
      code: 200
      message: OK
- request:
    body: null
    headers:
      Accept:
      - application/json
      Accept-Encoding:
      - gzip, deflate
      Connection:
      - keep-alive
      User-Agent:
      - python/3.8.2 (Linux-4.19.104-microsoft-standard-x86_64-with-glibc2.29) msrest/0.6.16
        msrest_azure/0.6.3 azure-mgmt-containerinstance/2.0.0 Azure-SDK-For-Python
      accept-language:
      - en-US
    method: GET
    uri: https://management.azure.com/subscriptions/00000000-0000-0000-0000-000000000000/resourceGroups/test_mgmt_containerinstance_test_container_instance26441510/providers/Microsoft.ContainerInstance/containerGroups?api-version=2019-12-01
  response:
    body:
      string: '{"value":[{"properties":{"sku":"Standard","provisioningState":"Succeeded","containers":[{"name":"pycontainer26441510","properties":{"image":"alpine:latest","ports":[],"environmentVariables":[],"resources":{"requests":{"memoryInGB":1.0,"cpu":1.0}},"volumeMounts":[{"name":"empty-volume","mountPath":"/mnt/mydir"}],"livenessProbe":{"exec":{"command":["cat/tmp/healthy"]},"periodSeconds":5}}}],"initContainers":[],"restartPolicy":"OnFailure","osType":"Linux","volumes":[{"name":"empty-volume","emptyDir":{}}],"diagnostics":{"logAnalytics":{"workspaceId":"workspaceId"}}},"identity":{"principalId":"e2901604-c91b-4760-9ae3-8ab559cb5922","tenantId":"72f988bf-86f1-41af-91ab-2d7cd011db47","type":"SystemAssigned"},"id":"/subscriptions/00000000-0000-0000-0000-000000000000/resourceGroups/test_mgmt_containerinstance_test_container_instance26441510/providers/Microsoft.ContainerInstance/containerGroups/pycontainer26441510","name":"pycontainer26441510","type":"Microsoft.ContainerInstance/containerGroups","location":"westus"}]}'
    headers:
      cache-control:
      - no-cache
      content-length:
      - '1020'
      content-type:
      - application/json; charset=utf-8
      date:
      - Wed, 24 Jun 2020 07:19:50 GMT
      expires:
      - '-1'
      pragma:
      - no-cache
      strict-transport-security:
      - max-age=31536000; includeSubDomains
      transfer-encoding:
      - chunked
      vary:
      - Accept-Encoding,Accept-Encoding
      x-content-type-options:
      - nosniff
    status:
      code: 200
      message: OK
- request:
    body: '{"command": "/bin/bash", "terminalSize": {"rows": 24, "cols": 80}}'
    headers:
      Accept:
      - application/json
      Accept-Encoding:
      - gzip, deflate
      Connection:
      - keep-alive
      Content-Length:
      - '66'
      Content-Type:
      - application/json; charset=utf-8
      User-Agent:
      - python/3.8.2 (Linux-4.19.104-microsoft-standard-x86_64-with-glibc2.29) msrest/0.6.16
        msrest_azure/0.6.3 azure-mgmt-containerinstance/2.0.0 Azure-SDK-For-Python
      accept-language:
      - en-US
    method: POST
    uri: https://management.azure.com/subscriptions/00000000-0000-0000-0000-000000000000/resourceGroups/test_mgmt_containerinstance_test_container_instance26441510/providers/Microsoft.ContainerInstance/containerGroups/pycontainer26441510/containers/pycontainer26441510/exec?api-version=2019-12-01
  response:
    body:
      string: '{"webSocketUri":"wss://bridge-linux-56.westus.management.azurecontainer.io/exec/caas-64fecb72f47c4ec1a28b80c2090700a4/bridge-9658fa886f0ac586?rows=24&cols=80&api-version=2018-02-01-preview","password":"iRLn7kR8Fb9n38QsZMcYFCvaV4taFwVPmJ8gz3VnrLA[[EOM]]"}'
    headers:
      cache-control:
      - no-cache
      content-length:
      - '254'
      content-type:
      - application/json; charset=utf-8
      date:
      - Wed, 24 Jun 2020 07:19:50 GMT
      expires:
      - '-1'
      pragma:
      - no-cache
      strict-transport-security:
      - max-age=31536000; includeSubDomains
      transfer-encoding:
      - chunked
      vary:
      - Accept-Encoding,Accept-Encoding
      x-content-type-options:
      - nosniff
      x-ms-ratelimit-remaining-subscription-writes:
      - '1199'
    status:
      code: 200
      message: OK
- request:
    body: null
    headers:
      Accept:
      - application/json
      Accept-Encoding:
      - gzip, deflate
      Connection:
      - keep-alive
      User-Agent:
      - python/3.8.2 (Linux-4.19.104-microsoft-standard-x86_64-with-glibc2.29) msrest/0.6.16
        msrest_azure/0.6.3 azure-mgmt-containerinstance/2.0.0 Azure-SDK-For-Python
      accept-language:
      - en-US
    method: GET
    uri: https://management.azure.com/subscriptions/00000000-0000-0000-0000-000000000000/resourceGroups/test_mgmt_containerinstance_test_container_instance26441510/providers/Microsoft.ContainerInstance/containerGroups/pycontainer26441510/containers/pycontainer26441510/logs?api-version=2019-12-01
  response:
    body:
      string: '{"content":""}'
    headers:
      cache-control:
      - no-cache
      content-length:
      - '14'
      content-type:
      - application/json; charset=utf-8
      date:
      - Wed, 24 Jun 2020 07:19:51 GMT
      expires:
      - '-1'
      pragma:
      - no-cache
      strict-transport-security:
      - max-age=31536000; includeSubDomains
      transfer-encoding:
      - chunked
      vary:
      - Accept-Encoding,Accept-Encoding
      x-content-type-options:
      - nosniff
    status:
      code: 200
      message: OK
- request:
    body: null
    headers:
      Accept:
      - application/json
      Accept-Encoding:
      - gzip, deflate
      Connection:
      - keep-alive
      Content-Length:
      - '0'
      User-Agent:
      - python/3.8.2 (Linux-4.19.104-microsoft-standard-x86_64-with-glibc2.29) msrest/0.6.16
        msrest_azure/0.6.3 azure-mgmt-containerinstance/2.0.0 Azure-SDK-For-Python
      accept-language:
      - en-US
    method: POST
    uri: https://management.azure.com/subscriptions/00000000-0000-0000-0000-000000000000/resourceGroups/test_mgmt_containerinstance_test_container_instance26441510/providers/Microsoft.ContainerInstance/containerGroups/pycontainer26441510/restart?api-version=2019-12-01
  response:
    body:
      string: ''
    headers:
      azure-asyncoperation:
      - https://management.azure.com/subscriptions/00000000-0000-0000-0000-000000000000/providers/Microsoft.ContainerInstance/locations/westus/operations/3ea1ab99-e6d8-42f8-8d32-22a615f0d690?api-version=2018-06-01
      cache-control:
      - no-cache
      date:
      - Wed, 24 Jun 2020 07:19:51 GMT
      expires:
      - '-1'
      pragma:
      - no-cache
      strict-transport-security:
      - max-age=31536000; includeSubDomains
      x-content-type-options:
      - nosniff
      x-ms-ratelimit-remaining-subscription-writes:
      - '1198'
    status:
      code: 204
      message: No Content
- request:
    body: null
    headers:
      Accept:
      - application/json
      Accept-Encoding:
      - gzip, deflate
      Connection:
      - keep-alive
      User-Agent:
      - python/3.8.2 (Linux-4.19.104-microsoft-standard-x86_64-with-glibc2.29) msrest/0.6.16
        msrest_azure/0.6.3 azure-mgmt-containerinstance/2.0.0 Azure-SDK-For-Python
    method: GET
    uri: https://management.azure.com/subscriptions/00000000-0000-0000-0000-000000000000/providers/Microsoft.ContainerInstance/locations/westus/operations/3ea1ab99-e6d8-42f8-8d32-22a615f0d690?api-version=2018-06-01
  response:
    body:
      string: '{"id":"/subscriptions/00000000-0000-0000-0000-000000000000/resourceGroups/test_mgmt_containerinstance_test_container_instance26441510/providers/Microsoft.ContainerInstance/containerGroups/pycontainer26441510","status":"Succeeded","startTime":"2020-06-24T07:19:51.5609319Z","properties":{"events":[{"count":1,"firstTimestamp":"2020-06-24T07:19:20Z","lastTimestamp":"2020-06-24T07:19:20Z","name":"Pulling","message":"pulling
        image \"alpine:latest\"","type":"Normal"},{"count":1,"firstTimestamp":"2020-06-24T07:19:26Z","lastTimestamp":"2020-06-24T07:19:26Z","name":"Pulled","message":"Successfully
        pulled image \"alpine:latest\"","type":"Normal"},{"count":1,"firstTimestamp":"2020-06-24T07:19:31Z","lastTimestamp":"2020-06-24T07:19:31Z","name":"Created","message":"Created
        container","type":"Normal"},{"count":1,"firstTimestamp":"2020-06-24T07:19:34Z","lastTimestamp":"2020-06-24T07:19:34Z","name":"Started","message":"Started
        container","type":"Normal"},{"count":1,"firstTimestamp":"2020-06-24T07:20:05Z","lastTimestamp":"2020-06-24T07:20:05Z","name":"Pulling","message":"pulling
        image \"alpine:latest\"","type":"Normal"},{"count":1,"firstTimestamp":"2020-06-24T07:20:06Z","lastTimestamp":"2020-06-24T07:20:06Z","name":"Pulled","message":"Successfully
        pulled image \"alpine:latest\"","type":"Normal"},{"count":1,"firstTimestamp":"2020-06-24T07:20:07Z","lastTimestamp":"2020-06-24T07:20:07Z","name":"Created","message":"Created
        container","type":"Normal"},{"count":1,"firstTimestamp":"2020-06-24T07:20:14Z","lastTimestamp":"2020-06-24T07:20:14Z","name":"Started","message":"Started
        container","type":"Normal"}]}}'
    headers:
      cache-control:
      - no-cache
      content-length:
      - '1609'
      content-type:
      - application/json; charset=utf-8
      date:
      - Wed, 24 Jun 2020 07:20:22 GMT
      expires:
      - '-1'
      pragma:
      - no-cache
      strict-transport-security:
      - max-age=31536000; includeSubDomains
      transfer-encoding:
      - chunked
      vary:
      - Accept-Encoding,Accept-Encoding
      x-content-type-options:
      - nosniff
    status:
      code: 200
      message: OK
version: 1
