{
  "Entries": [
    {
      "RequestUri": "https://management.azure.com/subscriptions/00000000-0000-0000-0000-000000000/resourceGroups/00000/providers/Microsoft.MachineLearningServices/workspaces/00000/datastores/workspaceblobstore?api-version=2022-05-01",
      "RequestMethod": "GET",
      "RequestHeaders": {
        "Accept": "application/json",
        "Accept-Encoding": "gzip, deflate",
        "Connection": "keep-alive",
        "User-Agent": "azure-ai-ml/1.1.0 azsdk-python-mgmt-machinelearningservices/0.1.0 Python/3.9.10 (Windows-10-10.0.22621-SP0)"
      },
      "RequestBody": null,
      "StatusCode": 200,
      "ResponseHeaders": {
        "Cache-Control": "no-cache",
        "Content-Encoding": "gzip",
        "Content-Type": "application/json; charset=utf-8",
        "Date": "Mon, 24 Oct 2022 13:52:04 GMT",
        "Expires": "-1",
        "Pragma": "no-cache",
        "Request-Context": "appId=cid-v1:512cc15a-13b5-415b-bfd0-dce7accb6bb1",
        "Server-Timing": "traceparent;desc=\u002200-68943c84c2f28b9e3e6add6a5bfc55f2-3bc7ba40600bd62a-00\u0022",
        "Strict-Transport-Security": "max-age=31536000; includeSubDomains",
        "Transfer-Encoding": "chunked",
        "Vary": [
          "Accept-Encoding",
          "Accept-Encoding"
        ],
        "x-aml-cluster": "vienna-test-westus2-02",
        "X-Content-Type-Options": "nosniff",
        "x-ms-correlation-request-id": "d20eaeeb-def5-49b1-a9f9-ff801974954b",
        "x-ms-ratelimit-remaining-subscription-reads": "11967",
        "x-ms-response-type": "standard",
        "x-ms-routing-request-id": "JAPANEAST:20221024T135204Z:d20eaeeb-def5-49b1-a9f9-ff801974954b",
        "x-request-time": "0.090"
      },
      "ResponseBody": {
        "id": "/subscriptions/00000000-0000-0000-0000-000000000/resourceGroups/00000/providers/Microsoft.MachineLearningServices/workspaces/00000/datastores/workspaceblobstore",
        "name": "workspaceblobstore",
        "type": "Microsoft.MachineLearningServices/workspaces/datastores",
        "properties": {
          "description": null,
          "tags": null,
          "properties": null,
          "isDefault": true,
          "credentials": {
            "credentialsType": "AccountKey"
          },
          "datastoreType": "AzureBlob",
          "accountName": "sagvgsoim6nmhbq",
          "containerName": "azureml-blobstore-e61cd5e2-512f-475e-9842-5e2a973993b8",
          "endpoint": "core.windows.net",
          "protocol": "https",
          "serviceDataAccessAuthIdentity": "WorkspaceSystemAssignedIdentity"
        },
        "systemData": {
          "createdAt": "2022-09-22T09:02:03.2629568\u002B00:00",
          "createdBy": "779301c0-18b2-4cdc-801b-a0a3368fee0a",
          "createdByType": "Application",
          "lastModifiedAt": "2022-09-22T09:02:04.166989\u002B00:00",
          "lastModifiedBy": "779301c0-18b2-4cdc-801b-a0a3368fee0a",
          "lastModifiedByType": "Application"
        }
      }
    },
    {
      "RequestUri": "https://management.azure.com/subscriptions/00000000-0000-0000-0000-000000000/resourceGroups/00000/providers/Microsoft.MachineLearningServices/workspaces/00000/datastores/workspaceblobstore/listSecrets?api-version=2022-05-01",
      "RequestMethod": "POST",
      "RequestHeaders": {
        "Accept": "application/json",
        "Accept-Encoding": "gzip, deflate",
        "Connection": "keep-alive",
        "Content-Length": "0",
        "User-Agent": "azure-ai-ml/1.1.0 azsdk-python-mgmt-machinelearningservices/0.1.0 Python/3.9.10 (Windows-10-10.0.22621-SP0)"
      },
      "RequestBody": null,
      "StatusCode": 200,
      "ResponseHeaders": {
        "Cache-Control": "no-cache",
        "Content-Encoding": "gzip",
        "Content-Type": "application/json; charset=utf-8",
        "Date": "Mon, 24 Oct 2022 13:52:04 GMT",
        "Expires": "-1",
        "Pragma": "no-cache",
        "Request-Context": "appId=cid-v1:512cc15a-13b5-415b-bfd0-dce7accb6bb1",
        "Server-Timing": "traceparent;desc=\u002200-944bd6fcb4ce9a97bb45d4ded88401b5-e7f0566c1f3d5f88-00\u0022",
        "Strict-Transport-Security": "max-age=31536000; includeSubDomains",
        "Transfer-Encoding": "chunked",
        "Vary": "Accept-Encoding",
        "x-aml-cluster": "vienna-test-westus2-02",
        "X-Content-Type-Options": "nosniff",
        "x-ms-correlation-request-id": "f45938ac-a0c9-4d5a-8b2d-904139a0ad40",
        "x-ms-ratelimit-remaining-subscription-writes": "1183",
        "x-ms-response-type": "standard",
        "x-ms-routing-request-id": "JAPANEAST:20221024T135205Z:f45938ac-a0c9-4d5a-8b2d-904139a0ad40",
        "x-request-time": "0.360"
      },
      "ResponseBody": {
        "secretsType": "AccountKey",
        "key": "dGhpcyBpcyBmYWtlIGtleQ=="
      }
    },
    {
      "RequestUri": "https://sagvgsoim6nmhbq.blob.core.windows.net/azureml-blobstore-e61cd5e2-512f-475e-9842-5e2a973993b8/LocalUpload/000000000000000000000000000000000000/starlite-component/component_spec.yaml",
      "RequestMethod": "HEAD",
      "RequestHeaders": {
        "Accept": "application/xml",
        "Accept-Encoding": "gzip, deflate",
        "Connection": "keep-alive",
        "User-Agent": "azsdk-python-storage-blob/12.14.0 Python/3.9.10 (Windows-10-10.0.22621-SP0)",
        "x-ms-date": "Mon, 24 Oct 2022 13:52:05 GMT",
        "x-ms-version": "2021-08-06"
      },
      "RequestBody": null,
      "StatusCode": 200,
      "ResponseHeaders": {
        "Accept-Ranges": "bytes",
        "Content-Length": "1194",
        "Content-MD5": "9poX0sLTS8Jcl6jwSy99Hg==",
        "Content-Type": "application/octet-stream",
        "Date": "Mon, 24 Oct 2022 13:52:05 GMT",
        "ETag": "\u00220x8DAB5ADE602C612\u0022",
        "Last-Modified": "Mon, 24 Oct 2022 10:52:51 GMT",
        "Server": [
          "Windows-Azure-Blob/1.0",
          "Microsoft-HTTPAPI/2.0"
        ],
        "Vary": "Origin",
        "x-ms-access-tier": "Hot",
        "x-ms-access-tier-inferred": "true",
        "x-ms-blob-type": "BlockBlob",
        "x-ms-creation-time": "Mon, 24 Oct 2022 10:52:51 GMT",
        "x-ms-lease-state": "available",
        "x-ms-lease-status": "unlocked",
        "x-ms-meta-name": "24be5e70-600a-39b9-df16-43097a549089",
        "x-ms-meta-upload_status": "completed",
        "x-ms-meta-version": "1",
        "x-ms-server-encrypted": "true",
        "x-ms-version": "2021-08-06"
      },
      "ResponseBody": null
    },
    {
      "RequestUri": "https://sagvgsoim6nmhbq.blob.core.windows.net/azureml-blobstore-e61cd5e2-512f-475e-9842-5e2a973993b8/az-ml-artifacts/000000000000000000000000000000000000/starlite-component/component_spec.yaml",
      "RequestMethod": "HEAD",
      "RequestHeaders": {
        "Accept": "application/xml",
        "Accept-Encoding": "gzip, deflate",
        "Connection": "keep-alive",
        "User-Agent": "azsdk-python-storage-blob/12.14.0 Python/3.9.10 (Windows-10-10.0.22621-SP0)",
        "x-ms-date": "Mon, 24 Oct 2022 13:52:05 GMT",
        "x-ms-version": "2021-08-06"
      },
      "RequestBody": null,
      "StatusCode": 404,
      "ResponseHeaders": {
        "Date": "Mon, 24 Oct 2022 13:52:05 GMT",
        "Server": [
          "Windows-Azure-Blob/1.0",
          "Microsoft-HTTPAPI/2.0"
        ],
        "Transfer-Encoding": "chunked",
        "Vary": "Origin",
        "x-ms-error-code": "BlobNotFound",
        "x-ms-version": "2021-08-06"
      },
      "ResponseBody": null
    },
    {
      "RequestUri": "https://management.azure.com/subscriptions/00000000-0000-0000-0000-000000000/resourceGroups/00000/providers/Microsoft.MachineLearningServices/workspaces/00000/codes/24be5e70-600a-39b9-df16-43097a549089/versions/1?api-version=2022-05-01",
      "RequestMethod": "PUT",
      "RequestHeaders": {
        "Accept": "application/json",
        "Accept-Encoding": "gzip, deflate",
        "Connection": "keep-alive",
        "Content-Length": "311",
        "Content-Type": "application/json",
        "User-Agent": "azure-ai-ml/1.1.0 azsdk-python-mgmt-machinelearningservices/0.1.0 Python/3.9.10 (Windows-10-10.0.22621-SP0)"
      },
      "RequestBody": {
        "properties": {
          "properties": {
            "hash_sha256": "0000000000000",
            "hash_version": "0000000000000"
          },
          "isAnonymous": true,
          "isArchived": false,
          "codeUri": "https://sagvgsoim6nmhbq.blob.core.windows.net/azureml-blobstore-e61cd5e2-512f-475e-9842-5e2a973993b8/LocalUpload/000000000000000000000000000000000000/starlite-component"
        }
      },
      "StatusCode": 200,
      "ResponseHeaders": {
        "Cache-Control": "no-cache",
        "Content-Encoding": "gzip",
        "Content-Type": "application/json; charset=utf-8",
        "Date": "Mon, 24 Oct 2022 13:52:05 GMT",
        "Expires": "-1",
        "Pragma": "no-cache",
        "Request-Context": "appId=cid-v1:512cc15a-13b5-415b-bfd0-dce7accb6bb1",
        "Server-Timing": "traceparent;desc=\u002200-eeacd3f2ce8235c24d9b6f8c32a3f612-30d78f94f8ab20f3-00\u0022",
        "Strict-Transport-Security": "max-age=31536000; includeSubDomains",
        "Transfer-Encoding": "chunked",
        "Vary": [
          "Accept-Encoding",
          "Accept-Encoding"
        ],
        "x-aml-cluster": "vienna-test-westus2-02",
        "X-Content-Type-Options": "nosniff",
        "x-ms-correlation-request-id": "d586f7e7-7892-4886-8c6a-07cd9afc44a9",
        "x-ms-ratelimit-remaining-subscription-writes": "1167",
        "x-ms-response-type": "standard",
        "x-ms-routing-request-id": "JAPANEAST:20221024T135206Z:d586f7e7-7892-4886-8c6a-07cd9afc44a9",
        "x-request-time": "0.224"
      },
      "ResponseBody": {
        "id": "/subscriptions/00000000-0000-0000-0000-000000000/resourceGroups/00000/providers/Microsoft.MachineLearningServices/workspaces/00000/codes/24be5e70-600a-39b9-df16-43097a549089/versions/1",
        "name": "1",
        "type": "Microsoft.MachineLearningServices/workspaces/codes/versions",
        "properties": {
          "description": null,
          "tags": {},
          "properties": {
            "hash_sha256": "0000000000000",
            "hash_version": "0000000000000"
          },
          "isArchived": false,
          "isAnonymous": false,
          "codeUri": "https://sagvgsoim6nmhbq.blob.core.windows.net/azureml-blobstore-e61cd5e2-512f-475e-9842-5e2a973993b8/LocalUpload/000000000000000000000000000000000000/starlite-component"
        },
        "systemData": {
          "createdAt": "2022-10-24T10:52:52.5224062\u002B00:00",
          "createdBy": "Xingzhi Zhang",
          "createdByType": "User",
          "lastModifiedAt": "2022-10-24T13:52:06.2159306\u002B00:00",
          "lastModifiedBy": "Xingzhi Zhang",
          "lastModifiedByType": "User"
        }
      }
    },
    {
      "RequestUri": "https://management.azure.com/subscriptions/00000000-0000-0000-0000-000000000/resourceGroups/00000/providers/Microsoft.MachineLearningServices/workspaces/00000/components/test_231683878742/versions/0.0.1?api-version=2022-05-01",
      "RequestMethod": "PUT",
      "RequestHeaders": {
        "Accept": "application/json",
        "Accept-Encoding": "gzip, deflate",
        "Connection": "keep-alive",
        "Content-Length": "1717",
        "Content-Type": "application/json",
        "User-Agent": "azure-ai-ml/1.1.0 azsdk-python-mgmt-machinelearningservices/0.1.0 Python/3.9.10 (Windows-10-10.0.22621-SP0)"
      },
      "RequestBody": {
        "properties": {
          "description": "Allows to download files from SearchGold to cosmos and get their revision information. \u0027FileList\u0027 input is a file with source depot paths, one per line.",
          "properties": {},
          "tags": {
            "category": "Component Tutorial",
            "contact": "amldesigner@microsoft.com"
          },
          "isAnonymous": false,
          "isArchived": false,
          "componentSpec": {
            "name": "test_231683878742",
            "description": "Allows to download files from SearchGold to cosmos and get their revision information. \u0027FileList\u0027 input is a file with source depot paths, one per line.",
            "tags": {
              "category": "Component Tutorial",
              "contact": "amldesigner@microsoft.com"
            },
            "version": "0.0.1",
            "$schema": "https://componentsdk.azureedge.net/jsonschema/StarliteComponent.json",
            "display_name": "Starlite SearchGold Get Files",
            "inputs": {
              "UploadToCosmos": {
                "type": "enum",
                "default": "False",
                "enum": [
                  "True",
                  "False"
                ]
              },
              "FileList": {
                "type": "AnyFile"
              },
              "RunId": {
                "type": "string",
                "optional": true,
                "description": "a parameter value"
              },
              "FileListFileName": {
                "type": "string",
                "default": "\\\\output.tsv"
              }
            },
            "outputs": {
              "Files": {
                "type": "AnyDirectory"
              },
              "CosmosPath": {
                "type": "AnyFile"
              },
              "ResultInfo": {
                "type": "AnyFile"
              }
            },
            "type": "StarliteComponent",
            "code": "azureml:/subscriptions/00000000-0000-0000-0000-000000000/resourceGroups/00000/providers/Microsoft.MachineLearningServices/workspaces/00000/codes/24be5e70-600a-39b9-df16-43097a549089/versions/1",
            "command": "Starlite.Cloud.SourceDepotGet.exe /UploadToCosmos:{inputs.UploadToCosmos} /FileList:{inputs.FileList}{inputs.FileListFileName} /Files:{outputs.Files} /CosmosPath:{outputs.CosmosPath} /ResultInfo:{outputs.ResultInfo} \u0022\u0022",
            "starlite": {
              "ref_id": "bd140f4d-7775-4246-a75c-1c86df9536fb"
            }
          }
        }
      },
      "StatusCode": 201,
      "ResponseHeaders": {
        "Cache-Control": "no-cache",
        "Content-Length": "2716",
        "Content-Type": "application/json; charset=utf-8",
        "Date": "Mon, 24 Oct 2022 13:52:07 GMT",
        "Expires": "-1",
        "Location": "https://management.azure.com/subscriptions/00000000-0000-0000-0000-000000000/resourceGroups/00000/providers/Microsoft.MachineLearningServices/workspaces/00000/components/test_231683878742/versions/0.0.1?api-version=2022-05-01",
        "Pragma": "no-cache",
        "Request-Context": "appId=cid-v1:512cc15a-13b5-415b-bfd0-dce7accb6bb1",
        "Server-Timing": "traceparent;desc=\u002200-fd2c0730e3756a1cf0d7ed15a675ad1e-77c51118e046b523-00\u0022",
        "Strict-Transport-Security": "max-age=31536000; includeSubDomains",
        "x-aml-cluster": "vienna-test-westus2-02",
        "X-Content-Type-Options": "nosniff",
        "x-ms-correlation-request-id": "6762127d-25af-4ba8-a4a1-d95cc46e4cd4",
        "x-ms-ratelimit-remaining-subscription-writes": "1166",
        "x-ms-response-type": "standard",
        "x-ms-routing-request-id": "JAPANEAST:20221024T135208Z:6762127d-25af-4ba8-a4a1-d95cc46e4cd4",
        "x-request-time": "1.684"
      },
      "ResponseBody": {
        "id": "/subscriptions/00000000-0000-0000-0000-000000000/resourceGroups/00000/providers/Microsoft.MachineLearningServices/workspaces/00000/components/test_231683878742/versions/0.0.1",
        "name": "0.0.1",
        "type": "Microsoft.MachineLearningServices/workspaces/components/versions",
        "properties": {
          "description": null,
          "tags": {
            "category": "Component Tutorial",
            "contact": "amldesigner@microsoft.com"
          },
          "properties": {},
          "isArchived": false,
          "isAnonymous": false,
          "componentSpec": {
            "$schema": "https://componentsdk.azureedge.net/jsonschema/StarliteComponent.json",
            "name": "test_231683878742",
            "version": "0.0.1",
            "display_name": "Starlite SearchGold Get Files",
            "is_deterministic": "True",
            "type": "StarliteComponent",
            "description": "Allows to download files from SearchGold to cosmos and get their revision information. \u0027FileList\u0027 input is a file with source depot paths, one per line.",
            "tags": {
              "category": "Component Tutorial",
              "contact": "amldesigner@microsoft.com"
            },
            "inputs": {
              "FileList": {
                "type": "AnyFile",
                "optional": "False"
              },
              "UploadToCosmos": {
                "type": "Enum",
                "optional": "False",
                "default": "False",
                "enum": [
                  "True",
                  "False"
                ]
              },
              "RunId": {
                "type": "String",
                "optional": "True",
                "description": "a parameter value"
              },
              "FileListFileName": {
                "type": "String",
                "optional": "False",
                "default": "\\\\output.tsv"
              }
            },
            "outputs": {
              "Files": {
                "type": "AnyDirectory"
              },
              "CosmosPath": {
                "type": "AnyFile"
              },
              "ResultInfo": {
                "type": "AnyFile"
              }
            },
            "command": "Starlite.Cloud.SourceDepotGet.exe /UploadToCosmos:{inputs.UploadToCosmos} /FileList:{inputs.FileList}{inputs.FileListFileName} /Files:{outputs.Files} /CosmosPath:{outputs.CosmosPath} /ResultInfo:{outputs.ResultInfo} \u0022\u0022",
            "starlite": {
              "ref_id": "bd140f4d-7775-4246-a75c-1c86df9536fb"
            },
            "code": "azureml:/subscriptions/00000000-0000-0000-0000-000000000/resourceGroups/00000/providers/Microsoft.MachineLearningServices/workspaces/00000/codes/24be5e70-600a-39b9-df16-43097a549089/versions/1"
          }
        },
        "systemData": {
          "createdAt": "2022-10-24T13:52:07.3667886\u002B00:00",
          "createdBy": "Xingzhi Zhang",
          "createdByType": "User",
          "lastModifiedAt": "2022-10-24T13:52:08.0007417\u002B00:00",
          "lastModifiedBy": "Xingzhi Zhang",
          "lastModifiedByType": "User"
        }
      }
    },
    {
      "RequestUri": "https://management.azure.com/subscriptions/00000000-0000-0000-0000-000000000/resourceGroups/00000/providers/Microsoft.MachineLearningServices/workspaces/00000/components/test_231683878742/versions/0.0.1?api-version=2022-05-01",
      "RequestMethod": "GET",
      "RequestHeaders": {
        "Accept": "application/json",
        "Accept-Encoding": "gzip, deflate",
        "Connection": "keep-alive",
        "User-Agent": "azure-ai-ml/1.1.0 azsdk-python-mgmt-machinelearningservices/0.1.0 Python/3.9.10 (Windows-10-10.0.22621-SP0)"
      },
      "RequestBody": null,
      "StatusCode": 200,
      "ResponseHeaders": {
        "Cache-Control": "no-cache",
        "Content-Encoding": "gzip",
        "Content-Type": "application/json; charset=utf-8",
        "Date": "Mon, 24 Oct 2022 13:52:08 GMT",
        "Expires": "-1",
        "Pragma": "no-cache",
        "Request-Context": "appId=cid-v1:512cc15a-13b5-415b-bfd0-dce7accb6bb1",
        "Server-Timing": "traceparent;desc=\u002200-54b2aab0990a7594aeb4e0cecf90a242-6669f538547e971e-00\u0022",
        "Strict-Transport-Security": "max-age=31536000; includeSubDomains",
        "Transfer-Encoding": "chunked",
        "Vary": [
          "Accept-Encoding",
          "Accept-Encoding"
        ],
        "x-aml-cluster": "vienna-test-westus2-02",
        "X-Content-Type-Options": "nosniff",
        "x-ms-correlation-request-id": "fe3110bb-695b-407c-9b60-08c132c69877",
        "x-ms-ratelimit-remaining-subscription-reads": "11966",
        "x-ms-response-type": "standard",
        "x-ms-routing-request-id": "JAPANEAST:20221024T135209Z:fe3110bb-695b-407c-9b60-08c132c69877",
        "x-request-time": "0.342"
      },
      "ResponseBody": {
        "id": "/subscriptions/00000000-0000-0000-0000-000000000/resourceGroups/00000/providers/Microsoft.MachineLearningServices/workspaces/00000/components/test_231683878742/versions/0.0.1",
        "name": "0.0.1",
        "type": "Microsoft.MachineLearningServices/workspaces/components/versions",
        "properties": {
          "description": null,
          "tags": {
            "category": "Component Tutorial",
            "contact": "amldesigner@microsoft.com"
          },
          "properties": {},
          "isArchived": false,
          "isAnonymous": false,
          "componentSpec": {
            "$schema": "https://componentsdk.azureedge.net/jsonschema/StarliteComponent.json",
            "name": "test_231683878742",
            "version": "0.0.1",
            "display_name": "Starlite SearchGold Get Files",
            "is_deterministic": "True",
            "type": "StarliteComponent",
            "description": "Allows to download files from SearchGold to cosmos and get their revision information. \u0027FileList\u0027 input is a file with source depot paths, one per line.",
            "tags": {
              "category": "Component Tutorial",
              "contact": "amldesigner@microsoft.com"
            },
            "inputs": {
              "FileList": {
                "type": "AnyFile",
                "optional": "False"
              },
              "UploadToCosmos": {
                "type": "Enum",
                "optional": "False",
                "default": "False",
                "enum": [
                  "True",
                  "False"
                ]
              },
              "RunId": {
                "type": "String",
                "optional": "True",
                "description": "a parameter value"
              },
              "FileListFileName": {
                "type": "String",
                "optional": "False",
                "default": "\\\\output.tsv"
              }
            },
            "outputs": {
              "Files": {
                "type": "AnyDirectory"
              },
              "CosmosPath": {
                "type": "AnyFile"
              },
              "ResultInfo": {
                "type": "AnyFile"
              }
            },
            "command": "Starlite.Cloud.SourceDepotGet.exe /UploadToCosmos:{inputs.UploadToCosmos} /FileList:{inputs.FileList}{inputs.FileListFileName} /Files:{outputs.Files} /CosmosPath:{outputs.CosmosPath} /ResultInfo:{outputs.ResultInfo} \u0022\u0022",
            "starlite": {
              "ref_id": "bd140f4d-7775-4246-a75c-1c86df9536fb"
            },
            "code": "azureml:/subscriptions/00000000-0000-0000-0000-000000000/resourceGroups/00000/providers/Microsoft.MachineLearningServices/workspaces/00000/codes/24be5e70-600a-39b9-df16-43097a549089/versions/1"
          }
        },
        "systemData": {
          "createdAt": "2022-10-24T13:52:07.3667886\u002B00:00",
          "createdBy": "Xingzhi Zhang",
          "createdByType": "User",
          "lastModifiedAt": "2022-10-24T13:52:08.0007417\u002B00:00",
          "lastModifiedBy": "Xingzhi Zhang",
          "lastModifiedByType": "User"
        }
      }
    }
  ],
  "Variables": {
    "component_name": "test_231683878742"
  }
}
