interactions:
- request:
    body: '{"location": "eastus", "kind": "GlobalDocumentDB", "properties": {"locations":
      [{"locationName": "eastus", "failoverPriority": 0, "isZoneRedundant": false}],
      "databaseAccountOfferType": "Standard", "apiProperties": {}}}'
    headers:
      Accept:
      - application/json
      Accept-Encoding:
      - gzip, deflate
      Connection:
      - keep-alive
      Content-Length:
      - '219'
      Content-Type:
      - application/json
      User-Agent:
      - azsdk-python-mgmt-cosmosdb/0.7.0 Python/3.6.9 (Linux-4.9.184-linuxkit-x86_64-with-Ubuntu-18.04-bionic)
    method: PUT
    uri: https://management.azure.com/subscriptions/00000000-0000-0000-0000-000000000000/resourceGroups/test_cli_mgmt_cosmosdb_sql_resource_test_sql_defined_functione3e192b/providers/Microsoft.DocumentDB/databaseAccounts/myaccountxxyyzzz?api-version=2020-04-01
  response:
    body:
      string: '{"id":"/subscriptions/00000000-0000-0000-0000-000000000000/resourceGroups/test_cli_mgmt_cosmosdb_sql_resource_test_sql_defined_functione3e192b/providers/Microsoft.DocumentDB/databaseAccounts/myaccountxxyyzzz","name":"myaccountxxyyzzz","location":"East
        US","type":"Microsoft.DocumentDB/databaseAccounts","kind":"GlobalDocumentDB","tags":{},"systemData":{"createdAt":"2020-08-21T09:03:32.9761679Z"},"properties":{"provisioningState":"Creating","publicNetworkAccess":"Enabled","enableAutomaticFailover":false,"enableMultipleWriteLocations":false,"enablePartitionKeyMonitor":false,"isVirtualNetworkFilterEnabled":false,"virtualNetworkRules":[],"EnabledApiTypes":"Sql","disableKeyBasedMetadataWriteAccess":false,"enableFreeTier":false,"enableAnalyticalStorage":false,"instanceId":"da3ea823-eed5-4135-9ed1-2842908f791b","createMode":"Default","databaseAccountOfferType":"Standard","consistencyPolicy":{"defaultConsistencyLevel":"Session","maxIntervalInSeconds":5,"maxStalenessPrefix":100},"configurationOverrides":{},"writeLocations":[{"id":"myaccountxxyyzzz-eastus","locationName":"East
        US","provisioningState":"Creating","failoverPriority":0,"isZoneRedundant":false}],"readLocations":[{"id":"myaccountxxyyzzz-eastus","locationName":"East
        US","provisioningState":"Creating","failoverPriority":0,"isZoneRedundant":false}],"locations":[{"id":"myaccountxxyyzzz-eastus","locationName":"East
        US","provisioningState":"Creating","failoverPriority":0,"isZoneRedundant":false}],"failoverPolicies":[{"id":"myaccountxxyyzzz-eastus","locationName":"East
        US","failoverPriority":0}],"cors":[],"capabilities":[],"ipRules":[],"backupPolicy":{"type":"Periodic","periodicModeProperties":{"backupIntervalInMinutes":240,"backupRetentionIntervalInHours":8}}}}'
    headers:
      azure-asyncoperation:
      - https://management.azure.com/subscriptions/00000000-0000-0000-0000-000000000000/providers/Microsoft.DocumentDB/locations/eastus/operationsStatus/2cbb2867-fb4e-4a83-a595-29c2176bbf74?api-version=2020-04-01
      cache-control:
      - no-store, no-cache
      content-length:
      - '1733'
      content-location:
      - https://management.documents.azure.com:450/subscriptions/92f95d8f-3c67-4124-91c7-8cf07cdbf241/resourceGroups/test_cli_mgmt_cosmosdb_sql_resource_test_sql_defined_functione3e192b/providers/Microsoft.DocumentDB/databaseAccounts/myaccountxxyyzzz?api-version=2020-04-01
      content-type:
      - application/json
      date:
      - Fri, 21 Aug 2020 09:03:34 GMT
      location:
      - https://management.azure.com/subscriptions/00000000-0000-0000-0000-000000000000/resourceGroups/test_cli_mgmt_cosmosdb_sql_resource_test_sql_defined_functione3e192b/providers/Microsoft.DocumentDB/databaseAccounts/myaccountxxyyzzz/operationResults/2cbb2867-fb4e-4a83-a595-29c2176bbf74?api-version=2020-04-01
      pragma:
      - no-cache
      server:
      - Microsoft-HTTPAPI/2.0
      strict-transport-security:
      - max-age=31536000; includeSubDomains
      transfer-encoding:
      - chunked
      vary:
      - Accept-Encoding
      x-content-type-options:
      - nosniff
      x-ms-gatewayversion:
      - version=2.11.0
      x-ms-ratelimit-remaining-subscription-writes:
      - '1199'
    status:
      code: 200
      message: Ok
- request:
    body: null
    headers:
      Accept:
      - '*/*'
      Accept-Encoding:
      - gzip, deflate
      Connection:
      - keep-alive
      User-Agent:
      - azsdk-python-mgmt-cosmosdb/0.7.0 Python/3.6.9 (Linux-4.9.184-linuxkit-x86_64-with-Ubuntu-18.04-bionic)
    method: GET
    uri: https://management.azure.com/subscriptions/00000000-0000-0000-0000-000000000000/providers/Microsoft.DocumentDB/locations/eastus/operationsStatus/2cbb2867-fb4e-4a83-a595-29c2176bbf74?api-version=2020-04-01
  response:
    body:
      string: '{"status":"Dequeued"}'
    headers:
      cache-control:
      - no-store, no-cache
      content-length:
      - '21'
      content-location:
      - https://management.documents.azure.com:450/subscriptions/92f95d8f-3c67-4124-91c7-8cf07cdbf241/providers/Microsoft.DocumentDB/locations/eastus/operationsStatus/2cbb2867-fb4e-4a83-a595-29c2176bbf74?api-version=2020-04-01
      content-type:
      - application/json
      date:
      - Fri, 21 Aug 2020 09:04:05 GMT
      pragma:
      - no-cache
      server:
      - Microsoft-HTTPAPI/2.0
      strict-transport-security:
      - max-age=31536000; includeSubDomains
      transfer-encoding:
      - chunked
      vary:
      - Accept-Encoding
      x-content-type-options:
      - nosniff
      x-ms-gatewayversion:
      - version=2.11.0
    status:
      code: 200
      message: Ok
- request:
    body: null
    headers:
      Accept:
      - '*/*'
      Accept-Encoding:
      - gzip, deflate
      Connection:
      - keep-alive
      User-Agent:
      - azsdk-python-mgmt-cosmosdb/0.7.0 Python/3.6.9 (Linux-4.9.184-linuxkit-x86_64-with-Ubuntu-18.04-bionic)
    method: GET
    uri: https://management.azure.com/subscriptions/00000000-0000-0000-0000-000000000000/providers/Microsoft.DocumentDB/locations/eastus/operationsStatus/2cbb2867-fb4e-4a83-a595-29c2176bbf74?api-version=2020-04-01
  response:
    body:
      string: '{"status":"Dequeued"}'
    headers:
      cache-control:
      - no-store, no-cache
      content-length:
      - '21'
      content-location:
      - https://management.documents.azure.com:450/subscriptions/92f95d8f-3c67-4124-91c7-8cf07cdbf241/providers/Microsoft.DocumentDB/locations/eastus/operationsStatus/2cbb2867-fb4e-4a83-a595-29c2176bbf74?api-version=2020-04-01
      content-type:
      - application/json
      date:
      - Fri, 21 Aug 2020 09:04:35 GMT
      pragma:
      - no-cache
      server:
      - Microsoft-HTTPAPI/2.0
      strict-transport-security:
      - max-age=31536000; includeSubDomains
      transfer-encoding:
      - chunked
      vary:
      - Accept-Encoding
      x-content-type-options:
      - nosniff
      x-ms-gatewayversion:
      - version=2.11.0
    status:
      code: 200
      message: Ok
- request:
    body: null
    headers:
      Accept:
      - '*/*'
      Accept-Encoding:
      - gzip, deflate
      Connection:
      - keep-alive
      User-Agent:
      - azsdk-python-mgmt-cosmosdb/0.7.0 Python/3.6.9 (Linux-4.9.184-linuxkit-x86_64-with-Ubuntu-18.04-bionic)
    method: GET
    uri: https://management.azure.com/subscriptions/00000000-0000-0000-0000-000000000000/providers/Microsoft.DocumentDB/locations/eastus/operationsStatus/2cbb2867-fb4e-4a83-a595-29c2176bbf74?api-version=2020-04-01
  response:
    body:
      string: '{"status":"Dequeued"}'
    headers:
      cache-control:
      - no-store, no-cache
      content-length:
      - '21'
      content-location:
      - https://management.documents.azure.com:450/subscriptions/92f95d8f-3c67-4124-91c7-8cf07cdbf241/providers/Microsoft.DocumentDB/locations/eastus/operationsStatus/2cbb2867-fb4e-4a83-a595-29c2176bbf74?api-version=2020-04-01
      content-type:
      - application/json
      date:
      - Fri, 21 Aug 2020 09:05:05 GMT
      pragma:
      - no-cache
      server:
      - Microsoft-HTTPAPI/2.0
      strict-transport-security:
      - max-age=31536000; includeSubDomains
      transfer-encoding:
      - chunked
      vary:
      - Accept-Encoding
      x-content-type-options:
      - nosniff
      x-ms-gatewayversion:
      - version=2.11.0
    status:
      code: 200
      message: Ok
- request:
    body: null
    headers:
      Accept:
      - '*/*'
      Accept-Encoding:
      - gzip, deflate
      Connection:
      - keep-alive
      User-Agent:
      - azsdk-python-mgmt-cosmosdb/0.7.0 Python/3.6.9 (Linux-4.9.184-linuxkit-x86_64-with-Ubuntu-18.04-bionic)
    method: GET
    uri: https://management.azure.com/subscriptions/00000000-0000-0000-0000-000000000000/providers/Microsoft.DocumentDB/locations/eastus/operationsStatus/2cbb2867-fb4e-4a83-a595-29c2176bbf74?api-version=2020-04-01
  response:
    body:
      string: '{"status":"Dequeued"}'
    headers:
      cache-control:
      - no-store, no-cache
      content-length:
      - '21'
      content-location:
      - https://management.documents.azure.com:450/subscriptions/92f95d8f-3c67-4124-91c7-8cf07cdbf241/providers/Microsoft.DocumentDB/locations/eastus/operationsStatus/2cbb2867-fb4e-4a83-a595-29c2176bbf74?api-version=2020-04-01
      content-type:
      - application/json
      date:
      - Fri, 21 Aug 2020 09:05:36 GMT
      pragma:
      - no-cache
      server:
      - Microsoft-HTTPAPI/2.0
      strict-transport-security:
      - max-age=31536000; includeSubDomains
      transfer-encoding:
      - chunked
      vary:
      - Accept-Encoding
      x-content-type-options:
      - nosniff
      x-ms-gatewayversion:
      - version=2.11.0
    status:
      code: 200
      message: Ok
- request:
    body: null
    headers:
      Accept:
      - '*/*'
      Accept-Encoding:
      - gzip, deflate
      Connection:
      - keep-alive
      User-Agent:
      - azsdk-python-mgmt-cosmosdb/0.7.0 Python/3.6.9 (Linux-4.9.184-linuxkit-x86_64-with-Ubuntu-18.04-bionic)
    method: GET
    uri: https://management.azure.com/subscriptions/00000000-0000-0000-0000-000000000000/providers/Microsoft.DocumentDB/locations/eastus/operationsStatus/2cbb2867-fb4e-4a83-a595-29c2176bbf74?api-version=2020-04-01
  response:
    body:
      string: '{"status":"Dequeued"}'
    headers:
      cache-control:
      - no-store, no-cache
      content-length:
      - '21'
      content-location:
      - https://management.documents.azure.com:450/subscriptions/92f95d8f-3c67-4124-91c7-8cf07cdbf241/providers/Microsoft.DocumentDB/locations/eastus/operationsStatus/2cbb2867-fb4e-4a83-a595-29c2176bbf74?api-version=2020-04-01
      content-type:
      - application/json
      date:
      - Fri, 21 Aug 2020 09:06:06 GMT
      pragma:
      - no-cache
      server:
      - Microsoft-HTTPAPI/2.0
      strict-transport-security:
      - max-age=31536000; includeSubDomains
      transfer-encoding:
      - chunked
      vary:
      - Accept-Encoding
      x-content-type-options:
      - nosniff
      x-ms-gatewayversion:
      - version=2.11.0
    status:
      code: 200
      message: Ok
- request:
    body: null
    headers:
      Accept:
      - '*/*'
      Accept-Encoding:
      - gzip, deflate
      Connection:
      - keep-alive
      User-Agent:
      - azsdk-python-mgmt-cosmosdb/0.7.0 Python/3.6.9 (Linux-4.9.184-linuxkit-x86_64-with-Ubuntu-18.04-bionic)
    method: GET
    uri: https://management.azure.com/subscriptions/00000000-0000-0000-0000-000000000000/providers/Microsoft.DocumentDB/locations/eastus/operationsStatus/2cbb2867-fb4e-4a83-a595-29c2176bbf74?api-version=2020-04-01
  response:
    body:
      string: '{"status":"Dequeued"}'
    headers:
      cache-control:
      - no-store, no-cache
      content-length:
      - '21'
      content-location:
      - https://management.documents.azure.com:450/subscriptions/92f95d8f-3c67-4124-91c7-8cf07cdbf241/providers/Microsoft.DocumentDB/locations/eastus/operationsStatus/2cbb2867-fb4e-4a83-a595-29c2176bbf74?api-version=2020-04-01
      content-type:
      - application/json
      date:
      - Fri, 21 Aug 2020 09:06:36 GMT
      pragma:
      - no-cache
      server:
      - Microsoft-HTTPAPI/2.0
      strict-transport-security:
      - max-age=31536000; includeSubDomains
      transfer-encoding:
      - chunked
      vary:
      - Accept-Encoding
      x-content-type-options:
      - nosniff
      x-ms-gatewayversion:
      - version=2.11.0
    status:
      code: 200
      message: Ok
- request:
    body: null
    headers:
      Accept:
      - '*/*'
      Accept-Encoding:
      - gzip, deflate
      Connection:
      - keep-alive
      User-Agent:
      - azsdk-python-mgmt-cosmosdb/0.7.0 Python/3.6.9 (Linux-4.9.184-linuxkit-x86_64-with-Ubuntu-18.04-bionic)
    method: GET
    uri: https://management.azure.com/subscriptions/00000000-0000-0000-0000-000000000000/providers/Microsoft.DocumentDB/locations/eastus/operationsStatus/2cbb2867-fb4e-4a83-a595-29c2176bbf74?api-version=2020-04-01
  response:
    body:
      string: '{"status":"Dequeued"}'
    headers:
      cache-control:
      - no-store, no-cache
      content-length:
      - '21'
      content-location:
      - https://management.documents.azure.com:450/subscriptions/92f95d8f-3c67-4124-91c7-8cf07cdbf241/providers/Microsoft.DocumentDB/locations/eastus/operationsStatus/2cbb2867-fb4e-4a83-a595-29c2176bbf74?api-version=2020-04-01
      content-type:
      - application/json
      date:
      - Fri, 21 Aug 2020 09:07:06 GMT
      pragma:
      - no-cache
      server:
      - Microsoft-HTTPAPI/2.0
      strict-transport-security:
      - max-age=31536000; includeSubDomains
      transfer-encoding:
      - chunked
      vary:
      - Accept-Encoding
      x-content-type-options:
      - nosniff
      x-ms-gatewayversion:
      - version=2.11.0
    status:
      code: 200
      message: Ok
- request:
    body: null
    headers:
      Accept:
      - '*/*'
      Accept-Encoding:
      - gzip, deflate
      Connection:
      - keep-alive
      User-Agent:
      - azsdk-python-mgmt-cosmosdb/0.7.0 Python/3.6.9 (Linux-4.9.184-linuxkit-x86_64-with-Ubuntu-18.04-bionic)
    method: GET
    uri: https://management.azure.com/subscriptions/00000000-0000-0000-0000-000000000000/providers/Microsoft.DocumentDB/locations/eastus/operationsStatus/2cbb2867-fb4e-4a83-a595-29c2176bbf74?api-version=2020-04-01
  response:
    body:
      string: '{"status":"Dequeued"}'
    headers:
      cache-control:
      - no-store, no-cache
      content-length:
      - '21'
      content-location:
      - https://management.documents.azure.com:450/subscriptions/92f95d8f-3c67-4124-91c7-8cf07cdbf241/providers/Microsoft.DocumentDB/locations/eastus/operationsStatus/2cbb2867-fb4e-4a83-a595-29c2176bbf74?api-version=2020-04-01
      content-type:
      - application/json
      date:
      - Fri, 21 Aug 2020 09:07:37 GMT
      pragma:
      - no-cache
      server:
      - Microsoft-HTTPAPI/2.0
      strict-transport-security:
      - max-age=31536000; includeSubDomains
      transfer-encoding:
      - chunked
      vary:
      - Accept-Encoding
      x-content-type-options:
      - nosniff
      x-ms-gatewayversion:
      - version=2.11.0
    status:
      code: 200
      message: Ok
- request:
    body: null
    headers:
      Accept:
      - '*/*'
      Accept-Encoding:
      - gzip, deflate
      Connection:
      - keep-alive
      User-Agent:
      - azsdk-python-mgmt-cosmosdb/0.7.0 Python/3.6.9 (Linux-4.9.184-linuxkit-x86_64-with-Ubuntu-18.04-bionic)
    method: GET
    uri: https://management.azure.com/subscriptions/00000000-0000-0000-0000-000000000000/providers/Microsoft.DocumentDB/locations/eastus/operationsStatus/2cbb2867-fb4e-4a83-a595-29c2176bbf74?api-version=2020-04-01
  response:
    body:
      string: '{"status":"Dequeued"}'
    headers:
      cache-control:
      - no-store, no-cache
      content-length:
      - '21'
      content-location:
      - https://management.documents.azure.com:450/subscriptions/92f95d8f-3c67-4124-91c7-8cf07cdbf241/providers/Microsoft.DocumentDB/locations/eastus/operationsStatus/2cbb2867-fb4e-4a83-a595-29c2176bbf74?api-version=2020-04-01
      content-type:
      - application/json
      date:
      - Fri, 21 Aug 2020 09:08:08 GMT
      pragma:
      - no-cache
      server:
      - Microsoft-HTTPAPI/2.0
      strict-transport-security:
      - max-age=31536000; includeSubDomains
      transfer-encoding:
      - chunked
      vary:
      - Accept-Encoding
      x-content-type-options:
      - nosniff
      x-ms-gatewayversion:
      - version=2.11.0
    status:
      code: 200
      message: Ok
- request:
    body: null
    headers:
      Accept:
      - '*/*'
      Accept-Encoding:
      - gzip, deflate
      Connection:
      - keep-alive
      User-Agent:
      - azsdk-python-mgmt-cosmosdb/0.7.0 Python/3.6.9 (Linux-4.9.184-linuxkit-x86_64-with-Ubuntu-18.04-bionic)
    method: GET
    uri: https://management.azure.com/subscriptions/00000000-0000-0000-0000-000000000000/providers/Microsoft.DocumentDB/locations/eastus/operationsStatus/2cbb2867-fb4e-4a83-a595-29c2176bbf74?api-version=2020-04-01
  response:
    body:
      string: '{"status":"Dequeued"}'
    headers:
      cache-control:
      - no-store, no-cache
      content-length:
      - '21'
      content-location:
      - https://management.documents.azure.com:450/subscriptions/92f95d8f-3c67-4124-91c7-8cf07cdbf241/providers/Microsoft.DocumentDB/locations/eastus/operationsStatus/2cbb2867-fb4e-4a83-a595-29c2176bbf74?api-version=2020-04-01
      content-type:
      - application/json
      date:
      - Fri, 21 Aug 2020 09:08:38 GMT
      pragma:
      - no-cache
      server:
      - Microsoft-HTTPAPI/2.0
      strict-transport-security:
      - max-age=31536000; includeSubDomains
      transfer-encoding:
      - chunked
      vary:
      - Accept-Encoding
      x-content-type-options:
      - nosniff
      x-ms-gatewayversion:
      - version=2.11.0
    status:
      code: 200
      message: Ok
- request:
    body: null
    headers:
      Accept:
      - '*/*'
      Accept-Encoding:
      - gzip, deflate
      Connection:
      - keep-alive
      User-Agent:
      - azsdk-python-mgmt-cosmosdb/0.7.0 Python/3.6.9 (Linux-4.9.184-linuxkit-x86_64-with-Ubuntu-18.04-bionic)
    method: GET
    uri: https://management.azure.com/subscriptions/00000000-0000-0000-0000-000000000000/providers/Microsoft.DocumentDB/locations/eastus/operationsStatus/2cbb2867-fb4e-4a83-a595-29c2176bbf74?api-version=2020-04-01
  response:
    body:
      string: '{"status":"Dequeued"}'
    headers:
      cache-control:
      - no-store, no-cache
      content-length:
      - '21'
      content-location:
      - https://management.documents.azure.com:450/subscriptions/92f95d8f-3c67-4124-91c7-8cf07cdbf241/providers/Microsoft.DocumentDB/locations/eastus/operationsStatus/2cbb2867-fb4e-4a83-a595-29c2176bbf74?api-version=2020-04-01
      content-type:
      - application/json
      date:
      - Fri, 21 Aug 2020 09:09:08 GMT
      pragma:
      - no-cache
      server:
      - Microsoft-HTTPAPI/2.0
      strict-transport-security:
      - max-age=31536000; includeSubDomains
      transfer-encoding:
      - chunked
      vary:
      - Accept-Encoding
      x-content-type-options:
      - nosniff
      x-ms-gatewayversion:
      - version=2.11.0
    status:
      code: 200
      message: Ok
- request:
    body: null
    headers:
      Accept:
      - '*/*'
      Accept-Encoding:
      - gzip, deflate
      Connection:
      - keep-alive
      User-Agent:
      - azsdk-python-mgmt-cosmosdb/0.7.0 Python/3.6.9 (Linux-4.9.184-linuxkit-x86_64-with-Ubuntu-18.04-bionic)
    method: GET
    uri: https://management.azure.com/subscriptions/00000000-0000-0000-0000-000000000000/providers/Microsoft.DocumentDB/locations/eastus/operationsStatus/2cbb2867-fb4e-4a83-a595-29c2176bbf74?api-version=2020-04-01
  response:
    body:
      string: '{"status":"Dequeued"}'
    headers:
      cache-control:
      - no-store, no-cache
      content-length:
      - '21'
      content-location:
      - https://management.documents.azure.com:450/subscriptions/92f95d8f-3c67-4124-91c7-8cf07cdbf241/providers/Microsoft.DocumentDB/locations/eastus/operationsStatus/2cbb2867-fb4e-4a83-a595-29c2176bbf74?api-version=2020-04-01
      content-type:
      - application/json
      date:
      - Fri, 21 Aug 2020 09:09:38 GMT
      pragma:
      - no-cache
      server:
      - Microsoft-HTTPAPI/2.0
      strict-transport-security:
      - max-age=31536000; includeSubDomains
      transfer-encoding:
      - chunked
      vary:
      - Accept-Encoding
      x-content-type-options:
      - nosniff
      x-ms-gatewayversion:
      - version=2.11.0
    status:
      code: 200
      message: Ok
- request:
    body: null
    headers:
      Accept:
      - '*/*'
      Accept-Encoding:
      - gzip, deflate
      Connection:
      - keep-alive
      User-Agent:
      - azsdk-python-mgmt-cosmosdb/0.7.0 Python/3.6.9 (Linux-4.9.184-linuxkit-x86_64-with-Ubuntu-18.04-bionic)
    method: GET
    uri: https://management.azure.com/subscriptions/00000000-0000-0000-0000-000000000000/providers/Microsoft.DocumentDB/locations/eastus/operationsStatus/2cbb2867-fb4e-4a83-a595-29c2176bbf74?api-version=2020-04-01
  response:
    body:
      string: '{"status":"Dequeued"}'
    headers:
      cache-control:
      - no-store, no-cache
      content-length:
      - '21'
      content-location:
      - https://management.documents.azure.com:450/subscriptions/92f95d8f-3c67-4124-91c7-8cf07cdbf241/providers/Microsoft.DocumentDB/locations/eastus/operationsStatus/2cbb2867-fb4e-4a83-a595-29c2176bbf74?api-version=2020-04-01
      content-type:
      - application/json
      date:
      - Fri, 21 Aug 2020 09:10:08 GMT
      pragma:
      - no-cache
      server:
      - Microsoft-HTTPAPI/2.0
      strict-transport-security:
      - max-age=31536000; includeSubDomains
      transfer-encoding:
      - chunked
      vary:
      - Accept-Encoding
      x-content-type-options:
      - nosniff
      x-ms-gatewayversion:
      - version=2.11.0
    status:
      code: 200
      message: Ok
- request:
    body: null
    headers:
      Accept:
      - '*/*'
      Accept-Encoding:
      - gzip, deflate
      Connection:
      - keep-alive
      User-Agent:
      - azsdk-python-mgmt-cosmosdb/0.7.0 Python/3.6.9 (Linux-4.9.184-linuxkit-x86_64-with-Ubuntu-18.04-bionic)
    method: GET
    uri: https://management.azure.com/subscriptions/00000000-0000-0000-0000-000000000000/providers/Microsoft.DocumentDB/locations/eastus/operationsStatus/2cbb2867-fb4e-4a83-a595-29c2176bbf74?api-version=2020-04-01
  response:
    body:
      string: '{"status":"Dequeued"}'
    headers:
      cache-control:
      - no-store, no-cache
      content-length:
      - '21'
      content-location:
      - https://management.documents.azure.com:450/subscriptions/92f95d8f-3c67-4124-91c7-8cf07cdbf241/providers/Microsoft.DocumentDB/locations/eastus/operationsStatus/2cbb2867-fb4e-4a83-a595-29c2176bbf74?api-version=2020-04-01
      content-type:
      - application/json
      date:
      - Fri, 21 Aug 2020 09:10:39 GMT
      pragma:
      - no-cache
      server:
      - Microsoft-HTTPAPI/2.0
      strict-transport-security:
      - max-age=31536000; includeSubDomains
      transfer-encoding:
      - chunked
      vary:
      - Accept-Encoding
      x-content-type-options:
      - nosniff
      x-ms-gatewayversion:
      - version=2.11.0
    status:
      code: 200
      message: Ok
- request:
    body: null
    headers:
      Accept:
      - '*/*'
      Accept-Encoding:
      - gzip, deflate
      Connection:
      - keep-alive
      User-Agent:
      - azsdk-python-mgmt-cosmosdb/0.7.0 Python/3.6.9 (Linux-4.9.184-linuxkit-x86_64-with-Ubuntu-18.04-bionic)
    method: GET
    uri: https://management.azure.com/subscriptions/00000000-0000-0000-0000-000000000000/providers/Microsoft.DocumentDB/locations/eastus/operationsStatus/2cbb2867-fb4e-4a83-a595-29c2176bbf74?api-version=2020-04-01
  response:
    body:
      string: '{"status":"Dequeued"}'
    headers:
      cache-control:
      - no-store, no-cache
      content-length:
      - '21'
      content-location:
      - https://management.documents.azure.com:450/subscriptions/92f95d8f-3c67-4124-91c7-8cf07cdbf241/providers/Microsoft.DocumentDB/locations/eastus/operationsStatus/2cbb2867-fb4e-4a83-a595-29c2176bbf74?api-version=2020-04-01
      content-type:
      - application/json
      date:
      - Fri, 21 Aug 2020 09:11:10 GMT
      pragma:
      - no-cache
      server:
      - Microsoft-HTTPAPI/2.0
      strict-transport-security:
      - max-age=31536000; includeSubDomains
      transfer-encoding:
      - chunked
      vary:
      - Accept-Encoding
      x-content-type-options:
      - nosniff
      x-ms-gatewayversion:
      - version=2.11.0
    status:
      code: 200
      message: Ok
- request:
    body: null
    headers:
      Accept:
      - '*/*'
      Accept-Encoding:
      - gzip, deflate
      Connection:
      - keep-alive
      User-Agent:
      - azsdk-python-mgmt-cosmosdb/0.7.0 Python/3.6.9 (Linux-4.9.184-linuxkit-x86_64-with-Ubuntu-18.04-bionic)
    method: GET
    uri: https://management.azure.com/subscriptions/00000000-0000-0000-0000-000000000000/providers/Microsoft.DocumentDB/locations/eastus/operationsStatus/2cbb2867-fb4e-4a83-a595-29c2176bbf74?api-version=2020-04-01
  response:
    body:
      string: '{"status":"Dequeued"}'
    headers:
      cache-control:
      - no-store, no-cache
      content-length:
      - '21'
      content-location:
      - https://management.documents.azure.com:450/subscriptions/92f95d8f-3c67-4124-91c7-8cf07cdbf241/providers/Microsoft.DocumentDB/locations/eastus/operationsStatus/2cbb2867-fb4e-4a83-a595-29c2176bbf74?api-version=2020-04-01
      content-type:
      - application/json
      date:
      - Fri, 21 Aug 2020 09:11:41 GMT
      pragma:
      - no-cache
      server:
      - Microsoft-HTTPAPI/2.0
      strict-transport-security:
      - max-age=31536000; includeSubDomains
      transfer-encoding:
      - chunked
      vary:
      - Accept-Encoding
      x-content-type-options:
      - nosniff
      x-ms-gatewayversion:
      - version=2.11.0
    status:
      code: 200
      message: Ok
- request:
    body: null
    headers:
      Accept:
      - '*/*'
      Accept-Encoding:
      - gzip, deflate
      Connection:
      - keep-alive
      User-Agent:
      - azsdk-python-mgmt-cosmosdb/0.7.0 Python/3.6.9 (Linux-4.9.184-linuxkit-x86_64-with-Ubuntu-18.04-bionic)
    method: GET
    uri: https://management.azure.com/subscriptions/00000000-0000-0000-0000-000000000000/providers/Microsoft.DocumentDB/locations/eastus/operationsStatus/2cbb2867-fb4e-4a83-a595-29c2176bbf74?api-version=2020-04-01
  response:
    body:
      string: '{"status":"Dequeued"}'
    headers:
      cache-control:
      - no-store, no-cache
      content-length:
      - '21'
      content-location:
      - https://management.documents.azure.com:450/subscriptions/92f95d8f-3c67-4124-91c7-8cf07cdbf241/providers/Microsoft.DocumentDB/locations/eastus/operationsStatus/2cbb2867-fb4e-4a83-a595-29c2176bbf74?api-version=2020-04-01
      content-type:
      - application/json
      date:
      - Fri, 21 Aug 2020 09:12:11 GMT
      pragma:
      - no-cache
      server:
      - Microsoft-HTTPAPI/2.0
      strict-transport-security:
      - max-age=31536000; includeSubDomains
      transfer-encoding:
      - chunked
      vary:
      - Accept-Encoding
      x-content-type-options:
      - nosniff
      x-ms-gatewayversion:
      - version=2.11.0
    status:
      code: 200
      message: Ok
- request:
    body: null
    headers:
      Accept:
      - '*/*'
      Accept-Encoding:
      - gzip, deflate
      Connection:
      - keep-alive
      User-Agent:
      - azsdk-python-mgmt-cosmosdb/0.7.0 Python/3.6.9 (Linux-4.9.184-linuxkit-x86_64-with-Ubuntu-18.04-bionic)
    method: GET
    uri: https://management.azure.com/subscriptions/00000000-0000-0000-0000-000000000000/providers/Microsoft.DocumentDB/locations/eastus/operationsStatus/2cbb2867-fb4e-4a83-a595-29c2176bbf74?api-version=2020-04-01
  response:
    body:
      string: '{"status":"Dequeued"}'
    headers:
      cache-control:
      - no-store, no-cache
      content-length:
      - '21'
      content-location:
      - https://management.documents.azure.com:450/subscriptions/92f95d8f-3c67-4124-91c7-8cf07cdbf241/providers/Microsoft.DocumentDB/locations/eastus/operationsStatus/2cbb2867-fb4e-4a83-a595-29c2176bbf74?api-version=2020-04-01
      content-type:
      - application/json
      date:
      - Fri, 21 Aug 2020 09:12:41 GMT
      pragma:
      - no-cache
      server:
      - Microsoft-HTTPAPI/2.0
      strict-transport-security:
      - max-age=31536000; includeSubDomains
      transfer-encoding:
      - chunked
      vary:
      - Accept-Encoding
      x-content-type-options:
      - nosniff
      x-ms-gatewayversion:
      - version=2.11.0
    status:
      code: 200
      message: Ok
- request:
    body: null
    headers:
      Accept:
      - '*/*'
      Accept-Encoding:
      - gzip, deflate
      Connection:
      - keep-alive
      User-Agent:
      - azsdk-python-mgmt-cosmosdb/0.7.0 Python/3.6.9 (Linux-4.9.184-linuxkit-x86_64-with-Ubuntu-18.04-bionic)
    method: GET
    uri: https://management.azure.com/subscriptions/00000000-0000-0000-0000-000000000000/providers/Microsoft.DocumentDB/locations/eastus/operationsStatus/2cbb2867-fb4e-4a83-a595-29c2176bbf74?api-version=2020-04-01
  response:
    body:
      string: '{"status":"Dequeued"}'
    headers:
      cache-control:
      - no-store, no-cache
      content-length:
      - '21'
      content-location:
      - https://management.documents.azure.com:450/subscriptions/92f95d8f-3c67-4124-91c7-8cf07cdbf241/providers/Microsoft.DocumentDB/locations/eastus/operationsStatus/2cbb2867-fb4e-4a83-a595-29c2176bbf74?api-version=2020-04-01
      content-type:
      - application/json
      date:
      - Fri, 21 Aug 2020 09:13:12 GMT
      pragma:
      - no-cache
      server:
      - Microsoft-HTTPAPI/2.0
      strict-transport-security:
      - max-age=31536000; includeSubDomains
      transfer-encoding:
      - chunked
      vary:
      - Accept-Encoding
      x-content-type-options:
      - nosniff
      x-ms-gatewayversion:
      - version=2.11.0
    status:
      code: 200
      message: Ok
- request:
    body: null
    headers:
      Accept:
      - '*/*'
      Accept-Encoding:
      - gzip, deflate
      Connection:
      - keep-alive
      User-Agent:
      - azsdk-python-mgmt-cosmosdb/0.7.0 Python/3.6.9 (Linux-4.9.184-linuxkit-x86_64-with-Ubuntu-18.04-bionic)
    method: GET
    uri: https://management.azure.com/subscriptions/00000000-0000-0000-0000-000000000000/providers/Microsoft.DocumentDB/locations/eastus/operationsStatus/2cbb2867-fb4e-4a83-a595-29c2176bbf74?api-version=2020-04-01
  response:
    body:
      string: '{"status":"Dequeued"}'
    headers:
      cache-control:
      - no-store, no-cache
      content-length:
      - '21'
      content-location:
      - https://management.documents.azure.com:450/subscriptions/92f95d8f-3c67-4124-91c7-8cf07cdbf241/providers/Microsoft.DocumentDB/locations/eastus/operationsStatus/2cbb2867-fb4e-4a83-a595-29c2176bbf74?api-version=2020-04-01
      content-type:
      - application/json
      date:
      - Fri, 21 Aug 2020 09:13:43 GMT
      pragma:
      - no-cache
      server:
      - Microsoft-HTTPAPI/2.0
      strict-transport-security:
      - max-age=31536000; includeSubDomains
      transfer-encoding:
      - chunked
      vary:
      - Accept-Encoding
      x-content-type-options:
      - nosniff
      x-ms-gatewayversion:
      - version=2.11.0
    status:
      code: 200
      message: Ok
- request:
    body: null
    headers:
      Accept:
      - '*/*'
      Accept-Encoding:
      - gzip, deflate
      Connection:
      - keep-alive
      User-Agent:
      - azsdk-python-mgmt-cosmosdb/0.7.0 Python/3.6.9 (Linux-4.9.184-linuxkit-x86_64-with-Ubuntu-18.04-bionic)
    method: GET
    uri: https://management.azure.com/subscriptions/00000000-0000-0000-0000-000000000000/providers/Microsoft.DocumentDB/locations/eastus/operationsStatus/2cbb2867-fb4e-4a83-a595-29c2176bbf74?api-version=2020-04-01
  response:
    body:
      string: '{"status":"Dequeued"}'
    headers:
      cache-control:
      - no-store, no-cache
      content-length:
      - '21'
      content-location:
      - https://management.documents.azure.com:450/subscriptions/92f95d8f-3c67-4124-91c7-8cf07cdbf241/providers/Microsoft.DocumentDB/locations/eastus/operationsStatus/2cbb2867-fb4e-4a83-a595-29c2176bbf74?api-version=2020-04-01
      content-type:
      - application/json
      date:
      - Fri, 21 Aug 2020 09:14:13 GMT
      pragma:
      - no-cache
      server:
      - Microsoft-HTTPAPI/2.0
      strict-transport-security:
      - max-age=31536000; includeSubDomains
      transfer-encoding:
      - chunked
      vary:
      - Accept-Encoding
      x-content-type-options:
      - nosniff
      x-ms-gatewayversion:
      - version=2.11.0
    status:
      code: 200
      message: Ok
- request:
    body: null
    headers:
      Accept:
      - '*/*'
      Accept-Encoding:
      - gzip, deflate
      Connection:
      - keep-alive
      User-Agent:
      - azsdk-python-mgmt-cosmosdb/0.7.0 Python/3.6.9 (Linux-4.9.184-linuxkit-x86_64-with-Ubuntu-18.04-bionic)
    method: GET
    uri: https://management.azure.com/subscriptions/00000000-0000-0000-0000-000000000000/providers/Microsoft.DocumentDB/locations/eastus/operationsStatus/2cbb2867-fb4e-4a83-a595-29c2176bbf74?api-version=2020-04-01
  response:
    body:
      string: '{"status":"Dequeued"}'
    headers:
      cache-control:
      - no-store, no-cache
      content-length:
      - '21'
      content-location:
      - https://management.documents.azure.com:450/subscriptions/92f95d8f-3c67-4124-91c7-8cf07cdbf241/providers/Microsoft.DocumentDB/locations/eastus/operationsStatus/2cbb2867-fb4e-4a83-a595-29c2176bbf74?api-version=2020-04-01
      content-type:
      - application/json
      date:
      - Fri, 21 Aug 2020 09:14:43 GMT
      pragma:
      - no-cache
      server:
      - Microsoft-HTTPAPI/2.0
      strict-transport-security:
      - max-age=31536000; includeSubDomains
      transfer-encoding:
      - chunked
      vary:
      - Accept-Encoding
      x-content-type-options:
      - nosniff
      x-ms-gatewayversion:
      - version=2.11.0
    status:
      code: 200
      message: Ok
- request:
    body: null
    headers:
      Accept:
      - '*/*'
      Accept-Encoding:
      - gzip, deflate
      Connection:
      - keep-alive
      User-Agent:
      - azsdk-python-mgmt-cosmosdb/0.7.0 Python/3.6.9 (Linux-4.9.184-linuxkit-x86_64-with-Ubuntu-18.04-bionic)
    method: GET
    uri: https://management.azure.com/subscriptions/00000000-0000-0000-0000-000000000000/providers/Microsoft.DocumentDB/locations/eastus/operationsStatus/2cbb2867-fb4e-4a83-a595-29c2176bbf74?api-version=2020-04-01
  response:
    body:
      string: '{"status":"Dequeued"}'
    headers:
      cache-control:
      - no-store, no-cache
      content-length:
      - '21'
      content-location:
      - https://management.documents.azure.com:450/subscriptions/92f95d8f-3c67-4124-91c7-8cf07cdbf241/providers/Microsoft.DocumentDB/locations/eastus/operationsStatus/2cbb2867-fb4e-4a83-a595-29c2176bbf74?api-version=2020-04-01
      content-type:
      - application/json
      date:
      - Fri, 21 Aug 2020 09:15:13 GMT
      pragma:
      - no-cache
      server:
      - Microsoft-HTTPAPI/2.0
      strict-transport-security:
      - max-age=31536000; includeSubDomains
      transfer-encoding:
      - chunked
      vary:
      - Accept-Encoding
      x-content-type-options:
      - nosniff
      x-ms-gatewayversion:
      - version=2.11.0
    status:
      code: 200
      message: Ok
- request:
    body: null
    headers:
      Accept:
      - '*/*'
      Accept-Encoding:
      - gzip, deflate
      Connection:
      - keep-alive
      User-Agent:
      - azsdk-python-mgmt-cosmosdb/0.7.0 Python/3.6.9 (Linux-4.9.184-linuxkit-x86_64-with-Ubuntu-18.04-bionic)
    method: GET
    uri: https://management.azure.com/subscriptions/00000000-0000-0000-0000-000000000000/providers/Microsoft.DocumentDB/locations/eastus/operationsStatus/2cbb2867-fb4e-4a83-a595-29c2176bbf74?api-version=2020-04-01
  response:
    body:
      string: '{"status":"Dequeued"}'
    headers:
      cache-control:
      - no-store, no-cache
      content-length:
      - '21'
      content-location:
      - https://management.documents.azure.com:450/subscriptions/92f95d8f-3c67-4124-91c7-8cf07cdbf241/providers/Microsoft.DocumentDB/locations/eastus/operationsStatus/2cbb2867-fb4e-4a83-a595-29c2176bbf74?api-version=2020-04-01
      content-type:
      - application/json
      date:
      - Fri, 21 Aug 2020 09:15:43 GMT
      pragma:
      - no-cache
      server:
      - Microsoft-HTTPAPI/2.0
      strict-transport-security:
      - max-age=31536000; includeSubDomains
      transfer-encoding:
      - chunked
      vary:
      - Accept-Encoding
      x-content-type-options:
      - nosniff
      x-ms-gatewayversion:
      - version=2.11.0
    status:
      code: 200
      message: Ok
- request:
    body: null
    headers:
      Accept:
      - '*/*'
      Accept-Encoding:
      - gzip, deflate
      Connection:
      - keep-alive
      User-Agent:
      - azsdk-python-mgmt-cosmosdb/0.7.0 Python/3.6.9 (Linux-4.9.184-linuxkit-x86_64-with-Ubuntu-18.04-bionic)
    method: GET
    uri: https://management.azure.com/subscriptions/00000000-0000-0000-0000-000000000000/providers/Microsoft.DocumentDB/locations/eastus/operationsStatus/2cbb2867-fb4e-4a83-a595-29c2176bbf74?api-version=2020-04-01
  response:
    body:
      string: '{"status":"Dequeued"}'
    headers:
      cache-control:
      - no-store, no-cache
      content-length:
      - '21'
      content-location:
      - https://management.documents.azure.com:450/subscriptions/92f95d8f-3c67-4124-91c7-8cf07cdbf241/providers/Microsoft.DocumentDB/locations/eastus/operationsStatus/2cbb2867-fb4e-4a83-a595-29c2176bbf74?api-version=2020-04-01
      content-type:
      - application/json
      date:
      - Fri, 21 Aug 2020 09:16:15 GMT
      pragma:
      - no-cache
      server:
      - Microsoft-HTTPAPI/2.0
      strict-transport-security:
      - max-age=31536000; includeSubDomains
      transfer-encoding:
      - chunked
      vary:
      - Accept-Encoding
      x-content-type-options:
      - nosniff
      x-ms-gatewayversion:
      - version=2.11.0
    status:
      code: 200
      message: Ok
- request:
    body: null
    headers:
      Accept:
      - '*/*'
      Accept-Encoding:
      - gzip, deflate
      Connection:
      - keep-alive
      User-Agent:
      - azsdk-python-mgmt-cosmosdb/0.7.0 Python/3.6.9 (Linux-4.9.184-linuxkit-x86_64-with-Ubuntu-18.04-bionic)
    method: GET
    uri: https://management.azure.com/subscriptions/00000000-0000-0000-0000-000000000000/providers/Microsoft.DocumentDB/locations/eastus/operationsStatus/2cbb2867-fb4e-4a83-a595-29c2176bbf74?api-version=2020-04-01
  response:
    body:
      string: '{"status":"Dequeued"}'
    headers:
      cache-control:
      - no-store, no-cache
      content-length:
      - '21'
      content-location:
      - https://management.documents.azure.com:450/subscriptions/92f95d8f-3c67-4124-91c7-8cf07cdbf241/providers/Microsoft.DocumentDB/locations/eastus/operationsStatus/2cbb2867-fb4e-4a83-a595-29c2176bbf74?api-version=2020-04-01
      content-type:
      - application/json
      date:
      - Fri, 21 Aug 2020 09:16:45 GMT
      pragma:
      - no-cache
      server:
      - Microsoft-HTTPAPI/2.0
      strict-transport-security:
      - max-age=31536000; includeSubDomains
      transfer-encoding:
      - chunked
      vary:
      - Accept-Encoding
      x-content-type-options:
      - nosniff
      x-ms-gatewayversion:
      - version=2.11.0
    status:
      code: 200
      message: Ok
- request:
    body: null
    headers:
      Accept:
      - '*/*'
      Accept-Encoding:
      - gzip, deflate
      Connection:
      - keep-alive
      User-Agent:
      - azsdk-python-mgmt-cosmosdb/0.7.0 Python/3.6.9 (Linux-4.9.184-linuxkit-x86_64-with-Ubuntu-18.04-bionic)
    method: GET
    uri: https://management.azure.com/subscriptions/00000000-0000-0000-0000-000000000000/providers/Microsoft.DocumentDB/locations/eastus/operationsStatus/2cbb2867-fb4e-4a83-a595-29c2176bbf74?api-version=2020-04-01
  response:
    body:
      string: '{"status":"Succeeded"}'
    headers:
      cache-control:
      - no-store, no-cache
      content-length:
      - '22'
      content-location:
      - https://management.documents.azure.com:450/subscriptions/92f95d8f-3c67-4124-91c7-8cf07cdbf241/providers/Microsoft.DocumentDB/locations/eastus/operationsStatus/2cbb2867-fb4e-4a83-a595-29c2176bbf74?api-version=2020-04-01
      content-type:
      - application/json
      date:
      - Fri, 21 Aug 2020 09:17:15 GMT
      pragma:
      - no-cache
      server:
      - Microsoft-HTTPAPI/2.0
      strict-transport-security:
      - max-age=31536000; includeSubDomains
      transfer-encoding:
      - chunked
      vary:
      - Accept-Encoding
      x-content-type-options:
      - nosniff
      x-ms-gatewayversion:
      - version=2.11.0
    status:
      code: 200
      message: Ok
- request:
    body: null
    headers:
      Accept:
      - '*/*'
      Accept-Encoding:
      - gzip, deflate
      Connection:
      - keep-alive
      User-Agent:
      - azsdk-python-mgmt-cosmosdb/0.7.0 Python/3.6.9 (Linux-4.9.184-linuxkit-x86_64-with-Ubuntu-18.04-bionic)
    method: GET
    uri: https://management.azure.com/subscriptions/00000000-0000-0000-0000-000000000000/resourceGroups/test_cli_mgmt_cosmosdb_sql_resource_test_sql_defined_functione3e192b/providers/Microsoft.DocumentDB/databaseAccounts/myaccountxxyyzzz?api-version=2020-04-01
  response:
    body:
      string: '{"id":"/subscriptions/00000000-0000-0000-0000-000000000000/resourceGroups/test_cli_mgmt_cosmosdb_sql_resource_test_sql_defined_functione3e192b/providers/Microsoft.DocumentDB/databaseAccounts/myaccountxxyyzzz","name":"myaccountxxyyzzz","location":"East
        US","type":"Microsoft.DocumentDB/databaseAccounts","kind":"GlobalDocumentDB","tags":{},"systemData":{"createdAt":"2020-08-21T09:16:37.3493539Z"},"properties":{"provisioningState":"Succeeded","documentEndpoint":"https://myaccountxxyyzzz.documents.azure.com:443/","publicNetworkAccess":"Enabled","enableAutomaticFailover":false,"enableMultipleWriteLocations":false,"enablePartitionKeyMonitor":false,"isVirtualNetworkFilterEnabled":false,"virtualNetworkRules":[],"EnabledApiTypes":"Sql","disableKeyBasedMetadataWriteAccess":false,"enableFreeTier":false,"enableAnalyticalStorage":false,"instanceId":"da3ea823-eed5-4135-9ed1-2842908f791b","createMode":"Default","databaseAccountOfferType":"Standard","consistencyPolicy":{"defaultConsistencyLevel":"Session","maxIntervalInSeconds":5,"maxStalenessPrefix":100},"configurationOverrides":{},"writeLocations":[{"id":"myaccountxxyyzzz-eastus","locationName":"East
        US","documentEndpoint":"https://myaccountxxyyzzz-eastus.documents.azure.com:443/","provisioningState":"Succeeded","failoverPriority":0,"isZoneRedundant":false}],"readLocations":[{"id":"myaccountxxyyzzz-eastus","locationName":"East
        US","documentEndpoint":"https://myaccountxxyyzzz-eastus.documents.azure.com:443/","provisioningState":"Succeeded","failoverPriority":0,"isZoneRedundant":false}],"locations":[{"id":"myaccountxxyyzzz-eastus","locationName":"East
        US","documentEndpoint":"https://myaccountxxyyzzz-eastus.documents.azure.com:443/","provisioningState":"Succeeded","failoverPriority":0,"isZoneRedundant":false}],"failoverPolicies":[{"id":"myaccountxxyyzzz-eastus","locationName":"East
        US","failoverPriority":0}],"cors":[],"capabilities":[],"ipRules":[],"backupPolicy":{"type":"Periodic","periodicModeProperties":{"backupIntervalInMinutes":240,"backupRetentionIntervalInHours":8}}}}'
    headers:
      cache-control:
      - no-store, no-cache
      content-length:
      - '2042'
      content-location:
      - https://management.documents.azure.com:450/subscriptions/92f95d8f-3c67-4124-91c7-8cf07cdbf241/resourceGroups/test_cli_mgmt_cosmosdb_sql_resource_test_sql_defined_functione3e192b/providers/Microsoft.DocumentDB/databaseAccounts/myaccountxxyyzzz?api-version=2020-04-01
      content-type:
      - application/json
      date:
      - Fri, 21 Aug 2020 09:17:15 GMT
      pragma:
      - no-cache
      server:
      - Microsoft-HTTPAPI/2.0
      strict-transport-security:
      - max-age=31536000; includeSubDomains
      transfer-encoding:
      - chunked
      vary:
      - Accept-Encoding
      x-content-type-options:
      - nosniff
      x-ms-gatewayversion:
      - version=2.11.0
    status:
      code: 200
      message: Ok
- request:
    body: '{"location": "eastus", "properties": {"resource": {"id": "myDatabase"},
      "options": {"throughput": 1000}}}'
    headers:
      Accept:
      - application/json
      Accept-Encoding:
      - gzip, deflate
      Connection:
      - keep-alive
      Content-Length:
      - '105'
      Content-Type:
      - application/json
      User-Agent:
      - azsdk-python-mgmt-cosmosdb/0.7.0 Python/3.6.9 (Linux-4.9.184-linuxkit-x86_64-with-Ubuntu-18.04-bionic)
    method: PUT
    uri: https://management.azure.com/subscriptions/00000000-0000-0000-0000-000000000000/resourceGroups/test_cli_mgmt_cosmosdb_sql_resource_test_sql_defined_functione3e192b/providers/Microsoft.DocumentDB/databaseAccounts/myaccountxxyyzzz/sqlDatabases/myDatabase?api-version=2020-04-01
  response:
    body:
      string: '{"status":"Enqueued"}'
    headers:
      azure-asyncoperation:
      - https://management.azure.com/subscriptions/00000000-0000-0000-0000-000000000000/providers/Microsoft.DocumentDB/locations/eastus/operationsStatus/90d51e1b-29c6-49eb-ba5f-918157b76cdc?api-version=2020-04-01
      cache-control:
      - no-store, no-cache
      content-length:
      - '21'
      content-location:
      - https://management.documents.azure.com:450/subscriptions/92f95d8f-3c67-4124-91c7-8cf07cdbf241/resourceGroups/test_cli_mgmt_cosmosdb_sql_resource_test_sql_defined_functione3e192b/providers/Microsoft.DocumentDB/databaseAccounts/myaccountxxyyzzz/sqlDatabases/myDatabase?api-version=2020-04-01
      content-type:
      - application/json
      date:
      - Fri, 21 Aug 2020 09:17:16 GMT
      location:
      - https://management.azure.com/subscriptions/00000000-0000-0000-0000-000000000000/resourceGroups/test_cli_mgmt_cosmosdb_sql_resource_test_sql_defined_functione3e192b/providers/Microsoft.DocumentDB/databaseAccounts/myaccountxxyyzzz/sqlDatabases/myDatabase/operationResults/90d51e1b-29c6-49eb-ba5f-918157b76cdc?api-version=2020-04-01
      pragma:
      - no-cache
      server:
      - Microsoft-HTTPAPI/2.0
      strict-transport-security:
      - max-age=31536000; includeSubDomains
      x-content-type-options:
      - nosniff
      x-ms-gatewayversion:
      - version=2.11.0
      x-ms-ratelimit-remaining-subscription-writes:
      - '1198'
    status:
      code: 202
      message: Accepted
- request:
    body: null
    headers:
      Accept:
      - '*/*'
      Accept-Encoding:
      - gzip, deflate
      Connection:
      - keep-alive
      User-Agent:
      - azsdk-python-mgmt-cosmosdb/0.7.0 Python/3.6.9 (Linux-4.9.184-linuxkit-x86_64-with-Ubuntu-18.04-bionic)
    method: GET
    uri: https://management.azure.com/subscriptions/00000000-0000-0000-0000-000000000000/providers/Microsoft.DocumentDB/locations/eastus/operationsStatus/90d51e1b-29c6-49eb-ba5f-918157b76cdc?api-version=2020-04-01
  response:
    body:
      string: '{"status":"Succeeded"}'
    headers:
      cache-control:
      - no-store, no-cache
      content-length:
      - '22'
      content-location:
      - https://management.documents.azure.com:450/subscriptions/92f95d8f-3c67-4124-91c7-8cf07cdbf241/providers/Microsoft.DocumentDB/locations/eastus/operationsStatus/90d51e1b-29c6-49eb-ba5f-918157b76cdc?api-version=2020-04-01
      content-type:
      - application/json
      date:
      - Fri, 21 Aug 2020 09:17:46 GMT
      pragma:
      - no-cache
      server:
      - Microsoft-HTTPAPI/2.0
      strict-transport-security:
      - max-age=31536000; includeSubDomains
      transfer-encoding:
      - chunked
      vary:
      - Accept-Encoding
      x-content-type-options:
      - nosniff
      x-ms-gatewayversion:
      - version=2.11.0
    status:
      code: 200
      message: Ok
- request:
    body: null
    headers:
      Accept:
      - '*/*'
      Accept-Encoding:
      - gzip, deflate
      Connection:
      - keep-alive
      User-Agent:
      - azsdk-python-mgmt-cosmosdb/0.7.0 Python/3.6.9 (Linux-4.9.184-linuxkit-x86_64-with-Ubuntu-18.04-bionic)
    method: GET
    uri: https://management.azure.com/subscriptions/00000000-0000-0000-0000-000000000000/resourceGroups/test_cli_mgmt_cosmosdb_sql_resource_test_sql_defined_functione3e192b/providers/Microsoft.DocumentDB/databaseAccounts/myaccountxxyyzzz/sqlDatabases/myDatabase?api-version=2020-04-01
  response:
    body:
      string: '{"id":"/subscriptions/00000000-0000-0000-0000-000000000000/resourceGroups/test_cli_mgmt_cosmosdb_sql_resource_test_sql_defined_functione3e192b/providers/Microsoft.DocumentDB/databaseAccounts/myaccountxxyyzzz/sqlDatabases/myDatabase","type":"Microsoft.DocumentDB/databaseAccounts/sqlDatabases","name":"myDatabase","properties":{"resource":{"id":"myDatabase","_rid":"35IPAA==","_self":"dbs/35IPAA==/","_etag":"\"0000050c-0000-0100-0000-5f3f91240000\"","_colls":"colls/","_users":"users/","_ts":1598001444}}}'
    headers:
      cache-control:
      - no-store, no-cache
      content-length:
      - '505'
      content-location:
      - https://management.documents.azure.com:450/subscriptions/92f95d8f-3c67-4124-91c7-8cf07cdbf241/resourceGroups/test_cli_mgmt_cosmosdb_sql_resource_test_sql_defined_functione3e192b/providers/Microsoft.DocumentDB/databaseAccounts/myaccountxxyyzzz/sqlDatabases/myDatabase?api-version=2020-04-01
      content-type:
      - application/json
      date:
      - Fri, 21 Aug 2020 09:17:47 GMT
      pragma:
      - no-cache
      server:
      - Microsoft-HTTPAPI/2.0
      strict-transport-security:
      - max-age=31536000; includeSubDomains
      transfer-encoding:
      - chunked
      vary:
      - Accept-Encoding
      x-content-type-options:
      - nosniff
      x-ms-gatewayversion:
      - version=2.11.0
    status:
      code: 200
      message: Ok
- request:
    body: '{"location": "eastus", "properties": {"resource": {"id": "myContainer",
      "indexingPolicy": {"automatic": true, "indexingMode": "Consistent", "includedPaths":
      [{"path": "/*", "indexes": [{"dataType": "String", "precision": -1, "kind":
      "Range"}, {"dataType": "Number", "precision": -1, "kind": "Range"}]}], "excludedPaths":
      []}, "partitionKey": {"paths": ["/AccountNumber"], "kind": "Hash"}, "defaultTtl":
      100, "uniqueKeyPolicy": {"uniqueKeys": [{"paths": ["/testPath"]}]}, "conflictResolutionPolicy":
      {"mode": "LastWriterWins", "conflictResolutionPath": "/path"}}, "options": {}}}'
    headers:
      Accept:
      - application/json
      Accept-Encoding:
      - gzip, deflate
      Connection:
      - keep-alive
      Content-Length:
      - '578'
      Content-Type:
      - application/json
      User-Agent:
      - azsdk-python-mgmt-cosmosdb/0.7.0 Python/3.6.9 (Linux-4.9.184-linuxkit-x86_64-with-Ubuntu-18.04-bionic)
    method: PUT
    uri: https://management.azure.com/subscriptions/00000000-0000-0000-0000-000000000000/resourceGroups/test_cli_mgmt_cosmosdb_sql_resource_test_sql_defined_functione3e192b/providers/Microsoft.DocumentDB/databaseAccounts/myaccountxxyyzzz/sqlDatabases/myDatabase/containers/myContainer?api-version=2020-04-01
  response:
    body:
      string: '{"status":"Enqueued"}'
    headers:
      azure-asyncoperation:
      - https://management.azure.com/subscriptions/00000000-0000-0000-0000-000000000000/providers/Microsoft.DocumentDB/locations/eastus/operationsStatus/efba2b1b-78bc-4c94-9f8c-0b7b5f7f6c3b?api-version=2020-04-01
      cache-control:
      - no-store, no-cache
      content-length:
      - '21'
      content-location:
      - https://management.documents.azure.com:450/subscriptions/92f95d8f-3c67-4124-91c7-8cf07cdbf241/resourceGroups/test_cli_mgmt_cosmosdb_sql_resource_test_sql_defined_functione3e192b/providers/Microsoft.DocumentDB/databaseAccounts/myaccountxxyyzzz/sqlDatabases/myDatabase/containers/myContainer?api-version=2020-04-01
      content-type:
      - application/json
      date:
      - Fri, 21 Aug 2020 09:17:47 GMT
      location:
      - https://management.azure.com/subscriptions/00000000-0000-0000-0000-000000000000/resourceGroups/test_cli_mgmt_cosmosdb_sql_resource_test_sql_defined_functione3e192b/providers/Microsoft.DocumentDB/databaseAccounts/myaccountxxyyzzz/sqlDatabases/myDatabase/containers/myContainer/operationResults/efba2b1b-78bc-4c94-9f8c-0b7b5f7f6c3b?api-version=2020-04-01
      pragma:
      - no-cache
      server:
      - Microsoft-HTTPAPI/2.0
      strict-transport-security:
      - max-age=31536000; includeSubDomains
      x-content-type-options:
      - nosniff
      x-ms-gatewayversion:
      - version=2.11.0
      x-ms-ratelimit-remaining-subscription-writes:
      - '1197'
    status:
      code: 202
      message: Accepted
- request:
    body: null
    headers:
      Accept:
      - '*/*'
      Accept-Encoding:
      - gzip, deflate
      Connection:
      - keep-alive
      User-Agent:
      - azsdk-python-mgmt-cosmosdb/0.7.0 Python/3.6.9 (Linux-4.9.184-linuxkit-x86_64-with-Ubuntu-18.04-bionic)
    method: GET
    uri: https://management.azure.com/subscriptions/00000000-0000-0000-0000-000000000000/providers/Microsoft.DocumentDB/locations/eastus/operationsStatus/efba2b1b-78bc-4c94-9f8c-0b7b5f7f6c3b?api-version=2020-04-01
  response:
    body:
      string: '{"status":"Succeeded"}'
    headers:
      cache-control:
      - no-store, no-cache
      content-length:
      - '22'
      content-location:
      - https://management.documents.azure.com:450/subscriptions/92f95d8f-3c67-4124-91c7-8cf07cdbf241/providers/Microsoft.DocumentDB/locations/eastus/operationsStatus/efba2b1b-78bc-4c94-9f8c-0b7b5f7f6c3b?api-version=2020-04-01
      content-type:
      - application/json
      date:
      - Fri, 21 Aug 2020 09:18:18 GMT
      pragma:
      - no-cache
      server:
      - Microsoft-HTTPAPI/2.0
      strict-transport-security:
      - max-age=31536000; includeSubDomains
      transfer-encoding:
      - chunked
      vary:
      - Accept-Encoding
      x-content-type-options:
      - nosniff
      x-ms-gatewayversion:
      - version=2.11.0
    status:
      code: 200
      message: Ok
- request:
    body: null
    headers:
      Accept:
      - '*/*'
      Accept-Encoding:
      - gzip, deflate
      Connection:
      - keep-alive
      User-Agent:
      - azsdk-python-mgmt-cosmosdb/0.7.0 Python/3.6.9 (Linux-4.9.184-linuxkit-x86_64-with-Ubuntu-18.04-bionic)
    method: GET
    uri: https://management.azure.com/subscriptions/00000000-0000-0000-0000-000000000000/resourceGroups/test_cli_mgmt_cosmosdb_sql_resource_test_sql_defined_functione3e192b/providers/Microsoft.DocumentDB/databaseAccounts/myaccountxxyyzzz/sqlDatabases/myDatabase/containers/myContainer?api-version=2020-04-01
  response:
    body:
      string: '{"id":"/subscriptions/00000000-0000-0000-0000-000000000000/resourceGroups/test_cli_mgmt_cosmosdb_sql_resource_test_sql_defined_functione3e192b/providers/Microsoft.DocumentDB/databaseAccounts/myaccountxxyyzzz/sqlDatabases/myDatabase/containers/myContainer","type":"Microsoft.DocumentDB/databaseAccounts/sqlDatabases/containers","name":"myContainer","properties":{"resource":{"id":"myContainer","indexingPolicy":{"indexingMode":"consistent","automatic":true,"includedPaths":[{"path":"/*"}],"excludedPaths":[{"path":"/\"_etag\"/?"}]},"partitionKey":{"paths":["/AccountNumber"],"kind":"Hash"},"defaultTtl":100,"uniqueKeyPolicy":{"uniqueKeys":[{"paths":["/testPath"]}]},"conflictResolutionPolicy":{"mode":"LastWriterWins","conflictResolutionPath":"/path","conflictResolutionProcedure":""},"geospatialConfig":{"type":"Geography"},"uniqueIndexReIndexingState":0,"_rid":"35IPANF1guk=","_ts":1598001473,"_self":"dbs/35IPAA==/colls/35IPANF1guk=/","_etag":"\"0000090c-0000-0100-0000-5f3f91410000\"","_docs":"docs/","_sprocs":"sprocs/","_triggers":"triggers/","_udfs":"udfs/","_conflicts":"conflicts/","statistics":[{"id":"0","sizeInKB":0,"documentCount":0,"partitionKeys":[]}]}}}'
    headers:
      cache-control:
      - no-store, no-cache
      content-length:
      - '1168'
      content-location:
      - https://management.documents.azure.com:450/subscriptions/92f95d8f-3c67-4124-91c7-8cf07cdbf241/resourceGroups/test_cli_mgmt_cosmosdb_sql_resource_test_sql_defined_functione3e192b/providers/Microsoft.DocumentDB/databaseAccounts/myaccountxxyyzzz/sqlDatabases/myDatabase/containers/myContainer?api-version=2020-04-01
      content-type:
      - application/json
      date:
      - Fri, 21 Aug 2020 09:18:18 GMT
      pragma:
      - no-cache
      server:
      - Microsoft-HTTPAPI/2.0
      strict-transport-security:
      - max-age=31536000; includeSubDomains
      transfer-encoding:
      - chunked
      vary:
      - Accept-Encoding
      x-content-type-options:
      - nosniff
      x-ms-gatewayversion:
      - version=2.11.0
    status:
      code: 200
      message: Ok
- request:
    body: '{"properties": {"resource": {"id": "myUserDefinedFunction", "body": "body"},
      "options": {}}}'
    headers:
      Accept:
      - application/json
      Accept-Encoding:
      - gzip, deflate
      Connection:
      - keep-alive
      Content-Length:
      - '92'
      Content-Type:
      - application/json
      User-Agent:
      - azsdk-python-mgmt-cosmosdb/0.7.0 Python/3.6.9 (Linux-4.9.184-linuxkit-x86_64-with-Ubuntu-18.04-bionic)
    method: PUT
    uri: https://management.azure.com/subscriptions/00000000-0000-0000-0000-000000000000/resourceGroups/test_cli_mgmt_cosmosdb_sql_resource_test_sql_defined_functione3e192b/providers/Microsoft.DocumentDB/databaseAccounts/myaccountxxyyzzz/sqlDatabases/myDatabase/containers/myContainer/userDefinedFunctions/myUserDefinedFunction?api-version=2020-04-01
  response:
    body:
      string: '{"status":"Enqueued"}'
    headers:
      azure-asyncoperation:
      - https://management.azure.com/subscriptions/00000000-0000-0000-0000-000000000000/providers/Microsoft.DocumentDB/locations/eastus/operationsStatus/677ecbed-4a94-4bf0-af3c-6427660868a0?api-version=2020-04-01
      cache-control:
      - no-store, no-cache
      content-length:
      - '21'
      content-location:
      - https://management.documents.azure.com:450/subscriptions/92f95d8f-3c67-4124-91c7-8cf07cdbf241/resourceGroups/test_cli_mgmt_cosmosdb_sql_resource_test_sql_defined_functione3e192b/providers/Microsoft.DocumentDB/databaseAccounts/myaccountxxyyzzz/sqlDatabases/myDatabase/containers/myContainer/userDefinedFunctions/myUserDefinedFunction?api-version=2020-04-01
      content-type:
      - application/json
      date:
      - Fri, 21 Aug 2020 09:18:19 GMT
      location:
      - https://management.azure.com/subscriptions/00000000-0000-0000-0000-000000000000/resourceGroups/test_cli_mgmt_cosmosdb_sql_resource_test_sql_defined_functione3e192b/providers/Microsoft.DocumentDB/databaseAccounts/myaccountxxyyzzz/sqlDatabases/myDatabase/containers/myContainer/userDefinedFunctions/myUserDefinedFunction/operationResults/677ecbed-4a94-4bf0-af3c-6427660868a0?api-version=2020-04-01
      pragma:
      - no-cache
      server:
      - Microsoft-HTTPAPI/2.0
      strict-transport-security:
      - max-age=31536000; includeSubDomains
      x-content-type-options:
      - nosniff
      x-ms-gatewayversion:
      - version=2.11.0
      x-ms-ratelimit-remaining-subscription-writes:
      - '1196'
    status:
      code: 202
      message: Accepted
- request:
    body: null
    headers:
      Accept:
      - '*/*'
      Accept-Encoding:
      - gzip, deflate
      Connection:
      - keep-alive
      User-Agent:
      - azsdk-python-mgmt-cosmosdb/0.7.0 Python/3.6.9 (Linux-4.9.184-linuxkit-x86_64-with-Ubuntu-18.04-bionic)
    method: GET
    uri: https://management.azure.com/subscriptions/00000000-0000-0000-0000-000000000000/providers/Microsoft.DocumentDB/locations/eastus/operationsStatus/677ecbed-4a94-4bf0-af3c-6427660868a0?api-version=2020-04-01
  response:
    body:
      string: '{"status":"Succeeded"}'
    headers:
      cache-control:
      - no-store, no-cache
      content-length:
      - '22'
      content-location:
      - https://management.documents.azure.com:450/subscriptions/92f95d8f-3c67-4124-91c7-8cf07cdbf241/providers/Microsoft.DocumentDB/locations/eastus/operationsStatus/677ecbed-4a94-4bf0-af3c-6427660868a0?api-version=2020-04-01
      content-type:
      - application/json
      date:
      - Fri, 21 Aug 2020 09:18:51 GMT
      pragma:
      - no-cache
      server:
      - Microsoft-HTTPAPI/2.0
      strict-transport-security:
      - max-age=31536000; includeSubDomains
      transfer-encoding:
      - chunked
      vary:
      - Accept-Encoding
      x-content-type-options:
      - nosniff
      x-ms-gatewayversion:
      - version=2.11.0
    status:
      code: 200
      message: Ok
- request:
    body: null
    headers:
      Accept:
      - '*/*'
      Accept-Encoding:
      - gzip, deflate
      Connection:
      - keep-alive
      User-Agent:
      - azsdk-python-mgmt-cosmosdb/0.7.0 Python/3.6.9 (Linux-4.9.184-linuxkit-x86_64-with-Ubuntu-18.04-bionic)
    method: GET
    uri: https://management.azure.com/subscriptions/00000000-0000-0000-0000-000000000000/resourceGroups/test_cli_mgmt_cosmosdb_sql_resource_test_sql_defined_functione3e192b/providers/Microsoft.DocumentDB/databaseAccounts/myaccountxxyyzzz/sqlDatabases/myDatabase/containers/myContainer/userDefinedFunctions/myUserDefinedFunction?api-version=2020-04-01
  response:
    body:
      string: '{"id":"/subscriptions/00000000-0000-0000-0000-000000000000/resourceGroups/test_cli_mgmt_cosmosdb_sql_resource_test_sql_defined_functione3e192b/providers/Microsoft.DocumentDB/databaseAccounts/myaccountxxyyzzz/sqlDatabases/myDatabase/containers/myContainer/userDefinedFunctions/myUserDefinedFunction","type":"Microsoft.DocumentDB/databaseAccounts/sqlDatabases/containers/userDefinedFunctions","name":"myUserDefinedFunction","properties":{"resource":{"id":"myUserDefinedFunction","body":"body","_rid":"35IPANF1gukBAAAAAAAAYA==","_self":"dbs/35IPAA==/colls/35IPANF1guk=/udfs/35IPANF1gukBAAAAAAAAYA==/","_etag":"\"05001a2e-0000-0100-0000-5f3f915f0000\"","_ts":1598001503}}}'
    headers:
      cache-control:
      - no-store, no-cache
      content-length:
      - '668'
      content-location:
      - https://management.documents.azure.com:450/subscriptions/92f95d8f-3c67-4124-91c7-8cf07cdbf241/resourceGroups/test_cli_mgmt_cosmosdb_sql_resource_test_sql_defined_functione3e192b/providers/Microsoft.DocumentDB/databaseAccounts/myaccountxxyyzzz/sqlDatabases/myDatabase/containers/myContainer/userDefinedFunctions/myUserDefinedFunction?api-version=2020-04-01
      content-type:
      - application/json
      date:
      - Fri, 21 Aug 2020 09:18:52 GMT
      pragma:
      - no-cache
      server:
      - Microsoft-HTTPAPI/2.0
      strict-transport-security:
      - max-age=31536000; includeSubDomains
      transfer-encoding:
      - chunked
      vary:
      - Accept-Encoding
      x-content-type-options:
      - nosniff
      x-ms-gatewayversion:
      - version=2.11.0
    status:
      code: 200
      message: Ok
- request:
    body: null
    headers:
      Accept:
      - application/json
      Accept-Encoding:
      - gzip, deflate
      Connection:
      - keep-alive
      User-Agent:
      - azsdk-python-mgmt-cosmosdb/0.7.0 Python/3.6.9 (Linux-4.9.184-linuxkit-x86_64-with-Ubuntu-18.04-bionic)
    method: GET
    uri: https://management.azure.com/subscriptions/00000000-0000-0000-0000-000000000000/resourceGroups/test_cli_mgmt_cosmosdb_sql_resource_test_sql_defined_functione3e192b/providers/Microsoft.DocumentDB/databaseAccounts/myaccountxxyyzzz/sqlDatabases/myDatabase/containers/myContainer/userDefinedFunctions/myUserDefinedFunction?api-version=2020-04-01
  response:
    body:
      string: '{"id":"/subscriptions/00000000-0000-0000-0000-000000000000/resourceGroups/test_cli_mgmt_cosmosdb_sql_resource_test_sql_defined_functione3e192b/providers/Microsoft.DocumentDB/databaseAccounts/myaccountxxyyzzz/sqlDatabases/myDatabase/containers/myContainer/userDefinedFunctions/myUserDefinedFunction","type":"Microsoft.DocumentDB/databaseAccounts/sqlDatabases/containers/userDefinedFunctions","name":"myUserDefinedFunction","properties":{"resource":{"id":"myUserDefinedFunction","body":"body","_rid":"35IPANF1gukBAAAAAAAAYA==","_self":"dbs/35IPAA==/colls/35IPANF1guk=/udfs/35IPANF1gukBAAAAAAAAYA==/","_etag":"\"05001a2e-0000-0100-0000-5f3f915f0000\"","_ts":1598001503}}}'
    headers:
      cache-control:
      - no-store, no-cache
      content-length:
      - '668'
      content-location:
      - https://management.documents.azure.com:450/subscriptions/92f95d8f-3c67-4124-91c7-8cf07cdbf241/resourceGroups/test_cli_mgmt_cosmosdb_sql_resource_test_sql_defined_functione3e192b/providers/Microsoft.DocumentDB/databaseAccounts/myaccountxxyyzzz/sqlDatabases/myDatabase/containers/myContainer/userDefinedFunctions/myUserDefinedFunction?api-version=2020-04-01
      content-type:
      - application/json
      date:
      - Fri, 21 Aug 2020 09:18:52 GMT
      pragma:
      - no-cache
      server:
      - Microsoft-HTTPAPI/2.0
      strict-transport-security:
      - max-age=31536000; includeSubDomains
      transfer-encoding:
      - chunked
      vary:
      - Accept-Encoding
      x-content-type-options:
      - nosniff
      x-ms-gatewayversion:
      - version=2.11.0
    status:
      code: 200
      message: Ok
- request:
    body: null
    headers:
      Accept:
      - '*/*'
      Accept-Encoding:
      - gzip, deflate
      Connection:
      - keep-alive
      Content-Length:
      - '0'
      User-Agent:
      - azsdk-python-mgmt-cosmosdb/0.7.0 Python/3.6.9 (Linux-4.9.184-linuxkit-x86_64-with-Ubuntu-18.04-bionic)
    method: DELETE
    uri: https://management.azure.com/subscriptions/00000000-0000-0000-0000-000000000000/resourceGroups/test_cli_mgmt_cosmosdb_sql_resource_test_sql_defined_functione3e192b/providers/Microsoft.DocumentDB/databaseAccounts/myaccountxxyyzzz/sqlDatabases/myDatabase/containers/myContainer/userDefinedFunctions/myUserDefinedFunction?api-version=2020-04-01
  response:
    body:
      string: '{"status":"Enqueued"}'
    headers:
      azure-asyncoperation:
      - https://management.azure.com/subscriptions/00000000-0000-0000-0000-000000000000/providers/Microsoft.DocumentDB/locations/eastus/operationsStatus/ddd689a8-14ef-4594-a8cd-78c3b3fc6a2c?api-version=2020-04-01
      cache-control:
      - no-store, no-cache
      content-length:
      - '21'
      content-location:
      - https://management.documents.azure.com:450/subscriptions/92f95d8f-3c67-4124-91c7-8cf07cdbf241/resourceGroups/test_cli_mgmt_cosmosdb_sql_resource_test_sql_defined_functione3e192b/providers/Microsoft.DocumentDB/databaseAccounts/myaccountxxyyzzz/sqlDatabases/myDatabase/containers/myContainer/userDefinedFunctions/myUserDefinedFunction?api-version=2020-04-01
      content-type:
      - application/json
      date:
      - Fri, 21 Aug 2020 09:18:53 GMT
      location:
      - https://management.azure.com/subscriptions/00000000-0000-0000-0000-000000000000/resourceGroups/test_cli_mgmt_cosmosdb_sql_resource_test_sql_defined_functione3e192b/providers/Microsoft.DocumentDB/databaseAccounts/myaccountxxyyzzz/sqlDatabases/myDatabase/containers/myContainer/userDefinedFunctions/myUserDefinedFunction/operationResults/ddd689a8-14ef-4594-a8cd-78c3b3fc6a2c?api-version=2020-04-01
      pragma:
      - no-cache
      server:
      - Microsoft-HTTPAPI/2.0
      strict-transport-security:
      - max-age=31536000; includeSubDomains
      x-content-type-options:
      - nosniff
      x-ms-gatewayversion:
      - version=2.11.0
      x-ms-ratelimit-remaining-subscription-deletes:
      - '14999'
    status:
      code: 202
      message: Accepted
- request:
    body: null
    headers:
      Accept:
      - '*/*'
      Accept-Encoding:
      - gzip, deflate
      Connection:
      - keep-alive
      User-Agent:
      - azsdk-python-mgmt-cosmosdb/0.7.0 Python/3.6.9 (Linux-4.9.184-linuxkit-x86_64-with-Ubuntu-18.04-bionic)
    method: GET
    uri: https://management.azure.com/subscriptions/00000000-0000-0000-0000-000000000000/providers/Microsoft.DocumentDB/locations/eastus/operationsStatus/ddd689a8-14ef-4594-a8cd-78c3b3fc6a2c?api-version=2020-04-01
  response:
    body:
      string: '{"status":"Succeeded"}'
    headers:
      cache-control:
      - no-store, no-cache
      content-length:
      - '22'
      content-location:
      - https://management.documents.azure.com:450/subscriptions/92f95d8f-3c67-4124-91c7-8cf07cdbf241/providers/Microsoft.DocumentDB/locations/eastus/operationsStatus/ddd689a8-14ef-4594-a8cd-78c3b3fc6a2c?api-version=2020-04-01
      content-type:
      - application/json
      date:
      - Fri, 21 Aug 2020 09:19:23 GMT
      pragma:
      - no-cache
      server:
      - Microsoft-HTTPAPI/2.0
      strict-transport-security:
      - max-age=31536000; includeSubDomains
      transfer-encoding:
      - chunked
      vary:
      - Accept-Encoding
      x-content-type-options:
      - nosniff
      x-ms-gatewayversion:
      - version=2.11.0
    status:
      code: 200
      message: Ok
- request:
    body: null
    headers:
      Accept:
      - '*/*'
      Accept-Encoding:
      - gzip, deflate
      Connection:
      - keep-alive
      Content-Length:
      - '0'
      User-Agent:
      - azsdk-python-mgmt-cosmosdb/0.7.0 Python/3.6.9 (Linux-4.9.184-linuxkit-x86_64-with-Ubuntu-18.04-bionic)
    method: DELETE
    uri: https://management.azure.com/subscriptions/00000000-0000-0000-0000-000000000000/resourceGroups/test_cli_mgmt_cosmosdb_sql_resource_test_sql_defined_functione3e192b/providers/Microsoft.DocumentDB/databaseAccounts/myaccountxxyyzzz/sqlDatabases/myDatabase/containers/myContainer?api-version=2020-04-01
  response:
    body:
      string: '{"status":"Enqueued"}'
    headers:
      azure-asyncoperation:
      - https://management.azure.com/subscriptions/00000000-0000-0000-0000-000000000000/providers/Microsoft.DocumentDB/locations/eastus/operationsStatus/81342418-6bf3-4e88-958a-f4030bc8b352?api-version=2020-04-01
      cache-control:
      - no-store, no-cache
      content-length:
      - '21'
      content-location:
      - https://management.documents.azure.com:450/subscriptions/92f95d8f-3c67-4124-91c7-8cf07cdbf241/resourceGroups/test_cli_mgmt_cosmosdb_sql_resource_test_sql_defined_functione3e192b/providers/Microsoft.DocumentDB/databaseAccounts/myaccountxxyyzzz/sqlDatabases/myDatabase/containers/myContainer?api-version=2020-04-01
      content-type:
      - application/json
      date:
      - Fri, 21 Aug 2020 09:19:24 GMT
      location:
      - https://management.azure.com/subscriptions/00000000-0000-0000-0000-000000000000/resourceGroups/test_cli_mgmt_cosmosdb_sql_resource_test_sql_defined_functione3e192b/providers/Microsoft.DocumentDB/databaseAccounts/myaccountxxyyzzz/sqlDatabases/myDatabase/containers/myContainer/operationResults/81342418-6bf3-4e88-958a-f4030bc8b352?api-version=2020-04-01
      pragma:
      - no-cache
      server:
      - Microsoft-HTTPAPI/2.0
      strict-transport-security:
      - max-age=31536000; includeSubDomains
      x-content-type-options:
      - nosniff
      x-ms-gatewayversion:
      - version=2.11.0
      x-ms-ratelimit-remaining-subscription-deletes:
      - '14998'
    status:
      code: 202
      message: Accepted
- request:
    body: null
    headers:
      Accept:
      - '*/*'
      Accept-Encoding:
      - gzip, deflate
      Connection:
      - keep-alive
      User-Agent:
      - azsdk-python-mgmt-cosmosdb/0.7.0 Python/3.6.9 (Linux-4.9.184-linuxkit-x86_64-with-Ubuntu-18.04-bionic)
    method: GET
    uri: https://management.azure.com/subscriptions/00000000-0000-0000-0000-000000000000/providers/Microsoft.DocumentDB/locations/eastus/operationsStatus/81342418-6bf3-4e88-958a-f4030bc8b352?api-version=2020-04-01
  response:
    body:
      string: '{"status":"Succeeded"}'
    headers:
      cache-control:
      - no-store, no-cache
      content-length:
      - '22'
      content-location:
      - https://management.documents.azure.com:450/subscriptions/92f95d8f-3c67-4124-91c7-8cf07cdbf241/providers/Microsoft.DocumentDB/locations/eastus/operationsStatus/81342418-6bf3-4e88-958a-f4030bc8b352?api-version=2020-04-01
      content-type:
      - application/json
      date:
      - Fri, 21 Aug 2020 09:19:54 GMT
      pragma:
      - no-cache
      server:
      - Microsoft-HTTPAPI/2.0
      strict-transport-security:
      - max-age=31536000; includeSubDomains
      transfer-encoding:
      - chunked
      vary:
      - Accept-Encoding
      x-content-type-options:
      - nosniff
      x-ms-gatewayversion:
      - version=2.11.0
    status:
      code: 200
      message: Ok
- request:
    body: null
    headers:
      Accept:
      - '*/*'
      Accept-Encoding:
      - gzip, deflate
      Connection:
      - keep-alive
      Content-Length:
      - '0'
      User-Agent:
      - azsdk-python-mgmt-cosmosdb/0.7.0 Python/3.6.9 (Linux-4.9.184-linuxkit-x86_64-with-Ubuntu-18.04-bionic)
    method: DELETE
    uri: https://management.azure.com/subscriptions/00000000-0000-0000-0000-000000000000/resourceGroups/test_cli_mgmt_cosmosdb_sql_resource_test_sql_defined_functione3e192b/providers/Microsoft.DocumentDB/databaseAccounts/myaccountxxyyzzz/sqlDatabases/myDatabase?api-version=2020-04-01
  response:
    body:
      string: '{"status":"Enqueued"}'
    headers:
      azure-asyncoperation:
      - https://management.azure.com/subscriptions/00000000-0000-0000-0000-000000000000/providers/Microsoft.DocumentDB/locations/eastus/operationsStatus/4f8c60ac-2619-4818-a03f-d248e37a7011?api-version=2020-04-01
      cache-control:
      - no-store, no-cache
      content-length:
      - '21'
      content-location:
      - https://management.documents.azure.com:450/subscriptions/92f95d8f-3c67-4124-91c7-8cf07cdbf241/resourceGroups/test_cli_mgmt_cosmosdb_sql_resource_test_sql_defined_functione3e192b/providers/Microsoft.DocumentDB/databaseAccounts/myaccountxxyyzzz/sqlDatabases/myDatabase?api-version=2020-04-01
      content-type:
      - application/json
      date:
      - Fri, 21 Aug 2020 09:19:54 GMT
      location:
      - https://management.azure.com/subscriptions/00000000-0000-0000-0000-000000000000/resourceGroups/test_cli_mgmt_cosmosdb_sql_resource_test_sql_defined_functione3e192b/providers/Microsoft.DocumentDB/databaseAccounts/myaccountxxyyzzz/sqlDatabases/myDatabase/operationResults/4f8c60ac-2619-4818-a03f-d248e37a7011?api-version=2020-04-01
      pragma:
      - no-cache
      server:
      - Microsoft-HTTPAPI/2.0
      strict-transport-security:
      - max-age=31536000; includeSubDomains
      x-content-type-options:
      - nosniff
      x-ms-gatewayversion:
      - version=2.11.0
      x-ms-ratelimit-remaining-subscription-deletes:
      - '14997'
    status:
      code: 202
      message: Accepted
- request:
    body: null
    headers:
      Accept:
      - '*/*'
      Accept-Encoding:
      - gzip, deflate
      Connection:
      - keep-alive
      User-Agent:
      - azsdk-python-mgmt-cosmosdb/0.7.0 Python/3.6.9 (Linux-4.9.184-linuxkit-x86_64-with-Ubuntu-18.04-bionic)
    method: GET
    uri: https://management.azure.com/subscriptions/00000000-0000-0000-0000-000000000000/providers/Microsoft.DocumentDB/locations/eastus/operationsStatus/4f8c60ac-2619-4818-a03f-d248e37a7011?api-version=2020-04-01
  response:
    body:
      string: '{"status":"Succeeded"}'
    headers:
      cache-control:
      - no-store, no-cache
      content-length:
      - '22'
      content-location:
      - https://management.documents.azure.com:450/subscriptions/92f95d8f-3c67-4124-91c7-8cf07cdbf241/providers/Microsoft.DocumentDB/locations/eastus/operationsStatus/4f8c60ac-2619-4818-a03f-d248e37a7011?api-version=2020-04-01
      content-type:
      - application/json
      date:
      - Fri, 21 Aug 2020 09:20:24 GMT
      pragma:
      - no-cache
      server:
      - Microsoft-HTTPAPI/2.0
      strict-transport-security:
      - max-age=31536000; includeSubDomains
      transfer-encoding:
      - chunked
      vary:
      - Accept-Encoding
      x-content-type-options:
      - nosniff
      x-ms-gatewayversion:
      - version=2.11.0
    status:
      code: 200
      message: Ok
- request:
    body: null
    headers:
      Accept:
      - '*/*'
      Accept-Encoding:
      - gzip, deflate
      Connection:
      - keep-alive
      Content-Length:
      - '0'
      User-Agent:
      - azsdk-python-mgmt-cosmosdb/0.7.0 Python/3.6.9 (Linux-4.9.184-linuxkit-x86_64-with-Ubuntu-18.04-bionic)
    method: DELETE
    uri: https://management.azure.com/subscriptions/00000000-0000-0000-0000-000000000000/resourceGroups/test_cli_mgmt_cosmosdb_sql_resource_test_sql_defined_functione3e192b/providers/Microsoft.DocumentDB/databaseAccounts/myaccountxxyyzzz?api-version=2020-04-01
  response:
    body:
      string: '{"status":"Enqueued"}'
    headers:
      azure-asyncoperation:
      - https://management.azure.com/subscriptions/00000000-0000-0000-0000-000000000000/providers/Microsoft.DocumentDB/locations/eastus/operationsStatus/2f94763c-603c-4abc-9dfa-f212534641b3?api-version=2020-04-01
      cache-control:
      - no-store, no-cache
      content-length:
      - '21'
      content-location:
      - https://management.documents.azure.com:450/subscriptions/92f95d8f-3c67-4124-91c7-8cf07cdbf241/resourceGroups/test_cli_mgmt_cosmosdb_sql_resource_test_sql_defined_functione3e192b/providers/Microsoft.DocumentDB/databaseAccounts/myaccountxxyyzzz?api-version=2020-04-01
      content-type:
      - application/json
      date:
      - Fri, 21 Aug 2020 09:20:26 GMT
      location:
      - https://management.azure.com/subscriptions/00000000-0000-0000-0000-000000000000/providers/Microsoft.DocumentDB/locations/eastus/operationResults/2f94763c-603c-4abc-9dfa-f212534641b3?api-version=2020-04-01
      pragma:
      - no-cache
      server:
      - Microsoft-HTTPAPI/2.0
      strict-transport-security:
      - max-age=31536000; includeSubDomains
      x-content-type-options:
      - nosniff
      x-ms-gatewayversion:
      - version=2.11.0
      x-ms-ratelimit-remaining-subscription-deletes:
      - '14996'
    status:
      code: 202
      message: Accepted
- request:
    body: null
    headers:
      Accept:
      - '*/*'
      Accept-Encoding:
      - gzip, deflate
      Connection:
      - keep-alive
      User-Agent:
      - azsdk-python-mgmt-cosmosdb/0.7.0 Python/3.6.9 (Linux-4.9.184-linuxkit-x86_64-with-Ubuntu-18.04-bionic)
    method: GET
    uri: https://management.azure.com/subscriptions/00000000-0000-0000-0000-000000000000/providers/Microsoft.DocumentDB/locations/eastus/operationsStatus/2f94763c-603c-4abc-9dfa-f212534641b3?api-version=2020-04-01
  response:
    body:
      string: '{"status":"Dequeued"}'
    headers:
      cache-control:
      - no-store, no-cache
      content-length:
      - '21'
      content-location:
      - https://management.documents.azure.com:450/subscriptions/92f95d8f-3c67-4124-91c7-8cf07cdbf241/providers/Microsoft.DocumentDB/locations/eastus/operationsStatus/2f94763c-603c-4abc-9dfa-f212534641b3?api-version=2020-04-01
      content-type:
      - application/json
      date:
      - Fri, 21 Aug 2020 09:20:56 GMT
      pragma:
      - no-cache
      server:
      - Microsoft-HTTPAPI/2.0
      strict-transport-security:
      - max-age=31536000; includeSubDomains
      transfer-encoding:
      - chunked
      vary:
      - Accept-Encoding
      x-content-type-options:
      - nosniff
      x-ms-gatewayversion:
      - version=2.11.0
    status:
      code: 200
      message: Ok
- request:
    body: null
    headers:
      Accept:
      - '*/*'
      Accept-Encoding:
      - gzip, deflate
      Connection:
      - keep-alive
      User-Agent:
      - azsdk-python-mgmt-cosmosdb/0.7.0 Python/3.6.9 (Linux-4.9.184-linuxkit-x86_64-with-Ubuntu-18.04-bionic)
    method: GET
    uri: https://management.azure.com/subscriptions/00000000-0000-0000-0000-000000000000/providers/Microsoft.DocumentDB/locations/eastus/operationsStatus/2f94763c-603c-4abc-9dfa-f212534641b3?api-version=2020-04-01
  response:
    body:
      string: '{"status":"Dequeued"}'
    headers:
      cache-control:
      - no-store, no-cache
      content-length:
      - '21'
      content-location:
      - https://management.documents.azure.com:450/subscriptions/92f95d8f-3c67-4124-91c7-8cf07cdbf241/providers/Microsoft.DocumentDB/locations/eastus/operationsStatus/2f94763c-603c-4abc-9dfa-f212534641b3?api-version=2020-04-01
      content-type:
      - application/json
      date:
      - Fri, 21 Aug 2020 09:21:27 GMT
      pragma:
      - no-cache
      server:
      - Microsoft-HTTPAPI/2.0
      strict-transport-security:
      - max-age=31536000; includeSubDomains
      transfer-encoding:
      - chunked
      vary:
      - Accept-Encoding
      x-content-type-options:
      - nosniff
      x-ms-gatewayversion:
      - version=2.11.0
    status:
      code: 200
      message: Ok
- request:
    body: null
    headers:
      Accept:
      - '*/*'
      Accept-Encoding:
      - gzip, deflate
      Connection:
      - keep-alive
      User-Agent:
      - azsdk-python-mgmt-cosmosdb/0.7.0 Python/3.6.9 (Linux-4.9.184-linuxkit-x86_64-with-Ubuntu-18.04-bionic)
    method: GET
    uri: https://management.azure.com/subscriptions/00000000-0000-0000-0000-000000000000/providers/Microsoft.DocumentDB/locations/eastus/operationsStatus/2f94763c-603c-4abc-9dfa-f212534641b3?api-version=2020-04-01
  response:
    body:
      string: '{"status":"Dequeued"}'
    headers:
      cache-control:
      - no-store, no-cache
      content-length:
      - '21'
      content-location:
      - https://management.documents.azure.com:450/subscriptions/92f95d8f-3c67-4124-91c7-8cf07cdbf241/providers/Microsoft.DocumentDB/locations/eastus/operationsStatus/2f94763c-603c-4abc-9dfa-f212534641b3?api-version=2020-04-01
      content-type:
      - application/json
      date:
      - Fri, 21 Aug 2020 09:21:58 GMT
      pragma:
      - no-cache
      server:
      - Microsoft-HTTPAPI/2.0
      strict-transport-security:
      - max-age=31536000; includeSubDomains
      transfer-encoding:
      - chunked
      vary:
      - Accept-Encoding
      x-content-type-options:
      - nosniff
      x-ms-gatewayversion:
      - version=2.11.0
    status:
      code: 200
      message: Ok
- request:
    body: null
    headers:
      Accept:
      - '*/*'
      Accept-Encoding:
      - gzip, deflate
      Connection:
      - keep-alive
      User-Agent:
      - azsdk-python-mgmt-cosmosdb/0.7.0 Python/3.6.9 (Linux-4.9.184-linuxkit-x86_64-with-Ubuntu-18.04-bionic)
    method: GET
    uri: https://management.azure.com/subscriptions/00000000-0000-0000-0000-000000000000/providers/Microsoft.DocumentDB/locations/eastus/operationsStatus/2f94763c-603c-4abc-9dfa-f212534641b3?api-version=2020-04-01
  response:
    body:
      string: '{"status":"Dequeued"}'
    headers:
      cache-control:
      - no-store, no-cache
      content-length:
      - '21'
      content-location:
      - https://management.documents.azure.com:450/subscriptions/92f95d8f-3c67-4124-91c7-8cf07cdbf241/providers/Microsoft.DocumentDB/locations/eastus/operationsStatus/2f94763c-603c-4abc-9dfa-f212534641b3?api-version=2020-04-01
      content-type:
      - application/json
      date:
      - Fri, 21 Aug 2020 09:22:28 GMT
      pragma:
      - no-cache
      server:
      - Microsoft-HTTPAPI/2.0
      strict-transport-security:
      - max-age=31536000; includeSubDomains
      transfer-encoding:
      - chunked
      vary:
      - Accept-Encoding
      x-content-type-options:
      - nosniff
      x-ms-gatewayversion:
      - version=2.11.0
    status:
      code: 200
      message: Ok
- request:
    body: null
    headers:
      Accept:
      - '*/*'
      Accept-Encoding:
      - gzip, deflate
      Connection:
      - keep-alive
      User-Agent:
      - azsdk-python-mgmt-cosmosdb/0.7.0 Python/3.6.9 (Linux-4.9.184-linuxkit-x86_64-with-Ubuntu-18.04-bionic)
    method: GET
    uri: https://management.azure.com/subscriptions/00000000-0000-0000-0000-000000000000/providers/Microsoft.DocumentDB/locations/eastus/operationsStatus/2f94763c-603c-4abc-9dfa-f212534641b3?api-version=2020-04-01
  response:
    body:
      string: '{"status":"Dequeued"}'
    headers:
      cache-control:
      - no-store, no-cache
      content-length:
      - '21'
      content-location:
      - https://management.documents.azure.com:450/subscriptions/92f95d8f-3c67-4124-91c7-8cf07cdbf241/providers/Microsoft.DocumentDB/locations/eastus/operationsStatus/2f94763c-603c-4abc-9dfa-f212534641b3?api-version=2020-04-01
      content-type:
      - application/json
      date:
      - Fri, 21 Aug 2020 09:22:58 GMT
      pragma:
      - no-cache
      server:
      - Microsoft-HTTPAPI/2.0
      strict-transport-security:
      - max-age=31536000; includeSubDomains
      transfer-encoding:
      - chunked
      vary:
      - Accept-Encoding
      x-content-type-options:
      - nosniff
      x-ms-gatewayversion:
      - version=2.11.0
    status:
      code: 200
      message: Ok
- request:
    body: null
    headers:
      Accept:
      - '*/*'
      Accept-Encoding:
      - gzip, deflate
      Connection:
      - keep-alive
      User-Agent:
      - azsdk-python-mgmt-cosmosdb/0.7.0 Python/3.6.9 (Linux-4.9.184-linuxkit-x86_64-with-Ubuntu-18.04-bionic)
    method: GET
    uri: https://management.azure.com/subscriptions/00000000-0000-0000-0000-000000000000/providers/Microsoft.DocumentDB/locations/eastus/operationsStatus/2f94763c-603c-4abc-9dfa-f212534641b3?api-version=2020-04-01
  response:
    body:
      string: '{"status":"Dequeued"}'
    headers:
      cache-control:
      - no-store, no-cache
      content-length:
      - '21'
      content-location:
      - https://management.documents.azure.com:450/subscriptions/92f95d8f-3c67-4124-91c7-8cf07cdbf241/providers/Microsoft.DocumentDB/locations/eastus/operationsStatus/2f94763c-603c-4abc-9dfa-f212534641b3?api-version=2020-04-01
      content-type:
      - application/json
      date:
      - Fri, 21 Aug 2020 09:23:29 GMT
      pragma:
      - no-cache
      server:
      - Microsoft-HTTPAPI/2.0
      strict-transport-security:
      - max-age=31536000; includeSubDomains
      transfer-encoding:
      - chunked
      vary:
      - Accept-Encoding
      x-content-type-options:
      - nosniff
      x-ms-gatewayversion:
      - version=2.11.0
    status:
      code: 200
      message: Ok
- request:
    body: null
    headers:
      Accept:
      - '*/*'
      Accept-Encoding:
      - gzip, deflate
      Connection:
      - keep-alive
      User-Agent:
      - azsdk-python-mgmt-cosmosdb/0.7.0 Python/3.6.9 (Linux-4.9.184-linuxkit-x86_64-with-Ubuntu-18.04-bionic)
    method: GET
    uri: https://management.azure.com/subscriptions/00000000-0000-0000-0000-000000000000/providers/Microsoft.DocumentDB/locations/eastus/operationsStatus/2f94763c-603c-4abc-9dfa-f212534641b3?api-version=2020-04-01
  response:
    body:
      string: '{"status":"Dequeued"}'
    headers:
      cache-control:
      - no-store, no-cache
      content-length:
      - '21'
      content-location:
      - https://management.documents.azure.com:450/subscriptions/92f95d8f-3c67-4124-91c7-8cf07cdbf241/providers/Microsoft.DocumentDB/locations/eastus/operationsStatus/2f94763c-603c-4abc-9dfa-f212534641b3?api-version=2020-04-01
      content-type:
      - application/json
      date:
      - Fri, 21 Aug 2020 09:23:59 GMT
      pragma:
      - no-cache
      server:
      - Microsoft-HTTPAPI/2.0
      strict-transport-security:
      - max-age=31536000; includeSubDomains
      transfer-encoding:
      - chunked
      vary:
      - Accept-Encoding
      x-content-type-options:
      - nosniff
      x-ms-gatewayversion:
      - version=2.11.0
    status:
      code: 200
      message: Ok
- request:
    body: null
    headers:
      Accept:
      - '*/*'
      Accept-Encoding:
      - gzip, deflate
      Connection:
      - keep-alive
      User-Agent:
      - azsdk-python-mgmt-cosmosdb/0.7.0 Python/3.6.9 (Linux-4.9.184-linuxkit-x86_64-with-Ubuntu-18.04-bionic)
    method: GET
    uri: https://management.azure.com/subscriptions/00000000-0000-0000-0000-000000000000/providers/Microsoft.DocumentDB/locations/eastus/operationsStatus/2f94763c-603c-4abc-9dfa-f212534641b3?api-version=2020-04-01
  response:
    body:
      string: '{"status":"Dequeued"}'
    headers:
      cache-control:
      - no-store, no-cache
      content-length:
      - '21'
      content-location:
      - https://management.documents.azure.com:450/subscriptions/92f95d8f-3c67-4124-91c7-8cf07cdbf241/providers/Microsoft.DocumentDB/locations/eastus/operationsStatus/2f94763c-603c-4abc-9dfa-f212534641b3?api-version=2020-04-01
      content-type:
      - application/json
      date:
      - Fri, 21 Aug 2020 09:24:29 GMT
      pragma:
      - no-cache
      server:
      - Microsoft-HTTPAPI/2.0
      strict-transport-security:
      - max-age=31536000; includeSubDomains
      transfer-encoding:
      - chunked
      vary:
      - Accept-Encoding
      x-content-type-options:
      - nosniff
      x-ms-gatewayversion:
      - version=2.11.0
    status:
      code: 200
      message: Ok
- request:
    body: null
    headers:
      Accept:
      - '*/*'
      Accept-Encoding:
      - gzip, deflate
      Connection:
      - keep-alive
      User-Agent:
      - azsdk-python-mgmt-cosmosdb/0.7.0 Python/3.6.9 (Linux-4.9.184-linuxkit-x86_64-with-Ubuntu-18.04-bionic)
    method: GET
    uri: https://management.azure.com/subscriptions/00000000-0000-0000-0000-000000000000/providers/Microsoft.DocumentDB/locations/eastus/operationsStatus/2f94763c-603c-4abc-9dfa-f212534641b3?api-version=2020-04-01
  response:
    body:
      string: '{"status":"Dequeued"}'
    headers:
      cache-control:
      - no-store, no-cache
      content-length:
      - '21'
      content-location:
      - https://management.documents.azure.com:450/subscriptions/92f95d8f-3c67-4124-91c7-8cf07cdbf241/providers/Microsoft.DocumentDB/locations/eastus/operationsStatus/2f94763c-603c-4abc-9dfa-f212534641b3?api-version=2020-04-01
      content-type:
      - application/json
      date:
      - Fri, 21 Aug 2020 09:24:59 GMT
      pragma:
      - no-cache
      server:
      - Microsoft-HTTPAPI/2.0
      strict-transport-security:
      - max-age=31536000; includeSubDomains
      transfer-encoding:
      - chunked
      vary:
      - Accept-Encoding
      x-content-type-options:
      - nosniff
      x-ms-gatewayversion:
      - version=2.11.0
    status:
      code: 200
      message: Ok
- request:
    body: null
    headers:
      Accept:
      - '*/*'
      Accept-Encoding:
      - gzip, deflate
      Connection:
      - keep-alive
      User-Agent:
      - azsdk-python-mgmt-cosmosdb/0.7.0 Python/3.6.9 (Linux-4.9.184-linuxkit-x86_64-with-Ubuntu-18.04-bionic)
    method: GET
    uri: https://management.azure.com/subscriptions/00000000-0000-0000-0000-000000000000/providers/Microsoft.DocumentDB/locations/eastus/operationsStatus/2f94763c-603c-4abc-9dfa-f212534641b3?api-version=2020-04-01
  response:
    body:
      string: '{"status":"Dequeued"}'
    headers:
      cache-control:
      - no-store, no-cache
      content-length:
      - '21'
      content-location:
      - https://management.documents.azure.com:450/subscriptions/92f95d8f-3c67-4124-91c7-8cf07cdbf241/providers/Microsoft.DocumentDB/locations/eastus/operationsStatus/2f94763c-603c-4abc-9dfa-f212534641b3?api-version=2020-04-01
      content-type:
      - application/json
      date:
      - Fri, 21 Aug 2020 09:25:30 GMT
      pragma:
      - no-cache
      server:
      - Microsoft-HTTPAPI/2.0
      strict-transport-security:
      - max-age=31536000; includeSubDomains
      transfer-encoding:
      - chunked
      vary:
      - Accept-Encoding
      x-content-type-options:
      - nosniff
      x-ms-gatewayversion:
      - version=2.11.0
    status:
      code: 200
      message: Ok
- request:
    body: null
    headers:
      Accept:
      - '*/*'
      Accept-Encoding:
      - gzip, deflate
      Connection:
      - keep-alive
      User-Agent:
      - azsdk-python-mgmt-cosmosdb/0.7.0 Python/3.6.9 (Linux-4.9.184-linuxkit-x86_64-with-Ubuntu-18.04-bionic)
    method: GET
    uri: https://management.azure.com/subscriptions/00000000-0000-0000-0000-000000000000/providers/Microsoft.DocumentDB/locations/eastus/operationsStatus/2f94763c-603c-4abc-9dfa-f212534641b3?api-version=2020-04-01
  response:
    body:
      string: '{"status":"Dequeued"}'
    headers:
      cache-control:
      - no-store, no-cache
      content-length:
      - '21'
      content-location:
      - https://management.documents.azure.com:450/subscriptions/92f95d8f-3c67-4124-91c7-8cf07cdbf241/providers/Microsoft.DocumentDB/locations/eastus/operationsStatus/2f94763c-603c-4abc-9dfa-f212534641b3?api-version=2020-04-01
      content-type:
      - application/json
      date:
      - Fri, 21 Aug 2020 09:26:00 GMT
      pragma:
      - no-cache
      server:
      - Microsoft-HTTPAPI/2.0
      strict-transport-security:
      - max-age=31536000; includeSubDomains
      transfer-encoding:
      - chunked
      vary:
      - Accept-Encoding
      x-content-type-options:
      - nosniff
      x-ms-gatewayversion:
      - version=2.11.0
    status:
      code: 200
      message: Ok
- request:
    body: null
    headers:
      Accept:
      - '*/*'
      Accept-Encoding:
      - gzip, deflate
      Connection:
      - keep-alive
      User-Agent:
      - azsdk-python-mgmt-cosmosdb/0.7.0 Python/3.6.9 (Linux-4.9.184-linuxkit-x86_64-with-Ubuntu-18.04-bionic)
    method: GET
    uri: https://management.azure.com/subscriptions/00000000-0000-0000-0000-000000000000/providers/Microsoft.DocumentDB/locations/eastus/operationsStatus/2f94763c-603c-4abc-9dfa-f212534641b3?api-version=2020-04-01
  response:
    body:
      string: '{"status":"Dequeued"}'
    headers:
      cache-control:
      - no-store, no-cache
      content-length:
      - '21'
      content-location:
      - https://management.documents.azure.com:450/subscriptions/92f95d8f-3c67-4124-91c7-8cf07cdbf241/providers/Microsoft.DocumentDB/locations/eastus/operationsStatus/2f94763c-603c-4abc-9dfa-f212534641b3?api-version=2020-04-01
      content-type:
      - application/json
      date:
      - Fri, 21 Aug 2020 09:26:31 GMT
      pragma:
      - no-cache
      server:
      - Microsoft-HTTPAPI/2.0
      strict-transport-security:
      - max-age=31536000; includeSubDomains
      transfer-encoding:
      - chunked
      vary:
      - Accept-Encoding
      x-content-type-options:
      - nosniff
      x-ms-gatewayversion:
      - version=2.11.0
    status:
      code: 200
      message: Ok
- request:
    body: null
    headers:
      Accept:
      - '*/*'
      Accept-Encoding:
      - gzip, deflate
      Connection:
      - keep-alive
      User-Agent:
      - azsdk-python-mgmt-cosmosdb/0.7.0 Python/3.6.9 (Linux-4.9.184-linuxkit-x86_64-with-Ubuntu-18.04-bionic)
    method: GET
    uri: https://management.azure.com/subscriptions/00000000-0000-0000-0000-000000000000/providers/Microsoft.DocumentDB/locations/eastus/operationsStatus/2f94763c-603c-4abc-9dfa-f212534641b3?api-version=2020-04-01
  response:
    body:
      string: '{"status":"Dequeued"}'
    headers:
      cache-control:
      - no-store, no-cache
      content-length:
      - '21'
      content-location:
      - https://management.documents.azure.com:450/subscriptions/92f95d8f-3c67-4124-91c7-8cf07cdbf241/providers/Microsoft.DocumentDB/locations/eastus/operationsStatus/2f94763c-603c-4abc-9dfa-f212534641b3?api-version=2020-04-01
      content-type:
      - application/json
      date:
      - Fri, 21 Aug 2020 09:27:01 GMT
      pragma:
      - no-cache
      server:
      - Microsoft-HTTPAPI/2.0
      strict-transport-security:
      - max-age=31536000; includeSubDomains
      transfer-encoding:
      - chunked
      vary:
      - Accept-Encoding
      x-content-type-options:
      - nosniff
      x-ms-gatewayversion:
      - version=2.11.0
    status:
      code: 200
      message: Ok
- request:
    body: null
    headers:
      Accept:
      - '*/*'
      Accept-Encoding:
      - gzip, deflate
      Connection:
      - keep-alive
      User-Agent:
      - azsdk-python-mgmt-cosmosdb/0.7.0 Python/3.6.9 (Linux-4.9.184-linuxkit-x86_64-with-Ubuntu-18.04-bionic)
    method: GET
    uri: https://management.azure.com/subscriptions/00000000-0000-0000-0000-000000000000/providers/Microsoft.DocumentDB/locations/eastus/operationsStatus/2f94763c-603c-4abc-9dfa-f212534641b3?api-version=2020-04-01
  response:
    body:
      string: '{"status":"Dequeued"}'
    headers:
      cache-control:
      - no-store, no-cache
      content-length:
      - '21'
      content-location:
      - https://management.documents.azure.com:450/subscriptions/92f95d8f-3c67-4124-91c7-8cf07cdbf241/providers/Microsoft.DocumentDB/locations/eastus/operationsStatus/2f94763c-603c-4abc-9dfa-f212534641b3?api-version=2020-04-01
      content-type:
      - application/json
      date:
      - Fri, 21 Aug 2020 09:27:32 GMT
      pragma:
      - no-cache
      server:
      - Microsoft-HTTPAPI/2.0
      strict-transport-security:
      - max-age=31536000; includeSubDomains
      transfer-encoding:
      - chunked
      vary:
      - Accept-Encoding
      x-content-type-options:
      - nosniff
      x-ms-gatewayversion:
      - version=2.11.0
    status:
      code: 200
      message: Ok
- request:
    body: null
    headers:
      Accept:
      - '*/*'
      Accept-Encoding:
      - gzip, deflate
      Connection:
      - keep-alive
      User-Agent:
      - azsdk-python-mgmt-cosmosdb/0.7.0 Python/3.6.9 (Linux-4.9.184-linuxkit-x86_64-with-Ubuntu-18.04-bionic)
    method: GET
    uri: https://management.azure.com/subscriptions/00000000-0000-0000-0000-000000000000/providers/Microsoft.DocumentDB/locations/eastus/operationsStatus/2f94763c-603c-4abc-9dfa-f212534641b3?api-version=2020-04-01
  response:
    body:
      string: '{"status":"Succeeded"}'
    headers:
      cache-control:
      - no-store, no-cache
      content-length:
      - '22'
      content-location:
      - https://management.documents.azure.com:450/subscriptions/92f95d8f-3c67-4124-91c7-8cf07cdbf241/providers/Microsoft.DocumentDB/locations/eastus/operationsStatus/2f94763c-603c-4abc-9dfa-f212534641b3?api-version=2020-04-01
      content-type:
      - application/json
      date:
      - Fri, 21 Aug 2020 09:28:02 GMT
      pragma:
      - no-cache
      server:
      - Microsoft-HTTPAPI/2.0
      strict-transport-security:
      - max-age=31536000; includeSubDomains
      transfer-encoding:
      - chunked
      vary:
      - Accept-Encoding
      x-content-type-options:
      - nosniff
      x-ms-gatewayversion:
      - version=2.11.0
    status:
      code: 200
      message: Ok
version: 1
