interactions:
- request:
    body: '{"location": "westus", "properties": {"locations": [{"locationName": "westus",
      "failoverPriority": 0}], "databaseAccountOfferType": "Standard"}}'
    headers:
      Accept:
      - application/json
      Accept-Encoding:
      - gzip, deflate
      Connection:
      - keep-alive
      Content-Length:
      - '144'
      Content-Type:
      - application/json; charset=utf-8
      User-Agent:
      - python/3.8.8 (Linux-5.4.0-1043-azure-x86_64-with-glibc2.2.5) msrest/0.6.21
        VSTS_0fb41ef4-5012-48a9-bf39-4ee3de03ee35_build_2384_0 msrest_azure/0.6.4
        azure-mgmt-cosmosdb/5.0.0 Azure-SDK-For-Python
      accept-language:
      - en-US
    method: PUT
    uri: https://management.azure.com/subscriptions/00000000-0000-0000-0000-000000000000/resourceGroups/test_mgmt_cosmosdb_test_accounts_features640310f9/providers/Microsoft.DocumentDB/databaseAccounts/spycosmosdbx22640310f9?api-version=2021-03-15
  response:
    body:
      string: '{"id":"/subscriptions/00000000-0000-0000-0000-000000000000/resourceGroups/test_mgmt_cosmosdb_test_accounts_features640310f9/providers/Microsoft.DocumentDB/databaseAccounts/spycosmosdbx22640310f9","name":"spycosmosdbx22640310f9","location":"West
        US","type":"Microsoft.DocumentDB/databaseAccounts","kind":"GlobalDocumentDB","tags":{},"systemData":{"createdAt":"2021-04-07T02:14:51.9487489Z"},"properties":{"provisioningState":"Creating","publicNetworkAccess":"Enabled","enableAutomaticFailover":false,"enableMultipleWriteLocations":false,"enablePartitionKeyMonitor":false,"isVirtualNetworkFilterEnabled":false,"virtualNetworkRules":[],"EnabledApiTypes":"Sql","disableKeyBasedMetadataWriteAccess":false,"enableFreeTier":false,"enableAnalyticalStorage":false,"instanceId":"35e3ef3d-fc8e-4e42-a1f4-cde23f9d90b1","createMode":"Default","databaseAccountOfferType":"Standard","defaultIdentity":"","networkAclBypass":"None","consistencyPolicy":{"defaultConsistencyLevel":"Session","maxIntervalInSeconds":5,"maxStalenessPrefix":100},"configurationOverrides":{},"writeLocations":[{"id":"spycosmosdbx22640310f9-westus","locationName":"West
        US","provisioningState":"Creating","failoverPriority":0,"isZoneRedundant":false}],"readLocations":[{"id":"spycosmosdbx22640310f9-westus","locationName":"West
        US","provisioningState":"Creating","failoverPriority":0,"isZoneRedundant":false}],"locations":[{"id":"spycosmosdbx22640310f9-westus","locationName":"West
        US","provisioningState":"Creating","failoverPriority":0,"isZoneRedundant":false}],"failoverPolicies":[{"id":"spycosmosdbx22640310f9-westus","locationName":"West
        US","failoverPriority":0}],"cors":[],"capabilities":[],"ipRules":[],"backupPolicy":{"type":"Periodic","periodicModeProperties":{"backupIntervalInMinutes":240,"backupRetentionIntervalInHours":8,"backupStorageRedundancy":"Geo"}},"networkAclBypassResourceIds":[]},"identity":{"type":"None"}}'
    headers:
      azure-asyncoperation:
      - https://management.azure.com/subscriptions/00000000-0000-0000-0000-000000000000/providers/Microsoft.DocumentDB/locations/westus/operationsStatus/abcb3432-fb00-4999-9f95-512546962b7d?api-version=2021-03-15
      cache-control:
      - no-store, no-cache
      content-length:
      - '1889'
      content-type:
      - application/json
      date:
      - Wed, 07 Apr 2021 02:14:53 GMT
      location:
      - https://management.azure.com/subscriptions/00000000-0000-0000-0000-000000000000/resourceGroups/test_mgmt_cosmosdb_test_accounts_features640310f9/providers/Microsoft.DocumentDB/databaseAccounts/spycosmosdbx22640310f9/operationResults/abcb3432-fb00-4999-9f95-512546962b7d?api-version=2021-03-15
      pragma:
      - no-cache
      server:
      - Microsoft-HTTPAPI/2.0
      strict-transport-security:
      - max-age=31536000; includeSubDomains
      transfer-encoding:
      - chunked
      vary:
      - Accept-Encoding
      x-content-type-options:
      - nosniff
      x-ms-gatewayversion:
      - version=2.11.0
      x-ms-ratelimit-remaining-subscription-writes:
      - '1199'
    status:
      code: 200
      message: Ok
- request:
    body: null
    headers:
      Accept:
      - application/json
      Accept-Encoding:
      - gzip, deflate
      Connection:
      - keep-alive
      User-Agent:
      - python/3.8.8 (Linux-5.4.0-1043-azure-x86_64-with-glibc2.2.5) msrest/0.6.21
        VSTS_0fb41ef4-5012-48a9-bf39-4ee3de03ee35_build_2384_0 msrest_azure/0.6.4
        azure-mgmt-cosmosdb/5.0.0 Azure-SDK-For-Python
    method: GET
    uri: https://management.azure.com/subscriptions/00000000-0000-0000-0000-000000000000/providers/Microsoft.DocumentDB/locations/westus/operationsStatus/abcb3432-fb00-4999-9f95-512546962b7d?api-version=2021-03-15
  response:
    body:
      string: '{"status":"Dequeued"}'
    headers:
      cache-control:
      - no-store, no-cache
      content-length:
      - '21'
      content-type:
      - application/json
      date:
      - Wed, 07 Apr 2021 02:15:24 GMT
      pragma:
      - no-cache
      server:
      - Microsoft-HTTPAPI/2.0
      strict-transport-security:
      - max-age=31536000; includeSubDomains
      transfer-encoding:
      - chunked
      vary:
      - Accept-Encoding
      x-content-type-options:
      - nosniff
      x-ms-gatewayversion:
      - version=2.11.0
    status:
      code: 200
      message: Ok
- request:
    body: null
    headers:
      Accept:
      - application/json
      Accept-Encoding:
      - gzip, deflate
      Connection:
      - keep-alive
      User-Agent:
      - python/3.8.8 (Linux-5.4.0-1043-azure-x86_64-with-glibc2.2.5) msrest/0.6.21
        VSTS_0fb41ef4-5012-48a9-bf39-4ee3de03ee35_build_2384_0 msrest_azure/0.6.4
        azure-mgmt-cosmosdb/5.0.0 Azure-SDK-For-Python
    method: GET
    uri: https://management.azure.com/subscriptions/00000000-0000-0000-0000-000000000000/providers/Microsoft.DocumentDB/locations/westus/operationsStatus/abcb3432-fb00-4999-9f95-512546962b7d?api-version=2021-03-15
  response:
    body:
      string: '{"status":"Dequeued"}'
    headers:
      cache-control:
      - no-store, no-cache
      content-length:
      - '21'
      content-type:
      - application/json
      date:
      - Wed, 07 Apr 2021 02:15:54 GMT
      pragma:
      - no-cache
      server:
      - Microsoft-HTTPAPI/2.0
      strict-transport-security:
      - max-age=31536000; includeSubDomains
      transfer-encoding:
      - chunked
      vary:
      - Accept-Encoding
      x-content-type-options:
      - nosniff
      x-ms-gatewayversion:
      - version=2.11.0
    status:
      code: 200
      message: Ok
- request:
    body: null
    headers:
      Accept:
      - application/json
      Accept-Encoding:
      - gzip, deflate
      Connection:
      - keep-alive
      User-Agent:
      - python/3.8.8 (Linux-5.4.0-1043-azure-x86_64-with-glibc2.2.5) msrest/0.6.21
        VSTS_0fb41ef4-5012-48a9-bf39-4ee3de03ee35_build_2384_0 msrest_azure/0.6.4
        azure-mgmt-cosmosdb/5.0.0 Azure-SDK-For-Python
    method: GET
    uri: https://management.azure.com/subscriptions/00000000-0000-0000-0000-000000000000/providers/Microsoft.DocumentDB/locations/westus/operationsStatus/abcb3432-fb00-4999-9f95-512546962b7d?api-version=2021-03-15
  response:
    body:
      string: '{"status":"Dequeued"}'
    headers:
      cache-control:
      - no-store, no-cache
      content-length:
      - '21'
      content-type:
      - application/json
      date:
      - Wed, 07 Apr 2021 02:16:24 GMT
      pragma:
      - no-cache
      server:
      - Microsoft-HTTPAPI/2.0
      strict-transport-security:
      - max-age=31536000; includeSubDomains
      transfer-encoding:
      - chunked
      vary:
      - Accept-Encoding
      x-content-type-options:
      - nosniff
      x-ms-gatewayversion:
      - version=2.11.0
    status:
      code: 200
      message: Ok
- request:
    body: null
    headers:
      Accept:
      - application/json
      Accept-Encoding:
      - gzip, deflate
      Connection:
      - keep-alive
      User-Agent:
      - python/3.8.8 (Linux-5.4.0-1043-azure-x86_64-with-glibc2.2.5) msrest/0.6.21
        VSTS_0fb41ef4-5012-48a9-bf39-4ee3de03ee35_build_2384_0 msrest_azure/0.6.4
        azure-mgmt-cosmosdb/5.0.0 Azure-SDK-For-Python
    method: GET
    uri: https://management.azure.com/subscriptions/00000000-0000-0000-0000-000000000000/providers/Microsoft.DocumentDB/locations/westus/operationsStatus/abcb3432-fb00-4999-9f95-512546962b7d?api-version=2021-03-15
  response:
    body:
      string: '{"status":"Succeeded"}'
    headers:
      cache-control:
      - no-store, no-cache
      content-length:
      - '22'
      content-type:
      - application/json
      date:
      - Wed, 07 Apr 2021 02:16:54 GMT
      pragma:
      - no-cache
      server:
      - Microsoft-HTTPAPI/2.0
      strict-transport-security:
      - max-age=31536000; includeSubDomains
      transfer-encoding:
      - chunked
      vary:
      - Accept-Encoding
      x-content-type-options:
      - nosniff
      x-ms-gatewayversion:
      - version=2.11.0
    status:
      code: 200
      message: Ok
- request:
    body: null
    headers:
      Accept:
      - application/json
      Accept-Encoding:
      - gzip, deflate
      Connection:
      - keep-alive
      User-Agent:
      - python/3.8.8 (Linux-5.4.0-1043-azure-x86_64-with-glibc2.2.5) msrest/0.6.21
        VSTS_0fb41ef4-5012-48a9-bf39-4ee3de03ee35_build_2384_0 msrest_azure/0.6.4
        azure-mgmt-cosmosdb/5.0.0 Azure-SDK-For-Python
    method: GET
    uri: https://management.azure.com/subscriptions/00000000-0000-0000-0000-000000000000/resourceGroups/test_mgmt_cosmosdb_test_accounts_features640310f9/providers/Microsoft.DocumentDB/databaseAccounts/spycosmosdbx22640310f9?api-version=2021-03-15
  response:
    body:
      string: '{"id":"/subscriptions/00000000-0000-0000-0000-000000000000/resourceGroups/test_mgmt_cosmosdb_test_accounts_features640310f9/providers/Microsoft.DocumentDB/databaseAccounts/spycosmosdbx22640310f9","name":"spycosmosdbx22640310f9","location":"West
        US","type":"Microsoft.DocumentDB/databaseAccounts","kind":"GlobalDocumentDB","tags":{},"systemData":{"createdAt":"2021-04-07T02:16:05.173789Z"},"properties":{"provisioningState":"Succeeded","documentEndpoint":"https://spycosmosdbx22640310f9.documents.azure.com:443/","publicNetworkAccess":"Enabled","enableAutomaticFailover":false,"enableMultipleWriteLocations":false,"enablePartitionKeyMonitor":false,"isVirtualNetworkFilterEnabled":false,"virtualNetworkRules":[],"EnabledApiTypes":"Sql","disableKeyBasedMetadataWriteAccess":false,"enableFreeTier":false,"enableAnalyticalStorage":false,"instanceId":"35e3ef3d-fc8e-4e42-a1f4-cde23f9d90b1","createMode":"Default","databaseAccountOfferType":"Standard","defaultIdentity":"FirstPartyIdentity","networkAclBypass":"None","consistencyPolicy":{"defaultConsistencyLevel":"Session","maxIntervalInSeconds":5,"maxStalenessPrefix":100},"configurationOverrides":{},"writeLocations":[{"id":"spycosmosdbx22640310f9-westus","locationName":"West
        US","documentEndpoint":"https://spycosmosdbx22640310f9-westus.documents.azure.com:443/","provisioningState":"Succeeded","failoverPriority":0,"isZoneRedundant":false}],"readLocations":[{"id":"spycosmosdbx22640310f9-westus","locationName":"West
        US","documentEndpoint":"https://spycosmosdbx22640310f9-westus.documents.azure.com:443/","provisioningState":"Succeeded","failoverPriority":0,"isZoneRedundant":false}],"locations":[{"id":"spycosmosdbx22640310f9-westus","locationName":"West
        US","documentEndpoint":"https://spycosmosdbx22640310f9-westus.documents.azure.com:443/","provisioningState":"Succeeded","failoverPriority":0,"isZoneRedundant":false}],"failoverPolicies":[{"id":"spycosmosdbx22640310f9-westus","locationName":"West
        US","failoverPriority":0}],"cors":[],"capabilities":[],"ipRules":[],"backupPolicy":{"type":"Periodic","periodicModeProperties":{"backupIntervalInMinutes":240,"backupRetentionIntervalInHours":8,"backupStorageRedundancy":"Geo"}},"networkAclBypassResourceIds":[]},"identity":{"type":"None"}}'
    headers:
      cache-control:
      - no-store, no-cache
      content-length:
      - '2239'
      content-type:
      - application/json
      date:
      - Wed, 07 Apr 2021 02:16:54 GMT
      pragma:
      - no-cache
      server:
      - Microsoft-HTTPAPI/2.0
      strict-transport-security:
      - max-age=31536000; includeSubDomains
      transfer-encoding:
      - chunked
      vary:
      - Accept-Encoding
      x-content-type-options:
      - nosniff
      x-ms-gatewayversion:
      - version=2.11.0
    status:
      code: 200
      message: Ok
- request:
    body: null
    headers:
      Accept:
      - application/json
      Accept-Encoding:
      - gzip, deflate
      Connection:
      - keep-alive
      User-Agent:
      - python/3.8.8 (Linux-5.4.0-1043-azure-x86_64-with-glibc2.2.5) msrest/0.6.21
        VSTS_0fb41ef4-5012-48a9-bf39-4ee3de03ee35_build_2384_0 msrest_azure/0.6.4
        azure-mgmt-cosmosdb/5.0.0 Azure-SDK-For-Python
      accept-language:
      - en-US
    method: GET
    uri: https://management.azure.com/subscriptions/00000000-0000-0000-0000-000000000000/resourceGroups/test_mgmt_cosmosdb_test_accounts_features640310f9/providers/Microsoft.DocumentDB/databaseAccounts/spycosmosdbx22640310f9?api-version=2021-03-15
  response:
    body:
      string: '{"id":"/subscriptions/00000000-0000-0000-0000-000000000000/resourceGroups/test_mgmt_cosmosdb_test_accounts_features640310f9/providers/Microsoft.DocumentDB/databaseAccounts/spycosmosdbx22640310f9","name":"spycosmosdbx22640310f9","location":"West
        US","type":"Microsoft.DocumentDB/databaseAccounts","kind":"GlobalDocumentDB","tags":{},"systemData":{"createdAt":"2021-04-07T02:16:05.173789Z"},"properties":{"provisioningState":"Succeeded","documentEndpoint":"https://spycosmosdbx22640310f9.documents.azure.com:443/","publicNetworkAccess":"Enabled","enableAutomaticFailover":false,"enableMultipleWriteLocations":false,"enablePartitionKeyMonitor":false,"isVirtualNetworkFilterEnabled":false,"virtualNetworkRules":[],"EnabledApiTypes":"Sql","disableKeyBasedMetadataWriteAccess":false,"enableFreeTier":false,"enableAnalyticalStorage":false,"instanceId":"35e3ef3d-fc8e-4e42-a1f4-cde23f9d90b1","createMode":"Default","databaseAccountOfferType":"Standard","defaultIdentity":"FirstPartyIdentity","networkAclBypass":"None","consistencyPolicy":{"defaultConsistencyLevel":"Session","maxIntervalInSeconds":5,"maxStalenessPrefix":100},"configurationOverrides":{},"writeLocations":[{"id":"spycosmosdbx22640310f9-westus","locationName":"West
        US","documentEndpoint":"https://spycosmosdbx22640310f9-westus.documents.azure.com:443/","provisioningState":"Succeeded","failoverPriority":0,"isZoneRedundant":false}],"readLocations":[{"id":"spycosmosdbx22640310f9-westus","locationName":"West
        US","documentEndpoint":"https://spycosmosdbx22640310f9-westus.documents.azure.com:443/","provisioningState":"Succeeded","failoverPriority":0,"isZoneRedundant":false}],"locations":[{"id":"spycosmosdbx22640310f9-westus","locationName":"West
        US","documentEndpoint":"https://spycosmosdbx22640310f9-westus.documents.azure.com:443/","provisioningState":"Succeeded","failoverPriority":0,"isZoneRedundant":false}],"failoverPolicies":[{"id":"spycosmosdbx22640310f9-westus","locationName":"West
        US","failoverPriority":0}],"cors":[],"capabilities":[],"ipRules":[],"backupPolicy":{"type":"Periodic","periodicModeProperties":{"backupIntervalInMinutes":240,"backupRetentionIntervalInHours":8,"backupStorageRedundancy":"Geo"}},"networkAclBypassResourceIds":[]},"identity":{"type":"None"}}'
    headers:
      cache-control:
      - no-store, no-cache
      content-length:
      - '2239'
      content-type:
      - application/json
      date:
      - Wed, 07 Apr 2021 02:16:55 GMT
      pragma:
      - no-cache
      server:
      - Microsoft-HTTPAPI/2.0
      strict-transport-security:
      - max-age=31536000; includeSubDomains
      transfer-encoding:
      - chunked
      vary:
      - Accept-Encoding
      x-content-type-options:
      - nosniff
      x-ms-gatewayversion:
      - version=2.11.0
    status:
      code: 200
      message: Ok
- request:
    body: null
    headers:
      Accept:
      - application/json
      Accept-Encoding:
      - gzip, deflate
      Connection:
      - keep-alive
      User-Agent:
      - python/3.8.8 (Linux-5.4.0-1043-azure-x86_64-with-glibc2.2.5) msrest/0.6.21
        VSTS_0fb41ef4-5012-48a9-bf39-4ee3de03ee35_build_2384_0 msrest_azure/0.6.4
        azure-mgmt-cosmosdb/5.0.0 Azure-SDK-For-Python
      accept-language:
      - en-US
    method: GET
    uri: https://management.azure.com/subscriptions/00000000-0000-0000-0000-000000000000/resourceGroups/test_mgmt_cosmosdb_test_accounts_features640310f9/providers/Microsoft.DocumentDB/databaseAccounts?api-version=2021-03-15
  response:
    body:
      string: '{"value":[{"id":"/subscriptions/00000000-0000-0000-0000-000000000000/resourceGroups/test_mgmt_cosmosdb_test_accounts_features640310f9/providers/Microsoft.DocumentDB/databaseAccounts/spycosmosdbx22640310f9","name":"spycosmosdbx22640310f9","location":"West
        US","type":"Microsoft.DocumentDB/databaseAccounts","kind":"GlobalDocumentDB","tags":{},"systemData":{"createdAt":"2021-04-07T02:16:05.173789Z"},"properties":{"provisioningState":"Succeeded","documentEndpoint":"https://spycosmosdbx22640310f9.documents.azure.com:443/","publicNetworkAccess":"Enabled","enableAutomaticFailover":false,"enableMultipleWriteLocations":false,"enablePartitionKeyMonitor":false,"isVirtualNetworkFilterEnabled":false,"virtualNetworkRules":[],"EnabledApiTypes":"Sql","disableKeyBasedMetadataWriteAccess":false,"enableFreeTier":false,"enableAnalyticalStorage":false,"instanceId":"35e3ef3d-fc8e-4e42-a1f4-cde23f9d90b1","createMode":"Default","databaseAccountOfferType":"Standard","defaultIdentity":"FirstPartyIdentity","networkAclBypass":"None","consistencyPolicy":{"defaultConsistencyLevel":"Session","maxIntervalInSeconds":5,"maxStalenessPrefix":100},"configurationOverrides":{},"writeLocations":[{"id":"spycosmosdbx22640310f9-westus","locationName":"West
        US","documentEndpoint":"https://spycosmosdbx22640310f9-westus.documents.azure.com:443/","provisioningState":"Succeeded","failoverPriority":0,"isZoneRedundant":false}],"readLocations":[{"id":"spycosmosdbx22640310f9-westus","locationName":"West
        US","documentEndpoint":"https://spycosmosdbx22640310f9-westus.documents.azure.com:443/","provisioningState":"Succeeded","failoverPriority":0,"isZoneRedundant":false}],"locations":[{"id":"spycosmosdbx22640310f9-westus","locationName":"West
        US","documentEndpoint":"https://spycosmosdbx22640310f9-westus.documents.azure.com:443/","provisioningState":"Succeeded","failoverPriority":0,"isZoneRedundant":false}],"failoverPolicies":[{"id":"spycosmosdbx22640310f9-westus","locationName":"West
        US","failoverPriority":0}],"cors":[],"capabilities":[],"ipRules":[],"backupPolicy":{"type":"Periodic","periodicModeProperties":{"backupIntervalInMinutes":240,"backupRetentionIntervalInHours":8,"backupStorageRedundancy":"Geo"}},"networkAclBypassResourceIds":[]},"identity":{"type":"None"}}]}'
    headers:
      cache-control:
      - no-store, no-cache
      content-length:
      - '2251'
      content-type:
      - application/json
      date:
      - Wed, 07 Apr 2021 02:16:55 GMT
      pragma:
      - no-cache
      server:
      - Microsoft-HTTPAPI/2.0
      strict-transport-security:
      - max-age=31536000; includeSubDomains
      transfer-encoding:
      - chunked
      vary:
      - Accept-Encoding
      x-content-type-options:
      - nosniff
      x-ms-gatewayversion:
      - version=2.11.0
    status:
      code: 200
      message: Ok
- request:
    body: null
    headers:
      Accept:
      - application/json
      Accept-Encoding:
      - gzip, deflate
      Connection:
      - keep-alive
      User-Agent:
      - python/3.8.8 (Linux-5.4.0-1043-azure-x86_64-with-glibc2.2.5) msrest/0.6.21
        VSTS_0fb41ef4-5012-48a9-bf39-4ee3de03ee35_build_2384_0 msrest_azure/0.6.4
        azure-mgmt-cosmosdb/5.0.0 Azure-SDK-For-Python
      accept-language:
      - en-US
    method: GET
    uri: https://management.azure.com/subscriptions/00000000-0000-0000-0000-000000000000/providers/Microsoft.DocumentDB/databaseAccounts?api-version=2021-03-15
  response:
    body:
      string: '{"value":[{"id":"/subscriptions/00000000-0000-0000-0000-000000000000/resourceGroups/test_mgmt_cosmosdb_test_accounts_features640310f9/providers/Microsoft.DocumentDB/databaseAccounts/spycosmosdbx22640310f9","name":"spycosmosdbx22640310f9","location":"West
        US","type":"Microsoft.DocumentDB/databaseAccounts","kind":"GlobalDocumentDB","tags":{},"systemData":{"createdAt":"2021-04-07T02:16:05.173789Z"},"properties":{"provisioningState":"Succeeded","documentEndpoint":"https://spycosmosdbx22640310f9.documents.azure.com:443/","publicNetworkAccess":"Enabled","enableAutomaticFailover":false,"enableMultipleWriteLocations":false,"enablePartitionKeyMonitor":false,"isVirtualNetworkFilterEnabled":false,"virtualNetworkRules":[],"EnabledApiTypes":"Sql","disableKeyBasedMetadataWriteAccess":false,"enableFreeTier":false,"enableAnalyticalStorage":false,"instanceId":"35e3ef3d-fc8e-4e42-a1f4-cde23f9d90b1","createMode":"Default","databaseAccountOfferType":"Standard","defaultIdentity":"FirstPartyIdentity","networkAclBypass":"None","consistencyPolicy":{"defaultConsistencyLevel":"Session","maxIntervalInSeconds":5,"maxStalenessPrefix":100},"configurationOverrides":{},"writeLocations":[{"id":"spycosmosdbx22640310f9-westus","locationName":"West
        US","documentEndpoint":"https://spycosmosdbx22640310f9-westus.documents.azure.com:443/","provisioningState":"Succeeded","failoverPriority":0,"isZoneRedundant":false}],"readLocations":[{"id":"spycosmosdbx22640310f9-westus","locationName":"West
        US","documentEndpoint":"https://spycosmosdbx22640310f9-westus.documents.azure.com:443/","provisioningState":"Succeeded","failoverPriority":0,"isZoneRedundant":false}],"locations":[{"id":"spycosmosdbx22640310f9-westus","locationName":"West
        US","documentEndpoint":"https://spycosmosdbx22640310f9-westus.documents.azure.com:443/","provisioningState":"Succeeded","failoverPriority":0,"isZoneRedundant":false}],"failoverPolicies":[{"id":"spycosmosdbx22640310f9-westus","locationName":"West
        US","failoverPriority":0}],"cors":[],"capabilities":[],"ipRules":[],"backupPolicy":{"type":"Periodic","periodicModeProperties":{"backupIntervalInMinutes":240,"backupRetentionIntervalInHours":8,"backupStorageRedundancy":"Geo"}},"networkAclBypassResourceIds":[]},"identity":{"type":"None"}}]}'
    headers:
      cache-control:
      - no-store, no-cache
      content-length:
      - '2251'
      content-type:
      - application/json
      date:
      - Wed, 07 Apr 2021 02:16:55 GMT
      pragma:
      - no-cache
      server:
      - Microsoft-HTTPAPI/2.0
      strict-transport-security:
      - max-age=31536000; includeSubDomains
      transfer-encoding:
      - chunked
      vary:
      - Accept-Encoding
      x-content-type-options:
      - nosniff
      x-ms-gatewayversion:
      - version=2.11.0
    status:
      code: 200
      message: Ok
- request:
    body: '{"failoverPolicies": [{"locationName": "westus", "failoverPriority": 0}]}'
    headers:
      Accept:
      - application/json
      Accept-Encoding:
      - gzip, deflate
      Connection:
      - keep-alive
      Content-Length:
      - '73'
      Content-Type:
      - application/json; charset=utf-8
      User-Agent:
      - python/3.8.8 (Linux-5.4.0-1043-azure-x86_64-with-glibc2.2.5) msrest/0.6.21
        VSTS_0fb41ef4-5012-48a9-bf39-4ee3de03ee35_build_2384_0 msrest_azure/0.6.4
        azure-mgmt-cosmosdb/5.0.0 Azure-SDK-For-Python
      accept-language:
      - en-US
    method: POST
    uri: https://management.azure.com/subscriptions/00000000-0000-0000-0000-000000000000/resourceGroups/test_mgmt_cosmosdb_test_accounts_features640310f9/providers/Microsoft.DocumentDB/databaseAccounts/spycosmosdbx22640310f9/failoverPriorityChange?api-version=2021-03-15
  response:
    body:
      string: '{"status":"Enqueued"}'
    headers:
      azure-asyncoperation:
      - https://management.azure.com/subscriptions/00000000-0000-0000-0000-000000000000/providers/Microsoft.DocumentDB/locations/westus/operationsStatus/46d83383-d237-4889-afbf-d0fa883c7ce2?api-version=2021-03-15
      cache-control:
      - no-store, no-cache
      content-length:
      - '21'
      content-type:
      - application/json
      date:
      - Wed, 07 Apr 2021 02:16:56 GMT
      location:
      - https://management.azure.com/subscriptions/00000000-0000-0000-0000-000000000000/resourceGroups/test_mgmt_cosmosdb_test_accounts_features640310f9/providers/Microsoft.DocumentDB/databaseAccounts/spycosmosdbx22640310f9/failoverPriorityChange/operationResults/46d83383-d237-4889-afbf-d0fa883c7ce2?api-version=2021-03-15
      pragma:
      - no-cache
      server:
      - Microsoft-HTTPAPI/2.0
      strict-transport-security:
      - max-age=31536000; includeSubDomains
      x-content-type-options:
      - nosniff
      x-ms-gatewayversion:
      - version=2.11.0
      x-ms-ratelimit-remaining-subscription-writes:
      - '1199'
    status:
      code: 202
      message: Accepted
- request:
    body: null
    headers:
      Accept:
      - application/json
      Accept-Encoding:
      - gzip, deflate
      Connection:
      - keep-alive
      User-Agent:
      - python/3.8.8 (Linux-5.4.0-1043-azure-x86_64-with-glibc2.2.5) msrest/0.6.21
        VSTS_0fb41ef4-5012-48a9-bf39-4ee3de03ee35_build_2384_0 msrest_azure/0.6.4
        azure-mgmt-cosmosdb/5.0.0 Azure-SDK-For-Python
    method: GET
    uri: https://management.azure.com/subscriptions/00000000-0000-0000-0000-000000000000/providers/Microsoft.DocumentDB/locations/westus/operationsStatus/46d83383-d237-4889-afbf-d0fa883c7ce2?api-version=2021-03-15
  response:
    body:
      string: '{"status":"Succeeded"}'
    headers:
      cache-control:
      - no-store, no-cache
      content-length:
      - '22'
      content-type:
      - application/json
      date:
      - Wed, 07 Apr 2021 02:17:26 GMT
      pragma:
      - no-cache
      server:
      - Microsoft-HTTPAPI/2.0
      strict-transport-security:
      - max-age=31536000; includeSubDomains
      transfer-encoding:
      - chunked
      vary:
      - Accept-Encoding
      x-content-type-options:
      - nosniff
      x-ms-gatewayversion:
      - version=2.11.0
    status:
      code: 200
      message: Ok
- request:
    body: null
    headers:
      Accept:
      - application/json
      Accept-Encoding:
      - gzip, deflate
      Connection:
      - keep-alive
      Content-Length:
      - '0'
      User-Agent:
      - python/3.8.8 (Linux-5.4.0-1043-azure-x86_64-with-glibc2.2.5) msrest/0.6.21
        VSTS_0fb41ef4-5012-48a9-bf39-4ee3de03ee35_build_2384_0 msrest_azure/0.6.4
        azure-mgmt-cosmosdb/5.0.0 Azure-SDK-For-Python
      accept-language:
      - en-US
    method: POST
    uri: https://management.azure.com/subscriptions/00000000-0000-0000-0000-000000000000/resourceGroups/test_mgmt_cosmosdb_test_accounts_features640310f9/providers/Microsoft.DocumentDB/databaseAccounts/spycosmosdbx22640310f9/listKeys?api-version=2021-03-15
  response:
    body:
      string: '{"primaryMasterKey":"yxJE8UmTPRoXnwUhxEYVZ9M7KYQoi6gsDlKx6YUsvKRXyX7AcqQSmZCHszogK8VZxOLDrj7IMDyujj6D6DerIg==","secondaryMasterKey":"RbT6kOpJ9MTvM4LhaSXIMJ19EOnAHpiyvkbv86unAjcEHja4wMVEusQuEBsFJkbYkgpSYth0AR01FYOvO80fEA==","primaryReadonlyMasterKey":"GG4bYSV7fV5mQODDcG28BOBQSaShxwW1AMQ9HbNfByaBKoHf7U1AeQ09vO46OVKlaNhzCasblBLY87dpQMyCYQ==","secondaryReadonlyMasterKey":"vNykUwfAIaxR1IFOoPzuvpwi3y5SKUp2E2OJi7a7fisqc9EWpHaz6Z2kb6WnxQC7vnT8jV0J2XrtacpvZOuzgA=="}'
    headers:
      cache-control:
      - no-store, no-cache
      content-length:
      - '461'
      content-type:
      - application/json
      date:
      - Wed, 07 Apr 2021 02:17:26 GMT
      pragma:
      - no-cache
      server:
      - Microsoft-HTTPAPI/2.0
      strict-transport-security:
      - max-age=31536000; includeSubDomains
      transfer-encoding:
      - chunked
      vary:
      - Accept-Encoding
      x-content-type-options:
      - nosniff
      x-ms-gatewayversion:
      - version=2.11.0
      x-ms-ratelimit-remaining-subscription-writes:
      - '1198'
    status:
      code: 200
      message: Ok
- request:
    body: null
    headers:
      Accept:
      - application/json
      Accept-Encoding:
      - gzip, deflate
      Connection:
      - keep-alive
      Content-Length:
      - '0'
      User-Agent:
      - python/3.8.8 (Linux-5.4.0-1043-azure-x86_64-with-glibc2.2.5) msrest/0.6.21
        VSTS_0fb41ef4-5012-48a9-bf39-4ee3de03ee35_build_2384_0 msrest_azure/0.6.4
        azure-mgmt-cosmosdb/5.0.0 Azure-SDK-For-Python
      accept-language:
      - en-US
    method: POST
    uri: https://management.azure.com/subscriptions/00000000-0000-0000-0000-000000000000/resourceGroups/test_mgmt_cosmosdb_test_accounts_features640310f9/providers/Microsoft.DocumentDB/databaseAccounts/spycosmosdbx22640310f9/readonlykeys?api-version=2021-03-15
  response:
    body:
      string: '{"primaryReadonlyMasterKey":"GG4bYSV7fV5mQODDcG28BOBQSaShxwW1AMQ9HbNfByaBKoHf7U1AeQ09vO46OVKlaNhzCasblBLY87dpQMyCYQ==","secondaryReadonlyMasterKey":"vNykUwfAIaxR1IFOoPzuvpwi3y5SKUp2E2OJi7a7fisqc9EWpHaz6Z2kb6WnxQC7vnT8jV0J2XrtacpvZOuzgA=="}'
    headers:
      cache-control:
      - no-store, no-cache
      content-length:
      - '239'
      content-type:
      - application/json
      date:
      - Wed, 07 Apr 2021 02:17:26 GMT
      pragma:
      - no-cache
      server:
      - Microsoft-HTTPAPI/2.0
      strict-transport-security:
      - max-age=31536000; includeSubDomains
      transfer-encoding:
      - chunked
      vary:
      - Accept-Encoding
      x-content-type-options:
      - nosniff
      x-ms-gatewayversion:
      - version=2.11.0
      x-ms-ratelimit-remaining-subscription-writes:
      - '1197'
    status:
      code: 200
      message: Ok
- request:
    body: '{"keyKind": "primary"}'
    headers:
      Accept:
      - application/json
      Accept-Encoding:
      - gzip, deflate
      Connection:
      - keep-alive
      Content-Length:
      - '22'
      Content-Type:
      - application/json; charset=utf-8
      User-Agent:
      - python/3.8.8 (Linux-5.4.0-1043-azure-x86_64-with-glibc2.2.5) msrest/0.6.21
        VSTS_0fb41ef4-5012-48a9-bf39-4ee3de03ee35_build_2384_0 msrest_azure/0.6.4
        azure-mgmt-cosmosdb/5.0.0 Azure-SDK-For-Python
      accept-language:
      - en-US
    method: POST
    uri: https://management.azure.com/subscriptions/00000000-0000-0000-0000-000000000000/resourceGroups/test_mgmt_cosmosdb_test_accounts_features640310f9/providers/Microsoft.DocumentDB/databaseAccounts/spycosmosdbx22640310f9/regenerateKey?api-version=2021-03-15
  response:
    body:
      string: '{"status":"Enqueued"}'
    headers:
      azure-asyncoperation:
      - https://management.azure.com/subscriptions/00000000-0000-0000-0000-000000000000/providers/Microsoft.DocumentDB/locations/westus/operationsStatus/82e42a14-fbc4-4a50-8e5a-2e4b850c843d?api-version=2021-03-15
      cache-control:
      - no-store, no-cache
      content-length:
      - '21'
      content-type:
      - application/json
      date:
      - Wed, 07 Apr 2021 02:17:28 GMT
      location:
      - https://management.azure.com/subscriptions/00000000-0000-0000-0000-000000000000/resourceGroups/test_mgmt_cosmosdb_test_accounts_features640310f9/providers/Microsoft.DocumentDB/databaseAccounts/spycosmosdbx22640310f9/regenerateKey/operationResults/82e42a14-fbc4-4a50-8e5a-2e4b850c843d?api-version=2021-03-15
      pragma:
      - no-cache
      server:
      - Microsoft-HTTPAPI/2.0
      strict-transport-security:
      - max-age=31536000; includeSubDomains
      x-content-type-options:
      - nosniff
      x-ms-gatewayversion:
      - version=2.11.0
      x-ms-ratelimit-remaining-subscription-writes:
      - '1196'
    status:
      code: 202
      message: Accepted
- request:
    body: null
    headers:
      Accept:
      - application/json
      Accept-Encoding:
      - gzip, deflate
      Connection:
      - keep-alive
      User-Agent:
      - python/3.8.8 (Linux-5.4.0-1043-azure-x86_64-with-glibc2.2.5) msrest/0.6.21
        VSTS_0fb41ef4-5012-48a9-bf39-4ee3de03ee35_build_2384_0 msrest_azure/0.6.4
        azure-mgmt-cosmosdb/5.0.0 Azure-SDK-For-Python
    method: GET
    uri: https://management.azure.com/subscriptions/00000000-0000-0000-0000-000000000000/providers/Microsoft.DocumentDB/locations/westus/operationsStatus/82e42a14-fbc4-4a50-8e5a-2e4b850c843d?api-version=2021-03-15
  response:
    body:
      string: '{"status":"Succeeded"}'
    headers:
      cache-control:
      - no-store, no-cache
      content-length:
      - '22'
      content-type:
      - application/json
      date:
      - Wed, 07 Apr 2021 02:17:58 GMT
      pragma:
      - no-cache
      server:
      - Microsoft-HTTPAPI/2.0
      strict-transport-security:
      - max-age=31536000; includeSubDomains
      transfer-encoding:
      - chunked
      vary:
      - Accept-Encoding
      x-content-type-options:
      - nosniff
      x-ms-gatewayversion:
      - version=2.11.0
    status:
      code: 200
      message: Ok
version: 1
