interactions:
- request:
    body: null
    headers:
      Accept:
      - application/json
      Accept-Encoding:
      - gzip, deflate
      Connection:
      - keep-alive
      User-Agent:
      - azsdk-python-acl-identity-service/1.0.0 Python/3.8.10 (Linux-5.10.102.1-microsoft-standard-WSL2-x86_64-with-glibc2.29)
    method: GET
    uri: https://identity.confidential-ledger.core.azure.com/ledgerIdentity/fake?api-version=2022-05-13
  response:
    body:
      string: '{"ledgerTlsCertificate":"-----BEGIN CERTIFICATE-----\nMIIBeTCCASCgAwIBAgIQcTrTRLjb9eOoGTXSvOEgxjAKBggqhkjOPQQDAjAWMRQw\nEgYDVQQDDAtDQ0YgTmV0d29yazAeFw0yMjA2MjcxNjA3MjNaFw0yMjA5MjUxNjA3\nMjJaMBYxFDASBgNVBAMMC0NDRiBOZXR3b3JrMFkwEwYHKoZIzj0CAQYIKoZIzj0D\nAQcDQgAEyn3oh7/D+m/yuzdWNSEh3ZOupuUiO6U7MIcwiM6RBZ3nsWQHGeVyT0Ai\n+7cYDtPGo/8VRio+Brknl7VALE3q9aNQME4wDAYDVR0TBAUwAwEB/zAdBgNVHQ4E\nFgQUh1gNHgpIlTONmFbFX7HeG1rcT6gwHwYDVR0jBBgwFoAUh1gNHgpIlTONmFbF\nX7HeG1rcT6gwCgYIKoZIzj0EAwIDRwAwRAIgdd7rQszgGJ+jtjuiECigiFxoAvDk\nOPPBwTvMsE8TzsYCIDgYQ1mGHyZ52NXgoxPfqVVFTive8JIsjeQuczMZFq+9\n-----END
        CERTIFICATE-----\n","ledgerId":"fake"}'
    headers:
      content-type:
      - application/json; charset=utf-8
      date:
      - Mon, 27 Jun 2022 16:31:09 GMT
      server:
      - Kestrel
      transfer-encoding:
      - chunked
      x-ms-image-digest:
      - sha256:7a76c9097c3450987501c23e71a3e16b89f727059ab6de727807ac97b808810e
      x-ms-image-tag:
      - 1.0.01999.541-e02672ed644876c9cf10c5494e0203a0dc9da070
      x-ms-machinename:
      - identityservice-6499ffbf45-88b57
    status:
      code: 200
      message: OK
- request:
    body: '{"contents": "Test entry from Python SDK. Collection: 132"}'
    headers:
      Accept:
      - application/json
      Accept-Encoding:
      - gzip, deflate
      Connection:
      - keep-alive
      Content-Length:
      - '59'
      Content-Type:
      - application/json
      User-Agent:
      - azsdk-python-confidentialledger/1.0.0 Python/3.8.10 (Linux-5.10.102.1-microsoft-standard-WSL2-x86_64-with-glibc2.29)
    method: POST
    uri: https://fake.confidential-ledger.azure.com/app/transactions?api-version=2022-05-13&collectionId=132
  response:
    body:
      string: '{"collectionId":"132"}'
    headers:
      content-length:
      - '22'
      content-type:
      - application/json
      x-ms-ccf-transaction-id:
      - '2.170'
    status:
      code: 200
      message: OK
- request:
    body: null
    headers:
      Accept:
      - application/json
      Accept-Encoding:
      - gzip, deflate
      Connection:
      - keep-alive
      User-Agent:
      - azsdk-python-confidentialledger/1.0.0 Python/3.8.10 (Linux-5.10.102.1-microsoft-standard-WSL2-x86_64-with-glibc2.29)
    method: GET
    uri: https://fake.confidential-ledger.azure.com/app/transactions/2.170/status?api-version=2022-05-13
  response:
    body:
      string: '{"state":"Pending","transactionId":"2.170"}'
    headers:
      content-length:
      - '43'
      content-type:
      - application/json
      x-ms-ccf-transaction-id:
      - '2.170'
    status:
      code: 200
      message: OK
- request:
    body: null
    headers:
      Accept:
      - application/json
      Accept-Encoding:
      - gzip, deflate
      Connection:
      - keep-alive
      User-Agent:
      - azsdk-python-confidentialledger/1.0.0 Python/3.8.10 (Linux-5.10.102.1-microsoft-standard-WSL2-x86_64-with-glibc2.29)
    method: GET
    uri: https://fake.confidential-ledger.azure.com/app/transactions/2.170/status?api-version=2022-05-13
  response:
    body:
      string: '{"state":"Pending","transactionId":"2.170"}'
    headers:
      content-length:
      - '43'
      content-type:
      - application/json
      x-ms-ccf-transaction-id:
      - '2.170'
    status:
      code: 200
      message: OK
- request:
    body: null
    headers:
      Accept:
      - application/json
      Accept-Encoding:
      - gzip, deflate
      Connection:
      - keep-alive
      User-Agent:
      - azsdk-python-confidentialledger/1.0.0 Python/3.8.10 (Linux-5.10.102.1-microsoft-standard-WSL2-x86_64-with-glibc2.29)
    method: GET
    uri: https://fake.confidential-ledger.azure.com/app/transactions/2.170/status?api-version=2022-05-13
  response:
    body:
      string: '{"state":"Committed","transactionId":"2.170"}'
    headers:
      content-length:
      - '45'
      content-type:
      - application/json
      x-ms-ccf-transaction-id:
      - '2.171'
    status:
      code: 200
      message: OK
- request:
    body: null
    headers:
      Accept:
      - application/json
      Accept-Encoding:
      - gzip, deflate
      Connection:
      - keep-alive
      User-Agent:
      - azsdk-python-confidentialledger/1.0.0 Python/3.8.10 (Linux-5.10.102.1-microsoft-standard-WSL2-x86_64-with-glibc2.29)
    method: GET
    uri: https://fake.confidential-ledger.azure.com/app/transactions/2.170/status?api-version=2022-05-13
  response:
    body:
      string: '{"state":"Committed","transactionId":"2.170"}'
    headers:
      content-length:
      - '45'
      content-type:
      - application/json
      x-ms-ccf-transaction-id:
      - '2.171'
    status:
      code: 200
      message: OK
- request:
    body: null
    headers:
      Accept:
      - application/json
      Accept-Encoding:
      - gzip, deflate
      Connection:
      - keep-alive
      User-Agent:
      - azsdk-python-confidentialledger/1.0.0 Python/3.8.10 (Linux-5.10.102.1-microsoft-standard-WSL2-x86_64-with-glibc2.29)
    method: GET
    uri: https://fake.confidential-ledger.azure.com/app/transactions/2.170/receipt?api-version=2022-05-13
  response:
    body:
      string: "{\n  \"receipt\": null,\n  \"state\": \"Loading\",\n  \"transactionId\":
        \"\"\n}"
    headers:
      content-length:
      - '66'
      content-type:
      - application/json
      x-ms-ccf-transaction-id:
      - '2.171'
    status:
      code: 200
      message: OK
- request:
    body: null
    headers:
      Accept:
      - application/json
      Accept-Encoding:
      - gzip, deflate
      Connection:
      - keep-alive
      User-Agent:
      - azsdk-python-confidentialledger/1.0.0 Python/3.8.10 (Linux-5.10.102.1-microsoft-standard-WSL2-x86_64-with-glibc2.29)
    method: GET
    uri: https://fake.confidential-ledger.azure.com/app/transactions/2.170/receipt?api-version=2022-05-13
  response:
    body:
      string: "{\n  \"receipt\": {\n    \"cert\": \"-----BEGIN CERTIFICATE-----\\nMIIByTCCAW+gAwIBAgIQLS9B5zlFVupxqOAOVXkppDAKBggqhkjOPQQDAjAWMRQw\\nEgYDVQQDDAtDQ0YgTmV0d29yazAeFw0yMjA2MjcxNjA3MjVaFw0yMjA5MjUxNjA3\\nMjRaMBMxETAPBgNVBAMMCENDRiBOb2RlMFkwEwYHKoZIzj0CAQYIKoZIzj0DAQcD\\nQgAEmtkFFf5II8O05VyFMOWtMgOoXyi7wgEl6f96w2iJpJtH4xp2+OczZQBP3lMQ\\ncIOcTmZrt6GBLRJgj/rFAKUWW6OBoTCBnjAJBgNVHRMEAjAAMB0GA1UdDgQWBBQ9\\nw5S5Qtj/74rnPfWFztgoE09D+jAfBgNVHSMEGDAWgBSHWA0eCkiVM42YVsVfsd4b\\nWtxPqDBRBgNVHREESjBIghBseXNoaS1weXRob24tc2Rrgi5seXNoaS1weXRob24t\\nc2RrLmNvbmZpZGVudGlhbC1sZWRnZXIuYXp1cmUuY29thwQK8CzoMAoGCCqGSM49\\nBAMCA0gAMEUCIFgXO3P/noe6eE842lHVb+3ozVDKx8GOhALN3RJH8+LPAiEA5WUt\\n7aUZuLRfuJ2z1HmYSnows/OkisZ2zlSLDEqsTeQ=\\n-----END
        CERTIFICATE-----\\n\",\n    \"is_signature_transaction\": false,\n    \"leaf_components\":
        {\n      \"claims_digest\": \"0000000000000000000000000000000000000000000000000000000000000000\",\n
        \     \"commit_evidence\": \"ce:2.170:5df2b0396ddf597c3e3938c7d8357a91d62c443c1fad2c7900645144606c3b27\",\n
        \     \"write_set_digest\": \"fef2517b3a86404ad4367ad3c65e64af8d0c2d9b791ec7a985f9c7da41c86b41\"\n
        \   },\n    \"node_id\": \"363a09dfc4c89c6f6e2721d3cc6c733eea531d291ac2d0f19a2f21a752396069\",\n
        \   \"proof\": [\n      {\n        \"left\": \"f607e8a0a8621bb3ad5ab9aac94313554902fa014927b2842d640460d8ce969c\"\n
        \     },\n      {\n        \"left\": \"2f7565af12f4a6cd7ff3920a296e7940adad56b17e5e500f9dcfee2b056ad07e\"\n
        \     },\n      {\n        \"left\": \"29f75a4e5c71d1cba18b0476ddf8b4d21832c520ac758248e1a04bb856bd0a19\"\n
        \     },\n      {\n        \"left\": \"fddd8322bcef6fd60932e28225a83df53cca578a8b72b1e1386890605429e6ff\"\n
        \     }\n    ],\n    \"service_endorsements\": [],\n    \"signature\": \"MEUCIBDPQjt7qoY+Et6pfSJwrQsbM2qLIatJkiY5jiGVseRSAiEAuj/syuCRVIz+cgax3YTkMjOa1jszv1VmYG8V19dCIes=\"\n
        \ },\n  \"state\": \"Ready\",\n  \"transactionId\": \"2.170\"\n}"
    headers:
      content-length:
      - '1787'
      content-type:
      - application/json
      x-ms-ccf-transaction-id:
      - '2.171'
    status:
      code: 200
      message: OK
- request:
    body: null
    headers:
      Accept:
      - application/json
      Accept-Encoding:
      - gzip, deflate
      Connection:
      - keep-alive
      User-Agent:
      - azsdk-python-confidentialledger/1.0.0 Python/3.8.10 (Linux-5.10.102.1-microsoft-standard-WSL2-x86_64-with-glibc2.29)
    method: GET
    uri: https://fake.confidential-ledger.azure.com/app/transactions/current?api-version=2022-05-13&collectionId=132
  response:
    body:
      string: '{"collectionId":"132","contents":"Test entry from Python SDK. Collection:
        132","transactionId":"2.171"}'
    headers:
      content-length:
      - '103'
      content-type:
      - application/json
      x-ms-ccf-transaction-id:
      - '2.171'
    status:
      code: 200
      message: OK
- request:
    body: '{"contents": "Test entry 2 from Python SDK. Collection: 132"}'
    headers:
      Accept:
      - application/json
      Accept-Encoding:
      - gzip, deflate
      Connection:
      - keep-alive
      Content-Length:
      - '61'
      Content-Type:
      - application/json
      User-Agent:
      - azsdk-python-confidentialledger/1.0.0 Python/3.8.10 (Linux-5.10.102.1-microsoft-standard-WSL2-x86_64-with-glibc2.29)
    method: POST
    uri: https://fake.confidential-ledger.azure.com/app/transactions?api-version=2022-05-13&collectionId=132
  response:
    body:
      string: '{"collectionId":"132"}'
    headers:
      content-length:
      - '22'
      content-type:
      - application/json
      x-ms-ccf-transaction-id:
      - '2.172'
    status:
      code: 200
      message: OK
- request:
    body: null
    headers:
      Accept:
      - application/json
      Accept-Encoding:
      - gzip, deflate
      Connection:
      - keep-alive
      User-Agent:
      - azsdk-python-confidentialledger/1.0.0 Python/3.8.10 (Linux-5.10.102.1-microsoft-standard-WSL2-x86_64-with-glibc2.29)
    method: GET
    uri: https://fake.confidential-ledger.azure.com/app/transactions/2.172/status?api-version=2022-05-13
  response:
    body:
      string: '{"state":"Pending","transactionId":"2.172"}'
    headers:
      content-length:
      - '43'
      content-type:
      - application/json
      x-ms-ccf-transaction-id:
      - '2.172'
    status:
      code: 200
      message: OK
- request:
    body: null
    headers:
      Accept:
      - application/json
      Accept-Encoding:
      - gzip, deflate
      Connection:
      - keep-alive
      User-Agent:
      - azsdk-python-confidentialledger/1.0.0 Python/3.8.10 (Linux-5.10.102.1-microsoft-standard-WSL2-x86_64-with-glibc2.29)
    method: GET
    uri: https://fake.confidential-ledger.azure.com/app/transactions/2.172/status?api-version=2022-05-13
  response:
    body:
      string: '{"state":"Pending","transactionId":"2.172"}'
    headers:
      content-length:
      - '43'
      content-type:
      - application/json
      x-ms-ccf-transaction-id:
      - '2.172'
    status:
      code: 200
      message: OK
- request:
    body: null
    headers:
      Accept:
      - application/json
      Accept-Encoding:
      - gzip, deflate
      Connection:
      - keep-alive
      User-Agent:
      - azsdk-python-confidentialledger/1.0.0 Python/3.8.10 (Linux-5.10.102.1-microsoft-standard-WSL2-x86_64-with-glibc2.29)
    method: GET
    uri: https://fake.confidential-ledger.azure.com/app/transactions/2.172/status?api-version=2022-05-13
  response:
    body:
      string: '{"state":"Committed","transactionId":"2.172"}'
    headers:
      content-length:
      - '45'
      content-type:
      - application/json
      x-ms-ccf-transaction-id:
      - '2.173'
    status:
      code: 200
      message: OK
- request:
    body: null
    headers:
      Accept:
      - application/json
      Accept-Encoding:
      - gzip, deflate
      Connection:
      - keep-alive
      User-Agent:
      - azsdk-python-confidentialledger/1.0.0 Python/3.8.10 (Linux-5.10.102.1-microsoft-standard-WSL2-x86_64-with-glibc2.29)
    method: GET
    uri: https://fake.confidential-ledger.azure.com/app/transactions/current?api-version=2022-05-13&collectionId=132
  response:
    body:
      string: '{"collectionId":"132","contents":"Test entry 2 from Python SDK. Collection:
        132","transactionId":"2.173"}'
    headers:
      content-length:
      - '105'
      content-type:
      - application/json
      x-ms-ccf-transaction-id:
      - '2.173'
    status:
      code: 200
      message: OK
- request:
    body: null
    headers:
      Accept:
      - application/json
      Accept-Encoding:
      - gzip, deflate
      Connection:
      - keep-alive
      User-Agent:
      - azsdk-python-confidentialledger/1.0.0 Python/3.8.10 (Linux-5.10.102.1-microsoft-standard-WSL2-x86_64-with-glibc2.29)
    method: GET
    uri: https://fake.confidential-ledger.azure.com/app/transactions/2.170?api-version=2022-05-13&collectionId=132
  response:
    body:
      string: "{\n  \"entry\": {\n    \"collectionId\": \"132\",\n    \"contents\":
        \"Test entry from Python SDK. Collection: 132\",\n    \"transactionId\": \"2.170\"\n
        \ },\n  \"state\": \"Ready\"\n}"
    headers:
      content-length:
      - '159'
      content-type:
      - application/json
      x-ms-ccf-transaction-id:
      - '2.173'
    status:
      code: 200
      message: OK
- request:
    body: null
    headers:
      Accept:
      - application/json
      Accept-Encoding:
      - gzip, deflate
      Connection:
      - keep-alive
      User-Agent:
      - azsdk-python-confidentialledger/1.0.0 Python/3.8.10 (Linux-5.10.102.1-microsoft-standard-WSL2-x86_64-with-glibc2.29)
    method: GET
    uri: https://fake.confidential-ledger.azure.com/app/collections?api-version=2022-05-13
  response:
    body:
      string: '{"collections":[{"collectionId":"3"},{"collectionId":"132"},{"collectionId":"0"},{"collectionId":"subledger:0"},{"collectionId":"1"},{"collectionId":"2"},{"collectionId":"Messages
        from Alice"},{"collectionId":"4"}]}'
    headers:
      content-length:
      - '215'
      content-type:
      - application/json
      x-ms-ccf-transaction-id:
      - '2.173'
    status:
      code: 200
      message: OK
version: 1
