interactions:
- request:
    body: '{"contents": "Test sub-ledger entry from Python SDK"}'
    headers:
      Accept:
      - application/json
      Accept-Encoding:
      - gzip, deflate
      Connection:
      - keep-alive
      Content-Length:
      - '53'
      Content-Type:
      - application/json
      User-Agent:
      - azsdk-python-confidentialledger/1.0.0 Python/3.8.10 (Linux-5.10.102.1-microsoft-standard-WSL2-x86_64-with-glibc2.29)
    method: POST
    uri: https://fake.confidential-ledger.azure.com/app/transactions?api-version=0.1-preview&subLedgerId=132
  response:
    body:
      string: '{"subLedgerId":"132"}'
    headers:
      content-length:
      - '21'
      content-type:
      - application/json
      x-ms-ccf-transaction-id:
      - '2.27535'
    status:
      code: 200
      message: OK
- request:
    body: null
    headers:
      Accept:
      - application/json
      Accept-Encoding:
      - gzip, deflate
      Connection:
      - keep-alive
      User-Agent:
      - azsdk-python-confidentialledger/1.0.0 Python/3.8.10 (Linux-5.10.102.1-microsoft-standard-WSL2-x86_64-with-glibc2.29)
    method: GET
    uri: https://fake.confidential-ledger.azure.com/app/transactions/2.27535/status?api-version=0.1-preview
  response:
    body:
      string: '{"state":"Pending","transactionId":"2.27535"}'
    headers:
      content-length:
      - '45'
      content-type:
      - application/json
      x-ms-ccf-transaction-id:
      - '2.27535'
    status:
      code: 200
      message: OK
- request:
    body: null
    headers:
      Accept:
      - application/json
      Accept-Encoding:
      - gzip, deflate
      Connection:
      - keep-alive
      User-Agent:
      - azsdk-python-confidentialledger/1.0.0 Python/3.8.10 (Linux-5.10.102.1-microsoft-standard-WSL2-x86_64-with-glibc2.29)
    method: GET
    uri: https://fake.confidential-ledger.azure.com/app/transactions/2.27535/status?api-version=0.1-preview
  response:
    body:
      string: '{"state":"Pending","transactionId":"2.27535"}'
    headers:
      content-length:
      - '45'
      content-type:
      - application/json
      x-ms-ccf-transaction-id:
      - '2.27535'
    status:
      code: 200
      message: OK
- request:
    body: null
    headers:
      Accept:
      - application/json
      Accept-Encoding:
      - gzip, deflate
      Connection:
      - keep-alive
      User-Agent:
      - azsdk-python-confidentialledger/1.0.0 Python/3.8.10 (Linux-5.10.102.1-microsoft-standard-WSL2-x86_64-with-glibc2.29)
    method: GET
    uri: https://fake.confidential-ledger.azure.com/app/transactions/2.27535/status?api-version=0.1-preview
  response:
    body:
      string: '{"state":"Committed","transactionId":"2.27535"}'
    headers:
      content-length:
      - '47'
      content-type:
      - application/json
      x-ms-ccf-transaction-id:
      - '2.27536'
    status:
      code: 200
      message: OK
- request:
    body: null
    headers:
      Accept:
      - application/json
      Accept-Encoding:
      - gzip, deflate
      Connection:
      - keep-alive
      User-Agent:
      - azsdk-python-confidentialledger/1.0.0 Python/3.8.10 (Linux-5.10.102.1-microsoft-standard-WSL2-x86_64-with-glibc2.29)
    method: GET
    uri: https://fake.confidential-ledger.azure.com/app/transactions/2.27535/status?api-version=0.1-preview
  response:
    body:
      string: '{"state":"Committed","transactionId":"2.27535"}'
    headers:
      content-length:
      - '47'
      content-type:
      - application/json
      x-ms-ccf-transaction-id:
      - '2.27536'
    status:
      code: 200
      message: OK
- request:
    body: null
    headers:
      Accept:
      - application/json
      Accept-Encoding:
      - gzip, deflate
      Connection:
      - keep-alive
      User-Agent:
      - azsdk-python-confidentialledger/1.0.0 Python/3.8.10 (Linux-5.10.102.1-microsoft-standard-WSL2-x86_64-with-glibc2.29)
    method: GET
    uri: https://fake.confidential-ledger.azure.com/app/transactions/2.27535/receipt?api-version=0.1-preview
  response:
    body:
      string: "{\n  \"receipt\": {\n    \"leaf\": \"\",\n    \"node_id\": \"\",\n
        \   \"proof\": [],\n    \"root\": \"\",\n    \"signature\": \"\"\n  },\n  \"state\":
        \"Loading\",\n  \"transactionId\": \"\"\n}"
    headers:
      content-length:
      - '155'
      content-type:
      - application/json
      x-ms-ccf-transaction-id:
      - '2.27536'
    status:
      code: 200
      message: OK
- request:
    body: null
    headers:
      Accept:
      - application/json
      Accept-Encoding:
      - gzip, deflate
      Connection:
      - keep-alive
      User-Agent:
      - azsdk-python-confidentialledger/1.0.0 Python/3.8.10 (Linux-5.10.102.1-microsoft-standard-WSL2-x86_64-with-glibc2.29)
    method: GET
    uri: https://fake.confidential-ledger.azure.com/app/transactions/2.27535/receipt?api-version=0.1-preview
  response:
    body:
      string: "{\n  \"receipt\": {\n    \"leaf\": \"b0fe99910dca5b99410f1990b03d080444b35eb15d4979b512e124654b9fcb19\",\n
        \   \"node_id\": \"f4066fecddc3b1c517bc2bdd8be657df57337bd7df41809befaa3453f0861d5d\",\n
        \   \"proof\": [\n      {\n        \"left\": \"01f60787efd1ed7c6f75d3746e61f30ada034b54bf559bf1369855aceba52d52\"\n
        \     },\n      {\n        \"left\": \"46a65588c04bc0a9be182c5dc50cca936939635ee833078b8ff0360579d42753\"\n
        \     },\n      {\n        \"left\": \"cd2e584eaaa9df2cdf756f16dedefc1e5e94cdbab94f8e34c27f0837bd9677ea\"\n
        \     },\n      {\n        \"left\": \"12bb720b484f0fd79fbdefb7125e41f86133b03b419ac9edbe1c3db1a360e8f7\"\n
        \     },\n      {\n        \"left\": \"66e32f9e03628316a606562f0075ef38a0b9ef636e3693f49aed7092d8bebe74\"\n
        \     },\n      {\n        \"left\": \"ee73973d0e4760a5affaa23a9105cbaded01768b581b54c3d0d63ddbb664ea03\"\n
        \     },\n      {\n        \"left\": \"27687217bbd72ca57beb4c5231b7720338e82744199d9e614ccce15451a3807a\"\n
        \     },\n      {\n        \"left\": \"a276df399cede6531b21d3c7ce832c955158663de98721ddcb79f21300ab8d63\"\n
        \     },\n      {\n        \"left\": \"08640302e20bc9d7e2ab4601ad2b86a4915dbbbbae53e4b43ac98c6397954748\"\n
        \     },\n      {\n        \"left\": \"9c5336985d5462c47ae85af1ad04af4da492e74824b137b9d888adfed08ad4f8\"\n
        \     }\n    ],\n    \"root\": \"aa182c0f6679bd7b7b13a7b5bc545b8eb5d052809aea3fec54d622d2ca5e2e9d\",\n
        \   \"signature\": \"MEQCIBQJZr6clD4Z6YmEqVyg/4pNv4guF2drDDjRNXE4+6u+AiA4H71x2nkzxPBv3iZ3fWSdq9mNdbcv2aCf+ikwWDB5UQ==\"\n
        \ },\n  \"state\": \"Ready\",\n  \"transactionId\": \"2.27535\"\n}"
    headers:
      content-length:
      - '1452'
      content-type:
      - application/json
      x-ms-ccf-transaction-id:
      - '2.27536'
    status:
      code: 200
      message: OK
- request:
    body: null
    headers:
      Accept:
      - application/json
      Accept-Encoding:
      - gzip, deflate
      Connection:
      - keep-alive
      User-Agent:
      - azsdk-python-confidentialledger/1.0.0 Python/3.8.10 (Linux-5.10.102.1-microsoft-standard-WSL2-x86_64-with-glibc2.29)
    method: GET
    uri: https://fake.confidential-ledger.azure.com/app/transactions/current?api-version=0.1-preview&subLedgerId=132
  response:
    body:
      string: '{"contents":"Test sub-ledger entry from Python SDK","subLedgerId":"132","transactionId":"2.27536"}'
    headers:
      content-length:
      - '98'
      content-type:
      - application/json
      x-ms-ccf-transaction-id:
      - '2.27536'
    status:
      code: 200
      message: OK
- request:
    body: '{"contents": "Test sub-ledger entry 2 from Python SDK"}'
    headers:
      Accept:
      - application/json
      Accept-Encoding:
      - gzip, deflate
      Connection:
      - keep-alive
      Content-Length:
      - '55'
      Content-Type:
      - application/json
      User-Agent:
      - azsdk-python-confidentialledger/1.0.0 Python/3.8.10 (Linux-5.10.102.1-microsoft-standard-WSL2-x86_64-with-glibc2.29)
    method: POST
    uri: https://fake.confidential-ledger.azure.com/app/transactions?api-version=0.1-preview&subLedgerId=132
  response:
    body:
      string: '{"subLedgerId":"132"}'
    headers:
      content-length:
      - '21'
      content-type:
      - application/json
      x-ms-ccf-transaction-id:
      - '2.27537'
    status:
      code: 200
      message: OK
- request:
    body: null
    headers:
      Accept:
      - application/json
      Accept-Encoding:
      - gzip, deflate
      Connection:
      - keep-alive
      User-Agent:
      - azsdk-python-confidentialledger/1.0.0 Python/3.8.10 (Linux-5.10.102.1-microsoft-standard-WSL2-x86_64-with-glibc2.29)
    method: GET
    uri: https://fake.confidential-ledger.azure.com/app/transactions/2.27537/status?api-version=0.1-preview
  response:
    body:
      string: '{"state":"Pending","transactionId":"2.27537"}'
    headers:
      content-length:
      - '45'
      content-type:
      - application/json
      x-ms-ccf-transaction-id:
      - '2.27537'
    status:
      code: 200
      message: OK
- request:
    body: null
    headers:
      Accept:
      - application/json
      Accept-Encoding:
      - gzip, deflate
      Connection:
      - keep-alive
      User-Agent:
      - azsdk-python-confidentialledger/1.0.0 Python/3.8.10 (Linux-5.10.102.1-microsoft-standard-WSL2-x86_64-with-glibc2.29)
    method: GET
    uri: https://fake.confidential-ledger.azure.com/app/transactions/2.27537/status?api-version=0.1-preview
  response:
    body:
      string: '{"state":"Pending","transactionId":"2.27537"}'
    headers:
      content-length:
      - '45'
      content-type:
      - application/json
      x-ms-ccf-transaction-id:
      - '2.27538'
    status:
      code: 200
      message: OK
- request:
    body: null
    headers:
      Accept:
      - application/json
      Accept-Encoding:
      - gzip, deflate
      Connection:
      - keep-alive
      User-Agent:
      - azsdk-python-confidentialledger/1.0.0 Python/3.8.10 (Linux-5.10.102.1-microsoft-standard-WSL2-x86_64-with-glibc2.29)
    method: GET
    uri: https://fake.confidential-ledger.azure.com/app/transactions/2.27537/status?api-version=0.1-preview
  response:
    body:
      string: '{"state":"Committed","transactionId":"2.27537"}'
    headers:
      content-length:
      - '47'
      content-type:
      - application/json
      x-ms-ccf-transaction-id:
      - '2.27538'
    status:
      code: 200
      message: OK
- request:
    body: null
    headers:
      Accept:
      - application/json
      Accept-Encoding:
      - gzip, deflate
      Connection:
      - keep-alive
      User-Agent:
      - azsdk-python-confidentialledger/1.0.0 Python/3.8.10 (Linux-5.10.102.1-microsoft-standard-WSL2-x86_64-with-glibc2.29)
    method: GET
    uri: https://fake.confidential-ledger.azure.com/app/transactions/current?api-version=0.1-preview&subLedgerId=132
  response:
    body:
      string: '{"contents":"Test sub-ledger entry 2 from Python SDK","subLedgerId":"132","transactionId":"2.27538"}'
    headers:
      content-length:
      - '100'
      content-type:
      - application/json
      x-ms-ccf-transaction-id:
      - '2.27538'
    status:
      code: 200
      message: OK
- request:
    body: null
    headers:
      Accept:
      - application/json
      Accept-Encoding:
      - gzip, deflate
      Connection:
      - keep-alive
      User-Agent:
      - azsdk-python-confidentialledger/1.0.0 Python/3.8.10 (Linux-5.10.102.1-microsoft-standard-WSL2-x86_64-with-glibc2.29)
    method: GET
    uri: https://fake.confidential-ledger.azure.com/app/transactions/2.27535?api-version=0.1-preview&subLedgerId=132
  response:
    body:
      string: "{\n  \"entry\": {\n    \"contents\": \"Test sub-ledger entry from Python
        SDK\",\n    \"subLedgerId\": \"132\",\n    \"transactionId\": \"2.27535\"\n
        \ },\n  \"state\": \"Ready\"\n}"
    headers:
      content-length:
      - '154'
      content-type:
      - application/json
      x-ms-ccf-transaction-id:
      - '2.27538'
    status:
      code: 200
      message: OK
version: 1
