interactions:
- request:
    body: null
    headers:
      Accept:
      - application/json
      Accept-Encoding:
      - gzip, deflate
      Connection:
      - keep-alive
      User-Agent:
      - azsdk-python-confidentialledger-identity-service/1.0.0 Python/3.8.10 (Linux-5.10.102.1-microsoft-standard-WSL2-x86_64-with-glibc2.29)
    method: GET
    uri: https://identity.confidential-ledger.core.azure.com/ledgerIdentity/fake?api-version=2022-05-13
  response:
    body:
      string: '{"ledgerTlsCertificate":"-----BEGIN CERTIFICATE-----\nMIIBeTCCASCgAwIBAgIQcTrTRLjb9eOoGTXSvOEgxjAKBggqhkjOPQQDAjAWMRQw\nEgYDVQQDDAtDQ0YgTmV0d29yazAeFw0yMjA2MjcxNjA3MjNaFw0yMjA5MjUxNjA3\nMjJaMBYxFDASBgNVBAMMC0NDRiBOZXR3b3JrMFkwEwYHKoZIzj0CAQYIKoZIzj0D\nAQcDQgAEyn3oh7/D+m/yuzdWNSEh3ZOupuUiO6U7MIcwiM6RBZ3nsWQHGeVyT0Ai\n+7cYDtPGo/8VRio+Brknl7VALE3q9aNQME4wDAYDVR0TBAUwAwEB/zAdBgNVHQ4E\nFgQUh1gNHgpIlTONmFbFX7HeG1rcT6gwHwYDVR0jBBgwFoAUh1gNHgpIlTONmFbF\nX7HeG1rcT6gwCgYIKoZIzj0EAwIDRwAwRAIgdd7rQszgGJ+jtjuiECigiFxoAvDk\nOPPBwTvMsE8TzsYCIDgYQ1mGHyZ52NXgoxPfqVVFTive8JIsjeQuczMZFq+9\n-----END
        CERTIFICATE-----\n","ledgerId":"fake"}'
    headers:
      content-type:
      - application/json; charset=utf-8
      date:
      - Fri, 01 Jul 2022 23:05:06 GMT
      server:
      - Kestrel
      transfer-encoding:
      - chunked
      x-ms-image-digest:
      - sha256:7a76c9097c3450987501c23e71a3e16b89f727059ab6de727807ac97b808810e
      x-ms-image-tag:
      - 1.0.01999.541-e02672ed644876c9cf10c5494e0203a0dc9da070
      x-ms-machinename:
      - identityservice-6499ffbf45-jh62d
    status:
      code: 200
      message: OK
- request:
    body: '{"contents": "message-0"}'
    headers:
      Accept:
      - application/json
      Accept-Encoding:
      - gzip, deflate
      Connection:
      - keep-alive
      Content-Length:
      - '25'
      Content-Type:
      - application/json
      User-Agent:
      - azsdk-python-confidentialledger/1.0.0 Python/3.8.10 (Linux-5.10.102.1-microsoft-standard-WSL2-x86_64-with-glibc2.29)
    method: POST
    uri: https://fake.confidential-ledger.azure.com/app/transactions?api-version=2022-05-13&collectionId=0
  response:
    body:
      string: '{"collectionId":"0"}'
    headers:
      content-length:
      - '20'
      content-type:
      - application/json
      x-ms-ccf-transaction-id:
      - '4.23857'
    status:
      code: 200
      message: OK
- request:
    body: '{"contents": "message-1"}'
    headers:
      Accept:
      - application/json
      Accept-Encoding:
      - gzip, deflate
      Connection:
      - keep-alive
      Content-Length:
      - '25'
      Content-Type:
      - application/json
      User-Agent:
      - azsdk-python-confidentialledger/1.0.0 Python/3.8.10 (Linux-5.10.102.1-microsoft-standard-WSL2-x86_64-with-glibc2.29)
    method: POST
    uri: https://fake.confidential-ledger.azure.com/app/transactions?api-version=2022-05-13&collectionId=1
  response:
    body:
      string: '{"collectionId":"1"}'
    headers:
      content-length:
      - '20'
      content-type:
      - application/json
      x-ms-ccf-transaction-id:
      - '4.23859'
    status:
      code: 200
      message: OK
- request:
    body: '{"contents": "message-2"}'
    headers:
      Accept:
      - application/json
      Accept-Encoding:
      - gzip, deflate
      Connection:
      - keep-alive
      Content-Length:
      - '25'
      Content-Type:
      - application/json
      User-Agent:
      - azsdk-python-confidentialledger/1.0.0 Python/3.8.10 (Linux-5.10.102.1-microsoft-standard-WSL2-x86_64-with-glibc2.29)
    method: POST
    uri: https://fake.confidential-ledger.azure.com/app/transactions?api-version=2022-05-13&collectionId=2
  response:
    body:
      string: '{"collectionId":"2"}'
    headers:
      content-length:
      - '20'
      content-type:
      - application/json
      x-ms-ccf-transaction-id:
      - '4.23860'
    status:
      code: 200
      message: OK
- request:
    body: '{"contents": "message-3"}'
    headers:
      Accept:
      - application/json
      Accept-Encoding:
      - gzip, deflate
      Connection:
      - keep-alive
      Content-Length:
      - '25'
      Content-Type:
      - application/json
      User-Agent:
      - azsdk-python-confidentialledger/1.0.0 Python/3.8.10 (Linux-5.10.102.1-microsoft-standard-WSL2-x86_64-with-glibc2.29)
    method: POST
    uri: https://fake.confidential-ledger.azure.com/app/transactions?api-version=2022-05-13&collectionId=3
  response:
    body:
      string: '{"collectionId":"3"}'
    headers:
      content-length:
      - '20'
      content-type:
      - application/json
      x-ms-ccf-transaction-id:
      - '4.23861'
    status:
      code: 200
      message: OK
- request:
    body: '{"contents": "message-4"}'
    headers:
      Accept:
      - application/json
      Accept-Encoding:
      - gzip, deflate
      Connection:
      - keep-alive
      Content-Length:
      - '25'
      Content-Type:
      - application/json
      User-Agent:
      - azsdk-python-confidentialledger/1.0.0 Python/3.8.10 (Linux-5.10.102.1-microsoft-standard-WSL2-x86_64-with-glibc2.29)
    method: POST
    uri: https://fake.confidential-ledger.azure.com/app/transactions?api-version=2022-05-13&collectionId=4
  response:
    body:
      string: '{"collectionId":"4"}'
    headers:
      content-length:
      - '20'
      content-type:
      - application/json
      x-ms-ccf-transaction-id:
      - '4.23862'
    status:
      code: 200
      message: OK
- request:
    body: '{"contents": "message-5"}'
    headers:
      Accept:
      - application/json
      Accept-Encoding:
      - gzip, deflate
      Connection:
      - keep-alive
      Content-Length:
      - '25'
      Content-Type:
      - application/json
      User-Agent:
      - azsdk-python-confidentialledger/1.0.0 Python/3.8.10 (Linux-5.10.102.1-microsoft-standard-WSL2-x86_64-with-glibc2.29)
    method: POST
    uri: https://fake.confidential-ledger.azure.com/app/transactions?api-version=2022-05-13&collectionId=0
  response:
    body:
      string: '{"collectionId":"0"}'
    headers:
      content-length:
      - '20'
      content-type:
      - application/json
      x-ms-ccf-transaction-id:
      - '4.23863'
    status:
      code: 200
      message: OK
- request:
    body: '{"contents": "message-6"}'
    headers:
      Accept:
      - application/json
      Accept-Encoding:
      - gzip, deflate
      Connection:
      - keep-alive
      Content-Length:
      - '25'
      Content-Type:
      - application/json
      User-Agent:
      - azsdk-python-confidentialledger/1.0.0 Python/3.8.10 (Linux-5.10.102.1-microsoft-standard-WSL2-x86_64-with-glibc2.29)
    method: POST
    uri: https://fake.confidential-ledger.azure.com/app/transactions?api-version=2022-05-13&collectionId=1
  response:
    body:
      string: '{"collectionId":"1"}'
    headers:
      content-length:
      - '20'
      content-type:
      - application/json
      x-ms-ccf-transaction-id:
      - '4.23864'
    status:
      code: 200
      message: OK
- request:
    body: '{"contents": "message-7"}'
    headers:
      Accept:
      - application/json
      Accept-Encoding:
      - gzip, deflate
      Connection:
      - keep-alive
      Content-Length:
      - '25'
      Content-Type:
      - application/json
      User-Agent:
      - azsdk-python-confidentialledger/1.0.0 Python/3.8.10 (Linux-5.10.102.1-microsoft-standard-WSL2-x86_64-with-glibc2.29)
    method: POST
    uri: https://fake.confidential-ledger.azure.com/app/transactions?api-version=2022-05-13&collectionId=2
  response:
    body:
      string: '{"collectionId":"2"}'
    headers:
      content-length:
      - '20'
      content-type:
      - application/json
      x-ms-ccf-transaction-id:
      - '4.23866'
    status:
      code: 200
      message: OK
- request:
    body: '{"contents": "message-8"}'
    headers:
      Accept:
      - application/json
      Accept-Encoding:
      - gzip, deflate
      Connection:
      - keep-alive
      Content-Length:
      - '25'
      Content-Type:
      - application/json
      User-Agent:
      - azsdk-python-confidentialledger/1.0.0 Python/3.8.10 (Linux-5.10.102.1-microsoft-standard-WSL2-x86_64-with-glibc2.29)
    method: POST
    uri: https://fake.confidential-ledger.azure.com/app/transactions?api-version=2022-05-13&collectionId=3
  response:
    body:
      string: '{"collectionId":"3"}'
    headers:
      content-length:
      - '20'
      content-type:
      - application/json
      x-ms-ccf-transaction-id:
      - '4.23867'
    status:
      code: 200
      message: OK
- request:
    body: '{"contents": "message-9"}'
    headers:
      Accept:
      - application/json
      Accept-Encoding:
      - gzip, deflate
      Connection:
      - keep-alive
      Content-Length:
      - '25'
      Content-Type:
      - application/json
      User-Agent:
      - azsdk-python-confidentialledger/1.0.0 Python/3.8.10 (Linux-5.10.102.1-microsoft-standard-WSL2-x86_64-with-glibc2.29)
    method: POST
    uri: https://fake.confidential-ledger.azure.com/app/transactions?api-version=2022-05-13&collectionId=4
  response:
    body:
      string: '{"collectionId":"4"}'
    headers:
      content-length:
      - '20'
      content-type:
      - application/json
      x-ms-ccf-transaction-id:
      - '4.23868'
    status:
      code: 200
      message: OK
- request:
    body: null
    headers:
      Accept:
      - application/json
      Accept-Encoding:
      - gzip, deflate
      Connection:
      - keep-alive
      User-Agent:
      - azsdk-python-confidentialledger/1.0.0 Python/3.8.10 (Linux-5.10.102.1-microsoft-standard-WSL2-x86_64-with-glibc2.29)
    method: GET
    uri: https://fake.confidential-ledger.azure.com/app/transactions/4.23868/status?api-version=2022-05-13
  response:
    body:
      string: '{"state":"Pending","transactionId":"4.23868"}'
    headers:
      content-length:
      - '45'
      content-type:
      - application/json
      x-ms-ccf-transaction-id:
      - '4.23868'
    status:
      code: 200
      message: OK
- request:
    body: null
    headers:
      Accept:
      - application/json
      Accept-Encoding:
      - gzip, deflate
      Connection:
      - keep-alive
      User-Agent:
      - azsdk-python-confidentialledger/1.0.0 Python/3.8.10 (Linux-5.10.102.1-microsoft-standard-WSL2-x86_64-with-glibc2.29)
    method: GET
    uri: https://fake.confidential-ledger.azure.com/app/transactions/4.23868/status?api-version=2022-05-13
  response:
    body:
      string: '{"state":"Pending","transactionId":"4.23868"}'
    headers:
      content-length:
      - '45'
      content-type:
      - application/json
      x-ms-ccf-transaction-id:
      - '4.23868'
    status:
      code: 200
      message: OK
- request:
    body: null
    headers:
      Accept:
      - application/json
      Accept-Encoding:
      - gzip, deflate
      Connection:
      - keep-alive
      User-Agent:
      - azsdk-python-confidentialledger/1.0.0 Python/3.8.10 (Linux-5.10.102.1-microsoft-standard-WSL2-x86_64-with-glibc2.29)
    method: GET
    uri: https://fake.confidential-ledger.azure.com/app/transactions/4.23868/status?api-version=2022-05-13
  response:
    body:
      string: '{"state":"Committed","transactionId":"4.23868"}'
    headers:
      content-length:
      - '47'
      content-type:
      - application/json
      x-ms-ccf-transaction-id:
      - '4.23869'
    status:
      code: 200
      message: OK
- request:
    body: null
    headers:
      Accept:
      - application/json
      Accept-Encoding:
      - gzip, deflate
      Connection:
      - keep-alive
      User-Agent:
      - azsdk-python-confidentialledger/1.0.0 Python/3.8.10 (Linux-5.10.102.1-microsoft-standard-WSL2-x86_64-with-glibc2.29)
    method: GET
    uri: https://fake.confidential-ledger.azure.com/app/transactions?api-version=2022-05-13&collectionId=0&fromTransactionId=4.23857&toTransactionId=4.23863
  response:
    body:
      string: "{\n  \"entries\": [],\n  \"nextLink\": \"/app/transactions?api-version=2022-05-13&collectionId=0&fromTransactionId=4.23857&toTransactionId=4.23863\",\n
        \ \"state\": \"Loading\"\n}"
    headers:
      content-length:
      - '164'
      content-type:
      - application/json
      x-ms-ccf-transaction-id:
      - '4.23869'
    status:
      code: 200
      message: OK
- request:
    body: null
    headers:
      Accept:
      - '*/*'
      Accept-Encoding:
      - gzip, deflate
      Connection:
      - keep-alive
      User-Agent:
      - azsdk-python-confidentialledger/1.0.0 Python/3.8.10 (Linux-5.10.102.1-microsoft-standard-WSL2-x86_64-with-glibc2.29)
    method: GET
    uri: https://fake.confidential-ledger.azure.com/app/transactions?api-version=2022-05-13&collectionId=0&fromTransactionId=4.23857&toTransactionId=4.23863
  response:
    body:
      string: "{\n  \"entries\": [\n    {\n      \"collectionId\": \"0\",\n      \"contents\":
        \"message-0\",\n      \"transactionId\": \"4.23857\"\n    },\n    {\n      \"collectionId\":
        \"0\",\n      \"contents\": \"message-5\",\n      \"transactionId\": \"4.23863\"\n
        \   }\n  ],\n  \"state\": \"Ready\"\n}"
    headers:
      content-length:
      - '249'
      content-type:
      - application/json
      x-ms-ccf-transaction-id:
      - '4.23869'
    status:
      code: 200
      message: OK
- request:
    body: null
    headers:
      Accept:
      - application/json
      Accept-Encoding:
      - gzip, deflate
      Connection:
      - keep-alive
      User-Agent:
      - azsdk-python-confidentialledger/1.0.0 Python/3.8.10 (Linux-5.10.102.1-microsoft-standard-WSL2-x86_64-with-glibc2.29)
    method: GET
    uri: https://fake.confidential-ledger.azure.com/app/transactions?api-version=2022-05-13&collectionId=1&fromTransactionId=4.23859&toTransactionId=4.23864
  response:
    body:
      string: "{\n  \"entries\": [],\n  \"nextLink\": \"/app/transactions?api-version=2022-05-13&collectionId=1&fromTransactionId=4.23859&toTransactionId=4.23864\",\n
        \ \"state\": \"Loading\"\n}"
    headers:
      content-length:
      - '164'
      content-type:
      - application/json
      x-ms-ccf-transaction-id:
      - '4.23869'
    status:
      code: 200
      message: OK
- request:
    body: null
    headers:
      Accept:
      - '*/*'
      Accept-Encoding:
      - gzip, deflate
      Connection:
      - keep-alive
      User-Agent:
      - azsdk-python-confidentialledger/1.0.0 Python/3.8.10 (Linux-5.10.102.1-microsoft-standard-WSL2-x86_64-with-glibc2.29)
    method: GET
    uri: https://fake.confidential-ledger.azure.com/app/transactions?api-version=2022-05-13&collectionId=1&fromTransactionId=4.23859&toTransactionId=4.23864
  response:
    body:
      string: "{\n  \"entries\": [\n    {\n      \"collectionId\": \"1\",\n      \"contents\":
        \"message-1\",\n      \"transactionId\": \"4.23859\"\n    },\n    {\n      \"collectionId\":
        \"1\",\n      \"contents\": \"message-6\",\n      \"transactionId\": \"4.23864\"\n
        \   }\n  ],\n  \"state\": \"Ready\"\n}"
    headers:
      content-length:
      - '249'
      content-type:
      - application/json
      x-ms-ccf-transaction-id:
      - '4.23869'
    status:
      code: 200
      message: OK
- request:
    body: null
    headers:
      Accept:
      - application/json
      Accept-Encoding:
      - gzip, deflate
      Connection:
      - keep-alive
      User-Agent:
      - azsdk-python-confidentialledger/1.0.0 Python/3.8.10 (Linux-5.10.102.1-microsoft-standard-WSL2-x86_64-with-glibc2.29)
    method: GET
    uri: https://fake.confidential-ledger.azure.com/app/transactions?api-version=2022-05-13&collectionId=2&fromTransactionId=4.23860&toTransactionId=4.23866
  response:
    body:
      string: "{\n  \"entries\": [],\n  \"nextLink\": \"/app/transactions?api-version=2022-05-13&collectionId=2&fromTransactionId=4.23860&toTransactionId=4.23866\",\n
        \ \"state\": \"Loading\"\n}"
    headers:
      content-length:
      - '164'
      content-type:
      - application/json
      x-ms-ccf-transaction-id:
      - '4.23869'
    status:
      code: 200
      message: OK
- request:
    body: null
    headers:
      Accept:
      - '*/*'
      Accept-Encoding:
      - gzip, deflate
      Connection:
      - keep-alive
      User-Agent:
      - azsdk-python-confidentialledger/1.0.0 Python/3.8.10 (Linux-5.10.102.1-microsoft-standard-WSL2-x86_64-with-glibc2.29)
    method: GET
    uri: https://fake.confidential-ledger.azure.com/app/transactions?api-version=2022-05-13&collectionId=2&fromTransactionId=4.23860&toTransactionId=4.23866
  response:
    body:
      string: "{\n  \"entries\": [\n    {\n      \"collectionId\": \"2\",\n      \"contents\":
        \"message-2\",\n      \"transactionId\": \"4.23860\"\n    },\n    {\n      \"collectionId\":
        \"2\",\n      \"contents\": \"message-7\",\n      \"transactionId\": \"4.23866\"\n
        \   }\n  ],\n  \"state\": \"Ready\"\n}"
    headers:
      content-length:
      - '249'
      content-type:
      - application/json
      x-ms-ccf-transaction-id:
      - '4.23869'
    status:
      code: 200
      message: OK
- request:
    body: null
    headers:
      Accept:
      - application/json
      Accept-Encoding:
      - gzip, deflate
      Connection:
      - keep-alive
      User-Agent:
      - azsdk-python-confidentialledger/1.0.0 Python/3.8.10 (Linux-5.10.102.1-microsoft-standard-WSL2-x86_64-with-glibc2.29)
    method: GET
    uri: https://fake.confidential-ledger.azure.com/app/transactions?api-version=2022-05-13&collectionId=3&fromTransactionId=4.23861&toTransactionId=4.23867
  response:
    body:
      string: "{\n  \"entries\": [],\n  \"nextLink\": \"/app/transactions?api-version=2022-05-13&collectionId=3&fromTransactionId=4.23861&toTransactionId=4.23867\",\n
        \ \"state\": \"Loading\"\n}"
    headers:
      content-length:
      - '164'
      content-type:
      - application/json
      x-ms-ccf-transaction-id:
      - '4.23869'
    status:
      code: 200
      message: OK
- request:
    body: null
    headers:
      Accept:
      - '*/*'
      Accept-Encoding:
      - gzip, deflate
      Connection:
      - keep-alive
      User-Agent:
      - azsdk-python-confidentialledger/1.0.0 Python/3.8.10 (Linux-5.10.102.1-microsoft-standard-WSL2-x86_64-with-glibc2.29)
    method: GET
    uri: https://fake.confidential-ledger.azure.com/app/transactions?api-version=2022-05-13&collectionId=3&fromTransactionId=4.23861&toTransactionId=4.23867
  response:
    body:
      string: "{\n  \"entries\": [\n    {\n      \"collectionId\": \"3\",\n      \"contents\":
        \"message-3\",\n      \"transactionId\": \"4.23861\"\n    },\n    {\n      \"collectionId\":
        \"3\",\n      \"contents\": \"message-8\",\n      \"transactionId\": \"4.23867\"\n
        \   }\n  ],\n  \"state\": \"Ready\"\n}"
    headers:
      content-length:
      - '249'
      content-type:
      - application/json
      x-ms-ccf-transaction-id:
      - '4.23869'
    status:
      code: 200
      message: OK
- request:
    body: null
    headers:
      Accept:
      - application/json
      Accept-Encoding:
      - gzip, deflate
      Connection:
      - keep-alive
      User-Agent:
      - azsdk-python-confidentialledger/1.0.0 Python/3.8.10 (Linux-5.10.102.1-microsoft-standard-WSL2-x86_64-with-glibc2.29)
    method: GET
    uri: https://fake.confidential-ledger.azure.com/app/transactions?api-version=2022-05-13&collectionId=4&fromTransactionId=4.23862&toTransactionId=4.23868
  response:
    body:
      string: "{\n  \"entries\": [],\n  \"nextLink\": \"/app/transactions?api-version=2022-05-13&collectionId=4&fromTransactionId=4.23862&toTransactionId=4.23868\",\n
        \ \"state\": \"Loading\"\n}"
    headers:
      content-length:
      - '164'
      content-type:
      - application/json
      x-ms-ccf-transaction-id:
      - '4.23869'
    status:
      code: 200
      message: OK
- request:
    body: null
    headers:
      Accept:
      - '*/*'
      Accept-Encoding:
      - gzip, deflate
      Connection:
      - keep-alive
      User-Agent:
      - azsdk-python-confidentialledger/1.0.0 Python/3.8.10 (Linux-5.10.102.1-microsoft-standard-WSL2-x86_64-with-glibc2.29)
    method: GET
    uri: https://fake.confidential-ledger.azure.com/app/transactions?api-version=2022-05-13&collectionId=4&fromTransactionId=4.23862&toTransactionId=4.23868
  response:
    body:
      string: "{\n  \"entries\": [\n    {\n      \"collectionId\": \"4\",\n      \"contents\":
        \"message-4\",\n      \"transactionId\": \"4.23862\"\n    },\n    {\n      \"collectionId\":
        \"4\",\n      \"contents\": \"message-9\",\n      \"transactionId\": \"4.23868\"\n
        \   }\n  ],\n  \"state\": \"Ready\"\n}"
    headers:
      content-length:
      - '249'
      content-type:
      - application/json
      x-ms-ccf-transaction-id:
      - '4.23869'
    status:
      code: 200
      message: OK
version: 1
