interactions:
- request:
    body: null
    headers:
      Accept:
      - application/json
      Accept-Encoding:
      - gzip, deflate
      Connection:
      - keep-alive
      User-Agent:
      - azsdk-python-confidentialledger-identity-service/1.0.0 Python/3.8.10 (Linux-5.10.102.1-microsoft-standard-WSL2-x86_64-with-glibc2.29)
    method: GET
    uri: https://identity.confidential-ledger.core.azure.com/ledgerIdentity/fake?api-version=2022-05-13
  response:
    body:
      string: '{"ledgerTlsCertificate":"-----BEGIN CERTIFICATE-----\nMIIBeTCCASCgAwIBAgIQcTrTRLjb9eOoGTXSvOEgxjAKBggqhkjOPQQDAjAWMRQw\nEgYDVQQDDAtDQ0YgTmV0d29yazAeFw0yMjA2MjcxNjA3MjNaFw0yMjA5MjUxNjA3\nMjJaMBYxFDASBgNVBAMMC0NDRiBOZXR3b3JrMFkwEwYHKoZIzj0CAQYIKoZIzj0D\nAQcDQgAEyn3oh7/D+m/yuzdWNSEh3ZOupuUiO6U7MIcwiM6RBZ3nsWQHGeVyT0Ai\n+7cYDtPGo/8VRio+Brknl7VALE3q9aNQME4wDAYDVR0TBAUwAwEB/zAdBgNVHQ4E\nFgQUh1gNHgpIlTONmFbFX7HeG1rcT6gwHwYDVR0jBBgwFoAUh1gNHgpIlTONmFbF\nX7HeG1rcT6gwCgYIKoZIzj0EAwIDRwAwRAIgdd7rQszgGJ+jtjuiECigiFxoAvDk\nOPPBwTvMsE8TzsYCIDgYQ1mGHyZ52NXgoxPfqVVFTive8JIsjeQuczMZFq+9\n-----END
        CERTIFICATE-----\n","ledgerId":"fake"}'
    headers:
      content-type:
      - application/json; charset=utf-8
      date:
      - Wed, 29 Jun 2022 17:46:23 GMT
      server:
      - Kestrel
      transfer-encoding:
      - chunked
      x-ms-image-digest:
      - sha256:7a76c9097c3450987501c23e71a3e16b89f727059ab6de727807ac97b808810e
      x-ms-image-tag:
      - 1.0.01999.541-e02672ed644876c9cf10c5494e0203a0dc9da070
      x-ms-machinename:
      - identityservice-6499ffbf45-jh62d
    status:
      code: 200
      message: OK
- request:
    body: '{"contents": "Test entry from Python SDK"}'
    headers:
      Accept:
      - application/json
      Accept-Encoding:
      - gzip, deflate
      Connection:
      - keep-alive
      Content-Length:
      - '42'
      Content-Type:
      - application/json
      User-Agent:
      - azsdk-python-confidentialledger/1.0.0 Python/3.8.10 (Linux-5.10.102.1-microsoft-standard-WSL2-x86_64-with-glibc2.29)
    method: POST
    uri: https://fake.confidential-ledger.azure.com/app/transactions?api-version=2022-05-13
  response:
    body:
      string: '{"collectionId":"subledger:0"}'
    headers:
      content-length:
      - '30'
      content-type:
      - application/json
      x-ms-ccf-transaction-id:
      - '2.22376'
    status:
      code: 200
      message: OK
- request:
    body: null
    headers:
      Accept:
      - application/json
      Accept-Encoding:
      - gzip, deflate
      Connection:
      - keep-alive
      User-Agent:
      - azsdk-python-confidentialledger/1.0.0 Python/3.8.10 (Linux-5.10.102.1-microsoft-standard-WSL2-x86_64-with-glibc2.29)
    method: GET
    uri: https://fake.confidential-ledger.azure.com/app/transactions/2.22376/status?api-version=2022-05-13
  response:
    body:
      string: '{"state":"Committed","transactionId":"2.22376"}'
    headers:
      content-length:
      - '47'
      content-type:
      - application/json
      x-ms-ccf-transaction-id:
      - '2.22377'
    status:
      code: 200
      message: OK
- request:
    body: null
    headers:
      Accept:
      - application/json
      Accept-Encoding:
      - gzip, deflate
      Connection:
      - keep-alive
      User-Agent:
      - azsdk-python-confidentialledger/1.0.0 Python/3.8.10 (Linux-5.10.102.1-microsoft-standard-WSL2-x86_64-with-glibc2.29)
    method: GET
    uri: https://fake.confidential-ledger.azure.com/app/transactions/2.22376/status?api-version=2022-05-13
  response:
    body:
      string: '{"state":"Committed","transactionId":"2.22376"}'
    headers:
      content-length:
      - '47'
      content-type:
      - application/json
      x-ms-ccf-transaction-id:
      - '2.22377'
    status:
      code: 200
      message: OK
- request:
    body: null
    headers:
      Accept:
      - application/json
      Accept-Encoding:
      - gzip, deflate
      Connection:
      - keep-alive
      User-Agent:
      - azsdk-python-confidentialledger/1.0.0 Python/3.8.10 (Linux-5.10.102.1-microsoft-standard-WSL2-x86_64-with-glibc2.29)
    method: GET
    uri: https://fake.confidential-ledger.azure.com/app/transactions/2.22376/receipt?api-version=2022-05-13
  response:
    body:
      string: "{\n  \"receipt\": null,\n  \"state\": \"Loading\",\n  \"transactionId\":
        \"\"\n}"
    headers:
      content-length:
      - '66'
      content-type:
      - application/json
      x-ms-ccf-transaction-id:
      - '2.22377'
    status:
      code: 200
      message: OK
- request:
    body: null
    headers:
      Accept:
      - application/json
      Accept-Encoding:
      - gzip, deflate
      Connection:
      - keep-alive
      User-Agent:
      - azsdk-python-confidentialledger/1.0.0 Python/3.8.10 (Linux-5.10.102.1-microsoft-standard-WSL2-x86_64-with-glibc2.29)
    method: GET
    uri: https://fake.confidential-ledger.azure.com/app/transactions/2.22376/receipt?api-version=2022-05-13
  response:
    body:
      string: "{\n  \"receipt\": {\n    \"cert\": \"-----BEGIN CERTIFICATE-----\\nMIIByTCCAW+gAwIBAgIQLS9B5zlFVupxqOAOVXkppDAKBggqhkjOPQQDAjAWMRQw\\nEgYDVQQDDAtDQ0YgTmV0d29yazAeFw0yMjA2MjcxNjA3MjVaFw0yMjA5MjUxNjA3\\nMjRaMBMxETAPBgNVBAMMCENDRiBOb2RlMFkwEwYHKoZIzj0CAQYIKoZIzj0DAQcD\\nQgAEmtkFFf5II8O05VyFMOWtMgOoXyi7wgEl6f96w2iJpJtH4xp2+OczZQBP3lMQ\\ncIOcTmZrt6GBLRJgj/rFAKUWW6OBoTCBnjAJBgNVHRMEAjAAMB0GA1UdDgQWBBQ9\\nw5S5Qtj/74rnPfWFztgoE09D+jAfBgNVHSMEGDAWgBSHWA0eCkiVM42YVsVfsd4b\\nWtxPqDBRBgNVHREESjBIghBseXNoaS1weXRob24tc2Rrgi5seXNoaS1weXRob24t\\nc2RrLmNvbmZpZGVudGlhbC1sZWRnZXIuYXp1cmUuY29thwQK8CzoMAoGCCqGSM49\\nBAMCA0gAMEUCIFgXO3P/noe6eE842lHVb+3ozVDKx8GOhALN3RJH8+LPAiEA5WUt\\n7aUZuLRfuJ2z1HmYSnows/OkisZ2zlSLDEqsTeQ=\\n-----END
        CERTIFICATE-----\\n\",\n    \"is_signature_transaction\": false,\n    \"leaf_components\":
        {\n      \"claims_digest\": \"0000000000000000000000000000000000000000000000000000000000000000\",\n
        \     \"commit_evidence\": \"ce:2.22376:debbdef316fbbdd18fc098277ab81658effb7d174b2ee96f01d554aa3428d867\",\n
        \     \"write_set_digest\": \"67fae7e3dc546f73c957b8ccd037617b7146de76e62c17f7c90ee8f51ac99bfe\"\n
        \   },\n    \"node_id\": \"363a09dfc4c89c6f6e2721d3cc6c733eea531d291ac2d0f19a2f21a752396069\",\n
        \   \"proof\": [\n      {\n        \"left\": \"2217f88bfdad3ac1d7865851cd5f65f664f5023223e1bfa652efcb50d9defcc0\"\n
        \     },\n      {\n        \"left\": \"173cc2f1f3e52e13f5207abd905d432826d3673550c95bf07e4257312a242f26\"\n
        \     },\n      {\n        \"left\": \"ac931e078b474e6296ad51919457ee5abfc20a6599909f156ad2cc9830ce6c41\"\n
        \     },\n      {\n        \"left\": \"dde4fc46cca0c24b6681da1c02ce3a9ea3910e31cc2fdc9997cb035810e07f4a\"\n
        \     },\n      {\n        \"left\": \"1cbf51b6b0263b66cd3caba5b68e568aabefaff1d69fa802ba6c96a8aecf6a45\"\n
        \     },\n      {\n        \"left\": \"ed9e9c0cb990051fa9e88ebb4987bcc49e63e997c198e36d97eaa0d9ff955532\"\n
        \     },\n      {\n        \"left\": \"7ebfc446e286d16001f840fac247b91f8d6179b73f00ad48498ba5996055baa6\"\n
        \     },\n      {\n        \"left\": \"22f26d7be153ca3ba6b6bc87ef972e06dabb9dd43cf44905892890428d4d93d2\"\n
        \     }\n    ],\n    \"service_endorsements\": [],\n    \"signature\": \"MEUCIDp/sY2Shd+yYX8b6x+dDU0aAaRrQx0U9opz5SICcxguAiEAoJrf0lXh3wv6Snnn1nQujOse8j+XxLCJBwDkgrCJWPw=\"\n
        \ },\n  \"state\": \"Ready\",\n  \"transactionId\": \"2.22376\"\n}"
    headers:
      content-length:
      - '2191'
      content-type:
      - application/json
      x-ms-ccf-transaction-id:
      - '2.22377'
    status:
      code: 200
      message: OK
- request:
    body: null
    headers:
      Accept:
      - application/json
      Accept-Encoding:
      - gzip, deflate
      Connection:
      - keep-alive
      User-Agent:
      - azsdk-python-confidentialledger/1.0.0 Python/3.8.10 (Linux-5.10.102.1-microsoft-standard-WSL2-x86_64-with-glibc2.29)
    method: GET
    uri: https://fake.confidential-ledger.azure.com/app/transactions/current?api-version=2022-05-13
  response:
    body:
      string: '{"collectionId":"subledger:0","contents":"Test entry from Python SDK","transactionId":"2.22377"}'
    headers:
      content-length:
      - '96'
      content-type:
      - application/json
      x-ms-ccf-transaction-id:
      - '2.22377'
    status:
      code: 200
      message: OK
- request:
    body: '{"contents": "Test entry 2 from Python SDK"}'
    headers:
      Accept:
      - application/json
      Accept-Encoding:
      - gzip, deflate
      Connection:
      - keep-alive
      Content-Length:
      - '44'
      Content-Type:
      - application/json
      User-Agent:
      - azsdk-python-confidentialledger/1.0.0 Python/3.8.10 (Linux-5.10.102.1-microsoft-standard-WSL2-x86_64-with-glibc2.29)
    method: POST
    uri: https://fake.confidential-ledger.azure.com/app/transactions?api-version=2022-05-13
  response:
    body:
      string: '{"collectionId":"subledger:0"}'
    headers:
      content-length:
      - '30'
      content-type:
      - application/json
      x-ms-ccf-transaction-id:
      - '2.22378'
    status:
      code: 200
      message: OK
- request:
    body: null
    headers:
      Accept:
      - application/json
      Accept-Encoding:
      - gzip, deflate
      Connection:
      - keep-alive
      User-Agent:
      - azsdk-python-confidentialledger/1.0.0 Python/3.8.10 (Linux-5.10.102.1-microsoft-standard-WSL2-x86_64-with-glibc2.29)
    method: GET
    uri: https://fake.confidential-ledger.azure.com/app/transactions/2.22378/status?api-version=2022-05-13
  response:
    body:
      string: '{"state":"Pending","transactionId":"2.22378"}'
    headers:
      content-length:
      - '45'
      content-type:
      - application/json
      x-ms-ccf-transaction-id:
      - '2.22378'
    status:
      code: 200
      message: OK
- request:
    body: null
    headers:
      Accept:
      - application/json
      Accept-Encoding:
      - gzip, deflate
      Connection:
      - keep-alive
      User-Agent:
      - azsdk-python-confidentialledger/1.0.0 Python/3.8.10 (Linux-5.10.102.1-microsoft-standard-WSL2-x86_64-with-glibc2.29)
    method: GET
    uri: https://fake.confidential-ledger.azure.com/app/transactions/2.22378/status?api-version=2022-05-13
  response:
    body:
      string: '{"state":"Pending","transactionId":"2.22378"}'
    headers:
      content-length:
      - '45'
      content-type:
      - application/json
      x-ms-ccf-transaction-id:
      - '2.22378'
    status:
      code: 200
      message: OK
- request:
    body: null
    headers:
      Accept:
      - application/json
      Accept-Encoding:
      - gzip, deflate
      Connection:
      - keep-alive
      User-Agent:
      - azsdk-python-confidentialledger/1.0.0 Python/3.8.10 (Linux-5.10.102.1-microsoft-standard-WSL2-x86_64-with-glibc2.29)
    method: GET
    uri: https://fake.confidential-ledger.azure.com/app/transactions/2.22378/status?api-version=2022-05-13
  response:
    body:
      string: '{"state":"Committed","transactionId":"2.22378"}'
    headers:
      content-length:
      - '47'
      content-type:
      - application/json
      x-ms-ccf-transaction-id:
      - '2.22379'
    status:
      code: 200
      message: OK
- request:
    body: null
    headers:
      Accept:
      - application/json
      Accept-Encoding:
      - gzip, deflate
      Connection:
      - keep-alive
      User-Agent:
      - azsdk-python-confidentialledger/1.0.0 Python/3.8.10 (Linux-5.10.102.1-microsoft-standard-WSL2-x86_64-with-glibc2.29)
    method: GET
    uri: https://fake.confidential-ledger.azure.com/app/transactions/current?api-version=2022-05-13
  response:
    body:
      string: '{"collectionId":"subledger:0","contents":"Test entry 2 from Python
        SDK","transactionId":"2.22379"}'
    headers:
      content-length:
      - '98'
      content-type:
      - application/json
      x-ms-ccf-transaction-id:
      - '2.22379'
    status:
      code: 200
      message: OK
- request:
    body: null
    headers:
      Accept:
      - application/json
      Accept-Encoding:
      - gzip, deflate
      Connection:
      - keep-alive
      User-Agent:
      - azsdk-python-confidentialledger/1.0.0 Python/3.8.10 (Linux-5.10.102.1-microsoft-standard-WSL2-x86_64-with-glibc2.29)
    method: GET
    uri: https://fake.confidential-ledger.azure.com/app/transactions/2.22376?api-version=2022-05-13
  response:
    body:
      string: "{\n  \"entry\": {\n    \"collectionId\": \"subledger:0\",\n    \"contents\":
        \"Test entry from Python SDK\",\n    \"transactionId\": \"2.22376\"\n  },\n
        \ \"state\": \"Ready\"\n}"
    headers:
      content-length:
      - '152'
      content-type:
      - application/json
      x-ms-ccf-transaction-id:
      - '2.22379'
    status:
      code: 200
      message: OK
version: 1
