{
  "Entries": [
    {
      "RequestUri": "https://identity.confidential-ledger.core.azure.com/ledgerIdentity/fake?api-version=2022-05-13",
      "RequestMethod": "GET",
      "RequestHeaders": {
        "Accept": "application/json",
        "Accept-Encoding": "gzip, deflate",
        "User-Agent": "azsdk-python-confidentialledger-certificate/1.0.0 Python/3.8.10 (Linux-5.10.102.1-microsoft-standard-WSL2-x86_64-with-glibc2.29)"
      },
      "RequestBody": null,
      "StatusCode": 200,
      "ResponseHeaders": {
        "Content-Type": "application/json; charset=utf-8",
        "Date": "Tue, 16 Aug 2022 20:44:58 GMT",
        "Server": "Kestrel",
        "Transfer-Encoding": "chunked",
        "x-ms-correlation-request-id": "dddb15a4-1a27-415a-843a-c6d833e75ece",
        "x-ms-image-digest": "sha256:9b8d3952372e585a3b21995d9be0c8702fb7ba2ef54ca65392b2562dd2adcc73",
        "x-ms-image-tag": "1.0.02031.28-b60f6adbe3f21e46216336ba378cc34dd0ab86ca",
        "x-ms-machineName": "identityservice-6f96b84df8-wbxmj"
      },
      "ResponseBody": {
        "ledgerTlsCertificate": "-----BEGIN CERTIFICATE-----\nMIIBeTCCASCgAwIBAgIQcTrTRLjb9eOoGTXSvOEgxjAKBggqhkjOPQQDAjAWMRQw\nEgYDVQQDDAtDQ0YgTmV0d29yazAeFw0yMjA2MjcxNjA3MjNaFw0yMjA5MjUxNjA3\nMjJaMBYxFDASBgNVBAMMC0NDRiBOZXR3b3JrMFkwEwYHKoZIzj0CAQYIKoZIzj0D\nAQcDQgAEyn3oh7/D\u002Bm/yuzdWNSEh3ZOupuUiO6U7MIcwiM6RBZ3nsWQHGeVyT0Ai\n\u002B7cYDtPGo/8VRio\u002BBrknl7VALE3q9aNQME4wDAYDVR0TBAUwAwEB/zAdBgNVHQ4E\nFgQUh1gNHgpIlTONmFbFX7HeG1rcT6gwHwYDVR0jBBgwFoAUh1gNHgpIlTONmFbF\nX7HeG1rcT6gwCgYIKoZIzj0EAwIDRwAwRAIgdd7rQszgGJ\u002BjtjuiECigiFxoAvDk\nOPPBwTvMsE8TzsYCIDgYQ1mGHyZ52NXgoxPfqVVFTive8JIsjeQuczMZFq\u002B9\n-----END CERTIFICATE-----\n",
        "ledgerId": "fake"
      }
    },
    {
      "RequestUri": "https://login.microsoftonline.com/72f988bf-86f1-41af-91ab-2d7cd011db47/oauth2/v2.0/token",
      "RequestMethod": "POST",
      "RequestHeaders": {
        "Accept": "*/*",
        "Accept-Encoding": "gzip, deflate",
        "Content-Length": "192",
        "Content-Type": "application/x-www-form-urlencoded",
        "User-Agent": "azsdk-python-identity/1.11.0b2 Python/3.8.10 (Linux-5.10.102.1-microsoft-standard-WSL2-x86_64-with-glibc2.29)"
      },
      "RequestBody": "client_id=ad1ac7bf-b0ea-4c73-9b8d-a3de3fde2b2d\u0026client_secret=9d88Q~P4KI3Oc7wuRN.ngX-Z0uNN8VEObNhL2bUJ\u0026grant_type=client_credentials\u0026scope=https%3A%2F%2Fconfidential-ledger.azure.com%2F.default",
      "StatusCode": 200,
      "ResponseHeaders": {
        "Cache-Control": "no-store, no-cache",
        "Content-Length": "92",
        "Content-Type": "application/json; charset=utf-8",
        "Date": "Tue, 16 Aug 2022 20:44:58 GMT",
        "Expires": "-1",
        "P3P": "CP=\u0022DSP CUR OTPi IND OTRi ONL FIN\u0022",
        "Pragma": "no-cache",
        "Set-Cookie": [
          "fpc=AjTO8mkYUipPhyI6sxuLRUib7eLaAQAAAMv4jdoOAAAA; expires=Thu, 15-Sep-2022 20:44:59 GMT; path=/; secure; HttpOnly; SameSite=None",
          "x-ms-gateway-slice=estsfd; path=/; secure; samesite=none; httponly",
          "stsservicecookie=estsfd; path=/; secure; samesite=none; httponly"
        ],
        "Strict-Transport-Security": "max-age=31536000; includeSubDomains",
        "X-Content-Type-Options": "nosniff",
        "x-ms-ests-server": "2.1.13481.10 - WUS2 ProdSlices",
        "X-XSS-Protection": "0"
      },
      "ResponseBody": {
        "token_type": "Bearer",
        "expires_in": 86399,
        "ext_expires_in": 86399,
        "access_token": "Sanitized"
      }
    },
    {
      "RequestUri": "https://fake.confidential-ledger.azure.com/app/transactions?api-version=2022-05-13",
      "RequestMethod": "POST",
      "RequestHeaders": {
        "Accept": "application/json",
        "Accept-Encoding": "gzip, deflate",
        "Content-Length": "42",
        "Content-Type": "application/json",
        "User-Agent": "azsdk-python-confidentialledger/1.0.1 Python/3.8.10 (Linux-5.10.102.1-microsoft-standard-WSL2-x86_64-with-glibc2.29)"
      },
      "RequestBody": {
        "contents": "Test entry from Python SDK"
      },
      "StatusCode": 200,
      "ResponseHeaders": {
        "Content-Length": "30",
        "Content-Type": "application/json",
        "x-ms-ccf-transaction-id": "8.29637"
      },
      "ResponseBody": {
        "collectionId": "subledger:0"
      }
    },
    {
      "RequestUri": "https://fake.confidential-ledger.azure.com/app/transactions/8.29637/status?api-version=2022-05-13",
      "RequestMethod": "GET",
      "RequestHeaders": {
        "Accept": "application/json",
        "Accept-Encoding": "gzip, deflate",
        "User-Agent": "azsdk-python-confidentialledger/1.0.1 Python/3.8.10 (Linux-5.10.102.1-microsoft-standard-WSL2-x86_64-with-glibc2.29)"
      },
      "RequestBody": null,
      "StatusCode": 200,
      "ResponseHeaders": {
        "Content-Length": "45",
        "Content-Type": "application/json",
        "x-ms-ccf-transaction-id": "8.29638"
      },
      "ResponseBody": {
        "state": "Pending",
        "transactionId": "8.29637"
      }
    },
    {
      "RequestUri": "https://fake.confidential-ledger.azure.com/app/transactions/8.29637/status?api-version=2022-05-13",
      "RequestMethod": "GET",
      "RequestHeaders": {
        "Accept": "application/json",
        "Accept-Encoding": "gzip, deflate",
        "User-Agent": "azsdk-python-confidentialledger/1.0.1 Python/3.8.10 (Linux-5.10.102.1-microsoft-standard-WSL2-x86_64-with-glibc2.29)"
      },
      "RequestBody": null,
      "StatusCode": 200,
      "ResponseHeaders": {
        "Content-Length": "47",
        "Content-Type": "application/json",
        "x-ms-ccf-transaction-id": "8.29638"
      },
      "ResponseBody": {
        "state": "Committed",
        "transactionId": "8.29637"
      }
    },
    {
      "RequestUri": "https://fake.confidential-ledger.azure.com/app/transactions/8.29637/status?api-version=2022-05-13",
      "RequestMethod": "GET",
      "RequestHeaders": {
        "Accept": "application/json",
        "Accept-Encoding": "gzip, deflate",
        "User-Agent": "azsdk-python-confidentialledger/1.0.1 Python/3.8.10 (Linux-5.10.102.1-microsoft-standard-WSL2-x86_64-with-glibc2.29)"
      },
      "RequestBody": null,
      "StatusCode": 200,
      "ResponseHeaders": {
        "Content-Length": "47",
        "Content-Type": "application/json",
        "x-ms-ccf-transaction-id": "8.29638"
      },
      "ResponseBody": {
        "state": "Committed",
        "transactionId": "8.29637"
      }
    },
    {
      "RequestUri": "https://fake.confidential-ledger.azure.com/app/transactions/8.29637/receipt?api-version=2022-05-13",
      "RequestMethod": "GET",
      "RequestHeaders": {
        "Accept": "application/json",
        "Accept-Encoding": "gzip, deflate",
        "User-Agent": "azsdk-python-confidentialledger/1.0.1 Python/3.8.10 (Linux-5.10.102.1-microsoft-standard-WSL2-x86_64-with-glibc2.29)"
      },
      "RequestBody": null,
      "StatusCode": 200,
      "ResponseHeaders": {
        "Content-Length": "66",
        "Content-Type": "application/json",
        "x-ms-ccf-transaction-id": "8.29638"
      },
      "ResponseBody": {
        "receipt": null,
        "state": "Loading",
        "transactionId": ""
      }
    },
    {
      "RequestUri": "https://fake.confidential-ledger.azure.com/app/transactions/8.29637/receipt?api-version=2022-05-13",
      "RequestMethod": "GET",
      "RequestHeaders": {
        "Accept": "application/json",
        "Accept-Encoding": "gzip, deflate",
        "User-Agent": "azsdk-python-confidentialledger/1.0.1 Python/3.8.10 (Linux-5.10.102.1-microsoft-standard-WSL2-x86_64-with-glibc2.29)"
      },
      "RequestBody": null,
      "StatusCode": 200,
      "ResponseHeaders": {
        "Content-Length": "2291",
        "Content-Type": "application/json",
        "x-ms-ccf-transaction-id": "8.29638"
      },
      "ResponseBody": {
        "receipt": {
          "cert": "-----BEGIN CERTIFICATE-----\nMIIByjCCAW\u002BgAwIBAgIQOb9GdN7cGiWTP/lbL3VJXDAKBggqhkjOPQQDAjAWMRQw\nEgYDVQQDDAtDQ0YgTmV0d29yazAeFw0yMjA3MTgyMjM0NDBaFw0yMjEwMTYyMjM0\nMzlaMBMxETAPBgNVBAMMCENDRiBOb2RlMFkwEwYHKoZIzj0CAQYIKoZIzj0DAQcD\nQgAEpYqkAlRx4I20ZY69c7TRGrbV9106\u002Bxq9e1ABpY//k8EC1Hau/TWK5rDfBFka\nWh5c5toXinPIpTk0LUXKFZ6/bqOBoTCBnjAJBgNVHRMEAjAAMB0GA1UdDgQWBBTX\n2Kp5B3Z7iVIyzXPFRVoqDXqdbzAfBgNVHSMEGDAWgBSHWA0eCkiVM42YVsVfsd4b\nWtxPqDBRBgNVHREESjBIhwQK8Bvfgi5seXNoaS1weXRob24tc2RrLmNvbmZpZGVu\ndGlhbC1sZWRnZXIuYXp1cmUuY29tghBseXNoaS1weXRob24tc2RrMAoGCCqGSM49\nBAMCA0kAMEYCIQCBEOhiAVMeLtIABrGSXOpcrHKDrZdQlYo\u002BBWS9UaseygIhAIPT\nKMnFLgDPxT1G33qexgV2lLVJjxC5CLzw5Fh6/hiG\n-----END CERTIFICATE-----\n",
          "is_signature_transaction": false,
          "leaf_components": {
            "claims_digest": "0000000000000000000000000000000000000000000000000000000000000000",
            "commit_evidence": "ce:8.29637:5c3d18e0bcc7a843a7f55a21e1c7891fa4f52b883b12a25a3f5e8810e3aef27b",
            "write_set_digest": "2af9a15f5f5d1c1240d742649006bba83b3d9f68162c24802d52012dff8c44d4"
          },
          "node_id": "8b9273cc406cc8df4021f9ce5149248df6f182c9368a283e9b876c116ea2a2f3",
          "proof": [
            {
              "left": "c2be16f5eaefef61f2935ff9323438a6d0a489147dcd41e37f573292a7597e32"
            },
            {
              "left": "c3d93dfe568a82f41a9af4c5bb1d60f2726bc8043abbe93bd6a263c082eac3fc"
            },
            {
              "left": "4ffbb43c7a7b8bfde27cd4691e2357bb4fa5def5c6e4f453e71d5734be19b964"
            },
            {
              "left": "79d4ac0ed30f24b230d87207ea89ba61b94b712ce4d49e6741f3c9ffb0577b25"
            },
            {
              "left": "554e3967b1888f6c236e474c4b8a797df980cf187e22e710219319e5c761abb5"
            },
            {
              "left": "c59a7696a2b56402fecb333b3bdb48cd650e7072e88bdd3dbc565ebf6ccd725f"
            },
            {
              "left": "dca6f043905cc8fd95ee638c00f7a90cb102071cce6c245bc93d6d7e3f677a15"
            },
            {
              "left": "4ef60c7454994acc00e1ed8d6e97062bf44350e9e1c5478f22abaaf307829d1b"
            },
            {
              "left": "22f26d7be153ca3ba6b6bc87ef972e06dabb9dd43cf44905892890428d4d93d2"
            }
          ],
          "service_endorsements": [],
          "signature": "MEUCIQCE0iZkUnQR3Tap00CMRKLpMw71t6qRj1Ww/u8VVXaFDAIgPW\u002BVALU3JU4cwdPKFWGJd8ND4P/GjLjiAD\u002BdXr9mlqg="
        },
        "state": "Ready",
        "transactionId": "8.29637"
      }
    },
    {
      "RequestUri": "https://fake.confidential-ledger.azure.com/app/transactions/current?api-version=2022-05-13",
      "RequestMethod": "GET",
      "RequestHeaders": {
        "Accept": "application/json",
        "Accept-Encoding": "gzip, deflate",
        "User-Agent": "azsdk-python-confidentialledger/1.0.1 Python/3.8.10 (Linux-5.10.102.1-microsoft-standard-WSL2-x86_64-with-glibc2.29)"
      },
      "RequestBody": null,
      "StatusCode": 200,
      "ResponseHeaders": {
        "Content-Length": "96",
        "Content-Type": "application/json",
        "x-ms-ccf-transaction-id": "8.29638"
      },
      "ResponseBody": {
        "collectionId": "subledger:0",
        "contents": "Test entry from Python SDK",
        "transactionId": "8.29638"
      }
    },
    {
      "RequestUri": "https://fake.confidential-ledger.azure.com/app/transactions?api-version=2022-05-13",
      "RequestMethod": "POST",
      "RequestHeaders": {
        "Accept": "application/json",
        "Accept-Encoding": "gzip, deflate",
        "Content-Length": "44",
        "Content-Type": "application/json",
        "User-Agent": "azsdk-python-confidentialledger/1.0.1 Python/3.8.10 (Linux-5.10.102.1-microsoft-standard-WSL2-x86_64-with-glibc2.29)"
      },
      "RequestBody": {
        "contents": "Test entry 2 from Python SDK"
      },
      "StatusCode": 200,
      "ResponseHeaders": {
        "Content-Length": "30",
        "Content-Type": "application/json",
        "x-ms-ccf-transaction-id": "8.29639"
      },
      "ResponseBody": {
        "collectionId": "subledger:0"
      }
    },
    {
      "RequestUri": "https://fake.confidential-ledger.azure.com/app/transactions/8.29639/status?api-version=2022-05-13",
      "RequestMethod": "GET",
      "RequestHeaders": {
        "Accept": "application/json",
        "Accept-Encoding": "gzip, deflate",
        "User-Agent": "azsdk-python-confidentialledger/1.0.1 Python/3.8.10 (Linux-5.10.102.1-microsoft-standard-WSL2-x86_64-with-glibc2.29)"
      },
      "RequestBody": null,
      "StatusCode": 200,
      "ResponseHeaders": {
        "Content-Length": "47",
        "Content-Type": "application/json",
        "x-ms-ccf-transaction-id": "8.29640"
      },
      "ResponseBody": {
        "state": "Committed",
        "transactionId": "8.29639"
      }
    },
    {
      "RequestUri": "https://fake.confidential-ledger.azure.com/app/transactions/current?api-version=2022-05-13",
      "RequestMethod": "GET",
      "RequestHeaders": {
        "Accept": "application/json",
        "Accept-Encoding": "gzip, deflate",
        "User-Agent": "azsdk-python-confidentialledger/1.0.1 Python/3.8.10 (Linux-5.10.102.1-microsoft-standard-WSL2-x86_64-with-glibc2.29)"
      },
      "RequestBody": null,
      "StatusCode": 200,
      "ResponseHeaders": {
        "Content-Length": "98",
        "Content-Type": "application/json",
        "x-ms-ccf-transaction-id": "8.29640"
      },
      "ResponseBody": {
        "collectionId": "subledger:0",
        "contents": "Test entry 2 from Python SDK",
        "transactionId": "8.29640"
      }
    },
    {
      "RequestUri": "https://fake.confidential-ledger.azure.com/app/transactions/8.29637?api-version=2022-05-13",
      "RequestMethod": "GET",
      "RequestHeaders": {
        "Accept": "application/json",
        "Accept-Encoding": "gzip, deflate",
        "User-Agent": "azsdk-python-confidentialledger/1.0.1 Python/3.8.10 (Linux-5.10.102.1-microsoft-standard-WSL2-x86_64-with-glibc2.29)"
      },
      "RequestBody": null,
      "StatusCode": 200,
      "ResponseHeaders": {
        "Content-Length": "152",
        "Content-Type": "application/json",
        "x-ms-ccf-transaction-id": "8.29640"
      },
      "ResponseBody": {
        "entry": {
          "collectionId": "subledger:0",
          "contents": "Test entry from Python SDK",
          "transactionId": "8.29637"
        },
        "state": "Ready"
      }
    }
  ],
  "Variables": {}
}
