interactions:
- request:
    body: '{"contents": "Test entry from Python SDK"}'
    headers:
      Accept:
      - application/json
      Content-Length:
      - '42'
      Content-Type:
      - application/json
      User-Agent:
      - azsdk-python-confidentialledger/1.0.0b1 Python/3.9.1 (macOS-10.16-x86_64-i386-64bit)
    method: POST
    uri: https://fake-confidential-ledger.azure.com/app/transactions?api-version=0.1-preview
  response:
    body:
      string: '{"subLedgerId":"subledger:0"}'
    headers:
      content-length: '29'
      content-type: application/json
      x-ms-ccf-transaction-id: '7.7012'
    status:
      code: 200
      message: OK
    url: https://sdk-test-ledger-prod.eastus.cloudapp.azure.com/app/transactions?api-version=0.1-preview
- request:
    body: null
    headers:
      Accept:
      - application/json
      User-Agent:
      - azsdk-python-confidentialledger/1.0.0b1 Python/3.9.1 (macOS-10.16-x86_64-i386-64bit)
    method: GET
    uri: https://fake-confidential-ledger.azure.com/app/transactions/7.7012/status?api-version=0.1-preview
  response:
    body:
      string: '{"state":"Pending","transactionId":"7.7012"}'
    headers:
      content-length: '44'
      content-type: application/json
      x-ms-ccf-transaction-id: '7.7012'
    status:
      code: 200
      message: OK
    url: https://sdk-test-ledger-prod.eastus.cloudapp.azure.com/app/transactions/7.7012/status?api-version=0.1-preview
- request:
    body: null
    headers:
      Accept:
      - application/json
      User-Agent:
      - azsdk-python-confidentialledger/1.0.0b1 Python/3.9.1 (macOS-10.16-x86_64-i386-64bit)
    method: GET
    uri: https://fake-confidential-ledger.azure.com/app/transactions/7.7012/status?api-version=0.1-preview
  response:
    body:
      string: '{"state":"Pending","transactionId":"7.7012"}'
    headers:
      content-length: '44'
      content-type: application/json
      x-ms-ccf-transaction-id: '7.7013'
    status:
      code: 200
      message: OK
    url: https://sdk-test-ledger-prod.eastus.cloudapp.azure.com/app/transactions/7.7012/status?api-version=0.1-preview
- request:
    body: null
    headers:
      Accept:
      - application/json
      User-Agent:
      - azsdk-python-confidentialledger/1.0.0b1 Python/3.9.1 (macOS-10.16-x86_64-i386-64bit)
    method: GET
    uri: https://fake-confidential-ledger.azure.com/app/transactions/7.7012/status?api-version=0.1-preview
  response:
    body:
      string: '{"state":"Committed","transactionId":"7.7012"}'
    headers:
      content-length: '46'
      content-type: application/json
      x-ms-ccf-transaction-id: '7.7013'
    status:
      code: 200
      message: OK
    url: https://sdk-test-ledger-prod.eastus.cloudapp.azure.com/app/transactions/7.7012/status?api-version=0.1-preview
- request:
    body: null
    headers:
      Accept:
      - application/json
      User-Agent:
      - azsdk-python-confidentialledger/1.0.0b1 Python/3.9.1 (macOS-10.16-x86_64-i386-64bit)
    method: GET
    uri: https://fake-confidential-ledger.azure.com/app/transactions/7.7012/status?api-version=0.1-preview
  response:
    body:
      string: '{"state":"Committed","transactionId":"7.7012"}'
    headers:
      content-length: '46'
      content-type: application/json
      x-ms-ccf-transaction-id: '7.7013'
    status:
      code: 200
      message: OK
    url: https://sdk-test-ledger-prod.eastus.cloudapp.azure.com/app/transactions/7.7012/status?api-version=0.1-preview
- request:
    body: null
    headers:
      Accept:
      - application/json
      User-Agent:
      - azsdk-python-confidentialledger/1.0.0b1 Python/3.9.1 (macOS-10.16-x86_64-i386-64bit)
    method: GET
    uri: https://fake-confidential-ledger.azure.com/app/transactions/7.7012/receipt?api-version=0.1-preview
  response:
    body:
      string: "{\n  \"receipt\": {\n    \"leaf\": \"\",\n    \"node_id\": \"\",\n
        \   \"proof\": [],\n    \"root\": \"\",\n    \"signature\": \"\"\n  },\n  \"state\":
        \"Loading\",\n  \"transactionId\": \"\"\n}"
    headers:
      content-length: '155'
      content-type: application/json
      x-ms-ccf-transaction-id: '7.7013'
    status:
      code: 200
      message: OK
    url: https://sdk-test-ledger-prod.eastus.cloudapp.azure.com/app/transactions/7.7012/receipt?api-version=0.1-preview
- request:
    body: null
    headers:
      Accept:
      - application/json
      User-Agent:
      - azsdk-python-confidentialledger/1.0.0b1 Python/3.9.1 (macOS-10.16-x86_64-i386-64bit)
    method: GET
    uri: https://fake-confidential-ledger.azure.com/app/transactions/7.7012/receipt?api-version=0.1-preview
  response:
    body:
      string: "{\n  \"receipt\": {\n    \"leaf\": \"\",\n    \"node_id\": \"\",\n
        \   \"proof\": [],\n    \"root\": \"\",\n    \"signature\": \"\"\n  },\n  \"state\":
        \"Loading\",\n  \"transactionId\": \"\"\n}"
    headers:
      content-length: '155'
      content-type: application/json
      x-ms-ccf-transaction-id: '7.7013'
    status:
      code: 200
      message: OK
    url: https://sdk-test-ledger-prod.eastus.cloudapp.azure.com/app/transactions/7.7012/receipt?api-version=0.1-preview
- request:
    body: null
    headers:
      Accept:
      - application/json
      User-Agent:
      - azsdk-python-confidentialledger/1.0.0b1 Python/3.9.1 (macOS-10.16-x86_64-i386-64bit)
    method: GET
    uri: https://fake-confidential-ledger.azure.com/app/transactions/7.7012/receipt?api-version=0.1-preview
  response:
    body:
      string: "{\n  \"receipt\": {\n    \"leaf\": \"\",\n    \"node_id\": \"\",\n
        \   \"proof\": [],\n    \"root\": \"\",\n    \"signature\": \"\"\n  },\n  \"state\":
        \"Loading\",\n  \"transactionId\": \"\"\n}"
    headers:
      content-length: '155'
      content-type: application/json
      x-ms-ccf-transaction-id: '7.7013'
    status:
      code: 200
      message: OK
    url: https://sdk-test-ledger-prod.eastus.cloudapp.azure.com/app/transactions/7.7012/receipt?api-version=0.1-preview
- request:
    body: null
    headers:
      Accept:
      - application/json
      User-Agent:
      - azsdk-python-confidentialledger/1.0.0b1 Python/3.9.1 (macOS-10.16-x86_64-i386-64bit)
    method: GET
    uri: https://fake-confidential-ledger.azure.com/app/transactions/7.7012/receipt?api-version=0.1-preview
  response:
    body:
      string: "{\n  \"receipt\": {\n    \"leaf\": \"097fbad53573a9e7ca5b3985baff6fbfd53efdc6ad9f7b2c56c200ff11eb6325\",\n
        \   \"node_id\": \"cda0fa96a7916caafd144ea4b3d4188b197cff605b32416a3b47c1c69aeff594\",\n
        \   \"proof\": [\n      {\n        \"left\": \"47077522ce2b6f845695fee897d5fad3cd8be992335415f99ddf5ae057cc17ef\"\n
        \     },\n      {\n        \"left\": \"cef31e6489f9333b81624dd83e6fbb2651897828a3da779b4ce0d11d76a15b14\"\n
        \     },\n      {\n        \"left\": \"3269a4bbd6d0009496172f43fb5c8a9efe7ed527a0dac8138e071379383a8522\"\n
        \     },\n      {\n        \"left\": \"a616b36ce5c4e8dbfa4d6d52dd86ac3c1b96ca6f5f3be245c9cf9347e83b5cb2\"\n
        \     },\n      {\n        \"left\": \"c6253bd03349c63196abeafa91541a0c5d632996755c5cb787f2e2bc0d7ea4a3\"\n
        \     },\n      {\n        \"left\": \"e12ff23ac315e6aa5feab6a3981d255f85c8dfe11c2bf29b728943629588dc38\"\n
        \     },\n      {\n        \"left\": \"faa23799b69afeafb4ae28a81f6a324da68e85fcf880559f9ef2ca9dd017f83f\"\n
        \     }\n    ],\n    \"root\": \"581e2e4955247a38192734325eaf26f0a854abce9b7945879a0dc5d0b16cc48a\",\n
        \   \"signature\": \"MGQCMHEIeg3EN8dyA/tAQxHqnVq0AYVa0PnDM5pPijMFQf0bKt+iooOk935L+bpWDiK2VAIwdASahGAgLr6NUTepQY8iSgBTL6b6+pzqu1JlOp4AMIvKX7KRT9eIqGXuIO83lcXA\"\n
        \ },\n  \"state\": \"Ready\",\n  \"transactionId\": \"7.7012\"\n}"
    headers:
      content-length: '1191'
      content-type: application/json
      x-ms-ccf-transaction-id: '7.7013'
    status:
      code: 200
      message: OK
    url: https://sdk-test-ledger-prod.eastus.cloudapp.azure.com/app/transactions/7.7012/receipt?api-version=0.1-preview
- request:
    body: null
    headers:
      Accept:
      - application/json
      User-Agent:
      - azsdk-python-confidentialledger/1.0.0b1 Python/3.9.1 (macOS-10.16-x86_64-i386-64bit)
    method: GET
    uri: https://fake-confidential-ledger.azure.com/app/transactions/current?api-version=0.1-preview
  response:
    body:
      string: '{"contents":"Test entry from Python SDK","subLedgerId":"subledger:0","transactionId":"7.7013"}'
    headers:
      content-length: '94'
      content-type: application/json
      x-ms-ccf-transaction-id: '7.7013'
    status:
      code: 200
      message: OK
    url: https://sdk-test-ledger-prod.eastus.cloudapp.azure.com/app/transactions/current?api-version=0.1-preview
- request:
    body: '{"contents": "Test entry 2 from Python SDK"}'
    headers:
      Accept:
      - application/json
      Content-Length:
      - '44'
      Content-Type:
      - application/json
      User-Agent:
      - azsdk-python-confidentialledger/1.0.0b1 Python/3.9.1 (macOS-10.16-x86_64-i386-64bit)
    method: POST
    uri: https://fake-confidential-ledger.azure.com/app/transactions?api-version=0.1-preview
  response:
    body:
      string: '{"subLedgerId":"subledger:0"}'
    headers:
      content-length: '29'
      content-type: application/json
      x-ms-ccf-transaction-id: '7.7014'
    status:
      code: 200
      message: OK
    url: https://sdk-test-ledger-prod.eastus.cloudapp.azure.com/app/transactions?api-version=0.1-preview
- request:
    body: null
    headers:
      Accept:
      - application/json
      User-Agent:
      - azsdk-python-confidentialledger/1.0.0b1 Python/3.9.1 (macOS-10.16-x86_64-i386-64bit)
    method: GET
    uri: https://fake-confidential-ledger.azure.com/app/transactions/7.7014/status?api-version=0.1-preview
  response:
    body:
      string: '{"state":"Pending","transactionId":"7.7014"}'
    headers:
      content-length: '44'
      content-type: application/json
      x-ms-ccf-transaction-id: '7.7014'
    status:
      code: 200
      message: OK
    url: https://sdk-test-ledger-prod.eastus.cloudapp.azure.com/app/transactions/7.7014/status?api-version=0.1-preview
- request:
    body: null
    headers:
      Accept:
      - application/json
      User-Agent:
      - azsdk-python-confidentialledger/1.0.0b1 Python/3.9.1 (macOS-10.16-x86_64-i386-64bit)
    method: GET
    uri: https://fake-confidential-ledger.azure.com/app/transactions/7.7014/status?api-version=0.1-preview
  response:
    body:
      string: '{"state":"Committed","transactionId":"7.7014"}'
    headers:
      content-length: '46'
      content-type: application/json
      x-ms-ccf-transaction-id: '7.7015'
    status:
      code: 200
      message: OK
    url: https://sdk-test-ledger-prod.eastus.cloudapp.azure.com/app/transactions/7.7014/status?api-version=0.1-preview
- request:
    body: null
    headers:
      Accept:
      - application/json
      User-Agent:
      - azsdk-python-confidentialledger/1.0.0b1 Python/3.9.1 (macOS-10.16-x86_64-i386-64bit)
    method: GET
    uri: https://fake-confidential-ledger.azure.com/app/transactions/current?api-version=0.1-preview
  response:
    body:
      string: '{"contents":"Test entry 2 from Python SDK","subLedgerId":"subledger:0","transactionId":"7.7015"}'
    headers:
      content-length: '96'
      content-type: application/json
      x-ms-ccf-transaction-id: '7.7015'
    status:
      code: 200
      message: OK
    url: https://sdk-test-ledger-prod.eastus.cloudapp.azure.com/app/transactions/current?api-version=0.1-preview
- request:
    body: null
    headers:
      Accept:
      - application/json
      User-Agent:
      - azsdk-python-confidentialledger/1.0.0b1 Python/3.9.1 (macOS-10.16-x86_64-i386-64bit)
    method: GET
    uri: https://fake-confidential-ledger.azure.com/app/transactions/7.7012?api-version=0.1-preview
  response:
    body:
      string: "{\n  \"entry\": {\n    \"contents\": \"Test entry from Python SDK\",\n
        \   \"subLedgerId\": \"subledger:0\",\n    \"transactionId\": \"7.7012\"\n
        \ },\n  \"state\": \"Ready\"\n}"
    headers:
      content-length: '150'
      content-type: application/json
      x-ms-ccf-transaction-id: '7.7015'
    status:
      code: 200
      message: OK
    url: https://sdk-test-ledger-prod.eastus.cloudapp.azure.com/app/transactions/7.7012?api-version=0.1-preview
version: 1
