interactions:
- request:
    body: '{"assignedRole": "Administrator"}'
    headers:
      Accept:
      - application/json
      Content-Length:
      - '33'
      Content-Type:
      - application/json
      User-Agent:
      - azsdk-python-confidentialledger/0.1 Python/3.8.5 (Linux-5.4.72-microsoft-standard-WSL2-x86_64-with-glibc2.29)
    method: PATCH
    uri: https://fake-confidential-ledger.azure.com/app/users/aaaaaaaaaaaaaaaaaaaaaaaaaaaaaaaaaaaa?api-version=0.1-preview
  response:
    body:
      string: '{"assignedRole":"Administrator","userId":"aaaaaaaaaaaaaaaaaaaaaaaaaaaaaaaaaaaa"}'
    headers:
      content-length: '80'
      content-type: application/json
      x-ms-ccf-transaction-id: '2.2645'
    status:
      code: 200
      message: OK
    url: https://lyshi-sdk-ledger-2.eastus.cloudapp.azure.com/app/users/e76336f1-cae2-492f-84bc-bfcbb6503c9b?api-version=0.1-preview
- request:
    body: '{"contents": "Test entry from Python SDK"}'
    headers:
      Accept:
      - application/json
      Content-Length:
      - '42'
      Content-Type:
      - application/json
      User-Agent:
      - azsdk-python-confidentialledger/0.1 Python/3.8.5 (Linux-5.4.72-microsoft-standard-WSL2-x86_64-with-glibc2.29)
    method: POST
    uri: https://fake-confidential-ledger.azure.com/app/transactions?api-version=0.1-preview
  response:
    body:
      string: '{"subLedgerId":"subledger:0"}'
    headers:
      content-length: '29'
      content-type: application/json
      x-ms-ccf-transaction-id: '2.2646'
    status:
      code: 200
      message: OK
    url: https://lyshi-sdk-ledger-2.eastus.cloudapp.azure.com/app/transactions?api-version=0.1-preview
- request:
    body: null
    headers:
      Accept:
      - application/json
      User-Agent:
      - azsdk-python-confidentialledger/0.1 Python/3.8.5 (Linux-5.4.72-microsoft-standard-WSL2-x86_64-with-glibc2.29)
    method: GET
    uri: https://fake-confidential-ledger.azure.com/app/transactions/2.2646/status?api-version=0.1-preview
  response:
    body:
      string: '{"state":"Pending","transactionId":"2.2646"}'
    headers:
      content-length: '44'
      content-type: application/json
      x-ms-ccf-transaction-id: '2.2647'
    status:
      code: 200
      message: OK
    url: https://lyshi-sdk-ledger-2.eastus.cloudapp.azure.com/app/transactions/2.2646/status?api-version=0.1-preview
- request:
    body: null
    headers:
      Accept:
      - application/json
      User-Agent:
      - azsdk-python-confidentialledger/0.1 Python/3.8.5 (Linux-5.4.72-microsoft-standard-WSL2-x86_64-with-glibc2.29)
    method: GET
    uri: https://fake-confidential-ledger.azure.com/app/transactions/2.2646/status?api-version=0.1-preview
  response:
    body:
      string: '{"state":"Committed","transactionId":"2.2646"}'
    headers:
      content-length: '46'
      content-type: application/json
      x-ms-ccf-transaction-id: '2.2647'
    status:
      code: 200
      message: OK
    url: https://lyshi-sdk-ledger-2.eastus.cloudapp.azure.com/app/transactions/2.2646/status?api-version=0.1-preview
- request:
    body: null
    headers:
      Accept:
      - application/json
      User-Agent:
      - azsdk-python-confidentialledger/0.1 Python/3.8.5 (Linux-5.4.72-microsoft-standard-WSL2-x86_64-with-glibc2.29)
    method: GET
    uri: https://fake-confidential-ledger.azure.com/app/transactions/2.2646/status?api-version=0.1-preview
  response:
    body:
      string: '{"state":"Committed","transactionId":"2.2646"}'
    headers:
      content-length: '46'
      content-type: application/json
      x-ms-ccf-transaction-id: '2.2647'
    status:
      code: 200
      message: OK
    url: https://lyshi-sdk-ledger-2.eastus.cloudapp.azure.com/app/transactions/2.2646/status?api-version=0.1-preview
- request:
    body: null
    headers:
      Accept:
      - application/json
      User-Agent:
      - azsdk-python-confidentialledger/0.1 Python/3.8.5 (Linux-5.4.72-microsoft-standard-WSL2-x86_64-with-glibc2.29)
    method: GET
    uri: https://fake-confidential-ledger.azure.com/app/transactions/2.2646/receipt?api-version=0.1-preview
  response:
    body:
      string: "{\n  \"receipt\": {\n    \"leaf\": \"\",\n    \"node_id\": \"\",\n
        \   \"proof\": [],\n    \"root\": \"\",\n    \"signature\": \"\"\n  },\n  \"state\":
        \"Loading\",\n  \"transactionId\": \"\"\n}"
    headers:
      content-length: '155'
      content-type: application/json
      x-ms-ccf-transaction-id: '2.2647'
    status:
      code: 200
      message: OK
    url: https://lyshi-sdk-ledger-2.eastus.cloudapp.azure.com/app/transactions/2.2646/receipt?api-version=0.1-preview
- request:
    body: null
    headers:
      Accept:
      - application/json
      User-Agent:
      - azsdk-python-confidentialledger/0.1 Python/3.8.5 (Linux-5.4.72-microsoft-standard-WSL2-x86_64-with-glibc2.29)
    method: GET
    uri: https://fake-confidential-ledger.azure.com/app/transactions/2.2646/receipt?api-version=0.1-preview
  response:
    body:
      string: "{\n  \"receipt\": {\n    \"leaf\": \"310724aa26dedb3e905f3b94a936ddde007b5f128eaa10bc2077fa8abc54332e\",\n
        \   \"node_id\": \"d115c6b83f3728dea4daec1f51a7d0bfc23d9d240d013d6b09ff5c63256599ba\",\n
        \   \"proof\": [\n      {\n        \"left\": \"1aaa8114ca340217d87f42cc41cb28dd7480f053091ffb4c0c84a6c25cd5f47f\"\n
        \     },\n      {\n        \"left\": \"32203f6b82ddad1d4e6dcb4a8cf5f03c64ebbf151563dc31059ee4bb163f5ec1\"\n
        \     },\n      {\n        \"left\": \"91dcb7de256d11936920ff50b0f1c63eb5667f5aefef1770de1d3ea83a3ad65d\"\n
        \     },\n      {\n        \"left\": \"1ddba226bc03dd7bbb3be565b0a0fec88847e667e5f8cf2f6a4277cac20104e0\"\n
        \     },\n      {\n        \"left\": \"d2cee43d84a9c3ba987f637ae7f4266bcfd0107d2454c8200f6b714542ebc4e7\"\n
        \     },\n      {\n        \"left\": \"01e69f16f3a40f63965958e28c47796990ccb0ceb8b44d10de291987ffe2bc4d\"\n
        \     }\n    ],\n    \"root\": \"d9f14fed4fc51c4b6e0fb26d6e8b41222d08b3c3b508415684c6cf39bc7b3cae\",\n
        \   \"signature\": \"MGYCMQDM6N2N1SJOkN/v4I0eleBaxylH1Ib6zHhbIjBZIQrnvDJ7ZqSUfLY0GvK4qSrckdMCMQDI3M1UrCSxpGsIuIWxu/+qSQk51Qjq4pjVb23ya3qLemfno2Q2f1IGwYkg3QGv5XY=\"\n
        \ },\n  \"state\": \"Ready\",\n  \"transactionId\": \"2.2646\"\n}"
    headers:
      content-length: '1095'
      content-type: application/json
      x-ms-ccf-transaction-id: '2.2647'
    status:
      code: 200
      message: OK
    url: https://lyshi-sdk-ledger-2.eastus.cloudapp.azure.com/app/transactions/2.2646/receipt?api-version=0.1-preview
- request:
    body: null
    headers:
      Accept:
      - application/json
      User-Agent:
      - azsdk-python-confidentialledger/0.1 Python/3.8.5 (Linux-5.4.72-microsoft-standard-WSL2-x86_64-with-glibc2.29)
    method: GET
    uri: https://fake-confidential-ledger.azure.com/app/transactions/current?api-version=0.1-preview
  response:
    body:
      string: '{"contents":"Test entry from Python SDK","subLedgerId":"subledger:0","transactionId":"2.2647"}'
    headers:
      content-length: '94'
      content-type: application/json
      x-ms-ccf-transaction-id: '2.2647'
    status:
      code: 200
      message: OK
    url: https://lyshi-sdk-ledger-2.eastus.cloudapp.azure.com/app/transactions/current?api-version=0.1-preview
- request:
    body: '{"contents": "Test entry 2 from Python SDK"}'
    headers:
      Accept:
      - application/json
      Content-Length:
      - '44'
      Content-Type:
      - application/json
      User-Agent:
      - azsdk-python-confidentialledger/0.1 Python/3.8.5 (Linux-5.4.72-microsoft-standard-WSL2-x86_64-with-glibc2.29)
    method: POST
    uri: https://fake-confidential-ledger.azure.com/app/transactions?api-version=0.1-preview
  response:
    body:
      string: '{"subLedgerId":"subledger:0"}'
    headers:
      content-length: '29'
      content-type: application/json
      x-ms-ccf-transaction-id: '2.2648'
    status:
      code: 200
      message: OK
    url: https://lyshi-sdk-ledger-2.eastus.cloudapp.azure.com/app/transactions?api-version=0.1-preview
- request:
    body: null
    headers:
      Accept:
      - application/json
      User-Agent:
      - azsdk-python-confidentialledger/0.1 Python/3.8.5 (Linux-5.4.72-microsoft-standard-WSL2-x86_64-with-glibc2.29)
    method: GET
    uri: https://fake-confidential-ledger.azure.com/app/transactions/2.2648/status?api-version=0.1-preview
  response:
    body:
      string: '{"state":"Pending","transactionId":"2.2648"}'
    headers:
      content-length: '44'
      content-type: application/json
      x-ms-ccf-transaction-id: '2.2649'
    status:
      code: 200
      message: OK
    url: https://lyshi-sdk-ledger-2.eastus.cloudapp.azure.com/app/transactions/2.2648/status?api-version=0.1-preview
- request:
    body: null
    headers:
      Accept:
      - application/json
      User-Agent:
      - azsdk-python-confidentialledger/0.1 Python/3.8.5 (Linux-5.4.72-microsoft-standard-WSL2-x86_64-with-glibc2.29)
    method: GET
    uri: https://fake-confidential-ledger.azure.com/app/transactions/2.2648/status?api-version=0.1-preview
  response:
    body:
      string: '{"state":"Committed","transactionId":"2.2648"}'
    headers:
      content-length: '46'
      content-type: application/json
      x-ms-ccf-transaction-id: '2.2649'
    status:
      code: 200
      message: OK
    url: https://lyshi-sdk-ledger-2.eastus.cloudapp.azure.com/app/transactions/2.2648/status?api-version=0.1-preview
- request:
    body: null
    headers:
      Accept:
      - application/json
      User-Agent:
      - azsdk-python-confidentialledger/0.1 Python/3.8.5 (Linux-5.4.72-microsoft-standard-WSL2-x86_64-with-glibc2.29)
    method: GET
    uri: https://fake-confidential-ledger.azure.com/app/transactions/current?api-version=0.1-preview
  response:
    body:
      string: '{"contents":"Test entry 2 from Python SDK","subLedgerId":"subledger:0","transactionId":"2.2649"}'
    headers:
      content-length: '96'
      content-type: application/json
      x-ms-ccf-transaction-id: '2.2649'
    status:
      code: 200
      message: OK
    url: https://lyshi-sdk-ledger-2.eastus.cloudapp.azure.com/app/transactions/current?api-version=0.1-preview
- request:
    body: null
    headers:
      Accept:
      - application/json
      User-Agent:
      - azsdk-python-confidentialledger/0.1 Python/3.8.5 (Linux-5.4.72-microsoft-standard-WSL2-x86_64-with-glibc2.29)
    method: GET
    uri: https://fake-confidential-ledger.azure.com/app/transactions/2.2646?api-version=0.1-preview
  response:
    body:
      string: "{\n  \"entry\": {\n    \"contents\": \"Test entry from Python SDK\",\n
        \   \"subLedgerId\": \"subledger:0\",\n    \"transactionId\": \"2.2646\"\n
        \ },\n  \"state\": \"Ready\"\n}"
    headers:
      content-length: '150'
      content-type: application/json
      x-ms-ccf-transaction-id: '2.2649'
    status:
      code: 200
      message: OK
    url: https://lyshi-sdk-ledger-2.eastus.cloudapp.azure.com/app/transactions/2.2646?api-version=0.1-preview
version: 1
