interactions:
- request:
    body: null
    headers:
      Accept:
      - application/json
      Accept-Encoding:
      - gzip, deflate
      Connection:
      - keep-alive
      User-Agent:
      - azsdk-python-confidentialledger-identity-service/1.0.0 Python/3.8.10 (Linux-5.10.102.1-microsoft-standard-WSL2-x86_64-with-glibc2.29)
    method: GET
    uri: https://identity.confidential-ledger.core.azure.com/ledgerIdentity/fake?api-version=2022-05-13
  response:
    body:
      string: '{"ledgerTlsCertificate":"-----BEGIN CERTIFICATE-----\nMIIBeTCCASCgAwIBAgIQcTrTRLjb9eOoGTXSvOEgxjAKBggqhkjOPQQDAjAWMRQw\nEgYDVQQDDAtDQ0YgTmV0d29yazAeFw0yMjA2MjcxNjA3MjNaFw0yMjA5MjUxNjA3\nMjJaMBYxFDASBgNVBAMMC0NDRiBOZXR3b3JrMFkwEwYHKoZIzj0CAQYIKoZIzj0D\nAQcDQgAEyn3oh7/D+m/yuzdWNSEh3ZOupuUiO6U7MIcwiM6RBZ3nsWQHGeVyT0Ai\n+7cYDtPGo/8VRio+Brknl7VALE3q9aNQME4wDAYDVR0TBAUwAwEB/zAdBgNVHQ4E\nFgQUh1gNHgpIlTONmFbFX7HeG1rcT6gwHwYDVR0jBBgwFoAUh1gNHgpIlTONmFbF\nX7HeG1rcT6gwCgYIKoZIzj0EAwIDRwAwRAIgdd7rQszgGJ+jtjuiECigiFxoAvDk\nOPPBwTvMsE8TzsYCIDgYQ1mGHyZ52NXgoxPfqVVFTive8JIsjeQuczMZFq+9\n-----END
        CERTIFICATE-----\n","ledgerId":"fake"}'
    headers:
      content-type:
      - application/json; charset=utf-8
      date:
      - Thu, 30 Jun 2022 22:31:36 GMT
      server:
      - Kestrel
      transfer-encoding:
      - chunked
      x-ms-image-digest:
      - sha256:7a76c9097c3450987501c23e71a3e16b89f727059ab6de727807ac97b808810e
      x-ms-image-tag:
      - 1.0.01999.541-e02672ed644876c9cf10c5494e0203a0dc9da070
      x-ms-machinename:
      - identityservice-6499ffbf45-jh62d
    status:
      code: 200
      message: OK
- request:
    body: '{"contents": "Test entry from Python SDK. Collection: 132"}'
    headers:
      Accept:
      - application/json
      Accept-Encoding:
      - gzip, deflate
      Connection:
      - keep-alive
      Content-Length:
      - '59'
      Content-Type:
      - application/json
      User-Agent:
      - azsdk-python-confidentialledger/1.0.0 Python/3.8.10 (Linux-5.10.102.1-microsoft-standard-WSL2-x86_64-with-glibc2.29)
    method: POST
    uri: https://fake.confidential-ledger.azure.com/app/transactions?api-version=2022-05-13&collectionId=132
  response:
    body:
      string: '{"collectionId":"132"}'
    headers:
      content-length:
      - '22'
      content-type:
      - application/json
      x-ms-ccf-transaction-id:
      - '4.22977'
    status:
      code: 200
      message: OK
- request:
    body: null
    headers:
      Accept:
      - application/json
      Accept-Encoding:
      - gzip, deflate
      Connection:
      - keep-alive
      User-Agent:
      - azsdk-python-confidentialledger/1.0.0 Python/3.8.10 (Linux-5.10.102.1-microsoft-standard-WSL2-x86_64-with-glibc2.29)
    method: GET
    uri: https://fake.confidential-ledger.azure.com/app/transactions/4.22977/status?api-version=2022-05-13
  response:
    body:
      string: '{"state":"Pending","transactionId":"4.22977"}'
    headers:
      content-length:
      - '45'
      content-type:
      - application/json
      x-ms-ccf-transaction-id:
      - '4.22978'
    status:
      code: 200
      message: OK
- request:
    body: null
    headers:
      Accept:
      - application/json
      Accept-Encoding:
      - gzip, deflate
      Connection:
      - keep-alive
      User-Agent:
      - azsdk-python-confidentialledger/1.0.0 Python/3.8.10 (Linux-5.10.102.1-microsoft-standard-WSL2-x86_64-with-glibc2.29)
    method: GET
    uri: https://fake.confidential-ledger.azure.com/app/transactions/4.22977/status?api-version=2022-05-13
  response:
    body:
      string: '{"state":"Committed","transactionId":"4.22977"}'
    headers:
      content-length:
      - '47'
      content-type:
      - application/json
      x-ms-ccf-transaction-id:
      - '4.22978'
    status:
      code: 200
      message: OK
- request:
    body: null
    headers:
      Accept:
      - application/json
      Accept-Encoding:
      - gzip, deflate
      Connection:
      - keep-alive
      User-Agent:
      - azsdk-python-confidentialledger/1.0.0 Python/3.8.10 (Linux-5.10.102.1-microsoft-standard-WSL2-x86_64-with-glibc2.29)
    method: GET
    uri: https://fake.confidential-ledger.azure.com/app/transactions/4.22977/status?api-version=2022-05-13
  response:
    body:
      string: '{"state":"Committed","transactionId":"4.22977"}'
    headers:
      content-length:
      - '47'
      content-type:
      - application/json
      x-ms-ccf-transaction-id:
      - '4.22978'
    status:
      code: 200
      message: OK
- request:
    body: null
    headers:
      Accept:
      - application/json
      Accept-Encoding:
      - gzip, deflate
      Connection:
      - keep-alive
      User-Agent:
      - azsdk-python-confidentialledger/1.0.0 Python/3.8.10 (Linux-5.10.102.1-microsoft-standard-WSL2-x86_64-with-glibc2.29)
    method: GET
    uri: https://fake.confidential-ledger.azure.com/app/transactions/4.22977/receipt?api-version=2022-05-13
  response:
    body:
      string: "{\n  \"receipt\": null,\n  \"state\": \"Loading\",\n  \"transactionId\":
        \"\"\n}"
    headers:
      content-length:
      - '66'
      content-type:
      - application/json
      x-ms-ccf-transaction-id:
      - '4.22978'
    status:
      code: 200
      message: OK
- request:
    body: null
    headers:
      Accept:
      - application/json
      Accept-Encoding:
      - gzip, deflate
      Connection:
      - keep-alive
      User-Agent:
      - azsdk-python-confidentialledger/1.0.0 Python/3.8.10 (Linux-5.10.102.1-microsoft-standard-WSL2-x86_64-with-glibc2.29)
    method: GET
    uri: https://fake.confidential-ledger.azure.com/app/transactions/4.22977/receipt?api-version=2022-05-13
  response:
    body:
      string: "{\n  \"receipt\": {\n    \"cert\": \"-----BEGIN CERTIFICATE-----\\nMIIByTCCAW+gAwIBAgIQLS9B5zlFVupxqOAOVXkppDAKBggqhkjOPQQDAjAWMRQw\\nEgYDVQQDDAtDQ0YgTmV0d29yazAeFw0yMjA2MjcxNjA3MjVaFw0yMjA5MjUxNjA3\\nMjRaMBMxETAPBgNVBAMMCENDRiBOb2RlMFkwEwYHKoZIzj0CAQYIKoZIzj0DAQcD\\nQgAEmtkFFf5II8O05VyFMOWtMgOoXyi7wgEl6f96w2iJpJtH4xp2+OczZQBP3lMQ\\ncIOcTmZrt6GBLRJgj/rFAKUWW6OBoTCBnjAJBgNVHRMEAjAAMB0GA1UdDgQWBBQ9\\nw5S5Qtj/74rnPfWFztgoE09D+jAfBgNVHSMEGDAWgBSHWA0eCkiVM42YVsVfsd4b\\nWtxPqDBRBgNVHREESjBIghBseXNoaS1weXRob24tc2Rrgi5seXNoaS1weXRob24t\\nc2RrLmNvbmZpZGVudGlhbC1sZWRnZXIuYXp1cmUuY29thwQK8CzoMAoGCCqGSM49\\nBAMCA0gAMEUCIFgXO3P/noe6eE842lHVb+3ozVDKx8GOhALN3RJH8+LPAiEA5WUt\\n7aUZuLRfuJ2z1HmYSnows/OkisZ2zlSLDEqsTeQ=\\n-----END
        CERTIFICATE-----\\n\",\n    \"is_signature_transaction\": false,\n    \"leaf_components\":
        {\n      \"claims_digest\": \"0000000000000000000000000000000000000000000000000000000000000000\",\n
        \     \"commit_evidence\": \"ce:4.22977:eabf15a1ca66857227b9ada4d37ad66d1fa6308b96a05d6fcbb7960f533179a1\",\n
        \     \"write_set_digest\": \"4ee6256f9c7bb09919b53bb8cbc603e830d6b4bc480d91c7d16fb6c6ff5b4c88\"\n
        \   },\n    \"node_id\": \"363a09dfc4c89c6f6e2721d3cc6c733eea531d291ac2d0f19a2f21a752396069\",\n
        \   \"proof\": [\n      {\n        \"left\": \"6578dd05940e8d834f5e1e4cc39d825bc0028f5354d3ff6f0dbc559fe154256b\"\n
        \     },\n      {\n        \"left\": \"410d3856f3ced66029d2ceb92ee14353fe0caceccd2490ce6c5263efd828dd0e\"\n
        \     },\n      {\n        \"left\": \"9464bba8fe0969fc4accc326aaa9c38034aee530da9f60a49dc7ad80cced7df5\"\n
        \     },\n      {\n        \"left\": \"797c7c820cbc1f04a1387ab5fe34355f6f7cb40ba0dfa261733192f426fddd76\"\n
        \     },\n      {\n        \"left\": \"7b74585c9d235806dd05453b07a8327b00997bd007ec1c1a77b829a2f777b1ab\"\n
        \     },\n      {\n        \"left\": \"7ebfc446e286d16001f840fac247b91f8d6179b73f00ad48498ba5996055baa6\"\n
        \     },\n      {\n        \"left\": \"22f26d7be153ca3ba6b6bc87ef972e06dabb9dd43cf44905892890428d4d93d2\"\n
        \     }\n    ],\n    \"service_endorsements\": [],\n    \"signature\": \"MEUCIQC2vU2+S/a27EvkUcoBEmFxfq67zuTDMpvjYsD+u4N5zgIgEa2896933T2c0iBs4SpordXcXr8A2ZUYG6ZlMoyV31g=\"\n
        \ },\n  \"state\": \"Ready\",\n  \"transactionId\": \"4.22977\"\n}"
    headers:
      content-length:
      - '2091'
      content-type:
      - application/json
      x-ms-ccf-transaction-id:
      - '4.22978'
    status:
      code: 200
      message: OK
- request:
    body: null
    headers:
      Accept:
      - application/json
      Accept-Encoding:
      - gzip, deflate
      Connection:
      - keep-alive
      User-Agent:
      - azsdk-python-confidentialledger/1.0.0 Python/3.8.10 (Linux-5.10.102.1-microsoft-standard-WSL2-x86_64-with-glibc2.29)
    method: GET
    uri: https://fake.confidential-ledger.azure.com/app/transactions/current?api-version=2022-05-13&collectionId=132
  response:
    body:
      string: '{"collectionId":"132","contents":"Test entry from Python SDK. Collection:
        132","transactionId":"4.22978"}'
    headers:
      content-length:
      - '105'
      content-type:
      - application/json
      x-ms-ccf-transaction-id:
      - '4.22978'
    status:
      code: 200
      message: OK
- request:
    body: '{"contents": "Test entry 2 from Python SDK. Collection: 132"}'
    headers:
      Accept:
      - application/json
      Accept-Encoding:
      - gzip, deflate
      Connection:
      - keep-alive
      Content-Length:
      - '61'
      Content-Type:
      - application/json
      User-Agent:
      - azsdk-python-confidentialledger/1.0.0 Python/3.8.10 (Linux-5.10.102.1-microsoft-standard-WSL2-x86_64-with-glibc2.29)
    method: POST
    uri: https://fake.confidential-ledger.azure.com/app/transactions?api-version=2022-05-13&collectionId=132
  response:
    body:
      string: '{"collectionId":"132"}'
    headers:
      content-length:
      - '22'
      content-type:
      - application/json
      x-ms-ccf-transaction-id:
      - '4.22979'
    status:
      code: 200
      message: OK
- request:
    body: null
    headers:
      Accept:
      - application/json
      Accept-Encoding:
      - gzip, deflate
      Connection:
      - keep-alive
      User-Agent:
      - azsdk-python-confidentialledger/1.0.0 Python/3.8.10 (Linux-5.10.102.1-microsoft-standard-WSL2-x86_64-with-glibc2.29)
    method: GET
    uri: https://fake.confidential-ledger.azure.com/app/transactions/4.22979/status?api-version=2022-05-13
  response:
    body:
      string: '{"state":"Pending","transactionId":"4.22979"}'
    headers:
      content-length:
      - '45'
      content-type:
      - application/json
      x-ms-ccf-transaction-id:
      - '4.22979'
    status:
      code: 200
      message: OK
- request:
    body: null
    headers:
      Accept:
      - application/json
      Accept-Encoding:
      - gzip, deflate
      Connection:
      - keep-alive
      User-Agent:
      - azsdk-python-confidentialledger/1.0.0 Python/3.8.10 (Linux-5.10.102.1-microsoft-standard-WSL2-x86_64-with-glibc2.29)
    method: GET
    uri: https://fake.confidential-ledger.azure.com/app/transactions/4.22979/status?api-version=2022-05-13
  response:
    body:
      string: '{"state":"Pending","transactionId":"4.22979"}'
    headers:
      content-length:
      - '45'
      content-type:
      - application/json
      x-ms-ccf-transaction-id:
      - '4.22979'
    status:
      code: 200
      message: OK
- request:
    body: null
    headers:
      Accept:
      - application/json
      Accept-Encoding:
      - gzip, deflate
      Connection:
      - keep-alive
      User-Agent:
      - azsdk-python-confidentialledger/1.0.0 Python/3.8.10 (Linux-5.10.102.1-microsoft-standard-WSL2-x86_64-with-glibc2.29)
    method: GET
    uri: https://fake.confidential-ledger.azure.com/app/transactions/4.22979/status?api-version=2022-05-13
  response:
    body:
      string: '{"state":"Committed","transactionId":"4.22979"}'
    headers:
      content-length:
      - '47'
      content-type:
      - application/json
      x-ms-ccf-transaction-id:
      - '4.22980'
    status:
      code: 200
      message: OK
- request:
    body: null
    headers:
      Accept:
      - application/json
      Accept-Encoding:
      - gzip, deflate
      Connection:
      - keep-alive
      User-Agent:
      - azsdk-python-confidentialledger/1.0.0 Python/3.8.10 (Linux-5.10.102.1-microsoft-standard-WSL2-x86_64-with-glibc2.29)
    method: GET
    uri: https://fake.confidential-ledger.azure.com/app/transactions/current?api-version=2022-05-13&collectionId=132
  response:
    body:
      string: '{"collectionId":"132","contents":"Test entry 2 from Python SDK. Collection:
        132","transactionId":"4.22980"}'
    headers:
      content-length:
      - '107'
      content-type:
      - application/json
      x-ms-ccf-transaction-id:
      - '4.22980'
    status:
      code: 200
      message: OK
- request:
    body: null
    headers:
      Accept:
      - application/json
      Accept-Encoding:
      - gzip, deflate
      Connection:
      - keep-alive
      User-Agent:
      - azsdk-python-confidentialledger/1.0.0 Python/3.8.10 (Linux-5.10.102.1-microsoft-standard-WSL2-x86_64-with-glibc2.29)
    method: GET
    uri: https://fake.confidential-ledger.azure.com/app/transactions/4.22977?api-version=2022-05-13&collectionId=132
  response:
    body:
      string: "{\n  \"entry\": {\n    \"collectionId\": \"132\",\n    \"contents\":
        \"Test entry from Python SDK. Collection: 132\",\n    \"transactionId\": \"4.22977\"\n
        \ },\n  \"state\": \"Ready\"\n}"
    headers:
      content-length:
      - '161'
      content-type:
      - application/json
      x-ms-ccf-transaction-id:
      - '4.22980'
    status:
      code: 200
      message: OK
- request:
    body: null
    headers:
      Accept:
      - application/json
      Accept-Encoding:
      - gzip, deflate
      Connection:
      - keep-alive
      User-Agent:
      - azsdk-python-confidentialledger/1.0.0 Python/3.8.10 (Linux-5.10.102.1-microsoft-standard-WSL2-x86_64-with-glibc2.29)
    method: GET
    uri: https://fake.confidential-ledger.azure.com/app/collections?api-version=2022-05-13
  response:
    body:
      string: '{"collections":[{"collectionId":"3"},{"collectionId":"132"},{"collectionId":"0"},{"collectionId":"Alice"},{"collectionId":"subledger:0"},{"collectionId":"1"},{"collectionId":"2"},{"collectionId":"Bob"},{"collectionId":"Messages
        from Alice"},{"collectionId":"4"}]}'
    headers:
      content-length:
      - '263'
      content-type:
      - application/json
      x-ms-ccf-transaction-id:
      - '4.22980'
    status:
      code: 200
      message: OK
version: 1
