{
  "Entries": [
    {
      "RequestUri": "https://identity.confidential-ledger.core.azure.com/ledgerIdentity/fake?api-version=2022-05-13",
      "RequestMethod": "GET",
      "RequestHeaders": {
        "Accept": "application/json",
        "Accept-Encoding": "gzip, deflate",
        "User-Agent": "azsdk-python-confidentialledger-certificate/1.0.0 Python/3.8.10 (Linux-5.10.102.1-microsoft-standard-WSL2-x86_64-with-glibc2.29)"
      },
      "RequestBody": null,
      "StatusCode": 200,
      "ResponseHeaders": {
        "Content-Type": "application/json; charset=utf-8",
        "Date": "Tue, 16 Aug 2022 20:45:34 GMT",
        "Server": "Kestrel",
        "Transfer-Encoding": "chunked",
        "x-ms-correlation-request-id": "b71d1ca5-db5e-4545-84ea-11c69df56e30",
        "x-ms-image-digest": "sha256:9b8d3952372e585a3b21995d9be0c8702fb7ba2ef54ca65392b2562dd2adcc73",
        "x-ms-image-tag": "1.0.02031.28-b60f6adbe3f21e46216336ba378cc34dd0ab86ca",
        "x-ms-machineName": "identityservice-6f96b84df8-wbxmj"
      },
      "ResponseBody": {
        "ledgerTlsCertificate": "-----BEGIN CERTIFICATE-----\nMIIBeTCCASCgAwIBAgIQcTrTRLjb9eOoGTXSvOEgxjAKBggqhkjOPQQDAjAWMRQw\nEgYDVQQDDAtDQ0YgTmV0d29yazAeFw0yMjA2MjcxNjA3MjNaFw0yMjA5MjUxNjA3\nMjJaMBYxFDASBgNVBAMMC0NDRiBOZXR3b3JrMFkwEwYHKoZIzj0CAQYIKoZIzj0D\nAQcDQgAEyn3oh7/D\u002Bm/yuzdWNSEh3ZOupuUiO6U7MIcwiM6RBZ3nsWQHGeVyT0Ai\n\u002B7cYDtPGo/8VRio\u002BBrknl7VALE3q9aNQME4wDAYDVR0TBAUwAwEB/zAdBgNVHQ4E\nFgQUh1gNHgpIlTONmFbFX7HeG1rcT6gwHwYDVR0jBBgwFoAUh1gNHgpIlTONmFbF\nX7HeG1rcT6gwCgYIKoZIzj0EAwIDRwAwRAIgdd7rQszgGJ\u002BjtjuiECigiFxoAvDk\nOPPBwTvMsE8TzsYCIDgYQ1mGHyZ52NXgoxPfqVVFTive8JIsjeQuczMZFq\u002B9\n-----END CERTIFICATE-----\n",
        "ledgerId": "fake"
      }
    },
    {
      "RequestUri": "https://login.microsoftonline.com/72f988bf-86f1-41af-91ab-2d7cd011db47/oauth2/v2.0/token",
      "RequestMethod": "POST",
      "RequestHeaders": {
        "Accept": "*/*",
        "Accept-Encoding": "gzip, deflate",
        "Content-Length": "192",
        "Content-Type": "application/x-www-form-urlencoded",
        "User-Agent": "azsdk-python-identity/1.11.0b2 Python/3.8.10 (Linux-5.10.102.1-microsoft-standard-WSL2-x86_64-with-glibc2.29)"
      },
      "RequestBody": "client_id=ad1ac7bf-b0ea-4c73-9b8d-a3de3fde2b2d\u0026client_secret=9d88Q~P4KI3Oc7wuRN.ngX-Z0uNN8VEObNhL2bUJ\u0026grant_type=client_credentials\u0026scope=https%3A%2F%2Fconfidential-ledger.azure.com%2F.default",
      "StatusCode": 200,
      "ResponseHeaders": {
        "Cache-Control": "no-store, no-cache",
        "Content-Length": "92",
        "Content-Type": "application/json; charset=utf-8",
        "Date": "Tue, 16 Aug 2022 20:45:35 GMT",
        "Expires": "-1",
        "P3P": "CP=\u0022DSP CUR OTPi IND OTRi ONL FIN\u0022",
        "Pragma": "no-cache",
        "Set-Cookie": [
          "fpc=AmJ4i7uFxkBNgrSR_7G88Syb7eLaAQAAAO_4jdoOAAAA; expires=Thu, 15-Sep-2022 20:45:35 GMT; path=/; secure; HttpOnly; SameSite=None",
          "x-ms-gateway-slice=estsfd; path=/; secure; samesite=none; httponly",
          "stsservicecookie=estsfd; path=/; secure; samesite=none; httponly"
        ],
        "Strict-Transport-Security": "max-age=31536000; includeSubDomains",
        "X-Content-Type-Options": "nosniff",
        "x-ms-ests-server": "2.1.13481.9 - SCUS ProdSlices",
        "X-XSS-Protection": "0"
      },
      "ResponseBody": {
        "token_type": "Bearer",
        "expires_in": 86399,
        "ext_expires_in": 86399,
        "access_token": "Sanitized"
      }
    },
    {
      "RequestUri": "https://fake.confidential-ledger.azure.com/app/users/000000000000000000000000000000000000?api-version=2022-05-13",
      "RequestMethod": "PATCH",
      "RequestHeaders": {
        "Accept": "application/json",
        "Accept-Encoding": "gzip, deflate",
        "Content-Length": "31",
        "Content-Type": "application/merge-patch\u002Bjson",
        "User-Agent": "azsdk-python-confidentialledger/1.0.1 Python/3.8.10 (Linux-5.10.102.1-microsoft-standard-WSL2-x86_64-with-glibc2.29)"
      },
      "RequestBody": {
        "assignedRole": "Contributor"
      },
      "StatusCode": 200,
      "ResponseHeaders": {
        "Content-Length": "78",
        "Content-Type": "application/json",
        "x-ms-ccf-transaction-id": "8.29685"
      },
      "ResponseBody": {
        "assignedRole": "Contributor",
        "userId": "000000000000000000000000000000000000"
      }
    },
    {
      "RequestUri": "https://fake.confidential-ledger.azure.com/app/users/000000000000000000000000000000000000?api-version=2022-05-13",
      "RequestMethod": "GET",
      "RequestHeaders": {
        "Accept": "application/json",
        "Accept-Encoding": "gzip, deflate",
        "User-Agent": "azsdk-python-confidentialledger/1.0.1 Python/3.8.10 (Linux-5.10.102.1-microsoft-standard-WSL2-x86_64-with-glibc2.29)"
      },
      "RequestBody": null,
      "StatusCode": 200,
      "ResponseHeaders": {
        "Content-Length": "78",
        "Content-Type": "application/json",
        "x-ms-ccf-transaction-id": "8.29686"
      },
      "ResponseBody": {
        "assignedRole": "Contributor",
        "userId": "000000000000000000000000000000000000"
      }
    },
    {
      "RequestUri": "https://fake.confidential-ledger.azure.com/app/users/000000000000000000000000000000000000?api-version=2022-05-13",
      "RequestMethod": "PATCH",
      "RequestHeaders": {
        "Accept": "application/json",
        "Accept-Encoding": "gzip, deflate",
        "Content-Length": "26",
        "Content-Type": "application/merge-patch\u002Bjson",
        "User-Agent": "azsdk-python-confidentialledger/1.0.1 Python/3.8.10 (Linux-5.10.102.1-microsoft-standard-WSL2-x86_64-with-glibc2.29)"
      },
      "RequestBody": {
        "assignedRole": "Reader"
      },
      "StatusCode": 200,
      "ResponseHeaders": {
        "Content-Length": "73",
        "Content-Type": "application/json",
        "x-ms-ccf-transaction-id": "8.29687"
      },
      "ResponseBody": {
        "assignedRole": "Reader",
        "userId": "000000000000000000000000000000000000"
      }
    },
    {
      "RequestUri": "https://fake.confidential-ledger.azure.com/app/users/000000000000000000000000000000000000?api-version=2022-05-13",
      "RequestMethod": "GET",
      "RequestHeaders": {
        "Accept": "application/json",
        "Accept-Encoding": "gzip, deflate",
        "User-Agent": "azsdk-python-confidentialledger/1.0.1 Python/3.8.10 (Linux-5.10.102.1-microsoft-standard-WSL2-x86_64-with-glibc2.29)"
      },
      "RequestBody": null,
      "StatusCode": 200,
      "ResponseHeaders": {
        "Content-Length": "73",
        "Content-Type": "application/json",
        "x-ms-ccf-transaction-id": "8.29688"
      },
      "ResponseBody": {
        "assignedRole": "Reader",
        "userId": "000000000000000000000000000000000000"
      }
    },
    {
      "RequestUri": "https://fake.confidential-ledger.azure.com/app/users/000000000000000000000000000000000000?api-version=2022-05-13",
      "RequestMethod": "DELETE",
      "RequestHeaders": {
        "Accept": "application/json",
        "Accept-Encoding": "gzip, deflate",
        "Content-Length": "0",
        "User-Agent": "azsdk-python-confidentialledger/1.0.1 Python/3.8.10 (Linux-5.10.102.1-microsoft-standard-WSL2-x86_64-with-glibc2.29)"
      },
      "RequestBody": null,
      "StatusCode": 204,
      "ResponseHeaders": {
        "Content-Length": "0",
        "x-ms-ccf-transaction-id": "8.29689"
      },
      "ResponseBody": null
    },
    {
      "RequestUri": "https://fake.confidential-ledger.azure.com/app/users/7F:75:58:60:70:A8:B6:15:A2:CD:24:55:25:B9:64:49:F8:BF:F0:E3:4D:92:EA:B2:8C:30:E6:2D:F4:77:30:1F?api-version=2022-05-13",
      "RequestMethod": "PATCH",
      "RequestHeaders": {
        "Accept": "application/json",
        "Accept-Encoding": "gzip, deflate",
        "Content-Length": "31",
        "Content-Type": "application/merge-patch\u002Bjson",
        "User-Agent": "azsdk-python-confidentialledger/1.0.1 Python/3.8.10 (Linux-5.10.102.1-microsoft-standard-WSL2-x86_64-with-glibc2.29)"
      },
      "RequestBody": {
        "assignedRole": "Contributor"
      },
      "StatusCode": 200,
      "ResponseHeaders": {
        "Content-Length": "137",
        "Content-Type": "application/json",
        "x-ms-ccf-transaction-id": "8.29690"
      },
      "ResponseBody": {
        "assignedRole": "Contributor",
        "userId": "7F:75:58:60:70:A8:B6:15:A2:CD:24:55:25:B9:64:49:F8:BF:F0:E3:4D:92:EA:B2:8C:30:E6:2D:F4:77:30:1F"
      }
    },
    {
      "RequestUri": "https://fake.confidential-ledger.azure.com/app/users/7F:75:58:60:70:A8:B6:15:A2:CD:24:55:25:B9:64:49:F8:BF:F0:E3:4D:92:EA:B2:8C:30:E6:2D:F4:77:30:1F?api-version=2022-05-13",
      "RequestMethod": "GET",
      "RequestHeaders": {
        "Accept": "application/json",
        "Accept-Encoding": "gzip, deflate",
        "User-Agent": "azsdk-python-confidentialledger/1.0.1 Python/3.8.10 (Linux-5.10.102.1-microsoft-standard-WSL2-x86_64-with-glibc2.29)"
      },
      "RequestBody": null,
      "StatusCode": 200,
      "ResponseHeaders": {
        "Content-Length": "137",
        "Content-Type": "application/json",
        "x-ms-ccf-transaction-id": "8.29691"
      },
      "ResponseBody": {
        "assignedRole": "Contributor",
        "userId": "7F:75:58:60:70:A8:B6:15:A2:CD:24:55:25:B9:64:49:F8:BF:F0:E3:4D:92:EA:B2:8C:30:E6:2D:F4:77:30:1F"
      }
    },
    {
      "RequestUri": "https://fake.confidential-ledger.azure.com/app/users/7F:75:58:60:70:A8:B6:15:A2:CD:24:55:25:B9:64:49:F8:BF:F0:E3:4D:92:EA:B2:8C:30:E6:2D:F4:77:30:1F?api-version=2022-05-13",
      "RequestMethod": "PATCH",
      "RequestHeaders": {
        "Accept": "application/json",
        "Accept-Encoding": "gzip, deflate",
        "Content-Length": "26",
        "Content-Type": "application/merge-patch\u002Bjson",
        "User-Agent": "azsdk-python-confidentialledger/1.0.1 Python/3.8.10 (Linux-5.10.102.1-microsoft-standard-WSL2-x86_64-with-glibc2.29)"
      },
      "RequestBody": {
        "assignedRole": "Reader"
      },
      "StatusCode": 200,
      "ResponseHeaders": {
        "Content-Length": "132",
        "Content-Type": "application/json",
        "x-ms-ccf-transaction-id": "8.29692"
      },
      "ResponseBody": {
        "assignedRole": "Reader",
        "userId": "7F:75:58:60:70:A8:B6:15:A2:CD:24:55:25:B9:64:49:F8:BF:F0:E3:4D:92:EA:B2:8C:30:E6:2D:F4:77:30:1F"
      }
    },
    {
      "RequestUri": "https://fake.confidential-ledger.azure.com/app/users/7F:75:58:60:70:A8:B6:15:A2:CD:24:55:25:B9:64:49:F8:BF:F0:E3:4D:92:EA:B2:8C:30:E6:2D:F4:77:30:1F?api-version=2022-05-13",
      "RequestMethod": "GET",
      "RequestHeaders": {
        "Accept": "application/json",
        "Accept-Encoding": "gzip, deflate",
        "User-Agent": "azsdk-python-confidentialledger/1.0.1 Python/3.8.10 (Linux-5.10.102.1-microsoft-standard-WSL2-x86_64-with-glibc2.29)"
      },
      "RequestBody": null,
      "StatusCode": 200,
      "ResponseHeaders": {
        "Content-Length": "132",
        "Content-Type": "application/json",
        "x-ms-ccf-transaction-id": "8.29693"
      },
      "ResponseBody": {
        "assignedRole": "Reader",
        "userId": "7F:75:58:60:70:A8:B6:15:A2:CD:24:55:25:B9:64:49:F8:BF:F0:E3:4D:92:EA:B2:8C:30:E6:2D:F4:77:30:1F"
      }
    },
    {
      "RequestUri": "https://fake.confidential-ledger.azure.com/app/users/7F:75:58:60:70:A8:B6:15:A2:CD:24:55:25:B9:64:49:F8:BF:F0:E3:4D:92:EA:B2:8C:30:E6:2D:F4:77:30:1F?api-version=2022-05-13",
      "RequestMethod": "DELETE",
      "RequestHeaders": {
        "Accept": "application/json",
        "Accept-Encoding": "gzip, deflate",
        "Content-Length": "0",
        "User-Agent": "azsdk-python-confidentialledger/1.0.1 Python/3.8.10 (Linux-5.10.102.1-microsoft-standard-WSL2-x86_64-with-glibc2.29)"
      },
      "RequestBody": null,
      "StatusCode": 204,
      "ResponseHeaders": {
        "Content-Length": "0",
        "x-ms-ccf-transaction-id": "8.29694"
      },
      "ResponseBody": null
    }
  ],
  "Variables": {}
}
