interactions:
- request:
    body: '{"assignedRole": "Administrator"}'
    headers:
      Accept:
      - application/json
      Accept-Encoding:
      - gzip, deflate
      Connection:
      - keep-alive
      Content-Length:
      - '33'
      Content-Type:
      - application/json
      User-Agent:
      - azsdk-python-confidentialledger/0.1 Python/3.8.5 (Linux-5.4.72-microsoft-standard-WSL2-x86_64-with-glibc2.29)
    method: PATCH
    uri: https://fake-confidential-ledger.azure.com/app/users/aaaaaaaaaaaaaaaaaaaaaaaaaaaaaaaaaaaa?api-version=0.1-preview
  response:
    body:
      string: '{"assignedRole":"Administrator","userId":"aaaaaaaaaaaaaaaaaaaaaaaaaaaaaaaaaaaa"}'
    headers:
      content-length:
      - '80'
      content-type:
      - application/json
      x-ms-ccf-transaction-id:
      - '2.1598'
    status:
      code: 200
      message: OK
- request:
    body: '{"contents": "message-0"}'
    headers:
      Accept:
      - application/json
      Accept-Encoding:
      - gzip, deflate
      Connection:
      - keep-alive
      Content-Length:
      - '25'
      Content-Type:
      - application/json
      User-Agent:
      - azsdk-python-confidentialledger/0.1 Python/3.8.5 (Linux-5.4.72-microsoft-standard-WSL2-x86_64-with-glibc2.29)
    method: POST
    uri: https://fake-confidential-ledger.azure.com/app/transactions?api-version=0.1-preview&subLedgerId=0
  response:
    body:
      string: '{"subLedgerId":"0"}'
    headers:
      content-length:
      - '19'
      content-type:
      - application/json
      x-ms-ccf-transaction-id:
      - '2.1600'
    status:
      code: 200
      message: OK
- request:
    body: '{"contents": "message-1"}'
    headers:
      Accept:
      - application/json
      Accept-Encoding:
      - gzip, deflate
      Connection:
      - keep-alive
      Content-Length:
      - '25'
      Content-Type:
      - application/json
      User-Agent:
      - azsdk-python-confidentialledger/0.1 Python/3.8.5 (Linux-5.4.72-microsoft-standard-WSL2-x86_64-with-glibc2.29)
    method: POST
    uri: https://fake-confidential-ledger.azure.com/app/transactions?api-version=0.1-preview&subLedgerId=1
  response:
    body:
      string: '{"subLedgerId":"1"}'
    headers:
      content-length:
      - '19'
      content-type:
      - application/json
      x-ms-ccf-transaction-id:
      - '2.1601'
    status:
      code: 200
      message: OK
- request:
    body: '{"contents": "message-2"}'
    headers:
      Accept:
      - application/json
      Accept-Encoding:
      - gzip, deflate
      Connection:
      - keep-alive
      Content-Length:
      - '25'
      Content-Type:
      - application/json
      User-Agent:
      - azsdk-python-confidentialledger/0.1 Python/3.8.5 (Linux-5.4.72-microsoft-standard-WSL2-x86_64-with-glibc2.29)
    method: POST
    uri: https://fake-confidential-ledger.azure.com/app/transactions?api-version=0.1-preview&subLedgerId=2
  response:
    body:
      string: '{"subLedgerId":"2"}'
    headers:
      content-length:
      - '19'
      content-type:
      - application/json
      x-ms-ccf-transaction-id:
      - '2.1602'
    status:
      code: 200
      message: OK
- request:
    body: '{"contents": "message-3"}'
    headers:
      Accept:
      - application/json
      Accept-Encoding:
      - gzip, deflate
      Connection:
      - keep-alive
      Content-Length:
      - '25'
      Content-Type:
      - application/json
      User-Agent:
      - azsdk-python-confidentialledger/0.1 Python/3.8.5 (Linux-5.4.72-microsoft-standard-WSL2-x86_64-with-glibc2.29)
    method: POST
    uri: https://fake-confidential-ledger.azure.com/app/transactions?api-version=0.1-preview&subLedgerId=3
  response:
    body:
      string: '{"subLedgerId":"3"}'
    headers:
      content-length:
      - '19'
      content-type:
      - application/json
      x-ms-ccf-transaction-id:
      - '2.1603'
    status:
      code: 200
      message: OK
- request:
    body: '{"contents": "message-4"}'
    headers:
      Accept:
      - application/json
      Accept-Encoding:
      - gzip, deflate
      Connection:
      - keep-alive
      Content-Length:
      - '25'
      Content-Type:
      - application/json
      User-Agent:
      - azsdk-python-confidentialledger/0.1 Python/3.8.5 (Linux-5.4.72-microsoft-standard-WSL2-x86_64-with-glibc2.29)
    method: POST
    uri: https://fake-confidential-ledger.azure.com/app/transactions?api-version=0.1-preview&subLedgerId=4
  response:
    body:
      string: '{"subLedgerId":"4"}'
    headers:
      content-length:
      - '19'
      content-type:
      - application/json
      x-ms-ccf-transaction-id:
      - '2.1605'
    status:
      code: 200
      message: OK
- request:
    body: '{"contents": "message-5"}'
    headers:
      Accept:
      - application/json
      Accept-Encoding:
      - gzip, deflate
      Connection:
      - keep-alive
      Content-Length:
      - '25'
      Content-Type:
      - application/json
      User-Agent:
      - azsdk-python-confidentialledger/0.1 Python/3.8.5 (Linux-5.4.72-microsoft-standard-WSL2-x86_64-with-glibc2.29)
    method: POST
    uri: https://fake-confidential-ledger.azure.com/app/transactions?api-version=0.1-preview&subLedgerId=0
  response:
    body:
      string: '{"subLedgerId":"0"}'
    headers:
      content-length:
      - '19'
      content-type:
      - application/json
      x-ms-ccf-transaction-id:
      - '2.1606'
    status:
      code: 200
      message: OK
- request:
    body: '{"contents": "message-6"}'
    headers:
      Accept:
      - application/json
      Accept-Encoding:
      - gzip, deflate
      Connection:
      - keep-alive
      Content-Length:
      - '25'
      Content-Type:
      - application/json
      User-Agent:
      - azsdk-python-confidentialledger/0.1 Python/3.8.5 (Linux-5.4.72-microsoft-standard-WSL2-x86_64-with-glibc2.29)
    method: POST
    uri: https://fake-confidential-ledger.azure.com/app/transactions?api-version=0.1-preview&subLedgerId=1
  response:
    body:
      string: '{"subLedgerId":"1"}'
    headers:
      content-length:
      - '19'
      content-type:
      - application/json
      x-ms-ccf-transaction-id:
      - '2.1607'
    status:
      code: 200
      message: OK
- request:
    body: '{"contents": "message-7"}'
    headers:
      Accept:
      - application/json
      Accept-Encoding:
      - gzip, deflate
      Connection:
      - keep-alive
      Content-Length:
      - '25'
      Content-Type:
      - application/json
      User-Agent:
      - azsdk-python-confidentialledger/0.1 Python/3.8.5 (Linux-5.4.72-microsoft-standard-WSL2-x86_64-with-glibc2.29)
    method: POST
    uri: https://fake-confidential-ledger.azure.com/app/transactions?api-version=0.1-preview&subLedgerId=2
  response:
    body:
      string: '{"subLedgerId":"2"}'
    headers:
      content-length:
      - '19'
      content-type:
      - application/json
      x-ms-ccf-transaction-id:
      - '2.1608'
    status:
      code: 200
      message: OK
- request:
    body: '{"contents": "message-8"}'
    headers:
      Accept:
      - application/json
      Accept-Encoding:
      - gzip, deflate
      Connection:
      - keep-alive
      Content-Length:
      - '25'
      Content-Type:
      - application/json
      User-Agent:
      - azsdk-python-confidentialledger/0.1 Python/3.8.5 (Linux-5.4.72-microsoft-standard-WSL2-x86_64-with-glibc2.29)
    method: POST
    uri: https://fake-confidential-ledger.azure.com/app/transactions?api-version=0.1-preview&subLedgerId=3
  response:
    body:
      string: '{"subLedgerId":"3"}'
    headers:
      content-length:
      - '19'
      content-type:
      - application/json
      x-ms-ccf-transaction-id:
      - '2.1609'
    status:
      code: 200
      message: OK
- request:
    body: '{"contents": "message-9"}'
    headers:
      Accept:
      - application/json
      Accept-Encoding:
      - gzip, deflate
      Connection:
      - keep-alive
      Content-Length:
      - '25'
      Content-Type:
      - application/json
      User-Agent:
      - azsdk-python-confidentialledger/0.1 Python/3.8.5 (Linux-5.4.72-microsoft-standard-WSL2-x86_64-with-glibc2.29)
    method: POST
    uri: https://fake-confidential-ledger.azure.com/app/transactions?api-version=0.1-preview&subLedgerId=4
  response:
    body:
      string: '{"subLedgerId":"4"}'
    headers:
      content-length:
      - '19'
      content-type:
      - application/json
      x-ms-ccf-transaction-id:
      - '2.1610'
    status:
      code: 200
      message: OK
- request:
    body: '{"contents": "message-10"}'
    headers:
      Accept:
      - application/json
      Accept-Encoding:
      - gzip, deflate
      Connection:
      - keep-alive
      Content-Length:
      - '26'
      Content-Type:
      - application/json
      User-Agent:
      - azsdk-python-confidentialledger/0.1 Python/3.8.5 (Linux-5.4.72-microsoft-standard-WSL2-x86_64-with-glibc2.29)
    method: POST
    uri: https://fake-confidential-ledger.azure.com/app/transactions?api-version=0.1-preview&subLedgerId=0
  response:
    body:
      string: '{"subLedgerId":"0"}'
    headers:
      content-length:
      - '19'
      content-type:
      - application/json
      x-ms-ccf-transaction-id:
      - '2.1611'
    status:
      code: 200
      message: OK
- request:
    body: '{"contents": "message-11"}'
    headers:
      Accept:
      - application/json
      Accept-Encoding:
      - gzip, deflate
      Connection:
      - keep-alive
      Content-Length:
      - '26'
      Content-Type:
      - application/json
      User-Agent:
      - azsdk-python-confidentialledger/0.1 Python/3.8.5 (Linux-5.4.72-microsoft-standard-WSL2-x86_64-with-glibc2.29)
    method: POST
    uri: https://fake-confidential-ledger.azure.com/app/transactions?api-version=0.1-preview&subLedgerId=1
  response:
    body:
      string: '{"subLedgerId":"1"}'
    headers:
      content-length:
      - '19'
      content-type:
      - application/json
      x-ms-ccf-transaction-id:
      - '2.1612'
    status:
      code: 200
      message: OK
- request:
    body: '{"contents": "message-12"}'
    headers:
      Accept:
      - application/json
      Accept-Encoding:
      - gzip, deflate
      Connection:
      - keep-alive
      Content-Length:
      - '26'
      Content-Type:
      - application/json
      User-Agent:
      - azsdk-python-confidentialledger/0.1 Python/3.8.5 (Linux-5.4.72-microsoft-standard-WSL2-x86_64-with-glibc2.29)
    method: POST
    uri: https://fake-confidential-ledger.azure.com/app/transactions?api-version=0.1-preview&subLedgerId=2
  response:
    body:
      string: '{"subLedgerId":"2"}'
    headers:
      content-length:
      - '19'
      content-type:
      - application/json
      x-ms-ccf-transaction-id:
      - '2.1613'
    status:
      code: 200
      message: OK
- request:
    body: '{"contents": "message-13"}'
    headers:
      Accept:
      - application/json
      Accept-Encoding:
      - gzip, deflate
      Connection:
      - keep-alive
      Content-Length:
      - '26'
      Content-Type:
      - application/json
      User-Agent:
      - azsdk-python-confidentialledger/0.1 Python/3.8.5 (Linux-5.4.72-microsoft-standard-WSL2-x86_64-with-glibc2.29)
    method: POST
    uri: https://fake-confidential-ledger.azure.com/app/transactions?api-version=0.1-preview&subLedgerId=3
  response:
    body:
      string: '{"subLedgerId":"3"}'
    headers:
      content-length:
      - '19'
      content-type:
      - application/json
      x-ms-ccf-transaction-id:
      - '2.1615'
    status:
      code: 200
      message: OK
- request:
    body: '{"contents": "message-14"}'
    headers:
      Accept:
      - application/json
      Accept-Encoding:
      - gzip, deflate
      Connection:
      - keep-alive
      Content-Length:
      - '26'
      Content-Type:
      - application/json
      User-Agent:
      - azsdk-python-confidentialledger/0.1 Python/3.8.5 (Linux-5.4.72-microsoft-standard-WSL2-x86_64-with-glibc2.29)
    method: POST
    uri: https://fake-confidential-ledger.azure.com/app/transactions?api-version=0.1-preview&subLedgerId=4
  response:
    body:
      string: '{"subLedgerId":"4"}'
    headers:
      content-length:
      - '19'
      content-type:
      - application/json
      x-ms-ccf-transaction-id:
      - '2.1616'
    status:
      code: 200
      message: OK
- request:
    body: '{"contents": "message-15"}'
    headers:
      Accept:
      - application/json
      Accept-Encoding:
      - gzip, deflate
      Connection:
      - keep-alive
      Content-Length:
      - '26'
      Content-Type:
      - application/json
      User-Agent:
      - azsdk-python-confidentialledger/0.1 Python/3.8.5 (Linux-5.4.72-microsoft-standard-WSL2-x86_64-with-glibc2.29)
    method: POST
    uri: https://fake-confidential-ledger.azure.com/app/transactions?api-version=0.1-preview&subLedgerId=0
  response:
    body:
      string: '{"subLedgerId":"0"}'
    headers:
      content-length:
      - '19'
      content-type:
      - application/json
      x-ms-ccf-transaction-id:
      - '2.1617'
    status:
      code: 200
      message: OK
- request:
    body: '{"contents": "message-16"}'
    headers:
      Accept:
      - application/json
      Accept-Encoding:
      - gzip, deflate
      Connection:
      - keep-alive
      Content-Length:
      - '26'
      Content-Type:
      - application/json
      User-Agent:
      - azsdk-python-confidentialledger/0.1 Python/3.8.5 (Linux-5.4.72-microsoft-standard-WSL2-x86_64-with-glibc2.29)
    method: POST
    uri: https://fake-confidential-ledger.azure.com/app/transactions?api-version=0.1-preview&subLedgerId=1
  response:
    body:
      string: '{"subLedgerId":"1"}'
    headers:
      content-length:
      - '19'
      content-type:
      - application/json
      x-ms-ccf-transaction-id:
      - '2.1618'
    status:
      code: 200
      message: OK
- request:
    body: '{"contents": "message-17"}'
    headers:
      Accept:
      - application/json
      Accept-Encoding:
      - gzip, deflate
      Connection:
      - keep-alive
      Content-Length:
      - '26'
      Content-Type:
      - application/json
      User-Agent:
      - azsdk-python-confidentialledger/0.1 Python/3.8.5 (Linux-5.4.72-microsoft-standard-WSL2-x86_64-with-glibc2.29)
    method: POST
    uri: https://fake-confidential-ledger.azure.com/app/transactions?api-version=0.1-preview&subLedgerId=2
  response:
    body:
      string: '{"subLedgerId":"2"}'
    headers:
      content-length:
      - '19'
      content-type:
      - application/json
      x-ms-ccf-transaction-id:
      - '2.1619'
    status:
      code: 200
      message: OK
- request:
    body: '{"contents": "message-18"}'
    headers:
      Accept:
      - application/json
      Accept-Encoding:
      - gzip, deflate
      Connection:
      - keep-alive
      Content-Length:
      - '26'
      Content-Type:
      - application/json
      User-Agent:
      - azsdk-python-confidentialledger/0.1 Python/3.8.5 (Linux-5.4.72-microsoft-standard-WSL2-x86_64-with-glibc2.29)
    method: POST
    uri: https://fake-confidential-ledger.azure.com/app/transactions?api-version=0.1-preview&subLedgerId=3
  response:
    body:
      string: '{"subLedgerId":"3"}'
    headers:
      content-length:
      - '19'
      content-type:
      - application/json
      x-ms-ccf-transaction-id:
      - '2.1620'
    status:
      code: 200
      message: OK
- request:
    body: '{"contents": "message-19"}'
    headers:
      Accept:
      - application/json
      Accept-Encoding:
      - gzip, deflate
      Connection:
      - keep-alive
      Content-Length:
      - '26'
      Content-Type:
      - application/json
      User-Agent:
      - azsdk-python-confidentialledger/0.1 Python/3.8.5 (Linux-5.4.72-microsoft-standard-WSL2-x86_64-with-glibc2.29)
    method: POST
    uri: https://fake-confidential-ledger.azure.com/app/transactions?api-version=0.1-preview&subLedgerId=4
  response:
    body:
      string: '{"subLedgerId":"4"}'
    headers:
      content-length:
      - '19'
      content-type:
      - application/json
      x-ms-ccf-transaction-id:
      - '2.1621'
    status:
      code: 200
      message: OK
- request:
    body: '{"contents": "message-20"}'
    headers:
      Accept:
      - application/json
      Accept-Encoding:
      - gzip, deflate
      Connection:
      - keep-alive
      Content-Length:
      - '26'
      Content-Type:
      - application/json
      User-Agent:
      - azsdk-python-confidentialledger/0.1 Python/3.8.5 (Linux-5.4.72-microsoft-standard-WSL2-x86_64-with-glibc2.29)
    method: POST
    uri: https://fake-confidential-ledger.azure.com/app/transactions?api-version=0.1-preview&subLedgerId=0
  response:
    body:
      string: '{"subLedgerId":"0"}'
    headers:
      content-length:
      - '19'
      content-type:
      - application/json
      x-ms-ccf-transaction-id:
      - '2.1622'
    status:
      code: 200
      message: OK
- request:
    body: '{"contents": "message-21"}'
    headers:
      Accept:
      - application/json
      Accept-Encoding:
      - gzip, deflate
      Connection:
      - keep-alive
      Content-Length:
      - '26'
      Content-Type:
      - application/json
      User-Agent:
      - azsdk-python-confidentialledger/0.1 Python/3.8.5 (Linux-5.4.72-microsoft-standard-WSL2-x86_64-with-glibc2.29)
    method: POST
    uri: https://fake-confidential-ledger.azure.com/app/transactions?api-version=0.1-preview&subLedgerId=1
  response:
    body:
      string: '{"subLedgerId":"1"}'
    headers:
      content-length:
      - '19'
      content-type:
      - application/json
      x-ms-ccf-transaction-id:
      - '2.1623'
    status:
      code: 200
      message: OK
- request:
    body: '{"contents": "message-22"}'
    headers:
      Accept:
      - application/json
      Accept-Encoding:
      - gzip, deflate
      Connection:
      - keep-alive
      Content-Length:
      - '26'
      Content-Type:
      - application/json
      User-Agent:
      - azsdk-python-confidentialledger/0.1 Python/3.8.5 (Linux-5.4.72-microsoft-standard-WSL2-x86_64-with-glibc2.29)
    method: POST
    uri: https://fake-confidential-ledger.azure.com/app/transactions?api-version=0.1-preview&subLedgerId=2
  response:
    body:
      string: '{"subLedgerId":"2"}'
    headers:
      content-length:
      - '19'
      content-type:
      - application/json
      x-ms-ccf-transaction-id:
      - '2.1625'
    status:
      code: 200
      message: OK
- request:
    body: '{"contents": "message-23"}'
    headers:
      Accept:
      - application/json
      Accept-Encoding:
      - gzip, deflate
      Connection:
      - keep-alive
      Content-Length:
      - '26'
      Content-Type:
      - application/json
      User-Agent:
      - azsdk-python-confidentialledger/0.1 Python/3.8.5 (Linux-5.4.72-microsoft-standard-WSL2-x86_64-with-glibc2.29)
    method: POST
    uri: https://fake-confidential-ledger.azure.com/app/transactions?api-version=0.1-preview&subLedgerId=3
  response:
    body:
      string: '{"subLedgerId":"3"}'
    headers:
      content-length:
      - '19'
      content-type:
      - application/json
      x-ms-ccf-transaction-id:
      - '2.1626'
    status:
      code: 200
      message: OK
- request:
    body: '{"contents": "message-24"}'
    headers:
      Accept:
      - application/json
      Accept-Encoding:
      - gzip, deflate
      Connection:
      - keep-alive
      Content-Length:
      - '26'
      Content-Type:
      - application/json
      User-Agent:
      - azsdk-python-confidentialledger/0.1 Python/3.8.5 (Linux-5.4.72-microsoft-standard-WSL2-x86_64-with-glibc2.29)
    method: POST
    uri: https://fake-confidential-ledger.azure.com/app/transactions?api-version=0.1-preview&subLedgerId=4
  response:
    body:
      string: '{"subLedgerId":"4"}'
    headers:
      content-length:
      - '19'
      content-type:
      - application/json
      x-ms-ccf-transaction-id:
      - '2.1627'
    status:
      code: 200
      message: OK
- request:
    body: '{"contents": "message-25"}'
    headers:
      Accept:
      - application/json
      Accept-Encoding:
      - gzip, deflate
      Connection:
      - keep-alive
      Content-Length:
      - '26'
      Content-Type:
      - application/json
      User-Agent:
      - azsdk-python-confidentialledger/0.1 Python/3.8.5 (Linux-5.4.72-microsoft-standard-WSL2-x86_64-with-glibc2.29)
    method: POST
    uri: https://fake-confidential-ledger.azure.com/app/transactions?api-version=0.1-preview&subLedgerId=0
  response:
    body:
      string: '{"subLedgerId":"0"}'
    headers:
      content-length:
      - '19'
      content-type:
      - application/json
      x-ms-ccf-transaction-id:
      - '2.1628'
    status:
      code: 200
      message: OK
- request:
    body: '{"contents": "message-26"}'
    headers:
      Accept:
      - application/json
      Accept-Encoding:
      - gzip, deflate
      Connection:
      - keep-alive
      Content-Length:
      - '26'
      Content-Type:
      - application/json
      User-Agent:
      - azsdk-python-confidentialledger/0.1 Python/3.8.5 (Linux-5.4.72-microsoft-standard-WSL2-x86_64-with-glibc2.29)
    method: POST
    uri: https://fake-confidential-ledger.azure.com/app/transactions?api-version=0.1-preview&subLedgerId=1
  response:
    body:
      string: '{"subLedgerId":"1"}'
    headers:
      content-length:
      - '19'
      content-type:
      - application/json
      x-ms-ccf-transaction-id:
      - '2.1629'
    status:
      code: 200
      message: OK
- request:
    body: '{"contents": "message-27"}'
    headers:
      Accept:
      - application/json
      Accept-Encoding:
      - gzip, deflate
      Connection:
      - keep-alive
      Content-Length:
      - '26'
      Content-Type:
      - application/json
      User-Agent:
      - azsdk-python-confidentialledger/0.1 Python/3.8.5 (Linux-5.4.72-microsoft-standard-WSL2-x86_64-with-glibc2.29)
    method: POST
    uri: https://fake-confidential-ledger.azure.com/app/transactions?api-version=0.1-preview&subLedgerId=2
  response:
    body:
      string: '{"subLedgerId":"2"}'
    headers:
      content-length:
      - '19'
      content-type:
      - application/json
      x-ms-ccf-transaction-id:
      - '2.1630'
    status:
      code: 200
      message: OK
- request:
    body: '{"contents": "message-28"}'
    headers:
      Accept:
      - application/json
      Accept-Encoding:
      - gzip, deflate
      Connection:
      - keep-alive
      Content-Length:
      - '26'
      Content-Type:
      - application/json
      User-Agent:
      - azsdk-python-confidentialledger/0.1 Python/3.8.5 (Linux-5.4.72-microsoft-standard-WSL2-x86_64-with-glibc2.29)
    method: POST
    uri: https://fake-confidential-ledger.azure.com/app/transactions?api-version=0.1-preview&subLedgerId=3
  response:
    body:
      string: '{"subLedgerId":"3"}'
    headers:
      content-length:
      - '19'
      content-type:
      - application/json
      x-ms-ccf-transaction-id:
      - '2.1631'
    status:
      code: 200
      message: OK
- request:
    body: '{"contents": "message-29"}'
    headers:
      Accept:
      - application/json
      Accept-Encoding:
      - gzip, deflate
      Connection:
      - keep-alive
      Content-Length:
      - '26'
      Content-Type:
      - application/json
      User-Agent:
      - azsdk-python-confidentialledger/0.1 Python/3.8.5 (Linux-5.4.72-microsoft-standard-WSL2-x86_64-with-glibc2.29)
    method: POST
    uri: https://fake-confidential-ledger.azure.com/app/transactions?api-version=0.1-preview&subLedgerId=4
  response:
    body:
      string: '{"subLedgerId":"4"}'
    headers:
      content-length:
      - '19'
      content-type:
      - application/json
      x-ms-ccf-transaction-id:
      - '2.1632'
    status:
      code: 200
      message: OK
- request:
    body: '{"contents": "message-30"}'
    headers:
      Accept:
      - application/json
      Accept-Encoding:
      - gzip, deflate
      Connection:
      - keep-alive
      Content-Length:
      - '26'
      Content-Type:
      - application/json
      User-Agent:
      - azsdk-python-confidentialledger/0.1 Python/3.8.5 (Linux-5.4.72-microsoft-standard-WSL2-x86_64-with-glibc2.29)
    method: POST
    uri: https://fake-confidential-ledger.azure.com/app/transactions?api-version=0.1-preview&subLedgerId=0
  response:
    body:
      string: '{"subLedgerId":"0"}'
    headers:
      content-length:
      - '19'
      content-type:
      - application/json
      x-ms-ccf-transaction-id:
      - '2.1634'
    status:
      code: 200
      message: OK
- request:
    body: '{"contents": "message-31"}'
    headers:
      Accept:
      - application/json
      Accept-Encoding:
      - gzip, deflate
      Connection:
      - keep-alive
      Content-Length:
      - '26'
      Content-Type:
      - application/json
      User-Agent:
      - azsdk-python-confidentialledger/0.1 Python/3.8.5 (Linux-5.4.72-microsoft-standard-WSL2-x86_64-with-glibc2.29)
    method: POST
    uri: https://fake-confidential-ledger.azure.com/app/transactions?api-version=0.1-preview&subLedgerId=1
  response:
    body:
      string: '{"subLedgerId":"1"}'
    headers:
      content-length:
      - '19'
      content-type:
      - application/json
      x-ms-ccf-transaction-id:
      - '2.1635'
    status:
      code: 200
      message: OK
- request:
    body: '{"contents": "message-32"}'
    headers:
      Accept:
      - application/json
      Accept-Encoding:
      - gzip, deflate
      Connection:
      - keep-alive
      Content-Length:
      - '26'
      Content-Type:
      - application/json
      User-Agent:
      - azsdk-python-confidentialledger/0.1 Python/3.8.5 (Linux-5.4.72-microsoft-standard-WSL2-x86_64-with-glibc2.29)
    method: POST
    uri: https://fake-confidential-ledger.azure.com/app/transactions?api-version=0.1-preview&subLedgerId=2
  response:
    body:
      string: '{"subLedgerId":"2"}'
    headers:
      content-length:
      - '19'
      content-type:
      - application/json
      x-ms-ccf-transaction-id:
      - '2.1636'
    status:
      code: 200
      message: OK
- request:
    body: '{"contents": "message-33"}'
    headers:
      Accept:
      - application/json
      Accept-Encoding:
      - gzip, deflate
      Connection:
      - keep-alive
      Content-Length:
      - '26'
      Content-Type:
      - application/json
      User-Agent:
      - azsdk-python-confidentialledger/0.1 Python/3.8.5 (Linux-5.4.72-microsoft-standard-WSL2-x86_64-with-glibc2.29)
    method: POST
    uri: https://fake-confidential-ledger.azure.com/app/transactions?api-version=0.1-preview&subLedgerId=3
  response:
    body:
      string: '{"subLedgerId":"3"}'
    headers:
      content-length:
      - '19'
      content-type:
      - application/json
      x-ms-ccf-transaction-id:
      - '2.1637'
    status:
      code: 200
      message: OK
- request:
    body: '{"contents": "message-34"}'
    headers:
      Accept:
      - application/json
      Accept-Encoding:
      - gzip, deflate
      Connection:
      - keep-alive
      Content-Length:
      - '26'
      Content-Type:
      - application/json
      User-Agent:
      - azsdk-python-confidentialledger/0.1 Python/3.8.5 (Linux-5.4.72-microsoft-standard-WSL2-x86_64-with-glibc2.29)
    method: POST
    uri: https://fake-confidential-ledger.azure.com/app/transactions?api-version=0.1-preview&subLedgerId=4
  response:
    body:
      string: '{"subLedgerId":"4"}'
    headers:
      content-length:
      - '19'
      content-type:
      - application/json
      x-ms-ccf-transaction-id:
      - '2.1638'
    status:
      code: 200
      message: OK
- request:
    body: '{"contents": "message-35"}'
    headers:
      Accept:
      - application/json
      Accept-Encoding:
      - gzip, deflate
      Connection:
      - keep-alive
      Content-Length:
      - '26'
      Content-Type:
      - application/json
      User-Agent:
      - azsdk-python-confidentialledger/0.1 Python/3.8.5 (Linux-5.4.72-microsoft-standard-WSL2-x86_64-with-glibc2.29)
    method: POST
    uri: https://fake-confidential-ledger.azure.com/app/transactions?api-version=0.1-preview&subLedgerId=0
  response:
    body:
      string: '{"subLedgerId":"0"}'
    headers:
      content-length:
      - '19'
      content-type:
      - application/json
      x-ms-ccf-transaction-id:
      - '2.1639'
    status:
      code: 200
      message: OK
- request:
    body: '{"contents": "message-36"}'
    headers:
      Accept:
      - application/json
      Accept-Encoding:
      - gzip, deflate
      Connection:
      - keep-alive
      Content-Length:
      - '26'
      Content-Type:
      - application/json
      User-Agent:
      - azsdk-python-confidentialledger/0.1 Python/3.8.5 (Linux-5.4.72-microsoft-standard-WSL2-x86_64-with-glibc2.29)
    method: POST
    uri: https://fake-confidential-ledger.azure.com/app/transactions?api-version=0.1-preview&subLedgerId=1
  response:
    body:
      string: '{"subLedgerId":"1"}'
    headers:
      content-length:
      - '19'
      content-type:
      - application/json
      x-ms-ccf-transaction-id:
      - '2.1640'
    status:
      code: 200
      message: OK
- request:
    body: '{"contents": "message-37"}'
    headers:
      Accept:
      - application/json
      Accept-Encoding:
      - gzip, deflate
      Connection:
      - keep-alive
      Content-Length:
      - '26'
      Content-Type:
      - application/json
      User-Agent:
      - azsdk-python-confidentialledger/0.1 Python/3.8.5 (Linux-5.4.72-microsoft-standard-WSL2-x86_64-with-glibc2.29)
    method: POST
    uri: https://fake-confidential-ledger.azure.com/app/transactions?api-version=0.1-preview&subLedgerId=2
  response:
    body:
      string: '{"subLedgerId":"2"}'
    headers:
      content-length:
      - '19'
      content-type:
      - application/json
      x-ms-ccf-transaction-id:
      - '2.1641'
    status:
      code: 200
      message: OK
- request:
    body: '{"contents": "message-38"}'
    headers:
      Accept:
      - application/json
      Accept-Encoding:
      - gzip, deflate
      Connection:
      - keep-alive
      Content-Length:
      - '26'
      Content-Type:
      - application/json
      User-Agent:
      - azsdk-python-confidentialledger/0.1 Python/3.8.5 (Linux-5.4.72-microsoft-standard-WSL2-x86_64-with-glibc2.29)
    method: POST
    uri: https://fake-confidential-ledger.azure.com/app/transactions?api-version=0.1-preview&subLedgerId=3
  response:
    body:
      string: '{"subLedgerId":"3"}'
    headers:
      content-length:
      - '19'
      content-type:
      - application/json
      x-ms-ccf-transaction-id:
      - '2.1643'
    status:
      code: 200
      message: OK
- request:
    body: '{"contents": "message-39"}'
    headers:
      Accept:
      - application/json
      Accept-Encoding:
      - gzip, deflate
      Connection:
      - keep-alive
      Content-Length:
      - '26'
      Content-Type:
      - application/json
      User-Agent:
      - azsdk-python-confidentialledger/0.1 Python/3.8.5 (Linux-5.4.72-microsoft-standard-WSL2-x86_64-with-glibc2.29)
    method: POST
    uri: https://fake-confidential-ledger.azure.com/app/transactions?api-version=0.1-preview&subLedgerId=4
  response:
    body:
      string: '{"subLedgerId":"4"}'
    headers:
      content-length:
      - '19'
      content-type:
      - application/json
      x-ms-ccf-transaction-id:
      - '2.1644'
    status:
      code: 200
      message: OK
- request:
    body: '{"contents": "message-40"}'
    headers:
      Accept:
      - application/json
      Accept-Encoding:
      - gzip, deflate
      Connection:
      - keep-alive
      Content-Length:
      - '26'
      Content-Type:
      - application/json
      User-Agent:
      - azsdk-python-confidentialledger/0.1 Python/3.8.5 (Linux-5.4.72-microsoft-standard-WSL2-x86_64-with-glibc2.29)
    method: POST
    uri: https://fake-confidential-ledger.azure.com/app/transactions?api-version=0.1-preview&subLedgerId=0
  response:
    body:
      string: '{"subLedgerId":"0"}'
    headers:
      content-length:
      - '19'
      content-type:
      - application/json
      x-ms-ccf-transaction-id:
      - '2.1645'
    status:
      code: 200
      message: OK
- request:
    body: '{"contents": "message-41"}'
    headers:
      Accept:
      - application/json
      Accept-Encoding:
      - gzip, deflate
      Connection:
      - keep-alive
      Content-Length:
      - '26'
      Content-Type:
      - application/json
      User-Agent:
      - azsdk-python-confidentialledger/0.1 Python/3.8.5 (Linux-5.4.72-microsoft-standard-WSL2-x86_64-with-glibc2.29)
    method: POST
    uri: https://fake-confidential-ledger.azure.com/app/transactions?api-version=0.1-preview&subLedgerId=1
  response:
    body:
      string: '{"subLedgerId":"1"}'
    headers:
      content-length:
      - '19'
      content-type:
      - application/json
      x-ms-ccf-transaction-id:
      - '2.1646'
    status:
      code: 200
      message: OK
- request:
    body: '{"contents": "message-42"}'
    headers:
      Accept:
      - application/json
      Accept-Encoding:
      - gzip, deflate
      Connection:
      - keep-alive
      Content-Length:
      - '26'
      Content-Type:
      - application/json
      User-Agent:
      - azsdk-python-confidentialledger/0.1 Python/3.8.5 (Linux-5.4.72-microsoft-standard-WSL2-x86_64-with-glibc2.29)
    method: POST
    uri: https://fake-confidential-ledger.azure.com/app/transactions?api-version=0.1-preview&subLedgerId=2
  response:
    body:
      string: '{"subLedgerId":"2"}'
    headers:
      content-length:
      - '19'
      content-type:
      - application/json
      x-ms-ccf-transaction-id:
      - '2.1647'
    status:
      code: 200
      message: OK
- request:
    body: '{"contents": "message-43"}'
    headers:
      Accept:
      - application/json
      Accept-Encoding:
      - gzip, deflate
      Connection:
      - keep-alive
      Content-Length:
      - '26'
      Content-Type:
      - application/json
      User-Agent:
      - azsdk-python-confidentialledger/0.1 Python/3.8.5 (Linux-5.4.72-microsoft-standard-WSL2-x86_64-with-glibc2.29)
    method: POST
    uri: https://fake-confidential-ledger.azure.com/app/transactions?api-version=0.1-preview&subLedgerId=3
  response:
    body:
      string: '{"subLedgerId":"3"}'
    headers:
      content-length:
      - '19'
      content-type:
      - application/json
      x-ms-ccf-transaction-id:
      - '2.1648'
    status:
      code: 200
      message: OK
- request:
    body: '{"contents": "message-44"}'
    headers:
      Accept:
      - application/json
      Accept-Encoding:
      - gzip, deflate
      Connection:
      - keep-alive
      Content-Length:
      - '26'
      Content-Type:
      - application/json
      User-Agent:
      - azsdk-python-confidentialledger/0.1 Python/3.8.5 (Linux-5.4.72-microsoft-standard-WSL2-x86_64-with-glibc2.29)
    method: POST
    uri: https://fake-confidential-ledger.azure.com/app/transactions?api-version=0.1-preview&subLedgerId=4
  response:
    body:
      string: '{"subLedgerId":"4"}'
    headers:
      content-length:
      - '19'
      content-type:
      - application/json
      x-ms-ccf-transaction-id:
      - '2.1649'
    status:
      code: 200
      message: OK
- request:
    body: '{"contents": "message-45"}'
    headers:
      Accept:
      - application/json
      Accept-Encoding:
      - gzip, deflate
      Connection:
      - keep-alive
      Content-Length:
      - '26'
      Content-Type:
      - application/json
      User-Agent:
      - azsdk-python-confidentialledger/0.1 Python/3.8.5 (Linux-5.4.72-microsoft-standard-WSL2-x86_64-with-glibc2.29)
    method: POST
    uri: https://fake-confidential-ledger.azure.com/app/transactions?api-version=0.1-preview&subLedgerId=0
  response:
    body:
      string: '{"subLedgerId":"0"}'
    headers:
      content-length:
      - '19'
      content-type:
      - application/json
      x-ms-ccf-transaction-id:
      - '2.1650'
    status:
      code: 200
      message: OK
- request:
    body: '{"contents": "message-46"}'
    headers:
      Accept:
      - application/json
      Accept-Encoding:
      - gzip, deflate
      Connection:
      - keep-alive
      Content-Length:
      - '26'
      Content-Type:
      - application/json
      User-Agent:
      - azsdk-python-confidentialledger/0.1 Python/3.8.5 (Linux-5.4.72-microsoft-standard-WSL2-x86_64-with-glibc2.29)
    method: POST
    uri: https://fake-confidential-ledger.azure.com/app/transactions?api-version=0.1-preview&subLedgerId=1
  response:
    body:
      string: '{"subLedgerId":"1"}'
    headers:
      content-length:
      - '19'
      content-type:
      - application/json
      x-ms-ccf-transaction-id:
      - '2.1652'
    status:
      code: 200
      message: OK
- request:
    body: '{"contents": "message-47"}'
    headers:
      Accept:
      - application/json
      Accept-Encoding:
      - gzip, deflate
      Connection:
      - keep-alive
      Content-Length:
      - '26'
      Content-Type:
      - application/json
      User-Agent:
      - azsdk-python-confidentialledger/0.1 Python/3.8.5 (Linux-5.4.72-microsoft-standard-WSL2-x86_64-with-glibc2.29)
    method: POST
    uri: https://fake-confidential-ledger.azure.com/app/transactions?api-version=0.1-preview&subLedgerId=2
  response:
    body:
      string: '{"subLedgerId":"2"}'
    headers:
      content-length:
      - '19'
      content-type:
      - application/json
      x-ms-ccf-transaction-id:
      - '2.1653'
    status:
      code: 200
      message: OK
- request:
    body: '{"contents": "message-48"}'
    headers:
      Accept:
      - application/json
      Accept-Encoding:
      - gzip, deflate
      Connection:
      - keep-alive
      Content-Length:
      - '26'
      Content-Type:
      - application/json
      User-Agent:
      - azsdk-python-confidentialledger/0.1 Python/3.8.5 (Linux-5.4.72-microsoft-standard-WSL2-x86_64-with-glibc2.29)
    method: POST
    uri: https://fake-confidential-ledger.azure.com/app/transactions?api-version=0.1-preview&subLedgerId=3
  response:
    body:
      string: '{"subLedgerId":"3"}'
    headers:
      content-length:
      - '19'
      content-type:
      - application/json
      x-ms-ccf-transaction-id:
      - '2.1654'
    status:
      code: 200
      message: OK
- request:
    body: '{"contents": "message-49"}'
    headers:
      Accept:
      - application/json
      Accept-Encoding:
      - gzip, deflate
      Connection:
      - keep-alive
      Content-Length:
      - '26'
      Content-Type:
      - application/json
      User-Agent:
      - azsdk-python-confidentialledger/0.1 Python/3.8.5 (Linux-5.4.72-microsoft-standard-WSL2-x86_64-with-glibc2.29)
    method: POST
    uri: https://fake-confidential-ledger.azure.com/app/transactions?api-version=0.1-preview&subLedgerId=4
  response:
    body:
      string: '{"subLedgerId":"4"}'
    headers:
      content-length:
      - '19'
      content-type:
      - application/json
      x-ms-ccf-transaction-id:
      - '2.1655'
    status:
      code: 200
      message: OK
- request:
    body: '{"contents": "message-50"}'
    headers:
      Accept:
      - application/json
      Accept-Encoding:
      - gzip, deflate
      Connection:
      - keep-alive
      Content-Length:
      - '26'
      Content-Type:
      - application/json
      User-Agent:
      - azsdk-python-confidentialledger/0.1 Python/3.8.5 (Linux-5.4.72-microsoft-standard-WSL2-x86_64-with-glibc2.29)
    method: POST
    uri: https://fake-confidential-ledger.azure.com/app/transactions?api-version=0.1-preview&subLedgerId=0
  response:
    body:
      string: '{"subLedgerId":"0"}'
    headers:
      content-length:
      - '19'
      content-type:
      - application/json
      x-ms-ccf-transaction-id:
      - '2.1656'
    status:
      code: 200
      message: OK
- request:
    body: '{"contents": "message-51"}'
    headers:
      Accept:
      - application/json
      Accept-Encoding:
      - gzip, deflate
      Connection:
      - keep-alive
      Content-Length:
      - '26'
      Content-Type:
      - application/json
      User-Agent:
      - azsdk-python-confidentialledger/0.1 Python/3.8.5 (Linux-5.4.72-microsoft-standard-WSL2-x86_64-with-glibc2.29)
    method: POST
    uri: https://fake-confidential-ledger.azure.com/app/transactions?api-version=0.1-preview&subLedgerId=1
  response:
    body:
      string: '{"subLedgerId":"1"}'
    headers:
      content-length:
      - '19'
      content-type:
      - application/json
      x-ms-ccf-transaction-id:
      - '2.1657'
    status:
      code: 200
      message: OK
- request:
    body: '{"contents": "message-52"}'
    headers:
      Accept:
      - application/json
      Accept-Encoding:
      - gzip, deflate
      Connection:
      - keep-alive
      Content-Length:
      - '26'
      Content-Type:
      - application/json
      User-Agent:
      - azsdk-python-confidentialledger/0.1 Python/3.8.5 (Linux-5.4.72-microsoft-standard-WSL2-x86_64-with-glibc2.29)
    method: POST
    uri: https://fake-confidential-ledger.azure.com/app/transactions?api-version=0.1-preview&subLedgerId=2
  response:
    body:
      string: '{"subLedgerId":"2"}'
    headers:
      content-length:
      - '19'
      content-type:
      - application/json
      x-ms-ccf-transaction-id:
      - '2.1658'
    status:
      code: 200
      message: OK
- request:
    body: '{"contents": "message-53"}'
    headers:
      Accept:
      - application/json
      Accept-Encoding:
      - gzip, deflate
      Connection:
      - keep-alive
      Content-Length:
      - '26'
      Content-Type:
      - application/json
      User-Agent:
      - azsdk-python-confidentialledger/0.1 Python/3.8.5 (Linux-5.4.72-microsoft-standard-WSL2-x86_64-with-glibc2.29)
    method: POST
    uri: https://fake-confidential-ledger.azure.com/app/transactions?api-version=0.1-preview&subLedgerId=3
  response:
    body:
      string: '{"subLedgerId":"3"}'
    headers:
      content-length:
      - '19'
      content-type:
      - application/json
      x-ms-ccf-transaction-id:
      - '2.1659'
    status:
      code: 200
      message: OK
- request:
    body: '{"contents": "message-54"}'
    headers:
      Accept:
      - application/json
      Accept-Encoding:
      - gzip, deflate
      Connection:
      - keep-alive
      Content-Length:
      - '26'
      Content-Type:
      - application/json
      User-Agent:
      - azsdk-python-confidentialledger/0.1 Python/3.8.5 (Linux-5.4.72-microsoft-standard-WSL2-x86_64-with-glibc2.29)
    method: POST
    uri: https://fake-confidential-ledger.azure.com/app/transactions?api-version=0.1-preview&subLedgerId=4
  response:
    body:
      string: '{"subLedgerId":"4"}'
    headers:
      content-length:
      - '19'
      content-type:
      - application/json
      x-ms-ccf-transaction-id:
      - '2.1661'
    status:
      code: 200
      message: OK
- request:
    body: '{"contents": "message-55"}'
    headers:
      Accept:
      - application/json
      Accept-Encoding:
      - gzip, deflate
      Connection:
      - keep-alive
      Content-Length:
      - '26'
      Content-Type:
      - application/json
      User-Agent:
      - azsdk-python-confidentialledger/0.1 Python/3.8.5 (Linux-5.4.72-microsoft-standard-WSL2-x86_64-with-glibc2.29)
    method: POST
    uri: https://fake-confidential-ledger.azure.com/app/transactions?api-version=0.1-preview&subLedgerId=0
  response:
    body:
      string: '{"subLedgerId":"0"}'
    headers:
      content-length:
      - '19'
      content-type:
      - application/json
      x-ms-ccf-transaction-id:
      - '2.1662'
    status:
      code: 200
      message: OK
- request:
    body: '{"contents": "message-56"}'
    headers:
      Accept:
      - application/json
      Accept-Encoding:
      - gzip, deflate
      Connection:
      - keep-alive
      Content-Length:
      - '26'
      Content-Type:
      - application/json
      User-Agent:
      - azsdk-python-confidentialledger/0.1 Python/3.8.5 (Linux-5.4.72-microsoft-standard-WSL2-x86_64-with-glibc2.29)
    method: POST
    uri: https://fake-confidential-ledger.azure.com/app/transactions?api-version=0.1-preview&subLedgerId=1
  response:
    body:
      string: '{"subLedgerId":"1"}'
    headers:
      content-length:
      - '19'
      content-type:
      - application/json
      x-ms-ccf-transaction-id:
      - '2.1663'
    status:
      code: 200
      message: OK
- request:
    body: '{"contents": "message-57"}'
    headers:
      Accept:
      - application/json
      Accept-Encoding:
      - gzip, deflate
      Connection:
      - keep-alive
      Content-Length:
      - '26'
      Content-Type:
      - application/json
      User-Agent:
      - azsdk-python-confidentialledger/0.1 Python/3.8.5 (Linux-5.4.72-microsoft-standard-WSL2-x86_64-with-glibc2.29)
    method: POST
    uri: https://fake-confidential-ledger.azure.com/app/transactions?api-version=0.1-preview&subLedgerId=2
  response:
    body:
      string: '{"subLedgerId":"2"}'
    headers:
      content-length:
      - '19'
      content-type:
      - application/json
      x-ms-ccf-transaction-id:
      - '2.1664'
    status:
      code: 200
      message: OK
- request:
    body: '{"contents": "message-58"}'
    headers:
      Accept:
      - application/json
      Accept-Encoding:
      - gzip, deflate
      Connection:
      - keep-alive
      Content-Length:
      - '26'
      Content-Type:
      - application/json
      User-Agent:
      - azsdk-python-confidentialledger/0.1 Python/3.8.5 (Linux-5.4.72-microsoft-standard-WSL2-x86_64-with-glibc2.29)
    method: POST
    uri: https://fake-confidential-ledger.azure.com/app/transactions?api-version=0.1-preview&subLedgerId=3
  response:
    body:
      string: '{"subLedgerId":"3"}'
    headers:
      content-length:
      - '19'
      content-type:
      - application/json
      x-ms-ccf-transaction-id:
      - '2.1665'
    status:
      code: 200
      message: OK
- request:
    body: '{"contents": "message-59"}'
    headers:
      Accept:
      - application/json
      Accept-Encoding:
      - gzip, deflate
      Connection:
      - keep-alive
      Content-Length:
      - '26'
      Content-Type:
      - application/json
      User-Agent:
      - azsdk-python-confidentialledger/0.1 Python/3.8.5 (Linux-5.4.72-microsoft-standard-WSL2-x86_64-with-glibc2.29)
    method: POST
    uri: https://fake-confidential-ledger.azure.com/app/transactions?api-version=0.1-preview&subLedgerId=4
  response:
    body:
      string: '{"subLedgerId":"4"}'
    headers:
      content-length:
      - '19'
      content-type:
      - application/json
      x-ms-ccf-transaction-id:
      - '2.1666'
    status:
      code: 200
      message: OK
- request:
    body: '{"contents": "message-60"}'
    headers:
      Accept:
      - application/json
      Accept-Encoding:
      - gzip, deflate
      Connection:
      - keep-alive
      Content-Length:
      - '26'
      Content-Type:
      - application/json
      User-Agent:
      - azsdk-python-confidentialledger/0.1 Python/3.8.5 (Linux-5.4.72-microsoft-standard-WSL2-x86_64-with-glibc2.29)
    method: POST
    uri: https://fake-confidential-ledger.azure.com/app/transactions?api-version=0.1-preview&subLedgerId=0
  response:
    body:
      string: '{"subLedgerId":"0"}'
    headers:
      content-length:
      - '19'
      content-type:
      - application/json
      x-ms-ccf-transaction-id:
      - '2.1667'
    status:
      code: 200
      message: OK
- request:
    body: '{"contents": "message-61"}'
    headers:
      Accept:
      - application/json
      Accept-Encoding:
      - gzip, deflate
      Connection:
      - keep-alive
      Content-Length:
      - '26'
      Content-Type:
      - application/json
      User-Agent:
      - azsdk-python-confidentialledger/0.1 Python/3.8.5 (Linux-5.4.72-microsoft-standard-WSL2-x86_64-with-glibc2.29)
    method: POST
    uri: https://fake-confidential-ledger.azure.com/app/transactions?api-version=0.1-preview&subLedgerId=1
  response:
    body:
      string: '{"subLedgerId":"1"}'
    headers:
      content-length:
      - '19'
      content-type:
      - application/json
      x-ms-ccf-transaction-id:
      - '2.1668'
    status:
      code: 200
      message: OK
- request:
    body: '{"contents": "message-62"}'
    headers:
      Accept:
      - application/json
      Accept-Encoding:
      - gzip, deflate
      Connection:
      - keep-alive
      Content-Length:
      - '26'
      Content-Type:
      - application/json
      User-Agent:
      - azsdk-python-confidentialledger/0.1 Python/3.8.5 (Linux-5.4.72-microsoft-standard-WSL2-x86_64-with-glibc2.29)
    method: POST
    uri: https://fake-confidential-ledger.azure.com/app/transactions?api-version=0.1-preview&subLedgerId=2
  response:
    body:
      string: '{"subLedgerId":"2"}'
    headers:
      content-length:
      - '19'
      content-type:
      - application/json
      x-ms-ccf-transaction-id:
      - '2.1670'
    status:
      code: 200
      message: OK
- request:
    body: '{"contents": "message-63"}'
    headers:
      Accept:
      - application/json
      Accept-Encoding:
      - gzip, deflate
      Connection:
      - keep-alive
      Content-Length:
      - '26'
      Content-Type:
      - application/json
      User-Agent:
      - azsdk-python-confidentialledger/0.1 Python/3.8.5 (Linux-5.4.72-microsoft-standard-WSL2-x86_64-with-glibc2.29)
    method: POST
    uri: https://fake-confidential-ledger.azure.com/app/transactions?api-version=0.1-preview&subLedgerId=3
  response:
    body:
      string: '{"subLedgerId":"3"}'
    headers:
      content-length:
      - '19'
      content-type:
      - application/json
      x-ms-ccf-transaction-id:
      - '2.1671'
    status:
      code: 200
      message: OK
- request:
    body: '{"contents": "message-64"}'
    headers:
      Accept:
      - application/json
      Accept-Encoding:
      - gzip, deflate
      Connection:
      - keep-alive
      Content-Length:
      - '26'
      Content-Type:
      - application/json
      User-Agent:
      - azsdk-python-confidentialledger/0.1 Python/3.8.5 (Linux-5.4.72-microsoft-standard-WSL2-x86_64-with-glibc2.29)
    method: POST
    uri: https://fake-confidential-ledger.azure.com/app/transactions?api-version=0.1-preview&subLedgerId=4
  response:
    body:
      string: '{"subLedgerId":"4"}'
    headers:
      content-length:
      - '19'
      content-type:
      - application/json
      x-ms-ccf-transaction-id:
      - '2.1672'
    status:
      code: 200
      message: OK
- request:
    body: '{"contents": "message-65"}'
    headers:
      Accept:
      - application/json
      Accept-Encoding:
      - gzip, deflate
      Connection:
      - keep-alive
      Content-Length:
      - '26'
      Content-Type:
      - application/json
      User-Agent:
      - azsdk-python-confidentialledger/0.1 Python/3.8.5 (Linux-5.4.72-microsoft-standard-WSL2-x86_64-with-glibc2.29)
    method: POST
    uri: https://fake-confidential-ledger.azure.com/app/transactions?api-version=0.1-preview&subLedgerId=0
  response:
    body:
      string: '{"subLedgerId":"0"}'
    headers:
      content-length:
      - '19'
      content-type:
      - application/json
      x-ms-ccf-transaction-id:
      - '2.1673'
    status:
      code: 200
      message: OK
- request:
    body: '{"contents": "message-66"}'
    headers:
      Accept:
      - application/json
      Accept-Encoding:
      - gzip, deflate
      Connection:
      - keep-alive
      Content-Length:
      - '26'
      Content-Type:
      - application/json
      User-Agent:
      - azsdk-python-confidentialledger/0.1 Python/3.8.5 (Linux-5.4.72-microsoft-standard-WSL2-x86_64-with-glibc2.29)
    method: POST
    uri: https://fake-confidential-ledger.azure.com/app/transactions?api-version=0.1-preview&subLedgerId=1
  response:
    body:
      string: '{"subLedgerId":"1"}'
    headers:
      content-length:
      - '19'
      content-type:
      - application/json
      x-ms-ccf-transaction-id:
      - '2.1674'
    status:
      code: 200
      message: OK
- request:
    body: '{"contents": "message-67"}'
    headers:
      Accept:
      - application/json
      Accept-Encoding:
      - gzip, deflate
      Connection:
      - keep-alive
      Content-Length:
      - '26'
      Content-Type:
      - application/json
      User-Agent:
      - azsdk-python-confidentialledger/0.1 Python/3.8.5 (Linux-5.4.72-microsoft-standard-WSL2-x86_64-with-glibc2.29)
    method: POST
    uri: https://fake-confidential-ledger.azure.com/app/transactions?api-version=0.1-preview&subLedgerId=2
  response:
    body:
      string: '{"subLedgerId":"2"}'
    headers:
      content-length:
      - '19'
      content-type:
      - application/json
      x-ms-ccf-transaction-id:
      - '2.1675'
    status:
      code: 200
      message: OK
- request:
    body: '{"contents": "message-68"}'
    headers:
      Accept:
      - application/json
      Accept-Encoding:
      - gzip, deflate
      Connection:
      - keep-alive
      Content-Length:
      - '26'
      Content-Type:
      - application/json
      User-Agent:
      - azsdk-python-confidentialledger/0.1 Python/3.8.5 (Linux-5.4.72-microsoft-standard-WSL2-x86_64-with-glibc2.29)
    method: POST
    uri: https://fake-confidential-ledger.azure.com/app/transactions?api-version=0.1-preview&subLedgerId=3
  response:
    body:
      string: '{"subLedgerId":"3"}'
    headers:
      content-length:
      - '19'
      content-type:
      - application/json
      x-ms-ccf-transaction-id:
      - '2.1676'
    status:
      code: 200
      message: OK
- request:
    body: '{"contents": "message-69"}'
    headers:
      Accept:
      - application/json
      Accept-Encoding:
      - gzip, deflate
      Connection:
      - keep-alive
      Content-Length:
      - '26'
      Content-Type:
      - application/json
      User-Agent:
      - azsdk-python-confidentialledger/0.1 Python/3.8.5 (Linux-5.4.72-microsoft-standard-WSL2-x86_64-with-glibc2.29)
    method: POST
    uri: https://fake-confidential-ledger.azure.com/app/transactions?api-version=0.1-preview&subLedgerId=4
  response:
    body:
      string: '{"subLedgerId":"4"}'
    headers:
      content-length:
      - '19'
      content-type:
      - application/json
      x-ms-ccf-transaction-id:
      - '2.1677'
    status:
      code: 200
      message: OK
- request:
    body: '{"contents": "message-70"}'
    headers:
      Accept:
      - application/json
      Accept-Encoding:
      - gzip, deflate
      Connection:
      - keep-alive
      Content-Length:
      - '26'
      Content-Type:
      - application/json
      User-Agent:
      - azsdk-python-confidentialledger/0.1 Python/3.8.5 (Linux-5.4.72-microsoft-standard-WSL2-x86_64-with-glibc2.29)
    method: POST
    uri: https://fake-confidential-ledger.azure.com/app/transactions?api-version=0.1-preview&subLedgerId=0
  response:
    body:
      string: '{"subLedgerId":"0"}'
    headers:
      content-length:
      - '19'
      content-type:
      - application/json
      x-ms-ccf-transaction-id:
      - '2.1678'
    status:
      code: 200
      message: OK
- request:
    body: '{"contents": "message-71"}'
    headers:
      Accept:
      - application/json
      Accept-Encoding:
      - gzip, deflate
      Connection:
      - keep-alive
      Content-Length:
      - '26'
      Content-Type:
      - application/json
      User-Agent:
      - azsdk-python-confidentialledger/0.1 Python/3.8.5 (Linux-5.4.72-microsoft-standard-WSL2-x86_64-with-glibc2.29)
    method: POST
    uri: https://fake-confidential-ledger.azure.com/app/transactions?api-version=0.1-preview&subLedgerId=1
  response:
    body:
      string: '{"subLedgerId":"1"}'
    headers:
      content-length:
      - '19'
      content-type:
      - application/json
      x-ms-ccf-transaction-id:
      - '2.1680'
    status:
      code: 200
      message: OK
- request:
    body: '{"contents": "message-72"}'
    headers:
      Accept:
      - application/json
      Accept-Encoding:
      - gzip, deflate
      Connection:
      - keep-alive
      Content-Length:
      - '26'
      Content-Type:
      - application/json
      User-Agent:
      - azsdk-python-confidentialledger/0.1 Python/3.8.5 (Linux-5.4.72-microsoft-standard-WSL2-x86_64-with-glibc2.29)
    method: POST
    uri: https://fake-confidential-ledger.azure.com/app/transactions?api-version=0.1-preview&subLedgerId=2
  response:
    body:
      string: '{"subLedgerId":"2"}'
    headers:
      content-length:
      - '19'
      content-type:
      - application/json
      x-ms-ccf-transaction-id:
      - '2.1681'
    status:
      code: 200
      message: OK
- request:
    body: '{"contents": "message-73"}'
    headers:
      Accept:
      - application/json
      Accept-Encoding:
      - gzip, deflate
      Connection:
      - keep-alive
      Content-Length:
      - '26'
      Content-Type:
      - application/json
      User-Agent:
      - azsdk-python-confidentialledger/0.1 Python/3.8.5 (Linux-5.4.72-microsoft-standard-WSL2-x86_64-with-glibc2.29)
    method: POST
    uri: https://fake-confidential-ledger.azure.com/app/transactions?api-version=0.1-preview&subLedgerId=3
  response:
    body:
      string: '{"subLedgerId":"3"}'
    headers:
      content-length:
      - '19'
      content-type:
      - application/json
      x-ms-ccf-transaction-id:
      - '2.1682'
    status:
      code: 200
      message: OK
- request:
    body: '{"contents": "message-74"}'
    headers:
      Accept:
      - application/json
      Accept-Encoding:
      - gzip, deflate
      Connection:
      - keep-alive
      Content-Length:
      - '26'
      Content-Type:
      - application/json
      User-Agent:
      - azsdk-python-confidentialledger/0.1 Python/3.8.5 (Linux-5.4.72-microsoft-standard-WSL2-x86_64-with-glibc2.29)
    method: POST
    uri: https://fake-confidential-ledger.azure.com/app/transactions?api-version=0.1-preview&subLedgerId=4
  response:
    body:
      string: '{"subLedgerId":"4"}'
    headers:
      content-length:
      - '19'
      content-type:
      - application/json
      x-ms-ccf-transaction-id:
      - '2.1683'
    status:
      code: 200
      message: OK
- request:
    body: '{"contents": "message-75"}'
    headers:
      Accept:
      - application/json
      Accept-Encoding:
      - gzip, deflate
      Connection:
      - keep-alive
      Content-Length:
      - '26'
      Content-Type:
      - application/json
      User-Agent:
      - azsdk-python-confidentialledger/0.1 Python/3.8.5 (Linux-5.4.72-microsoft-standard-WSL2-x86_64-with-glibc2.29)
    method: POST
    uri: https://fake-confidential-ledger.azure.com/app/transactions?api-version=0.1-preview&subLedgerId=0
  response:
    body:
      string: '{"subLedgerId":"0"}'
    headers:
      content-length:
      - '19'
      content-type:
      - application/json
      x-ms-ccf-transaction-id:
      - '2.1684'
    status:
      code: 200
      message: OK
- request:
    body: '{"contents": "message-76"}'
    headers:
      Accept:
      - application/json
      Accept-Encoding:
      - gzip, deflate
      Connection:
      - keep-alive
      Content-Length:
      - '26'
      Content-Type:
      - application/json
      User-Agent:
      - azsdk-python-confidentialledger/0.1 Python/3.8.5 (Linux-5.4.72-microsoft-standard-WSL2-x86_64-with-glibc2.29)
    method: POST
    uri: https://fake-confidential-ledger.azure.com/app/transactions?api-version=0.1-preview&subLedgerId=1
  response:
    body:
      string: '{"subLedgerId":"1"}'
    headers:
      content-length:
      - '19'
      content-type:
      - application/json
      x-ms-ccf-transaction-id:
      - '2.1685'
    status:
      code: 200
      message: OK
- request:
    body: '{"contents": "message-77"}'
    headers:
      Accept:
      - application/json
      Accept-Encoding:
      - gzip, deflate
      Connection:
      - keep-alive
      Content-Length:
      - '26'
      Content-Type:
      - application/json
      User-Agent:
      - azsdk-python-confidentialledger/0.1 Python/3.8.5 (Linux-5.4.72-microsoft-standard-WSL2-x86_64-with-glibc2.29)
    method: POST
    uri: https://fake-confidential-ledger.azure.com/app/transactions?api-version=0.1-preview&subLedgerId=2
  response:
    body:
      string: '{"subLedgerId":"2"}'
    headers:
      content-length:
      - '19'
      content-type:
      - application/json
      x-ms-ccf-transaction-id:
      - '2.1686'
    status:
      code: 200
      message: OK
- request:
    body: '{"contents": "message-78"}'
    headers:
      Accept:
      - application/json
      Accept-Encoding:
      - gzip, deflate
      Connection:
      - keep-alive
      Content-Length:
      - '26'
      Content-Type:
      - application/json
      User-Agent:
      - azsdk-python-confidentialledger/0.1 Python/3.8.5 (Linux-5.4.72-microsoft-standard-WSL2-x86_64-with-glibc2.29)
    method: POST
    uri: https://fake-confidential-ledger.azure.com/app/transactions?api-version=0.1-preview&subLedgerId=3
  response:
    body:
      string: '{"subLedgerId":"3"}'
    headers:
      content-length:
      - '19'
      content-type:
      - application/json
      x-ms-ccf-transaction-id:
      - '2.1687'
    status:
      code: 200
      message: OK
- request:
    body: '{"contents": "message-79"}'
    headers:
      Accept:
      - application/json
      Accept-Encoding:
      - gzip, deflate
      Connection:
      - keep-alive
      Content-Length:
      - '26'
      Content-Type:
      - application/json
      User-Agent:
      - azsdk-python-confidentialledger/0.1 Python/3.8.5 (Linux-5.4.72-microsoft-standard-WSL2-x86_64-with-glibc2.29)
    method: POST
    uri: https://fake-confidential-ledger.azure.com/app/transactions?api-version=0.1-preview&subLedgerId=4
  response:
    body:
      string: '{"subLedgerId":"4"}'
    headers:
      content-length:
      - '19'
      content-type:
      - application/json
      x-ms-ccf-transaction-id:
      - '2.1689'
    status:
      code: 200
      message: OK
- request:
    body: '{"contents": "message-80"}'
    headers:
      Accept:
      - application/json
      Accept-Encoding:
      - gzip, deflate
      Connection:
      - keep-alive
      Content-Length:
      - '26'
      Content-Type:
      - application/json
      User-Agent:
      - azsdk-python-confidentialledger/0.1 Python/3.8.5 (Linux-5.4.72-microsoft-standard-WSL2-x86_64-with-glibc2.29)
    method: POST
    uri: https://fake-confidential-ledger.azure.com/app/transactions?api-version=0.1-preview&subLedgerId=0
  response:
    body:
      string: '{"subLedgerId":"0"}'
    headers:
      content-length:
      - '19'
      content-type:
      - application/json
      x-ms-ccf-transaction-id:
      - '2.1690'
    status:
      code: 200
      message: OK
- request:
    body: '{"contents": "message-81"}'
    headers:
      Accept:
      - application/json
      Accept-Encoding:
      - gzip, deflate
      Connection:
      - keep-alive
      Content-Length:
      - '26'
      Content-Type:
      - application/json
      User-Agent:
      - azsdk-python-confidentialledger/0.1 Python/3.8.5 (Linux-5.4.72-microsoft-standard-WSL2-x86_64-with-glibc2.29)
    method: POST
    uri: https://fake-confidential-ledger.azure.com/app/transactions?api-version=0.1-preview&subLedgerId=1
  response:
    body:
      string: '{"subLedgerId":"1"}'
    headers:
      content-length:
      - '19'
      content-type:
      - application/json
      x-ms-ccf-transaction-id:
      - '2.1691'
    status:
      code: 200
      message: OK
- request:
    body: '{"contents": "message-82"}'
    headers:
      Accept:
      - application/json
      Accept-Encoding:
      - gzip, deflate
      Connection:
      - keep-alive
      Content-Length:
      - '26'
      Content-Type:
      - application/json
      User-Agent:
      - azsdk-python-confidentialledger/0.1 Python/3.8.5 (Linux-5.4.72-microsoft-standard-WSL2-x86_64-with-glibc2.29)
    method: POST
    uri: https://fake-confidential-ledger.azure.com/app/transactions?api-version=0.1-preview&subLedgerId=2
  response:
    body:
      string: '{"subLedgerId":"2"}'
    headers:
      content-length:
      - '19'
      content-type:
      - application/json
      x-ms-ccf-transaction-id:
      - '2.1692'
    status:
      code: 200
      message: OK
- request:
    body: '{"contents": "message-83"}'
    headers:
      Accept:
      - application/json
      Accept-Encoding:
      - gzip, deflate
      Connection:
      - keep-alive
      Content-Length:
      - '26'
      Content-Type:
      - application/json
      User-Agent:
      - azsdk-python-confidentialledger/0.1 Python/3.8.5 (Linux-5.4.72-microsoft-standard-WSL2-x86_64-with-glibc2.29)
    method: POST
    uri: https://fake-confidential-ledger.azure.com/app/transactions?api-version=0.1-preview&subLedgerId=3
  response:
    body:
      string: '{"subLedgerId":"3"}'
    headers:
      content-length:
      - '19'
      content-type:
      - application/json
      x-ms-ccf-transaction-id:
      - '2.1693'
    status:
      code: 200
      message: OK
- request:
    body: '{"contents": "message-84"}'
    headers:
      Accept:
      - application/json
      Accept-Encoding:
      - gzip, deflate
      Connection:
      - keep-alive
      Content-Length:
      - '26'
      Content-Type:
      - application/json
      User-Agent:
      - azsdk-python-confidentialledger/0.1 Python/3.8.5 (Linux-5.4.72-microsoft-standard-WSL2-x86_64-with-glibc2.29)
    method: POST
    uri: https://fake-confidential-ledger.azure.com/app/transactions?api-version=0.1-preview&subLedgerId=4
  response:
    body:
      string: '{"subLedgerId":"4"}'
    headers:
      content-length:
      - '19'
      content-type:
      - application/json
      x-ms-ccf-transaction-id:
      - '2.1694'
    status:
      code: 200
      message: OK
- request:
    body: '{"contents": "message-85"}'
    headers:
      Accept:
      - application/json
      Accept-Encoding:
      - gzip, deflate
      Connection:
      - keep-alive
      Content-Length:
      - '26'
      Content-Type:
      - application/json
      User-Agent:
      - azsdk-python-confidentialledger/0.1 Python/3.8.5 (Linux-5.4.72-microsoft-standard-WSL2-x86_64-with-glibc2.29)
    method: POST
    uri: https://fake-confidential-ledger.azure.com/app/transactions?api-version=0.1-preview&subLedgerId=0
  response:
    body:
      string: '{"subLedgerId":"0"}'
    headers:
      content-length:
      - '19'
      content-type:
      - application/json
      x-ms-ccf-transaction-id:
      - '2.1695'
    status:
      code: 200
      message: OK
- request:
    body: '{"contents": "message-86"}'
    headers:
      Accept:
      - application/json
      Accept-Encoding:
      - gzip, deflate
      Connection:
      - keep-alive
      Content-Length:
      - '26'
      Content-Type:
      - application/json
      User-Agent:
      - azsdk-python-confidentialledger/0.1 Python/3.8.5 (Linux-5.4.72-microsoft-standard-WSL2-x86_64-with-glibc2.29)
    method: POST
    uri: https://fake-confidential-ledger.azure.com/app/transactions?api-version=0.1-preview&subLedgerId=1
  response:
    body:
      string: '{"subLedgerId":"1"}'
    headers:
      content-length:
      - '19'
      content-type:
      - application/json
      x-ms-ccf-transaction-id:
      - '2.1696'
    status:
      code: 200
      message: OK
- request:
    body: '{"contents": "message-87"}'
    headers:
      Accept:
      - application/json
      Accept-Encoding:
      - gzip, deflate
      Connection:
      - keep-alive
      Content-Length:
      - '26'
      Content-Type:
      - application/json
      User-Agent:
      - azsdk-python-confidentialledger/0.1 Python/3.8.5 (Linux-5.4.72-microsoft-standard-WSL2-x86_64-with-glibc2.29)
    method: POST
    uri: https://fake-confidential-ledger.azure.com/app/transactions?api-version=0.1-preview&subLedgerId=2
  response:
    body:
      string: '{"subLedgerId":"2"}'
    headers:
      content-length:
      - '19'
      content-type:
      - application/json
      x-ms-ccf-transaction-id:
      - '2.1698'
    status:
      code: 200
      message: OK
- request:
    body: '{"contents": "message-88"}'
    headers:
      Accept:
      - application/json
      Accept-Encoding:
      - gzip, deflate
      Connection:
      - keep-alive
      Content-Length:
      - '26'
      Content-Type:
      - application/json
      User-Agent:
      - azsdk-python-confidentialledger/0.1 Python/3.8.5 (Linux-5.4.72-microsoft-standard-WSL2-x86_64-with-glibc2.29)
    method: POST
    uri: https://fake-confidential-ledger.azure.com/app/transactions?api-version=0.1-preview&subLedgerId=3
  response:
    body:
      string: '{"subLedgerId":"3"}'
    headers:
      content-length:
      - '19'
      content-type:
      - application/json
      x-ms-ccf-transaction-id:
      - '2.1699'
    status:
      code: 200
      message: OK
- request:
    body: '{"contents": "message-89"}'
    headers:
      Accept:
      - application/json
      Accept-Encoding:
      - gzip, deflate
      Connection:
      - keep-alive
      Content-Length:
      - '26'
      Content-Type:
      - application/json
      User-Agent:
      - azsdk-python-confidentialledger/0.1 Python/3.8.5 (Linux-5.4.72-microsoft-standard-WSL2-x86_64-with-glibc2.29)
    method: POST
    uri: https://fake-confidential-ledger.azure.com/app/transactions?api-version=0.1-preview&subLedgerId=4
  response:
    body:
      string: '{"subLedgerId":"4"}'
    headers:
      content-length:
      - '19'
      content-type:
      - application/json
      x-ms-ccf-transaction-id:
      - '2.1700'
    status:
      code: 200
      message: OK
- request:
    body: '{"contents": "message-90"}'
    headers:
      Accept:
      - application/json
      Accept-Encoding:
      - gzip, deflate
      Connection:
      - keep-alive
      Content-Length:
      - '26'
      Content-Type:
      - application/json
      User-Agent:
      - azsdk-python-confidentialledger/0.1 Python/3.8.5 (Linux-5.4.72-microsoft-standard-WSL2-x86_64-with-glibc2.29)
    method: POST
    uri: https://fake-confidential-ledger.azure.com/app/transactions?api-version=0.1-preview&subLedgerId=0
  response:
    body:
      string: '{"subLedgerId":"0"}'
    headers:
      content-length:
      - '19'
      content-type:
      - application/json
      x-ms-ccf-transaction-id:
      - '2.1701'
    status:
      code: 200
      message: OK
- request:
    body: '{"contents": "message-91"}'
    headers:
      Accept:
      - application/json
      Accept-Encoding:
      - gzip, deflate
      Connection:
      - keep-alive
      Content-Length:
      - '26'
      Content-Type:
      - application/json
      User-Agent:
      - azsdk-python-confidentialledger/0.1 Python/3.8.5 (Linux-5.4.72-microsoft-standard-WSL2-x86_64-with-glibc2.29)
    method: POST
    uri: https://fake-confidential-ledger.azure.com/app/transactions?api-version=0.1-preview&subLedgerId=1
  response:
    body:
      string: '{"subLedgerId":"1"}'
    headers:
      content-length:
      - '19'
      content-type:
      - application/json
      x-ms-ccf-transaction-id:
      - '2.1702'
    status:
      code: 200
      message: OK
- request:
    body: '{"contents": "message-92"}'
    headers:
      Accept:
      - application/json
      Accept-Encoding:
      - gzip, deflate
      Connection:
      - keep-alive
      Content-Length:
      - '26'
      Content-Type:
      - application/json
      User-Agent:
      - azsdk-python-confidentialledger/0.1 Python/3.8.5 (Linux-5.4.72-microsoft-standard-WSL2-x86_64-with-glibc2.29)
    method: POST
    uri: https://fake-confidential-ledger.azure.com/app/transactions?api-version=0.1-preview&subLedgerId=2
  response:
    body:
      string: '{"subLedgerId":"2"}'
    headers:
      content-length:
      - '19'
      content-type:
      - application/json
      x-ms-ccf-transaction-id:
      - '2.1703'
    status:
      code: 200
      message: OK
- request:
    body: '{"contents": "message-93"}'
    headers:
      Accept:
      - application/json
      Accept-Encoding:
      - gzip, deflate
      Connection:
      - keep-alive
      Content-Length:
      - '26'
      Content-Type:
      - application/json
      User-Agent:
      - azsdk-python-confidentialledger/0.1 Python/3.8.5 (Linux-5.4.72-microsoft-standard-WSL2-x86_64-with-glibc2.29)
    method: POST
    uri: https://fake-confidential-ledger.azure.com/app/transactions?api-version=0.1-preview&subLedgerId=3
  response:
    body:
      string: '{"subLedgerId":"3"}'
    headers:
      content-length:
      - '19'
      content-type:
      - application/json
      x-ms-ccf-transaction-id:
      - '2.1704'
    status:
      code: 200
      message: OK
- request:
    body: '{"contents": "message-94"}'
    headers:
      Accept:
      - application/json
      Accept-Encoding:
      - gzip, deflate
      Connection:
      - keep-alive
      Content-Length:
      - '26'
      Content-Type:
      - application/json
      User-Agent:
      - azsdk-python-confidentialledger/0.1 Python/3.8.5 (Linux-5.4.72-microsoft-standard-WSL2-x86_64-with-glibc2.29)
    method: POST
    uri: https://fake-confidential-ledger.azure.com/app/transactions?api-version=0.1-preview&subLedgerId=4
  response:
    body:
      string: '{"subLedgerId":"4"}'
    headers:
      content-length:
      - '19'
      content-type:
      - application/json
      x-ms-ccf-transaction-id:
      - '2.1705'
    status:
      code: 200
      message: OK
- request:
    body: '{"contents": "message-95"}'
    headers:
      Accept:
      - application/json
      Accept-Encoding:
      - gzip, deflate
      Connection:
      - keep-alive
      Content-Length:
      - '26'
      Content-Type:
      - application/json
      User-Agent:
      - azsdk-python-confidentialledger/0.1 Python/3.8.5 (Linux-5.4.72-microsoft-standard-WSL2-x86_64-with-glibc2.29)
    method: POST
    uri: https://fake-confidential-ledger.azure.com/app/transactions?api-version=0.1-preview&subLedgerId=0
  response:
    body:
      string: '{"subLedgerId":"0"}'
    headers:
      content-length:
      - '19'
      content-type:
      - application/json
      x-ms-ccf-transaction-id:
      - '2.1707'
    status:
      code: 200
      message: OK
- request:
    body: '{"contents": "message-96"}'
    headers:
      Accept:
      - application/json
      Accept-Encoding:
      - gzip, deflate
      Connection:
      - keep-alive
      Content-Length:
      - '26'
      Content-Type:
      - application/json
      User-Agent:
      - azsdk-python-confidentialledger/0.1 Python/3.8.5 (Linux-5.4.72-microsoft-standard-WSL2-x86_64-with-glibc2.29)
    method: POST
    uri: https://fake-confidential-ledger.azure.com/app/transactions?api-version=0.1-preview&subLedgerId=1
  response:
    body:
      string: '{"subLedgerId":"1"}'
    headers:
      content-length:
      - '19'
      content-type:
      - application/json
      x-ms-ccf-transaction-id:
      - '2.1708'
    status:
      code: 200
      message: OK
- request:
    body: '{"contents": "message-97"}'
    headers:
      Accept:
      - application/json
      Accept-Encoding:
      - gzip, deflate
      Connection:
      - keep-alive
      Content-Length:
      - '26'
      Content-Type:
      - application/json
      User-Agent:
      - azsdk-python-confidentialledger/0.1 Python/3.8.5 (Linux-5.4.72-microsoft-standard-WSL2-x86_64-with-glibc2.29)
    method: POST
    uri: https://fake-confidential-ledger.azure.com/app/transactions?api-version=0.1-preview&subLedgerId=2
  response:
    body:
      string: '{"subLedgerId":"2"}'
    headers:
      content-length:
      - '19'
      content-type:
      - application/json
      x-ms-ccf-transaction-id:
      - '2.1709'
    status:
      code: 200
      message: OK
- request:
    body: '{"contents": "message-98"}'
    headers:
      Accept:
      - application/json
      Accept-Encoding:
      - gzip, deflate
      Connection:
      - keep-alive
      Content-Length:
      - '26'
      Content-Type:
      - application/json
      User-Agent:
      - azsdk-python-confidentialledger/0.1 Python/3.8.5 (Linux-5.4.72-microsoft-standard-WSL2-x86_64-with-glibc2.29)
    method: POST
    uri: https://fake-confidential-ledger.azure.com/app/transactions?api-version=0.1-preview&subLedgerId=3
  response:
    body:
      string: '{"subLedgerId":"3"}'
    headers:
      content-length:
      - '19'
      content-type:
      - application/json
      x-ms-ccf-transaction-id:
      - '2.1710'
    status:
      code: 200
      message: OK
- request:
    body: '{"contents": "message-99"}'
    headers:
      Accept:
      - application/json
      Accept-Encoding:
      - gzip, deflate
      Connection:
      - keep-alive
      Content-Length:
      - '26'
      Content-Type:
      - application/json
      User-Agent:
      - azsdk-python-confidentialledger/0.1 Python/3.8.5 (Linux-5.4.72-microsoft-standard-WSL2-x86_64-with-glibc2.29)
    method: POST
    uri: https://fake-confidential-ledger.azure.com/app/transactions?api-version=0.1-preview&subLedgerId=4
  response:
    body:
      string: '{"subLedgerId":"4"}'
    headers:
      content-length:
      - '19'
      content-type:
      - application/json
      x-ms-ccf-transaction-id:
      - '2.1711'
    status:
      code: 200
      message: OK
- request:
    body: '{"contents": "message-100"}'
    headers:
      Accept:
      - application/json
      Accept-Encoding:
      - gzip, deflate
      Connection:
      - keep-alive
      Content-Length:
      - '27'
      Content-Type:
      - application/json
      User-Agent:
      - azsdk-python-confidentialledger/0.1 Python/3.8.5 (Linux-5.4.72-microsoft-standard-WSL2-x86_64-with-glibc2.29)
    method: POST
    uri: https://fake-confidential-ledger.azure.com/app/transactions?api-version=0.1-preview&subLedgerId=0
  response:
    body:
      string: '{"subLedgerId":"0"}'
    headers:
      content-length:
      - '19'
      content-type:
      - application/json
      x-ms-ccf-transaction-id:
      - '2.1712'
    status:
      code: 200
      message: OK
- request:
    body: '{"contents": "message-101"}'
    headers:
      Accept:
      - application/json
      Accept-Encoding:
      - gzip, deflate
      Connection:
      - keep-alive
      Content-Length:
      - '27'
      Content-Type:
      - application/json
      User-Agent:
      - azsdk-python-confidentialledger/0.1 Python/3.8.5 (Linux-5.4.72-microsoft-standard-WSL2-x86_64-with-glibc2.29)
    method: POST
    uri: https://fake-confidential-ledger.azure.com/app/transactions?api-version=0.1-preview&subLedgerId=1
  response:
    body:
      string: '{"subLedgerId":"1"}'
    headers:
      content-length:
      - '19'
      content-type:
      - application/json
      x-ms-ccf-transaction-id:
      - '2.1713'
    status:
      code: 200
      message: OK
- request:
    body: '{"contents": "message-102"}'
    headers:
      Accept:
      - application/json
      Accept-Encoding:
      - gzip, deflate
      Connection:
      - keep-alive
      Content-Length:
      - '27'
      Content-Type:
      - application/json
      User-Agent:
      - azsdk-python-confidentialledger/0.1 Python/3.8.5 (Linux-5.4.72-microsoft-standard-WSL2-x86_64-with-glibc2.29)
    method: POST
    uri: https://fake-confidential-ledger.azure.com/app/transactions?api-version=0.1-preview&subLedgerId=2
  response:
    body:
      string: '{"subLedgerId":"2"}'
    headers:
      content-length:
      - '19'
      content-type:
      - application/json
      x-ms-ccf-transaction-id:
      - '2.1714'
    status:
      code: 200
      message: OK
- request:
    body: '{"contents": "message-103"}'
    headers:
      Accept:
      - application/json
      Accept-Encoding:
      - gzip, deflate
      Connection:
      - keep-alive
      Content-Length:
      - '27'
      Content-Type:
      - application/json
      User-Agent:
      - azsdk-python-confidentialledger/0.1 Python/3.8.5 (Linux-5.4.72-microsoft-standard-WSL2-x86_64-with-glibc2.29)
    method: POST
    uri: https://fake-confidential-ledger.azure.com/app/transactions?api-version=0.1-preview&subLedgerId=3
  response:
    body:
      string: '{"subLedgerId":"3"}'
    headers:
      content-length:
      - '19'
      content-type:
      - application/json
      x-ms-ccf-transaction-id:
      - '2.1715'
    status:
      code: 200
      message: OK
- request:
    body: '{"contents": "message-104"}'
    headers:
      Accept:
      - application/json
      Accept-Encoding:
      - gzip, deflate
      Connection:
      - keep-alive
      Content-Length:
      - '27'
      Content-Type:
      - application/json
      User-Agent:
      - azsdk-python-confidentialledger/0.1 Python/3.8.5 (Linux-5.4.72-microsoft-standard-WSL2-x86_64-with-glibc2.29)
    method: POST
    uri: https://fake-confidential-ledger.azure.com/app/transactions?api-version=0.1-preview&subLedgerId=4
  response:
    body:
      string: '{"subLedgerId":"4"}'
    headers:
      content-length:
      - '19'
      content-type:
      - application/json
      x-ms-ccf-transaction-id:
      - '2.1717'
    status:
      code: 200
      message: OK
- request:
    body: '{"contents": "message-105"}'
    headers:
      Accept:
      - application/json
      Accept-Encoding:
      - gzip, deflate
      Connection:
      - keep-alive
      Content-Length:
      - '27'
      Content-Type:
      - application/json
      User-Agent:
      - azsdk-python-confidentialledger/0.1 Python/3.8.5 (Linux-5.4.72-microsoft-standard-WSL2-x86_64-with-glibc2.29)
    method: POST
    uri: https://fake-confidential-ledger.azure.com/app/transactions?api-version=0.1-preview&subLedgerId=0
  response:
    body:
      string: '{"subLedgerId":"0"}'
    headers:
      content-length:
      - '19'
      content-type:
      - application/json
      x-ms-ccf-transaction-id:
      - '2.1718'
    status:
      code: 200
      message: OK
- request:
    body: '{"contents": "message-106"}'
    headers:
      Accept:
      - application/json
      Accept-Encoding:
      - gzip, deflate
      Connection:
      - keep-alive
      Content-Length:
      - '27'
      Content-Type:
      - application/json
      User-Agent:
      - azsdk-python-confidentialledger/0.1 Python/3.8.5 (Linux-5.4.72-microsoft-standard-WSL2-x86_64-with-glibc2.29)
    method: POST
    uri: https://fake-confidential-ledger.azure.com/app/transactions?api-version=0.1-preview&subLedgerId=1
  response:
    body:
      string: '{"subLedgerId":"1"}'
    headers:
      content-length:
      - '19'
      content-type:
      - application/json
      x-ms-ccf-transaction-id:
      - '2.1719'
    status:
      code: 200
      message: OK
- request:
    body: '{"contents": "message-107"}'
    headers:
      Accept:
      - application/json
      Accept-Encoding:
      - gzip, deflate
      Connection:
      - keep-alive
      Content-Length:
      - '27'
      Content-Type:
      - application/json
      User-Agent:
      - azsdk-python-confidentialledger/0.1 Python/3.8.5 (Linux-5.4.72-microsoft-standard-WSL2-x86_64-with-glibc2.29)
    method: POST
    uri: https://fake-confidential-ledger.azure.com/app/transactions?api-version=0.1-preview&subLedgerId=2
  response:
    body:
      string: '{"subLedgerId":"2"}'
    headers:
      content-length:
      - '19'
      content-type:
      - application/json
      x-ms-ccf-transaction-id:
      - '2.1720'
    status:
      code: 200
      message: OK
- request:
    body: '{"contents": "message-108"}'
    headers:
      Accept:
      - application/json
      Accept-Encoding:
      - gzip, deflate
      Connection:
      - keep-alive
      Content-Length:
      - '27'
      Content-Type:
      - application/json
      User-Agent:
      - azsdk-python-confidentialledger/0.1 Python/3.8.5 (Linux-5.4.72-microsoft-standard-WSL2-x86_64-with-glibc2.29)
    method: POST
    uri: https://fake-confidential-ledger.azure.com/app/transactions?api-version=0.1-preview&subLedgerId=3
  response:
    body:
      string: '{"subLedgerId":"3"}'
    headers:
      content-length:
      - '19'
      content-type:
      - application/json
      x-ms-ccf-transaction-id:
      - '2.1721'
    status:
      code: 200
      message: OK
- request:
    body: '{"contents": "message-109"}'
    headers:
      Accept:
      - application/json
      Accept-Encoding:
      - gzip, deflate
      Connection:
      - keep-alive
      Content-Length:
      - '27'
      Content-Type:
      - application/json
      User-Agent:
      - azsdk-python-confidentialledger/0.1 Python/3.8.5 (Linux-5.4.72-microsoft-standard-WSL2-x86_64-with-glibc2.29)
    method: POST
    uri: https://fake-confidential-ledger.azure.com/app/transactions?api-version=0.1-preview&subLedgerId=4
  response:
    body:
      string: '{"subLedgerId":"4"}'
    headers:
      content-length:
      - '19'
      content-type:
      - application/json
      x-ms-ccf-transaction-id:
      - '2.1722'
    status:
      code: 200
      message: OK
- request:
    body: '{"contents": "message-110"}'
    headers:
      Accept:
      - application/json
      Accept-Encoding:
      - gzip, deflate
      Connection:
      - keep-alive
      Content-Length:
      - '27'
      Content-Type:
      - application/json
      User-Agent:
      - azsdk-python-confidentialledger/0.1 Python/3.8.5 (Linux-5.4.72-microsoft-standard-WSL2-x86_64-with-glibc2.29)
    method: POST
    uri: https://fake-confidential-ledger.azure.com/app/transactions?api-version=0.1-preview&subLedgerId=0
  response:
    body:
      string: '{"subLedgerId":"0"}'
    headers:
      content-length:
      - '19'
      content-type:
      - application/json
      x-ms-ccf-transaction-id:
      - '2.1723'
    status:
      code: 200
      message: OK
- request:
    body: '{"contents": "message-111"}'
    headers:
      Accept:
      - application/json
      Accept-Encoding:
      - gzip, deflate
      Connection:
      - keep-alive
      Content-Length:
      - '27'
      Content-Type:
      - application/json
      User-Agent:
      - azsdk-python-confidentialledger/0.1 Python/3.8.5 (Linux-5.4.72-microsoft-standard-WSL2-x86_64-with-glibc2.29)
    method: POST
    uri: https://fake-confidential-ledger.azure.com/app/transactions?api-version=0.1-preview&subLedgerId=1
  response:
    body:
      string: '{"subLedgerId":"1"}'
    headers:
      content-length:
      - '19'
      content-type:
      - application/json
      x-ms-ccf-transaction-id:
      - '2.1724'
    status:
      code: 200
      message: OK
- request:
    body: '{"contents": "message-112"}'
    headers:
      Accept:
      - application/json
      Accept-Encoding:
      - gzip, deflate
      Connection:
      - keep-alive
      Content-Length:
      - '27'
      Content-Type:
      - application/json
      User-Agent:
      - azsdk-python-confidentialledger/0.1 Python/3.8.5 (Linux-5.4.72-microsoft-standard-WSL2-x86_64-with-glibc2.29)
    method: POST
    uri: https://fake-confidential-ledger.azure.com/app/transactions?api-version=0.1-preview&subLedgerId=2
  response:
    body:
      string: '{"subLedgerId":"2"}'
    headers:
      content-length:
      - '19'
      content-type:
      - application/json
      x-ms-ccf-transaction-id:
      - '2.1726'
    status:
      code: 200
      message: OK
- request:
    body: '{"contents": "message-113"}'
    headers:
      Accept:
      - application/json
      Accept-Encoding:
      - gzip, deflate
      Connection:
      - keep-alive
      Content-Length:
      - '27'
      Content-Type:
      - application/json
      User-Agent:
      - azsdk-python-confidentialledger/0.1 Python/3.8.5 (Linux-5.4.72-microsoft-standard-WSL2-x86_64-with-glibc2.29)
    method: POST
    uri: https://fake-confidential-ledger.azure.com/app/transactions?api-version=0.1-preview&subLedgerId=3
  response:
    body:
      string: '{"subLedgerId":"3"}'
    headers:
      content-length:
      - '19'
      content-type:
      - application/json
      x-ms-ccf-transaction-id:
      - '2.1727'
    status:
      code: 200
      message: OK
- request:
    body: '{"contents": "message-114"}'
    headers:
      Accept:
      - application/json
      Accept-Encoding:
      - gzip, deflate
      Connection:
      - keep-alive
      Content-Length:
      - '27'
      Content-Type:
      - application/json
      User-Agent:
      - azsdk-python-confidentialledger/0.1 Python/3.8.5 (Linux-5.4.72-microsoft-standard-WSL2-x86_64-with-glibc2.29)
    method: POST
    uri: https://fake-confidential-ledger.azure.com/app/transactions?api-version=0.1-preview&subLedgerId=4
  response:
    body:
      string: '{"subLedgerId":"4"}'
    headers:
      content-length:
      - '19'
      content-type:
      - application/json
      x-ms-ccf-transaction-id:
      - '2.1728'
    status:
      code: 200
      message: OK
- request:
    body: '{"contents": "message-115"}'
    headers:
      Accept:
      - application/json
      Accept-Encoding:
      - gzip, deflate
      Connection:
      - keep-alive
      Content-Length:
      - '27'
      Content-Type:
      - application/json
      User-Agent:
      - azsdk-python-confidentialledger/0.1 Python/3.8.5 (Linux-5.4.72-microsoft-standard-WSL2-x86_64-with-glibc2.29)
    method: POST
    uri: https://fake-confidential-ledger.azure.com/app/transactions?api-version=0.1-preview&subLedgerId=0
  response:
    body:
      string: '{"subLedgerId":"0"}'
    headers:
      content-length:
      - '19'
      content-type:
      - application/json
      x-ms-ccf-transaction-id:
      - '2.1729'
    status:
      code: 200
      message: OK
- request:
    body: '{"contents": "message-116"}'
    headers:
      Accept:
      - application/json
      Accept-Encoding:
      - gzip, deflate
      Connection:
      - keep-alive
      Content-Length:
      - '27'
      Content-Type:
      - application/json
      User-Agent:
      - azsdk-python-confidentialledger/0.1 Python/3.8.5 (Linux-5.4.72-microsoft-standard-WSL2-x86_64-with-glibc2.29)
    method: POST
    uri: https://fake-confidential-ledger.azure.com/app/transactions?api-version=0.1-preview&subLedgerId=1
  response:
    body:
      string: '{"subLedgerId":"1"}'
    headers:
      content-length:
      - '19'
      content-type:
      - application/json
      x-ms-ccf-transaction-id:
      - '2.1730'
    status:
      code: 200
      message: OK
- request:
    body: '{"contents": "message-117"}'
    headers:
      Accept:
      - application/json
      Accept-Encoding:
      - gzip, deflate
      Connection:
      - keep-alive
      Content-Length:
      - '27'
      Content-Type:
      - application/json
      User-Agent:
      - azsdk-python-confidentialledger/0.1 Python/3.8.5 (Linux-5.4.72-microsoft-standard-WSL2-x86_64-with-glibc2.29)
    method: POST
    uri: https://fake-confidential-ledger.azure.com/app/transactions?api-version=0.1-preview&subLedgerId=2
  response:
    body:
      string: '{"subLedgerId":"2"}'
    headers:
      content-length:
      - '19'
      content-type:
      - application/json
      x-ms-ccf-transaction-id:
      - '2.1731'
    status:
      code: 200
      message: OK
- request:
    body: '{"contents": "message-118"}'
    headers:
      Accept:
      - application/json
      Accept-Encoding:
      - gzip, deflate
      Connection:
      - keep-alive
      Content-Length:
      - '27'
      Content-Type:
      - application/json
      User-Agent:
      - azsdk-python-confidentialledger/0.1 Python/3.8.5 (Linux-5.4.72-microsoft-standard-WSL2-x86_64-with-glibc2.29)
    method: POST
    uri: https://fake-confidential-ledger.azure.com/app/transactions?api-version=0.1-preview&subLedgerId=3
  response:
    body:
      string: '{"subLedgerId":"3"}'
    headers:
      content-length:
      - '19'
      content-type:
      - application/json
      x-ms-ccf-transaction-id:
      - '2.1732'
    status:
      code: 200
      message: OK
- request:
    body: '{"contents": "message-119"}'
    headers:
      Accept:
      - application/json
      Accept-Encoding:
      - gzip, deflate
      Connection:
      - keep-alive
      Content-Length:
      - '27'
      Content-Type:
      - application/json
      User-Agent:
      - azsdk-python-confidentialledger/0.1 Python/3.8.5 (Linux-5.4.72-microsoft-standard-WSL2-x86_64-with-glibc2.29)
    method: POST
    uri: https://fake-confidential-ledger.azure.com/app/transactions?api-version=0.1-preview&subLedgerId=4
  response:
    body:
      string: '{"subLedgerId":"4"}'
    headers:
      content-length:
      - '19'
      content-type:
      - application/json
      x-ms-ccf-transaction-id:
      - '2.1733'
    status:
      code: 200
      message: OK
- request:
    body: '{"contents": "message-120"}'
    headers:
      Accept:
      - application/json
      Accept-Encoding:
      - gzip, deflate
      Connection:
      - keep-alive
      Content-Length:
      - '27'
      Content-Type:
      - application/json
      User-Agent:
      - azsdk-python-confidentialledger/0.1 Python/3.8.5 (Linux-5.4.72-microsoft-standard-WSL2-x86_64-with-glibc2.29)
    method: POST
    uri: https://fake-confidential-ledger.azure.com/app/transactions?api-version=0.1-preview&subLedgerId=0
  response:
    body:
      string: '{"subLedgerId":"0"}'
    headers:
      content-length:
      - '19'
      content-type:
      - application/json
      x-ms-ccf-transaction-id:
      - '2.1735'
    status:
      code: 200
      message: OK
- request:
    body: '{"contents": "message-121"}'
    headers:
      Accept:
      - application/json
      Accept-Encoding:
      - gzip, deflate
      Connection:
      - keep-alive
      Content-Length:
      - '27'
      Content-Type:
      - application/json
      User-Agent:
      - azsdk-python-confidentialledger/0.1 Python/3.8.5 (Linux-5.4.72-microsoft-standard-WSL2-x86_64-with-glibc2.29)
    method: POST
    uri: https://fake-confidential-ledger.azure.com/app/transactions?api-version=0.1-preview&subLedgerId=1
  response:
    body:
      string: '{"subLedgerId":"1"}'
    headers:
      content-length:
      - '19'
      content-type:
      - application/json
      x-ms-ccf-transaction-id:
      - '2.1736'
    status:
      code: 200
      message: OK
- request:
    body: '{"contents": "message-122"}'
    headers:
      Accept:
      - application/json
      Accept-Encoding:
      - gzip, deflate
      Connection:
      - keep-alive
      Content-Length:
      - '27'
      Content-Type:
      - application/json
      User-Agent:
      - azsdk-python-confidentialledger/0.1 Python/3.8.5 (Linux-5.4.72-microsoft-standard-WSL2-x86_64-with-glibc2.29)
    method: POST
    uri: https://fake-confidential-ledger.azure.com/app/transactions?api-version=0.1-preview&subLedgerId=2
  response:
    body:
      string: '{"subLedgerId":"2"}'
    headers:
      content-length:
      - '19'
      content-type:
      - application/json
      x-ms-ccf-transaction-id:
      - '2.1737'
    status:
      code: 200
      message: OK
- request:
    body: '{"contents": "message-123"}'
    headers:
      Accept:
      - application/json
      Accept-Encoding:
      - gzip, deflate
      Connection:
      - keep-alive
      Content-Length:
      - '27'
      Content-Type:
      - application/json
      User-Agent:
      - azsdk-python-confidentialledger/0.1 Python/3.8.5 (Linux-5.4.72-microsoft-standard-WSL2-x86_64-with-glibc2.29)
    method: POST
    uri: https://fake-confidential-ledger.azure.com/app/transactions?api-version=0.1-preview&subLedgerId=3
  response:
    body:
      string: '{"subLedgerId":"3"}'
    headers:
      content-length:
      - '19'
      content-type:
      - application/json
      x-ms-ccf-transaction-id:
      - '2.1738'
    status:
      code: 200
      message: OK
- request:
    body: '{"contents": "message-124"}'
    headers:
      Accept:
      - application/json
      Accept-Encoding:
      - gzip, deflate
      Connection:
      - keep-alive
      Content-Length:
      - '27'
      Content-Type:
      - application/json
      User-Agent:
      - azsdk-python-confidentialledger/0.1 Python/3.8.5 (Linux-5.4.72-microsoft-standard-WSL2-x86_64-with-glibc2.29)
    method: POST
    uri: https://fake-confidential-ledger.azure.com/app/transactions?api-version=0.1-preview&subLedgerId=4
  response:
    body:
      string: '{"subLedgerId":"4"}'
    headers:
      content-length:
      - '19'
      content-type:
      - application/json
      x-ms-ccf-transaction-id:
      - '2.1739'
    status:
      code: 200
      message: OK
- request:
    body: '{"contents": "message-125"}'
    headers:
      Accept:
      - application/json
      Accept-Encoding:
      - gzip, deflate
      Connection:
      - keep-alive
      Content-Length:
      - '27'
      Content-Type:
      - application/json
      User-Agent:
      - azsdk-python-confidentialledger/0.1 Python/3.8.5 (Linux-5.4.72-microsoft-standard-WSL2-x86_64-with-glibc2.29)
    method: POST
    uri: https://fake-confidential-ledger.azure.com/app/transactions?api-version=0.1-preview&subLedgerId=0
  response:
    body:
      string: '{"subLedgerId":"0"}'
    headers:
      content-length:
      - '19'
      content-type:
      - application/json
      x-ms-ccf-transaction-id:
      - '2.1740'
    status:
      code: 200
      message: OK
- request:
    body: '{"contents": "message-126"}'
    headers:
      Accept:
      - application/json
      Accept-Encoding:
      - gzip, deflate
      Connection:
      - keep-alive
      Content-Length:
      - '27'
      Content-Type:
      - application/json
      User-Agent:
      - azsdk-python-confidentialledger/0.1 Python/3.8.5 (Linux-5.4.72-microsoft-standard-WSL2-x86_64-with-glibc2.29)
    method: POST
    uri: https://fake-confidential-ledger.azure.com/app/transactions?api-version=0.1-preview&subLedgerId=1
  response:
    body:
      string: '{"subLedgerId":"1"}'
    headers:
      content-length:
      - '19'
      content-type:
      - application/json
      x-ms-ccf-transaction-id:
      - '2.1741'
    status:
      code: 200
      message: OK
- request:
    body: '{"contents": "message-127"}'
    headers:
      Accept:
      - application/json
      Accept-Encoding:
      - gzip, deflate
      Connection:
      - keep-alive
      Content-Length:
      - '27'
      Content-Type:
      - application/json
      User-Agent:
      - azsdk-python-confidentialledger/0.1 Python/3.8.5 (Linux-5.4.72-microsoft-standard-WSL2-x86_64-with-glibc2.29)
    method: POST
    uri: https://fake-confidential-ledger.azure.com/app/transactions?api-version=0.1-preview&subLedgerId=2
  response:
    body:
      string: '{"subLedgerId":"2"}'
    headers:
      content-length:
      - '19'
      content-type:
      - application/json
      x-ms-ccf-transaction-id:
      - '2.1743'
    status:
      code: 200
      message: OK
- request:
    body: '{"contents": "message-128"}'
    headers:
      Accept:
      - application/json
      Accept-Encoding:
      - gzip, deflate
      Connection:
      - keep-alive
      Content-Length:
      - '27'
      Content-Type:
      - application/json
      User-Agent:
      - azsdk-python-confidentialledger/0.1 Python/3.8.5 (Linux-5.4.72-microsoft-standard-WSL2-x86_64-with-glibc2.29)
    method: POST
    uri: https://fake-confidential-ledger.azure.com/app/transactions?api-version=0.1-preview&subLedgerId=3
  response:
    body:
      string: '{"subLedgerId":"3"}'
    headers:
      content-length:
      - '19'
      content-type:
      - application/json
      x-ms-ccf-transaction-id:
      - '2.1744'
    status:
      code: 200
      message: OK
- request:
    body: '{"contents": "message-129"}'
    headers:
      Accept:
      - application/json
      Accept-Encoding:
      - gzip, deflate
      Connection:
      - keep-alive
      Content-Length:
      - '27'
      Content-Type:
      - application/json
      User-Agent:
      - azsdk-python-confidentialledger/0.1 Python/3.8.5 (Linux-5.4.72-microsoft-standard-WSL2-x86_64-with-glibc2.29)
    method: POST
    uri: https://fake-confidential-ledger.azure.com/app/transactions?api-version=0.1-preview&subLedgerId=4
  response:
    body:
      string: '{"subLedgerId":"4"}'
    headers:
      content-length:
      - '19'
      content-type:
      - application/json
      x-ms-ccf-transaction-id:
      - '2.1745'
    status:
      code: 200
      message: OK
- request:
    body: '{"contents": "message-130"}'
    headers:
      Accept:
      - application/json
      Accept-Encoding:
      - gzip, deflate
      Connection:
      - keep-alive
      Content-Length:
      - '27'
      Content-Type:
      - application/json
      User-Agent:
      - azsdk-python-confidentialledger/0.1 Python/3.8.5 (Linux-5.4.72-microsoft-standard-WSL2-x86_64-with-glibc2.29)
    method: POST
    uri: https://fake-confidential-ledger.azure.com/app/transactions?api-version=0.1-preview&subLedgerId=0
  response:
    body:
      string: '{"subLedgerId":"0"}'
    headers:
      content-length:
      - '19'
      content-type:
      - application/json
      x-ms-ccf-transaction-id:
      - '2.1746'
    status:
      code: 200
      message: OK
- request:
    body: '{"contents": "message-131"}'
    headers:
      Accept:
      - application/json
      Accept-Encoding:
      - gzip, deflate
      Connection:
      - keep-alive
      Content-Length:
      - '27'
      Content-Type:
      - application/json
      User-Agent:
      - azsdk-python-confidentialledger/0.1 Python/3.8.5 (Linux-5.4.72-microsoft-standard-WSL2-x86_64-with-glibc2.29)
    method: POST
    uri: https://fake-confidential-ledger.azure.com/app/transactions?api-version=0.1-preview&subLedgerId=1
  response:
    body:
      string: '{"subLedgerId":"1"}'
    headers:
      content-length:
      - '19'
      content-type:
      - application/json
      x-ms-ccf-transaction-id:
      - '2.1747'
    status:
      code: 200
      message: OK
- request:
    body: '{"contents": "message-132"}'
    headers:
      Accept:
      - application/json
      Accept-Encoding:
      - gzip, deflate
      Connection:
      - keep-alive
      Content-Length:
      - '27'
      Content-Type:
      - application/json
      User-Agent:
      - azsdk-python-confidentialledger/0.1 Python/3.8.5 (Linux-5.4.72-microsoft-standard-WSL2-x86_64-with-glibc2.29)
    method: POST
    uri: https://fake-confidential-ledger.azure.com/app/transactions?api-version=0.1-preview&subLedgerId=2
  response:
    body:
      string: '{"subLedgerId":"2"}'
    headers:
      content-length:
      - '19'
      content-type:
      - application/json
      x-ms-ccf-transaction-id:
      - '2.1748'
    status:
      code: 200
      message: OK
- request:
    body: '{"contents": "message-133"}'
    headers:
      Accept:
      - application/json
      Accept-Encoding:
      - gzip, deflate
      Connection:
      - keep-alive
      Content-Length:
      - '27'
      Content-Type:
      - application/json
      User-Agent:
      - azsdk-python-confidentialledger/0.1 Python/3.8.5 (Linux-5.4.72-microsoft-standard-WSL2-x86_64-with-glibc2.29)
    method: POST
    uri: https://fake-confidential-ledger.azure.com/app/transactions?api-version=0.1-preview&subLedgerId=3
  response:
    body:
      string: '{"subLedgerId":"3"}'
    headers:
      content-length:
      - '19'
      content-type:
      - application/json
      x-ms-ccf-transaction-id:
      - '2.1749'
    status:
      code: 200
      message: OK
- request:
    body: '{"contents": "message-134"}'
    headers:
      Accept:
      - application/json
      Accept-Encoding:
      - gzip, deflate
      Connection:
      - keep-alive
      Content-Length:
      - '27'
      Content-Type:
      - application/json
      User-Agent:
      - azsdk-python-confidentialledger/0.1 Python/3.8.5 (Linux-5.4.72-microsoft-standard-WSL2-x86_64-with-glibc2.29)
    method: POST
    uri: https://fake-confidential-ledger.azure.com/app/transactions?api-version=0.1-preview&subLedgerId=4
  response:
    body:
      string: '{"subLedgerId":"4"}'
    headers:
      content-length:
      - '19'
      content-type:
      - application/json
      x-ms-ccf-transaction-id:
      - '2.1751'
    status:
      code: 200
      message: OK
- request:
    body: '{"contents": "message-135"}'
    headers:
      Accept:
      - application/json
      Accept-Encoding:
      - gzip, deflate
      Connection:
      - keep-alive
      Content-Length:
      - '27'
      Content-Type:
      - application/json
      User-Agent:
      - azsdk-python-confidentialledger/0.1 Python/3.8.5 (Linux-5.4.72-microsoft-standard-WSL2-x86_64-with-glibc2.29)
    method: POST
    uri: https://fake-confidential-ledger.azure.com/app/transactions?api-version=0.1-preview&subLedgerId=0
  response:
    body:
      string: '{"subLedgerId":"0"}'
    headers:
      content-length:
      - '19'
      content-type:
      - application/json
      x-ms-ccf-transaction-id:
      - '2.1752'
    status:
      code: 200
      message: OK
- request:
    body: '{"contents": "message-136"}'
    headers:
      Accept:
      - application/json
      Accept-Encoding:
      - gzip, deflate
      Connection:
      - keep-alive
      Content-Length:
      - '27'
      Content-Type:
      - application/json
      User-Agent:
      - azsdk-python-confidentialledger/0.1 Python/3.8.5 (Linux-5.4.72-microsoft-standard-WSL2-x86_64-with-glibc2.29)
    method: POST
    uri: https://fake-confidential-ledger.azure.com/app/transactions?api-version=0.1-preview&subLedgerId=1
  response:
    body:
      string: '{"subLedgerId":"1"}'
    headers:
      content-length:
      - '19'
      content-type:
      - application/json
      x-ms-ccf-transaction-id:
      - '2.1753'
    status:
      code: 200
      message: OK
- request:
    body: '{"contents": "message-137"}'
    headers:
      Accept:
      - application/json
      Accept-Encoding:
      - gzip, deflate
      Connection:
      - keep-alive
      Content-Length:
      - '27'
      Content-Type:
      - application/json
      User-Agent:
      - azsdk-python-confidentialledger/0.1 Python/3.8.5 (Linux-5.4.72-microsoft-standard-WSL2-x86_64-with-glibc2.29)
    method: POST
    uri: https://fake-confidential-ledger.azure.com/app/transactions?api-version=0.1-preview&subLedgerId=2
  response:
    body:
      string: '{"subLedgerId":"2"}'
    headers:
      content-length:
      - '19'
      content-type:
      - application/json
      x-ms-ccf-transaction-id:
      - '2.1755'
    status:
      code: 200
      message: OK
- request:
    body: '{"contents": "message-138"}'
    headers:
      Accept:
      - application/json
      Accept-Encoding:
      - gzip, deflate
      Connection:
      - keep-alive
      Content-Length:
      - '27'
      Content-Type:
      - application/json
      User-Agent:
      - azsdk-python-confidentialledger/0.1 Python/3.8.5 (Linux-5.4.72-microsoft-standard-WSL2-x86_64-with-glibc2.29)
    method: POST
    uri: https://fake-confidential-ledger.azure.com/app/transactions?api-version=0.1-preview&subLedgerId=3
  response:
    body:
      string: '{"subLedgerId":"3"}'
    headers:
      content-length:
      - '19'
      content-type:
      - application/json
      x-ms-ccf-transaction-id:
      - '2.1756'
    status:
      code: 200
      message: OK
- request:
    body: '{"contents": "message-139"}'
    headers:
      Accept:
      - application/json
      Accept-Encoding:
      - gzip, deflate
      Connection:
      - keep-alive
      Content-Length:
      - '27'
      Content-Type:
      - application/json
      User-Agent:
      - azsdk-python-confidentialledger/0.1 Python/3.8.5 (Linux-5.4.72-microsoft-standard-WSL2-x86_64-with-glibc2.29)
    method: POST
    uri: https://fake-confidential-ledger.azure.com/app/transactions?api-version=0.1-preview&subLedgerId=4
  response:
    body:
      string: '{"subLedgerId":"4"}'
    headers:
      content-length:
      - '19'
      content-type:
      - application/json
      x-ms-ccf-transaction-id:
      - '2.1757'
    status:
      code: 200
      message: OK
- request:
    body: '{"contents": "message-140"}'
    headers:
      Accept:
      - application/json
      Accept-Encoding:
      - gzip, deflate
      Connection:
      - keep-alive
      Content-Length:
      - '27'
      Content-Type:
      - application/json
      User-Agent:
      - azsdk-python-confidentialledger/0.1 Python/3.8.5 (Linux-5.4.72-microsoft-standard-WSL2-x86_64-with-glibc2.29)
    method: POST
    uri: https://fake-confidential-ledger.azure.com/app/transactions?api-version=0.1-preview&subLedgerId=0
  response:
    body:
      string: '{"subLedgerId":"0"}'
    headers:
      content-length:
      - '19'
      content-type:
      - application/json
      x-ms-ccf-transaction-id:
      - '2.1758'
    status:
      code: 200
      message: OK
- request:
    body: '{"contents": "message-141"}'
    headers:
      Accept:
      - application/json
      Accept-Encoding:
      - gzip, deflate
      Connection:
      - keep-alive
      Content-Length:
      - '27'
      Content-Type:
      - application/json
      User-Agent:
      - azsdk-python-confidentialledger/0.1 Python/3.8.5 (Linux-5.4.72-microsoft-standard-WSL2-x86_64-with-glibc2.29)
    method: POST
    uri: https://fake-confidential-ledger.azure.com/app/transactions?api-version=0.1-preview&subLedgerId=1
  response:
    body:
      string: '{"subLedgerId":"1"}'
    headers:
      content-length:
      - '19'
      content-type:
      - application/json
      x-ms-ccf-transaction-id:
      - '2.1759'
    status:
      code: 200
      message: OK
- request:
    body: '{"contents": "message-142"}'
    headers:
      Accept:
      - application/json
      Accept-Encoding:
      - gzip, deflate
      Connection:
      - keep-alive
      Content-Length:
      - '27'
      Content-Type:
      - application/json
      User-Agent:
      - azsdk-python-confidentialledger/0.1 Python/3.8.5 (Linux-5.4.72-microsoft-standard-WSL2-x86_64-with-glibc2.29)
    method: POST
    uri: https://fake-confidential-ledger.azure.com/app/transactions?api-version=0.1-preview&subLedgerId=2
  response:
    body:
      string: '{"subLedgerId":"2"}'
    headers:
      content-length:
      - '19'
      content-type:
      - application/json
      x-ms-ccf-transaction-id:
      - '2.1760'
    status:
      code: 200
      message: OK
- request:
    body: '{"contents": "message-143"}'
    headers:
      Accept:
      - application/json
      Accept-Encoding:
      - gzip, deflate
      Connection:
      - keep-alive
      Content-Length:
      - '27'
      Content-Type:
      - application/json
      User-Agent:
      - azsdk-python-confidentialledger/0.1 Python/3.8.5 (Linux-5.4.72-microsoft-standard-WSL2-x86_64-with-glibc2.29)
    method: POST
    uri: https://fake-confidential-ledger.azure.com/app/transactions?api-version=0.1-preview&subLedgerId=3
  response:
    body:
      string: '{"subLedgerId":"3"}'
    headers:
      content-length:
      - '19'
      content-type:
      - application/json
      x-ms-ccf-transaction-id:
      - '2.1761'
    status:
      code: 200
      message: OK
- request:
    body: '{"contents": "message-144"}'
    headers:
      Accept:
      - application/json
      Accept-Encoding:
      - gzip, deflate
      Connection:
      - keep-alive
      Content-Length:
      - '27'
      Content-Type:
      - application/json
      User-Agent:
      - azsdk-python-confidentialledger/0.1 Python/3.8.5 (Linux-5.4.72-microsoft-standard-WSL2-x86_64-with-glibc2.29)
    method: POST
    uri: https://fake-confidential-ledger.azure.com/app/transactions?api-version=0.1-preview&subLedgerId=4
  response:
    body:
      string: '{"subLedgerId":"4"}'
    headers:
      content-length:
      - '19'
      content-type:
      - application/json
      x-ms-ccf-transaction-id:
      - '2.1762'
    status:
      code: 200
      message: OK
- request:
    body: '{"contents": "message-145"}'
    headers:
      Accept:
      - application/json
      Accept-Encoding:
      - gzip, deflate
      Connection:
      - keep-alive
      Content-Length:
      - '27'
      Content-Type:
      - application/json
      User-Agent:
      - azsdk-python-confidentialledger/0.1 Python/3.8.5 (Linux-5.4.72-microsoft-standard-WSL2-x86_64-with-glibc2.29)
    method: POST
    uri: https://fake-confidential-ledger.azure.com/app/transactions?api-version=0.1-preview&subLedgerId=0
  response:
    body:
      string: '{"subLedgerId":"0"}'
    headers:
      content-length:
      - '19'
      content-type:
      - application/json
      x-ms-ccf-transaction-id:
      - '2.1764'
    status:
      code: 200
      message: OK
- request:
    body: '{"contents": "message-146"}'
    headers:
      Accept:
      - application/json
      Accept-Encoding:
      - gzip, deflate
      Connection:
      - keep-alive
      Content-Length:
      - '27'
      Content-Type:
      - application/json
      User-Agent:
      - azsdk-python-confidentialledger/0.1 Python/3.8.5 (Linux-5.4.72-microsoft-standard-WSL2-x86_64-with-glibc2.29)
    method: POST
    uri: https://fake-confidential-ledger.azure.com/app/transactions?api-version=0.1-preview&subLedgerId=1
  response:
    body:
      string: '{"subLedgerId":"1"}'
    headers:
      content-length:
      - '19'
      content-type:
      - application/json
      x-ms-ccf-transaction-id:
      - '2.1765'
    status:
      code: 200
      message: OK
- request:
    body: '{"contents": "message-147"}'
    headers:
      Accept:
      - application/json
      Accept-Encoding:
      - gzip, deflate
      Connection:
      - keep-alive
      Content-Length:
      - '27'
      Content-Type:
      - application/json
      User-Agent:
      - azsdk-python-confidentialledger/0.1 Python/3.8.5 (Linux-5.4.72-microsoft-standard-WSL2-x86_64-with-glibc2.29)
    method: POST
    uri: https://fake-confidential-ledger.azure.com/app/transactions?api-version=0.1-preview&subLedgerId=2
  response:
    body:
      string: '{"subLedgerId":"2"}'
    headers:
      content-length:
      - '19'
      content-type:
      - application/json
      x-ms-ccf-transaction-id:
      - '2.1766'
    status:
      code: 200
      message: OK
- request:
    body: '{"contents": "message-148"}'
    headers:
      Accept:
      - application/json
      Accept-Encoding:
      - gzip, deflate
      Connection:
      - keep-alive
      Content-Length:
      - '27'
      Content-Type:
      - application/json
      User-Agent:
      - azsdk-python-confidentialledger/0.1 Python/3.8.5 (Linux-5.4.72-microsoft-standard-WSL2-x86_64-with-glibc2.29)
    method: POST
    uri: https://fake-confidential-ledger.azure.com/app/transactions?api-version=0.1-preview&subLedgerId=3
  response:
    body:
      string: '{"subLedgerId":"3"}'
    headers:
      content-length:
      - '19'
      content-type:
      - application/json
      x-ms-ccf-transaction-id:
      - '2.1767'
    status:
      code: 200
      message: OK
- request:
    body: '{"contents": "message-149"}'
    headers:
      Accept:
      - application/json
      Accept-Encoding:
      - gzip, deflate
      Connection:
      - keep-alive
      Content-Length:
      - '27'
      Content-Type:
      - application/json
      User-Agent:
      - azsdk-python-confidentialledger/0.1 Python/3.8.5 (Linux-5.4.72-microsoft-standard-WSL2-x86_64-with-glibc2.29)
    method: POST
    uri: https://fake-confidential-ledger.azure.com/app/transactions?api-version=0.1-preview&subLedgerId=4
  response:
    body:
      string: '{"subLedgerId":"4"}'
    headers:
      content-length:
      - '19'
      content-type:
      - application/json
      x-ms-ccf-transaction-id:
      - '2.1768'
    status:
      code: 200
      message: OK
- request:
    body: '{"contents": "message-150"}'
    headers:
      Accept:
      - application/json
      Accept-Encoding:
      - gzip, deflate
      Connection:
      - keep-alive
      Content-Length:
      - '27'
      Content-Type:
      - application/json
      User-Agent:
      - azsdk-python-confidentialledger/0.1 Python/3.8.5 (Linux-5.4.72-microsoft-standard-WSL2-x86_64-with-glibc2.29)
    method: POST
    uri: https://fake-confidential-ledger.azure.com/app/transactions?api-version=0.1-preview&subLedgerId=0
  response:
    body:
      string: '{"subLedgerId":"0"}'
    headers:
      content-length:
      - '19'
      content-type:
      - application/json
      x-ms-ccf-transaction-id:
      - '2.1769'
    status:
      code: 200
      message: OK
- request:
    body: '{"contents": "message-151"}'
    headers:
      Accept:
      - application/json
      Accept-Encoding:
      - gzip, deflate
      Connection:
      - keep-alive
      Content-Length:
      - '27'
      Content-Type:
      - application/json
      User-Agent:
      - azsdk-python-confidentialledger/0.1 Python/3.8.5 (Linux-5.4.72-microsoft-standard-WSL2-x86_64-with-glibc2.29)
    method: POST
    uri: https://fake-confidential-ledger.azure.com/app/transactions?api-version=0.1-preview&subLedgerId=1
  response:
    body:
      string: '{"subLedgerId":"1"}'
    headers:
      content-length:
      - '19'
      content-type:
      - application/json
      x-ms-ccf-transaction-id:
      - '2.1771'
    status:
      code: 200
      message: OK
- request:
    body: '{"contents": "message-152"}'
    headers:
      Accept:
      - application/json
      Accept-Encoding:
      - gzip, deflate
      Connection:
      - keep-alive
      Content-Length:
      - '27'
      Content-Type:
      - application/json
      User-Agent:
      - azsdk-python-confidentialledger/0.1 Python/3.8.5 (Linux-5.4.72-microsoft-standard-WSL2-x86_64-with-glibc2.29)
    method: POST
    uri: https://fake-confidential-ledger.azure.com/app/transactions?api-version=0.1-preview&subLedgerId=2
  response:
    body:
      string: '{"subLedgerId":"2"}'
    headers:
      content-length:
      - '19'
      content-type:
      - application/json
      x-ms-ccf-transaction-id:
      - '2.1772'
    status:
      code: 200
      message: OK
- request:
    body: '{"contents": "message-153"}'
    headers:
      Accept:
      - application/json
      Accept-Encoding:
      - gzip, deflate
      Connection:
      - keep-alive
      Content-Length:
      - '27'
      Content-Type:
      - application/json
      User-Agent:
      - azsdk-python-confidentialledger/0.1 Python/3.8.5 (Linux-5.4.72-microsoft-standard-WSL2-x86_64-with-glibc2.29)
    method: POST
    uri: https://fake-confidential-ledger.azure.com/app/transactions?api-version=0.1-preview&subLedgerId=3
  response:
    body:
      string: '{"subLedgerId":"3"}'
    headers:
      content-length:
      - '19'
      content-type:
      - application/json
      x-ms-ccf-transaction-id:
      - '2.1773'
    status:
      code: 200
      message: OK
- request:
    body: '{"contents": "message-154"}'
    headers:
      Accept:
      - application/json
      Accept-Encoding:
      - gzip, deflate
      Connection:
      - keep-alive
      Content-Length:
      - '27'
      Content-Type:
      - application/json
      User-Agent:
      - azsdk-python-confidentialledger/0.1 Python/3.8.5 (Linux-5.4.72-microsoft-standard-WSL2-x86_64-with-glibc2.29)
    method: POST
    uri: https://fake-confidential-ledger.azure.com/app/transactions?api-version=0.1-preview&subLedgerId=4
  response:
    body:
      string: '{"subLedgerId":"4"}'
    headers:
      content-length:
      - '19'
      content-type:
      - application/json
      x-ms-ccf-transaction-id:
      - '2.1774'
    status:
      code: 200
      message: OK
- request:
    body: '{"contents": "message-155"}'
    headers:
      Accept:
      - application/json
      Accept-Encoding:
      - gzip, deflate
      Connection:
      - keep-alive
      Content-Length:
      - '27'
      Content-Type:
      - application/json
      User-Agent:
      - azsdk-python-confidentialledger/0.1 Python/3.8.5 (Linux-5.4.72-microsoft-standard-WSL2-x86_64-with-glibc2.29)
    method: POST
    uri: https://fake-confidential-ledger.azure.com/app/transactions?api-version=0.1-preview&subLedgerId=0
  response:
    body:
      string: '{"subLedgerId":"0"}'
    headers:
      content-length:
      - '19'
      content-type:
      - application/json
      x-ms-ccf-transaction-id:
      - '2.1775'
    status:
      code: 200
      message: OK
- request:
    body: '{"contents": "message-156"}'
    headers:
      Accept:
      - application/json
      Accept-Encoding:
      - gzip, deflate
      Connection:
      - keep-alive
      Content-Length:
      - '27'
      Content-Type:
      - application/json
      User-Agent:
      - azsdk-python-confidentialledger/0.1 Python/3.8.5 (Linux-5.4.72-microsoft-standard-WSL2-x86_64-with-glibc2.29)
    method: POST
    uri: https://fake-confidential-ledger.azure.com/app/transactions?api-version=0.1-preview&subLedgerId=1
  response:
    body:
      string: '{"subLedgerId":"1"}'
    headers:
      content-length:
      - '19'
      content-type:
      - application/json
      x-ms-ccf-transaction-id:
      - '2.1776'
    status:
      code: 200
      message: OK
- request:
    body: '{"contents": "message-157"}'
    headers:
      Accept:
      - application/json
      Accept-Encoding:
      - gzip, deflate
      Connection:
      - keep-alive
      Content-Length:
      - '27'
      Content-Type:
      - application/json
      User-Agent:
      - azsdk-python-confidentialledger/0.1 Python/3.8.5 (Linux-5.4.72-microsoft-standard-WSL2-x86_64-with-glibc2.29)
    method: POST
    uri: https://fake-confidential-ledger.azure.com/app/transactions?api-version=0.1-preview&subLedgerId=2
  response:
    body:
      string: '{"subLedgerId":"2"}'
    headers:
      content-length:
      - '19'
      content-type:
      - application/json
      x-ms-ccf-transaction-id:
      - '2.1777'
    status:
      code: 200
      message: OK
- request:
    body: '{"contents": "message-158"}'
    headers:
      Accept:
      - application/json
      Accept-Encoding:
      - gzip, deflate
      Connection:
      - keep-alive
      Content-Length:
      - '27'
      Content-Type:
      - application/json
      User-Agent:
      - azsdk-python-confidentialledger/0.1 Python/3.8.5 (Linux-5.4.72-microsoft-standard-WSL2-x86_64-with-glibc2.29)
    method: POST
    uri: https://fake-confidential-ledger.azure.com/app/transactions?api-version=0.1-preview&subLedgerId=3
  response:
    body:
      string: '{"subLedgerId":"3"}'
    headers:
      content-length:
      - '19'
      content-type:
      - application/json
      x-ms-ccf-transaction-id:
      - '2.1778'
    status:
      code: 200
      message: OK
- request:
    body: '{"contents": "message-159"}'
    headers:
      Accept:
      - application/json
      Accept-Encoding:
      - gzip, deflate
      Connection:
      - keep-alive
      Content-Length:
      - '27'
      Content-Type:
      - application/json
      User-Agent:
      - azsdk-python-confidentialledger/0.1 Python/3.8.5 (Linux-5.4.72-microsoft-standard-WSL2-x86_64-with-glibc2.29)
    method: POST
    uri: https://fake-confidential-ledger.azure.com/app/transactions?api-version=0.1-preview&subLedgerId=4
  response:
    body:
      string: '{"subLedgerId":"4"}'
    headers:
      content-length:
      - '19'
      content-type:
      - application/json
      x-ms-ccf-transaction-id:
      - '2.1780'
    status:
      code: 200
      message: OK
- request:
    body: '{"contents": "message-160"}'
    headers:
      Accept:
      - application/json
      Accept-Encoding:
      - gzip, deflate
      Connection:
      - keep-alive
      Content-Length:
      - '27'
      Content-Type:
      - application/json
      User-Agent:
      - azsdk-python-confidentialledger/0.1 Python/3.8.5 (Linux-5.4.72-microsoft-standard-WSL2-x86_64-with-glibc2.29)
    method: POST
    uri: https://fake-confidential-ledger.azure.com/app/transactions?api-version=0.1-preview&subLedgerId=0
  response:
    body:
      string: '{"subLedgerId":"0"}'
    headers:
      content-length:
      - '19'
      content-type:
      - application/json
      x-ms-ccf-transaction-id:
      - '2.1781'
    status:
      code: 200
      message: OK
- request:
    body: '{"contents": "message-161"}'
    headers:
      Accept:
      - application/json
      Accept-Encoding:
      - gzip, deflate
      Connection:
      - keep-alive
      Content-Length:
      - '27'
      Content-Type:
      - application/json
      User-Agent:
      - azsdk-python-confidentialledger/0.1 Python/3.8.5 (Linux-5.4.72-microsoft-standard-WSL2-x86_64-with-glibc2.29)
    method: POST
    uri: https://fake-confidential-ledger.azure.com/app/transactions?api-version=0.1-preview&subLedgerId=1
  response:
    body:
      string: '{"subLedgerId":"1"}'
    headers:
      content-length:
      - '19'
      content-type:
      - application/json
      x-ms-ccf-transaction-id:
      - '2.1782'
    status:
      code: 200
      message: OK
- request:
    body: '{"contents": "message-162"}'
    headers:
      Accept:
      - application/json
      Accept-Encoding:
      - gzip, deflate
      Connection:
      - keep-alive
      Content-Length:
      - '27'
      Content-Type:
      - application/json
      User-Agent:
      - azsdk-python-confidentialledger/0.1 Python/3.8.5 (Linux-5.4.72-microsoft-standard-WSL2-x86_64-with-glibc2.29)
    method: POST
    uri: https://fake-confidential-ledger.azure.com/app/transactions?api-version=0.1-preview&subLedgerId=2
  response:
    body:
      string: '{"subLedgerId":"2"}'
    headers:
      content-length:
      - '19'
      content-type:
      - application/json
      x-ms-ccf-transaction-id:
      - '2.1783'
    status:
      code: 200
      message: OK
- request:
    body: '{"contents": "message-163"}'
    headers:
      Accept:
      - application/json
      Accept-Encoding:
      - gzip, deflate
      Connection:
      - keep-alive
      Content-Length:
      - '27'
      Content-Type:
      - application/json
      User-Agent:
      - azsdk-python-confidentialledger/0.1 Python/3.8.5 (Linux-5.4.72-microsoft-standard-WSL2-x86_64-with-glibc2.29)
    method: POST
    uri: https://fake-confidential-ledger.azure.com/app/transactions?api-version=0.1-preview&subLedgerId=3
  response:
    body:
      string: '{"subLedgerId":"3"}'
    headers:
      content-length:
      - '19'
      content-type:
      - application/json
      x-ms-ccf-transaction-id:
      - '2.1784'
    status:
      code: 200
      message: OK
- request:
    body: '{"contents": "message-164"}'
    headers:
      Accept:
      - application/json
      Accept-Encoding:
      - gzip, deflate
      Connection:
      - keep-alive
      Content-Length:
      - '27'
      Content-Type:
      - application/json
      User-Agent:
      - azsdk-python-confidentialledger/0.1 Python/3.8.5 (Linux-5.4.72-microsoft-standard-WSL2-x86_64-with-glibc2.29)
    method: POST
    uri: https://fake-confidential-ledger.azure.com/app/transactions?api-version=0.1-preview&subLedgerId=4
  response:
    body:
      string: '{"subLedgerId":"4"}'
    headers:
      content-length:
      - '19'
      content-type:
      - application/json
      x-ms-ccf-transaction-id:
      - '2.1785'
    status:
      code: 200
      message: OK
- request:
    body: '{"contents": "message-165"}'
    headers:
      Accept:
      - application/json
      Accept-Encoding:
      - gzip, deflate
      Connection:
      - keep-alive
      Content-Length:
      - '27'
      Content-Type:
      - application/json
      User-Agent:
      - azsdk-python-confidentialledger/0.1 Python/3.8.5 (Linux-5.4.72-microsoft-standard-WSL2-x86_64-with-glibc2.29)
    method: POST
    uri: https://fake-confidential-ledger.azure.com/app/transactions?api-version=0.1-preview&subLedgerId=0
  response:
    body:
      string: '{"subLedgerId":"0"}'
    headers:
      content-length:
      - '19'
      content-type:
      - application/json
      x-ms-ccf-transaction-id:
      - '2.1786'
    status:
      code: 200
      message: OK
- request:
    body: '{"contents": "message-166"}'
    headers:
      Accept:
      - application/json
      Accept-Encoding:
      - gzip, deflate
      Connection:
      - keep-alive
      Content-Length:
      - '27'
      Content-Type:
      - application/json
      User-Agent:
      - azsdk-python-confidentialledger/0.1 Python/3.8.5 (Linux-5.4.72-microsoft-standard-WSL2-x86_64-with-glibc2.29)
    method: POST
    uri: https://fake-confidential-ledger.azure.com/app/transactions?api-version=0.1-preview&subLedgerId=1
  response:
    body:
      string: '{"subLedgerId":"1"}'
    headers:
      content-length:
      - '19'
      content-type:
      - application/json
      x-ms-ccf-transaction-id:
      - '2.1787'
    status:
      code: 200
      message: OK
- request:
    body: '{"contents": "message-167"}'
    headers:
      Accept:
      - application/json
      Accept-Encoding:
      - gzip, deflate
      Connection:
      - keep-alive
      Content-Length:
      - '27'
      Content-Type:
      - application/json
      User-Agent:
      - azsdk-python-confidentialledger/0.1 Python/3.8.5 (Linux-5.4.72-microsoft-standard-WSL2-x86_64-with-glibc2.29)
    method: POST
    uri: https://fake-confidential-ledger.azure.com/app/transactions?api-version=0.1-preview&subLedgerId=2
  response:
    body:
      string: '{"subLedgerId":"2"}'
    headers:
      content-length:
      - '19'
      content-type:
      - application/json
      x-ms-ccf-transaction-id:
      - '2.1789'
    status:
      code: 200
      message: OK
- request:
    body: '{"contents": "message-168"}'
    headers:
      Accept:
      - application/json
      Accept-Encoding:
      - gzip, deflate
      Connection:
      - keep-alive
      Content-Length:
      - '27'
      Content-Type:
      - application/json
      User-Agent:
      - azsdk-python-confidentialledger/0.1 Python/3.8.5 (Linux-5.4.72-microsoft-standard-WSL2-x86_64-with-glibc2.29)
    method: POST
    uri: https://fake-confidential-ledger.azure.com/app/transactions?api-version=0.1-preview&subLedgerId=3
  response:
    body:
      string: '{"subLedgerId":"3"}'
    headers:
      content-length:
      - '19'
      content-type:
      - application/json
      x-ms-ccf-transaction-id:
      - '2.1790'
    status:
      code: 200
      message: OK
- request:
    body: '{"contents": "message-169"}'
    headers:
      Accept:
      - application/json
      Accept-Encoding:
      - gzip, deflate
      Connection:
      - keep-alive
      Content-Length:
      - '27'
      Content-Type:
      - application/json
      User-Agent:
      - azsdk-python-confidentialledger/0.1 Python/3.8.5 (Linux-5.4.72-microsoft-standard-WSL2-x86_64-with-glibc2.29)
    method: POST
    uri: https://fake-confidential-ledger.azure.com/app/transactions?api-version=0.1-preview&subLedgerId=4
  response:
    body:
      string: '{"subLedgerId":"4"}'
    headers:
      content-length:
      - '19'
      content-type:
      - application/json
      x-ms-ccf-transaction-id:
      - '2.1791'
    status:
      code: 200
      message: OK
- request:
    body: '{"contents": "message-170"}'
    headers:
      Accept:
      - application/json
      Accept-Encoding:
      - gzip, deflate
      Connection:
      - keep-alive
      Content-Length:
      - '27'
      Content-Type:
      - application/json
      User-Agent:
      - azsdk-python-confidentialledger/0.1 Python/3.8.5 (Linux-5.4.72-microsoft-standard-WSL2-x86_64-with-glibc2.29)
    method: POST
    uri: https://fake-confidential-ledger.azure.com/app/transactions?api-version=0.1-preview&subLedgerId=0
  response:
    body:
      string: '{"subLedgerId":"0"}'
    headers:
      content-length:
      - '19'
      content-type:
      - application/json
      x-ms-ccf-transaction-id:
      - '2.1792'
    status:
      code: 200
      message: OK
- request:
    body: '{"contents": "message-171"}'
    headers:
      Accept:
      - application/json
      Accept-Encoding:
      - gzip, deflate
      Connection:
      - keep-alive
      Content-Length:
      - '27'
      Content-Type:
      - application/json
      User-Agent:
      - azsdk-python-confidentialledger/0.1 Python/3.8.5 (Linux-5.4.72-microsoft-standard-WSL2-x86_64-with-glibc2.29)
    method: POST
    uri: https://fake-confidential-ledger.azure.com/app/transactions?api-version=0.1-preview&subLedgerId=1
  response:
    body:
      string: '{"subLedgerId":"1"}'
    headers:
      content-length:
      - '19'
      content-type:
      - application/json
      x-ms-ccf-transaction-id:
      - '2.1793'
    status:
      code: 200
      message: OK
- request:
    body: '{"contents": "message-172"}'
    headers:
      Accept:
      - application/json
      Accept-Encoding:
      - gzip, deflate
      Connection:
      - keep-alive
      Content-Length:
      - '27'
      Content-Type:
      - application/json
      User-Agent:
      - azsdk-python-confidentialledger/0.1 Python/3.8.5 (Linux-5.4.72-microsoft-standard-WSL2-x86_64-with-glibc2.29)
    method: POST
    uri: https://fake-confidential-ledger.azure.com/app/transactions?api-version=0.1-preview&subLedgerId=2
  response:
    body:
      string: '{"subLedgerId":"2"}'
    headers:
      content-length:
      - '19'
      content-type:
      - application/json
      x-ms-ccf-transaction-id:
      - '2.1794'
    status:
      code: 200
      message: OK
- request:
    body: '{"contents": "message-173"}'
    headers:
      Accept:
      - application/json
      Accept-Encoding:
      - gzip, deflate
      Connection:
      - keep-alive
      Content-Length:
      - '27'
      Content-Type:
      - application/json
      User-Agent:
      - azsdk-python-confidentialledger/0.1 Python/3.8.5 (Linux-5.4.72-microsoft-standard-WSL2-x86_64-with-glibc2.29)
    method: POST
    uri: https://fake-confidential-ledger.azure.com/app/transactions?api-version=0.1-preview&subLedgerId=3
  response:
    body:
      string: '{"subLedgerId":"3"}'
    headers:
      content-length:
      - '19'
      content-type:
      - application/json
      x-ms-ccf-transaction-id:
      - '2.1795'
    status:
      code: 200
      message: OK
- request:
    body: '{"contents": "message-174"}'
    headers:
      Accept:
      - application/json
      Accept-Encoding:
      - gzip, deflate
      Connection:
      - keep-alive
      Content-Length:
      - '27'
      Content-Type:
      - application/json
      User-Agent:
      - azsdk-python-confidentialledger/0.1 Python/3.8.5 (Linux-5.4.72-microsoft-standard-WSL2-x86_64-with-glibc2.29)
    method: POST
    uri: https://fake-confidential-ledger.azure.com/app/transactions?api-version=0.1-preview&subLedgerId=4
  response:
    body:
      string: '{"subLedgerId":"4"}'
    headers:
      content-length:
      - '19'
      content-type:
      - application/json
      x-ms-ccf-transaction-id:
      - '2.1796'
    status:
      code: 200
      message: OK
- request:
    body: '{"contents": "message-175"}'
    headers:
      Accept:
      - application/json
      Accept-Encoding:
      - gzip, deflate
      Connection:
      - keep-alive
      Content-Length:
      - '27'
      Content-Type:
      - application/json
      User-Agent:
      - azsdk-python-confidentialledger/0.1 Python/3.8.5 (Linux-5.4.72-microsoft-standard-WSL2-x86_64-with-glibc2.29)
    method: POST
    uri: https://fake-confidential-ledger.azure.com/app/transactions?api-version=0.1-preview&subLedgerId=0
  response:
    body:
      string: '{"subLedgerId":"0"}'
    headers:
      content-length:
      - '19'
      content-type:
      - application/json
      x-ms-ccf-transaction-id:
      - '2.1798'
    status:
      code: 200
      message: OK
- request:
    body: '{"contents": "message-176"}'
    headers:
      Accept:
      - application/json
      Accept-Encoding:
      - gzip, deflate
      Connection:
      - keep-alive
      Content-Length:
      - '27'
      Content-Type:
      - application/json
      User-Agent:
      - azsdk-python-confidentialledger/0.1 Python/3.8.5 (Linux-5.4.72-microsoft-standard-WSL2-x86_64-with-glibc2.29)
    method: POST
    uri: https://fake-confidential-ledger.azure.com/app/transactions?api-version=0.1-preview&subLedgerId=1
  response:
    body:
      string: '{"subLedgerId":"1"}'
    headers:
      content-length:
      - '19'
      content-type:
      - application/json
      x-ms-ccf-transaction-id:
      - '2.1799'
    status:
      code: 200
      message: OK
- request:
    body: '{"contents": "message-177"}'
    headers:
      Accept:
      - application/json
      Accept-Encoding:
      - gzip, deflate
      Connection:
      - keep-alive
      Content-Length:
      - '27'
      Content-Type:
      - application/json
      User-Agent:
      - azsdk-python-confidentialledger/0.1 Python/3.8.5 (Linux-5.4.72-microsoft-standard-WSL2-x86_64-with-glibc2.29)
    method: POST
    uri: https://fake-confidential-ledger.azure.com/app/transactions?api-version=0.1-preview&subLedgerId=2
  response:
    body:
      string: '{"subLedgerId":"2"}'
    headers:
      content-length:
      - '19'
      content-type:
      - application/json
      x-ms-ccf-transaction-id:
      - '2.1800'
    status:
      code: 200
      message: OK
- request:
    body: '{"contents": "message-178"}'
    headers:
      Accept:
      - application/json
      Accept-Encoding:
      - gzip, deflate
      Connection:
      - keep-alive
      Content-Length:
      - '27'
      Content-Type:
      - application/json
      User-Agent:
      - azsdk-python-confidentialledger/0.1 Python/3.8.5 (Linux-5.4.72-microsoft-standard-WSL2-x86_64-with-glibc2.29)
    method: POST
    uri: https://fake-confidential-ledger.azure.com/app/transactions?api-version=0.1-preview&subLedgerId=3
  response:
    body:
      string: '{"subLedgerId":"3"}'
    headers:
      content-length:
      - '19'
      content-type:
      - application/json
      x-ms-ccf-transaction-id:
      - '2.1801'
    status:
      code: 200
      message: OK
- request:
    body: '{"contents": "message-179"}'
    headers:
      Accept:
      - application/json
      Accept-Encoding:
      - gzip, deflate
      Connection:
      - keep-alive
      Content-Length:
      - '27'
      Content-Type:
      - application/json
      User-Agent:
      - azsdk-python-confidentialledger/0.1 Python/3.8.5 (Linux-5.4.72-microsoft-standard-WSL2-x86_64-with-glibc2.29)
    method: POST
    uri: https://fake-confidential-ledger.azure.com/app/transactions?api-version=0.1-preview&subLedgerId=4
  response:
    body:
      string: '{"subLedgerId":"4"}'
    headers:
      content-length:
      - '19'
      content-type:
      - application/json
      x-ms-ccf-transaction-id:
      - '2.1802'
    status:
      code: 200
      message: OK
- request:
    body: '{"contents": "message-180"}'
    headers:
      Accept:
      - application/json
      Accept-Encoding:
      - gzip, deflate
      Connection:
      - keep-alive
      Content-Length:
      - '27'
      Content-Type:
      - application/json
      User-Agent:
      - azsdk-python-confidentialledger/0.1 Python/3.8.5 (Linux-5.4.72-microsoft-standard-WSL2-x86_64-with-glibc2.29)
    method: POST
    uri: https://fake-confidential-ledger.azure.com/app/transactions?api-version=0.1-preview&subLedgerId=0
  response:
    body:
      string: '{"subLedgerId":"0"}'
    headers:
      content-length:
      - '19'
      content-type:
      - application/json
      x-ms-ccf-transaction-id:
      - '2.1803'
    status:
      code: 200
      message: OK
- request:
    body: '{"contents": "message-181"}'
    headers:
      Accept:
      - application/json
      Accept-Encoding:
      - gzip, deflate
      Connection:
      - keep-alive
      Content-Length:
      - '27'
      Content-Type:
      - application/json
      User-Agent:
      - azsdk-python-confidentialledger/0.1 Python/3.8.5 (Linux-5.4.72-microsoft-standard-WSL2-x86_64-with-glibc2.29)
    method: POST
    uri: https://fake-confidential-ledger.azure.com/app/transactions?api-version=0.1-preview&subLedgerId=1
  response:
    body:
      string: '{"subLedgerId":"1"}'
    headers:
      content-length:
      - '19'
      content-type:
      - application/json
      x-ms-ccf-transaction-id:
      - '2.1804'
    status:
      code: 200
      message: OK
- request:
    body: '{"contents": "message-182"}'
    headers:
      Accept:
      - application/json
      Accept-Encoding:
      - gzip, deflate
      Connection:
      - keep-alive
      Content-Length:
      - '27'
      Content-Type:
      - application/json
      User-Agent:
      - azsdk-python-confidentialledger/0.1 Python/3.8.5 (Linux-5.4.72-microsoft-standard-WSL2-x86_64-with-glibc2.29)
    method: POST
    uri: https://fake-confidential-ledger.azure.com/app/transactions?api-version=0.1-preview&subLedgerId=2
  response:
    body:
      string: '{"subLedgerId":"2"}'
    headers:
      content-length:
      - '19'
      content-type:
      - application/json
      x-ms-ccf-transaction-id:
      - '2.1805'
    status:
      code: 200
      message: OK
- request:
    body: '{"contents": "message-183"}'
    headers:
      Accept:
      - application/json
      Accept-Encoding:
      - gzip, deflate
      Connection:
      - keep-alive
      Content-Length:
      - '27'
      Content-Type:
      - application/json
      User-Agent:
      - azsdk-python-confidentialledger/0.1 Python/3.8.5 (Linux-5.4.72-microsoft-standard-WSL2-x86_64-with-glibc2.29)
    method: POST
    uri: https://fake-confidential-ledger.azure.com/app/transactions?api-version=0.1-preview&subLedgerId=3
  response:
    body:
      string: '{"subLedgerId":"3"}'
    headers:
      content-length:
      - '19'
      content-type:
      - application/json
      x-ms-ccf-transaction-id:
      - '2.1807'
    status:
      code: 200
      message: OK
- request:
    body: '{"contents": "message-184"}'
    headers:
      Accept:
      - application/json
      Accept-Encoding:
      - gzip, deflate
      Connection:
      - keep-alive
      Content-Length:
      - '27'
      Content-Type:
      - application/json
      User-Agent:
      - azsdk-python-confidentialledger/0.1 Python/3.8.5 (Linux-5.4.72-microsoft-standard-WSL2-x86_64-with-glibc2.29)
    method: POST
    uri: https://fake-confidential-ledger.azure.com/app/transactions?api-version=0.1-preview&subLedgerId=4
  response:
    body:
      string: '{"subLedgerId":"4"}'
    headers:
      content-length:
      - '19'
      content-type:
      - application/json
      x-ms-ccf-transaction-id:
      - '2.1808'
    status:
      code: 200
      message: OK
- request:
    body: '{"contents": "message-185"}'
    headers:
      Accept:
      - application/json
      Accept-Encoding:
      - gzip, deflate
      Connection:
      - keep-alive
      Content-Length:
      - '27'
      Content-Type:
      - application/json
      User-Agent:
      - azsdk-python-confidentialledger/0.1 Python/3.8.5 (Linux-5.4.72-microsoft-standard-WSL2-x86_64-with-glibc2.29)
    method: POST
    uri: https://fake-confidential-ledger.azure.com/app/transactions?api-version=0.1-preview&subLedgerId=0
  response:
    body:
      string: '{"subLedgerId":"0"}'
    headers:
      content-length:
      - '19'
      content-type:
      - application/json
      x-ms-ccf-transaction-id:
      - '2.1809'
    status:
      code: 200
      message: OK
- request:
    body: '{"contents": "message-186"}'
    headers:
      Accept:
      - application/json
      Accept-Encoding:
      - gzip, deflate
      Connection:
      - keep-alive
      Content-Length:
      - '27'
      Content-Type:
      - application/json
      User-Agent:
      - azsdk-python-confidentialledger/0.1 Python/3.8.5 (Linux-5.4.72-microsoft-standard-WSL2-x86_64-with-glibc2.29)
    method: POST
    uri: https://fake-confidential-ledger.azure.com/app/transactions?api-version=0.1-preview&subLedgerId=1
  response:
    body:
      string: '{"subLedgerId":"1"}'
    headers:
      content-length:
      - '19'
      content-type:
      - application/json
      x-ms-ccf-transaction-id:
      - '2.1810'
    status:
      code: 200
      message: OK
- request:
    body: '{"contents": "message-187"}'
    headers:
      Accept:
      - application/json
      Accept-Encoding:
      - gzip, deflate
      Connection:
      - keep-alive
      Content-Length:
      - '27'
      Content-Type:
      - application/json
      User-Agent:
      - azsdk-python-confidentialledger/0.1 Python/3.8.5 (Linux-5.4.72-microsoft-standard-WSL2-x86_64-with-glibc2.29)
    method: POST
    uri: https://fake-confidential-ledger.azure.com/app/transactions?api-version=0.1-preview&subLedgerId=2
  response:
    body:
      string: '{"subLedgerId":"2"}'
    headers:
      content-length:
      - '19'
      content-type:
      - application/json
      x-ms-ccf-transaction-id:
      - '2.1811'
    status:
      code: 200
      message: OK
- request:
    body: '{"contents": "message-188"}'
    headers:
      Accept:
      - application/json
      Accept-Encoding:
      - gzip, deflate
      Connection:
      - keep-alive
      Content-Length:
      - '27'
      Content-Type:
      - application/json
      User-Agent:
      - azsdk-python-confidentialledger/0.1 Python/3.8.5 (Linux-5.4.72-microsoft-standard-WSL2-x86_64-with-glibc2.29)
    method: POST
    uri: https://fake-confidential-ledger.azure.com/app/transactions?api-version=0.1-preview&subLedgerId=3
  response:
    body:
      string: '{"subLedgerId":"3"}'
    headers:
      content-length:
      - '19'
      content-type:
      - application/json
      x-ms-ccf-transaction-id:
      - '2.1812'
    status:
      code: 200
      message: OK
- request:
    body: '{"contents": "message-189"}'
    headers:
      Accept:
      - application/json
      Accept-Encoding:
      - gzip, deflate
      Connection:
      - keep-alive
      Content-Length:
      - '27'
      Content-Type:
      - application/json
      User-Agent:
      - azsdk-python-confidentialledger/0.1 Python/3.8.5 (Linux-5.4.72-microsoft-standard-WSL2-x86_64-with-glibc2.29)
    method: POST
    uri: https://fake-confidential-ledger.azure.com/app/transactions?api-version=0.1-preview&subLedgerId=4
  response:
    body:
      string: '{"subLedgerId":"4"}'
    headers:
      content-length:
      - '19'
      content-type:
      - application/json
      x-ms-ccf-transaction-id:
      - '2.1813'
    status:
      code: 200
      message: OK
- request:
    body: '{"contents": "message-190"}'
    headers:
      Accept:
      - application/json
      Accept-Encoding:
      - gzip, deflate
      Connection:
      - keep-alive
      Content-Length:
      - '27'
      Content-Type:
      - application/json
      User-Agent:
      - azsdk-python-confidentialledger/0.1 Python/3.8.5 (Linux-5.4.72-microsoft-standard-WSL2-x86_64-with-glibc2.29)
    method: POST
    uri: https://fake-confidential-ledger.azure.com/app/transactions?api-version=0.1-preview&subLedgerId=0
  response:
    body:
      string: '{"subLedgerId":"0"}'
    headers:
      content-length:
      - '19'
      content-type:
      - application/json
      x-ms-ccf-transaction-id:
      - '2.1814'
    status:
      code: 200
      message: OK
- request:
    body: '{"contents": "message-191"}'
    headers:
      Accept:
      - application/json
      Accept-Encoding:
      - gzip, deflate
      Connection:
      - keep-alive
      Content-Length:
      - '27'
      Content-Type:
      - application/json
      User-Agent:
      - azsdk-python-confidentialledger/0.1 Python/3.8.5 (Linux-5.4.72-microsoft-standard-WSL2-x86_64-with-glibc2.29)
    method: POST
    uri: https://fake-confidential-ledger.azure.com/app/transactions?api-version=0.1-preview&subLedgerId=1
  response:
    body:
      string: '{"subLedgerId":"1"}'
    headers:
      content-length:
      - '19'
      content-type:
      - application/json
      x-ms-ccf-transaction-id:
      - '2.1816'
    status:
      code: 200
      message: OK
- request:
    body: '{"contents": "message-192"}'
    headers:
      Accept:
      - application/json
      Accept-Encoding:
      - gzip, deflate
      Connection:
      - keep-alive
      Content-Length:
      - '27'
      Content-Type:
      - application/json
      User-Agent:
      - azsdk-python-confidentialledger/0.1 Python/3.8.5 (Linux-5.4.72-microsoft-standard-WSL2-x86_64-with-glibc2.29)
    method: POST
    uri: https://fake-confidential-ledger.azure.com/app/transactions?api-version=0.1-preview&subLedgerId=2
  response:
    body:
      string: '{"subLedgerId":"2"}'
    headers:
      content-length:
      - '19'
      content-type:
      - application/json
      x-ms-ccf-transaction-id:
      - '2.1817'
    status:
      code: 200
      message: OK
- request:
    body: '{"contents": "message-193"}'
    headers:
      Accept:
      - application/json
      Accept-Encoding:
      - gzip, deflate
      Connection:
      - keep-alive
      Content-Length:
      - '27'
      Content-Type:
      - application/json
      User-Agent:
      - azsdk-python-confidentialledger/0.1 Python/3.8.5 (Linux-5.4.72-microsoft-standard-WSL2-x86_64-with-glibc2.29)
    method: POST
    uri: https://fake-confidential-ledger.azure.com/app/transactions?api-version=0.1-preview&subLedgerId=3
  response:
    body:
      string: '{"subLedgerId":"3"}'
    headers:
      content-length:
      - '19'
      content-type:
      - application/json
      x-ms-ccf-transaction-id:
      - '2.1818'
    status:
      code: 200
      message: OK
- request:
    body: '{"contents": "message-194"}'
    headers:
      Accept:
      - application/json
      Accept-Encoding:
      - gzip, deflate
      Connection:
      - keep-alive
      Content-Length:
      - '27'
      Content-Type:
      - application/json
      User-Agent:
      - azsdk-python-confidentialledger/0.1 Python/3.8.5 (Linux-5.4.72-microsoft-standard-WSL2-x86_64-with-glibc2.29)
    method: POST
    uri: https://fake-confidential-ledger.azure.com/app/transactions?api-version=0.1-preview&subLedgerId=4
  response:
    body:
      string: '{"subLedgerId":"4"}'
    headers:
      content-length:
      - '19'
      content-type:
      - application/json
      x-ms-ccf-transaction-id:
      - '2.1819'
    status:
      code: 200
      message: OK
- request:
    body: '{"contents": "message-195"}'
    headers:
      Accept:
      - application/json
      Accept-Encoding:
      - gzip, deflate
      Connection:
      - keep-alive
      Content-Length:
      - '27'
      Content-Type:
      - application/json
      User-Agent:
      - azsdk-python-confidentialledger/0.1 Python/3.8.5 (Linux-5.4.72-microsoft-standard-WSL2-x86_64-with-glibc2.29)
    method: POST
    uri: https://fake-confidential-ledger.azure.com/app/transactions?api-version=0.1-preview&subLedgerId=0
  response:
    body:
      string: '{"subLedgerId":"0"}'
    headers:
      content-length:
      - '19'
      content-type:
      - application/json
      x-ms-ccf-transaction-id:
      - '2.1820'
    status:
      code: 200
      message: OK
- request:
    body: '{"contents": "message-196"}'
    headers:
      Accept:
      - application/json
      Accept-Encoding:
      - gzip, deflate
      Connection:
      - keep-alive
      Content-Length:
      - '27'
      Content-Type:
      - application/json
      User-Agent:
      - azsdk-python-confidentialledger/0.1 Python/3.8.5 (Linux-5.4.72-microsoft-standard-WSL2-x86_64-with-glibc2.29)
    method: POST
    uri: https://fake-confidential-ledger.azure.com/app/transactions?api-version=0.1-preview&subLedgerId=1
  response:
    body:
      string: '{"subLedgerId":"1"}'
    headers:
      content-length:
      - '19'
      content-type:
      - application/json
      x-ms-ccf-transaction-id:
      - '2.1821'
    status:
      code: 200
      message: OK
- request:
    body: '{"contents": "message-197"}'
    headers:
      Accept:
      - application/json
      Accept-Encoding:
      - gzip, deflate
      Connection:
      - keep-alive
      Content-Length:
      - '27'
      Content-Type:
      - application/json
      User-Agent:
      - azsdk-python-confidentialledger/0.1 Python/3.8.5 (Linux-5.4.72-microsoft-standard-WSL2-x86_64-with-glibc2.29)
    method: POST
    uri: https://fake-confidential-ledger.azure.com/app/transactions?api-version=0.1-preview&subLedgerId=2
  response:
    body:
      string: '{"subLedgerId":"2"}'
    headers:
      content-length:
      - '19'
      content-type:
      - application/json
      x-ms-ccf-transaction-id:
      - '2.1822'
    status:
      code: 200
      message: OK
- request:
    body: '{"contents": "message-198"}'
    headers:
      Accept:
      - application/json
      Accept-Encoding:
      - gzip, deflate
      Connection:
      - keep-alive
      Content-Length:
      - '27'
      Content-Type:
      - application/json
      User-Agent:
      - azsdk-python-confidentialledger/0.1 Python/3.8.5 (Linux-5.4.72-microsoft-standard-WSL2-x86_64-with-glibc2.29)
    method: POST
    uri: https://fake-confidential-ledger.azure.com/app/transactions?api-version=0.1-preview&subLedgerId=3
  response:
    body:
      string: '{"subLedgerId":"3"}'
    headers:
      content-length:
      - '19'
      content-type:
      - application/json
      x-ms-ccf-transaction-id:
      - '2.1823'
    status:
      code: 200
      message: OK
- request:
    body: '{"contents": "message-199"}'
    headers:
      Accept:
      - application/json
      Accept-Encoding:
      - gzip, deflate
      Connection:
      - keep-alive
      Content-Length:
      - '27'
      Content-Type:
      - application/json
      User-Agent:
      - azsdk-python-confidentialledger/0.1 Python/3.8.5 (Linux-5.4.72-microsoft-standard-WSL2-x86_64-with-glibc2.29)
    method: POST
    uri: https://fake-confidential-ledger.azure.com/app/transactions?api-version=0.1-preview&subLedgerId=4
  response:
    body:
      string: '{"subLedgerId":"4"}'
    headers:
      content-length:
      - '19'
      content-type:
      - application/json
      x-ms-ccf-transaction-id:
      - '2.1824'
    status:
      code: 200
      message: OK
- request:
    body: '{"contents": "message-200"}'
    headers:
      Accept:
      - application/json
      Accept-Encoding:
      - gzip, deflate
      Connection:
      - keep-alive
      Content-Length:
      - '27'
      Content-Type:
      - application/json
      User-Agent:
      - azsdk-python-confidentialledger/0.1 Python/3.8.5 (Linux-5.4.72-microsoft-standard-WSL2-x86_64-with-glibc2.29)
    method: POST
    uri: https://fake-confidential-ledger.azure.com/app/transactions?api-version=0.1-preview&subLedgerId=0
  response:
    body:
      string: '{"subLedgerId":"0"}'
    headers:
      content-length:
      - '19'
      content-type:
      - application/json
      x-ms-ccf-transaction-id:
      - '2.1825'
    status:
      code: 200
      message: OK
- request:
    body: null
    headers:
      Accept:
      - application/json
      Accept-Encoding:
      - gzip, deflate
      Connection:
      - keep-alive
      User-Agent:
      - azsdk-python-confidentialledger/0.1 Python/3.8.5 (Linux-5.4.72-microsoft-standard-WSL2-x86_64-with-glibc2.29)
    method: GET
    uri: https://fake-confidential-ledger.azure.com/app/transactions?api-version=0.1-preview&subLedgerId=0&fromTransactionId=2.1600
  response:
    body:
      string: "{\n  \"@nextLink\": \"/app/transactions?api-version=0.1-preview&subLedgerId=0&fromTransactionId=2.1600\",\n
        \ \"state\": \"Loading\"\n}"
    headers:
      content-length:
      - '123'
      content-type:
      - application/json
      x-ms-ccf-transaction-id:
      - '2.1825'
    status:
      code: 200
      message: OK
- request:
    body: null
    headers:
      Accept:
      - application/json
      Accept-Encoding:
      - gzip, deflate
      Connection:
      - keep-alive
      User-Agent:
      - azsdk-python-confidentialledger/0.1 Python/3.8.5 (Linux-5.4.72-microsoft-standard-WSL2-x86_64-with-glibc2.29)
    method: GET
    uri: https://fake-confidential-ledger.azure.com/app/transactions?api-version=0.1-preview&subLedgerId=0&fromTransactionId=2.1600
  response:
    body:
      string: "{\n  \"@nextLink\": \"/app/transactions?api-version=0.1-preview&subLedgerId=0&fromTransactionId=2.1701\",\n
        \ \"entries\": [\n    {\n      \"contents\": \"message-0\",\n      \"subLedgerId\":
        \"0\",\n      \"transactionId\": \"2.1600\"\n    },\n    {\n      \"contents\":
        \"message-5\",\n      \"subLedgerId\": \"0\",\n      \"transactionId\": \"2.1606\"\n
        \   },\n    {\n      \"contents\": \"message-10\",\n      \"subLedgerId\":
        \"0\",\n      \"transactionId\": \"2.1611\"\n    },\n    {\n      \"contents\":
        \"message-15\",\n      \"subLedgerId\": \"0\",\n      \"transactionId\": \"2.1617\"\n
        \   },\n    {\n      \"contents\": \"message-20\",\n      \"subLedgerId\":
        \"0\",\n      \"transactionId\": \"2.1622\"\n    },\n    {\n      \"contents\":
        \"message-25\",\n      \"subLedgerId\": \"0\",\n      \"transactionId\": \"2.1628\"\n
        \   },\n    {\n      \"contents\": \"message-30\",\n      \"subLedgerId\":
        \"0\",\n      \"transactionId\": \"2.1634\"\n    },\n    {\n      \"contents\":
        \"message-35\",\n      \"subLedgerId\": \"0\",\n      \"transactionId\": \"2.1639\"\n
        \   },\n    {\n      \"contents\": \"message-40\",\n      \"subLedgerId\":
        \"0\",\n      \"transactionId\": \"2.1645\"\n    },\n    {\n      \"contents\":
        \"message-45\",\n      \"subLedgerId\": \"0\",\n      \"transactionId\": \"2.1650\"\n
        \   },\n    {\n      \"contents\": \"message-50\",\n      \"subLedgerId\":
        \"0\",\n      \"transactionId\": \"2.1656\"\n    },\n    {\n      \"contents\":
        \"message-55\",\n      \"subLedgerId\": \"0\",\n      \"transactionId\": \"2.1662\"\n
        \   },\n    {\n      \"contents\": \"message-60\",\n      \"subLedgerId\":
        \"0\",\n      \"transactionId\": \"2.1667\"\n    },\n    {\n      \"contents\":
        \"message-65\",\n      \"subLedgerId\": \"0\",\n      \"transactionId\": \"2.1673\"\n
        \   },\n    {\n      \"contents\": \"message-70\",\n      \"subLedgerId\":
        \"0\",\n      \"transactionId\": \"2.1678\"\n    },\n    {\n      \"contents\":
        \"message-75\",\n      \"subLedgerId\": \"0\",\n      \"transactionId\": \"2.1684\"\n
        \   },\n    {\n      \"contents\": \"message-80\",\n      \"subLedgerId\":
        \"0\",\n      \"transactionId\": \"2.1690\"\n    },\n    {\n      \"contents\":
        \"message-85\",\n      \"subLedgerId\": \"0\",\n      \"transactionId\": \"2.1695\"\n
        \   }\n  ],\n  \"state\": \"Ready\"\n}"
    headers:
      content-length:
      - '1992'
      content-type:
      - application/json
      x-ms-ccf-transaction-id:
      - '2.1825'
    status:
      code: 200
      message: OK
- request:
    body: null
    headers:
      Accept:
      - application/json
      Accept-Encoding:
      - gzip, deflate
      Connection:
      - keep-alive
      User-Agent:
      - azsdk-python-confidentialledger/0.1 Python/3.8.5 (Linux-5.4.72-microsoft-standard-WSL2-x86_64-with-glibc2.29)
    method: GET
    uri: https://fake-confidential-ledger.azure.com/app/transactions?api-version=0.1-preview&subLedgerId=0&fromTransactionId=2.1701
  response:
    body:
      string: "{\n  \"@nextLink\": \"/app/transactions?api-version=0.1-preview&subLedgerId=0&fromTransactionId=2.1802\",\n
        \ \"entries\": [\n    {\n      \"contents\": \"message-90\",\n      \"subLedgerId\":
        \"0\",\n      \"transactionId\": \"2.1701\"\n    },\n    {\n      \"contents\":
        \"message-95\",\n      \"subLedgerId\": \"0\",\n      \"transactionId\": \"2.1707\"\n
        \   },\n    {\n      \"contents\": \"message-100\",\n      \"subLedgerId\":
        \"0\",\n      \"transactionId\": \"2.1712\"\n    },\n    {\n      \"contents\":
        \"message-105\",\n      \"subLedgerId\": \"0\",\n      \"transactionId\":
        \"2.1718\"\n    },\n    {\n      \"contents\": \"message-110\",\n      \"subLedgerId\":
        \"0\",\n      \"transactionId\": \"2.1723\"\n    },\n    {\n      \"contents\":
        \"message-115\",\n      \"subLedgerId\": \"0\",\n      \"transactionId\":
        \"2.1729\"\n    },\n    {\n      \"contents\": \"message-120\",\n      \"subLedgerId\":
        \"0\",\n      \"transactionId\": \"2.1735\"\n    },\n    {\n      \"contents\":
        \"message-125\",\n      \"subLedgerId\": \"0\",\n      \"transactionId\":
        \"2.1740\"\n    },\n    {\n      \"contents\": \"message-130\",\n      \"subLedgerId\":
        \"0\",\n      \"transactionId\": \"2.1746\"\n    },\n    {\n      \"contents\":
        \"message-135\",\n      \"subLedgerId\": \"0\",\n      \"transactionId\":
        \"2.1752\"\n    },\n    {\n      \"contents\": \"message-140\",\n      \"subLedgerId\":
        \"0\",\n      \"transactionId\": \"2.1758\"\n    },\n    {\n      \"contents\":
        \"message-145\",\n      \"subLedgerId\": \"0\",\n      \"transactionId\":
        \"2.1764\"\n    },\n    {\n      \"contents\": \"message-150\",\n      \"subLedgerId\":
        \"0\",\n      \"transactionId\": \"2.1769\"\n    },\n    {\n      \"contents\":
        \"message-155\",\n      \"subLedgerId\": \"0\",\n      \"transactionId\":
        \"2.1775\"\n    },\n    {\n      \"contents\": \"message-160\",\n      \"subLedgerId\":
        \"0\",\n      \"transactionId\": \"2.1781\"\n    },\n    {\n      \"contents\":
        \"message-165\",\n      \"subLedgerId\": \"0\",\n      \"transactionId\":
        \"2.1786\"\n    },\n    {\n      \"contents\": \"message-170\",\n      \"subLedgerId\":
        \"0\",\n      \"transactionId\": \"2.1792\"\n    },\n    {\n      \"contents\":
        \"message-175\",\n      \"subLedgerId\": \"0\",\n      \"transactionId\":
        \"2.1798\"\n    }\n  ],\n  \"state\": \"Ready\"\n}"
    headers:
      content-length:
      - '2010'
      content-type:
      - application/json
      x-ms-ccf-transaction-id:
      - '2.1825'
    status:
      code: 200
      message: OK
- request:
    body: null
    headers:
      Accept:
      - application/json
      Accept-Encoding:
      - gzip, deflate
      Connection:
      - keep-alive
      User-Agent:
      - azsdk-python-confidentialledger/0.1 Python/3.8.5 (Linux-5.4.72-microsoft-standard-WSL2-x86_64-with-glibc2.29)
    method: GET
    uri: https://fake-confidential-ledger.azure.com/app/transactions?api-version=0.1-preview&subLedgerId=0&fromTransactionId=2.1802
  response:
    body:
      string: "{\n  \"entries\": [\n    {\n      \"contents\": \"message-180\",\n
        \     \"subLedgerId\": \"0\",\n      \"transactionId\": \"2.1803\"\n    },\n
        \   {\n      \"contents\": \"message-185\",\n      \"subLedgerId\": \"0\",\n
        \     \"transactionId\": \"2.1809\"\n    },\n    {\n      \"contents\": \"message-190\",\n
        \     \"subLedgerId\": \"0\",\n      \"transactionId\": \"2.1814\"\n    }\n
        \ ],\n  \"state\": \"Ready\"\n}"
    headers:
      content-length:
      - '353'
      content-type:
      - application/json
      x-ms-ccf-transaction-id:
      - '2.1825'
    status:
      code: 200
      message: OK
- request:
    body: null
    headers:
      Accept:
      - application/json
      Accept-Encoding:
      - gzip, deflate
      Connection:
      - keep-alive
      User-Agent:
      - azsdk-python-confidentialledger/0.1 Python/3.8.5 (Linux-5.4.72-microsoft-standard-WSL2-x86_64-with-glibc2.29)
    method: GET
    uri: https://fake-confidential-ledger.azure.com/app/transactions?api-version=0.1-preview&subLedgerId=1&fromTransactionId=2.1601
  response:
    body:
      string: "{\n  \"@nextLink\": \"/app/transactions?api-version=0.1-preview&subLedgerId=1&fromTransactionId=2.1601\",\n
        \ \"state\": \"Loading\"\n}"
    headers:
      content-length:
      - '123'
      content-type:
      - application/json
      x-ms-ccf-transaction-id:
      - '2.1825'
    status:
      code: 200
      message: OK
- request:
    body: null
    headers:
      Accept:
      - application/json
      Accept-Encoding:
      - gzip, deflate
      Connection:
      - keep-alive
      User-Agent:
      - azsdk-python-confidentialledger/0.1 Python/3.8.5 (Linux-5.4.72-microsoft-standard-WSL2-x86_64-with-glibc2.29)
    method: GET
    uri: https://fake-confidential-ledger.azure.com/app/transactions?api-version=0.1-preview&subLedgerId=1&fromTransactionId=2.1601
  response:
    body:
      string: "{\n  \"@nextLink\": \"/app/transactions?api-version=0.1-preview&subLedgerId=1&fromTransactionId=2.1702\",\n
        \ \"entries\": [\n    {\n      \"contents\": \"message-1\",\n      \"subLedgerId\":
        \"1\",\n      \"transactionId\": \"2.1601\"\n    },\n    {\n      \"contents\":
        \"message-6\",\n      \"subLedgerId\": \"1\",\n      \"transactionId\": \"2.1607\"\n
        \   },\n    {\n      \"contents\": \"message-11\",\n      \"subLedgerId\":
        \"1\",\n      \"transactionId\": \"2.1612\"\n    },\n    {\n      \"contents\":
        \"message-16\",\n      \"subLedgerId\": \"1\",\n      \"transactionId\": \"2.1618\"\n
        \   },\n    {\n      \"contents\": \"message-21\",\n      \"subLedgerId\":
        \"1\",\n      \"transactionId\": \"2.1623\"\n    },\n    {\n      \"contents\":
        \"message-26\",\n      \"subLedgerId\": \"1\",\n      \"transactionId\": \"2.1629\"\n
        \   },\n    {\n      \"contents\": \"message-31\",\n      \"subLedgerId\":
        \"1\",\n      \"transactionId\": \"2.1635\"\n    },\n    {\n      \"contents\":
        \"message-36\",\n      \"subLedgerId\": \"1\",\n      \"transactionId\": \"2.1640\"\n
        \   },\n    {\n      \"contents\": \"message-41\",\n      \"subLedgerId\":
        \"1\",\n      \"transactionId\": \"2.1646\"\n    },\n    {\n      \"contents\":
        \"message-46\",\n      \"subLedgerId\": \"1\",\n      \"transactionId\": \"2.1652\"\n
        \   },\n    {\n      \"contents\": \"message-51\",\n      \"subLedgerId\":
        \"1\",\n      \"transactionId\": \"2.1657\"\n    },\n    {\n      \"contents\":
        \"message-56\",\n      \"subLedgerId\": \"1\",\n      \"transactionId\": \"2.1663\"\n
        \   },\n    {\n      \"contents\": \"message-61\",\n      \"subLedgerId\":
        \"1\",\n      \"transactionId\": \"2.1668\"\n    },\n    {\n      \"contents\":
        \"message-66\",\n      \"subLedgerId\": \"1\",\n      \"transactionId\": \"2.1674\"\n
        \   },\n    {\n      \"contents\": \"message-71\",\n      \"subLedgerId\":
        \"1\",\n      \"transactionId\": \"2.1680\"\n    },\n    {\n      \"contents\":
        \"message-76\",\n      \"subLedgerId\": \"1\",\n      \"transactionId\": \"2.1685\"\n
        \   },\n    {\n      \"contents\": \"message-81\",\n      \"subLedgerId\":
        \"1\",\n      \"transactionId\": \"2.1691\"\n    },\n    {\n      \"contents\":
        \"message-86\",\n      \"subLedgerId\": \"1\",\n      \"transactionId\": \"2.1696\"\n
        \   }\n  ],\n  \"state\": \"Ready\"\n}"
    headers:
      content-length:
      - '1992'
      content-type:
      - application/json
      x-ms-ccf-transaction-id:
      - '2.1826'
    status:
      code: 200
      message: OK
- request:
    body: null
    headers:
      Accept:
      - application/json
      Accept-Encoding:
      - gzip, deflate
      Connection:
      - keep-alive
      User-Agent:
      - azsdk-python-confidentialledger/0.1 Python/3.8.5 (Linux-5.4.72-microsoft-standard-WSL2-x86_64-with-glibc2.29)
    method: GET
    uri: https://fake-confidential-ledger.azure.com/app/transactions?api-version=0.1-preview&subLedgerId=1&fromTransactionId=2.1702
  response:
    body:
      string: "{\n  \"@nextLink\": \"/app/transactions?api-version=0.1-preview&subLedgerId=1&fromTransactionId=2.1803\",\n
        \ \"entries\": [\n    {\n      \"contents\": \"message-91\",\n      \"subLedgerId\":
        \"1\",\n      \"transactionId\": \"2.1702\"\n    },\n    {\n      \"contents\":
        \"message-96\",\n      \"subLedgerId\": \"1\",\n      \"transactionId\": \"2.1708\"\n
        \   },\n    {\n      \"contents\": \"message-101\",\n      \"subLedgerId\":
        \"1\",\n      \"transactionId\": \"2.1713\"\n    },\n    {\n      \"contents\":
        \"message-106\",\n      \"subLedgerId\": \"1\",\n      \"transactionId\":
        \"2.1719\"\n    },\n    {\n      \"contents\": \"message-111\",\n      \"subLedgerId\":
        \"1\",\n      \"transactionId\": \"2.1724\"\n    },\n    {\n      \"contents\":
        \"message-116\",\n      \"subLedgerId\": \"1\",\n      \"transactionId\":
        \"2.1730\"\n    },\n    {\n      \"contents\": \"message-121\",\n      \"subLedgerId\":
        \"1\",\n      \"transactionId\": \"2.1736\"\n    },\n    {\n      \"contents\":
        \"message-126\",\n      \"subLedgerId\": \"1\",\n      \"transactionId\":
        \"2.1741\"\n    },\n    {\n      \"contents\": \"message-131\",\n      \"subLedgerId\":
        \"1\",\n      \"transactionId\": \"2.1747\"\n    },\n    {\n      \"contents\":
        \"message-136\",\n      \"subLedgerId\": \"1\",\n      \"transactionId\":
        \"2.1753\"\n    },\n    {\n      \"contents\": \"message-141\",\n      \"subLedgerId\":
        \"1\",\n      \"transactionId\": \"2.1759\"\n    },\n    {\n      \"contents\":
        \"message-146\",\n      \"subLedgerId\": \"1\",\n      \"transactionId\":
        \"2.1765\"\n    },\n    {\n      \"contents\": \"message-151\",\n      \"subLedgerId\":
        \"1\",\n      \"transactionId\": \"2.1771\"\n    },\n    {\n      \"contents\":
        \"message-156\",\n      \"subLedgerId\": \"1\",\n      \"transactionId\":
        \"2.1776\"\n    },\n    {\n      \"contents\": \"message-161\",\n      \"subLedgerId\":
        \"1\",\n      \"transactionId\": \"2.1782\"\n    },\n    {\n      \"contents\":
        \"message-166\",\n      \"subLedgerId\": \"1\",\n      \"transactionId\":
        \"2.1787\"\n    },\n    {\n      \"contents\": \"message-171\",\n      \"subLedgerId\":
        \"1\",\n      \"transactionId\": \"2.1793\"\n    },\n    {\n      \"contents\":
        \"message-176\",\n      \"subLedgerId\": \"1\",\n      \"transactionId\":
        \"2.1799\"\n    }\n  ],\n  \"state\": \"Ready\"\n}"
    headers:
      content-length:
      - '2010'
      content-type:
      - application/json
      x-ms-ccf-transaction-id:
      - '2.1826'
    status:
      code: 200
      message: OK
- request:
    body: null
    headers:
      Accept:
      - application/json
      Accept-Encoding:
      - gzip, deflate
      Connection:
      - keep-alive
      User-Agent:
      - azsdk-python-confidentialledger/0.1 Python/3.8.5 (Linux-5.4.72-microsoft-standard-WSL2-x86_64-with-glibc2.29)
    method: GET
    uri: https://fake-confidential-ledger.azure.com/app/transactions?api-version=0.1-preview&subLedgerId=1&fromTransactionId=2.1803
  response:
    body:
      string: "{\n  \"entries\": [\n    {\n      \"contents\": \"message-181\",\n
        \     \"subLedgerId\": \"1\",\n      \"transactionId\": \"2.1804\"\n    },\n
        \   {\n      \"contents\": \"message-186\",\n      \"subLedgerId\": \"1\",\n
        \     \"transactionId\": \"2.1810\"\n    },\n    {\n      \"contents\": \"message-191\",\n
        \     \"subLedgerId\": \"1\",\n      \"transactionId\": \"2.1816\"\n    },\n
        \   {\n      \"contents\": \"message-196\",\n      \"subLedgerId\": \"1\",\n
        \     \"transactionId\": \"2.1821\"\n    }\n  ],\n  \"state\": \"Ready\"\n}"
    headers:
      content-length:
      - '457'
      content-type:
      - application/json
      x-ms-ccf-transaction-id:
      - '2.1826'
    status:
      code: 200
      message: OK
- request:
    body: null
    headers:
      Accept:
      - application/json
      Accept-Encoding:
      - gzip, deflate
      Connection:
      - keep-alive
      User-Agent:
      - azsdk-python-confidentialledger/0.1 Python/3.8.5 (Linux-5.4.72-microsoft-standard-WSL2-x86_64-with-glibc2.29)
    method: GET
    uri: https://fake-confidential-ledger.azure.com/app/transactions?api-version=0.1-preview&subLedgerId=2&fromTransactionId=2.1602
  response:
    body:
      string: "{\n  \"@nextLink\": \"/app/transactions?api-version=0.1-preview&subLedgerId=2&fromTransactionId=2.1602\",\n
        \ \"state\": \"Loading\"\n}"
    headers:
      content-length:
      - '123'
      content-type:
      - application/json
      x-ms-ccf-transaction-id:
      - '2.1826'
    status:
      code: 200
      message: OK
- request:
    body: null
    headers:
      Accept:
      - application/json
      Accept-Encoding:
      - gzip, deflate
      Connection:
      - keep-alive
      User-Agent:
      - azsdk-python-confidentialledger/0.1 Python/3.8.5 (Linux-5.4.72-microsoft-standard-WSL2-x86_64-with-glibc2.29)
    method: GET
    uri: https://fake-confidential-ledger.azure.com/app/transactions?api-version=0.1-preview&subLedgerId=2&fromTransactionId=2.1602
  response:
    body:
      string: "{\n  \"@nextLink\": \"/app/transactions?api-version=0.1-preview&subLedgerId=2&fromTransactionId=2.1703\",\n
        \ \"entries\": [\n    {\n      \"contents\": \"message-2\",\n      \"subLedgerId\":
        \"2\",\n      \"transactionId\": \"2.1602\"\n    },\n    {\n      \"contents\":
        \"message-7\",\n      \"subLedgerId\": \"2\",\n      \"transactionId\": \"2.1608\"\n
        \   },\n    {\n      \"contents\": \"message-12\",\n      \"subLedgerId\":
        \"2\",\n      \"transactionId\": \"2.1613\"\n    },\n    {\n      \"contents\":
        \"message-17\",\n      \"subLedgerId\": \"2\",\n      \"transactionId\": \"2.1619\"\n
        \   },\n    {\n      \"contents\": \"message-22\",\n      \"subLedgerId\":
        \"2\",\n      \"transactionId\": \"2.1625\"\n    },\n    {\n      \"contents\":
        \"message-27\",\n      \"subLedgerId\": \"2\",\n      \"transactionId\": \"2.1630\"\n
        \   },\n    {\n      \"contents\": \"message-32\",\n      \"subLedgerId\":
        \"2\",\n      \"transactionId\": \"2.1636\"\n    },\n    {\n      \"contents\":
        \"message-37\",\n      \"subLedgerId\": \"2\",\n      \"transactionId\": \"2.1641\"\n
        \   },\n    {\n      \"contents\": \"message-42\",\n      \"subLedgerId\":
        \"2\",\n      \"transactionId\": \"2.1647\"\n    },\n    {\n      \"contents\":
        \"message-47\",\n      \"subLedgerId\": \"2\",\n      \"transactionId\": \"2.1653\"\n
        \   },\n    {\n      \"contents\": \"message-52\",\n      \"subLedgerId\":
        \"2\",\n      \"transactionId\": \"2.1658\"\n    },\n    {\n      \"contents\":
        \"message-57\",\n      \"subLedgerId\": \"2\",\n      \"transactionId\": \"2.1664\"\n
        \   },\n    {\n      \"contents\": \"message-62\",\n      \"subLedgerId\":
        \"2\",\n      \"transactionId\": \"2.1670\"\n    },\n    {\n      \"contents\":
        \"message-67\",\n      \"subLedgerId\": \"2\",\n      \"transactionId\": \"2.1675\"\n
        \   },\n    {\n      \"contents\": \"message-72\",\n      \"subLedgerId\":
        \"2\",\n      \"transactionId\": \"2.1681\"\n    },\n    {\n      \"contents\":
        \"message-77\",\n      \"subLedgerId\": \"2\",\n      \"transactionId\": \"2.1686\"\n
        \   },\n    {\n      \"contents\": \"message-82\",\n      \"subLedgerId\":
        \"2\",\n      \"transactionId\": \"2.1692\"\n    },\n    {\n      \"contents\":
        \"message-87\",\n      \"subLedgerId\": \"2\",\n      \"transactionId\": \"2.1698\"\n
        \   }\n  ],\n  \"state\": \"Ready\"\n}"
    headers:
      content-length:
      - '1992'
      content-type:
      - application/json
      x-ms-ccf-transaction-id:
      - '2.1826'
    status:
      code: 200
      message: OK
- request:
    body: null
    headers:
      Accept:
      - application/json
      Accept-Encoding:
      - gzip, deflate
      Connection:
      - keep-alive
      User-Agent:
      - azsdk-python-confidentialledger/0.1 Python/3.8.5 (Linux-5.4.72-microsoft-standard-WSL2-x86_64-with-glibc2.29)
    method: GET
    uri: https://fake-confidential-ledger.azure.com/app/transactions?api-version=0.1-preview&subLedgerId=2&fromTransactionId=2.1703
  response:
    body:
      string: "{\n  \"@nextLink\": \"/app/transactions?api-version=0.1-preview&subLedgerId=2&fromTransactionId=2.1804\",\n
        \ \"entries\": [\n    {\n      \"contents\": \"message-92\",\n      \"subLedgerId\":
        \"2\",\n      \"transactionId\": \"2.1703\"\n    },\n    {\n      \"contents\":
        \"message-97\",\n      \"subLedgerId\": \"2\",\n      \"transactionId\": \"2.1709\"\n
        \   },\n    {\n      \"contents\": \"message-102\",\n      \"subLedgerId\":
        \"2\",\n      \"transactionId\": \"2.1714\"\n    },\n    {\n      \"contents\":
        \"message-107\",\n      \"subLedgerId\": \"2\",\n      \"transactionId\":
        \"2.1720\"\n    },\n    {\n      \"contents\": \"message-112\",\n      \"subLedgerId\":
        \"2\",\n      \"transactionId\": \"2.1726\"\n    },\n    {\n      \"contents\":
        \"message-117\",\n      \"subLedgerId\": \"2\",\n      \"transactionId\":
        \"2.1731\"\n    },\n    {\n      \"contents\": \"message-122\",\n      \"subLedgerId\":
        \"2\",\n      \"transactionId\": \"2.1737\"\n    },\n    {\n      \"contents\":
        \"message-127\",\n      \"subLedgerId\": \"2\",\n      \"transactionId\":
        \"2.1743\"\n    },\n    {\n      \"contents\": \"message-132\",\n      \"subLedgerId\":
        \"2\",\n      \"transactionId\": \"2.1748\"\n    },\n    {\n      \"contents\":
        \"message-137\",\n      \"subLedgerId\": \"2\",\n      \"transactionId\":
        \"2.1755\"\n    },\n    {\n      \"contents\": \"message-142\",\n      \"subLedgerId\":
        \"2\",\n      \"transactionId\": \"2.1760\"\n    },\n    {\n      \"contents\":
        \"message-147\",\n      \"subLedgerId\": \"2\",\n      \"transactionId\":
        \"2.1766\"\n    },\n    {\n      \"contents\": \"message-152\",\n      \"subLedgerId\":
        \"2\",\n      \"transactionId\": \"2.1772\"\n    },\n    {\n      \"contents\":
        \"message-157\",\n      \"subLedgerId\": \"2\",\n      \"transactionId\":
        \"2.1777\"\n    },\n    {\n      \"contents\": \"message-162\",\n      \"subLedgerId\":
        \"2\",\n      \"transactionId\": \"2.1783\"\n    },\n    {\n      \"contents\":
        \"message-167\",\n      \"subLedgerId\": \"2\",\n      \"transactionId\":
        \"2.1789\"\n    },\n    {\n      \"contents\": \"message-172\",\n      \"subLedgerId\":
        \"2\",\n      \"transactionId\": \"2.1794\"\n    },\n    {\n      \"contents\":
        \"message-177\",\n      \"subLedgerId\": \"2\",\n      \"transactionId\":
        \"2.1800\"\n    }\n  ],\n  \"state\": \"Ready\"\n}"
    headers:
      content-length:
      - '2010'
      content-type:
      - application/json
      x-ms-ccf-transaction-id:
      - '2.1826'
    status:
      code: 200
      message: OK
- request:
    body: null
    headers:
      Accept:
      - application/json
      Accept-Encoding:
      - gzip, deflate
      Connection:
      - keep-alive
      User-Agent:
      - azsdk-python-confidentialledger/0.1 Python/3.8.5 (Linux-5.4.72-microsoft-standard-WSL2-x86_64-with-glibc2.29)
    method: GET
    uri: https://fake-confidential-ledger.azure.com/app/transactions?api-version=0.1-preview&subLedgerId=2&fromTransactionId=2.1804
  response:
    body:
      string: "{\n  \"entries\": [\n    {\n      \"contents\": \"message-182\",\n
        \     \"subLedgerId\": \"2\",\n      \"transactionId\": \"2.1805\"\n    },\n
        \   {\n      \"contents\": \"message-187\",\n      \"subLedgerId\": \"2\",\n
        \     \"transactionId\": \"2.1811\"\n    },\n    {\n      \"contents\": \"message-192\",\n
        \     \"subLedgerId\": \"2\",\n      \"transactionId\": \"2.1817\"\n    },\n
        \   {\n      \"contents\": \"message-197\",\n      \"subLedgerId\": \"2\",\n
        \     \"transactionId\": \"2.1822\"\n    }\n  ],\n  \"state\": \"Ready\"\n}"
    headers:
      content-length:
      - '457'
      content-type:
      - application/json
      x-ms-ccf-transaction-id:
      - '2.1826'
    status:
      code: 200
      message: OK
- request:
    body: null
    headers:
      Accept:
      - application/json
      Accept-Encoding:
      - gzip, deflate
      Connection:
      - keep-alive
      User-Agent:
      - azsdk-python-confidentialledger/0.1 Python/3.8.5 (Linux-5.4.72-microsoft-standard-WSL2-x86_64-with-glibc2.29)
    method: GET
    uri: https://fake-confidential-ledger.azure.com/app/transactions?api-version=0.1-preview&subLedgerId=3&fromTransactionId=2.1603
  response:
    body:
      string: "{\n  \"@nextLink\": \"/app/transactions?api-version=0.1-preview&subLedgerId=3&fromTransactionId=2.1603\",\n
        \ \"state\": \"Loading\"\n}"
    headers:
      content-length:
      - '123'
      content-type:
      - application/json
      x-ms-ccf-transaction-id:
      - '2.1826'
    status:
      code: 200
      message: OK
- request:
    body: null
    headers:
      Accept:
      - application/json
      Accept-Encoding:
      - gzip, deflate
      Connection:
      - keep-alive
      User-Agent:
      - azsdk-python-confidentialledger/0.1 Python/3.8.5 (Linux-5.4.72-microsoft-standard-WSL2-x86_64-with-glibc2.29)
    method: GET
    uri: https://fake-confidential-ledger.azure.com/app/transactions?api-version=0.1-preview&subLedgerId=3&fromTransactionId=2.1603
  response:
    body:
      string: "{\n  \"@nextLink\": \"/app/transactions?api-version=0.1-preview&subLedgerId=3&fromTransactionId=2.1704\",\n
        \ \"entries\": [\n    {\n      \"contents\": \"message-3\",\n      \"subLedgerId\":
        \"3\",\n      \"transactionId\": \"2.1603\"\n    },\n    {\n      \"contents\":
        \"message-8\",\n      \"subLedgerId\": \"3\",\n      \"transactionId\": \"2.1609\"\n
        \   },\n    {\n      \"contents\": \"message-13\",\n      \"subLedgerId\":
        \"3\",\n      \"transactionId\": \"2.1615\"\n    },\n    {\n      \"contents\":
        \"message-18\",\n      \"subLedgerId\": \"3\",\n      \"transactionId\": \"2.1620\"\n
        \   },\n    {\n      \"contents\": \"message-23\",\n      \"subLedgerId\":
        \"3\",\n      \"transactionId\": \"2.1626\"\n    },\n    {\n      \"contents\":
        \"message-28\",\n      \"subLedgerId\": \"3\",\n      \"transactionId\": \"2.1631\"\n
        \   },\n    {\n      \"contents\": \"message-33\",\n      \"subLedgerId\":
        \"3\",\n      \"transactionId\": \"2.1637\"\n    },\n    {\n      \"contents\":
        \"message-38\",\n      \"subLedgerId\": \"3\",\n      \"transactionId\": \"2.1643\"\n
        \   },\n    {\n      \"contents\": \"message-43\",\n      \"subLedgerId\":
        \"3\",\n      \"transactionId\": \"2.1648\"\n    },\n    {\n      \"contents\":
        \"message-48\",\n      \"subLedgerId\": \"3\",\n      \"transactionId\": \"2.1654\"\n
        \   },\n    {\n      \"contents\": \"message-53\",\n      \"subLedgerId\":
        \"3\",\n      \"transactionId\": \"2.1659\"\n    },\n    {\n      \"contents\":
        \"message-58\",\n      \"subLedgerId\": \"3\",\n      \"transactionId\": \"2.1665\"\n
        \   },\n    {\n      \"contents\": \"message-63\",\n      \"subLedgerId\":
        \"3\",\n      \"transactionId\": \"2.1671\"\n    },\n    {\n      \"contents\":
        \"message-68\",\n      \"subLedgerId\": \"3\",\n      \"transactionId\": \"2.1676\"\n
        \   },\n    {\n      \"contents\": \"message-73\",\n      \"subLedgerId\":
        \"3\",\n      \"transactionId\": \"2.1682\"\n    },\n    {\n      \"contents\":
        \"message-78\",\n      \"subLedgerId\": \"3\",\n      \"transactionId\": \"2.1687\"\n
        \   },\n    {\n      \"contents\": \"message-83\",\n      \"subLedgerId\":
        \"3\",\n      \"transactionId\": \"2.1693\"\n    },\n    {\n      \"contents\":
        \"message-88\",\n      \"subLedgerId\": \"3\",\n      \"transactionId\": \"2.1699\"\n
        \   }\n  ],\n  \"state\": \"Ready\"\n}"
    headers:
      content-length:
      - '1992'
      content-type:
      - application/json
      x-ms-ccf-transaction-id:
      - '2.1826'
    status:
      code: 200
      message: OK
- request:
    body: null
    headers:
      Accept:
      - application/json
      Accept-Encoding:
      - gzip, deflate
      Connection:
      - keep-alive
      User-Agent:
      - azsdk-python-confidentialledger/0.1 Python/3.8.5 (Linux-5.4.72-microsoft-standard-WSL2-x86_64-with-glibc2.29)
    method: GET
    uri: https://fake-confidential-ledger.azure.com/app/transactions?api-version=0.1-preview&subLedgerId=3&fromTransactionId=2.1704
  response:
    body:
      string: "{\n  \"@nextLink\": \"/app/transactions?api-version=0.1-preview&subLedgerId=3&fromTransactionId=2.1805\",\n
        \ \"entries\": [\n    {\n      \"contents\": \"message-93\",\n      \"subLedgerId\":
        \"3\",\n      \"transactionId\": \"2.1704\"\n    },\n    {\n      \"contents\":
        \"message-98\",\n      \"subLedgerId\": \"3\",\n      \"transactionId\": \"2.1710\"\n
        \   },\n    {\n      \"contents\": \"message-103\",\n      \"subLedgerId\":
        \"3\",\n      \"transactionId\": \"2.1715\"\n    },\n    {\n      \"contents\":
        \"message-108\",\n      \"subLedgerId\": \"3\",\n      \"transactionId\":
        \"2.1721\"\n    },\n    {\n      \"contents\": \"message-113\",\n      \"subLedgerId\":
        \"3\",\n      \"transactionId\": \"2.1727\"\n    },\n    {\n      \"contents\":
        \"message-118\",\n      \"subLedgerId\": \"3\",\n      \"transactionId\":
        \"2.1732\"\n    },\n    {\n      \"contents\": \"message-123\",\n      \"subLedgerId\":
        \"3\",\n      \"transactionId\": \"2.1738\"\n    },\n    {\n      \"contents\":
        \"message-128\",\n      \"subLedgerId\": \"3\",\n      \"transactionId\":
        \"2.1744\"\n    },\n    {\n      \"contents\": \"message-133\",\n      \"subLedgerId\":
        \"3\",\n      \"transactionId\": \"2.1749\"\n    },\n    {\n      \"contents\":
        \"message-138\",\n      \"subLedgerId\": \"3\",\n      \"transactionId\":
        \"2.1756\"\n    },\n    {\n      \"contents\": \"message-143\",\n      \"subLedgerId\":
        \"3\",\n      \"transactionId\": \"2.1761\"\n    },\n    {\n      \"contents\":
        \"message-148\",\n      \"subLedgerId\": \"3\",\n      \"transactionId\":
        \"2.1767\"\n    },\n    {\n      \"contents\": \"message-153\",\n      \"subLedgerId\":
        \"3\",\n      \"transactionId\": \"2.1773\"\n    },\n    {\n      \"contents\":
        \"message-158\",\n      \"subLedgerId\": \"3\",\n      \"transactionId\":
        \"2.1778\"\n    },\n    {\n      \"contents\": \"message-163\",\n      \"subLedgerId\":
        \"3\",\n      \"transactionId\": \"2.1784\"\n    },\n    {\n      \"contents\":
        \"message-168\",\n      \"subLedgerId\": \"3\",\n      \"transactionId\":
        \"2.1790\"\n    },\n    {\n      \"contents\": \"message-173\",\n      \"subLedgerId\":
        \"3\",\n      \"transactionId\": \"2.1795\"\n    },\n    {\n      \"contents\":
        \"message-178\",\n      \"subLedgerId\": \"3\",\n      \"transactionId\":
        \"2.1801\"\n    }\n  ],\n  \"state\": \"Ready\"\n}"
    headers:
      content-length:
      - '2010'
      content-type:
      - application/json
      x-ms-ccf-transaction-id:
      - '2.1826'
    status:
      code: 200
      message: OK
- request:
    body: null
    headers:
      Accept:
      - application/json
      Accept-Encoding:
      - gzip, deflate
      Connection:
      - keep-alive
      User-Agent:
      - azsdk-python-confidentialledger/0.1 Python/3.8.5 (Linux-5.4.72-microsoft-standard-WSL2-x86_64-with-glibc2.29)
    method: GET
    uri: https://fake-confidential-ledger.azure.com/app/transactions?api-version=0.1-preview&subLedgerId=3&fromTransactionId=2.1805
  response:
    body:
      string: "{\n  \"entries\": [\n    {\n      \"contents\": \"message-183\",\n
        \     \"subLedgerId\": \"3\",\n      \"transactionId\": \"2.1807\"\n    },\n
        \   {\n      \"contents\": \"message-188\",\n      \"subLedgerId\": \"3\",\n
        \     \"transactionId\": \"2.1812\"\n    },\n    {\n      \"contents\": \"message-193\",\n
        \     \"subLedgerId\": \"3\",\n      \"transactionId\": \"2.1818\"\n    },\n
        \   {\n      \"contents\": \"message-198\",\n      \"subLedgerId\": \"3\",\n
        \     \"transactionId\": \"2.1823\"\n    }\n  ],\n  \"state\": \"Ready\"\n}"
    headers:
      content-length:
      - '457'
      content-type:
      - application/json
      x-ms-ccf-transaction-id:
      - '2.1826'
    status:
      code: 200
      message: OK
- request:
    body: null
    headers:
      Accept:
      - application/json
      Accept-Encoding:
      - gzip, deflate
      Connection:
      - keep-alive
      User-Agent:
      - azsdk-python-confidentialledger/0.1 Python/3.8.5 (Linux-5.4.72-microsoft-standard-WSL2-x86_64-with-glibc2.29)
    method: GET
    uri: https://fake-confidential-ledger.azure.com/app/transactions?api-version=0.1-preview&subLedgerId=4&fromTransactionId=2.1605
  response:
    body:
      string: "{\n  \"@nextLink\": \"/app/transactions?api-version=0.1-preview&subLedgerId=4&fromTransactionId=2.1605\",\n
        \ \"state\": \"Loading\"\n}"
    headers:
      content-length:
      - '123'
      content-type:
      - application/json
      x-ms-ccf-transaction-id:
      - '2.1826'
    status:
      code: 200
      message: OK
- request:
    body: null
    headers:
      Accept:
      - application/json
      Accept-Encoding:
      - gzip, deflate
      Connection:
      - keep-alive
      User-Agent:
      - azsdk-python-confidentialledger/0.1 Python/3.8.5 (Linux-5.4.72-microsoft-standard-WSL2-x86_64-with-glibc2.29)
    method: GET
    uri: https://fake-confidential-ledger.azure.com/app/transactions?api-version=0.1-preview&subLedgerId=4&fromTransactionId=2.1605
  response:
    body:
      string: "{\n  \"@nextLink\": \"/app/transactions?api-version=0.1-preview&subLedgerId=4&fromTransactionId=2.1706\",\n
        \ \"entries\": [\n    {\n      \"contents\": \"message-4\",\n      \"subLedgerId\":
        \"4\",\n      \"transactionId\": \"2.1605\"\n    },\n    {\n      \"contents\":
        \"message-9\",\n      \"subLedgerId\": \"4\",\n      \"transactionId\": \"2.1610\"\n
        \   },\n    {\n      \"contents\": \"message-14\",\n      \"subLedgerId\":
        \"4\",\n      \"transactionId\": \"2.1616\"\n    },\n    {\n      \"contents\":
        \"message-19\",\n      \"subLedgerId\": \"4\",\n      \"transactionId\": \"2.1621\"\n
        \   },\n    {\n      \"contents\": \"message-24\",\n      \"subLedgerId\":
        \"4\",\n      \"transactionId\": \"2.1627\"\n    },\n    {\n      \"contents\":
        \"message-29\",\n      \"subLedgerId\": \"4\",\n      \"transactionId\": \"2.1632\"\n
        \   },\n    {\n      \"contents\": \"message-34\",\n      \"subLedgerId\":
        \"4\",\n      \"transactionId\": \"2.1638\"\n    },\n    {\n      \"contents\":
        \"message-39\",\n      \"subLedgerId\": \"4\",\n      \"transactionId\": \"2.1644\"\n
        \   },\n    {\n      \"contents\": \"message-44\",\n      \"subLedgerId\":
        \"4\",\n      \"transactionId\": \"2.1649\"\n    },\n    {\n      \"contents\":
        \"message-49\",\n      \"subLedgerId\": \"4\",\n      \"transactionId\": \"2.1655\"\n
        \   },\n    {\n      \"contents\": \"message-54\",\n      \"subLedgerId\":
        \"4\",\n      \"transactionId\": \"2.1661\"\n    },\n    {\n      \"contents\":
        \"message-59\",\n      \"subLedgerId\": \"4\",\n      \"transactionId\": \"2.1666\"\n
        \   },\n    {\n      \"contents\": \"message-64\",\n      \"subLedgerId\":
        \"4\",\n      \"transactionId\": \"2.1672\"\n    },\n    {\n      \"contents\":
        \"message-69\",\n      \"subLedgerId\": \"4\",\n      \"transactionId\": \"2.1677\"\n
        \   },\n    {\n      \"contents\": \"message-74\",\n      \"subLedgerId\":
        \"4\",\n      \"transactionId\": \"2.1683\"\n    },\n    {\n      \"contents\":
        \"message-79\",\n      \"subLedgerId\": \"4\",\n      \"transactionId\": \"2.1689\"\n
        \   },\n    {\n      \"contents\": \"message-84\",\n      \"subLedgerId\":
        \"4\",\n      \"transactionId\": \"2.1694\"\n    },\n    {\n      \"contents\":
        \"message-89\",\n      \"subLedgerId\": \"4\",\n      \"transactionId\": \"2.1700\"\n
        \   },\n    {\n      \"contents\": \"message-94\",\n      \"subLedgerId\":
        \"4\",\n      \"transactionId\": \"2.1705\"\n    }\n  ],\n  \"state\": \"Ready\"\n}"
    headers:
      content-length:
      - '2095'
      content-type:
      - application/json
      x-ms-ccf-transaction-id:
      - '2.1826'
    status:
      code: 200
      message: OK
- request:
    body: null
    headers:
      Accept:
      - application/json
      Accept-Encoding:
      - gzip, deflate
      Connection:
      - keep-alive
      User-Agent:
      - azsdk-python-confidentialledger/0.1 Python/3.8.5 (Linux-5.4.72-microsoft-standard-WSL2-x86_64-with-glibc2.29)
    method: GET
    uri: https://fake-confidential-ledger.azure.com/app/transactions?api-version=0.1-preview&subLedgerId=4&fromTransactionId=2.1706
  response:
    body:
      string: "{\n  \"@nextLink\": \"/app/transactions?api-version=0.1-preview&subLedgerId=4&fromTransactionId=2.1807\",\n
        \ \"entries\": [\n    {\n      \"contents\": \"message-99\",\n      \"subLedgerId\":
        \"4\",\n      \"transactionId\": \"2.1711\"\n    },\n    {\n      \"contents\":
        \"message-104\",\n      \"subLedgerId\": \"4\",\n      \"transactionId\":
        \"2.1717\"\n    },\n    {\n      \"contents\": \"message-109\",\n      \"subLedgerId\":
        \"4\",\n      \"transactionId\": \"2.1722\"\n    },\n    {\n      \"contents\":
        \"message-114\",\n      \"subLedgerId\": \"4\",\n      \"transactionId\":
        \"2.1728\"\n    },\n    {\n      \"contents\": \"message-119\",\n      \"subLedgerId\":
        \"4\",\n      \"transactionId\": \"2.1733\"\n    },\n    {\n      \"contents\":
        \"message-124\",\n      \"subLedgerId\": \"4\",\n      \"transactionId\":
        \"2.1739\"\n    },\n    {\n      \"contents\": \"message-129\",\n      \"subLedgerId\":
        \"4\",\n      \"transactionId\": \"2.1745\"\n    },\n    {\n      \"contents\":
        \"message-134\",\n      \"subLedgerId\": \"4\",\n      \"transactionId\":
        \"2.1751\"\n    },\n    {\n      \"contents\": \"message-139\",\n      \"subLedgerId\":
        \"4\",\n      \"transactionId\": \"2.1757\"\n    },\n    {\n      \"contents\":
        \"message-144\",\n      \"subLedgerId\": \"4\",\n      \"transactionId\":
        \"2.1762\"\n    },\n    {\n      \"contents\": \"message-149\",\n      \"subLedgerId\":
        \"4\",\n      \"transactionId\": \"2.1768\"\n    },\n    {\n      \"contents\":
        \"message-154\",\n      \"subLedgerId\": \"4\",\n      \"transactionId\":
        \"2.1774\"\n    },\n    {\n      \"contents\": \"message-159\",\n      \"subLedgerId\":
        \"4\",\n      \"transactionId\": \"2.1780\"\n    },\n    {\n      \"contents\":
        \"message-164\",\n      \"subLedgerId\": \"4\",\n      \"transactionId\":
        \"2.1785\"\n    },\n    {\n      \"contents\": \"message-169\",\n      \"subLedgerId\":
        \"4\",\n      \"transactionId\": \"2.1791\"\n    },\n    {\n      \"contents\":
        \"message-174\",\n      \"subLedgerId\": \"4\",\n      \"transactionId\":
        \"2.1796\"\n    },\n    {\n      \"contents\": \"message-179\",\n      \"subLedgerId\":
        \"4\",\n      \"transactionId\": \"2.1802\"\n    }\n  ],\n  \"state\": \"Ready\"\n}"
    headers:
      content-length:
      - '1907'
      content-type:
      - application/json
      x-ms-ccf-transaction-id:
      - '2.1826'
    status:
      code: 200
      message: OK
- request:
    body: null
    headers:
      Accept:
      - application/json
      Accept-Encoding:
      - gzip, deflate
      Connection:
      - keep-alive
      User-Agent:
      - azsdk-python-confidentialledger/0.1 Python/3.8.5 (Linux-5.4.72-microsoft-standard-WSL2-x86_64-with-glibc2.29)
    method: GET
    uri: https://fake-confidential-ledger.azure.com/app/transactions?api-version=0.1-preview&subLedgerId=4&fromTransactionId=2.1807
  response:
    body:
      string: "{\n  \"entries\": [\n    {\n      \"contents\": \"message-184\",\n
        \     \"subLedgerId\": \"4\",\n      \"transactionId\": \"2.1808\"\n    },\n
        \   {\n      \"contents\": \"message-189\",\n      \"subLedgerId\": \"4\",\n
        \     \"transactionId\": \"2.1813\"\n    },\n    {\n      \"contents\": \"message-194\",\n
        \     \"subLedgerId\": \"4\",\n      \"transactionId\": \"2.1819\"\n    },\n
        \   {\n      \"contents\": \"message-199\",\n      \"subLedgerId\": \"4\",\n
        \     \"transactionId\": \"2.1824\"\n    }\n  ],\n  \"state\": \"Ready\"\n}"
    headers:
      content-length:
      - '457'
      content-type:
      - application/json
      x-ms-ccf-transaction-id:
      - '2.1826'
    status:
      code: 200
      message: OK
version: 1
