interactions:
- request:
    body: null
    headers:
      Accept:
      - application/json
      Accept-Encoding:
      - gzip, deflate
      Connection:
      - keep-alive
      User-Agent:
      - azsdk-python-appconfiguration/1.0.0b2 Python/3.7.2 (Windows-10-10.0.18362-SP0)
      x-ms-content-sha256:
      - 47DEQpj8HBSa+/TImW+5JCeuQeRkm5NMpJWZG3hSuFU=
      x-ms-date:
      - Aug, 06 2019 20:31:29 GMT
    method: GET
    uri: https://xyazconfig.azconfig.io/kv?label=test_label1_1d7b2b28-549e-11e9-b51c-2816a84d0309&key=PYTHON_UNIT_test_key_a6af8952-54a6-11e9-b600-2816a84d0309
  response:
    body:
      string: '{"items":[]}'
    headers:
      access-control-allow-credentials:
      - 'true'
      access-control-allow-headers:
      - DNT, X-CustomHeader, Keep-Alive, User-Agent, X-Requested-With, If-Modified-Since,
        Cache-Control, Content-Type, Authorization, x-ms-client-request-id, x-ms-content-sha256,
        x-ms-date, host, Accept, Accept-Datetime, Date, If-Match, If-None-Match, Sync-Token,
        x-ms-return-client-request-id, ETag, Last-Modified, Link, Memento-Datetime,
        x-ms-retry-after, x-ms-request-id, WWW-Authenticate
      access-control-allow-methods:
      - GET, PUT, POST, DELETE, PATCH, OPTIONS
      access-control-allow-origin:
      - '*'
      access-control-expose-headers:
      - DNT, X-CustomHeader, Keep-Alive, User-Agent, X-Requested-With, If-Modified-Since,
        Cache-Control, Content-Type, Authorization, x-ms-client-request-id, x-ms-content-sha256,
        x-ms-date, host, Accept, Accept-Datetime, Date, If-Match, If-None-Match, Sync-Token,
        x-ms-return-client-request-id, ETag, Last-Modified, Link, Memento-Datetime,
        x-ms-retry-after, x-ms-request-id, WWW-Authenticate
      connection:
      - keep-alive
      content-length:
      - '12'
      content-type:
      - application/json; charset=utf-8
      date:
      - Tue, 06 Aug 2019 20:31:29 GMT
      server:
      - nginx/1.13.12
      strict-transport-security:
      - max-age=15724800; includeSubDomains
      transfer-encoding:
      - chunked
      vary:
      - Accept-Encoding
    status:
      code: 200
      message: OK
- request:
    body: '{"key": "PYTHON_UNIT_test_key_a6af8952-54a6-11e9-b600-2816a84d0309", "label":
      "test_label1_1d7b2b28-549e-11e9-b51c-2816a84d0309", "content_type": "test content
      type", "value": "test value", "tags": {"tag1": "tag1", "tag2": "tag2"}}'
    headers:
      Accept:
      - application/json
      Accept-Encoding:
      - gzip, deflate
      Connection:
      - keep-alive
      Content-Length:
      - '231'
      Content-Type:
      - application/json; charset=utf-8
      User-Agent:
      - azsdk-python-appconfiguration/1.0.0b2 Python/3.7.2 (Windows-10-10.0.18362-SP0)
      if-none-match:
      - '*'
      x-ms-content-sha256:
      - 5b/E4qQlXHTRod+n+f+xjK6c/tRVR8uxoC62FjvGJPw=
      x-ms-date:
      - Aug, 06 2019 20:31:29 GMT
    method: PUT
    uri: https://xyazconfig.azconfig.io/kv/PYTHON_UNIT_test_key_a6af8952-54a6-11e9-b600-2816a84d0309?label=test_label1_1d7b2b28-549e-11e9-b51c-2816a84d0309
  response:
    body:
      string: '{"etag":"HitpCQji8031oRLa87DaGGlMkkr","key":"PYTHON_UNIT_test_key_a6af8952-54a6-11e9-b600-2816a84d0309","label":"test_label1_1d7b2b28-549e-11e9-b51c-2816a84d0309","content_type":"test
        content type","value":"test value","tags":{"tag1":"tag1","tag2":"tag2"},"locked":false,"last_modified":"2019-08-06T20:31:30+00:00"}'
    headers:
      access-control-allow-credentials:
      - 'true'
      access-control-allow-headers:
      - DNT, X-CustomHeader, Keep-Alive, User-Agent, X-Requested-With, If-Modified-Since,
        Cache-Control, Content-Type, Authorization, x-ms-client-request-id, x-ms-content-sha256,
        x-ms-date, host, Accept, Accept-Datetime, Date, If-Match, If-None-Match, Sync-Token,
        x-ms-return-client-request-id, ETag, Last-Modified, Link, Memento-Datetime,
        x-ms-retry-after, x-ms-request-id, WWW-Authenticate
      access-control-allow-methods:
      - GET, PUT, POST, DELETE, PATCH, OPTIONS
      access-control-allow-origin:
      - '*'
      access-control-expose-headers:
      - DNT, X-CustomHeader, Keep-Alive, User-Agent, X-Requested-With, If-Modified-Since,
        Cache-Control, Content-Type, Authorization, x-ms-client-request-id, x-ms-content-sha256,
        x-ms-date, host, Accept, Accept-Datetime, Date, If-Match, If-None-Match, Sync-Token,
        x-ms-return-client-request-id, ETag, Last-Modified, Link, Memento-Datetime,
        x-ms-retry-after, x-ms-request-id, WWW-Authenticate
      connection:
      - keep-alive
      content-length:
      - '315'
      content-type:
      - application/json; charset=utf-8
      date:
      - Tue, 06 Aug 2019 20:31:29 GMT
      etag:
      - W/"HitpCQji8031oRLa87DaGGlMkkr"
      last-modified:
      - Tue, 06 Aug 2019 20:31:30 GMT
      server:
      - nginx/1.13.12
      strict-transport-security:
      - max-age=15724800; includeSubDomains
      sync-token:
      - zAJw6V16=MzotMSMzODAzNzQ=;sn=380374
      transfer-encoding:
      - chunked
      vary:
      - Accept-Encoding
    status:
      code: 200
      message: OK
- request:
    body: null
    headers:
      Accept:
      - application/json
      Accept-Encoding:
      - gzip, deflate
      Connection:
      - keep-alive
      User-Agent:
      - azsdk-python-appconfiguration/1.0.0b2 Python/3.7.2 (Windows-10-10.0.18362-SP0)
      x-ms-content-sha256:
      - 47DEQpj8HBSa+/TImW+5JCeuQeRkm5NMpJWZG3hSuFU=
      x-ms-date:
      - Aug, 06 2019 20:31:29 GMT
    method: GET
    uri: https://xyazconfig.azconfig.io/kv?label=&key=PYTHON_UNIT_test_key_a6af8952-54a6-11e9-b600-2816a84d0309
  response:
    body:
      string: '{"items":[{"etag":"HitpCQji8031oRLa87DaGGlMkkr","key":"PYTHON_UNIT_test_key_a6af8952-54a6-11e9-b600-2816a84d0309","label":"test_label1_1d7b2b28-549e-11e9-b51c-2816a84d0309","content_type":"test
        content type","value":"test value","tags":{"tag1":"tag1","tag2":"tag2"},"locked":false,"last_modified":"2019-08-06T20:31:30+00:00"}]}'
    headers:
      access-control-allow-credentials:
      - 'true'
      access-control-allow-headers:
      - DNT, X-CustomHeader, Keep-Alive, User-Agent, X-Requested-With, If-Modified-Since,
        Cache-Control, Content-Type, Authorization, x-ms-client-request-id, x-ms-content-sha256,
        x-ms-date, host, Accept, Accept-Datetime, Date, If-Match, If-None-Match, Sync-Token,
        x-ms-return-client-request-id, ETag, Last-Modified, Link, Memento-Datetime,
        x-ms-retry-after, x-ms-request-id, WWW-Authenticate
      access-control-allow-methods:
      - GET, PUT, POST, DELETE, PATCH, OPTIONS
      access-control-allow-origin:
      - '*'
      access-control-expose-headers:
      - DNT, X-CustomHeader, Keep-Alive, User-Agent, X-Requested-With, If-Modified-Since,
        Cache-Control, Content-Type, Authorization, x-ms-client-request-id, x-ms-content-sha256,
        x-ms-date, host, Accept, Accept-Datetime, Date, If-Match, If-None-Match, Sync-Token,
        x-ms-return-client-request-id, ETag, Last-Modified, Link, Memento-Datetime,
        x-ms-retry-after, x-ms-request-id, WWW-Authenticate
      connection:
      - keep-alive
      content-length:
      - '327'
      content-type:
      - application/json; charset=utf-8
      date:
      - Tue, 06 Aug 2019 20:31:29 GMT
      server:
      - nginx/1.13.12
      strict-transport-security:
      - max-age=15724800; includeSubDomains
      sync-token:
      - zAJw6V16=MzotMSMzODAzNzQ=;sn=380374
      transfer-encoding:
      - chunked
      vary:
      - Accept-Encoding
    status:
      code: 200
      message: OK
- request:
    body: null
    headers:
      Accept:
      - application/json
      Accept-Encoding:
      - gzip, deflate
      Connection:
      - keep-alive
      Content-Length:
      - '0'
      User-Agent:
      - azsdk-python-appconfiguration/1.0.0b2 Python/3.7.2 (Windows-10-10.0.18362-SP0)
      x-ms-content-sha256:
      - 47DEQpj8HBSa+/TImW+5JCeuQeRkm5NMpJWZG3hSuFU=
      x-ms-date:
      - Aug, 06 2019 20:31:29 GMT
    method: DELETE
    uri: https://xyazconfig.azconfig.io/kv/PYTHON_UNIT_test_key_a6af8952-54a6-11e9-b600-2816a84d0309
  response:
    body:
      string: ''
    headers:
      access-control-allow-credentials:
      - 'true'
      access-control-allow-headers:
      - DNT, X-CustomHeader, Keep-Alive, User-Agent, X-Requested-With, If-Modified-Since,
        Cache-Control, Content-Type, Authorization, x-ms-client-request-id, x-ms-content-sha256,
        x-ms-date, host, Accept, Accept-Datetime, Date, If-Match, If-None-Match, Sync-Token,
        x-ms-return-client-request-id, ETag, Last-Modified, Link, Memento-Datetime,
        x-ms-retry-after, x-ms-request-id, WWW-Authenticate
      access-control-allow-methods:
      - GET, PUT, POST, DELETE, PATCH, OPTIONS
      access-control-allow-origin:
      - '*'
      access-control-expose-headers:
      - DNT, X-CustomHeader, Keep-Alive, User-Agent, X-Requested-With, If-Modified-Since,
        Cache-Control, Content-Type, Authorization, x-ms-client-request-id, x-ms-content-sha256,
        x-ms-date, host, Accept, Accept-Datetime, Date, If-Match, If-None-Match, Sync-Token,
        x-ms-return-client-request-id, ETag, Last-Modified, Link, Memento-Datetime,
        x-ms-retry-after, x-ms-request-id, WWW-Authenticate
      connection:
      - keep-alive
      content-type:
      - application/json; charset=utf-8
      date:
      - Tue, 06 Aug 2019 20:31:29 GMT
      server:
      - nginx/1.13.12
      strict-transport-security:
      - max-age=15724800; includeSubDomains
    status:
      code: 204
      message: No Content
- request:
    body: '{"key": "PYTHON_UNIT_test_key_a6af8952-54a6-11e9-b600-2816a84d0309", "content_type":
      "test content type", "value": "test value", "tags": {"tag1": "tag1", "tag2":
      "tag2"}}'
    headers:
      Accept:
      - application/json
      Accept-Encoding:
      - gzip, deflate
      Connection:
      - keep-alive
      Content-Length:
      - '170'
      Content-Type:
      - application/json; charset=utf-8
      User-Agent:
      - azsdk-python-appconfiguration/1.0.0b2 Python/3.7.2 (Windows-10-10.0.18362-SP0)
      if-none-match:
      - '*'
      x-ms-content-sha256:
      - 4rt07HteiPg5NxofrgzMmlQPTVbo1no7aKxDSI5uUU4=
      x-ms-date:
      - Aug, 06 2019 20:31:29 GMT
    method: PUT
    uri: https://xyazconfig.azconfig.io/kv/PYTHON_UNIT_test_key_a6af8952-54a6-11e9-b600-2816a84d0309
  response:
    body:
      string: '{"etag":"tkx6oQ4i7BVGvmezqf9rX7NerQt","key":"PYTHON_UNIT_test_key_a6af8952-54a6-11e9-b600-2816a84d0309","label":null,"content_type":"test
        content type","value":"test value","tags":{"tag1":"tag1","tag2":"tag2"},"locked":false,"last_modified":"2019-08-06T20:31:30+00:00"}'
    headers:
      access-control-allow-credentials:
      - 'true'
      access-control-allow-headers:
      - DNT, X-CustomHeader, Keep-Alive, User-Agent, X-Requested-With, If-Modified-Since,
        Cache-Control, Content-Type, Authorization, x-ms-client-request-id, x-ms-content-sha256,
        x-ms-date, host, Accept, Accept-Datetime, Date, If-Match, If-None-Match, Sync-Token,
        x-ms-return-client-request-id, ETag, Last-Modified, Link, Memento-Datetime,
        x-ms-retry-after, x-ms-request-id, WWW-Authenticate
      access-control-allow-methods:
      - GET, PUT, POST, DELETE, PATCH, OPTIONS
      access-control-allow-origin:
      - '*'
      access-control-expose-headers:
      - DNT, X-CustomHeader, Keep-Alive, User-Agent, X-Requested-With, If-Modified-Since,
        Cache-Control, Content-Type, Authorization, x-ms-client-request-id, x-ms-content-sha256,
        x-ms-date, host, Accept, Accept-Datetime, Date, If-Match, If-None-Match, Sync-Token,
        x-ms-return-client-request-id, ETag, Last-Modified, Link, Memento-Datetime,
        x-ms-retry-after, x-ms-request-id, WWW-Authenticate
      connection:
      - keep-alive
      content-length:
      - '269'
      content-type:
      - application/json; charset=utf-8
      date:
      - Tue, 06 Aug 2019 20:31:29 GMT
      etag:
      - W/"tkx6oQ4i7BVGvmezqf9rX7NerQt"
      last-modified:
      - Tue, 06 Aug 2019 20:31:30 GMT
      server:
      - nginx/1.13.12
      strict-transport-security:
      - max-age=15724800; includeSubDomains
      sync-token:
      - zAJw6V16=MzotMSMzODAzNzU=;sn=380375
      transfer-encoding:
      - chunked
      vary:
      - Accept-Encoding
    status:
      code: 200
      message: OK
- request:
    body: null
    headers:
      Accept:
      - application/json
      Accept-Encoding:
      - gzip, deflate
      Connection:
      - keep-alive
      User-Agent:
      - azsdk-python-appconfiguration/1.0.0b2 Python/3.7.2 (Windows-10-10.0.18362-SP0)
      x-ms-content-sha256:
      - 47DEQpj8HBSa+/TImW+5JCeuQeRkm5NMpJWZG3hSuFU=
      x-ms-date:
      - Aug, 06 2019 20:31:29 GMT
    method: GET
    uri: https://xyazconfig.azconfig.io/revisions?key=PYTHON_UNIT_test_key_a6af8952-54a6-11e9-b600-2816a84d0309
  response:
    body:
      string: '{"items":[{"etag":"tkx6oQ4i7BVGvmezqf9rX7NerQt","key":"PYTHON_UNIT_test_key_a6af8952-54a6-11e9-b600-2816a84d0309","label":null,"content_type":"test
        content type","value":"test value","tags":{"tag1":"tag1","tag2":"tag2"},"locked":false,"last_modified":"2019-08-06T20:31:30+00:00"},{"etag":"HitpCQji8031oRLa87DaGGlMkkr","key":"PYTHON_UNIT_test_key_a6af8952-54a6-11e9-b600-2816a84d0309","label":"test_label1_1d7b2b28-549e-11e9-b51c-2816a84d0309","content_type":"test
        content type","value":"test value","tags":{"tag1":"tag1","tag2":"tag2"},"locked":false,"last_modified":"2019-08-06T20:31:30+00:00"},{"etag":"LRnJPVn30qcfP93avPEXe1jpq1P","key":"PYTHON_UNIT_test_key_a6af8952-54a6-11e9-b600-2816a84d0309","label":null,"content_type":"test
        content type","value":"test value","tags":{"tag1":"tag1","tag2":"tag2"},"locked":false,"last_modified":"2019-08-06T20:31:29+00:00"},{"etag":"aaOkxK6ueKJy8g1G0ozhOufh0tR","key":"PYTHON_UNIT_test_key_a6af8952-54a6-11e9-b600-2816a84d0309","label":"test_label1_1d7b2b28-549e-11e9-b51c-2816a84d0309","content_type":"test
        content type","value":"test value","tags":{"tag1":"tag1","tag2":"tag2"},"locked":false,"last_modified":"2019-08-06T20:31:29+00:00"},{"etag":"uXCaOBqBehdbTLVuJOdUF6GCwY5","key":"PYTHON_UNIT_test_key_a6af8952-54a6-11e9-b600-2816a84d0309","label":null,"content_type":"test
        content type","value":"test value","tags":{"tag1":"tag1","tag2":"tag2"},"locked":false,"last_modified":"2019-08-06T20:31:29+00:00"},{"etag":"useolQEU91q3JjcEFtjuuAwQMC3","key":"PYTHON_UNIT_test_key_a6af8952-54a6-11e9-b600-2816a84d0309","label":"test_label1_1d7b2b28-549e-11e9-b51c-2816a84d0309","content_type":"test
        content type","value":"test value","tags":{"tag1":"tag1","tag2":"tag2"},"locked":false,"last_modified":"2019-08-06T20:31:29+00:00"},{"etag":"E1w3ZOcaFzeFesV0uY7oZR1eS9S","key":"PYTHON_UNIT_test_key_a6af8952-54a6-11e9-b600-2816a84d0309","label":null,"content_type":"test
        content type","value":"test value","tags":{"tag1":"tag1","tag2":"tag2"},"locked":false,"last_modified":"2019-08-06T20:31:29+00:00"},{"etag":"GWEJRPfH9CRDLSsCe7LzQlLeawz","key":"PYTHON_UNIT_test_key_a6af8952-54a6-11e9-b600-2816a84d0309","label":"test_label1_1d7b2b28-549e-11e9-b51c-2816a84d0309","content_type":"test
        content type","value":"test value","tags":{"tag1":"tag1","tag2":"tag2"},"locked":false,"last_modified":"2019-08-06T20:31:28+00:00"},{"etag":"ssJ8Vur1Tqu7mr07A4QWqtNlHQA","key":"PYTHON_UNIT_test_key_a6af8952-54a6-11e9-b600-2816a84d0309","label":"test_label2_*,
        \\1d7b2b28-549e-11e9-b51c-2816a84d0309","content_type":null,"value":"test
        value","tags":{},"locked":false,"last_modified":"2019-08-06T20:31:28+00:00"},{"etag":"gYZTSSCaiaL2qD8hdhHQkPIar9M","key":"PYTHON_UNIT_test_key_a6af8952-54a6-11e9-b600-2816a84d0309","label":null,"content_type":"test
        content type","value":"test value","tags":{"tag1":"tag1","tag2":"tag2"},"locked":false,"last_modified":"2019-08-06T20:31:28+00:00"},{"etag":"9APjUdsrffi5wfh4uZwG3lGIb4S","key":"PYTHON_UNIT_test_key_a6af8952-54a6-11e9-b600-2816a84d0309","label":"test_label1_1d7b2b28-549e-11e9-b51c-2816a84d0309","content_type":"test
        content type","value":"test value","tags":{"tag1":"tag1","tag2":"tag2"},"locked":false,"last_modified":"2019-08-06T20:31:28+00:00"},{"etag":"nmkTtVEYs8TFVUv724oPCzPRUy9","key":"PYTHON_UNIT_test_key_a6af8952-54a6-11e9-b600-2816a84d0309","label":null,"content_type":"test
        content type","value":"test value","tags":{"tag1":"tag1","tag2":"tag2"},"locked":false,"last_modified":"2019-08-06T20:31:28+00:00"},{"etag":"AeWl292lYNaJcBdpBFGTFsvKzRD","key":"PYTHON_UNIT_test_key_a6af8952-54a6-11e9-b600-2816a84d0309","label":"test_label1_1d7b2b28-549e-11e9-b51c-2816a84d0309","content_type":"test
        content type","value":"test value","tags":{"tag1":"tag1","tag2":"tag2"},"locked":false,"last_modified":"2019-08-06T20:31:28+00:00"},{"etag":"3v8gsbvrvRsV1KOFbzXSnUanmIq","key":"PYTHON_UNIT_test_key_a6af8952-54a6-11e9-b600-2816a84d0309","label":null,"content_type":"test
        content type","value":"test value","tags":{"tag1":"tag1","tag2":"tag2"},"locked":false,"last_modified":"2019-08-06T20:31:27+00:00"},{"etag":"imqz1jw7xc4xvCtCs35ZbZj7PRT","key":"PYTHON_UNIT_test_key_a6af8952-54a6-11e9-b600-2816a84d0309","label":"test_label1_1d7b2b28-549e-11e9-b51c-2816a84d0309","content_type":"test
        content type","value":"test value","tags":{"tag1":"tag1","tag2":"tag2"},"locked":false,"last_modified":"2019-08-06T20:31:27+00:00"},{"etag":"RKADYnEqKEYYN1DqWYcbxc6HH64","key":"PYTHON_UNIT_test_key_a6af8952-54a6-11e9-b600-2816a84d0309","label":null,"content_type":"test
        content type","value":"test value","tags":{"tag1":"tag1","tag2":"tag2"},"locked":false,"last_modified":"2019-08-06T20:31:27+00:00"},{"etag":"HYd9b4xTLcxNEy1qCOjGtTL1H9z","key":"PYTHON_UNIT_test_key_a6af8952-54a6-11e9-b600-2816a84d0309","label":"test_label1_1d7b2b28-549e-11e9-b51c-2816a84d0309","content_type":"test
        content type","value":"test value","tags":{"tag1":"tag1","tag2":"tag2"},"locked":false,"last_modified":"2019-08-06T20:31:27+00:00"},{"etag":"pJyTYADdfNWq9Ydqk3lLytzJaBc","key":"PYTHON_UNIT_test_key_a6af8952-54a6-11e9-b600-2816a84d0309","label":null,"content_type":"test
        content type","value":"test value","tags":{"tag1":"tag1","tag2":"tag2"},"locked":false,"last_modified":"2019-08-06T20:31:26+00:00"},{"etag":"dT8oCfjTpGHimvOwjnWYBB5YAIm","key":"PYTHON_UNIT_test_key_a6af8952-54a6-11e9-b600-2816a84d0309","label":"test_label1_1d7b2b28-549e-11e9-b51c-2816a84d0309","content_type":"test
        content type","value":"test value","tags":{"tag1":"tag1","tag2":"tag2"},"locked":false,"last_modified":"2019-08-06T20:31:26+00:00"},{"etag":"sVcHxFgy3wm2d9L9ZDwi8eFVGbB","key":"PYTHON_UNIT_test_key_a6af8952-54a6-11e9-b600-2816a84d0309","label":null,"content_type":"test
        content type","value":"test value","tags":{"tag1":"tag1","tag2":"tag2"},"locked":false,"last_modified":"2019-08-06T20:31:17+00:00"},{"etag":"9rAYFiAK780zgo5rM7NmHRcqhmN","key":"PYTHON_UNIT_test_key_a6af8952-54a6-11e9-b600-2816a84d0309","label":"test_label1_1d7b2b28-549e-11e9-b51c-2816a84d0309","content_type":"test
        content type","value":"test value","tags":{"tag1":"tag1","tag2":"tag2"},"locked":false,"last_modified":"2019-08-06T20:31:17+00:00"},{"etag":"cuzyVuoLBIhjeaFrCzInn9CJTgH","key":"PYTHON_UNIT_test_key_a6af8952-54a6-11e9-b600-2816a84d0309","label":null,"content_type":"test
        content type","value":"test value","tags":{"tag1":"tag1","tag2":"tag2"},"locked":false,"last_modified":"2019-08-06T20:31:16+00:00"},{"etag":"hKmC4M5vYzxzepdscKSTeJG4E3I","key":"PYTHON_UNIT_test_key_a6af8952-54a6-11e9-b600-2816a84d0309","label":"test_label1_1d7b2b28-549e-11e9-b51c-2816a84d0309","content_type":"test
        content type","value":"test value","tags":{"tag1":"tag1","tag2":"tag2"},"locked":false,"last_modified":"2019-08-06T20:31:16+00:00"},{"etag":"G5xG5pyah2inHKaeBJNtu9vvT4P","key":"PYTHON_UNIT_test_key_a6af8952-54a6-11e9-b600-2816a84d0309","label":null,"content_type":"test
        content type","value":"test value","tags":{"tag1":"tag1","tag2":"tag2"},"locked":false,"last_modified":"2019-08-06T20:31:16+00:00"},{"etag":"nPTtEKMNo1jVe56hMoFfz7K6Nww","key":"PYTHON_UNIT_test_key_a6af8952-54a6-11e9-b600-2816a84d0309","label":"test_label1_1d7b2b28-549e-11e9-b51c-2816a84d0309","content_type":"test
        content type","value":"test value","tags":{"tag1":"tag1","tag2":"tag2"},"locked":false,"last_modified":"2019-08-06T20:31:16+00:00"},{"etag":"Ovm8NKUONWU7pN9NVwTREFAO6tw","key":"PYTHON_UNIT_test_key_a6af8952-54a6-11e9-b600-2816a84d0309","label":null,"content_type":"test
        content type","value":"test value","tags":{"tag1":"tag1","tag2":"tag2"},"locked":false,"last_modified":"2019-08-06T20:31:16+00:00"},{"etag":"Out7KziWTzbhFrvieEPbR0NgG3I","key":"PYTHON_UNIT_test_key_a6af8952-54a6-11e9-b600-2816a84d0309","label":"test_label1_1d7b2b28-549e-11e9-b51c-2816a84d0309","content_type":"test
        content type","value":"test value","tags":{"tag1":"tag1","tag2":"tag2"},"locked":false,"last_modified":"2019-08-06T20:31:15+00:00"},{"etag":"EJTOpG5mjGVRnp5dk9MMEIlf03d","key":"PYTHON_UNIT_test_key_a6af8952-54a6-11e9-b600-2816a84d0309","label":null,"content_type":"test
        content type","value":"test value","tags":{"tag1":"tag1","tag2":"tag2"},"locked":false,"last_modified":"2019-08-06T20:31:15+00:00"},{"etag":"UP4cxBWa4hcKxFUFEpuJJkswFkm","key":"PYTHON_UNIT_test_key_a6af8952-54a6-11e9-b600-2816a84d0309","label":"test_label1_1d7b2b28-549e-11e9-b51c-2816a84d0309","content_type":"test
        content type","value":"test value","tags":{"tag1":"tag1","tag2":"tag2"},"locked":false,"last_modified":"2019-08-06T20:31:15+00:00"},{"etag":"pONHsi298yxPKjlf5gBEQIwouKW","key":"PYTHON_UNIT_test_key_a6af8952-54a6-11e9-b600-2816a84d0309","label":null,"content_type":"test
        content type","value":"test value","tags":{"tag1":"tag1","tag2":"tag2"},"locked":false,"last_modified":"2019-08-06T20:31:15+00:00"},{"etag":"wUQVSxkpN9cCDXYSJNXLLmDmPaM","key":"PYTHON_UNIT_test_key_a6af8952-54a6-11e9-b600-2816a84d0309","label":"test_label1_1d7b2b28-549e-11e9-b51c-2816a84d0309","content_type":"test
        content type","value":"test value","tags":{"tag1":"tag1","tag2":"tag2"},"locked":false,"last_modified":"2019-08-06T20:31:15+00:00"},{"etag":"k1rMuz9xrUQIRBmf7rIJejUQjff","key":"PYTHON_UNIT_test_key_a6af8952-54a6-11e9-b600-2816a84d0309","label":null,"content_type":"test
        content type","value":"test value","tags":{"tag1":"tag1","tag2":"tag2"},"locked":false,"last_modified":"2019-08-06T20:31:14+00:00"},{"etag":"5idbH8DXJcdewwECi7Ks0Ns6a6X","key":"PYTHON_UNIT_test_key_a6af8952-54a6-11e9-b600-2816a84d0309","label":"test_label1_1d7b2b28-549e-11e9-b51c-2816a84d0309","content_type":"test
        content type","value":"test value","tags":{"tag1":"tag1","tag2":"tag2"},"locked":false,"last_modified":"2019-08-06T20:31:14+00:00"},{"etag":"nUo76Grg4kVmDBkOwk2OljhSIU3","key":"PYTHON_UNIT_test_key_a6af8952-54a6-11e9-b600-2816a84d0309","label":null,"content_type":"test
        content type","value":"test value","tags":{"tag1":"tag1","tag2":"tag2"},"locked":false,"last_modified":"2019-08-06T20:31:14+00:00"},{"etag":"7tZ4wRWd6UXqbNaTdjzPNdnEVOp","key":"PYTHON_UNIT_test_key_a6af8952-54a6-11e9-b600-2816a84d0309","label":"test_label1_1d7b2b28-549e-11e9-b51c-2816a84d0309","content_type":"test
        content type","value":"test value","tags":{"tag1":"tag1","tag2":"tag2"},"locked":false,"last_modified":"2019-08-06T20:31:14+00:00"},{"etag":"7UTMRGe8VkktE6LCwJ4pUFfoPD9","key":"PYTHON_UNIT_test_key_a6af8952-54a6-11e9-b600-2816a84d0309","label":null,"content_type":"test
        content type","value":"test value","tags":{"tag1":"tag1","tag2":"tag2"},"locked":false,"last_modified":"2019-08-06T20:31:13+00:00"},{"etag":"U9B3HgFqGtByiRLKtTWrVK50PwM","key":"PYTHON_UNIT_test_key_a6af8952-54a6-11e9-b600-2816a84d0309","label":"test_label1_1d7b2b28-549e-11e9-b51c-2816a84d0309","content_type":"test
        content type","value":"test value","tags":{"tag1":"tag1","tag2":"tag2"},"locked":false,"last_modified":"2019-08-06T20:31:13+00:00"},{"etag":"fiMmqvqglFLaLpskhwNzzVgP6aU","key":"PYTHON_UNIT_test_key_a6af8952-54a6-11e9-b600-2816a84d0309","label":null,"content_type":"test
        content type","value":"test value","tags":{"tag1":"tag1","tag2":"tag2"},"locked":false,"last_modified":"2019-08-06T20:31:13+00:00"},{"etag":"mMMmsJJG2iXnlgQcp2gY3QRd2L8","key":"PYTHON_UNIT_test_key_a6af8952-54a6-11e9-b600-2816a84d0309","label":"test_label1_1d7b2b28-549e-11e9-b51c-2816a84d0309","content_type":"test
        content type","value":"test value","tags":{"tag1":"tag1","tag2":"tag2"},"locked":false,"last_modified":"2019-08-06T20:31:13+00:00"},{"etag":"D4yqcup2r0MExoST0MENDKe3W3Q","key":"PYTHON_UNIT_test_key_a6af8952-54a6-11e9-b600-2816a84d0309","label":null,"content_type":"test
        content type","value":"test value","tags":{"tag1":"tag1","tag2":"tag2"},"locked":false,"last_modified":"2019-08-06T20:31:13+00:00"},{"etag":"ZJ2ez7cLnPuE8VMQJdKLV9HBEJB","key":"PYTHON_UNIT_test_key_a6af8952-54a6-11e9-b600-2816a84d0309","label":"test_label1_1d7b2b28-549e-11e9-b51c-2816a84d0309","content_type":"test
        content type","value":"test value","tags":{"tag1":"tag1","tag2":"tag2"},"locked":false,"last_modified":"2019-08-06T20:31:12+00:00"},{"etag":"KtTPYeR77CdT1wehPEySVGsu6vk","key":"PYTHON_UNIT_test_key_a6af8952-54a6-11e9-b600-2816a84d0309","label":null,"content_type":"test
        content type","value":"test value","tags":{"tag1":"tag1","tag2":"tag2"},"locked":false,"last_modified":"2019-08-06T20:31:12+00:00"},{"etag":"MhrMqvGlUYQQGJinUlpwN3808CO","key":"PYTHON_UNIT_test_key_a6af8952-54a6-11e9-b600-2816a84d0309","label":"test_label1_1d7b2b28-549e-11e9-b51c-2816a84d0309","content_type":"test
        content type","value":"test value","tags":{"tag1":"tag1","tag2":"tag2"},"locked":false,"last_modified":"2019-08-06T20:31:12+00:00"},{"etag":"6iGfmweLlWxGK3Ie4pzjgosFkKd","key":"PYTHON_UNIT_test_key_a6af8952-54a6-11e9-b600-2816a84d0309","label":null,"content_type":"test
        content type","value":"test value","tags":{"tag1":"tag1","tag2":"tag2"},"locked":false,"last_modified":"2019-08-06T20:31:12+00:00"},{"etag":"m1EabqaP2JcNK8vlN010ODpM0vP","key":"PYTHON_UNIT_test_key_a6af8952-54a6-11e9-b600-2816a84d0309","label":"test_label1_1d7b2b28-549e-11e9-b51c-2816a84d0309","content_type":"test
        content type","value":"test value","tags":{"tag1":"tag1","tag2":"tag2"},"locked":false,"last_modified":"2019-08-06T20:31:12+00:00"},{"etag":"gAQbRxZRIUAQyLSPOe1dgDolVsV","key":"PYTHON_UNIT_test_key_a6af8952-54a6-11e9-b600-2816a84d0309","label":null,"content_type":"test
        content type","value":"test value","tags":{"tag1":"tag1","tag2":"tag2"},"locked":false,"last_modified":"2019-08-06T20:31:11+00:00"},{"etag":"CZYRSUUz800NpM1XElcxQ2CxQxT","key":"PYTHON_UNIT_test_key_a6af8952-54a6-11e9-b600-2816a84d0309","label":"test_label1_1d7b2b28-549e-11e9-b51c-2816a84d0309","content_type":"test
        content type","value":"test value","tags":{"tag1":"tag1","tag2":"tag2"},"locked":false,"last_modified":"2019-08-06T20:31:11+00:00"},{"etag":"s5sMStAdLfsWzM31PUNfKh4InNc","key":"PYTHON_UNIT_test_key_a6af8952-54a6-11e9-b600-2816a84d0309","label":null,"content_type":"test
        content type","value":"test value","tags":{"tag1":"tag1","tag2":"tag2"},"locked":false,"last_modified":"2019-08-06T20:31:11+00:00"},{"etag":"bUyIF2MWHhc7gv5ooKJxkjIkelR","key":"PYTHON_UNIT_test_key_a6af8952-54a6-11e9-b600-2816a84d0309","label":"test_label1_1d7b2b28-549e-11e9-b51c-2816a84d0309","content_type":"test
        content type","value":"test value","tags":{"tag1":"tag1","tag2":"tag2"},"locked":false,"last_modified":"2019-08-06T20:31:11+00:00"},{"etag":"X99RollvoNa5XLN0n9xgxCrCiwE","key":"PYTHON_UNIT_test_key_a6af8952-54a6-11e9-b600-2816a84d0309","label":null,"content_type":"test
        content type","value":"test value","tags":{"tag1":"tag1","tag2":"tag2"},"locked":false,"last_modified":"2019-08-06T20:31:10+00:00"},{"etag":"2LY51zyNIyYBLrHmwEsmcnpdh9e","key":"PYTHON_UNIT_test_key_a6af8952-54a6-11e9-b600-2816a84d0309","label":"test_label1_1d7b2b28-549e-11e9-b51c-2816a84d0309","content_type":"test
        content type","value":"test value","tags":{"tag1":"tag1","tag2":"tag2"},"locked":false,"last_modified":"2019-08-06T20:31:10+00:00"},{"etag":"iCGcTshory68n9i2YpiNKrp9CVD","key":"PYTHON_UNIT_test_key_a6af8952-54a6-11e9-b600-2816a84d0309","label":null,"content_type":"test
        content type","value":"test value","tags":{"tag1":"tag1","tag2":"tag2"},"locked":false,"last_modified":"2019-08-06T20:31:10+00:00"},{"etag":"IR3OMZSw0yrzw9UE502QUc0HRgl","key":"PYTHON_UNIT_test_key_a6af8952-54a6-11e9-b600-2816a84d0309","label":"test_label1_1d7b2b28-549e-11e9-b51c-2816a84d0309","content_type":"test
        content type","value":"test value","tags":{"tag1":"tag1","tag2":"tag2"},"locked":false,"last_modified":"2019-08-06T20:31:10+00:00"},{"etag":"0nqjuljPrjaHaMHLAwqBjvsBmer","key":"PYTHON_UNIT_test_key_a6af8952-54a6-11e9-b600-2816a84d0309","label":"test_label1_1d7b2b28-549e-11e9-b51c-2816a84d0309","content_type":"test
        content type","value":"updated_value","tags":{"a":"b","c":"d"},"locked":false,"last_modified":"2019-08-06T20:31:10+00:00"},{"etag":"q3IVErq2AaQCIsZtg72WIJ1kvnT","key":"PYTHON_UNIT_test_key_a6af8952-54a6-11e9-b600-2816a84d0309","label":null,"content_type":"test
        content type","value":"test value","tags":{"tag1":"tag1","tag2":"tag2"},"locked":false,"last_modified":"2019-08-06T20:31:09+00:00"},{"etag":"exaELvtsxpCcQCFok6B3VesBCg1","key":"PYTHON_UNIT_test_key_a6af8952-54a6-11e9-b600-2816a84d0309","label":"test_label1_1d7b2b28-549e-11e9-b51c-2816a84d0309","content_type":"test
        content type","value":"test value","tags":{"tag1":"tag1","tag2":"tag2"},"locked":false,"last_modified":"2019-08-06T20:31:09+00:00"},{"etag":"atUMZB8ZWZaaeZ5GJta2VV44C1m","key":"PYTHON_UNIT_test_key_a6af8952-54a6-11e9-b600-2816a84d0309","label":"test_label1_1d7b2b28-549e-11e9-b51c-2816a84d0309","content_type":"test
        content type","value":"updated_value","tags":{"a":"b","c":"d"},"locked":false,"last_modified":"2019-08-06T20:31:09+00:00"},{"etag":"KibYzPIn2yIaTSApy9Ifc9wqVvc","key":"PYTHON_UNIT_test_key_a6af8952-54a6-11e9-b600-2816a84d0309","label":null,"content_type":"test
        content type","value":"test value","tags":{"tag1":"tag1","tag2":"tag2"},"locked":false,"last_modified":"2019-08-06T20:31:09+00:00"},{"etag":"j6YuletVeKgqKWwcrQT3uyn1xzI","key":"PYTHON_UNIT_test_key_a6af8952-54a6-11e9-b600-2816a84d0309","label":"test_label1_1d7b2b28-549e-11e9-b51c-2816a84d0309","content_type":"test
        content type","value":"test value","tags":{"tag1":"tag1","tag2":"tag2"},"locked":false,"last_modified":"2019-08-06T20:31:09+00:00"},{"etag":"PyNUR2UYfnDaDBZxRC3xX4pyBzO","key":"PYTHON_UNIT_test_key_a6af8952-54a6-11e9-b600-2816a84d0309","label":null,"content_type":"test
        content type","value":"test value","tags":{"tag1":"tag1","tag2":"tag2"},"locked":false,"last_modified":"2019-08-06T20:31:09+00:00"},{"etag":"Mgdqr0Z7zq03EBFH1oH94lmYHdP","key":"PYTHON_UNIT_test_key_a6af8952-54a6-11e9-b600-2816a84d0309","label":"test_label1_1d7b2b28-549e-11e9-b51c-2816a84d0309","content_type":"test
        content type","value":"test value","tags":{"tag1":"tag1","tag2":"tag2"},"locked":false,"last_modified":"2019-08-06T20:31:08+00:00"},{"etag":"JG5EYaElbevlX6rHPGNS0dGzs9W","key":"PYTHON_UNIT_test_key_a6af8952-54a6-11e9-b600-2816a84d0309","label":"test_label1_1d7b2b28-549e-11e9-b51c-2816a84d0309","content_type":"test
        content type","value":"test valuea","tags":{"a":"b","c":"d"},"locked":false,"last_modified":"2019-08-06T20:31:08+00:00"},{"etag":"Beqp2Z9vVSaz5rCqTdiMWMLN8EZ","key":"PYTHON_UNIT_test_key_a6af8952-54a6-11e9-b600-2816a84d0309","label":null,"content_type":"test
        content type","value":"test value","tags":{"tag1":"tag1","tag2":"tag2"},"locked":false,"last_modified":"2019-08-06T20:31:08+00:00"},{"etag":"ncv0ygth3PgXzeONIufj879V0FD","key":"PYTHON_UNIT_test_key_a6af8952-54a6-11e9-b600-2816a84d0309","label":"test_label1_1d7b2b28-549e-11e9-b51c-2816a84d0309","content_type":"test
        content type","value":"test value","tags":{"tag1":"tag1","tag2":"tag2"},"locked":false,"last_modified":"2019-08-06T20:31:08+00:00"},{"etag":"ZAGPc6iPD3CeUcf6gaLwqmclJAw","key":"PYTHON_UNIT_test_key_a6af8952-54a6-11e9-b600-2816a84d0309","label":null,"content_type":"test
        content type","value":"test value","tags":{"tag1":"tag1","tag2":"tag2"},"locked":false,"last_modified":"2019-08-06T20:31:08+00:00"},{"etag":"F4hR7LsKFEKnGzjt4LhYHL85Ckf","key":"PYTHON_UNIT_test_key_a6af8952-54a6-11e9-b600-2816a84d0309","label":"test_label1_1d7b2b28-549e-11e9-b51c-2816a84d0309","content_type":"test
        content type","value":"test value","tags":{"tag1":"tag1","tag2":"tag2"},"locked":false,"last_modified":"2019-08-06T20:31:08+00:00"},{"etag":"Hh0Bnp0UwE7p1n3YQf1YKY6fFDM","key":"PYTHON_UNIT_test_key_a6af8952-54a6-11e9-b600-2816a84d0309","label":null,"content_type":"test
        content type","value":"test value","tags":{"tag1":"tag1","tag2":"tag2"},"locked":false,"last_modified":"2019-08-06T20:31:07+00:00"},{"etag":"NWQzpBFEfNz3JNZL1AbGWQR5ZxL","key":"PYTHON_UNIT_test_key_a6af8952-54a6-11e9-b600-2816a84d0309","label":"test_label1_1d7b2b28-549e-11e9-b51c-2816a84d0309","content_type":"test
        content type","value":"test value","tags":{"tag1":"tag1","tag2":"tag2"},"locked":false,"last_modified":"2019-08-06T20:31:07+00:00"},{"etag":"Ugud07arD9NFnjxxfOJkeTkslnU","key":"PYTHON_UNIT_test_key_a6af8952-54a6-11e9-b600-2816a84d0309","label":null,"content_type":"test
        content type","value":"test value","tags":{"tag1":"tag1","tag2":"tag2"},"locked":false,"last_modified":"2019-08-06T20:31:07+00:00"},{"etag":"ClTrnqg4qjHbNDIdJhw7Mkjga1F","key":"PYTHON_UNIT_test_key_a6af8952-54a6-11e9-b600-2816a84d0309","label":"test_label1_1d7b2b28-549e-11e9-b51c-2816a84d0309","content_type":"test
        content type","value":"test value","tags":{"tag1":"tag1","tag2":"tag2"},"locked":false,"last_modified":"2019-08-06T20:31:07+00:00"},{"etag":"aYKLiLN5Pz1XK6e816wl2irSyTk","key":"PYTHON_UNIT_test_key_a6af8952-54a6-11e9-b600-2816a84d0309","label":null,"content_type":"test
        content type","value":"test value","tags":{"tag1":"tag1","tag2":"tag2"},"locked":false,"last_modified":"2019-08-06T20:31:06+00:00"},{"etag":"IfQeYDLQLZCydOtLy8ME7Oml91E","key":"PYTHON_UNIT_test_key_a6af8952-54a6-11e9-b600-2816a84d0309","label":"test_label1_1d7b2b28-549e-11e9-b51c-2816a84d0309","content_type":"test
        content type","value":"test value","tags":{"tag1":"tag1","tag2":"tag2"},"locked":false,"last_modified":"2019-08-06T20:31:06+00:00"},{"etag":"m6k7l8E4MULiCXniwqoiCD5VyWZ","key":"PYTHON_UNIT_test_key_a6af8952-54a6-11e9-b600-2816a84d0309","label":null,"content_type":"test
        content type","value":"test value","tags":{"tag1":"tag1","tag2":"tag2"},"locked":false,"last_modified":"2019-08-06T20:31:06+00:00"},{"etag":"y6Yl0iPbJHI2WZyqXcaRLCNleck","key":"PYTHON_UNIT_test_key_a6af8952-54a6-11e9-b600-2816a84d0309","label":"test_label1_1d7b2b28-549e-11e9-b51c-2816a84d0309","content_type":"test
        content type","value":"test value","tags":{"tag1":"tag1","tag2":"tag2"},"locked":false,"last_modified":"2019-08-06T20:31:06+00:00"},{"etag":"lspwgX2gl86V6FTIETd5ro8Nwxm","key":"PYTHON_UNIT_test_key_a6af8952-54a6-11e9-b600-2816a84d0309","label":null,"content_type":"test
        content type","value":"test value","tags":{"tag1":"tag1","tag2":"tag2"},"locked":false,"last_modified":"2019-08-06T20:31:05+00:00"},{"etag":"FxN1yKYYHGqGAh9ERZHukfC3rYL","key":"PYTHON_UNIT_test_key_a6af8952-54a6-11e9-b600-2816a84d0309","label":"test_label1_1d7b2b28-549e-11e9-b51c-2816a84d0309","content_type":"test
        content type","value":"test value","tags":{"tag1":"tag1","tag2":"tag2"},"locked":false,"last_modified":"2019-08-06T20:31:05+00:00"},{"etag":"ycfyUBNGRAMY6K8Qj0o41icPame","key":"PYTHON_UNIT_test_key_a6af8952-54a6-11e9-b600-2816a84d0309","label":null,"content_type":"test
        content type","value":"test value","tags":{"tag1":"tag1","tag2":"tag2"},"locked":false,"last_modified":"2019-08-06T20:31:05+00:00"},{"etag":"HBSvLRcyVXugZjLp7yctAXRhlHh","key":"PYTHON_UNIT_test_key_a6af8952-54a6-11e9-b600-2816a84d0309","label":"test_label1_1d7b2b28-549e-11e9-b51c-2816a84d0309","content_type":"test
        content type","value":"test value","tags":{"tag1":"tag1","tag2":"tag2"},"locked":false,"last_modified":"2019-08-06T20:31:05+00:00"},{"etag":"SjlhdFv9umoaZVQGILmYaYIratE","key":"PYTHON_UNIT_test_key_a6af8952-54a6-11e9-b600-2816a84d0309","label":"test_label2_*,
        \\1d7b2b28-549e-11e9-b51c-2816a84d0309","content_type":null,"value":"test
        value","tags":{},"locked":false,"last_modified":"2019-08-06T20:31:04+00:00"},{"etag":"rqO2apnvmCbd1WzfQbQLtF4Y1f1","key":"PYTHON_UNIT_test_key_a6af8952-54a6-11e9-b600-2816a84d0309","label":null,"content_type":"test
        content type","value":"test value","tags":{"tag1":"tag1","tag2":"tag2"},"locked":false,"last_modified":"2019-08-06T20:31:04+00:00"},{"etag":"gS0eyRbwi1kfOVWyhTWlBbPtdCb","key":"PYTHON_UNIT_test_key_a6af8952-54a6-11e9-b600-2816a84d0309","label":"test_label1_1d7b2b28-549e-11e9-b51c-2816a84d0309","content_type":"test
        content type","value":"test value","tags":{"tag1":"tag1","tag2":"tag2"},"locked":false,"last_modified":"2019-08-06T20:31:04+00:00"},{"etag":"aJNdysmijG5FTZ4dCo3n2wDruj4","key":"PYTHON_UNIT_test_key_a6af8952-54a6-11e9-b600-2816a84d0309","label":null,"content_type":"test
        content type","value":"test value","tags":{"tag1":"tag1","tag2":"tag2"},"locked":false,"last_modified":"2019-08-06T20:31:04+00:00"},{"etag":"Xm8mLwc0cWDngl3U9vUSinyUkjI","key":"PYTHON_UNIT_test_key_a6af8952-54a6-11e9-b600-2816a84d0309","label":"test_label1_1d7b2b28-549e-11e9-b51c-2816a84d0309","content_type":"test
        content type","value":"test value","tags":{"tag1":"tag1","tag2":"tag2"},"locked":false,"last_modified":"2019-08-06T20:31:04+00:00"},{"etag":"tgMGgEPES4Y3lwV3WwrzRUzFr4X","key":"PYTHON_UNIT_test_key_a6af8952-54a6-11e9-b600-2816a84d0309","label":null,"content_type":"test
        content type","value":"test value","tags":{"tag1":"tag1","tag2":"tag2"},"locked":false,"last_modified":"2019-08-06T20:31:04+00:00"},{"etag":"7KQkgQSkCDO4bNTfqQSFCoUzs1S","key":"PYTHON_UNIT_test_key_a6af8952-54a6-11e9-b600-2816a84d0309","label":"test_label1_1d7b2b28-549e-11e9-b51c-2816a84d0309","content_type":"test
        content type","value":"test value","tags":{"tag1":"tag1","tag2":"tag2"},"locked":false,"last_modified":"2019-08-06T20:31:04+00:00"},{"etag":"STouSX3ULwK6rqAnbP2n3shNDAx","key":"PYTHON_UNIT_test_key_a6af8952-54a6-11e9-b600-2816a84d0309","label":null,"content_type":"test
        content type","value":"test value","tags":{"tag1":"tag1","tag2":"tag2"},"locked":false,"last_modified":"2019-08-06T20:31:03+00:00"},{"etag":"r9nLMXE2nh1udEcpUGSpuTumL4o","key":"PYTHON_UNIT_test_key_a6af8952-54a6-11e9-b600-2816a84d0309","label":"test_label1_1d7b2b28-549e-11e9-b51c-2816a84d0309","content_type":"test
        content type","value":"test value","tags":{"tag1":"tag1","tag2":"tag2"},"locked":false,"last_modified":"2019-08-06T20:31:03+00:00"},{"etag":"jUXwOLxWMSBU3C2A607Vxr05Yyb","key":"PYTHON_UNIT_test_key_a6af8952-54a6-11e9-b600-2816a84d0309","label":null,"content_type":"test
        content type","value":"test value","tags":{"tag1":"tag1","tag2":"tag2"},"locked":false,"last_modified":"2019-08-06T20:31:03+00:00"},{"etag":"eiU3ZEecLSCRkAHUNy4ISQqct51","key":"PYTHON_UNIT_test_key_a6af8952-54a6-11e9-b600-2816a84d0309","label":"test_label1_1d7b2b28-549e-11e9-b51c-2816a84d0309","content_type":"test
        content type","value":"test value","tags":{"tag1":"tag1","tag2":"tag2"},"locked":false,"last_modified":"2019-08-06T20:31:03+00:00"},{"etag":"mOHOHYGyhtArhENPpp9BbVDQhoz","key":"PYTHON_UNIT_test_key_a6af8952-54a6-11e9-b600-2816a84d0309","label":null,"content_type":"test
        content type","value":"test value","tags":{"tag1":"tag1","tag2":"tag2"},"locked":false,"last_modified":"2019-08-06T20:30:53+00:00"},{"etag":"EPP6lhYHd6WxvcLPWo5JeqRg6pZ","key":"PYTHON_UNIT_test_key_a6af8952-54a6-11e9-b600-2816a84d0309","label":"test_label1_1d7b2b28-549e-11e9-b51c-2816a84d0309","content_type":"test
        content type","value":"test value","tags":{"tag1":"tag1","tag2":"tag2"},"locked":false,"last_modified":"2019-08-06T20:30:53+00:00"},{"etag":"4Dx2rXHsvtoL6Cdsy03lWvO7F57","key":"PYTHON_UNIT_test_key_a6af8952-54a6-11e9-b600-2816a84d0309","label":null,"content_type":"test
        content type","value":"test value","tags":{"tag1":"tag1","tag2":"tag2"},"locked":false,"last_modified":"2019-08-06T20:30:53+00:00"},{"etag":"34W6tf4EwNooJWcFgL8FupSPIHz","key":"PYTHON_UNIT_test_key_a6af8952-54a6-11e9-b600-2816a84d0309","label":"test_label1_1d7b2b28-549e-11e9-b51c-2816a84d0309","content_type":"test
        content type","value":"test value","tags":{"tag1":"tag1","tag2":"tag2"},"locked":false,"last_modified":"2019-08-06T20:30:53+00:00"},{"etag":"FF21UOMmCJqgiVvQz9ZH4gB9WAV","key":"PYTHON_UNIT_test_key_a6af8952-54a6-11e9-b600-2816a84d0309","label":null,"content_type":"test
        content type","value":"test value","tags":{"tag1":"tag1","tag2":"tag2"},"locked":false,"last_modified":"2019-08-06T20:30:53+00:00"},{"etag":"X6u5Af1oWliOopSW7oAzloohWbW","key":"PYTHON_UNIT_test_key_a6af8952-54a6-11e9-b600-2816a84d0309","label":"test_label1_1d7b2b28-549e-11e9-b51c-2816a84d0309","content_type":"test
        content type","value":"test value","tags":{"tag1":"tag1","tag2":"tag2"},"locked":false,"last_modified":"2019-08-06T20:30:52+00:00"},{"etag":"fDWMPJsRoZtyQXmkoZMSk38ixu5","key":"PYTHON_UNIT_test_key_a6af8952-54a6-11e9-b600-2816a84d0309","label":null,"content_type":"test
        content type","value":"test value","tags":{"tag1":"tag1","tag2":"tag2"},"locked":false,"last_modified":"2019-08-06T20:30:52+00:00"},{"etag":"vhWUC7CLr2yAVHNxGrB7wdc6DGa","key":"PYTHON_UNIT_test_key_a6af8952-54a6-11e9-b600-2816a84d0309","label":"test_label1_1d7b2b28-549e-11e9-b51c-2816a84d0309","content_type":"test
        content type","value":"test value","tags":{"tag1":"tag1","tag2":"tag2"},"locked":false,"last_modified":"2019-08-06T20:30:52+00:00"},{"etag":"owLVqV8rogdhz2hFBZ7goyx0ukv","key":"PYTHON_UNIT_test_key_a6af8952-54a6-11e9-b600-2816a84d0309","label":null,"content_type":"test
        content type","value":"test value","tags":{"tag1":"tag1","tag2":"tag2"},"locked":false,"last_modified":"2019-08-06T20:30:52+00:00"},{"etag":"j6MCDBmPKTft9fTA0RyYFrrM8MV","key":"PYTHON_UNIT_test_key_a6af8952-54a6-11e9-b600-2816a84d0309","label":"test_label1_1d7b2b28-549e-11e9-b51c-2816a84d0309","content_type":"test
        content type","value":"test value","tags":{"tag1":"tag1","tag2":"tag2"},"locked":false,"last_modified":"2019-08-06T20:30:52+00:00"},{"etag":"LEIyN0aapXRD8lwKH5bU1nRvD92","key":"PYTHON_UNIT_test_key_a6af8952-54a6-11e9-b600-2816a84d0309","label":null,"content_type":"test
        content type","value":"test value","tags":{"tag1":"tag1","tag2":"tag2"},"locked":false,"last_modified":"2019-08-06T20:30:51+00:00"}],"@nextLink":"/revisions?key=PYTHON_UNIT_test_key_a6af8952-54a6-11e9-b600-2816a84d0309&after=MTU2NTEyMzQ1MQ%3D%3D"}'
    headers:
      access-control-allow-credentials:
      - 'true'
      access-control-allow-headers:
      - DNT, X-CustomHeader, Keep-Alive, User-Agent, X-Requested-With, If-Modified-Since,
        Cache-Control, Content-Type, Authorization, x-ms-client-request-id, x-ms-content-sha256,
        x-ms-date, host, Accept, Accept-Datetime, Date, If-Match, If-None-Match, Sync-Token,
        x-ms-return-client-request-id, ETag, Last-Modified, Link, Memento-Datetime,
        x-ms-retry-after, x-ms-request-id, WWW-Authenticate
      access-control-allow-methods:
      - GET, PUT, POST, DELETE, PATCH, OPTIONS
      access-control-allow-origin:
      - '*'
      access-control-expose-headers:
      - DNT, X-CustomHeader, Keep-Alive, User-Agent, X-Requested-With, If-Modified-Since,
        Cache-Control, Content-Type, Authorization, x-ms-client-request-id, x-ms-content-sha256,
        x-ms-date, host, Accept, Accept-Datetime, Date, If-Match, If-None-Match, Sync-Token,
        x-ms-return-client-request-id, ETag, Last-Modified, Link, Memento-Datetime,
        x-ms-retry-after, x-ms-request-id, WWW-Authenticate
      connection:
      - keep-alive
      content-length:
      - '29414'
      content-type:
      - application/json; charset=utf-8
      date:
      - Tue, 06 Aug 2019 20:31:29 GMT
      link:
      - </revisions?key=PYTHON_UNIT_test_key_a6af8952-54a6-11e9-b600-2816a84d0309&after=MTU2NTEyMzQ1MQ%3D%3D>;
        rel="next"
      server:
      - nginx/1.13.12
      strict-transport-security:
      - max-age=15724800; includeSubDomains
      sync-token:
      - zAJw6V16=MzotMSMzODAzNzU=;sn=380375
      transfer-encoding:
      - chunked
      vary:
      - Accept-Encoding
    status:
      code: 200
      message: OK
- request:
    body: null
    headers:
      Accept:
      - application/json
      Accept-Encoding:
      - gzip, deflate
      Connection:
      - keep-alive
      Content-Length:
      - '0'
      User-Agent:
      - azsdk-python-appconfiguration/1.0.0b2 Python/3.7.2 (Windows-10-10.0.18362-SP0)
      x-ms-content-sha256:
      - 47DEQpj8HBSa+/TImW+5JCeuQeRkm5NMpJWZG3hSuFU=
      x-ms-date:
      - Aug, 06 2019 20:31:29 GMT
    method: DELETE
    uri: https://xyazconfig.azconfig.io/kv/PYTHON_UNIT_test_key_a6af8952-54a6-11e9-b600-2816a84d0309?label=test_label1_1d7b2b28-549e-11e9-b51c-2816a84d0309
  response:
    body:
      string: '{"etag":"HitpCQji8031oRLa87DaGGlMkkr","key":"PYTHON_UNIT_test_key_a6af8952-54a6-11e9-b600-2816a84d0309","label":"test_label1_1d7b2b28-549e-11e9-b51c-2816a84d0309","content_type":"test
        content type","value":"test value","tags":{"tag1":"tag1","tag2":"tag2"},"locked":false,"last_modified":"2019-08-06T20:31:30+00:00"}'
    headers:
      access-control-allow-credentials:
      - 'true'
      access-control-allow-headers:
      - DNT, X-CustomHeader, Keep-Alive, User-Agent, X-Requested-With, If-Modified-Since,
        Cache-Control, Content-Type, Authorization, x-ms-client-request-id, x-ms-content-sha256,
        x-ms-date, host, Accept, Accept-Datetime, Date, If-Match, If-None-Match, Sync-Token,
        x-ms-return-client-request-id, ETag, Last-Modified, Link, Memento-Datetime,
        x-ms-retry-after, x-ms-request-id, WWW-Authenticate
      access-control-allow-methods:
      - GET, PUT, POST, DELETE, PATCH, OPTIONS
      access-control-allow-origin:
      - '*'
      access-control-expose-headers:
      - DNT, X-CustomHeader, Keep-Alive, User-Agent, X-Requested-With, If-Modified-Since,
        Cache-Control, Content-Type, Authorization, x-ms-client-request-id, x-ms-content-sha256,
        x-ms-date, host, Accept, Accept-Datetime, Date, If-Match, If-None-Match, Sync-Token,
        x-ms-return-client-request-id, ETag, Last-Modified, Link, Memento-Datetime,
        x-ms-retry-after, x-ms-request-id, WWW-Authenticate
      connection:
      - keep-alive
      content-length:
      - '315'
      content-type:
      - application/json; charset=utf-8
      date:
      - Tue, 06 Aug 2019 20:31:30 GMT
      etag:
      - W/"HitpCQji8031oRLa87DaGGlMkkr"
      last-modified:
      - Tue, 06 Aug 2019 20:31:30 GMT
      server:
      - nginx/1.13.12
      strict-transport-security:
      - max-age=15724800; includeSubDomains
      sync-token:
      - zAJw6V16=MzotMSMzODAzNzY=;sn=380376
      transfer-encoding:
      - chunked
      vary:
      - Accept-Encoding
    status:
      code: 200
      message: OK
- request:
    body: null
    headers:
      Accept:
      - application/json
      Accept-Encoding:
      - gzip, deflate
      Connection:
      - keep-alive
      Content-Length:
      - '0'
      User-Agent:
      - azsdk-python-appconfiguration/1.0.0b2 Python/3.7.2 (Windows-10-10.0.18362-SP0)
      x-ms-content-sha256:
      - 47DEQpj8HBSa+/TImW+5JCeuQeRkm5NMpJWZG3hSuFU=
      x-ms-date:
      - Aug, 06 2019 20:31:29 GMT
    method: DELETE
    uri: https://xyazconfig.azconfig.io/kv/PYTHON_UNIT_test_key_a6af8952-54a6-11e9-b600-2816a84d0309
  response:
    body:
      string: '{"etag":"tkx6oQ4i7BVGvmezqf9rX7NerQt","key":"PYTHON_UNIT_test_key_a6af8952-54a6-11e9-b600-2816a84d0309","label":null,"content_type":"test
        content type","value":"test value","tags":{"tag1":"tag1","tag2":"tag2"},"locked":false,"last_modified":"2019-08-06T20:31:30+00:00"}'
    headers:
      access-control-allow-credentials:
      - 'true'
      access-control-allow-headers:
      - DNT, X-CustomHeader, Keep-Alive, User-Agent, X-Requested-With, If-Modified-Since,
        Cache-Control, Content-Type, Authorization, x-ms-client-request-id, x-ms-content-sha256,
        x-ms-date, host, Accept, Accept-Datetime, Date, If-Match, If-None-Match, Sync-Token,
        x-ms-return-client-request-id, ETag, Last-Modified, Link, Memento-Datetime,
        x-ms-retry-after, x-ms-request-id, WWW-Authenticate
      access-control-allow-methods:
      - GET, PUT, POST, DELETE, PATCH, OPTIONS
      access-control-allow-origin:
      - '*'
      access-control-expose-headers:
      - DNT, X-CustomHeader, Keep-Alive, User-Agent, X-Requested-With, If-Modified-Since,
        Cache-Control, Content-Type, Authorization, x-ms-client-request-id, x-ms-content-sha256,
        x-ms-date, host, Accept, Accept-Datetime, Date, If-Match, If-None-Match, Sync-Token,
        x-ms-return-client-request-id, ETag, Last-Modified, Link, Memento-Datetime,
        x-ms-retry-after, x-ms-request-id, WWW-Authenticate
      connection:
      - keep-alive
      content-length:
      - '269'
      content-type:
      - application/json; charset=utf-8
      date:
      - Tue, 06 Aug 2019 20:31:30 GMT
      etag:
      - W/"tkx6oQ4i7BVGvmezqf9rX7NerQt"
      last-modified:
      - Tue, 06 Aug 2019 20:31:30 GMT
      server:
      - nginx/1.13.12
      strict-transport-security:
      - max-age=15724800; includeSubDomains
      sync-token:
      - zAJw6V16=MzotMSMzODAzNzc=;sn=380377
      transfer-encoding:
      - chunked
      vary:
      - Accept-Encoding
    status:
      code: 200
      message: OK
version: 1
