interactions:
- request:
    body: '{"dataSourceType": "SqlServer", "dataFeedName": "topnuph3hibdb4kthn5uw2zf",
      "granularityName": "Daily", "metrics": [{"metricName": "cost"}, {"metricName":
      "revenue"}], "dimension": [{"dimensionName": "category"}, {"dimensionName":
      "city"}], "dataStartFrom": "2019-10-01T00:00:00.000Z", "startOffsetInSeconds":
      0, "maxConcurrency": -1, "minRetryIntervalInSeconds": -1, "stopRetryAfterInSeconds":
      -1, "viewMode": "Private", "authenticationType": "Basic", "dataSourceParameter":
      {"connectionString": "connectionstring", "query": "select\u202f*\u202ffrom\u202fadsample2\u202fwhere\u202fTimestamp\u202f=\u202f@StartTime"}}'
    headers:
      Accept:
      - application/json
      Accept-Encoding:
      - gzip, deflate
      Connection:
      - keep-alive
      Content-Length:
      - '833'
      Content-Type:
      - application/json
      User-Agent:
      - azsdk-python-ai-metricsadvisor/1.0.0b5 Python/3.8.6 (Windows-10-10.0.19041-SP0)
    method: POST
    uri: https://js-metrics-advisor.cognitiveservices.azure.com/metricsadvisor/v1.0/dataFeeds
  response:
    body:
      string: ''
    headers:
      apim-request-id:
      - e4cc0436-fba8-4078-8e58-402db084a648
      content-length:
      - '0'
      date:
      - Fri, 11 Jun 2021 23:27:15 GMT
      location:
      - https://js-metrics-advisor.cognitiveservices.azure.com/metricsadvisor/v1.0/dataFeeds/34889a18-1977-49b3-a818-f5a0e59f29f1
      strict-transport-security:
      - max-age=31536000; includeSubDomains; preload
      x-content-type-options:
      - nosniff
      x-envoy-upstream-service-time:
      - '847'
      x-request-id:
      - e4cc0436-fba8-4078-8e58-402db084a648
    status:
      code: 201
      message: Created
- request:
    body: null
    headers:
      Accept:
      - application/json
      Accept-Encoding:
      - gzip, deflate
      Connection:
      - keep-alive
      User-Agent:
      - azsdk-python-ai-metricsadvisor/1.0.0b5 Python/3.8.6 (Windows-10-10.0.19041-SP0)
    method: GET
    uri: https://js-metrics-advisor.cognitiveservices.azure.com/metricsadvisor/v1.0/dataFeeds/34889a18-1977-49b3-a818-f5a0e59f29f1
  response:
    body:
      string: "{\"dataFeedId\":\"34889a18-1977-49b3-a818-f5a0e59f29f1\",\"dataFeedName\":\"topnuph3hibdb4kthn5uw2zf\",\"metrics\":[{\"metricId\":\"d8b1fe4b-eb93-4652-8c79-6a57402de96a\",\"metricName\":\"cost\",\"metricDisplayName\":\"cost\",\"metricDescription\":\"\"},{\"metricId\":\"2f7ace4d-b65d-4b11-9c18-11729874f83a\",\"metricName\":\"revenue\",\"metricDisplayName\":\"revenue\",\"metricDescription\":\"\"}],\"dimension\":[{\"dimensionName\":\"category\",\"dimensionDisplayName\":\"category\"},{\"dimensionName\":\"city\",\"dimensionDisplayName\":\"city\"}],\"dataStartFrom\":\"2019-10-01T00:00:00Z\",\"dataSourceType\":\"SqlServer\",\"timestampColumn\":\"\",\"startOffsetInSeconds\":0,\"maxQueryPerMinute\":30.0,\"granularityName\":\"Daily\",\"needRollup\":\"NoRollup\",\"fillMissingPointType\":\"PreviousValue\",\"fillMissingPointValue\":0.0,\"rollUpMethod\":\"None\",\"dataFeedDescription\":\"\",\"stopRetryAfterInSeconds\":-1,\"minRetryIntervalInSeconds\":-1,\"maxConcurrency\":-1,\"viewMode\":\"Private\",\"admins\":[\"krpratic@microsoft.com\"],\"viewers\":[],\"creator\":\"krpratic@microsoft.com\",\"status\":\"Active\",\"createdTime\":\"2021-06-11T23:27:15Z\",\"isAdmin\":true,\"actionLinkTemplate\":\"\",\"dataSourceParameter\":{\"query\":\"select\u202F*\u202Ffrom\u202Fadsample2\u202Fwhere\u202FTimestamp\u202F=\u202F@StartTime\"},\"authenticationType\":\"Basic\"}"
    headers:
      apim-request-id:
      - 284e263d-76a8-4455-a64e-3d170fea46e4
      content-length:
      - '1201'
      content-type:
      - application/json; charset=utf-8
      date:
      - Fri, 11 Jun 2021 23:27:15 GMT
      strict-transport-security:
      - max-age=31536000; includeSubDomains; preload
      x-content-type-options:
      - nosniff
      x-envoy-upstream-service-time:
      - '167'
      x-request-id:
      - 284e263d-76a8-4455-a64e-3d170fea46e4
    status:
      code: 200
      message: OK
- request:
    body: '{"name": "topnupze6s2p5pwtoq33paqa", "description": "testing", "metricId":
      "d8b1fe4b-eb93-4652-8c79-6a57402de96a", "wholeMetricConfiguration": {"smartDetectionCondition":
      {"sensitivity": 50.0, "anomalyDetectorDirection": "Both", "suppressCondition":
      {"minNumber": 5, "minRatio": 5.0}}}}'
    headers:
      Accept:
      - application/json
      Accept-Encoding:
      - gzip, deflate
      Connection:
      - keep-alive
      Content-Length:
      - '286'
      Content-Type:
      - application/json
      User-Agent:
      - azsdk-python-ai-metricsadvisor/1.0.0b5 Python/3.8.6 (Windows-10-10.0.19041-SP0)
    method: POST
    uri: https://js-metrics-advisor.cognitiveservices.azure.com/metricsadvisor/v1.0/enrichment/anomalyDetection/configurations
  response:
    body:
      string: ''
    headers:
      apim-request-id:
      - 179d2a69-f663-4fc4-ae68-2613b860de7d
      content-length:
      - '0'
      date:
      - Fri, 11 Jun 2021 23:27:16 GMT
      location:
      - https://js-metrics-advisor.cognitiveservices.azure.com/metricsadvisor/v1.0/enrichment/anomalyDetection/configurations/01d5d1cd-698f-45c3-bfd7-0922782fbb89
      strict-transport-security:
      - max-age=31536000; includeSubDomains; preload
      x-content-type-options:
      - nosniff
      x-envoy-upstream-service-time:
      - '170'
      x-request-id:
      - 179d2a69-f663-4fc4-ae68-2613b860de7d
    status:
      code: 201
      message: Created
- request:
    body: null
    headers:
      Accept:
      - application/json
      Accept-Encoding:
      - gzip, deflate
      Connection:
      - keep-alive
      User-Agent:
      - azsdk-python-ai-metricsadvisor/1.0.0b5 Python/3.8.6 (Windows-10-10.0.19041-SP0)
    method: GET
    uri: https://js-metrics-advisor.cognitiveservices.azure.com/metricsadvisor/v1.0/enrichment/anomalyDetection/configurations/01d5d1cd-698f-45c3-bfd7-0922782fbb89
  response:
    body:
      string: '{"anomalyDetectionConfigurationId":"01d5d1cd-698f-45c3-bfd7-0922782fbb89","name":"topnupze6s2p5pwtoq33paqa","description":"testing","metricId":"d8b1fe4b-eb93-4652-8c79-6a57402de96a","wholeMetricConfiguration":{"smartDetectionCondition":{"sensitivity":50.0,"anomalyDetectorDirection":"Both","suppressCondition":{"minNumber":5,"minRatio":5.0}}},"dimensionGroupOverrideConfigurations":[],"seriesOverrideConfigurations":[]}'
    headers:
      apim-request-id:
      - 8e618236-9106-4225-912b-a6708611dc28
      content-length:
      - '419'
      content-type:
      - application/json; charset=utf-8
      date:
      - Fri, 11 Jun 2021 23:27:16 GMT
      strict-transport-security:
      - max-age=31536000; includeSubDomains; preload
      x-content-type-options:
      - nosniff
      x-envoy-upstream-service-time:
      - '102'
      x-request-id:
      - 8e618236-9106-4225-912b-a6708611dc28
    status:
      code: 200
      message: OK
- request:
    body: '{"name": "testalerta21c1b74", "hookIds": [], "metricAlertingConfigurations":
      [{"anomalyDetectionConfigurationId": "01d5d1cd-698f-45c3-bfd7-0922782fbb89",
      "anomalyScopeType": "TopN", "topNAnomalyScope": {"top": 5, "period": 10, "minTopCount":
      9}, "valueFilter": {"upper": 5.0, "direction": "Up", "type": "Value", "metricId":
      "d8b1fe4b-eb93-4652-8c79-6a57402de96a"}}]}'
    headers:
      Accept:
      - application/json
      Accept-Encoding:
      - gzip, deflate
      Connection:
      - keep-alive
      Content-Length:
      - '366'
      Content-Type:
      - application/json
      User-Agent:
      - azsdk-python-ai-metricsadvisor/1.0.0b5 Python/3.8.6 (Windows-10-10.0.19041-SP0)
    method: POST
    uri: https://js-metrics-advisor.cognitiveservices.azure.com/metricsadvisor/v1.0/alert/anomaly/configurations
  response:
    body:
      string: ''
    headers:
      apim-request-id:
      - 8c501d2b-388a-49ed-a30b-9dbd14fba487
      content-length:
      - '0'
      date:
      - Fri, 11 Jun 2021 23:27:16 GMT
      location:
      - https://js-metrics-advisor.cognitiveservices.azure.com/metricsadvisor/v1.0/alert/anomaly/configurations/ad235817-f366-4430-8cd6-2e19d116b1b5
      strict-transport-security:
      - max-age=31536000; includeSubDomains; preload
      x-content-type-options:
      - nosniff
      x-envoy-upstream-service-time:
      - '115'
      x-request-id:
      - 8c501d2b-388a-49ed-a30b-9dbd14fba487
    status:
      code: 201
      message: Created
- request:
    body: null
    headers:
      Accept:
      - application/json
      Accept-Encoding:
      - gzip, deflate
      Connection:
      - keep-alive
      User-Agent:
      - azsdk-python-ai-metricsadvisor/1.0.0b5 Python/3.8.6 (Windows-10-10.0.19041-SP0)
    method: GET
    uri: https://js-metrics-advisor.cognitiveservices.azure.com/metricsadvisor/v1.0/alert/anomaly/configurations/ad235817-f366-4430-8cd6-2e19d116b1b5
  response:
    body:
      string: '{"anomalyAlertingConfigurationId":"ad235817-f366-4430-8cd6-2e19d116b1b5","name":"testalerta21c1b74","description":"","splitAlertByDimensions":[],"hookIds":[],"metricAlertingConfigurations":[{"anomalyDetectionConfigurationId":"01d5d1cd-698f-45c3-bfd7-0922782fbb89","anomalyScopeType":"TopN","negationOperation":false,"topNAnomalyScope":{"top":5,"period":10,"minTopCount":9},"valueFilter":{"upper":5.0,"direction":"Up","metricId":"d8b1fe4b-eb93-4652-8c79-6a57402de96a","triggerForMissing":false,"type":"Value"}}]}'
    headers:
      apim-request-id:
      - dda29e25-1a65-42a7-a433-eb50e3d1f00f
      content-length:
      - '511'
      content-type:
      - application/json; charset=utf-8
      date:
      - Fri, 11 Jun 2021 23:27:16 GMT
      strict-transport-security:
      - max-age=31536000; includeSubDomains; preload
      x-content-type-options:
      - nosniff
      x-envoy-upstream-service-time:
      - '93'
      x-request-id:
      - dda29e25-1a65-42a7-a433-eb50e3d1f00f
    status:
      code: 200
      message: OK
- request:
    body: null
    headers:
      Accept:
      - application/json
      Accept-Encoding:
      - gzip, deflate
      Connection:
      - keep-alive
      Content-Length:
      - '0'
      User-Agent:
      - azsdk-python-ai-metricsadvisor/1.0.0b5 Python/3.8.6 (Windows-10-10.0.19041-SP0)
    method: DELETE
    uri: https://js-metrics-advisor.cognitiveservices.azure.com/metricsadvisor/v1.0/alert/anomaly/configurations/ad235817-f366-4430-8cd6-2e19d116b1b5
  response:
    body:
      string: ''
    headers:
      apim-request-id:
      - e45435f9-705d-4d2a-9a27-5687cf6cbba9
      content-length:
      - '0'
      date:
      - Fri, 11 Jun 2021 23:27:16 GMT
      strict-transport-security:
      - max-age=31536000; includeSubDomains; preload
      x-content-type-options:
      - nosniff
      x-envoy-upstream-service-time:
      - '103'
      x-request-id:
      - e45435f9-705d-4d2a-9a27-5687cf6cbba9
    status:
      code: 204
      message: No Content
- request:
    body: null
    headers:
      Accept:
      - application/json
      Accept-Encoding:
      - gzip, deflate
      Connection:
      - keep-alive
      User-Agent:
      - azsdk-python-ai-metricsadvisor/1.0.0b5 Python/3.8.6 (Windows-10-10.0.19041-SP0)
    method: GET
    uri: https://js-metrics-advisor.cognitiveservices.azure.com/metricsadvisor/v1.0/alert/anomaly/configurations/ad235817-f366-4430-8cd6-2e19d116b1b5
  response:
    body:
      string: '{"code":"Not Found","message":"Not found this AnomalyAlertingConfiguration.
        TraceId: 73e8fc73-f8c2-4f38-9cca-5fed9830d38e"}'
    headers:
      apim-request-id:
      - 3a11df70-bfd9-4feb-b844-40b879f7faa0
      content-length:
      - '123'
      content-type:
      - application/json; charset=utf-8
      date:
      - Fri, 11 Jun 2021 23:27:17 GMT
      strict-transport-security:
      - max-age=31536000; includeSubDomains; preload
      x-content-type-options:
      - nosniff
      x-envoy-upstream-service-time:
      - '81'
      x-request-id:
      - 3a11df70-bfd9-4feb-b844-40b879f7faa0
    status:
      code: 404
      message: Not Found
- request:
    body: null
    headers:
      Accept:
      - application/json
      Accept-Encoding:
      - gzip, deflate
      Connection:
      - keep-alive
      Content-Length:
      - '0'
      User-Agent:
      - azsdk-python-ai-metricsadvisor/1.0.0b5 Python/3.8.6 (Windows-10-10.0.19041-SP0)
    method: DELETE
    uri: https://js-metrics-advisor.cognitiveservices.azure.com/metricsadvisor/v1.0/enrichment/anomalyDetection/configurations/01d5d1cd-698f-45c3-bfd7-0922782fbb89
  response:
    body:
      string: ''
    headers:
      apim-request-id:
      - dc1de02a-791a-4231-9c86-b358e6452ee5
      content-length:
      - '0'
      date:
      - Fri, 11 Jun 2021 23:27:17 GMT
      strict-transport-security:
      - max-age=31536000; includeSubDomains; preload
      x-content-type-options:
      - nosniff
      x-envoy-upstream-service-time:
      - '96'
      x-request-id:
      - dc1de02a-791a-4231-9c86-b358e6452ee5
    status:
      code: 204
      message: No Content
- request:
    body: null
    headers:
      Accept:
      - application/json
      Accept-Encoding:
      - gzip, deflate
      Connection:
      - keep-alive
      Content-Length:
      - '0'
      User-Agent:
      - azsdk-python-ai-metricsadvisor/1.0.0b5 Python/3.8.6 (Windows-10-10.0.19041-SP0)
    method: DELETE
    uri: https://js-metrics-advisor.cognitiveservices.azure.com/metricsadvisor/v1.0/dataFeeds/34889a18-1977-49b3-a818-f5a0e59f29f1
  response:
    body:
      string: ''
    headers:
      apim-request-id:
      - 55fab689-b25d-4d75-a307-5c050b2d60ec
      content-length:
      - '0'
      date:
      - Fri, 11 Jun 2021 23:27:17 GMT
      strict-transport-security:
      - max-age=31536000; includeSubDomains; preload
      x-content-type-options:
      - nosniff
      x-envoy-upstream-service-time:
      - '400'
      x-request-id:
      - 55fab689-b25d-4d75-a307-5c050b2d60ec
    status:
      code: 204
      message: No Content
version: 1
