interactions:
- request:
    body: '{"dataSourceType": "SqlServer", "dataFeedName": "testfeed96af170a", "dataFeedDescription":
      "my first data feed", "granularityName": "Daily", "metrics": [{"metricName":
      "cost", "metricDisplayName": "display cost", "metricDescription": "the cost"},
      {"metricName": "revenue", "metricDisplayName": "display revenue", "metricDescription":
      "the revenue"}], "dimension": [{"dimensionName": "category", "dimensionDisplayName":
      "display category"}, {"dimensionName": "city", "dimensionDisplayName": "display
      city"}], "timestampColumn": "Timestamp", "dataStartFrom": "2019-10-01T00:00:00.000Z",
      "startOffsetInSeconds": -1, "maxConcurrency": 0, "minRetryIntervalInSeconds":
      -1, "stopRetryAfterInSeconds": -1, "needRollup": "NoRollup", "rollUpMethod":
      "None", "fillMissingPointType": "SmartFilling", "viewMode": "Private", "admins":
      ["yournamehere@microsoft.com"], "viewers": ["viewers"], "actionLinkTemplate":
      "action link template", "authenticationType": "Basic", "dataSourceParameter":
      {"connectionString": "connectionstring", "query": "select * from adsample2 where
      Timestamp = @StartTime"}}'
    headers:
      Accept:
      - application/json
      Accept-Encoding:
      - gzip, deflate, br
      Connection:
      - keep-alive
      Content-Length:
      - '1299'
      Content-Type:
      - application/json
      User-Agent:
      - azsdk-python-ai-metricsadvisor/1.0.1 Python/3.8.6 (Windows-10-10.0.19041-SP0)
    method: POST
    uri: https://ga-metrics-advisor.cognitiveservices.azure.com/metricsadvisor/v1.0/dataFeeds
  response:
    body:
      string: ''
    headers:
      apim-request-id:
      - c1df3e14-5f89-45e2-9384-bcfd542ddded
      content-length:
      - '0'
      date:
      - Wed, 29 Sep 2021 19:35:15 GMT
      location:
      - https://ga-metrics-advisor.cognitiveservices.azure.com/metricsadvisor/v1.0/dataFeeds/1aa51fd1-ca0e-4db6-9cd9-a41797b02afd
      strict-transport-security:
      - max-age=31536000; includeSubDomains; preload
      x-content-type-options:
      - nosniff
      x-envoy-upstream-service-time:
      - '457'
      x-request-id:
      - c1df3e14-5f89-45e2-9384-bcfd542ddded
    status:
      code: 201
      message: Created
- request:
    body: null
    headers:
      Accept:
      - application/json
      Accept-Encoding:
      - gzip, deflate, br
      Connection:
      - keep-alive
      User-Agent:
      - azsdk-python-ai-metricsadvisor/1.0.1 Python/3.8.6 (Windows-10-10.0.19041-SP0)
    method: GET
    uri: https://ga-metrics-advisor.cognitiveservices.azure.com/metricsadvisor/v1.0/dataFeeds/1aa51fd1-ca0e-4db6-9cd9-a41797b02afd
  response:
    body:
      string: '{"dataFeedId":"1aa51fd1-ca0e-4db6-9cd9-a41797b02afd","dataFeedName":"testfeed96af170a","metrics":[{"metricId":"8d48e59a-2575-4654-aa65-1a53fe6d8628","metricName":"cost","metricDisplayName":"display
        cost","metricDescription":"the cost"},{"metricId":"778ebc49-dda9-4ec5-8e0f-cf2b6e534cb2","metricName":"revenue","metricDisplayName":"display
        revenue","metricDescription":"the revenue"}],"dimension":[{"dimensionName":"category","dimensionDisplayName":"display
        category"},{"dimensionName":"city","dimensionDisplayName":"display city"}],"dataStartFrom":"2019-10-01T00:00:00Z","dataSourceType":"SqlServer","timestampColumn":"Timestamp","startOffsetInSeconds":-1,"maxQueryPerMinute":30.0,"granularityName":"Daily","needRollup":"NoRollup","fillMissingPointType":"SmartFilling","fillMissingPointValue":0.0,"rollUpMethod":"None","dataFeedDescription":"my
        first data feed","stopRetryAfterInSeconds":-1,"minRetryIntervalInSeconds":-1,"maxConcurrency":0,"viewMode":"Private","admins":["yournamehere@microsoft.com","f850650c-1fcf-4489-b46f-71af2e30d360"],"viewers":["viewers"],"creator":"f850650c-1fcf-4489-b46f-71af2e30d360","status":"Active","createdTime":"2021-09-29T19:35:16Z","isAdmin":true,"actionLinkTemplate":"action
        link template","dataSourceParameter":{"query":"select * from adsample2 where
        Timestamp = @StartTime"},"authenticationType":"Basic"}'
    headers:
      apim-request-id:
      - 9d0f39e8-0f66-4a5f-b89f-55a87280abf1
      content-length:
      - '1342'
      content-type:
      - application/json; charset=utf-8
      date:
      - Wed, 29 Sep 2021 19:35:16 GMT
      strict-transport-security:
      - max-age=31536000; includeSubDomains; preload
      x-content-type-options:
      - nosniff
      x-envoy-upstream-service-time:
      - '117'
      x-request-id:
      - 9d0f39e8-0f66-4a5f-b89f-55a87280abf1
    status:
      code: 200
      message: OK
- request:
    body: null
    headers:
      Accept:
      - application/json
      Accept-Encoding:
      - gzip, deflate, br
      Connection:
      - keep-alive
      Content-Length:
      - '0'
      User-Agent:
      - azsdk-python-ai-metricsadvisor/1.0.1 Python/3.8.6 (Windows-10-10.0.19041-SP0)
    method: DELETE
    uri: https://ga-metrics-advisor.cognitiveservices.azure.com/metricsadvisor/v1.0/dataFeeds/1aa51fd1-ca0e-4db6-9cd9-a41797b02afd
  response:
    body:
      string: ''
    headers:
      apim-request-id:
      - 3a477041-4cbc-4ae8-abec-fa17c01036e4
      content-length:
      - '0'
      date:
      - Wed, 29 Sep 2021 19:35:16 GMT
      strict-transport-security:
      - max-age=31536000; includeSubDomains; preload
      x-content-type-options:
      - nosniff
      x-envoy-upstream-service-time:
      - '264'
      x-request-id:
      - 3a477041-4cbc-4ae8-abec-fa17c01036e4
    status:
      code: 204
      message: No Content
- request:
    body: null
    headers:
      Accept:
      - application/json
      Accept-Encoding:
      - gzip, deflate, br
      Connection:
      - keep-alive
      User-Agent:
      - azsdk-python-ai-metricsadvisor/1.0.1 Python/3.8.6 (Windows-10-10.0.19041-SP0)
    method: GET
    uri: https://ga-metrics-advisor.cognitiveservices.azure.com/metricsadvisor/v1.0/dataFeeds/1aa51fd1-ca0e-4db6-9cd9-a41797b02afd
  response:
    body:
      string: '{"code":"404 NOT_FOUND","message":"datafeedId is invalid."}'
    headers:
      apim-request-id:
      - b356f06c-117b-43fb-80c5-a2f7adfeaa96
      content-length:
      - '59'
      content-type:
      - application/json; charset=utf-8
      date:
      - Wed, 29 Sep 2021 19:35:16 GMT
      strict-transport-security:
      - max-age=31536000; includeSubDomains; preload
      x-content-type-options:
      - nosniff
      x-envoy-upstream-service-time:
      - '15'
      x-request-id:
      - b356f06c-117b-43fb-80c5-a2f7adfeaa96
    status:
      code: 404
      message: Not Found
version: 1
