{
  "Entries": [
    {
      "RequestUri": "https://fakeendpoint.cognitiveservices.azure.com/metricsadvisor/v1.0/hooks/832c9714-ac06-4156-a150-58836e0b1cbe",
      "RequestMethod": "PATCH",
      "RequestHeaders": {
        "Accept": "application/json",
        "Accept-Encoding": "gzip, deflate",
        "Connection": "keep-alive",
        "Content-Length": "178",
        "Content-Type": "application/merge-patch\u002Bjson",
        "User-Agent": "azsdk-python-ai-metricsadvisor/1.1.0 Python/3.9.7 (macOS-12.2.1-x86_64-i386-64bit)",
        "x-ms-client-request-id": "9ee59436-9e60-11ec-bbd8-acde48001122"
      },
      "RequestBody": {
        "hookType": "Email",
        "hookName": "update3c53e8bf-d6cf-472c-b0a7-046817df892d",
        "description": "update",
        "externalLink": "update",
        "hookParameter": {
          "toList": [
            "myemail@m.com"
          ]
        }
      },
      "StatusCode": 200,
      "ResponseHeaders": {
        "apim-request-id": "4abd52a7-b73a-4721-aa53-e9dc0d91a58b",
        "Content-Length": "252",
        "Content-Type": "application/json; charset=utf-8",
        "Date": "Mon, 07 Mar 2022 21:50:36 GMT",
        "Strict-Transport-Security": "max-age=31536000; includeSubDomains; preload",
        "X-Content-Type-Options": "nosniff",
        "x-envoy-upstream-service-time": "398",
        "X-Request-ID": "4abd52a7-b73a-4721-aa53-e9dc0d91a58b"
      },
      "ResponseBody": {
        "hookId": "832c9714-ac06-4156-a150-58836e0b1cbe",
        "hookName": "update3c53e8bf-d6cf-472c-b0a7-046817df892d",
        "hookType": "Email",
        "externalLink": "update",
        "description": "update",
        "admins": [
          "krpratic@microsoft.com"
        ],
        "hookParameter": {
          "toList": [
            "myemail@m.com"
          ]
        }
      }
    },
    {
      "RequestUri": "https://fakeendpoint.cognitiveservices.azure.com/metricsadvisor/v1.0/hooks/832c9714-ac06-4156-a150-58836e0b1cbe",
      "RequestMethod": "GET",
      "RequestHeaders": {
        "Accept": "application/json",
        "Accept-Encoding": "gzip, deflate",
        "Connection": "keep-alive",
        "User-Agent": "azsdk-python-ai-metricsadvisor/1.1.0 Python/3.9.7 (macOS-12.2.1-x86_64-i386-64bit)",
        "x-ms-client-request-id": "9f8225b2-9e60-11ec-bbd8-acde48001122"
      },
      "RequestBody": null,
      "StatusCode": 200,
      "ResponseHeaders": {
        "apim-request-id": "2c7bad6e-c47c-4d86-99cd-7e9ce5b3cb0a",
        "Content-Length": "252",
        "Content-Type": "application/json; charset=utf-8",
        "Date": "Mon, 07 Mar 2022 21:50:36 GMT",
        "Strict-Transport-Security": "max-age=31536000; includeSubDomains; preload",
        "X-Content-Type-Options": "nosniff",
        "x-envoy-upstream-service-time": "189",
        "X-Request-ID": "2c7bad6e-c47c-4d86-99cd-7e9ce5b3cb0a"
      },
      "ResponseBody": {
        "hookId": "832c9714-ac06-4156-a150-58836e0b1cbe",
        "hookName": "update3c53e8bf-d6cf-472c-b0a7-046817df892d",
        "hookType": "Email",
        "externalLink": "update",
        "description": "update",
        "admins": [
          "krpratic@microsoft.com"
        ],
        "hookParameter": {
          "toList": [
            "myemail@m.com"
          ]
        }
      }
    },
    {
      "RequestUri": "https://fakeendpoint.cognitiveservices.azure.com/metricsadvisor/v1.0/hooks/832c9714-ac06-4156-a150-58836e0b1cbe",
      "RequestMethod": "DELETE",
      "RequestHeaders": {
        "Accept": "application/json",
        "Accept-Encoding": "gzip, deflate",
        "Connection": "keep-alive",
        "Content-Length": "0",
        "User-Agent": "azsdk-python-ai-metricsadvisor/1.1.0 Python/3.9.7 (macOS-12.2.1-x86_64-i386-64bit)",
        "x-ms-client-request-id": "9fb39e12-9e60-11ec-bbd8-acde48001122"
      },
      "RequestBody": null,
      "StatusCode": 204,
      "ResponseHeaders": {
        "apim-request-id": "c0535606-d8f4-4e59-9320-07445ef70265",
        "Content-Length": "0",
        "Date": "Mon, 07 Mar 2022 21:50:37 GMT",
        "Strict-Transport-Security": "max-age=31536000; includeSubDomains; preload",
        "X-Content-Type-Options": "nosniff",
        "x-envoy-upstream-service-time": "191",
        "X-Request-ID": "c0535606-d8f4-4e59-9320-07445ef70265"
      },
      "ResponseBody": null
    }
  ],
  "Variables": {
    "email_hook_id": "832c9714-ac06-4156-a150-58836e0b1cbe",
    "email_hook_name": "emailhook4ab67693-b191-40fd-9386-b1581c6b9cc2",
    "hook_updated_name": "update3c53e8bf-d6cf-472c-b0a7-046817df892d"
  }
}
