{
  "Entries": [
    {
      "RequestUri": "https://fakeendpoint.cognitiveservices.azure.com/metricsadvisor/v1.0/alert/anomaly/configurations/adf9d683-9365-4525-bb49-e09089f88867",
      "RequestMethod": "PATCH",
      "RequestHeaders": {
        "Accept": "application/json",
        "Accept-Encoding": "gzip, deflate",
        "Connection": "keep-alive",
        "Content-Length": "239",
        "Content-Type": "application/merge-patch\u002Bjson",
        "User-Agent": "azsdk-python-ai-metricsadvisor/1.0.1 Python/3.10.0 (Windows-10-10.0.22000-SP0)",
        "x-ms-client-request-id": "33641a19-5e0c-11ec-8d36-6245b51668de"
      },
      "RequestBody": "{\u0022name\u0022: \u0022reset\u0022, \u0022metricAlertingConfigurations\u0022: [{\u0022anomalyDetectionConfigurationId\u0022: \u0022e5fbef50-59f0-46fd-9795-77b0707b647b\u0022, \u0022anomalyScopeType\u0022: \u0022TopN\u0022, \u0022topNAnomalyScope\u0022: {\u0022top\u0022: 5, \u0022period\u0022: 10, \u0022minTopCount\u0022: 9}}], \u0022description\u0022: \u0022\u0022}",
      "StatusCode": 200,
      "ResponseHeaders": {
        "apim-request-id": "e3b0917b-95f6-4096-96ca-e9b1ce4c7ecf",
        "Content-Length": "363",
        "Content-Type": "application/json; charset=utf-8",
        "Date": "Thu, 16 Dec 2021 01:05:03 GMT",
        "Strict-Transport-Security": "max-age=31536000; includeSubDomains; preload",
        "X-Content-Type-Options": "nosniff",
        "x-envoy-upstream-service-time": "178",
        "X-Request-ID": "e3b0917b-95f6-4096-96ca-e9b1ce4c7ecf"
      },
      "ResponseBody": {
        "anomalyAlertingConfigurationId": "adf9d683-9365-4525-bb49-e09089f88867",
        "name": "reset",
        "description": "",
        "splitAlertByDimensions": [],
        "hookIds": [],
        "metricAlertingConfigurations": [
          {
            "anomalyDetectionConfigurationId": "e5fbef50-59f0-46fd-9795-77b0707b647b",
            "anomalyScopeType": "TopN",
            "negationOperation": false,
            "topNAnomalyScope": {
              "top": 5,
              "period": 10,
              "minTopCount": 9
            }
          }
        ]
      }
    },
    {
      "RequestUri": "https://fakeendpoint.cognitiveservices.azure.com/metricsadvisor/v1.0/alert/anomaly/configurations/adf9d683-9365-4525-bb49-e09089f88867",
      "RequestMethod": "GET",
      "RequestHeaders": {
        "Accept": "application/json",
        "Accept-Encoding": "gzip, deflate",
        "Connection": "keep-alive",
        "User-Agent": "azsdk-python-ai-metricsadvisor/1.0.1 Python/3.10.0 (Windows-10-10.0.22000-SP0)",
        "x-ms-client-request-id": "3397c91d-5e0c-11ec-a57e-6245b51668de"
      },
      "RequestBody": null,
      "StatusCode": 200,
      "ResponseHeaders": {
        "apim-request-id": "66445628-7c83-4580-b45b-9fbbdec8e231",
        "Content-Length": "363",
        "Content-Type": "application/json; charset=utf-8",
        "Date": "Thu, 16 Dec 2021 01:05:03 GMT",
        "Strict-Transport-Security": "max-age=31536000; includeSubDomains; preload",
        "X-Content-Type-Options": "nosniff",
        "x-envoy-upstream-service-time": "105",
        "X-Request-ID": "66445628-7c83-4580-b45b-9fbbdec8e231"
      },
      "ResponseBody": {
        "anomalyAlertingConfigurationId": "adf9d683-9365-4525-bb49-e09089f88867",
        "name": "reset",
        "description": "",
        "splitAlertByDimensions": [],
        "hookIds": [],
        "metricAlertingConfigurations": [
          {
            "anomalyDetectionConfigurationId": "e5fbef50-59f0-46fd-9795-77b0707b647b",
            "anomalyScopeType": "TopN",
            "negationOperation": false,
            "topNAnomalyScope": {
              "top": 5,
              "period": 10,
              "minTopCount": 9
            }
          }
        ]
      }
    },
    {
      "RequestUri": "https://fakeendpoint.cognitiveservices.azure.com/metricsadvisor/v1.0/dataFeeds/3f70efeb-448d-4a9f-b9c3-1cbc6bacc5bd",
      "RequestMethod": "DELETE",
      "RequestHeaders": {
        "Accept": "application/json",
        "Accept-Encoding": "gzip, deflate",
        "Connection": "keep-alive",
        "Content-Length": "0",
        "User-Agent": "azsdk-python-ai-metricsadvisor/1.0.1 Python/3.10.0 (Windows-10-10.0.22000-SP0)",
        "x-ms-client-request-id": "33b74211-5e0c-11ec-be3d-6245b51668de"
      },
      "RequestBody": null,
      "StatusCode": 204,
      "ResponseHeaders": {
        "apim-request-id": "ed58f873-89c8-4877-a105-e9e96fa689a0",
        "Content-Length": "0",
        "Date": "Thu, 16 Dec 2021 01:05:03 GMT",
        "Strict-Transport-Security": "max-age=31536000; includeSubDomains; preload",
        "X-Content-Type-Options": "nosniff",
        "x-envoy-upstream-service-time": "333",
        "X-Request-ID": "ed58f873-89c8-4877-a105-e9e96fa689a0"
      },
      "ResponseBody": null
    }
  ],
  "Variables": {
    "alert_config_id": "adf9d683-9365-4525-bb49-e09089f88867",
    "alert_config_name": "alertconfig5bw3dfcxccade",
    "data_feed_id": "3f70efeb-448d-4a9f-b9c3-1cbc6bacc5bd",
    "data_feed_metric_id": "63076cb3-a134-4dab-8280-24c5b3c2e17d",
    "data_feed_name": "datafeed3giittt3kdg2jv2e",
    "detection_config_id": "e5fbef50-59f0-46fd-9795-77b0707b647b",
    "detection_config_name": "detectionconfighg4ctz4rk"
  }
}
