interactions:
- request:
    body: '{"dataSourceType": "SqlServer", "dataFeedName": "update722uzsc3ozricytwny",
      "dataFeedDescription": "my first data feed", "granularityName": "Daily", "metrics":
      [{"metricName": "cost", "metricDisplayName": "display cost", "metricDescription":
      "the cost"}, {"metricName": "revenue", "metricDisplayName": "display revenue",
      "metricDescription": "the revenue"}], "dimension": [{"dimensionName": "category",
      "dimensionDisplayName": "display category"}, {"dimensionName": "city", "dimensionDisplayName":
      "display city"}], "timestampColumn": "Timestamp", "dataStartFrom": "2019-10-01T00:00:00.000Z",
      "startOffsetInSeconds": -1, "maxConcurrency": 0, "minRetryIntervalInSeconds":
      -1, "stopRetryAfterInSeconds": -1, "needRollup": "NoRollup", "rollUpMethod":
      "None", "fillMissingPointType": "SmartFilling", "viewMode": "Private", "admins":
      ["yournamehere@microsoft.com"], "viewers": ["viewers"], "actionLinkTemplate":
      "action link template", "dataSourceParameter": {"connectionString": "connectionstring",
      "query": "select\u202f*\u202ffrom\u202fadsample2\u202fwhere\u202fTimestamp\u202f=\u202f@StartTime"}}'
    headers:
      Accept:
      - application/json
      Accept-Encoding:
      - gzip, deflate
      Connection:
      - keep-alive
      Content-Length:
      - '1311'
      Content-Type:
      - application/json
      User-Agent:
      - azsdk-python-ai-metricsadvisor/1.0.0b4 Python/3.8.6 (Windows-10-10.0.19041-SP0)
    method: POST
    uri: https://js-metrics-advisor.cognitiveservices.azure.com/metricsadvisor/v1.0/dataFeeds
  response:
    body:
      string: ''
    headers:
      apim-request-id:
      - 0ead96e2-01fc-450f-9b2e-eb0ad186e49b
      content-length:
      - '0'
      date:
      - Fri, 21 May 2021 19:56:12 GMT
      location:
      - https://js-metrics-advisor.cognitiveservices.azure.com/metricsadvisor/v1.0/dataFeeds/9fb7efe7-d04f-4a1b-9db2-c31414d603b0
      strict-transport-security:
      - max-age=31536000; includeSubDomains; preload
      x-content-type-options:
      - nosniff
      x-envoy-upstream-service-time:
      - '5916'
      x-request-id:
      - 0ead96e2-01fc-450f-9b2e-eb0ad186e49b
    status:
      code: 201
      message: Created
- request:
    body: null
    headers:
      Accept:
      - application/json
      Accept-Encoding:
      - gzip, deflate
      Connection:
      - keep-alive
      User-Agent:
      - azsdk-python-ai-metricsadvisor/1.0.0b4 Python/3.8.6 (Windows-10-10.0.19041-SP0)
    method: GET
    uri: https://js-metrics-advisor.cognitiveservices.azure.com/metricsadvisor/v1.0/dataFeeds/9fb7efe7-d04f-4a1b-9db2-c31414d603b0
  response:
    body:
      string: "{\"dataFeedId\":\"9fb7efe7-d04f-4a1b-9db2-c31414d603b0\",\"dataFeedName\":\"update722uzsc3ozricytwny\",\"metrics\":[{\"metricId\":\"05bc6282-57b2-4b90-b68f-091a9e4e6bc6\",\"metricName\":\"cost\",\"metricDisplayName\":\"display
        cost\",\"metricDescription\":\"the cost\"},{\"metricId\":\"e8f49d66-dd6f-4eeb-a3df-45691adc4774\",\"metricName\":\"revenue\",\"metricDisplayName\":\"display
        revenue\",\"metricDescription\":\"the revenue\"}],\"dimension\":[{\"dimensionName\":\"category\",\"dimensionDisplayName\":\"display
        category\"},{\"dimensionName\":\"city\",\"dimensionDisplayName\":\"display
        city\"}],\"dataStartFrom\":\"2019-10-01T00:00:00Z\",\"dataSourceType\":\"SqlServer\",\"timestampColumn\":\"Timestamp\",\"startOffsetInSeconds\":-1,\"maxQueryPerMinute\":30.0,\"granularityName\":\"Daily\",\"needRollup\":\"NoRollup\",\"fillMissingPointType\":\"SmartFilling\",\"fillMissingPointValue\":0.0,\"rollUpMethod\":\"None\",\"dataFeedDescription\":\"my
        first data feed\",\"stopRetryAfterInSeconds\":-1,\"minRetryIntervalInSeconds\":-1,\"maxConcurrency\":0,\"viewMode\":\"Private\",\"admins\":[\"krpratic@microsoft.com\",\"yournamehere@microsoft.com\"],\"viewers\":[\"viewers\"],\"creator\":\"krpratic@microsoft.com\",\"status\":\"Active\",\"createdTime\":\"2021-05-21T19:56:13Z\",\"isAdmin\":true,\"actionLinkTemplate\":\"action
        link template\",\"dataSourceParameter\":{\"query\":\"select\u202F*\u202Ffrom\u202Fadsample2\u202Fwhere\u202FTimestamp\u202F=\u202F@StartTime\"},\"authenticationType\":\"Basic\"}"
    headers:
      apim-request-id:
      - f68ecb9e-8559-4d46-9d57-50b26fabf64a
      content-length:
      - '1336'
      content-type:
      - application/json; charset=utf-8
      date:
      - Fri, 21 May 2021 19:56:12 GMT
      strict-transport-security:
      - max-age=31536000; includeSubDomains; preload
      x-content-type-options:
      - nosniff
      x-envoy-upstream-service-time:
      - '191'
      x-request-id:
      - f68ecb9e-8559-4d46-9d57-50b26fabf64a
    status:
      code: 200
      message: OK
- request:
    body: '{"dataSourceType": "SqlServer", "dataFeedName": "updateMe", "dataFeedDescription":
      "updateMe", "timestampColumn": "time", "dataStartFrom": "2020-12-10T00:00:00.000Z",
      "startOffsetInSeconds": 1, "maxConcurrency": 1, "minRetryIntervalInSeconds":
      1, "stopRetryAfterInSeconds": 1, "needRollup": "AlreadyRollup", "rollUpMethod":
      "Sum", "rollUpColumns": [], "allUpIdentification": "sumrollup", "fillMissingPointType":
      "CustomValue", "fillMissingPointValue": 2.0, "viewMode": "Public", "admins":
      ["krpratic@microsoft.com", "yournamehere@microsoft.com"], "viewers": ["updated"],
      "status": "Paused", "actionLinkTemplate": "updated", "dataSourceParameter":
      {"connectionString": "updated", "query": "get data"}}'
    headers:
      Accept:
      - application/json
      Accept-Encoding:
      - gzip, deflate
      Connection:
      - keep-alive
      Content-Length:
      - '700'
      Content-Type:
      - application/merge-patch+json
      User-Agent:
      - azsdk-python-ai-metricsadvisor/1.0.0b4 Python/3.8.6 (Windows-10-10.0.19041-SP0)
    method: PATCH
    uri: https://js-metrics-advisor.cognitiveservices.azure.com/metricsadvisor/v1.0/dataFeeds/9fb7efe7-d04f-4a1b-9db2-c31414d603b0
  response:
    body:
      string: '{"dataFeedId":"9fb7efe7-d04f-4a1b-9db2-c31414d603b0","dataFeedName":"updateMe","metrics":[{"metricId":"05bc6282-57b2-4b90-b68f-091a9e4e6bc6","metricName":"cost","metricDisplayName":"display
        cost","metricDescription":"the cost"},{"metricId":"e8f49d66-dd6f-4eeb-a3df-45691adc4774","metricName":"revenue","metricDisplayName":"display
        revenue","metricDescription":"the revenue"}],"dimension":[{"dimensionName":"category","dimensionDisplayName":"display
        category"},{"dimensionName":"city","dimensionDisplayName":"display city"}],"dataStartFrom":"2020-12-10T00:00:00Z","dataSourceType":"SqlServer","timestampColumn":"time","startOffsetInSeconds":1,"maxQueryPerMinute":30.0,"granularityName":"Daily","allUpIdentification":"sumrollup","needRollup":"AlreadyRollup","fillMissingPointType":"CustomValue","fillMissingPointValue":2.0,"rollUpMethod":"Sum","dataFeedDescription":"updateMe","stopRetryAfterInSeconds":1,"minRetryIntervalInSeconds":1,"maxConcurrency":1,"viewMode":"Public","admins":["krpratic@microsoft.com","yournamehere@microsoft.com"],"viewers":["updated"],"creator":"krpratic@microsoft.com","status":"Paused","createdTime":"2021-05-21T19:56:13Z","isAdmin":true,"actionLinkTemplate":"updated","dataSourceParameter":{"query":"get
        data"},"authenticationType":"Basic"}'
    headers:
      apim-request-id:
      - 20bbbd1e-d9a7-4fca-ba8f-162ffef8ec4b
      content-length:
      - '1267'
      content-type:
      - application/json; charset=utf-8
      date:
      - Fri, 21 May 2021 19:56:15 GMT
      strict-transport-security:
      - max-age=31536000; includeSubDomains; preload
      x-content-type-options:
      - nosniff
      x-envoy-upstream-service-time:
      - '1080'
      x-request-id:
      - 20bbbd1e-d9a7-4fca-ba8f-162ffef8ec4b
    status:
      code: 200
      message: OK
- request:
    body: null
    headers:
      Accept:
      - application/json
      Accept-Encoding:
      - gzip, deflate
      Connection:
      - keep-alive
      User-Agent:
      - azsdk-python-ai-metricsadvisor/1.0.0b4 Python/3.8.6 (Windows-10-10.0.19041-SP0)
    method: GET
    uri: https://js-metrics-advisor.cognitiveservices.azure.com/metricsadvisor/v1.0/dataFeeds/9fb7efe7-d04f-4a1b-9db2-c31414d603b0
  response:
    body:
      string: '{"dataFeedId":"9fb7efe7-d04f-4a1b-9db2-c31414d603b0","dataFeedName":"updateMe","metrics":[{"metricId":"05bc6282-57b2-4b90-b68f-091a9e4e6bc6","metricName":"cost","metricDisplayName":"display
        cost","metricDescription":"the cost"},{"metricId":"e8f49d66-dd6f-4eeb-a3df-45691adc4774","metricName":"revenue","metricDisplayName":"display
        revenue","metricDescription":"the revenue"}],"dimension":[{"dimensionName":"category","dimensionDisplayName":"display
        category"},{"dimensionName":"city","dimensionDisplayName":"display city"}],"dataStartFrom":"2020-12-10T00:00:00Z","dataSourceType":"SqlServer","timestampColumn":"time","startOffsetInSeconds":1,"maxQueryPerMinute":30.0,"granularityName":"Daily","allUpIdentification":"sumrollup","needRollup":"AlreadyRollup","fillMissingPointType":"CustomValue","fillMissingPointValue":2.0,"rollUpMethod":"Sum","dataFeedDescription":"updateMe","stopRetryAfterInSeconds":1,"minRetryIntervalInSeconds":1,"maxConcurrency":1,"viewMode":"Public","admins":["krpratic@microsoft.com","yournamehere@microsoft.com"],"viewers":["updated"],"creator":"krpratic@microsoft.com","status":"Paused","createdTime":"2021-05-21T19:56:13Z","isAdmin":true,"actionLinkTemplate":"updated","dataSourceParameter":{"query":"get
        data"},"authenticationType":"Basic"}'
    headers:
      apim-request-id:
      - 1f40f7fc-7e0b-491b-ae46-2d262825b2c6
      content-length:
      - '1267'
      content-type:
      - application/json; charset=utf-8
      date:
      - Fri, 21 May 2021 19:56:15 GMT
      strict-transport-security:
      - max-age=31536000; includeSubDomains; preload
      x-content-type-options:
      - nosniff
      x-envoy-upstream-service-time:
      - '161'
      x-request-id:
      - 1f40f7fc-7e0b-491b-ae46-2d262825b2c6
    status:
      code: 200
      message: OK
- request:
    body: null
    headers:
      Accept:
      - application/json
      Accept-Encoding:
      - gzip, deflate
      Connection:
      - keep-alive
      Content-Length:
      - '0'
      User-Agent:
      - azsdk-python-ai-metricsadvisor/1.0.0b4 Python/3.8.6 (Windows-10-10.0.19041-SP0)
    method: DELETE
    uri: https://js-metrics-advisor.cognitiveservices.azure.com/metricsadvisor/v1.0/dataFeeds/9fb7efe7-d04f-4a1b-9db2-c31414d603b0
  response:
    body:
      string: ''
    headers:
      apim-request-id:
      - 822ccaeb-8a91-43e2-b145-13c594d93ee2
      content-length:
      - '0'
      date:
      - Fri, 21 May 2021 19:56:15 GMT
      strict-transport-security:
      - max-age=31536000; includeSubDomains; preload
      x-content-type-options:
      - nosniff
      x-envoy-upstream-service-time:
      - '360'
      x-request-id:
      - 822ccaeb-8a91-43e2-b145-13c594d93ee2
    status:
      code: 204
      message: No Content
version: 1
