{
  "Entries": [
    {
      "RequestUri": "https://fakeendpoint.cognitiveservices.azure.com/metricsadvisor/v1.0/enrichment/anomalyDetection/configurations/4e78d607-3402-4d57-a232-498a5554e18a",
      "RequestMethod": "GET",
      "RequestHeaders": {
        "Accept": "application/json",
        "Accept-Encoding": "gzip, deflate",
        "Authorization": "Sanitized",
        "Connection": "keep-alive",
        "User-Agent": "azsdk-python-ai-metricsadvisor/1.1.0 Python/3.9.7 (macOS-12.2.1-x86_64-i386-64bit)",
        "x-ms-client-request-id": "8e31a366-9f03-11ec-984d-acde48001122"
      },
      "RequestBody": null,
      "StatusCode": 200,
      "ResponseHeaders": {
        "apim-request-id": "31bd23d8-0672-4dfc-b874-2ccdb80a5114",
        "Content-Length": "1230",
        "Content-Type": "application/json; charset=utf-8",
        "Date": "Tue, 08 Mar 2022 17:16:55 GMT",
        "Strict-Transport-Security": "max-age=31536000; includeSubDomains; preload",
        "X-Content-Type-Options": "nosniff",
        "x-envoy-upstream-service-time": "60",
        "X-Request-ID": "31bd23d8-0672-4dfc-b874-2ccdb80a5114"
      },
      "ResponseBody": {
        "anomalyDetectionConfigurationId": "4e78d607-3402-4d57-a232-498a5554e18a",
        "name": "detectionconfigec046ebd-c7cd-4770-8d7e-5b289144e82f",
        "description": "My test metric anomaly detection configuration",
        "metricId": "5e8f8758-63b1-4006-b087-4efa9353d30c",
        "wholeMetricConfiguration": {
          "conditionOperator": "AND",
          "smartDetectionCondition": {
            "sensitivity": 50.0,
            "anomalyDetectorDirection": "Both",
            "suppressCondition": {
              "minNumber": 5,
              "minRatio": 5.0
            }
          },
          "hardThresholdCondition": {
            "lowerBound": 0.0,
            "upperBound": 100.0,
            "anomalyDetectorDirection": "Both",
            "suppressCondition": {
              "minNumber": 5,
              "minRatio": 5.0
            }
          },
          "changeThresholdCondition": {
            "changePercentage": 50.0,
            "shiftPoint": 30,
            "anomalyDetectorDirection": "Both",
            "withinRange": true,
            "suppressCondition": {
              "minNumber": 2,
              "minRatio": 2.0
            }
          }
        },
        "dimensionGroupOverrideConfigurations": [
          {
            "group": {
              "dimension": {
                "region": "Beijing"
              }
            },
            "smartDetectionCondition": {
              "sensitivity": 63.0,
              "anomalyDetectorDirection": "Both",
              "suppressCondition": {
                "minNumber": 1,
                "minRatio": 100.0
              }
            }
          }
        ],
        "seriesOverrideConfigurations": [
          {
            "series": {
              "dimension": {
                "region": "Beijing",
                "category": "Shoes Handbags \u0026 Sunglasses"
              }
            },
            "smartDetectionCondition": {
              "sensitivity": 63.0,
              "anomalyDetectorDirection": "Both",
              "suppressCondition": {
                "minNumber": 1,
                "minRatio": 100.0
              }
            }
          }
        ]
      }
    },
    {
      "RequestUri": "https://fakeendpoint.cognitiveservices.azure.com/metricsadvisor/v1.0/enrichment/anomalyDetection/configurations/4e78d607-3402-4d57-a232-498a5554e18a",
      "RequestMethod": "PATCH",
      "RequestHeaders": {
        "Accept": "application/json",
        "Accept-Encoding": "gzip, deflate",
        "Authorization": "Sanitized",
        "Connection": "keep-alive",
        "Content-Length": "1809",
        "Content-Type": "application/merge-patch\u002Bjson",
        "User-Agent": "azsdk-python-ai-metricsadvisor/1.1.0 Python/3.9.7 (macOS-12.2.1-x86_64-i386-64bit)",
        "x-ms-client-request-id": "8e513898-9f03-11ec-984d-acde48001122"
      },
      "RequestBody": {
        "name": "update947238a1-2964-4d08-8262-9338bf8136ae",
        "description": "updated",
        "wholeMetricConfiguration": {
          "conditionOperator": "OR",
          "smartDetectionCondition": {
            "sensitivity": 10.0,
            "anomalyDetectorDirection": "Up",
            "suppressCondition": {
              "minNumber": 5,
              "minRatio": 2.0
            }
          },
          "hardThresholdCondition": {
            "upperBound": 100.0,
            "anomalyDetectorDirection": "Up",
            "suppressCondition": {
              "minNumber": 5,
              "minRatio": 2.0
            }
          },
          "changeThresholdCondition": {
            "changePercentage": 20.0,
            "shiftPoint": 10,
            "withinRange": true,
            "anomalyDetectorDirection": "Both",
            "suppressCondition": {
              "minNumber": 5,
              "minRatio": 2.0
            }
          }
        },
        "dimensionGroupOverrideConfigurations": [
          {
            "conditionOperator": "AND",
            "smartDetectionCondition": {
              "sensitivity": 10.0,
              "anomalyDetectorDirection": "Up",
              "suppressCondition": {
                "minNumber": 5,
                "minRatio": 2.0
              }
            },
            "hardThresholdCondition": {
              "upperBound": 100.0,
              "anomalyDetectorDirection": "Up",
              "suppressCondition": {
                "minNumber": 5,
                "minRatio": 2.0
              }
            },
            "changeThresholdCondition": {
              "changePercentage": 20.0,
              "shiftPoint": 10,
              "withinRange": true,
              "anomalyDetectorDirection": "Both",
              "suppressCondition": {
                "minNumber": 5,
                "minRatio": 2.0
              }
            },
            "group": {
              "dimension": {
                "region": "Beijing"
              }
            }
          }
        ],
        "seriesOverrideConfigurations": [
          {
            "conditionOperator": "AND",
            "smartDetectionCondition": {
              "sensitivity": 10.0,
              "anomalyDetectorDirection": "Up",
              "suppressCondition": {
                "minNumber": 5,
                "minRatio": 2.0
              }
            },
            "hardThresholdCondition": {
              "upperBound": 100.0,
              "anomalyDetectorDirection": "Up",
              "suppressCondition": {
                "minNumber": 5,
                "minRatio": 2.0
              }
            },
            "changeThresholdCondition": {
              "changePercentage": 20.0,
              "shiftPoint": 10,
              "withinRange": true,
              "anomalyDetectorDirection": "Both",
              "suppressCondition": {
                "minNumber": 5,
                "minRatio": 2.0
              }
            },
            "series": {
              "dimension": {
                "region": "Beijing",
                "category": "Shoes Handbags \u0026 Sunglasses"
              }
            }
          }
        ]
      },
      "StatusCode": 200,
      "ResponseHeaders": {
        "apim-request-id": "507e26b2-f22b-469c-aef3-1ebd9042e2d9",
        "Content-Length": "1808",
        "Content-Type": "application/json; charset=utf-8",
        "Date": "Tue, 08 Mar 2022 17:16:56 GMT",
        "Strict-Transport-Security": "max-age=31536000; includeSubDomains; preload",
        "X-Content-Type-Options": "nosniff",
        "x-envoy-upstream-service-time": "272",
        "X-Request-ID": "507e26b2-f22b-469c-aef3-1ebd9042e2d9"
      },
      "ResponseBody": {
        "anomalyDetectionConfigurationId": "4e78d607-3402-4d57-a232-498a5554e18a",
        "name": "update947238a1-2964-4d08-8262-9338bf8136ae",
        "description": "updated",
        "metricId": "5e8f8758-63b1-4006-b087-4efa9353d30c",
        "wholeMetricConfiguration": {
          "conditionOperator": "OR",
          "smartDetectionCondition": {
            "sensitivity": 10.0,
            "anomalyDetectorDirection": "Up",
            "suppressCondition": {
              "minNumber": 5,
              "minRatio": 2.0
            }
          },
          "hardThresholdCondition": {
            "upperBound": 100.0,
            "anomalyDetectorDirection": "Up",
            "suppressCondition": {
              "minNumber": 5,
              "minRatio": 2.0
            }
          },
          "changeThresholdCondition": {
            "changePercentage": 20.0,
            "shiftPoint": 10,
            "anomalyDetectorDirection": "Both",
            "withinRange": true,
            "suppressCondition": {
              "minNumber": 5,
              "minRatio": 2.0
            }
          }
        },
        "dimensionGroupOverrideConfigurations": [
          {
            "group": {
              "dimension": {
                "region": "Beijing"
              }
            },
            "conditionOperator": "AND",
            "smartDetectionCondition": {
              "sensitivity": 10.0,
              "anomalyDetectorDirection": "Up",
              "suppressCondition": {
                "minNumber": 5,
                "minRatio": 2.0
              }
            },
            "hardThresholdCondition": {
              "upperBound": 100.0,
              "anomalyDetectorDirection": "Up",
              "suppressCondition": {
                "minNumber": 5,
                "minRatio": 2.0
              }
            },
            "changeThresholdCondition": {
              "changePercentage": 20.0,
              "shiftPoint": 10,
              "anomalyDetectorDirection": "Both",
              "withinRange": true,
              "suppressCondition": {
                "minNumber": 5,
                "minRatio": 2.0
              }
            }
          }
        ],
        "seriesOverrideConfigurations": [
          {
            "series": {
              "dimension": {
                "region": "Beijing",
                "category": "Shoes Handbags \u0026 Sunglasses"
              }
            },
            "conditionOperator": "AND",
            "smartDetectionCondition": {
              "sensitivity": 10.0,
              "anomalyDetectorDirection": "Up",
              "suppressCondition": {
                "minNumber": 5,
                "minRatio": 2.0
              }
            },
            "hardThresholdCondition": {
              "upperBound": 100.0,
              "anomalyDetectorDirection": "Up",
              "suppressCondition": {
                "minNumber": 5,
                "minRatio": 2.0
              }
            },
            "changeThresholdCondition": {
              "changePercentage": 20.0,
              "shiftPoint": 10,
              "anomalyDetectorDirection": "Both",
              "withinRange": true,
              "suppressCondition": {
                "minNumber": 5,
                "minRatio": 2.0
              }
            }
          }
        ]
      }
    },
    {
      "RequestUri": "https://fakeendpoint.cognitiveservices.azure.com/metricsadvisor/v1.0/enrichment/anomalyDetection/configurations/4e78d607-3402-4d57-a232-498a5554e18a",
      "RequestMethod": "GET",
      "RequestHeaders": {
        "Accept": "application/json",
        "Accept-Encoding": "gzip, deflate",
        "Authorization": "Sanitized",
        "Connection": "keep-alive",
        "User-Agent": "azsdk-python-ai-metricsadvisor/1.1.0 Python/3.9.7 (macOS-12.2.1-x86_64-i386-64bit)",
        "x-ms-client-request-id": "8e926dae-9f03-11ec-984d-acde48001122"
      },
      "RequestBody": null,
      "StatusCode": 200,
      "ResponseHeaders": {
        "apim-request-id": "96ffa6c6-9141-4444-9f93-fc9c20ce2ce3",
        "Content-Length": "1808",
        "Content-Type": "application/json; charset=utf-8",
        "Date": "Tue, 08 Mar 2022 17:16:56 GMT",
        "Strict-Transport-Security": "max-age=31536000; includeSubDomains; preload",
        "X-Content-Type-Options": "nosniff",
        "x-envoy-upstream-service-time": "56",
        "X-Request-ID": "96ffa6c6-9141-4444-9f93-fc9c20ce2ce3"
      },
      "ResponseBody": {
        "anomalyDetectionConfigurationId": "4e78d607-3402-4d57-a232-498a5554e18a",
        "name": "update947238a1-2964-4d08-8262-9338bf8136ae",
        "description": "updated",
        "metricId": "5e8f8758-63b1-4006-b087-4efa9353d30c",
        "wholeMetricConfiguration": {
          "conditionOperator": "OR",
          "smartDetectionCondition": {
            "sensitivity": 10.0,
            "anomalyDetectorDirection": "Up",
            "suppressCondition": {
              "minNumber": 5,
              "minRatio": 2.0
            }
          },
          "hardThresholdCondition": {
            "upperBound": 100.0,
            "anomalyDetectorDirection": "Up",
            "suppressCondition": {
              "minNumber": 5,
              "minRatio": 2.0
            }
          },
          "changeThresholdCondition": {
            "changePercentage": 20.0,
            "shiftPoint": 10,
            "anomalyDetectorDirection": "Both",
            "withinRange": true,
            "suppressCondition": {
              "minNumber": 5,
              "minRatio": 2.0
            }
          }
        },
        "dimensionGroupOverrideConfigurations": [
          {
            "group": {
              "dimension": {
                "region": "Beijing"
              }
            },
            "conditionOperator": "AND",
            "smartDetectionCondition": {
              "sensitivity": 10.0,
              "anomalyDetectorDirection": "Up",
              "suppressCondition": {
                "minNumber": 5,
                "minRatio": 2.0
              }
            },
            "hardThresholdCondition": {
              "upperBound": 100.0,
              "anomalyDetectorDirection": "Up",
              "suppressCondition": {
                "minNumber": 5,
                "minRatio": 2.0
              }
            },
            "changeThresholdCondition": {
              "changePercentage": 20.0,
              "shiftPoint": 10,
              "anomalyDetectorDirection": "Both",
              "withinRange": true,
              "suppressCondition": {
                "minNumber": 5,
                "minRatio": 2.0
              }
            }
          }
        ],
        "seriesOverrideConfigurations": [
          {
            "series": {
              "dimension": {
                "region": "Beijing",
                "category": "Shoes Handbags \u0026 Sunglasses"
              }
            },
            "conditionOperator": "AND",
            "smartDetectionCondition": {
              "sensitivity": 10.0,
              "anomalyDetectorDirection": "Up",
              "suppressCondition": {
                "minNumber": 5,
                "minRatio": 2.0
              }
            },
            "hardThresholdCondition": {
              "upperBound": 100.0,
              "anomalyDetectorDirection": "Up",
              "suppressCondition": {
                "minNumber": 5,
                "minRatio": 2.0
              }
            },
            "changeThresholdCondition": {
              "changePercentage": 20.0,
              "shiftPoint": 10,
              "anomalyDetectorDirection": "Both",
              "withinRange": true,
              "suppressCondition": {
                "minNumber": 5,
                "minRatio": 2.0
              }
            }
          }
        ]
      }
    },
    {
      "RequestUri": "https://fakeendpoint.cognitiveservices.azure.com/metricsadvisor/v1.0/dataFeeds/b7d43034-3366-40ef-bcfa-bb062b90d9c4",
      "RequestMethod": "DELETE",
      "RequestHeaders": {
        "Accept": "application/json",
        "Accept-Encoding": "gzip, deflate",
        "Authorization": "Sanitized",
        "Connection": "keep-alive",
        "Content-Length": "0",
        "User-Agent": "azsdk-python-ai-metricsadvisor/1.1.0 Python/3.9.7 (macOS-12.2.1-x86_64-i386-64bit)",
        "x-ms-client-request-id": "8eab2330-9f03-11ec-984d-acde48001122"
      },
      "RequestBody": null,
      "StatusCode": 204,
      "ResponseHeaders": {
        "apim-request-id": "e7ed91c5-4214-45ef-b708-fa119feeb567",
        "Content-Length": "0",
        "Date": "Tue, 08 Mar 2022 17:16:56 GMT",
        "Strict-Transport-Security": "max-age=31536000; includeSubDomains; preload",
        "X-Content-Type-Options": "nosniff",
        "x-envoy-upstream-service-time": "273",
        "X-Request-ID": "e7ed91c5-4214-45ef-b708-fa119feeb567"
      },
      "ResponseBody": null
    }
  ],
  "Variables": {
    "data_feed_id": "b7d43034-3366-40ef-bcfa-bb062b90d9c4",
    "data_feed_metric_id": "5e8f8758-63b1-4006-b087-4efa9353d30c",
    "data_feed_name": "datafeedab371192-27de-4e9d-b1ca-1d9504f45098",
    "data_feed_updated_name": "update947238a1-2964-4d08-8262-9338bf8136ae",
    "detection_config_id": "4e78d607-3402-4d57-a232-498a5554e18a",
    "detection_config_name": "detectionconfigec046ebd-c7cd-4770-8d7e-5b289144e82f"
  }
}
