interactions:
- request:
    body: '{"dataSourceType": "AzureBlob", "dataFeedName": "blobfeed40d0156c", "granularityName":
      "Daily", "metrics": [{"metricName": "cost"}, {"metricName": "revenue"}], "dimension":
      [{"dimensionName": "category"}, {"dimensionName": "city"}], "dataStartFrom":
      "2019-10-01T00:00:00.000Z", "startOffsetInSeconds": 0, "maxConcurrency": -1,
      "minRetryIntervalInSeconds": -1, "stopRetryAfterInSeconds": -1, "dataSourceParameter":
      {"connectionString": "connectionstring", "container": "adsample", "blobTemplate":
      "%Y/%m/%d/%h/JsonFormatV2.json"}}'
    headers:
      Accept:
      - application/json
      Accept-Encoding:
      - gzip, deflate
      Connection:
      - keep-alive
      Content-Length:
      - '899'
      Content-Type:
      - application/json
      User-Agent:
      - azsdk-python-ai-metricsadvisor/1.0.0b4 Python/3.8.6 (Windows-10-10.0.19041-SP0)
    method: POST
    uri: https://js-metrics-advisor.cognitiveservices.azure.com/metricsadvisor/v1.0/dataFeeds
  response:
    body:
      string: ''
    headers:
      apim-request-id:
      - 18ce9a71-75e9-4ae6-93fc-c4cebd7c1e1c
      content-length:
      - '0'
      date:
      - Fri, 21 May 2021 19:46:51 GMT
      location:
      - https://js-metrics-advisor.cognitiveservices.azure.com/metricsadvisor/v1.0/dataFeeds/b6a35dc9-0664-42ba-aeeb-153dfbefd67a
      strict-transport-security:
      - max-age=31536000; includeSubDomains; preload
      x-content-type-options:
      - nosniff
      x-envoy-upstream-service-time:
      - '539'
      x-request-id:
      - 18ce9a71-75e9-4ae6-93fc-c4cebd7c1e1c
    status:
      code: 201
      message: Created
- request:
    body: null
    headers:
      Accept:
      - application/json
      Accept-Encoding:
      - gzip, deflate
      Connection:
      - keep-alive
      User-Agent:
      - azsdk-python-ai-metricsadvisor/1.0.0b4 Python/3.8.6 (Windows-10-10.0.19041-SP0)
    method: GET
    uri: https://js-metrics-advisor.cognitiveservices.azure.com/metricsadvisor/v1.0/dataFeeds/b6a35dc9-0664-42ba-aeeb-153dfbefd67a
  response:
    body:
      string: '{"dataFeedId":"b6a35dc9-0664-42ba-aeeb-153dfbefd67a","dataFeedName":"blobfeed40d0156c","metrics":[{"metricId":"817ce09f-c9b9-4d3f-92ee-f79601dae6a5","metricName":"cost","metricDisplayName":"cost","metricDescription":""},{"metricId":"0d3bd69f-d36d-4151-bb26-a6bd213e1f5e","metricName":"revenue","metricDisplayName":"revenue","metricDescription":""}],"dimension":[{"dimensionName":"category","dimensionDisplayName":"category"},{"dimensionName":"city","dimensionDisplayName":"city"}],"dataStartFrom":"2019-10-01T00:00:00Z","dataSourceType":"AzureBlob","timestampColumn":"","startOffsetInSeconds":0,"maxQueryPerMinute":30.0,"granularityName":"Daily","needRollup":"NoRollup","fillMissingPointType":"PreviousValue","fillMissingPointValue":0.0,"rollUpMethod":"None","dataFeedDescription":"","stopRetryAfterInSeconds":-1,"minRetryIntervalInSeconds":-1,"maxConcurrency":-1,"viewMode":"Private","admins":["krpratic@microsoft.com"],"viewers":[],"creator":"krpratic@microsoft.com","status":"Active","createdTime":"2021-05-21T19:46:51Z","isAdmin":true,"actionLinkTemplate":"","dataSourceParameter":{"container":"adsample","blobTemplate":"%Y/%m/%d/%h/JsonFormatV2.json"},"authenticationType":"Basic"}'
    headers:
      apim-request-id:
      - 280725b8-9fee-4cf7-a6db-528cf74f3740
      content-length:
      - '1186'
      content-type:
      - application/json; charset=utf-8
      date:
      - Fri, 21 May 2021 19:46:51 GMT
      strict-transport-security:
      - max-age=31536000; includeSubDomains; preload
      x-content-type-options:
      - nosniff
      x-envoy-upstream-service-time:
      - '167'
      x-request-id:
      - 280725b8-9fee-4cf7-a6db-528cf74f3740
    status:
      code: 200
      message: OK
- request:
    body: null
    headers:
      Accept:
      - application/json
      Accept-Encoding:
      - gzip, deflate
      Connection:
      - keep-alive
      Content-Length:
      - '0'
      User-Agent:
      - azsdk-python-ai-metricsadvisor/1.0.0b4 Python/3.8.6 (Windows-10-10.0.19041-SP0)
    method: DELETE
    uri: https://js-metrics-advisor.cognitiveservices.azure.com/metricsadvisor/v1.0/dataFeeds/b6a35dc9-0664-42ba-aeeb-153dfbefd67a
  response:
    body:
      string: ''
    headers:
      apim-request-id:
      - 8bb37dd3-3e2a-4137-8e20-76d231002432
      content-length:
      - '0'
      date:
      - Fri, 21 May 2021 19:46:52 GMT
      strict-transport-security:
      - max-age=31536000; includeSubDomains; preload
      x-content-type-options:
      - nosniff
      x-envoy-upstream-service-time:
      - '392'
      x-request-id:
      - 8bb37dd3-3e2a-4137-8e20-76d231002432
    status:
      code: 204
      message: No Content
version: 1
