interactions:
- request:
    body: '{"dataSourceCredentialType": "ServicePrincipalInKV", "dataSourceCredentialName":
      "testserviceprincipalcredential1cc51d4a", "dataSourceCredentialDescription":
      "my credential entity", "parameters": {"keyVaultEndpoint": "key_vault_endpoint",
      "keyVaultClientId": "key_vault_client_id", "keyVaultClientSecret": "key_vault_client_secret",
      "servicePrincipalIdNameInKV": "service_principal_id_name_in_kv", "servicePrincipalSecretNameInKV":
      "service_principal_secret_name_in_kv", "tenantId": "tenant_id"}}'
    headers:
      Accept:
      - application/json
      Accept-Encoding:
      - gzip, deflate
      Connection:
      - keep-alive
      Content-Length:
      - '496'
      Content-Type:
      - application/json
      User-Agent:
      - azsdk-python-ai-metricsadvisor/1.0.0b4 Python/3.8.6 (Windows-10-10.0.19041-SP0)
    method: POST
    uri: https://js-metrics-advisor.cognitiveservices.azure.com/metricsadvisor/v1.0/credentials
  response:
    body:
      string: ''
    headers:
      apim-request-id:
      - ee023242-6bd3-4907-8ae5-de5e0b38c11e
      content-length:
      - '0'
      date:
      - Tue, 25 May 2021 18:15:31 GMT
      location:
      - https://js-metrics-advisor.cognitiveservices.azure.com/metricsadvisor/v1.0/credentials/a35a1ee8-8116-41f6-a46c-0a1904ae89c9
      strict-transport-security:
      - max-age=31536000; includeSubDomains; preload
      x-content-type-options:
      - nosniff
      x-envoy-upstream-service-time:
      - '590'
      x-request-id:
      - ee023242-6bd3-4907-8ae5-de5e0b38c11e
    status:
      code: 201
      message: Created
- request:
    body: null
    headers:
      Accept:
      - application/json
      Accept-Encoding:
      - gzip, deflate
      Connection:
      - keep-alive
      User-Agent:
      - azsdk-python-ai-metricsadvisor/1.0.0b4 Python/3.8.6 (Windows-10-10.0.19041-SP0)
    method: GET
    uri: https://js-metrics-advisor.cognitiveservices.azure.com/metricsadvisor/v1.0/credentials/a35a1ee8-8116-41f6-a46c-0a1904ae89c9
  response:
    body:
      string: '{"dataSourceCredentialId":"a35a1ee8-8116-41f6-a46c-0a1904ae89c9","dataSourceCredentialName":"testserviceprincipalcredential1cc51d4a","dataSourceCredentialDescription":"my
        credential entity","dataSourceCredentialType":"ServicePrincipalInKV","parameters":{"servicePrincipalSecretNameInKV":"service_principal_secret_name_in_kv","servicePrincipalIdNameInKV":"service_principal_id_name_in_kv","tenantId":"tenant_id","keyVaultClientId":"key_vault_client_id","keyVaultEndpoint":"key_vault_endpoint"}}'
    headers:
      apim-request-id:
      - 1fb2d8b5-202b-42e4-8e2d-c4ee85456e47
      content-length:
      - '493'
      content-type:
      - application/json; charset=utf-8
      date:
      - Tue, 25 May 2021 18:15:31 GMT
      strict-transport-security:
      - max-age=31536000; includeSubDomains; preload
      x-content-type-options:
      - nosniff
      x-envoy-upstream-service-time:
      - '71'
      x-request-id:
      - 1fb2d8b5-202b-42e4-8e2d-c4ee85456e47
    status:
      code: 200
      message: OK
- request:
    body: null
    headers:
      Accept:
      - application/json
      Accept-Encoding:
      - gzip, deflate
      Connection:
      - keep-alive
      Content-Length:
      - '0'
      User-Agent:
      - azsdk-python-ai-metricsadvisor/1.0.0b4 Python/3.8.6 (Windows-10-10.0.19041-SP0)
    method: DELETE
    uri: https://js-metrics-advisor.cognitiveservices.azure.com/metricsadvisor/v1.0/credentials/a35a1ee8-8116-41f6-a46c-0a1904ae89c9
  response:
    body:
      string: ''
    headers:
      apim-request-id:
      - 511d2943-2014-412f-aea2-eb8ab72c374e
      content-length:
      - '0'
      date:
      - Tue, 25 May 2021 18:15:31 GMT
      strict-transport-security:
      - max-age=31536000; includeSubDomains; preload
      x-content-type-options:
      - nosniff
      x-envoy-upstream-service-time:
      - '195'
      x-request-id:
      - 511d2943-2014-412f-aea2-eb8ab72c374e
    status:
      code: 204
      message: No Content
version: 1
