interactions:
- request:
    body: '{"hookType": "Email", "hookName": "testemailhooke6240d7c", "description":
      "my email hook", "externalLink": "external link", "hookParameter": {"toList":
      ["yournamehere@microsoft.com"]}}'
    headers:
      Accept:
      - application/json
      Accept-Encoding:
      - gzip, deflate
      Connection:
      - keep-alive
      Content-Length:
      - '184'
      Content-Type:
      - application/json
      User-Agent:
      - azsdk-python-ai-metricsadvisor/1.0.0b2 Python/3.8.5 (Windows-10-10.0.19041-SP0)
    method: POST
    uri: https://js-metrics-advisor.cognitiveservices.azure.com/metricsadvisor/v1.0/hooks
  response:
    body:
      string: ''
    headers:
      apim-request-id:
      - 4a854957-edeb-4d49-8306-76c56207be48
      content-length:
      - '0'
      date:
      - Mon, 26 Oct 2020 17:36:09 GMT
      location:
      - https://js-metrics-advisor.cognitiveservices.azure.com/metricsadvisor/v1.0/hooks/e69083d2-9795-401d-86b6-70c08fe034e8
      strict-transport-security:
      - max-age=31536000; includeSubDomains; preload
      x-content-type-options:
      - nosniff
      x-envoy-upstream-service-time:
      - '533'
      x-request-id:
      - 4a854957-edeb-4d49-8306-76c56207be48
    status:
      code: 201
      message: Created
- request:
    body: null
    headers:
      Accept:
      - application/json
      Accept-Encoding:
      - gzip, deflate
      Connection:
      - keep-alive
      User-Agent:
      - azsdk-python-ai-metricsadvisor/1.0.0b2 Python/3.8.5 (Windows-10-10.0.19041-SP0)
    method: GET
    uri: https://js-metrics-advisor.cognitiveservices.azure.com/metricsadvisor/v1.0/hooks/e69083d2-9795-401d-86b6-70c08fe034e8
  response:
    body:
      string: '{"hookId":"e69083d2-9795-401d-86b6-70c08fe034e8","hookName":"testemailhooke6240d7c","hookType":"Email","externalLink":"external
        link","description":"my email hook","admins":["krpratic@microsoft.com"],"hookParameter":{"toList":["yournamehere@microsoft.com"]}}'
    headers:
      apim-request-id:
      - 96f0504f-01d9-49f2-869f-616a992ff1e5
      content-length:
      - '258'
      content-type:
      - application/json; charset=utf-8
      date:
      - Mon, 26 Oct 2020 17:36:09 GMT
      strict-transport-security:
      - max-age=31536000; includeSubDomains; preload
      x-content-type-options:
      - nosniff
      x-envoy-upstream-service-time:
      - '159'
      x-request-id:
      - 96f0504f-01d9-49f2-869f-616a992ff1e5
    status:
      code: 200
      message: OK
- request:
    body: null
    headers:
      Accept:
      - application/json
      Accept-Encoding:
      - gzip, deflate
      Connection:
      - keep-alive
      Content-Length:
      - '0'
      User-Agent:
      - azsdk-python-ai-metricsadvisor/1.0.0b2 Python/3.8.5 (Windows-10-10.0.19041-SP0)
    method: DELETE
    uri: https://js-metrics-advisor.cognitiveservices.azure.com/metricsadvisor/v1.0/hooks/e69083d2-9795-401d-86b6-70c08fe034e8
  response:
    body:
      string: ''
    headers:
      apim-request-id:
      - d6791c62-989a-4fcf-a69d-fc00a996df3c
      content-length:
      - '0'
      date:
      - Mon, 26 Oct 2020 17:36:10 GMT
      strict-transport-security:
      - max-age=31536000; includeSubDomains; preload
      x-content-type-options:
      - nosniff
      x-envoy-upstream-service-time:
      - '164'
      x-request-id:
      - d6791c62-989a-4fcf-a69d-fc00a996df3c
    status:
      code: 204
      message: No Content
- request:
    body: null
    headers:
      Accept:
      - application/json
      Accept-Encoding:
      - gzip, deflate
      Connection:
      - keep-alive
      User-Agent:
      - azsdk-python-ai-metricsadvisor/1.0.0b2 Python/3.8.5 (Windows-10-10.0.19041-SP0)
    method: GET
    uri: https://js-metrics-advisor.cognitiveservices.azure.com/metricsadvisor/v1.0/hooks/e69083d2-9795-401d-86b6-70c08fe034e8
  response:
    body:
      string: '{"code":"ERROR_INVALID_PARAMETER","message":"hookId is invalid."}'
    headers:
      apim-request-id:
      - 0c66ad72-de17-465f-9ac4-c676a2d93ab5
      content-length:
      - '65'
      content-type:
      - application/json; charset=utf-8
      date:
      - Mon, 26 Oct 2020 17:36:10 GMT
      strict-transport-security:
      - max-age=31536000; includeSubDomains; preload
      x-content-type-options:
      - nosniff
      x-envoy-upstream-service-time:
      - '80'
      x-request-id:
      - 0c66ad72-de17-465f-9ac4-c676a2d93ab5
    status:
      code: 404
      message: Not Found
version: 1
