interactions:
- request:
    body: '{"dataSourceType": "SqlServer", "dataFeedName": "adconfig51ad2127", "granularityName":
      "Daily", "metrics": [{"metricName": "cost"}, {"metricName": "revenue"}], "dimension":
      [{"dimensionName": "category"}, {"dimensionName": "city"}], "dataStartFrom":
      "2019-10-01T00:00:00.000Z", "startOffsetInSeconds": 0, "maxConcurrency": -1,
      "minRetryIntervalInSeconds": -1, "stopRetryAfterInSeconds": -1, "dataSourceParameter":
      {"connectionString": "connectionstring", "query": "select\u202f*\u202ffrom\u202fadsample2\u202fwhere\u202fTimestamp\u202f=\u202f@StartTime"}}'
    headers:
      Accept:
      - application/json
      Accept-Encoding:
      - gzip, deflate
      Connection:
      - keep-alive
      Content-Length:
      - '771'
      Content-Type:
      - application/json
      User-Agent:
      - azsdk-python-ai-metricsadvisor/1.0.0b2 Python/3.9.0 (Windows-10-10.0.19041-SP0)
    method: POST
    uri: https://js-metrics-advisor.cognitiveservices.azure.com/metricsadvisor/v1.0/dataFeeds
  response:
    body:
      string: ''
    headers:
      apim-request-id:
      - 0a925b8f-1696-43a0-a3e5-9d680072964d
      content-length:
      - '0'
      date:
      - Thu, 22 Oct 2020 15:51:05 GMT
      location:
      - https://js-metrics-advisor.cognitiveservices.azure.com/metricsadvisor/v1.0/dataFeeds/6a1bc7e2-d745-47ca-ad70-965a538c20c7
      strict-transport-security:
      - max-age=31536000; includeSubDomains; preload
      x-content-type-options:
      - nosniff
      x-envoy-upstream-service-time:
      - '457'
      x-request-id:
      - 0a925b8f-1696-43a0-a3e5-9d680072964d
    status:
      code: 201
      message: Created
- request:
    body: null
    headers:
      Accept:
      - application/json
      Accept-Encoding:
      - gzip, deflate
      Connection:
      - keep-alive
      User-Agent:
      - azsdk-python-ai-metricsadvisor/1.0.0b2 Python/3.9.0 (Windows-10-10.0.19041-SP0)
    method: GET
    uri: https://js-metrics-advisor.cognitiveservices.azure.com/metricsadvisor/v1.0/dataFeeds/6a1bc7e2-d745-47ca-ad70-965a538c20c7
  response:
    body:
      string: "{\"dataFeedId\":\"6a1bc7e2-d745-47ca-ad70-965a538c20c7\",\"dataFeedName\"\
        :\"adconfig51ad2127\",\"metrics\":[{\"metricId\":\"d5001dab-6f19-4dc2-aa55-323ab43958be\"\
        ,\"metricName\":\"cost\",\"metricDisplayName\":\"cost\",\"metricDescription\"\
        :\"\"},{\"metricId\":\"8d782199-372e-4148-bcc0-f624128f11ef\",\"metricName\"\
        :\"revenue\",\"metricDisplayName\":\"revenue\",\"metricDescription\":\"\"\
        }],\"dimension\":[{\"dimensionName\":\"category\",\"dimensionDisplayName\"\
        :\"category\"},{\"dimensionName\":\"city\",\"dimensionDisplayName\":\"city\"\
        }],\"dataStartFrom\":\"2019-10-01T00:00:00Z\",\"dataSourceType\":\"SqlServer\"\
        ,\"timestampColumn\":\"\",\"startOffsetInSeconds\":0,\"maxQueryPerMinute\"\
        :30.0,\"granularityName\":\"Daily\",\"granularityAmount\":null,\"allUpIdentification\"\
        :null,\"needRollup\":\"NoRollup\",\"fillMissingPointType\":\"PreviousValue\"\
        ,\"fillMissingPointValue\":0.0,\"rollUpMethod\":\"None\",\"rollUpColumns\"\
        :[],\"dataFeedDescription\":\"\",\"stopRetryAfterInSeconds\":-1,\"minRetryIntervalInSeconds\"\
        :-1,\"maxConcurrency\":-1,\"viewMode\":\"Private\",\"admins\":[\"krpratic@microsoft.com\"\
        ],\"viewers\":[],\"creator\":\"krpratic@microsoft.com\",\"status\":\"Active\"\
        ,\"createdTime\":\"2020-10-22T15:51:05Z\",\"isAdmin\":true,\"actionLinkTemplate\"\
        :\"\",\"dataSourceParameter\":{\"connectionString\":\"connectionstring\",\"\
        query\":\"select\u202F*\u202Ffrom\u202Fadsample2\u202Fwhere\u202FTimestamp\u202F\
        =\u202F@StartTime\"}}"
    headers:
      apim-request-id:
      - 5b819354-1736-422e-8cab-7a9bedacc396
      content-length:
      - '1489'
      content-type:
      - application/json; charset=utf-8
      date:
      - Thu, 22 Oct 2020 15:51:05 GMT
      strict-transport-security:
      - max-age=31536000; includeSubDomains; preload
      x-content-type-options:
      - nosniff
      x-envoy-upstream-service-time:
      - '162'
      x-request-id:
      - 5b819354-1736-422e-8cab-7a9bedacc396
    status:
      code: 200
      message: OK
- request:
    body: '{"name": "testdetectionconfig51ad2127", "description": "My test metric
      anomaly detection configuration", "metricId": "d5001dab-6f19-4dc2-aa55-323ab43958be",
      "wholeMetricConfiguration": {"conditionOperator": "OR", "smartDetectionCondition":
      {"sensitivity": 50.0, "anomalyDetectorDirection": "Both", "suppressCondition":
      {"minNumber": 50, "minRatio": 50.0}}, "hardThresholdCondition": {"lowerBound":
      0.0, "upperBound": 100.0, "anomalyDetectorDirection": "Both", "suppressCondition":
      {"minNumber": 5, "minRatio": 5.0}}, "changeThresholdCondition": {"changePercentage":
      50.0, "shiftPoint": 30, "withinRange": true, "anomalyDetectorDirection": "Both",
      "suppressCondition": {"minNumber": 2, "minRatio": 2.0}}}}'
    headers:
      Accept:
      - application/json
      Accept-Encoding:
      - gzip, deflate
      Connection:
      - keep-alive
      Content-Length:
      - '704'
      Content-Type:
      - application/json
      User-Agent:
      - azsdk-python-ai-metricsadvisor/1.0.0b2 Python/3.9.0 (Windows-10-10.0.19041-SP0)
    method: POST
    uri: https://js-metrics-advisor.cognitiveservices.azure.com/metricsadvisor/v1.0/enrichment/anomalyDetection/configurations
  response:
    body:
      string: ''
    headers:
      apim-request-id:
      - 7192bfdd-4a0d-437e-8182-92c95c4a32dc
      content-length:
      - '0'
      date:
      - Thu, 22 Oct 2020 15:51:05 GMT
      location:
      - https://js-metrics-advisor.cognitiveservices.azure.com/metricsadvisor/v1.0/enrichment/anomalyDetection/configurations/296e8fe9-7bb9-4047-8975-6f12e9608881
      strict-transport-security:
      - max-age=31536000; includeSubDomains; preload
      x-content-type-options:
      - nosniff
      x-envoy-upstream-service-time:
      - '119'
      x-request-id:
      - 7192bfdd-4a0d-437e-8182-92c95c4a32dc
    status:
      code: 201
      message: Created
- request:
    body: null
    headers:
      Accept:
      - application/json
      Accept-Encoding:
      - gzip, deflate
      Connection:
      - keep-alive
      User-Agent:
      - azsdk-python-ai-metricsadvisor/1.0.0b2 Python/3.9.0 (Windows-10-10.0.19041-SP0)
    method: GET
    uri: https://js-metrics-advisor.cognitiveservices.azure.com/metricsadvisor/v1.0/enrichment/anomalyDetection/configurations/296e8fe9-7bb9-4047-8975-6f12e9608881
  response:
    body:
      string: '{"anomalyDetectionConfigurationId":"296e8fe9-7bb9-4047-8975-6f12e9608881","name":"testdetectionconfig51ad2127","description":"My
        test metric anomaly detection configuration","metricId":"d5001dab-6f19-4dc2-aa55-323ab43958be","wholeMetricConfiguration":{"conditionOperator":"OR","smartDetectionCondition":{"sensitivity":50.0,"anomalyDetectorDirection":"Both","suppressCondition":{"minNumber":50,"minRatio":50.0}},"hardThresholdCondition":{"lowerBound":0.0,"upperBound":100.0,"anomalyDetectorDirection":"Both","suppressCondition":{"minNumber":5,"minRatio":5.0}},"changeThresholdCondition":{"changePercentage":50.0,"shiftPoint":30,"anomalyDetectorDirection":"Both","withinRange":true,"suppressCondition":{"minNumber":2,"minRatio":2.0}}},"dimensionGroupOverrideConfigurations":[],"seriesOverrideConfigurations":[]}'
    headers:
      apim-request-id:
      - 9ab79847-275f-4089-93ee-6b2a1da59d64
      content-length:
      - '809'
      content-type:
      - application/json; charset=utf-8
      date:
      - Thu, 22 Oct 2020 15:51:06 GMT
      strict-transport-security:
      - max-age=31536000; includeSubDomains; preload
      x-content-type-options:
      - nosniff
      x-envoy-upstream-service-time:
      - '86'
      x-request-id:
      - 9ab79847-275f-4089-93ee-6b2a1da59d64
    status:
      code: 200
      message: OK
- request:
    body: null
    headers:
      Accept:
      - application/json
      Accept-Encoding:
      - gzip, deflate
      Connection:
      - keep-alive
      Content-Length:
      - '0'
      User-Agent:
      - azsdk-python-ai-metricsadvisor/1.0.0b2 Python/3.9.0 (Windows-10-10.0.19041-SP0)
    method: DELETE
    uri: https://js-metrics-advisor.cognitiveservices.azure.com/metricsadvisor/v1.0/enrichment/anomalyDetection/configurations/296e8fe9-7bb9-4047-8975-6f12e9608881
  response:
    body:
      string: ''
    headers:
      apim-request-id:
      - 5d2c17aa-a530-473e-a096-56db4b4593fd
      content-length:
      - '0'
      date:
      - Thu, 22 Oct 2020 15:51:06 GMT
      strict-transport-security:
      - max-age=31536000; includeSubDomains; preload
      x-content-type-options:
      - nosniff
      x-envoy-upstream-service-time:
      - '115'
      x-request-id:
      - 5d2c17aa-a530-473e-a096-56db4b4593fd
    status:
      code: 204
      message: No Content
- request:
    body: null
    headers:
      Accept:
      - application/json
      Accept-Encoding:
      - gzip, deflate
      Connection:
      - keep-alive
      User-Agent:
      - azsdk-python-ai-metricsadvisor/1.0.0b2 Python/3.9.0 (Windows-10-10.0.19041-SP0)
    method: GET
    uri: https://js-metrics-advisor.cognitiveservices.azure.com/metricsadvisor/v1.0/enrichment/anomalyDetection/configurations/296e8fe9-7bb9-4047-8975-6f12e9608881
  response:
    body:
      string: '{"code":"Not Found","message":"Not found this AnomalyDetectionConfiguration.
        TraceId: 5f68834e-050c-49f8-ae59-795ebb9617de"}'
    headers:
      apim-request-id:
      - a84d5af8-c395-450c-8ad1-6260f4de58e8
      content-length:
      - '124'
      content-type:
      - application/json; charset=utf-8
      date:
      - Thu, 22 Oct 2020 15:51:06 GMT
      strict-transport-security:
      - max-age=31536000; includeSubDomains; preload
      x-content-type-options:
      - nosniff
      x-envoy-upstream-service-time:
      - '57'
      x-request-id:
      - a84d5af8-c395-450c-8ad1-6260f4de58e8
    status:
      code: 404
      message: Not Found
- request:
    body: null
    headers:
      Accept:
      - application/json
      Accept-Encoding:
      - gzip, deflate
      Connection:
      - keep-alive
      Content-Length:
      - '0'
      User-Agent:
      - azsdk-python-ai-metricsadvisor/1.0.0b2 Python/3.9.0 (Windows-10-10.0.19041-SP0)
    method: DELETE
    uri: https://js-metrics-advisor.cognitiveservices.azure.com/metricsadvisor/v1.0/dataFeeds/6a1bc7e2-d745-47ca-ad70-965a538c20c7
  response:
    body:
      string: ''
    headers:
      apim-request-id:
      - 5e344b56-2723-425e-b420-cded0941f058
      content-length:
      - '0'
      date:
      - Thu, 22 Oct 2020 15:51:06 GMT
      strict-transport-security:
      - max-age=31536000; includeSubDomains; preload
      x-content-type-options:
      - nosniff
      x-envoy-upstream-service-time:
      - '305'
      x-request-id:
      - 5e344b56-2723-425e-b420-cded0941f058
    status:
      code: 204
      message: No Content
version: 1
