interactions:
- request:
    body: '{"hookType": "Email", "hookName": "testhooka97917a5", "description": "my
      email hook", "externalLink": "external link", "hookParameter": {"toList": ["yournamehere@microsoft.com"]}}'
    headers:
      Accept:
      - application/json
      Accept-Encoding:
      - gzip, deflate
      Connection:
      - keep-alive
      Content-Length:
      - '179'
      Content-Type:
      - application/json
      User-Agent:
      - azsdk-python-ai-metricsadvisor/1.0.0b4 Python/3.8.6 (Windows-10-10.0.19041-SP0)
    method: POST
    uri: https://js-metrics-advisor.cognitiveservices.azure.com/metricsadvisor/v1.0/hooks
  response:
    body:
      string: ''
    headers:
      apim-request-id:
      - 01372d55-7393-4ebd-8d4f-29797808f056
      content-length:
      - '0'
      date:
      - Fri, 21 May 2021 20:01:38 GMT
      location:
      - https://js-metrics-advisor.cognitiveservices.azure.com/metricsadvisor/v1.0/hooks/b94063b0-5f43-4dfc-8a22-185a56ac2197
      strict-transport-security:
      - max-age=31536000; includeSubDomains; preload
      x-content-type-options:
      - nosniff
      x-envoy-upstream-service-time:
      - '531'
      x-request-id:
      - 01372d55-7393-4ebd-8d4f-29797808f056
    status:
      code: 201
      message: Created
- request:
    body: null
    headers:
      Accept:
      - application/json
      Accept-Encoding:
      - gzip, deflate
      Connection:
      - keep-alive
      User-Agent:
      - azsdk-python-ai-metricsadvisor/1.0.0b4 Python/3.8.6 (Windows-10-10.0.19041-SP0)
    method: GET
    uri: https://js-metrics-advisor.cognitiveservices.azure.com/metricsadvisor/v1.0/hooks/b94063b0-5f43-4dfc-8a22-185a56ac2197
  response:
    body:
      string: '{"hookId":"b94063b0-5f43-4dfc-8a22-185a56ac2197","hookName":"testhooka97917a5","hookType":"Email","externalLink":"external
        link","description":"my email hook","admins":["krpratic@microsoft.com"],"hookParameter":{"toList":["yournamehere@microsoft.com"]}}'
    headers:
      apim-request-id:
      - c3dcfac1-5b8c-4d94-b1c0-210365e88392
      content-length:
      - '253'
      content-type:
      - application/json; charset=utf-8
      date:
      - Fri, 21 May 2021 20:01:38 GMT
      strict-transport-security:
      - max-age=31536000; includeSubDomains; preload
      x-content-type-options:
      - nosniff
      x-envoy-upstream-service-time:
      - '178'
      x-request-id:
      - c3dcfac1-5b8c-4d94-b1c0-210365e88392
    status:
      code: 200
      message: OK
- request:
    body: '{"hookName": "reset", "description": null, "externalLink": null}'
    headers:
      Accept:
      - application/json
      Accept-Encoding:
      - gzip, deflate
      Connection:
      - keep-alive
      Content-Length:
      - '64'
      Content-Type:
      - application/merge-patch+json
      User-Agent:
      - azsdk-python-ai-metricsadvisor/1.0.0b4 Python/3.8.6 (Windows-10-10.0.19041-SP0)
    method: PATCH
    uri: https://js-metrics-advisor.cognitiveservices.azure.com/metricsadvisor/v1.0/hooks/b94063b0-5f43-4dfc-8a22-185a56ac2197
  response:
    body:
      string: '{"hookId":"b94063b0-5f43-4dfc-8a22-185a56ac2197","hookName":"reset","hookType":"Email","externalLink":"","description":"","admins":["krpratic@microsoft.com"],"hookParameter":{"toList":["yournamehere@microsoft.com"]}}'
    headers:
      apim-request-id:
      - 44d37e97-6d8b-420c-b931-304b7af4416e
      content-length:
      - '216'
      content-type:
      - application/json; charset=utf-8
      date:
      - Fri, 21 May 2021 20:01:38 GMT
      strict-transport-security:
      - max-age=31536000; includeSubDomains; preload
      x-content-type-options:
      - nosniff
      x-envoy-upstream-service-time:
      - '508'
      x-request-id:
      - 44d37e97-6d8b-420c-b931-304b7af4416e
    status:
      code: 200
      message: OK
- request:
    body: null
    headers:
      Accept:
      - application/json
      Accept-Encoding:
      - gzip, deflate
      Connection:
      - keep-alive
      User-Agent:
      - azsdk-python-ai-metricsadvisor/1.0.0b4 Python/3.8.6 (Windows-10-10.0.19041-SP0)
    method: GET
    uri: https://js-metrics-advisor.cognitiveservices.azure.com/metricsadvisor/v1.0/hooks/b94063b0-5f43-4dfc-8a22-185a56ac2197
  response:
    body:
      string: '{"hookId":"b94063b0-5f43-4dfc-8a22-185a56ac2197","hookName":"reset","hookType":"Email","externalLink":"","description":"","admins":["krpratic@microsoft.com"],"hookParameter":{"toList":["yournamehere@microsoft.com"]}}'
    headers:
      apim-request-id:
      - 301e1da3-b261-47b9-b758-d63276b5ba17
      content-length:
      - '216'
      content-type:
      - application/json; charset=utf-8
      date:
      - Fri, 21 May 2021 20:01:39 GMT
      strict-transport-security:
      - max-age=31536000; includeSubDomains; preload
      x-content-type-options:
      - nosniff
      x-envoy-upstream-service-time:
      - '168'
      x-request-id:
      - 301e1da3-b261-47b9-b758-d63276b5ba17
    status:
      code: 200
      message: OK
- request:
    body: null
    headers:
      Accept:
      - application/json
      Accept-Encoding:
      - gzip, deflate
      Connection:
      - keep-alive
      Content-Length:
      - '0'
      User-Agent:
      - azsdk-python-ai-metricsadvisor/1.0.0b4 Python/3.8.6 (Windows-10-10.0.19041-SP0)
    method: DELETE
    uri: https://js-metrics-advisor.cognitiveservices.azure.com/metricsadvisor/v1.0/hooks/b94063b0-5f43-4dfc-8a22-185a56ac2197
  response:
    body:
      string: ''
    headers:
      apim-request-id:
      - 3178f04f-4149-4473-9a5e-4fa8c6061154
      content-length:
      - '0'
      date:
      - Fri, 21 May 2021 20:01:39 GMT
      strict-transport-security:
      - max-age=31536000; includeSubDomains; preload
      x-content-type-options:
      - nosniff
      x-envoy-upstream-service-time:
      - '190'
      x-request-id:
      - 3178f04f-4149-4473-9a5e-4fa8c6061154
    status:
      code: 204
      message: No Content
version: 1
