{
  "Entries": [
    {
      "RequestUri": "https://fakeendpoint.cognitiveservices.azure.com/metricsadvisor/v1.0/hooks/fa29a4d8-cf26-48ca-9df3-dc6053a32cb4",
      "RequestMethod": "GET",
      "RequestHeaders": {
        "Accept": "application/json",
        "Accept-Encoding": "gzip, deflate",
        "Connection": "keep-alive",
        "User-Agent": "azsdk-python-ai-metricsadvisor/1.1.0 Python/3.9.7 (macOS-12.2.1-x86_64-i386-64bit)",
        "x-ms-client-request-id": "7249c852-9e60-11ec-8380-acde48001122"
      },
      "RequestBody": null,
      "StatusCode": 200,
      "ResponseHeaders": {
        "apim-request-id": "486781f7-d87a-4f02-9441-32de12985d55",
        "Content-Length": "316",
        "Content-Type": "application/json; charset=utf-8",
        "Date": "Mon, 07 Mar 2022 21:49:22 GMT",
        "Strict-Transport-Security": "max-age=31536000; includeSubDomains; preload",
        "X-Content-Type-Options": "nosniff",
        "x-envoy-upstream-service-time": "170",
        "X-Request-ID": "486781f7-d87a-4f02-9441-32de12985d55"
      },
      "ResponseBody": {
        "hookId": "fa29a4d8-cf26-48ca-9df3-dc6053a32cb4",
        "hookName": "web_hookd913f012-3935-4bc7-a511-2754aa3e9894",
        "hookType": "Webhook",
        "externalLink": "external link",
        "description": "my web hook",
        "admins": [
          "krpratic@microsoft.com"
        ],
        "hookParameter": {
          "endpoint": "https://httpbin.org/post",
          "username": "krista",
          "password": "123"
        }
      }
    },
    {
      "RequestUri": "https://fakeendpoint.cognitiveservices.azure.com/metricsadvisor/v1.0/hooks/fa29a4d8-cf26-48ca-9df3-dc6053a32cb4",
      "RequestMethod": "PATCH",
      "RequestHeaders": {
        "Accept": "application/json",
        "Accept-Encoding": "gzip, deflate",
        "Connection": "keep-alive",
        "Content-Length": "332",
        "Content-Type": "application/merge-patch\u002Bjson",
        "User-Agent": "azsdk-python-ai-metricsadvisor/1.1.0 Python/3.9.7 (macOS-12.2.1-x86_64-i386-64bit)",
        "x-ms-client-request-id": "72bbdde8-9e60-11ec-8380-acde48001122"
      },
      "RequestBody": {
        "hookType": "Webhook",
        "hookName": "update8999fac4-3349-41e7-b4d0-6625f7f1cc12",
        "description": "update",
        "externalLink": "update",
        "admins": [
          "krpratic@microsoft.com"
        ],
        "hookParameter": {
          "endpoint": "https://httpbin.org/post",
          "username": "myusername",
          "password": "password",
          "certificateKey": null,
          "certificatePassword": null
        }
      },
      "StatusCode": 200,
      "ResponseHeaders": {
        "apim-request-id": "a03f2c90-23b2-4bff-ba51-2e962b65f3f9",
        "Content-Length": "356",
        "Content-Type": "application/json; charset=utf-8",
        "Date": "Mon, 07 Mar 2022 21:49:22 GMT",
        "Strict-Transport-Security": "max-age=31536000; includeSubDomains; preload",
        "X-Content-Type-Options": "nosniff",
        "x-envoy-upstream-service-time": "608",
        "X-Request-ID": "a03f2c90-23b2-4bff-ba51-2e962b65f3f9"
      },
      "ResponseBody": {
        "hookId": "fa29a4d8-cf26-48ca-9df3-dc6053a32cb4",
        "hookName": "update8999fac4-3349-41e7-b4d0-6625f7f1cc12",
        "hookType": "Webhook",
        "externalLink": "update",
        "description": "update",
        "admins": [
          "krpratic@microsoft.com"
        ],
        "hookParameter": {
          "endpoint": "https://httpbin.org/post",
          "username": "myusername",
          "password": "password",
          "certificateKey": "",
          "certificatePassword": ""
        }
      }
    },
    {
      "RequestUri": "https://fakeendpoint.cognitiveservices.azure.com/metricsadvisor/v1.0/hooks/fa29a4d8-cf26-48ca-9df3-dc6053a32cb4",
      "RequestMethod": "GET",
      "RequestHeaders": {
        "Accept": "application/json",
        "Accept-Encoding": "gzip, deflate",
        "Connection": "keep-alive",
        "User-Agent": "azsdk-python-ai-metricsadvisor/1.1.0 Python/3.9.7 (macOS-12.2.1-x86_64-i386-64bit)",
        "x-ms-client-request-id": "732bf47a-9e60-11ec-8380-acde48001122"
      },
      "RequestBody": null,
      "StatusCode": 200,
      "ResponseHeaders": {
        "apim-request-id": "dbf831a0-675e-43f8-9bb7-a74c8e2cf5aa",
        "Content-Length": "356",
        "Content-Type": "application/json; charset=utf-8",
        "Date": "Mon, 07 Mar 2022 21:49:23 GMT",
        "Strict-Transport-Security": "max-age=31536000; includeSubDomains; preload",
        "X-Content-Type-Options": "nosniff",
        "x-envoy-upstream-service-time": "175",
        "X-Request-ID": "dbf831a0-675e-43f8-9bb7-a74c8e2cf5aa"
      },
      "ResponseBody": {
        "hookId": "fa29a4d8-cf26-48ca-9df3-dc6053a32cb4",
        "hookName": "update8999fac4-3349-41e7-b4d0-6625f7f1cc12",
        "hookType": "Webhook",
        "externalLink": "update",
        "description": "update",
        "admins": [
          "krpratic@microsoft.com"
        ],
        "hookParameter": {
          "endpoint": "https://httpbin.org/post",
          "username": "myusername",
          "password": "password",
          "certificateKey": "",
          "certificatePassword": ""
        }
      }
    },
    {
      "RequestUri": "https://fakeendpoint.cognitiveservices.azure.com/metricsadvisor/v1.0/hooks/fa29a4d8-cf26-48ca-9df3-dc6053a32cb4",
      "RequestMethod": "DELETE",
      "RequestHeaders": {
        "Accept": "application/json",
        "Accept-Encoding": "gzip, deflate",
        "Connection": "keep-alive",
        "Content-Length": "0",
        "User-Agent": "azsdk-python-ai-metricsadvisor/1.1.0 Python/3.9.7 (macOS-12.2.1-x86_64-i386-64bit)",
        "x-ms-client-request-id": "7358d6d4-9e60-11ec-8380-acde48001122"
      },
      "RequestBody": null,
      "StatusCode": 204,
      "ResponseHeaders": {
        "apim-request-id": "dc2e24f5-5f0c-4c29-928b-3b8a0e6b7b4b",
        "Content-Length": "0",
        "Date": "Mon, 07 Mar 2022 21:49:23 GMT",
        "Strict-Transport-Security": "max-age=31536000; includeSubDomains; preload",
        "X-Content-Type-Options": "nosniff",
        "x-envoy-upstream-service-time": "175",
        "X-Request-ID": "dc2e24f5-5f0c-4c29-928b-3b8a0e6b7b4b"
      },
      "ResponseBody": null
    }
  ],
  "Variables": {
    "hook_updated_name": "update8999fac4-3349-41e7-b4d0-6625f7f1cc12",
    "web_hook_id": "fa29a4d8-cf26-48ca-9df3-dc6053a32cb4",
    "web_hook_name": "web_hookd913f012-3935-4bc7-a511-2754aa3e9894"
  }
}
