interactions:
- request:
    body: '{"dataSourceType": "SqlServer", "dataFeedName": "testfeed96af170a", "dataFeedDescription":
      "my first data feed", "granularityName": "Daily", "metrics": [{"metricName":
      "cost", "metricDisplayName": "display cost", "metricDescription": "the cost"},
      {"metricName": "revenue", "metricDisplayName": "display revenue", "metricDescription":
      "the revenue"}], "dimension": [{"dimensionName": "category", "dimensionDisplayName":
      "display category"}, {"dimensionName": "city", "dimensionDisplayName": "display
      city"}], "timestampColumn": "Timestamp", "dataStartFrom": "2019-10-01T00:00:00.000Z",
      "startOffsetInSeconds": -1, "maxConcurrency": 0, "minRetryIntervalInSeconds":
      -1, "stopRetryAfterInSeconds": -1, "needRollup": "NoRollup", "rollUpMethod":
      "None", "fillMissingPointType": "SmartFilling", "viewMode": "Private", "admins":
      ["yournamehere@microsoft.com"], "viewers": ["viewers"], "actionLinkTemplate":
      "action link template", "authenticationType": "Basic", "dataSourceParameter":
      {"connectionString": "connectionstring", "query": "select\u202f*\u202ffrom\u202fadsample2\u202fwhere\u202fTimestamp\u202f=\u202f@StartTime"}}'
    headers:
      Accept:
      - application/json
      Accept-Encoding:
      - gzip, deflate
      Connection:
      - keep-alive
      Content-Length:
      - '1334'
      Content-Type:
      - application/json
      User-Agent:
      - azsdk-python-ai-metricsadvisor/1.0.0b5 Python/3.8.6 (Windows-10-10.0.19041-SP0)
    method: POST
    uri: https://js-metrics-advisor.cognitiveservices.azure.com/metricsadvisor/v1.0/dataFeeds
  response:
    body:
      string: ''
    headers:
      apim-request-id:
      - 1b3ebefd-9baf-4157-81ef-27bfad0f2a16
      content-length:
      - '0'
      date:
      - Fri, 11 Jun 2021 23:31:44 GMT
      location:
      - https://js-metrics-advisor.cognitiveservices.azure.com/metricsadvisor/v1.0/dataFeeds/46e79fa0-588c-49d2-8805-497b52c08070
      strict-transport-security:
      - max-age=31536000; includeSubDomains; preload
      x-content-type-options:
      - nosniff
      x-envoy-upstream-service-time:
      - '688'
      x-request-id:
      - 1b3ebefd-9baf-4157-81ef-27bfad0f2a16
    status:
      code: 201
      message: Created
- request:
    body: null
    headers:
      Accept:
      - application/json
      Accept-Encoding:
      - gzip, deflate
      Connection:
      - keep-alive
      User-Agent:
      - azsdk-python-ai-metricsadvisor/1.0.0b5 Python/3.8.6 (Windows-10-10.0.19041-SP0)
    method: GET
    uri: https://js-metrics-advisor.cognitiveservices.azure.com/metricsadvisor/v1.0/dataFeeds/46e79fa0-588c-49d2-8805-497b52c08070
  response:
    body:
      string: "{\"dataFeedId\":\"46e79fa0-588c-49d2-8805-497b52c08070\",\"dataFeedName\":\"testfeed96af170a\",\"metrics\":[{\"metricId\":\"22540223-22b1-4770-9aef-3bab7e36d044\",\"metricName\":\"cost\",\"metricDisplayName\":\"display
        cost\",\"metricDescription\":\"the cost\"},{\"metricId\":\"def078e5-2cd1-4e46-b48e-865b125dd7fe\",\"metricName\":\"revenue\",\"metricDisplayName\":\"display
        revenue\",\"metricDescription\":\"the revenue\"}],\"dimension\":[{\"dimensionName\":\"category\",\"dimensionDisplayName\":\"display
        category\"},{\"dimensionName\":\"city\",\"dimensionDisplayName\":\"display
        city\"}],\"dataStartFrom\":\"2019-10-01T00:00:00Z\",\"dataSourceType\":\"SqlServer\",\"timestampColumn\":\"Timestamp\",\"startOffsetInSeconds\":-1,\"maxQueryPerMinute\":30.0,\"granularityName\":\"Daily\",\"needRollup\":\"NoRollup\",\"fillMissingPointType\":\"SmartFilling\",\"fillMissingPointValue\":0.0,\"rollUpMethod\":\"None\",\"dataFeedDescription\":\"my
        first data feed\",\"stopRetryAfterInSeconds\":-1,\"minRetryIntervalInSeconds\":-1,\"maxConcurrency\":0,\"viewMode\":\"Private\",\"admins\":[\"yournamehere@microsoft.com\",\"f850650c-1fcf-4489-b46f-71af2e30d360\"],\"viewers\":[\"viewers\"],\"creator\":\"f850650c-1fcf-4489-b46f-71af2e30d360\",\"status\":\"Active\",\"createdTime\":\"2021-06-11T23:31:44Z\",\"isAdmin\":true,\"actionLinkTemplate\":\"action
        link template\",\"dataSourceParameter\":{\"query\":\"select\u202F*\u202Ffrom\u202Fadsample2\u202Fwhere\u202FTimestamp\u202F=\u202F@StartTime\"},\"authenticationType\":\"Basic\"}"
    headers:
      apim-request-id:
      - 0ab8ebfd-6ebe-4eb5-afda-2388e7844029
      content-length:
      - '1356'
      content-type:
      - application/json; charset=utf-8
      date:
      - Fri, 11 Jun 2021 23:31:44 GMT
      strict-transport-security:
      - max-age=31536000; includeSubDomains; preload
      x-content-type-options:
      - nosniff
      x-envoy-upstream-service-time:
      - '87'
      x-request-id:
      - 0ab8ebfd-6ebe-4eb5-afda-2388e7844029
    status:
      code: 200
      message: OK
- request:
    body: null
    headers:
      Accept:
      - application/json
      Accept-Encoding:
      - gzip, deflate
      Connection:
      - keep-alive
      Content-Length:
      - '0'
      User-Agent:
      - azsdk-python-ai-metricsadvisor/1.0.0b5 Python/3.8.6 (Windows-10-10.0.19041-SP0)
    method: DELETE
    uri: https://js-metrics-advisor.cognitiveservices.azure.com/metricsadvisor/v1.0/dataFeeds/46e79fa0-588c-49d2-8805-497b52c08070
  response:
    body:
      string: ''
    headers:
      apim-request-id:
      - 22a4c5bb-f7c1-411d-80f2-925b28c017d2
      content-length:
      - '0'
      date:
      - Fri, 11 Jun 2021 23:31:45 GMT
      strict-transport-security:
      - max-age=31536000; includeSubDomains; preload
      x-content-type-options:
      - nosniff
      x-envoy-upstream-service-time:
      - '287'
      x-request-id:
      - 22a4c5bb-f7c1-411d-80f2-925b28c017d2
    status:
      code: 204
      message: No Content
- request:
    body: null
    headers:
      Accept:
      - application/json
      Accept-Encoding:
      - gzip, deflate
      Connection:
      - keep-alive
      User-Agent:
      - azsdk-python-ai-metricsadvisor/1.0.0b5 Python/3.8.6 (Windows-10-10.0.19041-SP0)
    method: GET
    uri: https://js-metrics-advisor.cognitiveservices.azure.com/metricsadvisor/v1.0/dataFeeds/46e79fa0-588c-49d2-8805-497b52c08070
  response:
    body:
      string: '{"code":"404 NOT_FOUND","message":"datafeedId is invalid."}'
    headers:
      apim-request-id:
      - 87701412-f35e-48fc-a907-ef207ccf2ff3
      content-length:
      - '59'
      content-type:
      - application/json; charset=utf-8
      date:
      - Fri, 11 Jun 2021 23:31:45 GMT
      strict-transport-security:
      - max-age=31536000; includeSubDomains; preload
      x-content-type-options:
      - nosniff
      x-envoy-upstream-service-time:
      - '14'
      x-request-id:
      - 87701412-f35e-48fc-a907-ef207ccf2ff3
    status:
      code: 404
      message: Not Found
version: 1
