interactions:
- request:
    body: '{"dataSourceType": "SqlServer", "dataFeedName": "updatedetectionktuolad3x",
      "granularityName": "Daily", "metrics": [{"metricName": "cost"}, {"metricName":
      "revenue"}], "dimension": [{"dimensionName": "category"}, {"dimensionName":
      "region"}], "dataStartFrom": "2019-10-01T00:00:00.000Z", "startOffsetInSeconds":
      0, "maxConcurrency": -1, "minRetryIntervalInSeconds": -1, "stopRetryAfterInSeconds":
      -1, "viewMode": "Private", "authenticationType": "Basic", "dataSourceParameter":
      {"connectionString": "connectionstring", "query": "select * from adsample2 where
      Timestamp = @StartTime"}}'
    headers:
      Accept:
      - application/json
      Accept-Encoding:
      - gzip, deflate, br
      Connection:
      - keep-alive
      Content-Length:
      - '800'
      Content-Type:
      - application/json
      User-Agent:
      - azsdk-python-ai-metricsadvisor/1.0.1 Python/3.8.6 (Windows-10-10.0.19041-SP0)
    method: POST
    uri: https://ga-metrics-advisor.cognitiveservices.azure.com/metricsadvisor/v1.0/dataFeeds
  response:
    body:
      string: ''
    headers:
      apim-request-id:
      - 39df0957-e65c-4fab-9735-e7a86e9372a0
      content-length:
      - '0'
      date:
      - Wed, 29 Sep 2021 19:36:31 GMT
      location:
      - https://ga-metrics-advisor.cognitiveservices.azure.com/metricsadvisor/v1.0/dataFeeds/7364b95f-59dc-47fb-a2b3-dcf84f3defb9
      strict-transport-security:
      - max-age=31536000; includeSubDomains; preload
      x-content-type-options:
      - nosniff
      x-envoy-upstream-service-time:
      - '461'
      x-request-id:
      - 39df0957-e65c-4fab-9735-e7a86e9372a0
    status:
      code: 201
      message: Created
- request:
    body: null
    headers:
      Accept:
      - application/json
      Accept-Encoding:
      - gzip, deflate, br
      Connection:
      - keep-alive
      User-Agent:
      - azsdk-python-ai-metricsadvisor/1.0.1 Python/3.8.6 (Windows-10-10.0.19041-SP0)
    method: GET
    uri: https://ga-metrics-advisor.cognitiveservices.azure.com/metricsadvisor/v1.0/dataFeeds/7364b95f-59dc-47fb-a2b3-dcf84f3defb9
  response:
    body:
      string: '{"dataFeedId":"7364b95f-59dc-47fb-a2b3-dcf84f3defb9","dataFeedName":"updatedetectionktuolad3x","metrics":[{"metricId":"b01f20ee-2f52-45e1-a45b-d5e6769778b9","metricName":"cost","metricDisplayName":"cost","metricDescription":""},{"metricId":"458667c0-7a55-4c76-8012-928e86d3b0dc","metricName":"revenue","metricDisplayName":"revenue","metricDescription":""}],"dimension":[{"dimensionName":"category","dimensionDisplayName":"category"},{"dimensionName":"region","dimensionDisplayName":"region"}],"dataStartFrom":"2019-10-01T00:00:00Z","dataSourceType":"SqlServer","timestampColumn":"","startOffsetInSeconds":0,"maxQueryPerMinute":30.0,"granularityName":"Daily","needRollup":"NoRollup","fillMissingPointType":"PreviousValue","fillMissingPointValue":0.0,"rollUpMethod":"None","dataFeedDescription":"","stopRetryAfterInSeconds":-1,"minRetryIntervalInSeconds":-1,"maxConcurrency":-1,"viewMode":"Private","admins":["f850650c-1fcf-4489-b46f-71af2e30d360"],"viewers":[],"creator":"f850650c-1fcf-4489-b46f-71af2e30d360","status":"Active","createdTime":"2021-09-29T19:36:31Z","isAdmin":true,"actionLinkTemplate":"","dataSourceParameter":{"query":"select
        * from adsample2 where Timestamp = @StartTime"},"authenticationType":"Basic"}'
    headers:
      apim-request-id:
      - 41893e97-17ab-4f23-884f-45185c79d95d
      content-length:
      - '1219'
      content-type:
      - application/json; charset=utf-8
      date:
      - Wed, 29 Sep 2021 19:36:31 GMT
      strict-transport-security:
      - max-age=31536000; includeSubDomains; preload
      x-content-type-options:
      - nosniff
      x-envoy-upstream-service-time:
      - '118'
      x-request-id:
      - 41893e97-17ab-4f23-884f-45185c79d95d
    status:
      code: 200
      message: OK
- request:
    body: '{"name": "testupdatedprymjcl6jie4l", "description": "My test metric anomaly
      detection configuration", "metricId": "b01f20ee-2f52-45e1-a45b-d5e6769778b9",
      "wholeMetricConfiguration": {"conditionOperator": "AND", "smartDetectionCondition":
      {"sensitivity": 50.0, "anomalyDetectorDirection": "Both", "suppressCondition":
      {"minNumber": 5, "minRatio": 5.0}}, "hardThresholdCondition": {"lowerBound":
      0.0, "upperBound": 100.0, "anomalyDetectorDirection": "Both", "suppressCondition":
      {"minNumber": 5, "minRatio": 5.0}}, "changeThresholdCondition": {"changePercentage":
      50.0, "shiftPoint": 30, "withinRange": true, "anomalyDetectorDirection": "Both",
      "suppressCondition": {"minNumber": 2, "minRatio": 2.0}}}, "dimensionGroupOverrideConfigurations":
      [{"group": {"dimension": {"region": "Sao Paulo"}}, "smartDetectionCondition":
      {"sensitivity": 63.0, "anomalyDetectorDirection": "Both", "suppressCondition":
      {"minNumber": 1, "minRatio": 100.0}}}], "seriesOverrideConfigurations": [{"series":
      {"dimension": {"region": "Shenzhen", "category": "Jewelry"}}, "smartDetectionCondition":
      {"sensitivity": 63.0, "anomalyDetectorDirection": "Both", "suppressCondition":
      {"minNumber": 1, "minRatio": 100.0}}}]}'
    headers:
      Accept:
      - application/json
      Accept-Encoding:
      - gzip, deflate, br
      Connection:
      - keep-alive
      Content-Length:
      - '1189'
      Content-Type:
      - application/json
      User-Agent:
      - azsdk-python-ai-metricsadvisor/1.0.1 Python/3.8.6 (Windows-10-10.0.19041-SP0)
    method: POST
    uri: https://ga-metrics-advisor.cognitiveservices.azure.com/metricsadvisor/v1.0/enrichment/anomalyDetection/configurations
  response:
    body:
      string: ''
    headers:
      apim-request-id:
      - 91a7180a-1050-4430-af2a-55d64389965f
      content-length:
      - '0'
      date:
      - Wed, 29 Sep 2021 19:36:32 GMT
      location:
      - https://ga-metrics-advisor.cognitiveservices.azure.com/metricsadvisor/v1.0/enrichment/anomalyDetection/configurations/06809006-c55c-4c09-8376-88c91f63fa98
      strict-transport-security:
      - max-age=31536000; includeSubDomains; preload
      x-content-type-options:
      - nosniff
      x-envoy-upstream-service-time:
      - '200'
      x-request-id:
      - 91a7180a-1050-4430-af2a-55d64389965f
    status:
      code: 201
      message: Created
- request:
    body: null
    headers:
      Accept:
      - application/json
      Accept-Encoding:
      - gzip, deflate, br
      Connection:
      - keep-alive
      User-Agent:
      - azsdk-python-ai-metricsadvisor/1.0.1 Python/3.8.6 (Windows-10-10.0.19041-SP0)
    method: GET
    uri: https://ga-metrics-advisor.cognitiveservices.azure.com/metricsadvisor/v1.0/enrichment/anomalyDetection/configurations/06809006-c55c-4c09-8376-88c91f63fa98
  response:
    body:
      string: '{"anomalyDetectionConfigurationId":"06809006-c55c-4c09-8376-88c91f63fa98","name":"testupdatedprymjcl6jie4l","description":"My
        test metric anomaly detection configuration","metricId":"b01f20ee-2f52-45e1-a45b-d5e6769778b9","wholeMetricConfiguration":{"conditionOperator":"AND","smartDetectionCondition":{"sensitivity":50.0,"anomalyDetectorDirection":"Both","suppressCondition":{"minNumber":5,"minRatio":5.0}},"hardThresholdCondition":{"lowerBound":0.0,"upperBound":100.0,"anomalyDetectorDirection":"Both","suppressCondition":{"minNumber":5,"minRatio":5.0}},"changeThresholdCondition":{"changePercentage":50.0,"shiftPoint":30,"anomalyDetectorDirection":"Both","withinRange":true,"suppressCondition":{"minNumber":2,"minRatio":2.0}}},"dimensionGroupOverrideConfigurations":[{"group":{"dimension":{"region":"Sao
        Paulo"}},"smartDetectionCondition":{"sensitivity":63.0,"anomalyDetectorDirection":"Both","suppressCondition":{"minNumber":1,"minRatio":100.0}}}],"seriesOverrideConfigurations":[{"series":{"dimension":{"region":"Shenzhen","category":"Jewelry"}},"smartDetectionCondition":{"sensitivity":63.0,"anomalyDetectorDirection":"Both","suppressCondition":{"minNumber":1,"minRatio":100.0}}}]}'
    headers:
      apim-request-id:
      - 25dacde2-6928-405f-8752-253f459a0d84
      content-length:
      - '1186'
      content-type:
      - application/json; charset=utf-8
      date:
      - Wed, 29 Sep 2021 19:36:32 GMT
      strict-transport-security:
      - max-age=31536000; includeSubDomains; preload
      x-content-type-options:
      - nosniff
      x-envoy-upstream-service-time:
      - '51'
      x-request-id:
      - 25dacde2-6928-405f-8752-253f459a0d84
    status:
      code: 200
      message: OK
- request:
    body: '{"name": "reset", "description": ""}'
    headers:
      Accept:
      - application/json
      Accept-Encoding:
      - gzip, deflate, br
      Connection:
      - keep-alive
      Content-Length:
      - '36'
      Content-Type:
      - application/merge-patch+json
      User-Agent:
      - azsdk-python-ai-metricsadvisor/1.0.1 Python/3.8.6 (Windows-10-10.0.19041-SP0)
    method: PATCH
    uri: https://ga-metrics-advisor.cognitiveservices.azure.com/metricsadvisor/v1.0/enrichment/anomalyDetection/configurations/06809006-c55c-4c09-8376-88c91f63fa98
  response:
    body:
      string: '{"anomalyDetectionConfigurationId":"06809006-c55c-4c09-8376-88c91f63fa98","name":"reset","description":"","metricId":"b01f20ee-2f52-45e1-a45b-d5e6769778b9","wholeMetricConfiguration":{"conditionOperator":"AND","smartDetectionCondition":{"sensitivity":50.0,"anomalyDetectorDirection":"Both","suppressCondition":{"minNumber":5,"minRatio":5.0}},"hardThresholdCondition":{"lowerBound":0.0,"upperBound":100.0,"anomalyDetectorDirection":"Both","suppressCondition":{"minNumber":5,"minRatio":5.0}},"changeThresholdCondition":{"changePercentage":50.0,"shiftPoint":30,"anomalyDetectorDirection":"Both","withinRange":true,"suppressCondition":{"minNumber":2,"minRatio":2.0}}},"dimensionGroupOverrideConfigurations":[{"group":{"dimension":{"region":"Sao
        Paulo"}},"smartDetectionCondition":{"sensitivity":63.0,"anomalyDetectorDirection":"Both","suppressCondition":{"minNumber":1,"minRatio":100.0}}}],"seriesOverrideConfigurations":[{"series":{"dimension":{"region":"Shenzhen","category":"Jewelry"}},"smartDetectionCondition":{"sensitivity":63.0,"anomalyDetectorDirection":"Both","suppressCondition":{"minNumber":1,"minRatio":100.0}}}]}'
    headers:
      apim-request-id:
      - d04a842b-0e08-4380-a7eb-274f62e34b6a
      content-length:
      - '1121'
      content-type:
      - application/json; charset=utf-8
      date:
      - Wed, 29 Sep 2021 19:36:32 GMT
      strict-transport-security:
      - max-age=31536000; includeSubDomains; preload
      x-content-type-options:
      - nosniff
      x-envoy-upstream-service-time:
      - '286'
      x-request-id:
      - d04a842b-0e08-4380-a7eb-274f62e34b6a
    status:
      code: 200
      message: OK
- request:
    body: null
    headers:
      Accept:
      - application/json
      Accept-Encoding:
      - gzip, deflate, br
      Connection:
      - keep-alive
      User-Agent:
      - azsdk-python-ai-metricsadvisor/1.0.1 Python/3.8.6 (Windows-10-10.0.19041-SP0)
    method: GET
    uri: https://ga-metrics-advisor.cognitiveservices.azure.com/metricsadvisor/v1.0/enrichment/anomalyDetection/configurations/06809006-c55c-4c09-8376-88c91f63fa98
  response:
    body:
      string: '{"anomalyDetectionConfigurationId":"06809006-c55c-4c09-8376-88c91f63fa98","name":"reset","description":"","metricId":"b01f20ee-2f52-45e1-a45b-d5e6769778b9","wholeMetricConfiguration":{"conditionOperator":"AND","smartDetectionCondition":{"sensitivity":50.0,"anomalyDetectorDirection":"Both","suppressCondition":{"minNumber":5,"minRatio":5.0}},"hardThresholdCondition":{"lowerBound":0.0,"upperBound":100.0,"anomalyDetectorDirection":"Both","suppressCondition":{"minNumber":5,"minRatio":5.0}},"changeThresholdCondition":{"changePercentage":50.0,"shiftPoint":30,"anomalyDetectorDirection":"Both","withinRange":true,"suppressCondition":{"minNumber":2,"minRatio":2.0}}},"dimensionGroupOverrideConfigurations":[{"group":{"dimension":{"region":"Sao
        Paulo"}},"smartDetectionCondition":{"sensitivity":63.0,"anomalyDetectorDirection":"Both","suppressCondition":{"minNumber":1,"minRatio":100.0}}}],"seriesOverrideConfigurations":[{"series":{"dimension":{"region":"Shenzhen","category":"Jewelry"}},"smartDetectionCondition":{"sensitivity":63.0,"anomalyDetectorDirection":"Both","suppressCondition":{"minNumber":1,"minRatio":100.0}}}]}'
    headers:
      apim-request-id:
      - b67e9736-1f6b-493b-bd05-b15d57356866
      content-length:
      - '1121'
      content-type:
      - application/json; charset=utf-8
      date:
      - Wed, 29 Sep 2021 19:36:33 GMT
      strict-transport-security:
      - max-age=31536000; includeSubDomains; preload
      x-content-type-options:
      - nosniff
      x-envoy-upstream-service-time:
      - '54'
      x-request-id:
      - b67e9736-1f6b-493b-bd05-b15d57356866
    status:
      code: 200
      message: OK
- request:
    body: null
    headers:
      Accept:
      - application/json
      Accept-Encoding:
      - gzip, deflate, br
      Connection:
      - keep-alive
      Content-Length:
      - '0'
      User-Agent:
      - azsdk-python-ai-metricsadvisor/1.0.1 Python/3.8.6 (Windows-10-10.0.19041-SP0)
    method: DELETE
    uri: https://ga-metrics-advisor.cognitiveservices.azure.com/metricsadvisor/v1.0/dataFeeds/7364b95f-59dc-47fb-a2b3-dcf84f3defb9
  response:
    body:
      string: ''
    headers:
      apim-request-id:
      - baca12f1-8ac5-4109-83b5-a2c7ea5ae245
      content-length:
      - '0'
      date:
      - Wed, 29 Sep 2021 19:36:33 GMT
      strict-transport-security:
      - max-age=31536000; includeSubDomains; preload
      x-content-type-options:
      - nosniff
      x-envoy-upstream-service-time:
      - '269'
      x-request-id:
      - baca12f1-8ac5-4109-83b5-a2c7ea5ae245
    status:
      code: 204
      message: No Content
version: 1
