interactions:
- request:
    body: 'b''{"dataSourceType": "SqlServer", "dataFeedName": "testfeedfe7728fa",
      "dataFeedDescription": "my first data feed", "granularityName": "Custom", "granularityAmount":
      20, "metrics": [{"metricName": "cost", "metricDisplayName": "display cost",
      "metricDescription": "the cost"}, {"metricName": "revenue", "metricDisplayName":
      "display revenue", "metricDescription": "the revenue"}], "dimension": [{"dimensionName":
      "category", "dimensionDisplayName": "display category"}, {"dimensionName": "city",
      "dimensionDisplayName": "display city"}], "timestampColumn": "Timestamp", "dataStartFrom":
      "2019-10-01T00:00:00.000Z", "startOffsetInSeconds": -1, "maxConcurrency": 0,
      "minRetryIntervalInSeconds": -1, "stopRetryAfterInSeconds": -1, "needRollup":
      "AlreadyRollup", "rollUpMethod": "Sum", "allUpIdentification": "sumrollup",
      "fillMissingPointType": "CustomValue", "fillMissingPointValue": 10.0, "viewMode":
      "Private", "admins": ["yournamehere@microsoft.com"], "viewers": ["viewers"],
      "actionLinkTemplate": "action link template", "dataSourceParameter": {"connectionString":
      "connectionstring", "query": "select\\u202f*\\u202ffrom\\u202fadsample2\\u202fwhere\\u202fTimestamp\\u202f=\\u202f@StartTime"}}'''
    headers:
      Accept:
      - application/json
      Accept-Encoding:
      - gzip, deflate
      Connection:
      - keep-alive
      Content-Length:
      - '1400'
      Content-Type:
      - application/json
      User-Agent:
      - azsdk-python-ai-metricsadvisor/1.0.0b1 Python/3.7.3 (Windows-10-10.0.18362-SP0)
    method: POST
    uri: https://anuchan-cg-metric-advisor.cognitiveservices.azure.com/metricsadvisor/v1.0/dataFeeds
  response:
    body:
      string: ''
    headers:
      apim-request-id:
      - c1df1932-df45-49ef-99ea-38f4a8d97a30
      content-length:
      - '0'
      date:
      - Wed, 09 Sep 2020 22:33:02 GMT
      location:
      - https://anuchan-cg-metric-advisor.cognitiveservices.azure.com/metricsadvisor/v1.0/dataFeeds/7fb88b3f-3f2d-43f8-bf92-7e48bf87a624
      strict-transport-security:
      - max-age=31536000; includeSubDomains; preload
      x-content-type-options:
      - nosniff
      x-envoy-upstream-service-time:
      - '369'
      x-request-id:
      - c1df1932-df45-49ef-99ea-38f4a8d97a30
    status:
      code: 201
      message: Created
- request:
    body: null
    headers:
      Accept:
      - application/json
      Accept-Encoding:
      - gzip, deflate
      Connection:
      - keep-alive
      User-Agent:
      - azsdk-python-ai-metricsadvisor/1.0.0b1 Python/3.7.3 (Windows-10-10.0.18362-SP0)
    method: GET
    uri: https://anuchan-cg-metric-advisor.cognitiveservices.azure.com/metricsadvisor/v1.0/dataFeeds/7fb88b3f-3f2d-43f8-bf92-7e48bf87a624
  response:
    body:
      string: "{\"dataFeedId\":\"7fb88b3f-3f2d-43f8-bf92-7e48bf87a624\",\"dataFeedName\":\"testfeedfe7728fa\",\"metrics\":[{\"metricId\":\"f5f63159-b63d-4a34-9b16-833091e69af1\",\"metricName\":\"cost\",\"metricDisplayName\":\"display
        cost\",\"metricDescription\":\"the cost\"},{\"metricId\":\"784438e5-ed0b-4477-bd15-12d011eccc35\",\"metricName\":\"revenue\",\"metricDisplayName\":\"display
        revenue\",\"metricDescription\":\"the revenue\"}],\"dimension\":[{\"dimensionName\":\"category\",\"dimensionDisplayName\":\"display
        category\"},{\"dimensionName\":\"city\",\"dimensionDisplayName\":\"display
        city\"}],\"dataStartFrom\":\"2019-10-01T00:00:00Z\",\"dataSourceType\":\"SqlServer\",\"timestampColumn\":\"Timestamp\",\"startOffsetInSeconds\":-1,\"maxQueryPerMinute\":30.0,\"granularityName\":\"Custom\",\"granularityAmount\":20,\"allUpIdentification\":\"sumrollup\",\"needRollup\":\"AlreadyRollup\",\"fillMissingPointType\":\"CustomValue\",\"fillMissingPointValue\":10.0,\"rollUpMethod\":\"Sum\",\"rollUpColumns\":[],\"dataFeedDescription\":\"my
        first data feed\",\"stopRetryAfterInSeconds\":-1,\"minRetryIntervalInSeconds\":-1,\"maxConcurrency\":0,\"viewMode\":\"Private\",\"admins\":[\"krpratic@microsoft.com\",\"yournamehere@microsoft.com\"],\"viewers\":[\"viewers\"],\"creator\":\"krpratic@microsoft.com\",\"status\":\"Active\",\"createdTime\":\"2020-09-09T22:33:02Z\",\"isAdmin\":true,\"actionLinkTemplate\":\"action
        link template\",\"dataSourceParameter\":{\"connectionString\":\"connectionstring\",\"query\":\"select\u202F*\u202Ffrom\u202Fadsample2\u202Fwhere\u202FTimestamp\u202F=\u202F@StartTime\"}}"
    headers:
      apim-request-id:
      - aafbda54-2b6e-4d70-93a0-4bc4d0c2c623
      content-length:
      - '1635'
      content-type:
      - application/json; charset=utf-8
      date:
      - Wed, 09 Sep 2020 22:33:02 GMT
      strict-transport-security:
      - max-age=31536000; includeSubDomains; preload
      x-content-type-options:
      - nosniff
      x-envoy-upstream-service-time:
      - '124'
      x-request-id:
      - aafbda54-2b6e-4d70-93a0-4bc4d0c2c623
    status:
      code: 200
      message: OK
- request:
    body: null
    headers:
      Accept:
      - application/json
      Accept-Encoding:
      - gzip, deflate
      Connection:
      - keep-alive
      Content-Length:
      - '0'
      User-Agent:
      - azsdk-python-ai-metricsadvisor/1.0.0b1 Python/3.7.3 (Windows-10-10.0.18362-SP0)
    method: DELETE
    uri: https://anuchan-cg-metric-advisor.cognitiveservices.azure.com/metricsadvisor/v1.0/dataFeeds/7fb88b3f-3f2d-43f8-bf92-7e48bf87a624
  response:
    body:
      string: ''
    headers:
      apim-request-id:
      - cbdc696e-0804-4390-a7e5-0069d70208d3
      content-length:
      - '0'
      date:
      - Wed, 09 Sep 2020 22:33:03 GMT
      strict-transport-security:
      - max-age=31536000; includeSubDomains; preload
      x-content-type-options:
      - nosniff
      x-envoy-upstream-service-time:
      - '260'
      x-request-id:
      - cbdc696e-0804-4390-a7e5-0069d70208d3
    status:
      code: 204
      message: No Content
- request:
    body: null
    headers:
      Accept:
      - application/json
      Accept-Encoding:
      - gzip, deflate
      Connection:
      - keep-alive
      User-Agent:
      - azsdk-python-ai-metricsadvisor/1.0.0b1 Python/3.7.3 (Windows-10-10.0.18362-SP0)
    method: GET
    uri: https://anuchan-cg-metric-advisor.cognitiveservices.azure.com/metricsadvisor/v1.0/dataFeeds/7fb88b3f-3f2d-43f8-bf92-7e48bf87a624
  response:
    body:
      string: '{"code":"ERROR_INVALID_PARAMETER","message":"datafeedId is invalid."}'
    headers:
      apim-request-id:
      - f2fed4e4-eb24-4379-b78f-e6268aa30226
      content-length:
      - '69'
      content-type:
      - application/json; charset=utf-8
      date:
      - Wed, 09 Sep 2020 22:33:03 GMT
      strict-transport-security:
      - max-age=31536000; includeSubDomains; preload
      x-content-type-options:
      - nosniff
      x-envoy-upstream-service-time:
      - '40'
      x-request-id:
      - f2fed4e4-eb24-4379-b78f-e6268aa30226
    status:
      code: 404
      message: Not Found
version: 1
