interactions:
- request:
    body: '{"dataSourceCredentialType": "DataLakeGen2SharedKey", "dataSourceCredentialName":
      "testdatalakecredential34151d38", "dataSourceCredentialDescription": "my credential",
      "parameters": {"accountKey": "connectionstring"}}'
    headers:
      Accept:
      - application/json
      Accept-Encoding:
      - gzip, deflate
      Connection:
      - keep-alive
      Content-Length:
      - '289'
      Content-Type:
      - application/json
      User-Agent:
      - azsdk-python-ai-metricsadvisor/1.0.0b5 Python/3.8.6 (Windows-10-10.0.19041-SP0)
    method: POST
    uri: https://js-metrics-advisor.cognitiveservices.azure.com/metricsadvisor/v1.0/credentials
  response:
    body:
      string: ''
    headers:
      apim-request-id:
      - 00ebc741-fde6-4090-ac9a-92e79ab86989
      content-length:
      - '0'
      date:
      - Fri, 11 Jun 2021 23:30:15 GMT
      location:
      - https://js-metrics-advisor.cognitiveservices.azure.com/metricsadvisor/v1.0/credentials/7a24bd73-98cf-4a3e-861c-15fe0a70a968
      strict-transport-security:
      - max-age=31536000; includeSubDomains; preload
      x-content-type-options:
      - nosniff
      x-envoy-upstream-service-time:
      - '282'
      x-request-id:
      - 00ebc741-fde6-4090-ac9a-92e79ab86989
    status:
      code: 201
      message: Created
- request:
    body: null
    headers:
      Accept:
      - application/json
      Accept-Encoding:
      - gzip, deflate
      Connection:
      - keep-alive
      User-Agent:
      - azsdk-python-ai-metricsadvisor/1.0.0b5 Python/3.8.6 (Windows-10-10.0.19041-SP0)
    method: GET
    uri: https://js-metrics-advisor.cognitiveservices.azure.com/metricsadvisor/v1.0/credentials/7a24bd73-98cf-4a3e-861c-15fe0a70a968
  response:
    body:
      string: '{"dataSourceCredentialId":"7a24bd73-98cf-4a3e-861c-15fe0a70a968","dataSourceCredentialName":"testdatalakecredential34151d38","dataSourceCredentialDescription":"my
        credential","dataSourceCredentialType":"DataLakeGen2SharedKey","parameters":{}}'
    headers:
      apim-request-id:
      - 37c1fad7-d492-4697-bd61-80adcf6fef64
      content-length:
      - '242'
      content-type:
      - application/json; charset=utf-8
      date:
      - Fri, 11 Jun 2021 23:30:15 GMT
      strict-transport-security:
      - max-age=31536000; includeSubDomains; preload
      x-content-type-options:
      - nosniff
      x-envoy-upstream-service-time:
      - '109'
      x-request-id:
      - 37c1fad7-d492-4697-bd61-80adcf6fef64
    status:
      code: 200
      message: OK
- request:
    body: '{"dataSourceCredentialType": "DataLakeGen2SharedKey", "dataSourceCredentialName":
      "testdatalakecredential34151d38", "dataSourceCredentialDescription": "update",
      "parameters": {"accountKey": "update"}}'
    headers:
      Accept:
      - application/json
      Accept-Encoding:
      - gzip, deflate
      Connection:
      - keep-alive
      Content-Length:
      - '200'
      Content-Type:
      - application/merge-patch+json
      User-Agent:
      - azsdk-python-ai-metricsadvisor/1.0.0b5 Python/3.8.6 (Windows-10-10.0.19041-SP0)
    method: PATCH
    uri: https://js-metrics-advisor.cognitiveservices.azure.com/metricsadvisor/v1.0/credentials/7a24bd73-98cf-4a3e-861c-15fe0a70a968
  response:
    body:
      string: '{"dataSourceCredentialId":"7a24bd73-98cf-4a3e-861c-15fe0a70a968","dataSourceCredentialName":"testdatalakecredential34151d38","dataSourceCredentialDescription":"update","dataSourceCredentialType":"DataLakeGen2SharedKey","parameters":{}}'
    headers:
      apim-request-id:
      - 2bc85b33-b49f-4731-bf9c-fe7beb5f69cf
      content-length:
      - '235'
      content-type:
      - application/json; charset=utf-8
      date:
      - Fri, 11 Jun 2021 23:30:16 GMT
      strict-transport-security:
      - max-age=31536000; includeSubDomains; preload
      x-content-type-options:
      - nosniff
      x-envoy-upstream-service-time:
      - '409'
      x-request-id:
      - 2bc85b33-b49f-4731-bf9c-fe7beb5f69cf
    status:
      code: 200
      message: OK
- request:
    body: null
    headers:
      Accept:
      - application/json
      Accept-Encoding:
      - gzip, deflate
      Connection:
      - keep-alive
      Content-Length:
      - '0'
      User-Agent:
      - azsdk-python-ai-metricsadvisor/1.0.0b5 Python/3.8.6 (Windows-10-10.0.19041-SP0)
    method: DELETE
    uri: https://js-metrics-advisor.cognitiveservices.azure.com/metricsadvisor/v1.0/credentials/7a24bd73-98cf-4a3e-861c-15fe0a70a968
  response:
    body:
      string: ''
    headers:
      apim-request-id:
      - 0139a691-52b0-4d4e-8c43-9f5753652db2
      content-length:
      - '0'
      date:
      - Fri, 11 Jun 2021 23:30:16 GMT
      strict-transport-security:
      - max-age=31536000; includeSubDomains; preload
      x-content-type-options:
      - nosniff
      x-envoy-upstream-service-time:
      - '185'
      x-request-id:
      - 0139a691-52b0-4d4e-8c43-9f5753652db2
    status:
      code: 204
      message: No Content
version: 1
