interactions:
- request:
    body: '{"dataSourceType": "SqlServer", "dataFeedName": "updatedetectionuuofdbggz",
      "granularityName": "Daily", "metrics": [{"metricName": "cost"}, {"metricName":
      "revenue"}], "dimension": [{"dimensionName": "category"}, {"dimensionName":
      "region"}], "dataStartFrom": "2019-10-01T00:00:00.000Z", "startOffsetInSeconds":
      0, "maxConcurrency": -1, "minRetryIntervalInSeconds": -1, "stopRetryAfterInSeconds":
      -1, "viewMode": "Private", "authenticationType": "Basic", "dataSourceParameter":
      {"connectionString": "connectionstring", "query": "select * from adsample2 where
      Timestamp = @StartTime"}}'
    headers:
      Accept:
      - application/json
      Accept-Encoding:
      - gzip, deflate, br
      Connection:
      - keep-alive
      Content-Length:
      - '800'
      Content-Type:
      - application/json
      User-Agent:
      - azsdk-python-ai-metricsadvisor/1.0.1 Python/3.8.6 (Windows-10-10.0.19041-SP0)
    method: POST
    uri: https://ga-metrics-advisor.cognitiveservices.azure.com/metricsadvisor/v1.0/dataFeeds
  response:
    body:
      string: ''
    headers:
      apim-request-id:
      - b690345d-2a21-4d3e-9a84-0ca9ec1a86aa
      content-length:
      - '0'
      date:
      - Wed, 29 Sep 2021 19:36:08 GMT
      location:
      - https://ga-metrics-advisor.cognitiveservices.azure.com/metricsadvisor/v1.0/dataFeeds/bbb91378-abc8-4a74-a9d8-c6951d0acbff
      strict-transport-security:
      - max-age=31536000; includeSubDomains; preload
      x-content-type-options:
      - nosniff
      x-envoy-upstream-service-time:
      - '500'
      x-request-id:
      - b690345d-2a21-4d3e-9a84-0ca9ec1a86aa
    status:
      code: 201
      message: Created
- request:
    body: null
    headers:
      Accept:
      - application/json
      Accept-Encoding:
      - gzip, deflate, br
      Connection:
      - keep-alive
      User-Agent:
      - azsdk-python-ai-metricsadvisor/1.0.1 Python/3.8.6 (Windows-10-10.0.19041-SP0)
    method: GET
    uri: https://ga-metrics-advisor.cognitiveservices.azure.com/metricsadvisor/v1.0/dataFeeds/bbb91378-abc8-4a74-a9d8-c6951d0acbff
  response:
    body:
      string: '{"dataFeedId":"bbb91378-abc8-4a74-a9d8-c6951d0acbff","dataFeedName":"updatedetectionuuofdbggz","metrics":[{"metricId":"a022e92c-45ae-4a40-8015-2820ce2b2e85","metricName":"cost","metricDisplayName":"cost","metricDescription":""},{"metricId":"9afcd47e-c1d7-4317-9b1c-699f399bd019","metricName":"revenue","metricDisplayName":"revenue","metricDescription":""}],"dimension":[{"dimensionName":"category","dimensionDisplayName":"category"},{"dimensionName":"region","dimensionDisplayName":"region"}],"dataStartFrom":"2019-10-01T00:00:00Z","dataSourceType":"SqlServer","timestampColumn":"","startOffsetInSeconds":0,"maxQueryPerMinute":30.0,"granularityName":"Daily","needRollup":"NoRollup","fillMissingPointType":"PreviousValue","fillMissingPointValue":0.0,"rollUpMethod":"None","dataFeedDescription":"","stopRetryAfterInSeconds":-1,"minRetryIntervalInSeconds":-1,"maxConcurrency":-1,"viewMode":"Private","admins":["xiangyan@microsoft.com"],"viewers":[],"creator":"xiangyan@microsoft.com","status":"Active","createdTime":"2021-09-29T19:36:09Z","isAdmin":true,"actionLinkTemplate":"","dataSourceParameter":{"query":"select
        * from adsample2 where Timestamp = @StartTime"},"authenticationType":"Basic"}'
    headers:
      apim-request-id:
      - 4c1aa441-52bf-435a-b9e5-c4e5b367700c
      content-length:
      - '1191'
      content-type:
      - application/json; charset=utf-8
      date:
      - Wed, 29 Sep 2021 19:36:08 GMT
      strict-transport-security:
      - max-age=31536000; includeSubDomains; preload
      x-content-type-options:
      - nosniff
      x-envoy-upstream-service-time:
      - '150'
      x-request-id:
      - 4c1aa441-52bf-435a-b9e5-c4e5b367700c
    status:
      code: 200
      message: OK
- request:
    body: '{"name": "testupdated37lwk6hv2cwvn", "description": "My test metric anomaly
      detection configuration", "metricId": "a022e92c-45ae-4a40-8015-2820ce2b2e85",
      "wholeMetricConfiguration": {"conditionOperator": "AND", "smartDetectionCondition":
      {"sensitivity": 50.0, "anomalyDetectorDirection": "Both", "suppressCondition":
      {"minNumber": 5, "minRatio": 5.0}}, "hardThresholdCondition": {"lowerBound":
      0.0, "upperBound": 100.0, "anomalyDetectorDirection": "Both", "suppressCondition":
      {"minNumber": 5, "minRatio": 5.0}}, "changeThresholdCondition": {"changePercentage":
      50.0, "shiftPoint": 30, "withinRange": true, "anomalyDetectorDirection": "Both",
      "suppressCondition": {"minNumber": 2, "minRatio": 2.0}}}, "dimensionGroupOverrideConfigurations":
      [{"group": {"dimension": {"region": "Sao Paulo"}}, "smartDetectionCondition":
      {"sensitivity": 63.0, "anomalyDetectorDirection": "Both", "suppressCondition":
      {"minNumber": 1, "minRatio": 100.0}}}], "seriesOverrideConfigurations": [{"series":
      {"dimension": {"region": "Shenzhen", "category": "Jewelry"}}, "smartDetectionCondition":
      {"sensitivity": 63.0, "anomalyDetectorDirection": "Both", "suppressCondition":
      {"minNumber": 1, "minRatio": 100.0}}}]}'
    headers:
      Accept:
      - application/json
      Accept-Encoding:
      - gzip, deflate, br
      Connection:
      - keep-alive
      Content-Length:
      - '1189'
      Content-Type:
      - application/json
      User-Agent:
      - azsdk-python-ai-metricsadvisor/1.0.1 Python/3.8.6 (Windows-10-10.0.19041-SP0)
    method: POST
    uri: https://ga-metrics-advisor.cognitiveservices.azure.com/metricsadvisor/v1.0/enrichment/anomalyDetection/configurations
  response:
    body:
      string: ''
    headers:
      apim-request-id:
      - accba262-49dd-4710-8350-e977c9f45131
      content-length:
      - '0'
      date:
      - Wed, 29 Sep 2021 19:36:09 GMT
      location:
      - https://ga-metrics-advisor.cognitiveservices.azure.com/metricsadvisor/v1.0/enrichment/anomalyDetection/configurations/ba9a5411-6404-40a4-b23f-f26cc4931144
      strict-transport-security:
      - max-age=31536000; includeSubDomains; preload
      x-content-type-options:
      - nosniff
      x-envoy-upstream-service-time:
      - '241'
      x-request-id:
      - accba262-49dd-4710-8350-e977c9f45131
    status:
      code: 201
      message: Created
- request:
    body: null
    headers:
      Accept:
      - application/json
      Accept-Encoding:
      - gzip, deflate, br
      Connection:
      - keep-alive
      User-Agent:
      - azsdk-python-ai-metricsadvisor/1.0.1 Python/3.8.6 (Windows-10-10.0.19041-SP0)
    method: GET
    uri: https://ga-metrics-advisor.cognitiveservices.azure.com/metricsadvisor/v1.0/enrichment/anomalyDetection/configurations/ba9a5411-6404-40a4-b23f-f26cc4931144
  response:
    body:
      string: '{"anomalyDetectionConfigurationId":"ba9a5411-6404-40a4-b23f-f26cc4931144","name":"testupdated37lwk6hv2cwvn","description":"My
        test metric anomaly detection configuration","metricId":"a022e92c-45ae-4a40-8015-2820ce2b2e85","wholeMetricConfiguration":{"conditionOperator":"AND","smartDetectionCondition":{"sensitivity":50.0,"anomalyDetectorDirection":"Both","suppressCondition":{"minNumber":5,"minRatio":5.0}},"hardThresholdCondition":{"lowerBound":0.0,"upperBound":100.0,"anomalyDetectorDirection":"Both","suppressCondition":{"minNumber":5,"minRatio":5.0}},"changeThresholdCondition":{"changePercentage":50.0,"shiftPoint":30,"anomalyDetectorDirection":"Both","withinRange":true,"suppressCondition":{"minNumber":2,"minRatio":2.0}}},"dimensionGroupOverrideConfigurations":[{"group":{"dimension":{"region":"Sao
        Paulo"}},"smartDetectionCondition":{"sensitivity":63.0,"anomalyDetectorDirection":"Both","suppressCondition":{"minNumber":1,"minRatio":100.0}}}],"seriesOverrideConfigurations":[{"series":{"dimension":{"region":"Shenzhen","category":"Jewelry"}},"smartDetectionCondition":{"sensitivity":63.0,"anomalyDetectorDirection":"Both","suppressCondition":{"minNumber":1,"minRatio":100.0}}}]}'
    headers:
      apim-request-id:
      - 5f2d6352-a86b-4180-8a1b-0dd3a042d246
      content-length:
      - '1186'
      content-type:
      - application/json; charset=utf-8
      date:
      - Wed, 29 Sep 2021 19:36:09 GMT
      strict-transport-security:
      - max-age=31536000; includeSubDomains; preload
      x-content-type-options:
      - nosniff
      x-envoy-upstream-service-time:
      - '90'
      x-request-id:
      - 5f2d6352-a86b-4180-8a1b-0dd3a042d246
    status:
      code: 200
      message: OK
- request:
    body: '{"name": "updated", "description": "updated", "wholeMetricConfiguration":
      {"conditionOperator": "OR", "smartDetectionCondition": {"sensitivity": 10.0,
      "anomalyDetectorDirection": "Up", "suppressCondition": {"minNumber": 5, "minRatio":
      2.0}}, "hardThresholdCondition": {"upperBound": 100.0, "anomalyDetectorDirection":
      "Up", "suppressCondition": {"minNumber": 5, "minRatio": 2.0}}, "changeThresholdCondition":
      {"changePercentage": 20.0, "shiftPoint": 10, "withinRange": true, "anomalyDetectorDirection":
      "Both", "suppressCondition": {"minNumber": 5, "minRatio": 2.0}}}, "dimensionGroupOverrideConfigurations":
      [{"group": {"dimension": {"region": "Sao Paulo"}}, "conditionOperator": "AND",
      "smartDetectionCondition": {"sensitivity": 10.0, "anomalyDetectorDirection":
      "Up", "suppressCondition": {"minNumber": 5, "minRatio": 2.0}}, "hardThresholdCondition":
      {"upperBound": 100.0, "anomalyDetectorDirection": "Up", "suppressCondition":
      {"minNumber": 5, "minRatio": 2.0}}, "changeThresholdCondition": {"changePercentage":
      20.0, "shiftPoint": 10, "withinRange": true, "anomalyDetectorDirection": "Both",
      "suppressCondition": {"minNumber": 5, "minRatio": 2.0}}}], "seriesOverrideConfigurations":
      [{"series": {"dimension": {"region": "Shenzhen", "category": "Jewelry"}}, "conditionOperator":
      "AND", "smartDetectionCondition": {"sensitivity": 10.0, "anomalyDetectorDirection":
      "Up", "suppressCondition": {"minNumber": 5, "minRatio": 2.0}}, "hardThresholdCondition":
      {"upperBound": 100.0, "anomalyDetectorDirection": "Up", "suppressCondition":
      {"minNumber": 5, "minRatio": 2.0}}, "changeThresholdCondition": {"changePercentage":
      20.0, "shiftPoint": 10, "withinRange": true, "anomalyDetectorDirection": "Both",
      "suppressCondition": {"minNumber": 5, "minRatio": 2.0}}}]}'
    headers:
      Accept:
      - application/json
      Accept-Encoding:
      - gzip, deflate, br
      Connection:
      - keep-alive
      Content-Length:
      - '1757'
      Content-Type:
      - application/merge-patch+json
      User-Agent:
      - azsdk-python-ai-metricsadvisor/1.0.1 Python/3.8.6 (Windows-10-10.0.19041-SP0)
    method: PATCH
    uri: https://ga-metrics-advisor.cognitiveservices.azure.com/metricsadvisor/v1.0/enrichment/anomalyDetection/configurations/ba9a5411-6404-40a4-b23f-f26cc4931144
  response:
    body:
      string: '{"anomalyDetectionConfigurationId":"ba9a5411-6404-40a4-b23f-f26cc4931144","name":"updated","description":"updated","metricId":"a022e92c-45ae-4a40-8015-2820ce2b2e85","wholeMetricConfiguration":{"conditionOperator":"OR","smartDetectionCondition":{"sensitivity":10.0,"anomalyDetectorDirection":"Up","suppressCondition":{"minNumber":5,"minRatio":2.0}},"hardThresholdCondition":{"upperBound":100.0,"anomalyDetectorDirection":"Up","suppressCondition":{"minNumber":5,"minRatio":2.0}},"changeThresholdCondition":{"changePercentage":20.0,"shiftPoint":10,"anomalyDetectorDirection":"Both","withinRange":true,"suppressCondition":{"minNumber":5,"minRatio":2.0}}},"dimensionGroupOverrideConfigurations":[{"group":{"dimension":{"region":"Sao
        Paulo"}},"conditionOperator":"AND","smartDetectionCondition":{"sensitivity":10.0,"anomalyDetectorDirection":"Up","suppressCondition":{"minNumber":5,"minRatio":2.0}},"hardThresholdCondition":{"upperBound":100.0,"anomalyDetectorDirection":"Up","suppressCondition":{"minNumber":5,"minRatio":2.0}},"changeThresholdCondition":{"changePercentage":20.0,"shiftPoint":10,"anomalyDetectorDirection":"Both","withinRange":true,"suppressCondition":{"minNumber":5,"minRatio":2.0}}}],"seriesOverrideConfigurations":[{"series":{"dimension":{"region":"Shenzhen","category":"Jewelry"}},"conditionOperator":"AND","smartDetectionCondition":{"sensitivity":10.0,"anomalyDetectorDirection":"Up","suppressCondition":{"minNumber":5,"minRatio":2.0}},"hardThresholdCondition":{"upperBound":100.0,"anomalyDetectorDirection":"Up","suppressCondition":{"minNumber":5,"minRatio":2.0}},"changeThresholdCondition":{"changePercentage":20.0,"shiftPoint":10,"anomalyDetectorDirection":"Both","withinRange":true,"suppressCondition":{"minNumber":5,"minRatio":2.0}}}]}'
    headers:
      apim-request-id:
      - c9681a58-8529-4cef-b3e8-8a63e1b2da8c
      content-length:
      - '1756'
      content-type:
      - application/json; charset=utf-8
      date:
      - Wed, 29 Sep 2021 19:36:09 GMT
      strict-transport-security:
      - max-age=31536000; includeSubDomains; preload
      x-content-type-options:
      - nosniff
      x-envoy-upstream-service-time:
      - '299'
      x-request-id:
      - c9681a58-8529-4cef-b3e8-8a63e1b2da8c
    status:
      code: 200
      message: OK
- request:
    body: null
    headers:
      Accept:
      - application/json
      Accept-Encoding:
      - gzip, deflate, br
      Connection:
      - keep-alive
      User-Agent:
      - azsdk-python-ai-metricsadvisor/1.0.1 Python/3.8.6 (Windows-10-10.0.19041-SP0)
    method: GET
    uri: https://ga-metrics-advisor.cognitiveservices.azure.com/metricsadvisor/v1.0/enrichment/anomalyDetection/configurations/ba9a5411-6404-40a4-b23f-f26cc4931144
  response:
    body:
      string: '{"anomalyDetectionConfigurationId":"ba9a5411-6404-40a4-b23f-f26cc4931144","name":"updated","description":"updated","metricId":"a022e92c-45ae-4a40-8015-2820ce2b2e85","wholeMetricConfiguration":{"conditionOperator":"OR","smartDetectionCondition":{"sensitivity":10.0,"anomalyDetectorDirection":"Up","suppressCondition":{"minNumber":5,"minRatio":2.0}},"hardThresholdCondition":{"upperBound":100.0,"anomalyDetectorDirection":"Up","suppressCondition":{"minNumber":5,"minRatio":2.0}},"changeThresholdCondition":{"changePercentage":20.0,"shiftPoint":10,"anomalyDetectorDirection":"Both","withinRange":true,"suppressCondition":{"minNumber":5,"minRatio":2.0}}},"dimensionGroupOverrideConfigurations":[{"group":{"dimension":{"region":"Sao
        Paulo"}},"conditionOperator":"AND","smartDetectionCondition":{"sensitivity":10.0,"anomalyDetectorDirection":"Up","suppressCondition":{"minNumber":5,"minRatio":2.0}},"hardThresholdCondition":{"upperBound":100.0,"anomalyDetectorDirection":"Up","suppressCondition":{"minNumber":5,"minRatio":2.0}},"changeThresholdCondition":{"changePercentage":20.0,"shiftPoint":10,"anomalyDetectorDirection":"Both","withinRange":true,"suppressCondition":{"minNumber":5,"minRatio":2.0}}}],"seriesOverrideConfigurations":[{"series":{"dimension":{"region":"Shenzhen","category":"Jewelry"}},"conditionOperator":"AND","smartDetectionCondition":{"sensitivity":10.0,"anomalyDetectorDirection":"Up","suppressCondition":{"minNumber":5,"minRatio":2.0}},"hardThresholdCondition":{"upperBound":100.0,"anomalyDetectorDirection":"Up","suppressCondition":{"minNumber":5,"minRatio":2.0}},"changeThresholdCondition":{"changePercentage":20.0,"shiftPoint":10,"anomalyDetectorDirection":"Both","withinRange":true,"suppressCondition":{"minNumber":5,"minRatio":2.0}}}]}'
    headers:
      apim-request-id:
      - 701264a4-c767-41f7-bed2-40a89ddcc25c
      content-length:
      - '1756'
      content-type:
      - application/json; charset=utf-8
      date:
      - Wed, 29 Sep 2021 19:36:10 GMT
      strict-transport-security:
      - max-age=31536000; includeSubDomains; preload
      x-content-type-options:
      - nosniff
      x-envoy-upstream-service-time:
      - '129'
      x-request-id:
      - 701264a4-c767-41f7-bed2-40a89ddcc25c
    status:
      code: 200
      message: OK
- request:
    body: null
    headers:
      Accept:
      - application/json
      Accept-Encoding:
      - gzip, deflate, br
      Connection:
      - keep-alive
      Content-Length:
      - '0'
      User-Agent:
      - azsdk-python-ai-metricsadvisor/1.0.1 Python/3.8.6 (Windows-10-10.0.19041-SP0)
    method: DELETE
    uri: https://ga-metrics-advisor.cognitiveservices.azure.com/metricsadvisor/v1.0/dataFeeds/bbb91378-abc8-4a74-a9d8-c6951d0acbff
  response:
    body:
      string: ''
    headers:
      apim-request-id:
      - 2a4d4cc2-d789-49b0-b578-cb05e4e75bb2
      content-length:
      - '0'
      date:
      - Wed, 29 Sep 2021 19:36:10 GMT
      strict-transport-security:
      - max-age=31536000; includeSubDomains; preload
      x-content-type-options:
      - nosniff
      x-envoy-upstream-service-time:
      - '322'
      x-request-id:
      - 2a4d4cc2-d789-49b0-b578-cb05e4e75bb2
    status:
      code: 204
      message: No Content
version: 1
