{
  "Entries": [
    {
      "RequestUri": "https://fakeendpoint.cognitiveservices.azure.com/metricsadvisor/v1.0/credentials",
      "RequestMethod": "POST",
      "RequestHeaders": {
        "Accept": "application/json",
        "Accept-Encoding": "gzip, deflate",
        "Connection": "keep-alive",
        "Content-Length": "277",
        "Content-Type": "application/json",
        "User-Agent": "azsdk-python-ai-metricsadvisor/1.1.0 Python/3.10.0 (Windows-10-10.0.22621-SP0)"
      },
      "RequestBody": {
        "dataSourceCredentialType": "AzureSQLConnectionString",
        "dataSourceCredentialName": "testsqlcredential6fc6acb4-a381-4b66-a3e3-fd7843dc6eb2",
        "dataSourceCredentialDescription": "my credential",
        "parameters": {
          "connectionString": "metrics_advisor_sql_server_connection_string"
        }
      },
      "StatusCode": 201,
      "ResponseHeaders": {
        "apim-request-id": "d6f5d54e-3664-4043-8a45-37151e8eaf74",
        "Content-Length": "0",
        "Date": "Thu, 29 Sep 2022 23:21:08 GMT",
        "Location": "https://fakeendpoint.cognitiveservices.azure.com/metricsadvisor/v1.0/credentials/94a356db-d629-4a36-9975-2ea5b2f0b7ba",
        "Strict-Transport-Security": "max-age=31536000; includeSubDomains; preload",
        "X-Content-Type-Options": "nosniff",
        "x-envoy-upstream-service-time": "237",
        "X-Request-ID": "d6f5d54e-3664-4043-8a45-37151e8eaf74"
      },
      "ResponseBody": null
    },
    {
      "RequestUri": "https://fakeendpoint.cognitiveservices.azure.com/metricsadvisor/v1.0/credentials/94a356db-d629-4a36-9975-2ea5b2f0b7ba",
      "RequestMethod": "GET",
      "RequestHeaders": {
        "Accept": "application/json",
        "Accept-Encoding": "gzip, deflate",
        "Connection": "keep-alive",
        "User-Agent": "azsdk-python-ai-metricsadvisor/1.1.0 Python/3.10.0 (Windows-10-10.0.22621-SP0)"
      },
      "RequestBody": null,
      "StatusCode": 200,
      "ResponseHeaders": {
        "apim-request-id": "f76f4640-7ccc-4907-8fed-7dd4a3b6d02c",
        "Content-Length": "268",
        "Content-Type": "application/json; charset=utf-8",
        "Date": "Thu, 29 Sep 2022 23:21:08 GMT",
        "Strict-Transport-Security": "max-age=31536000; includeSubDomains; preload",
        "X-Content-Type-Options": "nosniff",
        "x-envoy-upstream-service-time": "94",
        "X-Request-ID": "f76f4640-7ccc-4907-8fed-7dd4a3b6d02c"
      },
      "ResponseBody": {
        "dataSourceCredentialId": "94a356db-d629-4a36-9975-2ea5b2f0b7ba",
        "dataSourceCredentialName": "testsqlcredential6fc6acb4-a381-4b66-a3e3-fd7843dc6eb2",
        "dataSourceCredentialDescription": "my credential",
        "dataSourceCredentialType": "AzureSQLConnectionString",
        "parameters": {}
      }
    },
    {
      "RequestUri": "https://fakeendpoint.cognitiveservices.azure.com/metricsadvisor/v1.0/credentials",
      "RequestMethod": "GET",
      "RequestHeaders": {
        "Accept": "application/json",
        "Accept-Encoding": "gzip, deflate",
        "Connection": "keep-alive",
        "User-Agent": "azsdk-python-ai-metricsadvisor/1.1.0 Python/3.10.0 (Windows-10-10.0.22621-SP0)"
      },
      "RequestBody": null,
      "StatusCode": 200,
      "ResponseHeaders": {
        "apim-request-id": "de2b4f2d-4c67-44e8-a612-40a098e8d6c8",
        "Content-Length": "4819",
        "Content-Type": "application/json; charset=utf-8",
        "Date": "Thu, 29 Sep 2022 23:21:08 GMT",
        "Strict-Transport-Security": "max-age=31536000; includeSubDomains; preload",
        "X-Content-Type-Options": "nosniff",
        "x-envoy-upstream-service-time": "69",
        "X-Request-ID": "de2b4f2d-4c67-44e8-a612-40a098e8d6c8"
      },
      "ResponseBody": {
        "value": [
          {
            "dataSourceCredentialId": "94a356db-d629-4a36-9975-2ea5b2f0b7ba",
            "dataSourceCredentialName": "testsqlcredential6fc6acb4-a381-4b66-a3e3-fd7843dc6eb2",
            "dataSourceCredentialDescription": "my credential",
            "dataSourceCredentialType": "AzureSQLConnectionString",
            "parameters": {}
          },
          {
            "dataSourceCredentialId": "0d5b335e-fc58-423b-8d7d-f613c47492ec",
            "dataSourceCredentialName": "testsqlcredential68fbe545-8a9f-4c77-8bce-e4989fe650d6",
            "dataSourceCredentialDescription": "my credential",
            "dataSourceCredentialType": "AzureSQLConnectionString",
            "parameters": {}
          },
          {
            "dataSourceCredentialId": "ac59a15e-9e4b-475e-adf2-22b5d0476615",
            "dataSourceCredentialName": "testsqlcredentialcd355688-eade-43fc-ae6c-2a50b833c800",
            "dataSourceCredentialDescription": "my credential",
            "dataSourceCredentialType": "AzureSQLConnectionString",
            "parameters": {}
          },
          {
            "dataSourceCredentialId": "3ff85eb6-de39-4cfb-9ffb-d8b39f9618c4",
            "dataSourceCredentialName": "testsqlcredential4753fd5c-7f89-4bbf-895e-b59a280dc37f",
            "dataSourceCredentialDescription": "my credential",
            "dataSourceCredentialType": "AzureSQLConnectionString",
            "parameters": {}
          },
          {
            "dataSourceCredentialId": "fa9c8066-3cbe-487b-8f6c-df410c5fc58b",
            "dataSourceCredentialName": "testsqlcredential51bf4b17-7d6b-4081-ab92-d164f1126797",
            "dataSourceCredentialDescription": "my credential",
            "dataSourceCredentialType": "AzureSQLConnectionString",
            "parameters": {}
          },
          {
            "dataSourceCredentialId": "84bc6b29-608b-4d51-9212-ac1eab8e539c",
            "dataSourceCredentialName": "testserviceprincipalcredential3110e625-ee89-452d-8ba7-287e31c02471",
            "dataSourceCredentialDescription": "my credential",
            "dataSourceCredentialType": "ServicePrincipal",
            "parameters": {
              "clientId": "client_id",
              "tenantId": "tenant_id"
            }
          },
          {
            "dataSourceCredentialId": "2fdcade8-0b68-40a4-a500-88c56e5abff1",
            "dataSourceCredentialName": "testdatalakecredential78d61a56-6fbb-49df-8341-fdb95e509bb4",
            "dataSourceCredentialDescription": "update",
            "dataSourceCredentialType": "DataLakeGen2SharedKey",
            "parameters": {}
          },
          {
            "dataSourceCredentialId": "17e9de3b-24d8-40a9-9168-793550185322",
            "dataSourceCredentialName": "testserviceprincipalcredential5166413e-ac1e-441f-8157-53174440c82f",
            "dataSourceCredentialDescription": "update",
            "dataSourceCredentialType": "ServicePrincipalInKV",
            "parameters": {
              "servicePrincipalSecretNameInKV": "update",
              "servicePrincipalIdNameInKV": "update",
              "tenantId": "update",
              "keyVaultClientId": "update",
              "keyVaultEndpoint": "update"
            }
          },
          {
            "dataSourceCredentialId": "0f748f5d-53fe-43aa-ac98-f26c66100848",
            "dataSourceCredentialName": "testserviceprincipalcredential03f352f4-881a-4a1e-86ea-a512fbb8fa6b",
            "dataSourceCredentialDescription": "update",
            "dataSourceCredentialType": "ServicePrincipalInKV",
            "parameters": {
              "servicePrincipalSecretNameInKV": "update",
              "servicePrincipalIdNameInKV": "update",
              "tenantId": "update",
              "keyVaultClientId": "update",
              "keyVaultEndpoint": "update"
            }
          },
          {
            "dataSourceCredentialId": "0c38ee68-36cc-4686-bcb1-8ea499b285e5",
            "dataSourceCredentialName": "testserviceprincipalcredential438ca144-622d-4578-b37e-4d450951ef00",
            "dataSourceCredentialDescription": "update",
            "dataSourceCredentialType": "ServicePrincipalInKV",
            "parameters": {
              "servicePrincipalSecretNameInKV": "update",
              "servicePrincipalIdNameInKV": "update",
              "tenantId": "update",
              "keyVaultClientId": "update",
              "keyVaultEndpoint": "update"
            }
          },
          {
            "dataSourceCredentialId": "049cd8c5-1d0c-4e53-8d43-d9e1a2fce7e8",
            "dataSourceCredentialName": "testserviceprincipalcredential8dca3bfc-e6b2-4fc4-a63e-e1f15a03f71f",
            "dataSourceCredentialDescription": "update",
            "dataSourceCredentialType": "ServicePrincipal",
            "parameters": {
              "clientId": "update",
              "tenantId": "update"
            }
          },
          {
            "dataSourceCredentialId": "876c5c8a-f2b6-43c2-a294-e2bd68317955",
            "dataSourceCredentialName": "testserviceprincipalcredential0a16f71c-7d1d-4960-b11f-fe302690781b",
            "dataSourceCredentialDescription": "my credential",
            "dataSourceCredentialType": "ServicePrincipalInKV",
            "parameters": {
              "servicePrincipalSecretNameInKV": "service_principal_secret_name_in_kv",
              "servicePrincipalIdNameInKV": "service_principal_id_name_in_kv",
              "tenantId": "tenant_id",
              "keyVaultClientId": "key_vault_client_id",
              "keyVaultEndpoint": "key_vault_endpoint"
            }
          },
          {
            "dataSourceCredentialId": "52dcfb4b-0f08-4658-95c5-ca10bcaa398a",
            "dataSourceCredentialName": "testdatalakecredentialbe31524c-f7f8-477c-a49b-7a7b512ef310",
            "dataSourceCredentialDescription": "my credential",
            "dataSourceCredentialType": "DataLakeGen2SharedKey",
            "parameters": {}
          },
          {
            "dataSourceCredentialId": "aaeeada2-0aba-4297-bd49-4894504c07dc",
            "dataSourceCredentialName": "testsqlcredential4f70906a-9350-4017-b1f4-e3276a2e55d9",
            "dataSourceCredentialDescription": "my credential",
            "dataSourceCredentialType": "AzureSQLConnectionString",
            "parameters": {}
          },
          {
            "dataSourceCredentialId": "118263dc-e176-4434-a358-86d1b0730332",
            "dataSourceCredentialName": "testsqlcredential404519fc",
            "dataSourceCredentialDescription": "my credential",
            "dataSourceCredentialType": "AzureSQLConnectionString",
            "parameters": {}
          }
        ]
      }
    },
    {
      "RequestUri": "https://fakeendpoint.cognitiveservices.azure.com/metricsadvisor/v1.0/credentials/94a356db-d629-4a36-9975-2ea5b2f0b7ba",
      "RequestMethod": "DELETE",
      "RequestHeaders": {
        "Accept": "application/json",
        "Accept-Encoding": "gzip, deflate",
        "Connection": "keep-alive",
        "Content-Length": "0",
        "User-Agent": "azsdk-python-ai-metricsadvisor/1.1.0 Python/3.10.0 (Windows-10-10.0.22621-SP0)"
      },
      "RequestBody": null,
      "StatusCode": 204,
      "ResponseHeaders": {
        "apim-request-id": "c20fa909-f8c2-47f7-b8ce-a5d418905b22",
        "Content-Length": "0",
        "Date": "Thu, 29 Sep 2022 23:21:08 GMT",
        "Strict-Transport-Security": "max-age=31536000; includeSubDomains; preload",
        "X-Content-Type-Options": "nosniff",
        "x-envoy-upstream-service-time": "97",
        "X-Request-ID": "c20fa909-f8c2-47f7-b8ce-a5d418905b22"
      },
      "ResponseBody": null
    }
  ],
  "Variables": {
    "credential_id": "94a356db-d629-4a36-9975-2ea5b2f0b7ba",
    "credential_name": "testsqlcredential6fc6acb4-a381-4b66-a3e3-fd7843dc6eb2"
  }
}
