{
  "Entries": [
    {
      "RequestUri": "https://fakeendpoint.cognitiveservices.azure.com/metricsadvisor/v1.0/dataFeeds",
      "RequestMethod": "POST",
      "RequestHeaders": {
        "Accept": "application/json",
        "Accept-Encoding": "gzip, deflate",
        "Connection": "keep-alive",
        "Content-Length": "645",
        "Content-Type": "application/json",
        "User-Agent": "azsdk-python-ai-metricsadvisor/1.0.1 Python/3.10.0 (Windows-10-10.0.22000-SP0)",
        "x-ms-client-request-id": "52183c44-5e0c-11ec-abc1-6245b51668de"
      },
      "RequestBody": "{\u0022dataSourceType\u0022: \u0022AzureTable\u0022, \u0022dataFeedName\u0022: \u0022tablefeed10964004-d531-4bac-ba40-07e0df8d7618\u0022, \u0022granularityName\u0022: \u0022Daily\u0022, \u0022metrics\u0022: [{\u0022metricName\u0022: \u0022cost\u0022}, {\u0022metricName\u0022: \u0022revenue\u0022}], \u0022dimension\u0022: [{\u0022dimensionName\u0022: \u0022category\u0022}, {\u0022dimensionName\u0022: \u0022city\u0022}], \u0022dataStartFrom\u0022: \u00222019-10-01T00:00:00.000Z\u0022, \u0022startOffsetInSeconds\u0022: 0, \u0022maxConcurrency\u0022: -1, \u0022minRetryIntervalInSeconds\u0022: -1, \u0022stopRetryAfterInSeconds\u0022: -1, \u0022viewMode\u0022: \u0022Private\u0022, \u0022authenticationType\u0022: \u0022Basic\u0022, \u0022dataSourceParameter\u0022: {\u0022connectionString\u0022: \u0022azure_table_connection_string\u0022, \u0022table\u0022: \u0022adsample\u0022, \u0022query\u0022: \u0022PartitionKey ge \u0027@StartTime\u0027 and PartitionKey lt \u0027@EndTime\u0027\u0022}}",
      "StatusCode": 201,
      "ResponseHeaders": {
        "apim-request-id": "99345e38-806f-4a1e-b31a-2af1848b4aae",
        "Content-Length": "0",
        "Date": "Thu, 16 Dec 2021 01:05:54 GMT",
        "Location": "https://fakeendpoint.cognitiveservices.azure.com/metricsadvisor/v1.0/dataFeeds/b88fba6e-81e7-48d7-a89d-107b54e43fa2",
        "Strict-Transport-Security": "max-age=31536000; includeSubDomains; preload",
        "X-Content-Type-Options": "nosniff",
        "x-envoy-upstream-service-time": "492",
        "X-Request-ID": "99345e38-806f-4a1e-b31a-2af1848b4aae"
      },
      "ResponseBody": null
    },
    {
      "RequestUri": "https://fakeendpoint.cognitiveservices.azure.com/metricsadvisor/v1.0/dataFeeds/b88fba6e-81e7-48d7-a89d-107b54e43fa2",
      "RequestMethod": "GET",
      "RequestHeaders": {
        "Accept": "application/json",
        "Accept-Encoding": "gzip, deflate",
        "Connection": "keep-alive",
        "User-Agent": "azsdk-python-ai-metricsadvisor/1.0.1 Python/3.10.0 (Windows-10-10.0.22000-SP0)",
        "x-ms-client-request-id": "526c1c44-5e0c-11ec-933a-6245b51668de"
      },
      "RequestBody": null,
      "StatusCode": 200,
      "ResponseHeaders": {
        "apim-request-id": "d6c4b117-1a7a-4514-ba8a-957b53f41f04",
        "Content-Length": "1235",
        "Content-Type": "application/json; charset=utf-8",
        "Date": "Thu, 16 Dec 2021 01:05:55 GMT",
        "Strict-Transport-Security": "max-age=31536000; includeSubDomains; preload",
        "X-Content-Type-Options": "nosniff",
        "x-envoy-upstream-service-time": "182",
        "X-Request-ID": "d6c4b117-1a7a-4514-ba8a-957b53f41f04"
      },
      "ResponseBody": {
        "dataFeedId": "b88fba6e-81e7-48d7-a89d-107b54e43fa2",
        "dataFeedName": "tablefeed10964004-d531-4bac-ba40-07e0df8d7618",
        "metrics": [
          {
            "metricId": "17929dfe-546f-4a92-8d9f-cd60234190ea",
            "metricName": "cost",
            "metricDisplayName": "cost",
            "metricDescription": ""
          },
          {
            "metricId": "c922da90-91d3-406f-8764-323156886912",
            "metricName": "revenue",
            "metricDisplayName": "revenue",
            "metricDescription": ""
          }
        ],
        "dimension": [
          {
            "dimensionName": "category",
            "dimensionDisplayName": "category"
          },
          {
            "dimensionName": "city",
            "dimensionDisplayName": "city"
          }
        ],
        "dataStartFrom": "2019-10-01T00:00:00Z",
        "dataSourceType": "AzureTable",
        "timestampColumn": "",
        "startOffsetInSeconds": 0,
        "maxQueryPerMinute": 30.0,
        "granularityName": "Daily",
        "needRollup": "NoRollup",
        "fillMissingPointType": "PreviousValue",
        "fillMissingPointValue": 0.0,
        "rollUpMethod": "None",
        "dataFeedDescription": "",
        "stopRetryAfterInSeconds": -1,
        "minRetryIntervalInSeconds": -1,
        "maxConcurrency": -1,
        "viewMode": "Private",
        "admins": [
          "krpratic@microsoft.com"
        ],
        "viewers": [],
        "creator": "krpratic@microsoft.com",
        "status": "Active",
        "createdTime": "2021-12-16T01:05:55Z",
        "isAdmin": true,
        "actionLinkTemplate": "",
        "dataSourceParameter": {
          "query": "PartitionKey ge \u0027@StartTime\u0027 and PartitionKey lt \u0027@EndTime\u0027",
          "table": "adsample"
        },
        "authenticationType": "Basic"
      }
    },
    {
      "RequestUri": "https://fakeendpoint.cognitiveservices.azure.com/metricsadvisor/v1.0/dataFeeds/b88fba6e-81e7-48d7-a89d-107b54e43fa2",
      "RequestMethod": "DELETE",
      "RequestHeaders": {
        "Accept": "application/json",
        "Accept-Encoding": "gzip, deflate",
        "Connection": "keep-alive",
        "Content-Length": "0",
        "User-Agent": "azsdk-python-ai-metricsadvisor/1.0.1 Python/3.10.0 (Windows-10-10.0.22000-SP0)",
        "x-ms-client-request-id": "529379ec-5e0c-11ec-bf8d-6245b51668de"
      },
      "RequestBody": null,
      "StatusCode": 204,
      "ResponseHeaders": {
        "apim-request-id": "e0f848d5-7b11-429c-adf3-41a393112bc7",
        "Content-Length": "0",
        "Date": "Thu, 16 Dec 2021 01:05:55 GMT",
        "Strict-Transport-Security": "max-age=31536000; includeSubDomains; preload",
        "X-Content-Type-Options": "nosniff",
        "x-envoy-upstream-service-time": "336",
        "X-Request-ID": "e0f848d5-7b11-429c-adf3-41a393112bc7"
      },
      "ResponseBody": null
    }
  ],
  "Variables": {
    "data_feed_id": "b88fba6e-81e7-48d7-a89d-107b54e43fa2",
    "data_feed_name": "tablefeed10964004-d531-4bac-ba40-07e0df8d7618"
  }
}
