{
  "Entries": [
    {
      "RequestUri": "https://fakeendpoint.cognitiveservices.azure.com/metricsadvisor/v1.0/dataFeeds/366a84ff-e079-4f89-98e3-e6b916849ca6",
      "RequestMethod": "GET",
      "RequestHeaders": {
        "Accept": "application/json",
        "Accept-Encoding": "gzip, deflate",
        "Authorization": "Sanitized",
        "Connection": "keep-alive",
        "User-Agent": "azsdk-python-ai-metricsadvisor/1.1.0 Python/3.9.7 (macOS-12.2.1-x86_64-i386-64bit)",
        "x-ms-client-request-id": "2422c256-9f1d-11ec-a513-acde48001122"
      },
      "RequestBody": null,
      "StatusCode": 200,
      "ResponseHeaders": {
        "apim-request-id": "fdbf8154-bdda-4839-8104-9e8506fcdaa4",
        "Content-Length": "1342",
        "Content-Type": "application/json; charset=utf-8",
        "Date": "Tue, 08 Mar 2022 20:20:05 GMT",
        "Strict-Transport-Security": "max-age=31536000; includeSubDomains; preload",
        "X-Content-Type-Options": "nosniff",
        "x-envoy-upstream-service-time": "119",
        "X-Request-ID": "fdbf8154-bdda-4839-8104-9e8506fcdaa4"
      },
      "ResponseBody": {
        "dataFeedId": "366a84ff-e079-4f89-98e3-e6b916849ca6",
        "dataFeedName": "datafeedaa5f9092-077e-4792-a6e7-19a05e085f9c",
        "metrics": [
          {
            "metricId": "32f631c3-289e-47e6-9b39-90abb00a8e47",
            "metricName": "cost",
            "metricDisplayName": "cost",
            "metricDescription": "the cost"
          },
          {
            "metricId": "85ee6023-4e8a-422a-b800-6054a12e7ac7",
            "metricName": "revenue",
            "metricDisplayName": "revenue",
            "metricDescription": "the revenue"
          }
        ],
        "dimension": [
          {
            "dimensionName": "category",
            "dimensionDisplayName": "category"
          },
          {
            "dimensionName": "region",
            "dimensionDisplayName": "region"
          }
        ],
        "dataStartFrom": "2019-10-01T00:00:00Z",
        "dataSourceType": "SqlServer",
        "timestampColumn": "Timestamp",
        "startOffsetInSeconds": -1,
        "maxQueryPerMinute": 30.0,
        "granularityName": "Daily",
        "needRollup": "NoRollup",
        "fillMissingPointType": "SmartFilling",
        "fillMissingPointValue": 0.0,
        "rollUpMethod": "None",
        "dataFeedDescription": "my first data feed",
        "stopRetryAfterInSeconds": -1,
        "minRetryIntervalInSeconds": -1,
        "maxConcurrency": 0,
        "viewMode": "Private",
        "admins": [
          "yournamehere@microsoft.com",
          "f850650c-1fcf-4489-b46f-71af2e30d360"
        ],
        "viewers": [
          "viewers"
        ],
        "creator": "f850650c-1fcf-4489-b46f-71af2e30d360",
        "status": "Active",
        "createdTime": "2022-03-08T20:20:04Z",
        "isAdmin": true,
        "actionLinkTemplate": "action link template",
        "dataSourceParameter": {
          "query": "select * from adsample2 where Timestamp = @StartTime"
        },
        "authenticationType": "Basic"
      }
    },
    {
      "RequestUri": "https://fakeendpoint.cognitiveservices.azure.com/metricsadvisor/v1.0/dataFeeds/366a84ff-e079-4f89-98e3-e6b916849ca6",
      "RequestMethod": "PATCH",
      "RequestHeaders": {
        "Accept": "application/json",
        "Accept-Encoding": "gzip, deflate",
        "Authorization": "Sanitized",
        "Connection": "keep-alive",
        "Content-Length": "687",
        "Content-Type": "application/merge-patch\u002Bjson",
        "User-Agent": "azsdk-python-ai-metricsadvisor/1.1.0 Python/3.9.7 (macOS-12.2.1-x86_64-i386-64bit)",
        "x-ms-client-request-id": "24513456-9f1d-11ec-a513-acde48001122"
      },
      "RequestBody": {
        "dataFeedName": "updatef9e1894c-a5d9-4725-9335-cd4f38c17f19",
        "dataFeedDescription": "updated",
        "timestampColumn": "time",
        "dataStartFrom": "2021-09-10T00:00:00.000Z",
        "startOffsetInSeconds": 1,
        "maxConcurrency": 1,
        "minRetryIntervalInSeconds": 120,
        "stopRetryAfterInSeconds": 1,
        "needRollup": "AlreadyRollup",
        "rollUpMethod": "Sum",
        "rollUpColumns": [],
        "allUpIdentification": "sumrollup",
        "fillMissingPointType": "CustomValue",
        "fillMissingPointValue": 2,
        "viewMode": "Public",
        "viewers": [
          "updated"
        ],
        "status": "Paused",
        "actionLinkTemplate": "updated",
        "dataSourceParameter": {
          "connectionString": "updated",
          "query": "get data"
        },
        "authenticationType": "Basic",
        "credentialId": null
      },
      "StatusCode": 200,
      "ResponseHeaders": {
        "apim-request-id": "a6abc98c-c469-41cf-8d32-253002cb3d1c",
        "Content-Length": "1302",
        "Content-Type": "application/json; charset=utf-8",
        "Date": "Tue, 08 Mar 2022 20:20:06 GMT",
        "Strict-Transport-Security": "max-age=31536000; includeSubDomains; preload",
        "X-Content-Type-Options": "nosniff",
        "x-envoy-upstream-service-time": "574",
        "X-Request-ID": "a6abc98c-c469-41cf-8d32-253002cb3d1c"
      },
      "ResponseBody": {
        "dataFeedId": "366a84ff-e079-4f89-98e3-e6b916849ca6",
        "dataFeedName": "updatef9e1894c-a5d9-4725-9335-cd4f38c17f19",
        "metrics": [
          {
            "metricId": "32f631c3-289e-47e6-9b39-90abb00a8e47",
            "metricName": "cost",
            "metricDisplayName": "cost",
            "metricDescription": "the cost"
          },
          {
            "metricId": "85ee6023-4e8a-422a-b800-6054a12e7ac7",
            "metricName": "revenue",
            "metricDisplayName": "revenue",
            "metricDescription": "the revenue"
          }
        ],
        "dimension": [
          {
            "dimensionName": "category",
            "dimensionDisplayName": "category"
          },
          {
            "dimensionName": "region",
            "dimensionDisplayName": "region"
          }
        ],
        "dataStartFrom": "2021-09-10T00:00:00Z",
        "dataSourceType": "SqlServer",
        "timestampColumn": "time",
        "startOffsetInSeconds": 1,
        "maxQueryPerMinute": 30.0,
        "granularityName": "Daily",
        "allUpIdentification": "sumrollup",
        "needRollup": "AlreadyRollup",
        "fillMissingPointType": "CustomValue",
        "fillMissingPointValue": 2.0,
        "rollUpMethod": "Sum",
        "dataFeedDescription": "updated",
        "stopRetryAfterInSeconds": 1,
        "minRetryIntervalInSeconds": 120,
        "maxConcurrency": 1,
        "viewMode": "Public",
        "admins": [
          "yournamehere@microsoft.com",
          "f850650c-1fcf-4489-b46f-71af2e30d360"
        ],
        "viewers": [
          "updated"
        ],
        "creator": "f850650c-1fcf-4489-b46f-71af2e30d360",
        "status": "Paused",
        "createdTime": "2022-03-08T20:20:04Z",
        "isAdmin": true,
        "actionLinkTemplate": "updated",
        "dataSourceParameter": {
          "query": "get data"
        },
        "authenticationType": "Basic"
      }
    },
    {
      "RequestUri": "https://fakeendpoint.cognitiveservices.azure.com/metricsadvisor/v1.0/dataFeeds/366a84ff-e079-4f89-98e3-e6b916849ca6",
      "RequestMethod": "GET",
      "RequestHeaders": {
        "Accept": "application/json",
        "Accept-Encoding": "gzip, deflate",
        "Authorization": "Sanitized",
        "Connection": "keep-alive",
        "User-Agent": "azsdk-python-ai-metricsadvisor/1.1.0 Python/3.9.7 (macOS-12.2.1-x86_64-i386-64bit)",
        "x-ms-client-request-id": "24e2463a-9f1d-11ec-a513-acde48001122"
      },
      "RequestBody": null,
      "StatusCode": 200,
      "ResponseHeaders": {
        "apim-request-id": "a94961dd-daf9-491e-9dbd-f7dffd68f698",
        "Content-Length": "1302",
        "Content-Type": "application/json; charset=utf-8",
        "Date": "Tue, 08 Mar 2022 20:20:06 GMT",
        "Strict-Transport-Security": "max-age=31536000; includeSubDomains; preload",
        "X-Content-Type-Options": "nosniff",
        "x-envoy-upstream-service-time": "118",
        "X-Request-ID": "a94961dd-daf9-491e-9dbd-f7dffd68f698"
      },
      "ResponseBody": {
        "dataFeedId": "366a84ff-e079-4f89-98e3-e6b916849ca6",
        "dataFeedName": "updatef9e1894c-a5d9-4725-9335-cd4f38c17f19",
        "metrics": [
          {
            "metricId": "32f631c3-289e-47e6-9b39-90abb00a8e47",
            "metricName": "cost",
            "metricDisplayName": "cost",
            "metricDescription": "the cost"
          },
          {
            "metricId": "85ee6023-4e8a-422a-b800-6054a12e7ac7",
            "metricName": "revenue",
            "metricDisplayName": "revenue",
            "metricDescription": "the revenue"
          }
        ],
        "dimension": [
          {
            "dimensionName": "category",
            "dimensionDisplayName": "category"
          },
          {
            "dimensionName": "region",
            "dimensionDisplayName": "region"
          }
        ],
        "dataStartFrom": "2021-09-10T00:00:00Z",
        "dataSourceType": "SqlServer",
        "timestampColumn": "time",
        "startOffsetInSeconds": 1,
        "maxQueryPerMinute": 30.0,
        "granularityName": "Daily",
        "allUpIdentification": "sumrollup",
        "needRollup": "AlreadyRollup",
        "fillMissingPointType": "CustomValue",
        "fillMissingPointValue": 2.0,
        "rollUpMethod": "Sum",
        "dataFeedDescription": "updated",
        "stopRetryAfterInSeconds": 1,
        "minRetryIntervalInSeconds": 120,
        "maxConcurrency": 1,
        "viewMode": "Public",
        "admins": [
          "yournamehere@microsoft.com",
          "f850650c-1fcf-4489-b46f-71af2e30d360"
        ],
        "viewers": [
          "updated"
        ],
        "creator": "f850650c-1fcf-4489-b46f-71af2e30d360",
        "status": "Paused",
        "createdTime": "2022-03-08T20:20:04Z",
        "isAdmin": true,
        "actionLinkTemplate": "updated",
        "dataSourceParameter": {
          "query": "get data"
        },
        "authenticationType": "Basic"
      }
    },
    {
      "RequestUri": "https://fakeendpoint.cognitiveservices.azure.com/metricsadvisor/v1.0/dataFeeds/366a84ff-e079-4f89-98e3-e6b916849ca6",
      "RequestMethod": "DELETE",
      "RequestHeaders": {
        "Accept": "application/json",
        "Accept-Encoding": "gzip, deflate",
        "Authorization": "Sanitized",
        "Connection": "keep-alive",
        "Content-Length": "0",
        "User-Agent": "azsdk-python-ai-metricsadvisor/1.1.0 Python/3.9.7 (macOS-12.2.1-x86_64-i386-64bit)",
        "x-ms-client-request-id": "253ce112-9f1d-11ec-a513-acde48001122"
      },
      "RequestBody": null,
      "StatusCode": 204,
      "ResponseHeaders": {
        "apim-request-id": "3cddfd2c-1c27-4146-a953-72dc8e934e17",
        "Content-Length": "0",
        "Date": "Tue, 08 Mar 2022 20:20:07 GMT",
        "Strict-Transport-Security": "max-age=31536000; includeSubDomains; preload",
        "X-Content-Type-Options": "nosniff",
        "x-envoy-upstream-service-time": "262",
        "X-Request-ID": "3cddfd2c-1c27-4146-a953-72dc8e934e17"
      },
      "ResponseBody": null
    }
  ],
  "Variables": {
    "data_feed_id": "366a84ff-e079-4f89-98e3-e6b916849ca6",
    "data_feed_metric_id": "32f631c3-289e-47e6-9b39-90abb00a8e47",
    "data_feed_name": "datafeedaa5f9092-077e-4792-a6e7-19a05e085f9c",
    "data_feed_updated_name": "updatef9e1894c-a5d9-4725-9335-cd4f38c17f19"
  }
}
