interactions:
- request:
    body: '{"dataSourceType": "SqlServer", "dataFeedName": "adconfigget7qerwjl6iquwp",
      "granularityName": "Daily", "metrics": [{"metricName": "cost"}, {"metricName":
      "revenue"}], "dimension": [{"dimensionName": "category"}, {"dimensionName":
      "city"}], "dataStartFrom": "2019-10-01T00:00:00.000Z", "startOffsetInSeconds":
      0, "maxConcurrency": -1, "minRetryIntervalInSeconds": -1, "stopRetryAfterInSeconds":
      -1, "dataSourceParameter": {"connectionString": "connectionstring", "query":
      "select\u202f*\u202ffrom\u202fadsample2\u202fwhere\u202fTimestamp\u202f=\u202f@StartTime"}}'
    headers:
      Accept:
      - application/json
      Accept-Encoding:
      - gzip, deflate
      Connection:
      - keep-alive
      Content-Length:
      - '779'
      Content-Type:
      - application/json
      User-Agent:
      - azsdk-python-ai-metricsadvisor/1.0.0b3 Python/3.8.6 (Windows-10-10.0.19041-SP0)
    method: POST
    uri: https://js-metrics-advisor.cognitiveservices.azure.com/metricsadvisor/v1.0/dataFeeds
  response:
    body:
      string: ''
    headers:
      apim-request-id:
      - 2e092bce-5f3e-4b9c-b643-74436ad52cc6
      content-length:
      - '0'
      date:
      - Sat, 26 Dec 2020 19:32:20 GMT
      location:
      - https://js-metrics-advisor.cognitiveservices.azure.com/metricsadvisor/v1.0/dataFeeds/34e64e6d-82f7-4d29-a4bd-3173a11ffe9c
      strict-transport-security:
      - max-age=31536000; includeSubDomains; preload
      x-content-type-options:
      - nosniff
      x-envoy-upstream-service-time:
      - '681'
      x-request-id:
      - 2e092bce-5f3e-4b9c-b643-74436ad52cc6
    status:
      code: 201
      message: Created
- request:
    body: null
    headers:
      Accept:
      - application/json
      Accept-Encoding:
      - gzip, deflate
      Connection:
      - keep-alive
      User-Agent:
      - azsdk-python-ai-metricsadvisor/1.0.0b3 Python/3.8.6 (Windows-10-10.0.19041-SP0)
    method: GET
    uri: https://js-metrics-advisor.cognitiveservices.azure.com/metricsadvisor/v1.0/dataFeeds/34e64e6d-82f7-4d29-a4bd-3173a11ffe9c
  response:
    body:
      string: "{\"dataFeedId\":\"34e64e6d-82f7-4d29-a4bd-3173a11ffe9c\",\"dataFeedName\":\"adconfigget7qerwjl6iquwp\",\"metrics\":[{\"metricId\":\"e327b8ad-0c59-46d5-a146-95b265a68aaf\",\"metricName\":\"cost\",\"metricDisplayName\":\"cost\",\"metricDescription\":\"\"},{\"metricId\":\"477e7c89-05e7-49cd-bf4b-8845296c81e7\",\"metricName\":\"revenue\",\"metricDisplayName\":\"revenue\",\"metricDescription\":\"\"}],\"dimension\":[{\"dimensionName\":\"category\",\"dimensionDisplayName\":\"category\"},{\"dimensionName\":\"city\",\"dimensionDisplayName\":\"city\"}],\"dataStartFrom\":\"2019-10-01T00:00:00Z\",\"dataSourceType\":\"SqlServer\",\"timestampColumn\":\"\",\"startOffsetInSeconds\":0,\"maxQueryPerMinute\":30.0,\"granularityName\":\"Daily\",\"granularityAmount\":null,\"allUpIdentification\":null,\"needRollup\":\"NoRollup\",\"fillMissingPointType\":\"PreviousValue\",\"fillMissingPointValue\":0.0,\"rollUpMethod\":\"None\",\"rollUpColumns\":[],\"dataFeedDescription\":\"\",\"stopRetryAfterInSeconds\":-1,\"minRetryIntervalInSeconds\":-1,\"maxConcurrency\":-1,\"viewMode\":\"Private\",\"admins\":[\"f850650c-1fcf-4489-b46f-71af2e30d360\"],\"viewers\":[],\"creator\":\"f850650c-1fcf-4489-b46f-71af2e30d360\",\"status\":\"Active\",\"createdTime\":\"2020-12-26T19:32:19Z\",\"isAdmin\":true,\"actionLinkTemplate\":\"\",\"dataSourceParameter\":{\"connectionString\":\"connectionstring\",\"query\":\"select\u202F*\u202Ffrom\u202Fadsample2\u202Fwhere\u202FTimestamp\u202F=\u202F@StartTime\"}}"
    headers:
      apim-request-id:
      - d1cc491e-19ba-4fa9-874a-c5d8cd0a0f7b
      content-length:
      - '1525'
      content-type:
      - application/json; charset=utf-8
      date:
      - Sat, 26 Dec 2020 19:32:20 GMT
      strict-transport-security:
      - max-age=31536000; includeSubDomains; preload
      x-content-type-options:
      - nosniff
      x-envoy-upstream-service-time:
      - '88'
      x-request-id:
      - d1cc491e-19ba-4fa9-874a-c5d8cd0a0f7b
    status:
      code: 200
      message: OK
- request:
    body: '{"name": "testdetectionconfiget858a1e8c", "description": "My test metric
      anomaly detection configuration", "metricId": "e327b8ad-0c59-46d5-a146-95b265a68aaf",
      "wholeMetricConfiguration": {"conditionOperator": "AND", "smartDetectionCondition":
      {"sensitivity": 50.0, "anomalyDetectorDirection": "Both", "suppressCondition":
      {"minNumber": 50, "minRatio": 50.0}}, "hardThresholdCondition": {"lowerBound":
      0.0, "upperBound": 100.0, "anomalyDetectorDirection": "Both", "suppressCondition":
      {"minNumber": 5, "minRatio": 5.0}}, "changeThresholdCondition": {"changePercentage":
      50.0, "shiftPoint": 30, "withinRange": true, "anomalyDetectorDirection": "Both",
      "suppressCondition": {"minNumber": 2, "minRatio": 2.0}}}, "dimensionGroupOverrideConfigurations":
      [{"group": {"dimension": {"city": "Sao Paulo"}}, "smartDetectionCondition":
      {"sensitivity": 63.0, "anomalyDetectorDirection": "Both", "suppressCondition":
      {"minNumber": 1, "minRatio": 100.0}}}], "seriesOverrideConfigurations": [{"series":
      {"dimension": {"city": "Shenzhen", "category": "Jewelry"}}, "smartDetectionCondition":
      {"sensitivity": 63.0, "anomalyDetectorDirection": "Both", "suppressCondition":
      {"minNumber": 1, "minRatio": 100.0}}}]}'
    headers:
      Accept:
      - application/json
      Accept-Encoding:
      - gzip, deflate
      Connection:
      - keep-alive
      Content-Length:
      - '1192'
      Content-Type:
      - application/json
      User-Agent:
      - azsdk-python-ai-metricsadvisor/1.0.0b3 Python/3.8.6 (Windows-10-10.0.19041-SP0)
    method: POST
    uri: https://js-metrics-advisor.cognitiveservices.azure.com/metricsadvisor/v1.0/enrichment/anomalyDetection/configurations
  response:
    body:
      string: ''
    headers:
      apim-request-id:
      - ed0c783e-3656-4d9a-94d5-b4cd3f7b2339
      content-length:
      - '0'
      date:
      - Sat, 26 Dec 2020 19:32:20 GMT
      location:
      - https://js-metrics-advisor.cognitiveservices.azure.com/metricsadvisor/v1.0/enrichment/anomalyDetection/configurations/8c95487c-0dad-4763-84cf-96d15ea36818
      strict-transport-security:
      - max-age=31536000; includeSubDomains; preload
      x-content-type-options:
      - nosniff
      x-envoy-upstream-service-time:
      - '147'
      x-request-id:
      - ed0c783e-3656-4d9a-94d5-b4cd3f7b2339
    status:
      code: 201
      message: Created
- request:
    body: null
    headers:
      Accept:
      - application/json
      Accept-Encoding:
      - gzip, deflate
      Connection:
      - keep-alive
      User-Agent:
      - azsdk-python-ai-metricsadvisor/1.0.0b3 Python/3.8.6 (Windows-10-10.0.19041-SP0)
    method: GET
    uri: https://js-metrics-advisor.cognitiveservices.azure.com/metricsadvisor/v1.0/enrichment/anomalyDetection/configurations/8c95487c-0dad-4763-84cf-96d15ea36818
  response:
    body:
      string: '{"anomalyDetectionConfigurationId":"8c95487c-0dad-4763-84cf-96d15ea36818","name":"testdetectionconfiget858a1e8c","description":"My
        test metric anomaly detection configuration","metricId":"e327b8ad-0c59-46d5-a146-95b265a68aaf","wholeMetricConfiguration":{"conditionOperator":"AND","smartDetectionCondition":{"sensitivity":50.0,"anomalyDetectorDirection":"Both","suppressCondition":{"minNumber":50,"minRatio":50.0}},"hardThresholdCondition":{"lowerBound":0.0,"upperBound":100.0,"anomalyDetectorDirection":"Both","suppressCondition":{"minNumber":5,"minRatio":5.0}},"changeThresholdCondition":{"changePercentage":50.0,"shiftPoint":30,"anomalyDetectorDirection":"Both","withinRange":true,"suppressCondition":{"minNumber":2,"minRatio":2.0}}},"dimensionGroupOverrideConfigurations":[{"group":{"dimension":{"city":"Sao
        Paulo"}},"smartDetectionCondition":{"sensitivity":63.0,"anomalyDetectorDirection":"Both","suppressCondition":{"minNumber":1,"minRatio":100.0}}}],"seriesOverrideConfigurations":[{"series":{"dimension":{"city":"Shenzhen","category":"Jewelry"}},"smartDetectionCondition":{"sensitivity":63.0,"anomalyDetectorDirection":"Both","suppressCondition":{"minNumber":1,"minRatio":100.0}}}]}'
    headers:
      apim-request-id:
      - 668d68de-09ed-48e7-8804-e5ee56ddecd8
      content-length:
      - '1189'
      content-type:
      - application/json; charset=utf-8
      date:
      - Sat, 26 Dec 2020 19:32:20 GMT
      strict-transport-security:
      - max-age=31536000; includeSubDomains; preload
      x-content-type-options:
      - nosniff
      x-envoy-upstream-service-time:
      - '43'
      x-request-id:
      - 668d68de-09ed-48e7-8804-e5ee56ddecd8
    status:
      code: 200
      message: OK
- request:
    body: null
    headers:
      Accept:
      - application/json
      Accept-Encoding:
      - gzip, deflate
      Connection:
      - keep-alive
      Content-Length:
      - '0'
      User-Agent:
      - azsdk-python-ai-metricsadvisor/1.0.0b3 Python/3.8.6 (Windows-10-10.0.19041-SP0)
    method: DELETE
    uri: https://js-metrics-advisor.cognitiveservices.azure.com/metricsadvisor/v1.0/dataFeeds/34e64e6d-82f7-4d29-a4bd-3173a11ffe9c
  response:
    body:
      string: ''
    headers:
      apim-request-id:
      - f921110c-8aba-4d07-b400-2ba35c9e1e2c
      content-length:
      - '0'
      date:
      - Sat, 26 Dec 2020 19:32:21 GMT
      strict-transport-security:
      - max-age=31536000; includeSubDomains; preload
      x-content-type-options:
      - nosniff
      x-envoy-upstream-service-time:
      - '324'
      x-request-id:
      - f921110c-8aba-4d07-b400-2ba35c9e1e2c
    status:
      code: 204
      message: No Content
version: 1
