interactions:
- request:
    body: '{"hookType": "Email", "hookName": "testhookaa421294", "description": "my
      email hook", "externalLink": "external link", "hookParameter": {"toList": ["yournamehere@microsoft.com"]}}'
    headers:
      Accept:
      - application/json
      Accept-Encoding:
      - gzip, deflate
      Connection:
      - keep-alive
      Content-Length:
      - '179'
      Content-Type:
      - application/json
      User-Agent:
      - azsdk-python-ai-metricsadvisor/1.0.0b4 Python/3.8.6 (Windows-10-10.0.19041-SP0)
    method: POST
    uri: https://js-metrics-advisor.cognitiveservices.azure.com/metricsadvisor/v1.0/hooks
  response:
    body:
      string: ''
    headers:
      apim-request-id:
      - 852f9984-c8b8-47c0-ade2-aef642118506
      content-length:
      - '0'
      date:
      - Fri, 21 May 2021 20:01:41 GMT
      location:
      - https://js-metrics-advisor.cognitiveservices.azure.com/metricsadvisor/v1.0/hooks/51c70dcd-5480-4d02-9d61-f5d9f798adbd
      strict-transport-security:
      - max-age=31536000; includeSubDomains; preload
      x-content-type-options:
      - nosniff
      x-envoy-upstream-service-time:
      - '679'
      x-request-id:
      - 852f9984-c8b8-47c0-ade2-aef642118506
    status:
      code: 201
      message: Created
- request:
    body: null
    headers:
      Accept:
      - application/json
      Accept-Encoding:
      - gzip, deflate
      Connection:
      - keep-alive
      User-Agent:
      - azsdk-python-ai-metricsadvisor/1.0.0b4 Python/3.8.6 (Windows-10-10.0.19041-SP0)
    method: GET
    uri: https://js-metrics-advisor.cognitiveservices.azure.com/metricsadvisor/v1.0/hooks/51c70dcd-5480-4d02-9d61-f5d9f798adbd
  response:
    body:
      string: '{"hookId":"51c70dcd-5480-4d02-9d61-f5d9f798adbd","hookName":"testhookaa421294","hookType":"Email","externalLink":"external
        link","description":"my email hook","admins":["krpratic@microsoft.com"],"hookParameter":{"toList":["yournamehere@microsoft.com"]}}'
    headers:
      apim-request-id:
      - 9725fd3a-7b58-49a8-b903-8ef9ecbe8c76
      content-length:
      - '253'
      content-type:
      - application/json; charset=utf-8
      date:
      - Fri, 21 May 2021 20:01:41 GMT
      strict-transport-security:
      - max-age=31536000; includeSubDomains; preload
      x-content-type-options:
      - nosniff
      x-envoy-upstream-service-time:
      - '181'
      x-request-id:
      - 9725fd3a-7b58-49a8-b903-8ef9ecbe8c76
    status:
      code: 200
      message: OK
- request:
    body: '{"hookName": "update", "description": "update", "externalLink": "update",
      "hookType": "Email", "hookParameter": {"toList": ["myemail@m.com"]}}'
    headers:
      Accept:
      - application/json
      Accept-Encoding:
      - gzip, deflate
      Connection:
      - keep-alive
      Content-Length:
      - '142'
      Content-Type:
      - application/merge-patch+json
      User-Agent:
      - azsdk-python-ai-metricsadvisor/1.0.0b4 Python/3.8.6 (Windows-10-10.0.19041-SP0)
    method: PATCH
    uri: https://js-metrics-advisor.cognitiveservices.azure.com/metricsadvisor/v1.0/hooks/51c70dcd-5480-4d02-9d61-f5d9f798adbd
  response:
    body:
      string: '{"hookId":"51c70dcd-5480-4d02-9d61-f5d9f798adbd","hookName":"update","hookType":"Email","externalLink":"update","description":"update","admins":["krpratic@microsoft.com"],"hookParameter":{"toList":["myemail@m.com"]}}'
    headers:
      apim-request-id:
      - 6b9f12d7-bee3-44b0-8da2-20593336be12
      content-length:
      - '216'
      content-type:
      - application/json; charset=utf-8
      date:
      - Fri, 21 May 2021 20:01:41 GMT
      strict-transport-security:
      - max-age=31536000; includeSubDomains; preload
      x-content-type-options:
      - nosniff
      x-envoy-upstream-service-time:
      - '591'
      x-request-id:
      - 6b9f12d7-bee3-44b0-8da2-20593336be12
    status:
      code: 200
      message: OK
- request:
    body: null
    headers:
      Accept:
      - application/json
      Accept-Encoding:
      - gzip, deflate
      Connection:
      - keep-alive
      User-Agent:
      - azsdk-python-ai-metricsadvisor/1.0.0b4 Python/3.8.6 (Windows-10-10.0.19041-SP0)
    method: GET
    uri: https://js-metrics-advisor.cognitiveservices.azure.com/metricsadvisor/v1.0/hooks/51c70dcd-5480-4d02-9d61-f5d9f798adbd
  response:
    body:
      string: '{"hookId":"51c70dcd-5480-4d02-9d61-f5d9f798adbd","hookName":"update","hookType":"Email","externalLink":"update","description":"update","admins":["krpratic@microsoft.com"],"hookParameter":{"toList":["myemail@m.com"]}}'
    headers:
      apim-request-id:
      - 546333c9-217a-4273-b349-d943c349c2b4
      content-length:
      - '216'
      content-type:
      - application/json; charset=utf-8
      date:
      - Fri, 21 May 2021 20:01:42 GMT
      strict-transport-security:
      - max-age=31536000; includeSubDomains; preload
      x-content-type-options:
      - nosniff
      x-envoy-upstream-service-time:
      - '171'
      x-request-id:
      - 546333c9-217a-4273-b349-d943c349c2b4
    status:
      code: 200
      message: OK
- request:
    body: null
    headers:
      Accept:
      - application/json
      Accept-Encoding:
      - gzip, deflate
      Connection:
      - keep-alive
      Content-Length:
      - '0'
      User-Agent:
      - azsdk-python-ai-metricsadvisor/1.0.0b4 Python/3.8.6 (Windows-10-10.0.19041-SP0)
    method: DELETE
    uri: https://js-metrics-advisor.cognitiveservices.azure.com/metricsadvisor/v1.0/hooks/51c70dcd-5480-4d02-9d61-f5d9f798adbd
  response:
    body:
      string: ''
    headers:
      apim-request-id:
      - 8845c47c-c3b3-4f59-b062-9271e580e065
      content-length:
      - '0'
      date:
      - Fri, 21 May 2021 20:01:42 GMT
      strict-transport-security:
      - max-age=31536000; includeSubDomains; preload
      x-content-type-options:
      - nosniff
      x-envoy-upstream-service-time:
      - '202'
      x-request-id:
      - 8845c47c-c3b3-4f59-b062-9271e580e065
    status:
      code: 204
      message: No Content
version: 1
