interactions:
- request:
    body: '{"dataSourceType": "SqlServer", "dataFeedName": "updater46b6oskubp3abd2zg",
      "dataFeedDescription": "my first data feed", "granularityName": "Daily", "metrics":
      [{"metricName": "cost", "metricDisplayName": "display cost", "metricDescription":
      "the cost"}, {"metricName": "revenue", "metricDisplayName": "display revenue",
      "metricDescription": "the revenue"}], "dimension": [{"dimensionName": "category",
      "dimensionDisplayName": "display category"}, {"dimensionName": "city", "dimensionDisplayName":
      "display city"}], "timestampColumn": "Timestamp", "dataStartFrom": "2019-10-01T00:00:00.000Z",
      "startOffsetInSeconds": -1, "maxConcurrency": 0, "minRetryIntervalInSeconds":
      -1, "stopRetryAfterInSeconds": -1, "needRollup": "NoRollup", "rollUpMethod":
      "None", "fillMissingPointType": "SmartFilling", "viewMode": "Private", "admins":
      ["yournamehere@microsoft.com"], "viewers": ["viewers"], "actionLinkTemplate":
      "action link template", "dataSourceParameter": {"connectionString": "connectionstring",
      "query": "select\u202f*\u202ffrom\u202fadsample2\u202fwhere\u202fTimestamp\u202f=\u202f@StartTime"}}'
    headers:
      Accept:
      - application/json
      Accept-Encoding:
      - gzip, deflate
      Connection:
      - keep-alive
      Content-Length:
      - '1311'
      Content-Type:
      - application/json
      User-Agent:
      - azsdk-python-ai-metricsadvisor/1.0.0b4 Python/3.9.0 (Windows-10-10.0.19041-SP0)
    method: POST
    uri: https://js-metrics-advisor.cognitiveservices.azure.com/metricsadvisor/v1.0/dataFeeds
  response:
    body:
      string: ''
    headers:
      apim-request-id:
      - a47bd9cc-4e2d-45a9-bbcb-465fb716864a
      content-length:
      - '0'
      date:
      - Tue, 09 Mar 2021 21:25:05 GMT
      location:
      - https://js-metrics-advisor.cognitiveservices.azure.com/metricsadvisor/v1.0/dataFeeds/b3429228-374e-486b-ac55-656878a091f7
      strict-transport-security:
      - max-age=31536000; includeSubDomains; preload
      x-content-type-options:
      - nosniff
      x-envoy-upstream-service-time:
      - '1282'
      x-request-id:
      - a47bd9cc-4e2d-45a9-bbcb-465fb716864a
    status:
      code: 201
      message: Created
- request:
    body: null
    headers:
      Accept:
      - application/json
      Accept-Encoding:
      - gzip, deflate
      Connection:
      - keep-alive
      User-Agent:
      - azsdk-python-ai-metricsadvisor/1.0.0b4 Python/3.9.0 (Windows-10-10.0.19041-SP0)
    method: GET
    uri: https://js-metrics-advisor.cognitiveservices.azure.com/metricsadvisor/v1.0/dataFeeds/b3429228-374e-486b-ac55-656878a091f7
  response:
    body:
      string: "{\"dataFeedId\":\"b3429228-374e-486b-ac55-656878a091f7\",\"dataFeedName\"\
        :\"updater46b6oskubp3abd2zg\",\"metrics\":[{\"metricId\":\"b9ee44ae-7873-4830-83c6-aff42cc35319\"\
        ,\"metricName\":\"cost\",\"metricDisplayName\":\"display cost\",\"metricDescription\"\
        :\"the cost\"},{\"metricId\":\"641dddd7-151b-4e3d-a15e-244211236370\",\"metricName\"\
        :\"revenue\",\"metricDisplayName\":\"display revenue\",\"metricDescription\"\
        :\"the revenue\"}],\"dimension\":[{\"dimensionName\":\"category\",\"dimensionDisplayName\"\
        :\"display category\"},{\"dimensionName\":\"city\",\"dimensionDisplayName\"\
        :\"display city\"}],\"dataStartFrom\":\"2019-10-01T00:00:00Z\",\"dataSourceType\"\
        :\"SqlServer\",\"timestampColumn\":\"Timestamp\",\"startOffsetInSeconds\"\
        :-1,\"maxQueryPerMinute\":30.0,\"granularityName\":\"Daily\",\"needRollup\"\
        :\"NoRollup\",\"fillMissingPointType\":\"SmartFilling\",\"fillMissingPointValue\"\
        :0.0,\"rollUpMethod\":\"None\",\"rollUpColumns\":[],\"dataFeedDescription\"\
        :\"my first data feed\",\"stopRetryAfterInSeconds\":-1,\"minRetryIntervalInSeconds\"\
        :-1,\"maxConcurrency\":0,\"viewMode\":\"Private\",\"admins\":[\"krpratic@microsoft.com\"\
        ,\"yournamehere@microsoft.com\"],\"viewers\":[\"viewers\"],\"creator\":\"\
        krpratic@microsoft.com\",\"status\":\"Active\",\"createdTime\":\"2021-03-09T21:25:05Z\"\
        ,\"isAdmin\":true,\"actionLinkTemplate\":\"action link template\",\"dataSourceParameter\"\
        :{\"connectionString\":\"connectionstring\",\"query\":\"select\u202F*\u202F\
        from\u202Fadsample2\u202Fwhere\u202FTimestamp\u202F=\u202F@StartTime\"},\"\
        authenticationType\":\"Basic\"}"
    headers:
      apim-request-id:
      - a79b3cde-e5f1-4e41-a642-ee7ebe8f41a5
      content-length:
      - '1609'
      content-type:
      - application/json; charset=utf-8
      date:
      - Tue, 09 Mar 2021 21:25:05 GMT
      strict-transport-security:
      - max-age=31536000; includeSubDomains; preload
      x-content-type-options:
      - nosniff
      x-envoy-upstream-service-time:
      - '374'
      x-request-id:
      - a79b3cde-e5f1-4e41-a642-ee7ebe8f41a5
    status:
      code: 200
      message: OK
- request:
    body: '{"dataFeedName": "update", "dataFeedDescription": null, "startOffsetInSeconds":
      null, "maxConcurrency": null, "minRetryIntervalInSeconds": null, "stopRetryAfterInSeconds":
      null, "needRollup": null, "rollUpMethod": null, "fillMissingPointType": null,
      "viewMode": null, "viewers": null, "status": null, "actionLinkTemplate": null}'
    headers:
      Accept:
      - application/json
      Accept-Encoding:
      - gzip, deflate
      Connection:
      - keep-alive
      Content-Length:
      - '328'
      Content-Type:
      - application/merge-patch+json
      User-Agent:
      - azsdk-python-ai-metricsadvisor/1.0.0b4 Python/3.9.0 (Windows-10-10.0.19041-SP0)
    method: PATCH
    uri: https://js-metrics-advisor.cognitiveservices.azure.com/metricsadvisor/v1.0/dataFeeds/b3429228-374e-486b-ac55-656878a091f7
  response:
    body:
      string: ''
    headers:
      apim-request-id:
      - c7f874e4-566c-4b87-ba1d-e682d65c6589
      content-length:
      - '0'
      date:
      - Tue, 09 Mar 2021 21:25:06 GMT
      strict-transport-security:
      - max-age=31536000; includeSubDomains; preload
      x-content-type-options:
      - nosniff
      x-envoy-upstream-service-time:
      - '371'
      x-request-id:
      - c7f874e4-566c-4b87-ba1d-e682d65c6589
    status:
      code: 204
      message: No Content
- request:
    body: null
    headers:
      Accept:
      - application/json
      Accept-Encoding:
      - gzip, deflate
      Connection:
      - keep-alive
      User-Agent:
      - azsdk-python-ai-metricsadvisor/1.0.0b4 Python/3.9.0 (Windows-10-10.0.19041-SP0)
    method: GET
    uri: https://js-metrics-advisor.cognitiveservices.azure.com/metricsadvisor/v1.0/dataFeeds/b3429228-374e-486b-ac55-656878a091f7
  response:
    body:
      string: "{\"dataFeedId\":\"b3429228-374e-486b-ac55-656878a091f7\",\"dataFeedName\"\
        :\"update\",\"metrics\":[{\"metricId\":\"b9ee44ae-7873-4830-83c6-aff42cc35319\"\
        ,\"metricName\":\"cost\",\"metricDisplayName\":\"display cost\",\"metricDescription\"\
        :\"the cost\"},{\"metricId\":\"641dddd7-151b-4e3d-a15e-244211236370\",\"metricName\"\
        :\"revenue\",\"metricDisplayName\":\"display revenue\",\"metricDescription\"\
        :\"the revenue\"}],\"dimension\":[{\"dimensionName\":\"category\",\"dimensionDisplayName\"\
        :\"display category\"},{\"dimensionName\":\"city\",\"dimensionDisplayName\"\
        :\"display city\"}],\"dataStartFrom\":\"2019-10-01T00:00:00Z\",\"dataSourceType\"\
        :\"SqlServer\",\"timestampColumn\":\"Timestamp\",\"startOffsetInSeconds\"\
        :0,\"maxQueryPerMinute\":30.0,\"granularityName\":\"Daily\",\"needRollup\"\
        :\"NoRollup\",\"fillMissingPointType\":\"SmartFilling\",\"fillMissingPointValue\"\
        :0.0,\"rollUpMethod\":\"None\",\"rollUpColumns\":[],\"dataFeedDescription\"\
        :\"\",\"stopRetryAfterInSeconds\":-1,\"minRetryIntervalInSeconds\":-1,\"maxConcurrency\"\
        :-1,\"viewMode\":\"Private\",\"admins\":[\"krpratic@microsoft.com\",\"yournamehere@microsoft.com\"\
        ],\"viewers\":[\"viewers\"],\"creator\":\"krpratic@microsoft.com\",\"status\"\
        :\"Active\",\"createdTime\":\"2021-03-09T21:25:05Z\",\"isAdmin\":true,\"actionLinkTemplate\"\
        :\"\",\"dataSourceParameter\":{\"connectionString\":\"connectionstring\",\"\
        query\":\"select\u202F*\u202Ffrom\u202Fadsample2\u202Fwhere\u202FTimestamp\u202F\
        =\u202F@StartTime\"},\"authenticationType\":\"Basic\"}"
    headers:
      apim-request-id:
      - 91409c5f-656a-416f-b4fb-d67648e694c1
      content-length:
      - '1553'
      content-type:
      - application/json; charset=utf-8
      date:
      - Tue, 09 Mar 2021 21:25:06 GMT
      strict-transport-security:
      - max-age=31536000; includeSubDomains; preload
      x-content-type-options:
      - nosniff
      x-envoy-upstream-service-time:
      - '282'
      x-request-id:
      - 91409c5f-656a-416f-b4fb-d67648e694c1
    status:
      code: 200
      message: OK
- request:
    body: null
    headers:
      Accept:
      - application/json
      Accept-Encoding:
      - gzip, deflate
      Connection:
      - keep-alive
      Content-Length:
      - '0'
      User-Agent:
      - azsdk-python-ai-metricsadvisor/1.0.0b4 Python/3.9.0 (Windows-10-10.0.19041-SP0)
    method: DELETE
    uri: https://js-metrics-advisor.cognitiveservices.azure.com/metricsadvisor/v1.0/dataFeeds/b3429228-374e-486b-ac55-656878a091f7
  response:
    body:
      string: ''
    headers:
      apim-request-id:
      - 52cc0f7f-130b-47a0-82d6-d0c0d0ab4a24
      content-length:
      - '0'
      date:
      - Tue, 09 Mar 2021 21:25:07 GMT
      strict-transport-security:
      - max-age=31536000; includeSubDomains; preload
      x-content-type-options:
      - nosniff
      x-envoy-upstream-service-time:
      - '530'
      x-request-id:
      - 52cc0f7f-130b-47a0-82d6-d0c0d0ab4a24
    status:
      code: 204
      message: No Content
version: 1
