{
  "Entries": [
    {
      "RequestUri": "https://fakeendpoint.cognitiveservices.azure.com/metricsadvisor/v1.0/enrichment/anomalyDetection/configurations",
      "RequestMethod": "POST",
      "RequestHeaders": {
        "Accept": "application/json",
        "Accept-Encoding": "gzip, deflate",
        "Connection": "keep-alive",
        "Content-Length": "2436",
        "Content-Type": "application/json",
        "User-Agent": "azsdk-python-ai-metricsadvisor/1.0.1 Python/3.10.0 (Windows-10-10.0.22000-SP0)",
        "x-ms-client-request-id": "78209a80-5e0c-11ec-b713-6245b51668de"
      },
      "RequestBody": "{\u0022name\u0022: \u0022testdetectionconfig4813275a-27bf-40b6-8f2f-43a40b595f03\u0022, \u0022description\u0022: \u0022My test metric anomaly detection configuration\u0022, \u0022metricId\u0022: \u002232ab3b85-1bba-49d1-9048-e6b3fda3f853\u0022, \u0022wholeMetricConfiguration\u0022: {\u0022conditionOperator\u0022: \u0022AND\u0022, \u0022smartDetectionCondition\u0022: {\u0022sensitivity\u0022: 50.0, \u0022anomalyDetectorDirection\u0022: \u0022Both\u0022, \u0022suppressCondition\u0022: {\u0022minNumber\u0022: 5, \u0022minRatio\u0022: 5.0}}, \u0022hardThresholdCondition\u0022: {\u0022lowerBound\u0022: 0.0, \u0022upperBound\u0022: 100.0, \u0022anomalyDetectorDirection\u0022: \u0022Both\u0022, \u0022suppressCondition\u0022: {\u0022minNumber\u0022: 5, \u0022minRatio\u0022: 5.0}}, \u0022changeThresholdCondition\u0022: {\u0022changePercentage\u0022: 50.0, \u0022shiftPoint\u0022: 30, \u0022withinRange\u0022: true, \u0022anomalyDetectorDirection\u0022: \u0022Both\u0022, \u0022suppressCondition\u0022: {\u0022minNumber\u0022: 2, \u0022minRatio\u0022: 2.0}}}, \u0022dimensionGroupOverrideConfigurations\u0022: [{\u0022group\u0022: {\u0022dimension\u0022: {\u0022region\u0022: \u0022Sao Paulo\u0022}}, \u0022conditionOperator\u0022: \u0022AND\u0022, \u0022smartDetectionCondition\u0022: {\u0022sensitivity\u0022: 63.0, \u0022anomalyDetectorDirection\u0022: \u0022Both\u0022, \u0022suppressCondition\u0022: {\u0022minNumber\u0022: 1, \u0022minRatio\u0022: 100.0}}, \u0022hardThresholdCondition\u0022: {\u0022lowerBound\u0022: 0.0, \u0022upperBound\u0022: 100.0, \u0022anomalyDetectorDirection\u0022: \u0022Both\u0022, \u0022suppressCondition\u0022: {\u0022minNumber\u0022: 5, \u0022minRatio\u0022: 5.0}}, \u0022changeThresholdCondition\u0022: {\u0022changePercentage\u0022: 50.0, \u0022shiftPoint\u0022: 30, \u0022withinRange\u0022: true, \u0022anomalyDetectorDirection\u0022: \u0022Both\u0022, \u0022suppressCondition\u0022: {\u0022minNumber\u0022: 2, \u0022minRatio\u0022: 2.0}}}, {\u0022group\u0022: {\u0022dimension\u0022: {\u0022region\u0022: \u0022Seoul\u0022}}, \u0022conditionOperator\u0022: \u0022AND\u0022, \u0022smartDetectionCondition\u0022: {\u0022sensitivity\u0022: 63.0, \u0022anomalyDetectorDirection\u0022: \u0022Both\u0022, \u0022suppressCondition\u0022: {\u0022minNumber\u0022: 1, \u0022minRatio\u0022: 100.0}}}], \u0022seriesOverrideConfigurations\u0022: [{\u0022series\u0022: {\u0022dimension\u0022: {\u0022region\u0022: \u0022Shenzhen\u0022, \u0022category\u0022: \u0022Jewelry\u0022}}, \u0022conditionOperator\u0022: \u0022AND\u0022, \u0022smartDetectionCondition\u0022: {\u0022sensitivity\u0022: 63.0, \u0022anomalyDetectorDirection\u0022: \u0022Both\u0022, \u0022suppressCondition\u0022: {\u0022minNumber\u0022: 1, \u0022minRatio\u0022: 100.0}}, \u0022hardThresholdCondition\u0022: {\u0022lowerBound\u0022: 0.0, \u0022upperBound\u0022: 100.0, \u0022anomalyDetectorDirection\u0022: \u0022Both\u0022, \u0022suppressCondition\u0022: {\u0022minNumber\u0022: 5, \u0022minRatio\u0022: 5.0}}, \u0022changeThresholdCondition\u0022: {\u0022changePercentage\u0022: 50.0, \u0022shiftPoint\u0022: 30, \u0022withinRange\u0022: true, \u0022anomalyDetectorDirection\u0022: \u0022Both\u0022, \u0022suppressCondition\u0022: {\u0022minNumber\u0022: 2, \u0022minRatio\u0022: 2.0}}}, {\u0022series\u0022: {\u0022dimension\u0022: {\u0022region\u0022: \u0022Osaka\u0022, \u0022category\u0022: \u0022Cell Phones\u0022}}, \u0022conditionOperator\u0022: \u0022AND\u0022, \u0022smartDetectionCondition\u0022: {\u0022sensitivity\u0022: 63.0, \u0022anomalyDetectorDirection\u0022: \u0022Both\u0022, \u0022suppressCondition\u0022: {\u0022minNumber\u0022: 1, \u0022minRatio\u0022: 100.0}}}]}",
      "StatusCode": 201,
      "ResponseHeaders": {
        "apim-request-id": "3d085916-a21e-4b22-a3be-3fbe42419c96",
        "Content-Length": "0",
        "Date": "Thu, 16 Dec 2021 01:06:58 GMT",
        "Location": "https://fakeendpoint.cognitiveservices.azure.com/metricsadvisor/v1.0/enrichment/anomalyDetection/configurations/79c339ef-fea1-4908-a341-62eff78c1a9b",
        "Strict-Transport-Security": "max-age=31536000; includeSubDomains; preload",
        "X-Content-Type-Options": "nosniff",
        "x-envoy-upstream-service-time": "268",
        "X-Request-ID": "3d085916-a21e-4b22-a3be-3fbe42419c96"
      },
      "ResponseBody": null
    },
    {
      "RequestUri": "https://fakeendpoint.cognitiveservices.azure.com/metricsadvisor/v1.0/enrichment/anomalyDetection/configurations/79c339ef-fea1-4908-a341-62eff78c1a9b",
      "RequestMethod": "GET",
      "RequestHeaders": {
        "Accept": "application/json",
        "Accept-Encoding": "gzip, deflate",
        "Connection": "keep-alive",
        "User-Agent": "azsdk-python-ai-metricsadvisor/1.0.1 Python/3.10.0 (Windows-10-10.0.22000-SP0)",
        "x-ms-client-request-id": "7851f1b8-5e0c-11ec-923b-6245b51668de"
      },
      "RequestBody": null,
      "StatusCode": 200,
      "ResponseHeaders": {
        "apim-request-id": "5e57b3a0-cd53-45b0-9440-b3e9a23e978c",
        "Content-Length": "2291",
        "Content-Type": "application/json; charset=utf-8",
        "Date": "Thu, 16 Dec 2021 01:06:58 GMT",
        "Strict-Transport-Security": "max-age=31536000; includeSubDomains; preload",
        "X-Content-Type-Options": "nosniff",
        "x-envoy-upstream-service-time": "93",
        "X-Request-ID": "5e57b3a0-cd53-45b0-9440-b3e9a23e978c"
      },
      "ResponseBody": {
        "anomalyDetectionConfigurationId": "79c339ef-fea1-4908-a341-62eff78c1a9b",
        "name": "testdetectionconfig4813275a-27bf-40b6-8f2f-43a40b595f03",
        "description": "My test metric anomaly detection configuration",
        "metricId": "32ab3b85-1bba-49d1-9048-e6b3fda3f853",
        "wholeMetricConfiguration": {
          "conditionOperator": "AND",
          "smartDetectionCondition": {
            "sensitivity": 50.0,
            "anomalyDetectorDirection": "Both",
            "suppressCondition": {
              "minNumber": 5,
              "minRatio": 5.0
            }
          },
          "hardThresholdCondition": {
            "lowerBound": 0.0,
            "upperBound": 100.0,
            "anomalyDetectorDirection": "Both",
            "suppressCondition": {
              "minNumber": 5,
              "minRatio": 5.0
            }
          },
          "changeThresholdCondition": {
            "changePercentage": 50.0,
            "shiftPoint": 30,
            "anomalyDetectorDirection": "Both",
            "withinRange": true,
            "suppressCondition": {
              "minNumber": 2,
              "minRatio": 2.0
            }
          }
        },
        "dimensionGroupOverrideConfigurations": [
          {
            "group": {
              "dimension": {
                "region": "Sao Paulo"
              }
            },
            "conditionOperator": "AND",
            "smartDetectionCondition": {
              "sensitivity": 63.0,
              "anomalyDetectorDirection": "Both",
              "suppressCondition": {
                "minNumber": 1,
                "minRatio": 100.0
              }
            },
            "hardThresholdCondition": {
              "lowerBound": 0.0,
              "upperBound": 100.0,
              "anomalyDetectorDirection": "Both",
              "suppressCondition": {
                "minNumber": 5,
                "minRatio": 5.0
              }
            },
            "changeThresholdCondition": {
              "changePercentage": 50.0,
              "shiftPoint": 30,
              "anomalyDetectorDirection": "Both",
              "withinRange": true,
              "suppressCondition": {
                "minNumber": 2,
                "minRatio": 2.0
              }
            }
          },
          {
            "group": {
              "dimension": {
                "region": "Seoul"
              }
            },
            "smartDetectionCondition": {
              "sensitivity": 63.0,
              "anomalyDetectorDirection": "Both",
              "suppressCondition": {
                "minNumber": 1,
                "minRatio": 100.0
              }
            }
          }
        ],
        "seriesOverrideConfigurations": [
          {
            "series": {
              "dimension": {
                "region": "Shenzhen",
                "category": "Jewelry"
              }
            },
            "conditionOperator": "AND",
            "smartDetectionCondition": {
              "sensitivity": 63.0,
              "anomalyDetectorDirection": "Both",
              "suppressCondition": {
                "minNumber": 1,
                "minRatio": 100.0
              }
            },
            "hardThresholdCondition": {
              "lowerBound": 0.0,
              "upperBound": 100.0,
              "anomalyDetectorDirection": "Both",
              "suppressCondition": {
                "minNumber": 5,
                "minRatio": 5.0
              }
            },
            "changeThresholdCondition": {
              "changePercentage": 50.0,
              "shiftPoint": 30,
              "anomalyDetectorDirection": "Both",
              "withinRange": true,
              "suppressCondition": {
                "minNumber": 2,
                "minRatio": 2.0
              }
            }
          },
          {
            "series": {
              "dimension": {
                "region": "Osaka",
                "category": "Cell Phones"
              }
            },
            "smartDetectionCondition": {
              "sensitivity": 63.0,
              "anomalyDetectorDirection": "Both",
              "suppressCondition": {
                "minNumber": 1,
                "minRatio": 100.0
              }
            }
          }
        ]
      }
    },
    {
      "RequestUri": "https://fakeendpoint.cognitiveservices.azure.com/metricsadvisor/v1.0/dataFeeds/688e0db1-c87a-44ff-b05c-f7aef57f7f41",
      "RequestMethod": "DELETE",
      "RequestHeaders": {
        "Accept": "application/json",
        "Accept-Encoding": "gzip, deflate",
        "Connection": "keep-alive",
        "Content-Length": "0",
        "User-Agent": "azsdk-python-ai-metricsadvisor/1.0.1 Python/3.10.0 (Windows-10-10.0.22000-SP0)",
        "x-ms-client-request-id": "7869bc2c-5e0c-11ec-af2d-6245b51668de"
      },
      "RequestBody": null,
      "StatusCode": 204,
      "ResponseHeaders": {
        "apim-request-id": "53b2ffc2-791f-45cc-8bec-ac3f7e20f45f",
        "Content-Length": "0",
        "Date": "Thu, 16 Dec 2021 01:06:59 GMT",
        "Strict-Transport-Security": "max-age=31536000; includeSubDomains; preload",
        "X-Content-Type-Options": "nosniff",
        "x-envoy-upstream-service-time": "335",
        "X-Request-ID": "53b2ffc2-791f-45cc-8bec-ac3f7e20f45f"
      },
      "ResponseBody": null
    }
  ],
  "Variables": {
    "data_feed_id": "688e0db1-c87a-44ff-b05c-f7aef57f7f41",
    "data_feed_metric_id": "32ab3b85-1bba-49d1-9048-e6b3fda3f853",
    "data_feed_name": "datafeedjo6a2fujqt4qe5it",
    "detection_config_name": "testdetectionconfig4813275a-27bf-40b6-8f2f-43a40b595f03"
  }
}
