interactions:
- request:
    body: '{"dataSourceType": "SqlServer", "dataFeedName": "alertupdateqcmjn4gpmty65",
      "granularityName": "Daily", "metrics": [{"metricName": "cost"}, {"metricName":
      "revenue"}], "dimension": [{"dimensionName": "category"}, {"dimensionName":
      "city"}], "dataStartFrom": "2019-10-01T00:00:00.000Z", "startOffsetInSeconds":
      0, "maxConcurrency": -1, "minRetryIntervalInSeconds": -1, "stopRetryAfterInSeconds":
      -1, "dataSourceParameter": {"connectionString": "connectionstring", "query":
      "select\u202f*\u202ffrom\u202fadsample2\u202fwhere\u202fTimestamp\u202f=\u202f@StartTime"}}'
    headers:
      Accept:
      - application/json
      Accept-Encoding:
      - gzip, deflate
      Connection:
      - keep-alive
      Content-Length:
      - '779'
      Content-Type:
      - application/json
      User-Agent:
      - azsdk-python-ai-metricsadvisor/1.0.0b4 Python/3.8.6 (Windows-10-10.0.19041-SP0)
    method: POST
    uri: https://js-metrics-advisor.cognitiveservices.azure.com/metricsadvisor/v1.0/dataFeeds
  response:
    body:
      string: ''
    headers:
      apim-request-id:
      - 3922d986-cf73-4d6b-a89d-509a60f6c6f5
      content-length:
      - '0'
      date:
      - Fri, 21 May 2021 19:38:15 GMT
      location:
      - https://js-metrics-advisor.cognitiveservices.azure.com/metricsadvisor/v1.0/dataFeeds/59818960-e634-4a54-8bf9-1ce2db3c4577
      strict-transport-security:
      - max-age=31536000; includeSubDomains; preload
      x-content-type-options:
      - nosniff
      x-envoy-upstream-service-time:
      - '600'
      x-request-id:
      - 3922d986-cf73-4d6b-a89d-509a60f6c6f5
    status:
      code: 201
      message: Created
- request:
    body: null
    headers:
      Accept:
      - application/json
      Accept-Encoding:
      - gzip, deflate
      Connection:
      - keep-alive
      User-Agent:
      - azsdk-python-ai-metricsadvisor/1.0.0b4 Python/3.8.6 (Windows-10-10.0.19041-SP0)
    method: GET
    uri: https://js-metrics-advisor.cognitiveservices.azure.com/metricsadvisor/v1.0/dataFeeds/59818960-e634-4a54-8bf9-1ce2db3c4577
  response:
    body:
      string: "{\"dataFeedId\":\"59818960-e634-4a54-8bf9-1ce2db3c4577\",\"dataFeedName\":\"alertupdateqcmjn4gpmty65\",\"metrics\":[{\"metricId\":\"a0521dc3-094f-486e-8243-b26882ae1116\",\"metricName\":\"cost\",\"metricDisplayName\":\"cost\",\"metricDescription\":\"\"},{\"metricId\":\"49bef6ff-8e9c-4175-aa35-3e03fc811f81\",\"metricName\":\"revenue\",\"metricDisplayName\":\"revenue\",\"metricDescription\":\"\"}],\"dimension\":[{\"dimensionName\":\"category\",\"dimensionDisplayName\":\"category\"},{\"dimensionName\":\"city\",\"dimensionDisplayName\":\"city\"}],\"dataStartFrom\":\"2019-10-01T00:00:00Z\",\"dataSourceType\":\"SqlServer\",\"timestampColumn\":\"\",\"startOffsetInSeconds\":0,\"maxQueryPerMinute\":30.0,\"granularityName\":\"Daily\",\"needRollup\":\"NoRollup\",\"fillMissingPointType\":\"PreviousValue\",\"fillMissingPointValue\":0.0,\"rollUpMethod\":\"None\",\"dataFeedDescription\":\"\",\"stopRetryAfterInSeconds\":-1,\"minRetryIntervalInSeconds\":-1,\"maxConcurrency\":-1,\"viewMode\":\"Private\",\"admins\":[\"krpratic@microsoft.com\"],\"viewers\":[],\"creator\":\"krpratic@microsoft.com\",\"status\":\"Active\",\"createdTime\":\"2021-05-21T19:38:15Z\",\"isAdmin\":true,\"actionLinkTemplate\":\"\",\"dataSourceParameter\":{\"query\":\"select\u202F*\u202Ffrom\u202Fadsample2\u202Fwhere\u202FTimestamp\u202F=\u202F@StartTime\"},\"authenticationType\":\"Basic\"}"
    headers:
      apim-request-id:
      - c1058b64-09a9-4e02-a05e-037ef9763eab
      content-length:
      - '1201'
      content-type:
      - application/json; charset=utf-8
      date:
      - Fri, 21 May 2021 19:38:15 GMT
      strict-transport-security:
      - max-age=31536000; includeSubDomains; preload
      x-content-type-options:
      - nosniff
      x-envoy-upstream-service-time:
      - '157'
      x-request-id:
      - c1058b64-09a9-4e02-a05e-037ef9763eab
    status:
      code: 200
      message: OK
- request:
    body: '{"name": "alertupdateu5d56beamfrty", "description": "testing", "metricId":
      "a0521dc3-094f-486e-8243-b26882ae1116", "wholeMetricConfiguration": {"smartDetectionCondition":
      {"sensitivity": 50.0, "anomalyDetectorDirection": "Both", "suppressCondition":
      {"minNumber": 50, "minRatio": 50.0}}}}'
    headers:
      Accept:
      - application/json
      Accept-Encoding:
      - gzip, deflate
      Connection:
      - keep-alive
      Content-Length:
      - '288'
      Content-Type:
      - application/json
      User-Agent:
      - azsdk-python-ai-metricsadvisor/1.0.0b4 Python/3.8.6 (Windows-10-10.0.19041-SP0)
    method: POST
    uri: https://js-metrics-advisor.cognitiveservices.azure.com/metricsadvisor/v1.0/enrichment/anomalyDetection/configurations
  response:
    body:
      string: ''
    headers:
      apim-request-id:
      - 3751c726-1079-45f7-9270-cd8f7867b9db
      content-length:
      - '0'
      date:
      - Fri, 21 May 2021 19:38:16 GMT
      location:
      - https://js-metrics-advisor.cognitiveservices.azure.com/metricsadvisor/v1.0/enrichment/anomalyDetection/configurations/cc6454ac-3d15-4513-9958-2c08e9e3951c
      strict-transport-security:
      - max-age=31536000; includeSubDomains; preload
      x-content-type-options:
      - nosniff
      x-envoy-upstream-service-time:
      - '118'
      x-request-id:
      - 3751c726-1079-45f7-9270-cd8f7867b9db
    status:
      code: 201
      message: Created
- request:
    body: null
    headers:
      Accept:
      - application/json
      Accept-Encoding:
      - gzip, deflate
      Connection:
      - keep-alive
      User-Agent:
      - azsdk-python-ai-metricsadvisor/1.0.0b4 Python/3.8.6 (Windows-10-10.0.19041-SP0)
    method: GET
    uri: https://js-metrics-advisor.cognitiveservices.azure.com/metricsadvisor/v1.0/enrichment/anomalyDetection/configurations/cc6454ac-3d15-4513-9958-2c08e9e3951c
  response:
    body:
      string: '{"anomalyDetectionConfigurationId":"cc6454ac-3d15-4513-9958-2c08e9e3951c","name":"alertupdateu5d56beamfrty","description":"testing","metricId":"a0521dc3-094f-486e-8243-b26882ae1116","wholeMetricConfiguration":{"smartDetectionCondition":{"sensitivity":50.0,"anomalyDetectorDirection":"Both","suppressCondition":{"minNumber":50,"minRatio":50.0}}},"dimensionGroupOverrideConfigurations":[],"seriesOverrideConfigurations":[]}'
    headers:
      apim-request-id:
      - cefc1076-fd88-45e9-ad6b-80f5e196e845
      content-length:
      - '421'
      content-type:
      - application/json; charset=utf-8
      date:
      - Fri, 21 May 2021 19:38:16 GMT
      strict-transport-security:
      - max-age=31536000; includeSubDomains; preload
      x-content-type-options:
      - nosniff
      x-envoy-upstream-service-time:
      - '103'
      x-request-id:
      - cefc1076-fd88-45e9-ad6b-80f5e196e845
    status:
      code: 200
      message: OK
- request:
    body: '{"name": "alertupdate7x3k4ylufcvxj", "crossMetricsOperator": "AND", "hookIds":
      [], "metricAlertingConfigurations": [{"anomalyDetectionConfigurationId": "cc6454ac-3d15-4513-9958-2c08e9e3951c",
      "anomalyScopeType": "TopN", "topNAnomalyScope": {"top": 5, "period": 10, "minTopCount":
      9}, "valueFilter": {"lower": 1.0, "upper": 5.0, "direction": "Both", "type":
      "Value", "metricId": "a0521dc3-094f-486e-8243-b26882ae1116"}}, {"anomalyDetectionConfigurationId":
      "cc6454ac-3d15-4513-9958-2c08e9e3951c", "anomalyScopeType": "Dimension", "dimensionAnomalyScope":
      {"dimension": {"city": "Shenzhen"}}, "severityFilter": {"minAlertSeverity":
      "Low", "maxAlertSeverity": "High"}}, {"anomalyDetectionConfigurationId": "cc6454ac-3d15-4513-9958-2c08e9e3951c",
      "anomalyScopeType": "All", "severityFilter": {"minAlertSeverity": "Low", "maxAlertSeverity":
      "High"}}]}'
    headers:
      Accept:
      - application/json
      Accept-Encoding:
      - gzip, deflate
      Connection:
      - keep-alive
      Content-Length:
      - '846'
      Content-Type:
      - application/json
      User-Agent:
      - azsdk-python-ai-metricsadvisor/1.0.0b4 Python/3.8.6 (Windows-10-10.0.19041-SP0)
    method: POST
    uri: https://js-metrics-advisor.cognitiveservices.azure.com/metricsadvisor/v1.0/alert/anomaly/configurations
  response:
    body:
      string: ''
    headers:
      apim-request-id:
      - 58d8d110-52d0-45b9-83b2-a0cf5ada98c5
      content-length:
      - '0'
      date:
      - Fri, 21 May 2021 19:38:16 GMT
      location:
      - https://js-metrics-advisor.cognitiveservices.azure.com/metricsadvisor/v1.0/alert/anomaly/configurations/6759e593-6ed7-4347-8ce6-32ef02683ea8
      strict-transport-security:
      - max-age=31536000; includeSubDomains; preload
      x-content-type-options:
      - nosniff
      x-envoy-upstream-service-time:
      - '195'
      x-request-id:
      - 58d8d110-52d0-45b9-83b2-a0cf5ada98c5
    status:
      code: 201
      message: Created
- request:
    body: null
    headers:
      Accept:
      - application/json
      Accept-Encoding:
      - gzip, deflate
      Connection:
      - keep-alive
      User-Agent:
      - azsdk-python-ai-metricsadvisor/1.0.0b4 Python/3.8.6 (Windows-10-10.0.19041-SP0)
    method: GET
    uri: https://js-metrics-advisor.cognitiveservices.azure.com/metricsadvisor/v1.0/alert/anomaly/configurations/6759e593-6ed7-4347-8ce6-32ef02683ea8
  response:
    body:
      string: '{"anomalyAlertingConfigurationId":"6759e593-6ed7-4347-8ce6-32ef02683ea8","name":"alertupdate7x3k4ylufcvxj","description":"","crossMetricsOperator":"AND","splitAlertByDimensions":[],"hookIds":[],"metricAlertingConfigurations":[{"anomalyDetectionConfigurationId":"cc6454ac-3d15-4513-9958-2c08e9e3951c","anomalyScopeType":"TopN","negationOperation":false,"topNAnomalyScope":{"top":5,"period":10,"minTopCount":9},"valueFilter":{"lower":1.0,"upper":5.0,"direction":"Both","metricId":"a0521dc3-094f-486e-8243-b26882ae1116","triggerForMissing":false,"type":"Value"}},{"anomalyDetectionConfigurationId":"cc6454ac-3d15-4513-9958-2c08e9e3951c","anomalyScopeType":"Dimension","negationOperation":false,"dimensionAnomalyScope":{"dimension":{"city":"Shenzhen"}},"severityFilter":{"minAlertSeverity":"Low","maxAlertSeverity":"High"}},{"anomalyDetectionConfigurationId":"cc6454ac-3d15-4513-9958-2c08e9e3951c","anomalyScopeType":"All","negationOperation":false,"severityFilter":{"minAlertSeverity":"Low","maxAlertSeverity":"High"}}]}'
    headers:
      apim-request-id:
      - 73f9471c-26bb-41d1-841a-2a46dc506547
      content-length:
      - '1017'
      content-type:
      - application/json; charset=utf-8
      date:
      - Fri, 21 May 2021 19:38:16 GMT
      strict-transport-security:
      - max-age=31536000; includeSubDomains; preload
      x-content-type-options:
      - nosniff
      x-envoy-upstream-service-time:
      - '93'
      x-request-id:
      - 73f9471c-26bb-41d1-841a-2a46dc506547
    status:
      code: 200
      message: OK
- request:
    body: '{"name": "update", "crossMetricsOperator": "OR", "metricAlertingConfigurations":
      [{"anomalyDetectionConfigurationId": "cc6454ac-3d15-4513-9958-2c08e9e3951c",
      "anomalyScopeType": "TopN", "topNAnomalyScope": {"top": 5, "period": 10, "minTopCount":
      9}, "severityFilter": {"minAlertSeverity": "Low", "maxAlertSeverity": "High"},
      "valueFilter": {"lower": 1.0, "upper": 5.0, "direction": "Both", "type": "Value",
      "metricId": "a0521dc3-094f-486e-8243-b26882ae1116"}}, {"anomalyDetectionConfigurationId":
      "cc6454ac-3d15-4513-9958-2c08e9e3951c", "anomalyScopeType": "Dimension", "dimensionAnomalyScope":
      {"dimension": {"city": "Shenzhen"}}, "severityFilter": {"minAlertSeverity":
      "Low", "maxAlertSeverity": "High"}, "valueFilter": {"lower": 1.0, "upper": 5.0,
      "direction": "Both", "type": "Value"}}, {"anomalyDetectionConfigurationId":
      "cc6454ac-3d15-4513-9958-2c08e9e3951c", "anomalyScopeType": "All", "severityFilter":
      {"minAlertSeverity": "Low", "maxAlertSeverity": "High"}, "valueFilter": {"lower":
      1.0, "upper": 5.0, "direction": "Both", "type": "Value"}}], "description": "update
      description"}'
    headers:
      Accept:
      - application/json
      Accept-Encoding:
      - gzip, deflate
      Connection:
      - keep-alive
      Content-Length:
      - '1090'
      Content-Type:
      - application/merge-patch+json
      User-Agent:
      - azsdk-python-ai-metricsadvisor/1.0.0b4 Python/3.8.6 (Windows-10-10.0.19041-SP0)
    method: PATCH
    uri: https://js-metrics-advisor.cognitiveservices.azure.com/metricsadvisor/v1.0/alert/anomaly/configurations/6759e593-6ed7-4347-8ce6-32ef02683ea8
  response:
    body:
      string: '{"anomalyAlertingConfigurationId":"6759e593-6ed7-4347-8ce6-32ef02683ea8","name":"update","description":"update
        description","crossMetricsOperator":"OR","splitAlertByDimensions":[],"hookIds":[],"metricAlertingConfigurations":[{"anomalyDetectionConfigurationId":"cc6454ac-3d15-4513-9958-2c08e9e3951c","anomalyScopeType":"TopN","negationOperation":false,"topNAnomalyScope":{"top":5,"period":10,"minTopCount":9},"severityFilter":{"minAlertSeverity":"Low","maxAlertSeverity":"High"},"valueFilter":{"lower":1.0,"upper":5.0,"direction":"Both","metricId":"a0521dc3-094f-486e-8243-b26882ae1116","triggerForMissing":false,"type":"Value"}},{"anomalyDetectionConfigurationId":"cc6454ac-3d15-4513-9958-2c08e9e3951c","anomalyScopeType":"Dimension","negationOperation":false,"dimensionAnomalyScope":{"dimension":{"city":"Shenzhen"}},"severityFilter":{"minAlertSeverity":"Low","maxAlertSeverity":"High"},"valueFilter":{"lower":1.0,"upper":5.0,"direction":"Both","triggerForMissing":false,"type":"Value"}},{"anomalyDetectionConfigurationId":"cc6454ac-3d15-4513-9958-2c08e9e3951c","anomalyScopeType":"All","negationOperation":false,"severityFilter":{"minAlertSeverity":"Low","maxAlertSeverity":"High"},"valueFilter":{"lower":1.0,"upper":5.0,"direction":"Both","triggerForMissing":false,"type":"Value"}}]}'
    headers:
      apim-request-id:
      - c3defec3-3f70-4207-8153-daeab1c64ca0
      content-length:
      - '1286'
      content-type:
      - application/json; charset=utf-8
      date:
      - Fri, 21 May 2021 19:38:16 GMT
      strict-transport-security:
      - max-age=31536000; includeSubDomains; preload
      x-content-type-options:
      - nosniff
      x-envoy-upstream-service-time:
      - '240'
      x-request-id:
      - c3defec3-3f70-4207-8153-daeab1c64ca0
    status:
      code: 200
      message: OK
- request:
    body: null
    headers:
      Accept:
      - application/json
      Accept-Encoding:
      - gzip, deflate
      Connection:
      - keep-alive
      User-Agent:
      - azsdk-python-ai-metricsadvisor/1.0.0b4 Python/3.8.6 (Windows-10-10.0.19041-SP0)
    method: GET
    uri: https://js-metrics-advisor.cognitiveservices.azure.com/metricsadvisor/v1.0/alert/anomaly/configurations/6759e593-6ed7-4347-8ce6-32ef02683ea8
  response:
    body:
      string: '{"anomalyAlertingConfigurationId":"6759e593-6ed7-4347-8ce6-32ef02683ea8","name":"update","description":"update
        description","crossMetricsOperator":"OR","splitAlertByDimensions":[],"hookIds":[],"metricAlertingConfigurations":[{"anomalyDetectionConfigurationId":"cc6454ac-3d15-4513-9958-2c08e9e3951c","anomalyScopeType":"TopN","negationOperation":false,"topNAnomalyScope":{"top":5,"period":10,"minTopCount":9},"severityFilter":{"minAlertSeverity":"Low","maxAlertSeverity":"High"},"valueFilter":{"lower":1.0,"upper":5.0,"direction":"Both","metricId":"a0521dc3-094f-486e-8243-b26882ae1116","triggerForMissing":false,"type":"Value"}},{"anomalyDetectionConfigurationId":"cc6454ac-3d15-4513-9958-2c08e9e3951c","anomalyScopeType":"Dimension","negationOperation":false,"dimensionAnomalyScope":{"dimension":{"city":"Shenzhen"}},"severityFilter":{"minAlertSeverity":"Low","maxAlertSeverity":"High"},"valueFilter":{"lower":1.0,"upper":5.0,"direction":"Both","triggerForMissing":false,"type":"Value"}},{"anomalyDetectionConfigurationId":"cc6454ac-3d15-4513-9958-2c08e9e3951c","anomalyScopeType":"All","negationOperation":false,"severityFilter":{"minAlertSeverity":"Low","maxAlertSeverity":"High"},"valueFilter":{"lower":1.0,"upper":5.0,"direction":"Both","triggerForMissing":false,"type":"Value"}}]}'
    headers:
      apim-request-id:
      - 40accc62-cda0-4e47-aaa6-ae8c5044d5fb
      content-length:
      - '1286'
      content-type:
      - application/json; charset=utf-8
      date:
      - Fri, 21 May 2021 19:38:17 GMT
      strict-transport-security:
      - max-age=31536000; includeSubDomains; preload
      x-content-type-options:
      - nosniff
      x-envoy-upstream-service-time:
      - '101'
      x-request-id:
      - 40accc62-cda0-4e47-aaa6-ae8c5044d5fb
    status:
      code: 200
      message: OK
- request:
    body: null
    headers:
      Accept:
      - application/json
      Accept-Encoding:
      - gzip, deflate
      Connection:
      - keep-alive
      Content-Length:
      - '0'
      User-Agent:
      - azsdk-python-ai-metricsadvisor/1.0.0b4 Python/3.8.6 (Windows-10-10.0.19041-SP0)
    method: DELETE
    uri: https://js-metrics-advisor.cognitiveservices.azure.com/metricsadvisor/v1.0/dataFeeds/59818960-e634-4a54-8bf9-1ce2db3c4577
  response:
    body:
      string: ''
    headers:
      apim-request-id:
      - bda714fc-919e-4fb4-b3c0-b5d1f477c00c
      content-length:
      - '0'
      date:
      - Fri, 21 May 2021 19:38:17 GMT
      strict-transport-security:
      - max-age=31536000; includeSubDomains; preload
      x-content-type-options:
      - nosniff
      x-envoy-upstream-service-time:
      - '375'
      x-request-id:
      - bda714fc-919e-4fb4-b3c0-b5d1f477c00c
    status:
      code: 204
      message: No Content
version: 1
