interactions:
- request:
    body: '{"dataSourceType": "SqlServer", "dataFeedName": "topnupq2cov7sfbw2rxg5vfc",
      "granularityName": "Daily", "metrics": [{"metricName": "cost"}, {"metricName":
      "revenue"}], "dimension": [{"dimensionName": "category"}, {"dimensionName":
      "city"}], "dataStartFrom": "2019-10-01T00:00:00.000Z", "startOffsetInSeconds":
      0, "maxConcurrency": -1, "minRetryIntervalInSeconds": -1, "stopRetryAfterInSeconds":
      -1, "dataSourceParameter": {"connectionString": "connectionstring", "query":
      "select\u202f*\u202ffrom\u202fadsample2\u202fwhere\u202fTimestamp\u202f=\u202f@StartTime"}}'
    headers:
      Accept:
      - application/json
      Accept-Encoding:
      - gzip, deflate
      Connection:
      - keep-alive
      Content-Length:
      - '779'
      Content-Type:
      - application/json
      User-Agent:
      - azsdk-python-ai-metricsadvisor/1.0.0b4 Python/3.8.6 (Windows-10-10.0.19041-SP0)
    method: POST
    uri: https://js-metrics-advisor.cognitiveservices.azure.com/metricsadvisor/v1.0/dataFeeds
  response:
    body:
      string: ''
    headers:
      apim-request-id:
      - 30b65127-7719-4799-b1c8-70c0028f3835
      content-length:
      - '0'
      date:
      - Fri, 21 May 2021 19:37:41 GMT
      location:
      - https://js-metrics-advisor.cognitiveservices.azure.com/metricsadvisor/v1.0/dataFeeds/457f7cf1-deea-4afd-b1eb-6b567095c19d
      strict-transport-security:
      - max-age=31536000; includeSubDomains; preload
      x-content-type-options:
      - nosniff
      x-envoy-upstream-service-time:
      - '876'
      x-request-id:
      - 30b65127-7719-4799-b1c8-70c0028f3835
    status:
      code: 201
      message: Created
- request:
    body: null
    headers:
      Accept:
      - application/json
      Accept-Encoding:
      - gzip, deflate
      Connection:
      - keep-alive
      User-Agent:
      - azsdk-python-ai-metricsadvisor/1.0.0b4 Python/3.8.6 (Windows-10-10.0.19041-SP0)
    method: GET
    uri: https://js-metrics-advisor.cognitiveservices.azure.com/metricsadvisor/v1.0/dataFeeds/457f7cf1-deea-4afd-b1eb-6b567095c19d
  response:
    body:
      string: "{\"dataFeedId\":\"457f7cf1-deea-4afd-b1eb-6b567095c19d\",\"dataFeedName\":\"topnupq2cov7sfbw2rxg5vfc\",\"metrics\":[{\"metricId\":\"f0e4daf0-5c89-4197-9d4c-126a6f12f755\",\"metricName\":\"cost\",\"metricDisplayName\":\"cost\",\"metricDescription\":\"\"},{\"metricId\":\"c2b559a5-2786-486c-9ef2-c64951c635ca\",\"metricName\":\"revenue\",\"metricDisplayName\":\"revenue\",\"metricDescription\":\"\"}],\"dimension\":[{\"dimensionName\":\"category\",\"dimensionDisplayName\":\"category\"},{\"dimensionName\":\"city\",\"dimensionDisplayName\":\"city\"}],\"dataStartFrom\":\"2019-10-01T00:00:00Z\",\"dataSourceType\":\"SqlServer\",\"timestampColumn\":\"\",\"startOffsetInSeconds\":0,\"maxQueryPerMinute\":30.0,\"granularityName\":\"Daily\",\"needRollup\":\"NoRollup\",\"fillMissingPointType\":\"PreviousValue\",\"fillMissingPointValue\":0.0,\"rollUpMethod\":\"None\",\"dataFeedDescription\":\"\",\"stopRetryAfterInSeconds\":-1,\"minRetryIntervalInSeconds\":-1,\"maxConcurrency\":-1,\"viewMode\":\"Private\",\"admins\":[\"krpratic@microsoft.com\"],\"viewers\":[],\"creator\":\"krpratic@microsoft.com\",\"status\":\"Active\",\"createdTime\":\"2021-05-21T19:37:41Z\",\"isAdmin\":true,\"actionLinkTemplate\":\"\",\"dataSourceParameter\":{\"query\":\"select\u202F*\u202Ffrom\u202Fadsample2\u202Fwhere\u202FTimestamp\u202F=\u202F@StartTime\"},\"authenticationType\":\"Basic\"}"
    headers:
      apim-request-id:
      - 97d849c4-cdfa-4d41-8c96-e381ba34ecc1
      content-length:
      - '1201'
      content-type:
      - application/json; charset=utf-8
      date:
      - Fri, 21 May 2021 19:37:41 GMT
      strict-transport-security:
      - max-age=31536000; includeSubDomains; preload
      x-content-type-options:
      - nosniff
      x-envoy-upstream-service-time:
      - '182'
      x-request-id:
      - 97d849c4-cdfa-4d41-8c96-e381ba34ecc1
    status:
      code: 200
      message: OK
- request:
    body: '{"name": "topnupykau6hdl6diguoppix", "description": "testing", "metricId":
      "f0e4daf0-5c89-4197-9d4c-126a6f12f755", "wholeMetricConfiguration": {"smartDetectionCondition":
      {"sensitivity": 50.0, "anomalyDetectorDirection": "Both", "suppressCondition":
      {"minNumber": 50, "minRatio": 50.0}}}}'
    headers:
      Accept:
      - application/json
      Accept-Encoding:
      - gzip, deflate
      Connection:
      - keep-alive
      Content-Length:
      - '288'
      Content-Type:
      - application/json
      User-Agent:
      - azsdk-python-ai-metricsadvisor/1.0.0b4 Python/3.8.6 (Windows-10-10.0.19041-SP0)
    method: POST
    uri: https://js-metrics-advisor.cognitiveservices.azure.com/metricsadvisor/v1.0/enrichment/anomalyDetection/configurations
  response:
    body:
      string: ''
    headers:
      apim-request-id:
      - 52c81116-735e-4cc8-aa42-926c5c54f5ce
      content-length:
      - '0'
      date:
      - Fri, 21 May 2021 19:37:42 GMT
      location:
      - https://js-metrics-advisor.cognitiveservices.azure.com/metricsadvisor/v1.0/enrichment/anomalyDetection/configurations/7d36ac92-c571-479f-8a0e-1e6b2df62d12
      strict-transport-security:
      - max-age=31536000; includeSubDomains; preload
      x-content-type-options:
      - nosniff
      x-envoy-upstream-service-time:
      - '138'
      x-request-id:
      - 52c81116-735e-4cc8-aa42-926c5c54f5ce
    status:
      code: 201
      message: Created
- request:
    body: null
    headers:
      Accept:
      - application/json
      Accept-Encoding:
      - gzip, deflate
      Connection:
      - keep-alive
      User-Agent:
      - azsdk-python-ai-metricsadvisor/1.0.0b4 Python/3.8.6 (Windows-10-10.0.19041-SP0)
    method: GET
    uri: https://js-metrics-advisor.cognitiveservices.azure.com/metricsadvisor/v1.0/enrichment/anomalyDetection/configurations/7d36ac92-c571-479f-8a0e-1e6b2df62d12
  response:
    body:
      string: '{"anomalyDetectionConfigurationId":"7d36ac92-c571-479f-8a0e-1e6b2df62d12","name":"topnupykau6hdl6diguoppix","description":"testing","metricId":"f0e4daf0-5c89-4197-9d4c-126a6f12f755","wholeMetricConfiguration":{"smartDetectionCondition":{"sensitivity":50.0,"anomalyDetectorDirection":"Both","suppressCondition":{"minNumber":50,"minRatio":50.0}}},"dimensionGroupOverrideConfigurations":[],"seriesOverrideConfigurations":[]}'
    headers:
      apim-request-id:
      - 3fbeba4c-4feb-4b67-a5f2-7620f188211f
      content-length:
      - '421'
      content-type:
      - application/json; charset=utf-8
      date:
      - Fri, 21 May 2021 19:37:47 GMT
      strict-transport-security:
      - max-age=31536000; includeSubDomains; preload
      x-content-type-options:
      - nosniff
      x-envoy-upstream-service-time:
      - '5137'
      x-request-id:
      - 3fbeba4c-4feb-4b67-a5f2-7620f188211f
    status:
      code: 200
      message: OK
- request:
    body: '{"name": "testalertda051c3c", "hookIds": [], "metricAlertingConfigurations":
      [{"anomalyDetectionConfigurationId": "7d36ac92-c571-479f-8a0e-1e6b2df62d12",
      "anomalyScopeType": "TopN", "topNAnomalyScope": {"top": 5, "period": 10, "minTopCount":
      9}, "valueFilter": {"lower": 1.0, "upper": 5.0, "direction": "Both", "type":
      "Value", "metricId": "f0e4daf0-5c89-4197-9d4c-126a6f12f755"}}]}'
    headers:
      Accept:
      - application/json
      Accept-Encoding:
      - gzip, deflate
      Connection:
      - keep-alive
      Content-Length:
      - '382'
      Content-Type:
      - application/json
      User-Agent:
      - azsdk-python-ai-metricsadvisor/1.0.0b4 Python/3.8.6 (Windows-10-10.0.19041-SP0)
    method: POST
    uri: https://js-metrics-advisor.cognitiveservices.azure.com/metricsadvisor/v1.0/alert/anomaly/configurations
  response:
    body:
      string: ''
    headers:
      apim-request-id:
      - 82dded3e-348f-42a0-995b-06a43e4137a4
      content-length:
      - '0'
      date:
      - Fri, 21 May 2021 19:37:47 GMT
      location:
      - https://js-metrics-advisor.cognitiveservices.azure.com/metricsadvisor/v1.0/alert/anomaly/configurations/b9c05e85-ff41-421d-9ec8-70e817aaf5dc
      strict-transport-security:
      - max-age=31536000; includeSubDomains; preload
      x-content-type-options:
      - nosniff
      x-envoy-upstream-service-time:
      - '260'
      x-request-id:
      - 82dded3e-348f-42a0-995b-06a43e4137a4
    status:
      code: 201
      message: Created
- request:
    body: null
    headers:
      Accept:
      - application/json
      Accept-Encoding:
      - gzip, deflate
      Connection:
      - keep-alive
      User-Agent:
      - azsdk-python-ai-metricsadvisor/1.0.0b4 Python/3.8.6 (Windows-10-10.0.19041-SP0)
    method: GET
    uri: https://js-metrics-advisor.cognitiveservices.azure.com/metricsadvisor/v1.0/alert/anomaly/configurations/b9c05e85-ff41-421d-9ec8-70e817aaf5dc
  response:
    body:
      string: '{"anomalyAlertingConfigurationId":"b9c05e85-ff41-421d-9ec8-70e817aaf5dc","name":"testalertda051c3c","description":"","splitAlertByDimensions":[],"hookIds":[],"metricAlertingConfigurations":[{"anomalyDetectionConfigurationId":"7d36ac92-c571-479f-8a0e-1e6b2df62d12","anomalyScopeType":"TopN","negationOperation":false,"topNAnomalyScope":{"top":5,"period":10,"minTopCount":9},"valueFilter":{"lower":1.0,"upper":5.0,"direction":"Both","metricId":"f0e4daf0-5c89-4197-9d4c-126a6f12f755","triggerForMissing":false,"type":"Value"}}]}'
    headers:
      apim-request-id:
      - aef68036-0c79-4a7b-8beb-95df39fea819
      content-length:
      - '525'
      content-type:
      - application/json; charset=utf-8
      date:
      - Fri, 21 May 2021 19:37:47 GMT
      strict-transport-security:
      - max-age=31536000; includeSubDomains; preload
      x-content-type-options:
      - nosniff
      x-envoy-upstream-service-time:
      - '174'
      x-request-id:
      - aef68036-0c79-4a7b-8beb-95df39fea819
    status:
      code: 200
      message: OK
- request:
    body: null
    headers:
      Accept:
      - application/json
      Accept-Encoding:
      - gzip, deflate
      Connection:
      - keep-alive
      Content-Length:
      - '0'
      User-Agent:
      - azsdk-python-ai-metricsadvisor/1.0.0b4 Python/3.8.6 (Windows-10-10.0.19041-SP0)
    method: DELETE
    uri: https://js-metrics-advisor.cognitiveservices.azure.com/metricsadvisor/v1.0/alert/anomaly/configurations/b9c05e85-ff41-421d-9ec8-70e817aaf5dc
  response:
    body:
      string: ''
    headers:
      apim-request-id:
      - d08f871b-8549-4c97-8654-9aca1fdae00f
      content-length:
      - '0'
      date:
      - Fri, 21 May 2021 19:37:48 GMT
      strict-transport-security:
      - max-age=31536000; includeSubDomains; preload
      x-content-type-options:
      - nosniff
      x-envoy-upstream-service-time:
      - '260'
      x-request-id:
      - d08f871b-8549-4c97-8654-9aca1fdae00f
    status:
      code: 204
      message: No Content
- request:
    body: null
    headers:
      Accept:
      - application/json
      Accept-Encoding:
      - gzip, deflate
      Connection:
      - keep-alive
      User-Agent:
      - azsdk-python-ai-metricsadvisor/1.0.0b4 Python/3.8.6 (Windows-10-10.0.19041-SP0)
    method: GET
    uri: https://js-metrics-advisor.cognitiveservices.azure.com/metricsadvisor/v1.0/alert/anomaly/configurations/b9c05e85-ff41-421d-9ec8-70e817aaf5dc
  response:
    body:
      string: '{"code":"Not Found","message":"Not found this AnomalyAlertingConfiguration.
        TraceId: 9d52a929-c257-469e-8525-ca6ec49f5a4b"}'
    headers:
      apim-request-id:
      - 101dc78f-bab5-40c0-9c4e-daea2b0d674a
      content-length:
      - '123'
      content-type:
      - application/json; charset=utf-8
      date:
      - Fri, 21 May 2021 19:37:48 GMT
      strict-transport-security:
      - max-age=31536000; includeSubDomains; preload
      x-content-type-options:
      - nosniff
      x-envoy-upstream-service-time:
      - '311'
      x-request-id:
      - 101dc78f-bab5-40c0-9c4e-daea2b0d674a
    status:
      code: 404
      message: Not Found
- request:
    body: null
    headers:
      Accept:
      - application/json
      Accept-Encoding:
      - gzip, deflate
      Connection:
      - keep-alive
      Content-Length:
      - '0'
      User-Agent:
      - azsdk-python-ai-metricsadvisor/1.0.0b4 Python/3.8.6 (Windows-10-10.0.19041-SP0)
    method: DELETE
    uri: https://js-metrics-advisor.cognitiveservices.azure.com/metricsadvisor/v1.0/enrichment/anomalyDetection/configurations/7d36ac92-c571-479f-8a0e-1e6b2df62d12
  response:
    body:
      string: ''
    headers:
      apim-request-id:
      - 0806dd09-3885-4045-b366-76b02286171b
      content-length:
      - '0'
      date:
      - Fri, 21 May 2021 19:37:48 GMT
      strict-transport-security:
      - max-age=31536000; includeSubDomains; preload
      x-content-type-options:
      - nosniff
      x-envoy-upstream-service-time:
      - '178'
      x-request-id:
      - 0806dd09-3885-4045-b366-76b02286171b
    status:
      code: 204
      message: No Content
- request:
    body: null
    headers:
      Accept:
      - application/json
      Accept-Encoding:
      - gzip, deflate
      Connection:
      - keep-alive
      Content-Length:
      - '0'
      User-Agent:
      - azsdk-python-ai-metricsadvisor/1.0.0b4 Python/3.8.6 (Windows-10-10.0.19041-SP0)
    method: DELETE
    uri: https://js-metrics-advisor.cognitiveservices.azure.com/metricsadvisor/v1.0/dataFeeds/457f7cf1-deea-4afd-b1eb-6b567095c19d
  response:
    body:
      string: ''
    headers:
      apim-request-id:
      - 5ead9c0e-3960-4bda-95fc-e876ef9d66d5
      content-length:
      - '0'
      date:
      - Fri, 21 May 2021 19:37:49 GMT
      strict-transport-security:
      - max-age=31536000; includeSubDomains; preload
      x-content-type-options:
      - nosniff
      x-envoy-upstream-service-time:
      - '422'
      x-request-id:
      - 5ead9c0e-3960-4bda-95fc-e876ef9d66d5
    status:
      code: 204
      message: No Content
version: 1
