interactions:
- request:
    body: '{"hookType": "Email", "hookName": "testemailhook1dfb0f01", "description":
      "my email hook", "externalLink": "external link", "hookParameter": {"toList":
      ["yournamehere@microsoft.com"]}}'
    headers:
      Accept:
      - application/json
      Accept-Encoding:
      - gzip, deflate
      Connection:
      - keep-alive
      Content-Length:
      - '184'
      Content-Type:
      - application/json
      User-Agent:
      - azsdk-python-ai-metricsadvisor/1.0.0b3 Python/3.8.6 (Windows-10-10.0.19041-SP0)
    method: POST
    uri: https://js-metrics-advisor.cognitiveservices.azure.com/metricsadvisor/v1.0/hooks
  response:
    body:
      string: ''
    headers:
      apim-request-id:
      - d810fbc8-ea5a-4be8-98bd-8f2c774c5407
      content-length:
      - '0'
      date:
      - Fri, 22 Jan 2021 00:59:54 GMT
      location:
      - https://js-metrics-advisor.cognitiveservices.azure.com/metricsadvisor/v1.0/hooks/c16b3181-de37-4a8a-b3d1-3c8c620f4012
      strict-transport-security:
      - max-age=31536000; includeSubDomains; preload
      x-content-type-options:
      - nosniff
      x-envoy-upstream-service-time:
      - '590'
      x-request-id:
      - d810fbc8-ea5a-4be8-98bd-8f2c774c5407
    status:
      code: 201
      message: Created
- request:
    body: null
    headers:
      Accept:
      - application/json
      Accept-Encoding:
      - gzip, deflate
      Connection:
      - keep-alive
      User-Agent:
      - azsdk-python-ai-metricsadvisor/1.0.0b3 Python/3.8.6 (Windows-10-10.0.19041-SP0)
    method: GET
    uri: https://js-metrics-advisor.cognitiveservices.azure.com/metricsadvisor/v1.0/hooks/c16b3181-de37-4a8a-b3d1-3c8c620f4012
  response:
    body:
      string: '{"hookId":"c16b3181-de37-4a8a-b3d1-3c8c620f4012","hookName":"testemailhook1dfb0f01","hookType":"Email","externalLink":"external
        link","description":"my email hook","admins":["f850650c-1fcf-4489-b46f-71af2e30d360"],"hookParameter":{"toList":["yournamehere@microsoft.com"]}}'
    headers:
      apim-request-id:
      - e4ff7316-66cf-4a22-8f20-d43e10e919fd
      content-length:
      - '272'
      content-type:
      - application/json; charset=utf-8
      date:
      - Fri, 22 Jan 2021 00:59:54 GMT
      strict-transport-security:
      - max-age=31536000; includeSubDomains; preload
      x-content-type-options:
      - nosniff
      x-envoy-upstream-service-time:
      - '239'
      x-request-id:
      - e4ff7316-66cf-4a22-8f20-d43e10e919fd
    status:
      code: 200
      message: OK
- request:
    body: null
    headers:
      Accept:
      - application/json
      Accept-Encoding:
      - gzip, deflate
      Connection:
      - keep-alive
      Content-Length:
      - '0'
      User-Agent:
      - azsdk-python-ai-metricsadvisor/1.0.0b3 Python/3.8.6 (Windows-10-10.0.19041-SP0)
    method: DELETE
    uri: https://js-metrics-advisor.cognitiveservices.azure.com/metricsadvisor/v1.0/hooks/c16b3181-de37-4a8a-b3d1-3c8c620f4012
  response:
    body:
      string: ''
    headers:
      apim-request-id:
      - a7196dce-4ae5-460a-a999-8644712e675e
      content-length:
      - '0'
      date:
      - Fri, 22 Jan 2021 00:59:55 GMT
      strict-transport-security:
      - max-age=31536000; includeSubDomains; preload
      x-content-type-options:
      - nosniff
      x-envoy-upstream-service-time:
      - '307'
      x-request-id:
      - a7196dce-4ae5-460a-a999-8644712e675e
    status:
      code: 204
      message: No Content
- request:
    body: null
    headers:
      Accept:
      - application/json
      Accept-Encoding:
      - gzip, deflate
      Connection:
      - keep-alive
      User-Agent:
      - azsdk-python-ai-metricsadvisor/1.0.0b3 Python/3.8.6 (Windows-10-10.0.19041-SP0)
    method: GET
    uri: https://js-metrics-advisor.cognitiveservices.azure.com/metricsadvisor/v1.0/hooks/c16b3181-de37-4a8a-b3d1-3c8c620f4012
  response:
    body:
      string: '{"code":"ERROR_INVALID_PARAMETER","message":"hookId is invalid."}'
    headers:
      apim-request-id:
      - 1b1aef21-e2ef-48dc-b221-f980dd8c7766
      content-length:
      - '65'
      content-type:
      - application/json; charset=utf-8
      date:
      - Fri, 22 Jan 2021 00:59:56 GMT
      strict-transport-security:
      - max-age=31536000; includeSubDomains; preload
      x-content-type-options:
      - nosniff
      x-envoy-upstream-service-time:
      - '674'
      x-request-id:
      - 1b1aef21-e2ef-48dc-b221-f980dd8c7766
    status:
      code: 404
      message: Not Found
version: 1
