{
  "Entries": [
    {
      "RequestUri": "https://login.microsoftonline.com/72f988bf-86f1-41af-91ab-2d7cd011db47/v2.0/.well-known/openid-configuration",
      "RequestMethod": "GET",
      "RequestHeaders": {
        "Accept": "*/*",
        "Accept-Encoding": "gzip, deflate",
        "Connection": "keep-alive",
        "User-Agent": "azsdk-python-identity/1.7.2 Python/3.10.0 (Windows-10-10.0.22000-SP0)"
      },
      "RequestBody": null,
      "StatusCode": 200,
      "ResponseHeaders": {
        "Access-Control-Allow-Methods": "GET, OPTIONS",
        "Access-Control-Allow-Origin": "*",
        "Cache-Control": "max-age=86400, private",
        "Content-Length": "1753",
        "Content-Type": "application/json; charset=utf-8",
        "Date": "Thu, 16 Dec 2021 01:05:58 GMT",
        "P3P": "CP=\u0022DSP CUR OTPi IND OTRi ONL FIN\u0022",
        "Set-Cookie": [
          "fpc=Ag0OyaGPd0pEibyG7M6Pa-LGLH8mCQAAAKaHTNkOAAAA; expires=Sat, 15-Jan-2022 01:05:59 GMT; path=/; secure; HttpOnly; SameSite=None",
          "x-ms-gateway-slice=estsfd; path=/; secure; samesite=none; httponly",
          "stsservicecookie=estsfd; path=/; secure; samesite=none; httponly"
        ],
        "Strict-Transport-Security": "max-age=31536000; includeSubDomains",
        "X-Content-Type-Options": "nosniff",
        "x-ms-ests-server": "2.1.12261.15 - EUS ProdSlices",
        "x-ms-request-id": "a4ea997d-add5-43b2-961f-f8bef7690c00"
      },
      "ResponseBody": {
        "token_endpoint": "https://login.microsoftonline.com/72f988bf-86f1-41af-91ab-2d7cd011db47/oauth2/v2.0/token",
        "token_endpoint_auth_methods_supported": [
          "client_secret_post",
          "private_key_jwt",
          "client_secret_basic"
        ],
        "jwks_uri": "https://login.microsoftonline.com/72f988bf-86f1-41af-91ab-2d7cd011db47/discovery/v2.0/keys",
        "response_modes_supported": [
          "query",
          "fragment",
          "form_post"
        ],
        "subject_types_supported": [
          "pairwise"
        ],
        "id_token_signing_alg_values_supported": [
          "RS256"
        ],
        "response_types_supported": [
          "code",
          "id_token",
          "code id_token",
          "id_token token"
        ],
        "scopes_supported": [
          "openid",
          "profile",
          "email",
          "offline_access"
        ],
        "issuer": "https://login.microsoftonline.com/72f988bf-86f1-41af-91ab-2d7cd011db47/v2.0",
        "request_uri_parameter_supported": false,
        "userinfo_endpoint": "https://graph.microsoft.com/oidc/userinfo",
        "authorization_endpoint": "https://login.microsoftonline.com/72f988bf-86f1-41af-91ab-2d7cd011db47/oauth2/v2.0/authorize",
        "device_authorization_endpoint": "https://login.microsoftonline.com/72f988bf-86f1-41af-91ab-2d7cd011db47/oauth2/v2.0/devicecode",
        "http_logout_supported": true,
        "frontchannel_logout_supported": true,
        "end_session_endpoint": "https://login.microsoftonline.com/72f988bf-86f1-41af-91ab-2d7cd011db47/oauth2/v2.0/logout",
        "claims_supported": [
          "sub",
          "iss",
          "cloud_instance_name",
          "cloud_instance_host_name",
          "cloud_graph_host_name",
          "msgraph_host",
          "aud",
          "exp",
          "iat",
          "auth_time",
          "acr",
          "nonce",
          "preferred_username",
          "name",
          "tid",
          "ver",
          "at_hash",
          "c_hash",
          "email"
        ],
        "kerberos_endpoint": "https://login.microsoftonline.com/72f988bf-86f1-41af-91ab-2d7cd011db47/kerberos",
        "tenant_region_scope": "WW",
        "cloud_instance_name": "microsoftonline.com",
        "cloud_graph_host_name": "graph.windows.net",
        "msgraph_host": "graph.microsoft.com",
        "rbac_url": "https://pas.windows.net"
      }
    },
    {
      "RequestUri": "https://login.microsoftonline.com/common/discovery/instance?api-version=1.1\u0026authorization_endpoint=https://login.microsoftonline.com/common/oauth2/authorize",
      "RequestMethod": "GET",
      "RequestHeaders": {
        "Accept": "application/json",
        "Accept-Encoding": "gzip, deflate",
        "Connection": "keep-alive",
        "Cookie": "fpc=Ag0OyaGPd0pEibyG7M6Pa-LGLH8mCQAAAKaHTNkOAAAA; stsservicecookie=estsfd; x-ms-gateway-slice=estsfd",
        "User-Agent": "azsdk-python-identity/1.7.2 Python/3.10.0 (Windows-10-10.0.22000-SP0)"
      },
      "RequestBody": null,
      "StatusCode": 200,
      "ResponseHeaders": {
        "Access-Control-Allow-Methods": "GET, OPTIONS",
        "Access-Control-Allow-Origin": "*",
        "Cache-Control": "max-age=86400, private",
        "Content-Length": "945",
        "Content-Type": "application/json; charset=utf-8",
        "Date": "Thu, 16 Dec 2021 01:05:58 GMT",
        "P3P": "CP=\u0022DSP CUR OTPi IND OTRi ONL FIN\u0022",
        "Set-Cookie": [
          "fpc=Ag0OyaGPd0pEibyG7M6Pa-LGLH8mCQAAAKaHTNkOAAAA; expires=Sat, 15-Jan-2022 01:05:59 GMT; path=/; secure; HttpOnly; SameSite=None",
          "x-ms-gateway-slice=estsfd; path=/; secure; samesite=none; httponly",
          "stsservicecookie=estsfd; path=/; secure; samesite=none; httponly"
        ],
        "Strict-Transport-Security": "max-age=31536000; includeSubDomains",
        "X-Content-Type-Options": "nosniff",
        "x-ms-ests-server": "2.1.12261.14 - WUS2 ProdSlices",
        "x-ms-request-id": "d56a3d36-b553-47ef-a34e-48874c359800"
      },
      "ResponseBody": {
        "tenant_discovery_endpoint": "https://login.microsoftonline.com/common/.well-known/openid-configuration",
        "api-version": "1.1",
        "metadata": [
          {
            "preferred_network": "login.microsoftonline.com",
            "preferred_cache": "login.windows.net",
            "aliases": [
              "login.microsoftonline.com",
              "login.windows.net",
              "login.microsoft.com",
              "sts.windows.net"
            ]
          },
          {
            "preferred_network": "login.partner.microsoftonline.cn",
            "preferred_cache": "login.partner.microsoftonline.cn",
            "aliases": [
              "login.partner.microsoftonline.cn",
              "login.chinacloudapi.cn"
            ]
          },
          {
            "preferred_network": "login.microsoftonline.de",
            "preferred_cache": "login.microsoftonline.de",
            "aliases": [
              "login.microsoftonline.de"
            ]
          },
          {
            "preferred_network": "login.microsoftonline.us",
            "preferred_cache": "login.microsoftonline.us",
            "aliases": [
              "login.microsoftonline.us",
              "login.usgovcloudapi.net"
            ]
          },
          {
            "preferred_network": "login-us.microsoftonline.com",
            "preferred_cache": "login-us.microsoftonline.com",
            "aliases": [
              "login-us.microsoftonline.com"
            ]
          }
        ]
      }
    },
    {
      "RequestUri": "https://fakeendpoint.cognitiveservices.azure.com/metricsadvisor/v1.0/dataFeeds",
      "RequestMethod": "POST",
      "RequestHeaders": {
        "Accept": "application/json",
        "Accept-Encoding": "gzip, deflate",
        "Authorization": "Sanitized",
        "Connection": "keep-alive",
        "Content-Length": "623",
        "Content-Type": "application/json",
        "User-Agent": "azsdk-python-ai-metricsadvisor/1.0.1 Python/3.10.0 (Windows-10-10.0.22000-SP0)",
        "x-ms-client-request-id": "547d2055-5e0c-11ec-a15e-6245b51668de"
      },
      "RequestBody": "{\u0022dataSourceType\u0022: \u0022AzureBlob\u0022, \u0022dataFeedName\u0022: \u0022blobfeed2834b0ff-8f7b-44c6-9847-7ed8020178d9\u0022, \u0022granularityName\u0022: \u0022Daily\u0022, \u0022metrics\u0022: [{\u0022metricName\u0022: \u0022cost\u0022}, {\u0022metricName\u0022: \u0022revenue\u0022}], \u0022dimension\u0022: [{\u0022dimensionName\u0022: \u0022category\u0022}, {\u0022dimensionName\u0022: \u0022city\u0022}], \u0022dataStartFrom\u0022: \u00222019-10-01T00:00:00.000Z\u0022, \u0022startOffsetInSeconds\u0022: 0, \u0022maxConcurrency\u0022: -1, \u0022minRetryIntervalInSeconds\u0022: -1, \u0022stopRetryAfterInSeconds\u0022: -1, \u0022viewMode\u0022: \u0022Private\u0022, \u0022authenticationType\u0022: \u0022Basic\u0022, \u0022dataSourceParameter\u0022: {\u0022connectionString\u0022: \u0022azure_blob_connection_string\u0022, \u0022container\u0022: \u0022adsample\u0022, \u0022blobTemplate\u0022: \u0022%Y/%m/%d/%h/JsonFormatV2.json\u0022}}",
      "StatusCode": 201,
      "ResponseHeaders": {
        "apim-request-id": "02e5336e-bc58-45e7-8d2e-74908276d58a",
        "Content-Length": "0",
        "Date": "Thu, 16 Dec 2021 01:06:00 GMT",
        "Location": "https://fakeendpoint.cognitiveservices.azure.com/metricsadvisor/v1.0/dataFeeds/ba466f42-9f17-4fa4-a94b-8109f48757ee",
        "Strict-Transport-Security": "max-age=31536000; includeSubDomains; preload",
        "X-Content-Type-Options": "nosniff",
        "x-envoy-upstream-service-time": "493",
        "X-Request-ID": "02e5336e-bc58-45e7-8d2e-74908276d58a"
      },
      "ResponseBody": null
    },
    {
      "RequestUri": "https://fakeendpoint.cognitiveservices.azure.com/metricsadvisor/v1.0/dataFeeds/ba466f42-9f17-4fa4-a94b-8109f48757ee",
      "RequestMethod": "GET",
      "RequestHeaders": {
        "Accept": "application/json",
        "Accept-Encoding": "gzip, deflate",
        "Authorization": "Sanitized",
        "Connection": "keep-alive",
        "User-Agent": "azsdk-python-ai-metricsadvisor/1.0.1 Python/3.10.0 (Windows-10-10.0.22000-SP0)",
        "x-ms-client-request-id": "551809cd-5e0c-11ec-851f-6245b51668de"
      },
      "RequestBody": null,
      "StatusCode": 200,
      "ResponseHeaders": {
        "apim-request-id": "4c38ec0a-db5e-4c86-844b-c1d1b17e709f",
        "Content-Length": "1242",
        "Content-Type": "application/json; charset=utf-8",
        "Date": "Thu, 16 Dec 2021 01:06:00 GMT",
        "Strict-Transport-Security": "max-age=31536000; includeSubDomains; preload",
        "X-Content-Type-Options": "nosniff",
        "x-envoy-upstream-service-time": "126",
        "X-Request-ID": "4c38ec0a-db5e-4c86-844b-c1d1b17e709f"
      },
      "ResponseBody": {
        "dataFeedId": "ba466f42-9f17-4fa4-a94b-8109f48757ee",
        "dataFeedName": "blobfeed2834b0ff-8f7b-44c6-9847-7ed8020178d9",
        "metrics": [
          {
            "metricId": "c23fd5b8-7316-4c70-b8c2-e283b49c30eb",
            "metricName": "cost",
            "metricDisplayName": "cost",
            "metricDescription": ""
          },
          {
            "metricId": "bf2be6d4-de58-42ff-9138-64297491ccad",
            "metricName": "revenue",
            "metricDisplayName": "revenue",
            "metricDescription": ""
          }
        ],
        "dimension": [
          {
            "dimensionName": "category",
            "dimensionDisplayName": "category"
          },
          {
            "dimensionName": "city",
            "dimensionDisplayName": "city"
          }
        ],
        "dataStartFrom": "2019-10-01T00:00:00Z",
        "dataSourceType": "AzureBlob",
        "timestampColumn": "",
        "startOffsetInSeconds": 0,
        "maxQueryPerMinute": 30.0,
        "granularityName": "Daily",
        "needRollup": "NoRollup",
        "fillMissingPointType": "PreviousValue",
        "fillMissingPointValue": 0.0,
        "rollUpMethod": "None",
        "dataFeedDescription": "",
        "stopRetryAfterInSeconds": -1,
        "minRetryIntervalInSeconds": -1,
        "maxConcurrency": -1,
        "viewMode": "Private",
        "admins": [
          "f850650c-1fcf-4489-b46f-71af2e30d360"
        ],
        "viewers": [],
        "creator": "f850650c-1fcf-4489-b46f-71af2e30d360",
        "status": "Active",
        "createdTime": "2021-12-16T01:05:59Z",
        "isAdmin": true,
        "actionLinkTemplate": "",
        "dataSourceParameter": {
          "container": "adsample",
          "blobTemplate": "%Y/%m/%d/%h/JsonFormatV2.json"
        },
        "authenticationType": "Basic"
      }
    },
    {
      "RequestUri": "https://fakeendpoint.cognitiveservices.azure.com/metricsadvisor/v1.0/dataFeeds/ba466f42-9f17-4fa4-a94b-8109f48757ee",
      "RequestMethod": "DELETE",
      "RequestHeaders": {
        "Accept": "application/json",
        "Accept-Encoding": "gzip, deflate",
        "Authorization": "Sanitized",
        "Connection": "keep-alive",
        "Content-Length": "0",
        "User-Agent": "azsdk-python-ai-metricsadvisor/1.0.1 Python/3.10.0 (Windows-10-10.0.22000-SP0)",
        "x-ms-client-request-id": "55304582-5e0c-11ec-bbd3-6245b51668de"
      },
      "RequestBody": null,
      "StatusCode": 204,
      "ResponseHeaders": {
        "apim-request-id": "0c1485b5-7f28-452f-815e-ee28a2d3fa24",
        "Content-Length": "0",
        "Date": "Thu, 16 Dec 2021 01:06:00 GMT",
        "Strict-Transport-Security": "max-age=31536000; includeSubDomains; preload",
        "X-Content-Type-Options": "nosniff",
        "x-envoy-upstream-service-time": "260",
        "X-Request-ID": "0c1485b5-7f28-452f-815e-ee28a2d3fa24"
      },
      "ResponseBody": null
    }
  ],
  "Variables": {
    "data_feed_id": "ba466f42-9f17-4fa4-a94b-8109f48757ee",
    "data_feed_name": "blobfeed2834b0ff-8f7b-44c6-9847-7ed8020178d9"
  }
}
