interactions:
- request:
    body: '{"dataSourceType": "SqlServer", "dataFeedName": "updatedetectionyalj6mzeu",
      "granularityName": "Daily", "metrics": [{"metricName": "cost"}, {"metricName":
      "revenue"}], "dimension": [{"dimensionName": "category"}, {"dimensionName":
      "city"}], "dataStartFrom": "2019-10-01T00:00:00.000Z", "startOffsetInSeconds":
      0, "maxConcurrency": -1, "minRetryIntervalInSeconds": -1, "stopRetryAfterInSeconds":
      -1, "dataSourceParameter": {"connectionString": "connectionstring", "query":
      "select\u202f*\u202ffrom\u202fadsample2\u202fwhere\u202fTimestamp\u202f=\u202f@StartTime"}}'
    headers:
      Accept:
      - application/json
      Accept-Encoding:
      - gzip, deflate
      Connection:
      - keep-alive
      Content-Length:
      - '779'
      Content-Type:
      - application/json
      User-Agent:
      - azsdk-python-ai-metricsadvisor/1.0.0b3 Python/3.8.6 (Windows-10-10.0.19041-SP0)
    method: POST
    uri: https://js-metrics-advisor.cognitiveservices.azure.com/metricsadvisor/v1.0/dataFeeds
  response:
    body:
      string: ''
    headers:
      apim-request-id:
      - 9232bd08-79e5-4027-adf4-bb1578acf13b
      content-length:
      - '0'
      date:
      - Sat, 26 Dec 2020 19:32:27 GMT
      location:
      - https://js-metrics-advisor.cognitiveservices.azure.com/metricsadvisor/v1.0/dataFeeds/56278d0e-cc7c-4c0d-b829-4a91267df655
      strict-transport-security:
      - max-age=31536000; includeSubDomains; preload
      x-content-type-options:
      - nosniff
      x-envoy-upstream-service-time:
      - '551'
      x-request-id:
      - 9232bd08-79e5-4027-adf4-bb1578acf13b
    status:
      code: 201
      message: Created
- request:
    body: null
    headers:
      Accept:
      - application/json
      Accept-Encoding:
      - gzip, deflate
      Connection:
      - keep-alive
      User-Agent:
      - azsdk-python-ai-metricsadvisor/1.0.0b3 Python/3.8.6 (Windows-10-10.0.19041-SP0)
    method: GET
    uri: https://js-metrics-advisor.cognitiveservices.azure.com/metricsadvisor/v1.0/dataFeeds/56278d0e-cc7c-4c0d-b829-4a91267df655
  response:
    body:
      string: "{\"dataFeedId\":\"56278d0e-cc7c-4c0d-b829-4a91267df655\",\"dataFeedName\":\"updatedetectionyalj6mzeu\",\"metrics\":[{\"metricId\":\"4c24aeb9-56f7-4ff8-8783-63b771ec8351\",\"metricName\":\"cost\",\"metricDisplayName\":\"cost\",\"metricDescription\":\"\"},{\"metricId\":\"7b4d5928-0d90-4c89-ab59-dc90818d8cb9\",\"metricName\":\"revenue\",\"metricDisplayName\":\"revenue\",\"metricDescription\":\"\"}],\"dimension\":[{\"dimensionName\":\"category\",\"dimensionDisplayName\":\"category\"},{\"dimensionName\":\"city\",\"dimensionDisplayName\":\"city\"}],\"dataStartFrom\":\"2019-10-01T00:00:00Z\",\"dataSourceType\":\"SqlServer\",\"timestampColumn\":\"\",\"startOffsetInSeconds\":0,\"maxQueryPerMinute\":30.0,\"granularityName\":\"Daily\",\"granularityAmount\":null,\"allUpIdentification\":null,\"needRollup\":\"NoRollup\",\"fillMissingPointType\":\"PreviousValue\",\"fillMissingPointValue\":0.0,\"rollUpMethod\":\"None\",\"rollUpColumns\":[],\"dataFeedDescription\":\"\",\"stopRetryAfterInSeconds\":-1,\"minRetryIntervalInSeconds\":-1,\"maxConcurrency\":-1,\"viewMode\":\"Private\",\"admins\":[\"f850650c-1fcf-4489-b46f-71af2e30d360\"],\"viewers\":[],\"creator\":\"f850650c-1fcf-4489-b46f-71af2e30d360\",\"status\":\"Active\",\"createdTime\":\"2020-12-26T19:32:27Z\",\"isAdmin\":true,\"actionLinkTemplate\":\"\",\"dataSourceParameter\":{\"connectionString\":\"connectionstring\",\"query\":\"select\u202F*\u202Ffrom\u202Fadsample2\u202Fwhere\u202FTimestamp\u202F=\u202F@StartTime\"}}"
    headers:
      apim-request-id:
      - bccdd774-ddfc-4ab3-aec1-7ee0b765d6e5
      content-length:
      - '1525'
      content-type:
      - application/json; charset=utf-8
      date:
      - Sat, 26 Dec 2020 19:32:27 GMT
      strict-transport-security:
      - max-age=31536000; includeSubDomains; preload
      x-content-type-options:
      - nosniff
      x-envoy-upstream-service-time:
      - '102'
      x-request-id:
      - bccdd774-ddfc-4ab3-aec1-7ee0b765d6e5
    status:
      code: 200
      message: OK
- request:
    body: '{"name": "testupdatedxexxhy75yyuk5", "description": "My test metric anomaly
      detection configuration", "metricId": "4c24aeb9-56f7-4ff8-8783-63b771ec8351",
      "wholeMetricConfiguration": {"conditionOperator": "AND", "smartDetectionCondition":
      {"sensitivity": 50.0, "anomalyDetectorDirection": "Both", "suppressCondition":
      {"minNumber": 50, "minRatio": 50.0}}, "hardThresholdCondition": {"lowerBound":
      0.0, "upperBound": 100.0, "anomalyDetectorDirection": "Both", "suppressCondition":
      {"minNumber": 5, "minRatio": 5.0}}, "changeThresholdCondition": {"changePercentage":
      50.0, "shiftPoint": 30, "withinRange": true, "anomalyDetectorDirection": "Both",
      "suppressCondition": {"minNumber": 2, "minRatio": 2.0}}}, "dimensionGroupOverrideConfigurations":
      [{"group": {"dimension": {"city": "Sao Paulo"}}, "smartDetectionCondition":
      {"sensitivity": 63.0, "anomalyDetectorDirection": "Both", "suppressCondition":
      {"minNumber": 1, "minRatio": 100.0}}}], "seriesOverrideConfigurations": [{"series":
      {"dimension": {"city": "Shenzhen", "category": "Jewelry"}}, "smartDetectionCondition":
      {"sensitivity": 63.0, "anomalyDetectorDirection": "Both", "suppressCondition":
      {"minNumber": 1, "minRatio": 100.0}}}]}'
    headers:
      Accept:
      - application/json
      Accept-Encoding:
      - gzip, deflate
      Connection:
      - keep-alive
      Content-Length:
      - '1187'
      Content-Type:
      - application/json
      User-Agent:
      - azsdk-python-ai-metricsadvisor/1.0.0b3 Python/3.8.6 (Windows-10-10.0.19041-SP0)
    method: POST
    uri: https://js-metrics-advisor.cognitiveservices.azure.com/metricsadvisor/v1.0/enrichment/anomalyDetection/configurations
  response:
    body:
      string: ''
    headers:
      apim-request-id:
      - fc5951d3-bfd1-4df2-a155-4545b14613ce
      content-length:
      - '0'
      date:
      - Sat, 26 Dec 2020 19:32:27 GMT
      location:
      - https://js-metrics-advisor.cognitiveservices.azure.com/metricsadvisor/v1.0/enrichment/anomalyDetection/configurations/396ef855-517f-4e75-b9b3-a85df75bc850
      strict-transport-security:
      - max-age=31536000; includeSubDomains; preload
      x-content-type-options:
      - nosniff
      x-envoy-upstream-service-time:
      - '159'
      x-request-id:
      - fc5951d3-bfd1-4df2-a155-4545b14613ce
    status:
      code: 201
      message: Created
- request:
    body: null
    headers:
      Accept:
      - application/json
      Accept-Encoding:
      - gzip, deflate
      Connection:
      - keep-alive
      User-Agent:
      - azsdk-python-ai-metricsadvisor/1.0.0b3 Python/3.8.6 (Windows-10-10.0.19041-SP0)
    method: GET
    uri: https://js-metrics-advisor.cognitiveservices.azure.com/metricsadvisor/v1.0/enrichment/anomalyDetection/configurations/396ef855-517f-4e75-b9b3-a85df75bc850
  response:
    body:
      string: '{"anomalyDetectionConfigurationId":"396ef855-517f-4e75-b9b3-a85df75bc850","name":"testupdatedxexxhy75yyuk5","description":"My
        test metric anomaly detection configuration","metricId":"4c24aeb9-56f7-4ff8-8783-63b771ec8351","wholeMetricConfiguration":{"conditionOperator":"AND","smartDetectionCondition":{"sensitivity":50.0,"anomalyDetectorDirection":"Both","suppressCondition":{"minNumber":50,"minRatio":50.0}},"hardThresholdCondition":{"lowerBound":0.0,"upperBound":100.0,"anomalyDetectorDirection":"Both","suppressCondition":{"minNumber":5,"minRatio":5.0}},"changeThresholdCondition":{"changePercentage":50.0,"shiftPoint":30,"anomalyDetectorDirection":"Both","withinRange":true,"suppressCondition":{"minNumber":2,"minRatio":2.0}}},"dimensionGroupOverrideConfigurations":[{"group":{"dimension":{"city":"Sao
        Paulo"}},"smartDetectionCondition":{"sensitivity":63.0,"anomalyDetectorDirection":"Both","suppressCondition":{"minNumber":1,"minRatio":100.0}}}],"seriesOverrideConfigurations":[{"series":{"dimension":{"city":"Shenzhen","category":"Jewelry"}},"smartDetectionCondition":{"sensitivity":63.0,"anomalyDetectorDirection":"Both","suppressCondition":{"minNumber":1,"minRatio":100.0}}}]}'
    headers:
      apim-request-id:
      - 97c6dc4d-988b-418b-9ce8-21d340608c5d
      content-length:
      - '1184'
      content-type:
      - application/json; charset=utf-8
      date:
      - Sat, 26 Dec 2020 19:32:27 GMT
      strict-transport-security:
      - max-age=31536000; includeSubDomains; preload
      x-content-type-options:
      - nosniff
      x-envoy-upstream-service-time:
      - '48'
      x-request-id:
      - 97c6dc4d-988b-418b-9ce8-21d340608c5d
    status:
      code: 200
      message: OK
- request:
    body: '{"name": "updated", "wholeMetricConfiguration": {"conditionOperator": "OR",
      "smartDetectionCondition": {"sensitivity": 10.0, "anomalyDetectorDirection":
      "Up", "suppressCondition": {"minNumber": 5, "minRatio": 2.0}}, "hardThresholdCondition":
      {"upperBound": 100.0, "anomalyDetectorDirection": "Up", "suppressCondition":
      {"minNumber": 5, "minRatio": 2.0}}, "changeThresholdCondition": {"changePercentage":
      20.0, "shiftPoint": 10, "withinRange": true, "anomalyDetectorDirection": "Both",
      "suppressCondition": {"minNumber": 5, "minRatio": 2.0}}}, "dimensionGroupOverrideConfigurations":
      [{"group": {"dimension": {"city": "Shenzen"}}, "conditionOperator": "AND", "smartDetectionCondition":
      {"sensitivity": 10.0, "anomalyDetectorDirection": "Up", "suppressCondition":
      {"minNumber": 5, "minRatio": 2.0}}, "hardThresholdCondition": {"upperBound":
      100.0, "anomalyDetectorDirection": "Up", "suppressCondition": {"minNumber":
      5, "minRatio": 2.0}}, "changeThresholdCondition": {"changePercentage": 20.0,
      "shiftPoint": 10, "withinRange": true, "anomalyDetectorDirection": "Both", "suppressCondition":
      {"minNumber": 5, "minRatio": 2.0}}}], "seriesOverrideConfigurations": [{"series":
      {"dimension": {"city": "San Paulo", "category": "Jewelry"}}, "conditionOperator":
      "AND", "smartDetectionCondition": {"sensitivity": 10.0, "anomalyDetectorDirection":
      "Up", "suppressCondition": {"minNumber": 5, "minRatio": 2.0}}, "hardThresholdCondition":
      {"upperBound": 100.0, "anomalyDetectorDirection": "Up", "suppressCondition":
      {"minNumber": 5, "minRatio": 2.0}}, "changeThresholdCondition": {"changePercentage":
      20.0, "shiftPoint": 10, "withinRange": true, "anomalyDetectorDirection": "Both",
      "suppressCondition": {"minNumber": 5, "minRatio": 2.0}}}], "description": "updated"}'
    headers:
      Accept:
      - application/json
      Accept-Encoding:
      - gzip, deflate
      Connection:
      - keep-alive
      Content-Length:
      - '1752'
      Content-Type:
      - application/merge-patch+json
      User-Agent:
      - azsdk-python-ai-metricsadvisor/1.0.0b3 Python/3.8.6 (Windows-10-10.0.19041-SP0)
    method: PATCH
    uri: https://js-metrics-advisor.cognitiveservices.azure.com/metricsadvisor/v1.0/enrichment/anomalyDetection/configurations/396ef855-517f-4e75-b9b3-a85df75bc850
  response:
    body:
      string: ''
    headers:
      apim-request-id:
      - b3e03b96-d338-4c74-a3b7-94cb0874bf7a
      content-length:
      - '0'
      date:
      - Sat, 26 Dec 2020 19:32:28 GMT
      strict-transport-security:
      - max-age=31536000; includeSubDomains; preload
      x-content-type-options:
      - nosniff
      x-envoy-upstream-service-time:
      - '185'
      x-request-id:
      - b3e03b96-d338-4c74-a3b7-94cb0874bf7a
    status:
      code: 204
      message: No Content
- request:
    body: null
    headers:
      Accept:
      - application/json
      Accept-Encoding:
      - gzip, deflate
      Connection:
      - keep-alive
      User-Agent:
      - azsdk-python-ai-metricsadvisor/1.0.0b3 Python/3.8.6 (Windows-10-10.0.19041-SP0)
    method: GET
    uri: https://js-metrics-advisor.cognitiveservices.azure.com/metricsadvisor/v1.0/enrichment/anomalyDetection/configurations/396ef855-517f-4e75-b9b3-a85df75bc850
  response:
    body:
      string: '{"anomalyDetectionConfigurationId":"396ef855-517f-4e75-b9b3-a85df75bc850","name":"updated","description":"updated","metricId":"4c24aeb9-56f7-4ff8-8783-63b771ec8351","wholeMetricConfiguration":{"conditionOperator":"OR","smartDetectionCondition":{"sensitivity":10.0,"anomalyDetectorDirection":"Up","suppressCondition":{"minNumber":5,"minRatio":2.0}},"hardThresholdCondition":{"upperBound":100.0,"anomalyDetectorDirection":"Up","suppressCondition":{"minNumber":5,"minRatio":2.0}},"changeThresholdCondition":{"changePercentage":20.0,"shiftPoint":10,"anomalyDetectorDirection":"Both","withinRange":true,"suppressCondition":{"minNumber":5,"minRatio":2.0}}},"dimensionGroupOverrideConfigurations":[{"group":{"dimension":{"city":"Shenzen"}},"conditionOperator":"AND","smartDetectionCondition":{"sensitivity":10.0,"anomalyDetectorDirection":"Up","suppressCondition":{"minNumber":5,"minRatio":2.0}},"hardThresholdCondition":{"upperBound":100.0,"anomalyDetectorDirection":"Up","suppressCondition":{"minNumber":5,"minRatio":2.0}},"changeThresholdCondition":{"changePercentage":20.0,"shiftPoint":10,"anomalyDetectorDirection":"Both","withinRange":true,"suppressCondition":{"minNumber":5,"minRatio":2.0}}}],"seriesOverrideConfigurations":[{"series":{"dimension":{"city":"San
        Paulo","category":"Jewelry"}},"conditionOperator":"AND","smartDetectionCondition":{"sensitivity":10.0,"anomalyDetectorDirection":"Up","suppressCondition":{"minNumber":5,"minRatio":2.0}},"hardThresholdCondition":{"upperBound":100.0,"anomalyDetectorDirection":"Up","suppressCondition":{"minNumber":5,"minRatio":2.0}},"changeThresholdCondition":{"changePercentage":20.0,"shiftPoint":10,"anomalyDetectorDirection":"Both","withinRange":true,"suppressCondition":{"minNumber":5,"minRatio":2.0}}}]}'
    headers:
      apim-request-id:
      - a7e90515-98c4-4db3-a1cc-b4e9e6880289
      content-length:
      - '1751'
      content-type:
      - application/json; charset=utf-8
      date:
      - Sat, 26 Dec 2020 19:32:28 GMT
      strict-transport-security:
      - max-age=31536000; includeSubDomains; preload
      x-content-type-options:
      - nosniff
      x-envoy-upstream-service-time:
      - '43'
      x-request-id:
      - a7e90515-98c4-4db3-a1cc-b4e9e6880289
    status:
      code: 200
      message: OK
- request:
    body: null
    headers:
      Accept:
      - application/json
      Accept-Encoding:
      - gzip, deflate
      Connection:
      - keep-alive
      Content-Length:
      - '0'
      User-Agent:
      - azsdk-python-ai-metricsadvisor/1.0.0b3 Python/3.8.6 (Windows-10-10.0.19041-SP0)
    method: DELETE
    uri: https://js-metrics-advisor.cognitiveservices.azure.com/metricsadvisor/v1.0/dataFeeds/56278d0e-cc7c-4c0d-b829-4a91267df655
  response:
    body:
      string: ''
    headers:
      apim-request-id:
      - eaf1adee-8027-473b-a8f1-eedb9ccf37ba
      content-length:
      - '0'
      date:
      - Sat, 26 Dec 2020 19:32:28 GMT
      strict-transport-security:
      - max-age=31536000; includeSubDomains; preload
      x-content-type-options:
      - nosniff
      x-envoy-upstream-service-time:
      - '353'
      x-request-id:
      - eaf1adee-8027-473b-a8f1-eedb9ccf37ba
    status:
      code: 204
      message: No Content
version: 1
