interactions:
- request:
    body: '{"dataSourceType": "AzureTable", "dataFeedName": "tablefeed56bc15d5", "granularityName":
      "Daily", "metrics": [{"metricName": "cost"}, {"metricName": "revenue"}], "dimension":
      [{"dimensionName": "category"}, {"dimensionName": "city"}], "dataStartFrom":
      "2019-10-01T00:00:00.000Z", "startOffsetInSeconds": 0, "maxConcurrency": -1,
      "minRetryIntervalInSeconds": -1, "stopRetryAfterInSeconds": -1, "dataSourceParameter":
      {"connectionString": "connectionstring", "table": "adsample", "query": "PartitionKey
      ge ''@StartTime'' and PartitionKey lt ''@EndTime''"}}'
    headers:
      Accept:
      - application/json
      Accept-Encoding:
      - gzip, deflate
      Connection:
      - keep-alive
      Content-Length:
      - '716'
      Content-Type:
      - application/json
      User-Agent:
      - azsdk-python-ai-metricsadvisor/1.0.0b2 Python/3.8.5 (Windows-10-10.0.19041-SP0)
    method: POST
    uri: https://js-metrics-advisor.cognitiveservices.azure.com/metricsadvisor/v1.0/dataFeeds
  response:
    body:
      string: ''
    headers:
      apim-request-id:
      - a6d7db47-92ca-485e-8935-559da2368565
      content-length:
      - '0'
      date:
      - Mon, 26 Oct 2020 17:34:32 GMT
      location:
      - https://js-metrics-advisor.cognitiveservices.azure.com/metricsadvisor/v1.0/dataFeeds/8952db9d-e973-4d8a-a529-ea83a1d74b82
      strict-transport-security:
      - max-age=31536000; includeSubDomains; preload
      x-content-type-options:
      - nosniff
      x-envoy-upstream-service-time:
      - '687'
      x-request-id:
      - a6d7db47-92ca-485e-8935-559da2368565
    status:
      code: 201
      message: Created
- request:
    body: null
    headers:
      Accept:
      - application/json
      Accept-Encoding:
      - gzip, deflate
      Connection:
      - keep-alive
      User-Agent:
      - azsdk-python-ai-metricsadvisor/1.0.0b2 Python/3.8.5 (Windows-10-10.0.19041-SP0)
    method: GET
    uri: https://js-metrics-advisor.cognitiveservices.azure.com/metricsadvisor/v1.0/dataFeeds/8952db9d-e973-4d8a-a529-ea83a1d74b82
  response:
    body:
      string: '{"dataFeedId":"8952db9d-e973-4d8a-a529-ea83a1d74b82","dataFeedName":"tablefeed56bc15d5","metrics":[{"metricId":"9b6a66c0-c05c-49b9-b024-b7f583906a76","metricName":"cost","metricDisplayName":"cost","metricDescription":""},{"metricId":"95a44140-481c-4167-905e-7e4953bfcfa1","metricName":"revenue","metricDisplayName":"revenue","metricDescription":""}],"dimension":[{"dimensionName":"category","dimensionDisplayName":"category"},{"dimensionName":"city","dimensionDisplayName":"city"}],"dataStartFrom":"2019-10-01T00:00:00Z","dataSourceType":"AzureTable","timestampColumn":"","startOffsetInSeconds":0,"maxQueryPerMinute":30.0,"granularityName":"Daily","granularityAmount":null,"allUpIdentification":null,"needRollup":"NoRollup","fillMissingPointType":"PreviousValue","fillMissingPointValue":0.0,"rollUpMethod":"None","rollUpColumns":[],"dataFeedDescription":"","stopRetryAfterInSeconds":-1,"minRetryIntervalInSeconds":-1,"maxConcurrency":-1,"viewMode":"Private","admins":["krpratic@microsoft.com"],"viewers":[],"creator":"krpratic@microsoft.com","status":"Active","createdTime":"2020-10-26T17:34:32Z","isAdmin":true,"actionLinkTemplate":"","dataSourceParameter":{"connectionString":"connectionstring","query":"PartitionKey
        ge ''@StartTime'' and PartitionKey lt ''@EndTime''","table":"adsample"}}'
    headers:
      apim-request-id:
      - c925d819-db14-4322-a3c7-11e5fc354f6f
      content-length:
      - '1453'
      content-type:
      - application/json; charset=utf-8
      date:
      - Mon, 26 Oct 2020 17:34:32 GMT
      strict-transport-security:
      - max-age=31536000; includeSubDomains; preload
      x-content-type-options:
      - nosniff
      x-envoy-upstream-service-time:
      - '144'
      x-request-id:
      - c925d819-db14-4322-a3c7-11e5fc354f6f
    status:
      code: 200
      message: OK
- request:
    body: null
    headers:
      Accept:
      - application/json
      Accept-Encoding:
      - gzip, deflate
      Connection:
      - keep-alive
      Content-Length:
      - '0'
      User-Agent:
      - azsdk-python-ai-metricsadvisor/1.0.0b2 Python/3.8.5 (Windows-10-10.0.19041-SP0)
    method: DELETE
    uri: https://js-metrics-advisor.cognitiveservices.azure.com/metricsadvisor/v1.0/dataFeeds/8952db9d-e973-4d8a-a529-ea83a1d74b82
  response:
    body:
      string: ''
    headers:
      apim-request-id:
      - b64d5fb7-587a-41db-b38c-fe1c2838e70f
      content-length:
      - '0'
      date:
      - Mon, 26 Oct 2020 17:34:33 GMT
      strict-transport-security:
      - max-age=31536000; includeSubDomains; preload
      x-content-type-options:
      - nosniff
      x-envoy-upstream-service-time:
      - '363'
      x-request-id:
      - b64d5fb7-587a-41db-b38c-fe1c2838e70f
    status:
      code: 204
      message: No Content
version: 1
