{
  "Entries": [
    {
      "RequestUri": "https://fakeendpoint.cognitiveservices.azure.com/metricsadvisor/v1.0/hooks/f463f503-7dba-450c-9a53-16d5c615b0eb",
      "RequestMethod": "PATCH",
      "RequestHeaders": {
        "Accept": "application/json",
        "Accept-Encoding": "gzip, deflate",
        "Authorization": "Sanitized",
        "Connection": "keep-alive",
        "Content-Length": "241",
        "Content-Type": "application/merge-patch\u002Bjson",
        "User-Agent": "azsdk-python-ai-metricsadvisor/1.0.1 Python/3.10.0 (Windows-10-10.0.22000-SP0)",
        "x-ms-client-request-id": "42144308-5e20-11ec-8068-6245b51668de"
      },
      "RequestBody": "{\u0022hookName\u0022: \u0022updated1beadb7-cbba-4499-999a-cfa2824bd5e3\u0022, \u0022description\u0022: \u0022update\u0022, \u0022externalLink\u0022: \u0022update\u0022, \u0022hookType\u0022: \u0022Webhook\u0022, \u0022hookParameter\u0022: {\u0022endpoint\u0022: \u0022https://httpbin.org/post\u0022, \u0022username\u0022: \u0022myusername\u0022, \u0022password\u0022: \u0022password\u0022}}",
      "StatusCode": 200,
      "ResponseHeaders": {
        "apim-request-id": "a405cde9-becc-4459-9b7b-a0f764347130",
        "Content-Length": "325",
        "Content-Type": "application/json; charset=utf-8",
        "Date": "Thu, 16 Dec 2021 03:28:38 GMT",
        "Strict-Transport-Security": "max-age=31536000; includeSubDomains; preload",
        "X-Content-Type-Options": "nosniff",
        "x-envoy-upstream-service-time": "1016",
        "X-Request-ID": "a405cde9-becc-4459-9b7b-a0f764347130"
      },
      "ResponseBody": {
        "hookId": "f463f503-7dba-450c-9a53-16d5c615b0eb",
        "hookName": "updated1beadb7-cbba-4499-999a-cfa2824bd5e3",
        "hookType": "Webhook",
        "externalLink": "update",
        "description": "update",
        "admins": [
          "f850650c-1fcf-4489-b46f-71af2e30d360"
        ],
        "hookParameter": {
          "endpoint": "https://httpbin.org/post",
          "username": "myusername",
          "password": "password"
        }
      }
    },
    {
      "RequestUri": "https://fakeendpoint.cognitiveservices.azure.com/metricsadvisor/v1.0/hooks/f463f503-7dba-450c-9a53-16d5c615b0eb",
      "RequestMethod": "GET",
      "RequestHeaders": {
        "Accept": "application/json",
        "Accept-Encoding": "gzip, deflate",
        "Authorization": "Sanitized",
        "Connection": "keep-alive",
        "User-Agent": "azsdk-python-ai-metricsadvisor/1.0.1 Python/3.10.0 (Windows-10-10.0.22000-SP0)",
        "x-ms-client-request-id": "42bcd7e8-5e20-11ec-ba88-6245b51668de"
      },
      "RequestBody": null,
      "StatusCode": 200,
      "ResponseHeaders": {
        "apim-request-id": "da89cebe-c83e-45e1-bf39-0b5fdc005985",
        "Content-Length": "325",
        "Content-Type": "application/json; charset=utf-8",
        "Date": "Thu, 16 Dec 2021 03:28:38 GMT",
        "Strict-Transport-Security": "max-age=31536000; includeSubDomains; preload",
        "X-Content-Type-Options": "nosniff",
        "x-envoy-upstream-service-time": "279",
        "X-Request-ID": "da89cebe-c83e-45e1-bf39-0b5fdc005985"
      },
      "ResponseBody": {
        "hookId": "f463f503-7dba-450c-9a53-16d5c615b0eb",
        "hookName": "updated1beadb7-cbba-4499-999a-cfa2824bd5e3",
        "hookType": "Webhook",
        "externalLink": "update",
        "description": "update",
        "admins": [
          "f850650c-1fcf-4489-b46f-71af2e30d360"
        ],
        "hookParameter": {
          "endpoint": "https://httpbin.org/post",
          "username": "myusername",
          "password": "password"
        }
      }
    },
    {
      "RequestUri": "https://fakeendpoint.cognitiveservices.azure.com/metricsadvisor/v1.0/hooks/f463f503-7dba-450c-9a53-16d5c615b0eb",
      "RequestMethod": "DELETE",
      "RequestHeaders": {
        "Accept": "application/json",
        "Accept-Encoding": "gzip, deflate",
        "Authorization": "Sanitized",
        "Connection": "keep-alive",
        "Content-Length": "0",
        "User-Agent": "azsdk-python-ai-metricsadvisor/1.0.1 Python/3.10.0 (Windows-10-10.0.22000-SP0)",
        "x-ms-client-request-id": "42f1b7c8-5e20-11ec-aaf1-6245b51668de"
      },
      "RequestBody": null,
      "StatusCode": 204,
      "ResponseHeaders": {
        "apim-request-id": "8f056d63-eb17-4036-87e9-a63659fdaddb",
        "Content-Length": "0",
        "Date": "Thu, 16 Dec 2021 03:28:39 GMT",
        "Strict-Transport-Security": "max-age=31536000; includeSubDomains; preload",
        "X-Content-Type-Options": "nosniff",
        "x-envoy-upstream-service-time": "206",
        "X-Request-ID": "8f056d63-eb17-4036-87e9-a63659fdaddb"
      },
      "ResponseBody": null
    }
  ],
  "Variables": {
    "hook_updated_name": "updated1beadb7-cbba-4499-999a-cfa2824bd5e3",
    "web_hook_id": "f463f503-7dba-450c-9a53-16d5c615b0eb",
    "web_hook_name": "web_hookdhje3d2ovv7zjknq"
  }
}
