{
  "Entries": [
    {
      "RequestUri": "https://fake_app_config.azconfig-test.io/kv/KEY1?api-version=1.0",
      "RequestMethod": "PUT",
      "RequestHeaders": {
        "Accept": "application/vnd.microsoft.appconfig.kv\u002Bjson, application/json, application/problem\u002Bjson",
        "Accept-Encoding": "gzip, deflate",
        "Content-Length": "118",
        "Content-Type": "application/json",
        "User-Agent": "azsdk-python-appconfiguration/1.4.0 Python/3.9.2 (Windows-10-10.0.22000-SP0)",
        "x-ms-content-sha256": "eTBcdCT6xD\u002BMRo6iwb/AnfQMPA5seUH1LfivaIfLgGA=",
        "x-ms-date": "Sep, 27 2022 20:06:16.003077 GMT"
      },
      "RequestBody": {
        "key": "KEY1",
        "content_type": "test content type",
        "value": "TEST_VALUE1",
        "tags": {
          "tag1": "tag1",
          "tag2": "tag2"
        }
      },
      "StatusCode": 200,
      "ResponseHeaders": {
        "Access-Control-Allow-Credentials": "true",
        "Access-Control-Allow-Origin": "*",
        "Access-Control-Expose-Headers": "DNT, X-CustomHeader, Keep-Alive, User-Agent, X-Requested-With, If-Modified-Since, Cache-Control, Content-Type, Authorization, x-ms-client-request-id, x-ms-useragent, x-ms-content-sha256, x-ms-date, host, Accept, Accept-Datetime, Date, If-Match, If-None-Match, Sync-Token, x-ms-return-client-request-id, ETag, Last-Modified, Link, Memento-Datetime, retry-after-ms, x-ms-request-id, x-ms-client-session-id, x-ms-effective-locale, WWW-Authenticate, traceparent, tracestate",
        "Connection": "keep-alive",
        "Content-Type": "application/vnd.microsoft.appconfig.kv\u002Bjson; charset=utf-8",
        "Date": "Tue, 27 Sep 2022 20:06:16 GMT",
        "ETag": "\u0022G-6LUI0idt3vGB6TrpJzgIUbpXU6ZV5JwY_5PoOBmbY\u0022",
        "Last-Modified": "Tue, 27 Sep 2022 20:06:16 GMT",
        "Server": "openresty/1.17.8.2",
        "Strict-Transport-Security": "max-age=15724800; includeSubDomains",
        "Sync-Token": "zAJw6V16=Mzo1IzY3ODg0OTY=;sn=6788496",
        "Transfer-Encoding": "chunked",
        "x-ms-correlation-request-id": "66ff1d0a-dfb7-480d-9682-b86608fe2e49"
      },
      "ResponseBody": {
        "etag": "G-6LUI0idt3vGB6TrpJzgIUbpXU6ZV5JwY_5PoOBmbY",
        "key": "KEY1",
        "label": null,
        "content_type": "test content type",
        "value": "TEST_VALUE1",
        "tags": {
          "tag1": "tag1",
          "tag2": "tag2"
        },
        "locked": false,
        "last_modified": "2022-09-27T20:06:16\u002B00:00"
      }
    },
    {
      "RequestUri": "https://fake_app_config.azconfig-test.io/kv/KEY2?api-version=1.0",
      "RequestMethod": "PUT",
      "RequestHeaders": {
        "Accept": "application/vnd.microsoft.appconfig.kv\u002Bjson, application/json, application/problem\u002Bjson",
        "Accept-Encoding": "gzip, deflate",
        "Content-Length": "118",
        "Content-Type": "application/json",
        "Sync-Token": "zAJw6V16=Mzo1IzY3ODg0OTY=",
        "User-Agent": "azsdk-python-appconfiguration/1.4.0 Python/3.9.2 (Windows-10-10.0.22000-SP0)",
        "x-ms-content-sha256": "4w9J7rkeTFd9y2h\u002BDKzfHwJqoa/BkS1NcNbIQE7zQ18=",
        "x-ms-date": "Sep, 27 2022 20:06:16.050289 GMT"
      },
      "RequestBody": {
        "key": "KEY2",
        "content_type": "test content type",
        "value": "TEST_VALUE2",
        "tags": {
          "tag1": "tag1",
          "tag2": "tag2"
        }
      },
      "StatusCode": 200,
      "ResponseHeaders": {
        "Access-Control-Allow-Credentials": "true",
        "Access-Control-Allow-Origin": "*",
        "Access-Control-Expose-Headers": "DNT, X-CustomHeader, Keep-Alive, User-Agent, X-Requested-With, If-Modified-Since, Cache-Control, Content-Type, Authorization, x-ms-client-request-id, x-ms-useragent, x-ms-content-sha256, x-ms-date, host, Accept, Accept-Datetime, Date, If-Match, If-None-Match, Sync-Token, x-ms-return-client-request-id, ETag, Last-Modified, Link, Memento-Datetime, retry-after-ms, x-ms-request-id, x-ms-client-session-id, x-ms-effective-locale, WWW-Authenticate, traceparent, tracestate",
        "Connection": "keep-alive",
        "Content-Type": "application/vnd.microsoft.appconfig.kv\u002Bjson; charset=utf-8",
        "Date": "Tue, 27 Sep 2022 20:06:16 GMT",
        "ETag": "\u0022AS7W25ZYfXlzt4CFBAhIvQwOhhTs93FhJSoqHDSd0Mk\u0022",
        "Last-Modified": "Tue, 27 Sep 2022 20:06:16 GMT",
        "Server": "openresty/1.17.8.2",
        "Strict-Transport-Security": "max-age=15724800; includeSubDomains",
        "Sync-Token": "zAJw6V16=Mzo1IzY3ODg0OTg=;sn=6788498",
        "Transfer-Encoding": "chunked",
        "x-ms-correlation-request-id": "20e2f70c-9fbe-4614-b741-21d74d9dc2b8"
      },
      "ResponseBody": {
        "etag": "AS7W25ZYfXlzt4CFBAhIvQwOhhTs93FhJSoqHDSd0Mk",
        "key": "KEY2",
        "label": null,
        "content_type": "test content type",
        "value": "TEST_VALUE2",
        "tags": {
          "tag1": "tag1",
          "tag2": "tag2"
        },
        "locked": false,
        "last_modified": "2022-09-27T20:06:16\u002B00:00"
      }
    },
    {
      "RequestUri": "https://fake_app_config.azconfig-test.io/kv/KEY2?api-version=1.0",
      "RequestMethod": "DELETE",
      "RequestHeaders": {
        "Accept": "application/vnd.microsoft.appconfig.kv\u002Bjson, application/json, application/problem\u002Bjson",
        "Accept-Encoding": "gzip, deflate",
        "Content-Length": "0",
        "Sync-Token": "zAJw6V16=Mzo1IzY3ODg0OTg=",
        "User-Agent": "azsdk-python-appconfiguration/1.4.0 Python/3.9.2 (Windows-10-10.0.22000-SP0)",
        "x-ms-content-sha256": "47DEQpj8HBSa\u002B/TImW\u002B5JCeuQeRkm5NMpJWZG3hSuFU=",
        "x-ms-date": "Sep, 27 2022 20:06:16.090168 GMT"
      },
      "RequestBody": null,
      "StatusCode": 200,
      "ResponseHeaders": {
        "Access-Control-Allow-Credentials": "true",
        "Access-Control-Allow-Origin": "*",
        "Access-Control-Expose-Headers": "DNT, X-CustomHeader, Keep-Alive, User-Agent, X-Requested-With, If-Modified-Since, Cache-Control, Content-Type, Authorization, x-ms-client-request-id, x-ms-useragent, x-ms-content-sha256, x-ms-date, host, Accept, Accept-Datetime, Date, If-Match, If-None-Match, Sync-Token, x-ms-return-client-request-id, ETag, Last-Modified, Link, Memento-Datetime, retry-after-ms, x-ms-request-id, x-ms-client-session-id, x-ms-effective-locale, WWW-Authenticate, traceparent, tracestate",
        "Connection": "keep-alive",
        "Content-Type": "application/vnd.microsoft.appconfig.kv\u002Bjson; charset=utf-8",
        "Date": "Tue, 27 Sep 2022 20:06:16 GMT",
        "ETag": "\u0022AS7W25ZYfXlzt4CFBAhIvQwOhhTs93FhJSoqHDSd0Mk\u0022",
        "Last-Modified": "Tue, 27 Sep 2022 20:06:16 GMT",
        "Server": "openresty/1.17.8.2",
        "Strict-Transport-Security": "max-age=15724800; includeSubDomains",
        "Sync-Token": "zAJw6V16=Mzo1IzY3ODg1MDA=;sn=6788500",
        "Transfer-Encoding": "chunked",
        "x-ms-correlation-request-id": "83d8079b-7290-4f12-8921-556a9e7890e6"
      },
      "ResponseBody": {
        "etag": "AS7W25ZYfXlzt4CFBAhIvQwOhhTs93FhJSoqHDSd0Mk",
        "key": "KEY2",
        "label": null,
        "content_type": "test content type",
        "value": "TEST_VALUE2",
        "tags": {
          "tag1": "tag1",
          "tag2": "tag2"
        },
        "locked": false,
        "last_modified": "2022-09-27T20:06:16\u002B00:00"
      }
    }
  ],
  "Variables": {}
}
