interactions:
- request:
    body: null
    headers:
      Accept:
      - application/vnd.microsoft.appconfig.kvset+json
      Accept-Encoding:
      - gzip, deflate
      Connection:
      - keep-alive
      User-Agent:
      - azsdk-python-appconfiguration/1.1.2 Python/3.9.0rc1 (Windows-10-10.0.19041-SP0)
      x-ms-content-sha256:
      - 47DEQpj8HBSa+/TImW+5JCeuQeRkm5NMpJWZG3hSuFU=
      x-ms-date:
      - Mar, 09 2021 16:26:59 GMT
    method: GET
    uri: https://fake_app_config.azconfig-test.io/kv?key=PYTHON_UNIT_test_key_a6af8952-54a6-11e9-b600-2816a84d0309&label=test_label1_1d7b2b28-549e-11e9-b51c-2816a84d0309&api-version=1.0
  response:
    body:
      string: '{"items":[]}'
    headers:
      access-control-allow-credentials:
      - 'true'
      access-control-allow-origin:
      - '*'
      access-control-expose-headers:
      - DNT, X-CustomHeader, Keep-Alive, User-Agent, X-Requested-With, If-Modified-Since,
        Cache-Control, Content-Type, Authorization, x-ms-client-request-id, x-ms-useragent,
        x-ms-content-sha256, x-ms-date, host, Accept, Accept-Datetime, Date, If-Match,
        If-None-Match, Sync-Token, x-ms-return-client-request-id, ETag, Last-Modified,
        Link, Memento-Datetime, retry-after-ms, x-ms-request-id, x-ms-client-session-id,
        x-ms-effective-locale, WWW-Authenticate
      connection:
      - keep-alive
      content-type:
      - application/vnd.microsoft.appconfig.kvset+json; charset=utf-8
      date:
      - Tue, 09 Mar 2021 16:25:06 GMT
      server:
      - openresty/1.17.8.2
      strict-transport-security:
      - max-age=15724800; includeSubDomains
      sync-token:
      - zAJw6V16=MDoxNyM3NDMyMjA3;sn=7432207
      transfer-encoding:
      - chunked
    status:
      code: 200
      message: OK
- request:
    body: '{"key": "PYTHON_UNIT_test_key_a6af8952-54a6-11e9-b600-2816a84d0309", "label":
      "test_label1_1d7b2b28-549e-11e9-b51c-2816a84d0309", "content_type": "test content
      type", "value": "test value", "tags": {"tag1": "tag1", "tag2": "tag2"}}'
    headers:
      Accept:
      - application/vnd.microsoft.appconfig.kv+json
      Accept-Encoding:
      - gzip, deflate
      Connection:
      - keep-alive
      Content-Length:
      - '231'
      Content-Type:
      - application/json; charset=utf-8
      If-None-Match:
      - '*'
      Sync-Token:
      - zAJw6V16=MDoxNyM3NDMyMjA3
      User-Agent:
      - azsdk-python-appconfiguration/1.1.2 Python/3.9.0rc1 (Windows-10-10.0.19041-SP0)
      x-ms-content-sha256:
      - 5b/E4qQlXHTRod+n+f+xjK6c/tRVR8uxoC62FjvGJPw=
      x-ms-date:
      - Mar, 09 2021 16:27:00 GMT
    method: PUT
    uri: https://fake_app_config.azconfig-test.io/kv/PYTHON_UNIT_test_key_a6af8952-54a6-11e9-b600-2816a84d0309?label=test_label1_1d7b2b28-549e-11e9-b51c-2816a84d0309&api-version=1.0
  response:
    body:
      string: '{"etag":"QWG8q8z4Vb8ZgrmSIHcxG7m8BZf","key":"PYTHON_UNIT_test_key_a6af8952-54a6-11e9-b600-2816a84d0309","label":"test_label1_1d7b2b28-549e-11e9-b51c-2816a84d0309","content_type":"test
        content type","value":"test value","tags":{"tag1":"tag1","tag2":"tag2"},"locked":false,"last_modified":"2021-03-09T16:27:00+00:00"}'
    headers:
      access-control-allow-credentials:
      - 'true'
      access-control-allow-origin:
      - '*'
      access-control-expose-headers:
      - DNT, X-CustomHeader, Keep-Alive, User-Agent, X-Requested-With, If-Modified-Since,
        Cache-Control, Content-Type, Authorization, x-ms-client-request-id, x-ms-useragent,
        x-ms-content-sha256, x-ms-date, host, Accept, Accept-Datetime, Date, If-Match,
        If-None-Match, Sync-Token, x-ms-return-client-request-id, ETag, Last-Modified,
        Link, Memento-Datetime, retry-after-ms, x-ms-request-id, x-ms-client-session-id,
        x-ms-effective-locale, WWW-Authenticate
      connection:
      - keep-alive
      content-type:
      - application/vnd.microsoft.appconfig.kv+json; charset=utf-8
      date:
      - Tue, 09 Mar 2021 16:25:07 GMT
      etag:
      - '"QWG8q8z4Vb8ZgrmSIHcxG7m8BZf"'
      last-modified:
      - Tue, 09 Mar 2021 16:27:00 GMT
      server:
      - openresty/1.17.8.2
      strict-transport-security:
      - max-age=15724800; includeSubDomains
      sync-token:
      - zAJw6V16=MDoxNyM3NDMyMjA4;sn=7432208
      transfer-encoding:
      - chunked
    status:
      code: 200
      message: OK
- request:
    body: null
    headers:
      Accept:
      - application/vnd.microsoft.appconfig.kvset+json
      Accept-Encoding:
      - gzip, deflate
      Connection:
      - keep-alive
      Sync-Token:
      - zAJw6V16=MDoxNyM3NDMyMjA4
      User-Agent:
      - azsdk-python-appconfiguration/1.1.2 Python/3.9.0rc1 (Windows-10-10.0.19041-SP0)
      x-ms-content-sha256:
      - 47DEQpj8HBSa+/TImW+5JCeuQeRkm5NMpJWZG3hSuFU=
      x-ms-date:
      - Mar, 09 2021 16:27:00 GMT
    method: GET
    uri: https://fake_app_config.azconfig-test.io/kv?key=PYTHON_UNIT_test_key_a6af8952-54a6-11e9-b600-2816a84d0309&api-version=1.0
  response:
    body:
      string: '{"items":[{"etag":"QWG8q8z4Vb8ZgrmSIHcxG7m8BZf","key":"PYTHON_UNIT_test_key_a6af8952-54a6-11e9-b600-2816a84d0309","label":"test_label1_1d7b2b28-549e-11e9-b51c-2816a84d0309","content_type":"test
        content type","value":"test value","tags":{"tag1":"tag1","tag2":"tag2"},"locked":false,"last_modified":"2021-03-09T16:27:00+00:00"}]}'
    headers:
      access-control-allow-credentials:
      - 'true'
      access-control-allow-origin:
      - '*'
      access-control-expose-headers:
      - DNT, X-CustomHeader, Keep-Alive, User-Agent, X-Requested-With, If-Modified-Since,
        Cache-Control, Content-Type, Authorization, x-ms-client-request-id, x-ms-useragent,
        x-ms-content-sha256, x-ms-date, host, Accept, Accept-Datetime, Date, If-Match,
        If-None-Match, Sync-Token, x-ms-return-client-request-id, ETag, Last-Modified,
        Link, Memento-Datetime, retry-after-ms, x-ms-request-id, x-ms-client-session-id,
        x-ms-effective-locale, WWW-Authenticate
      connection:
      - keep-alive
      content-type:
      - application/vnd.microsoft.appconfig.kvset+json; charset=utf-8
      date:
      - Tue, 09 Mar 2021 16:25:07 GMT
      server:
      - openresty/1.17.8.2
      strict-transport-security:
      - max-age=15724800; includeSubDomains
      sync-token:
      - zAJw6V16=MDoxNyM3NDMyMjA4;sn=7432208
      transfer-encoding:
      - chunked
    status:
      code: 200
      message: OK
- request:
    body: null
    headers:
      Accept:
      - application/vnd.microsoft.appconfig.kv+json
      Accept-Encoding:
      - gzip, deflate
      Connection:
      - keep-alive
      Content-Length:
      - '0'
      Sync-Token:
      - zAJw6V16=MDoxNyM3NDMyMjA4
      User-Agent:
      - azsdk-python-appconfiguration/1.1.2 Python/3.9.0rc1 (Windows-10-10.0.19041-SP0)
      x-ms-content-sha256:
      - 47DEQpj8HBSa+/TImW+5JCeuQeRkm5NMpJWZG3hSuFU=
      x-ms-date:
      - Mar, 09 2021 16:27:00 GMT
    method: DELETE
    uri: https://fake_app_config.azconfig-test.io/kv/PYTHON_UNIT_test_key_a6af8952-54a6-11e9-b600-2816a84d0309?api-version=1.0
  response:
    body:
      string: ''
    headers:
      access-control-allow-credentials:
      - 'true'
      access-control-allow-origin:
      - '*'
      access-control-expose-headers:
      - DNT, X-CustomHeader, Keep-Alive, User-Agent, X-Requested-With, If-Modified-Since,
        Cache-Control, Content-Type, Authorization, x-ms-client-request-id, x-ms-useragent,
        x-ms-content-sha256, x-ms-date, host, Accept, Accept-Datetime, Date, If-Match,
        If-None-Match, Sync-Token, x-ms-return-client-request-id, ETag, Last-Modified,
        Link, Memento-Datetime, retry-after-ms, x-ms-request-id, x-ms-client-session-id,
        x-ms-effective-locale, WWW-Authenticate
      connection:
      - keep-alive
      content-type:
      - application/vnd.microsoft.appconfig.kv+json; charset=utf-8
      date:
      - Tue, 09 Mar 2021 16:25:07 GMT
      server:
      - openresty/1.17.8.2
      strict-transport-security:
      - max-age=15724800; includeSubDomains
    status:
      code: 204
      message: No Content
- request:
    body: '{"key": "PYTHON_UNIT_test_key_a6af8952-54a6-11e9-b600-2816a84d0309", "content_type":
      "test content type", "value": "test value", "tags": {"tag1": "tag1", "tag2":
      "tag2"}}'
    headers:
      Accept:
      - application/vnd.microsoft.appconfig.kv+json
      Accept-Encoding:
      - gzip, deflate
      Connection:
      - keep-alive
      Content-Length:
      - '170'
      Content-Type:
      - application/json; charset=utf-8
      If-None-Match:
      - '*'
      Sync-Token:
      - zAJw6V16=MDoxNyM3NDMyMjA4
      User-Agent:
      - azsdk-python-appconfiguration/1.1.2 Python/3.9.0rc1 (Windows-10-10.0.19041-SP0)
      x-ms-content-sha256:
      - 4rt07HteiPg5NxofrgzMmlQPTVbo1no7aKxDSI5uUU4=
      x-ms-date:
      - Mar, 09 2021 16:27:00 GMT
    method: PUT
    uri: https://fake_app_config.azconfig-test.io/kv/PYTHON_UNIT_test_key_a6af8952-54a6-11e9-b600-2816a84d0309?api-version=1.0
  response:
    body:
      string: '{"etag":"OU1WRLEOep5AzcnfiBGiXdCfEUQ","key":"PYTHON_UNIT_test_key_a6af8952-54a6-11e9-b600-2816a84d0309","label":null,"content_type":"test
        content type","value":"test value","tags":{"tag1":"tag1","tag2":"tag2"},"locked":false,"last_modified":"2021-03-09T16:27:00+00:00"}'
    headers:
      access-control-allow-credentials:
      - 'true'
      access-control-allow-origin:
      - '*'
      access-control-expose-headers:
      - DNT, X-CustomHeader, Keep-Alive, User-Agent, X-Requested-With, If-Modified-Since,
        Cache-Control, Content-Type, Authorization, x-ms-client-request-id, x-ms-useragent,
        x-ms-content-sha256, x-ms-date, host, Accept, Accept-Datetime, Date, If-Match,
        If-None-Match, Sync-Token, x-ms-return-client-request-id, ETag, Last-Modified,
        Link, Memento-Datetime, retry-after-ms, x-ms-request-id, x-ms-client-session-id,
        x-ms-effective-locale, WWW-Authenticate
      connection:
      - keep-alive
      content-type:
      - application/vnd.microsoft.appconfig.kv+json; charset=utf-8
      date:
      - Tue, 09 Mar 2021 16:25:07 GMT
      etag:
      - '"OU1WRLEOep5AzcnfiBGiXdCfEUQ"'
      last-modified:
      - Tue, 09 Mar 2021 16:27:00 GMT
      server:
      - openresty/1.17.8.2
      strict-transport-security:
      - max-age=15724800; includeSubDomains
      sync-token:
      - zAJw6V16=MDoxNyM3NDMyMjA5;sn=7432209
      transfer-encoding:
      - chunked
    status:
      code: 200
      message: OK
- request:
    body: '{"key": ".appconfig.featureflag/time_window", "content_type": "application/vnd.microsoft.appconfig.ff+json;charset=utf-8",
      "value": "{\"id\": \".appconfig.featureflag/time_window\", \"description\":
      null, \"enabled\": true, \"conditions\": {\"client_filters\": [{\"name\": \"Microsoft.TimeWindow\",
      \"parameters\": {\"Start\": \"Wed, 10 Mar 2021 05:00:00 GMT\", \"End\": \"Fri,
      02 Apr 2021 04:00:00 GMT\"}}]}}", "tags": {}}'
    headers:
      Accept:
      - application/vnd.microsoft.appconfig.kv+json
      Accept-Encoding:
      - gzip, deflate
      Connection:
      - keep-alive
      Content-Length:
      - '423'
      Content-Type:
      - application/json; charset=utf-8
      Sync-Token:
      - zAJw6V16=MDoxNyM3NDMyMjA5
      User-Agent:
      - azsdk-python-appconfiguration/1.1.2 Python/3.9.0rc1 (Windows-10-10.0.19041-SP0)
      x-ms-content-sha256:
      - wIrVHmfRr4Fq0WCoebZCdXQTu6b4guAa2oxV5sYNQZY=
      x-ms-date:
      - Mar, 09 2021 16:27:01 GMT
    method: PUT
    uri: https://fake_app_config.azconfig-test.io/kv/.appconfig.featureflag%2Ftime_window?api-version=1.0
  response:
    body:
      string: '{"etag":"6arAs5hEpbJAVc9kpvHkkE17yf9","key":".appconfig.featureflag/time_window","label":null,"content_type":"application/vnd.microsoft.appconfig.ff+json;charset=utf-8","value":"{\"id\":
        \".appconfig.featureflag/time_window\", \"description\": null, \"enabled\":
        true, \"conditions\": {\"client_filters\": [{\"name\": \"Microsoft.TimeWindow\",
        \"parameters\": {\"Start\": \"Wed, 10 Mar 2021 05:00:00 GMT\", \"End\": \"Fri,
        02 Apr 2021 04:00:00 GMT\"}}]}}","tags":{},"locked":false,"last_modified":"2021-03-09T16:27:01+00:00"}'
    headers:
      access-control-allow-credentials:
      - 'true'
      access-control-allow-origin:
      - '*'
      access-control-expose-headers:
      - DNT, X-CustomHeader, Keep-Alive, User-Agent, X-Requested-With, If-Modified-Since,
        Cache-Control, Content-Type, Authorization, x-ms-client-request-id, x-ms-useragent,
        x-ms-content-sha256, x-ms-date, host, Accept, Accept-Datetime, Date, If-Match,
        If-None-Match, Sync-Token, x-ms-return-client-request-id, ETag, Last-Modified,
        Link, Memento-Datetime, retry-after-ms, x-ms-request-id, x-ms-client-session-id,
        x-ms-effective-locale, WWW-Authenticate
      connection:
      - keep-alive
      content-type:
      - application/vnd.microsoft.appconfig.kv+json; charset=utf-8
      date:
      - Tue, 09 Mar 2021 16:25:07 GMT
      etag:
      - '"6arAs5hEpbJAVc9kpvHkkE17yf9"'
      last-modified:
      - Tue, 09 Mar 2021 16:27:01 GMT
      server:
      - openresty/1.17.8.2
      strict-transport-security:
      - max-age=15724800; includeSubDomains
      sync-token:
      - zAJw6V16=MDoxNyM3NDMyMjEw;sn=7432210
      transfer-encoding:
      - chunked
    status:
      code: 200
      message: OK
- request:
    body: '{"key": ".appconfig.featureflag/time_window", "content_type": "application/vnd.microsoft.appconfig.ff+json;charset=utf-8",
      "value": "{\"id\": \".appconfig.featureflag/time_window\", \"description\":
      null, \"enabled\": true, \"conditions\": {\"client_filters\": [{\"name\": \"Microsoft.TimeWindow\",
      \"parameters\": {\"Start\": \"Thurs, 11 Mar 2021 05:00:00 GMT\", \"End\": \"Fri,
      02 Apr 2021 04:00:00 GMT\"}}]}}", "last_modified": "2021-03-09T16:27:01.000Z",
      "tags": {}, "locked": false, "etag": "6arAs5hEpbJAVc9kpvHkkE17yf9"}'
    headers:
      Accept:
      - application/vnd.microsoft.appconfig.kv+json
      Accept-Encoding:
      - gzip, deflate
      Connection:
      - keep-alive
      Content-Length:
      - '526'
      Content-Type:
      - application/json; charset=utf-8
      Sync-Token:
      - zAJw6V16=MDoxNyM3NDMyMjEw
      User-Agent:
      - azsdk-python-appconfiguration/1.1.2 Python/3.9.0rc1 (Windows-10-10.0.19041-SP0)
      x-ms-content-sha256:
      - l/Q+tjt75sC2G4i/TmTBYlRQ12E5SeFo1KlMT/ogVN4=
      x-ms-date:
      - Mar, 09 2021 16:27:01 GMT
    method: PUT
    uri: https://fake_app_config.azconfig-test.io/kv/.appconfig.featureflag%2Ftime_window?api-version=1.0
  response:
    body:
      string: '{"etag":"LxU8ZxGzKQmNrpNFYCurlEVmc4d","key":".appconfig.featureflag/time_window","label":null,"content_type":"application/vnd.microsoft.appconfig.ff+json;charset=utf-8","value":"{\"id\":
        \".appconfig.featureflag/time_window\", \"description\": null, \"enabled\":
        true, \"conditions\": {\"client_filters\": [{\"name\": \"Microsoft.TimeWindow\",
        \"parameters\": {\"Start\": \"Thurs, 11 Mar 2021 05:00:00 GMT\", \"End\":
        \"Fri, 02 Apr 2021 04:00:00 GMT\"}}]}}","tags":{},"locked":false,"last_modified":"2021-03-09T16:27:01+00:00"}'
    headers:
      access-control-allow-credentials:
      - 'true'
      access-control-allow-origin:
      - '*'
      access-control-expose-headers:
      - DNT, X-CustomHeader, Keep-Alive, User-Agent, X-Requested-With, If-Modified-Since,
        Cache-Control, Content-Type, Authorization, x-ms-client-request-id, x-ms-useragent,
        x-ms-content-sha256, x-ms-date, host, Accept, Accept-Datetime, Date, If-Match,
        If-None-Match, Sync-Token, x-ms-return-client-request-id, ETag, Last-Modified,
        Link, Memento-Datetime, retry-after-ms, x-ms-request-id, x-ms-client-session-id,
        x-ms-effective-locale, WWW-Authenticate
      connection:
      - keep-alive
      content-type:
      - application/vnd.microsoft.appconfig.kv+json; charset=utf-8
      date:
      - Tue, 09 Mar 2021 16:25:08 GMT
      etag:
      - '"LxU8ZxGzKQmNrpNFYCurlEVmc4d"'
      last-modified:
      - Tue, 09 Mar 2021 16:27:01 GMT
      server:
      - openresty/1.17.8.2
      strict-transport-security:
      - max-age=15724800; includeSubDomains
      sync-token:
      - zAJw6V16=MDoxNyM3NDMyMjEx;sn=7432211
      transfer-encoding:
      - chunked
    status:
      code: 200
      message: OK
- request:
    body: null
    headers:
      Accept:
      - application/vnd.microsoft.appconfig.kv+json
      Accept-Encoding:
      - gzip, deflate
      Connection:
      - keep-alive
      Content-Length:
      - '0'
      Sync-Token:
      - zAJw6V16=MDoxNyM3NDMyMjEx
      User-Agent:
      - azsdk-python-appconfiguration/1.1.2 Python/3.9.0rc1 (Windows-10-10.0.19041-SP0)
      x-ms-content-sha256:
      - 47DEQpj8HBSa+/TImW+5JCeuQeRkm5NMpJWZG3hSuFU=
      x-ms-date:
      - Mar, 09 2021 16:27:01 GMT
    method: DELETE
    uri: https://fake_app_config.azconfig-test.io/kv/.appconfig.featureflag%2Ftime_window?api-version=1.0
  response:
    body:
      string: '{"etag":"LxU8ZxGzKQmNrpNFYCurlEVmc4d","key":".appconfig.featureflag/time_window","label":null,"content_type":"application/vnd.microsoft.appconfig.ff+json;charset=utf-8","value":"{\"id\":
        \".appconfig.featureflag/time_window\", \"description\": null, \"enabled\":
        true, \"conditions\": {\"client_filters\": [{\"name\": \"Microsoft.TimeWindow\",
        \"parameters\": {\"Start\": \"Thurs, 11 Mar 2021 05:00:00 GMT\", \"End\":
        \"Fri, 02 Apr 2021 04:00:00 GMT\"}}]}}","tags":{},"locked":false,"last_modified":"2021-03-09T16:27:01+00:00"}'
    headers:
      access-control-allow-credentials:
      - 'true'
      access-control-allow-origin:
      - '*'
      access-control-expose-headers:
      - DNT, X-CustomHeader, Keep-Alive, User-Agent, X-Requested-With, If-Modified-Since,
        Cache-Control, Content-Type, Authorization, x-ms-client-request-id, x-ms-useragent,
        x-ms-content-sha256, x-ms-date, host, Accept, Accept-Datetime, Date, If-Match,
        If-None-Match, Sync-Token, x-ms-return-client-request-id, ETag, Last-Modified,
        Link, Memento-Datetime, retry-after-ms, x-ms-request-id, x-ms-client-session-id,
        x-ms-effective-locale, WWW-Authenticate
      connection:
      - keep-alive
      content-type:
      - application/vnd.microsoft.appconfig.kv+json; charset=utf-8
      date:
      - Tue, 09 Mar 2021 16:25:08 GMT
      etag:
      - '"LxU8ZxGzKQmNrpNFYCurlEVmc4d"'
      last-modified:
      - Tue, 09 Mar 2021 16:27:01 GMT
      server:
      - openresty/1.17.8.2
      strict-transport-security:
      - max-age=15724800; includeSubDomains
      sync-token:
      - zAJw6V16=MDoxNyM3NDMyMjEy;sn=7432212
      transfer-encoding:
      - chunked
    status:
      code: 200
      message: OK
- request:
    body: null
    headers:
      Accept:
      - application/vnd.microsoft.appconfig.kv+json
      Accept-Encoding:
      - gzip, deflate
      Connection:
      - keep-alive
      Content-Length:
      - '0'
      Sync-Token:
      - zAJw6V16=MDoxNyM3NDMyMjEy
      User-Agent:
      - azsdk-python-appconfiguration/1.1.2 Python/3.9.0rc1 (Windows-10-10.0.19041-SP0)
      x-ms-content-sha256:
      - 47DEQpj8HBSa+/TImW+5JCeuQeRkm5NMpJWZG3hSuFU=
      x-ms-date:
      - Mar, 09 2021 16:27:01 GMT
    method: DELETE
    uri: https://fake_app_config.azconfig-test.io/kv/PYTHON_UNIT_test_key_a6af8952-54a6-11e9-b600-2816a84d0309?label=test_label1_1d7b2b28-549e-11e9-b51c-2816a84d0309&api-version=1.0
  response:
    body:
      string: '{"etag":"QWG8q8z4Vb8ZgrmSIHcxG7m8BZf","key":"PYTHON_UNIT_test_key_a6af8952-54a6-11e9-b600-2816a84d0309","label":"test_label1_1d7b2b28-549e-11e9-b51c-2816a84d0309","content_type":"test
        content type","value":"test value","tags":{"tag1":"tag1","tag2":"tag2"},"locked":false,"last_modified":"2021-03-09T16:27:00+00:00"}'
    headers:
      access-control-allow-credentials:
      - 'true'
      access-control-allow-origin:
      - '*'
      access-control-expose-headers:
      - DNT, X-CustomHeader, Keep-Alive, User-Agent, X-Requested-With, If-Modified-Since,
        Cache-Control, Content-Type, Authorization, x-ms-client-request-id, x-ms-useragent,
        x-ms-content-sha256, x-ms-date, host, Accept, Accept-Datetime, Date, If-Match,
        If-None-Match, Sync-Token, x-ms-return-client-request-id, ETag, Last-Modified,
        Link, Memento-Datetime, retry-after-ms, x-ms-request-id, x-ms-client-session-id,
        x-ms-effective-locale, WWW-Authenticate
      connection:
      - keep-alive
      content-type:
      - application/vnd.microsoft.appconfig.kv+json; charset=utf-8
      date:
      - Tue, 09 Mar 2021 16:25:08 GMT
      etag:
      - '"QWG8q8z4Vb8ZgrmSIHcxG7m8BZf"'
      last-modified:
      - Tue, 09 Mar 2021 16:27:00 GMT
      server:
      - openresty/1.17.8.2
      strict-transport-security:
      - max-age=15724800; includeSubDomains
      sync-token:
      - zAJw6V16=MDoxNyM3NDMyMjEz;sn=7432213
      transfer-encoding:
      - chunked
    status:
      code: 200
      message: OK
- request:
    body: null
    headers:
      Accept:
      - application/vnd.microsoft.appconfig.kv+json
      Accept-Encoding:
      - gzip, deflate
      Connection:
      - keep-alive
      Content-Length:
      - '0'
      Sync-Token:
      - zAJw6V16=MDoxNyM3NDMyMjEz
      User-Agent:
      - azsdk-python-appconfiguration/1.1.2 Python/3.9.0rc1 (Windows-10-10.0.19041-SP0)
      x-ms-content-sha256:
      - 47DEQpj8HBSa+/TImW+5JCeuQeRkm5NMpJWZG3hSuFU=
      x-ms-date:
      - Mar, 09 2021 16:27:01 GMT
    method: DELETE
    uri: https://fake_app_config.azconfig-test.io/kv/PYTHON_UNIT_test_key_a6af8952-54a6-11e9-b600-2816a84d0309?api-version=1.0
  response:
    body:
      string: '{"etag":"OU1WRLEOep5AzcnfiBGiXdCfEUQ","key":"PYTHON_UNIT_test_key_a6af8952-54a6-11e9-b600-2816a84d0309","label":null,"content_type":"test
        content type","value":"test value","tags":{"tag1":"tag1","tag2":"tag2"},"locked":false,"last_modified":"2021-03-09T16:27:00+00:00"}'
    headers:
      access-control-allow-credentials:
      - 'true'
      access-control-allow-origin:
      - '*'
      access-control-expose-headers:
      - DNT, X-CustomHeader, Keep-Alive, User-Agent, X-Requested-With, If-Modified-Since,
        Cache-Control, Content-Type, Authorization, x-ms-client-request-id, x-ms-useragent,
        x-ms-content-sha256, x-ms-date, host, Accept, Accept-Datetime, Date, If-Match,
        If-None-Match, Sync-Token, x-ms-return-client-request-id, ETag, Last-Modified,
        Link, Memento-Datetime, retry-after-ms, x-ms-request-id, x-ms-client-session-id,
        x-ms-effective-locale, WWW-Authenticate
      connection:
      - keep-alive
      content-type:
      - application/vnd.microsoft.appconfig.kv+json; charset=utf-8
      date:
      - Tue, 09 Mar 2021 16:25:08 GMT
      etag:
      - '"OU1WRLEOep5AzcnfiBGiXdCfEUQ"'
      last-modified:
      - Tue, 09 Mar 2021 16:27:00 GMT
      server:
      - openresty/1.17.8.2
      strict-transport-security:
      - max-age=15724800; includeSubDomains
      sync-token:
      - zAJw6V16=MDoxNyM3NDMyMjE0;sn=7432214
      transfer-encoding:
      - chunked
    status:
      code: 200
      message: OK
version: 1
