interactions:
- request:
    body: '{"key": ".appconfig.featureflag/test_feature", "content_type": "application/vnd.microsoft.appconfig.ff+json;charset=utf-8",
      "value": "{\"enabled\": true, \"conditions\": {\"client_filters\": []}}", "tags":
      {}}'
    headers:
      Accept:
      - application/vnd.microsoft.appconfig.kv+json, application/json, application/problem+json
      Accept-Encoding:
      - gzip, deflate
      Connection:
      - keep-alive
      Content-Length:
      - '209'
      Content-Type:
      - application/vnd.microsoft.appconfig.kv+json
      User-Agent:
      - azsdk-python-appconfiguration/1.4.0 Python/3.9.2 (Windows-10-10.0.22000-SP0)
    method: PUT
    uri: https://fake_app_config.azconfig-test.io/kv/.appconfig.featureflag%2Ftest_feature?api-version=1.0
  response:
    body:
      string: '{"etag":"MYkslZoPALFxwS4yH7LBGWN-qkF5FlF8eAQ-ieM_IuI","key":".appconfig.featureflag/test_feature","label":null,"content_type":"application/vnd.microsoft.appconfig.ff+json;charset=utf-8","value":"{\"enabled\":
        true, \"conditions\": {\"client_filters\": []}}","tags":{},"locked":false,"last_modified":"2022-08-17T00:04:41+00:00"}'
    headers:
      access-control-allow-credentials:
      - 'true'
      access-control-allow-origin:
      - '*'
      access-control-expose-headers:
      - DNT, X-CustomHeader, Keep-Alive, User-Agent, X-Requested-With, If-Modified-Since,
        Cache-Control, Content-Type, Authorization, x-ms-client-request-id, x-ms-useragent,
        x-ms-content-sha256, x-ms-date, host, Accept, Accept-Datetime, Date, If-Match,
        If-None-Match, Sync-Token, x-ms-return-client-request-id, ETag, Last-Modified,
        Link, Memento-Datetime, retry-after-ms, x-ms-request-id, x-ms-client-session-id,
        x-ms-effective-locale, WWW-Authenticate, traceparent, tracestate
      connection:
      - keep-alive
      content-type:
      - application/vnd.microsoft.appconfig.kv+json; charset=utf-8
      date:
      - Wed, 17 Aug 2022 00:04:41 GMT
      etag:
      - '"MYkslZoPALFxwS4yH7LBGWN-qkF5FlF8eAQ-ieM_IuI"'
      last-modified:
      - Wed, 17 Aug 2022 00:04:41 GMT
      server:
      - openresty/1.17.8.2
      strict-transport-security:
      - max-age=15724800; includeSubDomains
      sync-token:
      - zAJw6V16=ODo1IzkwOTY5MzY=;sn=9096936
      transfer-encoding:
      - chunked
    status:
      code: 200
      message: OK
- request:
    body: '{"key": ".appconfig.featureflag/test_feature", "content_type": "application/vnd.microsoft.appconfig.ff+json;charset=utf-8",
      "value": "{\"enabled\": false, \"conditions\": {\"client_filters\": []}}", "last_modified":
      "2022-08-17T00:04:41.000Z", "tags": {}, "locked": false, "etag": "MYkslZoPALFxwS4yH7LBGWN-qkF5FlF8eAQ-ieM_IuI"}'
    headers:
      Accept:
      - application/vnd.microsoft.appconfig.kv+json, application/json, application/problem+json
      Accept-Encoding:
      - gzip, deflate
      Connection:
      - keep-alive
      Content-Length:
      - '327'
      Content-Type:
      - application/vnd.microsoft.appconfig.kv+json
      Sync-Token:
      - zAJw6V16=ODo1IzkwOTY5MzY=
      User-Agent:
      - azsdk-python-appconfiguration/1.4.0 Python/3.9.2 (Windows-10-10.0.22000-SP0)
    method: PUT
    uri: https://fake_app_config.azconfig-test.io/kv/.appconfig.featureflag%2Ftest_feature?api-version=1.0
  response:
    body:
      string: '{"etag":"8Lb06aFJe84PT8vLTCaZY7hmWROXSi5ZURi_zWaIfVk","key":".appconfig.featureflag/test_feature","label":null,"content_type":"application/vnd.microsoft.appconfig.ff+json;charset=utf-8","value":"{\"enabled\":
        false, \"conditions\": {\"client_filters\": []}}","tags":{},"locked":false,"last_modified":"2022-08-17T00:04:41+00:00"}'
    headers:
      access-control-allow-credentials:
      - 'true'
      access-control-allow-origin:
      - '*'
      access-control-expose-headers:
      - DNT, X-CustomHeader, Keep-Alive, User-Agent, X-Requested-With, If-Modified-Since,
        Cache-Control, Content-Type, Authorization, x-ms-client-request-id, x-ms-useragent,
        x-ms-content-sha256, x-ms-date, host, Accept, Accept-Datetime, Date, If-Match,
        If-None-Match, Sync-Token, x-ms-return-client-request-id, ETag, Last-Modified,
        Link, Memento-Datetime, retry-after-ms, x-ms-request-id, x-ms-client-session-id,
        x-ms-effective-locale, WWW-Authenticate, traceparent, tracestate
      connection:
      - keep-alive
      content-type:
      - application/vnd.microsoft.appconfig.kv+json; charset=utf-8
      date:
      - Wed, 17 Aug 2022 00:04:41 GMT
      etag:
      - '"8Lb06aFJe84PT8vLTCaZY7hmWROXSi5ZURi_zWaIfVk"'
      last-modified:
      - Wed, 17 Aug 2022 00:04:41 GMT
      server:
      - openresty/1.17.8.2
      strict-transport-security:
      - max-age=15724800; includeSubDomains
      sync-token:
      - zAJw6V16=ODo1IzkwOTY5Mzc=;sn=9096937
      transfer-encoding:
      - chunked
    status:
      code: 200
      message: OK
- request:
    body: null
    headers:
      Accept:
      - application/vnd.microsoft.appconfig.kv+json, application/json, application/problem+json
      Accept-Encoding:
      - gzip, deflate
      Connection:
      - keep-alive
      Content-Length:
      - '0'
      Sync-Token:
      - zAJw6V16=ODo1IzkwOTY5Mzc=
      User-Agent:
      - azsdk-python-appconfiguration/1.4.0 Python/3.9.2 (Windows-10-10.0.22000-SP0)
    method: DELETE
    uri: https://fake_app_config.azconfig-test.io/kv/.appconfig.featureflag%2Ftest_feature?api-version=1.0
  response:
    body:
      string: '{"etag":"8Lb06aFJe84PT8vLTCaZY7hmWROXSi5ZURi_zWaIfVk","key":".appconfig.featureflag/test_feature","label":null,"content_type":"application/vnd.microsoft.appconfig.ff+json;charset=utf-8","value":"{\"enabled\":
        false, \"conditions\": {\"client_filters\": []}}","tags":{},"locked":false,"last_modified":"2022-08-17T00:04:41+00:00"}'
    headers:
      access-control-allow-credentials:
      - 'true'
      access-control-allow-origin:
      - '*'
      access-control-expose-headers:
      - DNT, X-CustomHeader, Keep-Alive, User-Agent, X-Requested-With, If-Modified-Since,
        Cache-Control, Content-Type, Authorization, x-ms-client-request-id, x-ms-useragent,
        x-ms-content-sha256, x-ms-date, host, Accept, Accept-Datetime, Date, If-Match,
        If-None-Match, Sync-Token, x-ms-return-client-request-id, ETag, Last-Modified,
        Link, Memento-Datetime, retry-after-ms, x-ms-request-id, x-ms-client-session-id,
        x-ms-effective-locale, WWW-Authenticate, traceparent, tracestate
      connection:
      - keep-alive
      content-type:
      - application/vnd.microsoft.appconfig.kv+json; charset=utf-8
      date:
      - Wed, 17 Aug 2022 00:04:41 GMT
      etag:
      - '"8Lb06aFJe84PT8vLTCaZY7hmWROXSi5ZURi_zWaIfVk"'
      last-modified:
      - Wed, 17 Aug 2022 00:04:41 GMT
      server:
      - openresty/1.17.8.2
      strict-transport-security:
      - max-age=15724800; includeSubDomains
      sync-token:
      - zAJw6V16=ODo1IzkwOTY5Mzk=;sn=9096939
      transfer-encoding:
      - chunked
    status:
      code: 200
      message: OK
version: 1
