interactions:
- request:
    body: '{"key": ".appconfig.featureflag/custom", "content_type": "application/vnd.microsoft.appconfig.ff+json;charset=utf-8",
      "value": "{\"enabled\": true, \"conditions\": {\"client_filters\": [{\"name\":
      \"Microsoft.Percentage\", \"parameters\": {\"Value\": 10, \"User\": \"user1\"}}]}}",
      "tags": {}}'
    headers:
      Accept:
      - application/vnd.microsoft.appconfig.kv+json, application/json, application/problem+json
      Accept-Encoding:
      - gzip, deflate
      Connection:
      - keep-alive
      Content-Length:
      - '293'
      Content-Type:
      - application/vnd.microsoft.appconfig.kv+json
      User-Agent:
      - azsdk-python-appconfiguration/1.4.0 Python/3.9.2 (Windows-10-10.0.22000-SP0)
      x-ms-content-sha256:
      - h4lMVKK7orHM/0WKN23ZbTwLJqJrPROTd+ZriLt6/QE=
      x-ms-date:
      - Sep, 15 2022 23:55:12.795609 GMT
    method: PUT
    uri: https://fake_app_config.azconfig-test.io/kv/.appconfig.featureflag%2Fcustom?api-version=1.0
  response:
    body:
      string: '{"etag":"g4gJEPbaLb3isMdI7TOV1QnLmZ1chkEJBsPvHSsmYmk","key":".appconfig.featureflag/custom","label":null,"content_type":"application/vnd.microsoft.appconfig.ff+json;charset=utf-8","value":"{\"enabled\":
        true, \"conditions\": {\"client_filters\": [{\"name\": \"Microsoft.Percentage\",
        \"parameters\": {\"Value\": 10, \"User\": \"user1\"}}]}}","tags":{},"locked":false,"last_modified":"2022-09-15T23:55:12+00:00"}'
    headers:
      access-control-allow-credentials:
      - 'true'
      access-control-allow-origin:
      - '*'
      access-control-expose-headers:
      - DNT, X-CustomHeader, Keep-Alive, User-Agent, X-Requested-With, If-Modified-Since,
        Cache-Control, Content-Type, Authorization, x-ms-client-request-id, x-ms-useragent,
        x-ms-content-sha256, x-ms-date, host, Accept, Accept-Datetime, Date, If-Match,
        If-None-Match, Sync-Token, x-ms-return-client-request-id, ETag, Last-Modified,
        Link, Memento-Datetime, retry-after-ms, x-ms-request-id, x-ms-client-session-id,
        x-ms-effective-locale, WWW-Authenticate, traceparent, tracestate
      connection:
      - keep-alive
      content-type:
      - application/vnd.microsoft.appconfig.kv+json; charset=utf-8
      date:
      - Thu, 15 Sep 2022 23:55:12 GMT
      etag:
      - '"g4gJEPbaLb3isMdI7TOV1QnLmZ1chkEJBsPvHSsmYmk"'
      last-modified:
      - Thu, 15 Sep 2022 23:55:12 GMT
      server:
      - openresty/1.17.8.2
      strict-transport-security:
      - max-age=15724800; includeSubDomains
      sync-token:
      - zAJw6V16=Nzo1IzEwNDgwMjU=;sn=1048025
      transfer-encoding:
      - chunked
    status:
      code: 200
      message: OK
- request:
    body: '{"key": ".appconfig.featureflag/custom", "content_type": "application/vnd.microsoft.appconfig.ff+json;charset=utf-8",
      "value": "{\"enabled\": true, \"conditions\": {\"client_filters\": [{\"name\":
      \"Microsoft.Percentage\", \"parameters\": {\"Value\": 100, \"User\": \"user1\"}}]}}",
      "last_modified": "2022-09-15T23:55:12.000Z", "tags": {}, "locked": false, "etag":
      "g4gJEPbaLb3isMdI7TOV1QnLmZ1chkEJBsPvHSsmYmk"}'
    headers:
      Accept:
      - application/vnd.microsoft.appconfig.kv+json, application/json, application/problem+json
      Accept-Encoding:
      - gzip, deflate
      Connection:
      - keep-alive
      Content-Length:
      - '411'
      Content-Type:
      - application/vnd.microsoft.appconfig.kv+json
      Sync-Token:
      - zAJw6V16=Nzo1IzEwNDgwMjU=
      User-Agent:
      - azsdk-python-appconfiguration/1.4.0 Python/3.9.2 (Windows-10-10.0.22000-SP0)
      x-ms-content-sha256:
      - Xwwv1lrWqFnvvcXqEe56pGbmO8W/nrHCbZHIETRcin8=
      x-ms-date:
      - Sep, 15 2022 23:55:12.944611 GMT
    method: PUT
    uri: https://fake_app_config.azconfig-test.io/kv/.appconfig.featureflag%2Fcustom?api-version=1.0
  response:
    body:
      string: '{"etag":"7GujeGSuC83650AsPYsEg9qff81ZqS76Hmx43kjb2os","key":".appconfig.featureflag/custom","label":null,"content_type":"application/vnd.microsoft.appconfig.ff+json;charset=utf-8","value":"{\"enabled\":
        true, \"conditions\": {\"client_filters\": [{\"name\": \"Microsoft.Percentage\",
        \"parameters\": {\"Value\": 100, \"User\": \"user1\"}}]}}","tags":{},"locked":false,"last_modified":"2022-09-15T23:55:12+00:00"}'
    headers:
      access-control-allow-credentials:
      - 'true'
      access-control-allow-origin:
      - '*'
      access-control-expose-headers:
      - DNT, X-CustomHeader, Keep-Alive, User-Agent, X-Requested-With, If-Modified-Since,
        Cache-Control, Content-Type, Authorization, x-ms-client-request-id, x-ms-useragent,
        x-ms-content-sha256, x-ms-date, host, Accept, Accept-Datetime, Date, If-Match,
        If-None-Match, Sync-Token, x-ms-return-client-request-id, ETag, Last-Modified,
        Link, Memento-Datetime, retry-after-ms, x-ms-request-id, x-ms-client-session-id,
        x-ms-effective-locale, WWW-Authenticate, traceparent, tracestate
      connection:
      - keep-alive
      content-type:
      - application/vnd.microsoft.appconfig.kv+json; charset=utf-8
      date:
      - Thu, 15 Sep 2022 23:55:12 GMT
      etag:
      - '"7GujeGSuC83650AsPYsEg9qff81ZqS76Hmx43kjb2os"'
      last-modified:
      - Thu, 15 Sep 2022 23:55:12 GMT
      server:
      - openresty/1.17.8.2
      strict-transport-security:
      - max-age=15724800; includeSubDomains
      sync-token:
      - zAJw6V16=Nzo1IzEwNDgwMjY=;sn=1048026
      transfer-encoding:
      - chunked
    status:
      code: 200
      message: OK
- request:
    body: null
    headers:
      Accept:
      - application/vnd.microsoft.appconfig.kv+json, application/json, application/problem+json
      Accept-Encoding:
      - gzip, deflate
      Connection:
      - keep-alive
      Content-Length:
      - '0'
      Sync-Token:
      - zAJw6V16=Nzo1IzEwNDgwMjY=
      User-Agent:
      - azsdk-python-appconfiguration/1.4.0 Python/3.9.2 (Windows-10-10.0.22000-SP0)
      x-ms-content-sha256:
      - 47DEQpj8HBSa+/TImW+5JCeuQeRkm5NMpJWZG3hSuFU=
      x-ms-date:
      - Sep, 15 2022 23:55:12.990611 GMT
    method: DELETE
    uri: https://fake_app_config.azconfig-test.io/kv/.appconfig.featureflag%2Fcustom?api-version=1.0
  response:
    body:
      string: '{"etag":"7GujeGSuC83650AsPYsEg9qff81ZqS76Hmx43kjb2os","key":".appconfig.featureflag/custom","label":null,"content_type":"application/vnd.microsoft.appconfig.ff+json;charset=utf-8","value":"{\"enabled\":
        true, \"conditions\": {\"client_filters\": [{\"name\": \"Microsoft.Percentage\",
        \"parameters\": {\"Value\": 100, \"User\": \"user1\"}}]}}","tags":{},"locked":false,"last_modified":"2022-09-15T23:55:12+00:00"}'
    headers:
      access-control-allow-credentials:
      - 'true'
      access-control-allow-origin:
      - '*'
      access-control-expose-headers:
      - DNT, X-CustomHeader, Keep-Alive, User-Agent, X-Requested-With, If-Modified-Since,
        Cache-Control, Content-Type, Authorization, x-ms-client-request-id, x-ms-useragent,
        x-ms-content-sha256, x-ms-date, host, Accept, Accept-Datetime, Date, If-Match,
        If-None-Match, Sync-Token, x-ms-return-client-request-id, ETag, Last-Modified,
        Link, Memento-Datetime, retry-after-ms, x-ms-request-id, x-ms-client-session-id,
        x-ms-effective-locale, WWW-Authenticate, traceparent, tracestate
      connection:
      - keep-alive
      content-type:
      - application/vnd.microsoft.appconfig.kv+json; charset=utf-8
      date:
      - Thu, 15 Sep 2022 23:55:12 GMT
      etag:
      - '"7GujeGSuC83650AsPYsEg9qff81ZqS76Hmx43kjb2os"'
      last-modified:
      - Thu, 15 Sep 2022 23:55:12 GMT
      server:
      - openresty/1.17.8.2
      strict-transport-security:
      - max-age=15724800; includeSubDomains
      sync-token:
      - zAJw6V16=Nzo1IzEwNDgwMjg=;sn=1048028
      transfer-encoding:
      - chunked
    status:
      code: 200
      message: OK
version: 1
