{
  "Entries": [
    {
      "RequestUri": "https://fake_app_config.azconfig-test.io/kv/.appconfig.featureflag%2Fkey40c43ad9?api-version=1.0",
      "RequestMethod": "PUT",
      "RequestHeaders": {
        "Accept": "application/vnd.microsoft.appconfig.kv\u002Bjson, application/json, application/problem\u002Bjson",
        "Accept-Encoding": "gzip, deflate",
        "Connection": "keep-alive",
        "Content-Length": "208",
        "Content-Type": "application/json",
        "User-Agent": "azsdk-python-appconfiguration/1.4.0 Python/3.9.2 (Windows-10-10.0.22000-SP0)",
        "x-ms-content-sha256": "P\u002Bo23MkTMPaOsRqrbmw4L/UXpBVgNpTHmyhZHJAHr\u002Bw=",
        "x-ms-date": "Sep, 27 2022 20:06:19.880458 GMT"
      },
      "RequestBody": {
        "key": ".appconfig.featureflag/key40c43ad9",
        "content_type": "application/vnd.microsoft.appconfig.ff\u002Bjson;charset=utf-8",
        "value": "{\u0022enabled\u0022: true, \u0022conditions\u0022: {\u0022client_filters\u0022: []}}",
        "tags": {}
      },
      "StatusCode": 200,
      "ResponseHeaders": {
        "Access-Control-Allow-Credentials": "true",
        "Access-Control-Allow-Origin": "*",
        "Access-Control-Expose-Headers": "DNT, X-CustomHeader, Keep-Alive, User-Agent, X-Requested-With, If-Modified-Since, Cache-Control, Content-Type, Authorization, x-ms-client-request-id, x-ms-useragent, x-ms-content-sha256, x-ms-date, host, Accept, Accept-Datetime, Date, If-Match, If-None-Match, Sync-Token, x-ms-return-client-request-id, ETag, Last-Modified, Link, Memento-Datetime, retry-after-ms, x-ms-request-id, x-ms-client-session-id, x-ms-effective-locale, WWW-Authenticate, traceparent, tracestate",
        "Connection": "keep-alive",
        "Content-Type": "application/vnd.microsoft.appconfig.kv\u002Bjson; charset=utf-8",
        "Date": "Tue, 27 Sep 2022 20:06:20 GMT",
        "ETag": "\u002246VTGif2be4r-k2X_h9HmWbIlezOrRIPGK-6DK_me04\u0022",
        "Last-Modified": "Tue, 27 Sep 2022 20:06:20 GMT",
        "Server": "openresty/1.17.8.2",
        "Strict-Transport-Security": "max-age=15724800; includeSubDomains",
        "Sync-Token": "zAJw6V16=Mzo1IzY3ODg1NzA=;sn=6788570",
        "Transfer-Encoding": "chunked",
        "x-ms-correlation-request-id": "c7634380-4016-4871-a847-b40bf9485bdb"
      },
      "ResponseBody": {
        "etag": "46VTGif2be4r-k2X_h9HmWbIlezOrRIPGK-6DK_me04",
        "key": ".appconfig.featureflag/key40c43ad9",
        "label": null,
        "content_type": "application/vnd.microsoft.appconfig.ff\u002Bjson;charset=utf-8",
        "value": "{\u0022enabled\u0022: true, \u0022conditions\u0022: {\u0022client_filters\u0022: []}}",
        "tags": {},
        "locked": false,
        "last_modified": "2022-09-27T20:06:20\u002B00:00"
      }
    },
    {
      "RequestUri": "https://fake_app_config.azconfig-test.io/kv/.appconfig.featureflag%2Fkey40c43ad9?api-version=1.0",
      "RequestMethod": "PUT",
      "RequestHeaders": {
        "Accept": "application/vnd.microsoft.appconfig.kv\u002Bjson, application/json, application/problem\u002Bjson",
        "Accept-Encoding": "gzip, deflate",
        "Connection": "keep-alive",
        "Content-Length": "275",
        "Content-Type": "application/json",
        "Sync-Token": "zAJw6V16=Mzo1IzY3ODg1NzA=",
        "User-Agent": "azsdk-python-appconfiguration/1.4.0 Python/3.9.2 (Windows-10-10.0.22000-SP0)",
        "x-ms-content-sha256": "AXJRKH9nMryzRCcm3zckHJ/5DrMH3EudhMgyX3It1\u002Bk=",
        "x-ms-date": "Sep, 27 2022 20:06:19.937255 GMT"
      },
      "RequestBody": {
        "key": ".appconfig.featureflag/key40c43ad9",
        "content_type": "application/vnd.microsoft.appconfig.ff\u002Bjson;charset=utf-8",
        "value": "hello world",
        "last_modified": "2022-09-27T20:06:20.000Z",
        "tags": {},
        "locked": false,
        "etag": "46VTGif2be4r-k2X_h9HmWbIlezOrRIPGK-6DK_me04"
      },
      "StatusCode": 200,
      "ResponseHeaders": {
        "Access-Control-Allow-Credentials": "true",
        "Access-Control-Allow-Origin": "*",
        "Access-Control-Expose-Headers": "DNT, X-CustomHeader, Keep-Alive, User-Agent, X-Requested-With, If-Modified-Since, Cache-Control, Content-Type, Authorization, x-ms-client-request-id, x-ms-useragent, x-ms-content-sha256, x-ms-date, host, Accept, Accept-Datetime, Date, If-Match, If-None-Match, Sync-Token, x-ms-return-client-request-id, ETag, Last-Modified, Link, Memento-Datetime, retry-after-ms, x-ms-request-id, x-ms-client-session-id, x-ms-effective-locale, WWW-Authenticate, traceparent, tracestate",
        "Connection": "keep-alive",
        "Content-Type": "application/vnd.microsoft.appconfig.kv\u002Bjson; charset=utf-8",
        "Date": "Tue, 27 Sep 2022 20:06:20 GMT",
        "ETag": "\u0022B1JRFy1g0I7LWe3vyqM8qKOJGzF0aWSz6FQyt59brpk\u0022",
        "Last-Modified": "Tue, 27 Sep 2022 20:06:20 GMT",
        "Server": "openresty/1.17.8.2",
        "Strict-Transport-Security": "max-age=15724800; includeSubDomains",
        "Sync-Token": "zAJw6V16=Mzo1IzY3ODg1NzE=;sn=6788571",
        "Transfer-Encoding": "chunked",
        "x-ms-correlation-request-id": "c47249af-6bd9-4d8a-ace1-74e0eac93d69"
      },
      "ResponseBody": {
        "etag": "B1JRFy1g0I7LWe3vyqM8qKOJGzF0aWSz6FQyt59brpk",
        "key": ".appconfig.featureflag/key40c43ad9",
        "label": null,
        "content_type": "application/vnd.microsoft.appconfig.ff\u002Bjson;charset=utf-8",
        "value": "hello world",
        "tags": {},
        "locked": false,
        "last_modified": "2022-09-27T20:06:20\u002B00:00"
      }
    },
    {
      "RequestUri": "https://fake_app_config.azconfig-test.io/kv/hello%20world?api-version=1.0",
      "RequestMethod": "DELETE",
      "RequestHeaders": {
        "Accept": "application/vnd.microsoft.appconfig.kv\u002Bjson, application/json, application/problem\u002Bjson",
        "Accept-Encoding": "gzip, deflate",
        "Connection": "keep-alive",
        "Content-Length": "0",
        "Sync-Token": "zAJw6V16=Mzo1IzY3ODg1NzE=",
        "User-Agent": "azsdk-python-appconfiguration/1.4.0 Python/3.9.2 (Windows-10-10.0.22000-SP0)",
        "x-ms-content-sha256": "47DEQpj8HBSa\u002B/TImW\u002B5JCeuQeRkm5NMpJWZG3hSuFU=",
        "x-ms-date": "Sep, 27 2022 20:06:19.978163 GMT"
      },
      "RequestBody": null,
      "StatusCode": 204,
      "ResponseHeaders": {
        "Access-Control-Allow-Credentials": "true",
        "Access-Control-Allow-Origin": "*",
        "Access-Control-Expose-Headers": "DNT, X-CustomHeader, Keep-Alive, User-Agent, X-Requested-With, If-Modified-Since, Cache-Control, Content-Type, Authorization, x-ms-client-request-id, x-ms-useragent, x-ms-content-sha256, x-ms-date, host, Accept, Accept-Datetime, Date, If-Match, If-None-Match, Sync-Token, x-ms-return-client-request-id, ETag, Last-Modified, Link, Memento-Datetime, retry-after-ms, x-ms-request-id, x-ms-client-session-id, x-ms-effective-locale, WWW-Authenticate, traceparent, tracestate",
        "Connection": "keep-alive",
        "Content-Type": "application/vnd.microsoft.appconfig.kv\u002Bjson; charset=utf-8",
        "Date": "Tue, 27 Sep 2022 20:06:20 GMT",
        "Server": "openresty/1.17.8.2",
        "Strict-Transport-Security": "max-age=15724800; includeSubDomains",
        "x-ms-correlation-request-id": "17675cfe-f4e6-45f4-9df9-9935951fdbb9"
      },
      "ResponseBody": null
    }
  ],
  "Variables": {}
}
