{
  "Entries": [
    {
      "RequestUri": "https://fake_app_config.azconfig-test.io/kv?key=PYTHON_UNIT_test_key_a6af8952-54a6-11e9-b600-2816a84d0309\u0026label=test_label1_1d7b2b28-549e-11e9-b51c-2816a84d0309\u0026api-version=1.0",
      "RequestMethod": "GET",
      "RequestHeaders": {
        "Accept": "application/vnd.microsoft.appconfig.kvset\u002Bjson, application/json, application/problem\u002Bjson",
        "Accept-Encoding": "gzip, deflate",
        "Connection": "keep-alive",
        "User-Agent": "azsdk-python-appconfiguration/1.4.0 Python/3.9.2 (Windows-10-10.0.22000-SP0)",
        "x-ms-content-sha256": "47DEQpj8HBSa\u002B/TImW\u002B5JCeuQeRkm5NMpJWZG3hSuFU=",
        "x-ms-date": "Aug, 23 2022 07:49:59.009827 GMT"
      },
      "RequestBody": null,
      "StatusCode": 200,
      "ResponseHeaders": {
        "Access-Control-Allow-Credentials": "true",
        "Access-Control-Allow-Origin": "*",
        "Access-Control-Expose-Headers": "DNT, X-CustomHeader, Keep-Alive, User-Agent, X-Requested-With, If-Modified-Since, Cache-Control, Content-Type, Authorization, x-ms-client-request-id, x-ms-useragent, x-ms-content-sha256, x-ms-date, host, Accept, Accept-Datetime, Date, If-Match, If-None-Match, Sync-Token, x-ms-return-client-request-id, ETag, Last-Modified, Link, Memento-Datetime, retry-after-ms, x-ms-request-id, x-ms-client-session-id, x-ms-effective-locale, WWW-Authenticate, traceparent, tracestate",
        "Connection": "keep-alive",
        "Content-Type": "application/vnd.microsoft.appconfig.kvset\u002Bjson; charset=utf-8",
        "Date": "Tue, 23 Aug 2022 07:49:58 GMT",
        "Server": "openresty/1.17.8.2",
        "Strict-Transport-Security": "max-age=15724800; includeSubDomains",
        "Sync-Token": "zAJw6V16=NTo1IzExNjQyNzU2;sn=11642756",
        "Transfer-Encoding": "chunked",
        "x-ms-correlation-request-id": "fea860d8-857f-4af4-968c-ffddbf39df04"
      },
      "ResponseBody": {
        "items": []
      }
    },
    {
      "RequestUri": "https://fake_app_config.azconfig-test.io/kv/PYTHON_UNIT_test_key_a6af8952-54a6-11e9-b600-2816a84d0309?label=test_label1_1d7b2b28-549e-11e9-b51c-2816a84d0309\u0026api-version=1.0",
      "RequestMethod": "PUT",
      "RequestHeaders": {
        "Accept": "application/vnd.microsoft.appconfig.kv\u002Bjson, application/json, application/problem\u002Bjson",
        "Accept-Encoding": "gzip, deflate",
        "Connection": "keep-alive",
        "Content-Length": "231",
        "Content-Type": "application/vnd.microsoft.appconfig.kv\u002Bjson",
        "If-None-Match": "*",
        "Sync-Token": "zAJw6V16=NTo1IzExNjQyNzU2",
        "User-Agent": "azsdk-python-appconfiguration/1.4.0 Python/3.9.2 (Windows-10-10.0.22000-SP0)",
        "x-ms-content-sha256": "5b/E4qQlXHTRod\u002Bn\u002Bf\u002BxjK6c/tRVR8uxoC62FjvGJPw=",
        "x-ms-date": "Aug, 23 2022 07:49:59.098315 GMT"
      },
      "RequestBody": {
        "key": "PYTHON_UNIT_test_key_a6af8952-54a6-11e9-b600-2816a84d0309",
        "label": "test_label1_1d7b2b28-549e-11e9-b51c-2816a84d0309",
        "content_type": "test content type",
        "value": "test value",
        "tags": {
          "tag1": "tag1",
          "tag2": "tag2"
        }
      },
      "StatusCode": 200,
      "ResponseHeaders": {
        "Access-Control-Allow-Credentials": "true",
        "Access-Control-Allow-Origin": "*",
        "Access-Control-Expose-Headers": "DNT, X-CustomHeader, Keep-Alive, User-Agent, X-Requested-With, If-Modified-Since, Cache-Control, Content-Type, Authorization, x-ms-client-request-id, x-ms-useragent, x-ms-content-sha256, x-ms-date, host, Accept, Accept-Datetime, Date, If-Match, If-None-Match, Sync-Token, x-ms-return-client-request-id, ETag, Last-Modified, Link, Memento-Datetime, retry-after-ms, x-ms-request-id, x-ms-client-session-id, x-ms-effective-locale, WWW-Authenticate, traceparent, tracestate",
        "Connection": "keep-alive",
        "Content-Type": "application/vnd.microsoft.appconfig.kv\u002Bjson; charset=utf-8",
        "Date": "Tue, 23 Aug 2022 07:49:58 GMT",
        "ETag": "\u0022uuqdcMDI2pgc40uweHB_UTQP-a63IerJgiEljVXuIlI\u0022",
        "Last-Modified": "Tue, 23 Aug 2022 07:49:58 GMT",
        "Server": "openresty/1.17.8.2",
        "Strict-Transport-Security": "max-age=15724800; includeSubDomains",
        "Sync-Token": "zAJw6V16=NTo1IzExNjQyNzU3;sn=11642757",
        "Transfer-Encoding": "chunked",
        "x-ms-correlation-request-id": "0e40b777-655a-44c3-82d3-faf4668b7b10"
      },
      "ResponseBody": {
        "etag": "uuqdcMDI2pgc40uweHB_UTQP-a63IerJgiEljVXuIlI",
        "key": "PYTHON_UNIT_test_key_a6af8952-54a6-11e9-b600-2816a84d0309",
        "label": "test_label1_1d7b2b28-549e-11e9-b51c-2816a84d0309",
        "content_type": "test content type",
        "value": "test value",
        "tags": {
          "tag1": "tag1",
          "tag2": "tag2"
        },
        "locked": false,
        "last_modified": "2022-08-23T07:49:58\u002B00:00"
      }
    },
    {
      "RequestUri": "https://fake_app_config.azconfig-test.io/kv?key=PYTHON_UNIT_test_key_a6af8952-54a6-11e9-b600-2816a84d0309\u0026api-version=1.0",
      "RequestMethod": "GET",
      "RequestHeaders": {
        "Accept": "application/vnd.microsoft.appconfig.kvset\u002Bjson, application/json, application/problem\u002Bjson",
        "Accept-Encoding": "gzip, deflate",
        "Connection": "keep-alive",
        "Sync-Token": "zAJw6V16=NTo1IzExNjQyNzU3",
        "User-Agent": "azsdk-python-appconfiguration/1.4.0 Python/3.9.2 (Windows-10-10.0.22000-SP0)",
        "x-ms-content-sha256": "47DEQpj8HBSa\u002B/TImW\u002B5JCeuQeRkm5NMpJWZG3hSuFU=",
        "x-ms-date": "Aug, 23 2022 07:49:59.145058 GMT"
      },
      "RequestBody": null,
      "StatusCode": 200,
      "ResponseHeaders": {
        "Access-Control-Allow-Credentials": "true",
        "Access-Control-Allow-Origin": "*",
        "Access-Control-Expose-Headers": "DNT, X-CustomHeader, Keep-Alive, User-Agent, X-Requested-With, If-Modified-Since, Cache-Control, Content-Type, Authorization, x-ms-client-request-id, x-ms-useragent, x-ms-content-sha256, x-ms-date, host, Accept, Accept-Datetime, Date, If-Match, If-None-Match, Sync-Token, x-ms-return-client-request-id, ETag, Last-Modified, Link, Memento-Datetime, retry-after-ms, x-ms-request-id, x-ms-client-session-id, x-ms-effective-locale, WWW-Authenticate, traceparent, tracestate",
        "Connection": "keep-alive",
        "Content-Type": "application/vnd.microsoft.appconfig.kvset\u002Bjson; charset=utf-8",
        "Date": "Tue, 23 Aug 2022 07:49:58 GMT",
        "Server": "openresty/1.17.8.2",
        "Strict-Transport-Security": "max-age=15724800; includeSubDomains",
        "Sync-Token": "zAJw6V16=NTo1IzExNjQyNzU4;sn=11642758",
        "Transfer-Encoding": "chunked",
        "x-ms-correlation-request-id": "080f2386-61e5-48d6-be7d-0f4d35dd6393"
      },
      "ResponseBody": {
        "items": [
          {
            "etag": "uuqdcMDI2pgc40uweHB_UTQP-a63IerJgiEljVXuIlI",
            "key": "PYTHON_UNIT_test_key_a6af8952-54a6-11e9-b600-2816a84d0309",
            "label": "test_label1_1d7b2b28-549e-11e9-b51c-2816a84d0309",
            "content_type": "test content type",
            "value": "test value",
            "tags": {
              "tag1": "tag1",
              "tag2": "tag2"
            },
            "locked": false,
            "last_modified": "2022-08-23T07:49:58\u002B00:00"
          }
        ]
      }
    },
    {
      "RequestUri": "https://fake_app_config.azconfig-test.io/kv/PYTHON_UNIT_test_key_a6af8952-54a6-11e9-b600-2816a84d0309?api-version=1.0",
      "RequestMethod": "DELETE",
      "RequestHeaders": {
        "Accept": "application/vnd.microsoft.appconfig.kv\u002Bjson, application/json, application/problem\u002Bjson",
        "Accept-Encoding": "gzip, deflate",
        "Connection": "keep-alive",
        "Content-Length": "0",
        "Sync-Token": "zAJw6V16=NTo1IzExNjQyNzU4",
        "User-Agent": "azsdk-python-appconfiguration/1.4.0 Python/3.9.2 (Windows-10-10.0.22000-SP0)",
        "x-ms-content-sha256": "47DEQpj8HBSa\u002B/TImW\u002B5JCeuQeRkm5NMpJWZG3hSuFU=",
        "x-ms-date": "Aug, 23 2022 07:49:59.184395 GMT"
      },
      "RequestBody": null,
      "StatusCode": 204,
      "ResponseHeaders": {
        "Access-Control-Allow-Credentials": "true",
        "Access-Control-Allow-Origin": "*",
        "Access-Control-Expose-Headers": "DNT, X-CustomHeader, Keep-Alive, User-Agent, X-Requested-With, If-Modified-Since, Cache-Control, Content-Type, Authorization, x-ms-client-request-id, x-ms-useragent, x-ms-content-sha256, x-ms-date, host, Accept, Accept-Datetime, Date, If-Match, If-None-Match, Sync-Token, x-ms-return-client-request-id, ETag, Last-Modified, Link, Memento-Datetime, retry-after-ms, x-ms-request-id, x-ms-client-session-id, x-ms-effective-locale, WWW-Authenticate, traceparent, tracestate",
        "Connection": "keep-alive",
        "Content-Type": "application/vnd.microsoft.appconfig.kv\u002Bjson; charset=utf-8",
        "Date": "Tue, 23 Aug 2022 07:49:58 GMT",
        "Server": "openresty/1.17.8.2",
        "Strict-Transport-Security": "max-age=15724800; includeSubDomains",
        "x-ms-correlation-request-id": "61d98e7d-d7f5-49ba-b4bf-dd67500da42b"
      },
      "ResponseBody": null
    },
    {
      "RequestUri": "https://fake_app_config.azconfig-test.io/kv/PYTHON_UNIT_test_key_a6af8952-54a6-11e9-b600-2816a84d0309?api-version=1.0",
      "RequestMethod": "PUT",
      "RequestHeaders": {
        "Accept": "application/vnd.microsoft.appconfig.kv\u002Bjson, application/json, application/problem\u002Bjson",
        "Accept-Encoding": "gzip, deflate",
        "Connection": "keep-alive",
        "Content-Length": "170",
        "Content-Type": "application/vnd.microsoft.appconfig.kv\u002Bjson",
        "If-None-Match": "*",
        "Sync-Token": "zAJw6V16=NTo1IzExNjQyNzU4",
        "User-Agent": "azsdk-python-appconfiguration/1.4.0 Python/3.9.2 (Windows-10-10.0.22000-SP0)",
        "x-ms-content-sha256": "4rt07HteiPg5NxofrgzMmlQPTVbo1no7aKxDSI5uUU4=",
        "x-ms-date": "Aug, 23 2022 07:49:59.224428 GMT"
      },
      "RequestBody": {
        "key": "PYTHON_UNIT_test_key_a6af8952-54a6-11e9-b600-2816a84d0309",
        "content_type": "test content type",
        "value": "test value",
        "tags": {
          "tag1": "tag1",
          "tag2": "tag2"
        }
      },
      "StatusCode": 200,
      "ResponseHeaders": {
        "Access-Control-Allow-Credentials": "true",
        "Access-Control-Allow-Origin": "*",
        "Access-Control-Expose-Headers": "DNT, X-CustomHeader, Keep-Alive, User-Agent, X-Requested-With, If-Modified-Since, Cache-Control, Content-Type, Authorization, x-ms-client-request-id, x-ms-useragent, x-ms-content-sha256, x-ms-date, host, Accept, Accept-Datetime, Date, If-Match, If-None-Match, Sync-Token, x-ms-return-client-request-id, ETag, Last-Modified, Link, Memento-Datetime, retry-after-ms, x-ms-request-id, x-ms-client-session-id, x-ms-effective-locale, WWW-Authenticate, traceparent, tracestate",
        "Connection": "keep-alive",
        "Content-Type": "application/vnd.microsoft.appconfig.kv\u002Bjson; charset=utf-8",
        "Date": "Tue, 23 Aug 2022 07:49:58 GMT",
        "ETag": "\u0022VppfNViHb9U4cRZxr6jFm5qnUXDs_Yt87neDQUN7Vbs\u0022",
        "Last-Modified": "Tue, 23 Aug 2022 07:49:58 GMT",
        "Server": "openresty/1.17.8.2",
        "Strict-Transport-Security": "max-age=15724800; includeSubDomains",
        "Sync-Token": "zAJw6V16=NTo1IzExNjQyNzU5;sn=11642759",
        "Transfer-Encoding": "chunked",
        "x-ms-correlation-request-id": "4351ef14-8819-4d47-a9b7-0acf782cffb7"
      },
      "ResponseBody": {
        "etag": "VppfNViHb9U4cRZxr6jFm5qnUXDs_Yt87neDQUN7Vbs",
        "key": "PYTHON_UNIT_test_key_a6af8952-54a6-11e9-b600-2816a84d0309",
        "label": null,
        "content_type": "test content type",
        "value": "test value",
        "tags": {
          "tag1": "tag1",
          "tag2": "tag2"
        },
        "locked": false,
        "last_modified": "2022-08-23T07:49:58\u002B00:00"
      }
    },
    {
      "RequestUri": "https://fake_app_config.azconfig-test.io/kv?key=PYTHON_UNIT_test_key_a6af8952-54a6-11e9-b600-2816a84d0309\u0026label=test_label1_1d7b2b28-549e-11e9-b51c-2816a84d0309\u0026api-version=1.0",
      "RequestMethod": "GET",
      "RequestHeaders": {
        "Accept": "application/vnd.microsoft.appconfig.kvset\u002Bjson, application/json, application/problem\u002Bjson",
        "Accept-Encoding": "gzip, deflate",
        "Connection": "keep-alive",
        "Sync-Token": "zAJw6V16=NTo1IzExNjQyNzU5",
        "User-Agent": "azsdk-python-appconfiguration/1.4.0 Python/3.9.2 (Windows-10-10.0.22000-SP0)",
        "x-ms-content-sha256": "47DEQpj8HBSa\u002B/TImW\u002B5JCeuQeRkm5NMpJWZG3hSuFU=",
        "x-ms-date": "Aug, 23 2022 07:49:59.320883 GMT"
      },
      "RequestBody": null,
      "StatusCode": 200,
      "ResponseHeaders": {
        "Access-Control-Allow-Credentials": "true",
        "Access-Control-Allow-Origin": "*",
        "Access-Control-Expose-Headers": "DNT, X-CustomHeader, Keep-Alive, User-Agent, X-Requested-With, If-Modified-Since, Cache-Control, Content-Type, Authorization, x-ms-client-request-id, x-ms-useragent, x-ms-content-sha256, x-ms-date, host, Accept, Accept-Datetime, Date, If-Match, If-None-Match, Sync-Token, x-ms-return-client-request-id, ETag, Last-Modified, Link, Memento-Datetime, retry-after-ms, x-ms-request-id, x-ms-client-session-id, x-ms-effective-locale, WWW-Authenticate, traceparent, tracestate",
        "Connection": "keep-alive",
        "Content-Type": "application/vnd.microsoft.appconfig.kvset\u002Bjson; charset=utf-8",
        "Date": "Tue, 23 Aug 2022 07:49:58 GMT",
        "Server": "openresty/1.17.8.2",
        "Strict-Transport-Security": "max-age=15724800; includeSubDomains",
        "Sync-Token": "zAJw6V16=NTo1IzExNjQyNzYw;sn=11642760",
        "Transfer-Encoding": "chunked",
        "x-ms-correlation-request-id": "002c42a1-bc2c-44e6-b69e-c2ef3ebd9213"
      },
      "ResponseBody": {
        "items": [
          {
            "etag": "uuqdcMDI2pgc40uweHB_UTQP-a63IerJgiEljVXuIlI",
            "key": "PYTHON_UNIT_test_key_a6af8952-54a6-11e9-b600-2816a84d0309",
            "label": "test_label1_1d7b2b28-549e-11e9-b51c-2816a84d0309",
            "content_type": "test content type",
            "value": "test value",
            "tags": {
              "tag1": "tag1",
              "tag2": "tag2"
            },
            "locked": false,
            "last_modified": "2022-08-23T07:49:58\u002B00:00"
          }
        ]
      }
    },
    {
      "RequestUri": "https://fake_app_config.azconfig-test.io/kv?api-version=1.0",
      "RequestMethod": "GET",
      "RequestHeaders": {
        "Accept": "application/vnd.microsoft.appconfig.kvset\u002Bjson, application/json, application/problem\u002Bjson",
        "Accept-Encoding": "gzip, deflate",
        "Connection": "keep-alive",
        "Sync-Token": "zAJw6V16=NTo1IzExNjQyNzYw",
        "User-Agent": "azsdk-python-appconfiguration/1.4.0 Python/3.9.2 (Windows-10-10.0.22000-SP0)",
        "x-ms-content-sha256": "47DEQpj8HBSa\u002B/TImW\u002B5JCeuQeRkm5NMpJWZG3hSuFU=",
        "x-ms-date": "Aug, 23 2022 07:49:59.374558 GMT"
      },
      "RequestBody": null,
      "StatusCode": 200,
      "ResponseHeaders": {
        "Access-Control-Allow-Credentials": "true",
        "Access-Control-Allow-Origin": "*",
        "Access-Control-Expose-Headers": "DNT, X-CustomHeader, Keep-Alive, User-Agent, X-Requested-With, If-Modified-Since, Cache-Control, Content-Type, Authorization, x-ms-client-request-id, x-ms-useragent, x-ms-content-sha256, x-ms-date, host, Accept, Accept-Datetime, Date, If-Match, If-None-Match, Sync-Token, x-ms-return-client-request-id, ETag, Last-Modified, Link, Memento-Datetime, retry-after-ms, x-ms-request-id, x-ms-client-session-id, x-ms-effective-locale, WWW-Authenticate, traceparent, tracestate",
        "Connection": "keep-alive",
        "Content-Type": "application/vnd.microsoft.appconfig.kvset\u002Bjson; charset=utf-8",
        "Date": "Tue, 23 Aug 2022 07:49:58 GMT",
        "Server": "openresty/1.17.8.2",
        "Strict-Transport-Security": "max-age=15724800; includeSubDomains",
        "Sync-Token": "zAJw6V16=NTo1IzExNjQyNzYw;sn=11642760",
        "Transfer-Encoding": "chunked",
        "x-ms-correlation-request-id": "0b1fbd9e-9e3a-4361-830b-766bc783407f"
      },
      "ResponseBody": {
        "items": [
          {
            "etag": "NS2BCUbyR2KsCb-mqcH6nyia96LaNaM0CbNkJXdYqJ8",
            "key": ".appconfig.featureflag/breaking1",
            "label": null,
            "content_type": "application/vnd.microsoft.appconfig.ff\u002Bjson;charset=utf-8",
            "value": "{\u0022enabled\u0022: true, \u0022conditions\u0022: {\u0022client_filters\u0022: [{\u0022name\u0022: \u0022Microsoft.TimeWindow\u0022, \u0022parameters\u0022: {\u0022Start\u0022: \u0022bababooey, 31 Mar 2021 25:00:00 GMT\u0022, \u0022End\u0022: \u0022Fri, 02 Apr 2021 04:00:00 GMT\u0022}}]}}",
            "tags": {},
            "locked": false,
            "last_modified": "2022-08-23T07:41:45\u002B00:00"
          },
          {
            "etag": "e-RNxKQLpfKQrXzX90mpYS4vyK_O3VQjoS6K6l3t1aI",
            "key": ".appconfig.featureflag/breaking2",
            "label": null,
            "content_type": "application/vnd.microsoft.appconfig.ff\u002Bjson;charset=utf-8",
            "value": "{\u0022enabled\u0022: true, \u0022conditions\u0022: {\u0022client_filters\u0022: [{\u0022name\u0022: \u0022Microsoft.TimeWindow\u0022, \u0022parameters\u0022: {\u0022Start\u0022: \u0022bababooey, 31 Mar 2021 25:00:00 GMT\u0022, \u0022End\u0022: \u0022not even trying to be a date\u0022}}]}}",
            "tags": {},
            "locked": false,
            "last_modified": "2022-08-23T07:41:45\u002B00:00"
          },
          {
            "etag": "N50IOyJ6Vqmley3DQnEE_1hLrL4k6FmuO_tixwXusfk",
            "key": ".appconfig.featureflag/breaking3",
            "label": null,
            "content_type": "application/vnd.microsoft.appconfig.ff\u002Bjson;charset=utf-8",
            "value": "{\u0022enabled\u0022: true, \u0022conditions\u0022: {\u0022client_filters\u0022: [{\u0022name\u0022: \u0022Microsoft.TimeWindow\u0022, \u0022parameters\u0022: {\u0022Start\u0022: \u0022bababooey, 31 Mar 2021 25:00:00 GMT\u0022, \u0022End\u0022: \u0022not even trying to be a date\u0022}}]}}",
            "tags": {},
            "locked": false,
            "last_modified": "2022-08-23T07:41:45\u002B00:00"
          },
          {
            "etag": "4qK5UvGBBhUjyrnqNzGQXs5xt6Y44-lOSznFaeQ1YyI",
            "key": ".appconfig.featureflag/breaking4",
            "label": null,
            "content_type": "application/vnd.microsoft.appconfig.ff\u002Bjson;charset=utf-8",
            "value": "{\u0022enabled\u0022: true, \u0022conditions\u0022: {\u0022client_filters\u0022: [{\u0022name\u0022: \u0022Microsoft.TimeWindow\u0022, \u0022parameters\u0022: \u0022stringystring\u0022}]}}",
            "tags": {},
            "locked": false,
            "last_modified": "2022-08-23T07:41:46\u002B00:00"
          },
          {
            "etag": "hLeVobV5tfkApBj2Q8a2NsOLn9FibwAHlDr1NLQT4iY",
            "key": ".appconfig.featureflag/breaking5",
            "label": null,
            "content_type": "application/vnd.microsoft.appconfig.ff\u002Bjson;charset=utf-8",
            "value": "{\u0022enabled\u0022: true, \u0022conditions\u0022: {\u0022client_filters\u0022: [{\u0022name\u0022: \u0022Microsoft.Targeting\u0022, \u0022parameters\u0022: {\u0022Audience\u0022: {\u0022Users\u0022: \u0022123\u0022}}}]}}",
            "tags": {},
            "locked": false,
            "last_modified": "2022-08-23T07:41:46\u002B00:00"
          },
          {
            "etag": "027XCBx70J9WHzxmPCTQM1rf5Ejuy9DVb-p4qIKtsb8",
            "key": ".appconfig.featureflag/breaking6",
            "label": null,
            "content_type": "application/vnd.microsoft.appconfig.ff\u002Bjson;charset=utf-8",
            "value": "{\u0022enabled\u0022: true, \u0022conditions\u0022: {\u0022client_filters\u0022: [{\u0022name\u0022: \u0022Microsoft.Targeting\u0022, \u0022parameters\u0022: \u0022invalidformat\u0022}]}}",
            "tags": {},
            "locked": false,
            "last_modified": "2022-08-23T07:41:46\u002B00:00"
          },
          {
            "etag": "YJ2tcnCNVFucTuvGxzYWkdgDs3pshPcmcsDyFf0uZXI",
            "key": ".appconfig.featureflag/breaking7",
            "label": null,
            "content_type": "application/vnd.microsoft.appconfig.ff\u002Bjson;charset=utf-8",
            "value": "{\u0022enabled\u0022: true, \u0022conditions\u0022: {\u0022client_filters\u0022: [{\u0022abc\u0022: \u0022def\u0022}]}}",
            "tags": {},
            "locked": false,
            "last_modified": "2022-08-23T07:41:46\u002B00:00"
          },
          {
            "etag": "8dVgwOT1dJbr9OAUKxvciyXqwIvNq4RrJw78tn0BM0Y",
            "key": ".appconfig.featureflag/key40c43ad9",
            "label": null,
            "content_type": "application/vnd.microsoft.appconfig.ff\u002Bjson;charset=utf-8",
            "value": "hello world",
            "tags": {},
            "locked": false,
            "last_modified": "2022-08-23T07:41:48\u002B00:00"
          },
          {
            "etag": "VdznvnKAAUjpzkwVKbv4dSNJRPF6a59526v-4riGVcE",
            "key": ".appconfig.featureflag/key924d35f1",
            "label": null,
            "content_type": "application/vnd.microsoft.appconfig.ff\u002Bjson;charset=utf-8",
            "value": "{\u0022conditions\u0022: {\u0022client_filters\u0022: [{\u0022name\u0022: \u0022Microsoft.Targeting\u0022, \u0022parameters\u0022: {\u0022name\u0022: \u0022Microsoft.Targeting\u0022, \u0022parameters\u0022: {\u0022Audience\u0022: {\u0022DefaultRolloutPercentage\u0022: 50, \u0022Groups\u0022: [], \u0022Users\u0022: []}}}}]}, \u0022description\u0022: \u0022\u0022, \u0022enabled\u0022: false, \u0022id\u0022: \u0022key924d35f1\u0022}",
            "tags": {},
            "locked": false,
            "last_modified": "2022-08-23T07:41:47\u002B00:00"
          },
          {
            "etag": "mnHXbZfEq7s4EXBN2KH976kgBz6aj9XGtG0cIiK7i1o",
            "key": ".appconfig.featureflag/keya73d37e3",
            "label": null,
            "content_type": "application/vnd.microsoft.appconfig.ff\u002Bjson;charset=utf-8",
            "value": "{\u0022enabled\u0022: true, \u0022conditions\u0022: {\u0022client_filters\u0022: []}}",
            "tags": {},
            "locked": false,
            "last_modified": "2022-08-23T07:41:47\u002B00:00"
          },
          {
            "etag": "i1Qa6b3-uaY6CQsZOORx7LpoUokjx-HWu3CpnTUfUls",
            "key": ".appconfig.featureflag/keyeaac3f60",
            "label": null,
            "content_type": "application/vnd.microsoft.appconfig.ff\u002Bjson;charset=utf-8",
            "value": "{\u0022enabled\u0022: true, \u0022conditions\u0022: {\u0022client_filters\u0022: []}}",
            "tags": {},
            "locked": false,
            "last_modified": "2022-08-23T07:41:48\u002B00:00"
          },
          {
            "etag": "bSjWJTqwKqwPmgOCTsjoe3UeETA04QyWRJss_bJLmSU",
            "key": "KEY1",
            "label": null,
            "content_type": "test content type",
            "value": "TEST_VALUE1",
            "tags": {
              "tag1": "tag1",
              "tag2": "tag2"
            },
            "locked": false,
            "last_modified": "2022-08-23T07:41:42\u002B00:00"
          },
          {
            "etag": "VppfNViHb9U4cRZxr6jFm5qnUXDs_Yt87neDQUN7Vbs",
            "key": "PYTHON_UNIT_test_key_a6af8952-54a6-11e9-b600-2816a84d0309",
            "label": null,
            "content_type": "test content type",
            "value": "test value",
            "tags": {
              "tag1": "tag1",
              "tag2": "tag2"
            },
            "locked": false,
            "last_modified": "2022-08-23T07:49:58\u002B00:00"
          },
          {
            "etag": "uuqdcMDI2pgc40uweHB_UTQP-a63IerJgiEljVXuIlI",
            "key": "PYTHON_UNIT_test_key_a6af8952-54a6-11e9-b600-2816a84d0309",
            "label": "test_label1_1d7b2b28-549e-11e9-b51c-2816a84d0309",
            "content_type": "test content type",
            "value": "test value",
            "tags": {
              "tag1": "tag1",
              "tag2": "tag2"
            },
            "locked": false,
            "last_modified": "2022-08-23T07:49:58\u002B00:00"
          },
          {
            "etag": "ct1Ekpwr8mYEWGoINFDn8IR_GhmBwHE3bH7ltXcl5cw",
            "key": "aref",
            "label": null,
            "content_type": "application/vnd.microsoft.appconfig.keyvaultref\u002Bjson;charset=utf-8",
            "value": "{\u0022uri\u0022: \u0022notaurl\u0022}",
            "tags": {},
            "locked": false,
            "last_modified": "2022-08-23T07:41:46\u002B00:00"
          }
        ]
      }
    },
    {
      "RequestUri": "https://fake_app_config.azconfig-test.io/kv/.appconfig.featureflag%2Fbreaking1?api-version=1.0",
      "RequestMethod": "DELETE",
      "RequestHeaders": {
        "Accept": "application/vnd.microsoft.appconfig.kv\u002Bjson, application/json, application/problem\u002Bjson",
        "Accept-Encoding": "gzip, deflate",
        "Connection": "keep-alive",
        "Content-Length": "0",
        "Sync-Token": "zAJw6V16=NTo1IzExNjQyNzYw",
        "User-Agent": "azsdk-python-appconfiguration/1.4.0 Python/3.9.2 (Windows-10-10.0.22000-SP0)",
        "x-ms-content-sha256": "47DEQpj8HBSa\u002B/TImW\u002B5JCeuQeRkm5NMpJWZG3hSuFU=",
        "x-ms-date": "Aug, 23 2022 07:49:59.423689 GMT"
      },
      "RequestBody": null,
      "StatusCode": 200,
      "ResponseHeaders": {
        "Access-Control-Allow-Credentials": "true",
        "Access-Control-Allow-Origin": "*",
        "Access-Control-Expose-Headers": "DNT, X-CustomHeader, Keep-Alive, User-Agent, X-Requested-With, If-Modified-Since, Cache-Control, Content-Type, Authorization, x-ms-client-request-id, x-ms-useragent, x-ms-content-sha256, x-ms-date, host, Accept, Accept-Datetime, Date, If-Match, If-None-Match, Sync-Token, x-ms-return-client-request-id, ETag, Last-Modified, Link, Memento-Datetime, retry-after-ms, x-ms-request-id, x-ms-client-session-id, x-ms-effective-locale, WWW-Authenticate, traceparent, tracestate",
        "Connection": "keep-alive",
        "Content-Type": "application/vnd.microsoft.appconfig.kv\u002Bjson; charset=utf-8",
        "Date": "Tue, 23 Aug 2022 07:49:58 GMT",
        "ETag": "\u0022NS2BCUbyR2KsCb-mqcH6nyia96LaNaM0CbNkJXdYqJ8\u0022",
        "Last-Modified": "Tue, 23 Aug 2022 07:41:45 GMT",
        "Server": "openresty/1.17.8.2",
        "Strict-Transport-Security": "max-age=15724800; includeSubDomains",
        "Sync-Token": "zAJw6V16=NTo1IzExNjQyNzYx;sn=11642761",
        "Transfer-Encoding": "chunked",
        "x-ms-correlation-request-id": "fe469826-17c2-47ed-9dd6-064207652571"
      },
      "ResponseBody": {
        "etag": "NS2BCUbyR2KsCb-mqcH6nyia96LaNaM0CbNkJXdYqJ8",
        "key": ".appconfig.featureflag/breaking1",
        "label": null,
        "content_type": "application/vnd.microsoft.appconfig.ff\u002Bjson;charset=utf-8",
        "value": "{\u0022enabled\u0022: true, \u0022conditions\u0022: {\u0022client_filters\u0022: [{\u0022name\u0022: \u0022Microsoft.TimeWindow\u0022, \u0022parameters\u0022: {\u0022Start\u0022: \u0022bababooey, 31 Mar 2021 25:00:00 GMT\u0022, \u0022End\u0022: \u0022Fri, 02 Apr 2021 04:00:00 GMT\u0022}}]}}",
        "tags": {},
        "locked": false,
        "last_modified": "2022-08-23T07:41:45\u002B00:00"
      }
    },
    {
      "RequestUri": "https://fake_app_config.azconfig-test.io/kv/.appconfig.featureflag%2Fbreaking2?api-version=1.0",
      "RequestMethod": "DELETE",
      "RequestHeaders": {
        "Accept": "application/vnd.microsoft.appconfig.kv\u002Bjson, application/json, application/problem\u002Bjson",
        "Accept-Encoding": "gzip, deflate",
        "Connection": "keep-alive",
        "Content-Length": "0",
        "Sync-Token": "zAJw6V16=NTo1IzExNjQyNzYx",
        "User-Agent": "azsdk-python-appconfiguration/1.4.0 Python/3.9.2 (Windows-10-10.0.22000-SP0)",
        "x-ms-content-sha256": "47DEQpj8HBSa\u002B/TImW\u002B5JCeuQeRkm5NMpJWZG3hSuFU=",
        "x-ms-date": "Aug, 23 2022 07:49:59.475592 GMT"
      },
      "RequestBody": null,
      "StatusCode": 200,
      "ResponseHeaders": {
        "Access-Control-Allow-Credentials": "true",
        "Access-Control-Allow-Origin": "*",
        "Access-Control-Expose-Headers": "DNT, X-CustomHeader, Keep-Alive, User-Agent, X-Requested-With, If-Modified-Since, Cache-Control, Content-Type, Authorization, x-ms-client-request-id, x-ms-useragent, x-ms-content-sha256, x-ms-date, host, Accept, Accept-Datetime, Date, If-Match, If-None-Match, Sync-Token, x-ms-return-client-request-id, ETag, Last-Modified, Link, Memento-Datetime, retry-after-ms, x-ms-request-id, x-ms-client-session-id, x-ms-effective-locale, WWW-Authenticate, traceparent, tracestate",
        "Connection": "keep-alive",
        "Content-Type": "application/vnd.microsoft.appconfig.kv\u002Bjson; charset=utf-8",
        "Date": "Tue, 23 Aug 2022 07:49:58 GMT",
        "ETag": "\u0022e-RNxKQLpfKQrXzX90mpYS4vyK_O3VQjoS6K6l3t1aI\u0022",
        "Last-Modified": "Tue, 23 Aug 2022 07:41:45 GMT",
        "Server": "openresty/1.17.8.2",
        "Strict-Transport-Security": "max-age=15724800; includeSubDomains",
        "Sync-Token": "zAJw6V16=NTo1IzExNjQyNzYy;sn=11642762",
        "Transfer-Encoding": "chunked",
        "x-ms-correlation-request-id": "e8ff4d09-bfb9-46ce-8438-b65d18302e33"
      },
      "ResponseBody": {
        "etag": "e-RNxKQLpfKQrXzX90mpYS4vyK_O3VQjoS6K6l3t1aI",
        "key": ".appconfig.featureflag/breaking2",
        "label": null,
        "content_type": "application/vnd.microsoft.appconfig.ff\u002Bjson;charset=utf-8",
        "value": "{\u0022enabled\u0022: true, \u0022conditions\u0022: {\u0022client_filters\u0022: [{\u0022name\u0022: \u0022Microsoft.TimeWindow\u0022, \u0022parameters\u0022: {\u0022Start\u0022: \u0022bababooey, 31 Mar 2021 25:00:00 GMT\u0022, \u0022End\u0022: \u0022not even trying to be a date\u0022}}]}}",
        "tags": {},
        "locked": false,
        "last_modified": "2022-08-23T07:41:45\u002B00:00"
      }
    },
    {
      "RequestUri": "https://fake_app_config.azconfig-test.io/kv/.appconfig.featureflag%2Fbreaking3?api-version=1.0",
      "RequestMethod": "DELETE",
      "RequestHeaders": {
        "Accept": "application/vnd.microsoft.appconfig.kv\u002Bjson, application/json, application/problem\u002Bjson",
        "Accept-Encoding": "gzip, deflate",
        "Connection": "keep-alive",
        "Content-Length": "0",
        "Sync-Token": "zAJw6V16=NTo1IzExNjQyNzYy",
        "User-Agent": "azsdk-python-appconfiguration/1.4.0 Python/3.9.2 (Windows-10-10.0.22000-SP0)",
        "x-ms-content-sha256": "47DEQpj8HBSa\u002B/TImW\u002B5JCeuQeRkm5NMpJWZG3hSuFU=",
        "x-ms-date": "Aug, 23 2022 07:49:59.523428 GMT"
      },
      "RequestBody": null,
      "StatusCode": 200,
      "ResponseHeaders": {
        "Access-Control-Allow-Credentials": "true",
        "Access-Control-Allow-Origin": "*",
        "Access-Control-Expose-Headers": "DNT, X-CustomHeader, Keep-Alive, User-Agent, X-Requested-With, If-Modified-Since, Cache-Control, Content-Type, Authorization, x-ms-client-request-id, x-ms-useragent, x-ms-content-sha256, x-ms-date, host, Accept, Accept-Datetime, Date, If-Match, If-None-Match, Sync-Token, x-ms-return-client-request-id, ETag, Last-Modified, Link, Memento-Datetime, retry-after-ms, x-ms-request-id, x-ms-client-session-id, x-ms-effective-locale, WWW-Authenticate, traceparent, tracestate",
        "Connection": "keep-alive",
        "Content-Type": "application/vnd.microsoft.appconfig.kv\u002Bjson; charset=utf-8",
        "Date": "Tue, 23 Aug 2022 07:49:58 GMT",
        "ETag": "\u0022N50IOyJ6Vqmley3DQnEE_1hLrL4k6FmuO_tixwXusfk\u0022",
        "Last-Modified": "Tue, 23 Aug 2022 07:41:45 GMT",
        "Server": "openresty/1.17.8.2",
        "Strict-Transport-Security": "max-age=15724800; includeSubDomains",
        "Sync-Token": "zAJw6V16=NTo1IzExNjQyNzYz;sn=11642763",
        "Transfer-Encoding": "chunked",
        "x-ms-correlation-request-id": "d7bea740-c507-4938-8297-6641f4480bc7"
      },
      "ResponseBody": {
        "etag": "N50IOyJ6Vqmley3DQnEE_1hLrL4k6FmuO_tixwXusfk",
        "key": ".appconfig.featureflag/breaking3",
        "label": null,
        "content_type": "application/vnd.microsoft.appconfig.ff\u002Bjson;charset=utf-8",
        "value": "{\u0022enabled\u0022: true, \u0022conditions\u0022: {\u0022client_filters\u0022: [{\u0022name\u0022: \u0022Microsoft.TimeWindow\u0022, \u0022parameters\u0022: {\u0022Start\u0022: \u0022bababooey, 31 Mar 2021 25:00:00 GMT\u0022, \u0022End\u0022: \u0022not even trying to be a date\u0022}}]}}",
        "tags": {},
        "locked": false,
        "last_modified": "2022-08-23T07:41:45\u002B00:00"
      }
    },
    {
      "RequestUri": "https://fake_app_config.azconfig-test.io/kv/.appconfig.featureflag%2Fbreaking4?api-version=1.0",
      "RequestMethod": "DELETE",
      "RequestHeaders": {
        "Accept": "application/vnd.microsoft.appconfig.kv\u002Bjson, application/json, application/problem\u002Bjson",
        "Accept-Encoding": "gzip, deflate",
        "Connection": "keep-alive",
        "Content-Length": "0",
        "Sync-Token": "zAJw6V16=NTo1IzExNjQyNzYz",
        "User-Agent": "azsdk-python-appconfiguration/1.4.0 Python/3.9.2 (Windows-10-10.0.22000-SP0)",
        "x-ms-content-sha256": "47DEQpj8HBSa\u002B/TImW\u002B5JCeuQeRkm5NMpJWZG3hSuFU=",
        "x-ms-date": "Aug, 23 2022 07:49:59.570276 GMT"
      },
      "RequestBody": null,
      "StatusCode": 200,
      "ResponseHeaders": {
        "Access-Control-Allow-Credentials": "true",
        "Access-Control-Allow-Origin": "*",
        "Access-Control-Expose-Headers": "DNT, X-CustomHeader, Keep-Alive, User-Agent, X-Requested-With, If-Modified-Since, Cache-Control, Content-Type, Authorization, x-ms-client-request-id, x-ms-useragent, x-ms-content-sha256, x-ms-date, host, Accept, Accept-Datetime, Date, If-Match, If-None-Match, Sync-Token, x-ms-return-client-request-id, ETag, Last-Modified, Link, Memento-Datetime, retry-after-ms, x-ms-request-id, x-ms-client-session-id, x-ms-effective-locale, WWW-Authenticate, traceparent, tracestate",
        "Connection": "keep-alive",
        "Content-Type": "application/vnd.microsoft.appconfig.kv\u002Bjson; charset=utf-8",
        "Date": "Tue, 23 Aug 2022 07:49:58 GMT",
        "ETag": "\u00224qK5UvGBBhUjyrnqNzGQXs5xt6Y44-lOSznFaeQ1YyI\u0022",
        "Last-Modified": "Tue, 23 Aug 2022 07:41:46 GMT",
        "Server": "openresty/1.17.8.2",
        "Strict-Transport-Security": "max-age=15724800; includeSubDomains",
        "Sync-Token": "zAJw6V16=NTo1IzExNjQyNzY0;sn=11642764",
        "Transfer-Encoding": "chunked",
        "x-ms-correlation-request-id": "a8457e50-4179-4183-9132-f55ef4a25b7e"
      },
      "ResponseBody": {
        "etag": "4qK5UvGBBhUjyrnqNzGQXs5xt6Y44-lOSznFaeQ1YyI",
        "key": ".appconfig.featureflag/breaking4",
        "label": null,
        "content_type": "application/vnd.microsoft.appconfig.ff\u002Bjson;charset=utf-8",
        "value": "{\u0022enabled\u0022: true, \u0022conditions\u0022: {\u0022client_filters\u0022: [{\u0022name\u0022: \u0022Microsoft.TimeWindow\u0022, \u0022parameters\u0022: \u0022stringystring\u0022}]}}",
        "tags": {},
        "locked": false,
        "last_modified": "2022-08-23T07:41:46\u002B00:00"
      }
    },
    {
      "RequestUri": "https://fake_app_config.azconfig-test.io/kv/.appconfig.featureflag%2Fbreaking5?api-version=1.0",
      "RequestMethod": "DELETE",
      "RequestHeaders": {
        "Accept": "application/vnd.microsoft.appconfig.kv\u002Bjson, application/json, application/problem\u002Bjson",
        "Accept-Encoding": "gzip, deflate",
        "Connection": "keep-alive",
        "Content-Length": "0",
        "Sync-Token": "zAJw6V16=NTo1IzExNjQyNzY0",
        "User-Agent": "azsdk-python-appconfiguration/1.4.0 Python/3.9.2 (Windows-10-10.0.22000-SP0)",
        "x-ms-content-sha256": "47DEQpj8HBSa\u002B/TImW\u002B5JCeuQeRkm5NMpJWZG3hSuFU=",
        "x-ms-date": "Aug, 23 2022 07:49:59.624465 GMT"
      },
      "RequestBody": null,
      "StatusCode": 200,
      "ResponseHeaders": {
        "Access-Control-Allow-Credentials": "true",
        "Access-Control-Allow-Origin": "*",
        "Access-Control-Expose-Headers": "DNT, X-CustomHeader, Keep-Alive, User-Agent, X-Requested-With, If-Modified-Since, Cache-Control, Content-Type, Authorization, x-ms-client-request-id, x-ms-useragent, x-ms-content-sha256, x-ms-date, host, Accept, Accept-Datetime, Date, If-Match, If-None-Match, Sync-Token, x-ms-return-client-request-id, ETag, Last-Modified, Link, Memento-Datetime, retry-after-ms, x-ms-request-id, x-ms-client-session-id, x-ms-effective-locale, WWW-Authenticate, traceparent, tracestate",
        "Connection": "keep-alive",
        "Content-Type": "application/vnd.microsoft.appconfig.kv\u002Bjson; charset=utf-8",
        "Date": "Tue, 23 Aug 2022 07:49:58 GMT",
        "ETag": "\u0022hLeVobV5tfkApBj2Q8a2NsOLn9FibwAHlDr1NLQT4iY\u0022",
        "Last-Modified": "Tue, 23 Aug 2022 07:41:46 GMT",
        "Server": "openresty/1.17.8.2",
        "Strict-Transport-Security": "max-age=15724800; includeSubDomains",
        "Sync-Token": "zAJw6V16=NTo1IzExNjQyNzY1;sn=11642765",
        "Transfer-Encoding": "chunked",
        "x-ms-correlation-request-id": "d4f77e61-7e45-4125-abf8-47c345264e64"
      },
      "ResponseBody": {
        "etag": "hLeVobV5tfkApBj2Q8a2NsOLn9FibwAHlDr1NLQT4iY",
        "key": ".appconfig.featureflag/breaking5",
        "label": null,
        "content_type": "application/vnd.microsoft.appconfig.ff\u002Bjson;charset=utf-8",
        "value": "{\u0022enabled\u0022: true, \u0022conditions\u0022: {\u0022client_filters\u0022: [{\u0022name\u0022: \u0022Microsoft.Targeting\u0022, \u0022parameters\u0022: {\u0022Audience\u0022: {\u0022Users\u0022: \u0022123\u0022}}}]}}",
        "tags": {},
        "locked": false,
        "last_modified": "2022-08-23T07:41:46\u002B00:00"
      }
    },
    {
      "RequestUri": "https://fake_app_config.azconfig-test.io/kv/.appconfig.featureflag%2Fbreaking6?api-version=1.0",
      "RequestMethod": "DELETE",
      "RequestHeaders": {
        "Accept": "application/vnd.microsoft.appconfig.kv\u002Bjson, application/json, application/problem\u002Bjson",
        "Accept-Encoding": "gzip, deflate",
        "Connection": "keep-alive",
        "Content-Length": "0",
        "Sync-Token": "zAJw6V16=NTo1IzExNjQyNzY1",
        "User-Agent": "azsdk-python-appconfiguration/1.4.0 Python/3.9.2 (Windows-10-10.0.22000-SP0)",
        "x-ms-content-sha256": "47DEQpj8HBSa\u002B/TImW\u002B5JCeuQeRkm5NMpJWZG3hSuFU=",
        "x-ms-date": "Aug, 23 2022 07:49:59.670792 GMT"
      },
      "RequestBody": null,
      "StatusCode": 200,
      "ResponseHeaders": {
        "Access-Control-Allow-Credentials": "true",
        "Access-Control-Allow-Origin": "*",
        "Access-Control-Expose-Headers": "DNT, X-CustomHeader, Keep-Alive, User-Agent, X-Requested-With, If-Modified-Since, Cache-Control, Content-Type, Authorization, x-ms-client-request-id, x-ms-useragent, x-ms-content-sha256, x-ms-date, host, Accept, Accept-Datetime, Date, If-Match, If-None-Match, Sync-Token, x-ms-return-client-request-id, ETag, Last-Modified, Link, Memento-Datetime, retry-after-ms, x-ms-request-id, x-ms-client-session-id, x-ms-effective-locale, WWW-Authenticate, traceparent, tracestate",
        "Connection": "keep-alive",
        "Content-Type": "application/vnd.microsoft.appconfig.kv\u002Bjson; charset=utf-8",
        "Date": "Tue, 23 Aug 2022 07:49:58 GMT",
        "ETag": "\u0022027XCBx70J9WHzxmPCTQM1rf5Ejuy9DVb-p4qIKtsb8\u0022",
        "Last-Modified": "Tue, 23 Aug 2022 07:41:46 GMT",
        "Server": "openresty/1.17.8.2",
        "Strict-Transport-Security": "max-age=15724800; includeSubDomains",
        "Sync-Token": "zAJw6V16=NTo1IzExNjQyNzY2;sn=11642766",
        "Transfer-Encoding": "chunked",
        "x-ms-correlation-request-id": "1f74d783-70a4-4e6d-ad32-3c18e694ee76"
      },
      "ResponseBody": {
        "etag": "027XCBx70J9WHzxmPCTQM1rf5Ejuy9DVb-p4qIKtsb8",
        "key": ".appconfig.featureflag/breaking6",
        "label": null,
        "content_type": "application/vnd.microsoft.appconfig.ff\u002Bjson;charset=utf-8",
        "value": "{\u0022enabled\u0022: true, \u0022conditions\u0022: {\u0022client_filters\u0022: [{\u0022name\u0022: \u0022Microsoft.Targeting\u0022, \u0022parameters\u0022: \u0022invalidformat\u0022}]}}",
        "tags": {},
        "locked": false,
        "last_modified": "2022-08-23T07:41:46\u002B00:00"
      }
    },
    {
      "RequestUri": "https://fake_app_config.azconfig-test.io/kv/.appconfig.featureflag%2Fbreaking7?api-version=1.0",
      "RequestMethod": "DELETE",
      "RequestHeaders": {
        "Accept": "application/vnd.microsoft.appconfig.kv\u002Bjson, application/json, application/problem\u002Bjson",
        "Accept-Encoding": "gzip, deflate",
        "Connection": "keep-alive",
        "Content-Length": "0",
        "Sync-Token": "zAJw6V16=NTo1IzExNjQyNzY2",
        "User-Agent": "azsdk-python-appconfiguration/1.4.0 Python/3.9.2 (Windows-10-10.0.22000-SP0)",
        "x-ms-content-sha256": "47DEQpj8HBSa\u002B/TImW\u002B5JCeuQeRkm5NMpJWZG3hSuFU=",
        "x-ms-date": "Aug, 23 2022 07:49:59.723727 GMT"
      },
      "RequestBody": null,
      "StatusCode": 200,
      "ResponseHeaders": {
        "Access-Control-Allow-Credentials": "true",
        "Access-Control-Allow-Origin": "*",
        "Access-Control-Expose-Headers": "DNT, X-CustomHeader, Keep-Alive, User-Agent, X-Requested-With, If-Modified-Since, Cache-Control, Content-Type, Authorization, x-ms-client-request-id, x-ms-useragent, x-ms-content-sha256, x-ms-date, host, Accept, Accept-Datetime, Date, If-Match, If-None-Match, Sync-Token, x-ms-return-client-request-id, ETag, Last-Modified, Link, Memento-Datetime, retry-after-ms, x-ms-request-id, x-ms-client-session-id, x-ms-effective-locale, WWW-Authenticate, traceparent, tracestate",
        "Connection": "keep-alive",
        "Content-Type": "application/vnd.microsoft.appconfig.kv\u002Bjson; charset=utf-8",
        "Date": "Tue, 23 Aug 2022 07:49:58 GMT",
        "ETag": "\u0022YJ2tcnCNVFucTuvGxzYWkdgDs3pshPcmcsDyFf0uZXI\u0022",
        "Last-Modified": "Tue, 23 Aug 2022 07:41:46 GMT",
        "Server": "openresty/1.17.8.2",
        "Strict-Transport-Security": "max-age=15724800; includeSubDomains",
        "Sync-Token": "zAJw6V16=NTo1IzExNjQyNzY3;sn=11642767",
        "Transfer-Encoding": "chunked",
        "x-ms-correlation-request-id": "206031ef-a464-4e29-990c-439165c43d77"
      },
      "ResponseBody": {
        "etag": "YJ2tcnCNVFucTuvGxzYWkdgDs3pshPcmcsDyFf0uZXI",
        "key": ".appconfig.featureflag/breaking7",
        "label": null,
        "content_type": "application/vnd.microsoft.appconfig.ff\u002Bjson;charset=utf-8",
        "value": "{\u0022enabled\u0022: true, \u0022conditions\u0022: {\u0022client_filters\u0022: [{\u0022abc\u0022: \u0022def\u0022}]}}",
        "tags": {},
        "locked": false,
        "last_modified": "2022-08-23T07:41:46\u002B00:00"
      }
    },
    {
      "RequestUri": "https://fake_app_config.azconfig-test.io/kv/.appconfig.featureflag%2Fkey40c43ad9?api-version=1.0",
      "RequestMethod": "DELETE",
      "RequestHeaders": {
        "Accept": "application/vnd.microsoft.appconfig.kv\u002Bjson, application/json, application/problem\u002Bjson",
        "Accept-Encoding": "gzip, deflate",
        "Connection": "keep-alive",
        "Content-Length": "0",
        "Sync-Token": "zAJw6V16=NTo1IzExNjQyNzY3",
        "User-Agent": "azsdk-python-appconfiguration/1.4.0 Python/3.9.2 (Windows-10-10.0.22000-SP0)",
        "x-ms-content-sha256": "47DEQpj8HBSa\u002B/TImW\u002B5JCeuQeRkm5NMpJWZG3hSuFU=",
        "x-ms-date": "Aug, 23 2022 07:49:59.770213 GMT"
      },
      "RequestBody": null,
      "StatusCode": 200,
      "ResponseHeaders": {
        "Access-Control-Allow-Credentials": "true",
        "Access-Control-Allow-Origin": "*",
        "Access-Control-Expose-Headers": "DNT, X-CustomHeader, Keep-Alive, User-Agent, X-Requested-With, If-Modified-Since, Cache-Control, Content-Type, Authorization, x-ms-client-request-id, x-ms-useragent, x-ms-content-sha256, x-ms-date, host, Accept, Accept-Datetime, Date, If-Match, If-None-Match, Sync-Token, x-ms-return-client-request-id, ETag, Last-Modified, Link, Memento-Datetime, retry-after-ms, x-ms-request-id, x-ms-client-session-id, x-ms-effective-locale, WWW-Authenticate, traceparent, tracestate",
        "Connection": "keep-alive",
        "Content-Type": "application/vnd.microsoft.appconfig.kv\u002Bjson; charset=utf-8",
        "Date": "Tue, 23 Aug 2022 07:49:58 GMT",
        "ETag": "\u00228dVgwOT1dJbr9OAUKxvciyXqwIvNq4RrJw78tn0BM0Y\u0022",
        "Last-Modified": "Tue, 23 Aug 2022 07:41:48 GMT",
        "Server": "openresty/1.17.8.2",
        "Strict-Transport-Security": "max-age=15724800; includeSubDomains",
        "Sync-Token": "zAJw6V16=NTo1IzExNjQyNzY4;sn=11642768",
        "Transfer-Encoding": "chunked",
        "x-ms-correlation-request-id": "afb3cd1b-79fe-4746-b856-d6df54d11dd0"
      },
      "ResponseBody": {
        "etag": "8dVgwOT1dJbr9OAUKxvciyXqwIvNq4RrJw78tn0BM0Y",
        "key": ".appconfig.featureflag/key40c43ad9",
        "label": null,
        "content_type": "application/vnd.microsoft.appconfig.ff\u002Bjson;charset=utf-8",
        "value": "hello world",
        "tags": {},
        "locked": false,
        "last_modified": "2022-08-23T07:41:48\u002B00:00"
      }
    },
    {
      "RequestUri": "https://fake_app_config.azconfig-test.io/kv/.appconfig.featureflag%2Fkey924d35f1?api-version=1.0",
      "RequestMethod": "DELETE",
      "RequestHeaders": {
        "Accept": "application/vnd.microsoft.appconfig.kv\u002Bjson, application/json, application/problem\u002Bjson",
        "Accept-Encoding": "gzip, deflate",
        "Connection": "keep-alive",
        "Content-Length": "0",
        "Sync-Token": "zAJw6V16=NTo1IzExNjQyNzY4",
        "User-Agent": "azsdk-python-appconfiguration/1.4.0 Python/3.9.2 (Windows-10-10.0.22000-SP0)",
        "x-ms-content-sha256": "47DEQpj8HBSa\u002B/TImW\u002B5JCeuQeRkm5NMpJWZG3hSuFU=",
        "x-ms-date": "Aug, 23 2022 07:49:59.817166 GMT"
      },
      "RequestBody": null,
      "StatusCode": 200,
      "ResponseHeaders": {
        "Access-Control-Allow-Credentials": "true",
        "Access-Control-Allow-Origin": "*",
        "Access-Control-Expose-Headers": "DNT, X-CustomHeader, Keep-Alive, User-Agent, X-Requested-With, If-Modified-Since, Cache-Control, Content-Type, Authorization, x-ms-client-request-id, x-ms-useragent, x-ms-content-sha256, x-ms-date, host, Accept, Accept-Datetime, Date, If-Match, If-None-Match, Sync-Token, x-ms-return-client-request-id, ETag, Last-Modified, Link, Memento-Datetime, retry-after-ms, x-ms-request-id, x-ms-client-session-id, x-ms-effective-locale, WWW-Authenticate, traceparent, tracestate",
        "Connection": "keep-alive",
        "Content-Type": "application/vnd.microsoft.appconfig.kv\u002Bjson; charset=utf-8",
        "Date": "Tue, 23 Aug 2022 07:49:58 GMT",
        "ETag": "\u0022VdznvnKAAUjpzkwVKbv4dSNJRPF6a59526v-4riGVcE\u0022",
        "Last-Modified": "Tue, 23 Aug 2022 07:41:47 GMT",
        "Server": "openresty/1.17.8.2",
        "Strict-Transport-Security": "max-age=15724800; includeSubDomains",
        "Sync-Token": "zAJw6V16=NTo1IzExNjQyNzY5;sn=11642769",
        "Transfer-Encoding": "chunked",
        "x-ms-correlation-request-id": "47c1d5a7-8ffa-43ea-89f3-5648a418bcfb"
      },
      "ResponseBody": {
        "etag": "VdznvnKAAUjpzkwVKbv4dSNJRPF6a59526v-4riGVcE",
        "key": ".appconfig.featureflag/key924d35f1",
        "label": null,
        "content_type": "application/vnd.microsoft.appconfig.ff\u002Bjson;charset=utf-8",
        "value": "{\u0022conditions\u0022: {\u0022client_filters\u0022: [{\u0022name\u0022: \u0022Microsoft.Targeting\u0022, \u0022parameters\u0022: {\u0022name\u0022: \u0022Microsoft.Targeting\u0022, \u0022parameters\u0022: {\u0022Audience\u0022: {\u0022DefaultRolloutPercentage\u0022: 50, \u0022Groups\u0022: [], \u0022Users\u0022: []}}}}]}, \u0022description\u0022: \u0022\u0022, \u0022enabled\u0022: false, \u0022id\u0022: \u0022key924d35f1\u0022}",
        "tags": {},
        "locked": false,
        "last_modified": "2022-08-23T07:41:47\u002B00:00"
      }
    },
    {
      "RequestUri": "https://fake_app_config.azconfig-test.io/kv/.appconfig.featureflag%2Fkeya73d37e3?api-version=1.0",
      "RequestMethod": "DELETE",
      "RequestHeaders": {
        "Accept": "application/vnd.microsoft.appconfig.kv\u002Bjson, application/json, application/problem\u002Bjson",
        "Accept-Encoding": "gzip, deflate",
        "Connection": "keep-alive",
        "Content-Length": "0",
        "Sync-Token": "zAJw6V16=NTo1IzExNjQyNzY5",
        "User-Agent": "azsdk-python-appconfiguration/1.4.0 Python/3.9.2 (Windows-10-10.0.22000-SP0)",
        "x-ms-content-sha256": "47DEQpj8HBSa\u002B/TImW\u002B5JCeuQeRkm5NMpJWZG3hSuFU=",
        "x-ms-date": "Aug, 23 2022 07:49:59.865675 GMT"
      },
      "RequestBody": null,
      "StatusCode": 200,
      "ResponseHeaders": {
        "Access-Control-Allow-Credentials": "true",
        "Access-Control-Allow-Origin": "*",
        "Access-Control-Expose-Headers": "DNT, X-CustomHeader, Keep-Alive, User-Agent, X-Requested-With, If-Modified-Since, Cache-Control, Content-Type, Authorization, x-ms-client-request-id, x-ms-useragent, x-ms-content-sha256, x-ms-date, host, Accept, Accept-Datetime, Date, If-Match, If-None-Match, Sync-Token, x-ms-return-client-request-id, ETag, Last-Modified, Link, Memento-Datetime, retry-after-ms, x-ms-request-id, x-ms-client-session-id, x-ms-effective-locale, WWW-Authenticate, traceparent, tracestate",
        "Connection": "keep-alive",
        "Content-Type": "application/vnd.microsoft.appconfig.kv\u002Bjson; charset=utf-8",
        "Date": "Tue, 23 Aug 2022 07:49:58 GMT",
        "ETag": "\u0022mnHXbZfEq7s4EXBN2KH976kgBz6aj9XGtG0cIiK7i1o\u0022",
        "Last-Modified": "Tue, 23 Aug 2022 07:41:47 GMT",
        "Server": "openresty/1.17.8.2",
        "Strict-Transport-Security": "max-age=15724800; includeSubDomains",
        "Sync-Token": "zAJw6V16=NTo1IzExNjQyNzcw;sn=11642770",
        "Transfer-Encoding": "chunked",
        "x-ms-correlation-request-id": "e273b22f-c98f-4926-ba72-3b181be02ab0"
      },
      "ResponseBody": {
        "etag": "mnHXbZfEq7s4EXBN2KH976kgBz6aj9XGtG0cIiK7i1o",
        "key": ".appconfig.featureflag/keya73d37e3",
        "label": null,
        "content_type": "application/vnd.microsoft.appconfig.ff\u002Bjson;charset=utf-8",
        "value": "{\u0022enabled\u0022: true, \u0022conditions\u0022: {\u0022client_filters\u0022: []}}",
        "tags": {},
        "locked": false,
        "last_modified": "2022-08-23T07:41:47\u002B00:00"
      }
    },
    {
      "RequestUri": "https://fake_app_config.azconfig-test.io/kv/.appconfig.featureflag%2Fkeyeaac3f60?api-version=1.0",
      "RequestMethod": "DELETE",
      "RequestHeaders": {
        "Accept": "application/vnd.microsoft.appconfig.kv\u002Bjson, application/json, application/problem\u002Bjson",
        "Accept-Encoding": "gzip, deflate",
        "Connection": "keep-alive",
        "Content-Length": "0",
        "Sync-Token": "zAJw6V16=NTo1IzExNjQyNzcw",
        "User-Agent": "azsdk-python-appconfiguration/1.4.0 Python/3.9.2 (Windows-10-10.0.22000-SP0)",
        "x-ms-content-sha256": "47DEQpj8HBSa\u002B/TImW\u002B5JCeuQeRkm5NMpJWZG3hSuFU=",
        "x-ms-date": "Aug, 23 2022 07:49:59.919576 GMT"
      },
      "RequestBody": null,
      "StatusCode": 200,
      "ResponseHeaders": {
        "Access-Control-Allow-Credentials": "true",
        "Access-Control-Allow-Origin": "*",
        "Access-Control-Expose-Headers": "DNT, X-CustomHeader, Keep-Alive, User-Agent, X-Requested-With, If-Modified-Since, Cache-Control, Content-Type, Authorization, x-ms-client-request-id, x-ms-useragent, x-ms-content-sha256, x-ms-date, host, Accept, Accept-Datetime, Date, If-Match, If-None-Match, Sync-Token, x-ms-return-client-request-id, ETag, Last-Modified, Link, Memento-Datetime, retry-after-ms, x-ms-request-id, x-ms-client-session-id, x-ms-effective-locale, WWW-Authenticate, traceparent, tracestate",
        "Connection": "keep-alive",
        "Content-Type": "application/vnd.microsoft.appconfig.kv\u002Bjson; charset=utf-8",
        "Date": "Tue, 23 Aug 2022 07:49:58 GMT",
        "ETag": "\u0022i1Qa6b3-uaY6CQsZOORx7LpoUokjx-HWu3CpnTUfUls\u0022",
        "Last-Modified": "Tue, 23 Aug 2022 07:41:48 GMT",
        "Server": "openresty/1.17.8.2",
        "Strict-Transport-Security": "max-age=15724800; includeSubDomains",
        "Sync-Token": "zAJw6V16=NTo1IzExNjQyNzcx;sn=11642771",
        "Transfer-Encoding": "chunked",
        "x-ms-correlation-request-id": "c3f8b768-5a5c-493f-a125-7588507af948"
      },
      "ResponseBody": {
        "etag": "i1Qa6b3-uaY6CQsZOORx7LpoUokjx-HWu3CpnTUfUls",
        "key": ".appconfig.featureflag/keyeaac3f60",
        "label": null,
        "content_type": "application/vnd.microsoft.appconfig.ff\u002Bjson;charset=utf-8",
        "value": "{\u0022enabled\u0022: true, \u0022conditions\u0022: {\u0022client_filters\u0022: []}}",
        "tags": {},
        "locked": false,
        "last_modified": "2022-08-23T07:41:48\u002B00:00"
      }
    },
    {
      "RequestUri": "https://fake_app_config.azconfig-test.io/kv/KEY1?api-version=1.0",
      "RequestMethod": "DELETE",
      "RequestHeaders": {
        "Accept": "application/vnd.microsoft.appconfig.kv\u002Bjson, application/json, application/problem\u002Bjson",
        "Accept-Encoding": "gzip, deflate",
        "Connection": "keep-alive",
        "Content-Length": "0",
        "Sync-Token": "zAJw6V16=NTo1IzExNjQyNzcx",
        "User-Agent": "azsdk-python-appconfiguration/1.4.0 Python/3.9.2 (Windows-10-10.0.22000-SP0)",
        "x-ms-content-sha256": "47DEQpj8HBSa\u002B/TImW\u002B5JCeuQeRkm5NMpJWZG3hSuFU=",
        "x-ms-date": "Aug, 23 2022 07:49:59.967405 GMT"
      },
      "RequestBody": null,
      "StatusCode": 200,
      "ResponseHeaders": {
        "Access-Control-Allow-Credentials": "true",
        "Access-Control-Allow-Origin": "*",
        "Access-Control-Expose-Headers": "DNT, X-CustomHeader, Keep-Alive, User-Agent, X-Requested-With, If-Modified-Since, Cache-Control, Content-Type, Authorization, x-ms-client-request-id, x-ms-useragent, x-ms-content-sha256, x-ms-date, host, Accept, Accept-Datetime, Date, If-Match, If-None-Match, Sync-Token, x-ms-return-client-request-id, ETag, Last-Modified, Link, Memento-Datetime, retry-after-ms, x-ms-request-id, x-ms-client-session-id, x-ms-effective-locale, WWW-Authenticate, traceparent, tracestate",
        "Connection": "keep-alive",
        "Content-Type": "application/vnd.microsoft.appconfig.kv\u002Bjson; charset=utf-8",
        "Date": "Tue, 23 Aug 2022 07:49:58 GMT",
        "ETag": "\u0022bSjWJTqwKqwPmgOCTsjoe3UeETA04QyWRJss_bJLmSU\u0022",
        "Last-Modified": "Tue, 23 Aug 2022 07:41:42 GMT",
        "Server": "openresty/1.17.8.2",
        "Strict-Transport-Security": "max-age=15724800; includeSubDomains",
        "Sync-Token": "zAJw6V16=NTo1IzExNjQyNzcy;sn=11642772",
        "Transfer-Encoding": "chunked",
        "x-ms-correlation-request-id": "d2f11f0f-c176-4f75-9b73-81fd92e9db65"
      },
      "ResponseBody": {
        "etag": "bSjWJTqwKqwPmgOCTsjoe3UeETA04QyWRJss_bJLmSU",
        "key": "KEY1",
        "label": null,
        "content_type": "test content type",
        "value": "TEST_VALUE1",
        "tags": {
          "tag1": "tag1",
          "tag2": "tag2"
        },
        "locked": false,
        "last_modified": "2022-08-23T07:41:42\u002B00:00"
      }
    },
    {
      "RequestUri": "https://fake_app_config.azconfig-test.io/kv/PYTHON_UNIT_test_key_a6af8952-54a6-11e9-b600-2816a84d0309?api-version=1.0",
      "RequestMethod": "DELETE",
      "RequestHeaders": {
        "Accept": "application/vnd.microsoft.appconfig.kv\u002Bjson, application/json, application/problem\u002Bjson",
        "Accept-Encoding": "gzip, deflate",
        "Connection": "keep-alive",
        "Content-Length": "0",
        "Sync-Token": "zAJw6V16=NTo1IzExNjQyNzcy",
        "User-Agent": "azsdk-python-appconfiguration/1.4.0 Python/3.9.2 (Windows-10-10.0.22000-SP0)",
        "x-ms-content-sha256": "47DEQpj8HBSa\u002B/TImW\u002B5JCeuQeRkm5NMpJWZG3hSuFU=",
        "x-ms-date": "Aug, 23 2022 07:50:00.015498 GMT"
      },
      "RequestBody": null,
      "StatusCode": 200,
      "ResponseHeaders": {
        "Access-Control-Allow-Credentials": "true",
        "Access-Control-Allow-Origin": "*",
        "Access-Control-Expose-Headers": "DNT, X-CustomHeader, Keep-Alive, User-Agent, X-Requested-With, If-Modified-Since, Cache-Control, Content-Type, Authorization, x-ms-client-request-id, x-ms-useragent, x-ms-content-sha256, x-ms-date, host, Accept, Accept-Datetime, Date, If-Match, If-None-Match, Sync-Token, x-ms-return-client-request-id, ETag, Last-Modified, Link, Memento-Datetime, retry-after-ms, x-ms-request-id, x-ms-client-session-id, x-ms-effective-locale, WWW-Authenticate, traceparent, tracestate",
        "Connection": "keep-alive",
        "Content-Type": "application/vnd.microsoft.appconfig.kv\u002Bjson; charset=utf-8",
        "Date": "Tue, 23 Aug 2022 07:49:58 GMT",
        "ETag": "\u0022VppfNViHb9U4cRZxr6jFm5qnUXDs_Yt87neDQUN7Vbs\u0022",
        "Last-Modified": "Tue, 23 Aug 2022 07:49:58 GMT",
        "Server": "openresty/1.17.8.2",
        "Strict-Transport-Security": "max-age=15724800; includeSubDomains",
        "Sync-Token": "zAJw6V16=NTo1IzExNjQyNzcz;sn=11642773",
        "Transfer-Encoding": "chunked",
        "x-ms-correlation-request-id": "d5f9bd4a-ac48-475e-814d-edec596b0011"
      },
      "ResponseBody": {
        "etag": "VppfNViHb9U4cRZxr6jFm5qnUXDs_Yt87neDQUN7Vbs",
        "key": "PYTHON_UNIT_test_key_a6af8952-54a6-11e9-b600-2816a84d0309",
        "label": null,
        "content_type": "test content type",
        "value": "test value",
        "tags": {
          "tag1": "tag1",
          "tag2": "tag2"
        },
        "locked": false,
        "last_modified": "2022-08-23T07:49:58\u002B00:00"
      }
    },
    {
      "RequestUri": "https://fake_app_config.azconfig-test.io/kv/PYTHON_UNIT_test_key_a6af8952-54a6-11e9-b600-2816a84d0309?label=test_label1_1d7b2b28-549e-11e9-b51c-2816a84d0309\u0026api-version=1.0",
      "RequestMethod": "DELETE",
      "RequestHeaders": {
        "Accept": "application/vnd.microsoft.appconfig.kv\u002Bjson, application/json, application/problem\u002Bjson",
        "Accept-Encoding": "gzip, deflate",
        "Connection": "keep-alive",
        "Content-Length": "0",
        "Sync-Token": "zAJw6V16=NTo1IzExNjQyNzcz",
        "User-Agent": "azsdk-python-appconfiguration/1.4.0 Python/3.9.2 (Windows-10-10.0.22000-SP0)",
        "x-ms-content-sha256": "47DEQpj8HBSa\u002B/TImW\u002B5JCeuQeRkm5NMpJWZG3hSuFU=",
        "x-ms-date": "Aug, 23 2022 07:50:00.068497 GMT"
      },
      "RequestBody": null,
      "StatusCode": 200,
      "ResponseHeaders": {
        "Access-Control-Allow-Credentials": "true",
        "Access-Control-Allow-Origin": "*",
        "Access-Control-Expose-Headers": "DNT, X-CustomHeader, Keep-Alive, User-Agent, X-Requested-With, If-Modified-Since, Cache-Control, Content-Type, Authorization, x-ms-client-request-id, x-ms-useragent, x-ms-content-sha256, x-ms-date, host, Accept, Accept-Datetime, Date, If-Match, If-None-Match, Sync-Token, x-ms-return-client-request-id, ETag, Last-Modified, Link, Memento-Datetime, retry-after-ms, x-ms-request-id, x-ms-client-session-id, x-ms-effective-locale, WWW-Authenticate, traceparent, tracestate",
        "Connection": "keep-alive",
        "Content-Type": "application/vnd.microsoft.appconfig.kv\u002Bjson; charset=utf-8",
        "Date": "Tue, 23 Aug 2022 07:49:59 GMT",
        "ETag": "\u0022uuqdcMDI2pgc40uweHB_UTQP-a63IerJgiEljVXuIlI\u0022",
        "Last-Modified": "Tue, 23 Aug 2022 07:49:58 GMT",
        "Server": "openresty/1.17.8.2",
        "Strict-Transport-Security": "max-age=15724800; includeSubDomains",
        "Sync-Token": "zAJw6V16=NTo1IzExNjQyNzc0;sn=11642774",
        "Transfer-Encoding": "chunked",
        "x-ms-correlation-request-id": "11fe47e8-2f55-4981-b45a-eb90548d5187"
      },
      "ResponseBody": {
        "etag": "uuqdcMDI2pgc40uweHB_UTQP-a63IerJgiEljVXuIlI",
        "key": "PYTHON_UNIT_test_key_a6af8952-54a6-11e9-b600-2816a84d0309",
        "label": "test_label1_1d7b2b28-549e-11e9-b51c-2816a84d0309",
        "content_type": "test content type",
        "value": "test value",
        "tags": {
          "tag1": "tag1",
          "tag2": "tag2"
        },
        "locked": false,
        "last_modified": "2022-08-23T07:49:58\u002B00:00"
      }
    },
    {
      "RequestUri": "https://fake_app_config.azconfig-test.io/kv/aref?api-version=1.0",
      "RequestMethod": "DELETE",
      "RequestHeaders": {
        "Accept": "application/vnd.microsoft.appconfig.kv\u002Bjson, application/json, application/problem\u002Bjson",
        "Accept-Encoding": "gzip, deflate",
        "Connection": "keep-alive",
        "Content-Length": "0",
        "Sync-Token": "zAJw6V16=NTo1IzExNjQyNzc0",
        "User-Agent": "azsdk-python-appconfiguration/1.4.0 Python/3.9.2 (Windows-10-10.0.22000-SP0)",
        "x-ms-content-sha256": "47DEQpj8HBSa\u002B/TImW\u002B5JCeuQeRkm5NMpJWZG3hSuFU=",
        "x-ms-date": "Aug, 23 2022 07:50:00.114272 GMT"
      },
      "RequestBody": null,
      "StatusCode": 200,
      "ResponseHeaders": {
        "Access-Control-Allow-Credentials": "true",
        "Access-Control-Allow-Origin": "*",
        "Access-Control-Expose-Headers": "DNT, X-CustomHeader, Keep-Alive, User-Agent, X-Requested-With, If-Modified-Since, Cache-Control, Content-Type, Authorization, x-ms-client-request-id, x-ms-useragent, x-ms-content-sha256, x-ms-date, host, Accept, Accept-Datetime, Date, If-Match, If-None-Match, Sync-Token, x-ms-return-client-request-id, ETag, Last-Modified, Link, Memento-Datetime, retry-after-ms, x-ms-request-id, x-ms-client-session-id, x-ms-effective-locale, WWW-Authenticate, traceparent, tracestate",
        "Connection": "keep-alive",
        "Content-Type": "application/vnd.microsoft.appconfig.kv\u002Bjson; charset=utf-8",
        "Date": "Tue, 23 Aug 2022 07:49:59 GMT",
        "ETag": "\u0022ct1Ekpwr8mYEWGoINFDn8IR_GhmBwHE3bH7ltXcl5cw\u0022",
        "Last-Modified": "Tue, 23 Aug 2022 07:41:46 GMT",
        "Server": "openresty/1.17.8.2",
        "Strict-Transport-Security": "max-age=15724800; includeSubDomains",
        "Sync-Token": "zAJw6V16=NTo1IzExNjQyNzc1;sn=11642775",
        "Transfer-Encoding": "chunked",
        "x-ms-correlation-request-id": "571f345a-6dae-4ab6-8420-0ef0de4fc6c6"
      },
      "ResponseBody": {
        "etag": "ct1Ekpwr8mYEWGoINFDn8IR_GhmBwHE3bH7ltXcl5cw",
        "key": "aref",
        "label": null,
        "content_type": "application/vnd.microsoft.appconfig.keyvaultref\u002Bjson;charset=utf-8",
        "value": "{\u0022uri\u0022: \u0022notaurl\u0022}",
        "tags": {},
        "locked": false,
        "last_modified": "2022-08-23T07:41:46\u002B00:00"
      }
    }
  ],
  "Variables": {}
}
