interactions:
- request:
    body: null
    headers:
      Accept:
      - application/vnd.microsoft.appconfig.kvset+json
      Accept-Encoding:
      - gzip, deflate
      Connection:
      - keep-alive
      User-Agent:
      - azsdk-python-appconfiguration/1.0.0b6 Python/3.7.2 (Windows-10-10.0.18362-SP0)
      x-ms-content-sha256:
      - 47DEQpj8HBSa+/TImW+5JCeuQeRkm5NMpJWZG3hSuFU=
      x-ms-date:
      - Dec, 05 2019 19:28:04 GMT
    method: GET
    uri: https://xyappconfig.azconfig.io/kv?key=PYTHON_UNIT_test_key_a6af8952-54a6-11e9-b600-2816a84d0309&label=test_label1_1d7b2b28-549e-11e9-b51c-2816a84d0309&api-version=1.0
  response:
    body:
      string: '{"items":[]}'
    headers:
      access-control-allow-credentials:
      - 'true'
      access-control-allow-headers:
      - DNT, X-CustomHeader, Keep-Alive, User-Agent, X-Requested-With, If-Modified-Since,
        Cache-Control, Content-Type, Authorization, x-ms-client-request-id, x-ms-content-sha256,
        x-ms-date, host, Accept, Accept-Datetime, Date, If-Match, If-None-Match, Sync-Token,
        x-ms-return-client-request-id, ETag, Last-Modified, Link, Memento-Datetime,
        x-ms-retry-after, x-ms-request-id, WWW-Authenticate
      access-control-allow-methods:
      - GET, PUT, POST, DELETE, PATCH, OPTIONS
      access-control-allow-origin:
      - '*'
      access-control-expose-headers:
      - DNT, X-CustomHeader, Keep-Alive, User-Agent, X-Requested-With, If-Modified-Since,
        Cache-Control, Content-Type, Authorization, x-ms-client-request-id, x-ms-content-sha256,
        x-ms-date, host, Accept, Accept-Datetime, Date, If-Match, If-None-Match, Sync-Token,
        x-ms-return-client-request-id, ETag, Last-Modified, Link, Memento-Datetime,
        x-ms-retry-after, x-ms-request-id, WWW-Authenticate
      connection:
      - keep-alive
      content-type:
      - application/vnd.microsoft.appconfig.kvset+json; charset=utf-8
      date:
      - Thu, 05 Dec 2019 19:28:04 GMT
      server:
      - openresty/1.15.8.1
      strict-transport-security:
      - max-age=15724800; includeSubDomains
      transfer-encoding:
      - chunked
    status:
      code: 200
      message: OK
- request:
    body: '{"key": "PYTHON_UNIT_test_key_a6af8952-54a6-11e9-b600-2816a84d0309", "label":
      "test_label1_1d7b2b28-549e-11e9-b51c-2816a84d0309", "content_type": "test content
      type", "value": "test value", "tags": {"tag1": "tag1", "tag2": "tag2"}}'
    headers:
      Accept:
      - application/vnd.microsoft.appconfig.kv+json
      Accept-Encoding:
      - gzip, deflate
      Connection:
      - keep-alive
      Content-Length:
      - '231'
      Content-Type:
      - application/json; charset=utf-8
      If-None-Match:
      - '*'
      User-Agent:
      - azsdk-python-appconfiguration/1.0.0b6 Python/3.7.2 (Windows-10-10.0.18362-SP0)
      x-ms-content-sha256:
      - 5b/E4qQlXHTRod+n+f+xjK6c/tRVR8uxoC62FjvGJPw=
      x-ms-date:
      - Dec, 05 2019 19:28:04 GMT
    method: PUT
    uri: https://xyappconfig.azconfig.io/kv/PYTHON_UNIT_test_key_a6af8952-54a6-11e9-b600-2816a84d0309?label=test_label1_1d7b2b28-549e-11e9-b51c-2816a84d0309&api-version=1.0
  response:
    body:
      string: '{"etag":"KgkledBueHmRCw1lrbiwGhCb1XM","key":"PYTHON_UNIT_test_key_a6af8952-54a6-11e9-b600-2816a84d0309","label":"test_label1_1d7b2b28-549e-11e9-b51c-2816a84d0309","content_type":"test
        content type","value":"test value","tags":{"tag1":"tag1","tag2":"tag2"},"locked":false,"last_modified":"2019-12-05T19:28:04+00:00"}'
    headers:
      access-control-allow-credentials:
      - 'true'
      access-control-allow-headers:
      - DNT, X-CustomHeader, Keep-Alive, User-Agent, X-Requested-With, If-Modified-Since,
        Cache-Control, Content-Type, Authorization, x-ms-client-request-id, x-ms-content-sha256,
        x-ms-date, host, Accept, Accept-Datetime, Date, If-Match, If-None-Match, Sync-Token,
        x-ms-return-client-request-id, ETag, Last-Modified, Link, Memento-Datetime,
        x-ms-retry-after, x-ms-request-id, WWW-Authenticate
      access-control-allow-methods:
      - GET, PUT, POST, DELETE, PATCH, OPTIONS
      access-control-allow-origin:
      - '*'
      access-control-expose-headers:
      - DNT, X-CustomHeader, Keep-Alive, User-Agent, X-Requested-With, If-Modified-Since,
        Cache-Control, Content-Type, Authorization, x-ms-client-request-id, x-ms-content-sha256,
        x-ms-date, host, Accept, Accept-Datetime, Date, If-Match, If-None-Match, Sync-Token,
        x-ms-return-client-request-id, ETag, Last-Modified, Link, Memento-Datetime,
        x-ms-retry-after, x-ms-request-id, WWW-Authenticate
      connection:
      - keep-alive
      content-type:
      - application/vnd.microsoft.appconfig.kv+json; charset=utf-8
      date:
      - Thu, 05 Dec 2019 19:28:04 GMT
      etag:
      - '"KgkledBueHmRCw1lrbiwGhCb1XM"'
      last-modified:
      - Thu, 05 Dec 2019 19:28:04 GMT
      server:
      - openresty/1.15.8.1
      strict-transport-security:
      - max-age=15724800; includeSubDomains
      sync-token:
      - zAJw6V16=MDotMSM3MTc1NzU=;sn=717575
      transfer-encoding:
      - chunked
    status:
      code: 200
      message: OK
- request:
    body: null
    headers:
      Accept:
      - application/vnd.microsoft.appconfig.kvset+json
      Accept-Encoding:
      - gzip, deflate
      Connection:
      - keep-alive
      Sync-Token:
      - zAJw6V16=MDotMSM3MTc1NzU=
      User-Agent:
      - azsdk-python-appconfiguration/1.0.0b6 Python/3.7.2 (Windows-10-10.0.18362-SP0)
      x-ms-content-sha256:
      - 47DEQpj8HBSa+/TImW+5JCeuQeRkm5NMpJWZG3hSuFU=
      x-ms-date:
      - Dec, 05 2019 19:28:04 GMT
    method: GET
    uri: https://xyappconfig.azconfig.io/kv?key=PYTHON_UNIT_test_key_a6af8952-54a6-11e9-b600-2816a84d0309&api-version=1.0
  response:
    body:
      string: '{"items":[{"etag":"KgkledBueHmRCw1lrbiwGhCb1XM","key":"PYTHON_UNIT_test_key_a6af8952-54a6-11e9-b600-2816a84d0309","label":"test_label1_1d7b2b28-549e-11e9-b51c-2816a84d0309","content_type":"test
        content type","value":"test value","tags":{"tag1":"tag1","tag2":"tag2"},"locked":false,"last_modified":"2019-12-05T19:28:04+00:00"}]}'
    headers:
      access-control-allow-credentials:
      - 'true'
      access-control-allow-headers:
      - DNT, X-CustomHeader, Keep-Alive, User-Agent, X-Requested-With, If-Modified-Since,
        Cache-Control, Content-Type, Authorization, x-ms-client-request-id, x-ms-content-sha256,
        x-ms-date, host, Accept, Accept-Datetime, Date, If-Match, If-None-Match, Sync-Token,
        x-ms-return-client-request-id, ETag, Last-Modified, Link, Memento-Datetime,
        x-ms-retry-after, x-ms-request-id, WWW-Authenticate
      access-control-allow-methods:
      - GET, PUT, POST, DELETE, PATCH, OPTIONS
      access-control-allow-origin:
      - '*'
      access-control-expose-headers:
      - DNT, X-CustomHeader, Keep-Alive, User-Agent, X-Requested-With, If-Modified-Since,
        Cache-Control, Content-Type, Authorization, x-ms-client-request-id, x-ms-content-sha256,
        x-ms-date, host, Accept, Accept-Datetime, Date, If-Match, If-None-Match, Sync-Token,
        x-ms-return-client-request-id, ETag, Last-Modified, Link, Memento-Datetime,
        x-ms-retry-after, x-ms-request-id, WWW-Authenticate
      connection:
      - keep-alive
      content-type:
      - application/vnd.microsoft.appconfig.kvset+json; charset=utf-8
      date:
      - Thu, 05 Dec 2019 19:28:04 GMT
      server:
      - openresty/1.15.8.1
      strict-transport-security:
      - max-age=15724800; includeSubDomains
      sync-token:
      - zAJw6V16=MDotMSM3MTc1NzU=;sn=717575
      transfer-encoding:
      - chunked
    status:
      code: 200
      message: OK
- request:
    body: null
    headers:
      Accept:
      - application/vnd.microsoft.appconfig.kv+json
      Accept-Encoding:
      - gzip, deflate
      Connection:
      - keep-alive
      Content-Length:
      - '0'
      Sync-Token:
      - zAJw6V16=MDotMSM3MTc1NzU=
      User-Agent:
      - azsdk-python-appconfiguration/1.0.0b6 Python/3.7.2 (Windows-10-10.0.18362-SP0)
      x-ms-content-sha256:
      - 47DEQpj8HBSa+/TImW+5JCeuQeRkm5NMpJWZG3hSuFU=
      x-ms-date:
      - Dec, 05 2019 19:28:04 GMT
    method: DELETE
    uri: https://xyappconfig.azconfig.io/kv/PYTHON_UNIT_test_key_a6af8952-54a6-11e9-b600-2816a84d0309?api-version=1.0
  response:
    body:
      string: ''
    headers:
      access-control-allow-credentials:
      - 'true'
      access-control-allow-headers:
      - DNT, X-CustomHeader, Keep-Alive, User-Agent, X-Requested-With, If-Modified-Since,
        Cache-Control, Content-Type, Authorization, x-ms-client-request-id, x-ms-content-sha256,
        x-ms-date, host, Accept, Accept-Datetime, Date, If-Match, If-None-Match, Sync-Token,
        x-ms-return-client-request-id, ETag, Last-Modified, Link, Memento-Datetime,
        x-ms-retry-after, x-ms-request-id, WWW-Authenticate
      access-control-allow-methods:
      - GET, PUT, POST, DELETE, PATCH, OPTIONS
      access-control-allow-origin:
      - '*'
      access-control-expose-headers:
      - DNT, X-CustomHeader, Keep-Alive, User-Agent, X-Requested-With, If-Modified-Since,
        Cache-Control, Content-Type, Authorization, x-ms-client-request-id, x-ms-content-sha256,
        x-ms-date, host, Accept, Accept-Datetime, Date, If-Match, If-None-Match, Sync-Token,
        x-ms-return-client-request-id, ETag, Last-Modified, Link, Memento-Datetime,
        x-ms-retry-after, x-ms-request-id, WWW-Authenticate
      connection:
      - keep-alive
      content-type:
      - application/vnd.microsoft.appconfig.kv+json; charset=utf-8
      date:
      - Thu, 05 Dec 2019 19:28:04 GMT
      server:
      - openresty/1.15.8.1
      strict-transport-security:
      - max-age=15724800; includeSubDomains
    status:
      code: 204
      message: No Content
- request:
    body: '{"key": "PYTHON_UNIT_test_key_a6af8952-54a6-11e9-b600-2816a84d0309", "content_type":
      "test content type", "value": "test value", "tags": {"tag1": "tag1", "tag2":
      "tag2"}}'
    headers:
      Accept:
      - application/vnd.microsoft.appconfig.kv+json
      Accept-Encoding:
      - gzip, deflate
      Connection:
      - keep-alive
      Content-Length:
      - '170'
      Content-Type:
      - application/json; charset=utf-8
      If-None-Match:
      - '*'
      Sync-Token:
      - zAJw6V16=MDotMSM3MTc1NzU=
      User-Agent:
      - azsdk-python-appconfiguration/1.0.0b6 Python/3.7.2 (Windows-10-10.0.18362-SP0)
      x-ms-content-sha256:
      - 4rt07HteiPg5NxofrgzMmlQPTVbo1no7aKxDSI5uUU4=
      x-ms-date:
      - Dec, 05 2019 19:28:04 GMT
    method: PUT
    uri: https://xyappconfig.azconfig.io/kv/PYTHON_UNIT_test_key_a6af8952-54a6-11e9-b600-2816a84d0309?api-version=1.0
  response:
    body:
      string: '{"etag":"N6DahunSuGsLYai3olkfOCWdiXo","key":"PYTHON_UNIT_test_key_a6af8952-54a6-11e9-b600-2816a84d0309","label":null,"content_type":"test
        content type","value":"test value","tags":{"tag1":"tag1","tag2":"tag2"},"locked":false,"last_modified":"2019-12-05T19:28:04+00:00"}'
    headers:
      access-control-allow-credentials:
      - 'true'
      access-control-allow-headers:
      - DNT, X-CustomHeader, Keep-Alive, User-Agent, X-Requested-With, If-Modified-Since,
        Cache-Control, Content-Type, Authorization, x-ms-client-request-id, x-ms-content-sha256,
        x-ms-date, host, Accept, Accept-Datetime, Date, If-Match, If-None-Match, Sync-Token,
        x-ms-return-client-request-id, ETag, Last-Modified, Link, Memento-Datetime,
        x-ms-retry-after, x-ms-request-id, WWW-Authenticate
      access-control-allow-methods:
      - GET, PUT, POST, DELETE, PATCH, OPTIONS
      access-control-allow-origin:
      - '*'
      access-control-expose-headers:
      - DNT, X-CustomHeader, Keep-Alive, User-Agent, X-Requested-With, If-Modified-Since,
        Cache-Control, Content-Type, Authorization, x-ms-client-request-id, x-ms-content-sha256,
        x-ms-date, host, Accept, Accept-Datetime, Date, If-Match, If-None-Match, Sync-Token,
        x-ms-return-client-request-id, ETag, Last-Modified, Link, Memento-Datetime,
        x-ms-retry-after, x-ms-request-id, WWW-Authenticate
      connection:
      - keep-alive
      content-type:
      - application/vnd.microsoft.appconfig.kv+json; charset=utf-8
      date:
      - Thu, 05 Dec 2019 19:28:04 GMT
      etag:
      - '"N6DahunSuGsLYai3olkfOCWdiXo"'
      last-modified:
      - Thu, 05 Dec 2019 19:28:04 GMT
      server:
      - openresty/1.15.8.1
      strict-transport-security:
      - max-age=15724800; includeSubDomains
      sync-token:
      - zAJw6V16=MDotMSM3MTc1NzY=;sn=717576
      transfer-encoding:
      - chunked
    status:
      code: 200
      message: OK
- request:
    body: null
    headers:
      Accept:
      - application/vnd.microsoft.appconfig.kvset+json
      Accept-Datetime:
      - '2019-12-04 11:28:04.393819'
      Accept-Encoding:
      - gzip, deflate
      Connection:
      - keep-alive
      Sync-Token:
      - zAJw6V16=MDotMSM3MTc1NzY=
      User-Agent:
      - azsdk-python-appconfiguration/1.0.0b6 Python/3.7.2 (Windows-10-10.0.18362-SP0)
      x-ms-content-sha256:
      - 47DEQpj8HBSa+/TImW+5JCeuQeRkm5NMpJWZG3hSuFU=
      x-ms-date:
      - Dec, 05 2019 19:28:04 GMT
    method: GET
    uri: https://xyappconfig.azconfig.io/kv?api-version=1.0
  response:
    body:
      string: '{"items":[]}'
    headers:
      access-control-allow-credentials:
      - 'true'
      access-control-allow-headers:
      - DNT, X-CustomHeader, Keep-Alive, User-Agent, X-Requested-With, If-Modified-Since,
        Cache-Control, Content-Type, Authorization, x-ms-client-request-id, x-ms-content-sha256,
        x-ms-date, host, Accept, Accept-Datetime, Date, If-Match, If-None-Match, Sync-Token,
        x-ms-return-client-request-id, ETag, Last-Modified, Link, Memento-Datetime,
        x-ms-retry-after, x-ms-request-id, WWW-Authenticate
      access-control-allow-methods:
      - GET, PUT, POST, DELETE, PATCH, OPTIONS
      access-control-allow-origin:
      - '*'
      access-control-expose-headers:
      - DNT, X-CustomHeader, Keep-Alive, User-Agent, X-Requested-With, If-Modified-Since,
        Cache-Control, Content-Type, Authorization, x-ms-client-request-id, x-ms-content-sha256,
        x-ms-date, host, Accept, Accept-Datetime, Date, If-Match, If-None-Match, Sync-Token,
        x-ms-return-client-request-id, ETag, Last-Modified, Link, Memento-Datetime,
        x-ms-retry-after, x-ms-request-id, WWW-Authenticate
      connection:
      - keep-alive
      content-type:
      - application/vnd.microsoft.appconfig.kvset+json; charset=utf-8
      date:
      - Thu, 05 Dec 2019 19:28:04 GMT
      link:
      - </kv?api-version=1.0>; rel="original"
      memento-datetime:
      - Wed, 04 Dec 2019 11:28:04 GMT
      server:
      - openresty/1.15.8.1
      strict-transport-security:
      - max-age=15724800; includeSubDomains
      transfer-encoding:
      - chunked
    status:
      code: 200
      message: OK
- request:
    body: null
    headers:
      Accept:
      - application/vnd.microsoft.appconfig.kvset+json
      Accept-Encoding:
      - gzip, deflate
      Connection:
      - keep-alive
      Sync-Token:
      - zAJw6V16=MDotMSM3MTc1NzY=
      User-Agent:
      - azsdk-python-appconfiguration/1.0.0b6 Python/3.7.2 (Windows-10-10.0.18362-SP0)
      x-ms-content-sha256:
      - 47DEQpj8HBSa+/TImW+5JCeuQeRkm5NMpJWZG3hSuFU=
      x-ms-date:
      - Dec, 05 2019 19:28:04 GMT
    method: GET
    uri: https://xyappconfig.azconfig.io/kv?api-version=1.0
  response:
    body:
      string: '{"items":[{"etag":"N6DahunSuGsLYai3olkfOCWdiXo","key":"PYTHON_UNIT_test_key_a6af8952-54a6-11e9-b600-2816a84d0309","label":null,"content_type":"test
        content type","value":"test value","tags":{"tag1":"tag1","tag2":"tag2"},"locked":false,"last_modified":"2019-12-05T19:28:04+00:00"},{"etag":"KgkledBueHmRCw1lrbiwGhCb1XM","key":"PYTHON_UNIT_test_key_a6af8952-54a6-11e9-b600-2816a84d0309","label":"test_label1_1d7b2b28-549e-11e9-b51c-2816a84d0309","content_type":"test
        content type","value":"test value","tags":{"tag1":"tag1","tag2":"tag2"},"locked":false,"last_modified":"2019-12-05T19:28:04+00:00"}]}'
    headers:
      access-control-allow-credentials:
      - 'true'
      access-control-allow-headers:
      - DNT, X-CustomHeader, Keep-Alive, User-Agent, X-Requested-With, If-Modified-Since,
        Cache-Control, Content-Type, Authorization, x-ms-client-request-id, x-ms-content-sha256,
        x-ms-date, host, Accept, Accept-Datetime, Date, If-Match, If-None-Match, Sync-Token,
        x-ms-return-client-request-id, ETag, Last-Modified, Link, Memento-Datetime,
        x-ms-retry-after, x-ms-request-id, WWW-Authenticate
      access-control-allow-methods:
      - GET, PUT, POST, DELETE, PATCH, OPTIONS
      access-control-allow-origin:
      - '*'
      access-control-expose-headers:
      - DNT, X-CustomHeader, Keep-Alive, User-Agent, X-Requested-With, If-Modified-Since,
        Cache-Control, Content-Type, Authorization, x-ms-client-request-id, x-ms-content-sha256,
        x-ms-date, host, Accept, Accept-Datetime, Date, If-Match, If-None-Match, Sync-Token,
        x-ms-return-client-request-id, ETag, Last-Modified, Link, Memento-Datetime,
        x-ms-retry-after, x-ms-request-id, WWW-Authenticate
      connection:
      - keep-alive
      content-type:
      - application/vnd.microsoft.appconfig.kvset+json; charset=utf-8
      date:
      - Thu, 05 Dec 2019 19:28:04 GMT
      server:
      - openresty/1.15.8.1
      strict-transport-security:
      - max-age=15724800; includeSubDomains
      sync-token:
      - zAJw6V16=MDotMSM3MTc1NzY=;sn=717576
      transfer-encoding:
      - chunked
    status:
      code: 200
      message: OK
- request:
    body: null
    headers:
      Accept:
      - application/vnd.microsoft.appconfig.kv+json
      Accept-Encoding:
      - gzip, deflate
      Connection:
      - keep-alive
      Content-Length:
      - '0'
      Sync-Token:
      - zAJw6V16=MDotMSM3MTc1NzY=
      User-Agent:
      - azsdk-python-appconfiguration/1.0.0b6 Python/3.7.2 (Windows-10-10.0.18362-SP0)
      x-ms-content-sha256:
      - 47DEQpj8HBSa+/TImW+5JCeuQeRkm5NMpJWZG3hSuFU=
      x-ms-date:
      - Dec, 05 2019 19:28:04 GMT
    method: DELETE
    uri: https://xyappconfig.azconfig.io/kv/PYTHON_UNIT_test_key_a6af8952-54a6-11e9-b600-2816a84d0309?label=test_label1_1d7b2b28-549e-11e9-b51c-2816a84d0309&api-version=1.0
  response:
    body:
      string: '{"etag":"KgkledBueHmRCw1lrbiwGhCb1XM","key":"PYTHON_UNIT_test_key_a6af8952-54a6-11e9-b600-2816a84d0309","label":"test_label1_1d7b2b28-549e-11e9-b51c-2816a84d0309","content_type":"test
        content type","value":"test value","tags":{"tag1":"tag1","tag2":"tag2"},"locked":false,"last_modified":"2019-12-05T19:28:04+00:00"}'
    headers:
      access-control-allow-credentials:
      - 'true'
      access-control-allow-headers:
      - DNT, X-CustomHeader, Keep-Alive, User-Agent, X-Requested-With, If-Modified-Since,
        Cache-Control, Content-Type, Authorization, x-ms-client-request-id, x-ms-content-sha256,
        x-ms-date, host, Accept, Accept-Datetime, Date, If-Match, If-None-Match, Sync-Token,
        x-ms-return-client-request-id, ETag, Last-Modified, Link, Memento-Datetime,
        x-ms-retry-after, x-ms-request-id, WWW-Authenticate
      access-control-allow-methods:
      - GET, PUT, POST, DELETE, PATCH, OPTIONS
      access-control-allow-origin:
      - '*'
      access-control-expose-headers:
      - DNT, X-CustomHeader, Keep-Alive, User-Agent, X-Requested-With, If-Modified-Since,
        Cache-Control, Content-Type, Authorization, x-ms-client-request-id, x-ms-content-sha256,
        x-ms-date, host, Accept, Accept-Datetime, Date, If-Match, If-None-Match, Sync-Token,
        x-ms-return-client-request-id, ETag, Last-Modified, Link, Memento-Datetime,
        x-ms-retry-after, x-ms-request-id, WWW-Authenticate
      connection:
      - keep-alive
      content-type:
      - application/vnd.microsoft.appconfig.kv+json; charset=utf-8
      date:
      - Thu, 05 Dec 2019 19:28:04 GMT
      etag:
      - '"KgkledBueHmRCw1lrbiwGhCb1XM"'
      last-modified:
      - Thu, 05 Dec 2019 19:28:04 GMT
      server:
      - openresty/1.15.8.1
      strict-transport-security:
      - max-age=15724800; includeSubDomains
      sync-token:
      - zAJw6V16=MDotMSM3MTc1Nzc=;sn=717577
      transfer-encoding:
      - chunked
    status:
      code: 200
      message: OK
- request:
    body: null
    headers:
      Accept:
      - application/vnd.microsoft.appconfig.kv+json
      Accept-Encoding:
      - gzip, deflate
      Connection:
      - keep-alive
      Content-Length:
      - '0'
      Sync-Token:
      - zAJw6V16=MDotMSM3MTc1Nzc=
      User-Agent:
      - azsdk-python-appconfiguration/1.0.0b6 Python/3.7.2 (Windows-10-10.0.18362-SP0)
      x-ms-content-sha256:
      - 47DEQpj8HBSa+/TImW+5JCeuQeRkm5NMpJWZG3hSuFU=
      x-ms-date:
      - Dec, 05 2019 19:28:04 GMT
    method: DELETE
    uri: https://xyappconfig.azconfig.io/kv/PYTHON_UNIT_test_key_a6af8952-54a6-11e9-b600-2816a84d0309?api-version=1.0
  response:
    body:
      string: '{"etag":"N6DahunSuGsLYai3olkfOCWdiXo","key":"PYTHON_UNIT_test_key_a6af8952-54a6-11e9-b600-2816a84d0309","label":null,"content_type":"test
        content type","value":"test value","tags":{"tag1":"tag1","tag2":"tag2"},"locked":false,"last_modified":"2019-12-05T19:28:04+00:00"}'
    headers:
      access-control-allow-credentials:
      - 'true'
      access-control-allow-headers:
      - DNT, X-CustomHeader, Keep-Alive, User-Agent, X-Requested-With, If-Modified-Since,
        Cache-Control, Content-Type, Authorization, x-ms-client-request-id, x-ms-content-sha256,
        x-ms-date, host, Accept, Accept-Datetime, Date, If-Match, If-None-Match, Sync-Token,
        x-ms-return-client-request-id, ETag, Last-Modified, Link, Memento-Datetime,
        x-ms-retry-after, x-ms-request-id, WWW-Authenticate
      access-control-allow-methods:
      - GET, PUT, POST, DELETE, PATCH, OPTIONS
      access-control-allow-origin:
      - '*'
      access-control-expose-headers:
      - DNT, X-CustomHeader, Keep-Alive, User-Agent, X-Requested-With, If-Modified-Since,
        Cache-Control, Content-Type, Authorization, x-ms-client-request-id, x-ms-content-sha256,
        x-ms-date, host, Accept, Accept-Datetime, Date, If-Match, If-None-Match, Sync-Token,
        x-ms-return-client-request-id, ETag, Last-Modified, Link, Memento-Datetime,
        x-ms-retry-after, x-ms-request-id, WWW-Authenticate
      connection:
      - keep-alive
      content-type:
      - application/vnd.microsoft.appconfig.kv+json; charset=utf-8
      date:
      - Thu, 05 Dec 2019 19:28:04 GMT
      etag:
      - '"N6DahunSuGsLYai3olkfOCWdiXo"'
      last-modified:
      - Thu, 05 Dec 2019 19:28:04 GMT
      server:
      - openresty/1.15.8.1
      strict-transport-security:
      - max-age=15724800; includeSubDomains
      sync-token:
      - zAJw6V16=MDotMSM3MTc1Nzg=;sn=717578
      transfer-encoding:
      - chunked
    status:
      code: 200
      message: OK
version: 1
