{
  "Entries": [
    {
      "RequestUri": "https://fake_app_config.azconfig-test.io/kv/KEY1?api-version=1.0",
      "RequestMethod": "PUT",
      "RequestHeaders": {
        "Accept": "application/vnd.microsoft.appconfig.kv\u002Bjson, application/json, application/problem\u002Bjson",
        "Accept-Encoding": "gzip, deflate",
        "Content-Length": "118",
        "Content-Type": "application/json",
        "User-Agent": "azsdk-python-appconfiguration/1.4.0 Python/3.9.2 (Windows-10-10.0.22000-SP0)",
        "x-ms-content-sha256": "eTBcdCT6xD\u002BMRo6iwb/AnfQMPA5seUH1LfivaIfLgGA=",
        "x-ms-date": "Sep, 28 2022 07:43:35.069519 GMT"
      },
      "RequestBody": {
        "key": "KEY1",
        "content_type": "test content type",
        "value": "TEST_VALUE1",
        "tags": {
          "tag1": "tag1",
          "tag2": "tag2"
        }
      },
      "StatusCode": 200,
      "ResponseHeaders": {
        "Access-Control-Allow-Credentials": "true",
        "Access-Control-Allow-Origin": "*",
        "Access-Control-Expose-Headers": "DNT, X-CustomHeader, Keep-Alive, User-Agent, X-Requested-With, If-Modified-Since, Cache-Control, Content-Type, Authorization, x-ms-client-request-id, x-ms-useragent, x-ms-content-sha256, x-ms-date, host, Accept, Accept-Datetime, Date, If-Match, If-None-Match, Sync-Token, x-ms-return-client-request-id, ETag, Last-Modified, Link, Memento-Datetime, retry-after-ms, x-ms-request-id, x-ms-client-session-id, x-ms-effective-locale, WWW-Authenticate, traceparent, tracestate",
        "Connection": "keep-alive",
        "Content-Type": "application/vnd.microsoft.appconfig.kv\u002Bjson; charset=utf-8",
        "Date": "Wed, 28 Sep 2022 07:43:34 GMT",
        "ETag": "\u0022vqoaWmzlVwydGiP94CejhqxK3OWq171DuJ821SJ-yJw\u0022",
        "Last-Modified": "Wed, 28 Sep 2022 07:43:34 GMT",
        "Server": "openresty/1.17.8.2",
        "Strict-Transport-Security": "max-age=15724800; includeSubDomains",
        "Sync-Token": "zAJw6V16=Mzo1IzY3OTgxOTk=;sn=6798199",
        "Transfer-Encoding": "chunked",
        "x-ms-correlation-request-id": "0e73671e-1a17-4c21-bb45-cc7dab8075c5"
      },
      "ResponseBody": {
        "etag": "vqoaWmzlVwydGiP94CejhqxK3OWq171DuJ821SJ-yJw",
        "key": "KEY1",
        "label": null,
        "content_type": "test content type",
        "value": "TEST_VALUE1",
        "tags": {
          "tag1": "tag1",
          "tag2": "tag2"
        },
        "locked": false,
        "last_modified": "2022-09-28T07:43:34\u002B00:00"
      }
    },
    {
      "RequestUri": "https://fake_app_config.azconfig-test.io/kv/KEY2?api-version=1.0",
      "RequestMethod": "PUT",
      "RequestHeaders": {
        "Accept": "application/vnd.microsoft.appconfig.kv\u002Bjson, application/json, application/problem\u002Bjson",
        "Accept-Encoding": "gzip, deflate",
        "Content-Length": "118",
        "Content-Type": "application/json",
        "Sync-Token": "zAJw6V16=Mzo1IzY3OTgxOTk=",
        "User-Agent": "azsdk-python-appconfiguration/1.4.0 Python/3.9.2 (Windows-10-10.0.22000-SP0)",
        "x-ms-content-sha256": "4w9J7rkeTFd9y2h\u002BDKzfHwJqoa/BkS1NcNbIQE7zQ18=",
        "x-ms-date": "Sep, 28 2022 07:43:35.115284 GMT"
      },
      "RequestBody": {
        "key": "KEY2",
        "content_type": "test content type",
        "value": "TEST_VALUE2",
        "tags": {
          "tag1": "tag1",
          "tag2": "tag2"
        }
      },
      "StatusCode": 200,
      "ResponseHeaders": {
        "Access-Control-Allow-Credentials": "true",
        "Access-Control-Allow-Origin": "*",
        "Access-Control-Expose-Headers": "DNT, X-CustomHeader, Keep-Alive, User-Agent, X-Requested-With, If-Modified-Since, Cache-Control, Content-Type, Authorization, x-ms-client-request-id, x-ms-useragent, x-ms-content-sha256, x-ms-date, host, Accept, Accept-Datetime, Date, If-Match, If-None-Match, Sync-Token, x-ms-return-client-request-id, ETag, Last-Modified, Link, Memento-Datetime, retry-after-ms, x-ms-request-id, x-ms-client-session-id, x-ms-effective-locale, WWW-Authenticate, traceparent, tracestate",
        "Connection": "keep-alive",
        "Content-Type": "application/vnd.microsoft.appconfig.kv\u002Bjson; charset=utf-8",
        "Date": "Wed, 28 Sep 2022 07:43:34 GMT",
        "ETag": "\u0022CiPyhUrg7R_9_LMKJhbGrHg9qdF8ppis1vYLkLoDIYo\u0022",
        "Last-Modified": "Wed, 28 Sep 2022 07:43:34 GMT",
        "Server": "openresty/1.17.8.2",
        "Strict-Transport-Security": "max-age=15724800; includeSubDomains",
        "Sync-Token": "zAJw6V16=Mzo1IzY3OTgyMDA=;sn=6798200",
        "Transfer-Encoding": "chunked",
        "x-ms-correlation-request-id": "62d3d927-538b-484f-911d-8aed17e5950b"
      },
      "ResponseBody": {
        "etag": "CiPyhUrg7R_9_LMKJhbGrHg9qdF8ppis1vYLkLoDIYo",
        "key": "KEY2",
        "label": null,
        "content_type": "test content type",
        "value": "TEST_VALUE2",
        "tags": {
          "tag1": "tag1",
          "tag2": "tag2"
        },
        "locked": false,
        "last_modified": "2022-09-28T07:43:34\u002B00:00"
      }
    },
    {
      "RequestUri": "https://fake_app_config.azconfig-test.io/kv/KEY2?api-version=1.0",
      "RequestMethod": "DELETE",
      "RequestHeaders": {
        "Accept": "application/vnd.microsoft.appconfig.kv\u002Bjson, application/json, application/problem\u002Bjson",
        "Accept-Encoding": "gzip, deflate",
        "Content-Length": "0",
        "Sync-Token": "zAJw6V16=Mzo1IzY3OTgyMDA=",
        "User-Agent": "azsdk-python-appconfiguration/1.4.0 Python/3.9.2 (Windows-10-10.0.22000-SP0)",
        "x-ms-content-sha256": "47DEQpj8HBSa\u002B/TImW\u002B5JCeuQeRkm5NMpJWZG3hSuFU=",
        "x-ms-date": "Sep, 28 2022 07:43:35.152800 GMT"
      },
      "RequestBody": null,
      "StatusCode": 200,
      "ResponseHeaders": {
        "Access-Control-Allow-Credentials": "true",
        "Access-Control-Allow-Origin": "*",
        "Access-Control-Expose-Headers": "DNT, X-CustomHeader, Keep-Alive, User-Agent, X-Requested-With, If-Modified-Since, Cache-Control, Content-Type, Authorization, x-ms-client-request-id, x-ms-useragent, x-ms-content-sha256, x-ms-date, host, Accept, Accept-Datetime, Date, If-Match, If-None-Match, Sync-Token, x-ms-return-client-request-id, ETag, Last-Modified, Link, Memento-Datetime, retry-after-ms, x-ms-request-id, x-ms-client-session-id, x-ms-effective-locale, WWW-Authenticate, traceparent, tracestate",
        "Connection": "keep-alive",
        "Content-Type": "application/vnd.microsoft.appconfig.kv\u002Bjson; charset=utf-8",
        "Date": "Wed, 28 Sep 2022 07:43:35 GMT",
        "ETag": "\u0022CiPyhUrg7R_9_LMKJhbGrHg9qdF8ppis1vYLkLoDIYo\u0022",
        "Last-Modified": "Wed, 28 Sep 2022 07:43:34 GMT",
        "Server": "openresty/1.17.8.2",
        "Strict-Transport-Security": "max-age=15724800; includeSubDomains",
        "Sync-Token": "zAJw6V16=Mzo1IzY3OTgyMDE=;sn=6798201",
        "Transfer-Encoding": "chunked",
        "x-ms-correlation-request-id": "6c5bb43a-1b69-4cbf-b159-0b453e59ada8"
      },
      "ResponseBody": {
        "etag": "CiPyhUrg7R_9_LMKJhbGrHg9qdF8ppis1vYLkLoDIYo",
        "key": "KEY2",
        "label": null,
        "content_type": "test content type",
        "value": "TEST_VALUE2",
        "tags": {
          "tag1": "tag1",
          "tag2": "tag2"
        },
        "locked": false,
        "last_modified": "2022-09-28T07:43:34\u002B00:00"
      }
    }
  ],
  "Variables": {}
}
