interactions:
- request:
    body: '{"key": ".appconfig.featureflag/time_window", "content_type": "application/vnd.microsoft.appconfig.ff+json;charset=utf-8",
      "value": "{\"enabled\": true, \"conditions\": {\"client_filters\": [{\"name\":
      \"Microsoft.TimeWindow\", \"parameters\": {\"Start\": \"Wed, 10 Mar 2021 05:00:00
      GMT\", \"End\": \"Fri, 02 Apr 2021 04:00:00 GMT\"}}]}}", "tags": {}}'
    headers:
      Accept:
      - application/vnd.microsoft.appconfig.kv+json, application/json, application/problem+json
      Accept-Encoding:
      - gzip, deflate
      Connection:
      - keep-alive
      Content-Length:
      - '352'
      Content-Type:
      - application/vnd.microsoft.appconfig.kv+json
      User-Agent:
      - azsdk-python-appconfiguration/1.4.0 Python/3.9.2 (Windows-10-10.0.22000-SP0)
    method: PUT
    uri: https://fake_app_config.azconfig-test.io/kv/.appconfig.featureflag%2Ftime_window?api-version=1.0
  response:
    body:
      string: '{"etag":"luOun2eTxCYHoAXnaWla45mDE3ssFoUxXRWkPo113L8","key":".appconfig.featureflag/time_window","label":null,"content_type":"application/vnd.microsoft.appconfig.ff+json;charset=utf-8","value":"{\"enabled\":
        true, \"conditions\": {\"client_filters\": [{\"name\": \"Microsoft.TimeWindow\",
        \"parameters\": {\"Start\": \"Wed, 10 Mar 2021 05:00:00 GMT\", \"End\": \"Fri,
        02 Apr 2021 04:00:00 GMT\"}}]}}","tags":{},"locked":false,"last_modified":"2022-08-16T23:11:02+00:00"}'
    headers:
      access-control-allow-credentials:
      - 'true'
      access-control-allow-origin:
      - '*'
      access-control-expose-headers:
      - DNT, X-CustomHeader, Keep-Alive, User-Agent, X-Requested-With, If-Modified-Since,
        Cache-Control, Content-Type, Authorization, x-ms-client-request-id, x-ms-useragent,
        x-ms-content-sha256, x-ms-date, host, Accept, Accept-Datetime, Date, If-Match,
        If-None-Match, Sync-Token, x-ms-return-client-request-id, ETag, Last-Modified,
        Link, Memento-Datetime, retry-after-ms, x-ms-request-id, x-ms-client-session-id,
        x-ms-effective-locale, WWW-Authenticate, traceparent, tracestate
      connection:
      - keep-alive
      content-type:
      - application/vnd.microsoft.appconfig.kv+json; charset=utf-8
      date:
      - Tue, 16 Aug 2022 23:11:02 GMT
      etag:
      - '"luOun2eTxCYHoAXnaWla45mDE3ssFoUxXRWkPo113L8"'
      last-modified:
      - Tue, 16 Aug 2022 23:11:02 GMT
      server:
      - openresty/1.17.8.2
      strict-transport-security:
      - max-age=15724800; includeSubDomains
      sync-token:
      - zAJw6V16=NTo1IzExMzM0OTE2;sn=11334916
      transfer-encoding:
      - chunked
    status:
      code: 200
      message: OK
- request:
    body: '{"key": ".appconfig.featureflag/time_window", "content_type": "application/vnd.microsoft.appconfig.ff+json;charset=utf-8",
      "value": "{\"enabled\": true, \"conditions\": {\"client_filters\": [{\"name\":
      \"Microsoft.TimeWindow\", \"parameters\": {\"Start\": \"Thurs, 11 Mar 2021 05:00:00
      GMT\", \"End\": \"Fri, 02 Apr 2021 04:00:00 GMT\"}}]}}", "last_modified": "2022-08-16T23:11:02.000Z",
      "tags": {}, "locked": false, "etag": "luOun2eTxCYHoAXnaWla45mDE3ssFoUxXRWkPo113L8"}'
    headers:
      Accept:
      - application/vnd.microsoft.appconfig.kv+json, application/json, application/problem+json
      Accept-Encoding:
      - gzip, deflate
      Connection:
      - keep-alive
      Content-Length:
      - '471'
      Content-Type:
      - application/vnd.microsoft.appconfig.kv+json
      Sync-Token:
      - zAJw6V16=NTo1IzExMzM0OTE2
      User-Agent:
      - azsdk-python-appconfiguration/1.4.0 Python/3.9.2 (Windows-10-10.0.22000-SP0)
    method: PUT
    uri: https://fake_app_config.azconfig-test.io/kv/.appconfig.featureflag%2Ftime_window?api-version=1.0
  response:
    body:
      string: '{"etag":"rbCnMtKTxAKAvWx2RuDFCHi_lt0pK0gZ7CoyBeCIqeo","key":".appconfig.featureflag/time_window","label":null,"content_type":"application/vnd.microsoft.appconfig.ff+json;charset=utf-8","value":"{\"enabled\":
        true, \"conditions\": {\"client_filters\": [{\"name\": \"Microsoft.TimeWindow\",
        \"parameters\": {\"Start\": \"Thurs, 11 Mar 2021 05:00:00 GMT\", \"End\":
        \"Fri, 02 Apr 2021 04:00:00 GMT\"}}]}}","tags":{},"locked":false,"last_modified":"2022-08-16T23:11:03+00:00"}'
    headers:
      access-control-allow-credentials:
      - 'true'
      access-control-allow-origin:
      - '*'
      access-control-expose-headers:
      - DNT, X-CustomHeader, Keep-Alive, User-Agent, X-Requested-With, If-Modified-Since,
        Cache-Control, Content-Type, Authorization, x-ms-client-request-id, x-ms-useragent,
        x-ms-content-sha256, x-ms-date, host, Accept, Accept-Datetime, Date, If-Match,
        If-None-Match, Sync-Token, x-ms-return-client-request-id, ETag, Last-Modified,
        Link, Memento-Datetime, retry-after-ms, x-ms-request-id, x-ms-client-session-id,
        x-ms-effective-locale, WWW-Authenticate, traceparent, tracestate
      connection:
      - keep-alive
      content-type:
      - application/vnd.microsoft.appconfig.kv+json; charset=utf-8
      date:
      - Tue, 16 Aug 2022 23:11:03 GMT
      etag:
      - '"rbCnMtKTxAKAvWx2RuDFCHi_lt0pK0gZ7CoyBeCIqeo"'
      last-modified:
      - Tue, 16 Aug 2022 23:11:03 GMT
      server:
      - openresty/1.17.8.2
      strict-transport-security:
      - max-age=15724800; includeSubDomains
      sync-token:
      - zAJw6V16=NTo1IzExMzM0OTIw;sn=11334920
      transfer-encoding:
      - chunked
    status:
      code: 200
      message: OK
- request:
    body: null
    headers:
      Accept:
      - application/vnd.microsoft.appconfig.kv+json, application/json, application/problem+json
      Accept-Encoding:
      - gzip, deflate
      Connection:
      - keep-alive
      Content-Length:
      - '0'
      Sync-Token:
      - zAJw6V16=NTo1IzExMzM0OTIw
      User-Agent:
      - azsdk-python-appconfiguration/1.4.0 Python/3.9.2 (Windows-10-10.0.22000-SP0)
    method: DELETE
    uri: https://fake_app_config.azconfig-test.io/kv/.appconfig.featureflag%2Ftime_window?api-version=1.0
  response:
    body:
      string: '{"etag":"rbCnMtKTxAKAvWx2RuDFCHi_lt0pK0gZ7CoyBeCIqeo","key":".appconfig.featureflag/time_window","label":null,"content_type":"application/vnd.microsoft.appconfig.ff+json;charset=utf-8","value":"{\"enabled\":
        true, \"conditions\": {\"client_filters\": [{\"name\": \"Microsoft.TimeWindow\",
        \"parameters\": {\"Start\": \"Thurs, 11 Mar 2021 05:00:00 GMT\", \"End\":
        \"Fri, 02 Apr 2021 04:00:00 GMT\"}}]}}","tags":{},"locked":false,"last_modified":"2022-08-16T23:11:03+00:00"}'
    headers:
      access-control-allow-credentials:
      - 'true'
      access-control-allow-origin:
      - '*'
      access-control-expose-headers:
      - DNT, X-CustomHeader, Keep-Alive, User-Agent, X-Requested-With, If-Modified-Since,
        Cache-Control, Content-Type, Authorization, x-ms-client-request-id, x-ms-useragent,
        x-ms-content-sha256, x-ms-date, host, Accept, Accept-Datetime, Date, If-Match,
        If-None-Match, Sync-Token, x-ms-return-client-request-id, ETag, Last-Modified,
        Link, Memento-Datetime, retry-after-ms, x-ms-request-id, x-ms-client-session-id,
        x-ms-effective-locale, WWW-Authenticate, traceparent, tracestate
      connection:
      - keep-alive
      content-type:
      - application/vnd.microsoft.appconfig.kv+json; charset=utf-8
      date:
      - Tue, 16 Aug 2022 23:11:03 GMT
      etag:
      - '"rbCnMtKTxAKAvWx2RuDFCHi_lt0pK0gZ7CoyBeCIqeo"'
      last-modified:
      - Tue, 16 Aug 2022 23:11:03 GMT
      server:
      - openresty/1.17.8.2
      strict-transport-security:
      - max-age=15724800; includeSubDomains
      sync-token:
      - zAJw6V16=NTo1IzExMzM0OTIy;sn=11334922
      transfer-encoding:
      - chunked
    status:
      code: 200
      message: OK
version: 1
