interactions:
- request:
    body: '{"key": "ConnectionString", "content_type": "application/vnd.microsoft.appconfig.keyvaultref+json;charset=utf-8",
      "value": "{\"uri\": \"https://test-test.vault.azure.net/secrets/connectionString\"}",
      "tags": {}}'
    headers:
      Accept:
      - application/vnd.microsoft.appconfig.kv+json, application/json, application/problem+json
      Accept-Encoding:
      - gzip, deflate
      Connection:
      - keep-alive
      Content-Length:
      - '211'
      Content-Type:
      - application/vnd.microsoft.appconfig.kv+json
      User-Agent:
      - azsdk-python-appconfiguration/1.4.0 Python/3.9.2 (Windows-10-10.0.22000-SP0)
      x-ms-content-sha256:
      - oaeoIfZBO2V9omCD+TUqERKQ98Yix439NPBFZJrXEiA=
      x-ms-date:
      - Aug, 16 2022 23:18:49.926182 GMT
    method: PUT
    uri: https://fake_app_config.azconfig-test.io/kv/ConnectionString?api-version=1.0
  response:
    body:
      string: '{"etag":"Q0CG71FIyol6gYSmxYShNWolm-W2pKtMM5jYLy2T67k","key":"ConnectionString","label":null,"content_type":"application/vnd.microsoft.appconfig.keyvaultref+json;charset=utf-8","value":"{\"uri\":
        \"https://test-test.vault.azure.net/secrets/connectionString\"}","tags":{},"locked":false,"last_modified":"2022-08-16T23:18:49+00:00"}'
    headers:
      access-control-allow-credentials:
      - 'true'
      access-control-allow-origin:
      - '*'
      access-control-expose-headers:
      - DNT, X-CustomHeader, Keep-Alive, User-Agent, X-Requested-With, If-Modified-Since,
        Cache-Control, Content-Type, Authorization, x-ms-client-request-id, x-ms-useragent,
        x-ms-content-sha256, x-ms-date, host, Accept, Accept-Datetime, Date, If-Match,
        If-None-Match, Sync-Token, x-ms-return-client-request-id, ETag, Last-Modified,
        Link, Memento-Datetime, retry-after-ms, x-ms-request-id, x-ms-client-session-id,
        x-ms-effective-locale, WWW-Authenticate, traceparent, tracestate
      connection:
      - keep-alive
      content-type:
      - application/vnd.microsoft.appconfig.kv+json; charset=utf-8
      date:
      - Tue, 16 Aug 2022 23:18:49 GMT
      etag:
      - '"Q0CG71FIyol6gYSmxYShNWolm-W2pKtMM5jYLy2T67k"'
      last-modified:
      - Tue, 16 Aug 2022 23:18:49 GMT
      server:
      - openresty/1.17.8.2
      strict-transport-security:
      - max-age=15724800; includeSubDomains
      sync-token:
      - zAJw6V16=NTo1IzExMzM4MzUy;sn=11338352
      transfer-encoding:
      - chunked
    status:
      code: 200
      message: OK
- request:
    body: '{"key": "ConnectionString", "content_type": "application/vnd.microsoft.appconfig.keyvaultref+json;charset=utf-8",
      "value": "{\"uri\": \"https://test-test.vault.azure.net/secrets/connectionString\"}",
      "last_modified": "2022-08-16T23:18:49.000Z", "tags": {}, "locked": false, "etag":
      "Q0CG71FIyol6gYSmxYShNWolm-W2pKtMM5jYLy2T67k"}'
    headers:
      Accept:
      - application/vnd.microsoft.appconfig.kv+json, application/json, application/problem+json
      Accept-Encoding:
      - gzip, deflate
      Connection:
      - keep-alive
      Content-Length:
      - '328'
      Content-Type:
      - application/vnd.microsoft.appconfig.kv+json
      Sync-Token:
      - zAJw6V16=NTo1IzExMzM4MzUy
      User-Agent:
      - azsdk-python-appconfiguration/1.4.0 Python/3.9.2 (Windows-10-10.0.22000-SP0)
      x-ms-content-sha256:
      - dm6U+GtVDn2+WKzKcVMmRwhG/CKyrFFwFELrmiqaSco=
      x-ms-date:
      - Aug, 16 2022 23:18:50.068017 GMT
    method: PUT
    uri: https://fake_app_config.azconfig-test.io/kv/ConnectionString?api-version=1.0
  response:
    body:
      string: '{"etag":"fAM0VWQZ7u8qDuJHrgjGh3qIapBy8PEpnldSla4KXFg","key":"ConnectionString","label":null,"content_type":"application/vnd.microsoft.appconfig.keyvaultref+json;charset=utf-8","value":"{\"uri\":
        \"https://test-test.vault.azure.net/secrets/connectionString\"}","tags":{},"locked":false,"last_modified":"2022-08-16T23:18:49+00:00"}'
    headers:
      access-control-allow-credentials:
      - 'true'
      access-control-allow-origin:
      - '*'
      access-control-expose-headers:
      - DNT, X-CustomHeader, Keep-Alive, User-Agent, X-Requested-With, If-Modified-Since,
        Cache-Control, Content-Type, Authorization, x-ms-client-request-id, x-ms-useragent,
        x-ms-content-sha256, x-ms-date, host, Accept, Accept-Datetime, Date, If-Match,
        If-None-Match, Sync-Token, x-ms-return-client-request-id, ETag, Last-Modified,
        Link, Memento-Datetime, retry-after-ms, x-ms-request-id, x-ms-client-session-id,
        x-ms-effective-locale, WWW-Authenticate, traceparent, tracestate
      connection:
      - keep-alive
      content-type:
      - application/vnd.microsoft.appconfig.kv+json; charset=utf-8
      date:
      - Tue, 16 Aug 2022 23:18:49 GMT
      etag:
      - '"fAM0VWQZ7u8qDuJHrgjGh3qIapBy8PEpnldSla4KXFg"'
      last-modified:
      - Tue, 16 Aug 2022 23:18:49 GMT
      server:
      - openresty/1.17.8.2
      strict-transport-security:
      - max-age=15724800; includeSubDomains
      sync-token:
      - zAJw6V16=NTo1IzExMzM4MzU0;sn=11338354
      transfer-encoding:
      - chunked
    status:
      code: 200
      message: OK
- request:
    body: null
    headers:
      Accept:
      - application/vnd.microsoft.appconfig.kv+json, application/json, application/problem+json
      Accept-Encoding:
      - gzip, deflate
      Connection:
      - keep-alive
      Content-Length:
      - '0'
      Sync-Token:
      - zAJw6V16=NTo1IzExMzM4MzU0
      User-Agent:
      - azsdk-python-appconfiguration/1.4.0 Python/3.9.2 (Windows-10-10.0.22000-SP0)
      x-ms-content-sha256:
      - 47DEQpj8HBSa+/TImW+5JCeuQeRkm5NMpJWZG3hSuFU=
      x-ms-date:
      - Aug, 16 2022 23:18:50.133542 GMT
    method: DELETE
    uri: https://fake_app_config.azconfig-test.io/kv/ConnectionString?api-version=1.0
  response:
    body:
      string: '{"etag":"fAM0VWQZ7u8qDuJHrgjGh3qIapBy8PEpnldSla4KXFg","key":"ConnectionString","label":null,"content_type":"application/vnd.microsoft.appconfig.keyvaultref+json;charset=utf-8","value":"{\"uri\":
        \"https://test-test.vault.azure.net/secrets/connectionString\"}","tags":{},"locked":false,"last_modified":"2022-08-16T23:18:49+00:00"}'
    headers:
      access-control-allow-credentials:
      - 'true'
      access-control-allow-origin:
      - '*'
      access-control-expose-headers:
      - DNT, X-CustomHeader, Keep-Alive, User-Agent, X-Requested-With, If-Modified-Since,
        Cache-Control, Content-Type, Authorization, x-ms-client-request-id, x-ms-useragent,
        x-ms-content-sha256, x-ms-date, host, Accept, Accept-Datetime, Date, If-Match,
        If-None-Match, Sync-Token, x-ms-return-client-request-id, ETag, Last-Modified,
        Link, Memento-Datetime, retry-after-ms, x-ms-request-id, x-ms-client-session-id,
        x-ms-effective-locale, WWW-Authenticate, traceparent, tracestate
      connection:
      - keep-alive
      content-type:
      - application/vnd.microsoft.appconfig.kv+json; charset=utf-8
      date:
      - Tue, 16 Aug 2022 23:18:49 GMT
      etag:
      - '"fAM0VWQZ7u8qDuJHrgjGh3qIapBy8PEpnldSla4KXFg"'
      last-modified:
      - Tue, 16 Aug 2022 23:18:49 GMT
      server:
      - openresty/1.17.8.2
      strict-transport-security:
      - max-age=15724800; includeSubDomains
      sync-token:
      - zAJw6V16=NTo1IzExMzM4MzU2;sn=11338356
      transfer-encoding:
      - chunked
    status:
      code: 200
      message: OK
version: 1
