interactions:
- request:
    body: null
    headers:
      Accept:
      - application/vnd.microsoft.appconfig.kvset+json
      Accept-Encoding:
      - gzip, deflate
      Connection:
      - keep-alive
      User-Agent:
      - azsdk-python-appconfiguration/1.0.0 Python/3.7.2 (Windows-10-10.0.18362-SP0)
      x-ms-content-sha256:
      - 47DEQpj8HBSa+/TImW+5JCeuQeRkm5NMpJWZG3hSuFU=
      x-ms-date:
      - Jan, 17 2020 18:29:32 GMT
    method: GET
    uri: https://appconfig64201e6a.azconfig.io/kv?key=PYTHON_UNIT_test_key_a6af8952-54a6-11e9-b600-2816a84d0309&label=test_label1_1d7b2b28-549e-11e9-b51c-2816a84d0309&api-version=1.0
  response:
    body:
      string: '{"items":[]}'
    headers:
      access-control-allow-credentials:
      - 'true'
      access-control-allow-headers:
      - DNT, X-CustomHeader, Keep-Alive, User-Agent, X-Requested-With, If-Modified-Since,
        Cache-Control, Content-Type, Authorization, x-ms-client-request-id, x-ms-command-name,
        x-ms-content-sha256, x-ms-date, host, Accept, Accept-Datetime, Date, If-Match,
        If-None-Match, Sync-Token, x-ms-return-client-request-id, ETag, Last-Modified,
        Link, Memento-Datetime, x-ms-retry-after, x-ms-request-id, WWW-Authenticate
      access-control-allow-methods:
      - GET, PUT, POST, DELETE, PATCH, OPTIONS
      access-control-allow-origin:
      - '*'
      access-control-expose-headers:
      - DNT, X-CustomHeader, Keep-Alive, User-Agent, X-Requested-With, If-Modified-Since,
        Cache-Control, Content-Type, Authorization, x-ms-client-request-id, x-ms-command-name,
        x-ms-content-sha256, x-ms-date, host, Accept, Accept-Datetime, Date, If-Match,
        If-None-Match, Sync-Token, x-ms-return-client-request-id, ETag, Last-Modified,
        Link, Memento-Datetime, x-ms-retry-after, x-ms-request-id, WWW-Authenticate
      connection:
      - keep-alive
      content-type:
      - application/vnd.microsoft.appconfig.kvset+json; charset=utf-8
      date:
      - Fri, 17 Jan 2020 18:29:33 GMT
      server:
      - openresty/1.15.8.1
      strict-transport-security:
      - max-age=15724800; includeSubDomains
      transfer-encoding:
      - chunked
    status:
      code: 200
      message: OK
- request:
    body: '{"key": "PYTHON_UNIT_test_key_a6af8952-54a6-11e9-b600-2816a84d0309", "label":
      "test_label1_1d7b2b28-549e-11e9-b51c-2816a84d0309", "content_type": "test content
      type", "value": "test value", "tags": {"tag1": "tag1", "tag2": "tag2"}}'
    headers:
      Accept:
      - application/vnd.microsoft.appconfig.kv+json
      Accept-Encoding:
      - gzip, deflate
      Connection:
      - keep-alive
      Content-Length:
      - '231'
      Content-Type:
      - application/json; charset=utf-8
      If-None-Match:
      - '*'
      User-Agent:
      - azsdk-python-appconfiguration/1.0.0 Python/3.7.2 (Windows-10-10.0.18362-SP0)
      x-ms-content-sha256:
      - 5b/E4qQlXHTRod+n+f+xjK6c/tRVR8uxoC62FjvGJPw=
      x-ms-date:
      - Jan, 17 2020 18:29:33 GMT
    method: PUT
    uri: https://appconfig64201e6a.azconfig.io/kv/PYTHON_UNIT_test_key_a6af8952-54a6-11e9-b600-2816a84d0309?label=test_label1_1d7b2b28-549e-11e9-b51c-2816a84d0309&api-version=1.0
  response:
    body:
      string: '{"etag":"aiuViBxGrx0zsB2B4sArA8p00F5","key":"PYTHON_UNIT_test_key_a6af8952-54a6-11e9-b600-2816a84d0309","label":"test_label1_1d7b2b28-549e-11e9-b51c-2816a84d0309","content_type":"test
        content type","value":"test value","tags":{"tag1":"tag1","tag2":"tag2"},"locked":false,"last_modified":"2020-01-17T18:29:33+00:00"}'
    headers:
      access-control-allow-credentials:
      - 'true'
      access-control-allow-headers:
      - DNT, X-CustomHeader, Keep-Alive, User-Agent, X-Requested-With, If-Modified-Since,
        Cache-Control, Content-Type, Authorization, x-ms-client-request-id, x-ms-command-name,
        x-ms-content-sha256, x-ms-date, host, Accept, Accept-Datetime, Date, If-Match,
        If-None-Match, Sync-Token, x-ms-return-client-request-id, ETag, Last-Modified,
        Link, Memento-Datetime, x-ms-retry-after, x-ms-request-id, WWW-Authenticate
      access-control-allow-methods:
      - GET, PUT, POST, DELETE, PATCH, OPTIONS
      access-control-allow-origin:
      - '*'
      access-control-expose-headers:
      - DNT, X-CustomHeader, Keep-Alive, User-Agent, X-Requested-With, If-Modified-Since,
        Cache-Control, Content-Type, Authorization, x-ms-client-request-id, x-ms-command-name,
        x-ms-content-sha256, x-ms-date, host, Accept, Accept-Datetime, Date, If-Match,
        If-None-Match, Sync-Token, x-ms-return-client-request-id, ETag, Last-Modified,
        Link, Memento-Datetime, x-ms-retry-after, x-ms-request-id, WWW-Authenticate
      connection:
      - keep-alive
      content-type:
      - application/vnd.microsoft.appconfig.kv+json; charset=utf-8
      date:
      - Fri, 17 Jan 2020 18:29:33 GMT
      etag:
      - '"aiuViBxGrx0zsB2B4sArA8p00F5"'
      last-modified:
      - Fri, 17 Jan 2020 18:29:33 GMT
      server:
      - openresty/1.15.8.1
      strict-transport-security:
      - max-age=15724800; includeSubDomains
      sync-token:
      - zAJw6V16=ODotMSMxMTIxMjQw;sn=1121240
      transfer-encoding:
      - chunked
    status:
      code: 200
      message: OK
- request:
    body: null
    headers:
      Accept:
      - application/vnd.microsoft.appconfig.kvset+json
      Accept-Encoding:
      - gzip, deflate
      Connection:
      - keep-alive
      Sync-Token:
      - zAJw6V16=ODotMSMxMTIxMjQw
      User-Agent:
      - azsdk-python-appconfiguration/1.0.0 Python/3.7.2 (Windows-10-10.0.18362-SP0)
      x-ms-content-sha256:
      - 47DEQpj8HBSa+/TImW+5JCeuQeRkm5NMpJWZG3hSuFU=
      x-ms-date:
      - Jan, 17 2020 18:29:33 GMT
    method: GET
    uri: https://appconfig64201e6a.azconfig.io/kv?key=PYTHON_UNIT_test_key_a6af8952-54a6-11e9-b600-2816a84d0309&api-version=1.0
  response:
    body:
      string: '{"items":[{"etag":"aiuViBxGrx0zsB2B4sArA8p00F5","key":"PYTHON_UNIT_test_key_a6af8952-54a6-11e9-b600-2816a84d0309","label":"test_label1_1d7b2b28-549e-11e9-b51c-2816a84d0309","content_type":"test
        content type","value":"test value","tags":{"tag1":"tag1","tag2":"tag2"},"locked":false,"last_modified":"2020-01-17T18:29:33+00:00"}]}'
    headers:
      access-control-allow-credentials:
      - 'true'
      access-control-allow-headers:
      - DNT, X-CustomHeader, Keep-Alive, User-Agent, X-Requested-With, If-Modified-Since,
        Cache-Control, Content-Type, Authorization, x-ms-client-request-id, x-ms-command-name,
        x-ms-content-sha256, x-ms-date, host, Accept, Accept-Datetime, Date, If-Match,
        If-None-Match, Sync-Token, x-ms-return-client-request-id, ETag, Last-Modified,
        Link, Memento-Datetime, x-ms-retry-after, x-ms-request-id, WWW-Authenticate
      access-control-allow-methods:
      - GET, PUT, POST, DELETE, PATCH, OPTIONS
      access-control-allow-origin:
      - '*'
      access-control-expose-headers:
      - DNT, X-CustomHeader, Keep-Alive, User-Agent, X-Requested-With, If-Modified-Since,
        Cache-Control, Content-Type, Authorization, x-ms-client-request-id, x-ms-command-name,
        x-ms-content-sha256, x-ms-date, host, Accept, Accept-Datetime, Date, If-Match,
        If-None-Match, Sync-Token, x-ms-return-client-request-id, ETag, Last-Modified,
        Link, Memento-Datetime, x-ms-retry-after, x-ms-request-id, WWW-Authenticate
      connection:
      - keep-alive
      content-type:
      - application/vnd.microsoft.appconfig.kvset+json; charset=utf-8
      date:
      - Fri, 17 Jan 2020 18:29:33 GMT
      server:
      - openresty/1.15.8.1
      strict-transport-security:
      - max-age=15724800; includeSubDomains
      sync-token:
      - zAJw6V16=ODotMSMxMTIxMjQw;sn=1121240
      transfer-encoding:
      - chunked
    status:
      code: 200
      message: OK
- request:
    body: null
    headers:
      Accept:
      - application/vnd.microsoft.appconfig.kv+json
      Accept-Encoding:
      - gzip, deflate
      Connection:
      - keep-alive
      Content-Length:
      - '0'
      Sync-Token:
      - zAJw6V16=ODotMSMxMTIxMjQw
      User-Agent:
      - azsdk-python-appconfiguration/1.0.0 Python/3.7.2 (Windows-10-10.0.18362-SP0)
      x-ms-content-sha256:
      - 47DEQpj8HBSa+/TImW+5JCeuQeRkm5NMpJWZG3hSuFU=
      x-ms-date:
      - Jan, 17 2020 18:29:33 GMT
    method: DELETE
    uri: https://appconfig64201e6a.azconfig.io/kv/PYTHON_UNIT_test_key_a6af8952-54a6-11e9-b600-2816a84d0309?api-version=1.0
  response:
    body:
      string: ''
    headers:
      access-control-allow-credentials:
      - 'true'
      access-control-allow-headers:
      - DNT, X-CustomHeader, Keep-Alive, User-Agent, X-Requested-With, If-Modified-Since,
        Cache-Control, Content-Type, Authorization, x-ms-client-request-id, x-ms-command-name,
        x-ms-content-sha256, x-ms-date, host, Accept, Accept-Datetime, Date, If-Match,
        If-None-Match, Sync-Token, x-ms-return-client-request-id, ETag, Last-Modified,
        Link, Memento-Datetime, x-ms-retry-after, x-ms-request-id, WWW-Authenticate
      access-control-allow-methods:
      - GET, PUT, POST, DELETE, PATCH, OPTIONS
      access-control-allow-origin:
      - '*'
      access-control-expose-headers:
      - DNT, X-CustomHeader, Keep-Alive, User-Agent, X-Requested-With, If-Modified-Since,
        Cache-Control, Content-Type, Authorization, x-ms-client-request-id, x-ms-command-name,
        x-ms-content-sha256, x-ms-date, host, Accept, Accept-Datetime, Date, If-Match,
        If-None-Match, Sync-Token, x-ms-return-client-request-id, ETag, Last-Modified,
        Link, Memento-Datetime, x-ms-retry-after, x-ms-request-id, WWW-Authenticate
      connection:
      - keep-alive
      content-type:
      - application/vnd.microsoft.appconfig.kv+json; charset=utf-8
      date:
      - Fri, 17 Jan 2020 18:29:33 GMT
      server:
      - openresty/1.15.8.1
      strict-transport-security:
      - max-age=15724800; includeSubDomains
    status:
      code: 204
      message: No Content
- request:
    body: '{"key": "PYTHON_UNIT_test_key_a6af8952-54a6-11e9-b600-2816a84d0309", "content_type":
      "test content type", "value": "test value", "tags": {"tag1": "tag1", "tag2":
      "tag2"}}'
    headers:
      Accept:
      - application/vnd.microsoft.appconfig.kv+json
      Accept-Encoding:
      - gzip, deflate
      Connection:
      - keep-alive
      Content-Length:
      - '170'
      Content-Type:
      - application/json; charset=utf-8
      If-None-Match:
      - '*'
      Sync-Token:
      - zAJw6V16=ODotMSMxMTIxMjQw
      User-Agent:
      - azsdk-python-appconfiguration/1.0.0 Python/3.7.2 (Windows-10-10.0.18362-SP0)
      x-ms-content-sha256:
      - 4rt07HteiPg5NxofrgzMmlQPTVbo1no7aKxDSI5uUU4=
      x-ms-date:
      - Jan, 17 2020 18:29:33 GMT
    method: PUT
    uri: https://appconfig64201e6a.azconfig.io/kv/PYTHON_UNIT_test_key_a6af8952-54a6-11e9-b600-2816a84d0309?api-version=1.0
  response:
    body:
      string: '{"etag":"jV7IpHwdDRZtIkDgz8jHL2xZ9k1","key":"PYTHON_UNIT_test_key_a6af8952-54a6-11e9-b600-2816a84d0309","label":null,"content_type":"test
        content type","value":"test value","tags":{"tag1":"tag1","tag2":"tag2"},"locked":false,"last_modified":"2020-01-17T18:29:34+00:00"}'
    headers:
      access-control-allow-credentials:
      - 'true'
      access-control-allow-headers:
      - DNT, X-CustomHeader, Keep-Alive, User-Agent, X-Requested-With, If-Modified-Since,
        Cache-Control, Content-Type, Authorization, x-ms-client-request-id, x-ms-command-name,
        x-ms-content-sha256, x-ms-date, host, Accept, Accept-Datetime, Date, If-Match,
        If-None-Match, Sync-Token, x-ms-return-client-request-id, ETag, Last-Modified,
        Link, Memento-Datetime, x-ms-retry-after, x-ms-request-id, WWW-Authenticate
      access-control-allow-methods:
      - GET, PUT, POST, DELETE, PATCH, OPTIONS
      access-control-allow-origin:
      - '*'
      access-control-expose-headers:
      - DNT, X-CustomHeader, Keep-Alive, User-Agent, X-Requested-With, If-Modified-Since,
        Cache-Control, Content-Type, Authorization, x-ms-client-request-id, x-ms-command-name,
        x-ms-content-sha256, x-ms-date, host, Accept, Accept-Datetime, Date, If-Match,
        If-None-Match, Sync-Token, x-ms-return-client-request-id, ETag, Last-Modified,
        Link, Memento-Datetime, x-ms-retry-after, x-ms-request-id, WWW-Authenticate
      connection:
      - keep-alive
      content-type:
      - application/vnd.microsoft.appconfig.kv+json; charset=utf-8
      date:
      - Fri, 17 Jan 2020 18:29:33 GMT
      etag:
      - '"jV7IpHwdDRZtIkDgz8jHL2xZ9k1"'
      last-modified:
      - Fri, 17 Jan 2020 18:29:34 GMT
      server:
      - openresty/1.15.8.1
      strict-transport-security:
      - max-age=15724800; includeSubDomains
      sync-token:
      - zAJw6V16=ODotMSMxMTIxMjQx;sn=1121241
      transfer-encoding:
      - chunked
    status:
      code: 200
      message: OK
- request:
    body: null
    headers:
      Accept:
      - application/vnd.microsoft.appconfig.kvset+json
      Accept-Encoding:
      - gzip, deflate
      Connection:
      - keep-alive
      Sync-Token:
      - zAJw6V16=ODotMSMxMTIxMjQx
      User-Agent:
      - azsdk-python-appconfiguration/1.0.0 Python/3.7.2 (Windows-10-10.0.18362-SP0)
      x-ms-content-sha256:
      - 47DEQpj8HBSa+/TImW+5JCeuQeRkm5NMpJWZG3hSuFU=
      x-ms-date:
      - Jan, 17 2020 18:29:33 GMT
    method: GET
    uri: https://appconfig64201e6a.azconfig.io/kv?label=%2Atest_label1_1d7b2b28-549e-11e9-b51c-2816a84d0309%2A&api-version=1.0
  response:
    body:
      string: '{"items":[{"etag":"aiuViBxGrx0zsB2B4sArA8p00F5","key":"PYTHON_UNIT_test_key_a6af8952-54a6-11e9-b600-2816a84d0309","label":"test_label1_1d7b2b28-549e-11e9-b51c-2816a84d0309","content_type":"test
        content type","value":"test value","tags":{"tag1":"tag1","tag2":"tag2"},"locked":false,"last_modified":"2020-01-17T18:29:33+00:00"}]}'
    headers:
      access-control-allow-credentials:
      - 'true'
      access-control-allow-headers:
      - DNT, X-CustomHeader, Keep-Alive, User-Agent, X-Requested-With, If-Modified-Since,
        Cache-Control, Content-Type, Authorization, x-ms-client-request-id, x-ms-command-name,
        x-ms-content-sha256, x-ms-date, host, Accept, Accept-Datetime, Date, If-Match,
        If-None-Match, Sync-Token, x-ms-return-client-request-id, ETag, Last-Modified,
        Link, Memento-Datetime, x-ms-retry-after, x-ms-request-id, WWW-Authenticate
      access-control-allow-methods:
      - GET, PUT, POST, DELETE, PATCH, OPTIONS
      access-control-allow-origin:
      - '*'
      access-control-expose-headers:
      - DNT, X-CustomHeader, Keep-Alive, User-Agent, X-Requested-With, If-Modified-Since,
        Cache-Control, Content-Type, Authorization, x-ms-client-request-id, x-ms-command-name,
        x-ms-content-sha256, x-ms-date, host, Accept, Accept-Datetime, Date, If-Match,
        If-None-Match, Sync-Token, x-ms-return-client-request-id, ETag, Last-Modified,
        Link, Memento-Datetime, x-ms-retry-after, x-ms-request-id, WWW-Authenticate
      connection:
      - keep-alive
      content-type:
      - application/vnd.microsoft.appconfig.kvset+json; charset=utf-8
      date:
      - Fri, 17 Jan 2020 18:29:33 GMT
      server:
      - openresty/1.15.8.1
      strict-transport-security:
      - max-age=15724800; includeSubDomains
      sync-token:
      - zAJw6V16=ODotMSMxMTIxMjQx;sn=1121241
      transfer-encoding:
      - chunked
    status:
      code: 200
      message: OK
- request:
    body: null
    headers:
      Accept:
      - application/vnd.microsoft.appconfig.kv+json
      Accept-Encoding:
      - gzip, deflate
      Connection:
      - keep-alive
      Content-Length:
      - '0'
      Sync-Token:
      - zAJw6V16=ODotMSMxMTIxMjQx
      User-Agent:
      - azsdk-python-appconfiguration/1.0.0 Python/3.7.2 (Windows-10-10.0.18362-SP0)
      x-ms-content-sha256:
      - 47DEQpj8HBSa+/TImW+5JCeuQeRkm5NMpJWZG3hSuFU=
      x-ms-date:
      - Jan, 17 2020 18:29:33 GMT
    method: DELETE
    uri: https://appconfig64201e6a.azconfig.io/kv/PYTHON_UNIT_test_key_a6af8952-54a6-11e9-b600-2816a84d0309?label=test_label1_1d7b2b28-549e-11e9-b51c-2816a84d0309&api-version=1.0
  response:
    body:
      string: '{"etag":"aiuViBxGrx0zsB2B4sArA8p00F5","key":"PYTHON_UNIT_test_key_a6af8952-54a6-11e9-b600-2816a84d0309","label":"test_label1_1d7b2b28-549e-11e9-b51c-2816a84d0309","content_type":"test
        content type","value":"test value","tags":{"tag1":"tag1","tag2":"tag2"},"locked":false,"last_modified":"2020-01-17T18:29:33+00:00"}'
    headers:
      access-control-allow-credentials:
      - 'true'
      access-control-allow-headers:
      - DNT, X-CustomHeader, Keep-Alive, User-Agent, X-Requested-With, If-Modified-Since,
        Cache-Control, Content-Type, Authorization, x-ms-client-request-id, x-ms-command-name,
        x-ms-content-sha256, x-ms-date, host, Accept, Accept-Datetime, Date, If-Match,
        If-None-Match, Sync-Token, x-ms-return-client-request-id, ETag, Last-Modified,
        Link, Memento-Datetime, x-ms-retry-after, x-ms-request-id, WWW-Authenticate
      access-control-allow-methods:
      - GET, PUT, POST, DELETE, PATCH, OPTIONS
      access-control-allow-origin:
      - '*'
      access-control-expose-headers:
      - DNT, X-CustomHeader, Keep-Alive, User-Agent, X-Requested-With, If-Modified-Since,
        Cache-Control, Content-Type, Authorization, x-ms-client-request-id, x-ms-command-name,
        x-ms-content-sha256, x-ms-date, host, Accept, Accept-Datetime, Date, If-Match,
        If-None-Match, Sync-Token, x-ms-return-client-request-id, ETag, Last-Modified,
        Link, Memento-Datetime, x-ms-retry-after, x-ms-request-id, WWW-Authenticate
      connection:
      - keep-alive
      content-type:
      - application/vnd.microsoft.appconfig.kv+json; charset=utf-8
      date:
      - Fri, 17 Jan 2020 18:29:33 GMT
      etag:
      - '"aiuViBxGrx0zsB2B4sArA8p00F5"'
      last-modified:
      - Fri, 17 Jan 2020 18:29:33 GMT
      server:
      - openresty/1.15.8.1
      strict-transport-security:
      - max-age=15724800; includeSubDomains
      sync-token:
      - zAJw6V16=ODotMSMxMTIxMjQy;sn=1121242
      transfer-encoding:
      - chunked
    status:
      code: 200
      message: OK
- request:
    body: null
    headers:
      Accept:
      - application/vnd.microsoft.appconfig.kv+json
      Accept-Encoding:
      - gzip, deflate
      Connection:
      - keep-alive
      Content-Length:
      - '0'
      Sync-Token:
      - zAJw6V16=ODotMSMxMTIxMjQy
      User-Agent:
      - azsdk-python-appconfiguration/1.0.0 Python/3.7.2 (Windows-10-10.0.18362-SP0)
      x-ms-content-sha256:
      - 47DEQpj8HBSa+/TImW+5JCeuQeRkm5NMpJWZG3hSuFU=
      x-ms-date:
      - Jan, 17 2020 18:29:33 GMT
    method: DELETE
    uri: https://appconfig64201e6a.azconfig.io/kv/PYTHON_UNIT_test_key_a6af8952-54a6-11e9-b600-2816a84d0309?api-version=1.0
  response:
    body:
      string: '{"etag":"jV7IpHwdDRZtIkDgz8jHL2xZ9k1","key":"PYTHON_UNIT_test_key_a6af8952-54a6-11e9-b600-2816a84d0309","label":null,"content_type":"test
        content type","value":"test value","tags":{"tag1":"tag1","tag2":"tag2"},"locked":false,"last_modified":"2020-01-17T18:29:34+00:00"}'
    headers:
      access-control-allow-credentials:
      - 'true'
      access-control-allow-headers:
      - DNT, X-CustomHeader, Keep-Alive, User-Agent, X-Requested-With, If-Modified-Since,
        Cache-Control, Content-Type, Authorization, x-ms-client-request-id, x-ms-command-name,
        x-ms-content-sha256, x-ms-date, host, Accept, Accept-Datetime, Date, If-Match,
        If-None-Match, Sync-Token, x-ms-return-client-request-id, ETag, Last-Modified,
        Link, Memento-Datetime, x-ms-retry-after, x-ms-request-id, WWW-Authenticate
      access-control-allow-methods:
      - GET, PUT, POST, DELETE, PATCH, OPTIONS
      access-control-allow-origin:
      - '*'
      access-control-expose-headers:
      - DNT, X-CustomHeader, Keep-Alive, User-Agent, X-Requested-With, If-Modified-Since,
        Cache-Control, Content-Type, Authorization, x-ms-client-request-id, x-ms-command-name,
        x-ms-content-sha256, x-ms-date, host, Accept, Accept-Datetime, Date, If-Match,
        If-None-Match, Sync-Token, x-ms-return-client-request-id, ETag, Last-Modified,
        Link, Memento-Datetime, x-ms-retry-after, x-ms-request-id, WWW-Authenticate
      connection:
      - keep-alive
      content-type:
      - application/vnd.microsoft.appconfig.kv+json; charset=utf-8
      date:
      - Fri, 17 Jan 2020 18:29:33 GMT
      etag:
      - '"jV7IpHwdDRZtIkDgz8jHL2xZ9k1"'
      last-modified:
      - Fri, 17 Jan 2020 18:29:34 GMT
      server:
      - openresty/1.15.8.1
      strict-transport-security:
      - max-age=15724800; includeSubDomains
      sync-token:
      - zAJw6V16=ODotMSMxMTIxMjQz;sn=1121243
      transfer-encoding:
      - chunked
    status:
      code: 200
      message: OK
version: 1
