{
  "Entries": [
    {
      "RequestUri": "https://fake_app_config.azconfig-test.io/kv/ConnectionString?api-version=1.0",
      "RequestMethod": "PUT",
      "RequestHeaders": {
        "Accept": "application/vnd.microsoft.appconfig.kv\u002Bjson, application/json, application/problem\u002Bjson",
        "Accept-Encoding": "gzip, deflate",
        "Connection": "keep-alive",
        "Content-Length": "211",
        "Content-Type": "application/json",
        "User-Agent": "azsdk-python-appconfiguration/1.4.0 Python/3.11.0 (Windows-10-10.0.22621-SP0)",
        "x-ms-content-sha256": "oaeoIfZBO2V9omCD\u002BTUqERKQ98Yix439NPBFZJrXEiA=",
        "x-ms-date": "Dec, 09 2022 22:48:21.520202 GMT"
      },
      "RequestBody": {
        "key": "ConnectionString",
        "content_type": "application/vnd.microsoft.appconfig.keyvaultref\u002Bjson;charset=utf-8",
        "value": "{\u0022uri\u0022: \u0022https://test-test.vault.azure.net/secrets/connectionString\u0022}",
        "tags": {}
      },
      "StatusCode": 200,
      "ResponseHeaders": {
        "Access-Control-Allow-Credentials": "true",
        "Access-Control-Allow-Origin": "*",
        "Access-Control-Expose-Headers": "DNT, X-CustomHeader, Keep-Alive, User-Agent, X-Requested-With, If-Modified-Since, Cache-Control, Content-Type, Authorization, x-ms-client-request-id, x-ms-useragent, x-ms-content-sha256, x-ms-date, host, Accept, Accept-Datetime, Date, If-Match, If-None-Match, Sync-Token, x-ms-return-client-request-id, ETag, Last-Modified, Link, Memento-Datetime, retry-after-ms, x-ms-request-id, x-ms-client-session-id, x-ms-effective-locale, WWW-Authenticate, traceparent, tracestate",
        "Connection": "keep-alive",
        "Content-Type": "application/vnd.microsoft.appconfig.kv\u002Bjson; charset=utf-8",
        "Date": "Fri, 09 Dec 2022 22:48:22 GMT",
        "ETag": "\u0022k1Rzdigaa7M6NUJ3i8_hmKu0SsQZz2Xln-882bFsVPo\u0022",
        "Last-Modified": "Fri, 09 Dec 2022 22:48:22 GMT",
        "Server": "openresty/1.17.8.2",
        "Strict-Transport-Security": "max-age=15724800; includeSubDomains",
        "Sync-Token": "zAJw6V16=NTo1IzE4MDc1NzI2;sn=18075726",
        "Transfer-Encoding": "chunked",
        "x-ms-correlation-request-id": "e95aadad-a5be-4e6f-a79b-9d68c716313a"
      },
      "ResponseBody": {
        "etag": "k1Rzdigaa7M6NUJ3i8_hmKu0SsQZz2Xln-882bFsVPo",
        "key": "ConnectionString",
        "label": null,
        "content_type": "application/vnd.microsoft.appconfig.keyvaultref\u002Bjson;charset=utf-8",
        "value": "{\u0022uri\u0022: \u0022https://test-test.vault.azure.net/secrets/connectionString\u0022}",
        "tags": {},
        "locked": false,
        "last_modified": "2022-12-09T22:48:22\u002B00:00"
      }
    },
    {
      "RequestUri": "https://fake_app_config.azconfig-test.io/kv/ConnectionString?api-version=1.0",
      "RequestMethod": "PUT",
      "RequestHeaders": {
        "Accept": "application/vnd.microsoft.appconfig.kv\u002Bjson, application/json, application/problem\u002Bjson",
        "Accept-Encoding": "gzip, deflate",
        "Connection": "keep-alive",
        "Content-Length": "328",
        "Content-Type": "application/json",
        "Sync-Token": "zAJw6V16=NTo1IzE4MDc1NzI2",
        "User-Agent": "azsdk-python-appconfiguration/1.4.0 Python/3.11.0 (Windows-10-10.0.22621-SP0)",
        "x-ms-content-sha256": "BzVLzXvGPvHcBbikETak/NmdDeXG\u002BgfML6ZfSaGpz0Y=",
        "x-ms-date": "Dec, 09 2022 22:48:21.609951 GMT"
      },
      "RequestBody": {
        "key": "ConnectionString",
        "content_type": "application/vnd.microsoft.appconfig.keyvaultref\u002Bjson;charset=utf-8",
        "value": "{\u0022uri\u0022: \u0022https://test-test.vault.azure.net/secrets/connectionString\u0022}",
        "last_modified": "2022-12-09T22:48:22.000Z",
        "tags": {},
        "locked": false,
        "etag": "k1Rzdigaa7M6NUJ3i8_hmKu0SsQZz2Xln-882bFsVPo"
      },
      "StatusCode": 200,
      "ResponseHeaders": {
        "Access-Control-Allow-Credentials": "true",
        "Access-Control-Allow-Origin": "*",
        "Access-Control-Expose-Headers": "DNT, X-CustomHeader, Keep-Alive, User-Agent, X-Requested-With, If-Modified-Since, Cache-Control, Content-Type, Authorization, x-ms-client-request-id, x-ms-useragent, x-ms-content-sha256, x-ms-date, host, Accept, Accept-Datetime, Date, If-Match, If-None-Match, Sync-Token, x-ms-return-client-request-id, ETag, Last-Modified, Link, Memento-Datetime, retry-after-ms, x-ms-request-id, x-ms-client-session-id, x-ms-effective-locale, WWW-Authenticate, traceparent, tracestate",
        "Connection": "keep-alive",
        "Content-Type": "application/vnd.microsoft.appconfig.kv\u002Bjson; charset=utf-8",
        "Date": "Fri, 09 Dec 2022 22:48:22 GMT",
        "ETag": "\u00227VuJ9bcXW5CXNN0muukrBVj6gusmZzPJEMf1Y5iNeOw\u0022",
        "Last-Modified": "Fri, 09 Dec 2022 22:48:22 GMT",
        "Server": "openresty/1.17.8.2",
        "Strict-Transport-Security": "max-age=15724800; includeSubDomains",
        "Sync-Token": "zAJw6V16=NTo1IzE4MDc1NzI4;sn=18075728",
        "Transfer-Encoding": "chunked",
        "x-ms-correlation-request-id": "3ecc6828-c087-413b-a3c1-2776fd315216"
      },
      "ResponseBody": {
        "etag": "7VuJ9bcXW5CXNN0muukrBVj6gusmZzPJEMf1Y5iNeOw",
        "key": "ConnectionString",
        "label": null,
        "content_type": "application/vnd.microsoft.appconfig.keyvaultref\u002Bjson;charset=utf-8",
        "value": "{\u0022uri\u0022: \u0022https://test-test.vault.azure.net/secrets/connectionString\u0022}",
        "tags": {},
        "locked": false,
        "last_modified": "2022-12-09T22:48:22\u002B00:00"
      }
    },
    {
      "RequestUri": "https://fake_app_config.azconfig-test.io/kv/ConnectionString?api-version=1.0",
      "RequestMethod": "DELETE",
      "RequestHeaders": {
        "Accept": "application/vnd.microsoft.appconfig.kv\u002Bjson, application/json, application/problem\u002Bjson",
        "Accept-Encoding": "gzip, deflate",
        "Connection": "keep-alive",
        "Content-Length": "0",
        "Sync-Token": "zAJw6V16=NTo1IzE4MDc1NzI4",
        "User-Agent": "azsdk-python-appconfiguration/1.4.0 Python/3.11.0 (Windows-10-10.0.22621-SP0)",
        "x-ms-content-sha256": "47DEQpj8HBSa\u002B/TImW\u002B5JCeuQeRkm5NMpJWZG3hSuFU=",
        "x-ms-date": "Dec, 09 2022 22:48:21.664006 GMT"
      },
      "RequestBody": null,
      "StatusCode": 200,
      "ResponseHeaders": {
        "Access-Control-Allow-Credentials": "true",
        "Access-Control-Allow-Origin": "*",
        "Access-Control-Expose-Headers": "DNT, X-CustomHeader, Keep-Alive, User-Agent, X-Requested-With, If-Modified-Since, Cache-Control, Content-Type, Authorization, x-ms-client-request-id, x-ms-useragent, x-ms-content-sha256, x-ms-date, host, Accept, Accept-Datetime, Date, If-Match, If-None-Match, Sync-Token, x-ms-return-client-request-id, ETag, Last-Modified, Link, Memento-Datetime, retry-after-ms, x-ms-request-id, x-ms-client-session-id, x-ms-effective-locale, WWW-Authenticate, traceparent, tracestate",
        "Connection": "keep-alive",
        "Content-Type": "application/vnd.microsoft.appconfig.kv\u002Bjson; charset=utf-8",
        "Date": "Fri, 09 Dec 2022 22:48:22 GMT",
        "ETag": "\u00227VuJ9bcXW5CXNN0muukrBVj6gusmZzPJEMf1Y5iNeOw\u0022",
        "Last-Modified": "Fri, 09 Dec 2022 22:48:22 GMT",
        "Server": "openresty/1.17.8.2",
        "Strict-Transport-Security": "max-age=15724800; includeSubDomains",
        "Sync-Token": "zAJw6V16=NTo1IzE4MDc1NzMw;sn=18075730",
        "Transfer-Encoding": "chunked",
        "x-ms-correlation-request-id": "89e9c3c2-4969-4f82-985d-14115ad88a49"
      },
      "ResponseBody": {
        "etag": "7VuJ9bcXW5CXNN0muukrBVj6gusmZzPJEMf1Y5iNeOw",
        "key": "ConnectionString",
        "label": null,
        "content_type": "application/vnd.microsoft.appconfig.keyvaultref\u002Bjson;charset=utf-8",
        "value": "{\u0022uri\u0022: \u0022https://test-test.vault.azure.net/secrets/connectionString\u0022}",
        "tags": {},
        "locked": false,
        "last_modified": "2022-12-09T22:48:22\u002B00:00"
      }
    }
  ],
  "Variables": {}
}
