interactions:
- request:
    body: null
    headers:
      Accept:
      - application/vnd.microsoft.appconfig.kvset+json
      Accept-Encoding:
      - gzip, deflate
      Connection:
      - keep-alive
      User-Agent:
      - azsdk-python-appconfiguration/1.0.0b6 Python/3.7.2 (Windows-10-10.0.18362-SP0)
    method: GET
    uri: https://xyappconfig.azconfig.io/kv?key=PYTHON_UNIT_test_key_a6af8952-54a6-11e9-b600-2816a84d0309&label=test_label1_1d7b2b28-549e-11e9-b51c-2816a84d0309&api-version=1.0
  response:
    body:
      string: '{"items":[]}'
    headers:
      access-control-allow-credentials:
      - 'true'
      access-control-allow-headers:
      - DNT, X-CustomHeader, Keep-Alive, User-Agent, X-Requested-With, If-Modified-Since,
        Cache-Control, Content-Type, Authorization, x-ms-client-request-id, x-ms-content-sha256,
        x-ms-date, host, Accept, Accept-Datetime, Date, If-Match, If-None-Match, Sync-Token,
        x-ms-return-client-request-id, ETag, Last-Modified, Link, Memento-Datetime,
        x-ms-retry-after, x-ms-request-id, WWW-Authenticate
      access-control-allow-methods:
      - GET, PUT, POST, DELETE, PATCH, OPTIONS
      access-control-allow-origin:
      - '*'
      access-control-expose-headers:
      - DNT, X-CustomHeader, Keep-Alive, User-Agent, X-Requested-With, If-Modified-Since,
        Cache-Control, Content-Type, Authorization, x-ms-client-request-id, x-ms-content-sha256,
        x-ms-date, host, Accept, Accept-Datetime, Date, If-Match, If-None-Match, Sync-Token,
        x-ms-return-client-request-id, ETag, Last-Modified, Link, Memento-Datetime,
        x-ms-retry-after, x-ms-request-id, WWW-Authenticate
      connection:
      - keep-alive
      content-type:
      - application/vnd.microsoft.appconfig.kvset+json; charset=utf-8
      date:
      - Thu, 05 Dec 2019 23:08:05 GMT
      server:
      - openresty/1.15.8.1
      strict-transport-security:
      - max-age=15724800; includeSubDomains
      transfer-encoding:
      - chunked
    status:
      code: 200
      message: OK
- request:
    body: '{"key": "PYTHON_UNIT_test_key_a6af8952-54a6-11e9-b600-2816a84d0309", "label":
      "test_label1_1d7b2b28-549e-11e9-b51c-2816a84d0309", "content_type": "test content
      type", "value": "test value", "tags": {"tag1": "tag1", "tag2": "tag2"}}'
    headers:
      Accept:
      - application/vnd.microsoft.appconfig.kv+json
      Accept-Encoding:
      - gzip, deflate
      Connection:
      - keep-alive
      Content-Length:
      - '231'
      Content-Type:
      - application/json; charset=utf-8
      If-None-Match:
      - '*'
      User-Agent:
      - azsdk-python-appconfiguration/1.0.0b6 Python/3.7.2 (Windows-10-10.0.18362-SP0)
    method: PUT
    uri: https://xyappconfig.azconfig.io/kv/PYTHON_UNIT_test_key_a6af8952-54a6-11e9-b600-2816a84d0309?label=test_label1_1d7b2b28-549e-11e9-b51c-2816a84d0309&api-version=1.0
  response:
    body:
      string: '{"etag":"68EdqWmNl3OYgGqqUK3M5OMFyUM","key":"PYTHON_UNIT_test_key_a6af8952-54a6-11e9-b600-2816a84d0309","label":"test_label1_1d7b2b28-549e-11e9-b51c-2816a84d0309","content_type":"test
        content type","value":"test value","tags":{"tag1":"tag1","tag2":"tag2"},"locked":false,"last_modified":"2019-12-05T23:08:06+00:00"}'
    headers:
      access-control-allow-credentials:
      - 'true'
      access-control-allow-headers:
      - DNT, X-CustomHeader, Keep-Alive, User-Agent, X-Requested-With, If-Modified-Since,
        Cache-Control, Content-Type, Authorization, x-ms-client-request-id, x-ms-content-sha256,
        x-ms-date, host, Accept, Accept-Datetime, Date, If-Match, If-None-Match, Sync-Token,
        x-ms-return-client-request-id, ETag, Last-Modified, Link, Memento-Datetime,
        x-ms-retry-after, x-ms-request-id, WWW-Authenticate
      access-control-allow-methods:
      - GET, PUT, POST, DELETE, PATCH, OPTIONS
      access-control-allow-origin:
      - '*'
      access-control-expose-headers:
      - DNT, X-CustomHeader, Keep-Alive, User-Agent, X-Requested-With, If-Modified-Since,
        Cache-Control, Content-Type, Authorization, x-ms-client-request-id, x-ms-content-sha256,
        x-ms-date, host, Accept, Accept-Datetime, Date, If-Match, If-None-Match, Sync-Token,
        x-ms-return-client-request-id, ETag, Last-Modified, Link, Memento-Datetime,
        x-ms-retry-after, x-ms-request-id, WWW-Authenticate
      connection:
      - keep-alive
      content-type:
      - application/vnd.microsoft.appconfig.kv+json; charset=utf-8
      date:
      - Thu, 05 Dec 2019 23:08:05 GMT
      etag:
      - '"68EdqWmNl3OYgGqqUK3M5OMFyUM"'
      last-modified:
      - Thu, 05 Dec 2019 23:08:06 GMT
      server:
      - openresty/1.15.8.1
      strict-transport-security:
      - max-age=15724800; includeSubDomains
      sync-token:
      - zAJw6V16=MDotMSM3MjU4ODU=;sn=725885
      transfer-encoding:
      - chunked
    status:
      code: 200
      message: OK
- request:
    body: null
    headers:
      Accept:
      - application/vnd.microsoft.appconfig.kvset+json
      Accept-Encoding:
      - gzip, deflate
      Connection:
      - keep-alive
      Sync-Token:
      - zAJw6V16=MDotMSM3MjU4ODU=
      User-Agent:
      - azsdk-python-appconfiguration/1.0.0b6 Python/3.7.2 (Windows-10-10.0.18362-SP0)
    method: GET
    uri: https://xyappconfig.azconfig.io/kv?key=PYTHON_UNIT_test_key_a6af8952-54a6-11e9-b600-2816a84d0309&api-version=1.0
  response:
    body:
      string: '{"items":[{"etag":"68EdqWmNl3OYgGqqUK3M5OMFyUM","key":"PYTHON_UNIT_test_key_a6af8952-54a6-11e9-b600-2816a84d0309","label":"test_label1_1d7b2b28-549e-11e9-b51c-2816a84d0309","content_type":"test
        content type","value":"test value","tags":{"tag1":"tag1","tag2":"tag2"},"locked":false,"last_modified":"2019-12-05T23:08:06+00:00"}]}'
    headers:
      access-control-allow-credentials:
      - 'true'
      access-control-allow-headers:
      - DNT, X-CustomHeader, Keep-Alive, User-Agent, X-Requested-With, If-Modified-Since,
        Cache-Control, Content-Type, Authorization, x-ms-client-request-id, x-ms-content-sha256,
        x-ms-date, host, Accept, Accept-Datetime, Date, If-Match, If-None-Match, Sync-Token,
        x-ms-return-client-request-id, ETag, Last-Modified, Link, Memento-Datetime,
        x-ms-retry-after, x-ms-request-id, WWW-Authenticate
      access-control-allow-methods:
      - GET, PUT, POST, DELETE, PATCH, OPTIONS
      access-control-allow-origin:
      - '*'
      access-control-expose-headers:
      - DNT, X-CustomHeader, Keep-Alive, User-Agent, X-Requested-With, If-Modified-Since,
        Cache-Control, Content-Type, Authorization, x-ms-client-request-id, x-ms-content-sha256,
        x-ms-date, host, Accept, Accept-Datetime, Date, If-Match, If-None-Match, Sync-Token,
        x-ms-return-client-request-id, ETag, Last-Modified, Link, Memento-Datetime,
        x-ms-retry-after, x-ms-request-id, WWW-Authenticate
      connection:
      - keep-alive
      content-type:
      - application/vnd.microsoft.appconfig.kvset+json; charset=utf-8
      date:
      - Thu, 05 Dec 2019 23:08:05 GMT
      server:
      - openresty/1.15.8.1
      strict-transport-security:
      - max-age=15724800; includeSubDomains
      sync-token:
      - zAJw6V16=MDotMSM3MjU4ODU=;sn=725885
      transfer-encoding:
      - chunked
    status:
      code: 200
      message: OK
- request:
    body: null
    headers:
      Accept:
      - application/vnd.microsoft.appconfig.kv+json
      Accept-Encoding:
      - gzip, deflate
      Connection:
      - keep-alive
      Content-Length:
      - '0'
      Sync-Token:
      - zAJw6V16=MDotMSM3MjU4ODU=
      User-Agent:
      - azsdk-python-appconfiguration/1.0.0b6 Python/3.7.2 (Windows-10-10.0.18362-SP0)
    method: DELETE
    uri: https://xyappconfig.azconfig.io/kv/PYTHON_UNIT_test_key_a6af8952-54a6-11e9-b600-2816a84d0309?api-version=1.0
  response:
    body:
      string: ''
    headers:
      access-control-allow-credentials:
      - 'true'
      access-control-allow-headers:
      - DNT, X-CustomHeader, Keep-Alive, User-Agent, X-Requested-With, If-Modified-Since,
        Cache-Control, Content-Type, Authorization, x-ms-client-request-id, x-ms-content-sha256,
        x-ms-date, host, Accept, Accept-Datetime, Date, If-Match, If-None-Match, Sync-Token,
        x-ms-return-client-request-id, ETag, Last-Modified, Link, Memento-Datetime,
        x-ms-retry-after, x-ms-request-id, WWW-Authenticate
      access-control-allow-methods:
      - GET, PUT, POST, DELETE, PATCH, OPTIONS
      access-control-allow-origin:
      - '*'
      access-control-expose-headers:
      - DNT, X-CustomHeader, Keep-Alive, User-Agent, X-Requested-With, If-Modified-Since,
        Cache-Control, Content-Type, Authorization, x-ms-client-request-id, x-ms-content-sha256,
        x-ms-date, host, Accept, Accept-Datetime, Date, If-Match, If-None-Match, Sync-Token,
        x-ms-return-client-request-id, ETag, Last-Modified, Link, Memento-Datetime,
        x-ms-retry-after, x-ms-request-id, WWW-Authenticate
      connection:
      - keep-alive
      content-type:
      - application/vnd.microsoft.appconfig.kv+json; charset=utf-8
      date:
      - Thu, 05 Dec 2019 23:08:05 GMT
      server:
      - openresty/1.15.8.1
      strict-transport-security:
      - max-age=15724800; includeSubDomains
    status:
      code: 204
      message: No Content
- request:
    body: '{"key": "PYTHON_UNIT_test_key_a6af8952-54a6-11e9-b600-2816a84d0309", "content_type":
      "test content type", "value": "test value", "tags": {"tag1": "tag1", "tag2":
      "tag2"}}'
    headers:
      Accept:
      - application/vnd.microsoft.appconfig.kv+json
      Accept-Encoding:
      - gzip, deflate
      Connection:
      - keep-alive
      Content-Length:
      - '170'
      Content-Type:
      - application/json; charset=utf-8
      If-None-Match:
      - '*'
      Sync-Token:
      - zAJw6V16=MDotMSM3MjU4ODU=
      User-Agent:
      - azsdk-python-appconfiguration/1.0.0b6 Python/3.7.2 (Windows-10-10.0.18362-SP0)
    method: PUT
    uri: https://xyappconfig.azconfig.io/kv/PYTHON_UNIT_test_key_a6af8952-54a6-11e9-b600-2816a84d0309?api-version=1.0
  response:
    body:
      string: '{"etag":"9Ar53g75jkWzzAjXEaLq685fqWx","key":"PYTHON_UNIT_test_key_a6af8952-54a6-11e9-b600-2816a84d0309","label":null,"content_type":"test
        content type","value":"test value","tags":{"tag1":"tag1","tag2":"tag2"},"locked":false,"last_modified":"2019-12-05T23:08:06+00:00"}'
    headers:
      access-control-allow-credentials:
      - 'true'
      access-control-allow-headers:
      - DNT, X-CustomHeader, Keep-Alive, User-Agent, X-Requested-With, If-Modified-Since,
        Cache-Control, Content-Type, Authorization, x-ms-client-request-id, x-ms-content-sha256,
        x-ms-date, host, Accept, Accept-Datetime, Date, If-Match, If-None-Match, Sync-Token,
        x-ms-return-client-request-id, ETag, Last-Modified, Link, Memento-Datetime,
        x-ms-retry-after, x-ms-request-id, WWW-Authenticate
      access-control-allow-methods:
      - GET, PUT, POST, DELETE, PATCH, OPTIONS
      access-control-allow-origin:
      - '*'
      access-control-expose-headers:
      - DNT, X-CustomHeader, Keep-Alive, User-Agent, X-Requested-With, If-Modified-Since,
        Cache-Control, Content-Type, Authorization, x-ms-client-request-id, x-ms-content-sha256,
        x-ms-date, host, Accept, Accept-Datetime, Date, If-Match, If-None-Match, Sync-Token,
        x-ms-return-client-request-id, ETag, Last-Modified, Link, Memento-Datetime,
        x-ms-retry-after, x-ms-request-id, WWW-Authenticate
      connection:
      - keep-alive
      content-type:
      - application/vnd.microsoft.appconfig.kv+json; charset=utf-8
      date:
      - Thu, 05 Dec 2019 23:08:05 GMT
      etag:
      - '"9Ar53g75jkWzzAjXEaLq685fqWx"'
      last-modified:
      - Thu, 05 Dec 2019 23:08:06 GMT
      server:
      - openresty/1.15.8.1
      strict-transport-security:
      - max-age=15724800; includeSubDomains
      sync-token:
      - zAJw6V16=MDotMSM3MjU4ODY=;sn=725886
      transfer-encoding:
      - chunked
    status:
      code: 200
      message: OK
- request:
    body: null
    headers:
      Accept:
      - application/vnd.microsoft.appconfig.kvset+json
      Accept-Encoding:
      - gzip, deflate
      Connection:
      - keep-alive
      Sync-Token:
      - zAJw6V16=MDotMSM3MjU4ODY=
      User-Agent:
      - azsdk-python-appconfiguration/1.0.0b6 Python/3.7.2 (Windows-10-10.0.18362-SP0)
    method: GET
    uri: https://xyappconfig.azconfig.io/revisions?key=PYTHON_UNIT_test_key_a6af8952-54a6-11e9-b600-2816a84d0309&api-version=1.0
  response:
    body:
      string: '{"items":[{"etag":"9Ar53g75jkWzzAjXEaLq685fqWx","key":"PYTHON_UNIT_test_key_a6af8952-54a6-11e9-b600-2816a84d0309","label":null,"content_type":"test
        content type","value":"test value","tags":{"tag1":"tag1","tag2":"tag2"},"locked":false,"last_modified":"2019-12-05T23:08:06+00:00"},{"etag":"68EdqWmNl3OYgGqqUK3M5OMFyUM","key":"PYTHON_UNIT_test_key_a6af8952-54a6-11e9-b600-2816a84d0309","label":"test_label1_1d7b2b28-549e-11e9-b51c-2816a84d0309","content_type":"test
        content type","value":"test value","tags":{"tag1":"tag1","tag2":"tag2"},"locked":false,"last_modified":"2019-12-05T23:08:06+00:00"},{"etag":"77qU0xJ4p8iJb4urc2U6ZRCpnZJ","key":"PYTHON_UNIT_test_key_a6af8952-54a6-11e9-b600-2816a84d0309","label":null,"content_type":"test
        content type","value":"test value","tags":{"tag1":"tag1","tag2":"tag2"},"locked":false,"last_modified":"2019-12-05T23:08:05+00:00"},{"etag":"nKgG9Yk3DTD8zJdAkSz5zkhvQ6M","key":"PYTHON_UNIT_test_key_a6af8952-54a6-11e9-b600-2816a84d0309","label":"test_label1_1d7b2b28-549e-11e9-b51c-2816a84d0309","content_type":"test
        content type","value":"test value","tags":{"tag1":"tag1","tag2":"tag2"},"locked":false,"last_modified":"2019-12-05T23:08:05+00:00"},{"etag":"W4105cxbj9PGZADUqnvNDbCfVTu","key":"PYTHON_UNIT_test_key_a6af8952-54a6-11e9-b600-2816a84d0309","label":null,"content_type":"test
        content type","value":"test value","tags":{"tag1":"tag1","tag2":"tag2"},"locked":false,"last_modified":"2019-12-05T23:08:04+00:00"},{"etag":"OQhX12uMn5Mo34TOSmkR8QrV8hL","key":"PYTHON_UNIT_test_key_a6af8952-54a6-11e9-b600-2816a84d0309","label":"test_label1_1d7b2b28-549e-11e9-b51c-2816a84d0309","content_type":"test
        content type","value":"test value","tags":{"tag1":"tag1","tag2":"tag2"},"locked":false,"last_modified":"2019-12-05T23:08:04+00:00"},{"etag":"bKxCKMdpb9zROCzPKnOFSjVcUCl","key":"PYTHON_UNIT_test_key_a6af8952-54a6-11e9-b600-2816a84d0309","label":null,"content_type":"test
        content type","value":"test value","tags":{"tag1":"tag1","tag2":"tag2"},"locked":false,"last_modified":"2019-12-05T23:08:03+00:00"},{"etag":"RXBgQRxpud5xDy3KlCswSeSbxFW","key":"PYTHON_UNIT_test_key_a6af8952-54a6-11e9-b600-2816a84d0309","label":"test_label1_1d7b2b28-549e-11e9-b51c-2816a84d0309","content_type":"test
        content type","value":"test value","tags":{"tag1":"tag1","tag2":"tag2"},"locked":false,"last_modified":"2019-12-05T23:08:03+00:00"},{"etag":"DJddzcyJWGSBTvWimGTt2yKj5Qx","key":"PYTHON_UNIT_test_key_a6af8952-54a6-11e9-b600-2816a84d0309","label":"test_label2_*,
        \\1d7b2b28-549e-11e9-b51c-2816a84d0309","content_type":null,"value":"test
        value","tags":{},"locked":false,"last_modified":"2019-12-05T23:08:02+00:00"},{"etag":"FIoRh935Q6glRW3Si4Mi9pTlTPc","key":"PYTHON_UNIT_test_key_a6af8952-54a6-11e9-b600-2816a84d0309","label":null,"content_type":"test
        content type","value":"test value","tags":{"tag1":"tag1","tag2":"tag2"},"locked":false,"last_modified":"2019-12-05T23:08:02+00:00"},{"etag":"2Kk4ZBatdExSScuUL4FbcmopDJd","key":"PYTHON_UNIT_test_key_a6af8952-54a6-11e9-b600-2816a84d0309","label":"test_label1_1d7b2b28-549e-11e9-b51c-2816a84d0309","content_type":"test
        content type","value":"test value","tags":{"tag1":"tag1","tag2":"tag2"},"locked":false,"last_modified":"2019-12-05T23:08:02+00:00"},{"etag":"CuLQgW07kQJZCBSqBq1vMd1qNNg","key":"PYTHON_UNIT_test_key_a6af8952-54a6-11e9-b600-2816a84d0309","label":null,"content_type":"test
        content type","value":"test value","tags":{"tag1":"tag1","tag2":"tag2"},"locked":false,"last_modified":"2019-12-05T23:08:01+00:00"},{"etag":"aqRCXM61imJFA4uhnUVAK7eY9le","key":"PYTHON_UNIT_test_key_a6af8952-54a6-11e9-b600-2816a84d0309","label":"test_label1_1d7b2b28-549e-11e9-b51c-2816a84d0309","content_type":"test
        content type","value":"test value","tags":{"tag1":"tag1","tag2":"tag2"},"locked":false,"last_modified":"2019-12-05T23:08:01+00:00"},{"etag":"lOPClqAuXai53kqlJWrvwk2UmU8","key":"PYTHON_UNIT_test_key_a6af8952-54a6-11e9-b600-2816a84d0309","label":null,"content_type":"test
        content type","value":"test value","tags":{"tag1":"tag1","tag2":"tag2"},"locked":false,"last_modified":"2019-12-05T23:08:00+00:00"},{"etag":"8iKlUqY2oRRo168N6U62NSkCvFd","key":"PYTHON_UNIT_test_key_a6af8952-54a6-11e9-b600-2816a84d0309","label":"test_label1_1d7b2b28-549e-11e9-b51c-2816a84d0309","content_type":"test
        content type","value":"test value","tags":{"tag1":"tag1","tag2":"tag2"},"locked":false,"last_modified":"2019-12-05T23:08:00+00:00"},{"etag":"SZht2HlaASYIv3a5DUZszynMQ4n","key":"PYTHON_UNIT_test_key_a6af8952-54a6-11e9-b600-2816a84d0309","label":null,"content_type":"test
        content type","value":"test value","tags":{"tag1":"tag1","tag2":"tag2"},"locked":false,"last_modified":"2019-12-05T23:07:59+00:00"},{"etag":"sV9Wrt0akhkNxkOaxeVj5153BDz","key":"PYTHON_UNIT_test_key_a6af8952-54a6-11e9-b600-2816a84d0309","label":"test_label1_1d7b2b28-549e-11e9-b51c-2816a84d0309","content_type":"test
        content type","value":"test value","tags":{"tag1":"tag1","tag2":"tag2"},"locked":false,"last_modified":"2019-12-05T23:07:59+00:00"},{"etag":"XqofY7P3pCmzxzuWqYmspsUCURx","key":"PYTHON_UNIT_test_key_a6af8952-54a6-11e9-b600-2816a84d0309","label":null,"content_type":"test
        content type","value":"test value","tags":{"tag1":"tag1","tag2":"tag2"},"locked":false,"last_modified":"2019-12-05T23:07:58+00:00"},{"etag":"vfhulLK02yo7yr41j1RTvVNO2Bd","key":"PYTHON_UNIT_test_key_a6af8952-54a6-11e9-b600-2816a84d0309","label":"test_label1_1d7b2b28-549e-11e9-b51c-2816a84d0309","content_type":"test
        content type","value":"test value","tags":{"tag1":"tag1","tag2":"tag2"},"locked":false,"last_modified":"2019-12-05T23:07:58+00:00"},{"etag":"5Lrnwvul16T0yqIneS8GLx7PGCI","key":"PYTHON_UNIT_test_key_a6af8952-54a6-11e9-b600-2816a84d0309","label":null,"content_type":"test
        content type","value":"test value","tags":{"tag1":"tag1","tag2":"tag2"},"locked":false,"last_modified":"2019-12-05T23:07:46+00:00"},{"etag":"NIKniONBMTjFPC1oPFmclFoq5hK","key":"PYTHON_UNIT_test_key_a6af8952-54a6-11e9-b600-2816a84d0309","label":"test_label1_1d7b2b28-549e-11e9-b51c-2816a84d0309","content_type":"test
        content type","value":"test value","tags":{"tag1":"tag1","tag2":"tag2"},"locked":false,"last_modified":"2019-12-05T23:07:46+00:00"},{"etag":"fZkXBKMtQZMEfw3kcrFKdkEqcEn","key":"PYTHON_UNIT_test_key_a6af8952-54a6-11e9-b600-2816a84d0309","label":null,"content_type":"test
        content type","value":"test value","tags":{"tag1":"tag1","tag2":"tag2"},"locked":false,"last_modified":"2019-12-05T23:07:45+00:00"},{"etag":"9IyBjw8M2fRGjedm44TlOnu3kZ8","key":"PYTHON_UNIT_test_key_a6af8952-54a6-11e9-b600-2816a84d0309","label":"test_label1_1d7b2b28-549e-11e9-b51c-2816a84d0309","content_type":"test
        content type","value":"test value","tags":{"tag1":"tag1","tag2":"tag2"},"locked":false,"last_modified":"2019-12-05T23:07:45+00:00"},{"etag":"5wHiU90ukJJpUjolis2kzFaIqnf","key":"PYTHON_UNIT_test_key_a6af8952-54a6-11e9-b600-2816a84d0309","label":null,"content_type":"test
        content type","value":"test value","tags":{"tag1":"tag1","tag2":"tag2"},"locked":false,"last_modified":"2019-12-05T23:07:44+00:00"},{"etag":"8BEvijlHAnHgBghDKAbr60sYeZA","key":"PYTHON_UNIT_test_key_a6af8952-54a6-11e9-b600-2816a84d0309","label":"test_label1_1d7b2b28-549e-11e9-b51c-2816a84d0309","content_type":"test
        content type","value":"test value","tags":{"tag1":"tag1","tag2":"tag2"},"locked":false,"last_modified":"2019-12-05T23:07:44+00:00"},{"etag":"sD307BO2gus4DXTAkTIeYSRv3AS","key":"PYTHON_UNIT_test_key_a6af8952-54a6-11e9-b600-2816a84d0309","label":null,"content_type":"test
        content type","value":"test value","tags":{"tag1":"tag1","tag2":"tag2"},"locked":false,"last_modified":"2019-12-05T23:07:43+00:00"},{"etag":"689tZ1w1OtcQ7qG4tjUJC5fvvNe","key":"PYTHON_UNIT_test_key_a6af8952-54a6-11e9-b600-2816a84d0309","label":"test_label1_1d7b2b28-549e-11e9-b51c-2816a84d0309","content_type":"test
        content type","value":"test value","tags":{"tag1":"tag1","tag2":"tag2"},"locked":false,"last_modified":"2019-12-05T23:07:43+00:00"},{"etag":"6mhZIUOWjIzWjpAmNrFZDEeNA16","key":"PYTHON_UNIT_test_key_a6af8952-54a6-11e9-b600-2816a84d0309","label":null,"content_type":"test
        content type","value":"test value","tags":{"tag1":"tag1","tag2":"tag2"},"locked":false,"last_modified":"2019-12-05T23:07:42+00:00"},{"etag":"qyUWH6FRrOJyN0kqN5U8UyZu8TB","key":"PYTHON_UNIT_test_key_a6af8952-54a6-11e9-b600-2816a84d0309","label":"test_label1_1d7b2b28-549e-11e9-b51c-2816a84d0309","content_type":"test
        content type","value":"test value","tags":{"tag1":"tag1","tag2":"tag2"},"locked":false,"last_modified":"2019-12-05T23:07:42+00:00"},{"etag":"4IiDdAsDAeFEr1TDPVRet964RrH","key":"PYTHON_UNIT_test_key_a6af8952-54a6-11e9-b600-2816a84d0309","label":null,"content_type":"test
        content type","value":"test value","tags":{"tag1":"tag1","tag2":"tag2"},"locked":false,"last_modified":"2019-12-05T23:07:41+00:00"},{"etag":"F5wZB4y1eNd0iCBQV2cXsUnXT3o","key":"PYTHON_UNIT_test_key_a6af8952-54a6-11e9-b600-2816a84d0309","label":"test_label1_1d7b2b28-549e-11e9-b51c-2816a84d0309","content_type":"test
        content type","value":"test value","tags":{"tag1":"tag1","tag2":"tag2"},"locked":false,"last_modified":"2019-12-05T23:07:41+00:00"},{"etag":"7i2tlRMz7pWJ9Np2XGfLR2wVoXi","key":"PYTHON_UNIT_test_key_a6af8952-54a6-11e9-b600-2816a84d0309","label":null,"content_type":"test
        content type","value":"test value","tags":{"tag1":"tag1","tag2":"tag2"},"locked":false,"last_modified":"2019-12-05T23:07:40+00:00"},{"etag":"Eue69GCXPBBCuaEXnVyfNvKfYqs","key":"PYTHON_UNIT_test_key_a6af8952-54a6-11e9-b600-2816a84d0309","label":"test_label1_1d7b2b28-549e-11e9-b51c-2816a84d0309","content_type":"test
        content type","value":"test value","tags":{"tag1":"tag1","tag2":"tag2"},"locked":false,"last_modified":"2019-12-05T23:07:40+00:00"},{"etag":"JZE7yFSj54PRxrlQUgjnAaFUNIB","key":"PYTHON_UNIT_test_key_a6af8952-54a6-11e9-b600-2816a84d0309","label":null,"content_type":"test
        content type","value":"test value","tags":{"tag1":"tag1","tag2":"tag2"},"locked":false,"last_modified":"2019-12-05T23:07:39+00:00"},{"etag":"RRrzd4frjQJ1hRaLeKTn2y2wB52","key":"PYTHON_UNIT_test_key_a6af8952-54a6-11e9-b600-2816a84d0309","label":"test_label1_1d7b2b28-549e-11e9-b51c-2816a84d0309","content_type":"test
        content type","value":"test value","tags":{"tag1":"tag1","tag2":"tag2"},"locked":false,"last_modified":"2019-12-05T23:07:39+00:00"},{"etag":"7764EldGm9Wg67qqXNXHmloAe2O","key":"PYTHON_UNIT_test_key_a6af8952-54a6-11e9-b600-2816a84d0309","label":null,"content_type":"test
        content type","value":"test value","tags":{"tag1":"tag1","tag2":"tag2"},"locked":false,"last_modified":"2019-12-05T23:07:38+00:00"},{"etag":"dCj8qra5WxTJs9AsWRI0SMoXjKH","key":"PYTHON_UNIT_test_key_a6af8952-54a6-11e9-b600-2816a84d0309","label":"test_label1_1d7b2b28-549e-11e9-b51c-2816a84d0309","content_type":"test
        content type","value":"test value","tags":{"tag1":"tag1","tag2":"tag2"},"locked":false,"last_modified":"2019-12-05T23:07:38+00:00"},{"etag":"kOkZfvVpKOo1wuUAdQNLxLuslTO","key":"PYTHON_UNIT_test_key_a6af8952-54a6-11e9-b600-2816a84d0309","label":null,"content_type":"test
        content type","value":"test value","tags":{"tag1":"tag1","tag2":"tag2"},"locked":false,"last_modified":"2019-12-05T23:07:37+00:00"},{"etag":"HCoSgQJfeJoQEfgjacZSs7jPiqx","key":"PYTHON_UNIT_test_key_a6af8952-54a6-11e9-b600-2816a84d0309","label":"test_label1_1d7b2b28-549e-11e9-b51c-2816a84d0309","content_type":"test
        content type","value":"test value","tags":{"tag1":"tag1","tag2":"tag2"},"locked":false,"last_modified":"2019-12-05T23:07:37+00:00"},{"etag":"x91IyFhH6GOzQq5K0Ep8zlbthiD","key":"PYTHON_UNIT_test_key_a6af8952-54a6-11e9-b600-2816a84d0309","label":null,"content_type":"test
        content type","value":"test value","tags":{"tag1":"tag1","tag2":"tag2"},"locked":false,"last_modified":"2019-12-05T23:07:36+00:00"},{"etag":"X9EHHBPt37RDBwoW9XzHeXHnRlv","key":"PYTHON_UNIT_test_key_a6af8952-54a6-11e9-b600-2816a84d0309","label":"test_label1_1d7b2b28-549e-11e9-b51c-2816a84d0309","content_type":"test
        content type","value":"test value","tags":{"tag1":"tag1","tag2":"tag2"},"locked":false,"last_modified":"2019-12-05T23:07:36+00:00"},{"etag":"7ATUFHviqqu6E02QmrePe0LBPqa","key":"PYTHON_UNIT_test_key_a6af8952-54a6-11e9-b600-2816a84d0309","label":null,"content_type":"test
        content type","value":"test value","tags":{"tag1":"tag1","tag2":"tag2"},"locked":false,"last_modified":"2019-12-05T23:07:35+00:00"},{"etag":"FN8xqBE311SD3CuNg0zLRb6sQtr","key":"PYTHON_UNIT_test_key_a6af8952-54a6-11e9-b600-2816a84d0309","label":null,"content_type":"test
        content type","value":"test value","tags":{"tag1":"tag1","tag2":"tag2"},"locked":true,"last_modified":"2019-12-05T23:07:35+00:00"},{"etag":"FLsLpkT5lWFB1Y2MsiypozbUs8x","key":"PYTHON_UNIT_test_key_a6af8952-54a6-11e9-b600-2816a84d0309","label":null,"content_type":"test
        content type","value":"test value","tags":{"tag1":"tag1","tag2":"tag2"},"locked":false,"last_modified":"2019-12-05T23:07:35+00:00"},{"etag":"ABv7ljPaC3q7ePfdA67N9zZ5w00","key":"PYTHON_UNIT_test_key_a6af8952-54a6-11e9-b600-2816a84d0309","label":"test_label1_1d7b2b28-549e-11e9-b51c-2816a84d0309","content_type":"test
        content type","value":"test value","tags":{"tag1":"tag1","tag2":"tag2"},"locked":false,"last_modified":"2019-12-05T23:07:35+00:00"},{"etag":"CxEgaGkqT4e2EECJS9m4475QUWz","key":"PYTHON_UNIT_test_key_a6af8952-54a6-11e9-b600-2816a84d0309","label":null,"content_type":"test
        content type","value":"test value","tags":{"tag1":"tag1","tag2":"tag2"},"locked":false,"last_modified":"2019-12-05T23:07:34+00:00"},{"etag":"yI1jiqcMIhXz8IYiXPMDVS7Vjct","key":"PYTHON_UNIT_test_key_a6af8952-54a6-11e9-b600-2816a84d0309","label":"test_label1_1d7b2b28-549e-11e9-b51c-2816a84d0309","content_type":"test
        content type","value":"test value","tags":{"tag1":"tag1","tag2":"tag2"},"locked":false,"last_modified":"2019-12-05T23:07:34+00:00"},{"etag":"hum4WYNbyt7q7PYxmuVEpkWmj3l","key":"PYTHON_UNIT_test_key_a6af8952-54a6-11e9-b600-2816a84d0309","label":null,"content_type":"test
        content type","value":"test value","tags":{"tag1":"tag1","tag2":"tag2"},"locked":false,"last_modified":"2019-12-05T23:07:33+00:00"},{"etag":"smZDM8SiBi4UmrpRyrpU8I5a4EY","key":"PYTHON_UNIT_test_key_a6af8952-54a6-11e9-b600-2816a84d0309","label":"test_label1_1d7b2b28-549e-11e9-b51c-2816a84d0309","content_type":"test
        content type","value":"test value","tags":{"tag1":"tag1","tag2":"tag2"},"locked":false,"last_modified":"2019-12-05T23:07:33+00:00"},{"etag":"2jx3MrOVxvAfyQHyZ0VUeyJ8XLi","key":"PYTHON_UNIT_test_key_a6af8952-54a6-11e9-b600-2816a84d0309","label":null,"content_type":"test
        content type","value":"test value","tags":{"tag1":"tag1","tag2":"tag2"},"locked":false,"last_modified":"2019-12-05T23:07:32+00:00"},{"etag":"0HCT9ZtQbLFezXlzkwTnkj8fhlX","key":"PYTHON_UNIT_test_key_a6af8952-54a6-11e9-b600-2816a84d0309","label":"test_label1_1d7b2b28-549e-11e9-b51c-2816a84d0309","content_type":"test
        content type","value":"test value","tags":{"tag1":"tag1","tag2":"tag2"},"locked":false,"last_modified":"2019-12-05T23:07:32+00:00"},{"etag":"HSoQpxChRPRHZgT2EB6cQuXSjEm","key":"PYTHON_UNIT_test_key_a6af8952-54a6-11e9-b600-2816a84d0309","label":null,"content_type":"test
        content type","value":"test value","tags":{"tag1":"tag1","tag2":"tag2"},"locked":false,"last_modified":"2019-12-05T23:07:31+00:00"},{"etag":"CzD0kGEl41cNyFdY87q3Rs37neo","key":"PYTHON_UNIT_test_key_a6af8952-54a6-11e9-b600-2816a84d0309","label":"test_label1_1d7b2b28-549e-11e9-b51c-2816a84d0309","content_type":"test
        content type","value":"test value","tags":{"tag1":"tag1","tag2":"tag2"},"locked":false,"last_modified":"2019-12-05T23:07:31+00:00"},{"etag":"to3ITWTA1U8cSAePAR1US66xfDX","key":"PYTHON_UNIT_test_key_a6af8952-54a6-11e9-b600-2816a84d0309","label":"test_label1_1d7b2b28-549e-11e9-b51c-2816a84d0309","content_type":"test
        content type","value":"test valuea","tags":{"a":"b","c":"d"},"locked":false,"last_modified":"2019-12-05T23:05:51+00:00"},{"etag":"QXHkgTz2MlzkLnAbf056znG0Rrg","key":"PYTHON_UNIT_test_key_a6af8952-54a6-11e9-b600-2816a84d0309","label":"test_label1_1d7b2b28-549e-11e9-b51c-2816a84d0309","content_type":"test
        content type","value":"test value","tags":{"tag1":"tag1","tag2":"tag2"},"locked":false,"last_modified":"2019-12-05T23:05:51+00:00"},{"etag":"k7t0c9K0bXoFxEoko0o8tPudUqU","key":"PYTHON_UNIT_test_key_a6af8952-54a6-11e9-b600-2816a84d0309","label":"test_label1_1d7b2b28-549e-11e9-b51c-2816a84d0309","content_type":"test
        content type","value":"test value","tags":{"tag1":"tag1","tag2":"tag2"},"locked":true,"last_modified":"2019-12-05T23:05:51+00:00"},{"etag":"rOwphQ181E97GqftJqnhMdT7Ltn","key":"PYTHON_UNIT_test_key_a6af8952-54a6-11e9-b600-2816a84d0309","label":null,"content_type":"test
        content type","value":"test value","tags":{"tag1":"tag1","tag2":"tag2"},"locked":false,"last_modified":"2019-12-05T23:05:51+00:00"},{"etag":"i4hAtPgeI0y124uBAnYNxYt0XnQ","key":"PYTHON_UNIT_test_key_a6af8952-54a6-11e9-b600-2816a84d0309","label":"test_label1_1d7b2b28-549e-11e9-b51c-2816a84d0309","content_type":"test
        content type","value":"test value","tags":{"tag1":"tag1","tag2":"tag2"},"locked":false,"last_modified":"2019-12-05T23:05:51+00:00"},{"etag":"sN0TgEcin5LyTz9Pi9hJh3ykv3P","key":"PYTHON_UNIT_test_key_a6af8952-54a6-11e9-b600-2816a84d0309","label":null,"content_type":"test
        content type","value":"test value","tags":{"tag1":"tag1","tag2":"tag2"},"locked":false,"last_modified":"2019-12-05T23:05:50+00:00"},{"etag":"l93z6G1iQJ6NwPRPLtUTlzlMdar","key":"PYTHON_UNIT_test_key_a6af8952-54a6-11e9-b600-2816a84d0309","label":"test_label1_1d7b2b28-549e-11e9-b51c-2816a84d0309","content_type":"test
        content type","value":"test value","tags":{"tag1":"tag1","tag2":"tag2"},"locked":false,"last_modified":"2019-12-05T23:05:50+00:00"},{"etag":"8c1sNZiEt4z3yVVOOmIA0MtoTfX","key":"PYTHON_UNIT_test_key_a6af8952-54a6-11e9-b600-2816a84d0309","label":"test_label1_1d7b2b28-549e-11e9-b51c-2816a84d0309","content_type":"test
        content type","value":"test valuea","tags":{"a":"b","c":"d"},"locked":false,"last_modified":"2019-12-05T23:05:49+00:00"},{"etag":"Z6u3McLM73SyeBKW4WI2ulOZNmB","key":"PYTHON_UNIT_test_key_a6af8952-54a6-11e9-b600-2816a84d0309","label":null,"content_type":"test
        content type","value":"test value","tags":{"tag1":"tag1","tag2":"tag2"},"locked":false,"last_modified":"2019-12-05T23:05:49+00:00"},{"etag":"ZP3vS9DS3qfpmqayjY4BNkj6B9Y","key":"PYTHON_UNIT_test_key_a6af8952-54a6-11e9-b600-2816a84d0309","label":"test_label1_1d7b2b28-549e-11e9-b51c-2816a84d0309","content_type":"test
        content type","value":"test value","tags":{"tag1":"tag1","tag2":"tag2"},"locked":false,"last_modified":"2019-12-05T23:05:49+00:00"},{"etag":"lSoaC1y3xeYfTauvqdql8Cdopm9","key":"PYTHON_UNIT_test_key_a6af8952-54a6-11e9-b600-2816a84d0309","label":null,"content_type":"test
        content type","value":"test value","tags":{"tag1":"tag1","tag2":"tag2"},"locked":false,"last_modified":"2019-12-05T23:05:48+00:00"},{"etag":"GUBwrwafkiMGgjTXzRplAMIwn08","key":"PYTHON_UNIT_test_key_a6af8952-54a6-11e9-b600-2816a84d0309","label":"test_label1_1d7b2b28-549e-11e9-b51c-2816a84d0309","content_type":"test
        content type","value":"test value","tags":{"tag1":"tag1","tag2":"tag2"},"locked":false,"last_modified":"2019-12-05T23:05:48+00:00"},{"etag":"ffL1zS2I1HIe0qrHsed52cWIcHc","key":"PYTHON_UNIT_test_key_a6af8952-54a6-11e9-b600-2816a84d0309","label":null,"content_type":"test
        content type","value":"test value","tags":{"tag1":"tag1","tag2":"tag2"},"locked":false,"last_modified":"2019-12-05T23:05:47+00:00"},{"etag":"L4mlAhBFBzSTFc330m7RMflEXP1","key":"PYTHON_UNIT_test_key_a6af8952-54a6-11e9-b600-2816a84d0309","label":"test_label1_1d7b2b28-549e-11e9-b51c-2816a84d0309","content_type":"test
        content type","value":"test value","tags":{"tag1":"tag1","tag2":"tag2"},"locked":false,"last_modified":"2019-12-05T23:05:47+00:00"},{"etag":"TwxennYe7960Ukqkoror9dIHNpy","key":"PYTHON_UNIT_test_key_a6af8952-54a6-11e9-b600-2816a84d0309","label":null,"content_type":"test
        content type","value":"test value","tags":{"tag1":"tag1","tag2":"tag2"},"locked":false,"last_modified":"2019-12-05T23:05:46+00:00"},{"etag":"f4TDxZPPjkfO04exRz2s1ogMgs0","key":"PYTHON_UNIT_test_key_a6af8952-54a6-11e9-b600-2816a84d0309","label":null,"content_type":"test
        content type","value":"test value","tags":{"tag1":"tag1","tag2":"tag2"},"locked":true,"last_modified":"2019-12-05T23:05:46+00:00"},{"etag":"3u33Pi9LzfI5FrxKq9tx7YIT3XQ","key":"PYTHON_UNIT_test_key_a6af8952-54a6-11e9-b600-2816a84d0309","label":null,"content_type":"test
        content type","value":"test value","tags":{"tag1":"tag1","tag2":"tag2"},"locked":false,"last_modified":"2019-12-05T23:05:46+00:00"},{"etag":"MCks0QqrKXvgd0wjYh1AFUP9e3e","key":"PYTHON_UNIT_test_key_a6af8952-54a6-11e9-b600-2816a84d0309","label":"test_label1_1d7b2b28-549e-11e9-b51c-2816a84d0309","content_type":"test
        content type","value":"test value","tags":{"tag1":"tag1","tag2":"tag2"},"locked":false,"last_modified":"2019-12-05T23:05:46+00:00"},{"etag":"h25Fk0YoKiEcP4VHDfzLcBqnXBn","key":"PYTHON_UNIT_test_key_a6af8952-54a6-11e9-b600-2816a84d0309","label":null,"content_type":"test
        content type","value":"test value","tags":{"tag1":"tag1","tag2":"tag2"},"locked":false,"last_modified":"2019-12-05T23:05:45+00:00"},{"etag":"Jej6FTzIItTLB5Oeab59q7e2vzo","key":"PYTHON_UNIT_test_key_a6af8952-54a6-11e9-b600-2816a84d0309","label":"test_label1_1d7b2b28-549e-11e9-b51c-2816a84d0309","content_type":"test
        content type","value":"test value","tags":{"tag1":"tag1","tag2":"tag2"},"locked":false,"last_modified":"2019-12-05T23:05:45+00:00"},{"etag":"gFDdvTetdU8Q067Ucn4GYqp9Mko","key":"PYTHON_UNIT_test_key_a6af8952-54a6-11e9-b600-2816a84d0309","label":null,"content_type":"test
        content type","value":"test value","tags":{"tag1":"tag1","tag2":"tag2"},"locked":false,"last_modified":"2019-12-05T23:05:44+00:00"},{"etag":"0IedB7BsJSMwMTQs7jM8Sv9OICo","key":"PYTHON_UNIT_test_key_a6af8952-54a6-11e9-b600-2816a84d0309","label":"test_label1_1d7b2b28-549e-11e9-b51c-2816a84d0309","content_type":"test
        content type","value":"test value","tags":{"tag1":"tag1","tag2":"tag2"},"locked":false,"last_modified":"2019-12-05T23:05:44+00:00"},{"etag":"Y9n3ZXeMVtd79oYCvT3lc3CpVd0","key":"PYTHON_UNIT_test_key_a6af8952-54a6-11e9-b600-2816a84d0309","label":null,"content_type":"test
        content type","value":"test value","tags":{"tag1":"tag1","tag2":"tag2"},"locked":false,"last_modified":"2019-12-05T23:05:43+00:00"},{"etag":"rb5peIHH2AEyN5ivF5szK6Qx53D","key":"PYTHON_UNIT_test_key_a6af8952-54a6-11e9-b600-2816a84d0309","label":"test_label1_1d7b2b28-549e-11e9-b51c-2816a84d0309","content_type":"test
        content type","value":"test value","tags":{"tag1":"tag1","tag2":"tag2"},"locked":false,"last_modified":"2019-12-05T23:05:42+00:00"},{"etag":"jj1GOTDUobAFeeIwnkzSDxO8sD8","key":"PYTHON_UNIT_test_key_a6af8952-54a6-11e9-b600-2816a84d0309","label":null,"content_type":"test
        content type","value":"test value","tags":{"tag1":"tag1","tag2":"tag2"},"locked":false,"last_modified":"2019-12-05T23:05:42+00:00"},{"etag":"2ruiDktVgZm4ZuSw38dEnWMtARD","key":"PYTHON_UNIT_test_key_a6af8952-54a6-11e9-b600-2816a84d0309","label":"test_label1_1d7b2b28-549e-11e9-b51c-2816a84d0309","content_type":"test
        content type","value":"test value","tags":{"tag1":"tag1","tag2":"tag2"},"locked":false,"last_modified":"2019-12-05T23:05:41+00:00"},{"etag":"HW454w9o39dRHoZHCFZjZnuAZFK","key":"PYTHON_UNIT_test_key_a6af8952-54a6-11e9-b600-2816a84d0309","label":null,"content_type":"test
        content type","value":"test value","tags":{"tag1":"tag1","tag2":"tag2"},"locked":false,"last_modified":"2019-12-05T23:05:40+00:00"},{"etag":"fCgJQN8hpKj4muziX7k1IELA1Kk","key":"PYTHON_UNIT_test_key_a6af8952-54a6-11e9-b600-2816a84d0309","label":"test_label1_1d7b2b28-549e-11e9-b51c-2816a84d0309","content_type":"test
        content type","value":"test value","tags":{"tag1":"tag1","tag2":"tag2"},"locked":false,"last_modified":"2019-12-05T23:05:40+00:00"},{"etag":"r1mtiTGrAiGbXW5i7NzVLEpPFDk","key":"PYTHON_UNIT_test_key_a6af8952-54a6-11e9-b600-2816a84d0309","label":"test_label2_*,
        \\1d7b2b28-549e-11e9-b51c-2816a84d0309","content_type":null,"value":"test
        value","tags":{},"locked":false,"last_modified":"2019-12-05T23:05:40+00:00"},{"etag":"8BxmgHIZaIQmqSh87P9VF2id4A4","key":"PYTHON_UNIT_test_key_a6af8952-54a6-11e9-b600-2816a84d0309","label":null,"content_type":"test
        content type","value":"test value","tags":{"tag1":"tag1","tag2":"tag2"},"locked":false,"last_modified":"2019-12-05T23:05:39+00:00"},{"etag":"XLi6isrswVV88BVuRvNilmYu2ST","key":"PYTHON_UNIT_test_key_a6af8952-54a6-11e9-b600-2816a84d0309","label":"test_label1_1d7b2b28-549e-11e9-b51c-2816a84d0309","content_type":"test
        content type","value":"test value","tags":{"tag1":"tag1","tag2":"tag2"},"locked":false,"last_modified":"2019-12-05T23:05:39+00:00"},{"etag":"VJ3zTKCWU7kz7rHNbfOAffTfiS3","key":"PYTHON_UNIT_test_key_a6af8952-54a6-11e9-b600-2816a84d0309","label":null,"content_type":"test
        content type","value":"test value","tags":{"tag1":"tag1","tag2":"tag2"},"locked":false,"last_modified":"2019-12-05T23:05:38+00:00"},{"etag":"G9Ge7DBcic3VjwFuzQeuOKFX1DC","key":"PYTHON_UNIT_test_key_a6af8952-54a6-11e9-b600-2816a84d0309","label":"test_label1_1d7b2b28-549e-11e9-b51c-2816a84d0309","content_type":"test
        content type","value":"test value","tags":{"tag1":"tag1","tag2":"tag2"},"locked":false,"last_modified":"2019-12-05T23:05:38+00:00"},{"etag":"ef73gLs85FlM86GPPjTSs10rSmp","key":"PYTHON_UNIT_test_key_a6af8952-54a6-11e9-b600-2816a84d0309","label":null,"content_type":"test
        content type","value":"test value","tags":{"tag1":"tag1","tag2":"tag2"},"locked":false,"last_modified":"2019-12-05T23:05:37+00:00"},{"etag":"mWwnxgLdLLsBIL9my0nDh4dpDXg","key":"PYTHON_UNIT_test_key_a6af8952-54a6-11e9-b600-2816a84d0309","label":"test_label1_1d7b2b28-549e-11e9-b51c-2816a84d0309","content_type":"test
        content type","value":"test value","tags":{"tag1":"tag1","tag2":"tag2"},"locked":false,"last_modified":"2019-12-05T23:05:37+00:00"},{"etag":"zYfxhxrzhm0FkMhrtIT98NWHo8B","key":"PYTHON_UNIT_test_key_a6af8952-54a6-11e9-b600-2816a84d0309","label":null,"content_type":"test
        content type","value":"test value","tags":{"tag1":"tag1","tag2":"tag2"},"locked":false,"last_modified":"2019-12-05T23:05:36+00:00"},{"etag":"8qqo2No45kTUs7II653OklnSlzS","key":"PYTHON_UNIT_test_key_a6af8952-54a6-11e9-b600-2816a84d0309","label":"test_label1_1d7b2b28-549e-11e9-b51c-2816a84d0309","content_type":"test
        content type","value":"test value","tags":{"tag1":"tag1","tag2":"tag2"},"locked":false,"last_modified":"2019-12-05T23:05:36+00:00"},{"etag":"YsVJ83lJ4Ht1CIfnn84s1zdbgxz","key":"PYTHON_UNIT_test_key_a6af8952-54a6-11e9-b600-2816a84d0309","label":null,"content_type":"test
        content type","value":"test value","tags":{"tag1":"tag1","tag2":"tag2"},"locked":false,"last_modified":"2019-12-05T23:05:35+00:00"},{"etag":"mrC1oUsnjbFgYHc1XO5mcBCPRWP","key":"PYTHON_UNIT_test_key_a6af8952-54a6-11e9-b600-2816a84d0309","label":"test_label1_1d7b2b28-549e-11e9-b51c-2816a84d0309","content_type":"test
        content type","value":"test value","tags":{"tag1":"tag1","tag2":"tag2"},"locked":false,"last_modified":"2019-12-05T23:05:35+00:00"},{"etag":"9dwu57BBLrX3vjA6PyhPqKkU0b2","key":"PYTHON_UNIT_test_key_a6af8952-54a6-11e9-b600-2816a84d0309","label":null,"content_type":"test
        content type","value":"test value","tags":{"tag1":"tag1","tag2":"tag2"},"locked":false,"last_modified":"2019-12-05T23:05:23+00:00"},{"etag":"BFT2JcqETIJzWR7T2dJmvWgCCW2","key":"PYTHON_UNIT_test_key_a6af8952-54a6-11e9-b600-2816a84d0309","label":"test_label1_1d7b2b28-549e-11e9-b51c-2816a84d0309","content_type":"test
        content type","value":"test value","tags":{"tag1":"tag1","tag2":"tag2"},"locked":false,"last_modified":"2019-12-05T23:05:22+00:00"},{"etag":"koF8HiP9D8qWme4ymShynQ3dxYs","key":"PYTHON_UNIT_test_key_a6af8952-54a6-11e9-b600-2816a84d0309","label":null,"content_type":"test
        content type","value":"test value","tags":{"tag1":"tag1","tag2":"tag2"},"locked":false,"last_modified":"2019-12-05T23:05:22+00:00"},{"etag":"3FhK2FSDVfxX3JB2NdbAqzVWBqN","key":"PYTHON_UNIT_test_key_a6af8952-54a6-11e9-b600-2816a84d0309","label":"test_label1_1d7b2b28-549e-11e9-b51c-2816a84d0309","content_type":"test
        content type","value":"test value","tags":{"tag1":"tag1","tag2":"tag2"},"locked":false,"last_modified":"2019-12-05T23:05:21+00:00"},{"etag":"FMzpH3Jzeedu4x4ae9QDdf7SwjH","key":"PYTHON_UNIT_test_key_a6af8952-54a6-11e9-b600-2816a84d0309","label":null,"content_type":"test
        content type","value":"test value","tags":{"tag1":"tag1","tag2":"tag2"},"locked":false,"last_modified":"2019-12-05T23:05:21+00:00"},{"etag":"Wh7dCjltG8cNd3Rwr9QiXbHual3","key":"PYTHON_UNIT_test_key_a6af8952-54a6-11e9-b600-2816a84d0309","label":"test_label1_1d7b2b28-549e-11e9-b51c-2816a84d0309","content_type":"test
        content type","value":"test value","tags":{"tag1":"tag1","tag2":"tag2"},"locked":false,"last_modified":"2019-12-05T23:05:20+00:00"},{"etag":"zobN5782XnqdMdhowZ8aReaAukd","key":"PYTHON_UNIT_test_key_a6af8952-54a6-11e9-b600-2816a84d0309","label":null,"content_type":"test
        content type","value":"test value","tags":{"tag1":"tag1","tag2":"tag2"},"locked":false,"last_modified":"2019-12-05T23:05:20+00:00"},{"etag":"ZuiJsMgDdQUHd628F1ffIFk71bf","key":"PYTHON_UNIT_test_key_a6af8952-54a6-11e9-b600-2816a84d0309","label":"test_label1_1d7b2b28-549e-11e9-b51c-2816a84d0309","content_type":"test
        content type","value":"test value","tags":{"tag1":"tag1","tag2":"tag2"},"locked":false,"last_modified":"2019-12-05T23:05:20+00:00"}],"@nextLink":"/revisions?key=PYTHON_UNIT_test_key_a6af8952-54a6-11e9-b600-2816a84d0309&api-version=1.0&after=MTU3NTU4NzEyMA%3D%3D"}'
    headers:
      accept-ranges:
      - items
      access-control-allow-credentials:
      - 'true'
      access-control-allow-headers:
      - DNT, X-CustomHeader, Keep-Alive, User-Agent, X-Requested-With, If-Modified-Since,
        Cache-Control, Content-Type, Authorization, x-ms-client-request-id, x-ms-content-sha256,
        x-ms-date, host, Accept, Accept-Datetime, Date, If-Match, If-None-Match, Sync-Token,
        x-ms-return-client-request-id, ETag, Last-Modified, Link, Memento-Datetime,
        x-ms-retry-after, x-ms-request-id, WWW-Authenticate
      access-control-allow-methods:
      - GET, PUT, POST, DELETE, PATCH, OPTIONS
      access-control-allow-origin:
      - '*'
      access-control-expose-headers:
      - DNT, X-CustomHeader, Keep-Alive, User-Agent, X-Requested-With, If-Modified-Since,
        Cache-Control, Content-Type, Authorization, x-ms-client-request-id, x-ms-content-sha256,
        x-ms-date, host, Accept, Accept-Datetime, Date, If-Match, If-None-Match, Sync-Token,
        x-ms-return-client-request-id, ETag, Last-Modified, Link, Memento-Datetime,
        x-ms-retry-after, x-ms-request-id, WWW-Authenticate
      connection:
      - keep-alive
      content-type:
      - application/vnd.microsoft.appconfig.kvset+json; charset=utf-8
      date:
      - Thu, 05 Dec 2019 23:08:05 GMT
      link:
      - </revisions?key=PYTHON_UNIT_test_key_a6af8952-54a6-11e9-b600-2816a84d0309&api-version=1.0&after=MTU3NTU4NzEyMA%3D%3D>;
        rel="next"
      server:
      - openresty/1.15.8.1
      strict-transport-security:
      - max-age=15724800; includeSubDomains
      sync-token:
      - zAJw6V16=MDotMSM3MjU4ODY=;sn=725886
      transfer-encoding:
      - chunked
    status:
      code: 200
      message: OK
- request:
    body: null
    headers:
      Accept:
      - application/vnd.microsoft.appconfig.kvset+json
      Accept-Encoding:
      - gzip, deflate
      Connection:
      - keep-alive
      Sync-Token:
      - zAJw6V16=MDotMSM3MjU4ODY=
      User-Agent:
      - azsdk-python-appconfiguration/1.0.0b6 Python/3.7.2 (Windows-10-10.0.18362-SP0)
    method: GET
    uri: https://xyappconfig.azconfig.io/revisions?key=PYTHON_UNIT_test_key_a6af8952-54a6-11e9-b600-2816a84d0309&api-version=1.0&after=MTU3NTU4NzEyMA%3D%3D
  response:
    body:
      string: '{"items":[{"etag":"9Ar53g75jkWzzAjXEaLq685fqWx","key":"PYTHON_UNIT_test_key_a6af8952-54a6-11e9-b600-2816a84d0309","label":null,"content_type":"test
        content type","value":"test value","tags":{"tag1":"tag1","tag2":"tag2"},"locked":false,"last_modified":"2019-12-05T23:08:06+00:00"},{"etag":"68EdqWmNl3OYgGqqUK3M5OMFyUM","key":"PYTHON_UNIT_test_key_a6af8952-54a6-11e9-b600-2816a84d0309","label":"test_label1_1d7b2b28-549e-11e9-b51c-2816a84d0309","content_type":"test
        content type","value":"test value","tags":{"tag1":"tag1","tag2":"tag2"},"locked":false,"last_modified":"2019-12-05T23:08:06+00:00"},{"etag":"77qU0xJ4p8iJb4urc2U6ZRCpnZJ","key":"PYTHON_UNIT_test_key_a6af8952-54a6-11e9-b600-2816a84d0309","label":null,"content_type":"test
        content type","value":"test value","tags":{"tag1":"tag1","tag2":"tag2"},"locked":false,"last_modified":"2019-12-05T23:08:05+00:00"},{"etag":"nKgG9Yk3DTD8zJdAkSz5zkhvQ6M","key":"PYTHON_UNIT_test_key_a6af8952-54a6-11e9-b600-2816a84d0309","label":"test_label1_1d7b2b28-549e-11e9-b51c-2816a84d0309","content_type":"test
        content type","value":"test value","tags":{"tag1":"tag1","tag2":"tag2"},"locked":false,"last_modified":"2019-12-05T23:08:05+00:00"},{"etag":"W4105cxbj9PGZADUqnvNDbCfVTu","key":"PYTHON_UNIT_test_key_a6af8952-54a6-11e9-b600-2816a84d0309","label":null,"content_type":"test
        content type","value":"test value","tags":{"tag1":"tag1","tag2":"tag2"},"locked":false,"last_modified":"2019-12-05T23:08:04+00:00"},{"etag":"OQhX12uMn5Mo34TOSmkR8QrV8hL","key":"PYTHON_UNIT_test_key_a6af8952-54a6-11e9-b600-2816a84d0309","label":"test_label1_1d7b2b28-549e-11e9-b51c-2816a84d0309","content_type":"test
        content type","value":"test value","tags":{"tag1":"tag1","tag2":"tag2"},"locked":false,"last_modified":"2019-12-05T23:08:04+00:00"},{"etag":"bKxCKMdpb9zROCzPKnOFSjVcUCl","key":"PYTHON_UNIT_test_key_a6af8952-54a6-11e9-b600-2816a84d0309","label":null,"content_type":"test
        content type","value":"test value","tags":{"tag1":"tag1","tag2":"tag2"},"locked":false,"last_modified":"2019-12-05T23:08:03+00:00"},{"etag":"RXBgQRxpud5xDy3KlCswSeSbxFW","key":"PYTHON_UNIT_test_key_a6af8952-54a6-11e9-b600-2816a84d0309","label":"test_label1_1d7b2b28-549e-11e9-b51c-2816a84d0309","content_type":"test
        content type","value":"test value","tags":{"tag1":"tag1","tag2":"tag2"},"locked":false,"last_modified":"2019-12-05T23:08:03+00:00"},{"etag":"DJddzcyJWGSBTvWimGTt2yKj5Qx","key":"PYTHON_UNIT_test_key_a6af8952-54a6-11e9-b600-2816a84d0309","label":"test_label2_*,
        \\1d7b2b28-549e-11e9-b51c-2816a84d0309","content_type":null,"value":"test
        value","tags":{},"locked":false,"last_modified":"2019-12-05T23:08:02+00:00"},{"etag":"FIoRh935Q6glRW3Si4Mi9pTlTPc","key":"PYTHON_UNIT_test_key_a6af8952-54a6-11e9-b600-2816a84d0309","label":null,"content_type":"test
        content type","value":"test value","tags":{"tag1":"tag1","tag2":"tag2"},"locked":false,"last_modified":"2019-12-05T23:08:02+00:00"},{"etag":"2Kk4ZBatdExSScuUL4FbcmopDJd","key":"PYTHON_UNIT_test_key_a6af8952-54a6-11e9-b600-2816a84d0309","label":"test_label1_1d7b2b28-549e-11e9-b51c-2816a84d0309","content_type":"test
        content type","value":"test value","tags":{"tag1":"tag1","tag2":"tag2"},"locked":false,"last_modified":"2019-12-05T23:08:02+00:00"},{"etag":"CuLQgW07kQJZCBSqBq1vMd1qNNg","key":"PYTHON_UNIT_test_key_a6af8952-54a6-11e9-b600-2816a84d0309","label":null,"content_type":"test
        content type","value":"test value","tags":{"tag1":"tag1","tag2":"tag2"},"locked":false,"last_modified":"2019-12-05T23:08:01+00:00"},{"etag":"aqRCXM61imJFA4uhnUVAK7eY9le","key":"PYTHON_UNIT_test_key_a6af8952-54a6-11e9-b600-2816a84d0309","label":"test_label1_1d7b2b28-549e-11e9-b51c-2816a84d0309","content_type":"test
        content type","value":"test value","tags":{"tag1":"tag1","tag2":"tag2"},"locked":false,"last_modified":"2019-12-05T23:08:01+00:00"},{"etag":"lOPClqAuXai53kqlJWrvwk2UmU8","key":"PYTHON_UNIT_test_key_a6af8952-54a6-11e9-b600-2816a84d0309","label":null,"content_type":"test
        content type","value":"test value","tags":{"tag1":"tag1","tag2":"tag2"},"locked":false,"last_modified":"2019-12-05T23:08:00+00:00"},{"etag":"8iKlUqY2oRRo168N6U62NSkCvFd","key":"PYTHON_UNIT_test_key_a6af8952-54a6-11e9-b600-2816a84d0309","label":"test_label1_1d7b2b28-549e-11e9-b51c-2816a84d0309","content_type":"test
        content type","value":"test value","tags":{"tag1":"tag1","tag2":"tag2"},"locked":false,"last_modified":"2019-12-05T23:08:00+00:00"},{"etag":"SZht2HlaASYIv3a5DUZszynMQ4n","key":"PYTHON_UNIT_test_key_a6af8952-54a6-11e9-b600-2816a84d0309","label":null,"content_type":"test
        content type","value":"test value","tags":{"tag1":"tag1","tag2":"tag2"},"locked":false,"last_modified":"2019-12-05T23:07:59+00:00"},{"etag":"sV9Wrt0akhkNxkOaxeVj5153BDz","key":"PYTHON_UNIT_test_key_a6af8952-54a6-11e9-b600-2816a84d0309","label":"test_label1_1d7b2b28-549e-11e9-b51c-2816a84d0309","content_type":"test
        content type","value":"test value","tags":{"tag1":"tag1","tag2":"tag2"},"locked":false,"last_modified":"2019-12-05T23:07:59+00:00"},{"etag":"XqofY7P3pCmzxzuWqYmspsUCURx","key":"PYTHON_UNIT_test_key_a6af8952-54a6-11e9-b600-2816a84d0309","label":null,"content_type":"test
        content type","value":"test value","tags":{"tag1":"tag1","tag2":"tag2"},"locked":false,"last_modified":"2019-12-05T23:07:58+00:00"},{"etag":"vfhulLK02yo7yr41j1RTvVNO2Bd","key":"PYTHON_UNIT_test_key_a6af8952-54a6-11e9-b600-2816a84d0309","label":"test_label1_1d7b2b28-549e-11e9-b51c-2816a84d0309","content_type":"test
        content type","value":"test value","tags":{"tag1":"tag1","tag2":"tag2"},"locked":false,"last_modified":"2019-12-05T23:07:58+00:00"},{"etag":"5Lrnwvul16T0yqIneS8GLx7PGCI","key":"PYTHON_UNIT_test_key_a6af8952-54a6-11e9-b600-2816a84d0309","label":null,"content_type":"test
        content type","value":"test value","tags":{"tag1":"tag1","tag2":"tag2"},"locked":false,"last_modified":"2019-12-05T23:07:46+00:00"},{"etag":"NIKniONBMTjFPC1oPFmclFoq5hK","key":"PYTHON_UNIT_test_key_a6af8952-54a6-11e9-b600-2816a84d0309","label":"test_label1_1d7b2b28-549e-11e9-b51c-2816a84d0309","content_type":"test
        content type","value":"test value","tags":{"tag1":"tag1","tag2":"tag2"},"locked":false,"last_modified":"2019-12-05T23:07:46+00:00"},{"etag":"fZkXBKMtQZMEfw3kcrFKdkEqcEn","key":"PYTHON_UNIT_test_key_a6af8952-54a6-11e9-b600-2816a84d0309","label":null,"content_type":"test
        content type","value":"test value","tags":{"tag1":"tag1","tag2":"tag2"},"locked":false,"last_modified":"2019-12-05T23:07:45+00:00"},{"etag":"9IyBjw8M2fRGjedm44TlOnu3kZ8","key":"PYTHON_UNIT_test_key_a6af8952-54a6-11e9-b600-2816a84d0309","label":"test_label1_1d7b2b28-549e-11e9-b51c-2816a84d0309","content_type":"test
        content type","value":"test value","tags":{"tag1":"tag1","tag2":"tag2"},"locked":false,"last_modified":"2019-12-05T23:07:45+00:00"},{"etag":"5wHiU90ukJJpUjolis2kzFaIqnf","key":"PYTHON_UNIT_test_key_a6af8952-54a6-11e9-b600-2816a84d0309","label":null,"content_type":"test
        content type","value":"test value","tags":{"tag1":"tag1","tag2":"tag2"},"locked":false,"last_modified":"2019-12-05T23:07:44+00:00"},{"etag":"8BEvijlHAnHgBghDKAbr60sYeZA","key":"PYTHON_UNIT_test_key_a6af8952-54a6-11e9-b600-2816a84d0309","label":"test_label1_1d7b2b28-549e-11e9-b51c-2816a84d0309","content_type":"test
        content type","value":"test value","tags":{"tag1":"tag1","tag2":"tag2"},"locked":false,"last_modified":"2019-12-05T23:07:44+00:00"},{"etag":"sD307BO2gus4DXTAkTIeYSRv3AS","key":"PYTHON_UNIT_test_key_a6af8952-54a6-11e9-b600-2816a84d0309","label":null,"content_type":"test
        content type","value":"test value","tags":{"tag1":"tag1","tag2":"tag2"},"locked":false,"last_modified":"2019-12-05T23:07:43+00:00"},{"etag":"689tZ1w1OtcQ7qG4tjUJC5fvvNe","key":"PYTHON_UNIT_test_key_a6af8952-54a6-11e9-b600-2816a84d0309","label":"test_label1_1d7b2b28-549e-11e9-b51c-2816a84d0309","content_type":"test
        content type","value":"test value","tags":{"tag1":"tag1","tag2":"tag2"},"locked":false,"last_modified":"2019-12-05T23:07:43+00:00"},{"etag":"6mhZIUOWjIzWjpAmNrFZDEeNA16","key":"PYTHON_UNIT_test_key_a6af8952-54a6-11e9-b600-2816a84d0309","label":null,"content_type":"test
        content type","value":"test value","tags":{"tag1":"tag1","tag2":"tag2"},"locked":false,"last_modified":"2019-12-05T23:07:42+00:00"},{"etag":"qyUWH6FRrOJyN0kqN5U8UyZu8TB","key":"PYTHON_UNIT_test_key_a6af8952-54a6-11e9-b600-2816a84d0309","label":"test_label1_1d7b2b28-549e-11e9-b51c-2816a84d0309","content_type":"test
        content type","value":"test value","tags":{"tag1":"tag1","tag2":"tag2"},"locked":false,"last_modified":"2019-12-05T23:07:42+00:00"},{"etag":"4IiDdAsDAeFEr1TDPVRet964RrH","key":"PYTHON_UNIT_test_key_a6af8952-54a6-11e9-b600-2816a84d0309","label":null,"content_type":"test
        content type","value":"test value","tags":{"tag1":"tag1","tag2":"tag2"},"locked":false,"last_modified":"2019-12-05T23:07:41+00:00"},{"etag":"F5wZB4y1eNd0iCBQV2cXsUnXT3o","key":"PYTHON_UNIT_test_key_a6af8952-54a6-11e9-b600-2816a84d0309","label":"test_label1_1d7b2b28-549e-11e9-b51c-2816a84d0309","content_type":"test
        content type","value":"test value","tags":{"tag1":"tag1","tag2":"tag2"},"locked":false,"last_modified":"2019-12-05T23:07:41+00:00"},{"etag":"7i2tlRMz7pWJ9Np2XGfLR2wVoXi","key":"PYTHON_UNIT_test_key_a6af8952-54a6-11e9-b600-2816a84d0309","label":null,"content_type":"test
        content type","value":"test value","tags":{"tag1":"tag1","tag2":"tag2"},"locked":false,"last_modified":"2019-12-05T23:07:40+00:00"},{"etag":"Eue69GCXPBBCuaEXnVyfNvKfYqs","key":"PYTHON_UNIT_test_key_a6af8952-54a6-11e9-b600-2816a84d0309","label":"test_label1_1d7b2b28-549e-11e9-b51c-2816a84d0309","content_type":"test
        content type","value":"test value","tags":{"tag1":"tag1","tag2":"tag2"},"locked":false,"last_modified":"2019-12-05T23:07:40+00:00"},{"etag":"JZE7yFSj54PRxrlQUgjnAaFUNIB","key":"PYTHON_UNIT_test_key_a6af8952-54a6-11e9-b600-2816a84d0309","label":null,"content_type":"test
        content type","value":"test value","tags":{"tag1":"tag1","tag2":"tag2"},"locked":false,"last_modified":"2019-12-05T23:07:39+00:00"},{"etag":"RRrzd4frjQJ1hRaLeKTn2y2wB52","key":"PYTHON_UNIT_test_key_a6af8952-54a6-11e9-b600-2816a84d0309","label":"test_label1_1d7b2b28-549e-11e9-b51c-2816a84d0309","content_type":"test
        content type","value":"test value","tags":{"tag1":"tag1","tag2":"tag2"},"locked":false,"last_modified":"2019-12-05T23:07:39+00:00"},{"etag":"7764EldGm9Wg67qqXNXHmloAe2O","key":"PYTHON_UNIT_test_key_a6af8952-54a6-11e9-b600-2816a84d0309","label":null,"content_type":"test
        content type","value":"test value","tags":{"tag1":"tag1","tag2":"tag2"},"locked":false,"last_modified":"2019-12-05T23:07:38+00:00"},{"etag":"dCj8qra5WxTJs9AsWRI0SMoXjKH","key":"PYTHON_UNIT_test_key_a6af8952-54a6-11e9-b600-2816a84d0309","label":"test_label1_1d7b2b28-549e-11e9-b51c-2816a84d0309","content_type":"test
        content type","value":"test value","tags":{"tag1":"tag1","tag2":"tag2"},"locked":false,"last_modified":"2019-12-05T23:07:38+00:00"},{"etag":"kOkZfvVpKOo1wuUAdQNLxLuslTO","key":"PYTHON_UNIT_test_key_a6af8952-54a6-11e9-b600-2816a84d0309","label":null,"content_type":"test
        content type","value":"test value","tags":{"tag1":"tag1","tag2":"tag2"},"locked":false,"last_modified":"2019-12-05T23:07:37+00:00"},{"etag":"HCoSgQJfeJoQEfgjacZSs7jPiqx","key":"PYTHON_UNIT_test_key_a6af8952-54a6-11e9-b600-2816a84d0309","label":"test_label1_1d7b2b28-549e-11e9-b51c-2816a84d0309","content_type":"test
        content type","value":"test value","tags":{"tag1":"tag1","tag2":"tag2"},"locked":false,"last_modified":"2019-12-05T23:07:37+00:00"},{"etag":"x91IyFhH6GOzQq5K0Ep8zlbthiD","key":"PYTHON_UNIT_test_key_a6af8952-54a6-11e9-b600-2816a84d0309","label":null,"content_type":"test
        content type","value":"test value","tags":{"tag1":"tag1","tag2":"tag2"},"locked":false,"last_modified":"2019-12-05T23:07:36+00:00"},{"etag":"X9EHHBPt37RDBwoW9XzHeXHnRlv","key":"PYTHON_UNIT_test_key_a6af8952-54a6-11e9-b600-2816a84d0309","label":"test_label1_1d7b2b28-549e-11e9-b51c-2816a84d0309","content_type":"test
        content type","value":"test value","tags":{"tag1":"tag1","tag2":"tag2"},"locked":false,"last_modified":"2019-12-05T23:07:36+00:00"},{"etag":"7ATUFHviqqu6E02QmrePe0LBPqa","key":"PYTHON_UNIT_test_key_a6af8952-54a6-11e9-b600-2816a84d0309","label":null,"content_type":"test
        content type","value":"test value","tags":{"tag1":"tag1","tag2":"tag2"},"locked":false,"last_modified":"2019-12-05T23:07:35+00:00"},{"etag":"FN8xqBE311SD3CuNg0zLRb6sQtr","key":"PYTHON_UNIT_test_key_a6af8952-54a6-11e9-b600-2816a84d0309","label":null,"content_type":"test
        content type","value":"test value","tags":{"tag1":"tag1","tag2":"tag2"},"locked":true,"last_modified":"2019-12-05T23:07:35+00:00"},{"etag":"FLsLpkT5lWFB1Y2MsiypozbUs8x","key":"PYTHON_UNIT_test_key_a6af8952-54a6-11e9-b600-2816a84d0309","label":null,"content_type":"test
        content type","value":"test value","tags":{"tag1":"tag1","tag2":"tag2"},"locked":false,"last_modified":"2019-12-05T23:07:35+00:00"},{"etag":"ABv7ljPaC3q7ePfdA67N9zZ5w00","key":"PYTHON_UNIT_test_key_a6af8952-54a6-11e9-b600-2816a84d0309","label":"test_label1_1d7b2b28-549e-11e9-b51c-2816a84d0309","content_type":"test
        content type","value":"test value","tags":{"tag1":"tag1","tag2":"tag2"},"locked":false,"last_modified":"2019-12-05T23:07:35+00:00"},{"etag":"CxEgaGkqT4e2EECJS9m4475QUWz","key":"PYTHON_UNIT_test_key_a6af8952-54a6-11e9-b600-2816a84d0309","label":null,"content_type":"test
        content type","value":"test value","tags":{"tag1":"tag1","tag2":"tag2"},"locked":false,"last_modified":"2019-12-05T23:07:34+00:00"},{"etag":"yI1jiqcMIhXz8IYiXPMDVS7Vjct","key":"PYTHON_UNIT_test_key_a6af8952-54a6-11e9-b600-2816a84d0309","label":"test_label1_1d7b2b28-549e-11e9-b51c-2816a84d0309","content_type":"test
        content type","value":"test value","tags":{"tag1":"tag1","tag2":"tag2"},"locked":false,"last_modified":"2019-12-05T23:07:34+00:00"},{"etag":"hum4WYNbyt7q7PYxmuVEpkWmj3l","key":"PYTHON_UNIT_test_key_a6af8952-54a6-11e9-b600-2816a84d0309","label":null,"content_type":"test
        content type","value":"test value","tags":{"tag1":"tag1","tag2":"tag2"},"locked":false,"last_modified":"2019-12-05T23:07:33+00:00"},{"etag":"smZDM8SiBi4UmrpRyrpU8I5a4EY","key":"PYTHON_UNIT_test_key_a6af8952-54a6-11e9-b600-2816a84d0309","label":"test_label1_1d7b2b28-549e-11e9-b51c-2816a84d0309","content_type":"test
        content type","value":"test value","tags":{"tag1":"tag1","tag2":"tag2"},"locked":false,"last_modified":"2019-12-05T23:07:33+00:00"},{"etag":"2jx3MrOVxvAfyQHyZ0VUeyJ8XLi","key":"PYTHON_UNIT_test_key_a6af8952-54a6-11e9-b600-2816a84d0309","label":null,"content_type":"test
        content type","value":"test value","tags":{"tag1":"tag1","tag2":"tag2"},"locked":false,"last_modified":"2019-12-05T23:07:32+00:00"},{"etag":"0HCT9ZtQbLFezXlzkwTnkj8fhlX","key":"PYTHON_UNIT_test_key_a6af8952-54a6-11e9-b600-2816a84d0309","label":"test_label1_1d7b2b28-549e-11e9-b51c-2816a84d0309","content_type":"test
        content type","value":"test value","tags":{"tag1":"tag1","tag2":"tag2"},"locked":false,"last_modified":"2019-12-05T23:07:32+00:00"},{"etag":"HSoQpxChRPRHZgT2EB6cQuXSjEm","key":"PYTHON_UNIT_test_key_a6af8952-54a6-11e9-b600-2816a84d0309","label":null,"content_type":"test
        content type","value":"test value","tags":{"tag1":"tag1","tag2":"tag2"},"locked":false,"last_modified":"2019-12-05T23:07:31+00:00"},{"etag":"CzD0kGEl41cNyFdY87q3Rs37neo","key":"PYTHON_UNIT_test_key_a6af8952-54a6-11e9-b600-2816a84d0309","label":"test_label1_1d7b2b28-549e-11e9-b51c-2816a84d0309","content_type":"test
        content type","value":"test value","tags":{"tag1":"tag1","tag2":"tag2"},"locked":false,"last_modified":"2019-12-05T23:07:31+00:00"},{"etag":"to3ITWTA1U8cSAePAR1US66xfDX","key":"PYTHON_UNIT_test_key_a6af8952-54a6-11e9-b600-2816a84d0309","label":"test_label1_1d7b2b28-549e-11e9-b51c-2816a84d0309","content_type":"test
        content type","value":"test valuea","tags":{"a":"b","c":"d"},"locked":false,"last_modified":"2019-12-05T23:05:51+00:00"},{"etag":"QXHkgTz2MlzkLnAbf056znG0Rrg","key":"PYTHON_UNIT_test_key_a6af8952-54a6-11e9-b600-2816a84d0309","label":"test_label1_1d7b2b28-549e-11e9-b51c-2816a84d0309","content_type":"test
        content type","value":"test value","tags":{"tag1":"tag1","tag2":"tag2"},"locked":false,"last_modified":"2019-12-05T23:05:51+00:00"},{"etag":"k7t0c9K0bXoFxEoko0o8tPudUqU","key":"PYTHON_UNIT_test_key_a6af8952-54a6-11e9-b600-2816a84d0309","label":"test_label1_1d7b2b28-549e-11e9-b51c-2816a84d0309","content_type":"test
        content type","value":"test value","tags":{"tag1":"tag1","tag2":"tag2"},"locked":true,"last_modified":"2019-12-05T23:05:51+00:00"},{"etag":"rOwphQ181E97GqftJqnhMdT7Ltn","key":"PYTHON_UNIT_test_key_a6af8952-54a6-11e9-b600-2816a84d0309","label":null,"content_type":"test
        content type","value":"test value","tags":{"tag1":"tag1","tag2":"tag2"},"locked":false,"last_modified":"2019-12-05T23:05:51+00:00"},{"etag":"i4hAtPgeI0y124uBAnYNxYt0XnQ","key":"PYTHON_UNIT_test_key_a6af8952-54a6-11e9-b600-2816a84d0309","label":"test_label1_1d7b2b28-549e-11e9-b51c-2816a84d0309","content_type":"test
        content type","value":"test value","tags":{"tag1":"tag1","tag2":"tag2"},"locked":false,"last_modified":"2019-12-05T23:05:51+00:00"},{"etag":"sN0TgEcin5LyTz9Pi9hJh3ykv3P","key":"PYTHON_UNIT_test_key_a6af8952-54a6-11e9-b600-2816a84d0309","label":null,"content_type":"test
        content type","value":"test value","tags":{"tag1":"tag1","tag2":"tag2"},"locked":false,"last_modified":"2019-12-05T23:05:50+00:00"},{"etag":"l93z6G1iQJ6NwPRPLtUTlzlMdar","key":"PYTHON_UNIT_test_key_a6af8952-54a6-11e9-b600-2816a84d0309","label":"test_label1_1d7b2b28-549e-11e9-b51c-2816a84d0309","content_type":"test
        content type","value":"test value","tags":{"tag1":"tag1","tag2":"tag2"},"locked":false,"last_modified":"2019-12-05T23:05:50+00:00"},{"etag":"8c1sNZiEt4z3yVVOOmIA0MtoTfX","key":"PYTHON_UNIT_test_key_a6af8952-54a6-11e9-b600-2816a84d0309","label":"test_label1_1d7b2b28-549e-11e9-b51c-2816a84d0309","content_type":"test
        content type","value":"test valuea","tags":{"a":"b","c":"d"},"locked":false,"last_modified":"2019-12-05T23:05:49+00:00"},{"etag":"Z6u3McLM73SyeBKW4WI2ulOZNmB","key":"PYTHON_UNIT_test_key_a6af8952-54a6-11e9-b600-2816a84d0309","label":null,"content_type":"test
        content type","value":"test value","tags":{"tag1":"tag1","tag2":"tag2"},"locked":false,"last_modified":"2019-12-05T23:05:49+00:00"},{"etag":"ZP3vS9DS3qfpmqayjY4BNkj6B9Y","key":"PYTHON_UNIT_test_key_a6af8952-54a6-11e9-b600-2816a84d0309","label":"test_label1_1d7b2b28-549e-11e9-b51c-2816a84d0309","content_type":"test
        content type","value":"test value","tags":{"tag1":"tag1","tag2":"tag2"},"locked":false,"last_modified":"2019-12-05T23:05:49+00:00"},{"etag":"lSoaC1y3xeYfTauvqdql8Cdopm9","key":"PYTHON_UNIT_test_key_a6af8952-54a6-11e9-b600-2816a84d0309","label":null,"content_type":"test
        content type","value":"test value","tags":{"tag1":"tag1","tag2":"tag2"},"locked":false,"last_modified":"2019-12-05T23:05:48+00:00"},{"etag":"GUBwrwafkiMGgjTXzRplAMIwn08","key":"PYTHON_UNIT_test_key_a6af8952-54a6-11e9-b600-2816a84d0309","label":"test_label1_1d7b2b28-549e-11e9-b51c-2816a84d0309","content_type":"test
        content type","value":"test value","tags":{"tag1":"tag1","tag2":"tag2"},"locked":false,"last_modified":"2019-12-05T23:05:48+00:00"},{"etag":"ffL1zS2I1HIe0qrHsed52cWIcHc","key":"PYTHON_UNIT_test_key_a6af8952-54a6-11e9-b600-2816a84d0309","label":null,"content_type":"test
        content type","value":"test value","tags":{"tag1":"tag1","tag2":"tag2"},"locked":false,"last_modified":"2019-12-05T23:05:47+00:00"},{"etag":"L4mlAhBFBzSTFc330m7RMflEXP1","key":"PYTHON_UNIT_test_key_a6af8952-54a6-11e9-b600-2816a84d0309","label":"test_label1_1d7b2b28-549e-11e9-b51c-2816a84d0309","content_type":"test
        content type","value":"test value","tags":{"tag1":"tag1","tag2":"tag2"},"locked":false,"last_modified":"2019-12-05T23:05:47+00:00"},{"etag":"TwxennYe7960Ukqkoror9dIHNpy","key":"PYTHON_UNIT_test_key_a6af8952-54a6-11e9-b600-2816a84d0309","label":null,"content_type":"test
        content type","value":"test value","tags":{"tag1":"tag1","tag2":"tag2"},"locked":false,"last_modified":"2019-12-05T23:05:46+00:00"},{"etag":"f4TDxZPPjkfO04exRz2s1ogMgs0","key":"PYTHON_UNIT_test_key_a6af8952-54a6-11e9-b600-2816a84d0309","label":null,"content_type":"test
        content type","value":"test value","tags":{"tag1":"tag1","tag2":"tag2"},"locked":true,"last_modified":"2019-12-05T23:05:46+00:00"},{"etag":"3u33Pi9LzfI5FrxKq9tx7YIT3XQ","key":"PYTHON_UNIT_test_key_a6af8952-54a6-11e9-b600-2816a84d0309","label":null,"content_type":"test
        content type","value":"test value","tags":{"tag1":"tag1","tag2":"tag2"},"locked":false,"last_modified":"2019-12-05T23:05:46+00:00"},{"etag":"MCks0QqrKXvgd0wjYh1AFUP9e3e","key":"PYTHON_UNIT_test_key_a6af8952-54a6-11e9-b600-2816a84d0309","label":"test_label1_1d7b2b28-549e-11e9-b51c-2816a84d0309","content_type":"test
        content type","value":"test value","tags":{"tag1":"tag1","tag2":"tag2"},"locked":false,"last_modified":"2019-12-05T23:05:46+00:00"},{"etag":"h25Fk0YoKiEcP4VHDfzLcBqnXBn","key":"PYTHON_UNIT_test_key_a6af8952-54a6-11e9-b600-2816a84d0309","label":null,"content_type":"test
        content type","value":"test value","tags":{"tag1":"tag1","tag2":"tag2"},"locked":false,"last_modified":"2019-12-05T23:05:45+00:00"},{"etag":"Jej6FTzIItTLB5Oeab59q7e2vzo","key":"PYTHON_UNIT_test_key_a6af8952-54a6-11e9-b600-2816a84d0309","label":"test_label1_1d7b2b28-549e-11e9-b51c-2816a84d0309","content_type":"test
        content type","value":"test value","tags":{"tag1":"tag1","tag2":"tag2"},"locked":false,"last_modified":"2019-12-05T23:05:45+00:00"},{"etag":"gFDdvTetdU8Q067Ucn4GYqp9Mko","key":"PYTHON_UNIT_test_key_a6af8952-54a6-11e9-b600-2816a84d0309","label":null,"content_type":"test
        content type","value":"test value","tags":{"tag1":"tag1","tag2":"tag2"},"locked":false,"last_modified":"2019-12-05T23:05:44+00:00"},{"etag":"0IedB7BsJSMwMTQs7jM8Sv9OICo","key":"PYTHON_UNIT_test_key_a6af8952-54a6-11e9-b600-2816a84d0309","label":"test_label1_1d7b2b28-549e-11e9-b51c-2816a84d0309","content_type":"test
        content type","value":"test value","tags":{"tag1":"tag1","tag2":"tag2"},"locked":false,"last_modified":"2019-12-05T23:05:44+00:00"},{"etag":"Y9n3ZXeMVtd79oYCvT3lc3CpVd0","key":"PYTHON_UNIT_test_key_a6af8952-54a6-11e9-b600-2816a84d0309","label":null,"content_type":"test
        content type","value":"test value","tags":{"tag1":"tag1","tag2":"tag2"},"locked":false,"last_modified":"2019-12-05T23:05:43+00:00"},{"etag":"rb5peIHH2AEyN5ivF5szK6Qx53D","key":"PYTHON_UNIT_test_key_a6af8952-54a6-11e9-b600-2816a84d0309","label":"test_label1_1d7b2b28-549e-11e9-b51c-2816a84d0309","content_type":"test
        content type","value":"test value","tags":{"tag1":"tag1","tag2":"tag2"},"locked":false,"last_modified":"2019-12-05T23:05:42+00:00"},{"etag":"jj1GOTDUobAFeeIwnkzSDxO8sD8","key":"PYTHON_UNIT_test_key_a6af8952-54a6-11e9-b600-2816a84d0309","label":null,"content_type":"test
        content type","value":"test value","tags":{"tag1":"tag1","tag2":"tag2"},"locked":false,"last_modified":"2019-12-05T23:05:42+00:00"},{"etag":"2ruiDktVgZm4ZuSw38dEnWMtARD","key":"PYTHON_UNIT_test_key_a6af8952-54a6-11e9-b600-2816a84d0309","label":"test_label1_1d7b2b28-549e-11e9-b51c-2816a84d0309","content_type":"test
        content type","value":"test value","tags":{"tag1":"tag1","tag2":"tag2"},"locked":false,"last_modified":"2019-12-05T23:05:41+00:00"},{"etag":"HW454w9o39dRHoZHCFZjZnuAZFK","key":"PYTHON_UNIT_test_key_a6af8952-54a6-11e9-b600-2816a84d0309","label":null,"content_type":"test
        content type","value":"test value","tags":{"tag1":"tag1","tag2":"tag2"},"locked":false,"last_modified":"2019-12-05T23:05:40+00:00"},{"etag":"fCgJQN8hpKj4muziX7k1IELA1Kk","key":"PYTHON_UNIT_test_key_a6af8952-54a6-11e9-b600-2816a84d0309","label":"test_label1_1d7b2b28-549e-11e9-b51c-2816a84d0309","content_type":"test
        content type","value":"test value","tags":{"tag1":"tag1","tag2":"tag2"},"locked":false,"last_modified":"2019-12-05T23:05:40+00:00"},{"etag":"r1mtiTGrAiGbXW5i7NzVLEpPFDk","key":"PYTHON_UNIT_test_key_a6af8952-54a6-11e9-b600-2816a84d0309","label":"test_label2_*,
        \\1d7b2b28-549e-11e9-b51c-2816a84d0309","content_type":null,"value":"test
        value","tags":{},"locked":false,"last_modified":"2019-12-05T23:05:40+00:00"},{"etag":"8BxmgHIZaIQmqSh87P9VF2id4A4","key":"PYTHON_UNIT_test_key_a6af8952-54a6-11e9-b600-2816a84d0309","label":null,"content_type":"test
        content type","value":"test value","tags":{"tag1":"tag1","tag2":"tag2"},"locked":false,"last_modified":"2019-12-05T23:05:39+00:00"},{"etag":"XLi6isrswVV88BVuRvNilmYu2ST","key":"PYTHON_UNIT_test_key_a6af8952-54a6-11e9-b600-2816a84d0309","label":"test_label1_1d7b2b28-549e-11e9-b51c-2816a84d0309","content_type":"test
        content type","value":"test value","tags":{"tag1":"tag1","tag2":"tag2"},"locked":false,"last_modified":"2019-12-05T23:05:39+00:00"},{"etag":"VJ3zTKCWU7kz7rHNbfOAffTfiS3","key":"PYTHON_UNIT_test_key_a6af8952-54a6-11e9-b600-2816a84d0309","label":null,"content_type":"test
        content type","value":"test value","tags":{"tag1":"tag1","tag2":"tag2"},"locked":false,"last_modified":"2019-12-05T23:05:38+00:00"},{"etag":"G9Ge7DBcic3VjwFuzQeuOKFX1DC","key":"PYTHON_UNIT_test_key_a6af8952-54a6-11e9-b600-2816a84d0309","label":"test_label1_1d7b2b28-549e-11e9-b51c-2816a84d0309","content_type":"test
        content type","value":"test value","tags":{"tag1":"tag1","tag2":"tag2"},"locked":false,"last_modified":"2019-12-05T23:05:38+00:00"},{"etag":"ef73gLs85FlM86GPPjTSs10rSmp","key":"PYTHON_UNIT_test_key_a6af8952-54a6-11e9-b600-2816a84d0309","label":null,"content_type":"test
        content type","value":"test value","tags":{"tag1":"tag1","tag2":"tag2"},"locked":false,"last_modified":"2019-12-05T23:05:37+00:00"},{"etag":"mWwnxgLdLLsBIL9my0nDh4dpDXg","key":"PYTHON_UNIT_test_key_a6af8952-54a6-11e9-b600-2816a84d0309","label":"test_label1_1d7b2b28-549e-11e9-b51c-2816a84d0309","content_type":"test
        content type","value":"test value","tags":{"tag1":"tag1","tag2":"tag2"},"locked":false,"last_modified":"2019-12-05T23:05:37+00:00"},{"etag":"zYfxhxrzhm0FkMhrtIT98NWHo8B","key":"PYTHON_UNIT_test_key_a6af8952-54a6-11e9-b600-2816a84d0309","label":null,"content_type":"test
        content type","value":"test value","tags":{"tag1":"tag1","tag2":"tag2"},"locked":false,"last_modified":"2019-12-05T23:05:36+00:00"},{"etag":"8qqo2No45kTUs7II653OklnSlzS","key":"PYTHON_UNIT_test_key_a6af8952-54a6-11e9-b600-2816a84d0309","label":"test_label1_1d7b2b28-549e-11e9-b51c-2816a84d0309","content_type":"test
        content type","value":"test value","tags":{"tag1":"tag1","tag2":"tag2"},"locked":false,"last_modified":"2019-12-05T23:05:36+00:00"},{"etag":"YsVJ83lJ4Ht1CIfnn84s1zdbgxz","key":"PYTHON_UNIT_test_key_a6af8952-54a6-11e9-b600-2816a84d0309","label":null,"content_type":"test
        content type","value":"test value","tags":{"tag1":"tag1","tag2":"tag2"},"locked":false,"last_modified":"2019-12-05T23:05:35+00:00"},{"etag":"mrC1oUsnjbFgYHc1XO5mcBCPRWP","key":"PYTHON_UNIT_test_key_a6af8952-54a6-11e9-b600-2816a84d0309","label":"test_label1_1d7b2b28-549e-11e9-b51c-2816a84d0309","content_type":"test
        content type","value":"test value","tags":{"tag1":"tag1","tag2":"tag2"},"locked":false,"last_modified":"2019-12-05T23:05:35+00:00"},{"etag":"9dwu57BBLrX3vjA6PyhPqKkU0b2","key":"PYTHON_UNIT_test_key_a6af8952-54a6-11e9-b600-2816a84d0309","label":null,"content_type":"test
        content type","value":"test value","tags":{"tag1":"tag1","tag2":"tag2"},"locked":false,"last_modified":"2019-12-05T23:05:23+00:00"},{"etag":"BFT2JcqETIJzWR7T2dJmvWgCCW2","key":"PYTHON_UNIT_test_key_a6af8952-54a6-11e9-b600-2816a84d0309","label":"test_label1_1d7b2b28-549e-11e9-b51c-2816a84d0309","content_type":"test
        content type","value":"test value","tags":{"tag1":"tag1","tag2":"tag2"},"locked":false,"last_modified":"2019-12-05T23:05:22+00:00"},{"etag":"koF8HiP9D8qWme4ymShynQ3dxYs","key":"PYTHON_UNIT_test_key_a6af8952-54a6-11e9-b600-2816a84d0309","label":null,"content_type":"test
        content type","value":"test value","tags":{"tag1":"tag1","tag2":"tag2"},"locked":false,"last_modified":"2019-12-05T23:05:22+00:00"},{"etag":"3FhK2FSDVfxX3JB2NdbAqzVWBqN","key":"PYTHON_UNIT_test_key_a6af8952-54a6-11e9-b600-2816a84d0309","label":"test_label1_1d7b2b28-549e-11e9-b51c-2816a84d0309","content_type":"test
        content type","value":"test value","tags":{"tag1":"tag1","tag2":"tag2"},"locked":false,"last_modified":"2019-12-05T23:05:21+00:00"},{"etag":"FMzpH3Jzeedu4x4ae9QDdf7SwjH","key":"PYTHON_UNIT_test_key_a6af8952-54a6-11e9-b600-2816a84d0309","label":null,"content_type":"test
        content type","value":"test value","tags":{"tag1":"tag1","tag2":"tag2"},"locked":false,"last_modified":"2019-12-05T23:05:21+00:00"}]}'
    headers:
      accept-ranges:
      - items
      access-control-allow-credentials:
      - 'true'
      access-control-allow-headers:
      - DNT, X-CustomHeader, Keep-Alive, User-Agent, X-Requested-With, If-Modified-Since,
        Cache-Control, Content-Type, Authorization, x-ms-client-request-id, x-ms-content-sha256,
        x-ms-date, host, Accept, Accept-Datetime, Date, If-Match, If-None-Match, Sync-Token,
        x-ms-return-client-request-id, ETag, Last-Modified, Link, Memento-Datetime,
        x-ms-retry-after, x-ms-request-id, WWW-Authenticate
      access-control-allow-methods:
      - GET, PUT, POST, DELETE, PATCH, OPTIONS
      access-control-allow-origin:
      - '*'
      access-control-expose-headers:
      - DNT, X-CustomHeader, Keep-Alive, User-Agent, X-Requested-With, If-Modified-Since,
        Cache-Control, Content-Type, Authorization, x-ms-client-request-id, x-ms-content-sha256,
        x-ms-date, host, Accept, Accept-Datetime, Date, If-Match, If-None-Match, Sync-Token,
        x-ms-return-client-request-id, ETag, Last-Modified, Link, Memento-Datetime,
        x-ms-retry-after, x-ms-request-id, WWW-Authenticate
      connection:
      - keep-alive
      content-type:
      - application/vnd.microsoft.appconfig.kvset+json; charset=utf-8
      date:
      - Thu, 05 Dec 2019 23:08:06 GMT
      server:
      - openresty/1.15.8.1
      strict-transport-security:
      - max-age=15724800; includeSubDomains
      sync-token:
      - zAJw6V16=MDotMSM3MjU4ODY=;sn=725886
      transfer-encoding:
      - chunked
    status:
      code: 200
      message: OK
- request:
    body: null
    headers:
      Accept:
      - application/vnd.microsoft.appconfig.kv+json
      Accept-Encoding:
      - gzip, deflate
      Connection:
      - keep-alive
      Content-Length:
      - '0'
      Sync-Token:
      - zAJw6V16=MDotMSM3MjU4ODY=
      User-Agent:
      - azsdk-python-appconfiguration/1.0.0b6 Python/3.7.2 (Windows-10-10.0.18362-SP0)
    method: DELETE
    uri: https://xyappconfig.azconfig.io/kv/PYTHON_UNIT_test_key_a6af8952-54a6-11e9-b600-2816a84d0309?label=test_label1_1d7b2b28-549e-11e9-b51c-2816a84d0309&api-version=1.0
  response:
    body:
      string: '{"etag":"68EdqWmNl3OYgGqqUK3M5OMFyUM","key":"PYTHON_UNIT_test_key_a6af8952-54a6-11e9-b600-2816a84d0309","label":"test_label1_1d7b2b28-549e-11e9-b51c-2816a84d0309","content_type":"test
        content type","value":"test value","tags":{"tag1":"tag1","tag2":"tag2"},"locked":false,"last_modified":"2019-12-05T23:08:06+00:00"}'
    headers:
      access-control-allow-credentials:
      - 'true'
      access-control-allow-headers:
      - DNT, X-CustomHeader, Keep-Alive, User-Agent, X-Requested-With, If-Modified-Since,
        Cache-Control, Content-Type, Authorization, x-ms-client-request-id, x-ms-content-sha256,
        x-ms-date, host, Accept, Accept-Datetime, Date, If-Match, If-None-Match, Sync-Token,
        x-ms-return-client-request-id, ETag, Last-Modified, Link, Memento-Datetime,
        x-ms-retry-after, x-ms-request-id, WWW-Authenticate
      access-control-allow-methods:
      - GET, PUT, POST, DELETE, PATCH, OPTIONS
      access-control-allow-origin:
      - '*'
      access-control-expose-headers:
      - DNT, X-CustomHeader, Keep-Alive, User-Agent, X-Requested-With, If-Modified-Since,
        Cache-Control, Content-Type, Authorization, x-ms-client-request-id, x-ms-content-sha256,
        x-ms-date, host, Accept, Accept-Datetime, Date, If-Match, If-None-Match, Sync-Token,
        x-ms-return-client-request-id, ETag, Last-Modified, Link, Memento-Datetime,
        x-ms-retry-after, x-ms-request-id, WWW-Authenticate
      connection:
      - keep-alive
      content-type:
      - application/vnd.microsoft.appconfig.kv+json; charset=utf-8
      date:
      - Thu, 05 Dec 2019 23:08:06 GMT
      etag:
      - '"68EdqWmNl3OYgGqqUK3M5OMFyUM"'
      last-modified:
      - Thu, 05 Dec 2019 23:08:06 GMT
      server:
      - openresty/1.15.8.1
      strict-transport-security:
      - max-age=15724800; includeSubDomains
      sync-token:
      - zAJw6V16=MDotMSM3MjU4ODc=;sn=725887
      transfer-encoding:
      - chunked
    status:
      code: 200
      message: OK
- request:
    body: null
    headers:
      Accept:
      - application/vnd.microsoft.appconfig.kv+json
      Accept-Encoding:
      - gzip, deflate
      Connection:
      - keep-alive
      Content-Length:
      - '0'
      Sync-Token:
      - zAJw6V16=MDotMSM3MjU4ODc=
      User-Agent:
      - azsdk-python-appconfiguration/1.0.0b6 Python/3.7.2 (Windows-10-10.0.18362-SP0)
    method: DELETE
    uri: https://xyappconfig.azconfig.io/kv/PYTHON_UNIT_test_key_a6af8952-54a6-11e9-b600-2816a84d0309?api-version=1.0
  response:
    body:
      string: '{"etag":"9Ar53g75jkWzzAjXEaLq685fqWx","key":"PYTHON_UNIT_test_key_a6af8952-54a6-11e9-b600-2816a84d0309","label":null,"content_type":"test
        content type","value":"test value","tags":{"tag1":"tag1","tag2":"tag2"},"locked":false,"last_modified":"2019-12-05T23:08:06+00:00"}'
    headers:
      access-control-allow-credentials:
      - 'true'
      access-control-allow-headers:
      - DNT, X-CustomHeader, Keep-Alive, User-Agent, X-Requested-With, If-Modified-Since,
        Cache-Control, Content-Type, Authorization, x-ms-client-request-id, x-ms-content-sha256,
        x-ms-date, host, Accept, Accept-Datetime, Date, If-Match, If-None-Match, Sync-Token,
        x-ms-return-client-request-id, ETag, Last-Modified, Link, Memento-Datetime,
        x-ms-retry-after, x-ms-request-id, WWW-Authenticate
      access-control-allow-methods:
      - GET, PUT, POST, DELETE, PATCH, OPTIONS
      access-control-allow-origin:
      - '*'
      access-control-expose-headers:
      - DNT, X-CustomHeader, Keep-Alive, User-Agent, X-Requested-With, If-Modified-Since,
        Cache-Control, Content-Type, Authorization, x-ms-client-request-id, x-ms-content-sha256,
        x-ms-date, host, Accept, Accept-Datetime, Date, If-Match, If-None-Match, Sync-Token,
        x-ms-return-client-request-id, ETag, Last-Modified, Link, Memento-Datetime,
        x-ms-retry-after, x-ms-request-id, WWW-Authenticate
      connection:
      - keep-alive
      content-type:
      - application/vnd.microsoft.appconfig.kv+json; charset=utf-8
      date:
      - Thu, 05 Dec 2019 23:08:06 GMT
      etag:
      - '"9Ar53g75jkWzzAjXEaLq685fqWx"'
      last-modified:
      - Thu, 05 Dec 2019 23:08:06 GMT
      server:
      - openresty/1.15.8.1
      strict-transport-security:
      - max-age=15724800; includeSubDomains
      sync-token:
      - zAJw6V16=MDotMSM3MjU4ODg=;sn=725888
      transfer-encoding:
      - chunked
    status:
      code: 200
      message: OK
version: 1
