interactions:
- request:
    body: null
    headers:
      Accept:
      - application/vnd.microsoft.appconfig.kvset+json, application/json, application/problem+json
      Accept-Encoding:
      - gzip, deflate
      Connection:
      - keep-alive
      User-Agent:
      - azsdk-python-appconfiguration/1.4.0 Python/3.9.2 (Windows-10-10.0.22000-SP0)
      x-ms-content-sha256:
      - 47DEQpj8HBSa+/TImW+5JCeuQeRkm5NMpJWZG3hSuFU=
      x-ms-date:
      - Aug, 16 2022 23:19:12.763067 GMT
    method: GET
    uri: https://fake_app_config.azconfig-test.io/kv?key=PYTHON_UNIT_test_key_a6af8952-54a6-11e9-b600-2816a84d0309&label=test_label1_1d7b2b28-549e-11e9-b51c-2816a84d0309&api-version=1.0
  response:
    body:
      string: '{"items":[]}'
    headers:
      access-control-allow-credentials:
      - 'true'
      access-control-allow-origin:
      - '*'
      access-control-expose-headers:
      - DNT, X-CustomHeader, Keep-Alive, User-Agent, X-Requested-With, If-Modified-Since,
        Cache-Control, Content-Type, Authorization, x-ms-client-request-id, x-ms-useragent,
        x-ms-content-sha256, x-ms-date, host, Accept, Accept-Datetime, Date, If-Match,
        If-None-Match, Sync-Token, x-ms-return-client-request-id, ETag, Last-Modified,
        Link, Memento-Datetime, retry-after-ms, x-ms-request-id, x-ms-client-session-id,
        x-ms-effective-locale, WWW-Authenticate, traceparent, tracestate
      connection:
      - keep-alive
      content-type:
      - application/vnd.microsoft.appconfig.kvset+json; charset=utf-8
      date:
      - Tue, 16 Aug 2022 23:19:12 GMT
      server:
      - openresty/1.17.8.2
      strict-transport-security:
      - max-age=15724800; includeSubDomains
      sync-token:
      - zAJw6V16=NTo1IzExMzM4Nzcw;sn=11338770
      transfer-encoding:
      - chunked
    status:
      code: 200
      message: OK
- request:
    body: '{"key": "PYTHON_UNIT_test_key_a6af8952-54a6-11e9-b600-2816a84d0309", "label":
      "test_label1_1d7b2b28-549e-11e9-b51c-2816a84d0309", "content_type": "test content
      type", "value": "test value", "tags": {"tag1": "tag1", "tag2": "tag2"}}'
    headers:
      Accept:
      - application/vnd.microsoft.appconfig.kv+json, application/json, application/problem+json
      Accept-Encoding:
      - gzip, deflate
      Connection:
      - keep-alive
      Content-Length:
      - '231'
      Content-Type:
      - application/vnd.microsoft.appconfig.kv+json
      If-None-Match:
      - '*'
      Sync-Token:
      - zAJw6V16=NTo1IzExMzM4Nzcw
      User-Agent:
      - azsdk-python-appconfiguration/1.4.0 Python/3.9.2 (Windows-10-10.0.22000-SP0)
      x-ms-content-sha256:
      - 5b/E4qQlXHTRod+n+f+xjK6c/tRVR8uxoC62FjvGJPw=
      x-ms-date:
      - Aug, 16 2022 23:19:12.952266 GMT
    method: PUT
    uri: https://fake_app_config.azconfig-test.io/kv/PYTHON_UNIT_test_key_a6af8952-54a6-11e9-b600-2816a84d0309?label=test_label1_1d7b2b28-549e-11e9-b51c-2816a84d0309&api-version=1.0
  response:
    body:
      string: '{"etag":"D8qhL2vf0Xt3fuLf33_sOyUazqb9JJdRaz3F8gxKaSU","key":"PYTHON_UNIT_test_key_a6af8952-54a6-11e9-b600-2816a84d0309","label":"test_label1_1d7b2b28-549e-11e9-b51c-2816a84d0309","content_type":"test
        content type","value":"test value","tags":{"tag1":"tag1","tag2":"tag2"},"locked":false,"last_modified":"2022-08-16T23:19:12+00:00"}'
    headers:
      access-control-allow-credentials:
      - 'true'
      access-control-allow-origin:
      - '*'
      access-control-expose-headers:
      - DNT, X-CustomHeader, Keep-Alive, User-Agent, X-Requested-With, If-Modified-Since,
        Cache-Control, Content-Type, Authorization, x-ms-client-request-id, x-ms-useragent,
        x-ms-content-sha256, x-ms-date, host, Accept, Accept-Datetime, Date, If-Match,
        If-None-Match, Sync-Token, x-ms-return-client-request-id, ETag, Last-Modified,
        Link, Memento-Datetime, retry-after-ms, x-ms-request-id, x-ms-client-session-id,
        x-ms-effective-locale, WWW-Authenticate, traceparent, tracestate
      connection:
      - keep-alive
      content-type:
      - application/vnd.microsoft.appconfig.kv+json; charset=utf-8
      date:
      - Tue, 16 Aug 2022 23:19:12 GMT
      etag:
      - '"D8qhL2vf0Xt3fuLf33_sOyUazqb9JJdRaz3F8gxKaSU"'
      last-modified:
      - Tue, 16 Aug 2022 23:19:12 GMT
      server:
      - openresty/1.17.8.2
      strict-transport-security:
      - max-age=15724800; includeSubDomains
      sync-token:
      - zAJw6V16=NTo1IzExMzM4Nzcx;sn=11338771
      transfer-encoding:
      - chunked
    status:
      code: 200
      message: OK
- request:
    body: null
    headers:
      Accept:
      - application/vnd.microsoft.appconfig.kvset+json, application/json, application/problem+json
      Accept-Encoding:
      - gzip, deflate
      Connection:
      - keep-alive
      Sync-Token:
      - zAJw6V16=NTo1IzExMzM4Nzcx
      User-Agent:
      - azsdk-python-appconfiguration/1.4.0 Python/3.9.2 (Windows-10-10.0.22000-SP0)
      x-ms-content-sha256:
      - 47DEQpj8HBSa+/TImW+5JCeuQeRkm5NMpJWZG3hSuFU=
      x-ms-date:
      - Aug, 16 2022 23:19:13.015697 GMT
    method: GET
    uri: https://fake_app_config.azconfig-test.io/kv?key=PYTHON_UNIT_test_key_a6af8952-54a6-11e9-b600-2816a84d0309&api-version=1.0
  response:
    body:
      string: '{"items":[{"etag":"D8qhL2vf0Xt3fuLf33_sOyUazqb9JJdRaz3F8gxKaSU","key":"PYTHON_UNIT_test_key_a6af8952-54a6-11e9-b600-2816a84d0309","label":"test_label1_1d7b2b28-549e-11e9-b51c-2816a84d0309","content_type":"test
        content type","value":"test value","tags":{"tag1":"tag1","tag2":"tag2"},"locked":false,"last_modified":"2022-08-16T23:19:12+00:00"}]}'
    headers:
      access-control-allow-credentials:
      - 'true'
      access-control-allow-origin:
      - '*'
      access-control-expose-headers:
      - DNT, X-CustomHeader, Keep-Alive, User-Agent, X-Requested-With, If-Modified-Since,
        Cache-Control, Content-Type, Authorization, x-ms-client-request-id, x-ms-useragent,
        x-ms-content-sha256, x-ms-date, host, Accept, Accept-Datetime, Date, If-Match,
        If-None-Match, Sync-Token, x-ms-return-client-request-id, ETag, Last-Modified,
        Link, Memento-Datetime, retry-after-ms, x-ms-request-id, x-ms-client-session-id,
        x-ms-effective-locale, WWW-Authenticate, traceparent, tracestate
      connection:
      - keep-alive
      content-type:
      - application/vnd.microsoft.appconfig.kvset+json; charset=utf-8
      date:
      - Tue, 16 Aug 2022 23:19:12 GMT
      server:
      - openresty/1.17.8.2
      strict-transport-security:
      - max-age=15724800; includeSubDomains
      sync-token:
      - zAJw6V16=NTo1IzExMzM4Nzcy;sn=11338772
      transfer-encoding:
      - chunked
    status:
      code: 200
      message: OK
- request:
    body: null
    headers:
      Accept:
      - application/vnd.microsoft.appconfig.kv+json, application/json, application/problem+json
      Accept-Encoding:
      - gzip, deflate
      Connection:
      - keep-alive
      Content-Length:
      - '0'
      Sync-Token:
      - zAJw6V16=NTo1IzExMzM4Nzcy
      User-Agent:
      - azsdk-python-appconfiguration/1.4.0 Python/3.9.2 (Windows-10-10.0.22000-SP0)
      x-ms-content-sha256:
      - 47DEQpj8HBSa+/TImW+5JCeuQeRkm5NMpJWZG3hSuFU=
      x-ms-date:
      - Aug, 16 2022 23:19:13.062543 GMT
    method: DELETE
    uri: https://fake_app_config.azconfig-test.io/kv/PYTHON_UNIT_test_key_a6af8952-54a6-11e9-b600-2816a84d0309?api-version=1.0
  response:
    body:
      string: ''
    headers:
      access-control-allow-credentials:
      - 'true'
      access-control-allow-origin:
      - '*'
      access-control-expose-headers:
      - DNT, X-CustomHeader, Keep-Alive, User-Agent, X-Requested-With, If-Modified-Since,
        Cache-Control, Content-Type, Authorization, x-ms-client-request-id, x-ms-useragent,
        x-ms-content-sha256, x-ms-date, host, Accept, Accept-Datetime, Date, If-Match,
        If-None-Match, Sync-Token, x-ms-return-client-request-id, ETag, Last-Modified,
        Link, Memento-Datetime, retry-after-ms, x-ms-request-id, x-ms-client-session-id,
        x-ms-effective-locale, WWW-Authenticate, traceparent, tracestate
      connection:
      - keep-alive
      content-type:
      - application/vnd.microsoft.appconfig.kv+json; charset=utf-8
      date:
      - Tue, 16 Aug 2022 23:19:12 GMT
      server:
      - openresty/1.17.8.2
      strict-transport-security:
      - max-age=15724800; includeSubDomains
    status:
      code: 204
      message: No Content
- request:
    body: '{"key": "PYTHON_UNIT_test_key_a6af8952-54a6-11e9-b600-2816a84d0309", "content_type":
      "test content type", "value": "test value", "tags": {"tag1": "tag1", "tag2":
      "tag2"}}'
    headers:
      Accept:
      - application/vnd.microsoft.appconfig.kv+json, application/json, application/problem+json
      Accept-Encoding:
      - gzip, deflate
      Connection:
      - keep-alive
      Content-Length:
      - '170'
      Content-Type:
      - application/vnd.microsoft.appconfig.kv+json
      If-None-Match:
      - '*'
      Sync-Token:
      - zAJw6V16=NTo1IzExMzM4Nzcy
      User-Agent:
      - azsdk-python-appconfiguration/1.4.0 Python/3.9.2 (Windows-10-10.0.22000-SP0)
      x-ms-content-sha256:
      - 4rt07HteiPg5NxofrgzMmlQPTVbo1no7aKxDSI5uUU4=
      x-ms-date:
      - Aug, 16 2022 23:19:13.125668 GMT
    method: PUT
    uri: https://fake_app_config.azconfig-test.io/kv/PYTHON_UNIT_test_key_a6af8952-54a6-11e9-b600-2816a84d0309?api-version=1.0
  response:
    body:
      string: '{"etag":"JX9ueofCGdbaJHnW2HIsPzdLCi51TZgC-SwVx03e5fo","key":"PYTHON_UNIT_test_key_a6af8952-54a6-11e9-b600-2816a84d0309","label":null,"content_type":"test
        content type","value":"test value","tags":{"tag1":"tag1","tag2":"tag2"},"locked":false,"last_modified":"2022-08-16T23:19:12+00:00"}'
    headers:
      access-control-allow-credentials:
      - 'true'
      access-control-allow-origin:
      - '*'
      access-control-expose-headers:
      - DNT, X-CustomHeader, Keep-Alive, User-Agent, X-Requested-With, If-Modified-Since,
        Cache-Control, Content-Type, Authorization, x-ms-client-request-id, x-ms-useragent,
        x-ms-content-sha256, x-ms-date, host, Accept, Accept-Datetime, Date, If-Match,
        If-None-Match, Sync-Token, x-ms-return-client-request-id, ETag, Last-Modified,
        Link, Memento-Datetime, retry-after-ms, x-ms-request-id, x-ms-client-session-id,
        x-ms-effective-locale, WWW-Authenticate, traceparent, tracestate
      connection:
      - keep-alive
      content-type:
      - application/vnd.microsoft.appconfig.kv+json; charset=utf-8
      date:
      - Tue, 16 Aug 2022 23:19:12 GMT
      etag:
      - '"JX9ueofCGdbaJHnW2HIsPzdLCi51TZgC-SwVx03e5fo"'
      last-modified:
      - Tue, 16 Aug 2022 23:19:12 GMT
      server:
      - openresty/1.17.8.2
      strict-transport-security:
      - max-age=15724800; includeSubDomains
      sync-token:
      - zAJw6V16=NTo1IzExMzM4Nzcz;sn=11338773
      transfer-encoding:
      - chunked
    status:
      code: 200
      message: OK
- request:
    body: null
    headers:
      Accept:
      - application/vnd.microsoft.appconfig.kvset+json, application/json, application/problem+json
      Accept-Encoding:
      - gzip, deflate
      Connection:
      - keep-alive
      Sync-Token:
      - zAJw6V16=NTo1IzExMzM4Nzcz
      User-Agent:
      - azsdk-python-appconfiguration/1.4.0 Python/3.9.2 (Windows-10-10.0.22000-SP0)
      x-ms-content-sha256:
      - 47DEQpj8HBSa+/TImW+5JCeuQeRkm5NMpJWZG3hSuFU=
      x-ms-date:
      - Aug, 16 2022 23:19:13.172538 GMT
    method: GET
    uri: https://fake_app_config.azconfig-test.io/revisions?key=%2A&label=test_label1_1d7b2b28-549e-11e9-b51c-2816a84d0309&api-version=1.0&$Select=key,content_type
  response:
    body:
      string: '{"items":[{"key":"PYTHON_UNIT_test_key_a6af8952-54a6-11e9-b600-2816a84d0309","content_type":"test
        content type"},{"key":"PYTHON_UNIT_test_key_a6af8952-54a6-11e9-b600-2816a84d0309","content_type":"test
        content type"},{"key":"PYTHON_UNIT_test_key_a6af8952-54a6-11e9-b600-2816a84d0309","content_type":"test
        content type"},{"key":"PYTHON_UNIT_test_key_a6af8952-54a6-11e9-b600-2816a84d0309","content_type":"test
        content type"},{"key":"PYTHON_UNIT_test_key_a6af8952-54a6-11e9-b600-2816a84d0309","content_type":"test
        content type"},{"key":"PYTHON_UNIT_test_key_a6af8952-54a6-11e9-b600-2816a84d0309","content_type":"test
        content type"},{"key":"PYTHON_UNIT_test_key_a6af8952-54a6-11e9-b600-2816a84d0309","content_type":"test
        content type"},{"key":"PYTHON_UNIT_test_key_a6af8952-54a6-11e9-b600-2816a84d0309","content_type":"test
        content type"},{"key":"PYTHON_UNIT_test_key_a6af8952-54a6-11e9-b600-2816a84d0309","content_type":"test
        content type"},{"key":"PYTHON_UNIT_test_key_a6af8952-54a6-11e9-b600-2816a84d0309","content_type":"test
        content type"},{"key":"PYTHON_UNIT_test_key_a6af8952-54a6-11e9-b600-2816a84d0309","content_type":"test
        content type"},{"key":"PYTHON_UNIT_test_key_a6af8952-54a6-11e9-b600-2816a84d0309","content_type":"test
        content type"},{"key":"PYTHON_UNIT_test_key_a6af8952-54a6-11e9-b600-2816a84d0309","content_type":"test
        content type"},{"key":"PYTHON_UNIT_test_key_a6af8952-54a6-11e9-b600-2816a84d0309_ADD","content_type":"test
        content type"},{"key":"PYTHON_UNIT_test_key_a6af8952-54a6-11e9-b600-2816a84d0309","content_type":"test
        content type"},{"key":"PYTHON_UNIT_test_key_a6af8952-54a6-11e9-b600-2816a84d0309","content_type":"test
        content type"},{"key":"PYTHON_UNIT_test_key_a6af8952-54a6-11e9-b600-2816a84d0309","content_type":"test
        content type"},{"key":"PYTHON_UNIT_test_key_a6af8952-54a6-11e9-b600-2816a84d0309","content_type":"test
        content type"},{"key":"PYTHON_UNIT_test_key_a6af8952-54a6-11e9-b600-2816a84d0309","content_type":"test
        content type"},{"key":"PYTHON_UNIT_test_key_a6af8952-54a6-11e9-b600-2816a84d0309_SET","content_type":"test
        content type"},{"key":"PYTHON_UNIT_test_key_a6af8952-54a6-11e9-b600-2816a84d0309","content_type":"test
        content type"},{"key":"PYTHON_UNIT_test_key_a6af8952-54a6-11e9-b600-2816a84d0309","content_type":"test
        content type"},{"key":"PYTHON_UNIT_test_key_a6af8952-54a6-11e9-b600-2816a84d0309","content_type":"test
        content type"},{"key":"PYTHON_UNIT_test_key_a6af8952-54a6-11e9-b600-2816a84d0309","content_type":"test
        content type"},{"key":"PYTHON_UNIT_test_key_a6af8952-54a6-11e9-b600-2816a84d0309","content_type":"test
        content type"},{"key":"PYTHON_UNIT_test_key_a6af8952-54a6-11e9-b600-2816a84d0309","content_type":"test
        content type"},{"key":"PYTHON_UNIT_test_key_a6af8952-54a6-11e9-b600-2816a84d0309","content_type":"test
        content type"},{"key":"PYTHON_UNIT_test_key_a6af8952-54a6-11e9-b600-2816a84d0309","content_type":"test
        content type"},{"key":"PYTHON_UNIT_test_key_a6af8952-54a6-11e9-b600-2816a84d0309","content_type":"test
        content type"},{"key":"PYTHON_UNIT_test_key_a6af8952-54a6-11e9-b600-2816a84d0309","content_type":"test
        content type"},{"key":"PYTHON_UNIT_test_key_a6af8952-54a6-11e9-b600-2816a84d0309","content_type":"test
        content type"},{"key":"PYTHON_UNIT_test_key_a6af8952-54a6-11e9-b600-2816a84d0309","content_type":"test
        content type"},{"key":"PYTHON_UNIT_test_key_a6af8952-54a6-11e9-b600-2816a84d0309","content_type":"test
        content type"},{"key":"PYTHON_UNIT_test_key_a6af8952-54a6-11e9-b600-2816a84d0309","content_type":"test
        content type"},{"key":"PYTHON_UNIT_test_key_a6af8952-54a6-11e9-b600-2816a84d0309","content_type":"test
        content type"},{"key":"PYTHON_UNIT_test_key_a6af8952-54a6-11e9-b600-2816a84d0309","content_type":"test
        content type"},{"key":"PYTHON_UNIT_test_key_a6af8952-54a6-11e9-b600-2816a84d0309_ADD","content_type":"test
        content type"},{"key":"PYTHON_UNIT_test_key_a6af8952-54a6-11e9-b600-2816a84d0309","content_type":"test
        content type"},{"key":"PYTHON_UNIT_test_key_a6af8952-54a6-11e9-b600-2816a84d0309","content_type":"test
        content type"},{"key":"PYTHON_UNIT_test_key_a6af8952-54a6-11e9-b600-2816a84d0309","content_type":"test
        content type"},{"key":"PYTHON_UNIT_test_key_a6af8952-54a6-11e9-b600-2816a84d0309","content_type":"test
        content type"},{"key":"PYTHON_UNIT_test_key_a6af8952-54a6-11e9-b600-2816a84d0309","content_type":"test
        content type"},{"key":"PYTHON_UNIT_test_key_a6af8952-54a6-11e9-b600-2816a84d0309_SET","content_type":"test
        content type"},{"key":"PYTHON_UNIT_test_key_a6af8952-54a6-11e9-b600-2816a84d0309","content_type":"test
        content type"},{"key":"PYTHON_UNIT_test_key_a6af8952-54a6-11e9-b600-2816a84d0309","content_type":"test
        content type"},{"key":"PYTHON_UNIT_test_key_a6af8952-54a6-11e9-b600-2816a84d0309","content_type":"test
        content type"},{"key":"PYTHON_UNIT_test_key_a6af8952-54a6-11e9-b600-2816a84d0309","content_type":"test
        content type"},{"key":"PYTHON_UNIT_test_key_a6af8952-54a6-11e9-b600-2816a84d0309","content_type":"test
        content type"},{"key":"PYTHON_UNIT_test_key_a6af8952-54a6-11e9-b600-2816a84d0309","content_type":"test
        content type"},{"key":"PYTHON_UNIT_test_key_a6af8952-54a6-11e9-b600-2816a84d0309","content_type":"test
        content type"},{"key":"PYTHON_UNIT_test_key_a6af8952-54a6-11e9-b600-2816a84d0309","content_type":"test
        content type"},{"key":"PYTHON_UNIT_test_key_a6af8952-54a6-11e9-b600-2816a84d0309","content_type":"test
        content type"},{"key":"PYTHON_UNIT_test_key_a6af8952-54a6-11e9-b600-2816a84d0309","content_type":"test
        content type"},{"key":"PYTHON_UNIT_test_key_a6af8952-54a6-11e9-b600-2816a84d0309","content_type":"test
        content type"},{"key":"PYTHON_UNIT_test_key_a6af8952-54a6-11e9-b600-2816a84d0309","content_type":"test
        content type"},{"key":"PYTHON_UNIT_test_key_a6af8952-54a6-11e9-b600-2816a84d0309","content_type":"test
        content type"},{"key":"PYTHON_UNIT_test_key_a6af8952-54a6-11e9-b600-2816a84d0309","content_type":"test
        content type"},{"key":"PYTHON_UNIT_test_key_a6af8952-54a6-11e9-b600-2816a84d0309","content_type":"test
        content type"},{"key":"PYTHON_UNIT_test_key_a6af8952-54a6-11e9-b600-2816a84d0309","content_type":"test
        content type"},{"key":"PYTHON_UNIT_test_key_a6af8952-54a6-11e9-b600-2816a84d0309_ADD","content_type":"test
        content type"},{"key":"PYTHON_UNIT_test_key_a6af8952-54a6-11e9-b600-2816a84d0309","content_type":"test
        content type"},{"key":"PYTHON_UNIT_test_key_a6af8952-54a6-11e9-b600-2816a84d0309","content_type":"test
        content type"},{"key":"PYTHON_UNIT_test_key_a6af8952-54a6-11e9-b600-2816a84d0309","content_type":"test
        content type"},{"key":"PYTHON_UNIT_test_key_a6af8952-54a6-11e9-b600-2816a84d0309","content_type":"test
        content type"},{"key":"PYTHON_UNIT_test_key_a6af8952-54a6-11e9-b600-2816a84d0309","content_type":"test
        content type"},{"key":"PYTHON_UNIT_test_key_a6af8952-54a6-11e9-b600-2816a84d0309","content_type":"test
        content type"},{"key":"PYTHON_UNIT_test_key_a6af8952-54a6-11e9-b600-2816a84d0309_SET","content_type":"test
        content type"},{"key":"PYTHON_UNIT_test_key_a6af8952-54a6-11e9-b600-2816a84d0309","content_type":"test
        content type"},{"key":"PYTHON_UNIT_test_key_a6af8952-54a6-11e9-b600-2816a84d0309","content_type":"test
        content type"},{"key":"PYTHON_UNIT_test_key_a6af8952-54a6-11e9-b600-2816a84d0309","content_type":"test
        content type"},{"key":"PYTHON_UNIT_test_key_a6af8952-54a6-11e9-b600-2816a84d0309","content_type":"test
        content type"},{"key":"PYTHON_UNIT_test_key_a6af8952-54a6-11e9-b600-2816a84d0309","content_type":"test
        content type"},{"key":"PYTHON_UNIT_test_key_a6af8952-54a6-11e9-b600-2816a84d0309","content_type":"test
        content type"},{"key":"PYTHON_UNIT_test_key_a6af8952-54a6-11e9-b600-2816a84d0309","content_type":"test
        content type"},{"key":"PYTHON_UNIT_test_key_a6af8952-54a6-11e9-b600-2816a84d0309","content_type":"test
        content type"},{"key":"PYTHON_UNIT_test_key_a6af8952-54a6-11e9-b600-2816a84d0309","content_type":"test
        content type"},{"key":"PYTHON_UNIT_test_key_a6af8952-54a6-11e9-b600-2816a84d0309","content_type":"test
        content type"},{"key":"PYTHON_UNIT_test_key_a6af8952-54a6-11e9-b600-2816a84d0309","content_type":"test
        content type"},{"key":"PYTHON_UNIT_test_key_a6af8952-54a6-11e9-b600-2816a84d0309","content_type":"test
        content type"},{"key":"PYTHON_UNIT_test_key_a6af8952-54a6-11e9-b600-2816a84d0309","content_type":"test
        content type"},{"key":"PYTHON_UNIT_test_key_a6af8952-54a6-11e9-b600-2816a84d0309","content_type":"test
        content type"},{"key":"PYTHON_UNIT_test_key_a6af8952-54a6-11e9-b600-2816a84d0309","content_type":"test
        content type"},{"key":"PYTHON_UNIT_test_key_a6af8952-54a6-11e9-b600-2816a84d0309_ADD","content_type":"test
        content type"},{"key":"PYTHON_UNIT_test_key_a6af8952-54a6-11e9-b600-2816a84d0309","content_type":"test
        content type"},{"key":"PYTHON_UNIT_test_key_a6af8952-54a6-11e9-b600-2816a84d0309","content_type":"test
        content type"},{"key":"PYTHON_UNIT_test_key_a6af8952-54a6-11e9-b600-2816a84d0309","content_type":"test
        content type"},{"key":"PYTHON_UNIT_test_key_a6af8952-54a6-11e9-b600-2816a84d0309","content_type":"test
        content type"},{"key":"PYTHON_UNIT_test_key_a6af8952-54a6-11e9-b600-2816a84d0309","content_type":"test
        content type"},{"key":"PYTHON_UNIT_test_key_a6af8952-54a6-11e9-b600-2816a84d0309_SET","content_type":"test
        content type"},{"key":"PYTHON_UNIT_test_key_a6af8952-54a6-11e9-b600-2816a84d0309","content_type":"test
        content type"},{"key":"PYTHON_UNIT_test_key_a6af8952-54a6-11e9-b600-2816a84d0309","content_type":"test
        content type"},{"key":"PYTHON_UNIT_test_key_a6af8952-54a6-11e9-b600-2816a84d0309","content_type":"test
        content type"},{"key":"PYTHON_UNIT_test_key_a6af8952-54a6-11e9-b600-2816a84d0309","content_type":"test
        content type"},{"key":"PYTHON_UNIT_test_key_a6af8952-54a6-11e9-b600-2816a84d0309","content_type":"test
        content type"},{"key":"PYTHON_UNIT_test_key_a6af8952-54a6-11e9-b600-2816a84d0309","content_type":"test
        content type"},{"key":"PYTHON_UNIT_test_key_a6af8952-54a6-11e9-b600-2816a84d0309","content_type":"test
        content type"},{"key":"PYTHON_UNIT_test_key_a6af8952-54a6-11e9-b600-2816a84d0309","content_type":"test
        content type"},{"key":"PYTHON_UNIT_test_key_a6af8952-54a6-11e9-b600-2816a84d0309","content_type":"test
        content type"},{"key":"PYTHON_UNIT_test_key_a6af8952-54a6-11e9-b600-2816a84d0309","content_type":"test
        content type"},{"key":"PYTHON_UNIT_test_key_a6af8952-54a6-11e9-b600-2816a84d0309","content_type":"test
        content type"}],"@nextLink":"/revisions?key=*&label=test_label1_1d7b2b28-549e-11e9-b51c-2816a84d0309&api-version=1.0&$Select=key,content_type&after=MTY2MDY5MDc3MDtiOGJqaDYzeU9QTmxLbUdwdGFMVHl6bHZSQ2xtcWJsOHR0VV9ERzhGMFBj"}'
    headers:
      accept-ranges:
      - items
      access-control-allow-credentials:
      - 'true'
      access-control-allow-origin:
      - '*'
      access-control-expose-headers:
      - DNT, X-CustomHeader, Keep-Alive, User-Agent, X-Requested-With, If-Modified-Since,
        Cache-Control, Content-Type, Authorization, x-ms-client-request-id, x-ms-useragent,
        x-ms-content-sha256, x-ms-date, host, Accept, Accept-Datetime, Date, If-Match,
        If-None-Match, Sync-Token, x-ms-return-client-request-id, ETag, Last-Modified,
        Link, Memento-Datetime, retry-after-ms, x-ms-request-id, x-ms-client-session-id,
        x-ms-effective-locale, WWW-Authenticate, traceparent, tracestate
      connection:
      - keep-alive
      content-type:
      - application/vnd.microsoft.appconfig.kvset+json; charset=utf-8
      date:
      - Tue, 16 Aug 2022 23:19:12 GMT
      link:
      - </revisions?key=*&label=test_label1_1d7b2b28-549e-11e9-b51c-2816a84d0309&api-version=1.0&$Select=key,content_type&after=MTY2MDY5MDc3MDtiOGJqaDYzeU9QTmxLbUdwdGFMVHl6bHZSQ2xtcWJsOHR0VV9ERzhGMFBj>;
        rel="next"
      server:
      - openresty/1.17.8.2
      strict-transport-security:
      - max-age=15724800; includeSubDomains
      sync-token:
      - zAJw6V16=NTo1IzExMzM4Nzc0;sn=11338774
      transfer-encoding:
      - chunked
    status:
      code: 200
      message: OK
- request:
    body: null
    headers:
      Accept:
      - application/vnd.microsoft.appconfig.kvset+json, application/json, application/problem+json
      Accept-Encoding:
      - gzip, deflate
      Connection:
      - keep-alive
      Sync-Token:
      - zAJw6V16=NTo1IzExMzM4Nzc0
      User-Agent:
      - azsdk-python-appconfiguration/1.4.0 Python/3.9.2 (Windows-10-10.0.22000-SP0)
      x-ms-content-sha256:
      - 47DEQpj8HBSa+/TImW+5JCeuQeRkm5NMpJWZG3hSuFU=
      x-ms-date:
      - Aug, 16 2022 23:19:13.266778 GMT
    method: GET
    uri: https://fake_app_config.azconfig-test.io/revisions?key=*&label=test_label1_1d7b2b28-549e-11e9-b51c-2816a84d0309&api-version=1.0&$Select=key,content_type&after=MTY2MDY5MDc3MDtiOGJqaDYzeU9QTmxLbUdwdGFMVHl6bHZSQ2xtcWJsOHR0VV9ERzhGMFBj
  response:
    body:
      string: '{"items":[{"key":"PYTHON_UNIT_test_key_a6af8952-54a6-11e9-b600-2816a84d0309","content_type":"test
        content type"},{"key":"PYTHON_UNIT_test_key_a6af8952-54a6-11e9-b600-2816a84d0309","content_type":"test
        content type"},{"key":"PYTHON_UNIT_test_key_a6af8952-54a6-11e9-b600-2816a84d0309","content_type":"test
        content type"},{"key":"PYTHON_UNIT_test_key_a6af8952-54a6-11e9-b600-2816a84d0309","content_type":"test
        content type"},{"key":"PYTHON_UNIT_test_key_a6af8952-54a6-11e9-b600-2816a84d0309","content_type":"test
        content type"},{"key":"PYTHON_UNIT_test_key_a6af8952-54a6-11e9-b600-2816a84d0309_ADD","content_type":"test
        content type"},{"key":"PYTHON_UNIT_test_key_a6af8952-54a6-11e9-b600-2816a84d0309","content_type":"test
        content type"},{"key":"PYTHON_UNIT_test_key_a6af8952-54a6-11e9-b600-2816a84d0309","content_type":"test
        content type"},{"key":"PYTHON_UNIT_test_key_a6af8952-54a6-11e9-b600-2816a84d0309","content_type":"test
        content type"},{"key":"PYTHON_UNIT_test_key_a6af8952-54a6-11e9-b600-2816a84d0309","content_type":"test
        content type"},{"key":"PYTHON_UNIT_test_key_a6af8952-54a6-11e9-b600-2816a84d0309","content_type":"test
        content type"}]}'
    headers:
      accept-ranges:
      - items
      access-control-allow-credentials:
      - 'true'
      access-control-allow-origin:
      - '*'
      access-control-expose-headers:
      - DNT, X-CustomHeader, Keep-Alive, User-Agent, X-Requested-With, If-Modified-Since,
        Cache-Control, Content-Type, Authorization, x-ms-client-request-id, x-ms-useragent,
        x-ms-content-sha256, x-ms-date, host, Accept, Accept-Datetime, Date, If-Match,
        If-None-Match, Sync-Token, x-ms-return-client-request-id, ETag, Last-Modified,
        Link, Memento-Datetime, retry-after-ms, x-ms-request-id, x-ms-client-session-id,
        x-ms-effective-locale, WWW-Authenticate, traceparent, tracestate
      connection:
      - keep-alive
      content-type:
      - application/vnd.microsoft.appconfig.kvset+json; charset=utf-8
      date:
      - Tue, 16 Aug 2022 23:19:12 GMT
      server:
      - openresty/1.17.8.2
      strict-transport-security:
      - max-age=15724800; includeSubDomains
      sync-token:
      - zAJw6V16=NTo1IzExMzM4Nzc0;sn=11338774
      transfer-encoding:
      - chunked
    status:
      code: 200
      message: OK
- request:
    body: null
    headers:
      Accept:
      - application/vnd.microsoft.appconfig.kvset+json, application/json, application/problem+json
      Accept-Encoding:
      - gzip, deflate
      Connection:
      - keep-alive
      Sync-Token:
      - zAJw6V16=NTo1IzExMzM4Nzc0
      User-Agent:
      - azsdk-python-appconfiguration/1.4.0 Python/3.9.2 (Windows-10-10.0.22000-SP0)
      x-ms-content-sha256:
      - 47DEQpj8HBSa+/TImW+5JCeuQeRkm5NMpJWZG3hSuFU=
      x-ms-date:
      - Aug, 16 2022 23:19:13.314691 GMT
    method: GET
    uri: https://fake_app_config.azconfig-test.io/kv?api-version=1.0
  response:
    body:
      string: '{"items":[{"etag":"JX9ueofCGdbaJHnW2HIsPzdLCi51TZgC-SwVx03e5fo","key":"PYTHON_UNIT_test_key_a6af8952-54a6-11e9-b600-2816a84d0309","label":null,"content_type":"test
        content type","value":"test value","tags":{"tag1":"tag1","tag2":"tag2"},"locked":false,"last_modified":"2022-08-16T23:19:12+00:00"},{"etag":"D8qhL2vf0Xt3fuLf33_sOyUazqb9JJdRaz3F8gxKaSU","key":"PYTHON_UNIT_test_key_a6af8952-54a6-11e9-b600-2816a84d0309","label":"test_label1_1d7b2b28-549e-11e9-b51c-2816a84d0309","content_type":"test
        content type","value":"test value","tags":{"tag1":"tag1","tag2":"tag2"},"locked":false,"last_modified":"2022-08-16T23:19:12+00:00"}]}'
    headers:
      access-control-allow-credentials:
      - 'true'
      access-control-allow-origin:
      - '*'
      access-control-expose-headers:
      - DNT, X-CustomHeader, Keep-Alive, User-Agent, X-Requested-With, If-Modified-Since,
        Cache-Control, Content-Type, Authorization, x-ms-client-request-id, x-ms-useragent,
        x-ms-content-sha256, x-ms-date, host, Accept, Accept-Datetime, Date, If-Match,
        If-None-Match, Sync-Token, x-ms-return-client-request-id, ETag, Last-Modified,
        Link, Memento-Datetime, retry-after-ms, x-ms-request-id, x-ms-client-session-id,
        x-ms-effective-locale, WWW-Authenticate, traceparent, tracestate
      connection:
      - keep-alive
      content-type:
      - application/vnd.microsoft.appconfig.kvset+json; charset=utf-8
      date:
      - Tue, 16 Aug 2022 23:19:12 GMT
      server:
      - openresty/1.17.8.2
      strict-transport-security:
      - max-age=15724800; includeSubDomains
      sync-token:
      - zAJw6V16=NTo1IzExMzM4Nzc0;sn=11338774
      transfer-encoding:
      - chunked
    status:
      code: 200
      message: OK
- request:
    body: null
    headers:
      Accept:
      - application/vnd.microsoft.appconfig.kv+json, application/json, application/problem+json
      Accept-Encoding:
      - gzip, deflate
      Connection:
      - keep-alive
      Content-Length:
      - '0'
      Sync-Token:
      - zAJw6V16=NTo1IzExMzM4Nzc0
      User-Agent:
      - azsdk-python-appconfiguration/1.4.0 Python/3.9.2 (Windows-10-10.0.22000-SP0)
      x-ms-content-sha256:
      - 47DEQpj8HBSa+/TImW+5JCeuQeRkm5NMpJWZG3hSuFU=
      x-ms-date:
      - Aug, 16 2022 23:19:13.361529 GMT
    method: DELETE
    uri: https://fake_app_config.azconfig-test.io/kv/PYTHON_UNIT_test_key_a6af8952-54a6-11e9-b600-2816a84d0309?api-version=1.0
  response:
    body:
      string: '{"etag":"JX9ueofCGdbaJHnW2HIsPzdLCi51TZgC-SwVx03e5fo","key":"PYTHON_UNIT_test_key_a6af8952-54a6-11e9-b600-2816a84d0309","label":null,"content_type":"test
        content type","value":"test value","tags":{"tag1":"tag1","tag2":"tag2"},"locked":false,"last_modified":"2022-08-16T23:19:12+00:00"}'
    headers:
      access-control-allow-credentials:
      - 'true'
      access-control-allow-origin:
      - '*'
      access-control-expose-headers:
      - DNT, X-CustomHeader, Keep-Alive, User-Agent, X-Requested-With, If-Modified-Since,
        Cache-Control, Content-Type, Authorization, x-ms-client-request-id, x-ms-useragent,
        x-ms-content-sha256, x-ms-date, host, Accept, Accept-Datetime, Date, If-Match,
        If-None-Match, Sync-Token, x-ms-return-client-request-id, ETag, Last-Modified,
        Link, Memento-Datetime, retry-after-ms, x-ms-request-id, x-ms-client-session-id,
        x-ms-effective-locale, WWW-Authenticate, traceparent, tracestate
      connection:
      - keep-alive
      content-type:
      - application/vnd.microsoft.appconfig.kv+json; charset=utf-8
      date:
      - Tue, 16 Aug 2022 23:19:12 GMT
      etag:
      - '"JX9ueofCGdbaJHnW2HIsPzdLCi51TZgC-SwVx03e5fo"'
      last-modified:
      - Tue, 16 Aug 2022 23:19:12 GMT
      server:
      - openresty/1.17.8.2
      strict-transport-security:
      - max-age=15724800; includeSubDomains
      sync-token:
      - zAJw6V16=NTo1IzExMzM4Nzc1;sn=11338775
      transfer-encoding:
      - chunked
    status:
      code: 200
      message: OK
- request:
    body: null
    headers:
      Accept:
      - application/vnd.microsoft.appconfig.kv+json, application/json, application/problem+json
      Accept-Encoding:
      - gzip, deflate
      Connection:
      - keep-alive
      Content-Length:
      - '0'
      Sync-Token:
      - zAJw6V16=NTo1IzExMzM4Nzc1
      User-Agent:
      - azsdk-python-appconfiguration/1.4.0 Python/3.9.2 (Windows-10-10.0.22000-SP0)
      x-ms-content-sha256:
      - 47DEQpj8HBSa+/TImW+5JCeuQeRkm5NMpJWZG3hSuFU=
      x-ms-date:
      - Aug, 16 2022 23:19:13.423810 GMT
    method: DELETE
    uri: https://fake_app_config.azconfig-test.io/kv/PYTHON_UNIT_test_key_a6af8952-54a6-11e9-b600-2816a84d0309?label=test_label1_1d7b2b28-549e-11e9-b51c-2816a84d0309&api-version=1.0
  response:
    body:
      string: '{"etag":"D8qhL2vf0Xt3fuLf33_sOyUazqb9JJdRaz3F8gxKaSU","key":"PYTHON_UNIT_test_key_a6af8952-54a6-11e9-b600-2816a84d0309","label":"test_label1_1d7b2b28-549e-11e9-b51c-2816a84d0309","content_type":"test
        content type","value":"test value","tags":{"tag1":"tag1","tag2":"tag2"},"locked":false,"last_modified":"2022-08-16T23:19:12+00:00"}'
    headers:
      access-control-allow-credentials:
      - 'true'
      access-control-allow-origin:
      - '*'
      access-control-expose-headers:
      - DNT, X-CustomHeader, Keep-Alive, User-Agent, X-Requested-With, If-Modified-Since,
        Cache-Control, Content-Type, Authorization, x-ms-client-request-id, x-ms-useragent,
        x-ms-content-sha256, x-ms-date, host, Accept, Accept-Datetime, Date, If-Match,
        If-None-Match, Sync-Token, x-ms-return-client-request-id, ETag, Last-Modified,
        Link, Memento-Datetime, retry-after-ms, x-ms-request-id, x-ms-client-session-id,
        x-ms-effective-locale, WWW-Authenticate, traceparent, tracestate
      connection:
      - keep-alive
      content-type:
      - application/vnd.microsoft.appconfig.kv+json; charset=utf-8
      date:
      - Tue, 16 Aug 2022 23:19:12 GMT
      etag:
      - '"D8qhL2vf0Xt3fuLf33_sOyUazqb9JJdRaz3F8gxKaSU"'
      last-modified:
      - Tue, 16 Aug 2022 23:19:12 GMT
      server:
      - openresty/1.17.8.2
      strict-transport-security:
      - max-age=15724800; includeSubDomains
      sync-token:
      - zAJw6V16=NTo1IzExMzM4Nzc2;sn=11338776
      transfer-encoding:
      - chunked
    status:
      code: 200
      message: OK
version: 1
