interactions:
- request:
    body: null
    headers:
      Accept:
      - application/vnd.microsoft.appconfig.kvset+json, application/json, application/problem+json
      User-Agent:
      - azsdk-python-appconfiguration/1.4.0 Python/3.9.2 (Windows-10-10.0.22000-SP0)
    method: GET
    uri: https://fake_app_config.azconfig-test.io/kv?key=PYTHON_UNIT_test_key_a6af8952-54a6-11e9-b600-2816a84d0309&label=test_label1_1d7b2b28-549e-11e9-b51c-2816a84d0309&api-version=1.0
  response:
    body:
      string: '{"items":[{"etag":"pQ30dN0cyQzK1y1cVvmd3l1SEiGPEXdLpszbsS51R0U","key":"PYTHON_UNIT_test_key_a6af8952-54a6-11e9-b600-2816a84d0309","label":"test_label1_1d7b2b28-549e-11e9-b51c-2816a84d0309","content_type":"test
        content type","value":"test value","tags":{"tag1":"tag1","tag2":"tag2"},"locked":false,"last_modified":"2022-09-15T23:56:36+00:00"}]}'
    headers:
      access-control-allow-credentials: 'true'
      access-control-allow-origin: '*'
      access-control-expose-headers: DNT, X-CustomHeader, Keep-Alive, User-Agent,
        X-Requested-With, If-Modified-Since, Cache-Control, Content-Type, Authorization,
        x-ms-client-request-id, x-ms-useragent, x-ms-content-sha256, x-ms-date, host,
        Accept, Accept-Datetime, Date, If-Match, If-None-Match, Sync-Token, x-ms-return-client-request-id,
        ETag, Last-Modified, Link, Memento-Datetime, retry-after-ms, x-ms-request-id,
        x-ms-client-session-id, x-ms-effective-locale, WWW-Authenticate, traceparent,
        tracestate
      connection: keep-alive
      content-type: application/vnd.microsoft.appconfig.kvset+json; charset=utf-8
      date: Thu, 15 Sep 2022 23:56:37 GMT
      server: openresty/1.17.8.2
      strict-transport-security: max-age=15724800; includeSubDomains
      sync-token: zAJw6V16=Nzo1IzEwNDg5MzQ=;sn=1048934
      transfer-encoding: chunked
    status:
      code: 200
      message: OK
    url: https://yallappconfigtests-azconfig-net.azconfig.io/kv?key=PYTHON_UNIT_test_key_a6af8952-54a6-11e9-b600-2816a84d0309&label=test_label1_1d7b2b28-549e-11e9-b51c-2816a84d0309&api-version=1.0
- request:
    body: null
    headers:
      Accept:
      - application/vnd.microsoft.appconfig.kv+json, application/json, application/problem+json
      Sync-Token:
      - zAJw6V16=Nzo1IzEwNDg5MzQ=
      User-Agent:
      - azsdk-python-appconfiguration/1.4.0 Python/3.9.2 (Windows-10-10.0.22000-SP0)
    method: DELETE
    uri: https://fake_app_config.azconfig-test.io/kv/PYTHON_UNIT_test_key_a6af8952-54a6-11e9-b600-2816a84d0309?label=test_label1_1d7b2b28-549e-11e9-b51c-2816a84d0309&api-version=1.0
  response:
    body:
      string: '{"etag":"pQ30dN0cyQzK1y1cVvmd3l1SEiGPEXdLpszbsS51R0U","key":"PYTHON_UNIT_test_key_a6af8952-54a6-11e9-b600-2816a84d0309","label":"test_label1_1d7b2b28-549e-11e9-b51c-2816a84d0309","content_type":"test
        content type","value":"test value","tags":{"tag1":"tag1","tag2":"tag2"},"locked":false,"last_modified":"2022-09-15T23:56:36+00:00"}'
    headers:
      access-control-allow-credentials: 'true'
      access-control-allow-origin: '*'
      access-control-expose-headers: DNT, X-CustomHeader, Keep-Alive, User-Agent,
        X-Requested-With, If-Modified-Since, Cache-Control, Content-Type, Authorization,
        x-ms-client-request-id, x-ms-useragent, x-ms-content-sha256, x-ms-date, host,
        Accept, Accept-Datetime, Date, If-Match, If-None-Match, Sync-Token, x-ms-return-client-request-id,
        ETag, Last-Modified, Link, Memento-Datetime, retry-after-ms, x-ms-request-id,
        x-ms-client-session-id, x-ms-effective-locale, WWW-Authenticate, traceparent,
        tracestate
      connection: keep-alive
      content-type: application/vnd.microsoft.appconfig.kv+json; charset=utf-8
      date: Thu, 15 Sep 2022 23:56:37 GMT
      etag: '"pQ30dN0cyQzK1y1cVvmd3l1SEiGPEXdLpszbsS51R0U"'
      last-modified: Thu, 15 Sep 2022 23:56:36 GMT
      server: openresty/1.17.8.2
      strict-transport-security: max-age=15724800; includeSubDomains
      sync-token: zAJw6V16=Nzo1IzEwNDg5MzU=;sn=1048935
      transfer-encoding: chunked
    status:
      code: 200
      message: OK
    url: https://yallappconfigtests-azconfig-net.azconfig.io/kv/PYTHON_UNIT_test_key_a6af8952-54a6-11e9-b600-2816a84d0309?label=test_label1_1d7b2b28-549e-11e9-b51c-2816a84d0309&api-version=1.0
- request:
    body: '{"key": "PYTHON_UNIT_test_key_a6af8952-54a6-11e9-b600-2816a84d0309", "label":
      "test_label1_1d7b2b28-549e-11e9-b51c-2816a84d0309", "content_type": "test content
      type", "value": "test value", "tags": {"tag1": "tag1", "tag2": "tag2"}}'
    headers:
      Accept:
      - application/vnd.microsoft.appconfig.kv+json, application/json, application/problem+json
      Content-Length:
      - '231'
      Content-Type:
      - application/vnd.microsoft.appconfig.kv+json
      If-None-Match:
      - '*'
      Sync-Token:
      - zAJw6V16=Nzo1IzEwNDg5MzU=
      User-Agent:
      - azsdk-python-appconfiguration/1.4.0 Python/3.9.2 (Windows-10-10.0.22000-SP0)
    method: PUT
    uri: https://fake_app_config.azconfig-test.io/kv/PYTHON_UNIT_test_key_a6af8952-54a6-11e9-b600-2816a84d0309?label=test_label1_1d7b2b28-549e-11e9-b51c-2816a84d0309&api-version=1.0
  response:
    body:
      string: '{"etag":"ZDD8pPALVStFhJET_UJiUGczPsOFYC26lnneG_EgfGg","key":"PYTHON_UNIT_test_key_a6af8952-54a6-11e9-b600-2816a84d0309","label":"test_label1_1d7b2b28-549e-11e9-b51c-2816a84d0309","content_type":"test
        content type","value":"test value","tags":{"tag1":"tag1","tag2":"tag2"},"locked":false,"last_modified":"2022-09-15T23:56:37+00:00"}'
    headers:
      access-control-allow-credentials: 'true'
      access-control-allow-origin: '*'
      access-control-expose-headers: DNT, X-CustomHeader, Keep-Alive, User-Agent,
        X-Requested-With, If-Modified-Since, Cache-Control, Content-Type, Authorization,
        x-ms-client-request-id, x-ms-useragent, x-ms-content-sha256, x-ms-date, host,
        Accept, Accept-Datetime, Date, If-Match, If-None-Match, Sync-Token, x-ms-return-client-request-id,
        ETag, Last-Modified, Link, Memento-Datetime, retry-after-ms, x-ms-request-id,
        x-ms-client-session-id, x-ms-effective-locale, WWW-Authenticate, traceparent,
        tracestate
      connection: keep-alive
      content-type: application/vnd.microsoft.appconfig.kv+json; charset=utf-8
      date: Thu, 15 Sep 2022 23:56:37 GMT
      etag: '"ZDD8pPALVStFhJET_UJiUGczPsOFYC26lnneG_EgfGg"'
      last-modified: Thu, 15 Sep 2022 23:56:37 GMT
      server: openresty/1.17.8.2
      strict-transport-security: max-age=15724800; includeSubDomains
      sync-token: zAJw6V16=Nzo1IzEwNDg5MzY=;sn=1048936
      transfer-encoding: chunked
    status:
      code: 200
      message: OK
    url: https://yallappconfigtests-azconfig-net.azconfig.io/kv/PYTHON_UNIT_test_key_a6af8952-54a6-11e9-b600-2816a84d0309?label=test_label1_1d7b2b28-549e-11e9-b51c-2816a84d0309&api-version=1.0
- request:
    body: null
    headers:
      Accept:
      - application/vnd.microsoft.appconfig.kvset+json, application/json, application/problem+json
      Sync-Token:
      - zAJw6V16=Nzo1IzEwNDg5MzY=
      User-Agent:
      - azsdk-python-appconfiguration/1.4.0 Python/3.9.2 (Windows-10-10.0.22000-SP0)
    method: GET
    uri: https://fake_app_config.azconfig-test.io/kv?key=PYTHON_UNIT_test_key_a6af8952-54a6-11e9-b600-2816a84d0309&api-version=1.0
  response:
    body:
      string: '{"items":[{"etag":"ZDD8pPALVStFhJET_UJiUGczPsOFYC26lnneG_EgfGg","key":"PYTHON_UNIT_test_key_a6af8952-54a6-11e9-b600-2816a84d0309","label":"test_label1_1d7b2b28-549e-11e9-b51c-2816a84d0309","content_type":"test
        content type","value":"test value","tags":{"tag1":"tag1","tag2":"tag2"},"locked":false,"last_modified":"2022-09-15T23:56:37+00:00"}]}'
    headers:
      access-control-allow-credentials: 'true'
      access-control-allow-origin: '*'
      access-control-expose-headers: DNT, X-CustomHeader, Keep-Alive, User-Agent,
        X-Requested-With, If-Modified-Since, Cache-Control, Content-Type, Authorization,
        x-ms-client-request-id, x-ms-useragent, x-ms-content-sha256, x-ms-date, host,
        Accept, Accept-Datetime, Date, If-Match, If-None-Match, Sync-Token, x-ms-return-client-request-id,
        ETag, Last-Modified, Link, Memento-Datetime, retry-after-ms, x-ms-request-id,
        x-ms-client-session-id, x-ms-effective-locale, WWW-Authenticate, traceparent,
        tracestate
      connection: keep-alive
      content-type: application/vnd.microsoft.appconfig.kvset+json; charset=utf-8
      date: Thu, 15 Sep 2022 23:56:37 GMT
      server: openresty/1.17.8.2
      strict-transport-security: max-age=15724800; includeSubDomains
      sync-token: zAJw6V16=Nzo1IzEwNDg5Mzc=;sn=1048937
      transfer-encoding: chunked
    status:
      code: 200
      message: OK
    url: https://yallappconfigtests-azconfig-net.azconfig.io/kv?key=PYTHON_UNIT_test_key_a6af8952-54a6-11e9-b600-2816a84d0309&api-version=1.0
- request:
    body: null
    headers:
      Accept:
      - application/vnd.microsoft.appconfig.kv+json, application/json, application/problem+json
      Sync-Token:
      - zAJw6V16=Nzo1IzEwNDg5Mzc=
      User-Agent:
      - azsdk-python-appconfiguration/1.4.0 Python/3.9.2 (Windows-10-10.0.22000-SP0)
    method: DELETE
    uri: https://fake_app_config.azconfig-test.io/kv/PYTHON_UNIT_test_key_a6af8952-54a6-11e9-b600-2816a84d0309?api-version=1.0
  response:
    body:
      string: ''
    headers:
      access-control-allow-credentials: 'true'
      access-control-allow-origin: '*'
      access-control-expose-headers: DNT, X-CustomHeader, Keep-Alive, User-Agent,
        X-Requested-With, If-Modified-Since, Cache-Control, Content-Type, Authorization,
        x-ms-client-request-id, x-ms-useragent, x-ms-content-sha256, x-ms-date, host,
        Accept, Accept-Datetime, Date, If-Match, If-None-Match, Sync-Token, x-ms-return-client-request-id,
        ETag, Last-Modified, Link, Memento-Datetime, retry-after-ms, x-ms-request-id,
        x-ms-client-session-id, x-ms-effective-locale, WWW-Authenticate, traceparent,
        tracestate
      connection: keep-alive
      content-type: application/vnd.microsoft.appconfig.kv+json; charset=utf-8
      date: Thu, 15 Sep 2022 23:56:37 GMT
      server: openresty/1.17.8.2
      strict-transport-security: max-age=15724800; includeSubDomains
    status:
      code: 204
      message: No Content
    url: https://yallappconfigtests-azconfig-net.azconfig.io/kv/PYTHON_UNIT_test_key_a6af8952-54a6-11e9-b600-2816a84d0309?api-version=1.0
- request:
    body: '{"key": "PYTHON_UNIT_test_key_a6af8952-54a6-11e9-b600-2816a84d0309", "content_type":
      "test content type", "value": "test value", "tags": {"tag1": "tag1", "tag2":
      "tag2"}}'
    headers:
      Accept:
      - application/vnd.microsoft.appconfig.kv+json, application/json, application/problem+json
      Content-Length:
      - '170'
      Content-Type:
      - application/vnd.microsoft.appconfig.kv+json
      If-None-Match:
      - '*'
      Sync-Token:
      - zAJw6V16=Nzo1IzEwNDg5Mzc=
      User-Agent:
      - azsdk-python-appconfiguration/1.4.0 Python/3.9.2 (Windows-10-10.0.22000-SP0)
    method: PUT
    uri: https://fake_app_config.azconfig-test.io/kv/PYTHON_UNIT_test_key_a6af8952-54a6-11e9-b600-2816a84d0309?api-version=1.0
  response:
    body:
      string: '{"etag":"xvKcnt4kxPMWuFMUpcsNnDEYyYuEWuIC36UfkqurPmw","key":"PYTHON_UNIT_test_key_a6af8952-54a6-11e9-b600-2816a84d0309","label":null,"content_type":"test
        content type","value":"test value","tags":{"tag1":"tag1","tag2":"tag2"},"locked":false,"last_modified":"2022-09-15T23:56:37+00:00"}'
    headers:
      access-control-allow-credentials: 'true'
      access-control-allow-origin: '*'
      access-control-expose-headers: DNT, X-CustomHeader, Keep-Alive, User-Agent,
        X-Requested-With, If-Modified-Since, Cache-Control, Content-Type, Authorization,
        x-ms-client-request-id, x-ms-useragent, x-ms-content-sha256, x-ms-date, host,
        Accept, Accept-Datetime, Date, If-Match, If-None-Match, Sync-Token, x-ms-return-client-request-id,
        ETag, Last-Modified, Link, Memento-Datetime, retry-after-ms, x-ms-request-id,
        x-ms-client-session-id, x-ms-effective-locale, WWW-Authenticate, traceparent,
        tracestate
      connection: keep-alive
      content-type: application/vnd.microsoft.appconfig.kv+json; charset=utf-8
      date: Thu, 15 Sep 2022 23:56:37 GMT
      etag: '"xvKcnt4kxPMWuFMUpcsNnDEYyYuEWuIC36UfkqurPmw"'
      last-modified: Thu, 15 Sep 2022 23:56:37 GMT
      server: openresty/1.17.8.2
      strict-transport-security: max-age=15724800; includeSubDomains
      sync-token: zAJw6V16=Nzo1IzEwNDg5Mzg=;sn=1048938
      transfer-encoding: chunked
    status:
      code: 200
      message: OK
    url: https://yallappconfigtests-azconfig-net.azconfig.io/kv/PYTHON_UNIT_test_key_a6af8952-54a6-11e9-b600-2816a84d0309?api-version=1.0
- request:
    body: null
    headers:
      Accept:
      - application/vnd.microsoft.appconfig.kvset+json, application/json, application/problem+json
      Sync-Token:
      - zAJw6V16=Nzo1IzEwNDg5Mzg=
      User-Agent:
      - azsdk-python-appconfiguration/1.4.0 Python/3.9.2 (Windows-10-10.0.22000-SP0)
    method: GET
    uri: https://fake_app_config.azconfig-test.io/kv?key=*&label=test_label1_1d7b2b28-549e-11e9-b51c-2816a84d0309&api-version=1.0&$Select=key,content_type
  response:
    body:
      string: '{"items":[{"key":"PYTHON_UNIT_test_key_a6af8952-54a6-11e9-b600-2816a84d0309","content_type":"test
        content type"}]}'
    headers:
      access-control-allow-credentials: 'true'
      access-control-allow-origin: '*'
      access-control-expose-headers: DNT, X-CustomHeader, Keep-Alive, User-Agent,
        X-Requested-With, If-Modified-Since, Cache-Control, Content-Type, Authorization,
        x-ms-client-request-id, x-ms-useragent, x-ms-content-sha256, x-ms-date, host,
        Accept, Accept-Datetime, Date, If-Match, If-None-Match, Sync-Token, x-ms-return-client-request-id,
        ETag, Last-Modified, Link, Memento-Datetime, retry-after-ms, x-ms-request-id,
        x-ms-client-session-id, x-ms-effective-locale, WWW-Authenticate, traceparent,
        tracestate
      connection: keep-alive
      content-type: application/vnd.microsoft.appconfig.kvset+json; charset=utf-8
      date: Thu, 15 Sep 2022 23:56:37 GMT
      server: openresty/1.17.8.2
      strict-transport-security: max-age=15724800; includeSubDomains
      sync-token: zAJw6V16=Nzo1IzEwNDg5Mzk=;sn=1048939
      transfer-encoding: chunked
    status:
      code: 200
      message: OK
    url: https://yallappconfigtests-azconfig-net.azconfig.io/kv?key=*&label=test_label1_1d7b2b28-549e-11e9-b51c-2816a84d0309&api-version=1.0&$Select=key,content_type
- request:
    body: null
    headers:
      Accept:
      - application/vnd.microsoft.appconfig.kvset+json, application/json, application/problem+json
      Sync-Token:
      - zAJw6V16=Nzo1IzEwNDg5Mzk=
      User-Agent:
      - azsdk-python-appconfiguration/1.4.0 Python/3.9.2 (Windows-10-10.0.22000-SP0)
    method: GET
    uri: https://fake_app_config.azconfig-test.io/kv?api-version=1.0
  response:
    body:
      string: '{"items":[{"etag":"xvKcnt4kxPMWuFMUpcsNnDEYyYuEWuIC36UfkqurPmw","key":"PYTHON_UNIT_test_key_a6af8952-54a6-11e9-b600-2816a84d0309","label":null,"content_type":"test
        content type","value":"test value","tags":{"tag1":"tag1","tag2":"tag2"},"locked":false,"last_modified":"2022-09-15T23:56:37+00:00"},{"etag":"ZDD8pPALVStFhJET_UJiUGczPsOFYC26lnneG_EgfGg","key":"PYTHON_UNIT_test_key_a6af8952-54a6-11e9-b600-2816a84d0309","label":"test_label1_1d7b2b28-549e-11e9-b51c-2816a84d0309","content_type":"test
        content type","value":"test value","tags":{"tag1":"tag1","tag2":"tag2"},"locked":false,"last_modified":"2022-09-15T23:56:37+00:00"}]}'
    headers:
      access-control-allow-credentials: 'true'
      access-control-allow-origin: '*'
      access-control-expose-headers: DNT, X-CustomHeader, Keep-Alive, User-Agent,
        X-Requested-With, If-Modified-Since, Cache-Control, Content-Type, Authorization,
        x-ms-client-request-id, x-ms-useragent, x-ms-content-sha256, x-ms-date, host,
        Accept, Accept-Datetime, Date, If-Match, If-None-Match, Sync-Token, x-ms-return-client-request-id,
        ETag, Last-Modified, Link, Memento-Datetime, retry-after-ms, x-ms-request-id,
        x-ms-client-session-id, x-ms-effective-locale, WWW-Authenticate, traceparent,
        tracestate
      connection: keep-alive
      content-type: application/vnd.microsoft.appconfig.kvset+json; charset=utf-8
      date: Thu, 15 Sep 2022 23:56:37 GMT
      server: openresty/1.17.8.2
      strict-transport-security: max-age=15724800; includeSubDomains
      sync-token: zAJw6V16=Nzo1IzEwNDg5Mzk=;sn=1048939
      transfer-encoding: chunked
    status:
      code: 200
      message: OK
    url: https://yallappconfigtests-azconfig-net.azconfig.io/kv?api-version=1.0
- request:
    body: null
    headers:
      Accept:
      - application/vnd.microsoft.appconfig.kv+json, application/json, application/problem+json
      Sync-Token:
      - zAJw6V16=Nzo1IzEwNDg5Mzk=
      User-Agent:
      - azsdk-python-appconfiguration/1.4.0 Python/3.9.2 (Windows-10-10.0.22000-SP0)
    method: DELETE
    uri: https://fake_app_config.azconfig-test.io/kv/PYTHON_UNIT_test_key_a6af8952-54a6-11e9-b600-2816a84d0309?api-version=1.0
  response:
    body:
      string: '{"etag":"xvKcnt4kxPMWuFMUpcsNnDEYyYuEWuIC36UfkqurPmw","key":"PYTHON_UNIT_test_key_a6af8952-54a6-11e9-b600-2816a84d0309","label":null,"content_type":"test
        content type","value":"test value","tags":{"tag1":"tag1","tag2":"tag2"},"locked":false,"last_modified":"2022-09-15T23:56:37+00:00"}'
    headers:
      access-control-allow-credentials: 'true'
      access-control-allow-origin: '*'
      access-control-expose-headers: DNT, X-CustomHeader, Keep-Alive, User-Agent,
        X-Requested-With, If-Modified-Since, Cache-Control, Content-Type, Authorization,
        x-ms-client-request-id, x-ms-useragent, x-ms-content-sha256, x-ms-date, host,
        Accept, Accept-Datetime, Date, If-Match, If-None-Match, Sync-Token, x-ms-return-client-request-id,
        ETag, Last-Modified, Link, Memento-Datetime, retry-after-ms, x-ms-request-id,
        x-ms-client-session-id, x-ms-effective-locale, WWW-Authenticate, traceparent,
        tracestate
      connection: keep-alive
      content-type: application/vnd.microsoft.appconfig.kv+json; charset=utf-8
      date: Thu, 15 Sep 2022 23:56:37 GMT
      etag: '"xvKcnt4kxPMWuFMUpcsNnDEYyYuEWuIC36UfkqurPmw"'
      last-modified: Thu, 15 Sep 2022 23:56:37 GMT
      server: openresty/1.17.8.2
      strict-transport-security: max-age=15724800; includeSubDomains
      sync-token: zAJw6V16=Nzo1IzEwNDg5NDA=;sn=1048940
      transfer-encoding: chunked
    status:
      code: 200
      message: OK
    url: https://yallappconfigtests-azconfig-net.azconfig.io/kv/PYTHON_UNIT_test_key_a6af8952-54a6-11e9-b600-2816a84d0309?api-version=1.0
- request:
    body: null
    headers:
      Accept:
      - application/vnd.microsoft.appconfig.kv+json, application/json, application/problem+json
      Sync-Token:
      - zAJw6V16=Nzo1IzEwNDg5NDA=
      User-Agent:
      - azsdk-python-appconfiguration/1.4.0 Python/3.9.2 (Windows-10-10.0.22000-SP0)
    method: DELETE
    uri: https://fake_app_config.azconfig-test.io/kv/PYTHON_UNIT_test_key_a6af8952-54a6-11e9-b600-2816a84d0309?label=test_label1_1d7b2b28-549e-11e9-b51c-2816a84d0309&api-version=1.0
  response:
    body:
      string: '{"etag":"ZDD8pPALVStFhJET_UJiUGczPsOFYC26lnneG_EgfGg","key":"PYTHON_UNIT_test_key_a6af8952-54a6-11e9-b600-2816a84d0309","label":"test_label1_1d7b2b28-549e-11e9-b51c-2816a84d0309","content_type":"test
        content type","value":"test value","tags":{"tag1":"tag1","tag2":"tag2"},"locked":false,"last_modified":"2022-09-15T23:56:37+00:00"}'
    headers:
      access-control-allow-credentials: 'true'
      access-control-allow-origin: '*'
      access-control-expose-headers: DNT, X-CustomHeader, Keep-Alive, User-Agent,
        X-Requested-With, If-Modified-Since, Cache-Control, Content-Type, Authorization,
        x-ms-client-request-id, x-ms-useragent, x-ms-content-sha256, x-ms-date, host,
        Accept, Accept-Datetime, Date, If-Match, If-None-Match, Sync-Token, x-ms-return-client-request-id,
        ETag, Last-Modified, Link, Memento-Datetime, retry-after-ms, x-ms-request-id,
        x-ms-client-session-id, x-ms-effective-locale, WWW-Authenticate, traceparent,
        tracestate
      connection: keep-alive
      content-type: application/vnd.microsoft.appconfig.kv+json; charset=utf-8
      date: Thu, 15 Sep 2022 23:56:37 GMT
      etag: '"ZDD8pPALVStFhJET_UJiUGczPsOFYC26lnneG_EgfGg"'
      last-modified: Thu, 15 Sep 2022 23:56:37 GMT
      server: openresty/1.17.8.2
      strict-transport-security: max-age=15724800; includeSubDomains
      sync-token: zAJw6V16=Nzo1IzEwNDg5NDE=;sn=1048941
      transfer-encoding: chunked
    status:
      code: 200
      message: OK
    url: https://yallappconfigtests-azconfig-net.azconfig.io/kv/PYTHON_UNIT_test_key_a6af8952-54a6-11e9-b600-2816a84d0309?label=test_label1_1d7b2b28-549e-11e9-b51c-2816a84d0309&api-version=1.0
version: 1
