{
  "Entries": [
    {
      "RequestUri": "https://fake_app_config.azconfig-test.io/kv/.appconfig.featureflag%2Fkey924d35f1?api-version=1.0",
      "RequestMethod": "PUT",
      "RequestHeaders": {
        "Accept": "application/vnd.microsoft.appconfig.kv\u002Bjson, application/json, application/problem\u002Bjson",
        "Accept-Encoding": "gzip, deflate",
        "Connection": "keep-alive",
        "Content-Length": "298",
        "Content-Type": "application/json",
        "User-Agent": "azsdk-python-appconfiguration/1.4.0 Python/3.9.2 (Windows-10-10.0.22000-SP0)",
        "x-ms-content-sha256": "FAuAh3v//\u002BGDCjG5ZQ4PPx6SRKsocZCxzgElg58KVrk=",
        "x-ms-date": "Sep, 27 2022 20:06:19.422640 GMT"
      },
      "RequestBody": {
        "key": ".appconfig.featureflag/key924d35f1",
        "content_type": "application/vnd.microsoft.appconfig.ff\u002Bjson;charset=utf-8",
        "value": "{\u0022enabled\u0022: true, \u0022conditions\u0022: {\u0022client_filters\u0022: [{\u0022name\u0022: \u0022Microsoft.Percentage\u0022, \u0022parameters\u0022: {\u0022Value\u0022: 10, \u0022User\u0022: \u0022user1\u0022}}]}}",
        "tags": {}
      },
      "StatusCode": 200,
      "ResponseHeaders": {
        "Access-Control-Allow-Credentials": "true",
        "Access-Control-Allow-Origin": "*",
        "Access-Control-Expose-Headers": "DNT, X-CustomHeader, Keep-Alive, User-Agent, X-Requested-With, If-Modified-Since, Cache-Control, Content-Type, Authorization, x-ms-client-request-id, x-ms-useragent, x-ms-content-sha256, x-ms-date, host, Accept, Accept-Datetime, Date, If-Match, If-None-Match, Sync-Token, x-ms-return-client-request-id, ETag, Last-Modified, Link, Memento-Datetime, retry-after-ms, x-ms-request-id, x-ms-client-session-id, x-ms-effective-locale, WWW-Authenticate, traceparent, tracestate",
        "Connection": "keep-alive",
        "Content-Type": "application/vnd.microsoft.appconfig.kv\u002Bjson; charset=utf-8",
        "Date": "Tue, 27 Sep 2022 20:06:20 GMT",
        "ETag": "\u0022GR8nRFeKIJnyO1BGs4DuVMObpcAqQdTaQ4NJ2MufbGI\u0022",
        "Last-Modified": "Tue, 27 Sep 2022 20:06:20 GMT",
        "Server": "openresty/1.17.8.2",
        "Strict-Transport-Security": "max-age=15724800; includeSubDomains",
        "Sync-Token": "zAJw6V16=Mzo1IzY3ODg1NjY=;sn=6788566",
        "Transfer-Encoding": "chunked",
        "x-ms-correlation-request-id": "afc85264-13bb-4923-b8df-41ce5eddfb5a"
      },
      "ResponseBody": {
        "etag": "GR8nRFeKIJnyO1BGs4DuVMObpcAqQdTaQ4NJ2MufbGI",
        "key": ".appconfig.featureflag/key924d35f1",
        "label": null,
        "content_type": "application/vnd.microsoft.appconfig.ff\u002Bjson;charset=utf-8",
        "value": "{\u0022enabled\u0022: true, \u0022conditions\u0022: {\u0022client_filters\u0022: [{\u0022name\u0022: \u0022Microsoft.Percentage\u0022, \u0022parameters\u0022: {\u0022Value\u0022: 10, \u0022User\u0022: \u0022user1\u0022}}]}}",
        "tags": {},
        "locked": false,
        "last_modified": "2022-09-27T20:06:20\u002B00:00"
      }
    },
    {
      "RequestUri": "https://fake_app_config.azconfig-test.io/kv/.appconfig.featureflag%2Fkey924d35f1?api-version=1.0",
      "RequestMethod": "PUT",
      "RequestHeaders": {
        "Accept": "application/vnd.microsoft.appconfig.kv\u002Bjson, application/json, application/problem\u002Bjson",
        "Accept-Encoding": "gzip, deflate",
        "Connection": "keep-alive",
        "Content-Length": "561",
        "Content-Type": "application/json",
        "Sync-Token": "zAJw6V16=Mzo1IzY3ODg1NjY=",
        "User-Agent": "azsdk-python-appconfiguration/1.4.0 Python/3.9.2 (Windows-10-10.0.22000-SP0)",
        "x-ms-content-sha256": "F8K7BSG1RedzS72\u002BESQz0\u002BWGtIhmW\u002BrZnSctc41cQxY=",
        "x-ms-date": "Sep, 27 2022 20:06:19.516123 GMT"
      },
      "RequestBody": {
        "key": ".appconfig.featureflag/key924d35f1",
        "content_type": "application/vnd.microsoft.appconfig.ff\u002Bjson;charset=utf-8",
        "value": "{\u0022conditions\u0022: {\u0022client_filters\u0022: [{\u0022name\u0022: \u0022Microsoft.Targeting\u0022, \u0022parameters\u0022: {\u0022name\u0022: \u0022Microsoft.Targeting\u0022, \u0022parameters\u0022: {\u0022Audience\u0022: {\u0022DefaultRolloutPercentage\u0022: 50, \u0022Groups\u0022: [], \u0022Users\u0022: []}}}}]}, \u0022description\u0022: \u0022\u0022, \u0022enabled\u0022: false, \u0022id\u0022: \u0022key924d35f1\u0022}",
        "last_modified": "2022-09-27T20:06:20.000Z",
        "tags": {},
        "locked": false,
        "etag": "GR8nRFeKIJnyO1BGs4DuVMObpcAqQdTaQ4NJ2MufbGI"
      },
      "StatusCode": 200,
      "ResponseHeaders": {
        "Access-Control-Allow-Credentials": "true",
        "Access-Control-Allow-Origin": "*",
        "Access-Control-Expose-Headers": "DNT, X-CustomHeader, Keep-Alive, User-Agent, X-Requested-With, If-Modified-Since, Cache-Control, Content-Type, Authorization, x-ms-client-request-id, x-ms-useragent, x-ms-content-sha256, x-ms-date, host, Accept, Accept-Datetime, Date, If-Match, If-None-Match, Sync-Token, x-ms-return-client-request-id, ETag, Last-Modified, Link, Memento-Datetime, retry-after-ms, x-ms-request-id, x-ms-client-session-id, x-ms-effective-locale, WWW-Authenticate, traceparent, tracestate",
        "Connection": "keep-alive",
        "Content-Type": "application/vnd.microsoft.appconfig.kv\u002Bjson; charset=utf-8",
        "Date": "Tue, 27 Sep 2022 20:06:20 GMT",
        "ETag": "\u0022A__tUkzq7iydTqZhXfArM0tEnL7tlxcQqzDlqZTX2pU\u0022",
        "Last-Modified": "Tue, 27 Sep 2022 20:06:20 GMT",
        "Server": "openresty/1.17.8.2",
        "Strict-Transport-Security": "max-age=15724800; includeSubDomains",
        "Sync-Token": "zAJw6V16=Mzo1IzY3ODg1Njc=;sn=6788567",
        "Transfer-Encoding": "chunked",
        "x-ms-correlation-request-id": "b21d2cbf-c4b9-4913-ab8a-b85fafce0759"
      },
      "ResponseBody": {
        "etag": "A__tUkzq7iydTqZhXfArM0tEnL7tlxcQqzDlqZTX2pU",
        "key": ".appconfig.featureflag/key924d35f1",
        "label": null,
        "content_type": "application/vnd.microsoft.appconfig.ff\u002Bjson;charset=utf-8",
        "value": "{\u0022conditions\u0022: {\u0022client_filters\u0022: [{\u0022name\u0022: \u0022Microsoft.Targeting\u0022, \u0022parameters\u0022: {\u0022name\u0022: \u0022Microsoft.Targeting\u0022, \u0022parameters\u0022: {\u0022Audience\u0022: {\u0022DefaultRolloutPercentage\u0022: 50, \u0022Groups\u0022: [], \u0022Users\u0022: []}}}}]}, \u0022description\u0022: \u0022\u0022, \u0022enabled\u0022: false, \u0022id\u0022: \u0022key924d35f1\u0022}",
        "tags": {},
        "locked": false,
        "last_modified": "2022-09-27T20:06:20\u002B00:00"
      }
    },
    {
      "RequestUri": "https://fake_app_config.azconfig-test.io/kv/%7B%22enabled%22%3A%20false%2C%20%22conditions%22%3A%20%7B%22client_filters%22%3A%20%5B%7B%22name%22%3A%20%22Microsoft.Targeting%22%2C%20%22parameters%22%3A%20%7B%22name%22%3A%20%22Microsoft.Targeting%22%2C%20%22parameters%22%3A%20%7B%22Audience%22%3A%20%7B%22DefaultRolloutPercentage%22%3A%2050%2C%20%22Groups%22%3A%20%5B%5D%2C%20%22Users%22%3A%20%5B%5D%7D%7D%7D%7D%5D%7D%7D?api-version=1.0",
      "RequestMethod": "DELETE",
      "RequestHeaders": {
        "Accept": "application/vnd.microsoft.appconfig.kv\u002Bjson, application/json, application/problem\u002Bjson",
        "Accept-Encoding": "gzip, deflate",
        "Connection": "keep-alive",
        "Content-Length": "0",
        "Sync-Token": "zAJw6V16=Mzo1IzY3ODg1Njc=",
        "User-Agent": "azsdk-python-appconfiguration/1.4.0 Python/3.9.2 (Windows-10-10.0.22000-SP0)",
        "x-ms-content-sha256": "47DEQpj8HBSa\u002B/TImW\u002B5JCeuQeRkm5NMpJWZG3hSuFU=",
        "x-ms-date": "Sep, 27 2022 20:06:19.560682 GMT"
      },
      "RequestBody": null,
      "StatusCode": 204,
      "ResponseHeaders": {
        "Access-Control-Allow-Credentials": "true",
        "Access-Control-Allow-Origin": "*",
        "Access-Control-Expose-Headers": "DNT, X-CustomHeader, Keep-Alive, User-Agent, X-Requested-With, If-Modified-Since, Cache-Control, Content-Type, Authorization, x-ms-client-request-id, x-ms-useragent, x-ms-content-sha256, x-ms-date, host, Accept, Accept-Datetime, Date, If-Match, If-None-Match, Sync-Token, x-ms-return-client-request-id, ETag, Last-Modified, Link, Memento-Datetime, retry-after-ms, x-ms-request-id, x-ms-client-session-id, x-ms-effective-locale, WWW-Authenticate, traceparent, tracestate",
        "Connection": "keep-alive",
        "Content-Type": "application/vnd.microsoft.appconfig.kv\u002Bjson; charset=utf-8",
        "Date": "Tue, 27 Sep 2022 20:06:20 GMT",
        "Server": "openresty/1.17.8.2",
        "Strict-Transport-Security": "max-age=15724800; includeSubDomains",
        "x-ms-correlation-request-id": "a8276d5d-30e8-457e-9479-e796ff18aa7b"
      },
      "ResponseBody": null
    }
  ],
  "Variables": {}
}
