interactions:
- request:
    body: '{"key": "aref", "content_type": "application/vnd.microsoft.appconfig.keyvaultref+json;charset=utf-8",
      "value": "{\"uri\": \"notaurl\"}", "tags": {}}'
    headers:
      Accept:
      - application/vnd.microsoft.appconfig.kv+json, application/json, application/problem+json
      Content-Length:
      - '148'
      Content-Type:
      - application/vnd.microsoft.appconfig.kv+json
      User-Agent:
      - azsdk-python-appconfiguration/1.4.0 Python/3.9.2 (Windows-10-10.0.22000-SP0)
      x-ms-content-sha256:
      - DVfdRUyznJ955tt/rD4bxuruak5QBRaFTRGbz44xzUo=
      x-ms-date:
      - Sep, 15 2022 23:57:02.565232 GMT
    method: PUT
    uri: https://fake_app_config.azconfig-test.io/kv/aref?api-version=1.0
  response:
    body:
      string: '{"etag":"NvKecLLa2-IEHDS85QXgM5jh6vWQPchwhZDo1UaVH8s","key":"aref","label":null,"content_type":"application/vnd.microsoft.appconfig.keyvaultref+json;charset=utf-8","value":"{\"uri\":
        \"notaurl\"}","tags":{},"locked":false,"last_modified":"2022-09-15T23:57:02+00:00"}'
    headers:
      access-control-allow-credentials: 'true'
      access-control-allow-origin: '*'
      access-control-expose-headers: DNT, X-CustomHeader, Keep-Alive, User-Agent,
        X-Requested-With, If-Modified-Since, Cache-Control, Content-Type, Authorization,
        x-ms-client-request-id, x-ms-useragent, x-ms-content-sha256, x-ms-date, host,
        Accept, Accept-Datetime, Date, If-Match, If-None-Match, Sync-Token, x-ms-return-client-request-id,
        ETag, Last-Modified, Link, Memento-Datetime, retry-after-ms, x-ms-request-id,
        x-ms-client-session-id, x-ms-effective-locale, WWW-Authenticate, traceparent,
        tracestate
      connection: keep-alive
      content-type: application/vnd.microsoft.appconfig.kv+json; charset=utf-8
      date: Thu, 15 Sep 2022 23:57:02 GMT
      etag: '"NvKecLLa2-IEHDS85QXgM5jh6vWQPchwhZDo1UaVH8s"'
      last-modified: Thu, 15 Sep 2022 23:57:02 GMT
      server: openresty/1.17.8.2
      strict-transport-security: max-age=15724800; includeSubDomains
      sync-token: zAJw6V16=Nzo1IzEwNDkzNzA=;sn=1049370
      transfer-encoding: chunked
    status:
      code: 200
      message: OK
    url: https://yallappconfigtests-azconfig-net.azconfig.io/kv/aref?api-version=1.0
- request:
    body: ''
    headers:
      Accept:
      - application/vnd.microsoft.appconfig.kv+json, application/json, application/problem+json
      Sync-Token:
      - zAJw6V16=Nzo1IzEwNDkzNzA=
      User-Agent:
      - azsdk-python-appconfiguration/1.4.0 Python/3.9.2 (Windows-10-10.0.22000-SP0)
      x-ms-content-sha256:
      - 47DEQpj8HBSa+/TImW+5JCeuQeRkm5NMpJWZG3hSuFU=
      x-ms-date:
      - Sep, 15 2022 23:57:02.649234 GMT
    method: GET
    uri: https://fake_app_config.azconfig-test.io/kv/aref?api-version=1.0
  response:
    body:
      string: '{"etag":"NvKecLLa2-IEHDS85QXgM5jh6vWQPchwhZDo1UaVH8s","key":"aref","label":null,"content_type":"application/vnd.microsoft.appconfig.keyvaultref+json;charset=utf-8","value":"{\"uri\":
        \"notaurl\"}","tags":{},"locked":false,"last_modified":"2022-09-15T23:57:02+00:00"}'
    headers:
      access-control-allow-credentials: 'true'
      access-control-allow-origin: '*'
      access-control-expose-headers: DNT, X-CustomHeader, Keep-Alive, User-Agent,
        X-Requested-With, If-Modified-Since, Cache-Control, Content-Type, Authorization,
        x-ms-client-request-id, x-ms-useragent, x-ms-content-sha256, x-ms-date, host,
        Accept, Accept-Datetime, Date, If-Match, If-None-Match, Sync-Token, x-ms-return-client-request-id,
        ETag, Last-Modified, Link, Memento-Datetime, retry-after-ms, x-ms-request-id,
        x-ms-client-session-id, x-ms-effective-locale, WWW-Authenticate, traceparent,
        tracestate
      connection: keep-alive
      content-type: application/vnd.microsoft.appconfig.kv+json; charset=utf-8
      date: Thu, 15 Sep 2022 23:57:02 GMT
      etag: '"NvKecLLa2-IEHDS85QXgM5jh6vWQPchwhZDo1UaVH8s"'
      last-modified: Thu, 15 Sep 2022 23:57:02 GMT
      server: openresty/1.17.8.2
      strict-transport-security: max-age=15724800; includeSubDomains
      sync-token: zAJw6V16=Nzo1IzEwNDkzNzE=;sn=1049371
      transfer-encoding: chunked
    status:
      code: 200
      message: OK
    url: https://yallappconfigtests-azconfig-net.azconfig.io/kv/aref?api-version=1.0
- request:
    body: '{"key": "aref1", "content_type": "fkaeyjfdkal;", "value": "{\"uri\": \"notaurl\"}",
      "tags": {}}'
    headers:
      Accept:
      - application/vnd.microsoft.appconfig.kv+json, application/json, application/problem+json
      Content-Length:
      - '95'
      Content-Type:
      - application/vnd.microsoft.appconfig.kv+json
      Sync-Token:
      - zAJw6V16=Nzo1IzEwNDkzNzE=
      User-Agent:
      - azsdk-python-appconfiguration/1.4.0 Python/3.9.2 (Windows-10-10.0.22000-SP0)
      x-ms-content-sha256:
      - AjCqB948/LMCBS3uK0lBeBWJ525IXcnN6N9Q29FYCI4=
      x-ms-date:
      - Sep, 15 2022 23:57:02.679233 GMT
    method: PUT
    uri: https://fake_app_config.azconfig-test.io/kv/aref1?api-version=1.0
  response:
    body:
      string: '{"etag":"PvQhleMVXv19YG5pKzwNEyfQItVORTDo99AIfVsE5Ro","key":"aref1","label":null,"content_type":"fkaeyjfdkal;","value":"{\"uri\":
        \"notaurl\"}","tags":{},"locked":false,"last_modified":"2022-09-15T23:57:02+00:00"}'
    headers:
      access-control-allow-credentials: 'true'
      access-control-allow-origin: '*'
      access-control-expose-headers: DNT, X-CustomHeader, Keep-Alive, User-Agent,
        X-Requested-With, If-Modified-Since, Cache-Control, Content-Type, Authorization,
        x-ms-client-request-id, x-ms-useragent, x-ms-content-sha256, x-ms-date, host,
        Accept, Accept-Datetime, Date, If-Match, If-None-Match, Sync-Token, x-ms-return-client-request-id,
        ETag, Last-Modified, Link, Memento-Datetime, retry-after-ms, x-ms-request-id,
        x-ms-client-session-id, x-ms-effective-locale, WWW-Authenticate, traceparent,
        tracestate
      connection: keep-alive
      content-type: application/vnd.microsoft.appconfig.kv+json; charset=utf-8
      date: Thu, 15 Sep 2022 23:57:02 GMT
      etag: '"PvQhleMVXv19YG5pKzwNEyfQItVORTDo99AIfVsE5Ro"'
      last-modified: Thu, 15 Sep 2022 23:57:02 GMT
      server: openresty/1.17.8.2
      strict-transport-security: max-age=15724800; includeSubDomains
      sync-token: zAJw6V16=Nzo1IzEwNDkzNzI=;sn=1049372
      transfer-encoding: chunked
    status:
      code: 200
      message: OK
    url: https://yallappconfigtests-azconfig-net.azconfig.io/kv/aref1?api-version=1.0
- request:
    body: ''
    headers:
      Accept:
      - application/vnd.microsoft.appconfig.kv+json, application/json, application/problem+json
      Sync-Token:
      - zAJw6V16=Nzo1IzEwNDkzNzI=
      User-Agent:
      - azsdk-python-appconfiguration/1.4.0 Python/3.9.2 (Windows-10-10.0.22000-SP0)
      x-ms-content-sha256:
      - 47DEQpj8HBSa+/TImW+5JCeuQeRkm5NMpJWZG3hSuFU=
      x-ms-date:
      - Sep, 15 2022 23:57:02.718233 GMT
    method: GET
    uri: https://fake_app_config.azconfig-test.io/kv/aref1?api-version=1.0
  response:
    body:
      string: '{"etag":"PvQhleMVXv19YG5pKzwNEyfQItVORTDo99AIfVsE5Ro","key":"aref1","label":null,"content_type":"fkaeyjfdkal;","value":"{\"uri\":
        \"notaurl\"}","tags":{},"locked":false,"last_modified":"2022-09-15T23:57:02+00:00"}'
    headers:
      access-control-allow-credentials: 'true'
      access-control-allow-origin: '*'
      access-control-expose-headers: DNT, X-CustomHeader, Keep-Alive, User-Agent,
        X-Requested-With, If-Modified-Since, Cache-Control, Content-Type, Authorization,
        x-ms-client-request-id, x-ms-useragent, x-ms-content-sha256, x-ms-date, host,
        Accept, Accept-Datetime, Date, If-Match, If-None-Match, Sync-Token, x-ms-return-client-request-id,
        ETag, Last-Modified, Link, Memento-Datetime, retry-after-ms, x-ms-request-id,
        x-ms-client-session-id, x-ms-effective-locale, WWW-Authenticate, traceparent,
        tracestate
      connection: keep-alive
      content-type: application/vnd.microsoft.appconfig.kv+json; charset=utf-8
      date: Thu, 15 Sep 2022 23:57:02 GMT
      etag: '"PvQhleMVXv19YG5pKzwNEyfQItVORTDo99AIfVsE5Ro"'
      last-modified: Thu, 15 Sep 2022 23:57:02 GMT
      server: openresty/1.17.8.2
      strict-transport-security: max-age=15724800; includeSubDomains
      sync-token: zAJw6V16=Nzo1IzEwNDkzNzM=;sn=1049373
      transfer-encoding: chunked
    status:
      code: 200
      message: OK
    url: https://yallappconfigtests-azconfig-net.azconfig.io/kv/aref1?api-version=1.0
- request:
    body: ''
    headers:
      Accept:
      - application/vnd.microsoft.appconfig.kv+json, application/json, application/problem+json
      Sync-Token:
      - zAJw6V16=Nzo1IzEwNDkzNzM=
      User-Agent:
      - azsdk-python-appconfiguration/1.4.0 Python/3.9.2 (Windows-10-10.0.22000-SP0)
      x-ms-content-sha256:
      - 47DEQpj8HBSa+/TImW+5JCeuQeRkm5NMpJWZG3hSuFU=
      x-ms-date:
      - Sep, 15 2022 23:57:02.749232 GMT
    method: DELETE
    uri: https://fake_app_config.azconfig-test.io/kv/aref1?api-version=1.0
  response:
    body:
      string: '{"etag":"PvQhleMVXv19YG5pKzwNEyfQItVORTDo99AIfVsE5Ro","key":"aref1","label":null,"content_type":"fkaeyjfdkal;","value":"{\"uri\":
        \"notaurl\"}","tags":{},"locked":false,"last_modified":"2022-09-15T23:57:02+00:00"}'
    headers:
      access-control-allow-credentials: 'true'
      access-control-allow-origin: '*'
      access-control-expose-headers: DNT, X-CustomHeader, Keep-Alive, User-Agent,
        X-Requested-With, If-Modified-Since, Cache-Control, Content-Type, Authorization,
        x-ms-client-request-id, x-ms-useragent, x-ms-content-sha256, x-ms-date, host,
        Accept, Accept-Datetime, Date, If-Match, If-None-Match, Sync-Token, x-ms-return-client-request-id,
        ETag, Last-Modified, Link, Memento-Datetime, retry-after-ms, x-ms-request-id,
        x-ms-client-session-id, x-ms-effective-locale, WWW-Authenticate, traceparent,
        tracestate
      connection: keep-alive
      content-type: application/vnd.microsoft.appconfig.kv+json; charset=utf-8
      date: Thu, 15 Sep 2022 23:57:02 GMT
      etag: '"PvQhleMVXv19YG5pKzwNEyfQItVORTDo99AIfVsE5Ro"'
      last-modified: Thu, 15 Sep 2022 23:57:02 GMT
      server: openresty/1.17.8.2
      strict-transport-security: max-age=15724800; includeSubDomains
      sync-token: zAJw6V16=Nzo1IzEwNDkzNzQ=;sn=1049374
      transfer-encoding: chunked
    status:
      code: 200
      message: OK
    url: https://yallappconfigtests-azconfig-net.azconfig.io/kv/aref1?api-version=1.0
version: 1
