{
  "Entries": [
    {
      "RequestUri": "https://login.microsoftonline.com/00000000-0000-0000-0000-000000000000/oauth2/v2.0/token",
      "RequestMethod": "POST",
      "RequestHeaders": {
        "Accept": "*/*",
        "Accept-Encoding": "gzip, deflate",
        "Content-Length": "152",
        "Content-Type": "application/x-www-form-urlencoded",
        "User-Agent": "azsdk-python-identity/1.10.0 Python/3.9.2 (Windows-10-10.0.22000-SP0)"
      },
      "RequestBody": "client_id=client-id\u0026client_secret=client-secret\u0026grant_type=client_credentials\u0026scope=https%3A%2F%2Fyallappconfigtests-azconfig-net.azconfig.io%2F.default",
      "StatusCode": 200,
      "ResponseHeaders": {
        "Cache-Control": "no-store, no-cache",
        "Content-Length": "92",
        "Content-Type": "application/json; charset=utf-8",
        "Date": "Wed, 24 Aug 2022 02:13:28 GMT",
        "Expires": "-1",
        "P3P": "CP=\u0022DSP CUR OTPi IND OTRi ONL FIN\u0022",
        "Pragma": "no-cache",
        "Set-Cookie": [
          "fpc=AkrgPnF5MjpIgGq5AoW7bpzj45DWBwAAAD-Al9oOAAAA; expires=Fri, 23-Sep-2022 02:13:28 GMT; path=/; secure; HttpOnly; SameSite=None",
          "x-ms-gateway-slice=estsfd; path=/; secure; samesite=none; httponly",
          "stsservicecookie=estsfd; path=/; secure; samesite=none; httponly"
        ],
        "Strict-Transport-Security": "max-age=31536000; includeSubDomains",
        "X-Content-Type-Options": "nosniff",
        "x-ms-ests-server": "2.1.13481.12 - EUS ProdSlices",
        "X-XSS-Protection": "0"
      },
      "ResponseBody": {
        "token_type": "Bearer",
        "expires_in": 86399,
        "ext_expires_in": 86399,
        "access_token": "Sanitized"
      }
    },
    {
      "RequestUri": "https://fake_app_config.azconfig-test.io/kv?key=PYTHON_UNIT_test_key_a6af8952-54a6-11e9-b600-2816a84d0309\u0026label=test_label1_1d7b2b28-549e-11e9-b51c-2816a84d0309\u0026api-version=1.0",
      "RequestMethod": "GET",
      "RequestHeaders": {
        "Accept": "application/vnd.microsoft.appconfig.kvset\u002Bjson, application/json, application/problem\u002Bjson",
        "Accept-Encoding": "gzip, deflate",
        "User-Agent": "azsdk-python-appconfiguration/1.4.0 Python/3.9.2 (Windows-10-10.0.22000-SP0)"
      },
      "RequestBody": null,
      "StatusCode": 200,
      "ResponseHeaders": {
        "Access-Control-Allow-Credentials": "true",
        "Access-Control-Allow-Origin": "*",
        "Access-Control-Expose-Headers": "DNT, X-CustomHeader, Keep-Alive, User-Agent, X-Requested-With, If-Modified-Since, Cache-Control, Content-Type, Authorization, x-ms-client-request-id, x-ms-useragent, x-ms-content-sha256, x-ms-date, host, Accept, Accept-Datetime, Date, If-Match, If-None-Match, Sync-Token, x-ms-return-client-request-id, ETag, Last-Modified, Link, Memento-Datetime, retry-after-ms, x-ms-request-id, x-ms-client-session-id, x-ms-effective-locale, WWW-Authenticate, traceparent, tracestate",
        "Connection": "keep-alive",
        "Content-Type": "application/vnd.microsoft.appconfig.kvset\u002Bjson; charset=utf-8",
        "Date": "Wed, 24 Aug 2022 02:13:28 GMT",
        "Server": "openresty/1.17.8.2",
        "Strict-Transport-Security": "max-age=15724800; includeSubDomains",
        "Sync-Token": "zAJw6V16=NTo1IzExNjgxMzgz;sn=11681383",
        "Transfer-Encoding": "chunked",
        "x-ms-correlation-request-id": "ed0b12b1-261c-4432-9fbf-d5cab21ef821"
      },
      "ResponseBody": {
        "items": []
      }
    },
    {
      "RequestUri": "https://fake_app_config.azconfig-test.io/kv/PYTHON_UNIT_test_key_a6af8952-54a6-11e9-b600-2816a84d0309?label=test_label1_1d7b2b28-549e-11e9-b51c-2816a84d0309\u0026api-version=1.0",
      "RequestMethod": "PUT",
      "RequestHeaders": {
        "Accept": "application/vnd.microsoft.appconfig.kv\u002Bjson, application/json, application/problem\u002Bjson",
        "Accept-Encoding": "gzip, deflate",
        "Content-Length": "231",
        "Content-Type": "application/vnd.microsoft.appconfig.kv\u002Bjson",
        "If-None-Match": "*",
        "Sync-Token": "zAJw6V16=NTo1IzExNjgxMzgz",
        "User-Agent": "azsdk-python-appconfiguration/1.4.0 Python/3.9.2 (Windows-10-10.0.22000-SP0)"
      },
      "RequestBody": {
        "key": "PYTHON_UNIT_test_key_a6af8952-54a6-11e9-b600-2816a84d0309",
        "label": "test_label1_1d7b2b28-549e-11e9-b51c-2816a84d0309",
        "content_type": "test content type",
        "value": "test value",
        "tags": {
          "tag1": "tag1",
          "tag2": "tag2"
        }
      },
      "StatusCode": 200,
      "ResponseHeaders": {
        "Access-Control-Allow-Credentials": "true",
        "Access-Control-Allow-Origin": "*",
        "Access-Control-Expose-Headers": "DNT, X-CustomHeader, Keep-Alive, User-Agent, X-Requested-With, If-Modified-Since, Cache-Control, Content-Type, Authorization, x-ms-client-request-id, x-ms-useragent, x-ms-content-sha256, x-ms-date, host, Accept, Accept-Datetime, Date, If-Match, If-None-Match, Sync-Token, x-ms-return-client-request-id, ETag, Last-Modified, Link, Memento-Datetime, retry-after-ms, x-ms-request-id, x-ms-client-session-id, x-ms-effective-locale, WWW-Authenticate, traceparent, tracestate",
        "Connection": "keep-alive",
        "Content-Type": "application/vnd.microsoft.appconfig.kv\u002Bjson; charset=utf-8",
        "Date": "Wed, 24 Aug 2022 02:13:28 GMT",
        "ETag": "\u00224Sdch7YSlI58tigImKp03-aAUAG2t9rztqo-gcgf0GE\u0022",
        "Last-Modified": "Wed, 24 Aug 2022 02:13:28 GMT",
        "Server": "openresty/1.17.8.2",
        "Strict-Transport-Security": "max-age=15724800; includeSubDomains",
        "Sync-Token": "zAJw6V16=NTo1IzExNjgxMzg0;sn=11681384",
        "Transfer-Encoding": "chunked",
        "x-ms-correlation-request-id": "eb064705-6e34-4a22-9496-5daf79feb395"
      },
      "ResponseBody": {
        "etag": "4Sdch7YSlI58tigImKp03-aAUAG2t9rztqo-gcgf0GE",
        "key": "PYTHON_UNIT_test_key_a6af8952-54a6-11e9-b600-2816a84d0309",
        "label": "test_label1_1d7b2b28-549e-11e9-b51c-2816a84d0309",
        "content_type": "test content type",
        "value": "test value",
        "tags": {
          "tag1": "tag1",
          "tag2": "tag2"
        },
        "locked": false,
        "last_modified": "2022-08-24T02:13:28\u002B00:00"
      }
    },
    {
      "RequestUri": "https://fake_app_config.azconfig-test.io/kv?key=PYTHON_UNIT_test_key_a6af8952-54a6-11e9-b600-2816a84d0309\u0026api-version=1.0",
      "RequestMethod": "GET",
      "RequestHeaders": {
        "Accept": "application/vnd.microsoft.appconfig.kvset\u002Bjson, application/json, application/problem\u002Bjson",
        "Accept-Encoding": "gzip, deflate",
        "Sync-Token": "zAJw6V16=NTo1IzExNjgxMzg0",
        "User-Agent": "azsdk-python-appconfiguration/1.4.0 Python/3.9.2 (Windows-10-10.0.22000-SP0)"
      },
      "RequestBody": null,
      "StatusCode": 200,
      "ResponseHeaders": {
        "Access-Control-Allow-Credentials": "true",
        "Access-Control-Allow-Origin": "*",
        "Access-Control-Expose-Headers": "DNT, X-CustomHeader, Keep-Alive, User-Agent, X-Requested-With, If-Modified-Since, Cache-Control, Content-Type, Authorization, x-ms-client-request-id, x-ms-useragent, x-ms-content-sha256, x-ms-date, host, Accept, Accept-Datetime, Date, If-Match, If-None-Match, Sync-Token, x-ms-return-client-request-id, ETag, Last-Modified, Link, Memento-Datetime, retry-after-ms, x-ms-request-id, x-ms-client-session-id, x-ms-effective-locale, WWW-Authenticate, traceparent, tracestate",
        "Connection": "keep-alive",
        "Content-Type": "application/vnd.microsoft.appconfig.kvset\u002Bjson; charset=utf-8",
        "Date": "Wed, 24 Aug 2022 02:13:28 GMT",
        "Server": "openresty/1.17.8.2",
        "Strict-Transport-Security": "max-age=15724800; includeSubDomains",
        "Sync-Token": "zAJw6V16=NTo1IzExNjgxMzg1;sn=11681385",
        "Transfer-Encoding": "chunked",
        "x-ms-correlation-request-id": "31ca06ea-315e-4118-8104-c95b1c4b5cbf"
      },
      "ResponseBody": {
        "items": [
          {
            "etag": "4Sdch7YSlI58tigImKp03-aAUAG2t9rztqo-gcgf0GE",
            "key": "PYTHON_UNIT_test_key_a6af8952-54a6-11e9-b600-2816a84d0309",
            "label": "test_label1_1d7b2b28-549e-11e9-b51c-2816a84d0309",
            "content_type": "test content type",
            "value": "test value",
            "tags": {
              "tag1": "tag1",
              "tag2": "tag2"
            },
            "locked": false,
            "last_modified": "2022-08-24T02:13:28\u002B00:00"
          }
        ]
      }
    },
    {
      "RequestUri": "https://fake_app_config.azconfig-test.io/kv/PYTHON_UNIT_test_key_a6af8952-54a6-11e9-b600-2816a84d0309?api-version=1.0",
      "RequestMethod": "DELETE",
      "RequestHeaders": {
        "Accept": "application/vnd.microsoft.appconfig.kv\u002Bjson, application/json, application/problem\u002Bjson",
        "Accept-Encoding": "gzip, deflate",
        "Content-Length": "0",
        "Sync-Token": "zAJw6V16=NTo1IzExNjgxMzg1",
        "User-Agent": "azsdk-python-appconfiguration/1.4.0 Python/3.9.2 (Windows-10-10.0.22000-SP0)"
      },
      "RequestBody": null,
      "StatusCode": 204,
      "ResponseHeaders": {
        "Access-Control-Allow-Credentials": "true",
        "Access-Control-Allow-Origin": "*",
        "Access-Control-Expose-Headers": "DNT, X-CustomHeader, Keep-Alive, User-Agent, X-Requested-With, If-Modified-Since, Cache-Control, Content-Type, Authorization, x-ms-client-request-id, x-ms-useragent, x-ms-content-sha256, x-ms-date, host, Accept, Accept-Datetime, Date, If-Match, If-None-Match, Sync-Token, x-ms-return-client-request-id, ETag, Last-Modified, Link, Memento-Datetime, retry-after-ms, x-ms-request-id, x-ms-client-session-id, x-ms-effective-locale, WWW-Authenticate, traceparent, tracestate",
        "Connection": "keep-alive",
        "Content-Type": "application/vnd.microsoft.appconfig.kv\u002Bjson; charset=utf-8",
        "Date": "Wed, 24 Aug 2022 02:13:28 GMT",
        "Server": "openresty/1.17.8.2",
        "Strict-Transport-Security": "max-age=15724800; includeSubDomains",
        "x-ms-correlation-request-id": "2a38894f-ba8e-4638-87be-714ac2fef391"
      },
      "ResponseBody": null
    },
    {
      "RequestUri": "https://fake_app_config.azconfig-test.io/kv/PYTHON_UNIT_test_key_a6af8952-54a6-11e9-b600-2816a84d0309?api-version=1.0",
      "RequestMethod": "PUT",
      "RequestHeaders": {
        "Accept": "application/vnd.microsoft.appconfig.kv\u002Bjson, application/json, application/problem\u002Bjson",
        "Accept-Encoding": "gzip, deflate",
        "Content-Length": "170",
        "Content-Type": "application/vnd.microsoft.appconfig.kv\u002Bjson",
        "If-None-Match": "*",
        "Sync-Token": "zAJw6V16=NTo1IzExNjgxMzg1",
        "User-Agent": "azsdk-python-appconfiguration/1.4.0 Python/3.9.2 (Windows-10-10.0.22000-SP0)"
      },
      "RequestBody": {
        "key": "PYTHON_UNIT_test_key_a6af8952-54a6-11e9-b600-2816a84d0309",
        "content_type": "test content type",
        "value": "test value",
        "tags": {
          "tag1": "tag1",
          "tag2": "tag2"
        }
      },
      "StatusCode": 200,
      "ResponseHeaders": {
        "Access-Control-Allow-Credentials": "true",
        "Access-Control-Allow-Origin": "*",
        "Access-Control-Expose-Headers": "DNT, X-CustomHeader, Keep-Alive, User-Agent, X-Requested-With, If-Modified-Since, Cache-Control, Content-Type, Authorization, x-ms-client-request-id, x-ms-useragent, x-ms-content-sha256, x-ms-date, host, Accept, Accept-Datetime, Date, If-Match, If-None-Match, Sync-Token, x-ms-return-client-request-id, ETag, Last-Modified, Link, Memento-Datetime, retry-after-ms, x-ms-request-id, x-ms-client-session-id, x-ms-effective-locale, WWW-Authenticate, traceparent, tracestate",
        "Connection": "keep-alive",
        "Content-Type": "application/vnd.microsoft.appconfig.kv\u002Bjson; charset=utf-8",
        "Date": "Wed, 24 Aug 2022 02:13:29 GMT",
        "ETag": "\u0022Wo6zZFuovsCZ0mXPMLe6VtbC0IzjxcE7Xqw1b71eplQ\u0022",
        "Last-Modified": "Wed, 24 Aug 2022 02:13:29 GMT",
        "Server": "openresty/1.17.8.2",
        "Strict-Transport-Security": "max-age=15724800; includeSubDomains",
        "Sync-Token": "zAJw6V16=NTo1IzExNjgxMzg2;sn=11681386",
        "Transfer-Encoding": "chunked",
        "x-ms-correlation-request-id": "c51dbf77-5985-4d49-8700-dfe58f9b70bb"
      },
      "ResponseBody": {
        "etag": "Wo6zZFuovsCZ0mXPMLe6VtbC0IzjxcE7Xqw1b71eplQ",
        "key": "PYTHON_UNIT_test_key_a6af8952-54a6-11e9-b600-2816a84d0309",
        "label": null,
        "content_type": "test content type",
        "value": "test value",
        "tags": {
          "tag1": "tag1",
          "tag2": "tag2"
        },
        "locked": false,
        "last_modified": "2022-08-24T02:13:29\u002B00:00"
      }
    },
    {
      "RequestUri": "https://fake_app_config.azconfig-test.io/kv?key=PYTHON_UNIT_test_key_a6af8952-54a6-11e9-b600-2816a84d0309\u0026api-version=1.0",
      "RequestMethod": "GET",
      "RequestHeaders": {
        "Accept": "application/vnd.microsoft.appconfig.kvset\u002Bjson, application/json, application/problem\u002Bjson",
        "Accept-Encoding": "gzip, deflate",
        "Sync-Token": "zAJw6V16=NTo1IzExNjgxMzg2",
        "User-Agent": "azsdk-python-appconfiguration/1.4.0 Python/3.9.2 (Windows-10-10.0.22000-SP0)"
      },
      "RequestBody": null,
      "StatusCode": 200,
      "ResponseHeaders": {
        "Access-Control-Allow-Credentials": "true",
        "Access-Control-Allow-Origin": "*",
        "Access-Control-Expose-Headers": "DNT, X-CustomHeader, Keep-Alive, User-Agent, X-Requested-With, If-Modified-Since, Cache-Control, Content-Type, Authorization, x-ms-client-request-id, x-ms-useragent, x-ms-content-sha256, x-ms-date, host, Accept, Accept-Datetime, Date, If-Match, If-None-Match, Sync-Token, x-ms-return-client-request-id, ETag, Last-Modified, Link, Memento-Datetime, retry-after-ms, x-ms-request-id, x-ms-client-session-id, x-ms-effective-locale, WWW-Authenticate, traceparent, tracestate",
        "Connection": "keep-alive",
        "Content-Type": "application/vnd.microsoft.appconfig.kvset\u002Bjson; charset=utf-8",
        "Date": "Wed, 24 Aug 2022 02:13:29 GMT",
        "Server": "openresty/1.17.8.2",
        "Strict-Transport-Security": "max-age=15724800; includeSubDomains",
        "Sync-Token": "zAJw6V16=NTo1IzExNjgxMzg3;sn=11681387",
        "Transfer-Encoding": "chunked",
        "x-ms-correlation-request-id": "5965d150-4ee6-47f7-8537-6028e79c7e0e"
      },
      "ResponseBody": {
        "items": [
          {
            "etag": "Wo6zZFuovsCZ0mXPMLe6VtbC0IzjxcE7Xqw1b71eplQ",
            "key": "PYTHON_UNIT_test_key_a6af8952-54a6-11e9-b600-2816a84d0309",
            "label": null,
            "content_type": "test content type",
            "value": "test value",
            "tags": {
              "tag1": "tag1",
              "tag2": "tag2"
            },
            "locked": false,
            "last_modified": "2022-08-24T02:13:29\u002B00:00"
          },
          {
            "etag": "4Sdch7YSlI58tigImKp03-aAUAG2t9rztqo-gcgf0GE",
            "key": "PYTHON_UNIT_test_key_a6af8952-54a6-11e9-b600-2816a84d0309",
            "label": "test_label1_1d7b2b28-549e-11e9-b51c-2816a84d0309",
            "content_type": "test content type",
            "value": "test value",
            "tags": {
              "tag1": "tag1",
              "tag2": "tag2"
            },
            "locked": false,
            "last_modified": "2022-08-24T02:13:28\u002B00:00"
          }
        ]
      }
    },
    {
      "RequestUri": "https://fake_app_config.azconfig-test.io/kv?api-version=1.0",
      "RequestMethod": "GET",
      "RequestHeaders": {
        "Accept": "application/vnd.microsoft.appconfig.kvset\u002Bjson, application/json, application/problem\u002Bjson",
        "Accept-Encoding": "gzip, deflate",
        "Sync-Token": "zAJw6V16=NTo1IzExNjgxMzg3",
        "User-Agent": "azsdk-python-appconfiguration/1.4.0 Python/3.9.2 (Windows-10-10.0.22000-SP0)"
      },
      "RequestBody": null,
      "StatusCode": 200,
      "ResponseHeaders": {
        "Access-Control-Allow-Credentials": "true",
        "Access-Control-Allow-Origin": "*",
        "Access-Control-Expose-Headers": "DNT, X-CustomHeader, Keep-Alive, User-Agent, X-Requested-With, If-Modified-Since, Cache-Control, Content-Type, Authorization, x-ms-client-request-id, x-ms-useragent, x-ms-content-sha256, x-ms-date, host, Accept, Accept-Datetime, Date, If-Match, If-None-Match, Sync-Token, x-ms-return-client-request-id, ETag, Last-Modified, Link, Memento-Datetime, retry-after-ms, x-ms-request-id, x-ms-client-session-id, x-ms-effective-locale, WWW-Authenticate, traceparent, tracestate",
        "Connection": "keep-alive",
        "Content-Type": "application/vnd.microsoft.appconfig.kvset\u002Bjson; charset=utf-8",
        "Date": "Wed, 24 Aug 2022 02:13:29 GMT",
        "Server": "openresty/1.17.8.2",
        "Strict-Transport-Security": "max-age=15724800; includeSubDomains",
        "Sync-Token": "zAJw6V16=NTo1IzExNjgxMzg3;sn=11681387",
        "Transfer-Encoding": "chunked",
        "x-ms-correlation-request-id": "6d1ce43f-61b7-4f7f-8ad7-f399dd2b8227"
      },
      "ResponseBody": {
        "items": [
          {
            "etag": "Wo6zZFuovsCZ0mXPMLe6VtbC0IzjxcE7Xqw1b71eplQ",
            "key": "PYTHON_UNIT_test_key_a6af8952-54a6-11e9-b600-2816a84d0309",
            "label": null,
            "content_type": "test content type",
            "value": "test value",
            "tags": {
              "tag1": "tag1",
              "tag2": "tag2"
            },
            "locked": false,
            "last_modified": "2022-08-24T02:13:29\u002B00:00"
          },
          {
            "etag": "4Sdch7YSlI58tigImKp03-aAUAG2t9rztqo-gcgf0GE",
            "key": "PYTHON_UNIT_test_key_a6af8952-54a6-11e9-b600-2816a84d0309",
            "label": "test_label1_1d7b2b28-549e-11e9-b51c-2816a84d0309",
            "content_type": "test content type",
            "value": "test value",
            "tags": {
              "tag1": "tag1",
              "tag2": "tag2"
            },
            "locked": false,
            "last_modified": "2022-08-24T02:13:28\u002B00:00"
          }
        ]
      }
    },
    {
      "RequestUri": "https://fake_app_config.azconfig-test.io/kv/PYTHON_UNIT_test_key_a6af8952-54a6-11e9-b600-2816a84d0309?api-version=1.0",
      "RequestMethod": "DELETE",
      "RequestHeaders": {
        "Accept": "application/vnd.microsoft.appconfig.kv\u002Bjson, application/json, application/problem\u002Bjson",
        "Accept-Encoding": "gzip, deflate",
        "Content-Length": "0",
        "Sync-Token": "zAJw6V16=NTo1IzExNjgxMzg3",
        "User-Agent": "azsdk-python-appconfiguration/1.4.0 Python/3.9.2 (Windows-10-10.0.22000-SP0)"
      },
      "RequestBody": null,
      "StatusCode": 200,
      "ResponseHeaders": {
        "Access-Control-Allow-Credentials": "true",
        "Access-Control-Allow-Origin": "*",
        "Access-Control-Expose-Headers": "DNT, X-CustomHeader, Keep-Alive, User-Agent, X-Requested-With, If-Modified-Since, Cache-Control, Content-Type, Authorization, x-ms-client-request-id, x-ms-useragent, x-ms-content-sha256, x-ms-date, host, Accept, Accept-Datetime, Date, If-Match, If-None-Match, Sync-Token, x-ms-return-client-request-id, ETag, Last-Modified, Link, Memento-Datetime, retry-after-ms, x-ms-request-id, x-ms-client-session-id, x-ms-effective-locale, WWW-Authenticate, traceparent, tracestate",
        "Connection": "keep-alive",
        "Content-Type": "application/vnd.microsoft.appconfig.kv\u002Bjson; charset=utf-8",
        "Date": "Wed, 24 Aug 2022 02:13:29 GMT",
        "ETag": "\u0022Wo6zZFuovsCZ0mXPMLe6VtbC0IzjxcE7Xqw1b71eplQ\u0022",
        "Last-Modified": "Wed, 24 Aug 2022 02:13:29 GMT",
        "Server": "openresty/1.17.8.2",
        "Strict-Transport-Security": "max-age=15724800; includeSubDomains",
        "Sync-Token": "zAJw6V16=NTo1IzExNjgxMzg4;sn=11681388",
        "Transfer-Encoding": "chunked",
        "x-ms-correlation-request-id": "f47f7cc1-48e5-454f-8006-7a9194c86955"
      },
      "ResponseBody": {
        "etag": "Wo6zZFuovsCZ0mXPMLe6VtbC0IzjxcE7Xqw1b71eplQ",
        "key": "PYTHON_UNIT_test_key_a6af8952-54a6-11e9-b600-2816a84d0309",
        "label": null,
        "content_type": "test content type",
        "value": "test value",
        "tags": {
          "tag1": "tag1",
          "tag2": "tag2"
        },
        "locked": false,
        "last_modified": "2022-08-24T02:13:29\u002B00:00"
      }
    },
    {
      "RequestUri": "https://fake_app_config.azconfig-test.io/kv/PYTHON_UNIT_test_key_a6af8952-54a6-11e9-b600-2816a84d0309?label=test_label1_1d7b2b28-549e-11e9-b51c-2816a84d0309\u0026api-version=1.0",
      "RequestMethod": "DELETE",
      "RequestHeaders": {
        "Accept": "application/vnd.microsoft.appconfig.kv\u002Bjson, application/json, application/problem\u002Bjson",
        "Accept-Encoding": "gzip, deflate",
        "Content-Length": "0",
        "Sync-Token": "zAJw6V16=NTo1IzExNjgxMzg4",
        "User-Agent": "azsdk-python-appconfiguration/1.4.0 Python/3.9.2 (Windows-10-10.0.22000-SP0)"
      },
      "RequestBody": null,
      "StatusCode": 200,
      "ResponseHeaders": {
        "Access-Control-Allow-Credentials": "true",
        "Access-Control-Allow-Origin": "*",
        "Access-Control-Expose-Headers": "DNT, X-CustomHeader, Keep-Alive, User-Agent, X-Requested-With, If-Modified-Since, Cache-Control, Content-Type, Authorization, x-ms-client-request-id, x-ms-useragent, x-ms-content-sha256, x-ms-date, host, Accept, Accept-Datetime, Date, If-Match, If-None-Match, Sync-Token, x-ms-return-client-request-id, ETag, Last-Modified, Link, Memento-Datetime, retry-after-ms, x-ms-request-id, x-ms-client-session-id, x-ms-effective-locale, WWW-Authenticate, traceparent, tracestate",
        "Connection": "keep-alive",
        "Content-Type": "application/vnd.microsoft.appconfig.kv\u002Bjson; charset=utf-8",
        "Date": "Wed, 24 Aug 2022 02:13:29 GMT",
        "ETag": "\u00224Sdch7YSlI58tigImKp03-aAUAG2t9rztqo-gcgf0GE\u0022",
        "Last-Modified": "Wed, 24 Aug 2022 02:13:28 GMT",
        "Server": "openresty/1.17.8.2",
        "Strict-Transport-Security": "max-age=15724800; includeSubDomains",
        "Sync-Token": "zAJw6V16=NTo1IzExNjgxMzg5;sn=11681389",
        "Transfer-Encoding": "chunked",
        "x-ms-correlation-request-id": "dae4109a-b481-45dc-82f7-900a4ad52d1e"
      },
      "ResponseBody": {
        "etag": "4Sdch7YSlI58tigImKp03-aAUAG2t9rztqo-gcgf0GE",
        "key": "PYTHON_UNIT_test_key_a6af8952-54a6-11e9-b600-2816a84d0309",
        "label": "test_label1_1d7b2b28-549e-11e9-b51c-2816a84d0309",
        "content_type": "test content type",
        "value": "test value",
        "tags": {
          "tag1": "tag1",
          "tag2": "tag2"
        },
        "locked": false,
        "last_modified": "2022-08-24T02:13:28\u002B00:00"
      }
    }
  ],
  "Variables": {}
}
