interactions:
- request:
    body: ''
    headers:
      Accept:
      - application/vnd.microsoft.appconfig.kvset+json, application/json, application/problem+json
      User-Agent:
      - azsdk-python-appconfiguration/1.4.0 Python/3.9.2 (Windows-10-10.0.22000-SP0)
      x-ms-content-sha256:
      - 47DEQpj8HBSa+/TImW+5JCeuQeRkm5NMpJWZG3hSuFU=
      x-ms-date:
      - Sep, 15 2022 23:57:19.829706 GMT
    method: GET
    uri: https://fake_app_config.azconfig-test.io/kv?key=PYTHON_UNIT_test_key_a6af8952-54a6-11e9-b600-2816a84d0309&label=test_label1_1d7b2b28-549e-11e9-b51c-2816a84d0309&api-version=1.0
  response:
    body:
      string: '{"items":[]}'
    headers:
      access-control-allow-credentials: 'true'
      access-control-allow-origin: '*'
      access-control-expose-headers: DNT, X-CustomHeader, Keep-Alive, User-Agent,
        X-Requested-With, If-Modified-Since, Cache-Control, Content-Type, Authorization,
        x-ms-client-request-id, x-ms-useragent, x-ms-content-sha256, x-ms-date, host,
        Accept, Accept-Datetime, Date, If-Match, If-None-Match, Sync-Token, x-ms-return-client-request-id,
        ETag, Last-Modified, Link, Memento-Datetime, retry-after-ms, x-ms-request-id,
        x-ms-client-session-id, x-ms-effective-locale, WWW-Authenticate, traceparent,
        tracestate
      connection: keep-alive
      content-type: application/vnd.microsoft.appconfig.kvset+json; charset=utf-8
      date: Thu, 15 Sep 2022 23:57:19 GMT
      server: openresty/1.17.8.2
      strict-transport-security: max-age=15724800; includeSubDomains
      sync-token: zAJw6V16=Nzo1IzEwNDk4MTM=;sn=1049813
      transfer-encoding: chunked
    status:
      code: 200
      message: OK
    url: https://yallappconfigtests-azconfig-net.azconfig.io/kv?key=PYTHON_UNIT_test_key_a6af8952-54a6-11e9-b600-2816a84d0309&label=test_label1_1d7b2b28-549e-11e9-b51c-2816a84d0309&api-version=1.0
- request:
    body: '{"key": "PYTHON_UNIT_test_key_a6af8952-54a6-11e9-b600-2816a84d0309", "label":
      "test_label1_1d7b2b28-549e-11e9-b51c-2816a84d0309", "content_type": "test content
      type", "value": "test value", "tags": {"tag1": "tag1", "tag2": "tag2"}}'
    headers:
      Accept:
      - application/vnd.microsoft.appconfig.kv+json, application/json, application/problem+json
      Content-Length:
      - '231'
      Content-Type:
      - application/vnd.microsoft.appconfig.kv+json
      If-None-Match:
      - '*'
      Sync-Token:
      - zAJw6V16=Nzo1IzEwNDk4MTM=
      User-Agent:
      - azsdk-python-appconfiguration/1.4.0 Python/3.9.2 (Windows-10-10.0.22000-SP0)
      x-ms-content-sha256:
      - 5b/E4qQlXHTRod+n+f+xjK6c/tRVR8uxoC62FjvGJPw=
      x-ms-date:
      - Sep, 15 2022 23:57:19.905828 GMT
    method: PUT
    uri: https://fake_app_config.azconfig-test.io/kv/PYTHON_UNIT_test_key_a6af8952-54a6-11e9-b600-2816a84d0309?label=test_label1_1d7b2b28-549e-11e9-b51c-2816a84d0309&api-version=1.0
  response:
    body:
      string: '{"etag":"AAj6xpYzEpXX7ViBMexS5Khj-yjaUXhUZRHPKJUIrHs","key":"PYTHON_UNIT_test_key_a6af8952-54a6-11e9-b600-2816a84d0309","label":"test_label1_1d7b2b28-549e-11e9-b51c-2816a84d0309","content_type":"test
        content type","value":"test value","tags":{"tag1":"tag1","tag2":"tag2"},"locked":false,"last_modified":"2022-09-15T23:57:19+00:00"}'
    headers:
      access-control-allow-credentials: 'true'
      access-control-allow-origin: '*'
      access-control-expose-headers: DNT, X-CustomHeader, Keep-Alive, User-Agent,
        X-Requested-With, If-Modified-Since, Cache-Control, Content-Type, Authorization,
        x-ms-client-request-id, x-ms-useragent, x-ms-content-sha256, x-ms-date, host,
        Accept, Accept-Datetime, Date, If-Match, If-None-Match, Sync-Token, x-ms-return-client-request-id,
        ETag, Last-Modified, Link, Memento-Datetime, retry-after-ms, x-ms-request-id,
        x-ms-client-session-id, x-ms-effective-locale, WWW-Authenticate, traceparent,
        tracestate
      connection: keep-alive
      content-type: application/vnd.microsoft.appconfig.kv+json; charset=utf-8
      date: Thu, 15 Sep 2022 23:57:19 GMT
      etag: '"AAj6xpYzEpXX7ViBMexS5Khj-yjaUXhUZRHPKJUIrHs"'
      last-modified: Thu, 15 Sep 2022 23:57:19 GMT
      server: openresty/1.17.8.2
      strict-transport-security: max-age=15724800; includeSubDomains
      sync-token: zAJw6V16=Nzo1IzEwNDk4MTQ=;sn=1049814
      transfer-encoding: chunked
    status:
      code: 200
      message: OK
    url: https://yallappconfigtests-azconfig-net.azconfig.io/kv/PYTHON_UNIT_test_key_a6af8952-54a6-11e9-b600-2816a84d0309?label=test_label1_1d7b2b28-549e-11e9-b51c-2816a84d0309&api-version=1.0
- request:
    body: ''
    headers:
      Accept:
      - application/vnd.microsoft.appconfig.kvset+json, application/json, application/problem+json
      Sync-Token:
      - zAJw6V16=Nzo1IzEwNDk4MTQ=
      User-Agent:
      - azsdk-python-appconfiguration/1.4.0 Python/3.9.2 (Windows-10-10.0.22000-SP0)
      x-ms-content-sha256:
      - 47DEQpj8HBSa+/TImW+5JCeuQeRkm5NMpJWZG3hSuFU=
      x-ms-date:
      - Sep, 15 2022 23:57:19.942491 GMT
    method: GET
    uri: https://fake_app_config.azconfig-test.io/kv?key=PYTHON_UNIT_test_key_a6af8952-54a6-11e9-b600-2816a84d0309&api-version=1.0
  response:
    body:
      string: '{"items":[{"etag":"AAj6xpYzEpXX7ViBMexS5Khj-yjaUXhUZRHPKJUIrHs","key":"PYTHON_UNIT_test_key_a6af8952-54a6-11e9-b600-2816a84d0309","label":"test_label1_1d7b2b28-549e-11e9-b51c-2816a84d0309","content_type":"test
        content type","value":"test value","tags":{"tag1":"tag1","tag2":"tag2"},"locked":false,"last_modified":"2022-09-15T23:57:19+00:00"}]}'
    headers:
      access-control-allow-credentials: 'true'
      access-control-allow-origin: '*'
      access-control-expose-headers: DNT, X-CustomHeader, Keep-Alive, User-Agent,
        X-Requested-With, If-Modified-Since, Cache-Control, Content-Type, Authorization,
        x-ms-client-request-id, x-ms-useragent, x-ms-content-sha256, x-ms-date, host,
        Accept, Accept-Datetime, Date, If-Match, If-None-Match, Sync-Token, x-ms-return-client-request-id,
        ETag, Last-Modified, Link, Memento-Datetime, retry-after-ms, x-ms-request-id,
        x-ms-client-session-id, x-ms-effective-locale, WWW-Authenticate, traceparent,
        tracestate
      connection: keep-alive
      content-type: application/vnd.microsoft.appconfig.kvset+json; charset=utf-8
      date: Thu, 15 Sep 2022 23:57:19 GMT
      server: openresty/1.17.8.2
      strict-transport-security: max-age=15724800; includeSubDomains
      sync-token: zAJw6V16=Nzo1IzEwNDk4MTU=;sn=1049815
      transfer-encoding: chunked
    status:
      code: 200
      message: OK
    url: https://yallappconfigtests-azconfig-net.azconfig.io/kv?key=PYTHON_UNIT_test_key_a6af8952-54a6-11e9-b600-2816a84d0309&api-version=1.0
- request:
    body: ''
    headers:
      Accept:
      - application/vnd.microsoft.appconfig.kv+json, application/json, application/problem+json
      Sync-Token:
      - zAJw6V16=Nzo1IzEwNDk4MTU=
      User-Agent:
      - azsdk-python-appconfiguration/1.4.0 Python/3.9.2 (Windows-10-10.0.22000-SP0)
      x-ms-content-sha256:
      - 47DEQpj8HBSa+/TImW+5JCeuQeRkm5NMpJWZG3hSuFU=
      x-ms-date:
      - Sep, 15 2022 23:57:19.976119 GMT
    method: DELETE
    uri: https://fake_app_config.azconfig-test.io/kv/PYTHON_UNIT_test_key_a6af8952-54a6-11e9-b600-2816a84d0309?api-version=1.0
  response:
    body:
      string: ''
    headers:
      access-control-allow-credentials: 'true'
      access-control-allow-origin: '*'
      access-control-expose-headers: DNT, X-CustomHeader, Keep-Alive, User-Agent,
        X-Requested-With, If-Modified-Since, Cache-Control, Content-Type, Authorization,
        x-ms-client-request-id, x-ms-useragent, x-ms-content-sha256, x-ms-date, host,
        Accept, Accept-Datetime, Date, If-Match, If-None-Match, Sync-Token, x-ms-return-client-request-id,
        ETag, Last-Modified, Link, Memento-Datetime, retry-after-ms, x-ms-request-id,
        x-ms-client-session-id, x-ms-effective-locale, WWW-Authenticate, traceparent,
        tracestate
      connection: keep-alive
      content-type: application/vnd.microsoft.appconfig.kv+json; charset=utf-8
      date: Thu, 15 Sep 2022 23:57:19 GMT
      server: openresty/1.17.8.2
      strict-transport-security: max-age=15724800; includeSubDomains
    status:
      code: 204
      message: No Content
    url: https://yallappconfigtests-azconfig-net.azconfig.io/kv/PYTHON_UNIT_test_key_a6af8952-54a6-11e9-b600-2816a84d0309?api-version=1.0
- request:
    body: '{"key": "PYTHON_UNIT_test_key_a6af8952-54a6-11e9-b600-2816a84d0309", "content_type":
      "test content type", "value": "test value", "tags": {"tag1": "tag1", "tag2":
      "tag2"}}'
    headers:
      Accept:
      - application/vnd.microsoft.appconfig.kv+json, application/json, application/problem+json
      Content-Length:
      - '170'
      Content-Type:
      - application/vnd.microsoft.appconfig.kv+json
      If-None-Match:
      - '*'
      Sync-Token:
      - zAJw6V16=Nzo1IzEwNDk4MTU=
      User-Agent:
      - azsdk-python-appconfiguration/1.4.0 Python/3.9.2 (Windows-10-10.0.22000-SP0)
      x-ms-content-sha256:
      - 4rt07HteiPg5NxofrgzMmlQPTVbo1no7aKxDSI5uUU4=
      x-ms-date:
      - Sep, 15 2022 23:57:20.010382 GMT
    method: PUT
    uri: https://fake_app_config.azconfig-test.io/kv/PYTHON_UNIT_test_key_a6af8952-54a6-11e9-b600-2816a84d0309?api-version=1.0
  response:
    body:
      string: '{"etag":"Ub1xhkbzW1VotHBrd1tCso2L3dMGUuFainTQn6DHmhk","key":"PYTHON_UNIT_test_key_a6af8952-54a6-11e9-b600-2816a84d0309","label":null,"content_type":"test
        content type","value":"test value","tags":{"tag1":"tag1","tag2":"tag2"},"locked":false,"last_modified":"2022-09-15T23:57:19+00:00"}'
    headers:
      access-control-allow-credentials: 'true'
      access-control-allow-origin: '*'
      access-control-expose-headers: DNT, X-CustomHeader, Keep-Alive, User-Agent,
        X-Requested-With, If-Modified-Since, Cache-Control, Content-Type, Authorization,
        x-ms-client-request-id, x-ms-useragent, x-ms-content-sha256, x-ms-date, host,
        Accept, Accept-Datetime, Date, If-Match, If-None-Match, Sync-Token, x-ms-return-client-request-id,
        ETag, Last-Modified, Link, Memento-Datetime, retry-after-ms, x-ms-request-id,
        x-ms-client-session-id, x-ms-effective-locale, WWW-Authenticate, traceparent,
        tracestate
      connection: keep-alive
      content-type: application/vnd.microsoft.appconfig.kv+json; charset=utf-8
      date: Thu, 15 Sep 2022 23:57:19 GMT
      etag: '"Ub1xhkbzW1VotHBrd1tCso2L3dMGUuFainTQn6DHmhk"'
      last-modified: Thu, 15 Sep 2022 23:57:19 GMT
      server: openresty/1.17.8.2
      strict-transport-security: max-age=15724800; includeSubDomains
      sync-token: zAJw6V16=Nzo1IzEwNDk4MTY=;sn=1049816
      transfer-encoding: chunked
    status:
      code: 200
      message: OK
    url: https://yallappconfigtests-azconfig-net.azconfig.io/kv/PYTHON_UNIT_test_key_a6af8952-54a6-11e9-b600-2816a84d0309?api-version=1.0
- request:
    body: ''
    headers:
      Accept:
      - application/vnd.microsoft.appconfig.kvset+json, application/json, application/problem+json
      Sync-Token:
      - zAJw6V16=Nzo1IzEwNDk4MTY=
      User-Agent:
      - azsdk-python-appconfiguration/1.4.0 Python/3.9.2 (Windows-10-10.0.22000-SP0)
      x-ms-content-sha256:
      - 47DEQpj8HBSa+/TImW+5JCeuQeRkm5NMpJWZG3hSuFU=
      x-ms-date:
      - Sep, 15 2022 23:57:20.052125 GMT
    method: GET
    uri: https://fake_app_config.azconfig-test.io/revisions?key=PYTHON_UNIT_test_key_a6af8952-54a6-11e9-b600-2816a84d0309&api-version=1.0
  response:
    body:
      string: '{"items":[{"etag":"AAj6xpYzEpXX7ViBMexS5Khj-yjaUXhUZRHPKJUIrHs","key":"PYTHON_UNIT_test_key_a6af8952-54a6-11e9-b600-2816a84d0309","label":"test_label1_1d7b2b28-549e-11e9-b51c-2816a84d0309","content_type":"test
        content type","value":"test value","tags":{"tag1":"tag1","tag2":"tag2"},"locked":false,"last_modified":"2022-09-15T23:57:19+00:00"},{"etag":"ipIcLSytZncQwQtOgz0jeUdnWbqvc4DqQ7jKUXrPO64","key":"PYTHON_UNIT_test_key_a6af8952-54a6-11e9-b600-2816a84d0309","label":"test_label1_1d7b2b28-549e-11e9-b51c-2816a84d0309","content_type":"test
        content type","value":"test value","tags":{"tag1":"tag1","tag2":"tag2"},"locked":false,"last_modified":"2022-09-15T23:57:19+00:00"},{"etag":"qVEUQMEwJsgexfRDAmtYfhok8gTXeeR0F_Qg2ZMYl8U","key":"PYTHON_UNIT_test_key_a6af8952-54a6-11e9-b600-2816a84d0309","label":null,"content_type":"test
        content type","value":"test value","tags":{"tag1":"tag1","tag2":"tag2"},"locked":false,"last_modified":"2022-09-15T23:57:19+00:00"},{"etag":"Ub1xhkbzW1VotHBrd1tCso2L3dMGUuFainTQn6DHmhk","key":"PYTHON_UNIT_test_key_a6af8952-54a6-11e9-b600-2816a84d0309","label":null,"content_type":"test
        content type","value":"test value","tags":{"tag1":"tag1","tag2":"tag2"},"locked":false,"last_modified":"2022-09-15T23:57:19+00:00"},{"etag":"jqBELmtGZqd-OAExi5kANQuobJ-pXqowhP6HqC0oE8E","key":"PYTHON_UNIT_test_key_a6af8952-54a6-11e9-b600-2816a84d0309","label":"test_label2_*,
        \\1d7b2b28-549e-11e9-b51c-2816a84d0309","content_type":null,"value":"test
        value","tags":{},"locked":false,"last_modified":"2022-09-15T23:57:18+00:00"},{"etag":"LGVJF5jfCfckjNBOBglC0L0ckyKZs7A8sqqPFWBwQKQ","key":"PYTHON_UNIT_test_key_a6af8952-54a6-11e9-b600-2816a84d0309","label":null,"content_type":"test
        content type","value":"test value","tags":{"tag1":"tag1","tag2":"tag2"},"locked":false,"last_modified":"2022-09-15T23:57:18+00:00"},{"etag":"s1vJZOFVZ3D_mwVWvwFAeGfesMnwvBClhNVUcg6lZd0","key":"PYTHON_UNIT_test_key_a6af8952-54a6-11e9-b600-2816a84d0309","label":"test_label1_1d7b2b28-549e-11e9-b51c-2816a84d0309","content_type":"test
        content type","value":"test value","tags":{"tag1":"tag1","tag2":"tag2"},"locked":false,"last_modified":"2022-09-15T23:57:18+00:00"},{"etag":"X2ZG28CnUCjiYzsO1KnS14evh53KQDP2dV6IaC3KtoY","key":"PYTHON_UNIT_test_key_a6af8952-54a6-11e9-b600-2816a84d0309","label":"test_label1_1d7b2b28-549e-11e9-b51c-2816a84d0309","content_type":"test
        content type","value":"test value","tags":{"tag1":"tag1","tag2":"tag2"},"locked":false,"last_modified":"2022-09-15T23:57:18+00:00"},{"etag":"yilpGg2K51n-9dAyb-F0K7d4YUfCavb4DWHmkS1AudA","key":"PYTHON_UNIT_test_key_a6af8952-54a6-11e9-b600-2816a84d0309","label":null,"content_type":"test
        content type","value":"test value","tags":{"tag1":"tag1","tag2":"tag2"},"locked":false,"last_modified":"2022-09-15T23:57:18+00:00"},{"etag":"b2h9Ru5twcWHJYE2el0qlUd1ttqe4AnkGHkEE6DbRas","key":"PYTHON_UNIT_test_key_a6af8952-54a6-11e9-b600-2816a84d0309","label":null,"content_type":"test
        content type","value":"test value","tags":{"tag1":"tag1","tag2":"tag2"},"locked":false,"last_modified":"2022-09-15T23:57:17+00:00"},{"etag":"dYe7q_UyWSPOmLEuzsr4Ch6jpRLm8XnSwYa4W8tr73o","key":"PYTHON_UNIT_test_key_a6af8952-54a6-11e9-b600-2816a84d0309","label":null,"content_type":"test
        content type","value":"test value","tags":{"tag1":"tag1","tag2":"tag2"},"locked":false,"last_modified":"2022-09-15T23:57:17+00:00"},{"etag":"EAThJgLFWnQ1RBCOaTJRYv4RlDEk0xh3-DbDS7Tk9nw","key":"PYTHON_UNIT_test_key_a6af8952-54a6-11e9-b600-2816a84d0309","label":null,"content_type":"test
        content type","value":"test value","tags":{"tag1":"tag1","tag2":"tag2"},"locked":false,"last_modified":"2022-09-15T23:57:17+00:00"},{"etag":"MYzUk7vLjqpVjqBQRoj9cMuXkTS4VEJArVORGV2OQJg","key":"PYTHON_UNIT_test_key_a6af8952-54a6-11e9-b600-2816a84d0309","label":"test_label1_1d7b2b28-549e-11e9-b51c-2816a84d0309","content_type":"test
        content type","value":"test value","tags":{"tag1":"tag1","tag2":"tag2"},"locked":false,"last_modified":"2022-09-15T23:57:17+00:00"},{"etag":"sGbUAO1kXk5wbvfx7eW-U3kVJZkO_bw8c76e_IuM-bE","key":"PYTHON_UNIT_test_key_a6af8952-54a6-11e9-b600-2816a84d0309","label":"test_label1_1d7b2b28-549e-11e9-b51c-2816a84d0309","content_type":"test
        content type","value":"test value","tags":{"tag1":"tag1","tag2":"tag2"},"locked":false,"last_modified":"2022-09-15T23:57:17+00:00"},{"etag":"2JMb52h2SpWZ_vObh-FgovSkUyAgjrY6fbnk7jnYBEE","key":"PYTHON_UNIT_test_key_a6af8952-54a6-11e9-b600-2816a84d0309","label":"test_label1_1d7b2b28-549e-11e9-b51c-2816a84d0309","content_type":"test
        content type","value":"test value","tags":{"tag1":"tag1","tag2":"tag2"},"locked":false,"last_modified":"2022-09-15T23:57:16+00:00"},{"etag":"i-iZPRHnBRLZdJI4ICoDghsIiDTG2URGvFwf8-WMKvs","key":"PYTHON_UNIT_test_key_a6af8952-54a6-11e9-b600-2816a84d0309","label":"test_label1_1d7b2b28-549e-11e9-b51c-2816a84d0309","content_type":"test
        content type","value":"test value","tags":{"tag1":"tag1","tag2":"tag2"},"locked":false,"last_modified":"2022-09-15T23:57:16+00:00"},{"etag":"oRS02jIaYxfcOwllYZRWBCyAxkBi8N1e8JajTy_WQrg","key":"PYTHON_UNIT_test_key_a6af8952-54a6-11e9-b600-2816a84d0309","label":null,"content_type":"test
        content type","value":"test value","tags":{"tag1":"tag1","tag2":"tag2"},"locked":false,"last_modified":"2022-09-15T23:57:16+00:00"},{"etag":"QQjijsLFYSSHrOBCv2z87gNwUAFEPR43V7vnC-RVXVY","key":"PYTHON_UNIT_test_key_a6af8952-54a6-11e9-b600-2816a84d0309","label":null,"content_type":"test
        content type","value":"test value","tags":{"tag1":"tag1","tag2":"tag2"},"locked":false,"last_modified":"2022-09-15T23:57:07+00:00"},{"etag":"ZPJFBci7tG5Jh4v8jnqI5e0AsVPg-CYxZzqj7r5lbck","key":"PYTHON_UNIT_test_key_a6af8952-54a6-11e9-b600-2816a84d0309","label":"test_label1_1d7b2b28-549e-11e9-b51c-2816a84d0309","content_type":"test
        content type","value":"test value","tags":{"tag1":"tag1","tag2":"tag2"},"locked":false,"last_modified":"2022-09-15T23:57:07+00:00"},{"etag":"9hHIXsa9euwOR5TrXLGCcW4HF6RkbCIcppS_Cv999s0","key":"PYTHON_UNIT_test_key_a6af8952-54a6-11e9-b600-2816a84d0309","label":"test_label1_1d7b2b28-549e-11e9-b51c-2816a84d0309","content_type":"test
        content type","value":"test value","tags":{"tag1":"tag1","tag2":"tag2"},"locked":false,"last_modified":"2022-09-15T23:57:06+00:00"},{"etag":"y5XXHinHJOZnb9Vc1fCoR-uvQ929J-Aj1uox9J2Djtc","key":"PYTHON_UNIT_test_key_a6af8952-54a6-11e9-b600-2816a84d0309","label":"test_label1_1d7b2b28-549e-11e9-b51c-2816a84d0309","content_type":"test
        content type","value":"test value","tags":{"tag1":"tag1","tag2":"tag2"},"locked":false,"last_modified":"2022-09-15T23:57:06+00:00"},{"etag":"Yjoqm6qXY0i66LUlZPS3QIL_m9vPzF5VB-lZ7v6CCJ4","key":"PYTHON_UNIT_test_key_a6af8952-54a6-11e9-b600-2816a84d0309","label":null,"content_type":"test
        content type","value":"test value","tags":{"tag1":"tag1","tag2":"tag2"},"locked":false,"last_modified":"2022-09-15T23:57:06+00:00"},{"etag":"63YbEiK1TV6VaOff8vNMbiL343XCN4d2vKoqN9K2qWw","key":"PYTHON_UNIT_test_key_a6af8952-54a6-11e9-b600-2816a84d0309","label":"test_label1_1d7b2b28-549e-11e9-b51c-2816a84d0309","content_type":"test
        content type","value":"test value","tags":{"tag1":"tag1","tag2":"tag2"},"locked":false,"last_modified":"2022-09-15T23:57:05+00:00"},{"etag":"EWaBGSYWlvx05BB8f28vEv8L0taSMtt5sQY7T8fvCmg","key":"PYTHON_UNIT_test_key_a6af8952-54a6-11e9-b600-2816a84d0309","label":null,"content_type":"test
        content type","value":"test value","tags":{"tag1":"tag1","tag2":"tag2"},"locked":false,"last_modified":"2022-09-15T23:57:05+00:00"},{"etag":"KvXViAtRx8pm5yDFafv3D0CI4KZqCweoWtYfncYaQGI","key":"PYTHON_UNIT_test_key_a6af8952-54a6-11e9-b600-2816a84d0309","label":"test_label1_1d7b2b28-549e-11e9-b51c-2816a84d0309","content_type":"test
        content type","value":"test value","tags":{"tag1":"tag1","tag2":"tag2"},"locked":false,"last_modified":"2022-09-15T23:57:05+00:00"},{"etag":"VNl0v_cUuZMsKN-qpL0kfGQ6eADjFLhUcT2BoCyTCKc","key":"PYTHON_UNIT_test_key_a6af8952-54a6-11e9-b600-2816a84d0309","label":null,"content_type":"test
        content type","value":"test value","tags":{"tag1":"tag1","tag2":"tag2"},"locked":false,"last_modified":"2022-09-15T23:57:05+00:00"},{"etag":"ys-dAsfOTABHcTzJSTiRSHLtGWWtMKvF05InZor1apk","key":"PYTHON_UNIT_test_key_a6af8952-54a6-11e9-b600-2816a84d0309","label":"test_label1_1d7b2b28-549e-11e9-b51c-2816a84d0309","content_type":"test
        content type","value":"test value","tags":{"tag1":"tag1","tag2":"tag2"},"locked":false,"last_modified":"2022-09-15T23:57:05+00:00"},{"etag":"1iSdD5awY4U7dX1fZkUx3ru6x6Z0NElovMAIj01Mc1A","key":"PYTHON_UNIT_test_key_a6af8952-54a6-11e9-b600-2816a84d0309","label":null,"content_type":"test
        content type","value":"test value","tags":{"tag1":"tag1","tag2":"tag2"},"locked":false,"last_modified":"2022-09-15T23:57:04+00:00"},{"etag":"9RSLP_ko_4XujBA5IpsGiiIkHHfagsQZdACUsOk8Fyo","key":"PYTHON_UNIT_test_key_a6af8952-54a6-11e9-b600-2816a84d0309","label":null,"content_type":"test
        content type","value":"test value","tags":{"tag1":"tag1","tag2":"tag2"},"locked":false,"last_modified":"2022-09-15T23:57:03+00:00"},{"etag":"GHRj9v1gfLq-a3HRjrO62UInRdpniFY4MYMGsLebgLA","key":"PYTHON_UNIT_test_key_a6af8952-54a6-11e9-b600-2816a84d0309","label":null,"content_type":"test
        content type","value":"test value","tags":{"tag1":"tag1","tag2":"tag2"},"locked":false,"last_modified":"2022-09-15T23:57:03+00:00"},{"etag":"IkP7VfNWHlKWR8n_3z1OIkDo5mEnqTbHs6WyyHC5S2c","key":"PYTHON_UNIT_test_key_a6af8952-54a6-11e9-b600-2816a84d0309","label":"test_label1_1d7b2b28-549e-11e9-b51c-2816a84d0309","content_type":"test
        content type","value":"test value","tags":{"tag1":"tag1","tag2":"tag2"},"locked":false,"last_modified":"2022-09-15T23:57:03+00:00"},{"etag":"O0pnA1piCxJulwJEdC3QjATI_g8agPTpkNACI6lHf2U","key":"PYTHON_UNIT_test_key_a6af8952-54a6-11e9-b600-2816a84d0309","label":null,"content_type":"test
        content type","value":"test value","tags":{"tag1":"tag1","tag2":"tag2"},"locked":false,"last_modified":"2022-09-15T23:57:03+00:00"},{"etag":"TzqdxLRm4lTskVe_9MJN1srX817IlxSZh0TVgAInB6A","key":"PYTHON_UNIT_test_key_a6af8952-54a6-11e9-b600-2816a84d0309","label":null,"content_type":"test
        content type","value":"test value","tags":{"tag1":"tag1","tag2":"tag2"},"locked":false,"last_modified":"2022-09-15T23:57:03+00:00"},{"etag":"vGx7Rq1Q_E5nu9x5ZeoFtrpCGpi5VFX6K-qqPQQ0VNU","key":"PYTHON_UNIT_test_key_a6af8952-54a6-11e9-b600-2816a84d0309","label":null,"content_type":"test
        content type","value":"test value","tags":{"tag1":"tag1","tag2":"tag2"},"locked":true,"last_modified":"2022-09-15T23:57:03+00:00"},{"etag":"5mF04eiLqYpT1DRKB1p9sSZiaaZBtX2l-XS0DoDAlvw","key":"PYTHON_UNIT_test_key_a6af8952-54a6-11e9-b600-2816a84d0309","label":null,"content_type":"test
        content type","value":"test value","tags":{"tag1":"tag1","tag2":"tag2"},"locked":false,"last_modified":"2022-09-15T23:57:01+00:00"},{"etag":"iF6Lf9TwB2r5NZuXsIulNnV6xUipKfOWEA5jI2_d-cI","key":"PYTHON_UNIT_test_key_a6af8952-54a6-11e9-b600-2816a84d0309","label":"test_label1_1d7b2b28-549e-11e9-b51c-2816a84d0309","content_type":"test
        content type","value":"test value","tags":{"tag1":"tag1","tag2":"tag2"},"locked":false,"last_modified":"2022-09-15T23:57:01+00:00"},{"etag":"YIeN_bUXZM82IAMDbclj6qfC7rXTA1avJHTAkNXeE38","key":"PYTHON_UNIT_test_key_a6af8952-54a6-11e9-b600-2816a84d0309","label":"test_label1_1d7b2b28-549e-11e9-b51c-2816a84d0309","content_type":"test
        content type","value":"test value","tags":{"tag1":"tag1","tag2":"tag2"},"locked":false,"last_modified":"2022-09-15T23:57:00+00:00"},{"etag":"2eYGc5PApwHB3VYC0W4hIkt-gxlFoeUYs6sNOh2du-g","key":"PYTHON_UNIT_test_key_a6af8952-54a6-11e9-b600-2816a84d0309","label":null,"content_type":"test
        content type","value":"test value","tags":{"tag1":"tag1","tag2":"tag2"},"locked":false,"last_modified":"2022-09-15T23:56:59+00:00"},{"etag":"h122-w_xk-cjRzehy--dbm01TH5pmcCjC-hgs65lwqA","key":"PYTHON_UNIT_test_key_a6af8952-54a6-11e9-b600-2816a84d0309","label":null,"content_type":"test
        content type","value":"test valuea","tags":{"a":"b","c":"d"},"locked":false,"last_modified":"2022-09-15T23:56:59+00:00"},{"etag":"SJRmoIGYVVOOl2HwXbb2tOYlsPkP4nMFCMLZRn-heMs","key":"PYTHON_UNIT_test_key_a6af8952-54a6-11e9-b600-2816a84d0309","label":null,"content_type":"test
        content type","value":"test value","tags":{"tag1":"tag1","tag2":"tag2"},"locked":true,"last_modified":"2022-09-15T23:56:59+00:00"},{"etag":"ssCjT_VqHoJCENReHxsr7ynIBRWuGi5LrYhyGsRrVsI","key":"PYTHON_UNIT_test_key_a6af8952-54a6-11e9-b600-2816a84d0309","label":null,"content_type":"test
        content type","value":"test value","tags":{"tag1":"tag1","tag2":"tag2"},"locked":false,"last_modified":"2022-09-15T23:56:59+00:00"},{"etag":"k7zJA_vGIbxXuUj3clQZhzPQ5FIHiEZ8yFp4c3rDIRs","key":"PYTHON_UNIT_test_key_a6af8952-54a6-11e9-b600-2816a84d0309","label":"test_label1_1d7b2b28-549e-11e9-b51c-2816a84d0309","content_type":"test
        content type","value":"test valuea","tags":{"a":"b","c":"d"},"locked":false,"last_modified":"2022-09-15T23:56:58+00:00"},{"etag":"aOHSkCpaXiufs4jSRTVSkvCsV7RJHEmFinCh-jyjBzI","key":"PYTHON_UNIT_test_key_a6af8952-54a6-11e9-b600-2816a84d0309","label":null,"content_type":"test
        content type","value":"test value","tags":{"tag1":"tag1","tag2":"tag2"},"locked":true,"last_modified":"2022-09-15T23:56:57+00:00"},{"etag":"W4myMMaMaUSIE5i5LI-EG91u_7fic2WTkUp6EhkPL_8","key":"PYTHON_UNIT_test_key_a6af8952-54a6-11e9-b600-2816a84d0309","label":null,"content_type":"test
        content type","value":"test value","tags":{"tag1":"tag1","tag2":"tag2"},"locked":false,"last_modified":"2022-09-15T23:56:57+00:00"},{"etag":"AdldLcxZgVuu5fe_eUNltTCSMqBEzRh8IBeHVpuloZE","key":"PYTHON_UNIT_test_key_a6af8952-54a6-11e9-b600-2816a84d0309","label":null,"content_type":"test
        content type","value":"test value","tags":{"tag1":"tag1","tag2":"tag2"},"locked":false,"last_modified":"2022-09-15T23:56:56+00:00"},{"etag":"BFYwDkq1MFPfX6dxg3_4Wko39rHhTh8debDtNoxUWyM","key":"PYTHON_UNIT_test_key_a6af8952-54a6-11e9-b600-2816a84d0309","label":"test_label1_1d7b2b28-549e-11e9-b51c-2816a84d0309","content_type":"test
        content type","value":"test value","tags":{"tag1":"tag1","tag2":"tag2"},"locked":false,"last_modified":"2022-09-15T23:56:56+00:00"},{"etag":"TXuPYDkWkvIA41EqRyEyyur-Zsumo5q7Ix8_-wgpnFc","key":"PYTHON_UNIT_test_key_a6af8952-54a6-11e9-b600-2816a84d0309","label":null,"content_type":"test
        content type","value":"test value","tags":{"tag1":"tag1","tag2":"tag2"},"locked":false,"last_modified":"2022-09-15T23:56:56+00:00"},{"etag":"mESPO9BgXpMtjxrzK6-TogLiVAxOdnVjaPTGGXOZndY","key":"PYTHON_UNIT_test_key_a6af8952-54a6-11e9-b600-2816a84d0309","label":"test_label1_1d7b2b28-549e-11e9-b51c-2816a84d0309","content_type":"test
        content type","value":"test value","tags":{"tag1":"tag1","tag2":"tag2"},"locked":false,"last_modified":"2022-09-15T23:56:55+00:00"},{"etag":"TzS-TH-hMP9Wll2PAypgmHn91doJO0uTmdDI9irR3OQ","key":"PYTHON_UNIT_test_key_a6af8952-54a6-11e9-b600-2816a84d0309","label":null,"content_type":"test
        content type","value":"test value","tags":{"tag1":"tag1","tag2":"tag2"},"locked":false,"last_modified":"2022-09-15T23:56:55+00:00"},{"etag":"0vf0K2VGDxnP4ukmWYfZx3U3R9cqCcF8Fv9M4elNobY","key":"PYTHON_UNIT_test_key_a6af8952-54a6-11e9-b600-2816a84d0309","label":"test_label1_1d7b2b28-549e-11e9-b51c-2816a84d0309","content_type":"test
        content type","value":"test value","tags":{"tag1":"tag1","tag2":"tag2"},"locked":false,"last_modified":"2022-09-15T23:56:54+00:00"},{"etag":"TQLAxHtkJ0lq6XHJmgNDbayhKhE0xEg566YnG9YJv0s","key":"PYTHON_UNIT_test_key_a6af8952-54a6-11e9-b600-2816a84d0309","label":null,"content_type":"test
        content type","value":"test value","tags":{"tag1":"tag1","tag2":"tag2"},"locked":false,"last_modified":"2022-09-15T23:56:54+00:00"},{"etag":"GCJ1ScwcJXpc1Ch5LXQ7A4OSXOPW7rHZp8EJ6a68dWw","key":"PYTHON_UNIT_test_key_a6af8952-54a6-11e9-b600-2816a84d0309","label":"test_label1_1d7b2b28-549e-11e9-b51c-2816a84d0309","content_type":"test
        content type","value":"test value","tags":{"tag1":"tag1","tag2":"tag2"},"locked":false,"last_modified":"2022-09-15T23:56:53+00:00"},{"etag":"JLnFLJefrA-KfTz_JcVKP9eH46N0N7E9BPazXjgZNPs","key":"PYTHON_UNIT_test_key_a6af8952-54a6-11e9-b600-2816a84d0309","label":null,"content_type":"test
        content type","value":"test value","tags":{"tag1":"tag1","tag2":"tag2"},"locked":false,"last_modified":"2022-09-15T23:56:53+00:00"},{"etag":"3uPxVUdpA-smW487H01mu1O8s6naEjbgDTK9uDDp_tU","key":"PYTHON_UNIT_test_key_a6af8952-54a6-11e9-b600-2816a84d0309","label":"test_label2_*,
        \\1d7b2b28-549e-11e9-b51c-2816a84d0309","content_type":null,"value":"test
        value","tags":{},"locked":false,"last_modified":"2022-09-15T23:56:52+00:00"},{"etag":"b6FKsrGlBulkkUddCVniA9SabG2Apxcr3nCRiUdocY8","key":"PYTHON_UNIT_test_key_a6af8952-54a6-11e9-b600-2816a84d0309","label":null,"content_type":"test
        content type","value":"test value","tags":{"tag1":"tag1","tag2":"tag2"},"locked":false,"last_modified":"2022-09-15T23:56:52+00:00"},{"etag":"zZ8u8fy0g9nGoNNAXG8QJgkom49-XS6uz_TK-shvMbU","key":"PYTHON_UNIT_test_key_a6af8952-54a6-11e9-b600-2816a84d0309","label":"test_label1_1d7b2b28-549e-11e9-b51c-2816a84d0309","content_type":"test
        content type","value":"test value","tags":{"tag1":"tag1","tag2":"tag2"},"locked":false,"last_modified":"2022-09-15T23:56:52+00:00"},{"etag":"1ldS_0NZhz2d7dq-QoILwbJwRag-moiPm0DuBxTG5oc","key":"PYTHON_UNIT_test_key_a6af8952-54a6-11e9-b600-2816a84d0309","label":null,"content_type":"test
        content type","value":"test value","tags":{"tag1":"tag1","tag2":"tag2"},"locked":false,"last_modified":"2022-09-15T23:56:51+00:00"},{"etag":"EHOHQqijtExOSYgvo7JtoRF3oz9pvXpH9ArsLB8TlXk","key":"PYTHON_UNIT_test_key_a6af8952-54a6-11e9-b600-2816a84d0309","label":"test_label1_1d7b2b28-549e-11e9-b51c-2816a84d0309","content_type":"test
        content type","value":"test value","tags":{"tag1":"tag1","tag2":"tag2"},"locked":false,"last_modified":"2022-09-15T23:56:51+00:00"},{"etag":"11DIUm2BrXTufD5to-_lVuoOnHbUogPf4hYYA9qY-wU","key":"PYTHON_UNIT_test_key_a6af8952-54a6-11e9-b600-2816a84d0309","label":null,"content_type":"test
        content type","value":"test value","tags":{"tag1":"tag1","tag2":"tag2"},"locked":false,"last_modified":"2022-09-15T23:56:50+00:00"},{"etag":"7CHjlybXzXLj8lEbSHHYExwZTM7PzJhSzVoKX0_mIcM","key":"PYTHON_UNIT_test_key_a6af8952-54a6-11e9-b600-2816a84d0309","label":null,"content_type":"test
        content type","value":"test value","tags":{"tag1":"tag1","tag2":"tag2"},"locked":false,"last_modified":"2022-09-15T23:56:50+00:00"},{"etag":"xumi9ssfpCRNuqRAOeU_55z2BPEy8lV0QvcBYOEMQZc","key":"PYTHON_UNIT_test_key_a6af8952-54a6-11e9-b600-2816a84d0309","label":"test_label1_1d7b2b28-549e-11e9-b51c-2816a84d0309","content_type":"test
        content type","value":"test value","tags":{"tag1":"tag1","tag2":"tag2"},"locked":false,"last_modified":"2022-09-15T23:56:50+00:00"},{"etag":"5GlTGVoWQpjIiOtk7UAR8o-aVwRDYZLFDZIn0Kjr5NE","key":"PYTHON_UNIT_test_key_a6af8952-54a6-11e9-b600-2816a84d0309","label":"test_label1_1d7b2b28-549e-11e9-b51c-2816a84d0309","content_type":"test
        content type","value":"test value","tags":{"tag1":"tag1","tag2":"tag2"},"locked":false,"last_modified":"2022-09-15T23:56:49+00:00"},{"etag":"For9YE1b3KG2kG6mq1y7jPKEk-ORr4I9j4cGt8M4Xxk","key":"PYTHON_UNIT_test_key_a6af8952-54a6-11e9-b600-2816a84d0309","label":"test_label1_1d7b2b28-549e-11e9-b51c-2816a84d0309","content_type":"test
        content type","value":"test value","tags":{"tag1":"tag1","tag2":"tag2"},"locked":false,"last_modified":"2022-09-15T23:56:49+00:00"},{"etag":"GCijkpWr0hD4Gv22YnJaos_Moe9401bEq9Q5JiS_jsA","key":"PYTHON_UNIT_test_key_a6af8952-54a6-11e9-b600-2816a84d0309","label":null,"content_type":"test
        content type","value":"test value","tags":{"tag1":"tag1","tag2":"tag2"},"locked":false,"last_modified":"2022-09-15T23:56:49+00:00"},{"etag":"Q1YsZ0OtvebZ-CVTq0qgzPbbVRw0H6EG0iHYb_1gDJE","key":"PYTHON_UNIT_test_key_a6af8952-54a6-11e9-b600-2816a84d0309","label":"test_label1_1d7b2b28-549e-11e9-b51c-2816a84d0309","content_type":"test
        content type","value":"test value","tags":{"tag1":"tag1","tag2":"tag2"},"locked":false,"last_modified":"2022-09-15T23:56:38+00:00"},{"etag":"rkPN742gc5bjCkrT4yEK7-gJsOehn70L4HrTdP3x3qQ","key":"PYTHON_UNIT_test_key_a6af8952-54a6-11e9-b600-2816a84d0309","label":null,"content_type":"test
        content type","value":"test value","tags":{"tag1":"tag1","tag2":"tag2"},"locked":false,"last_modified":"2022-09-15T23:56:38+00:00"},{"etag":"xvKcnt4kxPMWuFMUpcsNnDEYyYuEWuIC36UfkqurPmw","key":"PYTHON_UNIT_test_key_a6af8952-54a6-11e9-b600-2816a84d0309","label":null,"content_type":"test
        content type","value":"test value","tags":{"tag1":"tag1","tag2":"tag2"},"locked":false,"last_modified":"2022-09-15T23:56:37+00:00"},{"etag":"ZDD8pPALVStFhJET_UJiUGczPsOFYC26lnneG_EgfGg","key":"PYTHON_UNIT_test_key_a6af8952-54a6-11e9-b600-2816a84d0309","label":"test_label1_1d7b2b28-549e-11e9-b51c-2816a84d0309","content_type":"test
        content type","value":"test value","tags":{"tag1":"tag1","tag2":"tag2"},"locked":false,"last_modified":"2022-09-15T23:56:37+00:00"},{"etag":"7OmXPw6zqzTe0kNU2oNGZVj0XSY5-85Gh7saPxhiHn8","key":"PYTHON_UNIT_test_key_a6af8952-54a6-11e9-b600-2816a84d0309","label":null,"content_type":"test
        content type","value":"test value","tags":{"tag1":"tag1","tag2":"tag2"},"locked":false,"last_modified":"2022-09-15T23:56:36+00:00"},{"etag":"pQ30dN0cyQzK1y1cVvmd3l1SEiGPEXdLpszbsS51R0U","key":"PYTHON_UNIT_test_key_a6af8952-54a6-11e9-b600-2816a84d0309","label":"test_label1_1d7b2b28-549e-11e9-b51c-2816a84d0309","content_type":"test
        content type","value":"test value","tags":{"tag1":"tag1","tag2":"tag2"},"locked":false,"last_modified":"2022-09-15T23:56:36+00:00"},{"etag":"txd3cYHc6rvKlNp9V6h2qSCKi8OHWruOqXakqsOQ7yU","key":"PYTHON_UNIT_test_key_a6af8952-54a6-11e9-b600-2816a84d0309","label":"test_label1_1d7b2b28-549e-11e9-b51c-2816a84d0309","content_type":"test
        content type","value":"test value","tags":{"tag1":"tag1","tag2":"tag2"},"locked":false,"last_modified":"2022-09-15T23:56:35+00:00"},{"etag":"mQuAmjeZP5_0VJIrA0EXXfykHEWPyID9W9tpBBao3zY","key":"PYTHON_UNIT_test_key_a6af8952-54a6-11e9-b600-2816a84d0309","label":null,"content_type":"test
        content type","value":"test value","tags":{"tag1":"tag1","tag2":"tag2"},"locked":false,"last_modified":"2022-09-15T23:56:34+00:00"},{"etag":"PxshoVJeKFA1murMD3s7MDTq91K4OKH7XZ9-kiDDFPg","key":"PYTHON_UNIT_test_key_a6af8952-54a6-11e9-b600-2816a84d0309","label":"test_label1_1d7b2b28-549e-11e9-b51c-2816a84d0309","content_type":"test
        content type","value":"test value","tags":{"tag1":"tag1","tag2":"tag2"},"locked":false,"last_modified":"2022-09-15T23:56:34+00:00"},{"etag":"7PJU6BzOxI97x_5vWJw8viIJ70kpfb40uSpE-zV8CnI","key":"PYTHON_UNIT_test_key_a6af8952-54a6-11e9-b600-2816a84d0309","label":null,"content_type":"test
        content type","value":"test value","tags":{"tag1":"tag1","tag2":"tag2"},"locked":false,"last_modified":"2022-09-15T23:56:30+00:00"},{"etag":"67YwQYhAT3Hx38qDedL1fUmuQEOAP8z3VpWMVYEilQM","key":"PYTHON_UNIT_test_key_a6af8952-54a6-11e9-b600-2816a84d0309","label":"test_label1_1d7b2b28-549e-11e9-b51c-2816a84d0309","content_type":"test
        content type","value":"test value","tags":{"tag1":"tag1","tag2":"tag2"},"locked":false,"last_modified":"2022-09-15T23:56:29+00:00"},{"etag":"dtQHyHRDRsG6FhdWmlD_4hYvhN5g-C4sv9dP_frV-TM","key":"PYTHON_UNIT_test_key_a6af8952-54a6-11e9-b600-2816a84d0309","label":null,"content_type":"test
        content type","value":"test value","tags":{"tag1":"tag1","tag2":"tag2"},"locked":true,"last_modified":"2022-09-15T23:56:29+00:00"},{"etag":"EiKSh2EYzMeKSq-PnJjfRYvKST42LV1m84GvrnhY3n8","key":"PYTHON_UNIT_test_key_a6af8952-54a6-11e9-b600-2816a84d0309","label":null,"content_type":"test
        content type","value":"test value","tags":{"tag1":"tag1","tag2":"tag2"},"locked":false,"last_modified":"2022-09-15T23:56:29+00:00"},{"etag":"FJHKdQ75Hd3d04Nm0IIezyaEbQUqK3_sKTVFDkLHU6U","key":"PYTHON_UNIT_test_key_a6af8952-54a6-11e9-b600-2816a84d0309","label":null,"content_type":"test
        content type","value":"test value","tags":{"tag1":"tag1","tag2":"tag2"},"locked":false,"last_modified":"2022-09-15T23:56:29+00:00"},{"etag":"wmcyeyRv27aFEnLjCXCqSVo9HQ_NxGpQ7UAAgI-zoao","key":"PYTHON_UNIT_test_key_a6af8952-54a6-11e9-b600-2816a84d0309","label":null,"content_type":"test
        content type","value":"test value","tags":{"tag1":"tag1","tag2":"tag2"},"locked":false,"last_modified":"2022-09-15T23:56:28+00:00"},{"etag":"KdeBwgPb3mYsMb9FgfchiJuv3vqMw0EKINwn3SYSSgw","key":"PYTHON_UNIT_test_key_a6af8952-54a6-11e9-b600-2816a84d0309","label":"test_label1_1d7b2b28-549e-11e9-b51c-2816a84d0309","content_type":"test
        content type","value":"test value","tags":{"tag1":"tag1","tag2":"tag2"},"locked":false,"last_modified":"2022-09-15T23:56:26+00:00"},{"etag":"hb-A-M9ZGX3pjAbarQHXecre8zh1FOILzzahiJ-vOko","key":"PYTHON_UNIT_test_key_a6af8952-54a6-11e9-b600-2816a84d0309","label":null,"content_type":"test
        content type","value":"test value","tags":{"tag1":"tag1","tag2":"tag2"},"locked":false,"last_modified":"2022-09-15T23:56:25+00:00"},{"etag":"B79T6K0uwGS-KnmbCdb_Y93BZz2eTkYg8NQgrNyV0Ys","key":"PYTHON_UNIT_test_key_a6af8952-54a6-11e9-b600-2816a84d0309","label":"test_label1_1d7b2b28-549e-11e9-b51c-2816a84d0309","content_type":"test
        content type","value":"test value","tags":{"tag1":"tag1","tag2":"tag2"},"locked":false,"last_modified":"2022-09-15T23:56:24+00:00"},{"etag":"0xXMsf7nCC_U_MIxV3O-CxYwwJ_6dkaZauAB8yYVMBI","key":"PYTHON_UNIT_test_key_a6af8952-54a6-11e9-b600-2816a84d0309","label":"test_label1_1d7b2b28-549e-11e9-b51c-2816a84d0309","content_type":"test
        content type","value":"test value","tags":{"tag1":"tag1","tag2":"tag2"},"locked":false,"last_modified":"2022-09-15T23:56:23+00:00"},{"etag":"jftmq2lcenKX5D2fGnSHytyRt8AqAVjwMkMfgC_oB0U","key":"PYTHON_UNIT_test_key_a6af8952-54a6-11e9-b600-2816a84d0309","label":"test_label1_1d7b2b28-549e-11e9-b51c-2816a84d0309","content_type":"test
        content type","value":"test value","tags":{"tag1":"tag1","tag2":"tag2"},"locked":true,"last_modified":"2022-09-15T23:56:23+00:00"},{"etag":"MQmYDf7RjQIuG23fPpMLGN8-izkbTiXKe8ok9612zl4","key":"PYTHON_UNIT_test_key_a6af8952-54a6-11e9-b600-2816a84d0309","label":"test_label1_1d7b2b28-549e-11e9-b51c-2816a84d0309","content_type":"test
        content type","value":"test valuea","tags":{"a":"b","c":"d"},"locked":false,"last_modified":"2022-09-15T23:56:23+00:00"},{"etag":"-v-afvqrbEeapJsYGFayEyOhToSrTStBOH5SltgjWBc","key":"PYTHON_UNIT_test_key_a6af8952-54a6-11e9-b600-2816a84d0309","label":"test_label1_1d7b2b28-549e-11e9-b51c-2816a84d0309","content_type":"test
        content type","value":"test value","tags":{"tag1":"tag1","tag2":"tag2"},"locked":false,"last_modified":"2022-09-15T23:56:22+00:00"},{"etag":"EfnaAZdP67Gzbfp4vfFg6DJcnx3r8o2H4RIYpAfLbTY","key":"PYTHON_UNIT_test_key_a6af8952-54a6-11e9-b600-2816a84d0309","label":"test_label1_1d7b2b28-549e-11e9-b51c-2816a84d0309","content_type":"test
        content type","value":"test valuea","tags":{"a":"b","c":"d"},"locked":false,"last_modified":"2022-09-15T23:56:21+00:00"},{"etag":"7ok9oXMSbX8LmDDnrfs0AM8sJwVFa5KMa-TfyfdC134","key":"PYTHON_UNIT_test_key_a6af8952-54a6-11e9-b600-2816a84d0309","label":null,"content_type":"test
        content type","value":"test value","tags":{"tag1":"tag1","tag2":"tag2"},"locked":false,"last_modified":"2022-09-15T23:56:18+00:00"},{"etag":"8bsITFmTc4wkZN7mUpmqyKkhi_q_XXVO0LY0GAJEVNM","key":"PYTHON_UNIT_test_key_a6af8952-54a6-11e9-b600-2816a84d0309","label":null,"content_type":"test
        content type","value":"test value","tags":{"tag1":"tag1","tag2":"tag2"},"locked":false,"last_modified":"2022-09-15T23:56:18+00:00"},{"etag":"8xxEb2snvTcAEh4XPwam0KBh9IVplp5uOf5y6rK4lsw","key":"PYTHON_UNIT_test_key_a6af8952-54a6-11e9-b600-2816a84d0309","label":null,"content_type":"test
        content type","value":"test value","tags":{"tag1":"tag1","tag2":"tag2"},"locked":true,"last_modified":"2022-09-15T23:56:18+00:00"},{"etag":"mHG_n1e8Fr5D9ukeRdn_bl5hZfeBCyUrNYdlugN-j_4","key":"PYTHON_UNIT_test_key_a6af8952-54a6-11e9-b600-2816a84d0309","label":null,"content_type":"test
        content type","value":"test value","tags":{"tag1":"tag1","tag2":"tag2"},"locked":false,"last_modified":"2022-09-15T23:56:17+00:00"},{"etag":"nibmtO7s8raAaPiomuXrUc-qJaT6yh8YTl2HfcZqi7c","key":"PYTHON_UNIT_test_key_a6af8952-54a6-11e9-b600-2816a84d0309","label":"test_label1_1d7b2b28-549e-11e9-b51c-2816a84d0309","content_type":"test
        content type","value":"test value","tags":{"tag1":"tag1","tag2":"tag2"},"locked":false,"last_modified":"2022-09-15T23:56:17+00:00"},{"etag":"oO4cwoJMIHScQzi0tNp1fI5IYjW7lj1nVXgpM0EVzUE","key":"PYTHON_UNIT_test_key_a6af8952-54a6-11e9-b600-2816a84d0309","label":"test_label1_1d7b2b28-549e-11e9-b51c-2816a84d0309","content_type":"test
        content type","value":"test value","tags":{"tag1":"tag1","tag2":"tag2"},"locked":false,"last_modified":"2022-09-15T23:56:16+00:00"},{"etag":"PLBQ41DwtElGeqFx0_8YNSsK2xAbY8uAjNzdf64vWEY","key":"PYTHON_UNIT_test_key_a6af8952-54a6-11e9-b600-2816a84d0309","label":null,"content_type":"test
        content type","value":"test value","tags":{"tag1":"tag1","tag2":"tag2"},"locked":false,"last_modified":"2022-09-15T23:56:16+00:00"},{"etag":"Qey5Izyy7kZE93ks-2DoKzCxvy1veaw3v1tMUIB8A4c","key":"PYTHON_UNIT_test_key_a6af8952-54a6-11e9-b600-2816a84d0309","label":"test_label1_1d7b2b28-549e-11e9-b51c-2816a84d0309","content_type":"test
        content type","value":"test value","tags":{"tag1":"tag1","tag2":"tag2"},"locked":false,"last_modified":"2022-09-15T23:56:15+00:00"},{"etag":"WevY_-UNKoOtMcayPH5TbALcDCk7AWUogt9tTxdGEPA","key":"PYTHON_UNIT_test_key_a6af8952-54a6-11e9-b600-2816a84d0309","label":null,"content_type":"test
        content type","value":"test value","tags":{"tag1":"tag1","tag2":"tag2"},"locked":false,"last_modified":"2022-09-15T23:56:15+00:00"},{"etag":"mAZV2UqW5E92AV92CLoYnQVngL7gNeh-McooHVFZ_8c","key":"PYTHON_UNIT_test_key_a6af8952-54a6-11e9-b600-2816a84d0309","label":null,"content_type":"test
        content type","value":"test value","tags":{"tag1":"tag1","tag2":"tag2"},"locked":false,"last_modified":"2022-09-15T23:56:13+00:00"},{"etag":"RGzInLmz4ez1KFNRhdIsxjZTWl4R9dxRCS2fZirGT0U","key":"PYTHON_UNIT_test_key_a6af8952-54a6-11e9-b600-2816a84d0309","label":"test_label1_1d7b2b28-549e-11e9-b51c-2816a84d0309","content_type":"test
        content type","value":"test value","tags":{"tag1":"tag1","tag2":"tag2"},"locked":false,"last_modified":"2022-09-15T23:56:13+00:00"},{"etag":"tXVkm1N5lvnz3KcZvBUkdqn_a7E7-ZF37mPSHJ6jV9A","key":"PYTHON_UNIT_test_key_a6af8952-54a6-11e9-b600-2816a84d0309","label":"test_label1_1d7b2b28-549e-11e9-b51c-2816a84d0309","content_type":"test
        content type","value":"test value","tags":{"tag1":"tag1","tag2":"tag2"},"locked":false,"last_modified":"2022-09-15T23:56:12+00:00"},{"etag":"Uhw-4nm-nQot7guqnRhAdEKDaGOCBWQnmsqETNud_pg","key":"PYTHON_UNIT_test_key_a6af8952-54a6-11e9-b600-2816a84d0309","label":null,"content_type":"test
        content type","value":"test value","tags":{"tag1":"tag1","tag2":"tag2"},"locked":false,"last_modified":"2022-09-15T23:56:12+00:00"}],"@nextLink":"/revisions?key=PYTHON_UNIT_test_key_a6af8952-54a6-11e9-b600-2816a84d0309&api-version=1.0&after=MTY2MzI4NjE3MjtVaHctNG5tLW5Rb3Q3Z3VxblJoQWRFS0RhR09DQldRbm1zcUVUTnVkX3Bn"}'
    headers:
      accept-ranges: items
      access-control-allow-credentials: 'true'
      access-control-allow-origin: '*'
      access-control-expose-headers: DNT, X-CustomHeader, Keep-Alive, User-Agent,
        X-Requested-With, If-Modified-Since, Cache-Control, Content-Type, Authorization,
        x-ms-client-request-id, x-ms-useragent, x-ms-content-sha256, x-ms-date, host,
        Accept, Accept-Datetime, Date, If-Match, If-None-Match, Sync-Token, x-ms-return-client-request-id,
        ETag, Last-Modified, Link, Memento-Datetime, retry-after-ms, x-ms-request-id,
        x-ms-client-session-id, x-ms-effective-locale, WWW-Authenticate, traceparent,
        tracestate
      connection: keep-alive
      content-type: application/vnd.microsoft.appconfig.kvset+json; charset=utf-8
      date: Thu, 15 Sep 2022 23:57:19 GMT
      link: </revisions?key=PYTHON_UNIT_test_key_a6af8952-54a6-11e9-b600-2816a84d0309&api-version=1.0&after=MTY2MzI4NjE3MjtVaHctNG5tLW5Rb3Q3Z3VxblJoQWRFS0RhR09DQldRbm1zcUVUTnVkX3Bn>;
        rel="next"
      server: openresty/1.17.8.2
      strict-transport-security: max-age=15724800; includeSubDomains
      sync-token: zAJw6V16=Nzo1IzEwNDk4MTc=;sn=1049817
      transfer-encoding: chunked
    status:
      code: 200
      message: OK
    url: https://yallappconfigtests-azconfig-net.azconfig.io/revisions?key=PYTHON_UNIT_test_key_a6af8952-54a6-11e9-b600-2816a84d0309&api-version=1.0
- request:
    body: ''
    headers:
      Accept:
      - application/vnd.microsoft.appconfig.kvset+json, application/json, application/problem+json
      Sync-Token:
      - zAJw6V16=Nzo1IzEwNDk4MTc=
      User-Agent:
      - azsdk-python-appconfiguration/1.4.0 Python/3.9.2 (Windows-10-10.0.22000-SP0)
      x-ms-content-sha256:
      - 47DEQpj8HBSa+/TImW+5JCeuQeRkm5NMpJWZG3hSuFU=
      x-ms-date:
      - Sep, 15 2022 23:57:20.114631 GMT
    method: GET
    uri: https://fake_app_config.azconfig-test.io/revisions?key=PYTHON_UNIT_test_key_a6af8952-54a6-11e9-b600-2816a84d0309&api-version=1.0&after=MTY2MzI4NjE3MjtVaHctNG5tLW5Rb3Q3Z3VxblJoQWRFS0RhR09DQldRbm1zcUVUTnVkX3Bn
  response:
    body:
      string: '{"items":[{"etag":"7gtLVdfIskxjqula74HhtJ--eAwnUknKaIVMZbp23wo","key":"PYTHON_UNIT_test_key_a6af8952-54a6-11e9-b600-2816a84d0309","label":"test_label2_*,
        \\1d7b2b28-549e-11e9-b51c-2816a84d0309","content_type":null,"value":"test
        value","tags":{},"locked":false,"last_modified":"2022-09-15T23:56:11+00:00"},{"etag":"LYeGWP6K1TxL6iyAeCQD8PhaQJ1c2AD1FiB_jM9iq5w","key":"PYTHON_UNIT_test_key_a6af8952-54a6-11e9-b600-2816a84d0309","label":"test_label1_1d7b2b28-549e-11e9-b51c-2816a84d0309","content_type":"test
        content type","value":"test value","tags":{"tag1":"tag1","tag2":"tag2"},"locked":false,"last_modified":"2022-09-15T23:56:10+00:00"},{"etag":"ZxM6VTpljNEbtme-mBtHtGWObF-aP5YRLXpI4TrNiSA","key":"PYTHON_UNIT_test_key_a6af8952-54a6-11e9-b600-2816a84d0309","label":null,"content_type":"test
        content type","value":"test value","tags":{"tag1":"tag1","tag2":"tag2"},"locked":false,"last_modified":"2022-09-15T23:56:10+00:00"},{"etag":"GhtKSaH6d81TXuMRGBgU9q3jGofHZ2WIy1AwStKzy8E","key":"PYTHON_UNIT_test_key_a6af8952-54a6-11e9-b600-2816a84d0309","label":null,"content_type":"test
        content type","value":"test value","tags":{"tag1":"tag1","tag2":"tag2"},"locked":false,"last_modified":"2022-09-15T23:56:09+00:00"},{"etag":"vAuMPDuj_-i05k0YoNO1a2N26zckHgq2Bk_JWd0MAGY","key":"PYTHON_UNIT_test_key_a6af8952-54a6-11e9-b600-2816a84d0309","label":"test_label1_1d7b2b28-549e-11e9-b51c-2816a84d0309","content_type":"test
        content type","value":"test value","tags":{"tag1":"tag1","tag2":"tag2"},"locked":false,"last_modified":"2022-09-15T23:56:09+00:00"},{"etag":"_0sA7pn7sAgmVfKm8ZrMEHQ2QqNl4Mwx4XrR0xEiyiI","key":"PYTHON_UNIT_test_key_a6af8952-54a6-11e9-b600-2816a84d0309","label":null,"content_type":"test
        content type","value":"test value","tags":{"tag1":"tag1","tag2":"tag2"},"locked":false,"last_modified":"2022-09-15T23:56:08+00:00"},{"etag":"T7NX3aFmmOnmqbUuWmydeD6kk-xQ5Dh1gWsGfoa4BII","key":"PYTHON_UNIT_test_key_a6af8952-54a6-11e9-b600-2816a84d0309","label":"test_label1_1d7b2b28-549e-11e9-b51c-2816a84d0309","content_type":"test
        content type","value":"test value","tags":{"tag1":"tag1","tag2":"tag2"},"locked":false,"last_modified":"2022-09-15T23:56:08+00:00"},{"etag":"S0BmrBFoWId8wNjdkW8U1EYPKOJX3qNcwfEmbMa3KKM","key":"PYTHON_UNIT_test_key_a6af8952-54a6-11e9-b600-2816a84d0309","label":"test_label1_1d7b2b28-549e-11e9-b51c-2816a84d0309","content_type":"test
        content type","value":"test value","tags":{"tag1":"tag1","tag2":"tag2"},"locked":false,"last_modified":"2022-09-15T23:56:07+00:00"},{"etag":"Vo6GGue9lSq5OE9h5OoBA3kBhG9zCq4qvNDmT15r96o","key":"PYTHON_UNIT_test_key_a6af8952-54a6-11e9-b600-2816a84d0309","label":null,"content_type":"test
        content type","value":"test value","tags":{"tag1":"tag1","tag2":"tag2"},"locked":false,"last_modified":"2022-09-15T23:56:07+00:00"},{"etag":"-9wvz-FZHZhj7Er-SXR4zdg47Zuc_Z6JjdhmWCMeU_s","key":"PYTHON_UNIT_test_key_a6af8952-54a6-11e9-b600-2816a84d0309","label":"test_label1_1d7b2b28-549e-11e9-b51c-2816a84d0309","content_type":"test
        content type","value":"test value","tags":{"tag1":"tag1","tag2":"tag2"},"locked":false,"last_modified":"2022-09-15T23:55:55+00:00"},{"etag":"8XJ-vwPNRro3-x9_10BvMdW9xVwzfZvRpgvBlPFHz9k","key":"PYTHON_UNIT_test_key_a6af8952-54a6-11e9-b600-2816a84d0309","label":null,"content_type":"test
        content type","value":"test value","tags":{"tag1":"tag1","tag2":"tag2"},"locked":false,"last_modified":"2022-09-15T23:55:55+00:00"},{"etag":"2JdAwQ3YcKlO-yuMWj_sO9FIRd1OeDaZhJFPav3ZY9Q","key":"PYTHON_UNIT_test_key_a6af8952-54a6-11e9-b600-2816a84d0309","label":"test_label1_1d7b2b28-549e-11e9-b51c-2816a84d0309","content_type":"test
        content type","value":"test value","tags":{"tag1":"tag1","tag2":"tag2"},"locked":false,"last_modified":"2022-09-15T23:55:54+00:00"},{"etag":"gS87V3P1EEW0K95UByk0Ix2w5ZZ2Toz94Lw-xuoh9KI","key":"PYTHON_UNIT_test_key_a6af8952-54a6-11e9-b600-2816a84d0309","label":null,"content_type":"test
        content type","value":"test value","tags":{"tag1":"tag1","tag2":"tag2"},"locked":false,"last_modified":"2022-09-15T23:55:54+00:00"},{"etag":"rq29bfwjzpYo1MwDzZ1WRs-gFtL-YNlJlkB3Odb61ac","key":"PYTHON_UNIT_test_key_a6af8952-54a6-11e9-b600-2816a84d0309","label":"test_label1_1d7b2b28-549e-11e9-b51c-2816a84d0309","content_type":"test
        content type","value":"test value","tags":{"tag1":"tag1","tag2":"tag2"},"locked":false,"last_modified":"2022-09-15T23:55:53+00:00"},{"etag":"L4QaE8ev7KNcPEO6BitjKXLCMviksThySvTrQk2WtAo","key":"PYTHON_UNIT_test_key_a6af8952-54a6-11e9-b600-2816a84d0309","label":null,"content_type":"test
        content type","value":"test value","tags":{"tag1":"tag1","tag2":"tag2"},"locked":false,"last_modified":"2022-09-15T23:55:52+00:00"},{"etag":"WCakTdXjzl2NdhAIIO83SKQO_SlwRamPIWK4OnuIPHA","key":"PYTHON_UNIT_test_key_a6af8952-54a6-11e9-b600-2816a84d0309","label":"test_label1_1d7b2b28-549e-11e9-b51c-2816a84d0309","content_type":"test
        content type","value":"test value","tags":{"tag1":"tag1","tag2":"tag2"},"locked":false,"last_modified":"2022-09-15T23:55:51+00:00"},{"etag":"K29zqXHJiyDfn0bxJCJPeEdSaH6FXvsKx_lMR34Yh_M","key":"PYTHON_UNIT_test_key_a6af8952-54a6-11e9-b600-2816a84d0309","label":"test_label1_1d7b2b28-549e-11e9-b51c-2816a84d0309","content_type":"test
        content type","value":"test value","tags":{"tag1":"tag1","tag2":"tag2"},"locked":false,"last_modified":"2022-09-15T23:55:50+00:00"},{"etag":"Q6itgSwvrkhbGnuSubDdgKXX4jwOr_r9Vx9mWv2m7OM","key":"PYTHON_UNIT_test_key_a6af8952-54a6-11e9-b600-2816a84d0309","label":null,"content_type":"test
        content type","value":"test value","tags":{"tag1":"tag1","tag2":"tag2"},"locked":false,"last_modified":"2022-09-15T23:55:50+00:00"},{"etag":"pkaxmj-EmXkHMLHdjuWhhVP77QhVTz8y6F7TAJcnr3s","key":"PYTHON_UNIT_test_key_a6af8952-54a6-11e9-b600-2816a84d0309","label":"test_label1_1d7b2b28-549e-11e9-b51c-2816a84d0309","content_type":"test
        content type","value":"test value","tags":{"tag1":"tag1","tag2":"tag2"},"locked":false,"last_modified":"2022-09-15T23:55:49+00:00"},{"etag":"9JhBE7lgqIY6VNCuxa7qV45ETQ4UTl5Jo9eJYH_eTxk","key":"PYTHON_UNIT_test_key_a6af8952-54a6-11e9-b600-2816a84d0309","label":null,"content_type":"test
        content type","value":"test value","tags":{"tag1":"tag1","tag2":"tag2"},"locked":false,"last_modified":"2022-09-15T23:55:44+00:00"},{"etag":"QTUrAO1gbasVugE_JVKEas8U_Fs2krjUl1VHYgyA9NY","key":"PYTHON_UNIT_test_key_a6af8952-54a6-11e9-b600-2816a84d0309","label":null,"content_type":"test
        content type","value":"test value","tags":{"tag1":"tag1","tag2":"tag2"},"locked":false,"last_modified":"2022-09-15T23:55:43+00:00"},{"etag":"gSCoTsp-mrYXLxIIiXj-RT4alryldUYPGWVRmjjvirI","key":"PYTHON_UNIT_test_key_a6af8952-54a6-11e9-b600-2816a84d0309","label":"test_label1_1d7b2b28-549e-11e9-b51c-2816a84d0309","content_type":"test
        content type","value":"test value","tags":{"tag1":"tag1","tag2":"tag2"},"locked":false,"last_modified":"2022-09-15T23:55:42+00:00"},{"etag":"MfUnUGzo37k4WxJOFI3x3I2hh-yzyAFOxisRtWZIioo","key":"PYTHON_UNIT_test_key_a6af8952-54a6-11e9-b600-2816a84d0309","label":null,"content_type":"test
        content type","value":"test value","tags":{"tag1":"tag1","tag2":"tag2"},"locked":false,"last_modified":"2022-09-15T23:55:41+00:00"},{"etag":"x2r2TDP1NzzWaRZl-qBhVK10XVHZhTeY1DuVdcgsAQw","key":"PYTHON_UNIT_test_key_a6af8952-54a6-11e9-b600-2816a84d0309","label":null,"content_type":"test
        content type","value":"test value","tags":{"tag1":"tag1","tag2":"tag2"},"locked":true,"last_modified":"2022-09-15T23:55:41+00:00"},{"etag":"zoM5nqDcmspkRxbOLXqhSgCLws2wh_hs8V-dwrwvhOo","key":"PYTHON_UNIT_test_key_a6af8952-54a6-11e9-b600-2816a84d0309","label":null,"content_type":"test
        content type","value":"test value","tags":{"tag1":"tag1","tag2":"tag2"},"locked":false,"last_modified":"2022-09-15T23:55:41+00:00"},{"etag":"eLI8zEtQ_IDF-aUUBYYDzOT2_pSNr7lpacUvho0eQ1M","key":"PYTHON_UNIT_test_key_a6af8952-54a6-11e9-b600-2816a84d0309","label":null,"content_type":"test
        content type","value":"test value","tags":{"tag1":"tag1","tag2":"tag2"},"locked":false,"last_modified":"2022-09-15T23:55:39+00:00"},{"etag":"PtjkYWA1zs1gvMDlAtGk5rFXdn1lGXqUee8BuEKw3Ds","key":"PYTHON_UNIT_test_key_a6af8952-54a6-11e9-b600-2816a84d0309","label":"test_label1_1d7b2b28-549e-11e9-b51c-2816a84d0309","content_type":"test
        content type","value":"test value","tags":{"tag1":"tag1","tag2":"tag2"},"locked":false,"last_modified":"2022-09-15T23:55:36+00:00"},{"etag":"7c7UAWhuw4zcX0X6axON_n15Lx8ZiBfUxUm0CBh9TrM","key":"PYTHON_UNIT_test_key_a6af8952-54a6-11e9-b600-2816a84d0309","label":"test_label1_1d7b2b28-549e-11e9-b51c-2816a84d0309","content_type":"test
        content type","value":"test value","tags":{"tag1":"tag1","tag2":"tag2"},"locked":false,"last_modified":"2022-09-15T23:55:33+00:00"},{"etag":"inaYHqrguTBL_UmZvR-qt8XtSAMpynhDBrmdFePunCU","key":"PYTHON_UNIT_test_key_a6af8952-54a6-11e9-b600-2816a84d0309","label":"test_label1_1d7b2b28-549e-11e9-b51c-2816a84d0309","content_type":"test
        content type","value":"test value","tags":{"tag1":"tag1","tag2":"tag2"},"locked":true,"last_modified":"2022-09-15T23:55:33+00:00"},{"etag":"KsH3JydF_97fmXIb6AUwCCYoTPC-3Zm4ZZRUSfds7dk","key":"PYTHON_UNIT_test_key_a6af8952-54a6-11e9-b600-2816a84d0309","label":"test_label1_1d7b2b28-549e-11e9-b51c-2816a84d0309","content_type":"test
        content type","value":"test value","tags":{"tag1":"tag1","tag2":"tag2"},"locked":false,"last_modified":"2022-09-15T23:55:33+00:00"},{"etag":"oBCovIxlbqBn1wXqNbUkehdgCfTJkzfZn_C9Ba4mezQ","key":"PYTHON_UNIT_test_key_a6af8952-54a6-11e9-b600-2816a84d0309","label":null,"content_type":"test
        content type","value":"test value","tags":{"tag1":"tag1","tag2":"tag2"},"locked":false,"last_modified":"2022-09-15T23:55:33+00:00"},{"etag":"Rg-gMYtvo_eJX-2bZxx2fXU_n7qfzTuF19EdQUbEQGk","key":"PYTHON_UNIT_test_key_a6af8952-54a6-11e9-b600-2816a84d0309","label":"test_label1_1d7b2b28-549e-11e9-b51c-2816a84d0309","content_type":"test
        content type","value":"test value","tags":{"tag1":"tag1","tag2":"tag2"},"locked":false,"last_modified":"2022-09-15T23:55:33+00:00"},{"etag":"xYgLJ2KR_-vr_F1OATiYB96aE6eTFSYZD1LZBi8Qwtg","key":"PYTHON_UNIT_test_key_a6af8952-54a6-11e9-b600-2816a84d0309","label":"test_label1_1d7b2b28-549e-11e9-b51c-2816a84d0309","content_type":"test
        content type","value":"test valuea","tags":{"a":"b","c":"d"},"locked":false,"last_modified":"2022-09-15T23:55:33+00:00"},{"etag":"4oD00jhpFBmp_PGrBD5a6Vi40N7ZNLkIZT8ZF2WZHEA","key":"PYTHON_UNIT_test_key_a6af8952-54a6-11e9-b600-2816a84d0309","label":null,"content_type":"test
        content type","value":"test value","tags":{"tag1":"tag1","tag2":"tag2"},"locked":false,"last_modified":"2022-09-15T23:55:32+00:00"},{"etag":"G2JEktIBadj5h0gfX8wTEM6lMDcm0VANqoCV6ay39N0","key":"PYTHON_UNIT_test_key_a6af8952-54a6-11e9-b600-2816a84d0309","label":"test_label1_1d7b2b28-549e-11e9-b51c-2816a84d0309","content_type":"test
        content type","value":"test valuea","tags":{"a":"b","c":"d"},"locked":false,"last_modified":"2022-09-15T23:55:32+00:00"},{"etag":"QthuHxmxpcb7pD10RXGulxvIZHIe8j0mnyOZKznNWfk","key":"PYTHON_UNIT_test_key_a6af8952-54a6-11e9-b600-2816a84d0309","label":null,"content_type":"test
        content type","value":"test value","tags":{"tag1":"tag1","tag2":"tag2"},"locked":true,"last_modified":"2022-09-15T23:55:32+00:00"},{"etag":"xC3yD9jLvQy2UKot5bGaHQjJrExFgggcbbFiTwhIzKk","key":"PYTHON_UNIT_test_key_a6af8952-54a6-11e9-b600-2816a84d0309","label":null,"content_type":"test
        content type","value":"test value","tags":{"tag1":"tag1","tag2":"tag2"},"locked":false,"last_modified":"2022-09-15T23:55:32+00:00"},{"etag":"-E-6EfF-W_OZvnmFBcGC1mjEGsz1bgMKtHUlBEZ6_ww","key":"PYTHON_UNIT_test_key_a6af8952-54a6-11e9-b600-2816a84d0309","label":null,"content_type":"test
        content type","value":"test value","tags":{"tag1":"tag1","tag2":"tag2"},"locked":false,"last_modified":"2022-09-15T23:55:31+00:00"},{"etag":"R4Ao1llWsmjEm8mzHCNLn9xIXcezXdXp7Fyp0dciEKM","key":"PYTHON_UNIT_test_key_a6af8952-54a6-11e9-b600-2816a84d0309","label":null,"content_type":"test
        content type","value":"test value","tags":{"tag1":"tag1","tag2":"tag2"},"locked":false,"last_modified":"2022-09-15T23:55:31+00:00"},{"etag":"SvM4a7OzFXxxn6ZrSDVMPSBauyTalOfL0ffWA34IWRY","key":"PYTHON_UNIT_test_key_a6af8952-54a6-11e9-b600-2816a84d0309","label":"test_label1_1d7b2b28-549e-11e9-b51c-2816a84d0309","content_type":"test
        content type","value":"test value","tags":{"tag1":"tag1","tag2":"tag2"},"locked":false,"last_modified":"2022-09-15T23:55:31+00:00"},{"etag":"2Vy2ao18qi2sMhxt4hrD0yAy6s53sJHolWgaSjtsOtY","key":"PYTHON_UNIT_test_key_a6af8952-54a6-11e9-b600-2816a84d0309","label":null,"content_type":"test
        content type","value":"test value","tags":{"tag1":"tag1","tag2":"tag2"},"locked":false,"last_modified":"2022-09-15T23:55:30+00:00"},{"etag":"EQZV_s11X82YtraoSAi_c_sJdP9Jj0z4vyAl8Cuok6w","key":"PYTHON_UNIT_test_key_a6af8952-54a6-11e9-b600-2816a84d0309","label":"test_label1_1d7b2b28-549e-11e9-b51c-2816a84d0309","content_type":"test
        content type","value":"test value","tags":{"tag1":"tag1","tag2":"tag2"},"locked":false,"last_modified":"2022-09-15T23:55:30+00:00"},{"etag":"oSV7e3Gu5QIRyhd3rQ9x9_ssdN3xoy3tzJoYl1m0WxA","key":"PYTHON_UNIT_test_key_a6af8952-54a6-11e9-b600-2816a84d0309","label":"test_label1_1d7b2b28-549e-11e9-b51c-2816a84d0309","content_type":"test
        content type","value":"test value","tags":{"tag1":"tag1","tag2":"tag2"},"locked":false,"last_modified":"2022-09-15T23:55:30+00:00"},{"etag":"Tt4NAMxDFOIjkyjPHA2cPJFa88tn1bs5M-73UD8pauA","key":"PYTHON_UNIT_test_key_a6af8952-54a6-11e9-b600-2816a84d0309","label":null,"content_type":"test
        content type","value":"test value","tags":{"tag1":"tag1","tag2":"tag2"},"locked":false,"last_modified":"2022-09-15T23:55:30+00:00"},{"etag":"zWBbzNgTUd1s3YcmYpLrl6bzagqW-JLkNiuIlBu_snY","key":"PYTHON_UNIT_test_key_a6af8952-54a6-11e9-b600-2816a84d0309","label":"test_label1_1d7b2b28-549e-11e9-b51c-2816a84d0309","content_type":"test
        content type","value":"test value","tags":{"tag1":"tag1","tag2":"tag2"},"locked":false,"last_modified":"2022-09-15T23:55:30+00:00"},{"etag":"-Qs5n2GgVrMM9UxYSVfc2e78HlaXMkIT_ENJn0BaQYA","key":"PYTHON_UNIT_test_key_a6af8952-54a6-11e9-b600-2816a84d0309","label":"test_label1_1d7b2b28-549e-11e9-b51c-2816a84d0309","content_type":"test
        content type","value":"test value","tags":{"tag1":"tag1","tag2":"tag2"},"locked":false,"last_modified":"2022-09-15T23:55:29+00:00"},{"etag":"-w8GFQtVGL1ldAul60J1WO4FiESqMu7cBCc_VsajqQQ","key":"PYTHON_UNIT_test_key_a6af8952-54a6-11e9-b600-2816a84d0309","label":"test_label2_*,
        \\1d7b2b28-549e-11e9-b51c-2816a84d0309","content_type":null,"value":"test
        value","tags":{},"locked":false,"last_modified":"2022-09-15T23:55:29+00:00"},{"etag":"KBycDLU7J12pdfRvhUuHeMp5YYxo50biPMZp8g_slTw","key":"PYTHON_UNIT_test_key_a6af8952-54a6-11e9-b600-2816a84d0309","label":null,"content_type":"test
        content type","value":"test value","tags":{"tag1":"tag1","tag2":"tag2"},"locked":false,"last_modified":"2022-09-15T23:55:29+00:00"},{"etag":"3JMYi8AofM9rHFLBSXG4p3lNRL_QHNqdWbO-Qix1akc","key":"PYTHON_UNIT_test_key_a6af8952-54a6-11e9-b600-2816a84d0309","label":null,"content_type":"test
        content type","value":"test value","tags":{"tag1":"tag1","tag2":"tag2"},"locked":false,"last_modified":"2022-09-15T23:55:28+00:00"},{"etag":"j8cg-ThvSE1xphRL8Wsm-ss-Pf25nIlYH-8u5yHLGVk","key":"PYTHON_UNIT_test_key_a6af8952-54a6-11e9-b600-2816a84d0309","label":"test_label1_1d7b2b28-549e-11e9-b51c-2816a84d0309","content_type":"test
        content type","value":"test value","tags":{"tag1":"tag1","tag2":"tag2"},"locked":false,"last_modified":"2022-09-15T23:55:28+00:00"},{"etag":"vP9rOs-gEAS7HW9kfmC786VQl5OkcOo5JnhTmFntYzY","key":"PYTHON_UNIT_test_key_a6af8952-54a6-11e9-b600-2816a84d0309","label":"test_label1_1d7b2b28-549e-11e9-b51c-2816a84d0309","content_type":"test
        content type","value":"test value","tags":{"tag1":"tag1","tag2":"tag2"},"locked":false,"last_modified":"2022-09-15T23:55:28+00:00"},{"etag":"ZO26cThcOSzpkFG0t0uspGxOTNCM6dTFXdsMuAj4WXU","key":"PYTHON_UNIT_test_key_a6af8952-54a6-11e9-b600-2816a84d0309","label":null,"content_type":"test
        content type","value":"test value","tags":{"tag1":"tag1","tag2":"tag2"},"locked":false,"last_modified":"2022-09-15T23:55:28+00:00"},{"etag":"94uix5TfOoLffVC7JkYGYCCSb64GLDcGDoOac01jVB4","key":"PYTHON_UNIT_test_key_a6af8952-54a6-11e9-b600-2816a84d0309","label":"test_label1_1d7b2b28-549e-11e9-b51c-2816a84d0309","content_type":"test
        content type","value":"test value","tags":{"tag1":"tag1","tag2":"tag2"},"locked":false,"last_modified":"2022-09-15T23:55:27+00:00"},{"etag":"j8FeXSj7EzhGZU3Bj5LnDsjFkkVHWI47n_tCdFbQB4A","key":"PYTHON_UNIT_test_key_a6af8952-54a6-11e9-b600-2816a84d0309","label":null,"content_type":"test
        content type","value":"test value","tags":{"tag1":"tag1","tag2":"tag2"},"locked":false,"last_modified":"2022-09-15T23:55:27+00:00"},{"etag":"O1nqiinD1XEoyPsW0UqaeHZVRseMNp67ZAa3MT7fU6w","key":"PYTHON_UNIT_test_key_a6af8952-54a6-11e9-b600-2816a84d0309","label":"test_label1_1d7b2b28-549e-11e9-b51c-2816a84d0309","content_type":"test
        content type","value":"test value","tags":{"tag1":"tag1","tag2":"tag2"},"locked":false,"last_modified":"2022-09-15T23:55:27+00:00"},{"etag":"t0jHEXaAWx5K35NPFWXYiFIIHh1urbgrI7LzV-Nym94","key":"PYTHON_UNIT_test_key_a6af8952-54a6-11e9-b600-2816a84d0309","label":null,"content_type":"test
        content type","value":"test value","tags":{"tag1":"tag1","tag2":"tag2"},"locked":false,"last_modified":"2022-09-15T23:55:27+00:00"},{"etag":"i-la0p-vQrJtCLTKiaZELifpYNmI6D6qg0o080a3UZY","key":"PYTHON_UNIT_test_key_a6af8952-54a6-11e9-b600-2816a84d0309","label":"test_label1_1d7b2b28-549e-11e9-b51c-2816a84d0309","content_type":"test
        content type","value":"test value","tags":{"tag1":"tag1","tag2":"tag2"},"locked":false,"last_modified":"2022-09-15T23:55:16+00:00"},{"etag":"rc-jkzEcjUx4kuRzxD7F2gAVV64vS3Su_L9by1HaEQ8","key":"PYTHON_UNIT_test_key_a6af8952-54a6-11e9-b600-2816a84d0309","label":null,"content_type":"test
        content type","value":"test value","tags":{"tag1":"tag1","tag2":"tag2"},"locked":false,"last_modified":"2022-09-15T23:55:16+00:00"},{"etag":"a0siCgl7GwFY_gDujq38q7utF423ADr4ShH25Pm6AEg","key":"PYTHON_UNIT_test_key_a6af8952-54a6-11e9-b600-2816a84d0309","label":"test_label1_1d7b2b28-549e-11e9-b51c-2816a84d0309","content_type":"test
        content type","value":"test value","tags":{"tag1":"tag1","tag2":"tag2"},"locked":false,"last_modified":"2022-09-15T23:55:15+00:00"},{"etag":"EGxKWhmFMR7KMCNkeUcZf62WP9HYoMJsIslxWWyuaOE","key":"PYTHON_UNIT_test_key_a6af8952-54a6-11e9-b600-2816a84d0309","label":"test_label1_1d7b2b28-549e-11e9-b51c-2816a84d0309","content_type":"test
        content type","value":"test value","tags":{"tag1":"tag1","tag2":"tag2"},"locked":false,"last_modified":"2022-09-15T23:55:15+00:00"},{"etag":"u59lcgI8CRIKMOUcsLsoZ32-TJbBR_wMYQsWRrdMfpQ","key":"PYTHON_UNIT_test_key_a6af8952-54a6-11e9-b600-2816a84d0309","label":null,"content_type":"test
        content type","value":"test value","tags":{"tag1":"tag1","tag2":"tag2"},"locked":false,"last_modified":"2022-09-15T23:55:15+00:00"},{"etag":"Bouu6Ix-9NyVmzQqcPhdhyYSMZfalBPlUEF45z7t1UU","key":"PYTHON_UNIT_test_key_a6af8952-54a6-11e9-b600-2816a84d0309","label":null,"content_type":"test
        content type","value":"test value","tags":{"tag1":"tag1","tag2":"tag2"},"locked":false,"last_modified":"2022-09-15T23:55:14+00:00"},{"etag":"MTsEzq0lfnC18qp9HX5chduw_7SuESyVZdASqbd2sjc","key":"PYTHON_UNIT_test_key_a6af8952-54a6-11e9-b600-2816a84d0309","label":"test_label1_1d7b2b28-549e-11e9-b51c-2816a84d0309","content_type":"test
        content type","value":"test value","tags":{"tag1":"tag1","tag2":"tag2"},"locked":false,"last_modified":"2022-09-15T23:55:14+00:00"},{"etag":"TZtYahqdRaqEY9kfWr2Eq8__lJs-ZZefYuJvaVzi-6E","key":"PYTHON_UNIT_test_key_a6af8952-54a6-11e9-b600-2816a84d0309","label":"test_label1_1d7b2b28-549e-11e9-b51c-2816a84d0309","content_type":"test
        content type","value":"test value","tags":{"tag1":"tag1","tag2":"tag2"},"locked":false,"last_modified":"2022-09-15T23:55:14+00:00"},{"etag":"X0LJcfDvso4KWMaFC9Igwa5YuDQrMK113-mK6GoMIZQ","key":"PYTHON_UNIT_test_key_a6af8952-54a6-11e9-b600-2816a84d0309","label":null,"content_type":"test
        content type","value":"test value","tags":{"tag1":"tag1","tag2":"tag2"},"locked":false,"last_modified":"2022-09-15T23:55:14+00:00"},{"etag":"zbeYjFFI9U__BzCmQoe3FMLTnLSBmF01fkPh6jm2gxQ","key":"PYTHON_UNIT_test_key_a6af8952-54a6-11e9-b600-2816a84d0309","label":"test_label1_1d7b2b28-549e-11e9-b51c-2816a84d0309","content_type":"test
        content type","value":"test value","tags":{"tag1":"tag1","tag2":"tag2"},"locked":false,"last_modified":"2022-09-15T23:55:13+00:00"},{"etag":"AbreKLLSYjws0rc3dkgfjFdKgAv_zftr3ELMO_G-kRk","key":"PYTHON_UNIT_test_key_a6af8952-54a6-11e9-b600-2816a84d0309","label":null,"content_type":"test
        content type","value":"test value","tags":{"tag1":"tag1","tag2":"tag2"},"locked":false,"last_modified":"2022-09-15T23:55:12+00:00"},{"etag":"cFoNIYPeKNn8hCoX9MyrT6ncO2_7AEwkW0ay-ohso4g","key":"PYTHON_UNIT_test_key_a6af8952-54a6-11e9-b600-2816a84d0309","label":null,"content_type":"test
        content type","value":"test value","tags":{"tag1":"tag1","tag2":"tag2"},"locked":false,"last_modified":"2022-09-15T23:55:12+00:00"},{"etag":"AbUhir2equfr496bD9sPWwl_Iom2vyf6DBDzdai22rE","key":"PYTHON_UNIT_test_key_a6af8952-54a6-11e9-b600-2816a84d0309","label":null,"content_type":"test
        content type","value":"test value","tags":{"tag1":"tag1","tag2":"tag2"},"locked":false,"last_modified":"2022-09-15T23:55:11+00:00"},{"etag":"k2eGeIm4K1kT3xvrIy8uqeGvKL204o5JHOMqvyN47rk","key":"PYTHON_UNIT_test_key_a6af8952-54a6-11e9-b600-2816a84d0309","label":null,"content_type":"test
        content type","value":"test value","tags":{"tag1":"tag1","tag2":"tag2"},"locked":false,"last_modified":"2022-09-15T23:55:11+00:00"},{"etag":"KjelMVUMMaoc4exNuliERu2IkM3jTLnvqIdV8Re-G54","key":"PYTHON_UNIT_test_key_a6af8952-54a6-11e9-b600-2816a84d0309","label":null,"content_type":"test
        content type","value":"test value","tags":{"tag1":"tag1","tag2":"tag2"},"locked":false,"last_modified":"2022-09-15T23:55:11+00:00"},{"etag":"uebJnDX7yRY356dAmgtiM27AINceCKMOu1whiI0-LEQ","key":"PYTHON_UNIT_test_key_a6af8952-54a6-11e9-b600-2816a84d0309","label":null,"content_type":"test
        content type","value":"test value","tags":{"tag1":"tag1","tag2":"tag2"},"locked":true,"last_modified":"2022-09-15T23:55:11+00:00"},{"etag":"xN_QPxzL3k5EVdcUOTNkm3q2mUJLN_i5qeryBj_RAMg","key":"PYTHON_UNIT_test_key_a6af8952-54a6-11e9-b600-2816a84d0309","label":"test_label1_1d7b2b28-549e-11e9-b51c-2816a84d0309","content_type":"test
        content type","value":"test value","tags":{"tag1":"tag1","tag2":"tag2"},"locked":false,"last_modified":"2022-09-15T23:55:11+00:00"},{"etag":"bBryIojQ6whEYM18ovHAxwXf-C8dDfKEDKnTtyiR4cE","key":"PYTHON_UNIT_test_key_a6af8952-54a6-11e9-b600-2816a84d0309","label":"test_label1_1d7b2b28-549e-11e9-b51c-2816a84d0309","content_type":"test
        content type","value":"test value","tags":{"tag1":"tag1","tag2":"tag2"},"locked":false,"last_modified":"2022-09-15T23:55:09+00:00"},{"etag":"M9y95GZBi-RLFOTa6oiZhmssWdbX0Bb5ogPvrI05ppA","key":"PYTHON_UNIT_test_key_a6af8952-54a6-11e9-b600-2816a84d0309","label":null,"content_type":"test
        content type","value":"test value","tags":{"tag1":"tag1","tag2":"tag2"},"locked":false,"last_modified":"2022-09-15T23:51:41+00:00"},{"etag":"vRJFySo65TJ0ooxiUQ_T_iw51SaMVPm15KRNrklq18s","key":"PYTHON_UNIT_test_key_a6af8952-54a6-11e9-b600-2816a84d0309","label":"test_label1_1d7b2b28-549e-11e9-b51c-2816a84d0309","content_type":"test
        content type","value":"test value","tags":{"tag1":"tag1","tag2":"tag2"},"locked":false,"last_modified":"2022-09-15T23:51:41+00:00"},{"etag":"tmEepPg-gqQ_K7upcpOeptNXw_tl-7u6S_yFZ7Vbnxc","key":"PYTHON_UNIT_test_key_a6af8952-54a6-11e9-b600-2816a84d0309","label":null,"content_type":"test
        content type","value":"test value","tags":{"tag1":"tag1","tag2":"tag2"},"locked":false,"last_modified":"2022-09-15T23:50:14+00:00"},{"etag":"U5r7AlYmF2uVnIHpmgx4KcmAIziy-1FzkW-Sm7ehYGo","key":"PYTHON_UNIT_test_key_a6af8952-54a6-11e9-b600-2816a84d0309","label":"test_label1_1d7b2b28-549e-11e9-b51c-2816a84d0309","content_type":"test
        content type","value":"test value","tags":{"tag1":"tag1","tag2":"tag2"},"locked":false,"last_modified":"2022-09-15T23:50:14+00:00"},{"etag":"EZDCLHJ_Yqw_hYG3otxStJ8WqFq9EN41CjlMk1XPR5k","key":"PYTHON_UNIT_test_key_a6af8952-54a6-11e9-b600-2816a84d0309","label":"test_label1_1d7b2b28-549e-11e9-b51c-2816a84d0309","content_type":"test
        content type","value":"test value","tags":{"tag1":"tag1","tag2":"tag2"},"locked":false,"last_modified":"2022-09-15T23:49:40+00:00"},{"etag":"Xt589xnC9MCbtMnYHSRvJ067ktan5wn6O5kJIpy-24o","key":"PYTHON_UNIT_test_key_a6af8952-54a6-11e9-b600-2816a84d0309","label":null,"content_type":"test
        content type","value":"test value","tags":{"tag1":"tag1","tag2":"tag2"},"locked":false,"last_modified":"2022-09-15T23:49:40+00:00"},{"etag":"areRQGPI4FrDnpYwO3g3jfmy7thZABmT-UbSMYYFVjk","key":"PYTHON_UNIT_test_key_a6af8952-54a6-11e9-b600-2816a84d0309","label":"test_label1_1d7b2b28-549e-11e9-b51c-2816a84d0309","content_type":"test
        content type","value":"test value","tags":{"tag1":"tag1","tag2":"tag2"},"locked":false,"last_modified":"2022-09-15T23:49:26+00:00"},{"etag":"m6iicTL4HPmrKumibQhVJOhpHIZAZycLKOSPD0f9aQc","key":"PYTHON_UNIT_test_key_a6af8952-54a6-11e9-b600-2816a84d0309","label":"test_label1_1d7b2b28-549e-11e9-b51c-2816a84d0309","content_type":"test
        content type","value":"test value","tags":{"tag1":"tag1","tag2":"tag2"},"locked":false,"last_modified":"2022-09-15T23:48:59+00:00"},{"etag":"wKg6lm9IptK9c3msOFRD56Jse9tdgErcpFz_Y7kZNTg","key":"PYTHON_UNIT_test_key_a6af8952-54a6-11e9-b600-2816a84d0309","label":null,"content_type":"test
        content type","value":"test value","tags":{"tag1":"tag1","tag2":"tag2"},"locked":false,"last_modified":"2022-09-15T23:48:59+00:00"},{"etag":"mjQ9HKbcvmNtbTicVcsG6zGwn_JifZoAvD6iQrzaEKk","key":"PYTHON_UNIT_test_key_a6af8952-54a6-11e9-b600-2816a84d0309","label":null,"content_type":"test
        content type","value":"test value","tags":{"tag1":"tag1","tag2":"tag2"},"locked":false,"last_modified":"2022-09-15T23:48:49+00:00"},{"etag":"o6kssC8bcJ2bbMXQQ04RuHynFkk47OteecS7I4ICsek","key":"PYTHON_UNIT_test_key_a6af8952-54a6-11e9-b600-2816a84d0309","label":"test_label1_1d7b2b28-549e-11e9-b51c-2816a84d0309","content_type":"test
        content type","value":"test value","tags":{"tag1":"tag1","tag2":"tag2"},"locked":false,"last_modified":"2022-09-15T23:48:49+00:00"},{"etag":"3JO6OEwB25frsOFP91Y3XNo9LXH9ggjQxdf6ADS_S_g","key":"PYTHON_UNIT_test_key_a6af8952-54a6-11e9-b600-2816a84d0309","label":null,"content_type":"test
        content type","value":"test value","tags":{"tag1":"tag1","tag2":"tag2"},"locked":false,"last_modified":"2022-09-15T23:48:26+00:00"},{"etag":"yb58XbTM6qguCcM3ezOIWGUTodmRE247XWgaqynLwro","key":"PYTHON_UNIT_test_key_a6af8952-54a6-11e9-b600-2816a84d0309","label":"test_label1_1d7b2b28-549e-11e9-b51c-2816a84d0309","content_type":"test
        content type","value":"test value","tags":{"tag1":"tag1","tag2":"tag2"},"locked":false,"last_modified":"2022-09-15T23:48:26+00:00"},{"etag":"Wq8sRjIGZQ-_88Ot2VDhJxf-4Co55tosuh8h4tU2Hqw","key":"PYTHON_UNIT_test_key_a6af8952-54a6-11e9-b600-2816a84d0309","label":"test_label1_1d7b2b28-549e-11e9-b51c-2816a84d0309","content_type":"test
        content type","value":"test value","tags":{"tag1":"tag1","tag2":"tag2"},"locked":false,"last_modified":"2022-09-15T23:48:18+00:00"},{"etag":"zVTFEYE3wer1e8_xZHwxji8DHXHGVZThyvPW8YTu7DU","key":"PYTHON_UNIT_test_key_a6af8952-54a6-11e9-b600-2816a84d0309","label":null,"content_type":"test
        content type","value":"test value","tags":{"tag1":"tag1","tag2":"tag2"},"locked":false,"last_modified":"2022-09-15T23:48:18+00:00"}]}'
    headers:
      accept-ranges: items
      access-control-allow-credentials: 'true'
      access-control-allow-origin: '*'
      access-control-expose-headers: DNT, X-CustomHeader, Keep-Alive, User-Agent,
        X-Requested-With, If-Modified-Since, Cache-Control, Content-Type, Authorization,
        x-ms-client-request-id, x-ms-useragent, x-ms-content-sha256, x-ms-date, host,
        Accept, Accept-Datetime, Date, If-Match, If-None-Match, Sync-Token, x-ms-return-client-request-id,
        ETag, Last-Modified, Link, Memento-Datetime, retry-after-ms, x-ms-request-id,
        x-ms-client-session-id, x-ms-effective-locale, WWW-Authenticate, traceparent,
        tracestate
      connection: keep-alive
      content-type: application/vnd.microsoft.appconfig.kvset+json; charset=utf-8
      date: Thu, 15 Sep 2022 23:57:19 GMT
      server: openresty/1.17.8.2
      strict-transport-security: max-age=15724800; includeSubDomains
      sync-token: zAJw6V16=Nzo1IzEwNDk4MTc=;sn=1049817
      transfer-encoding: chunked
    status:
      code: 200
      message: OK
    url: https://yallappconfigtests-azconfig-net.azconfig.io/revisions?key=PYTHON_UNIT_test_key_a6af8952-54a6-11e9-b600-2816a84d0309&api-version=1.0&after=MTY2MzI4NjE3MjtVaHctNG5tLW5Rb3Q3Z3VxblJoQWRFS0RhR09DQldRbm1zcUVUTnVkX3Bn
- request:
    body: ''
    headers:
      Accept:
      - application/vnd.microsoft.appconfig.kvset+json, application/json, application/problem+json
      Sync-Token:
      - zAJw6V16=Nzo1IzEwNDk4MTc=
      User-Agent:
      - azsdk-python-appconfiguration/1.4.0 Python/3.9.2 (Windows-10-10.0.22000-SP0)
      x-ms-content-sha256:
      - 47DEQpj8HBSa+/TImW+5JCeuQeRkm5NMpJWZG3hSuFU=
      x-ms-date:
      - Sep, 15 2022 23:57:20.172100 GMT
    method: GET
    uri: https://fake_app_config.azconfig-test.io/kv?api-version=1.0
  response:
    body:
      string: '{"items":[{"etag":"Ub1xhkbzW1VotHBrd1tCso2L3dMGUuFainTQn6DHmhk","key":"PYTHON_UNIT_test_key_a6af8952-54a6-11e9-b600-2816a84d0309","label":null,"content_type":"test
        content type","value":"test value","tags":{"tag1":"tag1","tag2":"tag2"},"locked":false,"last_modified":"2022-09-15T23:57:19+00:00"},{"etag":"AAj6xpYzEpXX7ViBMexS5Khj-yjaUXhUZRHPKJUIrHs","key":"PYTHON_UNIT_test_key_a6af8952-54a6-11e9-b600-2816a84d0309","label":"test_label1_1d7b2b28-549e-11e9-b51c-2816a84d0309","content_type":"test
        content type","value":"test value","tags":{"tag1":"tag1","tag2":"tag2"},"locked":false,"last_modified":"2022-09-15T23:57:19+00:00"}]}'
    headers:
      access-control-allow-credentials: 'true'
      access-control-allow-origin: '*'
      access-control-expose-headers: DNT, X-CustomHeader, Keep-Alive, User-Agent,
        X-Requested-With, If-Modified-Since, Cache-Control, Content-Type, Authorization,
        x-ms-client-request-id, x-ms-useragent, x-ms-content-sha256, x-ms-date, host,
        Accept, Accept-Datetime, Date, If-Match, If-None-Match, Sync-Token, x-ms-return-client-request-id,
        ETag, Last-Modified, Link, Memento-Datetime, retry-after-ms, x-ms-request-id,
        x-ms-client-session-id, x-ms-effective-locale, WWW-Authenticate, traceparent,
        tracestate
      connection: keep-alive
      content-type: application/vnd.microsoft.appconfig.kvset+json; charset=utf-8
      date: Thu, 15 Sep 2022 23:57:20 GMT
      server: openresty/1.17.8.2
      strict-transport-security: max-age=15724800; includeSubDomains
      sync-token: zAJw6V16=Nzo1IzEwNDk4MTc=;sn=1049817
      transfer-encoding: chunked
    status:
      code: 200
      message: OK
    url: https://yallappconfigtests-azconfig-net.azconfig.io/kv?api-version=1.0
- request:
    body: ''
    headers:
      Accept:
      - application/vnd.microsoft.appconfig.kv+json, application/json, application/problem+json
      Sync-Token:
      - zAJw6V16=Nzo1IzEwNDk4MTc=
      User-Agent:
      - azsdk-python-appconfiguration/1.4.0 Python/3.9.2 (Windows-10-10.0.22000-SP0)
      x-ms-content-sha256:
      - 47DEQpj8HBSa+/TImW+5JCeuQeRkm5NMpJWZG3hSuFU=
      x-ms-date:
      - Sep, 15 2022 23:57:20.201714 GMT
    method: DELETE
    uri: https://fake_app_config.azconfig-test.io/kv/PYTHON_UNIT_test_key_a6af8952-54a6-11e9-b600-2816a84d0309?api-version=1.0
  response:
    body:
      string: '{"etag":"Ub1xhkbzW1VotHBrd1tCso2L3dMGUuFainTQn6DHmhk","key":"PYTHON_UNIT_test_key_a6af8952-54a6-11e9-b600-2816a84d0309","label":null,"content_type":"test
        content type","value":"test value","tags":{"tag1":"tag1","tag2":"tag2"},"locked":false,"last_modified":"2022-09-15T23:57:19+00:00"}'
    headers:
      access-control-allow-credentials: 'true'
      access-control-allow-origin: '*'
      access-control-expose-headers: DNT, X-CustomHeader, Keep-Alive, User-Agent,
        X-Requested-With, If-Modified-Since, Cache-Control, Content-Type, Authorization,
        x-ms-client-request-id, x-ms-useragent, x-ms-content-sha256, x-ms-date, host,
        Accept, Accept-Datetime, Date, If-Match, If-None-Match, Sync-Token, x-ms-return-client-request-id,
        ETag, Last-Modified, Link, Memento-Datetime, retry-after-ms, x-ms-request-id,
        x-ms-client-session-id, x-ms-effective-locale, WWW-Authenticate, traceparent,
        tracestate
      connection: keep-alive
      content-type: application/vnd.microsoft.appconfig.kv+json; charset=utf-8
      date: Thu, 15 Sep 2022 23:57:20 GMT
      etag: '"Ub1xhkbzW1VotHBrd1tCso2L3dMGUuFainTQn6DHmhk"'
      last-modified: Thu, 15 Sep 2022 23:57:19 GMT
      server: openresty/1.17.8.2
      strict-transport-security: max-age=15724800; includeSubDomains
      sync-token: zAJw6V16=Nzo1IzEwNDk4MTg=;sn=1049818
      transfer-encoding: chunked
    status:
      code: 200
      message: OK
    url: https://yallappconfigtests-azconfig-net.azconfig.io/kv/PYTHON_UNIT_test_key_a6af8952-54a6-11e9-b600-2816a84d0309?api-version=1.0
- request:
    body: ''
    headers:
      Accept:
      - application/vnd.microsoft.appconfig.kv+json, application/json, application/problem+json
      Sync-Token:
      - zAJw6V16=Nzo1IzEwNDk4MTg=
      User-Agent:
      - azsdk-python-appconfiguration/1.4.0 Python/3.9.2 (Windows-10-10.0.22000-SP0)
      x-ms-content-sha256:
      - 47DEQpj8HBSa+/TImW+5JCeuQeRkm5NMpJWZG3hSuFU=
      x-ms-date:
      - Sep, 15 2022 23:57:20.241951 GMT
    method: DELETE
    uri: https://fake_app_config.azconfig-test.io/kv/PYTHON_UNIT_test_key_a6af8952-54a6-11e9-b600-2816a84d0309?label=test_label1_1d7b2b28-549e-11e9-b51c-2816a84d0309&api-version=1.0
  response:
    body:
      string: '{"etag":"AAj6xpYzEpXX7ViBMexS5Khj-yjaUXhUZRHPKJUIrHs","key":"PYTHON_UNIT_test_key_a6af8952-54a6-11e9-b600-2816a84d0309","label":"test_label1_1d7b2b28-549e-11e9-b51c-2816a84d0309","content_type":"test
        content type","value":"test value","tags":{"tag1":"tag1","tag2":"tag2"},"locked":false,"last_modified":"2022-09-15T23:57:19+00:00"}'
    headers:
      access-control-allow-credentials: 'true'
      access-control-allow-origin: '*'
      access-control-expose-headers: DNT, X-CustomHeader, Keep-Alive, User-Agent,
        X-Requested-With, If-Modified-Since, Cache-Control, Content-Type, Authorization,
        x-ms-client-request-id, x-ms-useragent, x-ms-content-sha256, x-ms-date, host,
        Accept, Accept-Datetime, Date, If-Match, If-None-Match, Sync-Token, x-ms-return-client-request-id,
        ETag, Last-Modified, Link, Memento-Datetime, retry-after-ms, x-ms-request-id,
        x-ms-client-session-id, x-ms-effective-locale, WWW-Authenticate, traceparent,
        tracestate
      connection: keep-alive
      content-type: application/vnd.microsoft.appconfig.kv+json; charset=utf-8
      date: Thu, 15 Sep 2022 23:57:20 GMT
      etag: '"AAj6xpYzEpXX7ViBMexS5Khj-yjaUXhUZRHPKJUIrHs"'
      last-modified: Thu, 15 Sep 2022 23:57:19 GMT
      server: openresty/1.17.8.2
      strict-transport-security: max-age=15724800; includeSubDomains
      sync-token: zAJw6V16=Nzo1IzEwNDk4MTk=;sn=1049819
      transfer-encoding: chunked
    status:
      code: 200
      message: OK
    url: https://yallappconfigtests-azconfig-net.azconfig.io/kv/PYTHON_UNIT_test_key_a6af8952-54a6-11e9-b600-2816a84d0309?label=test_label1_1d7b2b28-549e-11e9-b51c-2816a84d0309&api-version=1.0
version: 1
