interactions:
- request:
    body: null
    headers:
      Accept:
      - application/vnd.microsoft.appconfig.kvset+json, application/json, application/problem+json
      Accept-Encoding:
      - gzip, deflate
      Connection:
      - keep-alive
      User-Agent:
      - azsdk-python-appconfiguration/1.4.0 Python/3.9.2 (Windows-10-10.0.22000-SP0)
    method: GET
    uri: https://fake_app_config.azconfig-test.io/kv?key=PYTHON_UNIT_test_key_a6af8952-54a6-11e9-b600-2816a84d0309&label=test_label1_1d7b2b28-549e-11e9-b51c-2816a84d0309&api-version=1.0
  response:
    body:
      string: '{"items":[]}'
    headers:
      access-control-allow-credentials:
      - 'true'
      access-control-allow-origin:
      - '*'
      access-control-expose-headers:
      - DNT, X-CustomHeader, Keep-Alive, User-Agent, X-Requested-With, If-Modified-Since,
        Cache-Control, Content-Type, Authorization, x-ms-client-request-id, x-ms-useragent,
        x-ms-content-sha256, x-ms-date, host, Accept, Accept-Datetime, Date, If-Match,
        If-None-Match, Sync-Token, x-ms-return-client-request-id, ETag, Last-Modified,
        Link, Memento-Datetime, retry-after-ms, x-ms-request-id, x-ms-client-session-id,
        x-ms-effective-locale, WWW-Authenticate, traceparent, tracestate
      connection:
      - keep-alive
      content-type:
      - application/vnd.microsoft.appconfig.kvset+json; charset=utf-8
      date:
      - Thu, 15 Sep 2022 23:56:10 GMT
      server:
      - openresty/1.17.8.2
      strict-transport-security:
      - max-age=15724800; includeSubDomains
      sync-token:
      - zAJw6V16=Nzo1IzEwNDg3ODU=;sn=1048785
      transfer-encoding:
      - chunked
    status:
      code: 200
      message: OK
- request:
    body: '{"key": "PYTHON_UNIT_test_key_a6af8952-54a6-11e9-b600-2816a84d0309", "label":
      "test_label1_1d7b2b28-549e-11e9-b51c-2816a84d0309", "content_type": "test content
      type", "value": "test value", "tags": {"tag1": "tag1", "tag2": "tag2"}}'
    headers:
      Accept:
      - application/vnd.microsoft.appconfig.kv+json, application/json, application/problem+json
      Accept-Encoding:
      - gzip, deflate
      Connection:
      - keep-alive
      Content-Length:
      - '231'
      Content-Type:
      - application/vnd.microsoft.appconfig.kv+json
      If-None-Match:
      - '*'
      Sync-Token:
      - zAJw6V16=Nzo1IzEwNDg3ODU=
      User-Agent:
      - azsdk-python-appconfiguration/1.4.0 Python/3.9.2 (Windows-10-10.0.22000-SP0)
    method: PUT
    uri: https://fake_app_config.azconfig-test.io/kv/PYTHON_UNIT_test_key_a6af8952-54a6-11e9-b600-2816a84d0309?label=test_label1_1d7b2b28-549e-11e9-b51c-2816a84d0309&api-version=1.0
  response:
    body:
      string: '{"etag":"LYeGWP6K1TxL6iyAeCQD8PhaQJ1c2AD1FiB_jM9iq5w","key":"PYTHON_UNIT_test_key_a6af8952-54a6-11e9-b600-2816a84d0309","label":"test_label1_1d7b2b28-549e-11e9-b51c-2816a84d0309","content_type":"test
        content type","value":"test value","tags":{"tag1":"tag1","tag2":"tag2"},"locked":false,"last_modified":"2022-09-15T23:56:10+00:00"}'
    headers:
      access-control-allow-credentials:
      - 'true'
      access-control-allow-origin:
      - '*'
      access-control-expose-headers:
      - DNT, X-CustomHeader, Keep-Alive, User-Agent, X-Requested-With, If-Modified-Since,
        Cache-Control, Content-Type, Authorization, x-ms-client-request-id, x-ms-useragent,
        x-ms-content-sha256, x-ms-date, host, Accept, Accept-Datetime, Date, If-Match,
        If-None-Match, Sync-Token, x-ms-return-client-request-id, ETag, Last-Modified,
        Link, Memento-Datetime, retry-after-ms, x-ms-request-id, x-ms-client-session-id,
        x-ms-effective-locale, WWW-Authenticate, traceparent, tracestate
      connection:
      - keep-alive
      content-type:
      - application/vnd.microsoft.appconfig.kv+json; charset=utf-8
      date:
      - Thu, 15 Sep 2022 23:56:10 GMT
      etag:
      - '"LYeGWP6K1TxL6iyAeCQD8PhaQJ1c2AD1FiB_jM9iq5w"'
      last-modified:
      - Thu, 15 Sep 2022 23:56:10 GMT
      server:
      - openresty/1.17.8.2
      strict-transport-security:
      - max-age=15724800; includeSubDomains
      sync-token:
      - zAJw6V16=Nzo1IzEwNDg3ODY=;sn=1048786
      transfer-encoding:
      - chunked
    status:
      code: 200
      message: OK
- request:
    body: null
    headers:
      Accept:
      - application/vnd.microsoft.appconfig.kvset+json, application/json, application/problem+json
      Accept-Encoding:
      - gzip, deflate
      Connection:
      - keep-alive
      Sync-Token:
      - zAJw6V16=Nzo1IzEwNDg3ODY=
      User-Agent:
      - azsdk-python-appconfiguration/1.4.0 Python/3.9.2 (Windows-10-10.0.22000-SP0)
    method: GET
    uri: https://fake_app_config.azconfig-test.io/kv?key=PYTHON_UNIT_test_key_a6af8952-54a6-11e9-b600-2816a84d0309&api-version=1.0
  response:
    body:
      string: '{"items":[{"etag":"LYeGWP6K1TxL6iyAeCQD8PhaQJ1c2AD1FiB_jM9iq5w","key":"PYTHON_UNIT_test_key_a6af8952-54a6-11e9-b600-2816a84d0309","label":"test_label1_1d7b2b28-549e-11e9-b51c-2816a84d0309","content_type":"test
        content type","value":"test value","tags":{"tag1":"tag1","tag2":"tag2"},"locked":false,"last_modified":"2022-09-15T23:56:10+00:00"}]}'
    headers:
      access-control-allow-credentials:
      - 'true'
      access-control-allow-origin:
      - '*'
      access-control-expose-headers:
      - DNT, X-CustomHeader, Keep-Alive, User-Agent, X-Requested-With, If-Modified-Since,
        Cache-Control, Content-Type, Authorization, x-ms-client-request-id, x-ms-useragent,
        x-ms-content-sha256, x-ms-date, host, Accept, Accept-Datetime, Date, If-Match,
        If-None-Match, Sync-Token, x-ms-return-client-request-id, ETag, Last-Modified,
        Link, Memento-Datetime, retry-after-ms, x-ms-request-id, x-ms-client-session-id,
        x-ms-effective-locale, WWW-Authenticate, traceparent, tracestate
      connection:
      - keep-alive
      content-type:
      - application/vnd.microsoft.appconfig.kvset+json; charset=utf-8
      date:
      - Thu, 15 Sep 2022 23:56:10 GMT
      server:
      - openresty/1.17.8.2
      strict-transport-security:
      - max-age=15724800; includeSubDomains
      sync-token:
      - zAJw6V16=Nzo1IzEwNDg3ODc=;sn=1048787
      transfer-encoding:
      - chunked
    status:
      code: 200
      message: OK
- request:
    body: null
    headers:
      Accept:
      - application/vnd.microsoft.appconfig.kv+json, application/json, application/problem+json
      Accept-Encoding:
      - gzip, deflate
      Connection:
      - keep-alive
      Content-Length:
      - '0'
      Sync-Token:
      - zAJw6V16=Nzo1IzEwNDg3ODc=
      User-Agent:
      - azsdk-python-appconfiguration/1.4.0 Python/3.9.2 (Windows-10-10.0.22000-SP0)
    method: DELETE
    uri: https://fake_app_config.azconfig-test.io/kv/PYTHON_UNIT_test_key_a6af8952-54a6-11e9-b600-2816a84d0309?api-version=1.0
  response:
    body:
      string: ''
    headers:
      access-control-allow-credentials:
      - 'true'
      access-control-allow-origin:
      - '*'
      access-control-expose-headers:
      - DNT, X-CustomHeader, Keep-Alive, User-Agent, X-Requested-With, If-Modified-Since,
        Cache-Control, Content-Type, Authorization, x-ms-client-request-id, x-ms-useragent,
        x-ms-content-sha256, x-ms-date, host, Accept, Accept-Datetime, Date, If-Match,
        If-None-Match, Sync-Token, x-ms-return-client-request-id, ETag, Last-Modified,
        Link, Memento-Datetime, retry-after-ms, x-ms-request-id, x-ms-client-session-id,
        x-ms-effective-locale, WWW-Authenticate, traceparent, tracestate
      connection:
      - keep-alive
      content-type:
      - application/vnd.microsoft.appconfig.kv+json; charset=utf-8
      date:
      - Thu, 15 Sep 2022 23:56:10 GMT
      server:
      - openresty/1.17.8.2
      strict-transport-security:
      - max-age=15724800; includeSubDomains
    status:
      code: 204
      message: No Content
- request:
    body: '{"key": "PYTHON_UNIT_test_key_a6af8952-54a6-11e9-b600-2816a84d0309", "content_type":
      "test content type", "value": "test value", "tags": {"tag1": "tag1", "tag2":
      "tag2"}}'
    headers:
      Accept:
      - application/vnd.microsoft.appconfig.kv+json, application/json, application/problem+json
      Accept-Encoding:
      - gzip, deflate
      Connection:
      - keep-alive
      Content-Length:
      - '170'
      Content-Type:
      - application/vnd.microsoft.appconfig.kv+json
      If-None-Match:
      - '*'
      Sync-Token:
      - zAJw6V16=Nzo1IzEwNDg3ODc=
      User-Agent:
      - azsdk-python-appconfiguration/1.4.0 Python/3.9.2 (Windows-10-10.0.22000-SP0)
    method: PUT
    uri: https://fake_app_config.azconfig-test.io/kv/PYTHON_UNIT_test_key_a6af8952-54a6-11e9-b600-2816a84d0309?api-version=1.0
  response:
    body:
      string: '{"etag":"ZxM6VTpljNEbtme-mBtHtGWObF-aP5YRLXpI4TrNiSA","key":"PYTHON_UNIT_test_key_a6af8952-54a6-11e9-b600-2816a84d0309","label":null,"content_type":"test
        content type","value":"test value","tags":{"tag1":"tag1","tag2":"tag2"},"locked":false,"last_modified":"2022-09-15T23:56:10+00:00"}'
    headers:
      access-control-allow-credentials:
      - 'true'
      access-control-allow-origin:
      - '*'
      access-control-expose-headers:
      - DNT, X-CustomHeader, Keep-Alive, User-Agent, X-Requested-With, If-Modified-Since,
        Cache-Control, Content-Type, Authorization, x-ms-client-request-id, x-ms-useragent,
        x-ms-content-sha256, x-ms-date, host, Accept, Accept-Datetime, Date, If-Match,
        If-None-Match, Sync-Token, x-ms-return-client-request-id, ETag, Last-Modified,
        Link, Memento-Datetime, retry-after-ms, x-ms-request-id, x-ms-client-session-id,
        x-ms-effective-locale, WWW-Authenticate, traceparent, tracestate
      connection:
      - keep-alive
      content-type:
      - application/vnd.microsoft.appconfig.kv+json; charset=utf-8
      date:
      - Thu, 15 Sep 2022 23:56:10 GMT
      etag:
      - '"ZxM6VTpljNEbtme-mBtHtGWObF-aP5YRLXpI4TrNiSA"'
      last-modified:
      - Thu, 15 Sep 2022 23:56:10 GMT
      server:
      - openresty/1.17.8.2
      strict-transport-security:
      - max-age=15724800; includeSubDomains
      sync-token:
      - zAJw6V16=Nzo1IzEwNDg3ODg=;sn=1048788
      transfer-encoding:
      - chunked
    status:
      code: 200
      message: OK
- request:
    body: null
    headers:
      Accept:
      - application/vnd.microsoft.appconfig.kvset+json, application/json, application/problem+json
      Accept-Encoding:
      - gzip, deflate
      Connection:
      - keep-alive
      Sync-Token:
      - zAJw6V16=Nzo1IzEwNDg3ODg=
      User-Agent:
      - azsdk-python-appconfiguration/1.4.0 Python/3.9.2 (Windows-10-10.0.22000-SP0)
    method: GET
    uri: https://fake_app_config.azconfig-test.io/kv?label=test_label1_1d7b2b28-549e-11e9-b51c-2816a84d0309&api-version=1.0
  response:
    body:
      string: '{"items":[{"etag":"LYeGWP6K1TxL6iyAeCQD8PhaQJ1c2AD1FiB_jM9iq5w","key":"PYTHON_UNIT_test_key_a6af8952-54a6-11e9-b600-2816a84d0309","label":"test_label1_1d7b2b28-549e-11e9-b51c-2816a84d0309","content_type":"test
        content type","value":"test value","tags":{"tag1":"tag1","tag2":"tag2"},"locked":false,"last_modified":"2022-09-15T23:56:10+00:00"}]}'
    headers:
      access-control-allow-credentials:
      - 'true'
      access-control-allow-origin:
      - '*'
      access-control-expose-headers:
      - DNT, X-CustomHeader, Keep-Alive, User-Agent, X-Requested-With, If-Modified-Since,
        Cache-Control, Content-Type, Authorization, x-ms-client-request-id, x-ms-useragent,
        x-ms-content-sha256, x-ms-date, host, Accept, Accept-Datetime, Date, If-Match,
        If-None-Match, Sync-Token, x-ms-return-client-request-id, ETag, Last-Modified,
        Link, Memento-Datetime, retry-after-ms, x-ms-request-id, x-ms-client-session-id,
        x-ms-effective-locale, WWW-Authenticate, traceparent, tracestate
      connection:
      - keep-alive
      content-type:
      - application/vnd.microsoft.appconfig.kvset+json; charset=utf-8
      date:
      - Thu, 15 Sep 2022 23:56:10 GMT
      server:
      - openresty/1.17.8.2
      strict-transport-security:
      - max-age=15724800; includeSubDomains
      sync-token:
      - zAJw6V16=Nzo1IzEwNDg3ODk=;sn=1048789
      transfer-encoding:
      - chunked
    status:
      code: 200
      message: OK
- request:
    body: null
    headers:
      Accept:
      - application/vnd.microsoft.appconfig.kvset+json, application/json, application/problem+json
      Accept-Encoding:
      - gzip, deflate
      Connection:
      - keep-alive
      Sync-Token:
      - zAJw6V16=Nzo1IzEwNDg3ODk=
      User-Agent:
      - azsdk-python-appconfiguration/1.4.0 Python/3.9.2 (Windows-10-10.0.22000-SP0)
    method: GET
    uri: https://fake_app_config.azconfig-test.io/kv?api-version=1.0
  response:
    body:
      string: '{"items":[{"etag":"ZxM6VTpljNEbtme-mBtHtGWObF-aP5YRLXpI4TrNiSA","key":"PYTHON_UNIT_test_key_a6af8952-54a6-11e9-b600-2816a84d0309","label":null,"content_type":"test
        content type","value":"test value","tags":{"tag1":"tag1","tag2":"tag2"},"locked":false,"last_modified":"2022-09-15T23:56:10+00:00"},{"etag":"LYeGWP6K1TxL6iyAeCQD8PhaQJ1c2AD1FiB_jM9iq5w","key":"PYTHON_UNIT_test_key_a6af8952-54a6-11e9-b600-2816a84d0309","label":"test_label1_1d7b2b28-549e-11e9-b51c-2816a84d0309","content_type":"test
        content type","value":"test value","tags":{"tag1":"tag1","tag2":"tag2"},"locked":false,"last_modified":"2022-09-15T23:56:10+00:00"}]}'
    headers:
      access-control-allow-credentials:
      - 'true'
      access-control-allow-origin:
      - '*'
      access-control-expose-headers:
      - DNT, X-CustomHeader, Keep-Alive, User-Agent, X-Requested-With, If-Modified-Since,
        Cache-Control, Content-Type, Authorization, x-ms-client-request-id, x-ms-useragent,
        x-ms-content-sha256, x-ms-date, host, Accept, Accept-Datetime, Date, If-Match,
        If-None-Match, Sync-Token, x-ms-return-client-request-id, ETag, Last-Modified,
        Link, Memento-Datetime, retry-after-ms, x-ms-request-id, x-ms-client-session-id,
        x-ms-effective-locale, WWW-Authenticate, traceparent, tracestate
      connection:
      - keep-alive
      content-type:
      - application/vnd.microsoft.appconfig.kvset+json; charset=utf-8
      date:
      - Thu, 15 Sep 2022 23:56:10 GMT
      server:
      - openresty/1.17.8.2
      strict-transport-security:
      - max-age=15724800; includeSubDomains
      sync-token:
      - zAJw6V16=Nzo1IzEwNDg3ODk=;sn=1048789
      transfer-encoding:
      - chunked
    status:
      code: 200
      message: OK
- request:
    body: null
    headers:
      Accept:
      - application/vnd.microsoft.appconfig.kv+json, application/json, application/problem+json
      Accept-Encoding:
      - gzip, deflate
      Connection:
      - keep-alive
      Content-Length:
      - '0'
      Sync-Token:
      - zAJw6V16=Nzo1IzEwNDg3ODk=
      User-Agent:
      - azsdk-python-appconfiguration/1.4.0 Python/3.9.2 (Windows-10-10.0.22000-SP0)
    method: DELETE
    uri: https://fake_app_config.azconfig-test.io/kv/PYTHON_UNIT_test_key_a6af8952-54a6-11e9-b600-2816a84d0309?api-version=1.0
  response:
    body:
      string: '{"etag":"ZxM6VTpljNEbtme-mBtHtGWObF-aP5YRLXpI4TrNiSA","key":"PYTHON_UNIT_test_key_a6af8952-54a6-11e9-b600-2816a84d0309","label":null,"content_type":"test
        content type","value":"test value","tags":{"tag1":"tag1","tag2":"tag2"},"locked":false,"last_modified":"2022-09-15T23:56:10+00:00"}'
    headers:
      access-control-allow-credentials:
      - 'true'
      access-control-allow-origin:
      - '*'
      access-control-expose-headers:
      - DNT, X-CustomHeader, Keep-Alive, User-Agent, X-Requested-With, If-Modified-Since,
        Cache-Control, Content-Type, Authorization, x-ms-client-request-id, x-ms-useragent,
        x-ms-content-sha256, x-ms-date, host, Accept, Accept-Datetime, Date, If-Match,
        If-None-Match, Sync-Token, x-ms-return-client-request-id, ETag, Last-Modified,
        Link, Memento-Datetime, retry-after-ms, x-ms-request-id, x-ms-client-session-id,
        x-ms-effective-locale, WWW-Authenticate, traceparent, tracestate
      connection:
      - keep-alive
      content-type:
      - application/vnd.microsoft.appconfig.kv+json; charset=utf-8
      date:
      - Thu, 15 Sep 2022 23:56:10 GMT
      etag:
      - '"ZxM6VTpljNEbtme-mBtHtGWObF-aP5YRLXpI4TrNiSA"'
      last-modified:
      - Thu, 15 Sep 2022 23:56:10 GMT
      server:
      - openresty/1.17.8.2
      strict-transport-security:
      - max-age=15724800; includeSubDomains
      sync-token:
      - zAJw6V16=Nzo1IzEwNDg3OTA=;sn=1048790
      transfer-encoding:
      - chunked
    status:
      code: 200
      message: OK
- request:
    body: null
    headers:
      Accept:
      - application/vnd.microsoft.appconfig.kv+json, application/json, application/problem+json
      Accept-Encoding:
      - gzip, deflate
      Connection:
      - keep-alive
      Content-Length:
      - '0'
      Sync-Token:
      - zAJw6V16=Nzo1IzEwNDg3OTA=
      User-Agent:
      - azsdk-python-appconfiguration/1.4.0 Python/3.9.2 (Windows-10-10.0.22000-SP0)
    method: DELETE
    uri: https://fake_app_config.azconfig-test.io/kv/PYTHON_UNIT_test_key_a6af8952-54a6-11e9-b600-2816a84d0309?label=test_label1_1d7b2b28-549e-11e9-b51c-2816a84d0309&api-version=1.0
  response:
    body:
      string: '{"etag":"LYeGWP6K1TxL6iyAeCQD8PhaQJ1c2AD1FiB_jM9iq5w","key":"PYTHON_UNIT_test_key_a6af8952-54a6-11e9-b600-2816a84d0309","label":"test_label1_1d7b2b28-549e-11e9-b51c-2816a84d0309","content_type":"test
        content type","value":"test value","tags":{"tag1":"tag1","tag2":"tag2"},"locked":false,"last_modified":"2022-09-15T23:56:10+00:00"}'
    headers:
      access-control-allow-credentials:
      - 'true'
      access-control-allow-origin:
      - '*'
      access-control-expose-headers:
      - DNT, X-CustomHeader, Keep-Alive, User-Agent, X-Requested-With, If-Modified-Since,
        Cache-Control, Content-Type, Authorization, x-ms-client-request-id, x-ms-useragent,
        x-ms-content-sha256, x-ms-date, host, Accept, Accept-Datetime, Date, If-Match,
        If-None-Match, Sync-Token, x-ms-return-client-request-id, ETag, Last-Modified,
        Link, Memento-Datetime, retry-after-ms, x-ms-request-id, x-ms-client-session-id,
        x-ms-effective-locale, WWW-Authenticate, traceparent, tracestate
      connection:
      - keep-alive
      content-type:
      - application/vnd.microsoft.appconfig.kv+json; charset=utf-8
      date:
      - Thu, 15 Sep 2022 23:56:10 GMT
      etag:
      - '"LYeGWP6K1TxL6iyAeCQD8PhaQJ1c2AD1FiB_jM9iq5w"'
      last-modified:
      - Thu, 15 Sep 2022 23:56:10 GMT
      server:
      - openresty/1.17.8.2
      strict-transport-security:
      - max-age=15724800; includeSubDomains
      sync-token:
      - zAJw6V16=Nzo1IzEwNDg3OTE=;sn=1048791
      transfer-encoding:
      - chunked
    status:
      code: 200
      message: OK
version: 1
