interactions:
- request:
    body: null
    headers:
      Accept:
      - application/vnd.microsoft.appconfig.kvset+json
      Accept-Encoding:
      - gzip, deflate
      Connection:
      - keep-alive
      User-Agent:
      - azsdk-python-appconfiguration/1.0.0b6 Python/3.7.2 (Windows-10-10.0.18362-SP0)
      x-ms-content-sha256:
      - 47DEQpj8HBSa+/TImW+5JCeuQeRkm5NMpJWZG3hSuFU=
      x-ms-date:
      - Nov, 27 2019 18:48:15 GMT
    method: GET
    uri: https://xyazconfig.azconfig.io/kv?key=PYTHON_UNIT_test_key_a6af8952-54a6-11e9-b600-2816a84d0309&label=test_label1_1d7b2b28-549e-11e9-b51c-2816a84d0309&api-version=1.0
  response:
    body:
      string: '{"items":[]}'
    headers:
      access-control-allow-credentials:
      - 'true'
      access-control-allow-headers:
      - DNT, X-CustomHeader, Keep-Alive, User-Agent, X-Requested-With, If-Modified-Since,
        Cache-Control, Content-Type, Authorization, x-ms-client-request-id, x-ms-content-sha256,
        x-ms-date, host, Accept, Accept-Datetime, Date, If-Match, If-None-Match, Sync-Token,
        x-ms-return-client-request-id, ETag, Last-Modified, Link, Memento-Datetime,
        x-ms-retry-after, x-ms-request-id, WWW-Authenticate
      access-control-allow-methods:
      - GET, PUT, POST, DELETE, PATCH, OPTIONS
      access-control-allow-origin:
      - '*'
      access-control-expose-headers:
      - DNT, X-CustomHeader, Keep-Alive, User-Agent, X-Requested-With, If-Modified-Since,
        Cache-Control, Content-Type, Authorization, x-ms-client-request-id, x-ms-content-sha256,
        x-ms-date, host, Accept, Accept-Datetime, Date, If-Match, If-None-Match, Sync-Token,
        x-ms-return-client-request-id, ETag, Last-Modified, Link, Memento-Datetime,
        x-ms-retry-after, x-ms-request-id, WWW-Authenticate
      connection:
      - keep-alive
      content-type:
      - application/vnd.microsoft.appconfig.kvset+json; charset=utf-8
      date:
      - Wed, 27 Nov 2019 18:48:15 GMT
      server:
      - openresty/1.15.8.1
      strict-transport-security:
      - max-age=15724800; includeSubDomains
      transfer-encoding:
      - chunked
    status:
      code: 200
      message: OK
- request:
    body: '{"key": "PYTHON_UNIT_test_key_a6af8952-54a6-11e9-b600-2816a84d0309", "label":
      "test_label1_1d7b2b28-549e-11e9-b51c-2816a84d0309", "content_type": "test content
      type", "value": "test value", "tags": {"tag1": "tag1", "tag2": "tag2"}}'
    headers:
      Accept:
      - application/vnd.microsoft.appconfig.kv+json
      Accept-Encoding:
      - gzip, deflate
      Connection:
      - keep-alive
      Content-Length:
      - '231'
      Content-Type:
      - application/json; charset=utf-8
      If-None-Match:
      - '*'
      User-Agent:
      - azsdk-python-appconfiguration/1.0.0b6 Python/3.7.2 (Windows-10-10.0.18362-SP0)
      x-ms-content-sha256:
      - 5b/E4qQlXHTRod+n+f+xjK6c/tRVR8uxoC62FjvGJPw=
      x-ms-date:
      - Nov, 27 2019 18:48:15 GMT
    method: PUT
    uri: https://xyazconfig.azconfig.io/kv/PYTHON_UNIT_test_key_a6af8952-54a6-11e9-b600-2816a84d0309?label=test_label1_1d7b2b28-549e-11e9-b51c-2816a84d0309&api-version=1.0
  response:
    body:
      string: '{"etag":"37YQaij3e7IssPwlK8MoU3z7kiy","key":"PYTHON_UNIT_test_key_a6af8952-54a6-11e9-b600-2816a84d0309","label":"test_label1_1d7b2b28-549e-11e9-b51c-2816a84d0309","content_type":"test
        content type","value":"test value","tags":{"tag1":"tag1","tag2":"tag2"},"locked":false,"last_modified":"2019-11-27T18:48:16+00:00"}'
    headers:
      access-control-allow-credentials:
      - 'true'
      access-control-allow-headers:
      - DNT, X-CustomHeader, Keep-Alive, User-Agent, X-Requested-With, If-Modified-Since,
        Cache-Control, Content-Type, Authorization, x-ms-client-request-id, x-ms-content-sha256,
        x-ms-date, host, Accept, Accept-Datetime, Date, If-Match, If-None-Match, Sync-Token,
        x-ms-return-client-request-id, ETag, Last-Modified, Link, Memento-Datetime,
        x-ms-retry-after, x-ms-request-id, WWW-Authenticate
      access-control-allow-methods:
      - GET, PUT, POST, DELETE, PATCH, OPTIONS
      access-control-allow-origin:
      - '*'
      access-control-expose-headers:
      - DNT, X-CustomHeader, Keep-Alive, User-Agent, X-Requested-With, If-Modified-Since,
        Cache-Control, Content-Type, Authorization, x-ms-client-request-id, x-ms-content-sha256,
        x-ms-date, host, Accept, Accept-Datetime, Date, If-Match, If-None-Match, Sync-Token,
        x-ms-return-client-request-id, ETag, Last-Modified, Link, Memento-Datetime,
        x-ms-retry-after, x-ms-request-id, WWW-Authenticate
      connection:
      - keep-alive
      content-type:
      - application/vnd.microsoft.appconfig.kv+json; charset=utf-8
      date:
      - Wed, 27 Nov 2019 18:48:16 GMT
      etag:
      - '"37YQaij3e7IssPwlK8MoU3z7kiy"'
      last-modified:
      - Wed, 27 Nov 2019 18:48:16 GMT
      server:
      - openresty/1.15.8.1
      strict-transport-security:
      - max-age=15724800; includeSubDomains
      sync-token:
      - zAJw6V16=MzotMSM4ODIzMjg=;sn=882328
      transfer-encoding:
      - chunked
    status:
      code: 200
      message: OK
- request:
    body: null
    headers:
      Accept:
      - application/vnd.microsoft.appconfig.kvset+json
      Accept-Encoding:
      - gzip, deflate
      Connection:
      - keep-alive
      Sync-Token:
      - zAJw6V16=MzotMSM4ODIzMjg=
      User-Agent:
      - azsdk-python-appconfiguration/1.0.0b6 Python/3.7.2 (Windows-10-10.0.18362-SP0)
      x-ms-content-sha256:
      - 47DEQpj8HBSa+/TImW+5JCeuQeRkm5NMpJWZG3hSuFU=
      x-ms-date:
      - Nov, 27 2019 18:48:16 GMT
    method: GET
    uri: https://xyazconfig.azconfig.io/kv?key=PYTHON_UNIT_test_key_a6af8952-54a6-11e9-b600-2816a84d0309&api-version=1.0
  response:
    body:
      string: '{"items":[{"etag":"37YQaij3e7IssPwlK8MoU3z7kiy","key":"PYTHON_UNIT_test_key_a6af8952-54a6-11e9-b600-2816a84d0309","label":"test_label1_1d7b2b28-549e-11e9-b51c-2816a84d0309","content_type":"test
        content type","value":"test value","tags":{"tag1":"tag1","tag2":"tag2"},"locked":false,"last_modified":"2019-11-27T18:48:16+00:00"}]}'
    headers:
      access-control-allow-credentials:
      - 'true'
      access-control-allow-headers:
      - DNT, X-CustomHeader, Keep-Alive, User-Agent, X-Requested-With, If-Modified-Since,
        Cache-Control, Content-Type, Authorization, x-ms-client-request-id, x-ms-content-sha256,
        x-ms-date, host, Accept, Accept-Datetime, Date, If-Match, If-None-Match, Sync-Token,
        x-ms-return-client-request-id, ETag, Last-Modified, Link, Memento-Datetime,
        x-ms-retry-after, x-ms-request-id, WWW-Authenticate
      access-control-allow-methods:
      - GET, PUT, POST, DELETE, PATCH, OPTIONS
      access-control-allow-origin:
      - '*'
      access-control-expose-headers:
      - DNT, X-CustomHeader, Keep-Alive, User-Agent, X-Requested-With, If-Modified-Since,
        Cache-Control, Content-Type, Authorization, x-ms-client-request-id, x-ms-content-sha256,
        x-ms-date, host, Accept, Accept-Datetime, Date, If-Match, If-None-Match, Sync-Token,
        x-ms-return-client-request-id, ETag, Last-Modified, Link, Memento-Datetime,
        x-ms-retry-after, x-ms-request-id, WWW-Authenticate
      connection:
      - keep-alive
      content-type:
      - application/vnd.microsoft.appconfig.kvset+json; charset=utf-8
      date:
      - Wed, 27 Nov 2019 18:48:16 GMT
      server:
      - openresty/1.15.8.1
      strict-transport-security:
      - max-age=15724800; includeSubDomains
      sync-token:
      - zAJw6V16=MzotMSM4ODIzMjg=;sn=882328
      transfer-encoding:
      - chunked
    status:
      code: 200
      message: OK
- request:
    body: null
    headers:
      Accept:
      - application/vnd.microsoft.appconfig.kv+json
      Accept-Encoding:
      - gzip, deflate
      Connection:
      - keep-alive
      Content-Length:
      - '0'
      Sync-Token:
      - zAJw6V16=MzotMSM4ODIzMjg=
      User-Agent:
      - azsdk-python-appconfiguration/1.0.0b6 Python/3.7.2 (Windows-10-10.0.18362-SP0)
      x-ms-content-sha256:
      - 47DEQpj8HBSa+/TImW+5JCeuQeRkm5NMpJWZG3hSuFU=
      x-ms-date:
      - Nov, 27 2019 18:48:16 GMT
    method: DELETE
    uri: https://xyazconfig.azconfig.io/kv/PYTHON_UNIT_test_key_a6af8952-54a6-11e9-b600-2816a84d0309?api-version=1.0
  response:
    body:
      string: ''
    headers:
      access-control-allow-credentials:
      - 'true'
      access-control-allow-headers:
      - DNT, X-CustomHeader, Keep-Alive, User-Agent, X-Requested-With, If-Modified-Since,
        Cache-Control, Content-Type, Authorization, x-ms-client-request-id, x-ms-content-sha256,
        x-ms-date, host, Accept, Accept-Datetime, Date, If-Match, If-None-Match, Sync-Token,
        x-ms-return-client-request-id, ETag, Last-Modified, Link, Memento-Datetime,
        x-ms-retry-after, x-ms-request-id, WWW-Authenticate
      access-control-allow-methods:
      - GET, PUT, POST, DELETE, PATCH, OPTIONS
      access-control-allow-origin:
      - '*'
      access-control-expose-headers:
      - DNT, X-CustomHeader, Keep-Alive, User-Agent, X-Requested-With, If-Modified-Since,
        Cache-Control, Content-Type, Authorization, x-ms-client-request-id, x-ms-content-sha256,
        x-ms-date, host, Accept, Accept-Datetime, Date, If-Match, If-None-Match, Sync-Token,
        x-ms-return-client-request-id, ETag, Last-Modified, Link, Memento-Datetime,
        x-ms-retry-after, x-ms-request-id, WWW-Authenticate
      connection:
      - keep-alive
      content-type:
      - application/vnd.microsoft.appconfig.kv+json; charset=utf-8
      date:
      - Wed, 27 Nov 2019 18:48:16 GMT
      server:
      - openresty/1.15.8.1
      strict-transport-security:
      - max-age=15724800; includeSubDomains
    status:
      code: 204
      message: No Content
- request:
    body: '{"key": "PYTHON_UNIT_test_key_a6af8952-54a6-11e9-b600-2816a84d0309", "content_type":
      "test content type", "value": "test value", "tags": {"tag1": "tag1", "tag2":
      "tag2"}}'
    headers:
      Accept:
      - application/vnd.microsoft.appconfig.kv+json
      Accept-Encoding:
      - gzip, deflate
      Connection:
      - keep-alive
      Content-Length:
      - '170'
      Content-Type:
      - application/json; charset=utf-8
      If-None-Match:
      - '*'
      Sync-Token:
      - zAJw6V16=MzotMSM4ODIzMjg=
      User-Agent:
      - azsdk-python-appconfiguration/1.0.0b6 Python/3.7.2 (Windows-10-10.0.18362-SP0)
      x-ms-content-sha256:
      - 4rt07HteiPg5NxofrgzMmlQPTVbo1no7aKxDSI5uUU4=
      x-ms-date:
      - Nov, 27 2019 18:48:16 GMT
    method: PUT
    uri: https://xyazconfig.azconfig.io/kv/PYTHON_UNIT_test_key_a6af8952-54a6-11e9-b600-2816a84d0309?api-version=1.0
  response:
    body:
      string: '{"etag":"C9qttBuSfBrdWAsfuen4bQcqGUB","key":"PYTHON_UNIT_test_key_a6af8952-54a6-11e9-b600-2816a84d0309","label":null,"content_type":"test
        content type","value":"test value","tags":{"tag1":"tag1","tag2":"tag2"},"locked":false,"last_modified":"2019-11-27T18:48:16+00:00"}'
    headers:
      access-control-allow-credentials:
      - 'true'
      access-control-allow-headers:
      - DNT, X-CustomHeader, Keep-Alive, User-Agent, X-Requested-With, If-Modified-Since,
        Cache-Control, Content-Type, Authorization, x-ms-client-request-id, x-ms-content-sha256,
        x-ms-date, host, Accept, Accept-Datetime, Date, If-Match, If-None-Match, Sync-Token,
        x-ms-return-client-request-id, ETag, Last-Modified, Link, Memento-Datetime,
        x-ms-retry-after, x-ms-request-id, WWW-Authenticate
      access-control-allow-methods:
      - GET, PUT, POST, DELETE, PATCH, OPTIONS
      access-control-allow-origin:
      - '*'
      access-control-expose-headers:
      - DNT, X-CustomHeader, Keep-Alive, User-Agent, X-Requested-With, If-Modified-Since,
        Cache-Control, Content-Type, Authorization, x-ms-client-request-id, x-ms-content-sha256,
        x-ms-date, host, Accept, Accept-Datetime, Date, If-Match, If-None-Match, Sync-Token,
        x-ms-return-client-request-id, ETag, Last-Modified, Link, Memento-Datetime,
        x-ms-retry-after, x-ms-request-id, WWW-Authenticate
      connection:
      - keep-alive
      content-type:
      - application/vnd.microsoft.appconfig.kv+json; charset=utf-8
      date:
      - Wed, 27 Nov 2019 18:48:16 GMT
      etag:
      - '"C9qttBuSfBrdWAsfuen4bQcqGUB"'
      last-modified:
      - Wed, 27 Nov 2019 18:48:16 GMT
      server:
      - openresty/1.15.8.1
      strict-transport-security:
      - max-age=15724800; includeSubDomains
      sync-token:
      - zAJw6V16=MzotMSM4ODIzMjk=;sn=882329
      transfer-encoding:
      - chunked
    status:
      code: 200
      message: OK
- request:
    body: '{"key": "PYTHON_UNIT_test_key_a6af8952-54a6-11e9-b600-2816a84d0309", "label":
      "test_label2_*, \\1d7b2b28-549e-11e9-b51c-2816a84d0309", "value": "test value"}'
    headers:
      Accept:
      - application/vnd.microsoft.appconfig.kv+json
      Accept-Encoding:
      - gzip, deflate
      Connection:
      - keep-alive
      Content-Length:
      - '157'
      Content-Type:
      - application/json; charset=utf-8
      If-None-Match:
      - '*'
      Sync-Token:
      - zAJw6V16=MzotMSM4ODIzMjk=
      User-Agent:
      - azsdk-python-appconfiguration/1.0.0b6 Python/3.7.2 (Windows-10-10.0.18362-SP0)
      x-ms-content-sha256:
      - N78Ugz1y+HvvdwZp64Nqb3ALEz10kEY+I3EERBsApNU=
      x-ms-date:
      - Nov, 27 2019 18:48:16 GMT
    method: PUT
    uri: https://xyazconfig.azconfig.io/kv/PYTHON_UNIT_test_key_a6af8952-54a6-11e9-b600-2816a84d0309?label=test_label2_%2A%2C%20%5C1d7b2b28-549e-11e9-b51c-2816a84d0309&api-version=1.0
  response:
    body:
      string: '{"etag":"4AEDVAbrAEI0gBULSkEQfZwDnbm","key":"PYTHON_UNIT_test_key_a6af8952-54a6-11e9-b600-2816a84d0309","label":"test_label2_*,
        \\1d7b2b28-549e-11e9-b51c-2816a84d0309","content_type":null,"value":"test
        value","tags":{},"locked":false,"last_modified":"2019-11-27T18:48:16+00:00"}'
    headers:
      access-control-allow-credentials:
      - 'true'
      access-control-allow-headers:
      - DNT, X-CustomHeader, Keep-Alive, User-Agent, X-Requested-With, If-Modified-Since,
        Cache-Control, Content-Type, Authorization, x-ms-client-request-id, x-ms-content-sha256,
        x-ms-date, host, Accept, Accept-Datetime, Date, If-Match, If-None-Match, Sync-Token,
        x-ms-return-client-request-id, ETag, Last-Modified, Link, Memento-Datetime,
        x-ms-retry-after, x-ms-request-id, WWW-Authenticate
      access-control-allow-methods:
      - GET, PUT, POST, DELETE, PATCH, OPTIONS
      access-control-allow-origin:
      - '*'
      access-control-expose-headers:
      - DNT, X-CustomHeader, Keep-Alive, User-Agent, X-Requested-With, If-Modified-Since,
        Cache-Control, Content-Type, Authorization, x-ms-client-request-id, x-ms-content-sha256,
        x-ms-date, host, Accept, Accept-Datetime, Date, If-Match, If-None-Match, Sync-Token,
        x-ms-return-client-request-id, ETag, Last-Modified, Link, Memento-Datetime,
        x-ms-retry-after, x-ms-request-id, WWW-Authenticate
      connection:
      - keep-alive
      content-type:
      - application/vnd.microsoft.appconfig.kv+json; charset=utf-8
      date:
      - Wed, 27 Nov 2019 18:48:16 GMT
      etag:
      - '"4AEDVAbrAEI0gBULSkEQfZwDnbm"'
      last-modified:
      - Wed, 27 Nov 2019 18:48:16 GMT
      server:
      - openresty/1.15.8.1
      strict-transport-security:
      - max-age=15724800; includeSubDomains
      sync-token:
      - zAJw6V16=MzotMSM4ODIzMzA=;sn=882330
      transfer-encoding:
      - chunked
    status:
      code: 200
      message: OK
- request:
    body: null
    headers:
      Accept:
      - application/vnd.microsoft.appconfig.kvset+json
      Accept-Encoding:
      - gzip, deflate
      Connection:
      - keep-alive
      Sync-Token:
      - zAJw6V16=MzotMSM4ODIzMzA=
      User-Agent:
      - azsdk-python-appconfiguration/1.0.0b6 Python/3.7.2 (Windows-10-10.0.18362-SP0)
      x-ms-content-sha256:
      - 47DEQpj8HBSa+/TImW+5JCeuQeRkm5NMpJWZG3hSuFU=
      x-ms-date:
      - Nov, 27 2019 18:48:16 GMT
    method: GET
    uri: https://xyazconfig.azconfig.io/kv?label=test_label2_%5C%2A%5C%2C%20%5C%5C1d7b2b28-549e-11e9-b51c-2816a84d0309&api-version=1.0
  response:
    body:
      string: '{"items":[{"etag":"4AEDVAbrAEI0gBULSkEQfZwDnbm","key":"PYTHON_UNIT_test_key_a6af8952-54a6-11e9-b600-2816a84d0309","label":"test_label2_*,
        \\1d7b2b28-549e-11e9-b51c-2816a84d0309","content_type":null,"value":"test
        value","tags":{},"locked":false,"last_modified":"2019-11-27T18:48:16+00:00"}]}'
    headers:
      access-control-allow-credentials:
      - 'true'
      access-control-allow-headers:
      - DNT, X-CustomHeader, Keep-Alive, User-Agent, X-Requested-With, If-Modified-Since,
        Cache-Control, Content-Type, Authorization, x-ms-client-request-id, x-ms-content-sha256,
        x-ms-date, host, Accept, Accept-Datetime, Date, If-Match, If-None-Match, Sync-Token,
        x-ms-return-client-request-id, ETag, Last-Modified, Link, Memento-Datetime,
        x-ms-retry-after, x-ms-request-id, WWW-Authenticate
      access-control-allow-methods:
      - GET, PUT, POST, DELETE, PATCH, OPTIONS
      access-control-allow-origin:
      - '*'
      access-control-expose-headers:
      - DNT, X-CustomHeader, Keep-Alive, User-Agent, X-Requested-With, If-Modified-Since,
        Cache-Control, Content-Type, Authorization, x-ms-client-request-id, x-ms-content-sha256,
        x-ms-date, host, Accept, Accept-Datetime, Date, If-Match, If-None-Match, Sync-Token,
        x-ms-return-client-request-id, ETag, Last-Modified, Link, Memento-Datetime,
        x-ms-retry-after, x-ms-request-id, WWW-Authenticate
      connection:
      - keep-alive
      content-type:
      - application/vnd.microsoft.appconfig.kvset+json; charset=utf-8
      date:
      - Wed, 27 Nov 2019 18:48:16 GMT
      server:
      - openresty/1.15.8.1
      strict-transport-security:
      - max-age=15724800; includeSubDomains
      sync-token:
      - zAJw6V16=MzotMSM4ODIzMzA=;sn=882330
      transfer-encoding:
      - chunked
    status:
      code: 200
      message: OK
- request:
    body: null
    headers:
      Accept:
      - application/vnd.microsoft.appconfig.kv+json
      Accept-Encoding:
      - gzip, deflate
      Connection:
      - keep-alive
      Content-Length:
      - '0'
      Sync-Token:
      - zAJw6V16=MzotMSM4ODIzMzA=
      User-Agent:
      - azsdk-python-appconfiguration/1.0.0b6 Python/3.7.2 (Windows-10-10.0.18362-SP0)
      x-ms-content-sha256:
      - 47DEQpj8HBSa+/TImW+5JCeuQeRkm5NMpJWZG3hSuFU=
      x-ms-date:
      - Nov, 27 2019 18:48:16 GMT
    method: DELETE
    uri: https://xyazconfig.azconfig.io/kv/PYTHON_UNIT_test_key_a6af8952-54a6-11e9-b600-2816a84d0309?label=test_label1_1d7b2b28-549e-11e9-b51c-2816a84d0309&api-version=1.0
  response:
    body:
      string: '{"etag":"37YQaij3e7IssPwlK8MoU3z7kiy","key":"PYTHON_UNIT_test_key_a6af8952-54a6-11e9-b600-2816a84d0309","label":"test_label1_1d7b2b28-549e-11e9-b51c-2816a84d0309","content_type":"test
        content type","value":"test value","tags":{"tag1":"tag1","tag2":"tag2"},"locked":false,"last_modified":"2019-11-27T18:48:16+00:00"}'
    headers:
      access-control-allow-credentials:
      - 'true'
      access-control-allow-headers:
      - DNT, X-CustomHeader, Keep-Alive, User-Agent, X-Requested-With, If-Modified-Since,
        Cache-Control, Content-Type, Authorization, x-ms-client-request-id, x-ms-content-sha256,
        x-ms-date, host, Accept, Accept-Datetime, Date, If-Match, If-None-Match, Sync-Token,
        x-ms-return-client-request-id, ETag, Last-Modified, Link, Memento-Datetime,
        x-ms-retry-after, x-ms-request-id, WWW-Authenticate
      access-control-allow-methods:
      - GET, PUT, POST, DELETE, PATCH, OPTIONS
      access-control-allow-origin:
      - '*'
      access-control-expose-headers:
      - DNT, X-CustomHeader, Keep-Alive, User-Agent, X-Requested-With, If-Modified-Since,
        Cache-Control, Content-Type, Authorization, x-ms-client-request-id, x-ms-content-sha256,
        x-ms-date, host, Accept, Accept-Datetime, Date, If-Match, If-None-Match, Sync-Token,
        x-ms-return-client-request-id, ETag, Last-Modified, Link, Memento-Datetime,
        x-ms-retry-after, x-ms-request-id, WWW-Authenticate
      connection:
      - keep-alive
      content-type:
      - application/vnd.microsoft.appconfig.kv+json; charset=utf-8
      date:
      - Wed, 27 Nov 2019 18:48:16 GMT
      etag:
      - '"37YQaij3e7IssPwlK8MoU3z7kiy"'
      last-modified:
      - Wed, 27 Nov 2019 18:48:16 GMT
      server:
      - openresty/1.15.8.1
      strict-transport-security:
      - max-age=15724800; includeSubDomains
      sync-token:
      - zAJw6V16=MzotMSM4ODIzMzE=;sn=882331
      transfer-encoding:
      - chunked
    status:
      code: 200
      message: OK
- request:
    body: null
    headers:
      Accept:
      - application/vnd.microsoft.appconfig.kv+json
      Accept-Encoding:
      - gzip, deflate
      Connection:
      - keep-alive
      Content-Length:
      - '0'
      Sync-Token:
      - zAJw6V16=MzotMSM4ODIzMzE=
      User-Agent:
      - azsdk-python-appconfiguration/1.0.0b6 Python/3.7.2 (Windows-10-10.0.18362-SP0)
      x-ms-content-sha256:
      - 47DEQpj8HBSa+/TImW+5JCeuQeRkm5NMpJWZG3hSuFU=
      x-ms-date:
      - Nov, 27 2019 18:48:16 GMT
    method: DELETE
    uri: https://xyazconfig.azconfig.io/kv/PYTHON_UNIT_test_key_a6af8952-54a6-11e9-b600-2816a84d0309?api-version=1.0
  response:
    body:
      string: '{"etag":"C9qttBuSfBrdWAsfuen4bQcqGUB","key":"PYTHON_UNIT_test_key_a6af8952-54a6-11e9-b600-2816a84d0309","label":null,"content_type":"test
        content type","value":"test value","tags":{"tag1":"tag1","tag2":"tag2"},"locked":false,"last_modified":"2019-11-27T18:48:16+00:00"}'
    headers:
      access-control-allow-credentials:
      - 'true'
      access-control-allow-headers:
      - DNT, X-CustomHeader, Keep-Alive, User-Agent, X-Requested-With, If-Modified-Since,
        Cache-Control, Content-Type, Authorization, x-ms-client-request-id, x-ms-content-sha256,
        x-ms-date, host, Accept, Accept-Datetime, Date, If-Match, If-None-Match, Sync-Token,
        x-ms-return-client-request-id, ETag, Last-Modified, Link, Memento-Datetime,
        x-ms-retry-after, x-ms-request-id, WWW-Authenticate
      access-control-allow-methods:
      - GET, PUT, POST, DELETE, PATCH, OPTIONS
      access-control-allow-origin:
      - '*'
      access-control-expose-headers:
      - DNT, X-CustomHeader, Keep-Alive, User-Agent, X-Requested-With, If-Modified-Since,
        Cache-Control, Content-Type, Authorization, x-ms-client-request-id, x-ms-content-sha256,
        x-ms-date, host, Accept, Accept-Datetime, Date, If-Match, If-None-Match, Sync-Token,
        x-ms-return-client-request-id, ETag, Last-Modified, Link, Memento-Datetime,
        x-ms-retry-after, x-ms-request-id, WWW-Authenticate
      connection:
      - keep-alive
      content-type:
      - application/vnd.microsoft.appconfig.kv+json; charset=utf-8
      date:
      - Wed, 27 Nov 2019 18:48:16 GMT
      etag:
      - '"C9qttBuSfBrdWAsfuen4bQcqGUB"'
      last-modified:
      - Wed, 27 Nov 2019 18:48:16 GMT
      server:
      - openresty/1.15.8.1
      strict-transport-security:
      - max-age=15724800; includeSubDomains
      sync-token:
      - zAJw6V16=MzotMSM4ODIzMzI=;sn=882332
      transfer-encoding:
      - chunked
    status:
      code: 200
      message: OK
- request:
    body: null
    headers:
      Accept:
      - application/vnd.microsoft.appconfig.kv+json
      Accept-Encoding:
      - gzip, deflate
      Connection:
      - keep-alive
      Content-Length:
      - '0'
      Sync-Token:
      - zAJw6V16=MzotMSM4ODIzMzI=
      User-Agent:
      - azsdk-python-appconfiguration/1.0.0b6 Python/3.7.2 (Windows-10-10.0.18362-SP0)
      x-ms-content-sha256:
      - 47DEQpj8HBSa+/TImW+5JCeuQeRkm5NMpJWZG3hSuFU=
      x-ms-date:
      - Nov, 27 2019 18:48:16 GMT
    method: DELETE
    uri: https://xyazconfig.azconfig.io/kv/PYTHON_UNIT_test_key_a6af8952-54a6-11e9-b600-2816a84d0309?label=test_label2_%2A%2C%20%5C1d7b2b28-549e-11e9-b51c-2816a84d0309&api-version=1.0
  response:
    body:
      string: '{"etag":"4AEDVAbrAEI0gBULSkEQfZwDnbm","key":"PYTHON_UNIT_test_key_a6af8952-54a6-11e9-b600-2816a84d0309","label":"test_label2_*,
        \\1d7b2b28-549e-11e9-b51c-2816a84d0309","content_type":null,"value":"test
        value","tags":{},"locked":false,"last_modified":"2019-11-27T18:48:16+00:00"}'
    headers:
      access-control-allow-credentials:
      - 'true'
      access-control-allow-headers:
      - DNT, X-CustomHeader, Keep-Alive, User-Agent, X-Requested-With, If-Modified-Since,
        Cache-Control, Content-Type, Authorization, x-ms-client-request-id, x-ms-content-sha256,
        x-ms-date, host, Accept, Accept-Datetime, Date, If-Match, If-None-Match, Sync-Token,
        x-ms-return-client-request-id, ETag, Last-Modified, Link, Memento-Datetime,
        x-ms-retry-after, x-ms-request-id, WWW-Authenticate
      access-control-allow-methods:
      - GET, PUT, POST, DELETE, PATCH, OPTIONS
      access-control-allow-origin:
      - '*'
      access-control-expose-headers:
      - DNT, X-CustomHeader, Keep-Alive, User-Agent, X-Requested-With, If-Modified-Since,
        Cache-Control, Content-Type, Authorization, x-ms-client-request-id, x-ms-content-sha256,
        x-ms-date, host, Accept, Accept-Datetime, Date, If-Match, If-None-Match, Sync-Token,
        x-ms-return-client-request-id, ETag, Last-Modified, Link, Memento-Datetime,
        x-ms-retry-after, x-ms-request-id, WWW-Authenticate
      connection:
      - keep-alive
      content-type:
      - application/vnd.microsoft.appconfig.kv+json; charset=utf-8
      date:
      - Wed, 27 Nov 2019 18:48:16 GMT
      etag:
      - '"4AEDVAbrAEI0gBULSkEQfZwDnbm"'
      last-modified:
      - Wed, 27 Nov 2019 18:48:16 GMT
      server:
      - openresty/1.15.8.1
      strict-transport-security:
      - max-age=15724800; includeSubDomains
      sync-token:
      - zAJw6V16=MzotMSM4ODIzMzM=;sn=882333
      transfer-encoding:
      - chunked
    status:
      code: 200
      message: OK
version: 1
