{
  "Entries": [
    {
      "RequestUri": "https://login.microsoftonline.com/00000000-0000-0000-0000-000000000000/oauth2/v2.0/token",
      "RequestMethod": "POST",
      "RequestHeaders": {
        "Accept": "*/*",
        "Accept-Encoding": "gzip, deflate",
        "Content-Length": "152",
        "Content-Type": "application/x-www-form-urlencoded",
        "User-Agent": "azsdk-python-identity/1.10.0 Python/3.9.2 (Windows-10-10.0.22000-SP0)"
      },
      "RequestBody": "client_id=client-id\u0026client_secret=client-secret\u0026grant_type=client_credentials\u0026scope=https%3A%2F%2Fyallappconfigtests-azconfig-net.azconfig.io%2F.default",
      "StatusCode": 200,
      "ResponseHeaders": {
        "Cache-Control": "no-store, no-cache",
        "Content-Length": "92",
        "Content-Type": "application/json; charset=utf-8",
        "Date": "Wed, 24 Aug 2022 02:13:30 GMT",
        "Expires": "-1",
        "P3P": "CP=\u0022DSP CUR OTPi IND OTRi ONL FIN\u0022",
        "Pragma": "no-cache",
        "Set-Cookie": [
          "fpc=AkrgPnF5MjpIgGq5AoW7bpzj45DWCAAAAD-Al9oOAAAA; expires=Fri, 23-Sep-2022 02:13:30 GMT; path=/; secure; HttpOnly; SameSite=None",
          "x-ms-gateway-slice=estsfd; path=/; secure; samesite=none; httponly",
          "stsservicecookie=estsfd; path=/; secure; samesite=none; httponly"
        ],
        "Strict-Transport-Security": "max-age=31536000; includeSubDomains",
        "X-Content-Type-Options": "nosniff",
        "x-ms-ests-server": "2.1.13481.12 - EUS ProdSlices",
        "X-XSS-Protection": "0"
      },
      "ResponseBody": {
        "token_type": "Bearer",
        "expires_in": 86399,
        "ext_expires_in": 86399,
        "access_token": "Sanitized"
      }
    },
    {
      "RequestUri": "https://fake_app_config.azconfig-test.io/kv?key=PYTHON_UNIT_test_key_a6af8952-54a6-11e9-b600-2816a84d0309\u0026label=test_label1_1d7b2b28-549e-11e9-b51c-2816a84d0309\u0026api-version=1.0",
      "RequestMethod": "GET",
      "RequestHeaders": {
        "Accept": "application/vnd.microsoft.appconfig.kvset\u002Bjson, application/json, application/problem\u002Bjson",
        "Accept-Encoding": "gzip, deflate",
        "User-Agent": "azsdk-python-appconfiguration/1.4.0 Python/3.9.2 (Windows-10-10.0.22000-SP0)"
      },
      "RequestBody": null,
      "StatusCode": 200,
      "ResponseHeaders": {
        "Access-Control-Allow-Credentials": "true",
        "Access-Control-Allow-Origin": "*",
        "Access-Control-Expose-Headers": "DNT, X-CustomHeader, Keep-Alive, User-Agent, X-Requested-With, If-Modified-Since, Cache-Control, Content-Type, Authorization, x-ms-client-request-id, x-ms-useragent, x-ms-content-sha256, x-ms-date, host, Accept, Accept-Datetime, Date, If-Match, If-None-Match, Sync-Token, x-ms-return-client-request-id, ETag, Last-Modified, Link, Memento-Datetime, retry-after-ms, x-ms-request-id, x-ms-client-session-id, x-ms-effective-locale, WWW-Authenticate, traceparent, tracestate",
        "Connection": "keep-alive",
        "Content-Type": "application/vnd.microsoft.appconfig.kvset\u002Bjson; charset=utf-8",
        "Date": "Wed, 24 Aug 2022 02:13:30 GMT",
        "Server": "openresty/1.17.8.2",
        "Strict-Transport-Security": "max-age=15724800; includeSubDomains",
        "Sync-Token": "zAJw6V16=NTo1IzExNjgxNDAx;sn=11681401",
        "Transfer-Encoding": "chunked",
        "x-ms-correlation-request-id": "2e2e023c-7295-462f-a612-4b7e58872fe0"
      },
      "ResponseBody": {
        "items": []
      }
    },
    {
      "RequestUri": "https://fake_app_config.azconfig-test.io/kv/PYTHON_UNIT_test_key_a6af8952-54a6-11e9-b600-2816a84d0309?label=test_label1_1d7b2b28-549e-11e9-b51c-2816a84d0309\u0026api-version=1.0",
      "RequestMethod": "PUT",
      "RequestHeaders": {
        "Accept": "application/vnd.microsoft.appconfig.kv\u002Bjson, application/json, application/problem\u002Bjson",
        "Accept-Encoding": "gzip, deflate",
        "Content-Length": "231",
        "Content-Type": "application/vnd.microsoft.appconfig.kv\u002Bjson",
        "If-None-Match": "*",
        "Sync-Token": "zAJw6V16=NTo1IzExNjgxNDAx",
        "User-Agent": "azsdk-python-appconfiguration/1.4.0 Python/3.9.2 (Windows-10-10.0.22000-SP0)"
      },
      "RequestBody": {
        "key": "PYTHON_UNIT_test_key_a6af8952-54a6-11e9-b600-2816a84d0309",
        "label": "test_label1_1d7b2b28-549e-11e9-b51c-2816a84d0309",
        "content_type": "test content type",
        "value": "test value",
        "tags": {
          "tag1": "tag1",
          "tag2": "tag2"
        }
      },
      "StatusCode": 200,
      "ResponseHeaders": {
        "Access-Control-Allow-Credentials": "true",
        "Access-Control-Allow-Origin": "*",
        "Access-Control-Expose-Headers": "DNT, X-CustomHeader, Keep-Alive, User-Agent, X-Requested-With, If-Modified-Since, Cache-Control, Content-Type, Authorization, x-ms-client-request-id, x-ms-useragent, x-ms-content-sha256, x-ms-date, host, Accept, Accept-Datetime, Date, If-Match, If-None-Match, Sync-Token, x-ms-return-client-request-id, ETag, Last-Modified, Link, Memento-Datetime, retry-after-ms, x-ms-request-id, x-ms-client-session-id, x-ms-effective-locale, WWW-Authenticate, traceparent, tracestate",
        "Connection": "keep-alive",
        "Content-Type": "application/vnd.microsoft.appconfig.kv\u002Bjson; charset=utf-8",
        "Date": "Wed, 24 Aug 2022 02:13:30 GMT",
        "ETag": "\u0022FkOojO4laLUkgPiou66vlLdA0RWWG6kmQuXVSvxZwlw\u0022",
        "Last-Modified": "Wed, 24 Aug 2022 02:13:30 GMT",
        "Server": "openresty/1.17.8.2",
        "Strict-Transport-Security": "max-age=15724800; includeSubDomains",
        "Sync-Token": "zAJw6V16=NTo1IzExNjgxNDAy;sn=11681402",
        "Transfer-Encoding": "chunked",
        "x-ms-correlation-request-id": "34998cf5-4e38-4209-bf5e-bf16271aa733"
      },
      "ResponseBody": {
        "etag": "FkOojO4laLUkgPiou66vlLdA0RWWG6kmQuXVSvxZwlw",
        "key": "PYTHON_UNIT_test_key_a6af8952-54a6-11e9-b600-2816a84d0309",
        "label": "test_label1_1d7b2b28-549e-11e9-b51c-2816a84d0309",
        "content_type": "test content type",
        "value": "test value",
        "tags": {
          "tag1": "tag1",
          "tag2": "tag2"
        },
        "locked": false,
        "last_modified": "2022-08-24T02:13:30\u002B00:00"
      }
    },
    {
      "RequestUri": "https://fake_app_config.azconfig-test.io/kv?key=PYTHON_UNIT_test_key_a6af8952-54a6-11e9-b600-2816a84d0309\u0026api-version=1.0",
      "RequestMethod": "GET",
      "RequestHeaders": {
        "Accept": "application/vnd.microsoft.appconfig.kvset\u002Bjson, application/json, application/problem\u002Bjson",
        "Accept-Encoding": "gzip, deflate",
        "Sync-Token": "zAJw6V16=NTo1IzExNjgxNDAy",
        "User-Agent": "azsdk-python-appconfiguration/1.4.0 Python/3.9.2 (Windows-10-10.0.22000-SP0)"
      },
      "RequestBody": null,
      "StatusCode": 200,
      "ResponseHeaders": {
        "Access-Control-Allow-Credentials": "true",
        "Access-Control-Allow-Origin": "*",
        "Access-Control-Expose-Headers": "DNT, X-CustomHeader, Keep-Alive, User-Agent, X-Requested-With, If-Modified-Since, Cache-Control, Content-Type, Authorization, x-ms-client-request-id, x-ms-useragent, x-ms-content-sha256, x-ms-date, host, Accept, Accept-Datetime, Date, If-Match, If-None-Match, Sync-Token, x-ms-return-client-request-id, ETag, Last-Modified, Link, Memento-Datetime, retry-after-ms, x-ms-request-id, x-ms-client-session-id, x-ms-effective-locale, WWW-Authenticate, traceparent, tracestate",
        "Connection": "keep-alive",
        "Content-Type": "application/vnd.microsoft.appconfig.kvset\u002Bjson; charset=utf-8",
        "Date": "Wed, 24 Aug 2022 02:13:30 GMT",
        "Server": "openresty/1.17.8.2",
        "Strict-Transport-Security": "max-age=15724800; includeSubDomains",
        "Sync-Token": "zAJw6V16=NTo1IzExNjgxNDAz;sn=11681403",
        "Transfer-Encoding": "chunked",
        "x-ms-correlation-request-id": "23d70bf1-9080-4eae-9dda-ff8eebf184fa"
      },
      "ResponseBody": {
        "items": [
          {
            "etag": "FkOojO4laLUkgPiou66vlLdA0RWWG6kmQuXVSvxZwlw",
            "key": "PYTHON_UNIT_test_key_a6af8952-54a6-11e9-b600-2816a84d0309",
            "label": "test_label1_1d7b2b28-549e-11e9-b51c-2816a84d0309",
            "content_type": "test content type",
            "value": "test value",
            "tags": {
              "tag1": "tag1",
              "tag2": "tag2"
            },
            "locked": false,
            "last_modified": "2022-08-24T02:13:30\u002B00:00"
          },
          {
            "etag": "s06SDXQMln2QztJmEqQeww4OcBHaPtGNAFbQ2xUYuO8",
            "key": "PYTHON_UNIT_test_key_a6af8952-54a6-11e9-b600-2816a84d0309",
            "label": "test_label2_*, \\1d7b2b28-549e-11e9-b51c-2816a84d0309",
            "content_type": null,
            "value": "test value",
            "tags": {},
            "locked": false,
            "last_modified": "2022-08-24T02:13:30\u002B00:00"
          }
        ]
      }
    },
    {
      "RequestUri": "https://fake_app_config.azconfig-test.io/kv/PYTHON_UNIT_test_key_a6af8952-54a6-11e9-b600-2816a84d0309?api-version=1.0",
      "RequestMethod": "DELETE",
      "RequestHeaders": {
        "Accept": "application/vnd.microsoft.appconfig.kv\u002Bjson, application/json, application/problem\u002Bjson",
        "Accept-Encoding": "gzip, deflate",
        "Content-Length": "0",
        "Sync-Token": "zAJw6V16=NTo1IzExNjgxNDAz",
        "User-Agent": "azsdk-python-appconfiguration/1.4.0 Python/3.9.2 (Windows-10-10.0.22000-SP0)"
      },
      "RequestBody": null,
      "StatusCode": 204,
      "ResponseHeaders": {
        "Access-Control-Allow-Credentials": "true",
        "Access-Control-Allow-Origin": "*",
        "Access-Control-Expose-Headers": "DNT, X-CustomHeader, Keep-Alive, User-Agent, X-Requested-With, If-Modified-Since, Cache-Control, Content-Type, Authorization, x-ms-client-request-id, x-ms-useragent, x-ms-content-sha256, x-ms-date, host, Accept, Accept-Datetime, Date, If-Match, If-None-Match, Sync-Token, x-ms-return-client-request-id, ETag, Last-Modified, Link, Memento-Datetime, retry-after-ms, x-ms-request-id, x-ms-client-session-id, x-ms-effective-locale, WWW-Authenticate, traceparent, tracestate",
        "Connection": "keep-alive",
        "Content-Type": "application/vnd.microsoft.appconfig.kv\u002Bjson; charset=utf-8",
        "Date": "Wed, 24 Aug 2022 02:13:30 GMT",
        "Server": "openresty/1.17.8.2",
        "Strict-Transport-Security": "max-age=15724800; includeSubDomains",
        "x-ms-correlation-request-id": "c23b2213-e66f-4e81-8896-cbcdf7c30459"
      },
      "ResponseBody": null
    },
    {
      "RequestUri": "https://fake_app_config.azconfig-test.io/kv/PYTHON_UNIT_test_key_a6af8952-54a6-11e9-b600-2816a84d0309?api-version=1.0",
      "RequestMethod": "PUT",
      "RequestHeaders": {
        "Accept": "application/vnd.microsoft.appconfig.kv\u002Bjson, application/json, application/problem\u002Bjson",
        "Accept-Encoding": "gzip, deflate",
        "Content-Length": "170",
        "Content-Type": "application/vnd.microsoft.appconfig.kv\u002Bjson",
        "If-None-Match": "*",
        "Sync-Token": "zAJw6V16=NTo1IzExNjgxNDAz",
        "User-Agent": "azsdk-python-appconfiguration/1.4.0 Python/3.9.2 (Windows-10-10.0.22000-SP0)"
      },
      "RequestBody": {
        "key": "PYTHON_UNIT_test_key_a6af8952-54a6-11e9-b600-2816a84d0309",
        "content_type": "test content type",
        "value": "test value",
        "tags": {
          "tag1": "tag1",
          "tag2": "tag2"
        }
      },
      "StatusCode": 200,
      "ResponseHeaders": {
        "Access-Control-Allow-Credentials": "true",
        "Access-Control-Allow-Origin": "*",
        "Access-Control-Expose-Headers": "DNT, X-CustomHeader, Keep-Alive, User-Agent, X-Requested-With, If-Modified-Since, Cache-Control, Content-Type, Authorization, x-ms-client-request-id, x-ms-useragent, x-ms-content-sha256, x-ms-date, host, Accept, Accept-Datetime, Date, If-Match, If-None-Match, Sync-Token, x-ms-return-client-request-id, ETag, Last-Modified, Link, Memento-Datetime, retry-after-ms, x-ms-request-id, x-ms-client-session-id, x-ms-effective-locale, WWW-Authenticate, traceparent, tracestate",
        "Connection": "keep-alive",
        "Content-Type": "application/vnd.microsoft.appconfig.kv\u002Bjson; charset=utf-8",
        "Date": "Wed, 24 Aug 2022 02:13:31 GMT",
        "ETag": "\u00227NHGFQywEVnhieJd9NfAYTR4sq8wc3Nb4ybL15BwnvI\u0022",
        "Last-Modified": "Wed, 24 Aug 2022 02:13:31 GMT",
        "Server": "openresty/1.17.8.2",
        "Strict-Transport-Security": "max-age=15724800; includeSubDomains",
        "Sync-Token": "zAJw6V16=NTo1IzExNjgxNDA0;sn=11681404",
        "Transfer-Encoding": "chunked",
        "x-ms-correlation-request-id": "19a77280-8ea3-45a1-b945-820213809a53"
      },
      "ResponseBody": {
        "etag": "7NHGFQywEVnhieJd9NfAYTR4sq8wc3Nb4ybL15BwnvI",
        "key": "PYTHON_UNIT_test_key_a6af8952-54a6-11e9-b600-2816a84d0309",
        "label": null,
        "content_type": "test content type",
        "value": "test value",
        "tags": {
          "tag1": "tag1",
          "tag2": "tag2"
        },
        "locked": false,
        "last_modified": "2022-08-24T02:13:31\u002B00:00"
      }
    },
    {
      "RequestUri": "https://fake_app_config.azconfig-test.io/kv?label=test_label1_1d7b2b28-549e-11e9-b51c-2816a84d0309*\u0026api-version=1.0",
      "RequestMethod": "GET",
      "RequestHeaders": {
        "Accept": "application/vnd.microsoft.appconfig.kvset\u002Bjson, application/json, application/problem\u002Bjson",
        "Accept-Encoding": "gzip, deflate",
        "Sync-Token": "zAJw6V16=NTo1IzExNjgxNDA0",
        "User-Agent": "azsdk-python-appconfiguration/1.4.0 Python/3.9.2 (Windows-10-10.0.22000-SP0)"
      },
      "RequestBody": null,
      "StatusCode": 200,
      "ResponseHeaders": {
        "Access-Control-Allow-Credentials": "true",
        "Access-Control-Allow-Origin": "*",
        "Access-Control-Expose-Headers": "DNT, X-CustomHeader, Keep-Alive, User-Agent, X-Requested-With, If-Modified-Since, Cache-Control, Content-Type, Authorization, x-ms-client-request-id, x-ms-useragent, x-ms-content-sha256, x-ms-date, host, Accept, Accept-Datetime, Date, If-Match, If-None-Match, Sync-Token, x-ms-return-client-request-id, ETag, Last-Modified, Link, Memento-Datetime, retry-after-ms, x-ms-request-id, x-ms-client-session-id, x-ms-effective-locale, WWW-Authenticate, traceparent, tracestate",
        "Connection": "keep-alive",
        "Content-Type": "application/vnd.microsoft.appconfig.kvset\u002Bjson; charset=utf-8",
        "Date": "Wed, 24 Aug 2022 02:13:31 GMT",
        "Server": "openresty/1.17.8.2",
        "Strict-Transport-Security": "max-age=15724800; includeSubDomains",
        "Sync-Token": "zAJw6V16=NTo1IzExNjgxNDA1;sn=11681405",
        "Transfer-Encoding": "chunked",
        "x-ms-correlation-request-id": "45c69e23-91fd-46e2-b27a-79fff497d78c"
      },
      "ResponseBody": {
        "items": [
          {
            "etag": "FkOojO4laLUkgPiou66vlLdA0RWWG6kmQuXVSvxZwlw",
            "key": "PYTHON_UNIT_test_key_a6af8952-54a6-11e9-b600-2816a84d0309",
            "label": "test_label1_1d7b2b28-549e-11e9-b51c-2816a84d0309",
            "content_type": "test content type",
            "value": "test value",
            "tags": {
              "tag1": "tag1",
              "tag2": "tag2"
            },
            "locked": false,
            "last_modified": "2022-08-24T02:13:30\u002B00:00"
          }
        ]
      }
    },
    {
      "RequestUri": "https://fake_app_config.azconfig-test.io/kv?api-version=1.0",
      "RequestMethod": "GET",
      "RequestHeaders": {
        "Accept": "application/vnd.microsoft.appconfig.kvset\u002Bjson, application/json, application/problem\u002Bjson",
        "Accept-Encoding": "gzip, deflate",
        "Sync-Token": "zAJw6V16=NTo1IzExNjgxNDA1",
        "User-Agent": "azsdk-python-appconfiguration/1.4.0 Python/3.9.2 (Windows-10-10.0.22000-SP0)"
      },
      "RequestBody": null,
      "StatusCode": 200,
      "ResponseHeaders": {
        "Access-Control-Allow-Credentials": "true",
        "Access-Control-Allow-Origin": "*",
        "Access-Control-Expose-Headers": "DNT, X-CustomHeader, Keep-Alive, User-Agent, X-Requested-With, If-Modified-Since, Cache-Control, Content-Type, Authorization, x-ms-client-request-id, x-ms-useragent, x-ms-content-sha256, x-ms-date, host, Accept, Accept-Datetime, Date, If-Match, If-None-Match, Sync-Token, x-ms-return-client-request-id, ETag, Last-Modified, Link, Memento-Datetime, retry-after-ms, x-ms-request-id, x-ms-client-session-id, x-ms-effective-locale, WWW-Authenticate, traceparent, tracestate",
        "Connection": "keep-alive",
        "Content-Type": "application/vnd.microsoft.appconfig.kvset\u002Bjson; charset=utf-8",
        "Date": "Wed, 24 Aug 2022 02:13:31 GMT",
        "Server": "openresty/1.17.8.2",
        "Strict-Transport-Security": "max-age=15724800; includeSubDomains",
        "Sync-Token": "zAJw6V16=NTo1IzExNjgxNDA1;sn=11681405",
        "Transfer-Encoding": "chunked",
        "x-ms-correlation-request-id": "3c8563a9-a5b5-4100-9e55-2166ea6248aa"
      },
      "ResponseBody": {
        "items": [
          {
            "etag": "7NHGFQywEVnhieJd9NfAYTR4sq8wc3Nb4ybL15BwnvI",
            "key": "PYTHON_UNIT_test_key_a6af8952-54a6-11e9-b600-2816a84d0309",
            "label": null,
            "content_type": "test content type",
            "value": "test value",
            "tags": {
              "tag1": "tag1",
              "tag2": "tag2"
            },
            "locked": false,
            "last_modified": "2022-08-24T02:13:31\u002B00:00"
          },
          {
            "etag": "FkOojO4laLUkgPiou66vlLdA0RWWG6kmQuXVSvxZwlw",
            "key": "PYTHON_UNIT_test_key_a6af8952-54a6-11e9-b600-2816a84d0309",
            "label": "test_label1_1d7b2b28-549e-11e9-b51c-2816a84d0309",
            "content_type": "test content type",
            "value": "test value",
            "tags": {
              "tag1": "tag1",
              "tag2": "tag2"
            },
            "locked": false,
            "last_modified": "2022-08-24T02:13:30\u002B00:00"
          },
          {
            "etag": "s06SDXQMln2QztJmEqQeww4OcBHaPtGNAFbQ2xUYuO8",
            "key": "PYTHON_UNIT_test_key_a6af8952-54a6-11e9-b600-2816a84d0309",
            "label": "test_label2_*, \\1d7b2b28-549e-11e9-b51c-2816a84d0309",
            "content_type": null,
            "value": "test value",
            "tags": {},
            "locked": false,
            "last_modified": "2022-08-24T02:13:30\u002B00:00"
          }
        ]
      }
    },
    {
      "RequestUri": "https://fake_app_config.azconfig-test.io/kv/PYTHON_UNIT_test_key_a6af8952-54a6-11e9-b600-2816a84d0309?api-version=1.0",
      "RequestMethod": "DELETE",
      "RequestHeaders": {
        "Accept": "application/vnd.microsoft.appconfig.kv\u002Bjson, application/json, application/problem\u002Bjson",
        "Accept-Encoding": "gzip, deflate",
        "Content-Length": "0",
        "Sync-Token": "zAJw6V16=NTo1IzExNjgxNDA1",
        "User-Agent": "azsdk-python-appconfiguration/1.4.0 Python/3.9.2 (Windows-10-10.0.22000-SP0)"
      },
      "RequestBody": null,
      "StatusCode": 200,
      "ResponseHeaders": {
        "Access-Control-Allow-Credentials": "true",
        "Access-Control-Allow-Origin": "*",
        "Access-Control-Expose-Headers": "DNT, X-CustomHeader, Keep-Alive, User-Agent, X-Requested-With, If-Modified-Since, Cache-Control, Content-Type, Authorization, x-ms-client-request-id, x-ms-useragent, x-ms-content-sha256, x-ms-date, host, Accept, Accept-Datetime, Date, If-Match, If-None-Match, Sync-Token, x-ms-return-client-request-id, ETag, Last-Modified, Link, Memento-Datetime, retry-after-ms, x-ms-request-id, x-ms-client-session-id, x-ms-effective-locale, WWW-Authenticate, traceparent, tracestate",
        "Connection": "keep-alive",
        "Content-Type": "application/vnd.microsoft.appconfig.kv\u002Bjson; charset=utf-8",
        "Date": "Wed, 24 Aug 2022 02:13:31 GMT",
        "ETag": "\u00227NHGFQywEVnhieJd9NfAYTR4sq8wc3Nb4ybL15BwnvI\u0022",
        "Last-Modified": "Wed, 24 Aug 2022 02:13:31 GMT",
        "Server": "openresty/1.17.8.2",
        "Strict-Transport-Security": "max-age=15724800; includeSubDomains",
        "Sync-Token": "zAJw6V16=NTo1IzExNjgxNDA2;sn=11681406",
        "Transfer-Encoding": "chunked",
        "x-ms-correlation-request-id": "45d6f6b6-225c-43e3-a65d-12c24a98b737"
      },
      "ResponseBody": {
        "etag": "7NHGFQywEVnhieJd9NfAYTR4sq8wc3Nb4ybL15BwnvI",
        "key": "PYTHON_UNIT_test_key_a6af8952-54a6-11e9-b600-2816a84d0309",
        "label": null,
        "content_type": "test content type",
        "value": "test value",
        "tags": {
          "tag1": "tag1",
          "tag2": "tag2"
        },
        "locked": false,
        "last_modified": "2022-08-24T02:13:31\u002B00:00"
      }
    },
    {
      "RequestUri": "https://fake_app_config.azconfig-test.io/kv/PYTHON_UNIT_test_key_a6af8952-54a6-11e9-b600-2816a84d0309?label=test_label1_1d7b2b28-549e-11e9-b51c-2816a84d0309\u0026api-version=1.0",
      "RequestMethod": "DELETE",
      "RequestHeaders": {
        "Accept": "application/vnd.microsoft.appconfig.kv\u002Bjson, application/json, application/problem\u002Bjson",
        "Accept-Encoding": "gzip, deflate",
        "Content-Length": "0",
        "Sync-Token": "zAJw6V16=NTo1IzExNjgxNDA2",
        "User-Agent": "azsdk-python-appconfiguration/1.4.0 Python/3.9.2 (Windows-10-10.0.22000-SP0)"
      },
      "RequestBody": null,
      "StatusCode": 200,
      "ResponseHeaders": {
        "Access-Control-Allow-Credentials": "true",
        "Access-Control-Allow-Origin": "*",
        "Access-Control-Expose-Headers": "DNT, X-CustomHeader, Keep-Alive, User-Agent, X-Requested-With, If-Modified-Since, Cache-Control, Content-Type, Authorization, x-ms-client-request-id, x-ms-useragent, x-ms-content-sha256, x-ms-date, host, Accept, Accept-Datetime, Date, If-Match, If-None-Match, Sync-Token, x-ms-return-client-request-id, ETag, Last-Modified, Link, Memento-Datetime, retry-after-ms, x-ms-request-id, x-ms-client-session-id, x-ms-effective-locale, WWW-Authenticate, traceparent, tracestate",
        "Connection": "keep-alive",
        "Content-Type": "application/vnd.microsoft.appconfig.kv\u002Bjson; charset=utf-8",
        "Date": "Wed, 24 Aug 2022 02:13:31 GMT",
        "ETag": "\u0022FkOojO4laLUkgPiou66vlLdA0RWWG6kmQuXVSvxZwlw\u0022",
        "Last-Modified": "Wed, 24 Aug 2022 02:13:30 GMT",
        "Server": "openresty/1.17.8.2",
        "Strict-Transport-Security": "max-age=15724800; includeSubDomains",
        "Sync-Token": "zAJw6V16=NTo1IzExNjgxNDA3;sn=11681407",
        "Transfer-Encoding": "chunked",
        "x-ms-correlation-request-id": "f9b49413-80ed-44d7-b0dd-1965c4561d2e"
      },
      "ResponseBody": {
        "etag": "FkOojO4laLUkgPiou66vlLdA0RWWG6kmQuXVSvxZwlw",
        "key": "PYTHON_UNIT_test_key_a6af8952-54a6-11e9-b600-2816a84d0309",
        "label": "test_label1_1d7b2b28-549e-11e9-b51c-2816a84d0309",
        "content_type": "test content type",
        "value": "test value",
        "tags": {
          "tag1": "tag1",
          "tag2": "tag2"
        },
        "locked": false,
        "last_modified": "2022-08-24T02:13:30\u002B00:00"
      }
    },
    {
      "RequestUri": "https://fake_app_config.azconfig-test.io/kv/PYTHON_UNIT_test_key_a6af8952-54a6-11e9-b600-2816a84d0309?label=test_label2_*,%20%5C1d7b2b28-549e-11e9-b51c-2816a84d0309\u0026api-version=1.0",
      "RequestMethod": "DELETE",
      "RequestHeaders": {
        "Accept": "application/vnd.microsoft.appconfig.kv\u002Bjson, application/json, application/problem\u002Bjson",
        "Accept-Encoding": "gzip, deflate",
        "Content-Length": "0",
        "Sync-Token": "zAJw6V16=NTo1IzExNjgxNDA3",
        "User-Agent": "azsdk-python-appconfiguration/1.4.0 Python/3.9.2 (Windows-10-10.0.22000-SP0)"
      },
      "RequestBody": null,
      "StatusCode": 200,
      "ResponseHeaders": {
        "Access-Control-Allow-Credentials": "true",
        "Access-Control-Allow-Origin": "*",
        "Access-Control-Expose-Headers": "DNT, X-CustomHeader, Keep-Alive, User-Agent, X-Requested-With, If-Modified-Since, Cache-Control, Content-Type, Authorization, x-ms-client-request-id, x-ms-useragent, x-ms-content-sha256, x-ms-date, host, Accept, Accept-Datetime, Date, If-Match, If-None-Match, Sync-Token, x-ms-return-client-request-id, ETag, Last-Modified, Link, Memento-Datetime, retry-after-ms, x-ms-request-id, x-ms-client-session-id, x-ms-effective-locale, WWW-Authenticate, traceparent, tracestate",
        "Connection": "keep-alive",
        "Content-Type": "application/vnd.microsoft.appconfig.kv\u002Bjson; charset=utf-8",
        "Date": "Wed, 24 Aug 2022 02:13:31 GMT",
        "ETag": "\u0022s06SDXQMln2QztJmEqQeww4OcBHaPtGNAFbQ2xUYuO8\u0022",
        "Last-Modified": "Wed, 24 Aug 2022 02:13:30 GMT",
        "Server": "openresty/1.17.8.2",
        "Strict-Transport-Security": "max-age=15724800; includeSubDomains",
        "Sync-Token": "zAJw6V16=NTo1IzExNjgxNDA4;sn=11681408",
        "Transfer-Encoding": "chunked",
        "x-ms-correlation-request-id": "90c6cb34-c86e-4387-90a1-5d50da324b6f"
      },
      "ResponseBody": {
        "etag": "s06SDXQMln2QztJmEqQeww4OcBHaPtGNAFbQ2xUYuO8",
        "key": "PYTHON_UNIT_test_key_a6af8952-54a6-11e9-b600-2816a84d0309",
        "label": "test_label2_*, \\1d7b2b28-549e-11e9-b51c-2816a84d0309",
        "content_type": null,
        "value": "test value",
        "tags": {},
        "locked": false,
        "last_modified": "2022-08-24T02:13:30\u002B00:00"
      }
    }
  ],
  "Variables": {}
}
