interactions:
- request:
    body: null
    headers:
      Accept:
      - application/vnd.microsoft.appconfig.kvset+json
      Accept-Encoding:
      - gzip, deflate
      Connection:
      - keep-alive
      User-Agent:
      - azsdk-python-appconfiguration/1.2.0 Python/3.9.0rc1 (Windows-10-10.0.19041-SP0)
      x-ms-content-sha256:
      - 47DEQpj8HBSa+/TImW+5JCeuQeRkm5NMpJWZG3hSuFU=
      x-ms-date:
      - Mar, 30 2021 16:12:04.324766 GMT
    method: GET
    uri: https://fake_app_config.azconfig-test.io/kv?key=PYTHON_UNIT_test_key_a6af8952-54a6-11e9-b600-2816a84d0309&label=test_label1_1d7b2b28-549e-11e9-b51c-2816a84d0309&api-version=1.0
  response:
    body:
      string: '{"items":[]}'
    headers:
      access-control-allow-credentials:
      - 'true'
      access-control-allow-origin:
      - '*'
      access-control-expose-headers:
      - DNT, X-CustomHeader, Keep-Alive, User-Agent, X-Requested-With, If-Modified-Since,
        Cache-Control, Content-Type, Authorization, x-ms-client-request-id, x-ms-useragent,
        x-ms-content-sha256, x-ms-date, host, Accept, Accept-Datetime, Date, If-Match,
        If-None-Match, Sync-Token, x-ms-return-client-request-id, ETag, Last-Modified,
        Link, Memento-Datetime, retry-after-ms, x-ms-request-id, x-ms-client-session-id,
        x-ms-effective-locale, WWW-Authenticate
      connection:
      - keep-alive
      content-type:
      - application/vnd.microsoft.appconfig.kvset+json; charset=utf-8
      date:
      - Tue, 30 Mar 2021 16:12:06 GMT
      server:
      - openresty/1.17.8.2
      strict-transport-security:
      - max-age=15724800; includeSubDomains
      sync-token:
      - zAJw6V16=MDoxNyM3ODE1OTQy;sn=7815942
      transfer-encoding:
      - chunked
    status:
      code: 200
      message: OK
- request:
    body: '{"key": "PYTHON_UNIT_test_key_a6af8952-54a6-11e9-b600-2816a84d0309", "label":
      "test_label1_1d7b2b28-549e-11e9-b51c-2816a84d0309", "content_type": "test content
      type", "value": "test value", "tags": {"tag1": "tag1", "tag2": "tag2"}}'
    headers:
      Accept:
      - application/vnd.microsoft.appconfig.kv+json
      Accept-Encoding:
      - gzip, deflate
      Connection:
      - keep-alive
      Content-Length:
      - '231'
      Content-Type:
      - application/json; charset=utf-8
      If-None-Match:
      - '*'
      Sync-Token:
      - zAJw6V16=MDoxNyM3ODE1OTQy
      User-Agent:
      - azsdk-python-appconfiguration/1.2.0 Python/3.9.0rc1 (Windows-10-10.0.19041-SP0)
      x-ms-content-sha256:
      - 5b/E4qQlXHTRod+n+f+xjK6c/tRVR8uxoC62FjvGJPw=
      x-ms-date:
      - Mar, 30 2021 16:12:04.857778 GMT
    method: PUT
    uri: https://fake_app_config.azconfig-test.io/kv/PYTHON_UNIT_test_key_a6af8952-54a6-11e9-b600-2816a84d0309?label=test_label1_1d7b2b28-549e-11e9-b51c-2816a84d0309&api-version=1.0
  response:
    body:
      string: '{"etag":"C5kKbUcDoMsQjrkoiRF5Nz3nBeR","key":"PYTHON_UNIT_test_key_a6af8952-54a6-11e9-b600-2816a84d0309","label":"test_label1_1d7b2b28-549e-11e9-b51c-2816a84d0309","content_type":"test
        content type","value":"test value","tags":{"tag1":"tag1","tag2":"tag2"},"locked":false,"last_modified":"2021-03-30T16:12:05+00:00"}'
    headers:
      access-control-allow-credentials:
      - 'true'
      access-control-allow-origin:
      - '*'
      access-control-expose-headers:
      - DNT, X-CustomHeader, Keep-Alive, User-Agent, X-Requested-With, If-Modified-Since,
        Cache-Control, Content-Type, Authorization, x-ms-client-request-id, x-ms-useragent,
        x-ms-content-sha256, x-ms-date, host, Accept, Accept-Datetime, Date, If-Match,
        If-None-Match, Sync-Token, x-ms-return-client-request-id, ETag, Last-Modified,
        Link, Memento-Datetime, retry-after-ms, x-ms-request-id, x-ms-client-session-id,
        x-ms-effective-locale, WWW-Authenticate
      connection:
      - keep-alive
      content-type:
      - application/vnd.microsoft.appconfig.kv+json; charset=utf-8
      date:
      - Tue, 30 Mar 2021 16:12:06 GMT
      etag:
      - '"C5kKbUcDoMsQjrkoiRF5Nz3nBeR"'
      last-modified:
      - Tue, 30 Mar 2021 16:12:05 GMT
      server:
      - openresty/1.17.8.2
      strict-transport-security:
      - max-age=15724800; includeSubDomains
      sync-token:
      - zAJw6V16=MDoxNyM3ODE1OTQz;sn=7815943
      transfer-encoding:
      - chunked
    status:
      code: 200
      message: OK
- request:
    body: null
    headers:
      Accept:
      - application/vnd.microsoft.appconfig.kvset+json
      Accept-Encoding:
      - gzip, deflate
      Connection:
      - keep-alive
      Sync-Token:
      - zAJw6V16=MDoxNyM3ODE1OTQz
      User-Agent:
      - azsdk-python-appconfiguration/1.2.0 Python/3.9.0rc1 (Windows-10-10.0.19041-SP0)
      x-ms-content-sha256:
      - 47DEQpj8HBSa+/TImW+5JCeuQeRkm5NMpJWZG3hSuFU=
      x-ms-date:
      - Mar, 30 2021 16:12:05.025662 GMT
    method: GET
    uri: https://fake_app_config.azconfig-test.io/kv?key=PYTHON_UNIT_test_key_a6af8952-54a6-11e9-b600-2816a84d0309&api-version=1.0
  response:
    body:
      string: '{"items":[{"etag":"C5kKbUcDoMsQjrkoiRF5Nz3nBeR","key":"PYTHON_UNIT_test_key_a6af8952-54a6-11e9-b600-2816a84d0309","label":"test_label1_1d7b2b28-549e-11e9-b51c-2816a84d0309","content_type":"test
        content type","value":"test value","tags":{"tag1":"tag1","tag2":"tag2"},"locked":false,"last_modified":"2021-03-30T16:12:05+00:00"}]}'
    headers:
      access-control-allow-credentials:
      - 'true'
      access-control-allow-origin:
      - '*'
      access-control-expose-headers:
      - DNT, X-CustomHeader, Keep-Alive, User-Agent, X-Requested-With, If-Modified-Since,
        Cache-Control, Content-Type, Authorization, x-ms-client-request-id, x-ms-useragent,
        x-ms-content-sha256, x-ms-date, host, Accept, Accept-Datetime, Date, If-Match,
        If-None-Match, Sync-Token, x-ms-return-client-request-id, ETag, Last-Modified,
        Link, Memento-Datetime, retry-after-ms, x-ms-request-id, x-ms-client-session-id,
        x-ms-effective-locale, WWW-Authenticate
      connection:
      - keep-alive
      content-type:
      - application/vnd.microsoft.appconfig.kvset+json; charset=utf-8
      date:
      - Tue, 30 Mar 2021 16:12:06 GMT
      server:
      - openresty/1.17.8.2
      strict-transport-security:
      - max-age=15724800; includeSubDomains
      sync-token:
      - zAJw6V16=MDoxNyM3ODE1OTQz;sn=7815943
      transfer-encoding:
      - chunked
    status:
      code: 200
      message: OK
- request:
    body: null
    headers:
      Accept:
      - application/vnd.microsoft.appconfig.kv+json
      Accept-Encoding:
      - gzip, deflate
      Connection:
      - keep-alive
      Content-Length:
      - '0'
      Sync-Token:
      - zAJw6V16=MDoxNyM3ODE1OTQz
      User-Agent:
      - azsdk-python-appconfiguration/1.2.0 Python/3.9.0rc1 (Windows-10-10.0.19041-SP0)
      x-ms-content-sha256:
      - 47DEQpj8HBSa+/TImW+5JCeuQeRkm5NMpJWZG3hSuFU=
      x-ms-date:
      - Mar, 30 2021 16:12:05.181695 GMT
    method: DELETE
    uri: https://fake_app_config.azconfig-test.io/kv/PYTHON_UNIT_test_key_a6af8952-54a6-11e9-b600-2816a84d0309?api-version=1.0
  response:
    body:
      string: ''
    headers:
      access-control-allow-credentials:
      - 'true'
      access-control-allow-origin:
      - '*'
      access-control-expose-headers:
      - DNT, X-CustomHeader, Keep-Alive, User-Agent, X-Requested-With, If-Modified-Since,
        Cache-Control, Content-Type, Authorization, x-ms-client-request-id, x-ms-useragent,
        x-ms-content-sha256, x-ms-date, host, Accept, Accept-Datetime, Date, If-Match,
        If-None-Match, Sync-Token, x-ms-return-client-request-id, ETag, Last-Modified,
        Link, Memento-Datetime, retry-after-ms, x-ms-request-id, x-ms-client-session-id,
        x-ms-effective-locale, WWW-Authenticate
      connection:
      - keep-alive
      content-type:
      - application/vnd.microsoft.appconfig.kv+json; charset=utf-8
      date:
      - Tue, 30 Mar 2021 16:12:07 GMT
      server:
      - openresty/1.17.8.2
      strict-transport-security:
      - max-age=15724800; includeSubDomains
    status:
      code: 204
      message: No Content
- request:
    body: '{"key": "PYTHON_UNIT_test_key_a6af8952-54a6-11e9-b600-2816a84d0309", "content_type":
      "test content type", "value": "test value", "tags": {"tag1": "tag1", "tag2":
      "tag2"}}'
    headers:
      Accept:
      - application/vnd.microsoft.appconfig.kv+json
      Accept-Encoding:
      - gzip, deflate
      Connection:
      - keep-alive
      Content-Length:
      - '170'
      Content-Type:
      - application/json; charset=utf-8
      If-None-Match:
      - '*'
      Sync-Token:
      - zAJw6V16=MDoxNyM3ODE1OTQz
      User-Agent:
      - azsdk-python-appconfiguration/1.2.0 Python/3.9.0rc1 (Windows-10-10.0.19041-SP0)
      x-ms-content-sha256:
      - 4rt07HteiPg5NxofrgzMmlQPTVbo1no7aKxDSI5uUU4=
      x-ms-date:
      - Mar, 30 2021 16:12:05.326284 GMT
    method: PUT
    uri: https://fake_app_config.azconfig-test.io/kv/PYTHON_UNIT_test_key_a6af8952-54a6-11e9-b600-2816a84d0309?api-version=1.0
  response:
    body:
      string: '{"etag":"NmwZfBbwl1LHZ5EGLiYZWAnnv41","key":"PYTHON_UNIT_test_key_a6af8952-54a6-11e9-b600-2816a84d0309","label":null,"content_type":"test
        content type","value":"test value","tags":{"tag1":"tag1","tag2":"tag2"},"locked":false,"last_modified":"2021-03-30T16:12:06+00:00"}'
    headers:
      access-control-allow-credentials:
      - 'true'
      access-control-allow-origin:
      - '*'
      access-control-expose-headers:
      - DNT, X-CustomHeader, Keep-Alive, User-Agent, X-Requested-With, If-Modified-Since,
        Cache-Control, Content-Type, Authorization, x-ms-client-request-id, x-ms-useragent,
        x-ms-content-sha256, x-ms-date, host, Accept, Accept-Datetime, Date, If-Match,
        If-None-Match, Sync-Token, x-ms-return-client-request-id, ETag, Last-Modified,
        Link, Memento-Datetime, retry-after-ms, x-ms-request-id, x-ms-client-session-id,
        x-ms-effective-locale, WWW-Authenticate
      connection:
      - keep-alive
      content-type:
      - application/vnd.microsoft.appconfig.kv+json; charset=utf-8
      date:
      - Tue, 30 Mar 2021 16:12:07 GMT
      etag:
      - '"NmwZfBbwl1LHZ5EGLiYZWAnnv41"'
      last-modified:
      - Tue, 30 Mar 2021 16:12:06 GMT
      server:
      - openresty/1.17.8.2
      strict-transport-security:
      - max-age=15724800; includeSubDomains
      sync-token:
      - zAJw6V16=MDoxNyM3ODE1OTQ0;sn=7815944
      transfer-encoding:
      - chunked
    status:
      code: 200
      message: OK
- request:
    body: '{"key": ".appconfig.featureflag/custom", "content_type": "application/vnd.microsoft.appconfig.ff+json;charset=utf-8",
      "value": "{\"id\": \".appconfig.featureflag/custom\", \"description\": null,
      \"enabled\": true, \"conditions\": {\"client_filters\": [{\"name\": \"Microsoft.Percentage\",
      \"parameters\": {\"Value\": 10, \"User\": \"user1\"}}]}}", "tags": {}}'
    headers:
      Accept:
      - application/vnd.microsoft.appconfig.kv+json
      Accept-Encoding:
      - gzip, deflate
      Connection:
      - keep-alive
      Content-Length:
      - '359'
      Content-Type:
      - application/json; charset=utf-8
      Sync-Token:
      - zAJw6V16=MDoxNyM3ODE1OTQ0
      User-Agent:
      - azsdk-python-appconfiguration/1.2.0 Python/3.9.0rc1 (Windows-10-10.0.19041-SP0)
      x-ms-content-sha256:
      - k1+4ulboWL7NuEmExrwcfZyajyqjHYZNwe/pheTY6Dc=
      x-ms-date:
      - Mar, 30 2021 16:12:05.546947 GMT
    method: PUT
    uri: https://fake_app_config.azconfig-test.io/kv/.appconfig.featureflag%2Fcustom?api-version=1.0
  response:
    body:
      string: '{"etag":"JGWDSxttualjdHGIVv8pZKH2Reb","key":".appconfig.featureflag/custom","label":null,"content_type":"application/vnd.microsoft.appconfig.ff+json;charset=utf-8","value":"{\"id\":
        \".appconfig.featureflag/custom\", \"description\": null, \"enabled\": true,
        \"conditions\": {\"client_filters\": [{\"name\": \"Microsoft.Percentage\",
        \"parameters\": {\"Value\": 10, \"User\": \"user1\"}}]}}","tags":{},"locked":false,"last_modified":"2021-03-30T16:12:06+00:00"}'
    headers:
      access-control-allow-credentials:
      - 'true'
      access-control-allow-origin:
      - '*'
      access-control-expose-headers:
      - DNT, X-CustomHeader, Keep-Alive, User-Agent, X-Requested-With, If-Modified-Since,
        Cache-Control, Content-Type, Authorization, x-ms-client-request-id, x-ms-useragent,
        x-ms-content-sha256, x-ms-date, host, Accept, Accept-Datetime, Date, If-Match,
        If-None-Match, Sync-Token, x-ms-return-client-request-id, ETag, Last-Modified,
        Link, Memento-Datetime, retry-after-ms, x-ms-request-id, x-ms-client-session-id,
        x-ms-effective-locale, WWW-Authenticate
      connection:
      - keep-alive
      content-type:
      - application/vnd.microsoft.appconfig.kv+json; charset=utf-8
      date:
      - Tue, 30 Mar 2021 16:12:07 GMT
      etag:
      - '"JGWDSxttualjdHGIVv8pZKH2Reb"'
      last-modified:
      - Tue, 30 Mar 2021 16:12:06 GMT
      server:
      - openresty/1.17.8.2
      strict-transport-security:
      - max-age=15724800; includeSubDomains
      sync-token:
      - zAJw6V16=MDoxNyM3ODE1OTQ1;sn=7815945
      transfer-encoding:
      - chunked
    status:
      code: 200
      message: OK
- request:
    body: '{"key": ".appconfig.featureflag/time_window", "content_type": "application/vnd.microsoft.appconfig.ff+json;charset=utf-8",
      "value": "{\"id\": \".appconfig.featureflag/time_window\", \"description\":
      null, \"enabled\": true, \"conditions\": {\"client_filters\": [{\"name\": \"Microsoft.TimeWindow\",
      \"parameters\": {\"Start\": \"Wed, 10 Mar 2021 05:00:00 GMT\", \"End\": \"Fri,
      02 Apr 2021 04:00:00 GMT\"}}]}}", "tags": {}}'
    headers:
      Accept:
      - application/vnd.microsoft.appconfig.kv+json
      Accept-Encoding:
      - gzip, deflate
      Connection:
      - keep-alive
      Content-Length:
      - '423'
      Content-Type:
      - application/json; charset=utf-8
      Sync-Token:
      - zAJw6V16=MDoxNyM3ODE1OTQ1
      User-Agent:
      - azsdk-python-appconfiguration/1.2.0 Python/3.9.0rc1 (Windows-10-10.0.19041-SP0)
      x-ms-content-sha256:
      - wIrVHmfRr4Fq0WCoebZCdXQTu6b4guAa2oxV5sYNQZY=
      x-ms-date:
      - Mar, 30 2021 16:12:05.718025 GMT
    method: PUT
    uri: https://fake_app_config.azconfig-test.io/kv/.appconfig.featureflag%2Ftime_window?api-version=1.0
  response:
    body:
      string: '{"etag":"ToqIn8WCWmPBCa1ZvW8NkVm21V7","key":".appconfig.featureflag/time_window","label":null,"content_type":"application/vnd.microsoft.appconfig.ff+json;charset=utf-8","value":"{\"id\":
        \".appconfig.featureflag/time_window\", \"description\": null, \"enabled\":
        true, \"conditions\": {\"client_filters\": [{\"name\": \"Microsoft.TimeWindow\",
        \"parameters\": {\"Start\": \"Wed, 10 Mar 2021 05:00:00 GMT\", \"End\": \"Fri,
        02 Apr 2021 04:00:00 GMT\"}}]}}","tags":{},"locked":false,"last_modified":"2021-03-30T16:12:06+00:00"}'
    headers:
      access-control-allow-credentials:
      - 'true'
      access-control-allow-origin:
      - '*'
      access-control-expose-headers:
      - DNT, X-CustomHeader, Keep-Alive, User-Agent, X-Requested-With, If-Modified-Since,
        Cache-Control, Content-Type, Authorization, x-ms-client-request-id, x-ms-useragent,
        x-ms-content-sha256, x-ms-date, host, Accept, Accept-Datetime, Date, If-Match,
        If-None-Match, Sync-Token, x-ms-return-client-request-id, ETag, Last-Modified,
        Link, Memento-Datetime, retry-after-ms, x-ms-request-id, x-ms-client-session-id,
        x-ms-effective-locale, WWW-Authenticate
      connection:
      - keep-alive
      content-type:
      - application/vnd.microsoft.appconfig.kv+json; charset=utf-8
      date:
      - Tue, 30 Mar 2021 16:12:07 GMT
      etag:
      - '"ToqIn8WCWmPBCa1ZvW8NkVm21V7"'
      last-modified:
      - Tue, 30 Mar 2021 16:12:06 GMT
      server:
      - openresty/1.17.8.2
      strict-transport-security:
      - max-age=15724800; includeSubDomains
      sync-token:
      - zAJw6V16=MDoxNyM3ODE1OTQ2;sn=7815946
      transfer-encoding:
      - chunked
    status:
      code: 200
      message: OK
- request:
    body: '{"key": ".appconfig.featureflag/newflag", "content_type": "application/vnd.microsoft.appconfig.ff+json;charset=utf-8",
      "value": "{\"id\": \".appconfig.featureflag/newflag\", \"description\": null,
      \"enabled\": true, \"conditions\": {\"client_filters\": [{\"name\": \"Microsoft.Targeting\",
      \"parameters\": {\"Audience\": {\"Users\": [\"abc\", \"def\"], \"Groups\": [\"ghi\",
      \"jkl\"], \"DefaultRolloutPercentage\": 75}}}]}}", "tags": {}}'
    headers:
      Accept:
      - application/vnd.microsoft.appconfig.kv+json
      Accept-Encoding:
      - gzip, deflate
      Connection:
      - keep-alive
      Content-Length:
      - '437'
      Content-Type:
      - application/json; charset=utf-8
      Sync-Token:
      - zAJw6V16=MDoxNyM3ODE1OTQ2
      User-Agent:
      - azsdk-python-appconfiguration/1.2.0 Python/3.9.0rc1 (Windows-10-10.0.19041-SP0)
      x-ms-content-sha256:
      - EllTGmLe6aDpBLkZVRu0EYgjZLeCRiUyzp85mMvQ5ng=
      x-ms-date:
      - Mar, 30 2021 16:12:05.878515 GMT
    method: PUT
    uri: https://fake_app_config.azconfig-test.io/kv/.appconfig.featureflag%2Fnewflag?api-version=1.0
  response:
    body:
      string: '{"etag":"CunTlNyHyp9YTeYssBi61Ry8Ecg","key":".appconfig.featureflag/newflag","label":null,"content_type":"application/vnd.microsoft.appconfig.ff+json;charset=utf-8","value":"{\"id\":
        \".appconfig.featureflag/newflag\", \"description\": null, \"enabled\": true,
        \"conditions\": {\"client_filters\": [{\"name\": \"Microsoft.Targeting\",
        \"parameters\": {\"Audience\": {\"Users\": [\"abc\", \"def\"], \"Groups\":
        [\"ghi\", \"jkl\"], \"DefaultRolloutPercentage\": 75}}}]}}","tags":{},"locked":false,"last_modified":"2021-03-30T16:12:06+00:00"}'
    headers:
      access-control-allow-credentials:
      - 'true'
      access-control-allow-origin:
      - '*'
      access-control-expose-headers:
      - DNT, X-CustomHeader, Keep-Alive, User-Agent, X-Requested-With, If-Modified-Since,
        Cache-Control, Content-Type, Authorization, x-ms-client-request-id, x-ms-useragent,
        x-ms-content-sha256, x-ms-date, host, Accept, Accept-Datetime, Date, If-Match,
        If-None-Match, Sync-Token, x-ms-return-client-request-id, ETag, Last-Modified,
        Link, Memento-Datetime, retry-after-ms, x-ms-request-id, x-ms-client-session-id,
        x-ms-effective-locale, WWW-Authenticate
      connection:
      - keep-alive
      content-type:
      - application/vnd.microsoft.appconfig.kv+json; charset=utf-8
      date:
      - Tue, 30 Mar 2021 16:12:07 GMT
      etag:
      - '"CunTlNyHyp9YTeYssBi61Ry8Ecg"'
      last-modified:
      - Tue, 30 Mar 2021 16:12:06 GMT
      server:
      - openresty/1.17.8.2
      strict-transport-security:
      - max-age=15724800; includeSubDomains
      sync-token:
      - zAJw6V16=MDoxNyM3ODE1OTQ3;sn=7815947
      transfer-encoding:
      - chunked
    status:
      code: 200
      message: OK
- request:
    body: null
    headers:
      Accept:
      - application/vnd.microsoft.appconfig.kv+json
      Accept-Encoding:
      - gzip, deflate
      Connection:
      - keep-alive
      Content-Length:
      - '0'
      Sync-Token:
      - zAJw6V16=MDoxNyM3ODE1OTQ3
      User-Agent:
      - azsdk-python-appconfiguration/1.2.0 Python/3.9.0rc1 (Windows-10-10.0.19041-SP0)
      x-ms-content-sha256:
      - 47DEQpj8HBSa+/TImW+5JCeuQeRkm5NMpJWZG3hSuFU=
      x-ms-date:
      - Mar, 30 2021 16:12:06.047095 GMT
    method: DELETE
    uri: https://fake_app_config.azconfig-test.io/kv/PYTHON_UNIT_test_key_a6af8952-54a6-11e9-b600-2816a84d0309?label=test_label1_1d7b2b28-549e-11e9-b51c-2816a84d0309&api-version=1.0
  response:
    body:
      string: '{"etag":"C5kKbUcDoMsQjrkoiRF5Nz3nBeR","key":"PYTHON_UNIT_test_key_a6af8952-54a6-11e9-b600-2816a84d0309","label":"test_label1_1d7b2b28-549e-11e9-b51c-2816a84d0309","content_type":"test
        content type","value":"test value","tags":{"tag1":"tag1","tag2":"tag2"},"locked":false,"last_modified":"2021-03-30T16:12:05+00:00"}'
    headers:
      access-control-allow-credentials:
      - 'true'
      access-control-allow-origin:
      - '*'
      access-control-expose-headers:
      - DNT, X-CustomHeader, Keep-Alive, User-Agent, X-Requested-With, If-Modified-Since,
        Cache-Control, Content-Type, Authorization, x-ms-client-request-id, x-ms-useragent,
        x-ms-content-sha256, x-ms-date, host, Accept, Accept-Datetime, Date, If-Match,
        If-None-Match, Sync-Token, x-ms-return-client-request-id, ETag, Last-Modified,
        Link, Memento-Datetime, retry-after-ms, x-ms-request-id, x-ms-client-session-id,
        x-ms-effective-locale, WWW-Authenticate
      connection:
      - keep-alive
      content-type:
      - application/vnd.microsoft.appconfig.kv+json; charset=utf-8
      date:
      - Tue, 30 Mar 2021 16:12:08 GMT
      etag:
      - '"C5kKbUcDoMsQjrkoiRF5Nz3nBeR"'
      last-modified:
      - Tue, 30 Mar 2021 16:12:05 GMT
      server:
      - openresty/1.17.8.2
      strict-transport-security:
      - max-age=15724800; includeSubDomains
      sync-token:
      - zAJw6V16=MDoxNyM3ODE1OTQ4;sn=7815948
      transfer-encoding:
      - chunked
    status:
      code: 200
      message: OK
- request:
    body: null
    headers:
      Accept:
      - application/vnd.microsoft.appconfig.kv+json
      Accept-Encoding:
      - gzip, deflate
      Connection:
      - keep-alive
      Content-Length:
      - '0'
      Sync-Token:
      - zAJw6V16=MDoxNyM3ODE1OTQ4
      User-Agent:
      - azsdk-python-appconfiguration/1.2.0 Python/3.9.0rc1 (Windows-10-10.0.19041-SP0)
      x-ms-content-sha256:
      - 47DEQpj8HBSa+/TImW+5JCeuQeRkm5NMpJWZG3hSuFU=
      x-ms-date:
      - Mar, 30 2021 16:12:06.209200 GMT
    method: DELETE
    uri: https://fake_app_config.azconfig-test.io/kv/PYTHON_UNIT_test_key_a6af8952-54a6-11e9-b600-2816a84d0309?api-version=1.0
  response:
    body:
      string: '{"etag":"NmwZfBbwl1LHZ5EGLiYZWAnnv41","key":"PYTHON_UNIT_test_key_a6af8952-54a6-11e9-b600-2816a84d0309","label":null,"content_type":"test
        content type","value":"test value","tags":{"tag1":"tag1","tag2":"tag2"},"locked":false,"last_modified":"2021-03-30T16:12:06+00:00"}'
    headers:
      access-control-allow-credentials:
      - 'true'
      access-control-allow-origin:
      - '*'
      access-control-expose-headers:
      - DNT, X-CustomHeader, Keep-Alive, User-Agent, X-Requested-With, If-Modified-Since,
        Cache-Control, Content-Type, Authorization, x-ms-client-request-id, x-ms-useragent,
        x-ms-content-sha256, x-ms-date, host, Accept, Accept-Datetime, Date, If-Match,
        If-None-Match, Sync-Token, x-ms-return-client-request-id, ETag, Last-Modified,
        Link, Memento-Datetime, retry-after-ms, x-ms-request-id, x-ms-client-session-id,
        x-ms-effective-locale, WWW-Authenticate
      connection:
      - keep-alive
      content-type:
      - application/vnd.microsoft.appconfig.kv+json; charset=utf-8
      date:
      - Tue, 30 Mar 2021 16:12:08 GMT
      etag:
      - '"NmwZfBbwl1LHZ5EGLiYZWAnnv41"'
      last-modified:
      - Tue, 30 Mar 2021 16:12:06 GMT
      server:
      - openresty/1.17.8.2
      strict-transport-security:
      - max-age=15724800; includeSubDomains
      sync-token:
      - zAJw6V16=MDoxNyM3ODE1OTQ5;sn=7815949
      transfer-encoding:
      - chunked
    status:
      code: 200
      message: OK
version: 1
