interactions:
- request:
    body: '{"key": ".appconfig.featureflag/newflag", "content_type": "application/vnd.microsoft.appconfig.ff+json;charset=utf-8",
      "value": "{\"enabled\": true, \"conditions\": {\"client_filters\": [{\"name\":
      \"Microsoft.Targeting\", \"parameters\": {\"Audience\": {\"Users\": [\"abc\",
      \"def\"], \"Groups\": [\"ghi\", \"jkl\"], \"DefaultRolloutPercentage\": 75}}}]}}",
      "tags": {}}'
    headers:
      Accept:
      - application/vnd.microsoft.appconfig.kv+json, application/json, application/problem+json
      Accept-Encoding:
      - gzip, deflate
      Connection:
      - keep-alive
      Content-Length:
      - '370'
      Content-Type:
      - application/vnd.microsoft.appconfig.kv+json
      User-Agent:
      - azsdk-python-appconfiguration/1.4.0 Python/3.9.2 (Windows-10-10.0.22000-SP0)
    method: PUT
    uri: https://fake_app_config.azconfig-test.io/kv/.appconfig.featureflag%2Fnewflag?api-version=1.0
  response:
    body:
      string: '{"etag":"GmoQ9yLHENWcOSLuxGBVPlOrPHaN28lYCTItD5cQULM","key":".appconfig.featureflag/newflag","label":null,"content_type":"application/vnd.microsoft.appconfig.ff+json;charset=utf-8","value":"{\"enabled\":
        true, \"conditions\": {\"client_filters\": [{\"name\": \"Microsoft.Targeting\",
        \"parameters\": {\"Audience\": {\"Users\": [\"abc\", \"def\"], \"Groups\":
        [\"ghi\", \"jkl\"], \"DefaultRolloutPercentage\": 75}}}]}}","tags":{},"locked":false,"last_modified":"2022-08-17T00:04:48+00:00"}'
    headers:
      access-control-allow-credentials:
      - 'true'
      access-control-allow-origin:
      - '*'
      access-control-expose-headers:
      - DNT, X-CustomHeader, Keep-Alive, User-Agent, X-Requested-With, If-Modified-Since,
        Cache-Control, Content-Type, Authorization, x-ms-client-request-id, x-ms-useragent,
        x-ms-content-sha256, x-ms-date, host, Accept, Accept-Datetime, Date, If-Match,
        If-None-Match, Sync-Token, x-ms-return-client-request-id, ETag, Last-Modified,
        Link, Memento-Datetime, retry-after-ms, x-ms-request-id, x-ms-client-session-id,
        x-ms-effective-locale, WWW-Authenticate, traceparent, tracestate
      connection:
      - keep-alive
      content-type:
      - application/vnd.microsoft.appconfig.kv+json; charset=utf-8
      date:
      - Wed, 17 Aug 2022 00:04:48 GMT
      etag:
      - '"GmoQ9yLHENWcOSLuxGBVPlOrPHaN28lYCTItD5cQULM"'
      last-modified:
      - Wed, 17 Aug 2022 00:04:48 GMT
      server:
      - openresty/1.17.8.2
      strict-transport-security:
      - max-age=15724800; includeSubDomains
      sync-token:
      - zAJw6V16=ODo1IzkwOTY5NjI=;sn=9096962
      transfer-encoding:
      - chunked
    status:
      code: 200
      message: OK
- request:
    body: '{"key": ".appconfig.featureflag/newflag", "content_type": "application/vnd.microsoft.appconfig.ff+json;charset=utf-8",
      "value": "{\"enabled\": true, \"conditions\": {\"client_filters\": [{\"name\":
      \"Microsoft.Targeting\", \"parameters\": {\"Audience\": {\"Users\": [\"abc\",
      \"def\"], \"Groups\": [\"ghi\", \"jkl\"], \"DefaultRolloutPercentage\": 80}}}]}}",
      "last_modified": "2022-08-17T00:04:48.000Z", "tags": {}, "locked": false, "etag":
      "GmoQ9yLHENWcOSLuxGBVPlOrPHaN28lYCTItD5cQULM"}'
    headers:
      Accept:
      - application/vnd.microsoft.appconfig.kv+json, application/json, application/problem+json
      Accept-Encoding:
      - gzip, deflate
      Connection:
      - keep-alive
      Content-Length:
      - '487'
      Content-Type:
      - application/vnd.microsoft.appconfig.kv+json
      Sync-Token:
      - zAJw6V16=ODo1IzkwOTY5NjI=
      User-Agent:
      - azsdk-python-appconfiguration/1.4.0 Python/3.9.2 (Windows-10-10.0.22000-SP0)
    method: PUT
    uri: https://fake_app_config.azconfig-test.io/kv/.appconfig.featureflag%2Fnewflag?api-version=1.0
  response:
    body:
      string: '{"etag":"GkCtSQzBWIWoqrDdU9Z4vml325kk35yMgPVffK-UP9A","key":".appconfig.featureflag/newflag","label":null,"content_type":"application/vnd.microsoft.appconfig.ff+json;charset=utf-8","value":"{\"enabled\":
        true, \"conditions\": {\"client_filters\": [{\"name\": \"Microsoft.Targeting\",
        \"parameters\": {\"Audience\": {\"Users\": [\"abc\", \"def\"], \"Groups\":
        [\"ghi\", \"jkl\"], \"DefaultRolloutPercentage\": 80}}}]}}","tags":{},"locked":false,"last_modified":"2022-08-17T00:04:48+00:00"}'
    headers:
      access-control-allow-credentials:
      - 'true'
      access-control-allow-origin:
      - '*'
      access-control-expose-headers:
      - DNT, X-CustomHeader, Keep-Alive, User-Agent, X-Requested-With, If-Modified-Since,
        Cache-Control, Content-Type, Authorization, x-ms-client-request-id, x-ms-useragent,
        x-ms-content-sha256, x-ms-date, host, Accept, Accept-Datetime, Date, If-Match,
        If-None-Match, Sync-Token, x-ms-return-client-request-id, ETag, Last-Modified,
        Link, Memento-Datetime, retry-after-ms, x-ms-request-id, x-ms-client-session-id,
        x-ms-effective-locale, WWW-Authenticate, traceparent, tracestate
      connection:
      - keep-alive
      content-type:
      - application/vnd.microsoft.appconfig.kv+json; charset=utf-8
      date:
      - Wed, 17 Aug 2022 00:04:48 GMT
      etag:
      - '"GkCtSQzBWIWoqrDdU9Z4vml325kk35yMgPVffK-UP9A"'
      last-modified:
      - Wed, 17 Aug 2022 00:04:48 GMT
      server:
      - openresty/1.17.8.2
      strict-transport-security:
      - max-age=15724800; includeSubDomains
      sync-token:
      - zAJw6V16=ODo1IzkwOTY5NjM=;sn=9096963
      transfer-encoding:
      - chunked
    status:
      code: 200
      message: OK
- request:
    body: '{"key": ".appconfig.featureflag/newflag", "content_type": "application/vnd.microsoft.appconfig.ff+json;charset=utf-8",
      "value": "{\"enabled\": true, \"conditions\": {\"client_filters\": [{\"name\":
      \"Microsoft.Targeting\", \"parameters\": {\"Audience\": {\"Users\": [\"abc\",
      \"def\"], \"Groups\": [\"ghi\", \"jkl\"], \"DefaultRolloutPercentage\": 80}}},
      {\"name\": \"Microsoft.Targeting\", \"parameters\": {\"Audience\": {\"Users\":
      [\"abcd\", \"defg\"], \"Groups\": [\"ghij\", \"jklm\"], \"DefaultRolloutPercentage\":
      50}}}, {\"name\": \"Microsoft.Targeting\", \"parameters\": {\"Audience\": {\"Users\":
      [\"abcde\", \"defgh\"], \"Groups\": [\"ghijk\", \"jklmn\"], \"DefaultRolloutPercentage\":
      100}}}]}}", "last_modified": "2022-08-17T00:04:48.000Z", "tags": {}, "locked":
      false, "etag": "GkCtSQzBWIWoqrDdU9Z4vml325kk35yMgPVffK-UP9A"}'
    headers:
      Accept:
      - application/vnd.microsoft.appconfig.kv+json, application/json, application/problem+json
      Accept-Encoding:
      - gzip, deflate
      Connection:
      - keep-alive
      Content-Length:
      - '836'
      Content-Type:
      - application/vnd.microsoft.appconfig.kv+json
      Sync-Token:
      - zAJw6V16=ODo1IzkwOTY5NjM=
      User-Agent:
      - azsdk-python-appconfiguration/1.4.0 Python/3.9.2 (Windows-10-10.0.22000-SP0)
    method: PUT
    uri: https://fake_app_config.azconfig-test.io/kv/.appconfig.featureflag%2Fnewflag?api-version=1.0
  response:
    body:
      string: '{"etag":"rl12FzaU2Li2j5Ih0da0X3QTM-5GE-Oo1gFuBui1u6Y","key":".appconfig.featureflag/newflag","label":null,"content_type":"application/vnd.microsoft.appconfig.ff+json;charset=utf-8","value":"{\"enabled\":
        true, \"conditions\": {\"client_filters\": [{\"name\": \"Microsoft.Targeting\",
        \"parameters\": {\"Audience\": {\"Users\": [\"abc\", \"def\"], \"Groups\":
        [\"ghi\", \"jkl\"], \"DefaultRolloutPercentage\": 80}}}, {\"name\": \"Microsoft.Targeting\",
        \"parameters\": {\"Audience\": {\"Users\": [\"abcd\", \"defg\"], \"Groups\":
        [\"ghij\", \"jklm\"], \"DefaultRolloutPercentage\": 50}}}, {\"name\": \"Microsoft.Targeting\",
        \"parameters\": {\"Audience\": {\"Users\": [\"abcde\", \"defgh\"], \"Groups\":
        [\"ghijk\", \"jklmn\"], \"DefaultRolloutPercentage\": 100}}}]}}","tags":{},"locked":false,"last_modified":"2022-08-17T00:04:48+00:00"}'
    headers:
      access-control-allow-credentials:
      - 'true'
      access-control-allow-origin:
      - '*'
      access-control-expose-headers:
      - DNT, X-CustomHeader, Keep-Alive, User-Agent, X-Requested-With, If-Modified-Since,
        Cache-Control, Content-Type, Authorization, x-ms-client-request-id, x-ms-useragent,
        x-ms-content-sha256, x-ms-date, host, Accept, Accept-Datetime, Date, If-Match,
        If-None-Match, Sync-Token, x-ms-return-client-request-id, ETag, Last-Modified,
        Link, Memento-Datetime, retry-after-ms, x-ms-request-id, x-ms-client-session-id,
        x-ms-effective-locale, WWW-Authenticate, traceparent, tracestate
      connection:
      - keep-alive
      content-type:
      - application/vnd.microsoft.appconfig.kv+json; charset=utf-8
      date:
      - Wed, 17 Aug 2022 00:04:48 GMT
      etag:
      - '"rl12FzaU2Li2j5Ih0da0X3QTM-5GE-Oo1gFuBui1u6Y"'
      last-modified:
      - Wed, 17 Aug 2022 00:04:48 GMT
      server:
      - openresty/1.17.8.2
      strict-transport-security:
      - max-age=15724800; includeSubDomains
      sync-token:
      - zAJw6V16=ODo1IzkwOTY5NjU=;sn=9096965
      transfer-encoding:
      - chunked
    status:
      code: 200
      message: OK
- request:
    body: null
    headers:
      Accept:
      - application/vnd.microsoft.appconfig.kv+json, application/json, application/problem+json
      Accept-Encoding:
      - gzip, deflate
      Connection:
      - keep-alive
      Content-Length:
      - '0'
      Sync-Token:
      - zAJw6V16=ODo1IzkwOTY5NjU=
      User-Agent:
      - azsdk-python-appconfiguration/1.4.0 Python/3.9.2 (Windows-10-10.0.22000-SP0)
    method: DELETE
    uri: https://fake_app_config.azconfig-test.io/kv/.appconfig.featureflag%2Fnewflag?api-version=1.0
  response:
    body:
      string: '{"etag":"rl12FzaU2Li2j5Ih0da0X3QTM-5GE-Oo1gFuBui1u6Y","key":".appconfig.featureflag/newflag","label":null,"content_type":"application/vnd.microsoft.appconfig.ff+json;charset=utf-8","value":"{\"enabled\":
        true, \"conditions\": {\"client_filters\": [{\"name\": \"Microsoft.Targeting\",
        \"parameters\": {\"Audience\": {\"Users\": [\"abc\", \"def\"], \"Groups\":
        [\"ghi\", \"jkl\"], \"DefaultRolloutPercentage\": 80}}}, {\"name\": \"Microsoft.Targeting\",
        \"parameters\": {\"Audience\": {\"Users\": [\"abcd\", \"defg\"], \"Groups\":
        [\"ghij\", \"jklm\"], \"DefaultRolloutPercentage\": 50}}}, {\"name\": \"Microsoft.Targeting\",
        \"parameters\": {\"Audience\": {\"Users\": [\"abcde\", \"defgh\"], \"Groups\":
        [\"ghijk\", \"jklmn\"], \"DefaultRolloutPercentage\": 100}}}]}}","tags":{},"locked":false,"last_modified":"2022-08-17T00:04:48+00:00"}'
    headers:
      access-control-allow-credentials:
      - 'true'
      access-control-allow-origin:
      - '*'
      access-control-expose-headers:
      - DNT, X-CustomHeader, Keep-Alive, User-Agent, X-Requested-With, If-Modified-Since,
        Cache-Control, Content-Type, Authorization, x-ms-client-request-id, x-ms-useragent,
        x-ms-content-sha256, x-ms-date, host, Accept, Accept-Datetime, Date, If-Match,
        If-None-Match, Sync-Token, x-ms-return-client-request-id, ETag, Last-Modified,
        Link, Memento-Datetime, retry-after-ms, x-ms-request-id, x-ms-client-session-id,
        x-ms-effective-locale, WWW-Authenticate, traceparent, tracestate
      connection:
      - keep-alive
      content-type:
      - application/vnd.microsoft.appconfig.kv+json; charset=utf-8
      date:
      - Wed, 17 Aug 2022 00:04:48 GMT
      etag:
      - '"rl12FzaU2Li2j5Ih0da0X3QTM-5GE-Oo1gFuBui1u6Y"'
      last-modified:
      - Wed, 17 Aug 2022 00:04:48 GMT
      server:
      - openresty/1.17.8.2
      strict-transport-security:
      - max-age=15724800; includeSubDomains
      sync-token:
      - zAJw6V16=ODo1IzkwOTY5Njc=;sn=9096967
      transfer-encoding:
      - chunked
    status:
      code: 200
      message: OK
version: 1
