{
  "Entries": [
    {
      "RequestUri": "https://fake_app_config.azconfig-test.io/kv/.appconfig.featureflag%2Ftime_window?api-version=1.0",
      "RequestMethod": "PUT",
      "RequestHeaders": {
        "Accept": "application/vnd.microsoft.appconfig.kv\u002Bjson, application/json, application/problem\u002Bjson",
        "Accept-Encoding": "gzip, deflate",
        "Content-Length": "352",
        "Content-Type": "application/json",
        "User-Agent": "azsdk-python-appconfiguration/1.4.0 Python/3.9.2 (Windows-10-10.0.22000-SP0)",
        "x-ms-content-sha256": "DxkLSyTPlAZ7y269cyW8FzbN1FGoZdbTffY\u002BPFGXCAE=",
        "x-ms-date": "Sep, 28 2022 07:43:36.516160 GMT"
      },
      "RequestBody": {
        "key": ".appconfig.featureflag/time_window",
        "content_type": "application/vnd.microsoft.appconfig.ff\u002Bjson;charset=utf-8",
        "value": "{\u0022enabled\u0022: true, \u0022conditions\u0022: {\u0022client_filters\u0022: [{\u0022name\u0022: \u0022Microsoft.TimeWindow\u0022, \u0022parameters\u0022: {\u0022Start\u0022: \u0022Wed, 10 Mar 2021 05:00:00 GMT\u0022, \u0022End\u0022: \u0022Fri, 02 Apr 2021 04:00:00 GMT\u0022}}]}}",
        "tags": {}
      },
      "StatusCode": 200,
      "ResponseHeaders": {
        "Access-Control-Allow-Credentials": "true",
        "Access-Control-Allow-Origin": "*",
        "Access-Control-Expose-Headers": "DNT, X-CustomHeader, Keep-Alive, User-Agent, X-Requested-With, If-Modified-Since, Cache-Control, Content-Type, Authorization, x-ms-client-request-id, x-ms-useragent, x-ms-content-sha256, x-ms-date, host, Accept, Accept-Datetime, Date, If-Match, If-None-Match, Sync-Token, x-ms-return-client-request-id, ETag, Last-Modified, Link, Memento-Datetime, retry-after-ms, x-ms-request-id, x-ms-client-session-id, x-ms-effective-locale, WWW-Authenticate, traceparent, tracestate",
        "Connection": "keep-alive",
        "Content-Type": "application/vnd.microsoft.appconfig.kv\u002Bjson; charset=utf-8",
        "Date": "Wed, 28 Sep 2022 07:43:36 GMT",
        "ETag": "\u0022OfiUrwhUn5YvuMoyq8gfdkoFtjjiTBvVotCpihw3bTE\u0022",
        "Last-Modified": "Wed, 28 Sep 2022 07:43:36 GMT",
        "Server": "openresty/1.17.8.2",
        "Strict-Transport-Security": "max-age=15724800; includeSubDomains",
        "Sync-Token": "zAJw6V16=Mzo1IzY3OTgyMjU=;sn=6798225",
        "Transfer-Encoding": "chunked",
        "x-ms-correlation-request-id": "46fb4811-6b40-49b7-b1bb-dc2d9f81c07c"
      },
      "ResponseBody": {
        "etag": "OfiUrwhUn5YvuMoyq8gfdkoFtjjiTBvVotCpihw3bTE",
        "key": ".appconfig.featureflag/time_window",
        "label": null,
        "content_type": "application/vnd.microsoft.appconfig.ff\u002Bjson;charset=utf-8",
        "value": "{\u0022enabled\u0022: true, \u0022conditions\u0022: {\u0022client_filters\u0022: [{\u0022name\u0022: \u0022Microsoft.TimeWindow\u0022, \u0022parameters\u0022: {\u0022Start\u0022: \u0022Wed, 10 Mar 2021 05:00:00 GMT\u0022, \u0022End\u0022: \u0022Fri, 02 Apr 2021 04:00:00 GMT\u0022}}]}}",
        "tags": {},
        "locked": false,
        "last_modified": "2022-09-28T07:43:36\u002B00:00"
      }
    },
    {
      "RequestUri": "https://fake_app_config.azconfig-test.io/kv/.appconfig.featureflag%2Ftime_window?api-version=1.0",
      "RequestMethod": "PUT",
      "RequestHeaders": {
        "Accept": "application/vnd.microsoft.appconfig.kv\u002Bjson, application/json, application/problem\u002Bjson",
        "Accept-Encoding": "gzip, deflate",
        "Content-Length": "471",
        "Content-Type": "application/json",
        "Sync-Token": "zAJw6V16=Mzo1IzY3OTgyMjU=",
        "User-Agent": "azsdk-python-appconfiguration/1.4.0 Python/3.9.2 (Windows-10-10.0.22000-SP0)",
        "x-ms-content-sha256": "jwLCs8vdJKXItGT/utniynoq7gTidceWgur9X3Wwcvg=",
        "x-ms-date": "Sep, 28 2022 07:43:36.559611 GMT"
      },
      "RequestBody": {
        "key": ".appconfig.featureflag/time_window",
        "content_type": "application/vnd.microsoft.appconfig.ff\u002Bjson;charset=utf-8",
        "value": "{\u0022enabled\u0022: true, \u0022conditions\u0022: {\u0022client_filters\u0022: [{\u0022name\u0022: \u0022Microsoft.TimeWindow\u0022, \u0022parameters\u0022: {\u0022Start\u0022: \u0022Thurs, 11 Mar 2021 05:00:00 GMT\u0022, \u0022End\u0022: \u0022Fri, 02 Apr 2021 04:00:00 GMT\u0022}}]}}",
        "last_modified": "2022-09-28T07:43:36.000Z",
        "tags": {},
        "locked": false,
        "etag": "OfiUrwhUn5YvuMoyq8gfdkoFtjjiTBvVotCpihw3bTE"
      },
      "StatusCode": 200,
      "ResponseHeaders": {
        "Access-Control-Allow-Credentials": "true",
        "Access-Control-Allow-Origin": "*",
        "Access-Control-Expose-Headers": "DNT, X-CustomHeader, Keep-Alive, User-Agent, X-Requested-With, If-Modified-Since, Cache-Control, Content-Type, Authorization, x-ms-client-request-id, x-ms-useragent, x-ms-content-sha256, x-ms-date, host, Accept, Accept-Datetime, Date, If-Match, If-None-Match, Sync-Token, x-ms-return-client-request-id, ETag, Last-Modified, Link, Memento-Datetime, retry-after-ms, x-ms-request-id, x-ms-client-session-id, x-ms-effective-locale, WWW-Authenticate, traceparent, tracestate",
        "Connection": "keep-alive",
        "Content-Type": "application/vnd.microsoft.appconfig.kv\u002Bjson; charset=utf-8",
        "Date": "Wed, 28 Sep 2022 07:43:36 GMT",
        "ETag": "\u0022PTShi2Qefeo4BJjolgNFMHvBIqknk5Y77X8PNCmdRXI\u0022",
        "Last-Modified": "Wed, 28 Sep 2022 07:43:36 GMT",
        "Server": "openresty/1.17.8.2",
        "Strict-Transport-Security": "max-age=15724800; includeSubDomains",
        "Sync-Token": "zAJw6V16=Mzo1IzY3OTgyMjc=;sn=6798227",
        "Transfer-Encoding": "chunked",
        "x-ms-correlation-request-id": "bc8b1d3f-b7e6-418a-8604-79de0e661954"
      },
      "ResponseBody": {
        "etag": "PTShi2Qefeo4BJjolgNFMHvBIqknk5Y77X8PNCmdRXI",
        "key": ".appconfig.featureflag/time_window",
        "label": null,
        "content_type": "application/vnd.microsoft.appconfig.ff\u002Bjson;charset=utf-8",
        "value": "{\u0022enabled\u0022: true, \u0022conditions\u0022: {\u0022client_filters\u0022: [{\u0022name\u0022: \u0022Microsoft.TimeWindow\u0022, \u0022parameters\u0022: {\u0022Start\u0022: \u0022Thurs, 11 Mar 2021 05:00:00 GMT\u0022, \u0022End\u0022: \u0022Fri, 02 Apr 2021 04:00:00 GMT\u0022}}]}}",
        "tags": {},
        "locked": false,
        "last_modified": "2022-09-28T07:43:36\u002B00:00"
      }
    },
    {
      "RequestUri": "https://fake_app_config.azconfig-test.io/kv/.appconfig.featureflag%2Ftime_window?api-version=1.0",
      "RequestMethod": "DELETE",
      "RequestHeaders": {
        "Accept": "application/vnd.microsoft.appconfig.kv\u002Bjson, application/json, application/problem\u002Bjson",
        "Accept-Encoding": "gzip, deflate",
        "Content-Length": "0",
        "Sync-Token": "zAJw6V16=Mzo1IzY3OTgyMjc=",
        "User-Agent": "azsdk-python-appconfiguration/1.4.0 Python/3.9.2 (Windows-10-10.0.22000-SP0)",
        "x-ms-content-sha256": "47DEQpj8HBSa\u002B/TImW\u002B5JCeuQeRkm5NMpJWZG3hSuFU=",
        "x-ms-date": "Sep, 28 2022 07:43:36.597200 GMT"
      },
      "RequestBody": null,
      "StatusCode": 200,
      "ResponseHeaders": {
        "Access-Control-Allow-Credentials": "true",
        "Access-Control-Allow-Origin": "*",
        "Access-Control-Expose-Headers": "DNT, X-CustomHeader, Keep-Alive, User-Agent, X-Requested-With, If-Modified-Since, Cache-Control, Content-Type, Authorization, x-ms-client-request-id, x-ms-useragent, x-ms-content-sha256, x-ms-date, host, Accept, Accept-Datetime, Date, If-Match, If-None-Match, Sync-Token, x-ms-return-client-request-id, ETag, Last-Modified, Link, Memento-Datetime, retry-after-ms, x-ms-request-id, x-ms-client-session-id, x-ms-effective-locale, WWW-Authenticate, traceparent, tracestate",
        "Connection": "keep-alive",
        "Content-Type": "application/vnd.microsoft.appconfig.kv\u002Bjson; charset=utf-8",
        "Date": "Wed, 28 Sep 2022 07:43:36 GMT",
        "ETag": "\u0022PTShi2Qefeo4BJjolgNFMHvBIqknk5Y77X8PNCmdRXI\u0022",
        "Last-Modified": "Wed, 28 Sep 2022 07:43:36 GMT",
        "Server": "openresty/1.17.8.2",
        "Strict-Transport-Security": "max-age=15724800; includeSubDomains",
        "Sync-Token": "zAJw6V16=Mzo1IzY3OTgyMjk=;sn=6798229",
        "Transfer-Encoding": "chunked",
        "x-ms-correlation-request-id": "bbd59799-a9bc-4fd5-b21d-293b9ded6004"
      },
      "ResponseBody": {
        "etag": "PTShi2Qefeo4BJjolgNFMHvBIqknk5Y77X8PNCmdRXI",
        "key": ".appconfig.featureflag/time_window",
        "label": null,
        "content_type": "application/vnd.microsoft.appconfig.ff\u002Bjson;charset=utf-8",
        "value": "{\u0022enabled\u0022: true, \u0022conditions\u0022: {\u0022client_filters\u0022: [{\u0022name\u0022: \u0022Microsoft.TimeWindow\u0022, \u0022parameters\u0022: {\u0022Start\u0022: \u0022Thurs, 11 Mar 2021 05:00:00 GMT\u0022, \u0022End\u0022: \u0022Fri, 02 Apr 2021 04:00:00 GMT\u0022}}]}}",
        "tags": {},
        "locked": false,
        "last_modified": "2022-09-28T07:43:36\u002B00:00"
      }
    }
  ],
  "Variables": {}
}
