{
  "Entries": [
    {
      "RequestUri": "https://fake_app_config.azconfig-test.io/kv/.appconfig.featureflag%2Fnewflag?api-version=1.0",
      "RequestMethod": "PUT",
      "RequestHeaders": {
        "Accept": "application/vnd.microsoft.appconfig.kv\u002Bjson, application/json, application/problem\u002Bjson",
        "Accept-Encoding": "gzip, deflate",
        "Connection": "keep-alive",
        "Content-Length": "370",
        "Content-Type": "application/vnd.microsoft.appconfig.kv\u002Bjson",
        "User-Agent": "azsdk-python-appconfiguration/1.4.0 Python/3.9.2 (Windows-10-10.0.22000-SP0)",
        "x-ms-content-sha256": "2gh0Fne7Pf53APGPkI8w/6LOzn0FuRgFab7ip1kqIa0=",
        "x-ms-date": "Aug, 24 2022 02:32:09.645165 GMT"
      },
      "RequestBody": {
        "key": ".appconfig.featureflag/newflag",
        "content_type": "application/vnd.microsoft.appconfig.ff\u002Bjson;charset=utf-8",
        "value": "{\u0022enabled\u0022: true, \u0022conditions\u0022: {\u0022client_filters\u0022: [{\u0022name\u0022: \u0022Microsoft.Targeting\u0022, \u0022parameters\u0022: {\u0022Audience\u0022: {\u0022Users\u0022: [\u0022abc\u0022, \u0022def\u0022], \u0022Groups\u0022: [\u0022ghi\u0022, \u0022jkl\u0022], \u0022DefaultRolloutPercentage\u0022: 75}}}]}}",
        "tags": {}
      },
      "StatusCode": 200,
      "ResponseHeaders": {
        "Access-Control-Allow-Credentials": "true",
        "Access-Control-Allow-Origin": "*",
        "Access-Control-Expose-Headers": "DNT, X-CustomHeader, Keep-Alive, User-Agent, X-Requested-With, If-Modified-Since, Cache-Control, Content-Type, Authorization, x-ms-client-request-id, x-ms-useragent, x-ms-content-sha256, x-ms-date, host, Accept, Accept-Datetime, Date, If-Match, If-None-Match, Sync-Token, x-ms-return-client-request-id, ETag, Last-Modified, Link, Memento-Datetime, retry-after-ms, x-ms-request-id, x-ms-client-session-id, x-ms-effective-locale, WWW-Authenticate, traceparent, tracestate",
        "Connection": "keep-alive",
        "Content-Type": "application/vnd.microsoft.appconfig.kv\u002Bjson; charset=utf-8",
        "Date": "Wed, 24 Aug 2022 02:32:08 GMT",
        "ETag": "\u0022qslL56oRZ6wGbhKeHhHLvi_--r3G3DcpEoc4gUnYClM\u0022",
        "Last-Modified": "Wed, 24 Aug 2022 02:32:08 GMT",
        "Server": "openresty/1.17.8.2",
        "Strict-Transport-Security": "max-age=15724800; includeSubDomains",
        "Sync-Token": "zAJw6V16=NTo1IzExNjgzMDA2;sn=11683006",
        "Transfer-Encoding": "chunked",
        "x-ms-correlation-request-id": "e029a88f-d3da-498d-9d23-a3369918f9c7"
      },
      "ResponseBody": {
        "etag": "qslL56oRZ6wGbhKeHhHLvi_--r3G3DcpEoc4gUnYClM",
        "key": ".appconfig.featureflag/newflag",
        "label": null,
        "content_type": "application/vnd.microsoft.appconfig.ff\u002Bjson;charset=utf-8",
        "value": "{\u0022enabled\u0022: true, \u0022conditions\u0022: {\u0022client_filters\u0022: [{\u0022name\u0022: \u0022Microsoft.Targeting\u0022, \u0022parameters\u0022: {\u0022Audience\u0022: {\u0022Users\u0022: [\u0022abc\u0022, \u0022def\u0022], \u0022Groups\u0022: [\u0022ghi\u0022, \u0022jkl\u0022], \u0022DefaultRolloutPercentage\u0022: 75}}}]}}",
        "tags": {},
        "locked": false,
        "last_modified": "2022-08-24T02:32:08\u002B00:00"
      }
    },
    {
      "RequestUri": "https://fake_app_config.azconfig-test.io/kv/.appconfig.featureflag%2Fnewflag?api-version=1.0",
      "RequestMethod": "PUT",
      "RequestHeaders": {
        "Accept": "application/vnd.microsoft.appconfig.kv\u002Bjson, application/json, application/problem\u002Bjson",
        "Accept-Encoding": "gzip, deflate",
        "Connection": "keep-alive",
        "Content-Length": "487",
        "Content-Type": "application/vnd.microsoft.appconfig.kv\u002Bjson",
        "Sync-Token": "zAJw6V16=NTo1IzExNjgzMDA2",
        "User-Agent": "azsdk-python-appconfiguration/1.4.0 Python/3.9.2 (Windows-10-10.0.22000-SP0)",
        "x-ms-content-sha256": "NF47ZruMPY2YidvhdNmeicPEFxcnmt/6Z/lmcB6EWKc=",
        "x-ms-date": "Aug, 24 2022 02:32:09.705135 GMT"
      },
      "RequestBody": {
        "key": ".appconfig.featureflag/newflag",
        "content_type": "application/vnd.microsoft.appconfig.ff\u002Bjson;charset=utf-8",
        "value": "{\u0022enabled\u0022: true, \u0022conditions\u0022: {\u0022client_filters\u0022: [{\u0022name\u0022: \u0022Microsoft.Targeting\u0022, \u0022parameters\u0022: {\u0022Audience\u0022: {\u0022Users\u0022: [\u0022abc\u0022, \u0022def\u0022], \u0022Groups\u0022: [\u0022ghi\u0022, \u0022jkl\u0022], \u0022DefaultRolloutPercentage\u0022: 80}}}]}}",
        "last_modified": "2022-08-24T02:32:08.000Z",
        "tags": {},
        "locked": false,
        "etag": "qslL56oRZ6wGbhKeHhHLvi_--r3G3DcpEoc4gUnYClM"
      },
      "StatusCode": 200,
      "ResponseHeaders": {
        "Access-Control-Allow-Credentials": "true",
        "Access-Control-Allow-Origin": "*",
        "Access-Control-Expose-Headers": "DNT, X-CustomHeader, Keep-Alive, User-Agent, X-Requested-With, If-Modified-Since, Cache-Control, Content-Type, Authorization, x-ms-client-request-id, x-ms-useragent, x-ms-content-sha256, x-ms-date, host, Accept, Accept-Datetime, Date, If-Match, If-None-Match, Sync-Token, x-ms-return-client-request-id, ETag, Last-Modified, Link, Memento-Datetime, retry-after-ms, x-ms-request-id, x-ms-client-session-id, x-ms-effective-locale, WWW-Authenticate, traceparent, tracestate",
        "Connection": "keep-alive",
        "Content-Type": "application/vnd.microsoft.appconfig.kv\u002Bjson; charset=utf-8",
        "Date": "Wed, 24 Aug 2022 02:32:08 GMT",
        "ETag": "\u0022drXC6wvhqhQJ79Oh74J2WZm2rkVTjI0UTwkqUL58Gm0\u0022",
        "Last-Modified": "Wed, 24 Aug 2022 02:32:08 GMT",
        "Server": "openresty/1.17.8.2",
        "Strict-Transport-Security": "max-age=15724800; includeSubDomains",
        "Sync-Token": "zAJw6V16=NTo1IzExNjgzMDA4;sn=11683008",
        "Transfer-Encoding": "chunked",
        "x-ms-correlation-request-id": "f98e657b-5505-460e-a3e5-c8df42f37cae"
      },
      "ResponseBody": {
        "etag": "drXC6wvhqhQJ79Oh74J2WZm2rkVTjI0UTwkqUL58Gm0",
        "key": ".appconfig.featureflag/newflag",
        "label": null,
        "content_type": "application/vnd.microsoft.appconfig.ff\u002Bjson;charset=utf-8",
        "value": "{\u0022enabled\u0022: true, \u0022conditions\u0022: {\u0022client_filters\u0022: [{\u0022name\u0022: \u0022Microsoft.Targeting\u0022, \u0022parameters\u0022: {\u0022Audience\u0022: {\u0022Users\u0022: [\u0022abc\u0022, \u0022def\u0022], \u0022Groups\u0022: [\u0022ghi\u0022, \u0022jkl\u0022], \u0022DefaultRolloutPercentage\u0022: 80}}}]}}",
        "tags": {},
        "locked": false,
        "last_modified": "2022-08-24T02:32:08\u002B00:00"
      }
    },
    {
      "RequestUri": "https://fake_app_config.azconfig-test.io/kv/.appconfig.featureflag%2Fnewflag?api-version=1.0",
      "RequestMethod": "PUT",
      "RequestHeaders": {
        "Accept": "application/vnd.microsoft.appconfig.kv\u002Bjson, application/json, application/problem\u002Bjson",
        "Accept-Encoding": "gzip, deflate",
        "Connection": "keep-alive",
        "Content-Length": "836",
        "Content-Type": "application/vnd.microsoft.appconfig.kv\u002Bjson",
        "Sync-Token": "zAJw6V16=NTo1IzExNjgzMDA4",
        "User-Agent": "azsdk-python-appconfiguration/1.4.0 Python/3.9.2 (Windows-10-10.0.22000-SP0)",
        "x-ms-content-sha256": "fSBuxRRzvs9ZSPSuT1cHEVwAAGg7XdCJTuVzqiGx2c8=",
        "x-ms-date": "Aug, 24 2022 02:32:09.758863 GMT"
      },
      "RequestBody": {
        "key": ".appconfig.featureflag/newflag",
        "content_type": "application/vnd.microsoft.appconfig.ff\u002Bjson;charset=utf-8",
        "value": "{\u0022enabled\u0022: true, \u0022conditions\u0022: {\u0022client_filters\u0022: [{\u0022name\u0022: \u0022Microsoft.Targeting\u0022, \u0022parameters\u0022: {\u0022Audience\u0022: {\u0022Users\u0022: [\u0022abc\u0022, \u0022def\u0022], \u0022Groups\u0022: [\u0022ghi\u0022, \u0022jkl\u0022], \u0022DefaultRolloutPercentage\u0022: 80}}}, {\u0022name\u0022: \u0022Microsoft.Targeting\u0022, \u0022parameters\u0022: {\u0022Audience\u0022: {\u0022Users\u0022: [\u0022abcd\u0022, \u0022defg\u0022], \u0022Groups\u0022: [\u0022ghij\u0022, \u0022jklm\u0022], \u0022DefaultRolloutPercentage\u0022: 50}}}, {\u0022name\u0022: \u0022Microsoft.Targeting\u0022, \u0022parameters\u0022: {\u0022Audience\u0022: {\u0022Users\u0022: [\u0022abcde\u0022, \u0022defgh\u0022], \u0022Groups\u0022: [\u0022ghijk\u0022, \u0022jklmn\u0022], \u0022DefaultRolloutPercentage\u0022: 100}}}]}}",
        "last_modified": "2022-08-24T02:32:08.000Z",
        "tags": {},
        "locked": false,
        "etag": "drXC6wvhqhQJ79Oh74J2WZm2rkVTjI0UTwkqUL58Gm0"
      },
      "StatusCode": 200,
      "ResponseHeaders": {
        "Access-Control-Allow-Credentials": "true",
        "Access-Control-Allow-Origin": "*",
        "Access-Control-Expose-Headers": "DNT, X-CustomHeader, Keep-Alive, User-Agent, X-Requested-With, If-Modified-Since, Cache-Control, Content-Type, Authorization, x-ms-client-request-id, x-ms-useragent, x-ms-content-sha256, x-ms-date, host, Accept, Accept-Datetime, Date, If-Match, If-None-Match, Sync-Token, x-ms-return-client-request-id, ETag, Last-Modified, Link, Memento-Datetime, retry-after-ms, x-ms-request-id, x-ms-client-session-id, x-ms-effective-locale, WWW-Authenticate, traceparent, tracestate",
        "Connection": "keep-alive",
        "Content-Type": "application/vnd.microsoft.appconfig.kv\u002Bjson; charset=utf-8",
        "Date": "Wed, 24 Aug 2022 02:32:08 GMT",
        "ETag": "\u0022IJnzTF2HrM4TBEBwKUM3Pc2_yZma6oLECMMYtZw5vlw\u0022",
        "Last-Modified": "Wed, 24 Aug 2022 02:32:08 GMT",
        "Server": "openresty/1.17.8.2",
        "Strict-Transport-Security": "max-age=15724800; includeSubDomains",
        "Sync-Token": "zAJw6V16=NTo1IzExNjgzMDEw;sn=11683010",
        "Transfer-Encoding": "chunked",
        "x-ms-correlation-request-id": "105e7d50-b1aa-4a3d-8dfc-23f0d2d7d129"
      },
      "ResponseBody": {
        "etag": "IJnzTF2HrM4TBEBwKUM3Pc2_yZma6oLECMMYtZw5vlw",
        "key": ".appconfig.featureflag/newflag",
        "label": null,
        "content_type": "application/vnd.microsoft.appconfig.ff\u002Bjson;charset=utf-8",
        "value": "{\u0022enabled\u0022: true, \u0022conditions\u0022: {\u0022client_filters\u0022: [{\u0022name\u0022: \u0022Microsoft.Targeting\u0022, \u0022parameters\u0022: {\u0022Audience\u0022: {\u0022Users\u0022: [\u0022abc\u0022, \u0022def\u0022], \u0022Groups\u0022: [\u0022ghi\u0022, \u0022jkl\u0022], \u0022DefaultRolloutPercentage\u0022: 80}}}, {\u0022name\u0022: \u0022Microsoft.Targeting\u0022, \u0022parameters\u0022: {\u0022Audience\u0022: {\u0022Users\u0022: [\u0022abcd\u0022, \u0022defg\u0022], \u0022Groups\u0022: [\u0022ghij\u0022, \u0022jklm\u0022], \u0022DefaultRolloutPercentage\u0022: 50}}}, {\u0022name\u0022: \u0022Microsoft.Targeting\u0022, \u0022parameters\u0022: {\u0022Audience\u0022: {\u0022Users\u0022: [\u0022abcde\u0022, \u0022defgh\u0022], \u0022Groups\u0022: [\u0022ghijk\u0022, \u0022jklmn\u0022], \u0022DefaultRolloutPercentage\u0022: 100}}}]}}",
        "tags": {},
        "locked": false,
        "last_modified": "2022-08-24T02:32:08\u002B00:00"
      }
    },
    {
      "RequestUri": "https://fake_app_config.azconfig-test.io/kv/.appconfig.featureflag%2Fnewflag?api-version=1.0",
      "RequestMethod": "DELETE",
      "RequestHeaders": {
        "Accept": "application/vnd.microsoft.appconfig.kv\u002Bjson, application/json, application/problem\u002Bjson",
        "Accept-Encoding": "gzip, deflate",
        "Connection": "keep-alive",
        "Content-Length": "0",
        "Sync-Token": "zAJw6V16=NTo1IzExNjgzMDEw",
        "User-Agent": "azsdk-python-appconfiguration/1.4.0 Python/3.9.2 (Windows-10-10.0.22000-SP0)",
        "x-ms-content-sha256": "47DEQpj8HBSa\u002B/TImW\u002B5JCeuQeRkm5NMpJWZG3hSuFU=",
        "x-ms-date": "Aug, 24 2022 02:32:09.806447 GMT"
      },
      "RequestBody": null,
      "StatusCode": 200,
      "ResponseHeaders": {
        "Access-Control-Allow-Credentials": "true",
        "Access-Control-Allow-Origin": "*",
        "Access-Control-Expose-Headers": "DNT, X-CustomHeader, Keep-Alive, User-Agent, X-Requested-With, If-Modified-Since, Cache-Control, Content-Type, Authorization, x-ms-client-request-id, x-ms-useragent, x-ms-content-sha256, x-ms-date, host, Accept, Accept-Datetime, Date, If-Match, If-None-Match, Sync-Token, x-ms-return-client-request-id, ETag, Last-Modified, Link, Memento-Datetime, retry-after-ms, x-ms-request-id, x-ms-client-session-id, x-ms-effective-locale, WWW-Authenticate, traceparent, tracestate",
        "Connection": "keep-alive",
        "Content-Type": "application/vnd.microsoft.appconfig.kv\u002Bjson; charset=utf-8",
        "Date": "Wed, 24 Aug 2022 02:32:08 GMT",
        "ETag": "\u0022IJnzTF2HrM4TBEBwKUM3Pc2_yZma6oLECMMYtZw5vlw\u0022",
        "Last-Modified": "Wed, 24 Aug 2022 02:32:08 GMT",
        "Server": "openresty/1.17.8.2",
        "Strict-Transport-Security": "max-age=15724800; includeSubDomains",
        "Sync-Token": "zAJw6V16=NTo1IzExNjgzMDEy;sn=11683012",
        "Transfer-Encoding": "chunked",
        "x-ms-correlation-request-id": "67e5282a-afa6-4c94-9913-a3dfb52ef33b"
      },
      "ResponseBody": {
        "etag": "IJnzTF2HrM4TBEBwKUM3Pc2_yZma6oLECMMYtZw5vlw",
        "key": ".appconfig.featureflag/newflag",
        "label": null,
        "content_type": "application/vnd.microsoft.appconfig.ff\u002Bjson;charset=utf-8",
        "value": "{\u0022enabled\u0022: true, \u0022conditions\u0022: {\u0022client_filters\u0022: [{\u0022name\u0022: \u0022Microsoft.Targeting\u0022, \u0022parameters\u0022: {\u0022Audience\u0022: {\u0022Users\u0022: [\u0022abc\u0022, \u0022def\u0022], \u0022Groups\u0022: [\u0022ghi\u0022, \u0022jkl\u0022], \u0022DefaultRolloutPercentage\u0022: 80}}}, {\u0022name\u0022: \u0022Microsoft.Targeting\u0022, \u0022parameters\u0022: {\u0022Audience\u0022: {\u0022Users\u0022: [\u0022abcd\u0022, \u0022defg\u0022], \u0022Groups\u0022: [\u0022ghij\u0022, \u0022jklm\u0022], \u0022DefaultRolloutPercentage\u0022: 50}}}, {\u0022name\u0022: \u0022Microsoft.Targeting\u0022, \u0022parameters\u0022: {\u0022Audience\u0022: {\u0022Users\u0022: [\u0022abcde\u0022, \u0022defgh\u0022], \u0022Groups\u0022: [\u0022ghijk\u0022, \u0022jklmn\u0022], \u0022DefaultRolloutPercentage\u0022: 100}}}]}}",
        "tags": {},
        "locked": false,
        "last_modified": "2022-08-24T02:32:08\u002B00:00"
      }
    }
  ],
  "Variables": {}
}
