{
  "Entries": [
    {
      "RequestUri": "https://fake_app_config.azconfig-test.io/kv?key=PYTHON_UNIT_test_key_a6af8952-54a6-11e9-b600-2816a84d0309\u0026label=test_label1_1d7b2b28-549e-11e9-b51c-2816a84d0309\u0026api-version=1.0",
      "RequestMethod": "GET",
      "RequestHeaders": {
        "Accept": "application/vnd.microsoft.appconfig.kvset\u002Bjson, application/json, application/problem\u002Bjson",
        "Accept-Encoding": "gzip, deflate",
        "Connection": "keep-alive",
        "User-Agent": "azsdk-python-appconfiguration/1.4.0 Python/3.9.2 (Windows-10-10.0.22000-SP0)",
        "x-ms-content-sha256": "47DEQpj8HBSa\u002B/TImW\u002B5JCeuQeRkm5NMpJWZG3hSuFU=",
        "x-ms-date": "Aug, 23 2022 07:50:00.380377 GMT"
      },
      "RequestBody": null,
      "StatusCode": 200,
      "ResponseHeaders": {
        "Access-Control-Allow-Credentials": "true",
        "Access-Control-Allow-Origin": "*",
        "Access-Control-Expose-Headers": "DNT, X-CustomHeader, Keep-Alive, User-Agent, X-Requested-With, If-Modified-Since, Cache-Control, Content-Type, Authorization, x-ms-client-request-id, x-ms-useragent, x-ms-content-sha256, x-ms-date, host, Accept, Accept-Datetime, Date, If-Match, If-None-Match, Sync-Token, x-ms-return-client-request-id, ETag, Last-Modified, Link, Memento-Datetime, retry-after-ms, x-ms-request-id, x-ms-client-session-id, x-ms-effective-locale, WWW-Authenticate, traceparent, tracestate",
        "Connection": "keep-alive",
        "Content-Type": "application/vnd.microsoft.appconfig.kvset\u002Bjson; charset=utf-8",
        "Date": "Tue, 23 Aug 2022 07:49:59 GMT",
        "Server": "openresty/1.17.8.2",
        "Strict-Transport-Security": "max-age=15724800; includeSubDomains",
        "Sync-Token": "zAJw6V16=NTo1IzExNjQyNzc1;sn=11642775",
        "Transfer-Encoding": "chunked",
        "x-ms-correlation-request-id": "aea5dc9b-95ef-4e3d-9ebf-3d46e3e312fe"
      },
      "ResponseBody": {
        "items": []
      }
    },
    {
      "RequestUri": "https://fake_app_config.azconfig-test.io/kv/PYTHON_UNIT_test_key_a6af8952-54a6-11e9-b600-2816a84d0309?label=test_label1_1d7b2b28-549e-11e9-b51c-2816a84d0309\u0026api-version=1.0",
      "RequestMethod": "PUT",
      "RequestHeaders": {
        "Accept": "application/vnd.microsoft.appconfig.kv\u002Bjson, application/json, application/problem\u002Bjson",
        "Accept-Encoding": "gzip, deflate",
        "Connection": "keep-alive",
        "Content-Length": "231",
        "Content-Type": "application/vnd.microsoft.appconfig.kv\u002Bjson",
        "If-None-Match": "*",
        "Sync-Token": "zAJw6V16=NTo1IzExNjQyNzc1",
        "User-Agent": "azsdk-python-appconfiguration/1.4.0 Python/3.9.2 (Windows-10-10.0.22000-SP0)",
        "x-ms-content-sha256": "5b/E4qQlXHTRod\u002Bn\u002Bf\u002BxjK6c/tRVR8uxoC62FjvGJPw=",
        "x-ms-date": "Aug, 23 2022 07:50:00.468678 GMT"
      },
      "RequestBody": {
        "key": "PYTHON_UNIT_test_key_a6af8952-54a6-11e9-b600-2816a84d0309",
        "label": "test_label1_1d7b2b28-549e-11e9-b51c-2816a84d0309",
        "content_type": "test content type",
        "value": "test value",
        "tags": {
          "tag1": "tag1",
          "tag2": "tag2"
        }
      },
      "StatusCode": 200,
      "ResponseHeaders": {
        "Access-Control-Allow-Credentials": "true",
        "Access-Control-Allow-Origin": "*",
        "Access-Control-Expose-Headers": "DNT, X-CustomHeader, Keep-Alive, User-Agent, X-Requested-With, If-Modified-Since, Cache-Control, Content-Type, Authorization, x-ms-client-request-id, x-ms-useragent, x-ms-content-sha256, x-ms-date, host, Accept, Accept-Datetime, Date, If-Match, If-None-Match, Sync-Token, x-ms-return-client-request-id, ETag, Last-Modified, Link, Memento-Datetime, retry-after-ms, x-ms-request-id, x-ms-client-session-id, x-ms-effective-locale, WWW-Authenticate, traceparent, tracestate",
        "Connection": "keep-alive",
        "Content-Type": "application/vnd.microsoft.appconfig.kv\u002Bjson; charset=utf-8",
        "Date": "Tue, 23 Aug 2022 07:49:59 GMT",
        "ETag": "\u0022jiy-vlZAoKFzA_2Z-nXOxIXyW_Q5onINUU4hMTb2-Ww\u0022",
        "Last-Modified": "Tue, 23 Aug 2022 07:49:59 GMT",
        "Server": "openresty/1.17.8.2",
        "Strict-Transport-Security": "max-age=15724800; includeSubDomains",
        "Sync-Token": "zAJw6V16=NTo1IzExNjQyNzc2;sn=11642776",
        "Transfer-Encoding": "chunked",
        "x-ms-correlation-request-id": "ab9e43ed-d432-444c-9af5-b893a1f31537"
      },
      "ResponseBody": {
        "etag": "jiy-vlZAoKFzA_2Z-nXOxIXyW_Q5onINUU4hMTb2-Ww",
        "key": "PYTHON_UNIT_test_key_a6af8952-54a6-11e9-b600-2816a84d0309",
        "label": "test_label1_1d7b2b28-549e-11e9-b51c-2816a84d0309",
        "content_type": "test content type",
        "value": "test value",
        "tags": {
          "tag1": "tag1",
          "tag2": "tag2"
        },
        "locked": false,
        "last_modified": "2022-08-23T07:49:59\u002B00:00"
      }
    },
    {
      "RequestUri": "https://fake_app_config.azconfig-test.io/kv?key=PYTHON_UNIT_test_key_a6af8952-54a6-11e9-b600-2816a84d0309\u0026api-version=1.0",
      "RequestMethod": "GET",
      "RequestHeaders": {
        "Accept": "application/vnd.microsoft.appconfig.kvset\u002Bjson, application/json, application/problem\u002Bjson",
        "Accept-Encoding": "gzip, deflate",
        "Connection": "keep-alive",
        "Sync-Token": "zAJw6V16=NTo1IzExNjQyNzc2",
        "User-Agent": "azsdk-python-appconfiguration/1.4.0 Python/3.9.2 (Windows-10-10.0.22000-SP0)",
        "x-ms-content-sha256": "47DEQpj8HBSa\u002B/TImW\u002B5JCeuQeRkm5NMpJWZG3hSuFU=",
        "x-ms-date": "Aug, 23 2022 07:50:00.524616 GMT"
      },
      "RequestBody": null,
      "StatusCode": 200,
      "ResponseHeaders": {
        "Access-Control-Allow-Credentials": "true",
        "Access-Control-Allow-Origin": "*",
        "Access-Control-Expose-Headers": "DNT, X-CustomHeader, Keep-Alive, User-Agent, X-Requested-With, If-Modified-Since, Cache-Control, Content-Type, Authorization, x-ms-client-request-id, x-ms-useragent, x-ms-content-sha256, x-ms-date, host, Accept, Accept-Datetime, Date, If-Match, If-None-Match, Sync-Token, x-ms-return-client-request-id, ETag, Last-Modified, Link, Memento-Datetime, retry-after-ms, x-ms-request-id, x-ms-client-session-id, x-ms-effective-locale, WWW-Authenticate, traceparent, tracestate",
        "Connection": "keep-alive",
        "Content-Type": "application/vnd.microsoft.appconfig.kvset\u002Bjson; charset=utf-8",
        "Date": "Tue, 23 Aug 2022 07:49:59 GMT",
        "Server": "openresty/1.17.8.2",
        "Strict-Transport-Security": "max-age=15724800; includeSubDomains",
        "Sync-Token": "zAJw6V16=NTo1IzExNjQyNzc3;sn=11642777",
        "Transfer-Encoding": "chunked",
        "x-ms-correlation-request-id": "1d60a02a-2762-47a3-9542-3a39b4664cc4"
      },
      "ResponseBody": {
        "items": [
          {
            "etag": "jiy-vlZAoKFzA_2Z-nXOxIXyW_Q5onINUU4hMTb2-Ww",
            "key": "PYTHON_UNIT_test_key_a6af8952-54a6-11e9-b600-2816a84d0309",
            "label": "test_label1_1d7b2b28-549e-11e9-b51c-2816a84d0309",
            "content_type": "test content type",
            "value": "test value",
            "tags": {
              "tag1": "tag1",
              "tag2": "tag2"
            },
            "locked": false,
            "last_modified": "2022-08-23T07:49:59\u002B00:00"
          }
        ]
      }
    },
    {
      "RequestUri": "https://fake_app_config.azconfig-test.io/kv/PYTHON_UNIT_test_key_a6af8952-54a6-11e9-b600-2816a84d0309?api-version=1.0",
      "RequestMethod": "DELETE",
      "RequestHeaders": {
        "Accept": "application/vnd.microsoft.appconfig.kv\u002Bjson, application/json, application/problem\u002Bjson",
        "Accept-Encoding": "gzip, deflate",
        "Connection": "keep-alive",
        "Content-Length": "0",
        "Sync-Token": "zAJw6V16=NTo1IzExNjQyNzc3",
        "User-Agent": "azsdk-python-appconfiguration/1.4.0 Python/3.9.2 (Windows-10-10.0.22000-SP0)",
        "x-ms-content-sha256": "47DEQpj8HBSa\u002B/TImW\u002B5JCeuQeRkm5NMpJWZG3hSuFU=",
        "x-ms-date": "Aug, 23 2022 07:50:00.570901 GMT"
      },
      "RequestBody": null,
      "StatusCode": 204,
      "ResponseHeaders": {
        "Access-Control-Allow-Credentials": "true",
        "Access-Control-Allow-Origin": "*",
        "Access-Control-Expose-Headers": "DNT, X-CustomHeader, Keep-Alive, User-Agent, X-Requested-With, If-Modified-Since, Cache-Control, Content-Type, Authorization, x-ms-client-request-id, x-ms-useragent, x-ms-content-sha256, x-ms-date, host, Accept, Accept-Datetime, Date, If-Match, If-None-Match, Sync-Token, x-ms-return-client-request-id, ETag, Last-Modified, Link, Memento-Datetime, retry-after-ms, x-ms-request-id, x-ms-client-session-id, x-ms-effective-locale, WWW-Authenticate, traceparent, tracestate",
        "Connection": "keep-alive",
        "Content-Type": "application/vnd.microsoft.appconfig.kv\u002Bjson; charset=utf-8",
        "Date": "Tue, 23 Aug 2022 07:49:59 GMT",
        "Server": "openresty/1.17.8.2",
        "Strict-Transport-Security": "max-age=15724800; includeSubDomains",
        "x-ms-correlation-request-id": "bb426f14-268a-46e4-b240-92c49c50cfe5"
      },
      "ResponseBody": null
    },
    {
      "RequestUri": "https://fake_app_config.azconfig-test.io/kv/PYTHON_UNIT_test_key_a6af8952-54a6-11e9-b600-2816a84d0309?api-version=1.0",
      "RequestMethod": "PUT",
      "RequestHeaders": {
        "Accept": "application/vnd.microsoft.appconfig.kv\u002Bjson, application/json, application/problem\u002Bjson",
        "Accept-Encoding": "gzip, deflate",
        "Connection": "keep-alive",
        "Content-Length": "170",
        "Content-Type": "application/vnd.microsoft.appconfig.kv\u002Bjson",
        "If-None-Match": "*",
        "Sync-Token": "zAJw6V16=NTo1IzExNjQyNzc3",
        "User-Agent": "azsdk-python-appconfiguration/1.4.0 Python/3.9.2 (Windows-10-10.0.22000-SP0)",
        "x-ms-content-sha256": "4rt07HteiPg5NxofrgzMmlQPTVbo1no7aKxDSI5uUU4=",
        "x-ms-date": "Aug, 23 2022 07:50:00.620339 GMT"
      },
      "RequestBody": {
        "key": "PYTHON_UNIT_test_key_a6af8952-54a6-11e9-b600-2816a84d0309",
        "content_type": "test content type",
        "value": "test value",
        "tags": {
          "tag1": "tag1",
          "tag2": "tag2"
        }
      },
      "StatusCode": 200,
      "ResponseHeaders": {
        "Access-Control-Allow-Credentials": "true",
        "Access-Control-Allow-Origin": "*",
        "Access-Control-Expose-Headers": "DNT, X-CustomHeader, Keep-Alive, User-Agent, X-Requested-With, If-Modified-Since, Cache-Control, Content-Type, Authorization, x-ms-client-request-id, x-ms-useragent, x-ms-content-sha256, x-ms-date, host, Accept, Accept-Datetime, Date, If-Match, If-None-Match, Sync-Token, x-ms-return-client-request-id, ETag, Last-Modified, Link, Memento-Datetime, retry-after-ms, x-ms-request-id, x-ms-client-session-id, x-ms-effective-locale, WWW-Authenticate, traceparent, tracestate",
        "Connection": "keep-alive",
        "Content-Type": "application/vnd.microsoft.appconfig.kv\u002Bjson; charset=utf-8",
        "Date": "Tue, 23 Aug 2022 07:49:59 GMT",
        "ETag": "\u0022uivtaZ1YnYK3pg667DsSnTy8Lo2nOd5KKWB_IhNAkgQ\u0022",
        "Last-Modified": "Tue, 23 Aug 2022 07:49:59 GMT",
        "Server": "openresty/1.17.8.2",
        "Strict-Transport-Security": "max-age=15724800; includeSubDomains",
        "Sync-Token": "zAJw6V16=NTo1IzExNjQyNzc4;sn=11642778",
        "Transfer-Encoding": "chunked",
        "x-ms-correlation-request-id": "f2791b73-9aea-41a4-b30a-a2928e41aa5a"
      },
      "ResponseBody": {
        "etag": "uivtaZ1YnYK3pg667DsSnTy8Lo2nOd5KKWB_IhNAkgQ",
        "key": "PYTHON_UNIT_test_key_a6af8952-54a6-11e9-b600-2816a84d0309",
        "label": null,
        "content_type": "test content type",
        "value": "test value",
        "tags": {
          "tag1": "tag1",
          "tag2": "tag2"
        },
        "locked": false,
        "last_modified": "2022-08-23T07:49:59\u002B00:00"
      }
    },
    {
      "RequestUri": "https://fake_app_config.azconfig-test.io/kv?label=test_label1_1d7b2b28-549e-11e9-b51c-2816a84d0309\u0026api-version=1.0",
      "RequestMethod": "GET",
      "RequestHeaders": {
        "Accept": "application/vnd.microsoft.appconfig.kvset\u002Bjson, application/json, application/problem\u002Bjson",
        "Accept-Encoding": "gzip, deflate",
        "Connection": "keep-alive",
        "Sync-Token": "zAJw6V16=NTo1IzExNjQyNzc4",
        "User-Agent": "azsdk-python-appconfiguration/1.4.0 Python/3.9.2 (Windows-10-10.0.22000-SP0)",
        "x-ms-content-sha256": "47DEQpj8HBSa\u002B/TImW\u002B5JCeuQeRkm5NMpJWZG3hSuFU=",
        "x-ms-date": "Aug, 23 2022 07:50:00.690354 GMT"
      },
      "RequestBody": null,
      "StatusCode": 200,
      "ResponseHeaders": {
        "Access-Control-Allow-Credentials": "true",
        "Access-Control-Allow-Origin": "*",
        "Access-Control-Expose-Headers": "DNT, X-CustomHeader, Keep-Alive, User-Agent, X-Requested-With, If-Modified-Since, Cache-Control, Content-Type, Authorization, x-ms-client-request-id, x-ms-useragent, x-ms-content-sha256, x-ms-date, host, Accept, Accept-Datetime, Date, If-Match, If-None-Match, Sync-Token, x-ms-return-client-request-id, ETag, Last-Modified, Link, Memento-Datetime, retry-after-ms, x-ms-request-id, x-ms-client-session-id, x-ms-effective-locale, WWW-Authenticate, traceparent, tracestate",
        "Connection": "keep-alive",
        "Content-Type": "application/vnd.microsoft.appconfig.kvset\u002Bjson; charset=utf-8",
        "Date": "Tue, 23 Aug 2022 07:49:59 GMT",
        "Server": "openresty/1.17.8.2",
        "Strict-Transport-Security": "max-age=15724800; includeSubDomains",
        "Sync-Token": "zAJw6V16=NTo1IzExNjQyNzc5;sn=11642779",
        "Transfer-Encoding": "chunked",
        "x-ms-correlation-request-id": "b24a272a-7ee7-4ed5-8bce-450d5fcd098d"
      },
      "ResponseBody": {
        "items": [
          {
            "etag": "jiy-vlZAoKFzA_2Z-nXOxIXyW_Q5onINUU4hMTb2-Ww",
            "key": "PYTHON_UNIT_test_key_a6af8952-54a6-11e9-b600-2816a84d0309",
            "label": "test_label1_1d7b2b28-549e-11e9-b51c-2816a84d0309",
            "content_type": "test content type",
            "value": "test value",
            "tags": {
              "tag1": "tag1",
              "tag2": "tag2"
            },
            "locked": false,
            "last_modified": "2022-08-23T07:49:59\u002B00:00"
          }
        ]
      }
    },
    {
      "RequestUri": "https://fake_app_config.azconfig-test.io/kv?api-version=1.0",
      "RequestMethod": "GET",
      "RequestHeaders": {
        "Accept": "application/vnd.microsoft.appconfig.kvset\u002Bjson, application/json, application/problem\u002Bjson",
        "Accept-Encoding": "gzip, deflate",
        "Connection": "keep-alive",
        "Sync-Token": "zAJw6V16=NTo1IzExNjQyNzc5",
        "User-Agent": "azsdk-python-appconfiguration/1.4.0 Python/3.9.2 (Windows-10-10.0.22000-SP0)",
        "x-ms-content-sha256": "47DEQpj8HBSa\u002B/TImW\u002B5JCeuQeRkm5NMpJWZG3hSuFU=",
        "x-ms-date": "Aug, 23 2022 07:50:00.744915 GMT"
      },
      "RequestBody": null,
      "StatusCode": 200,
      "ResponseHeaders": {
        "Access-Control-Allow-Credentials": "true",
        "Access-Control-Allow-Origin": "*",
        "Access-Control-Expose-Headers": "DNT, X-CustomHeader, Keep-Alive, User-Agent, X-Requested-With, If-Modified-Since, Cache-Control, Content-Type, Authorization, x-ms-client-request-id, x-ms-useragent, x-ms-content-sha256, x-ms-date, host, Accept, Accept-Datetime, Date, If-Match, If-None-Match, Sync-Token, x-ms-return-client-request-id, ETag, Last-Modified, Link, Memento-Datetime, retry-after-ms, x-ms-request-id, x-ms-client-session-id, x-ms-effective-locale, WWW-Authenticate, traceparent, tracestate",
        "Connection": "keep-alive",
        "Content-Type": "application/vnd.microsoft.appconfig.kvset\u002Bjson; charset=utf-8",
        "Date": "Tue, 23 Aug 2022 07:49:59 GMT",
        "Server": "openresty/1.17.8.2",
        "Strict-Transport-Security": "max-age=15724800; includeSubDomains",
        "Sync-Token": "zAJw6V16=NTo1IzExNjQyNzc5;sn=11642779",
        "Transfer-Encoding": "chunked",
        "x-ms-correlation-request-id": "99f7bd64-2f06-4c5e-81b3-b71845de4d55"
      },
      "ResponseBody": {
        "items": [
          {
            "etag": "uivtaZ1YnYK3pg667DsSnTy8Lo2nOd5KKWB_IhNAkgQ",
            "key": "PYTHON_UNIT_test_key_a6af8952-54a6-11e9-b600-2816a84d0309",
            "label": null,
            "content_type": "test content type",
            "value": "test value",
            "tags": {
              "tag1": "tag1",
              "tag2": "tag2"
            },
            "locked": false,
            "last_modified": "2022-08-23T07:49:59\u002B00:00"
          },
          {
            "etag": "jiy-vlZAoKFzA_2Z-nXOxIXyW_Q5onINUU4hMTb2-Ww",
            "key": "PYTHON_UNIT_test_key_a6af8952-54a6-11e9-b600-2816a84d0309",
            "label": "test_label1_1d7b2b28-549e-11e9-b51c-2816a84d0309",
            "content_type": "test content type",
            "value": "test value",
            "tags": {
              "tag1": "tag1",
              "tag2": "tag2"
            },
            "locked": false,
            "last_modified": "2022-08-23T07:49:59\u002B00:00"
          }
        ]
      }
    },
    {
      "RequestUri": "https://fake_app_config.azconfig-test.io/kv/PYTHON_UNIT_test_key_a6af8952-54a6-11e9-b600-2816a84d0309?api-version=1.0",
      "RequestMethod": "DELETE",
      "RequestHeaders": {
        "Accept": "application/vnd.microsoft.appconfig.kv\u002Bjson, application/json, application/problem\u002Bjson",
        "Accept-Encoding": "gzip, deflate",
        "Connection": "keep-alive",
        "Content-Length": "0",
        "Sync-Token": "zAJw6V16=NTo1IzExNjQyNzc5",
        "User-Agent": "azsdk-python-appconfiguration/1.4.0 Python/3.9.2 (Windows-10-10.0.22000-SP0)",
        "x-ms-content-sha256": "47DEQpj8HBSa\u002B/TImW\u002B5JCeuQeRkm5NMpJWZG3hSuFU=",
        "x-ms-date": "Aug, 23 2022 07:50:00.786266 GMT"
      },
      "RequestBody": null,
      "StatusCode": 200,
      "ResponseHeaders": {
        "Access-Control-Allow-Credentials": "true",
        "Access-Control-Allow-Origin": "*",
        "Access-Control-Expose-Headers": "DNT, X-CustomHeader, Keep-Alive, User-Agent, X-Requested-With, If-Modified-Since, Cache-Control, Content-Type, Authorization, x-ms-client-request-id, x-ms-useragent, x-ms-content-sha256, x-ms-date, host, Accept, Accept-Datetime, Date, If-Match, If-None-Match, Sync-Token, x-ms-return-client-request-id, ETag, Last-Modified, Link, Memento-Datetime, retry-after-ms, x-ms-request-id, x-ms-client-session-id, x-ms-effective-locale, WWW-Authenticate, traceparent, tracestate",
        "Connection": "keep-alive",
        "Content-Type": "application/vnd.microsoft.appconfig.kv\u002Bjson; charset=utf-8",
        "Date": "Tue, 23 Aug 2022 07:49:59 GMT",
        "ETag": "\u0022uivtaZ1YnYK3pg667DsSnTy8Lo2nOd5KKWB_IhNAkgQ\u0022",
        "Last-Modified": "Tue, 23 Aug 2022 07:49:59 GMT",
        "Server": "openresty/1.17.8.2",
        "Strict-Transport-Security": "max-age=15724800; includeSubDomains",
        "Sync-Token": "zAJw6V16=NTo1IzExNjQyNzgw;sn=11642780",
        "Transfer-Encoding": "chunked",
        "x-ms-correlation-request-id": "c1e3729e-ad65-440a-9ba8-cd218aeae612"
      },
      "ResponseBody": {
        "etag": "uivtaZ1YnYK3pg667DsSnTy8Lo2nOd5KKWB_IhNAkgQ",
        "key": "PYTHON_UNIT_test_key_a6af8952-54a6-11e9-b600-2816a84d0309",
        "label": null,
        "content_type": "test content type",
        "value": "test value",
        "tags": {
          "tag1": "tag1",
          "tag2": "tag2"
        },
        "locked": false,
        "last_modified": "2022-08-23T07:49:59\u002B00:00"
      }
    },
    {
      "RequestUri": "https://fake_app_config.azconfig-test.io/kv/PYTHON_UNIT_test_key_a6af8952-54a6-11e9-b600-2816a84d0309?label=test_label1_1d7b2b28-549e-11e9-b51c-2816a84d0309\u0026api-version=1.0",
      "RequestMethod": "DELETE",
      "RequestHeaders": {
        "Accept": "application/vnd.microsoft.appconfig.kv\u002Bjson, application/json, application/problem\u002Bjson",
        "Accept-Encoding": "gzip, deflate",
        "Connection": "keep-alive",
        "Content-Length": "0",
        "Sync-Token": "zAJw6V16=NTo1IzExNjQyNzgw",
        "User-Agent": "azsdk-python-appconfiguration/1.4.0 Python/3.9.2 (Windows-10-10.0.22000-SP0)",
        "x-ms-content-sha256": "47DEQpj8HBSa\u002B/TImW\u002B5JCeuQeRkm5NMpJWZG3hSuFU=",
        "x-ms-date": "Aug, 23 2022 07:50:00.841445 GMT"
      },
      "RequestBody": null,
      "StatusCode": 200,
      "ResponseHeaders": {
        "Access-Control-Allow-Credentials": "true",
        "Access-Control-Allow-Origin": "*",
        "Access-Control-Expose-Headers": "DNT, X-CustomHeader, Keep-Alive, User-Agent, X-Requested-With, If-Modified-Since, Cache-Control, Content-Type, Authorization, x-ms-client-request-id, x-ms-useragent, x-ms-content-sha256, x-ms-date, host, Accept, Accept-Datetime, Date, If-Match, If-None-Match, Sync-Token, x-ms-return-client-request-id, ETag, Last-Modified, Link, Memento-Datetime, retry-after-ms, x-ms-request-id, x-ms-client-session-id, x-ms-effective-locale, WWW-Authenticate, traceparent, tracestate",
        "Connection": "keep-alive",
        "Content-Type": "application/vnd.microsoft.appconfig.kv\u002Bjson; charset=utf-8",
        "Date": "Tue, 23 Aug 2022 07:49:59 GMT",
        "ETag": "\u0022jiy-vlZAoKFzA_2Z-nXOxIXyW_Q5onINUU4hMTb2-Ww\u0022",
        "Last-Modified": "Tue, 23 Aug 2022 07:49:59 GMT",
        "Server": "openresty/1.17.8.2",
        "Strict-Transport-Security": "max-age=15724800; includeSubDomains",
        "Sync-Token": "zAJw6V16=NTo1IzExNjQyNzgx;sn=11642781",
        "Transfer-Encoding": "chunked",
        "x-ms-correlation-request-id": "cf7e774e-5316-4bd9-af97-17b920a30bdf"
      },
      "ResponseBody": {
        "etag": "jiy-vlZAoKFzA_2Z-nXOxIXyW_Q5onINUU4hMTb2-Ww",
        "key": "PYTHON_UNIT_test_key_a6af8952-54a6-11e9-b600-2816a84d0309",
        "label": "test_label1_1d7b2b28-549e-11e9-b51c-2816a84d0309",
        "content_type": "test content type",
        "value": "test value",
        "tags": {
          "tag1": "tag1",
          "tag2": "tag2"
        },
        "locked": false,
        "last_modified": "2022-08-23T07:49:59\u002B00:00"
      }
    }
  ],
  "Variables": {}
}
