interactions:
- request:
    body: ''
    headers:
      Accept:
      - application/vnd.microsoft.appconfig.kvset+json, application/json, application/problem+json
      User-Agent:
      - azsdk-python-appconfiguration/1.4.0 Python/3.9.2 (Windows-10-10.0.22000-SP0)
      x-ms-content-sha256:
      - 47DEQpj8HBSa+/TImW+5JCeuQeRkm5NMpJWZG3hSuFU=
      x-ms-date:
      - Sep, 15 2022 23:57:03.986688 GMT
    method: GET
    uri: https://fake_app_config.azconfig-test.io/kv?key=PYTHON_UNIT_test_key_a6af8952-54a6-11e9-b600-2816a84d0309&api-version=1.0
  response:
    body:
      string: '{"items":[]}'
    headers:
      access-control-allow-credentials: 'true'
      access-control-allow-origin: '*'
      access-control-expose-headers: DNT, X-CustomHeader, Keep-Alive, User-Agent,
        X-Requested-With, If-Modified-Since, Cache-Control, Content-Type, Authorization,
        x-ms-client-request-id, x-ms-useragent, x-ms-content-sha256, x-ms-date, host,
        Accept, Accept-Datetime, Date, If-Match, If-None-Match, Sync-Token, x-ms-return-client-request-id,
        ETag, Last-Modified, Link, Memento-Datetime, retry-after-ms, x-ms-request-id,
        x-ms-client-session-id, x-ms-effective-locale, WWW-Authenticate, traceparent,
        tracestate
      connection: keep-alive
      content-type: application/vnd.microsoft.appconfig.kvset+json; charset=utf-8
      date: Thu, 15 Sep 2022 23:57:03 GMT
      server: openresty/1.17.8.2
      strict-transport-security: max-age=15724800; includeSubDomains
      sync-token: zAJw6V16=Nzo1IzEwNDkzOTg=;sn=1049398
      transfer-encoding: chunked
    status:
      code: 200
      message: OK
    url: https://yallappconfigtests-azconfig-net.azconfig.io/kv?key=PYTHON_UNIT_test_key_a6af8952-54a6-11e9-b600-2816a84d0309&api-version=1.0
- request:
    body: '{"key": "PYTHON_UNIT_test_key_a6af8952-54a6-11e9-b600-2816a84d0309", "content_type":
      "test content type", "value": "test value", "tags": {"tag1": "tag1", "tag2":
      "tag2"}}'
    headers:
      Accept:
      - application/vnd.microsoft.appconfig.kv+json, application/json, application/problem+json
      Content-Length:
      - '170'
      Content-Type:
      - application/vnd.microsoft.appconfig.kv+json
      If-None-Match:
      - '*'
      Sync-Token:
      - zAJw6V16=Nzo1IzEwNDkzOTg=
      User-Agent:
      - azsdk-python-appconfiguration/1.4.0 Python/3.9.2 (Windows-10-10.0.22000-SP0)
      x-ms-content-sha256:
      - 4rt07HteiPg5NxofrgzMmlQPTVbo1no7aKxDSI5uUU4=
      x-ms-date:
      - Sep, 15 2022 23:57:04.083723 GMT
    method: PUT
    uri: https://fake_app_config.azconfig-test.io/kv/PYTHON_UNIT_test_key_a6af8952-54a6-11e9-b600-2816a84d0309?api-version=1.0
  response:
    body:
      string: '{"etag":"TzqdxLRm4lTskVe_9MJN1srX817IlxSZh0TVgAInB6A","key":"PYTHON_UNIT_test_key_a6af8952-54a6-11e9-b600-2816a84d0309","label":null,"content_type":"test
        content type","value":"test value","tags":{"tag1":"tag1","tag2":"tag2"},"locked":false,"last_modified":"2022-09-15T23:57:03+00:00"}'
    headers:
      access-control-allow-credentials: 'true'
      access-control-allow-origin: '*'
      access-control-expose-headers: DNT, X-CustomHeader, Keep-Alive, User-Agent,
        X-Requested-With, If-Modified-Since, Cache-Control, Content-Type, Authorization,
        x-ms-client-request-id, x-ms-useragent, x-ms-content-sha256, x-ms-date, host,
        Accept, Accept-Datetime, Date, If-Match, If-None-Match, Sync-Token, x-ms-return-client-request-id,
        ETag, Last-Modified, Link, Memento-Datetime, retry-after-ms, x-ms-request-id,
        x-ms-client-session-id, x-ms-effective-locale, WWW-Authenticate, traceparent,
        tracestate
      connection: keep-alive
      content-type: application/vnd.microsoft.appconfig.kv+json; charset=utf-8
      date: Thu, 15 Sep 2022 23:57:03 GMT
      etag: '"TzqdxLRm4lTskVe_9MJN1srX817IlxSZh0TVgAInB6A"'
      last-modified: Thu, 15 Sep 2022 23:57:03 GMT
      server: openresty/1.17.8.2
      strict-transport-security: max-age=15724800; includeSubDomains
      sync-token: zAJw6V16=Nzo1IzEwNDkzOTk=;sn=1049399
      transfer-encoding: chunked
    status:
      code: 200
      message: OK
    url: https://yallappconfigtests-azconfig-net.azconfig.io/kv/PYTHON_UNIT_test_key_a6af8952-54a6-11e9-b600-2816a84d0309?api-version=1.0
- request:
    body: ''
    headers:
      Accept:
      - application/vnd.microsoft.appconfig.kv+json, application/json, application/problem+json
      Sync-Token:
      - zAJw6V16=Nzo1IzEwNDkzOTk=
      User-Agent:
      - azsdk-python-appconfiguration/1.4.0 Python/3.9.2 (Windows-10-10.0.22000-SP0)
      x-ms-content-sha256:
      - 47DEQpj8HBSa+/TImW+5JCeuQeRkm5NMpJWZG3hSuFU=
      x-ms-date:
      - Sep, 15 2022 23:57:04.127690 GMT
    method: DELETE
    uri: https://fake_app_config.azconfig-test.io/kv/PYTHON_UNIT_test_key_a6af8952-54a6-11e9-b600-2816a84d0309?api-version=1.0
  response:
    body:
      string: '{"etag":"TzqdxLRm4lTskVe_9MJN1srX817IlxSZh0TVgAInB6A","key":"PYTHON_UNIT_test_key_a6af8952-54a6-11e9-b600-2816a84d0309","label":null,"content_type":"test
        content type","value":"test value","tags":{"tag1":"tag1","tag2":"tag2"},"locked":false,"last_modified":"2022-09-15T23:57:03+00:00"}'
    headers:
      access-control-allow-credentials: 'true'
      access-control-allow-origin: '*'
      access-control-expose-headers: DNT, X-CustomHeader, Keep-Alive, User-Agent,
        X-Requested-With, If-Modified-Since, Cache-Control, Content-Type, Authorization,
        x-ms-client-request-id, x-ms-useragent, x-ms-content-sha256, x-ms-date, host,
        Accept, Accept-Datetime, Date, If-Match, If-None-Match, Sync-Token, x-ms-return-client-request-id,
        ETag, Last-Modified, Link, Memento-Datetime, retry-after-ms, x-ms-request-id,
        x-ms-client-session-id, x-ms-effective-locale, WWW-Authenticate, traceparent,
        tracestate
      connection: keep-alive
      content-type: application/vnd.microsoft.appconfig.kv+json; charset=utf-8
      date: Thu, 15 Sep 2022 23:57:03 GMT
      etag: '"TzqdxLRm4lTskVe_9MJN1srX817IlxSZh0TVgAInB6A"'
      last-modified: Thu, 15 Sep 2022 23:57:03 GMT
      server: openresty/1.17.8.2
      strict-transport-security: max-age=15724800; includeSubDomains
      sync-token: zAJw6V16=Nzo1IzEwNDk0MDE=;sn=1049401
      transfer-encoding: chunked
    status:
      code: 200
      message: OK
    url: https://yallappconfigtests-azconfig-net.azconfig.io/kv/PYTHON_UNIT_test_key_a6af8952-54a6-11e9-b600-2816a84d0309?api-version=1.0
- request:
    body: ''
    headers:
      Accept:
      - application/vnd.microsoft.appconfig.kv+json, application/json, application/problem+json
      Sync-Token:
      - zAJw6V16=Nzo1IzEwNDk0MDE=
      User-Agent:
      - azsdk-python-appconfiguration/1.4.0 Python/3.9.2 (Windows-10-10.0.22000-SP0)
      x-ms-content-sha256:
      - 47DEQpj8HBSa+/TImW+5JCeuQeRkm5NMpJWZG3hSuFU=
      x-ms-date:
      - Sep, 15 2022 23:57:04.167691 GMT
    method: GET
    uri: https://fake_app_config.azconfig-test.io/kv/PYTHON_UNIT_test_key_a6af8952-54a6-11e9-b600-2816a84d0309?api-version=1.0
  response:
    body:
      string: ''
    headers:
      access-control-allow-credentials: 'true'
      access-control-allow-origin: '*'
      access-control-expose-headers: DNT, X-CustomHeader, Keep-Alive, User-Agent,
        X-Requested-With, If-Modified-Since, Cache-Control, Content-Type, Authorization,
        x-ms-client-request-id, x-ms-useragent, x-ms-content-sha256, x-ms-date, host,
        Accept, Accept-Datetime, Date, If-Match, If-None-Match, Sync-Token, x-ms-return-client-request-id,
        ETag, Last-Modified, Link, Memento-Datetime, retry-after-ms, x-ms-request-id,
        x-ms-client-session-id, x-ms-effective-locale, WWW-Authenticate, traceparent,
        tracestate
      connection: keep-alive
      content-length: '0'
      date: Thu, 15 Sep 2022 23:57:04 GMT
      server: openresty/1.17.8.2
      strict-transport-security: max-age=15724800; includeSubDomains
    status:
      code: 404
      message: Not Found
    url: https://yallappconfigtests-azconfig-net.azconfig.io/kv/PYTHON_UNIT_test_key_a6af8952-54a6-11e9-b600-2816a84d0309?api-version=1.0
version: 1
