interactions:
- request:
    body: null
    headers:
      Accept:
      - application/vnd.microsoft.appconfig.kvset+json, application/json, application/problem+json
      Accept-Encoding:
      - gzip, deflate
      Connection:
      - keep-alive
      User-Agent:
      - azsdk-python-appconfiguration/1.4.0 Python/3.9.2 (Windows-10-10.0.22000-SP0)
    method: GET
    uri: https://fake_app_config.azconfig-test.io/kv?key=PYTHON_UNIT_test_key_a6af8952-54a6-11e9-b600-2816a84d0309&api-version=1.0
  response:
    body:
      string: '{"items":[]}'
    headers:
      access-control-allow-credentials:
      - 'true'
      access-control-allow-origin:
      - '*'
      access-control-expose-headers:
      - DNT, X-CustomHeader, Keep-Alive, User-Agent, X-Requested-With, If-Modified-Since,
        Cache-Control, Content-Type, Authorization, x-ms-client-request-id, x-ms-useragent,
        x-ms-content-sha256, x-ms-date, host, Accept, Accept-Datetime, Date, If-Match,
        If-None-Match, Sync-Token, x-ms-return-client-request-id, ETag, Last-Modified,
        Link, Memento-Datetime, retry-after-ms, x-ms-request-id, x-ms-client-session-id,
        x-ms-effective-locale, WWW-Authenticate, traceparent, tracestate
      connection:
      - keep-alive
      content-type:
      - application/vnd.microsoft.appconfig.kvset+json; charset=utf-8
      date:
      - Thu, 15 Sep 2022 23:55:41 GMT
      server:
      - openresty/1.17.8.2
      strict-transport-security:
      - max-age=15724800; includeSubDomains
      sync-token:
      - zAJw6V16=Nzo1IzEwNDgzOTU=;sn=1048395
      transfer-encoding:
      - chunked
    status:
      code: 200
      message: OK
- request:
    body: '{"key": "PYTHON_UNIT_test_key_a6af8952-54a6-11e9-b600-2816a84d0309", "content_type":
      "test content type", "value": "test value", "tags": {"tag1": "tag1", "tag2":
      "tag2"}}'
    headers:
      Accept:
      - application/vnd.microsoft.appconfig.kv+json, application/json, application/problem+json
      Accept-Encoding:
      - gzip, deflate
      Connection:
      - keep-alive
      Content-Length:
      - '170'
      Content-Type:
      - application/vnd.microsoft.appconfig.kv+json
      If-None-Match:
      - '*'
      Sync-Token:
      - zAJw6V16=Nzo1IzEwNDgzOTU=
      User-Agent:
      - azsdk-python-appconfiguration/1.4.0 Python/3.9.2 (Windows-10-10.0.22000-SP0)
    method: PUT
    uri: https://fake_app_config.azconfig-test.io/kv/PYTHON_UNIT_test_key_a6af8952-54a6-11e9-b600-2816a84d0309?api-version=1.0
  response:
    body:
      string: '{"etag":"zoM5nqDcmspkRxbOLXqhSgCLws2wh_hs8V-dwrwvhOo","key":"PYTHON_UNIT_test_key_a6af8952-54a6-11e9-b600-2816a84d0309","label":null,"content_type":"test
        content type","value":"test value","tags":{"tag1":"tag1","tag2":"tag2"},"locked":false,"last_modified":"2022-09-15T23:55:41+00:00"}'
    headers:
      access-control-allow-credentials:
      - 'true'
      access-control-allow-origin:
      - '*'
      access-control-expose-headers:
      - DNT, X-CustomHeader, Keep-Alive, User-Agent, X-Requested-With, If-Modified-Since,
        Cache-Control, Content-Type, Authorization, x-ms-client-request-id, x-ms-useragent,
        x-ms-content-sha256, x-ms-date, host, Accept, Accept-Datetime, Date, If-Match,
        If-None-Match, Sync-Token, x-ms-return-client-request-id, ETag, Last-Modified,
        Link, Memento-Datetime, retry-after-ms, x-ms-request-id, x-ms-client-session-id,
        x-ms-effective-locale, WWW-Authenticate, traceparent, tracestate
      connection:
      - keep-alive
      content-type:
      - application/vnd.microsoft.appconfig.kv+json; charset=utf-8
      date:
      - Thu, 15 Sep 2022 23:55:41 GMT
      etag:
      - '"zoM5nqDcmspkRxbOLXqhSgCLws2wh_hs8V-dwrwvhOo"'
      last-modified:
      - Thu, 15 Sep 2022 23:55:41 GMT
      server:
      - openresty/1.17.8.2
      strict-transport-security:
      - max-age=15724800; includeSubDomains
      sync-token:
      - zAJw6V16=Nzo1IzEwNDgzOTY=;sn=1048396
      transfer-encoding:
      - chunked
    status:
      code: 200
      message: OK
- request:
    body: null
    headers:
      Accept:
      - application/vnd.microsoft.appconfig.kv+json, application/json, application/problem+json
      Accept-Encoding:
      - gzip, deflate
      Connection:
      - keep-alive
      Content-Length:
      - '0'
      Sync-Token:
      - zAJw6V16=Nzo1IzEwNDgzOTY=
      User-Agent:
      - azsdk-python-appconfiguration/1.4.0 Python/3.9.2 (Windows-10-10.0.22000-SP0)
    method: PUT
    uri: https://fake_app_config.azconfig-test.io/locks/PYTHON_UNIT_test_key_a6af8952-54a6-11e9-b600-2816a84d0309?api-version=1.0
  response:
    body:
      string: '{"etag":"x2r2TDP1NzzWaRZl-qBhVK10XVHZhTeY1DuVdcgsAQw","key":"PYTHON_UNIT_test_key_a6af8952-54a6-11e9-b600-2816a84d0309","label":null,"content_type":"test
        content type","value":"test value","tags":{"tag1":"tag1","tag2":"tag2"},"locked":true,"last_modified":"2022-09-15T23:55:41+00:00"}'
    headers:
      access-control-allow-credentials:
      - 'true'
      access-control-allow-origin:
      - '*'
      access-control-expose-headers:
      - DNT, X-CustomHeader, Keep-Alive, User-Agent, X-Requested-With, If-Modified-Since,
        Cache-Control, Content-Type, Authorization, x-ms-client-request-id, x-ms-useragent,
        x-ms-content-sha256, x-ms-date, host, Accept, Accept-Datetime, Date, If-Match,
        If-None-Match, Sync-Token, x-ms-return-client-request-id, ETag, Last-Modified,
        Link, Memento-Datetime, retry-after-ms, x-ms-request-id, x-ms-client-session-id,
        x-ms-effective-locale, WWW-Authenticate, traceparent, tracestate
      connection:
      - keep-alive
      content-type:
      - application/vnd.microsoft.appconfig.kv+json; charset=utf-8
      date:
      - Thu, 15 Sep 2022 23:55:41 GMT
      etag:
      - '"x2r2TDP1NzzWaRZl-qBhVK10XVHZhTeY1DuVdcgsAQw"'
      last-modified:
      - Thu, 15 Sep 2022 23:55:41 GMT
      server:
      - openresty/1.17.8.2
      strict-transport-security:
      - max-age=15724800; includeSubDomains
      sync-token:
      - zAJw6V16=Nzo1IzEwNDgzOTg=;sn=1048398
      transfer-encoding:
      - chunked
    status:
      code: 200
      message: OK
- request:
    body: null
    headers:
      Accept:
      - application/vnd.microsoft.appconfig.kv+json, application/json, application/problem+json
      Accept-Encoding:
      - gzip, deflate
      Connection:
      - keep-alive
      Content-Length:
      - '0'
      Sync-Token:
      - zAJw6V16=Nzo1IzEwNDgzOTg=
      User-Agent:
      - azsdk-python-appconfiguration/1.4.0 Python/3.9.2 (Windows-10-10.0.22000-SP0)
    method: DELETE
    uri: https://fake_app_config.azconfig-test.io/kv/PYTHON_UNIT_test_key_a6af8952-54a6-11e9-b600-2816a84d0309?api-version=1.0
  response:
    body:
      string: '{"type":"https://azconfig.io/errors/key-locked","title":"Modifing key
        ''PYTHON_UNIT_test_key_a6af8952-54a6-11e9-b600-2816a84d0309'' is not allowed","name":"PYTHON_UNIT_test_key_a6af8952-54a6-11e9-b600-2816a84d0309","detail":"The
        key is read-only. To allow modification unlock it first.","status":409}'
    headers:
      access-control-allow-credentials:
      - 'true'
      access-control-allow-origin:
      - '*'
      access-control-expose-headers:
      - DNT, X-CustomHeader, Keep-Alive, User-Agent, X-Requested-With, If-Modified-Since,
        Cache-Control, Content-Type, Authorization, x-ms-client-request-id, x-ms-useragent,
        x-ms-content-sha256, x-ms-date, host, Accept, Accept-Datetime, Date, If-Match,
        If-None-Match, Sync-Token, x-ms-return-client-request-id, ETag, Last-Modified,
        Link, Memento-Datetime, retry-after-ms, x-ms-request-id, x-ms-client-session-id,
        x-ms-effective-locale, WWW-Authenticate, traceparent, tracestate
      connection:
      - keep-alive
      content-type:
      - application/problem+json; charset=utf-8
      date:
      - Thu, 15 Sep 2022 23:55:41 GMT
      server:
      - openresty/1.17.8.2
      strict-transport-security:
      - max-age=15724800; includeSubDomains
      transfer-encoding:
      - chunked
    status:
      code: 409
      message: Conflict
- request:
    body: null
    headers:
      Accept:
      - application/vnd.microsoft.appconfig.kv+json, application/json, application/problem+json
      Accept-Encoding:
      - gzip, deflate
      Connection:
      - keep-alive
      Content-Length:
      - '0'
      Sync-Token:
      - zAJw6V16=Nzo1IzEwNDgzOTg=
      User-Agent:
      - azsdk-python-appconfiguration/1.4.0 Python/3.9.2 (Windows-10-10.0.22000-SP0)
    method: DELETE
    uri: https://fake_app_config.azconfig-test.io/locks/PYTHON_UNIT_test_key_a6af8952-54a6-11e9-b600-2816a84d0309?api-version=1.0
  response:
    body:
      string: '{"etag":"MfUnUGzo37k4WxJOFI3x3I2hh-yzyAFOxisRtWZIioo","key":"PYTHON_UNIT_test_key_a6af8952-54a6-11e9-b600-2816a84d0309","label":null,"content_type":"test
        content type","value":"test value","tags":{"tag1":"tag1","tag2":"tag2"},"locked":false,"last_modified":"2022-09-15T23:55:41+00:00"}'
    headers:
      access-control-allow-credentials:
      - 'true'
      access-control-allow-origin:
      - '*'
      access-control-expose-headers:
      - DNT, X-CustomHeader, Keep-Alive, User-Agent, X-Requested-With, If-Modified-Since,
        Cache-Control, Content-Type, Authorization, x-ms-client-request-id, x-ms-useragent,
        x-ms-content-sha256, x-ms-date, host, Accept, Accept-Datetime, Date, If-Match,
        If-None-Match, Sync-Token, x-ms-return-client-request-id, ETag, Last-Modified,
        Link, Memento-Datetime, retry-after-ms, x-ms-request-id, x-ms-client-session-id,
        x-ms-effective-locale, WWW-Authenticate, traceparent, tracestate
      connection:
      - keep-alive
      content-type:
      - application/vnd.microsoft.appconfig.kv+json; charset=utf-8
      date:
      - Thu, 15 Sep 2022 23:55:41 GMT
      etag:
      - '"MfUnUGzo37k4WxJOFI3x3I2hh-yzyAFOxisRtWZIioo"'
      last-modified:
      - Thu, 15 Sep 2022 23:55:41 GMT
      server:
      - openresty/1.17.8.2
      strict-transport-security:
      - max-age=15724800; includeSubDomains
      sync-token:
      - zAJw6V16=Nzo1IzEwNDg0MDA=;sn=1048400
      transfer-encoding:
      - chunked
    status:
      code: 200
      message: OK
- request:
    body: null
    headers:
      Accept:
      - application/vnd.microsoft.appconfig.kv+json, application/json, application/problem+json
      Accept-Encoding:
      - gzip, deflate
      Connection:
      - keep-alive
      Content-Length:
      - '0'
      Sync-Token:
      - zAJw6V16=Nzo1IzEwNDg0MDA=
      User-Agent:
      - azsdk-python-appconfiguration/1.4.0 Python/3.9.2 (Windows-10-10.0.22000-SP0)
    method: DELETE
    uri: https://fake_app_config.azconfig-test.io/kv/PYTHON_UNIT_test_key_a6af8952-54a6-11e9-b600-2816a84d0309?api-version=1.0
  response:
    body:
      string: '{"etag":"MfUnUGzo37k4WxJOFI3x3I2hh-yzyAFOxisRtWZIioo","key":"PYTHON_UNIT_test_key_a6af8952-54a6-11e9-b600-2816a84d0309","label":null,"content_type":"test
        content type","value":"test value","tags":{"tag1":"tag1","tag2":"tag2"},"locked":false,"last_modified":"2022-09-15T23:55:41+00:00"}'
    headers:
      access-control-allow-credentials:
      - 'true'
      access-control-allow-origin:
      - '*'
      access-control-expose-headers:
      - DNT, X-CustomHeader, Keep-Alive, User-Agent, X-Requested-With, If-Modified-Since,
        Cache-Control, Content-Type, Authorization, x-ms-client-request-id, x-ms-useragent,
        x-ms-content-sha256, x-ms-date, host, Accept, Accept-Datetime, Date, If-Match,
        If-None-Match, Sync-Token, x-ms-return-client-request-id, ETag, Last-Modified,
        Link, Memento-Datetime, retry-after-ms, x-ms-request-id, x-ms-client-session-id,
        x-ms-effective-locale, WWW-Authenticate, traceparent, tracestate
      connection:
      - keep-alive
      content-type:
      - application/vnd.microsoft.appconfig.kv+json; charset=utf-8
      date:
      - Thu, 15 Sep 2022 23:55:41 GMT
      etag:
      - '"MfUnUGzo37k4WxJOFI3x3I2hh-yzyAFOxisRtWZIioo"'
      last-modified:
      - Thu, 15 Sep 2022 23:55:41 GMT
      server:
      - openresty/1.17.8.2
      strict-transport-security:
      - max-age=15724800; includeSubDomains
      sync-token:
      - zAJw6V16=Nzo1IzEwNDg0MDI=;sn=1048402
      transfer-encoding:
      - chunked
    status:
      code: 200
      message: OK
- request:
    body: null
    headers:
      Accept:
      - application/vnd.microsoft.appconfig.kv+json, application/json, application/problem+json
      Accept-Encoding:
      - gzip, deflate
      Connection:
      - keep-alive
      Sync-Token:
      - zAJw6V16=Nzo1IzEwNDg0MDI=
      User-Agent:
      - azsdk-python-appconfiguration/1.4.0 Python/3.9.2 (Windows-10-10.0.22000-SP0)
    method: GET
    uri: https://fake_app_config.azconfig-test.io/kv/PYTHON_UNIT_test_key_a6af8952-54a6-11e9-b600-2816a84d0309?api-version=1.0
  response:
    body:
      string: ''
    headers:
      access-control-allow-credentials:
      - 'true'
      access-control-allow-origin:
      - '*'
      access-control-expose-headers:
      - DNT, X-CustomHeader, Keep-Alive, User-Agent, X-Requested-With, If-Modified-Since,
        Cache-Control, Content-Type, Authorization, x-ms-client-request-id, x-ms-useragent,
        x-ms-content-sha256, x-ms-date, host, Accept, Accept-Datetime, Date, If-Match,
        If-None-Match, Sync-Token, x-ms-return-client-request-id, ETag, Last-Modified,
        Link, Memento-Datetime, retry-after-ms, x-ms-request-id, x-ms-client-session-id,
        x-ms-effective-locale, WWW-Authenticate, traceparent, tracestate
      connection:
      - keep-alive
      content-length:
      - '0'
      date:
      - Thu, 15 Sep 2022 23:55:41 GMT
      server:
      - openresty/1.17.8.2
      strict-transport-security:
      - max-age=15724800; includeSubDomains
    status:
      code: 404
      message: Not Found
version: 1
