{
  "Entries": [
    {
      "RequestUri": "https://Sanitized.cognitiveservices.azure.com/language/authoring/analyze-conversations/projects/PythonImportProject0820/:export?api-version=2025-05-15-preview&format=Conversation&stringIndexType=Utf16CodeUnit",
      "RequestMethod": "POST",
      "RequestHeaders": {
        "Accept": "*/*",
        "Accept-Encoding": "gzip, deflate",
        "Connection": "keep-alive",
        "Content-Length": "0",
        "Ocp-Apim-Subscription-Key": "Sanitized",
        "User-Agent": "azsdk-python-ai-language-conversations-authoring/1.0.0b1 Python/3.13.7 (Windows-11-10.0.26100-SP0)"
      },
      "RequestBody": null,
      "StatusCode": 202,
      "ResponseHeaders": {
        "Access-Control-Expose-Headers": "*",
        "apim-request-id": "80abe899-2b79-41ec-9334-0e685bb2340a",
        "Content-Length": "0",
        "Date": "Thu, 21 Aug 2025 05:19:28 GMT",
        "operation-location": "https://Sanitized.cognitiveservices.azure.com/language/authoring/analyze-conversations/projects/PythonImportProject0820/export/jobs/b08c07e6-9851-410f-a027-f0d961f1d52c_638913312000000000?api-version=2025-05-15-preview",
        "request-id": "80abe899-2b79-41ec-9334-0e685bb2340a",
        "Strict-Transport-Security": "max-age=31536000; includeSubDomains; preload",
        "X-Content-Type-Options": "nosniff",
        "x-envoy-upstream-service-time": "31",
        "x-ms-region": "East US"
      },
      "ResponseBody": null
    },
    {
      "RequestUri": "https://Sanitized.cognitiveservices.azure.com/language/authoring/analyze-conversations/projects/PythonImportProject0820/export/jobs/b08c07e6-9851-410f-a027-f0d961f1d52c_638913312000000000?api-version=2025-05-15-preview",
      "RequestMethod": "GET",
      "RequestHeaders": {
        "Accept": "*/*",
        "Accept-Encoding": "gzip, deflate",
        "Connection": "keep-alive",
        "Ocp-Apim-Subscription-Key": "Sanitized",
        "User-Agent": "azsdk-python-ai-language-conversations-authoring/1.0.0b1 Python/3.13.7 (Windows-11-10.0.26100-SP0)"
      },
      "RequestBody": null,
      "StatusCode": 200,
      "ResponseHeaders": {
        "Access-Control-Expose-Headers": "*",
        "apim-request-id": "2b5a0863-a30b-42bc-9260-bc3333131722",
        "Content-Length": "216",
        "Content-Type": "application/json; charset=utf-8",
        "Date": "Thu, 21 Aug 2025 05:19:28 GMT",
        "request-id": "2b5a0863-a30b-42bc-9260-bc3333131722",
        "Strict-Transport-Security": "max-age=31536000; includeSubDomains; preload",
        "X-Content-Type-Options": "nosniff",
        "x-envoy-upstream-service-time": "19",
        "x-ms-region": "East US"
      },
      "ResponseBody": {
        "jobId": "b08c07e6-9851-410f-a027-f0d961f1d52c_638913312000000000",
        "createdDateTime": "2025-08-21T05:19:29Z",
        "lastUpdatedDateTime": "2025-08-21T05:19:29Z",
        "expirationDateTime": "2025-08-28T05:19:29Z",
        "status": "running"
      }
    },
    {
      "RequestUri": "https://Sanitized.cognitiveservices.azure.com/language/authoring/analyze-conversations/projects/PythonImportProject0820/export/jobs/b08c07e6-9851-410f-a027-f0d961f1d52c_638913312000000000?api-version=2025-05-15-preview",
      "RequestMethod": "GET",
      "RequestHeaders": {
        "Accept": "*/*",
        "Accept-Encoding": "gzip, deflate",
        "Connection": "keep-alive",
        "Ocp-Apim-Subscription-Key": "Sanitized",
        "User-Agent": "azsdk-python-ai-language-conversations-authoring/1.0.0b1 Python/3.13.7 (Windows-11-10.0.26100-SP0)"
      },
      "RequestBody": null,
      "StatusCode": 200,
      "ResponseHeaders": {
        "Access-Control-Expose-Headers": "*",
        "apim-request-id": "4d5b235e-2ea2-4fc7-aefd-dfe9bca9bf60",
        "Content-Length": "458",
        "Content-Type": "application/json; charset=utf-8",
        "Date": "Thu, 21 Aug 2025 05:19:59 GMT",
        "request-id": "4d5b235e-2ea2-4fc7-aefd-dfe9bca9bf60",
        "Strict-Transport-Security": "max-age=31536000; includeSubDomains; preload",
        "X-Content-Type-Options": "nosniff",
        "x-envoy-upstream-service-time": "19",
        "x-ms-region": "East US"
      },
      "ResponseBody": {
        "resultUrl": "https://Sanitized.cognitiveservices.azure.com/language/authoring/analyze-conversations/projects/PythonImportProject0820/export/jobs/b08c07e6-9851-410f-a027-f0d961f1d52c_638913312000000000/result?api-version=2025-05-15-preview",
        "jobId": "b08c07e6-9851-410f-a027-f0d961f1d52c_638913312000000000",
        "createdDateTime": "2025-08-21T05:19:29Z",
        "lastUpdatedDateTime": "2025-08-21T05:19:29Z",
        "expirationDateTime": "2025-08-28T05:19:29Z",
        "status": "succeeded"
      }
    },
    {
      "RequestUri": "https://Sanitized.cognitiveservices.azure.com/language/authoring/analyze-conversations/projects/PythonImportProject0820/export/jobs/b08c07e6-9851-410f-a027-f0d961f1d52c_638913312000000000?api-version=2025-05-15-preview",
      "RequestMethod": "GET",
      "RequestHeaders": {
        "Accept": "*/*",
        "Accept-Encoding": "gzip, deflate",
        "Connection": "keep-alive",
        "Ocp-Apim-Subscription-Key": "Sanitized",
        "User-Agent": "azsdk-python-ai-language-conversations-authoring/1.0.0b1 Python/3.13.7 (Windows-11-10.0.26100-SP0)"
      },
      "RequestBody": null,
      "StatusCode": 200,
      "ResponseHeaders": {
        "Access-Control-Expose-Headers": "*",
        "apim-request-id": "38a22680-fdb6-4f70-8ef1-e169a26ab9db",
        "Content-Length": "458",
        "Content-Type": "application/json; charset=utf-8",
        "Date": "Thu, 21 Aug 2025 05:19:59 GMT",
        "request-id": "38a22680-fdb6-4f70-8ef1-e169a26ab9db",
        "Strict-Transport-Security": "max-age=31536000; includeSubDomains; preload",
        "X-Content-Type-Options": "nosniff",
        "x-envoy-upstream-service-time": "23",
        "x-ms-region": "East US"
      },
      "ResponseBody": {
        "resultUrl": "https://Sanitized.cognitiveservices.azure.com/language/authoring/analyze-conversations/projects/PythonImportProject0820/export/jobs/b08c07e6-9851-410f-a027-f0d961f1d52c_638913312000000000/result?api-version=2025-05-15-preview",
        "jobId": "b08c07e6-9851-410f-a027-f0d961f1d52c_638913312000000000",
        "createdDateTime": "2025-08-21T05:19:29Z",
        "lastUpdatedDateTime": "2025-08-21T05:19:29Z",
        "expirationDateTime": "2025-08-28T05:19:29Z",
        "status": "succeeded"
      }
    }
  ],
  "Variables": {}
}
