interactions:
- request:
    body: '{"location": "westus", "properties": {"containers": [{"name": "pycontainer26441510",
      "properties": {"image": "alpine:latest", "resources": {"requests": {"memoryInGB":
      1.0, "cpu": 1.0}}, "volumeMounts": [{"name": "empty-volume", "mountPath": "/mnt/mydir"}]}}],
      "restartPolicy": "OnFailure", "osType": "Linux", "volumes": [{"name": "empty-volume",
      "emptyDir": {}}]}}'
    headers:
      Accept: [application/json]
      Accept-Encoding: ['gzip, deflate']
      Connection: [keep-alive]
      Content-Length: ['364']
      Content-Type: [application/json; charset=utf-8]
      User-Agent: [python/3.6.2 (Windows-10-10.0.16299-SP0) requests/2.18.4 msrest/0.4.26
          msrest_azure/0.4.20 azure-mgmt-containerinstance/0.3.0 Azure-SDK-For-Python]
      accept-language: [en-US]
    method: PUT
    uri: https://management.azure.com/subscriptions/00000000-0000-0000-0000-000000000000/resourceGroups/test_mgmt_containerinstance_test_container_instance26441510/providers/Microsoft.ContainerInstance/containerGroups/pycontainer26441510?api-version=2018-02-01-preview
  response:
    body: {string: '{"properties":{"provisioningState":"Creating","containers":[{"name":"pycontainer26441510","properties":{"image":"alpine:latest","ports":[],"environmentVariables":[],"resources":{"requests":{"memoryInGB":1.0,"cpu":1.0}},"volumeMounts":[{"name":"empty-volume","mountPath":"/mnt/mydir"}]}}],"restartPolicy":"OnFailure","osType":"Linux","volumes":[{"name":"empty-volume","emptyDir":{}}],"instanceView":{"events":[],"state":"Pending"}},"id":"/subscriptions/00000000-0000-0000-0000-000000000000/resourceGroups/test_mgmt_containerinstance_test_container_instance26441510/providers/Microsoft.ContainerInstance/containerGroups/pycontainer26441510","name":"pycontainer26441510","type":"Microsoft.ContainerInstance/containerGroups","location":"westus"}'}
    headers:
      cache-control: [no-cache]
      content-length: ['741']
      content-type: [application/json; charset=utf-8]
      date: ['Thu, 01 Feb 2018 18:57:34 GMT']
      expires: ['-1']
      pragma: [no-cache]
      strict-transport-security: [max-age=31536000; includeSubDomains]
      x-ms-ratelimit-remaining-subscription-resource-requests-pt1h: ['59']
      x-ms-ratelimit-remaining-subscription-resource-requests-pt5m: ['19']
      x-ms-ratelimit-remaining-subscription-writes: ['1199']
    status: {code: 201, message: Created}
- request:
    body: null
    headers:
      Accept: [application/json]
      Accept-Encoding: ['gzip, deflate']
      Connection: [keep-alive]
      Content-Type: [application/json; charset=utf-8]
      User-Agent: [python/3.6.2 (Windows-10-10.0.16299-SP0) requests/2.18.4 msrest/0.4.26
          msrest_azure/0.4.20 azure-mgmt-containerinstance/0.3.0 Azure-SDK-For-Python]
      accept-language: [en-US]
    method: GET
    uri: https://management.azure.com/subscriptions/00000000-0000-0000-0000-000000000000/resourceGroups/test_mgmt_containerinstance_test_container_instance26441510/providers/Microsoft.ContainerInstance/containerGroups/pycontainer26441510?api-version=2018-02-01-preview
  response:
    body: {string: '{"properties":{"provisioningState":"Creating","containers":[{"name":"pycontainer26441510","properties":{"image":"alpine:latest","ports":[],"environmentVariables":[],"resources":{"requests":{"memoryInGB":1.0,"cpu":1.0}},"volumeMounts":[{"name":"empty-volume","mountPath":"/mnt/mydir"}]}}],"restartPolicy":"OnFailure","osType":"Linux","volumes":[{"name":"empty-volume","emptyDir":{}}],"instanceView":{"events":[],"state":"Pending"}},"id":"/subscriptions/00000000-0000-0000-0000-000000000000/resourceGroups/test_mgmt_containerinstance_test_container_instance26441510/providers/Microsoft.ContainerInstance/containerGroups/pycontainer26441510","name":"pycontainer26441510","type":"Microsoft.ContainerInstance/containerGroups","location":"westus"}'}
    headers:
      cache-control: [no-cache]
      content-length: ['741']
      content-type: [application/json; charset=utf-8]
      date: ['Thu, 01 Feb 2018 18:57:33 GMT']
      expires: ['-1']
      pragma: [no-cache]
      strict-transport-security: [max-age=31536000; includeSubDomains]
      transfer-encoding: [chunked]
      vary: ['Accept-Encoding,Accept-Encoding']
    status: {code: 200, message: OK}
- request:
    body: null
    headers:
      Accept: [application/json]
      Accept-Encoding: ['gzip, deflate']
      Connection: [keep-alive]
      Content-Type: [application/json; charset=utf-8]
      User-Agent: [python/3.6.2 (Windows-10-10.0.16299-SP0) requests/2.18.4 msrest/0.4.26
          msrest_azure/0.4.20 azure-mgmt-containerinstance/0.3.0 Azure-SDK-For-Python]
      accept-language: [en-US]
    method: GET
    uri: https://management.azure.com/subscriptions/00000000-0000-0000-0000-000000000000/resourceGroups/test_mgmt_containerinstance_test_container_instance26441510/providers/Microsoft.ContainerInstance/containerGroups?api-version=2018-02-01-preview
  response:
    body: {string: '{"value":[{"properties":{"provisioningState":"Creating","containers":[{"name":"pycontainer26441510","properties":{"image":"alpine:latest","ports":[],"environmentVariables":[],"resources":{"requests":{"memoryInGB":1.0,"cpu":1.0}},"volumeMounts":[{"name":"empty-volume","mountPath":"/mnt/mydir"}]}}],"restartPolicy":"OnFailure","osType":"Linux","volumes":[{"name":"empty-volume","emptyDir":{}}]},"id":"/subscriptions/00000000-0000-0000-0000-000000000000/resourceGroups/test_mgmt_containerinstance_test_container_instance26441510/providers/Microsoft.ContainerInstance/containerGroups/pycontainer26441510","name":"pycontainer26441510","type":"Microsoft.ContainerInstance/containerGroups","location":"westus"}]}'}
    headers:
      cache-control: [no-cache]
      content-length: ['706']
      content-type: [application/json; charset=utf-8]
      date: ['Thu, 01 Feb 2018 18:57:34 GMT']
      expires: ['-1']
      pragma: [no-cache]
      strict-transport-security: [max-age=31536000; includeSubDomains]
      transfer-encoding: [chunked]
      vary: ['Accept-Encoding,Accept-Encoding']
    status: {code: 200, message: OK}
version: 1
