{
  "Entries": [
    {
      "RequestUri": "https://management.azure.com/subscriptions/00000000-0000-0000-0000-000000000/resourceGroups/00000/providers/Microsoft.MachineLearningServices/workspaces/00000/datastores/workspaceblobstore?api-version=2022-05-01",
      "RequestMethod": "GET",
      "RequestHeaders": {
        "Accept": "application/json",
        "Accept-Encoding": "gzip, deflate",
        "Connection": "keep-alive",
        "User-Agent": "azure-ai-ml/0.0.139 azsdk-python-mgmt-machinelearningservices/0.1.0 Python/3.8.6 (Windows-10-10.0.22000-SP0)"
      },
      "RequestBody": null,
      "StatusCode": 200,
      "ResponseHeaders": {
        "Cache-Control": "no-cache",
        "Content-Encoding": "gzip",
        "Content-Type": "application/json; charset=utf-8",
        "Date": "Fri, 16 Sep 2022 03:39:04 GMT",
        "Expires": "-1",
        "Pragma": "no-cache",
        "Request-Context": "appId=cid-v1:17d65b70-e9ce-4ed5-9347-1f660ec782e9",
        "Server-Timing": "traceparent;desc=\u002200-c9b117bf61d66aadbea20a120ac8d61a-35a314e49a5ece64-01\u0022",
        "Strict-Transport-Security": "max-age=31536000; includeSubDomains",
        "Transfer-Encoding": "chunked",
        "Vary": [
          "Accept-Encoding",
          "Accept-Encoding"
        ],
        "x-aml-cluster": "vienna-eastus2euap-02",
        "X-Content-Type-Options": "nosniff",
        "x-ms-correlation-request-id": "bef575c3-e830-42af-8a9f-71387f59f048",
        "x-ms-ratelimit-remaining-subscription-reads": "11981",
        "x-ms-response-type": "standard",
        "x-ms-routing-request-id": "CANADACENTRAL:20220916T033905Z:bef575c3-e830-42af-8a9f-71387f59f048",
        "x-request-time": "0.098"
      },
      "ResponseBody": {
        "id": "/subscriptions/00000000-0000-0000-0000-000000000/resourceGroups/00000/providers/Microsoft.MachineLearningServices/workspaces/00000/datastores/workspaceblobstore",
        "name": "workspaceblobstore",
        "type": "Microsoft.MachineLearningServices/workspaces/datastores",
        "properties": {
          "description": null,
          "tags": null,
          "properties": null,
          "isDefault": true,
          "credentials": {
            "credentialsType": "AccountKey"
          },
          "datastoreType": "AzureBlob",
          "accountName": "sagh4dshas62md4",
          "containerName": "azureml-blobstore-a6d5a3b8-8717-4928-b8f7-4c9f36d21085",
          "endpoint": "core.windows.net",
          "protocol": "https",
          "serviceDataAccessAuthIdentity": "WorkspaceSystemAssignedIdentity"
        },
        "systemData": {
          "createdAt": "2022-09-15T03:11:44.0146435\u002B00:00",
          "createdBy": "779301c0-18b2-4cdc-801b-a0a3368fee0a",
          "createdByType": "Application",
          "lastModifiedAt": "2022-09-15T03:11:44.7999179\u002B00:00",
          "lastModifiedBy": "779301c0-18b2-4cdc-801b-a0a3368fee0a",
          "lastModifiedByType": "Application"
        }
      }
    },
    {
      "RequestUri": "https://management.azure.com/subscriptions/00000000-0000-0000-0000-000000000/resourceGroups/00000/providers/Microsoft.MachineLearningServices/workspaces/00000/datastores/workspaceblobstore/listSecrets?api-version=2022-05-01",
      "RequestMethod": "POST",
      "RequestHeaders": {
        "Accept": "application/json",
        "Accept-Encoding": "gzip, deflate",
        "Connection": "keep-alive",
        "Content-Length": "0",
        "User-Agent": "azure-ai-ml/0.0.139 azsdk-python-mgmt-machinelearningservices/0.1.0 Python/3.8.6 (Windows-10-10.0.22000-SP0)"
      },
      "RequestBody": null,
      "StatusCode": 200,
      "ResponseHeaders": {
        "Cache-Control": "no-cache",
        "Content-Encoding": "gzip",
        "Content-Type": "application/json; charset=utf-8",
        "Date": "Fri, 16 Sep 2022 03:39:04 GMT",
        "Expires": "-1",
        "Pragma": "no-cache",
        "Request-Context": "appId=cid-v1:17d65b70-e9ce-4ed5-9347-1f660ec782e9",
        "Server-Timing": "traceparent;desc=\u002200-fb85665e4a52c5912b8323e1041fec5b-86da1891bbcaf235-01\u0022",
        "Strict-Transport-Security": "max-age=31536000; includeSubDomains",
        "Transfer-Encoding": "chunked",
        "Vary": "Accept-Encoding",
        "x-aml-cluster": "vienna-eastus2euap-02",
        "X-Content-Type-Options": "nosniff",
        "x-ms-correlation-request-id": "736db8b8-5c96-44ac-abcf-d5b227f4a128",
        "x-ms-ratelimit-remaining-subscription-writes": "1190",
        "x-ms-response-type": "standard",
        "x-ms-routing-request-id": "CANADACENTRAL:20220916T033905Z:736db8b8-5c96-44ac-abcf-d5b227f4a128",
        "x-request-time": "0.167"
      },
      "ResponseBody": {
        "secretsType": "AccountKey",
        "key": "dGhpcyBpcyBmYWtlIGtleQ=="
      }
    },
    {
      "RequestUri": "https://sagh4dshas62md4.blob.core.windows.net/azureml-blobstore-a6d5a3b8-8717-4928-b8f7-4c9f36d21085/LocalUpload/00000000000000000000000000000000/python/sample1.csv",
      "RequestMethod": "HEAD",
      "RequestHeaders": {
        "Accept": "application/xml",
        "Accept-Encoding": "gzip, deflate",
        "Connection": "keep-alive",
        "User-Agent": "azsdk-python-storage-blob/12.12.0 Python/3.8.6 (Windows-10-10.0.22000-SP0)",
        "x-ms-date": "Fri, 16 Sep 2022 03:39:04 GMT",
        "x-ms-version": "2021-06-08"
      },
      "RequestBody": null,
      "StatusCode": 200,
      "ResponseHeaders": {
        "Accept-Ranges": "bytes",
        "Content-Length": "508",
        "Content-MD5": "dUQjYq1qrTeqLOaZ4N2AUQ==",
        "Content-Type": "application/octet-stream",
        "Date": "Fri, 16 Sep 2022 03:39:05 GMT",
        "ETag": "\u00220x8DA975B4CC57610\u0022",
        "Last-Modified": "Thu, 15 Sep 2022 20:46:01 GMT",
        "Server": [
          "Windows-Azure-Blob/1.0",
          "Microsoft-HTTPAPI/2.0"
        ],
        "Vary": "Origin",
        "x-ms-access-tier": "Hot",
        "x-ms-access-tier-inferred": "true",
        "x-ms-blob-type": "BlockBlob",
        "x-ms-creation-time": "Thu, 15 Sep 2022 20:46:01 GMT",
        "x-ms-lease-state": "available",
        "x-ms-lease-status": "unlocked",
        "x-ms-meta-name": "f0648f42-ca3c-4aee-9d9e-f2fe26dc4430",
        "x-ms-meta-upload_status": "completed",
        "x-ms-meta-version": "1",
        "x-ms-server-encrypted": "true",
        "x-ms-version": "2021-06-08"
      },
      "ResponseBody": null
    },
    {
      "RequestUri": "https://sagh4dshas62md4.blob.core.windows.net/azureml-blobstore-a6d5a3b8-8717-4928-b8f7-4c9f36d21085/az-ml-artifacts/00000000000000000000000000000000/python/sample1.csv",
      "RequestMethod": "HEAD",
      "RequestHeaders": {
        "Accept": "application/xml",
        "Accept-Encoding": "gzip, deflate",
        "Connection": "keep-alive",
        "User-Agent": "azsdk-python-storage-blob/12.12.0 Python/3.8.6 (Windows-10-10.0.22000-SP0)",
        "x-ms-date": "Fri, 16 Sep 2022 03:39:04 GMT",
        "x-ms-version": "2021-06-08"
      },
      "RequestBody": null,
      "StatusCode": 404,
      "ResponseHeaders": {
        "Date": "Fri, 16 Sep 2022 03:39:05 GMT",
        "Server": [
          "Windows-Azure-Blob/1.0",
          "Microsoft-HTTPAPI/2.0"
        ],
        "Transfer-Encoding": "chunked",
        "Vary": "Origin",
        "x-ms-error-code": "BlobNotFound",
        "x-ms-version": "2021-06-08"
      },
      "ResponseBody": null
    },
    {
      "RequestUri": "https://management.azure.com/subscriptions/00000000-0000-0000-0000-000000000/resourceGroups/00000/providers/Microsoft.MachineLearningServices/workspaces/00000/codes/f0648f42-ca3c-4aee-9d9e-f2fe26dc4430/versions/1?api-version=2022-05-01",
      "RequestMethod": "PUT",
      "RequestHeaders": {
        "Accept": "application/json",
        "Accept-Encoding": "gzip, deflate",
        "Connection": "keep-alive",
        "Content-Length": "350",
        "Content-Type": "application/json",
        "User-Agent": "azure-ai-ml/0.0.139 azsdk-python-mgmt-machinelearningservices/0.1.0 Python/3.8.6 (Windows-10-10.0.22000-SP0)"
      },
      "RequestBody": {
        "properties": {
          "properties": {
            "hash_sha256": "4e52a86566310f35d5af74fd1150f3fff7cd3d8c689be98febd72151eed53fd7",
            "hash_version": "202208"
          },
          "isAnonymous": true,
          "isArchived": false,
          "codeUri": "https://sagh4dshas62md4.blob.core.windows.net/azureml-blobstore-a6d5a3b8-8717-4928-b8f7-4c9f36d21085/LocalUpload/00000000000000000000000000000000/python"
        }
      },
      "StatusCode": 200,
      "ResponseHeaders": {
        "Cache-Control": "no-cache",
        "Content-Encoding": "gzip",
        "Content-Type": "application/json; charset=utf-8",
        "Date": "Fri, 16 Sep 2022 03:39:06 GMT",
        "Expires": "-1",
        "Pragma": "no-cache",
        "Request-Context": "appId=cid-v1:17d65b70-e9ce-4ed5-9347-1f660ec782e9",
        "Server-Timing": "traceparent;desc=\u002200-bd877d4da46b6bf4125882561ef8ce3b-f8d937b63fd72aaf-01\u0022",
        "Strict-Transport-Security": "max-age=31536000; includeSubDomains",
        "Transfer-Encoding": "chunked",
        "Vary": [
          "Accept-Encoding",
          "Accept-Encoding"
        ],
        "x-aml-cluster": "vienna-eastus2euap-02",
        "X-Content-Type-Options": "nosniff",
        "x-ms-correlation-request-id": "41d164ef-4563-4126-891d-ecea12dfd280",
        "x-ms-ratelimit-remaining-subscription-writes": "1181",
        "x-ms-response-type": "standard",
        "x-ms-routing-request-id": "CANADACENTRAL:20220916T033907Z:41d164ef-4563-4126-891d-ecea12dfd280",
        "x-request-time": "0.068"
      },
      "ResponseBody": {
        "id": "/subscriptions/00000000-0000-0000-0000-000000000/resourceGroups/00000/providers/Microsoft.MachineLearningServices/workspaces/00000/codes/f0648f42-ca3c-4aee-9d9e-f2fe26dc4430/versions/1",
        "name": "1",
        "type": "Microsoft.MachineLearningServices/workspaces/codes/versions",
        "properties": {
          "description": null,
          "tags": {},
          "properties": {
            "hash_sha256": "4e52a86566310f35d5af74fd1150f3fff7cd3d8c689be98febd72151eed53fd7",
            "hash_version": "202208"
          },
          "isArchived": false,
          "isAnonymous": false,
          "codeUri": "https://sagh4dshas62md4.blob.core.windows.net/azureml-blobstore-a6d5a3b8-8717-4928-b8f7-4c9f36d21085/LocalUpload/00000000000000000000000000000000/python"
        },
        "systemData": {
          "createdAt": "2022-09-15T20:46:01.4252338\u002B00:00",
          "createdBy": "Neehar Duvvuri",
          "createdByType": "User",
          "lastModifiedAt": "2022-09-16T03:39:07.7033119\u002B00:00",
          "lastModifiedBy": "Neehar Duvvuri",
          "lastModifiedByType": "User"
        }
      }
    },
    {
      "RequestUri": "https://management.azure.com/subscriptions/00000000-0000-0000-0000-000000000/resourceGroups/00000/providers/Microsoft.MachineLearningServices/workspaces/00000/components/test_88439295928/versions/0.0.1?api-version=2022-05-01",
      "RequestMethod": "PUT",
      "RequestHeaders": {
        "Accept": "application/json",
        "Accept-Encoding": "gzip, deflate",
        "Connection": "keep-alive",
        "Content-Length": "629",
        "Content-Type": "application/json",
        "User-Agent": "azure-ai-ml/0.0.139 azsdk-python-mgmt-machinelearningservices/0.1.0 Python/3.8.6 (Windows-10-10.0.22000-SP0)"
      },
      "RequestBody": {
        "properties": {
          "properties": {},
          "tags": {},
          "isAnonymous": false,
          "isArchived": false,
          "componentSpec": {
            "name": "test_88439295928",
            "tags": {},
            "version": "0.0.1",
            "$schema": "https://componentsdk.azureedge.net/jsonschema/CommandComponent.json",
            "display_name": "Ls Command",
            "is_deterministic": true,
            "inputs": {},
            "outputs": {},
            "type": "CommandComponent",
            "code": "azureml:/subscriptions/00000000-0000-0000-0000-000000000/resourceGroups/00000/providers/Microsoft.MachineLearningServices/workspaces/00000/codes/f0648f42-ca3c-4aee-9d9e-f2fe26dc4430/versions/1",
            "environment": {
              "name": "AzureML-Designer"
            },
            "command": "ls"
          }
        }
      },
      "StatusCode": 201,
      "ResponseHeaders": {
        "Cache-Control": "no-cache",
        "Content-Length": "1337",
        "Content-Type": "application/json; charset=utf-8",
        "Date": "Fri, 16 Sep 2022 03:39:07 GMT",
        "Expires": "-1",
        "Location": "https://management.azure.com/subscriptions/00000000-0000-0000-0000-000000000/resourceGroups/00000/providers/Microsoft.MachineLearningServices/workspaces/00000/components/test_88439295928/versions/0.0.1?api-version=2022-05-01",
        "Pragma": "no-cache",
        "Request-Context": "appId=cid-v1:17d65b70-e9ce-4ed5-9347-1f660ec782e9",
        "Server-Timing": "traceparent;desc=\u002200-aef453f957e9e5cc7815f5bed81a0ea9-7c8cae9bed4822ab-01\u0022",
        "Strict-Transport-Security": "max-age=31536000; includeSubDomains",
        "x-aml-cluster": "vienna-eastus2euap-02",
        "X-Content-Type-Options": "nosniff",
        "x-ms-correlation-request-id": "1df79a69-483e-4fc1-8c7d-86e962d826dc",
        "x-ms-ratelimit-remaining-subscription-writes": "1180",
        "x-ms-response-type": "standard",
        "x-ms-routing-request-id": "CANADACENTRAL:20220916T033908Z:1df79a69-483e-4fc1-8c7d-86e962d826dc",
        "x-request-time": "0.573"
      },
      "ResponseBody": {
        "id": "/subscriptions/00000000-0000-0000-0000-000000000/resourceGroups/00000/providers/Microsoft.MachineLearningServices/workspaces/00000/components/test_88439295928/versions/0.0.1",
        "name": "0.0.1",
        "type": "Microsoft.MachineLearningServices/workspaces/components/versions",
        "properties": {
          "description": null,
          "tags": {},
          "properties": {},
          "isArchived": false,
          "isAnonymous": false,
          "componentSpec": {
            "$schema": "https://componentsdk.azureedge.net/jsonschema/CommandComponent.json",
            "name": "test_88439295928",
            "version": "0.0.1",
            "display_name": "Ls Command",
            "is_deterministic": "True",
            "type": "CommandComponent",
            "environment": {
              "name": "AzureML-Designer",
              "os": "Linux"
            },
            "successful_return_code": "Zero",
            "command": "ls",
            "code": "azureml:/subscriptions/00000000-0000-0000-0000-000000000/resourceGroups/00000/providers/Microsoft.MachineLearningServices/workspaces/00000/codes/f0648f42-ca3c-4aee-9d9e-f2fe26dc4430/versions/1"
          }
        },
        "systemData": {
          "createdAt": "2022-09-16T03:39:08.1384841\u002B00:00",
          "createdBy": "Neehar Duvvuri",
          "createdByType": "User",
          "lastModifiedAt": "2022-09-16T03:39:08.3410216\u002B00:00",
          "lastModifiedBy": "Neehar Duvvuri",
          "lastModifiedByType": "User"
        }
      }
    },
    {
      "RequestUri": "https://management.azure.com/subscriptions/00000000-0000-0000-0000-000000000/resourceGroups/00000/providers/Microsoft.MachineLearningServices/workspaces/00000/components/test_88439295928/versions/0.0.1?api-version=2022-05-01",
      "RequestMethod": "GET",
      "RequestHeaders": {
        "Accept": "application/json",
        "Accept-Encoding": "gzip, deflate",
        "Connection": "keep-alive",
        "User-Agent": "azure-ai-ml/0.0.139 azsdk-python-mgmt-machinelearningservices/0.1.0 Python/3.8.6 (Windows-10-10.0.22000-SP0)"
      },
      "RequestBody": null,
      "StatusCode": 200,
      "ResponseHeaders": {
        "Cache-Control": "no-cache",
        "Content-Encoding": "gzip",
        "Content-Type": "application/json; charset=utf-8",
        "Date": "Fri, 16 Sep 2022 03:39:07 GMT",
        "Expires": "-1",
        "Pragma": "no-cache",
        "Request-Context": "appId=cid-v1:17d65b70-e9ce-4ed5-9347-1f660ec782e9",
        "Server-Timing": "traceparent;desc=\u002200-0b4b540d1b3e93bfa6bf1faada048d3a-7615e78bccf3ff4c-01\u0022",
        "Strict-Transport-Security": "max-age=31536000; includeSubDomains",
        "Transfer-Encoding": "chunked",
        "Vary": [
          "Accept-Encoding",
          "Accept-Encoding"
        ],
        "x-aml-cluster": "vienna-eastus2euap-02",
        "X-Content-Type-Options": "nosniff",
        "x-ms-correlation-request-id": "0488f4de-add0-4bcd-b210-acce77094d58",
        "x-ms-ratelimit-remaining-subscription-reads": "11980",
        "x-ms-response-type": "standard",
        "x-ms-routing-request-id": "CANADACENTRAL:20220916T033908Z:0488f4de-add0-4bcd-b210-acce77094d58",
        "x-request-time": "0.146"
      },
      "ResponseBody": {
        "id": "/subscriptions/00000000-0000-0000-0000-000000000/resourceGroups/00000/providers/Microsoft.MachineLearningServices/workspaces/00000/components/test_88439295928/versions/0.0.1",
        "name": "0.0.1",
        "type": "Microsoft.MachineLearningServices/workspaces/components/versions",
        "properties": {
          "description": null,
          "tags": {},
          "properties": {},
          "isArchived": false,
          "isAnonymous": false,
          "componentSpec": {
            "$schema": "https://componentsdk.azureedge.net/jsonschema/CommandComponent.json",
            "name": "test_88439295928",
            "version": "0.0.1",
            "display_name": "Ls Command",
            "is_deterministic": "True",
            "type": "CommandComponent",
            "environment": {
              "name": "AzureML-Designer",
              "os": "Linux"
            },
            "successful_return_code": "Zero",
            "command": "ls",
            "code": "azureml:/subscriptions/00000000-0000-0000-0000-000000000/resourceGroups/00000/providers/Microsoft.MachineLearningServices/workspaces/00000/codes/f0648f42-ca3c-4aee-9d9e-f2fe26dc4430/versions/1"
          }
        },
        "systemData": {
          "createdAt": "2022-09-16T03:39:08.1384841\u002B00:00",
          "createdBy": "Neehar Duvvuri",
          "createdByType": "User",
          "lastModifiedAt": "2022-09-16T03:39:08.3410216\u002B00:00",
          "lastModifiedBy": "Neehar Duvvuri",
          "lastModifiedByType": "User"
        }
      }
    }
  ],
  "Variables": {
    "component_name": "test_88439295928"
  }
}
