{
  "Entries": [
    {
      "RequestUri": "https://management.azure.com/subscriptions/00000000-0000-0000-0000-000000000/resourceGroups/00000/providers/Microsoft.MachineLearningServices/workspaces/00000/codes/000000000000000000000/versions?api-version=2023-04-01\u0026hash=047aff4df8670a0dff4b3dcce6711b8da26626210f8f4bc7344eadf8450f640d\u0026hashVersion=202208",
      "RequestMethod": "GET",
      "RequestHeaders": {
        "Accept": "application/json",
        "Accept-Encoding": "gzip, deflate",
        "Connection": "keep-alive",
        "User-Agent": "azure-ai-ml/1.6.0 azsdk-python-mgmt-machinelearningservices/0.1.0 Python/3.10.11 (Windows-10-10.0.19045-SP0)"
      },
      "RequestBody": null,
      "StatusCode": 200,
      "ResponseHeaders": {
        "Cache-Control": "no-cache",
        "Content-Encoding": "gzip",
        "Content-Type": "application/json; charset=utf-8",
        "Date": "Thu, 13 Apr 2023 22:14:19 GMT",
        "Expires": "-1",
        "Pragma": "no-cache",
        "request-context": "appId=cid-v1:512cc15a-13b5-415b-bfd0-dce7accb6bb1",
        "Server-Timing": "traceparent;desc=\u002200-ab40fafa0fa34c32ca88a706c66e68bd-6fbf2dc4be07f469-01\u0022",
        "Strict-Transport-Security": "max-age=31536000; includeSubDomains",
        "Transfer-Encoding": "chunked",
        "Vary": [
          "Accept-Encoding",
          "Accept-Encoding"
        ],
        "x-aml-cluster": "vienna-test-westus2-01",
        "X-Content-Type-Options": "nosniff",
        "x-ms-correlation-request-id": "d7efb7d9-8f7f-4d49-b99d-044b802b2ae7",
        "x-ms-ratelimit-remaining-subscription-reads": "11965",
        "x-ms-response-type": "standard",
        "x-ms-routing-request-id": "WESTUS2:20230413T221420Z:d7efb7d9-8f7f-4d49-b99d-044b802b2ae7",
        "x-request-time": "0.087"
      },
      "ResponseBody": {
        "value": [
          {
            "id": "/subscriptions/00000000-0000-0000-0000-000000000/resourceGroups/00000/providers/Microsoft.MachineLearningServices/workspaces/00000/codes/000000000000000000000/versions/1",
            "name": "1",
            "type": "Microsoft.MachineLearningServices/workspaces/codes/versions",
            "properties": {
              "description": null,
              "tags": {},
              "properties": {
                "hash_sha256": "047aff4df8670a0dff4b3dcce6711b8da26626210f8f4bc7344eadf8450f640d",
                "hash_version": "202208"
              },
              "isArchived": false,
              "isAnonymous": false,
              "codeUri": "https://sab6b272nokaeak.blob.core.windows.net:443/061273aa-2-67002e97-43f1-5a0d-b778-be2444d05849/src",
              "provisioningState": "Succeeded"
            },
            "systemData": {
              "createdAt": "2023-04-13T21:16:10.4631854\u002B00:00",
              "createdBy": "Diondra Peck",
              "createdByType": "User",
              "lastModifiedAt": "2023-04-13T21:16:10.4631854\u002B00:00",
              "lastModifiedBy": "Diondra Peck",
              "lastModifiedByType": "User"
            }
          }
        ]
      }
    },
    {
      "RequestUri": "https://management.azure.com/subscriptions/00000000-0000-0000-0000-000000000/resourceGroups/00000/providers/Microsoft.MachineLearningServices/workspaces/00000/codes/000000000000000000000/versions?api-version=2023-04-01\u0026hash=047aff4df8670a0dff4b3dcce6711b8da26626210f8f4bc7344eadf8450f640d\u0026hashVersion=202208",
      "RequestMethod": "GET",
      "RequestHeaders": {
        "Accept": "application/json",
        "Accept-Encoding": "gzip, deflate",
        "Connection": "keep-alive",
        "User-Agent": "azure-ai-ml/1.6.0 azsdk-python-mgmt-machinelearningservices/0.1.0 Python/3.10.11 (Windows-10-10.0.19045-SP0)"
      },
      "RequestBody": null,
      "StatusCode": 200,
      "ResponseHeaders": {
        "Cache-Control": "no-cache",
        "Content-Encoding": "gzip",
        "Content-Type": "application/json; charset=utf-8",
        "Date": "Thu, 13 Apr 2023 22:14:19 GMT",
        "Expires": "-1",
        "Pragma": "no-cache",
        "request-context": "appId=cid-v1:512cc15a-13b5-415b-bfd0-dce7accb6bb1",
        "Server-Timing": "traceparent;desc=\u002200-f0d1b3d3ae51e60ad72f63e712fbf8e9-9355188f6e6c2823-01\u0022",
        "Strict-Transport-Security": "max-age=31536000; includeSubDomains",
        "Transfer-Encoding": "chunked",
        "Vary": [
          "Accept-Encoding",
          "Accept-Encoding"
        ],
        "x-aml-cluster": "vienna-test-westus2-01",
        "X-Content-Type-Options": "nosniff",
        "x-ms-correlation-request-id": "f24db6cc-4eb0-42fa-b648-ad1fbaed8c1b",
        "x-ms-ratelimit-remaining-subscription-reads": "11986",
        "x-ms-response-type": "standard",
        "x-ms-routing-request-id": "WESTUS2:20230413T221420Z:f24db6cc-4eb0-42fa-b648-ad1fbaed8c1b",
        "x-request-time": "0.080"
      },
      "ResponseBody": {
        "value": [
          {
            "id": "/subscriptions/00000000-0000-0000-0000-000000000/resourceGroups/00000/providers/Microsoft.MachineLearningServices/workspaces/00000/codes/000000000000000000000/versions/1",
            "name": "1",
            "type": "Microsoft.MachineLearningServices/workspaces/codes/versions",
            "properties": {
              "description": null,
              "tags": {},
              "properties": {
                "hash_sha256": "047aff4df8670a0dff4b3dcce6711b8da26626210f8f4bc7344eadf8450f640d",
                "hash_version": "202208"
              },
              "isArchived": false,
              "isAnonymous": false,
              "codeUri": "https://sab6b272nokaeak.blob.core.windows.net:443/061273aa-2-67002e97-43f1-5a0d-b778-be2444d05849/src",
              "provisioningState": "Succeeded"
            },
            "systemData": {
              "createdAt": "2023-04-13T21:16:10.4631854\u002B00:00",
              "createdBy": "Diondra Peck",
              "createdByType": "User",
              "lastModifiedAt": "2023-04-13T21:16:10.4631854\u002B00:00",
              "lastModifiedBy": "Diondra Peck",
              "lastModifiedByType": "User"
            }
          }
        ]
      }
    },
    {
      "RequestUri": "https://management.azure.com/subscriptions/00000000-0000-0000-0000-000000000/resourceGroups/00000/providers/Microsoft.MachineLearningServices/workspaces/00000/codes/000000000000000000000/versions/1?api-version=2023-04-01",
      "RequestMethod": "GET",
      "RequestHeaders": {
        "Accept": "application/json",
        "Accept-Encoding": "gzip, deflate",
        "Connection": "keep-alive",
        "User-Agent": "azure-ai-ml/1.6.0 azsdk-python-mgmt-machinelearningservices/0.1.0 Python/3.10.11 (Windows-10-10.0.19045-SP0)"
      },
      "RequestBody": null,
      "StatusCode": 200,
      "ResponseHeaders": {
        "Cache-Control": "no-cache",
        "Content-Encoding": "gzip",
        "Content-Type": "application/json; charset=utf-8",
        "Date": "Thu, 13 Apr 2023 22:14:20 GMT",
        "Expires": "-1",
        "Pragma": "no-cache",
        "request-context": "appId=cid-v1:512cc15a-13b5-415b-bfd0-dce7accb6bb1",
        "Server-Timing": "traceparent;desc=\u002200-9aab822b0de9538c78239378e5ab7b02-bb8d1538309a2070-01\u0022",
        "Strict-Transport-Security": "max-age=31536000; includeSubDomains",
        "Transfer-Encoding": "chunked",
        "Vary": [
          "Accept-Encoding",
          "Accept-Encoding"
        ],
        "x-aml-cluster": "vienna-test-westus2-01",
        "X-Content-Type-Options": "nosniff",
        "x-ms-correlation-request-id": "c72f3151-735c-4ff0-98a8-e119566bece8",
        "x-ms-ratelimit-remaining-subscription-reads": "11964",
        "x-ms-response-type": "standard",
        "x-ms-routing-request-id": "WESTUS2:20230413T221420Z:c72f3151-735c-4ff0-98a8-e119566bece8",
        "x-request-time": "0.072"
      },
      "ResponseBody": {
        "id": "/subscriptions/00000000-0000-0000-0000-000000000/resourceGroups/00000/providers/Microsoft.MachineLearningServices/workspaces/00000/codes/000000000000000000000/versions/1",
        "name": "1",
        "type": "Microsoft.MachineLearningServices/workspaces/codes/versions",
        "properties": {
          "description": null,
          "tags": {},
          "properties": {
            "hash_sha256": "0000000000000",
            "hash_version": "0000000000000"
          },
          "isArchived": false,
          "isAnonymous": false,
          "codeUri": "https://sab6b272nokaeak.blob.core.windows.net:443/061273aa-2-67002e97-43f1-5a0d-b778-be2444d05849/src",
          "provisioningState": "Succeeded"
        },
        "systemData": {
          "createdAt": "2023-04-13T21:16:10.4631854\u002B00:00",
          "createdBy": "Diondra Peck",
          "createdByType": "User",
          "lastModifiedAt": "2023-04-13T21:16:10.4631854\u002B00:00",
          "lastModifiedBy": "Diondra Peck",
          "lastModifiedByType": "User"
        }
      }
    },
    {
      "RequestUri": "https://management.azure.com/subscriptions/00000000-0000-0000-0000-000000000/resourceGroups/00000/providers/Microsoft.MachineLearningServices/workspaces/00000/codes/000000000000000000000/versions/1?api-version=2023-04-01",
      "RequestMethod": "GET",
      "RequestHeaders": {
        "Accept": "application/json",
        "Accept-Encoding": "gzip, deflate",
        "Connection": "keep-alive",
        "User-Agent": "azure-ai-ml/1.6.0 azsdk-python-mgmt-machinelearningservices/0.1.0 Python/3.10.11 (Windows-10-10.0.19045-SP0)"
      },
      "RequestBody": null,
      "StatusCode": 200,
      "ResponseHeaders": {
        "Cache-Control": "no-cache",
        "Content-Encoding": "gzip",
        "Content-Type": "application/json; charset=utf-8",
        "Date": "Thu, 13 Apr 2023 22:14:19 GMT",
        "Expires": "-1",
        "Pragma": "no-cache",
        "request-context": "appId=cid-v1:512cc15a-13b5-415b-bfd0-dce7accb6bb1",
        "Server-Timing": "traceparent;desc=\u002200-46ed20d9aa086536cdfc0aa1d4404624-42838b599c032a35-01\u0022",
        "Strict-Transport-Security": "max-age=31536000; includeSubDomains",
        "Transfer-Encoding": "chunked",
        "Vary": [
          "Accept-Encoding",
          "Accept-Encoding"
        ],
        "x-aml-cluster": "vienna-test-westus2-01",
        "X-Content-Type-Options": "nosniff",
        "x-ms-correlation-request-id": "eb5a06e3-e161-4281-b7e4-3c3a46b57431",
        "x-ms-ratelimit-remaining-subscription-reads": "11985",
        "x-ms-response-type": "standard",
        "x-ms-routing-request-id": "WESTUS2:20230413T221420Z:eb5a06e3-e161-4281-b7e4-3c3a46b57431",
        "x-request-time": "0.076"
      },
      "ResponseBody": {
        "id": "/subscriptions/00000000-0000-0000-0000-000000000/resourceGroups/00000/providers/Microsoft.MachineLearningServices/workspaces/00000/codes/000000000000000000000/versions/1",
        "name": "1",
        "type": "Microsoft.MachineLearningServices/workspaces/codes/versions",
        "properties": {
          "description": null,
          "tags": {},
          "properties": {
            "hash_sha256": "0000000000000",
            "hash_version": "0000000000000"
          },
          "isArchived": false,
          "isAnonymous": false,
          "codeUri": "https://sab6b272nokaeak.blob.core.windows.net:443/061273aa-2-67002e97-43f1-5a0d-b778-be2444d05849/src",
          "provisioningState": "Succeeded"
        },
        "systemData": {
          "createdAt": "2023-04-13T21:16:10.4631854\u002B00:00",
          "createdBy": "Diondra Peck",
          "createdByType": "User",
          "lastModifiedAt": "2023-04-13T21:16:10.4631854\u002B00:00",
          "lastModifiedBy": "Diondra Peck",
          "lastModifiedByType": "User"
        }
      }
    },
    {
      "RequestUri": "https://management.azure.com/subscriptions/00000000-0000-0000-0000-000000000/resourceGroups/00000/providers/Microsoft.MachineLearningServices/workspaces/00000/components/azureml_anonymous/versions/000000000000000000000?api-version=2022-10-01",
      "RequestMethod": "PUT",
      "RequestHeaders": {
        "Accept": "application/json",
        "Accept-Encoding": "gzip, deflate",
        "Connection": "keep-alive",
        "Content-Length": "931",
        "Content-Type": "application/json",
        "User-Agent": "azure-ai-ml/1.6.0 azsdk-python-mgmt-machinelearningservices/0.1.0 Python/3.10.11 (Windows-10-10.0.19045-SP0)"
      },
      "RequestBody": {
        "properties": {
          "description": "Aml Spark dataset word count test module",
          "properties": {},
          "tags": {},
          "isAnonymous": true,
          "isArchived": false,
          "componentSpec": {
            "code": "azureml:/subscriptions/00000000-0000-0000-0000-000000000/resourceGroups/00000/providers/Microsoft.MachineLearningServices/workspaces/00000/codes/000000000000000000000/versions/1",
            "entry": {
              "file": "wordcount.py"
            },
            "conf": {
              "spark.driver.cores": 1,
              "spark.driver.memory": "2g",
              "spark.executor.cores": 2,
              "spark.executor.memory": "2g",
              "spark.executor.instances": 4
            },
            "args": "--input1 ${{inputs.input1}}",
            "name": "azureml_anonymous",
            "description": "Aml Spark dataset word count test module",
            "version": "1",
            "$schema": "http://azureml/sdk-2-0/SparkComponent.json",
            "display_name": "Aml Spark dataset word count test module",
            "is_deterministic": true,
            "inputs": {
              "input1": {
                "type": "uri_file",
                "mode": "direct"
              }
            },
            "type": "spark",
            "_source": "YAML.JOB"
          }
        }
      },
      "StatusCode": 201,
      "ResponseHeaders": {
        "Cache-Control": "no-cache",
        "Content-Length": "1714",
        "Content-Type": "application/json; charset=utf-8",
        "Date": "Thu, 13 Apr 2023 22:14:21 GMT",
        "Expires": "-1",
        "Location": "https://management.azure.com/subscriptions/00000000-0000-0000-0000-000000000/resourceGroups/00000/providers/Microsoft.MachineLearningServices/workspaces/00000/components/azureml_anonymous/versions/000000000000000000000?api-version=2022-10-01",
        "Pragma": "no-cache",
        "request-context": "appId=cid-v1:512cc15a-13b5-415b-bfd0-dce7accb6bb1",
        "Server-Timing": "traceparent;desc=\u002200-7d03abaa68fea6514a1dbda7469458dc-97e391d50fedbbbd-01\u0022",
        "Strict-Transport-Security": "max-age=31536000; includeSubDomains",
        "x-aml-cluster": "vienna-test-westus2-01",
        "X-Content-Type-Options": "nosniff",
        "x-ms-correlation-request-id": "0af62156-068a-4ef4-8fb8-6c4e32da3228",
        "x-ms-ratelimit-remaining-subscription-writes": "1191",
        "x-ms-response-type": "standard",
        "x-ms-routing-request-id": "WESTUS2:20230413T221422Z:0af62156-068a-4ef4-8fb8-6c4e32da3228",
        "x-request-time": "0.612"
      },
      "ResponseBody": {
        "id": "/subscriptions/00000000-0000-0000-0000-000000000/resourceGroups/00000/providers/Microsoft.MachineLearningServices/workspaces/00000/components/azureml_anonymous/versions/01451963-473b-4cbc-a359-a8047c1ef975",
        "name": "01451963-473b-4cbc-a359-a8047c1ef975",
        "type": "Microsoft.MachineLearningServices/workspaces/components/versions",
        "properties": {
          "description": null,
          "tags": {},
          "properties": {},
          "isArchived": false,
          "isAnonymous": true,
          "componentSpec": {
            "$schema": "http://azureml/sdk-2-0/SparkComponent.json",
            "name": "azureml_anonymous",
            "version": "1",
            "display_name": "Aml Spark dataset word count test module",
            "is_deterministic": "True",
            "type": "spark",
            "description": "Aml Spark dataset word count test module",
            "inputs": {
              "input1": {
                "type": "uri_file",
                "optional": "False"
              }
            },
            "code": "azureml:/subscriptions/00000000-0000-0000-0000-000000000/resourceGroups/00000/providers/Microsoft.MachineLearningServices/workspaces/00000/codes/000000000000000000000/versions/1",
            "args": "--input1 ${{inputs.input1}}",
            "entry": {
              "file": "wordcount.py"
            },
            "conf": {
              "spark.driver.cores": "1",
              "spark.driver.memory": "2g",
              "spark.executor.cores": "2",
              "spark.executor.memory": "2g",
              "spark.executor.instances": "4"
            }
          }
        },
        "systemData": {
          "createdAt": "2023-04-13T21:16:12.7336603\u002B00:00",
          "createdBy": "Diondra Peck",
          "createdByType": "User",
          "lastModifiedAt": "2023-04-13T21:16:13.113985\u002B00:00",
          "lastModifiedBy": "Diondra Peck",
          "lastModifiedByType": "User"
        }
      }
    },
    {
      "RequestUri": "https://management.azure.com/subscriptions/00000000-0000-0000-0000-000000000/resourceGroups/00000/providers/Microsoft.MachineLearningServices/workspaces/00000/components/azureml_anonymous/versions/000000000000000000000?api-version=2022-10-01",
      "RequestMethod": "PUT",
      "RequestHeaders": {
        "Accept": "application/json",
        "Accept-Encoding": "gzip, deflate",
        "Connection": "keep-alive",
        "Content-Length": "1206",
        "Content-Type": "application/json",
        "User-Agent": "azure-ai-ml/1.6.0 azsdk-python-mgmt-machinelearningservices/0.1.0 Python/3.10.11 (Windows-10-10.0.19045-SP0)"
      },
      "RequestBody": {
        "properties": {
          "description": "Aml Spark dataset sample test module",
          "properties": {},
          "tags": {},
          "isAnonymous": true,
          "isArchived": false,
          "componentSpec": {
            "code": "azureml:/subscriptions/00000000-0000-0000-0000-000000000/resourceGroups/00000/providers/Microsoft.MachineLearningServices/workspaces/00000/codes/000000000000000000000/versions/1",
            "entry": {
              "file": "sampleword.py"
            },
            "conf": {
              "spark.driver.cores": 1,
              "spark.driver.memory": "2g",
              "spark.executor.cores": 2,
              "spark.executor.memory": "2g",
              "spark.dynamicAllocation.enabled": true,
              "spark.dynamicAllocation.minExecutors": 1,
              "spark.dynamicAllocation.maxExecutors": 4
            },
            "args": "--input1 ${{inputs.input1}} --output2 ${{outputs.output1}} --my_sample_rate ${{inputs.sample_rate}}",
            "name": "azureml_anonymous",
            "description": "Aml Spark dataset sample test module",
            "version": "1",
            "$schema": "http://azureml/sdk-2-0/SparkComponent.json",
            "display_name": "Aml Spark dataset sample test module",
            "is_deterministic": true,
            "inputs": {
              "input1": {
                "type": "uri_file",
                "mode": "direct"
              },
              "sample_rate": {
                "type": "number",
                "default": "0.01"
              }
            },
            "outputs": {
              "output1": {
                "type": "uri_file",
                "mode": "direct"
              }
            },
            "type": "spark",
            "_source": "YAML.JOB"
          }
        }
      },
      "StatusCode": 201,
      "ResponseHeaders": {
        "Cache-Control": "no-cache",
        "Content-Length": "2107",
        "Content-Type": "application/json; charset=utf-8",
        "Date": "Thu, 13 Apr 2023 22:14:22 GMT",
        "Expires": "-1",
        "Location": "https://management.azure.com/subscriptions/00000000-0000-0000-0000-000000000/resourceGroups/00000/providers/Microsoft.MachineLearningServices/workspaces/00000/components/azureml_anonymous/versions/000000000000000000000?api-version=2022-10-01",
        "Pragma": "no-cache",
        "request-context": "appId=cid-v1:512cc15a-13b5-415b-bfd0-dce7accb6bb1",
        "Server-Timing": "traceparent;desc=\u002200-fc6562991ee0d2c580b25eb530b77102-ce7ac6406fb1d76f-01\u0022",
        "Strict-Transport-Security": "max-age=31536000; includeSubDomains",
        "x-aml-cluster": "vienna-test-westus2-01",
        "X-Content-Type-Options": "nosniff",
        "x-ms-correlation-request-id": "c9cda92d-6d4a-4595-ad28-5d34f31b974a",
        "x-ms-ratelimit-remaining-subscription-writes": "1171",
        "x-ms-response-type": "standard",
        "x-ms-routing-request-id": "WESTUS2:20230413T221422Z:c9cda92d-6d4a-4595-ad28-5d34f31b974a",
        "x-request-time": "1.113"
      },
      "ResponseBody": {
        "id": "/subscriptions/00000000-0000-0000-0000-000000000/resourceGroups/00000/providers/Microsoft.MachineLearningServices/workspaces/00000/components/azureml_anonymous/versions/84b31d3a-099b-48be-a8e2-fccc7ece7387",
        "name": "84b31d3a-099b-48be-a8e2-fccc7ece7387",
        "type": "Microsoft.MachineLearningServices/workspaces/components/versions",
        "properties": {
          "description": null,
          "tags": {},
          "properties": {},
          "isArchived": false,
          "isAnonymous": true,
          "componentSpec": {
            "$schema": "http://azureml/sdk-2-0/SparkComponent.json",
            "name": "azureml_anonymous",
            "version": "1",
            "display_name": "Aml Spark dataset sample test module",
            "is_deterministic": "True",
            "type": "spark",
            "description": "Aml Spark dataset sample test module",
            "inputs": {
              "input1": {
                "type": "uri_file",
                "optional": "False"
              },
              "sample_rate": {
                "type": "number",
                "optional": "False",
                "default": "0.01"
              }
            },
            "outputs": {
              "output1": {
                "type": "uri_file"
              }
            },
            "code": "azureml:/subscriptions/00000000-0000-0000-0000-000000000/resourceGroups/00000/providers/Microsoft.MachineLearningServices/workspaces/00000/codes/000000000000000000000/versions/1",
            "args": "--input1 ${{inputs.input1}} --output2 ${{outputs.output1}} --my_sample_rate ${{inputs.sample_rate}}",
            "entry": {
              "file": "sampleword.py"
            },
            "conf": {
              "spark.driver.cores": "1",
              "spark.driver.memory": "2g",
              "spark.executor.cores": "2",
              "spark.executor.memory": "2g",
              "spark.dynamicAllocation.enabled": "true",
              "spark.dynamicAllocation.minExecutors": "1",
              "spark.dynamicAllocation.maxExecutors": "4"
            }
          }
        },
        "systemData": {
          "createdAt": "2023-04-13T22:14:22.1863276\u002B00:00",
          "createdBy": "Diondra Peck",
          "createdByType": "User",
          "lastModifiedAt": "2023-04-13T22:14:22.1863276\u002B00:00",
          "lastModifiedBy": "Diondra Peck",
          "lastModifiedByType": "User"
        }
      }
    },
    {
      "RequestUri": "https://management.azure.com/subscriptions/00000000-0000-0000-0000-000000000/resourceGroups/00000/providers/Microsoft.MachineLearningServices/workspaces/00000/datastores/workspaceblobstore?api-version=2022-10-01",
      "RequestMethod": "GET",
      "RequestHeaders": {
        "Accept": "application/json",
        "Accept-Encoding": "gzip, deflate",
        "Connection": "keep-alive",
        "User-Agent": "azure-ai-ml/1.6.0 azsdk-python-mgmt-machinelearningservices/0.1.0 Python/3.10.11 (Windows-10-10.0.19045-SP0)"
      },
      "RequestBody": null,
      "StatusCode": 200,
      "ResponseHeaders": {
        "Cache-Control": "no-cache",
        "Content-Encoding": "gzip",
        "Content-Type": "application/json; charset=utf-8",
        "Date": "Thu, 13 Apr 2023 22:14:22 GMT",
        "Expires": "-1",
        "Pragma": "no-cache",
        "request-context": "appId=cid-v1:512cc15a-13b5-415b-bfd0-dce7accb6bb1",
        "Server-Timing": "traceparent;desc=\u002200-f9d549f5e8c6655d7586636d2f854c4b-21bb52e4bcac1554-01\u0022",
        "Strict-Transport-Security": "max-age=31536000; includeSubDomains",
        "Transfer-Encoding": "chunked",
        "Vary": [
          "Accept-Encoding",
          "Accept-Encoding"
        ],
        "x-aml-cluster": "vienna-test-westus2-01",
        "X-Content-Type-Options": "nosniff",
        "x-ms-correlation-request-id": "8477df30-2499-4c8b-a7ce-39d476150969",
        "x-ms-ratelimit-remaining-subscription-reads": "11963",
        "x-ms-response-type": "standard",
        "x-ms-routing-request-id": "WESTUS2:20230413T221423Z:8477df30-2499-4c8b-a7ce-39d476150969",
        "x-request-time": "0.179"
      },
      "ResponseBody": {
        "id": "/subscriptions/00000000-0000-0000-0000-000000000/resourceGroups/00000/providers/Microsoft.MachineLearningServices/workspaces/00000/datastores/workspaceblobstore",
        "name": "workspaceblobstore",
        "type": "Microsoft.MachineLearningServices/workspaces/datastores",
        "properties": {
          "description": null,
          "tags": null,
          "properties": null,
          "isDefault": true,
          "credentials": {
            "credentialsType": "AccountKey"
          },
          "datastoreType": "AzureBlob",
          "accountName": "sab6b272nokaeak",
          "containerName": "azureml-blobstore-061273aa-2956-4aff-8628-0fad8c820f9e",
          "endpoint": "core.windows.net",
          "protocol": "https",
          "serviceDataAccessAuthIdentity": "WorkspaceSystemAssignedIdentity"
        },
        "systemData": {
          "createdAt": "2023-04-07T22:03:48.498579\u002B00:00",
          "createdBy": "779301c0-18b2-4cdc-801b-a0a3368fee0a",
          "createdByType": "Application",
          "lastModifiedAt": "2023-04-07T22:03:49.2565567\u002B00:00",
          "lastModifiedBy": "779301c0-18b2-4cdc-801b-a0a3368fee0a",
          "lastModifiedByType": "Application"
        }
      }
    },
    {
      "RequestUri": "https://management.azure.com/subscriptions/00000000-0000-0000-0000-000000000/resourceGroups/00000/providers/Microsoft.MachineLearningServices/workspaces/00000/datastores/workspaceblobstore/listSecrets?api-version=2022-10-01",
      "RequestMethod": "POST",
      "RequestHeaders": {
        "Accept": "application/json",
        "Accept-Encoding": "gzip, deflate",
        "Connection": "keep-alive",
        "Content-Length": "0",
        "User-Agent": "azure-ai-ml/1.6.0 azsdk-python-mgmt-machinelearningservices/0.1.0 Python/3.10.11 (Windows-10-10.0.19045-SP0)"
      },
      "RequestBody": null,
      "StatusCode": 200,
      "ResponseHeaders": {
        "Cache-Control": "no-cache",
        "Content-Encoding": "gzip",
        "Content-Type": "application/json; charset=utf-8",
        "Date": "Thu, 13 Apr 2023 22:14:23 GMT",
        "Expires": "-1",
        "Pragma": "no-cache",
        "request-context": "appId=cid-v1:512cc15a-13b5-415b-bfd0-dce7accb6bb1",
        "Server-Timing": "traceparent;desc=\u002200-bb389fe1d161595d582fad0cf12ccbc8-d5b1a674e418befe-01\u0022",
        "Strict-Transport-Security": "max-age=31536000; includeSubDomains",
        "Transfer-Encoding": "chunked",
        "Vary": "Accept-Encoding",
        "x-aml-cluster": "vienna-test-westus2-01",
        "X-Content-Type-Options": "nosniff",
        "x-ms-correlation-request-id": "2e8d6e26-9484-4aae-990f-1e6ca642f9b8",
        "x-ms-ratelimit-remaining-subscription-writes": "1187",
        "x-ms-response-type": "standard",
        "x-ms-routing-request-id": "WESTUS2:20230413T221423Z:2e8d6e26-9484-4aae-990f-1e6ca642f9b8",
        "x-request-time": "0.163"
      },
      "ResponseBody": {
        "secretsType": "AccountKey",
        "key": "dGhpcyBpcyBmYWtlIGtleQ=="
      }
    },
    {
      "RequestUri": "https://sab6b272nokaeak.blob.core.windows.net/000000000000000000000000000000000000/LocalUpload/00000000000000000000000000000000/shakespeare.txt",
      "RequestMethod": "HEAD",
      "RequestHeaders": {
        "Accept": "application/xml",
        "Accept-Encoding": "gzip, deflate",
        "Connection": "keep-alive",
        "User-Agent": "azsdk-python-storage-blob/12.15.0 Python/3.10.11 (Windows-10-10.0.19045-SP0)",
        "x-ms-date": "Thu, 13 Apr 2023 22:14:23 GMT",
        "x-ms-version": "2021-12-02"
      },
      "RequestBody": null,
      "StatusCode": 200,
      "ResponseHeaders": {
        "Accept-Ranges": "bytes",
        "Content-Length": "5571940",
        "Content-MD5": "F5mM7xf/JNJNT5/lrZkb5A==",
        "Content-Type": "application/octet-stream",
        "Date": "Thu, 13 Apr 2023 22:14:22 GMT",
        "ETag": "\u00220x8DB39EABC943140\u0022",
        "Last-Modified": "Mon, 10 Apr 2023 17:40:55 GMT",
        "Server": [
          "Windows-Azure-Blob/1.0",
          "Microsoft-HTTPAPI/2.0"
        ],
        "Vary": "Origin",
        "x-ms-access-tier": "Hot",
        "x-ms-access-tier-inferred": "true",
        "x-ms-blob-type": "BlockBlob",
        "x-ms-creation-time": "Mon, 10 Apr 2023 17:40:55 GMT",
        "x-ms-lease-state": "available",
        "x-ms-lease-status": "unlocked",
        "x-ms-meta-name": "ffd90f1d-24ce-4aec-8275-c038cec14f35",
        "x-ms-meta-upload_status": "completed",
        "x-ms-meta-version": "649b1726-cfee-47b3-a83a-47e69db4b8c9",
        "x-ms-server-encrypted": "true",
        "x-ms-version": "2021-12-02"
      },
      "ResponseBody": null
    },
    {
      "RequestUri": "https://sab6b272nokaeak.blob.core.windows.net/000000000000000000000000000000000000/az-ml-artifacts/00000000000000000000000000000000/shakespeare.txt",
      "RequestMethod": "HEAD",
      "RequestHeaders": {
        "Accept": "application/xml",
        "Accept-Encoding": "gzip, deflate",
        "Connection": "keep-alive",
        "User-Agent": "azsdk-python-storage-blob/12.15.0 Python/3.10.11 (Windows-10-10.0.19045-SP0)",
        "x-ms-date": "Thu, 13 Apr 2023 22:14:23 GMT",
        "x-ms-version": "2021-12-02"
      },
      "RequestBody": null,
      "StatusCode": 404,
      "ResponseHeaders": {
        "Date": "Thu, 13 Apr 2023 22:14:22 GMT",
        "Server": [
          "Windows-Azure-Blob/1.0",
          "Microsoft-HTTPAPI/2.0"
        ],
        "Transfer-Encoding": "chunked",
        "Vary": "Origin",
        "x-ms-error-code": "BlobNotFound",
        "x-ms-version": "2021-12-02"
      },
      "ResponseBody": null
    },
    {
      "RequestUri": "https://management.azure.com/subscriptions/00000000-0000-0000-0000-000000000/resourceGroups/00000/providers/Microsoft.MachineLearningServices/workspaces/00000/jobs/000000000000000000000?api-version=2023-02-01-preview",
      "RequestMethod": "PUT",
      "RequestHeaders": {
        "Accept": "application/json",
        "Accept-Encoding": "gzip, deflate",
        "Connection": "keep-alive",
        "Content-Length": "2710",
        "Content-Type": "application/json",
        "User-Agent": "azure-ai-ml/1.6.0 azsdk-python-mgmt-machinelearningservices/0.1.0 Python/3.10.11 (Windows-10-10.0.19045-SP0)"
      },
      "RequestBody": {
        "properties": {
          "properties": {},
          "tags": {},
          "displayName": "Spark - pipeline serverless compute",
          "experimentName": "Serverless in Pipeline",
          "isArchived": false,
          "jobType": "Pipeline",
          "inputs": {
            "input1": {
              "mode": "Direct",
              "uri": "azureml://datastores/workspaceblobstore/paths/LocalUpload/00000000000000000000000000000000/shakespeare.txt",
              "jobInputType": "uri_file"
            },
            "sample_rate": {
              "jobInputType": "literal",
              "value": "0.01"
            }
          },
          "jobs": {
            "sample_word": {
              "type": "spark",
              "resources": {
                "instance_type": "Standard_E8S_V3",
                "runtime_version": "3.2.0"
              },
              "identity": {
                "identity_type": "UserIdentity"
              },
              "conf": {
                "spark.driver.cores": 1,
                "spark.driver.memory": "2g",
                "spark.executor.cores": 2,
                "spark.executor.memory": "2g",
                "spark.executor.instances": 1,
                "spark.dynamicAllocation.enabled": true,
                "spark.dynamicAllocation.minExecutors": 1,
                "spark.dynamicAllocation.maxExecutors": 4
              },
              "args": "--input1 ${{inputs.input1}} --output2 ${{outputs.output1}} --my_sample_rate ${{inputs.sample_rate}}",
              "name": "sample_word",
              "inputs": {
                "input1": {
                  "job_input_type": "literal",
                  "value": "${{parent.inputs.input1}}"
                },
                "sample_rate": {
                  "job_input_type": "literal",
                  "value": "${{parent.inputs.sample_rate}}"
                }
              },
              "outputs": {
                "output1": {
                  "value": "${{parent.outputs.output1}}",
                  "type": "literal"
                }
              },
              "_source": "YAML.JOB",
              "componentId": "/subscriptions/00000000-0000-0000-0000-000000000/resourceGroups/00000/providers/Microsoft.MachineLearningServices/workspaces/00000/components/azureml_anonymous/versions/84b31d3a-099b-48be-a8e2-fccc7ece7387",
              "entry": {
                "spark_job_entry_type": "SparkJobPythonEntry",
                "file": "sampleword.py"
              }
            },
            "count_word": {
              "type": "spark",
              "resources": {
                "instance_type": "Standard_E8S_V3",
                "runtime_version": "3.2.0"
              },
              "identity": {
                "identity_type": "UserIdentity"
              },
              "conf": {
                "spark.driver.cores": 1,
                "spark.driver.memory": "2g",
                "spark.executor.cores": 2,
                "spark.executor.memory": "2g",
                "spark.executor.instances": 4
              },
              "args": "--input1 ${{inputs.input1}}",
              "name": "count_word",
              "inputs": {
                "input1": {
                  "job_input_type": "literal",
                  "value": "${{parent.jobs.sample_word.outputs.output1}}"
                }
              },
              "_source": "YAML.JOB",
              "componentId": "/subscriptions/00000000-0000-0000-0000-000000000/resourceGroups/00000/providers/Microsoft.MachineLearningServices/workspaces/00000/components/azureml_anonymous/versions/01451963-473b-4cbc-a359-a8047c1ef975",
              "entry": {
                "spark_job_entry_type": "SparkJobPythonEntry",
                "file": "wordcount.py"
              }
            }
          },
          "outputs": {
            "output1": {
              "mode": "Direct",
              "jobOutputType": "uri_file"
            }
          },
          "settings": {
            "default_compute": "/subscriptions/00000000-0000-0000-0000-000000000/resourceGroups/00000/providers/Microsoft.MachineLearningServices/workspaces/00000/computes/serverless",
            "_source": "YAML.JOB"
          }
        }
      },
      "StatusCode": 201,
      "ResponseHeaders": {
        "Cache-Control": "no-cache",
        "Content-Length": "5684",
        "Content-Type": "application/json; charset=utf-8",
        "Date": "Thu, 13 Apr 2023 22:14:28 GMT",
        "Expires": "-1",
        "Location": "https://management.azure.com/subscriptions/00000000-0000-0000-0000-000000000/resourceGroups/00000/providers/Microsoft.MachineLearningServices/workspaces/00000/jobs/000000000000000000000?api-version=2023-02-01-preview",
        "Pragma": "no-cache",
        "request-context": "appId=cid-v1:512cc15a-13b5-415b-bfd0-dce7accb6bb1",
        "Server-Timing": "traceparent;desc=\u002200-8460981b91dee3f24548138f73443336-e1303a1529c33b64-01\u0022",
        "Strict-Transport-Security": "max-age=31536000; includeSubDomains",
        "x-aml-cluster": "vienna-test-westus2-01",
        "X-Content-Type-Options": "nosniff",
        "x-ms-correlation-request-id": "9e2bddc9-329e-4fc4-85e7-9dcbe7ca8244",
        "x-ms-ratelimit-remaining-subscription-writes": "1170",
        "x-ms-response-type": "standard",
        "x-ms-routing-request-id": "WESTUS2:20230413T221428Z:9e2bddc9-329e-4fc4-85e7-9dcbe7ca8244",
        "x-request-time": "3.308"
      },
      "ResponseBody": {
        "id": "/subscriptions/00000000-0000-0000-0000-000000000/resourceGroups/00000/providers/Microsoft.MachineLearningServices/workspaces/00000/jobs/000000000000000000000",
        "name": "000000000000000000000",
        "type": "Microsoft.MachineLearningServices/workspaces/jobs",
        "properties": {
          "description": null,
          "tags": {},
          "properties": {
            "azureml.DevPlatv2": "true",
            "azureml.DatasetAccessMode": "Asset",
            "azureml.runsource": "azureml.PipelineRun",
            "runSource": "MFE",
            "runType": "HTTP",
            "azureml.parameters": "{\u0022sample_rate\u0022:\u00220.01\u0022}",
            "azureml.continue_on_step_failure": "True",
            "azureml.continue_on_failed_optional_input": "True",
            "azureml.enforceRerun": "False",
            "azureml.defaultComputeName": "serverless",
            "azureml.defaultDataStoreName": "workspaceblobstore",
            "azureml.pipelineComponent": "pipelinerun"
          },
          "displayName": "Spark - pipeline serverless compute",
          "status": "Preparing",
          "experimentName": "Serverless in Pipeline",
          "services": {
            "Tracking": {
              "jobServiceType": "Tracking",
              "port": null,
              "endpoint": "azureml://master.api.azureml-test.ms/mlflow/v1.0/subscriptions/00000000-0000-0000-0000-000000000/resourceGroups/00000/providers/Microsoft.MachineLearningServices/workspaces/00000?",
              "status": null,
              "errorMessage": null,
              "properties": null,
              "nodes": null
            },
            "Studio": {
              "jobServiceType": "Studio",
              "port": null,
              "endpoint": "https://ml.azure.com/runs/000000000000000000000?wsid=/subscriptions/00000000-0000-0000-0000-000000000/resourcegroups/00000/workspaces/00000",
              "status": null,
              "errorMessage": null,
              "properties": null,
              "nodes": null
            }
          },
          "computeId": null,
          "isArchived": false,
          "identity": null,
          "componentId": null,
          "notificationSetting": null,
          "jobType": "Pipeline",
          "settings": {
            "default_compute": "/subscriptions/00000000-0000-0000-0000-000000000/resourceGroups/00000/providers/Microsoft.MachineLearningServices/workspaces/00000/computes/serverless",
            "_source": "YAML.JOB"
          },
          "jobs": {
            "sample_word": {
              "type": "spark",
              "resources": {
                "instance_type": "Standard_E8S_V3",
                "runtime_version": "3.2.0"
              },
              "identity": {
                "identity_type": "UserIdentity"
              },
              "conf": {
                "spark.driver.cores": 1,
                "spark.driver.memory": "2g",
                "spark.executor.cores": 2,
                "spark.executor.memory": "2g",
                "spark.executor.instances": 1,
                "spark.dynamicAllocation.enabled": true,
                "spark.dynamicAllocation.minExecutors": 1,
                "spark.dynamicAllocation.maxExecutors": 4
              },
              "args": "--input1 ${{inputs.input1}} --output2 ${{outputs.output1}} --my_sample_rate ${{inputs.sample_rate}}",
              "name": "sample_word",
              "inputs": {
                "input1": {
                  "job_input_type": "literal",
                  "value": "${{parent.inputs.input1}}"
                },
                "sample_rate": {
                  "job_input_type": "literal",
                  "value": "${{parent.inputs.sample_rate}}"
                }
              },
              "outputs": {
                "output1": {
                  "value": "${{parent.outputs.output1}}",
                  "type": "literal"
                }
              },
              "_source": "YAML.JOB",
              "componentId": "/subscriptions/00000000-0000-0000-0000-000000000/resourceGroups/00000/providers/Microsoft.MachineLearningServices/workspaces/00000/components/azureml_anonymous/versions/84b31d3a-099b-48be-a8e2-fccc7ece7387",
              "entry": {
                "spark_job_entry_type": "SparkJobPythonEntry",
                "file": "sampleword.py"
              }
            },
            "count_word": {
              "type": "spark",
              "resources": {
                "instance_type": "Standard_E8S_V3",
                "runtime_version": "3.2.0"
              },
              "identity": {
                "identity_type": "UserIdentity"
              },
              "conf": {
                "spark.driver.cores": 1,
                "spark.driver.memory": "2g",
                "spark.executor.cores": 2,
                "spark.executor.memory": "2g",
                "spark.executor.instances": 4
              },
              "args": "--input1 ${{inputs.input1}}",
              "name": "count_word",
              "inputs": {
                "input1": {
                  "job_input_type": "literal",
                  "value": "${{parent.jobs.sample_word.outputs.output1}}"
                }
              },
              "_source": "YAML.JOB",
              "componentId": "/subscriptions/00000000-0000-0000-0000-000000000/resourceGroups/00000/providers/Microsoft.MachineLearningServices/workspaces/00000/components/azureml_anonymous/versions/01451963-473b-4cbc-a359-a8047c1ef975",
              "entry": {
                "spark_job_entry_type": "SparkJobPythonEntry",
                "file": "wordcount.py"
              }
            }
          },
          "inputs": {
            "input1": {
              "description": null,
              "uri": "azureml://datastores/workspaceblobstore/paths/LocalUpload/00000000000000000000000000000000/shakespeare.txt",
              "mode": "Direct",
              "jobInputType": "uri_file"
            },
            "sample_rate": {
              "description": null,
              "jobInputType": "literal",
              "value": "0.01"
            }
          },
          "outputs": {
            "output1": {
              "description": null,
              "uri": null,
              "assetName": null,
              "assetVersion": null,
              "mode": "Direct",
              "jobOutputType": "uri_file"
            }
          },
          "sourceJobId": null
        },
        "systemData": {
          "createdAt": "2023-04-13T22:14:27.9381566\u002B00:00",
          "createdBy": "Diondra Peck",
          "createdByType": "User"
        }
      }
    },
    {
      "RequestUri": "https://management.azure.com/subscriptions/00000000-0000-0000-0000-000000000/resourceGroups/00000/providers/Microsoft.MachineLearningServices/workspaces/00000/jobs/000000000000000000000/cancel?api-version=2023-02-01-preview",
      "RequestMethod": "POST",
      "RequestHeaders": {
        "Accept": "application/json",
        "Accept-Encoding": "gzip, deflate",
        "Connection": "keep-alive",
        "Content-Length": "0",
        "User-Agent": "azure-ai-ml/1.6.0 azsdk-python-mgmt-machinelearningservices/0.1.0 Python/3.10.11 (Windows-10-10.0.19045-SP0)"
      },
      "RequestBody": null,
      "StatusCode": 202,
      "ResponseHeaders": {
        "Cache-Control": "no-cache",
        "Content-Length": "4",
        "Content-Type": "application/json; charset=utf-8",
        "Date": "Thu, 13 Apr 2023 22:14:30 GMT",
        "Expires": "-1",
        "Location": "https://management.azure.com/subscriptions/00000000-0000-0000-0000-000000000/providers/Microsoft.MachineLearningServices/locations/centraluseuap/mfeOperationResults/jc:061273aa-2956-4aff-8628-0fad8c820f9e:000000000000000000000?api-version=2023-02-01-preview",
        "Pragma": "no-cache",
        "request-context": "appId=cid-v1:512cc15a-13b5-415b-bfd0-dce7accb6bb1",
        "Strict-Transport-Security": "max-age=31536000; includeSubDomains",
        "x-aml-cluster": "vienna-test-westus2-01",
        "X-Content-Type-Options": "nosniff",
        "x-ms-async-operation-timeout": "PT1H",
        "x-ms-correlation-request-id": "6d60eef2-e6de-4368-aaa6-ecfb442ff906",
        "x-ms-ratelimit-remaining-subscription-writes": "1186",
        "x-ms-response-type": "standard",
        "x-ms-routing-request-id": "WESTUS2:20230413T221430Z:6d60eef2-e6de-4368-aaa6-ecfb442ff906",
        "x-request-time": "0.725"
      },
      "ResponseBody": "null"
    },
    {
      "RequestUri": "https://management.azure.com/subscriptions/00000000-0000-0000-0000-000000000/providers/Microsoft.MachineLearningServices/locations/centraluseuap/mfeOperationResults/jc:061273aa-2956-4aff-8628-0fad8c820f9e:000000000000000000000?api-version=2023-02-01-preview",
      "RequestMethod": "GET",
      "RequestHeaders": {
        "Accept": "*/*",
        "Accept-Encoding": "gzip, deflate",
        "Connection": "keep-alive",
        "User-Agent": "azure-ai-ml/1.6.0 azsdk-python-mgmt-machinelearningservices/0.1.0 Python/3.10.11 (Windows-10-10.0.19045-SP0)"
      },
      "RequestBody": null,
      "StatusCode": 202,
      "ResponseHeaders": {
        "Cache-Control": "no-cache",
        "Content-Length": "2",
        "Content-Type": "application/json; charset=utf-8",
        "Date": "Thu, 13 Apr 2023 22:14:30 GMT",
        "Expires": "-1",
        "Location": "https://management.azure.com/subscriptions/00000000-0000-0000-0000-000000000/providers/Microsoft.MachineLearningServices/locations/centraluseuap/mfeOperationResults/jc:061273aa-2956-4aff-8628-0fad8c820f9e:000000000000000000000?api-version=2023-02-01-preview",
        "Pragma": "no-cache",
        "request-context": "appId=cid-v1:512cc15a-13b5-415b-bfd0-dce7accb6bb1",
        "Strict-Transport-Security": "max-age=31536000; includeSubDomains",
        "x-aml-cluster": "vienna-test-westus2-02",
        "X-Content-Type-Options": "nosniff",
        "x-ms-correlation-request-id": "80526f98-a69c-4d6e-b42d-1c4c48dcd85f",
        "x-ms-ratelimit-remaining-subscription-reads": "11962",
        "x-ms-response-type": "standard",
        "x-ms-routing-request-id": "WESTUS2:20230413T221431Z:80526f98-a69c-4d6e-b42d-1c4c48dcd85f",
        "x-request-time": "0.070"
      },
      "ResponseBody": {}
    },
    {
      "RequestUri": "https://management.azure.com/subscriptions/00000000-0000-0000-0000-000000000/providers/Microsoft.MachineLearningServices/locations/centraluseuap/mfeOperationResults/jc:061273aa-2956-4aff-8628-0fad8c820f9e:000000000000000000000?api-version=2023-02-01-preview",
      "RequestMethod": "GET",
      "RequestHeaders": {
        "Accept": "*/*",
        "Accept-Encoding": "gzip, deflate",
        "Connection": "keep-alive",
        "User-Agent": "azure-ai-ml/1.6.0 azsdk-python-mgmt-machinelearningservices/0.1.0 Python/3.10.11 (Windows-10-10.0.19045-SP0)"
      },
      "RequestBody": null,
      "StatusCode": 200,
      "ResponseHeaders": {
        "Cache-Control": "no-cache",
        "Content-Length": "0",
        "Date": "Thu, 13 Apr 2023 22:15:00 GMT",
        "Expires": "-1",
        "Pragma": "no-cache",
        "request-context": "appId=cid-v1:512cc15a-13b5-415b-bfd0-dce7accb6bb1",
        "Server-Timing": "traceparent;desc=\u002200-a068e3b428c77f43916ac5f386491852-14f8e19cda4641be-01\u0022",
        "Strict-Transport-Security": "max-age=31536000; includeSubDomains",
        "x-aml-cluster": "vienna-test-westus2-02",
        "X-Content-Type-Options": "nosniff",
        "x-ms-correlation-request-id": "f51d0867-86c3-45bd-85ba-ef83427dc729",
        "x-ms-ratelimit-remaining-subscription-reads": "11961",
        "x-ms-response-type": "standard",
        "x-ms-routing-request-id": "WESTUS2:20230413T221501Z:f51d0867-86c3-45bd-85ba-ef83427dc729",
        "x-request-time": "0.028"
      },
      "ResponseBody": null
    }
  ],
  "Variables": {}
}
