interactions:
- request:
    body: '{"name": "pyarmstorage43b8102a", "type": "Microsoft.Storage/storageAccounts"}'
    headers:
      Accept:
      - application/json
      Accept-Encoding:
      - gzip, deflate
      Connection:
      - keep-alive
      Content-Length:
      - '77'
      Content-Type:
      - application/json; charset=utf-8
      User-Agent:
      - python/3.6.6 (Windows-10-10.0.17763-SP0) msrest/0.6.6 msrest_azure/0.4.34
        azure-mgmt-storage/3.1.1 Azure-SDK-For-Python
      accept-language:
      - en-US
    method: POST
    uri: https://management.azure.com/subscriptions/00000000-0000-0000-0000-000000000000/providers/Microsoft.Storage/checkNameAvailability?api-version=2018-07-01
  response:
    body:
      string: '{"nameAvailable":true}'
    headers:
      cache-control:
      - no-cache
      content-length:
      - '22'
      content-type:
      - application/json
      date:
      - Wed, 24 Apr 2019 22:41:04 GMT
      expires:
      - '-1'
      pragma:
      - no-cache
      server:
      - Microsoft-Azure-Storage-Resource-Provider/1.0,Microsoft-HTTPAPI/2.0 Microsoft-HTTPAPI/2.0
      strict-transport-security:
      - max-age=31536000; includeSubDomains
      transfer-encoding:
      - chunked
      vary:
      - Accept-Encoding
      x-content-type-options:
      - nosniff
    status:
      code: 200
      message: OK
- request:
    body: '{"sku": {"name": "Standard_LRS"}, "kind": "Storage", "location": "westus",
      "properties": {"supportsHttpsTrafficOnly": false, "isHnsEnabled": false}}'
    headers:
      Accept:
      - application/json
      Accept-Encoding:
      - gzip, deflate
      Connection:
      - keep-alive
      Content-Length:
      - '148'
      Content-Type:
      - application/json; charset=utf-8
      User-Agent:
      - python/3.6.6 (Windows-10-10.0.17763-SP0) msrest/0.6.6 msrest_azure/0.4.34
        azure-mgmt-storage/3.1.1 Azure-SDK-For-Python
      accept-language:
      - en-US
    method: PUT
    uri: https://management.azure.com/subscriptions/00000000-0000-0000-0000-000000000000/resourceGroups/test_mgmt_storage_test_storage_accounts43b8102a/providers/Microsoft.Storage/storageAccounts/pyarmstorage43b8102a?api-version=2018-07-01
  response:
    body:
      string: ''
    headers:
      cache-control:
      - no-cache
      content-length:
      - '0'
      content-type:
      - text/plain; charset=utf-8
      date:
      - Wed, 24 Apr 2019 22:41:08 GMT
      expires:
      - '-1'
      location:
      - https://management.azure.com/subscriptions/00000000-0000-0000-0000-000000000000/providers/Microsoft.Storage/locations/westus/asyncoperations/5ea26d4a-d3f3-49a6-9906-369a2c9e6e50?monitor=true&api-version=2018-07-01
      pragma:
      - no-cache
      server:
      - Microsoft-Azure-Storage-Resource-Provider/1.0,Microsoft-HTTPAPI/2.0 Microsoft-HTTPAPI/2.0
      strict-transport-security:
      - max-age=31536000; includeSubDomains
      x-content-type-options:
      - nosniff
      x-ms-ratelimit-remaining-subscription-writes:
      - '1199'
    status:
      code: 202
      message: Accepted
- request:
    body: null
    headers:
      Accept:
      - application/json
      Accept-Encoding:
      - gzip, deflate
      Connection:
      - keep-alive
      User-Agent:
      - python/3.6.6 (Windows-10-10.0.17763-SP0) msrest/0.6.6 msrest_azure/0.4.34
        azure-mgmt-storage/3.1.1 Azure-SDK-For-Python
    method: GET
    uri: https://management.azure.com/subscriptions/00000000-0000-0000-0000-000000000000/providers/Microsoft.Storage/locations/westus/asyncoperations/5ea26d4a-d3f3-49a6-9906-369a2c9e6e50?monitor=true&api-version=2018-07-01
  response:
    body:
      string: '{"sku":{"name":"Standard_LRS","tier":"Standard"},"kind":"Storage","id":"/subscriptions/00000000-0000-0000-0000-000000000000/resourceGroups/test_mgmt_storage_test_storage_accounts43b8102a/providers/Microsoft.Storage/storageAccounts/pyarmstorage43b8102a","name":"pyarmstorage43b8102a","type":"Microsoft.Storage/storageAccounts","location":"westus","tags":{},"properties":{"isHnsEnabled":false,"networkAcls":{"bypass":"AzureServices","virtualNetworkRules":[],"ipRules":[],"defaultAction":"Allow"},"supportsHttpsTrafficOnly":false,"encryption":{"services":{"file":{"enabled":true,"lastEnabledTime":"2019-04-24T22:41:05.6595697Z"},"blob":{"enabled":true,"lastEnabledTime":"2019-04-24T22:41:05.6595697Z"}},"keySource":"Microsoft.Storage"},"provisioningState":"Succeeded","creationTime":"2019-04-24T22:41:05.5033111Z","primaryEndpoints":{"blob":"https://pyarmstorage43b8102a.blob.core.windows.net/","queue":"https://pyarmstorage43b8102a.queue.core.windows.net/","table":"https://pyarmstorage43b8102a.table.core.windows.net/","file":"https://pyarmstorage43b8102a.file.core.windows.net/"},"primaryLocation":"westus","statusOfPrimary":"available"}}'
    headers:
      cache-control:
      - no-cache
      content-length:
      - '1138'
      content-type:
      - application/json
      date:
      - Wed, 24 Apr 2019 22:41:23 GMT
      expires:
      - '-1'
      pragma:
      - no-cache
      server:
      - Microsoft-Azure-Storage-Resource-Provider/1.0,Microsoft-HTTPAPI/2.0 Microsoft-HTTPAPI/2.0
      strict-transport-security:
      - max-age=31536000; includeSubDomains
      transfer-encoding:
      - chunked
      vary:
      - Accept-Encoding
      x-content-type-options:
      - nosniff
    status:
      code: 200
      message: OK
- request:
    body: null
    headers:
      Accept:
      - application/json
      Accept-Encoding:
      - gzip, deflate
      Connection:
      - keep-alive
      User-Agent:
      - python/3.6.6 (Windows-10-10.0.17763-SP0) msrest/0.6.6 msrest_azure/0.4.34
        azure-mgmt-storage/3.1.1 Azure-SDK-For-Python
      accept-language:
      - en-US
    method: GET
    uri: https://management.azure.com/subscriptions/00000000-0000-0000-0000-000000000000/resourceGroups/test_mgmt_storage_test_storage_accounts43b8102a/providers/Microsoft.Storage/storageAccounts/pyarmstorage43b8102a?api-version=2018-07-01
  response:
    body:
      string: '{"sku":{"name":"Standard_LRS","tier":"Standard"},"kind":"Storage","id":"/subscriptions/00000000-0000-0000-0000-000000000000/resourceGroups/test_mgmt_storage_test_storage_accounts43b8102a/providers/Microsoft.Storage/storageAccounts/pyarmstorage43b8102a","name":"pyarmstorage43b8102a","type":"Microsoft.Storage/storageAccounts","location":"westus","tags":{},"properties":{"isHnsEnabled":false,"networkAcls":{"bypass":"AzureServices","virtualNetworkRules":[],"ipRules":[],"defaultAction":"Allow"},"supportsHttpsTrafficOnly":false,"encryption":{"services":{"file":{"enabled":true,"lastEnabledTime":"2019-04-24T22:41:05.6595697Z"},"blob":{"enabled":true,"lastEnabledTime":"2019-04-24T22:41:05.6595697Z"}},"keySource":"Microsoft.Storage"},"provisioningState":"Succeeded","creationTime":"2019-04-24T22:41:05.5033111Z","primaryEndpoints":{"blob":"https://pyarmstorage43b8102a.blob.core.windows.net/","queue":"https://pyarmstorage43b8102a.queue.core.windows.net/","table":"https://pyarmstorage43b8102a.table.core.windows.net/","file":"https://pyarmstorage43b8102a.file.core.windows.net/"},"primaryLocation":"westus","statusOfPrimary":"available"}}'
    headers:
      cache-control:
      - no-cache
      content-length:
      - '1138'
      content-type:
      - application/json
      date:
      - Wed, 24 Apr 2019 22:41:24 GMT
      expires:
      - '-1'
      pragma:
      - no-cache
      server:
      - Microsoft-Azure-Storage-Resource-Provider/1.0,Microsoft-HTTPAPI/2.0 Microsoft-HTTPAPI/2.0
      strict-transport-security:
      - max-age=31536000; includeSubDomains
      transfer-encoding:
      - chunked
      vary:
      - Accept-Encoding
      x-content-type-options:
      - nosniff
    status:
      code: 200
      message: OK
- request:
    body: null
    headers:
      Accept:
      - application/json
      Accept-Encoding:
      - gzip, deflate
      Connection:
      - keep-alive
      Content-Length:
      - '0'
      User-Agent:
      - python/3.6.6 (Windows-10-10.0.17763-SP0) msrest/0.6.6 msrest_azure/0.4.34
        azure-mgmt-storage/3.1.1 Azure-SDK-For-Python
      accept-language:
      - en-US
    method: POST
    uri: https://management.azure.com/subscriptions/00000000-0000-0000-0000-000000000000/resourceGroups/test_mgmt_storage_test_storage_accounts43b8102a/providers/Microsoft.Storage/storageAccounts/pyarmstorage43b8102a/listKeys?api-version=2018-07-01
  response:
    body:
      string: '{"keys":[{"keyName":"key1","value":"xDh5zWo2kFJs4JGD8JHmNpLwUOREQ8mqFSEXZc4lH7eXOpKX9DG+ITwkeBS98a0/dRmtywuvAfQIInClo22KMg==","permissions":"FULL"},{"keyName":"key2","value":"ZOFu3x+WTz++Q0T7uapkmy2xB4O9ezfePFtBKGcZ6GtiSk32jyYI70SEd50g5EOmBxjyN4z3TiflnN/NfaLMxw==","permissions":"FULL"}]}'
    headers:
      cache-control:
      - no-cache
      content-length:
      - '288'
      content-type:
      - application/json
      date:
      - Wed, 24 Apr 2019 22:41:24 GMT
      expires:
      - '-1'
      pragma:
      - no-cache
      server:
      - Microsoft-Azure-Storage-Resource-Provider/1.0,Microsoft-HTTPAPI/2.0 Microsoft-HTTPAPI/2.0
      strict-transport-security:
      - max-age=31536000; includeSubDomains
      transfer-encoding:
      - chunked
      vary:
      - Accept-Encoding
      x-content-type-options:
      - nosniff
      x-ms-ratelimit-remaining-subscription-writes:
      - '1199'
    status:
      code: 200
      message: OK
- request:
    body: '{"keyName": "key1"}'
    headers:
      Accept:
      - application/json
      Accept-Encoding:
      - gzip, deflate
      Connection:
      - keep-alive
      Content-Length:
      - '19'
      Content-Type:
      - application/json; charset=utf-8
      User-Agent:
      - python/3.6.6 (Windows-10-10.0.17763-SP0) msrest/0.6.6 msrest_azure/0.4.34
        azure-mgmt-storage/3.1.1 Azure-SDK-For-Python
      accept-language:
      - en-US
    method: POST
    uri: https://management.azure.com/subscriptions/00000000-0000-0000-0000-000000000000/resourceGroups/test_mgmt_storage_test_storage_accounts43b8102a/providers/Microsoft.Storage/storageAccounts/pyarmstorage43b8102a/regenerateKey?api-version=2018-07-01
  response:
    body:
      string: '{"keys":[{"keyName":"key1","value":"VkaQreJ9bkrtN1+/g6p0gjxPyAm+lYtedWEj4v18VfzL97a7TK/GqONVcHcIu2fw0SGXQ88jS5GsyZjAq/hEFQ==","permissions":"FULL"},{"keyName":"key2","value":"ZOFu3x+WTz++Q0T7uapkmy2xB4O9ezfePFtBKGcZ6GtiSk32jyYI70SEd50g5EOmBxjyN4z3TiflnN/NfaLMxw==","permissions":"FULL"}]}'
    headers:
      cache-control:
      - no-cache
      content-length:
      - '288'
      content-type:
      - application/json
      date:
      - Wed, 24 Apr 2019 22:41:24 GMT
      expires:
      - '-1'
      pragma:
      - no-cache
      server:
      - Microsoft-Azure-Storage-Resource-Provider/1.0,Microsoft-HTTPAPI/2.0 Microsoft-HTTPAPI/2.0
      strict-transport-security:
      - max-age=31536000; includeSubDomains
      transfer-encoding:
      - chunked
      vary:
      - Accept-Encoding
      x-content-type-options:
      - nosniff
      x-ms-ratelimit-remaining-subscription-writes:
      - '1199'
    status:
      code: 200
      message: OK
- request:
    body: null
    headers:
      Accept:
      - application/json
      Accept-Encoding:
      - gzip, deflate
      Connection:
      - keep-alive
      User-Agent:
      - python/3.6.6 (Windows-10-10.0.17763-SP0) msrest/0.6.6 msrest_azure/0.4.34
        azure-mgmt-storage/3.1.1 Azure-SDK-For-Python
      accept-language:
      - en-US
    method: GET
    uri: https://management.azure.com/subscriptions/00000000-0000-0000-0000-000000000000/resourceGroups/test_mgmt_storage_test_storage_accounts43b8102a/providers/Microsoft.Storage/storageAccounts?api-version=2018-07-01
  response:
    body:
      string: '{"value":[{"sku":{"name":"Standard_LRS","tier":"Standard"},"kind":"Storage","id":"/subscriptions/00000000-0000-0000-0000-000000000000/resourceGroups/test_mgmt_storage_test_storage_accounts43b8102a/providers/Microsoft.Storage/storageAccounts/pyarmstorage43b8102a","name":"pyarmstorage43b8102a","type":"Microsoft.Storage/storageAccounts","location":"westus","tags":{},"properties":{"isHnsEnabled":false,"networkAcls":{"bypass":"AzureServices","virtualNetworkRules":[],"ipRules":[],"defaultAction":"Allow"},"supportsHttpsTrafficOnly":false,"encryption":{"services":{"file":{"enabled":true,"lastEnabledTime":"2019-04-24T22:41:05.6595697Z"},"blob":{"enabled":true,"lastEnabledTime":"2019-04-24T22:41:05.6595697Z"}},"keySource":"Microsoft.Storage"},"provisioningState":"Succeeded","creationTime":"2019-04-24T22:41:05.5033111Z","primaryEndpoints":{"blob":"https://pyarmstorage43b8102a.blob.core.windows.net/","queue":"https://pyarmstorage43b8102a.queue.core.windows.net/","table":"https://pyarmstorage43b8102a.table.core.windows.net/","file":"https://pyarmstorage43b8102a.file.core.windows.net/"},"primaryLocation":"westus","statusOfPrimary":"available"}}]}'
    headers:
      cache-control:
      - no-cache
      content-length:
      - '1150'
      content-type:
      - application/json
      date:
      - Wed, 24 Apr 2019 22:41:25 GMT
      expires:
      - '-1'
      pragma:
      - no-cache
      server:
      - Microsoft-Azure-Storage-Resource-Provider/1.0,Microsoft-HTTPAPI/2.0 Microsoft-HTTPAPI/2.0
      strict-transport-security:
      - max-age=31536000; includeSubDomains
      transfer-encoding:
      - chunked
      vary:
      - Accept-Encoding
      x-content-type-options:
      - nosniff
    status:
      code: 200
      message: OK
- request:
    body: null
    headers:
      Accept:
      - application/json
      Accept-Encoding:
      - gzip, deflate
      Connection:
      - keep-alive
      User-Agent:
      - python/3.6.6 (Windows-10-10.0.17763-SP0) msrest/0.6.6 msrest_azure/0.4.34
        azure-mgmt-storage/3.1.1 Azure-SDK-For-Python
      accept-language:
      - en-US
    method: GET
    uri: https://management.azure.com/subscriptions/00000000-0000-0000-0000-000000000000/providers/Microsoft.Storage/storageAccounts?api-version=2018-07-01
  response:
    body:
      string: '{"value":[{"sku":{"name":"Standard_RAGRS","tier":"Standard"},"kind":"StorageV2","id":"/subscriptions/00000000-0000-0000-0000-000000000000/resourceGroups/clitest.rgmlpbttgrsnqkqzl3thaad5uvne3yz2nmecvamcjqidzwvoz73xfk5nelsoldmg2bn/providers/Microsoft.Storage/storageAccounts/clistoragehkhm7kq33g","name":"clistoragehkhm7kq33g","type":"Microsoft.Storage/storageAccounts","location":"westus","tags":{},"properties":{"networkAcls":{"bypass":"AzureServices","virtualNetworkRules":[],"ipRules":[],"defaultAction":"Allow"},"supportsHttpsTrafficOnly":false,"encryption":{"services":{"file":{"enabled":true,"lastEnabledTime":"2018-10-30T09:13:59.7639230Z"},"blob":{"enabled":true,"lastEnabledTime":"2018-10-30T09:13:59.7639230Z"}},"keySource":"Microsoft.Storage"},"accessTier":"Hot","provisioningState":"Succeeded","creationTime":"2018-10-30T09:13:59.6701718Z","primaryEndpoints":{"dfs":"https://clistoragehkhm7kq33g.dfs.core.windows.net/","web":"https://clistoragehkhm7kq33g.z22.web.core.windows.net/","blob":"https://clistoragehkhm7kq33g.blob.core.windows.net/","queue":"https://clistoragehkhm7kq33g.queue.core.windows.net/","table":"https://clistoragehkhm7kq33g.table.core.windows.net/","file":"https://clistoragehkhm7kq33g.file.core.windows.net/"},"primaryLocation":"westus","statusOfPrimary":"available","secondaryLocation":"eastus","statusOfSecondary":"available","secondaryEndpoints":{"dfs":"https://clistoragehkhm7kq33g-secondary.dfs.core.windows.net/","web":"https://clistoragehkhm7kq33g-secondary.z22.web.core.windows.net/","blob":"https://clistoragehkhm7kq33g-secondary.blob.core.windows.net/","queue":"https://clistoragehkhm7kq33g-secondary.queue.core.windows.net/","table":"https://clistoragehkhm7kq33g-secondary.table.core.windows.net/"}}},{"sku":{"name":"Standard_RAGRS","tier":"Standard"},"kind":"StorageV2","id":"/subscriptions/00000000-0000-0000-0000-000000000000/resourceGroups/clitest.rg6pdtpujhwtuyfbugzsxfmwl6ksoq5bzqxlxhf4t2o2oefethq2zaeajv76al6ca47/providers/Microsoft.Storage/storageAccounts/clistoragegy3wnndnws","name":"clistoragegy3wnndnws","type":"Microsoft.Storage/storageAccounts","location":"westus","tags":{},"properties":{"networkAcls":{"bypass":"AzureServices","virtualNetworkRules":[],"ipRules":[],"defaultAction":"Allow"},"supportsHttpsTrafficOnly":false,"encryption":{"services":{"file":{"enabled":true,"lastEnabledTime":"2018-10-31T06:11:08.7727926Z"},"blob":{"enabled":true,"lastEnabledTime":"2018-10-31T06:11:08.7727926Z"}},"keySource":"Microsoft.Storage"},"accessTier":"Hot","provisioningState":"Succeeded","creationTime":"2018-10-31T06:11:08.6634433Z","primaryEndpoints":{"dfs":"https://clistoragegy3wnndnws.dfs.core.windows.net/","web":"https://clistoragegy3wnndnws.z22.web.core.windows.net/","blob":"https://clistoragegy3wnndnws.blob.core.windows.net/","queue":"https://clistoragegy3wnndnws.queue.core.windows.net/","table":"https://clistoragegy3wnndnws.table.core.windows.net/","file":"https://clistoragegy3wnndnws.file.core.windows.net/"},"primaryLocation":"westus","statusOfPrimary":"available","secondaryLocation":"eastus","statusOfSecondary":"available","secondaryEndpoints":{"dfs":"https://clistoragegy3wnndnws-secondary.dfs.core.windows.net/","web":"https://clistoragegy3wnndnws-secondary.z22.web.core.windows.net/","blob":"https://clistoragegy3wnndnws-secondary.blob.core.windows.net/","queue":"https://clistoragegy3wnndnws-secondary.queue.core.windows.net/","table":"https://clistoragegy3wnndnws-secondary.table.core.windows.net/"}}},{"sku":{"name":"Standard_RAGRS","tier":"Standard"},"kind":"StorageV2","id":"/subscriptions/00000000-0000-0000-0000-000000000000/resourceGroups/clitest.rgtodt3j6caudgj4obfm24mi7ibp3pu73gazw3uhawykrl5kwvd76dghqiq4znnrcda/providers/Microsoft.Storage/storageAccounts/clistoragel5kkd5cdrw","name":"clistoragel5kkd5cdrw","type":"Microsoft.Storage/storageAccounts","location":"westus","tags":{},"properties":{"networkAcls":{"bypass":"AzureServices","virtualNetworkRules":[],"ipRules":[],"defaultAction":"Allow"},"supportsHttpsTrafficOnly":false,"encryption":{"services":{"file":{"enabled":true,"lastEnabledTime":"2018-11-02T06:10:42.2069725Z"},"blob":{"enabled":true,"lastEnabledTime":"2018-11-02T06:10:42.2069725Z"}},"keySource":"Microsoft.Storage"},"accessTier":"Hot","provisioningState":"Succeeded","creationTime":"2018-11-02T06:10:42.0976228Z","primaryEndpoints":{"dfs":"https://clistoragel5kkd5cdrw.dfs.core.windows.net/","web":"https://clistoragel5kkd5cdrw.z22.web.core.windows.net/","blob":"https://clistoragel5kkd5cdrw.blob.core.windows.net/","queue":"https://clistoragel5kkd5cdrw.queue.core.windows.net/","table":"https://clistoragel5kkd5cdrw.table.core.windows.net/","file":"https://clistoragel5kkd5cdrw.file.core.windows.net/"},"primaryLocation":"westus","statusOfPrimary":"available","secondaryLocation":"eastus","statusOfSecondary":"available","secondaryEndpoints":{"dfs":"https://clistoragel5kkd5cdrw-secondary.dfs.core.windows.net/","web":"https://clistoragel5kkd5cdrw-secondary.z22.web.core.windows.net/","blob":"https://clistoragel5kkd5cdrw-secondary.blob.core.windows.net/","queue":"https://clistoragel5kkd5cdrw-secondary.queue.core.windows.net/","table":"https://clistoragel5kkd5cdrw-secondary.table.core.windows.net/"}}},{"sku":{"name":"Standard_RAGRS","tier":"Standard"},"kind":"StorageV2","id":"/subscriptions/00000000-0000-0000-0000-000000000000/resourceGroups/clitest.rgx3mpymagkz2o5imhld4johglpkn2fg4r3immobeaxdkux63f3xykxov3fqqdoi7vv/providers/Microsoft.Storage/storageAccounts/clistoragenrmncl5p6s","name":"clistoragenrmncl5p6s","type":"Microsoft.Storage/storageAccounts","location":"westus","tags":{},"properties":{"networkAcls":{"bypass":"AzureServices","virtualNetworkRules":[],"ipRules":[],"defaultAction":"Allow"},"supportsHttpsTrafficOnly":false,"encryption":{"services":{"file":{"enabled":true,"lastEnabledTime":"2018-11-09T07:13:58.9188918Z"},"blob":{"enabled":true,"lastEnabledTime":"2018-11-09T07:13:58.9188918Z"}},"keySource":"Microsoft.Storage"},"accessTier":"Hot","provisioningState":"Succeeded","creationTime":"2018-11-09T07:13:58.8095028Z","primaryEndpoints":{"dfs":"https://clistoragenrmncl5p6s.dfs.core.windows.net/","web":"https://clistoragenrmncl5p6s.z22.web.core.windows.net/","blob":"https://clistoragenrmncl5p6s.blob.core.windows.net/","queue":"https://clistoragenrmncl5p6s.queue.core.windows.net/","table":"https://clistoragenrmncl5p6s.table.core.windows.net/","file":"https://clistoragenrmncl5p6s.file.core.windows.net/"},"primaryLocation":"westus","statusOfPrimary":"available","secondaryLocation":"eastus","statusOfSecondary":"available","secondaryEndpoints":{"dfs":"https://clistoragenrmncl5p6s-secondary.dfs.core.windows.net/","web":"https://clistoragenrmncl5p6s-secondary.z22.web.core.windows.net/","blob":"https://clistoragenrmncl5p6s-secondary.blob.core.windows.net/","queue":"https://clistoragenrmncl5p6s-secondary.queue.core.windows.net/","table":"https://clistoragenrmncl5p6s-secondary.table.core.windows.net/"}}},{"sku":{"name":"Standard_RAGRS","tier":"Standard"},"kind":"StorageV2","id":"/subscriptions/00000000-0000-0000-0000-000000000000/resourceGroups/clitest.rgxyi6iomfxveauunr73bcys4jj7v42zxxhj5j72w3ksalcn2xnr2yg7cyhj2qu3lgw/providers/Microsoft.Storage/storageAccounts/clistoragecwkprvlmyy","name":"clistoragecwkprvlmyy","type":"Microsoft.Storage/storageAccounts","location":"westus","tags":{},"properties":{"networkAcls":{"bypass":"AzureServices","virtualNetworkRules":[],"ipRules":[],"defaultAction":"Allow"},"supportsHttpsTrafficOnly":false,"encryption":{"services":{"file":{"enabled":true,"lastEnabledTime":"2018-11-09T18:18:57.7480923Z"},"blob":{"enabled":true,"lastEnabledTime":"2018-11-09T18:18:57.7480923Z"}},"keySource":"Microsoft.Storage"},"accessTier":"Hot","provisioningState":"Succeeded","creationTime":"2018-11-09T18:18:57.6699928Z","primaryEndpoints":{"dfs":"https://clistoragecwkprvlmyy.dfs.core.windows.net/","web":"https://clistoragecwkprvlmyy.z22.web.core.windows.net/","blob":"https://clistoragecwkprvlmyy.blob.core.windows.net/","queue":"https://clistoragecwkprvlmyy.queue.core.windows.net/","table":"https://clistoragecwkprvlmyy.table.core.windows.net/","file":"https://clistoragecwkprvlmyy.file.core.windows.net/"},"primaryLocation":"westus","statusOfPrimary":"available","secondaryLocation":"eastus","statusOfSecondary":"available","secondaryEndpoints":{"dfs":"https://clistoragecwkprvlmyy-secondary.dfs.core.windows.net/","web":"https://clistoragecwkprvlmyy-secondary.z22.web.core.windows.net/","blob":"https://clistoragecwkprvlmyy-secondary.blob.core.windows.net/","queue":"https://clistoragecwkprvlmyy-secondary.queue.core.windows.net/","table":"https://clistoragecwkprvlmyy-secondary.table.core.windows.net/"}}},{"sku":{"name":"Standard_RAGRS","tier":"Standard"},"kind":"StorageV2","id":"/subscriptions/00000000-0000-0000-0000-000000000000/resourceGroups/clitest.rgy4is7lnuqufhhwsxatfxzf3vriio2azjbnx6s5vftezngus3urw2ppewh2uis6zup/providers/Microsoft.Storage/storageAccounts/clistoragebb2pne7kuu","name":"clistoragebb2pne7kuu","type":"Microsoft.Storage/storageAccounts","location":"westus","tags":{},"properties":{"networkAcls":{"bypass":"AzureServices","virtualNetworkRules":[],"ipRules":[],"defaultAction":"Allow"},"supportsHttpsTrafficOnly":false,"encryption":{"services":{"file":{"enabled":true,"lastEnabledTime":"2018-11-10T07:11:06.0439673Z"},"blob":{"enabled":true,"lastEnabledTime":"2018-11-10T07:11:06.0439673Z"}},"keySource":"Microsoft.Storage"},"accessTier":"Hot","provisioningState":"Succeeded","creationTime":"2018-11-10T07:11:05.9345707Z","primaryEndpoints":{"dfs":"https://clistoragebb2pne7kuu.dfs.core.windows.net/","web":"https://clistoragebb2pne7kuu.z22.web.core.windows.net/","blob":"https://clistoragebb2pne7kuu.blob.core.windows.net/","queue":"https://clistoragebb2pne7kuu.queue.core.windows.net/","table":"https://clistoragebb2pne7kuu.table.core.windows.net/","file":"https://clistoragebb2pne7kuu.file.core.windows.net/"},"primaryLocation":"westus","statusOfPrimary":"available","secondaryLocation":"eastus","statusOfSecondary":"available","secondaryEndpoints":{"dfs":"https://clistoragebb2pne7kuu-secondary.dfs.core.windows.net/","web":"https://clistoragebb2pne7kuu-secondary.z22.web.core.windows.net/","blob":"https://clistoragebb2pne7kuu-secondary.blob.core.windows.net/","queue":"https://clistoragebb2pne7kuu-secondary.queue.core.windows.net/","table":"https://clistoragebb2pne7kuu-secondary.table.core.windows.net/"}}},{"sku":{"name":"Standard_RAGRS","tier":"Standard"},"kind":"StorageV2","id":"/subscriptions/00000000-0000-0000-0000-000000000000/resourceGroups/clitest.rgcrpntcogr67gihykdfwrqlh7k44jgpg5sx2v3bzhahpxscgwxcsk6eis4xukhcaox/providers/Microsoft.Storage/storageAccounts/clistoragef3x7wxylsi","name":"clistoragef3x7wxylsi","type":"Microsoft.Storage/storageAccounts","location":"westus","tags":{},"properties":{"networkAcls":{"bypass":"AzureServices","virtualNetworkRules":[],"ipRules":[],"defaultAction":"Allow"},"supportsHttpsTrafficOnly":false,"encryption":{"services":{"file":{"enabled":true,"lastEnabledTime":"2018-11-07T22:36:47.0638764Z"},"blob":{"enabled":true,"lastEnabledTime":"2018-11-07T22:36:47.0638764Z"}},"keySource":"Microsoft.Storage"},"accessTier":"Hot","provisioningState":"Succeeded","creationTime":"2018-11-07T22:36:46.9858109Z","primaryEndpoints":{"dfs":"https://clistoragef3x7wxylsi.dfs.core.windows.net/","web":"https://clistoragef3x7wxylsi.z22.web.core.windows.net/","blob":"https://clistoragef3x7wxylsi.blob.core.windows.net/","queue":"https://clistoragef3x7wxylsi.queue.core.windows.net/","table":"https://clistoragef3x7wxylsi.table.core.windows.net/","file":"https://clistoragef3x7wxylsi.file.core.windows.net/"},"primaryLocation":"westus","statusOfPrimary":"available","secondaryLocation":"eastus","statusOfSecondary":"available","secondaryEndpoints":{"dfs":"https://clistoragef3x7wxylsi-secondary.dfs.core.windows.net/","web":"https://clistoragef3x7wxylsi-secondary.z22.web.core.windows.net/","blob":"https://clistoragef3x7wxylsi-secondary.blob.core.windows.net/","queue":"https://clistoragef3x7wxylsi-secondary.queue.core.windows.net/","table":"https://clistoragef3x7wxylsi-secondary.table.core.windows.net/"}}},{"sku":{"name":"Standard_RAGRS","tier":"Standard"},"kind":"StorageV2","id":"/subscriptions/00000000-0000-0000-0000-000000000000/resourceGroups/clitest.rgqdayesq4mv4yng73wo7otuzqj47djbuhcfbwfvvozdtewnq3skc5cp2yko22yw7dp/providers/Microsoft.Storage/storageAccounts/clistoragelvmwuqn36s","name":"clistoragelvmwuqn36s","type":"Microsoft.Storage/storageAccounts","location":"westus","tags":{},"properties":{"networkAcls":{"bypass":"AzureServices","virtualNetworkRules":[],"ipRules":[],"defaultAction":"Allow"},"supportsHttpsTrafficOnly":false,"encryption":{"services":{"file":{"enabled":true,"lastEnabledTime":"2018-10-30T06:08:20.9071452Z"},"blob":{"enabled":true,"lastEnabledTime":"2018-10-30T06:08:20.9071452Z"}},"keySource":"Microsoft.Storage"},"accessTier":"Hot","provisioningState":"Succeeded","creationTime":"2018-10-30T06:08:20.7040143Z","primaryEndpoints":{"dfs":"https://clistoragelvmwuqn36s.dfs.core.windows.net/","web":"https://clistoragelvmwuqn36s.z22.web.core.windows.net/","blob":"https://clistoragelvmwuqn36s.blob.core.windows.net/","queue":"https://clistoragelvmwuqn36s.queue.core.windows.net/","table":"https://clistoragelvmwuqn36s.table.core.windows.net/","file":"https://clistoragelvmwuqn36s.file.core.windows.net/"},"primaryLocation":"westus","statusOfPrimary":"available","secondaryLocation":"eastus","statusOfSecondary":"available","secondaryEndpoints":{"dfs":"https://clistoragelvmwuqn36s-secondary.dfs.core.windows.net/","web":"https://clistoragelvmwuqn36s-secondary.z22.web.core.windows.net/","blob":"https://clistoragelvmwuqn36s-secondary.blob.core.windows.net/","queue":"https://clistoragelvmwuqn36s-secondary.queue.core.windows.net/","table":"https://clistoragelvmwuqn36s-secondary.table.core.windows.net/"}}},{"sku":{"name":"Standard_RAGRS","tier":"Standard"},"kind":"StorageV2","id":"/subscriptions/00000000-0000-0000-0000-000000000000/resourceGroups/clitest.rg4ptu5eyj6obkg322admpf5bk55qef52gwfidj65mtrvp26gdc7nffyxu5boip6u36/providers/Microsoft.Storage/storageAccounts/clistorage7lb2nmjh36","name":"clistorage7lb2nmjh36","type":"Microsoft.Storage/storageAccounts","location":"westus","tags":{},"properties":{"networkAcls":{"bypass":"AzureServices","virtualNetworkRules":[],"ipRules":[],"defaultAction":"Allow"},"supportsHttpsTrafficOnly":false,"encryption":{"services":{"file":{"enabled":true,"lastEnabledTime":"2018-10-25T06:10:44.1046533Z"},"blob":{"enabled":true,"lastEnabledTime":"2018-10-25T06:10:44.1046533Z"}},"keySource":"Microsoft.Storage"},"accessTier":"Hot","provisioningState":"Succeeded","creationTime":"2018-10-25T06:10:43.9796214Z","primaryEndpoints":{"dfs":"https://clistorage7lb2nmjh36.dfs.core.windows.net/","web":"https://clistorage7lb2nmjh36.z22.web.core.windows.net/","blob":"https://clistorage7lb2nmjh36.blob.core.windows.net/","queue":"https://clistorage7lb2nmjh36.queue.core.windows.net/","table":"https://clistorage7lb2nmjh36.table.core.windows.net/","file":"https://clistorage7lb2nmjh36.file.core.windows.net/"},"primaryLocation":"westus","statusOfPrimary":"available","secondaryLocation":"eastus","statusOfSecondary":"available","secondaryEndpoints":{"dfs":"https://clistorage7lb2nmjh36-secondary.dfs.core.windows.net/","web":"https://clistorage7lb2nmjh36-secondary.z22.web.core.windows.net/","blob":"https://clistorage7lb2nmjh36-secondary.blob.core.windows.net/","queue":"https://clistorage7lb2nmjh36-secondary.queue.core.windows.net/","table":"https://clistorage7lb2nmjh36-secondary.table.core.windows.net/"}}},{"sku":{"name":"Standard_RAGRS","tier":"Standard"},"kind":"StorageV2","id":"/subscriptions/00000000-0000-0000-0000-000000000000/resourceGroups/clitest.rg47w6euvjuxtauc5brtun2wtyjenbz6jcgisxw545eeoyr2e36woeyocsfghrfyuxw/providers/Microsoft.Storage/storageAccounts/clistoragebfrlwkitrv","name":"clistoragebfrlwkitrv","type":"Microsoft.Storage/storageAccounts","location":"westus","tags":{},"properties":{"networkAcls":{"bypass":"AzureServices","virtualNetworkRules":[],"ipRules":[],"defaultAction":"Allow"},"supportsHttpsTrafficOnly":false,"encryption":{"services":{"file":{"enabled":true,"lastEnabledTime":"2018-11-01T06:13:19.6057939Z"},"blob":{"enabled":true,"lastEnabledTime":"2018-11-01T06:13:19.6057939Z"}},"keySource":"Microsoft.Storage"},"accessTier":"Hot","provisioningState":"Succeeded","creationTime":"2018-11-01T06:13:19.4964272Z","primaryEndpoints":{"dfs":"https://clistoragebfrlwkitrv.dfs.core.windows.net/","web":"https://clistoragebfrlwkitrv.z22.web.core.windows.net/","blob":"https://clistoragebfrlwkitrv.blob.core.windows.net/","queue":"https://clistoragebfrlwkitrv.queue.core.windows.net/","table":"https://clistoragebfrlwkitrv.table.core.windows.net/","file":"https://clistoragebfrlwkitrv.file.core.windows.net/"},"primaryLocation":"westus","statusOfPrimary":"available","secondaryLocation":"eastus","statusOfSecondary":"available","secondaryEndpoints":{"dfs":"https://clistoragebfrlwkitrv-secondary.dfs.core.windows.net/","web":"https://clistoragebfrlwkitrv-secondary.z22.web.core.windows.net/","blob":"https://clistoragebfrlwkitrv-secondary.blob.core.windows.net/","queue":"https://clistoragebfrlwkitrv-secondary.queue.core.windows.net/","table":"https://clistoragebfrlwkitrv-secondary.table.core.windows.net/"}}},{"sku":{"name":"Standard_RAGRS","tier":"Standard"},"kind":"StorageV2","id":"/subscriptions/00000000-0000-0000-0000-000000000000/resourceGroups/clitest.rgis4rjeyszwjtnikb63na77wxjpv623paydrdyykwu76w6h6moa4kqzjt4tuq3gv3g/providers/Microsoft.Storage/storageAccounts/clistoragexv33jg5aiy","name":"clistoragexv33jg5aiy","type":"Microsoft.Storage/storageAccounts","location":"westus","tags":{},"properties":{"networkAcls":{"bypass":"AzureServices","virtualNetworkRules":[],"ipRules":[],"defaultAction":"Allow"},"supportsHttpsTrafficOnly":false,"encryption":{"services":{"file":{"enabled":true,"lastEnabledTime":"2018-11-10T01:07:35.8991688Z"},"blob":{"enabled":true,"lastEnabledTime":"2018-11-10T01:07:35.8991688Z"}},"keySource":"Microsoft.Storage"},"accessTier":"Hot","provisioningState":"Succeeded","creationTime":"2018-11-10T01:07:35.7742410Z","primaryEndpoints":{"dfs":"https://clistoragexv33jg5aiy.dfs.core.windows.net/","web":"https://clistoragexv33jg5aiy.z22.web.core.windows.net/","blob":"https://clistoragexv33jg5aiy.blob.core.windows.net/","queue":"https://clistoragexv33jg5aiy.queue.core.windows.net/","table":"https://clistoragexv33jg5aiy.table.core.windows.net/","file":"https://clistoragexv33jg5aiy.file.core.windows.net/"},"primaryLocation":"westus","statusOfPrimary":"available","secondaryLocation":"eastus","statusOfSecondary":"available","secondaryEndpoints":{"dfs":"https://clistoragexv33jg5aiy-secondary.dfs.core.windows.net/","web":"https://clistoragexv33jg5aiy-secondary.z22.web.core.windows.net/","blob":"https://clistoragexv33jg5aiy-secondary.blob.core.windows.net/","queue":"https://clistoragexv33jg5aiy-secondary.queue.core.windows.net/","table":"https://clistoragexv33jg5aiy-secondary.table.core.windows.net/"}}},{"sku":{"name":"Standard_RAGRS","tier":"Standard"},"kind":"StorageV2","id":"/subscriptions/00000000-0000-0000-0000-000000000000/resourceGroups/clitest.rgrso6qah2jbudsc4jeck3wcsnybbw2mbifypb7sxjiusnjsu4s4ue37fax7j6x2bkd/providers/Microsoft.Storage/storageAccounts/clistoragevioana7zgn","name":"clistoragevioana7zgn","type":"Microsoft.Storage/storageAccounts","location":"westus","tags":{},"properties":{"networkAcls":{"bypass":"AzureServices","virtualNetworkRules":[],"ipRules":[],"defaultAction":"Allow"},"supportsHttpsTrafficOnly":false,"encryption":{"services":{"file":{"enabled":true,"lastEnabledTime":"2018-11-13T07:09:32.5415142Z"},"blob":{"enabled":true,"lastEnabledTime":"2018-11-13T07:09:32.5415142Z"}},"keySource":"Microsoft.Storage"},"accessTier":"Hot","provisioningState":"Succeeded","creationTime":"2018-11-13T07:09:32.4477636Z","primaryEndpoints":{"dfs":"https://clistoragevioana7zgn.dfs.core.windows.net/","web":"https://clistoragevioana7zgn.z22.web.core.windows.net/","blob":"https://clistoragevioana7zgn.blob.core.windows.net/","queue":"https://clistoragevioana7zgn.queue.core.windows.net/","table":"https://clistoragevioana7zgn.table.core.windows.net/","file":"https://clistoragevioana7zgn.file.core.windows.net/"},"primaryLocation":"westus","statusOfPrimary":"available","secondaryLocation":"eastus","statusOfSecondary":"available","secondaryEndpoints":{"dfs":"https://clistoragevioana7zgn-secondary.dfs.core.windows.net/","web":"https://clistoragevioana7zgn-secondary.z22.web.core.windows.net/","blob":"https://clistoragevioana7zgn-secondary.blob.core.windows.net/","queue":"https://clistoragevioana7zgn-secondary.queue.core.windows.net/","table":"https://clistoragevioana7zgn-secondary.table.core.windows.net/"}}},{"sku":{"name":"Standard_RAGRS","tier":"Standard"},"kind":"StorageV2","id":"/subscriptions/00000000-0000-0000-0000-000000000000/resourceGroups/clitest.rgel5pprz34fnbxighwlx32yuwi4xg6jfhk5gt746spbwyv4sy2flq3uenzlgbmekn4/providers/Microsoft.Storage/storageAccounts/clistoragekyodytra2h","name":"clistoragekyodytra2h","type":"Microsoft.Storage/storageAccounts","location":"westus","tags":{},"properties":{"networkAcls":{"bypass":"AzureServices","virtualNetworkRules":[],"ipRules":[],"defaultAction":"Allow"},"supportsHttpsTrafficOnly":false,"encryption":{"services":{"file":{"enabled":true,"lastEnabledTime":"2018-10-24T06:05:41.9567345Z"},"blob":{"enabled":true,"lastEnabledTime":"2018-10-24T06:05:41.9567345Z"}},"keySource":"Microsoft.Storage"},"accessTier":"Hot","provisioningState":"Succeeded","creationTime":"2018-10-24T06:05:41.8942949Z","primaryEndpoints":{"dfs":"https://clistoragekyodytra2h.dfs.core.windows.net/","web":"https://clistoragekyodytra2h.z22.web.core.windows.net/","blob":"https://clistoragekyodytra2h.blob.core.windows.net/","queue":"https://clistoragekyodytra2h.queue.core.windows.net/","table":"https://clistoragekyodytra2h.table.core.windows.net/","file":"https://clistoragekyodytra2h.file.core.windows.net/"},"primaryLocation":"westus","statusOfPrimary":"available","secondaryLocation":"eastus","statusOfSecondary":"available","secondaryEndpoints":{"dfs":"https://clistoragekyodytra2h-secondary.dfs.core.windows.net/","web":"https://clistoragekyodytra2h-secondary.z22.web.core.windows.net/","blob":"https://clistoragekyodytra2h-secondary.blob.core.windows.net/","queue":"https://clistoragekyodytra2h-secondary.queue.core.windows.net/","table":"https://clistoragekyodytra2h-secondary.table.core.windows.net/"}}},{"sku":{"name":"Standard_RAGRS","tier":"Standard"},"kind":"StorageV2","id":"/subscriptions/00000000-0000-0000-0000-000000000000/resourceGroups/clitest.rgq54xeyk2dvz2aomiw4pcwab7gmgoybyvdgn6p4jppcrwk7437eg4uklz44xbjuqpx/providers/Microsoft.Storage/storageAccounts/clistoragesrtr4xsxuj","name":"clistoragesrtr4xsxuj","type":"Microsoft.Storage/storageAccounts","location":"westus","tags":{},"properties":{"networkAcls":{"bypass":"AzureServices","virtualNetworkRules":[],"ipRules":[],"defaultAction":"Allow"},"supportsHttpsTrafficOnly":false,"encryption":{"services":{"file":{"enabled":true,"lastEnabledTime":"2018-10-26T19:27:15.7436159Z"},"blob":{"enabled":true,"lastEnabledTime":"2018-10-26T19:27:15.7436159Z"}},"keySource":"Microsoft.Storage"},"accessTier":"Hot","provisioningState":"Succeeded","creationTime":"2018-10-26T19:27:15.6186018Z","primaryEndpoints":{"dfs":"https://clistoragesrtr4xsxuj.dfs.core.windows.net/","web":"https://clistoragesrtr4xsxuj.z22.web.core.windows.net/","blob":"https://clistoragesrtr4xsxuj.blob.core.windows.net/","queue":"https://clistoragesrtr4xsxuj.queue.core.windows.net/","table":"https://clistoragesrtr4xsxuj.table.core.windows.net/","file":"https://clistoragesrtr4xsxuj.file.core.windows.net/"},"primaryLocation":"westus","statusOfPrimary":"available","secondaryLocation":"eastus","statusOfSecondary":"available","secondaryEndpoints":{"dfs":"https://clistoragesrtr4xsxuj-secondary.dfs.core.windows.net/","web":"https://clistoragesrtr4xsxuj-secondary.z22.web.core.windows.net/","blob":"https://clistoragesrtr4xsxuj-secondary.blob.core.windows.net/","queue":"https://clistoragesrtr4xsxuj-secondary.queue.core.windows.net/","table":"https://clistoragesrtr4xsxuj-secondary.table.core.windows.net/"}}},{"sku":{"name":"Standard_RAGRS","tier":"Standard"},"kind":"StorageV2","id":"/subscriptions/00000000-0000-0000-0000-000000000000/resourceGroups/clitest.rgvsgrhoy74wuxfgaeajxmynyjtv5dbtfc5qfnqp5pcfpfhtu2q2zod6h4mdodnzfxd/providers/Microsoft.Storage/storageAccounts/clistoragev3c3mxgjyt","name":"clistoragev3c3mxgjyt","type":"Microsoft.Storage/storageAccounts","location":"westus","tags":{},"properties":{"networkAcls":{"bypass":"AzureServices","virtualNetworkRules":[],"ipRules":[],"defaultAction":"Allow"},"supportsHttpsTrafficOnly":false,"encryption":{"services":{"file":{"enabled":true,"lastEnabledTime":"2018-10-23T06:04:58.5471214Z"},"blob":{"enabled":true,"lastEnabledTime":"2018-10-23T06:04:58.5471214Z"}},"keySource":"Microsoft.Storage"},"accessTier":"Hot","provisioningState":"Succeeded","creationTime":"2018-10-23T06:04:58.4689974Z","primaryEndpoints":{"dfs":"https://clistoragev3c3mxgjyt.dfs.core.windows.net/","web":"https://clistoragev3c3mxgjyt.z22.web.core.windows.net/","blob":"https://clistoragev3c3mxgjyt.blob.core.windows.net/","queue":"https://clistoragev3c3mxgjyt.queue.core.windows.net/","table":"https://clistoragev3c3mxgjyt.table.core.windows.net/","file":"https://clistoragev3c3mxgjyt.file.core.windows.net/"},"primaryLocation":"westus","statusOfPrimary":"available","secondaryLocation":"eastus","statusOfSecondary":"available","secondaryEndpoints":{"dfs":"https://clistoragev3c3mxgjyt-secondary.dfs.core.windows.net/","web":"https://clistoragev3c3mxgjyt-secondary.z22.web.core.windows.net/","blob":"https://clistoragev3c3mxgjyt-secondary.blob.core.windows.net/","queue":"https://clistoragev3c3mxgjyt-secondary.queue.core.windows.net/","table":"https://clistoragev3c3mxgjyt-secondary.table.core.windows.net/"}}},{"sku":{"name":"Standard_RAGRS","tier":"Standard"},"kind":"StorageV2","id":"/subscriptions/00000000-0000-0000-0000-000000000000/resourceGroups/clitest.rgpkdhvmhumcnbs52mpxjheudqxjuc3ipfzmkehoapkfuaemsvjyjrhwquto4i4o7da/providers/Microsoft.Storage/storageAccounts/clistorager2qbr2z4on","name":"clistorager2qbr2z4on","type":"Microsoft.Storage/storageAccounts","location":"westus","tags":{},"properties":{"networkAcls":{"bypass":"AzureServices","virtualNetworkRules":[],"ipRules":[],"defaultAction":"Allow"},"supportsHttpsTrafficOnly":false,"encryption":{"services":{"file":{"enabled":true,"lastEnabledTime":"2018-11-08T07:09:52.8758173Z"},"blob":{"enabled":true,"lastEnabledTime":"2018-11-08T07:09:52.8758173Z"}},"keySource":"Microsoft.Storage"},"accessTier":"Hot","provisioningState":"Succeeded","creationTime":"2018-11-08T07:09:52.7820498Z","primaryEndpoints":{"dfs":"https://clistorager2qbr2z4on.dfs.core.windows.net/","web":"https://clistorager2qbr2z4on.z22.web.core.windows.net/","blob":"https://clistorager2qbr2z4on.blob.core.windows.net/","queue":"https://clistorager2qbr2z4on.queue.core.windows.net/","table":"https://clistorager2qbr2z4on.table.core.windows.net/","file":"https://clistorager2qbr2z4on.file.core.windows.net/"},"primaryLocation":"westus","statusOfPrimary":"available","secondaryLocation":"eastus","statusOfSecondary":"available","secondaryEndpoints":{"dfs":"https://clistorager2qbr2z4on-secondary.dfs.core.windows.net/","web":"https://clistorager2qbr2z4on-secondary.z22.web.core.windows.net/","blob":"https://clistorager2qbr2z4on-secondary.blob.core.windows.net/","queue":"https://clistorager2qbr2z4on-secondary.queue.core.windows.net/","table":"https://clistorager2qbr2z4on-secondary.table.core.windows.net/"}}},{"sku":{"name":"Standard_RAGRS","tier":"Standard"},"kind":"StorageV2","id":"/subscriptions/00000000-0000-0000-0000-000000000000/resourceGroups/clitest.rgzyl2xukc5kugwbs43wadsrw2xwh7zuxqud373xldooognv47p3azxivs4e2cry7fp/providers/Microsoft.Storage/storageAccounts/clistoragen7k6yeyjrb","name":"clistoragen7k6yeyjrb","type":"Microsoft.Storage/storageAccounts","location":"westus","tags":{},"properties":{"networkAcls":{"bypass":"AzureServices","virtualNetworkRules":[],"ipRules":[],"defaultAction":"Allow"},"supportsHttpsTrafficOnly":false,"encryption":{"services":{"file":{"enabled":true,"lastEnabledTime":"2018-10-26T06:09:16.4287846Z"},"blob":{"enabled":true,"lastEnabledTime":"2018-10-26T06:09:16.4287846Z"}},"keySource":"Microsoft.Storage"},"accessTier":"Hot","provisioningState":"Succeeded","creationTime":"2018-10-26T06:09:16.3350674Z","primaryEndpoints":{"dfs":"https://clistoragen7k6yeyjrb.dfs.core.windows.net/","web":"https://clistoragen7k6yeyjrb.z22.web.core.windows.net/","blob":"https://clistoragen7k6yeyjrb.blob.core.windows.net/","queue":"https://clistoragen7k6yeyjrb.queue.core.windows.net/","table":"https://clistoragen7k6yeyjrb.table.core.windows.net/","file":"https://clistoragen7k6yeyjrb.file.core.windows.net/"},"primaryLocation":"westus","statusOfPrimary":"available","secondaryLocation":"eastus","statusOfSecondary":"available","secondaryEndpoints":{"dfs":"https://clistoragen7k6yeyjrb-secondary.dfs.core.windows.net/","web":"https://clistoragen7k6yeyjrb-secondary.z22.web.core.windows.net/","blob":"https://clistoragen7k6yeyjrb-secondary.blob.core.windows.net/","queue":"https://clistoragen7k6yeyjrb-secondary.queue.core.windows.net/","table":"https://clistoragen7k6yeyjrb-secondary.table.core.windows.net/"}}},{"sku":{"name":"Standard_RAGRS","tier":"Standard"},"kind":"StorageV2","id":"/subscriptions/00000000-0000-0000-0000-000000000000/resourceGroups/clitest.rggyqow5kcman2jmdxh5xfcgp5po5vedxqmbdfrfmku3jjj45afddizewefuudopdto/providers/Microsoft.Storage/storageAccounts/clistoragekegzajo5ui","name":"clistoragekegzajo5ui","type":"Microsoft.Storage/storageAccounts","location":"westus","tags":{},"properties":{"networkAcls":{"bypass":"AzureServices","virtualNetworkRules":[],"ipRules":[],"defaultAction":"Allow"},"supportsHttpsTrafficOnly":false,"encryption":{"services":{"file":{"enabled":true,"lastEnabledTime":"2018-11-16T07:13:52.1124642Z"},"blob":{"enabled":true,"lastEnabledTime":"2018-11-16T07:13:52.1124642Z"}},"keySource":"Microsoft.Storage"},"accessTier":"Hot","provisioningState":"Succeeded","creationTime":"2018-11-16T07:13:52.0023302Z","primaryEndpoints":{"dfs":"https://clistoragekegzajo5ui.dfs.core.windows.net/","web":"https://clistoragekegzajo5ui.z22.web.core.windows.net/","blob":"https://clistoragekegzajo5ui.blob.core.windows.net/","queue":"https://clistoragekegzajo5ui.queue.core.windows.net/","table":"https://clistoragekegzajo5ui.table.core.windows.net/","file":"https://clistoragekegzajo5ui.file.core.windows.net/"},"primaryLocation":"westus","statusOfPrimary":"available","secondaryLocation":"eastus","statusOfSecondary":"available","secondaryEndpoints":{"dfs":"https://clistoragekegzajo5ui-secondary.dfs.core.windows.net/","web":"https://clistoragekegzajo5ui-secondary.z22.web.core.windows.net/","blob":"https://clistoragekegzajo5ui-secondary.blob.core.windows.net/","queue":"https://clistoragekegzajo5ui-secondary.queue.core.windows.net/","table":"https://clistoragekegzajo5ui-secondary.table.core.windows.net/"}}},{"sku":{"name":"Standard_LRS","tier":"Standard"},"kind":"Storage","id":"/subscriptions/00000000-0000-0000-0000-000000000000/resourceGroups/test_mgmt_storage_test_storage_accounts43b8102a/providers/Microsoft.Storage/storageAccounts/pyarmstorage43b8102a","name":"pyarmstorage43b8102a","type":"Microsoft.Storage/storageAccounts","location":"westus","tags":{},"properties":{"isHnsEnabled":false,"networkAcls":{"bypass":"AzureServices","virtualNetworkRules":[],"ipRules":[],"defaultAction":"Allow"},"supportsHttpsTrafficOnly":false,"encryption":{"services":{"file":{"enabled":true,"lastEnabledTime":"2019-04-24T22:41:05.6595697Z"},"blob":{"enabled":true,"lastEnabledTime":"2019-04-24T22:41:05.6595697Z"}},"keySource":"Microsoft.Storage"},"provisioningState":"Succeeded","creationTime":"2019-04-24T22:41:05.5033111Z","primaryEndpoints":{"blob":"https://pyarmstorage43b8102a.blob.core.windows.net/","queue":"https://pyarmstorage43b8102a.queue.core.windows.net/","table":"https://pyarmstorage43b8102a.table.core.windows.net/","file":"https://pyarmstorage43b8102a.file.core.windows.net/"},"primaryLocation":"westus","statusOfPrimary":"available"}},{"sku":{"name":"Standard_RAGRS","tier":"Standard"},"kind":"StorageV2","id":"/subscriptions/00000000-0000-0000-0000-000000000000/resourceGroups/clitest.rgtld6cippfuuw6ulssoefwk6k4jke56aufgmw7jf7kxcpxann54cogokas2bcjzlto/providers/Microsoft.Storage/storageAccounts/clistoragezhsixp4bm6","name":"clistoragezhsixp4bm6","type":"Microsoft.Storage/storageAccounts","location":"westus","tags":{},"properties":{"networkAcls":{"bypass":"AzureServices","virtualNetworkRules":[],"ipRules":[],"defaultAction":"Allow"},"supportsHttpsTrafficOnly":false,"encryption":{"services":{"file":{"enabled":true,"lastEnabledTime":"2018-11-09T21:48:59.1216912Z"},"blob":{"enabled":true,"lastEnabledTime":"2018-11-09T21:48:59.1216912Z"}},"keySource":"Microsoft.Storage"},"accessTier":"Hot","provisioningState":"Succeeded","creationTime":"2018-11-09T21:48:59.0279456Z","primaryEndpoints":{"dfs":"https://clistoragezhsixp4bm6.dfs.core.windows.net/","web":"https://clistoragezhsixp4bm6.z22.web.core.windows.net/","blob":"https://clistoragezhsixp4bm6.blob.core.windows.net/","queue":"https://clistoragezhsixp4bm6.queue.core.windows.net/","table":"https://clistoragezhsixp4bm6.table.core.windows.net/","file":"https://clistoragezhsixp4bm6.file.core.windows.net/"},"primaryLocation":"westus","statusOfPrimary":"available","secondaryLocation":"eastus","statusOfSecondary":"available","secondaryEndpoints":{"dfs":"https://clistoragezhsixp4bm6-secondary.dfs.core.windows.net/","web":"https://clistoragezhsixp4bm6-secondary.z22.web.core.windows.net/","blob":"https://clistoragezhsixp4bm6-secondary.blob.core.windows.net/","queue":"https://clistoragezhsixp4bm6-secondary.queue.core.windows.net/","table":"https://clistoragezhsixp4bm6-secondary.table.core.windows.net/"}}},{"sku":{"name":"Standard_LRS","tier":"Standard"},"kind":"StorageV2","id":"/subscriptions/00000000-0000-0000-0000-000000000000/resourceGroups/cloud-shell-storage-westus/providers/Microsoft.Storage/storageAccounts/cs40b1f64711bf0x4ddaxaec","name":"cs40b1f64711bf0x4ddaxaec","type":"Microsoft.Storage/storageAccounts","location":"westus","tags":{"ms-resource-usage":"azure-cloud-shell"},"properties":{"networkAcls":{"bypass":"AzureServices","virtualNetworkRules":[],"ipRules":[],"defaultAction":"Allow"},"supportsHttpsTrafficOnly":true,"encryption":{"services":{"file":{"enabled":true,"lastEnabledTime":"2019-04-23T21:00:20.9032920Z"},"blob":{"enabled":true,"lastEnabledTime":"2019-04-23T21:00:20.9032920Z"}},"keySource":"Microsoft.Storage"},"accessTier":"Hot","provisioningState":"Succeeded","creationTime":"2019-04-23T21:00:20.6689714Z","primaryEndpoints":{"dfs":"https://cs40b1f64711bf0x4ddaxaec.dfs.core.windows.net/","web":"https://cs40b1f64711bf0x4ddaxaec.z22.web.core.windows.net/","blob":"https://cs40b1f64711bf0x4ddaxaec.blob.core.windows.net/","queue":"https://cs40b1f64711bf0x4ddaxaec.queue.core.windows.net/","table":"https://cs40b1f64711bf0x4ddaxaec.table.core.windows.net/","file":"https://cs40b1f64711bf0x4ddaxaec.file.core.windows.net/"},"primaryLocation":"westus","statusOfPrimary":"available"}},{"sku":{"name":"Standard_RAGRS","tier":"Standard"},"kind":"StorageV2","id":"/subscriptions/00000000-0000-0000-0000-000000000000/resourceGroups/clitest.rgh2xn66zavjy6u4fcr5ai3jl3ei5t5rolxb2hnho3aro4iogf56irsidnd6sytzpec/providers/Microsoft.Storage/storageAccounts/clistorage7cbmy7nua6","name":"clistorage7cbmy7nua6","type":"Microsoft.Storage/storageAccounts","location":"westus","tags":{},"properties":{"networkAcls":{"bypass":"AzureServices","virtualNetworkRules":[],"ipRules":[],"defaultAction":"Allow"},"supportsHttpsTrafficOnly":false,"encryption":{"services":{"file":{"enabled":true,"lastEnabledTime":"2019-02-26T07:32:11.3752077Z"},"blob":{"enabled":true,"lastEnabledTime":"2019-02-26T07:32:11.3752077Z"}},"keySource":"Microsoft.Storage"},"accessTier":"Hot","provisioningState":"Succeeded","creationTime":"2019-02-26T07:32:11.1877294Z","primaryEndpoints":{"dfs":"https://clistorage7cbmy7nua6.dfs.core.windows.net/","web":"https://clistorage7cbmy7nua6.z22.web.core.windows.net/","blob":"https://clistorage7cbmy7nua6.blob.core.windows.net/","queue":"https://clistorage7cbmy7nua6.queue.core.windows.net/","table":"https://clistorage7cbmy7nua6.table.core.windows.net/","file":"https://clistorage7cbmy7nua6.file.core.windows.net/"},"primaryLocation":"westus","statusOfPrimary":"available","secondaryLocation":"eastus","statusOfSecondary":"available","secondaryEndpoints":{"dfs":"https://clistorage7cbmy7nua6-secondary.dfs.core.windows.net/","web":"https://clistorage7cbmy7nua6-secondary.z22.web.core.windows.net/","blob":"https://clistorage7cbmy7nua6-secondary.blob.core.windows.net/","queue":"https://clistorage7cbmy7nua6-secondary.queue.core.windows.net/","table":"https://clistorage7cbmy7nua6-secondary.table.core.windows.net/"}}},{"sku":{"name":"Standard_RAGRS","tier":"Standard"},"kind":"StorageV2","id":"/subscriptions/00000000-0000-0000-0000-000000000000/resourceGroups/clitest.rg5jvqry2hmh5q3op5w5czrkia4eu4levom22levcbg6vblt2pilakna4kpmzl25drm/providers/Microsoft.Storage/storageAccounts/clistorage6pzxnmdydx","name":"clistorage6pzxnmdydx","type":"Microsoft.Storage/storageAccounts","location":"westus","tags":{},"properties":{"networkAcls":{"bypass":"AzureServices","virtualNetworkRules":[],"ipRules":[],"defaultAction":"Allow"},"supportsHttpsTrafficOnly":false,"encryption":{"services":{"file":{"enabled":true,"lastEnabledTime":"2018-11-12T18:45:33.2521952Z"},"blob":{"enabled":true,"lastEnabledTime":"2018-11-12T18:45:33.2521952Z"}},"keySource":"Microsoft.Storage"},"accessTier":"Hot","provisioningState":"Succeeded","creationTime":"2018-11-12T18:45:33.1740700Z","primaryEndpoints":{"dfs":"https://clistorage6pzxnmdydx.dfs.core.windows.net/","web":"https://clistorage6pzxnmdydx.z22.web.core.windows.net/","blob":"https://clistorage6pzxnmdydx.blob.core.windows.net/","queue":"https://clistorage6pzxnmdydx.queue.core.windows.net/","table":"https://clistorage6pzxnmdydx.table.core.windows.net/","file":"https://clistorage6pzxnmdydx.file.core.windows.net/"},"primaryLocation":"westus","statusOfPrimary":"available","secondaryLocation":"eastus","statusOfSecondary":"available","secondaryEndpoints":{"dfs":"https://clistorage6pzxnmdydx-secondary.dfs.core.windows.net/","web":"https://clistorage6pzxnmdydx-secondary.z22.web.core.windows.net/","blob":"https://clistorage6pzxnmdydx-secondary.blob.core.windows.net/","queue":"https://clistorage6pzxnmdydx-secondary.queue.core.windows.net/","table":"https://clistorage6pzxnmdydx-secondary.table.core.windows.net/"}}},{"sku":{"name":"Standard_RAGRS","tier":"Standard"},"kind":"StorageV2","id":"/subscriptions/00000000-0000-0000-0000-000000000000/resourceGroups/clitest.rgeseh3igtsj3j424eh7w2skbs62rign24rqc5ns23flpaarj2eplzco7kjqihzbsmz/providers/Microsoft.Storage/storageAccounts/clistorageg6xirsv3yj","name":"clistorageg6xirsv3yj","type":"Microsoft.Storage/storageAccounts","location":"westus","tags":{},"properties":{"networkAcls":{"bypass":"AzureServices","virtualNetworkRules":[],"ipRules":[],"defaultAction":"Allow"},"supportsHttpsTrafficOnly":false,"encryption":{"services":{"file":{"enabled":true,"lastEnabledTime":"2018-10-20T06:06:13.9169715Z"},"blob":{"enabled":true,"lastEnabledTime":"2018-10-20T06:06:13.9169715Z"}},"keySource":"Microsoft.Storage"},"accessTier":"Hot","provisioningState":"Succeeded","creationTime":"2018-10-20T06:06:13.8232962Z","primaryEndpoints":{"dfs":"https://clistorageg6xirsv3yj.dfs.core.windows.net/","web":"https://clistorageg6xirsv3yj.z22.web.core.windows.net/","blob":"https://clistorageg6xirsv3yj.blob.core.windows.net/","queue":"https://clistorageg6xirsv3yj.queue.core.windows.net/","table":"https://clistorageg6xirsv3yj.table.core.windows.net/","file":"https://clistorageg6xirsv3yj.file.core.windows.net/"},"primaryLocation":"westus","statusOfPrimary":"available","secondaryLocation":"eastus","statusOfSecondary":"available","secondaryEndpoints":{"dfs":"https://clistorageg6xirsv3yj-secondary.dfs.core.windows.net/","web":"https://clistorageg6xirsv3yj-secondary.z22.web.core.windows.net/","blob":"https://clistorageg6xirsv3yj-secondary.blob.core.windows.net/","queue":"https://clistorageg6xirsv3yj-secondary.queue.core.windows.net/","table":"https://clistorageg6xirsv3yj-secondary.table.core.windows.net/"}}},{"sku":{"name":"Standard_RAGRS","tier":"Standard"},"kind":"StorageV2","id":"/subscriptions/00000000-0000-0000-0000-000000000000/resourceGroups/clitest.rgyy3taxnfwcn4eskrjvwyrm6oo6go7oloebl3pj5m6evmynnib3vod7khchnkfuhar/providers/Microsoft.Storage/storageAccounts/clistoragenekhf6uzmd","name":"clistoragenekhf6uzmd","type":"Microsoft.Storage/storageAccounts","location":"westus","tags":{},"properties":{"networkAcls":{"bypass":"AzureServices","virtualNetworkRules":[],"ipRules":[],"defaultAction":"Allow"},"supportsHttpsTrafficOnly":false,"encryption":{"services":{"file":{"enabled":true,"lastEnabledTime":"2018-11-17T07:13:47.8775089Z"},"blob":{"enabled":true,"lastEnabledTime":"2018-11-17T07:13:47.8775089Z"}},"keySource":"Microsoft.Storage"},"accessTier":"Hot","provisioningState":"Succeeded","creationTime":"2018-11-17T07:13:47.6900063Z","primaryEndpoints":{"dfs":"https://clistoragenekhf6uzmd.dfs.core.windows.net/","web":"https://clistoragenekhf6uzmd.z22.web.core.windows.net/","blob":"https://clistoragenekhf6uzmd.blob.core.windows.net/","queue":"https://clistoragenekhf6uzmd.queue.core.windows.net/","table":"https://clistoragenekhf6uzmd.table.core.windows.net/","file":"https://clistoragenekhf6uzmd.file.core.windows.net/"},"primaryLocation":"westus","statusOfPrimary":"available","secondaryLocation":"eastus","statusOfSecondary":"available","secondaryEndpoints":{"dfs":"https://clistoragenekhf6uzmd-secondary.dfs.core.windows.net/","web":"https://clistoragenekhf6uzmd-secondary.z22.web.core.windows.net/","blob":"https://clistoragenekhf6uzmd-secondary.blob.core.windows.net/","queue":"https://clistoragenekhf6uzmd-secondary.queue.core.windows.net/","table":"https://clistoragenekhf6uzmd-secondary.table.core.windows.net/"}}},{"sku":{"name":"Standard_RAGRS","tier":"Standard"},"kind":"StorageV2","id":"/subscriptions/00000000-0000-0000-0000-000000000000/resourceGroups/clitest.rg467eemlwlrprtbxw3iv4ydl5kxxm643d2wrkldirggavuzj33cmkim5mrlhpwmi6d/providers/Microsoft.Storage/storageAccounts/clistorage6mdgd32edk","name":"clistorage6mdgd32edk","type":"Microsoft.Storage/storageAccounts","location":"westus","tags":{},"properties":{"networkAcls":{"bypass":"AzureServices","virtualNetworkRules":[],"ipRules":[],"defaultAction":"Allow"},"supportsHttpsTrafficOnly":false,"encryption":{"services":{"file":{"enabled":true,"lastEnabledTime":"2018-11-15T07:13:59.2277007Z"},"blob":{"enabled":true,"lastEnabledTime":"2018-11-15T07:13:59.2277007Z"}},"keySource":"Microsoft.Storage"},"accessTier":"Hot","provisioningState":"Succeeded","creationTime":"2018-11-15T07:13:59.0402025Z","primaryEndpoints":{"dfs":"https://clistorage6mdgd32edk.dfs.core.windows.net/","web":"https://clistorage6mdgd32edk.z22.web.core.windows.net/","blob":"https://clistorage6mdgd32edk.blob.core.windows.net/","queue":"https://clistorage6mdgd32edk.queue.core.windows.net/","table":"https://clistorage6mdgd32edk.table.core.windows.net/","file":"https://clistorage6mdgd32edk.file.core.windows.net/"},"primaryLocation":"westus","statusOfPrimary":"available","secondaryLocation":"eastus","statusOfSecondary":"available","secondaryEndpoints":{"dfs":"https://clistorage6mdgd32edk-secondary.dfs.core.windows.net/","web":"https://clistorage6mdgd32edk-secondary.z22.web.core.windows.net/","blob":"https://clistorage6mdgd32edk-secondary.blob.core.windows.net/","queue":"https://clistorage6mdgd32edk-secondary.queue.core.windows.net/","table":"https://clistorage6mdgd32edk-secondary.table.core.windows.net/"}}},{"sku":{"name":"Standard_RAGRS","tier":"Standard"},"kind":"StorageV2","id":"/subscriptions/00000000-0000-0000-0000-000000000000/resourceGroups/clitest.rg2onuzkfvobfcxyuamgfhyzjxicv3tiepf2agdpb7zopzj6qoyfe44ljrllex6hv3s/providers/Microsoft.Storage/storageAccounts/clistorageson7btfmmt","name":"clistorageson7btfmmt","type":"Microsoft.Storage/storageAccounts","location":"westus","tags":{},"properties":{"networkAcls":{"bypass":"AzureServices","virtualNetworkRules":[],"ipRules":[],"defaultAction":"Allow"},"supportsHttpsTrafficOnly":false,"encryption":{"services":{"file":{"enabled":true,"lastEnabledTime":"2018-10-19T06:11:35.1612960Z"},"blob":{"enabled":true,"lastEnabledTime":"2018-10-19T06:11:35.1612960Z"}},"keySource":"Microsoft.Storage"},"accessTier":"Hot","provisioningState":"Succeeded","creationTime":"2018-10-19T06:11:35.0987530Z","primaryEndpoints":{"dfs":"https://clistorageson7btfmmt.dfs.core.windows.net/","web":"https://clistorageson7btfmmt.z22.web.core.windows.net/","blob":"https://clistorageson7btfmmt.blob.core.windows.net/","queue":"https://clistorageson7btfmmt.queue.core.windows.net/","table":"https://clistorageson7btfmmt.table.core.windows.net/","file":"https://clistorageson7btfmmt.file.core.windows.net/"},"primaryLocation":"westus","statusOfPrimary":"available","secondaryLocation":"eastus","statusOfSecondary":"available","secondaryEndpoints":{"dfs":"https://clistorageson7btfmmt-secondary.dfs.core.windows.net/","web":"https://clistorageson7btfmmt-secondary.z22.web.core.windows.net/","blob":"https://clistorageson7btfmmt-secondary.blob.core.windows.net/","queue":"https://clistorageson7btfmmt-secondary.queue.core.windows.net/","table":"https://clistorageson7btfmmt-secondary.table.core.windows.net/"}}},{"sku":{"name":"Standard_RAGRS","tier":"Standard"},"kind":"StorageV2","id":"/subscriptions/00000000-0000-0000-0000-000000000000/resourceGroups/clitest.rgztgpuudy4ajho7zq7mxkqy4wouewililz7drrsdh34tstyycnu37u3m2fepjuwyuc/providers/Microsoft.Storage/storageAccounts/clistoragexkphdul2fk","name":"clistoragexkphdul2fk","type":"Microsoft.Storage/storageAccounts","location":"westus","tags":{},"properties":{"networkAcls":{"bypass":"AzureServices","virtualNetworkRules":[],"ipRules":[],"defaultAction":"Allow"},"supportsHttpsTrafficOnly":false,"encryption":{"services":{"file":{"enabled":true,"lastEnabledTime":"2018-10-27T06:08:53.6476989Z"},"blob":{"enabled":true,"lastEnabledTime":"2018-10-27T06:08:53.6476989Z"}},"keySource":"Microsoft.Storage"},"accessTier":"Hot","provisioningState":"Succeeded","creationTime":"2018-10-27T06:08:53.5378899Z","primaryEndpoints":{"dfs":"https://clistoragexkphdul2fk.dfs.core.windows.net/","web":"https://clistoragexkphdul2fk.z22.web.core.windows.net/","blob":"https://clistoragexkphdul2fk.blob.core.windows.net/","queue":"https://clistoragexkphdul2fk.queue.core.windows.net/","table":"https://clistoragexkphdul2fk.table.core.windows.net/","file":"https://clistoragexkphdul2fk.file.core.windows.net/"},"primaryLocation":"westus","statusOfPrimary":"available","secondaryLocation":"eastus","statusOfSecondary":"available","secondaryEndpoints":{"dfs":"https://clistoragexkphdul2fk-secondary.dfs.core.windows.net/","web":"https://clistoragexkphdul2fk-secondary.z22.web.core.windows.net/","blob":"https://clistoragexkphdul2fk-secondary.blob.core.windows.net/","queue":"https://clistoragexkphdul2fk-secondary.queue.core.windows.net/","table":"https://clistoragexkphdul2fk-secondary.table.core.windows.net/"}}},{"sku":{"name":"Standard_RAGRS","tier":"Standard"},"kind":"StorageV2","id":"/subscriptions/00000000-0000-0000-0000-000000000000/resourceGroups/clitest.rgc7vytkc7wy5k46jxpkrbonwkusamvkpafi5xj7njdicbm6fbmqqc7gk5il7g5zdci/providers/Microsoft.Storage/storageAccounts/clistoragex4t77cq2jw","name":"clistoragex4t77cq2jw","type":"Microsoft.Storage/storageAccounts","location":"westus","tags":{},"properties":{"networkAcls":{"bypass":"AzureServices","virtualNetworkRules":[],"ipRules":[],"defaultAction":"Allow"},"supportsHttpsTrafficOnly":false,"encryption":{"services":{"file":{"enabled":true,"lastEnabledTime":"2018-11-07T07:09:09.5632653Z"},"blob":{"enabled":true,"lastEnabledTime":"2018-11-07T07:09:09.5632653Z"}},"keySource":"Microsoft.Storage"},"accessTier":"Hot","provisioningState":"Succeeded","creationTime":"2018-11-07T07:09:09.3601376Z","primaryEndpoints":{"dfs":"https://clistoragex4t77cq2jw.dfs.core.windows.net/","web":"https://clistoragex4t77cq2jw.z22.web.core.windows.net/","blob":"https://clistoragex4t77cq2jw.blob.core.windows.net/","queue":"https://clistoragex4t77cq2jw.queue.core.windows.net/","table":"https://clistoragex4t77cq2jw.table.core.windows.net/","file":"https://clistoragex4t77cq2jw.file.core.windows.net/"},"primaryLocation":"westus","statusOfPrimary":"available","secondaryLocation":"eastus","statusOfSecondary":"available","secondaryEndpoints":{"dfs":"https://clistoragex4t77cq2jw-secondary.dfs.core.windows.net/","web":"https://clistoragex4t77cq2jw-secondary.z22.web.core.windows.net/","blob":"https://clistoragex4t77cq2jw-secondary.blob.core.windows.net/","queue":"https://clistoragex4t77cq2jw-secondary.queue.core.windows.net/","table":"https://clistoragex4t77cq2jw-secondary.table.core.windows.net/"}}},{"sku":{"name":"Standard_RAGRS","tier":"Standard"},"kind":"StorageV2","id":"/subscriptions/00000000-0000-0000-0000-000000000000/resourceGroups/clitest.rgkcmq7mfdk6jdtfpa5awvqxdajmlkl7zadyhtnnax3o76vh23zorsvdankwrasip3o/providers/Microsoft.Storage/storageAccounts/clistoragej7t6h2vvyu","name":"clistoragej7t6h2vvyu","type":"Microsoft.Storage/storageAccounts","location":"westus","tags":{},"properties":{"networkAcls":{"bypass":"AzureServices","virtualNetworkRules":[],"ipRules":[],"defaultAction":"Allow"},"supportsHttpsTrafficOnly":false,"encryption":{"services":{"file":{"enabled":true,"lastEnabledTime":"2018-11-13T00:15:27.1776286Z"},"blob":{"enabled":true,"lastEnabledTime":"2018-11-13T00:15:27.1776286Z"}},"keySource":"Microsoft.Storage"},"accessTier":"Hot","provisioningState":"Succeeded","creationTime":"2018-11-13T00:15:27.0682506Z","primaryEndpoints":{"dfs":"https://clistoragej7t6h2vvyu.dfs.core.windows.net/","web":"https://clistoragej7t6h2vvyu.z22.web.core.windows.net/","blob":"https://clistoragej7t6h2vvyu.blob.core.windows.net/","queue":"https://clistoragej7t6h2vvyu.queue.core.windows.net/","table":"https://clistoragej7t6h2vvyu.table.core.windows.net/","file":"https://clistoragej7t6h2vvyu.file.core.windows.net/"},"primaryLocation":"westus","statusOfPrimary":"available","secondaryLocation":"eastus","statusOfSecondary":"available","secondaryEndpoints":{"dfs":"https://clistoragej7t6h2vvyu-secondary.dfs.core.windows.net/","web":"https://clistoragej7t6h2vvyu-secondary.z22.web.core.windows.net/","blob":"https://clistoragej7t6h2vvyu-secondary.blob.core.windows.net/","queue":"https://clistoragej7t6h2vvyu-secondary.queue.core.windows.net/","table":"https://clistoragej7t6h2vvyu-secondary.table.core.windows.net/"}}},{"sku":{"name":"Standard_RAGRS","tier":"Standard"},"kind":"StorageV2","id":"/subscriptions/00000000-0000-0000-0000-000000000000/resourceGroups/clitest.rgzh4pgaxqwg7k2qudspwevz43auavdlgvozn57ngmr22xdws56y55tl52vcdtayd27/providers/Microsoft.Storage/storageAccounts/clistoragezjxbd5d3we","name":"clistoragezjxbd5d3we","type":"Microsoft.Storage/storageAccounts","location":"westus","tags":{},"properties":{"networkAcls":{"bypass":"AzureServices","virtualNetworkRules":[],"ipRules":[],"defaultAction":"Allow"},"supportsHttpsTrafficOnly":false,"encryption":{"services":{"file":{"enabled":true,"lastEnabledTime":"2018-11-21T07:13:56.9007450Z"},"blob":{"enabled":true,"lastEnabledTime":"2018-11-21T07:13:56.9007450Z"}},"keySource":"Microsoft.Storage"},"accessTier":"Hot","provisioningState":"Succeeded","creationTime":"2018-11-21T07:13:56.7445162Z","primaryEndpoints":{"dfs":"https://clistoragezjxbd5d3we.dfs.core.windows.net/","web":"https://clistoragezjxbd5d3we.z22.web.core.windows.net/","blob":"https://clistoragezjxbd5d3we.blob.core.windows.net/","queue":"https://clistoragezjxbd5d3we.queue.core.windows.net/","table":"https://clistoragezjxbd5d3we.table.core.windows.net/","file":"https://clistoragezjxbd5d3we.file.core.windows.net/"},"primaryLocation":"westus","statusOfPrimary":"available","secondaryLocation":"eastus","statusOfSecondary":"available","secondaryEndpoints":{"dfs":"https://clistoragezjxbd5d3we-secondary.dfs.core.windows.net/","web":"https://clistoragezjxbd5d3we-secondary.z22.web.core.windows.net/","blob":"https://clistoragezjxbd5d3we-secondary.blob.core.windows.net/","queue":"https://clistoragezjxbd5d3we-secondary.queue.core.windows.net/","table":"https://clistoragezjxbd5d3we-secondary.table.core.windows.net/"}}},{"sku":{"name":"Standard_RAGRS","tier":"Standard"},"kind":"StorageV2","id":"/subscriptions/00000000-0000-0000-0000-000000000000/resourceGroups/clitest.rggjibq6fuahwnnbzdjcgpupcoiomyzttxo6vapw27gl5i7ze2uzhmbg6yti3gjakwv/providers/Microsoft.Storage/storageAccounts/clistoragedhv2mkyjrq","name":"clistoragedhv2mkyjrq","type":"Microsoft.Storage/storageAccounts","location":"westus","tags":{},"properties":{"networkAcls":{"bypass":"AzureServices","virtualNetworkRules":[],"ipRules":[],"defaultAction":"Allow"},"supportsHttpsTrafficOnly":false,"encryption":{"services":{"file":{"enabled":true,"lastEnabledTime":"2018-11-14T07:08:23.0089088Z"},"blob":{"enabled":true,"lastEnabledTime":"2018-11-14T07:08:23.0089088Z"}},"keySource":"Microsoft.Storage"},"accessTier":"Hot","provisioningState":"Succeeded","creationTime":"2018-11-14T07:08:22.8839987Z","primaryEndpoints":{"dfs":"https://clistoragedhv2mkyjrq.dfs.core.windows.net/","web":"https://clistoragedhv2mkyjrq.z22.web.core.windows.net/","blob":"https://clistoragedhv2mkyjrq.blob.core.windows.net/","queue":"https://clistoragedhv2mkyjrq.queue.core.windows.net/","table":"https://clistoragedhv2mkyjrq.table.core.windows.net/","file":"https://clistoragedhv2mkyjrq.file.core.windows.net/"},"primaryLocation":"westus","statusOfPrimary":"available","secondaryLocation":"eastus","statusOfSecondary":"available","secondaryEndpoints":{"dfs":"https://clistoragedhv2mkyjrq-secondary.dfs.core.windows.net/","web":"https://clistoragedhv2mkyjrq-secondary.z22.web.core.windows.net/","blob":"https://clistoragedhv2mkyjrq-secondary.blob.core.windows.net/","queue":"https://clistoragedhv2mkyjrq-secondary.queue.core.windows.net/","table":"https://clistoragedhv2mkyjrq-secondary.table.core.windows.net/"}}},{"sku":{"name":"Standard_RAGRS","tier":"Standard"},"kind":"StorageV2","id":"/subscriptions/00000000-0000-0000-0000-000000000000/resourceGroups/clitest.rgerpfkvc4adl5yas6uneg567hqif6gzchbt6323753zbplu744mg27fzmuxg4ppynt/providers/Microsoft.Storage/storageAccounts/clistoragefj5thbb2id","name":"clistoragefj5thbb2id","type":"Microsoft.Storage/storageAccounts","location":"westus","tags":{},"properties":{"networkAcls":{"bypass":"AzureServices","virtualNetworkRules":[],"ipRules":[],"defaultAction":"Allow"},"supportsHttpsTrafficOnly":false,"encryption":{"services":{"file":{"enabled":true,"lastEnabledTime":"2018-11-03T06:05:41.7516560Z"},"blob":{"enabled":true,"lastEnabledTime":"2018-11-03T06:05:41.7516560Z"}},"keySource":"Microsoft.Storage"},"accessTier":"Hot","provisioningState":"Succeeded","creationTime":"2018-11-03T06:05:41.6579025Z","primaryEndpoints":{"dfs":"https://clistoragefj5thbb2id.dfs.core.windows.net/","web":"https://clistoragefj5thbb2id.z22.web.core.windows.net/","blob":"https://clistoragefj5thbb2id.blob.core.windows.net/","queue":"https://clistoragefj5thbb2id.queue.core.windows.net/","table":"https://clistoragefj5thbb2id.table.core.windows.net/","file":"https://clistoragefj5thbb2id.file.core.windows.net/"},"primaryLocation":"westus","statusOfPrimary":"available","secondaryLocation":"eastus","statusOfSecondary":"available","secondaryEndpoints":{"dfs":"https://clistoragefj5thbb2id-secondary.dfs.core.windows.net/","web":"https://clistoragefj5thbb2id-secondary.z22.web.core.windows.net/","blob":"https://clistoragefj5thbb2id-secondary.blob.core.windows.net/","queue":"https://clistoragefj5thbb2id-secondary.queue.core.windows.net/","table":"https://clistoragefj5thbb2id-secondary.table.core.windows.net/"}}},{"sku":{"name":"Standard_RAGRS","tier":"Standard"},"kind":"StorageV2","id":"/subscriptions/00000000-0000-0000-0000-000000000000/resourceGroups/clitest.rglgzhpqlq573egmkvxfoh2oys4zffgkogtsaqryn232p3bwhcmusq4eeptnt2xyxof/providers/Microsoft.Storage/storageAccounts/clistoragezufwcissz3","name":"clistoragezufwcissz3","type":"Microsoft.Storage/storageAccounts","location":"westus","tags":{},"properties":{"networkAcls":{"bypass":"AzureServices","virtualNetworkRules":[],"ipRules":[],"defaultAction":"Allow"},"supportsHttpsTrafficOnly":false,"encryption":{"services":{"file":{"enabled":true,"lastEnabledTime":"2019-04-05T07:03:30.3159210Z"},"blob":{"enabled":true,"lastEnabledTime":"2019-04-05T07:03:30.3159210Z"}},"keySource":"Microsoft.Storage"},"accessTier":"Hot","provisioningState":"Succeeded","creationTime":"2019-04-05T07:03:29.9409367Z","primaryEndpoints":{"dfs":"https://clistoragezufwcissz3.dfs.core.windows.net/","web":"https://clistoragezufwcissz3.z22.web.core.windows.net/","blob":"https://clistoragezufwcissz3.blob.core.windows.net/","queue":"https://clistoragezufwcissz3.queue.core.windows.net/","table":"https://clistoragezufwcissz3.table.core.windows.net/","file":"https://clistoragezufwcissz3.file.core.windows.net/"},"primaryLocation":"westus","statusOfPrimary":"available","secondaryLocation":"eastus","statusOfSecondary":"available","secondaryEndpoints":{"dfs":"https://clistoragezufwcissz3-secondary.dfs.core.windows.net/","web":"https://clistoragezufwcissz3-secondary.z22.web.core.windows.net/","blob":"https://clistoragezufwcissz3-secondary.blob.core.windows.net/","queue":"https://clistoragezufwcissz3-secondary.queue.core.windows.net/","table":"https://clistoragezufwcissz3-secondary.table.core.windows.net/"}}},{"sku":{"name":"Standard_RAGRS","tier":"Standard"},"kind":"StorageV2","id":"/subscriptions/00000000-0000-0000-0000-000000000000/resourceGroups/clitest.rgopirwrovpchhhwubw2riq2y3fdnkk6f4guuu2bwxipgvccrihznvxcf5mxctlqn6u/providers/Microsoft.Storage/storageAccounts/clistoragef4ub37ofrb","name":"clistoragef4ub37ofrb","type":"Microsoft.Storage/storageAccounts","location":"westus","tags":{},"properties":{"networkAcls":{"bypass":"AzureServices","virtualNetworkRules":[],"ipRules":[],"defaultAction":"Allow"},"supportsHttpsTrafficOnly":false,"encryption":{"services":{"file":{"enabled":true,"lastEnabledTime":"2018-11-06T07:10:52.4065781Z"},"blob":{"enabled":true,"lastEnabledTime":"2018-11-06T07:10:52.4065781Z"}},"keySource":"Microsoft.Storage"},"accessTier":"Hot","provisioningState":"Succeeded","creationTime":"2018-11-06T07:10:52.3284258Z","primaryEndpoints":{"dfs":"https://clistoragef4ub37ofrb.dfs.core.windows.net/","web":"https://clistoragef4ub37ofrb.z22.web.core.windows.net/","blob":"https://clistoragef4ub37ofrb.blob.core.windows.net/","queue":"https://clistoragef4ub37ofrb.queue.core.windows.net/","table":"https://clistoragef4ub37ofrb.table.core.windows.net/","file":"https://clistoragef4ub37ofrb.file.core.windows.net/"},"primaryLocation":"westus","statusOfPrimary":"available","secondaryLocation":"eastus","statusOfSecondary":"available","secondaryEndpoints":{"dfs":"https://clistoragef4ub37ofrb-secondary.dfs.core.windows.net/","web":"https://clistoragef4ub37ofrb-secondary.z22.web.core.windows.net/","blob":"https://clistoragef4ub37ofrb-secondary.blob.core.windows.net/","queue":"https://clistoragef4ub37ofrb-secondary.queue.core.windows.net/","table":"https://clistoragef4ub37ofrb-secondary.table.core.windows.net/"}}},{"sku":{"name":"Standard_RAGRS","tier":"Standard"},"kind":"StorageV2","id":"/subscriptions/00000000-0000-0000-0000-000000000000/resourceGroups/clitest.rgoy75oyfvt4u5o3romxexcpovba4hlrghjrqpm77wj75trkcodfscqvfhdlbajkgs6/providers/Microsoft.Storage/storageAccounts/clistorageap3nuomssq","name":"clistorageap3nuomssq","type":"Microsoft.Storage/storageAccounts","location":"westus","tags":{},"properties":{"networkAcls":{"bypass":"AzureServices","virtualNetworkRules":[],"ipRules":[],"defaultAction":"Allow"},"supportsHttpsTrafficOnly":false,"encryption":{"services":{"file":{"enabled":true,"lastEnabledTime":"2018-10-16T06:10:36.7352893Z"},"blob":{"enabled":true,"lastEnabledTime":"2018-10-16T06:10:36.7352893Z"}},"keySource":"Microsoft.Storage"},"accessTier":"Hot","provisioningState":"Succeeded","creationTime":"2018-10-16T06:10:36.6571857Z","primaryEndpoints":{"dfs":"https://clistorageap3nuomssq.dfs.core.windows.net/","web":"https://clistorageap3nuomssq.z22.web.core.windows.net/","blob":"https://clistorageap3nuomssq.blob.core.windows.net/","queue":"https://clistorageap3nuomssq.queue.core.windows.net/","table":"https://clistorageap3nuomssq.table.core.windows.net/","file":"https://clistorageap3nuomssq.file.core.windows.net/"},"primaryLocation":"westus","statusOfPrimary":"available","secondaryLocation":"eastus","statusOfSecondary":"available","secondaryEndpoints":{"dfs":"https://clistorageap3nuomssq-secondary.dfs.core.windows.net/","web":"https://clistorageap3nuomssq-secondary.z22.web.core.windows.net/","blob":"https://clistorageap3nuomssq-secondary.blob.core.windows.net/","queue":"https://clistorageap3nuomssq-secondary.queue.core.windows.net/","table":"https://clistorageap3nuomssq-secondary.table.core.windows.net/"}}},{"sku":{"name":"Standard_RAGRS","tier":"Standard"},"kind":"StorageV2","id":"/subscriptions/00000000-0000-0000-0000-000000000000/resourceGroups/storage-v2rt-repro/providers/Microsoft.Storage/storageAccounts/storagesfrepro19","name":"storagesfrepro19","type":"Microsoft.Storage/storageAccounts","location":"centralus","tags":{},"properties":{"networkAcls":{"bypass":"AzureServices","virtualNetworkRules":[],"ipRules":[],"defaultAction":"Allow"},"supportsHttpsTrafficOnly":true,"encryption":{"services":{"file":{"enabled":true,"lastEnabledTime":"2019-02-26T05:05:26.3650238Z"},"blob":{"enabled":true,"lastEnabledTime":"2019-02-26T05:05:26.3650238Z"}},"keySource":"Microsoft.Storage"},"accessTier":"Hot","provisioningState":"Succeeded","creationTime":"2019-02-26T05:05:26.2556326Z","primaryEndpoints":{"dfs":"https://storagesfrepro19.dfs.core.windows.net/","web":"https://storagesfrepro19.z19.web.core.windows.net/","blob":"https://storagesfrepro19.blob.core.windows.net/","queue":"https://storagesfrepro19.queue.core.windows.net/","table":"https://storagesfrepro19.table.core.windows.net/","file":"https://storagesfrepro19.file.core.windows.net/"},"primaryLocation":"centralus","statusOfPrimary":"available","secondaryLocation":"eastus2","statusOfSecondary":"available","secondaryEndpoints":{"dfs":"https://storagesfrepro19-secondary.dfs.core.windows.net/","web":"https://storagesfrepro19-secondary.z19.web.core.windows.net/","blob":"https://storagesfrepro19-secondary.blob.core.windows.net/","queue":"https://storagesfrepro19-secondary.queue.core.windows.net/","table":"https://storagesfrepro19-secondary.table.core.windows.net/"}}},{"sku":{"name":"Standard_RAGRS","tier":"Standard"},"kind":"StorageV2","id":"/subscriptions/00000000-0000-0000-0000-000000000000/resourceGroups/storage-v2rt-repro/providers/Microsoft.Storage/storageAccounts/storagesfrepro14","name":"storagesfrepro14","type":"Microsoft.Storage/storageAccounts","location":"centralus","tags":{},"properties":{"networkAcls":{"bypass":"AzureServices","virtualNetworkRules":[],"ipRules":[],"defaultAction":"Allow"},"supportsHttpsTrafficOnly":true,"encryption":{"services":{"file":{"enabled":true,"lastEnabledTime":"2019-02-26T04:17:40.7661469Z"},"blob":{"enabled":true,"lastEnabledTime":"2019-02-26T04:17:40.7661469Z"}},"keySource":"Microsoft.Storage"},"accessTier":"Hot","provisioningState":"Succeeded","creationTime":"2019-02-26T04:17:40.6880204Z","primaryEndpoints":{"dfs":"https://storagesfrepro14.dfs.core.windows.net/","web":"https://storagesfrepro14.z19.web.core.windows.net/","blob":"https://storagesfrepro14.blob.core.windows.net/","queue":"https://storagesfrepro14.queue.core.windows.net/","table":"https://storagesfrepro14.table.core.windows.net/","file":"https://storagesfrepro14.file.core.windows.net/"},"primaryLocation":"centralus","statusOfPrimary":"available","secondaryLocation":"eastus2","statusOfSecondary":"available","secondaryEndpoints":{"dfs":"https://storagesfrepro14-secondary.dfs.core.windows.net/","web":"https://storagesfrepro14-secondary.z19.web.core.windows.net/","blob":"https://storagesfrepro14-secondary.blob.core.windows.net/","queue":"https://storagesfrepro14-secondary.queue.core.windows.net/","table":"https://storagesfrepro14-secondary.table.core.windows.net/"}}},{"sku":{"name":"Standard_RAGRS","tier":"Standard"},"kind":"StorageV2","id":"/subscriptions/00000000-0000-0000-0000-000000000000/resourceGroups/storage-v2rt-repro/providers/Microsoft.Storage/storageAccounts/storagesfrepro24","name":"storagesfrepro24","type":"Microsoft.Storage/storageAccounts","location":"centralus","tags":{},"properties":{"networkAcls":{"bypass":"AzureServices","virtualNetworkRules":[],"ipRules":[],"defaultAction":"Allow"},"supportsHttpsTrafficOnly":true,"encryption":{"services":{"file":{"enabled":true,"lastEnabledTime":"2019-02-26T05:07:53.2658712Z"},"blob":{"enabled":true,"lastEnabledTime":"2019-02-26T05:07:53.2658712Z"}},"keySource":"Microsoft.Storage"},"accessTier":"Hot","provisioningState":"Succeeded","creationTime":"2019-02-26T05:07:53.1565651Z","primaryEndpoints":{"dfs":"https://storagesfrepro24.dfs.core.windows.net/","web":"https://storagesfrepro24.z19.web.core.windows.net/","blob":"https://storagesfrepro24.blob.core.windows.net/","queue":"https://storagesfrepro24.queue.core.windows.net/","table":"https://storagesfrepro24.table.core.windows.net/","file":"https://storagesfrepro24.file.core.windows.net/"},"primaryLocation":"centralus","statusOfPrimary":"available","secondaryLocation":"eastus2","statusOfSecondary":"available","secondaryEndpoints":{"dfs":"https://storagesfrepro24-secondary.dfs.core.windows.net/","web":"https://storagesfrepro24-secondary.z19.web.core.windows.net/","blob":"https://storagesfrepro24-secondary.blob.core.windows.net/","queue":"https://storagesfrepro24-secondary.queue.core.windows.net/","table":"https://storagesfrepro24-secondary.table.core.windows.net/"}}},{"sku":{"name":"Standard_RAGRS","tier":"Standard"},"kind":"StorageV2","id":"/subscriptions/00000000-0000-0000-0000-000000000000/resourceGroups/storage-v2rt-repro/providers/Microsoft.Storage/storageAccounts/storagesfrepro13","name":"storagesfrepro13","type":"Microsoft.Storage/storageAccounts","location":"centralus","tags":{},"properties":{"networkAcls":{"bypass":"AzureServices","virtualNetworkRules":[],"ipRules":[],"defaultAction":"Allow"},"supportsHttpsTrafficOnly":true,"encryption":{"services":{"file":{"enabled":true,"lastEnabledTime":"2019-02-26T04:16:55.7609361Z"},"blob":{"enabled":true,"lastEnabledTime":"2019-02-26T04:16:55.7609361Z"}},"keySource":"Microsoft.Storage"},"accessTier":"Hot","provisioningState":"Succeeded","creationTime":"2019-02-26T04:16:55.6671828Z","primaryEndpoints":{"dfs":"https://storagesfrepro13.dfs.core.windows.net/","web":"https://storagesfrepro13.z19.web.core.windows.net/","blob":"https://storagesfrepro13.blob.core.windows.net/","queue":"https://storagesfrepro13.queue.core.windows.net/","table":"https://storagesfrepro13.table.core.windows.net/","file":"https://storagesfrepro13.file.core.windows.net/"},"primaryLocation":"centralus","statusOfPrimary":"available","secondaryLocation":"eastus2","statusOfSecondary":"available","secondaryEndpoints":{"dfs":"https://storagesfrepro13-secondary.dfs.core.windows.net/","web":"https://storagesfrepro13-secondary.z19.web.core.windows.net/","blob":"https://storagesfrepro13-secondary.blob.core.windows.net/","queue":"https://storagesfrepro13-secondary.queue.core.windows.net/","table":"https://storagesfrepro13-secondary.table.core.windows.net/"}}},{"sku":{"name":"Standard_RAGRS","tier":"Standard"},"kind":"StorageV2","id":"/subscriptions/00000000-0000-0000-0000-000000000000/resourceGroups/storage-v2rt-repro/providers/Microsoft.Storage/storageAccounts/storagesfrepro23","name":"storagesfrepro23","type":"Microsoft.Storage/storageAccounts","location":"centralus","tags":{},"properties":{"networkAcls":{"bypass":"AzureServices","virtualNetworkRules":[],"ipRules":[],"defaultAction":"Allow"},"supportsHttpsTrafficOnly":true,"encryption":{"services":{"file":{"enabled":true,"lastEnabledTime":"2019-02-26T05:07:29.0846619Z"},"blob":{"enabled":true,"lastEnabledTime":"2019-02-26T05:07:29.0846619Z"}},"keySource":"Microsoft.Storage"},"accessTier":"Hot","provisioningState":"Succeeded","creationTime":"2019-02-26T05:07:29.0065050Z","primaryEndpoints":{"dfs":"https://storagesfrepro23.dfs.core.windows.net/","web":"https://storagesfrepro23.z19.web.core.windows.net/","blob":"https://storagesfrepro23.blob.core.windows.net/","queue":"https://storagesfrepro23.queue.core.windows.net/","table":"https://storagesfrepro23.table.core.windows.net/","file":"https://storagesfrepro23.file.core.windows.net/"},"primaryLocation":"centralus","statusOfPrimary":"available","secondaryLocation":"eastus2","statusOfSecondary":"available","secondaryEndpoints":{"dfs":"https://storagesfrepro23-secondary.dfs.core.windows.net/","web":"https://storagesfrepro23-secondary.z19.web.core.windows.net/","blob":"https://storagesfrepro23-secondary.blob.core.windows.net/","queue":"https://storagesfrepro23-secondary.queue.core.windows.net/","table":"https://storagesfrepro23-secondary.table.core.windows.net/"}}},{"sku":{"name":"Standard_RAGRS","tier":"Standard"},"kind":"StorageV2","id":"/subscriptions/00000000-0000-0000-0000-000000000000/resourceGroups/storage-v2rt-repro/providers/Microsoft.Storage/storageAccounts/storagesfrepro16","name":"storagesfrepro16","type":"Microsoft.Storage/storageAccounts","location":"centralus","tags":{},"properties":{"networkAcls":{"bypass":"AzureServices","virtualNetworkRules":[],"ipRules":[],"defaultAction":"Allow"},"supportsHttpsTrafficOnly":true,"encryption":{"services":{"file":{"enabled":true,"lastEnabledTime":"2019-02-26T04:19:33.1863807Z"},"blob":{"enabled":true,"lastEnabledTime":"2019-02-26T04:19:33.1863807Z"}},"keySource":"Microsoft.Storage"},"accessTier":"Hot","provisioningState":"Succeeded","creationTime":"2019-02-26T04:19:33.0770034Z","primaryEndpoints":{"dfs":"https://storagesfrepro16.dfs.core.windows.net/","web":"https://storagesfrepro16.z19.web.core.windows.net/","blob":"https://storagesfrepro16.blob.core.windows.net/","queue":"https://storagesfrepro16.queue.core.windows.net/","table":"https://storagesfrepro16.table.core.windows.net/","file":"https://storagesfrepro16.file.core.windows.net/"},"primaryLocation":"centralus","statusOfPrimary":"available","secondaryLocation":"eastus2","statusOfSecondary":"available","secondaryEndpoints":{"dfs":"https://storagesfrepro16-secondary.dfs.core.windows.net/","web":"https://storagesfrepro16-secondary.z19.web.core.windows.net/","blob":"https://storagesfrepro16-secondary.blob.core.windows.net/","queue":"https://storagesfrepro16-secondary.queue.core.windows.net/","table":"https://storagesfrepro16-secondary.table.core.windows.net/"}}},{"sku":{"name":"Standard_RAGRS","tier":"Standard"},"kind":"StorageV2","id":"/subscriptions/00000000-0000-0000-0000-000000000000/resourceGroups/storage-v2rt-repro/providers/Microsoft.Storage/storageAccounts/storagesfrepro8","name":"storagesfrepro8","type":"Microsoft.Storage/storageAccounts","location":"centralus","tags":{},"properties":{"networkAcls":{"bypass":"AzureServices","virtualNetworkRules":[],"ipRules":[],"defaultAction":"Allow"},"supportsHttpsTrafficOnly":true,"encryption":{"services":{"file":{"enabled":true,"lastEnabledTime":"2019-02-26T04:12:39.5221164Z"},"blob":{"enabled":true,"lastEnabledTime":"2019-02-26T04:12:39.5221164Z"}},"keySource":"Microsoft.Storage"},"accessTier":"Hot","provisioningState":"Succeeded","creationTime":"2019-02-26T04:12:39.4283923Z","primaryEndpoints":{"dfs":"https://storagesfrepro8.dfs.core.windows.net/","web":"https://storagesfrepro8.z19.web.core.windows.net/","blob":"https://storagesfrepro8.blob.core.windows.net/","queue":"https://storagesfrepro8.queue.core.windows.net/","table":"https://storagesfrepro8.table.core.windows.net/","file":"https://storagesfrepro8.file.core.windows.net/"},"primaryLocation":"centralus","statusOfPrimary":"available","secondaryLocation":"eastus2","statusOfSecondary":"available","secondaryEndpoints":{"dfs":"https://storagesfrepro8-secondary.dfs.core.windows.net/","web":"https://storagesfrepro8-secondary.z19.web.core.windows.net/","blob":"https://storagesfrepro8-secondary.blob.core.windows.net/","queue":"https://storagesfrepro8-secondary.queue.core.windows.net/","table":"https://storagesfrepro8-secondary.table.core.windows.net/"}}},{"sku":{"name":"Standard_RAGRS","tier":"Standard"},"kind":"StorageV2","id":"/subscriptions/00000000-0000-0000-0000-000000000000/resourceGroups/storage-v2rt-repro/providers/Microsoft.Storage/storageAccounts/storagesfrepro9","name":"storagesfrepro9","type":"Microsoft.Storage/storageAccounts","location":"centralus","tags":{},"properties":{"networkAcls":{"bypass":"AzureServices","virtualNetworkRules":[],"ipRules":[],"defaultAction":"Allow"},"supportsHttpsTrafficOnly":true,"encryption":{"services":{"file":{"enabled":true,"lastEnabledTime":"2019-02-26T04:13:18.1628430Z"},"blob":{"enabled":true,"lastEnabledTime":"2019-02-26T04:13:18.1628430Z"}},"keySource":"Microsoft.Storage"},"accessTier":"Hot","provisioningState":"Succeeded","creationTime":"2019-02-26T04:13:18.0691096Z","primaryEndpoints":{"dfs":"https://storagesfrepro9.dfs.core.windows.net/","web":"https://storagesfrepro9.z19.web.core.windows.net/","blob":"https://storagesfrepro9.blob.core.windows.net/","queue":"https://storagesfrepro9.queue.core.windows.net/","table":"https://storagesfrepro9.table.core.windows.net/","file":"https://storagesfrepro9.file.core.windows.net/"},"primaryLocation":"centralus","statusOfPrimary":"available","secondaryLocation":"eastus2","statusOfSecondary":"available","secondaryEndpoints":{"dfs":"https://storagesfrepro9-secondary.dfs.core.windows.net/","web":"https://storagesfrepro9-secondary.z19.web.core.windows.net/","blob":"https://storagesfrepro9-secondary.blob.core.windows.net/","queue":"https://storagesfrepro9-secondary.queue.core.windows.net/","table":"https://storagesfrepro9-secondary.table.core.windows.net/"}}},{"sku":{"name":"Standard_RAGRS","tier":"Standard"},"kind":"StorageV2","id":"/subscriptions/00000000-0000-0000-0000-000000000000/resourceGroups/storage-v2rt-repro/providers/Microsoft.Storage/storageAccounts/storagesfrepro4","name":"storagesfrepro4","type":"Microsoft.Storage/storageAccounts","location":"centralus","tags":{},"properties":{"networkAcls":{"bypass":"AzureServices","virtualNetworkRules":[],"ipRules":[],"defaultAction":"Allow"},"supportsHttpsTrafficOnly":true,"encryption":{"services":{"file":{"enabled":true,"lastEnabledTime":"2019-02-26T04:09:54.9930953Z"},"blob":{"enabled":true,"lastEnabledTime":"2019-02-26T04:09:54.9930953Z"}},"keySource":"Microsoft.Storage"},"accessTier":"Hot","provisioningState":"Succeeded","creationTime":"2019-02-26T04:09:54.8993063Z","primaryEndpoints":{"dfs":"https://storagesfrepro4.dfs.core.windows.net/","web":"https://storagesfrepro4.z19.web.core.windows.net/","blob":"https://storagesfrepro4.blob.core.windows.net/","queue":"https://storagesfrepro4.queue.core.windows.net/","table":"https://storagesfrepro4.table.core.windows.net/","file":"https://storagesfrepro4.file.core.windows.net/"},"primaryLocation":"centralus","statusOfPrimary":"available","secondaryLocation":"eastus2","statusOfSecondary":"available","secondaryEndpoints":{"dfs":"https://storagesfrepro4-secondary.dfs.core.windows.net/","web":"https://storagesfrepro4-secondary.z19.web.core.windows.net/","blob":"https://storagesfrepro4-secondary.blob.core.windows.net/","queue":"https://storagesfrepro4-secondary.queue.core.windows.net/","table":"https://storagesfrepro4-secondary.table.core.windows.net/"}}},{"sku":{"name":"Standard_RAGRS","tier":"Standard"},"kind":"StorageV2","id":"/subscriptions/00000000-0000-0000-0000-000000000000/resourceGroups/storage-v2rt-repro/providers/Microsoft.Storage/storageAccounts/storagesfrepro5","name":"storagesfrepro5","type":"Microsoft.Storage/storageAccounts","location":"centralus","tags":{},"properties":{"networkAcls":{"bypass":"AzureServices","virtualNetworkRules":[],"ipRules":[],"defaultAction":"Allow"},"supportsHttpsTrafficOnly":true,"encryption":{"services":{"file":{"enabled":true,"lastEnabledTime":"2019-02-26T04:10:48.1114395Z"},"blob":{"enabled":true,"lastEnabledTime":"2019-02-26T04:10:48.1114395Z"}},"keySource":"Microsoft.Storage"},"accessTier":"Hot","provisioningState":"Succeeded","creationTime":"2019-02-26T04:10:48.0177273Z","primaryEndpoints":{"dfs":"https://storagesfrepro5.dfs.core.windows.net/","web":"https://storagesfrepro5.z19.web.core.windows.net/","blob":"https://storagesfrepro5.blob.core.windows.net/","queue":"https://storagesfrepro5.queue.core.windows.net/","table":"https://storagesfrepro5.table.core.windows.net/","file":"https://storagesfrepro5.file.core.windows.net/"},"primaryLocation":"centralus","statusOfPrimary":"available","secondaryLocation":"eastus2","statusOfSecondary":"available","secondaryEndpoints":{"dfs":"https://storagesfrepro5-secondary.dfs.core.windows.net/","web":"https://storagesfrepro5-secondary.z19.web.core.windows.net/","blob":"https://storagesfrepro5-secondary.blob.core.windows.net/","queue":"https://storagesfrepro5-secondary.queue.core.windows.net/","table":"https://storagesfrepro5-secondary.table.core.windows.net/"}}},{"sku":{"name":"Standard_RAGRS","tier":"Standard"},"kind":"StorageV2","id":"/subscriptions/00000000-0000-0000-0000-000000000000/resourceGroups/storage-v2rt-repro/providers/Microsoft.Storage/storageAccounts/storagesfrepro6","name":"storagesfrepro6","type":"Microsoft.Storage/storageAccounts","location":"centralus","tags":{},"properties":{"networkAcls":{"bypass":"AzureServices","virtualNetworkRules":[],"ipRules":[],"defaultAction":"Allow"},"supportsHttpsTrafficOnly":true,"encryption":{"services":{"file":{"enabled":true,"lastEnabledTime":"2019-02-26T04:11:28.0269117Z"},"blob":{"enabled":true,"lastEnabledTime":"2019-02-26T04:11:28.0269117Z"}},"keySource":"Microsoft.Storage"},"accessTier":"Hot","provisioningState":"Succeeded","creationTime":"2019-02-26T04:11:27.9331594Z","primaryEndpoints":{"dfs":"https://storagesfrepro6.dfs.core.windows.net/","web":"https://storagesfrepro6.z19.web.core.windows.net/","blob":"https://storagesfrepro6.blob.core.windows.net/","queue":"https://storagesfrepro6.queue.core.windows.net/","table":"https://storagesfrepro6.table.core.windows.net/","file":"https://storagesfrepro6.file.core.windows.net/"},"primaryLocation":"centralus","statusOfPrimary":"available","secondaryLocation":"eastus2","statusOfSecondary":"available","secondaryEndpoints":{"dfs":"https://storagesfrepro6-secondary.dfs.core.windows.net/","web":"https://storagesfrepro6-secondary.z19.web.core.windows.net/","blob":"https://storagesfrepro6-secondary.blob.core.windows.net/","queue":"https://storagesfrepro6-secondary.queue.core.windows.net/","table":"https://storagesfrepro6-secondary.table.core.windows.net/"}}},{"sku":{"name":"Standard_RAGRS","tier":"Standard"},"kind":"StorageV2","id":"/subscriptions/00000000-0000-0000-0000-000000000000/resourceGroups/storage-v2rt-repro/providers/Microsoft.Storage/storageAccounts/storagesfrepro7","name":"storagesfrepro7","type":"Microsoft.Storage/storageAccounts","location":"centralus","tags":{},"properties":{"networkAcls":{"bypass":"AzureServices","virtualNetworkRules":[],"ipRules":[],"defaultAction":"Allow"},"supportsHttpsTrafficOnly":true,"encryption":{"services":{"file":{"enabled":true,"lastEnabledTime":"2019-02-26T04:12:08.7761892Z"},"blob":{"enabled":true,"lastEnabledTime":"2019-02-26T04:12:08.7761892Z"}},"keySource":"Microsoft.Storage"},"accessTier":"Hot","provisioningState":"Succeeded","creationTime":"2019-02-26T04:12:08.6824637Z","primaryEndpoints":{"dfs":"https://storagesfrepro7.dfs.core.windows.net/","web":"https://storagesfrepro7.z19.web.core.windows.net/","blob":"https://storagesfrepro7.blob.core.windows.net/","queue":"https://storagesfrepro7.queue.core.windows.net/","table":"https://storagesfrepro7.table.core.windows.net/","file":"https://storagesfrepro7.file.core.windows.net/"},"primaryLocation":"centralus","statusOfPrimary":"available","secondaryLocation":"eastus2","statusOfSecondary":"available","secondaryEndpoints":{"dfs":"https://storagesfrepro7-secondary.dfs.core.windows.net/","web":"https://storagesfrepro7-secondary.z19.web.core.windows.net/","blob":"https://storagesfrepro7-secondary.blob.core.windows.net/","queue":"https://storagesfrepro7-secondary.queue.core.windows.net/","table":"https://storagesfrepro7-secondary.table.core.windows.net/"}}},{"sku":{"name":"Standard_RAGRS","tier":"Standard"},"kind":"StorageV2","id":"/subscriptions/00000000-0000-0000-0000-000000000000/resourceGroups/storage-v2rt-repro/providers/Microsoft.Storage/storageAccounts/storagesfrepro1","name":"storagesfrepro1","type":"Microsoft.Storage/storageAccounts","location":"centralus","tags":{},"properties":{"networkAcls":{"bypass":"AzureServices","virtualNetworkRules":[],"ipRules":[],"defaultAction":"Allow"},"supportsHttpsTrafficOnly":true,"encryption":{"services":{"file":{"enabled":true,"lastEnabledTime":"2019-02-26T04:07:42.2058942Z"},"blob":{"enabled":true,"lastEnabledTime":"2019-02-26T04:07:42.2058942Z"}},"keySource":"Microsoft.Storage"},"accessTier":"Hot","provisioningState":"Succeeded","creationTime":"2019-02-26T04:07:42.1277444Z","primaryEndpoints":{"dfs":"https://storagesfrepro1.dfs.core.windows.net/","web":"https://storagesfrepro1.z19.web.core.windows.net/","blob":"https://storagesfrepro1.blob.core.windows.net/","queue":"https://storagesfrepro1.queue.core.windows.net/","table":"https://storagesfrepro1.table.core.windows.net/","file":"https://storagesfrepro1.file.core.windows.net/"},"primaryLocation":"centralus","statusOfPrimary":"available","secondaryLocation":"eastus2","statusOfSecondary":"available","secondaryEndpoints":{"dfs":"https://storagesfrepro1-secondary.dfs.core.windows.net/","web":"https://storagesfrepro1-secondary.z19.web.core.windows.net/","blob":"https://storagesfrepro1-secondary.blob.core.windows.net/","queue":"https://storagesfrepro1-secondary.queue.core.windows.net/","table":"https://storagesfrepro1-secondary.table.core.windows.net/"}}},{"sku":{"name":"Standard_RAGRS","tier":"Standard"},"kind":"StorageV2","id":"/subscriptions/00000000-0000-0000-0000-000000000000/resourceGroups/storage-v2rt-repro/providers/Microsoft.Storage/storageAccounts/storagesfrepro2","name":"storagesfrepro2","type":"Microsoft.Storage/storageAccounts","location":"centralus","tags":{},"properties":{"networkAcls":{"bypass":"AzureServices","virtualNetworkRules":[],"ipRules":[],"defaultAction":"Allow"},"supportsHttpsTrafficOnly":true,"encryption":{"services":{"file":{"enabled":true,"lastEnabledTime":"2019-02-26T04:08:45.8498203Z"},"blob":{"enabled":true,"lastEnabledTime":"2019-02-26T04:08:45.8498203Z"}},"keySource":"Microsoft.Storage"},"accessTier":"Hot","provisioningState":"Succeeded","creationTime":"2019-02-26T04:08:45.7717196Z","primaryEndpoints":{"dfs":"https://storagesfrepro2.dfs.core.windows.net/","web":"https://storagesfrepro2.z19.web.core.windows.net/","blob":"https://storagesfrepro2.blob.core.windows.net/","queue":"https://storagesfrepro2.queue.core.windows.net/","table":"https://storagesfrepro2.table.core.windows.net/","file":"https://storagesfrepro2.file.core.windows.net/"},"primaryLocation":"centralus","statusOfPrimary":"available","secondaryLocation":"eastus2","statusOfSecondary":"available","secondaryEndpoints":{"dfs":"https://storagesfrepro2-secondary.dfs.core.windows.net/","web":"https://storagesfrepro2-secondary.z19.web.core.windows.net/","blob":"https://storagesfrepro2-secondary.blob.core.windows.net/","queue":"https://storagesfrepro2-secondary.queue.core.windows.net/","table":"https://storagesfrepro2-secondary.table.core.windows.net/"}}},{"sku":{"name":"Standard_RAGRS","tier":"Standard"},"kind":"StorageV2","id":"/subscriptions/00000000-0000-0000-0000-000000000000/resourceGroups/storage-v2rt-repro/providers/Microsoft.Storage/storageAccounts/storagesfrepro3","name":"storagesfrepro3","type":"Microsoft.Storage/storageAccounts","location":"centralus","tags":{},"properties":{"networkAcls":{"bypass":"AzureServices","virtualNetworkRules":[],"ipRules":[],"defaultAction":"Allow"},"supportsHttpsTrafficOnly":true,"encryption":{"services":{"file":{"enabled":true,"lastEnabledTime":"2019-02-26T04:09:19.5698333Z"},"blob":{"enabled":true,"lastEnabledTime":"2019-02-26T04:09:19.5698333Z"}},"keySource":"Microsoft.Storage"},"accessTier":"Hot","provisioningState":"Succeeded","creationTime":"2019-02-26T04:09:19.3510997Z","primaryEndpoints":{"dfs":"https://storagesfrepro3.dfs.core.windows.net/","web":"https://storagesfrepro3.z19.web.core.windows.net/","blob":"https://storagesfrepro3.blob.core.windows.net/","queue":"https://storagesfrepro3.queue.core.windows.net/","table":"https://storagesfrepro3.table.core.windows.net/","file":"https://storagesfrepro3.file.core.windows.net/"},"primaryLocation":"centralus","statusOfPrimary":"available","secondaryLocation":"eastus2","statusOfSecondary":"available","secondaryEndpoints":{"dfs":"https://storagesfrepro3-secondary.dfs.core.windows.net/","web":"https://storagesfrepro3-secondary.z19.web.core.windows.net/","blob":"https://storagesfrepro3-secondary.blob.core.windows.net/","queue":"https://storagesfrepro3-secondary.queue.core.windows.net/","table":"https://storagesfrepro3-secondary.table.core.windows.net/"}}},{"sku":{"name":"Standard_RAGRS","tier":"Standard"},"kind":"StorageV2","id":"/subscriptions/00000000-0000-0000-0000-000000000000/resourceGroups/storage-v2rt-repro/providers/Microsoft.Storage/storageAccounts/storagesfrepro15","name":"storagesfrepro15","type":"Microsoft.Storage/storageAccounts","location":"centralus","tags":{},"properties":{"networkAcls":{"bypass":"AzureServices","virtualNetworkRules":[],"ipRules":[],"defaultAction":"Allow"},"supportsHttpsTrafficOnly":true,"encryption":{"services":{"file":{"enabled":true,"lastEnabledTime":"2019-02-26T04:18:52.1812445Z"},"blob":{"enabled":true,"lastEnabledTime":"2019-02-26T04:18:52.1812445Z"}},"keySource":"Microsoft.Storage"},"accessTier":"Hot","provisioningState":"Succeeded","creationTime":"2019-02-26T04:18:52.0718543Z","primaryEndpoints":{"dfs":"https://storagesfrepro15.dfs.core.windows.net/","web":"https://storagesfrepro15.z19.web.core.windows.net/","blob":"https://storagesfrepro15.blob.core.windows.net/","queue":"https://storagesfrepro15.queue.core.windows.net/","table":"https://storagesfrepro15.table.core.windows.net/","file":"https://storagesfrepro15.file.core.windows.net/"},"primaryLocation":"centralus","statusOfPrimary":"available","secondaryLocation":"eastus2","statusOfSecondary":"available","secondaryEndpoints":{"dfs":"https://storagesfrepro15-secondary.dfs.core.windows.net/","web":"https://storagesfrepro15-secondary.z19.web.core.windows.net/","blob":"https://storagesfrepro15-secondary.blob.core.windows.net/","queue":"https://storagesfrepro15-secondary.queue.core.windows.net/","table":"https://storagesfrepro15-secondary.table.core.windows.net/"}}},{"sku":{"name":"Standard_RAGRS","tier":"Standard"},"kind":"StorageV2","id":"/subscriptions/00000000-0000-0000-0000-000000000000/resourceGroups/storage-v2rt-repro/providers/Microsoft.Storage/storageAccounts/storagesfrepro25","name":"storagesfrepro25","type":"Microsoft.Storage/storageAccounts","location":"centralus","tags":{},"properties":{"networkAcls":{"bypass":"AzureServices","virtualNetworkRules":[],"ipRules":[],"defaultAction":"Allow"},"supportsHttpsTrafficOnly":true,"encryption":{"services":{"file":{"enabled":true,"lastEnabledTime":"2019-02-26T05:08:18.7432319Z"},"blob":{"enabled":true,"lastEnabledTime":"2019-02-26T05:08:18.7432319Z"}},"keySource":"Microsoft.Storage"},"accessTier":"Hot","provisioningState":"Succeeded","creationTime":"2019-02-26T05:08:18.6338258Z","primaryEndpoints":{"dfs":"https://storagesfrepro25.dfs.core.windows.net/","web":"https://storagesfrepro25.z19.web.core.windows.net/","blob":"https://storagesfrepro25.blob.core.windows.net/","queue":"https://storagesfrepro25.queue.core.windows.net/","table":"https://storagesfrepro25.table.core.windows.net/","file":"https://storagesfrepro25.file.core.windows.net/"},"primaryLocation":"centralus","statusOfPrimary":"available","secondaryLocation":"eastus2","statusOfSecondary":"available","secondaryEndpoints":{"dfs":"https://storagesfrepro25-secondary.dfs.core.windows.net/","web":"https://storagesfrepro25-secondary.z19.web.core.windows.net/","blob":"https://storagesfrepro25-secondary.blob.core.windows.net/","queue":"https://storagesfrepro25-secondary.queue.core.windows.net/","table":"https://storagesfrepro25-secondary.table.core.windows.net/"}}},{"sku":{"name":"Standard_RAGRS","tier":"Standard"},"kind":"StorageV2","id":"/subscriptions/00000000-0000-0000-0000-000000000000/resourceGroups/storage-v2rt-repro/providers/Microsoft.Storage/storageAccounts/storagesfrepro10","name":"storagesfrepro10","type":"Microsoft.Storage/storageAccounts","location":"centralus","tags":{},"properties":{"networkAcls":{"bypass":"AzureServices","virtualNetworkRules":[],"ipRules":[],"defaultAction":"Allow"},"supportsHttpsTrafficOnly":true,"encryption":{"services":{"file":{"enabled":true,"lastEnabledTime":"2019-02-26T04:14:00.8753334Z"},"blob":{"enabled":true,"lastEnabledTime":"2019-02-26T04:14:00.8753334Z"}},"keySource":"Microsoft.Storage"},"accessTier":"Hot","provisioningState":"Succeeded","creationTime":"2019-02-26T04:14:00.7815921Z","primaryEndpoints":{"dfs":"https://storagesfrepro10.dfs.core.windows.net/","web":"https://storagesfrepro10.z19.web.core.windows.net/","blob":"https://storagesfrepro10.blob.core.windows.net/","queue":"https://storagesfrepro10.queue.core.windows.net/","table":"https://storagesfrepro10.table.core.windows.net/","file":"https://storagesfrepro10.file.core.windows.net/"},"primaryLocation":"centralus","statusOfPrimary":"available","secondaryLocation":"eastus2","statusOfSecondary":"available","secondaryEndpoints":{"dfs":"https://storagesfrepro10-secondary.dfs.core.windows.net/","web":"https://storagesfrepro10-secondary.z19.web.core.windows.net/","blob":"https://storagesfrepro10-secondary.blob.core.windows.net/","queue":"https://storagesfrepro10-secondary.queue.core.windows.net/","table":"https://storagesfrepro10-secondary.table.core.windows.net/"}}},{"sku":{"name":"Standard_RAGRS","tier":"Standard"},"kind":"StorageV2","id":"/subscriptions/00000000-0000-0000-0000-000000000000/resourceGroups/storage-v2rt-repro/providers/Microsoft.Storage/storageAccounts/storagesfrepro20","name":"storagesfrepro20","type":"Microsoft.Storage/storageAccounts","location":"centralus","tags":{},"properties":{"networkAcls":{"bypass":"AzureServices","virtualNetworkRules":[],"ipRules":[],"defaultAction":"Allow"},"supportsHttpsTrafficOnly":true,"encryption":{"services":{"file":{"enabled":true,"lastEnabledTime":"2019-02-26T05:06:07.4295934Z"},"blob":{"enabled":true,"lastEnabledTime":"2019-02-26T05:06:07.4295934Z"}},"keySource":"Microsoft.Storage"},"accessTier":"Hot","provisioningState":"Succeeded","creationTime":"2019-02-26T05:06:07.3358422Z","primaryEndpoints":{"dfs":"https://storagesfrepro20.dfs.core.windows.net/","web":"https://storagesfrepro20.z19.web.core.windows.net/","blob":"https://storagesfrepro20.blob.core.windows.net/","queue":"https://storagesfrepro20.queue.core.windows.net/","table":"https://storagesfrepro20.table.core.windows.net/","file":"https://storagesfrepro20.file.core.windows.net/"},"primaryLocation":"centralus","statusOfPrimary":"available","secondaryLocation":"eastus2","statusOfSecondary":"available","secondaryEndpoints":{"dfs":"https://storagesfrepro20-secondary.dfs.core.windows.net/","web":"https://storagesfrepro20-secondary.z19.web.core.windows.net/","blob":"https://storagesfrepro20-secondary.blob.core.windows.net/","queue":"https://storagesfrepro20-secondary.queue.core.windows.net/","table":"https://storagesfrepro20-secondary.table.core.windows.net/"}}},{"sku":{"name":"Standard_RAGRS","tier":"Standard"},"kind":"StorageV2","id":"/subscriptions/00000000-0000-0000-0000-000000000000/resourceGroups/storage-v2rt-repro/providers/Microsoft.Storage/storageAccounts/storagesfrepro18","name":"storagesfrepro18","type":"Microsoft.Storage/storageAccounts","location":"centralus","tags":{},"properties":{"networkAcls":{"bypass":"AzureServices","virtualNetworkRules":[],"ipRules":[],"defaultAction":"Allow"},"supportsHttpsTrafficOnly":true,"encryption":{"services":{"file":{"enabled":true,"lastEnabledTime":"2019-02-26T05:04:53.8320772Z"},"blob":{"enabled":true,"lastEnabledTime":"2019-02-26T05:04:53.8320772Z"}},"keySource":"Microsoft.Storage"},"accessTier":"Hot","provisioningState":"Succeeded","creationTime":"2019-02-26T05:04:53.7383176Z","primaryEndpoints":{"dfs":"https://storagesfrepro18.dfs.core.windows.net/","web":"https://storagesfrepro18.z19.web.core.windows.net/","blob":"https://storagesfrepro18.blob.core.windows.net/","queue":"https://storagesfrepro18.queue.core.windows.net/","table":"https://storagesfrepro18.table.core.windows.net/","file":"https://storagesfrepro18.file.core.windows.net/"},"primaryLocation":"centralus","statusOfPrimary":"available","secondaryLocation":"eastus2","statusOfSecondary":"available","secondaryEndpoints":{"dfs":"https://storagesfrepro18-secondary.dfs.core.windows.net/","web":"https://storagesfrepro18-secondary.z19.web.core.windows.net/","blob":"https://storagesfrepro18-secondary.blob.core.windows.net/","queue":"https://storagesfrepro18-secondary.queue.core.windows.net/","table":"https://storagesfrepro18-secondary.table.core.windows.net/"}}},{"sku":{"name":"Standard_RAGRS","tier":"Standard"},"kind":"StorageV2","id":"/subscriptions/00000000-0000-0000-0000-000000000000/resourceGroups/storage-v2rt-repro/providers/Microsoft.Storage/storageAccounts/storagesfrepro17","name":"storagesfrepro17","type":"Microsoft.Storage/storageAccounts","location":"centralus","tags":{},"properties":{"networkAcls":{"bypass":"AzureServices","virtualNetworkRules":[],"ipRules":[],"defaultAction":"Allow"},"supportsHttpsTrafficOnly":true,"encryption":{"services":{"file":{"enabled":true,"lastEnabledTime":"2019-02-26T05:04:23.5553513Z"},"blob":{"enabled":true,"lastEnabledTime":"2019-02-26T05:04:23.5553513Z"}},"keySource":"Microsoft.Storage"},"accessTier":"Hot","provisioningState":"Succeeded","creationTime":"2019-02-26T05:04:23.4771469Z","primaryEndpoints":{"dfs":"https://storagesfrepro17.dfs.core.windows.net/","web":"https://storagesfrepro17.z19.web.core.windows.net/","blob":"https://storagesfrepro17.blob.core.windows.net/","queue":"https://storagesfrepro17.queue.core.windows.net/","table":"https://storagesfrepro17.table.core.windows.net/","file":"https://storagesfrepro17.file.core.windows.net/"},"primaryLocation":"centralus","statusOfPrimary":"available","secondaryLocation":"eastus2","statusOfSecondary":"available","secondaryEndpoints":{"dfs":"https://storagesfrepro17-secondary.dfs.core.windows.net/","web":"https://storagesfrepro17-secondary.z19.web.core.windows.net/","blob":"https://storagesfrepro17-secondary.blob.core.windows.net/","queue":"https://storagesfrepro17-secondary.queue.core.windows.net/","table":"https://storagesfrepro17-secondary.table.core.windows.net/"}}},{"sku":{"name":"Standard_RAGRS","tier":"Standard"},"kind":"StorageV2","id":"/subscriptions/00000000-0000-0000-0000-000000000000/resourceGroups/storage-v2rt-repro/providers/Microsoft.Storage/storageAccounts/storagesfrepro12","name":"storagesfrepro12","type":"Microsoft.Storage/storageAccounts","location":"centralus","tags":{},"properties":{"networkAcls":{"bypass":"AzureServices","virtualNetworkRules":[],"ipRules":[],"defaultAction":"Allow"},"supportsHttpsTrafficOnly":true,"encryption":{"services":{"file":{"enabled":true,"lastEnabledTime":"2019-02-26T04:15:15.6785362Z"},"blob":{"enabled":true,"lastEnabledTime":"2019-02-26T04:15:15.6785362Z"}},"keySource":"Microsoft.Storage"},"accessTier":"Hot","provisioningState":"Succeeded","creationTime":"2019-02-26T04:15:15.5848345Z","primaryEndpoints":{"dfs":"https://storagesfrepro12.dfs.core.windows.net/","web":"https://storagesfrepro12.z19.web.core.windows.net/","blob":"https://storagesfrepro12.blob.core.windows.net/","queue":"https://storagesfrepro12.queue.core.windows.net/","table":"https://storagesfrepro12.table.core.windows.net/","file":"https://storagesfrepro12.file.core.windows.net/"},"primaryLocation":"centralus","statusOfPrimary":"available","secondaryLocation":"eastus2","statusOfSecondary":"available","secondaryEndpoints":{"dfs":"https://storagesfrepro12-secondary.dfs.core.windows.net/","web":"https://storagesfrepro12-secondary.z19.web.core.windows.net/","blob":"https://storagesfrepro12-secondary.blob.core.windows.net/","queue":"https://storagesfrepro12-secondary.queue.core.windows.net/","table":"https://storagesfrepro12-secondary.table.core.windows.net/"}}},{"sku":{"name":"Standard_RAGRS","tier":"Standard"},"kind":"StorageV2","id":"/subscriptions/00000000-0000-0000-0000-000000000000/resourceGroups/storage-v2rt-repro/providers/Microsoft.Storage/storageAccounts/storagesfrepro22","name":"storagesfrepro22","type":"Microsoft.Storage/storageAccounts","location":"centralus","tags":{},"properties":{"networkAcls":{"bypass":"AzureServices","virtualNetworkRules":[],"ipRules":[],"defaultAction":"Allow"},"supportsHttpsTrafficOnly":true,"encryption":{"services":{"file":{"enabled":true,"lastEnabledTime":"2019-02-26T05:06:59.8295391Z"},"blob":{"enabled":true,"lastEnabledTime":"2019-02-26T05:06:59.8295391Z"}},"keySource":"Microsoft.Storage"},"accessTier":"Hot","provisioningState":"Succeeded","creationTime":"2019-02-26T05:06:59.7201581Z","primaryEndpoints":{"dfs":"https://storagesfrepro22.dfs.core.windows.net/","web":"https://storagesfrepro22.z19.web.core.windows.net/","blob":"https://storagesfrepro22.blob.core.windows.net/","queue":"https://storagesfrepro22.queue.core.windows.net/","table":"https://storagesfrepro22.table.core.windows.net/","file":"https://storagesfrepro22.file.core.windows.net/"},"primaryLocation":"centralus","statusOfPrimary":"available","secondaryLocation":"eastus2","statusOfSecondary":"available","secondaryEndpoints":{"dfs":"https://storagesfrepro22-secondary.dfs.core.windows.net/","web":"https://storagesfrepro22-secondary.z19.web.core.windows.net/","blob":"https://storagesfrepro22-secondary.blob.core.windows.net/","queue":"https://storagesfrepro22-secondary.queue.core.windows.net/","table":"https://storagesfrepro22-secondary.table.core.windows.net/"}}},{"sku":{"name":"Standard_RAGRS","tier":"Standard"},"kind":"StorageV2","id":"/subscriptions/00000000-0000-0000-0000-000000000000/resourceGroups/storage-v2rt-repro/providers/Microsoft.Storage/storageAccounts/storagesfrepro11","name":"storagesfrepro11","type":"Microsoft.Storage/storageAccounts","location":"centralus","tags":{},"properties":{"networkAcls":{"bypass":"AzureServices","virtualNetworkRules":[],"ipRules":[],"defaultAction":"Allow"},"supportsHttpsTrafficOnly":true,"encryption":{"services":{"file":{"enabled":true,"lastEnabledTime":"2019-02-26T04:14:28.9859417Z"},"blob":{"enabled":true,"lastEnabledTime":"2019-02-26T04:14:28.9859417Z"}},"keySource":"Microsoft.Storage"},"accessTier":"Hot","provisioningState":"Succeeded","creationTime":"2019-02-26T04:14:28.8609347Z","primaryEndpoints":{"dfs":"https://storagesfrepro11.dfs.core.windows.net/","web":"https://storagesfrepro11.z19.web.core.windows.net/","blob":"https://storagesfrepro11.blob.core.windows.net/","queue":"https://storagesfrepro11.queue.core.windows.net/","table":"https://storagesfrepro11.table.core.windows.net/","file":"https://storagesfrepro11.file.core.windows.net/"},"primaryLocation":"centralus","statusOfPrimary":"available","secondaryLocation":"eastus2","statusOfSecondary":"available","secondaryEndpoints":{"dfs":"https://storagesfrepro11-secondary.dfs.core.windows.net/","web":"https://storagesfrepro11-secondary.z19.web.core.windows.net/","blob":"https://storagesfrepro11-secondary.blob.core.windows.net/","queue":"https://storagesfrepro11-secondary.queue.core.windows.net/","table":"https://storagesfrepro11-secondary.table.core.windows.net/"}}},{"sku":{"name":"Standard_RAGRS","tier":"Standard"},"kind":"StorageV2","id":"/subscriptions/00000000-0000-0000-0000-000000000000/resourceGroups/storage-v2rt-repro/providers/Microsoft.Storage/storageAccounts/storagesfrepro21","name":"storagesfrepro21","type":"Microsoft.Storage/storageAccounts","location":"centralus","tags":{},"properties":{"networkAcls":{"bypass":"AzureServices","virtualNetworkRules":[],"ipRules":[],"defaultAction":"Allow"},"supportsHttpsTrafficOnly":true,"encryption":{"services":{"file":{"enabled":true,"lastEnabledTime":"2019-02-26T05:06:37.4780251Z"},"blob":{"enabled":true,"lastEnabledTime":"2019-02-26T05:06:37.4780251Z"}},"keySource":"Microsoft.Storage"},"accessTier":"Hot","provisioningState":"Succeeded","creationTime":"2019-02-26T05:06:37.3686460Z","primaryEndpoints":{"dfs":"https://storagesfrepro21.dfs.core.windows.net/","web":"https://storagesfrepro21.z19.web.core.windows.net/","blob":"https://storagesfrepro21.blob.core.windows.net/","queue":"https://storagesfrepro21.queue.core.windows.net/","table":"https://storagesfrepro21.table.core.windows.net/","file":"https://storagesfrepro21.file.core.windows.net/"},"primaryLocation":"centralus","statusOfPrimary":"available","secondaryLocation":"eastus2","statusOfSecondary":"available","secondaryEndpoints":{"dfs":"https://storagesfrepro21-secondary.dfs.core.windows.net/","web":"https://storagesfrepro21-secondary.z19.web.core.windows.net/","blob":"https://storagesfrepro21-secondary.blob.core.windows.net/","queue":"https://storagesfrepro21-secondary.queue.core.windows.net/","table":"https://storagesfrepro21-secondary.table.core.windows.net/"}}},{"sku":{"name":"Standard_GRS","tier":"Standard"},"kind":"Storage","id":"/subscriptions/00000000-0000-0000-0000-000000000000/resourceGroups/javacsmrg67991/providers/Microsoft.Storage/storageAccounts/stg2c571167cd3","name":"stg2c571167cd3","type":"Microsoft.Storage/storageAccounts","location":"westcentralus","tags":{},"properties":{"networkAcls":{"bypass":"AzureServices","virtualNetworkRules":[],"ipRules":[],"defaultAction":"Allow"},"supportsHttpsTrafficOnly":false,"encryption":{"services":{"file":{"enabled":true,"lastEnabledTime":"2019-02-20T12:44:18.2967407Z"},"blob":{"enabled":true,"lastEnabledTime":"2019-02-20T12:44:18.2967407Z"}},"keySource":"Microsoft.Storage"},"provisioningState":"Succeeded","creationTime":"2019-02-20T12:44:18.2342145Z","primaryEndpoints":{"blob":"https://stg2c571167cd3.blob.core.windows.net/","queue":"https://stg2c571167cd3.queue.core.windows.net/","table":"https://stg2c571167cd3.table.core.windows.net/","file":"https://stg2c571167cd3.file.core.windows.net/"},"primaryLocation":"westcentralus","statusOfPrimary":"available","secondaryLocation":"westus2","statusOfSecondary":"available"}}]}'
    headers:
      cache-control:
      - no-cache
      content-length:
      - '103199'
      content-type:
      - application/json; charset=utf-8
      date:
      - Wed, 24 Apr 2019 22:41:26 GMT
      expires:
      - '-1'
      pragma:
      - no-cache
      strict-transport-security:
      - max-age=31536000; includeSubDomains
      vary:
      - Accept-Encoding
      x-content-type-options:
      - nosniff
      x-ms-original-request-ids:
      - ce5f2a5f-34fd-42b9-8761-db9daad94f0b
      - d9615e85-d1c4-4b55-859e-5404b5159cb7
      - 6aa3165f-2bca-40e9-a4e0-5130e82aac5b
    status:
      code: 200
      message: OK
- request:
    body: '{"sku": {"name": "Standard_GRS"}, "properties": {"supportsHttpsTrafficOnly":
      false}}'
    headers:
      Accept:
      - application/json
      Accept-Encoding:
      - gzip, deflate
      Connection:
      - keep-alive
      Content-Length:
      - '84'
      Content-Type:
      - application/json; charset=utf-8
      User-Agent:
      - python/3.6.6 (Windows-10-10.0.17763-SP0) msrest/0.6.6 msrest_azure/0.4.34
        azure-mgmt-storage/3.1.1 Azure-SDK-For-Python
      accept-language:
      - en-US
    method: PATCH
    uri: https://management.azure.com/subscriptions/00000000-0000-0000-0000-000000000000/resourceGroups/test_mgmt_storage_test_storage_accounts43b8102a/providers/Microsoft.Storage/storageAccounts/pyarmstorage43b8102a?api-version=2018-07-01
  response:
    body:
      string: '{"sku":{"name":"Standard_GRS","tier":"Standard"},"kind":"Storage","id":"/subscriptions/00000000-0000-0000-0000-000000000000/resourceGroups/test_mgmt_storage_test_storage_accounts43b8102a/providers/Microsoft.Storage/storageAccounts/pyarmstorage43b8102a","name":"pyarmstorage43b8102a","type":"Microsoft.Storage/storageAccounts","location":"westus","tags":{},"properties":{"isHnsEnabled":false,"networkAcls":{"bypass":"AzureServices","virtualNetworkRules":[],"ipRules":[],"defaultAction":"Allow"},"supportsHttpsTrafficOnly":false,"encryption":{"services":{"file":{"enabled":true,"lastEnabledTime":"2019-04-24T22:41:05.6595697Z"},"blob":{"enabled":true,"lastEnabledTime":"2019-04-24T22:41:05.6595697Z"}},"keySource":"Microsoft.Storage"},"provisioningState":"Succeeded","creationTime":"2019-04-24T22:41:05.5033111Z","primaryEndpoints":{"blob":"https://pyarmstorage43b8102a.blob.core.windows.net/","queue":"https://pyarmstorage43b8102a.queue.core.windows.net/","table":"https://pyarmstorage43b8102a.table.core.windows.net/","file":"https://pyarmstorage43b8102a.file.core.windows.net/"},"primaryLocation":"westus","statusOfPrimary":"available","secondaryLocation":"eastus","statusOfSecondary":"available"}}'
    headers:
      cache-control:
      - no-cache
      content-length:
      - '1199'
      content-type:
      - application/json
      date:
      - Wed, 24 Apr 2019 22:41:27 GMT
      expires:
      - '-1'
      pragma:
      - no-cache
      server:
      - Microsoft-Azure-Storage-Resource-Provider/1.0,Microsoft-HTTPAPI/2.0 Microsoft-HTTPAPI/2.0
      strict-transport-security:
      - max-age=31536000; includeSubDomains
      transfer-encoding:
      - chunked
      vary:
      - Accept-Encoding
      x-content-type-options:
      - nosniff
      x-ms-ratelimit-remaining-subscription-writes:
      - '1199'
    status:
      code: 200
      message: OK
- request:
    body: null
    headers:
      Accept:
      - application/json
      Accept-Encoding:
      - gzip, deflate
      Connection:
      - keep-alive
      Content-Length:
      - '0'
      User-Agent:
      - python/3.6.6 (Windows-10-10.0.17763-SP0) msrest/0.6.6 msrest_azure/0.4.34
        azure-mgmt-storage/3.1.1 Azure-SDK-For-Python
      accept-language:
      - en-US
    method: DELETE
    uri: https://management.azure.com/subscriptions/00000000-0000-0000-0000-000000000000/resourceGroups/test_mgmt_storage_test_storage_accounts43b8102a/providers/Microsoft.Storage/storageAccounts/pyarmstorage43b8102a?api-version=2018-07-01
  response:
    body:
      string: ''
    headers:
      cache-control:
      - no-cache
      content-length:
      - '0'
      content-type:
      - text/plain; charset=utf-8
      date:
      - Wed, 24 Apr 2019 22:41:28 GMT
      expires:
      - '-1'
      pragma:
      - no-cache
      server:
      - Microsoft-Azure-Storage-Resource-Provider/1.0,Microsoft-HTTPAPI/2.0 Microsoft-HTTPAPI/2.0
      strict-transport-security:
      - max-age=31536000; includeSubDomains
      x-content-type-options:
      - nosniff
      x-ms-ratelimit-remaining-subscription-deletes:
      - '14999'
    status:
      code: 200
      message: OK
version: 1
