{
  "Entries": [
    {
      "RequestUri": "https://login.microsoftonline.com/00000000-0000-0000-0000-000000000000/v2.0/.well-known/openid-configuration",
      "RequestMethod": "GET",
      "RequestHeaders": {
        "Accept": "*/*",
        "Accept-Encoding": "gzip, deflate",
        "Connection": "keep-alive",
        "User-Agent": "azsdk-python-identity/1.7.2 Python/3.8.8 (Windows-10-10.0.19041-SP0)"
      },
      "RequestBody": null,
      "StatusCode": 200,
      "ResponseHeaders": {
        "Access-Control-Allow-Methods": "GET, OPTIONS",
        "Access-Control-Allow-Origin": "*",
        "Cache-Control": "max-age=86400, private",
        "Content-Length": "1753",
        "Content-Type": "application/json; charset=utf-8",
        "Date": "Fri, 31 Dec 2021 08:02:29 GMT",
        "P3P": "CP=\u0022DSP CUR OTPi IND OTRi ONL FIN\u0022",
        "Set-Cookie": [
          "fpc=AhmnIWfImbhIhL_GFLAkQgE; expires=Sun, 30-Jan-2022 08:02:30 GMT; path=/; secure; HttpOnly; SameSite=None",
          "esctx=AQABAAAAAAD--DLA3VO7QrddgJg7WevrBVEe3C7knTx7j6T0r9WU_lbCd1FhQbknwgJbe1oaLTvV0dHgkqgq_h3A_eGTqGXwYRnDQroqR1iy8ZBIySK2mvXWhrDLqtT-BpjGRN5tWmwSLqLh68CNatfQEHZ7T1yXOgL1ui8nVaB-QHZFfGPhaMXZ5XQtHqit42JM7tsz9uggAA; domain=.login.microsoftonline.com; path=/; secure; HttpOnly; SameSite=None",
          "x-ms-gateway-slice=estsfd; path=/; secure; samesite=none; httponly",
          "stsservicecookie=estsfd; path=/; secure; samesite=none; httponly"
        ],
        "Strict-Transport-Security": "max-age=31536000; includeSubDomains",
        "X-Content-Type-Options": "nosniff",
        "x-ms-ests-server": "2.1.12261.17 - WUS2 ProdSlices",
        "x-ms-request-id": "81f1a1e6-9c4e-4809-a9a8-deea40c9e801"
      },
      "ResponseBody": {
        "token_endpoint": "https://login.microsoftonline.com/00000000-0000-0000-0000-000000000000/oauth2/v2.0/token",
        "token_endpoint_auth_methods_supported": [
          "client_secret_post",
          "private_key_jwt",
          "client_secret_basic"
        ],
        "jwks_uri": "https://login.microsoftonline.com/00000000-0000-0000-0000-000000000000/discovery/v2.0/keys",
        "response_modes_supported": [
          "query",
          "fragment",
          "form_post"
        ],
        "subject_types_supported": [
          "pairwise"
        ],
        "id_token_signing_alg_values_supported": [
          "RS256"
        ],
        "response_types_supported": [
          "code",
          "id_token",
          "code id_token",
          "id_token token"
        ],
        "scopes_supported": [
          "openid",
          "profile",
          "email",
          "offline_access"
        ],
        "issuer": "https://login.microsoftonline.com/00000000-0000-0000-0000-000000000000/v2.0",
        "request_uri_parameter_supported": false,
        "userinfo_endpoint": "https://graph.microsoft.com/oidc/userinfo",
        "authorization_endpoint": "https://login.microsoftonline.com/00000000-0000-0000-0000-000000000000/oauth2/v2.0/authorize",
        "device_authorization_endpoint": "https://login.microsoftonline.com/00000000-0000-0000-0000-000000000000/oauth2/v2.0/devicecode",
        "http_logout_supported": true,
        "frontchannel_logout_supported": true,
        "end_session_endpoint": "https://login.microsoftonline.com/00000000-0000-0000-0000-000000000000/oauth2/v2.0/logout",
        "claims_supported": [
          "sub",
          "iss",
          "cloud_instance_name",
          "cloud_instance_host_name",
          "cloud_graph_host_name",
          "msgraph_host",
          "aud",
          "exp",
          "iat",
          "auth_time",
          "acr",
          "nonce",
          "preferred_username",
          "name",
          "tid",
          "ver",
          "at_hash",
          "c_hash",
          "email"
        ],
        "kerberos_endpoint": "https://login.microsoftonline.com/00000000-0000-0000-0000-000000000000/kerberos",
        "tenant_region_scope": "NA",
        "cloud_instance_name": "microsoftonline.com",
        "cloud_graph_host_name": "graph.windows.net",
        "msgraph_host": "graph.microsoft.com",
        "rbac_url": "https://pas.windows.net"
      }
    },
    {
      "RequestUri": "https://login.microsoftonline.com/common/discovery/instance?api-version=1.1\u0026authorization_endpoint=https://login.microsoftonline.com/common/oauth2/authorize",
      "RequestMethod": "GET",
      "RequestHeaders": {
        "Accept": "application/json",
        "Accept-Encoding": "gzip, deflate",
        "Connection": "keep-alive",
        "Cookie": "fpc=AhmnIWfImbhIhL_GFLAkQgE; stsservicecookie=estsfd; x-ms-gateway-slice=estsfd",
        "User-Agent": "azsdk-python-identity/1.7.2 Python/3.8.8 (Windows-10-10.0.19041-SP0)"
      },
      "RequestBody": null,
      "StatusCode": 200,
      "ResponseHeaders": {
        "Access-Control-Allow-Methods": "GET, OPTIONS",
        "Access-Control-Allow-Origin": "*",
        "Cache-Control": "max-age=86400, private",
        "Content-Length": "945",
        "Content-Type": "application/json; charset=utf-8",
        "Date": "Fri, 31 Dec 2021 08:02:30 GMT",
        "P3P": "CP=\u0022DSP CUR OTPi IND OTRi ONL FIN\u0022",
        "Set-Cookie": [
          "fpc=AhmnIWfImbhIhL_GFLAkQgE; expires=Sun, 30-Jan-2022 08:02:30 GMT; path=/; secure; HttpOnly; SameSite=None",
          "x-ms-gateway-slice=estsfd; path=/; secure; samesite=none; httponly",
          "stsservicecookie=estsfd; path=/; secure; samesite=none; httponly"
        ],
        "Strict-Transport-Security": "max-age=31536000; includeSubDomains",
        "X-Content-Type-Options": "nosniff",
        "x-ms-ests-server": "2.1.12261.17 - KRSLR2 ProdSlices",
        "x-ms-request-id": "a7a49b2d-3454-45ce-8098-cdf46a693b00"
      },
      "ResponseBody": {
        "tenant_discovery_endpoint": "https://login.microsoftonline.com/common/.well-known/openid-configuration",
        "api-version": "1.1",
        "metadata": [
          {
            "preferred_network": "login.microsoftonline.com",
            "preferred_cache": "login.windows.net",
            "aliases": [
              "login.microsoftonline.com",
              "login.windows.net",
              "login.microsoft.com",
              "sts.windows.net"
            ]
          },
          {
            "preferred_network": "login.partner.microsoftonline.cn",
            "preferred_cache": "login.partner.microsoftonline.cn",
            "aliases": [
              "login.partner.microsoftonline.cn",
              "login.chinacloudapi.cn"
            ]
          },
          {
            "preferred_network": "login.microsoftonline.de",
            "preferred_cache": "login.microsoftonline.de",
            "aliases": [
              "login.microsoftonline.de"
            ]
          },
          {
            "preferred_network": "login.microsoftonline.us",
            "preferred_cache": "login.microsoftonline.us",
            "aliases": [
              "login.microsoftonline.us",
              "login.usgovcloudapi.net"
            ]
          },
          {
            "preferred_network": "login-us.microsoftonline.com",
            "preferred_cache": "login-us.microsoftonline.com",
            "aliases": [
              "login-us.microsoftonline.com"
            ]
          }
        ]
      }
    },
    {
      "RequestUri": "https://login.microsoftonline.com/00000000-0000-0000-0000-000000000000/oauth2/v2.0/token",
      "RequestMethod": "POST",
      "RequestHeaders": {
        "Accept": "application/json",
        "Accept-Encoding": "gzip, deflate",
        "client-request-id": "3de1811e-2166-48de-84f7-b7336b83822c",
        "Connection": "keep-alive",
        "Content-Length": "289",
        "Content-Type": "application/x-www-form-urlencoded",
        "Cookie": "fpc=AhmnIWfImbhIhL_GFLAkQgE; stsservicecookie=estsfd; x-ms-gateway-slice=estsfd",
        "User-Agent": "azsdk-python-identity/1.7.2 Python/3.8.8 (Windows-10-10.0.19041-SP0)",
        "x-client-cpu": "x64",
        "x-client-current-telemetry": "4|730,0|",
        "x-client-last-telemetry": "4|0|||",
        "x-client-os": "win32",
        "x-client-sku": "MSAL.Python",
        "x-client-ver": "1.16.0",
        "x-ms-lib-capability": "retry-after, h429"
      },
      "RequestBody": "client_id=a2df54d5-ab03-4725-9b80-9a00b3b1967f\u0026grant_type=client_credentials\u0026client_info=1\u0026client_secret=0vj7Q~IsFayrD0V_8oyOfygU-GE3ELOabq95a\u0026claims=%7B%22access_token%22%3A\u002B%7B%22xms_cc%22%3A\u002B%7B%22values%22%3A\u002B%5B%22CP1%22%5D%7D%7D%7D\u0026scope=https%3A%2F%2Fmanagement.azure.com%2F.default",
      "StatusCode": 200,
      "ResponseHeaders": {
        "Cache-Control": "no-store, no-cache",
        "client-request-id": "3de1811e-2166-48de-84f7-b7336b83822c",
        "Content-Length": "1391",
        "Content-Type": "application/json; charset=utf-8",
        "Date": "Fri, 31 Dec 2021 08:02:30 GMT",
        "Expires": "-1",
        "P3P": "CP=\u0022DSP CUR OTPi IND OTRi ONL FIN\u0022",
        "Pragma": "no-cache",
        "Set-Cookie": [
          "fpc=AhmnIWfImbhIhL_GFLAkQgGZHqKEAQAAABawYNkOAAAA; expires=Sun, 30-Jan-2022 08:02:31 GMT; path=/; secure; HttpOnly; SameSite=None",
          "x-ms-gateway-slice=estsfd; path=/; secure; samesite=none; httponly",
          "stsservicecookie=estsfd; path=/; secure; samesite=none; httponly"
        ],
        "Strict-Transport-Security": "max-age=31536000; includeSubDomains",
        "X-Content-Type-Options": "nosniff",
        "x-ms-clitelem": "1,0,0,,",
        "x-ms-ests-server": "2.1.12261.17 - WUS2 ProdSlices",
        "x-ms-request-id": "81f1a1e6-9c4e-4809-a9a8-deea4cc9e801"
      },
      "ResponseBody": {
        "token_type": "Bearer",
        "expires_in": 3599,
        "ext_expires_in": 3599,
        "access_token": "eyJ0eXAiOiJKV1QiLCJhbGciOiJSUzI1NiIsIng1dCI6Ik1yNS1BVWliZkJpaTdOZDFqQmViYXhib1hXMCIsImtpZCI6Ik1yNS1BVWliZkJpaTdOZDFqQmViYXhib1hXMCJ9.eyJhdWQiOiJodHRwczovL21hbmFnZW1lbnQuYXp1cmUuY29tIiwiaXNzIjoiaHR0cHM6Ly9zdHMud2luZG93cy5uZXQvNTQ4MjZiMjItMzhkNi00ZmIyLWJhZDktYjdiOTNhM2U5YzVhLyIsImlhdCI6MTY0MDkzNzQ1MCwibmJmIjoxNjQwOTM3NDUwLCJleHAiOjE2NDA5NDEzNTAsImFpbyI6IkUyWmdZTmpMRmJUL2hObjJoNnFTQnc2MUxuNXpGZ0E9IiwiYXBwaWQiOiJhMmRmNTRkNS1hYjAzLTQ3MjUtOWI4MC05YTAwYjNiMTk2N2YiLCJhcHBpZGFjciI6IjEiLCJpZHAiOiJodHRwczovL3N0cy53aW5kb3dzLm5ldC81NDgyNmIyMi0zOGQ2LTRmYjItYmFkOS1iN2I5M2EzZTljNWEvIiwiaWR0eXAiOiJhcHAiLCJvaWQiOiI4ODdjNDJiMS03OTQ2LTRjMjItYmFhNi0xNTA0M2U0YjEzMjMiLCJyaCI6IjAuQVRjQUltdUNWTlk0c2stNjJiZTVPajZjV3RWVTM2SURxeVZIbTRDYUFMT3hsbjgzQUFBLiIsInN1YiI6Ijg4N2M0MmIxLTc5NDYtNGMyMi1iYWE2LTE1MDQzZTRiMTMyMyIsInRpZCI6IjU0ODI2YjIyLTM4ZDYtNGZiMi1iYWQ5LWI3YjkzYTNlOWM1YSIsInV0aSI6IjVxSHhnVTZjQ1VpcHFON3FUTW5vQVEiLCJ2ZXIiOiIxLjAiLCJ4bXNfY2MiOlsiQ1AxIl0sInhtc190Y2R0IjoxNDEyMjA2ODQwfQ.we1J3SAk3-dkT8xptQH1DuB809isVQnWZSAsD_wKKgnZhD-zUGm-4coRB7XOaZQ23JTuqGMtJNI4FDajalL-vyxYH2o2kb-seGQn3C8mvq2SnMYROkypFcdspzJxPRvJPVIIuBLmPBrmv4YPWgPQjoZSdlHeao7u561Xq1WUanoPBiv8qEK3-2HdaRGL9RgGDIJRFj8sKedjkmeSO_nNGeJ3WmOGUVYN3RDPOiTR3iKpmP8o_JgCJslYczEzSCSYoxlUapaF87dwa5jnfRJDl9gGbzHJEsHgguP7hzWDfJJ9NZV2oCfv-4hkPKm8f_MpxWTMzvGLyvek9yXfjhpSOQ"
      }
    },
    {
      "RequestUri": "https://management.azure.com/subscriptions/00000000-0000-0000-0000-000000000000/resourceGroups/rgname/providers/Microsoft.EventGrid/domains/domainc98a23ef?api-version=2021-12-01",
      "RequestMethod": "PUT",
      "RequestHeaders": {
        "Accept": "application/json",
        "Accept-Encoding": "gzip, deflate",
        "Authorization": "Sanitized",
        "Connection": "keep-alive",
        "Content-Length": "27",
        "Content-Type": "application/json",
        "User-Agent": "azsdk-python-mgmt-eventgrid/10.1.0 Python/3.8.8 (Windows-10-10.0.19041-SP0)",
        "x-ms-client-request-id": "ffb176dd-6a0f-11ec-ab2a-70b5e82527ff"
      },
      "RequestBody": "{\u0022location\u0022: \u0022eastus2euap\u0022}",
      "StatusCode": 201,
      "ResponseHeaders": {
        "Azure-AsyncOperation": "https://management.azure.com:443/subscriptions/00000000-0000-0000-0000-000000000000/providers/Microsoft.EventGrid/locations/eastus2euap/operationsStatus/04031F2E-EFD3-4910-B50C-6052585762C8?api-version=2021-12-01",
        "Cache-Control": "no-cache",
        "Content-Length": "295",
        "Content-Type": "application/json; charset=utf-8",
        "Date": "Fri, 31 Dec 2021 08:02:39 GMT",
        "Expires": "-1",
        "Pragma": "no-cache",
        "Retry-After": "10",
        "Server": "Microsoft-HTTPAPI/2.0",
        "Strict-Transport-Security": "max-age=31536000; includeSubDomains",
        "X-Content-Type-Options": "nosniff",
        "x-ms-correlation-request-id": "df8f42e2-e033-49a8-a036-eb7962513c91",
        "x-ms-ratelimit-remaining-subscription-writes": "1199",
        "x-ms-request-id": "a8ff1018-3c76-4d67-aca9-15a2b1772ce7",
        "x-ms-routing-request-id": "SOUTHEASTASIA:20211231T080240Z:df8f42e2-e033-49a8-a036-eb7962513c91"
      },
      "ResponseBody": {
        "properties": {
          "provisioningState": "Creating",
          "endpoint": null
        },
        "location": "eastus2euap",
        "tags": null,
        "id": "/subscriptions/00000000-0000-0000-0000-000000000000/resourceGroups/rgname/providers/Microsoft.EventGrid/domains/domainc98a23ef",
        "name": "domainc98a23ef",
        "type": "Microsoft.EventGrid/domains"
      }
    },
    {
      "RequestUri": "https://management.azure.com/subscriptions/00000000-0000-0000-0000-000000000000/providers/Microsoft.EventGrid/locations/eastus2euap/operationsStatus/04031F2E-EFD3-4910-B50C-6052585762C8?api-version=2021-12-01",
      "RequestMethod": "GET",
      "RequestHeaders": {
        "Accept": "*/*",
        "Accept-Encoding": "gzip, deflate",
        "Authorization": "Sanitized",
        "Connection": "keep-alive",
        "User-Agent": "azsdk-python-mgmt-eventgrid/10.1.0 Python/3.8.8 (Windows-10-10.0.19041-SP0)",
        "x-ms-client-request-id": "ffb176dd-6a0f-11ec-ab2a-70b5e82527ff"
      },
      "RequestBody": null,
      "StatusCode": 200,
      "ResponseHeaders": {
        "Cache-Control": "no-cache",
        "Content-Encoding": "gzip",
        "Content-Type": "application/json; charset=utf-8",
        "Date": "Fri, 31 Dec 2021 08:02:50 GMT",
        "Expires": "-1",
        "Pragma": "no-cache",
        "Server": "Microsoft-HTTPAPI/2.0",
        "Strict-Transport-Security": "max-age=31536000; includeSubDomains",
        "Transfer-Encoding": "chunked",
        "Vary": "Accept-Encoding",
        "X-Content-Type-Options": "nosniff",
        "x-ms-correlation-request-id": "a6992ebe-32a8-4a5f-a607-11cffa817317",
        "x-ms-ratelimit-remaining-subscription-reads": "11999",
        "x-ms-request-id": "48e897d5-3c9e-404d-b7fc-81c94404ad28",
        "x-ms-routing-request-id": "SOUTHEASTASIA:20211231T080251Z:a6992ebe-32a8-4a5f-a607-11cffa817317"
      },
      "ResponseBody": {
        "id": "https://management.azure.com/subscriptions/00000000-0000-0000-0000-000000000000/providers/Microsoft.EventGrid/locations/eastus2euap/operationsStatus/04031F2E-EFD3-4910-B50C-6052585762C8?api-version=2021-12-01",
        "name": "04031f2e-efd3-4910-b50c-6052585762c8",
        "status": "Succeeded"
      }
    },
    {
      "RequestUri": "https://management.azure.com/subscriptions/00000000-0000-0000-0000-000000000000/resourceGroups/rgname/providers/Microsoft.EventGrid/domains/domainc98a23ef?api-version=2021-12-01",
      "RequestMethod": "GET",
      "RequestHeaders": {
        "Accept": "*/*",
        "Accept-Encoding": "gzip, deflate",
        "Authorization": "Sanitized",
        "Connection": "keep-alive",
        "User-Agent": "azsdk-python-mgmt-eventgrid/10.1.0 Python/3.8.8 (Windows-10-10.0.19041-SP0)",
        "x-ms-client-request-id": "ffb176dd-6a0f-11ec-ab2a-70b5e82527ff"
      },
      "RequestBody": null,
      "StatusCode": 200,
      "ResponseHeaders": {
        "Cache-Control": "no-cache",
        "Content-Encoding": "gzip",
        "Content-Type": "application/json; charset=utf-8",
        "Date": "Fri, 31 Dec 2021 08:02:50 GMT",
        "Expires": "-1",
        "Pragma": "no-cache",
        "Server": "Microsoft-HTTPAPI/2.0",
        "Strict-Transport-Security": "max-age=31536000; includeSubDomains",
        "Transfer-Encoding": "chunked",
        "Vary": "Accept-Encoding",
        "X-Content-Type-Options": "nosniff",
        "x-ms-correlation-request-id": "62c62da3-a2ee-4dd3-ab05-7b6cff4b1f18",
        "x-ms-ratelimit-remaining-subscription-reads": "11998",
        "x-ms-request-id": "548c5238-8dba-4df0-8f94-926ae98b9bdd",
        "x-ms-routing-request-id": "SOUTHEASTASIA:20211231T080251Z:62c62da3-a2ee-4dd3-ab05-7b6cff4b1f18"
      },
      "ResponseBody": {
        "properties": {
          "provisioningState": "Succeeded",
          "endpoint": "https://domainc98a23ef.eastus2euap-1.eventgrid.azure.net/api/events",
          "inputSchema": "EventGridSchema",
          "metricResourceId": "9bfdfd4d-404e-41f4-9f26-f403d610582d",
          "publicNetworkAccess": "Enabled"
        },
        "location": "eastus2euap",
        "tags": null,
        "id": "/subscriptions/00000000-0000-0000-0000-000000000000/resourceGroups/rgname/providers/Microsoft.EventGrid/domains/domainc98a23ef",
        "name": "domainc98a23ef",
        "type": "Microsoft.EventGrid/domains"
      }
    },
    {
      "RequestUri": "https://management.azure.com/subscriptions/00000000-0000-0000-0000-000000000000/resourceGroups/rgname/providers/Microsoft.EventGrid/domains/domainc98a23ef?api-version=2021-12-01",
      "RequestMethod": "PATCH",
      "RequestHeaders": {
        "Accept": "application/json",
        "Accept-Encoding": "gzip, deflate",
        "Authorization": "Sanitized",
        "Connection": "keep-alive",
        "Content-Length": "46",
        "Content-Type": "application/json",
        "User-Agent": "azsdk-python-mgmt-eventgrid/10.1.0 Python/3.8.8 (Windows-10-10.0.19041-SP0)",
        "x-ms-client-request-id": "0cda8529-6a10-11ec-9361-70b5e82527ff"
      },
      "RequestBody": "{\u0022tags\u0022: {\u0022tag1\u0022: \u0022value1\u0022, \u0022tag2\u0022: \u0022value2\u0022}}",
      "StatusCode": 201,
      "ResponseHeaders": {
        "Azure-AsyncOperation": "https://management.azure.com:443/subscriptions/00000000-0000-0000-0000-000000000000/providers/Microsoft.EventGrid/locations/eastus2euap/operationsStatus/B6824368-69A2-43DA-81C3-FE3354CF9B18?api-version=2021-12-01",
        "Cache-Control": "no-cache",
        "Content-Length": "511",
        "Content-Type": "application/json; charset=utf-8",
        "Date": "Fri, 31 Dec 2021 08:02:56 GMT",
        "Expires": "-1",
        "Pragma": "no-cache",
        "Retry-After": "10",
        "Server": "Microsoft-HTTPAPI/2.0",
        "Strict-Transport-Security": "max-age=31536000; includeSubDomains",
        "X-Content-Type-Options": "nosniff",
        "x-ms-correlation-request-id": "fd5e03cb-c0d4-40a3-b24b-120d12feadef",
        "x-ms-ratelimit-remaining-subscription-writes": "1198",
        "x-ms-request-id": "5e2dc635-1d97-465d-8de5-6bf25e6efe10",
        "x-ms-routing-request-id": "SOUTHEASTASIA:20211231T080256Z:fd5e03cb-c0d4-40a3-b24b-120d12feadef"
      },
      "ResponseBody": {
        "properties": {
          "provisioningState": "Updating",
          "endpoint": "https://domainc98a23ef.eastus2euap-1.eventgrid.azure.net/api/events",
          "inputSchema": "EventGridSchema",
          "metricResourceId": "9bfdfd4d-404e-41f4-9f26-f403d610582d",
          "publicNetworkAccess": "Enabled"
        },
        "location": "eastus2euap",
        "tags": {
          "tag1": "value1",
          "tag2": "value2"
        },
        "id": "/subscriptions/00000000-0000-0000-0000-000000000000/resourceGroups/rgname/providers/Microsoft.EventGrid/domains/domainc98a23ef",
        "name": "domainc98a23ef",
        "type": "Microsoft.EventGrid/domains"
      }
    },
    {
      "RequestUri": "https://management.azure.com/subscriptions/00000000-0000-0000-0000-000000000000/providers/Microsoft.EventGrid/locations/eastus2euap/operationsStatus/B6824368-69A2-43DA-81C3-FE3354CF9B18?api-version=2021-12-01",
      "RequestMethod": "GET",
      "RequestHeaders": {
        "Accept": "*/*",
        "Accept-Encoding": "gzip, deflate",
        "Authorization": "Sanitized",
        "Connection": "keep-alive",
        "User-Agent": "azsdk-python-mgmt-eventgrid/10.1.0 Python/3.8.8 (Windows-10-10.0.19041-SP0)",
        "x-ms-client-request-id": "0cda8529-6a10-11ec-9361-70b5e82527ff"
      },
      "RequestBody": null,
      "StatusCode": 200,
      "ResponseHeaders": {
        "Cache-Control": "no-cache",
        "Content-Encoding": "gzip",
        "Content-Type": "application/json; charset=utf-8",
        "Date": "Fri, 31 Dec 2021 08:03:06 GMT",
        "Expires": "-1",
        "Pragma": "no-cache",
        "Server": "Microsoft-HTTPAPI/2.0",
        "Strict-Transport-Security": "max-age=31536000; includeSubDomains",
        "Transfer-Encoding": "chunked",
        "Vary": "Accept-Encoding",
        "X-Content-Type-Options": "nosniff",
        "x-ms-correlation-request-id": "5e41cbfe-37e4-483d-9eec-7caffc96b77d",
        "x-ms-ratelimit-remaining-subscription-reads": "11997",
        "x-ms-request-id": "626b5b84-7dc9-4673-bb8a-84f3e37812cf",
        "x-ms-routing-request-id": "SOUTHEASTASIA:20211231T080306Z:5e41cbfe-37e4-483d-9eec-7caffc96b77d"
      },
      "ResponseBody": {
        "id": "https://management.azure.com/subscriptions/00000000-0000-0000-0000-000000000000/providers/Microsoft.EventGrid/locations/eastus2euap/operationsStatus/B6824368-69A2-43DA-81C3-FE3354CF9B18?api-version=2021-12-01",
        "name": "b6824368-69a2-43da-81c3-fe3354cf9b18",
        "status": "Succeeded"
      }
    },
    {
      "RequestUri": "https://management.azure.com/subscriptions/00000000-0000-0000-0000-000000000000/resourceGroups/rgname/providers/Microsoft.EventGrid/domains/domainc98a23ef?api-version=2021-12-01",
      "RequestMethod": "GET",
      "RequestHeaders": {
        "Accept": "*/*",
        "Accept-Encoding": "gzip, deflate",
        "Authorization": "Sanitized",
        "Connection": "keep-alive",
        "User-Agent": "azsdk-python-mgmt-eventgrid/10.1.0 Python/3.8.8 (Windows-10-10.0.19041-SP0)",
        "x-ms-client-request-id": "0cda8529-6a10-11ec-9361-70b5e82527ff"
      },
      "RequestBody": null,
      "StatusCode": 200,
      "ResponseHeaders": {
        "Cache-Control": "no-cache",
        "Content-Encoding": "gzip",
        "Content-Type": "application/json; charset=utf-8",
        "Date": "Fri, 31 Dec 2021 08:03:06 GMT",
        "Expires": "-1",
        "Pragma": "no-cache",
        "Server": "Microsoft-HTTPAPI/2.0",
        "Strict-Transport-Security": "max-age=31536000; includeSubDomains",
        "Transfer-Encoding": "chunked",
        "Vary": "Accept-Encoding",
        "X-Content-Type-Options": "nosniff",
        "x-ms-correlation-request-id": "bd0e3098-f43f-40dd-af5b-e9827936980f",
        "x-ms-ratelimit-remaining-subscription-reads": "11996",
        "x-ms-request-id": "64888ed6-4e74-4908-af8e-7326e729a14d",
        "x-ms-routing-request-id": "SOUTHEASTASIA:20211231T080306Z:bd0e3098-f43f-40dd-af5b-e9827936980f"
      },
      "ResponseBody": {
        "properties": {
          "provisioningState": "Succeeded",
          "endpoint": "https://domainc98a23ef.eastus2euap-1.eventgrid.azure.net/api/events",
          "inputSchema": "EventGridSchema",
          "metricResourceId": "9bfdfd4d-404e-41f4-9f26-f403d610582d",
          "publicNetworkAccess": "Enabled"
        },
        "location": "eastus2euap",
        "tags": {
          "tag1": "value1",
          "tag2": "value2"
        },
        "id": "/subscriptions/00000000-0000-0000-0000-000000000000/resourceGroups/rgname/providers/Microsoft.EventGrid/domains/domainc98a23ef",
        "name": "domainc98a23ef",
        "type": "Microsoft.EventGrid/domains"
      }
    },
    {
      "RequestUri": "https://management.azure.com/subscriptions/00000000-0000-0000-0000-000000000000/resourceGroups/rgname/providers/Microsoft.EventGrid/domains/domainc98a23ef?api-version=2021-12-01",
      "RequestMethod": "GET",
      "RequestHeaders": {
        "Accept": "application/json",
        "Accept-Encoding": "gzip, deflate",
        "Authorization": "Sanitized",
        "Connection": "keep-alive",
        "User-Agent": "azsdk-python-mgmt-eventgrid/10.1.0 Python/3.8.8 (Windows-10-10.0.19041-SP0)",
        "x-ms-client-request-id": "15fa722f-6a10-11ec-8b33-70b5e82527ff"
      },
      "RequestBody": null,
      "StatusCode": 200,
      "ResponseHeaders": {
        "Cache-Control": "no-cache",
        "Content-Encoding": "gzip",
        "Content-Type": "application/json; charset=utf-8",
        "Date": "Fri, 31 Dec 2021 08:03:07 GMT",
        "Expires": "-1",
        "Pragma": "no-cache",
        "Server": "Microsoft-HTTPAPI/2.0",
        "Strict-Transport-Security": "max-age=31536000; includeSubDomains",
        "Transfer-Encoding": "chunked",
        "Vary": "Accept-Encoding",
        "X-Content-Type-Options": "nosniff",
        "x-ms-correlation-request-id": "ea197a65-274e-449c-863c-9d779f36dc87",
        "x-ms-ratelimit-remaining-subscription-reads": "11995",
        "x-ms-request-id": "4ac9a471-85b8-4c66-930e-798ad39a9644",
        "x-ms-routing-request-id": "SOUTHEASTASIA:20211231T080307Z:ea197a65-274e-449c-863c-9d779f36dc87"
      },
      "ResponseBody": {
        "properties": {
          "provisioningState": "Succeeded",
          "endpoint": "https://domainc98a23ef.eastus2euap-1.eventgrid.azure.net/api/events",
          "inputSchema": "EventGridSchema",
          "metricResourceId": "9bfdfd4d-404e-41f4-9f26-f403d610582d",
          "publicNetworkAccess": "Enabled"
        },
        "location": "eastus2euap",
        "tags": {
          "tag1": "value1",
          "tag2": "value2"
        },
        "id": "/subscriptions/00000000-0000-0000-0000-000000000000/resourceGroups/rgname/providers/Microsoft.EventGrid/domains/domainc98a23ef",
        "name": "domainc98a23ef",
        "type": "Microsoft.EventGrid/domains"
      }
    },
    {
      "RequestUri": "https://management.azure.com/subscriptions/00000000-0000-0000-0000-000000000000/resourceGroups/rgname/providers/Microsoft.EventGrid/domains/domainc98a23ef?api-version=2021-12-01",
      "RequestMethod": "DELETE",
      "RequestHeaders": {
        "Accept": "*/*",
        "Accept-Encoding": "gzip, deflate",
        "Authorization": "Sanitized",
        "Connection": "keep-alive",
        "Content-Length": "0",
        "User-Agent": "azsdk-python-mgmt-eventgrid/10.1.0 Python/3.8.8 (Windows-10-10.0.19041-SP0)",
        "x-ms-client-request-id": "163544eb-6a10-11ec-815e-70b5e82527ff"
      },
      "RequestBody": null,
      "StatusCode": 202,
      "ResponseHeaders": {
        "Azure-AsyncOperation": "https://management.azure.com:443/subscriptions/00000000-0000-0000-0000-000000000000/providers/Microsoft.EventGrid/locations/eastus2euap/operationsStatus/FBBE5BDC-47AB-4A93-8E1D-B54367FEB8C6?api-version=2021-12-01",
        "Cache-Control": "no-cache",
        "Content-Length": "0",
        "Date": "Fri, 31 Dec 2021 08:03:08 GMT",
        "Expires": "-1",
        "Location": "https://management.azure.com/subscriptions/00000000-0000-0000-0000-000000000000/providers/Microsoft.EventGrid/locations/eastus2euap/operationResults/FBBE5BDC-47AB-4A93-8E1D-B54367FEB8C6?api-version=2021-12-01",
        "Pragma": "no-cache",
        "Retry-After": "10",
        "Server": "Microsoft-HTTPAPI/2.0",
        "Strict-Transport-Security": "max-age=31536000; includeSubDomains",
        "X-Content-Type-Options": "nosniff",
        "x-ms-correlation-request-id": "b7ef657e-7a89-443c-a95d-47c5e9bb22e8",
        "x-ms-ratelimit-remaining-subscription-deletes": "14999",
        "x-ms-request-id": "b7ef657e-7a89-443c-a95d-47c5e9bb22e8",
        "x-ms-routing-request-id": "SOUTHEASTASIA:20211231T080308Z:b7ef657e-7a89-443c-a95d-47c5e9bb22e8"
      },
      "ResponseBody": null
    },
    {
      "RequestUri": "https://management.azure.com/subscriptions/00000000-0000-0000-0000-000000000000/providers/Microsoft.EventGrid/locations/eastus2euap/operationsStatus/FBBE5BDC-47AB-4A93-8E1D-B54367FEB8C6?api-version=2021-12-01",
      "RequestMethod": "GET",
      "RequestHeaders": {
        "Accept": "*/*",
        "Accept-Encoding": "gzip, deflate",
        "Authorization": "Sanitized",
        "Connection": "keep-alive",
        "User-Agent": "azsdk-python-mgmt-eventgrid/10.1.0 Python/3.8.8 (Windows-10-10.0.19041-SP0)",
        "x-ms-client-request-id": "163544eb-6a10-11ec-815e-70b5e82527ff"
      },
      "RequestBody": null,
      "StatusCode": 200,
      "ResponseHeaders": {
        "Cache-Control": "no-cache",
        "Content-Encoding": "gzip",
        "Content-Type": "application/json; charset=utf-8",
        "Date": "Fri, 31 Dec 2021 08:03:18 GMT",
        "Expires": "-1",
        "Pragma": "no-cache",
        "Server": "Microsoft-HTTPAPI/2.0",
        "Strict-Transport-Security": "max-age=31536000; includeSubDomains",
        "Transfer-Encoding": "chunked",
        "Vary": "Accept-Encoding",
        "X-Content-Type-Options": "nosniff",
        "x-ms-correlation-request-id": "dc56a7df-0d83-4c1a-b4e9-8af84c14add4",
        "x-ms-ratelimit-remaining-subscription-reads": "11994",
        "x-ms-request-id": "0c8fdaad-8a93-4024-9900-6e69dbeec444",
        "x-ms-routing-request-id": "SOUTHEASTASIA:20211231T080318Z:dc56a7df-0d83-4c1a-b4e9-8af84c14add4"
      },
      "ResponseBody": {
        "id": "https://management.azure.com/subscriptions/00000000-0000-0000-0000-000000000000/providers/Microsoft.EventGrid/locations/eastus2euap/operationsStatus/FBBE5BDC-47AB-4A93-8E1D-B54367FEB8C6?api-version=2021-12-01",
        "name": "fbbe5bdc-47ab-4a93-8e1d-b54367feb8c6",
        "status": "Succeeded"
      }
    }
  ],
  "Variables": {}
}
