interactions:
- request:
    body: '{"location": "eastus2euap"}'
    headers:
      Accept:
      - application/json
      Accept-Encoding:
      - gzip, deflate
      Connection:
      - keep-alive
      Content-Length:
      - '27'
      Content-Type:
      - application/json
      User-Agent:
      - azsdk-python-mgmt-eventgrid/10.0.0 Python/3.6.9 (Linux-5.10.16.3-microsoft-standard-WSL2-x86_64-with-Ubuntu-18.04-bionic)
    method: PUT
    uri: https://management.azure.com/subscriptions/00000000-0000-0000-0000-000000000000/resourceGroups/rgname/providers/Microsoft.EventGrid/domains/domain70eb095d?api-version=2021-12-01
  response:
    body:
      string: '{"properties":{"provisioningState":"Creating","endpoint":null},"location":"eastus2euap","tags":null,"id":"/subscriptions/00000000-0000-0000-0000-000000000000/resourceGroups/rgname/providers/Microsoft.EventGrid/domains/domain70eb095d","name":"domain70eb095d","type":"Microsoft.EventGrid/domains"}'
    headers:
      azure-asyncoperation:
      - https://management.azure.com:443/subscriptions/00000000-0000-0000-0000-000000000000/providers/Microsoft.EventGrid/locations/eastus2euap/operationsStatus/E1494F88-F72F-4C15-BB6D-851719C75927?api-version=2021-12-01
      cache-control:
      - no-cache
      content-length:
      - '369'
      content-type:
      - application/json; charset=utf-8
      date:
      - Fri, 05 Nov 2021 06:33:46 GMT
      expires:
      - '-1'
      pragma:
      - no-cache
      server:
      - Microsoft-HTTPAPI/2.0
      strict-transport-security:
      - max-age=31536000; includeSubDomains
      x-content-type-options:
      - nosniff
      x-ms-ratelimit-remaining-subscription-writes:
      - '1198'
    status:
      code: 201
      message: Created
- request:
    body: null
    headers:
      Accept:
      - '*/*'
      Accept-Encoding:
      - gzip, deflate
      Connection:
      - keep-alive
      User-Agent:
      - azsdk-python-mgmt-eventgrid/10.0.0 Python/3.6.9 (Linux-5.10.16.3-microsoft-standard-WSL2-x86_64-with-Ubuntu-18.04-bionic)
    method: GET
    uri: https://management.azure.com/subscriptions/00000000-0000-0000-0000-000000000000/providers/Microsoft.EventGrid/locations/eastus2euap/operationsStatus/E1494F88-F72F-4C15-BB6D-851719C75927?api-version=2021-12-01
  response:
    body:
      string: '{"id":"https://management.azure.com/subscriptions/00000000-0000-0000-0000-000000000000/providers/Microsoft.EventGrid/locations/eastus2euap/operationsStatus/E1494F88-F72F-4C15-BB6D-851719C75927?api-version=2021-12-01","name":"e1494f88-f72f-4c15-bb6d-851719c75927","status":"Succeeded"}'
    headers:
      cache-control:
      - no-cache
      content-length:
      - '284'
      content-type:
      - application/json; charset=utf-8
      date:
      - Fri, 05 Nov 2021 06:33:57 GMT
      expires:
      - '-1'
      pragma:
      - no-cache
      server:
      - Microsoft-HTTPAPI/2.0
      strict-transport-security:
      - max-age=31536000; includeSubDomains
      transfer-encoding:
      - chunked
      vary:
      - Accept-Encoding
      x-content-type-options:
      - nosniff
    status:
      code: 200
      message: OK
- request:
    body: null
    headers:
      Accept:
      - '*/*'
      Accept-Encoding:
      - gzip, deflate
      Connection:
      - keep-alive
      User-Agent:
      - azsdk-python-mgmt-eventgrid/10.0.0 Python/3.6.9 (Linux-5.10.16.3-microsoft-standard-WSL2-x86_64-with-Ubuntu-18.04-bionic)
    method: GET
    uri: https://management.azure.com/subscriptions/00000000-0000-0000-0000-000000000000/resourceGroups/rgname/providers/Microsoft.EventGrid/domains/domain70eb095d?api-version=2021-12-01
  response:
    body:
      string: '{"properties":{"provisioningState":"Succeeded","endpoint":"https://domain70eb095d.eastus2euap-1.eventgrid.azure.net/api/events","inputSchema":"EventGridSchema","metricResourceId":"7cd50d1d-c7d6-4061-b6a5-594fed35abb7","publicNetworkAccess":"Enabled"},"location":"eastus2euap","tags":null,"id":"/subscriptions/00000000-0000-0000-0000-000000000000/resourceGroups/rgname/providers/Microsoft.EventGrid/domains/domain70eb095d","name":"domain70eb095d","type":"Microsoft.EventGrid/domains"}'
    headers:
      cache-control:
      - no-cache
      content-length:
      - '557'
      content-type:
      - application/json; charset=utf-8
      date:
      - Fri, 05 Nov 2021 06:33:57 GMT
      expires:
      - '-1'
      pragma:
      - no-cache
      server:
      - Microsoft-HTTPAPI/2.0
      strict-transport-security:
      - max-age=31536000; includeSubDomains
      transfer-encoding:
      - chunked
      vary:
      - Accept-Encoding
      x-content-type-options:
      - nosniff
    status:
      code: 200
      message: OK
- request:
    body: '{"tags": {"tag1": "value1", "tag2": "value2"}}'
    headers:
      Accept:
      - application/json
      Accept-Encoding:
      - gzip, deflate
      Connection:
      - keep-alive
      Content-Length:
      - '46'
      Content-Type:
      - application/json
      User-Agent:
      - azsdk-python-mgmt-eventgrid/10.0.0 Python/3.6.9 (Linux-5.10.16.3-microsoft-standard-WSL2-x86_64-with-Ubuntu-18.04-bionic)
    method: PATCH
    uri: https://management.azure.com/subscriptions/00000000-0000-0000-0000-000000000000/resourceGroups/rgname/providers/Microsoft.EventGrid/domains/domain70eb095d?api-version=2021-12-01
  response:
    body:
      string: '{"properties":{"provisioningState":"Updating","endpoint":"https://domain70eb095d.eastus2euap-1.eventgrid.azure.net/api/events","inputSchema":"EventGridSchema","metricResourceId":"7cd50d1d-c7d6-4061-b6a5-594fed35abb7","publicNetworkAccess":"Enabled"},"location":"eastus2euap","tags":{"tag1":"value1","tag2":"value2"},"id":"/subscriptions/00000000-0000-0000-0000-000000000000/resourceGroups/rgname/providers/Microsoft.EventGrid/domains/domain70eb095d","name":"domain70eb095d","type":"Microsoft.EventGrid/domains"}'
    headers:
      azure-asyncoperation:
      - https://management.azure.com:443/subscriptions/00000000-0000-0000-0000-000000000000/providers/Microsoft.EventGrid/locations/eastus2euap/operationsStatus/67211BD5-E97D-457F-A548-D3FCA3E877DB?api-version=2021-12-01
      cache-control:
      - no-cache
      content-length:
      - '585'
      content-type:
      - application/json; charset=utf-8
      date:
      - Fri, 05 Nov 2021 06:34:01 GMT
      expires:
      - '-1'
      pragma:
      - no-cache
      server:
      - Microsoft-HTTPAPI/2.0
      strict-transport-security:
      - max-age=31536000; includeSubDomains
      x-content-type-options:
      - nosniff
      x-ms-ratelimit-remaining-subscription-writes:
      - '1197'
    status:
      code: 201
      message: Created
- request:
    body: null
    headers:
      Accept:
      - '*/*'
      Accept-Encoding:
      - gzip, deflate
      Connection:
      - keep-alive
      User-Agent:
      - azsdk-python-mgmt-eventgrid/10.0.0 Python/3.6.9 (Linux-5.10.16.3-microsoft-standard-WSL2-x86_64-with-Ubuntu-18.04-bionic)
    method: GET
    uri: https://management.azure.com/subscriptions/00000000-0000-0000-0000-000000000000/providers/Microsoft.EventGrid/locations/eastus2euap/operationsStatus/67211BD5-E97D-457F-A548-D3FCA3E877DB?api-version=2021-12-01
  response:
    body:
      string: '{"id":"https://management.azure.com/subscriptions/00000000-0000-0000-0000-000000000000/providers/Microsoft.EventGrid/locations/eastus2euap/operationsStatus/67211BD5-E97D-457F-A548-D3FCA3E877DB?api-version=2021-12-01","name":"67211bd5-e97d-457f-a548-d3fca3e877db","status":"Succeeded"}'
    headers:
      cache-control:
      - no-cache
      content-length:
      - '284'
      content-type:
      - application/json; charset=utf-8
      date:
      - Fri, 05 Nov 2021 06:34:11 GMT
      expires:
      - '-1'
      pragma:
      - no-cache
      server:
      - Microsoft-HTTPAPI/2.0
      strict-transport-security:
      - max-age=31536000; includeSubDomains
      transfer-encoding:
      - chunked
      vary:
      - Accept-Encoding
      x-content-type-options:
      - nosniff
    status:
      code: 200
      message: OK
- request:
    body: null
    headers:
      Accept:
      - '*/*'
      Accept-Encoding:
      - gzip, deflate
      Connection:
      - keep-alive
      User-Agent:
      - azsdk-python-mgmt-eventgrid/10.0.0 Python/3.6.9 (Linux-5.10.16.3-microsoft-standard-WSL2-x86_64-with-Ubuntu-18.04-bionic)
    method: GET
    uri: https://management.azure.com/subscriptions/00000000-0000-0000-0000-000000000000/resourceGroups/rgname/providers/Microsoft.EventGrid/domains/domain70eb095d?api-version=2021-12-01
  response:
    body:
      string: '{"properties":{"provisioningState":"Succeeded","endpoint":"https://domain70eb095d.eastus2euap-1.eventgrid.azure.net/api/events","inputSchema":"EventGridSchema","metricResourceId":"7cd50d1d-c7d6-4061-b6a5-594fed35abb7","publicNetworkAccess":"Enabled"},"location":"eastus2euap","tags":{"tag1":"value1","tag2":"value2"},"id":"/subscriptions/00000000-0000-0000-0000-000000000000/resourceGroups/rgname/providers/Microsoft.EventGrid/domains/domain70eb095d","name":"domain70eb095d","type":"Microsoft.EventGrid/domains"}'
    headers:
      cache-control:
      - no-cache
      content-length:
      - '586'
      content-type:
      - application/json; charset=utf-8
      date:
      - Fri, 05 Nov 2021 06:34:12 GMT
      expires:
      - '-1'
      pragma:
      - no-cache
      server:
      - Microsoft-HTTPAPI/2.0
      strict-transport-security:
      - max-age=31536000; includeSubDomains
      transfer-encoding:
      - chunked
      vary:
      - Accept-Encoding
      x-content-type-options:
      - nosniff
    status:
      code: 200
      message: OK
- request:
    body: null
    headers:
      Accept:
      - application/json
      Accept-Encoding:
      - gzip, deflate
      Connection:
      - keep-alive
      User-Agent:
      - azsdk-python-mgmt-eventgrid/10.0.0 Python/3.6.9 (Linux-5.10.16.3-microsoft-standard-WSL2-x86_64-with-Ubuntu-18.04-bionic)
    method: GET
    uri: https://management.azure.com/subscriptions/00000000-0000-0000-0000-000000000000/resourceGroups/rgname/providers/Microsoft.EventGrid/domains/domain70eb095d?api-version=2021-12-01
  response:
    body:
      string: '{"properties":{"provisioningState":"Succeeded","endpoint":"https://domain70eb095d.eastus2euap-1.eventgrid.azure.net/api/events","inputSchema":"EventGridSchema","metricResourceId":"7cd50d1d-c7d6-4061-b6a5-594fed35abb7","publicNetworkAccess":"Enabled"},"location":"eastus2euap","tags":{"tag1":"value1","tag2":"value2"},"id":"/subscriptions/00000000-0000-0000-0000-000000000000/resourceGroups/rgname/providers/Microsoft.EventGrid/domains/domain70eb095d","name":"domain70eb095d","type":"Microsoft.EventGrid/domains"}'
    headers:
      cache-control:
      - no-cache
      content-length:
      - '586'
      content-type:
      - application/json; charset=utf-8
      date:
      - Fri, 05 Nov 2021 06:34:12 GMT
      expires:
      - '-1'
      pragma:
      - no-cache
      server:
      - Microsoft-HTTPAPI/2.0
      strict-transport-security:
      - max-age=31536000; includeSubDomains
      transfer-encoding:
      - chunked
      vary:
      - Accept-Encoding
      x-content-type-options:
      - nosniff
    status:
      code: 200
      message: OK
- request:
    body: null
    headers:
      Accept:
      - '*/*'
      Accept-Encoding:
      - gzip, deflate
      Connection:
      - keep-alive
      Content-Length:
      - '0'
      User-Agent:
      - azsdk-python-mgmt-eventgrid/10.0.0 Python/3.6.9 (Linux-5.10.16.3-microsoft-standard-WSL2-x86_64-with-Ubuntu-18.04-bionic)
    method: DELETE
    uri: https://management.azure.com/subscriptions/00000000-0000-0000-0000-000000000000/resourceGroups/rgname/providers/Microsoft.EventGrid/domains/domain70eb095d?api-version=2021-12-01
  response:
    body:
      string: ''
    headers:
      azure-asyncoperation:
      - https://management.azure.com:443/subscriptions/00000000-0000-0000-0000-000000000000/providers/Microsoft.EventGrid/locations/eastus2euap/operationsStatus/2A715E2F-13FA-42C5-8671-EE162FE2DBB1?api-version=2021-12-01
      cache-control:
      - no-cache
      content-length:
      - '0'
      date:
      - Fri, 05 Nov 2021 06:34:13 GMT
      expires:
      - '-1'
      location:
      - https://management.azure.com/subscriptions/00000000-0000-0000-0000-000000000000/providers/Microsoft.EventGrid/locations/eastus2euap/operationResults/2A715E2F-13FA-42C5-8671-EE162FE2DBB1?api-version=2021-12-01
      pragma:
      - no-cache
      server:
      - Microsoft-HTTPAPI/2.0
      strict-transport-security:
      - max-age=31536000; includeSubDomains
      x-content-type-options:
      - nosniff
      x-ms-ratelimit-remaining-subscription-deletes:
      - '14999'
    status:
      code: 202
      message: Accepted
- request:
    body: null
    headers:
      Accept:
      - '*/*'
      Accept-Encoding:
      - gzip, deflate
      Connection:
      - keep-alive
      User-Agent:
      - azsdk-python-mgmt-eventgrid/10.0.0 Python/3.6.9 (Linux-5.10.16.3-microsoft-standard-WSL2-x86_64-with-Ubuntu-18.04-bionic)
    method: GET
    uri: https://management.azure.com/subscriptions/00000000-0000-0000-0000-000000000000/providers/Microsoft.EventGrid/locations/eastus2euap/operationsStatus/2A715E2F-13FA-42C5-8671-EE162FE2DBB1?api-version=2021-12-01
  response:
    body:
      string: '{"id":"https://management.azure.com/subscriptions/00000000-0000-0000-0000-000000000000/providers/Microsoft.EventGrid/locations/eastus2euap/operationsStatus/2A715E2F-13FA-42C5-8671-EE162FE2DBB1?api-version=2021-12-01","name":"2a715e2f-13fa-42c5-8671-ee162fe2dbb1","status":"Succeeded"}'
    headers:
      cache-control:
      - no-cache
      content-length:
      - '284'
      content-type:
      - application/json; charset=utf-8
      date:
      - Fri, 05 Nov 2021 06:34:24 GMT
      expires:
      - '-1'
      pragma:
      - no-cache
      server:
      - Microsoft-HTTPAPI/2.0
      strict-transport-security:
      - max-age=31536000; includeSubDomains
      transfer-encoding:
      - chunked
      vary:
      - Accept-Encoding
      x-content-type-options:
      - nosniff
    status:
      code: 200
      message: OK
version: 1
