{
  "Entries": [
    {
      "RequestUri": "https://management.azure.com/subscriptions/00000000-0000-0000-0000-000000000/resourceGroups/00000/providers/Microsoft.MachineLearningServices/workspaces/00000/datastores/workspaceblobstore?api-version=2022-05-01",
      "RequestMethod": "GET",
      "RequestHeaders": {
        "Accept": "application/json",
        "Accept-Encoding": "gzip, deflate",
        "Connection": "keep-alive",
        "User-Agent": "azure-ai-ml/1.2.0 azsdk-python-mgmt-machinelearningservices/0.1.0 Python/3.8.13 (Windows-10-10.0.22000-SP0)"
      },
      "RequestBody": null,
      "StatusCode": 200,
      "ResponseHeaders": {
        "Cache-Control": "no-cache",
        "Content-Encoding": "gzip",
        "Content-Type": "application/json; charset=utf-8",
        "Date": "Tue, 13 Dec 2022 04:06:35 GMT",
        "Expires": "-1",
        "Pragma": "no-cache",
        "Request-Context": "appId=cid-v1:2d2e8e63-272e-4b3c-8598-4ee570a0e70d",
        "Server-Timing": "traceparent;desc=\u002200-355991dba45574e95464e8d396eee98b-15ad96551872ecd0-00\u0022",
        "Strict-Transport-Security": "max-age=31536000; includeSubDomains",
        "Transfer-Encoding": "chunked",
        "Vary": [
          "Accept-Encoding",
          "Accept-Encoding"
        ],
        "x-aml-cluster": "vienna-eastus-02",
        "X-Content-Type-Options": "nosniff",
        "x-ms-correlation-request-id": "94f3c57b-f08d-47b1-9232-cdd3b9fbe07a",
        "x-ms-ratelimit-remaining-subscription-reads": "11983",
        "x-ms-response-type": "standard",
        "x-ms-routing-request-id": "JAPANEAST:20221213T040636Z:94f3c57b-f08d-47b1-9232-cdd3b9fbe07a",
        "x-request-time": "0.095"
      },
      "ResponseBody": {
        "id": "/subscriptions/00000000-0000-0000-0000-000000000/resourceGroups/00000/providers/Microsoft.MachineLearningServices/workspaces/00000/datastores/workspaceblobstore",
        "name": "workspaceblobstore",
        "type": "Microsoft.MachineLearningServices/workspaces/datastores",
        "properties": {
          "description": null,
          "tags": null,
          "properties": null,
          "isDefault": true,
          "credentials": {
            "credentialsType": "AccountKey"
          },
          "datastoreType": "AzureBlob",
          "accountName": "sacxbgdhih4ve3q",
          "containerName": "azureml-blobstore-65dca8d8-dcc8-47d3-bdd1-9f9cd1e6f498",
          "endpoint": "core.windows.net",
          "protocol": "https",
          "serviceDataAccessAuthIdentity": "WorkspaceSystemAssignedIdentity"
        },
        "systemData": {
          "createdAt": "2022-11-08T11:29:58.2288214\u002B00:00",
          "createdBy": "779301c0-18b2-4cdc-801b-a0a3368fee0a",
          "createdByType": "Application",
          "lastModifiedAt": "2022-11-08T11:29:58.9186576\u002B00:00",
          "lastModifiedBy": "779301c0-18b2-4cdc-801b-a0a3368fee0a",
          "lastModifiedByType": "Application"
        }
      }
    },
    {
      "RequestUri": "https://management.azure.com/subscriptions/00000000-0000-0000-0000-000000000/resourceGroups/00000/providers/Microsoft.MachineLearningServices/workspaces/00000/datastores/workspaceblobstore/listSecrets?api-version=2022-05-01",
      "RequestMethod": "POST",
      "RequestHeaders": {
        "Accept": "application/json",
        "Accept-Encoding": "gzip, deflate",
        "Connection": "keep-alive",
        "Content-Length": "0",
        "User-Agent": "azure-ai-ml/1.2.0 azsdk-python-mgmt-machinelearningservices/0.1.0 Python/3.8.13 (Windows-10-10.0.22000-SP0)"
      },
      "RequestBody": null,
      "StatusCode": 200,
      "ResponseHeaders": {
        "Cache-Control": "no-cache",
        "Content-Encoding": "gzip",
        "Content-Type": "application/json; charset=utf-8",
        "Date": "Tue, 13 Dec 2022 04:06:36 GMT",
        "Expires": "-1",
        "Pragma": "no-cache",
        "Request-Context": "appId=cid-v1:2d2e8e63-272e-4b3c-8598-4ee570a0e70d",
        "Server-Timing": "traceparent;desc=\u002200-f4e2bb1d924336315e483c866abede02-c84ca9cadc1b9a23-00\u0022",
        "Strict-Transport-Security": "max-age=31536000; includeSubDomains",
        "Transfer-Encoding": "chunked",
        "Vary": "Accept-Encoding",
        "x-aml-cluster": "vienna-eastus-02",
        "X-Content-Type-Options": "nosniff",
        "x-ms-correlation-request-id": "5aae154c-5904-4f01-9e59-2a4d79584b41",
        "x-ms-ratelimit-remaining-subscription-writes": "1191",
        "x-ms-response-type": "standard",
        "x-ms-routing-request-id": "JAPANEAST:20221213T040636Z:5aae154c-5904-4f01-9e59-2a4d79584b41",
        "x-request-time": "0.143"
      },
      "ResponseBody": {
        "secretsType": "AccountKey",
        "key": "dGhpcyBpcyBmYWtlIGtleQ=="
      }
    },
    {
      "RequestUri": "https://sacxbgdhih4ve3q.blob.core.windows.net/azureml-blobstore-65dca8d8-dcc8-47d3-bdd1-9f9cd1e6f498/LocalUpload/000000000000000000000000000000000000/ae365exepool-component/component_spec.yaml",
      "RequestMethod": "HEAD",
      "RequestHeaders": {
        "Accept": "application/xml",
        "Accept-Encoding": "gzip, deflate",
        "Connection": "keep-alive",
        "User-Agent": "azsdk-python-storage-blob/12.13.1 Python/3.8.13 (Windows-10-10.0.22000-SP0)",
        "x-ms-date": "Tue, 13 Dec 2022 04:06:36 GMT",
        "x-ms-version": "2021-08-06"
      },
      "RequestBody": null,
      "StatusCode": 200,
      "ResponseHeaders": {
        "Accept-Ranges": "bytes",
        "Content-Length": "2942",
        "Content-MD5": "NGgo7S55l6/n2jlmYPW0OQ==",
        "Content-Type": "application/octet-stream",
        "Date": "Tue, 13 Dec 2022 04:06:36 GMT",
        "ETag": "\u00220x8DADC1E213CACC9\u0022",
        "Last-Modified": "Mon, 12 Dec 2022 08:51:59 GMT",
        "Server": [
          "Windows-Azure-Blob/1.0",
          "Microsoft-HTTPAPI/2.0"
        ],
        "Vary": "Origin",
        "x-ms-access-tier": "Hot",
        "x-ms-access-tier-inferred": "true",
        "x-ms-blob-type": "BlockBlob",
        "x-ms-creation-time": "Mon, 12 Dec 2022 08:51:58 GMT",
        "x-ms-lease-state": "available",
        "x-ms-lease-status": "unlocked",
        "x-ms-meta-name": "d43326e1-8e93-ea60-9fb2-ebae4ed9e000",
        "x-ms-meta-upload_status": "completed",
        "x-ms-meta-version": "1",
        "x-ms-server-encrypted": "true",
        "x-ms-version": "2021-08-06"
      },
      "ResponseBody": null
    },
    {
      "RequestUri": "https://sacxbgdhih4ve3q.blob.core.windows.net/azureml-blobstore-65dca8d8-dcc8-47d3-bdd1-9f9cd1e6f498/az-ml-artifacts/000000000000000000000000000000000000/ae365exepool-component/component_spec.yaml",
      "RequestMethod": "HEAD",
      "RequestHeaders": {
        "Accept": "application/xml",
        "Accept-Encoding": "gzip, deflate",
        "Connection": "keep-alive",
        "User-Agent": "azsdk-python-storage-blob/12.13.1 Python/3.8.13 (Windows-10-10.0.22000-SP0)",
        "x-ms-date": "Tue, 13 Dec 2022 04:06:36 GMT",
        "x-ms-version": "2021-08-06"
      },
      "RequestBody": null,
      "StatusCode": 404,
      "ResponseHeaders": {
        "Date": "Tue, 13 Dec 2022 04:06:36 GMT",
        "Server": [
          "Windows-Azure-Blob/1.0",
          "Microsoft-HTTPAPI/2.0"
        ],
        "Transfer-Encoding": "chunked",
        "Vary": "Origin",
        "x-ms-error-code": "BlobNotFound",
        "x-ms-version": "2021-08-06"
      },
      "ResponseBody": null
    },
    {
      "RequestUri": "https://management.azure.com/subscriptions/00000000-0000-0000-0000-000000000/resourceGroups/00000/providers/Microsoft.MachineLearningServices/workspaces/00000/codes/d43326e1-8e93-ea60-9fb2-ebae4ed9e000/versions/1?api-version=2022-05-01",
      "RequestMethod": "PUT",
      "RequestHeaders": {
        "Accept": "application/json",
        "Accept-Encoding": "gzip, deflate",
        "Connection": "keep-alive",
        "Content-Length": "315",
        "Content-Type": "application/json",
        "User-Agent": "azure-ai-ml/1.2.0 azsdk-python-mgmt-machinelearningservices/0.1.0 Python/3.8.13 (Windows-10-10.0.22000-SP0)"
      },
      "RequestBody": {
        "properties": {
          "properties": {
            "hash_sha256": "0000000000000",
            "hash_version": "0000000000000"
          },
          "isAnonymous": true,
          "isArchived": false,
          "codeUri": "https://sacxbgdhih4ve3q.blob.core.windows.net/azureml-blobstore-65dca8d8-dcc8-47d3-bdd1-9f9cd1e6f498/LocalUpload/000000000000000000000000000000000000/ae365exepool-component"
        }
      },
      "StatusCode": 200,
      "ResponseHeaders": {
        "Cache-Control": "no-cache",
        "Content-Encoding": "gzip",
        "Content-Type": "application/json; charset=utf-8",
        "Date": "Tue, 13 Dec 2022 04:06:37 GMT",
        "Expires": "-1",
        "Pragma": "no-cache",
        "Request-Context": "appId=cid-v1:2d2e8e63-272e-4b3c-8598-4ee570a0e70d",
        "Server-Timing": "traceparent;desc=\u002200-a00145ad1ab5fc7ab9d99802f14f5afe-021f781a0b6a105c-00\u0022",
        "Strict-Transport-Security": "max-age=31536000; includeSubDomains",
        "Transfer-Encoding": "chunked",
        "Vary": [
          "Accept-Encoding",
          "Accept-Encoding"
        ],
        "x-aml-cluster": "vienna-eastus-02",
        "X-Content-Type-Options": "nosniff",
        "x-ms-correlation-request-id": "73fc483d-ce65-47b0-9646-cae76452a683",
        "x-ms-ratelimit-remaining-subscription-writes": "1183",
        "x-ms-response-type": "standard",
        "x-ms-routing-request-id": "JAPANEAST:20221213T040638Z:73fc483d-ce65-47b0-9646-cae76452a683",
        "x-request-time": "0.100"
      },
      "ResponseBody": {
        "id": "/subscriptions/00000000-0000-0000-0000-000000000/resourceGroups/00000/providers/Microsoft.MachineLearningServices/workspaces/00000/codes/d43326e1-8e93-ea60-9fb2-ebae4ed9e000/versions/1",
        "name": "1",
        "type": "Microsoft.MachineLearningServices/workspaces/codes/versions",
        "properties": {
          "description": null,
          "tags": {},
          "properties": {
            "hash_sha256": "0000000000000",
            "hash_version": "0000000000000"
          },
          "isArchived": false,
          "isAnonymous": false,
          "codeUri": "https://sacxbgdhih4ve3q.blob.core.windows.net/azureml-blobstore-65dca8d8-dcc8-47d3-bdd1-9f9cd1e6f498/LocalUpload/000000000000000000000000000000000000/ae365exepool-component"
        },
        "systemData": {
          "createdAt": "2022-12-12T08:51:59.7243145\u002B00:00",
          "createdBy": "Ying Chen",
          "createdByType": "User",
          "lastModifiedAt": "2022-12-13T04:06:38.0690008\u002B00:00",
          "lastModifiedBy": "Ying Chen",
          "lastModifiedByType": "User"
        }
      }
    },
    {
      "RequestUri": "https://management.azure.com/subscriptions/00000000-0000-0000-0000-000000000/resourceGroups/00000/providers/Microsoft.MachineLearningServices/workspaces/00000/components/test_410225896098/versions/0.0.1?api-version=2022-05-01",
      "RequestMethod": "PUT",
      "RequestHeaders": {
        "Accept": "application/json",
        "Accept-Encoding": "gzip, deflate",
        "Connection": "keep-alive",
        "Content-Length": "3488",
        "Content-Type": "application/json",
        "User-Agent": "azure-ai-ml/1.2.0 azsdk-python-mgmt-machinelearningservices/0.1.0 Python/3.8.13 (Windows-10-10.0.22000-SP0)"
      },
      "RequestBody": {
        "properties": {
          "description": "Use this auto-approved module to download data on EyesOn machine and interact with it for Compliant Annotation purpose.",
          "properties": {},
          "tags": {
            "category": "Component Tutorial",
            "contact": "amldesigner@microsoft.com"
          },
          "isAnonymous": false,
          "isArchived": false,
          "componentSpec": {
            "name": "test_410225896098",
            "description": "Use this auto-approved module to download data on EyesOn machine and interact with it for Compliant Annotation purpose.",
            "tags": {
              "category": "Component Tutorial",
              "contact": "amldesigner@microsoft.com"
            },
            "version": "0.0.1",
            "$schema": "https://componentsdk.azureedge.net/jsonschema/AE365ExePoolComponent.json",
            "display_name": "CAX EyesOn Module [ND] v1.6",
            "inputs": {
              "ComplianceCluster": {
                "type": "string",
                "optional": false,
                "default": "MsResearch-EyesOn-Annotation",
                "description": "compliance cluster name"
              },
              "HeronId": {
                "type": "string",
                "optional": false,
                "default": "",
                "description": "Heron ID"
              },
              "localoutputfolderEnc": {
                "type": "string",
                "optional": true,
                "default": "",
                "description": "local output folder for encrypted data"
              },
              "localoutputfolderDec": {
                "type": "string",
                "optional": true,
                "default": "",
                "description": "local output folder for decrypted data"
              },
              "TimeoutSeconds": {
                "type": "integer",
                "optional": true,
                "default": 500000,
                "description": "timeout in seconds"
              },
              "hitappid": {
                "type": "integer",
                "optional": true,
                "default": 31346,
                "description": "hitapp id"
              },
              "projectname": {
                "type": "string",
                "optional": true,
                "default": "LatestE2Etemplate",
                "description": "project name"
              },
              "judges": {
                "type": "string",
                "optional": true,
                "default": "juwang;bradwall",
                "description": "judges"
              },
              "annotationsMayIncludeCustomerContent": {
                "type": "string",
                "optional": true,
                "default": "1",
                "description": "annotations may include customer content"
              },
              "TaskGroupId": {
                "type": "integer",
                "optional": true,
                "default": 86891,
                "description": "task group id"
              },
              "GoldHitRTADataType": {
                "type": "enum",
                "optional": true,
                "default": "",
                "description": "gold hit rta data type",
                "enum": [
                  "Gold",
                  "RTA",
                  "Qualification",
                  "Preview"
                ]
              },
              "taskFileTimestamp": {
                "type": "string",
                "optional": true,
                "default": "2021.12.21.23.55.00",
                "description": "task file timestamp"
              },
              "DataToLookAt": {
                "type": "AnyFile",
                "optional": false
              },
              "GoldHitRTAData": {
                "type": "AnyFile",
                "optional": true
              }
            },
            "outputs": {
              "outputfolderEnc": {
                "type": "AnyDirectory"
              },
              "outputfolderDec": {
                "type": "AnyDirectory"
              },
              "OriginalHitData": {
                "type": "AnyDirectory"
              }
            },
            "type": "AE365ExePoolComponent",
            "code": "azureml:/subscriptions/00000000-0000-0000-0000-000000000/resourceGroups/00000/providers/Microsoft.MachineLearningServices/workspaces/00000/codes/d43326e1-8e93-ea60-9fb2-ebae4ed9e000/versions/1",
            "command": "cax.eyesonmodule.exe input={inputs.DataToLookAt} inputGoldHitRta=[{inputs.GoldHitRTAData}] localoutputfolderEnc=[{inputs.localoutputfolderEnc}] localoutputfolderDec=[{inputs.localoutputfolderDec}] timeoutSeconds=[{inputs.TimeoutSeconds}] hitappid=[{inputs.hitappid}] projectname=[{inputs.projectname}] judges=[{inputs.judges}] outputfolderEnc={outputs.outputfolderEnc} outputfolderDec={outputs.outputfolderDec} annotationsMayIncludeCustomerContent=[{inputs.annotationsMayIncludeCustomerContent}] taskGroupId=[{inputs.TaskGroupId}] goldHitRTADataType=[{inputs.GoldHitRTADataType}] outputfolderForOriginalHitData={outputs.OriginalHitData} taskFileTimestamp=[{inputs.taskFileTimestamp}]",
            "ae365exepool": {
              "ref_id": "654ec0ba-bed3-48eb-a594-efd0e9275e0d"
            }
          }
        }
      },
      "StatusCode": 201,
      "ResponseHeaders": {
        "Cache-Control": "no-cache",
        "Content-Length": "4995",
        "Content-Type": "application/json; charset=utf-8",
        "Date": "Tue, 13 Dec 2022 04:06:38 GMT",
        "Expires": "-1",
        "Location": "https://management.azure.com/subscriptions/00000000-0000-0000-0000-000000000/resourceGroups/00000/providers/Microsoft.MachineLearningServices/workspaces/00000/components/test_410225896098/versions/0.0.1?api-version=2022-05-01",
        "Pragma": "no-cache",
        "Request-Context": "appId=cid-v1:2d2e8e63-272e-4b3c-8598-4ee570a0e70d",
        "Server-Timing": "traceparent;desc=\u002200-7234bccef4c31bf8de10a2d746069552-97afde5d65e3051a-00\u0022",
        "Strict-Transport-Security": "max-age=31536000; includeSubDomains",
        "x-aml-cluster": "vienna-eastus-02",
        "X-Content-Type-Options": "nosniff",
        "x-ms-correlation-request-id": "edccc2df-7911-4b24-b4ee-b75b2a3ae938",
        "x-ms-ratelimit-remaining-subscription-writes": "1182",
        "x-ms-response-type": "standard",
        "x-ms-routing-request-id": "JAPANEAST:20221213T040639Z:edccc2df-7911-4b24-b4ee-b75b2a3ae938",
        "x-request-time": "0.750"
      },
      "ResponseBody": {
        "id": "/subscriptions/00000000-0000-0000-0000-000000000/resourceGroups/00000/providers/Microsoft.MachineLearningServices/workspaces/00000/components/test_410225896098/versions/0.0.1",
        "name": "0.0.1",
        "type": "Microsoft.MachineLearningServices/workspaces/components/versions",
        "properties": {
          "description": null,
          "tags": {
            "category": "Component Tutorial",
            "contact": "amldesigner@microsoft.com"
          },
          "properties": {},
          "isArchived": false,
          "isAnonymous": false,
          "componentSpec": {
            "$schema": "https://componentsdk.azureedge.net/jsonschema/AE365ExePoolComponent.json",
            "name": "test_410225896098",
            "version": "0.0.1",
            "display_name": "CAX EyesOn Module [ND] v1.6",
            "is_deterministic": "True",
            "type": "AE365ExePoolComponent",
            "description": "Use this auto-approved module to download data on EyesOn machine and interact with it for Compliant Annotation purpose.",
            "tags": {
              "category": "Component Tutorial",
              "contact": "amldesigner@microsoft.com"
            },
            "inputs": {
              "DataToLookAt": {
                "type": "AnyFile",
                "optional": "False"
              },
              "GoldHitRTAData": {
                "type": "AnyFile",
                "optional": "True"
              },
              "ComplianceCluster": {
                "type": "String",
                "optional": "False",
                "default": "MsResearch-EyesOn-Annotation",
                "description": "compliance cluster name"
              },
              "HeronId": {
                "type": "String",
                "optional": "False",
                "description": "Heron ID"
              },
              "localoutputfolderEnc": {
                "type": "String",
                "optional": "True",
                "description": "local output folder for encrypted data"
              },
              "localoutputfolderDec": {
                "type": "String",
                "optional": "True",
                "description": "local output folder for decrypted data"
              },
              "TimeoutSeconds": {
                "type": "Integer",
                "optional": "True",
                "default": "500000",
                "description": "timeout in seconds"
              },
              "hitappid": {
                "type": "Integer",
                "optional": "True",
                "default": "31346",
                "description": "hitapp id"
              },
              "projectname": {
                "type": "String",
                "optional": "True",
                "default": "LatestE2Etemplate",
                "description": "project name"
              },
              "judges": {
                "type": "String",
                "optional": "True",
                "default": "juwang;bradwall",
                "description": "judges"
              },
              "annotationsMayIncludeCustomerContent": {
                "type": "String",
                "optional": "True",
                "default": "1",
                "description": "annotations may include customer content"
              },
              "TaskGroupId": {
                "type": "Integer",
                "optional": "True",
                "default": "86891",
                "description": "task group id"
              },
              "GoldHitRTADataType": {
                "type": "Enum",
                "optional": "True",
                "description": "gold hit rta data type",
                "enum": [
                  "Gold",
                  "RTA",
                  "Qualification",
                  "Preview"
                ]
              },
              "taskFileTimestamp": {
                "type": "String",
                "optional": "True",
                "default": "2021.12.21.23.55.00",
                "description": "task file timestamp"
              }
            },
            "outputs": {
              "outputfolderEnc": {
                "type": "AnyDirectory"
              },
              "outputfolderDec": {
                "type": "AnyDirectory"
              },
              "OriginalHitData": {
                "type": "AnyDirectory"
              }
            },
            "command": "cax.eyesonmodule.exe input={inputs.DataToLookAt} inputGoldHitRta=[{inputs.GoldHitRTAData}] localoutputfolderEnc=[{inputs.localoutputfolderEnc}] localoutputfolderDec=[{inputs.localoutputfolderDec}] timeoutSeconds=[{inputs.TimeoutSeconds}] hitappid=[{inputs.hitappid}] projectname=[{inputs.projectname}] judges=[{inputs.judges}] outputfolderEnc={outputs.outputfolderEnc} outputfolderDec={outputs.outputfolderDec} annotationsMayIncludeCustomerContent=[{inputs.annotationsMayIncludeCustomerContent}] taskGroupId=[{inputs.TaskGroupId}] goldHitRTADataType=[{inputs.GoldHitRTADataType}] outputfolderForOriginalHitData={outputs.OriginalHitData} taskFileTimestamp=[{inputs.taskFileTimestamp}]",
            "ae365exepool": {
              "ref_id": "654ec0ba-bed3-48eb-a594-efd0e9275e0d"
            },
            "code": "azureml:/subscriptions/00000000-0000-0000-0000-000000000/resourceGroups/00000/providers/Microsoft.MachineLearningServices/workspaces/00000/codes/d43326e1-8e93-ea60-9fb2-ebae4ed9e000/versions/1"
          }
        },
        "systemData": {
          "createdAt": "2022-12-13T04:06:38.9743809\u002B00:00",
          "createdBy": "Ying Chen",
          "createdByType": "User",
          "lastModifiedAt": "2022-12-13T04:06:39.1796713\u002B00:00",
          "lastModifiedBy": "Ying Chen",
          "lastModifiedByType": "User"
        }
      }
    },
    {
      "RequestUri": "https://management.azure.com/subscriptions/00000000-0000-0000-0000-000000000/resourceGroups/00000/providers/Microsoft.MachineLearningServices/workspaces/00000/components/test_410225896098/versions/0.0.1?api-version=2022-05-01",
      "RequestMethod": "GET",
      "RequestHeaders": {
        "Accept": "application/json",
        "Accept-Encoding": "gzip, deflate",
        "Connection": "keep-alive",
        "User-Agent": "azure-ai-ml/1.2.0 azsdk-python-mgmt-machinelearningservices/0.1.0 Python/3.8.13 (Windows-10-10.0.22000-SP0)"
      },
      "RequestBody": null,
      "StatusCode": 200,
      "ResponseHeaders": {
        "Cache-Control": "no-cache",
        "Content-Encoding": "gzip",
        "Content-Type": "application/json; charset=utf-8",
        "Date": "Tue, 13 Dec 2022 04:06:39 GMT",
        "Expires": "-1",
        "Pragma": "no-cache",
        "Request-Context": "appId=cid-v1:2d2e8e63-272e-4b3c-8598-4ee570a0e70d",
        "Server-Timing": "traceparent;desc=\u002200-5cb84368f5f2589226d0715cd76f0330-45fd7bdb8c859070-00\u0022",
        "Strict-Transport-Security": "max-age=31536000; includeSubDomains",
        "Transfer-Encoding": "chunked",
        "Vary": [
          "Accept-Encoding",
          "Accept-Encoding"
        ],
        "x-aml-cluster": "vienna-eastus-02",
        "X-Content-Type-Options": "nosniff",
        "x-ms-correlation-request-id": "b2a056ff-b548-4659-ad34-0a6b1d79d610",
        "x-ms-ratelimit-remaining-subscription-reads": "11982",
        "x-ms-response-type": "standard",
        "x-ms-routing-request-id": "JAPANEAST:20221213T040640Z:b2a056ff-b548-4659-ad34-0a6b1d79d610",
        "x-request-time": "0.191"
      },
      "ResponseBody": {
        "id": "/subscriptions/00000000-0000-0000-0000-000000000/resourceGroups/00000/providers/Microsoft.MachineLearningServices/workspaces/00000/components/test_410225896098/versions/0.0.1",
        "name": "0.0.1",
        "type": "Microsoft.MachineLearningServices/workspaces/components/versions",
        "properties": {
          "description": null,
          "tags": {
            "category": "Component Tutorial",
            "contact": "amldesigner@microsoft.com"
          },
          "properties": {},
          "isArchived": false,
          "isAnonymous": false,
          "componentSpec": {
            "$schema": "https://componentsdk.azureedge.net/jsonschema/AE365ExePoolComponent.json",
            "name": "test_410225896098",
            "version": "0.0.1",
            "display_name": "CAX EyesOn Module [ND] v1.6",
            "is_deterministic": "True",
            "type": "AE365ExePoolComponent",
            "description": "Use this auto-approved module to download data on EyesOn machine and interact with it for Compliant Annotation purpose.",
            "tags": {
              "category": "Component Tutorial",
              "contact": "amldesigner@microsoft.com"
            },
            "inputs": {
              "DataToLookAt": {
                "type": "AnyFile",
                "optional": "False"
              },
              "GoldHitRTAData": {
                "type": "AnyFile",
                "optional": "True"
              },
              "ComplianceCluster": {
                "type": "String",
                "optional": "False",
                "default": "MsResearch-EyesOn-Annotation",
                "description": "compliance cluster name"
              },
              "HeronId": {
                "type": "String",
                "optional": "False",
                "description": "Heron ID"
              },
              "localoutputfolderEnc": {
                "type": "String",
                "optional": "True",
                "description": "local output folder for encrypted data"
              },
              "localoutputfolderDec": {
                "type": "String",
                "optional": "True",
                "description": "local output folder for decrypted data"
              },
              "TimeoutSeconds": {
                "type": "Integer",
                "optional": "True",
                "default": "500000",
                "description": "timeout in seconds"
              },
              "hitappid": {
                "type": "Integer",
                "optional": "True",
                "default": "31346",
                "description": "hitapp id"
              },
              "projectname": {
                "type": "String",
                "optional": "True",
                "default": "LatestE2Etemplate",
                "description": "project name"
              },
              "judges": {
                "type": "String",
                "optional": "True",
                "default": "juwang;bradwall",
                "description": "judges"
              },
              "annotationsMayIncludeCustomerContent": {
                "type": "String",
                "optional": "True",
                "default": "1",
                "description": "annotations may include customer content"
              },
              "TaskGroupId": {
                "type": "Integer",
                "optional": "True",
                "default": "86891",
                "description": "task group id"
              },
              "GoldHitRTADataType": {
                "type": "Enum",
                "optional": "True",
                "description": "gold hit rta data type",
                "enum": [
                  "Gold",
                  "RTA",
                  "Qualification",
                  "Preview"
                ]
              },
              "taskFileTimestamp": {
                "type": "String",
                "optional": "True",
                "default": "2021.12.21.23.55.00",
                "description": "task file timestamp"
              }
            },
            "outputs": {
              "outputfolderEnc": {
                "type": "AnyDirectory"
              },
              "outputfolderDec": {
                "type": "AnyDirectory"
              },
              "OriginalHitData": {
                "type": "AnyDirectory"
              }
            },
            "command": "cax.eyesonmodule.exe input={inputs.DataToLookAt} inputGoldHitRta=[{inputs.GoldHitRTAData}] localoutputfolderEnc=[{inputs.localoutputfolderEnc}] localoutputfolderDec=[{inputs.localoutputfolderDec}] timeoutSeconds=[{inputs.TimeoutSeconds}] hitappid=[{inputs.hitappid}] projectname=[{inputs.projectname}] judges=[{inputs.judges}] outputfolderEnc={outputs.outputfolderEnc} outputfolderDec={outputs.outputfolderDec} annotationsMayIncludeCustomerContent=[{inputs.annotationsMayIncludeCustomerContent}] taskGroupId=[{inputs.TaskGroupId}] goldHitRTADataType=[{inputs.GoldHitRTADataType}] outputfolderForOriginalHitData={outputs.OriginalHitData} taskFileTimestamp=[{inputs.taskFileTimestamp}]",
            "ae365exepool": {
              "ref_id": "654ec0ba-bed3-48eb-a594-efd0e9275e0d"
            },
            "code": "azureml:/subscriptions/00000000-0000-0000-0000-000000000/resourceGroups/00000/providers/Microsoft.MachineLearningServices/workspaces/00000/codes/d43326e1-8e93-ea60-9fb2-ebae4ed9e000/versions/1"
          }
        },
        "systemData": {
          "createdAt": "2022-12-13T04:06:38.9743809\u002B00:00",
          "createdBy": "Ying Chen",
          "createdByType": "User",
          "lastModifiedAt": "2022-12-13T04:06:39.1796713\u002B00:00",
          "lastModifiedBy": "Ying Chen",
          "lastModifiedByType": "User"
        }
      }
    }
  ],
  "Variables": {
    "component_name": "test_410225896098"
  }
}
