interactions:
- request:
    body: null
    headers:
      Accept:
      - '*/*'
      Accept-Encoding:
      - gzip, deflate
      Connection:
      - keep-alive
      Content-Length:
      - '0'
      User-Agent:
      - azsdk-python-storage-blob/12.0.0b5 Python/3.6.3 (Windows-10-10.0.18362-SP0)
      x-ms-date:
      - Fri, 25 Oct 2019 17:59:45 GMT
      x-ms-version:
      - '2019-02-02'
    method: PUT
    uri: https://storagename.blob.core.windows.net/container90ee16ee?restype=container
  response:
    body:
      string: ''
    headers:
      content-length:
      - '0'
      date:
      - Fri, 25 Oct 2019 17:59:44 GMT
      etag:
      - '"0x8D759751E528E90"'
      last-modified:
      - Fri, 25 Oct 2019 17:59:45 GMT
      server:
      - Windows-Azure-Blob/1.0 Microsoft-HTTPAPI/2.0
      x-ms-version:
      - '2019-02-02'
    status:
      code: 201
      message: Created
- request:
    body: null
    headers:
      Accept:
      - '*/*'
      Accept-Encoding:
      - gzip, deflate
      Connection:
      - keep-alive
      Content-Length:
      - '0'
      User-Agent:
      - azsdk-python-storage-blob/12.0.0b5 Python/3.6.3 (Windows-10-10.0.18362-SP0)
      x-ms-date:
      - Fri, 25 Oct 2019 17:59:45 GMT
      x-ms-lease-action:
      - acquire
      x-ms-lease-duration:
      - '-1'
      x-ms-proposed-lease-id:
      - fb6eaf0a-1368-45b3-84c7-937738406c58
      x-ms-version:
      - '2019-02-02'
    method: PUT
    uri: https://storagename.blob.core.windows.net/container90ee16ee?comp=lease&restype=container
  response:
    body:
      string: ''
    headers:
      content-length:
      - '0'
      date:
      - Fri, 25 Oct 2019 17:59:45 GMT
      etag:
      - '"0x8D759751E528E90"'
      last-modified:
      - Fri, 25 Oct 2019 17:59:45 GMT
      server:
      - Windows-Azure-Blob/1.0 Microsoft-HTTPAPI/2.0
      x-ms-lease-id:
      - fb6eaf0a-1368-45b3-84c7-937738406c58
      x-ms-version:
      - '2019-02-02'
    status:
      code: 201
      message: Created
- request:
    body: null
    headers:
      Accept:
      - '*/*'
      Accept-Encoding:
      - gzip, deflate
      Connection:
      - keep-alive
      Content-Length:
      - '0'
      User-Agent:
      - azsdk-python-storage-blob/12.0.0b5 Python/3.6.3 (Windows-10-10.0.18362-SP0)
      x-ms-date:
      - Fri, 25 Oct 2019 17:59:45 GMT
      x-ms-lease-id:
      - fb6eaf0a-1368-45b3-84c7-937738406c58
      x-ms-meta-hello:
      - world
      x-ms-meta-number:
      - '43'
      x-ms-version:
      - '2019-02-02'
    method: PUT
    uri: https://storagename.blob.core.windows.net/container90ee16ee?restype=container&comp=metadata
  response:
    body:
      string: ''
    headers:
      content-length:
      - '0'
      date:
      - Fri, 25 Oct 2019 17:59:45 GMT
      etag:
      - '"0x8D759751E6777E7"'
      last-modified:
      - Fri, 25 Oct 2019 17:59:45 GMT
      server:
      - Windows-Azure-Blob/1.0 Microsoft-HTTPAPI/2.0
      x-ms-version:
      - '2019-02-02'
    status:
      code: 200
      message: OK
- request:
    body: null
    headers:
      Accept:
      - '*/*'
      Accept-Encoding:
      - gzip, deflate
      Connection:
      - keep-alive
      User-Agent:
      - azsdk-python-storage-blob/12.0.0b5 Python/3.6.3 (Windows-10-10.0.18362-SP0)
      x-ms-date:
      - Fri, 25 Oct 2019 17:59:45 GMT
      x-ms-version:
      - '2019-02-02'
    method: GET
    uri: https://storagename.blob.core.windows.net/container90ee16ee?restype=container
  response:
    body:
      string: ''
    headers:
      content-length:
      - '0'
      date:
      - Fri, 25 Oct 2019 17:59:45 GMT
      etag:
      - '"0x8D759751E6777E7"'
      last-modified:
      - Fri, 25 Oct 2019 17:59:45 GMT
      server:
      - Windows-Azure-Blob/1.0 Microsoft-HTTPAPI/2.0
      x-ms-default-encryption-scope:
      - $account-encryption-key
      x-ms-deny-encryption-scope-override:
      - 'false'
      x-ms-has-immutability-policy:
      - 'false'
      x-ms-has-legal-hold:
      - 'false'
      x-ms-lease-duration:
      - infinite
      x-ms-lease-state:
      - leased
      x-ms-lease-status:
      - locked
      x-ms-meta-hello:
      - world
      x-ms-meta-number:
      - '43'
      x-ms-version:
      - '2019-02-02'
    status:
      code: 200
      message: OK
version: 1
