interactions:
- request:
    body: null
    headers:
      Accept:
      - '*/*'
      Accept-Encoding:
      - gzip, deflate
      Connection:
      - keep-alive
      Content-Length:
      - '0'
      User-Agent:
      - python/3.6.5 (Darwin-16.7.0-x86_64-i386-64bit) azure-core/0.0.1
      x-ms-client-request-id:
      - 835669c8-8eca-11e9-8f03-f45c89a7d159
      x-ms-date:
      - Fri, 14 Jun 2019 17:33:24 GMT
      x-ms-version:
      - '2018-03-28'
    method: PUT
    uri: https://remotestoragename.blob.core.windows.net/utcontainerdb0f1c2c?restype=container
  response:
    body:
      string: ''
    headers:
      Content-Length:
      - '0'
      Date:
      - Fri, 14 Jun 2019 17:33:25 GMT
      ETag:
      - '"0x8D6F0EE681C486D"'
      Last-Modified:
      - Fri, 14 Jun 2019 17:33:25 GMT
      Server:
      - Windows-Azure-Blob/1.0 Microsoft-HTTPAPI/2.0
      x-ms-request-id:
      - 5d0de554-d01e-002a-73d7-221145000000
      x-ms-version:
      - '2018-03-28'
    status:
      code: 201
      message: Created
- request:
    body: hello world
    headers:
      Accept:
      - '*/*'
      Accept-Encoding:
      - gzip, deflate
      Connection:
      - keep-alive
      Content-Length:
      - '11'
      Content-Type:
      - application/octet-stream
      User-Agent:
      - python/3.6.5 (Darwin-16.7.0-x86_64-i386-64bit) azure-core/0.0.1
      x-ms-blob-type:
      - BlockBlob
      x-ms-client-request-id:
      - 83779c9c-8eca-11e9-9691-f45c89a7d159
      x-ms-date:
      - Fri, 14 Jun 2019 17:33:25 GMT
      x-ms-version:
      - '2018-03-28'
    method: PUT
    uri: https://remotestoragename.blob.core.windows.net/utcontainerdb0f1c2c/blob1
  response:
    body:
      string: ''
    headers:
      Content-Length:
      - '0'
      Content-MD5:
      - XrY7u+Ae7tCTyyK7j1rNww==
      Date:
      - Fri, 14 Jun 2019 17:33:25 GMT
      ETag:
      - '"0x8D6F0EE6825F680"'
      Last-Modified:
      - Fri, 14 Jun 2019 17:33:25 GMT
      Server:
      - Windows-Azure-Blob/1.0 Microsoft-HTTPAPI/2.0
      x-ms-request-id:
      - 5d0de565-d01e-002a-7ed7-221145000000
      x-ms-request-server-encrypted:
      - 'true'
      x-ms-version:
      - '2018-03-28'
    status:
      code: 201
      message: Created
- request:
    body: null
    headers:
      Accept:
      - '*/*'
      Accept-Encoding:
      - gzip, deflate
      Connection:
      - keep-alive
      Content-Length:
      - '0'
      If-Unmodified-Since:
      - Fri, 14 Jun 2019 17:48:25 GMT
      User-Agent:
      - python/3.6.5 (Darwin-16.7.0-x86_64-i386-64bit) azure-core/0.0.1
      x-ms-client-request-id:
      - 838134a8-8eca-11e9-abe8-f45c89a7d159
      x-ms-date:
      - Fri, 14 Jun 2019 17:33:25 GMT
      x-ms-meta-hello:
      - world
      x-ms-meta-number:
      - '42'
      x-ms-version:
      - '2018-03-28'
    method: PUT
    uri: https://remotestoragename.blob.core.windows.net/utcontainerdb0f1c2c/blob1?comp=metadata
  response:
    body:
      string: ''
    headers:
      Content-Length:
      - '0'
      Date:
      - Fri, 14 Jun 2019 17:33:25 GMT
      ETag:
      - '"0x8D6F0EE682FBC43"'
      Last-Modified:
      - Fri, 14 Jun 2019 17:33:26 GMT
      Server:
      - Windows-Azure-Blob/1.0 Microsoft-HTTPAPI/2.0
      x-ms-request-id:
      - 5d0de573-d01e-002a-0bd7-221145000000
      x-ms-request-server-encrypted:
      - 'true'
      x-ms-version:
      - '2018-03-28'
    status:
      code: 200
      message: OK
- request:
    body: null
    headers:
      Accept:
      - '*/*'
      Accept-Encoding:
      - gzip, deflate
      Connection:
      - keep-alive
      User-Agent:
      - python/3.6.5 (Darwin-16.7.0-x86_64-i386-64bit) azure-core/0.0.1
      x-ms-client-request-id:
      - 8389afcc-8eca-11e9-9dd1-f45c89a7d159
      x-ms-date:
      - Fri, 14 Jun 2019 17:33:25 GMT
      x-ms-version:
      - '2018-03-28'
    method: HEAD
    uri: https://remotestoragename.blob.core.windows.net/utcontainerdb0f1c2c/blob1
  response:
    body:
      string: ''
    headers:
      Accept-Ranges:
      - bytes
      Content-Length:
      - '11'
      Content-MD5:
      - XrY7u+Ae7tCTyyK7j1rNww==
      Content-Type:
      - application/octet-stream
      Date:
      - Fri, 14 Jun 2019 17:33:25 GMT
      ETag:
      - '"0x8D6F0EE682FBC43"'
      Last-Modified:
      - Fri, 14 Jun 2019 17:33:26 GMT
      Server:
      - Windows-Azure-Blob/1.0 Microsoft-HTTPAPI/2.0
      Vary:
      - Origin
      x-ms-access-tier:
      - Hot
      x-ms-access-tier-inferred:
      - 'true'
      x-ms-blob-type:
      - BlockBlob
      x-ms-creation-time:
      - Fri, 14 Jun 2019 17:33:25 GMT
      x-ms-lease-state:
      - available
      x-ms-lease-status:
      - unlocked
      x-ms-meta-hello:
      - world
      x-ms-meta-number:
      - '42'
      x-ms-request-id:
      - 5d0de58e-d01e-002a-25d7-221145000000
      x-ms-server-encrypted:
      - 'true'
      x-ms-version:
      - '2018-03-28'
    status:
      code: 200
      message: OK
- request:
    body: null
    headers:
      Accept:
      - '*/*'
      Accept-Encoding:
      - gzip, deflate
      Connection:
      - keep-alive
      Content-Length:
      - '0'
      User-Agent:
      - python/3.6.5 (Darwin-16.7.0-x86_64-i386-64bit) azure-core/0.0.1
      x-ms-client-request-id:
      - 3d6f69d8-8ed3-11e9-9eda-f45c89a7d159
      x-ms-date:
      - Fri, 14 Jun 2019 18:35:53 GMT
      x-ms-version:
      - '2018-03-28'
    method: PUT
    uri: https://storagename.blob.core.windows.net/utcontainerdb0f1c2c?restype=container
  response:
    body:
      string: ''
    headers:
      Content-Length:
      - '0'
      Date:
      - Fri, 14 Jun 2019 18:35:52 GMT
      ETag:
      - '"0x8D6F0F721BEF4D9"'
      Last-Modified:
      - Fri, 14 Jun 2019 18:35:53 GMT
      Server:
      - Windows-Azure-Blob/1.0 Microsoft-HTTPAPI/2.0
      x-ms-request-id:
      - ee2d343b-f01e-005b-71df-22637c000000
      x-ms-version:
      - '2018-03-28'
    status:
      code: 201
      message: Created
- request:
    body: hello world
    headers:
      Accept:
      - '*/*'
      Accept-Encoding:
      - gzip, deflate
      Connection:
      - keep-alive
      Content-Length:
      - '11'
      Content-Type:
      - application/octet-stream
      User-Agent:
      - python/3.6.5 (Darwin-16.7.0-x86_64-i386-64bit) azure-core/0.0.1
      x-ms-blob-type:
      - BlockBlob
      x-ms-client-request-id:
      - 3d8fe424-8ed3-11e9-8e19-f45c89a7d159
      x-ms-date:
      - Fri, 14 Jun 2019 18:35:53 GMT
      x-ms-version:
      - '2018-03-28'
    method: PUT
    uri: https://storagename.blob.core.windows.net/utcontainerdb0f1c2c/blob1
  response:
    body:
      string: ''
    headers:
      Content-Length:
      - '0'
      Content-MD5:
      - XrY7u+Ae7tCTyyK7j1rNww==
      Date:
      - Fri, 14 Jun 2019 18:35:52 GMT
      ETag:
      - '"0x8D6F0F721C8B81A"'
      Last-Modified:
      - Fri, 14 Jun 2019 18:35:53 GMT
      Server:
      - Windows-Azure-Blob/1.0 Microsoft-HTTPAPI/2.0
      x-ms-request-id:
      - ee2d344d-f01e-005b-7fdf-22637c000000
      x-ms-request-server-encrypted:
      - 'true'
      x-ms-version:
      - '2018-03-28'
    status:
      code: 201
      message: Created
- request:
    body: null
    headers:
      Accept:
      - '*/*'
      Accept-Encoding:
      - gzip, deflate
      Connection:
      - keep-alive
      Content-Length:
      - '0'
      If-Unmodified-Since:
      - Fri, 14 Jun 2019 18:50:53 GMT
      User-Agent:
      - python/3.6.5 (Darwin-16.7.0-x86_64-i386-64bit) azure-core/0.0.1
      x-ms-client-request-id:
      - 3d999b5e-8ed3-11e9-a9de-f45c89a7d159
      x-ms-date:
      - Fri, 14 Jun 2019 18:35:53 GMT
      x-ms-meta-hello:
      - world
      x-ms-meta-number:
      - '42'
      x-ms-version:
      - '2018-03-28'
    method: PUT
    uri: https://storagename.blob.core.windows.net/utcontainerdb0f1c2c/blob1?comp=metadata
  response:
    body:
      string: ''
    headers:
      Content-Length:
      - '0'
      Date:
      - Fri, 14 Jun 2019 18:35:52 GMT
      ETag:
      - '"0x8D6F0F721D2A4F1"'
      Last-Modified:
      - Fri, 14 Jun 2019 18:35:53 GMT
      Server:
      - Windows-Azure-Blob/1.0 Microsoft-HTTPAPI/2.0
      x-ms-request-id:
      - ee2d3465-f01e-005b-13df-22637c000000
      x-ms-request-server-encrypted:
      - 'true'
      x-ms-version:
      - '2018-03-28'
    status:
      code: 200
      message: OK
- request:
    body: null
    headers:
      Accept:
      - '*/*'
      Accept-Encoding:
      - gzip, deflate
      Connection:
      - keep-alive
      User-Agent:
      - python/3.6.5 (Darwin-16.7.0-x86_64-i386-64bit) azure-core/0.0.1
      x-ms-client-request-id:
      - 3da27666-8ed3-11e9-aabc-f45c89a7d159
      x-ms-date:
      - Fri, 14 Jun 2019 18:35:53 GMT
      x-ms-version:
      - '2018-03-28'
    method: HEAD
    uri: https://storagename.blob.core.windows.net/utcontainerdb0f1c2c/blob1
  response:
    body:
      string: ''
    headers:
      Accept-Ranges:
      - bytes
      Content-Length:
      - '11'
      Content-MD5:
      - XrY7u+Ae7tCTyyK7j1rNww==
      Content-Type:
      - application/octet-stream
      Date:
      - Fri, 14 Jun 2019 18:35:52 GMT
      ETag:
      - '"0x8D6F0F721D2A4F1"'
      Last-Modified:
      - Fri, 14 Jun 2019 18:35:53 GMT
      Server:
      - Windows-Azure-Blob/1.0 Microsoft-HTTPAPI/2.0
      Vary:
      - Origin
      x-ms-access-tier:
      - Hot
      x-ms-access-tier-inferred:
      - 'true'
      x-ms-blob-type:
      - BlockBlob
      x-ms-creation-time:
      - Fri, 14 Jun 2019 18:35:53 GMT
      x-ms-lease-state:
      - available
      x-ms-lease-status:
      - unlocked
      x-ms-meta-hello:
      - world
      x-ms-meta-number:
      - '42'
      x-ms-request-id:
      - ee2d3477-f01e-005b-20df-22637c000000
      x-ms-server-encrypted:
      - 'true'
      x-ms-version:
      - '2018-03-28'
    status:
      code: 200
      message: OK
version: 1
