interactions:
- request:
    body: null
    headers:
      User-Agent:
      - azsdk-python-storage-blob/12.0.0b1 Python/3.7.3 (Windows-10-10.0.18362-SP0)
      content-type:
      - application/xml; charset=utf-8
      x-ms-client-request-id:
      - adb37988-b4d1-11e9-abab-b831b58100e8
      x-ms-date:
      - Fri, 02 Aug 2019 03:00:26 GMT
      x-ms-version:
      - '2018-03-28'
    method: PUT
    uri: https://storagename.blob.core.windows.net/utcontainer2e7b20ae?restype=container
  response:
    body:
      string: ''
    headers:
      ? !!python/object/new:multidict._istr.istr
      - Content-Length
      : '0'
      ? !!python/object/new:multidict._istr.istr
      - Date
      : Fri, 02 Aug 2019 03:00:25 GMT
      ? !!python/object/new:multidict._istr.istr
      - Etag
      : '"0x8D716F591F663A7"'
      ? !!python/object/new:multidict._istr.istr
      - Last-Modified
      : Fri, 02 Aug 2019 03:00:26 GMT
      ? !!python/object/new:multidict._istr.istr
      - Server
      : Windows-Azure-Blob/1.0 Microsoft-HTTPAPI/2.0
      x-ms-request-id: ab9c9f33-201e-0034-38de-48cba8000000
      x-ms-version: '2018-03-28'
    status:
      code: 201
      message: Created
    url: !!python/object/new:yarl.URL
      state: !!python/tuple
      - !!python/object/new:urllib.parse.SplitResult
        - https
        - amqptest.blob.core.windows.net
        - /utcontainer2e7b20ae
        - restype=container
        - ''
- request:
    body: null
    headers:
      Content-Length:
      - '0'
      User-Agent:
      - azsdk-python-storage-blob/12.0.0b1 Python/3.7.3 (Windows-10-10.0.18362-SP0)
      content-type:
      - application/xml; charset=utf-8
      x-ms-blob-content-length:
      - '1024'
      x-ms-blob-type:
      - PageBlob
      x-ms-client-request-id:
      - adcb953a-b4d1-11e9-8fde-b831b58100e8
      x-ms-date:
      - Fri, 02 Aug 2019 03:00:26 GMT
      x-ms-version:
      - '2018-03-28'
    method: PUT
    uri: https://storagename.blob.core.windows.net/utcontainer2e7b20ae/blob1
  response:
    body:
      string: ''
    headers:
      ? !!python/object/new:multidict._istr.istr
      - Content-Length
      : '0'
      ? !!python/object/new:multidict._istr.istr
      - Date
      : Fri, 02 Aug 2019 03:00:25 GMT
      ? !!python/object/new:multidict._istr.istr
      - Etag
      : '"0x8D716F591FEEE9C"'
      ? !!python/object/new:multidict._istr.istr
      - Last-Modified
      : Fri, 02 Aug 2019 03:00:26 GMT
      ? !!python/object/new:multidict._istr.istr
      - Server
      : Windows-Azure-Blob/1.0 Microsoft-HTTPAPI/2.0
      x-ms-request-id: ab9c9f40-201e-0034-43de-48cba8000000
      x-ms-request-server-encrypted: 'true'
      x-ms-version: '2018-03-28'
    status:
      code: 201
      message: Created
    url: !!python/object/new:yarl.URL
      state: !!python/tuple
      - !!python/object/new:urllib.parse.SplitResult
        - https
        - amqptest.blob.core.windows.net
        - /utcontainer2e7b20ae/blob1
        - ''
        - ''
- request:
    body: null
    headers:
      User-Agent:
      - azsdk-python-storage-blob/12.0.0b1 Python/3.7.3 (Windows-10-10.0.18362-SP0)
      content-type:
      - application/xml; charset=utf-8
      x-ms-client-request-id:
      - add3844a-b4d1-11e9-bb96-b831b58100e8
      x-ms-date:
      - Fri, 02 Aug 2019 03:00:26 GMT
      x-ms-version:
      - '2018-03-28'
    method: HEAD
    uri: https://storagename.blob.core.windows.net/utcontainer2e7b20ae/blob1
  response:
    body:
      string: ''
    headers:
      ? !!python/object/new:multidict._istr.istr
      - Accept-Ranges
      : bytes
      ? !!python/object/new:multidict._istr.istr
      - Content-Length
      : '1024'
      ? !!python/object/new:multidict._istr.istr
      - Content-Type
      : application/xml; charset=utf-8
      ? !!python/object/new:multidict._istr.istr
      - Date
      : Fri, 02 Aug 2019 03:00:25 GMT
      ? !!python/object/new:multidict._istr.istr
      - Etag
      : '"0x8D716F591FEEE9C"'
      ? !!python/object/new:multidict._istr.istr
      - Last-Modified
      : Fri, 02 Aug 2019 03:00:26 GMT
      ? !!python/object/new:multidict._istr.istr
      - Server
      : Windows-Azure-Blob/1.0 Microsoft-HTTPAPI/2.0
      ? !!python/object/new:multidict._istr.istr
      - Vary
      : Origin
      x-ms-access-tier: Hot
      x-ms-access-tier-inferred: 'true'
      x-ms-blob-sequence-number: '0'
      x-ms-blob-type: PageBlob
      x-ms-creation-time: Fri, 02 Aug 2019 03:00:26 GMT
      x-ms-lease-state: available
      x-ms-lease-status: unlocked
      x-ms-request-id: ab9c9f46-201e-0034-49de-48cba8000000
      x-ms-server-encrypted: 'true'
      x-ms-version: '2018-03-28'
    status:
      code: 200
      message: OK
    url: !!python/object/new:yarl.URL
      state: !!python/tuple
      - !!python/object/new:urllib.parse.SplitResult
        - https
        - amqptest.blob.core.windows.net
        - /utcontainer2e7b20ae/blob1
        - ''
        - ''
- request:
    body: abcdefghijklmnopabcdefghijklmnopabcdefghijklmnopabcdefghijklmnopabcdefghijklmnopabcdefghijklmnopabcdefghijklmnopabcdefghijklmnopabcdefghijklmnopabcdefghijklmnopabcdefghijklmnopabcdefghijklmnopabcdefghijklmnopabcdefghijklmnopabcdefghijklmnopabcdefghijklmnopabcdefghijklmnopabcdefghijklmnopabcdefghijklmnopabcdefghijklmnopabcdefghijklmnopabcdefghijklmnopabcdefghijklmnopabcdefghijklmnopabcdefghijklmnopabcdefghijklmnopabcdefghijklmnopabcdefghijklmnopabcdefghijklmnopabcdefghijklmnopabcdefghijklmnopabcdefghijklmnop
    headers:
      Content-Length:
      - '512'
      Content-Type:
      - application/octet-stream
      If-None-Match:
      - '"0x8D716F591FEEE9C"'
      User-Agent:
      - azsdk-python-storage-blob/12.0.0b1 Python/3.7.3 (Windows-10-10.0.18362-SP0)
      x-ms-client-request-id:
      - add99ecc-b4d1-11e9-a3b7-b831b58100e8
      x-ms-date:
      - Fri, 02 Aug 2019 03:00:26 GMT
      x-ms-page-write:
      - update
      x-ms-range:
      - bytes=0-511
      x-ms-version:
      - '2018-03-28'
    method: PUT
    uri: https://storagename.blob.core.windows.net/utcontainer2e7b20ae/blob1?comp=page
  response:
    body:
      string: "\uFEFF<?xml version=\"1.0\" encoding=\"utf-8\"?><Error><Code>ConditionNotMet</Code><Message>The
        condition specified using HTTP conditional header(s) is not met.\nRequestId:c1d227a0-801e-0039-14de-4824a4000000\nTime:2019-08-02T03:00:27.0558128Z</Message></Error>"
    headers:
      ? !!python/object/new:multidict._istr.istr
      - Content-Length
      : '252'
      ? !!python/object/new:multidict._istr.istr
      - Content-Type
      : application/xml
      ? !!python/object/new:multidict._istr.istr
      - Date
      : Fri, 02 Aug 2019 03:00:26 GMT
      ? !!python/object/new:multidict._istr.istr
      - Server
      : Windows-Azure-Blob/1.0 Microsoft-HTTPAPI/2.0
      x-ms-error-code: ConditionNotMet
      x-ms-request-id: c1d227a0-801e-0039-14de-4824a4000000
      x-ms-version: '2018-03-28'
    status:
      code: 412
      message: The condition specified using HTTP conditional header(s) is not met.
    url: !!python/object/new:yarl.URL
      state: !!python/tuple
      - !!python/object/new:urllib.parse.SplitResult
        - https
        - amqptest.blob.core.windows.net
        - /utcontainer2e7b20ae/blob1
        - comp=page
        - ''
version: 1
