interactions:
- request:
    body: null
    headers:
      Accept:
      - '*/*'
      Accept-Encoding:
      - gzip, deflate
      Connection:
      - keep-alive
      Content-Length:
      - '0'
      User-Agent:
      - azsdk-python-storage-blob/12.6.0b2 Python/3.8.5 (Windows-10-10.0.19041-SP0)
      x-ms-date:
      - Tue, 01 Dec 2020 21:42:32 GMT
      x-ms-version:
      - '2020-04-08'
    method: PUT
    uri: https://storagename.blob.core.windows.net/utcontainere8d9187e?restype=container
  response:
    body:
      string: ''
    headers:
      content-length:
      - '0'
      date:
      - Tue, 01 Dec 2020 21:42:29 GMT
      etag:
      - '"0x8D8964200B14BB3"'
      last-modified:
      - Tue, 01 Dec 2020 21:42:29 GMT
      server:
      - Windows-Azure-Blob/1.0 Microsoft-HTTPAPI/2.0
      x-ms-version:
      - '2020-04-08'
    status:
      code: 201
      message: Created
- request:
    body: null
    headers:
      Accept:
      - '*/*'
      Accept-Encoding:
      - gzip, deflate
      Connection:
      - keep-alive
      Content-Length:
      - '0'
      Content-Type:
      - application/octet-stream
      If-None-Match:
      - '*'
      User-Agent:
      - azsdk-python-storage-blob/12.6.0b2 Python/3.8.5 (Windows-10-10.0.19041-SP0)
      x-ms-blob-type:
      - BlockBlob
      x-ms-date:
      - Tue, 01 Dec 2020 21:42:32 GMT
      x-ms-version:
      - '2020-04-08'
    method: PUT
    uri: https://storagename.blob.core.windows.net/utcontainere8d9187e/blobe8d9187e
  response:
    body:
      string: ''
    headers:
      content-length:
      - '0'
      content-md5:
      - 1B2M2Y8AsgTpgAmY7PhCfg==
      date:
      - Tue, 01 Dec 2020 21:42:29 GMT
      etag:
      - '"0x8D8964200C2BE9B"'
      last-modified:
      - Tue, 01 Dec 2020 21:42:29 GMT
      server:
      - Windows-Azure-Blob/1.0 Microsoft-HTTPAPI/2.0
      x-ms-content-crc64:
      - AAAAAAAAAAA=
      x-ms-request-server-encrypted:
      - 'true'
      x-ms-version:
      - '2020-04-08'
      x-ms-version-id:
      - '2020-12-01T21:42:29.7695899Z'
    status:
      code: 201
      message: Created
- request:
    body: fake data
    headers:
      Accept:
      - '*/*'
      Accept-Encoding:
      - gzip, deflate
      Connection:
      - keep-alive
      Content-Length:
      - '9'
      Content-Type:
      - application/octet-stream
      If-None-Match:
      - '*'
      User-Agent:
      - azsdk-python-storage-blob/12.6.0b2 Python/3.8.5 (Windows-10-10.0.19041-SP0)
      x-ms-blob-type:
      - BlockBlob
      x-ms-date:
      - Tue, 01 Dec 2020 21:42:32 GMT
      x-ms-version:
      - '2020-04-08'
    method: PUT
    uri: https://storagename.blob.core.windows.net/utcontainere8d9187e/blob1copy
  response:
    body:
      string: ''
    headers:
      content-length:
      - '0'
      content-md5:
      - DHa+SUlusmH+AAI91Dli4g==
      date:
      - Tue, 01 Dec 2020 21:42:29 GMT
      etag:
      - '"0x8D8964200D36370"'
      last-modified:
      - Tue, 01 Dec 2020 21:42:29 GMT
      server:
      - Windows-Azure-Blob/1.0 Microsoft-HTTPAPI/2.0
      x-ms-content-crc64:
      - i5c8XC72eYw=
      x-ms-request-server-encrypted:
      - 'true'
      x-ms-version:
      - '2020-04-08'
      x-ms-version-id:
      - '2020-12-01T21:42:29.8786672Z'
    status:
      code: 201
      message: Created
- request:
    body: null
    headers:
      Accept:
      - '*/*'
      Accept-Encoding:
      - gzip, deflate
      Connection:
      - keep-alive
      Content-Length:
      - '0'
      If-Modified-Since:
      - Tue, 01 Dec 2020 21:57:32 GMT
      User-Agent:
      - azsdk-python-storage-blob/12.6.0b2 Python/3.8.5 (Windows-10-10.0.19041-SP0)
      x-ms-blob-type:
      - BlockBlob
      x-ms-copy-source:
      - https://seanmcccanary3.blob.core.windows.net/utcontainere8d9187e/blobe8d9187e?se=2020-12-01T22%3A42%3A32Z&sp=rt&sv=2020-04-08&sr=b&sig=vmw1NMOGQkrLViO/NINCnbn3AeVyT4zxbilsxi68WRk%3D
      x-ms-copy-source-blob-properties:
      - 'true'
      x-ms-date:
      - Tue, 01 Dec 2020 21:42:32 GMT
      x-ms-version:
      - '2020-04-08'
    method: PUT
    uri: https://storagename.blob.core.windows.net/utcontainere8d9187e/blob1copy
  response:
    body:
      string: "\uFEFF<?xml version=\"1.0\" encoding=\"utf-8\"?><Error><Code>ConditionNotMet</Code><Message>The
        condition specified using HTTP conditional header(s) is not met.\nRequestId:196dbd22-d01e-0055-422a-c8ca49000000\nTime:2020-12-01T21:42:30.1896134Z</Message></Error>"
    headers:
      content-length:
      - '252'
      content-type:
      - application/xml
      date:
      - Tue, 01 Dec 2020 21:42:30 GMT
      server:
      - Windows-Azure-Blob/1.0 Microsoft-HTTPAPI/2.0
      x-ms-error-code:
      - ConditionNotMet
      x-ms-version:
      - '2020-04-08'
    status:
      code: 412
      message: The condition specified using HTTP conditional header(s) is not met.
- request:
    body: null
    headers:
      Accept:
      - '*/*'
      Accept-Encoding:
      - gzip, deflate
      Connection:
      - keep-alive
      Content-Length:
      - '0'
      If-Modified-Since:
      - Tue, 01 Dec 2020 21:27:32 GMT
      User-Agent:
      - azsdk-python-storage-blob/12.6.0b2 Python/3.8.5 (Windows-10-10.0.19041-SP0)
      x-ms-blob-type:
      - BlockBlob
      x-ms-copy-source:
      - https://seanmcccanary3.blob.core.windows.net/utcontainere8d9187e/blobe8d9187e?se=2020-12-01T22%3A42%3A32Z&sp=rt&sv=2020-04-08&sr=b&sig=vmw1NMOGQkrLViO/NINCnbn3AeVyT4zxbilsxi68WRk%3D
      x-ms-copy-source-blob-properties:
      - 'true'
      x-ms-date:
      - Tue, 01 Dec 2020 21:42:33 GMT
      x-ms-version:
      - '2020-04-08'
    method: PUT
    uri: https://storagename.blob.core.windows.net/utcontainere8d9187e/blob1copy
  response:
    body:
      string: ''
    headers:
      content-length:
      - '0'
      date:
      - Tue, 01 Dec 2020 21:42:30 GMT
      etag:
      - '"0x8D896420113AC75"'
      last-modified:
      - Tue, 01 Dec 2020 21:42:30 GMT
      server:
      - Windows-Azure-Blob/1.0 Microsoft-HTTPAPI/2.0
      x-ms-content-crc64:
      - AAAAAAAAAAA=
      x-ms-request-server-encrypted:
      - 'true'
      x-ms-version:
      - '2020-04-08'
      x-ms-version-id:
      - '2020-12-01T21:42:30.3009669Z'
    status:
      code: 201
      message: Created
- request:
    body: null
    headers:
      Accept:
      - '*/*'
      Accept-Encoding:
      - gzip, deflate
      Connection:
      - keep-alive
      Content-Length:
      - '0'
      If-Unmodified-Since:
      - Tue, 01 Dec 2020 21:27:32 GMT
      User-Agent:
      - azsdk-python-storage-blob/12.6.0b2 Python/3.8.5 (Windows-10-10.0.19041-SP0)
      x-ms-blob-type:
      - BlockBlob
      x-ms-copy-source:
      - https://seanmcccanary3.blob.core.windows.net/utcontainere8d9187e/blobe8d9187e?se=2020-12-01T22%3A42%3A32Z&sp=rt&sv=2020-04-08&sr=b&sig=vmw1NMOGQkrLViO/NINCnbn3AeVyT4zxbilsxi68WRk%3D
      x-ms-copy-source-blob-properties:
      - 'true'
      x-ms-date:
      - Tue, 01 Dec 2020 21:42:33 GMT
      x-ms-version:
      - '2020-04-08'
    method: PUT
    uri: https://storagename.blob.core.windows.net/utcontainere8d9187e/blob1copy
  response:
    body:
      string: "\uFEFF<?xml version=\"1.0\" encoding=\"utf-8\"?><Error><Code>ConditionNotMet</Code><Message>The
        condition specified using HTTP conditional header(s) is not met.\nRequestId:196dbdb6-d01e-0055-3a2a-c8ca49000000\nTime:2020-12-01T21:42:30.4197755Z</Message></Error>"
    headers:
      content-length:
      - '252'
      content-type:
      - application/xml
      date:
      - Tue, 01 Dec 2020 21:42:30 GMT
      server:
      - Windows-Azure-Blob/1.0 Microsoft-HTTPAPI/2.0
      x-ms-error-code:
      - ConditionNotMet
      x-ms-version:
      - '2020-04-08'
    status:
      code: 412
      message: The condition specified using HTTP conditional header(s) is not met.
- request:
    body: null
    headers:
      Accept:
      - '*/*'
      Accept-Encoding:
      - gzip, deflate
      Connection:
      - keep-alive
      Content-Length:
      - '0'
      If-Unmodified-Since:
      - Tue, 01 Dec 2020 21:57:32 GMT
      User-Agent:
      - azsdk-python-storage-blob/12.6.0b2 Python/3.8.5 (Windows-10-10.0.19041-SP0)
      x-ms-blob-type:
      - BlockBlob
      x-ms-copy-source:
      - https://seanmcccanary3.blob.core.windows.net/utcontainere8d9187e/blobe8d9187e?se=2020-12-01T22%3A42%3A32Z&sp=rt&sv=2020-04-08&sr=b&sig=vmw1NMOGQkrLViO/NINCnbn3AeVyT4zxbilsxi68WRk%3D
      x-ms-copy-source-blob-properties:
      - 'true'
      x-ms-date:
      - Tue, 01 Dec 2020 21:42:33 GMT
      x-ms-version:
      - '2020-04-08'
    method: PUT
    uri: https://storagename.blob.core.windows.net/utcontainere8d9187e/blob1copy
  response:
    body:
      string: ''
    headers:
      content-length:
      - '0'
      date:
      - Tue, 01 Dec 2020 21:42:30 GMT
      etag:
      - '"0x8D896420135E0BB"'
      last-modified:
      - Tue, 01 Dec 2020 21:42:30 GMT
      server:
      - Windows-Azure-Blob/1.0 Microsoft-HTTPAPI/2.0
      x-ms-content-crc64:
      - AAAAAAAAAAA=
      x-ms-request-server-encrypted:
      - 'true'
      x-ms-version:
      - '2020-04-08'
      x-ms-version-id:
      - '2020-12-01T21:42:30.5261280Z'
    status:
      code: 201
      message: Created
- request:
    body: null
    headers:
      Accept:
      - '*/*'
      Accept-Encoding:
      - gzip, deflate
      Connection:
      - keep-alive
      Content-Length:
      - '0'
      User-Agent:
      - azsdk-python-storage-blob/12.6.0b2 Python/3.8.5 (Windows-10-10.0.19041-SP0)
      x-ms-blob-type:
      - BlockBlob
      x-ms-copy-source:
      - https://seanmcccanary3.blob.core.windows.net/utcontainere8d9187e/blobe8d9187e?se=2020-12-01T22%3A42%3A32Z&sp=rt&sv=2020-04-08&sr=b&sig=vmw1NMOGQkrLViO/NINCnbn3AeVyT4zxbilsxi68WRk%3D
      x-ms-copy-source-blob-properties:
      - 'true'
      x-ms-date:
      - Tue, 01 Dec 2020 21:42:33 GMT
      x-ms-source-if-modified-since:
      - Tue, 01 Dec 2020 21:57:32 GMT
      x-ms-version:
      - '2020-04-08'
    method: PUT
    uri: https://storagename.blob.core.windows.net/utcontainere8d9187e/blob1copy
  response:
    body:
      string: ''
    headers:
      content-length:
      - '0'
      date:
      - Tue, 01 Dec 2020 21:42:30 GMT
      server:
      - Windows-Azure-Blob/1.0 Microsoft-HTTPAPI/2.0
      x-ms-error-code:
      - CannotVerifyCopySource
      x-ms-version:
      - '2020-04-08'
    status:
      code: 304
      message: The condition specified using HTTP conditional header(s) is not met.
- request:
    body: null
    headers:
      Accept:
      - '*/*'
      Accept-Encoding:
      - gzip, deflate
      Connection:
      - keep-alive
      Content-Length:
      - '0'
      User-Agent:
      - azsdk-python-storage-blob/12.6.0b2 Python/3.8.5 (Windows-10-10.0.19041-SP0)
      x-ms-blob-type:
      - BlockBlob
      x-ms-copy-source:
      - https://seanmcccanary3.blob.core.windows.net/utcontainere8d9187e/blobe8d9187e?se=2020-12-01T22%3A42%3A32Z&sp=rt&sv=2020-04-08&sr=b&sig=vmw1NMOGQkrLViO/NINCnbn3AeVyT4zxbilsxi68WRk%3D
      x-ms-copy-source-blob-properties:
      - 'true'
      x-ms-date:
      - Tue, 01 Dec 2020 21:42:33 GMT
      x-ms-source-if-modified-since:
      - Tue, 01 Dec 2020 21:27:32 GMT
      x-ms-version:
      - '2020-04-08'
    method: PUT
    uri: https://storagename.blob.core.windows.net/utcontainere8d9187e/blob1copy
  response:
    body:
      string: ''
    headers:
      content-length:
      - '0'
      date:
      - Tue, 01 Dec 2020 21:42:30 GMT
      etag:
      - '"0x8D89642015AFBB9"'
      last-modified:
      - Tue, 01 Dec 2020 21:42:30 GMT
      server:
      - Windows-Azure-Blob/1.0 Microsoft-HTTPAPI/2.0
      x-ms-content-crc64:
      - AAAAAAAAAAA=
      x-ms-request-server-encrypted:
      - 'true'
      x-ms-version:
      - '2020-04-08'
      x-ms-version-id:
      - '2020-12-01T21:42:30.7683017Z'
    status:
      code: 201
      message: Created
- request:
    body: null
    headers:
      Accept:
      - '*/*'
      Accept-Encoding:
      - gzip, deflate
      Connection:
      - keep-alive
      Content-Length:
      - '0'
      User-Agent:
      - azsdk-python-storage-blob/12.6.0b2 Python/3.8.5 (Windows-10-10.0.19041-SP0)
      x-ms-blob-type:
      - BlockBlob
      x-ms-copy-source:
      - https://seanmcccanary3.blob.core.windows.net/utcontainere8d9187e/blobe8d9187e?se=2020-12-01T22%3A42%3A32Z&sp=rt&sv=2020-04-08&sr=b&sig=vmw1NMOGQkrLViO/NINCnbn3AeVyT4zxbilsxi68WRk%3D
      x-ms-copy-source-blob-properties:
      - 'true'
      x-ms-date:
      - Tue, 01 Dec 2020 21:42:33 GMT
      x-ms-source-if-unmodified-since:
      - Tue, 01 Dec 2020 21:27:32 GMT
      x-ms-version:
      - '2020-04-08'
    method: PUT
    uri: https://storagename.blob.core.windows.net/utcontainere8d9187e/blob1copy
  response:
    body:
      string: "\uFEFF<?xml version=\"1.0\" encoding=\"utf-8\"?><Error><Code>CannotVerifyCopySource</Code><Message>The
        condition specified using HTTP conditional header(s) is not met.\nRequestId:196dbdf6-d01e-0055-722a-c8ca49000000\nTime:2020-12-01T21:42:30.8750962Z</Message></Error>"
    headers:
      content-length:
      - '259'
      content-type:
      - application/xml
      date:
      - Tue, 01 Dec 2020 21:42:30 GMT
      server:
      - Windows-Azure-Blob/1.0 Microsoft-HTTPAPI/2.0
      x-ms-error-code:
      - CannotVerifyCopySource
      x-ms-version:
      - '2020-04-08'
    status:
      code: 412
      message: The condition specified using HTTP conditional header(s) is not met.
- request:
    body: null
    headers:
      Accept:
      - '*/*'
      Accept-Encoding:
      - gzip, deflate
      Connection:
      - keep-alive
      Content-Length:
      - '0'
      User-Agent:
      - azsdk-python-storage-blob/12.6.0b2 Python/3.8.5 (Windows-10-10.0.19041-SP0)
      x-ms-blob-type:
      - BlockBlob
      x-ms-copy-source:
      - https://seanmcccanary3.blob.core.windows.net/utcontainere8d9187e/blobe8d9187e?se=2020-12-01T22%3A42%3A32Z&sp=rt&sv=2020-04-08&sr=b&sig=vmw1NMOGQkrLViO/NINCnbn3AeVyT4zxbilsxi68WRk%3D
      x-ms-copy-source-blob-properties:
      - 'true'
      x-ms-date:
      - Tue, 01 Dec 2020 21:42:33 GMT
      x-ms-source-if-unmodified-since:
      - Tue, 01 Dec 2020 21:57:32 GMT
      x-ms-version:
      - '2020-04-08'
    method: PUT
    uri: https://storagename.blob.core.windows.net/utcontainere8d9187e/blob1copy
  response:
    body:
      string: ''
    headers:
      content-length:
      - '0'
      date:
      - Tue, 01 Dec 2020 21:42:30 GMT
      etag:
      - '"0x8D89642017C6C8C"'
      last-modified:
      - Tue, 01 Dec 2020 21:42:30 GMT
      server:
      - Windows-Azure-Blob/1.0 Microsoft-HTTPAPI/2.0
      x-ms-content-crc64:
      - AAAAAAAAAAA=
      x-ms-request-server-encrypted:
      - 'true'
      x-ms-version:
      - '2020-04-08'
      x-ms-version-id:
      - '2020-12-01T21:42:30.9874588Z'
    status:
      code: 201
      message: Created
version: 1
