interactions:
- request:
    body: null
    headers:
      Accept:
      - '*/*'
      Accept-Encoding:
      - gzip, deflate
      Connection:
      - keep-alive
      Content-Length:
      - '0'
      User-Agent:
      - azsdk-python-storage-blob/12.0.0b2 Python/3.7.3 (Windows-10-10.0.17763-SP0)
      x-ms-date:
      - Thu, 29 Aug 2019 08:55:16 GMT
      x-ms-version:
      - '2019-02-02'
    method: PUT
    uri: https://pyacrstoragedd800d7b.blob.core.windows.net/utcontainerdd800d7b?restype=container
  response:
    body:
      string: ''
    headers:
      content-length:
      - '0'
      date:
      - Thu, 29 Aug 2019 08:55:15 GMT
      etag:
      - '"0x8D72C5E9C8427D5"'
      last-modified:
      - Thu, 29 Aug 2019 08:55:16 GMT
      server:
      - Windows-Azure-Blob/1.0 Microsoft-HTTPAPI/2.0
      x-ms-version:
      - '2019-02-02'
    status:
      code: 201
      message: Created
- request:
    body: null
    headers:
      Accept:
      - '*/*'
      Accept-Encoding:
      - gzip, deflate
      Connection:
      - keep-alive
      Content-Length:
      - '0'
      User-Agent:
      - azsdk-python-storage-blob/12.0.0b2 Python/3.7.3 (Windows-10-10.0.17763-SP0)
      x-ms-date:
      - Thu, 29 Aug 2019 08:55:16 GMT
      x-ms-version:
      - '2019-02-02'
    method: PUT
    uri: https://pyacrstoragedd800d7b.blob.core.windows.net/utcontainerdd800d7b?restype=container
  response:
    body:
      string: "\uFEFF<?xml version=\"1.0\" encoding=\"utf-8\"?><Error><Code>ContainerAlreadyExists</Code><Message>The
        specified container already exists.\nRequestId:03904b55-f01e-0028-7b47-5e47c9000000\nTime:2019-08-29T08:55:19.4931561Z</Message></Error>"
    headers:
      content-length:
      - '230'
      content-type:
      - application/xml
      date:
      - Thu, 29 Aug 2019 08:55:18 GMT
      server:
      - Windows-Azure-Blob/1.0 Microsoft-HTTPAPI/2.0
      x-ms-error-code:
      - ContainerAlreadyExists
      x-ms-version:
      - '2019-02-02'
    status:
      code: 409
      message: The specified container already exists.
- request:
    body: null
    headers:
      Accept:
      - '*/*'
      Accept-Encoding:
      - gzip, deflate
      Connection:
      - keep-alive
      Content-Length:
      - '0'
      User-Agent:
      - azsdk-python-storage-blob/12.0.0b2 Python/3.7.3 (Windows-10-10.0.17763-SP0)
      x-ms-date:
      - Thu, 29 Aug 2019 08:55:20 GMT
      x-ms-version:
      - '2019-02-02'
    method: DELETE
    uri: https://pyacrstoragedd800d7b.blob.core.windows.net/utcontainerdd800d7b?restype=container
  response:
    body:
      string: ''
    headers:
      content-length:
      - '0'
      date:
      - Thu, 29 Aug 2019 08:55:18 GMT
      server:
      - Windows-Azure-Blob/1.0 Microsoft-HTTPAPI/2.0
      x-ms-version:
      - '2019-02-02'
    status:
      code: 202
      message: Accepted
version: 1
