interactions:
- request:
    body: null
    headers:
      Accept:
      - '*/*'
      Accept-Encoding:
      - gzip, deflate
      Connection:
      - keep-alive
      Content-Length:
      - '0'
      User-Agent:
      - python/3.6.5 (Darwin-16.7.0-x86_64-i386-64bit) azure-core/0.0.1
      x-ms-blob-content-length:
      - '512'
      x-ms-blob-type:
      - PageBlob
      x-ms-client-request-id:
      - f42d98f0-8ecb-11e9-a2f1-f45c89a7d159
      x-ms-date:
      - Fri, 14 Jun 2019 17:43:43 GMT
      x-ms-version:
      - '2018-03-28'
    method: PUT
    uri: https://remotestoragename.blob.core.windows.net/utcontainer902711ce/blob902711ce
  response:
    body:
      string: ''
    headers:
      Content-Length:
      - '0'
      Date:
      - Fri, 14 Jun 2019 17:43:44 GMT
      ETag:
      - '"0x8D6F0EFD8F4184F"'
      Last-Modified:
      - Fri, 14 Jun 2019 17:43:44 GMT
      Server:
      - Windows-Azure-Blob/1.0 Microsoft-HTTPAPI/2.0
      x-ms-request-id:
      - 24ae64d2-f01e-00be-2cd8-22718b000000
      x-ms-request-server-encrypted:
      - 'true'
      x-ms-version:
      - '2018-03-28'
    status:
      code: 201
      message: Created
- request:
    body: null
    headers:
      Accept:
      - application/xml
      Accept-Encoding:
      - gzip, deflate
      Connection:
      - keep-alive
      User-Agent:
      - python/3.6.5 (Darwin-16.7.0-x86_64-i386-64bit) azure-core/0.0.1
      x-ms-client-request-id:
      - f44e4fa8-8ecb-11e9-beb7-f45c89a7d159
      x-ms-date:
      - Fri, 14 Jun 2019 17:43:43 GMT
      x-ms-version:
      - '2018-03-28'
    method: GET
    uri: https://remotestoragename.blob.core.windows.net/utcontainer902711ce/blob902711ce?comp=pagelist
  response:
    body:
      string: "\uFEFF<?xml version=\"1.0\" encoding=\"utf-8\"?><PageList />"
    headers:
      Content-Type:
      - application/xml
      Date:
      - Fri, 14 Jun 2019 17:43:44 GMT
      ETag:
      - '"0x8D6F0EFD8F4184F"'
      Last-Modified:
      - Fri, 14 Jun 2019 17:43:44 GMT
      Server:
      - Windows-Azure-Blob/1.0 Microsoft-HTTPAPI/2.0
      Transfer-Encoding:
      - chunked
      Vary:
      - Origin
      x-ms-blob-content-length:
      - '512'
      x-ms-request-id:
      - 24ae64d9-f01e-00be-33d8-22718b000000
      x-ms-version:
      - '2018-03-28'
    status:
      code: 200
      message: OK
- request:
    body: null
    headers:
      Accept:
      - '*/*'
      Accept-Encoding:
      - gzip, deflate
      Connection:
      - keep-alive
      Content-Length:
      - '0'
      User-Agent:
      - python/3.6.5 (Darwin-16.7.0-x86_64-i386-64bit) azure-core/0.0.1
      x-ms-blob-content-length:
      - '512'
      x-ms-blob-type:
      - PageBlob
      x-ms-client-request-id:
      - 4accd1ae-8ed5-11e9-82be-f45c89a7d159
      x-ms-date:
      - Fri, 14 Jun 2019 18:50:34 GMT
      x-ms-version:
      - '2018-03-28'
    method: PUT
    uri: https://storagename.blob.core.windows.net/utcontainer902711ce/blob902711ce
  response:
    body:
      string: ''
    headers:
      Content-Length:
      - '0'
      Date:
      - Fri, 14 Jun 2019 18:50:33 GMT
      ETag:
      - '"0x8D6F0F92F325C0C"'
      Last-Modified:
      - Fri, 14 Jun 2019 18:50:34 GMT
      Server:
      - Windows-Azure-Blob/1.0 Microsoft-HTTPAPI/2.0
      x-ms-request-id:
      - b893f8bb-c01e-0071-12e2-221639000000
      x-ms-request-server-encrypted:
      - 'true'
      x-ms-version:
      - '2018-03-28'
    status:
      code: 201
      message: Created
- request:
    body: null
    headers:
      Accept:
      - application/xml
      Accept-Encoding:
      - gzip, deflate
      Connection:
      - keep-alive
      User-Agent:
      - python/3.6.5 (Darwin-16.7.0-x86_64-i386-64bit) azure-core/0.0.1
      x-ms-client-request-id:
      - 4b023cae-8ed5-11e9-b927-f45c89a7d159
      x-ms-date:
      - Fri, 14 Jun 2019 18:50:34 GMT
      x-ms-version:
      - '2018-03-28'
    method: GET
    uri: https://storagename.blob.core.windows.net/utcontainer902711ce/blob902711ce?comp=pagelist
  response:
    body:
      string: "\uFEFF<?xml version=\"1.0\" encoding=\"utf-8\"?><PageList />"
    headers:
      Content-Type:
      - application/xml
      Date:
      - Fri, 14 Jun 2019 18:50:34 GMT
      ETag:
      - '"0x8D6F0F92F325C0C"'
      Last-Modified:
      - Fri, 14 Jun 2019 18:50:34 GMT
      Server:
      - Windows-Azure-Blob/1.0 Microsoft-HTTPAPI/2.0
      Transfer-Encoding:
      - chunked
      Vary:
      - Origin
      x-ms-blob-content-length:
      - '512'
      x-ms-request-id:
      - b893f8d5-c01e-0071-2ae2-221639000000
      x-ms-version:
      - '2018-03-28'
    status:
      code: 200
      message: OK
- request:
    body: null
    headers:
      Accept:
      - '*/*'
      Accept-Encoding:
      - gzip, deflate
      Connection:
      - keep-alive
      Content-Length:
      - '0'
      User-Agent:
      - azsdk-python-storage-blob/12.0.0b2 Python/3.7.3 (Windows-10-10.0.17763-SP0)
      content-type:
      - application/xml; charset=utf-8
      x-ms-blob-content-length:
      - '512'
      x-ms-blob-type:
      - PageBlob
      x-ms-client-request-id:
      - 522d4d38-c863-11e9-97a0-2816a845e8c6
      x-ms-date:
      - Tue, 27 Aug 2019 00:40:51 GMT
      x-ms-version:
      - '2019-02-02'
    method: PUT
    uri: https://blobstoragename.blob.core.windows.net/utcontainer902711ce/blob902711ce
  response:
    body:
      string: ''
    headers:
      Content-Length:
      - '0'
      Date:
      - Tue, 27 Aug 2019 00:40:49 GMT
      ETag:
      - '"0x8D72A8735895730"'
      Last-Modified:
      - Tue, 27 Aug 2019 00:40:50 GMT
      Server:
      - Windows-Azure-Blob/1.0 Microsoft-HTTPAPI/2.0
      x-ms-client-request-id:
      - 522d4d38-c863-11e9-97a0-2816a845e8c6
      x-ms-request-id:
      - 84718f55-e01e-0066-7670-5cd65a000000
      x-ms-request-server-encrypted:
      - 'true'
      x-ms-version:
      - '2019-02-02'
    status:
      code: 201
      message: Created
- request:
    body: null
    headers:
      Accept:
      - application/xml
      Accept-Encoding:
      - gzip, deflate
      Connection:
      - keep-alive
      User-Agent:
      - azsdk-python-storage-blob/12.0.0b2 Python/3.7.3 (Windows-10-10.0.17763-SP0)
      content-type:
      - application/xml; charset=utf-8
      x-ms-client-request-id:
      - 52561634-c863-11e9-9acf-2816a845e8c6
      x-ms-date:
      - Tue, 27 Aug 2019 00:40:52 GMT
      x-ms-version:
      - '2019-02-02'
    method: GET
    uri: https://blobstoragename.blob.core.windows.net/utcontainer902711ce/blob902711ce?comp=pagelist
  response:
    body:
      string: "\uFEFF<?xml version=\"1.0\" encoding=\"utf-8\"?><PageList />"
    headers:
      Content-Type:
      - application/xml
      Date:
      - Tue, 27 Aug 2019 00:40:49 GMT
      ETag:
      - '"0x8D72A8735895730"'
      Last-Modified:
      - Tue, 27 Aug 2019 00:40:50 GMT
      Server:
      - Windows-Azure-Blob/1.0 Microsoft-HTTPAPI/2.0
      Transfer-Encoding:
      - chunked
      Vary:
      - Origin
      x-ms-blob-content-length:
      - '512'
      x-ms-client-request-id:
      - 52561634-c863-11e9-9acf-2816a845e8c6
      x-ms-request-id:
      - 84718f68-e01e-0066-0670-5cd65a000000
      x-ms-version:
      - '2019-02-02'
    status:
      code: 200
      message: OK
version: 1
