interactions:
- request:
    body: '<?xml version=''1.0'' encoding=''utf-8''?>

      <StorageServiceProperties><DeleteRetentionPolicy><Enabled>true</Enabled><Days>1</Days></DeleteRetentionPolicy></StorageServiceProperties>'
    headers:
      Content-Length:
      - '176'
      Content-Type:
      - application/xml; charset=utf-8
      User-Agent:
      - azsdk-python-storage-blob/12.0.0b1 Python/3.7.3 (Windows-10-10.0.18362-SP0)
      x-ms-client-request-id:
      - a2b82d08-b4d2-11e9-8cf8-b831b58100e8
      x-ms-date:
      - Fri, 02 Aug 2019 03:07:17 GMT
      x-ms-version:
      - '2018-03-28'
    method: PUT
    uri: https://storagename.blob.core.windows.net/?restype=service&comp=properties
  response:
    body:
      string: ''
    headers:
      ? !!python/object/new:multidict._istr.istr
      - Content-Length
      : '0'
      ? !!python/object/new:multidict._istr.istr
      - Date
      : Fri, 02 Aug 2019 03:07:17 GMT
      ? !!python/object/new:multidict._istr.istr
      - Server
      : Windows-Azure-Blob/1.0 Microsoft-HTTPAPI/2.0
      x-ms-request-id: d5cc2a58-901e-008c-28df-48295b000000
      x-ms-version: '2018-03-28'
    status:
      code: 202
      message: Accepted
    url: !!python/object/new:yarl.URL
      state: !!python/tuple
      - !!python/object/new:urllib.parse.SplitResult
        - https
        - amqptest.blob.core.windows.net
        - /
        - restype=service&comp=properties
        - ''
- request:
    body: null
    headers:
      Accept:
      - application/xml
      User-Agent:
      - azsdk-python-storage-blob/12.0.0b1 Python/3.7.3 (Windows-10-10.0.18362-SP0)
      content-type:
      - application/xml; charset=utf-8
      x-ms-client-request-id:
      - a2d3ccde-b4d2-11e9-974d-b831b58100e8
      x-ms-date:
      - Fri, 02 Aug 2019 03:07:17 GMT
      x-ms-version:
      - '2018-03-28'
    method: GET
    uri: https://storagename.blob.core.windows.net/?restype=service&comp=properties
  response:
    body:
      string: "\uFEFF<?xml version=\"1.0\" encoding=\"utf-8\"?><StorageServiceProperties><Logging><Version>1.0</Version><Read>false</Read><Write>false</Write><Delete>false</Delete><RetentionPolicy><Enabled>false</Enabled></RetentionPolicy></Logging><HourMetrics><Version>1.0</Version><Enabled>false</Enabled><RetentionPolicy><Enabled>false</Enabled></RetentionPolicy></HourMetrics><MinuteMetrics><Version>1.0</Version><Enabled>false</Enabled><RetentionPolicy><Enabled>false</Enabled></RetentionPolicy></MinuteMetrics><Cors><CorsRule><AllowedMethods>GET</AllowedMethods><AllowedOrigins>www.xyz.com</AllowedOrigins><AllowedHeaders
        /><ExposedHeaders /><MaxAgeInSeconds>0</MaxAgeInSeconds></CorsRule><CorsRule><AllowedMethods>GET,PUT</AllowedMethods><AllowedOrigins>www.xyz.com,www.ab.com,www.bc.com</AllowedOrigins><AllowedHeaders>x-ms-meta-xyz,x-ms-meta-foo,x-ms-meta-data*,x-ms-meta-target*</AllowedHeaders><ExposedHeaders>x-ms-meta-abc,x-ms-meta-bcd,x-ms-meta-data*,x-ms-meta-source*</ExposedHeaders><MaxAgeInSeconds>500</MaxAgeInSeconds></CorsRule></Cors><DeleteRetentionPolicy><Enabled>true</Enabled><Days>1</Days></DeleteRetentionPolicy><StaticWebsite><Enabled>false</Enabled></StaticWebsite><DefaultServiceVersion>2014-02-14</DefaultServiceVersion></StorageServiceProperties>"
    headers:
      ? !!python/object/new:multidict._istr.istr
      - Content-Type
      : application/xml
      ? !!python/object/new:multidict._istr.istr
      - Date
      : Fri, 02 Aug 2019 03:07:17 GMT
      ? !!python/object/new:multidict._istr.istr
      - Server
      : Windows-Azure-Blob/1.0 Microsoft-HTTPAPI/2.0
      ? !!python/object/new:multidict._istr.istr
      - Transfer-Encoding
      : chunked
      ? !!python/object/new:multidict._istr.istr
      - Vary
      : Origin
      x-ms-request-id: d5cc2a7c-901e-008c-40df-48295b000000
      x-ms-version: '2018-03-28'
    status:
      code: 200
      message: OK
    url: !!python/object/new:yarl.URL
      state: !!python/tuple
      - !!python/object/new:urllib.parse.SplitResult
        - https
        - amqptest.blob.core.windows.net
        - /
        - restype=service&comp=properties
        - ''
- request:
    body: '<?xml version=''1.0'' encoding=''utf-8''?>

      <StorageServiceProperties><DeleteRetentionPolicy><Enabled>true</Enabled><Days>365</Days></DeleteRetentionPolicy></StorageServiceProperties>'
    headers:
      Content-Length:
      - '178'
      Content-Type:
      - application/xml; charset=utf-8
      User-Agent:
      - azsdk-python-storage-blob/12.0.0b1 Python/3.7.3 (Windows-10-10.0.18362-SP0)
      x-ms-client-request-id:
      - a2d9c04c-b4d2-11e9-ad2a-b831b58100e8
      x-ms-date:
      - Fri, 02 Aug 2019 03:07:17 GMT
      x-ms-version:
      - '2018-03-28'
    method: PUT
    uri: https://storagename.blob.core.windows.net/?restype=service&comp=properties
  response:
    body:
      string: ''
    headers:
      ? !!python/object/new:multidict._istr.istr
      - Content-Length
      : '0'
      ? !!python/object/new:multidict._istr.istr
      - Date
      : Fri, 02 Aug 2019 03:07:17 GMT
      ? !!python/object/new:multidict._istr.istr
      - Server
      : Windows-Azure-Blob/1.0 Microsoft-HTTPAPI/2.0
      x-ms-request-id: d5cc2a88-901e-008c-4bdf-48295b000000
      x-ms-version: '2018-03-28'
    status:
      code: 202
      message: Accepted
    url: !!python/object/new:yarl.URL
      state: !!python/tuple
      - !!python/object/new:urllib.parse.SplitResult
        - https
        - amqptest.blob.core.windows.net
        - /
        - restype=service&comp=properties
        - ''
- request:
    body: null
    headers:
      Accept:
      - application/xml
      User-Agent:
      - azsdk-python-storage-blob/12.0.0b1 Python/3.7.3 (Windows-10-10.0.18362-SP0)
      content-type:
      - application/xml; charset=utf-8
      x-ms-client-request-id:
      - a2ead74c-b4d2-11e9-ae54-b831b58100e8
      x-ms-date:
      - Fri, 02 Aug 2019 03:07:18 GMT
      x-ms-version:
      - '2018-03-28'
    method: GET
    uri: https://storagename.blob.core.windows.net/?restype=service&comp=properties
  response:
    body:
      string: "\uFEFF<?xml version=\"1.0\" encoding=\"utf-8\"?><StorageServiceProperties><Logging><Version>1.0</Version><Read>false</Read><Write>false</Write><Delete>false</Delete><RetentionPolicy><Enabled>false</Enabled></RetentionPolicy></Logging><HourMetrics><Version>1.0</Version><Enabled>false</Enabled><RetentionPolicy><Enabled>false</Enabled></RetentionPolicy></HourMetrics><MinuteMetrics><Version>1.0</Version><Enabled>false</Enabled><RetentionPolicy><Enabled>false</Enabled></RetentionPolicy></MinuteMetrics><Cors><CorsRule><AllowedMethods>GET</AllowedMethods><AllowedOrigins>www.xyz.com</AllowedOrigins><AllowedHeaders
        /><ExposedHeaders /><MaxAgeInSeconds>0</MaxAgeInSeconds></CorsRule><CorsRule><AllowedMethods>GET,PUT</AllowedMethods><AllowedOrigins>www.xyz.com,www.ab.com,www.bc.com</AllowedOrigins><AllowedHeaders>x-ms-meta-xyz,x-ms-meta-foo,x-ms-meta-data*,x-ms-meta-target*</AllowedHeaders><ExposedHeaders>x-ms-meta-abc,x-ms-meta-bcd,x-ms-meta-data*,x-ms-meta-source*</ExposedHeaders><MaxAgeInSeconds>500</MaxAgeInSeconds></CorsRule></Cors><DeleteRetentionPolicy><Enabled>true</Enabled><Days>365</Days></DeleteRetentionPolicy><StaticWebsite><Enabled>false</Enabled></StaticWebsite><DefaultServiceVersion>2014-02-14</DefaultServiceVersion></StorageServiceProperties>"
    headers:
      ? !!python/object/new:multidict._istr.istr
      - Content-Type
      : application/xml
      ? !!python/object/new:multidict._istr.istr
      - Date
      : Fri, 02 Aug 2019 03:07:17 GMT
      ? !!python/object/new:multidict._istr.istr
      - Server
      : Windows-Azure-Blob/1.0 Microsoft-HTTPAPI/2.0
      ? !!python/object/new:multidict._istr.istr
      - Transfer-Encoding
      : chunked
      ? !!python/object/new:multidict._istr.istr
      - Vary
      : Origin
      x-ms-request-id: d5cc2aa5-901e-008c-68df-48295b000000
      x-ms-version: '2018-03-28'
    status:
      code: 200
      message: OK
    url: !!python/object/new:yarl.URL
      state: !!python/tuple
      - !!python/object/new:urllib.parse.SplitResult
        - https
        - amqptest.blob.core.windows.net
        - /
        - restype=service&comp=properties
        - ''
- request:
    body: null
    headers:
      Accept:
      - application/xml
      User-Agent:
      - azsdk-python-storage-blob/12.0.0b1 Python/3.7.3 (Windows-10-10.0.18362-SP0)
      content-type:
      - application/xml; charset=utf-8
      x-ms-client-request-id:
      - a2f0caa4-b4d2-11e9-93c2-b831b58100e8
      x-ms-date:
      - Fri, 02 Aug 2019 03:07:18 GMT
      x-ms-version:
      - '2018-03-28'
    method: GET
    uri: https://storagename.blob.core.windows.net/?restype=service&comp=properties
  response:
    body:
      string: "\uFEFF<?xml version=\"1.0\" encoding=\"utf-8\"?><StorageServiceProperties><Logging><Version>1.0</Version><Read>false</Read><Write>false</Write><Delete>false</Delete><RetentionPolicy><Enabled>false</Enabled></RetentionPolicy></Logging><HourMetrics><Version>1.0</Version><Enabled>false</Enabled><RetentionPolicy><Enabled>false</Enabled></RetentionPolicy></HourMetrics><MinuteMetrics><Version>1.0</Version><Enabled>false</Enabled><RetentionPolicy><Enabled>false</Enabled></RetentionPolicy></MinuteMetrics><Cors><CorsRule><AllowedMethods>GET</AllowedMethods><AllowedOrigins>www.xyz.com</AllowedOrigins><AllowedHeaders
        /><ExposedHeaders /><MaxAgeInSeconds>0</MaxAgeInSeconds></CorsRule><CorsRule><AllowedMethods>GET,PUT</AllowedMethods><AllowedOrigins>www.xyz.com,www.ab.com,www.bc.com</AllowedOrigins><AllowedHeaders>x-ms-meta-xyz,x-ms-meta-foo,x-ms-meta-data*,x-ms-meta-target*</AllowedHeaders><ExposedHeaders>x-ms-meta-abc,x-ms-meta-bcd,x-ms-meta-data*,x-ms-meta-source*</ExposedHeaders><MaxAgeInSeconds>500</MaxAgeInSeconds></CorsRule></Cors><DeleteRetentionPolicy><Enabled>true</Enabled><Days>365</Days></DeleteRetentionPolicy><StaticWebsite><Enabled>false</Enabled></StaticWebsite><DefaultServiceVersion>2014-02-14</DefaultServiceVersion></StorageServiceProperties>"
    headers:
      ? !!python/object/new:multidict._istr.istr
      - Content-Type
      : application/xml
      ? !!python/object/new:multidict._istr.istr
      - Date
      : Fri, 02 Aug 2019 03:07:17 GMT
      ? !!python/object/new:multidict._istr.istr
      - Server
      : Windows-Azure-Blob/1.0 Microsoft-HTTPAPI/2.0
      ? !!python/object/new:multidict._istr.istr
      - Transfer-Encoding
      : chunked
      ? !!python/object/new:multidict._istr.istr
      - Vary
      : Origin
      x-ms-request-id: d5cc2ab7-901e-008c-77df-48295b000000
      x-ms-version: '2018-03-28'
    status:
      code: 200
      message: OK
    url: !!python/object/new:yarl.URL
      state: !!python/tuple
      - !!python/object/new:urllib.parse.SplitResult
        - https
        - amqptest.blob.core.windows.net
        - /
        - restype=service&comp=properties
        - ''
- request:
    body: '<?xml version=''1.0'' encoding=''utf-8''?>

      <StorageServiceProperties><DeleteRetentionPolicy><Enabled>true</Enabled><Days>366</Days></DeleteRetentionPolicy></StorageServiceProperties>'
    headers:
      Content-Length:
      - '178'
      Content-Type:
      - application/xml; charset=utf-8
      User-Agent:
      - azsdk-python-storage-blob/12.0.0b1 Python/3.7.3 (Windows-10-10.0.18362-SP0)
      x-ms-client-request-id:
      - a2f65398-b4d2-11e9-b56d-b831b58100e8
      x-ms-date:
      - Fri, 02 Aug 2019 03:07:18 GMT
      x-ms-version:
      - '2018-03-28'
    method: PUT
    uri: https://storagename.blob.core.windows.net/?restype=service&comp=properties
  response:
    body:
      string: "\uFEFF<?xml version=\"1.0\" encoding=\"utf-8\"?><Error><Code>InvalidXmlDocument</Code><Message>XML
        specified is not syntactically valid.\nRequestId:d5cc2ac7-901e-008c-04df-48295b000000\nTime:2019-08-02T03:07:18.1640565Z</Message><LineNumber>2</LineNumber><LinePosition>91</LinePosition><Reason>Retention
        days must be greater than 0 and less than or equal to 365 days.</Reason></Error>"
    headers:
      ? !!python/object/new:multidict._istr.istr
      - Content-Length
      : '375'
      ? !!python/object/new:multidict._istr.istr
      - Content-Type
      : application/xml
      ? !!python/object/new:multidict._istr.istr
      - Date
      : Fri, 02 Aug 2019 03:07:17 GMT
      ? !!python/object/new:multidict._istr.istr
      - Server
      : Windows-Azure-Blob/1.0 Microsoft-HTTPAPI/2.0
      x-ms-error-code: InvalidXmlDocument
      x-ms-request-id: d5cc2ac7-901e-008c-04df-48295b000000
      x-ms-version: '2018-03-28'
    status:
      code: 400
      message: XML specified is not syntactically valid.
    url: !!python/object/new:yarl.URL
      state: !!python/tuple
      - !!python/object/new:urllib.parse.SplitResult
        - https
        - amqptest.blob.core.windows.net
        - /
        - restype=service&comp=properties
        - ''
- request:
    body: null
    headers:
      Accept:
      - application/xml
      User-Agent:
      - azsdk-python-storage-blob/12.0.0b1 Python/3.7.3 (Windows-10-10.0.18362-SP0)
      content-type:
      - application/xml; charset=utf-8
      x-ms-client-request-id:
      - a2fbd20a-b4d2-11e9-bc95-b831b58100e8
      x-ms-date:
      - Fri, 02 Aug 2019 03:07:18 GMT
      x-ms-version:
      - '2018-03-28'
    method: GET
    uri: https://storagename.blob.core.windows.net/?restype=service&comp=properties
  response:
    body:
      string: "\uFEFF<?xml version=\"1.0\" encoding=\"utf-8\"?><StorageServiceProperties><Logging><Version>1.0</Version><Read>false</Read><Write>false</Write><Delete>false</Delete><RetentionPolicy><Enabled>false</Enabled></RetentionPolicy></Logging><HourMetrics><Version>1.0</Version><Enabled>false</Enabled><RetentionPolicy><Enabled>false</Enabled></RetentionPolicy></HourMetrics><MinuteMetrics><Version>1.0</Version><Enabled>false</Enabled><RetentionPolicy><Enabled>false</Enabled></RetentionPolicy></MinuteMetrics><Cors><CorsRule><AllowedMethods>GET</AllowedMethods><AllowedOrigins>www.xyz.com</AllowedOrigins><AllowedHeaders
        /><ExposedHeaders /><MaxAgeInSeconds>0</MaxAgeInSeconds></CorsRule><CorsRule><AllowedMethods>GET,PUT</AllowedMethods><AllowedOrigins>www.xyz.com,www.ab.com,www.bc.com</AllowedOrigins><AllowedHeaders>x-ms-meta-xyz,x-ms-meta-foo,x-ms-meta-data*,x-ms-meta-target*</AllowedHeaders><ExposedHeaders>x-ms-meta-abc,x-ms-meta-bcd,x-ms-meta-data*,x-ms-meta-source*</ExposedHeaders><MaxAgeInSeconds>500</MaxAgeInSeconds></CorsRule></Cors><DeleteRetentionPolicy><Enabled>true</Enabled><Days>365</Days></DeleteRetentionPolicy><StaticWebsite><Enabled>false</Enabled></StaticWebsite><DefaultServiceVersion>2014-02-14</DefaultServiceVersion></StorageServiceProperties>"
    headers:
      ? !!python/object/new:multidict._istr.istr
      - Content-Type
      : application/xml
      ? !!python/object/new:multidict._istr.istr
      - Date
      : Fri, 02 Aug 2019 03:07:17 GMT
      ? !!python/object/new:multidict._istr.istr
      - Server
      : Windows-Azure-Blob/1.0 Microsoft-HTTPAPI/2.0
      ? !!python/object/new:multidict._istr.istr
      - Transfer-Encoding
      : chunked
      ? !!python/object/new:multidict._istr.istr
      - Vary
      : Origin
      x-ms-request-id: d5cc2ad0-901e-008c-0ddf-48295b000000
      x-ms-version: '2018-03-28'
    status:
      code: 200
      message: OK
    url: !!python/object/new:yarl.URL
      state: !!python/tuple
      - !!python/object/new:urllib.parse.SplitResult
        - https
        - amqptest.blob.core.windows.net
        - /
        - restype=service&comp=properties
        - ''
version: 1
