{
  "Entries": [
    {
      "RequestUri": "https://storagenamestorname.blob.core.windows.net/utcontainere1ef2e3d?restype=container\u0026timeout=5",
      "RequestMethod": "PUT",
      "RequestHeaders": {
        "Accept": "application/xml",
        "Accept-Encoding": "gzip, deflate",
        "Connection": "keep-alive",
        "Content-Length": "0",
        "User-Agent": "azsdk-python-storage-blob/12.17.0 Python/3.11.1 (Windows-10-10.0.22621-SP0)",
        "x-ms-date": "Mon, 03 Jul 2023 23:00:31 GMT",
        "x-ms-version": "2023-01-03"
      },
      "RequestBody": null,
      "StatusCode": 409,
      "ResponseHeaders": {
        "Content-Length": "230",
        "Content-Type": "application/xml",
        "Date": "Mon, 03 Jul 2023 23:00:27 GMT",
        "Server": [
          "Windows-Azure-Blob/1.0",
          "Microsoft-HTTPAPI/2.0"
        ],
        "x-ms-error-code": "ContainerAlreadyExists",
        "x-ms-version": "2023-01-03"
      },
      "ResponseBody": [
        "\uFEFF\u003C?xml version=\u00221.0\u0022 encoding=\u0022utf-8\u0022?\u003E\u003CError\u003E\u003CCode\u003EContainerAlreadyExists\u003C/Code\u003E\u003CMessage\u003EThe specified container already exists.\n",
        "RequestId:c21e6956-601e-0044-0d02-aea946000000\n",
        "Time:2023-07-03T23:00:27.9035992Z\u003C/Message\u003E\u003C/Error\u003E"
      ]
    },
    {
      "RequestUri": "https://storagenamestorname.blob.core.windows.net/utcontainersourcee1ef2e3d?restype=container\u0026timeout=5",
      "RequestMethod": "PUT",
      "RequestHeaders": {
        "Accept": "application/xml",
        "Accept-Encoding": "gzip, deflate",
        "Connection": "keep-alive",
        "Content-Length": "0",
        "User-Agent": "azsdk-python-storage-blob/12.17.0 Python/3.11.1 (Windows-10-10.0.22621-SP0)",
        "x-ms-date": "Mon, 03 Jul 2023 23:00:32 GMT",
        "x-ms-version": "2023-01-03"
      },
      "RequestBody": null,
      "StatusCode": 409,
      "ResponseHeaders": {
        "Content-Length": "230",
        "Content-Type": "application/xml",
        "Date": "Mon, 03 Jul 2023 23:00:27 GMT",
        "Server": [
          "Windows-Azure-Blob/1.0",
          "Microsoft-HTTPAPI/2.0"
        ],
        "x-ms-error-code": "ContainerAlreadyExists",
        "x-ms-version": "2023-01-03"
      },
      "ResponseBody": [
        "\uFEFF\u003C?xml version=\u00221.0\u0022 encoding=\u0022utf-8\u0022?\u003E\u003CError\u003E\u003CCode\u003EContainerAlreadyExists\u003C/Code\u003E\u003CMessage\u003EThe specified container already exists.\n",
        "RequestId:c21e69bb-601e-0044-6d02-aea946000000\n",
        "Time:2023-07-03T23:00:27.9485726Z\u003C/Message\u003E\u003C/Error\u003E"
      ]
    },
    {
      "RequestUri": "https://storagenamestorname.blob.core.windows.net/utcontainere1ef2e3d/utcontainere1ef2e3d",
      "RequestMethod": "PUT",
      "RequestHeaders": {
        "Accept": "application/xml",
        "Accept-Encoding": "gzip, deflate",
        "Connection": "keep-alive",
        "Content-Length": "3",
        "Content-Type": "application/octet-stream",
        "User-Agent": "azsdk-python-storage-blob/12.17.0 Python/3.11.1 (Windows-10-10.0.22621-SP0)",
        "x-ms-blob-type": "BlockBlob",
        "x-ms-date": "Mon, 03 Jul 2023 23:00:32 GMT",
        "x-ms-version": "2023-01-03"
      },
      "RequestBody": "YWJj",
      "StatusCode": 201,
      "ResponseHeaders": {
        "Content-Length": "0",
        "Content-MD5": "kAFQmDzST7DWlj99KOF/cg==",
        "Date": "Mon, 03 Jul 2023 23:00:27 GMT",
        "ETag": "\u00220x8DB7C194B25A6C6\u0022",
        "Last-Modified": "Mon, 03 Jul 2023 23:00:27 GMT",
        "Server": [
          "Windows-Azure-Blob/1.0",
          "Microsoft-HTTPAPI/2.0"
        ],
        "x-ms-content-crc64": "6/rBP7vK5QU=",
        "x-ms-request-server-encrypted": "true",
        "x-ms-version": "2023-01-03",
        "x-ms-version-id": "2023-07-03T23:00:27.9862499Z"
      },
      "ResponseBody": null
    },
    {
      "RequestUri": "https://storagenamestorname.blob.core.windows.net/utcontainere1ef2e3d/utcontainere1ef2e3d",
      "RequestMethod": "HEAD",
      "RequestHeaders": {
        "Accept": "application/xml",
        "Accept-Encoding": "gzip, deflate",
        "Connection": "keep-alive",
        "User-Agent": "azsdk-python-storage-blob/12.17.0 Python/3.11.1 (Windows-10-10.0.22621-SP0)",
        "x-ms-date": "Mon, 03 Jul 2023 23:00:32 GMT",
        "x-ms-version": "2023-01-03"
      },
      "RequestBody": null,
      "StatusCode": 200,
      "ResponseHeaders": {
        "Accept-Ranges": "bytes",
        "Content-Length": "3",
        "Content-MD5": "kAFQmDzST7DWlj99KOF/cg==",
        "Content-Type": "application/octet-stream",
        "Date": "Mon, 03 Jul 2023 23:00:27 GMT",
        "ETag": "\u00220x8DB7C194B25A6C6\u0022",
        "Last-Modified": "Mon, 03 Jul 2023 23:00:27 GMT",
        "Server": [
          "Windows-Azure-Blob/1.0",
          "Microsoft-HTTPAPI/2.0"
        ],
        "x-ms-access-tier": "Cool",
        "x-ms-access-tier-change-time": "Mon, 03 Jul 2023 23:00:27 GMT",
        "x-ms-blob-type": "BlockBlob",
        "x-ms-creation-time": "Mon, 03 Jul 2023 23:00:27 GMT",
        "x-ms-is-current-version": "true",
        "x-ms-lease-state": "available",
        "x-ms-lease-status": "unlocked",
        "x-ms-server-encrypted": "true",
        "x-ms-version": "2023-01-03",
        "x-ms-version-id": "2023-07-03T23:00:27.9862499Z"
      },
      "ResponseBody": null
    },
    {
      "RequestUri": "https://storagenamestorname.blob.core.windows.net/utcontainere1ef2e3d/utcontainere1ef2e3d",
      "RequestMethod": "PUT",
      "RequestHeaders": {
        "Accept": "application/xml",
        "Accept-Encoding": "gzip, deflate",
        "Connection": "keep-alive",
        "Content-Length": "6",
        "Content-Type": "application/octet-stream",
        "User-Agent": "azsdk-python-storage-blob/12.17.0 Python/3.11.1 (Windows-10-10.0.22621-SP0)",
        "x-ms-blob-type": "BlockBlob",
        "x-ms-date": "Mon, 03 Jul 2023 23:00:32 GMT",
        "x-ms-version": "2023-01-03"
      },
      "RequestBody": "YWJjYWJj",
      "StatusCode": 201,
      "ResponseHeaders": {
        "Content-Length": "0",
        "Content-MD5": "RArIWJLKQ60m1Ex62dR9Pg==",
        "Date": "Mon, 03 Jul 2023 23:00:27 GMT",
        "ETag": "\u00220x8DB7C194B307AA6\u0022",
        "Last-Modified": "Mon, 03 Jul 2023 23:00:28 GMT",
        "Server": [
          "Windows-Azure-Blob/1.0",
          "Microsoft-HTTPAPI/2.0"
        ],
        "x-ms-content-crc64": "j5pW8UIQPR0=",
        "x-ms-request-server-encrypted": "true",
        "x-ms-version": "2023-01-03",
        "x-ms-version-id": "2023-07-03T23:00:28.0562102Z"
      },
      "ResponseBody": null
    },
    {
      "RequestUri": "https://storagenamestorname.blob.core.windows.net/utcontainere1ef2e3d/utcontainere1ef2e3d",
      "RequestMethod": "HEAD",
      "RequestHeaders": {
        "Accept": "application/xml",
        "Accept-Encoding": "gzip, deflate",
        "Connection": "keep-alive",
        "User-Agent": "azsdk-python-storage-blob/12.17.0 Python/3.11.1 (Windows-10-10.0.22621-SP0)",
        "x-ms-date": "Mon, 03 Jul 2023 23:00:32 GMT",
        "x-ms-version": "2023-01-03"
      },
      "RequestBody": null,
      "StatusCode": 200,
      "ResponseHeaders": {
        "Accept-Ranges": "bytes",
        "Content-Length": "6",
        "Content-MD5": "RArIWJLKQ60m1Ex62dR9Pg==",
        "Content-Type": "application/octet-stream",
        "Date": "Mon, 03 Jul 2023 23:00:27 GMT",
        "ETag": "\u00220x8DB7C194B307AA6\u0022",
        "Last-Modified": "Mon, 03 Jul 2023 23:00:28 GMT",
        "Server": [
          "Windows-Azure-Blob/1.0",
          "Microsoft-HTTPAPI/2.0"
        ],
        "x-ms-access-tier": "Cool",
        "x-ms-access-tier-change-time": "Mon, 03 Jul 2023 23:00:28 GMT",
        "x-ms-blob-type": "BlockBlob",
        "x-ms-creation-time": "Mon, 03 Jul 2023 23:00:28 GMT",
        "x-ms-is-current-version": "true",
        "x-ms-lease-state": "available",
        "x-ms-lease-status": "unlocked",
        "x-ms-server-encrypted": "true",
        "x-ms-version": "2023-01-03",
        "x-ms-version-id": "2023-07-03T23:00:28.0562102Z"
      },
      "ResponseBody": null
    },
    {
      "RequestUri": "https://storagenamestorname.blob.core.windows.net/utcontainere1ef2e3d/utcontainere1ef2e3d",
      "RequestMethod": "PUT",
      "RequestHeaders": {
        "Accept": "application/xml",
        "Accept-Encoding": "gzip, deflate",
        "Connection": "keep-alive",
        "Content-Length": "9",
        "Content-Type": "application/octet-stream",
        "User-Agent": "azsdk-python-storage-blob/12.17.0 Python/3.11.1 (Windows-10-10.0.22621-SP0)",
        "x-ms-blob-type": "BlockBlob",
        "x-ms-date": "Mon, 03 Jul 2023 23:00:32 GMT",
        "x-ms-version": "2023-01-03"
      },
      "RequestBody": "YWJjYWJjYWJj",
      "StatusCode": 201,
      "ResponseHeaders": {
        "Content-Length": "0",
        "Content-MD5": "l6yCpbglI554LQM54te5EA==",
        "Date": "Mon, 03 Jul 2023 23:00:27 GMT",
        "ETag": "\u00220x8DB7C194B3C11AF\u0022",
        "Last-Modified": "Mon, 03 Jul 2023 23:00:28 GMT",
        "Server": [
          "Windows-Azure-Blob/1.0",
          "Microsoft-HTTPAPI/2.0"
        ],
        "x-ms-content-crc64": "cqBN7bDHtzY=",
        "x-ms-request-server-encrypted": "true",
        "x-ms-version": "2023-01-03",
        "x-ms-version-id": "2023-07-03T23:00:28.1321663Z"
      },
      "ResponseBody": null
    },
    {
      "RequestUri": "https://storagenamestorname.blob.core.windows.net/utcontainere1ef2e3d/utcontainere1ef2e3d",
      "RequestMethod": "HEAD",
      "RequestHeaders": {
        "Accept": "application/xml",
        "Accept-Encoding": "gzip, deflate",
        "Connection": "keep-alive",
        "User-Agent": "azsdk-python-storage-blob/12.17.0 Python/3.11.1 (Windows-10-10.0.22621-SP0)",
        "x-ms-date": "Mon, 03 Jul 2023 23:00:32 GMT",
        "x-ms-version": "2023-01-03"
      },
      "RequestBody": null,
      "StatusCode": 200,
      "ResponseHeaders": {
        "Accept-Ranges": "bytes",
        "Content-Length": "9",
        "Content-MD5": "l6yCpbglI554LQM54te5EA==",
        "Content-Type": "application/octet-stream",
        "Date": "Mon, 03 Jul 2023 23:00:27 GMT",
        "ETag": "\u00220x8DB7C194B3C11AF\u0022",
        "Last-Modified": "Mon, 03 Jul 2023 23:00:28 GMT",
        "Server": [
          "Windows-Azure-Blob/1.0",
          "Microsoft-HTTPAPI/2.0"
        ],
        "x-ms-access-tier": "Cool",
        "x-ms-access-tier-change-time": "Mon, 03 Jul 2023 23:00:28 GMT",
        "x-ms-blob-type": "BlockBlob",
        "x-ms-creation-time": "Mon, 03 Jul 2023 23:00:28 GMT",
        "x-ms-is-current-version": "true",
        "x-ms-lease-state": "available",
        "x-ms-lease-status": "unlocked",
        "x-ms-server-encrypted": "true",
        "x-ms-version": "2023-01-03",
        "x-ms-version-id": "2023-07-03T23:00:28.1321663Z"
      },
      "ResponseBody": null
    },
    {
      "RequestUri": "https://storagenamestorname.blob.core.windows.net/utcontainere1ef2e3d/utcontainere1ef2e3d?comp=tier\u0026versionid=2023-07-03T23%3A00%3A27.9862499Z",
      "RequestMethod": "PUT",
      "RequestHeaders": {
        "Accept": "application/xml",
        "Accept-Encoding": "gzip, deflate",
        "Connection": "keep-alive",
        "Content-Length": "0",
        "User-Agent": "azsdk-python-storage-blob/12.17.0 Python/3.11.1 (Windows-10-10.0.22621-SP0)",
        "x-ms-access-tier": "Cool",
        "x-ms-date": "Mon, 03 Jul 2023 23:00:32 GMT",
        "x-ms-version": "2023-01-03"
      },
      "RequestBody": null,
      "StatusCode": 200,
      "ResponseHeaders": {
        "Content-Length": "0",
        "Date": "Mon, 03 Jul 2023 23:00:27 GMT",
        "Server": [
          "Windows-Azure-Blob/1.0",
          "Microsoft-HTTPAPI/2.0"
        ],
        "x-ms-version": "2023-01-03"
      },
      "ResponseBody": null
    },
    {
      "RequestUri": "https://storagenamestorname.blob.core.windows.net/utcontainere1ef2e3d/utcontainere1ef2e3d?comp=tags\u0026versionid=2023-07-03T23%3A00%3A27.9862499Z",
      "RequestMethod": "PUT",
      "RequestHeaders": {
        "Accept": "application/xml",
        "Accept-Encoding": "gzip, deflate",
        "Connection": "keep-alive",
        "Content-Length": "114",
        "Content-Type": "application/xml",
        "User-Agent": "azsdk-python-storage-blob/12.17.0 Python/3.11.1 (Windows-10-10.0.22621-SP0)",
        "x-ms-date": "Mon, 03 Jul 2023 23:00:32 GMT",
        "x-ms-version": "2023-01-03"
      },
      "RequestBody": [
        "\u003C?xml version=\u00271.0\u0027 encoding=\u0027utf-8\u0027?\u003E\n",
        "\u003CTags\u003E\u003CTagSet\u003E\u003CTag\u003E\u003CKey\u003Ecolor\u003C/Key\u003E\u003CValue\u003Ered\u003C/Value\u003E\u003C/Tag\u003E\u003C/TagSet\u003E\u003C/Tags\u003E"
      ],
      "StatusCode": 204,
      "ResponseHeaders": {
        "Date": "Mon, 03 Jul 2023 23:00:27 GMT",
        "Server": [
          "Windows-Azure-Blob/1.0",
          "Microsoft-HTTPAPI/2.0"
        ],
        "x-ms-version": "2023-01-03"
      },
      "ResponseBody": null
    },
    {
      "RequestUri": "https://storagenamestorname.blob.core.windows.net/utcontainere1ef2e3d/utcontainere1ef2e3d?comp=tier\u0026versionid=2023-07-03T23%3A00%3A28.1321663Z",
      "RequestMethod": "PUT",
      "RequestHeaders": {
        "Accept": "application/xml",
        "Accept-Encoding": "gzip, deflate",
        "Connection": "keep-alive",
        "Content-Length": "0",
        "User-Agent": "azsdk-python-storage-blob/12.17.0 Python/3.11.1 (Windows-10-10.0.22621-SP0)",
        "x-ms-access-tier": "Cool",
        "x-ms-date": "Mon, 03 Jul 2023 23:00:32 GMT",
        "x-ms-version": "2023-01-03"
      },
      "RequestBody": null,
      "StatusCode": 200,
      "ResponseHeaders": {
        "Content-Length": "0",
        "Date": "Mon, 03 Jul 2023 23:00:27 GMT",
        "Server": [
          "Windows-Azure-Blob/1.0",
          "Microsoft-HTTPAPI/2.0"
        ],
        "x-ms-version": "2023-01-03"
      },
      "ResponseBody": null
    },
    {
      "RequestUri": "https://storagenamestorname.blob.core.windows.net/utcontainere1ef2e3d/utcontainere1ef2e3d?comp=tags\u0026versionid=2023-07-03T23%3A00%3A28.1321663Z",
      "RequestMethod": "PUT",
      "RequestHeaders": {
        "Accept": "application/xml",
        "Accept-Encoding": "gzip, deflate",
        "Connection": "keep-alive",
        "Content-Length": "117",
        "Content-Type": "application/xml",
        "User-Agent": "azsdk-python-storage-blob/12.17.0 Python/3.11.1 (Windows-10-10.0.22621-SP0)",
        "x-ms-date": "Mon, 03 Jul 2023 23:00:32 GMT",
        "x-ms-version": "2023-01-03"
      },
      "RequestBody": [
        "\u003C?xml version=\u00271.0\u0027 encoding=\u0027utf-8\u0027?\u003E\n",
        "\u003CTags\u003E\u003CTagSet\u003E\u003CTag\u003E\u003CKey\u003Ecolor\u003C/Key\u003E\u003CValue\u003Eorange\u003C/Value\u003E\u003C/Tag\u003E\u003C/TagSet\u003E\u003C/Tags\u003E"
      ],
      "StatusCode": 204,
      "ResponseHeaders": {
        "Date": "Mon, 03 Jul 2023 23:00:28 GMT",
        "Server": [
          "Windows-Azure-Blob/1.0",
          "Microsoft-HTTPAPI/2.0"
        ],
        "x-ms-version": "2023-01-03"
      },
      "ResponseBody": null
    },
    {
      "RequestUri": "https://storagenamestorname.blob.core.windows.net/utcontainere1ef2e3d/utcontainere1ef2e3d?comp=tier\u0026versionid=2023-07-03T23%3A00%3A28.0562102Z",
      "RequestMethod": "PUT",
      "RequestHeaders": {
        "Accept": "application/xml",
        "Accept-Encoding": "gzip, deflate",
        "Connection": "keep-alive",
        "Content-Length": "0",
        "User-Agent": "azsdk-python-storage-blob/12.17.0 Python/3.11.1 (Windows-10-10.0.22621-SP0)",
        "x-ms-access-tier": "Hot",
        "x-ms-date": "Mon, 03 Jul 2023 23:00:32 GMT",
        "x-ms-version": "2023-01-03"
      },
      "RequestBody": null,
      "StatusCode": 200,
      "ResponseHeaders": {
        "Content-Length": "0",
        "Date": "Mon, 03 Jul 2023 23:00:28 GMT",
        "Server": [
          "Windows-Azure-Blob/1.0",
          "Microsoft-HTTPAPI/2.0"
        ],
        "x-ms-version": "2023-01-03"
      },
      "ResponseBody": null
    },
    {
      "RequestUri": "https://storagenamestorname.blob.core.windows.net/utcontainere1ef2e3d/utcontainere1ef2e3d?comp=tags\u0026versionid=2023-07-03T23%3A00%3A28.0562102Z",
      "RequestMethod": "PUT",
      "RequestHeaders": {
        "Accept": "application/xml",
        "Accept-Encoding": "gzip, deflate",
        "Connection": "keep-alive",
        "Content-Length": "117",
        "Content-Type": "application/xml",
        "User-Agent": "azsdk-python-storage-blob/12.17.0 Python/3.11.1 (Windows-10-10.0.22621-SP0)",
        "x-ms-date": "Mon, 03 Jul 2023 23:00:32 GMT",
        "x-ms-version": "2023-01-03"
      },
      "RequestBody": [
        "\u003C?xml version=\u00271.0\u0027 encoding=\u0027utf-8\u0027?\u003E\n",
        "\u003CTags\u003E\u003CTagSet\u003E\u003CTag\u003E\u003CKey\u003Ecolor\u003C/Key\u003E\u003CValue\u003Eyellow\u003C/Value\u003E\u003C/Tag\u003E\u003C/TagSet\u003E\u003C/Tags\u003E"
      ],
      "StatusCode": 204,
      "ResponseHeaders": {
        "Date": "Mon, 03 Jul 2023 23:00:28 GMT",
        "Server": [
          "Windows-Azure-Blob/1.0",
          "Microsoft-HTTPAPI/2.0"
        ],
        "x-ms-version": "2023-01-03"
      },
      "ResponseBody": null
    },
    {
      "RequestUri": "https://storagenamestorname.blob.core.windows.net/utcontainere1ef2e3d/utcontainere1ef2e3d?versionid=2023-07-03T23%3A00%3A27.9862499Z",
      "RequestMethod": "GET",
      "RequestHeaders": {
        "Accept": "application/xml",
        "Accept-Encoding": "gzip, deflate",
        "Connection": "keep-alive",
        "User-Agent": "azsdk-python-storage-blob/12.17.0 Python/3.11.1 (Windows-10-10.0.22621-SP0)",
        "x-ms-date": "Mon, 03 Jul 2023 23:00:32 GMT",
        "x-ms-range": "bytes=0-33554431",
        "x-ms-version": "2023-01-03"
      },
      "RequestBody": null,
      "StatusCode": 206,
      "ResponseHeaders": {
        "Accept-Ranges": "bytes",
        "Content-Length": "3",
        "Content-Range": "bytes 0-2/3",
        "Content-Type": "application/octet-stream",
        "Date": "Mon, 03 Jul 2023 23:00:28 GMT",
        "ETag": "\u00220x8DB7C194B25A6C6\u0022",
        "Last-Modified": "Mon, 03 Jul 2023 23:00:27 GMT",
        "Server": [
          "Windows-Azure-Blob/1.0",
          "Microsoft-HTTPAPI/2.0"
        ],
        "x-ms-blob-content-md5": "kAFQmDzST7DWlj99KOF/cg==",
        "x-ms-blob-type": "BlockBlob",
        "x-ms-creation-time": "Mon, 03 Jul 2023 23:00:27 GMT",
        "x-ms-server-encrypted": "true",
        "x-ms-tag-count": "1",
        "x-ms-version": "2023-01-03",
        "x-ms-version-id": "2023-07-03T23:00:27.9862499Z"
      },
      "ResponseBody": "YWJj"
    },
    {
      "RequestUri": "https://storagenamestorname.blob.core.windows.net/utcontainere1ef2e3d/utcontainere1ef2e3d?versionid=2023-07-03T23%3A00%3A28.0562102Z",
      "RequestMethod": "GET",
      "RequestHeaders": {
        "Accept": "application/xml",
        "Accept-Encoding": "gzip, deflate",
        "Connection": "keep-alive",
        "User-Agent": "azsdk-python-storage-blob/12.17.0 Python/3.11.1 (Windows-10-10.0.22621-SP0)",
        "x-ms-date": "Mon, 03 Jul 2023 23:00:32 GMT",
        "x-ms-range": "bytes=0-33554431",
        "x-ms-version": "2023-01-03"
      },
      "RequestBody": null,
      "StatusCode": 206,
      "ResponseHeaders": {
        "Accept-Ranges": "bytes",
        "Content-Length": "6",
        "Content-Range": "bytes 0-5/6",
        "Content-Type": "application/octet-stream",
        "Date": "Mon, 03 Jul 2023 23:00:28 GMT",
        "ETag": "\u00220x8DB7C194B307AA6\u0022",
        "Last-Modified": "Mon, 03 Jul 2023 23:00:28 GMT",
        "Server": [
          "Windows-Azure-Blob/1.0",
          "Microsoft-HTTPAPI/2.0"
        ],
        "x-ms-blob-content-md5": "RArIWJLKQ60m1Ex62dR9Pg==",
        "x-ms-blob-type": "BlockBlob",
        "x-ms-creation-time": "Mon, 03 Jul 2023 23:00:28 GMT",
        "x-ms-server-encrypted": "true",
        "x-ms-tag-count": "1",
        "x-ms-version": "2023-01-03",
        "x-ms-version-id": "2023-07-03T23:00:28.0562102Z"
      },
      "ResponseBody": "YWJjYWJj"
    },
    {
      "RequestUri": "https://storagenamestorname.blob.core.windows.net/utcontainere1ef2e3d/utcontainere1ef2e3d?versionid=2023-07-03T23%3A00%3A28.1321663Z",
      "RequestMethod": "GET",
      "RequestHeaders": {
        "Accept": "application/xml",
        "Accept-Encoding": "gzip, deflate",
        "Connection": "keep-alive",
        "User-Agent": "azsdk-python-storage-blob/12.17.0 Python/3.11.1 (Windows-10-10.0.22621-SP0)",
        "x-ms-date": "Mon, 03 Jul 2023 23:00:32 GMT",
        "x-ms-range": "bytes=0-33554431",
        "x-ms-version": "2023-01-03"
      },
      "RequestBody": null,
      "StatusCode": 206,
      "ResponseHeaders": {
        "Accept-Ranges": "bytes",
        "Content-Length": "9",
        "Content-Range": "bytes 0-8/9",
        "Content-Type": "application/octet-stream",
        "Date": "Mon, 03 Jul 2023 23:00:28 GMT",
        "ETag": "\u00220x8DB7C194B3C11AF\u0022",
        "Last-Modified": "Mon, 03 Jul 2023 23:00:28 GMT",
        "Server": [
          "Windows-Azure-Blob/1.0",
          "Microsoft-HTTPAPI/2.0"
        ],
        "x-ms-blob-content-md5": "l6yCpbglI554LQM54te5EA==",
        "x-ms-blob-type": "BlockBlob",
        "x-ms-creation-time": "Mon, 03 Jul 2023 23:00:28 GMT",
        "x-ms-is-current-version": "true",
        "x-ms-server-encrypted": "true",
        "x-ms-tag-count": "1",
        "x-ms-version": "2023-01-03",
        "x-ms-version-id": "2023-07-03T23:00:28.1321663Z"
      },
      "ResponseBody": "YWJjYWJjYWJj"
    },
    {
      "RequestUri": "https://storagenamestorname.blob.core.windows.net/utcontainere1ef2e3d/utcontainere1ef2e3d?comp=tags\u0026versionid=2023-07-03T23%3A00%3A27.9862499Z",
      "RequestMethod": "GET",
      "RequestHeaders": {
        "Accept": "application/xml",
        "Accept-Encoding": "gzip, deflate",
        "Connection": "keep-alive",
        "User-Agent": "azsdk-python-storage-blob/12.17.0 Python/3.11.1 (Windows-10-10.0.22621-SP0)",
        "x-ms-date": "Mon, 03 Jul 2023 23:00:32 GMT",
        "x-ms-version": "2023-01-03"
      },
      "RequestBody": null,
      "StatusCode": 200,
      "ResponseHeaders": {
        "Content-Length": "117",
        "Content-Type": "application/xml",
        "Date": "Mon, 03 Jul 2023 23:00:28 GMT",
        "Server": [
          "Windows-Azure-Blob/1.0",
          "Microsoft-HTTPAPI/2.0"
        ],
        "x-ms-version": "2023-01-03"
      },
      "ResponseBody": [
        "\uFEFF\u003C?xml version=\u00221.0\u0022 encoding=\u0022utf-8\u0022?\u003E\n",
        "\u003CTags\u003E\u003CTagSet\u003E\u003CTag\u003E\u003CKey\u003Ecolor\u003C/Key\u003E\u003CValue\u003Ered\u003C/Value\u003E\u003C/Tag\u003E\u003C/TagSet\u003E\u003C/Tags\u003E"
      ]
    },
    {
      "RequestUri": "https://storagenamestorname.blob.core.windows.net/utcontainere1ef2e3d/utcontainere1ef2e3d?comp=tags\u0026versionid=2023-07-03T23%3A00%3A28.0562102Z",
      "RequestMethod": "GET",
      "RequestHeaders": {
        "Accept": "application/xml",
        "Accept-Encoding": "gzip, deflate",
        "Connection": "keep-alive",
        "User-Agent": "azsdk-python-storage-blob/12.17.0 Python/3.11.1 (Windows-10-10.0.22621-SP0)",
        "x-ms-date": "Mon, 03 Jul 2023 23:00:32 GMT",
        "x-ms-version": "2023-01-03"
      },
      "RequestBody": null,
      "StatusCode": 200,
      "ResponseHeaders": {
        "Content-Length": "120",
        "Content-Type": "application/xml",
        "Date": "Mon, 03 Jul 2023 23:00:28 GMT",
        "Server": [
          "Windows-Azure-Blob/1.0",
          "Microsoft-HTTPAPI/2.0"
        ],
        "x-ms-version": "2023-01-03"
      },
      "ResponseBody": [
        "\uFEFF\u003C?xml version=\u00221.0\u0022 encoding=\u0022utf-8\u0022?\u003E\n",
        "\u003CTags\u003E\u003CTagSet\u003E\u003CTag\u003E\u003CKey\u003Ecolor\u003C/Key\u003E\u003CValue\u003Eyellow\u003C/Value\u003E\u003C/Tag\u003E\u003C/TagSet\u003E\u003C/Tags\u003E"
      ]
    },
    {
      "RequestUri": "https://storagenamestorname.blob.core.windows.net/utcontainere1ef2e3d/utcontainere1ef2e3d?comp=tags\u0026versionid=2023-07-03T23%3A00%3A28.1321663Z",
      "RequestMethod": "GET",
      "RequestHeaders": {
        "Accept": "application/xml",
        "Accept-Encoding": "gzip, deflate",
        "Connection": "keep-alive",
        "User-Agent": "azsdk-python-storage-blob/12.17.0 Python/3.11.1 (Windows-10-10.0.22621-SP0)",
        "x-ms-date": "Mon, 03 Jul 2023 23:00:32 GMT",
        "x-ms-version": "2023-01-03"
      },
      "RequestBody": null,
      "StatusCode": 200,
      "ResponseHeaders": {
        "Content-Length": "120",
        "Content-Type": "application/xml",
        "Date": "Mon, 03 Jul 2023 23:00:28 GMT",
        "Server": [
          "Windows-Azure-Blob/1.0",
          "Microsoft-HTTPAPI/2.0"
        ],
        "x-ms-version": "2023-01-03"
      },
      "ResponseBody": [
        "\uFEFF\u003C?xml version=\u00221.0\u0022 encoding=\u0022utf-8\u0022?\u003E\n",
        "\u003CTags\u003E\u003CTagSet\u003E\u003CTag\u003E\u003CKey\u003Ecolor\u003C/Key\u003E\u003CValue\u003Eorange\u003C/Value\u003E\u003C/Tag\u003E\u003C/TagSet\u003E\u003C/Tags\u003E"
      ]
    },
    {
      "RequestUri": "https://storagenamestorname.blob.core.windows.net/utcontainere1ef2e3d/utcontainere1ef2e3d?versionid=2023-07-03T23%3A00%3A28.0562102Z",
      "RequestMethod": "DELETE",
      "RequestHeaders": {
        "Accept": "application/xml",
        "Accept-Encoding": "gzip, deflate",
        "Connection": "keep-alive",
        "Content-Length": "0",
        "User-Agent": "azsdk-python-storage-blob/12.17.0 Python/3.11.1 (Windows-10-10.0.22621-SP0)",
        "x-ms-date": "Mon, 03 Jul 2023 23:00:32 GMT",
        "x-ms-version": "2023-01-03"
      },
      "RequestBody": null,
      "StatusCode": 202,
      "ResponseHeaders": {
        "Content-Length": "0",
        "Date": "Mon, 03 Jul 2023 23:00:28 GMT",
        "Server": [
          "Windows-Azure-Blob/1.0",
          "Microsoft-HTTPAPI/2.0"
        ],
        "x-ms-delete-type-permanent": "false",
        "x-ms-version": "2023-01-03"
      },
      "ResponseBody": null
    },
    {
      "RequestUri": "https://storagenamestorname.blob.core.windows.net/utcontainere1ef2e3d/utcontainere1ef2e3d?versionid=2023-07-03T23%3A00%3A27.9862499Z",
      "RequestMethod": "HEAD",
      "RequestHeaders": {
        "Accept": "application/xml",
        "Accept-Encoding": "gzip, deflate",
        "Connection": "keep-alive",
        "User-Agent": "azsdk-python-storage-blob/12.17.0 Python/3.11.1 (Windows-10-10.0.22621-SP0)",
        "x-ms-date": "Mon, 03 Jul 2023 23:00:32 GMT",
        "x-ms-version": "2023-01-03"
      },
      "RequestBody": null,
      "StatusCode": 200,
      "ResponseHeaders": {
        "Accept-Ranges": "bytes",
        "Content-Length": "3",
        "Content-MD5": "kAFQmDzST7DWlj99KOF/cg==",
        "Content-Type": "application/octet-stream",
        "Date": "Mon, 03 Jul 2023 23:00:28 GMT",
        "ETag": "\u00220x8DB7C194B25A6C6\u0022",
        "Last-Modified": "Mon, 03 Jul 2023 23:00:27 GMT",
        "Server": [
          "Windows-Azure-Blob/1.0",
          "Microsoft-HTTPAPI/2.0"
        ],
        "x-ms-access-tier": "Cool",
        "x-ms-access-tier-change-time": "Mon, 03 Jul 2023 23:00:28 GMT",
        "x-ms-blob-type": "BlockBlob",
        "x-ms-creation-time": "Mon, 03 Jul 2023 23:00:27 GMT",
        "x-ms-server-encrypted": "true",
        "x-ms-tag-count": "1",
        "x-ms-version": "2023-01-03",
        "x-ms-version-id": "2023-07-03T23:00:27.9862499Z"
      },
      "ResponseBody": null
    },
    {
      "RequestUri": "https://storagenamestorname.blob.core.windows.net/utcontainere1ef2e3d/utcontainere1ef2e3d?versionid=2023-07-03T23%3A00%3A28.0562102Z",
      "RequestMethod": "HEAD",
      "RequestHeaders": {
        "Accept": "application/xml",
        "Accept-Encoding": "gzip, deflate",
        "Connection": "keep-alive",
        "User-Agent": "azsdk-python-storage-blob/12.17.0 Python/3.11.1 (Windows-10-10.0.22621-SP0)",
        "x-ms-date": "Mon, 03 Jul 2023 23:00:33 GMT",
        "x-ms-version": "2023-01-03"
      },
      "RequestBody": null,
      "StatusCode": 404,
      "ResponseHeaders": {
        "Date": "Mon, 03 Jul 2023 23:00:28 GMT",
        "Server": [
          "Windows-Azure-Blob/1.0",
          "Microsoft-HTTPAPI/2.0"
        ],
        "Transfer-Encoding": "chunked",
        "x-ms-error-code": "BlobNotFound",
        "x-ms-is-soft-deleted": "true",
        "x-ms-version": "2023-01-03"
      },
      "ResponseBody": null
    },
    {
      "RequestUri": "https://storagenamestorname.blob.core.windows.net/utcontainere1ef2e3d/utcontainere1ef2e3d",
      "RequestMethod": "HEAD",
      "RequestHeaders": {
        "Accept": "application/xml",
        "Accept-Encoding": "gzip, deflate",
        "Connection": "keep-alive",
        "User-Agent": "azsdk-python-storage-blob/12.17.0 Python/3.11.1 (Windows-10-10.0.22621-SP0)",
        "x-ms-date": "Mon, 03 Jul 2023 23:00:33 GMT",
        "x-ms-version": "2023-01-03"
      },
      "RequestBody": null,
      "StatusCode": 200,
      "ResponseHeaders": {
        "Accept-Ranges": "bytes",
        "Content-Length": "9",
        "Content-MD5": "l6yCpbglI554LQM54te5EA==",
        "Content-Type": "application/octet-stream",
        "Date": "Mon, 03 Jul 2023 23:00:28 GMT",
        "ETag": "\u00220x8DB7C194B3C11AF\u0022",
        "Last-Modified": "Mon, 03 Jul 2023 23:00:28 GMT",
        "Server": [
          "Windows-Azure-Blob/1.0",
          "Microsoft-HTTPAPI/2.0"
        ],
        "x-ms-access-tier": "Cool",
        "x-ms-access-tier-change-time": "Mon, 03 Jul 2023 23:00:28 GMT",
        "x-ms-blob-type": "BlockBlob",
        "x-ms-creation-time": "Mon, 03 Jul 2023 23:00:28 GMT",
        "x-ms-is-current-version": "true",
        "x-ms-lease-state": "available",
        "x-ms-lease-status": "unlocked",
        "x-ms-server-encrypted": "true",
        "x-ms-tag-count": "1",
        "x-ms-version": "2023-01-03",
        "x-ms-version-id": "2023-07-03T23:00:28.1321663Z"
      },
      "ResponseBody": null
    }
  ],
  "Variables": {}
}
