interactions:
- request:
    body: null
    headers:
      Accept:
      - '*/*'
      Accept-Encoding:
      - gzip, deflate
      Connection:
      - keep-alive
      Content-Length:
      - '0'
      User-Agent:
      - azsdk-python-storage-blob/12.1.0 Python/3.7.3 (Windows-10-10.0.18362-SP0)
      x-ms-date:
      - Wed, 18 Dec 2019 07:05:09 GMT
      x-ms-version:
      - '2019-07-07'
    method: PUT
    uri: https://storagename.blob.core.windows.net/utcontainer9488120a?restype=container
  response:
    body:
      string: ''
    headers:
      content-length:
      - '0'
      date:
      - Wed, 18 Dec 2019 07:05:09 GMT
      etag:
      - '"0x8D783889EB0140D"'
      last-modified:
      - Wed, 18 Dec 2019 07:05:09 GMT
      server:
      - Windows-Azure-Blob/1.0 Microsoft-HTTPAPI/2.0
      x-ms-version:
      - '2019-07-07'
    status:
      code: 201
      message: Created
- request:
    body: null
    headers:
      Accept:
      - '*/*'
      Accept-Encoding:
      - gzip, deflate
      Connection:
      - keep-alive
      Content-Length:
      - '0'
      Content-Type:
      - application/octet-stream
      If-None-Match:
      - '*'
      User-Agent:
      - azsdk-python-storage-blob/12.1.0 Python/3.7.3 (Windows-10-10.0.18362-SP0)
      x-ms-blob-type:
      - BlockBlob
      x-ms-date:
      - Wed, 18 Dec 2019 07:05:09 GMT
      x-ms-version:
      - '2019-07-07'
    method: PUT
    uri: https://storagename.blob.core.windows.net/utcontainer9488120a/cpk9488120a
  response:
    body:
      string: ''
    headers:
      content-length:
      - '0'
      content-md5:
      - 1B2M2Y8AsgTpgAmY7PhCfg==
      date:
      - Wed, 18 Dec 2019 07:05:09 GMT
      etag:
      - '"0x8D783889EC7564D"'
      last-modified:
      - Wed, 18 Dec 2019 07:05:09 GMT
      server:
      - Windows-Azure-Blob/1.0 Microsoft-HTTPAPI/2.0
      x-ms-content-crc64:
      - AAAAAAAAAAA=
      x-ms-request-server-encrypted:
      - 'true'
      x-ms-version:
      - '2019-07-07'
    status:
      code: 201
      message: Created
- request:
    body: AAA
    headers:
      Accept:
      - '*/*'
      Accept-Encoding:
      - gzip, deflate
      Connection:
      - keep-alive
      Content-Length:
      - '3'
      Content-Type:
      - application/octet-stream
      User-Agent:
      - azsdk-python-storage-blob/12.1.0 Python/3.7.3 (Windows-10-10.0.18362-SP0)
      x-ms-date:
      - Wed, 18 Dec 2019 07:05:09 GMT
      x-ms-encryption-scope:
      - antjoscope1
      x-ms-version:
      - '2019-07-07'
    method: PUT
    uri: https://storagename.blob.core.windows.net/utcontainer9488120a/cpk9488120a?blockid=MQ%3D%3D&comp=block
  response:
    body:
      string: ''
    headers:
      content-length:
      - '0'
      date:
      - Wed, 18 Dec 2019 07:05:09 GMT
      server:
      - Windows-Azure-Blob/1.0 Microsoft-HTTPAPI/2.0
      x-ms-content-crc64:
      - Cc/2Kr4DuKg=
      x-ms-encryption-scope:
      - antjoscope1
      x-ms-request-server-encrypted:
      - 'true'
      x-ms-version:
      - '2019-07-07'
    status:
      code: 201
      message: Created
- request:
    body: BBB
    headers:
      Accept:
      - '*/*'
      Accept-Encoding:
      - gzip, deflate
      Connection:
      - keep-alive
      Content-Length:
      - '3'
      Content-Type:
      - application/octet-stream
      User-Agent:
      - azsdk-python-storage-blob/12.1.0 Python/3.7.3 (Windows-10-10.0.18362-SP0)
      x-ms-date:
      - Wed, 18 Dec 2019 07:05:10 GMT
      x-ms-encryption-scope:
      - antjoscope1
      x-ms-version:
      - '2019-07-07'
    method: PUT
    uri: https://storagename.blob.core.windows.net/utcontainer9488120a/cpk9488120a?blockid=Mg%3D%3D&comp=block
  response:
    body:
      string: ''
    headers:
      content-length:
      - '0'
      date:
      - Wed, 18 Dec 2019 07:05:09 GMT
      server:
      - Windows-Azure-Blob/1.0 Microsoft-HTTPAPI/2.0
      x-ms-content-crc64:
      - +3yuPEA7IqE=
      x-ms-encryption-scope:
      - antjoscope1
      x-ms-request-server-encrypted:
      - 'true'
      x-ms-version:
      - '2019-07-07'
    status:
      code: 201
      message: Created
- request:
    body: CCC
    headers:
      Accept:
      - '*/*'
      Accept-Encoding:
      - gzip, deflate
      Connection:
      - keep-alive
      Content-Length:
      - '3'
      Content-Type:
      - application/octet-stream
      User-Agent:
      - azsdk-python-storage-blob/12.1.0 Python/3.7.3 (Windows-10-10.0.18362-SP0)
      x-ms-date:
      - Wed, 18 Dec 2019 07:05:10 GMT
      x-ms-encryption-scope:
      - antjoscope1
      x-ms-version:
      - '2019-07-07'
    method: PUT
    uri: https://storagename.blob.core.windows.net/utcontainer9488120a/cpk9488120a?blockid=Mw%3D%3D&comp=block
  response:
    body:
      string: ''
    headers:
      content-length:
      - '0'
      date:
      - Wed, 18 Dec 2019 07:05:09 GMT
      server:
      - Windows-Azure-Blob/1.0 Microsoft-HTTPAPI/2.0
      x-ms-content-crc64:
      - VRJmMeosVKY=
      x-ms-encryption-scope:
      - antjoscope1
      x-ms-request-server-encrypted:
      - 'true'
      x-ms-version:
      - '2019-07-07'
    status:
      code: 201
      message: Created
- request:
    body: '<?xml version=''1.0'' encoding=''utf-8''?>

      <BlockList><Latest>MQ==</Latest><Latest>Mg==</Latest><Latest>Mw==</Latest></BlockList>'
    headers:
      Accept:
      - '*/*'
      Accept-Encoding:
      - gzip, deflate
      Connection:
      - keep-alive
      Content-Length:
      - '125'
      Content-Type:
      - application/xml; charset=utf-8
      User-Agent:
      - azsdk-python-storage-blob/12.1.0 Python/3.7.3 (Windows-10-10.0.18362-SP0)
      x-ms-date:
      - Wed, 18 Dec 2019 07:05:10 GMT
      x-ms-encryption-scope:
      - antjoscope1
      x-ms-version:
      - '2019-07-07'
    method: PUT
    uri: https://storagename.blob.core.windows.net/utcontainer9488120a/cpk9488120a?comp=blocklist
  response:
    body:
      string: ''
    headers:
      content-length:
      - '0'
      date:
      - Wed, 18 Dec 2019 07:05:09 GMT
      etag:
      - '"0x8D783889F249190"'
      last-modified:
      - Wed, 18 Dec 2019 07:05:10 GMT
      server:
      - Windows-Azure-Blob/1.0 Microsoft-HTTPAPI/2.0
      x-ms-content-crc64:
      - dAoQ5rLgKr0=
      x-ms-encryption-scope:
      - antjoscope1
      x-ms-request-server-encrypted:
      - 'true'
      x-ms-version:
      - '2019-07-07'
    status:
      code: 201
      message: Created
- request:
    body: null
    headers:
      Accept:
      - application/xml
      Accept-Encoding:
      - gzip, deflate
      Connection:
      - keep-alive
      User-Agent:
      - azsdk-python-storage-blob/12.1.0 Python/3.7.3 (Windows-10-10.0.18362-SP0)
      x-ms-date:
      - Wed, 18 Dec 2019 07:05:10 GMT
      x-ms-range:
      - bytes=0-33554431
      x-ms-version:
      - '2019-07-07'
    method: GET
    uri: https://storagename.blob.core.windows.net/utcontainer9488120a/cpk9488120a
  response:
    body:
      string: AAABBBCCC
    headers:
      accept-ranges:
      - bytes
      content-length:
      - '9'
      content-range:
      - bytes 0-8/9
      content-type:
      - application/octet-stream
      date:
      - Wed, 18 Dec 2019 07:05:09 GMT
      etag:
      - '"0x8D783889F249190"'
      last-modified:
      - Wed, 18 Dec 2019 07:05:10 GMT
      server:
      - Windows-Azure-Blob/1.0 Microsoft-HTTPAPI/2.0
      vary:
      - Origin
      x-ms-blob-type:
      - BlockBlob
      x-ms-creation-time:
      - Wed, 18 Dec 2019 07:05:09 GMT
      x-ms-encryption-scope:
      - antjoscope1
      x-ms-lease-state:
      - available
      x-ms-lease-status:
      - unlocked
      x-ms-server-encrypted:
      - 'true'
      x-ms-version:
      - '2019-07-07'
    status:
      code: 206
      message: Partial Content
- request:
    body: null
    headers:
      Accept:
      - '*/*'
      Accept-Encoding:
      - gzip, deflate
      Connection:
      - keep-alive
      Content-Length:
      - '0'
      User-Agent:
      - azsdk-python-storage-blob/12.1.0 Python/3.7.3 (Windows-10-10.0.18362-SP0)
      x-ms-date:
      - Wed, 18 Dec 2019 07:05:10 GMT
      x-ms-version:
      - '2019-07-07'
    method: DELETE
    uri: https://storagename.blob.core.windows.net/utcontainer9488120a?restype=container
  response:
    body:
      string: ''
    headers:
      content-length:
      - '0'
      date:
      - Wed, 18 Dec 2019 07:05:10 GMT
      server:
      - Windows-Azure-Blob/1.0 Microsoft-HTTPAPI/2.0
      x-ms-version:
      - '2019-07-07'
    status:
      code: 202
      message: Accepted
version: 1
