{
  "Entries": [
    {
      "RequestUri": "https://storagename.blob.core.windows.net/utcontainer6d662a7f?restype=container",
      "RequestMethod": "PUT",
      "RequestHeaders": {
        "Accept": "application/xml",
        "Accept-Encoding": "gzip, deflate",
        "Content-Length": "0",
        "User-Agent": "azsdk-python-storage-blob/12.14.0b1 Python/3.10.5 (Windows-10-10.0.22000-SP0)",
        "x-ms-date": "Tue, 26 Jul 2022 18:41:34 GMT",
        "x-ms-version": "2021-08-06"
      },
      "RequestBody": null,
      "StatusCode": 201,
      "ResponseHeaders": {
        "Content-Length": "0",
        "Date": "Tue, 26 Jul 2022 18:41:34 GMT",
        "ETag": "\u00220x8DA6F36770960C2\u0022",
        "Last-Modified": "Tue, 26 Jul 2022 18:41:34 GMT",
        "Server": [
          "Windows-Azure-Blob/1.0",
          "Microsoft-HTTPAPI/2.0"
        ],
        "x-ms-version": "2021-08-06"
      },
      "ResponseBody": null
    },
    {
      "RequestUri": "https://storagename.blob.core.windows.net/utcontainersource6d662a7f?restype=container",
      "RequestMethod": "PUT",
      "RequestHeaders": {
        "Accept": "application/xml",
        "Accept-Encoding": "gzip, deflate",
        "Content-Length": "0",
        "User-Agent": "azsdk-python-storage-blob/12.14.0b1 Python/3.10.5 (Windows-10-10.0.22000-SP0)",
        "x-ms-date": "Tue, 26 Jul 2022 18:41:34 GMT",
        "x-ms-version": "2021-08-06"
      },
      "RequestBody": null,
      "StatusCode": 201,
      "ResponseHeaders": {
        "Content-Length": "0",
        "Date": "Tue, 26 Jul 2022 18:41:34 GMT",
        "ETag": "\u00220x8DA6F367714D0C1\u0022",
        "Last-Modified": "Tue, 26 Jul 2022 18:41:34 GMT",
        "Server": [
          "Windows-Azure-Blob/1.0",
          "Microsoft-HTTPAPI/2.0"
        ],
        "x-ms-version": "2021-08-06"
      },
      "ResponseBody": null
    },
    {
      "RequestUri": "https://storagename.blob.core.windows.net/utcontainer6d662a7f/blob6d662a7f",
      "RequestMethod": "PUT",
      "RequestHeaders": {
        "Accept": "application/xml",
        "Accept-Encoding": "gzip, deflate",
        "Content-Length": "0",
        "User-Agent": "azsdk-python-storage-blob/12.14.0b1 Python/3.10.5 (Windows-10-10.0.22000-SP0)",
        "x-ms-blob-content-length": "1024",
        "x-ms-blob-type": "PageBlob",
        "x-ms-date": "Tue, 26 Jul 2022 18:41:34 GMT",
        "x-ms-version": "2021-08-06"
      },
      "RequestBody": null,
      "StatusCode": 201,
      "ResponseHeaders": {
        "Content-Length": "0",
        "Date": "Tue, 26 Jul 2022 18:41:34 GMT",
        "ETag": "\u00220x8DA6F367722386A\u0022",
        "Last-Modified": "Tue, 26 Jul 2022 18:41:34 GMT",
        "Server": [
          "Windows-Azure-Blob/1.0",
          "Microsoft-HTTPAPI/2.0"
        ],
        "x-ms-request-server-encrypted": "true",
        "x-ms-version": "2021-08-06"
      },
      "ResponseBody": null
    },
    {
      "RequestUri": "https://storagename.blob.core.windows.net/utcontainer6d662a7f/blob6d662a7f",
      "RequestMethod": "HEAD",
      "RequestHeaders": {
        "Accept": "application/xml",
        "Accept-Encoding": "gzip, deflate",
        "User-Agent": "azsdk-python-storage-blob/12.14.0b1 Python/3.10.5 (Windows-10-10.0.22000-SP0)",
        "x-ms-date": "Tue, 26 Jul 2022 18:41:34 GMT",
        "x-ms-version": "2021-08-06"
      },
      "RequestBody": null,
      "StatusCode": 200,
      "ResponseHeaders": {
        "Accept-Ranges": "bytes",
        "Content-Length": "1024",
        "Content-Type": "application/octet-stream",
        "Date": "Tue, 26 Jul 2022 18:41:34 GMT",
        "ETag": "\u00220x8DA6F367722386A\u0022",
        "Last-Modified": "Tue, 26 Jul 2022 18:41:34 GMT",
        "Server": [
          "Windows-Azure-Blob/1.0",
          "Microsoft-HTTPAPI/2.0"
        ],
        "Vary": "Origin",
        "x-ms-blob-sequence-number": "0",
        "x-ms-blob-type": "PageBlob",
        "x-ms-creation-time": "Tue, 26 Jul 2022 18:41:34 GMT",
        "x-ms-lease-state": "available",
        "x-ms-lease-status": "unlocked",
        "x-ms-server-encrypted": "true",
        "x-ms-version": "2021-08-06"
      },
      "ResponseBody": null
    }
  ],
  "Variables": {}
}
