{
  "Entries": [
    {
      "RequestUri": "https://storagename.blob.core.windows.net/testcontainer177e43573?restype=container",
      "RequestMethod": "PUT",
      "RequestHeaders": {
        "Accept": "application/xml",
        "Accept-Encoding": "gzip, deflate",
        "Authorization": "Sanitized",
        "Connection": "keep-alive",
        "Content-Length": "0",
        "User-Agent": "azsdk-python-storage-blob/12.14.0b1 Python/3.10.5 (Windows-10-10.0.22000-SP0)",
        "x-ms-client-request-id": "6cea499f-0473-11ed-afe0-f4939fee4ab2",
        "x-ms-date": "Fri, 15 Jul 2022 19:22:11 GMT",
        "x-ms-version": "2021-08-06"
      },
      "RequestBody": null,
      "StatusCode": 201,
      "ResponseHeaders": {
        "Content-Length": "0",
        "Date": "Fri, 15 Jul 2022 19:22:11 GMT",
        "ETag": "\u00220x8DA6697517EB85C\u0022",
        "Last-Modified": "Fri, 15 Jul 2022 19:22:11 GMT",
        "Server": [
          "Windows-Azure-Blob/1.0",
          "Microsoft-HTTPAPI/2.0"
        ],
        "x-ms-client-request-id": "6cea499f-0473-11ed-afe0-f4939fee4ab2",
        "x-ms-request-id": "4d0ce6c6-501e-0090-5180-98e0ac000000",
        "x-ms-version": "2021-08-06"
      },
      "ResponseBody": null
    },
    {
      "RequestUri": "https://storagename.blob.core.windows.net/testcontainer177e43573/test_blob",
      "RequestMethod": "PUT",
      "RequestHeaders": {
        "Accept": "application/xml",
        "Accept-Encoding": "gzip, deflate",
        "Authorization": "Sanitized",
        "Connection": "keep-alive",
        "Content-Length": "11",
        "Content-Type": "application/octet-stream",
        "If-None-Match": "*",
        "User-Agent": "azsdk-python-storage-blob/12.14.0b1 Python/3.10.5 (Windows-10-10.0.22000-SP0)",
        "x-ms-blob-type": "BlockBlob",
        "x-ms-client-request-id": "6d562ca0-0473-11ed-a7d4-f4939fee4ab2",
        "x-ms-date": "Fri, 15 Jul 2022 19:22:12 GMT",
        "x-ms-encryption-algorithm": "AES256",
        "x-ms-encryption-key": "Sanitized",
        "x-ms-encryption-key-sha256": "Sanitized",
        "x-ms-version": "2021-08-06"
      },
      "RequestBody": "aGVsbG8gd29ybGQ=",
      "StatusCode": 201,
      "ResponseHeaders": {
        "Content-Length": "0",
        "Content-MD5": "XrY7u\u002BAe7tCTyyK7j1rNww==",
        "Date": "Fri, 15 Jul 2022 19:22:11 GMT",
        "ETag": "\u00220x8DA66975192187A\u0022",
        "Last-Modified": "Fri, 15 Jul 2022 19:22:12 GMT",
        "Server": [
          "Windows-Azure-Blob/1.0",
          "Microsoft-HTTPAPI/2.0"
        ],
        "x-ms-client-request-id": "6d562ca0-0473-11ed-a7d4-f4939fee4ab2",
        "x-ms-content-crc64": "vo7q9sPVKY0=",
        "x-ms-encryption-key-sha256": "Sanitized",
        "x-ms-request-id": "4d0ce724-501e-0090-2380-98e0ac000000",
        "x-ms-request-server-encrypted": "true",
        "x-ms-version": "2021-08-06"
      },
      "ResponseBody": null
    },
    {
      "RequestUri": "https://storagename.blob.core.windows.net/testcontainer177e43573/test_blob",
      "RequestMethod": "HEAD",
      "RequestHeaders": {
        "Accept": "application/xml",
        "Accept-Encoding": "gzip, deflate",
        "Authorization": "Sanitized",
        "Connection": "keep-alive",
        "User-Agent": "azsdk-python-storage-blob/12.14.0b1 Python/3.10.5 (Windows-10-10.0.22000-SP0)",
        "x-ms-client-request-id": "6d66b56b-0473-11ed-a5df-f4939fee4ab2",
        "x-ms-date": "Fri, 15 Jul 2022 19:22:12 GMT",
        "x-ms-version": "2021-08-06"
      },
      "RequestBody": null,
      "StatusCode": 409,
      "ResponseHeaders": {
        "Date": "Fri, 15 Jul 2022 19:22:11 GMT",
        "Server": [
          "Windows-Azure-Blob/1.0",
          "Microsoft-HTTPAPI/2.0"
        ],
        "Transfer-Encoding": "chunked",
        "Vary": "Origin",
        "x-ms-client-request-id": "6d66b56b-0473-11ed-a5df-f4939fee4ab2",
        "x-ms-error-code": "BlobUsesCustomerSpecifiedEncryption",
        "x-ms-request-id": "4d0ce767-501e-0090-6080-98e0ac000000",
        "x-ms-version": "2021-08-06"
      },
      "ResponseBody": null
    }
  ],
  "Variables": {}
}
