interactions:
- request:
    body: null
    headers:
      User-Agent:
      - azsdk-python-storage-blob/12.0.0b5 Python/3.6.3 (Windows-10-10.0.18362-SP0)
      x-ms-date:
      - Fri, 25 Oct 2019 18:05:16 GMT
      x-ms-version:
      - '2019-02-02'
    method: PUT
    uri: https://storagename.blob.core.windows.net/utcontainer1df148e?restype=container
  response:
    body:
      string: ''
    headers:
      content-length: '0'
      date: Fri, 25 Oct 2019 18:05:16 GMT
      etag: '"0x8D75975E3F498E9"'
      last-modified: Fri, 25 Oct 2019 18:05:16 GMT
      server: Windows-Azure-Blob/1.0 Microsoft-HTTPAPI/2.0
      x-ms-version: '2019-02-02'
    status:
      code: 201
      message: Created
    url: !!python/object/new:yarl.URL
      state: !!python/tuple
      - !!python/object/new:urllib.parse.SplitResult
        - https
        - pyacrstoragedhajsdtot6ve.blob.core.windows.net
        - /utcontainer1df148e
        - restype=container
        - ''
- request:
    body: null
    headers:
      User-Agent:
      - azsdk-python-storage-blob/12.0.0b5 Python/3.6.3 (Windows-10-10.0.18362-SP0)
      x-ms-date:
      - Fri, 25 Oct 2019 18:05:16 GMT
      x-ms-version:
      - '2019-02-02'
    method: PUT
    uri: https://storagename.blob.core.windows.net/utcontainer1df148e?restype=container
  response:
    body:
      string: "\uFEFF<?xml version=\"1.0\" encoding=\"utf-8\"?><Error><Code>ContainerAlreadyExists</Code><Message>The
        specified container already exists.\nRequestId:37847f1b-301e-000d-705e-8b1ea3000000\nTime:2019-10-25T18:05:36.0559922Z</Message></Error>"
    headers:
      content-length: '230'
      content-type: application/xml
      date: Fri, 25 Oct 2019 18:05:35 GMT
      server: Windows-Azure-Blob/1.0 Microsoft-HTTPAPI/2.0
      x-ms-error-code: ContainerAlreadyExists
      x-ms-version: '2019-02-02'
    status:
      code: 409
      message: The specified container already exists.
    url: !!python/object/new:yarl.URL
      state: !!python/tuple
      - !!python/object/new:urllib.parse.SplitResult
        - https
        - pyacrstoragedhajsdtot6ve.blob.core.windows.net
        - /utcontainer1df148e
        - restype=container
        - ''
- request:
    body: null
    headers:
      User-Agent:
      - azsdk-python-storage-blob/12.0.0b5 Python/3.6.3 (Windows-10-10.0.18362-SP0)
      x-ms-date:
      - Fri, 25 Oct 2019 18:05:36 GMT
      x-ms-version:
      - '2019-02-02'
    method: DELETE
    uri: https://storagename.blob.core.windows.net/utcontainer1df148e?restype=container
  response:
    body:
      string: ''
    headers:
      content-length: '0'
      date: Fri, 25 Oct 2019 18:05:36 GMT
      server: Windows-Azure-Blob/1.0 Microsoft-HTTPAPI/2.0
      x-ms-version: '2019-02-02'
    status:
      code: 202
      message: Accepted
    url: !!python/object/new:yarl.URL
      state: !!python/tuple
      - !!python/object/new:urllib.parse.SplitResult
        - https
        - pyacrstoragedhajsdtot6ve.blob.core.windows.net
        - /utcontainer1df148e
        - restype=container
        - ''
version: 1
