interactions:
- request:
    body: null
    headers:
      Accept:
      - '*/*'
      Accept-Encoding:
      - gzip, deflate
      Connection:
      - keep-alive
      Content-Length:
      - '0'
      User-Agent:
      - azsdk-python-storage-blob/12.0.0b2 Python/3.7.3 (Windows-10-10.0.17763-SP0)
      x-ms-date:
      - Thu, 29 Aug 2019 08:48:39 GMT
      x-ms-version:
      - '2019-02-02'
    method: PUT
    uri: https://pyacrstorageba31475.blob.core.windows.net/containerba31475?restype=container
  response:
    body:
      string: ''
    headers:
      content-length:
      - '0'
      date:
      - Thu, 29 Aug 2019 08:48:38 GMT
      etag:
      - '"0x8D72C5DAFE1FFCC"'
      last-modified:
      - Thu, 29 Aug 2019 08:48:39 GMT
      server:
      - Windows-Azure-Blob/1.0 Microsoft-HTTPAPI/2.0
      x-ms-version:
      - '2019-02-02'
    status:
      code: 201
      message: Created
- request:
    body: null
    headers:
      Accept:
      - '*/*'
      Accept-Encoding:
      - gzip, deflate
      Connection:
      - keep-alive
      Content-Length:
      - '0'
      User-Agent:
      - azsdk-python-storage-blob/12.0.0b2 Python/3.7.3 (Windows-10-10.0.17763-SP0)
      x-ms-date:
      - Thu, 29 Aug 2019 08:48:40 GMT
      x-ms-lease-action:
      - acquire
      x-ms-lease-duration:
      - '15'
      x-ms-proposed-lease-id:
      - 1aeeda35-e2a6-4343-9ca7-d794f0d17d9c
      x-ms-version:
      - '2019-02-02'
    method: PUT
    uri: https://pyacrstorageba31475.blob.core.windows.net/containerba31475?comp=lease&restype=container
  response:
    body:
      string: ''
    headers:
      content-length:
      - '0'
      date:
      - Thu, 29 Aug 2019 08:48:38 GMT
      etag:
      - '"0x8D72C5DAFE1FFCC"'
      last-modified:
      - Thu, 29 Aug 2019 08:48:39 GMT
      server:
      - Windows-Azure-Blob/1.0 Microsoft-HTTPAPI/2.0
      x-ms-lease-id:
      - 1aeeda35-e2a6-4343-9ca7-d794f0d17d9c
      x-ms-version:
      - '2019-02-02'
    status:
      code: 201
      message: Created
- request:
    body: null
    headers:
      Accept:
      - '*/*'
      Accept-Encoding:
      - gzip, deflate
      Connection:
      - keep-alive
      Content-Length:
      - '0'
      User-Agent:
      - azsdk-python-storage-blob/12.0.0b2 Python/3.7.3 (Windows-10-10.0.17763-SP0)
      x-ms-date:
      - Thu, 29 Aug 2019 08:48:40 GMT
      x-ms-lease-id:
      - 1aeeda35-e2a6-4343-9ca7-d794f0d17d9c
      x-ms-version:
      - '2019-02-02'
    method: DELETE
    uri: https://pyacrstorageba31475.blob.core.windows.net/containerba31475?restype=container
  response:
    body:
      string: ''
    headers:
      content-length:
      - '0'
      date:
      - Thu, 29 Aug 2019 08:48:38 GMT
      server:
      - Windows-Azure-Blob/1.0 Microsoft-HTTPAPI/2.0
      x-ms-version:
      - '2019-02-02'
    status:
      code: 202
      message: Accepted
- request:
    body: null
    headers:
      Accept:
      - '*/*'
      Accept-Encoding:
      - gzip, deflate
      Connection:
      - keep-alive
      User-Agent:
      - azsdk-python-storage-blob/12.0.0b2 Python/3.7.3 (Windows-10-10.0.17763-SP0)
      x-ms-date:
      - Thu, 29 Aug 2019 08:48:40 GMT
      x-ms-version:
      - '2019-02-02'
    method: GET
    uri: https://pyacrstorageba31475.blob.core.windows.net/containerba31475?restype=container
  response:
    body:
      string: "\uFEFF<?xml version=\"1.0\" encoding=\"utf-8\"?><Error><Code>ContainerNotFound</Code><Message>The
        specified container does not exist.\nRequestId:071ab9e5-901e-002d-5146-5e2b0b000000\nTime:2019-08-29T08:48:39.3751293Z</Message></Error>"
    headers:
      content-length:
      - '225'
      content-type:
      - application/xml
      date:
      - Thu, 29 Aug 2019 08:48:39 GMT
      server:
      - Windows-Azure-Blob/1.0 Microsoft-HTTPAPI/2.0
      x-ms-error-code:
      - ContainerNotFound
      x-ms-version:
      - '2019-02-02'
    status:
      code: 404
      message: The specified container does not exist.
version: 1
