{
  "Entries": [
    {
      "RequestUri": "https://storagename.blob.core.windows.net/utcontainer376634f1?restype=container",
      "RequestMethod": "PUT",
      "RequestHeaders": {
        "Accept": "application/xml",
        "Accept-Encoding": "gzip, deflate",
        "Content-Length": "0",
        "User-Agent": "azsdk-python-storage-blob/12.14.0b1 Python/3.10.5 (Windows-10-10.0.22000-SP0)",
        "x-ms-date": "Fri, 22 Jul 2022 01:15:42 GMT",
        "x-ms-version": "2021-08-06"
      },
      "RequestBody": null,
      "StatusCode": 201,
      "ResponseHeaders": {
        "Content-Length": "0",
        "Date": "Fri, 22 Jul 2022 01:15:43 GMT",
        "ETag": "\u00220x8DA6B7FB2EB8CAE\u0022",
        "Last-Modified": "Fri, 22 Jul 2022 01:15:43 GMT",
        "Server": [
          "Windows-Azure-Blob/1.0",
          "Microsoft-HTTPAPI/2.0"
        ],
        "x-ms-version": "2021-08-06"
      },
      "ResponseBody": null
    },
    {
      "RequestUri": "https://storagename.blob.core.windows.net/utcontainersource1376634f1?restype=container",
      "RequestMethod": "PUT",
      "RequestHeaders": {
        "Accept": "application/xml",
        "Accept-Encoding": "gzip, deflate",
        "Content-Length": "0",
        "User-Agent": "azsdk-python-storage-blob/12.14.0b1 Python/3.10.5 (Windows-10-10.0.22000-SP0)",
        "x-ms-date": "Fri, 22 Jul 2022 01:15:43 GMT",
        "x-ms-version": "2021-08-06"
      },
      "RequestBody": null,
      "StatusCode": 201,
      "ResponseHeaders": {
        "Content-Length": "0",
        "Date": "Fri, 22 Jul 2022 01:15:43 GMT",
        "ETag": "\u00220x8DA6B7FB2F8350C\u0022",
        "Last-Modified": "Fri, 22 Jul 2022 01:15:43 GMT",
        "Server": [
          "Windows-Azure-Blob/1.0",
          "Microsoft-HTTPAPI/2.0"
        ],
        "x-ms-version": "2021-08-06"
      },
      "ResponseBody": null
    },
    {
      "RequestUri": "https://storagename.blob.core.windows.net/utcontainer376634f1/blob376634f1",
      "RequestMethod": "PUT",
      "RequestHeaders": {
        "Accept": "application/xml",
        "Accept-Encoding": "gzip, deflate",
        "Content-Length": "0",
        "Content-Type": "application/octet-stream",
        "If-None-Match": "*",
        "User-Agent": "azsdk-python-storage-blob/12.14.0b1 Python/3.10.5 (Windows-10-10.0.22000-SP0)",
        "x-ms-blob-type": "BlockBlob",
        "x-ms-date": "Fri, 22 Jul 2022 01:15:43 GMT",
        "x-ms-version": "2021-08-06"
      },
      "RequestBody": null,
      "StatusCode": 201,
      "ResponseHeaders": {
        "Content-Length": "0",
        "Content-MD5": "1B2M2Y8AsgTpgAmY7PhCfg==",
        "Date": "Fri, 22 Jul 2022 01:15:43 GMT",
        "ETag": "\u00220x8DA6B7FB303314E\u0022",
        "Last-Modified": "Fri, 22 Jul 2022 01:15:43 GMT",
        "Server": [
          "Windows-Azure-Blob/1.0",
          "Microsoft-HTTPAPI/2.0"
        ],
        "x-ms-content-crc64": "AAAAAAAAAAA=",
        "x-ms-request-server-encrypted": "true",
        "x-ms-version": "2021-08-06"
      },
      "ResponseBody": null
    },
    {
      "RequestUri": "https://storagename.blob.core.windows.net/utcontainer376634f1/blobcopy376634f1",
      "RequestMethod": "PUT",
      "RequestHeaders": {
        "Accept": "application/xml",
        "Accept-Encoding": "gzip, deflate",
        "Content-Length": "4",
        "Content-Type": "application/octet-stream",
        "If-None-Match": "*",
        "User-Agent": "azsdk-python-storage-blob/12.14.0b1 Python/3.10.5 (Windows-10-10.0.22000-SP0)",
        "x-ms-blob-type": "BlockBlob",
        "x-ms-date": "Fri, 22 Jul 2022 01:15:43 GMT",
        "x-ms-version": "2021-08-06"
      },
      "RequestBody": "dGVzdA==",
      "StatusCode": 201,
      "ResponseHeaders": {
        "Content-Length": "0",
        "Content-MD5": "CY9rzUYh03PK3k6DJie09g==",
        "Date": "Fri, 22 Jul 2022 01:15:43 GMT",
        "ETag": "\u00220x8DA6B7FB329ED94\u0022",
        "Last-Modified": "Fri, 22 Jul 2022 01:15:43 GMT",
        "Server": [
          "Windows-Azure-Blob/1.0",
          "Microsoft-HTTPAPI/2.0"
        ],
        "x-ms-content-crc64": "Q7G6/s6\u002Bu/k=",
        "x-ms-request-server-encrypted": "true",
        "x-ms-version": "2021-08-06"
      },
      "ResponseBody": null
    },
    {
      "RequestUri": "https://storagename.blob.core.windows.net/utcontainer376634f1/blobcopy376634f1?comp=lease",
      "RequestMethod": "PUT",
      "RequestHeaders": {
        "Accept": "application/xml",
        "Accept-Encoding": "gzip, deflate",
        "Content-Length": "0",
        "User-Agent": "azsdk-python-storage-blob/12.14.0b1 Python/3.10.5 (Windows-10-10.0.22000-SP0)",
        "x-ms-date": "Fri, 22 Jul 2022 01:15:43 GMT",
        "x-ms-lease-action": "acquire",
        "x-ms-lease-duration": "-1",
        "x-ms-proposed-lease-id": "00000000-1111-2222-3333-444444444444",
        "x-ms-version": "2021-08-06"
      },
      "RequestBody": null,
      "StatusCode": 201,
      "ResponseHeaders": {
        "Content-Length": "0",
        "Date": "Fri, 22 Jul 2022 01:15:43 GMT",
        "ETag": "\u00220x8DA6B7FB329ED94\u0022",
        "Last-Modified": "Fri, 22 Jul 2022 01:15:43 GMT",
        "Server": [
          "Windows-Azure-Blob/1.0",
          "Microsoft-HTTPAPI/2.0"
        ],
        "x-ms-lease-id": "00000000-1111-2222-3333-444444444444",
        "x-ms-version": "2021-08-06"
      },
      "ResponseBody": null
    },
    {
      "RequestUri": "https://storagename.blob.core.windows.net/utcontainer376634f1/blobcopy376634f1",
      "RequestMethod": "PUT",
      "RequestHeaders": {
        "Accept": "application/xml",
        "Accept-Encoding": "gzip, deflate",
        "Content-Length": "0",
        "User-Agent": "azsdk-python-storage-blob/12.14.0b1 Python/3.10.5 (Windows-10-10.0.22000-SP0)",
        "x-ms-blob-type": "BlockBlob",
        "x-ms-copy-source": "https://storagename.blob.core.windows.net/utcontainer376634f1/blob376634f1?se=end\u0026sp=r\u0026sv=2021-12-02\u0026sr=b\u0026sig=fake_token_value",
        "x-ms-copy-source-blob-properties": "true",
        "x-ms-date": "Fri, 22 Jul 2022 01:15:43 GMT",
        "x-ms-lease-id": "baddde9e-8247-4276-8bfa-c7a8081eba1d",
        "x-ms-version": "2021-08-06"
      },
      "RequestBody": null,
      "StatusCode": 412,
      "ResponseHeaders": {
        "Content-Length": "264",
        "Content-Type": "application/xml",
        "Date": "Fri, 22 Jul 2022 01:15:43 GMT",
        "Server": [
          "Windows-Azure-Blob/1.0",
          "Microsoft-HTTPAPI/2.0"
        ],
        "x-ms-error-code": "LeaseIdMismatchWithBlobOperation",
        "x-ms-version": "2021-08-06"
      },
      "ResponseBody": [
        "\uFEFF\u003C?xml version=\u00221.0\u0022 encoding=\u0022utf-8\u0022?\u003E\u003CError\u003E\u003CCode\u003ELeaseIdMismatchWithBlobOperation\u003C/Code\u003E\u003CMessage\u003EThe lease ID specified did not match the lease ID for the blob.\n",
        "RequestId:933b591b-c01e-003b-0468-9d9f66000000\n",
        "Time:2022-07-22T01:15:43.8853290Z\u003C/Message\u003E\u003C/Error\u003E"
      ]
    },
    {
      "RequestUri": "https://storagename.blob.core.windows.net/utcontainer376634f1/blobcopy376634f1",
      "RequestMethod": "PUT",
      "RequestHeaders": {
        "Accept": "application/xml",
        "Accept-Encoding": "gzip, deflate",
        "Content-Length": "0",
        "If-None-Match": "*",
        "User-Agent": "azsdk-python-storage-blob/12.14.0b1 Python/3.10.5 (Windows-10-10.0.22000-SP0)",
        "x-ms-blob-type": "BlockBlob",
        "x-ms-copy-source": "https://storagename.blob.core.windows.net/utcontainer376634f1/blob376634f1?se=end\u0026sp=r\u0026sv=2021-12-02\u0026sr=b\u0026sig=fake_token_value",
        "x-ms-copy-source-blob-properties": "true",
        "x-ms-date": "Fri, 22 Jul 2022 01:15:43 GMT",
        "x-ms-version": "2021-08-06"
      },
      "RequestBody": null,
      "StatusCode": 412,
      "ResponseHeaders": {
        "Content-Length": "267",
        "Content-Type": "application/xml",
        "Date": "Fri, 22 Jul 2022 01:15:43 GMT",
        "Server": [
          "Windows-Azure-Blob/1.0",
          "Microsoft-HTTPAPI/2.0"
        ],
        "x-ms-error-code": "LeaseIdMissing",
        "x-ms-version": "2021-08-06"
      },
      "ResponseBody": [
        "\uFEFF\u003C?xml version=\u00221.0\u0022 encoding=\u0022utf-8\u0022?\u003E\u003CError\u003E\u003CCode\u003ELeaseIdMissing\u003C/Code\u003E\u003CMessage\u003EThere is currently a lease on the blob and no lease ID was specified in the request.\n",
        "RequestId:933b5957-c01e-003b-3a68-9d9f66000000\n",
        "Time:2022-07-22T01:15:43.9992644Z\u003C/Message\u003E\u003C/Error\u003E"
      ]
    },
    {
      "RequestUri": "https://storagename.blob.core.windows.net/utcontainer376634f1/blobcopy376634f1",
      "RequestMethod": "PUT",
      "RequestHeaders": {
        "Accept": "application/xml",
        "Accept-Encoding": "gzip, deflate",
        "Content-Length": "0",
        "If-None-Match": "*",
        "User-Agent": "azsdk-python-storage-blob/12.14.0b1 Python/3.10.5 (Windows-10-10.0.22000-SP0)",
        "x-ms-blob-type": "BlockBlob",
        "x-ms-copy-source": "https://storagename.blob.core.windows.net/utcontainer376634f1/blob376634f1?se=end\u0026sp=r\u0026sv=2021-12-02\u0026sr=b\u0026sig=fake_token_value",
        "x-ms-copy-source-blob-properties": "true",
        "x-ms-date": "Fri, 22 Jul 2022 01:15:43 GMT",
        "x-ms-lease-id": "00000000-1111-2222-3333-444444444444",
        "x-ms-version": "2021-08-06"
      },
      "RequestBody": null,
      "StatusCode": 201,
      "ResponseHeaders": {
        "Content-Length": "0",
        "Date": "Fri, 22 Jul 2022 01:15:44 GMT",
        "ETag": "\u00220x8DA6B7FB364A41F\u0022",
        "Last-Modified": "Fri, 22 Jul 2022 01:15:44 GMT",
        "Server": [
          "Windows-Azure-Blob/1.0",
          "Microsoft-HTTPAPI/2.0"
        ],
        "x-ms-content-crc64": "AAAAAAAAAAA=",
        "x-ms-request-server-encrypted": "true",
        "x-ms-version": "2021-08-06"
      },
      "ResponseBody": null
    }
  ],
  "Variables": {}
}
