interactions:
- request:
    body: null
    headers:
      User-Agent:
      - azsdk-python-storage-blob/12.0.0b1 Python/3.7.3 (Windows-10-10.0.18362-SP0)
      content-type:
      - application/xml; charset=utf-8
      x-ms-client-request-id:
      - 536f502e-b345-11e9-8202-b831b58100e8
      x-ms-date:
      - Wed, 31 Jul 2019 03:43:14 GMT
      x-ms-version:
      - '2018-03-28'
    method: PUT
    uri: https://storagename.blob.core.windows.net/utcontainerf15c1ffe?restype=container
  response:
    body:
      string: ''
    headers:
      ? !!python/object/new:multidict._istr.istr
      - Content-Length
      : '0'
      ? !!python/object/new:multidict._istr.istr
      - Date
      : Wed, 31 Jul 2019 03:43:13 GMT
      ? !!python/object/new:multidict._istr.istr
      - Etag
      : '"0x8D7156937AE097E"'
      ? !!python/object/new:multidict._istr.istr
      - Last-Modified
      : Wed, 31 Jul 2019 03:43:14 GMT
      ? !!python/object/new:multidict._istr.istr
      - Server
      : Windows-Azure-Blob/1.0 Microsoft-HTTPAPI/2.0
      x-ms-request-id: 3daa26ea-c01e-009f-7352-471cba000000
      x-ms-version: '2018-03-28'
    status:
      code: 201
      message: Created
    url: !!python/object/new:yarl.URL
      state: !!python/tuple
      - !!python/object/new:urllib.parse.SplitResult
        - https
        - amqptest.blob.core.windows.net
        - /utcontainerf15c1ffe
        - restype=container
        - ''
- request:
    body: null
    headers:
      Content-Length:
      - '0'
      Content-Type:
      - application/octet-stream
      If-None-Match:
      - '*'
      User-Agent:
      - azsdk-python-storage-blob/12.0.0b1 Python/3.7.3 (Windows-10-10.0.18362-SP0)
      x-ms-blob-type:
      - BlockBlob
      x-ms-client-request-id:
      - 539aced4-b345-11e9-8905-b831b58100e8
      x-ms-date:
      - Wed, 31 Jul 2019 03:43:14 GMT
      x-ms-version:
      - '2018-03-28'
    method: PUT
    uri: https://storagename.blob.core.windows.net/utcontainerf15c1ffe/blob1
  response:
    body:
      string: ''
    headers:
      ? !!python/object/new:multidict._istr.istr
      - Content-Length
      : '0'
      ? !!python/object/new:multidict._istr.istr
      - Content-Md5
      : 1B2M2Y8AsgTpgAmY7PhCfg==
      ? !!python/object/new:multidict._istr.istr
      - Date
      : Wed, 31 Jul 2019 03:43:14 GMT
      ? !!python/object/new:multidict._istr.istr
      - Etag
      : '"0x8D7156937BEAFAD"'
      ? !!python/object/new:multidict._istr.istr
      - Last-Modified
      : Wed, 31 Jul 2019 03:43:14 GMT
      ? !!python/object/new:multidict._istr.istr
      - Server
      : Windows-Azure-Blob/1.0 Microsoft-HTTPAPI/2.0
      x-ms-request-id: 3daa2715-c01e-009f-1352-471cba000000
      x-ms-request-server-encrypted: 'true'
      x-ms-version: '2018-03-28'
    status:
      code: 201
      message: Created
    url: !!python/object/new:yarl.URL
      state: !!python/tuple
      - !!python/object/new:urllib.parse.SplitResult
        - https
        - amqptest.blob.core.windows.net
        - /utcontainerf15c1ffe/blob1
        - ''
        - ''
- request:
    body: AAA
    headers:
      Content-Length:
      - '3'
      Content-Type:
      - application/octet-stream
      User-Agent:
      - azsdk-python-storage-blob/12.0.0b1 Python/3.7.3 (Windows-10-10.0.18362-SP0)
      x-ms-client-request-id:
      - 53a4f206-b345-11e9-ae65-b831b58100e8
      x-ms-date:
      - Wed, 31 Jul 2019 03:43:14 GMT
      x-ms-version:
      - '2018-03-28'
    method: PUT
    uri: https://storagename.blob.core.windows.net/utcontainerf15c1ffe/blob1?blockid=MQ%3D%3D&comp=block
  response:
    body:
      string: ''
    headers:
      ? !!python/object/new:multidict._istr.istr
      - Content-Length
      : '0'
      ? !!python/object/new:multidict._istr.istr
      - Content-Md5
      : 4fr/s+YU5sL7p0KWliOGtw==
      ? !!python/object/new:multidict._istr.istr
      - Date
      : Wed, 31 Jul 2019 03:43:14 GMT
      ? !!python/object/new:multidict._istr.istr
      - Server
      : Windows-Azure-Blob/1.0 Microsoft-HTTPAPI/2.0
      x-ms-request-id: 3daa272f-c01e-009f-2852-471cba000000
      x-ms-request-server-encrypted: 'true'
      x-ms-version: '2018-03-28'
    status:
      code: 201
      message: Created
    url: !!python/object/new:yarl.URL
      state: !!python/tuple
      - !!python/object/new:urllib.parse.SplitResult
        - https
        - amqptest.blob.core.windows.net
        - /utcontainerf15c1ffe/blob1
        - blockid=MQ%3D%3D&comp=block
        - ''
- request:
    body: BBB
    headers:
      Content-Length:
      - '3'
      Content-Type:
      - application/octet-stream
      User-Agent:
      - azsdk-python-storage-blob/12.0.0b1 Python/3.7.3 (Windows-10-10.0.18362-SP0)
      x-ms-client-request-id:
      - 53a62cda-b345-11e9-beab-b831b58100e8
      x-ms-date:
      - Wed, 31 Jul 2019 03:43:14 GMT
      x-ms-version:
      - '2018-03-28'
    method: PUT
    uri: https://storagename.blob.core.windows.net/utcontainerf15c1ffe/blob1?blockid=Mg%3D%3D&comp=block
  response:
    body:
      string: ''
    headers:
      ? !!python/object/new:multidict._istr.istr
      - Content-Length
      : '0'
      ? !!python/object/new:multidict._istr.istr
      - Content-Md5
      : K7Il8LqaWJMHV6ho7VfZow==
      ? !!python/object/new:multidict._istr.istr
      - Date
      : Wed, 31 Jul 2019 03:43:14 GMT
      ? !!python/object/new:multidict._istr.istr
      - Server
      : Windows-Azure-Blob/1.0 Microsoft-HTTPAPI/2.0
      x-ms-request-id: 49bad1fe-b01e-00df-3f52-473554000000
      x-ms-request-server-encrypted: 'true'
      x-ms-version: '2018-03-28'
    status:
      code: 201
      message: Created
    url: !!python/object/new:yarl.URL
      state: !!python/tuple
      - !!python/object/new:urllib.parse.SplitResult
        - https
        - amqptest.blob.core.windows.net
        - /utcontainerf15c1ffe/blob1
        - blockid=Mg%3D%3D&comp=block
        - ''
- request:
    body: CCC
    headers:
      Content-Length:
      - '3'
      Content-Type:
      - application/octet-stream
      User-Agent:
      - azsdk-python-storage-blob/12.0.0b1 Python/3.7.3 (Windows-10-10.0.18362-SP0)
      x-ms-client-request-id:
      - 53a7653a-b345-11e9-9894-b831b58100e8
      x-ms-date:
      - Wed, 31 Jul 2019 03:43:14 GMT
      x-ms-version:
      - '2018-03-28'
    method: PUT
    uri: https://storagename.blob.core.windows.net/utcontainerf15c1ffe/blob1?blockid=Mw%3D%3D&comp=block
  response:
    body:
      string: ''
    headers:
      ? !!python/object/new:multidict._istr.istr
      - Content-Length
      : '0'
      ? !!python/object/new:multidict._istr.istr
      - Content-Md5
      : 3vuZ5pqfH24G8VAGsfFmrg==
      ? !!python/object/new:multidict._istr.istr
      - Date
      : Wed, 31 Jul 2019 03:43:14 GMT
      ? !!python/object/new:multidict._istr.istr
      - Server
      : Windows-Azure-Blob/1.0 Microsoft-HTTPAPI/2.0
      x-ms-request-id: a22bbbe9-e01e-0044-3752-47b86c000000
      x-ms-request-server-encrypted: 'true'
      x-ms-version: '2018-03-28'
    status:
      code: 201
      message: Created
    url: !!python/object/new:yarl.URL
      state: !!python/tuple
      - !!python/object/new:urllib.parse.SplitResult
        - https
        - amqptest.blob.core.windows.net
        - /utcontainerf15c1ffe/blob1
        - blockid=Mw%3D%3D&comp=block
        - ''
- request:
    body: '<?xml version=''1.0'' encoding=''utf-8''?>

      <BlockList><Latest>MQ==</Latest><Latest>Mg==</Latest><Latest>Mw==</Latest></BlockList>'
    headers:
      Content-Length:
      - '125'
      Content-Type:
      - application/xml; charset=utf-8
      If-Match:
      - '0x111111111111111'
      User-Agent:
      - azsdk-python-storage-blob/12.0.0b1 Python/3.7.3 (Windows-10-10.0.18362-SP0)
      x-ms-client-request-id:
      - 53d5531a-b345-11e9-9903-b831b58100e8
      x-ms-date:
      - Wed, 31 Jul 2019 03:43:15 GMT
      x-ms-version:
      - '2018-03-28'
    method: PUT
    uri: https://storagename.blob.core.windows.net/utcontainerf15c1ffe/blob1?comp=blocklist
  response:
    body:
      string: "\uFEFF<?xml version=\"1.0\" encoding=\"utf-8\"?><Error><Code>ConditionNotMet</Code><Message>The
        condition specified using HTTP conditional header(s) is not met.\nRequestId:a22bbc20-e01e-0044-6052-47b86c000000\nTime:2019-07-31T03:43:15.1081442Z</Message></Error>"
    headers:
      ? !!python/object/new:multidict._istr.istr
      - Content-Length
      : '252'
      ? !!python/object/new:multidict._istr.istr
      - Content-Type
      : application/xml
      ? !!python/object/new:multidict._istr.istr
      - Date
      : Wed, 31 Jul 2019 03:43:14 GMT
      ? !!python/object/new:multidict._istr.istr
      - Server
      : Windows-Azure-Blob/1.0 Microsoft-HTTPAPI/2.0
      x-ms-error-code: ConditionNotMet
      x-ms-request-id: a22bbc20-e01e-0044-6052-47b86c000000
      x-ms-version: '2018-03-28'
    status:
      code: 412
      message: The condition specified using HTTP conditional header(s) is not met.
    url: !!python/object/new:yarl.URL
      state: !!python/tuple
      - !!python/object/new:urllib.parse.SplitResult
        - https
        - amqptest.blob.core.windows.net
        - /utcontainerf15c1ffe/blob1
        - comp=blocklist
        - ''
version: 1
