interactions:
- request:
    body: null
    headers:
      Accept:
      - '*/*'
      Accept-Encoding:
      - gzip, deflate
      Connection:
      - keep-alive
      Content-Length:
      - '0'
      User-Agent:
      - azsdk-python-storage-blob/12.0.0b5 Python/3.6.3 (Windows-10-10.0.18362-SP0)
      x-ms-date:
      - Fri, 25 Oct 2019 18:08:42 GMT
      x-ms-version:
      - '2019-02-02'
    method: PUT
    uri: https://storagename.blob.core.windows.net/utcontainerfd2b0de7?restype=container
  response:
    body:
      string: ''
    headers:
      content-length:
      - '0'
      date:
      - Fri, 25 Oct 2019 18:08:42 GMT
      etag:
      - '"0x8D759765EBD2378"'
      last-modified:
      - Fri, 25 Oct 2019 18:08:42 GMT
      server:
      - Windows-Azure-Blob/1.0 Microsoft-HTTPAPI/2.0
      x-ms-version:
      - '2019-02-02'
    status:
      code: 201
      message: Created
- request:
    body: null
    headers:
      Accept:
      - '*/*'
      Accept-Encoding:
      - gzip, deflate
      Connection:
      - keep-alive
      Content-Length:
      - '0'
      User-Agent:
      - azsdk-python-storage-blob/12.0.0b5 Python/3.6.3 (Windows-10-10.0.18362-SP0)
      x-ms-date:
      - Fri, 25 Oct 2019 18:08:42 GMT
      x-ms-version:
      - '2019-02-02'
    method: PUT
    uri: https://storagename.blob.core.windows.net/utcontainersourcefd2b0de7?restype=container
  response:
    body:
      string: ''
    headers:
      content-length:
      - '0'
      date:
      - Fri, 25 Oct 2019 18:08:42 GMT
      etag:
      - '"0x8D759765EC673F9"'
      last-modified:
      - Fri, 25 Oct 2019 18:08:42 GMT
      server:
      - Windows-Azure-Blob/1.0 Microsoft-HTTPAPI/2.0
      x-ms-version:
      - '2019-02-02'
    status:
      code: 201
      message: Created
- request:
    body: null
    headers:
      Accept:
      - '*/*'
      Accept-Encoding:
      - gzip, deflate
      Connection:
      - keep-alive
      Content-Length:
      - '0'
      User-Agent:
      - azsdk-python-storage-blob/12.0.0b5 Python/3.6.3 (Windows-10-10.0.18362-SP0)
      x-ms-blob-content-length:
      - '8796093022208'
      x-ms-blob-type:
      - PageBlob
      x-ms-date:
      - Fri, 25 Oct 2019 18:08:43 GMT
      x-ms-version:
      - '2019-02-02'
    method: PUT
    uri: https://storagename.blob.core.windows.net/utcontainerfd2b0de7/blobfd2b0de7
  response:
    body:
      string: ''
    headers:
      content-length:
      - '0'
      date:
      - Fri, 25 Oct 2019 18:08:42 GMT
      etag:
      - '"0x8D759765ECF015E"'
      last-modified:
      - Fri, 25 Oct 2019 18:08:42 GMT
      server:
      - Windows-Azure-Blob/1.0 Microsoft-HTTPAPI/2.0
      x-ms-request-server-encrypted:
      - 'true'
      x-ms-version:
      - '2019-02-02'
    status:
      code: 201
      message: Created
- request:
    body: null
    headers:
      Accept:
      - '*/*'
      Accept-Encoding:
      - gzip, deflate
      Connection:
      - keep-alive
      User-Agent:
      - azsdk-python-storage-blob/12.0.0b5 Python/3.6.3 (Windows-10-10.0.18362-SP0)
      x-ms-date:
      - Fri, 25 Oct 2019 18:08:43 GMT
      x-ms-version:
      - '2019-02-02'
    method: HEAD
    uri: https://storagename.blob.core.windows.net/utcontainerfd2b0de7/blobfd2b0de7
  response:
    body:
      string: ''
    headers:
      accept-ranges:
      - bytes
      content-length:
      - '8796093022208'
      content-type:
      - application/octet-stream
      date:
      - Fri, 25 Oct 2019 18:08:42 GMT
      etag:
      - '"0x8D759765ECF015E"'
      last-modified:
      - Fri, 25 Oct 2019 18:08:42 GMT
      server:
      - Windows-Azure-Blob/1.0 Microsoft-HTTPAPI/2.0
      x-ms-blob-sequence-number:
      - '0'
      x-ms-blob-type:
      - PageBlob
      x-ms-creation-time:
      - Fri, 25 Oct 2019 18:08:42 GMT
      x-ms-lease-state:
      - available
      x-ms-lease-status:
      - unlocked
      x-ms-server-encrypted:
      - 'true'
      x-ms-version:
      - '2019-02-02'
    status:
      code: 200
      message: OK
- request:
    body: null
    headers:
      Accept:
      - application/xml
      Accept-Encoding:
      - gzip, deflate
      Connection:
      - keep-alive
      User-Agent:
      - azsdk-python-storage-blob/12.0.0b5 Python/3.6.3 (Windows-10-10.0.18362-SP0)
      x-ms-date:
      - Fri, 25 Oct 2019 18:08:43 GMT
      x-ms-version:
      - '2019-02-02'
    method: GET
    uri: https://storagename.blob.core.windows.net/utcontainerfd2b0de7/blobfd2b0de7?comp=pagelist
  response:
    body:
      string: "\uFEFF<?xml version=\"1.0\" encoding=\"utf-8\"?><PageList />"
    headers:
      content-type:
      - application/xml
      date:
      - Fri, 25 Oct 2019 18:08:42 GMT
      etag:
      - '"0x8D759765ECF015E"'
      last-modified:
      - Fri, 25 Oct 2019 18:08:42 GMT
      server:
      - Windows-Azure-Blob/1.0 Microsoft-HTTPAPI/2.0
      transfer-encoding:
      - chunked
      x-ms-blob-content-length:
      - '8796093022208'
      x-ms-version:
      - '2019-02-02'
    status:
      code: 200
      message: OK
version: 1
