interactions:
- request:
    body: null
    headers:
      User-Agent:
      - azsdk-python-storage-blob/12.0.0b2 Python/3.7.3 (Windows-10-10.0.17763-SP0)
      x-ms-date:
      - Thu, 29 Aug 2019 07:49:31 GMT
      x-ms-version:
      - '2019-02-02'
    method: PUT
    uri: https://pyacrstorage4a86159e.blob.core.windows.net/utcontainer4a86159e?timeout=5&restype=container
  response:
    body:
      string: ''
    headers:
      content-length: '0'
      date: Thu, 29 Aug 2019 07:49:29 GMT
      etag: '"0x8D72C556C96ACC3"'
      last-modified: Thu, 29 Aug 2019 07:49:30 GMT
      server: Windows-Azure-Blob/1.0 Microsoft-HTTPAPI/2.0
      x-ms-version: '2019-02-02'
    status:
      code: 201
      message: Created
    url: !!python/object/new:yarl.URL
      state: !!python/tuple
      - !!python/object/new:urllib.parse.SplitResult
        - https
        - pyacrstorage4a86159e.blob.core.windows.net
        - /utcontainer4a86159e
        - timeout=5&restype=container
        - ''
- request:
    body: hello world
    headers:
      Content-Length:
      - '11'
      Content-Type:
      - application/octet-stream
      If-None-Match:
      - '*'
      User-Agent:
      - azsdk-python-storage-blob/12.0.0b2 Python/3.7.3 (Windows-10-10.0.17763-SP0)
      x-ms-blob-type:
      - BlockBlob
      x-ms-date:
      - Thu, 29 Aug 2019 07:49:31 GMT
      x-ms-meta-hello:
      - world
      x-ms-meta-number:
      - '42'
      x-ms-version:
      - '2019-02-02'
    method: PUT
    uri: https://pyacrstorage4a86159e.blob.core.windows.net/utcontainer4a86159e/blob4a86159e
  response:
    body:
      string: ''
    headers:
      content-length: '0'
      content-md5: XrY7u+Ae7tCTyyK7j1rNww==
      date: Thu, 29 Aug 2019 07:49:29 GMT
      etag: '"0x8D72C556C9F18CE"'
      last-modified: Thu, 29 Aug 2019 07:49:30 GMT
      server: Windows-Azure-Blob/1.0 Microsoft-HTTPAPI/2.0
      x-ms-content-crc64: vo7q9sPVKY0=
      x-ms-request-server-encrypted: 'true'
      x-ms-version: '2019-02-02'
    status:
      code: 201
      message: Created
    url: !!python/object/new:yarl.URL
      state: !!python/tuple
      - !!python/object/new:urllib.parse.SplitResult
        - https
        - pyacrstorage4a86159e.blob.core.windows.net
        - /utcontainer4a86159e/blob4a86159e
        - ''
        - ''
- request:
    body: null
    headers:
      User-Agent:
      - azsdk-python-storage-blob/12.0.0b2 Python/3.7.3 (Windows-10-10.0.17763-SP0)
      x-ms-date:
      - Thu, 29 Aug 2019 07:49:31 GMT
      x-ms-version:
      - '2019-02-02'
    method: HEAD
    uri: https://pyacrstorage4a86159e.blob.core.windows.net/utcontainer4a86159e/blob4a86159e
  response:
    body:
      string: ''
    headers:
      accept-ranges: bytes
      content-length: '11'
      content-md5: XrY7u+Ae7tCTyyK7j1rNww==
      content-type: application/octet-stream
      date: Thu, 29 Aug 2019 07:49:29 GMT
      etag: '"0x8D72C556C9F18CE"'
      last-modified: Thu, 29 Aug 2019 07:49:30 GMT
      server: Windows-Azure-Blob/1.0 Microsoft-HTTPAPI/2.0
      x-ms-blob-type: BlockBlob
      x-ms-creation-time: Thu, 29 Aug 2019 07:49:30 GMT
      x-ms-lease-state: available
      x-ms-lease-status: unlocked
      x-ms-meta-hello: world
      x-ms-meta-number: '42'
      x-ms-server-encrypted: 'true'
      x-ms-tag-count: '0'
      x-ms-version: '2019-02-02'
    status:
      code: 200
      message: OK
    url: !!python/object/new:yarl.URL
      state: !!python/tuple
      - !!python/object/new:urllib.parse.SplitResult
        - https
        - pyacrstorage4a86159e.blob.core.windows.net
        - /utcontainer4a86159e/blob4a86159e
        - ''
        - ''
version: 1
