{
  "Entries": [
    {
      "RequestUri": "https://storagename.blob.core.windows.net/utcontainer5160410f?restype=container",
      "RequestMethod": "PUT",
      "RequestHeaders": {
        "Accept": "application/xml",
        "Accept-Encoding": "gzip, deflate",
        "Content-Length": "0",
        "User-Agent": "azsdk-python-storage-blob/12.14.0b1 Python/3.10.5 (Windows-10-10.0.22000-SP0)",
        "x-ms-date": "Thu, 14 Jul 2022 21:31:10 GMT",
        "x-ms-version": "2021-08-06"
      },
      "RequestBody": null,
      "StatusCode": 201,
      "ResponseHeaders": {
        "Content-Length": "0",
        "Date": "Thu, 14 Jul 2022 21:31:09 GMT",
        "ETag": "\u00220x8DA65E02B6DDE72\u0022",
        "Last-Modified": "Thu, 14 Jul 2022 21:31:10 GMT",
        "Server": [
          "Windows-Azure-Blob/1.0",
          "Microsoft-HTTPAPI/2.0"
        ],
        "x-ms-version": "2021-08-06"
      },
      "ResponseBody": null
    },
    {
      "RequestUri": "https://storagename.blob.core.windows.net/utcontainer5160410f/blob1",
      "RequestMethod": "PUT",
      "RequestHeaders": {
        "Accept": "application/xml",
        "Accept-Encoding": "gzip, deflate",
        "Content-Length": "11",
        "Content-Type": "application/octet-stream",
        "If-None-Match": "*",
        "User-Agent": "azsdk-python-storage-blob/12.14.0b1 Python/3.10.5 (Windows-10-10.0.22000-SP0)",
        "x-ms-blob-type": "BlockBlob",
        "x-ms-date": "Thu, 14 Jul 2022 21:31:10 GMT",
        "x-ms-version": "2021-08-06"
      },
      "RequestBody": "aGVsbG8gd29ybGQ=",
      "StatusCode": 201,
      "ResponseHeaders": {
        "Content-Length": "0",
        "Content-MD5": "XrY7u\u002BAe7tCTyyK7j1rNww==",
        "Date": "Thu, 14 Jul 2022 21:31:09 GMT",
        "ETag": "\u00220x8DA65E02B7AA163\u0022",
        "Last-Modified": "Thu, 14 Jul 2022 21:31:10 GMT",
        "Server": [
          "Windows-Azure-Blob/1.0",
          "Microsoft-HTTPAPI/2.0"
        ],
        "x-ms-content-crc64": "vo7q9sPVKY0=",
        "x-ms-request-server-encrypted": "true",
        "x-ms-version": "2021-08-06"
      },
      "ResponseBody": null
    },
    {
      "RequestUri": "https://storagename.blob.core.windows.net/utcontainer5160410f/blob1",
      "RequestMethod": "HEAD",
      "RequestHeaders": {
        "Accept": "application/xml",
        "Accept-Encoding": "gzip, deflate",
        "If-Unmodified-Since": "Thu, 14 Jul 2022 21:16:10 GMT",
        "User-Agent": "azsdk-python-storage-blob/12.14.0b1 Python/3.10.5 (Windows-10-10.0.22000-SP0)",
        "x-ms-date": "Thu, 14 Jul 2022 21:31:10 GMT",
        "x-ms-version": "2021-08-06"
      },
      "RequestBody": null,
      "StatusCode": 412,
      "ResponseHeaders": {
        "Date": "Thu, 14 Jul 2022 21:31:09 GMT",
        "Server": [
          "Windows-Azure-Blob/1.0",
          "Microsoft-HTTPAPI/2.0"
        ],
        "Transfer-Encoding": "chunked",
        "Vary": "Origin",
        "x-ms-error-code": "ConditionNotMet",
        "x-ms-version": "2021-08-06"
      },
      "ResponseBody": null
    }
  ],
  "Variables": {
    "if_modified": "2022-07-14T21:16:10.542412"
  }
}
