interactions:
- request:
    body: null
    headers:
      Accept:
      - '*/*'
      Accept-Encoding:
      - gzip, deflate
      Connection:
      - keep-alive
      Content-Length:
      - '0'
      Content-Type:
      - application/octet-stream
      User-Agent:
      - python/3.6.5 (Darwin-16.7.0-x86_64-i386-64bit) azure-core/0.0.1
      x-ms-blob-type:
      - BlockBlob
      x-ms-client-request-id:
      - e63c9dae-8ecb-11e9-ab5a-f45c89a7d159
      x-ms-date:
      - Fri, 14 Jun 2019 17:43:20 GMT
      x-ms-version:
      - '2018-03-28'
    method: PUT
    uri: https://remotestoragename.blob.core.windows.net/utcontainerb88c17ce/blobb88c17ce
  response:
    body:
      string: ''
    headers:
      Content-Length:
      - '0'
      Content-MD5:
      - 1B2M2Y8AsgTpgAmY7PhCfg==
      Date:
      - Fri, 14 Jun 2019 17:43:20 GMT
      ETag:
      - '"0x8D6F0EFCB017603"'
      Last-Modified:
      - Fri, 14 Jun 2019 17:43:21 GMT
      Server:
      - Windows-Azure-Blob/1.0 Microsoft-HTTPAPI/2.0
      x-ms-request-id:
      - 42814492-701e-00af-7ed8-224690000000
      x-ms-request-server-encrypted:
      - 'true'
      x-ms-version:
      - '2018-03-28'
    status:
      code: 201
      message: Created
- request:
    body: null
    headers:
      Accept:
      - application/xml
      Accept-Encoding:
      - gzip, deflate
      Connection:
      - keep-alive
      User-Agent:
      - python/3.6.5 (Darwin-16.7.0-x86_64-i386-64bit) azure-core/0.0.1
      x-ms-client-request-id:
      - e65c1706-8ecb-11e9-984d-f45c89a7d159
      x-ms-date:
      - Fri, 14 Jun 2019 17:43:20 GMT
      x-ms-range:
      - bytes=0-5
      x-ms-version:
      - '2018-03-28'
    method: GET
    uri: https://remotestoragename.blob.core.windows.net/utcontainerb88c17ce/blobb88c17ce
  response:
    body:
      string: "\uFEFF<?xml version=\"1.0\" encoding=\"utf-8\"?><Error><Code>InvalidRange</Code><Message>The\
        \ range specified is invalid for the current size of the resource.\nRequestId:42814499-701e-00af-04d8-224690000000\n\
        Time:2019-06-14T17:43:21.3805962Z</Message></Error>"
    headers:
      Content-Length:
      - '249'
      Content-Range:
      - bytes */0
      Content-Type:
      - application/xml
      Date:
      - Fri, 14 Jun 2019 17:43:20 GMT
      Server:
      - Windows-Azure-Blob/1.0 Microsoft-HTTPAPI/2.0
      Vary:
      - Origin
      x-ms-error-code:
      - InvalidRange
      x-ms-request-id:
      - 42814499-701e-00af-04d8-224690000000
      x-ms-version:
      - '2018-03-28'
    status:
      code: 416
      message: The range specified is invalid for the current size of the resource.
- request:
    body: null
    headers:
      Accept:
      - application/xml
      Accept-Encoding:
      - gzip, deflate
      Connection:
      - keep-alive
      User-Agent:
      - python/3.6.5 (Darwin-16.7.0-x86_64-i386-64bit) azure-core/0.0.1
      x-ms-client-request-id:
      - e66454ca-8ecb-11e9-81b5-f45c89a7d159
      x-ms-date:
      - Fri, 14 Jun 2019 17:43:20 GMT
      x-ms-range:
      - bytes=3-5
      x-ms-version:
      - '2018-03-28'
    method: GET
    uri: https://remotestoragename.blob.core.windows.net/utcontainerb88c17ce/blobb88c17ce
  response:
    body:
      string: "\uFEFF<?xml version=\"1.0\" encoding=\"utf-8\"?><Error><Code>InvalidRange</Code><Message>The\
        \ range specified is invalid for the current size of the resource.\nRequestId:428144a5-701e-00af-0ad8-224690000000\n\
        Time:2019-06-14T17:43:21.4396379Z</Message></Error>"
    headers:
      Content-Length:
      - '249'
      Content-Range:
      - bytes */0
      Content-Type:
      - application/xml
      Date:
      - Fri, 14 Jun 2019 17:43:21 GMT
      Server:
      - Windows-Azure-Blob/1.0 Microsoft-HTTPAPI/2.0
      Vary:
      - Origin
      x-ms-error-code:
      - InvalidRange
      x-ms-request-id:
      - 428144a5-701e-00af-0ad8-224690000000
      x-ms-version:
      - '2018-03-28'
    status:
      code: 416
      message: The range specified is invalid for the current size of the resource.
- request:
    body: null
    headers:
      Accept:
      - '*/*'
      Accept-Encoding:
      - gzip, deflate
      Connection:
      - keep-alive
      Content-Length:
      - '0'
      Content-Type:
      - application/octet-stream
      User-Agent:
      - python/3.6.5 (Darwin-16.7.0-x86_64-i386-64bit) azure-core/0.0.1
      x-ms-blob-type:
      - BlockBlob
      x-ms-client-request-id:
      - 3ba730b6-8ed5-11e9-9de9-f45c89a7d159
      x-ms-date:
      - Fri, 14 Jun 2019 18:50:09 GMT
      x-ms-version:
      - '2018-03-28'
    method: PUT
    uri: https://storagename.blob.core.windows.net/utcontainerb88c17ce/blobb88c17ce
  response:
    body:
      string: ''
    headers:
      Content-Length:
      - '0'
      Content-MD5:
      - 1B2M2Y8AsgTpgAmY7PhCfg==
      Date:
      - Fri, 14 Jun 2019 18:50:08 GMT
      ETag:
      - '"0x8D6F0F91FF6F8A1"'
      Last-Modified:
      - Fri, 14 Jun 2019 18:50:09 GMT
      Server:
      - Windows-Azure-Blob/1.0 Microsoft-HTTPAPI/2.0
      x-ms-request-id:
      - 6bbbff96-d01e-00e6-5fe1-2275f0000000
      x-ms-request-server-encrypted:
      - 'true'
      x-ms-version:
      - '2018-03-28'
    status:
      code: 201
      message: Created
- request:
    body: null
    headers:
      Accept:
      - application/xml
      Accept-Encoding:
      - gzip, deflate
      Connection:
      - keep-alive
      User-Agent:
      - python/3.6.5 (Darwin-16.7.0-x86_64-i386-64bit) azure-core/0.0.1
      x-ms-client-request-id:
      - 3bc73424-8ed5-11e9-aa44-f45c89a7d159
      x-ms-date:
      - Fri, 14 Jun 2019 18:50:09 GMT
      x-ms-range:
      - bytes=0-5
      x-ms-version:
      - '2018-03-28'
    method: GET
    uri: https://storagename.blob.core.windows.net/utcontainerb88c17ce/blobb88c17ce
  response:
    body:
      string: "\uFEFF<?xml version=\"1.0\" encoding=\"utf-8\"?><Error><Code>InvalidRange</Code><Message>The\
        \ range specified is invalid for the current size of the resource.\nRequestId:6bbbffbe-d01e-00e6-04e1-2275f0000000\n\
        Time:2019-06-14T18:50:09.4062691Z</Message></Error>"
    headers:
      Content-Length:
      - '249'
      Content-Range:
      - bytes */0
      Content-Type:
      - application/xml
      Date:
      - Fri, 14 Jun 2019 18:50:08 GMT
      Server:
      - Windows-Azure-Blob/1.0 Microsoft-HTTPAPI/2.0
      Vary:
      - Origin
      x-ms-error-code:
      - InvalidRange
      x-ms-request-id:
      - 6bbbffbe-d01e-00e6-04e1-2275f0000000
      x-ms-version:
      - '2018-03-28'
    status:
      code: 416
      message: The range specified is invalid for the current size of the resource.
- request:
    body: null
    headers:
      Accept:
      - application/xml
      Accept-Encoding:
      - gzip, deflate
      Connection:
      - keep-alive
      User-Agent:
      - python/3.6.5 (Darwin-16.7.0-x86_64-i386-64bit) azure-core/0.0.1
      x-ms-client-request-id:
      - 3bd1eb46-8ed5-11e9-bb35-f45c89a7d159
      x-ms-date:
      - Fri, 14 Jun 2019 18:50:09 GMT
      x-ms-range:
      - bytes=3-5
      x-ms-version:
      - '2018-03-28'
    method: GET
    uri: https://storagename.blob.core.windows.net/utcontainerb88c17ce/blobb88c17ce
  response:
    body:
      string: "\uFEFF<?xml version=\"1.0\" encoding=\"utf-8\"?><Error><Code>InvalidRange</Code><Message>The\
        \ range specified is invalid for the current size of the resource.\nRequestId:6bbbffe7-d01e-00e6-2ce1-2275f0000000\n\
        Time:2019-06-14T18:50:09.4633104Z</Message></Error>"
    headers:
      Content-Length:
      - '249'
      Content-Range:
      - bytes */0
      Content-Type:
      - application/xml
      Date:
      - Fri, 14 Jun 2019 18:50:08 GMT
      Server:
      - Windows-Azure-Blob/1.0 Microsoft-HTTPAPI/2.0
      Vary:
      - Origin
      x-ms-error-code:
      - InvalidRange
      x-ms-request-id:
      - 6bbbffe7-d01e-00e6-2ce1-2275f0000000
      x-ms-version:
      - '2018-03-28'
    status:
      code: 416
      message: The range specified is invalid for the current size of the resource.
version: 1
