interactions:
- request:
    body: null
    headers:
      Accept:
      - '*/*'
      Accept-Encoding:
      - gzip, deflate
      Connection:
      - keep-alive
      Content-Length:
      - '0'
      User-Agent:
      - azsdk-python-storage-blob/12.0.0b5 Python/3.6.3 (Windows-10-10.0.18362-SP0)
      x-ms-date:
      - Fri, 25 Oct 2019 22:15:52 GMT
      x-ms-version:
      - '2019-02-02'
    method: PUT
    uri: https://storagename.blob.core.windows.net/containere26513ac?restype=container
  response:
    body:
      string: ''
    headers:
      content-length:
      - '0'
      date:
      - Fri, 25 Oct 2019 22:15:52 GMT
      etag:
      - '"0x8D75998E61053D2"'
      last-modified:
      - Fri, 25 Oct 2019 22:15:52 GMT
      server:
      - Windows-Azure-Blob/1.0 Microsoft-HTTPAPI/2.0
      x-ms-version:
      - '2019-02-02'
    status:
      code: 201
      message: Created
- request:
    body: hello world
    headers:
      Accept:
      - '*/*'
      Accept-Encoding:
      - gzip, deflate
      Connection:
      - keep-alive
      Content-Length:
      - '11'
      Content-Type:
      - application/octet-stream
      If-None-Match:
      - '*'
      User-Agent:
      - azsdk-python-storage-blob/12.0.0b5 Python/3.6.3 (Windows-10-10.0.18362-SP0)
      x-ms-blob-type:
      - BlockBlob
      x-ms-date:
      - Fri, 25 Oct 2019 22:15:53 GMT
      x-ms-version:
      - '2019-02-02'
    method: PUT
    uri: https://storagename.blob.core.windows.net/containere26513ac/blob1
  response:
    body:
      string: ''
    headers:
      content-length:
      - '0'
      content-md5:
      - XrY7u+Ae7tCTyyK7j1rNww==
      date:
      - Fri, 25 Oct 2019 22:15:52 GMT
      etag:
      - '"0x8D75998E619B6AA"'
      last-modified:
      - Fri, 25 Oct 2019 22:15:52 GMT
      server:
      - Windows-Azure-Blob/1.0 Microsoft-HTTPAPI/2.0
      x-ms-content-crc64:
      - vo7q9sPVKY0=
      x-ms-request-server-encrypted:
      - 'true'
      x-ms-version:
      - '2019-02-02'
    status:
      code: 201
      message: Created
- request:
    body: hello world
    headers:
      Accept:
      - '*/*'
      Accept-Encoding:
      - gzip, deflate
      Connection:
      - keep-alive
      Content-Length:
      - '11'
      Content-Type:
      - application/octet-stream
      If-None-Match:
      - '*'
      User-Agent:
      - azsdk-python-storage-blob/12.0.0b5 Python/3.6.3 (Windows-10-10.0.18362-SP0)
      x-ms-blob-type:
      - BlockBlob
      x-ms-date:
      - Fri, 25 Oct 2019 22:15:53 GMT
      x-ms-version:
      - '2019-02-02'
    method: PUT
    uri: https://storagename.blob.core.windows.net/containere26513ac/blob2
  response:
    body:
      string: ''
    headers:
      content-length:
      - '0'
      content-md5:
      - XrY7u+Ae7tCTyyK7j1rNww==
      date:
      - Fri, 25 Oct 2019 22:15:52 GMT
      etag:
      - '"0x8D75998E622926D"'
      last-modified:
      - Fri, 25 Oct 2019 22:15:52 GMT
      server:
      - Windows-Azure-Blob/1.0 Microsoft-HTTPAPI/2.0
      x-ms-content-crc64:
      - vo7q9sPVKY0=
      x-ms-request-server-encrypted:
      - 'true'
      x-ms-version:
      - '2019-02-02'
    status:
      code: 201
      message: Created
- request:
    body: hello world
    headers:
      Accept:
      - '*/*'
      Accept-Encoding:
      - gzip, deflate
      Connection:
      - keep-alive
      Content-Length:
      - '11'
      Content-Type:
      - application/octet-stream
      If-None-Match:
      - '*'
      User-Agent:
      - azsdk-python-storage-blob/12.0.0b5 Python/3.6.3 (Windows-10-10.0.18362-SP0)
      x-ms-blob-type:
      - BlockBlob
      x-ms-date:
      - Fri, 25 Oct 2019 22:15:53 GMT
      x-ms-version:
      - '2019-02-02'
    method: PUT
    uri: https://storagename.blob.core.windows.net/containere26513ac/blob3
  response:
    body:
      string: ''
    headers:
      content-length:
      - '0'
      content-md5:
      - XrY7u+Ae7tCTyyK7j1rNww==
      date:
      - Fri, 25 Oct 2019 22:15:52 GMT
      etag:
      - '"0x8D75998E62BBC6E"'
      last-modified:
      - Fri, 25 Oct 2019 22:15:52 GMT
      server:
      - Windows-Azure-Blob/1.0 Microsoft-HTTPAPI/2.0
      x-ms-content-crc64:
      - vo7q9sPVKY0=
      x-ms-request-server-encrypted:
      - 'true'
      x-ms-version:
      - '2019-02-02'
    status:
      code: 201
      message: Created
- request:
    body: "--===============8005846686367839396==\r\nContent-Type: application/http\r\nContent-Transfer-Encoding:
      binary\r\nContent-ID: 0\r\n\r\nDELETE /containere26513ac/blob1? HTTP/1.1\r\nx-ms-date:
      Fri, 25 Oct 2019 22:15:53 GMT\r\nx-ms-client-request-id: 02349762-f775-11e9-ad0d-1831bf6ae40e\r\nAuthorization:
      SharedKey pyacrstorage4sgtv3vzwdp2:eEhrWDmDr3rldfY0YotBEIMrZQK6QMWLCraf1xFfJVU=\r\n\r\n\r\n--===============8005846686367839396==\r\nContent-Type:
      application/http\r\nContent-Transfer-Encoding: binary\r\nContent-ID: 1\r\n\r\nDELETE
      /containere26513ac/blob2? HTTP/1.1\r\nx-ms-date: Fri, 25 Oct 2019 22:15:53 GMT\r\nx-ms-client-request-id:
      02349763-f775-11e9-86da-1831bf6ae40e\r\nAuthorization: SharedKey pyacrstorage4sgtv3vzwdp2:8vUFJQMeaYR3+jl6DemDLUkbUTPO0y9RpZv9fO9kdO8=\r\n\r\n\r\n--===============8005846686367839396==\r\nContent-Type:
      application/http\r\nContent-Transfer-Encoding: binary\r\nContent-ID: 2\r\n\r\nDELETE
      /containere26513ac/blob3? HTTP/1.1\r\nx-ms-date: Fri, 25 Oct 2019 22:15:53 GMT\r\nx-ms-client-request-id:
      02349764-f775-11e9-ad30-1831bf6ae40e\r\nAuthorization: SharedKey pyacrstorage4sgtv3vzwdp2:P04isSBwFKfrJbvO2vym+SXVP1rqi/7bWsx3E4rPL8Q=\r\n\r\n\r\n--===============8005846686367839396==--\r\n"
    headers:
      Accept:
      - '*/*'
      Accept-Encoding:
      - gzip, deflate
      Connection:
      - keep-alive
      Content-Length:
      - '1155'
      Content-Type:
      - multipart/mixed; boundary================8005846686367839396==
      User-Agent:
      - azsdk-python-storage-blob/12.0.0b5 Python/3.6.3 (Windows-10-10.0.18362-SP0)
      x-ms-date:
      - Fri, 25 Oct 2019 22:15:53 GMT
      x-ms-version:
      - '2019-02-02'
    method: POST
    uri: https://storagename.blob.core.windows.net/?comp=batch
  response:
    body:
      string: "--batchresponse_4cf2b662-34d9-46f0-ae68-b5b49af836d8\r\nContent-Type:
        application/http\r\nContent-ID: 0\r\n\r\nHTTP/1.1 202 Accepted\r\nx-ms-delete-type-permanent:
        true\r\nx-ms-request-id: 96cb3fe1-101e-0126-2381-8bed971e19b3\r\nx-ms-version:
        2019-02-02\r\nx-ms-client-request-id: 02349762-f775-11e9-ad0d-1831bf6ae40e\r\nServer:
        Windows-Azure-Blob/1.0\r\n\r\n--batchresponse_4cf2b662-34d9-46f0-ae68-b5b49af836d8\r\nContent-Type:
        application/http\r\nContent-ID: 1\r\n\r\nHTTP/1.1 202 Accepted\r\nx-ms-delete-type-permanent:
        true\r\nx-ms-request-id: 96cb3fe1-101e-0126-2381-8bed971e19b5\r\nx-ms-version:
        2019-02-02\r\nx-ms-client-request-id: 02349763-f775-11e9-86da-1831bf6ae40e\r\nServer:
        Windows-Azure-Blob/1.0\r\n\r\n--batchresponse_4cf2b662-34d9-46f0-ae68-b5b49af836d8\r\nContent-Type:
        application/http\r\nContent-ID: 2\r\n\r\nHTTP/1.1 202 Accepted\r\nx-ms-delete-type-permanent:
        true\r\nx-ms-request-id: 96cb3fe1-101e-0126-2381-8bed971e19b6\r\nx-ms-version:
        2019-02-02\r\nx-ms-client-request-id: 02349764-f775-11e9-ad30-1831bf6ae40e\r\nServer:
        Windows-Azure-Blob/1.0\r\n\r\n--batchresponse_4cf2b662-34d9-46f0-ae68-b5b49af836d8--"
    headers:
      content-type:
      - multipart/mixed; boundary=batchresponse_4cf2b662-34d9-46f0-ae68-b5b49af836d8
      date:
      - Fri, 25 Oct 2019 22:15:52 GMT
      server:
      - Windows-Azure-Blob/1.0 Microsoft-HTTPAPI/2.0
      transfer-encoding:
      - chunked
      x-ms-version:
      - '2019-02-02'
    status:
      code: 202
      message: Accepted
version: 1
