interactions:
- request:
    body: null
    headers:
      Accept:
      - '*/*'
      Accept-Encoding:
      - gzip, deflate
      Connection:
      - keep-alive
      Content-Length:
      - '0'
      User-Agent:
      - python/3.6.5 (Darwin-16.7.0-x86_64-i386-64bit) azure-core/0.0.1
      x-ms-client-request-id:
      - d49141a4-8ecb-11e9-a963-f45c89a7d159
      x-ms-date:
      - Fri, 14 Jun 2019 17:42:50 GMT
      x-ms-version:
      - '2018-03-28'
    method: PUT
    uri: https://remotestoragename.blob.core.windows.net/containeraaa91ba4?restype=container
  response:
    body:
      string: ''
    headers:
      Content-Length:
      - '0'
      Date:
      - Fri, 14 Jun 2019 17:42:51 GMT
      ETag:
      - '"0x8D6F0EFB955C88C"'
      Last-Modified:
      - Fri, 14 Jun 2019 17:42:51 GMT
      Server:
      - Windows-Azure-Blob/1.0 Microsoft-HTTPAPI/2.0
      x-ms-request-id:
      - d0b77bb7-001e-0045-50d8-22b991000000
      x-ms-version:
      - '2018-03-28'
    status:
      code: 201
      message: Created
- request:
    body: null
    headers:
      Accept:
      - '*/*'
      Accept-Encoding:
      - gzip, deflate
      Connection:
      - keep-alive
      Content-Length:
      - '0'
      Content-Type:
      - application/xml; charset=utf-8
      User-Agent:
      - python/3.6.5 (Darwin-16.7.0-x86_64-i386-64bit) azure-core/0.0.1
      x-ms-client-request-id:
      - d4b0842e-8ecb-11e9-ab40-f45c89a7d159
      x-ms-date:
      - Fri, 14 Jun 2019 17:42:50 GMT
      x-ms-version:
      - '2018-03-28'
    method: PUT
    uri: https://remotestoragename.blob.core.windows.net/containeraaa91ba4?restype=container&comp=acl
  response:
    body:
      string: ''
    headers:
      Content-Length:
      - '0'
      Date:
      - Fri, 14 Jun 2019 17:42:51 GMT
      ETag:
      - '"0x8D6F0EFB95EB2F7"'
      Last-Modified:
      - Fri, 14 Jun 2019 17:42:51 GMT
      Server:
      - Windows-Azure-Blob/1.0 Microsoft-HTTPAPI/2.0
      x-ms-request-id:
      - d0b77bd8-001e-0045-68d8-22b991000000
      x-ms-version:
      - '2018-03-28'
    status:
      code: 200
      message: OK
- request:
    body: null
    headers:
      Accept:
      - application/xml
      Accept-Encoding:
      - gzip, deflate
      Connection:
      - keep-alive
      User-Agent:
      - python/3.6.5 (Darwin-16.7.0-x86_64-i386-64bit) azure-core/0.0.1
      x-ms-client-request-id:
      - d4b8b75c-8ecb-11e9-9cd6-f45c89a7d159
      x-ms-date:
      - Fri, 14 Jun 2019 17:42:50 GMT
      x-ms-version:
      - '2018-03-28'
    method: GET
    uri: https://remotestoragename.blob.core.windows.net/containeraaa91ba4?restype=container&comp=acl
  response:
    body:
      string: "\uFEFF<?xml version=\"1.0\" encoding=\"utf-8\"?><SignedIdentifiers
        />"
    headers:
      Content-Type:
      - application/xml
      Date:
      - Fri, 14 Jun 2019 17:42:51 GMT
      ETag:
      - '"0x8D6F0EFB95EB2F7"'
      Last-Modified:
      - Fri, 14 Jun 2019 17:42:51 GMT
      Server:
      - Windows-Azure-Blob/1.0 Microsoft-HTTPAPI/2.0
      Transfer-Encoding:
      - chunked
      Vary:
      - Origin
      x-ms-request-id:
      - d0b77bf2-001e-0045-80d8-22b991000000
      x-ms-version:
      - '2018-03-28'
    status:
      code: 200
      message: OK
- request:
    body: null
    headers:
      Accept:
      - '*/*'
      Accept-Encoding:
      - gzip, deflate
      Connection:
      - keep-alive
      Content-Length:
      - '0'
      User-Agent:
      - python/3.6.5 (Darwin-16.7.0-x86_64-i386-64bit) azure-core/0.0.1
      x-ms-client-request-id:
      - 24fc8886-8ed5-11e9-a1bd-f45c89a7d159
      x-ms-date:
      - Fri, 14 Jun 2019 18:49:31 GMT
      x-ms-version:
      - '2018-03-28'
    method: PUT
    uri: https://storagename.blob.core.windows.net/containeraaa91ba4?restype=container
  response:
    body:
      string: ''
    headers:
      Content-Length:
      - '0'
      Date:
      - Fri, 14 Jun 2019 18:49:30 GMT
      ETag:
      - '"0x8D6F0F9094A9B87"'
      Last-Modified:
      - Fri, 14 Jun 2019 18:49:31 GMT
      Server:
      - Windows-Azure-Blob/1.0 Microsoft-HTTPAPI/2.0
      x-ms-request-id:
      - 249f31c5-b01e-005c-6de1-2295f9000000
      x-ms-version:
      - '2018-03-28'
    status:
      code: 201
      message: Created
- request:
    body: null
    headers:
      Accept:
      - '*/*'
      Accept-Encoding:
      - gzip, deflate
      Connection:
      - keep-alive
      Content-Length:
      - '0'
      Content-Type:
      - application/xml; charset=utf-8
      User-Agent:
      - python/3.6.5 (Darwin-16.7.0-x86_64-i386-64bit) azure-core/0.0.1
      x-ms-client-request-id:
      - 251a9d06-8ed5-11e9-b6b2-f45c89a7d159
      x-ms-date:
      - Fri, 14 Jun 2019 18:49:31 GMT
      x-ms-version:
      - '2018-03-28'
    method: PUT
    uri: https://storagename.blob.core.windows.net/containeraaa91ba4?restype=container&comp=acl
  response:
    body:
      string: ''
    headers:
      Content-Length:
      - '0'
      Date:
      - Fri, 14 Jun 2019 18:49:30 GMT
      ETag:
      - '"0x8D6F0F909534969"'
      Last-Modified:
      - Fri, 14 Jun 2019 18:49:31 GMT
      Server:
      - Windows-Azure-Blob/1.0 Microsoft-HTTPAPI/2.0
      x-ms-request-id:
      - 249f31dd-b01e-005c-03e1-2295f9000000
      x-ms-version:
      - '2018-03-28'
    status:
      code: 200
      message: OK
- request:
    body: null
    headers:
      Accept:
      - application/xml
      Accept-Encoding:
      - gzip, deflate
      Connection:
      - keep-alive
      User-Agent:
      - python/3.6.5 (Darwin-16.7.0-x86_64-i386-64bit) azure-core/0.0.1
      x-ms-client-request-id:
      - 2522fb06-8ed5-11e9-a7bf-f45c89a7d159
      x-ms-date:
      - Fri, 14 Jun 2019 18:49:31 GMT
      x-ms-version:
      - '2018-03-28'
    method: GET
    uri: https://storagename.blob.core.windows.net/containeraaa91ba4?restype=container&comp=acl
  response:
    body:
      string: "\uFEFF<?xml version=\"1.0\" encoding=\"utf-8\"?><SignedIdentifiers
        />"
    headers:
      Content-Type:
      - application/xml
      Date:
      - Fri, 14 Jun 2019 18:49:30 GMT
      ETag:
      - '"0x8D6F0F909534969"'
      Last-Modified:
      - Fri, 14 Jun 2019 18:49:31 GMT
      Server:
      - Windows-Azure-Blob/1.0 Microsoft-HTTPAPI/2.0
      Transfer-Encoding:
      - chunked
      Vary:
      - Origin
      x-ms-request-id:
      - 249f31f3-b01e-005c-17e1-2295f9000000
      x-ms-version:
      - '2018-03-28'
    status:
      code: 200
      message: OK
- request:
    body: null
    headers:
      Accept:
      - '*/*'
      Accept-Encoding:
      - gzip, deflate
      Connection:
      - keep-alive
      Content-Length:
      - '0'
      User-Agent:
      - python/3.6.5 (Darwin-16.7.0-x86_64-i386-64bit) azure-core/0.0.1
      x-ms-client-request-id:
      - 28562242-8eda-11e9-a553-f45c89a7d159
      x-ms-date:
      - Fri, 14 Jun 2019 19:25:24 GMT
      x-ms-version:
      - '2018-03-28'
    method: PUT
    uri: https://storagename.blob.core.windows.net/containeraaa91ba4?restype=container
  response:
    body:
      string: ''
    headers:
      Content-Length:
      - '0'
      Date:
      - Fri, 14 Jun 2019 19:25:23 GMT
      ETag:
      - '"0x8D6F0FE0CA5FC6E"'
      Last-Modified:
      - Fri, 14 Jun 2019 19:25:24 GMT
      Server:
      - Windows-Azure-Blob/1.0 Microsoft-HTTPAPI/2.0
      x-ms-request-id:
      - 722609ad-301e-0020-1ee6-2208cc000000
      x-ms-version:
      - '2018-03-28'
    status:
      code: 201
      message: Created
- request:
    body: null
    headers:
      Accept:
      - '*/*'
      Accept-Encoding:
      - gzip, deflate
      Connection:
      - keep-alive
      Content-Length:
      - '0'
      Content-Type:
      - application/xml; charset=utf-8
      User-Agent:
      - python/3.6.5 (Darwin-16.7.0-x86_64-i386-64bit) azure-core/0.0.1
      x-ms-client-request-id:
      - 287612fa-8eda-11e9-9424-f45c89a7d159
      x-ms-date:
      - Fri, 14 Jun 2019 19:25:24 GMT
      x-ms-version:
      - '2018-03-28'
    method: PUT
    uri: https://storagename.blob.core.windows.net/containeraaa91ba4?restype=container&comp=acl
  response:
    body:
      string: ''
    headers:
      Content-Length:
      - '0'
      Date:
      - Fri, 14 Jun 2019 19:25:23 GMT
      ETag:
      - '"0x8D6F0FE0CAEB63A"'
      Last-Modified:
      - Fri, 14 Jun 2019 19:25:24 GMT
      Server:
      - Windows-Azure-Blob/1.0 Microsoft-HTTPAPI/2.0
      x-ms-request-id:
      - 722609c3-301e-0020-30e6-2208cc000000
      x-ms-version:
      - '2018-03-28'
    status:
      code: 200
      message: OK
- request:
    body: null
    headers:
      Accept:
      - application/xml
      Accept-Encoding:
      - gzip, deflate
      Connection:
      - keep-alive
      User-Agent:
      - python/3.6.5 (Darwin-16.7.0-x86_64-i386-64bit) azure-core/0.0.1
      x-ms-client-request-id:
      - 287e5bfe-8eda-11e9-b9f8-f45c89a7d159
      x-ms-date:
      - Fri, 14 Jun 2019 19:25:24 GMT
      x-ms-version:
      - '2018-03-28'
    method: GET
    uri: https://storagename.blob.core.windows.net/containeraaa91ba4?restype=container&comp=acl
  response:
    body:
      string: "\uFEFF<?xml version=\"1.0\" encoding=\"utf-8\"?><SignedIdentifiers
        />"
    headers:
      Content-Type:
      - application/xml
      Date:
      - Fri, 14 Jun 2019 19:25:23 GMT
      ETag:
      - '"0x8D6F0FE0CAEB63A"'
      Last-Modified:
      - Fri, 14 Jun 2019 19:25:24 GMT
      Server:
      - Windows-Azure-Blob/1.0 Microsoft-HTTPAPI/2.0
      Transfer-Encoding:
      - chunked
      Vary:
      - Origin
      x-ms-request-id:
      - 722609d6-301e-0020-41e6-2208cc000000
      x-ms-version:
      - '2018-03-28'
    status:
      code: 200
      message: OK
- request:
    body: null
    headers:
      Accept:
      - '*/*'
      Accept-Encoding:
      - gzip, deflate
      Connection:
      - keep-alive
      Content-Length:
      - '0'
      User-Agent:
      - azsdk-python-storage-blob/12.0.0b2 Python/3.7.3 (Windows-10-10.0.17763-SP0)
      content-type:
      - application/xml; charset=utf-8
      x-ms-client-request-id:
      - f6ef7136-c862-11e9-ae37-2816a845e8c6
      x-ms-date:
      - Tue, 27 Aug 2019 00:38:18 GMT
      x-ms-version:
      - '2019-02-02'
    method: PUT
    uri: https://blobstoragename.blob.core.windows.net/containeraaa91ba4?restype=container
  response:
    body:
      string: ''
    headers:
      Content-Length:
      - '0'
      Date:
      - Tue, 27 Aug 2019 00:38:17 GMT
      ETag:
      - '"0x8D72A86DA4B3CEE"'
      Last-Modified:
      - Tue, 27 Aug 2019 00:38:17 GMT
      Server:
      - Windows-Azure-Blob/1.0 Microsoft-HTTPAPI/2.0
      x-ms-client-request-id:
      - f6ef7136-c862-11e9-ae37-2816a845e8c6
      x-ms-request-id:
      - 565da394-a01e-0007-556f-5c9285000000
      x-ms-version:
      - '2019-02-02'
    status:
      code: 201
      message: Created
- request:
    body: null
    headers:
      Accept:
      - '*/*'
      Accept-Encoding:
      - gzip, deflate
      Connection:
      - keep-alive
      Content-Length:
      - '0'
      Content-Type:
      - application/xml; charset=utf-8
      User-Agent:
      - azsdk-python-storage-blob/12.0.0b2 Python/3.7.3 (Windows-10-10.0.17763-SP0)
      x-ms-client-request-id:
      - f7181474-c862-11e9-932e-2816a845e8c6
      x-ms-date:
      - Tue, 27 Aug 2019 00:38:18 GMT
      x-ms-version:
      - '2019-02-02'
    method: PUT
    uri: https://blobstoragename.blob.core.windows.net/containeraaa91ba4?restype=container&comp=acl
  response:
    body:
      string: ''
    headers:
      Content-Length:
      - '0'
      Date:
      - Tue, 27 Aug 2019 00:38:17 GMT
      ETag:
      - '"0x8D72A86DA56EE84"'
      Last-Modified:
      - Tue, 27 Aug 2019 00:38:17 GMT
      Server:
      - Windows-Azure-Blob/1.0 Microsoft-HTTPAPI/2.0
      x-ms-client-request-id:
      - f7181474-c862-11e9-932e-2816a845e8c6
      x-ms-request-id:
      - 565da3a9-a01e-0007-656f-5c9285000000
      x-ms-version:
      - '2019-02-02'
    status:
      code: 200
      message: OK
- request:
    body: null
    headers:
      Accept:
      - application/xml
      Accept-Encoding:
      - gzip, deflate
      Connection:
      - keep-alive
      User-Agent:
      - azsdk-python-storage-blob/12.0.0b2 Python/3.7.3 (Windows-10-10.0.17763-SP0)
      content-type:
      - application/xml; charset=utf-8
      x-ms-client-request-id:
      - f7232f36-c862-11e9-8f6e-2816a845e8c6
      x-ms-date:
      - Tue, 27 Aug 2019 00:38:19 GMT
      x-ms-version:
      - '2019-02-02'
    method: GET
    uri: https://blobstoragename.blob.core.windows.net/containeraaa91ba4?restype=container&comp=acl
  response:
    body:
      string: "\uFEFF<?xml version=\"1.0\" encoding=\"utf-8\"?><SignedIdentifiers
        />"
    headers:
      Content-Type:
      - application/xml
      Date:
      - Tue, 27 Aug 2019 00:38:17 GMT
      ETag:
      - '"0x8D72A86DA56EE84"'
      Last-Modified:
      - Tue, 27 Aug 2019 00:38:17 GMT
      Server:
      - Windows-Azure-Blob/1.0 Microsoft-HTTPAPI/2.0
      Transfer-Encoding:
      - chunked
      Vary:
      - Origin
      x-ms-client-request-id:
      - f7232f36-c862-11e9-8f6e-2816a845e8c6
      x-ms-request-id:
      - 565da3c4-a01e-0007-7b6f-5c9285000000
      x-ms-version:
      - '2019-02-02'
    status:
      code: 200
      message: OK
version: 1
