interactions:
- request:
    body: null
    headers:
      Accept:
      - '*/*'
      Accept-Encoding:
      - gzip, deflate
      Connection:
      - keep-alive
      Content-Length:
      - '0'
      User-Agent:
      - azsdk-python-storage-blob/12.0.0b4 Python/3.7.3 (Windows-10-10.0.17763-SP0)
      x-ms-date:
      - Fri, 11 Oct 2019 18:07:10 GMT
      x-ms-version:
      - '2019-02-02'
    method: PUT
    uri: https://pyacrstorage207e0f24.blob.core.windows.net/utcontainer207e0f24?timeout=5&restype=container
  response:
    body:
      string: ''
    headers:
      content-length:
      - '0'
      date:
      - Fri, 11 Oct 2019 18:07:10 GMT
      etag:
      - '"0x8D74E75D60E1BDA"'
      last-modified:
      - Fri, 11 Oct 2019 18:07:10 GMT
      server:
      - Windows-Azure-Blob/1.0 Microsoft-HTTPAPI/2.0
      x-ms-version:
      - '2019-02-02'
    status:
      code: 201
      message: Created
- request:
    body: null
    headers:
      Accept:
      - '*/*'
      Accept-Encoding:
      - gzip, deflate
      Connection:
      - keep-alive
      Content-Length:
      - '0'
      User-Agent:
      - azsdk-python-storage-blob/12.0.0b4 Python/3.7.3 (Windows-10-10.0.17763-SP0)
      x-ms-copy-source:
      - http://www.gutenberg.org/files/59466/59466-0.txt
      x-ms-date:
      - Fri, 11 Oct 2019 18:07:11 GMT
      x-ms-version:
      - '2019-02-02'
    method: PUT
    uri: https://pyacrstorage207e0f24.blob.core.windows.net/utcontainer207e0f24/59466-0.txt
  response:
    body:
      string: ''
    headers:
      content-length:
      - '0'
      date:
      - Fri, 11 Oct 2019 18:07:10 GMT
      etag:
      - '"0x8D74E75D6740711"'
      last-modified:
      - Fri, 11 Oct 2019 18:07:11 GMT
      server:
      - Windows-Azure-Blob/1.0 Microsoft-HTTPAPI/2.0
      x-ms-copy-id:
      - 2543fa95-427c-4c72-a3ea-e5eae3eedc11
      x-ms-copy-status:
      - pending
      x-ms-version:
      - '2019-02-02'
    status:
      code: 202
      message: Accepted
- request:
    body: null
    headers:
      Accept:
      - '*/*'
      Accept-Encoding:
      - gzip, deflate
      Connection:
      - keep-alive
      Content-Length:
      - '0'
      User-Agent:
      - azsdk-python-storage-blob/12.0.0b4 Python/3.7.3 (Windows-10-10.0.17763-SP0)
      x-ms-copy-action:
      - abort
      x-ms-date:
      - Fri, 11 Oct 2019 18:07:12 GMT
      x-ms-version:
      - '2019-02-02'
    method: PUT
    uri: https://pyacrstorage207e0f24.blob.core.windows.net/utcontainer207e0f24/59466-0.txt?copyid=2543fa95-427c-4c72-a3ea-e5eae3eedc11&comp=copy
  response:
    body:
      string: ''
    headers:
      content-length:
      - '0'
      date:
      - Fri, 11 Oct 2019 18:07:12 GMT
      server:
      - Windows-Azure-Blob/1.0 Microsoft-HTTPAPI/2.0
      x-ms-version:
      - '2019-02-02'
    status:
      code: 204
      message: No Content
- request:
    body: null
    headers:
      Accept:
      - '*/*'
      Accept-Encoding:
      - gzip, deflate
      Connection:
      - keep-alive
      User-Agent:
      - azsdk-python-storage-blob/12.0.0b4 Python/3.7.3 (Windows-10-10.0.17763-SP0)
      x-ms-date:
      - Fri, 11 Oct 2019 18:07:13 GMT
      x-ms-version:
      - '2019-02-02'
    method: HEAD
    uri: https://pyacrstorage207e0f24.blob.core.windows.net/utcontainer207e0f24/59466-0.txt
  response:
    body:
      string: ''
    headers:
      accept-ranges:
      - bytes
      content-length:
      - '0'
      content-type:
      - text/plain
      date:
      - Fri, 11 Oct 2019 18:07:12 GMT
      etag:
      - '"0x8D74E75D7897B10"'
      last-modified:
      - Fri, 11 Oct 2019 18:07:13 GMT
      server:
      - Windows-Azure-Blob/1.0 Microsoft-HTTPAPI/2.0
      x-ms-blob-type:
      - BlockBlob
      x-ms-copy-completion-time:
      - Fri, 11 Oct 2019 18:07:13 GMT
      x-ms-copy-id:
      - 2543fa95-427c-4c72-a3ea-e5eae3eedc11
      x-ms-copy-progress:
      - 0/439274
      x-ms-copy-source:
      - http://www.gutenberg.org/files/59466/59466-0.txt
      x-ms-copy-status:
      - aborted
      x-ms-creation-time:
      - Fri, 11 Oct 2019 18:07:11 GMT
      x-ms-lease-state:
      - available
      x-ms-lease-status:
      - unlocked
      x-ms-server-encrypted:
      - 'true'
      x-ms-version:
      - '2019-02-02'
    status:
      code: 200
      message: OK
- request:
    body: null
    headers:
      Accept:
      - application/xml
      Accept-Encoding:
      - gzip, deflate
      Connection:
      - keep-alive
      User-Agent:
      - azsdk-python-storage-blob/12.0.0b4 Python/3.7.3 (Windows-10-10.0.17763-SP0)
      x-ms-date:
      - Fri, 11 Oct 2019 18:07:14 GMT
      x-ms-range:
      - bytes=0-33554431
      x-ms-version:
      - '2019-02-02'
    method: GET
    uri: https://pyacrstorage207e0f24.blob.core.windows.net/utcontainer207e0f24/59466-0.txt
  response:
    body:
      string: "\uFEFF<?xml version=\"1.0\" encoding=\"utf-8\"?><Error><Code>InvalidRange</Code><Message>The
        range specified is invalid for the current size of the resource.\nRequestId:572042c5-701e-00bb-735e-80b520000000\nTime:2019-10-11T18:07:13.2142559Z</Message></Error>"
    headers:
      content-length:
      - '249'
      content-range:
      - bytes */0
      content-type:
      - application/xml
      date:
      - Fri, 11 Oct 2019 18:07:12 GMT
      server:
      - Windows-Azure-Blob/1.0 Microsoft-HTTPAPI/2.0
      x-ms-error-code:
      - InvalidRange
      x-ms-version:
      - '2019-02-02'
    status:
      code: 416
      message: The range specified is invalid for the current size of the resource.
- request:
    body: null
    headers:
      Accept:
      - application/xml
      Accept-Encoding:
      - gzip, deflate
      Connection:
      - keep-alive
      User-Agent:
      - azsdk-python-storage-blob/12.0.0b4 Python/3.7.3 (Windows-10-10.0.17763-SP0)
      x-ms-date:
      - Fri, 11 Oct 2019 18:07:14 GMT
      x-ms-version:
      - '2019-02-02'
    method: GET
    uri: https://pyacrstorage207e0f24.blob.core.windows.net/utcontainer207e0f24/59466-0.txt
  response:
    body:
      string: ''
    headers:
      accept-ranges:
      - bytes
      content-length:
      - '0'
      content-type:
      - text/plain
      date:
      - Fri, 11 Oct 2019 18:07:12 GMT
      etag:
      - '"0x8D74E75D7897B10"'
      last-modified:
      - Fri, 11 Oct 2019 18:07:13 GMT
      server:
      - Windows-Azure-Blob/1.0 Microsoft-HTTPAPI/2.0
      x-ms-blob-type:
      - BlockBlob
      x-ms-copy-completion-time:
      - Fri, 11 Oct 2019 18:07:13 GMT
      x-ms-copy-id:
      - 2543fa95-427c-4c72-a3ea-e5eae3eedc11
      x-ms-copy-progress:
      - 0/439274
      x-ms-copy-source:
      - http://www.gutenberg.org/files/59466/59466-0.txt
      x-ms-copy-status:
      - aborted
      x-ms-creation-time:
      - Fri, 11 Oct 2019 18:07:11 GMT
      x-ms-lease-state:
      - available
      x-ms-lease-status:
      - unlocked
      x-ms-server-encrypted:
      - 'true'
      x-ms-version:
      - '2019-02-02'
    status:
      code: 200
      message: OK
version: 1
