interactions:
- request:
    body: null
    headers:
      User-Agent:
      - azsdk-python-storage-blob/12.0.0b5 Python/3.6.3 (Windows-10-10.0.18362-SP0)
      x-ms-date:
      - Fri, 25 Oct 2019 18:43:37 GMT
      x-ms-version:
      - '2019-02-02'
    method: PUT
    uri: https://storagename.blob.core.windows.net/utcontainer96171f0e?restype=container
  response:
    body:
      string: ''
    headers:
      content-length: '0'
      date: Fri, 25 Oct 2019 18:43:37 GMT
      etag: '"0x8D7597B3F56DCCA"'
      last-modified: Fri, 25 Oct 2019 18:43:37 GMT
      server: Windows-Azure-Blob/1.0 Microsoft-HTTPAPI/2.0
      x-ms-version: '2019-02-02'
    status:
      code: 201
      message: Created
    url: !!python/object/new:yarl.URL
      state: !!python/tuple
      - !!python/object/new:urllib.parse.SplitResult
        - https
        - pyacrstoragewzo2a3il3cqj.blob.core.windows.net
        - /utcontainer96171f0e
        - restype=container
        - ''
- request:
    body: null
    headers:
      Content-Length:
      - '0'
      Content-Type:
      - application/octet-stream
      If-None-Match:
      - '*'
      User-Agent:
      - azsdk-python-storage-blob/12.0.0b5 Python/3.6.3 (Windows-10-10.0.18362-SP0)
      x-ms-blob-type:
      - BlockBlob
      x-ms-date:
      - Fri, 25 Oct 2019 18:43:37 GMT
      x-ms-version:
      - '2019-02-02'
    method: PUT
    uri: https://storagename.blob.core.windows.net/utcontainer96171f0e/blob96171f0e
  response:
    body:
      string: ''
    headers:
      content-length: '0'
      content-md5: 1B2M2Y8AsgTpgAmY7PhCfg==
      date: Fri, 25 Oct 2019 18:43:37 GMT
      etag: '"0x8D7597B3F5E2085"'
      last-modified: Fri, 25 Oct 2019 18:43:37 GMT
      server: Windows-Azure-Blob/1.0 Microsoft-HTTPAPI/2.0
      x-ms-content-crc64: AAAAAAAAAAA=
      x-ms-request-server-encrypted: 'true'
      x-ms-version: '2019-02-02'
    status:
      code: 201
      message: Created
    url: !!python/object/new:yarl.URL
      state: !!python/tuple
      - !!python/object/new:urllib.parse.SplitResult
        - https
        - pyacrstoragewzo2a3il3cqj.blob.core.windows.net
        - /utcontainer96171f0e/blob96171f0e
        - ''
        - ''
- request:
    body: null
    headers:
      User-Agent:
      - azsdk-python-storage-blob/12.0.0b5 Python/3.6.3 (Windows-10-10.0.18362-SP0)
      x-ms-access-tier:
      - Archive
      x-ms-date:
      - Fri, 25 Oct 2019 18:43:37 GMT
      x-ms-rehydrate-priority:
      - Standard
      x-ms-version:
      - '2019-02-02'
    method: PUT
    uri: https://storagename.blob.core.windows.net/utcontainer96171f0e/blob96171f0e?comp=tier
  response:
    body:
      string: ''
    headers:
      content-length: '0'
      date: Fri, 25 Oct 2019 18:43:37 GMT
      server: Windows-Azure-Blob/1.0 Microsoft-HTTPAPI/2.0
      x-ms-version: '2019-02-02'
    status:
      code: 200
      message: OK
    url: !!python/object/new:yarl.URL
      state: !!python/tuple
      - !!python/object/new:urllib.parse.SplitResult
        - https
        - pyacrstoragewzo2a3il3cqj.blob.core.windows.net
        - /utcontainer96171f0e/blob96171f0e
        - comp=tier
        - ''
- request:
    body: null
    headers:
      User-Agent:
      - azsdk-python-storage-blob/12.0.0b5 Python/3.6.3 (Windows-10-10.0.18362-SP0)
      x-ms-access-tier:
      - Cool
      x-ms-date:
      - Fri, 25 Oct 2019 18:43:37 GMT
      x-ms-version:
      - '2019-02-02'
    method: PUT
    uri: https://storagename.blob.core.windows.net/utcontainer96171f0e/blob96171f0e?comp=tier
  response:
    body:
      string: ''
    headers:
      content-length: '0'
      date: Fri, 25 Oct 2019 18:43:37 GMT
      server: Windows-Azure-Blob/1.0 Microsoft-HTTPAPI/2.0
      x-ms-version: '2019-02-02'
    status:
      code: 202
      message: Accepted
    url: !!python/object/new:yarl.URL
      state: !!python/tuple
      - !!python/object/new:urllib.parse.SplitResult
        - https
        - pyacrstoragewzo2a3il3cqj.blob.core.windows.net
        - /utcontainer96171f0e/blob96171f0e
        - comp=tier
        - ''
- request:
    body: null
    headers:
      User-Agent:
      - azsdk-python-storage-blob/12.0.0b5 Python/3.6.3 (Windows-10-10.0.18362-SP0)
      x-ms-date:
      - Fri, 25 Oct 2019 18:43:37 GMT
      x-ms-version:
      - '2019-02-02'
    method: HEAD
    uri: https://storagename.blob.core.windows.net/utcontainer96171f0e/blob96171f0e
  response:
    body:
      string: ''
    headers:
      accept-ranges: bytes
      content-length: '0'
      content-md5: 1B2M2Y8AsgTpgAmY7PhCfg==
      content-type: application/octet-stream
      date: Fri, 25 Oct 2019 18:43:37 GMT
      etag: '"0x8D7597B3F5E2085"'
      last-modified: Fri, 25 Oct 2019 18:43:37 GMT
      server: Windows-Azure-Blob/1.0 Microsoft-HTTPAPI/2.0
      x-ms-access-tier: Archive
      x-ms-access-tier-change-time: Fri, 25 Oct 2019 18:43:37 GMT
      x-ms-archive-status: rehydrate-pending-to-cool
      x-ms-blob-type: BlockBlob
      x-ms-creation-time: Fri, 25 Oct 2019 18:43:37 GMT
      x-ms-lease-state: available
      x-ms-lease-status: unlocked
      x-ms-server-encrypted: 'true'
      x-ms-version: '2019-02-02'
    status:
      code: 200
      message: OK
    url: !!python/object/new:yarl.URL
      state: !!python/tuple
      - !!python/object/new:urllib.parse.SplitResult
        - https
        - pyacrstoragewzo2a3il3cqj.blob.core.windows.net
        - /utcontainer96171f0e/blob96171f0e
        - ''
        - ''
version: 1
