interactions:
- request:
    body: null
    headers:
      User-Agent:
      - azsdk-python-storage-blob/12.0.0b1 Python/3.7.3 (Windows-10-10.0.18362-SP0)
      content-type:
      - application/xml; charset=utf-8
      x-ms-client-request-id:
      - b0649fa8-b3de-11e9-a732-b831b58100e8
      x-ms-date:
      - Wed, 31 Jul 2019 22:01:03 GMT
      x-ms-version:
      - '2018-03-28'
    method: PUT
    uri: https://storagename.blob.core.windows.net/utcontainerb4271745?restype=container
  response:
    body:
      string: ''
    headers:
      ? !!python/object/new:multidict._istr.istr
      - Connection
      : close
      ? !!python/object/new:multidict._istr.istr
      - Content-Length
      : '0'
      ? !!python/object/new:multidict._istr.istr
      - Date
      : Wed, 31 Jul 2019 22:01:03 GMT
      ? !!python/object/new:multidict._istr.istr
      - Etag
      : '"0x8D7160294AADA9B"'
      ? !!python/object/new:multidict._istr.istr
      - Last-Modified
      : Wed, 31 Jul 2019 22:01:03 GMT
      ? !!python/object/new:multidict._istr.istr
      - Server
      : Windows-Azure-Blob/1.0 Microsoft-HTTPAPI/2.0
      x-ms-request-id: 7181f7b2-201e-00da-65eb-47c12b000000
      x-ms-version: '2018-03-28'
    status:
      code: 201
      message: Created
    url: !!python/object/new:yarl.URL
      state: !!python/tuple
      - !!python/object/new:urllib.parse.SplitResult
        - https
        - amqptest.blob.core.windows.net
        - /utcontainerb4271745
        - restype=container
        - ''
- request:
    body: null
    headers:
      Content-Length:
      - '0'
      User-Agent:
      - azsdk-python-storage-blob/12.0.0b1 Python/3.7.3 (Windows-10-10.0.18362-SP0)
      content-type:
      - application/xml; charset=utf-8
      x-ms-blob-content-length:
      - '8796093022209'
      x-ms-blob-type:
      - PageBlob
      x-ms-client-request-id:
      - b07f7a50-b3de-11e9-8a71-b831b58100e8
      x-ms-date:
      - Wed, 31 Jul 2019 22:01:03 GMT
      x-ms-version:
      - '2018-03-28'
    method: PUT
    uri: https://storagename.blob.core.windows.net/utcontainerb4271745/blobb4271745
  response:
    body:
      string: "\uFEFF<?xml version=\"1.0\" encoding=\"utf-8\"?><Error><Code>InvalidHeaderValue</Code><Message>The
        value for one of the HTTP headers is not in the correct format.\nRequestId:5557cb18-901e-0087-62eb-47312f000000\nTime:2019-07-31T22:01:03.7923446Z</Message><HeaderName>x-ms-blob-content-length</HeaderName><HeaderValue>8796093022209</HeaderValue></Error>"
    headers:
      ? !!python/object/new:multidict._istr.istr
      - Content-Length
      : '343'
      ? !!python/object/new:multidict._istr.istr
      - Content-Type
      : application/xml
      ? !!python/object/new:multidict._istr.istr
      - Date
      : Wed, 31 Jul 2019 22:01:03 GMT
      ? !!python/object/new:multidict._istr.istr
      - Server
      : Windows-Azure-Blob/1.0 Microsoft-HTTPAPI/2.0
      x-ms-error-code: InvalidHeaderValue
      x-ms-request-id: 5557cb18-901e-0087-62eb-47312f000000
      x-ms-version: '2018-03-28'
    status:
      code: 400
      message: The value for one of the HTTP headers is not in the correct format.
    url: !!python/object/new:yarl.URL
      state: !!python/tuple
      - !!python/object/new:urllib.parse.SplitResult
        - https
        - amqptest.blob.core.windows.net
        - /utcontainerb4271745/blobb4271745
        - ''
        - ''
- request:
    body: null
    headers:
      User-Agent:
      - azsdk-python-storage-blob/12.0.0b1 Python/3.7.3 (Windows-10-10.0.18362-SP0)
      content-type:
      - application/xml; charset=utf-8
      x-ms-client-request-id:
      - 9102f202-b3df-11e9-bd61-b831b58100e8
      x-ms-date:
      - Wed, 31 Jul 2019 22:07:20 GMT
      x-ms-version:
      - '2018-03-28'
    method: PUT
    uri: https://storagename.blob.core.windows.net/utcontainerb4271745?restype=container
  response:
    body:
      string: ''
    headers:
      ? !!python/object/new:multidict._istr.istr
      - Content-Length
      : '0'
      ? !!python/object/new:multidict._istr.istr
      - Date
      : Wed, 31 Jul 2019 22:07:19 GMT
      ? !!python/object/new:multidict._istr.istr
      - Etag
      : '"0x8D7160375488F54"'
      ? !!python/object/new:multidict._istr.istr
      - Last-Modified
      : Wed, 31 Jul 2019 22:07:20 GMT
      ? !!python/object/new:multidict._istr.istr
      - Server
      : Windows-Azure-Blob/1.0 Microsoft-HTTPAPI/2.0
      x-ms-request-id: e48cd07e-f01e-0072-38ec-47153e000000
      x-ms-version: '2018-03-28'
    status:
      code: 201
      message: Created
    url: !!python/object/new:yarl.URL
      state: !!python/tuple
      - !!python/object/new:urllib.parse.SplitResult
        - https
        - amqptest.blob.core.windows.net
        - /utcontainerb4271745
        - restype=container
        - ''
- request:
    body: null
    headers:
      Content-Length:
      - '0'
      User-Agent:
      - azsdk-python-storage-blob/12.0.0b1 Python/3.7.3 (Windows-10-10.0.18362-SP0)
      content-type:
      - application/xml; charset=utf-8
      x-ms-blob-content-length:
      - '8796093022209'
      x-ms-blob-type:
      - PageBlob
      x-ms-client-request-id:
      - 911c20b6-b3df-11e9-b5cb-b831b58100e8
      x-ms-date:
      - Wed, 31 Jul 2019 22:07:20 GMT
      x-ms-version:
      - '2018-03-28'
    method: PUT
    uri: https://storagename.blob.core.windows.net/utcontainerb4271745/blobb4271745
  response:
    body:
      string: "\uFEFF<?xml version=\"1.0\" encoding=\"utf-8\"?><Error><Code>InvalidHeaderValue</Code><Message>The
        value for one of the HTTP headers is not in the correct format.\nRequestId:e48cd09b-f01e-0072-51ec-47153e000000\nTime:2019-07-31T22:07:20.5107391Z</Message><HeaderName>x-ms-blob-content-length</HeaderName><HeaderValue>8796093022209</HeaderValue></Error>"
    headers:
      ? !!python/object/new:multidict._istr.istr
      - Content-Length
      : '343'
      ? !!python/object/new:multidict._istr.istr
      - Content-Type
      : application/xml
      ? !!python/object/new:multidict._istr.istr
      - Date
      : Wed, 31 Jul 2019 22:07:19 GMT
      ? !!python/object/new:multidict._istr.istr
      - Server
      : Windows-Azure-Blob/1.0 Microsoft-HTTPAPI/2.0
      x-ms-error-code: InvalidHeaderValue
      x-ms-request-id: e48cd09b-f01e-0072-51ec-47153e000000
      x-ms-version: '2018-03-28'
    status:
      code: 400
      message: The value for one of the HTTP headers is not in the correct format.
    url: !!python/object/new:yarl.URL
      state: !!python/tuple
      - !!python/object/new:urllib.parse.SplitResult
        - https
        - amqptest.blob.core.windows.net
        - /utcontainerb4271745/blobb4271745
        - ''
        - ''
- request:
    body: null
    headers:
      User-Agent:
      - azsdk-python-storage-blob/12.0.0b1 Python/3.7.3 (Windows-10-10.0.18362-SP0)
      content-type:
      - application/xml; charset=utf-8
      x-ms-client-request-id:
      - b40ae36e-b3df-11e9-a49d-b831b58100e8
      x-ms-date:
      - Wed, 31 Jul 2019 22:08:19 GMT
      x-ms-version:
      - '2018-03-28'
    method: PUT
    uri: https://storagename.blob.core.windows.net/utcontainerb4271745?restype=container
  response:
    body:
      string: ''
    headers:
      ? !!python/object/new:multidict._istr.istr
      - Content-Length
      : '0'
      ? !!python/object/new:multidict._istr.istr
      - Date
      : Wed, 31 Jul 2019 22:08:18 GMT
      ? !!python/object/new:multidict._istr.istr
      - Etag
      : '"0x8D71603984F534D"'
      ? !!python/object/new:multidict._istr.istr
      - Last-Modified
      : Wed, 31 Jul 2019 22:08:19 GMT
      ? !!python/object/new:multidict._istr.istr
      - Server
      : Windows-Azure-Blob/1.0 Microsoft-HTTPAPI/2.0
      x-ms-request-id: bd55ee55-701e-00c9-11ec-47f4ca000000
      x-ms-version: '2018-03-28'
    status:
      code: 201
      message: Created
    url: !!python/object/new:yarl.URL
      state: !!python/tuple
      - !!python/object/new:urllib.parse.SplitResult
        - https
        - amqptest.blob.core.windows.net
        - /utcontainerb4271745
        - restype=container
        - ''
- request:
    body: null
    headers:
      Content-Length:
      - '0'
      User-Agent:
      - azsdk-python-storage-blob/12.0.0b1 Python/3.7.3 (Windows-10-10.0.18362-SP0)
      content-type:
      - application/xml; charset=utf-8
      x-ms-blob-content-length:
      - '8796093022209'
      x-ms-blob-type:
      - PageBlob
      x-ms-client-request-id:
      - b4260c82-b3df-11e9-ab8d-b831b58100e8
      x-ms-date:
      - Wed, 31 Jul 2019 22:08:19 GMT
      x-ms-version:
      - '2018-03-28'
    method: PUT
    uri: https://storagename.blob.core.windows.net/utcontainerb4271745/blobb4271745
  response:
    body:
      string: "\uFEFF<?xml version=\"1.0\" encoding=\"utf-8\"?><Error><Code>InvalidHeaderValue</Code><Message>The
        value for one of the HTTP headers is not in the correct format.\nRequestId:bd55ee72-701e-00c9-2cec-47f4ca000000\nTime:2019-07-31T22:08:19.2943477Z</Message><HeaderName>x-ms-blob-content-length</HeaderName><HeaderValue>8796093022209</HeaderValue></Error>"
    headers:
      ? !!python/object/new:multidict._istr.istr
      - Content-Length
      : '343'
      ? !!python/object/new:multidict._istr.istr
      - Content-Type
      : application/xml
      ? !!python/object/new:multidict._istr.istr
      - Date
      : Wed, 31 Jul 2019 22:08:18 GMT
      ? !!python/object/new:multidict._istr.istr
      - Server
      : Windows-Azure-Blob/1.0 Microsoft-HTTPAPI/2.0
      x-ms-error-code: InvalidHeaderValue
      x-ms-request-id: bd55ee72-701e-00c9-2cec-47f4ca000000
      x-ms-version: '2018-03-28'
    status:
      code: 400
      message: The value for one of the HTTP headers is not in the correct format.
    url: !!python/object/new:yarl.URL
      state: !!python/tuple
      - !!python/object/new:urllib.parse.SplitResult
        - https
        - amqptest.blob.core.windows.net
        - /utcontainerb4271745/blobb4271745
        - ''
        - ''
version: 1
