interactions:
- request:
    body: null
    headers:
      User-Agent:
      - azsdk-python-storage-blob/12.0.0b5 Python/3.6.3 (Windows-10-10.0.18362-SP0)
      x-ms-date:
      - Fri, 25 Oct 2019 17:26:05 GMT
      x-ms-version:
      - '2019-02-02'
    method: PUT
    uri: https://blobstoragename.blob.core.windows.net/utcontainer2bcf2090?restype=container
  response:
    body:
      string: ''
    headers:
      content-length: '0'
      date: Fri, 25 Oct 2019 17:26:05 GMT
      etag: '"0x8D759706A6D9AEE"'
      last-modified: Fri, 25 Oct 2019 17:26:05 GMT
      server: Windows-Azure-Blob/1.0 Microsoft-HTTPAPI/2.0
      x-ms-version: '2019-02-02'
    status:
      code: 201
      message: Created
    url: !!python/object/new:yarl.URL
      state: !!python/tuple
      - !!python/object/new:urllib.parse.SplitResult
        - https
        - pyacrstoragewf4u7lpsfzct.blob.core.windows.net
        - /utcontainer2bcf2090
        - restype=container
        - ''
- request:
    body: hello world
    headers:
      Content-Length:
      - '11'
      Content-Type:
      - application/octet-stream
      If-None-Match:
      - '*'
      User-Agent:
      - azsdk-python-storage-blob/12.0.0b5 Python/3.6.3 (Windows-10-10.0.18362-SP0)
      x-ms-blob-type:
      - BlockBlob
      x-ms-date:
      - Fri, 25 Oct 2019 17:26:05 GMT
      x-ms-version:
      - '2019-02-02'
    method: PUT
    uri: https://blobstoragename.blob.core.windows.net/utcontainer2bcf2090/blob1
  response:
    body:
      string: ''
    headers:
      content-length: '0'
      content-md5: XrY7u+Ae7tCTyyK7j1rNww==
      date: Fri, 25 Oct 2019 17:26:05 GMT
      etag: '"0x8D759706A7788F9"'
      last-modified: Fri, 25 Oct 2019 17:26:05 GMT
      server: Windows-Azure-Blob/1.0 Microsoft-HTTPAPI/2.0
      x-ms-content-crc64: vo7q9sPVKY0=
      x-ms-request-server-encrypted: 'true'
      x-ms-version: '2019-02-02'
    status:
      code: 201
      message: Created
    url: !!python/object/new:yarl.URL
      state: !!python/tuple
      - !!python/object/new:urllib.parse.SplitResult
        - https
        - pyacrstoragewf4u7lpsfzct.blob.core.windows.net
        - /utcontainer2bcf2090/blob1
        - ''
        - ''
- request:
    body: null
    headers:
      User-Agent:
      - azsdk-python-storage-blob/12.0.0b5 Python/3.6.3 (Windows-10-10.0.18362-SP0)
      x-ms-date:
      - Fri, 25 Oct 2019 17:26:05 GMT
      x-ms-version:
      - '2019-02-02'
    method: HEAD
    uri: https://blobstoragename.blob.core.windows.net/utcontainer2bcf2090/blob1
  response:
    body:
      string: ''
    headers:
      accept-ranges: bytes
      content-length: '11'
      content-md5: XrY7u+Ae7tCTyyK7j1rNww==
      content-type: application/octet-stream
      date: Fri, 25 Oct 2019 17:26:05 GMT
      etag: '"0x8D759706A7788F9"'
      last-modified: Fri, 25 Oct 2019 17:26:05 GMT
      server: Windows-Azure-Blob/1.0 Microsoft-HTTPAPI/2.0
      x-ms-access-tier: Hot
      x-ms-access-tier-inferred: 'true'
      x-ms-blob-type: BlockBlob
      x-ms-creation-time: Fri, 25 Oct 2019 17:26:05 GMT
      x-ms-lease-state: available
      x-ms-lease-status: unlocked
      x-ms-server-encrypted: 'true'
      x-ms-version: '2019-02-02'
    status:
      code: 200
      message: OK
    url: !!python/object/new:yarl.URL
      state: !!python/tuple
      - !!python/object/new:urllib.parse.SplitResult
        - https
        - pyacrstoragewf4u7lpsfzct.blob.core.windows.net
        - /utcontainer2bcf2090/blob1
        - ''
        - ''
- request:
    body: null
    headers:
      If-None-Match:
      - '"0x8D759706A7788F9"'
      User-Agent:
      - azsdk-python-storage-blob/12.0.0b5 Python/3.6.3 (Windows-10-10.0.18362-SP0)
      x-ms-date:
      - Fri, 25 Oct 2019 17:26:05 GMT
      x-ms-version:
      - '2019-02-02'
    method: HEAD
    uri: https://blobstoragename.blob.core.windows.net/utcontainer2bcf2090/blob1
  response:
    body:
      string: ''
    headers:
      date: Fri, 25 Oct 2019 17:26:05 GMT
      server: Windows-Azure-Blob/1.0 Microsoft-HTTPAPI/2.0
      x-ms-error-code: ConditionNotMet
      x-ms-version: '2019-02-02'
    status:
      code: 304
      message: The condition specified using HTTP conditional header(s) is not met.
    url: !!python/object/new:yarl.URL
      state: !!python/tuple
      - !!python/object/new:urllib.parse.SplitResult
        - https
        - pyacrstoragewf4u7lpsfzct.blob.core.windows.net
        - /utcontainer2bcf2090/blob1
        - ''
        - ''
version: 1
