interactions:
- request:
    body: null
    headers:
      Accept:
      - '*/*'
      Accept-Encoding:
      - gzip, deflate
      Connection:
      - keep-alive
      Content-Length:
      - '0'
      User-Agent:
      - azsdk-python-storage-blob/12.0.0b2 Python/3.7.3 (Windows-10-10.0.17763-SP0)
      x-ms-date:
      - Thu, 29 Aug 2019 08:17:36 GMT
      x-ms-version:
      - '2019-02-02'
    method: PUT
    uri: https://pyacrstorageca521310.blob.core.windows.net/utcontainerca521310?restype=container
  response:
    body:
      string: ''
    headers:
      content-length:
      - '0'
      date:
      - Thu, 29 Aug 2019 08:17:35 GMT
      etag:
      - '"0x8D72C5959379EB1"'
      last-modified:
      - Thu, 29 Aug 2019 08:17:35 GMT
      server:
      - Windows-Azure-Blob/1.0 Microsoft-HTTPAPI/2.0
      x-ms-version:
      - '2019-02-02'
    status:
      code: 201
      message: Created
- request:
    body: null
    headers:
      Accept:
      - '*/*'
      Accept-Encoding:
      - gzip, deflate
      Connection:
      - keep-alive
      Content-Length:
      - '0'
      User-Agent:
      - azsdk-python-storage-blob/12.0.0b2 Python/3.7.3 (Windows-10-10.0.17763-SP0)
      x-ms-blob-type:
      - AppendBlob
      x-ms-date:
      - Thu, 29 Aug 2019 08:17:36 GMT
      x-ms-meta-hello:
      - world
      x-ms-meta-number:
      - '42'
      x-ms-version:
      - '2019-02-02'
    method: PUT
    uri: https://pyacrstorageca521310.blob.core.windows.net/utcontainerca521310/blobca521310
  response:
    body:
      string: ''
    headers:
      content-length:
      - '0'
      date:
      - Thu, 29 Aug 2019 08:17:35 GMT
      etag:
      - '"0x8D72C59594D367F"'
      last-modified:
      - Thu, 29 Aug 2019 08:17:35 GMT
      server:
      - Windows-Azure-Blob/1.0 Microsoft-HTTPAPI/2.0
      x-ms-request-server-encrypted:
      - 'true'
      x-ms-version:
      - '2019-02-02'
    status:
      code: 201
      message: Created
- request:
    body: null
    headers:
      Accept:
      - '*/*'
      Accept-Encoding:
      - gzip, deflate
      Connection:
      - keep-alive
      User-Agent:
      - azsdk-python-storage-blob/12.0.0b2 Python/3.7.3 (Windows-10-10.0.17763-SP0)
      x-ms-date:
      - Thu, 29 Aug 2019 08:17:36 GMT
      x-ms-version:
      - '2019-02-02'
    method: HEAD
    uri: https://pyacrstorageca521310.blob.core.windows.net/utcontainerca521310/blobca521310
  response:
    body:
      string: ''
    headers:
      accept-ranges:
      - bytes
      content-length:
      - '0'
      content-type:
      - application/octet-stream
      date:
      - Thu, 29 Aug 2019 08:17:35 GMT
      etag:
      - '"0x8D72C59594D367F"'
      last-modified:
      - Thu, 29 Aug 2019 08:17:35 GMT
      server:
      - Windows-Azure-Blob/1.0 Microsoft-HTTPAPI/2.0
      x-ms-blob-committed-block-count:
      - '0'
      x-ms-blob-type:
      - AppendBlob
      x-ms-creation-time:
      - Thu, 29 Aug 2019 08:17:35 GMT
      x-ms-lease-state:
      - available
      x-ms-lease-status:
      - unlocked
      x-ms-meta-hello:
      - world
      x-ms-meta-number:
      - '42'
      x-ms-server-encrypted:
      - 'true'
      x-ms-tag-count:
      - '0'
      x-ms-version:
      - '2019-02-02'
    status:
      code: 200
      message: OK
version: 1
