{
  "Entries": [
    {
      "RequestUri": "https://storagename.blob.core.windows.net/acontainer6153373a?restype=container",
      "RequestMethod": "PUT",
      "RequestHeaders": {
        "Accept": "application/xml",
        "Accept-Encoding": "gzip, deflate",
        "Content-Length": "0",
        "User-Agent": "azsdk-python-storage-blob/12.14.0b1 Python/3.10.2 (Windows-10-10.0.19044-SP0)",
        "x-ms-blob-public-access": "blob",
        "x-ms-date": "Mon, 08 Aug 2022 19:39:22 GMT",
        "x-ms-version": "2021-08-06"
      },
      "RequestBody": null,
      "StatusCode": 201,
      "ResponseHeaders": {
        "Content-Length": "0",
        "Date": "Mon, 08 Aug 2022 19:39:22 GMT",
        "ETag": "\u00220x8DA7975B1B41C99\u0022",
        "Last-Modified": "Mon, 08 Aug 2022 19:39:22 GMT",
        "Server": [
          "Windows-Azure-Blob/1.0",
          "Microsoft-HTTPAPI/2.0"
        ],
        "x-ms-version": "2021-08-06"
      },
      "ResponseBody": null
    },
    {
      "RequestUri": "https://storagename.blob.core.windows.net/acontainer6153373a/blob1",
      "RequestMethod": "PUT",
      "RequestHeaders": {
        "Accept": "application/xml",
        "Accept-Encoding": "gzip, deflate",
        "Content-Length": "3",
        "Content-Type": "application/octet-stream",
        "If-None-Match": "*",
        "User-Agent": "azsdk-python-storage-blob/12.14.0b1 Python/3.10.2 (Windows-10-10.0.19044-SP0)",
        "x-ms-blob-type": "BlockBlob",
        "x-ms-date": "Mon, 08 Aug 2022 19:39:22 GMT",
        "x-ms-version": "2021-08-06"
      },
      "RequestBody": "eHl6",
      "StatusCode": 201,
      "ResponseHeaders": {
        "Content-Length": "0",
        "Content-MD5": "0W\u002BzbwkR\u002BHiZjBNhka9wXg==",
        "Date": "Mon, 08 Aug 2022 19:39:22 GMT",
        "ETag": "\u00220x8DA7975B1C22542\u0022",
        "Last-Modified": "Mon, 08 Aug 2022 19:39:22 GMT",
        "Server": [
          "Windows-Azure-Blob/1.0",
          "Microsoft-HTTPAPI/2.0"
        ],
        "x-ms-content-crc64": "bCYgP0hudnQ=",
        "x-ms-request-server-encrypted": "true",
        "x-ms-version": "2021-08-06"
      },
      "ResponseBody": null
    },
    {
      "RequestUri": "https://storagename.blob.core.windows.net/acontainer6153373a/blob1",
      "RequestMethod": "GET",
      "RequestHeaders": {
        "Accept": "application/xml",
        "Accept-Encoding": "gzip, deflate",
        "User-Agent": "azsdk-python-storage-blob/12.14.0b1 Python/3.10.2 (Windows-10-10.0.19044-SP0)",
        "x-ms-date": "Mon, 08 Aug 2022 19:39:22 GMT",
        "x-ms-range": "bytes=0-33554431",
        "x-ms-version": "2021-08-06"
      },
      "RequestBody": null,
      "StatusCode": 206,
      "ResponseHeaders": {
        "Accept-Ranges": "bytes",
        "Content-Length": "3",
        "Content-Range": "bytes 0-2/3",
        "Content-Type": "application/octet-stream",
        "Date": "Mon, 08 Aug 2022 19:39:22 GMT",
        "ETag": "\u00220x8DA7975B1C22542\u0022",
        "Last-Modified": "Mon, 08 Aug 2022 19:39:22 GMT",
        "Server": [
          "Windows-Azure-Blob/1.0",
          "Microsoft-HTTPAPI/2.0"
        ],
        "Vary": "Origin",
        "x-ms-blob-content-md5": "0W\u002BzbwkR\u002BHiZjBNhka9wXg==",
        "x-ms-blob-type": "BlockBlob",
        "x-ms-creation-time": "Mon, 08 Aug 2022 19:39:22 GMT",
        "x-ms-lease-state": "available",
        "x-ms-lease-status": "unlocked",
        "x-ms-server-encrypted": "true",
        "x-ms-version": "2021-08-06"
      },
      "ResponseBody": "eHl6"
    }
  ],
  "Variables": {}
}
