interactions:
- request:
    body: null
    headers:
      Accept:
      - '*/*'
      Accept-Encoding:
      - gzip, deflate
      Connection:
      - keep-alive
      Content-Length:
      - '0'
      User-Agent:
      - azsdk-python-storage-blob/12.0.0b2 Python/3.7.3 (Windows-10-10.0.17763-SP0)
      x-ms-date:
      - Wed, 28 Aug 2019 17:07:04 GMT
      x-ms-version:
      - '2019-02-02'
    method: PUT
    uri: https://pyacrstorage77341677.blob.core.windows.net/container77341677?restype=container
  response:
    body:
      string: ''
    headers:
      content-length:
      - '0'
      date:
      - Wed, 28 Aug 2019 17:07:03 GMT
      etag:
      - '"0x8D72BDA26896D32"'
      last-modified:
      - Wed, 28 Aug 2019 17:07:04 GMT
      server:
      - Windows-Azure-Blob/1.0 Microsoft-HTTPAPI/2.0
      x-ms-version:
      - '2019-02-02'
    status:
      code: 201
      message: Created
- request:
    body: null
    headers:
      Accept:
      - '*/*'
      Accept-Encoding:
      - gzip, deflate
      Connection:
      - keep-alive
      Content-Length:
      - '0'
      User-Agent:
      - azsdk-python-storage-blob/12.0.0b2 Python/3.7.3 (Windows-10-10.0.17763-SP0)
      x-ms-date:
      - Wed, 28 Aug 2019 17:07:05 GMT
      x-ms-lease-action:
      - acquire
      x-ms-lease-duration:
      - '-1'
      x-ms-proposed-lease-id:
      - 1422a07f-0a02-45ae-b857-da96bd1f276d
      x-ms-version:
      - '2019-02-02'
    method: PUT
    uri: https://pyacrstorage77341677.blob.core.windows.net/container77341677?comp=lease&restype=container
  response:
    body:
      string: ''
    headers:
      content-length:
      - '0'
      date:
      - Wed, 28 Aug 2019 17:07:04 GMT
      etag:
      - '"0x8D72BDA26896D32"'
      last-modified:
      - Wed, 28 Aug 2019 17:07:04 GMT
      server:
      - Windows-Azure-Blob/1.0 Microsoft-HTTPAPI/2.0
      x-ms-lease-id:
      - 1422a07f-0a02-45ae-b857-da96bd1f276d
      x-ms-version:
      - '2019-02-02'
    status:
      code: 201
      message: Created
- request:
    body: null
    headers:
      Accept:
      - '*/*'
      Accept-Encoding:
      - gzip, deflate
      Connection:
      - keep-alive
      Content-Length:
      - '0'
      User-Agent:
      - azsdk-python-storage-blob/12.0.0b2 Python/3.7.3 (Windows-10-10.0.17763-SP0)
      x-ms-date:
      - Wed, 28 Aug 2019 17:07:05 GMT
      x-ms-lease-action:
      - release
      x-ms-lease-id:
      - 1422a07f-0a02-45ae-b857-da96bd1f276d
      x-ms-version:
      - '2019-02-02'
    method: PUT
    uri: https://pyacrstorage77341677.blob.core.windows.net/container77341677?comp=lease&restype=container
  response:
    body:
      string: ''
    headers:
      content-length:
      - '0'
      date:
      - Wed, 28 Aug 2019 17:07:04 GMT
      etag:
      - '"0x8D72BDA26896D32"'
      last-modified:
      - Wed, 28 Aug 2019 17:07:04 GMT
      server:
      - Windows-Azure-Blob/1.0 Microsoft-HTTPAPI/2.0
      x-ms-version:
      - '2019-02-02'
    status:
      code: 200
      message: OK
version: 1
