interactions:
- request:
    body: null
    headers:
      User-Agent:
      - azsdk-python-storage-blob/12.0.0b1 Python/3.7.3 (Windows-10-10.0.18362-SP0)
      content-type:
      - application/xml; charset=utf-8
      x-ms-client-request-id:
      - ac77ec26-b4d1-11e9-a35b-b831b58100e8
      x-ms-date:
      - Fri, 02 Aug 2019 03:00:24 GMT
      x-ms-version:
      - '2018-03-28'
    method: PUT
    uri: https://storagename.blob.core.windows.net/utcontainerfa1d1ca4?restype=container
  response:
    body:
      string: ''
    headers:
      ? !!python/object/new:multidict._istr.istr
      - Content-Length
      : '0'
      ? !!python/object/new:multidict._istr.istr
      - Date
      : Fri, 02 Aug 2019 03:00:24 GMT
      ? !!python/object/new:multidict._istr.istr
      - Etag
      : '"0x8D716F590BB777C"'
      ? !!python/object/new:multidict._istr.istr
      - Last-Modified
      : Fri, 02 Aug 2019 03:00:24 GMT
      ? !!python/object/new:multidict._istr.istr
      - Server
      : Windows-Azure-Blob/1.0 Microsoft-HTTPAPI/2.0
      x-ms-request-id: 3173c24d-801e-0010-3cde-4852e6000000
      x-ms-version: '2018-03-28'
    status:
      code: 201
      message: Created
    url: !!python/object/new:yarl.URL
      state: !!python/tuple
      - !!python/object/new:urllib.parse.SplitResult
        - https
        - amqptest.blob.core.windows.net
        - /utcontainerfa1d1ca4
        - restype=container
        - ''
- request:
    body: null
    headers:
      Content-Length:
      - '0'
      User-Agent:
      - azsdk-python-storage-blob/12.0.0b1 Python/3.7.3 (Windows-10-10.0.18362-SP0)
      content-type:
      - application/xml; charset=utf-8
      x-ms-blob-content-length:
      - '1024'
      x-ms-blob-type:
      - PageBlob
      x-ms-client-request-id:
      - ac907eb4-b4d1-11e9-9d94-b831b58100e8
      x-ms-date:
      - Fri, 02 Aug 2019 03:00:24 GMT
      x-ms-version:
      - '2018-03-28'
    method: PUT
    uri: https://storagename.blob.core.windows.net/utcontainerfa1d1ca4/blob1
  response:
    body:
      string: ''
    headers:
      ? !!python/object/new:multidict._istr.istr
      - Content-Length
      : '0'
      ? !!python/object/new:multidict._istr.istr
      - Date
      : Fri, 02 Aug 2019 03:00:24 GMT
      ? !!python/object/new:multidict._istr.istr
      - Etag
      : '"0x8D716F590C3EC2C"'
      ? !!python/object/new:multidict._istr.istr
      - Last-Modified
      : Fri, 02 Aug 2019 03:00:24 GMT
      ? !!python/object/new:multidict._istr.istr
      - Server
      : Windows-Azure-Blob/1.0 Microsoft-HTTPAPI/2.0
      x-ms-request-id: 3173c264-801e-0010-4fde-4852e6000000
      x-ms-request-server-encrypted: 'true'
      x-ms-version: '2018-03-28'
    status:
      code: 201
      message: Created
    url: !!python/object/new:yarl.URL
      state: !!python/tuple
      - !!python/object/new:urllib.parse.SplitResult
        - https
        - amqptest.blob.core.windows.net
        - /utcontainerfa1d1ca4/blob1
        - ''
        - ''
- request:
    body: null
    headers:
      User-Agent:
      - azsdk-python-storage-blob/12.0.0b1 Python/3.7.3 (Windows-10-10.0.18362-SP0)
      content-type:
      - application/xml; charset=utf-8
      x-ms-client-request-id:
      - ac986a54-b4d1-11e9-89be-b831b58100e8
      x-ms-date:
      - Fri, 02 Aug 2019 03:00:24 GMT
      x-ms-version:
      - '2018-03-28'
    method: HEAD
    uri: https://storagename.blob.core.windows.net/utcontainerfa1d1ca4/blob1
  response:
    body:
      string: ''
    headers:
      ? !!python/object/new:multidict._istr.istr
      - Accept-Ranges
      : bytes
      ? !!python/object/new:multidict._istr.istr
      - Content-Length
      : '1024'
      ? !!python/object/new:multidict._istr.istr
      - Content-Type
      : application/xml; charset=utf-8
      ? !!python/object/new:multidict._istr.istr
      - Date
      : Fri, 02 Aug 2019 03:00:24 GMT
      ? !!python/object/new:multidict._istr.istr
      - Etag
      : '"0x8D716F590C3EC2C"'
      ? !!python/object/new:multidict._istr.istr
      - Last-Modified
      : Fri, 02 Aug 2019 03:00:24 GMT
      ? !!python/object/new:multidict._istr.istr
      - Server
      : Windows-Azure-Blob/1.0 Microsoft-HTTPAPI/2.0
      ? !!python/object/new:multidict._istr.istr
      - Vary
      : Origin
      x-ms-access-tier: Hot
      x-ms-access-tier-inferred: 'true'
      x-ms-blob-sequence-number: '0'
      x-ms-blob-type: PageBlob
      x-ms-creation-time: Fri, 02 Aug 2019 03:00:24 GMT
      x-ms-lease-state: available
      x-ms-lease-status: unlocked
      x-ms-request-id: 3173c279-801e-0010-64de-4852e6000000
      x-ms-server-encrypted: 'true'
      x-ms-version: '2018-03-28'
    status:
      code: 200
      message: OK
    url: !!python/object/new:yarl.URL
      state: !!python/tuple
      - !!python/object/new:urllib.parse.SplitResult
        - https
        - amqptest.blob.core.windows.net
        - /utcontainerfa1d1ca4/blob1
        - ''
        - ''
- request:
    body: abcdefghijklmnopabcdefghijklmnopabcdefghijklmnopabcdefghijklmnopabcdefghijklmnopabcdefghijklmnopabcdefghijklmnopabcdefghijklmnopabcdefghijklmnopabcdefghijklmnopabcdefghijklmnopabcdefghijklmnopabcdefghijklmnopabcdefghijklmnopabcdefghijklmnopabcdefghijklmnopabcdefghijklmnopabcdefghijklmnopabcdefghijklmnopabcdefghijklmnopabcdefghijklmnopabcdefghijklmnopabcdefghijklmnopabcdefghijklmnopabcdefghijklmnopabcdefghijklmnopabcdefghijklmnopabcdefghijklmnopabcdefghijklmnopabcdefghijklmnopabcdefghijklmnopabcdefghijklmnop
    headers:
      Content-Length:
      - '512'
      Content-Type:
      - application/octet-stream
      If-Match:
      - '"0x8D716F590C3EC2C"'
      User-Agent:
      - azsdk-python-storage-blob/12.0.0b1 Python/3.7.3 (Windows-10-10.0.18362-SP0)
      x-ms-client-request-id:
      - ac9e36ee-b4d1-11e9-a8eb-b831b58100e8
      x-ms-date:
      - Fri, 02 Aug 2019 03:00:24 GMT
      x-ms-page-write:
      - update
      x-ms-range:
      - bytes=0-511
      x-ms-version:
      - '2018-03-28'
    method: PUT
    uri: https://storagename.blob.core.windows.net/utcontainerfa1d1ca4/blob1?comp=page
  response:
    body:
      string: ''
    headers:
      ? !!python/object/new:multidict._istr.istr
      - Content-Length
      : '0'
      ? !!python/object/new:multidict._istr.istr
      - Content-Md5
      : pTsTLZHyQ+et6NksJ1OHxg==
      ? !!python/object/new:multidict._istr.istr
      - Date
      : Fri, 02 Aug 2019 03:00:24 GMT
      ? !!python/object/new:multidict._istr.istr
      - Etag
      : '"0x8D716F590E1D9DA"'
      ? !!python/object/new:multidict._istr.istr
      - Last-Modified
      : Fri, 02 Aug 2019 03:00:24 GMT
      ? !!python/object/new:multidict._istr.istr
      - Server
      : Windows-Azure-Blob/1.0 Microsoft-HTTPAPI/2.0
      x-ms-blob-sequence-number: '0'
      x-ms-request-id: dda71776-c01e-0071-51de-481639000000
      x-ms-request-server-encrypted: 'true'
      x-ms-version: '2018-03-28'
    status:
      code: 201
      message: Created
    url: !!python/object/new:yarl.URL
      state: !!python/tuple
      - !!python/object/new:urllib.parse.SplitResult
        - https
        - amqptest.blob.core.windows.net
        - /utcontainerfa1d1ca4/blob1
        - comp=page
        - ''
version: 1
