interactions:
- request:
    body: null
    headers:
      Accept:
      - '*/*'
      Accept-Encoding:
      - gzip, deflate
      Connection:
      - keep-alive
      Content-Length:
      - '0'
      User-Agent:
      - python/3.6.5 (Darwin-16.7.0-x86_64-i386-64bit) azure-core/0.0.1
      x-ms-client-request-id:
      - 84743bb4-8eca-11e9-928c-f45c89a7d159
      x-ms-date:
      - Fri, 14 Jun 2019 17:33:26 GMT
      x-ms-version:
      - '2018-03-28'
    method: PUT
    uri: https://remotestoragename.blob.core.windows.net/utcontainer19431d1c?restype=container
  response:
    body:
      string: ''
    headers:
      Content-Length:
      - '0'
      Date:
      - Fri, 14 Jun 2019 17:33:27 GMT
      ETag:
      - '"0x8D6F0EE6938EB29"'
      Last-Modified:
      - Fri, 14 Jun 2019 17:33:27 GMT
      Server:
      - Windows-Azure-Blob/1.0 Microsoft-HTTPAPI/2.0
      x-ms-request-id:
      - 23a8963e-e01e-0029-6cd7-221242000000
      x-ms-version:
      - '2018-03-28'
    status:
      code: 201
      message: Created
- request:
    body: hello world
    headers:
      Accept:
      - '*/*'
      Accept-Encoding:
      - gzip, deflate
      Connection:
      - keep-alive
      Content-Length:
      - '11'
      Content-Type:
      - application/octet-stream
      User-Agent:
      - python/3.6.5 (Darwin-16.7.0-x86_64-i386-64bit) azure-core/0.0.1
      x-ms-blob-type:
      - BlockBlob
      x-ms-client-request-id:
      - 849605e6-8eca-11e9-b932-f45c89a7d159
      x-ms-date:
      - Fri, 14 Jun 2019 17:33:27 GMT
      x-ms-version:
      - '2018-03-28'
    method: PUT
    uri: https://remotestoragename.blob.core.windows.net/utcontainer19431d1c/blob1
  response:
    body:
      string: ''
    headers:
      Content-Length:
      - '0'
      Content-MD5:
      - XrY7u+Ae7tCTyyK7j1rNww==
      Date:
      - Fri, 14 Jun 2019 17:33:27 GMT
      ETag:
      - '"0x8D6F0EE6944928C"'
      Last-Modified:
      - Fri, 14 Jun 2019 17:33:27 GMT
      Server:
      - Windows-Azure-Blob/1.0 Microsoft-HTTPAPI/2.0
      x-ms-request-id:
      - 23a89659-e01e-0029-01d7-221242000000
      x-ms-request-server-encrypted:
      - 'true'
      x-ms-version:
      - '2018-03-28'
    status:
      code: 201
      message: Created
- request:
    body: null
    headers:
      Accept:
      - '*/*'
      Accept-Encoding:
      - gzip, deflate
      Connection:
      - keep-alive
      Content-Length:
      - '0'
      If-Match:
      - '0x111111111111111'
      User-Agent:
      - python/3.6.5 (Darwin-16.7.0-x86_64-i386-64bit) azure-core/0.0.1
      x-ms-blob-content-disposition:
      - inline
      x-ms-blob-content-language:
      - spanish
      x-ms-client-request-id:
      - 849f63f4-8eca-11e9-ba44-f45c89a7d159
      x-ms-date:
      - Fri, 14 Jun 2019 17:33:27 GMT
      x-ms-version:
      - '2018-03-28'
    method: PUT
    uri: https://remotestoragename.blob.core.windows.net/utcontainer19431d1c/blob1?comp=properties
  response:
    body:
      string: "\uFEFF<?xml version=\"1.0\" encoding=\"utf-8\"?><Error><Code>ConditionNotMet</Code><Message>The\
        \ condition specified using HTTP conditional header(s) is not met.\nRequestId:23a89673-e01e-0029-1bd7-221242000000\n\
        Time:2019-06-14T17:33:27.9085408Z</Message></Error>"
    headers:
      Content-Length:
      - '252'
      Content-Type:
      - application/xml
      Date:
      - Fri, 14 Jun 2019 17:33:27 GMT
      Server:
      - Windows-Azure-Blob/1.0 Microsoft-HTTPAPI/2.0
      x-ms-error-code:
      - ConditionNotMet
      x-ms-request-id:
      - 23a89673-e01e-0029-1bd7-221242000000
      x-ms-version:
      - '2018-03-28'
    status:
      code: 412
      message: The condition specified using HTTP conditional header(s) is not met.
- request:
    body: null
    headers:
      Accept:
      - '*/*'
      Accept-Encoding:
      - gzip, deflate
      Connection:
      - keep-alive
      Content-Length:
      - '0'
      User-Agent:
      - python/3.6.5 (Darwin-16.7.0-x86_64-i386-64bit) azure-core/0.0.1
      x-ms-client-request-id:
      - 3ef1569a-8ed3-11e9-9550-f45c89a7d159
      x-ms-date:
      - Fri, 14 Jun 2019 18:35:55 GMT
      x-ms-version:
      - '2018-03-28'
    method: PUT
    uri: https://storagename.blob.core.windows.net/utcontainer19431d1c?restype=container
  response:
    body:
      string: ''
    headers:
      Content-Length:
      - '0'
      Date:
      - Fri, 14 Jun 2019 18:35:55 GMT
      ETag:
      - '"0x8D6F0F72342F726"'
      Last-Modified:
      - Fri, 14 Jun 2019 18:35:55 GMT
      Server:
      - Windows-Azure-Blob/1.0 Microsoft-HTTPAPI/2.0
      x-ms-request-id:
      - d2732291-b01e-009b-23e0-22e938000000
      x-ms-version:
      - '2018-03-28'
    status:
      code: 201
      message: Created
- request:
    body: hello world
    headers:
      Accept:
      - '*/*'
      Accept-Encoding:
      - gzip, deflate
      Connection:
      - keep-alive
      Content-Length:
      - '11'
      Content-Type:
      - application/octet-stream
      User-Agent:
      - python/3.6.5 (Darwin-16.7.0-x86_64-i386-64bit) azure-core/0.0.1
      x-ms-blob-type:
      - BlockBlob
      x-ms-client-request-id:
      - 3f172398-8ed3-11e9-8c30-f45c89a7d159
      x-ms-date:
      - Fri, 14 Jun 2019 18:35:55 GMT
      x-ms-version:
      - '2018-03-28'
    method: PUT
    uri: https://storagename.blob.core.windows.net/utcontainer19431d1c/blob1
  response:
    body:
      string: ''
    headers:
      Content-Length:
      - '0'
      Content-MD5:
      - XrY7u+Ae7tCTyyK7j1rNww==
      Date:
      - Fri, 14 Jun 2019 18:35:55 GMT
      ETag:
      - '"0x8D6F0F723503B02"'
      Last-Modified:
      - Fri, 14 Jun 2019 18:35:55 GMT
      Server:
      - Windows-Azure-Blob/1.0 Microsoft-HTTPAPI/2.0
      x-ms-request-id:
      - d27322aa-b01e-009b-38e0-22e938000000
      x-ms-request-server-encrypted:
      - 'true'
      x-ms-version:
      - '2018-03-28'
    status:
      code: 201
      message: Created
- request:
    body: null
    headers:
      Accept:
      - '*/*'
      Accept-Encoding:
      - gzip, deflate
      Connection:
      - keep-alive
      Content-Length:
      - '0'
      If-Match:
      - '0x111111111111111'
      User-Agent:
      - python/3.6.5 (Darwin-16.7.0-x86_64-i386-64bit) azure-core/0.0.1
      x-ms-blob-content-disposition:
      - inline
      x-ms-blob-content-language:
      - spanish
      x-ms-client-request-id:
      - 3f21350c-8ed3-11e9-8f4d-f45c89a7d159
      x-ms-date:
      - Fri, 14 Jun 2019 18:35:55 GMT
      x-ms-version:
      - '2018-03-28'
    method: PUT
    uri: https://storagename.blob.core.windows.net/utcontainer19431d1c/blob1?comp=properties
  response:
    body:
      string: "\uFEFF<?xml version=\"1.0\" encoding=\"utf-8\"?><Error><Code>ConditionNotMet</Code><Message>The\
        \ condition specified using HTTP conditional header(s) is not met.\nRequestId:d27322c5-b01e-009b-4ee0-22e938000000\n\
        Time:2019-06-14T18:35:56.0224496Z</Message></Error>"
    headers:
      Content-Length:
      - '252'
      Content-Type:
      - application/xml
      Date:
      - Fri, 14 Jun 2019 18:35:55 GMT
      Server:
      - Windows-Azure-Blob/1.0 Microsoft-HTTPAPI/2.0
      x-ms-error-code:
      - ConditionNotMet
      x-ms-request-id:
      - d27322c5-b01e-009b-4ee0-22e938000000
      x-ms-version:
      - '2018-03-28'
    status:
      code: 412
      message: The condition specified using HTTP conditional header(s) is not met.
version: 1
