interactions:
- request:
    body: null
    headers:
      Accept:
      - '*/*'
      Accept-Encoding:
      - gzip, deflate
      Connection:
      - keep-alive
      Content-Length:
      - '0'
      User-Agent:
      - azsdk-python-storage-blob/12.3.2 Python/3.7.3 (Windows-10-10.0.18362-SP0)
      x-ms-date:
      - Wed, 13 May 2020 06:33:13 GMT
      x-ms-version:
      - '2019-10-10'
    method: PUT
    uri: https://storagename.blob.core.windows.net/containerde1e138c?timeout=5&restype=container
  response:
    body:
      string: "\uFEFF<?xml version=\"1.0\" encoding=\"utf-8\"?><Error><Code>ContainerAlreadyExists</Code><Message>The
        specified container already exists.\nRequestId:ac36955b-801e-0025-66f0-288221000000\nTime:2020-05-13T06:33:14.6378876Z</Message></Error>"
    headers:
      content-length:
      - '230'
      content-type:
      - application/xml
      date:
      - Wed, 13 May 2020 06:33:14 GMT
      server:
      - Windows-Azure-Blob/1.0 Microsoft-HTTPAPI/2.0
      x-ms-error-code:
      - ContainerAlreadyExists
      x-ms-version:
      - '2019-10-10'
    status:
      code: 409
      message: The specified container already exists.
- request:
    body: null
    headers:
      Accept:
      - '*/*'
      Accept-Encoding:
      - gzip, deflate
      Connection:
      - keep-alive
      Content-Length:
      - '0'
      User-Agent:
      - azsdk-python-storage-blob/12.3.2 Python/3.7.3 (Windows-10-10.0.18362-SP0)
      x-ms-blob-type:
      - AppendBlob
      x-ms-date:
      - Wed, 13 May 2020 06:33:14 GMT
      x-ms-tags:
      - '%2B-.%2F%3A%3D_%20=firsttag&tag2=%2B-.%2F%3A%3D_&%2B-.%2F%3A%3D_1=%2B-.%2F%3A%3D_'
      x-ms-version:
      - '2019-10-10'
    method: PUT
    uri: https://storagename.blob.core.windows.net/containerde1e138c/blobde1e138c
  response:
    body:
      string: ''
    headers:
      content-length:
      - '0'
      date:
      - Wed, 13 May 2020 06:33:14 GMT
      etag:
      - '"0x8D7F707840A8B5A"'
      last-modified:
      - Wed, 13 May 2020 06:33:14 GMT
      server:
      - Windows-Azure-Blob/1.0 Microsoft-HTTPAPI/2.0
      x-ms-request-server-encrypted:
      - 'true'
      x-ms-version:
      - '2019-10-10'
      x-ms-version-id:
      - '2020-05-13T06:33:14.8339818Z'
    status:
      code: 201
      message: Created
- request:
    body: null
    headers:
      Accept:
      - application/xml
      Accept-Encoding:
      - gzip, deflate
      Connection:
      - keep-alive
      User-Agent:
      - azsdk-python-storage-blob/12.3.2 Python/3.7.3 (Windows-10-10.0.18362-SP0)
      x-ms-date:
      - Wed, 13 May 2020 06:33:14 GMT
      x-ms-version:
      - '2019-10-10'
    method: GET
    uri: https://storagename.blob.core.windows.net/containerde1e138c/blobde1e138c?comp=tags
  response:
    body:
      string: "\uFEFF<?xml version=\"1.0\" encoding=\"utf-8\"?>\n<Tags><TagSet><Tag><Key>+-./:=_
        </Key><Value>firsttag</Value></Tag><Tag><Key>+-./:=_1</Key><Value>+-./:=_</Value></Tag><Tag><Key>tag2</Key><Value>+-./:=_</Value></Tag></TagSet></Tags>"
    headers:
      content-length:
      - '225'
      content-type:
      - application/xml
      date:
      - Wed, 13 May 2020 06:33:14 GMT
      server:
      - Windows-Azure-Blob/1.0 Microsoft-HTTPAPI/2.0
      x-ms-version:
      - '2019-10-10'
    status:
      code: 200
      message: OK
version: 1
