interactions:
- request:
    body: null
    headers:
      User-Agent:
      - azsdk-python-storage-blob/12.0.0b1 Python/3.7.3 (Windows-10-10.0.18362-SP0)
      content-type:
      - application/xml; charset=utf-8
      x-ms-client-request-id:
      - 932b01d0-b4d1-11e9-af49-b831b58100e8
      x-ms-date:
      - Fri, 02 Aug 2019 02:59:42 GMT
      x-ms-version:
      - '2018-03-28'
    method: PUT
    uri: https://storagename.blob.core.windows.net/utcontainer504d1dca?restype=container
  response:
    body:
      string: ''
    headers:
      ? !!python/object/new:multidict._istr.istr
      - Content-Length
      : '0'
      ? !!python/object/new:multidict._istr.istr
      - Date
      : Fri, 02 Aug 2019 02:59:42 GMT
      ? !!python/object/new:multidict._istr.istr
      - Etag
      : '"0x8D716F5776DAD05"'
      ? !!python/object/new:multidict._istr.istr
      - Last-Modified
      : Fri, 02 Aug 2019 02:59:42 GMT
      ? !!python/object/new:multidict._istr.istr
      - Server
      : Windows-Azure-Blob/1.0 Microsoft-HTTPAPI/2.0
      x-ms-request-id: 1b75d376-801e-00d7-36de-482e27000000
      x-ms-version: '2018-03-28'
    status:
      code: 201
      message: Created
    url: !!python/object/new:yarl.URL
      state: !!python/tuple
      - !!python/object/new:urllib.parse.SplitResult
        - https
        - amqptest.blob.core.windows.net
        - /utcontainer504d1dca
        - restype=container
        - ''
- request:
    body: hello world
    headers:
      Content-Length:
      - '11'
      Content-Type:
      - application/octet-stream
      If-None-Match:
      - '*'
      User-Agent:
      - azsdk-python-storage-blob/12.0.0b1 Python/3.7.3 (Windows-10-10.0.18362-SP0)
      x-ms-blob-type:
      - BlockBlob
      x-ms-client-request-id:
      - 93431d7e-b4d1-11e9-a911-b831b58100e8
      x-ms-date:
      - Fri, 02 Aug 2019 02:59:42 GMT
      x-ms-version:
      - '2018-03-28'
    method: PUT
    uri: https://storagename.blob.core.windows.net/utcontainer504d1dca/blob1
  response:
    body:
      string: ''
    headers:
      ? !!python/object/new:multidict._istr.istr
      - Content-Length
      : '0'
      ? !!python/object/new:multidict._istr.istr
      - Content-Md5
      : XrY7u+Ae7tCTyyK7j1rNww==
      ? !!python/object/new:multidict._istr.istr
      - Date
      : Fri, 02 Aug 2019 02:59:42 GMT
      ? !!python/object/new:multidict._istr.istr
      - Etag
      : '"0x8D716F577764F32"'
      ? !!python/object/new:multidict._istr.istr
      - Last-Modified
      : Fri, 02 Aug 2019 02:59:42 GMT
      ? !!python/object/new:multidict._istr.istr
      - Server
      : Windows-Azure-Blob/1.0 Microsoft-HTTPAPI/2.0
      x-ms-request-id: 1b75d394-801e-00d7-51de-482e27000000
      x-ms-request-server-encrypted: 'true'
      x-ms-version: '2018-03-28'
    status:
      code: 201
      message: Created
    url: !!python/object/new:yarl.URL
      state: !!python/tuple
      - !!python/object/new:urllib.parse.SplitResult
        - https
        - amqptest.blob.core.windows.net
        - /utcontainer504d1dca/blob1
        - ''
        - ''
- request:
    body: null
    headers:
      If-Modified-Since:
      - Fri, 02 Aug 2019 02:44:42 GMT
      User-Agent:
      - azsdk-python-storage-blob/12.0.0b1 Python/3.7.3 (Windows-10-10.0.18362-SP0)
      content-type:
      - application/xml; charset=utf-8
      x-ms-client-request-id:
      - 934b0cb4-b4d1-11e9-9696-b831b58100e8
      x-ms-date:
      - Fri, 02 Aug 2019 02:59:42 GMT
      x-ms-version:
      - '2018-03-28'
    method: DELETE
    uri: https://storagename.blob.core.windows.net/utcontainer504d1dca/blob1
  response:
    body:
      string: ''
    headers:
      ? !!python/object/new:multidict._istr.istr
      - Content-Length
      : '0'
      ? !!python/object/new:multidict._istr.istr
      - Date
      : Fri, 02 Aug 2019 02:59:42 GMT
      ? !!python/object/new:multidict._istr.istr
      - Server
      : Windows-Azure-Blob/1.0 Microsoft-HTTPAPI/2.0
      x-ms-delete-type-permanent: 'false'
      x-ms-request-id: 1b75d3be-801e-00d7-77de-482e27000000
      x-ms-version: '2018-03-28'
    status:
      code: 202
      message: Accepted
    url: !!python/object/new:yarl.URL
      state: !!python/tuple
      - !!python/object/new:urllib.parse.SplitResult
        - https
        - amqptest.blob.core.windows.net
        - /utcontainer504d1dca/blob1
        - ''
        - ''
- request:
    body: null
    headers:
      User-Agent:
      - azsdk-python-storage-blob/12.0.0b2 Python/3.7.3 (Windows-10-10.0.17763-SP0)
      content-type:
      - application/xml; charset=utf-8
      x-ms-client-request-id:
      - 20e66458-c861-11e9-8556-2816a845e8c6
      x-ms-date:
      - Tue, 27 Aug 2019 00:25:10 GMT
      x-ms-version:
      - '2019-02-02'
    method: PUT
    uri: https://blobstoragename.blob.core.windows.net/utcontainer504d1dca?restype=container
  response:
    body:
      string: ''
    headers:
      ? !!python/object/new:multidict._istr.istr
      - Content-Length
      : '0'
      ? !!python/object/new:multidict._istr.istr
      - Date
      : Tue, 27 Aug 2019 00:25:08 GMT
      ? !!python/object/new:multidict._istr.istr
      - Etag
      : '"0x8D72A85043075A4"'
      ? !!python/object/new:multidict._istr.istr
      - Last-Modified
      : Tue, 27 Aug 2019 00:25:08 GMT
      ? !!python/object/new:multidict._istr.istr
      - Server
      : Windows-Azure-Blob/1.0 Microsoft-HTTPAPI/2.0
      x-ms-client-request-id: 20e66458-c861-11e9-8556-2816a845e8c6
      x-ms-request-id: 6b840c21-301e-00a3-726d-5ca861000000
      x-ms-version: '2019-02-02'
    status:
      code: 201
      message: Created
    url: !!python/object/new:yarl.URL
      state: !!python/tuple
      - !!python/object/new:urllib.parse.SplitResult
        - https
        - amqptest.blob.core.windows.net
        - /utcontainer504d1dca
        - restype=container
        - ''
- request:
    body: hello world
    headers:
      Content-Length:
      - '11'
      Content-Type:
      - application/octet-stream
      If-None-Match:
      - '*'
      User-Agent:
      - azsdk-python-storage-blob/12.0.0b2 Python/3.7.3 (Windows-10-10.0.17763-SP0)
      x-ms-blob-type:
      - BlockBlob
      x-ms-client-request-id:
      - 20ff065e-c861-11e9-8d21-2816a845e8c6
      x-ms-date:
      - Tue, 27 Aug 2019 00:25:10 GMT
      x-ms-version:
      - '2019-02-02'
    method: PUT
    uri: https://blobstoragename.blob.core.windows.net/utcontainer504d1dca/blob1
  response:
    body:
      string: ''
    headers:
      ? !!python/object/new:multidict._istr.istr
      - Content-Length
      : '0'
      ? !!python/object/new:multidict._istr.istr
      - Content-Md5
      : XrY7u+Ae7tCTyyK7j1rNww==
      ? !!python/object/new:multidict._istr.istr
      - Date
      : Tue, 27 Aug 2019 00:25:08 GMT
      ? !!python/object/new:multidict._istr.istr
      - Etag
      : '"0x8D72A8504394533"'
      ? !!python/object/new:multidict._istr.istr
      - Last-Modified
      : Tue, 27 Aug 2019 00:25:08 GMT
      ? !!python/object/new:multidict._istr.istr
      - Server
      : Windows-Azure-Blob/1.0 Microsoft-HTTPAPI/2.0
      x-ms-client-request-id: 20ff065e-c861-11e9-8d21-2816a845e8c6
      x-ms-content-crc64: vo7q9sPVKY0=
      x-ms-request-id: 6b840c34-301e-00a3-016d-5ca861000000
      x-ms-request-server-encrypted: 'true'
      x-ms-version: '2019-02-02'
    status:
      code: 201
      message: Created
    url: !!python/object/new:yarl.URL
      state: !!python/tuple
      - !!python/object/new:urllib.parse.SplitResult
        - https
        - amqptest.blob.core.windows.net
        - /utcontainer504d1dca/blob1
        - ''
        - ''
- request:
    body: null
    headers:
      If-Modified-Since:
      - Tue, 27 Aug 2019 00:10:10 GMT
      User-Agent:
      - azsdk-python-storage-blob/12.0.0b2 Python/3.7.3 (Windows-10-10.0.17763-SP0)
      content-type:
      - application/xml; charset=utf-8
      x-ms-client-request-id:
      - 2107b1dc-c861-11e9-8012-2816a845e8c6
      x-ms-date:
      - Tue, 27 Aug 2019 00:25:10 GMT
      x-ms-version:
      - '2019-02-02'
    method: DELETE
    uri: https://blobstoragename.blob.core.windows.net/utcontainer504d1dca/blob1
  response:
    body:
      string: ''
    headers:
      ? !!python/object/new:multidict._istr.istr
      - Content-Length
      : '0'
      ? !!python/object/new:multidict._istr.istr
      - Date
      : Tue, 27 Aug 2019 00:25:08 GMT
      ? !!python/object/new:multidict._istr.istr
      - Server
      : Windows-Azure-Blob/1.0 Microsoft-HTTPAPI/2.0
      x-ms-client-request-id: 2107b1dc-c861-11e9-8012-2816a845e8c6
      x-ms-delete-type-permanent: 'true'
      x-ms-request-id: 6b840c4c-301e-00a3-156d-5ca861000000
      x-ms-version: '2019-02-02'
    status:
      code: 202
      message: Accepted
    url: !!python/object/new:yarl.URL
      state: !!python/tuple
      - !!python/object/new:urllib.parse.SplitResult
        - https
        - amqptest.blob.core.windows.net
        - /utcontainer504d1dca/blob1
        - ''
        - ''
version: 1
