interactions:
- request:
    body: null
    headers:
      User-Agent:
      - azsdk-python-storage-blob/12.0.0b1 Python/3.7.3 (Windows-10-10.0.18362-SP0)
      content-type:
      - application/xml; charset=utf-8
      x-ms-client-request-id:
      - a09971e4-b4d1-11e9-b5e4-b831b58100e8
      x-ms-date:
      - Fri, 02 Aug 2019 03:00:04 GMT
      x-ms-version:
      - '2018-03-28'
    method: PUT
    uri: https://storagename.blob.core.windows.net/utcontainerd8f625ac?restype=container
  response:
    body:
      string: ''
    headers:
      ? !!python/object/new:multidict._istr.istr
      - Content-Length
      : '0'
      ? !!python/object/new:multidict._istr.istr
      - Date
      : Fri, 02 Aug 2019 03:00:04 GMT
      ? !!python/object/new:multidict._istr.istr
      - Etag
      : '"0x8D716F584DB8C03"'
      ? !!python/object/new:multidict._istr.istr
      - Last-Modified
      : Fri, 02 Aug 2019 03:00:04 GMT
      ? !!python/object/new:multidict._istr.istr
      - Server
      : Windows-Azure-Blob/1.0 Microsoft-HTTPAPI/2.0
      x-ms-request-id: abcf36a1-001e-006c-54de-48cfd3000000
      x-ms-version: '2018-03-28'
    status:
      code: 201
      message: Created
    url: !!python/object/new:yarl.URL
      state: !!python/tuple
      - !!python/object/new:urllib.parse.SplitResult
        - https
        - amqptest.blob.core.windows.net
        - /utcontainerd8f625ac
        - restype=container
        - ''
- request:
    body: null
    headers:
      If-Unmodified-Since:
      - Fri, 02 Aug 2019 02:45:04 GMT
      User-Agent:
      - azsdk-python-storage-blob/12.0.0b1 Python/3.7.3 (Windows-10-10.0.18362-SP0)
      content-type:
      - application/xml; charset=utf-8
      x-ms-client-request-id:
      - a0aef59e-b4d1-11e9-a426-b831b58100e8
      x-ms-date:
      - Fri, 02 Aug 2019 03:00:04 GMT
      x-ms-lease-action:
      - acquire
      x-ms-lease-duration:
      - '-1'
      x-ms-proposed-lease-id:
      - beefbf9d-1d3e-4a87-9059-f5de21c26d1d
      x-ms-version:
      - '2018-03-28'
    method: PUT
    uri: https://storagename.blob.core.windows.net/utcontainerd8f625ac?comp=lease&restype=container
  response:
    body:
      string: "\uFEFF<?xml version=\"1.0\" encoding=\"utf-8\"?><Error><Code>ConditionNotMet</Code><Message>The
        condition specified using HTTP conditional header(s) is not met.\nRequestId:abcf36b0-001e-006c-5fde-48cfd3000000\nTime:2019-08-02T03:00:04.8624312Z</Message></Error>"
    headers:
      ? !!python/object/new:multidict._istr.istr
      - Content-Length
      : '252'
      ? !!python/object/new:multidict._istr.istr
      - Content-Type
      : application/xml
      ? !!python/object/new:multidict._istr.istr
      - Date
      : Fri, 02 Aug 2019 03:00:04 GMT
      ? !!python/object/new:multidict._istr.istr
      - Server
      : Windows-Azure-Blob/1.0 Microsoft-HTTPAPI/2.0
      x-ms-error-code: ConditionNotMet
      x-ms-request-id: abcf36b0-001e-006c-5fde-48cfd3000000
      x-ms-version: '2018-03-28'
    status:
      code: 412
      message: The condition specified using HTTP conditional header(s) is not met.
    url: !!python/object/new:yarl.URL
      state: !!python/tuple
      - !!python/object/new:urllib.parse.SplitResult
        - https
        - amqptest.blob.core.windows.net
        - /utcontainerd8f625ac
        - comp=lease&restype=container
        - ''
- request:
    body: null
    headers:
      User-Agent:
      - azsdk-python-storage-blob/12.0.0b2 Python/3.7.3 (Windows-10-10.0.17763-SP0)
      content-type:
      - application/xml; charset=utf-8
      x-ms-client-request-id:
      - 312564e4-c861-11e9-9037-2816a845e8c6
      x-ms-date:
      - Tue, 27 Aug 2019 00:25:37 GMT
      x-ms-version:
      - '2019-02-02'
    method: PUT
    uri: https://blobstoragename.blob.core.windows.net/utcontainerd8f625ac?restype=container
  response:
    body:
      string: ''
    headers:
      ? !!python/object/new:multidict._istr.istr
      - Content-Length
      : '0'
      ? !!python/object/new:multidict._istr.istr
      - Date
      : Tue, 27 Aug 2019 00:25:35 GMT
      ? !!python/object/new:multidict._istr.istr
      - Etag
      : '"0x8D72A85146F72E0"'
      ? !!python/object/new:multidict._istr.istr
      - Last-Modified
      : Tue, 27 Aug 2019 00:25:35 GMT
      ? !!python/object/new:multidict._istr.istr
      - Server
      : Windows-Azure-Blob/1.0 Microsoft-HTTPAPI/2.0
      x-ms-client-request-id: 312564e4-c861-11e9-9037-2816a845e8c6
      x-ms-request-id: 70307d52-701e-00c9-526d-5cf4ca000000
      x-ms-version: '2019-02-02'
    status:
      code: 201
      message: Created
    url: !!python/object/new:yarl.URL
      state: !!python/tuple
      - !!python/object/new:urllib.parse.SplitResult
        - https
        - amqptest.blob.core.windows.net
        - /utcontainerd8f625ac
        - restype=container
        - ''
- request:
    body: null
    headers:
      If-Unmodified-Since:
      - Tue, 27 Aug 2019 00:10:37 GMT
      User-Agent:
      - azsdk-python-storage-blob/12.0.0b2 Python/3.7.3 (Windows-10-10.0.17763-SP0)
      content-type:
      - application/xml; charset=utf-8
      x-ms-client-request-id:
      - 313b7702-c861-11e9-8813-2816a845e8c6
      x-ms-date:
      - Tue, 27 Aug 2019 00:25:37 GMT
      x-ms-lease-action:
      - acquire
      x-ms-lease-duration:
      - '-1'
      x-ms-proposed-lease-id:
      - 67bca001-991c-4a1b-9e14-91b753d2dfa7
      x-ms-version:
      - '2019-02-02'
    method: PUT
    uri: https://blobstoragename.blob.core.windows.net/utcontainerd8f625ac?comp=lease&restype=container
  response:
    body:
      string: "\uFEFF<?xml version=\"1.0\" encoding=\"utf-8\"?><Error><Code>ConditionNotMet</Code><Message>The
        condition specified using HTTP conditional header(s) is not met.\nRequestId:70307d5d-701e-00c9-5b6d-5cf4ca000000\nTime:2019-08-27T00:25:35.8469993Z</Message></Error>"
    headers:
      ? !!python/object/new:multidict._istr.istr
      - Content-Length
      : '252'
      ? !!python/object/new:multidict._istr.istr
      - Content-Type
      : application/xml
      ? !!python/object/new:multidict._istr.istr
      - Date
      : Tue, 27 Aug 2019 00:25:35 GMT
      ? !!python/object/new:multidict._istr.istr
      - Server
      : Windows-Azure-Blob/1.0 Microsoft-HTTPAPI/2.0
      x-ms-client-request-id: 313b7702-c861-11e9-8813-2816a845e8c6
      x-ms-error-code: ConditionNotMet
      x-ms-request-id: 70307d5d-701e-00c9-5b6d-5cf4ca000000
      x-ms-version: '2019-02-02'
    status:
      code: 412
      message: The condition specified using HTTP conditional header(s) is not met.
    url: !!python/object/new:yarl.URL
      state: !!python/tuple
      - !!python/object/new:urllib.parse.SplitResult
        - https
        - amqptest.blob.core.windows.net
        - /utcontainerd8f625ac
        - comp=lease&restype=container
        - ''
version: 1
