interactions:
- request:
    body: null
    headers:
      Accept:
      - '*/*'
      Accept-Encoding:
      - gzip, deflate
      Connection:
      - keep-alive
      Content-Length:
      - '0'
      User-Agent:
      - python/3.6.5 (Darwin-16.7.0-x86_64-i386-64bit) azure-core/0.0.1
      x-ms-blob-type:
      - AppendBlob
      x-ms-client-request-id:
      - 59de0d58-8eca-11e9-932e-f45c89a7d159
      x-ms-date:
      - Fri, 14 Jun 2019 17:32:15 GMT
      x-ms-meta-hello:
      - world
      x-ms-meta-number:
      - '42'
      x-ms-version:
      - '2018-03-28'
    method: PUT
    uri: https://remotestoragename.blob.core.windows.net/utcontainerca521310/blobca521310
  response:
    body:
      string: ''
    headers:
      Content-Length:
      - '0'
      Date:
      - Fri, 14 Jun 2019 17:32:16 GMT
      ETag:
      - '"0x8D6F0EE3EA3392B"'
      Last-Modified:
      - Fri, 14 Jun 2019 17:32:16 GMT
      Server:
      - Windows-Azure-Blob/1.0 Microsoft-HTTPAPI/2.0
      x-ms-request-id:
      - da0a2418-601e-0033-02d7-223d2d000000
      x-ms-request-server-encrypted:
      - 'true'
      x-ms-version:
      - '2018-03-28'
    status:
      code: 201
      message: Created
- request:
    body: null
    headers:
      Accept:
      - '*/*'
      Accept-Encoding:
      - gzip, deflate
      Connection:
      - keep-alive
      User-Agent:
      - python/3.6.5 (Darwin-16.7.0-x86_64-i386-64bit) azure-core/0.0.1
      x-ms-client-request-id:
      - 59fd6536-8eca-11e9-b5f6-f45c89a7d159
      x-ms-date:
      - Fri, 14 Jun 2019 17:32:15 GMT
      x-ms-version:
      - '2018-03-28'
    method: HEAD
    uri: https://remotestoragename.blob.core.windows.net/utcontainerca521310/blobca521310
  response:
    body:
      string: ''
    headers:
      Accept-Ranges:
      - bytes
      Content-Length:
      - '0'
      Content-Type:
      - application/octet-stream
      Date:
      - Fri, 14 Jun 2019 17:32:16 GMT
      ETag:
      - '"0x8D6F0EE3EA3392B"'
      Last-Modified:
      - Fri, 14 Jun 2019 17:32:16 GMT
      Server:
      - Windows-Azure-Blob/1.0 Microsoft-HTTPAPI/2.0
      Vary:
      - Origin
      x-ms-access-tier:
      - Hot
      x-ms-access-tier-inferred:
      - 'true'
      x-ms-blob-committed-block-count:
      - '0'
      x-ms-blob-type:
      - AppendBlob
      x-ms-creation-time:
      - Fri, 14 Jun 2019 17:32:16 GMT
      x-ms-lease-state:
      - available
      x-ms-lease-status:
      - unlocked
      x-ms-meta-hello:
      - world
      x-ms-meta-number:
      - '42'
      x-ms-request-id:
      - da0a2437-601e-0033-1ed7-223d2d000000
      x-ms-server-encrypted:
      - 'true'
      x-ms-version:
      - '2018-03-28'
    status:
      code: 200
      message: OK
- request:
    body: null
    headers:
      Accept:
      - '*/*'
      Accept-Encoding:
      - gzip, deflate
      Connection:
      - keep-alive
      Content-Length:
      - '0'
      User-Agent:
      - python/3.6.5 (Darwin-16.7.0-x86_64-i386-64bit) azure-core/0.0.1
      x-ms-blob-type:
      - AppendBlob
      x-ms-client-request-id:
      - c6ef2e74-8ecf-11e9-b8a6-f45c89a7d159
      x-ms-date:
      - Fri, 14 Jun 2019 18:11:05 GMT
      x-ms-meta-hello:
      - world
      x-ms-meta-number:
      - '42'
      x-ms-version:
      - '2018-03-28'
    method: PUT
    uri: https://remotestoragename.blob.core.windows.net/utcontainerca521310/blobca521310
  response:
    body:
      string: ''
    headers:
      Content-Length:
      - '0'
      Date:
      - Fri, 14 Jun 2019 18:11:05 GMT
      ETag:
      - '"0x8D6F0F3AB3EEE02"'
      Last-Modified:
      - Fri, 14 Jun 2019 18:11:06 GMT
      Server:
      - Windows-Azure-Blob/1.0 Microsoft-HTTPAPI/2.0
      x-ms-request-id:
      - bdbc75c1-501e-0030-80dc-223e2a000000
      x-ms-request-server-encrypted:
      - 'true'
      x-ms-version:
      - '2018-03-28'
    status:
      code: 201
      message: Created
- request:
    body: null
    headers:
      Accept:
      - '*/*'
      Accept-Encoding:
      - gzip, deflate
      Connection:
      - keep-alive
      User-Agent:
      - python/3.6.5 (Darwin-16.7.0-x86_64-i386-64bit) azure-core/0.0.1
      x-ms-client-request-id:
      - c70e151c-8ecf-11e9-9ca5-f45c89a7d159
      x-ms-date:
      - Fri, 14 Jun 2019 18:11:06 GMT
      x-ms-version:
      - '2018-03-28'
    method: HEAD
    uri: https://remotestoragename.blob.core.windows.net/utcontainerca521310/blobca521310
  response:
    body:
      string: ''
    headers:
      Accept-Ranges:
      - bytes
      Content-Length:
      - '0'
      Content-Type:
      - application/octet-stream
      Date:
      - Fri, 14 Jun 2019 18:11:05 GMT
      ETag:
      - '"0x8D6F0F3AB3EEE02"'
      Last-Modified:
      - Fri, 14 Jun 2019 18:11:06 GMT
      Server:
      - Windows-Azure-Blob/1.0 Microsoft-HTTPAPI/2.0
      Vary:
      - Origin
      x-ms-access-tier:
      - Hot
      x-ms-access-tier-inferred:
      - 'true'
      x-ms-blob-committed-block-count:
      - '0'
      x-ms-blob-type:
      - AppendBlob
      x-ms-creation-time:
      - Fri, 14 Jun 2019 18:11:06 GMT
      x-ms-lease-state:
      - available
      x-ms-lease-status:
      - unlocked
      x-ms-meta-hello:
      - world
      x-ms-meta-number:
      - '42'
      x-ms-request-id:
      - bdbc7603-501e-0030-36dc-223e2a000000
      x-ms-server-encrypted:
      - 'true'
      x-ms-version:
      - '2018-03-28'
    status:
      code: 200
      message: OK
- request:
    body: null
    headers:
      Accept:
      - '*/*'
      Accept-Encoding:
      - gzip, deflate
      Connection:
      - keep-alive
      Content-Length:
      - '0'
      User-Agent:
      - python/3.6.5 (Darwin-16.7.0-x86_64-i386-64bit) azure-core/0.0.1
      x-ms-blob-type:
      - AppendBlob
      x-ms-client-request-id:
      - 4a30265a-8ed1-11e9-907c-f45c89a7d159
      x-ms-date:
      - Fri, 14 Jun 2019 18:21:55 GMT
      x-ms-meta-hello:
      - world
      x-ms-meta-number:
      - '42'
      x-ms-version:
      - '2018-03-28'
    method: PUT
    uri: https://NzhL3hKZbJBuJ2484dPTR+xF30kYaWSSCbs2BzLgVVI1woqeST/1IgqaLm6QAOTxtGvxctSNbIR/1hW8yH+bJg==.blob.core.windows.net/utcontainerca521310/blobca521310
  response:
    body:
      string: ''
    headers:
      Content-Length:
      - '0'
      Date:
      - Fri, 14 Jun 2019 18:21:55 GMT
      ETag:
      - '"0x8D6F0F52E846324"'
      Last-Modified:
      - Fri, 14 Jun 2019 18:21:55 GMT
      Server:
      - Windows-Azure-Blob/1.0 Microsoft-HTTPAPI/2.0
      x-ms-request-id:
      - 18c30274-a01e-0025-59de-22fcb3000000
      x-ms-request-server-encrypted:
      - 'true'
      x-ms-version:
      - '2018-03-28'
    status:
      code: 201
      message: Created
- request:
    body: null
    headers:
      Accept:
      - '*/*'
      Accept-Encoding:
      - gzip, deflate
      Connection:
      - keep-alive
      User-Agent:
      - python/3.6.5 (Darwin-16.7.0-x86_64-i386-64bit) azure-core/0.0.1
      x-ms-client-request-id:
      - 4a541bb4-8ed1-11e9-a906-f45c89a7d159
      x-ms-date:
      - Fri, 14 Jun 2019 18:21:55 GMT
      x-ms-version:
      - '2018-03-28'
    method: HEAD
    uri: https://NzhL3hKZbJBuJ2484dPTR+xF30kYaWSSCbs2BzLgVVI1woqeST/1IgqaLm6QAOTxtGvxctSNbIR/1hW8yH+bJg==.blob.core.windows.net/utcontainerca521310/blobca521310
  response:
    body:
      string: ''
    headers:
      Accept-Ranges:
      - bytes
      Content-Length:
      - '0'
      Content-Type:
      - application/octet-stream
      Date:
      - Fri, 14 Jun 2019 18:21:55 GMT
      ETag:
      - '"0x8D6F0F52E846324"'
      Last-Modified:
      - Fri, 14 Jun 2019 18:21:55 GMT
      Server:
      - Windows-Azure-Blob/1.0 Microsoft-HTTPAPI/2.0
      Vary:
      - Origin
      x-ms-access-tier:
      - Hot
      x-ms-access-tier-inferred:
      - 'true'
      x-ms-blob-committed-block-count:
      - '0'
      x-ms-blob-type:
      - AppendBlob
      x-ms-creation-time:
      - Fri, 14 Jun 2019 18:21:55 GMT
      x-ms-lease-state:
      - available
      x-ms-lease-status:
      - unlocked
      x-ms-meta-hello:
      - world
      x-ms-meta-number:
      - '42'
      x-ms-request-id:
      - 18c3028e-a01e-0025-70de-22fcb3000000
      x-ms-server-encrypted:
      - 'true'
      x-ms-version:
      - '2018-03-28'
    status:
      code: 200
      message: OK
- request:
    body: null
    headers:
      Accept:
      - '*/*'
      Accept-Encoding:
      - gzip, deflate
      Connection:
      - keep-alive
      Content-Length:
      - '0'
      User-Agent:
      - python/3.6.5 (Darwin-16.7.0-x86_64-i386-64bit) azure-core/0.0.1
      x-ms-blob-type:
      - AppendBlob
      x-ms-client-request-id:
      - 17c896cc-8ed2-11e9-8313-f45c89a7d159
      x-ms-date:
      - Fri, 14 Jun 2019 18:27:40 GMT
      x-ms-meta-hello:
      - world
      x-ms-meta-number:
      - '42'
      x-ms-version:
      - '2018-03-28'
    method: PUT
    uri: https://storagename.blob.core.windows.net/utcontainerca521310/blobca521310
  response:
    body:
      string: ''
    headers:
      Content-Length:
      - '0'
      Date:
      - Fri, 14 Jun 2019 18:27:40 GMT
      ETag:
      - '"0x8D6F0F5FC185347"'
      Last-Modified:
      - Fri, 14 Jun 2019 18:27:40 GMT
      Server:
      - Windows-Azure-Blob/1.0 Microsoft-HTTPAPI/2.0
      x-ms-request-id:
      - 252e3854-a01e-00cb-4fde-22f630000000
      x-ms-request-server-encrypted:
      - 'true'
      x-ms-version:
      - '2018-03-28'
    status:
      code: 201
      message: Created
- request:
    body: null
    headers:
      Accept:
      - '*/*'
      Accept-Encoding:
      - gzip, deflate
      Connection:
      - keep-alive
      User-Agent:
      - python/3.6.5 (Darwin-16.7.0-x86_64-i386-64bit) azure-core/0.0.1
      x-ms-client-request-id:
      - 17e7c288-8ed2-11e9-823e-f45c89a7d159
      x-ms-date:
      - Fri, 14 Jun 2019 18:27:40 GMT
      x-ms-version:
      - '2018-03-28'
    method: HEAD
    uri: https://storagename.blob.core.windows.net/utcontainerca521310/blobca521310
  response:
    body:
      string: ''
    headers:
      Accept-Ranges:
      - bytes
      Content-Length:
      - '0'
      Content-Type:
      - application/octet-stream
      Date:
      - Fri, 14 Jun 2019 18:27:40 GMT
      ETag:
      - '"0x8D6F0F5FC185347"'
      Last-Modified:
      - Fri, 14 Jun 2019 18:27:40 GMT
      Server:
      - Windows-Azure-Blob/1.0 Microsoft-HTTPAPI/2.0
      Vary:
      - Origin
      x-ms-access-tier:
      - Hot
      x-ms-access-tier-inferred:
      - 'true'
      x-ms-blob-committed-block-count:
      - '0'
      x-ms-blob-type:
      - AppendBlob
      x-ms-creation-time:
      - Fri, 14 Jun 2019 18:27:40 GMT
      x-ms-lease-state:
      - available
      x-ms-lease-status:
      - unlocked
      x-ms-meta-hello:
      - world
      x-ms-meta-number:
      - '42'
      x-ms-request-id:
      - 252e386f-a01e-00cb-68de-22f630000000
      x-ms-server-encrypted:
      - 'true'
      x-ms-version:
      - '2018-03-28'
    status:
      code: 200
      message: OK
- request:
    body: null
    headers:
      Accept:
      - '*/*'
      Accept-Encoding:
      - gzip, deflate
      Connection:
      - keep-alive
      Content-Length:
      - '0'
      User-Agent:
      - python/3.6.5 (Darwin-16.7.0-x86_64-i386-64bit) azure-core/0.0.1
      x-ms-blob-type:
      - AppendBlob
      x-ms-client-request-id:
      - 07115868-8ed3-11e9-858f-f45c89a7d159
      x-ms-date:
      - Fri, 14 Jun 2019 18:34:21 GMT
      x-ms-meta-hello:
      - world
      x-ms-meta-number:
      - '42'
      x-ms-version:
      - '2018-03-28'
    method: PUT
    uri: https://storagename.blob.core.windows.net/utcontainerca521310/blobca521310
  response:
    body:
      string: ''
    headers:
      Content-Length:
      - '0'
      Date:
      - Fri, 14 Jun 2019 18:34:21 GMT
      ETag:
      - '"0x8D6F0F6EB61F7C1"'
      Last-Modified:
      - Fri, 14 Jun 2019 18:34:22 GMT
      Server:
      - Windows-Azure-Blob/1.0 Microsoft-HTTPAPI/2.0
      x-ms-request-id:
      - 8b06e276-101e-009d-08df-221e40000000
      x-ms-request-server-encrypted:
      - 'true'
      x-ms-version:
      - '2018-03-28'
    status:
      code: 201
      message: Created
- request:
    body: null
    headers:
      Accept:
      - '*/*'
      Accept-Encoding:
      - gzip, deflate
      Connection:
      - keep-alive
      User-Agent:
      - python/3.6.5 (Darwin-16.7.0-x86_64-i386-64bit) azure-core/0.0.1
      x-ms-client-request-id:
      - 07324c00-8ed3-11e9-987d-f45c89a7d159
      x-ms-date:
      - Fri, 14 Jun 2019 18:34:22 GMT
      x-ms-version:
      - '2018-03-28'
    method: HEAD
    uri: https://storagename.blob.core.windows.net/utcontainerca521310/blobca521310
  response:
    body:
      string: ''
    headers:
      Accept-Ranges:
      - bytes
      Content-Length:
      - '0'
      Content-Type:
      - application/octet-stream
      Date:
      - Fri, 14 Jun 2019 18:34:21 GMT
      ETag:
      - '"0x8D6F0F6EB61F7C1"'
      Last-Modified:
      - Fri, 14 Jun 2019 18:34:22 GMT
      Server:
      - Windows-Azure-Blob/1.0 Microsoft-HTTPAPI/2.0
      Vary:
      - Origin
      x-ms-access-tier:
      - Hot
      x-ms-access-tier-inferred:
      - 'true'
      x-ms-blob-committed-block-count:
      - '0'
      x-ms-blob-type:
      - AppendBlob
      x-ms-creation-time:
      - Fri, 14 Jun 2019 18:34:22 GMT
      x-ms-lease-state:
      - available
      x-ms-lease-status:
      - unlocked
      x-ms-meta-hello:
      - world
      x-ms-meta-number:
      - '42'
      x-ms-request-id:
      - 8b06e293-101e-009d-22df-221e40000000
      x-ms-server-encrypted:
      - 'true'
      x-ms-version:
      - '2018-03-28'
    status:
      code: 200
      message: OK
version: 1
