interactions:
- request:
    body: null
    headers:
      Accept:
      - application/xml
      Accept-Encoding:
      - gzip, deflate
      Connection:
      - keep-alive
      Content-Length:
      - '0'
      User-Agent:
      - azsdk-python-storage-blob/12.8.0 Python/3.8.5 (Windows-10-10.0.19041-SP0)
      x-ms-date:
      - Wed, 03 Mar 2021 01:21:09 GMT
      x-ms-version:
      - '2020-06-12'
    method: PUT
    uri: https://storagename.blob.core.windows.net/containera687174a?restype=container
  response:
    body:
      string: ''
    headers:
      content-length:
      - '0'
      date:
      - Wed, 03 Mar 2021 01:21:08 GMT
      etag:
      - '"0x8D8DDE2A0338D92"'
      last-modified:
      - Wed, 03 Mar 2021 01:21:09 GMT
      server:
      - Windows-Azure-Blob/1.0 Microsoft-HTTPAPI/2.0
      x-ms-version:
      - '2020-06-12'
    status:
      code: 201
      message: Created
- request:
    body: "--===============0991914385==\r\nContent-Type: application/http\r\nContent-Transfer-Encoding:
      binary\r\nContent-ID: 0\r\n\r\nDELETE /containera687174a/blob1? HTTP/1.1\r\nx-ms-date:
      Wed, 03 Mar 2021 01:21:09 GMT\r\nx-ms-client-request-id: bc62900d-7bbe-11eb-a577-c8348e5fffbf\r\nAuthorization:
      SharedKey storagename:fake_shared_key=\r\n\r\n\r\n--===============0991914385==\r\nContent-Type:
      application/http\r\nContent-Transfer-Encoding: binary\r\nContent-ID: 1\r\n\r\nDELETE
      /containera687174a/blob2? HTTP/1.1\r\nx-ms-date: Wed, 03 Mar 2021 01:21:09 GMT\r\nx-ms-client-request-id:
      bc62b722-7bbe-11eb-933e-c8348e5fffbf\r\nAuthorization: SharedKey storagename:fake_shared_key=\r\n\r\n\r\n--===============0991914385==\r\nContent-Type:
      application/http\r\nContent-Transfer-Encoding: binary\r\nContent-ID: 2\r\n\r\nDELETE
      /containera687174a/blob3? HTTP/1.1\r\nx-ms-date: Wed, 03 Mar 2021 01:21:09 GMT\r\nx-ms-client-request-id:
      bc630541-7bbe-11eb-919f-c8348e5fffbf\r\nAuthorization: SharedKey storagename:fake_shared_key=\r\n\r\n\r\n--===============0991914385==--\r\n"
    headers:
      Accept:
      - '*/*'
      Accept-Encoding:
      - gzip, deflate
      Connection:
      - keep-alive
      Content-Length:
      - '1083'
      Content-Type:
      - multipart/mixed; boundary================0991914385==
      User-Agent:
      - azsdk-python-storage-blob/12.8.0 Python/3.8.5 (Windows-10-10.0.19041-SP0)
      x-ms-date:
      - Wed, 03 Mar 2021 01:21:09 GMT
      x-ms-version:
      - '2020-06-12'
    method: POST
    uri: https://storagename.blob.core.windows.net/containera687174a?restype=container&comp=batch
  response:
    body:
      string: "--batchresponse_a0b6996a-099b-4599-8fea-8870f7cc9a6a\r\nContent-Type:
        application/http\r\nContent-ID: 0\r\n\r\nHTTP/1.1 404 The specified blob does
        not exist.\r\nx-ms-error-code: BlobNotFound\r\nx-ms-request-id: 859a0ef6-f01e-006e-60cb-0f06db1ecddb\r\nx-ms-version:
        2020-06-12\r\nx-ms-client-request-id: bc62900d-7bbe-11eb-a577-c8348e5fffbf\r\nContent-Length:
        216\r\nContent-Type: application/xml\r\nServer: Windows-Azure-Blob/1.0\r\n\r\n\uFEFF<?xml
        version=\"1.0\" encoding=\"utf-8\"?>\n<Error><Code>BlobNotFound</Code><Message>The
        specified blob does not exist.\nRequestId:859a0ef6-f01e-006e-60cb-0f06db1ecddb\nTime:2021-03-03T01:21:09.4236573Z</Message></Error>\r\n--batchresponse_a0b6996a-099b-4599-8fea-8870f7cc9a6a\r\nContent-Type:
        application/http\r\nContent-ID: 1\r\n\r\nHTTP/1.1 404 The specified blob does
        not exist.\r\nx-ms-error-code: BlobNotFound\r\nx-ms-request-id: 859a0ef6-f01e-006e-60cb-0f06db1ecddd\r\nx-ms-version:
        2020-06-12\r\nx-ms-client-request-id: bc62b722-7bbe-11eb-933e-c8348e5fffbf\r\nContent-Length:
        216\r\nContent-Type: application/xml\r\nServer: Windows-Azure-Blob/1.0\r\n\r\n\uFEFF<?xml
        version=\"1.0\" encoding=\"utf-8\"?>\n<Error><Code>BlobNotFound</Code><Message>The
        specified blob does not exist.\nRequestId:859a0ef6-f01e-006e-60cb-0f06db1ecddd\nTime:2021-03-03T01:21:09.4236573Z</Message></Error>\r\n--batchresponse_a0b6996a-099b-4599-8fea-8870f7cc9a6a\r\nContent-Type:
        application/http\r\nContent-ID: 2\r\n\r\nHTTP/1.1 404 The specified blob does
        not exist.\r\nx-ms-error-code: BlobNotFound\r\nx-ms-request-id: 859a0ef6-f01e-006e-60cb-0f06db1ecdde\r\nx-ms-version:
        2020-06-12\r\nx-ms-client-request-id: bc630541-7bbe-11eb-919f-c8348e5fffbf\r\nContent-Length:
        216\r\nContent-Type: application/xml\r\nServer: Windows-Azure-Blob/1.0\r\n\r\n\uFEFF<?xml
        version=\"1.0\" encoding=\"utf-8\"?>\n<Error><Code>BlobNotFound</Code><Message>The
        specified blob does not exist.\nRequestId:859a0ef6-f01e-006e-60cb-0f06db1ecdde\nTime:2021-03-03T01:21:09.4186538Z</Message></Error>\r\n--batchresponse_a0b6996a-099b-4599-8fea-8870f7cc9a6a--"
    headers:
      content-type:
      - multipart/mixed; boundary=batchresponse_a0b6996a-099b-4599-8fea-8870f7cc9a6a
      date:
      - Wed, 03 Mar 2021 01:21:09 GMT
      server:
      - Windows-Azure-Blob/1.0 Microsoft-HTTPAPI/2.0
      transfer-encoding:
      - chunked
      x-ms-version:
      - '2020-06-12'
    status:
      code: 202
      message: Accepted
- request:
    body: hello world
    headers:
      Accept:
      - application/xml
      Accept-Encoding:
      - gzip, deflate
      Connection:
      - keep-alive
      Content-Length:
      - '11'
      Content-Type:
      - application/octet-stream
      If-None-Match:
      - '*'
      User-Agent:
      - azsdk-python-storage-blob/12.8.0 Python/3.8.5 (Windows-10-10.0.19041-SP0)
      x-ms-blob-type:
      - BlockBlob
      x-ms-date:
      - Wed, 03 Mar 2021 01:21:10 GMT
      x-ms-encryption-algorithm:
      - AES256
      x-ms-version:
      - '2020-06-12'
    method: PUT
    uri: https://storagename.blob.core.windows.net/containera687174a/blob1
  response:
    body:
      string: ''
    headers:
      content-length:
      - '0'
      content-md5:
      - XrY7u+Ae7tCTyyK7j1rNww==
      date:
      - Wed, 03 Mar 2021 01:21:09 GMT
      etag:
      - '"0x8D8DDE2A05B1E21"'
      last-modified:
      - Wed, 03 Mar 2021 01:21:09 GMT
      server:
      - Windows-Azure-Blob/1.0 Microsoft-HTTPAPI/2.0
      x-ms-content-crc64:
      - vo7q9sPVKY0=
      x-ms-request-server-encrypted:
      - 'true'
      x-ms-version:
      - '2020-06-12'
    status:
      code: 201
      message: Created
- request:
    body: hello world
    headers:
      Accept:
      - application/xml
      Accept-Encoding:
      - gzip, deflate
      Connection:
      - keep-alive
      Content-Length:
      - '11'
      Content-Type:
      - application/octet-stream
      If-None-Match:
      - '*'
      User-Agent:
      - azsdk-python-storage-blob/12.8.0 Python/3.8.5 (Windows-10-10.0.19041-SP0)
      x-ms-blob-type:
      - BlockBlob
      x-ms-date:
      - Wed, 03 Mar 2021 01:21:10 GMT
      x-ms-encryption-algorithm:
      - AES256
      x-ms-version:
      - '2020-06-12'
    method: PUT
    uri: https://storagename.blob.core.windows.net/containera687174a/blob2
  response:
    body:
      string: ''
    headers:
      content-length:
      - '0'
      content-md5:
      - XrY7u+Ae7tCTyyK7j1rNww==
      date:
      - Wed, 03 Mar 2021 01:21:09 GMT
      etag:
      - '"0x8D8DDE2A069797B"'
      last-modified:
      - Wed, 03 Mar 2021 01:21:09 GMT
      server:
      - Windows-Azure-Blob/1.0 Microsoft-HTTPAPI/2.0
      x-ms-content-crc64:
      - vo7q9sPVKY0=
      x-ms-request-server-encrypted:
      - 'true'
      x-ms-version:
      - '2020-06-12'
    status:
      code: 201
      message: Created
- request:
    body: hello world
    headers:
      Accept:
      - application/xml
      Accept-Encoding:
      - gzip, deflate
      Connection:
      - keep-alive
      Content-Length:
      - '11'
      Content-Type:
      - application/octet-stream
      If-None-Match:
      - '*'
      User-Agent:
      - azsdk-python-storage-blob/12.8.0 Python/3.8.5 (Windows-10-10.0.19041-SP0)
      x-ms-blob-type:
      - BlockBlob
      x-ms-date:
      - Wed, 03 Mar 2021 01:21:10 GMT
      x-ms-encryption-algorithm:
      - AES256
      x-ms-version:
      - '2020-06-12'
    method: PUT
    uri: https://storagename.blob.core.windows.net/containera687174a/blob3
  response:
    body:
      string: ''
    headers:
      content-length:
      - '0'
      content-md5:
      - XrY7u+Ae7tCTyyK7j1rNww==
      date:
      - Wed, 03 Mar 2021 01:21:09 GMT
      etag:
      - '"0x8D8DDE2A077D4D6"'
      last-modified:
      - Wed, 03 Mar 2021 01:21:09 GMT
      server:
      - Windows-Azure-Blob/1.0 Microsoft-HTTPAPI/2.0
      x-ms-content-crc64:
      - vo7q9sPVKY0=
      x-ms-request-server-encrypted:
      - 'true'
      x-ms-version:
      - '2020-06-12'
    status:
      code: 201
      message: Created
- request:
    body: null
    headers:
      Accept:
      - application/xml
      Accept-Encoding:
      - gzip, deflate
      Connection:
      - keep-alive
      User-Agent:
      - azsdk-python-storage-blob/12.8.0 Python/3.8.5 (Windows-10-10.0.19041-SP0)
      x-ms-date:
      - Wed, 03 Mar 2021 01:21:10 GMT
      x-ms-encryption-algorithm:
      - AES256
      x-ms-version:
      - '2020-06-12'
    method: HEAD
    uri: https://storagename.blob.core.windows.net/containera687174a/blob1
  response:
    body:
      string: ''
    headers:
      accept-ranges:
      - bytes
      content-length:
      - '11'
      content-md5:
      - XrY7u+Ae7tCTyyK7j1rNww==
      content-type:
      - application/octet-stream
      date:
      - Wed, 03 Mar 2021 01:21:09 GMT
      etag:
      - '"0x8D8DDE2A05B1E21"'
      last-modified:
      - Wed, 03 Mar 2021 01:21:09 GMT
      server:
      - Windows-Azure-Blob/1.0 Microsoft-HTTPAPI/2.0
      vary:
      - Origin
      x-ms-access-tier:
      - Hot
      x-ms-access-tier-inferred:
      - 'true'
      x-ms-blob-type:
      - BlockBlob
      x-ms-creation-time:
      - Wed, 03 Mar 2021 01:21:09 GMT
      x-ms-lease-state:
      - available
      x-ms-lease-status:
      - unlocked
      x-ms-server-encrypted:
      - 'true'
      x-ms-version:
      - '2020-06-12'
    status:
      code: 200
      message: OK
- request:
    body: "--===============2102783098==\r\nContent-Type: application/http\r\nContent-Transfer-Encoding:
      binary\r\nContent-ID: 0\r\n\r\nPUT /containera687174a/blob1?comp=tier HTTP/1.1\r\nContent-Length:
      0\r\nx-ms-access-tier: Archive\r\nx-ms-date: Wed, 03 Mar 2021 01:21:10 GMT\r\nx-ms-client-request-id:
      bcb20e13-7bbe-11eb-9ec5-c8348e5fffbf\r\nAuthorization: SharedKey storagename:fake_shared_key=\r\n\r\n\r\n--===============2102783098==\r\nContent-Type:
      application/http\r\nContent-Transfer-Encoding: binary\r\nContent-ID: 1\r\n\r\nPUT
      /containera687174a/blob2?comp=tier HTTP/1.1\r\nContent-Length: 0\r\nx-ms-access-tier:
      Archive\r\nx-ms-date: Wed, 03 Mar 2021 01:21:10 GMT\r\nx-ms-client-request-id:
      bcb20e14-7bbe-11eb-971a-c8348e5fffbf\r\nAuthorization: SharedKey storagename:fake_shared_key=\r\n\r\n\r\n--===============2102783098==\r\nContent-Type:
      application/http\r\nContent-Transfer-Encoding: binary\r\nContent-ID: 2\r\n\r\nPUT
      /containera687174a/blob3?comp=tier HTTP/1.1\r\nContent-Length: 0\r\nx-ms-access-tier:
      Archive\r\nx-ms-date: Wed, 03 Mar 2021 01:21:10 GMT\r\nx-ms-client-request-id:
      bcb20e15-7bbe-11eb-b693-c8348e5fffbf\r\nAuthorization: SharedKey storagename:fake_shared_key=\r\n\r\n\r\n--===============2102783098==--\r\n"
    headers:
      Accept:
      - '*/*'
      Accept-Encoding:
      - gzip, deflate
      Connection:
      - keep-alive
      Content-Length:
      - '1239'
      Content-Type:
      - multipart/mixed; boundary================2102783098==
      User-Agent:
      - azsdk-python-storage-blob/12.8.0 Python/3.8.5 (Windows-10-10.0.19041-SP0)
      x-ms-date:
      - Wed, 03 Mar 2021 01:21:10 GMT
      x-ms-version:
      - '2020-06-12'
    method: POST
    uri: https://storagename.blob.core.windows.net/containera687174a?restype=container&comp=batch
  response:
    body:
      string: "--batchresponse_3d06f4bf-a644-4b7a-b809-0bae8d16654d\r\nContent-Type:
        application/http\r\nContent-ID: 0\r\n\r\nHTTP/1.1 200 OK\r\nx-ms-request-id:
        859a0fe2-f01e-006e-2ccb-0f06db1ecdec\r\nx-ms-version: 2020-06-12\r\nx-ms-client-request-id:
        bcb20e13-7bbe-11eb-9ec5-c8348e5fffbf\r\nServer: Windows-Azure-Blob/1.0\r\n\r\n--batchresponse_3d06f4bf-a644-4b7a-b809-0bae8d16654d\r\nContent-Type:
        application/http\r\nContent-ID: 1\r\n\r\nHTTP/1.1 200 OK\r\nx-ms-request-id:
        859a0fe2-f01e-006e-2ccb-0f06db1ece0d\r\nx-ms-version: 2020-06-12\r\nx-ms-client-request-id:
        bcb20e14-7bbe-11eb-971a-c8348e5fffbf\r\nServer: Windows-Azure-Blob/1.0\r\n\r\n--batchresponse_3d06f4bf-a644-4b7a-b809-0bae8d16654d\r\nContent-Type:
        application/http\r\nContent-ID: 2\r\n\r\nHTTP/1.1 200 OK\r\nx-ms-request-id:
        859a0fe2-f01e-006e-2ccb-0f06db1ece0e\r\nx-ms-version: 2020-06-12\r\nx-ms-client-request-id:
        bcb20e15-7bbe-11eb-b693-c8348e5fffbf\r\nServer: Windows-Azure-Blob/1.0\r\n\r\n--batchresponse_3d06f4bf-a644-4b7a-b809-0bae8d16654d--"
    headers:
      content-type:
      - multipart/mixed; boundary=batchresponse_3d06f4bf-a644-4b7a-b809-0bae8d16654d
      date:
      - Wed, 03 Mar 2021 01:21:10 GMT
      server:
      - Windows-Azure-Blob/1.0 Microsoft-HTTPAPI/2.0
      transfer-encoding:
      - chunked
      x-ms-version:
      - '2020-06-12'
    status:
      code: 202
      message: Accepted
- request:
    body: null
    headers:
      Accept:
      - application/xml
      Accept-Encoding:
      - gzip, deflate
      Connection:
      - keep-alive
      User-Agent:
      - azsdk-python-storage-blob/12.8.0 Python/3.8.5 (Windows-10-10.0.19041-SP0)
      x-ms-date:
      - Wed, 03 Mar 2021 01:21:11 GMT
      x-ms-encryption-algorithm:
      - AES256
      x-ms-version:
      - '2020-06-12'
    method: HEAD
    uri: https://storagename.blob.core.windows.net/containera687174a/blob1
  response:
    body:
      string: ''
    headers:
      accept-ranges:
      - bytes
      content-length:
      - '11'
      content-md5:
      - XrY7u+Ae7tCTyyK7j1rNww==
      content-type:
      - application/octet-stream
      date:
      - Wed, 03 Mar 2021 01:21:10 GMT
      etag:
      - '"0x8D8DDE2A05B1E21"'
      last-modified:
      - Wed, 03 Mar 2021 01:21:09 GMT
      server:
      - Windows-Azure-Blob/1.0 Microsoft-HTTPAPI/2.0
      vary:
      - Origin
      x-ms-access-tier:
      - Archive
      x-ms-access-tier-change-time:
      - Wed, 03 Mar 2021 01:21:10 GMT
      x-ms-blob-type:
      - BlockBlob
      x-ms-creation-time:
      - Wed, 03 Mar 2021 01:21:09 GMT
      x-ms-lease-state:
      - available
      x-ms-lease-status:
      - unlocked
      x-ms-server-encrypted:
      - 'true'
      x-ms-version:
      - '2020-06-12'
    status:
      code: 200
      message: OK
- request:
    body: "--===============0112412341==\r\nContent-Type: application/http\r\nContent-Transfer-Encoding:
      binary\r\nContent-ID: 0\r\n\r\nDELETE /containera687174a/blob1? HTTP/1.1\r\nx-ms-date:
      Wed, 03 Mar 2021 01:21:11 GMT\r\nx-ms-client-request-id: bd5f0c51-7bbe-11eb-8a34-c8348e5fffbf\r\nAuthorization:
      SharedKey storagename:fake_shared_key=\r\n\r\n\r\n--===============0112412341==\r\nContent-Type:
      application/http\r\nContent-Transfer-Encoding: binary\r\nContent-ID: 1\r\n\r\nDELETE
      /containera687174a/blob2? HTTP/1.1\r\nx-ms-date: Wed, 03 Mar 2021 01:21:11 GMT\r\nx-ms-client-request-id:
      bd5f212d-7bbe-11eb-8578-c8348e5fffbf\r\nAuthorization: SharedKey storagename:fake_shared_key=\r\n\r\n\r\n--===============0112412341==\r\nContent-Type:
      application/http\r\nContent-Transfer-Encoding: binary\r\nContent-ID: 2\r\n\r\nDELETE
      /containera687174a/blob3? HTTP/1.1\r\nx-ms-date: Wed, 03 Mar 2021 01:21:11 GMT\r\nx-ms-client-request-id:
      bd5f212e-7bbe-11eb-9958-c8348e5fffbf\r\nAuthorization: SharedKey storagename:fake_shared_key=\r\n\r\n\r\n--===============0112412341==--\r\n"
    headers:
      Accept:
      - '*/*'
      Accept-Encoding:
      - gzip, deflate
      Connection:
      - keep-alive
      Content-Length:
      - '1083'
      Content-Type:
      - multipart/mixed; boundary================0112412341==
      User-Agent:
      - azsdk-python-storage-blob/12.8.0 Python/3.8.5 (Windows-10-10.0.19041-SP0)
      x-ms-date:
      - Wed, 03 Mar 2021 01:21:11 GMT
      x-ms-version:
      - '2020-06-12'
    method: POST
    uri: https://storagename.blob.core.windows.net/containera687174a?restype=container&comp=batch
  response:
    body:
      string: "--batchresponse_8c08f709-201b-4b67-823f-014556bbe482\r\nContent-Type:
        application/http\r\nContent-ID: 0\r\n\r\nHTTP/1.1 202 Accepted\r\nx-ms-delete-type-permanent:
        true\r\nx-ms-request-id: 859a1238-f01e-006e-2fcb-0f06db1ece16\r\nx-ms-version:
        2020-06-12\r\nx-ms-client-request-id: bd5f0c51-7bbe-11eb-8a34-c8348e5fffbf\r\nServer:
        Windows-Azure-Blob/1.0\r\n\r\n--batchresponse_8c08f709-201b-4b67-823f-014556bbe482\r\nContent-Type:
        application/http\r\nContent-ID: 1\r\n\r\nHTTP/1.1 202 Accepted\r\nx-ms-delete-type-permanent:
        true\r\nx-ms-request-id: 859a1238-f01e-006e-2fcb-0f06db1ece17\r\nx-ms-version:
        2020-06-12\r\nx-ms-client-request-id: bd5f212d-7bbe-11eb-8578-c8348e5fffbf\r\nServer:
        Windows-Azure-Blob/1.0\r\n\r\n--batchresponse_8c08f709-201b-4b67-823f-014556bbe482\r\nContent-Type:
        application/http\r\nContent-ID: 2\r\n\r\nHTTP/1.1 202 Accepted\r\nx-ms-delete-type-permanent:
        true\r\nx-ms-request-id: 859a1238-f01e-006e-2fcb-0f06db1ece18\r\nx-ms-version:
        2020-06-12\r\nx-ms-client-request-id: bd5f212e-7bbe-11eb-9958-c8348e5fffbf\r\nServer:
        Windows-Azure-Blob/1.0\r\n\r\n--batchresponse_8c08f709-201b-4b67-823f-014556bbe482--"
    headers:
      content-type:
      - multipart/mixed; boundary=batchresponse_8c08f709-201b-4b67-823f-014556bbe482
      date:
      - Wed, 03 Mar 2021 01:21:10 GMT
      server:
      - Windows-Azure-Blob/1.0 Microsoft-HTTPAPI/2.0
      transfer-encoding:
      - chunked
      x-ms-version:
      - '2020-06-12'
    status:
      code: 202
      message: Accepted
- request:
    body: hello world
    headers:
      Accept:
      - application/xml
      Accept-Encoding:
      - gzip, deflate
      Connection:
      - keep-alive
      Content-Length:
      - '11'
      Content-Type:
      - application/octet-stream
      If-None-Match:
      - '*'
      User-Agent:
      - azsdk-python-storage-blob/12.8.0 Python/3.8.5 (Windows-10-10.0.19041-SP0)
      x-ms-blob-type:
      - BlockBlob
      x-ms-date:
      - Wed, 03 Mar 2021 01:21:11 GMT
      x-ms-encryption-algorithm:
      - AES256
      x-ms-version:
      - '2020-06-12'
    method: PUT
    uri: https://storagename.blob.core.windows.net/containera687174a/blob1
  response:
    body:
      string: ''
    headers:
      content-length:
      - '0'
      content-md5:
      - XrY7u+Ae7tCTyyK7j1rNww==
      date:
      - Wed, 03 Mar 2021 01:21:10 GMT
      etag:
      - '"0x8D8DDE2A1493A4A"'
      last-modified:
      - Wed, 03 Mar 2021 01:21:11 GMT
      server:
      - Windows-Azure-Blob/1.0 Microsoft-HTTPAPI/2.0
      x-ms-content-crc64:
      - vo7q9sPVKY0=
      x-ms-request-server-encrypted:
      - 'true'
      x-ms-version:
      - '2020-06-12'
    status:
      code: 201
      message: Created
- request:
    body: hello world
    headers:
      Accept:
      - application/xml
      Accept-Encoding:
      - gzip, deflate
      Connection:
      - keep-alive
      Content-Length:
      - '11'
      Content-Type:
      - application/octet-stream
      If-None-Match:
      - '*'
      User-Agent:
      - azsdk-python-storage-blob/12.8.0 Python/3.8.5 (Windows-10-10.0.19041-SP0)
      x-ms-blob-type:
      - BlockBlob
      x-ms-date:
      - Wed, 03 Mar 2021 01:21:11 GMT
      x-ms-encryption-algorithm:
      - AES256
      x-ms-version:
      - '2020-06-12'
    method: PUT
    uri: https://storagename.blob.core.windows.net/containera687174a/blob2
  response:
    body:
      string: ''
    headers:
      content-length:
      - '0'
      content-md5:
      - XrY7u+Ae7tCTyyK7j1rNww==
      date:
      - Wed, 03 Mar 2021 01:21:10 GMT
      etag:
      - '"0x8D8DDE2A15635BB"'
      last-modified:
      - Wed, 03 Mar 2021 01:21:11 GMT
      server:
      - Windows-Azure-Blob/1.0 Microsoft-HTTPAPI/2.0
      x-ms-content-crc64:
      - vo7q9sPVKY0=
      x-ms-request-server-encrypted:
      - 'true'
      x-ms-version:
      - '2020-06-12'
    status:
      code: 201
      message: Created
- request:
    body: hello world
    headers:
      Accept:
      - application/xml
      Accept-Encoding:
      - gzip, deflate
      Connection:
      - keep-alive
      Content-Length:
      - '11'
      Content-Type:
      - application/octet-stream
      If-None-Match:
      - '*'
      User-Agent:
      - azsdk-python-storage-blob/12.8.0 Python/3.8.5 (Windows-10-10.0.19041-SP0)
      x-ms-blob-type:
      - BlockBlob
      x-ms-date:
      - Wed, 03 Mar 2021 01:21:11 GMT
      x-ms-encryption-algorithm:
      - AES256
      x-ms-version:
      - '2020-06-12'
    method: PUT
    uri: https://storagename.blob.core.windows.net/containera687174a/blob3
  response:
    body:
      string: ''
    headers:
      content-length:
      - '0'
      content-md5:
      - XrY7u+Ae7tCTyyK7j1rNww==
      date:
      - Wed, 03 Mar 2021 01:21:10 GMT
      etag:
      - '"0x8D8DDE2A163CD97"'
      last-modified:
      - Wed, 03 Mar 2021 01:21:11 GMT
      server:
      - Windows-Azure-Blob/1.0 Microsoft-HTTPAPI/2.0
      x-ms-content-crc64:
      - vo7q9sPVKY0=
      x-ms-request-server-encrypted:
      - 'true'
      x-ms-version:
      - '2020-06-12'
    status:
      code: 201
      message: Created
- request:
    body: null
    headers:
      Accept:
      - application/xml
      Accept-Encoding:
      - gzip, deflate
      Connection:
      - keep-alive
      User-Agent:
      - azsdk-python-storage-blob/12.8.0 Python/3.8.5 (Windows-10-10.0.19041-SP0)
      x-ms-date:
      - Wed, 03 Mar 2021 01:21:11 GMT
      x-ms-encryption-algorithm:
      - AES256
      x-ms-version:
      - '2020-06-12'
    method: HEAD
    uri: https://storagename.blob.core.windows.net/containera687174a/blob1
  response:
    body:
      string: ''
    headers:
      accept-ranges:
      - bytes
      content-length:
      - '11'
      content-md5:
      - XrY7u+Ae7tCTyyK7j1rNww==
      content-type:
      - application/octet-stream
      date:
      - Wed, 03 Mar 2021 01:21:11 GMT
      etag:
      - '"0x8D8DDE2A1493A4A"'
      last-modified:
      - Wed, 03 Mar 2021 01:21:11 GMT
      server:
      - Windows-Azure-Blob/1.0 Microsoft-HTTPAPI/2.0
      vary:
      - Origin
      x-ms-access-tier:
      - Hot
      x-ms-access-tier-inferred:
      - 'true'
      x-ms-blob-type:
      - BlockBlob
      x-ms-creation-time:
      - Wed, 03 Mar 2021 01:21:11 GMT
      x-ms-lease-state:
      - available
      x-ms-lease-status:
      - unlocked
      x-ms-server-encrypted:
      - 'true'
      x-ms-version:
      - '2020-06-12'
    status:
      code: 200
      message: OK
- request:
    body: "--===============0200280524==\r\nContent-Type: application/http\r\nContent-Transfer-Encoding:
      binary\r\nContent-ID: 0\r\n\r\nPUT /containera687174a/blob1?comp=tier HTTP/1.1\r\nContent-Length:
      0\r\nx-ms-access-tier: Cool\r\nx-ms-date: Wed, 03 Mar 2021 01:21:12 GMT\r\nx-ms-client-request-id:
      bda93479-7bbe-11eb-b618-c8348e5fffbf\r\nAuthorization: SharedKey storagename:fake_shared_key=\r\n\r\n\r\n--===============0200280524==\r\nContent-Type:
      application/http\r\nContent-Transfer-Encoding: binary\r\nContent-ID: 1\r\n\r\nPUT
      /containera687174a/blob2?comp=tier HTTP/1.1\r\nContent-Length: 0\r\nx-ms-access-tier:
      Cool\r\nx-ms-date: Wed, 03 Mar 2021 01:21:12 GMT\r\nx-ms-client-request-id:
      bda95b8a-7bbe-11eb-9c93-c8348e5fffbf\r\nAuthorization: SharedKey storagename:fake_shared_key=\r\n\r\n\r\n--===============0200280524==\r\nContent-Type:
      application/http\r\nContent-Transfer-Encoding: binary\r\nContent-ID: 2\r\n\r\nPUT
      /containera687174a/blob3?comp=tier HTTP/1.1\r\nContent-Length: 0\r\nx-ms-access-tier:
      Cool\r\nx-ms-date: Wed, 03 Mar 2021 01:21:12 GMT\r\nx-ms-client-request-id:
      bda95b8b-7bbe-11eb-b4fa-c8348e5fffbf\r\nAuthorization: SharedKey storagename:fake_shared_key=\r\n\r\n\r\n--===============0200280524==--\r\n"
    headers:
      Accept:
      - '*/*'
      Accept-Encoding:
      - gzip, deflate
      Connection:
      - keep-alive
      Content-Length:
      - '1230'
      Content-Type:
      - multipart/mixed; boundary================0200280524==
      User-Agent:
      - azsdk-python-storage-blob/12.8.0 Python/3.8.5 (Windows-10-10.0.19041-SP0)
      x-ms-date:
      - Wed, 03 Mar 2021 01:21:12 GMT
      x-ms-version:
      - '2020-06-12'
    method: POST
    uri: https://storagename.blob.core.windows.net/containera687174a?restype=container&comp=batch
  response:
    body:
      string: "--batchresponse_a017765f-658f-4a9d-ae7a-a773322e757c\r\nContent-Type:
        application/http\r\nContent-ID: 0\r\n\r\nHTTP/1.1 200 OK\r\nx-ms-request-id:
        859a1357-f01e-006e-2ecb-0f06db1ece27\r\nx-ms-version: 2020-06-12\r\nx-ms-client-request-id:
        bda93479-7bbe-11eb-b618-c8348e5fffbf\r\nServer: Windows-Azure-Blob/1.0\r\n\r\n--batchresponse_a017765f-658f-4a9d-ae7a-a773322e757c\r\nContent-Type:
        application/http\r\nContent-ID: 1\r\n\r\nHTTP/1.1 200 OK\r\nx-ms-request-id:
        859a1357-f01e-006e-2ecb-0f06db1ece28\r\nx-ms-version: 2020-06-12\r\nx-ms-client-request-id:
        bda95b8a-7bbe-11eb-9c93-c8348e5fffbf\r\nServer: Windows-Azure-Blob/1.0\r\n\r\n--batchresponse_a017765f-658f-4a9d-ae7a-a773322e757c\r\nContent-Type:
        application/http\r\nContent-ID: 2\r\n\r\nHTTP/1.1 200 OK\r\nx-ms-request-id:
        859a1357-f01e-006e-2ecb-0f06db1ece29\r\nx-ms-version: 2020-06-12\r\nx-ms-client-request-id:
        bda95b8b-7bbe-11eb-b4fa-c8348e5fffbf\r\nServer: Windows-Azure-Blob/1.0\r\n\r\n--batchresponse_a017765f-658f-4a9d-ae7a-a773322e757c--"
    headers:
      content-type:
      - multipart/mixed; boundary=batchresponse_a017765f-658f-4a9d-ae7a-a773322e757c
      date:
      - Wed, 03 Mar 2021 01:21:11 GMT
      server:
      - Windows-Azure-Blob/1.0 Microsoft-HTTPAPI/2.0
      transfer-encoding:
      - chunked
      x-ms-version:
      - '2020-06-12'
    status:
      code: 202
      message: Accepted
- request:
    body: null
    headers:
      Accept:
      - application/xml
      Accept-Encoding:
      - gzip, deflate
      Connection:
      - keep-alive
      User-Agent:
      - azsdk-python-storage-blob/12.8.0 Python/3.8.5 (Windows-10-10.0.19041-SP0)
      x-ms-date:
      - Wed, 03 Mar 2021 01:21:12 GMT
      x-ms-encryption-algorithm:
      - AES256
      x-ms-version:
      - '2020-06-12'
    method: HEAD
    uri: https://storagename.blob.core.windows.net/containera687174a/blob1
  response:
    body:
      string: ''
    headers:
      accept-ranges:
      - bytes
      content-length:
      - '11'
      content-md5:
      - XrY7u+Ae7tCTyyK7j1rNww==
      content-type:
      - application/octet-stream
      date:
      - Wed, 03 Mar 2021 01:21:11 GMT
      etag:
      - '"0x8D8DDE2A1493A4A"'
      last-modified:
      - Wed, 03 Mar 2021 01:21:11 GMT
      server:
      - Windows-Azure-Blob/1.0 Microsoft-HTTPAPI/2.0
      vary:
      - Origin
      x-ms-access-tier:
      - Cool
      x-ms-access-tier-change-time:
      - Wed, 03 Mar 2021 01:21:11 GMT
      x-ms-blob-type:
      - BlockBlob
      x-ms-creation-time:
      - Wed, 03 Mar 2021 01:21:11 GMT
      x-ms-lease-state:
      - available
      x-ms-lease-status:
      - unlocked
      x-ms-server-encrypted:
      - 'true'
      x-ms-version:
      - '2020-06-12'
    status:
      code: 200
      message: OK
- request:
    body: "--===============0337533341==\r\nContent-Type: application/http\r\nContent-Transfer-Encoding:
      binary\r\nContent-ID: 0\r\n\r\nDELETE /containera687174a/blob1? HTTP/1.1\r\nx-ms-date:
      Wed, 03 Mar 2021 01:21:12 GMT\r\nx-ms-client-request-id: bdc1b315-7bbe-11eb-93d0-c8348e5fffbf\r\nAuthorization:
      SharedKey storagename:fake_shared_key=\r\n\r\n\r\n--===============0337533341==\r\nContent-Type:
      application/http\r\nContent-Transfer-Encoding: binary\r\nContent-ID: 1\r\n\r\nDELETE
      /containera687174a/blob2? HTTP/1.1\r\nx-ms-date: Wed, 03 Mar 2021 01:21:12 GMT\r\nx-ms-client-request-id:
      bdc1b316-7bbe-11eb-b530-c8348e5fffbf\r\nAuthorization: SharedKey storagename:fake_shared_key=\r\n\r\n\r\n--===============0337533341==\r\nContent-Type:
      application/http\r\nContent-Transfer-Encoding: binary\r\nContent-ID: 2\r\n\r\nDELETE
      /containera687174a/blob3? HTTP/1.1\r\nx-ms-date: Wed, 03 Mar 2021 01:21:12 GMT\r\nx-ms-client-request-id:
      bdc1b317-7bbe-11eb-a58d-c8348e5fffbf\r\nAuthorization: SharedKey storagename:fake_shared_key=\r\n\r\n\r\n--===============0337533341==--\r\n"
    headers:
      Accept:
      - '*/*'
      Accept-Encoding:
      - gzip, deflate
      Connection:
      - keep-alive
      Content-Length:
      - '1083'
      Content-Type:
      - multipart/mixed; boundary================0337533341==
      User-Agent:
      - azsdk-python-storage-blob/12.8.0 Python/3.8.5 (Windows-10-10.0.19041-SP0)
      x-ms-date:
      - Wed, 03 Mar 2021 01:21:12 GMT
      x-ms-version:
      - '2020-06-12'
    method: POST
    uri: https://storagename.blob.core.windows.net/containera687174a?restype=container&comp=batch
  response:
    body:
      string: "--batchresponse_6a89988a-fa79-4abf-8a02-993483e8cf9c\r\nContent-Type:
        application/http\r\nContent-ID: 0\r\n\r\nHTTP/1.1 202 Accepted\r\nx-ms-delete-type-permanent:
        true\r\nx-ms-request-id: 859a13a7-f01e-006e-76cb-0f06db1ece2f\r\nx-ms-version:
        2020-06-12\r\nx-ms-client-request-id: bdc1b315-7bbe-11eb-93d0-c8348e5fffbf\r\nServer:
        Windows-Azure-Blob/1.0\r\n\r\n--batchresponse_6a89988a-fa79-4abf-8a02-993483e8cf9c\r\nContent-Type:
        application/http\r\nContent-ID: 1\r\n\r\nHTTP/1.1 202 Accepted\r\nx-ms-delete-type-permanent:
        true\r\nx-ms-request-id: 859a13a7-f01e-006e-76cb-0f06db1ece30\r\nx-ms-version:
        2020-06-12\r\nx-ms-client-request-id: bdc1b316-7bbe-11eb-b530-c8348e5fffbf\r\nServer:
        Windows-Azure-Blob/1.0\r\n\r\n--batchresponse_6a89988a-fa79-4abf-8a02-993483e8cf9c\r\nContent-Type:
        application/http\r\nContent-ID: 2\r\n\r\nHTTP/1.1 202 Accepted\r\nx-ms-delete-type-permanent:
        true\r\nx-ms-request-id: 859a13a7-f01e-006e-76cb-0f06db1ece31\r\nx-ms-version:
        2020-06-12\r\nx-ms-client-request-id: bdc1b317-7bbe-11eb-a58d-c8348e5fffbf\r\nServer:
        Windows-Azure-Blob/1.0\r\n\r\n--batchresponse_6a89988a-fa79-4abf-8a02-993483e8cf9c--"
    headers:
      content-type:
      - multipart/mixed; boundary=batchresponse_6a89988a-fa79-4abf-8a02-993483e8cf9c
      date:
      - Wed, 03 Mar 2021 01:21:11 GMT
      server:
      - Windows-Azure-Blob/1.0 Microsoft-HTTPAPI/2.0
      transfer-encoding:
      - chunked
      x-ms-version:
      - '2020-06-12'
    status:
      code: 202
      message: Accepted
- request:
    body: hello world
    headers:
      Accept:
      - application/xml
      Accept-Encoding:
      - gzip, deflate
      Connection:
      - keep-alive
      Content-Length:
      - '11'
      Content-Type:
      - application/octet-stream
      If-None-Match:
      - '*'
      User-Agent:
      - azsdk-python-storage-blob/12.8.0 Python/3.8.5 (Windows-10-10.0.19041-SP0)
      x-ms-blob-type:
      - BlockBlob
      x-ms-date:
      - Wed, 03 Mar 2021 01:21:12 GMT
      x-ms-encryption-algorithm:
      - AES256
      x-ms-version:
      - '2020-06-12'
    method: PUT
    uri: https://storagename.blob.core.windows.net/containera687174a/blob1
  response:
    body:
      string: ''
    headers:
      content-length:
      - '0'
      content-md5:
      - XrY7u+Ae7tCTyyK7j1rNww==
      date:
      - Wed, 03 Mar 2021 01:21:11 GMT
      etag:
      - '"0x8D8DDE2A1AB482E"'
      last-modified:
      - Wed, 03 Mar 2021 01:21:11 GMT
      server:
      - Windows-Azure-Blob/1.0 Microsoft-HTTPAPI/2.0
      x-ms-content-crc64:
      - vo7q9sPVKY0=
      x-ms-request-server-encrypted:
      - 'true'
      x-ms-version:
      - '2020-06-12'
    status:
      code: 201
      message: Created
- request:
    body: hello world
    headers:
      Accept:
      - application/xml
      Accept-Encoding:
      - gzip, deflate
      Connection:
      - keep-alive
      Content-Length:
      - '11'
      Content-Type:
      - application/octet-stream
      If-None-Match:
      - '*'
      User-Agent:
      - azsdk-python-storage-blob/12.8.0 Python/3.8.5 (Windows-10-10.0.19041-SP0)
      x-ms-blob-type:
      - BlockBlob
      x-ms-date:
      - Wed, 03 Mar 2021 01:21:12 GMT
      x-ms-encryption-algorithm:
      - AES256
      x-ms-version:
      - '2020-06-12'
    method: PUT
    uri: https://storagename.blob.core.windows.net/containera687174a/blob2
  response:
    body:
      string: ''
    headers:
      content-length:
      - '0'
      content-md5:
      - XrY7u+Ae7tCTyyK7j1rNww==
      date:
      - Wed, 03 Mar 2021 01:21:11 GMT
      etag:
      - '"0x8D8DDE2A1B50E88"'
      last-modified:
      - Wed, 03 Mar 2021 01:21:11 GMT
      server:
      - Windows-Azure-Blob/1.0 Microsoft-HTTPAPI/2.0
      x-ms-content-crc64:
      - vo7q9sPVKY0=
      x-ms-request-server-encrypted:
      - 'true'
      x-ms-version:
      - '2020-06-12'
    status:
      code: 201
      message: Created
- request:
    body: hello world
    headers:
      Accept:
      - application/xml
      Accept-Encoding:
      - gzip, deflate
      Connection:
      - keep-alive
      Content-Length:
      - '11'
      Content-Type:
      - application/octet-stream
      If-None-Match:
      - '*'
      User-Agent:
      - azsdk-python-storage-blob/12.8.0 Python/3.8.5 (Windows-10-10.0.19041-SP0)
      x-ms-blob-type:
      - BlockBlob
      x-ms-date:
      - Wed, 03 Mar 2021 01:21:12 GMT
      x-ms-encryption-algorithm:
      - AES256
      x-ms-version:
      - '2020-06-12'
    method: PUT
    uri: https://storagename.blob.core.windows.net/containera687174a/blob3
  response:
    body:
      string: ''
    headers:
      content-length:
      - '0'
      content-md5:
      - XrY7u+Ae7tCTyyK7j1rNww==
      date:
      - Wed, 03 Mar 2021 01:21:11 GMT
      etag:
      - '"0x8D8DDE2A1BED4E6"'
      last-modified:
      - Wed, 03 Mar 2021 01:21:11 GMT
      server:
      - Windows-Azure-Blob/1.0 Microsoft-HTTPAPI/2.0
      x-ms-content-crc64:
      - vo7q9sPVKY0=
      x-ms-request-server-encrypted:
      - 'true'
      x-ms-version:
      - '2020-06-12'
    status:
      code: 201
      message: Created
- request:
    body: null
    headers:
      Accept:
      - application/xml
      Accept-Encoding:
      - gzip, deflate
      Connection:
      - keep-alive
      User-Agent:
      - azsdk-python-storage-blob/12.8.0 Python/3.8.5 (Windows-10-10.0.19041-SP0)
      x-ms-date:
      - Wed, 03 Mar 2021 01:21:12 GMT
      x-ms-encryption-algorithm:
      - AES256
      x-ms-version:
      - '2020-06-12'
    method: HEAD
    uri: https://storagename.blob.core.windows.net/containera687174a/blob1
  response:
    body:
      string: ''
    headers:
      accept-ranges:
      - bytes
      content-length:
      - '11'
      content-md5:
      - XrY7u+Ae7tCTyyK7j1rNww==
      content-type:
      - application/octet-stream
      date:
      - Wed, 03 Mar 2021 01:21:11 GMT
      etag:
      - '"0x8D8DDE2A1AB482E"'
      last-modified:
      - Wed, 03 Mar 2021 01:21:11 GMT
      server:
      - Windows-Azure-Blob/1.0 Microsoft-HTTPAPI/2.0
      vary:
      - Origin
      x-ms-access-tier:
      - Hot
      x-ms-access-tier-inferred:
      - 'true'
      x-ms-blob-type:
      - BlockBlob
      x-ms-creation-time:
      - Wed, 03 Mar 2021 01:21:11 GMT
      x-ms-lease-state:
      - available
      x-ms-lease-status:
      - unlocked
      x-ms-server-encrypted:
      - 'true'
      x-ms-version:
      - '2020-06-12'
    status:
      code: 200
      message: OK
- request:
    body: "--===============2111109274==\r\nContent-Type: application/http\r\nContent-Transfer-Encoding:
      binary\r\nContent-ID: 0\r\n\r\nPUT /containera687174a/blob1?comp=tier HTTP/1.1\r\nContent-Length:
      0\r\nx-ms-access-tier: Hot\r\nx-ms-date: Wed, 03 Mar 2021 01:21:12 GMT\r\nx-ms-client-request-id:
      bdf92139-7bbe-11eb-9c2c-c8348e5fffbf\r\nAuthorization: SharedKey storagename:fake_shared_key=\r\n\r\n\r\n--===============2111109274==\r\nContent-Type:
      application/http\r\nContent-Transfer-Encoding: binary\r\nContent-ID: 1\r\n\r\nPUT
      /containera687174a/blob2?comp=tier HTTP/1.1\r\nContent-Length: 0\r\nx-ms-access-tier:
      Hot\r\nx-ms-date: Wed, 03 Mar 2021 01:21:12 GMT\r\nx-ms-client-request-id: bdf94843-7bbe-11eb-850b-c8348e5fffbf\r\nAuthorization:
      SharedKey storagename:fake_shared_key=\r\n\r\n\r\n--===============2111109274==\r\nContent-Type:
      application/http\r\nContent-Transfer-Encoding: binary\r\nContent-ID: 2\r\n\r\nPUT
      /containera687174a/blob3?comp=tier HTTP/1.1\r\nContent-Length: 0\r\nx-ms-access-tier:
      Hot\r\nx-ms-date: Wed, 03 Mar 2021 01:21:12 GMT\r\nx-ms-client-request-id: bdf94844-7bbe-11eb-9d50-c8348e5fffbf\r\nAuthorization:
      SharedKey storagename:fake_shared_key=\r\n\r\n\r\n--===============2111109274==--\r\n"
    headers:
      Accept:
      - '*/*'
      Accept-Encoding:
      - gzip, deflate
      Connection:
      - keep-alive
      Content-Length:
      - '1227'
      Content-Type:
      - multipart/mixed; boundary================2111109274==
      User-Agent:
      - azsdk-python-storage-blob/12.8.0 Python/3.8.5 (Windows-10-10.0.19041-SP0)
      x-ms-date:
      - Wed, 03 Mar 2021 01:21:12 GMT
      x-ms-version:
      - '2020-06-12'
    method: POST
    uri: https://storagename.blob.core.windows.net/containera687174a?restype=container&comp=batch
  response:
    body:
      string: "--batchresponse_84fcdc32-00c5-46d0-a81d-7d7e91a53bc7\r\nContent-Type:
        application/http\r\nContent-ID: 0\r\n\r\nHTTP/1.1 200 OK\r\nx-ms-request-id:
        859a1487-f01e-006e-43cb-0f06db1ece3a\r\nx-ms-version: 2020-06-12\r\nx-ms-client-request-id:
        bdf92139-7bbe-11eb-9c2c-c8348e5fffbf\r\nServer: Windows-Azure-Blob/1.0\r\n\r\n--batchresponse_84fcdc32-00c5-46d0-a81d-7d7e91a53bc7\r\nContent-Type:
        application/http\r\nContent-ID: 1\r\n\r\nHTTP/1.1 200 OK\r\nx-ms-request-id:
        859a1487-f01e-006e-43cb-0f06db1ece3b\r\nx-ms-version: 2020-06-12\r\nx-ms-client-request-id:
        bdf94843-7bbe-11eb-850b-c8348e5fffbf\r\nServer: Windows-Azure-Blob/1.0\r\n\r\n--batchresponse_84fcdc32-00c5-46d0-a81d-7d7e91a53bc7\r\nContent-Type:
        application/http\r\nContent-ID: 2\r\n\r\nHTTP/1.1 200 OK\r\nx-ms-request-id:
        859a1487-f01e-006e-43cb-0f06db1ece3c\r\nx-ms-version: 2020-06-12\r\nx-ms-client-request-id:
        bdf94844-7bbe-11eb-9d50-c8348e5fffbf\r\nServer: Windows-Azure-Blob/1.0\r\n\r\n--batchresponse_84fcdc32-00c5-46d0-a81d-7d7e91a53bc7--"
    headers:
      content-type:
      - multipart/mixed; boundary=batchresponse_84fcdc32-00c5-46d0-a81d-7d7e91a53bc7
      date:
      - Wed, 03 Mar 2021 01:21:11 GMT
      server:
      - Windows-Azure-Blob/1.0 Microsoft-HTTPAPI/2.0
      transfer-encoding:
      - chunked
      x-ms-version:
      - '2020-06-12'
    status:
      code: 202
      message: Accepted
- request:
    body: null
    headers:
      Accept:
      - application/xml
      Accept-Encoding:
      - gzip, deflate
      Connection:
      - keep-alive
      User-Agent:
      - azsdk-python-storage-blob/12.8.0 Python/3.8.5 (Windows-10-10.0.19041-SP0)
      x-ms-date:
      - Wed, 03 Mar 2021 01:21:12 GMT
      x-ms-encryption-algorithm:
      - AES256
      x-ms-version:
      - '2020-06-12'
    method: HEAD
    uri: https://storagename.blob.core.windows.net/containera687174a/blob1
  response:
    body:
      string: ''
    headers:
      accept-ranges:
      - bytes
      content-length:
      - '11'
      content-md5:
      - XrY7u+Ae7tCTyyK7j1rNww==
      content-type:
      - application/octet-stream
      date:
      - Wed, 03 Mar 2021 01:21:11 GMT
      etag:
      - '"0x8D8DDE2A1AB482E"'
      last-modified:
      - Wed, 03 Mar 2021 01:21:11 GMT
      server:
      - Windows-Azure-Blob/1.0 Microsoft-HTTPAPI/2.0
      vary:
      - Origin
      x-ms-access-tier:
      - Hot
      x-ms-access-tier-change-time:
      - Wed, 03 Mar 2021 01:21:12 GMT
      x-ms-blob-type:
      - BlockBlob
      x-ms-creation-time:
      - Wed, 03 Mar 2021 01:21:11 GMT
      x-ms-lease-state:
      - available
      x-ms-lease-status:
      - unlocked
      x-ms-server-encrypted:
      - 'true'
      x-ms-version:
      - '2020-06-12'
    status:
      code: 200
      message: OK
- request:
    body: "--===============0917688996==\r\nContent-Type: application/http\r\nContent-Transfer-Encoding:
      binary\r\nContent-ID: 0\r\n\r\nDELETE /containera687174a/blob1? HTTP/1.1\r\nx-ms-date:
      Wed, 03 Mar 2021 01:21:12 GMT\r\nx-ms-client-request-id: be0cceaa-7bbe-11eb-844d-c8348e5fffbf\r\nAuthorization:
      SharedKey storagename:fake_shared_key=\r\n\r\n\r\n--===============0917688996==\r\nContent-Type:
      application/http\r\nContent-Transfer-Encoding: binary\r\nContent-ID: 1\r\n\r\nDELETE
      /containera687174a/blob2? HTTP/1.1\r\nx-ms-date: Wed, 03 Mar 2021 01:21:12 GMT\r\nx-ms-client-request-id:
      be0cceab-7bbe-11eb-9608-c8348e5fffbf\r\nAuthorization: SharedKey storagename:fake_shared_key=\r\n\r\n\r\n--===============0917688996==\r\nContent-Type:
      application/http\r\nContent-Transfer-Encoding: binary\r\nContent-ID: 2\r\n\r\nDELETE
      /containera687174a/blob3? HTTP/1.1\r\nx-ms-date: Wed, 03 Mar 2021 01:21:12 GMT\r\nx-ms-client-request-id:
      be0cceac-7bbe-11eb-8869-c8348e5fffbf\r\nAuthorization: SharedKey storagename:fake_shared_key=\r\n\r\n\r\n--===============0917688996==--\r\n"
    headers:
      Accept:
      - '*/*'
      Accept-Encoding:
      - gzip, deflate
      Connection:
      - keep-alive
      Content-Length:
      - '1083'
      Content-Type:
      - multipart/mixed; boundary================0917688996==
      User-Agent:
      - azsdk-python-storage-blob/12.8.0 Python/3.8.5 (Windows-10-10.0.19041-SP0)
      x-ms-date:
      - Wed, 03 Mar 2021 01:21:12 GMT
      x-ms-version:
      - '2020-06-12'
    method: POST
    uri: https://storagename.blob.core.windows.net/containera687174a?restype=container&comp=batch
  response:
    body:
      string: "--batchresponse_e53c59cd-b70b-4e83-873c-13f7628ce97b\r\nContent-Type:
        application/http\r\nContent-ID: 0\r\n\r\nHTTP/1.1 202 Accepted\r\nx-ms-delete-type-permanent:
        true\r\nx-ms-request-id: 859a14e4-f01e-006e-17cb-0f06db1ece43\r\nx-ms-version:
        2020-06-12\r\nx-ms-client-request-id: be0cceaa-7bbe-11eb-844d-c8348e5fffbf\r\nServer:
        Windows-Azure-Blob/1.0\r\n\r\n--batchresponse_e53c59cd-b70b-4e83-873c-13f7628ce97b\r\nContent-Type:
        application/http\r\nContent-ID: 1\r\n\r\nHTTP/1.1 202 Accepted\r\nx-ms-delete-type-permanent:
        true\r\nx-ms-request-id: 859a14e4-f01e-006e-17cb-0f06db1ece44\r\nx-ms-version:
        2020-06-12\r\nx-ms-client-request-id: be0cceab-7bbe-11eb-9608-c8348e5fffbf\r\nServer:
        Windows-Azure-Blob/1.0\r\n\r\n--batchresponse_e53c59cd-b70b-4e83-873c-13f7628ce97b\r\nContent-Type:
        application/http\r\nContent-ID: 2\r\n\r\nHTTP/1.1 202 Accepted\r\nx-ms-delete-type-permanent:
        true\r\nx-ms-request-id: 859a14e4-f01e-006e-17cb-0f06db1ece45\r\nx-ms-version:
        2020-06-12\r\nx-ms-client-request-id: be0cceac-7bbe-11eb-8869-c8348e5fffbf\r\nServer:
        Windows-Azure-Blob/1.0\r\n\r\n--batchresponse_e53c59cd-b70b-4e83-873c-13f7628ce97b--"
    headers:
      content-type:
      - multipart/mixed; boundary=batchresponse_e53c59cd-b70b-4e83-873c-13f7628ce97b
      date:
      - Wed, 03 Mar 2021 01:21:11 GMT
      server:
      - Windows-Azure-Blob/1.0 Microsoft-HTTPAPI/2.0
      transfer-encoding:
      - chunked
      x-ms-version:
      - '2020-06-12'
    status:
      code: 202
      message: Accepted
version: 1
