{
  "Entries": [
    {
      "RequestUri": "https://storagename.blob.core.windows.net/utcontainerf2042bf5?restype=container",
      "RequestMethod": "PUT",
      "RequestHeaders": {
        "Accept": "application/xml",
        "Accept-Encoding": "gzip, deflate",
        "Connection": "keep-alive",
        "Content-Length": "0",
        "User-Agent": "azsdk-python-storage-blob/12.13.0 Python/3.10.5 (Windows-10-10.0.22000-SP0)",
        "x-ms-date": "Fri, 08 Jul 2022 00:02:54 GMT",
        "x-ms-version": "2021-08-06"
      },
      "RequestBody": null,
      "StatusCode": 201,
      "ResponseHeaders": {
        "Content-Length": "0",
        "Date": "Fri, 08 Jul 2022 00:02:53 GMT",
        "ETag": "\u00220x8DA6075354AD597\u0022",
        "Last-Modified": "Fri, 08 Jul 2022 00:02:54 GMT",
        "Server": [
          "Windows-Azure-Blob/1.0",
          "Microsoft-HTTPAPI/2.0"
        ],
        "x-ms-version": "2021-08-06"
      },
      "ResponseBody": null
    },
    {
      "RequestUri": "https://storagename.blob.core.windows.net/utcontainersourcef2042bf5?restype=container",
      "RequestMethod": "PUT",
      "RequestHeaders": {
        "Accept": "application/xml",
        "Accept-Encoding": "gzip, deflate",
        "Connection": "keep-alive",
        "Content-Length": "0",
        "User-Agent": "azsdk-python-storage-blob/12.13.0 Python/3.10.5 (Windows-10-10.0.22000-SP0)",
        "x-ms-date": "Fri, 08 Jul 2022 00:02:54 GMT",
        "x-ms-version": "2021-08-06"
      },
      "RequestBody": null,
      "StatusCode": 201,
      "ResponseHeaders": {
        "Content-Length": "0",
        "Date": "Fri, 08 Jul 2022 00:02:54 GMT",
        "ETag": "\u00220x8DA607535558267\u0022",
        "Last-Modified": "Fri, 08 Jul 2022 00:02:54 GMT",
        "Server": [
          "Windows-Azure-Blob/1.0",
          "Microsoft-HTTPAPI/2.0"
        ],
        "x-ms-version": "2021-08-06"
      },
      "ResponseBody": null
    },
    {
      "RequestUri": "https://storagename.blob.core.windows.net/utcontainerf2042bf5/blobf2042bf5",
      "RequestMethod": "PUT",
      "RequestHeaders": {
        "Accept": "application/xml",
        "Accept-Encoding": "gzip, deflate",
        "Connection": "keep-alive",
        "Content-Length": "0",
        "User-Agent": "azsdk-python-storage-blob/12.13.0 Python/3.10.5 (Windows-10-10.0.22000-SP0)",
        "x-ms-blob-type": "AppendBlob",
        "x-ms-date": "Fri, 08 Jul 2022 00:02:54 GMT",
        "x-ms-version": "2021-08-06"
      },
      "RequestBody": null,
      "StatusCode": 201,
      "ResponseHeaders": {
        "Content-Length": "0",
        "Date": "Fri, 08 Jul 2022 00:02:54 GMT",
        "ETag": "\u00220x8DA6075356057DF\u0022",
        "Last-Modified": "Fri, 08 Jul 2022 00:02:54 GMT",
        "Server": [
          "Windows-Azure-Blob/1.0",
          "Microsoft-HTTPAPI/2.0"
        ],
        "x-ms-request-server-encrypted": "true",
        "x-ms-version": "2021-08-06"
      },
      "ResponseBody": null
    },
    {
      "RequestUri": "https://storagename.blob.core.windows.net/utcontainerf2042bf5/blobf2042bf5?comp=appendblock",
      "RequestMethod": "PUT",
      "RequestHeaders": {
        "Accept": "application/xml",
        "Accept-Encoding": "gzip, deflate",
        "Connection": "keep-alive",
        "Content-Length": "27",
        "Content-Type": "application/octet-stream",
        "User-Agent": "azsdk-python-storage-blob/12.13.0 Python/3.10.5 (Windows-10-10.0.22000-SP0)",
        "x-ms-date": "Fri, 08 Jul 2022 00:02:55 GMT",
        "x-ms-version": "2021-08-06"
      },
      "RequestBody": "aGVsbG8g5ZWK6b2E5LiC54ub54ucIHdvcmxk",
      "StatusCode": 201,
      "ResponseHeaders": {
        "Content-Length": "0",
        "Date": "Fri, 08 Jul 2022 00:02:54 GMT",
        "ETag": "\u00220x8DA6075356B79CF\u0022",
        "Last-Modified": "Fri, 08 Jul 2022 00:02:55 GMT",
        "Server": [
          "Windows-Azure-Blob/1.0",
          "Microsoft-HTTPAPI/2.0"
        ],
        "x-ms-blob-append-offset": "0",
        "x-ms-blob-committed-block-count": "1",
        "x-ms-content-crc64": "UXe8nST0QoA=",
        "x-ms-request-server-encrypted": "true",
        "x-ms-version": "2021-08-06"
      },
      "ResponseBody": null
    },
    {
      "RequestUri": "https://storagename.blob.core.windows.net/utcontainerf2042bf5/blobf2042bf5",
      "RequestMethod": "HEAD",
      "RequestHeaders": {
        "Accept": "application/xml",
        "Accept-Encoding": "gzip, deflate",
        "Connection": "keep-alive",
        "User-Agent": "azsdk-python-storage-blob/12.13.0 Python/3.10.5 (Windows-10-10.0.22000-SP0)",
        "x-ms-date": "Fri, 08 Jul 2022 00:02:55 GMT",
        "x-ms-version": "2021-08-06"
      },
      "RequestBody": null,
      "StatusCode": 200,
      "ResponseHeaders": {
        "Accept-Ranges": "bytes",
        "Content-Length": "27",
        "Content-Type": "application/octet-stream",
        "Date": "Fri, 08 Jul 2022 00:02:54 GMT",
        "ETag": "\u00220x8DA6075356B79CF\u0022",
        "Last-Modified": "Fri, 08 Jul 2022 00:02:55 GMT",
        "Server": [
          "Windows-Azure-Blob/1.0",
          "Microsoft-HTTPAPI/2.0"
        ],
        "Vary": "Origin",
        "x-ms-blob-committed-block-count": "1",
        "x-ms-blob-type": "AppendBlob",
        "x-ms-creation-time": "Fri, 08 Jul 2022 00:02:54 GMT",
        "x-ms-lease-state": "available",
        "x-ms-lease-status": "unlocked",
        "x-ms-server-encrypted": "true",
        "x-ms-version": "2021-08-06"
      },
      "ResponseBody": null
    },
    {
      "RequestUri": "https://storagename.blob.core.windows.net/utcontainerf2042bf5/blobf2042bf5",
      "RequestMethod": "GET",
      "RequestHeaders": {
        "Accept": "application/xml",
        "Accept-Encoding": "gzip, deflate",
        "Connection": "keep-alive",
        "User-Agent": "azsdk-python-storage-blob/12.13.0 Python/3.10.5 (Windows-10-10.0.22000-SP0)",
        "x-ms-date": "Fri, 08 Jul 2022 00:02:55 GMT",
        "x-ms-range": "bytes=0-33554431",
        "x-ms-version": "2021-08-06"
      },
      "RequestBody": null,
      "StatusCode": 206,
      "ResponseHeaders": {
        "Accept-Ranges": "bytes",
        "Content-Length": "27",
        "Content-Range": "bytes 0-26/27",
        "Content-Type": "application/octet-stream",
        "Date": "Fri, 08 Jul 2022 00:02:54 GMT",
        "ETag": "\u00220x8DA6075356B79CF\u0022",
        "Last-Modified": "Fri, 08 Jul 2022 00:02:55 GMT",
        "Server": [
          "Windows-Azure-Blob/1.0",
          "Microsoft-HTTPAPI/2.0"
        ],
        "Vary": "Origin",
        "x-ms-blob-committed-block-count": "1",
        "x-ms-blob-type": "AppendBlob",
        "x-ms-creation-time": "Fri, 08 Jul 2022 00:02:54 GMT",
        "x-ms-lease-state": "available",
        "x-ms-lease-status": "unlocked",
        "x-ms-server-encrypted": "true",
        "x-ms-version": "2021-08-06"
      },
      "ResponseBody": "aGVsbG8g5ZWK6b2E5LiC54ub54ucIHdvcmxk"
    }
  ],
  "Variables": {}
}
