{
  "Entries": [
    {
      "RequestUri": "https://storagename.blob.core.windows.net/utcontainerc7d3f14?restype=container",
      "RequestMethod": "PUT",
      "RequestHeaders": {
        "Accept": "application/xml",
        "Accept-Encoding": "gzip, deflate",
        "Content-Length": "0",
        "User-Agent": "azsdk-python-storage-blob/12.14.0b1 Python/3.10.2 (Windows-10-10.0.19044-SP0)",
        "x-ms-date": "Tue, 09 Aug 2022 21:39:20 GMT",
        "x-ms-version": "2021-08-06"
      },
      "RequestBody": null,
      "StatusCode": 201,
      "ResponseHeaders": {
        "Content-Length": "0",
        "Date": "Tue, 09 Aug 2022 21:39:19 GMT",
        "ETag": "\u00220x8DA7A4F9E1C29B8\u0022",
        "Last-Modified": "Tue, 09 Aug 2022 21:39:19 GMT",
        "Server": [
          "Windows-Azure-Blob/1.0",
          "Microsoft-HTTPAPI/2.0"
        ],
        "x-ms-version": "2021-08-06"
      },
      "ResponseBody": null
    },
    {
      "RequestUri": "https://storagename.blob.core.windows.net/utcontainerc7d3f14/blob1",
      "RequestMethod": "PUT",
      "RequestHeaders": {
        "Accept": "application/xml",
        "Accept-Encoding": "gzip, deflate",
        "Content-Length": "11",
        "Content-Type": "application/octet-stream",
        "If-None-Match": "*",
        "User-Agent": "azsdk-python-storage-blob/12.14.0b1 Python/3.10.2 (Windows-10-10.0.19044-SP0)",
        "x-ms-blob-type": "BlockBlob",
        "x-ms-date": "Tue, 09 Aug 2022 21:39:20 GMT",
        "x-ms-version": "2021-08-06"
      },
      "RequestBody": "aGVsbG8gd29ybGQ=",
      "StatusCode": 201,
      "ResponseHeaders": {
        "Content-Length": "0",
        "Content-MD5": "XrY7u\u002BAe7tCTyyK7j1rNww==",
        "Date": "Tue, 09 Aug 2022 21:39:19 GMT",
        "ETag": "\u00220x8DA7A4F9E31D970\u0022",
        "Last-Modified": "Tue, 09 Aug 2022 21:39:20 GMT",
        "Server": [
          "Windows-Azure-Blob/1.0",
          "Microsoft-HTTPAPI/2.0"
        ],
        "x-ms-content-crc64": "vo7q9sPVKY0=",
        "x-ms-request-server-encrypted": "true",
        "x-ms-version": "2021-08-06"
      },
      "ResponseBody": null
    },
    {
      "RequestUri": "https://storagename.blob.core.windows.net/utcontainerc7d3f14/blob1",
      "RequestMethod": "HEAD",
      "RequestHeaders": {
        "Accept": "application/xml",
        "Accept-Encoding": "gzip, deflate",
        "If-Unmodified-Since": "Tue, 09 Aug 2022 21:54:20 GMT",
        "User-Agent": "azsdk-python-storage-blob/12.14.0b1 Python/3.10.2 (Windows-10-10.0.19044-SP0)",
        "x-ms-date": "Tue, 09 Aug 2022 21:39:20 GMT",
        "x-ms-version": "2021-08-06"
      },
      "RequestBody": null,
      "StatusCode": 200,
      "ResponseHeaders": {
        "Accept-Ranges": "bytes",
        "Content-Length": "11",
        "Content-MD5": "XrY7u\u002BAe7tCTyyK7j1rNww==",
        "Content-Type": "application/octet-stream",
        "Date": "Tue, 09 Aug 2022 21:39:20 GMT",
        "ETag": "\u00220x8DA7A4F9E31D970\u0022",
        "Last-Modified": "Tue, 09 Aug 2022 21:39:20 GMT",
        "Server": [
          "Windows-Azure-Blob/1.0",
          "Microsoft-HTTPAPI/2.0"
        ],
        "Vary": "Origin",
        "x-ms-access-tier": "Hot",
        "x-ms-access-tier-inferred": "true",
        "x-ms-blob-type": "BlockBlob",
        "x-ms-creation-time": "Tue, 09 Aug 2022 21:39:20 GMT",
        "x-ms-lease-state": "available",
        "x-ms-lease-status": "unlocked",
        "x-ms-server-encrypted": "true",
        "x-ms-version": "2021-08-06"
      },
      "ResponseBody": null
    }
  ],
  "Variables": {
    "if_modified": "2022-08-09T21:54:20.890582"
  }
}
