interactions:
- request:
    body: null
    headers:
      User-Agent:
      - azsdk-python-storage-blob/12.0.0b1 Python/3.7.3 (Windows-10-10.0.18362-SP0)
      content-type:
      - application/xml; charset=utf-8
      x-ms-client-request-id:
      - aae4f068-b4d1-11e9-9197-b831b58100e8
      x-ms-date:
      - Fri, 02 Aug 2019 03:00:21 GMT
      x-ms-version:
      - '2018-03-28'
    method: PUT
    uri: https://storagename.blob.core.windows.net/utcontainerd0f11f8e?restype=container
  response:
    body:
      string: ''
    headers:
      ? !!python/object/new:multidict._istr.istr
      - Content-Length
      : '0'
      ? !!python/object/new:multidict._istr.istr
      - Date
      : Fri, 02 Aug 2019 03:00:21 GMT
      ? !!python/object/new:multidict._istr.istr
      - Etag
      : '"0x8D716F58F27340E"'
      ? !!python/object/new:multidict._istr.istr
      - Last-Modified
      : Fri, 02 Aug 2019 03:00:22 GMT
      ? !!python/object/new:multidict._istr.istr
      - Server
      : Windows-Azure-Blob/1.0 Microsoft-HTTPAPI/2.0
      x-ms-request-id: 84b8efc4-801e-0076-24de-48e0bc000000
      x-ms-version: '2018-03-28'
    status:
      code: 201
      message: Created
    url: !!python/object/new:yarl.URL
      state: !!python/tuple
      - !!python/object/new:urllib.parse.SplitResult
        - https
        - amqptest.blob.core.windows.net
        - /utcontainerd0f11f8e
        - restype=container
        - ''
- request:
    body: hello world
    headers:
      Content-Length:
      - '11'
      Content-Type:
      - application/octet-stream
      If-None-Match:
      - '*'
      User-Agent:
      - azsdk-python-storage-blob/12.0.0b1 Python/3.7.3 (Windows-10-10.0.18362-SP0)
      x-ms-blob-type:
      - BlockBlob
      x-ms-client-request-id:
      - aafc7346-b4d1-11e9-8eb1-b831b58100e8
      x-ms-date:
      - Fri, 02 Aug 2019 03:00:22 GMT
      x-ms-version:
      - '2018-03-28'
    method: PUT
    uri: https://storagename.blob.core.windows.net/utcontainerd0f11f8e/blob1
  response:
    body:
      string: ''
    headers:
      ? !!python/object/new:multidict._istr.istr
      - Content-Length
      : '0'
      ? !!python/object/new:multidict._istr.istr
      - Content-Md5
      : XrY7u+Ae7tCTyyK7j1rNww==
      ? !!python/object/new:multidict._istr.istr
      - Date
      : Fri, 02 Aug 2019 03:00:21 GMT
      ? !!python/object/new:multidict._istr.istr
      - Etag
      : '"0x8D716F58F2FBD53"'
      ? !!python/object/new:multidict._istr.istr
      - Last-Modified
      : Fri, 02 Aug 2019 03:00:22 GMT
      ? !!python/object/new:multidict._istr.istr
      - Server
      : Windows-Azure-Blob/1.0 Microsoft-HTTPAPI/2.0
      x-ms-request-id: 84b8efe7-801e-0076-3bde-48e0bc000000
      x-ms-request-server-encrypted: 'true'
      x-ms-version: '2018-03-28'
    status:
      code: 201
      message: Created
    url: !!python/object/new:yarl.URL
      state: !!python/tuple
      - !!python/object/new:urllib.parse.SplitResult
        - https
        - amqptest.blob.core.windows.net
        - /utcontainerd0f11f8e/blob1
        - ''
        - ''
- request:
    body: null
    headers:
      If-Match:
      - '0x111111111111111'
      User-Agent:
      - azsdk-python-storage-blob/12.0.0b1 Python/3.7.3 (Windows-10-10.0.18362-SP0)
      content-type:
      - application/xml; charset=utf-8
      x-ms-client-request-id:
      - ab048830-b4d1-11e9-a822-b831b58100e8
      x-ms-date:
      - Fri, 02 Aug 2019 03:00:22 GMT
      x-ms-version:
      - '2018-03-28'
    method: PUT
    uri: https://storagename.blob.core.windows.net/utcontainerd0f11f8e/blob1?comp=snapshot
  response:
    body:
      string: "\uFEFF<?xml version=\"1.0\" encoding=\"utf-8\"?><Error><Code>ConditionNotMet</Code><Message>The
        condition specified using HTTP conditional header(s) is not met.\nRequestId:84b8f000-801e-0076-4fde-48e0bc000000\nTime:2019-08-02T03:00:22.1795006Z</Message></Error>"
    headers:
      ? !!python/object/new:multidict._istr.istr
      - Content-Length
      : '252'
      ? !!python/object/new:multidict._istr.istr
      - Content-Type
      : application/xml
      ? !!python/object/new:multidict._istr.istr
      - Date
      : Fri, 02 Aug 2019 03:00:21 GMT
      ? !!python/object/new:multidict._istr.istr
      - Server
      : Windows-Azure-Blob/1.0 Microsoft-HTTPAPI/2.0
      x-ms-error-code: ConditionNotMet
      x-ms-request-id: 84b8f000-801e-0076-4fde-48e0bc000000
      x-ms-version: '2018-03-28'
    status:
      code: 412
      message: The condition specified using HTTP conditional header(s) is not met.
    url: !!python/object/new:yarl.URL
      state: !!python/tuple
      - !!python/object/new:urllib.parse.SplitResult
        - https
        - amqptest.blob.core.windows.net
        - /utcontainerd0f11f8e/blob1
        - comp=snapshot
        - ''
version: 1
