interactions:
- request:
    body: null
    headers:
      User-Agent:
      - azsdk-python-storage-blob/12.0.0b1 Python/3.7.3 (Windows-10-10.0.18362-SP0)
      content-type:
      - application/xml; charset=utf-8
      x-ms-client-request-id:
      - a3cb4810-b4d1-11e9-a20f-b831b58100e8
      x-ms-date:
      - Fri, 02 Aug 2019 03:00:10 GMT
      x-ms-version:
      - '2018-03-28'
    method: PUT
    uri: https://storagename.blob.core.windows.net/utcontainerf25f2012?restype=container
  response:
    body:
      string: ''
    headers:
      ? !!python/object/new:multidict._istr.istr
      - Content-Length
      : '0'
      ? !!python/object/new:multidict._istr.istr
      - Date
      : Fri, 02 Aug 2019 03:00:09 GMT
      ? !!python/object/new:multidict._istr.istr
      - Etag
      : '"0x8D716F5880D6E00"'
      ? !!python/object/new:multidict._istr.istr
      - Last-Modified
      : Fri, 02 Aug 2019 03:00:10 GMT
      ? !!python/object/new:multidict._istr.istr
      - Server
      : Windows-Azure-Blob/1.0 Microsoft-HTTPAPI/2.0
      x-ms-request-id: efb9ba3a-a01e-006a-79de-4838ab000000
      x-ms-version: '2018-03-28'
    status:
      code: 201
      message: Created
    url: !!python/object/new:yarl.URL
      state: !!python/tuple
      - !!python/object/new:urllib.parse.SplitResult
        - https
        - amqptest.blob.core.windows.net
        - /utcontainerf25f2012
        - restype=container
        - ''
- request:
    body: null
    headers:
      Content-Length:
      - '0'
      Content-Type:
      - application/octet-stream
      If-None-Match:
      - '*'
      User-Agent:
      - azsdk-python-storage-blob/12.0.0b1 Python/3.7.3 (Windows-10-10.0.18362-SP0)
      x-ms-blob-type:
      - BlockBlob
      x-ms-client-request-id:
      - a3e27868-b4d1-11e9-8dba-b831b58100e8
      x-ms-date:
      - Fri, 02 Aug 2019 03:00:10 GMT
      x-ms-version:
      - '2018-03-28'
    method: PUT
    uri: https://storagename.blob.core.windows.net/utcontainerf25f2012/blob1
  response:
    body:
      string: ''
    headers:
      ? !!python/object/new:multidict._istr.istr
      - Content-Length
      : '0'
      ? !!python/object/new:multidict._istr.istr
      - Content-Md5
      : 1B2M2Y8AsgTpgAmY7PhCfg==
      ? !!python/object/new:multidict._istr.istr
      - Date
      : Fri, 02 Aug 2019 03:00:09 GMT
      ? !!python/object/new:multidict._istr.istr
      - Etag
      : '"0x8D716F58815E881"'
      ? !!python/object/new:multidict._istr.istr
      - Last-Modified
      : Fri, 02 Aug 2019 03:00:10 GMT
      ? !!python/object/new:multidict._istr.istr
      - Server
      : Windows-Azure-Blob/1.0 Microsoft-HTTPAPI/2.0
      x-ms-request-id: efb9ba4a-a01e-006a-07de-4838ab000000
      x-ms-request-server-encrypted: 'true'
      x-ms-version: '2018-03-28'
    status:
      code: 201
      message: Created
    url: !!python/object/new:yarl.URL
      state: !!python/tuple
      - !!python/object/new:urllib.parse.SplitResult
        - https
        - amqptest.blob.core.windows.net
        - /utcontainerf25f2012/blob1
        - ''
        - ''
- request:
    body: AAA
    headers:
      Content-Length:
      - '3'
      Content-Type:
      - application/octet-stream
      User-Agent:
      - azsdk-python-storage-blob/12.0.0b1 Python/3.7.3 (Windows-10-10.0.18362-SP0)
      x-ms-client-request-id:
      - a3e8b9f6-b4d1-11e9-b404-b831b58100e8
      x-ms-date:
      - Fri, 02 Aug 2019 03:00:10 GMT
      x-ms-version:
      - '2018-03-28'
    method: PUT
    uri: https://storagename.blob.core.windows.net/utcontainerf25f2012/blob1?blockid=MQ%3D%3D&comp=block
  response:
    body:
      string: ''
    headers:
      ? !!python/object/new:multidict._istr.istr
      - Content-Length
      : '0'
      ? !!python/object/new:multidict._istr.istr
      - Content-Md5
      : 4fr/s+YU5sL7p0KWliOGtw==
      ? !!python/object/new:multidict._istr.istr
      - Date
      : Fri, 02 Aug 2019 03:00:09 GMT
      ? !!python/object/new:multidict._istr.istr
      - Server
      : Windows-Azure-Blob/1.0 Microsoft-HTTPAPI/2.0
      x-ms-request-id: efb9ba4e-a01e-006a-0bde-4838ab000000
      x-ms-request-server-encrypted: 'true'
      x-ms-version: '2018-03-28'
    status:
      code: 201
      message: Created
    url: !!python/object/new:yarl.URL
      state: !!python/tuple
      - !!python/object/new:urllib.parse.SplitResult
        - https
        - amqptest.blob.core.windows.net
        - /utcontainerf25f2012/blob1
        - blockid=MQ%3D%3D&comp=block
        - ''
- request:
    body: CCC
    headers:
      Content-Length:
      - '3'
      Content-Type:
      - application/octet-stream
      User-Agent:
      - azsdk-python-storage-blob/12.0.0b1 Python/3.7.3 (Windows-10-10.0.18362-SP0)
      x-ms-client-request-id:
      - a3e9562c-b4d1-11e9-9315-b831b58100e8
      x-ms-date:
      - Fri, 02 Aug 2019 03:00:10 GMT
      x-ms-version:
      - '2018-03-28'
    method: PUT
    uri: https://storagename.blob.core.windows.net/utcontainerf25f2012/blob1?blockid=Mw%3D%3D&comp=block
  response:
    body:
      string: ''
    headers:
      ? !!python/object/new:multidict._istr.istr
      - Content-Length
      : '0'
      ? !!python/object/new:multidict._istr.istr
      - Content-Md5
      : 3vuZ5pqfH24G8VAGsfFmrg==
      ? !!python/object/new:multidict._istr.istr
      - Date
      : Fri, 02 Aug 2019 03:00:09 GMT
      ? !!python/object/new:multidict._istr.istr
      - Server
      : Windows-Azure-Blob/1.0 Microsoft-HTTPAPI/2.0
      x-ms-request-id: 7bf0b582-e01e-004f-2cde-48a018000000
      x-ms-request-server-encrypted: 'true'
      x-ms-version: '2018-03-28'
    status:
      code: 201
      message: Created
    url: !!python/object/new:yarl.URL
      state: !!python/tuple
      - !!python/object/new:urllib.parse.SplitResult
        - https
        - amqptest.blob.core.windows.net
        - /utcontainerf25f2012/blob1
        - blockid=Mw%3D%3D&comp=block
        - ''
- request:
    body: BBB
    headers:
      Content-Length:
      - '3'
      Content-Type:
      - application/octet-stream
      User-Agent:
      - azsdk-python-storage-blob/12.0.0b1 Python/3.7.3 (Windows-10-10.0.18362-SP0)
      x-ms-client-request-id:
      - a3e90818-b4d1-11e9-8f1c-b831b58100e8
      x-ms-date:
      - Fri, 02 Aug 2019 03:00:10 GMT
      x-ms-version:
      - '2018-03-28'
    method: PUT
    uri: https://storagename.blob.core.windows.net/utcontainerf25f2012/blob1?blockid=Mg%3D%3D&comp=block
  response:
    body:
      string: ''
    headers:
      ? !!python/object/new:multidict._istr.istr
      - Content-Length
      : '0'
      ? !!python/object/new:multidict._istr.istr
      - Content-Md5
      : K7Il8LqaWJMHV6ho7VfZow==
      ? !!python/object/new:multidict._istr.istr
      - Date
      : Fri, 02 Aug 2019 03:00:09 GMT
      ? !!python/object/new:multidict._istr.istr
      - Server
      : Windows-Azure-Blob/1.0 Microsoft-HTTPAPI/2.0
      x-ms-request-id: 24c50c63-401e-00ca-4cde-48f7cd000000
      x-ms-request-server-encrypted: 'true'
      x-ms-version: '2018-03-28'
    status:
      code: 201
      message: Created
    url: !!python/object/new:yarl.URL
      state: !!python/tuple
      - !!python/object/new:urllib.parse.SplitResult
        - https
        - amqptest.blob.core.windows.net
        - /utcontainerf25f2012/blob1
        - blockid=Mg%3D%3D&comp=block
        - ''
- request:
    body: '<?xml version=''1.0'' encoding=''utf-8''?>

      <BlockList><Latest>MQ==</Latest><Latest>Mg==</Latest><Latest>Mw==</Latest></BlockList>'
    headers:
      Content-Length:
      - '125'
      Content-Type:
      - application/xml; charset=utf-8
      If-None-Match:
      - '0x111111111111111'
      User-Agent:
      - azsdk-python-storage-blob/12.0.0b1 Python/3.7.3 (Windows-10-10.0.18362-SP0)
      x-ms-client-request-id:
      - a3ff4f10-b4d1-11e9-9b00-b831b58100e8
      x-ms-date:
      - Fri, 02 Aug 2019 03:00:10 GMT
      x-ms-version:
      - '2018-03-28'
    method: PUT
    uri: https://storagename.blob.core.windows.net/utcontainerf25f2012/blob1?comp=blocklist
  response:
    body:
      string: ''
    headers:
      ? !!python/object/new:multidict._istr.istr
      - Content-Length
      : '0'
      ? !!python/object/new:multidict._istr.istr
      - Content-Md5
      : GD5pABqdSyI51XhMKrkBRA==
      ? !!python/object/new:multidict._istr.istr
      - Date
      : Fri, 02 Aug 2019 03:00:10 GMT
      ? !!python/object/new:multidict._istr.istr
      - Etag
      : '"0x8D716F588329D66"'
      ? !!python/object/new:multidict._istr.istr
      - Last-Modified
      : Fri, 02 Aug 2019 03:00:10 GMT
      ? !!python/object/new:multidict._istr.istr
      - Server
      : Windows-Azure-Blob/1.0 Microsoft-HTTPAPI/2.0
      x-ms-request-id: 24c50c86-401e-00ca-6bde-48f7cd000000
      x-ms-request-server-encrypted: 'true'
      x-ms-version: '2018-03-28'
    status:
      code: 201
      message: Created
    url: !!python/object/new:yarl.URL
      state: !!python/tuple
      - !!python/object/new:urllib.parse.SplitResult
        - https
        - amqptest.blob.core.windows.net
        - /utcontainerf25f2012/blob1
        - comp=blocklist
        - ''
- request:
    body: null
    headers:
      Accept:
      - application/xml
      User-Agent:
      - azsdk-python-storage-blob/12.0.0b1 Python/3.7.3 (Windows-10-10.0.18362-SP0)
      content-type:
      - application/xml; charset=utf-8
      x-ms-client-request-id:
      - a405909c-b4d1-11e9-b649-b831b58100e8
      x-ms-date:
      - Fri, 02 Aug 2019 03:00:10 GMT
      x-ms-range:
      - bytes=0-33554431
      x-ms-version:
      - '2018-03-28'
    method: GET
    uri: https://storagename.blob.core.windows.net/utcontainerf25f2012/blob1
  response:
    body:
      string: AAABBBCCC
    headers:
      ? !!python/object/new:multidict._istr.istr
      - Accept-Ranges
      : bytes
      ? !!python/object/new:multidict._istr.istr
      - Content-Length
      : '9'
      ? !!python/object/new:multidict._istr.istr
      - Content-Range
      : bytes 0-8/9
      ? !!python/object/new:multidict._istr.istr
      - Content-Type
      : application/octet-stream
      ? !!python/object/new:multidict._istr.istr
      - Date
      : Fri, 02 Aug 2019 03:00:10 GMT
      ? !!python/object/new:multidict._istr.istr
      - Etag
      : '"0x8D716F588329D66"'
      ? !!python/object/new:multidict._istr.istr
      - Last-Modified
      : Fri, 02 Aug 2019 03:00:10 GMT
      ? !!python/object/new:multidict._istr.istr
      - Server
      : Windows-Azure-Blob/1.0 Microsoft-HTTPAPI/2.0
      ? !!python/object/new:multidict._istr.istr
      - Vary
      : Origin
      x-ms-blob-type: BlockBlob
      x-ms-creation-time: Fri, 02 Aug 2019 03:00:10 GMT
      x-ms-lease-state: available
      x-ms-lease-status: unlocked
      x-ms-request-id: 24c50ca3-401e-00ca-05de-48f7cd000000
      x-ms-server-encrypted: 'true'
      x-ms-version: '2018-03-28'
    status:
      code: 206
      message: Partial Content
    url: !!python/object/new:yarl.URL
      state: !!python/tuple
      - !!python/object/new:urllib.parse.SplitResult
        - https
        - amqptest.blob.core.windows.net
        - /utcontainerf25f2012/blob1
        - ''
        - ''
version: 1
