interactions:
- request:
    body: null
    headers:
      Accept:
      - '*/*'
      Accept-Encoding:
      - gzip, deflate
      Connection:
      - keep-alive
      Content-Length:
      - '0'
      User-Agent:
      - python/3.6.5 (Darwin-16.7.0-x86_64-i386-64bit) azure-core/0.0.1
      x-ms-client-request-id:
      - d2f0bbfe-8ecb-11e9-aded-f45c89a7d159
      x-ms-date:
      - Fri, 14 Jun 2019 17:42:48 GMT
      x-ms-version:
      - '2018-03-28'
    method: PUT
    uri: https://remotestoragename.blob.core.windows.net/container664b164b?restype=container
  response:
    body:
      string: ''
    headers:
      Content-Length:
      - '0'
      Date:
      - Fri, 14 Jun 2019 17:42:48 GMT
      ETag:
      - '"0x8D6F0EFB7B6FF3A"'
      Last-Modified:
      - Fri, 14 Jun 2019 17:42:48 GMT
      Server:
      - Windows-Azure-Blob/1.0 Microsoft-HTTPAPI/2.0
      x-ms-request-id:
      - d2562ccc-201e-001d-22d8-22bdea000000
      x-ms-version:
      - '2018-03-28'
    status:
      code: 201
      message: Created
- request:
    body: null
    headers:
      Accept:
      - '*/*'
      Accept-Encoding:
      - gzip, deflate
      Connection:
      - keep-alive
      Content-Length:
      - '0'
      Content-Type:
      - application/xml; charset=utf-8
      User-Agent:
      - python/3.6.5 (Darwin-16.7.0-x86_64-i386-64bit) azure-core/0.0.1
      x-ms-blob-public-access:
      - blob
      x-ms-client-request-id:
      - d311a01c-8ecb-11e9-8b92-f45c89a7d159
      x-ms-date:
      - Fri, 14 Jun 2019 17:42:48 GMT
      x-ms-version:
      - '2018-03-28'
    method: PUT
    uri: https://remotestoragename.blob.core.windows.net/container664b164b?restype=container&comp=acl
  response:
    body:
      string: ''
    headers:
      Content-Length:
      - '0'
      Date:
      - Fri, 14 Jun 2019 17:42:48 GMT
      ETag:
      - '"0x8D6F0EFB7BFD30A"'
      Last-Modified:
      - Fri, 14 Jun 2019 17:42:49 GMT
      Server:
      - Windows-Azure-Blob/1.0 Microsoft-HTTPAPI/2.0
      x-ms-request-id:
      - d2562cde-201e-001d-30d8-22bdea000000
      x-ms-version:
      - '2018-03-28'
    status:
      code: 200
      message: OK
- request:
    body: null
    headers:
      Accept:
      - application/xml
      Accept-Encoding:
      - gzip, deflate
      Connection:
      - keep-alive
      User-Agent:
      - python/3.6.5 (Darwin-16.7.0-x86_64-i386-64bit) azure-core/0.0.1
      x-ms-client-request-id:
      - d319e1be-8ecb-11e9-9271-f45c89a7d159
      x-ms-date:
      - Fri, 14 Jun 2019 17:42:48 GMT
      x-ms-version:
      - '2018-03-28'
    method: GET
    uri: https://remotestoragename.blob.core.windows.net/?prefix=container664b164b&comp=list
  response:
    body:
      string: "\uFEFF<?xml version=\"1.0\" encoding=\"utf-8\"?><EnumerationResults
        ServiceEndpoint=\"https://remotestoragename.blob.core.windows.net/\"><Prefix>container664b164b</Prefix><Containers><Container><Name>container664b164b</Name><Properties><Last-Modified>Fri,
        14 Jun 2019 17:42:49 GMT</Last-Modified><Etag>\"0x8D6F0EFB7BFD30A\"</Etag><LeaseStatus>unlocked</LeaseStatus><LeaseState>available</LeaseState><PublicAccess>blob</PublicAccess><HasImmutabilityPolicy>false</HasImmutabilityPolicy><HasLegalHold>false</HasLegalHold></Properties></Container></Containers><NextMarker
        /></EnumerationResults>"
    headers:
      Content-Type:
      - application/xml
      Date:
      - Fri, 14 Jun 2019 17:42:48 GMT
      Server:
      - Windows-Azure-Blob/1.0 Microsoft-HTTPAPI/2.0
      Transfer-Encoding:
      - chunked
      Vary:
      - Origin
      x-ms-request-id:
      - d2562d03-201e-001d-4fd8-22bdea000000
      x-ms-version:
      - '2018-03-28'
    status:
      code: 200
      message: OK
- request:
    body: null
    headers:
      Accept:
      - '*/*'
      Accept-Encoding:
      - gzip, deflate
      Connection:
      - keep-alive
      Content-Length:
      - '0'
      User-Agent:
      - python/3.6.5 (Darwin-16.7.0-x86_64-i386-64bit) azure-core/0.0.1
      x-ms-client-request-id:
      - 2319c362-8ed5-11e9-96aa-f45c89a7d159
      x-ms-date:
      - Fri, 14 Jun 2019 18:49:27 GMT
      x-ms-version:
      - '2018-03-28'
    method: PUT
    uri: https://storagename.blob.core.windows.net/container664b164b?restype=container
  response:
    body:
      string: ''
    headers:
      Content-Length:
      - '0'
      Date:
      - Fri, 14 Jun 2019 18:49:28 GMT
      ETag:
      - '"0x8D6F0F9076907D6"'
      Last-Modified:
      - Fri, 14 Jun 2019 18:49:28 GMT
      Server:
      - Windows-Azure-Blob/1.0 Microsoft-HTTPAPI/2.0
      x-ms-request-id:
      - 4a388d4b-101e-00d2-7ae1-22da58000000
      x-ms-version:
      - '2018-03-28'
    status:
      code: 201
      message: Created
- request:
    body: null
    headers:
      Accept:
      - '*/*'
      Accept-Encoding:
      - gzip, deflate
      Connection:
      - keep-alive
      Content-Length:
      - '0'
      Content-Type:
      - application/xml; charset=utf-8
      User-Agent:
      - python/3.6.5 (Darwin-16.7.0-x86_64-i386-64bit) azure-core/0.0.1
      x-ms-blob-public-access:
      - blob
      x-ms-client-request-id:
      - 2338f1e8-8ed5-11e9-b342-f45c89a7d159
      x-ms-date:
      - Fri, 14 Jun 2019 18:49:28 GMT
      x-ms-version:
      - '2018-03-28'
    method: PUT
    uri: https://storagename.blob.core.windows.net/container664b164b?restype=container&comp=acl
  response:
    body:
      string: ''
    headers:
      Content-Length:
      - '0'
      Date:
      - Fri, 14 Jun 2019 18:49:28 GMT
      ETag:
      - '"0x8D6F0F90771D66D"'
      Last-Modified:
      - Fri, 14 Jun 2019 18:49:28 GMT
      Server:
      - Windows-Azure-Blob/1.0 Microsoft-HTTPAPI/2.0
      x-ms-request-id:
      - 4a388d6b-101e-00d2-15e1-22da58000000
      x-ms-version:
      - '2018-03-28'
    status:
      code: 200
      message: OK
- request:
    body: null
    headers:
      Accept:
      - application/xml
      Accept-Encoding:
      - gzip, deflate
      Connection:
      - keep-alive
      User-Agent:
      - python/3.6.5 (Darwin-16.7.0-x86_64-i386-64bit) azure-core/0.0.1
      x-ms-client-request-id:
      - 23414cdc-8ed5-11e9-a1db-f45c89a7d159
      x-ms-date:
      - Fri, 14 Jun 2019 18:49:28 GMT
      x-ms-version:
      - '2018-03-28'
    method: GET
    uri: https://storagename.blob.core.windows.net/?prefix=container664b164b&comp=list
  response:
    body:
      string: "\uFEFF<?xml version=\"1.0\" encoding=\"utf-8\"?><EnumerationResults
        ServiceEndpoint=\"https://storagename.blob.core.windows.net/\"><Prefix>container664b164b</Prefix><Containers><Container><Name>container664b164b</Name><Properties><Last-Modified>Fri,
        14 Jun 2019 18:49:28 GMT</Last-Modified><Etag>\"0x8D6F0F90771D66D\"</Etag><LeaseStatus>unlocked</LeaseStatus><LeaseState>available</LeaseState><PublicAccess>blob</PublicAccess><HasImmutabilityPolicy>false</HasImmutabilityPolicy><HasLegalHold>false</HasLegalHold></Properties></Container></Containers><NextMarker
        /></EnumerationResults>"
    headers:
      Content-Type:
      - application/xml
      Date:
      - Fri, 14 Jun 2019 18:49:28 GMT
      Server:
      - Windows-Azure-Blob/1.0 Microsoft-HTTPAPI/2.0
      Transfer-Encoding:
      - chunked
      Vary:
      - Origin
      x-ms-request-id:
      - 4a388d7b-101e-00d2-23e1-22da58000000
      x-ms-version:
      - '2018-03-28'
    status:
      code: 200
      message: OK
- request:
    body: null
    headers:
      Accept:
      - '*/*'
      Accept-Encoding:
      - gzip, deflate
      Connection:
      - keep-alive
      Content-Length:
      - '0'
      User-Agent:
      - python/3.6.5 (Darwin-16.7.0-x86_64-i386-64bit) azure-core/0.0.1
      x-ms-client-request-id:
      - 25f537cc-8eda-11e9-b2e8-f45c89a7d159
      x-ms-date:
      - Fri, 14 Jun 2019 19:25:20 GMT
      x-ms-version:
      - '2018-03-28'
    method: PUT
    uri: https://storagename.blob.core.windows.net/container664b164b?restype=container
  response:
    body:
      string: ''
    headers:
      Content-Length:
      - '0'
      Date:
      - Fri, 14 Jun 2019 19:25:20 GMT
      ETag:
      - '"0x8D6F0FE0A452FB9"'
      Last-Modified:
      - Fri, 14 Jun 2019 19:25:20 GMT
      Server:
      - Windows-Azure-Blob/1.0 Microsoft-HTTPAPI/2.0
      x-ms-request-id:
      - ee3fcf01-f01e-005b-31e6-22637c000000
      x-ms-version:
      - '2018-03-28'
    status:
      code: 201
      message: Created
- request:
    body: null
    headers:
      Accept:
      - '*/*'
      Accept-Encoding:
      - gzip, deflate
      Connection:
      - keep-alive
      Content-Length:
      - '0'
      Content-Type:
      - application/xml; charset=utf-8
      User-Agent:
      - python/3.6.5 (Darwin-16.7.0-x86_64-i386-64bit) azure-core/0.0.1
      x-ms-blob-public-access:
      - blob
      x-ms-client-request-id:
      - 26153146-8eda-11e9-a992-f45c89a7d159
      x-ms-date:
      - Fri, 14 Jun 2019 19:25:20 GMT
      x-ms-version:
      - '2018-03-28'
    method: PUT
    uri: https://storagename.blob.core.windows.net/container664b164b?restype=container&comp=acl
  response:
    body:
      string: ''
    headers:
      Content-Length:
      - '0'
      Date:
      - Fri, 14 Jun 2019 19:25:20 GMT
      ETag:
      - '"0x8D6F0FE0A4F981E"'
      Last-Modified:
      - Fri, 14 Jun 2019 19:25:20 GMT
      Server:
      - Windows-Azure-Blob/1.0 Microsoft-HTTPAPI/2.0
      x-ms-request-id:
      - ee3fcf15-f01e-005b-42e6-22637c000000
      x-ms-version:
      - '2018-03-28'
    status:
      code: 200
      message: OK
- request:
    body: null
    headers:
      Accept:
      - application/xml
      Accept-Encoding:
      - gzip, deflate
      Connection:
      - keep-alive
      User-Agent:
      - python/3.6.5 (Darwin-16.7.0-x86_64-i386-64bit) azure-core/0.0.1
      x-ms-client-request-id:
      - 2629a2c8-8eda-11e9-82cd-f45c89a7d159
      x-ms-date:
      - Fri, 14 Jun 2019 19:25:20 GMT
      x-ms-version:
      - '2018-03-28'
    method: GET
    uri: https://storagename.blob.core.windows.net/?prefix=container664b164b&comp=list
  response:
    body:
      string: "\uFEFF<?xml version=\"1.0\" encoding=\"utf-8\"?><EnumerationResults
        ServiceEndpoint=\"https://storagename.blob.core.windows.net/\"><Prefix>container664b164b</Prefix><Containers><Container><Name>container664b164b</Name><Properties><Last-Modified>Fri,
        14 Jun 2019 19:25:20 GMT</Last-Modified><Etag>\"0x8D6F0FE0A4F981E\"</Etag><LeaseStatus>unlocked</LeaseStatus><LeaseState>available</LeaseState><PublicAccess>blob</PublicAccess><HasImmutabilityPolicy>false</HasImmutabilityPolicy><HasLegalHold>false</HasLegalHold></Properties></Container></Containers><NextMarker
        /></EnumerationResults>"
    headers:
      Content-Type:
      - application/xml
      Date:
      - Fri, 14 Jun 2019 19:25:20 GMT
      Server:
      - Windows-Azure-Blob/1.0 Microsoft-HTTPAPI/2.0
      Transfer-Encoding:
      - chunked
      Vary:
      - Origin
      x-ms-request-id:
      - ee3fcf40-f01e-005b-6be6-22637c000000
      x-ms-version:
      - '2018-03-28'
    status:
      code: 200
      message: OK
- request:
    body: null
    headers:
      Accept:
      - '*/*'
      Accept-Encoding:
      - gzip, deflate
      Connection:
      - keep-alive
      Content-Length:
      - '0'
      User-Agent:
      - azsdk-python-storage-blob/12.0.0b4 Python/3.7.3 (Windows-10-10.0.18362-SP0)
      x-ms-client-request-id:
      - 2bb75ef6-ec7d-11e9-b1de-b831b58100e8
      x-ms-date:
      - Fri, 11 Oct 2019 23:16:35 GMT
      x-ms-version:
      - '2019-02-02'
    method: PUT
    uri: https://blobstoragename.blob.core.windows.net/container664b164b?restype=container
  response:
    body:
      string: ''
    headers:
      Content-Length:
      - '0'
      Date:
      - Fri, 11 Oct 2019 23:16:35 GMT
      ETag:
      - '"0x8D74EA10FEEEECE"'
      Last-Modified:
      - Fri, 11 Oct 2019 23:16:36 GMT
      Server:
      - Windows-Azure-Blob/1.0 Microsoft-HTTPAPI/2.0
      x-ms-request-id:
      - 4775ccb6-f01e-0090-1489-80f032000000
      x-ms-version:
      - '2019-02-02'
    status:
      code: 201
      message: Created
- request:
    body: '<?xml version=''1.0'' encoding=''utf-8''?>

      <SignedIdentifiers><SignedIdentifier><Id>testid</Id><AccessPolicy><Start>2019-10-11T23:16:36Z</Start><Expiry>2019-10-12T00:16:36Z</Expiry><Permission>r</Permission></AccessPolicy></SignedIdentifier></SignedIdentifiers>'
    headers:
      Accept:
      - '*/*'
      Accept-Encoding:
      - gzip, deflate
      Connection:
      - keep-alive
      Content-Length:
      - '257'
      Content-Type:
      - application/xml; charset=utf-8
      User-Agent:
      - azsdk-python-storage-blob/12.0.0b4 Python/3.7.3 (Windows-10-10.0.18362-SP0)
      x-ms-blob-public-access:
      - blob
      x-ms-client-request-id:
      - 2bdb1480-ec7d-11e9-9528-b831b58100e8
      x-ms-date:
      - Fri, 11 Oct 2019 23:16:36 GMT
      x-ms-version:
      - '2019-02-02'
    method: PUT
    uri: https://blobstoragename.blob.core.windows.net/container664b164b?restype=container&comp=acl
  response:
    body:
      string: ''
    headers:
      Content-Length:
      - '0'
      Date:
      - Fri, 11 Oct 2019 23:16:35 GMT
      ETag:
      - '"0x8D74EA10FF6C16D"'
      Last-Modified:
      - Fri, 11 Oct 2019 23:16:36 GMT
      Server:
      - Windows-Azure-Blob/1.0 Microsoft-HTTPAPI/2.0
      x-ms-request-id:
      - 4775cd37-f01e-0090-0889-80f032000000
      x-ms-version:
      - '2019-02-02'
    status:
      code: 200
      message: OK
- request:
    body: null
    headers:
      Accept:
      - application/xml
      Accept-Encoding:
      - gzip, deflate
      Connection:
      - keep-alive
      User-Agent:
      - azsdk-python-storage-blob/12.0.0b4 Python/3.7.3 (Windows-10-10.0.18362-SP0)
      x-ms-client-request-id:
      - 2be1f252-ec7d-11e9-b23f-b831b58100e8
      x-ms-date:
      - Fri, 11 Oct 2019 23:16:36 GMT
      x-ms-version:
      - '2019-02-02'
    method: GET
    uri: https://blobstoragename.blob.core.windows.net/?prefix=container664b164b&comp=list
  response:
    body:
      string: "\uFEFF<?xml version=\"1.0\" encoding=\"utf-8\"?><EnumerationResults
        ServiceEndpoint=\"https://blobstoragename.blob.core.windows.net/\"><Prefix>container664b164b</Prefix><Containers><Container><Name>container664b164b</Name><Properties><Last-Modified>Fri,
        11 Oct 2019 23:16:36 GMT</Last-Modified><Etag>\"0x8D74EA10FF6C16D\"</Etag><LeaseStatus>unlocked</LeaseStatus><LeaseState>available</LeaseState><PublicAccess>blob</PublicAccess><DefaultEncryptionScope>$account-encryption-key</DefaultEncryptionScope><DenyEncryptionScopeOverride>false</DenyEncryptionScopeOverride><HasImmutabilityPolicy>false</HasImmutabilityPolicy><HasLegalHold>false</HasLegalHold></Properties></Container></Containers><NextMarker
        /></EnumerationResults>"
    headers:
      Content-Type:
      - application/xml
      Date:
      - Fri, 11 Oct 2019 23:16:35 GMT
      Server:
      - Windows-Azure-Blob/1.0 Microsoft-HTTPAPI/2.0
      Transfer-Encoding:
      - chunked
      Vary:
      - Origin
      x-ms-request-id:
      - 4775cd7f-f01e-0090-4d89-80f032000000
      x-ms-version:
      - '2019-02-02'
    status:
      code: 200
      message: OK
- request:
    body: null
    headers:
      Accept:
      - '*/*'
      Accept-Encoding:
      - gzip, deflate
      Connection:
      - keep-alive
      Content-Length:
      - '0'
      User-Agent:
      - azsdk-python-storage-blob/12.0.0b4 Python/3.7.3 (Windows-10-10.0.18362-SP0)
      x-ms-client-request-id:
      - f4b9679e-ec80-11e9-a6c5-b831b58100e8
      x-ms-date:
      - Fri, 11 Oct 2019 23:43:41 GMT
      x-ms-version:
      - '2019-02-02'
    method: PUT
    uri: https://blobstoragename.blob.core.windows.net/container664b164b?restype=container
  response:
    body:
      string: ''
    headers:
      Content-Length:
      - '0'
      Date:
      - Fri, 11 Oct 2019 23:43:41 GMT
      ETag:
      - '"0x8D74EA4D8F3E5BE"'
      Last-Modified:
      - Fri, 11 Oct 2019 23:43:41 GMT
      Server:
      - Windows-Azure-Blob/1.0 Microsoft-HTTPAPI/2.0
      x-ms-request-id:
      - dfac4036-e01e-00aa-6d8d-80b2ef000000
      x-ms-version:
      - '2019-02-02'
    status:
      code: 201
      message: Created
- request:
    body: '<?xml version=''1.0'' encoding=''utf-8''?>

      <SignedIdentifiers><SignedIdentifier><Id>testid</Id><AccessPolicy><Start>2019-10-11T23:43:42Z</Start><Expiry>2019-10-12T00:43:42Z</Expiry><Permission>r</Permission></AccessPolicy></SignedIdentifier></SignedIdentifiers>'
    headers:
      Accept:
      - '*/*'
      Accept-Encoding:
      - gzip, deflate
      Connection:
      - keep-alive
      Content-Length:
      - '257'
      Content-Type:
      - application/xml; charset=utf-8
      User-Agent:
      - azsdk-python-storage-blob/12.0.0b4 Python/3.7.3 (Windows-10-10.0.18362-SP0)
      x-ms-blob-public-access:
      - blob
      x-ms-client-request-id:
      - f4e5f440-ec80-11e9-b90b-b831b58100e8
      x-ms-date:
      - Fri, 11 Oct 2019 23:43:42 GMT
      x-ms-version:
      - '2019-02-02'
    method: PUT
    uri: https://blobstoragename.blob.core.windows.net/container664b164b?restype=container&comp=acl
  response:
    body:
      string: ''
    headers:
      Content-Length:
      - '0'
      Date:
      - Fri, 11 Oct 2019 23:43:41 GMT
      ETag:
      - '"0x8D74EA4D8FF49F6"'
      Last-Modified:
      - Fri, 11 Oct 2019 23:43:41 GMT
      Server:
      - Windows-Azure-Blob/1.0 Microsoft-HTTPAPI/2.0
      x-ms-request-id:
      - dfac4049-e01e-00aa-7b8d-80b2ef000000
      x-ms-version:
      - '2019-02-02'
    status:
      code: 200
      message: OK
- request:
    body: null
    headers:
      Accept:
      - application/xml
      Accept-Encoding:
      - gzip, deflate
      Connection:
      - keep-alive
      User-Agent:
      - azsdk-python-storage-blob/12.0.0b4 Python/3.7.3 (Windows-10-10.0.18362-SP0)
      x-ms-client-request-id:
      - f4ee7f8a-ec80-11e9-a835-b831b58100e8
      x-ms-date:
      - Fri, 11 Oct 2019 23:43:42 GMT
      x-ms-version:
      - '2019-02-02'
    method: GET
    uri: https://blobstoragename.blob.core.windows.net/?prefix=container664b164b&comp=list
  response:
    body:
      string: "\uFEFF<?xml version=\"1.0\" encoding=\"utf-8\"?><EnumerationResults
        ServiceEndpoint=\"https://blobstoragename.blob.core.windows.net/\"><Prefix>container664b164b</Prefix><Containers><Container><Name>container664b164b</Name><Properties><Last-Modified>Fri,
        11 Oct 2019 23:43:41 GMT</Last-Modified><Etag>\"0x8D74EA4D8FF49F6\"</Etag><LeaseStatus>unlocked</LeaseStatus><LeaseState>available</LeaseState><PublicAccess>blob</PublicAccess><DefaultEncryptionScope>$account-encryption-key</DefaultEncryptionScope><DenyEncryptionScopeOverride>false</DenyEncryptionScopeOverride><HasImmutabilityPolicy>false</HasImmutabilityPolicy><HasLegalHold>false</HasLegalHold></Properties></Container></Containers><NextMarker
        /></EnumerationResults>"
    headers:
      Content-Type:
      - application/xml
      Date:
      - Fri, 11 Oct 2019 23:43:41 GMT
      Server:
      - Windows-Azure-Blob/1.0 Microsoft-HTTPAPI/2.0
      Transfer-Encoding:
      - chunked
      Vary:
      - Origin
      x-ms-request-id:
      - dfac4056-e01e-00aa-068d-80b2ef000000
      x-ms-version:
      - '2019-02-02'
    status:
      code: 200
      message: OK
version: 1
