interactions:
- request:
    body: null
    headers:
      Accept:
      - '*/*'
      Accept-Encoding:
      - gzip, deflate
      Connection:
      - keep-alive
      Content-Length:
      - '0'
      User-Agent:
      - azsdk-python-storage-blob/12.0.0b4 Python/3.7.3 (Windows-10-10.0.17763-SP0)
      x-ms-date:
      - Thu, 10 Oct 2019 16:15:42 GMT
      x-ms-version:
      - '2019-02-02'
    method: PUT
    uri: https://pyacrstorage1ea014b6.blob.core.windows.net/container1ea014b6?restype=container
  response:
    body:
      string: ''
    headers:
      content-length:
      - '0'
      date:
      - Thu, 10 Oct 2019 16:15:44 GMT
      etag:
      - '"0x8D74D9D1B14768E"'
      last-modified:
      - Thu, 10 Oct 2019 16:15:45 GMT
      server:
      - Windows-Azure-Blob/1.0 Microsoft-HTTPAPI/2.0
      x-ms-version:
      - '2019-02-02'
    status:
      code: 201
      message: Created
- request:
    body: null
    headers:
      Accept:
      - '*/*'
      Accept-Encoding:
      - gzip, deflate
      Connection:
      - keep-alive
      Content-Length:
      - '0'
      User-Agent:
      - azsdk-python-storage-blob/12.0.0b4 Python/3.7.3 (Windows-10-10.0.17763-SP0)
      x-ms-date:
      - Thu, 10 Oct 2019 16:15:45 GMT
      x-ms-lease-action:
      - acquire
      x-ms-lease-duration:
      - '-1'
      x-ms-proposed-lease-id:
      - bec37db4-2ac6-46de-becd-fef5037d9766
      x-ms-version:
      - '2019-02-02'
    method: PUT
    uri: https://pyacrstorage1ea014b6.blob.core.windows.net/container1ea014b6?comp=lease&restype=container
  response:
    body:
      string: ''
    headers:
      content-length:
      - '0'
      date:
      - Thu, 10 Oct 2019 16:15:45 GMT
      etag:
      - '"0x8D74D9D1B14768E"'
      last-modified:
      - Thu, 10 Oct 2019 16:15:45 GMT
      server:
      - Windows-Azure-Blob/1.0 Microsoft-HTTPAPI/2.0
      x-ms-lease-id:
      - bec37db4-2ac6-46de-becd-fef5037d9766
      x-ms-version:
      - '2019-02-02'
    status:
      code: 201
      message: Created
- request:
    body: null
    headers:
      Accept:
      - '*/*'
      Accept-Encoding:
      - gzip, deflate
      Connection:
      - keep-alive
      Content-Length:
      - '0'
      User-Agent:
      - azsdk-python-storage-blob/12.0.0b4 Python/3.7.3 (Windows-10-10.0.17763-SP0)
      x-ms-date:
      - Thu, 10 Oct 2019 16:15:45 GMT
      x-ms-lease-action:
      - change
      x-ms-lease-id:
      - bec37db4-2ac6-46de-becd-fef5037d9766
      x-ms-proposed-lease-id:
      - 29e0b239-ecda-4f69-bfa3-95f6af91464c
      x-ms-version:
      - '2019-02-02'
    method: PUT
    uri: https://pyacrstorage1ea014b6.blob.core.windows.net/container1ea014b6?comp=lease&restype=container
  response:
    body:
      string: ''
    headers:
      content-length:
      - '0'
      date:
      - Thu, 10 Oct 2019 16:15:45 GMT
      etag:
      - '"0x8D74D9D1B14768E"'
      last-modified:
      - Thu, 10 Oct 2019 16:15:45 GMT
      server:
      - Windows-Azure-Blob/1.0 Microsoft-HTTPAPI/2.0
      x-ms-lease-id:
      - 29e0b239-ecda-4f69-bfa3-95f6af91464c
      x-ms-version:
      - '2019-02-02'
    status:
      code: 200
      message: OK
- request:
    body: null
    headers:
      Accept:
      - '*/*'
      Accept-Encoding:
      - gzip, deflate
      Connection:
      - keep-alive
      Content-Length:
      - '0'
      User-Agent:
      - azsdk-python-storage-blob/12.0.0b4 Python/3.7.3 (Windows-10-10.0.17763-SP0)
      x-ms-date:
      - Thu, 10 Oct 2019 16:15:45 GMT
      x-ms-lease-action:
      - renew
      x-ms-lease-id:
      - 29e0b239-ecda-4f69-bfa3-95f6af91464c
      x-ms-version:
      - '2019-02-02'
    method: PUT
    uri: https://pyacrstorage1ea014b6.blob.core.windows.net/container1ea014b6?comp=lease&restype=container
  response:
    body:
      string: ''
    headers:
      content-length:
      - '0'
      date:
      - Thu, 10 Oct 2019 16:15:45 GMT
      etag:
      - '"0x8D74D9D1B14768E"'
      last-modified:
      - Thu, 10 Oct 2019 16:15:45 GMT
      server:
      - Windows-Azure-Blob/1.0 Microsoft-HTTPAPI/2.0
      x-ms-lease-id:
      - 29e0b239-ecda-4f69-bfa3-95f6af91464c
      x-ms-version:
      - '2019-02-02'
    status:
      code: 200
      message: OK
version: 1
