interactions:
- request:
    body: null
    headers:
      Accept:
      - '*/*'
      Accept-Encoding:
      - gzip, deflate
      Connection:
      - keep-alive
      Content-Length:
      - '0'
      User-Agent:
      - azsdk-python-storage-blob/12.6.1 Python/3.7.3 (Windows-10-10.0.19041-SP0)
      x-ms-date:
      - Fri, 18 Dec 2020 01:04:41 GMT
      x-ms-version:
      - '2020-04-08'
    method: PUT
    uri: https://storagename.blob.core.windows.net/utcontainer90f204a?restype=container
  response:
    body:
      string: ''
    headers:
      content-length:
      - '0'
      date:
      - Fri, 18 Dec 2020 01:04:40 GMT
      etag:
      - '"0x8D8A2F0E63E87E5"'
      last-modified:
      - Fri, 18 Dec 2020 01:04:41 GMT
      server:
      - Windows-Azure-Blob/1.0 Microsoft-HTTPAPI/2.0
      x-ms-version:
      - '2020-04-08'
    status:
      code: 201
      message: Created
- request:
    body: aaaaaaaaaaaaaaaaaaaaaaaaaaaaaaaaaaaaaaaaaaaaaaaaaaaaaaaaaaaaaaaaaaaaaaaaaaaaaaaaaaaaaaaaaaaaaaaaaaaa
    headers:
      Accept:
      - '*/*'
      Accept-Encoding:
      - gzip, deflate
      Connection:
      - keep-alive
      Content-Length:
      - '100'
      Content-Type:
      - application/octet-stream
      If-None-Match:
      - '*'
      User-Agent:
      - azsdk-python-storage-blob/12.6.1 Python/3.7.3 (Windows-10-10.0.19041-SP0)
      x-ms-access-tier:
      - Cool
      x-ms-blob-type:
      - BlockBlob
      x-ms-date:
      - Fri, 18 Dec 2020 01:04:41 GMT
      x-ms-version:
      - '2020-04-08'
    method: PUT
    uri: https://storagename.blob.core.windows.net/utcontainer90f204a/blob90f204a
  response:
    body:
      string: ''
    headers:
      content-length:
      - '0'
      content-md5:
      - NqksyUqeD6IfYl+L+wB63w==
      date:
      - Fri, 18 Dec 2020 01:04:40 GMT
      etag:
      - '"0x8D8A2F0E6489BB0"'
      last-modified:
      - Fri, 18 Dec 2020 01:04:41 GMT
      server:
      - Windows-Azure-Blob/1.0 Microsoft-HTTPAPI/2.0
      x-ms-content-crc64:
      - eeIkJntVfP0=
      x-ms-request-server-encrypted:
      - 'true'
      x-ms-version:
      - '2020-04-08'
    status:
      code: 201
      message: Created
- request:
    body: null
    headers:
      Accept:
      - '*/*'
      Accept-Encoding:
      - gzip, deflate
      Connection:
      - keep-alive
      User-Agent:
      - azsdk-python-storage-blob/12.6.1 Python/3.7.3 (Windows-10-10.0.19041-SP0)
      x-ms-date:
      - Fri, 18 Dec 2020 01:04:41 GMT
      x-ms-version:
      - '2020-04-08'
    method: HEAD
    uri: https://storagename.blob.core.windows.net/utcontainer90f204a/blob90f204a
  response:
    body:
      string: ''
    headers:
      accept-ranges:
      - bytes
      content-length:
      - '100'
      content-md5:
      - NqksyUqeD6IfYl+L+wB63w==
      content-type:
      - application/octet-stream
      date:
      - Fri, 18 Dec 2020 01:04:40 GMT
      etag:
      - '"0x8D8A2F0E6489BB0"'
      last-modified:
      - Fri, 18 Dec 2020 01:04:41 GMT
      server:
      - Windows-Azure-Blob/1.0 Microsoft-HTTPAPI/2.0
      vary:
      - Origin
      x-ms-access-tier:
      - Cool
      x-ms-access-tier-change-time:
      - Fri, 18 Dec 2020 01:04:41 GMT
      x-ms-blob-type:
      - BlockBlob
      x-ms-creation-time:
      - Fri, 18 Dec 2020 01:04:41 GMT
      x-ms-lease-state:
      - available
      x-ms-lease-status:
      - unlocked
      x-ms-server-encrypted:
      - 'true'
      x-ms-version:
      - '2020-04-08'
    status:
      code: 200
      message: OK
version: 1
