interactions:
- request:
    body: null
    headers:
      Accept:
      - application/xml
      Accept-Encoding:
      - gzip, deflate
      Connection:
      - keep-alive
      Content-Length:
      - '0'
      User-Agent:
      - azsdk-python-storage-blob/12.11.0b1 Python/3.10.1 (Windows-10-10.0.17763-SP0)
      x-ms-date:
      - Sat, 26 Mar 2022 00:59:20 GMT
      x-ms-version:
      - '2021-06-08'
    method: PUT
    uri: https://storagename.blob.core.windows.net/container261e1999?restype=container&timeout=5
  response:
    body:
      string: ''
    headers:
      content-length:
      - '0'
      date:
      - Sat, 26 Mar 2022 00:59:20 GMT
      etag:
      - '"0x8DA0EC3DC4D6060"'
      last-modified:
      - Sat, 26 Mar 2022 00:59:20 GMT
      server:
      - Windows-Azure-Blob/1.0 Microsoft-HTTPAPI/2.0
      x-ms-version:
      - '2021-06-08'
    status:
      code: 201
      message: Created
- request:
    body: Hello World
    headers:
      Accept:
      - application/xml
      Accept-Encoding:
      - gzip, deflate
      Connection:
      - keep-alive
      Content-Length:
      - '11'
      Content-Type:
      - application/octet-stream
      User-Agent:
      - azsdk-python-storage-blob/12.11.0b1 Python/3.10.1 (Windows-10-10.0.17763-SP0)
      x-ms-blob-type:
      - BlockBlob
      x-ms-date:
      - Sat, 26 Mar 2022 00:59:20 GMT
      x-ms-tags:
      - tag1=firsttag&tag2=secondtag&tag3=thirdtag
      x-ms-version:
      - '2021-06-08'
    method: PUT
    uri: https://storagename.blob.core.windows.net/container261e1999/blob261e1999
  response:
    body:
      string: ''
    headers:
      content-length:
      - '0'
      content-md5:
      - sQqNsWTgdUEFt6mb5y4/5Q==
      date:
      - Sat, 26 Mar 2022 00:59:20 GMT
      etag:
      - '"0x8DA0EC3DC58C238"'
      last-modified:
      - Sat, 26 Mar 2022 00:59:20 GMT
      server:
      - Windows-Azure-Blob/1.0 Microsoft-HTTPAPI/2.0
      x-ms-content-crc64:
      - YeJLfssylmU=
      x-ms-request-server-encrypted:
      - 'true'
      x-ms-version:
      - '2021-06-08'
    status:
      code: 201
      message: Created
- request:
    body: null
    headers:
      Accept:
      - application/xml
      Accept-Encoding:
      - gzip, deflate
      Connection:
      - keep-alive
      Content-Length:
      - '0'
      User-Agent:
      - azsdk-python-storage-blob/12.11.0b1 Python/3.10.1 (Windows-10-10.0.17763-SP0)
      x-ms-copy-source:
      - https://storagename.blob.core.windows.net/container261e1999/blob261e1999?se=2022-03-26T01%3A59%3A20Z&sp=rt&sv=2021-06-08&sr=b&sig=xxx
      x-ms-copy-source-tag-option:
      - REPLACE
      x-ms-date:
      - Sat, 26 Mar 2022 00:59:20 GMT
      x-ms-requires-sync:
      - 'True'
      x-ms-tags:
      - hello=world
      x-ms-version:
      - '2021-06-08'
    method: PUT
    uri: https://storagename.blob.core.windows.net/container261e1999/blob1copy
  response:
    body:
      string: ''
    headers:
      content-length:
      - '0'
      date:
      - Sat, 26 Mar 2022 00:59:20 GMT
      etag:
      - '"0x8DA0EC3DC85311A"'
      last-modified:
      - Sat, 26 Mar 2022 00:59:20 GMT
      server:
      - Windows-Azure-Blob/1.0 Microsoft-HTTPAPI/2.0
      x-ms-content-crc64:
      - YeJLfssylmU=
      x-ms-copy-id:
      - 3b909a82-b620-4e8c-a98f-ee82c4b62ca0
      x-ms-copy-status:
      - success
      x-ms-request-server-encrypted:
      - 'true'
      x-ms-version:
      - '2021-06-08'
    status:
      code: 202
      message: Accepted
- request:
    body: null
    headers:
      Accept:
      - application/xml
      Accept-Encoding:
      - gzip, deflate
      Connection:
      - keep-alive
      User-Agent:
      - azsdk-python-storage-blob/12.11.0b1 Python/3.10.1 (Windows-10-10.0.17763-SP0)
      x-ms-date:
      - Sat, 26 Mar 2022 00:59:20 GMT
      x-ms-version:
      - '2021-06-08'
    method: GET
    uri: https://storagename.blob.core.windows.net/container261e1999/blob1copy?comp=tags
  response:
    body:
      string: "\uFEFF<?xml version=\"1.0\" encoding=\"utf-8\"?>\n<Tags><TagSet><Tag><Key>hello</Key><Value>world</Value></Tag></TagSet></Tags>"
    headers:
      content-length:
      - '119'
      content-type:
      - application/xml
      date:
      - Sat, 26 Mar 2022 00:59:20 GMT
      server:
      - Windows-Azure-Blob/1.0 Microsoft-HTTPAPI/2.0
      vary:
      - Origin
      x-ms-version:
      - '2021-06-08'
    status:
      code: 200
      message: OK
version: 1
