interactions:
- request:
    body: null
    headers:
      User-Agent:
      - azsdk-python-storage-blob/12.0.0b5 Python/3.6.3 (Windows-10-10.0.18362-SP0)
      x-ms-date:
      - Fri, 25 Oct 2019 18:12:33 GMT
      x-ms-version:
      - '2019-02-02'
    method: PUT
    uri: https://pyacrstoragestorname.blob.core.windows.net/utcontainera51f124f?restype=container
  response:
    body:
      string: ''
    headers:
      content-length: '0'
      date: Fri, 25 Oct 2019 18:12:33 GMT
      etag: '"0x8D75976E8F08AB4"'
      last-modified: Fri, 25 Oct 2019 18:12:34 GMT
      server: Windows-Azure-Blob/1.0 Microsoft-HTTPAPI/2.0
      x-ms-version: '2019-02-02'
    status:
      code: 201
      message: Created
    url: !!python/object/new:yarl.URL
      state: !!python/tuple
      - !!python/object/new:urllib.parse.SplitResult
        - https
        - pyacrstoragegby3ywuzyziq.blob.core.windows.net
        - /utcontainera51f124f
        - restype=container
        - ''
- request:
    body: null
    headers:
      User-Agent:
      - azsdk-python-storage-blob/12.0.0b5 Python/3.6.3 (Windows-10-10.0.18362-SP0)
      x-ms-date:
      - Fri, 25 Oct 2019 18:12:34 GMT
      x-ms-version:
      - '2019-02-02'
    method: PUT
    uri: https://pyacrstoragestorname.blob.core.windows.net/utcontainersourcea51f124f?restype=container
  response:
    body:
      string: ''
    headers:
      content-length: '0'
      date: Fri, 25 Oct 2019 18:12:33 GMT
      etag: '"0x8D75976E8F8F0B6"'
      last-modified: Fri, 25 Oct 2019 18:12:34 GMT
      server: Windows-Azure-Blob/1.0 Microsoft-HTTPAPI/2.0
      x-ms-version: '2019-02-02'
    status:
      code: 201
      message: Created
    url: !!python/object/new:yarl.URL
      state: !!python/tuple
      - !!python/object/new:urllib.parse.SplitResult
        - https
        - pyacrstoragegby3ywuzyziq.blob.core.windows.net
        - /utcontainersourcea51f124f
        - restype=container
        - ''
- request:
    body: null
    headers:
      User-Agent:
      - azsdk-python-storage-blob/12.0.0b5 Python/3.6.3 (Windows-10-10.0.18362-SP0)
      x-ms-date:
      - Fri, 25 Oct 2019 18:12:34 GMT
      x-ms-version:
      - '2019-02-02'
    method: PUT
    uri: https://pyacrstoragestorname.blob.core.windows.net/utpremiumcontainera51f124f?restype=container
  response:
    body:
      string: ''
    headers:
      content-length: '0'
      date: Fri, 25 Oct 2019 18:12:34 GMT
      etag: '"0x8D75976E9148069"'
      last-modified: Fri, 25 Oct 2019 18:12:34 GMT
      server: Windows-Azure-Blob/1.0 Microsoft-HTTPAPI/2.0
      x-ms-version: '2019-02-02'
    status:
      code: 201
      message: Created
    url: !!python/object/new:yarl.URL
      state: !!python/tuple
      - !!python/object/new:urllib.parse.SplitResult
        - https
        - pyacrstoragegby3ywuzyziq.blob.core.windows.net
        - /utpremiumcontainera51f124f
        - restype=container
        - ''
- request:
    body: null
    headers:
      Content-Length:
      - '0'
      User-Agent:
      - azsdk-python-storage-blob/12.0.0b5 Python/3.6.3 (Windows-10-10.0.18362-SP0)
      x-ms-access-tier:
      - P10
      x-ms-blob-content-length:
      - '1024'
      x-ms-blob-type:
      - PageBlob
      x-ms-date:
      - Fri, 25 Oct 2019 18:12:35 GMT
      x-ms-version:
      - '2019-02-02'
    method: PUT
    uri: https://pyacrstoragestorname.blob.core.windows.net/utpremiumcontainera51f124f/bloba51f124f
  response:
    body:
      string: ''
    headers:
      content-length: '0'
      date: Fri, 25 Oct 2019 18:12:34 GMT
      etag: '"0x8D75976E91DFD85"'
      last-modified: Fri, 25 Oct 2019 18:12:34 GMT
      server: Windows-Azure-Blob/1.0 Microsoft-HTTPAPI/2.0
      x-ms-request-server-encrypted: 'true'
      x-ms-version: '2019-02-02'
    status:
      code: 201
      message: Created
    url: !!python/object/new:yarl.URL
      state: !!python/tuple
      - !!python/object/new:urllib.parse.SplitResult
        - https
        - pyacrstoragegby3ywuzyziq.blob.core.windows.net
        - /utpremiumcontainera51f124f/bloba51f124f
        - ''
        - ''
- request:
    body: null
    headers:
      User-Agent:
      - azsdk-python-storage-blob/12.0.0b5 Python/3.6.3 (Windows-10-10.0.18362-SP0)
      x-ms-access-tier:
      - P30
      x-ms-copy-source:
      - https://pyacrstoragegby3ywuzyziq.blob.core.windows.net/utpremiumcontainera51f124f/bloba51f124f
      x-ms-date:
      - Fri, 25 Oct 2019 18:12:35 GMT
      x-ms-version:
      - '2019-02-02'
    method: PUT
    uri: https://pyacrstoragestorname.blob.core.windows.net/utpremiumcontainera51f124f/blob1copy
  response:
    body:
      string: ''
    headers:
      content-length: '0'
      date: Fri, 25 Oct 2019 18:12:34 GMT
      etag: '"0x8D75976E92B1F49"'
      last-modified: Fri, 25 Oct 2019 18:12:34 GMT
      server: Windows-Azure-Blob/1.0 Microsoft-HTTPAPI/2.0
      x-ms-copy-id: 8c55a596-987a-473e-85a0-fae98cb63041
      x-ms-copy-status: success
      x-ms-version: '2019-02-02'
    status:
      code: 202
      message: Accepted
    url: !!python/object/new:yarl.URL
      state: !!python/tuple
      - !!python/object/new:urllib.parse.SplitResult
        - https
        - pyacrstoragegby3ywuzyziq.blob.core.windows.net
        - /utpremiumcontainera51f124f/blob1copy
        - ''
        - ''
- request:
    body: null
    headers:
      User-Agent:
      - azsdk-python-storage-blob/12.0.0b5 Python/3.6.3 (Windows-10-10.0.18362-SP0)
      x-ms-date:
      - Fri, 25 Oct 2019 18:12:35 GMT
      x-ms-version:
      - '2019-02-02'
    method: HEAD
    uri: https://pyacrstoragestorname.blob.core.windows.net/utpremiumcontainera51f124f/blob1copy
  response:
    body:
      string: ''
    headers:
      accept-ranges: bytes
      content-length: '1024'
      content-type: application/octet-stream
      date: Fri, 25 Oct 2019 18:12:34 GMT
      etag: '"0x8D75976E92B1F49"'
      last-modified: Fri, 25 Oct 2019 18:12:34 GMT
      server: Windows-Azure-Blob/1.0 Microsoft-HTTPAPI/2.0
      x-ms-access-tier: P30
      x-ms-blob-sequence-number: '0'
      x-ms-blob-type: PageBlob
      x-ms-copy-completion-time: Fri, 25 Oct 2019 18:12:34 GMT
      x-ms-copy-id: 8c55a596-987a-473e-85a0-fae98cb63041
      x-ms-copy-progress: 1024/1024
      x-ms-copy-source: https://pyacrstoragegby3ywuzyziq.blob.core.windows.net/utpremiumcontainera51f124f/bloba51f124f
      x-ms-copy-status: success
      x-ms-creation-time: Fri, 25 Oct 2019 18:12:34 GMT
      x-ms-lease-state: available
      x-ms-lease-status: unlocked
      x-ms-server-encrypted: 'true'
      x-ms-version: '2019-02-02'
    status:
      code: 200
      message: OK
    url: !!python/object/new:yarl.URL
      state: !!python/tuple
      - !!python/object/new:urllib.parse.SplitResult
        - https
        - pyacrstoragegby3ywuzyziq.blob.core.windows.net
        - /utpremiumcontainera51f124f/blob1copy
        - ''
        - ''
- request:
    body: null
    headers:
      Content-Length:
      - '0'
      User-Agent:
      - azsdk-python-storage-blob/12.0.0b5 Python/3.6.3 (Windows-10-10.0.18362-SP0)
      x-ms-blob-content-length:
      - '1024'
      x-ms-blob-type:
      - PageBlob
      x-ms-date:
      - Fri, 25 Oct 2019 18:12:35 GMT
      x-ms-version:
      - '2019-02-02'
    method: PUT
    uri: https://pyacrstoragestorname.blob.core.windows.net/utpremiumcontainera51f124f/bloba51f124f
  response:
    body:
      string: ''
    headers:
      content-length: '0'
      date: Fri, 25 Oct 2019 18:12:34 GMT
      etag: '"0x8D75976E94DEFCE"'
      last-modified: Fri, 25 Oct 2019 18:12:35 GMT
      server: Windows-Azure-Blob/1.0 Microsoft-HTTPAPI/2.0
      x-ms-request-server-encrypted: 'true'
      x-ms-version: '2019-02-02'
    status:
      code: 201
      message: Created
    url: !!python/object/new:yarl.URL
      state: !!python/tuple
      - !!python/object/new:urllib.parse.SplitResult
        - https
        - pyacrstoragegby3ywuzyziq.blob.core.windows.net
        - /utpremiumcontainera51f124f/bloba51f124f
        - ''
        - ''
- request:
    body: null
    headers:
      User-Agent:
      - azsdk-python-storage-blob/12.0.0b5 Python/3.6.3 (Windows-10-10.0.18362-SP0)
      x-ms-access-tier:
      - P60
      x-ms-copy-source:
      - https://pyacrstoragegby3ywuzyziq.blob.core.windows.net/utpremiumcontainera51f124f/bloba51f124f
      x-ms-date:
      - Fri, 25 Oct 2019 18:12:35 GMT
      x-ms-version:
      - '2019-02-02'
    method: PUT
    uri: https://pyacrstoragestorname.blob.core.windows.net/utpremiumcontainera51f124f/blob2copy
  response:
    body:
      string: ''
    headers:
      content-length: '0'
      date: Fri, 25 Oct 2019 18:12:34 GMT
      etag: '"0x8D75976E958EE4E"'
      last-modified: Fri, 25 Oct 2019 18:12:35 GMT
      server: Windows-Azure-Blob/1.0 Microsoft-HTTPAPI/2.0
      x-ms-copy-id: a3de5f3f-66e6-4296-be6b-4c26c5b7e41c
      x-ms-copy-status: success
      x-ms-version: '2019-02-02'
    status:
      code: 202
      message: Accepted
    url: !!python/object/new:yarl.URL
      state: !!python/tuple
      - !!python/object/new:urllib.parse.SplitResult
        - https
        - pyacrstoragegby3ywuzyziq.blob.core.windows.net
        - /utpremiumcontainera51f124f/blob2copy
        - ''
        - ''
- request:
    body: null
    headers:
      User-Agent:
      - azsdk-python-storage-blob/12.0.0b5 Python/3.6.3 (Windows-10-10.0.18362-SP0)
      x-ms-date:
      - Fri, 25 Oct 2019 18:12:35 GMT
      x-ms-version:
      - '2019-02-02'
    method: HEAD
    uri: https://pyacrstoragestorname.blob.core.windows.net/utpremiumcontainera51f124f/blob2copy
  response:
    body:
      string: ''
    headers:
      accept-ranges: bytes
      content-length: '1024'
      content-type: application/octet-stream
      date: Fri, 25 Oct 2019 18:12:34 GMT
      etag: '"0x8D75976E958EE4E"'
      last-modified: Fri, 25 Oct 2019 18:12:35 GMT
      server: Windows-Azure-Blob/1.0 Microsoft-HTTPAPI/2.0
      x-ms-access-tier: P60
      x-ms-blob-sequence-number: '0'
      x-ms-blob-type: PageBlob
      x-ms-copy-completion-time: Fri, 25 Oct 2019 18:12:35 GMT
      x-ms-copy-id: a3de5f3f-66e6-4296-be6b-4c26c5b7e41c
      x-ms-copy-progress: 1024/1024
      x-ms-copy-source: https://pyacrstoragegby3ywuzyziq.blob.core.windows.net/utpremiumcontainera51f124f/bloba51f124f
      x-ms-copy-status: success
      x-ms-creation-time: Fri, 25 Oct 2019 18:12:35 GMT
      x-ms-lease-state: available
      x-ms-lease-status: unlocked
      x-ms-server-encrypted: 'true'
      x-ms-version: '2019-02-02'
    status:
      code: 200
      message: OK
    url: !!python/object/new:yarl.URL
      state: !!python/tuple
      - !!python/object/new:urllib.parse.SplitResult
        - https
        - pyacrstoragegby3ywuzyziq.blob.core.windows.net
        - /utpremiumcontainera51f124f/blob2copy
        - ''
        - ''
- request:
    body: null
    headers:
      User-Agent:
      - azsdk-python-storage-blob/12.0.0b5 Python/3.6.3 (Windows-10-10.0.18362-SP0)
      x-ms-copy-source:
      - https://pyacrstoragegby3ywuzyziq.blob.core.windows.net/utpremiumcontainera51f124f/bloba51f124f
      x-ms-date:
      - Fri, 25 Oct 2019 18:12:35 GMT
      x-ms-version:
      - '2019-02-02'
    method: PUT
    uri: https://pyacrstoragestorname.blob.core.windows.net/utpremiumcontainera51f124f/blob3copy
  response:
    body:
      string: ''
    headers:
      content-length: '0'
      date: Fri, 25 Oct 2019 18:12:34 GMT
      etag: '"0x8D75976E97C341B"'
      last-modified: Fri, 25 Oct 2019 18:12:35 GMT
      server: Windows-Azure-Blob/1.0 Microsoft-HTTPAPI/2.0
      x-ms-copy-id: 3fa2d5de-c06a-4d97-a511-d16b0eeeb8a0
      x-ms-copy-status: success
      x-ms-version: '2019-02-02'
    status:
      code: 202
      message: Accepted
    url: !!python/object/new:yarl.URL
      state: !!python/tuple
      - !!python/object/new:urllib.parse.SplitResult
        - https
        - pyacrstoragegby3ywuzyziq.blob.core.windows.net
        - /utpremiumcontainera51f124f/blob3copy
        - ''
        - ''
- request:
    body: null
    headers:
      User-Agent:
      - azsdk-python-storage-blob/12.0.0b5 Python/3.6.3 (Windows-10-10.0.18362-SP0)
      x-ms-date:
      - Fri, 25 Oct 2019 18:12:35 GMT
      x-ms-version:
      - '2019-02-02'
    method: HEAD
    uri: https://pyacrstoragestorname.blob.core.windows.net/utpremiumcontainera51f124f/blob3copy
  response:
    body:
      string: ''
    headers:
      accept-ranges: bytes
      content-length: '1024'
      content-type: application/octet-stream
      date: Fri, 25 Oct 2019 18:12:34 GMT
      etag: '"0x8D75976E97C341B"'
      last-modified: Fri, 25 Oct 2019 18:12:35 GMT
      server: Windows-Azure-Blob/1.0 Microsoft-HTTPAPI/2.0
      x-ms-access-tier: P10
      x-ms-access-tier-inferred: 'true'
      x-ms-blob-sequence-number: '0'
      x-ms-blob-type: PageBlob
      x-ms-copy-completion-time: Fri, 25 Oct 2019 18:12:35 GMT
      x-ms-copy-id: 3fa2d5de-c06a-4d97-a511-d16b0eeeb8a0
      x-ms-copy-progress: 1024/1024
      x-ms-copy-source: https://pyacrstoragegby3ywuzyziq.blob.core.windows.net/utpremiumcontainera51f124f/bloba51f124f
      x-ms-copy-status: success
      x-ms-creation-time: Fri, 25 Oct 2019 18:12:35 GMT
      x-ms-lease-state: available
      x-ms-lease-status: unlocked
      x-ms-server-encrypted: 'true'
      x-ms-version: '2019-02-02'
    status:
      code: 200
      message: OK
    url: !!python/object/new:yarl.URL
      state: !!python/tuple
      - !!python/object/new:urllib.parse.SplitResult
        - https
        - pyacrstoragegby3ywuzyziq.blob.core.windows.net
        - /utpremiumcontainera51f124f/blob3copy
        - ''
        - ''
- request:
    body: null
    headers:
      User-Agent:
      - azsdk-python-storage-blob/12.0.0b5 Python/3.6.3 (Windows-10-10.0.18362-SP0)
      x-ms-date:
      - Fri, 25 Oct 2019 18:12:35 GMT
      x-ms-version:
      - '2019-02-02'
    method: DELETE
    uri: https://pyacrstoragestorname.blob.core.windows.net/utpremiumcontainera51f124f?restype=container
  response:
    body:
      string: ''
    headers:
      content-length: '0'
      date: Fri, 25 Oct 2019 18:12:35 GMT
      server: Windows-Azure-Blob/1.0 Microsoft-HTTPAPI/2.0
      x-ms-version: '2019-02-02'
    status:
      code: 202
      message: Accepted
    url: !!python/object/new:yarl.URL
      state: !!python/tuple
      - !!python/object/new:urllib.parse.SplitResult
        - https
        - pyacrstoragegby3ywuzyziq.blob.core.windows.net
        - /utpremiumcontainera51f124f
        - restype=container
        - ''
version: 1
