{
  "Entries": [
    {
      "RequestUri": "https://pyacrstoragestorname.blob.core.windows.net/utpremiumcontainere4e5295c?restype=container",
      "RequestMethod": "PUT",
      "RequestHeaders": {
        "Accept": "application/xml",
        "Accept-Encoding": "gzip, deflate",
        "Connection": "keep-alive",
        "Content-Length": "0",
        "User-Agent": "azsdk-python-storage-blob/12.14.0b1 Python/3.10.5 (Windows-10-10.0.22000-SP0)",
        "x-ms-date": "Fri, 22 Jul 2022 23:16:12 GMT",
        "x-ms-version": "2021-08-06"
      },
      "RequestBody": null,
      "StatusCode": 201,
      "ResponseHeaders": {
        "Content-Length": "0",
        "Date": "Fri, 22 Jul 2022 23:16:14 GMT",
        "ETag": "\u00220x8DA6C382CA3E04A\u0022",
        "Last-Modified": "Fri, 22 Jul 2022 23:16:14 GMT",
        "Server": [
          "Windows-Azure-Blob/1.0",
          "Microsoft-HTTPAPI/2.0"
        ],
        "x-ms-version": "2021-08-06"
      },
      "ResponseBody": null
    },
    {
      "RequestUri": "https://pyacrstoragestorname.blob.core.windows.net/utpremiumcontainere4e5295c/blobe4e5295c",
      "RequestMethod": "PUT",
      "RequestHeaders": {
        "Accept": "application/xml",
        "Accept-Encoding": "gzip, deflate",
        "Connection": "keep-alive",
        "Content-Length": "0",
        "User-Agent": "azsdk-python-storage-blob/12.14.0b1 Python/3.10.5 (Windows-10-10.0.22000-SP0)",
        "x-ms-access-tier": "P10",
        "x-ms-blob-content-length": "1024",
        "x-ms-blob-type": "PageBlob",
        "x-ms-date": "Fri, 22 Jul 2022 23:16:13 GMT",
        "x-ms-version": "2021-08-06"
      },
      "RequestBody": null,
      "StatusCode": 201,
      "ResponseHeaders": {
        "Content-Length": "0",
        "Date": "Fri, 22 Jul 2022 23:16:14 GMT",
        "ETag": "\u00220x8DA6C382CB55782\u0022",
        "Last-Modified": "Fri, 22 Jul 2022 23:16:15 GMT",
        "Server": [
          "Windows-Azure-Blob/1.0",
          "Microsoft-HTTPAPI/2.0"
        ],
        "x-ms-request-server-encrypted": "true",
        "x-ms-version": "2021-08-06"
      },
      "ResponseBody": null
    },
    {
      "RequestUri": "https://pyacrstoragestorname.blob.core.windows.net/utpremiumcontainere4e5295c/blob1copy",
      "RequestMethod": "PUT",
      "RequestHeaders": {
        "Accept": "application/xml",
        "Accept-Encoding": "gzip, deflate",
        "Connection": "keep-alive",
        "Content-Length": "0",
        "User-Agent": "azsdk-python-storage-blob/12.14.0b1 Python/3.10.5 (Windows-10-10.0.22000-SP0)",
        "x-ms-access-tier": "P30",
        "x-ms-copy-source": "https://pyacrstoragestorname.blob.core.windows.net/utpremiumcontainere4e5295c/blobe4e5295c",
        "x-ms-date": "Fri, 22 Jul 2022 23:16:13 GMT",
        "x-ms-version": "2021-08-06"
      },
      "RequestBody": null,
      "StatusCode": 202,
      "ResponseHeaders": {
        "Content-Length": "0",
        "Date": "Fri, 22 Jul 2022 23:16:14 GMT",
        "ETag": "\u00220x8DA6C382CC9C6E1\u0022",
        "Last-Modified": "Fri, 22 Jul 2022 23:16:15 GMT",
        "Server": [
          "Windows-Azure-Blob/1.0",
          "Microsoft-HTTPAPI/2.0"
        ],
        "x-ms-copy-id": "99522d12-1d38-45af-8115-df26b3e51346",
        "x-ms-copy-status": "success",
        "x-ms-version": "2021-08-06"
      },
      "ResponseBody": null
    },
    {
      "RequestUri": "https://pyacrstoragestorname.blob.core.windows.net/utpremiumcontainere4e5295c/blob1copy",
      "RequestMethod": "HEAD",
      "RequestHeaders": {
        "Accept": "application/xml",
        "Accept-Encoding": "gzip, deflate",
        "Connection": "keep-alive",
        "User-Agent": "azsdk-python-storage-blob/12.14.0b1 Python/3.10.5 (Windows-10-10.0.22000-SP0)",
        "x-ms-date": "Fri, 22 Jul 2022 23:16:13 GMT",
        "x-ms-version": "2021-08-06"
      },
      "RequestBody": null,
      "StatusCode": 200,
      "ResponseHeaders": {
        "Accept-Ranges": "bytes",
        "Content-Length": "1024",
        "Content-Type": "application/octet-stream",
        "Date": "Fri, 22 Jul 2022 23:16:14 GMT",
        "ETag": "\u00220x8DA6C382CC9C6E1\u0022",
        "Last-Modified": "Fri, 22 Jul 2022 23:16:15 GMT",
        "Server": [
          "Windows-Azure-Blob/1.0",
          "Microsoft-HTTPAPI/2.0"
        ],
        "x-ms-access-tier": "P30",
        "x-ms-blob-sequence-number": "0",
        "x-ms-blob-type": "PageBlob",
        "x-ms-copy-completion-time": "Fri, 22 Jul 2022 23:16:15 GMT",
        "x-ms-copy-id": "99522d12-1d38-45af-8115-df26b3e51346",
        "x-ms-copy-progress": "1024/1024",
        "x-ms-copy-source": "https://pyacrstoragestorname.blob.core.windows.net/utpremiumcontainere4e5295c/blobe4e5295c",
        "x-ms-copy-status": "success",
        "x-ms-creation-time": "Fri, 22 Jul 2022 23:16:15 GMT",
        "x-ms-lease-state": "available",
        "x-ms-lease-status": "unlocked",
        "x-ms-server-encrypted": "true",
        "x-ms-version": "2021-08-06"
      },
      "ResponseBody": null
    },
    {
      "RequestUri": "https://pyacrstoragestorname.blob.core.windows.net/utpremiumcontainere4e5295c/blobe4e5295c",
      "RequestMethod": "PUT",
      "RequestHeaders": {
        "Accept": "application/xml",
        "Accept-Encoding": "gzip, deflate",
        "Connection": "keep-alive",
        "Content-Length": "0",
        "User-Agent": "azsdk-python-storage-blob/12.14.0b1 Python/3.10.5 (Windows-10-10.0.22000-SP0)",
        "x-ms-blob-content-length": "1024",
        "x-ms-blob-type": "PageBlob",
        "x-ms-date": "Fri, 22 Jul 2022 23:16:13 GMT",
        "x-ms-version": "2021-08-06"
      },
      "RequestBody": null,
      "StatusCode": 201,
      "ResponseHeaders": {
        "Content-Length": "0",
        "Date": "Fri, 22 Jul 2022 23:16:14 GMT",
        "ETag": "\u00220x8DA6C382CECDA1D\u0022",
        "Last-Modified": "Fri, 22 Jul 2022 23:16:15 GMT",
        "Server": [
          "Windows-Azure-Blob/1.0",
          "Microsoft-HTTPAPI/2.0"
        ],
        "x-ms-request-server-encrypted": "true",
        "x-ms-version": "2021-08-06"
      },
      "ResponseBody": null
    },
    {
      "RequestUri": "https://pyacrstoragestorname.blob.core.windows.net/utpremiumcontainere4e5295c/blob2copy",
      "RequestMethod": "PUT",
      "RequestHeaders": {
        "Accept": "application/xml",
        "Accept-Encoding": "gzip, deflate",
        "Connection": "keep-alive",
        "Content-Length": "0",
        "User-Agent": "azsdk-python-storage-blob/12.14.0b1 Python/3.10.5 (Windows-10-10.0.22000-SP0)",
        "x-ms-access-tier": "P60",
        "x-ms-copy-source": "https://pyacrstoragestorname.blob.core.windows.net/utpremiumcontainere4e5295c/blobe4e5295c",
        "x-ms-date": "Fri, 22 Jul 2022 23:16:13 GMT",
        "x-ms-version": "2021-08-06"
      },
      "RequestBody": null,
      "StatusCode": 202,
      "ResponseHeaders": {
        "Content-Length": "0",
        "Date": "Fri, 22 Jul 2022 23:16:14 GMT",
        "ETag": "\u00220x8DA6C382D00382F\u0022",
        "Last-Modified": "Fri, 22 Jul 2022 23:16:15 GMT",
        "Server": [
          "Windows-Azure-Blob/1.0",
          "Microsoft-HTTPAPI/2.0"
        ],
        "x-ms-copy-id": "dbb317dc-7a02-48fb-8ae1-e10ffb5d99e0",
        "x-ms-copy-status": "success",
        "x-ms-version": "2021-08-06"
      },
      "ResponseBody": null
    },
    {
      "RequestUri": "https://pyacrstoragestorname.blob.core.windows.net/utpremiumcontainere4e5295c/blob2copy",
      "RequestMethod": "HEAD",
      "RequestHeaders": {
        "Accept": "application/xml",
        "Accept-Encoding": "gzip, deflate",
        "Connection": "keep-alive",
        "User-Agent": "azsdk-python-storage-blob/12.14.0b1 Python/3.10.5 (Windows-10-10.0.22000-SP0)",
        "x-ms-date": "Fri, 22 Jul 2022 23:16:13 GMT",
        "x-ms-version": "2021-08-06"
      },
      "RequestBody": null,
      "StatusCode": 200,
      "ResponseHeaders": {
        "Accept-Ranges": "bytes",
        "Content-Length": "1024",
        "Content-Type": "application/octet-stream",
        "Date": "Fri, 22 Jul 2022 23:16:15 GMT",
        "ETag": "\u00220x8DA6C382D00382F\u0022",
        "Last-Modified": "Fri, 22 Jul 2022 23:16:15 GMT",
        "Server": [
          "Windows-Azure-Blob/1.0",
          "Microsoft-HTTPAPI/2.0"
        ],
        "x-ms-access-tier": "P60",
        "x-ms-blob-sequence-number": "0",
        "x-ms-blob-type": "PageBlob",
        "x-ms-copy-completion-time": "Fri, 22 Jul 2022 23:16:15 GMT",
        "x-ms-copy-id": "dbb317dc-7a02-48fb-8ae1-e10ffb5d99e0",
        "x-ms-copy-progress": "1024/1024",
        "x-ms-copy-source": "https://pyacrstoragestorname.blob.core.windows.net/utpremiumcontainere4e5295c/blobe4e5295c",
        "x-ms-copy-status": "success",
        "x-ms-creation-time": "Fri, 22 Jul 2022 23:16:15 GMT",
        "x-ms-lease-state": "available",
        "x-ms-lease-status": "unlocked",
        "x-ms-server-encrypted": "true",
        "x-ms-version": "2021-08-06"
      },
      "ResponseBody": null
    },
    {
      "RequestUri": "https://pyacrstoragestorname.blob.core.windows.net/utpremiumcontainere4e5295c/blob3copy",
      "RequestMethod": "PUT",
      "RequestHeaders": {
        "Accept": "application/xml",
        "Accept-Encoding": "gzip, deflate",
        "Connection": "keep-alive",
        "Content-Length": "0",
        "User-Agent": "azsdk-python-storage-blob/12.14.0b1 Python/3.10.5 (Windows-10-10.0.22000-SP0)",
        "x-ms-copy-source": "https://pyacrstoragestorname.blob.core.windows.net/utpremiumcontainere4e5295c/blobe4e5295c",
        "x-ms-date": "Fri, 22 Jul 2022 23:16:13 GMT",
        "x-ms-version": "2021-08-06"
      },
      "RequestBody": null,
      "StatusCode": 202,
      "ResponseHeaders": {
        "Content-Length": "0",
        "Date": "Fri, 22 Jul 2022 23:16:15 GMT",
        "ETag": "\u00220x8DA6C382D23C082\u0022",
        "Last-Modified": "Fri, 22 Jul 2022 23:16:15 GMT",
        "Server": [
          "Windows-Azure-Blob/1.0",
          "Microsoft-HTTPAPI/2.0"
        ],
        "x-ms-copy-id": "e7c5d6c5-f38a-47c0-81bc-42ad88d7bcf9",
        "x-ms-copy-status": "success",
        "x-ms-version": "2021-08-06"
      },
      "ResponseBody": null
    },
    {
      "RequestUri": "https://pyacrstoragestorname.blob.core.windows.net/utpremiumcontainere4e5295c/blob3copy",
      "RequestMethod": "HEAD",
      "RequestHeaders": {
        "Accept": "application/xml",
        "Accept-Encoding": "gzip, deflate",
        "Connection": "keep-alive",
        "User-Agent": "azsdk-python-storage-blob/12.14.0b1 Python/3.10.5 (Windows-10-10.0.22000-SP0)",
        "x-ms-date": "Fri, 22 Jul 2022 23:16:13 GMT",
        "x-ms-version": "2021-08-06"
      },
      "RequestBody": null,
      "StatusCode": 200,
      "ResponseHeaders": {
        "Accept-Ranges": "bytes",
        "Content-Length": "1024",
        "Content-Type": "application/octet-stream",
        "Date": "Fri, 22 Jul 2022 23:16:15 GMT",
        "ETag": "\u00220x8DA6C382D23C082\u0022",
        "Last-Modified": "Fri, 22 Jul 2022 23:16:15 GMT",
        "Server": [
          "Windows-Azure-Blob/1.0",
          "Microsoft-HTTPAPI/2.0"
        ],
        "x-ms-access-tier": "P10",
        "x-ms-access-tier-inferred": "true",
        "x-ms-blob-sequence-number": "0",
        "x-ms-blob-type": "PageBlob",
        "x-ms-copy-completion-time": "Fri, 22 Jul 2022 23:16:15 GMT",
        "x-ms-copy-id": "e7c5d6c5-f38a-47c0-81bc-42ad88d7bcf9",
        "x-ms-copy-progress": "1024/1024",
        "x-ms-copy-source": "https://pyacrstoragestorname.blob.core.windows.net/utpremiumcontainere4e5295c/blobe4e5295c",
        "x-ms-copy-status": "success",
        "x-ms-creation-time": "Fri, 22 Jul 2022 23:16:15 GMT",
        "x-ms-lease-state": "available",
        "x-ms-lease-status": "unlocked",
        "x-ms-server-encrypted": "true",
        "x-ms-version": "2021-08-06"
      },
      "ResponseBody": null
    },
    {
      "RequestUri": "https://pyacrstoragestorname.blob.core.windows.net/utpremiumcontainere4e5295c?restype=container",
      "RequestMethod": "DELETE",
      "RequestHeaders": {
        "Accept": "application/xml",
        "Accept-Encoding": "gzip, deflate",
        "Connection": "keep-alive",
        "Content-Length": "0",
        "User-Agent": "azsdk-python-storage-blob/12.14.0b1 Python/3.10.5 (Windows-10-10.0.22000-SP0)",
        "x-ms-date": "Fri, 22 Jul 2022 23:16:14 GMT",
        "x-ms-version": "2021-08-06"
      },
      "RequestBody": null,
      "StatusCode": 202,
      "ResponseHeaders": {
        "Content-Length": "0",
        "Date": "Fri, 22 Jul 2022 23:16:15 GMT",
        "Server": [
          "Windows-Azure-Blob/1.0",
          "Microsoft-HTTPAPI/2.0"
        ],
        "x-ms-version": "2021-08-06"
      },
      "ResponseBody": null
    }
  ],
  "Variables": {}
}
