interactions:
- request:
    body: null
    headers:
      Accept:
      - '*/*'
      Accept-Encoding:
      - gzip, deflate
      Connection:
      - keep-alive
      Content-Length:
      - '0'
      User-Agent:
      - azsdk-python-storage-blob/12.0.0b1 Python/3.6.5 (Darwin-16.7.0-x86_64-i386-64bit)
      x-ms-client-request-id:
      - bd021562-9c16-11e9-89c5-f45c89a7d159
      x-ms-date:
      - Mon, 01 Jul 2019 15:41:48 GMT
      x-ms-version:
      - '2018-03-28'
    method: PUT
    uri: https://storagename.blob.core.windows.net/myappendcontainer?restype=container
  response:
    body:
      string: ''
    headers:
      Content-Length:
      - '0'
      Date:
      - Mon, 01 Jul 2019 15:41:48 GMT
      ETag:
      - '"0x8D6FE3AA1707C5B"'
      Last-Modified:
      - Mon, 01 Jul 2019 15:41:48 GMT
      Server:
      - Windows-Azure-Blob/1.0 Microsoft-HTTPAPI/2.0
      x-ms-request-id:
      - c80b6f04-c01e-0035-2b23-30ca55000000
      x-ms-version:
      - '2018-03-28'
    status:
      code: 201
      message: Created
- request:
    body: Lorem ipsum dolor sit amet, consectetur adipiscing elit
    headers:
      Accept:
      - '*/*'
      Accept-Encoding:
      - gzip, deflate
      Connection:
      - keep-alive
      Content-Length:
      - '55'
      Content-Type:
      - application/octet-stream
      User-Agent:
      - azsdk-python-storage-blob/12.0.0b1 Python/3.6.5 (Darwin-16.7.0-x86_64-i386-64bit)
      x-ms-client-request-id:
      - bd22c6e8-9c16-11e9-8b21-f45c89a7d159
      x-ms-date:
      - Mon, 01 Jul 2019 15:41:48 GMT
      x-ms-version:
      - '2018-03-28'
    method: PUT
    uri: https://storagename.blob.core.windows.net/myappendcontainer/myappendblob?comp=appendblock
  response:
    body:
      string: "\uFEFF<?xml version=\"1.0\" encoding=\"utf-8\"?><Error><Code>BlobNotFound</Code><Message>The\
        \ specified blob does not exist.\nRequestId:c80b6f33-c01e-0035-4e23-30ca55000000\n\
        Time:2019-07-01T15:41:49.0206231Z</Message></Error>"
    headers:
      Content-Length:
      - '215'
      Content-Type:
      - application/xml
      Date:
      - Mon, 01 Jul 2019 15:41:48 GMT
      Server:
      - Windows-Azure-Blob/1.0 Microsoft-HTTPAPI/2.0
      x-ms-error-code:
      - BlobNotFound
      x-ms-request-id:
      - c80b6f33-c01e-0035-4e23-30ca55000000
      x-ms-version:
      - '2018-03-28'
    status:
      code: 404
      message: The specified blob does not exist.
- request:
    body: null
    headers:
      Accept:
      - '*/*'
      Accept-Encoding:
      - gzip, deflate
      Connection:
      - keep-alive
      Content-Length:
      - '0'
      User-Agent:
      - azsdk-python-storage-blob/12.0.0b1 Python/3.6.5 (Darwin-16.7.0-x86_64-i386-64bit)
      x-ms-blob-type:
      - AppendBlob
      x-ms-client-request-id:
      - bd2b6b90-9c16-11e9-9e02-f45c89a7d159
      x-ms-date:
      - Mon, 01 Jul 2019 15:41:48 GMT
      x-ms-version:
      - '2018-03-28'
    method: PUT
    uri: https://storagename.blob.core.windows.net/myappendcontainer/myappendblob
  response:
    body:
      string: ''
    headers:
      Content-Length:
      - '0'
      Date:
      - Mon, 01 Jul 2019 15:41:48 GMT
      ETag:
      - '"0x8D6FE3AA183ADFC"'
      Last-Modified:
      - Mon, 01 Jul 2019 15:41:49 GMT
      Server:
      - Windows-Azure-Blob/1.0 Microsoft-HTTPAPI/2.0
      x-ms-request-id:
      - c80b6f61-c01e-0035-7a23-30ca55000000
      x-ms-request-server-encrypted:
      - 'true'
      x-ms-version:
      - '2018-03-28'
    status:
      code: 201
      message: Created
- request:
    body: Lorem ipsum dolor sit amet, consectetur adipiscing elit
    headers:
      Accept:
      - '*/*'
      Accept-Encoding:
      - gzip, deflate
      Connection:
      - keep-alive
      Content-Length:
      - '55'
      Content-Type:
      - application/octet-stream
      User-Agent:
      - azsdk-python-storage-blob/12.0.0b1 Python/3.6.5 (Darwin-16.7.0-x86_64-i386-64bit)
      x-ms-client-request-id:
      - bd34fff4-9c16-11e9-9638-f45c89a7d159
      x-ms-date:
      - Mon, 01 Jul 2019 15:41:48 GMT
      x-ms-version:
      - '2018-03-28'
    method: PUT
    uri: https://storagename.blob.core.windows.net/myappendcontainer/myappendblob?comp=appendblock
  response:
    body:
      string: ''
    headers:
      Content-Length:
      - '0'
      Content-MD5:
      - /BCgjff6+jhxFmZGYJ4clQ==
      Date:
      - Mon, 01 Jul 2019 15:41:48 GMT
      ETag:
      - '"0x8D6FE3AA18CB04D"'
      Last-Modified:
      - Mon, 01 Jul 2019 15:41:49 GMT
      Server:
      - Windows-Azure-Blob/1.0 Microsoft-HTTPAPI/2.0
      x-ms-blob-append-offset:
      - '0'
      x-ms-blob-committed-block-count:
      - '1'
      x-ms-request-id:
      - c80b6f7c-c01e-0035-1223-30ca55000000
      x-ms-request-server-encrypted:
      - 'true'
      x-ms-version:
      - '2018-03-28'
    status:
      code: 201
      message: Created
- request:
    body: null
    headers:
      Accept:
      - application/xml
      Accept-Encoding:
      - gzip, deflate
      Connection:
      - keep-alive
      User-Agent:
      - azsdk-python-storage-blob/12.0.0b1 Python/3.6.5 (Darwin-16.7.0-x86_64-i386-64bit)
      x-ms-client-request-id:
      - bd3e1088-9c16-11e9-aaf7-f45c89a7d159
      x-ms-date:
      - Mon, 01 Jul 2019 15:41:48 GMT
      x-ms-range:
      - bytes=0-33554431
      x-ms-version:
      - '2018-03-28'
    method: GET
    uri: https://storagename.blob.core.windows.net/myappendcontainer/myappendblob
  response:
    body:
      string: Lorem ipsum dolor sit amet, consectetur adipiscing elit
    headers:
      Accept-Ranges:
      - bytes
      Content-Length:
      - '55'
      Content-Range:
      - bytes 0-54/55
      Content-Type:
      - application/octet-stream
      Date:
      - Mon, 01 Jul 2019 15:41:48 GMT
      ETag:
      - '"0x8D6FE3AA18CB04D"'
      Last-Modified:
      - Mon, 01 Jul 2019 15:41:49 GMT
      Server:
      - Windows-Azure-Blob/1.0 Microsoft-HTTPAPI/2.0
      Vary:
      - Origin
      x-ms-blob-committed-block-count:
      - '1'
      x-ms-blob-type:
      - AppendBlob
      x-ms-creation-time:
      - Mon, 01 Jul 2019 15:41:49 GMT
      x-ms-lease-state:
      - available
      x-ms-lease-status:
      - unlocked
      x-ms-request-id:
      - c80b6f94-c01e-0035-2a23-30ca55000000
      x-ms-server-encrypted:
      - 'true'
      x-ms-version:
      - '2018-03-28'
    status:
      code: 206
      message: Partial Content
- request:
    body: null
    headers:
      Accept:
      - '*/*'
      Accept-Encoding:
      - gzip, deflate
      Connection:
      - keep-alive
      Content-Length:
      - '0'
      User-Agent:
      - azsdk-python-storage-blob/12.0.0b1 Python/3.6.5 (Darwin-16.7.0-x86_64-i386-64bit)
      x-ms-client-request-id:
      - bd46a04a-9c16-11e9-9513-f45c89a7d159
      x-ms-date:
      - Mon, 01 Jul 2019 15:41:49 GMT
      x-ms-version:
      - '2018-03-28'
    method: DELETE
    uri: https://storagename.blob.core.windows.net/myappendcontainer/myappendblob
  response:
    body:
      string: ''
    headers:
      Content-Length:
      - '0'
      Date:
      - Mon, 01 Jul 2019 15:41:48 GMT
      Server:
      - Windows-Azure-Blob/1.0 Microsoft-HTTPAPI/2.0
      x-ms-delete-type-permanent:
      - 'true'
      x-ms-request-id:
      - c80b6fb4-c01e-0035-4723-30ca55000000
      x-ms-version:
      - '2018-03-28'
    status:
      code: 202
      message: Accepted
- request:
    body: null
    headers:
      Accept:
      - '*/*'
      Accept-Encoding:
      - gzip, deflate
      Connection:
      - keep-alive
      Content-Length:
      - '0'
      User-Agent:
      - azsdk-python-storage-blob/12.0.0b1 Python/3.6.5 (Darwin-16.7.0-x86_64-i386-64bit)
      x-ms-client-request-id:
      - bd4f44a2-9c16-11e9-bf96-f45c89a7d159
      x-ms-date:
      - Mon, 01 Jul 2019 15:41:49 GMT
      x-ms-version:
      - '2018-03-28'
    method: DELETE
    uri: https://storagename.blob.core.windows.net/myappendcontainer?restype=container
  response:
    body:
      string: ''
    headers:
      Content-Length:
      - '0'
      Date:
      - Mon, 01 Jul 2019 15:41:48 GMT
      Server:
      - Windows-Azure-Blob/1.0 Microsoft-HTTPAPI/2.0
      x-ms-request-id:
      - c80b6fc7-c01e-0035-5a23-30ca55000000
      x-ms-version:
      - '2018-03-28'
    status:
      code: 202
      message: Accepted
version: 1
