{
  "Entries": [
    {
      "RequestUri": "https://storagename.blob.core.windows.net/utcontainer3bf22a1b?restype=container",
      "RequestMethod": "PUT",
      "RequestHeaders": {
        "Accept": "application/xml",
        "Accept-Encoding": "gzip, deflate",
        "Content-Length": "0",
        "User-Agent": "azsdk-python-storage-blob/12.14.0b1 Python/3.10.5 (Windows-10-10.0.22000-SP0)",
        "x-ms-date": "Tue, 23 Aug 2022 00:13:43 GMT",
        "x-ms-version": "2021-08-06"
      },
      "RequestBody": null,
      "StatusCode": 201,
      "ResponseHeaders": {
        "Content-Length": "0",
        "Date": "Tue, 23 Aug 2022 00:13:43 GMT",
        "ETag": "\u00220x8DA849C5758CD3D\u0022",
        "Last-Modified": "Tue, 23 Aug 2022 00:13:44 GMT",
        "Server": [
          "Windows-Azure-Blob/1.0",
          "Microsoft-HTTPAPI/2.0"
        ],
        "x-ms-version": "2021-08-06"
      },
      "ResponseBody": null
    },
    {
      "RequestUri": "https://storagename.blob.core.windows.net/utcontainer3bf22a1b/cpk3bf22a1b",
      "RequestMethod": "PUT",
      "RequestHeaders": {
        "Accept": "application/xml",
        "Accept-Encoding": "gzip, deflate",
        "Content-Length": "9",
        "Content-Type": "application/octet-stream",
        "If-None-Match": "*",
        "User-Agent": "azsdk-python-storage-blob/12.14.0b1 Python/3.10.5 (Windows-10-10.0.22000-SP0)",
        "x-ms-blob-type": "BlockBlob",
        "x-ms-date": "Tue, 23 Aug 2022 00:13:44 GMT",
        "x-ms-encryption-algorithm": "AES256",
        "x-ms-encryption-key": "Sanitized",
        "x-ms-encryption-key-sha256": "3QFFFpRA5\u002BXANHqwwbT4yXDmrT/2JaLt/FKHjzhOdoE=",
        "x-ms-version": "2021-08-06"
      },
      "RequestBody": "QUFBQkJCQ0ND",
      "StatusCode": 201,
      "ResponseHeaders": {
        "Content-Length": "0",
        "Content-MD5": "Yge131eW6WNBDTvEtqQhiw==",
        "Date": "Tue, 23 Aug 2022 00:13:43 GMT",
        "ETag": "\u00220x8DA849C57649BBF\u0022",
        "Last-Modified": "Tue, 23 Aug 2022 00:13:44 GMT",
        "Server": [
          "Windows-Azure-Blob/1.0",
          "Microsoft-HTTPAPI/2.0"
        ],
        "x-ms-content-crc64": "DTngHrtvLQU=",
        "x-ms-encryption-key-sha256": "3QFFFpRA5\u002BXANHqwwbT4yXDmrT/2JaLt/FKHjzhOdoE=",
        "x-ms-request-server-encrypted": "true",
        "x-ms-version": "2021-08-06"
      },
      "ResponseBody": null
    },
    {
      "RequestUri": "https://storagename.blob.core.windows.net/utcontainer3bf22a1b/cpk3bf22a1b",
      "RequestMethod": "HEAD",
      "RequestHeaders": {
        "Accept": "application/xml",
        "Accept-Encoding": "gzip, deflate",
        "User-Agent": "azsdk-python-storage-blob/12.14.0b1 Python/3.10.5 (Windows-10-10.0.22000-SP0)",
        "x-ms-date": "Tue, 23 Aug 2022 00:13:44 GMT",
        "x-ms-version": "2021-08-06"
      },
      "RequestBody": null,
      "StatusCode": 409,
      "ResponseHeaders": {
        "Date": "Tue, 23 Aug 2022 00:13:43 GMT",
        "Server": [
          "Windows-Azure-Blob/1.0",
          "Microsoft-HTTPAPI/2.0"
        ],
        "Transfer-Encoding": "chunked",
        "Vary": "Origin",
        "x-ms-error-code": "BlobUsesCustomerSpecifiedEncryption",
        "x-ms-version": "2021-08-06"
      },
      "ResponseBody": null
    },
    {
      "RequestUri": "https://storagename.blob.core.windows.net/utcontainer3bf22a1b/cpk3bf22a1b",
      "RequestMethod": "HEAD",
      "RequestHeaders": {
        "Accept": "application/xml",
        "Accept-Encoding": "gzip, deflate",
        "User-Agent": "azsdk-python-storage-blob/12.14.0b1 Python/3.10.5 (Windows-10-10.0.22000-SP0)",
        "x-ms-date": "Tue, 23 Aug 2022 00:13:44 GMT",
        "x-ms-encryption-algorithm": "AES256",
        "x-ms-encryption-key": "Sanitized",
        "x-ms-encryption-key-sha256": "3QFFFpRA5\u002BXANHqwwbT4yXDmrT/2JaLt/FKHjzhOdoE=",
        "x-ms-version": "2021-08-06"
      },
      "RequestBody": null,
      "StatusCode": 200,
      "ResponseHeaders": {
        "Accept-Ranges": "bytes",
        "Content-Length": "9",
        "Content-MD5": "Yge131eW6WNBDTvEtqQhiw==",
        "Content-Type": "application/octet-stream",
        "Date": "Tue, 23 Aug 2022 00:13:43 GMT",
        "ETag": "\u00220x8DA849C57649BBF\u0022",
        "Last-Modified": "Tue, 23 Aug 2022 00:13:44 GMT",
        "Server": [
          "Windows-Azure-Blob/1.0",
          "Microsoft-HTTPAPI/2.0"
        ],
        "Vary": "Origin",
        "x-ms-access-tier": "Hot",
        "x-ms-access-tier-inferred": "true",
        "x-ms-blob-type": "BlockBlob",
        "x-ms-creation-time": "Tue, 23 Aug 2022 00:13:44 GMT",
        "x-ms-encryption-key-sha256": "3QFFFpRA5\u002BXANHqwwbT4yXDmrT/2JaLt/FKHjzhOdoE=",
        "x-ms-lease-state": "available",
        "x-ms-lease-status": "unlocked",
        "x-ms-server-encrypted": "true",
        "x-ms-version": "2021-08-06"
      },
      "ResponseBody": null
    },
    {
      "RequestUri": "https://storagename.blob.core.windows.net/utcontainer3bf22a1b/cpk3bf22a1b?comp=metadata",
      "RequestMethod": "PUT",
      "RequestHeaders": {
        "Accept": "application/xml",
        "Accept-Encoding": "gzip, deflate",
        "Content-Length": "0",
        "User-Agent": "azsdk-python-storage-blob/12.14.0b1 Python/3.10.5 (Windows-10-10.0.22000-SP0)",
        "x-ms-date": "Tue, 23 Aug 2022 00:13:44 GMT",
        "x-ms-meta-hello": "world",
        "x-ms-meta-number": "42",
        "x-ms-meta-up": "upval",
        "x-ms-version": "2021-08-06"
      },
      "RequestBody": null,
      "StatusCode": 409,
      "ResponseHeaders": {
        "Content-Length": "301",
        "Content-Type": "application/xml",
        "Date": "Tue, 23 Aug 2022 00:13:44 GMT",
        "Server": [
          "Windows-Azure-Blob/1.0",
          "Microsoft-HTTPAPI/2.0"
        ],
        "x-ms-error-code": "BlobUsesCustomerSpecifiedEncryption",
        "x-ms-version": "2021-08-06"
      },
      "ResponseBody": [
        "\uFEFF\u003C?xml version=\u00221.0\u0022 encoding=\u0022utf-8\u0022?\u003E\u003CError\u003E\u003CCode\u003EBlobUsesCustomerSpecifiedEncryption\u003C/Code\u003E\u003CMessage\u003EThe blob is encrypted with customer specified encryption, but it was not provided in the request.\n",
        "RequestId:98c5ac66-c01e-002b-7685-b65a0e000000\n",
        "Time:2022-08-23T00:13:44.4696830Z\u003C/Message\u003E\u003C/Error\u003E"
      ]
    },
    {
      "RequestUri": "https://storagename.blob.core.windows.net/utcontainer3bf22a1b/cpk3bf22a1b?comp=metadata",
      "RequestMethod": "PUT",
      "RequestHeaders": {
        "Accept": "application/xml",
        "Accept-Encoding": "gzip, deflate",
        "Content-Length": "0",
        "User-Agent": "azsdk-python-storage-blob/12.14.0b1 Python/3.10.5 (Windows-10-10.0.22000-SP0)",
        "x-ms-date": "Tue, 23 Aug 2022 00:13:44 GMT",
        "x-ms-encryption-algorithm": "AES256",
        "x-ms-encryption-key": "Sanitized",
        "x-ms-encryption-key-sha256": "3QFFFpRA5\u002BXANHqwwbT4yXDmrT/2JaLt/FKHjzhOdoE=",
        "x-ms-meta-hello": "world",
        "x-ms-meta-number": "42",
        "x-ms-meta-up": "upval",
        "x-ms-version": "2021-08-06"
      },
      "RequestBody": null,
      "StatusCode": 200,
      "ResponseHeaders": {
        "Content-Length": "0",
        "Date": "Tue, 23 Aug 2022 00:13:44 GMT",
        "ETag": "\u00220x8DA849C579A22CD\u0022",
        "Last-Modified": "Tue, 23 Aug 2022 00:13:44 GMT",
        "Server": [
          "Windows-Azure-Blob/1.0",
          "Microsoft-HTTPAPI/2.0"
        ],
        "x-ms-encryption-key-sha256": "3QFFFpRA5\u002BXANHqwwbT4yXDmrT/2JaLt/FKHjzhOdoE=",
        "x-ms-request-server-encrypted": "true",
        "x-ms-version": "2021-08-06"
      },
      "ResponseBody": null
    },
    {
      "RequestUri": "https://storagename.blob.core.windows.net/utcontainer3bf22a1b/cpk3bf22a1b",
      "RequestMethod": "HEAD",
      "RequestHeaders": {
        "Accept": "application/xml",
        "Accept-Encoding": "gzip, deflate",
        "User-Agent": "azsdk-python-storage-blob/12.14.0b1 Python/3.10.5 (Windows-10-10.0.22000-SP0)",
        "x-ms-date": "Tue, 23 Aug 2022 00:13:44 GMT",
        "x-ms-encryption-algorithm": "AES256",
        "x-ms-encryption-key": "Sanitized",
        "x-ms-encryption-key-sha256": "3QFFFpRA5\u002BXANHqwwbT4yXDmrT/2JaLt/FKHjzhOdoE=",
        "x-ms-version": "2021-08-06"
      },
      "RequestBody": null,
      "StatusCode": 200,
      "ResponseHeaders": {
        "Accept-Ranges": "bytes",
        "Content-Length": "9",
        "Content-MD5": "Yge131eW6WNBDTvEtqQhiw==",
        "Content-Type": "application/octet-stream",
        "Date": "Tue, 23 Aug 2022 00:13:44 GMT",
        "ETag": "\u00220x8DA849C579A22CD\u0022",
        "Last-Modified": "Tue, 23 Aug 2022 00:13:44 GMT",
        "Server": [
          "Windows-Azure-Blob/1.0",
          "Microsoft-HTTPAPI/2.0"
        ],
        "Vary": "Origin",
        "x-ms-access-tier": "Hot",
        "x-ms-access-tier-inferred": "true",
        "x-ms-blob-type": "BlockBlob",
        "x-ms-creation-time": "Tue, 23 Aug 2022 00:13:44 GMT",
        "x-ms-encryption-key-sha256": "3QFFFpRA5\u002BXANHqwwbT4yXDmrT/2JaLt/FKHjzhOdoE=",
        "x-ms-lease-state": "available",
        "x-ms-lease-status": "unlocked",
        "x-ms-meta-hello": "world",
        "x-ms-meta-number": "42",
        "x-ms-meta-up": "upval",
        "x-ms-server-encrypted": "true",
        "x-ms-version": "2021-08-06"
      },
      "ResponseBody": null
    }
  ],
  "Variables": {}
}
