interactions:
- request:
    body: null
    headers:
      User-Agent:
      - azsdk-python-storage-blob/12.0.0b4 Python/3.7.3 (Windows-10-10.0.18362-SP0)
      x-ms-date:
      - Fri, 11 Oct 2019 16:17:28 GMT
      x-ms-version:
      - '2019-02-02'
    method: PUT
    uri: https://pyacrstorage5d3144b.blob.core.windows.net/utcontainer5d3144b?restype=container
  response:
    body:
      string: ''
    headers:
      content-length: '0'
      date: Fri, 11 Oct 2019 16:17:28 GMT
      etag: '"0x8D74E6683152080"'
      last-modified: Fri, 11 Oct 2019 16:17:28 GMT
      server: Windows-Azure-Blob/1.0 Microsoft-HTTPAPI/2.0
      x-ms-version: '2019-02-02'
    status:
      code: 201
      message: Created
    url: !!python/object/new:yarl.URL
      state: !!python/tuple
      - !!python/object/new:urllib.parse.SplitResult
        - https
        - pyacrstorage5d3144b.blob.core.windows.net
        - /utcontainer5d3144b
        - restype=container
        - ''
- request:
    body: null
    headers:
      User-Agent:
      - azsdk-python-storage-blob/12.0.0b4 Python/3.7.3 (Windows-10-10.0.18362-SP0)
      x-ms-date:
      - Fri, 11 Oct 2019 16:17:28 GMT
      x-ms-version:
      - '2019-02-02'
    method: PUT
    uri: https://pyacrstorage5d3144b.blob.core.windows.net/utcontainersource5d3144b?restype=container
  response:
    body:
      string: ''
    headers:
      content-length: '0'
      date: Fri, 11 Oct 2019 16:17:28 GMT
      etag: '"0x8D74E66831DFBA3"'
      last-modified: Fri, 11 Oct 2019 16:17:28 GMT
      server: Windows-Azure-Blob/1.0 Microsoft-HTTPAPI/2.0
      x-ms-version: '2019-02-02'
    status:
      code: 201
      message: Created
    url: !!python/object/new:yarl.URL
      state: !!python/tuple
      - !!python/object/new:urllib.parse.SplitResult
        - https
        - pyacrstorage5d3144b.blob.core.windows.net
        - /utcontainersource5d3144b
        - restype=container
        - ''
- request:
    body: null
    headers:
      Content-Length:
      - '0'
      User-Agent:
      - azsdk-python-storage-blob/12.0.0b4 Python/3.7.3 (Windows-10-10.0.18362-SP0)
      x-ms-blob-content-length:
      - '512'
      x-ms-blob-type:
      - PageBlob
      x-ms-date:
      - Fri, 11 Oct 2019 16:17:29 GMT
      x-ms-version:
      - '2019-02-02'
    method: PUT
    uri: https://pyacrstorage5d3144b.blob.core.windows.net/utcontainer5d3144b/blob5d3144b
  response:
    body:
      string: ''
    headers:
      content-length: '0'
      date: Fri, 11 Oct 2019 16:17:28 GMT
      etag: '"0x8D74E6683275AD0"'
      last-modified: Fri, 11 Oct 2019 16:17:29 GMT
      server: Windows-Azure-Blob/1.0 Microsoft-HTTPAPI/2.0
      x-ms-request-server-encrypted: 'true'
      x-ms-version: '2019-02-02'
    status:
      code: 201
      message: Created
    url: !!python/object/new:yarl.URL
      state: !!python/tuple
      - !!python/object/new:urllib.parse.SplitResult
        - https
        - pyacrstorage5d3144b.blob.core.windows.net
        - /utcontainer5d3144b/blob5d3144b
        - ''
        - ''
- request:
    body: null
    headers:
      Accept:
      - application/xml
      User-Agent:
      - azsdk-python-storage-blob/12.0.0b4 Python/3.7.3 (Windows-10-10.0.18362-SP0)
      x-ms-date:
      - Fri, 11 Oct 2019 16:17:29 GMT
      x-ms-version:
      - '2019-02-02'
    method: GET
    uri: https://pyacrstorage5d3144b.blob.core.windows.net/utcontainer5d3144b/blob5d3144b?comp=pagelist
  response:
    body:
      string: "\uFEFF<?xml version=\"1.0\" encoding=\"utf-8\"?><PageList />"
    headers:
      content-type: application/xml
      date: Fri, 11 Oct 2019 16:17:28 GMT
      etag: '"0x8D74E6683275AD0"'
      last-modified: Fri, 11 Oct 2019 16:17:29 GMT
      server: Windows-Azure-Blob/1.0 Microsoft-HTTPAPI/2.0
      transfer-encoding: chunked
      x-ms-blob-content-length: '512'
      x-ms-version: '2019-02-02'
    status:
      code: 200
      message: OK
    url: !!python/object/new:yarl.URL
      state: !!python/tuple
      - !!python/object/new:urllib.parse.SplitResult
        - https
        - pyacrstorage5d3144b.blob.core.windows.net
        - /utcontainer5d3144b/blob5d3144b
        - comp=pagelist
        - ''
version: 1
