interactions:
- request:
    body: null
    headers:
      Accept:
      - application/xml
      User-Agent:
      - azsdk-python-storage-blob/12.9.0b1 Python/3.7.3 (Windows-10-10.0.19041-SP0)
      x-ms-date:
      - Tue, 27 Jul 2021 04:25:37 GMT
      x-ms-version:
      - '2020-10-02'
    method: PUT
    uri: https://storagenamestorname.blob.core.windows.net/utcontainer1c30197a?restype=container
  response:
    body:
      string: ''
    headers:
      content-length: '0'
      date: Tue, 27 Jul 2021 04:25:37 GMT
      etag: '"0x8D950B6963C8814"'
      last-modified: Tue, 27 Jul 2021 04:25:38 GMT
      server: Windows-Azure-Blob/1.0 Microsoft-HTTPAPI/2.0
      x-ms-version: '2020-10-02'
    status:
      code: 201
      message: Created
    url: https://storagenamewd4yjnytcinpg.blob.core.windows.net/utcontainer1c30197a?restype=container
- request:
    body: null
    headers:
      Accept:
      - application/xml
      User-Agent:
      - azsdk-python-storage-blob/12.9.0b1 Python/3.7.3 (Windows-10-10.0.19041-SP0)
      x-ms-date:
      - Tue, 27 Jul 2021 04:25:38 GMT
      x-ms-version:
      - '2020-10-02'
    method: PUT
    uri: https://storagenamestorname.blob.core.windows.net/utcontainersource1c30197a?restype=container
  response:
    body:
      string: ''
    headers:
      content-length: '0'
      date: Tue, 27 Jul 2021 04:25:37 GMT
      etag: '"0x8D950B69649F801"'
      last-modified: Tue, 27 Jul 2021 04:25:38 GMT
      server: Windows-Azure-Blob/1.0 Microsoft-HTTPAPI/2.0
      x-ms-version: '2020-10-02'
    status:
      code: 201
      message: Created
    url: https://storagenamewd4yjnytcinpg.blob.core.windows.net/utcontainersource1c30197a?restype=container
- request:
    body: '{"properties": {"immutableStorageWithVersioning": {"enabled": true}}}'
    headers:
      Accept:
      - application/json
      Content-Length:
      - '69'
      Content-Type:
      - application/json
      User-Agent:
      - azsdk-python-azure-mgmt-storage/18.0.0 Python/3.7.3 (Windows-10-10.0.19041-SP0)
    method: PUT
    uri: https://management.azure.com/subscriptions/00000000-0000-0000-0000-000000000000/resourceGroups/rgname/providers/Microsoft.Storage/storageAccounts/storagenamestorname/blobServices/default/containers/vlwcontainer1c30197a?api-version=2021-04-01
  response:
    body:
      string: '{"id":"/subscriptions/00000000-0000-0000-0000-000000000000/resourceGroups/rgname/providers/Microsoft.Storage/storageAccounts/storagenamestorname/blobServices/default/containers/vlwcontainer1c30197a","name":"vlwcontainer1c30197a","type":"Microsoft.Storage/storageAccounts/blobServices/containers","properties":{"immutableStorageWithVersioning":{"enabled":true},"deleted":false,"remainingRetentionDays":0,"hasImmutabilityPolicy":false,"hasLegalHold":false}}'
    headers:
      cache-control: no-cache
      content-length: '534'
      content-type: application/json
      date: Tue, 27 Jul 2021 04:25:39 GMT
      etag: '"0x8D950B696C89CC5"'
      expires: '-1'
      pragma: no-cache
      server: Microsoft-Azure-Storage-Resource-Provider/1.0,Microsoft-HTTPAPI/2.0
        Microsoft-HTTPAPI/2.0
      strict-transport-security: max-age=31536000; includeSubDomains
      x-content-type-options: nosniff
      x-ms-ratelimit-remaining-subscription-writes: '1199'
    status:
      code: 201
      message: Created
    url: https://management.azure.com/subscriptions/00000000-0000-0000-0000-000000000000/resourceGroups/rgpy-pystoragewy4t4odxs44z72cyi5bzndaurgfvdofe3pwi2pdupwnwwpfk3dqzhttkg5dluthzud/providers/Microsoft.Storage/storageAccounts/storagenamewd4yjnytcinpg/blobServices/default/containers/vlwcontainer1c30197a?api-version=2021-04-01
- request:
    body: null
    headers:
      Accept:
      - application/xml
      Content-Length:
      - '0'
      User-Agent:
      - azsdk-python-storage-blob/12.9.0b1 Python/3.7.3 (Windows-10-10.0.19041-SP0)
      x-ms-blob-content-length:
      - '1024'
      x-ms-blob-type:
      - PageBlob
      x-ms-date:
      - Tue, 27 Jul 2021 04:25:39 GMT
      x-ms-immutability-policy-mode:
      - Unlocked
      x-ms-immutability-policy-until-date:
      - Tue, 27 Jul 2021 04:25:44 GMT
      x-ms-legal-hold:
      - 'true'
      x-ms-version:
      - '2020-10-02'
    method: PUT
    uri: https://storagenamestorname.blob.core.windows.net/vlwcontainer1c30197a/vlwblob1c30197a
  response:
    body:
      string: ''
    headers:
      content-length: '0'
      date: Tue, 27 Jul 2021 04:25:38 GMT
      etag: '"0x8D950B696E13E1F"'
      last-modified: Tue, 27 Jul 2021 04:25:39 GMT
      server: Windows-Azure-Blob/1.0 Microsoft-HTTPAPI/2.0
      x-ms-request-server-encrypted: 'true'
      x-ms-version: '2020-10-02'
    status:
      code: 201
      message: Created
    url: https://storagenamewd4yjnytcinpg.blob.core.windows.net/vlwcontainer1c30197a/vlwblob1c30197a
- request:
    body: null
    headers:
      Accept:
      - application/xml
      User-Agent:
      - azsdk-python-storage-blob/12.9.0b1 Python/3.7.3 (Windows-10-10.0.19041-SP0)
      x-ms-date:
      - Tue, 27 Jul 2021 04:25:39 GMT
      x-ms-version:
      - '2020-10-02'
    method: HEAD
    uri: https://storagenamestorname.blob.core.windows.net/vlwcontainer1c30197a/vlwblob1c30197a
  response:
    body:
      string: ''
    headers:
      accept-ranges: bytes
      content-length: '1024'
      content-type: application/octet-stream
      date: Tue, 27 Jul 2021 04:25:38 GMT
      etag: '"0x8D950B696E13E1F"'
      last-modified: Tue, 27 Jul 2021 04:25:39 GMT
      server: Windows-Azure-Blob/1.0 Microsoft-HTTPAPI/2.0
      x-ms-blob-sequence-number: '0'
      x-ms-blob-type: PageBlob
      x-ms-creation-time: Tue, 27 Jul 2021 04:25:39 GMT
      x-ms-immutability-policy-mode: unlocked
      x-ms-immutability-policy-until-date: Tue, 27 Jul 2021 04:25:44 GMT
      x-ms-lease-state: available
      x-ms-lease-status: unlocked
      x-ms-legal-hold: 'true'
      x-ms-server-encrypted: 'true'
      x-ms-version: '2020-10-02'
    status:
      code: 200
      message: OK
    url: https://storagenamewd4yjnytcinpg.blob.core.windows.net/vlwcontainer1c30197a/vlwblob1c30197a
- request:
    body: null
    headers:
      Accept:
      - application/xml
      User-Agent:
      - azsdk-python-storage-blob/12.9.0b1 Python/3.7.3 (Windows-10-10.0.19041-SP0)
      x-ms-date:
      - Tue, 27 Jul 2021 04:25:39 GMT
      x-ms-version:
      - '2020-10-02'
    method: DELETE
    uri: https://storagenamestorname.blob.core.windows.net/vlwcontainer1c30197a/vlwblob1c30197a?comp=immutabilityPolicies
  response:
    body:
      string: ''
    headers:
      content-length: '0'
      date: Tue, 27 Jul 2021 04:25:39 GMT
      server: Windows-Azure-Blob/1.0 Microsoft-HTTPAPI/2.0
      x-ms-version: '2020-10-02'
    status:
      code: 200
      message: OK
    url: https://storagenamewd4yjnytcinpg.blob.core.windows.net/vlwcontainer1c30197a/vlwblob1c30197a?comp=immutabilityPolicies
- request:
    body: null
    headers:
      Accept:
      - application/xml
      User-Agent:
      - azsdk-python-storage-blob/12.9.0b1 Python/3.7.3 (Windows-10-10.0.19041-SP0)
      x-ms-date:
      - Tue, 27 Jul 2021 04:25:39 GMT
      x-ms-legal-hold:
      - 'false'
      x-ms-version:
      - '2020-10-02'
    method: PUT
    uri: https://storagenamestorname.blob.core.windows.net/vlwcontainer1c30197a/vlwblob1c30197a?comp=legalhold
  response:
    body:
      string: ''
    headers:
      content-length: '0'
      date: Tue, 27 Jul 2021 04:25:39 GMT
      server: Windows-Azure-Blob/1.0 Microsoft-HTTPAPI/2.0
      x-ms-legal-hold: 'false'
      x-ms-version: '2020-10-02'
    status:
      code: 200
      message: OK
    url: https://storagenamewd4yjnytcinpg.blob.core.windows.net/vlwcontainer1c30197a/vlwblob1c30197a?comp=legalhold
- request:
    body: null
    headers:
      Accept:
      - application/xml
      User-Agent:
      - azsdk-python-storage-blob/12.9.0b1 Python/3.7.3 (Windows-10-10.0.19041-SP0)
      x-ms-date:
      - Tue, 27 Jul 2021 04:25:40 GMT
      x-ms-version:
      - '2020-10-02'
    method: DELETE
    uri: https://storagenamestorname.blob.core.windows.net/vlwcontainer1c30197a/vlwblob1c30197a
  response:
    body:
      string: ''
    headers:
      content-length: '0'
      date: Tue, 27 Jul 2021 04:25:39 GMT
      server: Windows-Azure-Blob/1.0 Microsoft-HTTPAPI/2.0
      x-ms-delete-type-permanent: 'true'
      x-ms-version: '2020-10-02'
    status:
      code: 202
      message: Accepted
    url: https://storagenamewd4yjnytcinpg.blob.core.windows.net/vlwcontainer1c30197a/vlwblob1c30197a
- request:
    body: null
    headers:
      User-Agent:
      - azsdk-python-azure-mgmt-storage/18.0.0 Python/3.7.3 (Windows-10-10.0.19041-SP0)
    method: DELETE
    uri: https://management.azure.com/subscriptions/00000000-0000-0000-0000-000000000000/resourceGroups/rgname/providers/Microsoft.Storage/storageAccounts/storagenamestorname/blobServices/default/containers/utcontainer1c30197a?api-version=2021-04-01
  response:
    body:
      string: ''
    headers:
      cache-control: no-cache
      content-length: '0'
      content-type: text/plain; charset=utf-8
      date: Tue, 27 Jul 2021 04:25:42 GMT
      expires: '-1'
      pragma: no-cache
      server: Microsoft-Azure-Storage-Resource-Provider/1.0,Microsoft-HTTPAPI/2.0
        Microsoft-HTTPAPI/2.0
      strict-transport-security: max-age=31536000; includeSubDomains
      x-content-type-options: nosniff
      x-ms-ratelimit-remaining-subscription-deletes: '14998'
    status:
      code: 200
      message: OK
    url: https://management.azure.com/subscriptions/00000000-0000-0000-0000-000000000000/resourceGroups/rgpy-pystoragewy4t4odxs44z72cyi5bzndaurgfvdofe3pwi2pdupwnwwpfk3dqzhttkg5dluthzud/providers/Microsoft.Storage/storageAccounts/storagenamewd4yjnytcinpg/blobServices/default/containers/utcontainer1c30197a?api-version=2021-04-01
version: 1
