{
  "Entries": [
    {
      "RequestUri": "https://storagename.blob.core.windows.net/utcontainer989a3cc1?restype=container",
      "RequestMethod": "PUT",
      "RequestHeaders": {
        "Accept": "application/xml",
        "Accept-Encoding": "gzip, deflate",
        "Content-Length": "0",
        "User-Agent": "azsdk-python-storage-blob/12.14.0b1 Python/3.10.2 (Windows-10-10.0.19044-SP0)",
        "x-ms-date": "Tue, 09 Aug 2022 21:42:30 GMT",
        "x-ms-version": "2021-08-06"
      },
      "RequestBody": null,
      "StatusCode": 201,
      "ResponseHeaders": {
        "Content-Length": "0",
        "Date": "Tue, 09 Aug 2022 21:42:29 GMT",
        "ETag": "\u00220x8DA7A500F7A543D\u0022",
        "Last-Modified": "Tue, 09 Aug 2022 21:42:30 GMT",
        "Server": [
          "Windows-Azure-Blob/1.0",
          "Microsoft-HTTPAPI/2.0"
        ],
        "x-ms-version": "2021-08-06"
      },
      "ResponseBody": null
    },
    {
      "RequestUri": "https://storagename.blob.core.windows.net/utcontainer989a3cc1/blob1",
      "RequestMethod": "PUT",
      "RequestHeaders": {
        "Accept": "application/xml",
        "Accept-Encoding": "gzip, deflate",
        "Content-Length": "11",
        "Content-Type": "application/octet-stream",
        "If-None-Match": "*",
        "User-Agent": "azsdk-python-storage-blob/12.14.0b1 Python/3.10.2 (Windows-10-10.0.19044-SP0)",
        "x-ms-blob-type": "BlockBlob",
        "x-ms-date": "Tue, 09 Aug 2022 21:42:30 GMT",
        "x-ms-version": "2021-08-06"
      },
      "RequestBody": "aGVsbG8gd29ybGQ=",
      "StatusCode": 201,
      "ResponseHeaders": {
        "Content-Length": "0",
        "Content-MD5": "XrY7u\u002BAe7tCTyyK7j1rNww==",
        "Date": "Tue, 09 Aug 2022 21:42:29 GMT",
        "ETag": "\u00220x8DA7A500F894AFC\u0022",
        "Last-Modified": "Tue, 09 Aug 2022 21:42:30 GMT",
        "Server": [
          "Windows-Azure-Blob/1.0",
          "Microsoft-HTTPAPI/2.0"
        ],
        "x-ms-content-crc64": "vo7q9sPVKY0=",
        "x-ms-request-server-encrypted": "true",
        "x-ms-version": "2021-08-06"
      },
      "ResponseBody": null
    },
    {
      "RequestUri": "https://storagename.blob.core.windows.net/utcontainer989a3cc1/blob1?comp=snapshot",
      "RequestMethod": "PUT",
      "RequestHeaders": {
        "Accept": "application/xml",
        "Accept-Encoding": "gzip, deflate",
        "Content-Length": "0",
        "If-Modified-Since": "Tue, 09 Aug 2022 21:27:31 GMT",
        "User-Agent": "azsdk-python-storage-blob/12.14.0b1 Python/3.10.2 (Windows-10-10.0.19044-SP0)",
        "x-ms-date": "Tue, 09 Aug 2022 21:42:31 GMT",
        "x-ms-version": "2021-08-06"
      },
      "RequestBody": null,
      "StatusCode": 201,
      "ResponseHeaders": {
        "Content-Length": "0",
        "Date": "Tue, 09 Aug 2022 21:42:29 GMT",
        "ETag": "\u00220x8DA7A500F894AFC\u0022",
        "Last-Modified": "Tue, 09 Aug 2022 21:42:30 GMT",
        "Server": [
          "Windows-Azure-Blob/1.0",
          "Microsoft-HTTPAPI/2.0"
        ],
        "x-ms-request-server-encrypted": "false",
        "x-ms-snapshot": "2022-08-09T21:42:30.3864430Z",
        "x-ms-version": "2021-08-06"
      },
      "ResponseBody": null
    }
  ],
  "Variables": {
    "if_modified": "2022-08-09T21:27:31.029728"
  }
}
