interactions:
- request:
    body: null
    headers:
      User-Agent:
      - azsdk-python-storage-blob/12.5.0 Python/3.8.5 (Windows-10-10.0.19041-SP0)
      x-ms-date:
      - Thu, 15 Oct 2020 05:58:09 GMT
      x-ms-version:
      - '2019-12-12'
    method: PUT
    uri: https://storagename.blob.core.windows.net/utcontainerfe071ccd?restype=container
  response:
    body:
      string: ''
    headers:
      content-length: '0'
      date: Thu, 15 Oct 2020 05:58:09 GMT
      etag: '"0x8D870CF4B18E6DC"'
      last-modified: Thu, 15 Oct 2020 05:58:09 GMT
      server: Windows-Azure-Blob/1.0 Microsoft-HTTPAPI/2.0
      x-ms-version: '2019-12-12'
    status:
      code: 201
      message: Created
    url: https://seanmcccanary3.blob.core.windows.net/utcontainerfe071ccd?restype=container
- request:
    body: aaaaaaaaaaaaaaaaaaaaaaaaaaaaaaaaaaaaaaaaaaaaaaaaaaaaaaaaaaaaaaaaaaaaaaaaaaaaaaaaaaaaaaaaaaaaaaaaaaaaaaaaaaaaaaaaaaaaaaaaaaaaaaaaaaaaaaaaaaaaaaaaaaaaaaaaaaaaaaaaaaaaaaaaaaaaaaaaaaaaaaaaaaaaaaaaaaaaaaaa
    headers:
      Content-Length:
      - '200'
      Content-Type:
      - application/octet-stream
      User-Agent:
      - azsdk-python-storage-blob/12.5.0 Python/3.8.5 (Windows-10-10.0.19041-SP0)
      x-custom-header:
      - test_value
      x-ms-date:
      - Thu, 15 Oct 2020 05:58:09 GMT
      x-ms-version:
      - '2019-12-12'
    method: PUT
    uri: https://storagename.blob.core.windows.net/utcontainerfe071ccd/blob1?blockid=TURBd01EQXdNREF3TURBd01EQXdNREF3TURBd01EQXdNREF3TURBd01EQSUzRA%3D%3D&comp=block
  response:
    body:
      string: ''
    headers:
      content-length: '0'
      date: Thu, 15 Oct 2020 05:58:09 GMT
      server: Windows-Azure-Blob/1.0 Microsoft-HTTPAPI/2.0
      x-ms-content-crc64: 0RQSXzCtkGE=
      x-ms-request-server-encrypted: 'true'
      x-ms-version: '2019-12-12'
    status:
      code: 201
      message: Created
    url: https://seanmcccanary3.blob.core.windows.net/utcontainerfe071ccd/blob1?blockid=TURBd01EQXdNREF3TURBd01EQXdNREF3TURBd01EQXdNREF3TURBd01EQSUzRA%3D%3D&comp=block
- request:
    body: '<?xml version=''1.0'' encoding=''utf-8''?>

      <BlockList><Latest>TURBd01EQXdNREF3TURBd01EQXdNREF3TURBd01EQXdNREF3TURBd01EQSUzRA==</Latest></BlockList>'
    headers:
      Content-Length:
      - '143'
      Content-Type:
      - application/xml; charset=utf-8
      If-None-Match:
      - '*'
      User-Agent:
      - azsdk-python-storage-blob/12.5.0 Python/3.8.5 (Windows-10-10.0.19041-SP0)
      x-custom-header:
      - test_value
      x-ms-date:
      - Thu, 15 Oct 2020 05:58:09 GMT
      x-ms-version:
      - '2019-12-12'
    method: PUT
    uri: https://storagename.blob.core.windows.net/utcontainerfe071ccd/blob1?comp=blocklist
  response:
    body:
      string: ''
    headers:
      content-length: '0'
      date: Thu, 15 Oct 2020 05:58:09 GMT
      etag: '"0x8D870CF4B2DE989"'
      last-modified: Thu, 15 Oct 2020 05:58:09 GMT
      server: Windows-Azure-Blob/1.0 Microsoft-HTTPAPI/2.0
      x-ms-content-crc64: 7XagkOrfW/A=
      x-ms-request-server-encrypted: 'true'
      x-ms-version: '2019-12-12'
    status:
      code: 201
      message: Created
    url: https://seanmcccanary3.blob.core.windows.net/utcontainerfe071ccd/blob1?comp=blocklist
version: 1
