interactions:
- request:
    body: null
    headers:
      Accept:
      - application/xml
      User-Agent:
      - azsdk-python-storage-blob/12.13.0b1 Python/3.10.2 (Windows-10-10.0.19044-SP0)
      x-ms-date:
      - Thu, 16 Jun 2022 22:19:31 GMT
      x-ms-version:
      - '2021-08-06'
    method: PUT
    uri: https://storagenamestorname.blob.core.windows.net/acontainer63e7163d?restype=container
  response:
    body:
      string: ''
    headers:
      content-length: '0'
      date: Thu, 16 Jun 2022 22:19:30 GMT
      etag: '"0x8DA4FE64914E214"'
      last-modified: Thu, 16 Jun 2022 22:19:31 GMT
      server: Windows-Azure-Blob/1.0 Microsoft-HTTPAPI/2.0
      x-ms-version: '2021-08-06'
    status:
      code: 201
      message: Created
    url: https://storagenamestorname.blob.core.windows.net/acontainer63e7163d?restype=container
- request:
    body: hello world
    headers:
      Accept:
      - application/xml
      Content-Length:
      - '11'
      Content-Type:
      - application/octet-stream
      If-None-Match:
      - '*'
      User-Agent:
      - azsdk-python-storage-blob/12.13.0b1 Python/3.10.2 (Windows-10-10.0.19044-SP0)
      x-ms-blob-type:
      - BlockBlob
      x-ms-date:
      - Thu, 16 Jun 2022 22:19:31 GMT
      x-ms-version:
      - '2021-08-06'
    method: PUT
    uri: https://storagenamestorname.blob.core.windows.net/acontainer63e7163d/blob1
  response:
    body:
      string: ''
    headers:
      content-length: '0'
      content-md5: XrY7u+Ae7tCTyyK7j1rNww==
      date: Thu, 16 Jun 2022 22:19:30 GMT
      etag: '"0x8DA4FE649213BE8"'
      last-modified: Thu, 16 Jun 2022 22:19:31 GMT
      server: Windows-Azure-Blob/1.0 Microsoft-HTTPAPI/2.0
      x-ms-content-crc64: vo7q9sPVKY0=
      x-ms-request-server-encrypted: 'true'
      x-ms-version: '2021-08-06'
      x-ms-version-id: '2022-06-16T22:19:31.4343658Z'
    status:
      code: 201
      message: Created
    url: https://storagenamestorname.blob.core.windows.net/acontainer63e7163d/blob1
- request:
    body: hello world
    headers:
      Accept:
      - application/xml
      Content-Length:
      - '11'
      Content-Type:
      - application/octet-stream
      If-None-Match:
      - '*'
      User-Agent:
      - azsdk-python-storage-blob/12.13.0b1 Python/3.10.2 (Windows-10-10.0.19044-SP0)
      x-ms-blob-type:
      - BlockBlob
      x-ms-date:
      - Thu, 16 Jun 2022 22:19:31 GMT
      x-ms-version:
      - '2021-08-06'
    method: PUT
    uri: https://storagenamestorname.blob.core.windows.net/acontainer63e7163d/blob2
  response:
    body:
      string: ''
    headers:
      content-length: '0'
      content-md5: XrY7u+Ae7tCTyyK7j1rNww==
      date: Thu, 16 Jun 2022 22:19:30 GMT
      etag: '"0x8DA4FE649283FB3"'
      last-modified: Thu, 16 Jun 2022 22:19:31 GMT
      server: Windows-Azure-Blob/1.0 Microsoft-HTTPAPI/2.0
      x-ms-content-crc64: vo7q9sPVKY0=
      x-ms-request-server-encrypted: 'true'
      x-ms-version: '2021-08-06'
      x-ms-version-id: '2022-06-16T22:19:31.4793395Z'
    status:
      code: 201
      message: Created
    url: https://storagenamestorname.blob.core.windows.net/acontainer63e7163d/blob2
- request:
    body: null
    headers:
      Accept:
      - application/xml
      User-Agent:
      - azsdk-python-storage-blob/12.13.0b1 Python/3.10.2 (Windows-10-10.0.19044-SP0)
      x-ms-date:
      - Thu, 16 Jun 2022 22:19:31 GMT
      x-ms-version:
      - '2021-08-06'
    method: HEAD
    uri: https://storagenamestorname.blob.core.windows.net/acontainer63e7163d/blob1
  response:
    body:
      string: ''
    headers:
      accept-ranges: bytes
      content-length: '11'
      content-md5: XrY7u+Ae7tCTyyK7j1rNww==
      content-type: application/octet-stream
      date: Thu, 16 Jun 2022 22:19:30 GMT
      etag: '"0x8DA4FE649213BE8"'
      last-modified: Thu, 16 Jun 2022 22:19:31 GMT
      server: Windows-Azure-Blob/1.0 Microsoft-HTTPAPI/2.0
      x-ms-access-tier: Hot
      x-ms-access-tier-inferred: 'true'
      x-ms-blob-type: BlockBlob
      x-ms-creation-time: Thu, 16 Jun 2022 22:19:31 GMT
      x-ms-is-current-version: 'true'
      x-ms-lease-state: available
      x-ms-lease-status: unlocked
      x-ms-server-encrypted: 'true'
      x-ms-version: '2021-08-06'
      x-ms-version-id: '2022-06-16T22:19:31.4343658Z'
    status:
      code: 200
      message: OK
    url: https://storagenamestorname.blob.core.windows.net/acontainer63e7163d/blob1
- request:
    body: Test Content
    headers:
      Accept:
      - application/xml
      Content-Length:
      - '12'
      Content-Type:
      - application/octet-stream
      User-Agent:
      - azsdk-python-storage-blob/12.13.0b1 Python/3.10.2 (Windows-10-10.0.19044-SP0)
      x-ms-date:
      - Thu, 16 Jun 2022 22:19:31 GMT
      x-ms-version:
      - '2021-08-06'
    method: PUT
    uri: https://storagenamestorname.blob.core.windows.net/acontainer63e7163d/blob1?comp=block&blockid=MQ%3D%3D
  response:
    body:
      string: ''
    headers:
      content-length: '0'
      date: Thu, 16 Jun 2022 22:19:30 GMT
      server: Windows-Azure-Blob/1.0 Microsoft-HTTPAPI/2.0
      x-ms-content-crc64: Y9XfVTXQu3A=
      x-ms-request-server-encrypted: 'true'
      x-ms-version: '2021-08-06'
    status:
      code: 201
      message: Created
    url: https://storagenamestorname.blob.core.windows.net/acontainer63e7163d/blob1?comp=block&blockid=MQ%3D%3D
- request:
    body: '<?xml version=''1.0'' encoding=''utf-8''?>

      <BlockList><Latest>MQ==</Latest></BlockList>'
    headers:
      Accept:
      - application/xml
      Content-Length:
      - '83'
      Content-Type:
      - application/xml
      User-Agent:
      - azsdk-python-storage-blob/12.13.0b1 Python/3.10.2 (Windows-10-10.0.19044-SP0)
      x-ms-date:
      - Thu, 16 Jun 2022 22:19:31 GMT
      x-ms-version:
      - '2021-08-06'
    method: PUT
    uri: https://storagenamestorname.blob.core.windows.net/acontainer63e7163d/blob1?comp=blocklist
  response:
    body:
      string: ''
    headers:
      content-length: '0'
      date: Thu, 16 Jun 2022 22:19:30 GMT
      etag: '"0x8DA4FE6493B019E"'
      last-modified: Thu, 16 Jun 2022 22:19:31 GMT
      server: Windows-Azure-Blob/1.0 Microsoft-HTTPAPI/2.0
      x-ms-content-crc64: iEgKfcNWGmY=
      x-ms-request-server-encrypted: 'true'
      x-ms-version: '2021-08-06'
      x-ms-version-id: '2022-06-16T22:19:31.6032686Z'
    status:
      code: 201
      message: Created
    url: https://storagenamestorname.blob.core.windows.net/acontainer63e7163d/blob1?comp=blocklist
- request:
    body: null
    headers:
      Accept:
      - application/xml
      User-Agent:
      - azsdk-python-storage-blob/12.13.0b1 Python/3.10.2 (Windows-10-10.0.19044-SP0)
      x-ms-date:
      - Thu, 16 Jun 2022 22:19:31 GMT
      x-ms-version:
      - '2021-08-06'
    method: HEAD
    uri: https://storagenamestorname.blob.core.windows.net/acontainer63e7163d/blob1
  response:
    body:
      string: ''
    headers:
      accept-ranges: bytes
      content-length: '12'
      content-type: application/octet-stream
      date: Thu, 16 Jun 2022 22:19:30 GMT
      etag: '"0x8DA4FE6493B019E"'
      last-modified: Thu, 16 Jun 2022 22:19:31 GMT
      server: Windows-Azure-Blob/1.0 Microsoft-HTTPAPI/2.0
      x-ms-access-tier: Hot
      x-ms-access-tier-inferred: 'true'
      x-ms-blob-type: BlockBlob
      x-ms-creation-time: Thu, 16 Jun 2022 22:19:31 GMT
      x-ms-is-current-version: 'true'
      x-ms-lease-state: available
      x-ms-lease-status: unlocked
      x-ms-server-encrypted: 'true'
      x-ms-version: '2021-08-06'
      x-ms-version-id: '2022-06-16T22:19:31.6032686Z'
    status:
      code: 200
      message: OK
    url: https://storagenamestorname.blob.core.windows.net/acontainer63e7163d/blob1
- request:
    body: "--===============9144225291811265788==\r\nContent-Type: application/http\r\nContent-Transfer-Encoding:
      binary\r\nContent-ID: 0\r\n\r\nDELETE /acontainer63e7163d/blob1?versionid=2022-06-16T22%3A19%3A31.4343658Z
      HTTP/1.1\r\nx-ms-date: Thu, 16 Jun 2022 22:19:31 GMT\r\nx-ms-client-request-id:
      64fed526-edc2-11ec-a8d9-4851c58829e0\r\r\n\r\n\r\n--===============9144225291811265788==\r\nContent-Type:
      application/http\r\nContent-Transfer-Encoding: binary\r\nContent-ID: 1\r\n\r\nDELETE
      /acontainer63e7163d/blob2? HTTP/1.1\r\nx-ms-date: Thu, 16 Jun 2022 22:19:31
      GMT\r\nx-ms-client-request-id: 64fed527-edc2-11ec-8486-4851c58829e0\r\r\n\r\n\r\n--===============9144225291811265788==--\r\n"
    headers:
      Content-Length:
      - '822'
      Content-Type:
      - multipart/mixed; boundary================9144225291811265788==
      User-Agent:
      - azsdk-python-storage-blob/12.13.0b1 Python/3.10.2 (Windows-10-10.0.19044-SP0)
      x-ms-date:
      - Thu, 16 Jun 2022 22:19:31 GMT
      x-ms-version:
      - '2021-08-06'
    method: POST
    uri: https://storagenamestorname.blob.core.windows.net/acontainer63e7163d?restype=container&comp=batch
  response:
    body:
      string: "--batchresponse_02e2f725-bd61-4b40-bbb4-41b522a12e23\r\nContent-Type:
        application/http\r\nContent-ID: 0\r\n\r\nHTTP/1.1 202 Accepted\r\nx-ms-delete-type-permanent:
        true\r\nx-ms-request-id: 132854ab-601e-0044-79cf-81a9461e7aff\r\nx-ms-version:
        2021-08-06\r\nx-ms-client-request-id: 64fed526-edc2-11ec-a8d9-4851c58829e0\r\nServer:
        Windows-Azure-Blob/1.0\r\n\r\n--batchresponse_02e2f725-bd61-4b40-bbb4-41b522a12e23\r\nContent-Type:
        application/http\r\nContent-ID: 1\r\n\r\nHTTP/1.1 202 Accepted\r\nx-ms-delete-type-permanent:
        true\r\nx-ms-request-id: 132854ab-601e-0044-79cf-81a9461e7b01\r\nx-ms-version:
        2021-08-06\r\nx-ms-client-request-id: 64fed527-edc2-11ec-8486-4851c58829e0\r\nServer:
        Windows-Azure-Blob/1.0\r\n\r\n--batchresponse_02e2f725-bd61-4b40-bbb4-41b522a12e23--"
    headers:
      content-type: multipart/mixed; boundary=batchresponse_02e2f725-bd61-4b40-bbb4-41b522a12e23
      date: Thu, 16 Jun 2022 22:19:30 GMT
      server: Windows-Azure-Blob/1.0 Microsoft-HTTPAPI/2.0
      transfer-encoding: chunked
      x-ms-version: '2021-08-06'
    status:
      code: 202
      message: Accepted
    url: https://storagenamestorname.blob.core.windows.net/acontainer63e7163d?restype=container&comp=batch
- request:
    body: null
    headers:
      Accept:
      - application/xml
      User-Agent:
      - azsdk-python-storage-blob/12.13.0b1 Python/3.10.2 (Windows-10-10.0.19044-SP0)
      x-ms-date:
      - Thu, 16 Jun 2022 22:19:31 GMT
      x-ms-version:
      - '2021-08-06'
    method: HEAD
    uri: https://storagenamestorname.blob.core.windows.net/acontainer63e7163d/blob1
  response:
    body:
      string: ''
    headers:
      accept-ranges: bytes
      content-length: '12'
      content-type: application/octet-stream
      date: Thu, 16 Jun 2022 22:19:30 GMT
      etag: '"0x8DA4FE6493B019E"'
      last-modified: Thu, 16 Jun 2022 22:19:31 GMT
      server: Windows-Azure-Blob/1.0 Microsoft-HTTPAPI/2.0
      x-ms-access-tier: Hot
      x-ms-access-tier-inferred: 'true'
      x-ms-blob-type: BlockBlob
      x-ms-creation-time: Thu, 16 Jun 2022 22:19:31 GMT
      x-ms-is-current-version: 'true'
      x-ms-lease-state: available
      x-ms-lease-status: unlocked
      x-ms-server-encrypted: 'true'
      x-ms-version: '2021-08-06'
      x-ms-version-id: '2022-06-16T22:19:31.6032686Z'
    status:
      code: 200
      message: OK
    url: https://storagenamestorname.blob.core.windows.net/acontainer63e7163d/blob1
version: 1
