interactions:
- request:
    body: AAABBBCCC
    headers:
      Content-Length:
      - '9'
      Content-Type:
      - application/octet-stream
      If-None-Match:
      - '*'
      User-Agent:
      - azsdk-python-storage-blob/12.0.0b3 Python/3.7.3 (Windows-10-10.0.18362-SP0)
      x-ms-blob-type:
      - BlockBlob
      x-ms-client-request-id:
      - 1a1c66da-d99c-11e9-b2d5-001a7dda7113
      x-ms-date:
      - Tue, 17 Sep 2019 22:40:08 GMT
      x-ms-encryption-algorithm:
      - AES256
      x-ms-encryption-key:
      - MDEyMzQ1NjcwMTIzNDU2NzAxMjM0NTY3MDEyMzQ1Njc=
      x-ms-encryption-key-sha256:
      - 3QFFFpRA5+XANHqwwbT4yXDmrT/2JaLt/FKHjzhOdoE=
      x-ms-version:
      - '2019-02-02'
    method: PUT
    uri: https://storagename.blob.core.windows.net/utcontainercd2a132e/cpkcd2a132e
  response:
    body:
      string: ''
    headers:
      ? !!python/object/new:multidict._istr.istr
      - Content-Length
      : '0'
      ? !!python/object/new:multidict._istr.istr
      - Content-Md5
      : Yge131eW6WNBDTvEtqQhiw==
      ? !!python/object/new:multidict._istr.istr
      - Date
      : Tue, 17 Sep 2019 22:40:08 GMT
      ? !!python/object/new:multidict._istr.istr
      - Etag
      : '"0x8D73BBFFE4B49BA"'
      ? !!python/object/new:multidict._istr.istr
      - Last-Modified
      : Tue, 17 Sep 2019 22:40:08 GMT
      ? !!python/object/new:multidict._istr.istr
      - Server
      : Windows-Azure-Blob/1.0 Microsoft-HTTPAPI/2.0
      x-ms-content-crc64: DTngHrtvLQU=
      x-ms-encryption-key-sha256: 3QFFFpRA5+XANHqwwbT4yXDmrT/2JaLt/FKHjzhOdoE=
      x-ms-request-id: 152014eb-101e-0035-4fa8-6dfe2f000000
      x-ms-request-server-encrypted: 'true'
      x-ms-version: '2019-02-02'
    status:
      code: 201
      message: Created
    url: !!python/object/new:yarl.URL
      state: !!python/tuple
      - !!python/object/new:urllib.parse.SplitResult
        - https
        - emilystageaccount.blob.core.windows.net
        - /utcontainercd2a132e/cpkcd2a132e
        - ''
        - ''
- request:
    body: null
    headers:
      User-Agent:
      - azsdk-python-storage-blob/12.0.0b3 Python/3.7.3 (Windows-10-10.0.18362-SP0)
      content-type:
      - application/xml; charset=utf-8
      x-ms-client-request-id:
      - 1a296186-d99c-11e9-bc3a-001a7dda7113
      x-ms-date:
      - Tue, 17 Sep 2019 22:40:08 GMT
      x-ms-version:
      - '2019-02-02'
    method: HEAD
    uri: https://storagename.blob.core.windows.net/utcontainercd2a132e/cpkcd2a132e
  response:
    body:
      string: ''
    headers:
      ? !!python/object/new:multidict._istr.istr
      - Date
      : Tue, 17 Sep 2019 22:40:08 GMT
      ? !!python/object/new:multidict._istr.istr
      - Server
      : Windows-Azure-Blob/1.0 Microsoft-HTTPAPI/2.0
      ? !!python/object/new:multidict._istr.istr
      - Transfer-Encoding
      : chunked
      ? !!python/object/new:multidict._istr.istr
      - Vary
      : Origin
      x-ms-error-code: BlobUsesCustomerSpecifiedEncryption
      x-ms-request-id: 152014ed-101e-0035-51a8-6dfe2f000000
      x-ms-version: '2019-02-02'
    status:
      code: 409
      message: The blob is encrypted with customer specified encryption, but it was
        not provided in the request.
    url: !!python/object/new:yarl.URL
      state: !!python/tuple
      - !!python/object/new:urllib.parse.SplitResult
        - https
        - emilystageaccount.blob.core.windows.net
        - /utcontainercd2a132e/cpkcd2a132e
        - ''
        - ''
- request:
    body: null
    headers:
      User-Agent:
      - azsdk-python-storage-blob/12.0.0b3 Python/3.7.3 (Windows-10-10.0.18362-SP0)
      content-type:
      - application/xml; charset=utf-8
      x-ms-client-request-id:
      - 1a365376-d99c-11e9-93c3-001a7dda7113
      x-ms-date:
      - Tue, 17 Sep 2019 22:40:08 GMT
      x-ms-encryption-algorithm:
      - AES256
      x-ms-encryption-key:
      - MDEyMzQ1NjcwMTIzNDU2NzAxMjM0NTY3MDEyMzQ1Njc=
      x-ms-encryption-key-sha256:
      - 3QFFFpRA5+XANHqwwbT4yXDmrT/2JaLt/FKHjzhOdoE=
      x-ms-version:
      - '2019-02-02'
    method: HEAD
    uri: https://storagename.blob.core.windows.net/utcontainercd2a132e/cpkcd2a132e
  response:
    body:
      string: ''
    headers:
      ? !!python/object/new:multidict._istr.istr
      - Accept-Ranges
      : bytes
      ? !!python/object/new:multidict._istr.istr
      - Content-Length
      : '9'
      ? !!python/object/new:multidict._istr.istr
      - Content-Md5
      : Yge131eW6WNBDTvEtqQhiw==
      ? !!python/object/new:multidict._istr.istr
      - Content-Type
      : application/octet-stream
      ? !!python/object/new:multidict._istr.istr
      - Date
      : Tue, 17 Sep 2019 22:40:09 GMT
      ? !!python/object/new:multidict._istr.istr
      - Etag
      : '"0x8D73BBFFE4B49BA"'
      ? !!python/object/new:multidict._istr.istr
      - Last-Modified
      : Tue, 17 Sep 2019 22:40:08 GMT
      ? !!python/object/new:multidict._istr.istr
      - Server
      : Windows-Azure-Blob/1.0 Microsoft-HTTPAPI/2.0
      ? !!python/object/new:multidict._istr.istr
      - Vary
      : Origin
      x-ms-access-tier: Hot
      x-ms-access-tier-inferred: 'true'
      x-ms-blob-type: BlockBlob
      x-ms-creation-time: Tue, 17 Sep 2019 22:40:08 GMT
      x-ms-encryption-key-sha256: 3QFFFpRA5+XANHqwwbT4yXDmrT/2JaLt/FKHjzhOdoE=
      x-ms-lease-state: available
      x-ms-lease-status: unlocked
      x-ms-request-id: 37ff6aad-e01e-0021-51a8-6db640000000
      x-ms-server-encrypted: 'true'
      x-ms-version: '2019-02-02'
    status:
      code: 200
      message: OK
    url: !!python/object/new:yarl.URL
      state: !!python/tuple
      - !!python/object/new:urllib.parse.SplitResult
        - https
        - emilystageaccount.blob.core.windows.net
        - /utcontainercd2a132e/cpkcd2a132e
        - ''
        - ''
- request:
    body: null
    headers:
      User-Agent:
      - azsdk-python-storage-blob/12.0.0b3 Python/3.7.3 (Windows-10-10.0.18362-SP0)
      content-type:
      - application/xml; charset=utf-8
      x-ms-client-request-id:
      - 1a6c6b80-d99c-11e9-aee3-001a7dda7113
      x-ms-date:
      - Tue, 17 Sep 2019 22:40:09 GMT
      x-ms-meta-UP:
      - UPval
      x-ms-meta-hello:
      - world
      x-ms-meta-number:
      - '42'
      x-ms-version:
      - '2019-02-02'
    method: PUT
    uri: https://storagename.blob.core.windows.net/utcontainercd2a132e/cpkcd2a132e?comp=metadata
  response:
    body:
      string: "\uFEFF<?xml version=\"1.0\" encoding=\"utf-8\"?><Error><Code>BlobUsesCustomerSpecifiedEncryption</Code><Message>The
        blob is encrypted with customer specified encryption, but it was not provided
        in the request.\nRequestId:3866aa6e-701e-0033-5ea8-6dcd90000000\nTime:2019-09-17T22:40:09.5198176Z</Message></Error>"
    headers:
      ? !!python/object/new:multidict._istr.istr
      - Content-Length
      : '301'
      ? !!python/object/new:multidict._istr.istr
      - Content-Type
      : application/xml
      ? !!python/object/new:multidict._istr.istr
      - Date
      : Tue, 17 Sep 2019 22:40:09 GMT
      ? !!python/object/new:multidict._istr.istr
      - Server
      : Windows-Azure-Blob/1.0 Microsoft-HTTPAPI/2.0
      x-ms-error-code: BlobUsesCustomerSpecifiedEncryption
      x-ms-request-id: 3866aa6e-701e-0033-5ea8-6dcd90000000
      x-ms-version: '2019-02-02'
    status:
      code: 409
      message: The blob is encrypted with customer specified encryption, but it was
        not provided in the request.
    url: !!python/object/new:yarl.URL
      state: !!python/tuple
      - !!python/object/new:urllib.parse.SplitResult
        - https
        - emilystageaccount.blob.core.windows.net
        - /utcontainercd2a132e/cpkcd2a132e
        - comp=metadata
        - ''
- request:
    body: null
    headers:
      User-Agent:
      - azsdk-python-storage-blob/12.0.0b3 Python/3.7.3 (Windows-10-10.0.18362-SP0)
      content-type:
      - application/xml; charset=utf-8
      x-ms-client-request-id:
      - 1aa06206-d99c-11e9-b279-001a7dda7113
      x-ms-date:
      - Tue, 17 Sep 2019 22:40:09 GMT
      x-ms-encryption-algorithm:
      - AES256
      x-ms-encryption-key:
      - MDEyMzQ1NjcwMTIzNDU2NzAxMjM0NTY3MDEyMzQ1Njc=
      x-ms-encryption-key-sha256:
      - 3QFFFpRA5+XANHqwwbT4yXDmrT/2JaLt/FKHjzhOdoE=
      x-ms-meta-UP:
      - UPval
      x-ms-meta-hello:
      - world
      x-ms-meta-number:
      - '42'
      x-ms-version:
      - '2019-02-02'
    method: PUT
    uri: https://storagename.blob.core.windows.net/utcontainercd2a132e/cpkcd2a132e?comp=metadata
  response:
    body:
      string: ''
    headers:
      ? !!python/object/new:multidict._istr.istr
      - Content-Length
      : '0'
      ? !!python/object/new:multidict._istr.istr
      - Date
      : Tue, 17 Sep 2019 22:40:09 GMT
      ? !!python/object/new:multidict._istr.istr
      - Etag
      : '"0x8D73BBFFECF6E98"'
      ? !!python/object/new:multidict._istr.istr
      - Last-Modified
      : Tue, 17 Sep 2019 22:40:09 GMT
      ? !!python/object/new:multidict._istr.istr
      - Server
      : Windows-Azure-Blob/1.0 Microsoft-HTTPAPI/2.0
      x-ms-encryption-key-sha256: 3QFFFpRA5+XANHqwwbT4yXDmrT/2JaLt/FKHjzhOdoE=
      x-ms-request-id: 3866aa7b-701e-0033-65a8-6dcd90000000
      x-ms-request-server-encrypted: 'true'
      x-ms-version: '2019-02-02'
    status:
      code: 200
      message: OK
    url: !!python/object/new:yarl.URL
      state: !!python/tuple
      - !!python/object/new:urllib.parse.SplitResult
        - https
        - emilystageaccount.blob.core.windows.net
        - /utcontainercd2a132e/cpkcd2a132e
        - comp=metadata
        - ''
- request:
    body: null
    headers:
      User-Agent:
      - azsdk-python-storage-blob/12.0.0b3 Python/3.7.3 (Windows-10-10.0.18362-SP0)
      content-type:
      - application/xml; charset=utf-8
      x-ms-client-request-id:
      - 1aad4fde-d99c-11e9-a30d-001a7dda7113
      x-ms-date:
      - Tue, 17 Sep 2019 22:40:09 GMT
      x-ms-encryption-algorithm:
      - AES256
      x-ms-encryption-key:
      - MDEyMzQ1NjcwMTIzNDU2NzAxMjM0NTY3MDEyMzQ1Njc=
      x-ms-encryption-key-sha256:
      - 3QFFFpRA5+XANHqwwbT4yXDmrT/2JaLt/FKHjzhOdoE=
      x-ms-version:
      - '2019-02-02'
    method: HEAD
    uri: https://storagename.blob.core.windows.net/utcontainercd2a132e/cpkcd2a132e
  response:
    body:
      string: ''
    headers:
      ? !!python/object/new:multidict._istr.istr
      - Accept-Ranges
      : bytes
      ? !!python/object/new:multidict._istr.istr
      - Content-Length
      : '9'
      ? !!python/object/new:multidict._istr.istr
      - Content-Md5
      : Yge131eW6WNBDTvEtqQhiw==
      ? !!python/object/new:multidict._istr.istr
      - Content-Type
      : application/octet-stream
      ? !!python/object/new:multidict._istr.istr
      - Date
      : Tue, 17 Sep 2019 22:40:09 GMT
      ? !!python/object/new:multidict._istr.istr
      - Etag
      : '"0x8D73BBFFECF6E98"'
      ? !!python/object/new:multidict._istr.istr
      - Last-Modified
      : Tue, 17 Sep 2019 22:40:09 GMT
      ? !!python/object/new:multidict._istr.istr
      - Server
      : Windows-Azure-Blob/1.0 Microsoft-HTTPAPI/2.0
      ? !!python/object/new:multidict._istr.istr
      - Vary
      : Origin
      x-ms-access-tier: Hot
      x-ms-access-tier-inferred: 'true'
      x-ms-blob-type: BlockBlob
      x-ms-creation-time: Tue, 17 Sep 2019 22:40:08 GMT
      x-ms-encryption-key-sha256: 3QFFFpRA5+XANHqwwbT4yXDmrT/2JaLt/FKHjzhOdoE=
      x-ms-lease-state: available
      x-ms-lease-status: unlocked
      x-ms-meta-UP: UPval
      x-ms-meta-hello: world
      x-ms-meta-number: '42'
      x-ms-request-id: 3866aa82-701e-0033-6aa8-6dcd90000000
      x-ms-server-encrypted: 'true'
      x-ms-version: '2019-02-02'
    status:
      code: 200
      message: OK
    url: !!python/object/new:yarl.URL
      state: !!python/tuple
      - !!python/object/new:urllib.parse.SplitResult
        - https
        - emilystageaccount.blob.core.windows.net
        - /utcontainercd2a132e/cpkcd2a132e
        - ''
        - ''
version: 1
