{
  "Entries": [
    {
      "RequestUri": "https://storagename.blob.core.windows.net/utcontainer5fd632ef?restype=container",
      "RequestMethod": "PUT",
      "RequestHeaders": {
        "Accept": "application/xml",
        "Accept-Encoding": "gzip, deflate",
        "Connection": "keep-alive",
        "Content-Length": "0",
        "User-Agent": "azsdk-python-storage-blob/12.14.0 Python/3.10.5 (Windows-10-10.0.22000-SP0)",
        "x-ms-date": "Thu, 22 Sep 2022 18:26:03 GMT",
        "x-ms-version": "2021-08-06"
      },
      "RequestBody": null,
      "StatusCode": 201,
      "ResponseHeaders": {
        "Content-Length": "0",
        "Date": "Thu, 22 Sep 2022 18:26:02 GMT",
        "ETag": "\u00220x8DA9CC7E8741C1D\u0022",
        "Last-Modified": "Thu, 22 Sep 2022 18:26:03 GMT",
        "Server": [
          "Windows-Azure-Blob/1.0",
          "Microsoft-HTTPAPI/2.0"
        ],
        "x-ms-version": "2021-08-06"
      },
      "ResponseBody": null
    },
    {
      "RequestUri": "https://storagename.blob.core.windows.net/utcontainer5fd632ef/encryptionv2_blob5fd632ef",
      "RequestMethod": "PUT",
      "RequestHeaders": {
        "Accept": "application/xml",
        "Accept-Encoding": "gzip, deflate",
        "Connection": "keep-alive",
        "Content-Length": "50",
        "Content-Type": "application/octet-stream",
        "User-Agent": "azsdk-python-storage-blob/12.14.0 Python/3.10.5 (Windows-10-10.0.22000-SP0)",
        "x-ms-blob-type": "BlockBlob",
        "x-ms-date": "Thu, 22 Sep 2022 18:26:03 GMT",
        "x-ms-meta-encryptiondata": "{\u0022WrappedContentKey\u0022: {\u0022KeyId\u0022: \u0022key1\u0022, \u0022EncryptedKey\u0022: \u0022c3EwcBUQIku7ptntzfboaKwfdJmsOcVcOgfPAe30gAhEPkek8GsgMKRREXKhWZfG\u0022, \u0022Algorithm\u0022: \u0022A256KW\u0022}, \u0022EncryptionAgent\u0022: {\u0022Protocol\u0022: \u00222.0\u0022, \u0022EncryptionAlgorithm\u0022: \u0022AES_GCM_256\u0022}, \u0022EncryptedRegionInfo\u0022: {\u0022DataLength\u0022: 4194304, \u0022NonceLength\u0022: 12}, \u0022KeyWrappingMetadata\u0022: {\u0022EncryptionLibrary\u0022: \u0022Python x.x.x\u0022}, \u0022EncryptionMode\u0022: \u0022FullBlob\u0022}",
        "x-ms-version": "2021-08-06"
      },
      "RequestBody": "AAAAAAAAAAAAAAAA36fti93e3c5nphghXMQznudhdD1KYf09pvx\u002BKjk2Jr24Vj20AEg=",
      "StatusCode": 201,
      "ResponseHeaders": {
        "Content-Length": "0",
        "Content-MD5": "xG6OVIdph565MYIjlAzAkQ==",
        "Date": "Thu, 22 Sep 2022 18:26:03 GMT",
        "ETag": "\u00220x8DA9CC7E8808743\u0022",
        "Last-Modified": "Thu, 22 Sep 2022 18:26:03 GMT",
        "Server": [
          "Windows-Azure-Blob/1.0",
          "Microsoft-HTTPAPI/2.0"
        ],
        "x-ms-content-crc64": "QlU2q8PhGGs=",
        "x-ms-request-server-encrypted": "true",
        "x-ms-version": "2021-08-06"
      },
      "ResponseBody": null
    },
    {
      "RequestUri": "https://storagename.blob.core.windows.net/utcontainer5fd632ef/encryptionv2_blob5fd632ef",
      "RequestMethod": "HEAD",
      "RequestHeaders": {
        "Accept": "application/xml",
        "Accept-Encoding": "gzip, deflate",
        "Connection": "keep-alive",
        "User-Agent": "azsdk-python-storage-blob/12.14.0 Python/3.10.5 (Windows-10-10.0.22000-SP0)",
        "x-ms-date": "Thu, 22 Sep 2022 18:26:03 GMT",
        "x-ms-version": "2021-08-06"
      },
      "RequestBody": null,
      "StatusCode": 200,
      "ResponseHeaders": {
        "Accept-Ranges": "bytes",
        "Content-Length": "50",
        "Content-MD5": "xG6OVIdph565MYIjlAzAkQ==",
        "Content-Type": "application/octet-stream",
        "Date": "Thu, 22 Sep 2022 18:26:03 GMT",
        "ETag": "\u00220x8DA9CC7E8808743\u0022",
        "Last-Modified": "Thu, 22 Sep 2022 18:26:03 GMT",
        "Server": [
          "Windows-Azure-Blob/1.0",
          "Microsoft-HTTPAPI/2.0"
        ],
        "Vary": "Origin",
        "x-ms-access-tier": "Hot",
        "x-ms-access-tier-inferred": "true",
        "x-ms-blob-type": "BlockBlob",
        "x-ms-creation-time": "Thu, 22 Sep 2022 18:26:03 GMT",
        "x-ms-lease-state": "available",
        "x-ms-lease-status": "unlocked",
        "x-ms-meta-encryptiondata": "{\u0022WrappedContentKey\u0022: {\u0022KeyId\u0022: \u0022key1\u0022, \u0022EncryptedKey\u0022: \u0022c3EwcBUQIku7ptntzfboaKwfdJmsOcVcOgfPAe30gAhEPkek8GsgMKRREXKhWZfG\u0022, \u0022Algorithm\u0022: \u0022A256KW\u0022}, \u0022EncryptionAgent\u0022: {\u0022Protocol\u0022: \u00222.0\u0022, \u0022EncryptionAlgorithm\u0022: \u0022AES_GCM_256\u0022}, \u0022EncryptedRegionInfo\u0022: {\u0022DataLength\u0022: 4194304, \u0022NonceLength\u0022: 12}, \u0022KeyWrappingMetadata\u0022: {\u0022EncryptionLibrary\u0022: \u0022Python x.x.x\u0022}, \u0022EncryptionMode\u0022: \u0022FullBlob\u0022}",
        "x-ms-server-encrypted": "true",
        "x-ms-version": "2021-08-06"
      },
      "ResponseBody": null
    },
    {
      "RequestUri": "https://storagename.blob.core.windows.net/utcontainer5fd632ef/encryptionv2_blob5fd632ef?comp=metadata",
      "RequestMethod": "PUT",
      "RequestHeaders": {
        "Accept": "application/xml",
        "Accept-Encoding": "gzip, deflate",
        "Connection": "keep-alive",
        "Content-Length": "0",
        "User-Agent": "azsdk-python-storage-blob/12.14.0 Python/3.10.5 (Windows-10-10.0.22000-SP0)",
        "x-ms-date": "Thu, 22 Sep 2022 18:26:03 GMT",
        "x-ms-meta-encryptiondata": "{\u0022WrappedContentKey\u0022: {\u0022KeyId\u0022: \u0022key1\u0022, \u0022EncryptedKey\u0022: \u0022c3EwcBUQIku7ptntzfboaKwfdJmsOcVcOgfPAe30gAhEPkek8GsgMKRREXKhWZfG\u0022, \u0022Algorithm\u0022: \u0022A256KW\u0022}, \u0022EncryptionAgent\u0022: {\u0022Protocol\u0022: \u00221.0\u0022, \u0022EncryptionAlgorithm\u0022: \u0022AES_CBC_256\u0022}, \u0022EncryptedRegionInfo\u0022: {\u0022DataLength\u0022: 4194304, \u0022NonceLength\u0022: 12}, \u0022KeyWrappingMetadata\u0022: {\u0022EncryptionLibrary\u0022: \u0022Python x.x.x\u0022}, \u0022EncryptionMode\u0022: \u0022FullBlob\u0022, \u0022ContentEncryptionIV\u0022: \u0022u9aHtmrl3JOwEx7Mn/TKqw==\u0022}",
        "x-ms-version": "2021-08-06"
      },
      "RequestBody": null,
      "StatusCode": 200,
      "ResponseHeaders": {
        "Content-Length": "0",
        "Date": "Thu, 22 Sep 2022 18:26:03 GMT",
        "ETag": "\u00220x8DA9CC7E8978E5B\u0022",
        "Last-Modified": "Thu, 22 Sep 2022 18:26:04 GMT",
        "Server": [
          "Windows-Azure-Blob/1.0",
          "Microsoft-HTTPAPI/2.0"
        ],
        "x-ms-request-server-encrypted": "true",
        "x-ms-version": "2021-08-06"
      },
      "ResponseBody": null
    },
    {
      "RequestUri": "https://storagename.blob.core.windows.net/utcontainer5fd632ef/encryptionv2_blob5fd632ef",
      "RequestMethod": "HEAD",
      "RequestHeaders": {
        "Accept": "application/xml",
        "Accept-Encoding": "gzip, deflate",
        "Connection": "keep-alive",
        "User-Agent": "azsdk-python-storage-blob/12.14.0 Python/3.10.5 (Windows-10-10.0.22000-SP0)",
        "x-ms-date": "Thu, 22 Sep 2022 18:26:03 GMT",
        "x-ms-version": "2021-08-06"
      },
      "RequestBody": null,
      "StatusCode": 200,
      "ResponseHeaders": {
        "Accept-Ranges": "bytes",
        "Content-Length": "50",
        "Content-MD5": "xG6OVIdph565MYIjlAzAkQ==",
        "Content-Type": "application/octet-stream",
        "Date": "Thu, 22 Sep 2022 18:26:03 GMT",
        "ETag": "\u00220x8DA9CC7E8978E5B\u0022",
        "Last-Modified": "Thu, 22 Sep 2022 18:26:04 GMT",
        "Server": [
          "Windows-Azure-Blob/1.0",
          "Microsoft-HTTPAPI/2.0"
        ],
        "Vary": "Origin",
        "x-ms-access-tier": "Hot",
        "x-ms-access-tier-inferred": "true",
        "x-ms-blob-type": "BlockBlob",
        "x-ms-creation-time": "Thu, 22 Sep 2022 18:26:03 GMT",
        "x-ms-lease-state": "available",
        "x-ms-lease-status": "unlocked",
        "x-ms-meta-encryptiondata": "{\u0022WrappedContentKey\u0022: {\u0022KeyId\u0022: \u0022key1\u0022, \u0022EncryptedKey\u0022: \u0022c3EwcBUQIku7ptntzfboaKwfdJmsOcVcOgfPAe30gAhEPkek8GsgMKRREXKhWZfG\u0022, \u0022Algorithm\u0022: \u0022A256KW\u0022}, \u0022EncryptionAgent\u0022: {\u0022Protocol\u0022: \u00221.0\u0022, \u0022EncryptionAlgorithm\u0022: \u0022AES_CBC_256\u0022}, \u0022EncryptedRegionInfo\u0022: {\u0022DataLength\u0022: 4194304, \u0022NonceLength\u0022: 12}, \u0022KeyWrappingMetadata\u0022: {\u0022EncryptionLibrary\u0022: \u0022Python x.x.x\u0022}, \u0022EncryptionMode\u0022: \u0022FullBlob\u0022, \u0022ContentEncryptionIV\u0022: \u0022u9aHtmrl3JOwEx7Mn/TKqw==\u0022}",
        "x-ms-server-encrypted": "true",
        "x-ms-version": "2021-08-06"
      },
      "ResponseBody": null
    },
    {
      "RequestUri": "https://storagename.blob.core.windows.net/utcontainer5fd632ef/encryptionv2_blob5fd632ef",
      "RequestMethod": "GET",
      "RequestHeaders": {
        "Accept": "application/xml",
        "Accept-Encoding": "gzip, deflate",
        "Connection": "keep-alive",
        "User-Agent": "azsdk-python-storage-blob/12.14.0 Python/3.10.5 (Windows-10-10.0.22000-SP0)",
        "x-ms-date": "Thu, 22 Sep 2022 18:26:03 GMT",
        "x-ms-range": "bytes=0-33554431",
        "x-ms-version": "2021-08-06"
      },
      "RequestBody": null,
      "StatusCode": 206,
      "ResponseHeaders": {
        "Accept-Ranges": "bytes",
        "Content-Length": "50",
        "Content-Range": "bytes 0-49/50",
        "Content-Type": "application/octet-stream",
        "Date": "Thu, 22 Sep 2022 18:26:03 GMT",
        "ETag": "\u00220x8DA9CC7E8978E5B\u0022",
        "Last-Modified": "Thu, 22 Sep 2022 18:26:04 GMT",
        "Server": [
          "Windows-Azure-Blob/1.0",
          "Microsoft-HTTPAPI/2.0"
        ],
        "Vary": "Origin",
        "x-ms-blob-content-md5": "xG6OVIdph565MYIjlAzAkQ==",
        "x-ms-blob-type": "BlockBlob",
        "x-ms-creation-time": "Thu, 22 Sep 2022 18:26:03 GMT",
        "x-ms-lease-state": "available",
        "x-ms-lease-status": "unlocked",
        "x-ms-meta-encryptiondata": "{\u0022WrappedContentKey\u0022: {\u0022KeyId\u0022: \u0022key1\u0022, \u0022EncryptedKey\u0022: \u0022c3EwcBUQIku7ptntzfboaKwfdJmsOcVcOgfPAe30gAhEPkek8GsgMKRREXKhWZfG\u0022, \u0022Algorithm\u0022: \u0022A256KW\u0022}, \u0022EncryptionAgent\u0022: {\u0022Protocol\u0022: \u00221.0\u0022, \u0022EncryptionAlgorithm\u0022: \u0022AES_CBC_256\u0022}, \u0022EncryptedRegionInfo\u0022: {\u0022DataLength\u0022: 4194304, \u0022NonceLength\u0022: 12}, \u0022KeyWrappingMetadata\u0022: {\u0022EncryptionLibrary\u0022: \u0022Python x.x.x\u0022}, \u0022EncryptionMode\u0022: \u0022FullBlob\u0022, \u0022ContentEncryptionIV\u0022: \u0022u9aHtmrl3JOwEx7Mn/TKqw==\u0022}",
        "x-ms-server-encrypted": "true",
        "x-ms-version": "2021-08-06"
      },
      "ResponseBody": "AAAAAAAAAAAAAAAA36fti93e3c5nphghXMQznudhdD1KYf09pvx\u002BKjk2Jr24Vj20AEg="
    },
    {
      "RequestUri": "https://storagename.blob.core.windows.net/utcontainer5fd632ef/encryptionv2_blob5fd632ef",
      "RequestMethod": "GET",
      "RequestHeaders": {
        "Accept": "application/xml",
        "Accept-Encoding": "gzip, deflate",
        "Connection": "keep-alive",
        "User-Agent": "azsdk-python-storage-blob/12.14.0 Python/3.10.5 (Windows-10-10.0.22000-SP0)",
        "x-ms-date": "Thu, 22 Sep 2022 18:26:04 GMT",
        "x-ms-range": "bytes=0-33554431",
        "x-ms-version": "2021-08-06"
      },
      "RequestBody": null,
      "StatusCode": 206,
      "ResponseHeaders": {
        "Accept-Ranges": "bytes",
        "Content-Length": "50",
        "Content-Range": "bytes 0-49/50",
        "Content-Type": "application/octet-stream",
        "Date": "Thu, 22 Sep 2022 18:26:04 GMT",
        "ETag": "\u00220x8DA9CC7E8978E5B\u0022",
        "Last-Modified": "Thu, 22 Sep 2022 18:26:04 GMT",
        "Server": [
          "Windows-Azure-Blob/1.0",
          "Microsoft-HTTPAPI/2.0"
        ],
        "Vary": "Origin",
        "x-ms-blob-content-md5": "xG6OVIdph565MYIjlAzAkQ==",
        "x-ms-blob-type": "BlockBlob",
        "x-ms-creation-time": "Thu, 22 Sep 2022 18:26:03 GMT",
        "x-ms-lease-state": "available",
        "x-ms-lease-status": "unlocked",
        "x-ms-meta-encryptiondata": "{\u0022WrappedContentKey\u0022: {\u0022KeyId\u0022: \u0022key1\u0022, \u0022EncryptedKey\u0022: \u0022c3EwcBUQIku7ptntzfboaKwfdJmsOcVcOgfPAe30gAhEPkek8GsgMKRREXKhWZfG\u0022, \u0022Algorithm\u0022: \u0022A256KW\u0022}, \u0022EncryptionAgent\u0022: {\u0022Protocol\u0022: \u00221.0\u0022, \u0022EncryptionAlgorithm\u0022: \u0022AES_CBC_256\u0022}, \u0022EncryptedRegionInfo\u0022: {\u0022DataLength\u0022: 4194304, \u0022NonceLength\u0022: 12}, \u0022KeyWrappingMetadata\u0022: {\u0022EncryptionLibrary\u0022: \u0022Python x.x.x\u0022}, \u0022EncryptionMode\u0022: \u0022FullBlob\u0022, \u0022ContentEncryptionIV\u0022: \u0022u9aHtmrl3JOwEx7Mn/TKqw==\u0022}",
        "x-ms-server-encrypted": "true",
        "x-ms-version": "2021-08-06"
      },
      "ResponseBody": "AAAAAAAAAAAAAAAA36fti93e3c5nphghXMQznudhdD1KYf09pvx\u002BKjk2Jr24Vj20AEg="
    },
    {
      "RequestUri": "https://storagename.blob.core.windows.net/utcontainer5fd632ef/encryptionv2_blob5fd632ef",
      "RequestMethod": "GET",
      "RequestHeaders": {
        "Accept": "application/xml",
        "Accept-Encoding": "gzip, deflate",
        "Connection": "keep-alive",
        "User-Agent": "azsdk-python-storage-blob/12.14.0 Python/3.10.5 (Windows-10-10.0.22000-SP0)",
        "x-ms-date": "Thu, 22 Sep 2022 18:26:05 GMT",
        "x-ms-range": "bytes=0-33554431",
        "x-ms-version": "2021-08-06"
      },
      "RequestBody": null,
      "StatusCode": 206,
      "ResponseHeaders": {
        "Accept-Ranges": "bytes",
        "Content-Length": "50",
        "Content-Range": "bytes 0-49/50",
        "Content-Type": "application/octet-stream",
        "Date": "Thu, 22 Sep 2022 18:26:05 GMT",
        "ETag": "\u00220x8DA9CC7E8978E5B\u0022",
        "Last-Modified": "Thu, 22 Sep 2022 18:26:04 GMT",
        "Server": [
          "Windows-Azure-Blob/1.0",
          "Microsoft-HTTPAPI/2.0"
        ],
        "Vary": "Origin",
        "x-ms-blob-content-md5": "xG6OVIdph565MYIjlAzAkQ==",
        "x-ms-blob-type": "BlockBlob",
        "x-ms-creation-time": "Thu, 22 Sep 2022 18:26:03 GMT",
        "x-ms-lease-state": "available",
        "x-ms-lease-status": "unlocked",
        "x-ms-meta-encryptiondata": "{\u0022WrappedContentKey\u0022: {\u0022KeyId\u0022: \u0022key1\u0022, \u0022EncryptedKey\u0022: \u0022c3EwcBUQIku7ptntzfboaKwfdJmsOcVcOgfPAe30gAhEPkek8GsgMKRREXKhWZfG\u0022, \u0022Algorithm\u0022: \u0022A256KW\u0022}, \u0022EncryptionAgent\u0022: {\u0022Protocol\u0022: \u00221.0\u0022, \u0022EncryptionAlgorithm\u0022: \u0022AES_CBC_256\u0022}, \u0022EncryptedRegionInfo\u0022: {\u0022DataLength\u0022: 4194304, \u0022NonceLength\u0022: 12}, \u0022KeyWrappingMetadata\u0022: {\u0022EncryptionLibrary\u0022: \u0022Python x.x.x\u0022}, \u0022EncryptionMode\u0022: \u0022FullBlob\u0022, \u0022ContentEncryptionIV\u0022: \u0022u9aHtmrl3JOwEx7Mn/TKqw==\u0022}",
        "x-ms-server-encrypted": "true",
        "x-ms-version": "2021-08-06"
      },
      "ResponseBody": "AAAAAAAAAAAAAAAA36fti93e3c5nphghXMQznudhdD1KYf09pvx\u002BKjk2Jr24Vj20AEg="
    }
  ],
  "Variables": {}
}
