interactions:
- request:
    body: null
    headers:
      Accept:
      - '*/*'
      Accept-Encoding:
      - gzip, deflate
      Connection:
      - keep-alive
      Content-Length:
      - '0'
      User-Agent:
      - python/3.6.5 (Darwin-16.7.0-x86_64-i386-64bit) azure-core/0.0.1
      x-ms-client-request-id:
      - ceac649e-8ecb-11e9-b58a-f45c89a7d159
      x-ms-date:
      - Fri, 14 Jun 2019 17:42:40 GMT
      x-ms-version:
      - '2018-03-28'
    method: PUT
    uri: https://remotestoragename.blob.core.windows.net/container4ef015fd?restype=container
  response:
    body:
      string: ''
    headers:
      Content-Length:
      - '0'
      Date:
      - Fri, 14 Jun 2019 17:42:41 GMT
      ETag:
      - '"0x8D6F0EFB372A7F3"'
      Last-Modified:
      - Fri, 14 Jun 2019 17:42:41 GMT
      Server:
      - Windows-Azure-Blob/1.0 Microsoft-HTTPAPI/2.0
      x-ms-request-id:
      - 587cfa9d-501e-0074-31d8-22e246000000
      x-ms-version:
      - '2018-03-28'
    status:
      code: 201
      message: Created
- request:
    body: hello world
    headers:
      Accept:
      - '*/*'
      Accept-Encoding:
      - gzip, deflate
      Connection:
      - keep-alive
      Content-Length:
      - '11'
      Content-Type:
      - application/octet-stream
      User-Agent:
      - python/3.6.5 (Darwin-16.7.0-x86_64-i386-64bit) azure-core/0.0.1
      x-ms-blob-type:
      - BlockBlob
      x-ms-client-request-id:
      - cecdd9c6-8ecb-11e9-906c-f45c89a7d159
      x-ms-date:
      - Fri, 14 Jun 2019 17:42:41 GMT
      x-ms-version:
      - '2018-03-28'
    method: PUT
    uri: https://remotestoragename.blob.core.windows.net/container4ef015fd/blob1
  response:
    body:
      string: ''
    headers:
      Content-Length:
      - '0'
      Content-MD5:
      - XrY7u+Ae7tCTyyK7j1rNww==
      Date:
      - Fri, 14 Jun 2019 17:42:41 GMT
      ETag:
      - '"0x8D6F0EFB37CAC57"'
      Last-Modified:
      - Fri, 14 Jun 2019 17:42:41 GMT
      Server:
      - Windows-Azure-Blob/1.0 Microsoft-HTTPAPI/2.0
      x-ms-request-id:
      - 587cfaa9-501e-0074-39d8-22e246000000
      x-ms-request-server-encrypted:
      - 'true'
      x-ms-version:
      - '2018-03-28'
    status:
      code: 201
      message: Created
- request:
    body: null
    headers:
      Accept:
      - '*/*'
      Accept-Encoding:
      - gzip, deflate
      Connection:
      - keep-alive
      Content-Length:
      - '0'
      User-Agent:
      - python/3.6.5 (Darwin-16.7.0-x86_64-i386-64bit) azure-core/0.0.1
      x-ms-client-request-id:
      - ced74f7e-8ecb-11e9-8be4-f45c89a7d159
      x-ms-date:
      - Fri, 14 Jun 2019 17:42:41 GMT
      x-ms-version:
      - '2018-03-28'
    method: PUT
    uri: https://remotestoragename.blob.core.windows.net/container4ef015fd/blob1?comp=snapshot
  response:
    body:
      string: ''
    headers:
      Content-Length:
      - '0'
      Date:
      - Fri, 14 Jun 2019 17:42:41 GMT
      ETag:
      - '"0x8D6F0EFB37CAC57"'
      Last-Modified:
      - Fri, 14 Jun 2019 17:42:41 GMT
      Server:
      - Windows-Azure-Blob/1.0 Microsoft-HTTPAPI/2.0
      x-ms-request-id:
      - 587cfab9-501e-0074-45d8-22e246000000
      x-ms-snapshot:
      - '2019-06-14T17:42:41.9236528Z'
      x-ms-version:
      - '2018-03-28'
    status:
      code: 201
      message: Created
- request:
    body: hello world
    headers:
      Accept:
      - '*/*'
      Accept-Encoding:
      - gzip, deflate
      Connection:
      - keep-alive
      Content-Length:
      - '11'
      Content-Type:
      - application/octet-stream
      User-Agent:
      - python/3.6.5 (Darwin-16.7.0-x86_64-i386-64bit) azure-core/0.0.1
      x-ms-blob-type:
      - BlockBlob
      x-ms-client-request-id:
      - cee0dfba-8ecb-11e9-ae4f-f45c89a7d159
      x-ms-date:
      - Fri, 14 Jun 2019 17:42:41 GMT
      x-ms-version:
      - '2018-03-28'
    method: PUT
    uri: https://remotestoragename.blob.core.windows.net/container4ef015fd/blob2
  response:
    body:
      string: ''
    headers:
      Content-Length:
      - '0'
      Content-MD5:
      - XrY7u+Ae7tCTyyK7j1rNww==
      Date:
      - Fri, 14 Jun 2019 17:42:41 GMT
      ETag:
      - '"0x8D6F0EFB38F4D58"'
      Last-Modified:
      - Fri, 14 Jun 2019 17:42:41 GMT
      Server:
      - Windows-Azure-Blob/1.0 Microsoft-HTTPAPI/2.0
      x-ms-request-id:
      - 587cfac9-501e-0074-52d8-22e246000000
      x-ms-request-server-encrypted:
      - 'true'
      x-ms-version:
      - '2018-03-28'
    status:
      code: 201
      message: Created
- request:
    body: null
    headers:
      Accept:
      - application/xml
      Accept-Encoding:
      - gzip, deflate
      Connection:
      - keep-alive
      User-Agent:
      - python/3.6.5 (Darwin-16.7.0-x86_64-i386-64bit) azure-core/0.0.1
      x-ms-client-request-id:
      - cee9cce4-8ecb-11e9-a31a-f45c89a7d159
      x-ms-date:
      - Fri, 14 Jun 2019 17:42:41 GMT
      x-ms-version:
      - '2018-03-28'
    method: GET
    uri: https://remotestoragename.blob.core.windows.net/container4ef015fd?include=snapshots&restype=container&comp=list
  response:
    body:
      string: "\uFEFF<?xml version=\"1.0\" encoding=\"utf-8\"?><EnumerationResults\
        \ ServiceEndpoint=\"https://remotestoragename.blob.core.windows.net/\" ContainerName=\"\
        container4ef015fd\"><Blobs><Blob><Name>blob1</Name><Snapshot>2019-06-14T17:42:41.9236528Z</Snapshot><Properties><Creation-Time>Fri,\
        \ 14 Jun 2019 17:42:41 GMT</Creation-Time><Last-Modified>Fri, 14 Jun 2019\
        \ 17:42:41 GMT</Last-Modified><Etag>0x8D6F0EFB37CAC57</Etag><Content-Length>11</Content-Length><Content-Type>application/octet-stream</Content-Type><Content-Encoding\
        \ /><Content-Language /><Content-MD5>XrY7u+Ae7tCTyyK7j1rNww==</Content-MD5><Cache-Control\
        \ /><Content-Disposition /><BlobType>BlockBlob</BlobType><ServerEncrypted>true</ServerEncrypted></Properties></Blob><Blob><Name>blob1</Name><Properties><Creation-Time>Fri,\
        \ 14 Jun 2019 17:42:41 GMT</Creation-Time><Last-Modified>Fri, 14 Jun 2019\
        \ 17:42:41 GMT</Last-Modified><Etag>0x8D6F0EFB37CAC57</Etag><Content-Length>11</Content-Length><Content-Type>application/octet-stream</Content-Type><Content-Encoding\
        \ /><Content-Language /><Content-MD5>XrY7u+Ae7tCTyyK7j1rNww==</Content-MD5><Cache-Control\
        \ /><Content-Disposition /><BlobType>BlockBlob</BlobType><AccessTier>Hot</AccessTier><AccessTierInferred>true</AccessTierInferred><LeaseStatus>unlocked</LeaseStatus><LeaseState>available</LeaseState><ServerEncrypted>true</ServerEncrypted></Properties></Blob><Blob><Name>blob2</Name><Properties><Creation-Time>Fri,\
        \ 14 Jun 2019 17:42:41 GMT</Creation-Time><Last-Modified>Fri, 14 Jun 2019\
        \ 17:42:41 GMT</Last-Modified><Etag>0x8D6F0EFB38F4D58</Etag><Content-Length>11</Content-Length><Content-Type>application/octet-stream</Content-Type><Content-Encoding\
        \ /><Content-Language /><Content-MD5>XrY7u+Ae7tCTyyK7j1rNww==</Content-MD5><Cache-Control\
        \ /><Content-Disposition /><BlobType>BlockBlob</BlobType><AccessTier>Hot</AccessTier><AccessTierInferred>true</AccessTierInferred><LeaseStatus>unlocked</LeaseStatus><LeaseState>available</LeaseState><ServerEncrypted>true</ServerEncrypted></Properties></Blob></Blobs><NextMarker\
        \ /></EnumerationResults>"
    headers:
      Content-Type:
      - application/xml
      Date:
      - Fri, 14 Jun 2019 17:42:41 GMT
      Server:
      - Windows-Azure-Blob/1.0 Microsoft-HTTPAPI/2.0
      Transfer-Encoding:
      - chunked
      Vary:
      - Origin
      x-ms-request-id:
      - 587cfad0-501e-0074-58d8-22e246000000
      x-ms-version:
      - '2018-03-28'
    status:
      code: 200
      message: OK
- request:
    body: null
    headers:
      Accept:
      - '*/*'
      Accept-Encoding:
      - gzip, deflate
      Connection:
      - keep-alive
      Content-Length:
      - '0'
      User-Agent:
      - python/3.6.5 (Darwin-16.7.0-x86_64-i386-64bit) azure-core/0.0.1
      x-ms-client-request-id:
      - 1ccf1848-8ed5-11e9-af44-f45c89a7d159
      x-ms-date:
      - Fri, 14 Jun 2019 18:49:17 GMT
      x-ms-version:
      - '2018-03-28'
    method: PUT
    uri: https://storagename.blob.core.windows.net/container4ef015fd?restype=container
  response:
    body:
      string: ''
    headers:
      Content-Length:
      - '0'
      Date:
      - Fri, 14 Jun 2019 18:49:17 GMT
      ETag:
      - '"0x8D6F0F9011F902C"'
      Last-Modified:
      - Fri, 14 Jun 2019 18:49:17 GMT
      Server:
      - Windows-Azure-Blob/1.0 Microsoft-HTTPAPI/2.0
      x-ms-request-id:
      - 23c3f41a-e01e-0029-0fe1-221242000000
      x-ms-version:
      - '2018-03-28'
    status:
      code: 201
      message: Created
- request:
    body: hello world
    headers:
      Accept:
      - '*/*'
      Accept-Encoding:
      - gzip, deflate
      Connection:
      - keep-alive
      Content-Length:
      - '11'
      Content-Type:
      - application/octet-stream
      User-Agent:
      - python/3.6.5 (Darwin-16.7.0-x86_64-i386-64bit) azure-core/0.0.1
      x-ms-blob-type:
      - BlockBlob
      x-ms-client-request-id:
      - 1cf03870-8ed5-11e9-9ee5-f45c89a7d159
      x-ms-date:
      - Fri, 14 Jun 2019 18:49:17 GMT
      x-ms-version:
      - '2018-03-28'
    method: PUT
    uri: https://storagename.blob.core.windows.net/container4ef015fd/blob1
  response:
    body:
      string: ''
    headers:
      Content-Length:
      - '0'
      Content-MD5:
      - XrY7u+Ae7tCTyyK7j1rNww==
      Date:
      - Fri, 14 Jun 2019 18:49:17 GMT
      ETag:
      - '"0x8D6F0F901294FCB"'
      Last-Modified:
      - Fri, 14 Jun 2019 18:49:17 GMT
      Server:
      - Windows-Azure-Blob/1.0 Microsoft-HTTPAPI/2.0
      x-ms-request-id:
      - 23c3f441-e01e-0029-33e1-221242000000
      x-ms-request-server-encrypted:
      - 'true'
      x-ms-version:
      - '2018-03-28'
    status:
      code: 201
      message: Created
- request:
    body: null
    headers:
      Accept:
      - '*/*'
      Accept-Encoding:
      - gzip, deflate
      Connection:
      - keep-alive
      Content-Length:
      - '0'
      User-Agent:
      - python/3.6.5 (Darwin-16.7.0-x86_64-i386-64bit) azure-core/0.0.1
      x-ms-client-request-id:
      - 1cf8eaba-8ed5-11e9-a0fb-f45c89a7d159
      x-ms-date:
      - Fri, 14 Jun 2019 18:49:17 GMT
      x-ms-version:
      - '2018-03-28'
    method: PUT
    uri: https://storagename.blob.core.windows.net/container4ef015fd/blob1?comp=snapshot
  response:
    body:
      string: ''
    headers:
      Content-Length:
      - '0'
      Date:
      - Fri, 14 Jun 2019 18:49:17 GMT
      ETag:
      - '"0x8D6F0F901294FCB"'
      Last-Modified:
      - Fri, 14 Jun 2019 18:49:17 GMT
      Server:
      - Windows-Azure-Blob/1.0 Microsoft-HTTPAPI/2.0
      x-ms-request-id:
      - 23c3f462-e01e-0029-53e1-221242000000
      x-ms-snapshot:
      - '2019-06-14T18:49:17.7081837Z'
      x-ms-version:
      - '2018-03-28'
    status:
      code: 201
      message: Created
- request:
    body: hello world
    headers:
      Accept:
      - '*/*'
      Accept-Encoding:
      - gzip, deflate
      Connection:
      - keep-alive
      Content-Length:
      - '11'
      Content-Type:
      - application/octet-stream
      User-Agent:
      - python/3.6.5 (Darwin-16.7.0-x86_64-i386-64bit) azure-core/0.0.1
      x-ms-blob-type:
      - BlockBlob
      x-ms-client-request-id:
      - 1d03ecb4-8ed5-11e9-b0c0-f45c89a7d159
      x-ms-date:
      - Fri, 14 Jun 2019 18:49:17 GMT
      x-ms-version:
      - '2018-03-28'
    method: PUT
    uri: https://storagename.blob.core.windows.net/container4ef015fd/blob2
  response:
    body:
      string: ''
    headers:
      Content-Length:
      - '0'
      Content-MD5:
      - XrY7u+Ae7tCTyyK7j1rNww==
      Date:
      - Fri, 14 Jun 2019 18:49:17 GMT
      ETag:
      - '"0x8D6F0F9013D77B3"'
      Last-Modified:
      - Fri, 14 Jun 2019 18:49:17 GMT
      Server:
      - Windows-Azure-Blob/1.0 Microsoft-HTTPAPI/2.0
      x-ms-request-id:
      - 23c3f487-e01e-0029-76e1-221242000000
      x-ms-request-server-encrypted:
      - 'true'
      x-ms-version:
      - '2018-03-28'
    status:
      code: 201
      message: Created
- request:
    body: null
    headers:
      Accept:
      - application/xml
      Accept-Encoding:
      - gzip, deflate
      Connection:
      - keep-alive
      User-Agent:
      - python/3.6.5 (Darwin-16.7.0-x86_64-i386-64bit) azure-core/0.0.1
      x-ms-client-request-id:
      - 1d0d4438-8ed5-11e9-8c19-f45c89a7d159
      x-ms-date:
      - Fri, 14 Jun 2019 18:49:17 GMT
      x-ms-version:
      - '2018-03-28'
    method: GET
    uri: https://storagename.blob.core.windows.net/container4ef015fd?include=snapshots&restype=container&comp=list
  response:
    body:
      string: "\uFEFF<?xml version=\"1.0\" encoding=\"utf-8\"?><EnumerationResults\
        \ ServiceEndpoint=\"https://storagename.blob.core.windows.net/\" ContainerName=\"\
        container4ef015fd\"><Blobs><Blob><Name>blob1</Name><Snapshot>2019-06-14T18:49:17.7081837Z</Snapshot><Properties><Creation-Time>Fri,\
        \ 14 Jun 2019 18:49:17 GMT</Creation-Time><Last-Modified>Fri, 14 Jun 2019\
        \ 18:49:17 GMT</Last-Modified><Etag>0x8D6F0F901294FCB</Etag><Content-Length>11</Content-Length><Content-Type>application/octet-stream</Content-Type><Content-Encoding\
        \ /><Content-Language /><Content-MD5>XrY7u+Ae7tCTyyK7j1rNww==</Content-MD5><Cache-Control\
        \ /><Content-Disposition /><BlobType>BlockBlob</BlobType><ServerEncrypted>true</ServerEncrypted></Properties></Blob><Blob><Name>blob1</Name><Properties><Creation-Time>Fri,\
        \ 14 Jun 2019 18:49:17 GMT</Creation-Time><Last-Modified>Fri, 14 Jun 2019\
        \ 18:49:17 GMT</Last-Modified><Etag>0x8D6F0F901294FCB</Etag><Content-Length>11</Content-Length><Content-Type>application/octet-stream</Content-Type><Content-Encoding\
        \ /><Content-Language /><Content-MD5>XrY7u+Ae7tCTyyK7j1rNww==</Content-MD5><Cache-Control\
        \ /><Content-Disposition /><BlobType>BlockBlob</BlobType><AccessTier>Hot</AccessTier><AccessTierInferred>true</AccessTierInferred><LeaseStatus>unlocked</LeaseStatus><LeaseState>available</LeaseState><ServerEncrypted>true</ServerEncrypted></Properties></Blob><Blob><Name>blob2</Name><Properties><Creation-Time>Fri,\
        \ 14 Jun 2019 18:49:17 GMT</Creation-Time><Last-Modified>Fri, 14 Jun 2019\
        \ 18:49:17 GMT</Last-Modified><Etag>0x8D6F0F9013D77B3</Etag><Content-Length>11</Content-Length><Content-Type>application/octet-stream</Content-Type><Content-Encoding\
        \ /><Content-Language /><Content-MD5>XrY7u+Ae7tCTyyK7j1rNww==</Content-MD5><Cache-Control\
        \ /><Content-Disposition /><BlobType>BlockBlob</BlobType><AccessTier>Hot</AccessTier><AccessTierInferred>true</AccessTierInferred><LeaseStatus>unlocked</LeaseStatus><LeaseState>available</LeaseState><ServerEncrypted>true</ServerEncrypted></Properties></Blob></Blobs><NextMarker\
        \ /></EnumerationResults>"
    headers:
      Content-Type:
      - application/xml
      Date:
      - Fri, 14 Jun 2019 18:49:17 GMT
      Server:
      - Windows-Azure-Blob/1.0 Microsoft-HTTPAPI/2.0
      Transfer-Encoding:
      - chunked
      Vary:
      - Origin
      x-ms-request-id:
      - 23c3f4a7-e01e-0029-11e1-221242000000
      x-ms-version:
      - '2018-03-28'
    status:
      code: 200
      message: OK
- request:
    body: null
    headers:
      Accept:
      - '*/*'
      Accept-Encoding:
      - gzip, deflate
      Connection:
      - keep-alive
      Content-Length:
      - '0'
      User-Agent:
      - python/3.6.5 (Darwin-16.7.0-x86_64-i386-64bit) azure-core/0.0.1
      x-ms-client-request-id:
      - 1f5b9550-8eda-11e9-a42d-f45c89a7d159
      x-ms-date:
      - Fri, 14 Jun 2019 19:25:09 GMT
      x-ms-version:
      - '2018-03-28'
    method: PUT
    uri: https://storagename.blob.core.windows.net/container4ef015fd?restype=container
  response:
    body:
      string: ''
    headers:
      Content-Length:
      - '0'
      Date:
      - Fri, 14 Jun 2019 19:25:09 GMT
      ETag:
      - '"0x8D6F0FE03AA520D"'
      Last-Modified:
      - Fri, 14 Jun 2019 19:25:09 GMT
      Server:
      - Windows-Azure-Blob/1.0 Microsoft-HTTPAPI/2.0
      x-ms-request-id:
      - 94230063-201e-00b7-44e6-226b05000000
      x-ms-version:
      - '2018-03-28'
    status:
      code: 201
      message: Created
- request:
    body: hello world
    headers:
      Accept:
      - '*/*'
      Accept-Encoding:
      - gzip, deflate
      Connection:
      - keep-alive
      Content-Length:
      - '11'
      Content-Type:
      - application/octet-stream
      User-Agent:
      - python/3.6.5 (Darwin-16.7.0-x86_64-i386-64bit) azure-core/0.0.1
      x-ms-blob-type:
      - BlockBlob
      x-ms-client-request-id:
      - 1f7c1b7a-8eda-11e9-93fc-f45c89a7d159
      x-ms-date:
      - Fri, 14 Jun 2019 19:25:09 GMT
      x-ms-version:
      - '2018-03-28'
    method: PUT
    uri: https://storagename.blob.core.windows.net/container4ef015fd/blob1
  response:
    body:
      string: ''
    headers:
      Content-Length:
      - '0'
      Content-MD5:
      - XrY7u+Ae7tCTyyK7j1rNww==
      Date:
      - Fri, 14 Jun 2019 19:25:09 GMT
      ETag:
      - '"0x8D6F0FE03B4E7C1"'
      Last-Modified:
      - Fri, 14 Jun 2019 19:25:09 GMT
      Server:
      - Windows-Azure-Blob/1.0 Microsoft-HTTPAPI/2.0
      x-ms-request-id:
      - 94230075-201e-00b7-53e6-226b05000000
      x-ms-request-server-encrypted:
      - 'true'
      x-ms-version:
      - '2018-03-28'
    status:
      code: 201
      message: Created
- request:
    body: null
    headers:
      Accept:
      - '*/*'
      Accept-Encoding:
      - gzip, deflate
      Connection:
      - keep-alive
      Content-Length:
      - '0'
      User-Agent:
      - python/3.6.5 (Darwin-16.7.0-x86_64-i386-64bit) azure-core/0.0.1
      x-ms-client-request-id:
      - 1f84d0dc-8eda-11e9-b0aa-f45c89a7d159
      x-ms-date:
      - Fri, 14 Jun 2019 19:25:09 GMT
      x-ms-version:
      - '2018-03-28'
    method: PUT
    uri: https://storagename.blob.core.windows.net/container4ef015fd/blob1?comp=snapshot
  response:
    body:
      string: ''
    headers:
      Content-Length:
      - '0'
      Date:
      - Fri, 14 Jun 2019 19:25:09 GMT
      ETag:
      - '"0x8D6F0FE03B4E7C1"'
      Last-Modified:
      - Fri, 14 Jun 2019 19:25:09 GMT
      Server:
      - Windows-Azure-Blob/1.0 Microsoft-HTTPAPI/2.0
      x-ms-request-id:
      - 9423008a-201e-00b7-63e6-226b05000000
      x-ms-snapshot:
      - '2019-06-14T19:25:09.4621154Z'
      x-ms-version:
      - '2018-03-28'
    status:
      code: 201
      message: Created
- request:
    body: hello world
    headers:
      Accept:
      - '*/*'
      Accept-Encoding:
      - gzip, deflate
      Connection:
      - keep-alive
      Content-Length:
      - '11'
      Content-Type:
      - application/octet-stream
      User-Agent:
      - python/3.6.5 (Darwin-16.7.0-x86_64-i386-64bit) azure-core/0.0.1
      x-ms-blob-type:
      - BlockBlob
      x-ms-client-request-id:
      - 1f8eab3e-8eda-11e9-885c-f45c89a7d159
      x-ms-date:
      - Fri, 14 Jun 2019 19:25:09 GMT
      x-ms-version:
      - '2018-03-28'
    method: PUT
    uri: https://storagename.blob.core.windows.net/container4ef015fd/blob2
  response:
    body:
      string: ''
    headers:
      Content-Length:
      - '0'
      Content-MD5:
      - XrY7u+Ae7tCTyyK7j1rNww==
      Date:
      - Fri, 14 Jun 2019 19:25:09 GMT
      ETag:
      - '"0x8D6F0FE03C761AD"'
      Last-Modified:
      - Fri, 14 Jun 2019 19:25:09 GMT
      Server:
      - Windows-Azure-Blob/1.0 Microsoft-HTTPAPI/2.0
      x-ms-request-id:
      - 942300a7-201e-00b7-7ee6-226b05000000
      x-ms-request-server-encrypted:
      - 'true'
      x-ms-version:
      - '2018-03-28'
    status:
      code: 201
      message: Created
- request:
    body: null
    headers:
      Accept:
      - application/xml
      Accept-Encoding:
      - gzip, deflate
      Connection:
      - keep-alive
      User-Agent:
      - python/3.6.5 (Darwin-16.7.0-x86_64-i386-64bit) azure-core/0.0.1
      x-ms-client-request-id:
      - 1f9761fa-8eda-11e9-ae38-f45c89a7d159
      x-ms-date:
      - Fri, 14 Jun 2019 19:25:09 GMT
      x-ms-version:
      - '2018-03-28'
    method: GET
    uri: https://storagename.blob.core.windows.net/container4ef015fd?include=snapshots&restype=container&comp=list
  response:
    body:
      string: "\uFEFF<?xml version=\"1.0\" encoding=\"utf-8\"?><EnumerationResults\
        \ ServiceEndpoint=\"https://storagename.blob.core.windows.net/\" ContainerName=\"\
        container4ef015fd\"><Blobs><Blob><Name>blob1</Name><Snapshot>2019-06-14T19:25:09.4621154Z</Snapshot><Properties><Creation-Time>Fri,\
        \ 14 Jun 2019 19:25:09 GMT</Creation-Time><Last-Modified>Fri, 14 Jun 2019\
        \ 19:25:09 GMT</Last-Modified><Etag>0x8D6F0FE03B4E7C1</Etag><Content-Length>11</Content-Length><Content-Type>application/octet-stream</Content-Type><Content-Encoding\
        \ /><Content-Language /><Content-MD5>XrY7u+Ae7tCTyyK7j1rNww==</Content-MD5><Cache-Control\
        \ /><Content-Disposition /><BlobType>BlockBlob</BlobType><ServerEncrypted>true</ServerEncrypted></Properties></Blob><Blob><Name>blob1</Name><Properties><Creation-Time>Fri,\
        \ 14 Jun 2019 19:25:09 GMT</Creation-Time><Last-Modified>Fri, 14 Jun 2019\
        \ 19:25:09 GMT</Last-Modified><Etag>0x8D6F0FE03B4E7C1</Etag><Content-Length>11</Content-Length><Content-Type>application/octet-stream</Content-Type><Content-Encoding\
        \ /><Content-Language /><Content-MD5>XrY7u+Ae7tCTyyK7j1rNww==</Content-MD5><Cache-Control\
        \ /><Content-Disposition /><BlobType>BlockBlob</BlobType><AccessTier>Hot</AccessTier><AccessTierInferred>true</AccessTierInferred><LeaseStatus>unlocked</LeaseStatus><LeaseState>available</LeaseState><ServerEncrypted>true</ServerEncrypted></Properties></Blob><Blob><Name>blob2</Name><Properties><Creation-Time>Fri,\
        \ 14 Jun 2019 19:25:09 GMT</Creation-Time><Last-Modified>Fri, 14 Jun 2019\
        \ 19:25:09 GMT</Last-Modified><Etag>0x8D6F0FE03C761AD</Etag><Content-Length>11</Content-Length><Content-Type>application/octet-stream</Content-Type><Content-Encoding\
        \ /><Content-Language /><Content-MD5>XrY7u+Ae7tCTyyK7j1rNww==</Content-MD5><Cache-Control\
        \ /><Content-Disposition /><BlobType>BlockBlob</BlobType><AccessTier>Hot</AccessTier><AccessTierInferred>true</AccessTierInferred><LeaseStatus>unlocked</LeaseStatus><LeaseState>available</LeaseState><ServerEncrypted>true</ServerEncrypted></Properties></Blob></Blobs><NextMarker\
        \ /></EnumerationResults>"
    headers:
      Content-Type:
      - application/xml
      Date:
      - Fri, 14 Jun 2019 19:25:09 GMT
      Server:
      - Windows-Azure-Blob/1.0 Microsoft-HTTPAPI/2.0
      Transfer-Encoding:
      - chunked
      Vary:
      - Origin
      x-ms-request-id:
      - 942300b8-201e-00b7-0ee6-226b05000000
      x-ms-version:
      - '2018-03-28'
    status:
      code: 200
      message: OK
version: 1
