interactions:
- request:
    body: null
    headers:
      User-Agent:
      - azsdk-python-storage-blob/12.0.0b4 Python/3.7.3 (Windows-10-10.0.17763-SP0)
      x-ms-date:
      - Tue, 08 Oct 2019 19:59:48 GMT
      x-ms-version:
      - '2019-02-02'
    method: PUT
    uri: https://pyacrstorage849316f6.blob.core.windows.net/utcontainer849316f6?restype=container
  response:
    body:
      string: ''
    headers:
      content-length: '0'
      date: Tue, 08 Oct 2019 19:59:49 GMT
      etag: '"0x8D74C2A13D7B2BB"'
      last-modified: Tue, 08 Oct 2019 19:59:50 GMT
      server: Windows-Azure-Blob/1.0 Microsoft-HTTPAPI/2.0
      x-ms-version: '2019-02-02'
    status:
      code: 201
      message: Created
    url: !!python/object/new:yarl.URL
      state: !!python/tuple
      - !!python/object/new:urllib.parse.SplitResult
        - https
        - pyacrstorage849316f6.blob.core.windows.net
        - /utcontainer849316f6
        - restype=container
        - ''
- request:
    body: null
    headers:
      User-Agent:
      - azsdk-python-storage-blob/12.0.0b4 Python/3.7.3 (Windows-10-10.0.17763-SP0)
      x-ms-date:
      - Tue, 08 Oct 2019 19:59:50 GMT
      x-ms-version:
      - '2019-02-02'
    method: GET
    uri: https://pyacrstorage849316f6.blob.core.windows.net/utcontainer849316f6?restype=container
  response:
    body:
      string: ''
    headers:
      content-length: '0'
      date: Tue, 08 Oct 2019 19:59:49 GMT
      etag: '"0x8D74C2A13D7B2BB"'
      last-modified: Tue, 08 Oct 2019 19:59:50 GMT
      server: Windows-Azure-Blob/1.0 Microsoft-HTTPAPI/2.0
      x-ms-default-encryption-scope: $account-encryption-key
      x-ms-deny-encryption-scope-override: 'false'
      x-ms-has-immutability-policy: 'false'
      x-ms-has-legal-hold: 'false'
      x-ms-lease-state: available
      x-ms-lease-status: unlocked
      x-ms-version: '2019-02-02'
    status:
      code: 200
      message: OK
    url: !!python/object/new:yarl.URL
      state: !!python/tuple
      - !!python/object/new:urllib.parse.SplitResult
        - https
        - pyacrstorage849316f6.blob.core.windows.net
        - /utcontainer849316f6
        - restype=container
        - ''
- request:
    body: null
    headers:
      User-Agent:
      - azsdk-python-storage-blob/12.0.0b4 Python/3.7.3 (Windows-10-10.0.17763-SP0)
      x-ms-date:
      - Tue, 08 Oct 2019 19:59:50 GMT
      x-ms-version:
      - '2019-02-02'
    method: GET
    uri: https://pyacrstorage849316f6.blob.core.windows.net/utcontainer849316f6?restype=container
  response:
    body:
      string: ''
    headers:
      content-length: '0'
      date: Tue, 08 Oct 2019 19:59:55 GMT
      etag: '"0x8D74C2A13D7B2BB"'
      last-modified: Tue, 08 Oct 2019 19:59:50 GMT
      server: Windows-Azure-Blob/1.0 Microsoft-HTTPAPI/2.0
      x-ms-default-encryption-scope: $account-encryption-key
      x-ms-deny-encryption-scope-override: 'false'
      x-ms-has-immutability-policy: 'false'
      x-ms-has-legal-hold: 'false'
      x-ms-lease-state: available
      x-ms-lease-status: unlocked
      x-ms-version: '2019-02-02'
    status:
      code: 200
      message: OK
    url: !!python/object/new:yarl.URL
      state: !!python/tuple
      - !!python/object/new:urllib.parse.SplitResult
        - https
        - pyacrstorage849316f6.blob.core.windows.net
        - /utcontainer849316f6
        - restype=container
        - ''
- request:
    body: null
    headers:
      User-Agent:
      - azsdk-python-storage-blob/12.0.0b4 Python/3.7.3 (Windows-10-10.0.17763-SP0)
      x-ms-date:
      - Tue, 08 Oct 2019 19:59:56 GMT
      x-ms-version:
      - '2019-02-02'
    method: DELETE
    uri: https://pyacrstorage849316f6.blob.core.windows.net/utcontainer849316f6?restype=container
  response:
    body:
      string: ''
    headers:
      content-length: '0'
      date: Tue, 08 Oct 2019 19:59:55 GMT
      server: Windows-Azure-Blob/1.0 Microsoft-HTTPAPI/2.0
      x-ms-version: '2019-02-02'
    status:
      code: 202
      message: Accepted
    url: !!python/object/new:yarl.URL
      state: !!python/tuple
      - !!python/object/new:urllib.parse.SplitResult
        - https
        - pyacrstorage849316f6.blob.core.windows.net
        - /utcontainer849316f6
        - restype=container
        - ''
version: 1
