interactions:
- request:
    body: null
    headers:
      User-Agent:
      - azsdk-python-storage-blob/12.0.0b1 Python/3.7.3 (Windows-10-10.0.18362-SP0)
      content-type:
      - application/xml; charset=utf-8
      x-ms-client-request-id:
      - 5b67b4a8-b4d1-11e9-9166-b831b58100e8
      x-ms-date:
      - Fri, 02 Aug 2019 02:58:08 GMT
      x-ms-version:
      - '2018-03-28'
    method: PUT
    uri: https://storagename.blob.core.windows.net/utcontainerb94f12bf?restype=container
  response:
    body:
      string: ''
    headers:
      ? !!python/object/new:multidict._istr.istr
      - Content-Length
      : '0'
      ? !!python/object/new:multidict._istr.istr
      - Date
      : Fri, 02 Aug 2019 02:58:08 GMT
      ? !!python/object/new:multidict._istr.istr
      - Etag
      : '"0x8D716F53FABB87C"'
      ? !!python/object/new:multidict._istr.istr
      - Last-Modified
      : Fri, 02 Aug 2019 02:58:08 GMT
      ? !!python/object/new:multidict._istr.istr
      - Server
      : Windows-Azure-Blob/1.0 Microsoft-HTTPAPI/2.0
      x-ms-request-id: 6f494883-601e-00bb-10de-4885f4000000
      x-ms-version: '2018-03-28'
    status:
      code: 201
      message: Created
    url: !!python/object/new:yarl.URL
      state: !!python/tuple
      - !!python/object/new:urllib.parse.SplitResult
        - https
        - amqptest.blob.core.windows.net
        - /utcontainerb94f12bf
        - restype=container
        - ''
- request:
    body: null
    headers:
      Content-Length:
      - '0'
      User-Agent:
      - azsdk-python-storage-blob/12.0.0b1 Python/3.7.3 (Windows-10-10.0.18362-SP0)
      content-type:
      - application/xml; charset=utf-8
      x-ms-blob-type:
      - AppendBlob
      x-ms-client-request-id:
      - 5b815586-b4d1-11e9-9ebe-b831b58100e8
      x-ms-date:
      - Fri, 02 Aug 2019 02:58:08 GMT
      x-ms-version:
      - '2018-03-28'
    method: PUT
    uri: https://storagename.blob.core.windows.net/utcontainerb94f12bf/blobb94f12bf
  response:
    body:
      string: ''
    headers:
      ? !!python/object/new:multidict._istr.istr
      - Content-Length
      : '0'
      ? !!python/object/new:multidict._istr.istr
      - Date
      : Fri, 02 Aug 2019 02:58:08 GMT
      ? !!python/object/new:multidict._istr.istr
      - Etag
      : '"0x8D716F53FB465A0"'
      ? !!python/object/new:multidict._istr.istr
      - Last-Modified
      : Fri, 02 Aug 2019 02:58:08 GMT
      ? !!python/object/new:multidict._istr.istr
      - Server
      : Windows-Azure-Blob/1.0 Microsoft-HTTPAPI/2.0
      x-ms-request-id: 6f494898-601e-00bb-23de-4885f4000000
      x-ms-request-server-encrypted: 'true'
      x-ms-version: '2018-03-28'
    status:
      code: 201
      message: Created
    url: !!python/object/new:yarl.URL
      state: !!python/tuple
      - !!python/object/new:urllib.parse.SplitResult
        - https
        - amqptest.blob.core.windows.net
        - /utcontainerb94f12bf/blobb94f12bf
        - ''
        - ''
- request:
    body: block 0
    headers:
      Content-Length:
      - '7'
      Content-Type:
      - application/octet-stream
      User-Agent:
      - azsdk-python-storage-blob/12.0.0b1 Python/3.7.3 (Windows-10-10.0.18362-SP0)
      x-ms-client-request-id:
      - 5b87701c-b4d1-11e9-ae73-b831b58100e8
      x-ms-date:
      - Fri, 02 Aug 2019 02:58:08 GMT
      x-ms-version:
      - '2018-03-28'
    method: PUT
    uri: https://storagename.blob.core.windows.net/utcontainerb94f12bf/blobb94f12bf?comp=appendblock
  response:
    body:
      string: ''
    headers:
      ? !!python/object/new:multidict._istr.istr
      - Content-Length
      : '0'
      ? !!python/object/new:multidict._istr.istr
      - Content-Md5
      : TjjhPkKeLS6Els52i6m9Bg==
      ? !!python/object/new:multidict._istr.istr
      - Date
      : Fri, 02 Aug 2019 02:58:08 GMT
      ? !!python/object/new:multidict._istr.istr
      - Etag
      : '"0x8D716F53FBA813D"'
      ? !!python/object/new:multidict._istr.istr
      - Last-Modified
      : Fri, 02 Aug 2019 02:58:08 GMT
      ? !!python/object/new:multidict._istr.istr
      - Server
      : Windows-Azure-Blob/1.0 Microsoft-HTTPAPI/2.0
      x-ms-blob-append-offset: '0'
      x-ms-blob-committed-block-count: '1'
      x-ms-request-id: 6f49489e-601e-00bb-29de-4885f4000000
      x-ms-request-server-encrypted: 'true'
      x-ms-version: '2018-03-28'
    status:
      code: 201
      message: Created
    url: !!python/object/new:yarl.URL
      state: !!python/tuple
      - !!python/object/new:urllib.parse.SplitResult
        - https
        - amqptest.blob.core.windows.net
        - /utcontainerb94f12bf/blobb94f12bf
        - comp=appendblock
        - ''
- request:
    body: block 1
    headers:
      Content-Length:
      - '7'
      Content-Type:
      - application/octet-stream
      User-Agent:
      - azsdk-python-storage-blob/12.0.0b1 Python/3.7.3 (Windows-10-10.0.18362-SP0)
      x-ms-client-request-id:
      - 5b8dffc8-b4d1-11e9-979e-b831b58100e8
      x-ms-date:
      - Fri, 02 Aug 2019 02:58:08 GMT
      x-ms-version:
      - '2018-03-28'
    method: PUT
    uri: https://storagename.blob.core.windows.net/utcontainerb94f12bf/blobb94f12bf?comp=appendblock
  response:
    body:
      string: ''
    headers:
      ? !!python/object/new:multidict._istr.istr
      - Content-Length
      : '0'
      ? !!python/object/new:multidict._istr.istr
      - Content-Md5
      : ZOnmAD+J5F2p66g8NFSefA==
      ? !!python/object/new:multidict._istr.istr
      - Date
      : Fri, 02 Aug 2019 02:58:08 GMT
      ? !!python/object/new:multidict._istr.istr
      - Etag
      : '"0x8D716F53FC0EAFF"'
      ? !!python/object/new:multidict._istr.istr
      - Last-Modified
      : Fri, 02 Aug 2019 02:58:08 GMT
      ? !!python/object/new:multidict._istr.istr
      - Server
      : Windows-Azure-Blob/1.0 Microsoft-HTTPAPI/2.0
      x-ms-blob-append-offset: '7'
      x-ms-blob-committed-block-count: '2'
      x-ms-request-id: 6f4948a9-601e-00bb-32de-4885f4000000
      x-ms-request-server-encrypted: 'true'
      x-ms-version: '2018-03-28'
    status:
      code: 201
      message: Created
    url: !!python/object/new:yarl.URL
      state: !!python/tuple
      - !!python/object/new:urllib.parse.SplitResult
        - https
        - amqptest.blob.core.windows.net
        - /utcontainerb94f12bf/blobb94f12bf
        - comp=appendblock
        - ''
- request:
    body: block 2
    headers:
      Content-Length:
      - '7'
      Content-Type:
      - application/octet-stream
      User-Agent:
      - azsdk-python-storage-blob/12.0.0b1 Python/3.7.3 (Windows-10-10.0.18362-SP0)
      x-ms-client-request-id:
      - 5b93a512-b4d1-11e9-a16f-b831b58100e8
      x-ms-date:
      - Fri, 02 Aug 2019 02:58:08 GMT
      x-ms-version:
      - '2018-03-28'
    method: PUT
    uri: https://storagename.blob.core.windows.net/utcontainerb94f12bf/blobb94f12bf?comp=appendblock
  response:
    body:
      string: ''
    headers:
      ? !!python/object/new:multidict._istr.istr
      - Content-Length
      : '0'
      ? !!python/object/new:multidict._istr.istr
      - Content-Md5
      : giBgEwOK96+T6eqweyrlNg==
      ? !!python/object/new:multidict._istr.istr
      - Date
      : Fri, 02 Aug 2019 02:58:08 GMT
      ? !!python/object/new:multidict._istr.istr
      - Etag
      : '"0x8D716F53FC69152"'
      ? !!python/object/new:multidict._istr.istr
      - Last-Modified
      : Fri, 02 Aug 2019 02:58:08 GMT
      ? !!python/object/new:multidict._istr.istr
      - Server
      : Windows-Azure-Blob/1.0 Microsoft-HTTPAPI/2.0
      x-ms-blob-append-offset: '14'
      x-ms-blob-committed-block-count: '3'
      x-ms-request-id: 6f4948b7-601e-00bb-3fde-4885f4000000
      x-ms-request-server-encrypted: 'true'
      x-ms-version: '2018-03-28'
    status:
      code: 201
      message: Created
    url: !!python/object/new:yarl.URL
      state: !!python/tuple
      - !!python/object/new:urllib.parse.SplitResult
        - https
        - amqptest.blob.core.windows.net
        - /utcontainerb94f12bf/blobb94f12bf
        - comp=appendblock
        - ''
- request:
    body: block 3
    headers:
      Content-Length:
      - '7'
      Content-Type:
      - application/octet-stream
      User-Agent:
      - azsdk-python-storage-blob/12.0.0b1 Python/3.7.3 (Windows-10-10.0.18362-SP0)
      x-ms-client-request-id:
      - 5b994b68-b4d1-11e9-a262-b831b58100e8
      x-ms-date:
      - Fri, 02 Aug 2019 02:58:08 GMT
      x-ms-version:
      - '2018-03-28'
    method: PUT
    uri: https://storagename.blob.core.windows.net/utcontainerb94f12bf/blobb94f12bf?comp=appendblock
  response:
    body:
      string: ''
    headers:
      ? !!python/object/new:multidict._istr.istr
      - Content-Length
      : '0'
      ? !!python/object/new:multidict._istr.istr
      - Content-Md5
      : FDhv5/Vy34Z9KKvEnjH2lQ==
      ? !!python/object/new:multidict._istr.istr
      - Date
      : Fri, 02 Aug 2019 02:58:08 GMT
      ? !!python/object/new:multidict._istr.istr
      - Etag
      : '"0x8D716F53FCC37A6"'
      ? !!python/object/new:multidict._istr.istr
      - Last-Modified
      : Fri, 02 Aug 2019 02:58:08 GMT
      ? !!python/object/new:multidict._istr.istr
      - Server
      : Windows-Azure-Blob/1.0 Microsoft-HTTPAPI/2.0
      x-ms-blob-append-offset: '21'
      x-ms-blob-committed-block-count: '4'
      x-ms-request-id: 6f4948c6-601e-00bb-4dde-4885f4000000
      x-ms-request-server-encrypted: 'true'
      x-ms-version: '2018-03-28'
    status:
      code: 201
      message: Created
    url: !!python/object/new:yarl.URL
      state: !!python/tuple
      - !!python/object/new:urllib.parse.SplitResult
        - https
        - amqptest.blob.core.windows.net
        - /utcontainerb94f12bf/blobb94f12bf
        - comp=appendblock
        - ''
- request:
    body: block 4
    headers:
      Content-Length:
      - '7'
      Content-Type:
      - application/octet-stream
      User-Agent:
      - azsdk-python-storage-blob/12.0.0b1 Python/3.7.3 (Windows-10-10.0.18362-SP0)
      x-ms-client-request-id:
      - 5b9f3dcc-b4d1-11e9-a2d3-b831b58100e8
      x-ms-date:
      - Fri, 02 Aug 2019 02:58:08 GMT
      x-ms-version:
      - '2018-03-28'
    method: PUT
    uri: https://storagename.blob.core.windows.net/utcontainerb94f12bf/blobb94f12bf?comp=appendblock
  response:
    body:
      string: ''
    headers:
      ? !!python/object/new:multidict._istr.istr
      - Content-Length
      : '0'
      ? !!python/object/new:multidict._istr.istr
      - Content-Md5
      : jkC3Z8KTocewrRQF+tkxeA==
      ? !!python/object/new:multidict._istr.istr
      - Date
      : Fri, 02 Aug 2019 02:58:08 GMT
      ? !!python/object/new:multidict._istr.istr
      - Etag
      : '"0x8D716F53FD22C2B"'
      ? !!python/object/new:multidict._istr.istr
      - Last-Modified
      : Fri, 02 Aug 2019 02:58:08 GMT
      ? !!python/object/new:multidict._istr.istr
      - Server
      : Windows-Azure-Blob/1.0 Microsoft-HTTPAPI/2.0
      x-ms-blob-append-offset: '28'
      x-ms-blob-committed-block-count: '5'
      x-ms-request-id: 6f4948d5-601e-00bb-5bde-4885f4000000
      x-ms-request-server-encrypted: 'true'
      x-ms-version: '2018-03-28'
    status:
      code: 201
      message: Created
    url: !!python/object/new:yarl.URL
      state: !!python/tuple
      - !!python/object/new:urllib.parse.SplitResult
        - https
        - amqptest.blob.core.windows.net
        - /utcontainerb94f12bf/blobb94f12bf
        - comp=appendblock
        - ''
- request:
    body: null
    headers:
      Accept:
      - application/xml
      User-Agent:
      - azsdk-python-storage-blob/12.0.0b1 Python/3.7.3 (Windows-10-10.0.18362-SP0)
      content-type:
      - application/xml; charset=utf-8
      x-ms-client-request-id:
      - 5ba4e322-b4d1-11e9-b5ca-b831b58100e8
      x-ms-date:
      - Fri, 02 Aug 2019 02:58:09 GMT
      x-ms-range:
      - bytes=0-33554431
      x-ms-version:
      - '2018-03-28'
    method: GET
    uri: https://storagename.blob.core.windows.net/utcontainerb94f12bf/blobb94f12bf
  response:
    body:
      string: block 0block 1block 2block 3block 4
    headers:
      ? !!python/object/new:multidict._istr.istr
      - Accept-Ranges
      : bytes
      ? !!python/object/new:multidict._istr.istr
      - Content-Length
      : '35'
      ? !!python/object/new:multidict._istr.istr
      - Content-Range
      : bytes 0-34/35
      ? !!python/object/new:multidict._istr.istr
      - Content-Type
      : application/xml; charset=utf-8
      ? !!python/object/new:multidict._istr.istr
      - Date
      : Fri, 02 Aug 2019 02:58:08 GMT
      ? !!python/object/new:multidict._istr.istr
      - Etag
      : '"0x8D716F53FD22C2B"'
      ? !!python/object/new:multidict._istr.istr
      - Last-Modified
      : Fri, 02 Aug 2019 02:58:08 GMT
      ? !!python/object/new:multidict._istr.istr
      - Server
      : Windows-Azure-Blob/1.0 Microsoft-HTTPAPI/2.0
      ? !!python/object/new:multidict._istr.istr
      - Vary
      : Origin
      x-ms-blob-committed-block-count: '5'
      x-ms-blob-type: AppendBlob
      x-ms-creation-time: Fri, 02 Aug 2019 02:58:08 GMT
      x-ms-lease-state: available
      x-ms-lease-status: unlocked
      x-ms-request-id: 6f4948e2-601e-00bb-66de-4885f4000000
      x-ms-server-encrypted: 'true'
      x-ms-version: '2018-03-28'
    status:
      code: 206
      message: Partial Content
    url: !!python/object/new:yarl.URL
      state: !!python/tuple
      - !!python/object/new:urllib.parse.SplitResult
        - https
        - amqptest.blob.core.windows.net
        - /utcontainerb94f12bf/blobb94f12bf
        - ''
        - ''
version: 1
