interactions:
- request:
    body: null
    headers:
      Accept:
      - application/xml
      User-Agent:
      - azsdk-python-storage-blob/12.8.0b1 Python/3.7.3 (Windows-10-10.0.19041-SP0)
      x-ms-date:
      - Thu, 25 Mar 2021 03:35:39 GMT
      x-ms-version:
      - '2020-06-12'
    method: PUT
    uri: http://storagename.blob.core.windows.net/acontainer956191d?restype=container&se=2021-03-25T04:35:39Z&sp=rwdl&sv=2020-06-12&ss=b&srt=co&sig=GuMhFpFfZ7a41YwwitRoiiNBFvak3/3OWDUZx8ozgQ4%3D
  response:
    body:
      string: ''
    headers:
      content-length: '0'
      date: Thu, 25 Mar 2021 03:35:39 GMT
      etag: '"0x8D8EF3F0F8CA8A8"'
      last-modified: Thu, 25 Mar 2021 03:35:39 GMT
      server: Windows-Azure-Blob/1.0 Microsoft-HTTPAPI/2.0
      x-ms-version: '2020-06-12'
    status:
      code: 201
      message: Created
    url: http://emilydevtest.blob.core.windows.net/acontainer956191d?restype=container&se=2021-03-25T04:35:39Z&sp=rwdl&sv=2020-06-12&ss=b&srt=co&sig=GuMhFpFfZ7a41YwwitRoiiNBFvak3/3OWDUZx8ozgQ4%3D
- request:
    body: hello world
    headers:
      Accept:
      - application/xml
      Content-Length:
      - '11'
      Content-Type:
      - application/octet-stream
      User-Agent:
      - azsdk-python-storage-blob/12.8.0b1 Python/3.7.3 (Windows-10-10.0.19041-SP0)
      x-ms-blob-type:
      - BlockBlob
      x-ms-date:
      - Thu, 25 Mar 2021 03:35:39 GMT
      x-ms-encryption-algorithm:
      - AES256
      x-ms-version:
      - '2020-06-12'
    method: PUT
    uri: http://storagename.blob.core.windows.net/acontainer956191d/bloba?se=2021-03-25T04:35:39Z&sp=rwdl&sv=2020-06-12&ss=b&srt=co&sig=GuMhFpFfZ7a41YwwitRoiiNBFvak3/3OWDUZx8ozgQ4%3D
  response:
    body:
      string: ''
    headers:
      content-length: '0'
      content-md5: XrY7u+Ae7tCTyyK7j1rNww==
      date: Thu, 25 Mar 2021 03:35:39 GMT
      etag: '"0x8D8EF3F0F91091B"'
      last-modified: Thu, 25 Mar 2021 03:35:39 GMT
      server: Windows-Azure-Blob/1.0 Microsoft-HTTPAPI/2.0
      x-ms-content-crc64: vo7q9sPVKY0=
      x-ms-request-server-encrypted: 'true'
      x-ms-version: '2020-06-12'
    status:
      code: 201
      message: Created
    url: http://emilydevtest.blob.core.windows.net/acontainer956191d/bloba?se=2021-03-25T04:35:39Z&sp=rwdl&sv=2020-06-12&ss=b&srt=co&sig=GuMhFpFfZ7a41YwwitRoiiNBFvak3/3OWDUZx8ozgQ4%3D
- request:
    body: null
    headers:
      Accept:
      - application/xml
      User-Agent:
      - azsdk-python-storage-blob/12.8.0b1 Python/3.7.3 (Windows-10-10.0.19041-SP0)
      x-ms-date:
      - Thu, 25 Mar 2021 03:35:39 GMT
      x-ms-encryption-algorithm:
      - AES256
      x-ms-version:
      - '2020-06-12'
    method: PUT
    uri: http://storagename.blob.core.windows.net/acontainer956191d/bloba?comp=snapshot&se=2021-03-25T04:35:39Z&sp=rwdl&sv=2020-06-12&ss=b&srt=co&sig=GuMhFpFfZ7a41YwwitRoiiNBFvak3/3OWDUZx8ozgQ4%3D
  response:
    body:
      string: ''
    headers:
      content-length: '0'
      date: Thu, 25 Mar 2021 03:35:39 GMT
      etag: '"0x8D8EF3F0F91091B"'
      last-modified: Thu, 25 Mar 2021 03:35:39 GMT
      server: Windows-Azure-Blob/1.0 Microsoft-HTTPAPI/2.0
      x-ms-request-server-encrypted: 'false'
      x-ms-snapshot: '2021-03-25T03:35:39.6266777Z'
      x-ms-version: '2020-06-12'
    status:
      code: 201
      message: Created
    url: http://emilydevtest.blob.core.windows.net/acontainer956191d/bloba?comp=snapshot&se=2021-03-25T04:35:39Z&sp=rwdl&sv=2020-06-12&ss=b&srt=co&sig=GuMhFpFfZ7a41YwwitRoiiNBFvak3/3OWDUZx8ozgQ4%3D
- request:
    body: hello world
    headers:
      Accept:
      - application/xml
      Content-Length:
      - '11'
      Content-Type:
      - application/octet-stream
      User-Agent:
      - azsdk-python-storage-blob/12.8.0b1 Python/3.7.3 (Windows-10-10.0.19041-SP0)
      x-ms-blob-type:
      - BlockBlob
      x-ms-date:
      - Thu, 25 Mar 2021 03:35:39 GMT
      x-ms-encryption-algorithm:
      - AES256
      x-ms-version:
      - '2020-06-12'
    method: PUT
    uri: http://storagename.blob.core.windows.net/acontainer956191d/blobb?se=2021-03-25T04:35:39Z&sp=rwdl&sv=2020-06-12&ss=b&srt=co&sig=GuMhFpFfZ7a41YwwitRoiiNBFvak3/3OWDUZx8ozgQ4%3D
  response:
    body:
      string: ''
    headers:
      content-length: '0'
      content-md5: XrY7u+Ae7tCTyyK7j1rNww==
      date: Thu, 25 Mar 2021 03:35:39 GMT
      etag: '"0x8D8EF3F0F97734B"'
      last-modified: Thu, 25 Mar 2021 03:35:39 GMT
      server: Windows-Azure-Blob/1.0 Microsoft-HTTPAPI/2.0
      x-ms-content-crc64: vo7q9sPVKY0=
      x-ms-request-server-encrypted: 'true'
      x-ms-version: '2020-06-12'
    status:
      code: 201
      message: Created
    url: http://emilydevtest.blob.core.windows.net/acontainer956191d/blobb?se=2021-03-25T04:35:39Z&sp=rwdl&sv=2020-06-12&ss=b&srt=co&sig=GuMhFpFfZ7a41YwwitRoiiNBFvak3/3OWDUZx8ozgQ4%3D
- request:
    body: hello world
    headers:
      Accept:
      - application/xml
      Content-Length:
      - '11'
      Content-Type:
      - application/octet-stream
      User-Agent:
      - azsdk-python-storage-blob/12.8.0b1 Python/3.7.3 (Windows-10-10.0.19041-SP0)
      x-ms-blob-type:
      - BlockBlob
      x-ms-date:
      - Thu, 25 Mar 2021 03:35:39 GMT
      x-ms-encryption-algorithm:
      - AES256
      x-ms-version:
      - '2020-06-12'
    method: PUT
    uri: http://storagename.blob.core.windows.net/acontainer956191d/blobc?se=2021-03-25T04:35:39Z&sp=rwdl&sv=2020-06-12&ss=b&srt=co&sig=GuMhFpFfZ7a41YwwitRoiiNBFvak3/3OWDUZx8ozgQ4%3D
  response:
    body:
      string: ''
    headers:
      content-length: '0'
      content-md5: XrY7u+Ae7tCTyyK7j1rNww==
      date: Thu, 25 Mar 2021 03:35:39 GMT
      etag: '"0x8D8EF3F0F9B44C9"'
      last-modified: Thu, 25 Mar 2021 03:35:39 GMT
      server: Windows-Azure-Blob/1.0 Microsoft-HTTPAPI/2.0
      x-ms-content-crc64: vo7q9sPVKY0=
      x-ms-request-server-encrypted: 'true'
      x-ms-version: '2020-06-12'
    status:
      code: 201
      message: Created
    url: http://emilydevtest.blob.core.windows.net/acontainer956191d/blobc?se=2021-03-25T04:35:39Z&sp=rwdl&sv=2020-06-12&ss=b&srt=co&sig=GuMhFpFfZ7a41YwwitRoiiNBFvak3/3OWDUZx8ozgQ4%3D
- request:
    body: hello world
    headers:
      Accept:
      - application/xml
      Content-Length:
      - '11'
      Content-Type:
      - application/octet-stream
      User-Agent:
      - azsdk-python-storage-blob/12.8.0b1 Python/3.7.3 (Windows-10-10.0.19041-SP0)
      x-ms-blob-type:
      - BlockBlob
      x-ms-date:
      - Thu, 25 Mar 2021 03:35:39 GMT
      x-ms-encryption-algorithm:
      - AES256
      x-ms-version:
      - '2020-06-12'
    method: PUT
    uri: http://storagename.blob.core.windows.net/acontainer956191d/blobd?se=2021-03-25T04:35:39Z&sp=rwdl&sv=2020-06-12&ss=b&srt=co&sig=GuMhFpFfZ7a41YwwitRoiiNBFvak3/3OWDUZx8ozgQ4%3D
  response:
    body:
      string: ''
    headers:
      content-length: '0'
      content-md5: XrY7u+Ae7tCTyyK7j1rNww==
      date: Thu, 25 Mar 2021 03:35:39 GMT
      etag: '"0x8D8EF3F0F9EA0FF"'
      last-modified: Thu, 25 Mar 2021 03:35:39 GMT
      server: Windows-Azure-Blob/1.0 Microsoft-HTTPAPI/2.0
      x-ms-content-crc64: vo7q9sPVKY0=
      x-ms-request-server-encrypted: 'true'
      x-ms-version: '2020-06-12'
    status:
      code: 201
      message: Created
    url: http://emilydevtest.blob.core.windows.net/acontainer956191d/blobd?se=2021-03-25T04:35:39Z&sp=rwdl&sv=2020-06-12&ss=b&srt=co&sig=GuMhFpFfZ7a41YwwitRoiiNBFvak3/3OWDUZx8ozgQ4%3D
- request:
    body: null
    headers:
      Accept:
      - application/xml
      User-Agent:
      - azsdk-python-storage-blob/12.8.0b1 Python/3.7.3 (Windows-10-10.0.19041-SP0)
      x-ms-date:
      - Thu, 25 Mar 2021 03:35:39 GMT
      x-ms-lease-action:
      - acquire
      x-ms-lease-duration:
      - '-1'
      x-ms-proposed-lease-id:
      - 2cfeefa2-5599-4cb8-b731-f79daee222e0
      x-ms-version:
      - '2020-06-12'
    method: PUT
    uri: http://storagename.blob.core.windows.net/acontainer956191d/blobd?comp=lease&se=2021-03-25T04:35:39Z&sp=rwdl&sv=2020-06-12&ss=b&srt=co&sig=GuMhFpFfZ7a41YwwitRoiiNBFvak3/3OWDUZx8ozgQ4%3D
  response:
    body:
      string: ''
    headers:
      content-length: '0'
      date: Thu, 25 Mar 2021 03:35:39 GMT
      etag: '"0x8D8EF3F0F9EA0FF"'
      last-modified: Thu, 25 Mar 2021 03:35:39 GMT
      server: Windows-Azure-Blob/1.0 Microsoft-HTTPAPI/2.0
      x-ms-lease-id: 2cfeefa2-5599-4cb8-b731-f79daee222e0
      x-ms-version: '2020-06-12'
    status:
      code: 201
      message: Created
    url: http://emilydevtest.blob.core.windows.net/acontainer956191d/blobd?comp=lease&se=2021-03-25T04:35:39Z&sp=rwdl&sv=2020-06-12&ss=b&srt=co&sig=GuMhFpFfZ7a41YwwitRoiiNBFvak3/3OWDUZx8ozgQ4%3D
- request:
    body: null
    headers:
      Accept:
      - application/xml
      User-Agent:
      - azsdk-python-storage-blob/12.8.0b1 Python/3.7.3 (Windows-10-10.0.19041-SP0)
      x-ms-date:
      - Thu, 25 Mar 2021 03:35:39 GMT
      x-ms-encryption-algorithm:
      - AES256
      x-ms-version:
      - '2020-06-12'
    method: HEAD
    uri: http://storagename.blob.core.windows.net/acontainer956191d/bloba?se=2021-03-25T04:35:39Z&sp=rwdl&sv=2020-06-12&ss=b&srt=co&sig=GuMhFpFfZ7a41YwwitRoiiNBFvak3/3OWDUZx8ozgQ4%3D
  response:
    body:
      string: ''
    headers:
      accept-ranges: bytes
      content-length: '11'
      content-md5: XrY7u+Ae7tCTyyK7j1rNww==
      content-type: application/octet-stream
      date: Thu, 25 Mar 2021 03:35:39 GMT
      etag: '"0x8D8EF3F0F91091B"'
      last-modified: Thu, 25 Mar 2021 03:35:39 GMT
      server: Windows-Azure-Blob/1.0 Microsoft-HTTPAPI/2.0
      vary: Origin
      x-ms-access-tier: Hot
      x-ms-access-tier-inferred: 'true'
      x-ms-blob-type: BlockBlob
      x-ms-creation-time: Thu, 25 Mar 2021 03:35:39 GMT
      x-ms-lease-state: available
      x-ms-lease-status: unlocked
      x-ms-server-encrypted: 'true'
      x-ms-version: '2020-06-12'
    status:
      code: 200
      message: OK
    url: http://emilydevtest.blob.core.windows.net/acontainer956191d/bloba?se=2021-03-25T04:35:39Z&sp=rwdl&sv=2020-06-12&ss=b&srt=co&sig=GuMhFpFfZ7a41YwwitRoiiNBFvak3/3OWDUZx8ozgQ4%3D
- request:
    body: "--===============4684875350643819622==\r\nContent-Type: application/http\r\nContent-Transfer-Encoding:
      binary\r\nContent-ID: 0\r\n\r\nDELETE /acontainer956191d/bloba?snapshot=2021-03-25T03%3A35%3A39.6266777Z&se=2021-03-25T04%3A35%3A39Z&sp=rwdl&sv=2020-06-12&ss=b&srt=co&sig=GuMhFpFfZ7a41YwwitRoiiNBFvak3%2F3OWDUZx8ozgQ4%3D
      HTTP/1.1\r\nIf-Match: \"0x8D8EF3F0F91091B\"\r\nx-ms-date: Thu, 25 Mar 2021 03:35:39
      GMT\r\nx-ms-client-request-id: 2b77aa74-8d1b-11eb-bb19-001a7dda7113\r\n\r\n\r\n--===============4684875350643819622==\r\nContent-Type:
      application/http\r\nContent-Transfer-Encoding: binary\r\nContent-ID: 1\r\n\r\nDELETE
      /acontainer956191d/blobb?se=2021-03-25T04%3A35%3A39Z&sp=rwdl&sv=2020-06-12&ss=b&srt=co&sig=GuMhFpFfZ7a41YwwitRoiiNBFvak3%2F3OWDUZx8ozgQ4%3D
      HTTP/1.1\r\nx-ms-date: Thu, 25 Mar 2021 03:35:39 GMT\r\nx-ms-client-request-id:
      2b77aa75-8d1b-11eb-99ac-001a7dda7113\r\n\r\n\r\n--===============4684875350643819622==\r\nContent-Type:
      application/http\r\nContent-Transfer-Encoding: binary\r\nContent-ID: 2\r\n\r\nDELETE
      /acontainer956191d/blobc?se=2021-03-25T04%3A35%3A39Z&sp=rwdl&sv=2020-06-12&ss=b&srt=co&sig=GuMhFpFfZ7a41YwwitRoiiNBFvak3%2F3OWDUZx8ozgQ4%3D
      HTTP/1.1\r\nx-ms-date: Thu, 25 Mar 2021 03:35:39 GMT\r\nx-ms-client-request-id:
      2b77aa76-8d1b-11eb-a0c6-001a7dda7113\r\n\r\n\r\n--===============4684875350643819622==\r\nContent-Type:
      application/http\r\nContent-Transfer-Encoding: binary\r\nContent-ID: 3\r\n\r\nDELETE
      /acontainer956191d/blobd?se=2021-03-25T04%3A35%3A39Z&sp=rwdl&sv=2020-06-12&ss=b&srt=co&sig=GuMhFpFfZ7a41YwwitRoiiNBFvak3%2F3OWDUZx8ozgQ4%3D
      HTTP/1.1\r\nx-ms-delete-snapshots: include\r\nx-ms-lease-id: 2cfeefa2-5599-4cb8-b731-f79daee222e0\r\nx-ms-date:
      Thu, 25 Mar 2021 03:35:39 GMT\r\nx-ms-client-request-id: 2b77aa77-8d1b-11eb-9485-001a7dda7113\r\n\r\n\r\n--===============4684875350643819622==--\r\n"
    headers:
      Content-Length:
      - '1756'
      Content-Type:
      - multipart/mixed; boundary================4684875350643819622==
      User-Agent:
      - azsdk-python-storage-blob/12.8.0b1 Python/3.7.3 (Windows-10-10.0.19041-SP0)
      x-ms-date:
      - Thu, 25 Mar 2021 03:35:39 GMT
      x-ms-version:
      - '2020-06-12'
    method: POST
    uri: http://storagename.blob.core.windows.net/acontainer956191d?restype=container&comp=batch&se=2021-03-25T04:35:39Z&sp=rwdl&sv=2020-06-12&ss=b&srt=co&sig=GuMhFpFfZ7a41YwwitRoiiNBFvak3/3OWDUZx8ozgQ4%3D&timeout=3
  response:
    body:
      string: "--batchresponse_aefa14db-4476-4358-942f-460322b6be92\r\nContent-Type:
        application/http\r\nContent-ID: 0\r\n\r\nHTTP/1.1 202 Accepted\r\nx-ms-delete-type-permanent:
        true\r\nx-ms-request-id: 13cc6f80-201e-0052-2127-212f1c1e5f75\r\nx-ms-version:
        2020-06-12\r\nx-ms-client-request-id: 2b77aa74-8d1b-11eb-bb19-001a7dda7113\r\nServer:
        Windows-Azure-Blob/1.0\r\n\r\n--batchresponse_aefa14db-4476-4358-942f-460322b6be92\r\nContent-Type:
        application/http\r\nContent-ID: 1\r\n\r\nHTTP/1.1 202 Accepted\r\nx-ms-delete-type-permanent:
        true\r\nx-ms-request-id: 13cc6f80-201e-0052-2127-212f1c1e5f77\r\nx-ms-version:
        2020-06-12\r\nx-ms-client-request-id: 2b77aa75-8d1b-11eb-99ac-001a7dda7113\r\nServer:
        Windows-Azure-Blob/1.0\r\n\r\n--batchresponse_aefa14db-4476-4358-942f-460322b6be92\r\nContent-Type:
        application/http\r\nContent-ID: 2\r\n\r\nHTTP/1.1 202 Accepted\r\nx-ms-delete-type-permanent:
        true\r\nx-ms-request-id: 13cc6f80-201e-0052-2127-212f1c1e5f78\r\nx-ms-version:
        2020-06-12\r\nx-ms-client-request-id: 2b77aa76-8d1b-11eb-a0c6-001a7dda7113\r\nServer:
        Windows-Azure-Blob/1.0\r\n\r\n--batchresponse_aefa14db-4476-4358-942f-460322b6be92\r\nContent-Type:
        application/http\r\nContent-ID: 3\r\n\r\nHTTP/1.1 202 Accepted\r\nx-ms-delete-type-permanent:
        true\r\nx-ms-request-id: 13cc6f80-201e-0052-2127-212f1c1e5f79\r\nx-ms-version:
        2020-06-12\r\nx-ms-client-request-id: 2b77aa77-8d1b-11eb-9485-001a7dda7113\r\nServer:
        Windows-Azure-Blob/1.0\r\n\r\n--batchresponse_aefa14db-4476-4358-942f-460322b6be92--"
    headers:
      content-type: multipart/mixed; boundary=batchresponse_aefa14db-4476-4358-942f-460322b6be92
      date: Thu, 25 Mar 2021 03:35:39 GMT
      server: Windows-Azure-Blob/1.0 Microsoft-HTTPAPI/2.0
      transfer-encoding: chunked
      x-ms-version: '2020-06-12'
    status:
      code: 202
      message: Accepted
    url: http://emilydevtest.blob.core.windows.net/acontainer956191d?restype=container&comp=batch&se=2021-03-25T04:35:39Z&sp=rwdl&sv=2020-06-12&ss=b&srt=co&sig=GuMhFpFfZ7a41YwwitRoiiNBFvak3/3OWDUZx8ozgQ4%3D&timeout=3
version: 1
