interactions:
- request:
    body: null
    headers:
      Accept:
      - '*/*'
      Accept-Encoding:
      - gzip, deflate
      Connection:
      - keep-alive
      Content-Length:
      - '0'
      User-Agent:
      - azsdk-python-storage-blob/12.4.0b1 Python/3.7.3 (Windows-10-10.0.18362-SP0)
      x-ms-date:
      - Thu, 23 Jul 2020 06:17:56 GMT
      x-ms-version:
      - '2019-12-12'
    method: PUT
    uri: https://storagename.blob.core.windows.net/utcontainere7721875?restype=container
  response:
    body:
      string: "\uFEFF<?xml version=\"1.0\" encoding=\"utf-8\"?><Error><Code>ContainerAlreadyExists</Code><Message>The
        specified container already exists.\nRequestId:e31a6b8f-c01e-0026-5cb9-6005b8000000\nTime:2020-07-23T06:17:56.8571984Z</Message></Error>"
    headers:
      content-length:
      - '230'
      content-type:
      - application/xml
      date:
      - Thu, 23 Jul 2020 06:17:56 GMT
      server:
      - Windows-Azure-Blob/1.0 Microsoft-HTTPAPI/2.0
      x-ms-error-code:
      - ContainerAlreadyExists
      x-ms-version:
      - '2019-12-12'
    status:
      code: 409
      message: The specified container already exists.
- request:
    body: null
    headers:
      Accept:
      - '*/*'
      Accept-Encoding:
      - gzip, deflate
      Connection:
      - keep-alive
      Content-Length:
      - '0'
      User-Agent:
      - azsdk-python-storage-blob/12.4.0b1 Python/3.7.3 (Windows-10-10.0.18362-SP0)
      x-ms-date:
      - Thu, 23 Jul 2020 06:17:56 GMT
      x-ms-version:
      - '2019-12-12'
    method: PUT
    uri: https://storagename.blob.core.windows.net/utcontainersourcee7721875?restype=container
  response:
    body:
      string: "\uFEFF<?xml version=\"1.0\" encoding=\"utf-8\"?><Error><Code>ContainerAlreadyExists</Code><Message>The
        specified container already exists.\nRequestId:e31a6b95-c01e-0026-60b9-6005b8000000\nTime:2020-07-23T06:17:56.9442603Z</Message></Error>"
    headers:
      content-length:
      - '230'
      content-type:
      - application/xml
      date:
      - Thu, 23 Jul 2020 06:17:56 GMT
      server:
      - Windows-Azure-Blob/1.0 Microsoft-HTTPAPI/2.0
      x-ms-error-code:
      - ContainerAlreadyExists
      x-ms-version:
      - '2019-12-12'
    status:
      code: 409
      message: The specified container already exists.
- request:
    body: null
    headers:
      Accept:
      - '*/*'
      Accept-Encoding:
      - gzip, deflate
      Connection:
      - keep-alive
      Content-Length:
      - '0'
      User-Agent:
      - azsdk-python-storage-blob/12.4.0b1 Python/3.7.3 (Windows-10-10.0.18362-SP0)
      x-ms-blob-type:
      - AppendBlob
      x-ms-date:
      - Thu, 23 Jul 2020 06:17:56 GMT
      x-ms-version:
      - '2019-12-12'
    method: PUT
    uri: https://storagename.blob.core.windows.net/utcontainere7721875/blobe7721875
  response:
    body:
      string: ''
    headers:
      content-length:
      - '0'
      date:
      - Thu, 23 Jul 2020 06:17:56 GMT
      etag:
      - '"0x8D82ED02452151E"'
      last-modified:
      - Thu, 23 Jul 2020 06:17:57 GMT
      server:
      - Windows-Azure-Blob/1.0 Microsoft-HTTPAPI/2.0
      x-ms-request-server-encrypted:
      - 'true'
      x-ms-version:
      - '2019-12-12'
      x-ms-version-id:
      - '2020-07-23T06:17:57.0369582Z'
    status:
      code: 201
      message: Created
- request:
    body: null
    headers:
      Accept:
      - '*/*'
      Accept-Encoding:
      - gzip, deflate
      Connection:
      - keep-alive
      Content-Length:
      - '0'
      User-Agent:
      - azsdk-python-storage-blob/12.4.0b1 Python/3.7.3 (Windows-10-10.0.18362-SP0)
      x-ms-blob-condition-appendpos:
      - '1'
      x-ms-date:
      - Thu, 23 Jul 2020 06:17:57 GMT
      x-ms-version:
      - '2019-12-12'
    method: PUT
    uri: https://storagename.blob.core.windows.net/utcontainere7721875/blobe7721875?comp=seal
  response:
    body:
      string: "\uFEFF<?xml version=\"1.0\" encoding=\"utf-8\"?>\n<Error><Code>AppendPositionConditionNotMet</Code><Message>The
        append position condition specified was not met.\nRequestId:e31a6ba4-c01e-0026-6cb9-6005b8000000\nTime:2020-07-23T06:17:57.1954390Z</Message></Error>"
    headers:
      content-length:
      - '251'
      content-type:
      - application/xml
      date:
      - Thu, 23 Jul 2020 06:17:56 GMT
      server:
      - Windows-Azure-Blob/1.0 Microsoft-HTTPAPI/2.0
      x-ms-error-code:
      - AppendPositionConditionNotMet
      x-ms-version:
      - '2019-12-12'
    status:
      code: 412
      message: The append position condition specified was not met.
- request:
    body: null
    headers:
      Accept:
      - '*/*'
      Accept-Encoding:
      - gzip, deflate
      Connection:
      - keep-alive
      Content-Length:
      - '0'
      User-Agent:
      - azsdk-python-storage-blob/12.4.0b1 Python/3.7.3 (Windows-10-10.0.18362-SP0)
      x-ms-blob-condition-appendpos:
      - '0'
      x-ms-date:
      - Thu, 23 Jul 2020 06:17:57 GMT
      x-ms-version:
      - '2019-12-12'
    method: PUT
    uri: https://storagename.blob.core.windows.net/utcontainere7721875/blobe7721875?comp=seal
  response:
    body:
      string: ''
    headers:
      content-length:
      - '0'
      date:
      - Thu, 23 Jul 2020 06:17:56 GMT
      etag:
      - '"0x8D82ED02477300E"'
      last-modified:
      - Thu, 23 Jul 2020 06:17:57 GMT
      server:
      - Windows-Azure-Blob/1.0 Microsoft-HTTPAPI/2.0
      x-ms-blob-sealed:
      - 'true'
      x-ms-version:
      - '2019-12-12'
    status:
      code: 200
      message: OK
version: 1
