{
  "Entries": [
    {
      "RequestUri": "https://storagenamestorname.blob.core.windows.net/utcontainer89a7375b?restype=container",
      "RequestMethod": "PUT",
      "RequestHeaders": {
        "Accept": "application/xml",
        "Accept-Encoding": "gzip, deflate",
        "Content-Length": "0",
        "User-Agent": "azsdk-python-storage-blob/12.14.0b1 Python/3.10.5 (Windows-10-10.0.22000-SP0)",
        "x-ms-date": "Fri, 12 Aug 2022 23:35:30 GMT",
        "x-ms-version": "2021-08-06"
      },
      "RequestBody": null,
      "StatusCode": 201,
      "ResponseHeaders": {
        "Content-Length": "0",
        "Date": "Fri, 12 Aug 2022 23:35:29 GMT",
        "ETag": "\u00220x8DA7CBB58233BC5\u0022",
        "Last-Modified": "Fri, 12 Aug 2022 23:35:30 GMT",
        "Server": [
          "Windows-Azure-Blob/1.0",
          "Microsoft-HTTPAPI/2.0"
        ],
        "x-ms-version": "2021-08-06"
      },
      "ResponseBody": null
    },
    {
      "RequestUri": "https://storagenamestorname.blob.core.windows.net/utcontainersource89a7375b?restype=container",
      "RequestMethod": "PUT",
      "RequestHeaders": {
        "Accept": "application/xml",
        "Accept-Encoding": "gzip, deflate",
        "Content-Length": "0",
        "User-Agent": "azsdk-python-storage-blob/12.14.0b1 Python/3.10.5 (Windows-10-10.0.22000-SP0)",
        "x-ms-date": "Fri, 12 Aug 2022 23:35:30 GMT",
        "x-ms-version": "2021-08-06"
      },
      "RequestBody": null,
      "StatusCode": 201,
      "ResponseHeaders": {
        "Content-Length": "0",
        "Date": "Fri, 12 Aug 2022 23:35:29 GMT",
        "ETag": "\u00220x8DA7CBB582B9EE4\u0022",
        "Last-Modified": "Fri, 12 Aug 2022 23:35:30 GMT",
        "Server": [
          "Windows-Azure-Blob/1.0",
          "Microsoft-HTTPAPI/2.0"
        ],
        "x-ms-version": "2021-08-06"
      },
      "ResponseBody": null
    },
    {
      "RequestUri": "https://storagenamestorname.blob.core.windows.net/utcontainer89a7375b/-a-a-",
      "RequestMethod": "PUT",
      "RequestHeaders": {
        "Accept": "application/xml",
        "Accept-Encoding": "gzip, deflate",
        "Content-Length": "1",
        "Content-Type": "application/octet-stream",
        "User-Agent": "azsdk-python-storage-blob/12.14.0b1 Python/3.10.5 (Windows-10-10.0.22000-SP0)",
        "x-ms-blob-type": "BlockBlob",
        "x-ms-date": "Fri, 12 Aug 2022 23:35:30 GMT",
        "x-ms-version": "2021-08-06"
      },
      "RequestBody": "LQ==",
      "StatusCode": 201,
      "ResponseHeaders": {
        "Content-Length": "0",
        "Content-MD5": "M21evFQ2U05h0W5j3fyjJw==",
        "Date": "Fri, 12 Aug 2022 23:35:29 GMT",
        "ETag": "\u00220x8DA7CBB58318D16\u0022",
        "Last-Modified": "Fri, 12 Aug 2022 23:35:30 GMT",
        "Server": [
          "Windows-Azure-Blob/1.0",
          "Microsoft-HTTPAPI/2.0"
        ],
        "x-ms-content-crc64": "qZnwPj9XCzQ=",
        "x-ms-request-server-encrypted": "true",
        "x-ms-version": "2021-08-06",
        "x-ms-version-id": "2022-08-12T23:35:30.6717462Z"
      },
      "ResponseBody": null
    },
    {
      "RequestUri": "https://storagenamestorname.blob.core.windows.net/utcontainer89a7375b/-a-a-?versionid=2022-08-12T23:35:30.6717462Z",
      "RequestMethod": "GET",
      "RequestHeaders": {
        "Accept": "application/xml",
        "Accept-Encoding": "gzip, deflate",
        "User-Agent": "azsdk-python-storage-blob/12.14.0b1 Python/3.10.5 (Windows-10-10.0.22000-SP0)",
        "x-ms-date": "Fri, 12 Aug 2022 23:35:30 GMT",
        "x-ms-range": "bytes=0-33554431",
        "x-ms-version": "2021-08-06"
      },
      "RequestBody": null,
      "StatusCode": 206,
      "ResponseHeaders": {
        "Accept-Ranges": "bytes",
        "Content-Length": "1",
        "Content-Range": "bytes 0-0/1",
        "Content-Type": "application/octet-stream",
        "Date": "Fri, 12 Aug 2022 23:35:29 GMT",
        "ETag": "\u00220x8DA7CBB58318D16\u0022",
        "Last-Modified": "Fri, 12 Aug 2022 23:35:30 GMT",
        "Server": [
          "Windows-Azure-Blob/1.0",
          "Microsoft-HTTPAPI/2.0"
        ],
        "x-ms-blob-content-md5": "M21evFQ2U05h0W5j3fyjJw==",
        "x-ms-blob-type": "BlockBlob",
        "x-ms-creation-time": "Fri, 12 Aug 2022 23:35:30 GMT",
        "x-ms-is-current-version": "true",
        "x-ms-server-encrypted": "true",
        "x-ms-version": "2021-08-06",
        "x-ms-version-id": "2022-08-12T23:35:30.6717462Z"
      },
      "ResponseBody": "LQ=="
    },
    {
      "RequestUri": "https://storagenamestorname.blob.core.windows.net/utcontainer89a7375b/.a.a.",
      "RequestMethod": "PUT",
      "RequestHeaders": {
        "Accept": "application/xml",
        "Accept-Encoding": "gzip, deflate",
        "Content-Length": "1",
        "Content-Type": "application/octet-stream",
        "User-Agent": "azsdk-python-storage-blob/12.14.0b1 Python/3.10.5 (Windows-10-10.0.22000-SP0)",
        "x-ms-blob-type": "BlockBlob",
        "x-ms-date": "Fri, 12 Aug 2022 23:35:30 GMT",
        "x-ms-version": "2021-08-06"
      },
      "RequestBody": "Lg==",
      "StatusCode": 201,
      "ResponseHeaders": {
        "Content-Length": "0",
        "Content-MD5": "UFjxr4OIYz9gnK23WnXcnQ==",
        "Date": "Fri, 12 Aug 2022 23:35:30 GMT",
        "ETag": "\u00220x8DA7CBB58484610\u0022",
        "Last-Modified": "Fri, 12 Aug 2022 23:35:30 GMT",
        "Server": [
          "Windows-Azure-Blob/1.0",
          "Microsoft-HTTPAPI/2.0"
        ],
        "x-ms-content-crc64": "IgKubmdGuLU=",
        "x-ms-request-server-encrypted": "true",
        "x-ms-version": "2021-08-06",
        "x-ms-version-id": "2022-08-12T23:35:30.8206608Z"
      },
      "ResponseBody": null
    },
    {
      "RequestUri": "https://storagenamestorname.blob.core.windows.net/utcontainer89a7375b/.a.a.?versionid=2022-08-12T23:35:30.8206608Z",
      "RequestMethod": "GET",
      "RequestHeaders": {
        "Accept": "application/xml",
        "Accept-Encoding": "gzip, deflate",
        "User-Agent": "azsdk-python-storage-blob/12.14.0b1 Python/3.10.5 (Windows-10-10.0.22000-SP0)",
        "x-ms-date": "Fri, 12 Aug 2022 23:35:30 GMT",
        "x-ms-range": "bytes=0-33554431",
        "x-ms-version": "2021-08-06"
      },
      "RequestBody": null,
      "StatusCode": 206,
      "ResponseHeaders": {
        "Accept-Ranges": "bytes",
        "Content-Length": "1",
        "Content-Range": "bytes 0-0/1",
        "Content-Type": "application/octet-stream",
        "Date": "Fri, 12 Aug 2022 23:35:30 GMT",
        "ETag": "\u00220x8DA7CBB58484610\u0022",
        "Last-Modified": "Fri, 12 Aug 2022 23:35:30 GMT",
        "Server": [
          "Windows-Azure-Blob/1.0",
          "Microsoft-HTTPAPI/2.0"
        ],
        "x-ms-blob-content-md5": "UFjxr4OIYz9gnK23WnXcnQ==",
        "x-ms-blob-type": "BlockBlob",
        "x-ms-creation-time": "Fri, 12 Aug 2022 23:35:30 GMT",
        "x-ms-is-current-version": "true",
        "x-ms-server-encrypted": "true",
        "x-ms-version": "2021-08-06",
        "x-ms-version-id": "2022-08-12T23:35:30.8206608Z"
      },
      "ResponseBody": "Lg=="
    },
    {
      "RequestUri": "https://storagenamestorname.blob.core.windows.net/utcontainer89a7375b/_a_a_",
      "RequestMethod": "PUT",
      "RequestHeaders": {
        "Accept": "application/xml",
        "Accept-Encoding": "gzip, deflate",
        "Content-Length": "1",
        "Content-Type": "application/octet-stream",
        "User-Agent": "azsdk-python-storage-blob/12.14.0b1 Python/3.10.5 (Windows-10-10.0.22000-SP0)",
        "x-ms-blob-type": "BlockBlob",
        "x-ms-date": "Fri, 12 Aug 2022 23:35:30 GMT",
        "x-ms-version": "2021-08-06"
      },
      "RequestBody": "Xw==",
      "StatusCode": 201,
      "ResponseHeaders": {
        "Content-Length": "0",
        "Content-MD5": "sUp7gFnZwFWVTJJnTOYAMg==",
        "Date": "Fri, 12 Aug 2022 23:35:30 GMT",
        "ETag": "\u00220x8DA7CBB5854042C\u0022",
        "Last-Modified": "Fri, 12 Aug 2022 23:35:30 GMT",
        "Server": [
          "Windows-Azure-Blob/1.0",
          "Microsoft-HTTPAPI/2.0"
        ],
        "x-ms-content-crc64": "txY3vV5trZQ=",
        "x-ms-request-server-encrypted": "true",
        "x-ms-version": "2021-08-06",
        "x-ms-version-id": "2022-08-12T23:35:30.8976172Z"
      },
      "ResponseBody": null
    },
    {
      "RequestUri": "https://storagenamestorname.blob.core.windows.net/utcontainer89a7375b/_a_a_?versionid=2022-08-12T23:35:30.8976172Z",
      "RequestMethod": "GET",
      "RequestHeaders": {
        "Accept": "application/xml",
        "Accept-Encoding": "gzip, deflate",
        "User-Agent": "azsdk-python-storage-blob/12.14.0b1 Python/3.10.5 (Windows-10-10.0.22000-SP0)",
        "x-ms-date": "Fri, 12 Aug 2022 23:35:31 GMT",
        "x-ms-range": "bytes=0-33554431",
        "x-ms-version": "2021-08-06"
      },
      "RequestBody": null,
      "StatusCode": 206,
      "ResponseHeaders": {
        "Accept-Ranges": "bytes",
        "Content-Length": "1",
        "Content-Range": "bytes 0-0/1",
        "Content-Type": "application/octet-stream",
        "Date": "Fri, 12 Aug 2022 23:35:30 GMT",
        "ETag": "\u00220x8DA7CBB5854042C\u0022",
        "Last-Modified": "Fri, 12 Aug 2022 23:35:30 GMT",
        "Server": [
          "Windows-Azure-Blob/1.0",
          "Microsoft-HTTPAPI/2.0"
        ],
        "x-ms-blob-content-md5": "sUp7gFnZwFWVTJJnTOYAMg==",
        "x-ms-blob-type": "BlockBlob",
        "x-ms-creation-time": "Fri, 12 Aug 2022 23:35:30 GMT",
        "x-ms-is-current-version": "true",
        "x-ms-server-encrypted": "true",
        "x-ms-version": "2021-08-06",
        "x-ms-version-id": "2022-08-12T23:35:30.8976172Z"
      },
      "ResponseBody": "Xw=="
    },
    {
      "RequestUri": "https://storagenamestorname.blob.core.windows.net/utcontainer89a7375b/%20a%20a%20",
      "RequestMethod": "PUT",
      "RequestHeaders": {
        "Accept": "application/xml",
        "Accept-Encoding": "gzip, deflate",
        "Content-Length": "1",
        "Content-Type": "application/octet-stream",
        "User-Agent": "azsdk-python-storage-blob/12.14.0b1 Python/3.10.5 (Windows-10-10.0.22000-SP0)",
        "x-ms-blob-type": "BlockBlob",
        "x-ms-date": "Fri, 12 Aug 2022 23:35:31 GMT",
        "x-ms-version": "2021-08-06"
      },
      "RequestBody": "IA==",
      "StatusCode": 201,
      "ResponseHeaders": {
        "Content-Length": "0",
        "Content-MD5": "chXunH2dwinSkhpA6JnsXw==",
        "Date": "Fri, 12 Aug 2022 23:35:30 GMT",
        "ETag": "\u00220x8DA7CBB5869ABDF\u0022",
        "Last-Modified": "Fri, 12 Aug 2022 23:35:31 GMT",
        "Server": [
          "Windows-Azure-Blob/1.0",
          "Microsoft-HTTPAPI/2.0"
        ],
        "x-ms-content-crc64": "KliQ/jCuGyQ=",
        "x-ms-request-server-encrypted": "true",
        "x-ms-version": "2021-08-06",
        "x-ms-version-id": "2022-08-12T23:35:31.0405359Z"
      },
      "ResponseBody": null
    },
    {
      "RequestUri": "https://storagenamestorname.blob.core.windows.net/utcontainer89a7375b/%20a%20a%20?versionid=2022-08-12T23:35:31.0405359Z",
      "RequestMethod": "GET",
      "RequestHeaders": {
        "Accept": "application/xml",
        "Accept-Encoding": "gzip, deflate",
        "User-Agent": "azsdk-python-storage-blob/12.14.0b1 Python/3.10.5 (Windows-10-10.0.22000-SP0)",
        "x-ms-date": "Fri, 12 Aug 2022 23:35:31 GMT",
        "x-ms-range": "bytes=0-33554431",
        "x-ms-version": "2021-08-06"
      },
      "RequestBody": null,
      "StatusCode": 206,
      "ResponseHeaders": {
        "Accept-Ranges": "bytes",
        "Content-Length": "1",
        "Content-Range": "bytes 0-0/1",
        "Content-Type": "application/octet-stream",
        "Date": "Fri, 12 Aug 2022 23:35:30 GMT",
        "ETag": "\u00220x8DA7CBB5869ABDF\u0022",
        "Last-Modified": "Fri, 12 Aug 2022 23:35:31 GMT",
        "Server": [
          "Windows-Azure-Blob/1.0",
          "Microsoft-HTTPAPI/2.0"
        ],
        "x-ms-blob-content-md5": "chXunH2dwinSkhpA6JnsXw==",
        "x-ms-blob-type": "BlockBlob",
        "x-ms-creation-time": "Fri, 12 Aug 2022 23:35:31 GMT",
        "x-ms-is-current-version": "true",
        "x-ms-server-encrypted": "true",
        "x-ms-version": "2021-08-06",
        "x-ms-version-id": "2022-08-12T23:35:31.0405359Z"
      },
      "ResponseBody": "IA=="
    },
    {
      "RequestUri": "https://storagenamestorname.blob.core.windows.net/utcontainer89a7375b//a/a/",
      "RequestMethod": "PUT",
      "RequestHeaders": {
        "Accept": "application/xml",
        "Accept-Encoding": "gzip, deflate",
        "Content-Length": "1",
        "Content-Type": "application/octet-stream",
        "User-Agent": "azsdk-python-storage-blob/12.14.0b1 Python/3.10.5 (Windows-10-10.0.22000-SP0)",
        "x-ms-blob-type": "BlockBlob",
        "x-ms-date": "Fri, 12 Aug 2022 23:35:31 GMT",
        "x-ms-version": "2021-08-06"
      },
      "RequestBody": "Lw==",
      "StatusCode": 201,
      "ResponseHeaders": {
        "Content-Length": "0",
        "Content-MD5": "ZmbNdvlpVkaee\u002BOddQzH2Q==",
        "Date": "Fri, 12 Aug 2022 23:35:30 GMT",
        "ETag": "\u00220x8DA7CBB587876C8\u0022",
        "Last-Modified": "Fri, 12 Aug 2022 23:35:31 GMT",
        "Server": [
          "Windows-Azure-Blob/1.0",
          "Microsoft-HTTPAPI/2.0"
        ],
        "x-ms-content-crc64": "W4ubXq\u002B21so=",
        "x-ms-request-server-encrypted": "true",
        "x-ms-version": "2021-08-06",
        "x-ms-version-id": "2022-08-12T23:35:31.1364808Z"
      },
      "ResponseBody": null
    },
    {
      "RequestUri": "https://storagenamestorname.blob.core.windows.net/utcontainer89a7375b//a/a/?versionid=2022-08-12T23:35:31.1364808Z",
      "RequestMethod": "GET",
      "RequestHeaders": {
        "Accept": "application/xml",
        "Accept-Encoding": "gzip, deflate",
        "User-Agent": "azsdk-python-storage-blob/12.14.0b1 Python/3.10.5 (Windows-10-10.0.22000-SP0)",
        "x-ms-date": "Fri, 12 Aug 2022 23:35:31 GMT",
        "x-ms-range": "bytes=0-33554431",
        "x-ms-version": "2021-08-06"
      },
      "RequestBody": null,
      "StatusCode": 206,
      "ResponseHeaders": {
        "Accept-Ranges": "bytes",
        "Content-Length": "1",
        "Content-Range": "bytes 0-0/1",
        "Content-Type": "application/octet-stream",
        "Date": "Fri, 12 Aug 2022 23:35:30 GMT",
        "ETag": "\u00220x8DA7CBB587876C8\u0022",
        "Last-Modified": "Fri, 12 Aug 2022 23:35:31 GMT",
        "Server": [
          "Windows-Azure-Blob/1.0",
          "Microsoft-HTTPAPI/2.0"
        ],
        "x-ms-blob-content-md5": "ZmbNdvlpVkaee\u002BOddQzH2Q==",
        "x-ms-blob-type": "BlockBlob",
        "x-ms-creation-time": "Fri, 12 Aug 2022 23:35:31 GMT",
        "x-ms-is-current-version": "true",
        "x-ms-server-encrypted": "true",
        "x-ms-version": "2021-08-06",
        "x-ms-version-id": "2022-08-12T23:35:31.1364808Z"
      },
      "ResponseBody": "Lw=="
    },
    {
      "RequestUri": "https://storagenamestorname.blob.core.windows.net/utcontainer89a7375b/(a(a(",
      "RequestMethod": "PUT",
      "RequestHeaders": {
        "Accept": "application/xml",
        "Accept-Encoding": "gzip, deflate",
        "Content-Length": "1",
        "Content-Type": "application/octet-stream",
        "User-Agent": "azsdk-python-storage-blob/12.14.0b1 Python/3.10.5 (Windows-10-10.0.22000-SP0)",
        "x-ms-blob-type": "BlockBlob",
        "x-ms-date": "Fri, 12 Aug 2022 23:35:31 GMT",
        "x-ms-version": "2021-08-06"
      },
      "RequestBody": "KA==",
      "StatusCode": 201,
      "ResponseHeaders": {
        "Content-Length": "0",
        "Content-MD5": "hMQEc0FMry7Up7EoPki79A==",
        "Date": "Fri, 12 Aug 2022 23:35:30 GMT",
        "ETag": "\u00220x8DA7CBB5890410D\u0022",
        "Last-Modified": "Fri, 12 Aug 2022 23:35:31 GMT",
        "Server": [
          "Windows-Azure-Blob/1.0",
          "Microsoft-HTTPAPI/2.0"
        ],
        "x-ms-content-crc64": "X6aEloRCB4I=",
        "x-ms-request-server-encrypted": "true",
        "x-ms-version": "2021-08-06",
        "x-ms-version-id": "2022-08-12T23:35:31.2923917Z"
      },
      "ResponseBody": null
    },
    {
      "RequestUri": "https://storagenamestorname.blob.core.windows.net/utcontainer89a7375b/(a(a(?versionid=2022-08-12T23:35:31.2923917Z",
      "RequestMethod": "GET",
      "RequestHeaders": {
        "Accept": "application/xml",
        "Accept-Encoding": "gzip, deflate",
        "User-Agent": "azsdk-python-storage-blob/12.14.0b1 Python/3.10.5 (Windows-10-10.0.22000-SP0)",
        "x-ms-date": "Fri, 12 Aug 2022 23:35:31 GMT",
        "x-ms-range": "bytes=0-33554431",
        "x-ms-version": "2021-08-06"
      },
      "RequestBody": null,
      "StatusCode": 206,
      "ResponseHeaders": {
        "Accept-Ranges": "bytes",
        "Content-Length": "1",
        "Content-Range": "bytes 0-0/1",
        "Content-Type": "application/octet-stream",
        "Date": "Fri, 12 Aug 2022 23:35:30 GMT",
        "ETag": "\u00220x8DA7CBB5890410D\u0022",
        "Last-Modified": "Fri, 12 Aug 2022 23:35:31 GMT",
        "Server": [
          "Windows-Azure-Blob/1.0",
          "Microsoft-HTTPAPI/2.0"
        ],
        "x-ms-blob-content-md5": "hMQEc0FMry7Up7EoPki79A==",
        "x-ms-blob-type": "BlockBlob",
        "x-ms-creation-time": "Fri, 12 Aug 2022 23:35:31 GMT",
        "x-ms-is-current-version": "true",
        "x-ms-server-encrypted": "true",
        "x-ms-version": "2021-08-06",
        "x-ms-version-id": "2022-08-12T23:35:31.2923917Z"
      },
      "ResponseBody": "KA=="
    },
    {
      "RequestUri": "https://storagenamestorname.blob.core.windows.net/utcontainer89a7375b/)a)a)",
      "RequestMethod": "PUT",
      "RequestHeaders": {
        "Accept": "application/xml",
        "Accept-Encoding": "gzip, deflate",
        "Content-Length": "1",
        "Content-Type": "application/octet-stream",
        "User-Agent": "azsdk-python-storage-blob/12.14.0b1 Python/3.10.5 (Windows-10-10.0.22000-SP0)",
        "x-ms-blob-type": "BlockBlob",
        "x-ms-date": "Fri, 12 Aug 2022 23:35:31 GMT",
        "x-ms-version": "2021-08-06"
      },
      "RequestBody": "KQ==",
      "StatusCode": 201,
      "ResponseHeaders": {
        "Content-Length": "0",
        "Content-MD5": "k3HXouOuhqAKq0dx450lXQ==",
        "Date": "Fri, 12 Aug 2022 23:35:30 GMT",
        "ETag": "\u00220x8DA7CBB589EE4EB\u0022",
        "Last-Modified": "Fri, 12 Aug 2022 23:35:31 GMT",
        "Server": [
          "Windows-Azure-Blob/1.0",
          "Microsoft-HTTPAPI/2.0"
        ],
        "x-ms-content-crc64": "Ji\u002Bxpkyyaf0=",
        "x-ms-request-server-encrypted": "true",
        "x-ms-version": "2021-08-06",
        "x-ms-version-id": "2022-08-12T23:35:31.3893364Z"
      },
      "ResponseBody": null
    },
    {
      "RequestUri": "https://storagenamestorname.blob.core.windows.net/utcontainer89a7375b/)a)a)?versionid=2022-08-12T23:35:31.3893364Z",
      "RequestMethod": "GET",
      "RequestHeaders": {
        "Accept": "application/xml",
        "Accept-Encoding": "gzip, deflate",
        "User-Agent": "azsdk-python-storage-blob/12.14.0b1 Python/3.10.5 (Windows-10-10.0.22000-SP0)",
        "x-ms-date": "Fri, 12 Aug 2022 23:35:31 GMT",
        "x-ms-range": "bytes=0-33554431",
        "x-ms-version": "2021-08-06"
      },
      "RequestBody": null,
      "StatusCode": 206,
      "ResponseHeaders": {
        "Accept-Ranges": "bytes",
        "Content-Length": "1",
        "Content-Range": "bytes 0-0/1",
        "Content-Type": "application/octet-stream",
        "Date": "Fri, 12 Aug 2022 23:35:30 GMT",
        "ETag": "\u00220x8DA7CBB589EE4EB\u0022",
        "Last-Modified": "Fri, 12 Aug 2022 23:35:31 GMT",
        "Server": [
          "Windows-Azure-Blob/1.0",
          "Microsoft-HTTPAPI/2.0"
        ],
        "x-ms-blob-content-md5": "k3HXouOuhqAKq0dx450lXQ==",
        "x-ms-blob-type": "BlockBlob",
        "x-ms-creation-time": "Fri, 12 Aug 2022 23:35:31 GMT",
        "x-ms-is-current-version": "true",
        "x-ms-server-encrypted": "true",
        "x-ms-version": "2021-08-06",
        "x-ms-version-id": "2022-08-12T23:35:31.3893364Z"
      },
      "ResponseBody": "KQ=="
    },
    {
      "RequestUri": "https://storagenamestorname.blob.core.windows.net/utcontainer89a7375b/$a$a$",
      "RequestMethod": "PUT",
      "RequestHeaders": {
        "Accept": "application/xml",
        "Accept-Encoding": "gzip, deflate",
        "Content-Length": "1",
        "Content-Type": "application/octet-stream",
        "User-Agent": "azsdk-python-storage-blob/12.14.0b1 Python/3.10.5 (Windows-10-10.0.22000-SP0)",
        "x-ms-blob-type": "BlockBlob",
        "x-ms-date": "Fri, 12 Aug 2022 23:35:31 GMT",
        "x-ms-version": "2021-08-06"
      },
      "RequestBody": "JA==",
      "StatusCode": 201,
      "ResponseHeaders": {
        "Content-Length": "0",
        "Content-MD5": "w\u002Bl91ul/tRJWiMl/NnIMvg==",
        "Date": "Fri, 12 Aug 2022 23:35:30 GMT",
        "ETag": "\u00220x8DA7CBB58B29124\u0022",
        "Last-Modified": "Fri, 12 Aug 2022 23:35:31 GMT",
        "Server": [
          "Windows-Azure-Blob/1.0",
          "Microsoft-HTTPAPI/2.0"
        ],
        "x-ms-content-crc64": "pe7RZkNLee0=",
        "x-ms-request-server-encrypted": "true",
        "x-ms-version": "2021-08-06",
        "x-ms-version-id": "2022-08-12T23:35:31.5172644Z"
      },
      "ResponseBody": null
    },
    {
      "RequestUri": "https://storagenamestorname.blob.core.windows.net/utcontainer89a7375b/$a$a$?versionid=2022-08-12T23:35:31.5172644Z",
      "RequestMethod": "GET",
      "RequestHeaders": {
        "Accept": "application/xml",
        "Accept-Encoding": "gzip, deflate",
        "User-Agent": "azsdk-python-storage-blob/12.14.0b1 Python/3.10.5 (Windows-10-10.0.22000-SP0)",
        "x-ms-date": "Fri, 12 Aug 2022 23:35:31 GMT",
        "x-ms-range": "bytes=0-33554431",
        "x-ms-version": "2021-08-06"
      },
      "RequestBody": null,
      "StatusCode": 206,
      "ResponseHeaders": {
        "Accept-Ranges": "bytes",
        "Content-Length": "1",
        "Content-Range": "bytes 0-0/1",
        "Content-Type": "application/octet-stream",
        "Date": "Fri, 12 Aug 2022 23:35:30 GMT",
        "ETag": "\u00220x8DA7CBB58B29124\u0022",
        "Last-Modified": "Fri, 12 Aug 2022 23:35:31 GMT",
        "Server": [
          "Windows-Azure-Blob/1.0",
          "Microsoft-HTTPAPI/2.0"
        ],
        "x-ms-blob-content-md5": "w\u002Bl91ul/tRJWiMl/NnIMvg==",
        "x-ms-blob-type": "BlockBlob",
        "x-ms-creation-time": "Fri, 12 Aug 2022 23:35:31 GMT",
        "x-ms-is-current-version": "true",
        "x-ms-server-encrypted": "true",
        "x-ms-version": "2021-08-06",
        "x-ms-version-id": "2022-08-12T23:35:31.5172644Z"
      },
      "ResponseBody": "JA=="
    },
    {
      "RequestUri": "https://storagenamestorname.blob.core.windows.net/utcontainer89a7375b/=a=a=",
      "RequestMethod": "PUT",
      "RequestHeaders": {
        "Accept": "application/xml",
        "Accept-Encoding": "gzip, deflate",
        "Content-Length": "1",
        "Content-Type": "application/octet-stream",
        "User-Agent": "azsdk-python-storage-blob/12.14.0b1 Python/3.10.5 (Windows-10-10.0.22000-SP0)",
        "x-ms-blob-type": "BlockBlob",
        "x-ms-date": "Fri, 12 Aug 2022 23:35:31 GMT",
        "x-ms-version": "2021-08-06"
      },
      "RequestBody": "PQ==",
      "StatusCode": 201,
      "ResponseHeaders": {
        "Content-Length": "0",
        "Content-MD5": "Q\u002Bw\u002BXe5ucGr3dm//6lEnIQ==",
        "Date": "Fri, 12 Aug 2022 23:35:30 GMT",
        "ETag": "\u00220x8DA7CBB58BF8787\u0022",
        "Last-Modified": "Fri, 12 Aug 2022 23:35:31 GMT",
        "Server": [
          "Windows-Azure-Blob/1.0",
          "Microsoft-HTTPAPI/2.0"
        ],
        "x-ms-content-crc64": "KPZOtgSo60w=",
        "x-ms-request-server-encrypted": "true",
        "x-ms-version": "2021-08-06",
        "x-ms-version-id": "2022-08-12T23:35:31.6022151Z"
      },
      "ResponseBody": null
    },
    {
      "RequestUri": "https://storagenamestorname.blob.core.windows.net/utcontainer89a7375b/=a=a=?versionid=2022-08-12T23:35:31.6022151Z",
      "RequestMethod": "GET",
      "RequestHeaders": {
        "Accept": "application/xml",
        "Accept-Encoding": "gzip, deflate",
        "User-Agent": "azsdk-python-storage-blob/12.14.0b1 Python/3.10.5 (Windows-10-10.0.22000-SP0)",
        "x-ms-date": "Fri, 12 Aug 2022 23:35:31 GMT",
        "x-ms-range": "bytes=0-33554431",
        "x-ms-version": "2021-08-06"
      },
      "RequestBody": null,
      "StatusCode": 206,
      "ResponseHeaders": {
        "Accept-Ranges": "bytes",
        "Content-Length": "1",
        "Content-Range": "bytes 0-0/1",
        "Content-Type": "application/octet-stream",
        "Date": "Fri, 12 Aug 2022 23:35:30 GMT",
        "ETag": "\u00220x8DA7CBB58BF8787\u0022",
        "Last-Modified": "Fri, 12 Aug 2022 23:35:31 GMT",
        "Server": [
          "Windows-Azure-Blob/1.0",
          "Microsoft-HTTPAPI/2.0"
        ],
        "x-ms-blob-content-md5": "Q\u002Bw\u002BXe5ucGr3dm//6lEnIQ==",
        "x-ms-blob-type": "BlockBlob",
        "x-ms-creation-time": "Fri, 12 Aug 2022 23:35:31 GMT",
        "x-ms-is-current-version": "true",
        "x-ms-server-encrypted": "true",
        "x-ms-version": "2021-08-06",
        "x-ms-version-id": "2022-08-12T23:35:31.6022151Z"
      },
      "ResponseBody": "PQ=="
    },
    {
      "RequestUri": "https://storagenamestorname.blob.core.windows.net/utcontainer89a7375b/\u0027a\u0027a\u0027",
      "RequestMethod": "PUT",
      "RequestHeaders": {
        "Accept": "application/xml",
        "Accept-Encoding": "gzip, deflate",
        "Content-Length": "1",
        "Content-Type": "application/octet-stream",
        "User-Agent": "azsdk-python-storage-blob/12.14.0b1 Python/3.10.5 (Windows-10-10.0.22000-SP0)",
        "x-ms-blob-type": "BlockBlob",
        "x-ms-date": "Fri, 12 Aug 2022 23:35:31 GMT",
        "x-ms-version": "2021-08-06"
      },
      "RequestBody": "Jw==",
      "StatusCode": 201,
      "ResponseHeaders": {
        "Content-Length": "0",
        "Content-MD5": "NZDLivC7ueeMNDtSuTdzyQ==",
        "Date": "Fri, 12 Aug 2022 23:35:31 GMT",
        "ETag": "\u00220x8DA7CBB58D5CB68\u0022",
        "Last-Modified": "Fri, 12 Aug 2022 23:35:31 GMT",
        "Server": [
          "Windows-Azure-Blob/1.0",
          "Microsoft-HTTPAPI/2.0"
        ],
        "x-ms-content-crc64": "LnWPNhtaymw=",
        "x-ms-request-server-encrypted": "true",
        "x-ms-version": "2021-08-06",
        "x-ms-version-id": "2022-08-12T23:35:31.7481320Z"
      },
      "ResponseBody": null
    },
    {
      "RequestUri": "https://storagenamestorname.blob.core.windows.net/utcontainer89a7375b/\u0027a\u0027a\u0027?versionid=2022-08-12T23:35:31.7481320Z",
      "RequestMethod": "GET",
      "RequestHeaders": {
        "Accept": "application/xml",
        "Accept-Encoding": "gzip, deflate",
        "User-Agent": "azsdk-python-storage-blob/12.14.0b1 Python/3.10.5 (Windows-10-10.0.22000-SP0)",
        "x-ms-date": "Fri, 12 Aug 2022 23:35:31 GMT",
        "x-ms-range": "bytes=0-33554431",
        "x-ms-version": "2021-08-06"
      },
      "RequestBody": null,
      "StatusCode": 206,
      "ResponseHeaders": {
        "Accept-Ranges": "bytes",
        "Content-Length": "1",
        "Content-Range": "bytes 0-0/1",
        "Content-Type": "application/octet-stream",
        "Date": "Fri, 12 Aug 2022 23:35:31 GMT",
        "ETag": "\u00220x8DA7CBB58D5CB68\u0022",
        "Last-Modified": "Fri, 12 Aug 2022 23:35:31 GMT",
        "Server": [
          "Windows-Azure-Blob/1.0",
          "Microsoft-HTTPAPI/2.0"
        ],
        "x-ms-blob-content-md5": "NZDLivC7ueeMNDtSuTdzyQ==",
        "x-ms-blob-type": "BlockBlob",
        "x-ms-creation-time": "Fri, 12 Aug 2022 23:35:31 GMT",
        "x-ms-is-current-version": "true",
        "x-ms-server-encrypted": "true",
        "x-ms-version": "2021-08-06",
        "x-ms-version-id": "2022-08-12T23:35:31.7481320Z"
      },
      "ResponseBody": "Jw=="
    },
    {
      "RequestUri": "https://storagenamestorname.blob.core.windows.net/utcontainer89a7375b/,a,a,",
      "RequestMethod": "PUT",
      "RequestHeaders": {
        "Accept": "application/xml",
        "Accept-Encoding": "gzip, deflate",
        "Content-Length": "1",
        "Content-Type": "application/octet-stream",
        "User-Agent": "azsdk-python-storage-blob/12.14.0b1 Python/3.10.5 (Windows-10-10.0.22000-SP0)",
        "x-ms-blob-type": "BlockBlob",
        "x-ms-date": "Fri, 12 Aug 2022 23:35:31 GMT",
        "x-ms-version": "2021-08-06"
      },
      "RequestBody": "LA==",
      "StatusCode": 201,
      "ResponseHeaders": {
        "Content-Length": "0",
        "Content-MD5": "wMtfD88jmrPZwfzTH/8e/A==",
        "Date": "Fri, 12 Aug 2022 23:35:31 GMT",
        "ETag": "\u00220x8DA7CBB58E5A795\u0022",
        "Last-Modified": "Fri, 12 Aug 2022 23:35:31 GMT",
        "Server": [
          "Windows-Azure-Blob/1.0",
          "Microsoft-HTTPAPI/2.0"
        ],
        "x-ms-content-crc64": "0BDFDvenZUs=",
        "x-ms-request-server-encrypted": "true",
        "x-ms-version": "2021-08-06",
        "x-ms-version-id": "2022-08-12T23:35:31.8520725Z"
      },
      "ResponseBody": null
    },
    {
      "RequestUri": "https://storagenamestorname.blob.core.windows.net/utcontainer89a7375b/,a,a,?versionid=2022-08-12T23:35:31.8520725Z",
      "RequestMethod": "GET",
      "RequestHeaders": {
        "Accept": "application/xml",
        "Accept-Encoding": "gzip, deflate",
        "User-Agent": "azsdk-python-storage-blob/12.14.0b1 Python/3.10.5 (Windows-10-10.0.22000-SP0)",
        "x-ms-date": "Fri, 12 Aug 2022 23:35:31 GMT",
        "x-ms-range": "bytes=0-33554431",
        "x-ms-version": "2021-08-06"
      },
      "RequestBody": null,
      "StatusCode": 206,
      "ResponseHeaders": {
        "Accept-Ranges": "bytes",
        "Content-Length": "1",
        "Content-Range": "bytes 0-0/1",
        "Content-Type": "application/octet-stream",
        "Date": "Fri, 12 Aug 2022 23:35:31 GMT",
        "ETag": "\u00220x8DA7CBB58E5A795\u0022",
        "Last-Modified": "Fri, 12 Aug 2022 23:35:31 GMT",
        "Server": [
          "Windows-Azure-Blob/1.0",
          "Microsoft-HTTPAPI/2.0"
        ],
        "x-ms-blob-content-md5": "wMtfD88jmrPZwfzTH/8e/A==",
        "x-ms-blob-type": "BlockBlob",
        "x-ms-creation-time": "Fri, 12 Aug 2022 23:35:31 GMT",
        "x-ms-is-current-version": "true",
        "x-ms-server-encrypted": "true",
        "x-ms-version": "2021-08-06",
        "x-ms-version-id": "2022-08-12T23:35:31.8520725Z"
      },
      "ResponseBody": "LA=="
    },
    {
      "RequestUri": "https://storagenamestorname.blob.core.windows.net/utcontainer89a7375b/~a~a~",
      "RequestMethod": "PUT",
      "RequestHeaders": {
        "Accept": "application/xml",
        "Accept-Encoding": "gzip, deflate",
        "Content-Length": "1",
        "Content-Type": "application/octet-stream",
        "User-Agent": "azsdk-python-storage-blob/12.14.0b1 Python/3.10.5 (Windows-10-10.0.22000-SP0)",
        "x-ms-blob-type": "BlockBlob",
        "x-ms-date": "Fri, 12 Aug 2022 23:35:32 GMT",
        "x-ms-version": "2021-08-06"
      },
      "RequestBody": "fg==",
      "StatusCode": 201,
      "ResponseHeaders": {
        "Content-Length": "0",
        "Content-MD5": "THYfFw4BaDb/hEmCArmYJw==",
        "Date": "Fri, 12 Aug 2022 23:35:31 GMT",
        "ETag": "\u00220x8DA7CBB58FAB322\u0022",
        "Last-Modified": "Fri, 12 Aug 2022 23:35:31 GMT",
        "Server": [
          "Windows-Azure-Blob/1.0",
          "Microsoft-HTTPAPI/2.0"
        ],
        "x-ms-content-crc64": "zEB\u002BnOFjAho=",
        "x-ms-request-server-encrypted": "true",
        "x-ms-version": "2021-08-06",
        "x-ms-version-id": "2022-08-12T23:35:31.9899938Z"
      },
      "ResponseBody": null
    },
    {
      "RequestUri": "https://storagenamestorname.blob.core.windows.net/utcontainer89a7375b/~a~a~?versionid=2022-08-12T23:35:31.9899938Z",
      "RequestMethod": "GET",
      "RequestHeaders": {
        "Accept": "application/xml",
        "Accept-Encoding": "gzip, deflate",
        "User-Agent": "azsdk-python-storage-blob/12.14.0b1 Python/3.10.5 (Windows-10-10.0.22000-SP0)",
        "x-ms-date": "Fri, 12 Aug 2022 23:35:32 GMT",
        "x-ms-range": "bytes=0-33554431",
        "x-ms-version": "2021-08-06"
      },
      "RequestBody": null,
      "StatusCode": 206,
      "ResponseHeaders": {
        "Accept-Ranges": "bytes",
        "Content-Length": "1",
        "Content-Range": "bytes 0-0/1",
        "Content-Type": "application/octet-stream",
        "Date": "Fri, 12 Aug 2022 23:35:31 GMT",
        "ETag": "\u00220x8DA7CBB58FAB322\u0022",
        "Last-Modified": "Fri, 12 Aug 2022 23:35:31 GMT",
        "Server": [
          "Windows-Azure-Blob/1.0",
          "Microsoft-HTTPAPI/2.0"
        ],
        "x-ms-blob-content-md5": "THYfFw4BaDb/hEmCArmYJw==",
        "x-ms-blob-type": "BlockBlob",
        "x-ms-creation-time": "Fri, 12 Aug 2022 23:35:31 GMT",
        "x-ms-is-current-version": "true",
        "x-ms-server-encrypted": "true",
        "x-ms-version": "2021-08-06",
        "x-ms-version-id": "2022-08-12T23:35:31.9899938Z"
      },
      "ResponseBody": "fg=="
    }
  ],
  "Variables": {}
}
