{
  "Entries": [
    {
      "RequestUri": "https://storagename.blob.core.windows.net/utcontainere7613041?restype=container",
      "RequestMethod": "PUT",
      "RequestHeaders": {
        "Accept": "application/xml",
        "Accept-Encoding": "gzip, deflate",
        "Content-Length": "0",
        "User-Agent": "azsdk-python-storage-blob/12.14.0 Python/3.10.5 (Windows-10-10.0.22000-SP0)",
        "x-ms-date": "Thu, 08 Sep 2022 18:42:40 GMT",
        "x-ms-version": "2021-08-06"
      },
      "RequestBody": null,
      "StatusCode": 201,
      "ResponseHeaders": {
        "Content-Length": "0",
        "Date": "Thu, 08 Sep 2022 18:42:39 GMT",
        "ETag": "\u00220x8DA91C9E8A81F60\u0022",
        "Last-Modified": "Thu, 08 Sep 2022 18:42:40 GMT",
        "Server": [
          "Windows-Azure-Blob/1.0",
          "Microsoft-HTTPAPI/2.0"
        ],
        "x-ms-version": "2021-08-06"
      },
      "ResponseBody": null
    },
    {
      "RequestUri": "https://storagename.blob.core.windows.net/utcontainere7613041/encryption_block_blobe7613041",
      "RequestMethod": "PUT",
      "RequestHeaders": {
        "Accept": "application/xml",
        "Accept-Encoding": "gzip, deflate",
        "Content-Length": "16",
        "Content-Type": "application/octet-stream",
        "If-None-Match": "*",
        "User-Agent": "azsdk-python-storage-blob/12.14.0 Python/3.10.5 (Windows-10-10.0.22000-SP0)",
        "x-ms-blob-type": "BlockBlob",
        "x-ms-date": "Thu, 08 Sep 2022 18:42:40 GMT",
        "x-ms-meta-encryptiondata": "{\u0022WrappedContentKey\u0022: {\u0022KeyId\u0022: \u0022key1\u0022, \u0022EncryptedKey\u0022: \u0022zJpSf8DOs/fwIVPrWYZJkB\u002B6MPGuLB9\u002BPseTfxgbcDLGChi7TyYa0A==\u0022, \u0022Algorithm\u0022: \u0022A256KW\u0022}, \u0022EncryptionAgent\u0022: {\u0022Protocol\u0022: \u00221.0\u0022, \u0022EncryptionAlgorithm\u0022: \u0022AES_CBC_256\u0022}, \u0022ContentEncryptionIV\u0022: \u0022u9aHtmrl3JOwEx7Mn/TKqw==\u0022, \u0022KeyWrappingMetadata\u0022: {\u0022EncryptionLibrary\u0022: \u0022Python 12.14.0\u0022}, \u0022EncryptionMode\u0022: \u0022FullBlob\u0022}",
        "x-ms-version": "2021-08-06"
      },
      "RequestBody": "/7ZWX2MU\u002B57uTrZwN3\u002BWRg==",
      "StatusCode": 201,
      "ResponseHeaders": {
        "Content-Length": "0",
        "Content-MD5": "CyiFAgYP5KesoRYMOudcpw==",
        "Date": "Thu, 08 Sep 2022 18:42:39 GMT",
        "ETag": "\u00220x8DA91C9E8B382CF\u0022",
        "Last-Modified": "Thu, 08 Sep 2022 18:42:40 GMT",
        "Server": [
          "Windows-Azure-Blob/1.0",
          "Microsoft-HTTPAPI/2.0"
        ],
        "x-ms-content-crc64": "8sSxPHtr9Ic=",
        "x-ms-request-server-encrypted": "true",
        "x-ms-version": "2021-08-06"
      },
      "ResponseBody": null
    },
    {
      "RequestUri": "https://storagename.blob.core.windows.net/utcontainere7613041/encryption_block_blobe7613041",
      "RequestMethod": "HEAD",
      "RequestHeaders": {
        "Accept": "application/xml",
        "Accept-Encoding": "gzip, deflate",
        "User-Agent": "azsdk-python-storage-blob/12.14.0 Python/3.10.5 (Windows-10-10.0.22000-SP0)",
        "x-ms-date": "Thu, 08 Sep 2022 18:42:40 GMT",
        "x-ms-version": "2021-08-06"
      },
      "RequestBody": null,
      "StatusCode": 200,
      "ResponseHeaders": {
        "Accept-Ranges": "bytes",
        "Content-Length": "16",
        "Content-MD5": "CyiFAgYP5KesoRYMOudcpw==",
        "Content-Type": "application/octet-stream",
        "Date": "Thu, 08 Sep 2022 18:42:39 GMT",
        "ETag": "\u00220x8DA91C9E8B382CF\u0022",
        "Last-Modified": "Thu, 08 Sep 2022 18:42:40 GMT",
        "Server": [
          "Windows-Azure-Blob/1.0",
          "Microsoft-HTTPAPI/2.0"
        ],
        "Vary": "Origin",
        "x-ms-access-tier": "Hot",
        "x-ms-access-tier-inferred": "true",
        "x-ms-blob-type": "BlockBlob",
        "x-ms-creation-time": "Thu, 08 Sep 2022 18:42:40 GMT",
        "x-ms-lease-state": "available",
        "x-ms-lease-status": "unlocked",
        "x-ms-meta-encryptiondata": "{\u0022WrappedContentKey\u0022: {\u0022KeyId\u0022: \u0022key1\u0022, \u0022EncryptedKey\u0022: \u0022zJpSf8DOs/fwIVPrWYZJkB\u002B6MPGuLB9\u002BPseTfxgbcDLGChi7TyYa0A==\u0022, \u0022Algorithm\u0022: \u0022A256KW\u0022}, \u0022EncryptionAgent\u0022: {\u0022Protocol\u0022: \u00221.0\u0022, \u0022EncryptionAlgorithm\u0022: \u0022AES_CBC_256\u0022}, \u0022ContentEncryptionIV\u0022: \u0022u9aHtmrl3JOwEx7Mn/TKqw==\u0022, \u0022KeyWrappingMetadata\u0022: {\u0022EncryptionLibrary\u0022: \u0022Python 12.14.0\u0022}, \u0022EncryptionMode\u0022: \u0022FullBlob\u0022}",
        "x-ms-server-encrypted": "true",
        "x-ms-version": "2021-08-06"
      },
      "ResponseBody": null
    },
    {
      "RequestUri": "https://storagename.blob.core.windows.net/utcontainere7613041/encryption_block_blobe7613041",
      "RequestMethod": "GET",
      "RequestHeaders": {
        "Accept": "application/xml",
        "Accept-Encoding": "gzip, deflate",
        "User-Agent": "azsdk-python-storage-blob/12.14.0 Python/3.10.5 (Windows-10-10.0.22000-SP0)",
        "x-ms-date": "Thu, 08 Sep 2022 18:42:40 GMT",
        "x-ms-range": "bytes=0-4095",
        "x-ms-version": "2021-08-06"
      },
      "RequestBody": null,
      "StatusCode": 206,
      "ResponseHeaders": {
        "Accept-Ranges": "bytes",
        "Content-Length": "16",
        "Content-Range": "bytes 0-15/16",
        "Content-Type": "application/octet-stream",
        "Date": "Thu, 08 Sep 2022 18:42:40 GMT",
        "ETag": "\u00220x8DA91C9E8B382CF\u0022",
        "Last-Modified": "Thu, 08 Sep 2022 18:42:40 GMT",
        "Server": [
          "Windows-Azure-Blob/1.0",
          "Microsoft-HTTPAPI/2.0"
        ],
        "Vary": "Origin",
        "x-ms-blob-content-md5": "CyiFAgYP5KesoRYMOudcpw==",
        "x-ms-blob-type": "BlockBlob",
        "x-ms-creation-time": "Thu, 08 Sep 2022 18:42:40 GMT",
        "x-ms-lease-state": "available",
        "x-ms-lease-status": "unlocked",
        "x-ms-meta-encryptiondata": "{\u0022WrappedContentKey\u0022: {\u0022KeyId\u0022: \u0022key1\u0022, \u0022EncryptedKey\u0022: \u0022zJpSf8DOs/fwIVPrWYZJkB\u002B6MPGuLB9\u002BPseTfxgbcDLGChi7TyYa0A==\u0022, \u0022Algorithm\u0022: \u0022A256KW\u0022}, \u0022EncryptionAgent\u0022: {\u0022Protocol\u0022: \u00221.0\u0022, \u0022EncryptionAlgorithm\u0022: \u0022AES_CBC_256\u0022}, \u0022ContentEncryptionIV\u0022: \u0022u9aHtmrl3JOwEx7Mn/TKqw==\u0022, \u0022KeyWrappingMetadata\u0022: {\u0022EncryptionLibrary\u0022: \u0022Python 12.14.0\u0022}, \u0022EncryptionMode\u0022: \u0022FullBlob\u0022}",
        "x-ms-server-encrypted": "true",
        "x-ms-version": "2021-08-06"
      },
      "ResponseBody": "/7ZWX2MU\u002B57uTrZwN3\u002BWRg=="
    }
  ],
  "Variables": {}
}
