interactions:
- request:
    body: null
    headers:
      User-Agent:
      - azsdk-python-storage-blob/12.0.0b2 Python/3.7.3 (Windows-10-10.0.17763-SP0)
      content-type:
      - application/xml; charset=utf-8
      x-ms-date:
      - Mon, 26 Aug 2019 20:43:36 GMT
      x-ms-version:
      - '2019-02-02'
    method: PUT
    uri: https://pyacrstoragea3131b7e.blob.core.windows.net/utcontainera3131b7e?restype=container
  response:
    body:
      string: ''
    headers:
      content-length: '0'
      date: Mon, 26 Aug 2019 20:43:35 GMT
      etag: '"0x8D72A66112E88CA"'
      last-modified: Mon, 26 Aug 2019 20:43:35 GMT
      server: Windows-Azure-Blob/1.0 Microsoft-HTTPAPI/2.0
      x-ms-version: '2019-02-02'
    status:
      code: 201
      message: Created
    url: !!python/object/new:yarl.URL
      state: !!python/tuple
      - !!python/object/new:urllib.parse.SplitResult
        - https
        - pyacrstoragea3131b7e.blob.core.windows.net
        - /utcontainera3131b7e
        - restype=container
        - ''
- request:
    body: null
    headers:
      Content-Length:
      - '0'
      User-Agent:
      - azsdk-python-storage-blob/12.0.0b2 Python/3.7.3 (Windows-10-10.0.17763-SP0)
      content-type:
      - application/xml; charset=utf-8
      x-ms-blob-type:
      - AppendBlob
      x-ms-date:
      - Mon, 26 Aug 2019 20:43:37 GMT
      x-ms-version:
      - '2019-02-02'
    method: PUT
    uri: https://pyacrstoragea3131b7e.blob.core.windows.net/utcontainera3131b7e/bloba3131b7e
  response:
    body:
      string: ''
    headers:
      content-length: '0'
      date: Mon, 26 Aug 2019 20:43:35 GMT
      etag: '"0x8D72A661138F1F5"'
      last-modified: Mon, 26 Aug 2019 20:43:36 GMT
      server: Windows-Azure-Blob/1.0 Microsoft-HTTPAPI/2.0
      x-ms-request-server-encrypted: 'true'
      x-ms-version: '2019-02-02'
    status:
      code: 201
      message: Created
    url: !!python/object/new:yarl.URL
      state: !!python/tuple
      - !!python/object/new:urllib.parse.SplitResult
        - https
        - pyacrstoragea3131b7e.blob.core.windows.net
        - /utcontainera3131b7e/bloba3131b7e
        - ''
        - ''
- request:
    body: defghijklmnopqrstuvwxyz
    headers:
      Content-Length:
      - '23'
      Content-Type:
      - application/xml; charset=utf-8
      User-Agent:
      - azsdk-python-storage-blob/12.0.0b2 Python/3.7.3 (Windows-10-10.0.17763-SP0)
      x-ms-date:
      - Mon, 26 Aug 2019 20:43:37 GMT
      x-ms-version:
      - '2019-02-02'
    method: PUT
    uri: https://pyacrstoragea3131b7e.blob.core.windows.net/utcontainera3131b7e/bloba3131b7e?comp=appendblock
  response:
    body:
      string: ''
    headers:
      content-length: '0'
      date: Mon, 26 Aug 2019 20:43:35 GMT
      etag: '"0x8D72A66113F0D97"'
      last-modified: Mon, 26 Aug 2019 20:43:36 GMT
      server: Windows-Azure-Blob/1.0 Microsoft-HTTPAPI/2.0
      x-ms-blob-append-offset: '0'
      x-ms-blob-committed-block-count: '1'
      x-ms-content-crc64: RfVFzHuXlUY=
      x-ms-request-server-encrypted: 'true'
      x-ms-version: '2019-02-02'
    status:
      code: 201
      message: Created
    url: !!python/object/new:yarl.URL
      state: !!python/tuple
      - !!python/object/new:urllib.parse.SplitResult
        - https
        - pyacrstoragea3131b7e.blob.core.windows.net
        - /utcontainera3131b7e/bloba3131b7e
        - comp=appendblock
        - ''
- request:
    body: null
    headers:
      Accept:
      - application/xml, application/octet-stream, text/plain
      User-Agent:
      - azsdk-python-storage-blob/12.0.0b2 Python/3.7.3 (Windows-10-10.0.17763-SP0)
      content-type:
      - application/xml; charset=utf-8
      x-ms-date:
      - Mon, 26 Aug 2019 20:43:37 GMT
      x-ms-range:
      - bytes=0-33554431
      x-ms-version:
      - '2019-02-02'
    method: GET
    uri: https://pyacrstoragea3131b7e.blob.core.windows.net/utcontainera3131b7e/bloba3131b7e
  response:
    body:
      string: defghijklmnopqrstuvwxyz
    headers:
      accept-ranges: bytes
      content-length: '23'
      content-range: bytes 0-22/23
      content-type: application/xml; charset=utf-8
      date: Mon, 26 Aug 2019 20:43:35 GMT
      etag: '"0x8D72A66113F0D97"'
      last-modified: Mon, 26 Aug 2019 20:43:36 GMT
      server: Windows-Azure-Blob/1.0 Microsoft-HTTPAPI/2.0
      x-ms-blob-committed-block-count: '1'
      x-ms-blob-type: AppendBlob
      x-ms-creation-time: Mon, 26 Aug 2019 20:43:36 GMT
      x-ms-lease-state: available
      x-ms-lease-status: unlocked
      x-ms-server-encrypted: 'true'
      x-ms-tag-count: '0'
      x-ms-version: '2019-02-02'
    status:
      code: 206
      message: Partial Content
    url: !!python/object/new:yarl.URL
      state: !!python/tuple
      - !!python/object/new:urllib.parse.SplitResult
        - https
        - pyacrstoragea3131b7e.blob.core.windows.net
        - /utcontainera3131b7e/bloba3131b7e
        - ''
        - ''
version: 1
