interactions:
- request:
    body: null
    headers:
      User-Agent:
      - azsdk-python-storage-blob/12.0.0b5 Python/3.6.3 (Windows-10-10.0.18362-SP0)
      x-ms-date:
      - Fri, 25 Oct 2019 18:37:24 GMT
      x-ms-version:
      - '2019-02-02'
    method: PUT
    uri: https://blobstoragename.blob.core.windows.net/utcontainerc2121bf3?timeout=5&restype=container
  response:
    body:
      string: ''
    headers:
      content-length: '0'
      date: Fri, 25 Oct 2019 18:37:24 GMT
      etag: '"0x8D7597A61285F95"'
      last-modified: Fri, 25 Oct 2019 18:37:24 GMT
      server: Windows-Azure-Blob/1.0 Microsoft-HTTPAPI/2.0
      x-ms-version: '2019-02-02'
    status:
      code: 201
      message: Created
    url: !!python/object/new:yarl.URL
      state: !!python/tuple
      - !!python/object/new:urllib.parse.SplitResult
        - https
        - pyacrstorageiqnubxlez5qu.blob.core.windows.net
        - /utcontainerc2121bf3
        - timeout=5&restype=container
        - ''
- request:
    body: '<?xml version=''1.0'' encoding=''utf-8''?>

      <StorageServiceProperties><DeleteRetentionPolicy><Enabled>true</Enabled><Days>2</Days></DeleteRetentionPolicy></StorageServiceProperties>'
    headers:
      Content-Length:
      - '176'
      Content-Type:
      - application/xml; charset=utf-8
      User-Agent:
      - azsdk-python-storage-blob/12.0.0b5 Python/3.6.3 (Windows-10-10.0.18362-SP0)
      x-ms-date:
      - Fri, 25 Oct 2019 18:37:25 GMT
      x-ms-version:
      - '2019-02-02'
    method: PUT
    uri: https://blobstoragename.blob.core.windows.net/?restype=service&comp=properties
  response:
    body:
      string: ''
    headers:
      content-length: '0'
      date: Fri, 25 Oct 2019 18:37:24 GMT
      server: Windows-Azure-Blob/1.0 Microsoft-HTTPAPI/2.0
      x-ms-version: '2019-02-02'
    status:
      code: 202
      message: Accepted
    url: !!python/object/new:yarl.URL
      state: !!python/tuple
      - !!python/object/new:urllib.parse.SplitResult
        - https
        - pyacrstorageiqnubxlez5qu.blob.core.windows.net
        - /
        - restype=service&comp=properties
        - ''
- request:
    body: aaaaaaaaaaaaaaaaaaaaaaaaaaaaaaaaaaaaaaaaaaaaaaaaaaaaaaaaaaaaaaaaaaaaaaaaaaaaaaaaaaaaaaaaaaaaaaaaaaaaaaaaaaaaaaaaaaaaaaaaaaaaaaaaaaaaaaaaaaaaaaaaaaaaaaaaaaaaaaaaaaaaaaaaaaaaaaaaaaaaaaaaaaaaaaaaaaaaaaaaaaaaaaaaaaaaaaaaaaaaaaaaaaaaaaaaaaaaaaaaaaaaaaaaaaaaaaaaaaaaaaaaaaaaaaaaaaaaaaaaaaaaaaaaaaaaaaaaaaaaaaaaaaaaaaaaaaaaaaaaaaaaaaaaaaaaaaaaaaaaaaaaaaaaaaaaaaaaaaaaaaaaaaaaaaaaaaaaaaaaaaaaaaaaaaaaaaaaaaaaaaaaaaaaaaaaaaaaaaaaaaaaaaaaaaaaaaaaaaaaaaaaaaaaaaaaaaaaaaaaaaaaaaaaaaaaaaaaaaaaaaaaaaaaaaaaaaaaaaaaaaaaaaaaaaaaaaaaaaaaaaaaaaaaaaaaaaaaaaaaaaaaaaaaaaaaaaaaaaaaaaaaaaaaaaaaaaaaaaaaaaaaaaaaaaaaaaaaaaaaaaaaaaaaaaaaaaaaaaaaaaaaaaaaaaaaaaaaaaaaaaaaaaaaaaaaaaaaaaaaaaaaaaaaaaaaaaaaaaaaaaaaaaaaaaaaaaaaaaaaaaaaaaaaaaaaaaaaaaaaaaaaaaaaaaaaaaaaaaaaaaaaaaaaaaaaaaaaaaaaaaaaaaaaaaaaaaaaaaaaaaaaaaaaaaaaaaaaaaaaaaaaaaaaaaaaaaaaaaaaaaaaaaaaaaaaaaaaaaaaaaaaaaaaaaaaaaaaaaaaaaaaaaaaaaaaaaaaaaaaaaaaaaaaaaaaaaaaaaaaaaaaaaaaaaaaaaaaaaaaaaaaaaaaaaaaaaaaaaaaaaaaaaaaaaaaaaaaaaaaaaaaaaaaaaaaaaaaaaaaaaaaaaaaaaaaaaaaaaaaaaaaaaaaaaaaaaaaaaaaaaaa
    headers:
      Content-Length:
      - '1024'
      Content-Type:
      - application/octet-stream
      If-None-Match:
      - '*'
      User-Agent:
      - azsdk-python-storage-blob/12.0.0b5 Python/3.6.3 (Windows-10-10.0.18362-SP0)
      x-ms-blob-type:
      - BlockBlob
      x-ms-date:
      - Fri, 25 Oct 2019 18:37:55 GMT
      x-ms-version:
      - '2019-02-02'
    method: PUT
    uri: https://blobstoragename.blob.core.windows.net/utcontainerc2121bf3/blobc2121bf3
  response:
    body:
      string: ''
    headers:
      content-length: '0'
      content-md5: yaNM/IXZgmmMasifdgcavQ==
      date: Fri, 25 Oct 2019 18:37:54 GMT
      etag: '"0x8D7597A7345D6FA"'
      last-modified: Fri, 25 Oct 2019 18:37:55 GMT
      server: Windows-Azure-Blob/1.0 Microsoft-HTTPAPI/2.0
      x-ms-content-crc64: ov8U1LLnyKc=
      x-ms-request-server-encrypted: 'true'
      x-ms-version: '2019-02-02'
    status:
      code: 201
      message: Created
    url: !!python/object/new:yarl.URL
      state: !!python/tuple
      - !!python/object/new:urllib.parse.SplitResult
        - https
        - pyacrstorageiqnubxlez5qu.blob.core.windows.net
        - /utcontainerc2121bf3/blobc2121bf3
        - ''
        - ''
- request:
    body: null
    headers:
      User-Agent:
      - azsdk-python-storage-blob/12.0.0b5 Python/3.6.3 (Windows-10-10.0.18362-SP0)
      x-ms-date:
      - Fri, 25 Oct 2019 18:37:55 GMT
      x-ms-version:
      - '2019-02-02'
    method: PUT
    uri: https://blobstoragename.blob.core.windows.net/utcontainerc2121bf3/blobc2121bf3?comp=snapshot
  response:
    body:
      string: ''
    headers:
      content-length: '0'
      date: Fri, 25 Oct 2019 18:37:54 GMT
      etag: '"0x8D7597A7345D6FA"'
      last-modified: Fri, 25 Oct 2019 18:37:55 GMT
      server: Windows-Azure-Blob/1.0 Microsoft-HTTPAPI/2.0
      x-ms-request-server-encrypted: 'false'
      x-ms-snapshot: '2019-10-25T18:37:55.1654130Z'
      x-ms-version: '2019-02-02'
    status:
      code: 201
      message: Created
    url: !!python/object/new:yarl.URL
      state: !!python/tuple
      - !!python/object/new:urllib.parse.SplitResult
        - https
        - pyacrstorageiqnubxlez5qu.blob.core.windows.net
        - /utcontainerc2121bf3/blobc2121bf3
        - comp=snapshot
        - ''
- request:
    body: null
    headers:
      User-Agent:
      - azsdk-python-storage-blob/12.0.0b5 Python/3.6.3 (Windows-10-10.0.18362-SP0)
      x-ms-date:
      - Fri, 25 Oct 2019 18:37:55 GMT
      x-ms-version:
      - '2019-02-02'
    method: PUT
    uri: https://blobstoragename.blob.core.windows.net/utcontainerc2121bf3/blobc2121bf3?comp=snapshot
  response:
    body:
      string: ''
    headers:
      content-length: '0'
      date: Fri, 25 Oct 2019 18:37:54 GMT
      etag: '"0x8D7597A7345D6FA"'
      last-modified: Fri, 25 Oct 2019 18:37:55 GMT
      server: Windows-Azure-Blob/1.0 Microsoft-HTTPAPI/2.0
      x-ms-request-server-encrypted: 'false'
      x-ms-snapshot: '2019-10-25T18:37:55.2084539Z'
      x-ms-version: '2019-02-02'
    status:
      code: 201
      message: Created
    url: !!python/object/new:yarl.URL
      state: !!python/tuple
      - !!python/object/new:urllib.parse.SplitResult
        - https
        - pyacrstorageiqnubxlez5qu.blob.core.windows.net
        - /utcontainerc2121bf3/blobc2121bf3
        - comp=snapshot
        - ''
- request:
    body: null
    headers:
      User-Agent:
      - azsdk-python-storage-blob/12.0.0b5 Python/3.6.3 (Windows-10-10.0.18362-SP0)
      x-ms-date:
      - Fri, 25 Oct 2019 18:37:55 GMT
      x-ms-delete-snapshots:
      - include
      x-ms-version:
      - '2019-02-02'
    method: DELETE
    uri: https://blobstoragename.blob.core.windows.net/utcontainerc2121bf3/blobc2121bf3
  response:
    body:
      string: ''
    headers:
      content-length: '0'
      date: Fri, 25 Oct 2019 18:37:54 GMT
      server: Windows-Azure-Blob/1.0 Microsoft-HTTPAPI/2.0
      x-ms-delete-type-permanent: 'false'
      x-ms-version: '2019-02-02'
    status:
      code: 202
      message: Accepted
    url: !!python/object/new:yarl.URL
      state: !!python/tuple
      - !!python/object/new:urllib.parse.SplitResult
        - https
        - pyacrstorageiqnubxlez5qu.blob.core.windows.net
        - /utcontainerc2121bf3/blobc2121bf3
        - ''
        - ''
- request:
    body: null
    headers:
      Accept:
      - application/xml
      User-Agent:
      - azsdk-python-storage-blob/12.0.0b5 Python/3.6.3 (Windows-10-10.0.18362-SP0)
      x-ms-date:
      - Fri, 25 Oct 2019 18:37:55 GMT
      x-ms-version:
      - '2019-02-02'
    method: GET
    uri: https://blobstoragename.blob.core.windows.net/utcontainerc2121bf3?include=snapshots,deleted&restype=container&comp=list
  response:
    body:
      string: "\uFEFF<?xml version=\"1.0\" encoding=\"utf-8\"?><EnumerationResults
        ServiceEndpoint=\"https://blobstoragename.blob.core.windows.net/\" ContainerName=\"utcontainerc2121bf3\"><Blobs><Blob><Name>blobc2121bf3</Name><Snapshot>2019-10-25T18:37:55.1654130Z</Snapshot><Deleted>true</Deleted><Properties><Creation-Time>Fri,
        25 Oct 2019 18:37:55 GMT</Creation-Time><Last-Modified>Fri, 25 Oct 2019 18:37:55
        GMT</Last-Modified><Etag>0x8D7597A7345D6FA</Etag><Content-Length>1024</Content-Length><Content-Type>application/octet-stream</Content-Type><Content-Encoding
        /><Content-Language /><Content-CRC64 /><Content-MD5>yaNM/IXZgmmMasifdgcavQ==</Content-MD5><Cache-Control
        /><Content-Disposition /><BlobType>BlockBlob</BlobType><AccessTier>Hot</AccessTier><AccessTierInferred>true</AccessTierInferred><ServerEncrypted>true</ServerEncrypted><DeletedTime>Fri,
        25 Oct 2019 18:37:55 GMT</DeletedTime><RemainingRetentionDays>1</RemainingRetentionDays></Properties></Blob><Blob><Name>blobc2121bf3</Name><Snapshot>2019-10-25T18:37:55.2084539Z</Snapshot><Deleted>true</Deleted><Properties><Creation-Time>Fri,
        25 Oct 2019 18:37:55 GMT</Creation-Time><Last-Modified>Fri, 25 Oct 2019 18:37:55
        GMT</Last-Modified><Etag>0x8D7597A7345D6FA</Etag><Content-Length>1024</Content-Length><Content-Type>application/octet-stream</Content-Type><Content-Encoding
        /><Content-Language /><Content-CRC64 /><Content-MD5>yaNM/IXZgmmMasifdgcavQ==</Content-MD5><Cache-Control
        /><Content-Disposition /><BlobType>BlockBlob</BlobType><AccessTier>Hot</AccessTier><AccessTierInferred>true</AccessTierInferred><ServerEncrypted>true</ServerEncrypted><DeletedTime>Fri,
        25 Oct 2019 18:37:55 GMT</DeletedTime><RemainingRetentionDays>1</RemainingRetentionDays></Properties></Blob><Blob><Name>blobc2121bf3</Name><Deleted>true</Deleted><Properties><Creation-Time>Fri,
        25 Oct 2019 18:37:55 GMT</Creation-Time><Last-Modified>Fri, 25 Oct 2019 18:37:55
        GMT</Last-Modified><Etag>0x8D7597A7345D6FA</Etag><Content-Length>1024</Content-Length><Content-Type>application/octet-stream</Content-Type><Content-Encoding
        /><Content-Language /><Content-CRC64 /><Content-MD5>yaNM/IXZgmmMasifdgcavQ==</Content-MD5><Cache-Control
        /><Content-Disposition /><BlobType>BlockBlob</BlobType><AccessTier>Hot</AccessTier><AccessTierInferred>true</AccessTierInferred><LeaseStatus
        /><ServerEncrypted>true</ServerEncrypted><DeletedTime>Fri, 25 Oct 2019 18:37:55
        GMT</DeletedTime><RemainingRetentionDays>1</RemainingRetentionDays></Properties></Blob></Blobs><NextMarker
        /></EnumerationResults>"
    headers:
      content-type: application/xml
      date: Fri, 25 Oct 2019 18:37:54 GMT
      server: Windows-Azure-Blob/1.0 Microsoft-HTTPAPI/2.0
      transfer-encoding: chunked
      x-ms-version: '2019-02-02'
    status:
      code: 200
      message: OK
    url: !!python/object/new:yarl.URL
      state: !!python/tuple
      - !!python/object/new:urllib.parse.SplitResult
        - https
        - pyacrstorageiqnubxlez5qu.blob.core.windows.net
        - /utcontainerc2121bf3
        - include=snapshots,deleted&restype=container&comp=list
        - ''
- request:
    body: null
    headers:
      Accept:
      - application/xml
      User-Agent:
      - azsdk-python-storage-blob/12.0.0b5 Python/3.6.3 (Windows-10-10.0.18362-SP0)
      x-ms-date:
      - Fri, 25 Oct 2019 18:37:55 GMT
      x-ms-version:
      - '2019-02-02'
    method: GET
    uri: https://blobstoragename.blob.core.windows.net/utcontainerc2121bf3?include=snapshots&restype=container&comp=list
  response:
    body:
      string: "\uFEFF<?xml version=\"1.0\" encoding=\"utf-8\"?><EnumerationResults
        ServiceEndpoint=\"https://blobstoragename.blob.core.windows.net/\" ContainerName=\"utcontainerc2121bf3\"><Blobs
        /><NextMarker /></EnumerationResults>"
    headers:
      content-type: application/xml
      date: Fri, 25 Oct 2019 18:37:55 GMT
      server: Windows-Azure-Blob/1.0 Microsoft-HTTPAPI/2.0
      transfer-encoding: chunked
      x-ms-version: '2019-02-02'
    status:
      code: 200
      message: OK
    url: !!python/object/new:yarl.URL
      state: !!python/tuple
      - !!python/object/new:urllib.parse.SplitResult
        - https
        - pyacrstorageiqnubxlez5qu.blob.core.windows.net
        - /utcontainerc2121bf3
        - include=snapshots&restype=container&comp=list
        - ''
- request:
    body: null
    headers:
      User-Agent:
      - azsdk-python-storage-blob/12.0.0b5 Python/3.6.3 (Windows-10-10.0.18362-SP0)
      x-ms-date:
      - Fri, 25 Oct 2019 18:37:55 GMT
      x-ms-version:
      - '2019-02-02'
    method: PUT
    uri: https://blobstoragename.blob.core.windows.net/utcontainerc2121bf3/blobc2121bf3?comp=undelete
  response:
    body:
      string: ''
    headers:
      content-length: '0'
      date: Fri, 25 Oct 2019 18:37:55 GMT
      server: Windows-Azure-Blob/1.0 Microsoft-HTTPAPI/2.0
      x-ms-version: '2019-02-02'
    status:
      code: 200
      message: OK
    url: !!python/object/new:yarl.URL
      state: !!python/tuple
      - !!python/object/new:urllib.parse.SplitResult
        - https
        - pyacrstorageiqnubxlez5qu.blob.core.windows.net
        - /utcontainerc2121bf3/blobc2121bf3
        - comp=undelete
        - ''
- request:
    body: null
    headers:
      Accept:
      - application/xml
      User-Agent:
      - azsdk-python-storage-blob/12.0.0b5 Python/3.6.3 (Windows-10-10.0.18362-SP0)
      x-ms-date:
      - Fri, 25 Oct 2019 18:37:55 GMT
      x-ms-version:
      - '2019-02-02'
    method: GET
    uri: https://blobstoragename.blob.core.windows.net/utcontainerc2121bf3?include=snapshots,deleted&restype=container&comp=list
  response:
    body:
      string: "\uFEFF<?xml version=\"1.0\" encoding=\"utf-8\"?><EnumerationResults
        ServiceEndpoint=\"https://blobstoragename.blob.core.windows.net/\" ContainerName=\"utcontainerc2121bf3\"><Blobs><Blob><Name>blobc2121bf3</Name><Snapshot>2019-10-25T18:37:55.1654130Z</Snapshot><Properties><Creation-Time>Fri,
        25 Oct 2019 18:37:55 GMT</Creation-Time><Last-Modified>Fri, 25 Oct 2019 18:37:55
        GMT</Last-Modified><Etag>0x8D7597A7345D6FA</Etag><Content-Length>1024</Content-Length><Content-Type>application/octet-stream</Content-Type><Content-Encoding
        /><Content-Language /><Content-CRC64 /><Content-MD5>yaNM/IXZgmmMasifdgcavQ==</Content-MD5><Cache-Control
        /><Content-Disposition /><BlobType>BlockBlob</BlobType><AccessTier>Hot</AccessTier><AccessTierInferred>true</AccessTierInferred><ServerEncrypted>true</ServerEncrypted></Properties></Blob><Blob><Name>blobc2121bf3</Name><Snapshot>2019-10-25T18:37:55.2084539Z</Snapshot><Properties><Creation-Time>Fri,
        25 Oct 2019 18:37:55 GMT</Creation-Time><Last-Modified>Fri, 25 Oct 2019 18:37:55
        GMT</Last-Modified><Etag>0x8D7597A7345D6FA</Etag><Content-Length>1024</Content-Length><Content-Type>application/octet-stream</Content-Type><Content-Encoding
        /><Content-Language /><Content-CRC64 /><Content-MD5>yaNM/IXZgmmMasifdgcavQ==</Content-MD5><Cache-Control
        /><Content-Disposition /><BlobType>BlockBlob</BlobType><AccessTier>Hot</AccessTier><AccessTierInferred>true</AccessTierInferred><ServerEncrypted>true</ServerEncrypted></Properties></Blob><Blob><Name>blobc2121bf3</Name><Properties><Creation-Time>Fri,
        25 Oct 2019 18:37:55 GMT</Creation-Time><Last-Modified>Fri, 25 Oct 2019 18:37:55
        GMT</Last-Modified><Etag>0x8D7597A7345D6FA</Etag><Content-Length>1024</Content-Length><Content-Type>application/octet-stream</Content-Type><Content-Encoding
        /><Content-Language /><Content-CRC64 /><Content-MD5>yaNM/IXZgmmMasifdgcavQ==</Content-MD5><Cache-Control
        /><Content-Disposition /><BlobType>BlockBlob</BlobType><AccessTier>Hot</AccessTier><AccessTierInferred>true</AccessTierInferred><LeaseStatus>unlocked</LeaseStatus><LeaseState>available</LeaseState><ServerEncrypted>true</ServerEncrypted></Properties></Blob></Blobs><NextMarker
        /></EnumerationResults>"
    headers:
      content-type: application/xml
      date: Fri, 25 Oct 2019 18:37:55 GMT
      server: Windows-Azure-Blob/1.0 Microsoft-HTTPAPI/2.0
      transfer-encoding: chunked
      x-ms-version: '2019-02-02'
    status:
      code: 200
      message: OK
    url: !!python/object/new:yarl.URL
      state: !!python/tuple
      - !!python/object/new:urllib.parse.SplitResult
        - https
        - pyacrstorageiqnubxlez5qu.blob.core.windows.net
        - /utcontainerc2121bf3
        - include=snapshots,deleted&restype=container&comp=list
        - ''
- request:
    body: '<?xml version=''1.0'' encoding=''utf-8''?>

      <StorageServiceProperties><DeleteRetentionPolicy><Enabled>false</Enabled></DeleteRetentionPolicy></StorageServiceProperties>'
    headers:
      Content-Length:
      - '163'
      Content-Type:
      - application/xml; charset=utf-8
      User-Agent:
      - azsdk-python-storage-blob/12.0.0b5 Python/3.6.3 (Windows-10-10.0.18362-SP0)
      x-ms-date:
      - Fri, 25 Oct 2019 18:37:55 GMT
      x-ms-version:
      - '2019-02-02'
    method: PUT
    uri: https://blobstoragename.blob.core.windows.net/?restype=service&comp=properties
  response:
    body:
      string: ''
    headers:
      content-length: '0'
      date: Fri, 25 Oct 2019 18:37:55 GMT
      server: Windows-Azure-Blob/1.0 Microsoft-HTTPAPI/2.0
      x-ms-version: '2019-02-02'
    status:
      code: 202
      message: Accepted
    url: !!python/object/new:yarl.URL
      state: !!python/tuple
      - !!python/object/new:urllib.parse.SplitResult
        - https
        - pyacrstorageiqnubxlez5qu.blob.core.windows.net
        - /
        - restype=service&comp=properties
        - ''
version: 1
