interactions:
- request:
    body: null
    headers:
      Accept:
      - '*/*'
      Accept-Encoding:
      - gzip, deflate
      Connection:
      - keep-alive
      Content-Length:
      - '0'
      User-Agent:
      - azsdk-python-storage-blob/12.0.0b2 Python/3.7.3 (Windows-10-10.0.17763-SP0)
      x-ms-date:
      - Thu, 29 Aug 2019 08:52:48 GMT
      x-ms-version:
      - '2019-02-02'
    method: PUT
    uri: https://pyacrstoragebbff0c0b.blob.core.windows.net/utcontainerbbff0c0b?restype=container
  response:
    body:
      string: ''
    headers:
      content-length:
      - '0'
      date:
      - Thu, 29 Aug 2019 08:52:47 GMT
      etag:
      - '"0x8D72C5E44457B6B"'
      last-modified:
      - Thu, 29 Aug 2019 08:52:48 GMT
      server:
      - Windows-Azure-Blob/1.0 Microsoft-HTTPAPI/2.0
      x-ms-version:
      - '2019-02-02'
    status:
      code: 201
      message: Created
- request:
    body: null
    headers:
      Accept:
      - '*/*'
      Accept-Encoding:
      - gzip, deflate
      Connection:
      - keep-alive
      Content-Length:
      - '0'
      User-Agent:
      - azsdk-python-storage-blob/12.0.0b2 Python/3.7.3 (Windows-10-10.0.17763-SP0)
      x-ms-blob-content-length:
      - '512'
      x-ms-blob-type:
      - PageBlob
      x-ms-date:
      - Thu, 29 Aug 2019 08:52:49 GMT
      x-ms-version:
      - '2019-02-02'
    method: PUT
    uri: https://pyacrstoragebbff0c0b.blob.core.windows.net/utcontainerbbff0c0b/blobbbff0c0b
  response:
    body:
      string: ''
    headers:
      content-length:
      - '0'
      date:
      - Thu, 29 Aug 2019 08:52:47 GMT
      etag:
      - '"0x8D72C5E44537961"'
      last-modified:
      - Thu, 29 Aug 2019 08:52:48 GMT
      server:
      - Windows-Azure-Blob/1.0 Microsoft-HTTPAPI/2.0
      x-ms-request-server-encrypted:
      - 'true'
      x-ms-version:
      - '2019-02-02'
    status:
      code: 201
      message: Created
- request:
    body: null
    headers:
      Accept:
      - '*/*'
      Accept-Encoding:
      - gzip, deflate
      Connection:
      - keep-alive
      Content-Length:
      - '0'
      User-Agent:
      - azsdk-python-storage-blob/12.0.0b2 Python/3.7.3 (Windows-10-10.0.17763-SP0)
      x-ms-date:
      - Thu, 29 Aug 2019 08:52:49 GMT
      x-ms-page-write:
      - clear
      x-ms-range:
      - bytes=0-511
      x-ms-version:
      - '2019-02-02'
    method: PUT
    uri: https://pyacrstoragebbff0c0b.blob.core.windows.net/utcontainerbbff0c0b/blobbbff0c0b?comp=page
  response:
    body:
      string: ''
    headers:
      content-length:
      - '0'
      date:
      - Thu, 29 Aug 2019 08:52:47 GMT
      etag:
      - '"0x8D72C5E445F6268"'
      last-modified:
      - Thu, 29 Aug 2019 08:52:48 GMT
      server:
      - Windows-Azure-Blob/1.0 Microsoft-HTTPAPI/2.0
      x-ms-blob-sequence-number:
      - '0'
      x-ms-version:
      - '2019-02-02'
    status:
      code: 201
      message: Created
version: 1
