interactions:
- request:
    body: null
    headers:
      User-Agent:
      - azsdk-python-storage-blob/12.0.0b5 Python/3.6.3 (Windows-10-10.0.18362-SP0)
      x-ms-date:
      - Fri, 25 Oct 2019 18:45:44 GMT
      x-ms-version:
      - '2019-02-02'
    method: PUT
    uri: https://blobstoragename.blob.core.windows.net/utcontainere9d01897?restype=container
  response:
    body:
      string: ''
    headers:
      content-length: '0'
      date: Fri, 25 Oct 2019 18:45:43 GMT
      etag: '"0x8D7597B8ABAA54A"'
      last-modified: Fri, 25 Oct 2019 18:45:43 GMT
      server: Windows-Azure-Blob/1.0 Microsoft-HTTPAPI/2.0
      x-ms-version: '2019-02-02'
    status:
      code: 201
      message: Created
    url: !!python/object/new:yarl.URL
      state: !!python/tuple
      - !!python/object/new:urllib.parse.SplitResult
        - https
        - pyacrstorageinrrev5kxink.blob.core.windows.net
        - /utcontainere9d01897
        - restype=container
        - ''
- request:
    body: hello world
    headers:
      Content-Length:
      - '11'
      Content-Type:
      - application/octet-stream
      If-None-Match:
      - '*'
      User-Agent:
      - azsdk-python-storage-blob/12.0.0b5 Python/3.6.3 (Windows-10-10.0.18362-SP0)
      x-ms-blob-type:
      - BlockBlob
      x-ms-date:
      - Fri, 25 Oct 2019 18:45:44 GMT
      x-ms-version:
      - '2019-02-02'
    method: PUT
    uri: https://blobstoragename.blob.core.windows.net/utcontainere9d01897/blobe9d01897
  response:
    body:
      string: ''
    headers:
      content-length: '0'
      content-md5: XrY7u+Ae7tCTyyK7j1rNww==
      date: Fri, 25 Oct 2019 18:45:43 GMT
      etag: '"0x8D7597B8AC29B3A"'
      last-modified: Fri, 25 Oct 2019 18:45:44 GMT
      server: Windows-Azure-Blob/1.0 Microsoft-HTTPAPI/2.0
      x-ms-content-crc64: vo7q9sPVKY0=
      x-ms-request-server-encrypted: 'true'
      x-ms-version: '2019-02-02'
    status:
      code: 201
      message: Created
    url: !!python/object/new:yarl.URL
      state: !!python/tuple
      - !!python/object/new:urllib.parse.SplitResult
        - https
        - pyacrstorageinrrev5kxink.blob.core.windows.net
        - /utcontainere9d01897/blobe9d01897
        - ''
        - ''
- request:
    body: null
    headers:
      User-Agent:
      - azsdk-python-storage-blob/12.0.0b5 Python/3.6.3 (Windows-10-10.0.18362-SP0)
      x-ms-date:
      - Fri, 25 Oct 2019 18:45:44 GMT
      x-ms-version:
      - '2019-02-02'
    method: HEAD
    uri: https://blobstoragename.blob.core.windows.net/utcontainere9d01897/blobe9d01897
  response:
    body:
      string: ''
    headers:
      accept-ranges: bytes
      content-length: '11'
      content-md5: XrY7u+Ae7tCTyyK7j1rNww==
      content-type: application/octet-stream
      date: Fri, 25 Oct 2019 18:45:43 GMT
      etag: '"0x8D7597B8AC29B3A"'
      last-modified: Fri, 25 Oct 2019 18:45:44 GMT
      server: Windows-Azure-Blob/1.0 Microsoft-HTTPAPI/2.0
      x-ms-access-tier: Hot
      x-ms-access-tier-inferred: 'true'
      x-ms-blob-type: BlockBlob
      x-ms-creation-time: Fri, 25 Oct 2019 18:45:44 GMT
      x-ms-lease-state: available
      x-ms-lease-status: unlocked
      x-ms-server-encrypted: 'true'
      x-ms-version: '2019-02-02'
    status:
      code: 200
      message: OK
    url: !!python/object/new:yarl.URL
      state: !!python/tuple
      - !!python/object/new:urllib.parse.SplitResult
        - https
        - pyacrstorageinrrev5kxink.blob.core.windows.net
        - /utcontainere9d01897/blobe9d01897
        - ''
        - ''
- request:
    body: null
    headers:
      Accept:
      - application/xml
      User-Agent:
      - azsdk-python-storage-blob/12.0.0b5 Python/3.6.3 (Windows-10-10.0.18362-SP0)
      x-ms-date:
      - Fri, 25 Oct 2019 18:45:44 GMT
      x-ms-range:
      - bytes=0-33554431
      x-ms-version:
      - '2019-02-02'
    method: GET
    uri: https://blobstoragename.blob.core.windows.net/utcontainere9d01897/blobe9d01897
  response:
    body:
      string: hello world
    headers:
      accept-ranges: bytes
      content-length: '11'
      content-range: bytes 0-10/11
      content-type: application/octet-stream
      date: Fri, 25 Oct 2019 18:45:44 GMT
      etag: '"0x8D7597B8AC29B3A"'
      last-modified: Fri, 25 Oct 2019 18:45:44 GMT
      server: Windows-Azure-Blob/1.0 Microsoft-HTTPAPI/2.0
      x-ms-blob-content-md5: XrY7u+Ae7tCTyyK7j1rNww==
      x-ms-blob-type: BlockBlob
      x-ms-creation-time: Fri, 25 Oct 2019 18:45:44 GMT
      x-ms-lease-state: available
      x-ms-lease-status: unlocked
      x-ms-server-encrypted: 'true'
      x-ms-version: '2019-02-02'
    status:
      code: 206
      message: Partial Content
    url: !!python/object/new:yarl.URL
      state: !!python/tuple
      - !!python/object/new:urllib.parse.SplitResult
        - https
        - pyacrstorageinrrev5kxink.blob.core.windows.net
        - /utcontainere9d01897/blobe9d01897
        - ''
        - ''
version: 1
