{
  "Entries": [
    {
      "RequestUri": "https://storagename.blob.core.windows.net/acontainer4e582f1d?restype=container",
      "RequestMethod": "PUT",
      "RequestHeaders": {
        "Accept": "application/xml",
        "Accept-Encoding": "gzip, deflate",
        "Content-Length": "0",
        "User-Agent": "azsdk-python-storage-blob/12.14.0b2 Python/3.10.2 (Windows-10-10.0.19044-SP0)",
        "x-ms-date": "Fri, 26 Aug 2022 20:16:45 GMT",
        "x-ms-version": "2021-12-02"
      },
      "RequestBody": null,
      "StatusCode": 201,
      "ResponseHeaders": {
        "Date": "Fri, 26 Aug 2022 20:16:45 GMT",
        "ETag": "\u00220x8DA879FE68002E9\u0022",
        "Last-Modified": "Fri, 26 Aug 2022 20:16:46 GMT",
        "Transfer-Encoding": "chunked",
        "x-ms-version": "2021-12-02"
      },
      "ResponseBody": null
    },
    {
      "RequestUri": "https://storagename.blob.core.windows.net/acontainer4e582f1d/blob1",
      "RequestMethod": "PUT",
      "RequestHeaders": {
        "Accept": "application/xml",
        "Accept-Encoding": "gzip, deflate",
        "Content-Length": "11",
        "Content-Type": "application/octet-stream",
        "If-None-Match": "*",
        "User-Agent": "azsdk-python-storage-blob/12.14.0b2 Python/3.10.2 (Windows-10-10.0.19044-SP0)",
        "x-ms-access-tier": "Cold",
        "x-ms-blob-type": "BlockBlob",
        "x-ms-date": "Fri, 26 Aug 2022 20:16:47 GMT",
        "x-ms-version": "2021-12-02"
      },
      "RequestBody": "aGVsbG8gd29ybGQ=",
      "StatusCode": 201,
      "ResponseHeaders": {
        "Content-MD5": "XrY7u\u002BAe7tCTyyK7j1rNww==",
        "Date": "Fri, 26 Aug 2022 20:16:45 GMT",
        "ETag": "\u00220x8DA879FE68FD557\u0022",
        "Last-Modified": "Fri, 26 Aug 2022 20:16:46 GMT",
        "Transfer-Encoding": "chunked",
        "x-ms-content-crc64": "vo7q9sPVKY0=",
        "x-ms-request-server-encrypted": "true",
        "x-ms-version": "2021-12-02"
      },
      "ResponseBody": null
    },
    {
      "RequestUri": "https://storagename.blob.core.windows.net/acontainer4e582f1d?restype=container\u0026comp=list",
      "RequestMethod": "GET",
      "RequestHeaders": {
        "Accept": "application/xml",
        "Accept-Encoding": "gzip, deflate",
        "User-Agent": "azsdk-python-storage-blob/12.14.0b2 Python/3.10.2 (Windows-10-10.0.19044-SP0)",
        "x-ms-date": "Fri, 26 Aug 2022 20:16:47 GMT",
        "x-ms-version": "2021-12-02"
      },
      "RequestBody": null,
      "StatusCode": 200,
      "ResponseHeaders": {
        "Content-Type": "application/xml",
        "Date": "Fri, 26 Aug 2022 20:16:45 GMT",
        "Transfer-Encoding": "chunked",
        "x-ms-version": "2021-12-02"
      },
      "ResponseBody": "\uFEFF\u003C?xml version=\u00221.0\u0022 encoding=\u0022utf-8\u0022?\u003E\u003CEnumerationResults ServiceEndpoint=\u0022https://storagename.blob.preprod.core.windows.net/\u0022 ContainerName=\u0022acontainer4e582f1d\u0022\u003E\u003CBlobs\u003E\u003CBlob\u003E\u003CName\u003Eblob1\u003C/Name\u003E\u003CProperties\u003E\u003CCreation-Time\u003EFri, 26 Aug 2022 20:16:46 GMT\u003C/Creation-Time\u003E\u003CLast-Modified\u003EFri, 26 Aug 2022 20:16:46 GMT\u003C/Last-Modified\u003E\u003CEtag\u003E0x8DA879FE68FD557\u003C/Etag\u003E\u003CContent-Length\u003E11\u003C/Content-Length\u003E\u003CContent-Type\u003Eapplication/octet-stream\u003C/Content-Type\u003E\u003CContent-Encoding /\u003E\u003CContent-Language /\u003E\u003CContent-CRC64 /\u003E\u003CContent-MD5\u003EXrY7u\u002BAe7tCTyyK7j1rNww==\u003C/Content-MD5\u003E\u003CCache-Control /\u003E\u003CContent-Disposition /\u003E\u003CBlobType\u003EBlockBlob\u003C/BlobType\u003E\u003CAccessTier\u003ECold\u003C/AccessTier\u003E\u003CAccessTierChangeTime\u003EFri, 26 Aug 2022 20:16:46 GMT\u003C/AccessTierChangeTime\u003E\u003CLeaseStatus\u003Eunlocked\u003C/LeaseStatus\u003E\u003CLeaseState\u003Eavailable\u003C/LeaseState\u003E\u003CServerEncrypted\u003Etrue\u003C/ServerEncrypted\u003E\u003C/Properties\u003E\u003COrMetadata /\u003E\u003C/Blob\u003E\u003C/Blobs\u003E\u003CNextMarker /\u003E\u003C/EnumerationResults\u003E"
    }
  ],
  "Variables": {}
}
