interactions:
- request:
    body: null
    headers:
      User-Agent:
      - azsdk-python-storage-blob/12.0.0b4 Python/3.7.3 (Windows-10-10.0.17763-SP0)
      x-ms-date:
      - Fri, 11 Oct 2019 01:23:26 GMT
      x-ms-version:
      - '2019-02-02'
    method: PUT
    uri: https://pyacrstorage8c781e81.blob.core.windows.net/utcontainer8c781e81?restype=container
  response:
    body:
      string: ''
    headers:
      content-length: '0'
      date: Fri, 11 Oct 2019 01:23:26 GMT
      etag: '"0x8D74DE99E0AD496"'
      last-modified: Fri, 11 Oct 2019 01:23:27 GMT
      server: Windows-Azure-Blob/1.0 Microsoft-HTTPAPI/2.0
      x-ms-version: '2019-02-02'
    status:
      code: 201
      message: Created
    url: !!python/object/new:yarl.URL
      state: !!python/tuple
      - !!python/object/new:urllib.parse.SplitResult
        - https
        - pyacrstorage8c781e81.blob.core.windows.net
        - /utcontainer8c781e81
        - restype=container
        - ''
- request:
    body: hello world
    headers:
      Content-Length:
      - '11'
      Content-Type:
      - application/octet-stream
      If-None-Match:
      - '*'
      User-Agent:
      - azsdk-python-storage-blob/12.0.0b4 Python/3.7.3 (Windows-10-10.0.17763-SP0)
      x-ms-blob-type:
      - BlockBlob
      x-ms-date:
      - Fri, 11 Oct 2019 01:23:27 GMT
      x-ms-version:
      - '2019-02-02'
    method: PUT
    uri: https://pyacrstorage8c781e81.blob.core.windows.net/utcontainer8c781e81/blob1
  response:
    body:
      string: ''
    headers:
      content-length: '0'
      content-md5: XrY7u+Ae7tCTyyK7j1rNww==
      date: Fri, 11 Oct 2019 01:23:26 GMT
      etag: '"0x8D74DE99E12F22A"'
      last-modified: Fri, 11 Oct 2019 01:23:27 GMT
      server: Windows-Azure-Blob/1.0 Microsoft-HTTPAPI/2.0
      x-ms-content-crc64: vo7q9sPVKY0=
      x-ms-request-server-encrypted: 'true'
      x-ms-version: '2019-02-02'
    status:
      code: 201
      message: Created
    url: !!python/object/new:yarl.URL
      state: !!python/tuple
      - !!python/object/new:urllib.parse.SplitResult
        - https
        - pyacrstorage8c781e81.blob.core.windows.net
        - /utcontainer8c781e81/blob1
        - ''
        - ''
- request:
    body: null
    headers:
      If-Match:
      - '0x111111111111111'
      User-Agent:
      - azsdk-python-storage-blob/12.0.0b4 Python/3.7.3 (Windows-10-10.0.17763-SP0)
      x-ms-date:
      - Fri, 11 Oct 2019 01:23:27 GMT
      x-ms-version:
      - '2019-02-02'
    method: HEAD
    uri: https://pyacrstorage8c781e81.blob.core.windows.net/utcontainer8c781e81/blob1
  response:
    body:
      string: ''
    headers:
      date: Fri, 11 Oct 2019 01:23:26 GMT
      server: Windows-Azure-Blob/1.0 Microsoft-HTTPAPI/2.0
      transfer-encoding: chunked
      x-ms-error-code: ConditionNotMet
      x-ms-version: '2019-02-02'
    status:
      code: 412
      message: The condition specified using HTTP conditional header(s) is not met.
    url: !!python/object/new:yarl.URL
      state: !!python/tuple
      - !!python/object/new:urllib.parse.SplitResult
        - https
        - pyacrstorage8c781e81.blob.core.windows.net
        - /utcontainer8c781e81/blob1
        - ''
        - ''
version: 1
