{
  "Entries": [
    {
      "RequestUri": "https://storagename.blob.core.windows.net/container47c02f0e?restype=container",
      "RequestMethod": "PUT",
      "RequestHeaders": {
        "Accept": "application/xml",
        "Accept-Encoding": "gzip, deflate",
        "Connection": "keep-alive",
        "Content-Length": "0",
        "User-Agent": "azsdk-python-storage-blob/12.14.0b1 Python/3.10.2 (Windows-10-10.0.19044-SP0)",
        "x-ms-date": "Tue, 02 Aug 2022 23:15:16 GMT",
        "x-ms-version": "2021-08-06"
      },
      "RequestBody": null,
      "StatusCode": 201,
      "ResponseHeaders": {
        "Content-Length": "0",
        "Date": "Tue, 02 Aug 2022 23:15:16 GMT",
        "ETag": "\u00220x8DA74DCDC5586FE\u0022",
        "Last-Modified": "Tue, 02 Aug 2022 23:15:16 GMT",
        "Server": [
          "Windows-Azure-Blob/1.0",
          "Microsoft-HTTPAPI/2.0"
        ],
        "x-ms-version": "2021-08-06"
      },
      "ResponseBody": null
    },
    {
      "RequestUri": "https://storagename.blob.core.windows.net/container47c02f0e?comp=lease\u0026restype=container",
      "RequestMethod": "PUT",
      "RequestHeaders": {
        "Accept": "application/xml",
        "Accept-Encoding": "gzip, deflate",
        "Connection": "keep-alive",
        "Content-Length": "0",
        "User-Agent": "azsdk-python-storage-blob/12.14.0b1 Python/3.10.2 (Windows-10-10.0.19044-SP0)",
        "x-ms-date": "Tue, 02 Aug 2022 23:15:16 GMT",
        "x-ms-lease-action": "acquire",
        "x-ms-lease-duration": "-1",
        "x-ms-proposed-lease-id": "00000000-1111-2222-3333-444444444444",
        "x-ms-version": "2021-08-06"
      },
      "RequestBody": null,
      "StatusCode": 201,
      "ResponseHeaders": {
        "Content-Length": "0",
        "Date": "Tue, 02 Aug 2022 23:15:16 GMT",
        "ETag": "\u00220x8DA74DCDC5586FE\u0022",
        "Last-Modified": "Tue, 02 Aug 2022 23:15:16 GMT",
        "Server": [
          "Windows-Azure-Blob/1.0",
          "Microsoft-HTTPAPI/2.0"
        ],
        "x-ms-lease-id": "00000000-1111-2222-3333-444444444444",
        "x-ms-version": "2021-08-06"
      },
      "ResponseBody": null
    },
    {
      "RequestUri": "https://storagename.blob.core.windows.net/container47c02f0e?restype=container\u0026comp=acl",
      "RequestMethod": "PUT",
      "RequestHeaders": {
        "Accept": "application/xml",
        "Accept-Encoding": "gzip, deflate",
        "Connection": "keep-alive",
        "Content-Length": "257",
        "Content-Type": "application/xml",
        "User-Agent": "azsdk-python-storage-blob/12.14.0b1 Python/3.10.2 (Windows-10-10.0.19044-SP0)",
        "x-ms-date": "Tue, 02 Aug 2022 23:15:16 GMT",
        "x-ms-lease-id": "00000000-1111-2222-3333-444444444444",
        "x-ms-version": "2021-08-06"
      },
      "RequestBody": [
        "\u003C?xml version=\u00271.0\u0027 encoding=\u0027utf-8\u0027?\u003E\n",
        "\u003CSignedIdentifiers\u003E\u003CSignedIdentifier\u003E\u003CId\u003Etestid\u003C/Id\u003E\u003CAccessPolicy\u003E\u003CStart\u003E2022-08-02T23:15:16Z\u003C/Start\u003E\u003CExpiry\u003E2022-08-03T00:15:16Z\u003C/Expiry\u003E\u003CPermission\u003Er\u003C/Permission\u003E\u003C/AccessPolicy\u003E\u003C/SignedIdentifier\u003E\u003C/SignedIdentifiers\u003E"
      ],
      "StatusCode": 200,
      "ResponseHeaders": {
        "Content-Length": "0",
        "Date": "Tue, 02 Aug 2022 23:15:16 GMT",
        "ETag": "\u00220x8DA74DCDC752D71\u0022",
        "Last-Modified": "Tue, 02 Aug 2022 23:15:16 GMT",
        "Server": [
          "Windows-Azure-Blob/1.0",
          "Microsoft-HTTPAPI/2.0"
        ],
        "x-ms-version": "2021-08-06"
      },
      "ResponseBody": null
    },
    {
      "RequestUri": "https://storagename.blob.core.windows.net/container47c02f0e?restype=container\u0026comp=acl",
      "RequestMethod": "GET",
      "RequestHeaders": {
        "Accept": "application/xml",
        "Accept-Encoding": "gzip, deflate",
        "Connection": "keep-alive",
        "User-Agent": "azsdk-python-storage-blob/12.14.0b1 Python/3.10.2 (Windows-10-10.0.19044-SP0)",
        "x-ms-date": "Tue, 02 Aug 2022 23:15:16 GMT",
        "x-ms-version": "2021-08-06"
      },
      "RequestBody": null,
      "StatusCode": 200,
      "ResponseHeaders": {
        "Content-Type": "application/xml",
        "Date": "Tue, 02 Aug 2022 23:15:16 GMT",
        "ETag": "\u00220x8DA74DCDC752D71\u0022",
        "Last-Modified": "Tue, 02 Aug 2022 23:15:16 GMT",
        "Server": [
          "Windows-Azure-Blob/1.0",
          "Microsoft-HTTPAPI/2.0"
        ],
        "Transfer-Encoding": "chunked",
        "Vary": "Origin",
        "x-ms-version": "2021-08-06"
      },
      "ResponseBody": "\uFEFF\u003C?xml version=\u00221.0\u0022 encoding=\u0022utf-8\u0022?\u003E\u003CSignedIdentifiers\u003E\u003CSignedIdentifier\u003E\u003CId\u003Etestid\u003C/Id\u003E\u003CAccessPolicy\u003E\u003CStart\u003E2022-08-02T23:15:16.0000000Z\u003C/Start\u003E\u003CExpiry\u003E2022-08-03T00:15:16.0000000Z\u003C/Expiry\u003E\u003CPermission\u003Er\u003C/Permission\u003E\u003C/AccessPolicy\u003E\u003C/SignedIdentifier\u003E\u003C/SignedIdentifiers\u003E"
    }
  ],
  "Variables": {
    "expiry_time": "2022-08-03T00:15:16.170442",
    "start_time": "2022-08-02T23:15:16.170442"
  }
}
