interactions:
- request:
    body: null
    headers:
      Accept:
      - '*/*'
      Accept-Encoding:
      - gzip, deflate
      Connection:
      - keep-alive
      Content-Length:
      - '0'
      User-Agent:
      - azsdk-python-storage-blob/12.1.0 Python/3.7.3 (Windows-10-10.0.18362-SP0)
      x-ms-date:
      - Wed, 18 Dec 2019 07:04:06 GMT
      x-ms-version:
      - '2019-07-07'
    method: PUT
    uri: https://storagename.blob.core.windows.net/utcontainera52e0b5a?restype=container
  response:
    body:
      string: ''
    headers:
      content-length:
      - '0'
      date:
      - Wed, 18 Dec 2019 07:04:06 GMT
      etag:
      - '"0x8D78388793013A2"'
      last-modified:
      - Wed, 18 Dec 2019 07:04:06 GMT
      server:
      - Windows-Azure-Blob/1.0 Microsoft-HTTPAPI/2.0
      x-ms-version:
      - '2019-07-07'
    status:
      code: 201
      message: Created
- request:
    body: null
    headers:
      Accept:
      - '*/*'
      Accept-Encoding:
      - gzip, deflate
      Connection:
      - keep-alive
      Content-Length:
      - '0'
      User-Agent:
      - azsdk-python-storage-blob/12.1.0 Python/3.7.3 (Windows-10-10.0.18362-SP0)
      x-ms-blob-type:
      - AppendBlob
      x-ms-date:
      - Wed, 18 Dec 2019 07:04:06 GMT
      x-ms-encryption-scope:
      - antjoscope1
      x-ms-version:
      - '2019-07-07'
    method: PUT
    uri: https://storagename.blob.core.windows.net/utcontainera52e0b5a/cpka52e0b5a
  response:
    body:
      string: ''
    headers:
      content-length:
      - '0'
      date:
      - Wed, 18 Dec 2019 07:04:06 GMT
      etag:
      - '"0x8D783887948A300"'
      last-modified:
      - Wed, 18 Dec 2019 07:04:06 GMT
      server:
      - Windows-Azure-Blob/1.0 Microsoft-HTTPAPI/2.0
      x-ms-encryption-scope:
      - antjoscope1
      x-ms-request-server-encrypted:
      - 'true'
      x-ms-version:
      - '2019-07-07'
    status:
      code: 201
      message: Created
- request:
    body: AAA
    headers:
      Accept:
      - '*/*'
      Accept-Encoding:
      - gzip, deflate
      Connection:
      - keep-alive
      Content-Length:
      - '3'
      Content-Type:
      - application/octet-stream
      User-Agent:
      - azsdk-python-storage-blob/12.1.0 Python/3.7.3 (Windows-10-10.0.18362-SP0)
      x-ms-date:
      - Wed, 18 Dec 2019 07:04:07 GMT
      x-ms-encryption-scope:
      - antjoscope1
      x-ms-version:
      - '2019-07-07'
    method: PUT
    uri: https://storagename.blob.core.windows.net/utcontainera52e0b5a/cpka52e0b5a?comp=appendblock
  response:
    body:
      string: ''
    headers:
      content-length:
      - '0'
      date:
      - Wed, 18 Dec 2019 07:04:06 GMT
      etag:
      - '"0x8D78388795DB177"'
      last-modified:
      - Wed, 18 Dec 2019 07:04:07 GMT
      server:
      - Windows-Azure-Blob/1.0 Microsoft-HTTPAPI/2.0
      x-ms-blob-append-offset:
      - '0'
      x-ms-blob-committed-block-count:
      - '1'
      x-ms-content-crc64:
      - Cc/2Kr4DuKg=
      x-ms-encryption-scope:
      - antjoscope1
      x-ms-request-server-encrypted:
      - 'true'
      x-ms-version:
      - '2019-07-07'
    status:
      code: 201
      message: Created
- request:
    body: BBB
    headers:
      Accept:
      - '*/*'
      Accept-Encoding:
      - gzip, deflate
      Connection:
      - keep-alive
      Content-Length:
      - '3'
      Content-Type:
      - application/octet-stream
      User-Agent:
      - azsdk-python-storage-blob/12.1.0 Python/3.7.3 (Windows-10-10.0.18362-SP0)
      x-ms-date:
      - Wed, 18 Dec 2019 07:04:07 GMT
      x-ms-encryption-scope:
      - antjoscope1
      x-ms-version:
      - '2019-07-07'
    method: PUT
    uri: https://storagename.blob.core.windows.net/utcontainera52e0b5a/cpka52e0b5a?comp=appendblock
  response:
    body:
      string: ''
    headers:
      content-length:
      - '0'
      date:
      - Wed, 18 Dec 2019 07:04:07 GMT
      etag:
      - '"0x8D78388797224A2"'
      last-modified:
      - Wed, 18 Dec 2019 07:04:07 GMT
      server:
      - Windows-Azure-Blob/1.0 Microsoft-HTTPAPI/2.0
      x-ms-blob-append-offset:
      - '3'
      x-ms-blob-committed-block-count:
      - '2'
      x-ms-content-crc64:
      - +3yuPEA7IqE=
      x-ms-encryption-scope:
      - antjoscope1
      x-ms-request-server-encrypted:
      - 'true'
      x-ms-version:
      - '2019-07-07'
    status:
      code: 201
      message: Created
- request:
    body: CCC
    headers:
      Accept:
      - '*/*'
      Accept-Encoding:
      - gzip, deflate
      Connection:
      - keep-alive
      Content-Length:
      - '3'
      Content-Type:
      - application/octet-stream
      User-Agent:
      - azsdk-python-storage-blob/12.1.0 Python/3.7.3 (Windows-10-10.0.18362-SP0)
      x-ms-date:
      - Wed, 18 Dec 2019 07:04:07 GMT
      x-ms-encryption-scope:
      - antjoscope1
      x-ms-version:
      - '2019-07-07'
    method: PUT
    uri: https://storagename.blob.core.windows.net/utcontainera52e0b5a/cpka52e0b5a?comp=appendblock
  response:
    body:
      string: ''
    headers:
      content-length:
      - '0'
      date:
      - Wed, 18 Dec 2019 07:04:07 GMT
      etag:
      - '"0x8D78388798730FD"'
      last-modified:
      - Wed, 18 Dec 2019 07:04:07 GMT
      server:
      - Windows-Azure-Blob/1.0 Microsoft-HTTPAPI/2.0
      x-ms-blob-append-offset:
      - '6'
      x-ms-blob-committed-block-count:
      - '3'
      x-ms-content-crc64:
      - VRJmMeosVKY=
      x-ms-encryption-scope:
      - antjoscope1
      x-ms-request-server-encrypted:
      - 'true'
      x-ms-version:
      - '2019-07-07'
    status:
      code: 201
      message: Created
- request:
    body: null
    headers:
      Accept:
      - application/xml
      Accept-Encoding:
      - gzip, deflate
      Connection:
      - keep-alive
      User-Agent:
      - azsdk-python-storage-blob/12.1.0 Python/3.7.3 (Windows-10-10.0.18362-SP0)
      x-ms-date:
      - Wed, 18 Dec 2019 07:04:07 GMT
      x-ms-range:
      - bytes=0-33554431
      x-ms-version:
      - '2019-07-07'
    method: GET
    uri: https://storagename.blob.core.windows.net/utcontainera52e0b5a/cpka52e0b5a
  response:
    body:
      string: AAABBBCCC
    headers:
      accept-ranges:
      - bytes
      content-length:
      - '9'
      content-range:
      - bytes 0-8/9
      content-type:
      - application/octet-stream
      date:
      - Wed, 18 Dec 2019 07:04:07 GMT
      etag:
      - '"0x8D78388798730FD"'
      last-modified:
      - Wed, 18 Dec 2019 07:04:07 GMT
      server:
      - Windows-Azure-Blob/1.0 Microsoft-HTTPAPI/2.0
      vary:
      - Origin
      x-ms-blob-committed-block-count:
      - '3'
      x-ms-blob-type:
      - AppendBlob
      x-ms-creation-time:
      - Wed, 18 Dec 2019 07:04:06 GMT
      x-ms-encryption-scope:
      - antjoscope1
      x-ms-lease-state:
      - available
      x-ms-lease-status:
      - unlocked
      x-ms-server-encrypted:
      - 'true'
      x-ms-version:
      - '2019-07-07'
    status:
      code: 206
      message: Partial Content
- request:
    body: null
    headers:
      Accept:
      - '*/*'
      Accept-Encoding:
      - gzip, deflate
      Connection:
      - keep-alive
      Content-Length:
      - '0'
      User-Agent:
      - azsdk-python-storage-blob/12.1.0 Python/3.7.3 (Windows-10-10.0.18362-SP0)
      x-ms-date:
      - Wed, 18 Dec 2019 07:04:07 GMT
      x-ms-version:
      - '2019-07-07'
    method: DELETE
    uri: https://storagename.blob.core.windows.net/utcontainera52e0b5a?restype=container
  response:
    body:
      string: ''
    headers:
      content-length:
      - '0'
      date:
      - Wed, 18 Dec 2019 07:04:07 GMT
      server:
      - Windows-Azure-Blob/1.0 Microsoft-HTTPAPI/2.0
      x-ms-version:
      - '2019-07-07'
    status:
      code: 202
      message: Accepted
version: 1
