{
  "Entries": [
    {
      "RequestUri": "https://storagename.blob.core.windows.net/utcontainerfc0c302b?restype=container",
      "RequestMethod": "PUT",
      "RequestHeaders": {
        "Accept": "application/xml",
        "Accept-Encoding": "gzip, deflate",
        "Content-Length": "0",
        "User-Agent": "azsdk-python-storage-blob/12.14.0b1 Python/3.10.5 (Windows-10-10.0.22000-SP0)",
        "x-ms-date": "Fri, 22 Jul 2022 01:16:16 GMT",
        "x-ms-version": "2021-08-06"
      },
      "RequestBody": null,
      "StatusCode": 201,
      "ResponseHeaders": {
        "Content-Length": "0",
        "Date": "Fri, 22 Jul 2022 01:16:16 GMT",
        "ETag": "\u00220x8DA6B7FC6F734E3\u0022",
        "Last-Modified": "Fri, 22 Jul 2022 01:16:16 GMT",
        "Server": [
          "Windows-Azure-Blob/1.0",
          "Microsoft-HTTPAPI/2.0"
        ],
        "x-ms-version": "2021-08-06"
      },
      "ResponseBody": null
    },
    {
      "RequestUri": "https://storagename.blob.core.windows.net/utcontainersource1fc0c302b?restype=container",
      "RequestMethod": "PUT",
      "RequestHeaders": {
        "Accept": "application/xml",
        "Accept-Encoding": "gzip, deflate",
        "Content-Length": "0",
        "User-Agent": "azsdk-python-storage-blob/12.14.0b1 Python/3.10.5 (Windows-10-10.0.22000-SP0)",
        "x-ms-date": "Fri, 22 Jul 2022 01:16:16 GMT",
        "x-ms-version": "2021-08-06"
      },
      "RequestBody": null,
      "StatusCode": 201,
      "ResponseHeaders": {
        "Content-Length": "0",
        "Date": "Fri, 22 Jul 2022 01:16:16 GMT",
        "ETag": "\u00220x8DA6B7FC701BAAF\u0022",
        "Last-Modified": "Fri, 22 Jul 2022 01:16:17 GMT",
        "Server": [
          "Windows-Azure-Blob/1.0",
          "Microsoft-HTTPAPI/2.0"
        ],
        "x-ms-version": "2021-08-06"
      },
      "ResponseBody": null
    },
    {
      "RequestUri": "https://storagename.blob.core.windows.net/utcontainerfc0c302b/blob1fc0c302b",
      "RequestMethod": "PUT",
      "RequestHeaders": {
        "Accept": "application/xml",
        "Accept-Encoding": "gzip, deflate",
        "Content-Length": "11",
        "Content-Type": "application/octet-stream",
        "User-Agent": "azsdk-python-storage-blob/12.14.0b1 Python/3.10.5 (Windows-10-10.0.22000-SP0)",
        "x-ms-blob-type": "BlockBlob",
        "x-ms-date": "Fri, 22 Jul 2022 01:16:16 GMT",
        "x-ms-version": "2021-08-06"
      },
      "RequestBody": "aGVsbG8gd29ybGQ=",
      "StatusCode": 201,
      "ResponseHeaders": {
        "Content-Length": "0",
        "Content-MD5": "XrY7u\u002BAe7tCTyyK7j1rNww==",
        "Date": "Fri, 22 Jul 2022 01:16:17 GMT",
        "ETag": "\u00220x8DA6B7FC70C6D76\u0022",
        "Last-Modified": "Fri, 22 Jul 2022 01:16:17 GMT",
        "Server": [
          "Windows-Azure-Blob/1.0",
          "Microsoft-HTTPAPI/2.0"
        ],
        "x-ms-content-crc64": "vo7q9sPVKY0=",
        "x-ms-request-server-encrypted": "true",
        "x-ms-version": "2021-08-06"
      },
      "ResponseBody": null
    },
    {
      "RequestUri": "https://storagename.blob.core.windows.net/utcontainerfc0c302b/blob1fc0c302b",
      "RequestMethod": "HEAD",
      "RequestHeaders": {
        "Accept": "application/xml",
        "Accept-Encoding": "gzip, deflate",
        "User-Agent": "azsdk-python-storage-blob/12.14.0b1 Python/3.10.5 (Windows-10-10.0.22000-SP0)",
        "x-ms-date": "Fri, 22 Jul 2022 01:16:16 GMT",
        "x-ms-version": "2021-08-06"
      },
      "RequestBody": null,
      "StatusCode": 200,
      "ResponseHeaders": {
        "Accept-Ranges": "bytes",
        "Content-Length": "11",
        "Content-MD5": "XrY7u\u002BAe7tCTyyK7j1rNww==",
        "Content-Type": "application/octet-stream",
        "Date": "Fri, 22 Jul 2022 01:16:17 GMT",
        "ETag": "\u00220x8DA6B7FC70C6D76\u0022",
        "Last-Modified": "Fri, 22 Jul 2022 01:16:17 GMT",
        "Server": [
          "Windows-Azure-Blob/1.0",
          "Microsoft-HTTPAPI/2.0"
        ],
        "Vary": "Origin",
        "x-ms-access-tier": "Hot",
        "x-ms-access-tier-inferred": "true",
        "x-ms-blob-type": "BlockBlob",
        "x-ms-creation-time": "Fri, 22 Jul 2022 01:16:17 GMT",
        "x-ms-lease-state": "available",
        "x-ms-lease-status": "unlocked",
        "x-ms-server-encrypted": "true",
        "x-ms-version": "2021-08-06"
      },
      "ResponseBody": null
    },
    {
      "RequestUri": "https://storagename.blob.core.windows.net/utcontainerfc0c302b/blob2fc0c302b",
      "RequestMethod": "PUT",
      "RequestHeaders": {
        "Accept": "application/xml",
        "Accept-Encoding": "gzip, deflate",
        "Content-Length": "26",
        "Content-Type": "application/octet-stream",
        "If-None-Match": "*",
        "User-Agent": "azsdk-python-storage-blob/12.14.0b1 Python/3.10.5 (Windows-10-10.0.22000-SP0)",
        "x-ms-blob-content-md5": "XrY7u\u002BAe7tCTyyK7j1rNww==",
        "x-ms-blob-type": "BlockBlob",
        "x-ms-date": "Fri, 22 Jul 2022 01:16:16 GMT",
        "x-ms-version": "2021-08-06"
      },
      "RequestBody": "aGVsbG8gd29ybGQgdGhpcyB3b250IHdvcms=",
      "StatusCode": 400,
      "ResponseHeaders": {
        "Content-Length": "405",
        "Content-Type": "application/xml",
        "Date": "Fri, 22 Jul 2022 01:16:17 GMT",
        "Server": [
          "Windows-Azure-Blob/1.0",
          "Microsoft-HTTPAPI/2.0"
        ],
        "x-ms-error-code": "Md5Mismatch",
        "x-ms-version": "2021-08-06"
      },
      "ResponseBody": [
        "\uFEFF\u003C?xml version=\u00221.0\u0022 encoding=\u0022utf-8\u0022?\u003E\u003CError\u003E\u003CCode\u003EMd5Mismatch\u003C/Code\u003E\u003CMessage\u003EThe MD5 value specified in the request did not match with the MD5 value calculated by the server.\n",
        "RequestId:933b9682-c01e-003b-0768-9d9f66000000\n",
        "Time:2022-07-22T01:16:17.2623025Z\u003C/Message\u003E\u003CUserSpecifiedMd5\u003EXrY7u\u002BAe7tCTyyK7j1rNww==\u003C/UserSpecifiedMd5\u003E\u003CServerCalculatedMd5\u003EjZ0KWGQraqYHX42NEbH9Vg==\u003C/ServerCalculatedMd5\u003E\u003C/Error\u003E"
      ]
    },
    {
      "RequestUri": "https://storagename.blob.core.windows.net/utcontainerfc0c302b/blob2fc0c302b",
      "RequestMethod": "PUT",
      "RequestHeaders": {
        "Accept": "application/xml",
        "Accept-Encoding": "gzip, deflate",
        "Content-Length": "11",
        "Content-Type": "application/octet-stream",
        "If-None-Match": "*",
        "User-Agent": "azsdk-python-storage-blob/12.14.0b1 Python/3.10.5 (Windows-10-10.0.22000-SP0)",
        "x-ms-blob-content-md5": "XrY7u\u002BAe7tCTyyK7j1rNww==",
        "x-ms-blob-type": "BlockBlob",
        "x-ms-date": "Fri, 22 Jul 2022 01:16:17 GMT",
        "x-ms-version": "2021-08-06"
      },
      "RequestBody": "aGVsbG8gd29ybGQ=",
      "StatusCode": 201,
      "ResponseHeaders": {
        "Content-Length": "0",
        "Content-MD5": "XrY7u\u002BAe7tCTyyK7j1rNww==",
        "Date": "Fri, 22 Jul 2022 01:16:17 GMT",
        "ETag": "\u00220x8DA6B7FC73E72C0\u0022",
        "Last-Modified": "Fri, 22 Jul 2022 01:16:17 GMT",
        "Server": [
          "Windows-Azure-Blob/1.0",
          "Microsoft-HTTPAPI/2.0"
        ],
        "x-ms-content-crc64": "vo7q9sPVKY0=",
        "x-ms-request-server-encrypted": "true",
        "x-ms-version": "2021-08-06"
      },
      "ResponseBody": null
    },
    {
      "RequestUri": "https://storagename.blob.core.windows.net/utcontainerfc0c302b/blob2fc0c302b",
      "RequestMethod": "HEAD",
      "RequestHeaders": {
        "Accept": "application/xml",
        "Accept-Encoding": "gzip, deflate",
        "User-Agent": "azsdk-python-storage-blob/12.14.0b1 Python/3.10.5 (Windows-10-10.0.22000-SP0)",
        "x-ms-date": "Fri, 22 Jul 2022 01:16:17 GMT",
        "x-ms-version": "2021-08-06"
      },
      "RequestBody": null,
      "StatusCode": 200,
      "ResponseHeaders": {
        "Accept-Ranges": "bytes",
        "Content-Length": "11",
        "Content-MD5": "XrY7u\u002BAe7tCTyyK7j1rNww==",
        "Content-Type": "application/octet-stream",
        "Date": "Fri, 22 Jul 2022 01:16:17 GMT",
        "ETag": "\u00220x8DA6B7FC73E72C0\u0022",
        "Last-Modified": "Fri, 22 Jul 2022 01:16:17 GMT",
        "Server": [
          "Windows-Azure-Blob/1.0",
          "Microsoft-HTTPAPI/2.0"
        ],
        "Vary": "Origin",
        "x-ms-access-tier": "Hot",
        "x-ms-access-tier-inferred": "true",
        "x-ms-blob-type": "BlockBlob",
        "x-ms-creation-time": "Fri, 22 Jul 2022 01:16:17 GMT",
        "x-ms-lease-state": "available",
        "x-ms-lease-status": "unlocked",
        "x-ms-server-encrypted": "true",
        "x-ms-version": "2021-08-06"
      },
      "ResponseBody": null
    }
  ],
  "Variables": {}
}
