interactions:
- request:
    body: null
    headers:
      Accept:
      - application/xml
      User-Agent:
      - azsdk-python-storage-blob/12.10.1 Python/3.10.4 (Windows-10-10.0.17763-SP0)
      x-ms-date:
      - Sat, 26 Mar 2022 22:11:15 GMT
      x-ms-version:
      - '2021-04-10'
    method: PUT
    uri: https://storagename.blob.core.windows.net/utcontainerc4631be2?restype=container
  response:
    body:
      string: ''
    headers:
      content-length: '0'
      date: Sat, 26 Mar 2022 22:11:15 GMT
      etag: '"0x8DA0F758BAA8A85"'
      last-modified: Sat, 26 Mar 2022 22:11:15 GMT
      server: Windows-Azure-Blob/1.0 Microsoft-HTTPAPI/2.0
      x-ms-version: '2021-04-10'
    status:
      code: 201
      message: Created
    url: https://jalauzoncanary.blob.core.windows.net/utcontainerc4631be2?restype=container
- request:
    body: hello world
    headers:
      Accept:
      - application/xml
      Content-Length:
      - '11'
      Content-Type:
      - application/octet-stream
      If-None-Match:
      - '*'
      User-Agent:
      - azsdk-python-storage-blob/12.10.1 Python/3.10.4 (Windows-10-10.0.17763-SP0)
      x-ms-blob-type:
      - BlockBlob
      x-ms-date:
      - Sat, 26 Mar 2022 22:11:15 GMT
      x-ms-version:
      - '2021-04-10'
    method: PUT
    uri: https://storagename.blob.core.windows.net/utcontainerc4631be2/Archivec4631be2
  response:
    body:
      string: ''
    headers:
      content-length: '0'
      content-md5: XrY7u+Ae7tCTyyK7j1rNww==
      date: Sat, 26 Mar 2022 22:11:15 GMT
      etag: '"0x8DA0F758BB3DE9C"'
      last-modified: Sat, 26 Mar 2022 22:11:15 GMT
      server: Windows-Azure-Blob/1.0 Microsoft-HTTPAPI/2.0
      x-ms-content-crc64: vo7q9sPVKY0=
      x-ms-request-server-encrypted: 'true'
      x-ms-version: '2021-04-10'
    status:
      code: 201
      message: Created
    url: https://jalauzoncanary.blob.core.windows.net/utcontainerc4631be2/Archivec4631be2
- request:
    body: null
    headers:
      Accept:
      - application/xml
      User-Agent:
      - azsdk-python-storage-blob/12.10.1 Python/3.10.4 (Windows-10-10.0.17763-SP0)
      x-ms-date:
      - Sat, 26 Mar 2022 22:11:15 GMT
      x-ms-version:
      - '2021-04-10'
    method: HEAD
    uri: https://storagename.blob.core.windows.net/utcontainerc4631be2/Archivec4631be2
  response:
    body:
      string: ''
    headers:
      accept-ranges: bytes
      content-length: '11'
      content-md5: XrY7u+Ae7tCTyyK7j1rNww==
      content-type: application/octet-stream
      date: Sat, 26 Mar 2022 22:11:15 GMT
      etag: '"0x8DA0F758BB3DE9C"'
      last-modified: Sat, 26 Mar 2022 22:11:15 GMT
      server: Windows-Azure-Blob/1.0 Microsoft-HTTPAPI/2.0
      vary: Origin
      x-ms-access-tier: Hot
      x-ms-access-tier-inferred: 'true'
      x-ms-blob-type: BlockBlob
      x-ms-creation-time: Sat, 26 Mar 2022 22:11:15 GMT
      x-ms-lease-state: available
      x-ms-lease-status: unlocked
      x-ms-server-encrypted: 'true'
      x-ms-version: '2021-04-10'
    status:
      code: 200
      message: OK
    url: https://jalauzoncanary.blob.core.windows.net/utcontainerc4631be2/Archivec4631be2
- request:
    body: null
    headers:
      Accept:
      - application/xml
      User-Agent:
      - azsdk-python-storage-blob/12.10.1 Python/3.10.4 (Windows-10-10.0.17763-SP0)
      x-ms-access-tier:
      - Archive
      x-ms-date:
      - Sat, 26 Mar 2022 22:11:15 GMT
      x-ms-version:
      - '2021-04-10'
    method: PUT
    uri: https://storagename.blob.core.windows.net/utcontainerc4631be2/Archivec4631be2?comp=tier
  response:
    body:
      string: ''
    headers:
      content-length: '0'
      date: Sat, 26 Mar 2022 22:11:15 GMT
      server: Windows-Azure-Blob/1.0 Microsoft-HTTPAPI/2.0
      x-ms-version: '2021-04-10'
    status:
      code: 200
      message: OK
    url: https://jalauzoncanary.blob.core.windows.net/utcontainerc4631be2/Archivec4631be2?comp=tier
- request:
    body: null
    headers:
      Accept:
      - application/xml
      User-Agent:
      - azsdk-python-storage-blob/12.10.1 Python/3.10.4 (Windows-10-10.0.17763-SP0)
      x-ms-date:
      - Sat, 26 Mar 2022 22:11:15 GMT
      x-ms-version:
      - '2021-04-10'
    method: HEAD
    uri: https://storagename.blob.core.windows.net/utcontainerc4631be2/Archivec4631be2
  response:
    body:
      string: ''
    headers:
      accept-ranges: bytes
      content-length: '11'
      content-md5: XrY7u+Ae7tCTyyK7j1rNww==
      content-type: application/octet-stream
      date: Sat, 26 Mar 2022 22:11:15 GMT
      etag: '"0x8DA0F758BB3DE9C"'
      last-modified: Sat, 26 Mar 2022 22:11:15 GMT
      server: Windows-Azure-Blob/1.0 Microsoft-HTTPAPI/2.0
      vary: Origin
      x-ms-access-tier: Archive
      x-ms-access-tier-change-time: Sat, 26 Mar 2022 22:11:15 GMT
      x-ms-blob-type: BlockBlob
      x-ms-creation-time: Sat, 26 Mar 2022 22:11:15 GMT
      x-ms-lease-state: available
      x-ms-lease-status: unlocked
      x-ms-server-encrypted: 'true'
      x-ms-version: '2021-04-10'
    status:
      code: 200
      message: OK
    url: https://jalauzoncanary.blob.core.windows.net/utcontainerc4631be2/Archivec4631be2
- request:
    body: null
    headers:
      Accept:
      - application/xml
      User-Agent:
      - azsdk-python-storage-blob/12.10.1 Python/3.10.4 (Windows-10-10.0.17763-SP0)
      x-ms-date:
      - Sat, 26 Mar 2022 22:11:15 GMT
      x-ms-version:
      - '2021-04-10'
    method: DELETE
    uri: https://storagename.blob.core.windows.net/utcontainerc4631be2/Archivec4631be2
  response:
    body:
      string: ''
    headers:
      content-length: '0'
      date: Sat, 26 Mar 2022 22:11:15 GMT
      server: Windows-Azure-Blob/1.0 Microsoft-HTTPAPI/2.0
      x-ms-delete-type-permanent: 'true'
      x-ms-version: '2021-04-10'
    status:
      code: 202
      message: Accepted
    url: https://jalauzoncanary.blob.core.windows.net/utcontainerc4631be2/Archivec4631be2
- request:
    body: hello world
    headers:
      Accept:
      - application/xml
      Content-Length:
      - '11'
      Content-Type:
      - application/octet-stream
      If-None-Match:
      - '*'
      User-Agent:
      - azsdk-python-storage-blob/12.10.1 Python/3.10.4 (Windows-10-10.0.17763-SP0)
      x-ms-blob-type:
      - BlockBlob
      x-ms-date:
      - Sat, 26 Mar 2022 22:11:15 GMT
      x-ms-version:
      - '2021-04-10'
    method: PUT
    uri: https://storagename.blob.core.windows.net/utcontainerc4631be2/Coolc4631be2
  response:
    body:
      string: ''
    headers:
      content-length: '0'
      content-md5: XrY7u+Ae7tCTyyK7j1rNww==
      date: Sat, 26 Mar 2022 22:11:15 GMT
      etag: '"0x8DA0F758BE45D72"'
      last-modified: Sat, 26 Mar 2022 22:11:15 GMT
      server: Windows-Azure-Blob/1.0 Microsoft-HTTPAPI/2.0
      x-ms-content-crc64: vo7q9sPVKY0=
      x-ms-request-server-encrypted: 'true'
      x-ms-version: '2021-04-10'
    status:
      code: 201
      message: Created
    url: https://jalauzoncanary.blob.core.windows.net/utcontainerc4631be2/Coolc4631be2
- request:
    body: null
    headers:
      Accept:
      - application/xml
      User-Agent:
      - azsdk-python-storage-blob/12.10.1 Python/3.10.4 (Windows-10-10.0.17763-SP0)
      x-ms-date:
      - Sat, 26 Mar 2022 22:11:15 GMT
      x-ms-version:
      - '2021-04-10'
    method: HEAD
    uri: https://storagename.blob.core.windows.net/utcontainerc4631be2/Coolc4631be2
  response:
    body:
      string: ''
    headers:
      accept-ranges: bytes
      content-length: '11'
      content-md5: XrY7u+Ae7tCTyyK7j1rNww==
      content-type: application/octet-stream
      date: Sat, 26 Mar 2022 22:11:15 GMT
      etag: '"0x8DA0F758BE45D72"'
      last-modified: Sat, 26 Mar 2022 22:11:15 GMT
      server: Windows-Azure-Blob/1.0 Microsoft-HTTPAPI/2.0
      vary: Origin
      x-ms-access-tier: Hot
      x-ms-access-tier-inferred: 'true'
      x-ms-blob-type: BlockBlob
      x-ms-creation-time: Sat, 26 Mar 2022 22:11:15 GMT
      x-ms-lease-state: available
      x-ms-lease-status: unlocked
      x-ms-server-encrypted: 'true'
      x-ms-version: '2021-04-10'
    status:
      code: 200
      message: OK
    url: https://jalauzoncanary.blob.core.windows.net/utcontainerc4631be2/Coolc4631be2
- request:
    body: null
    headers:
      Accept:
      - application/xml
      User-Agent:
      - azsdk-python-storage-blob/12.10.1 Python/3.10.4 (Windows-10-10.0.17763-SP0)
      x-ms-access-tier:
      - Cool
      x-ms-date:
      - Sat, 26 Mar 2022 22:11:15 GMT
      x-ms-version:
      - '2021-04-10'
    method: PUT
    uri: https://storagename.blob.core.windows.net/utcontainerc4631be2/Coolc4631be2?comp=tier
  response:
    body:
      string: ''
    headers:
      content-length: '0'
      date: Sat, 26 Mar 2022 22:11:15 GMT
      server: Windows-Azure-Blob/1.0 Microsoft-HTTPAPI/2.0
      x-ms-version: '2021-04-10'
    status:
      code: 200
      message: OK
    url: https://jalauzoncanary.blob.core.windows.net/utcontainerc4631be2/Coolc4631be2?comp=tier
- request:
    body: null
    headers:
      Accept:
      - application/xml
      User-Agent:
      - azsdk-python-storage-blob/12.10.1 Python/3.10.4 (Windows-10-10.0.17763-SP0)
      x-ms-date:
      - Sat, 26 Mar 2022 22:11:16 GMT
      x-ms-version:
      - '2021-04-10'
    method: HEAD
    uri: https://storagename.blob.core.windows.net/utcontainerc4631be2/Coolc4631be2
  response:
    body:
      string: ''
    headers:
      accept-ranges: bytes
      content-length: '11'
      content-md5: XrY7u+Ae7tCTyyK7j1rNww==
      content-type: application/octet-stream
      date: Sat, 26 Mar 2022 22:11:15 GMT
      etag: '"0x8DA0F758BE45D72"'
      last-modified: Sat, 26 Mar 2022 22:11:15 GMT
      server: Windows-Azure-Blob/1.0 Microsoft-HTTPAPI/2.0
      vary: Origin
      x-ms-access-tier: Cool
      x-ms-access-tier-change-time: Sat, 26 Mar 2022 22:11:15 GMT
      x-ms-blob-type: BlockBlob
      x-ms-creation-time: Sat, 26 Mar 2022 22:11:15 GMT
      x-ms-lease-state: available
      x-ms-lease-status: unlocked
      x-ms-server-encrypted: 'true'
      x-ms-version: '2021-04-10'
    status:
      code: 200
      message: OK
    url: https://jalauzoncanary.blob.core.windows.net/utcontainerc4631be2/Coolc4631be2
- request:
    body: null
    headers:
      Accept:
      - application/xml
      User-Agent:
      - azsdk-python-storage-blob/12.10.1 Python/3.10.4 (Windows-10-10.0.17763-SP0)
      x-ms-date:
      - Sat, 26 Mar 2022 22:11:16 GMT
      x-ms-version:
      - '2021-04-10'
    method: DELETE
    uri: https://storagename.blob.core.windows.net/utcontainerc4631be2/Coolc4631be2
  response:
    body:
      string: ''
    headers:
      content-length: '0'
      date: Sat, 26 Mar 2022 22:11:15 GMT
      server: Windows-Azure-Blob/1.0 Microsoft-HTTPAPI/2.0
      x-ms-delete-type-permanent: 'true'
      x-ms-version: '2021-04-10'
    status:
      code: 202
      message: Accepted
    url: https://jalauzoncanary.blob.core.windows.net/utcontainerc4631be2/Coolc4631be2
- request:
    body: hello world
    headers:
      Accept:
      - application/xml
      Content-Length:
      - '11'
      Content-Type:
      - application/octet-stream
      If-None-Match:
      - '*'
      User-Agent:
      - azsdk-python-storage-blob/12.10.1 Python/3.10.4 (Windows-10-10.0.17763-SP0)
      x-ms-blob-type:
      - BlockBlob
      x-ms-date:
      - Sat, 26 Mar 2022 22:11:16 GMT
      x-ms-version:
      - '2021-04-10'
    method: PUT
    uri: https://storagename.blob.core.windows.net/utcontainerc4631be2/Hotc4631be2
  response:
    body:
      string: ''
    headers:
      content-length: '0'
      content-md5: XrY7u+Ae7tCTyyK7j1rNww==
      date: Sat, 26 Mar 2022 22:11:15 GMT
      etag: '"0x8DA0F758C0C790D"'
      last-modified: Sat, 26 Mar 2022 22:11:16 GMT
      server: Windows-Azure-Blob/1.0 Microsoft-HTTPAPI/2.0
      x-ms-content-crc64: vo7q9sPVKY0=
      x-ms-request-server-encrypted: 'true'
      x-ms-version: '2021-04-10'
    status:
      code: 201
      message: Created
    url: https://jalauzoncanary.blob.core.windows.net/utcontainerc4631be2/Hotc4631be2
- request:
    body: null
    headers:
      Accept:
      - application/xml
      User-Agent:
      - azsdk-python-storage-blob/12.10.1 Python/3.10.4 (Windows-10-10.0.17763-SP0)
      x-ms-date:
      - Sat, 26 Mar 2022 22:11:16 GMT
      x-ms-version:
      - '2021-04-10'
    method: HEAD
    uri: https://storagename.blob.core.windows.net/utcontainerc4631be2/Hotc4631be2
  response:
    body:
      string: ''
    headers:
      accept-ranges: bytes
      content-length: '11'
      content-md5: XrY7u+Ae7tCTyyK7j1rNww==
      content-type: application/octet-stream
      date: Sat, 26 Mar 2022 22:11:15 GMT
      etag: '"0x8DA0F758C0C790D"'
      last-modified: Sat, 26 Mar 2022 22:11:16 GMT
      server: Windows-Azure-Blob/1.0 Microsoft-HTTPAPI/2.0
      vary: Origin
      x-ms-access-tier: Hot
      x-ms-access-tier-inferred: 'true'
      x-ms-blob-type: BlockBlob
      x-ms-creation-time: Sat, 26 Mar 2022 22:11:16 GMT
      x-ms-lease-state: available
      x-ms-lease-status: unlocked
      x-ms-server-encrypted: 'true'
      x-ms-version: '2021-04-10'
    status:
      code: 200
      message: OK
    url: https://jalauzoncanary.blob.core.windows.net/utcontainerc4631be2/Hotc4631be2
- request:
    body: null
    headers:
      Accept:
      - application/xml
      User-Agent:
      - azsdk-python-storage-blob/12.10.1 Python/3.10.4 (Windows-10-10.0.17763-SP0)
      x-ms-access-tier:
      - Hot
      x-ms-date:
      - Sat, 26 Mar 2022 22:11:16 GMT
      x-ms-version:
      - '2021-04-10'
    method: PUT
    uri: https://storagename.blob.core.windows.net/utcontainerc4631be2/Hotc4631be2?comp=tier
  response:
    body:
      string: ''
    headers:
      content-length: '0'
      date: Sat, 26 Mar 2022 22:11:15 GMT
      server: Windows-Azure-Blob/1.0 Microsoft-HTTPAPI/2.0
      x-ms-version: '2021-04-10'
    status:
      code: 200
      message: OK
    url: https://jalauzoncanary.blob.core.windows.net/utcontainerc4631be2/Hotc4631be2?comp=tier
- request:
    body: null
    headers:
      Accept:
      - application/xml
      User-Agent:
      - azsdk-python-storage-blob/12.10.1 Python/3.10.4 (Windows-10-10.0.17763-SP0)
      x-ms-date:
      - Sat, 26 Mar 2022 22:11:16 GMT
      x-ms-version:
      - '2021-04-10'
    method: HEAD
    uri: https://storagename.blob.core.windows.net/utcontainerc4631be2/Hotc4631be2
  response:
    body:
      string: ''
    headers:
      accept-ranges: bytes
      content-length: '11'
      content-md5: XrY7u+Ae7tCTyyK7j1rNww==
      content-type: application/octet-stream
      date: Sat, 26 Mar 2022 22:11:15 GMT
      etag: '"0x8DA0F758C0C790D"'
      last-modified: Sat, 26 Mar 2022 22:11:16 GMT
      server: Windows-Azure-Blob/1.0 Microsoft-HTTPAPI/2.0
      vary: Origin
      x-ms-access-tier: Hot
      x-ms-access-tier-change-time: Sat, 26 Mar 2022 22:11:16 GMT
      x-ms-blob-type: BlockBlob
      x-ms-creation-time: Sat, 26 Mar 2022 22:11:16 GMT
      x-ms-lease-state: available
      x-ms-lease-status: unlocked
      x-ms-server-encrypted: 'true'
      x-ms-version: '2021-04-10'
    status:
      code: 200
      message: OK
    url: https://jalauzoncanary.blob.core.windows.net/utcontainerc4631be2/Hotc4631be2
- request:
    body: null
    headers:
      Accept:
      - application/xml
      User-Agent:
      - azsdk-python-storage-blob/12.10.1 Python/3.10.4 (Windows-10-10.0.17763-SP0)
      x-ms-date:
      - Sat, 26 Mar 2022 22:11:16 GMT
      x-ms-version:
      - '2021-04-10'
    method: DELETE
    uri: https://storagename.blob.core.windows.net/utcontainerc4631be2/Hotc4631be2
  response:
    body:
      string: ''
    headers:
      content-length: '0'
      date: Sat, 26 Mar 2022 22:11:15 GMT
      server: Windows-Azure-Blob/1.0 Microsoft-HTTPAPI/2.0
      x-ms-delete-type-permanent: 'true'
      x-ms-version: '2021-04-10'
    status:
      code: 202
      message: Accepted
    url: https://jalauzoncanary.blob.core.windows.net/utcontainerc4631be2/Hotc4631be2
version: 1
