interactions:
- request:
    body: null
    headers:
      Accept:
      - '*/*'
      Accept-Encoding:
      - gzip, deflate
      Connection:
      - keep-alive
      Content-Length:
      - '0'
      User-Agent:
      - python/3.6.5 (Darwin-16.7.0-x86_64-i386-64bit) azure-core/0.0.1
      x-ms-blob-content-length:
      - '1024'
      x-ms-blob-type:
      - PageBlob
      x-ms-client-request-id:
      - f5a84694-8ecb-11e9-a7f7-f45c89a7d159
      x-ms-date:
      - Fri, 14 Jun 2019 17:43:46 GMT
      x-ms-version:
      - '2018-03-28'
    method: PUT
    uri: https://remotestoragename.blob.core.windows.net/utcontainerc9b70c98/blobc9b70c98
  response:
    body:
      string: ''
    headers:
      Content-Length:
      - '0'
      Date:
      - Fri, 14 Jun 2019 17:43:46 GMT
      ETag:
      - '"0x8D6F0EFDA6E0433"'
      Last-Modified:
      - Fri, 14 Jun 2019 17:43:47 GMT
      Server:
      - Windows-Azure-Blob/1.0 Microsoft-HTTPAPI/2.0
      x-ms-request-id:
      - 7204849f-301e-0020-77d8-2208cc000000
      x-ms-request-server-encrypted:
      - 'true'
      x-ms-version:
      - '2018-03-28'
    status:
      code: 201
      message: Created
- request:
    body: null
    headers:
      Accept:
      - '*/*'
      Accept-Encoding:
      - gzip, deflate
      Connection:
      - keep-alive
      Content-Length:
      - '0'
      User-Agent:
      - python/3.6.5 (Darwin-16.7.0-x86_64-i386-64bit) azure-core/0.0.1
      x-ms-blob-content-length:
      - '512'
      x-ms-client-request-id:
      - f5c81988-8ecb-11e9-8cfa-f45c89a7d159
      x-ms-date:
      - Fri, 14 Jun 2019 17:43:46 GMT
      x-ms-version:
      - '2018-03-28'
    method: PUT
    uri: https://remotestoragename.blob.core.windows.net/utcontainerc9b70c98/blobc9b70c98?comp=properties
  response:
    body:
      string: ''
    headers:
      Content-Length:
      - '0'
      Date:
      - Fri, 14 Jun 2019 17:43:46 GMT
      ETag:
      - '"0x8D6F0EFDA76913E"'
      Last-Modified:
      - Fri, 14 Jun 2019 17:43:47 GMT
      Server:
      - Windows-Azure-Blob/1.0 Microsoft-HTTPAPI/2.0
      x-ms-blob-sequence-number:
      - '0'
      x-ms-request-id:
      - 720484b4-301e-0020-0bd8-2208cc000000
      x-ms-version:
      - '2018-03-28'
    status:
      code: 200
      message: OK
- request:
    body: null
    headers:
      Accept:
      - '*/*'
      Accept-Encoding:
      - gzip, deflate
      Connection:
      - keep-alive
      User-Agent:
      - python/3.6.5 (Darwin-16.7.0-x86_64-i386-64bit) azure-core/0.0.1
      x-ms-client-request-id:
      - f5d0bf34-8ecb-11e9-91a4-f45c89a7d159
      x-ms-date:
      - Fri, 14 Jun 2019 17:43:46 GMT
      x-ms-version:
      - '2018-03-28'
    method: HEAD
    uri: https://remotestoragename.blob.core.windows.net/utcontainerc9b70c98/blobc9b70c98
  response:
    body:
      string: ''
    headers:
      Accept-Ranges:
      - bytes
      Content-Length:
      - '512'
      Content-Type:
      - application/octet-stream
      Date:
      - Fri, 14 Jun 2019 17:43:46 GMT
      ETag:
      - '"0x8D6F0EFDA76913E"'
      Last-Modified:
      - Fri, 14 Jun 2019 17:43:47 GMT
      Server:
      - Windows-Azure-Blob/1.0 Microsoft-HTTPAPI/2.0
      Vary:
      - Origin
      x-ms-access-tier:
      - Hot
      x-ms-access-tier-inferred:
      - 'true'
      x-ms-blob-sequence-number:
      - '0'
      x-ms-blob-type:
      - PageBlob
      x-ms-creation-time:
      - Fri, 14 Jun 2019 17:43:47 GMT
      x-ms-lease-state:
      - available
      x-ms-lease-status:
      - unlocked
      x-ms-request-id:
      - 720484c9-301e-0020-1fd8-2208cc000000
      x-ms-server-encrypted:
      - 'true'
      x-ms-version:
      - '2018-03-28'
    status:
      code: 200
      message: OK
- request:
    body: null
    headers:
      Accept:
      - '*/*'
      Accept-Encoding:
      - gzip, deflate
      Connection:
      - keep-alive
      Content-Length:
      - '0'
      User-Agent:
      - python/3.6.5 (Darwin-16.7.0-x86_64-i386-64bit) azure-core/0.0.1
      x-ms-blob-content-length:
      - '1024'
      x-ms-blob-type:
      - PageBlob
      x-ms-client-request-id:
      - 4c99120c-8ed5-11e9-be1f-f45c89a7d159
      x-ms-date:
      - Fri, 14 Jun 2019 18:50:37 GMT
      x-ms-version:
      - '2018-03-28'
    method: PUT
    uri: https://storagename.blob.core.windows.net/utcontainerc9b70c98/blobc9b70c98
  response:
    body:
      string: ''
    headers:
      Content-Length:
      - '0'
      Date:
      - Fri, 14 Jun 2019 18:50:36 GMT
      ETag:
      - '"0x8D6F0F930E8E6B6"'
      Last-Modified:
      - Fri, 14 Jun 2019 18:50:37 GMT
      Server:
      - Windows-Azure-Blob/1.0 Microsoft-HTTPAPI/2.0
      x-ms-request-id:
      - 4df83d40-701e-00c2-15e2-22ecbe000000
      x-ms-request-server-encrypted:
      - 'true'
      x-ms-version:
      - '2018-03-28'
    status:
      code: 201
      message: Created
- request:
    body: null
    headers:
      Accept:
      - '*/*'
      Accept-Encoding:
      - gzip, deflate
      Connection:
      - keep-alive
      Content-Length:
      - '0'
      User-Agent:
      - python/3.6.5 (Darwin-16.7.0-x86_64-i386-64bit) azure-core/0.0.1
      x-ms-blob-content-length:
      - '512'
      x-ms-client-request-id:
      - 4cb8883a-8ed5-11e9-8852-f45c89a7d159
      x-ms-date:
      - Fri, 14 Jun 2019 18:50:37 GMT
      x-ms-version:
      - '2018-03-28'
    method: PUT
    uri: https://storagename.blob.core.windows.net/utcontainerc9b70c98/blobc9b70c98?comp=properties
  response:
    body:
      string: ''
    headers:
      Content-Length:
      - '0'
      Date:
      - Fri, 14 Jun 2019 18:50:37 GMT
      ETag:
      - '"0x8D6F0F930F25E50"'
      Last-Modified:
      - Fri, 14 Jun 2019 18:50:37 GMT
      Server:
      - Windows-Azure-Blob/1.0 Microsoft-HTTPAPI/2.0
      x-ms-blob-sequence-number:
      - '0'
      x-ms-request-id:
      - 4df83d5c-701e-00c2-2fe2-22ecbe000000
      x-ms-version:
      - '2018-03-28'
    status:
      code: 200
      message: OK
- request:
    body: null
    headers:
      Accept:
      - '*/*'
      Accept-Encoding:
      - gzip, deflate
      Connection:
      - keep-alive
      User-Agent:
      - python/3.6.5 (Darwin-16.7.0-x86_64-i386-64bit) azure-core/0.0.1
      x-ms-client-request-id:
      - 4cc23102-8ed5-11e9-8eec-f45c89a7d159
      x-ms-date:
      - Fri, 14 Jun 2019 18:50:37 GMT
      x-ms-version:
      - '2018-03-28'
    method: HEAD
    uri: https://storagename.blob.core.windows.net/utcontainerc9b70c98/blobc9b70c98
  response:
    body:
      string: ''
    headers:
      Accept-Ranges:
      - bytes
      Content-Length:
      - '512'
      Content-Type:
      - application/octet-stream
      Date:
      - Fri, 14 Jun 2019 18:50:37 GMT
      ETag:
      - '"0x8D6F0F930F25E50"'
      Last-Modified:
      - Fri, 14 Jun 2019 18:50:37 GMT
      Server:
      - Windows-Azure-Blob/1.0 Microsoft-HTTPAPI/2.0
      Vary:
      - Origin
      x-ms-access-tier:
      - Hot
      x-ms-access-tier-inferred:
      - 'true'
      x-ms-blob-sequence-number:
      - '0'
      x-ms-blob-type:
      - PageBlob
      x-ms-creation-time:
      - Fri, 14 Jun 2019 18:50:37 GMT
      x-ms-lease-state:
      - available
      x-ms-lease-status:
      - unlocked
      x-ms-request-id:
      - 4df83d7d-701e-00c2-4de2-22ecbe000000
      x-ms-server-encrypted:
      - 'true'
      x-ms-version:
      - '2018-03-28'
    status:
      code: 200
      message: OK
- request:
    body: null
    headers:
      Accept:
      - '*/*'
      Accept-Encoding:
      - gzip, deflate
      Connection:
      - keep-alive
      Content-Length:
      - '0'
      User-Agent:
      - azsdk-python-storage-blob/12.0.0b2 Python/3.7.3 (Windows-10-10.0.17763-SP0)
      content-type:
      - application/xml; charset=utf-8
      x-ms-blob-content-length:
      - '1024'
      x-ms-blob-type:
      - PageBlob
      x-ms-client-request-id:
      - 53d2fe94-c863-11e9-83ac-2816a845e8c6
      x-ms-date:
      - Tue, 27 Aug 2019 00:40:54 GMT
      x-ms-version:
      - '2019-02-02'
    method: PUT
    uri: https://blobstoragename.blob.core.windows.net/utcontainerc9b70c98/blobc9b70c98
  response:
    body:
      string: ''
    headers:
      Content-Length:
      - '0'
      Date:
      - Tue, 27 Aug 2019 00:40:52 GMT
      ETag:
      - '"0x8D72A87372E52BA"'
      Last-Modified:
      - Tue, 27 Aug 2019 00:40:53 GMT
      Server:
      - Windows-Azure-Blob/1.0 Microsoft-HTTPAPI/2.0
      x-ms-client-request-id:
      - 53d2fe94-c863-11e9-83ac-2816a845e8c6
      x-ms-request-id:
      - d8034f5c-801e-0093-4670-5cf24b000000
      x-ms-request-server-encrypted:
      - 'true'
      x-ms-version:
      - '2019-02-02'
    status:
      code: 201
      message: Created
- request:
    body: null
    headers:
      Accept:
      - '*/*'
      Accept-Encoding:
      - gzip, deflate
      Connection:
      - keep-alive
      Content-Length:
      - '0'
      User-Agent:
      - azsdk-python-storage-blob/12.0.0b2 Python/3.7.3 (Windows-10-10.0.17763-SP0)
      content-type:
      - application/xml; charset=utf-8
      x-ms-blob-content-length:
      - '512'
      x-ms-client-request-id:
      - 53fe365e-c863-11e9-b87d-2816a845e8c6
      x-ms-date:
      - Tue, 27 Aug 2019 00:40:54 GMT
      x-ms-version:
      - '2019-02-02'
    method: PUT
    uri: https://blobstoragename.blob.core.windows.net/utcontainerc9b70c98/blobc9b70c98?comp=properties
  response:
    body:
      string: ''
    headers:
      Content-Length:
      - '0'
      Date:
      - Tue, 27 Aug 2019 00:40:52 GMT
      ETag:
      - '"0x8D72A87373CD44A"'
      Last-Modified:
      - Tue, 27 Aug 2019 00:40:53 GMT
      Server:
      - Windows-Azure-Blob/1.0 Microsoft-HTTPAPI/2.0
      x-ms-blob-sequence-number:
      - '0'
      x-ms-client-request-id:
      - 53fe365e-c863-11e9-b87d-2816a845e8c6
      x-ms-request-id:
      - d8034f8b-801e-0093-7070-5cf24b000000
      x-ms-version:
      - '2019-02-02'
    status:
      code: 200
      message: OK
- request:
    body: null
    headers:
      Accept:
      - '*/*'
      Accept-Encoding:
      - gzip, deflate
      Connection:
      - keep-alive
      User-Agent:
      - azsdk-python-storage-blob/12.0.0b2 Python/3.7.3 (Windows-10-10.0.17763-SP0)
      content-type:
      - application/xml; charset=utf-8
      x-ms-client-request-id:
      - 5409795c-c863-11e9-a720-2816a845e8c6
      x-ms-date:
      - Tue, 27 Aug 2019 00:40:54 GMT
      x-ms-version:
      - '2019-02-02'
    method: HEAD
    uri: https://blobstoragename.blob.core.windows.net/utcontainerc9b70c98/blobc9b70c98
  response:
    body:
      string: ''
    headers:
      Accept-Ranges:
      - bytes
      Content-Length:
      - '512'
      Content-Type:
      - application/xml; charset=utf-8
      Date:
      - Tue, 27 Aug 2019 00:40:52 GMT
      ETag:
      - '"0x8D72A87373CD44A"'
      Last-Modified:
      - Tue, 27 Aug 2019 00:40:53 GMT
      Server:
      - Windows-Azure-Blob/1.0 Microsoft-HTTPAPI/2.0
      Vary:
      - Origin
      x-ms-access-tier:
      - Hot
      x-ms-access-tier-inferred:
      - 'true'
      x-ms-blob-sequence-number:
      - '0'
      x-ms-blob-type:
      - PageBlob
      x-ms-client-request-id:
      - 5409795c-c863-11e9-a720-2816a845e8c6
      x-ms-creation-time:
      - Tue, 27 Aug 2019 00:40:53 GMT
      x-ms-lease-state:
      - available
      x-ms-lease-status:
      - unlocked
      x-ms-request-id:
      - d8034fa3-801e-0093-0770-5cf24b000000
      x-ms-server-encrypted:
      - 'true'
      x-ms-tag-count:
      - '0'
      x-ms-version:
      - '2019-02-02'
    status:
      code: 200
      message: OK
version: 1
