interactions:
- request:
    body: null
    headers:
      User-Agent:
      - azsdk-python-storage-blob/12.0.0b5 Python/3.6.3 (Windows-10-10.0.18362-SP0)
      x-ms-date:
      - Fri, 25 Oct 2019 17:59:54 GMT
      x-ms-version:
      - '2019-02-02'
    method: PUT
    uri: https://storagename.blob.core.windows.net/acontainer5c401a6b?restype=container
  response:
    body:
      string: ''
    headers:
      content-length: '0'
      date: Fri, 25 Oct 2019 17:59:53 GMT
      etag: '"0x8D75975241116C1"'
      last-modified: Fri, 25 Oct 2019 17:59:54 GMT
      server: Windows-Azure-Blob/1.0 Microsoft-HTTPAPI/2.0
      x-ms-version: '2019-02-02'
    status:
      code: 201
      message: Created
    url: !!python/object/new:yarl.URL
      state: !!python/tuple
      - !!python/object/new:urllib.parse.SplitResult
        - https
        - pyacrstoragekzoj3d7n4a5m.blob.core.windows.net
        - /acontainer5c401a6b
        - restype=container
        - ''
- request:
    body: null
    headers:
      User-Agent:
      - azsdk-python-storage-blob/12.0.0b5 Python/3.6.3 (Windows-10-10.0.18362-SP0)
      x-ms-date:
      - Fri, 25 Oct 2019 17:59:55 GMT
      x-ms-meta-hello:
      - world
      x-ms-meta-number:
      - '42'
      x-ms-version:
      - '2019-02-02'
    method: PUT
    uri: https://storagename.blob.core.windows.net/acontainer5c401a6b?restype=container&comp=metadata
  response:
    body:
      string: ''
    headers:
      content-length: '0'
      date: Fri, 25 Oct 2019 17:59:53 GMT
      etag: '"0x8D7597524172822"'
      last-modified: Fri, 25 Oct 2019 17:59:54 GMT
      server: Windows-Azure-Blob/1.0 Microsoft-HTTPAPI/2.0
      x-ms-version: '2019-02-02'
    status:
      code: 200
      message: OK
    url: !!python/object/new:yarl.URL
      state: !!python/tuple
      - !!python/object/new:urllib.parse.SplitResult
        - https
        - pyacrstoragekzoj3d7n4a5m.blob.core.windows.net
        - /acontainer5c401a6b
        - restype=container&comp=metadata
        - ''
- request:
    body: null
    headers:
      User-Agent:
      - azsdk-python-storage-blob/12.0.0b5 Python/3.6.3 (Windows-10-10.0.18362-SP0)
      x-ms-date:
      - Fri, 25 Oct 2019 17:59:55 GMT
      x-ms-lease-action:
      - acquire
      x-ms-lease-duration:
      - '-1'
      x-ms-proposed-lease-id:
      - 8d609414-8cb8-452f-b0d9-6f50a2692828
      x-ms-version:
      - '2019-02-02'
    method: PUT
    uri: https://storagename.blob.core.windows.net/acontainer5c401a6b?comp=lease&restype=container
  response:
    body:
      string: ''
    headers:
      content-length: '0'
      date: Fri, 25 Oct 2019 17:59:53 GMT
      etag: '"0x8D7597524172822"'
      last-modified: Fri, 25 Oct 2019 17:59:54 GMT
      server: Windows-Azure-Blob/1.0 Microsoft-HTTPAPI/2.0
      x-ms-lease-id: 8d609414-8cb8-452f-b0d9-6f50a2692828
      x-ms-version: '2019-02-02'
    status:
      code: 201
      message: Created
    url: !!python/object/new:yarl.URL
      state: !!python/tuple
      - !!python/object/new:urllib.parse.SplitResult
        - https
        - pyacrstoragekzoj3d7n4a5m.blob.core.windows.net
        - /acontainer5c401a6b
        - comp=lease&restype=container
        - ''
- request:
    body: null
    headers:
      User-Agent:
      - azsdk-python-storage-blob/12.0.0b5 Python/3.6.3 (Windows-10-10.0.18362-SP0)
      x-ms-date:
      - Fri, 25 Oct 2019 17:59:55 GMT
      x-ms-lease-id:
      - 8d609414-8cb8-452f-b0d9-6f50a2692828
      x-ms-version:
      - '2019-02-02'
    method: GET
    uri: https://storagename.blob.core.windows.net/acontainer5c401a6b?restype=container
  response:
    body:
      string: ''
    headers:
      content-length: '0'
      date: Fri, 25 Oct 2019 17:59:53 GMT
      etag: '"0x8D7597524172822"'
      last-modified: Fri, 25 Oct 2019 17:59:54 GMT
      server: Windows-Azure-Blob/1.0 Microsoft-HTTPAPI/2.0
      x-ms-default-encryption-scope: $account-encryption-key
      x-ms-deny-encryption-scope-override: 'false'
      x-ms-has-immutability-policy: 'false'
      x-ms-has-legal-hold: 'false'
      x-ms-lease-duration: infinite
      x-ms-lease-state: leased
      x-ms-lease-status: locked
      x-ms-meta-hello: world
      x-ms-meta-number: '42'
      x-ms-version: '2019-02-02'
    status:
      code: 200
      message: OK
    url: !!python/object/new:yarl.URL
      state: !!python/tuple
      - !!python/object/new:urllib.parse.SplitResult
        - https
        - pyacrstoragekzoj3d7n4a5m.blob.core.windows.net
        - /acontainer5c401a6b
        - restype=container
        - ''
- request:
    body: null
    headers:
      User-Agent:
      - azsdk-python-storage-blob/12.0.0b5 Python/3.6.3 (Windows-10-10.0.18362-SP0)
      x-ms-date:
      - Fri, 25 Oct 2019 17:59:55 GMT
      x-ms-lease-action:
      - break
      x-ms-version:
      - '2019-02-02'
    method: PUT
    uri: https://storagename.blob.core.windows.net/acontainer5c401a6b?comp=lease&restype=container
  response:
    body:
      string: ''
    headers:
      content-length: '0'
      date: Fri, 25 Oct 2019 17:59:54 GMT
      etag: '"0x8D7597524172822"'
      last-modified: Fri, 25 Oct 2019 17:59:54 GMT
      server: Windows-Azure-Blob/1.0 Microsoft-HTTPAPI/2.0
      x-ms-lease-time: '0'
      x-ms-version: '2019-02-02'
    status:
      code: 202
      message: Accepted
    url: !!python/object/new:yarl.URL
      state: !!python/tuple
      - !!python/object/new:urllib.parse.SplitResult
        - https
        - pyacrstoragekzoj3d7n4a5m.blob.core.windows.net
        - /acontainer5c401a6b
        - comp=lease&restype=container
        - ''
version: 1
