interactions:
- request:
    body: null
    headers:
      Accept:
      - '*/*'
      Accept-Encoding:
      - gzip, deflate
      Connection:
      - keep-alive
      Content-Length:
      - '0'
      User-Agent:
      - python/3.6.5 (Darwin-16.7.0-x86_64-i386-64bit) azure-core/0.0.1
      x-ms-blob-type:
      - AppendBlob
      x-ms-client-request-id:
      - 4134bf40-8eca-11e9-9c46-f45c89a7d159
      x-ms-date:
      - Fri, 14 Jun 2019 17:31:34 GMT
      x-ms-version:
      - '2018-03-28'
    method: PUT
    uri: https://remotestoragename.blob.core.windows.net/utcontainerb9e117e1/blobb9e117e1
  response:
    body:
      string: ''
    headers:
      Content-Length:
      - '0'
      Date:
      - Fri, 14 Jun 2019 17:31:34 GMT
      ETag:
      - '"0x8D6F0EE25F8CE4E"'
      Last-Modified:
      - Fri, 14 Jun 2019 17:31:34 GMT
      Server:
      - Windows-Azure-Blob/1.0 Microsoft-HTTPAPI/2.0
      x-ms-request-id:
      - 7a082ce9-901e-00ae-56d7-22476d000000
      x-ms-request-server-encrypted:
      - 'true'
      x-ms-version:
      - '2018-03-28'
    status:
      code: 201
      message: Created
- request:
    body: abcdefghijklmnopqrstuvwxyz
    headers:
      Accept:
      - '*/*'
      Accept-Encoding:
      - gzip, deflate
      Connection:
      - keep-alive
      Content-Length:
      - '26'
      Content-Type:
      - application/octet-stream
      User-Agent:
      - python/3.6.5 (Darwin-16.7.0-x86_64-i386-64bit) azure-core/0.0.1
      x-ms-client-request-id:
      - 41533774-8eca-11e9-8129-f45c89a7d159
      x-ms-date:
      - Fri, 14 Jun 2019 17:31:34 GMT
      x-ms-version:
      - '2018-03-28'
    method: PUT
    uri: https://remotestoragename.blob.core.windows.net/utcontainerb9e117e1/blobb9e117e1?comp=appendblock
  response:
    body:
      string: ''
    headers:
      Content-Length:
      - '0'
      Content-MD5:
      - w/zT12GS5AB9+0lsymfhOw==
      Date:
      - Fri, 14 Jun 2019 17:31:34 GMT
      ETag:
      - '"0x8D6F0EE2601826D"'
      Last-Modified:
      - Fri, 14 Jun 2019 17:31:35 GMT
      Server:
      - Windows-Azure-Blob/1.0 Microsoft-HTTPAPI/2.0
      x-ms-blob-append-offset:
      - '0'
      x-ms-blob-committed-block-count:
      - '1'
      x-ms-request-id:
      - 7a082d09-901e-00ae-71d7-22476d000000
      x-ms-request-server-encrypted:
      - 'true'
      x-ms-version:
      - '2018-03-28'
    status:
      code: 201
      message: Created
- request:
    body: null
    headers:
      Accept:
      - application/xml
      Accept-Encoding:
      - gzip, deflate
      Connection:
      - keep-alive
      User-Agent:
      - python/3.6.5 (Darwin-16.7.0-x86_64-i386-64bit) azure-core/0.0.1
      x-ms-client-request-id:
      - 415b8efe-8eca-11e9-b48c-f45c89a7d159
      x-ms-date:
      - Fri, 14 Jun 2019 17:31:34 GMT
      x-ms-range:
      - bytes=0-33554431
      x-ms-version:
      - '2018-03-28'
    method: GET
    uri: https://remotestoragename.blob.core.windows.net/utcontainerb9e117e1/blobb9e117e1
  response:
    body:
      string: abcdefghijklmnopqrstuvwxyz
    headers:
      Accept-Ranges:
      - bytes
      Content-Length:
      - '26'
      Content-Range:
      - bytes 0-25/26
      Content-Type:
      - application/octet-stream
      Date:
      - Fri, 14 Jun 2019 17:31:34 GMT
      ETag:
      - '"0x8D6F0EE2601826D"'
      Last-Modified:
      - Fri, 14 Jun 2019 17:31:35 GMT
      Server:
      - Windows-Azure-Blob/1.0 Microsoft-HTTPAPI/2.0
      Vary:
      - Origin
      x-ms-blob-committed-block-count:
      - '1'
      x-ms-blob-type:
      - AppendBlob
      x-ms-creation-time:
      - Fri, 14 Jun 2019 17:31:34 GMT
      x-ms-lease-state:
      - available
      x-ms-lease-status:
      - unlocked
      x-ms-request-id:
      - 7a082d20-901e-00ae-02d7-22476d000000
      x-ms-server-encrypted:
      - 'true'
      x-ms-version:
      - '2018-03-28'
    status:
      code: 206
      message: Partial Content
- request:
    body: null
    headers:
      Accept:
      - '*/*'
      Accept-Encoding:
      - gzip, deflate
      Connection:
      - keep-alive
      Content-Length:
      - '0'
      User-Agent:
      - python/3.6.5 (Darwin-16.7.0-x86_64-i386-64bit) azure-core/0.0.1
      x-ms-blob-type:
      - AppendBlob
      x-ms-client-request-id:
      - a2524862-8ecf-11e9-b3d9-f45c89a7d159
      x-ms-date:
      - Fri, 14 Jun 2019 18:10:04 GMT
      x-ms-version:
      - '2018-03-28'
    method: PUT
    uri: https://remotestoragename.blob.core.windows.net/utcontainerb9e117e1/blobb9e117e1
  response:
    body:
      string: ''
    headers:
      Content-Length:
      - '0'
      Date:
      - Fri, 14 Jun 2019 18:10:04 GMT
      ETag:
      - '"0x8D6F0F38717E5B4"'
      Last-Modified:
      - Fri, 14 Jun 2019 18:10:05 GMT
      Server:
      - Windows-Azure-Blob/1.0 Microsoft-HTTPAPI/2.0
      x-ms-request-id:
      - 1f59a029-701e-0086-4bdc-2230d2000000
      x-ms-request-server-encrypted:
      - 'true'
      x-ms-version:
      - '2018-03-28'
    status:
      code: 201
      message: Created
- request:
    body: abcdefghijklmnopqrstuvwxyz
    headers:
      Accept:
      - '*/*'
      Accept-Encoding:
      - gzip, deflate
      Connection:
      - keep-alive
      Content-Length:
      - '26'
      Content-Type:
      - application/octet-stream
      User-Agent:
      - python/3.6.5 (Darwin-16.7.0-x86_64-i386-64bit) azure-core/0.0.1
      x-ms-client-request-id:
      - a272de36-8ecf-11e9-a48e-f45c89a7d159
      x-ms-date:
      - Fri, 14 Jun 2019 18:10:04 GMT
      x-ms-version:
      - '2018-03-28'
    method: PUT
    uri: https://remotestoragename.blob.core.windows.net/utcontainerb9e117e1/blobb9e117e1?comp=appendblock
  response:
    body:
      string: ''
    headers:
      Content-Length:
      - '0'
      Content-MD5:
      - w/zT12GS5AB9+0lsymfhOw==
      Date:
      - Fri, 14 Jun 2019 18:10:04 GMT
      ETag:
      - '"0x8D6F0F3872099D3"'
      Last-Modified:
      - Fri, 14 Jun 2019 18:10:05 GMT
      Server:
      - Windows-Azure-Blob/1.0 Microsoft-HTTPAPI/2.0
      x-ms-blob-append-offset:
      - '0'
      x-ms-blob-committed-block-count:
      - '1'
      x-ms-request-id:
      - 1f59a042-701e-0086-5edc-2230d2000000
      x-ms-request-server-encrypted:
      - 'true'
      x-ms-version:
      - '2018-03-28'
    status:
      code: 201
      message: Created
- request:
    body: null
    headers:
      Accept:
      - application/xml
      Accept-Encoding:
      - gzip, deflate
      Connection:
      - keep-alive
      User-Agent:
      - python/3.6.5 (Darwin-16.7.0-x86_64-i386-64bit) azure-core/0.0.1
      x-ms-client-request-id:
      - a27b42cc-8ecf-11e9-b35f-f45c89a7d159
      x-ms-date:
      - Fri, 14 Jun 2019 18:10:04 GMT
      x-ms-range:
      - bytes=0-33554431
      x-ms-version:
      - '2018-03-28'
    method: GET
    uri: https://remotestoragename.blob.core.windows.net/utcontainerb9e117e1/blobb9e117e1
  response:
    body:
      string: abcdefghijklmnopqrstuvwxyz
    headers:
      Accept-Ranges:
      - bytes
      Content-Length:
      - '26'
      Content-Range:
      - bytes 0-25/26
      Content-Type:
      - application/octet-stream
      Date:
      - Fri, 14 Jun 2019 18:10:04 GMT
      ETag:
      - '"0x8D6F0F3872099D3"'
      Last-Modified:
      - Fri, 14 Jun 2019 18:10:05 GMT
      Server:
      - Windows-Azure-Blob/1.0 Microsoft-HTTPAPI/2.0
      Vary:
      - Origin
      x-ms-blob-committed-block-count:
      - '1'
      x-ms-blob-type:
      - AppendBlob
      x-ms-creation-time:
      - Fri, 14 Jun 2019 18:10:05 GMT
      x-ms-lease-state:
      - available
      x-ms-lease-status:
      - unlocked
      x-ms-request-id:
      - 1f59a056-701e-0086-70dc-2230d2000000
      x-ms-server-encrypted:
      - 'true'
      x-ms-version:
      - '2018-03-28'
    status:
      code: 206
      message: Partial Content
- request:
    body: null
    headers:
      Accept:
      - '*/*'
      Accept-Encoding:
      - gzip, deflate
      Connection:
      - keep-alive
      Content-Length:
      - '0'
      User-Agent:
      - python/3.6.5 (Darwin-16.7.0-x86_64-i386-64bit) azure-core/0.0.1
      x-ms-blob-type:
      - AppendBlob
      x-ms-client-request-id:
      - 12e92674-8ed1-11e9-a745-f45c89a7d159
      x-ms-date:
      - Fri, 14 Jun 2019 18:20:22 GMT
      x-ms-version:
      - '2018-03-28'
    method: PUT
    uri: https://NzhL3hKZbJBuJ2484dPTR+xF30kYaWSSCbs2BzLgVVI1woqeST/1IgqaLm6QAOTxtGvxctSNbIR/1hW8yH+bJg==.blob.core.windows.net/utcontainerb9e117e1/blobb9e117e1
  response:
    body:
      string: ''
    headers:
      Content-Length:
      - '0'
      Date:
      - Fri, 14 Jun 2019 18:20:22 GMT
      ETag:
      - '"0x8D6F0F4F738DE0B"'
      Last-Modified:
      - Fri, 14 Jun 2019 18:20:22 GMT
      Server:
      - Windows-Azure-Blob/1.0 Microsoft-HTTPAPI/2.0
      x-ms-request-id:
      - 37b9206a-e01e-00cc-0ddd-2200b5000000
      x-ms-request-server-encrypted:
      - 'true'
      x-ms-version:
      - '2018-03-28'
    status:
      code: 201
      message: Created
- request:
    body: abcdefghijklmnopqrstuvwxyz
    headers:
      Accept:
      - '*/*'
      Accept-Encoding:
      - gzip, deflate
      Connection:
      - keep-alive
      Content-Length:
      - '26'
      Content-Type:
      - application/octet-stream
      User-Agent:
      - python/3.6.5 (Darwin-16.7.0-x86_64-i386-64bit) azure-core/0.0.1
      x-ms-client-request-id:
      - 13081ed0-8ed1-11e9-ab48-f45c89a7d159
      x-ms-date:
      - Fri, 14 Jun 2019 18:20:23 GMT
      x-ms-version:
      - '2018-03-28'
    method: PUT
    uri: https://NzhL3hKZbJBuJ2484dPTR+xF30kYaWSSCbs2BzLgVVI1woqeST/1IgqaLm6QAOTxtGvxctSNbIR/1hW8yH+bJg==.blob.core.windows.net/utcontainerb9e117e1/blobb9e117e1?comp=appendblock
  response:
    body:
      string: ''
    headers:
      Content-Length:
      - '0'
      Content-MD5:
      - w/zT12GS5AB9+0lsymfhOw==
      Date:
      - Fri, 14 Jun 2019 18:20:22 GMT
      ETag:
      - '"0x8D6F0F4F7414403"'
      Last-Modified:
      - Fri, 14 Jun 2019 18:20:23 GMT
      Server:
      - Windows-Azure-Blob/1.0 Microsoft-HTTPAPI/2.0
      x-ms-blob-append-offset:
      - '0'
      x-ms-blob-committed-block-count:
      - '1'
      x-ms-request-id:
      - 37b9208c-e01e-00cc-2ddd-2200b5000000
      x-ms-request-server-encrypted:
      - 'true'
      x-ms-version:
      - '2018-03-28'
    status:
      code: 201
      message: Created
- request:
    body: null
    headers:
      Accept:
      - application/xml
      Accept-Encoding:
      - gzip, deflate
      Connection:
      - keep-alive
      User-Agent:
      - python/3.6.5 (Darwin-16.7.0-x86_64-i386-64bit) azure-core/0.0.1
      x-ms-client-request-id:
      - 1310dae8-8ed1-11e9-b04a-f45c89a7d159
      x-ms-date:
      - Fri, 14 Jun 2019 18:20:23 GMT
      x-ms-range:
      - bytes=0-33554431
      x-ms-version:
      - '2018-03-28'
    method: GET
    uri: https://NzhL3hKZbJBuJ2484dPTR+xF30kYaWSSCbs2BzLgVVI1woqeST/1IgqaLm6QAOTxtGvxctSNbIR/1hW8yH+bJg==.blob.core.windows.net/utcontainerb9e117e1/blobb9e117e1
  response:
    body:
      string: abcdefghijklmnopqrstuvwxyz
    headers:
      Accept-Ranges:
      - bytes
      Content-Length:
      - '26'
      Content-Range:
      - bytes 0-25/26
      Content-Type:
      - application/octet-stream
      Date:
      - Fri, 14 Jun 2019 18:20:22 GMT
      ETag:
      - '"0x8D6F0F4F7414403"'
      Last-Modified:
      - Fri, 14 Jun 2019 18:20:23 GMT
      Server:
      - Windows-Azure-Blob/1.0 Microsoft-HTTPAPI/2.0
      Vary:
      - Origin
      x-ms-blob-committed-block-count:
      - '1'
      x-ms-blob-type:
      - AppendBlob
      x-ms-creation-time:
      - Fri, 14 Jun 2019 18:20:22 GMT
      x-ms-lease-state:
      - available
      x-ms-lease-status:
      - unlocked
      x-ms-request-id:
      - 37b920df-e01e-00cc-7bdd-2200b5000000
      x-ms-server-encrypted:
      - 'true'
      x-ms-version:
      - '2018-03-28'
    status:
      code: 206
      message: Partial Content
- request:
    body: null
    headers:
      Accept:
      - '*/*'
      Accept-Encoding:
      - gzip, deflate
      Connection:
      - keep-alive
      Content-Length:
      - '0'
      User-Agent:
      - python/3.6.5 (Darwin-16.7.0-x86_64-i386-64bit) azure-core/0.0.1
      x-ms-blob-type:
      - AppendBlob
      x-ms-client-request-id:
      - d838efe2-8ed1-11e9-9918-f45c89a7d159
      x-ms-date:
      - Fri, 14 Jun 2019 18:25:53 GMT
      x-ms-version:
      - '2018-03-28'
    method: PUT
    uri: https://storagename.blob.core.windows.net/utcontainerb9e117e1/blobb9e117e1
  response:
    body:
      string: ''
    headers:
      Content-Length:
      - '0'
      Date:
      - Fri, 14 Jun 2019 18:25:53 GMT
      ETag:
      - '"0x8D6F0F5BC8A4ED4"'
      Last-Modified:
      - Fri, 14 Jun 2019 18:25:54 GMT
      Server:
      - Windows-Azure-Blob/1.0 Microsoft-HTTPAPI/2.0
      x-ms-request-id:
      - e1d9d87c-601e-0099-7ede-22ebc2000000
      x-ms-request-server-encrypted:
      - 'true'
      x-ms-version:
      - '2018-03-28'
    status:
      code: 201
      message: Created
- request:
    body: abcdefghijklmnopqrstuvwxyz
    headers:
      Accept:
      - '*/*'
      Accept-Encoding:
      - gzip, deflate
      Connection:
      - keep-alive
      Content-Length:
      - '26'
      Content-Type:
      - application/octet-stream
      User-Agent:
      - python/3.6.5 (Darwin-16.7.0-x86_64-i386-64bit) azure-core/0.0.1
      x-ms-client-request-id:
      - d85ca798-8ed1-11e9-aab9-f45c89a7d159
      x-ms-date:
      - Fri, 14 Jun 2019 18:25:54 GMT
      x-ms-version:
      - '2018-03-28'
    method: PUT
    uri: https://storagename.blob.core.windows.net/utcontainerb9e117e1/blobb9e117e1?comp=appendblock
  response:
    body:
      string: ''
    headers:
      Content-Length:
      - '0'
      Content-MD5:
      - w/zT12GS5AB9+0lsymfhOw==
      Date:
      - Fri, 14 Jun 2019 18:25:53 GMT
      ETag:
      - '"0x8D6F0F5BC9610C9"'
      Last-Modified:
      - Fri, 14 Jun 2019 18:25:54 GMT
      Server:
      - Windows-Azure-Blob/1.0 Microsoft-HTTPAPI/2.0
      x-ms-blob-append-offset:
      - '0'
      x-ms-blob-committed-block-count:
      - '1'
      x-ms-request-id:
      - e1d9d8b1-601e-0099-31de-22ebc2000000
      x-ms-request-server-encrypted:
      - 'true'
      x-ms-version:
      - '2018-03-28'
    status:
      code: 201
      message: Created
- request:
    body: null
    headers:
      Accept:
      - application/xml
      Accept-Encoding:
      - gzip, deflate
      Connection:
      - keep-alive
      User-Agent:
      - python/3.6.5 (Darwin-16.7.0-x86_64-i386-64bit) azure-core/0.0.1
      x-ms-client-request-id:
      - d8656a5c-8ed1-11e9-a4f0-f45c89a7d159
      x-ms-date:
      - Fri, 14 Jun 2019 18:25:54 GMT
      x-ms-range:
      - bytes=0-33554431
      x-ms-version:
      - '2018-03-28'
    method: GET
    uri: https://storagename.blob.core.windows.net/utcontainerb9e117e1/blobb9e117e1
  response:
    body:
      string: abcdefghijklmnopqrstuvwxyz
    headers:
      Accept-Ranges:
      - bytes
      Content-Length:
      - '26'
      Content-Range:
      - bytes 0-25/26
      Content-Type:
      - application/octet-stream
      Date:
      - Fri, 14 Jun 2019 18:25:53 GMT
      ETag:
      - '"0x8D6F0F5BC9610C9"'
      Last-Modified:
      - Fri, 14 Jun 2019 18:25:54 GMT
      Server:
      - Windows-Azure-Blob/1.0 Microsoft-HTTPAPI/2.0
      Vary:
      - Origin
      x-ms-blob-committed-block-count:
      - '1'
      x-ms-blob-type:
      - AppendBlob
      x-ms-creation-time:
      - Fri, 14 Jun 2019 18:25:54 GMT
      x-ms-lease-state:
      - available
      x-ms-lease-status:
      - unlocked
      x-ms-request-id:
      - e1d9d8bf-601e-0099-3dde-22ebc2000000
      x-ms-server-encrypted:
      - 'true'
      x-ms-version:
      - '2018-03-28'
    status:
      code: 206
      message: Partial Content
- request:
    body: null
    headers:
      Accept:
      - '*/*'
      Accept-Encoding:
      - gzip, deflate
      Connection:
      - keep-alive
      Content-Length:
      - '0'
      User-Agent:
      - python/3.6.5 (Darwin-16.7.0-x86_64-i386-64bit) azure-core/0.0.1
      x-ms-blob-type:
      - AppendBlob
      x-ms-client-request-id:
      - b279015e-8ed2-11e9-a3da-f45c89a7d159
      x-ms-date:
      - Fri, 14 Jun 2019 18:32:00 GMT
      x-ms-version:
      - '2018-03-28'
    method: PUT
    uri: https://storagename.blob.core.windows.net/utcontainerb9e117e1/blobb9e117e1
  response:
    body:
      string: ''
    headers:
      Content-Length:
      - '0'
      Date:
      - Fri, 14 Jun 2019 18:31:59 GMT
      ETag:
      - '"0x8D6F0F696CCAB1E"'
      Last-Modified:
      - Fri, 14 Jun 2019 18:32:00 GMT
      Server:
      - Windows-Azure-Blob/1.0 Microsoft-HTTPAPI/2.0
      x-ms-request-id:
      - 52003dbd-101e-0051-46df-227af5000000
      x-ms-request-server-encrypted:
      - 'true'
      x-ms-version:
      - '2018-03-28'
    status:
      code: 201
      message: Created
- request:
    body: abcdefghijklmnopqrstuvwxyz
    headers:
      Accept:
      - '*/*'
      Accept-Encoding:
      - gzip, deflate
      Connection:
      - keep-alive
      Content-Length:
      - '26'
      Content-Type:
      - application/octet-stream
      User-Agent:
      - python/3.6.5 (Darwin-16.7.0-x86_64-i386-64bit) azure-core/0.0.1
      x-ms-client-request-id:
      - b29cb7f4-8ed2-11e9-a29d-f45c89a7d159
      x-ms-date:
      - Fri, 14 Jun 2019 18:32:00 GMT
      x-ms-version:
      - '2018-03-28'
    method: PUT
    uri: https://storagename.blob.core.windows.net/utcontainerb9e117e1/blobb9e117e1?comp=appendblock
  response:
    body:
      string: ''
    headers:
      Content-Length:
      - '0'
      Content-MD5:
      - w/zT12GS5AB9+0lsymfhOw==
      Date:
      - Fri, 14 Jun 2019 18:31:59 GMT
      ETag:
      - '"0x8D6F0F696D73452"'
      Last-Modified:
      - Fri, 14 Jun 2019 18:32:00 GMT
      Server:
      - Windows-Azure-Blob/1.0 Microsoft-HTTPAPI/2.0
      x-ms-blob-append-offset:
      - '0'
      x-ms-blob-committed-block-count:
      - '1'
      x-ms-request-id:
      - 52003dda-101e-0051-61df-227af5000000
      x-ms-request-server-encrypted:
      - 'true'
      x-ms-version:
      - '2018-03-28'
    status:
      code: 201
      message: Created
- request:
    body: null
    headers:
      Accept:
      - application/xml
      Accept-Encoding:
      - gzip, deflate
      Connection:
      - keep-alive
      User-Agent:
      - python/3.6.5 (Darwin-16.7.0-x86_64-i386-64bit) azure-core/0.0.1
      x-ms-client-request-id:
      - b2a6e588-8ed2-11e9-989a-f45c89a7d159
      x-ms-date:
      - Fri, 14 Jun 2019 18:32:00 GMT
      x-ms-range:
      - bytes=0-33554431
      x-ms-version:
      - '2018-03-28'
    method: GET
    uri: https://storagename.blob.core.windows.net/utcontainerb9e117e1/blobb9e117e1
  response:
    body:
      string: abcdefghijklmnopqrstuvwxyz
    headers:
      Accept-Ranges:
      - bytes
      Content-Length:
      - '26'
      Content-Range:
      - bytes 0-25/26
      Content-Type:
      - application/octet-stream
      Date:
      - Fri, 14 Jun 2019 18:31:59 GMT
      ETag:
      - '"0x8D6F0F696D73452"'
      Last-Modified:
      - Fri, 14 Jun 2019 18:32:00 GMT
      Server:
      - Windows-Azure-Blob/1.0 Microsoft-HTTPAPI/2.0
      Vary:
      - Origin
      x-ms-blob-committed-block-count:
      - '1'
      x-ms-blob-type:
      - AppendBlob
      x-ms-creation-time:
      - Fri, 14 Jun 2019 18:32:00 GMT
      x-ms-lease-state:
      - available
      x-ms-lease-status:
      - unlocked
      x-ms-request-id:
      - 52003dfc-101e-0051-7ddf-227af5000000
      x-ms-server-encrypted:
      - 'true'
      x-ms-version:
      - '2018-03-28'
    status:
      code: 206
      message: Partial Content
version: 1
