interactions:
- request:
    body: null
    headers:
      Accept:
      - application/xml
      Accept-Encoding:
      - gzip, deflate
      Connection:
      - keep-alive
      Content-Length:
      - '0'
      User-Agent:
      - azsdk-python-storage-blob/12.8.0 Python/3.8.5 (Windows-10-10.0.19041-SP0)
      x-ms-date:
      - Wed, 03 Mar 2021 01:07:12 GMT
      x-ms-version:
      - '2020-06-12'
    method: PUT
    uri: https://storagename.blob.core.windows.net/container40320ffd?restype=container
  response:
    body:
      string: ''
    headers:
      content-length:
      - '0'
      date:
      - Wed, 03 Mar 2021 01:07:11 GMT
      etag:
      - '"0x8D8DDE0AD071490"'
      last-modified:
      - Wed, 03 Mar 2021 01:07:11 GMT
      server:
      - Windows-Azure-Blob/1.0 Microsoft-HTTPAPI/2.0
      x-ms-version:
      - '2020-06-12'
    status:
      code: 201
      message: Created
- request:
    body: hello world
    headers:
      Accept:
      - application/xml
      Accept-Encoding:
      - gzip, deflate
      Connection:
      - keep-alive
      Content-Length:
      - '11'
      Content-Type:
      - application/octet-stream
      If-None-Match:
      - '*'
      User-Agent:
      - azsdk-python-storage-blob/12.8.0 Python/3.8.5 (Windows-10-10.0.19041-SP0)
      x-ms-blob-type:
      - BlockBlob
      x-ms-date:
      - Wed, 03 Mar 2021 01:07:12 GMT
      x-ms-encryption-algorithm:
      - AES256
      x-ms-version:
      - '2020-06-12'
    method: PUT
    uri: https://storagename.blob.core.windows.net/container40320ffd/blob1
  response:
    body:
      string: ''
    headers:
      content-length:
      - '0'
      content-md5:
      - XrY7u+Ae7tCTyyK7j1rNww==
      date:
      - Wed, 03 Mar 2021 01:07:11 GMT
      etag:
      - '"0x8D8DDE0AD146176"'
      last-modified:
      - Wed, 03 Mar 2021 01:07:11 GMT
      server:
      - Windows-Azure-Blob/1.0 Microsoft-HTTPAPI/2.0
      x-ms-content-crc64:
      - vo7q9sPVKY0=
      x-ms-request-server-encrypted:
      - 'true'
      x-ms-version:
      - '2020-06-12'
    status:
      code: 201
      message: Created
- request:
    body: hello world
    headers:
      Accept:
      - application/xml
      Accept-Encoding:
      - gzip, deflate
      Connection:
      - keep-alive
      Content-Length:
      - '11'
      Content-Type:
      - application/octet-stream
      If-None-Match:
      - '*'
      User-Agent:
      - azsdk-python-storage-blob/12.8.0 Python/3.8.5 (Windows-10-10.0.19041-SP0)
      x-ms-blob-type:
      - BlockBlob
      x-ms-date:
      - Wed, 03 Mar 2021 01:07:12 GMT
      x-ms-encryption-algorithm:
      - AES256
      x-ms-version:
      - '2020-06-12'
    method: PUT
    uri: https://storagename.blob.core.windows.net/container40320ffd/blob2
  response:
    body:
      string: ''
    headers:
      content-length:
      - '0'
      content-md5:
      - XrY7u+Ae7tCTyyK7j1rNww==
      date:
      - Wed, 03 Mar 2021 01:07:11 GMT
      etag:
      - '"0x8D8DDE0AD23CE8A"'
      last-modified:
      - Wed, 03 Mar 2021 01:07:12 GMT
      server:
      - Windows-Azure-Blob/1.0 Microsoft-HTTPAPI/2.0
      x-ms-content-crc64:
      - vo7q9sPVKY0=
      x-ms-request-server-encrypted:
      - 'true'
      x-ms-version:
      - '2020-06-12'
    status:
      code: 201
      message: Created
- request:
    body: hello world
    headers:
      Accept:
      - application/xml
      Accept-Encoding:
      - gzip, deflate
      Connection:
      - keep-alive
      Content-Length:
      - '11'
      Content-Type:
      - application/octet-stream
      If-None-Match:
      - '*'
      User-Agent:
      - azsdk-python-storage-blob/12.8.0 Python/3.8.5 (Windows-10-10.0.19041-SP0)
      x-ms-blob-type:
      - BlockBlob
      x-ms-date:
      - Wed, 03 Mar 2021 01:07:12 GMT
      x-ms-encryption-algorithm:
      - AES256
      x-ms-version:
      - '2020-06-12'
    method: PUT
    uri: https://storagename.blob.core.windows.net/container40320ffd/blob3
  response:
    body:
      string: ''
    headers:
      content-length:
      - '0'
      content-md5:
      - XrY7u+Ae7tCTyyK7j1rNww==
      date:
      - Wed, 03 Mar 2021 01:07:11 GMT
      etag:
      - '"0x8D8DDE0AD2EF4D7"'
      last-modified:
      - Wed, 03 Mar 2021 01:07:12 GMT
      server:
      - Windows-Azure-Blob/1.0 Microsoft-HTTPAPI/2.0
      x-ms-content-crc64:
      - vo7q9sPVKY0=
      x-ms-request-server-encrypted:
      - 'true'
      x-ms-version:
      - '2020-06-12'
    status:
      code: 201
      message: Created
- request:
    body: null
    headers:
      Accept:
      - application/xml
      Accept-Encoding:
      - gzip, deflate
      Connection:
      - keep-alive
      User-Agent:
      - azsdk-python-storage-blob/12.8.0 Python/3.8.5 (Windows-10-10.0.19041-SP0)
      x-ms-date:
      - Wed, 03 Mar 2021 01:07:12 GMT
      x-ms-encryption-algorithm:
      - AES256
      x-ms-version:
      - '2020-06-12'
    method: HEAD
    uri: https://storagename.blob.core.windows.net/container40320ffd/blob1
  response:
    body:
      string: ''
    headers:
      accept-ranges:
      - bytes
      content-length:
      - '11'
      content-md5:
      - XrY7u+Ae7tCTyyK7j1rNww==
      content-type:
      - application/octet-stream
      date:
      - Wed, 03 Mar 2021 01:07:11 GMT
      etag:
      - '"0x8D8DDE0AD146176"'
      last-modified:
      - Wed, 03 Mar 2021 01:07:11 GMT
      server:
      - Windows-Azure-Blob/1.0 Microsoft-HTTPAPI/2.0
      vary:
      - Origin
      x-ms-access-tier:
      - Hot
      x-ms-access-tier-inferred:
      - 'true'
      x-ms-blob-type:
      - BlockBlob
      x-ms-creation-time:
      - Wed, 03 Mar 2021 01:07:11 GMT
      x-ms-lease-state:
      - available
      x-ms-lease-status:
      - unlocked
      x-ms-server-encrypted:
      - 'true'
      x-ms-version:
      - '2020-06-12'
    status:
      code: 200
      message: OK
- request:
    body: "--===============0557771650==\r\nContent-Type: application/http\r\nContent-Transfer-Encoding:
      binary\r\nContent-ID: 0\r\n\r\nDELETE /container40320ffd/blob1? HTTP/1.1\r\nIf-Match:
      \"0x8D8DDE0AD146176\"\r\nx-ms-date: Wed, 03 Mar 2021 01:07:12 GMT\r\nx-ms-client-request-id:
      c968b661-7bbc-11eb-880e-c8348e5fffbf\r\nAuthorization: SharedKey storagename:fake_shared_key=\r\n\r\n\r\n--===============0557771650==\r\nContent-Type:
      application/http\r\nContent-Transfer-Encoding: binary\r\nContent-ID: 1\r\n\r\nDELETE
      /container40320ffd/blob2? HTTP/1.1\r\nx-ms-date: Wed, 03 Mar 2021 01:07:12 GMT\r\nx-ms-client-request-id:
      c968b662-7bbc-11eb-85cb-c8348e5fffbf\r\nAuthorization: SharedKey storagename:fake_shared_key=\r\n\r\n\r\n--===============0557771650==\r\nContent-Type:
      application/http\r\nContent-Transfer-Encoding: binary\r\nContent-ID: 2\r\n\r\nDELETE
      /container40320ffd/blob3? HTTP/1.1\r\nx-ms-date: Wed, 03 Mar 2021 01:07:12 GMT\r\nx-ms-client-request-id:
      c968dd73-7bbc-11eb-8eac-c8348e5fffbf\r\nAuthorization: SharedKey storagename:fake_shared_key=\r\n\r\n\r\n--===============0557771650==--\r\n"
    headers:
      Accept:
      - '*/*'
      Accept-Encoding:
      - gzip, deflate
      Connection:
      - keep-alive
      Content-Length:
      - '1114'
      Content-Type:
      - multipart/mixed; boundary================0557771650==
      User-Agent:
      - azsdk-python-storage-blob/12.8.0 Python/3.8.5 (Windows-10-10.0.19041-SP0)
      x-ms-date:
      - Wed, 03 Mar 2021 01:07:12 GMT
      x-ms-version:
      - '2020-06-12'
    method: POST
    uri: https://storagename.blob.core.windows.net/container40320ffd?restype=container&comp=batch
  response:
    body:
      string: "--batchresponse_182ded06-cc0d-4220-aad0-d741e39ccc7e\r\nContent-Type:
        application/http\r\nContent-ID: 0\r\n\r\nHTTP/1.1 202 Accepted\r\nx-ms-delete-type-permanent:
        true\r\nx-ms-request-id: 8592c0db-f01e-006e-20c9-0f06db1e8012\r\nx-ms-version:
        2020-06-12\r\nx-ms-client-request-id: c968b661-7bbc-11eb-880e-c8348e5fffbf\r\nServer:
        Windows-Azure-Blob/1.0\r\n\r\n--batchresponse_182ded06-cc0d-4220-aad0-d741e39ccc7e\r\nContent-Type:
        application/http\r\nContent-ID: 1\r\n\r\nHTTP/1.1 202 Accepted\r\nx-ms-delete-type-permanent:
        true\r\nx-ms-request-id: 8592c0db-f01e-006e-20c9-0f06db1e8014\r\nx-ms-version:
        2020-06-12\r\nx-ms-client-request-id: c968b662-7bbc-11eb-85cb-c8348e5fffbf\r\nServer:
        Windows-Azure-Blob/1.0\r\n\r\n--batchresponse_182ded06-cc0d-4220-aad0-d741e39ccc7e\r\nContent-Type:
        application/http\r\nContent-ID: 2\r\n\r\nHTTP/1.1 202 Accepted\r\nx-ms-delete-type-permanent:
        true\r\nx-ms-request-id: 8592c0db-f01e-006e-20c9-0f06db1e8015\r\nx-ms-version:
        2020-06-12\r\nx-ms-client-request-id: c968dd73-7bbc-11eb-8eac-c8348e5fffbf\r\nServer:
        Windows-Azure-Blob/1.0\r\n\r\n--batchresponse_182ded06-cc0d-4220-aad0-d741e39ccc7e--"
    headers:
      content-type:
      - multipart/mixed; boundary=batchresponse_182ded06-cc0d-4220-aad0-d741e39ccc7e
      date:
      - Wed, 03 Mar 2021 01:07:12 GMT
      server:
      - Windows-Azure-Blob/1.0 Microsoft-HTTPAPI/2.0
      transfer-encoding:
      - chunked
      x-ms-version:
      - '2020-06-12'
    status:
      code: 202
      message: Accepted
version: 1
