interactions:
- request:
    body: null
    headers:
      Accept:
      - '*/*'
      Accept-Encoding:
      - gzip, deflate
      Connection:
      - keep-alive
      Content-Length:
      - '0'
      User-Agent:
      - azsdk-python-storage-blob/12.0.0b5 Python/3.6.3 (Windows-10-10.0.18362-SP0)
      x-ms-date:
      - Fri, 25 Oct 2019 19:01:20 GMT
      x-ms-version:
      - '2019-02-02'
    method: PUT
    uri: https://blobstoragename.blob.core.windows.net/utcontainer80a61145?restype=container
  response:
    body:
      string: ''
    headers:
      content-length:
      - '0'
      date:
      - Fri, 25 Oct 2019 19:01:19 GMT
      etag:
      - '"0x8D7597DB8B4EC3C"'
      last-modified:
      - Fri, 25 Oct 2019 19:01:20 GMT
      server:
      - Windows-Azure-Blob/1.0 Microsoft-HTTPAPI/2.0
      x-ms-version:
      - '2019-02-02'
    status:
      code: 201
      message: Created
- request:
    body: null
    headers:
      Accept:
      - '*/*'
      Accept-Encoding:
      - gzip, deflate
      Connection:
      - keep-alive
      Content-Length:
      - '0'
      User-Agent:
      - azsdk-python-storage-blob/12.0.0b5 Python/3.6.3 (Windows-10-10.0.18362-SP0)
      x-ms-date:
      - Fri, 25 Oct 2019 19:01:20 GMT
      x-ms-version:
      - '2019-02-02'
    method: PUT
    uri: https://blobstoragename.blob.core.windows.net/utcontainersource80a61145?restype=container
  response:
    body:
      string: ''
    headers:
      content-length:
      - '0'
      date:
      - Fri, 25 Oct 2019 19:01:19 GMT
      etag:
      - '"0x8D7597DB8BD0408"'
      last-modified:
      - Fri, 25 Oct 2019 19:01:20 GMT
      server:
      - Windows-Azure-Blob/1.0 Microsoft-HTTPAPI/2.0
      x-ms-version:
      - '2019-02-02'
    status:
      code: 201
      message: Created
- request:
    body: null
    headers:
      Accept:
      - '*/*'
      Accept-Encoding:
      - gzip, deflate
      Connection:
      - keep-alive
      Content-Length:
      - '0'
      User-Agent:
      - azsdk-python-storage-blob/12.0.0b5 Python/3.6.3 (Windows-10-10.0.18362-SP0)
      x-ms-blob-type:
      - AppendBlob
      x-ms-date:
      - Fri, 25 Oct 2019 19:01:20 GMT
      x-ms-version:
      - '2019-02-02'
    method: PUT
    uri: https://blobstoragename.blob.core.windows.net/utcontainer80a61145/blob80a61145
  response:
    body:
      string: ''
    headers:
      content-length:
      - '0'
      date:
      - Fri, 25 Oct 2019 19:01:19 GMT
      etag:
      - '"0x8D7597DB8C4E170"'
      last-modified:
      - Fri, 25 Oct 2019 19:01:20 GMT
      server:
      - Windows-Azure-Blob/1.0 Microsoft-HTTPAPI/2.0
      x-ms-request-server-encrypted:
      - 'true'
      x-ms-version:
      - '2019-02-02'
    status:
      code: 201
      message: Created
- request:
    body: block
    headers:
      Accept:
      - '*/*'
      Accept-Encoding:
      - gzip, deflate
      Connection:
      - keep-alive
      Content-Length:
      - '5'
      Content-MD5:
      - FFEfL1VkZQ0SnKfKvDMyeA==
      Content-Type:
      - application/octet-stream
      User-Agent:
      - azsdk-python-storage-blob/12.0.0b5 Python/3.6.3 (Windows-10-10.0.18362-SP0)
      x-ms-date:
      - Fri, 25 Oct 2019 19:01:20 GMT
      x-ms-version:
      - '2019-02-02'
    method: PUT
    uri: https://blobstoragename.blob.core.windows.net/utcontainer80a61145/blob80a61145?comp=appendblock
  response:
    body:
      string: ''
    headers:
      content-length:
      - '0'
      content-md5:
      - FFEfL1VkZQ0SnKfKvDMyeA==
      date:
      - Fri, 25 Oct 2019 19:01:20 GMT
      etag:
      - '"0x8D7597DB8CC5CD4"'
      last-modified:
      - Fri, 25 Oct 2019 19:01:20 GMT
      server:
      - Windows-Azure-Blob/1.0 Microsoft-HTTPAPI/2.0
      x-ms-blob-append-offset:
      - '0'
      x-ms-blob-committed-block-count:
      - '1'
      x-ms-request-server-encrypted:
      - 'true'
      x-ms-version:
      - '2019-02-02'
    status:
      code: 201
      message: Created
version: 1
