interactions:
- request:
    body: '<?xml version=''1.0'' encoding=''utf-8''?>

      <StorageServiceProperties><DeleteRetentionPolicy><Enabled>true</Enabled><Days>2</Days></DeleteRetentionPolicy></StorageServiceProperties>'
    headers:
      Content-Length:
      - '176'
      Content-Type:
      - application/xml; charset=utf-8
      User-Agent:
      - azsdk-python-storage-blob/12.0.0b1 Python/3.7.3 (Windows-10-10.0.18362-SP0)
      x-ms-client-request-id:
      - 074d6f86-b324-11e9-b124-b831b58100e8
      x-ms-date:
      - Tue, 30 Jul 2019 23:44:53 GMT
      x-ms-version:
      - '2018-03-28'
    method: PUT
    uri: https://blobstoragename.blob.core.windows.net/?restype=service&comp=properties
  response:
    body:
      string: ''
    headers:
      ? !!python/object/new:multidict._istr.istr
      - Content-Length
      : '0'
      ? !!python/object/new:multidict._istr.istr
      - Date
      : Tue, 30 Jul 2019 23:44:52 GMT
      ? !!python/object/new:multidict._istr.istr
      - Server
      : Windows-Azure-Blob/1.0 Microsoft-HTTPAPI/2.0
      x-ms-request-id: fc4d06a2-201e-007b-7430-470fb0000000
      x-ms-version: '2018-03-28'
    status:
      code: 202
      message: Accepted
    url: !!python/object/new:yarl.URL
      state: !!python/tuple
      - !!python/object/new:urllib.parse.SplitResult
        - https
        - amqptest.blob.core.windows.net
        - /
        - restype=service&comp=properties
        - ''
- request:
    body: null
    headers:
      Accept:
      - application/xml
      User-Agent:
      - azsdk-python-storage-blob/12.0.0b1 Python/3.7.3 (Windows-10-10.0.18362-SP0)
      content-type:
      - application/xml; charset=utf-8
      x-ms-client-request-id:
      - 079377b4-b324-11e9-9d37-b831b58100e8
      x-ms-date:
      - Tue, 30 Jul 2019 23:44:53 GMT
      x-ms-version:
      - '2018-03-28'
    method: GET
    uri: https://blobstoragename.blob.core.windows.net/?restype=service&comp=properties
  response:
    body:
      string: "\uFEFF<?xml version=\"1.0\" encoding=\"utf-8\"?><StorageServiceProperties><Logging><Version>1.0</Version><Read>false</Read><Write>false</Write><Delete>false</Delete><RetentionPolicy><Enabled>false</Enabled></RetentionPolicy></Logging><HourMetrics><Version>1.0</Version><Enabled>false</Enabled><RetentionPolicy><Enabled>false</Enabled></RetentionPolicy></HourMetrics><MinuteMetrics><Version>1.0</Version><Enabled>false</Enabled><RetentionPolicy><Enabled>false</Enabled></RetentionPolicy></MinuteMetrics><Cors><CorsRule><AllowedMethods>GET</AllowedMethods><AllowedOrigins>www.xyz.com</AllowedOrigins><AllowedHeaders
        /><ExposedHeaders /><MaxAgeInSeconds>0</MaxAgeInSeconds></CorsRule><CorsRule><AllowedMethods>GET,PUT</AllowedMethods><AllowedOrigins>www.xyz.com,www.ab.com,www.bc.com</AllowedOrigins><AllowedHeaders>x-ms-meta-xyz,x-ms-meta-foo,x-ms-meta-data*,x-ms-meta-target*</AllowedHeaders><ExposedHeaders>x-ms-meta-abc,x-ms-meta-bcd,x-ms-meta-data*,x-ms-meta-source*</ExposedHeaders><MaxAgeInSeconds>500</MaxAgeInSeconds></CorsRule></Cors><DeleteRetentionPolicy><Enabled>true</Enabled><Days>2</Days></DeleteRetentionPolicy><StaticWebsite><Enabled>false</Enabled></StaticWebsite><DefaultServiceVersion>2014-02-14</DefaultServiceVersion></StorageServiceProperties>"
    headers:
      ? !!python/object/new:multidict._istr.istr
      - Content-Type
      : application/xml
      ? !!python/object/new:multidict._istr.istr
      - Date
      : Tue, 30 Jul 2019 23:44:52 GMT
      ? !!python/object/new:multidict._istr.istr
      - Server
      : Windows-Azure-Blob/1.0 Microsoft-HTTPAPI/2.0
      ? !!python/object/new:multidict._istr.istr
      - Transfer-Encoding
      : chunked
      x-ms-request-id: fc4d070e-201e-007b-5030-470fb0000000
      x-ms-version: '2018-03-28'
    status:
      code: 200
      message: OK
    url: !!python/object/new:yarl.URL
      state: !!python/tuple
      - !!python/object/new:urllib.parse.SplitResult
        - https
        - amqptest.blob.core.windows.net
        - /
        - restype=service&comp=properties
        - ''
- request:
    body: '<?xml version=''1.0'' encoding=''utf-8''?>

      <StorageServiceProperties><DeleteRetentionPolicy><Enabled>true</Enabled><Days>2</Days></DeleteRetentionPolicy></StorageServiceProperties>'
    headers:
      Content-Length:
      - '176'
      Content-Type:
      - application/xml; charset=utf-8
      User-Agent:
      - azsdk-python-storage-blob/12.0.0b1 Python/3.7.3 (Windows-10-10.0.18362-SP0)
      x-ms-client-request-id:
      - 0cc7d106-b325-11e9-a8f9-b831b58100e8
      x-ms-date:
      - Tue, 30 Jul 2019 23:52:12 GMT
      x-ms-version:
      - '2018-03-28'
    method: PUT
    uri: https://blobstoragename.blob.core.windows.net/?restype=service&comp=properties
  response:
    body:
      string: ''
    headers:
      ? !!python/object/new:multidict._istr.istr
      - Content-Length
      : '0'
      ? !!python/object/new:multidict._istr.istr
      - Date
      : Tue, 30 Jul 2019 23:52:12 GMT
      ? !!python/object/new:multidict._istr.istr
      - Server
      : Windows-Azure-Blob/1.0 Microsoft-HTTPAPI/2.0
      x-ms-request-id: def0eea3-e01e-0083-2c31-47c4ad000000
      x-ms-version: '2018-03-28'
    status:
      code: 202
      message: Accepted
    url: !!python/object/new:yarl.URL
      state: !!python/tuple
      - !!python/object/new:urllib.parse.SplitResult
        - https
        - amqptest.blob.core.windows.net
        - /
        - restype=service&comp=properties
        - ''
- request:
    body: null
    headers:
      Accept:
      - application/xml
      User-Agent:
      - azsdk-python-storage-blob/12.0.0b1 Python/3.7.3 (Windows-10-10.0.18362-SP0)
      content-type:
      - application/xml; charset=utf-8
      x-ms-client-request-id:
      - 0cee038c-b325-11e9-9ae5-b831b58100e8
      x-ms-date:
      - Tue, 30 Jul 2019 23:52:12 GMT
      x-ms-version:
      - '2018-03-28'
    method: GET
    uri: https://blobstoragename.blob.core.windows.net/?restype=service&comp=properties
  response:
    body:
      string: "\uFEFF<?xml version=\"1.0\" encoding=\"utf-8\"?><StorageServiceProperties><Logging><Version>1.0</Version><Read>false</Read><Write>false</Write><Delete>false</Delete><RetentionPolicy><Enabled>false</Enabled></RetentionPolicy></Logging><HourMetrics><Version>1.0</Version><Enabled>false</Enabled><RetentionPolicy><Enabled>false</Enabled></RetentionPolicy></HourMetrics><MinuteMetrics><Version>1.0</Version><Enabled>false</Enabled><RetentionPolicy><Enabled>false</Enabled></RetentionPolicy></MinuteMetrics><Cors><CorsRule><AllowedMethods>GET</AllowedMethods><AllowedOrigins>www.xyz.com</AllowedOrigins><AllowedHeaders
        /><ExposedHeaders /><MaxAgeInSeconds>0</MaxAgeInSeconds></CorsRule><CorsRule><AllowedMethods>GET,PUT</AllowedMethods><AllowedOrigins>www.xyz.com,www.ab.com,www.bc.com</AllowedOrigins><AllowedHeaders>x-ms-meta-xyz,x-ms-meta-foo,x-ms-meta-data*,x-ms-meta-target*</AllowedHeaders><ExposedHeaders>x-ms-meta-abc,x-ms-meta-bcd,x-ms-meta-data*,x-ms-meta-source*</ExposedHeaders><MaxAgeInSeconds>500</MaxAgeInSeconds></CorsRule></Cors><DeleteRetentionPolicy><Enabled>true</Enabled><Days>2</Days></DeleteRetentionPolicy><StaticWebsite><Enabled>false</Enabled></StaticWebsite><DefaultServiceVersion>2014-02-14</DefaultServiceVersion></StorageServiceProperties>"
    headers:
      ? !!python/object/new:multidict._istr.istr
      - Content-Type
      : application/xml
      ? !!python/object/new:multidict._istr.istr
      - Date
      : Tue, 30 Jul 2019 23:52:12 GMT
      ? !!python/object/new:multidict._istr.istr
      - Server
      : Windows-Azure-Blob/1.0 Microsoft-HTTPAPI/2.0
      ? !!python/object/new:multidict._istr.istr
      - Transfer-Encoding
      : chunked
      ? !!python/object/new:multidict._istr.istr
      - Vary
      : Origin
      x-ms-request-id: def0eed2-e01e-0083-4d31-47c4ad000000
      x-ms-version: '2018-03-28'
    status:
      code: 200
      message: OK
    url: !!python/object/new:yarl.URL
      state: !!python/tuple
      - !!python/object/new:urllib.parse.SplitResult
        - https
        - amqptest.blob.core.windows.net
        - /
        - restype=service&comp=properties
        - ''
- request:
    body: '<?xml version=''1.0'' encoding=''utf-8''?>

      <StorageServiceProperties><DeleteRetentionPolicy><Enabled>true</Enabled><Days>2</Days></DeleteRetentionPolicy></StorageServiceProperties>'
    headers:
      Content-Length:
      - '176'
      Content-Type:
      - application/xml; charset=utf-8
      User-Agent:
      - azsdk-python-storage-blob/12.0.0b1 Python/3.7.3 (Windows-10-10.0.18362-SP0)
      x-ms-client-request-id:
      - 4a7990c6-b328-11e9-bd08-b831b58100e8
      x-ms-date:
      - Wed, 31 Jul 2019 00:15:24 GMT
      x-ms-version:
      - '2018-03-28'
    method: PUT
    uri: https://blobstoragename.blob.core.windows.net/?restype=service&comp=properties
  response:
    body:
      string: ''
    headers:
      ? !!python/object/new:multidict._istr.istr
      - Content-Length
      : '0'
      ? !!python/object/new:multidict._istr.istr
      - Date
      : Wed, 31 Jul 2019 00:15:23 GMT
      ? !!python/object/new:multidict._istr.istr
      - Server
      : Windows-Azure-Blob/1.0 Microsoft-HTTPAPI/2.0
      x-ms-request-id: b4eb7e31-b01e-00d4-0335-472d20000000
      x-ms-version: '2018-03-28'
    status:
      code: 202
      message: Accepted
    url: !!python/object/new:yarl.URL
      state: !!python/tuple
      - !!python/object/new:urllib.parse.SplitResult
        - https
        - amqptest.blob.core.windows.net
        - /
        - restype=service&comp=properties
        - ''
- request:
    body: null
    headers:
      Accept:
      - application/xml
      User-Agent:
      - azsdk-python-storage-blob/12.0.0b1 Python/3.7.3 (Windows-10-10.0.18362-SP0)
      content-type:
      - application/xml; charset=utf-8
      x-ms-client-request-id:
      - 4a97c986-b328-11e9-b4c2-b831b58100e8
      x-ms-date:
      - Wed, 31 Jul 2019 00:15:24 GMT
      x-ms-version:
      - '2018-03-28'
    method: GET
    uri: https://blobstoragename.blob.core.windows.net/?restype=service&comp=properties
  response:
    body:
      string: "\uFEFF<?xml version=\"1.0\" encoding=\"utf-8\"?><StorageServiceProperties><Logging><Version>1.0</Version><Read>false</Read><Write>false</Write><Delete>false</Delete><RetentionPolicy><Enabled>false</Enabled></RetentionPolicy></Logging><HourMetrics><Version>1.0</Version><Enabled>false</Enabled><RetentionPolicy><Enabled>false</Enabled></RetentionPolicy></HourMetrics><MinuteMetrics><Version>1.0</Version><Enabled>false</Enabled><RetentionPolicy><Enabled>false</Enabled></RetentionPolicy></MinuteMetrics><Cors><CorsRule><AllowedMethods>GET</AllowedMethods><AllowedOrigins>www.xyz.com</AllowedOrigins><AllowedHeaders
        /><ExposedHeaders /><MaxAgeInSeconds>0</MaxAgeInSeconds></CorsRule><CorsRule><AllowedMethods>GET,PUT</AllowedMethods><AllowedOrigins>www.xyz.com,www.ab.com,www.bc.com</AllowedOrigins><AllowedHeaders>x-ms-meta-xyz,x-ms-meta-foo,x-ms-meta-data*,x-ms-meta-target*</AllowedHeaders><ExposedHeaders>x-ms-meta-abc,x-ms-meta-bcd,x-ms-meta-data*,x-ms-meta-source*</ExposedHeaders><MaxAgeInSeconds>500</MaxAgeInSeconds></CorsRule></Cors><DeleteRetentionPolicy><Enabled>true</Enabled><Days>2</Days></DeleteRetentionPolicy><StaticWebsite><Enabled>false</Enabled></StaticWebsite><DefaultServiceVersion>2014-02-14</DefaultServiceVersion></StorageServiceProperties>"
    headers:
      ? !!python/object/new:multidict._istr.istr
      - Content-Type
      : application/xml
      ? !!python/object/new:multidict._istr.istr
      - Date
      : Wed, 31 Jul 2019 00:15:23 GMT
      ? !!python/object/new:multidict._istr.istr
      - Server
      : Windows-Azure-Blob/1.0 Microsoft-HTTPAPI/2.0
      ? !!python/object/new:multidict._istr.istr
      - Transfer-Encoding
      : chunked
      x-ms-request-id: b4eb7e61-b01e-00d4-2635-472d20000000
      x-ms-version: '2018-03-28'
    status:
      code: 200
      message: OK
    url: !!python/object/new:yarl.URL
      state: !!python/tuple
      - !!python/object/new:urllib.parse.SplitResult
        - https
        - amqptest.blob.core.windows.net
        - /
        - restype=service&comp=properties
        - ''
- request:
    body: '<?xml version=''1.0'' encoding=''utf-8''?>

      <StorageServiceProperties><DeleteRetentionPolicy><Enabled>true</Enabled><Days>2</Days></DeleteRetentionPolicy></StorageServiceProperties>'
    headers:
      Content-Length:
      - '176'
      Content-Type:
      - application/xml; charset=utf-8
      User-Agent:
      - azsdk-python-storage-blob/12.0.0b1 Python/3.7.3 (Windows-10-10.0.18362-SP0)
      x-ms-client-request-id:
      - 34cc5c58-b32c-11e9-be0c-b831b58100e8
      x-ms-date:
      - Wed, 31 Jul 2019 00:43:25 GMT
      x-ms-version:
      - '2018-03-28'
    method: PUT
    uri: https://blobstoragename.blob.core.windows.net/?restype=service&comp=properties
  response:
    body:
      string: ''
    headers:
      ? !!python/object/new:multidict._istr.istr
      - Content-Length
      : '0'
      ? !!python/object/new:multidict._istr.istr
      - Date
      : Wed, 31 Jul 2019 00:43:24 GMT
      ? !!python/object/new:multidict._istr.istr
      - Server
      : Windows-Azure-Blob/1.0 Microsoft-HTTPAPI/2.0
      x-ms-request-id: f52a1920-901e-002d-4238-47e7c0000000
      x-ms-version: '2018-03-28'
    status:
      code: 202
      message: Accepted
    url: !!python/object/new:yarl.URL
      state: !!python/tuple
      - !!python/object/new:urllib.parse.SplitResult
        - https
        - amqptest.blob.core.windows.net
        - /
        - restype=service&comp=properties
        - ''
- request:
    body: null
    headers:
      Accept:
      - application/xml
      User-Agent:
      - azsdk-python-storage-blob/12.0.0b1 Python/3.7.3 (Windows-10-10.0.18362-SP0)
      content-type:
      - application/xml; charset=utf-8
      x-ms-client-request-id:
      - 34ed9b4c-b32c-11e9-883d-b831b58100e8
      x-ms-date:
      - Wed, 31 Jul 2019 00:43:25 GMT
      x-ms-version:
      - '2018-03-28'
    method: GET
    uri: https://blobstoragename.blob.core.windows.net/?restype=service&comp=properties
  response:
    body:
      string: "\uFEFF<?xml version=\"1.0\" encoding=\"utf-8\"?><StorageServiceProperties><Logging><Version>1.0</Version><Read>false</Read><Write>false</Write><Delete>false</Delete><RetentionPolicy><Enabled>false</Enabled></RetentionPolicy></Logging><HourMetrics><Version>1.0</Version><Enabled>false</Enabled><RetentionPolicy><Enabled>false</Enabled></RetentionPolicy></HourMetrics><MinuteMetrics><Version>1.0</Version><Enabled>false</Enabled><RetentionPolicy><Enabled>false</Enabled></RetentionPolicy></MinuteMetrics><Cors><CorsRule><AllowedMethods>GET</AllowedMethods><AllowedOrigins>www.xyz.com</AllowedOrigins><AllowedHeaders
        /><ExposedHeaders /><MaxAgeInSeconds>0</MaxAgeInSeconds></CorsRule><CorsRule><AllowedMethods>GET,PUT</AllowedMethods><AllowedOrigins>www.xyz.com,www.ab.com,www.bc.com</AllowedOrigins><AllowedHeaders>x-ms-meta-xyz,x-ms-meta-foo,x-ms-meta-data*,x-ms-meta-target*</AllowedHeaders><ExposedHeaders>x-ms-meta-abc,x-ms-meta-bcd,x-ms-meta-data*,x-ms-meta-source*</ExposedHeaders><MaxAgeInSeconds>500</MaxAgeInSeconds></CorsRule></Cors><DeleteRetentionPolicy><Enabled>true</Enabled><Days>2</Days></DeleteRetentionPolicy><StaticWebsite><Enabled>false</Enabled></StaticWebsite><DefaultServiceVersion>2014-02-14</DefaultServiceVersion></StorageServiceProperties>"
    headers:
      ? !!python/object/new:multidict._istr.istr
      - Content-Type
      : application/xml
      ? !!python/object/new:multidict._istr.istr
      - Date
      : Wed, 31 Jul 2019 00:43:24 GMT
      ? !!python/object/new:multidict._istr.istr
      - Server
      : Windows-Azure-Blob/1.0 Microsoft-HTTPAPI/2.0
      ? !!python/object/new:multidict._istr.istr
      - Transfer-Encoding
      : chunked
      x-ms-request-id: f52a195e-901e-002d-7438-47e7c0000000
      x-ms-version: '2018-03-28'
    status:
      code: 200
      message: OK
    url: !!python/object/new:yarl.URL
      state: !!python/tuple
      - !!python/object/new:urllib.parse.SplitResult
        - https
        - amqptest.blob.core.windows.net
        - /
        - restype=service&comp=properties
        - ''
- request:
    body: '<?xml version=''1.0'' encoding=''utf-8''?>

      <StorageServiceProperties><DeleteRetentionPolicy><Enabled>true</Enabled><Days>2</Days></DeleteRetentionPolicy></StorageServiceProperties>'
    headers:
      Content-Length:
      - '176'
      Content-Type:
      - application/xml; charset=utf-8
      User-Agent:
      - azsdk-python-storage-blob/12.0.0b1 Python/3.7.3 (Windows-10-10.0.18362-SP0)
      x-ms-client-request-id:
      - 85b81ba6-b342-11e9-9c56-b831b58100e8
      x-ms-date:
      - Wed, 31 Jul 2019 03:23:10 GMT
      x-ms-version:
      - '2018-03-28'
    method: PUT
    uri: https://storagename.blob.core.windows.net/?restype=service&comp=properties
  response:
    body:
      string: ''
    headers:
      ? !!python/object/new:multidict._istr.istr
      - Content-Length
      : '0'
      ? !!python/object/new:multidict._istr.istr
      - Date
      : Wed, 31 Jul 2019 03:23:10 GMT
      ? !!python/object/new:multidict._istr.istr
      - Server
      : Windows-Azure-Blob/1.0 Microsoft-HTTPAPI/2.0
      x-ms-request-id: 6a556524-601e-00b0-124f-479d80000000
      x-ms-version: '2018-03-28'
    status:
      code: 202
      message: Accepted
    url: !!python/object/new:yarl.URL
      state: !!python/tuple
      - !!python/object/new:urllib.parse.SplitResult
        - https
        - amqptest.blob.core.windows.net
        - /
        - restype=service&comp=properties
        - ''
- request:
    body: null
    headers:
      Accept:
      - application/xml
      User-Agent:
      - azsdk-python-storage-blob/12.0.0b1 Python/3.7.3 (Windows-10-10.0.18362-SP0)
      content-type:
      - application/xml; charset=utf-8
      x-ms-client-request-id:
      - 85e66f26-b342-11e9-ae4b-b831b58100e8
      x-ms-date:
      - Wed, 31 Jul 2019 03:23:10 GMT
      x-ms-version:
      - '2018-03-28'
    method: GET
    uri: https://storagename.blob.core.windows.net/?restype=service&comp=properties
  response:
    body:
      string: "\uFEFF<?xml version=\"1.0\" encoding=\"utf-8\"?><StorageServiceProperties><Logging><Version>1.0</Version><Read>false</Read><Write>false</Write><Delete>false</Delete><RetentionPolicy><Enabled>false</Enabled></RetentionPolicy></Logging><HourMetrics><Version>1.0</Version><Enabled>false</Enabled><RetentionPolicy><Enabled>false</Enabled></RetentionPolicy></HourMetrics><MinuteMetrics><Version>1.0</Version><Enabled>false</Enabled><RetentionPolicy><Enabled>false</Enabled></RetentionPolicy></MinuteMetrics><Cors><CorsRule><AllowedMethods>GET</AllowedMethods><AllowedOrigins>www.xyz.com</AllowedOrigins><AllowedHeaders
        /><ExposedHeaders /><MaxAgeInSeconds>0</MaxAgeInSeconds></CorsRule><CorsRule><AllowedMethods>GET,PUT</AllowedMethods><AllowedOrigins>www.xyz.com,www.ab.com,www.bc.com</AllowedOrigins><AllowedHeaders>x-ms-meta-xyz,x-ms-meta-foo,x-ms-meta-data*,x-ms-meta-target*</AllowedHeaders><ExposedHeaders>x-ms-meta-abc,x-ms-meta-bcd,x-ms-meta-data*,x-ms-meta-source*</ExposedHeaders><MaxAgeInSeconds>500</MaxAgeInSeconds></CorsRule></Cors><DeleteRetentionPolicy><Enabled>true</Enabled><Days>2</Days></DeleteRetentionPolicy><StaticWebsite><Enabled>false</Enabled></StaticWebsite><DefaultServiceVersion>2014-02-14</DefaultServiceVersion></StorageServiceProperties>"
    headers:
      ? !!python/object/new:multidict._istr.istr
      - Content-Type
      : application/xml
      ? !!python/object/new:multidict._istr.istr
      - Date
      : Wed, 31 Jul 2019 03:23:10 GMT
      ? !!python/object/new:multidict._istr.istr
      - Server
      : Windows-Azure-Blob/1.0 Microsoft-HTTPAPI/2.0
      ? !!python/object/new:multidict._istr.istr
      - Transfer-Encoding
      : chunked
      x-ms-request-id: 6a556564-601e-00b0-484f-479d80000000
      x-ms-version: '2018-03-28'
    status:
      code: 200
      message: OK
    url: !!python/object/new:yarl.URL
      state: !!python/tuple
      - !!python/object/new:urllib.parse.SplitResult
        - https
        - amqptest.blob.core.windows.net
        - /
        - restype=service&comp=properties
        - ''
version: 1
