interactions:
- request:
    body: null
    headers:
      User-Agent:
      - azsdk-python-storage-blob/12.0.0b1 Python/3.7.3 (Windows-10-10.0.18362-SP0)
      content-type:
      - application/xml; charset=utf-8
      x-ms-client-request-id:
      - ddfac554-b4d3-11e9-a440-b831b58100e8
      x-ms-date:
      - Fri, 02 Aug 2019 03:16:06 GMT
      x-ms-version:
      - '2018-03-28'
    method: PUT
    uri: https://storagename.blob.core.windows.net/utcontainer213a196f?timeout=5&restype=container
  response:
    body:
      string: ''
    headers:
      ? !!python/object/new:multidict._istr.istr
      - Content-Length
      : '0'
      ? !!python/object/new:multidict._istr.istr
      - Date
      : Fri, 02 Aug 2019 03:16:05 GMT
      ? !!python/object/new:multidict._istr.istr
      - Etag
      : '"0x8D716F7C240B14E"'
      ? !!python/object/new:multidict._istr.istr
      - Last-Modified
      : Fri, 02 Aug 2019 03:16:06 GMT
      ? !!python/object/new:multidict._istr.istr
      - Server
      : Windows-Azure-Blob/1.0 Microsoft-HTTPAPI/2.0
      x-ms-request-id: b7c85854-d01e-00a2-4ee0-48a99c000000
      x-ms-version: '2018-03-28'
    status:
      code: 201
      message: Created
    url: !!python/object/new:yarl.URL
      state: !!python/tuple
      - !!python/object/new:urllib.parse.SplitResult
        - https
        - amqptest.blob.core.windows.net
        - /utcontainer213a196f
        - timeout=5&restype=container
        - ''
- request:
    body: null
    headers:
      User-Agent:
      - azsdk-python-storage-blob/12.0.0b1 Python/3.7.3 (Windows-10-10.0.18362-SP0)
      content-type:
      - application/xml; charset=utf-8
      x-ms-client-request-id:
      - de185f5a-b4d3-11e9-88b2-b831b58100e8
      x-ms-date:
      - Fri, 02 Aug 2019 03:16:06 GMT
      x-ms-version:
      - '2018-03-28'
    method: DELETE
    uri: https://storagename.blob.core.windows.net/utcontainer213a196f/blob213a196f
  response:
    body:
      string: "\uFEFF<?xml version=\"1.0\" encoding=\"utf-8\"?><Error><Code>BlobNotFound</Code><Message>The
        specified blob does not exist.\nRequestId:b7c85871-d01e-00a2-66e0-48a99c000000\nTime:2019-08-02T03:16:06.8747854Z</Message></Error>"
    headers:
      ? !!python/object/new:multidict._istr.istr
      - Content-Length
      : '215'
      ? !!python/object/new:multidict._istr.istr
      - Content-Type
      : application/xml
      ? !!python/object/new:multidict._istr.istr
      - Date
      : Fri, 02 Aug 2019 03:16:05 GMT
      ? !!python/object/new:multidict._istr.istr
      - Server
      : Windows-Azure-Blob/1.0 Microsoft-HTTPAPI/2.0
      x-ms-error-code: BlobNotFound
      x-ms-request-id: b7c85871-d01e-00a2-66e0-48a99c000000
      x-ms-version: '2018-03-28'
    status:
      code: 404
      message: The specified blob does not exist.
    url: !!python/object/new:yarl.URL
      state: !!python/tuple
      - !!python/object/new:urllib.parse.SplitResult
        - https
        - amqptest.blob.core.windows.net
        - /utcontainer213a196f/blob213a196f
        - ''
        - ''
- request:
    body: null
    headers:
      User-Agent:
      - azsdk-python-storage-blob/12.0.0b4 Python/3.7.3 (Windows-10-10.0.17763-SP0)
      x-ms-client-request-id:
      - 54b65bfa-e558-11e9-84aa-2816a845e8c6
      x-ms-date:
      - Wed, 02 Oct 2019 21:05:15 GMT
      x-ms-version:
      - '2019-02-02'
    method: PUT
    uri: https://blobstoragename.blob.core.windows.net/utcontainer213a196f?timeout=5&restype=container
  response:
    body:
      string: ''
    headers:
      ? !!python/object/new:multidict._istr.istr
      - Content-Length
      : '0'
      ? !!python/object/new:multidict._istr.istr
      - Date
      : Wed, 02 Oct 2019 21:05:14 GMT
      ? !!python/object/new:multidict._istr.istr
      - Etag
      : '"0x8D7477C38E06FB1"'
      ? !!python/object/new:multidict._istr.istr
      - Last-Modified
      : Wed, 02 Oct 2019 21:05:15 GMT
      ? !!python/object/new:multidict._istr.istr
      - Server
      : Windows-Azure-Blob/1.0 Microsoft-HTTPAPI/2.0
      x-ms-request-id: e56c28fb-701e-000e-5865-79880b000000
      x-ms-version: '2019-02-02'
    status:
      code: 201
      message: Created
    url: !!python/object/new:yarl.URL
      state: !!python/tuple
      - !!python/object/new:urllib.parse.SplitResult
        - https
        - amqptest.blob.core.windows.net
        - /utcontainer213a196f
        - timeout=5&restype=container
        - ''
- request:
    body: null
    headers:
      User-Agent:
      - azsdk-python-storage-blob/12.0.0b4 Python/3.7.3 (Windows-10-10.0.17763-SP0)
      x-ms-client-request-id:
      - 54d408e4-e558-11e9-801c-2816a845e8c6
      x-ms-date:
      - Wed, 02 Oct 2019 21:05:15 GMT
      x-ms-version:
      - '2019-02-02'
    method: DELETE
    uri: https://blobstoragename.blob.core.windows.net/utcontainer213a196f/blob213a196f
  response:
    body:
      string: "\uFEFF<?xml version=\"1.0\" encoding=\"utf-8\"?><Error><Code>BlobNotFound</Code><Message>The
        specified blob does not exist.\nRequestId:e56c293c-701e-000e-1065-79880b000000\nTime:2019-10-02T21:05:15.2714610Z</Message></Error>"
    headers:
      ? !!python/object/new:multidict._istr.istr
      - Content-Length
      : '215'
      ? !!python/object/new:multidict._istr.istr
      - Content-Type
      : application/xml
      ? !!python/object/new:multidict._istr.istr
      - Date
      : Wed, 02 Oct 2019 21:05:14 GMT
      ? !!python/object/new:multidict._istr.istr
      - Server
      : Windows-Azure-Blob/1.0 Microsoft-HTTPAPI/2.0
      x-ms-error-code: BlobNotFound
      x-ms-request-id: e56c293c-701e-000e-1065-79880b000000
      x-ms-version: '2019-02-02'
    status:
      code: 404
      message: The specified blob does not exist.
    url: !!python/object/new:yarl.URL
      state: !!python/tuple
      - !!python/object/new:urllib.parse.SplitResult
        - https
        - amqptest.blob.core.windows.net
        - /utcontainer213a196f/blob213a196f
        - ''
        - ''
- request:
    body: null
    headers:
      User-Agent:
      - azsdk-python-storage-blob/12.0.0b4 Python/3.7.3 (Windows-10-10.0.17763-SP0)
      x-ms-client-request-id:
      - 4774a7a2-e55b-11e9-8427-2816a845e8c6
      x-ms-date:
      - Wed, 02 Oct 2019 21:26:21 GMT
      x-ms-version:
      - '2019-02-02'
    method: PUT
    uri: https://blobstoragename.blob.core.windows.net/utcontainer213a196f?timeout=5&restype=container
  response:
    body:
      string: ''
    headers:
      ? !!python/object/new:multidict._istr.istr
      - Content-Length
      : '0'
      ? !!python/object/new:multidict._istr.istr
      - Date
      : Wed, 02 Oct 2019 21:26:20 GMT
      ? !!python/object/new:multidict._istr.istr
      - Etag
      : '"0x8D7477F2B9A6B91"'
      ? !!python/object/new:multidict._istr.istr
      - Last-Modified
      : Wed, 02 Oct 2019 21:26:21 GMT
      ? !!python/object/new:multidict._istr.istr
      - Server
      : Windows-Azure-Blob/1.0 Microsoft-HTTPAPI/2.0
      x-ms-request-id: b28591dd-d01e-00a2-1968-79a99c000000
      x-ms-version: '2019-02-02'
    status:
      code: 201
      message: Created
    url: !!python/object/new:yarl.URL
      state: !!python/tuple
      - !!python/object/new:urllib.parse.SplitResult
        - https
        - amqptest.blob.core.windows.net
        - /utcontainer213a196f
        - timeout=5&restype=container
        - ''
- request:
    body: null
    headers:
      User-Agent:
      - azsdk-python-storage-blob/12.0.0b4 Python/3.7.3 (Windows-10-10.0.17763-SP0)
      x-ms-client-request-id:
      - 4791e036-e55b-11e9-8956-2816a845e8c6
      x-ms-date:
      - Wed, 02 Oct 2019 21:26:21 GMT
      x-ms-version:
      - '2019-02-02'
    method: DELETE
    uri: https://blobstoragename.blob.core.windows.net/utcontainer213a196f/blob213a196f
  response:
    body:
      string: "\uFEFF<?xml version=\"1.0\" encoding=\"utf-8\"?><Error><Code>BlobNotFound</Code><Message>The
        specified blob does not exist.\nRequestId:b2859213-d01e-00a2-4d68-79a99c000000\nTime:2019-10-02T21:26:21.5094238Z</Message></Error>"
    headers:
      ? !!python/object/new:multidict._istr.istr
      - Content-Length
      : '215'
      ? !!python/object/new:multidict._istr.istr
      - Content-Type
      : application/xml
      ? !!python/object/new:multidict._istr.istr
      - Date
      : Wed, 02 Oct 2019 21:26:20 GMT
      ? !!python/object/new:multidict._istr.istr
      - Server
      : Windows-Azure-Blob/1.0 Microsoft-HTTPAPI/2.0
      x-ms-error-code: BlobNotFound
      x-ms-request-id: b2859213-d01e-00a2-4d68-79a99c000000
      x-ms-version: '2019-02-02'
    status:
      code: 404
      message: The specified blob does not exist.
    url: !!python/object/new:yarl.URL
      state: !!python/tuple
      - !!python/object/new:urllib.parse.SplitResult
        - https
        - amqptest.blob.core.windows.net
        - /utcontainer213a196f/blob213a196f
        - ''
        - ''
version: 1
