interactions:
- request:
    body: null
    headers:
      User-Agent:
      - azsdk-python-storage-blob/12.0.0b5 Python/3.6.3 (Windows-10-10.0.18362-SP0)
      x-ms-date:
      - Fri, 25 Oct 2019 17:25:57 GMT
      x-ms-version:
      - '2019-02-02'
    method: PUT
    uri: https://blobstoragename.blob.core.windows.net/utcontainerf9dd1ca1?restype=container
  response:
    body:
      string: ''
    headers:
      content-length: '0'
      date: Fri, 25 Oct 2019 17:25:57 GMT
      etag: '"0x8D7597065F86256"'
      last-modified: Fri, 25 Oct 2019 17:25:57 GMT
      server: Windows-Azure-Blob/1.0 Microsoft-HTTPAPI/2.0
      x-ms-version: '2019-02-02'
    status:
      code: 201
      message: Created
    url: !!python/object/new:yarl.URL
      state: !!python/tuple
      - !!python/object/new:urllib.parse.SplitResult
        - https
        - pyacrstoragewf4u7lpsfzct.blob.core.windows.net
        - /utcontainerf9dd1ca1
        - restype=container
        - ''
- request:
    body: null
    headers:
      Content-Length:
      - '0'
      User-Agent:
      - azsdk-python-storage-blob/12.0.0b5 Python/3.6.3 (Windows-10-10.0.18362-SP0)
      x-ms-blob-type:
      - AppendBlob
      x-ms-date:
      - Fri, 25 Oct 2019 17:25:58 GMT
      x-ms-version:
      - '2019-02-02'
    method: PUT
    uri: https://blobstoragename.blob.core.windows.net/utcontainerf9dd1ca1/blob1
  response:
    body:
      string: ''
    headers:
      content-length: '0'
      date: Fri, 25 Oct 2019 17:25:57 GMT
      etag: '"0x8D7597065FFFDCF"'
      last-modified: Fri, 25 Oct 2019 17:25:57 GMT
      server: Windows-Azure-Blob/1.0 Microsoft-HTTPAPI/2.0
      x-ms-request-server-encrypted: 'true'
      x-ms-version: '2019-02-02'
    status:
      code: 201
      message: Created
    url: !!python/object/new:yarl.URL
      state: !!python/tuple
      - !!python/object/new:urllib.parse.SplitResult
        - https
        - pyacrstoragewf4u7lpsfzct.blob.core.windows.net
        - /utcontainerf9dd1ca1/blob1
        - ''
        - ''
- request:
    body: block 0
    headers:
      Content-Length:
      - '7'
      Content-Type:
      - application/octet-stream
      If-Unmodified-Since:
      - Fri, 25 Oct 2019 17:40:58 GMT
      User-Agent:
      - azsdk-python-storage-blob/12.0.0b5 Python/3.6.3 (Windows-10-10.0.18362-SP0)
      x-ms-date:
      - Fri, 25 Oct 2019 17:25:58 GMT
      x-ms-version:
      - '2019-02-02'
    method: PUT
    uri: https://blobstoragename.blob.core.windows.net/utcontainerf9dd1ca1/blob1?comp=appendblock
  response:
    body:
      string: ''
    headers:
      content-length: '0'
      date: Fri, 25 Oct 2019 17:25:57 GMT
      etag: '"0x8D75970660703F8"'
      last-modified: Fri, 25 Oct 2019 17:25:57 GMT
      server: Windows-Azure-Blob/1.0 Microsoft-HTTPAPI/2.0
      x-ms-blob-append-offset: '0'
      x-ms-blob-committed-block-count: '1'
      x-ms-content-crc64: qG0Ez70es10=
      x-ms-request-server-encrypted: 'true'
      x-ms-version: '2019-02-02'
    status:
      code: 201
      message: Created
    url: !!python/object/new:yarl.URL
      state: !!python/tuple
      - !!python/object/new:urllib.parse.SplitResult
        - https
        - pyacrstoragewf4u7lpsfzct.blob.core.windows.net
        - /utcontainerf9dd1ca1/blob1
        - comp=appendblock
        - ''
- request:
    body: block 1
    headers:
      Content-Length:
      - '7'
      Content-Type:
      - application/octet-stream
      If-Unmodified-Since:
      - Fri, 25 Oct 2019 17:40:58 GMT
      User-Agent:
      - azsdk-python-storage-blob/12.0.0b5 Python/3.6.3 (Windows-10-10.0.18362-SP0)
      x-ms-date:
      - Fri, 25 Oct 2019 17:25:58 GMT
      x-ms-version:
      - '2019-02-02'
    method: PUT
    uri: https://blobstoragename.blob.core.windows.net/utcontainerf9dd1ca1/blob1?comp=appendblock
  response:
    body:
      string: ''
    headers:
      content-length: '0'
      date: Fri, 25 Oct 2019 17:25:57 GMT
      etag: '"0x8D75970660DBBF1"'
      last-modified: Fri, 25 Oct 2019 17:25:57 GMT
      server: Windows-Azure-Blob/1.0 Microsoft-HTTPAPI/2.0
      x-ms-blob-append-offset: '7'
      x-ms-blob-committed-block-count: '2'
      x-ms-content-crc64: 0eQx/3Xu3SI=
      x-ms-request-server-encrypted: 'true'
      x-ms-version: '2019-02-02'
    status:
      code: 201
      message: Created
    url: !!python/object/new:yarl.URL
      state: !!python/tuple
      - !!python/object/new:urllib.parse.SplitResult
        - https
        - pyacrstoragewf4u7lpsfzct.blob.core.windows.net
        - /utcontainerf9dd1ca1/blob1
        - comp=appendblock
        - ''
- request:
    body: block 2
    headers:
      Content-Length:
      - '7'
      Content-Type:
      - application/octet-stream
      If-Unmodified-Since:
      - Fri, 25 Oct 2019 17:40:58 GMT
      User-Agent:
      - azsdk-python-storage-blob/12.0.0b5 Python/3.6.3 (Windows-10-10.0.18362-SP0)
      x-ms-date:
      - Fri, 25 Oct 2019 17:25:58 GMT
      x-ms-version:
      - '2019-02-02'
    method: PUT
    uri: https://blobstoragename.blob.core.windows.net/utcontainerf9dd1ca1/blob1?comp=appendblock
  response:
    body:
      string: ''
    headers:
      content-length: '0'
      date: Fri, 25 Oct 2019 17:25:57 GMT
      etag: '"0x8D759706613FEAA"'
      last-modified: Fri, 25 Oct 2019 17:25:58 GMT
      server: Windows-Azure-Blob/1.0 Microsoft-HTTPAPI/2.0
      x-ms-blob-append-offset: '14'
      x-ms-blob-committed-block-count: '3'
      x-ms-content-crc64: Wn9vry3/bqM=
      x-ms-request-server-encrypted: 'true'
      x-ms-version: '2019-02-02'
    status:
      code: 201
      message: Created
    url: !!python/object/new:yarl.URL
      state: !!python/tuple
      - !!python/object/new:urllib.parse.SplitResult
        - https
        - pyacrstoragewf4u7lpsfzct.blob.core.windows.net
        - /utcontainerf9dd1ca1/blob1
        - comp=appendblock
        - ''
- request:
    body: block 3
    headers:
      Content-Length:
      - '7'
      Content-Type:
      - application/octet-stream
      If-Unmodified-Since:
      - Fri, 25 Oct 2019 17:40:58 GMT
      User-Agent:
      - azsdk-python-storage-blob/12.0.0b5 Python/3.6.3 (Windows-10-10.0.18362-SP0)
      x-ms-date:
      - Fri, 25 Oct 2019 17:25:58 GMT
      x-ms-version:
      - '2019-02-02'
    method: PUT
    uri: https://blobstoragename.blob.core.windows.net/utcontainerf9dd1ca1/blob1?comp=appendblock
  response:
    body:
      string: ''
    headers:
      content-length: '0'
      date: Fri, 25 Oct 2019 17:25:57 GMT
      etag: '"0x8D75970661BC841"'
      last-modified: Fri, 25 Oct 2019 17:25:58 GMT
      server: Windows-Azure-Blob/1.0 Microsoft-HTTPAPI/2.0
      x-ms-blob-append-offset: '21'
      x-ms-blob-committed-block-count: '4'
      x-ms-content-crc64: I/Zan+UPANw=
      x-ms-request-server-encrypted: 'true'
      x-ms-version: '2019-02-02'
    status:
      code: 201
      message: Created
    url: !!python/object/new:yarl.URL
      state: !!python/tuple
      - !!python/object/new:urllib.parse.SplitResult
        - https
        - pyacrstoragewf4u7lpsfzct.blob.core.windows.net
        - /utcontainerf9dd1ca1/blob1
        - comp=appendblock
        - ''
- request:
    body: block 4
    headers:
      Content-Length:
      - '7'
      Content-Type:
      - application/octet-stream
      If-Unmodified-Since:
      - Fri, 25 Oct 2019 17:40:58 GMT
      User-Agent:
      - azsdk-python-storage-blob/12.0.0b5 Python/3.6.3 (Windows-10-10.0.18362-SP0)
      x-ms-date:
      - Fri, 25 Oct 2019 17:25:58 GMT
      x-ms-version:
      - '2019-02-02'
    method: PUT
    uri: https://blobstoragename.blob.core.windows.net/utcontainerf9dd1ca1/blob1?comp=appendblock
  response:
    body:
      string: ''
    headers:
      content-length: '0'
      date: Fri, 25 Oct 2019 17:25:57 GMT
      etag: '"0x8D759706622A751"'
      last-modified: Fri, 25 Oct 2019 17:25:58 GMT
      server: Windows-Azure-Blob/1.0 Microsoft-HTTPAPI/2.0
      x-ms-blob-append-offset: '28'
      x-ms-blob-committed-block-count: '5'
      x-ms-content-crc64: J9tFV8770ZQ=
      x-ms-request-server-encrypted: 'true'
      x-ms-version: '2019-02-02'
    status:
      code: 201
      message: Created
    url: !!python/object/new:yarl.URL
      state: !!python/tuple
      - !!python/object/new:urllib.parse.SplitResult
        - https
        - pyacrstoragewf4u7lpsfzct.blob.core.windows.net
        - /utcontainerf9dd1ca1/blob1
        - comp=appendblock
        - ''
- request:
    body: null
    headers:
      Accept:
      - application/xml
      User-Agent:
      - azsdk-python-storage-blob/12.0.0b5 Python/3.6.3 (Windows-10-10.0.18362-SP0)
      x-ms-date:
      - Fri, 25 Oct 2019 17:25:58 GMT
      x-ms-range:
      - bytes=0-33554431
      x-ms-version:
      - '2019-02-02'
    method: GET
    uri: https://blobstoragename.blob.core.windows.net/utcontainerf9dd1ca1/blob1
  response:
    body:
      string: block 0block 1block 2block 3block 4
    headers:
      accept-ranges: bytes
      content-length: '35'
      content-range: bytes 0-34/35
      content-type: application/octet-stream
      date: Fri, 25 Oct 2019 17:25:57 GMT
      etag: '"0x8D759706622A751"'
      last-modified: Fri, 25 Oct 2019 17:25:58 GMT
      server: Windows-Azure-Blob/1.0 Microsoft-HTTPAPI/2.0
      x-ms-blob-committed-block-count: '5'
      x-ms-blob-type: AppendBlob
      x-ms-creation-time: Fri, 25 Oct 2019 17:25:57 GMT
      x-ms-lease-state: available
      x-ms-lease-status: unlocked
      x-ms-server-encrypted: 'true'
      x-ms-version: '2019-02-02'
    status:
      code: 206
      message: Partial Content
    url: !!python/object/new:yarl.URL
      state: !!python/tuple
      - !!python/object/new:urllib.parse.SplitResult
        - https
        - pyacrstoragewf4u7lpsfzct.blob.core.windows.net
        - /utcontainerf9dd1ca1/blob1
        - ''
        - ''
version: 1
