{
  "Entries": [
    {
      "RequestUri": "https://storagename.blob.core.windows.net/utcontainer6743334a?restype=container",
      "RequestMethod": "PUT",
      "RequestHeaders": {
        "Accept": "application/xml",
        "Accept-Encoding": "gzip, deflate",
        "Connection": "keep-alive",
        "Content-Length": "0",
        "User-Agent": "azsdk-python-storage-blob/12.14.0 Python/3.10.5 (Windows-10-10.0.22000-SP0)",
        "x-ms-date": "Thu, 22 Sep 2022 18:25:58 GMT",
        "x-ms-version": "2021-08-06"
      },
      "RequestBody": null,
      "StatusCode": 201,
      "ResponseHeaders": {
        "Content-Length": "0",
        "Date": "Thu, 22 Sep 2022 18:25:58 GMT",
        "ETag": "\u00220x8DA9CC7E5838427\u0022",
        "Last-Modified": "Thu, 22 Sep 2022 18:25:58 GMT",
        "Server": [
          "Windows-Azure-Blob/1.0",
          "Microsoft-HTTPAPI/2.0"
        ],
        "x-ms-version": "2021-08-06"
      },
      "ResponseBody": null
    },
    {
      "RequestUri": "https://storagename.blob.core.windows.net/utcontainer6743334a/encryptionv2_blob6743334a",
      "RequestMethod": "PUT",
      "RequestHeaders": {
        "Accept": "application/xml",
        "Accept-Encoding": "gzip, deflate",
        "Connection": "keep-alive",
        "Content-Length": "0",
        "Content-Type": "application/octet-stream",
        "User-Agent": "azsdk-python-storage-blob/12.14.0 Python/3.10.5 (Windows-10-10.0.22000-SP0)",
        "x-ms-blob-type": "BlockBlob",
        "x-ms-date": "Thu, 22 Sep 2022 18:25:58 GMT",
        "x-ms-meta-encryptiondata": "{\u0022WrappedContentKey\u0022: {\u0022KeyId\u0022: \u0022key1\u0022, \u0022EncryptedKey\u0022: \u0022c3EwcBUQIku7ptntzfboaKwfdJmsOcVcOgfPAe30gAhEPkek8GsgMKRREXKhWZfG\u0022, \u0022Algorithm\u0022: \u0022A256KW\u0022}, \u0022EncryptionAgent\u0022: {\u0022Protocol\u0022: \u00222.0\u0022, \u0022EncryptionAlgorithm\u0022: \u0022AES_GCM_256\u0022}, \u0022EncryptedRegionInfo\u0022: {\u0022DataLength\u0022: 4194304, \u0022NonceLength\u0022: 12}, \u0022KeyWrappingMetadata\u0022: {\u0022EncryptionLibrary\u0022: \u0022Python x.x.x\u0022}, \u0022EncryptionMode\u0022: \u0022FullBlob\u0022}",
        "x-ms-version": "2021-08-06"
      },
      "RequestBody": null,
      "StatusCode": 201,
      "ResponseHeaders": {
        "Content-Length": "0",
        "Content-MD5": "1B2M2Y8AsgTpgAmY7PhCfg==",
        "Date": "Thu, 22 Sep 2022 18:25:58 GMT",
        "ETag": "\u00220x8DA9CC7E58F2C4B\u0022",
        "Last-Modified": "Thu, 22 Sep 2022 18:25:59 GMT",
        "Server": [
          "Windows-Azure-Blob/1.0",
          "Microsoft-HTTPAPI/2.0"
        ],
        "x-ms-content-crc64": "AAAAAAAAAAA=",
        "x-ms-request-server-encrypted": "true",
        "x-ms-version": "2021-08-06"
      },
      "ResponseBody": null
    },
    {
      "RequestUri": "https://storagename.blob.core.windows.net/utcontainer6743334a/encryptionv2_blob6743334a?comp=lease",
      "RequestMethod": "PUT",
      "RequestHeaders": {
        "Accept": "application/xml",
        "Accept-Encoding": "gzip, deflate",
        "Connection": "keep-alive",
        "Content-Length": "0",
        "User-Agent": "azsdk-python-storage-blob/12.14.0 Python/3.10.5 (Windows-10-10.0.22000-SP0)",
        "x-ms-date": "Thu, 22 Sep 2022 18:25:58 GMT",
        "x-ms-lease-action": "acquire",
        "x-ms-lease-duration": "-1",
        "x-ms-proposed-lease-id": "00000000-1111-2222-3333-444444444444",
        "x-ms-version": "2021-08-06"
      },
      "RequestBody": null,
      "StatusCode": 201,
      "ResponseHeaders": {
        "Content-Length": "0",
        "Date": "Thu, 22 Sep 2022 18:25:58 GMT",
        "ETag": "\u00220x8DA9CC7E58F2C4B\u0022",
        "Last-Modified": "Thu, 22 Sep 2022 18:25:59 GMT",
        "Server": [
          "Windows-Azure-Blob/1.0",
          "Microsoft-HTTPAPI/2.0"
        ],
        "x-ms-lease-id": "00000000-1111-2222-3333-444444444444",
        "x-ms-version": "2021-08-06"
      },
      "ResponseBody": null
    },
    {
      "RequestUri": "https://storagename.blob.core.windows.net/utcontainer6743334a/encryptionv2_blob6743334a",
      "RequestMethod": "PUT",
      "RequestHeaders": {
        "Accept": "application/xml",
        "Accept-Encoding": "gzip, deflate",
        "Connection": "keep-alive",
        "Content-Length": "50",
        "Content-Type": "application/octet-stream",
        "User-Agent": "azsdk-python-storage-blob/12.14.0 Python/3.10.5 (Windows-10-10.0.22000-SP0)",
        "x-ms-blob-type": "BlockBlob",
        "x-ms-date": "Thu, 22 Sep 2022 18:25:58 GMT",
        "x-ms-lease-id": "00000000-1111-2222-3333-444444444444",
        "x-ms-meta-encryptiondata": "{\u0022WrappedContentKey\u0022: {\u0022KeyId\u0022: \u0022key1\u0022, \u0022EncryptedKey\u0022: \u0022c3EwcBUQIku7ptntzfboaKwfdJmsOcVcOgfPAe30gAhEPkek8GsgMKRREXKhWZfG\u0022, \u0022Algorithm\u0022: \u0022A256KW\u0022}, \u0022EncryptionAgent\u0022: {\u0022Protocol\u0022: \u00222.0\u0022, \u0022EncryptionAlgorithm\u0022: \u0022AES_GCM_256\u0022}, \u0022EncryptedRegionInfo\u0022: {\u0022DataLength\u0022: 4194304, \u0022NonceLength\u0022: 12}, \u0022KeyWrappingMetadata\u0022: {\u0022EncryptionLibrary\u0022: \u0022Python x.x.x\u0022}, \u0022EncryptionMode\u0022: \u0022FullBlob\u0022}",
        "x-ms-version": "2021-08-06"
      },
      "RequestBody": "AAAAAAAAAAAAAAAA36fti93e3c5nphghXMQznudhdD1KYf09pvx\u002BKjk2Jr24Vj20AEg=",
      "StatusCode": 201,
      "ResponseHeaders": {
        "Content-Length": "0",
        "Content-MD5": "xG6OVIdph565MYIjlAzAkQ==",
        "Date": "Thu, 22 Sep 2022 18:25:58 GMT",
        "ETag": "\u00220x8DA9CC7E5A7E0CB\u0022",
        "Last-Modified": "Thu, 22 Sep 2022 18:25:59 GMT",
        "Server": [
          "Windows-Azure-Blob/1.0",
          "Microsoft-HTTPAPI/2.0"
        ],
        "x-ms-content-crc64": "QlU2q8PhGGs=",
        "x-ms-request-server-encrypted": "true",
        "x-ms-version": "2021-08-06"
      },
      "ResponseBody": null
    },
    {
      "RequestUri": "https://storagename.blob.core.windows.net/utcontainer6743334a/encryptionv2_blob6743334a",
      "RequestMethod": "HEAD",
      "RequestHeaders": {
        "Accept": "application/xml",
        "Accept-Encoding": "gzip, deflate",
        "Connection": "keep-alive",
        "User-Agent": "azsdk-python-storage-blob/12.14.0 Python/3.10.5 (Windows-10-10.0.22000-SP0)",
        "x-ms-date": "Thu, 22 Sep 2022 18:25:58 GMT",
        "x-ms-lease-id": "00000000-1111-2222-3333-444444444445",
        "x-ms-version": "2021-08-06"
      },
      "RequestBody": null,
      "StatusCode": 412,
      "ResponseHeaders": {
        "Date": "Thu, 22 Sep 2022 18:25:58 GMT",
        "Server": [
          "Windows-Azure-Blob/1.0",
          "Microsoft-HTTPAPI/2.0"
        ],
        "Transfer-Encoding": "chunked",
        "Vary": "Origin",
        "x-ms-error-code": "LeaseIdMismatchWithBlobOperation",
        "x-ms-version": "2021-08-06"
      },
      "ResponseBody": null
    },
    {
      "RequestUri": "https://storagename.blob.core.windows.net/utcontainer6743334a/encryptionv2_blob6743334a",
      "RequestMethod": "HEAD",
      "RequestHeaders": {
        "Accept": "application/xml",
        "Accept-Encoding": "gzip, deflate",
        "Connection": "keep-alive",
        "User-Agent": "azsdk-python-storage-blob/12.14.0 Python/3.10.5 (Windows-10-10.0.22000-SP0)",
        "x-ms-date": "Thu, 22 Sep 2022 18:25:58 GMT",
        "x-ms-lease-id": "00000000-1111-2222-3333-444444444444",
        "x-ms-version": "2021-08-06"
      },
      "RequestBody": null,
      "StatusCode": 200,
      "ResponseHeaders": {
        "Accept-Ranges": "bytes",
        "Content-Length": "50",
        "Content-MD5": "xG6OVIdph565MYIjlAzAkQ==",
        "Content-Type": "application/octet-stream",
        "Date": "Thu, 22 Sep 2022 18:25:58 GMT",
        "ETag": "\u00220x8DA9CC7E5A7E0CB\u0022",
        "Last-Modified": "Thu, 22 Sep 2022 18:25:59 GMT",
        "Server": [
          "Windows-Azure-Blob/1.0",
          "Microsoft-HTTPAPI/2.0"
        ],
        "Vary": "Origin",
        "x-ms-access-tier": "Hot",
        "x-ms-access-tier-inferred": "true",
        "x-ms-blob-type": "BlockBlob",
        "x-ms-creation-time": "Thu, 22 Sep 2022 18:25:59 GMT",
        "x-ms-lease-duration": "infinite",
        "x-ms-lease-state": "leased",
        "x-ms-lease-status": "locked",
        "x-ms-meta-encryptiondata": "{\u0022WrappedContentKey\u0022: {\u0022KeyId\u0022: \u0022key1\u0022, \u0022EncryptedKey\u0022: \u0022c3EwcBUQIku7ptntzfboaKwfdJmsOcVcOgfPAe30gAhEPkek8GsgMKRREXKhWZfG\u0022, \u0022Algorithm\u0022: \u0022A256KW\u0022}, \u0022EncryptionAgent\u0022: {\u0022Protocol\u0022: \u00222.0\u0022, \u0022EncryptionAlgorithm\u0022: \u0022AES_GCM_256\u0022}, \u0022EncryptedRegionInfo\u0022: {\u0022DataLength\u0022: 4194304, \u0022NonceLength\u0022: 12}, \u0022KeyWrappingMetadata\u0022: {\u0022EncryptionLibrary\u0022: \u0022Python x.x.x\u0022}, \u0022EncryptionMode\u0022: \u0022FullBlob\u0022}",
        "x-ms-server-encrypted": "true",
        "x-ms-version": "2021-08-06"
      },
      "ResponseBody": null
    },
    {
      "RequestUri": "https://storagename.blob.core.windows.net/utcontainer6743334a/encryptionv2_blob6743334a",
      "RequestMethod": "GET",
      "RequestHeaders": {
        "Accept": "application/xml",
        "Accept-Encoding": "gzip, deflate",
        "Connection": "keep-alive",
        "User-Agent": "azsdk-python-storage-blob/12.14.0 Python/3.10.5 (Windows-10-10.0.22000-SP0)",
        "x-ms-date": "Thu, 22 Sep 2022 18:25:58 GMT",
        "x-ms-lease-id": "00000000-1111-2222-3333-444444444444",
        "x-ms-range": "bytes=0-33554655",
        "x-ms-version": "2021-08-06"
      },
      "RequestBody": null,
      "StatusCode": 206,
      "ResponseHeaders": {
        "Accept-Ranges": "bytes",
        "Content-Length": "50",
        "Content-Range": "bytes 0-49/50",
        "Content-Type": "application/octet-stream",
        "Date": "Thu, 22 Sep 2022 18:25:58 GMT",
        "ETag": "\u00220x8DA9CC7E5A7E0CB\u0022",
        "Last-Modified": "Thu, 22 Sep 2022 18:25:59 GMT",
        "Server": [
          "Windows-Azure-Blob/1.0",
          "Microsoft-HTTPAPI/2.0"
        ],
        "Vary": "Origin",
        "x-ms-blob-content-md5": "xG6OVIdph565MYIjlAzAkQ==",
        "x-ms-blob-type": "BlockBlob",
        "x-ms-creation-time": "Thu, 22 Sep 2022 18:25:59 GMT",
        "x-ms-lease-duration": "infinite",
        "x-ms-lease-state": "leased",
        "x-ms-lease-status": "locked",
        "x-ms-meta-encryptiondata": "{\u0022WrappedContentKey\u0022: {\u0022KeyId\u0022: \u0022key1\u0022, \u0022EncryptedKey\u0022: \u0022c3EwcBUQIku7ptntzfboaKwfdJmsOcVcOgfPAe30gAhEPkek8GsgMKRREXKhWZfG\u0022, \u0022Algorithm\u0022: \u0022A256KW\u0022}, \u0022EncryptionAgent\u0022: {\u0022Protocol\u0022: \u00222.0\u0022, \u0022EncryptionAlgorithm\u0022: \u0022AES_GCM_256\u0022}, \u0022EncryptedRegionInfo\u0022: {\u0022DataLength\u0022: 4194304, \u0022NonceLength\u0022: 12}, \u0022KeyWrappingMetadata\u0022: {\u0022EncryptionLibrary\u0022: \u0022Python x.x.x\u0022}, \u0022EncryptionMode\u0022: \u0022FullBlob\u0022}",
        "x-ms-server-encrypted": "true",
        "x-ms-version": "2021-08-06"
      },
      "ResponseBody": "AAAAAAAAAAAAAAAA36fti93e3c5nphghXMQznudhdD1KYf09pvx\u002BKjk2Jr24Vj20AEg="
    }
  ],
  "Variables": {}
}
