interactions:
- request:
    body: null
    headers:
      Accept:
      - '*/*'
      Accept-Encoding:
      - gzip, deflate
      Connection:
      - keep-alive
      Content-Length:
      - '0'
      User-Agent:
      - python/3.6.5 (Darwin-16.7.0-x86_64-i386-64bit) azure-core/0.0.1
      x-ms-client-request-id:
      - 84cd7968-8eca-11e9-9f8e-f45c89a7d159
      x-ms-date:
      - Fri, 14 Jun 2019 17:33:27 GMT
      x-ms-version:
      - '2018-03-28'
    method: PUT
    uri: https://remotestoragename.blob.core.windows.net/utcontainerdf9f1c55?restype=container
  response:
    body:
      string: ''
    headers:
      Content-Length:
      - '0'
      Date:
      - Fri, 14 Jun 2019 17:33:28 GMT
      ETag:
      - '"0x8D6F0EE699E4670"'
      Last-Modified:
      - Fri, 14 Jun 2019 17:33:28 GMT
      Server:
      - Windows-Azure-Blob/1.0 Microsoft-HTTPAPI/2.0
      x-ms-request-id:
      - 8199c4c8-901e-0062-27d7-2223d8000000
      x-ms-version:
      - '2018-03-28'
    status:
      code: 201
      message: Created
- request:
    body: hello world
    headers:
      Accept:
      - '*/*'
      Accept-Encoding:
      - gzip, deflate
      Connection:
      - keep-alive
      Content-Length:
      - '11'
      Content-Type:
      - application/octet-stream
      User-Agent:
      - python/3.6.5 (Darwin-16.7.0-x86_64-i386-64bit) azure-core/0.0.1
      x-ms-blob-type:
      - BlockBlob
      x-ms-client-request-id:
      - 84fa37b4-8eca-11e9-a4bf-f45c89a7d159
      x-ms-date:
      - Fri, 14 Jun 2019 17:33:27 GMT
      x-ms-version:
      - '2018-03-28'
    method: PUT
    uri: https://remotestoragename.blob.core.windows.net/utcontainerdf9f1c55/blob1
  response:
    body:
      string: ''
    headers:
      Content-Length:
      - '0'
      Content-MD5:
      - XrY7u+Ae7tCTyyK7j1rNww==
      Date:
      - Fri, 14 Jun 2019 17:33:28 GMT
      ETag:
      - '"0x8D6F0EE69A86F77"'
      Last-Modified:
      - Fri, 14 Jun 2019 17:33:28 GMT
      Server:
      - Windows-Azure-Blob/1.0 Microsoft-HTTPAPI/2.0
      x-ms-request-id:
      - 8199c4d1-901e-0062-2dd7-2223d8000000
      x-ms-request-server-encrypted:
      - 'true'
      x-ms-version:
      - '2018-03-28'
    status:
      code: 201
      message: Created
- request:
    body: null
    headers:
      Accept:
      - '*/*'
      Accept-Encoding:
      - gzip, deflate
      Connection:
      - keep-alive
      Content-Length:
      - '0'
      If-Modified-Since:
      - Fri, 14 Jun 2019 17:18:27 GMT
      User-Agent:
      - python/3.6.5 (Darwin-16.7.0-x86_64-i386-64bit) azure-core/0.0.1
      x-ms-blob-content-disposition:
      - inline
      x-ms-blob-content-language:
      - spanish
      x-ms-client-request-id:
      - 8503a038-8eca-11e9-9a69-f45c89a7d159
      x-ms-date:
      - Fri, 14 Jun 2019 17:33:27 GMT
      x-ms-version:
      - '2018-03-28'
    method: PUT
    uri: https://remotestoragename.blob.core.windows.net/utcontainerdf9f1c55/blob1?comp=properties
  response:
    body:
      string: ''
    headers:
      Content-Length:
      - '0'
      Date:
      - Fri, 14 Jun 2019 17:33:28 GMT
      ETag:
      - '"0x8D6F0EE69B1BFF6"'
      Last-Modified:
      - Fri, 14 Jun 2019 17:33:28 GMT
      Server:
      - Windows-Azure-Blob/1.0 Microsoft-HTTPAPI/2.0
      x-ms-request-id:
      - 8199c4e1-901e-0062-3cd7-2223d8000000
      x-ms-version:
      - '2018-03-28'
    status:
      code: 200
      message: OK
- request:
    body: null
    headers:
      Accept:
      - '*/*'
      Accept-Encoding:
      - gzip, deflate
      Connection:
      - keep-alive
      User-Agent:
      - python/3.6.5 (Darwin-16.7.0-x86_64-i386-64bit) azure-core/0.0.1
      x-ms-client-request-id:
      - 850bb7f0-8eca-11e9-9031-f45c89a7d159
      x-ms-date:
      - Fri, 14 Jun 2019 17:33:27 GMT
      x-ms-version:
      - '2018-03-28'
    method: HEAD
    uri: https://remotestoragename.blob.core.windows.net/utcontainerdf9f1c55/blob1
  response:
    body:
      string: ''
    headers:
      Accept-Ranges:
      - bytes
      Content-Disposition:
      - inline
      Content-Language:
      - spanish
      Content-Length:
      - '11'
      Date:
      - Fri, 14 Jun 2019 17:33:28 GMT
      ETag:
      - '"0x8D6F0EE69B1BFF6"'
      Last-Modified:
      - Fri, 14 Jun 2019 17:33:28 GMT
      Server:
      - Windows-Azure-Blob/1.0 Microsoft-HTTPAPI/2.0
      Vary:
      - Origin
      x-ms-access-tier:
      - Hot
      x-ms-access-tier-inferred:
      - 'true'
      x-ms-blob-type:
      - BlockBlob
      x-ms-creation-time:
      - Fri, 14 Jun 2019 17:33:28 GMT
      x-ms-lease-state:
      - available
      x-ms-lease-status:
      - unlocked
      x-ms-request-id:
      - 8199c4f2-901e-0062-4cd7-2223d8000000
      x-ms-server-encrypted:
      - 'true'
      x-ms-version:
      - '2018-03-28'
    status:
      code: 200
      message: OK
- request:
    body: null
    headers:
      Accept:
      - '*/*'
      Accept-Encoding:
      - gzip, deflate
      Connection:
      - keep-alive
      Content-Length:
      - '0'
      User-Agent:
      - python/3.6.5 (Darwin-16.7.0-x86_64-i386-64bit) azure-core/0.0.1
      x-ms-client-request-id:
      - 3f601350-8ed3-11e9-81fa-f45c89a7d159
      x-ms-date:
      - Fri, 14 Jun 2019 18:35:56 GMT
      x-ms-version:
      - '2018-03-28'
    method: PUT
    uri: https://storagename.blob.core.windows.net/utcontainerdf9f1c55?restype=container
  response:
    body:
      string: ''
    headers:
      Content-Length:
      - '0'
      Date:
      - Fri, 14 Jun 2019 18:35:56 GMT
      ETag:
      - '"0x8D6F0F723AFA4FF"'
      Last-Modified:
      - Fri, 14 Jun 2019 18:35:56 GMT
      Server:
      - Windows-Azure-Blob/1.0 Microsoft-HTTPAPI/2.0
      x-ms-request-id:
      - 37bf410e-e01e-00cc-42e0-2200b5000000
      x-ms-version:
      - '2018-03-28'
    status:
      code: 201
      message: Created
- request:
    body: hello world
    headers:
      Accept:
      - '*/*'
      Accept-Encoding:
      - gzip, deflate
      Connection:
      - keep-alive
      Content-Length:
      - '11'
      Content-Type:
      - application/octet-stream
      User-Agent:
      - python/3.6.5 (Darwin-16.7.0-x86_64-i386-64bit) azure-core/0.0.1
      x-ms-blob-type:
      - BlockBlob
      x-ms-client-request-id:
      - 3f8067c2-8ed3-11e9-a680-f45c89a7d159
      x-ms-date:
      - Fri, 14 Jun 2019 18:35:56 GMT
      x-ms-version:
      - '2018-03-28'
    method: PUT
    uri: https://storagename.blob.core.windows.net/utcontainerdf9f1c55/blob1
  response:
    body:
      string: ''
    headers:
      Content-Length:
      - '0'
      Content-MD5:
      - XrY7u+Ae7tCTyyK7j1rNww==
      Date:
      - Fri, 14 Jun 2019 18:35:56 GMT
      ETag:
      - '"0x8D6F0F723B99727"'
      Last-Modified:
      - Fri, 14 Jun 2019 18:35:56 GMT
      Server:
      - Windows-Azure-Blob/1.0 Microsoft-HTTPAPI/2.0
      x-ms-request-id:
      - 37bf411e-e01e-00cc-50e0-2200b5000000
      x-ms-request-server-encrypted:
      - 'true'
      x-ms-version:
      - '2018-03-28'
    status:
      code: 201
      message: Created
- request:
    body: null
    headers:
      Accept:
      - '*/*'
      Accept-Encoding:
      - gzip, deflate
      Connection:
      - keep-alive
      Content-Length:
      - '0'
      If-Modified-Since:
      - Fri, 14 Jun 2019 18:20:56 GMT
      User-Agent:
      - python/3.6.5 (Darwin-16.7.0-x86_64-i386-64bit) azure-core/0.0.1
      x-ms-blob-content-disposition:
      - inline
      x-ms-blob-content-language:
      - spanish
      x-ms-client-request-id:
      - 3f8a8574-8ed3-11e9-807d-f45c89a7d159
      x-ms-date:
      - Fri, 14 Jun 2019 18:35:56 GMT
      x-ms-version:
      - '2018-03-28'
    method: PUT
    uri: https://storagename.blob.core.windows.net/utcontainerdf9f1c55/blob1?comp=properties
  response:
    body:
      string: ''
    headers:
      Content-Length:
      - '0'
      Date:
      - Fri, 14 Jun 2019 18:35:56 GMT
      ETag:
      - '"0x8D6F0F723C383FE"'
      Last-Modified:
      - Fri, 14 Jun 2019 18:35:56 GMT
      Server:
      - Windows-Azure-Blob/1.0 Microsoft-HTTPAPI/2.0
      x-ms-request-id:
      - 37bf413c-e01e-00cc-6ce0-2200b5000000
      x-ms-version:
      - '2018-03-28'
    status:
      code: 200
      message: OK
- request:
    body: null
    headers:
      Accept:
      - '*/*'
      Accept-Encoding:
      - gzip, deflate
      Connection:
      - keep-alive
      User-Agent:
      - python/3.6.5 (Darwin-16.7.0-x86_64-i386-64bit) azure-core/0.0.1
      x-ms-client-request-id:
      - 3f932dee-8ed3-11e9-944c-f45c89a7d159
      x-ms-date:
      - Fri, 14 Jun 2019 18:35:56 GMT
      x-ms-version:
      - '2018-03-28'
    method: HEAD
    uri: https://storagename.blob.core.windows.net/utcontainerdf9f1c55/blob1
  response:
    body:
      string: ''
    headers:
      Accept-Ranges:
      - bytes
      Content-Disposition:
      - inline
      Content-Language:
      - spanish
      Content-Length:
      - '11'
      Date:
      - Fri, 14 Jun 2019 18:35:56 GMT
      ETag:
      - '"0x8D6F0F723C383FE"'
      Last-Modified:
      - Fri, 14 Jun 2019 18:35:56 GMT
      Server:
      - Windows-Azure-Blob/1.0 Microsoft-HTTPAPI/2.0
      Vary:
      - Origin
      x-ms-access-tier:
      - Hot
      x-ms-access-tier-inferred:
      - 'true'
      x-ms-blob-type:
      - BlockBlob
      x-ms-creation-time:
      - Fri, 14 Jun 2019 18:35:56 GMT
      x-ms-lease-state:
      - available
      x-ms-lease-status:
      - unlocked
      x-ms-request-id:
      - 37bf4152-e01e-00cc-01e0-2200b5000000
      x-ms-server-encrypted:
      - 'true'
      x-ms-version:
      - '2018-03-28'
    status:
      code: 200
      message: OK
- request:
    body: null
    headers:
      Accept:
      - '*/*'
      Accept-Encoding:
      - gzip, deflate
      Connection:
      - keep-alive
      Content-Length:
      - '0'
      User-Agent:
      - azsdk-python-storage-blob/12.0.0b2 Python/3.7.3 (Windows-10-10.0.17763-SP0)
      content-type:
      - application/xml; charset=utf-8
      x-ms-client-request-id:
      - 0e0681f8-c861-11e9-a4cd-2816a845e8c6
      x-ms-date:
      - Tue, 27 Aug 2019 00:24:38 GMT
      x-ms-version:
      - '2019-02-02'
    method: PUT
    uri: https://blobstoragename.blob.core.windows.net/utcontainerdf9f1c55?restype=container
  response:
    body:
      string: ''
    headers:
      Content-Length:
      - '0'
      Date:
      - Tue, 27 Aug 2019 00:24:37 GMT
      ETag:
      - '"0x8D72A84F16C34F6"'
      Last-Modified:
      - Tue, 27 Aug 2019 00:24:37 GMT
      Server:
      - Windows-Azure-Blob/1.0 Microsoft-HTTPAPI/2.0
      x-ms-client-request-id:
      - 0e0681f8-c861-11e9-a4cd-2816a845e8c6
      x-ms-request-id:
      - 8298c42e-001e-00ab-126d-5cb312000000
      x-ms-version:
      - '2019-02-02'
    status:
      code: 201
      message: Created
- request:
    body: hello world
    headers:
      Accept:
      - '*/*'
      Accept-Encoding:
      - gzip, deflate
      Connection:
      - keep-alive
      Content-Length:
      - '11'
      Content-Type:
      - application/octet-stream
      If-None-Match:
      - '*'
      User-Agent:
      - azsdk-python-storage-blob/12.0.0b2 Python/3.7.3 (Windows-10-10.0.17763-SP0)
      x-ms-blob-type:
      - BlockBlob
      x-ms-client-request-id:
      - 0e392f1c-c861-11e9-9f49-2816a845e8c6
      x-ms-date:
      - Tue, 27 Aug 2019 00:24:38 GMT
      x-ms-version:
      - '2019-02-02'
    method: PUT
    uri: https://blobstoragename.blob.core.windows.net/utcontainerdf9f1c55/blob1
  response:
    body:
      string: ''
    headers:
      Content-Length:
      - '0'
      Content-MD5:
      - XrY7u+Ae7tCTyyK7j1rNww==
      Date:
      - Tue, 27 Aug 2019 00:24:37 GMT
      ETag:
      - '"0x8D72A84F17945B9"'
      Last-Modified:
      - Tue, 27 Aug 2019 00:24:37 GMT
      Server:
      - Windows-Azure-Blob/1.0 Microsoft-HTTPAPI/2.0
      x-ms-client-request-id:
      - 0e392f1c-c861-11e9-9f49-2816a845e8c6
      x-ms-content-crc64:
      - vo7q9sPVKY0=
      x-ms-request-id:
      - 8298c45a-001e-00ab-376d-5cb312000000
      x-ms-request-server-encrypted:
      - 'true'
      x-ms-version:
      - '2019-02-02'
    status:
      code: 201
      message: Created
- request:
    body: null
    headers:
      Accept:
      - '*/*'
      Accept-Encoding:
      - gzip, deflate
      Connection:
      - keep-alive
      Content-Length:
      - '0'
      If-Modified-Since:
      - Tue, 27 Aug 2019 00:09:38 GMT
      User-Agent:
      - azsdk-python-storage-blob/12.0.0b2 Python/3.7.3 (Windows-10-10.0.17763-SP0)
      content-type:
      - application/xml; charset=utf-8
      x-ms-blob-content-disposition:
      - inline
      x-ms-blob-content-language:
      - spanish
      x-ms-client-request-id:
      - 0e466b50-c861-11e9-a1e9-2816a845e8c6
      x-ms-date:
      - Tue, 27 Aug 2019 00:24:38 GMT
      x-ms-version:
      - '2019-02-02'
    method: PUT
    uri: https://blobstoragename.blob.core.windows.net/utcontainerdf9f1c55/blob1?comp=properties
  response:
    body:
      string: ''
    headers:
      Content-Length:
      - '0'
      Date:
      - Tue, 27 Aug 2019 00:24:37 GMT
      ETag:
      - '"0x8D72A84F186405E"'
      Last-Modified:
      - Tue, 27 Aug 2019 00:24:37 GMT
      Server:
      - Windows-Azure-Blob/1.0 Microsoft-HTTPAPI/2.0
      x-ms-client-request-id:
      - 0e466b50-c861-11e9-a1e9-2816a845e8c6
      x-ms-request-id:
      - 8298c47b-001e-00ab-536d-5cb312000000
      x-ms-version:
      - '2019-02-02'
    status:
      code: 200
      message: OK
- request:
    body: null
    headers:
      Accept:
      - '*/*'
      Accept-Encoding:
      - gzip, deflate
      Connection:
      - keep-alive
      User-Agent:
      - azsdk-python-storage-blob/12.0.0b2 Python/3.7.3 (Windows-10-10.0.17763-SP0)
      content-type:
      - application/xml; charset=utf-8
      x-ms-client-request-id:
      - 0e5224d0-c861-11e9-b5c1-2816a845e8c6
      x-ms-date:
      - Tue, 27 Aug 2019 00:24:38 GMT
      x-ms-version:
      - '2019-02-02'
    method: HEAD
    uri: https://blobstoragename.blob.core.windows.net/utcontainerdf9f1c55/blob1
  response:
    body:
      string: ''
    headers:
      Accept-Ranges:
      - bytes
      Content-Disposition:
      - inline
      Content-Language:
      - spanish
      Content-Length:
      - '11'
      Date:
      - Tue, 27 Aug 2019 00:24:37 GMT
      ETag:
      - '"0x8D72A84F186405E"'
      Last-Modified:
      - Tue, 27 Aug 2019 00:24:37 GMT
      Server:
      - Windows-Azure-Blob/1.0 Microsoft-HTTPAPI/2.0
      Vary:
      - Origin
      x-ms-access-tier:
      - Hot
      x-ms-access-tier-inferred:
      - 'true'
      x-ms-blob-type:
      - BlockBlob
      x-ms-client-request-id:
      - 0e5224d0-c861-11e9-b5c1-2816a845e8c6
      x-ms-creation-time:
      - Tue, 27 Aug 2019 00:24:37 GMT
      x-ms-lease-state:
      - available
      x-ms-lease-status:
      - unlocked
      x-ms-request-id:
      - 8298c48b-001e-00ab-636d-5cb312000000
      x-ms-server-encrypted:
      - 'true'
      x-ms-tag-count:
      - '0'
      x-ms-version:
      - '2019-02-02'
    status:
      code: 200
      message: OK
version: 1
