interactions:
- request:
    body: null
    headers:
      Accept:
      - '*/*'
      Accept-Encoding:
      - gzip, deflate
      Connection:
      - keep-alive
      Content-Length:
      - '0'
      User-Agent:
      - azsdk-python-storage-blob/12.4.0b1 Python/3.7.3 (Windows-10-10.0.18362-SP0)
      x-ms-date:
      - Tue, 04 Aug 2020 18:16:23 GMT
      x-ms-version:
      - '2019-12-12'
    method: PUT
    uri: https://storagenamestorname.blob.core.windows.net/container20d714e9?restype=container
  response:
    body:
      string: ''
    headers:
      content-length:
      - '0'
      date:
      - Tue, 04 Aug 2020 18:16:22 GMT
      etag:
      - '"0x8D838A27E8FA9C7"'
      last-modified:
      - Tue, 04 Aug 2020 18:16:23 GMT
      server:
      - Windows-Azure-Blob/1.0 Microsoft-HTTPAPI/2.0
      x-ms-version:
      - '2019-12-12'
    status:
      code: 201
      message: Created
- request:
    body: hello world
    headers:
      Accept:
      - '*/*'
      Accept-Encoding:
      - gzip, deflate
      Connection:
      - keep-alive
      Content-Length:
      - '11'
      Content-Type:
      - application/octet-stream
      User-Agent:
      - azsdk-python-storage-blob/12.4.0b1 Python/3.7.3 (Windows-10-10.0.18362-SP0)
      x-ms-blob-type:
      - BlockBlob
      x-ms-date:
      - Tue, 04 Aug 2020 18:16:23 GMT
      x-ms-tags:
      - tag1=firsttag&tag2=secondtag&tag3=thirdtag
      x-ms-version:
      - '2019-12-12'
    method: PUT
    uri: https://storagenamestorname.blob.core.windows.net/container20d714e9/blob1
  response:
    body:
      string: ''
    headers:
      content-length:
      - '0'
      content-md5:
      - XrY7u+Ae7tCTyyK7j1rNww==
      date:
      - Tue, 04 Aug 2020 18:16:22 GMT
      etag:
      - '"0x8D838A27E9EF26B"'
      last-modified:
      - Tue, 04 Aug 2020 18:16:23 GMT
      server:
      - Windows-Azure-Blob/1.0 Microsoft-HTTPAPI/2.0
      x-ms-content-crc64:
      - vo7q9sPVKY0=
      x-ms-request-server-encrypted:
      - 'true'
      x-ms-version:
      - '2019-12-12'
      x-ms-version-id:
      - '2020-08-04T18:16:23.3128555Z'
    status:
      code: 201
      message: Created
- request:
    body: hello world
    headers:
      Accept:
      - '*/*'
      Accept-Encoding:
      - gzip, deflate
      Connection:
      - keep-alive
      Content-Length:
      - '11'
      Content-Type:
      - application/octet-stream
      User-Agent:
      - azsdk-python-storage-blob/12.4.0b1 Python/3.7.3 (Windows-10-10.0.18362-SP0)
      x-ms-blob-type:
      - BlockBlob
      x-ms-date:
      - Tue, 04 Aug 2020 18:16:23 GMT
      x-ms-tags:
      - tag1=firsttag&tag2=secondtag&tag3=thirdtag
      x-ms-version:
      - '2019-12-12'
    method: PUT
    uri: https://storagenamestorname.blob.core.windows.net/container20d714e9/blob2
  response:
    body:
      string: ''
    headers:
      content-length:
      - '0'
      content-md5:
      - XrY7u+Ae7tCTyyK7j1rNww==
      date:
      - Tue, 04 Aug 2020 18:16:22 GMT
      etag:
      - '"0x8D838A27EAD73FC"'
      last-modified:
      - Tue, 04 Aug 2020 18:16:23 GMT
      server:
      - Windows-Azure-Blob/1.0 Microsoft-HTTPAPI/2.0
      x-ms-content-crc64:
      - vo7q9sPVKY0=
      x-ms-request-server-encrypted:
      - 'true'
      x-ms-version:
      - '2019-12-12'
      x-ms-version-id:
      - '2020-08-04T18:16:23.4079228Z'
    status:
      code: 201
      message: Created
- request:
    body: hello world
    headers:
      Accept:
      - '*/*'
      Accept-Encoding:
      - gzip, deflate
      Connection:
      - keep-alive
      Content-Length:
      - '11'
      Content-Type:
      - application/octet-stream
      User-Agent:
      - azsdk-python-storage-blob/12.4.0b1 Python/3.7.3 (Windows-10-10.0.18362-SP0)
      x-ms-blob-type:
      - BlockBlob
      x-ms-date:
      - Tue, 04 Aug 2020 18:16:23 GMT
      x-ms-tags:
      - tag1=firsttag&tag2=secondtag&tag3=thirdtag
      x-ms-version:
      - '2019-12-12'
    method: PUT
    uri: https://storagenamestorname.blob.core.windows.net/container20d714e9/blob3
  response:
    body:
      string: ''
    headers:
      content-length:
      - '0'
      content-md5:
      - XrY7u+Ae7tCTyyK7j1rNww==
      date:
      - Tue, 04 Aug 2020 18:16:22 GMT
      etag:
      - '"0x8D838A27EBA95C6"'
      last-modified:
      - Tue, 04 Aug 2020 18:16:23 GMT
      server:
      - Windows-Azure-Blob/1.0 Microsoft-HTTPAPI/2.0
      x-ms-content-crc64:
      - vo7q9sPVKY0=
      x-ms-request-server-encrypted:
      - 'true'
      x-ms-version:
      - '2019-12-12'
      x-ms-version-id:
      - '2020-08-04T18:16:23.4939846Z'
    status:
      code: 201
      message: Created
- request:
    body: null
    headers:
      Accept:
      - '*/*'
      Accept-Encoding:
      - gzip, deflate
      Connection:
      - keep-alive
      User-Agent:
      - azsdk-python-storage-blob/12.4.0b1 Python/3.7.3 (Windows-10-10.0.18362-SP0)
      x-ms-date:
      - Tue, 04 Aug 2020 18:16:23 GMT
      x-ms-version:
      - '2019-12-12'
    method: HEAD
    uri: https://storagenamestorname.blob.core.windows.net/container20d714e9/blob1
  response:
    body:
      string: ''
    headers:
      accept-ranges:
      - bytes
      content-length:
      - '11'
      content-md5:
      - XrY7u+Ae7tCTyyK7j1rNww==
      content-type:
      - application/octet-stream
      date:
      - Tue, 04 Aug 2020 18:16:22 GMT
      etag:
      - '"0x8D838A27E9EF26B"'
      last-modified:
      - Tue, 04 Aug 2020 18:16:23 GMT
      server:
      - Windows-Azure-Blob/1.0 Microsoft-HTTPAPI/2.0
      x-ms-access-tier:
      - Hot
      x-ms-access-tier-inferred:
      - 'true'
      x-ms-blob-type:
      - BlockBlob
      x-ms-creation-time:
      - Tue, 04 Aug 2020 18:16:23 GMT
      x-ms-is-current-version:
      - 'true'
      x-ms-lease-state:
      - available
      x-ms-lease-status:
      - unlocked
      x-ms-server-encrypted:
      - 'true'
      x-ms-tag-count:
      - '3'
      x-ms-version:
      - '2019-12-12'
      x-ms-version-id:
      - '2020-08-04T18:16:23.3128555Z'
    status:
      code: 200
      message: OK
- request:
    body: "--===============8861348431442771154==\r\nContent-Type: application/http\r\nContent-Transfer-Encoding:
      binary\r\nContent-ID: 0\r\n\r\nPUT /container20d714e9/blob1?comp=tier HTTP/1.1\r\nContent-Length:
      0\r\nx-ms-access-tier: Cool\r\nx-ms-if-tags: \"tag1\"='firsttag WRONG'\r\nx-ms-date:
      Tue, 04 Aug 2020 18:16:23 GMT\r\nx-ms-client-request-id: 9ab95c46-d67e-11ea-b14f-001a7dda7113\r\nAuthorization:
      SharedKey emilyeuap:4CkQeaiFXgACZIgOdsnSiiaVQBApT6ZI1JKW0zxsgIc=\r\n\r\n\r\n--===============8861348431442771154==\r\nContent-Type:
      application/http\r\nContent-Transfer-Encoding: binary\r\nContent-ID: 1\r\n\r\nPUT
      /container20d714e9/blob2?comp=tier HTTP/1.1\r\nContent-Length: 0\r\nx-ms-access-tier:
      Cool\r\nx-ms-if-tags: \"tag1\"='firsttag WRONG'\r\nx-ms-date: Tue, 04 Aug 2020
      18:16:23 GMT\r\nx-ms-client-request-id: 9ab95c47-d67e-11ea-9019-001a7dda7113\r\nAuthorization:
      SharedKey emilyeuap:z3ZBrzqkh8CN87AW3FTRiFXgkn5dduomaFqXPomuBDA=\r\n\r\n\r\n--===============8861348431442771154==\r\nContent-Type:
      application/http\r\nContent-Transfer-Encoding: binary\r\nContent-ID: 2\r\n\r\nPUT
      /container20d714e9/blob3?comp=tier HTTP/1.1\r\nContent-Length: 0\r\nx-ms-access-tier:
      Cool\r\nx-ms-if-tags: \"tag1\"='firsttag WRONG'\r\nx-ms-date: Tue, 04 Aug 2020
      18:16:23 GMT\r\nx-ms-client-request-id: 9ab95c48-d67e-11ea-abd4-001a7dda7113\r\nAuthorization:
      SharedKey emilyeuap:UkxH3iHG5mPVKBdt2ujRSjR9N++E9B5dWVxWQr505mY=\r\n\r\n\r\n--===============8861348431442771154==--\r\n"
    headers:
      Accept:
      - '*/*'
      Accept-Encoding:
      - gzip, deflate
      Connection:
      - keep-alive
      Content-Length:
      - '1374'
      Content-Type:
      - multipart/mixed; boundary================8861348431442771154==
      User-Agent:
      - azsdk-python-storage-blob/12.4.0b1 Python/3.7.3 (Windows-10-10.0.18362-SP0)
      x-ms-date:
      - Tue, 04 Aug 2020 18:16:23 GMT
      x-ms-version:
      - '2019-12-12'
    method: POST
    uri: https://storagenamestorname.blob.core.windows.net/?comp=batch
  response:
    body:
      string: "--batchresponse_9ed44e68-9d43-4414-8d04-a073833ebabc\r\nContent-Type:
        application/http\r\nContent-ID: 0\r\n\r\nHTTP/1.1 412 The condition specified
        using HTTP conditional header(s) is not met.\r\nx-ms-error-code: ConditionNotMet\r\nx-ms-request-id:
        9b52bd97-401e-0028-348b-6a2c081e6d6b\r\nx-ms-version: 2019-12-12\r\nx-ms-client-request-id:
        9ab95c46-d67e-11ea-b14f-001a7dda7113\r\nContent-Length: 253\r\nContent-Type:
        application/xml\r\nServer: Windows-Azure-Blob/1.0\r\n\r\n\uFEFF<?xml version=\"1.0\"
        encoding=\"utf-8\"?>\n<Error><Code>ConditionNotMet</Code><Message>The condition
        specified using HTTP conditional header(s) is not met.\nRequestId:9b52bd97-401e-0028-348b-6a2c081e6d6b\nTime:2020-08-04T18:16:23.9282032Z</Message></Error>\r\n--batchresponse_9ed44e68-9d43-4414-8d04-a073833ebabc\r\nContent-Type:
        application/http\r\nContent-ID: 1\r\n\r\nHTTP/1.1 412 The condition specified
        using HTTP conditional header(s) is not met.\r\nx-ms-error-code: ConditionNotMet\r\nx-ms-request-id:
        9b52bd97-401e-0028-348b-6a2c081e6d6e\r\nx-ms-version: 2019-12-12\r\nx-ms-client-request-id:
        9ab95c47-d67e-11ea-9019-001a7dda7113\r\nContent-Length: 253\r\nContent-Type:
        application/xml\r\nServer: Windows-Azure-Blob/1.0\r\n\r\n\uFEFF<?xml version=\"1.0\"
        encoding=\"utf-8\"?>\n<Error><Code>ConditionNotMet</Code><Message>The condition
        specified using HTTP conditional header(s) is not met.\nRequestId:9b52bd97-401e-0028-348b-6a2c081e6d6e\nTime:2020-08-04T18:16:23.9282032Z</Message></Error>\r\n--batchresponse_9ed44e68-9d43-4414-8d04-a073833ebabc\r\nContent-Type:
        application/http\r\nContent-ID: 2\r\n\r\nHTTP/1.1 412 The condition specified
        using HTTP conditional header(s) is not met.\r\nx-ms-error-code: ConditionNotMet\r\nx-ms-request-id:
        9b52bd97-401e-0028-348b-6a2c081e6d6f\r\nx-ms-version: 2019-12-12\r\nx-ms-client-request-id:
        9ab95c48-d67e-11ea-abd4-001a7dda7113\r\nContent-Length: 253\r\nContent-Type:
        application/xml\r\nServer: Windows-Azure-Blob/1.0\r\n\r\n\uFEFF<?xml version=\"1.0\"
        encoding=\"utf-8\"?>\n<Error><Code>ConditionNotMet</Code><Message>The condition
        specified using HTTP conditional header(s) is not met.\nRequestId:9b52bd97-401e-0028-348b-6a2c081e6d6f\nTime:2020-08-04T18:16:23.9282032Z</Message></Error>\r\n--batchresponse_9ed44e68-9d43-4414-8d04-a073833ebabc--"
    headers:
      content-type:
      - multipart/mixed; boundary=batchresponse_9ed44e68-9d43-4414-8d04-a073833ebabc
      date:
      - Tue, 04 Aug 2020 18:16:23 GMT
      server:
      - Windows-Azure-Blob/1.0 Microsoft-HTTPAPI/2.0
      transfer-encoding:
      - chunked
      x-ms-version:
      - '2019-12-12'
    status:
      code: 202
      message: Accepted
- request:
    body: "--===============8006115909436969054==\r\nContent-Type: application/http\r\nContent-Transfer-Encoding:
      binary\r\nContent-ID: 0\r\n\r\nPUT /container20d714e9/blob1?comp=tier HTTP/1.1\r\nContent-Length:
      0\r\nx-ms-access-tier: Cool\r\nx-ms-if-tags: \"tag1\"='firsttag'\r\nx-ms-date:
      Tue, 04 Aug 2020 18:16:24 GMT\r\nx-ms-client-request-id: 9af9429c-d67e-11ea-b2c0-001a7dda7113\r\nAuthorization:
      SharedKey emilyeuap:u7yYNte42zg/a6eEopYTcQ6rAMmU+AXRWzgy0DfsbT4=\r\n\r\n\r\n--===============8006115909436969054==\r\nContent-Type:
      application/http\r\nContent-Transfer-Encoding: binary\r\nContent-ID: 1\r\n\r\nPUT
      /container20d714e9/blob2?comp=tier HTTP/1.1\r\nContent-Length: 0\r\nx-ms-access-tier:
      Cool\r\nx-ms-if-tags: \"tag1\"='firsttag'\r\nx-ms-date: Tue, 04 Aug 2020 18:16:24
      GMT\r\nx-ms-client-request-id: 9af9429d-d67e-11ea-ae7f-001a7dda7113\r\nAuthorization:
      SharedKey emilyeuap:6k0+5aFsPaFzJqwb/zkMN9tOEwVxTUFbqasGtXrbD38=\r\n\r\n\r\n--===============8006115909436969054==\r\nContent-Type:
      application/http\r\nContent-Transfer-Encoding: binary\r\nContent-ID: 2\r\n\r\nPUT
      /container20d714e9/blob3?comp=tier HTTP/1.1\r\nContent-Length: 0\r\nx-ms-access-tier:
      Cool\r\nx-ms-if-tags: \"tag1\"='firsttag'\r\nx-ms-date: Tue, 04 Aug 2020 18:16:24
      GMT\r\nx-ms-client-request-id: 9af9429e-d67e-11ea-9e53-001a7dda7113\r\nAuthorization:
      SharedKey emilyeuap:VVy8crNPG41+0+slHf+zcGbuF80fw2VXlkGiG78ocjg=\r\n\r\n\r\n--===============8006115909436969054==--\r\n"
    headers:
      Accept:
      - '*/*'
      Accept-Encoding:
      - gzip, deflate
      Connection:
      - keep-alive
      Content-Length:
      - '1356'
      Content-Type:
      - multipart/mixed; boundary================8006115909436969054==
      User-Agent:
      - azsdk-python-storage-blob/12.4.0b1 Python/3.7.3 (Windows-10-10.0.18362-SP0)
      x-ms-date:
      - Tue, 04 Aug 2020 18:16:24 GMT
      x-ms-version:
      - '2019-12-12'
    method: POST
    uri: https://storagenamestorname.blob.core.windows.net/?comp=batch
  response:
    body:
      string: "--batchresponse_79623cee-d4bb-4053-a002-42bfa83e23ba\r\nContent-Type:
        application/http\r\nContent-ID: 0\r\n\r\nHTTP/1.1 200 OK\r\nx-ms-request-id:
        9b52bdd4-401e-0028-638b-6a2c081e6d74\r\nx-ms-version: 2019-12-12\r\nx-ms-client-request-id:
        9af9429c-d67e-11ea-b2c0-001a7dda7113\r\nServer: Windows-Azure-Blob/1.0\r\n\r\n--batchresponse_79623cee-d4bb-4053-a002-42bfa83e23ba\r\nContent-Type:
        application/http\r\nContent-ID: 1\r\n\r\nHTTP/1.1 200 OK\r\nx-ms-request-id:
        9b52bdd4-401e-0028-638b-6a2c081e6d75\r\nx-ms-version: 2019-12-12\r\nx-ms-client-request-id:
        9af9429d-d67e-11ea-ae7f-001a7dda7113\r\nServer: Windows-Azure-Blob/1.0\r\n\r\n--batchresponse_79623cee-d4bb-4053-a002-42bfa83e23ba\r\nContent-Type:
        application/http\r\nContent-ID: 2\r\n\r\nHTTP/1.1 200 OK\r\nx-ms-request-id:
        9b52bdd4-401e-0028-638b-6a2c081e6d76\r\nx-ms-version: 2019-12-12\r\nx-ms-client-request-id:
        9af9429e-d67e-11ea-9e53-001a7dda7113\r\nServer: Windows-Azure-Blob/1.0\r\n\r\n--batchresponse_79623cee-d4bb-4053-a002-42bfa83e23ba--"
    headers:
      content-type:
      - multipart/mixed; boundary=batchresponse_79623cee-d4bb-4053-a002-42bfa83e23ba
      date:
      - Tue, 04 Aug 2020 18:16:23 GMT
      server:
      - Windows-Azure-Blob/1.0 Microsoft-HTTPAPI/2.0
      transfer-encoding:
      - chunked
      x-ms-version:
      - '2019-12-12'
    status:
      code: 202
      message: Accepted
- request:
    body: null
    headers:
      Accept:
      - '*/*'
      Accept-Encoding:
      - gzip, deflate
      Connection:
      - keep-alive
      User-Agent:
      - azsdk-python-storage-blob/12.4.0b1 Python/3.7.3 (Windows-10-10.0.18362-SP0)
      x-ms-date:
      - Tue, 04 Aug 2020 18:16:24 GMT
      x-ms-version:
      - '2019-12-12'
    method: HEAD
    uri: https://storagenamestorname.blob.core.windows.net/container20d714e9/blob1
  response:
    body:
      string: ''
    headers:
      accept-ranges:
      - bytes
      content-length:
      - '11'
      content-md5:
      - XrY7u+Ae7tCTyyK7j1rNww==
      content-type:
      - application/octet-stream
      date:
      - Tue, 04 Aug 2020 18:16:23 GMT
      etag:
      - '"0x8D838A27E9EF26B"'
      last-modified:
      - Tue, 04 Aug 2020 18:16:23 GMT
      server:
      - Windows-Azure-Blob/1.0 Microsoft-HTTPAPI/2.0
      x-ms-access-tier:
      - Cool
      x-ms-access-tier-change-time:
      - Tue, 04 Aug 2020 18:16:24 GMT
      x-ms-blob-type:
      - BlockBlob
      x-ms-creation-time:
      - Tue, 04 Aug 2020 18:16:23 GMT
      x-ms-is-current-version:
      - 'true'
      x-ms-lease-state:
      - available
      x-ms-lease-status:
      - unlocked
      x-ms-server-encrypted:
      - 'true'
      x-ms-tag-count:
      - '3'
      x-ms-version:
      - '2019-12-12'
      x-ms-version-id:
      - '2020-08-04T18:16:23.3128555Z'
    status:
      code: 200
      message: OK
- request:
    body: "--===============3892432679164503556==\r\nContent-Type: application/http\r\nContent-Transfer-Encoding:
      binary\r\nContent-ID: 0\r\n\r\nDELETE /container20d714e9/blob1? HTTP/1.1\r\nx-ms-date:
      Tue, 04 Aug 2020 18:16:24 GMT\r\nx-ms-client-request-id: 9b1aa2ae-d67e-11ea-9949-001a7dda7113\r\nAuthorization:
      SharedKey emilyeuap:y1eRmwAgrsr/qPD0HIrUPk1tu+Bh7XIMK4o1u2BUM2E=\r\n\r\n\r\n--===============3892432679164503556==\r\nContent-Type:
      application/http\r\nContent-Transfer-Encoding: binary\r\nContent-ID: 1\r\n\r\nDELETE
      /container20d714e9/blob2? HTTP/1.1\r\nx-ms-date: Tue, 04 Aug 2020 18:16:24 GMT\r\nx-ms-client-request-id:
      9b1aa2af-d67e-11ea-a90a-001a7dda7113\r\nAuthorization: SharedKey emilyeuap:86wBOH0PlANASPUNoDEdZb6edpU6aC59pun2RzjszTI=\r\n\r\n\r\n--===============3892432679164503556==\r\nContent-Type:
      application/http\r\nContent-Transfer-Encoding: binary\r\nContent-ID: 2\r\n\r\nDELETE
      /container20d714e9/blob3? HTTP/1.1\r\nx-ms-date: Tue, 04 Aug 2020 18:16:24 GMT\r\nx-ms-client-request-id:
      9b1aa2b0-d67e-11ea-bdde-001a7dda7113\r\nAuthorization: SharedKey emilyeuap:Qw7VlAGMq/52V2HyKIPAwwNHBO2GUuhHX52BuNLZ5vM=\r\n\r\n\r\n--===============3892432679164503556==--\r\n"
    headers:
      Accept:
      - '*/*'
      Accept-Encoding:
      - gzip, deflate
      Connection:
      - keep-alive
      Content-Length:
      - '1110'
      Content-Type:
      - multipart/mixed; boundary================3892432679164503556==
      User-Agent:
      - azsdk-python-storage-blob/12.4.0b1 Python/3.7.3 (Windows-10-10.0.18362-SP0)
      x-ms-date:
      - Tue, 04 Aug 2020 18:16:24 GMT
      x-ms-version:
      - '2019-12-12'
    method: POST
    uri: https://storagenamestorname.blob.core.windows.net/?comp=batch
  response:
    body:
      string: "--batchresponse_c16ea316-7d06-4c01-9650-ab8e2bdc9c01\r\nContent-Type:
        application/http\r\nContent-ID: 0\r\n\r\nHTTP/1.1 202 Accepted\r\nx-ms-delete-type-permanent:
        true\r\nx-ms-request-id: 9b52bdfd-401e-0028-808b-6a2c081e6d77\r\nx-ms-version:
        2019-12-12\r\nx-ms-client-request-id: 9b1aa2ae-d67e-11ea-9949-001a7dda7113\r\nServer:
        Windows-Azure-Blob/1.0\r\n\r\n--batchresponse_c16ea316-7d06-4c01-9650-ab8e2bdc9c01\r\nContent-Type:
        application/http\r\nContent-ID: 1\r\n\r\nHTTP/1.1 202 Accepted\r\nx-ms-delete-type-permanent:
        true\r\nx-ms-request-id: 9b52bdfd-401e-0028-808b-6a2c081e6d78\r\nx-ms-version:
        2019-12-12\r\nx-ms-client-request-id: 9b1aa2af-d67e-11ea-a90a-001a7dda7113\r\nServer:
        Windows-Azure-Blob/1.0\r\n\r\n--batchresponse_c16ea316-7d06-4c01-9650-ab8e2bdc9c01\r\nContent-Type:
        application/http\r\nContent-ID: 2\r\n\r\nHTTP/1.1 202 Accepted\r\nx-ms-delete-type-permanent:
        true\r\nx-ms-request-id: 9b52bdfd-401e-0028-808b-6a2c081e6d79\r\nx-ms-version:
        2019-12-12\r\nx-ms-client-request-id: 9b1aa2b0-d67e-11ea-bdde-001a7dda7113\r\nServer:
        Windows-Azure-Blob/1.0\r\n\r\n--batchresponse_c16ea316-7d06-4c01-9650-ab8e2bdc9c01--"
    headers:
      content-type:
      - multipart/mixed; boundary=batchresponse_c16ea316-7d06-4c01-9650-ab8e2bdc9c01
      date:
      - Tue, 04 Aug 2020 18:16:23 GMT
      server:
      - Windows-Azure-Blob/1.0 Microsoft-HTTPAPI/2.0
      transfer-encoding:
      - chunked
      x-ms-version:
      - '2019-12-12'
    status:
      code: 202
      message: Accepted
version: 1
