interactions:
- request:
    body: null
    headers:
      Accept:
      - '*/*'
      Accept-Encoding:
      - gzip, deflate
      Connection:
      - keep-alive
      Content-Length:
      - '0'
      User-Agent:
      - azsdk-python-storage-blob/12.0.0b2 Python/3.7.3 (Windows-10-10.0.17763-SP0)
      x-ms-date:
      - Wed, 28 Aug 2019 01:56:23 GMT
      x-ms-version:
      - '2019-02-02'
    method: PUT
    uri: https://pyacrstorage6f1410d9.blob.core.windows.net/utcontainer6f1410d9?restype=container
  response:
    body:
      string: ''
    headers:
      content-length:
      - '0'
      date:
      - Wed, 28 Aug 2019 01:56:24 GMT
      etag:
      - '"0x8D72B5AEEDAA23F"'
      last-modified:
      - Wed, 28 Aug 2019 01:56:25 GMT
      server:
      - Windows-Azure-Blob/1.0 Microsoft-HTTPAPI/2.0
      x-ms-version:
      - '2019-02-02'
    status:
      code: 201
      message: Created
- request:
    body: null
    headers:
      Accept:
      - '*/*'
      Accept-Encoding:
      - gzip, deflate
      Connection:
      - keep-alive
      Content-Length:
      - '0'
      User-Agent:
      - azsdk-python-storage-blob/12.0.0b2 Python/3.7.3 (Windows-10-10.0.17763-SP0)
      x-ms-blob-type:
      - AppendBlob
      x-ms-date:
      - Wed, 28 Aug 2019 01:56:25 GMT
      x-ms-version:
      - '2019-02-02'
    method: PUT
    uri: https://pyacrstorage6f1410d9.blob.core.windows.net/utcontainer6f1410d9/blob6f1410d9
  response:
    body:
      string: ''
    headers:
      content-length:
      - '0'
      date:
      - Wed, 28 Aug 2019 01:56:24 GMT
      etag:
      - '"0x8D72B5AEEE7A7F3"'
      last-modified:
      - Wed, 28 Aug 2019 01:56:25 GMT
      server:
      - Windows-Azure-Blob/1.0 Microsoft-HTTPAPI/2.0
      x-ms-request-server-encrypted:
      - 'true'
      x-ms-version:
      - '2019-02-02'
    status:
      code: 201
      message: Created
- request:
    body: hello world
    headers:
      Accept:
      - '*/*'
      Accept-Encoding:
      - gzip, deflate
      Connection:
      - keep-alive
      Content-Length:
      - '11'
      Content-MD5:
      - XrY7u+Ae7tCTyyK7j1rNww==
      Content-Type:
      - application/xml; charset=utf-8
      User-Agent:
      - azsdk-python-storage-blob/12.0.0b2 Python/3.7.3 (Windows-10-10.0.17763-SP0)
      x-ms-date:
      - Wed, 28 Aug 2019 01:56:25 GMT
      x-ms-version:
      - '2019-02-02'
    method: PUT
    uri: https://pyacrstorage6f1410d9.blob.core.windows.net/utcontainer6f1410d9/blob6f1410d9?comp=appendblock
  response:
    body:
      string: ''
    headers:
      content-length:
      - '0'
      content-md5:
      - XrY7u+Ae7tCTyyK7j1rNww==
      date:
      - Wed, 28 Aug 2019 01:56:25 GMT
      etag:
      - '"0x8D72B5AEEF16DBF"'
      last-modified:
      - Wed, 28 Aug 2019 01:56:25 GMT
      server:
      - Windows-Azure-Blob/1.0 Microsoft-HTTPAPI/2.0
      x-ms-blob-append-offset:
      - '0'
      x-ms-blob-committed-block-count:
      - '1'
      x-ms-request-server-encrypted:
      - 'true'
      x-ms-version:
      - '2019-02-02'
    status:
      code: 201
      message: Created
version: 1
