interactions:
- request:
    body: null
    headers:
      Accept:
      - '*/*'
      Accept-Encoding:
      - gzip, deflate
      Connection:
      - keep-alive
      Content-Length:
      - '0'
      User-Agent:
      - azsdk-python-storage-blob/12.0.0b5 Python/3.6.3 (Windows-10-10.0.18362-SP0)
      x-ms-date:
      - Fri, 25 Oct 2019 17:22:20 GMT
      x-ms-version:
      - '2019-02-02'
    method: PUT
    uri: https://blobstoragename.blob.core.windows.net/utcontainera13d1b3d?restype=container
  response:
    body:
      string: ''
    headers:
      content-length:
      - '0'
      date:
      - Fri, 25 Oct 2019 17:22:19 GMT
      etag:
      - '"0x8D7596FE49A15F4"'
      last-modified:
      - Fri, 25 Oct 2019 17:22:20 GMT
      server:
      - Windows-Azure-Blob/1.0 Microsoft-HTTPAPI/2.0
      x-ms-version:
      - '2019-02-02'
    status:
      code: 201
      message: Created
- request:
    body: hello world
    headers:
      Accept:
      - '*/*'
      Accept-Encoding:
      - gzip, deflate
      Connection:
      - keep-alive
      Content-Length:
      - '11'
      Content-Type:
      - application/octet-stream
      If-None-Match:
      - '*'
      User-Agent:
      - azsdk-python-storage-blob/12.0.0b5 Python/3.6.3 (Windows-10-10.0.18362-SP0)
      x-ms-blob-type:
      - BlockBlob
      x-ms-date:
      - Fri, 25 Oct 2019 17:22:21 GMT
      x-ms-version:
      - '2019-02-02'
    method: PUT
    uri: https://blobstoragename.blob.core.windows.net/utcontainera13d1b3d/blob1
  response:
    body:
      string: ''
    headers:
      content-length:
      - '0'
      content-md5:
      - XrY7u+Ae7tCTyyK7j1rNww==
      date:
      - Fri, 25 Oct 2019 17:22:20 GMT
      etag:
      - '"0x8D7596FE4A412B0"'
      last-modified:
      - Fri, 25 Oct 2019 17:22:20 GMT
      server:
      - Windows-Azure-Blob/1.0 Microsoft-HTTPAPI/2.0
      x-ms-content-crc64:
      - vo7q9sPVKY0=
      x-ms-request-server-encrypted:
      - 'true'
      x-ms-version:
      - '2019-02-02'
    status:
      code: 201
      message: Created
- request:
    body: null
    headers:
      Accept:
      - '*/*'
      Accept-Encoding:
      - gzip, deflate
      Connection:
      - keep-alive
      User-Agent:
      - azsdk-python-storage-blob/12.0.0b5 Python/3.6.3 (Windows-10-10.0.18362-SP0)
      x-ms-date:
      - Fri, 25 Oct 2019 17:22:21 GMT
      x-ms-version:
      - '2019-02-02'
    method: HEAD
    uri: https://blobstoragename.blob.core.windows.net/utcontainera13d1b3d/blob1
  response:
    body:
      string: ''
    headers:
      accept-ranges:
      - bytes
      content-length:
      - '11'
      content-md5:
      - XrY7u+Ae7tCTyyK7j1rNww==
      content-type:
      - application/octet-stream
      date:
      - Fri, 25 Oct 2019 17:22:20 GMT
      etag:
      - '"0x8D7596FE4A412B0"'
      last-modified:
      - Fri, 25 Oct 2019 17:22:20 GMT
      server:
      - Windows-Azure-Blob/1.0 Microsoft-HTTPAPI/2.0
      x-ms-access-tier:
      - Hot
      x-ms-access-tier-inferred:
      - 'true'
      x-ms-blob-type:
      - BlockBlob
      x-ms-creation-time:
      - Fri, 25 Oct 2019 17:22:20 GMT
      x-ms-lease-state:
      - available
      x-ms-lease-status:
      - unlocked
      x-ms-server-encrypted:
      - 'true'
      x-ms-version:
      - '2019-02-02'
    status:
      code: 200
      message: OK
- request:
    body: null
    headers:
      Accept:
      - '*/*'
      Accept-Encoding:
      - gzip, deflate
      Connection:
      - keep-alive
      Content-Length:
      - '0'
      If-None-Match:
      - '"0x8D7596FE4A412B0"'
      User-Agent:
      - azsdk-python-storage-blob/12.0.0b5 Python/3.6.3 (Windows-10-10.0.18362-SP0)
      x-ms-date:
      - Fri, 25 Oct 2019 17:22:21 GMT
      x-ms-lease-action:
      - acquire
      x-ms-lease-duration:
      - '-1'
      x-ms-proposed-lease-id:
      - 5268bb1e-7e09-4e6b-8120-315a2a7daee3
      x-ms-version:
      - '2019-02-02'
    method: PUT
    uri: https://blobstoragename.blob.core.windows.net/utcontainera13d1b3d/blob1?comp=lease
  response:
    body:
      string: "\uFEFF<?xml version=\"1.0\" encoding=\"utf-8\"?><Error><Code>ConditionNotMet</Code><Message>The
        condition specified using HTTP conditional header(s) is not met.\nRequestId:18017b22-a01e-00b7-0458-8b8eba000000\nTime:2019-10-25T17:22:21.1332380Z</Message></Error>"
    headers:
      content-length:
      - '252'
      content-type:
      - application/xml
      date:
      - Fri, 25 Oct 2019 17:22:20 GMT
      server:
      - Windows-Azure-Blob/1.0 Microsoft-HTTPAPI/2.0
      x-ms-error-code:
      - ConditionNotMet
      x-ms-version:
      - '2019-02-02'
    status:
      code: 412
      message: The condition specified using HTTP conditional header(s) is not met.
version: 1
