{
  "Entries": [
    {
      "RequestUri": "https://storagename.blob.core.windows.net/contdfad2e0d?restype=container",
      "RequestMethod": "PUT",
      "RequestHeaders": {
        "Accept": "application/xml",
        "Accept-Encoding": "gzip, deflate",
        "Connection": "keep-alive",
        "Content-Length": "0",
        "User-Agent": "azsdk-python-storage-blob/12.12.1 Python/3.10.0 (Windows-10-10.0.22000-SP0)",
        "x-ms-date": "Wed, 25 May 2022 00:20:43 GMT",
        "x-ms-meta-hello": "world",
        "x-ms-version": "2021-06-08"
      },
      "RequestBody": null,
      "StatusCode": 201,
      "ResponseHeaders": {
        "Content-Length": "0",
        "Date": "Wed, 25 May 2022 00:20:43 GMT",
        "ETag": "\u00220x8DA3DE4687C9256\u0022",
        "Last-Modified": "Wed, 25 May 2022 00:20:44 GMT",
        "Server": [
          "Windows-Azure-Blob/1.0",
          "Microsoft-HTTPAPI/2.0"
        ],
        "x-ms-version": "2021-06-08"
      },
      "ResponseBody": null
    },
    {
      "RequestUri": "https://storagename.blob.core.windows.net/contdfad2e0d?restype=container",
      "RequestMethod": "GET",
      "RequestHeaders": {
        "Accept": "application/xml",
        "Accept-Encoding": "gzip, deflate",
        "Connection": "keep-alive",
        "User-Agent": "azsdk-python-storage-blob/12.12.1 Python/3.10.0 (Windows-10-10.0.22000-SP0)",
        "x-ms-date": "Wed, 25 May 2022 00:20:44 GMT",
        "x-ms-version": "2021-06-08"
      },
      "RequestBody": null,
      "StatusCode": 200,
      "ResponseHeaders": {
        "Content-Length": "0",
        "Date": "Wed, 25 May 2022 00:20:43 GMT",
        "ETag": "\u00220x8DA3DE4687C9256\u0022",
        "Last-Modified": "Wed, 25 May 2022 00:20:44 GMT",
        "Server": [
          "Windows-Azure-Blob/1.0",
          "Microsoft-HTTPAPI/2.0"
        ],
        "x-ms-default-encryption-scope": "$account-encryption-key",
        "x-ms-deny-encryption-scope-override": "false",
        "x-ms-has-immutability-policy": "false",
        "x-ms-has-legal-hold": "false",
        "x-ms-immutable-storage-with-versioning-enabled": "false",
        "x-ms-lease-state": "available",
        "x-ms-lease-status": "unlocked",
        "x-ms-meta-hello": "world",
        "x-ms-version": "2021-06-08"
      },
      "ResponseBody": null
    },
    {
      "RequestUri": "https://storagename.blob.core.windows.net/contdfad2e0d?restype=container",
      "RequestMethod": "DELETE",
      "RequestHeaders": {
        "Accept": "application/xml",
        "Accept-Encoding": "gzip, deflate",
        "Connection": "keep-alive",
        "Content-Length": "0",
        "User-Agent": "azsdk-python-storage-blob/12.12.1 Python/3.10.0 (Windows-10-10.0.22000-SP0)",
        "x-ms-date": "Wed, 25 May 2022 00:20:44 GMT",
        "x-ms-version": "2021-06-08"
      },
      "RequestBody": null,
      "StatusCode": 202,
      "ResponseHeaders": {
        "Content-Length": "0",
        "Date": "Wed, 25 May 2022 00:20:43 GMT",
        "Server": [
          "Windows-Azure-Blob/1.0",
          "Microsoft-HTTPAPI/2.0"
        ],
        "x-ms-version": "2021-06-08"
      },
      "ResponseBody": null
    }
  ],
  "Variables": {}
}
