interactions:
- request:
    body: null
    headers:
      Accept:
      - '*/*'
      Accept-Encoding:
      - gzip, deflate
      Connection:
      - keep-alive
      Content-Length:
      - '0'
      User-Agent:
      - azsdk-python-storage-blob/12.4.0b1 Python/3.7.3 (Windows-10-10.0.18362-SP0)
      x-ms-date:
      - Wed, 05 Aug 2020 22:55:02 GMT
      x-ms-version:
      - '2019-12-12'
    method: PUT
    uri: https://storagenamestorname.blob.core.windows.net/utcontainerb98312bd?timeout=5&restype=container
  response:
    body:
      string: ''
    headers:
      content-length:
      - '0'
      date:
      - Wed, 05 Aug 2020 22:55:03 GMT
      etag:
      - '"0x8D8399296E0F322"'
      last-modified:
      - Wed, 05 Aug 2020 22:55:03 GMT
      server:
      - Windows-Azure-Blob/1.0 Microsoft-HTTPAPI/2.0
      x-ms-version:
      - '2019-12-12'
    status:
      code: 201
      message: Created
- request:
    body: null
    headers:
      Accept:
      - '*/*'
      Accept-Encoding:
      - gzip, deflate
      Connection:
      - keep-alive
      Content-Length:
      - '0'
      Content-Type:
      - application/octet-stream
      User-Agent:
      - azsdk-python-storage-blob/12.4.0b1 Python/3.7.3 (Windows-10-10.0.18362-SP0)
      x-ms-blob-type:
      - BlockBlob
      x-ms-date:
      - Wed, 05 Aug 2020 22:55:03 GMT
      x-ms-tags:
      - tag1%20name=my%20tag&tag2=secondtag&tag3=thirdtag
      x-ms-version:
      - '2019-12-12'
    method: PUT
    uri: https://storagenamestorname.blob.core.windows.net/utcontainerb98312bd/blobb98312bd
  response:
    body:
      string: ''
    headers:
      content-length:
      - '0'
      content-md5:
      - 1B2M2Y8AsgTpgAmY7PhCfg==
      date:
      - Wed, 05 Aug 2020 22:55:03 GMT
      etag:
      - '"0x8D8399296F15A1B"'
      last-modified:
      - Wed, 05 Aug 2020 22:55:03 GMT
      server:
      - Windows-Azure-Blob/1.0 Microsoft-HTTPAPI/2.0
      x-ms-content-crc64:
      - AAAAAAAAAAA=
      x-ms-request-server-encrypted:
      - 'true'
      x-ms-version:
      - '2019-12-12'
      x-ms-version-id:
      - '2020-08-05T22:55:03.3333275Z'
    status:
      code: 201
      message: Created
- request:
    body: ???
    headers:
      Accept:
      - '*/*'
      Accept-Encoding:
      - gzip, deflate
      Connection:
      - keep-alive
      Content-Length:
      - '3'
      Content-Type:
      - application/octet-stream
      User-Agent:
      - azsdk-python-storage-blob/12.4.0b1 Python/3.7.3 (Windows-10-10.0.18362-SP0)
      x-ms-blob-type:
      - BlockBlob
      x-ms-date:
      - Wed, 05 Aug 2020 22:55:03 GMT
      x-ms-if-tags:
      - '"tag1"=''first tag'''
      x-ms-version:
      - '2019-12-12'
    method: PUT
    uri: https://storagenamestorname.blob.core.windows.net/utcontainerb98312bd/blobb98312bd
  response:
    body:
      string: "\uFEFF<?xml version=\"1.0\" encoding=\"utf-8\"?><Error><Code>ConditionNotMet</Code><Message>The
        condition specified using HTTP conditional header(s) is not met.\nRequestId:ca5abcb3-d01e-0067-287b-6b5d5c000000\nTime:2020-08-05T22:55:03.8342666Z</Message></Error>"
    headers:
      content-length:
      - '252'
      content-type:
      - application/xml
      date:
      - Wed, 05 Aug 2020 22:55:03 GMT
      server:
      - Windows-Azure-Blob/1.0 Microsoft-HTTPAPI/2.0
      x-ms-error-code:
      - ConditionNotMet
      x-ms-version:
      - '2019-12-12'
    status:
      code: 412
      message: The condition specified using HTTP conditional header(s) is not met.
- request:
    body: ???
    headers:
      Accept:
      - '*/*'
      Accept-Encoding:
      - gzip, deflate
      Connection:
      - keep-alive
      Content-Length:
      - '3'
      Content-Type:
      - application/octet-stream
      User-Agent:
      - azsdk-python-storage-blob/12.4.0b1 Python/3.7.3 (Windows-10-10.0.18362-SP0)
      x-ms-blob-type:
      - BlockBlob
      x-ms-date:
      - Wed, 05 Aug 2020 22:55:03 GMT
      x-ms-if-tags:
      - '"tag1 name"=''my tag'' AND "tag2"=''secondtag'''
      x-ms-version:
      - '2019-12-12'
    method: PUT
    uri: https://storagenamestorname.blob.core.windows.net/utcontainerb98312bd/blobb98312bd
  response:
    body:
      string: ''
    headers:
      content-length:
      - '0'
      content-md5:
      - DRsIw0hYkhvHxmKyKKy3ug==
      date:
      - Wed, 05 Aug 2020 22:55:03 GMT
      etag:
      - '"0x8D83992974F69C5"'
      last-modified:
      - Wed, 05 Aug 2020 22:55:03 GMT
      server:
      - Windows-Azure-Blob/1.0 Microsoft-HTTPAPI/2.0
      x-ms-content-crc64:
      - VtoDJyOMw/A=
      x-ms-request-server-encrypted:
      - 'true'
      x-ms-version:
      - '2019-12-12'
      x-ms-version-id:
      - '2020-08-05T22:55:03.9507669Z'
    status:
      code: 201
      message: Created
- request:
    body: null
    headers:
      Accept:
      - application/xml
      Accept-Encoding:
      - gzip, deflate
      Connection:
      - keep-alive
      User-Agent:
      - azsdk-python-storage-blob/12.4.0b1 Python/3.7.3 (Windows-10-10.0.18362-SP0)
      x-ms-date:
      - Wed, 05 Aug 2020 22:55:04 GMT
      x-ms-range:
      - bytes=0-33554431
      x-ms-version:
      - '2019-12-12'
    method: GET
    uri: https://storagenamestorname.blob.core.windows.net/utcontainerb98312bd/blobb98312bd
  response:
    body:
      string: ???
    headers:
      accept-ranges:
      - bytes
      content-length:
      - '3'
      content-range:
      - bytes 0-2/3
      content-type:
      - application/octet-stream
      date:
      - Wed, 05 Aug 2020 22:55:03 GMT
      etag:
      - '"0x8D83992974F69C5"'
      last-modified:
      - Wed, 05 Aug 2020 22:55:03 GMT
      server:
      - Windows-Azure-Blob/1.0 Microsoft-HTTPAPI/2.0
      x-ms-blob-content-md5:
      - DRsIw0hYkhvHxmKyKKy3ug==
      x-ms-blob-type:
      - BlockBlob
      x-ms-creation-time:
      - Wed, 05 Aug 2020 22:55:03 GMT
      x-ms-is-current-version:
      - 'true'
      x-ms-lease-state:
      - available
      x-ms-lease-status:
      - unlocked
      x-ms-server-encrypted:
      - 'true'
      x-ms-version:
      - '2019-12-12'
      x-ms-version-id:
      - '2020-08-05T22:55:03.9507669Z'
    status:
      code: 206
      message: Partial Content
version: 1
