interactions:
- request:
    body: null
    headers:
      Accept:
      - '*/*'
      Accept-Encoding:
      - gzip, deflate
      Connection:
      - keep-alive
      Content-Length:
      - '0'
      User-Agent:
      - python/3.6.5 (Darwin-16.7.0-x86_64-i386-64bit) azure-core/0.0.1
      x-ms-client-request-id:
      - 66d0d7f4-8eca-11e9-a508-f45c89a7d159
      x-ms-date:
      - Fri, 14 Jun 2019 17:32:37 GMT
      x-ms-version:
      - '2018-03-28'
    method: PUT
    uri: https://remotestoragename.blob.core.windows.net/utcontainer36411997?restype=container
  response:
    body:
      string: ''
    headers:
      Content-Length:
      - '0'
      Date:
      - Fri, 14 Jun 2019 17:32:37 GMT
      ETag:
      - '"0x8D6F0EE4B97E549"'
      Last-Modified:
      - Fri, 14 Jun 2019 17:32:38 GMT
      Server:
      - Windows-Azure-Blob/1.0 Microsoft-HTTPAPI/2.0
      x-ms-request-id:
      - 40896079-501e-003b-6dd7-22265e000000
      x-ms-version:
      - '2018-03-28'
    status:
      code: 201
      message: Created
- request:
    body: hello world
    headers:
      Accept:
      - '*/*'
      Accept-Encoding:
      - gzip, deflate
      Connection:
      - keep-alive
      Content-Length:
      - '11'
      Content-Type:
      - application/octet-stream
      User-Agent:
      - python/3.6.5 (Darwin-16.7.0-x86_64-i386-64bit) azure-core/0.0.1
      x-ms-blob-type:
      - BlockBlob
      x-ms-client-request-id:
      - 66f3aa02-8eca-11e9-8f03-f45c89a7d159
      x-ms-date:
      - Fri, 14 Jun 2019 17:32:37 GMT
      x-ms-version:
      - '2018-03-28'
    method: PUT
    uri: https://remotestoragename.blob.core.windows.net/utcontainer36411997/blob1
  response:
    body:
      string: ''
    headers:
      Content-Length:
      - '0'
      Content-MD5:
      - XrY7u+Ae7tCTyyK7j1rNww==
      Date:
      - Fri, 14 Jun 2019 17:32:37 GMT
      ETag:
      - '"0x8D6F0EE4BA280A3"'
      Last-Modified:
      - Fri, 14 Jun 2019 17:32:38 GMT
      Server:
      - Windows-Azure-Blob/1.0 Microsoft-HTTPAPI/2.0
      x-ms-request-id:
      - 408960d3-501e-003b-3bd7-22265e000000
      x-ms-request-server-encrypted:
      - 'true'
      x-ms-version:
      - '2018-03-28'
    status:
      code: 201
      message: Created
- request:
    body: null
    headers:
      Accept:
      - '*/*'
      Accept-Encoding:
      - gzip, deflate
      Connection:
      - keep-alive
      Content-Length:
      - '0'
      If-Match:
      - '0x111111111111111'
      User-Agent:
      - python/3.6.5 (Darwin-16.7.0-x86_64-i386-64bit) azure-core/0.0.1
      x-ms-client-request-id:
      - 66fe6b9a-8eca-11e9-8e02-f45c89a7d159
      x-ms-date:
      - Fri, 14 Jun 2019 17:32:37 GMT
      x-ms-delete-snapshots:
      - include
      x-ms-version:
      - '2018-03-28'
    method: DELETE
    uri: https://remotestoragename.blob.core.windows.net/utcontainer36411997/blob1
  response:
    body:
      string: "\uFEFF<?xml version=\"1.0\" encoding=\"utf-8\"?><Error><Code>ConditionNotMet</Code><Message>The
        condition specified using HTTP conditional header(s) is not met.\nRequestId:40896106-501e-003b-6cd7-22265e000000\nTime:2019-06-14T17:32:38.2043382Z</Message></Error>"
    headers:
      Content-Length:
      - '252'
      Content-Type:
      - application/xml
      Date:
      - Fri, 14 Jun 2019 17:32:37 GMT
      Server:
      - Windows-Azure-Blob/1.0 Microsoft-HTTPAPI/2.0
      x-ms-error-code:
      - ConditionNotMet
      x-ms-request-id:
      - 40896106-501e-003b-6cd7-22265e000000
      x-ms-version:
      - '2018-03-28'
    status:
      code: 412
      message: The condition specified using HTTP conditional header(s) is not met.
- request:
    body: null
    headers:
      Accept:
      - '*/*'
      Accept-Encoding:
      - gzip, deflate
      Connection:
      - keep-alive
      Content-Length:
      - '0'
      User-Agent:
      - python/3.6.5 (Darwin-16.7.0-x86_64-i386-64bit) azure-core/0.0.1
      x-ms-client-request-id:
      - 1ba7301a-8ed3-11e9-ae57-f45c89a7d159
      x-ms-date:
      - Fri, 14 Jun 2019 18:34:56 GMT
      x-ms-version:
      - '2018-03-28'
    method: PUT
    uri: https://storagename.blob.core.windows.net/utcontainer36411997?restype=container
  response:
    body:
      string: ''
    headers:
      Content-Length:
      - '0'
      Date:
      - Fri, 14 Jun 2019 18:34:56 GMT
      ETag:
      - '"0x8D6F0F6FFF6D9C2"'
      Last-Modified:
      - Fri, 14 Jun 2019 18:34:56 GMT
      Server:
      - Windows-Azure-Blob/1.0 Microsoft-HTTPAPI/2.0
      x-ms-request-id:
      - 249b3bf1-b01e-005c-10df-2295f9000000
      x-ms-version:
      - '2018-03-28'
    status:
      code: 201
      message: Created
- request:
    body: hello world
    headers:
      Accept:
      - '*/*'
      Accept-Encoding:
      - gzip, deflate
      Connection:
      - keep-alive
      Content-Length:
      - '11'
      Content-Type:
      - application/octet-stream
      User-Agent:
      - python/3.6.5 (Darwin-16.7.0-x86_64-i386-64bit) azure-core/0.0.1
      x-ms-blob-type:
      - BlockBlob
      x-ms-client-request-id:
      - 1bc79ecc-8ed3-11e9-b3b0-f45c89a7d159
      x-ms-date:
      - Fri, 14 Jun 2019 18:34:56 GMT
      x-ms-version:
      - '2018-03-28'
    method: PUT
    uri: https://storagename.blob.core.windows.net/utcontainer36411997/blob1
  response:
    body:
      string: ''
    headers:
      Content-Length:
      - '0'
      Content-MD5:
      - XrY7u+Ae7tCTyyK7j1rNww==
      Date:
      - Fri, 14 Jun 2019 18:34:56 GMT
      ETag:
      - '"0x8D6F0F700008025"'
      Last-Modified:
      - Fri, 14 Jun 2019 18:34:56 GMT
      Server:
      - Windows-Azure-Blob/1.0 Microsoft-HTTPAPI/2.0
      x-ms-request-id:
      - 249b3c14-b01e-005c-31df-2295f9000000
      x-ms-request-server-encrypted:
      - 'true'
      x-ms-version:
      - '2018-03-28'
    status:
      code: 201
      message: Created
- request:
    body: null
    headers:
      Accept:
      - '*/*'
      Accept-Encoding:
      - gzip, deflate
      Connection:
      - keep-alive
      Content-Length:
      - '0'
      If-Match:
      - '0x111111111111111'
      User-Agent:
      - python/3.6.5 (Darwin-16.7.0-x86_64-i386-64bit) azure-core/0.0.1
      x-ms-client-request-id:
      - 1bd0d4c6-8ed3-11e9-84b4-f45c89a7d159
      x-ms-date:
      - Fri, 14 Jun 2019 18:34:56 GMT
      x-ms-delete-snapshots:
      - include
      x-ms-version:
      - '2018-03-28'
    method: DELETE
    uri: https://storagename.blob.core.windows.net/utcontainer36411997/blob1
  response:
    body:
      string: "\uFEFF<?xml version=\"1.0\" encoding=\"utf-8\"?><Error><Code>ConditionNotMet</Code><Message>The
        condition specified using HTTP conditional header(s) is not met.\nRequestId:249b3c39-b01e-005c-53df-2295f9000000\nTime:2019-06-14T18:34:56.7733501Z</Message></Error>"
    headers:
      Content-Length:
      - '252'
      Content-Type:
      - application/xml
      Date:
      - Fri, 14 Jun 2019 18:34:56 GMT
      Server:
      - Windows-Azure-Blob/1.0 Microsoft-HTTPAPI/2.0
      x-ms-error-code:
      - ConditionNotMet
      x-ms-request-id:
      - 249b3c39-b01e-005c-53df-2295f9000000
      x-ms-version:
      - '2018-03-28'
    status:
      code: 412
      message: The condition specified using HTTP conditional header(s) is not met.
- request:
    body: null
    headers:
      Accept:
      - '*/*'
      Accept-Encoding:
      - gzip, deflate
      Connection:
      - keep-alive
      Content-Length:
      - '0'
      User-Agent:
      - azsdk-python-storage-blob/12.0.0b2 Python/3.7.3 (Windows-10-10.0.17763-SP0)
      content-type:
      - application/xml; charset=utf-8
      x-ms-client-request-id:
      - e2be9ae2-c860-11e9-86a9-2816a845e8c6
      x-ms-date:
      - Tue, 27 Aug 2019 00:23:25 GMT
      x-ms-version:
      - '2019-02-02'
    method: PUT
    uri: https://blobstoragename.blob.core.windows.net/utcontainer36411997?restype=container
  response:
    body:
      string: ''
    headers:
      Content-Length:
      - '0'
      Date:
      - Tue, 27 Aug 2019 00:23:24 GMT
      ETag:
      - '"0x8D72A84C61BE738"'
      Last-Modified:
      - Tue, 27 Aug 2019 00:23:24 GMT
      Server:
      - Windows-Azure-Blob/1.0 Microsoft-HTTPAPI/2.0
      x-ms-client-request-id:
      - e2be9ae2-c860-11e9-86a9-2816a845e8c6
      x-ms-request-id:
      - d8675ef0-f01e-00d3-4b6d-5cdba5000000
      x-ms-version:
      - '2019-02-02'
    status:
      code: 201
      message: Created
- request:
    body: hello world
    headers:
      Accept:
      - '*/*'
      Accept-Encoding:
      - gzip, deflate
      Connection:
      - keep-alive
      Content-Length:
      - '11'
      Content-Type:
      - application/octet-stream
      If-None-Match:
      - '*'
      User-Agent:
      - azsdk-python-storage-blob/12.0.0b2 Python/3.7.3 (Windows-10-10.0.17763-SP0)
      x-ms-blob-type:
      - BlockBlob
      x-ms-client-request-id:
      - e2e8e9b6-c860-11e9-8dda-2816a845e8c6
      x-ms-date:
      - Tue, 27 Aug 2019 00:23:26 GMT
      x-ms-version:
      - '2019-02-02'
    method: PUT
    uri: https://blobstoragename.blob.core.windows.net/utcontainer36411997/blob1
  response:
    body:
      string: ''
    headers:
      Content-Length:
      - '0'
      Content-MD5:
      - XrY7u+Ae7tCTyyK7j1rNww==
      Date:
      - Tue, 27 Aug 2019 00:23:24 GMT
      ETag:
      - '"0x8D72A84C6285683"'
      Last-Modified:
      - Tue, 27 Aug 2019 00:23:24 GMT
      Server:
      - Windows-Azure-Blob/1.0 Microsoft-HTTPAPI/2.0
      x-ms-client-request-id:
      - e2e8e9b6-c860-11e9-8dda-2816a845e8c6
      x-ms-content-crc64:
      - vo7q9sPVKY0=
      x-ms-request-id:
      - d8675f0a-f01e-00d3-616d-5cdba5000000
      x-ms-request-server-encrypted:
      - 'true'
      x-ms-version:
      - '2019-02-02'
    status:
      code: 201
      message: Created
- request:
    body: null
    headers:
      Accept:
      - '*/*'
      Accept-Encoding:
      - gzip, deflate
      Connection:
      - keep-alive
      Content-Length:
      - '0'
      If-Match:
      - '0x111111111111111'
      User-Agent:
      - azsdk-python-storage-blob/12.0.0b2 Python/3.7.3 (Windows-10-10.0.17763-SP0)
      content-type:
      - application/xml; charset=utf-8
      x-ms-client-request-id:
      - e2f86f5c-c860-11e9-bcf9-2816a845e8c6
      x-ms-date:
      - Tue, 27 Aug 2019 00:23:26 GMT
      x-ms-version:
      - '2019-02-02'
    method: DELETE
    uri: https://blobstoragename.blob.core.windows.net/utcontainer36411997/blob1
  response:
    body:
      string: "\uFEFF<?xml version=\"1.0\" encoding=\"utf-8\"?><Error><Code>ConditionNotMet</Code><Message>The
        condition specified using HTTP conditional header(s) is not met.\nRequestId:d8675f34-f01e-00d3-086d-5cdba5000000\nTime:2019-08-27T00:23:24.5822912Z</Message></Error>"
    headers:
      Content-Length:
      - '252'
      Content-Type:
      - application/xml
      Date:
      - Tue, 27 Aug 2019 00:23:24 GMT
      Server:
      - Windows-Azure-Blob/1.0 Microsoft-HTTPAPI/2.0
      x-ms-client-request-id:
      - e2f86f5c-c860-11e9-bcf9-2816a845e8c6
      x-ms-error-code:
      - ConditionNotMet
      x-ms-request-id:
      - d8675f34-f01e-00d3-086d-5cdba5000000
      x-ms-version:
      - '2019-02-02'
    status:
      code: 412
      message: The condition specified using HTTP conditional header(s) is not met.
version: 1
