{
  "Entries": [
    {
      "RequestUri": "https://storagename.blob.core.windows.net/utcontainerfcad2e80?restype=container\u0026se=end\u0026sp=rwdl\u0026sv=2021-12-02\u0026ss=b\u0026srt=co\u0026sig=fake_token_value",
      "RequestMethod": "PUT",
      "RequestHeaders": {
        "Accept": "application/xml",
        "Accept-Encoding": "gzip, deflate",
        "Connection": "keep-alive",
        "Content-Length": "0",
        "User-Agent": "azsdk-python-storage-blob/12.14.0b2 Python/3.10.5 (Windows-10-10.0.22000-SP0)",
        "x-ms-date": "Mon, 29 Aug 2022 22:26:30 GMT",
        "x-ms-version": "2021-08-06"
      },
      "RequestBody": null,
      "StatusCode": 201,
      "ResponseHeaders": {
        "Content-Length": "0",
        "Date": "Mon, 29 Aug 2022 22:26:29 GMT",
        "ETag": "\u00220x8DA8A0D855002DF\u0022",
        "Last-Modified": "Mon, 29 Aug 2022 22:26:30 GMT",
        "Server": [
          "Windows-Azure-Blob/1.0",
          "Microsoft-HTTPAPI/2.0"
        ],
        "x-ms-version": "2021-08-06"
      },
      "ResponseBody": null
    },
    {
      "RequestUri": "https://storagename.blob.core.windows.net/utcontainerfcad2e80/blockblob?se=end\u0026sp=rwdl\u0026sv=2021-12-02\u0026ss=b\u0026srt=co\u0026sig=fake_token_value",
      "RequestMethod": "PUT",
      "RequestHeaders": {
        "Accept": "application/xml",
        "Accept-Encoding": "gzip, deflate",
        "Connection": "keep-alive",
        "Content-Length": "9",
        "Content-Type": "application/octet-stream",
        "User-Agent": "azsdk-python-storage-blob/12.14.0b2 Python/3.10.5 (Windows-10-10.0.22000-SP0)",
        "x-ms-blob-type": "BlockBlob",
        "x-ms-date": "Mon, 29 Aug 2022 22:26:30 GMT",
        "x-ms-version": "2021-08-06"
      },
      "RequestBody": "QUFBQkJCQ0ND",
      "StatusCode": 201,
      "ResponseHeaders": {
        "Content-Length": "0",
        "Content-MD5": "Yge131eW6WNBDTvEtqQhiw==",
        "Date": "Mon, 29 Aug 2022 22:26:30 GMT",
        "ETag": "\u00220x8DA8A0D855CEC90\u0022",
        "Last-Modified": "Mon, 29 Aug 2022 22:26:30 GMT",
        "Server": [
          "Windows-Azure-Blob/1.0",
          "Microsoft-HTTPAPI/2.0"
        ],
        "x-ms-content-crc64": "DTngHrtvLQU=",
        "x-ms-request-server-encrypted": "true",
        "x-ms-version": "2021-08-06"
      },
      "ResponseBody": null
    },
    {
      "RequestUri": "https://storagename.blob.core.windows.net/utcontainerfcad2e80/copiedblobfcad2e80",
      "RequestMethod": "PUT",
      "RequestHeaders": {
        "Accept": "application/xml",
        "Accept-Encoding": "gzip, deflate",
        "Connection": "keep-alive",
        "Content-Length": "0",
        "User-Agent": "azsdk-python-storage-blob/12.14.0b2 Python/3.10.5 (Windows-10-10.0.22000-SP0)",
        "x-ms-copy-source": "https://storagename.blob.core.windows.net/utcontainerfcad2e80/blockblob?se=end\u0026sp=rwdl\u0026sv=2021-12-02\u0026ss=b\u0026srt=co\u0026sig=fake_token_value",
        "x-ms-date": "Mon, 29 Aug 2022 22:26:30 GMT",
        "x-ms-encryption-scope": "testscope1",
        "x-ms-requires-sync": "True",
        "x-ms-version": "2021-08-06"
      },
      "RequestBody": null,
      "StatusCode": 202,
      "ResponseHeaders": {
        "Content-Length": "0",
        "Date": "Mon, 29 Aug 2022 22:26:30 GMT",
        "ETag": "\u00220x8DA8A0D856F6D1F\u0022",
        "Last-Modified": "Mon, 29 Aug 2022 22:26:30 GMT",
        "Server": [
          "Windows-Azure-Blob/1.0",
          "Microsoft-HTTPAPI/2.0"
        ],
        "x-ms-content-crc64": "DTngHrtvLQU=",
        "x-ms-copy-id": "f92d2c20-f47d-462c-bcbf-d4dfb2e9d30a",
        "x-ms-copy-status": "success",
        "x-ms-encryption-scope": "testscope1",
        "x-ms-request-server-encrypted": "true",
        "x-ms-version": "2021-08-06"
      },
      "ResponseBody": null
    },
    {
      "RequestUri": "https://storagename.blob.core.windows.net/utcontainerfcad2e80/copiedblobfcad2e80",
      "RequestMethod": "HEAD",
      "RequestHeaders": {
        "Accept": "application/xml",
        "Accept-Encoding": "gzip, deflate",
        "Connection": "keep-alive",
        "User-Agent": "azsdk-python-storage-blob/12.14.0b2 Python/3.10.5 (Windows-10-10.0.22000-SP0)",
        "x-ms-date": "Mon, 29 Aug 2022 22:26:30 GMT",
        "x-ms-version": "2021-08-06"
      },
      "RequestBody": null,
      "StatusCode": 200,
      "ResponseHeaders": {
        "Accept-Ranges": "bytes",
        "Content-Length": "9",
        "Content-MD5": "Yge131eW6WNBDTvEtqQhiw==",
        "Content-Type": "application/octet-stream",
        "Date": "Mon, 29 Aug 2022 22:26:30 GMT",
        "ETag": "\u00220x8DA8A0D856F6D1F\u0022",
        "Last-Modified": "Mon, 29 Aug 2022 22:26:30 GMT",
        "Server": [
          "Windows-Azure-Blob/1.0",
          "Microsoft-HTTPAPI/2.0"
        ],
        "Vary": "Origin",
        "x-ms-access-tier": "Hot",
        "x-ms-access-tier-inferred": "true",
        "x-ms-blob-type": "BlockBlob",
        "x-ms-copy-completion-time": "Mon, 29 Aug 2022 22:26:30 GMT",
        "x-ms-copy-id": "f92d2c20-f47d-462c-bcbf-d4dfb2e9d30a",
        "x-ms-copy-progress": "9/9",
        "x-ms-copy-source": "https://storagename.blob.core.windows.net/utcontainerfcad2e80/blockblob?se=2022-08-29T23%3A26%3A30Z\u0026sp=rwdl\u0026sv=2021-12-02\u0026ss=b\u0026srt=co",
        "x-ms-copy-status": "success",
        "x-ms-creation-time": "Mon, 29 Aug 2022 22:26:30 GMT",
        "x-ms-encryption-scope": "testscope1",
        "x-ms-lease-state": "available",
        "x-ms-lease-status": "unlocked",
        "x-ms-server-encrypted": "true",
        "x-ms-version": "2021-08-06"
      },
      "ResponseBody": null
    },
    {
      "RequestUri": "https://storagename.blob.core.windows.net/utcontainerfcad2e80?restype=container\u0026se=end\u0026sp=rwdl\u0026sv=2021-12-02\u0026ss=b\u0026srt=co\u0026sig=fake_token_value",
      "RequestMethod": "DELETE",
      "RequestHeaders": {
        "Accept": "application/xml",
        "Accept-Encoding": "gzip, deflate",
        "Connection": "keep-alive",
        "Content-Length": "0",
        "User-Agent": "azsdk-python-storage-blob/12.14.0b2 Python/3.10.5 (Windows-10-10.0.22000-SP0)",
        "x-ms-date": "Mon, 29 Aug 2022 22:26:30 GMT",
        "x-ms-version": "2021-08-06"
      },
      "RequestBody": null,
      "StatusCode": 202,
      "ResponseHeaders": {
        "Content-Length": "0",
        "Date": "Mon, 29 Aug 2022 22:26:30 GMT",
        "Server": [
          "Windows-Azure-Blob/1.0",
          "Microsoft-HTTPAPI/2.0"
        ],
        "x-ms-version": "2021-08-06"
      },
      "ResponseBody": null
    }
  ],
  "Variables": {}
}
