interactions:
- request:
    body: null
    headers:
      Accept:
      - '*/*'
      Accept-Encoding:
      - gzip, deflate
      Connection:
      - keep-alive
      Content-Length:
      - '0'
      User-Agent:
      - azsdk-python-storage-blob/12.0.0b4 Python/3.7.3 (Windows-10-10.0.18362-SP0)
      x-ms-date:
      - Fri, 11 Oct 2019 02:30:56 GMT
      x-ms-version:
      - '2019-02-02'
    method: PUT
    uri: https://pyacrstoragea2b71235.blob.core.windows.net/utcontainera2b71235?restype=container
  response:
    body:
      string: ''
    headers:
      content-length:
      - '0'
      date:
      - Fri, 11 Oct 2019 02:30:57 GMT
      etag:
      - '"0x8D74DF30C67B544"'
      last-modified:
      - Fri, 11 Oct 2019 02:30:57 GMT
      server:
      - Windows-Azure-Blob/1.0 Microsoft-HTTPAPI/2.0
      x-ms-version:
      - '2019-02-02'
    status:
      code: 201
      message: Created
- request:
    body: null
    headers:
      Accept:
      - '*/*'
      Accept-Encoding:
      - gzip, deflate
      Connection:
      - keep-alive
      Content-Length:
      - '0'
      User-Agent:
      - azsdk-python-storage-blob/12.0.0b4 Python/3.7.3 (Windows-10-10.0.18362-SP0)
      x-ms-date:
      - Fri, 11 Oct 2019 02:30:57 GMT
      x-ms-version:
      - '2019-02-02'
    method: PUT
    uri: https://pyacrstoragea2b71235.blob.core.windows.net/utcontainersourcea2b71235?restype=container
  response:
    body:
      string: ''
    headers:
      content-length:
      - '0'
      date:
      - Fri, 11 Oct 2019 02:30:57 GMT
      etag:
      - '"0x8D74DF30C970E2B"'
      last-modified:
      - Fri, 11 Oct 2019 02:30:57 GMT
      server:
      - Windows-Azure-Blob/1.0 Microsoft-HTTPAPI/2.0
      x-ms-version:
      - '2019-02-02'
    status:
      code: 201
      message: Created
- request:
    body: null
    headers:
      Accept:
      - '*/*'
      Accept-Encoding:
      - gzip, deflate
      Connection:
      - keep-alive
      Content-Length:
      - '0'
      User-Agent:
      - azsdk-python-storage-blob/12.0.0b4 Python/3.7.3 (Windows-10-10.0.18362-SP0)
      x-ms-blob-content-length:
      - '512'
      x-ms-blob-type:
      - PageBlob
      x-ms-date:
      - Fri, 11 Oct 2019 02:30:58 GMT
      x-ms-meta-hello:
      - world
      x-ms-meta-number:
      - '42'
      x-ms-version:
      - '2019-02-02'
    method: PUT
    uri: https://pyacrstoragea2b71235.blob.core.windows.net/utcontainera2b71235/bloba2b71235
  response:
    body:
      string: ''
    headers:
      content-length:
      - '0'
      date:
      - Fri, 11 Oct 2019 02:30:57 GMT
      etag:
      - '"0x8D74DF30C9FF997"'
      last-modified:
      - Fri, 11 Oct 2019 02:30:58 GMT
      server:
      - Windows-Azure-Blob/1.0 Microsoft-HTTPAPI/2.0
      x-ms-request-server-encrypted:
      - 'true'
      x-ms-version:
      - '2019-02-02'
    status:
      code: 201
      message: Created
- request:
    body: null
    headers:
      Accept:
      - '*/*'
      Accept-Encoding:
      - gzip, deflate
      Connection:
      - keep-alive
      User-Agent:
      - azsdk-python-storage-blob/12.0.0b4 Python/3.7.3 (Windows-10-10.0.18362-SP0)
      x-ms-date:
      - Fri, 11 Oct 2019 02:30:58 GMT
      x-ms-version:
      - '2019-02-02'
    method: HEAD
    uri: https://pyacrstoragea2b71235.blob.core.windows.net/utcontainera2b71235/bloba2b71235
  response:
    body:
      string: ''
    headers:
      accept-ranges:
      - bytes
      content-length:
      - '512'
      content-type:
      - application/octet-stream
      date:
      - Fri, 11 Oct 2019 02:30:57 GMT
      etag:
      - '"0x8D74DF30C9FF997"'
      last-modified:
      - Fri, 11 Oct 2019 02:30:58 GMT
      server:
      - Windows-Azure-Blob/1.0 Microsoft-HTTPAPI/2.0
      x-ms-blob-sequence-number:
      - '0'
      x-ms-blob-type:
      - PageBlob
      x-ms-creation-time:
      - Fri, 11 Oct 2019 02:30:58 GMT
      x-ms-lease-state:
      - available
      x-ms-lease-status:
      - unlocked
      x-ms-meta-hello:
      - world
      x-ms-meta-number:
      - '42'
      x-ms-server-encrypted:
      - 'true'
      x-ms-version:
      - '2019-02-02'
    status:
      code: 200
      message: OK
version: 1
