interactions:
- request:
    body: null
    headers:
      User-Agent:
      - azsdk-python-storage-blob/12.0.0b1 Python/3.7.3 (Windows-10-10.0.18362-SP0)
      content-type:
      - application/xml; charset=utf-8
      x-ms-client-request-id:
      - a1746bb0-b4d1-11e9-8ae2-b831b58100e8
      x-ms-date:
      - Fri, 02 Aug 2019 03:00:06 GMT
      x-ms-version:
      - '2018-03-28'
    method: PUT
    uri: https://storagename.blob.core.windows.net/utcontainer90821eab?restype=container
  response:
    body:
      string: ''
    headers:
      ? !!python/object/new:multidict._istr.istr
      - Content-Length
      : '0'
      ? !!python/object/new:multidict._istr.istr
      - Date
      : Fri, 02 Aug 2019 03:00:05 GMT
      ? !!python/object/new:multidict._istr.istr
      - Etag
      : '"0x8D716F585B6A03A"'
      ? !!python/object/new:multidict._istr.istr
      - Last-Modified
      : Fri, 02 Aug 2019 03:00:06 GMT
      ? !!python/object/new:multidict._istr.istr
      - Server
      : Windows-Azure-Blob/1.0 Microsoft-HTTPAPI/2.0
      x-ms-request-id: eab5a1b6-c01e-00d0-14de-48d8a2000000
      x-ms-version: '2018-03-28'
    status:
      code: 201
      message: Created
    url: !!python/object/new:yarl.URL
      state: !!python/tuple
      - !!python/object/new:urllib.parse.SplitResult
        - https
        - amqptest.blob.core.windows.net
        - /utcontainer90821eab
        - restype=container
        - ''
- request:
    body: hello world
    headers:
      Content-Length:
      - '11'
      Content-Type:
      - application/octet-stream
      If-None-Match:
      - '*'
      User-Agent:
      - azsdk-python-storage-blob/12.0.0b1 Python/3.7.3 (Windows-10-10.0.18362-SP0)
      x-ms-blob-type:
      - BlockBlob
      x-ms-client-request-id:
      - a18b75fe-b4d1-11e9-8e7a-b831b58100e8
      x-ms-date:
      - Fri, 02 Aug 2019 03:00:06 GMT
      x-ms-version:
      - '2018-03-28'
    method: PUT
    uri: https://storagename.blob.core.windows.net/utcontainer90821eab/blob1
  response:
    body:
      string: ''
    headers:
      ? !!python/object/new:multidict._istr.istr
      - Content-Length
      : '0'
      ? !!python/object/new:multidict._istr.istr
      - Content-Md5
      : XrY7u+Ae7tCTyyK7j1rNww==
      ? !!python/object/new:multidict._istr.istr
      - Date
      : Fri, 02 Aug 2019 03:00:05 GMT
      ? !!python/object/new:multidict._istr.istr
      - Etag
      : '"0x8D716F585BEE2F5"'
      ? !!python/object/new:multidict._istr.istr
      - Last-Modified
      : Fri, 02 Aug 2019 03:00:06 GMT
      ? !!python/object/new:multidict._istr.istr
      - Server
      : Windows-Azure-Blob/1.0 Microsoft-HTTPAPI/2.0
      x-ms-request-id: eab5a1d9-c01e-00d0-33de-48d8a2000000
      x-ms-request-server-encrypted: 'true'
      x-ms-version: '2018-03-28'
    status:
      code: 201
      message: Created
    url: !!python/object/new:yarl.URL
      state: !!python/tuple
      - !!python/object/new:urllib.parse.SplitResult
        - https
        - amqptest.blob.core.windows.net
        - /utcontainer90821eab/blob1
        - ''
        - ''
- request:
    body: hello world
    headers:
      Content-Length:
      - '11'
      Content-Type:
      - application/octet-stream
      If-Modified-Since:
      - Fri, 02 Aug 2019 03:15:06 GMT
      User-Agent:
      - azsdk-python-storage-blob/12.0.0b1 Python/3.7.3 (Windows-10-10.0.18362-SP0)
      x-ms-blob-type:
      - BlockBlob
      x-ms-client-request-id:
      - a191b78a-b4d1-11e9-8e74-b831b58100e8
      x-ms-date:
      - Fri, 02 Aug 2019 03:00:06 GMT
      x-ms-version:
      - '2018-03-28'
    method: PUT
    uri: https://storagename.blob.core.windows.net/utcontainer90821eab/blob1
  response:
    body:
      string: "\uFEFF<?xml version=\"1.0\" encoding=\"utf-8\"?><Error><Code>ConditionNotMet</Code><Message>The
        condition specified using HTTP conditional header(s) is not met.\nRequestId:eab5a1ef-c01e-00d0-48de-48d8a2000000\nTime:2019-08-02T03:00:06.3272073Z</Message></Error>"
    headers:
      ? !!python/object/new:multidict._istr.istr
      - Content-Length
      : '252'
      ? !!python/object/new:multidict._istr.istr
      - Content-Type
      : application/xml
      ? !!python/object/new:multidict._istr.istr
      - Date
      : Fri, 02 Aug 2019 03:00:05 GMT
      ? !!python/object/new:multidict._istr.istr
      - Server
      : Windows-Azure-Blob/1.0 Microsoft-HTTPAPI/2.0
      x-ms-error-code: ConditionNotMet
      x-ms-request-id: eab5a1ef-c01e-00d0-48de-48d8a2000000
      x-ms-version: '2018-03-28'
    status:
      code: 412
      message: The condition specified using HTTP conditional header(s) is not met.
    url: !!python/object/new:yarl.URL
      state: !!python/tuple
      - !!python/object/new:urllib.parse.SplitResult
        - https
        - amqptest.blob.core.windows.net
        - /utcontainer90821eab/blob1
        - ''
        - ''
- request:
    body: null
    headers:
      User-Agent:
      - azsdk-python-storage-blob/12.0.0b2 Python/3.7.3 (Windows-10-10.0.17763-SP0)
      content-type:
      - application/xml; charset=utf-8
      x-ms-client-request-id:
      - 32217340-c861-11e9-a7b4-2816a845e8c6
      x-ms-date:
      - Tue, 27 Aug 2019 00:25:38 GMT
      x-ms-version:
      - '2019-02-02'
    method: PUT
    uri: https://blobstoragename.blob.core.windows.net/utcontainer90821eab?restype=container
  response:
    body:
      string: ''
    headers:
      ? !!python/object/new:multidict._istr.istr
      - Content-Length
      : '0'
      ? !!python/object/new:multidict._istr.istr
      - Date
      : Tue, 27 Aug 2019 00:25:36 GMT
      ? !!python/object/new:multidict._istr.istr
      - Etag
      : '"0x8D72A851575E52B"'
      ? !!python/object/new:multidict._istr.istr
      - Last-Modified
      : Tue, 27 Aug 2019 00:25:37 GMT
      ? !!python/object/new:multidict._istr.istr
      - Server
      : Windows-Azure-Blob/1.0 Microsoft-HTTPAPI/2.0
      x-ms-client-request-id: 32217340-c861-11e9-a7b4-2816a845e8c6
      x-ms-request-id: 69128a64-501e-00de-236d-5c34a9000000
      x-ms-version: '2019-02-02'
    status:
      code: 201
      message: Created
    url: !!python/object/new:yarl.URL
      state: !!python/tuple
      - !!python/object/new:urllib.parse.SplitResult
        - https
        - amqptest.blob.core.windows.net
        - /utcontainer90821eab
        - restype=container
        - ''
- request:
    body: hello world
    headers:
      Content-Length:
      - '11'
      Content-Type:
      - application/octet-stream
      If-None-Match:
      - '*'
      User-Agent:
      - azsdk-python-storage-blob/12.0.0b2 Python/3.7.3 (Windows-10-10.0.17763-SP0)
      x-ms-blob-type:
      - BlockBlob
      x-ms-client-request-id:
      - 3243d9c6-c861-11e9-bef6-2816a845e8c6
      x-ms-date:
      - Tue, 27 Aug 2019 00:25:39 GMT
      x-ms-version:
      - '2019-02-02'
    method: PUT
    uri: https://blobstoragename.blob.core.windows.net/utcontainer90821eab/blob1
  response:
    body:
      string: ''
    headers:
      ? !!python/object/new:multidict._istr.istr
      - Content-Length
      : '0'
      ? !!python/object/new:multidict._istr.istr
      - Content-Md5
      : XrY7u+Ae7tCTyyK7j1rNww==
      ? !!python/object/new:multidict._istr.istr
      - Date
      : Tue, 27 Aug 2019 00:25:36 GMT
      ? !!python/object/new:multidict._istr.istr
      - Etag
      : '"0x8D72A85157E1FD7"'
      ? !!python/object/new:multidict._istr.istr
      - Last-Modified
      : Tue, 27 Aug 2019 00:25:37 GMT
      ? !!python/object/new:multidict._istr.istr
      - Server
      : Windows-Azure-Blob/1.0 Microsoft-HTTPAPI/2.0
      x-ms-client-request-id: 3243d9c6-c861-11e9-bef6-2816a845e8c6
      x-ms-content-crc64: vo7q9sPVKY0=
      x-ms-request-id: 69128a82-501e-00de-3f6d-5c34a9000000
      x-ms-request-server-encrypted: 'true'
      x-ms-version: '2019-02-02'
    status:
      code: 201
      message: Created
    url: !!python/object/new:yarl.URL
      state: !!python/tuple
      - !!python/object/new:urllib.parse.SplitResult
        - https
        - amqptest.blob.core.windows.net
        - /utcontainer90821eab/blob1
        - ''
        - ''
- request:
    body: hello world
    headers:
      Content-Length:
      - '11'
      Content-Type:
      - application/octet-stream
      If-Modified-Since:
      - Tue, 27 Aug 2019 00:40:39 GMT
      User-Agent:
      - azsdk-python-storage-blob/12.0.0b2 Python/3.7.3 (Windows-10-10.0.17763-SP0)
      x-ms-blob-type:
      - BlockBlob
      x-ms-client-request-id:
      - 324a3f1e-c861-11e9-b547-2816a845e8c6
      x-ms-date:
      - Tue, 27 Aug 2019 00:25:39 GMT
      x-ms-version:
      - '2019-02-02'
    method: PUT
    uri: https://blobstoragename.blob.core.windows.net/utcontainer90821eab/blob1
  response:
    body:
      string: "\uFEFF<?xml version=\"1.0\" encoding=\"utf-8\"?><Error><Code>ConditionNotMet</Code><Message>The
        condition specified using HTTP conditional header(s) is not met.\nRequestId:69128a88-501e-00de-456d-5c34a9000000\nTime:2019-08-27T00:25:37.6240090Z</Message></Error>"
    headers:
      ? !!python/object/new:multidict._istr.istr
      - Content-Length
      : '252'
      ? !!python/object/new:multidict._istr.istr
      - Content-Type
      : application/xml
      ? !!python/object/new:multidict._istr.istr
      - Date
      : Tue, 27 Aug 2019 00:25:36 GMT
      ? !!python/object/new:multidict._istr.istr
      - Server
      : Windows-Azure-Blob/1.0 Microsoft-HTTPAPI/2.0
      x-ms-client-request-id: 324a3f1e-c861-11e9-b547-2816a845e8c6
      x-ms-error-code: ConditionNotMet
      x-ms-request-id: 69128a88-501e-00de-456d-5c34a9000000
      x-ms-version: '2019-02-02'
    status:
      code: 412
      message: The condition specified using HTTP conditional header(s) is not met.
    url: !!python/object/new:yarl.URL
      state: !!python/tuple
      - !!python/object/new:urllib.parse.SplitResult
        - https
        - amqptest.blob.core.windows.net
        - /utcontainer90821eab/blob1
        - ''
        - ''
version: 1
