interactions:
- request:
    body: null
    headers:
      User-Agent:
      - azsdk-python-storage-blob/12.0.0b1 Python/3.7.3 (Windows-10-10.0.18362-SP0)
      content-type:
      - application/xml; charset=utf-8
      x-ms-client-request-id:
      - 62e15a68-b345-11e9-b80d-b831b58100e8
      x-ms-date:
      - Wed, 31 Jul 2019 03:43:40 GMT
      x-ms-version:
      - '2018-03-28'
    method: PUT
    uri: https://storagename.blob.core.windows.net/utcontainerd1f41fa2?restype=container
  response:
    body:
      string: ''
    headers:
      ? !!python/object/new:multidict._istr.istr
      - Content-Length
      : '0'
      ? !!python/object/new:multidict._istr.istr
      - Date
      : Wed, 31 Jul 2019 03:43:40 GMT
      ? !!python/object/new:multidict._istr.istr
      - Etag
      : '"0x8D715694732E660"'
      ? !!python/object/new:multidict._istr.istr
      - Last-Modified
      : Wed, 31 Jul 2019 03:43:40 GMT
      ? !!python/object/new:multidict._istr.istr
      - Server
      : Windows-Azure-Blob/1.0 Microsoft-HTTPAPI/2.0
      x-ms-request-id: ddf2fa47-e01e-0083-3352-47c4ad000000
      x-ms-version: '2018-03-28'
    status:
      code: 201
      message: Created
    url: !!python/object/new:yarl.URL
      state: !!python/tuple
      - !!python/object/new:urllib.parse.SplitResult
        - https
        - amqptest.blob.core.windows.net
        - /utcontainerd1f41fa2
        - restype=container
        - ''
- request:
    body: hello world
    headers:
      Content-Length:
      - '11'
      Content-Type:
      - application/octet-stream
      If-None-Match:
      - '*'
      User-Agent:
      - azsdk-python-storage-blob/12.0.0b1 Python/3.7.3 (Windows-10-10.0.18362-SP0)
      x-ms-blob-type:
      - BlockBlob
      x-ms-client-request-id:
      - 631ad8f0-b345-11e9-b4aa-b831b58100e8
      x-ms-date:
      - Wed, 31 Jul 2019 03:43:40 GMT
      x-ms-version:
      - '2018-03-28'
    method: PUT
    uri: https://storagename.blob.core.windows.net/utcontainerd1f41fa2/blob1
  response:
    body:
      string: ''
    headers:
      ? !!python/object/new:multidict._istr.istr
      - Content-Length
      : '0'
      ? !!python/object/new:multidict._istr.istr
      - Content-Md5
      : XrY7u+Ae7tCTyyK7j1rNww==
      ? !!python/object/new:multidict._istr.istr
      - Date
      : Wed, 31 Jul 2019 03:43:40 GMT
      ? !!python/object/new:multidict._istr.istr
      - Etag
      : '"0x8D71569473E75C8"'
      ? !!python/object/new:multidict._istr.istr
      - Last-Modified
      : Wed, 31 Jul 2019 03:43:40 GMT
      ? !!python/object/new:multidict._istr.istr
      - Server
      : Windows-Azure-Blob/1.0 Microsoft-HTTPAPI/2.0
      x-ms-request-id: ddf2fa5d-e01e-0083-4552-47c4ad000000
      x-ms-request-server-encrypted: 'true'
      x-ms-version: '2018-03-28'
    status:
      code: 201
      message: Created
    url: !!python/object/new:yarl.URL
      state: !!python/tuple
      - !!python/object/new:urllib.parse.SplitResult
        - https
        - amqptest.blob.core.windows.net
        - /utcontainerd1f41fa2/blob1
        - ''
        - ''
- request:
    body: null
    headers:
      If-None-Match:
      - '0x111111111111111'
      User-Agent:
      - azsdk-python-storage-blob/12.0.0b1 Python/3.7.3 (Windows-10-10.0.18362-SP0)
      content-type:
      - application/xml; charset=utf-8
      x-ms-client-request-id:
      - 6329f49e-b345-11e9-a724-b831b58100e8
      x-ms-date:
      - Wed, 31 Jul 2019 03:43:40 GMT
      x-ms-version:
      - '2018-03-28'
    method: PUT
    uri: https://storagename.blob.core.windows.net/utcontainerd1f41fa2/blob1?comp=snapshot
  response:
    body:
      string: ''
    headers:
      ? !!python/object/new:multidict._istr.istr
      - Content-Length
      : '0'
      ? !!python/object/new:multidict._istr.istr
      - Date
      : Wed, 31 Jul 2019 03:43:40 GMT
      ? !!python/object/new:multidict._istr.istr
      - Etag
      : '"0x8D71569473E75C8"'
      ? !!python/object/new:multidict._istr.istr
      - Last-Modified
      : Wed, 31 Jul 2019 03:43:40 GMT
      ? !!python/object/new:multidict._istr.istr
      - Server
      : Windows-Azure-Blob/1.0 Microsoft-HTTPAPI/2.0
      x-ms-request-id: ddf2fa75-e01e-0083-5d52-47c4ad000000
      x-ms-snapshot: '2019-07-31T03:43:40.8200279Z'
      x-ms-version: '2018-03-28'
    status:
      code: 201
      message: Created
    url: !!python/object/new:yarl.URL
      state: !!python/tuple
      - !!python/object/new:urllib.parse.SplitResult
        - https
        - amqptest.blob.core.windows.net
        - /utcontainerd1f41fa2/blob1
        - comp=snapshot
        - ''
version: 1
