interactions:
- request:
    body: '{"location": "West US", "tags": {"key1": "value1"}, "properties": {"ipAddresses":
      ["13.64.39.16/32", "40.74.146.80/31", "40.74.147.32/28"]}}'
    headers:
      Accept:
      - application/json
      Accept-Encoding:
      - gzip, deflate
      Connection:
      - keep-alive
      Content-Length:
      - '140'
      Content-Type:
      - application/json
      User-Agent:
      - azsdk-python-azure-mgmt-network/19.2.0 Python/3.8.12 (Linux-5.8.0-1042-azure-x86_64-with-glibc2.2.5)
        VSTS_0fb41ef4-5012-48a9-bf39-4ee3de03ee35_build_2500_0
    method: PUT
    uri: https://management.azure.com/subscriptions/00000000-0000-0000-0000-000000000000/resourceGroups/rgname/providers/Microsoft.Network/ipGroups/myIpGroups?api-version=2021-03-01
  response:
    body:
      string: "{\r\n  \"properties\": {\r\n    \"firewalls\": [],\r\n    \"firewallPolicies\":
        [],\r\n    \"ipAddresses\": [\r\n      \"13.64.39.16/32\",\r\n      \"40.74.146.80/31\",\r\n
        \     \"40.74.147.32/28\"\r\n    ],\r\n    \"provisioningState\": \"Updating\"\r\n
        \ },\r\n  \"id\": \"/subscriptions/00000000-0000-0000-0000-000000000000/resourceGroups/rgname/providers/Microsoft.Network/ipGroups/myIpGroups\",\r\n
        \ \"name\": \"myIpGroups\",\r\n  \"type\": \"Microsoft.Network/IpGroups\",\r\n
        \ \"etag\": \"753bf6f8-7df3-4ee7-87ec-f4b58a09694c\",\r\n  \"location\": \"westus\",\r\n
        \ \"tags\": {\r\n    \"key1\": \"value1\"\r\n  }\r\n}"
    headers:
      azure-asyncoperation:
      - https://management.azure.com/subscriptions/00000000-0000-0000-0000-000000000000/providers/Microsoft.Network/locations/westus/nfvOperations/d13f8f65-bddb-4897-a891-7b30172063db?api-version=2021-03-01
      cache-control:
      - no-cache
      content-length:
      - '613'
      content-type:
      - application/json; charset=utf-8
      date:
      - Thu, 21 Oct 2021 03:07:16 GMT
      expires:
      - '-1'
      pragma:
      - no-cache
      server:
      - Microsoft-HTTPAPI/2.0
      strict-transport-security:
      - max-age=31536000; includeSubDomains
      x-content-type-options:
      - nosniff
      x-ms-ratelimit-remaining-subscription-writes:
      - '1191'
    status:
      code: 201
      message: Created
- request:
    body: null
    headers:
      Accept:
      - '*/*'
      Accept-Encoding:
      - gzip, deflate
      Connection:
      - keep-alive
      User-Agent:
      - azsdk-python-azure-mgmt-network/19.2.0 Python/3.8.12 (Linux-5.8.0-1042-azure-x86_64-with-glibc2.2.5)
        VSTS_0fb41ef4-5012-48a9-bf39-4ee3de03ee35_build_2500_0
    method: GET
    uri: https://management.azure.com/subscriptions/00000000-0000-0000-0000-000000000000/providers/Microsoft.Network/locations/westus/nfvOperations/d13f8f65-bddb-4897-a891-7b30172063db?api-version=2021-03-01
  response:
    body:
      string: "{\r\n  \"status\": \"Succeeded\"\r\n}"
    headers:
      cache-control:
      - no-cache
      content-length:
      - '29'
      content-type:
      - application/json; charset=utf-8
      date:
      - Thu, 21 Oct 2021 03:07:26 GMT
      expires:
      - '-1'
      pragma:
      - no-cache
      server:
      - Microsoft-HTTPAPI/2.0
      strict-transport-security:
      - max-age=31536000; includeSubDomains
      transfer-encoding:
      - chunked
      vary:
      - Accept-Encoding
      x-content-type-options:
      - nosniff
    status:
      code: 200
      message: OK
- request:
    body: null
    headers:
      Accept:
      - '*/*'
      Accept-Encoding:
      - gzip, deflate
      Connection:
      - keep-alive
      User-Agent:
      - azsdk-python-azure-mgmt-network/19.2.0 Python/3.8.12 (Linux-5.8.0-1042-azure-x86_64-with-glibc2.2.5)
        VSTS_0fb41ef4-5012-48a9-bf39-4ee3de03ee35_build_2500_0
    method: GET
    uri: https://management.azure.com/subscriptions/00000000-0000-0000-0000-000000000000/resourceGroups/rgname/providers/Microsoft.Network/ipGroups/myIpGroups?api-version=2021-03-01
  response:
    body:
      string: "{\r\n  \"properties\": {\r\n    \"firewalls\": [],\r\n    \"firewallPolicies\":
        [],\r\n    \"ipAddresses\": [\r\n      \"13.64.39.16/32\",\r\n      \"40.74.146.80/31\",\r\n
        \     \"40.74.147.32/28\"\r\n    ],\r\n    \"provisioningState\": \"Succeeded\"\r\n
        \ },\r\n  \"id\": \"/subscriptions/00000000-0000-0000-0000-000000000000/resourceGroups/rgname/providers/Microsoft.Network/ipGroups/myIpGroups\",\r\n
        \ \"name\": \"myIpGroups\",\r\n  \"type\": \"Microsoft.Network/IpGroups\",\r\n
        \ \"etag\": \"753bf6f8-7df3-4ee7-87ec-f4b58a09694c\",\r\n  \"location\": \"westus\",\r\n
        \ \"tags\": {\r\n    \"key1\": \"value1\"\r\n  }\r\n}"
    headers:
      cache-control:
      - no-cache
      content-length:
      - '614'
      content-type:
      - application/json; charset=utf-8
      date:
      - Thu, 21 Oct 2021 03:07:26 GMT
      etag:
      - '"753bf6f8-7df3-4ee7-87ec-f4b58a09694c"'
      expires:
      - '-1'
      pragma:
      - no-cache
      server:
      - Microsoft-HTTPAPI/2.0
      strict-transport-security:
      - max-age=31536000; includeSubDomains
      transfer-encoding:
      - chunked
      vary:
      - Accept-Encoding
      x-content-type-options:
      - nosniff
    status:
      code: 200
      message: OK
- request:
    body: null
    headers:
      Accept:
      - application/json
      Accept-Encoding:
      - gzip, deflate
      Connection:
      - keep-alive
      User-Agent:
      - azsdk-python-azure-mgmt-network/19.2.0 Python/3.8.12 (Linux-5.8.0-1042-azure-x86_64-with-glibc2.2.5)
        VSTS_0fb41ef4-5012-48a9-bf39-4ee3de03ee35_build_2500_0
    method: GET
    uri: https://management.azure.com/subscriptions/00000000-0000-0000-0000-000000000000/resourceGroups/rgname/providers/Microsoft.Network/ipGroups/myIpGroups?api-version=2021-03-01
  response:
    body:
      string: "{\r\n  \"properties\": {\r\n    \"firewalls\": [],\r\n    \"firewallPolicies\":
        [],\r\n    \"ipAddresses\": [\r\n      \"13.64.39.16/32\",\r\n      \"40.74.146.80/31\",\r\n
        \     \"40.74.147.32/28\"\r\n    ],\r\n    \"provisioningState\": \"Succeeded\"\r\n
        \ },\r\n  \"id\": \"/subscriptions/00000000-0000-0000-0000-000000000000/resourceGroups/rgname/providers/Microsoft.Network/ipGroups/myIpGroups\",\r\n
        \ \"name\": \"myIpGroups\",\r\n  \"type\": \"Microsoft.Network/IpGroups\",\r\n
        \ \"etag\": \"753bf6f8-7df3-4ee7-87ec-f4b58a09694c\",\r\n  \"location\": \"westus\",\r\n
        \ \"tags\": {\r\n    \"key1\": \"value1\"\r\n  }\r\n}"
    headers:
      cache-control:
      - no-cache
      content-length:
      - '614'
      content-type:
      - application/json; charset=utf-8
      date:
      - Thu, 21 Oct 2021 03:07:27 GMT
      etag:
      - '"753bf6f8-7df3-4ee7-87ec-f4b58a09694c"'
      expires:
      - '-1'
      pragma:
      - no-cache
      server:
      - Microsoft-HTTPAPI/2.0
      strict-transport-security:
      - max-age=31536000; includeSubDomains
      transfer-encoding:
      - chunked
      vary:
      - Accept-Encoding
      x-content-type-options:
      - nosniff
    status:
      code: 200
      message: OK
- request:
    body: null
    headers:
      Accept:
      - application/json
      Accept-Encoding:
      - gzip, deflate
      Connection:
      - keep-alive
      Content-Length:
      - '0'
      User-Agent:
      - azsdk-python-azure-mgmt-network/19.2.0 Python/3.8.12 (Linux-5.8.0-1042-azure-x86_64-with-glibc2.2.5)
        VSTS_0fb41ef4-5012-48a9-bf39-4ee3de03ee35_build_2500_0
    method: DELETE
    uri: https://management.azure.com/subscriptions/00000000-0000-0000-0000-000000000000/resourceGroups/rgname/providers/Microsoft.Network/ipGroups/myIpGroups?api-version=2021-03-01
  response:
    body:
      string: ''
    headers:
      cache-control:
      - no-cache
      content-length:
      - '0'
      date:
      - Thu, 21 Oct 2021 03:07:28 GMT
      expires:
      - '-1'
      pragma:
      - no-cache
      server:
      - Microsoft-HTTPAPI/2.0
      strict-transport-security:
      - max-age=31536000; includeSubDomains
      x-content-type-options:
      - nosniff
      x-ms-ratelimit-remaining-subscription-deletes:
      - '14993'
    status:
      code: 200
      message: OK
version: 1
