{
  "Entries": [
    {
      "RequestUri": "https://login.microsoftonline.com/00000000-0000-0000-0000-000000000000/v2.0/.well-known/openid-configuration",
      "RequestMethod": "GET",
      "RequestHeaders": {
        "Accept": "*/*",
        "Accept-Encoding": "gzip, deflate",
        "Connection": "keep-alive",
        "User-Agent": "azsdk-python-identity/1.9.0b2 Python/3.8.12 (Linux-5.11.0-1028-azure-x86_64-with-glibc2.2.5) VSTS_0fb41ef4-5012-48a9-bf39-4ee3de03ee35_build_2500_0"
      },
      "RequestBody": null,
      "StatusCode": 200,
      "ResponseHeaders": {
        "Access-Control-Allow-Methods": "GET, OPTIONS",
        "Access-Control-Allow-Origin": "*",
        "Cache-Control": "max-age=86400, private",
        "Content-Length": "1753",
        "Content-Type": "application/json; charset=utf-8",
        "Date": "Tue, 15 Mar 2022 10:14:39 GMT",
        "P3P": "CP=\u0022DSP CUR OTPi IND OTRi ONL FIN\u0022",
        "Set-Cookie": "[set-cookie;]",
        "Strict-Transport-Security": "max-age=31536000; includeSubDomains",
        "X-Content-Type-Options": "nosniff",
        "x-ms-ests-server": "2.1.12559.4 - NCUS ProdSlices",
        "x-ms-request-id": "3ba5cc7c-5a54-462c-b30c-a7dd184f5c00"
      },
      "ResponseBody": {
        "token_endpoint": "https://login.microsoftonline.com/00000000-0000-0000-0000-000000000000/oauth2/v2.0/token",
        "token_endpoint_auth_methods_supported": [
          "client_secret_post",
          "private_key_jwt",
          "client_secret_basic"
        ],
        "jwks_uri": "https://login.microsoftonline.com/00000000-0000-0000-0000-000000000000/discovery/v2.0/keys",
        "response_modes_supported": [
          "query",
          "fragment",
          "form_post"
        ],
        "subject_types_supported": [
          "pairwise"
        ],
        "id_token_signing_alg_values_supported": [
          "RS256"
        ],
        "response_types_supported": [
          "code",
          "id_token",
          "code id_token",
          "id_token token"
        ],
        "scopes_supported": [
          "openid",
          "profile",
          "email",
          "offline_access"
        ],
        "issuer": "https://login.microsoftonline.com/00000000-0000-0000-0000-000000000000/v2.0",
        "request_uri_parameter_supported": false,
        "userinfo_endpoint": "https://graph.microsoft.com/oidc/userinfo",
        "authorization_endpoint": "https://login.microsoftonline.com/00000000-0000-0000-0000-000000000000/oauth2/v2.0/authorize",
        "device_authorization_endpoint": "https://login.microsoftonline.com/00000000-0000-0000-0000-000000000000/oauth2/v2.0/devicecode",
        "http_logout_supported": true,
        "frontchannel_logout_supported": true,
        "end_session_endpoint": "https://login.microsoftonline.com/00000000-0000-0000-0000-000000000000/oauth2/v2.0/logout",
        "claims_supported": [
          "sub",
          "iss",
          "cloud_instance_name",
          "cloud_instance_host_name",
          "cloud_graph_host_name",
          "msgraph_host",
          "aud",
          "exp",
          "iat",
          "auth_time",
          "acr",
          "nonce",
          "preferred_username",
          "name",
          "tid",
          "ver",
          "at_hash",
          "c_hash",
          "email"
        ],
        "kerberos_endpoint": "https://login.microsoftonline.com/00000000-0000-0000-0000-000000000000/kerberos",
        "tenant_region_scope": "NA",
        "cloud_instance_name": "microsoftonline.com",
        "cloud_graph_host_name": "graph.windows.net",
        "msgraph_host": "graph.microsoft.com",
        "rbac_url": "https://pas.windows.net"
      }
    },
    {
      "RequestUri": "https://login.microsoftonline.com/common/discovery/instance?api-version=1.1\u0026authorization_endpoint=https://login.microsoftonline.com/common/oauth2/authorize",
      "RequestMethod": "GET",
      "RequestHeaders": {
        "Accept": "application/json",
        "Accept-Encoding": "gzip, deflate",
        "Connection": "keep-alive",
        "Cookie": "cookie;",
        "User-Agent": "azsdk-python-identity/1.9.0b2 Python/3.8.12 (Linux-5.11.0-1028-azure-x86_64-with-glibc2.2.5) VSTS_0fb41ef4-5012-48a9-bf39-4ee3de03ee35_build_2500_0"
      },
      "RequestBody": null,
      "StatusCode": 200,
      "ResponseHeaders": {
        "Access-Control-Allow-Methods": "GET, OPTIONS",
        "Access-Control-Allow-Origin": "*",
        "Cache-Control": "max-age=86400, private",
        "Content-Length": "945",
        "Content-Type": "application/json; charset=utf-8",
        "Date": "Tue, 15 Mar 2022 10:14:39 GMT",
        "P3P": "CP=\u0022DSP CUR OTPi IND OTRi ONL FIN\u0022",
        "Set-Cookie": "[set-cookie;]",
        "Strict-Transport-Security": "max-age=31536000; includeSubDomains",
        "X-Content-Type-Options": "nosniff",
        "x-ms-ests-server": "2.1.12559.4 - SCUS ProdSlices",
        "x-ms-request-id": "26bdf3b4-9a37-4a0c-8939-88cd061d0e00"
      },
      "ResponseBody": {
        "tenant_discovery_endpoint": "https://login.microsoftonline.com/common/.well-known/openid-configuration",
        "api-version": "1.1",
        "metadata": [
          {
            "preferred_network": "login.microsoftonline.com",
            "preferred_cache": "login.windows.net",
            "aliases": [
              "login.microsoftonline.com",
              "login.windows.net",
              "login.microsoft.com",
              "sts.windows.net"
            ]
          },
          {
            "preferred_network": "login.partner.microsoftonline.cn",
            "preferred_cache": "login.partner.microsoftonline.cn",
            "aliases": [
              "login.partner.microsoftonline.cn",
              "login.chinacloudapi.cn"
            ]
          },
          {
            "preferred_network": "login.microsoftonline.de",
            "preferred_cache": "login.microsoftonline.de",
            "aliases": [
              "login.microsoftonline.de"
            ]
          },
          {
            "preferred_network": "login.microsoftonline.us",
            "preferred_cache": "login.microsoftonline.us",
            "aliases": [
              "login.microsoftonline.us",
              "login.usgovcloudapi.net"
            ]
          },
          {
            "preferred_network": "login-us.microsoftonline.com",
            "preferred_cache": "login-us.microsoftonline.com",
            "aliases": [
              "login-us.microsoftonline.com"
            ]
          }
        ]
      }
    },
    {
      "RequestUri": "https://login.microsoftonline.com/00000000-0000-0000-0000-000000000000/oauth2/v2.0/token",
      "RequestMethod": "POST",
      "RequestHeaders": {
        "Accept": "application/json",
        "Accept-Encoding": "gzip, deflate",
        "client-request-id": "52376ec5-af38-4655-9aa2-7e99c57baff5",
        "Connection": "keep-alive",
        "Content-Length": "286",
        "Content-Type": "application/x-www-form-urlencoded",
        "Cookie": "cookie;",
        "User-Agent": "azsdk-python-identity/1.9.0b2 Python/3.8.12 (Linux-5.11.0-1028-azure-x86_64-with-glibc2.2.5) VSTS_0fb41ef4-5012-48a9-bf39-4ee3de03ee35_build_2500_0",
        "x-client-cpu": "x64",
        "x-client-current-telemetry": "4|730,0|",
        "x-client-last-telemetry": "4|0|||",
        "x-client-os": "linux",
        "x-client-sku": "MSAL.Python",
        "x-client-ver": "1.17.0",
        "x-ms-lib-capability": "retry-after, h429"
      },
      "RequestBody": "client_id=8c41a920-007a-4844-a189-2d0efe39f51e\u0026grant_type=client_credentials\u0026client_info=1\u0026client_secret=o0XWF_siD-FhI.5AE83-u0GaQHW_GP7cjy\u0026claims=%7B%22access_token%22%3A\u002B%7B%22xms_cc%22%3A\u002B%7B%22values%22%3A\u002B%5B%22CP1%22%5D%7D%7D%7D\u0026scope=https%3A%2F%2Fmanagement.azure.com%2F.default",
      "StatusCode": 200,
      "ResponseHeaders": {
        "Cache-Control": "no-store, no-cache",
        "client-request-id": "52376ec5-af38-4655-9aa2-7e99c57baff5",
        "Content-Length": "93",
        "Content-Type": "application/json; charset=utf-8",
        "Date": "Tue, 15 Mar 2022 10:14:39 GMT",
        "Expires": "-1",
        "P3P": "CP=\u0022DSP CUR OTPi IND OTRi ONL FIN\u0022",
        "Pragma": "no-cache",
        "Set-Cookie": "[set-cookie;]",
        "Strict-Transport-Security": "max-age=31536000; includeSubDomains",
        "X-Content-Type-Options": "nosniff",
        "x-ms-clitelem": "1,0,0,,",
        "x-ms-ests-server": "2.1.12559.4 - NCUS ProdSlices",
        "x-ms-request-id": "fa288473-b8d0-4fa4-9c87-d833b0a05500"
      },
      "ResponseBody": {
        "token_type": "Bearer",
        "expires_in": 3599,
        "ext_expires_in": 3599,
        "access_token": "access_token"
      }
    },
    {
      "RequestUri": "https://management.azure.com/subscriptions/00000000-0000-0000-0000-000000000000/resourceGroups/20ad2a59/providers/Microsoft.Network/virtualWans/virtualwan?api-version=2021-05-01",
      "RequestMethod": "PUT",
      "RequestHeaders": {
        "Accept": "application/json",
        "Accept-Encoding": "gzip, deflate",
        "Authorization": "Sanitized",
        "Connection": "keep-alive",
        "Content-Length": "115",
        "Content-Type": "application/json",
        "User-Agent": "azsdk-python-azure-mgmt-network/0.0.0 Python/3.8.12 (Linux-5.11.0-1028-azure-x86_64-with-glibc2.2.5) VSTS_0fb41ef4-5012-48a9-bf39-4ee3de03ee35_build_2500_0",
        "x-ms-client-request-id": "b9af0a70-a448-11ec-bd9b-2f43c07e25fb"
      },
      "RequestBody": {
        "location": "West US",
        "tags": {
          "key1": "value1"
        },
        "properties": {
          "disableVpnEncryption": false,
          "type": "Basic"
        }
      },
      "StatusCode": 201,
      "ResponseHeaders": {
        "Azure-AsyncNotification": "Enabled",
        "Azure-AsyncOperation": "https://management.azure.com/subscriptions/00000000-0000-0000-0000-000000000000/providers/Microsoft.Network/locations/westus/operations/2407f4a4-920b-4ccc-912c-761149ad15ed?api-version=2021-05-01",
        "Cache-Control": "no-cache",
        "Content-Length": "542",
        "Content-Type": "application/json; charset=utf-8",
        "Date": "Tue, 15 Mar 2022 10:14:40 GMT",
        "Expires": "-1",
        "Pragma": "no-cache",
        "Retry-After": "10",
        "Server": [
          "Microsoft-HTTPAPI/2.0",
          "Microsoft-HTTPAPI/2.0"
        ],
        "Strict-Transport-Security": "max-age=31536000; includeSubDomains",
        "X-Content-Type-Options": "nosniff",
        "x-ms-arm-service-request-id": "61094f98-aa0b-4d1f-87a8-ad8ece7e835c",
        "x-ms-correlation-request-id": "533fdbf4-bf49-4ebb-aa46-f3db0c0cc48a",
        "x-ms-ratelimit-remaining-subscription-writes": "1181",
        "x-ms-request-id": "2407f4a4-920b-4ccc-912c-761149ad15ed",
        "x-ms-routing-request-id": "CENTRALUS:20220315T101441Z:533fdbf4-bf49-4ebb-aa46-f3db0c0cc48a"
      },
      "ResponseBody": {
        "name": "virtualwan",
        "id": "/subscriptions/00000000-0000-0000-0000-000000000000/resourceGroups/20ad2a59/providers/Microsoft.Network/virtualWans/virtualwan",
        "etag": "W/\u002275e92211-fc2a-4cd5-b584-c9deb059a189\u0022",
        "type": "Microsoft.Network/virtualWans",
        "location": "westus",
        "tags": {
          "key1": "value1"
        },
        "properties": {
          "provisioningState": "Updating",
          "disableVpnEncryption": false,
          "allowBranchToBranchTraffic": true,
          "office365LocalBreakoutCategory": "None",
          "type": "Basic"
        }
      }
    },
    {
      "RequestUri": "https://management.azure.com/subscriptions/00000000-0000-0000-0000-000000000000/providers/Microsoft.Network/locations/westus/operations/2407f4a4-920b-4ccc-912c-761149ad15ed?api-version=2021-05-01",
      "RequestMethod": "GET",
      "RequestHeaders": {
        "Accept": "*/*",
        "Accept-Encoding": "gzip, deflate",
        "Authorization": "Sanitized",
        "Connection": "keep-alive",
        "User-Agent": "azsdk-python-azure-mgmt-network/0.0.0 Python/3.8.12 (Linux-5.11.0-1028-azure-x86_64-with-glibc2.2.5) VSTS_0fb41ef4-5012-48a9-bf39-4ee3de03ee35_build_2500_0",
        "x-ms-client-request-id": "b9af0a70-a448-11ec-bd9b-2f43c07e25fb"
      },
      "RequestBody": null,
      "StatusCode": 200,
      "ResponseHeaders": {
        "Cache-Control": "no-cache",
        "Content-Encoding": "gzip",
        "Content-Type": "application/json; charset=utf-8",
        "Date": "Tue, 15 Mar 2022 10:14:50 GMT",
        "Expires": "-1",
        "Pragma": "no-cache",
        "Server": [
          "Microsoft-HTTPAPI/2.0",
          "Microsoft-HTTPAPI/2.0"
        ],
        "Strict-Transport-Security": "max-age=31536000; includeSubDomains",
        "Transfer-Encoding": "chunked",
        "Vary": "Accept-Encoding",
        "X-Content-Type-Options": "nosniff",
        "x-ms-arm-service-request-id": "355c31b2-e72c-46e9-9fee-056a8994609b",
        "x-ms-correlation-request-id": "ebdb9633-b207-4929-8f37-4e9f9c4f0c1e",
        "x-ms-ratelimit-remaining-subscription-reads": "11887",
        "x-ms-request-id": "82815925-fd3d-450e-bc26-d8fd1c2f57a1",
        "x-ms-routing-request-id": "CENTRALUS:20220315T101451Z:ebdb9633-b207-4929-8f37-4e9f9c4f0c1e"
      },
      "ResponseBody": {
        "status": "Succeeded"
      }
    },
    {
      "RequestUri": "https://management.azure.com/subscriptions/00000000-0000-0000-0000-000000000000/resourceGroups/20ad2a59/providers/Microsoft.Network/virtualWans/virtualwan?api-version=2021-05-01",
      "RequestMethod": "GET",
      "RequestHeaders": {
        "Accept": "*/*",
        "Accept-Encoding": "gzip, deflate",
        "Authorization": "Sanitized",
        "Connection": "keep-alive",
        "User-Agent": "azsdk-python-azure-mgmt-network/0.0.0 Python/3.8.12 (Linux-5.11.0-1028-azure-x86_64-with-glibc2.2.5) VSTS_0fb41ef4-5012-48a9-bf39-4ee3de03ee35_build_2500_0",
        "x-ms-client-request-id": "b9af0a70-a448-11ec-bd9b-2f43c07e25fb"
      },
      "RequestBody": null,
      "StatusCode": 200,
      "ResponseHeaders": {
        "Cache-Control": "no-cache",
        "Content-Encoding": "gzip",
        "Content-Type": "application/json; charset=utf-8",
        "Date": "Tue, 15 Mar 2022 10:14:50 GMT",
        "ETag": "W/\u00229ec1acb5-8d02-450b-b790-b8616096a224\u0022",
        "Expires": "-1",
        "Pragma": "no-cache",
        "Server": [
          "Microsoft-HTTPAPI/2.0",
          "Microsoft-HTTPAPI/2.0"
        ],
        "Strict-Transport-Security": "max-age=31536000; includeSubDomains",
        "Transfer-Encoding": "chunked",
        "Vary": "Accept-Encoding",
        "X-Content-Type-Options": "nosniff",
        "x-ms-arm-service-request-id": "dcb8e0c6-25d0-47cd-a396-487d7fc46dab",
        "x-ms-correlation-request-id": "9cc55450-09b8-4fc9-81ac-998cae61ad42",
        "x-ms-ratelimit-remaining-subscription-reads": "11886",
        "x-ms-request-id": "24c5ad67-9dec-4d5d-a4e4-52a1955937b8",
        "x-ms-routing-request-id": "CENTRALUS:20220315T101451Z:9cc55450-09b8-4fc9-81ac-998cae61ad42"
      },
      "ResponseBody": {
        "name": "virtualwan",
        "id": "/subscriptions/00000000-0000-0000-0000-000000000000/resourceGroups/20ad2a59/providers/Microsoft.Network/virtualWans/virtualwan",
        "etag": "W/\u00229ec1acb5-8d02-450b-b790-b8616096a224\u0022",
        "type": "Microsoft.Network/virtualWans",
        "location": "westus",
        "tags": {
          "key1": "value1"
        },
        "properties": {
          "provisioningState": "Succeeded",
          "disableVpnEncryption": false,
          "allowBranchToBranchTraffic": true,
          "office365LocalBreakoutCategory": "None",
          "type": "Basic"
        }
      }
    },
    {
      "RequestUri": "https://management.azure.com/subscriptions/00000000-0000-0000-0000-000000000000/resourceGroups/20ad2a59/providers/Microsoft.Network/virtualHubs/virtualhub?api-version=2021-05-01",
      "RequestMethod": "PUT",
      "RequestHeaders": {
        "Accept": "application/json",
        "Accept-Encoding": "gzip, deflate",
        "Authorization": "Sanitized",
        "Connection": "keep-alive",
        "Content-Length": "269",
        "Content-Type": "application/json",
        "User-Agent": "azsdk-python-azure-mgmt-network/0.0.0 Python/3.8.12 (Linux-5.11.0-1028-azure-x86_64-with-glibc2.2.5) VSTS_0fb41ef4-5012-48a9-bf39-4ee3de03ee35_build_2500_0",
        "x-ms-client-request-id": "c0a54bf0-a448-11ec-bd9b-2f43c07e25fb"
      },
      "RequestBody": {
        "location": "West US",
        "tags": {
          "key1": "value1"
        },
        "properties": {
          "virtualWan": {
            "id": "/subscriptions/00000000-0000-0000-0000-000000000000/resourceGroups/20ad2a59/providers/Microsoft.Network/virtualWans/virtualwan"
          },
          "addressPrefix": "10.168.0.0/24",
          "sku": "Basic"
        }
      },
      "StatusCode": 201,
      "ResponseHeaders": {
        "Azure-AsyncNotification": "Enabled",
        "Azure-AsyncOperation": "https://management.azure.com/subscriptions/00000000-0000-0000-0000-000000000000/providers/Microsoft.Network/locations/westus/operations/c0388713-5058-4355-8716-985231c8fba0?api-version=2021-05-01",
        "Cache-Control": "no-cache",
        "Content-Length": "888",
        "Content-Type": "application/json; charset=utf-8",
        "Date": "Tue, 15 Mar 2022 10:14:52 GMT",
        "Expires": "-1",
        "Pragma": "no-cache",
        "Retry-After": "10",
        "Server": [
          "Microsoft-HTTPAPI/2.0",
          "Microsoft-HTTPAPI/2.0"
        ],
        "Strict-Transport-Security": "max-age=31536000; includeSubDomains",
        "X-Content-Type-Options": "nosniff",
        "x-ms-arm-service-request-id": "b2cc0c41-3be0-4078-9c4e-ea3de00b933f",
        "x-ms-correlation-request-id": "cd8d311d-11f8-4371-84ac-d586b7fccb66",
        "x-ms-ratelimit-remaining-subscription-writes": "1180",
        "x-ms-request-id": "c0388713-5058-4355-8716-985231c8fba0",
        "x-ms-routing-request-id": "CENTRALUS:20220315T101453Z:cd8d311d-11f8-4371-84ac-d586b7fccb66"
      },
      "ResponseBody": {
        "name": "virtualhub",
        "id": "/subscriptions/00000000-0000-0000-0000-000000000000/resourceGroups/20ad2a59/providers/Microsoft.Network/virtualHubs/virtualhub",
        "etag": "W/\u00225cb39f36-76ee-4311-8ac7-07f8ebb77f10\u0022",
        "type": "Microsoft.Network/virtualHubs",
        "location": "westus",
        "tags": {
          "key1": "value1"
        },
        "properties": {
          "provisioningState": "Updating",
          "virtualHubRouteTableV2s": [],
          "addressPrefix": "10.168.0.0/24",
          "virtualRouterAsn": 0,
          "virtualRouterIps": [],
          "routeTable": {
            "routes": []
          },
          "virtualWan": {
            "id": "/subscriptions/00000000-0000-0000-0000-000000000000/resourceGroups/20ad2a59/providers/Microsoft.Network/virtualWans/virtualwan"
          },
          "sku": "Basic",
          "routingState": "None",
          "allowBranchToBranchTraffic": false,
          "preferredRoutingGateway": "ExpressRoute"
        }
      }
    },
    {
      "RequestUri": "https://management.azure.com/subscriptions/00000000-0000-0000-0000-000000000000/providers/Microsoft.Network/locations/westus/operations/c0388713-5058-4355-8716-985231c8fba0?api-version=2021-05-01",
      "RequestMethod": "GET",
      "RequestHeaders": {
        "Accept": "*/*",
        "Accept-Encoding": "gzip, deflate",
        "Authorization": "Sanitized",
        "Connection": "keep-alive",
        "User-Agent": "azsdk-python-azure-mgmt-network/0.0.0 Python/3.8.12 (Linux-5.11.0-1028-azure-x86_64-with-glibc2.2.5) VSTS_0fb41ef4-5012-48a9-bf39-4ee3de03ee35_build_2500_0",
        "x-ms-client-request-id": "c0a54bf0-a448-11ec-bd9b-2f43c07e25fb"
      },
      "RequestBody": null,
      "StatusCode": 200,
      "ResponseHeaders": {
        "Cache-Control": "no-cache",
        "Content-Encoding": "gzip",
        "Content-Type": "application/json; charset=utf-8",
        "Date": "Tue, 15 Mar 2022 10:15:03 GMT",
        "Expires": "-1",
        "Pragma": "no-cache",
        "Retry-After": "10",
        "Server": [
          "Microsoft-HTTPAPI/2.0",
          "Microsoft-HTTPAPI/2.0"
        ],
        "Strict-Transport-Security": "max-age=31536000; includeSubDomains",
        "Transfer-Encoding": "chunked",
        "Vary": "Accept-Encoding",
        "X-Content-Type-Options": "nosniff",
        "x-ms-arm-service-request-id": "64d0a14b-4dc6-4d3d-9a2a-fecec2cc9b99",
        "x-ms-correlation-request-id": "77def8d3-f483-4c32-848f-2bcbb0a46da2",
        "x-ms-ratelimit-remaining-subscription-reads": "11885",
        "x-ms-request-id": "6949c3a0-8886-42b6-aa2f-14722608fa0d",
        "x-ms-routing-request-id": "CENTRALUS:20220315T101503Z:77def8d3-f483-4c32-848f-2bcbb0a46da2"
      },
      "ResponseBody": {
        "status": "InProgress"
      }
    },
    {
      "RequestUri": "https://management.azure.com/subscriptions/00000000-0000-0000-0000-000000000000/providers/Microsoft.Network/locations/westus/operations/c0388713-5058-4355-8716-985231c8fba0?api-version=2021-05-01",
      "RequestMethod": "GET",
      "RequestHeaders": {
        "Accept": "*/*",
        "Accept-Encoding": "gzip, deflate",
        "Authorization": "Sanitized",
        "Connection": "keep-alive",
        "User-Agent": "azsdk-python-azure-mgmt-network/0.0.0 Python/3.8.12 (Linux-5.11.0-1028-azure-x86_64-with-glibc2.2.5) VSTS_0fb41ef4-5012-48a9-bf39-4ee3de03ee35_build_2500_0",
        "x-ms-client-request-id": "c0a54bf0-a448-11ec-bd9b-2f43c07e25fb"
      },
      "RequestBody": null,
      "StatusCode": 200,
      "ResponseHeaders": {
        "Cache-Control": "no-cache",
        "Content-Encoding": "gzip",
        "Content-Type": "application/json; charset=utf-8",
        "Date": "Tue, 15 Mar 2022 10:15:13 GMT",
        "Expires": "-1",
        "Pragma": "no-cache",
        "Retry-After": "20",
        "Server": [
          "Microsoft-HTTPAPI/2.0",
          "Microsoft-HTTPAPI/2.0"
        ],
        "Strict-Transport-Security": "max-age=31536000; includeSubDomains",
        "Transfer-Encoding": "chunked",
        "Vary": "Accept-Encoding",
        "X-Content-Type-Options": "nosniff",
        "x-ms-arm-service-request-id": "82816f65-5f6b-4790-9034-3d232325f681",
        "x-ms-correlation-request-id": "ea590a7b-c79a-440a-99af-1a628d3b93d1",
        "x-ms-ratelimit-remaining-subscription-reads": "11884",
        "x-ms-request-id": "3517c9dc-3d42-4653-9722-f01b3ae1f065",
        "x-ms-routing-request-id": "CENTRALUS:20220315T101513Z:ea590a7b-c79a-440a-99af-1a628d3b93d1"
      },
      "ResponseBody": {
        "status": "InProgress"
      }
    },
    {
      "RequestUri": "https://management.azure.com/subscriptions/00000000-0000-0000-0000-000000000000/providers/Microsoft.Network/locations/westus/operations/c0388713-5058-4355-8716-985231c8fba0?api-version=2021-05-01",
      "RequestMethod": "GET",
      "RequestHeaders": {
        "Accept": "*/*",
        "Accept-Encoding": "gzip, deflate",
        "Authorization": "Sanitized",
        "Connection": "keep-alive",
        "User-Agent": "azsdk-python-azure-mgmt-network/0.0.0 Python/3.8.12 (Linux-5.11.0-1028-azure-x86_64-with-glibc2.2.5) VSTS_0fb41ef4-5012-48a9-bf39-4ee3de03ee35_build_2500_0",
        "x-ms-client-request-id": "c0a54bf0-a448-11ec-bd9b-2f43c07e25fb"
      },
      "RequestBody": null,
      "StatusCode": 200,
      "ResponseHeaders": {
        "Cache-Control": "no-cache",
        "Content-Encoding": "gzip",
        "Content-Type": "application/json; charset=utf-8",
        "Date": "Tue, 15 Mar 2022 10:15:33 GMT",
        "Expires": "-1",
        "Pragma": "no-cache",
        "Retry-After": "20",
        "Server": [
          "Microsoft-HTTPAPI/2.0",
          "Microsoft-HTTPAPI/2.0"
        ],
        "Strict-Transport-Security": "max-age=31536000; includeSubDomains",
        "Transfer-Encoding": "chunked",
        "Vary": "Accept-Encoding",
        "X-Content-Type-Options": "nosniff",
        "x-ms-arm-service-request-id": "f6ff8462-5440-4394-adcf-848170d63408",
        "x-ms-correlation-request-id": "b4a13dac-4a82-4068-98a6-6c70c6e3b3af",
        "x-ms-ratelimit-remaining-subscription-reads": "11883",
        "x-ms-request-id": "25392b8f-95f7-4eac-81d0-ee5a17fde05f",
        "x-ms-routing-request-id": "CENTRALUS:20220315T101533Z:b4a13dac-4a82-4068-98a6-6c70c6e3b3af"
      },
      "ResponseBody": {
        "status": "InProgress"
      }
    },
    {
      "RequestUri": "https://management.azure.com/subscriptions/00000000-0000-0000-0000-000000000000/providers/Microsoft.Network/locations/westus/operations/c0388713-5058-4355-8716-985231c8fba0?api-version=2021-05-01",
      "RequestMethod": "GET",
      "RequestHeaders": {
        "Accept": "*/*",
        "Accept-Encoding": "gzip, deflate",
        "Authorization": "Sanitized",
        "Connection": "keep-alive",
        "User-Agent": "azsdk-python-azure-mgmt-network/0.0.0 Python/3.8.12 (Linux-5.11.0-1028-azure-x86_64-with-glibc2.2.5) VSTS_0fb41ef4-5012-48a9-bf39-4ee3de03ee35_build_2500_0",
        "x-ms-client-request-id": "c0a54bf0-a448-11ec-bd9b-2f43c07e25fb"
      },
      "RequestBody": null,
      "StatusCode": 200,
      "ResponseHeaders": {
        "Cache-Control": "no-cache",
        "Content-Encoding": "gzip",
        "Content-Type": "application/json; charset=utf-8",
        "Date": "Tue, 15 Mar 2022 10:15:53 GMT",
        "Expires": "-1",
        "Pragma": "no-cache",
        "Retry-After": "40",
        "Server": [
          "Microsoft-HTTPAPI/2.0",
          "Microsoft-HTTPAPI/2.0"
        ],
        "Strict-Transport-Security": "max-age=31536000; includeSubDomains",
        "Transfer-Encoding": "chunked",
        "Vary": "Accept-Encoding",
        "X-Content-Type-Options": "nosniff",
        "x-ms-arm-service-request-id": "53849ab5-ae3d-4aea-8c4a-9f05defa97ab",
        "x-ms-correlation-request-id": "e3aa4ce5-4ea1-4b25-aae4-857f9d5d404f",
        "x-ms-ratelimit-remaining-subscription-reads": "11882",
        "x-ms-request-id": "9596896d-38b0-4f37-ac43-d37be28cb74d",
        "x-ms-routing-request-id": "CENTRALUS:20220315T101553Z:e3aa4ce5-4ea1-4b25-aae4-857f9d5d404f"
      },
      "ResponseBody": {
        "status": "InProgress"
      }
    },
    {
      "RequestUri": "https://management.azure.com/subscriptions/00000000-0000-0000-0000-000000000000/providers/Microsoft.Network/locations/westus/operations/c0388713-5058-4355-8716-985231c8fba0?api-version=2021-05-01",
      "RequestMethod": "GET",
      "RequestHeaders": {
        "Accept": "*/*",
        "Accept-Encoding": "gzip, deflate",
        "Authorization": "Sanitized",
        "Connection": "keep-alive",
        "User-Agent": "azsdk-python-azure-mgmt-network/0.0.0 Python/3.8.12 (Linux-5.11.0-1028-azure-x86_64-with-glibc2.2.5) VSTS_0fb41ef4-5012-48a9-bf39-4ee3de03ee35_build_2500_0",
        "x-ms-client-request-id": "c0a54bf0-a448-11ec-bd9b-2f43c07e25fb"
      },
      "RequestBody": null,
      "StatusCode": 200,
      "ResponseHeaders": {
        "Cache-Control": "no-cache",
        "Content-Encoding": "gzip",
        "Content-Type": "application/json; charset=utf-8",
        "Date": "Tue, 15 Mar 2022 10:16:32 GMT",
        "Expires": "-1",
        "Pragma": "no-cache",
        "Retry-After": "40",
        "Server": [
          "Microsoft-HTTPAPI/2.0",
          "Microsoft-HTTPAPI/2.0"
        ],
        "Strict-Transport-Security": "max-age=31536000; includeSubDomains",
        "Transfer-Encoding": "chunked",
        "Vary": "Accept-Encoding",
        "X-Content-Type-Options": "nosniff",
        "x-ms-arm-service-request-id": "12239f06-acd0-4e8d-855d-00ad93229f84",
        "x-ms-correlation-request-id": "1a9a7869-9f53-4909-be26-3c24fe5992ea",
        "x-ms-ratelimit-remaining-subscription-reads": "11881",
        "x-ms-request-id": "3d83048c-1bf8-41fb-96d3-1678920be704",
        "x-ms-routing-request-id": "CENTRALUS:20220315T101633Z:1a9a7869-9f53-4909-be26-3c24fe5992ea"
      },
      "ResponseBody": {
        "status": "InProgress"
      }
    },
    {
      "RequestUri": "https://management.azure.com/subscriptions/00000000-0000-0000-0000-000000000000/providers/Microsoft.Network/locations/westus/operations/c0388713-5058-4355-8716-985231c8fba0?api-version=2021-05-01",
      "RequestMethod": "GET",
      "RequestHeaders": {
        "Accept": "*/*",
        "Accept-Encoding": "gzip, deflate",
        "Authorization": "Sanitized",
        "Connection": "keep-alive",
        "User-Agent": "azsdk-python-azure-mgmt-network/0.0.0 Python/3.8.12 (Linux-5.11.0-1028-azure-x86_64-with-glibc2.2.5) VSTS_0fb41ef4-5012-48a9-bf39-4ee3de03ee35_build_2500_0",
        "x-ms-client-request-id": "c0a54bf0-a448-11ec-bd9b-2f43c07e25fb"
      },
      "RequestBody": null,
      "StatusCode": 200,
      "ResponseHeaders": {
        "Cache-Control": "no-cache",
        "Content-Encoding": "gzip",
        "Content-Type": "application/json; charset=utf-8",
        "Date": "Tue, 15 Mar 2022 10:17:13 GMT",
        "Expires": "-1",
        "Pragma": "no-cache",
        "Retry-After": "80",
        "Server": [
          "Microsoft-HTTPAPI/2.0",
          "Microsoft-HTTPAPI/2.0"
        ],
        "Strict-Transport-Security": "max-age=31536000; includeSubDomains",
        "Transfer-Encoding": "chunked",
        "Vary": "Accept-Encoding",
        "X-Content-Type-Options": "nosniff",
        "x-ms-arm-service-request-id": "25ed7984-66e9-4fd0-86a4-7814ea4eba3b",
        "x-ms-correlation-request-id": "2cf22d92-1c4b-49d3-b4c0-2120aca8d09d",
        "x-ms-ratelimit-remaining-subscription-reads": "11880",
        "x-ms-request-id": "bb313284-416f-4917-b2d8-e4bec8ff7ca5",
        "x-ms-routing-request-id": "CENTRALUS:20220315T101713Z:2cf22d92-1c4b-49d3-b4c0-2120aca8d09d"
      },
      "ResponseBody": {
        "status": "InProgress"
      }
    },
    {
      "RequestUri": "https://management.azure.com/subscriptions/00000000-0000-0000-0000-000000000000/providers/Microsoft.Network/locations/westus/operations/c0388713-5058-4355-8716-985231c8fba0?api-version=2021-05-01",
      "RequestMethod": "GET",
      "RequestHeaders": {
        "Accept": "*/*",
        "Accept-Encoding": "gzip, deflate",
        "Authorization": "Sanitized",
        "Connection": "keep-alive",
        "User-Agent": "azsdk-python-azure-mgmt-network/0.0.0 Python/3.8.12 (Linux-5.11.0-1028-azure-x86_64-with-glibc2.2.5) VSTS_0fb41ef4-5012-48a9-bf39-4ee3de03ee35_build_2500_0",
        "x-ms-client-request-id": "c0a54bf0-a448-11ec-bd9b-2f43c07e25fb"
      },
      "RequestBody": null,
      "StatusCode": 200,
      "ResponseHeaders": {
        "Cache-Control": "no-cache",
        "Content-Encoding": "gzip",
        "Content-Type": "application/json; charset=utf-8",
        "Date": "Tue, 15 Mar 2022 10:18:33 GMT",
        "Expires": "-1",
        "Pragma": "no-cache",
        "Retry-After": "160",
        "Server": [
          "Microsoft-HTTPAPI/2.0",
          "Microsoft-HTTPAPI/2.0"
        ],
        "Strict-Transport-Security": "max-age=31536000; includeSubDomains",
        "Transfer-Encoding": "chunked",
        "Vary": "Accept-Encoding",
        "X-Content-Type-Options": "nosniff",
        "x-ms-arm-service-request-id": "7defd9be-0403-4e05-b42f-b11c577fae73",
        "x-ms-correlation-request-id": "eb027ecf-bfb5-45ab-941e-1c878f74c6b6",
        "x-ms-ratelimit-remaining-subscription-reads": "11879",
        "x-ms-request-id": "0e707df0-b25b-4395-8659-1eed5cae71aa",
        "x-ms-routing-request-id": "CENTRALUS:20220315T101834Z:eb027ecf-bfb5-45ab-941e-1c878f74c6b6"
      },
      "ResponseBody": {
        "status": "InProgress"
      }
    },
    {
      "RequestUri": "https://management.azure.com/subscriptions/00000000-0000-0000-0000-000000000000/providers/Microsoft.Network/locations/westus/operations/c0388713-5058-4355-8716-985231c8fba0?api-version=2021-05-01",
      "RequestMethod": "GET",
      "RequestHeaders": {
        "Accept": "*/*",
        "Accept-Encoding": "gzip, deflate",
        "Authorization": "Sanitized",
        "Connection": "keep-alive",
        "User-Agent": "azsdk-python-azure-mgmt-network/0.0.0 Python/3.8.12 (Linux-5.11.0-1028-azure-x86_64-with-glibc2.2.5) VSTS_0fb41ef4-5012-48a9-bf39-4ee3de03ee35_build_2500_0",
        "x-ms-client-request-id": "c0a54bf0-a448-11ec-bd9b-2f43c07e25fb"
      },
      "RequestBody": null,
      "StatusCode": 200,
      "ResponseHeaders": {
        "Cache-Control": "no-cache",
        "Content-Encoding": "gzip",
        "Content-Type": "application/json; charset=utf-8",
        "Date": "Tue, 15 Mar 2022 10:21:13 GMT",
        "Expires": "-1",
        "Pragma": "no-cache",
        "Server": [
          "Microsoft-HTTPAPI/2.0",
          "Microsoft-HTTPAPI/2.0"
        ],
        "Strict-Transport-Security": "max-age=31536000; includeSubDomains",
        "Transfer-Encoding": "chunked",
        "Vary": "Accept-Encoding",
        "X-Content-Type-Options": "nosniff",
        "x-ms-arm-service-request-id": "b46bf409-2d32-41a7-b646-beab13624b16",
        "x-ms-correlation-request-id": "8f63bdf8-52b0-4ec7-ae4f-6835dacaf2d5",
        "x-ms-ratelimit-remaining-subscription-reads": "11879",
        "x-ms-request-id": "607bcf63-f6dd-4270-ac32-310679f29090",
        "x-ms-routing-request-id": "CENTRALUS:20220315T102114Z:8f63bdf8-52b0-4ec7-ae4f-6835dacaf2d5"
      },
      "ResponseBody": {
        "status": "Succeeded"
      }
    },
    {
      "RequestUri": "https://management.azure.com/subscriptions/00000000-0000-0000-0000-000000000000/resourceGroups/20ad2a59/providers/Microsoft.Network/virtualHubs/virtualhub?api-version=2021-05-01",
      "RequestMethod": "GET",
      "RequestHeaders": {
        "Accept": "*/*",
        "Accept-Encoding": "gzip, deflate",
        "Authorization": "Sanitized",
        "Connection": "keep-alive",
        "User-Agent": "azsdk-python-azure-mgmt-network/0.0.0 Python/3.8.12 (Linux-5.11.0-1028-azure-x86_64-with-glibc2.2.5) VSTS_0fb41ef4-5012-48a9-bf39-4ee3de03ee35_build_2500_0",
        "x-ms-client-request-id": "c0a54bf0-a448-11ec-bd9b-2f43c07e25fb"
      },
      "RequestBody": null,
      "StatusCode": 200,
      "ResponseHeaders": {
        "Cache-Control": "no-cache",
        "Content-Encoding": "gzip",
        "Content-Type": "application/json; charset=utf-8",
        "Date": "Tue, 15 Mar 2022 10:21:13 GMT",
        "Expires": "-1",
        "Pragma": "no-cache",
        "Server": [
          "Microsoft-HTTPAPI/2.0",
          "Microsoft-HTTPAPI/2.0"
        ],
        "Strict-Transport-Security": "max-age=31536000; includeSubDomains",
        "Transfer-Encoding": "chunked",
        "Vary": "Accept-Encoding",
        "X-Content-Type-Options": "nosniff",
        "x-ms-arm-service-request-id": "5c2bd184-a1b6-4b40-9645-d3f3659c6a39",
        "x-ms-correlation-request-id": "4fc9023b-a336-4490-a51b-74558a191c40",
        "x-ms-ratelimit-remaining-subscription-reads": "11878",
        "x-ms-request-id": "61cfaf8b-3f71-4cbc-a469-05df018935ef",
        "x-ms-routing-request-id": "CENTRALUS:20220315T102114Z:4fc9023b-a336-4490-a51b-74558a191c40"
      },
      "ResponseBody": {
        "name": "virtualhub",
        "id": "/subscriptions/00000000-0000-0000-0000-000000000000/resourceGroups/20ad2a59/providers/Microsoft.Network/virtualHubs/virtualhub",
        "etag": "W/\u0022b17e1735-b011-4c10-9b0b-f2de5d1a5c7c\u0022",
        "type": "Microsoft.Network/virtualHubs",
        "location": "westus",
        "tags": {
          "key1": "value1"
        },
        "properties": {
          "provisioningState": "Succeeded",
          "virtualHubRouteTableV2s": [],
          "addressPrefix": "10.168.0.0/24",
          "virtualRouterAsn": 0,
          "virtualRouterIps": [],
          "routeTable": {
            "routes": []
          },
          "virtualWan": {
            "id": "/subscriptions/00000000-0000-0000-0000-000000000000/resourceGroups/20ad2a59/providers/Microsoft.Network/virtualWans/virtualwan"
          },
          "sku": "Basic",
          "routingState": "Provisioning",
          "allowBranchToBranchTraffic": false,
          "preferredRoutingGateway": "ExpressRoute"
        }
      }
    },
    {
      "RequestUri": "https://management.azure.com/subscriptions/00000000-0000-0000-0000-000000000000/resourceGroups/20ad2a59/providers/Microsoft.Network/firewallPolicies/firewallpolicy?api-version=2021-05-01",
      "RequestMethod": "PUT",
      "RequestHeaders": {
        "Accept": "application/json",
        "Accept-Encoding": "gzip, deflate",
        "Authorization": "Sanitized",
        "Connection": "keep-alive",
        "Content-Length": "94",
        "Content-Type": "application/json",
        "User-Agent": "azsdk-python-azure-mgmt-network/0.0.0 Python/3.8.12 (Linux-5.11.0-1028-azure-x86_64-with-glibc2.2.5) VSTS_0fb41ef4-5012-48a9-bf39-4ee3de03ee35_build_2500_0",
        "x-ms-client-request-id": "a4b0e002-a449-11ec-bd9b-2f43c07e25fb"
      },
      "RequestBody": {
        "location": "eastus",
        "tags": {
          "key1": "value1"
        },
        "properties": {
          "threatIntelMode": "Alert"
        }
      },
      "StatusCode": 201,
      "ResponseHeaders": {
        "Azure-AsyncOperation": "https://management.azure.com/subscriptions/00000000-0000-0000-0000-000000000000/providers/Microsoft.Network/locations/eastus/nfvOperations/776403d9-baa1-4669-892e-b30aa1803a8b?api-version=2021-05-01",
        "Cache-Control": "no-cache",
        "Content-Length": "570",
        "Content-Type": "application/json; charset=utf-8",
        "Date": "Tue, 15 Mar 2022 10:21:16 GMT",
        "Expires": "-1",
        "Pragma": "no-cache",
        "Retry-After": "10",
        "Server": "Microsoft-HTTPAPI/2.0",
        "Strict-Transport-Security": "max-age=31536000; includeSubDomains",
        "X-Content-Type-Options": "nosniff",
        "x-ms-correlation-request-id": "cc5c0744-ac9f-4bf9-b71b-d87f25589891",
        "x-ms-ratelimit-remaining-subscription-writes": "1180",
        "x-ms-request-id": [
          "776403d9-baa1-4669-892e-b30aa1803a8b",
          "776403d9-baa1-4669-892e-b30aa1803a8b"
        ],
        "x-ms-routing-request-id": "CENTRALUS:20220315T102116Z:cc5c0744-ac9f-4bf9-b71b-d87f25589891"
      },
      "ResponseBody": {
        "properties": {
          "sku": {
            "tier": "Standard"
          },
          "threatIntelMode": "Alert",
          "childPolicies": [],
          "ruleCollectionGroups": [],
          "firewalls": [],
          "provisioningState": "Updating"
        },
        "id": "/subscriptions/00000000-0000-0000-0000-000000000000/resourceGroups/20ad2a59/providers/Microsoft.Network/firewallPolicies/firewallpolicy",
        "name": "firewallpolicy",
        "type": "Microsoft.Network/FirewallPolicies",
        "etag": "ba2bbed9-f96e-4b12-9e63-3776b628c7db",
        "location": "eastus",
        "tags": {
          "key1": "value1"
        }
      }
    },
    {
      "RequestUri": "https://management.azure.com/subscriptions/00000000-0000-0000-0000-000000000000/providers/Microsoft.Network/locations/eastus/nfvOperations/776403d9-baa1-4669-892e-b30aa1803a8b?api-version=2021-05-01",
      "RequestMethod": "GET",
      "RequestHeaders": {
        "Accept": "*/*",
        "Accept-Encoding": "gzip, deflate",
        "Authorization": "Sanitized",
        "Connection": "keep-alive",
        "User-Agent": "azsdk-python-azure-mgmt-network/0.0.0 Python/3.8.12 (Linux-5.11.0-1028-azure-x86_64-with-glibc2.2.5) VSTS_0fb41ef4-5012-48a9-bf39-4ee3de03ee35_build_2500_0",
        "x-ms-client-request-id": "a4b0e002-a449-11ec-bd9b-2f43c07e25fb"
      },
      "RequestBody": null,
      "StatusCode": 200,
      "ResponseHeaders": {
        "Cache-Control": "no-cache",
        "Content-Encoding": "gzip",
        "Content-Type": "application/json; charset=utf-8",
        "Date": "Tue, 15 Mar 2022 10:21:26 GMT",
        "Expires": "-1",
        "Pragma": "no-cache",
        "Server": "Microsoft-HTTPAPI/2.0",
        "Strict-Transport-Security": "max-age=31536000; includeSubDomains",
        "Transfer-Encoding": "chunked",
        "Vary": "Accept-Encoding",
        "X-Content-Type-Options": "nosniff",
        "x-ms-correlation-request-id": "dbf57287-4f76-44a4-be75-5ce798e3c89f",
        "x-ms-ratelimit-remaining-subscription-reads": "11877",
        "x-ms-request-id": [
          "754f6a8d-8d65-43e8-a3c8-3211e61747ec",
          "754f6a8d-8d65-43e8-a3c8-3211e61747ec"
        ],
        "x-ms-routing-request-id": "CENTRALUS:20220315T102127Z:dbf57287-4f76-44a4-be75-5ce798e3c89f"
      },
      "ResponseBody": {
        "status": "Succeeded"
      }
    },
    {
      "RequestUri": "https://management.azure.com/subscriptions/00000000-0000-0000-0000-000000000000/resourceGroups/20ad2a59/providers/Microsoft.Network/firewallPolicies/firewallpolicy?api-version=2021-05-01",
      "RequestMethod": "GET",
      "RequestHeaders": {
        "Accept": "*/*",
        "Accept-Encoding": "gzip, deflate",
        "Authorization": "Sanitized",
        "Connection": "keep-alive",
        "User-Agent": "azsdk-python-azure-mgmt-network/0.0.0 Python/3.8.12 (Linux-5.11.0-1028-azure-x86_64-with-glibc2.2.5) VSTS_0fb41ef4-5012-48a9-bf39-4ee3de03ee35_build_2500_0",
        "x-ms-client-request-id": "a4b0e002-a449-11ec-bd9b-2f43c07e25fb"
      },
      "RequestBody": null,
      "StatusCode": 200,
      "ResponseHeaders": {
        "Cache-Control": "no-cache",
        "Content-Encoding": "gzip",
        "Content-Type": "application/json; charset=utf-8",
        "Date": "Tue, 15 Mar 2022 10:21:26 GMT",
        "ETag": "\u0022ba2bbed9-f96e-4b12-9e63-3776b628c7db\u0022",
        "Expires": "-1",
        "Pragma": "no-cache",
        "Server": "Microsoft-HTTPAPI/2.0",
        "Strict-Transport-Security": "max-age=31536000; includeSubDomains",
        "Transfer-Encoding": "chunked",
        "Vary": "Accept-Encoding",
        "X-Content-Type-Options": "nosniff",
        "x-ms-correlation-request-id": "61dd77d7-386c-4d31-a095-7a13ead8a694",
        "x-ms-ratelimit-remaining-subscription-reads": "11876",
        "x-ms-request-id": "61dd77d7-386c-4d31-a095-7a13ead8a694",
        "x-ms-routing-request-id": "CENTRALUS:20220315T102127Z:61dd77d7-386c-4d31-a095-7a13ead8a694"
      },
      "ResponseBody": {
        "properties": {
          "sku": {
            "tier": "Standard"
          },
          "threatIntelMode": "Alert",
          "childPolicies": [],
          "ruleCollectionGroups": [],
          "firewalls": [],
          "provisioningState": "Succeeded"
        },
        "id": "/subscriptions/00000000-0000-0000-0000-000000000000/resourceGroups/20ad2a59/providers/Microsoft.Network/firewallPolicies/firewallpolicy",
        "name": "firewallpolicy",
        "type": "Microsoft.Network/FirewallPolicies",
        "etag": "ba2bbed9-f96e-4b12-9e63-3776b628c7db",
        "location": "eastus",
        "tags": {
          "key1": "value1"
        }
      }
    },
    {
      "RequestUri": "https://management.azure.com/subscriptions/00000000-0000-0000-0000-000000000000/resourceGroups/20ad2a59/providers/Microsoft.Network/azureFirewalls/azurefirewall?api-version=2021-05-01",
      "RequestMethod": "PUT",
      "RequestHeaders": {
        "Accept": "application/json",
        "Accept-Encoding": "gzip, deflate",
        "Authorization": "Sanitized",
        "Connection": "keep-alive",
        "Content-Length": "510",
        "Content-Type": "application/json",
        "User-Agent": "azsdk-python-azure-mgmt-network/0.0.0 Python/3.8.12 (Linux-5.11.0-1028-azure-x86_64-with-glibc2.2.5) VSTS_0fb41ef4-5012-48a9-bf39-4ee3de03ee35_build_2500_0",
        "x-ms-client-request-id": "ac4f33a4-a449-11ec-bd9b-2f43c07e25fb"
      },
      "RequestBody": {
        "location": "West US",
        "tags": {
          "key1": "value1"
        },
        "zones": [],
        "properties": {
          "virtualHub": {
            "id": "/subscriptions/00000000-0000-0000-0000-000000000000/resourceGroups/20ad2a59/providers/Microsoft.Network/virtualHubs/virtualhub"
          },
          "firewallPolicy": {
            "id": "/subscriptions/00000000-0000-0000-0000-000000000000/resourceGroups/20ad2a59/providers/Microsoft.Network/firewallPolicies/firewallpolicy"
          },
          "hubIPAddresses": {
            "publicIPs": {
              "addresses": [],
              "count": 1
            }
          },
          "sku": {
            "name": "AZFW_Hub",
            "tier": "Standard"
          }
        }
      },
      "StatusCode": 201,
      "ResponseHeaders": {
        "Azure-AsyncNotification": "Enabled",
        "Azure-AsyncOperation": "https://management.azure.com/subscriptions/00000000-0000-0000-0000-000000000000/providers/Microsoft.Network/locations/westus/operations/0fea5ed9-fc50-4964-9a63-60328ad896fa?api-version=2021-05-01",
        "Cache-Control": "no-cache",
        "Content-Length": "981",
        "Content-Type": "application/json; charset=utf-8",
        "Date": "Tue, 15 Mar 2022 10:21:30 GMT",
        "Expires": "-1",
        "Pragma": "no-cache",
        "Retry-After": "10",
        "Server": [
          "Microsoft-HTTPAPI/2.0",
          "Microsoft-HTTPAPI/2.0"
        ],
        "Strict-Transport-Security": "max-age=31536000; includeSubDomains",
        "X-Content-Type-Options": "nosniff",
        "x-ms-arm-service-request-id": "7e9269a0-8a2d-4d7d-93be-c681c7e32729",
        "x-ms-correlation-request-id": "7651b830-2a13-4fa9-aff9-5b2b167c3048",
        "x-ms-ratelimit-remaining-subscription-writes": "1179",
        "x-ms-request-id": "0fea5ed9-fc50-4964-9a63-60328ad896fa",
        "x-ms-routing-request-id": "CENTRALUS:20220315T102131Z:7651b830-2a13-4fa9-aff9-5b2b167c3048"
      },
      "ResponseBody": {
        "name": "azurefirewall",
        "id": "/subscriptions/00000000-0000-0000-0000-000000000000/resourceGroups/20ad2a59/providers/Microsoft.Network/azureFirewalls/azurefirewall",
        "etag": "W/\u0022f60f2099-cb26-4a1e-b242-b11fad63f5a6\u0022",
        "type": "Microsoft.Network/azureFirewalls",
        "location": "westus",
        "tags": {
          "key1": "value1"
        },
        "properties": {
          "provisioningState": "Updating",
          "sku": {
            "name": "AZFW_Hub",
            "tier": "Standard"
          },
          "additionalProperties": {},
          "virtualHub": {
            "id": "/subscriptions/00000000-0000-0000-0000-000000000000/resourceGroups/20ad2a59/providers/Microsoft.Network/virtualHubs/virtualhub"
          },
          "hubIPAddresses": {
            "publicIPs": {
              "addresses": [],
              "count": 1
            }
          },
          "firewallPolicy": {
            "id": "/subscriptions/00000000-0000-0000-0000-000000000000/resourceGroups/20ad2a59/providers/Microsoft.Network/firewallPolicies/firewallpolicy"
          }
        }
      }
    },
    {
      "RequestUri": "https://management.azure.com/subscriptions/00000000-0000-0000-0000-000000000000/providers/Microsoft.Network/locations/westus/operations/0fea5ed9-fc50-4964-9a63-60328ad896fa?api-version=2021-05-01",
      "RequestMethod": "GET",
      "RequestHeaders": {
        "Accept": "*/*",
        "Accept-Encoding": "gzip, deflate",
        "Authorization": "Sanitized",
        "Connection": "keep-alive",
        "User-Agent": "azsdk-python-azure-mgmt-network/0.0.0 Python/3.8.12 (Linux-5.11.0-1028-azure-x86_64-with-glibc2.2.5) VSTS_0fb41ef4-5012-48a9-bf39-4ee3de03ee35_build_2500_0",
        "x-ms-client-request-id": "ac4f33a4-a449-11ec-bd9b-2f43c07e25fb"
      },
      "RequestBody": null,
      "StatusCode": 200,
      "ResponseHeaders": {
        "Cache-Control": "no-cache",
        "Content-Encoding": "gzip",
        "Content-Type": "application/json; charset=utf-8",
        "Date": "Tue, 15 Mar 2022 10:21:40 GMT",
        "Expires": "-1",
        "Pragma": "no-cache",
        "Retry-After": "10",
        "Server": [
          "Microsoft-HTTPAPI/2.0",
          "Microsoft-HTTPAPI/2.0"
        ],
        "Strict-Transport-Security": "max-age=31536000; includeSubDomains",
        "Transfer-Encoding": "chunked",
        "Vary": "Accept-Encoding",
        "X-Content-Type-Options": "nosniff",
        "x-ms-arm-service-request-id": "2e25b6fb-f143-45ca-acb1-7fe8d4e080a2",
        "x-ms-correlation-request-id": "d37193ca-da78-4e18-91b7-ea6239d52752",
        "x-ms-ratelimit-remaining-subscription-reads": "11875",
        "x-ms-request-id": "453a6405-9c67-4bc0-84eb-d36de983882e",
        "x-ms-routing-request-id": "CENTRALUS:20220315T102141Z:d37193ca-da78-4e18-91b7-ea6239d52752"
      },
      "ResponseBody": {
        "status": "InProgress"
      }
    },
    {
      "RequestUri": "https://management.azure.com/subscriptions/00000000-0000-0000-0000-000000000000/providers/Microsoft.Network/locations/westus/operations/0fea5ed9-fc50-4964-9a63-60328ad896fa?api-version=2021-05-01",
      "RequestMethod": "GET",
      "RequestHeaders": {
        "Accept": "*/*",
        "Accept-Encoding": "gzip, deflate",
        "Authorization": "Sanitized",
        "Connection": "keep-alive",
        "User-Agent": "azsdk-python-azure-mgmt-network/0.0.0 Python/3.8.12 (Linux-5.11.0-1028-azure-x86_64-with-glibc2.2.5) VSTS_0fb41ef4-5012-48a9-bf39-4ee3de03ee35_build_2500_0",
        "x-ms-client-request-id": "ac4f33a4-a449-11ec-bd9b-2f43c07e25fb"
      },
      "RequestBody": null,
      "StatusCode": 200,
      "ResponseHeaders": {
        "Cache-Control": "no-cache",
        "Content-Encoding": "gzip",
        "Content-Type": "application/json; charset=utf-8",
        "Date": "Tue, 15 Mar 2022 10:21:50 GMT",
        "Expires": "-1",
        "Pragma": "no-cache",
        "Retry-After": "20",
        "Server": [
          "Microsoft-HTTPAPI/2.0",
          "Microsoft-HTTPAPI/2.0"
        ],
        "Strict-Transport-Security": "max-age=31536000; includeSubDomains",
        "Transfer-Encoding": "chunked",
        "Vary": "Accept-Encoding",
        "X-Content-Type-Options": "nosniff",
        "x-ms-arm-service-request-id": "c105c1d5-f11e-45bb-a1ca-bcb12f15f84e",
        "x-ms-correlation-request-id": "a019eb31-5376-4fe4-ab4e-d5e780613b85",
        "x-ms-ratelimit-remaining-subscription-reads": "11874",
        "x-ms-request-id": "80374af1-b5f8-4fac-b02e-6ea8ff8abbfc",
        "x-ms-routing-request-id": "CENTRALUS:20220315T102151Z:a019eb31-5376-4fe4-ab4e-d5e780613b85"
      },
      "ResponseBody": {
        "status": "InProgress"
      }
    },
    {
      "RequestUri": "https://management.azure.com/subscriptions/00000000-0000-0000-0000-000000000000/providers/Microsoft.Network/locations/westus/operations/0fea5ed9-fc50-4964-9a63-60328ad896fa?api-version=2021-05-01",
      "RequestMethod": "GET",
      "RequestHeaders": {
        "Accept": "*/*",
        "Accept-Encoding": "gzip, deflate",
        "Authorization": "Sanitized",
        "Connection": "keep-alive",
        "User-Agent": "azsdk-python-azure-mgmt-network/0.0.0 Python/3.8.12 (Linux-5.11.0-1028-azure-x86_64-with-glibc2.2.5) VSTS_0fb41ef4-5012-48a9-bf39-4ee3de03ee35_build_2500_0",
        "x-ms-client-request-id": "ac4f33a4-a449-11ec-bd9b-2f43c07e25fb"
      },
      "RequestBody": null,
      "StatusCode": 200,
      "ResponseHeaders": {
        "Cache-Control": "no-cache",
        "Content-Encoding": "gzip",
        "Content-Type": "application/json; charset=utf-8",
        "Date": "Tue, 15 Mar 2022 10:22:11 GMT",
        "Expires": "-1",
        "Pragma": "no-cache",
        "Retry-After": "20",
        "Server": [
          "Microsoft-HTTPAPI/2.0",
          "Microsoft-HTTPAPI/2.0"
        ],
        "Strict-Transport-Security": "max-age=31536000; includeSubDomains",
        "Transfer-Encoding": "chunked",
        "Vary": "Accept-Encoding",
        "X-Content-Type-Options": "nosniff",
        "x-ms-arm-service-request-id": "a61ee7c4-de24-4a9b-911d-a76ef77713d3",
        "x-ms-correlation-request-id": "f842f24b-3544-4dfd-86f7-25442c59ffa7",
        "x-ms-ratelimit-remaining-subscription-reads": "11873",
        "x-ms-request-id": "2e3a9020-034d-4253-bd5f-c6070109b63f",
        "x-ms-routing-request-id": "CENTRALUS:20220315T102211Z:f842f24b-3544-4dfd-86f7-25442c59ffa7"
      },
      "ResponseBody": {
        "status": "InProgress"
      }
    },
    {
      "RequestUri": "https://management.azure.com/subscriptions/00000000-0000-0000-0000-000000000000/providers/Microsoft.Network/locations/westus/operations/0fea5ed9-fc50-4964-9a63-60328ad896fa?api-version=2021-05-01",
      "RequestMethod": "GET",
      "RequestHeaders": {
        "Accept": "*/*",
        "Accept-Encoding": "gzip, deflate",
        "Authorization": "Sanitized",
        "Connection": "keep-alive",
        "User-Agent": "azsdk-python-azure-mgmt-network/0.0.0 Python/3.8.12 (Linux-5.11.0-1028-azure-x86_64-with-glibc2.2.5) VSTS_0fb41ef4-5012-48a9-bf39-4ee3de03ee35_build_2500_0",
        "x-ms-client-request-id": "ac4f33a4-a449-11ec-bd9b-2f43c07e25fb"
      },
      "RequestBody": null,
      "StatusCode": 200,
      "ResponseHeaders": {
        "Cache-Control": "no-cache",
        "Content-Encoding": "gzip",
        "Content-Type": "application/json; charset=utf-8",
        "Date": "Tue, 15 Mar 2022 10:22:31 GMT",
        "Expires": "-1",
        "Pragma": "no-cache",
        "Retry-After": "40",
        "Server": [
          "Microsoft-HTTPAPI/2.0",
          "Microsoft-HTTPAPI/2.0"
        ],
        "Strict-Transport-Security": "max-age=31536000; includeSubDomains",
        "Transfer-Encoding": "chunked",
        "Vary": "Accept-Encoding",
        "X-Content-Type-Options": "nosniff",
        "x-ms-arm-service-request-id": "6a32a007-cfda-4431-a751-c2c803141a07",
        "x-ms-correlation-request-id": "2cd99187-4e7a-4003-8e83-2381883b9edd",
        "x-ms-ratelimit-remaining-subscription-reads": "11872",
        "x-ms-request-id": "4bb1a2ad-caea-4d1e-9214-550a3ffdf5d2",
        "x-ms-routing-request-id": "CENTRALUS:20220315T102231Z:2cd99187-4e7a-4003-8e83-2381883b9edd"
      },
      "ResponseBody": {
        "status": "InProgress"
      }
    },
    {
      "RequestUri": "https://management.azure.com/subscriptions/00000000-0000-0000-0000-000000000000/providers/Microsoft.Network/locations/westus/operations/0fea5ed9-fc50-4964-9a63-60328ad896fa?api-version=2021-05-01",
      "RequestMethod": "GET",
      "RequestHeaders": {
        "Accept": "*/*",
        "Accept-Encoding": "gzip, deflate",
        "Authorization": "Sanitized",
        "Connection": "keep-alive",
        "User-Agent": "azsdk-python-azure-mgmt-network/0.0.0 Python/3.8.12 (Linux-5.11.0-1028-azure-x86_64-with-glibc2.2.5) VSTS_0fb41ef4-5012-48a9-bf39-4ee3de03ee35_build_2500_0",
        "x-ms-client-request-id": "ac4f33a4-a449-11ec-bd9b-2f43c07e25fb"
      },
      "RequestBody": null,
      "StatusCode": 200,
      "ResponseHeaders": {
        "Cache-Control": "no-cache",
        "Content-Encoding": "gzip",
        "Content-Type": "application/json; charset=utf-8",
        "Date": "Tue, 15 Mar 2022 10:23:11 GMT",
        "Expires": "-1",
        "Pragma": "no-cache",
        "Retry-After": "40",
        "Server": [
          "Microsoft-HTTPAPI/2.0",
          "Microsoft-HTTPAPI/2.0"
        ],
        "Strict-Transport-Security": "max-age=31536000; includeSubDomains",
        "Transfer-Encoding": "chunked",
        "Vary": "Accept-Encoding",
        "X-Content-Type-Options": "nosniff",
        "x-ms-arm-service-request-id": "c692684c-e541-456e-8287-fee256926eaf",
        "x-ms-correlation-request-id": "59f6723e-060c-4811-b5e1-9da194149ec3",
        "x-ms-ratelimit-remaining-subscription-reads": "11871",
        "x-ms-request-id": "8ce2e8f8-4a56-435c-93dd-e15a764404fe",
        "x-ms-routing-request-id": "CENTRALUS:20220315T102311Z:59f6723e-060c-4811-b5e1-9da194149ec3"
      },
      "ResponseBody": {
        "status": "InProgress"
      }
    },
    {
      "RequestUri": "https://management.azure.com/subscriptions/00000000-0000-0000-0000-000000000000/providers/Microsoft.Network/locations/westus/operations/0fea5ed9-fc50-4964-9a63-60328ad896fa?api-version=2021-05-01",
      "RequestMethod": "GET",
      "RequestHeaders": {
        "Accept": "*/*",
        "Accept-Encoding": "gzip, deflate",
        "Authorization": "Sanitized",
        "Connection": "keep-alive",
        "User-Agent": "azsdk-python-azure-mgmt-network/0.0.0 Python/3.8.12 (Linux-5.11.0-1028-azure-x86_64-with-glibc2.2.5) VSTS_0fb41ef4-5012-48a9-bf39-4ee3de03ee35_build_2500_0",
        "x-ms-client-request-id": "ac4f33a4-a449-11ec-bd9b-2f43c07e25fb"
      },
      "RequestBody": null,
      "StatusCode": 200,
      "ResponseHeaders": {
        "Cache-Control": "no-cache",
        "Content-Encoding": "gzip",
        "Content-Type": "application/json; charset=utf-8",
        "Date": "Tue, 15 Mar 2022 10:23:51 GMT",
        "Expires": "-1",
        "Pragma": "no-cache",
        "Retry-After": "80",
        "Server": [
          "Microsoft-HTTPAPI/2.0",
          "Microsoft-HTTPAPI/2.0"
        ],
        "Strict-Transport-Security": "max-age=31536000; includeSubDomains",
        "Transfer-Encoding": "chunked",
        "Vary": "Accept-Encoding",
        "X-Content-Type-Options": "nosniff",
        "x-ms-arm-service-request-id": "91e5175d-fddf-4a86-aab9-19f7c3127a04",
        "x-ms-correlation-request-id": "142e7b3d-4cde-48c0-ae1b-87681fad9fb9",
        "x-ms-ratelimit-remaining-subscription-reads": "11870",
        "x-ms-request-id": "3de1386e-1aec-4c18-8348-1c9940ea8aa1",
        "x-ms-routing-request-id": "CENTRALUS:20220315T102352Z:142e7b3d-4cde-48c0-ae1b-87681fad9fb9"
      },
      "ResponseBody": {
        "status": "InProgress"
      }
    },
    {
      "RequestUri": "https://management.azure.com/subscriptions/00000000-0000-0000-0000-000000000000/providers/Microsoft.Network/locations/westus/operations/0fea5ed9-fc50-4964-9a63-60328ad896fa?api-version=2021-05-01",
      "RequestMethod": "GET",
      "RequestHeaders": {
        "Accept": "*/*",
        "Accept-Encoding": "gzip, deflate",
        "Authorization": "Sanitized",
        "Connection": "keep-alive",
        "User-Agent": "azsdk-python-azure-mgmt-network/0.0.0 Python/3.8.12 (Linux-5.11.0-1028-azure-x86_64-with-glibc2.2.5) VSTS_0fb41ef4-5012-48a9-bf39-4ee3de03ee35_build_2500_0",
        "x-ms-client-request-id": "ac4f33a4-a449-11ec-bd9b-2f43c07e25fb"
      },
      "RequestBody": null,
      "StatusCode": 200,
      "ResponseHeaders": {
        "Cache-Control": "no-cache",
        "Content-Encoding": "gzip",
        "Content-Type": "application/json; charset=utf-8",
        "Date": "Tue, 15 Mar 2022 10:25:11 GMT",
        "Expires": "-1",
        "Pragma": "no-cache",
        "Retry-After": "160",
        "Server": [
          "Microsoft-HTTPAPI/2.0",
          "Microsoft-HTTPAPI/2.0"
        ],
        "Strict-Transport-Security": "max-age=31536000; includeSubDomains",
        "Transfer-Encoding": "chunked",
        "Vary": "Accept-Encoding",
        "X-Content-Type-Options": "nosniff",
        "x-ms-arm-service-request-id": "1a1e112a-d36f-4cb7-bdd0-ce710dd7e095",
        "x-ms-correlation-request-id": "50314c2b-484f-4498-a931-0e8c9a82fb3a",
        "x-ms-ratelimit-remaining-subscription-reads": "11872",
        "x-ms-request-id": "b9e4e2cc-2c7d-413e-b299-9c2e6f9d591b",
        "x-ms-routing-request-id": "CENTRALUS:20220315T102512Z:50314c2b-484f-4498-a931-0e8c9a82fb3a"
      },
      "ResponseBody": {
        "status": "InProgress"
      }
    },
    {
      "RequestUri": "https://management.azure.com/subscriptions/00000000-0000-0000-0000-000000000000/providers/Microsoft.Network/locations/westus/operations/0fea5ed9-fc50-4964-9a63-60328ad896fa?api-version=2021-05-01",
      "RequestMethod": "GET",
      "RequestHeaders": {
        "Accept": "*/*",
        "Accept-Encoding": "gzip, deflate",
        "Authorization": "Sanitized",
        "Connection": "keep-alive",
        "User-Agent": "azsdk-python-azure-mgmt-network/0.0.0 Python/3.8.12 (Linux-5.11.0-1028-azure-x86_64-with-glibc2.2.5) VSTS_0fb41ef4-5012-48a9-bf39-4ee3de03ee35_build_2500_0",
        "x-ms-client-request-id": "ac4f33a4-a449-11ec-bd9b-2f43c07e25fb"
      },
      "RequestBody": null,
      "StatusCode": 200,
      "ResponseHeaders": {
        "Cache-Control": "no-cache",
        "Content-Encoding": "gzip",
        "Content-Type": "application/json; charset=utf-8",
        "Date": "Tue, 15 Mar 2022 10:27:52 GMT",
        "Expires": "-1",
        "Pragma": "no-cache",
        "Retry-After": "100",
        "Server": [
          "Microsoft-HTTPAPI/2.0",
          "Microsoft-HTTPAPI/2.0"
        ],
        "Strict-Transport-Security": "max-age=31536000; includeSubDomains",
        "Transfer-Encoding": "chunked",
        "Vary": "Accept-Encoding",
        "X-Content-Type-Options": "nosniff",
        "x-ms-arm-service-request-id": "0cd93b94-c5b0-4fd0-8010-f87c405250a6",
        "x-ms-correlation-request-id": "e87b1fb0-aa53-42fb-a14f-1faf49cd9cd3",
        "x-ms-ratelimit-remaining-subscription-reads": "11871",
        "x-ms-request-id": "4e093d25-7b96-4045-9f29-97ce3345bee4",
        "x-ms-routing-request-id": "CENTRALUS:20220315T102752Z:e87b1fb0-aa53-42fb-a14f-1faf49cd9cd3"
      },
      "ResponseBody": {
        "status": "InProgress"
      }
    },
    {
      "RequestUri": "https://management.azure.com/subscriptions/00000000-0000-0000-0000-000000000000/providers/Microsoft.Network/locations/westus/operations/0fea5ed9-fc50-4964-9a63-60328ad896fa?api-version=2021-05-01",
      "RequestMethod": "GET",
      "RequestHeaders": {
        "Accept": "*/*",
        "Accept-Encoding": "gzip, deflate",
        "Authorization": "Sanitized",
        "Connection": "keep-alive",
        "User-Agent": "azsdk-python-azure-mgmt-network/0.0.0 Python/3.8.12 (Linux-5.11.0-1028-azure-x86_64-with-glibc2.2.5) VSTS_0fb41ef4-5012-48a9-bf39-4ee3de03ee35_build_2500_0",
        "x-ms-client-request-id": "ac4f33a4-a449-11ec-bd9b-2f43c07e25fb"
      },
      "RequestBody": null,
      "StatusCode": 200,
      "ResponseHeaders": {
        "Cache-Control": "no-cache",
        "Content-Encoding": "gzip",
        "Content-Type": "application/json; charset=utf-8",
        "Date": "Tue, 15 Mar 2022 10:29:31 GMT",
        "Expires": "-1",
        "Pragma": "no-cache",
        "Retry-After": "100",
        "Server": [
          "Microsoft-HTTPAPI/2.0",
          "Microsoft-HTTPAPI/2.0"
        ],
        "Strict-Transport-Security": "max-age=31536000; includeSubDomains",
        "Transfer-Encoding": "chunked",
        "Vary": "Accept-Encoding",
        "X-Content-Type-Options": "nosniff",
        "x-ms-arm-service-request-id": "15475581-5811-40d1-be7a-63cb6c73a25f",
        "x-ms-correlation-request-id": "78655079-b3df-4efe-8572-f8e7bf72a7ab",
        "x-ms-ratelimit-remaining-subscription-reads": "11870",
        "x-ms-request-id": "eec1d74f-4756-47db-862a-1c8d3b1119d0",
        "x-ms-routing-request-id": "CENTRALUS:20220315T102932Z:78655079-b3df-4efe-8572-f8e7bf72a7ab"
      },
      "ResponseBody": {
        "status": "InProgress"
      }
    },
    {
      "RequestUri": "https://management.azure.com/subscriptions/00000000-0000-0000-0000-000000000000/providers/Microsoft.Network/locations/westus/operations/0fea5ed9-fc50-4964-9a63-60328ad896fa?api-version=2021-05-01",
      "RequestMethod": "GET",
      "RequestHeaders": {
        "Accept": "*/*",
        "Accept-Encoding": "gzip, deflate",
        "Authorization": "Sanitized",
        "Connection": "keep-alive",
        "User-Agent": "azsdk-python-azure-mgmt-network/0.0.0 Python/3.8.12 (Linux-5.11.0-1028-azure-x86_64-with-glibc2.2.5) VSTS_0fb41ef4-5012-48a9-bf39-4ee3de03ee35_build_2500_0",
        "x-ms-client-request-id": "ac4f33a4-a449-11ec-bd9b-2f43c07e25fb"
      },
      "RequestBody": null,
      "StatusCode": 200,
      "ResponseHeaders": {
        "Cache-Control": "no-cache",
        "Content-Encoding": "gzip",
        "Content-Type": "application/json; charset=utf-8",
        "Date": "Tue, 15 Mar 2022 10:31:12 GMT",
        "Expires": "-1",
        "Pragma": "no-cache",
        "Retry-After": "100",
        "Server": [
          "Microsoft-HTTPAPI/2.0",
          "Microsoft-HTTPAPI/2.0"
        ],
        "Strict-Transport-Security": "max-age=31536000; includeSubDomains",
        "Transfer-Encoding": "chunked",
        "Vary": "Accept-Encoding",
        "X-Content-Type-Options": "nosniff",
        "x-ms-arm-service-request-id": "2d49f117-76c9-4ca7-b6fb-81a952544934",
        "x-ms-correlation-request-id": "1692a009-8a26-465b-a0ee-64102b300e43",
        "x-ms-ratelimit-remaining-subscription-reads": "11872",
        "x-ms-request-id": "536b5563-05df-4d13-a91b-c37a9748f741",
        "x-ms-routing-request-id": "CENTRALUS:20220315T103112Z:1692a009-8a26-465b-a0ee-64102b300e43"
      },
      "ResponseBody": {
        "status": "InProgress"
      }
    },
    {
      "RequestUri": "https://management.azure.com/subscriptions/00000000-0000-0000-0000-000000000000/providers/Microsoft.Network/locations/westus/operations/0fea5ed9-fc50-4964-9a63-60328ad896fa?api-version=2021-05-01",
      "RequestMethod": "GET",
      "RequestHeaders": {
        "Accept": "*/*",
        "Accept-Encoding": "gzip, deflate",
        "Authorization": "Sanitized",
        "Connection": "keep-alive",
        "User-Agent": "azsdk-python-azure-mgmt-network/0.0.0 Python/3.8.12 (Linux-5.11.0-1028-azure-x86_64-with-glibc2.2.5) VSTS_0fb41ef4-5012-48a9-bf39-4ee3de03ee35_build_2500_0",
        "x-ms-client-request-id": "ac4f33a4-a449-11ec-bd9b-2f43c07e25fb"
      },
      "RequestBody": null,
      "StatusCode": 200,
      "ResponseHeaders": {
        "Cache-Control": "no-cache",
        "Content-Encoding": "gzip",
        "Content-Type": "application/json; charset=utf-8",
        "Date": "Tue, 15 Mar 2022 10:32:52 GMT",
        "Expires": "-1",
        "Pragma": "no-cache",
        "Retry-After": "100",
        "Server": [
          "Microsoft-HTTPAPI/2.0",
          "Microsoft-HTTPAPI/2.0"
        ],
        "Strict-Transport-Security": "max-age=31536000; includeSubDomains",
        "Transfer-Encoding": "chunked",
        "Vary": "Accept-Encoding",
        "X-Content-Type-Options": "nosniff",
        "x-ms-arm-service-request-id": "e1d43bf3-153f-4aa6-bff3-758a946424a5",
        "x-ms-correlation-request-id": "4ca24e75-ab7b-4f2f-b9b5-d9ad4d259bd3",
        "x-ms-ratelimit-remaining-subscription-reads": "11871",
        "x-ms-request-id": "260a55df-e1a6-439f-be43-1f38fdfaee53",
        "x-ms-routing-request-id": "CENTRALUS:20220315T103253Z:4ca24e75-ab7b-4f2f-b9b5-d9ad4d259bd3"
      },
      "ResponseBody": {
        "status": "InProgress"
      }
    },
    {
      "RequestUri": "https://management.azure.com/subscriptions/00000000-0000-0000-0000-000000000000/providers/Microsoft.Network/locations/westus/operations/0fea5ed9-fc50-4964-9a63-60328ad896fa?api-version=2021-05-01",
      "RequestMethod": "GET",
      "RequestHeaders": {
        "Accept": "*/*",
        "Accept-Encoding": "gzip, deflate",
        "Authorization": "Sanitized",
        "Connection": "keep-alive",
        "User-Agent": "azsdk-python-azure-mgmt-network/0.0.0 Python/3.8.12 (Linux-5.11.0-1028-azure-x86_64-with-glibc2.2.5) VSTS_0fb41ef4-5012-48a9-bf39-4ee3de03ee35_build_2500_0",
        "x-ms-client-request-id": "ac4f33a4-a449-11ec-bd9b-2f43c07e25fb"
      },
      "RequestBody": null,
      "StatusCode": 200,
      "ResponseHeaders": {
        "Cache-Control": "no-cache",
        "Content-Encoding": "gzip",
        "Content-Type": "application/json; charset=utf-8",
        "Date": "Tue, 15 Mar 2022 10:34:33 GMT",
        "Expires": "-1",
        "Pragma": "no-cache",
        "Retry-After": "100",
        "Server": [
          "Microsoft-HTTPAPI/2.0",
          "Microsoft-HTTPAPI/2.0"
        ],
        "Strict-Transport-Security": "max-age=31536000; includeSubDomains",
        "Transfer-Encoding": "chunked",
        "Vary": "Accept-Encoding",
        "X-Content-Type-Options": "nosniff",
        "x-ms-arm-service-request-id": "1f6061d9-7907-45e2-b316-44fced00c217",
        "x-ms-correlation-request-id": "06c5bc7a-1991-4dc1-9d4d-196f28510720",
        "x-ms-ratelimit-remaining-subscription-reads": "11870",
        "x-ms-request-id": "a7b76d40-d531-4db4-8818-7ebe88f4fc25",
        "x-ms-routing-request-id": "CENTRALUS:20220315T103433Z:06c5bc7a-1991-4dc1-9d4d-196f28510720"
      },
      "ResponseBody": {
        "status": "InProgress"
      }
    },
    {
      "RequestUri": "https://management.azure.com/subscriptions/00000000-0000-0000-0000-000000000000/providers/Microsoft.Network/locations/westus/operations/0fea5ed9-fc50-4964-9a63-60328ad896fa?api-version=2021-05-01",
      "RequestMethod": "GET",
      "RequestHeaders": {
        "Accept": "*/*",
        "Accept-Encoding": "gzip, deflate",
        "Authorization": "Sanitized",
        "Connection": "keep-alive",
        "User-Agent": "azsdk-python-azure-mgmt-network/0.0.0 Python/3.8.12 (Linux-5.11.0-1028-azure-x86_64-with-glibc2.2.5) VSTS_0fb41ef4-5012-48a9-bf39-4ee3de03ee35_build_2500_0",
        "x-ms-client-request-id": "ac4f33a4-a449-11ec-bd9b-2f43c07e25fb"
      },
      "RequestBody": null,
      "StatusCode": 200,
      "ResponseHeaders": {
        "Cache-Control": "no-cache",
        "Content-Encoding": "gzip",
        "Content-Type": "application/json; charset=utf-8",
        "Date": "Tue, 15 Mar 2022 10:36:13 GMT",
        "Expires": "-1",
        "Pragma": "no-cache",
        "Server": [
          "Microsoft-HTTPAPI/2.0",
          "Microsoft-HTTPAPI/2.0"
        ],
        "Strict-Transport-Security": "max-age=31536000; includeSubDomains",
        "Transfer-Encoding": "chunked",
        "Vary": "Accept-Encoding",
        "X-Content-Type-Options": "nosniff",
        "x-ms-arm-service-request-id": "58be8491-759b-4bbd-b414-afbb7877973d",
        "x-ms-correlation-request-id": "f89e95bd-93b3-4159-9549-3c7f6289e6c8",
        "x-ms-ratelimit-remaining-subscription-reads": "11872",
        "x-ms-request-id": "dde3772b-16d9-4842-a799-9a66f433d974",
        "x-ms-routing-request-id": "CENTRALUS:20220315T103613Z:f89e95bd-93b3-4159-9549-3c7f6289e6c8"
      },
      "ResponseBody": {
        "status": "Succeeded"
      }
    },
    {
      "RequestUri": "https://management.azure.com/subscriptions/00000000-0000-0000-0000-000000000000/resourceGroups/20ad2a59/providers/Microsoft.Network/azureFirewalls/azurefirewall?api-version=2021-05-01",
      "RequestMethod": "GET",
      "RequestHeaders": {
        "Accept": "*/*",
        "Accept-Encoding": "gzip, deflate",
        "Authorization": "Sanitized",
        "Connection": "keep-alive",
        "User-Agent": "azsdk-python-azure-mgmt-network/0.0.0 Python/3.8.12 (Linux-5.11.0-1028-azure-x86_64-with-glibc2.2.5) VSTS_0fb41ef4-5012-48a9-bf39-4ee3de03ee35_build_2500_0",
        "x-ms-client-request-id": "ac4f33a4-a449-11ec-bd9b-2f43c07e25fb"
      },
      "RequestBody": null,
      "StatusCode": 200,
      "ResponseHeaders": {
        "Cache-Control": "no-cache",
        "Content-Encoding": "gzip",
        "Content-Type": "application/json; charset=utf-8",
        "Date": "Tue, 15 Mar 2022 10:36:13 GMT",
        "ETag": "W/\u0022e57596cb-4db1-4094-8cf1-e4420b1d602f\u0022",
        "Expires": "-1",
        "Pragma": "no-cache",
        "Server": [
          "Microsoft-HTTPAPI/2.0",
          "Microsoft-HTTPAPI/2.0"
        ],
        "Strict-Transport-Security": "max-age=31536000; includeSubDomains",
        "Transfer-Encoding": "chunked",
        "Vary": "Accept-Encoding",
        "X-Content-Type-Options": "nosniff",
        "x-ms-arm-service-request-id": "2c06c4f9-cf62-4b73-98de-19dbff0642cd",
        "x-ms-correlation-request-id": "87c6744b-188a-4cd8-a6a7-8494e89a85db",
        "x-ms-ratelimit-remaining-subscription-reads": "11871",
        "x-ms-request-id": "ebc028ed-0fad-4036-9fec-743e4c88d570",
        "x-ms-routing-request-id": "CENTRALUS:20220315T103613Z:87c6744b-188a-4cd8-a6a7-8494e89a85db"
      },
      "ResponseBody": {
        "name": "azurefirewall",
        "id": "/subscriptions/00000000-0000-0000-0000-000000000000/resourceGroups/20ad2a59/providers/Microsoft.Network/azureFirewalls/azurefirewall",
        "etag": "W/\u0022e57596cb-4db1-4094-8cf1-e4420b1d602f\u0022",
        "type": "Microsoft.Network/azureFirewalls",
        "location": "westus",
        "tags": {
          "key1": "value1"
        },
        "properties": {
          "provisioningState": "Succeeded",
          "sku": {
            "name": "AZFW_Hub",
            "tier": "Standard"
          },
          "additionalProperties": {},
          "virtualHub": {
            "id": "/subscriptions/00000000-0000-0000-0000-000000000000/resourceGroups/20ad2a59/providers/Microsoft.Network/virtualHubs/virtualhub"
          },
          "hubIPAddresses": {
            "privateIPAddress": "10.168.0.132",
            "publicIPs": {
              "addresses": [
                {
                  "address": "13.91.163.28"
                }
              ],
              "count": 1
            }
          },
          "firewallPolicy": {
            "id": "/subscriptions/00000000-0000-0000-0000-000000000000/resourceGroups/20ad2a59/providers/Microsoft.Network/firewallPolicies/firewallpolicy"
          }
        }
      }
    },
    {
      "RequestUri": "https://management.azure.com/subscriptions/00000000-0000-0000-0000-000000000000/resourceGroups/20ad2a59/providers/Microsoft.Network/azureFirewalls/azurefirewall?api-version=2021-05-01",
      "RequestMethod": "GET",
      "RequestHeaders": {
        "Accept": "application/json",
        "Accept-Encoding": "gzip, deflate",
        "Authorization": "Sanitized",
        "Connection": "keep-alive",
        "User-Agent": "azsdk-python-azure-mgmt-network/0.0.0 Python/3.8.12 (Linux-5.11.0-1028-azure-x86_64-with-glibc2.2.5) VSTS_0fb41ef4-5012-48a9-bf39-4ee3de03ee35_build_2500_0",
        "x-ms-client-request-id": "bcb5a83e-a44b-11ec-bd9b-2f43c07e25fb"
      },
      "RequestBody": null,
      "StatusCode": 200,
      "ResponseHeaders": {
        "Cache-Control": "no-cache",
        "Content-Encoding": "gzip",
        "Content-Type": "application/json; charset=utf-8",
        "Date": "Tue, 15 Mar 2022 10:36:13 GMT",
        "ETag": "W/\u0022e57596cb-4db1-4094-8cf1-e4420b1d602f\u0022",
        "Expires": "-1",
        "Pragma": "no-cache",
        "Server": [
          "Microsoft-HTTPAPI/2.0",
          "Microsoft-HTTPAPI/2.0"
        ],
        "Strict-Transport-Security": "max-age=31536000; includeSubDomains",
        "Transfer-Encoding": "chunked",
        "Vary": "Accept-Encoding",
        "X-Content-Type-Options": "nosniff",
        "x-ms-arm-service-request-id": "a3504a15-c8b4-4262-b5a0-eb1e33805e7d",
        "x-ms-correlation-request-id": "4a958e33-c283-4938-a41f-75cecb0add49",
        "x-ms-ratelimit-remaining-subscription-reads": "11870",
        "x-ms-request-id": "f33ef16c-8775-462b-9097-d8bd79ec45be",
        "x-ms-routing-request-id": "CENTRALUS:20220315T103613Z:4a958e33-c283-4938-a41f-75cecb0add49"
      },
      "ResponseBody": {
        "name": "azurefirewall",
        "id": "/subscriptions/00000000-0000-0000-0000-000000000000/resourceGroups/20ad2a59/providers/Microsoft.Network/azureFirewalls/azurefirewall",
        "etag": "W/\u0022e57596cb-4db1-4094-8cf1-e4420b1d602f\u0022",
        "type": "Microsoft.Network/azureFirewalls",
        "location": "westus",
        "tags": {
          "key1": "value1"
        },
        "properties": {
          "provisioningState": "Succeeded",
          "sku": {
            "name": "AZFW_Hub",
            "tier": "Standard"
          },
          "additionalProperties": {},
          "virtualHub": {
            "id": "/subscriptions/00000000-0000-0000-0000-000000000000/resourceGroups/20ad2a59/providers/Microsoft.Network/virtualHubs/virtualhub"
          },
          "hubIPAddresses": {
            "privateIPAddress": "10.168.0.132",
            "publicIPs": {
              "addresses": [
                {
                  "address": "13.91.163.28"
                }
              ],
              "count": 1
            }
          },
          "firewallPolicy": {
            "id": "/subscriptions/00000000-0000-0000-0000-000000000000/resourceGroups/20ad2a59/providers/Microsoft.Network/firewallPolicies/firewallpolicy"
          }
        }
      }
    },
    {
      "RequestUri": "https://management.azure.com/subscriptions/00000000-0000-0000-0000-000000000000/resourceGroups/20ad2a59/providers/Microsoft.Network/azureFirewalls/azurefirewall?api-version=2021-05-01",
      "RequestMethod": "PATCH",
      "RequestHeaders": {
        "Accept": "application/json",
        "Accept-Encoding": "gzip, deflate",
        "Authorization": "Sanitized",
        "Connection": "keep-alive",
        "Content-Length": "46",
        "Content-Type": "application/json",
        "User-Agent": "azsdk-python-azure-mgmt-network/0.0.0 Python/3.8.12 (Linux-5.11.0-1028-azure-x86_64-with-glibc2.2.5) VSTS_0fb41ef4-5012-48a9-bf39-4ee3de03ee35_build_2500_0",
        "x-ms-client-request-id": "bcb5a83f-a44b-11ec-bd9b-2f43c07e25fb"
      },
      "RequestBody": {
        "tags": {
          "tag1": "value1",
          "tag2": "value2"
        }
      },
      "StatusCode": 200,
      "ResponseHeaders": {
        "Azure-AsyncNotification": "Enabled",
        "Cache-Control": "no-cache",
        "Content-Encoding": "gzip",
        "Content-Type": "application/json; charset=utf-8",
        "Date": "Tue, 15 Mar 2022 10:36:13 GMT",
        "Expires": "-1",
        "Pragma": "no-cache",
        "Retry-After": "10",
        "Server": [
          "Microsoft-HTTPAPI/2.0",
          "Microsoft-HTTPAPI/2.0"
        ],
        "Strict-Transport-Security": "max-age=31536000; includeSubDomains",
        "Transfer-Encoding": "chunked",
        "Vary": "Accept-Encoding",
        "X-Content-Type-Options": "nosniff",
        "x-ms-arm-service-request-id": "44d463b6-431a-435c-ae82-5e0d25f2e81d",
        "x-ms-correlation-request-id": "cbc7a4ce-6257-44ce-84f5-b5b95c30802f",
        "x-ms-ratelimit-remaining-subscription-writes": "1178",
        "x-ms-request-id": "3c8f6ede-be49-48fe-ba11-a893a501098f",
        "x-ms-routing-request-id": "CENTRALUS:20220315T103614Z:cbc7a4ce-6257-44ce-84f5-b5b95c30802f"
      },
      "ResponseBody": {
        "name": "azurefirewall",
        "id": "/subscriptions/00000000-0000-0000-0000-000000000000/resourceGroups/20ad2a59/providers/Microsoft.Network/azureFirewalls/azurefirewall",
        "etag": "W/\u002231f5ff90-053e-4831-ba87-639914a3f061\u0022",
        "type": "Microsoft.Network/azureFirewalls",
        "location": "westus",
        "tags": {
          "tag1": "value1",
          "tag2": "value2"
        },
        "properties": {
          "provisioningState": "Updating",
          "sku": {
            "name": "AZFW_Hub",
            "tier": "Standard"
          },
          "additionalProperties": {},
          "virtualHub": {
            "id": "/subscriptions/00000000-0000-0000-0000-000000000000/resourceGroups/20ad2a59/providers/Microsoft.Network/virtualHubs/virtualhub"
          },
          "hubIPAddresses": {
            "privateIPAddress": "10.168.0.132",
            "publicIPs": {
              "addresses": [
                {
                  "address": "13.91.163.28"
                }
              ],
              "count": 1
            }
          },
          "firewallPolicy": {
            "id": "/subscriptions/00000000-0000-0000-0000-000000000000/resourceGroups/20ad2a59/providers/Microsoft.Network/firewallPolicies/firewallpolicy"
          }
        }
      }
    },
    {
      "RequestUri": "https://management.azure.com/subscriptions/00000000-0000-0000-0000-000000000000/resourceGroups/20ad2a59/providers/Microsoft.Network/azureFirewalls/azurefirewall?api-version=2021-05-01",
      "RequestMethod": "GET",
      "RequestHeaders": {
        "Accept": "*/*",
        "Accept-Encoding": "gzip, deflate",
        "Authorization": "Sanitized",
        "Connection": "keep-alive",
        "User-Agent": "azsdk-python-azure-mgmt-network/0.0.0 Python/3.8.12 (Linux-5.11.0-1028-azure-x86_64-with-glibc2.2.5) VSTS_0fb41ef4-5012-48a9-bf39-4ee3de03ee35_build_2500_0",
        "x-ms-client-request-id": "bcb5a83f-a44b-11ec-bd9b-2f43c07e25fb"
      },
      "RequestBody": null,
      "StatusCode": 200,
      "ResponseHeaders": {
        "Cache-Control": "no-cache",
        "Content-Encoding": "gzip",
        "Content-Type": "application/json; charset=utf-8",
        "Date": "Tue, 15 Mar 2022 10:36:23 GMT",
        "ETag": "W/\u002231f5ff90-053e-4831-ba87-639914a3f061\u0022",
        "Expires": "-1",
        "Pragma": "no-cache",
        "Server": [
          "Microsoft-HTTPAPI/2.0",
          "Microsoft-HTTPAPI/2.0"
        ],
        "Strict-Transport-Security": "max-age=31536000; includeSubDomains",
        "Transfer-Encoding": "chunked",
        "Vary": "Accept-Encoding",
        "X-Content-Type-Options": "nosniff",
        "x-ms-arm-service-request-id": "bae32e64-05c3-405c-9f79-c6eb1ce9e1c8",
        "x-ms-correlation-request-id": "10b23117-0ec8-4aac-bcb3-58473910345b",
        "x-ms-ratelimit-remaining-subscription-reads": "11869",
        "x-ms-request-id": "fa79c67d-6ce7-4436-a319-16d496329587",
        "x-ms-routing-request-id": "CENTRALUS:20220315T103624Z:10b23117-0ec8-4aac-bcb3-58473910345b"
      },
      "ResponseBody": {
        "name": "azurefirewall",
        "id": "/subscriptions/00000000-0000-0000-0000-000000000000/resourceGroups/20ad2a59/providers/Microsoft.Network/azureFirewalls/azurefirewall",
        "etag": "W/\u002231f5ff90-053e-4831-ba87-639914a3f061\u0022",
        "type": "Microsoft.Network/azureFirewalls",
        "location": "westus",
        "tags": {
          "tag1": "value1",
          "tag2": "value2"
        },
        "properties": {
          "provisioningState": "Updating",
          "sku": {
            "name": "AZFW_Hub",
            "tier": "Standard"
          },
          "additionalProperties": {},
          "virtualHub": {
            "id": "/subscriptions/00000000-0000-0000-0000-000000000000/resourceGroups/20ad2a59/providers/Microsoft.Network/virtualHubs/virtualhub"
          },
          "hubIPAddresses": {
            "privateIPAddress": "10.168.0.132",
            "publicIPs": {
              "addresses": [
                {
                  "address": "13.91.163.28"
                }
              ],
              "count": 1
            }
          },
          "firewallPolicy": {
            "id": "/subscriptions/00000000-0000-0000-0000-000000000000/resourceGroups/20ad2a59/providers/Microsoft.Network/firewallPolicies/firewallpolicy"
          }
        }
      }
    },
    {
      "RequestUri": "https://management.azure.com/subscriptions/00000000-0000-0000-0000-000000000000/resourceGroups/20ad2a59/providers/Microsoft.Network/azureFirewalls/azurefirewall?api-version=2021-05-01",
      "RequestMethod": "GET",
      "RequestHeaders": {
        "Accept": "*/*",
        "Accept-Encoding": "gzip, deflate",
        "Authorization": "Sanitized",
        "Connection": "keep-alive",
        "User-Agent": "azsdk-python-azure-mgmt-network/0.0.0 Python/3.8.12 (Linux-5.11.0-1028-azure-x86_64-with-glibc2.2.5) VSTS_0fb41ef4-5012-48a9-bf39-4ee3de03ee35_build_2500_0",
        "x-ms-client-request-id": "bcb5a83f-a44b-11ec-bd9b-2f43c07e25fb"
      },
      "RequestBody": null,
      "StatusCode": 200,
      "ResponseHeaders": {
        "Cache-Control": "no-cache",
        "Content-Encoding": "gzip",
        "Content-Type": "application/json; charset=utf-8",
        "Date": "Tue, 15 Mar 2022 10:36:54 GMT",
        "ETag": "W/\u002231f5ff90-053e-4831-ba87-639914a3f061\u0022",
        "Expires": "-1",
        "Pragma": "no-cache",
        "Server": [
          "Microsoft-HTTPAPI/2.0",
          "Microsoft-HTTPAPI/2.0"
        ],
        "Strict-Transport-Security": "max-age=31536000; includeSubDomains",
        "Transfer-Encoding": "chunked",
        "Vary": "Accept-Encoding",
        "X-Content-Type-Options": "nosniff",
        "x-ms-arm-service-request-id": "9030bca7-6d81-4343-9b35-034787dfd0a3",
        "x-ms-correlation-request-id": "f3658f3a-dce9-4511-a02c-c21f4b2cfcb1",
        "x-ms-ratelimit-remaining-subscription-reads": "11868",
        "x-ms-request-id": "3bb51955-a109-4bcf-8196-9fe3258ca437",
        "x-ms-routing-request-id": "CENTRALUS:20220315T103654Z:f3658f3a-dce9-4511-a02c-c21f4b2cfcb1"
      },
      "ResponseBody": {
        "name": "azurefirewall",
        "id": "/subscriptions/00000000-0000-0000-0000-000000000000/resourceGroups/20ad2a59/providers/Microsoft.Network/azureFirewalls/azurefirewall",
        "etag": "W/\u002231f5ff90-053e-4831-ba87-639914a3f061\u0022",
        "type": "Microsoft.Network/azureFirewalls",
        "location": "westus",
        "tags": {
          "tag1": "value1",
          "tag2": "value2"
        },
        "properties": {
          "provisioningState": "Updating",
          "sku": {
            "name": "AZFW_Hub",
            "tier": "Standard"
          },
          "additionalProperties": {},
          "virtualHub": {
            "id": "/subscriptions/00000000-0000-0000-0000-000000000000/resourceGroups/20ad2a59/providers/Microsoft.Network/virtualHubs/virtualhub"
          },
          "hubIPAddresses": {
            "privateIPAddress": "10.168.0.132",
            "publicIPs": {
              "addresses": [
                {
                  "address": "13.91.163.28"
                }
              ],
              "count": 1
            }
          },
          "firewallPolicy": {
            "id": "/subscriptions/00000000-0000-0000-0000-000000000000/resourceGroups/20ad2a59/providers/Microsoft.Network/firewallPolicies/firewallpolicy"
          }
        }
      }
    },
    {
      "RequestUri": "https://management.azure.com/subscriptions/00000000-0000-0000-0000-000000000000/resourceGroups/20ad2a59/providers/Microsoft.Network/azureFirewalls/azurefirewall?api-version=2021-05-01",
      "RequestMethod": "GET",
      "RequestHeaders": {
        "Accept": "*/*",
        "Accept-Encoding": "gzip, deflate",
        "Authorization": "Sanitized",
        "Connection": "keep-alive",
        "User-Agent": "azsdk-python-azure-mgmt-network/0.0.0 Python/3.8.12 (Linux-5.11.0-1028-azure-x86_64-with-glibc2.2.5) VSTS_0fb41ef4-5012-48a9-bf39-4ee3de03ee35_build_2500_0",
        "x-ms-client-request-id": "bcb5a83f-a44b-11ec-bd9b-2f43c07e25fb"
      },
      "RequestBody": null,
      "StatusCode": 200,
      "ResponseHeaders": {
        "Cache-Control": "no-cache",
        "Content-Encoding": "gzip",
        "Content-Type": "application/json; charset=utf-8",
        "Date": "Tue, 15 Mar 2022 10:37:24 GMT",
        "ETag": "W/\u00229214f19a-a623-4037-b059-4316de347ae8\u0022",
        "Expires": "-1",
        "Pragma": "no-cache",
        "Server": [
          "Microsoft-HTTPAPI/2.0",
          "Microsoft-HTTPAPI/2.0"
        ],
        "Strict-Transport-Security": "max-age=31536000; includeSubDomains",
        "Transfer-Encoding": "chunked",
        "Vary": "Accept-Encoding",
        "X-Content-Type-Options": "nosniff",
        "x-ms-arm-service-request-id": "dc5734ea-e867-4dc9-baed-fe1574f5630a",
        "x-ms-correlation-request-id": "21693bd1-b232-4d1b-beae-e999ab6cdd08",
        "x-ms-ratelimit-remaining-subscription-reads": "11867",
        "x-ms-request-id": "cfcaf65f-3a2b-4d1f-b6de-4512c50df936",
        "x-ms-routing-request-id": "CENTRALUS:20220315T103724Z:21693bd1-b232-4d1b-beae-e999ab6cdd08"
      },
      "ResponseBody": {
        "name": "azurefirewall",
        "id": "/subscriptions/00000000-0000-0000-0000-000000000000/resourceGroups/20ad2a59/providers/Microsoft.Network/azureFirewalls/azurefirewall",
        "etag": "W/\u00229214f19a-a623-4037-b059-4316de347ae8\u0022",
        "type": "Microsoft.Network/azureFirewalls",
        "location": "westus",
        "tags": {
          "tag1": "value1",
          "tag2": "value2"
        },
        "properties": {
          "provisioningState": "Succeeded",
          "sku": {
            "name": "AZFW_Hub",
            "tier": "Standard"
          },
          "additionalProperties": {},
          "virtualHub": {
            "id": "/subscriptions/00000000-0000-0000-0000-000000000000/resourceGroups/20ad2a59/providers/Microsoft.Network/virtualHubs/virtualhub"
          },
          "hubIPAddresses": {
            "privateIPAddress": "10.168.0.132",
            "publicIPs": {
              "addresses": [
                {
                  "address": "13.91.163.28"
                }
              ],
              "count": 1
            }
          },
          "firewallPolicy": {
            "id": "/subscriptions/00000000-0000-0000-0000-000000000000/resourceGroups/20ad2a59/providers/Microsoft.Network/firewallPolicies/firewallpolicy"
          }
        }
      }
    },
    {
      "RequestUri": "https://management.azure.com/subscriptions/00000000-0000-0000-0000-000000000000/resourceGroups/20ad2a59/providers/Microsoft.Network/azureFirewalls/azurefirewall?api-version=2021-05-01",
      "RequestMethod": "DELETE",
      "RequestHeaders": {
        "Accept": "application/json",
        "Accept-Encoding": "gzip, deflate",
        "Authorization": "Sanitized",
        "Connection": "keep-alive",
        "Content-Length": "0",
        "User-Agent": "azsdk-python-azure-mgmt-network/0.0.0 Python/3.8.12 (Linux-5.11.0-1028-azure-x86_64-with-glibc2.2.5) VSTS_0fb41ef4-5012-48a9-bf39-4ee3de03ee35_build_2500_0",
        "x-ms-client-request-id": "e6f95f5a-a44b-11ec-bd9b-2f43c07e25fb"
      },
      "RequestBody": null,
      "StatusCode": 202,
      "ResponseHeaders": {
        "Azure-AsyncNotification": "Enabled",
        "Azure-AsyncOperation": "https://management.azure.com/subscriptions/00000000-0000-0000-0000-000000000000/providers/Microsoft.Network/locations/westus/operations/16e1879d-4f49-4c3d-a7ed-124e20fa6381?api-version=2021-05-01",
        "Cache-Control": "no-cache",
        "Content-Length": "0",
        "Date": "Tue, 15 Mar 2022 10:37:24 GMT",
        "Expires": "-1",
        "Location": "https://management.azure.com/subscriptions/00000000-0000-0000-0000-000000000000/providers/Microsoft.Network/locations/westus/operationResults/16e1879d-4f49-4c3d-a7ed-124e20fa6381?api-version=2021-05-01",
        "Pragma": "no-cache",
        "Retry-After": "10",
        "Server": [
          "Microsoft-HTTPAPI/2.0",
          "Microsoft-HTTPAPI/2.0"
        ],
        "Strict-Transport-Security": "max-age=31536000; includeSubDomains",
        "X-Content-Type-Options": "nosniff",
        "x-ms-arm-service-request-id": "120ef06e-4d48-4409-b28c-4c1bcd68ae8c",
        "x-ms-correlation-request-id": "f0375cdc-4814-4186-a970-a1a6a4bc4090",
        "x-ms-ratelimit-remaining-subscription-deletes": "14987",
        "x-ms-request-id": "16e1879d-4f49-4c3d-a7ed-124e20fa6381",
        "x-ms-routing-request-id": "CENTRALUS:20220315T103724Z:f0375cdc-4814-4186-a970-a1a6a4bc4090"
      },
      "ResponseBody": null
    },
    {
      "RequestUri": "https://management.azure.com/subscriptions/00000000-0000-0000-0000-000000000000/providers/Microsoft.Network/locations/westus/operations/16e1879d-4f49-4c3d-a7ed-124e20fa6381?api-version=2021-05-01",
      "RequestMethod": "GET",
      "RequestHeaders": {
        "Accept": "*/*",
        "Accept-Encoding": "gzip, deflate",
        "Authorization": "Sanitized",
        "Connection": "keep-alive",
        "User-Agent": "azsdk-python-azure-mgmt-network/0.0.0 Python/3.8.12 (Linux-5.11.0-1028-azure-x86_64-with-glibc2.2.5) VSTS_0fb41ef4-5012-48a9-bf39-4ee3de03ee35_build_2500_0",
        "x-ms-client-request-id": "e6f95f5a-a44b-11ec-bd9b-2f43c07e25fb"
      },
      "RequestBody": null,
      "StatusCode": 200,
      "ResponseHeaders": {
        "Cache-Control": "no-cache",
        "Content-Encoding": "gzip",
        "Content-Type": "application/json; charset=utf-8",
        "Date": "Tue, 15 Mar 2022 10:37:34 GMT",
        "Expires": "-1",
        "Pragma": "no-cache",
        "Retry-After": "10",
        "Server": [
          "Microsoft-HTTPAPI/2.0",
          "Microsoft-HTTPAPI/2.0"
        ],
        "Strict-Transport-Security": "max-age=31536000; includeSubDomains",
        "Transfer-Encoding": "chunked",
        "Vary": "Accept-Encoding",
        "X-Content-Type-Options": "nosniff",
        "x-ms-arm-service-request-id": "feb66478-660d-4346-a24e-bf3840bea9bb",
        "x-ms-correlation-request-id": "e65f0578-9b6c-447f-bbc9-4431717020f6",
        "x-ms-ratelimit-remaining-subscription-reads": "11866",
        "x-ms-request-id": "3aef60f5-778d-4395-9292-6aa312f4510d",
        "x-ms-routing-request-id": "CENTRALUS:20220315T103734Z:e65f0578-9b6c-447f-bbc9-4431717020f6"
      },
      "ResponseBody": {
        "status": "InProgress"
      }
    },
    {
      "RequestUri": "https://management.azure.com/subscriptions/00000000-0000-0000-0000-000000000000/providers/Microsoft.Network/locations/westus/operations/16e1879d-4f49-4c3d-a7ed-124e20fa6381?api-version=2021-05-01",
      "RequestMethod": "GET",
      "RequestHeaders": {
        "Accept": "*/*",
        "Accept-Encoding": "gzip, deflate",
        "Authorization": "Sanitized",
        "Connection": "keep-alive",
        "User-Agent": "azsdk-python-azure-mgmt-network/0.0.0 Python/3.8.12 (Linux-5.11.0-1028-azure-x86_64-with-glibc2.2.5) VSTS_0fb41ef4-5012-48a9-bf39-4ee3de03ee35_build_2500_0",
        "x-ms-client-request-id": "e6f95f5a-a44b-11ec-bd9b-2f43c07e25fb"
      },
      "RequestBody": null,
      "StatusCode": 200,
      "ResponseHeaders": {
        "Cache-Control": "no-cache",
        "Content-Encoding": "gzip",
        "Content-Type": "application/json; charset=utf-8",
        "Date": "Tue, 15 Mar 2022 10:37:44 GMT",
        "Expires": "-1",
        "Pragma": "no-cache",
        "Retry-After": "20",
        "Server": [
          "Microsoft-HTTPAPI/2.0",
          "Microsoft-HTTPAPI/2.0"
        ],
        "Strict-Transport-Security": "max-age=31536000; includeSubDomains",
        "Transfer-Encoding": "chunked",
        "Vary": "Accept-Encoding",
        "X-Content-Type-Options": "nosniff",
        "x-ms-arm-service-request-id": "7acf0e67-9ed4-4caa-b199-7661ed9cd606",
        "x-ms-correlation-request-id": "08145ec5-e714-40d0-81b7-9867cf7f96a7",
        "x-ms-ratelimit-remaining-subscription-reads": "11865",
        "x-ms-request-id": "9cd32cd5-c5f6-4c59-a6ed-8c6ea51517a2",
        "x-ms-routing-request-id": "CENTRALUS:20220315T103745Z:08145ec5-e714-40d0-81b7-9867cf7f96a7"
      },
      "ResponseBody": {
        "status": "InProgress"
      }
    },
    {
      "RequestUri": "https://management.azure.com/subscriptions/00000000-0000-0000-0000-000000000000/providers/Microsoft.Network/locations/westus/operations/16e1879d-4f49-4c3d-a7ed-124e20fa6381?api-version=2021-05-01",
      "RequestMethod": "GET",
      "RequestHeaders": {
        "Accept": "*/*",
        "Accept-Encoding": "gzip, deflate",
        "Authorization": "Sanitized",
        "Connection": "keep-alive",
        "User-Agent": "azsdk-python-azure-mgmt-network/0.0.0 Python/3.8.12 (Linux-5.11.0-1028-azure-x86_64-with-glibc2.2.5) VSTS_0fb41ef4-5012-48a9-bf39-4ee3de03ee35_build_2500_0",
        "x-ms-client-request-id": "e6f95f5a-a44b-11ec-bd9b-2f43c07e25fb"
      },
      "RequestBody": null,
      "StatusCode": 200,
      "ResponseHeaders": {
        "Cache-Control": "no-cache",
        "Content-Encoding": "gzip",
        "Content-Type": "application/json; charset=utf-8",
        "Date": "Tue, 15 Mar 2022 10:38:04 GMT",
        "Expires": "-1",
        "Pragma": "no-cache",
        "Retry-After": "20",
        "Server": [
          "Microsoft-HTTPAPI/2.0",
          "Microsoft-HTTPAPI/2.0"
        ],
        "Strict-Transport-Security": "max-age=31536000; includeSubDomains",
        "Transfer-Encoding": "chunked",
        "Vary": "Accept-Encoding",
        "X-Content-Type-Options": "nosniff",
        "x-ms-arm-service-request-id": "3c1bb876-7b3e-45c6-bf23-66eee4f98489",
        "x-ms-correlation-request-id": "54863be7-3faa-4a50-8cd5-3bdd78c4cbef",
        "x-ms-ratelimit-remaining-subscription-reads": "11864",
        "x-ms-request-id": "021725aa-0769-4cf3-83dc-c9430c70d0d2",
        "x-ms-routing-request-id": "CENTRALUS:20220315T103805Z:54863be7-3faa-4a50-8cd5-3bdd78c4cbef"
      },
      "ResponseBody": {
        "status": "InProgress"
      }
    },
    {
      "RequestUri": "https://management.azure.com/subscriptions/00000000-0000-0000-0000-000000000000/providers/Microsoft.Network/locations/westus/operations/16e1879d-4f49-4c3d-a7ed-124e20fa6381?api-version=2021-05-01",
      "RequestMethod": "GET",
      "RequestHeaders": {
        "Accept": "*/*",
        "Accept-Encoding": "gzip, deflate",
        "Authorization": "Sanitized",
        "Connection": "keep-alive",
        "User-Agent": "azsdk-python-azure-mgmt-network/0.0.0 Python/3.8.12 (Linux-5.11.0-1028-azure-x86_64-with-glibc2.2.5) VSTS_0fb41ef4-5012-48a9-bf39-4ee3de03ee35_build_2500_0",
        "x-ms-client-request-id": "e6f95f5a-a44b-11ec-bd9b-2f43c07e25fb"
      },
      "RequestBody": null,
      "StatusCode": 200,
      "ResponseHeaders": {
        "Cache-Control": "no-cache",
        "Content-Encoding": "gzip",
        "Content-Type": "application/json; charset=utf-8",
        "Date": "Tue, 15 Mar 2022 10:38:24 GMT",
        "Expires": "-1",
        "Pragma": "no-cache",
        "Retry-After": "40",
        "Server": [
          "Microsoft-HTTPAPI/2.0",
          "Microsoft-HTTPAPI/2.0"
        ],
        "Strict-Transport-Security": "max-age=31536000; includeSubDomains",
        "Transfer-Encoding": "chunked",
        "Vary": "Accept-Encoding",
        "X-Content-Type-Options": "nosniff",
        "x-ms-arm-service-request-id": "43ba7c46-fbca-4144-ae23-3d30eb06b61b",
        "x-ms-correlation-request-id": "7da0fe3d-6dcb-4136-9b2c-a0946855b50c",
        "x-ms-ratelimit-remaining-subscription-reads": "11863",
        "x-ms-request-id": "d504388e-af41-4d92-bc1b-844196ec297f",
        "x-ms-routing-request-id": "CENTRALUS:20220315T103825Z:7da0fe3d-6dcb-4136-9b2c-a0946855b50c"
      },
      "ResponseBody": {
        "status": "InProgress"
      }
    },
    {
      "RequestUri": "https://management.azure.com/subscriptions/00000000-0000-0000-0000-000000000000/providers/Microsoft.Network/locations/westus/operations/16e1879d-4f49-4c3d-a7ed-124e20fa6381?api-version=2021-05-01",
      "RequestMethod": "GET",
      "RequestHeaders": {
        "Accept": "*/*",
        "Accept-Encoding": "gzip, deflate",
        "Authorization": "Sanitized",
        "Connection": "keep-alive",
        "User-Agent": "azsdk-python-azure-mgmt-network/0.0.0 Python/3.8.12 (Linux-5.11.0-1028-azure-x86_64-with-glibc2.2.5) VSTS_0fb41ef4-5012-48a9-bf39-4ee3de03ee35_build_2500_0",
        "x-ms-client-request-id": "e6f95f5a-a44b-11ec-bd9b-2f43c07e25fb"
      },
      "RequestBody": null,
      "StatusCode": 200,
      "ResponseHeaders": {
        "Cache-Control": "no-cache",
        "Content-Encoding": "gzip",
        "Content-Type": "application/json; charset=utf-8",
        "Date": "Tue, 15 Mar 2022 10:39:05 GMT",
        "Expires": "-1",
        "Pragma": "no-cache",
        "Retry-After": "40",
        "Server": [
          "Microsoft-HTTPAPI/2.0",
          "Microsoft-HTTPAPI/2.0"
        ],
        "Strict-Transport-Security": "max-age=31536000; includeSubDomains",
        "Transfer-Encoding": "chunked",
        "Vary": "Accept-Encoding",
        "X-Content-Type-Options": "nosniff",
        "x-ms-arm-service-request-id": "9b49097b-1cc6-4a15-9ccf-9b63c4a1fcfe",
        "x-ms-correlation-request-id": "ce675ea1-b748-472e-88b0-a8a62a91791f",
        "x-ms-ratelimit-remaining-subscription-reads": "11862",
        "x-ms-request-id": "0c2f04da-3027-41ca-ac2c-3c8b751d91f0",
        "x-ms-routing-request-id": "CENTRALUS:20220315T103905Z:ce675ea1-b748-472e-88b0-a8a62a91791f"
      },
      "ResponseBody": {
        "status": "InProgress"
      }
    },
    {
      "RequestUri": "https://management.azure.com/subscriptions/00000000-0000-0000-0000-000000000000/providers/Microsoft.Network/locations/westus/operations/16e1879d-4f49-4c3d-a7ed-124e20fa6381?api-version=2021-05-01",
      "RequestMethod": "GET",
      "RequestHeaders": {
        "Accept": "*/*",
        "Accept-Encoding": "gzip, deflate",
        "Authorization": "Sanitized",
        "Connection": "keep-alive",
        "User-Agent": "azsdk-python-azure-mgmt-network/0.0.0 Python/3.8.12 (Linux-5.11.0-1028-azure-x86_64-with-glibc2.2.5) VSTS_0fb41ef4-5012-48a9-bf39-4ee3de03ee35_build_2500_0",
        "x-ms-client-request-id": "e6f95f5a-a44b-11ec-bd9b-2f43c07e25fb"
      },
      "RequestBody": null,
      "StatusCode": 200,
      "ResponseHeaders": {
        "Cache-Control": "no-cache",
        "Content-Encoding": "gzip",
        "Content-Type": "application/json; charset=utf-8",
        "Date": "Tue, 15 Mar 2022 10:39:45 GMT",
        "Expires": "-1",
        "Pragma": "no-cache",
        "Retry-After": "80",
        "Server": [
          "Microsoft-HTTPAPI/2.0",
          "Microsoft-HTTPAPI/2.0"
        ],
        "Strict-Transport-Security": "max-age=31536000; includeSubDomains",
        "Transfer-Encoding": "chunked",
        "Vary": "Accept-Encoding",
        "X-Content-Type-Options": "nosniff",
        "x-ms-arm-service-request-id": "22dbe4a8-e0fe-4c09-a3a6-19282d6a55b6",
        "x-ms-correlation-request-id": "e0be7071-b7f0-487f-9e3c-65ad86ab0d64",
        "x-ms-ratelimit-remaining-subscription-reads": "11861",
        "x-ms-request-id": "57b58a5d-31cb-442a-ad54-104d54add14f",
        "x-ms-routing-request-id": "CENTRALUS:20220315T103946Z:e0be7071-b7f0-487f-9e3c-65ad86ab0d64"
      },
      "ResponseBody": {
        "status": "InProgress"
      }
    },
    {
      "RequestUri": "https://management.azure.com/subscriptions/00000000-0000-0000-0000-000000000000/providers/Microsoft.Network/locations/westus/operations/16e1879d-4f49-4c3d-a7ed-124e20fa6381?api-version=2021-05-01",
      "RequestMethod": "GET",
      "RequestHeaders": {
        "Accept": "*/*",
        "Accept-Encoding": "gzip, deflate",
        "Authorization": "Sanitized",
        "Connection": "keep-alive",
        "User-Agent": "azsdk-python-azure-mgmt-network/0.0.0 Python/3.8.12 (Linux-5.11.0-1028-azure-x86_64-with-glibc2.2.5) VSTS_0fb41ef4-5012-48a9-bf39-4ee3de03ee35_build_2500_0",
        "x-ms-client-request-id": "e6f95f5a-a44b-11ec-bd9b-2f43c07e25fb"
      },
      "RequestBody": null,
      "StatusCode": 200,
      "ResponseHeaders": {
        "Cache-Control": "no-cache",
        "Content-Encoding": "gzip",
        "Content-Type": "application/json; charset=utf-8",
        "Date": "Tue, 15 Mar 2022 10:41:05 GMT",
        "Expires": "-1",
        "Pragma": "no-cache",
        "Retry-After": "160",
        "Server": [
          "Microsoft-HTTPAPI/2.0",
          "Microsoft-HTTPAPI/2.0"
        ],
        "Strict-Transport-Security": "max-age=31536000; includeSubDomains",
        "Transfer-Encoding": "chunked",
        "Vary": "Accept-Encoding",
        "X-Content-Type-Options": "nosniff",
        "x-ms-arm-service-request-id": "8c59ed67-c6b9-4615-ad1b-eafe07e98855",
        "x-ms-correlation-request-id": "64699216-97f2-4291-94a0-10b4257a7ca4",
        "x-ms-ratelimit-remaining-subscription-reads": "11863",
        "x-ms-request-id": "cd4e581d-fbb0-43ad-ab71-ee4522f86e92",
        "x-ms-routing-request-id": "CENTRALUS:20220315T104106Z:64699216-97f2-4291-94a0-10b4257a7ca4"
      },
      "ResponseBody": {
        "status": "InProgress"
      }
    },
    {
      "RequestUri": "https://management.azure.com/subscriptions/00000000-0000-0000-0000-000000000000/providers/Microsoft.Network/locations/westus/operations/16e1879d-4f49-4c3d-a7ed-124e20fa6381?api-version=2021-05-01",
      "RequestMethod": "GET",
      "RequestHeaders": {
        "Accept": "*/*",
        "Accept-Encoding": "gzip, deflate",
        "Authorization": "Sanitized",
        "Connection": "keep-alive",
        "User-Agent": "azsdk-python-azure-mgmt-network/0.0.0 Python/3.8.12 (Linux-5.11.0-1028-azure-x86_64-with-glibc2.2.5) VSTS_0fb41ef4-5012-48a9-bf39-4ee3de03ee35_build_2500_0",
        "x-ms-client-request-id": "e6f95f5a-a44b-11ec-bd9b-2f43c07e25fb"
      },
      "RequestBody": null,
      "StatusCode": 200,
      "ResponseHeaders": {
        "Cache-Control": "no-cache",
        "Content-Encoding": "gzip",
        "Content-Type": "application/json; charset=utf-8",
        "Date": "Tue, 15 Mar 2022 10:43:45 GMT",
        "Expires": "-1",
        "Pragma": "no-cache",
        "Server": [
          "Microsoft-HTTPAPI/2.0",
          "Microsoft-HTTPAPI/2.0"
        ],
        "Strict-Transport-Security": "max-age=31536000; includeSubDomains",
        "Transfer-Encoding": "chunked",
        "Vary": "Accept-Encoding",
        "X-Content-Type-Options": "nosniff",
        "x-ms-arm-service-request-id": "f747cb99-4417-41e2-bd2f-d8fd638ddc93",
        "x-ms-correlation-request-id": "64c072be-025c-4c41-88f5-cf742d544089",
        "x-ms-ratelimit-remaining-subscription-reads": "11862",
        "x-ms-request-id": "bbf4bf09-1603-4f00-ae3d-dd660c08e6f5",
        "x-ms-routing-request-id": "CENTRALUS:20220315T104346Z:64c072be-025c-4c41-88f5-cf742d544089"
      },
      "ResponseBody": {
        "status": "Succeeded"
      }
    },
    {
      "RequestUri": "https://management.azure.com/subscriptions/00000000-0000-0000-0000-000000000000/providers/Microsoft.Network/locations/westus/operationResults/16e1879d-4f49-4c3d-a7ed-124e20fa6381?api-version=2021-05-01",
      "RequestMethod": "GET",
      "RequestHeaders": {
        "Accept": "*/*",
        "Accept-Encoding": "gzip, deflate",
        "Authorization": "Sanitized",
        "Connection": "keep-alive",
        "User-Agent": "azsdk-python-azure-mgmt-network/0.0.0 Python/3.8.12 (Linux-5.11.0-1028-azure-x86_64-with-glibc2.2.5) VSTS_0fb41ef4-5012-48a9-bf39-4ee3de03ee35_build_2500_0",
        "x-ms-client-request-id": "e6f95f5a-a44b-11ec-bd9b-2f43c07e25fb"
      },
      "RequestBody": null,
      "StatusCode": 204,
      "ResponseHeaders": {
        "Azure-AsyncNotification": "Enabled",
        "Azure-AsyncOperation": "https://management.azure.com/subscriptions/00000000-0000-0000-0000-000000000000/providers/Microsoft.Network/locations/westus/operations/16e1879d-4f49-4c3d-a7ed-124e20fa6381?api-version=2021-05-01",
        "Cache-Control": "no-cache",
        "Content-Type": "application/json; charset=utf-8",
        "Date": "Tue, 15 Mar 2022 10:43:46 GMT",
        "Expires": "-1",
        "Location": "https://management.azure.com/subscriptions/00000000-0000-0000-0000-000000000000/providers/Microsoft.Network/locations/westus/operationResults/16e1879d-4f49-4c3d-a7ed-124e20fa6381?api-version=2021-05-01",
        "Pragma": "no-cache",
        "Server": [
          "Microsoft-HTTPAPI/2.0",
          "Microsoft-HTTPAPI/2.0"
        ],
        "Strict-Transport-Security": "max-age=31536000; includeSubDomains",
        "X-Content-Type-Options": "nosniff",
        "x-ms-arm-service-request-id": "120ef06e-4d48-4409-b28c-4c1bcd68ae8c",
        "x-ms-correlation-request-id": "f0375cdc-4814-4186-a970-a1a6a4bc4090",
        "x-ms-ratelimit-remaining-subscription-reads": "11861",
        "x-ms-request-id": "16e1879d-4f49-4c3d-a7ed-124e20fa6381",
        "x-ms-routing-request-id": "CENTRALUS:20220315T104346Z:284ba55d-82f3-4c37-b4d5-d0df77b71669"
      },
      "ResponseBody": null
    }
  ],
  "Variables": {}
}
