interactions:
- request:
    body: '{"location": "eastus", "properties": {"addressSpace": {"addressPrefixes":
      ["10.0.0.0/16"]}}}'
    headers:
      Accept:
      - application/json
      Accept-Encoding:
      - gzip, deflate
      Connection:
      - keep-alive
      Content-Length:
      - '92'
      Content-Type:
      - application/json
      User-Agent:
      - azsdk-python-azure-mgmt-network/11.0.0 Python/3.6.9 (Linux-4.9.184-linuxkit-x86_64-with-Ubuntu-18.04-bionic)
    method: PUT
    uri: https://management.azure.com/subscriptions/00000000-0000-0000-0000-000000000000/resourceGroups/rgname/providers/Microsoft.Network/virtualNetworks/virtualnetwork?api-version=2020-04-01
  response:
    body:
      string: "{\r\n  \"name\": \"virtualnetwork\",\r\n  \"id\": \"/subscriptions/00000000-0000-0000-0000-000000000000/resourceGroups/rgname/providers/Microsoft.Network/virtualNetworks/virtualnetwork\"\
        ,\r\n  \"etag\": \"W/\\\"7a0dd104-5c16-473c-8b0d-c7b4167c0eb3\\\"\",\r\n \
        \ \"type\": \"Microsoft.Network/virtualNetworks\",\r\n  \"location\": \"eastus\"\
        ,\r\n  \"properties\": {\r\n    \"provisioningState\": \"Updating\",\r\n \
        \   \"resourceGuid\": \"71217ffe-83a2-46bb-a757-021ddc5c102f\",\r\n    \"\
        addressSpace\": {\r\n      \"addressPrefixes\": [\r\n        \"10.0.0.0/16\"\
        \r\n      ]\r\n    },\r\n    \"subnets\": [],\r\n    \"virtualNetworkPeerings\"\
        : [],\r\n    \"enableDdosProtection\": false,\r\n    \"enableVmProtection\"\
        : false\r\n  }\r\n}"
    headers:
      azure-asyncnotification:
      - Enabled
      azure-asyncoperation:
      - https://management.azure.com/subscriptions/00000000-0000-0000-0000-000000000000/providers/Microsoft.Network/locations/eastus/operations/0c0a9f82-c86d-433f-a535-59f11aa9e5b6?api-version=2020-04-01
      cache-control:
      - no-cache
      content-length:
      - '692'
      content-type:
      - application/json; charset=utf-8
      date:
      - Mon, 18 May 2020 16:31:05 GMT
      expires:
      - '-1'
      pragma:
      - no-cache
      server:
      - Microsoft-HTTPAPI/2.0
      - Microsoft-HTTPAPI/2.0
      strict-transport-security:
      - max-age=31536000; includeSubDomains
      x-content-type-options:
      - nosniff
      x-ms-arm-service-request-id:
      - 533e402d-e9c9-43c0-b990-f466f218e921
      x-ms-ratelimit-remaining-subscription-writes:
      - '1189'
    status:
      code: 201
      message: Created
- request:
    body: null
    headers:
      Accept:
      - '*/*'
      Accept-Encoding:
      - gzip, deflate
      Connection:
      - keep-alive
      User-Agent:
      - azsdk-python-azure-mgmt-network/11.0.0 Python/3.6.9 (Linux-4.9.184-linuxkit-x86_64-with-Ubuntu-18.04-bionic)
    method: GET
    uri: https://management.azure.com/subscriptions/00000000-0000-0000-0000-000000000000/providers/Microsoft.Network/locations/eastus/operations/0c0a9f82-c86d-433f-a535-59f11aa9e5b6?api-version=2020-04-01
  response:
    body:
      string: "{\r\n  \"status\": \"Succeeded\"\r\n}"
    headers:
      cache-control:
      - no-cache
      content-length:
      - '29'
      content-type:
      - application/json; charset=utf-8
      date:
      - Mon, 18 May 2020 16:31:09 GMT
      expires:
      - '-1'
      pragma:
      - no-cache
      server:
      - Microsoft-HTTPAPI/2.0
      - Microsoft-HTTPAPI/2.0
      strict-transport-security:
      - max-age=31536000; includeSubDomains
      transfer-encoding:
      - chunked
      vary:
      - Accept-Encoding
      x-content-type-options:
      - nosniff
      x-ms-arm-service-request-id:
      - 419aa62c-c499-4146-ade2-2297bb6cb123
    status:
      code: 200
      message: OK
- request:
    body: null
    headers:
      Accept:
      - '*/*'
      Accept-Encoding:
      - gzip, deflate
      Connection:
      - keep-alive
      User-Agent:
      - azsdk-python-azure-mgmt-network/11.0.0 Python/3.6.9 (Linux-4.9.184-linuxkit-x86_64-with-Ubuntu-18.04-bionic)
    method: GET
    uri: https://management.azure.com/subscriptions/00000000-0000-0000-0000-000000000000/resourceGroups/rgname/providers/Microsoft.Network/virtualNetworks/virtualnetwork?api-version=2020-04-01
  response:
    body:
      string: "{\r\n  \"name\": \"virtualnetwork\",\r\n  \"id\": \"/subscriptions/00000000-0000-0000-0000-000000000000/resourceGroups/rgname/providers/Microsoft.Network/virtualNetworks/virtualnetwork\"\
        ,\r\n  \"etag\": \"W/\\\"21c7c908-6a7f-4997-8d1b-1caaa4760c63\\\"\",\r\n \
        \ \"type\": \"Microsoft.Network/virtualNetworks\",\r\n  \"location\": \"eastus\"\
        ,\r\n  \"properties\": {\r\n    \"provisioningState\": \"Succeeded\",\r\n\
        \    \"resourceGuid\": \"71217ffe-83a2-46bb-a757-021ddc5c102f\",\r\n    \"\
        addressSpace\": {\r\n      \"addressPrefixes\": [\r\n        \"10.0.0.0/16\"\
        \r\n      ]\r\n    },\r\n    \"subnets\": [],\r\n    \"virtualNetworkPeerings\"\
        : [],\r\n    \"enableDdosProtection\": false,\r\n    \"enableVmProtection\"\
        : false\r\n  }\r\n}"
    headers:
      cache-control:
      - no-cache
      content-length:
      - '693'
      content-type:
      - application/json; charset=utf-8
      date:
      - Mon, 18 May 2020 16:31:09 GMT
      etag:
      - W/"21c7c908-6a7f-4997-8d1b-1caaa4760c63"
      expires:
      - '-1'
      pragma:
      - no-cache
      server:
      - Microsoft-HTTPAPI/2.0
      - Microsoft-HTTPAPI/2.0
      strict-transport-security:
      - max-age=31536000; includeSubDomains
      transfer-encoding:
      - chunked
      vary:
      - Accept-Encoding
      x-content-type-options:
      - nosniff
      x-ms-arm-service-request-id:
      - 912f4856-eb47-4089-ad0d-b62be9bd7380
    status:
      code: 200
      message: OK
- request:
    body: '{"properties": {"addressPrefix": "10.0.0.0/24"}}'
    headers:
      Accept:
      - application/json
      Accept-Encoding:
      - gzip, deflate
      Connection:
      - keep-alive
      Content-Length:
      - '48'
      Content-Type:
      - application/json
      User-Agent:
      - azsdk-python-azure-mgmt-network/11.0.0 Python/3.6.9 (Linux-4.9.184-linuxkit-x86_64-with-Ubuntu-18.04-bionic)
    method: PUT
    uri: https://management.azure.com/subscriptions/00000000-0000-0000-0000-000000000000/resourceGroups/rgname/providers/Microsoft.Network/virtualNetworks/virtualnetwork/subnets/subnet?api-version=2020-04-01
  response:
    body:
      string: "{\r\n  \"name\": \"subnet\",\r\n  \"id\": \"/subscriptions/00000000-0000-0000-0000-000000000000/resourceGroups/rgname/providers/Microsoft.Network/virtualNetworks/virtualnetwork/subnets/subnet\"\
        ,\r\n  \"etag\": \"W/\\\"3edb8452-8b05-4da9-b11a-1b40a5f88037\\\"\",\r\n \
        \ \"properties\": {\r\n    \"provisioningState\": \"Updating\",\r\n    \"\
        addressPrefix\": \"10.0.0.0/24\",\r\n    \"delegations\": [],\r\n    \"privateEndpointNetworkPolicies\"\
        : \"Enabled\",\r\n    \"privateLinkServiceNetworkPolicies\": \"Enabled\"\r\
        \n  },\r\n  \"type\": \"Microsoft.Network/virtualNetworks/subnets\"\r\n}"
    headers:
      azure-asyncoperation:
      - https://management.azure.com/subscriptions/00000000-0000-0000-0000-000000000000/providers/Microsoft.Network/locations/eastus/operations/f01742e9-44aa-4348-88a2-3e77ed6afb8b?api-version=2020-04-01
      cache-control:
      - no-cache
      content-length:
      - '569'
      content-type:
      - application/json; charset=utf-8
      date:
      - Mon, 18 May 2020 16:31:10 GMT
      expires:
      - '-1'
      pragma:
      - no-cache
      server:
      - Microsoft-HTTPAPI/2.0
      - Microsoft-HTTPAPI/2.0
      strict-transport-security:
      - max-age=31536000; includeSubDomains
      x-content-type-options:
      - nosniff
      x-ms-arm-service-request-id:
      - 9a1a0490-99f8-42a6-a201-8eca5b667cda
      x-ms-ratelimit-remaining-subscription-writes:
      - '1188'
    status:
      code: 201
      message: Created
- request:
    body: null
    headers:
      Accept:
      - '*/*'
      Accept-Encoding:
      - gzip, deflate
      Connection:
      - keep-alive
      User-Agent:
      - azsdk-python-azure-mgmt-network/11.0.0 Python/3.6.9 (Linux-4.9.184-linuxkit-x86_64-with-Ubuntu-18.04-bionic)
    method: GET
    uri: https://management.azure.com/subscriptions/00000000-0000-0000-0000-000000000000/providers/Microsoft.Network/locations/eastus/operations/f01742e9-44aa-4348-88a2-3e77ed6afb8b?api-version=2020-04-01
  response:
    body:
      string: "{\r\n  \"status\": \"InProgress\"\r\n}"
    headers:
      cache-control:
      - no-cache
      content-length:
      - '30'
      content-type:
      - application/json; charset=utf-8
      date:
      - Mon, 18 May 2020 16:31:13 GMT
      expires:
      - '-1'
      pragma:
      - no-cache
      server:
      - Microsoft-HTTPAPI/2.0
      - Microsoft-HTTPAPI/2.0
      strict-transport-security:
      - max-age=31536000; includeSubDomains
      transfer-encoding:
      - chunked
      vary:
      - Accept-Encoding
      x-content-type-options:
      - nosniff
      x-ms-arm-service-request-id:
      - bb93cdaf-8dec-4aa0-88eb-568b81d89094
    status:
      code: 200
      message: OK
- request:
    body: null
    headers:
      Accept:
      - '*/*'
      Accept-Encoding:
      - gzip, deflate
      Connection:
      - keep-alive
      User-Agent:
      - azsdk-python-azure-mgmt-network/11.0.0 Python/3.6.9 (Linux-4.9.184-linuxkit-x86_64-with-Ubuntu-18.04-bionic)
    method: GET
    uri: https://management.azure.com/subscriptions/00000000-0000-0000-0000-000000000000/providers/Microsoft.Network/locations/eastus/operations/f01742e9-44aa-4348-88a2-3e77ed6afb8b?api-version=2020-04-01
  response:
    body:
      string: "{\r\n  \"status\": \"InProgress\"\r\n}"
    headers:
      cache-control:
      - no-cache
      content-length:
      - '30'
      content-type:
      - application/json; charset=utf-8
      date:
      - Mon, 18 May 2020 16:31:23 GMT
      expires:
      - '-1'
      pragma:
      - no-cache
      server:
      - Microsoft-HTTPAPI/2.0
      - Microsoft-HTTPAPI/2.0
      strict-transport-security:
      - max-age=31536000; includeSubDomains
      transfer-encoding:
      - chunked
      vary:
      - Accept-Encoding
      x-content-type-options:
      - nosniff
      x-ms-arm-service-request-id:
      - 16d2fdab-2d8a-4b61-9453-46f9601a50f9
    status:
      code: 200
      message: OK
- request:
    body: null
    headers:
      Accept:
      - '*/*'
      Accept-Encoding:
      - gzip, deflate
      Connection:
      - keep-alive
      User-Agent:
      - azsdk-python-azure-mgmt-network/11.0.0 Python/3.6.9 (Linux-4.9.184-linuxkit-x86_64-with-Ubuntu-18.04-bionic)
    method: GET
    uri: https://management.azure.com/subscriptions/00000000-0000-0000-0000-000000000000/providers/Microsoft.Network/locations/eastus/operations/f01742e9-44aa-4348-88a2-3e77ed6afb8b?api-version=2020-04-01
  response:
    body:
      string: "{\r\n  \"status\": \"Succeeded\"\r\n}"
    headers:
      cache-control:
      - no-cache
      content-length:
      - '29'
      content-type:
      - application/json; charset=utf-8
      date:
      - Mon, 18 May 2020 16:31:33 GMT
      expires:
      - '-1'
      pragma:
      - no-cache
      server:
      - Microsoft-HTTPAPI/2.0
      - Microsoft-HTTPAPI/2.0
      strict-transport-security:
      - max-age=31536000; includeSubDomains
      transfer-encoding:
      - chunked
      vary:
      - Accept-Encoding
      x-content-type-options:
      - nosniff
      x-ms-arm-service-request-id:
      - e0338889-7008-41f2-b650-fe911c3d717c
    status:
      code: 200
      message: OK
- request:
    body: null
    headers:
      Accept:
      - '*/*'
      Accept-Encoding:
      - gzip, deflate
      Connection:
      - keep-alive
      User-Agent:
      - azsdk-python-azure-mgmt-network/11.0.0 Python/3.6.9 (Linux-4.9.184-linuxkit-x86_64-with-Ubuntu-18.04-bionic)
    method: GET
    uri: https://management.azure.com/subscriptions/00000000-0000-0000-0000-000000000000/resourceGroups/rgname/providers/Microsoft.Network/virtualNetworks/virtualnetwork/subnets/subnet?api-version=2020-04-01
  response:
    body:
      string: "{\r\n  \"name\": \"subnet\",\r\n  \"id\": \"/subscriptions/00000000-0000-0000-0000-000000000000/resourceGroups/rgname/providers/Microsoft.Network/virtualNetworks/virtualnetwork/subnets/subnet\"\
        ,\r\n  \"etag\": \"W/\\\"3dae34b7-8fd7-4776-ae97-b42df9507b36\\\"\",\r\n \
        \ \"properties\": {\r\n    \"provisioningState\": \"Succeeded\",\r\n    \"\
        addressPrefix\": \"10.0.0.0/24\",\r\n    \"delegations\": [],\r\n    \"privateEndpointNetworkPolicies\"\
        : \"Enabled\",\r\n    \"privateLinkServiceNetworkPolicies\": \"Enabled\"\r\
        \n  },\r\n  \"type\": \"Microsoft.Network/virtualNetworks/subnets\"\r\n}"
    headers:
      cache-control:
      - no-cache
      content-length:
      - '570'
      content-type:
      - application/json; charset=utf-8
      date:
      - Mon, 18 May 2020 16:31:34 GMT
      etag:
      - W/"3dae34b7-8fd7-4776-ae97-b42df9507b36"
      expires:
      - '-1'
      pragma:
      - no-cache
      server:
      - Microsoft-HTTPAPI/2.0
      - Microsoft-HTTPAPI/2.0
      strict-transport-security:
      - max-age=31536000; includeSubDomains
      transfer-encoding:
      - chunked
      vary:
      - Accept-Encoding
      x-content-type-options:
      - nosniff
      x-ms-arm-service-request-id:
      - 43d50672-7f0d-40ec-ba79-9c763a52640f
    status:
      code: 200
      message: OK
- request:
    body: '{"location": "eastus"}'
    headers:
      Accept:
      - application/json
      Accept-Encoding:
      - gzip, deflate
      Connection:
      - keep-alive
      Content-Length:
      - '22'
      Content-Type:
      - application/json
      User-Agent:
      - azsdk-python-azure-mgmt-network/11.0.0 Python/3.6.9 (Linux-4.9.184-linuxkit-x86_64-with-Ubuntu-18.04-bionic)
    method: PUT
    uri: https://management.azure.com/subscriptions/00000000-0000-0000-0000-000000000000/resourceGroups/rgname/providers/Microsoft.Network/publicIPAddresses/publicipaddress?api-version=2020-04-01
  response:
    body:
      string: "{\r\n  \"name\": \"publicipaddress\",\r\n  \"id\": \"/subscriptions/00000000-0000-0000-0000-000000000000/resourceGroups/rgname/providers/Microsoft.Network/publicIPAddresses/publicipaddress\"\
        ,\r\n  \"etag\": \"W/\\\"9e91529c-e98b-4305-8571-d97a1e964ad9\\\"\",\r\n \
        \ \"location\": \"eastus\",\r\n  \"properties\": {\r\n    \"provisioningState\"\
        : \"Updating\",\r\n    \"resourceGuid\": \"6d3980c3-bace-4605-9012-ca68829cb18e\"\
        ,\r\n    \"publicIPAddressVersion\": \"IPv4\",\r\n    \"publicIPAllocationMethod\"\
        : \"Dynamic\",\r\n    \"idleTimeoutInMinutes\": 4,\r\n    \"ipTags\": []\r\
        \n  },\r\n  \"type\": \"Microsoft.Network/publicIPAddresses\",\r\n  \"sku\"\
        : {\r\n    \"name\": \"Basic\"\r\n  }\r\n}"
    headers:
      azure-asyncnotification:
      - Enabled
      azure-asyncoperation:
      - https://management.azure.com/subscriptions/00000000-0000-0000-0000-000000000000/providers/Microsoft.Network/locations/eastus/operations/c7c435bc-b005-43a7-a5fc-d7264bddbe3c?api-version=2020-04-01
      cache-control:
      - no-cache
      content-length:
      - '655'
      content-type:
      - application/json; charset=utf-8
      date:
      - Mon, 18 May 2020 16:31:36 GMT
      expires:
      - '-1'
      pragma:
      - no-cache
      server:
      - Microsoft-HTTPAPI/2.0
      - Microsoft-HTTPAPI/2.0
      strict-transport-security:
      - max-age=31536000; includeSubDomains
      x-content-type-options:
      - nosniff
      x-ms-arm-service-request-id:
      - fcea23b9-9026-4ddd-98a0-573bd5479711
      x-ms-ratelimit-remaining-subscription-writes:
      - '1187'
    status:
      code: 201
      message: Created
- request:
    body: null
    headers:
      Accept:
      - '*/*'
      Accept-Encoding:
      - gzip, deflate
      Connection:
      - keep-alive
      User-Agent:
      - azsdk-python-azure-mgmt-network/11.0.0 Python/3.6.9 (Linux-4.9.184-linuxkit-x86_64-with-Ubuntu-18.04-bionic)
    method: GET
    uri: https://management.azure.com/subscriptions/00000000-0000-0000-0000-000000000000/providers/Microsoft.Network/locations/eastus/operations/c7c435bc-b005-43a7-a5fc-d7264bddbe3c?api-version=2020-04-01
  response:
    body:
      string: "{\r\n  \"status\": \"Succeeded\"\r\n}"
    headers:
      cache-control:
      - no-cache
      content-length:
      - '29'
      content-type:
      - application/json; charset=utf-8
      date:
      - Mon, 18 May 2020 16:31:37 GMT
      expires:
      - '-1'
      pragma:
      - no-cache
      server:
      - Microsoft-HTTPAPI/2.0
      - Microsoft-HTTPAPI/2.0
      strict-transport-security:
      - max-age=31536000; includeSubDomains
      transfer-encoding:
      - chunked
      vary:
      - Accept-Encoding
      x-content-type-options:
      - nosniff
      x-ms-arm-service-request-id:
      - ed13ff8e-a613-4163-9507-8d4b9cbafec2
    status:
      code: 200
      message: OK
- request:
    body: null
    headers:
      Accept:
      - '*/*'
      Accept-Encoding:
      - gzip, deflate
      Connection:
      - keep-alive
      User-Agent:
      - azsdk-python-azure-mgmt-network/11.0.0 Python/3.6.9 (Linux-4.9.184-linuxkit-x86_64-with-Ubuntu-18.04-bionic)
    method: GET
    uri: https://management.azure.com/subscriptions/00000000-0000-0000-0000-000000000000/resourceGroups/rgname/providers/Microsoft.Network/publicIPAddresses/publicipaddress?api-version=2020-04-01
  response:
    body:
      string: "{\r\n  \"name\": \"publicipaddress\",\r\n  \"id\": \"/subscriptions/00000000-0000-0000-0000-000000000000/resourceGroups/rgname/providers/Microsoft.Network/publicIPAddresses/publicipaddress\"\
        ,\r\n  \"etag\": \"W/\\\"3ab78d2d-06b6-4172-9c50-731d086c9f2f\\\"\",\r\n \
        \ \"location\": \"eastus\",\r\n  \"properties\": {\r\n    \"provisioningState\"\
        : \"Succeeded\",\r\n    \"resourceGuid\": \"6d3980c3-bace-4605-9012-ca68829cb18e\"\
        ,\r\n    \"publicIPAddressVersion\": \"IPv4\",\r\n    \"publicIPAllocationMethod\"\
        : \"Dynamic\",\r\n    \"idleTimeoutInMinutes\": 4,\r\n    \"ipTags\": []\r\
        \n  },\r\n  \"type\": \"Microsoft.Network/publicIPAddresses\",\r\n  \"sku\"\
        : {\r\n    \"name\": \"Basic\"\r\n  }\r\n}"
    headers:
      cache-control:
      - no-cache
      content-length:
      - '656'
      content-type:
      - application/json; charset=utf-8
      date:
      - Mon, 18 May 2020 16:31:37 GMT
      etag:
      - W/"3ab78d2d-06b6-4172-9c50-731d086c9f2f"
      expires:
      - '-1'
      pragma:
      - no-cache
      server:
      - Microsoft-HTTPAPI/2.0
      - Microsoft-HTTPAPI/2.0
      strict-transport-security:
      - max-age=31536000; includeSubDomains
      transfer-encoding:
      - chunked
      vary:
      - Accept-Encoding
      x-content-type-options:
      - nosniff
      x-ms-arm-service-request-id:
      - a21ba9d9-8801-47e3-bd1c-8899b01a3e8a
    status:
      code: 200
      message: OK
- request:
    body: 'b''{"location": "eastus", "properties": {"ipConfigurations": [{"name":
      "myIpConfiguration", "properties": {"subnet": {"id": "/subscriptions/00000000-0000-0000-0000-000000000000/resourceGroups/rgname/providers/Microsoft.Network/virtualNetworks/virtualnetwork/subnets/subnet"},
      "publicIPAddress": {"id": "/subscriptions/00000000-0000-0000-0000-000000000000/resourceGroups/rgname/providers/Microsoft.Network/publicIPAddresses/publicipaddress"}}}],
      "enableAcceleratedNetworking": true}}'''
    headers:
      Accept:
      - application/json
      Accept-Encoding:
      - gzip, deflate
      Connection:
      - keep-alive
      Content-Length:
      - '571'
      Content-Type:
      - application/json
      User-Agent:
      - azsdk-python-azure-mgmt-network/11.0.0 Python/3.6.9 (Linux-4.9.184-linuxkit-x86_64-with-Ubuntu-18.04-bionic)
    method: PUT
    uri: https://management.azure.com/subscriptions/00000000-0000-0000-0000-000000000000/resourceGroups/rgname/providers/Microsoft.Network/networkInterfaces/myNetworkInterface?api-version=2020-04-01
  response:
    body:
      string: "{\r\n  \"name\": \"myNetworkInterface\",\r\n  \"id\": \"/subscriptions/00000000-0000-0000-0000-000000000000/resourceGroups/rgname/providers/Microsoft.Network/networkInterfaces/myNetworkInterface\"\
        ,\r\n  \"etag\": \"W/\\\"fbba01f3-f4ab-40ce-b4d1-b6b27b28b845\\\"\",\r\n \
        \ \"location\": \"eastus\",\r\n  \"properties\": {\r\n    \"provisioningState\"\
        : \"Succeeded\",\r\n    \"resourceGuid\": \"f326e164-81cb-462a-9be8-ddb92a0be804\"\
        ,\r\n    \"ipConfigurations\": [\r\n      {\r\n        \"name\": \"myIpConfiguration\"\
        ,\r\n        \"id\": \"/subscriptions/00000000-0000-0000-0000-000000000000/resourceGroups/rgname/providers/Microsoft.Network/networkInterfaces/myNetworkInterface/ipConfigurations/myIpConfiguration\"\
        ,\r\n        \"etag\": \"W/\\\"fbba01f3-f4ab-40ce-b4d1-b6b27b28b845\\\"\"\
        ,\r\n        \"type\": \"Microsoft.Network/networkInterfaces/ipConfigurations\"\
        ,\r\n        \"properties\": {\r\n          \"provisioningState\": \"Succeeded\"\
        ,\r\n          \"privateIPAddress\": \"10.0.0.4\",\r\n          \"privateIPAllocationMethod\"\
        : \"Dynamic\",\r\n          \"publicIPAddress\": {\r\n            \"id\":\
        \ \"/subscriptions/00000000-0000-0000-0000-000000000000/resourceGroups/rgname/providers/Microsoft.Network/publicIPAddresses/publicipaddress\"\
        \r\n          },\r\n          \"subnet\": {\r\n            \"id\": \"/subscriptions/00000000-0000-0000-0000-000000000000/resourceGroups/rgname/providers/Microsoft.Network/virtualNetworks/virtualnetwork/subnets/subnet\"\
        \r\n          },\r\n          \"primary\": true,\r\n          \"privateIPAddressVersion\"\
        : \"IPv4\"\r\n        }\r\n      }\r\n    ],\r\n    \"dnsSettings\": {\r\n\
        \      \"dnsServers\": [],\r\n      \"appliedDnsServers\": [],\r\n      \"\
        internalDomainNameSuffix\": \"5z5sc2ncqo3unj0xaio3yxaqfh.bx.internal.cloudapp.net\"\
        \r\n    },\r\n    \"enableAcceleratedNetworking\": true,\r\n    \"enableIPForwarding\"\
        : false,\r\n    \"hostedWorkloads\": [],\r\n    \"tapConfigurations\": [],\r\
        \n    \"nicType\": \"Standard\"\r\n  },\r\n  \"type\": \"Microsoft.Network/networkInterfaces\"\
        \r\n}"
    headers:
      azure-asyncnotification:
      - Enabled
      azure-asyncoperation:
      - https://management.azure.com/subscriptions/00000000-0000-0000-0000-000000000000/providers/Microsoft.Network/locations/eastus/operations/5fd464e4-acbe-45e8-bea8-5951f8528a91?api-version=2020-04-01
      cache-control:
      - no-cache
      content-length:
      - '2041'
      content-type:
      - application/json; charset=utf-8
      date:
      - Mon, 18 May 2020 16:31:41 GMT
      expires:
      - '-1'
      pragma:
      - no-cache
      server:
      - Microsoft-HTTPAPI/2.0
      - Microsoft-HTTPAPI/2.0
      strict-transport-security:
      - max-age=31536000; includeSubDomains
      x-content-type-options:
      - nosniff
      x-ms-arm-service-request-id:
      - 8a65748d-9a93-4a7e-99f8-ca42843b0d4e
      x-ms-ratelimit-remaining-subscription-writes:
      - '1186'
    status:
      code: 201
      message: Created
- request:
    body: null
    headers:
      Accept:
      - '*/*'
      Accept-Encoding:
      - gzip, deflate
      Connection:
      - keep-alive
      User-Agent:
      - azsdk-python-azure-mgmt-network/11.0.0 Python/3.6.9 (Linux-4.9.184-linuxkit-x86_64-with-Ubuntu-18.04-bionic)
    method: GET
    uri: https://management.azure.com/subscriptions/00000000-0000-0000-0000-000000000000/providers/Microsoft.Network/locations/eastus/operations/5fd464e4-acbe-45e8-bea8-5951f8528a91?api-version=2020-04-01
  response:
    body:
      string: "{\r\n  \"status\": \"Succeeded\"\r\n}"
    headers:
      cache-control:
      - no-cache
      content-length:
      - '29'
      content-type:
      - application/json; charset=utf-8
      date:
      - Mon, 18 May 2020 16:32:11 GMT
      expires:
      - '-1'
      pragma:
      - no-cache
      server:
      - Microsoft-HTTPAPI/2.0
      - Microsoft-HTTPAPI/2.0
      strict-transport-security:
      - max-age=31536000; includeSubDomains
      transfer-encoding:
      - chunked
      vary:
      - Accept-Encoding
      x-content-type-options:
      - nosniff
      x-ms-arm-service-request-id:
      - 0b2dc3d8-7130-42a2-86b7-b3ddf004e97f
    status:
      code: 200
      message: OK
- request:
    body: null
    headers:
      Accept:
      - '*/*'
      Accept-Encoding:
      - gzip, deflate
      Connection:
      - keep-alive
      User-Agent:
      - azsdk-python-azure-mgmt-network/11.0.0 Python/3.6.9 (Linux-4.9.184-linuxkit-x86_64-with-Ubuntu-18.04-bionic)
    method: GET
    uri: https://management.azure.com/subscriptions/00000000-0000-0000-0000-000000000000/resourceGroups/rgname/providers/Microsoft.Network/networkInterfaces/myNetworkInterface?api-version=2020-04-01
  response:
    body:
      string: "{\r\n  \"name\": \"myNetworkInterface\",\r\n  \"id\": \"/subscriptions/00000000-0000-0000-0000-000000000000/resourceGroups/rgname/providers/Microsoft.Network/networkInterfaces/myNetworkInterface\"\
        ,\r\n  \"etag\": \"W/\\\"fbba01f3-f4ab-40ce-b4d1-b6b27b28b845\\\"\",\r\n \
        \ \"location\": \"eastus\",\r\n  \"properties\": {\r\n    \"provisioningState\"\
        : \"Succeeded\",\r\n    \"resourceGuid\": \"f326e164-81cb-462a-9be8-ddb92a0be804\"\
        ,\r\n    \"ipConfigurations\": [\r\n      {\r\n        \"name\": \"myIpConfiguration\"\
        ,\r\n        \"id\": \"/subscriptions/00000000-0000-0000-0000-000000000000/resourceGroups/rgname/providers/Microsoft.Network/networkInterfaces/myNetworkInterface/ipConfigurations/myIpConfiguration\"\
        ,\r\n        \"etag\": \"W/\\\"fbba01f3-f4ab-40ce-b4d1-b6b27b28b845\\\"\"\
        ,\r\n        \"type\": \"Microsoft.Network/networkInterfaces/ipConfigurations\"\
        ,\r\n        \"properties\": {\r\n          \"provisioningState\": \"Succeeded\"\
        ,\r\n          \"privateIPAddress\": \"10.0.0.4\",\r\n          \"privateIPAllocationMethod\"\
        : \"Dynamic\",\r\n          \"publicIPAddress\": {\r\n            \"id\":\
        \ \"/subscriptions/00000000-0000-0000-0000-000000000000/resourceGroups/rgname/providers/Microsoft.Network/publicIPAddresses/publicipaddress\"\
        \r\n          },\r\n          \"subnet\": {\r\n            \"id\": \"/subscriptions/00000000-0000-0000-0000-000000000000/resourceGroups/rgname/providers/Microsoft.Network/virtualNetworks/virtualnetwork/subnets/subnet\"\
        \r\n          },\r\n          \"primary\": true,\r\n          \"privateIPAddressVersion\"\
        : \"IPv4\"\r\n        }\r\n      }\r\n    ],\r\n    \"dnsSettings\": {\r\n\
        \      \"dnsServers\": [],\r\n      \"appliedDnsServers\": [],\r\n      \"\
        internalDomainNameSuffix\": \"5z5sc2ncqo3unj0xaio3yxaqfh.bx.internal.cloudapp.net\"\
        \r\n    },\r\n    \"enableAcceleratedNetworking\": true,\r\n    \"enableIPForwarding\"\
        : false,\r\n    \"hostedWorkloads\": [],\r\n    \"tapConfigurations\": [],\r\
        \n    \"nicType\": \"Standard\"\r\n  },\r\n  \"type\": \"Microsoft.Network/networkInterfaces\"\
        \r\n}"
    headers:
      cache-control:
      - no-cache
      content-length:
      - '2041'
      content-type:
      - application/json; charset=utf-8
      date:
      - Mon, 18 May 2020 16:32:11 GMT
      etag:
      - W/"fbba01f3-f4ab-40ce-b4d1-b6b27b28b845"
      expires:
      - '-1'
      pragma:
      - no-cache
      server:
      - Microsoft-HTTPAPI/2.0
      - Microsoft-HTTPAPI/2.0
      strict-transport-security:
      - max-age=31536000; includeSubDomains
      transfer-encoding:
      - chunked
      vary:
      - Accept-Encoding
      x-content-type-options:
      - nosniff
      x-ms-arm-service-request-id:
      - 4f7fa5fe-8a51-40ae-a2c4-208317b9c2d2
    status:
      code: 200
      message: OK
- request:
    body: 'b''{"location": "eastus", "properties": {"hardwareProfile": {"vmSize":
      "Standard_D2_v2"}, "storageProfile": {"imageReference": {"publisher": "MicrosoftWindowsServer",
      "offer": "WindowsServer", "sku": "2016-Datacenter", "version": "latest"}, "osDisk":
      {"name": "myVMosdisk", "caching": "ReadWrite", "createOption": "FromImage",
      "managedDisk": {"storageAccountType": "Standard_LRS"}}, "dataDisks": [{"lun":
      0, "createOption": "Empty", "diskSizeGB": 1023}, {"lun": 1, "createOption":
      "Empty", "diskSizeGB": 1023}]}, "osProfile": {"computerName": "myVM", "adminUsername":
      "testuser", "adminPassword": "Aa1!zyx_", "windowsConfiguration": {"enableAutomaticUpdates":
      true}}, "networkProfile": {"networkInterfaces": [{"id": "/subscriptions/00000000-0000-0000-0000-000000000000/resourceGroups/rgname/providers/Microsoft.Network/networkInterfaces/myNetworkInterface",
      "properties": {"primary": true}}]}}}'''
    headers:
      Accept:
      - application/json
      Accept-Encoding:
      - gzip, deflate
      Connection:
      - keep-alive
      Content-Length:
      - '937'
      Content-Type:
      - application/json; charset=utf-8
      User-Agent:
      - python/3.6.9 (Linux-4.9.184-linuxkit-x86_64-with-Ubuntu-18.04-bionic) msrest/0.6.10
        msrest_azure/0.6.2 azure-mgmt-compute/10.0.0 Azure-SDK-For-Python
      accept-language:
      - en-US
    method: PUT
    uri: https://management.azure.com/subscriptions/00000000-0000-0000-0000-000000000000/resourceGroups/rgname/providers/Microsoft.Compute/virtualMachines/virtualmachine?api-version=2019-07-01
  response:
    body:
      string: "{\r\n  \"name\": \"virtualmachine\",\r\n  \"id\": \"/subscriptions/00000000-0000-0000-0000-000000000000/resourceGroups/rgname/providers/Microsoft.Compute/virtualMachines/virtualmachine\"\
        ,\r\n  \"type\": \"Microsoft.Compute/virtualMachines\",\r\n  \"location\"\
        : \"eastus\",\r\n  \"properties\": {\r\n    \"vmId\": \"26e47459-dc54-4b4e-ab89-c944ed3b97b1\"\
        ,\r\n    \"hardwareProfile\": {\r\n      \"vmSize\": \"Standard_D2_v2\"\r\n\
        \    },\r\n    \"storageProfile\": {\r\n      \"imageReference\": {\r\n  \
        \      \"publisher\": \"MicrosoftWindowsServer\",\r\n        \"offer\": \"\
        WindowsServer\",\r\n        \"sku\": \"2016-Datacenter\",\r\n        \"version\"\
        : \"latest\",\r\n        \"exactVersion\": \"14393.3686.2005061700\"\r\n \
        \     },\r\n      \"osDisk\": {\r\n        \"osType\": \"Windows\",\r\n  \
        \      \"name\": \"myVMosdisk\",\r\n        \"createOption\": \"FromImage\"\
        ,\r\n        \"caching\": \"ReadWrite\",\r\n        \"managedDisk\": {\r\n\
        \          \"storageAccountType\": \"Standard_LRS\"\r\n        },\r\n    \
        \    \"diskSizeGB\": 127\r\n      },\r\n      \"dataDisks\": [\r\n       \
        \ {\r\n          \"lun\": 0,\r\n          \"createOption\": \"Empty\",\r\n\
        \          \"caching\": \"None\",\r\n          \"managedDisk\": {\r\n    \
        \        \"storageAccountType\": \"Standard_LRS\"\r\n          },\r\n    \
        \      \"diskSizeGB\": 1023,\r\n          \"toBeDetached\": false\r\n    \
        \    },\r\n        {\r\n          \"lun\": 1,\r\n          \"createOption\"\
        : \"Empty\",\r\n          \"caching\": \"None\",\r\n          \"managedDisk\"\
        : {\r\n            \"storageAccountType\": \"Standard_LRS\"\r\n          },\r\
        \n          \"diskSizeGB\": 1023,\r\n          \"toBeDetached\": false\r\n\
        \        }\r\n      ]\r\n    },\r\n    \"osProfile\": {\r\n      \"computerName\"\
        : \"myVM\",\r\n      \"adminUsername\": \"testuser\",\r\n      \"windowsConfiguration\"\
        : {\r\n        \"provisionVMAgent\": true,\r\n        \"enableAutomaticUpdates\"\
        : true\r\n      },\r\n      \"secrets\": [],\r\n      \"allowExtensionOperations\"\
        : true,\r\n      \"requireGuestProvisionSignal\": true\r\n    },\r\n    \"\
        networkProfile\": {\"networkInterfaces\":[{\"id\":\"/subscriptions/00000000-0000-0000-0000-000000000000/resourceGroups/rgname/providers/Microsoft.Network/networkInterfaces/myNetworkInterface\"\
        ,\"properties\":{\"primary\":true}}]},\r\n    \"provisioningState\": \"Creating\"\
        \r\n  }\r\n}"
    headers:
      azure-asyncnotification:
      - Enabled
      azure-asyncoperation:
      - https://management.azure.com/subscriptions/00000000-0000-0000-0000-000000000000/providers/Microsoft.Compute/locations/eastus/operations/2350e69e-6410-490e-b722-0ebbabbae0f9?api-version=2019-07-01
      cache-control:
      - no-cache
      content-length:
      - '2173'
      content-type:
      - application/json; charset=utf-8
      date:
      - Mon, 18 May 2020 16:32:21 GMT
      expires:
      - '-1'
      pragma:
      - no-cache
      server:
      - Microsoft-HTTPAPI/2.0
      - Microsoft-HTTPAPI/2.0
      strict-transport-security:
      - max-age=31536000; includeSubDomains
      x-content-type-options:
      - nosniff
      x-ms-ratelimit-remaining-resource:
      - Microsoft.Compute/PutVM3Min;574,Microsoft.Compute/PutVM30Min;2878
      x-ms-ratelimit-remaining-subscription-writes:
      - '1199'
    status:
      code: 201
      message: Created
- request:
    body: null
    headers:
      Accept:
      - application/json
      Accept-Encoding:
      - gzip, deflate
      Connection:
      - keep-alive
      User-Agent:
      - python/3.6.9 (Linux-4.9.184-linuxkit-x86_64-with-Ubuntu-18.04-bionic) msrest/0.6.10
        msrest_azure/0.6.2 azure-mgmt-compute/10.0.0 Azure-SDK-For-Python
    method: GET
    uri: https://management.azure.com/subscriptions/00000000-0000-0000-0000-000000000000/providers/Microsoft.Compute/locations/eastus/operations/2350e69e-6410-490e-b722-0ebbabbae0f9?api-version=2019-07-01
  response:
    body:
      string: "{\r\n  \"startTime\": \"2020-05-18T16:32:19.250555+00:00\",\r\n  \"\
        status\": \"InProgress\",\r\n  \"name\": \"2350e69e-6410-490e-b722-0ebbabbae0f9\"\
        \r\n}"
    headers:
      cache-control:
      - no-cache
      content-length:
      - '133'
      content-type:
      - application/json; charset=utf-8
      date:
      - Mon, 18 May 2020 16:32:32 GMT
      expires:
      - '-1'
      pragma:
      - no-cache
      server:
      - Microsoft-HTTPAPI/2.0
      - Microsoft-HTTPAPI/2.0
      strict-transport-security:
      - max-age=31536000; includeSubDomains
      transfer-encoding:
      - chunked
      vary:
      - Accept-Encoding
      x-content-type-options:
      - nosniff
      x-ms-ratelimit-remaining-resource:
      - Microsoft.Compute/GetOperation3Min;14985,Microsoft.Compute/GetOperation30Min;29837
    status:
      code: 200
      message: OK
- request:
    body: null
    headers:
      Accept:
      - application/json
      Accept-Encoding:
      - gzip, deflate
      Connection:
      - keep-alive
      User-Agent:
      - python/3.6.9 (Linux-4.9.184-linuxkit-x86_64-with-Ubuntu-18.04-bionic) msrest/0.6.10
        msrest_azure/0.6.2 azure-mgmt-compute/10.0.0 Azure-SDK-For-Python
    method: GET
    uri: https://management.azure.com/subscriptions/00000000-0000-0000-0000-000000000000/providers/Microsoft.Compute/locations/eastus/operations/2350e69e-6410-490e-b722-0ebbabbae0f9?api-version=2019-07-01
  response:
    body:
      string: "{\r\n  \"startTime\": \"2020-05-18T16:32:19.250555+00:00\",\r\n  \"\
        endTime\": \"2020-05-18T16:33:17.250857+00:00\",\r\n  \"status\": \"Succeeded\"\
        ,\r\n  \"name\": \"2350e69e-6410-490e-b722-0ebbabbae0f9\"\r\n}"
    headers:
      cache-control:
      - no-cache
      content-length:
      - '182'
      content-type:
      - application/json; charset=utf-8
      date:
      - Mon, 18 May 2020 16:33:21 GMT
      expires:
      - '-1'
      pragma:
      - no-cache
      server:
      - Microsoft-HTTPAPI/2.0
      - Microsoft-HTTPAPI/2.0
      strict-transport-security:
      - max-age=31536000; includeSubDomains
      transfer-encoding:
      - chunked
      vary:
      - Accept-Encoding
      x-content-type-options:
      - nosniff
      x-ms-ratelimit-remaining-resource:
      - Microsoft.Compute/GetOperation3Min;14982,Microsoft.Compute/GetOperation30Min;29831
    status:
      code: 200
      message: OK
- request:
    body: null
    headers:
      Accept:
      - application/json
      Accept-Encoding:
      - gzip, deflate
      Connection:
      - keep-alive
      User-Agent:
      - python/3.6.9 (Linux-4.9.184-linuxkit-x86_64-with-Ubuntu-18.04-bionic) msrest/0.6.10
        msrest_azure/0.6.2 azure-mgmt-compute/10.0.0 Azure-SDK-For-Python
    method: GET
    uri: https://management.azure.com/subscriptions/00000000-0000-0000-0000-000000000000/resourceGroups/rgname/providers/Microsoft.Compute/virtualMachines/virtualmachine?api-version=2019-07-01
  response:
    body:
      string: "{\r\n  \"name\": \"virtualmachine\",\r\n  \"id\": \"/subscriptions/00000000-0000-0000-0000-000000000000/resourceGroups/rgname/providers/Microsoft.Compute/virtualMachines/virtualmachine\"\
        ,\r\n  \"type\": \"Microsoft.Compute/virtualMachines\",\r\n  \"location\"\
        : \"eastus\",\r\n  \"properties\": {\r\n    \"vmId\": \"26e47459-dc54-4b4e-ab89-c944ed3b97b1\"\
        ,\r\n    \"hardwareProfile\": {\r\n      \"vmSize\": \"Standard_D2_v2\"\r\n\
        \    },\r\n    \"storageProfile\": {\r\n      \"imageReference\": {\r\n  \
        \      \"publisher\": \"MicrosoftWindowsServer\",\r\n        \"offer\": \"\
        WindowsServer\",\r\n        \"sku\": \"2016-Datacenter\",\r\n        \"version\"\
        : \"latest\",\r\n        \"exactVersion\": \"14393.3686.2005061700\"\r\n \
        \     },\r\n      \"osDisk\": {\r\n        \"osType\": \"Windows\",\r\n  \
        \      \"name\": \"myVMosdisk\",\r\n        \"createOption\": \"FromImage\"\
        ,\r\n        \"caching\": \"ReadWrite\",\r\n        \"managedDisk\": {\r\n\
        \          \"storageAccountType\": \"Standard_LRS\",\r\n          \"id\":\
        \ \"/subscriptions/00000000-0000-0000-0000-000000000000/resourceGroups/rgname/providers/Microsoft.Compute/disks/myVMosdisk\"\
        \r\n        },\r\n        \"diskSizeGB\": 127\r\n      },\r\n      \"dataDisks\"\
        : [\r\n        {\r\n          \"lun\": 0,\r\n          \"name\": \"virtualmachine_disk2_f236d8942a4441adaac944e9a81576e8\"\
        ,\r\n          \"createOption\": \"Empty\",\r\n          \"caching\": \"None\"\
        ,\r\n          \"managedDisk\": {\r\n            \"storageAccountType\": \"\
        Standard_LRS\",\r\n            \"id\": \"/subscriptions/00000000-0000-0000-0000-000000000000/resourceGroups/rgname/providers/Microsoft.Compute/disks/virtualmachine_disk2_f236d8942a4441adaac944e9a81576e8\"\
        \r\n          },\r\n          \"diskSizeGB\": 1023,\r\n          \"toBeDetached\"\
        : false\r\n        },\r\n        {\r\n          \"lun\": 1,\r\n          \"\
        name\": \"virtualmachine_disk3_f1ec870c9b734be89de19e1cb08d4417\",\r\n   \
        \       \"createOption\": \"Empty\",\r\n          \"caching\": \"None\",\r\
        \n          \"managedDisk\": {\r\n            \"storageAccountType\": \"Standard_LRS\"\
        ,\r\n            \"id\": \"/subscriptions/00000000-0000-0000-0000-000000000000/resourceGroups/rgname/providers/Microsoft.Compute/disks/virtualmachine_disk3_f1ec870c9b734be89de19e1cb08d4417\"\
        \r\n          },\r\n          \"diskSizeGB\": 1023,\r\n          \"toBeDetached\"\
        : false\r\n        }\r\n      ]\r\n    },\r\n    \"osProfile\": {\r\n    \
        \  \"computerName\": \"myVM\",\r\n      \"adminUsername\": \"testuser\",\r\
        \n      \"windowsConfiguration\": {\r\n        \"provisionVMAgent\": true,\r\
        \n        \"enableAutomaticUpdates\": true\r\n      },\r\n      \"secrets\"\
        : [],\r\n      \"allowExtensionOperations\": true,\r\n      \"requireGuestProvisionSignal\"\
        : true\r\n    },\r\n    \"networkProfile\": {\"networkInterfaces\":[{\"id\"\
        :\"/subscriptions/00000000-0000-0000-0000-000000000000/resourceGroups/rgname/providers/Microsoft.Network/networkInterfaces/myNetworkInterface\"\
        ,\"properties\":{\"primary\":true}}]},\r\n    \"provisioningState\": \"Succeeded\"\
        \r\n  }\r\n}"
    headers:
      cache-control:
      - no-cache
      content-length:
      - '2971'
      content-type:
      - application/json; charset=utf-8
      date:
      - Mon, 18 May 2020 16:33:22 GMT
      expires:
      - '-1'
      pragma:
      - no-cache
      server:
      - Microsoft-HTTPAPI/2.0
      - Microsoft-HTTPAPI/2.0
      strict-transport-security:
      - max-age=31536000; includeSubDomains
      transfer-encoding:
      - chunked
      vary:
      - Accept-Encoding
      x-content-type-options:
      - nosniff
      x-ms-ratelimit-remaining-resource:
      - Microsoft.Compute/LowCostGet3Min;3999,Microsoft.Compute/LowCostGet30Min;31985
    status:
      code: 200
      message: OK
- request:
    body: null
    headers:
      Accept:
      - application/json
      Accept-Encoding:
      - gzip, deflate
      Connection:
      - keep-alive
      User-Agent:
      - azsdk-python-azure-mgmt-network/11.0.0 Python/3.6.9 (Linux-4.9.184-linuxkit-x86_64-with-Ubuntu-18.04-bionic)
    method: GET
    uri: https://management.azure.com/subscriptions/00000000-0000-0000-0000-000000000000/resourceGroups/rgname/providers/Microsoft.Network/networkInterfaces/myNetworkInterface/ipConfigurations/myIpConfiguration?api-version=2020-04-01
  response:
    body:
      string: "{\r\n  \"name\": \"myIpConfiguration\",\r\n  \"id\": \"/subscriptions/00000000-0000-0000-0000-000000000000/resourceGroups/rgname/providers/Microsoft.Network/networkInterfaces/myNetworkInterface/ipConfigurations/myIpConfiguration\"\
        ,\r\n  \"etag\": \"W/\\\"a3067fcb-6fd1-4d02-9c53-1d7759cdc73f\\\"\",\r\n \
        \ \"type\": \"Microsoft.Network/networkInterfaces/ipConfigurations\",\r\n\
        \  \"properties\": {\r\n    \"provisioningState\": \"Succeeded\",\r\n    \"\
        privateIPAddress\": \"10.0.0.4\",\r\n    \"privateIPAllocationMethod\": \"\
        Dynamic\",\r\n    \"publicIPAddress\": {\r\n      \"id\": \"/subscriptions/00000000-0000-0000-0000-000000000000/resourceGroups/rgname/providers/Microsoft.Network/publicIPAddresses/publicipaddress\"\
        \r\n    },\r\n    \"subnet\": {\r\n      \"id\": \"/subscriptions/00000000-0000-0000-0000-000000000000/resourceGroups/rgname/providers/Microsoft.Network/virtualNetworks/virtualnetwork/subnets/subnet\"\
        \r\n    },\r\n    \"primary\": true,\r\n    \"privateIPAddressVersion\": \"\
        IPv4\"\r\n  }\r\n}"
    headers:
      cache-control:
      - no-cache
      content-length:
      - '1063'
      content-type:
      - application/json; charset=utf-8
      date:
      - Mon, 18 May 2020 16:33:22 GMT
      etag:
      - W/"a3067fcb-6fd1-4d02-9c53-1d7759cdc73f"
      expires:
      - '-1'
      pragma:
      - no-cache
      server:
      - Microsoft-HTTPAPI/2.0
      - Microsoft-HTTPAPI/2.0
      strict-transport-security:
      - max-age=31536000; includeSubDomains
      transfer-encoding:
      - chunked
      vary:
      - Accept-Encoding
      x-content-type-options:
      - nosniff
      x-ms-arm-service-request-id:
      - 06eda94c-c995-4fbd-8169-c72451c1b026
    status:
      code: 200
      message: OK
- request:
    body: null
    headers:
      Accept:
      - application/json
      Accept-Encoding:
      - gzip, deflate
      Connection:
      - keep-alive
      User-Agent:
      - azsdk-python-azure-mgmt-network/11.0.0 Python/3.6.9 (Linux-4.9.184-linuxkit-x86_64-with-Ubuntu-18.04-bionic)
    method: GET
    uri: https://management.azure.com/subscriptions/00000000-0000-0000-0000-000000000000/resourceGroups/rgname/providers/Microsoft.Network/networkInterfaces/myNetworkInterface?api-version=2020-04-01
  response:
    body:
      string: "{\r\n  \"name\": \"myNetworkInterface\",\r\n  \"id\": \"/subscriptions/00000000-0000-0000-0000-000000000000/resourceGroups/rgname/providers/Microsoft.Network/networkInterfaces/myNetworkInterface\"\
        ,\r\n  \"etag\": \"W/\\\"a3067fcb-6fd1-4d02-9c53-1d7759cdc73f\\\"\",\r\n \
        \ \"location\": \"eastus\",\r\n  \"properties\": {\r\n    \"provisioningState\"\
        : \"Succeeded\",\r\n    \"resourceGuid\": \"f326e164-81cb-462a-9be8-ddb92a0be804\"\
        ,\r\n    \"ipConfigurations\": [\r\n      {\r\n        \"name\": \"myIpConfiguration\"\
        ,\r\n        \"id\": \"/subscriptions/00000000-0000-0000-0000-000000000000/resourceGroups/rgname/providers/Microsoft.Network/networkInterfaces/myNetworkInterface/ipConfigurations/myIpConfiguration\"\
        ,\r\n        \"etag\": \"W/\\\"a3067fcb-6fd1-4d02-9c53-1d7759cdc73f\\\"\"\
        ,\r\n        \"type\": \"Microsoft.Network/networkInterfaces/ipConfigurations\"\
        ,\r\n        \"properties\": {\r\n          \"provisioningState\": \"Succeeded\"\
        ,\r\n          \"privateIPAddress\": \"10.0.0.4\",\r\n          \"privateIPAllocationMethod\"\
        : \"Dynamic\",\r\n          \"publicIPAddress\": {\r\n            \"id\":\
        \ \"/subscriptions/00000000-0000-0000-0000-000000000000/resourceGroups/rgname/providers/Microsoft.Network/publicIPAddresses/publicipaddress\"\
        \r\n          },\r\n          \"subnet\": {\r\n            \"id\": \"/subscriptions/00000000-0000-0000-0000-000000000000/resourceGroups/rgname/providers/Microsoft.Network/virtualNetworks/virtualnetwork/subnets/subnet\"\
        \r\n          },\r\n          \"primary\": true,\r\n          \"privateIPAddressVersion\"\
        : \"IPv4\"\r\n        }\r\n      }\r\n    ],\r\n    \"dnsSettings\": {\r\n\
        \      \"dnsServers\": [],\r\n      \"appliedDnsServers\": [],\r\n      \"\
        internalDomainNameSuffix\": \"5z5sc2ncqo3unj0xaio3yxaqfh.bx.internal.cloudapp.net\"\
        \r\n    },\r\n    \"macAddress\": \"00-0D-3A-15-17-CB\",\r\n    \"enableAcceleratedNetworking\"\
        : true,\r\n    \"enableIPForwarding\": false,\r\n    \"primary\": true,\r\n\
        \    \"virtualMachine\": {\r\n      \"id\": \"/subscriptions/00000000-0000-0000-0000-000000000000/resourceGroups/rgname/providers/Microsoft.Compute/virtualMachines/virtualmachine\"\
        \r\n    },\r\n    \"hostedWorkloads\": [],\r\n    \"tapConfigurations\": [],\r\
        \n    \"nicType\": \"Standard\"\r\n  },\r\n  \"type\": \"Microsoft.Network/networkInterfaces\"\
        \r\n}"
    headers:
      cache-control:
      - no-cache
      content-length:
      - '2330'
      content-type:
      - application/json; charset=utf-8
      date:
      - Mon, 18 May 2020 16:33:23 GMT
      etag:
      - W/"a3067fcb-6fd1-4d02-9c53-1d7759cdc73f"
      expires:
      - '-1'
      pragma:
      - no-cache
      server:
      - Microsoft-HTTPAPI/2.0
      - Microsoft-HTTPAPI/2.0
      strict-transport-security:
      - max-age=31536000; includeSubDomains
      transfer-encoding:
      - chunked
      vary:
      - Accept-Encoding
      x-content-type-options:
      - nosniff
      x-ms-arm-service-request-id:
      - df365a88-4644-4c05-866b-e66938fc479a
    status:
      code: 200
      message: OK
- request:
    body: null
    headers:
      Accept:
      - application/json
      Accept-Encoding:
      - gzip, deflate
      Connection:
      - keep-alive
      Content-Length:
      - '0'
      User-Agent:
      - azsdk-python-azure-mgmt-network/11.0.0 Python/3.6.9 (Linux-4.9.184-linuxkit-x86_64-with-Ubuntu-18.04-bionic)
    method: POST
    uri: https://management.azure.com/subscriptions/00000000-0000-0000-0000-000000000000/resourceGroups/rgname/providers/Microsoft.Network/networkInterfaces/myNetworkInterface/effectiveNetworkSecurityGroups?api-version=2020-04-01
  response:
    body:
      string: 'null'
    headers:
      cache-control:
      - no-cache
      content-length:
      - '4'
      content-type:
      - application/json; charset=utf-8
      date:
      - Mon, 18 May 2020 16:33:23 GMT
      expires:
      - '-1'
      location:
      - https://management.azure.com/subscriptions/00000000-0000-0000-0000-000000000000/providers/Microsoft.Network/locations/eastus/operationResults/c49d953a-a502-41e2-9514-3c1473566270?api-version=2020-04-01
      pragma:
      - no-cache
      server:
      - Microsoft-HTTPAPI/2.0
      - Microsoft-HTTPAPI/2.0
      strict-transport-security:
      - max-age=31536000; includeSubDomains
      x-content-type-options:
      - nosniff
      x-ms-arm-service-request-id:
      - c9dcfbf3-142a-4efa-9c09-7efe12585188
      x-ms-ratelimit-remaining-subscription-writes:
      - '1199'
    status:
      code: 202
      message: Accepted
- request:
    body: null
    headers:
      Accept:
      - '*/*'
      Accept-Encoding:
      - gzip, deflate
      Connection:
      - keep-alive
      User-Agent:
      - azsdk-python-azure-mgmt-network/11.0.0 Python/3.6.9 (Linux-4.9.184-linuxkit-x86_64-with-Ubuntu-18.04-bionic)
    method: GET
    uri: https://management.azure.com/subscriptions/00000000-0000-0000-0000-000000000000/providers/Microsoft.Network/locations/eastus/operationResults/c49d953a-a502-41e2-9514-3c1473566270?api-version=2020-04-01
  response:
    body:
      string: "{\r\n  \"value\": []\r\n}"
    headers:
      cache-control:
      - no-cache
      content-length:
      - '19'
      content-type:
      - application/json; charset=utf-8
      date:
      - Mon, 18 May 2020 16:33:33 GMT
      expires:
      - '-1'
      location:
      - https://management.azure.com/subscriptions/00000000-0000-0000-0000-000000000000/providers/Microsoft.Network/locations/eastus/operationResults/c49d953a-a502-41e2-9514-3c1473566270?api-version=2020-04-01
      pragma:
      - no-cache
      server:
      - Microsoft-HTTPAPI/2.0
      - Microsoft-HTTPAPI/2.0
      strict-transport-security:
      - max-age=31536000; includeSubDomains
      transfer-encoding:
      - chunked
      vary:
      - Accept-Encoding
      x-content-type-options:
      - nosniff
      x-ms-arm-service-request-id:
      - c9dcfbf3-142a-4efa-9c09-7efe12585188
    status:
      code: 200
      message: OK
- request:
    body: null
    headers:
      Accept:
      - application/json
      Accept-Encoding:
      - gzip, deflate
      Connection:
      - keep-alive
      Content-Length:
      - '0'
      User-Agent:
      - azsdk-python-azure-mgmt-network/11.0.0 Python/3.6.9 (Linux-4.9.184-linuxkit-x86_64-with-Ubuntu-18.04-bionic)
    method: POST
    uri: https://management.azure.com/subscriptions/00000000-0000-0000-0000-000000000000/resourceGroups/rgname/providers/Microsoft.Network/networkInterfaces/myNetworkInterface/effectiveRouteTable?api-version=2020-04-01
  response:
    body:
      string: 'null'
    headers:
      cache-control:
      - no-cache
      content-length:
      - '4'
      content-type:
      - application/json; charset=utf-8
      date:
      - Mon, 18 May 2020 16:33:34 GMT
      expires:
      - '-1'
      location:
      - https://management.azure.com/subscriptions/00000000-0000-0000-0000-000000000000/providers/Microsoft.Network/locations/eastus/operationResults/f6c6fe93-3d33-4de3-bf2e-a15ce4e6e253?api-version=2020-04-01
      pragma:
      - no-cache
      server:
      - Microsoft-HTTPAPI/2.0
      - Microsoft-HTTPAPI/2.0
      strict-transport-security:
      - max-age=31536000; includeSubDomains
      x-content-type-options:
      - nosniff
      x-ms-arm-service-request-id:
      - da5c2887-ccd8-400c-9cf8-176ff5fc0017
      x-ms-ratelimit-remaining-subscription-writes:
      - '1198'
    status:
      code: 202
      message: Accepted
- request:
    body: null
    headers:
      Accept:
      - '*/*'
      Accept-Encoding:
      - gzip, deflate
      Connection:
      - keep-alive
      User-Agent:
      - azsdk-python-azure-mgmt-network/11.0.0 Python/3.6.9 (Linux-4.9.184-linuxkit-x86_64-with-Ubuntu-18.04-bionic)
    method: GET
    uri: https://management.azure.com/subscriptions/00000000-0000-0000-0000-000000000000/providers/Microsoft.Network/locations/eastus/operationResults/f6c6fe93-3d33-4de3-bf2e-a15ce4e6e253?api-version=2020-04-01
  response:
    body:
      string: "{\r\n  \"value\": [\r\n    {\r\n      \"disableBgpRoutePropagation\"\
        : false,\r\n      \"source\": \"Default\",\r\n      \"state\": \"Active\"\
        ,\r\n      \"hasBgpOverride\": false,\r\n      \"addressPrefix\": [\r\n  \
        \      \"10.0.0.0/16\"\r\n      ],\r\n      \"nextHopType\": \"VnetLocal\"\
        ,\r\n      \"nextHopIpAddress\": [],\r\n      \"destinationServiceTags\":\
        \ [],\r\n      \"tagMap\": {}\r\n    },\r\n    {\r\n      \"disableBgpRoutePropagation\"\
        : false,\r\n      \"source\": \"Default\",\r\n      \"state\": \"Active\"\
        ,\r\n      \"hasBgpOverride\": false,\r\n      \"addressPrefix\": [\r\n  \
        \      \"0.0.0.0/0\"\r\n      ],\r\n      \"nextHopType\": \"Internet\",\r\
        \n      \"nextHopIpAddress\": [],\r\n      \"destinationServiceTags\": [],\r\
        \n      \"tagMap\": {}\r\n    },\r\n    {\r\n      \"disableBgpRoutePropagation\"\
        : false,\r\n      \"source\": \"Default\",\r\n      \"state\": \"Active\"\
        ,\r\n      \"hasBgpOverride\": false,\r\n      \"addressPrefix\": [\r\n  \
        \      \"10.0.0.0/8\"\r\n      ],\r\n      \"nextHopType\": \"None\",\r\n\
        \      \"nextHopIpAddress\": [],\r\n      \"destinationServiceTags\": [],\r\
        \n      \"tagMap\": {}\r\n    },\r\n    {\r\n      \"disableBgpRoutePropagation\"\
        : false,\r\n      \"source\": \"Default\",\r\n      \"state\": \"Active\"\
        ,\r\n      \"hasBgpOverride\": false,\r\n      \"addressPrefix\": [\r\n  \
        \      \"100.64.0.0/10\"\r\n      ],\r\n      \"nextHopType\": \"None\",\r\
        \n      \"nextHopIpAddress\": [],\r\n      \"destinationServiceTags\": [],\r\
        \n      \"tagMap\": {}\r\n    },\r\n    {\r\n      \"disableBgpRoutePropagation\"\
        : false,\r\n      \"source\": \"Default\",\r\n      \"state\": \"Active\"\
        ,\r\n      \"hasBgpOverride\": false,\r\n      \"addressPrefix\": [\r\n  \
        \      \"192.168.0.0/16\"\r\n      ],\r\n      \"nextHopType\": \"None\",\r\
        \n      \"nextHopIpAddress\": [],\r\n      \"destinationServiceTags\": [],\r\
        \n      \"tagMap\": {}\r\n    }\r\n  ]\r\n}"
    headers:
      cache-control:
      - no-cache
      content-length:
      - '1643'
      content-type:
      - application/json; charset=utf-8
      date:
      - Mon, 18 May 2020 16:33:44 GMT
      expires:
      - '-1'
      location:
      - https://management.azure.com/subscriptions/00000000-0000-0000-0000-000000000000/providers/Microsoft.Network/locations/eastus/operationResults/f6c6fe93-3d33-4de3-bf2e-a15ce4e6e253?api-version=2020-04-01
      pragma:
      - no-cache
      server:
      - Microsoft-HTTPAPI/2.0
      - Microsoft-HTTPAPI/2.0
      strict-transport-security:
      - max-age=31536000; includeSubDomains
      transfer-encoding:
      - chunked
      vary:
      - Accept-Encoding
      x-content-type-options:
      - nosniff
      x-ms-arm-service-request-id:
      - da5c2887-ccd8-400c-9cf8-176ff5fc0017
    status:
      code: 200
      message: OK
- request:
    body: '{"tags": {"tag1": "value1", "tag2": "value2"}}'
    headers:
      Accept:
      - application/json
      Accept-Encoding:
      - gzip, deflate
      Connection:
      - keep-alive
      Content-Length:
      - '46'
      Content-Type:
      - application/json
      User-Agent:
      - azsdk-python-azure-mgmt-network/11.0.0 Python/3.6.9 (Linux-4.9.184-linuxkit-x86_64-with-Ubuntu-18.04-bionic)
    method: PATCH
    uri: https://management.azure.com/subscriptions/00000000-0000-0000-0000-000000000000/resourceGroups/rgname/providers/Microsoft.Network/networkInterfaces/myNetworkInterface?api-version=2020-04-01
  response:
    body:
      string: "{\r\n  \"name\": \"myNetworkInterface\",\r\n  \"id\": \"/subscriptions/00000000-0000-0000-0000-000000000000/resourceGroups/rgname/providers/Microsoft.Network/networkInterfaces/myNetworkInterface\"\
        ,\r\n  \"etag\": \"W/\\\"07be4ce3-1ad2-4963-a61a-dbcde4e13c2a\\\"\",\r\n \
        \ \"location\": \"eastus\",\r\n  \"tags\": {\r\n    \"tag1\": \"value1\",\r\
        \n    \"tag2\": \"value2\"\r\n  },\r\n  \"properties\": {\r\n    \"provisioningState\"\
        : \"Succeeded\",\r\n    \"resourceGuid\": \"f326e164-81cb-462a-9be8-ddb92a0be804\"\
        ,\r\n    \"ipConfigurations\": [\r\n      {\r\n        \"name\": \"myIpConfiguration\"\
        ,\r\n        \"id\": \"/subscriptions/00000000-0000-0000-0000-000000000000/resourceGroups/rgname/providers/Microsoft.Network/networkInterfaces/myNetworkInterface/ipConfigurations/myIpConfiguration\"\
        ,\r\n        \"etag\": \"W/\\\"07be4ce3-1ad2-4963-a61a-dbcde4e13c2a\\\"\"\
        ,\r\n        \"type\": \"Microsoft.Network/networkInterfaces/ipConfigurations\"\
        ,\r\n        \"properties\": {\r\n          \"provisioningState\": \"Succeeded\"\
        ,\r\n          \"privateIPAddress\": \"10.0.0.4\",\r\n          \"privateIPAllocationMethod\"\
        : \"Dynamic\",\r\n          \"publicIPAddress\": {\r\n            \"id\":\
        \ \"/subscriptions/00000000-0000-0000-0000-000000000000/resourceGroups/rgname/providers/Microsoft.Network/publicIPAddresses/publicipaddress\"\
        \r\n          },\r\n          \"subnet\": {\r\n            \"id\": \"/subscriptions/00000000-0000-0000-0000-000000000000/resourceGroups/rgname/providers/Microsoft.Network/virtualNetworks/virtualnetwork/subnets/subnet\"\
        \r\n          },\r\n          \"primary\": true,\r\n          \"privateIPAddressVersion\"\
        : \"IPv4\"\r\n        }\r\n      }\r\n    ],\r\n    \"dnsSettings\": {\r\n\
        \      \"dnsServers\": [],\r\n      \"appliedDnsServers\": [],\r\n      \"\
        internalDomainNameSuffix\": \"5z5sc2ncqo3unj0xaio3yxaqfh.bx.internal.cloudapp.net\"\
        \r\n    },\r\n    \"macAddress\": \"00-0D-3A-15-17-CB\",\r\n    \"enableAcceleratedNetworking\"\
        : true,\r\n    \"enableIPForwarding\": false,\r\n    \"primary\": true,\r\n\
        \    \"virtualMachine\": {\r\n      \"id\": \"/subscriptions/00000000-0000-0000-0000-000000000000/resourceGroups/rgname/providers/Microsoft.Compute/virtualMachines/virtualmachine\"\
        \r\n    },\r\n    \"hostedWorkloads\": [],\r\n    \"tapConfigurations\": [],\r\
        \n    \"nicType\": \"Standard\"\r\n  },\r\n  \"type\": \"Microsoft.Network/networkInterfaces\"\
        \r\n}"
    headers:
      azure-asyncnotification:
      - Enabled
      cache-control:
      - no-cache
      content-length:
      - '2394'
      content-type:
      - application/json; charset=utf-8
      date:
      - Mon, 18 May 2020 16:33:47 GMT
      expires:
      - '-1'
      pragma:
      - no-cache
      server:
      - Microsoft-HTTPAPI/2.0
      - Microsoft-HTTPAPI/2.0
      strict-transport-security:
      - max-age=31536000; includeSubDomains
      transfer-encoding:
      - chunked
      vary:
      - Accept-Encoding
      x-content-type-options:
      - nosniff
      x-ms-arm-service-request-id:
      - 85fe8c36-40d5-433f-86f7-a22e28178846
      x-ms-ratelimit-remaining-subscription-writes:
      - '1185'
    status:
      code: 200
      message: OK
- request:
    body: null
    headers:
      Accept:
      - application/json
      Accept-Encoding:
      - gzip, deflate
      Connection:
      - keep-alive
      Content-Length:
      - '0'
      User-Agent:
      - python/3.6.9 (Linux-4.9.184-linuxkit-x86_64-with-Ubuntu-18.04-bionic) msrest/0.6.10
        msrest_azure/0.6.2 azure-mgmt-compute/10.0.0 Azure-SDK-For-Python
      accept-language:
      - en-US
    method: DELETE
    uri: https://management.azure.com/subscriptions/00000000-0000-0000-0000-000000000000/resourceGroups/rgname/providers/Microsoft.Compute/virtualMachines/virtualmachine?api-version=2019-07-01
  response:
    body:
      string: ''
    headers:
      azure-asyncnotification:
      - Enabled
      azure-asyncoperation:
      - https://management.azure.com/subscriptions/00000000-0000-0000-0000-000000000000/providers/Microsoft.Compute/locations/eastus/operations/0de8664d-9025-49bf-851a-46c3aa1e4d0c?api-version=2019-07-01
      cache-control:
      - no-cache
      content-length:
      - '0'
      date:
      - Mon, 18 May 2020 16:33:49 GMT
      expires:
      - '-1'
      location:
      - https://management.azure.com/subscriptions/00000000-0000-0000-0000-000000000000/providers/Microsoft.Compute/locations/eastus/operations/0de8664d-9025-49bf-851a-46c3aa1e4d0c?monitor=true&api-version=2019-07-01
      pragma:
      - no-cache
      server:
      - Microsoft-HTTPAPI/2.0
      - Microsoft-HTTPAPI/2.0
      strict-transport-security:
      - max-age=31536000; includeSubDomains
      x-content-type-options:
      - nosniff
      x-ms-ratelimit-remaining-resource:
      - Microsoft.Compute/DeleteVM3Min;239,Microsoft.Compute/DeleteVM30Min;1198
      x-ms-ratelimit-remaining-subscription-deletes:
      - '14999'
    status:
      code: 202
      message: Accepted
- request:
    body: null
    headers:
      Accept:
      - application/json
      Accept-Encoding:
      - gzip, deflate
      Connection:
      - keep-alive
      User-Agent:
      - python/3.6.9 (Linux-4.9.184-linuxkit-x86_64-with-Ubuntu-18.04-bionic) msrest/0.6.10
        msrest_azure/0.6.2 azure-mgmt-compute/10.0.0 Azure-SDK-For-Python
    method: GET
    uri: https://management.azure.com/subscriptions/00000000-0000-0000-0000-000000000000/providers/Microsoft.Compute/locations/eastus/operations/0de8664d-9025-49bf-851a-46c3aa1e4d0c?api-version=2019-07-01
  response:
    body:
      string: "{\r\n  \"startTime\": \"2020-05-18T16:33:49.6259618+00:00\",\r\n  \"\
        status\": \"InProgress\",\r\n  \"name\": \"0de8664d-9025-49bf-851a-46c3aa1e4d0c\"\
        \r\n}"
    headers:
      cache-control:
      - no-cache
      content-length:
      - '134'
      content-type:
      - application/json; charset=utf-8
      date:
      - Mon, 18 May 2020 16:33:59 GMT
      expires:
      - '-1'
      pragma:
      - no-cache
      server:
      - Microsoft-HTTPAPI/2.0
      - Microsoft-HTTPAPI/2.0
      strict-transport-security:
      - max-age=31536000; includeSubDomains
      transfer-encoding:
      - chunked
      vary:
      - Accept-Encoding
      x-content-type-options:
      - nosniff
      x-ms-ratelimit-remaining-resource:
      - Microsoft.Compute/GetOperation3Min;14982,Microsoft.Compute/GetOperation30Min;29826
    status:
      code: 200
      message: OK
- request:
    body: null
    headers:
      Accept:
      - application/json
      Accept-Encoding:
      - gzip, deflate
      Connection:
      - keep-alive
      User-Agent:
      - python/3.6.9 (Linux-4.9.184-linuxkit-x86_64-with-Ubuntu-18.04-bionic) msrest/0.6.10
        msrest_azure/0.6.2 azure-mgmt-compute/10.0.0 Azure-SDK-For-Python
    method: GET
    uri: https://management.azure.com/subscriptions/00000000-0000-0000-0000-000000000000/providers/Microsoft.Compute/locations/eastus/operations/0de8664d-9025-49bf-851a-46c3aa1e4d0c?api-version=2019-07-01
  response:
    body:
      string: "{\r\n  \"startTime\": \"2020-05-18T16:33:49.6259618+00:00\",\r\n  \"\
        status\": \"InProgress\",\r\n  \"name\": \"0de8664d-9025-49bf-851a-46c3aa1e4d0c\"\
        \r\n}"
    headers:
      cache-control:
      - no-cache
      content-length:
      - '134'
      content-type:
      - application/json; charset=utf-8
      date:
      - Mon, 18 May 2020 16:34:29 GMT
      expires:
      - '-1'
      pragma:
      - no-cache
      server:
      - Microsoft-HTTPAPI/2.0
      - Microsoft-HTTPAPI/2.0
      strict-transport-security:
      - max-age=31536000; includeSubDomains
      transfer-encoding:
      - chunked
      vary:
      - Accept-Encoding
      x-content-type-options:
      - nosniff
      x-ms-ratelimit-remaining-resource:
      - Microsoft.Compute/GetOperation3Min;14979,Microsoft.Compute/GetOperation30Min;29820
    status:
      code: 200
      message: OK
- request:
    body: null
    headers:
      Accept:
      - application/json
      Accept-Encoding:
      - gzip, deflate
      Connection:
      - keep-alive
      User-Agent:
      - python/3.6.9 (Linux-4.9.184-linuxkit-x86_64-with-Ubuntu-18.04-bionic) msrest/0.6.10
        msrest_azure/0.6.2 azure-mgmt-compute/10.0.0 Azure-SDK-For-Python
    method: GET
    uri: https://management.azure.com/subscriptions/00000000-0000-0000-0000-000000000000/providers/Microsoft.Compute/locations/eastus/operations/0de8664d-9025-49bf-851a-46c3aa1e4d0c?api-version=2019-07-01
  response:
    body:
      string: "{\r\n  \"startTime\": \"2020-05-18T16:33:49.6259618+00:00\",\r\n  \"\
        status\": \"InProgress\",\r\n  \"name\": \"0de8664d-9025-49bf-851a-46c3aa1e4d0c\"\
        \r\n}"
    headers:
      cache-control:
      - no-cache
      content-length:
      - '134'
      content-type:
      - application/json; charset=utf-8
      date:
      - Mon, 18 May 2020 16:35:00 GMT
      expires:
      - '-1'
      pragma:
      - no-cache
      server:
      - Microsoft-HTTPAPI/2.0
      - Microsoft-HTTPAPI/2.0
      strict-transport-security:
      - max-age=31536000; includeSubDomains
      transfer-encoding:
      - chunked
      vary:
      - Accept-Encoding
      x-content-type-options:
      - nosniff
      x-ms-ratelimit-remaining-resource:
      - Microsoft.Compute/GetOperation3Min;14971,Microsoft.Compute/GetOperation30Min;29839
    status:
      code: 200
      message: OK
- request:
    body: null
    headers:
      Accept:
      - application/json
      Accept-Encoding:
      - gzip, deflate
      Connection:
      - keep-alive
      User-Agent:
      - python/3.6.9 (Linux-4.9.184-linuxkit-x86_64-with-Ubuntu-18.04-bionic) msrest/0.6.10
        msrest_azure/0.6.2 azure-mgmt-compute/10.0.0 Azure-SDK-For-Python
    method: GET
    uri: https://management.azure.com/subscriptions/00000000-0000-0000-0000-000000000000/providers/Microsoft.Compute/locations/eastus/operations/0de8664d-9025-49bf-851a-46c3aa1e4d0c?api-version=2019-07-01
  response:
    body:
      string: "{\r\n  \"startTime\": \"2020-05-18T16:33:49.6259618+00:00\",\r\n  \"\
        status\": \"InProgress\",\r\n  \"name\": \"0de8664d-9025-49bf-851a-46c3aa1e4d0c\"\
        \r\n}"
    headers:
      cache-control:
      - no-cache
      content-length:
      - '134'
      content-type:
      - application/json; charset=utf-8
      date:
      - Mon, 18 May 2020 16:35:29 GMT
      expires:
      - '-1'
      pragma:
      - no-cache
      server:
      - Microsoft-HTTPAPI/2.0
      - Microsoft-HTTPAPI/2.0
      strict-transport-security:
      - max-age=31536000; includeSubDomains
      transfer-encoding:
      - chunked
      vary:
      - Accept-Encoding
      x-content-type-options:
      - nosniff
      x-ms-ratelimit-remaining-resource:
      - Microsoft.Compute/GetOperation3Min;14972,Microsoft.Compute/GetOperation30Min;29836
    status:
      code: 200
      message: OK
- request:
    body: null
    headers:
      Accept:
      - application/json
      Accept-Encoding:
      - gzip, deflate
      Connection:
      - keep-alive
      User-Agent:
      - python/3.6.9 (Linux-4.9.184-linuxkit-x86_64-with-Ubuntu-18.04-bionic) msrest/0.6.10
        msrest_azure/0.6.2 azure-mgmt-compute/10.0.0 Azure-SDK-For-Python
    method: GET
    uri: https://management.azure.com/subscriptions/00000000-0000-0000-0000-000000000000/providers/Microsoft.Compute/locations/eastus/operations/0de8664d-9025-49bf-851a-46c3aa1e4d0c?api-version=2019-07-01
  response:
    body:
      string: "{\r\n  \"startTime\": \"2020-05-18T16:33:49.6259618+00:00\",\r\n  \"\
        status\": \"InProgress\",\r\n  \"name\": \"0de8664d-9025-49bf-851a-46c3aa1e4d0c\"\
        \r\n}"
    headers:
      cache-control:
      - no-cache
      content-length:
      - '134'
      content-type:
      - application/json; charset=utf-8
      date:
      - Mon, 18 May 2020 16:36:00 GMT
      expires:
      - '-1'
      pragma:
      - no-cache
      server:
      - Microsoft-HTTPAPI/2.0
      - Microsoft-HTTPAPI/2.0
      strict-transport-security:
      - max-age=31536000; includeSubDomains
      transfer-encoding:
      - chunked
      vary:
      - Accept-Encoding
      x-content-type-options:
      - nosniff
      x-ms-ratelimit-remaining-resource:
      - Microsoft.Compute/GetOperation3Min;14970,Microsoft.Compute/GetOperation30Min;29829
    status:
      code: 200
      message: OK
- request:
    body: null
    headers:
      Accept:
      - application/json
      Accept-Encoding:
      - gzip, deflate
      Connection:
      - keep-alive
      User-Agent:
      - python/3.6.9 (Linux-4.9.184-linuxkit-x86_64-with-Ubuntu-18.04-bionic) msrest/0.6.10
        msrest_azure/0.6.2 azure-mgmt-compute/10.0.0 Azure-SDK-For-Python
    method: GET
    uri: https://management.azure.com/subscriptions/00000000-0000-0000-0000-000000000000/providers/Microsoft.Compute/locations/eastus/operations/0de8664d-9025-49bf-851a-46c3aa1e4d0c?api-version=2019-07-01
  response:
    body:
      string: "{\r\n  \"startTime\": \"2020-05-18T16:33:49.6259618+00:00\",\r\n  \"\
        status\": \"InProgress\",\r\n  \"name\": \"0de8664d-9025-49bf-851a-46c3aa1e4d0c\"\
        \r\n}"
    headers:
      cache-control:
      - no-cache
      content-length:
      - '134'
      content-type:
      - application/json; charset=utf-8
      date:
      - Mon, 18 May 2020 16:36:31 GMT
      expires:
      - '-1'
      pragma:
      - no-cache
      server:
      - Microsoft-HTTPAPI/2.0
      - Microsoft-HTTPAPI/2.0
      strict-transport-security:
      - max-age=31536000; includeSubDomains
      transfer-encoding:
      - chunked
      vary:
      - Accept-Encoding
      x-content-type-options:
      - nosniff
      x-ms-ratelimit-remaining-resource:
      - Microsoft.Compute/GetOperation3Min;14967,Microsoft.Compute/GetOperation30Min;29823
    status:
      code: 200
      message: OK
- request:
    body: null
    headers:
      Accept:
      - application/json
      Accept-Encoding:
      - gzip, deflate
      Connection:
      - keep-alive
      User-Agent:
      - python/3.6.9 (Linux-4.9.184-linuxkit-x86_64-with-Ubuntu-18.04-bionic) msrest/0.6.10
        msrest_azure/0.6.2 azure-mgmt-compute/10.0.0 Azure-SDK-For-Python
    method: GET
    uri: https://management.azure.com/subscriptions/00000000-0000-0000-0000-000000000000/providers/Microsoft.Compute/locations/eastus/operations/0de8664d-9025-49bf-851a-46c3aa1e4d0c?api-version=2019-07-01
  response:
    body:
      string: "{\r\n  \"startTime\": \"2020-05-18T16:33:49.6259618+00:00\",\r\n  \"\
        status\": \"InProgress\",\r\n  \"name\": \"0de8664d-9025-49bf-851a-46c3aa1e4d0c\"\
        \r\n}"
    headers:
      cache-control:
      - no-cache
      content-length:
      - '134'
      content-type:
      - application/json; charset=utf-8
      date:
      - Mon, 18 May 2020 16:37:01 GMT
      expires:
      - '-1'
      pragma:
      - no-cache
      server:
      - Microsoft-HTTPAPI/2.0
      - Microsoft-HTTPAPI/2.0
      strict-transport-security:
      - max-age=31536000; includeSubDomains
      transfer-encoding:
      - chunked
      vary:
      - Accept-Encoding
      x-content-type-options:
      - nosniff
      x-ms-ratelimit-remaining-resource:
      - Microsoft.Compute/GetOperation3Min;14965,Microsoft.Compute/GetOperation30Min;29815
    status:
      code: 200
      message: OK
- request:
    body: null
    headers:
      Accept:
      - application/json
      Accept-Encoding:
      - gzip, deflate
      Connection:
      - keep-alive
      User-Agent:
      - python/3.6.9 (Linux-4.9.184-linuxkit-x86_64-with-Ubuntu-18.04-bionic) msrest/0.6.10
        msrest_azure/0.6.2 azure-mgmt-compute/10.0.0 Azure-SDK-For-Python
    method: GET
    uri: https://management.azure.com/subscriptions/00000000-0000-0000-0000-000000000000/providers/Microsoft.Compute/locations/eastus/operations/0de8664d-9025-49bf-851a-46c3aa1e4d0c?api-version=2019-07-01
  response:
    body:
      string: "{\r\n  \"startTime\": \"2020-05-18T16:33:49.6259618+00:00\",\r\n  \"\
        status\": \"InProgress\",\r\n  \"name\": \"0de8664d-9025-49bf-851a-46c3aa1e4d0c\"\
        \r\n}"
    headers:
      cache-control:
      - no-cache
      content-length:
      - '134'
      content-type:
      - application/json; charset=utf-8
      date:
      - Mon, 18 May 2020 16:37:31 GMT
      expires:
      - '-1'
      pragma:
      - no-cache
      server:
      - Microsoft-HTTPAPI/2.0
      - Microsoft-HTTPAPI/2.0
      strict-transport-security:
      - max-age=31536000; includeSubDomains
      transfer-encoding:
      - chunked
      vary:
      - Accept-Encoding
      x-content-type-options:
      - nosniff
      x-ms-ratelimit-remaining-resource:
      - Microsoft.Compute/GetOperation3Min;14969,Microsoft.Compute/GetOperation30Min;29809
    status:
      code: 200
      message: OK
- request:
    body: null
    headers:
      Accept:
      - application/json
      Accept-Encoding:
      - gzip, deflate
      Connection:
      - keep-alive
      User-Agent:
      - python/3.6.9 (Linux-4.9.184-linuxkit-x86_64-with-Ubuntu-18.04-bionic) msrest/0.6.10
        msrest_azure/0.6.2 azure-mgmt-compute/10.0.0 Azure-SDK-For-Python
    method: GET
    uri: https://management.azure.com/subscriptions/00000000-0000-0000-0000-000000000000/providers/Microsoft.Compute/locations/eastus/operations/0de8664d-9025-49bf-851a-46c3aa1e4d0c?api-version=2019-07-01
  response:
    body:
      string: "{\r\n  \"startTime\": \"2020-05-18T16:33:49.6259618+00:00\",\r\n  \"\
        status\": \"InProgress\",\r\n  \"name\": \"0de8664d-9025-49bf-851a-46c3aa1e4d0c\"\
        \r\n}"
    headers:
      cache-control:
      - no-cache
      content-length:
      - '134'
      content-type:
      - application/json; charset=utf-8
      date:
      - Mon, 18 May 2020 16:38:01 GMT
      expires:
      - '-1'
      pragma:
      - no-cache
      server:
      - Microsoft-HTTPAPI/2.0
      - Microsoft-HTTPAPI/2.0
      strict-transport-security:
      - max-age=31536000; includeSubDomains
      transfer-encoding:
      - chunked
      vary:
      - Accept-Encoding
      x-content-type-options:
      - nosniff
      x-ms-ratelimit-remaining-resource:
      - Microsoft.Compute/GetOperation3Min;14965,Microsoft.Compute/GetOperation30Min;29802
    status:
      code: 200
      message: OK
- request:
    body: null
    headers:
      Accept:
      - application/json
      Accept-Encoding:
      - gzip, deflate
      Connection:
      - keep-alive
      User-Agent:
      - python/3.6.9 (Linux-4.9.184-linuxkit-x86_64-with-Ubuntu-18.04-bionic) msrest/0.6.10
        msrest_azure/0.6.2 azure-mgmt-compute/10.0.0 Azure-SDK-For-Python
    method: GET
    uri: https://management.azure.com/subscriptions/00000000-0000-0000-0000-000000000000/providers/Microsoft.Compute/locations/eastus/operations/0de8664d-9025-49bf-851a-46c3aa1e4d0c?api-version=2019-07-01
  response:
    body:
      string: "{\r\n  \"startTime\": \"2020-05-18T16:33:49.6259618+00:00\",\r\n  \"\
        endTime\": \"2020-05-18T16:38:08.0020577+00:00\",\r\n  \"status\": \"Succeeded\"\
        ,\r\n  \"name\": \"0de8664d-9025-49bf-851a-46c3aa1e4d0c\"\r\n}"
    headers:
      cache-control:
      - no-cache
      content-length:
      - '184'
      content-type:
      - application/json; charset=utf-8
      date:
      - Mon, 18 May 2020 16:38:32 GMT
      expires:
      - '-1'
      pragma:
      - no-cache
      server:
      - Microsoft-HTTPAPI/2.0
      - Microsoft-HTTPAPI/2.0
      strict-transport-security:
      - max-age=31536000; includeSubDomains
      transfer-encoding:
      - chunked
      vary:
      - Accept-Encoding
      x-content-type-options:
      - nosniff
      x-ms-ratelimit-remaining-resource:
      - Microsoft.Compute/GetOperation3Min;14966,Microsoft.Compute/GetOperation30Min;29796
    status:
      code: 200
      message: OK
- request:
    body: null
    headers:
      Accept:
      - '*/*'
      Accept-Encoding:
      - gzip, deflate
      Connection:
      - keep-alive
      Content-Length:
      - '0'
      User-Agent:
      - azsdk-python-azure-mgmt-network/11.0.0 Python/3.6.9 (Linux-4.9.184-linuxkit-x86_64-with-Ubuntu-18.04-bionic)
    method: DELETE
    uri: https://management.azure.com/subscriptions/00000000-0000-0000-0000-000000000000/resourceGroups/rgname/providers/Microsoft.Network/networkInterfaces/myNetworkInterface?api-version=2020-04-01
  response:
    body:
      string: ''
    headers:
      azure-asyncnotification:
      - Enabled
      azure-asyncoperation:
      - https://management.azure.com/subscriptions/00000000-0000-0000-0000-000000000000/providers/Microsoft.Network/locations/eastus/operations/d3839ba8-8f4c-4f37-b2dc-9340a47d1b2d?api-version=2020-04-01
      cache-control:
      - no-cache
      content-length:
      - '0'
      date:
      - Mon, 18 May 2020 16:38:33 GMT
      expires:
      - '-1'
      location:
      - https://management.azure.com/subscriptions/00000000-0000-0000-0000-000000000000/providers/Microsoft.Network/locations/eastus/operationResults/d3839ba8-8f4c-4f37-b2dc-9340a47d1b2d?api-version=2020-04-01
      pragma:
      - no-cache
      server:
      - Microsoft-HTTPAPI/2.0
      - Microsoft-HTTPAPI/2.0
      strict-transport-security:
      - max-age=31536000; includeSubDomains
      x-content-type-options:
      - nosniff
      x-ms-arm-service-request-id:
      - 7e5f43d0-528a-4ec4-bbc9-b90442437ab1
      x-ms-ratelimit-remaining-subscription-deletes:
      - '14998'
    status:
      code: 202
      message: Accepted
- request:
    body: null
    headers:
      Accept:
      - '*/*'
      Accept-Encoding:
      - gzip, deflate
      Connection:
      - keep-alive
      User-Agent:
      - azsdk-python-azure-mgmt-network/11.0.0 Python/3.6.9 (Linux-4.9.184-linuxkit-x86_64-with-Ubuntu-18.04-bionic)
    method: GET
    uri: https://management.azure.com/subscriptions/00000000-0000-0000-0000-000000000000/providers/Microsoft.Network/locations/eastus/operations/d3839ba8-8f4c-4f37-b2dc-9340a47d1b2d?api-version=2020-04-01
  response:
    body:
      string: "{\r\n  \"status\": \"Succeeded\"\r\n}"
    headers:
      cache-control:
      - no-cache
      content-length:
      - '29'
      content-type:
      - application/json; charset=utf-8
      date:
      - Mon, 18 May 2020 16:38:43 GMT
      expires:
      - '-1'
      pragma:
      - no-cache
      server:
      - Microsoft-HTTPAPI/2.0
      - Microsoft-HTTPAPI/2.0
      strict-transport-security:
      - max-age=31536000; includeSubDomains
      transfer-encoding:
      - chunked
      vary:
      - Accept-Encoding
      x-content-type-options:
      - nosniff
      x-ms-arm-service-request-id:
      - 5314966e-fa0d-4bd9-98a0-cd4d9c91fbff
    status:
      code: 200
      message: OK
version: 1
