interactions:
- request:
    body: '{"location": "westus", "tags": {"key": "value"}, "properties": {"publicIPAllocationMethod":
      "Dynamic"}}'
    headers:
      Accept:
      - application/json
      Accept-Encoding:
      - gzip, deflate
      Connection:
      - keep-alive
      Content-Length:
      - '103'
      Content-Type:
      - application/json; charset=utf-8
      User-Agent:
      - python/3.6.9 (Linux-4.9.184-linuxkit-x86_64-with-Ubuntu-18.04-bionic) msrest/0.6.10
        msrest_azure/0.6.2 azure-mgmt-network/8.0.0 Azure-SDK-For-Python
      accept-language:
      - en-US
    method: PUT
    uri: https://management.azure.com/subscriptions/00000000-0000-0000-0000-000000000000/resourceGroups/test_mgmt_network_test_public_ip_addresses773e115f/providers/Microsoft.Network/publicIPAddresses/pyipname773e115f?api-version=2019-11-01
  response:
    body:
      string: "{\r\n  \"name\": \"pyipname773e115f\",\r\n  \"id\": \"/subscriptions/00000000-0000-0000-0000-000000000000/resourceGroups/test_mgmt_network_test_public_ip_addresses773e115f/providers/Microsoft.Network/publicIPAddresses/pyipname773e115f\"\
        ,\r\n  \"etag\": \"W/\\\"071b01ac-ae0a-4a52-98ca-714fcc6876dd\\\"\",\r\n \
        \ \"location\": \"westus\",\r\n  \"tags\": {\r\n    \"key\": \"value\"\r\n\
        \  },\r\n  \"properties\": {\r\n    \"provisioningState\": \"Updating\",\r\
        \n    \"resourceGuid\": \"e0cb3015-6966-47fe-945c-ad300a4cf3de\",\r\n    \"\
        publicIPAddressVersion\": \"IPv4\",\r\n    \"publicIPAllocationMethod\": \"\
        Dynamic\",\r\n    \"idleTimeoutInMinutes\": 4,\r\n    \"ipTags\": []\r\n \
        \ },\r\n  \"type\": \"Microsoft.Network/publicIPAddresses\",\r\n  \"sku\"\
        : {\r\n    \"name\": \"Basic\"\r\n  }\r\n}"
    headers:
      azure-asyncoperation:
      - https://management.azure.com/subscriptions/00000000-0000-0000-0000-000000000000/providers/Microsoft.Network/locations/westus/operations/8f41b259-9d14-416a-b7ea-39f9ea319395?api-version=2019-11-01
      cache-control:
      - no-cache
      content-length:
      - '694'
      content-type:
      - application/json; charset=utf-8
      date:
      - Fri, 17 Jan 2020 12:27:56 GMT
      expires:
      - '-1'
      pragma:
      - no-cache
      server:
      - Microsoft-HTTPAPI/2.0
      - Microsoft-HTTPAPI/2.0
      strict-transport-security:
      - max-age=31536000; includeSubDomains
      x-content-type-options:
      - nosniff
      x-ms-arm-service-request-id:
      - 1f47db10-6b77-4cc0-94db-f426d329517a
      x-ms-ratelimit-remaining-subscription-writes:
      - '1198'
    status:
      code: 201
      message: Created
- request:
    body: null
    headers:
      Accept:
      - application/json
      Accept-Encoding:
      - gzip, deflate
      Connection:
      - keep-alive
      User-Agent:
      - python/3.6.9 (Linux-4.9.184-linuxkit-x86_64-with-Ubuntu-18.04-bionic) msrest/0.6.10
        msrest_azure/0.6.2 azure-mgmt-network/8.0.0 Azure-SDK-For-Python
    method: GET
    uri: https://management.azure.com/subscriptions/00000000-0000-0000-0000-000000000000/providers/Microsoft.Network/locations/westus/operations/8f41b259-9d14-416a-b7ea-39f9ea319395?api-version=2019-11-01
  response:
    body:
      string: "{\r\n  \"status\": \"Succeeded\"\r\n}"
    headers:
      cache-control:
      - no-cache
      content-length:
      - '29'
      content-type:
      - application/json; charset=utf-8
      date:
      - Fri, 17 Jan 2020 12:27:58 GMT
      expires:
      - '-1'
      pragma:
      - no-cache
      server:
      - Microsoft-HTTPAPI/2.0
      - Microsoft-HTTPAPI/2.0
      strict-transport-security:
      - max-age=31536000; includeSubDomains
      transfer-encoding:
      - chunked
      vary:
      - Accept-Encoding
      x-content-type-options:
      - nosniff
      x-ms-arm-service-request-id:
      - 9d151e64-723d-4d59-a5e4-e35bdcbfc31c
    status:
      code: 200
      message: OK
- request:
    body: null
    headers:
      Accept:
      - application/json
      Accept-Encoding:
      - gzip, deflate
      Connection:
      - keep-alive
      User-Agent:
      - python/3.6.9 (Linux-4.9.184-linuxkit-x86_64-with-Ubuntu-18.04-bionic) msrest/0.6.10
        msrest_azure/0.6.2 azure-mgmt-network/8.0.0 Azure-SDK-For-Python
    method: GET
    uri: https://management.azure.com/subscriptions/00000000-0000-0000-0000-000000000000/resourceGroups/test_mgmt_network_test_public_ip_addresses773e115f/providers/Microsoft.Network/publicIPAddresses/pyipname773e115f?api-version=2019-11-01
  response:
    body:
      string: "{\r\n  \"name\": \"pyipname773e115f\",\r\n  \"id\": \"/subscriptions/00000000-0000-0000-0000-000000000000/resourceGroups/test_mgmt_network_test_public_ip_addresses773e115f/providers/Microsoft.Network/publicIPAddresses/pyipname773e115f\"\
        ,\r\n  \"etag\": \"W/\\\"c0e20b8f-8610-4079-a60e-2620324ebe73\\\"\",\r\n \
        \ \"location\": \"westus\",\r\n  \"tags\": {\r\n    \"key\": \"value\"\r\n\
        \  },\r\n  \"properties\": {\r\n    \"provisioningState\": \"Succeeded\",\r\
        \n    \"resourceGuid\": \"e0cb3015-6966-47fe-945c-ad300a4cf3de\",\r\n    \"\
        publicIPAddressVersion\": \"IPv4\",\r\n    \"publicIPAllocationMethod\": \"\
        Dynamic\",\r\n    \"idleTimeoutInMinutes\": 4,\r\n    \"ipTags\": []\r\n \
        \ },\r\n  \"type\": \"Microsoft.Network/publicIPAddresses\",\r\n  \"sku\"\
        : {\r\n    \"name\": \"Basic\"\r\n  }\r\n}"
    headers:
      cache-control:
      - no-cache
      content-length:
      - '695'
      content-type:
      - application/json; charset=utf-8
      date:
      - Fri, 17 Jan 2020 12:27:59 GMT
      etag:
      - W/"c0e20b8f-8610-4079-a60e-2620324ebe73"
      expires:
      - '-1'
      pragma:
      - no-cache
      server:
      - Microsoft-HTTPAPI/2.0
      - Microsoft-HTTPAPI/2.0
      strict-transport-security:
      - max-age=31536000; includeSubDomains
      transfer-encoding:
      - chunked
      vary:
      - Accept-Encoding
      x-content-type-options:
      - nosniff
      x-ms-arm-service-request-id:
      - d32d2450-2520-4d0a-ba4f-71e288339a67
    status:
      code: 200
      message: OK
- request:
    body: null
    headers:
      Accept:
      - application/json
      Accept-Encoding:
      - gzip, deflate
      Connection:
      - keep-alive
      User-Agent:
      - python/3.6.9 (Linux-4.9.184-linuxkit-x86_64-with-Ubuntu-18.04-bionic) msrest/0.6.10
        msrest_azure/0.6.2 azure-mgmt-network/8.0.0 Azure-SDK-For-Python
      accept-language:
      - en-US
    method: GET
    uri: https://management.azure.com/subscriptions/00000000-0000-0000-0000-000000000000/resourceGroups/test_mgmt_network_test_public_ip_addresses773e115f/providers/Microsoft.Network/publicIPAddresses/pyipname773e115f?api-version=2019-11-01
  response:
    body:
      string: "{\r\n  \"name\": \"pyipname773e115f\",\r\n  \"id\": \"/subscriptions/00000000-0000-0000-0000-000000000000/resourceGroups/test_mgmt_network_test_public_ip_addresses773e115f/providers/Microsoft.Network/publicIPAddresses/pyipname773e115f\"\
        ,\r\n  \"etag\": \"W/\\\"c0e20b8f-8610-4079-a60e-2620324ebe73\\\"\",\r\n \
        \ \"location\": \"westus\",\r\n  \"tags\": {\r\n    \"key\": \"value\"\r\n\
        \  },\r\n  \"properties\": {\r\n    \"provisioningState\": \"Succeeded\",\r\
        \n    \"resourceGuid\": \"e0cb3015-6966-47fe-945c-ad300a4cf3de\",\r\n    \"\
        publicIPAddressVersion\": \"IPv4\",\r\n    \"publicIPAllocationMethod\": \"\
        Dynamic\",\r\n    \"idleTimeoutInMinutes\": 4,\r\n    \"ipTags\": []\r\n \
        \ },\r\n  \"type\": \"Microsoft.Network/publicIPAddresses\",\r\n  \"sku\"\
        : {\r\n    \"name\": \"Basic\"\r\n  }\r\n}"
    headers:
      cache-control:
      - no-cache
      content-length:
      - '695'
      content-type:
      - application/json; charset=utf-8
      date:
      - Fri, 17 Jan 2020 12:27:58 GMT
      etag:
      - W/"c0e20b8f-8610-4079-a60e-2620324ebe73"
      expires:
      - '-1'
      pragma:
      - no-cache
      server:
      - Microsoft-HTTPAPI/2.0
      - Microsoft-HTTPAPI/2.0
      strict-transport-security:
      - max-age=31536000; includeSubDomains
      transfer-encoding:
      - chunked
      vary:
      - Accept-Encoding
      x-content-type-options:
      - nosniff
      x-ms-arm-service-request-id:
      - 39c68815-77cf-4e72-86ed-776537379a77
    status:
      code: 200
      message: OK
- request:
    body: null
    headers:
      Accept:
      - application/json
      Accept-Encoding:
      - gzip, deflate
      Connection:
      - keep-alive
      User-Agent:
      - python/3.6.9 (Linux-4.9.184-linuxkit-x86_64-with-Ubuntu-18.04-bionic) msrest/0.6.10
        msrest_azure/0.6.2 azure-mgmt-network/8.0.0 Azure-SDK-For-Python
      accept-language:
      - en-US
    method: GET
    uri: https://management.azure.com/subscriptions/00000000-0000-0000-0000-000000000000/resourceGroups/test_mgmt_network_test_public_ip_addresses773e115f/providers/Microsoft.Network/publicIPAddresses?api-version=2019-11-01
  response:
    body:
      string: "{\r\n  \"value\": [\r\n    {\r\n      \"name\": \"pyipname773e115f\"\
        ,\r\n      \"id\": \"/subscriptions/00000000-0000-0000-0000-000000000000/resourceGroups/test_mgmt_network_test_public_ip_addresses773e115f/providers/Microsoft.Network/publicIPAddresses/pyipname773e115f\"\
        ,\r\n      \"etag\": \"W/\\\"c0e20b8f-8610-4079-a60e-2620324ebe73\\\"\",\r\
        \n      \"location\": \"westus\",\r\n      \"tags\": {\r\n        \"key\"\
        : \"value\"\r\n      },\r\n      \"properties\": {\r\n        \"provisioningState\"\
        : \"Succeeded\",\r\n        \"resourceGuid\": \"e0cb3015-6966-47fe-945c-ad300a4cf3de\"\
        ,\r\n        \"publicIPAddressVersion\": \"IPv4\",\r\n        \"publicIPAllocationMethod\"\
        : \"Dynamic\",\r\n        \"idleTimeoutInMinutes\": 4,\r\n        \"ipTags\"\
        : []\r\n      },\r\n      \"type\": \"Microsoft.Network/publicIPAddresses\"\
        ,\r\n      \"sku\": {\r\n        \"name\": \"Basic\"\r\n      }\r\n    }\r\
        \n  ]\r\n}"
    headers:
      cache-control:
      - no-cache
      content-length:
      - '804'
      content-type:
      - application/json; charset=utf-8
      date:
      - Fri, 17 Jan 2020 12:27:59 GMT
      expires:
      - '-1'
      pragma:
      - no-cache
      server:
      - Microsoft-HTTPAPI/2.0
      - Microsoft-HTTPAPI/2.0
      strict-transport-security:
      - max-age=31536000; includeSubDomains
      transfer-encoding:
      - chunked
      vary:
      - Accept-Encoding
      x-content-type-options:
      - nosniff
      x-ms-arm-service-request-id:
      - f8b86450-c734-4508-99dd-6c415bf7472a
    status:
      code: 200
      message: OK
- request:
    body: null
    headers:
      Accept:
      - application/json
      Accept-Encoding:
      - gzip, deflate
      Connection:
      - keep-alive
      User-Agent:
      - python/3.6.9 (Linux-4.9.184-linuxkit-x86_64-with-Ubuntu-18.04-bionic) msrest/0.6.10
        msrest_azure/0.6.2 azure-mgmt-network/8.0.0 Azure-SDK-For-Python
      accept-language:
      - en-US
    method: GET
    uri: https://management.azure.com/subscriptions/00000000-0000-0000-0000-000000000000/providers/Microsoft.Network/publicIPAddresses?api-version=2019-11-01
  response:
    body:
      string: '{"value":[{"name":"harold-monitor-vm-01-ip","id":"/subscriptions/00000000-0000-0000-0000-000000000000/resourceGroups/harold-test/providers/Microsoft.Network/publicIPAddresses/harold-monitor-vm-01-ip","etag":"W/\"4682fead-8001-4d32-b59d-ce23f3729e38\"","location":"westus","properties":{"provisioningState":"Succeeded","resourceGuid":"36aaef7b-9d49-454d-a2b5-25955bd161c4","ipAddress":"65.52.115.225","publicIPAddressVersion":"IPv4","publicIPAllocationMethod":"Dynamic","idleTimeoutInMinutes":4,"ipTags":[],"ipConfiguration":{"id":"/subscriptions/00000000-0000-0000-0000-000000000000/resourceGroups/harold-test/providers/Microsoft.Network/networkInterfaces/harold-monitor-vm-0155/ipConfigurations/ipconfig1"}},"type":"Microsoft.Network/publicIPAddresses","sku":{"name":"Basic"}},{"name":"harold-monitor-vm-02-ip","id":"/subscriptions/00000000-0000-0000-0000-000000000000/resourceGroups/harold-test/providers/Microsoft.Network/publicIPAddresses/harold-monitor-vm-02-ip","etag":"W/\"4c223306-73a0-4d7b-b9f0-51c5095dc63a\"","location":"westus","properties":{"provisioningState":"Succeeded","resourceGuid":"f8415dc9-cf82-411a-80f9-98c4ba39f749","ipAddress":"40.78.50.235","publicIPAddressVersion":"IPv4","publicIPAllocationMethod":"Dynamic","idleTimeoutInMinutes":4,"ipTags":[],"ipConfiguration":{"id":"/subscriptions/00000000-0000-0000-0000-000000000000/resourceGroups/harold-test/providers/Microsoft.Network/networkInterfaces/harold-monitor-vm-02974/ipConfigurations/ipconfig1"}},"type":"Microsoft.Network/publicIPAddresses","sku":{"name":"Basic"}},{"name":"pyipname773e115f","id":"/subscriptions/00000000-0000-0000-0000-000000000000/resourceGroups/test_mgmt_network_test_public_ip_addresses773e115f/providers/Microsoft.Network/publicIPAddresses/pyipname773e115f","etag":"W/\"c0e20b8f-8610-4079-a60e-2620324ebe73\"","location":"westus","tags":{"key":"value"},"properties":{"provisioningState":"Succeeded","resourceGuid":"e0cb3015-6966-47fe-945c-ad300a4cf3de","publicIPAddressVersion":"IPv4","publicIPAllocationMethod":"Dynamic","idleTimeoutInMinutes":4,"ipTags":[]},"type":"Microsoft.Network/publicIPAddresses","sku":{"name":"Basic"}},{"name":"azure-cli-test-public-ip","id":"/subscriptions/00000000-0000-0000-0000-000000000000/resourceGroups/azure-cli-test-rg/providers/Microsoft.Network/publicIPAddresses/azure-cli-test-public-ip","etag":"W/\"2505fbd7-8620-4c76-8306-46befa6f1ee0\"","location":"eastus","tags":{},"properties":{"provisioningState":"Succeeded","resourceGuid":"b048e078-86d7-4d4b-aa1a-9d6e1048099d","ipAddress":"52.188.74.184","publicIPAddressVersion":"IPv4","publicIPAllocationMethod":"Static","idleTimeoutInMinutes":4,"ipTags":[],"ipConfiguration":{"id":"/subscriptions/00000000-0000-0000-0000-000000000000/resourceGroups/azure-cli-test-rg/providers/Microsoft.Network/bastionHosts/azure-cli-test-bastion/bastionHostIpConfigurations/IpConf"}},"type":"Microsoft.Network/publicIPAddresses","sku":{"name":"Standard"}},{"name":"vm1PublicIP","id":"/subscriptions/00000000-0000-0000-0000-000000000000/resourceGroups/fytest/providers/Microsoft.Network/publicIPAddresses/vm1PublicIP","etag":"W/\"71591e2b-0966-4a5f-9b34-bb4e1b415fbb\"","location":"eastasia","tags":{},"properties":{"provisioningState":"Succeeded","resourceGuid":"fa3f060a-d238-4065-9c26-41cb1542226d","publicIPAddressVersion":"IPv4","publicIPAllocationMethod":"Dynamic","idleTimeoutInMinutes":4,"ipTags":[],"ipConfiguration":{"id":"/subscriptions/00000000-0000-0000-0000-000000000000/resourceGroups/fytest/providers/Microsoft.Network/networkInterfaces/vm1VMNic/ipConfigurations/ipconfigvm1"}},"type":"Microsoft.Network/publicIPAddresses","sku":{"name":"Basic"}}]}'
    headers:
      cache-control:
      - no-cache
      content-length:
      - '3636'
      content-type:
      - application/json; charset=utf-8
      date:
      - Fri, 17 Jan 2020 12:27:59 GMT
      expires:
      - '-1'
      pragma:
      - no-cache
      strict-transport-security:
      - max-age=31536000; includeSubDomains
      vary:
      - Accept-Encoding
      x-content-type-options:
      - nosniff
      x-ms-original-request-ids:
      - 6279bdc6-a292-4448-bfca-bd5e69ec905f
      - 35ca5e4b-41e8-4f63-9d98-5a4fc8d4784a
      - 95617edd-5d36-4c5b-a550-1f71e997bf04
    status:
      code: 200
      message: OK
- request:
    body: null
    headers:
      Accept:
      - application/json
      Accept-Encoding:
      - gzip, deflate
      Connection:
      - keep-alive
      Content-Length:
      - '0'
      User-Agent:
      - python/3.6.9 (Linux-4.9.184-linuxkit-x86_64-with-Ubuntu-18.04-bionic) msrest/0.6.10
        msrest_azure/0.6.2 azure-mgmt-network/8.0.0 Azure-SDK-For-Python
      accept-language:
      - en-US
    method: DELETE
    uri: https://management.azure.com/subscriptions/00000000-0000-0000-0000-000000000000/resourceGroups/test_mgmt_network_test_public_ip_addresses773e115f/providers/Microsoft.Network/publicIPAddresses/pyipname773e115f?api-version=2019-11-01
  response:
    body:
      string: ''
    headers:
      azure-asyncoperation:
      - https://management.azure.com/subscriptions/00000000-0000-0000-0000-000000000000/providers/Microsoft.Network/locations/westus/operations/3ad56f56-56ea-4282-8983-801abdb291b5?api-version=2019-11-01
      cache-control:
      - no-cache
      content-length:
      - '0'
      date:
      - Fri, 17 Jan 2020 12:28:00 GMT
      expires:
      - '-1'
      location:
      - https://management.azure.com/subscriptions/00000000-0000-0000-0000-000000000000/providers/Microsoft.Network/locations/westus/operationResults/3ad56f56-56ea-4282-8983-801abdb291b5?api-version=2019-11-01
      pragma:
      - no-cache
      server:
      - Microsoft-HTTPAPI/2.0
      - Microsoft-HTTPAPI/2.0
      strict-transport-security:
      - max-age=31536000; includeSubDomains
      x-content-type-options:
      - nosniff
      x-ms-arm-service-request-id:
      - 1e0a9ac3-92d5-46c5-863c-ee562fc52a96
      x-ms-ratelimit-remaining-subscription-deletes:
      - '14999'
    status:
      code: 202
      message: Accepted
- request:
    body: null
    headers:
      Accept:
      - application/json
      Accept-Encoding:
      - gzip, deflate
      Connection:
      - keep-alive
      User-Agent:
      - python/3.6.9 (Linux-4.9.184-linuxkit-x86_64-with-Ubuntu-18.04-bionic) msrest/0.6.10
        msrest_azure/0.6.2 azure-mgmt-network/8.0.0 Azure-SDK-For-Python
    method: GET
    uri: https://management.azure.com/subscriptions/00000000-0000-0000-0000-000000000000/providers/Microsoft.Network/locations/westus/operations/3ad56f56-56ea-4282-8983-801abdb291b5?api-version=2019-11-01
  response:
    body:
      string: "{\r\n  \"status\": \"Succeeded\"\r\n}"
    headers:
      cache-control:
      - no-cache
      content-length:
      - '29'
      content-type:
      - application/json; charset=utf-8
      date:
      - Fri, 17 Jan 2020 12:28:11 GMT
      expires:
      - '-1'
      pragma:
      - no-cache
      server:
      - Microsoft-HTTPAPI/2.0
      - Microsoft-HTTPAPI/2.0
      strict-transport-security:
      - max-age=31536000; includeSubDomains
      transfer-encoding:
      - chunked
      vary:
      - Accept-Encoding
      x-content-type-options:
      - nosniff
      x-ms-arm-service-request-id:
      - f8b9823c-1e27-4c78-b302-1b53be8c8671
    status:
      code: 200
      message: OK
- request:
    body: null
    headers:
      Accept:
      - application/json
      Accept-Encoding:
      - gzip, deflate
      Connection:
      - keep-alive
      User-Agent:
      - python/3.6.9 (Linux-4.9.184-linuxkit-x86_64-with-Ubuntu-18.04-bionic) msrest/0.6.10
        msrest_azure/0.6.2 azure-mgmt-network/8.0.0 Azure-SDK-For-Python
      accept-language:
      - en-US
    method: GET
    uri: https://management.azure.com/subscriptions/00000000-0000-0000-0000-000000000000/resourceGroups/test_mgmt_network_test_public_ip_addresses773e115f/providers/Microsoft.Network/publicIPAddresses?api-version=2019-11-01
  response:
    body:
      string: "{\r\n  \"value\": []\r\n}"
    headers:
      cache-control:
      - no-cache
      content-length:
      - '19'
      content-type:
      - application/json; charset=utf-8
      date:
      - Fri, 17 Jan 2020 12:28:12 GMT
      expires:
      - '-1'
      pragma:
      - no-cache
      server:
      - Microsoft-HTTPAPI/2.0
      - Microsoft-HTTPAPI/2.0
      strict-transport-security:
      - max-age=31536000; includeSubDomains
      transfer-encoding:
      - chunked
      vary:
      - Accept-Encoding
      x-content-type-options:
      - nosniff
      x-ms-arm-service-request-id:
      - ce19a9b9-dc5f-4619-bbe9-ceb7137428e3
    status:
      code: 200
      message: OK
version: 1
