{
  "Entries": [
    {
      "RequestUri": "https://login.microsoftonline.com/00000000-0000-0000-0000-000000000000/v2.0/.well-known/openid-configuration",
      "RequestMethod": "GET",
      "RequestHeaders": {
        "Accept": "*/*",
        "Accept-Encoding": "gzip, deflate",
        "Connection": "keep-alive",
        "User-Agent": "azsdk-python-identity/1.13.0b4 Python/3.8.16 (Linux-5.15.0-1034-azure-x86_64-with-glibc2.2.5) VSTS_0fb41ef4-5012-48a9-bf39-4ee3de03ee35_build_2500_0"
      },
      "RequestBody": null,
      "StatusCode": 200,
      "ResponseHeaders": {
        "Access-Control-Allow-Methods": "GET, OPTIONS",
        "Access-Control-Allow-Origin": "*",
        "Cache-Control": "max-age=86400, private",
        "Content-Length": "1753",
        "Content-Type": "application/json; charset=utf-8",
        "Date": "Tue, 28 Mar 2023 09:11:19 GMT",
        "P3P": "CP=\u0022DSP CUR OTPi IND OTRi ONL FIN\u0022",
        "Set-Cookie": "[set-cookie;]",
        "Strict-Transport-Security": "max-age=31536000; includeSubDomains",
        "X-Content-Type-Options": "nosniff",
        "x-ms-ests-server": "2.1.14990.5 - SCUS ProdSlices",
        "X-XSS-Protection": "0"
      },
      "ResponseBody": {
        "token_endpoint": "https://login.microsoftonline.com/00000000-0000-0000-0000-000000000000/oauth2/v2.0/token",
        "token_endpoint_auth_methods_supported": [
          "client_secret_post",
          "private_key_jwt",
          "client_secret_basic"
        ],
        "jwks_uri": "https://login.microsoftonline.com/00000000-0000-0000-0000-000000000000/discovery/v2.0/keys",
        "response_modes_supported": [
          "query",
          "fragment",
          "form_post"
        ],
        "subject_types_supported": [
          "pairwise"
        ],
        "id_token_signing_alg_values_supported": [
          "RS256"
        ],
        "response_types_supported": [
          "code",
          "id_token",
          "code id_token",
          "id_token token"
        ],
        "scopes_supported": [
          "openid",
          "profile",
          "email",
          "offline_access"
        ],
        "issuer": "https://login.microsoftonline.com/00000000-0000-0000-0000-000000000000/v2.0",
        "request_uri_parameter_supported": false,
        "userinfo_endpoint": "https://graph.microsoft.com/oidc/userinfo",
        "authorization_endpoint": "https://login.microsoftonline.com/00000000-0000-0000-0000-000000000000/oauth2/v2.0/authorize",
        "device_authorization_endpoint": "https://login.microsoftonline.com/00000000-0000-0000-0000-000000000000/oauth2/v2.0/devicecode",
        "http_logout_supported": true,
        "frontchannel_logout_supported": true,
        "end_session_endpoint": "https://login.microsoftonline.com/00000000-0000-0000-0000-000000000000/oauth2/v2.0/logout",
        "claims_supported": [
          "sub",
          "iss",
          "cloud_instance_name",
          "cloud_instance_host_name",
          "cloud_graph_host_name",
          "msgraph_host",
          "aud",
          "exp",
          "iat",
          "auth_time",
          "acr",
          "nonce",
          "preferred_username",
          "name",
          "tid",
          "ver",
          "at_hash",
          "c_hash",
          "email"
        ],
        "kerberos_endpoint": "https://login.microsoftonline.com/00000000-0000-0000-0000-000000000000/kerberos",
        "tenant_region_scope": "WW",
        "cloud_instance_name": "microsoftonline.com",
        "cloud_graph_host_name": "graph.windows.net",
        "msgraph_host": "graph.microsoft.com",
        "rbac_url": "https://pas.windows.net"
      }
    },
    {
      "RequestUri": "https://login.microsoftonline.com/common/discovery/instance?api-version=1.1\u0026authorization_endpoint=https://login.microsoftonline.com/common/oauth2/authorize",
      "RequestMethod": "GET",
      "RequestHeaders": {
        "Accept": "application/json",
        "Accept-Encoding": "gzip, deflate",
        "Connection": "keep-alive",
        "Cookie": "cookie;",
        "User-Agent": "azsdk-python-identity/1.13.0b4 Python/3.8.16 (Linux-5.15.0-1034-azure-x86_64-with-glibc2.2.5) VSTS_0fb41ef4-5012-48a9-bf39-4ee3de03ee35_build_2500_0"
      },
      "RequestBody": null,
      "StatusCode": 200,
      "ResponseHeaders": {
        "Access-Control-Allow-Methods": "GET, OPTIONS",
        "Access-Control-Allow-Origin": "*",
        "Cache-Control": "max-age=86400, private",
        "Content-Length": "945",
        "Content-Type": "application/json; charset=utf-8",
        "Date": "Tue, 28 Mar 2023 09:11:19 GMT",
        "P3P": "CP=\u0022DSP CUR OTPi IND OTRi ONL FIN\u0022",
        "Set-Cookie": "[set-cookie;]",
        "Strict-Transport-Security": "max-age=31536000; includeSubDomains",
        "X-Content-Type-Options": "nosniff",
        "x-ms-ests-server": "2.1.14939.4 - SCUS ProdSlices",
        "X-XSS-Protection": "0"
      },
      "ResponseBody": {
        "tenant_discovery_endpoint": "https://login.microsoftonline.com/common/.well-known/openid-configuration",
        "api-version": "1.1",
        "metadata": [
          {
            "preferred_network": "login.microsoftonline.com",
            "preferred_cache": "login.windows.net",
            "aliases": [
              "login.microsoftonline.com",
              "login.windows.net",
              "login.microsoft.com",
              "sts.windows.net"
            ]
          },
          {
            "preferred_network": "login.partner.microsoftonline.cn",
            "preferred_cache": "login.partner.microsoftonline.cn",
            "aliases": [
              "login.partner.microsoftonline.cn",
              "login.chinacloudapi.cn"
            ]
          },
          {
            "preferred_network": "login.microsoftonline.de",
            "preferred_cache": "login.microsoftonline.de",
            "aliases": [
              "login.microsoftonline.de"
            ]
          },
          {
            "preferred_network": "login.microsoftonline.us",
            "preferred_cache": "login.microsoftonline.us",
            "aliases": [
              "login.microsoftonline.us",
              "login.usgovcloudapi.net"
            ]
          },
          {
            "preferred_network": "login-us.microsoftonline.com",
            "preferred_cache": "login-us.microsoftonline.com",
            "aliases": [
              "login-us.microsoftonline.com"
            ]
          }
        ]
      }
    },
    {
      "RequestUri": "https://login.microsoftonline.com/00000000-0000-0000-0000-000000000000/oauth2/v2.0/token",
      "RequestMethod": "POST",
      "RequestHeaders": {
        "Accept": "application/json",
        "Accept-Encoding": "gzip, deflate",
        "client-request-id": "f8627c0b-801e-4edb-836b-35b81d7f0670",
        "Connection": "keep-alive",
        "Content-Length": "288",
        "Content-Type": "application/x-www-form-urlencoded",
        "Cookie": "cookie;",
        "User-Agent": "azsdk-python-identity/1.13.0b4 Python/3.8.16 (Linux-5.15.0-1034-azure-x86_64-with-glibc2.2.5) VSTS_0fb41ef4-5012-48a9-bf39-4ee3de03ee35_build_2500_0",
        "x-client-cpu": "x64",
        "x-client-current-telemetry": "4|730,0|",
        "x-client-last-telemetry": "4|0|||",
        "x-client-os": "linux",
        "x-client-sku": "MSAL.Python",
        "x-client-ver": "1.21.0",
        "x-ms-lib-capability": "retry-after, h429"
      },
      "RequestBody": "client_id=00000000-0000-0000-0000-000000000000\u0026grant_type=client_credentials\u0026client_info=1\u0026client_secret=00000000-0000-0000-0000-000000000000\u0026claims=%7B%22access_token%22%3A\u002B%7B%22xms_cc%22%3A\u002B%7B%22values%22%3A\u002B%5B%22CP1%22%5D%7D%7D%7D\u0026scope=https%3A%2F%2Fmanagement.azure.com%2F.default",
      "StatusCode": 200,
      "ResponseHeaders": {
        "Cache-Control": "no-store, no-cache",
        "client-request-id": "f8627c0b-801e-4edb-836b-35b81d7f0670",
        "Content-Length": "114",
        "Content-Type": "application/json; charset=utf-8",
        "Date": "Tue, 28 Mar 2023 09:11:20 GMT",
        "Expires": "-1",
        "P3P": "CP=\u0022DSP CUR OTPi IND OTRi ONL FIN\u0022",
        "Pragma": "no-cache",
        "Set-Cookie": "[set-cookie;]",
        "Strict-Transport-Security": "max-age=31536000; includeSubDomains",
        "X-Content-Type-Options": "nosniff",
        "x-ms-clitelem": "1,0,0,,",
        "x-ms-ests-server": "2.1.14990.5 - WUS2 ProdSlices",
        "X-XSS-Protection": "0"
      },
      "ResponseBody": {
        "token_type": "Bearer",
        "expires_in": 86399,
        "ext_expires_in": 86399,
        "refresh_in": 43199,
        "access_token": "access_token"
      }
    },
    {
      "RequestUri": "https://management.azure.com/subscriptions/00000000-0000-0000-0000-000000000000/resourceGroups/rgname/providers/Microsoft.Network/virtualNetworks/virtualnetwork?api-version=2022-09-01",
      "RequestMethod": "PUT",
      "RequestHeaders": {
        "Accept": "application/json",
        "Accept-Encoding": "gzip, deflate",
        "Connection": "keep-alive",
        "Content-Length": "92",
        "Content-Type": "application/json",
        "User-Agent": "azsdk-python-azure-mgmt-network/0.0.0 (it should be stable) Python/3.8.16 (Linux-5.15.0-1034-azure-x86_64-with-glibc2.2.5) VSTS_0fb41ef4-5012-48a9-bf39-4ee3de03ee35_build_2500_0"
      },
      "RequestBody": {
        "location": "eastus",
        "properties": {
          "addressSpace": {
            "addressPrefixes": [
              "10.0.0.0/16"
            ]
          }
        }
      },
      "StatusCode": 201,
      "ResponseHeaders": {
        "Azure-AsyncNotification": "Enabled",
        "Azure-AsyncOperation": "https://management.azure.com/subscriptions/00000000-0000-0000-0000-000000000000/providers/Microsoft.Network/locations/eastus/operations/c27c82c3-f03b-4a5a-a837-19263a95af38?api-version=2022-09-01",
        "Cache-Control": "no-cache",
        "Content-Length": "612",
        "Content-Type": "application/json; charset=utf-8",
        "Date": "Tue, 28 Mar 2023 09:11:21 GMT",
        "Expires": "-1",
        "Pragma": "no-cache",
        "Retry-After": "3",
        "Server": [
          "Microsoft-HTTPAPI/2.0",
          "Microsoft-HTTPAPI/2.0"
        ],
        "Strict-Transport-Security": "max-age=31536000; includeSubDomains",
        "X-Content-Type-Options": "nosniff",
        "x-ms-arm-service-request-id": "dd3627a1-a7ca-4419-9834-e148f439beba",
        "x-ms-correlation-request-id": "056727d6-c50b-4534-8b6c-38a8149a451c",
        "x-ms-ratelimit-remaining-subscription-writes": "1199",
        "x-ms-routing-request-id": "EASTUS:20230328T091121Z:056727d6-c50b-4534-8b6c-38a8149a451c"
      },
      "ResponseBody": {
        "name": "virtualnetwork",
        "id": "/subscriptions/00000000-0000-0000-0000-000000000000/resourceGroups/rgname/providers/Microsoft.Network/virtualNetworks/virtualnetwork",
        "etag": "W/\u00220a315139-1842-4e93-9d9d-3314676241e0\u0022",
        "type": "Microsoft.Network/virtualNetworks",
        "location": "eastus",
        "properties": {
          "provisioningState": "Updating",
          "resourceGuid": "b10426c8-e021-4ad4-a472-b7d821c708f9",
          "addressSpace": {
            "addressPrefixes": [
              "10.0.0.0/16"
            ]
          },
          "subnets": [],
          "virtualNetworkPeerings": [],
          "enableDdosProtection": false
        }
      }
    },
    {
      "RequestUri": "https://management.azure.com/subscriptions/00000000-0000-0000-0000-000000000000/providers/Microsoft.Network/locations/eastus/operations/c27c82c3-f03b-4a5a-a837-19263a95af38?api-version=2022-09-01",
      "RequestMethod": "GET",
      "RequestHeaders": {
        "Accept": "*/*",
        "Accept-Encoding": "gzip, deflate",
        "Connection": "keep-alive",
        "User-Agent": "azsdk-python-azure-mgmt-network/0.0.0 (it should be stable) Python/3.8.16 (Linux-5.15.0-1034-azure-x86_64-with-glibc2.2.5) VSTS_0fb41ef4-5012-48a9-bf39-4ee3de03ee35_build_2500_0"
      },
      "RequestBody": null,
      "StatusCode": 200,
      "ResponseHeaders": {
        "Cache-Control": "no-cache",
        "Content-Encoding": "gzip",
        "Content-Type": "application/json; charset=utf-8",
        "Date": "Tue, 28 Mar 2023 09:11:21 GMT",
        "Expires": "-1",
        "Pragma": "no-cache",
        "Retry-After": "10",
        "Server": [
          "Microsoft-HTTPAPI/2.0",
          "Microsoft-HTTPAPI/2.0"
        ],
        "Strict-Transport-Security": "max-age=31536000; includeSubDomains",
        "Transfer-Encoding": "chunked",
        "Vary": "Accept-Encoding",
        "X-Content-Type-Options": "nosniff",
        "x-ms-arm-service-request-id": "402e8d11-247f-4606-899c-33f747c37a36",
        "x-ms-correlation-request-id": "d062293d-5b64-4051-a796-78a404587aa8",
        "x-ms-ratelimit-remaining-subscription-reads": "11999",
        "x-ms-routing-request-id": "EASTUS:20230328T091121Z:d062293d-5b64-4051-a796-78a404587aa8"
      },
      "ResponseBody": {
        "status": "InProgress"
      }
    },
    {
      "RequestUri": "https://management.azure.com/subscriptions/00000000-0000-0000-0000-000000000000/providers/Microsoft.Network/locations/eastus/operations/c27c82c3-f03b-4a5a-a837-19263a95af38?api-version=2022-09-01",
      "RequestMethod": "GET",
      "RequestHeaders": {
        "Accept": "*/*",
        "Accept-Encoding": "gzip, deflate",
        "Connection": "keep-alive",
        "User-Agent": "azsdk-python-azure-mgmt-network/0.0.0 (it should be stable) Python/3.8.16 (Linux-5.15.0-1034-azure-x86_64-with-glibc2.2.5) VSTS_0fb41ef4-5012-48a9-bf39-4ee3de03ee35_build_2500_0"
      },
      "RequestBody": null,
      "StatusCode": 200,
      "ResponseHeaders": {
        "Cache-Control": "no-cache",
        "Content-Encoding": "gzip",
        "Content-Type": "application/json; charset=utf-8",
        "Date": "Tue, 28 Mar 2023 09:11:31 GMT",
        "Expires": "-1",
        "Pragma": "no-cache",
        "Server": [
          "Microsoft-HTTPAPI/2.0",
          "Microsoft-HTTPAPI/2.0"
        ],
        "Strict-Transport-Security": "max-age=31536000; includeSubDomains",
        "Transfer-Encoding": "chunked",
        "Vary": "Accept-Encoding",
        "X-Content-Type-Options": "nosniff",
        "x-ms-arm-service-request-id": "c2606241-9c6d-43a2-872a-0a7b6b7abdbf",
        "x-ms-correlation-request-id": "44ef9726-7708-41f7-9c27-aed199228866",
        "x-ms-ratelimit-remaining-subscription-reads": "11998",
        "x-ms-routing-request-id": "EASTUS:20230328T091131Z:44ef9726-7708-41f7-9c27-aed199228866"
      },
      "ResponseBody": {
        "status": "Succeeded"
      }
    },
    {
      "RequestUri": "https://management.azure.com/subscriptions/00000000-0000-0000-0000-000000000000/resourceGroups/rgname/providers/Microsoft.Network/virtualNetworks/virtualnetwork?api-version=2022-09-01",
      "RequestMethod": "GET",
      "RequestHeaders": {
        "Accept": "*/*",
        "Accept-Encoding": "gzip, deflate",
        "Connection": "keep-alive",
        "User-Agent": "azsdk-python-azure-mgmt-network/0.0.0 (it should be stable) Python/3.8.16 (Linux-5.15.0-1034-azure-x86_64-with-glibc2.2.5) VSTS_0fb41ef4-5012-48a9-bf39-4ee3de03ee35_build_2500_0"
      },
      "RequestBody": null,
      "StatusCode": 200,
      "ResponseHeaders": {
        "Cache-Control": "no-cache",
        "Content-Encoding": "gzip",
        "Content-Type": "application/json; charset=utf-8",
        "Date": "Tue, 28 Mar 2023 09:11:31 GMT",
        "ETag": "W/\u002288bb47cf-22ec-44da-820e-7ca7d015e764\u0022",
        "Expires": "-1",
        "Pragma": "no-cache",
        "Server": [
          "Microsoft-HTTPAPI/2.0",
          "Microsoft-HTTPAPI/2.0"
        ],
        "Strict-Transport-Security": "max-age=31536000; includeSubDomains",
        "Transfer-Encoding": "chunked",
        "Vary": "Accept-Encoding",
        "X-Content-Type-Options": "nosniff",
        "x-ms-arm-service-request-id": "29ed6c4f-1e88-40df-b013-075d915157e8",
        "x-ms-correlation-request-id": "98008892-5624-40f6-bbfe-4ba814dc2ae9",
        "x-ms-ratelimit-remaining-subscription-reads": "11997",
        "x-ms-routing-request-id": "EASTUS:20230328T091131Z:98008892-5624-40f6-bbfe-4ba814dc2ae9"
      },
      "ResponseBody": {
        "name": "virtualnetwork",
        "id": "/subscriptions/00000000-0000-0000-0000-000000000000/resourceGroups/rgname/providers/Microsoft.Network/virtualNetworks/virtualnetwork",
        "etag": "W/\u002288bb47cf-22ec-44da-820e-7ca7d015e764\u0022",
        "type": "Microsoft.Network/virtualNetworks",
        "location": "eastus",
        "properties": {
          "provisioningState": "Succeeded",
          "resourceGuid": "b10426c8-e021-4ad4-a472-b7d821c708f9",
          "addressSpace": {
            "addressPrefixes": [
              "10.0.0.0/16"
            ]
          },
          "subnets": [],
          "virtualNetworkPeerings": [],
          "enableDdosProtection": false
        }
      }
    },
    {
      "RequestUri": "https://management.azure.com/subscriptions/00000000-0000-0000-0000-000000000000/resourceGroups/rgname/providers/Microsoft.Network/virtualNetworks/virtualnetwork/subnets/subnet1?api-version=2022-09-01",
      "RequestMethod": "PUT",
      "RequestHeaders": {
        "Accept": "application/json",
        "Accept-Encoding": "gzip, deflate",
        "Connection": "keep-alive",
        "Content-Length": "97",
        "Content-Type": "application/json",
        "User-Agent": "azsdk-python-azure-mgmt-network/0.0.0 (it should be stable) Python/3.8.16 (Linux-5.15.0-1034-azure-x86_64-with-glibc2.2.5) VSTS_0fb41ef4-5012-48a9-bf39-4ee3de03ee35_build_2500_0"
      },
      "RequestBody": {
        "properties": {
          "addressPrefix": "10.0.0.0/24",
          "privateLinkServiceNetworkPolicies": "disabled"
        }
      },
      "StatusCode": 201,
      "ResponseHeaders": {
        "Azure-AsyncNotification": "Enabled",
        "Azure-AsyncOperation": "https://management.azure.com/subscriptions/00000000-0000-0000-0000-000000000000/providers/Microsoft.Network/locations/eastus/operations/bf31378d-5571-4d54-9306-c4abf07ec6ce?api-version=2022-09-01",
        "Cache-Control": "no-cache",
        "Content-Length": "527",
        "Content-Type": "application/json; charset=utf-8",
        "Date": "Tue, 28 Mar 2023 09:11:31 GMT",
        "Expires": "-1",
        "Pragma": "no-cache",
        "Retry-After": "3",
        "Server": [
          "Microsoft-HTTPAPI/2.0",
          "Microsoft-HTTPAPI/2.0"
        ],
        "Strict-Transport-Security": "max-age=31536000; includeSubDomains",
        "X-Content-Type-Options": "nosniff",
        "x-ms-arm-service-request-id": "a4f12a40-35c9-4488-b2d7-29122ca1d603",
        "x-ms-correlation-request-id": "58919e62-86ba-40b7-a192-838e046314a0",
        "x-ms-ratelimit-remaining-subscription-writes": "1198",
        "x-ms-routing-request-id": "EASTUS:20230328T091131Z:58919e62-86ba-40b7-a192-838e046314a0"
      },
      "ResponseBody": {
        "name": "subnet1",
        "id": "/subscriptions/00000000-0000-0000-0000-000000000000/resourceGroups/rgname/providers/Microsoft.Network/virtualNetworks/virtualnetwork/subnets/subnet1",
        "etag": "W/\u0022a32a7a59-0c62-486f-b067-a1bb727a5a1e\u0022",
        "properties": {
          "provisioningState": "Updating",
          "addressPrefix": "10.0.0.0/24",
          "delegations": [],
          "privateEndpointNetworkPolicies": "Disabled",
          "privateLinkServiceNetworkPolicies": "Disabled"
        },
        "type": "Microsoft.Network/virtualNetworks/subnets"
      }
    },
    {
      "RequestUri": "https://management.azure.com/subscriptions/00000000-0000-0000-0000-000000000000/providers/Microsoft.Network/locations/eastus/operations/bf31378d-5571-4d54-9306-c4abf07ec6ce?api-version=2022-09-01",
      "RequestMethod": "GET",
      "RequestHeaders": {
        "Accept": "*/*",
        "Accept-Encoding": "gzip, deflate",
        "Connection": "keep-alive",
        "User-Agent": "azsdk-python-azure-mgmt-network/0.0.0 (it should be stable) Python/3.8.16 (Linux-5.15.0-1034-azure-x86_64-with-glibc2.2.5) VSTS_0fb41ef4-5012-48a9-bf39-4ee3de03ee35_build_2500_0"
      },
      "RequestBody": null,
      "StatusCode": 200,
      "ResponseHeaders": {
        "Cache-Control": "no-cache",
        "Content-Encoding": "gzip",
        "Content-Type": "application/json; charset=utf-8",
        "Date": "Tue, 28 Mar 2023 09:11:31 GMT",
        "Expires": "-1",
        "Pragma": "no-cache",
        "Retry-After": "10",
        "Server": [
          "Microsoft-HTTPAPI/2.0",
          "Microsoft-HTTPAPI/2.0"
        ],
        "Strict-Transport-Security": "max-age=31536000; includeSubDomains",
        "Transfer-Encoding": "chunked",
        "Vary": "Accept-Encoding",
        "X-Content-Type-Options": "nosniff",
        "x-ms-arm-service-request-id": "e0b6d9a1-4197-44ab-919d-1c2781be53b2",
        "x-ms-correlation-request-id": "6fba8d86-a9bc-4e07-9b01-75d3375548cd",
        "x-ms-ratelimit-remaining-subscription-reads": "11996",
        "x-ms-routing-request-id": "EASTUS:20230328T091132Z:6fba8d86-a9bc-4e07-9b01-75d3375548cd"
      },
      "ResponseBody": {
        "status": "InProgress"
      }
    },
    {
      "RequestUri": "https://management.azure.com/subscriptions/00000000-0000-0000-0000-000000000000/providers/Microsoft.Network/locations/eastus/operations/bf31378d-5571-4d54-9306-c4abf07ec6ce?api-version=2022-09-01",
      "RequestMethod": "GET",
      "RequestHeaders": {
        "Accept": "*/*",
        "Accept-Encoding": "gzip, deflate",
        "Connection": "keep-alive",
        "User-Agent": "azsdk-python-azure-mgmt-network/0.0.0 (it should be stable) Python/3.8.16 (Linux-5.15.0-1034-azure-x86_64-with-glibc2.2.5) VSTS_0fb41ef4-5012-48a9-bf39-4ee3de03ee35_build_2500_0"
      },
      "RequestBody": null,
      "StatusCode": 200,
      "ResponseHeaders": {
        "Cache-Control": "no-cache",
        "Content-Encoding": "gzip",
        "Content-Type": "application/json; charset=utf-8",
        "Date": "Tue, 28 Mar 2023 09:11:41 GMT",
        "Expires": "-1",
        "Pragma": "no-cache",
        "Server": [
          "Microsoft-HTTPAPI/2.0",
          "Microsoft-HTTPAPI/2.0"
        ],
        "Strict-Transport-Security": "max-age=31536000; includeSubDomains",
        "Transfer-Encoding": "chunked",
        "Vary": "Accept-Encoding",
        "X-Content-Type-Options": "nosniff",
        "x-ms-arm-service-request-id": "8e5be0ea-3d0a-4bb3-9005-e208f5bacd90",
        "x-ms-correlation-request-id": "c5272ffd-88b4-4505-a8f4-185f80481a4b",
        "x-ms-ratelimit-remaining-subscription-reads": "11995",
        "x-ms-routing-request-id": "EASTUS:20230328T091142Z:c5272ffd-88b4-4505-a8f4-185f80481a4b"
      },
      "ResponseBody": {
        "status": "Succeeded"
      }
    },
    {
      "RequestUri": "https://management.azure.com/subscriptions/00000000-0000-0000-0000-000000000000/resourceGroups/rgname/providers/Microsoft.Network/virtualNetworks/virtualnetwork/subnets/subnet1?api-version=2022-09-01",
      "RequestMethod": "GET",
      "RequestHeaders": {
        "Accept": "*/*",
        "Accept-Encoding": "gzip, deflate",
        "Connection": "keep-alive",
        "User-Agent": "azsdk-python-azure-mgmt-network/0.0.0 (it should be stable) Python/3.8.16 (Linux-5.15.0-1034-azure-x86_64-with-glibc2.2.5) VSTS_0fb41ef4-5012-48a9-bf39-4ee3de03ee35_build_2500_0"
      },
      "RequestBody": null,
      "StatusCode": 200,
      "ResponseHeaders": {
        "Cache-Control": "no-cache",
        "Content-Encoding": "gzip",
        "Content-Type": "application/json; charset=utf-8",
        "Date": "Tue, 28 Mar 2023 09:11:41 GMT",
        "ETag": "W/\u002212808ffe-704a-4dce-adb6-f3b4a41ead17\u0022",
        "Expires": "-1",
        "Pragma": "no-cache",
        "Server": [
          "Microsoft-HTTPAPI/2.0",
          "Microsoft-HTTPAPI/2.0"
        ],
        "Strict-Transport-Security": "max-age=31536000; includeSubDomains",
        "Transfer-Encoding": "chunked",
        "Vary": "Accept-Encoding",
        "X-Content-Type-Options": "nosniff",
        "x-ms-arm-service-request-id": "c9caf0dd-3ae9-4341-a8da-13b296beb715",
        "x-ms-correlation-request-id": "8d712bc4-63f2-4bbb-9f71-06b9510c8d83",
        "x-ms-ratelimit-remaining-subscription-reads": "11994",
        "x-ms-routing-request-id": "EASTUS:20230328T091142Z:8d712bc4-63f2-4bbb-9f71-06b9510c8d83"
      },
      "ResponseBody": {
        "name": "subnet1",
        "id": "/subscriptions/00000000-0000-0000-0000-000000000000/resourceGroups/rgname/providers/Microsoft.Network/virtualNetworks/virtualnetwork/subnets/subnet1",
        "etag": "W/\u002212808ffe-704a-4dce-adb6-f3b4a41ead17\u0022",
        "properties": {
          "provisioningState": "Succeeded",
          "addressPrefix": "10.0.0.0/24",
          "delegations": [],
          "privateEndpointNetworkPolicies": "Disabled",
          "privateLinkServiceNetworkPolicies": "Disabled"
        },
        "type": "Microsoft.Network/virtualNetworks/subnets"
      }
    },
    {
      "RequestUri": "https://management.azure.com/subscriptions/00000000-0000-0000-0000-000000000000/resourceGroups/rgname/providers/Microsoft.Network/virtualNetworks/virtualnetwork/subnets/subnet2?api-version=2022-09-01",
      "RequestMethod": "PUT",
      "RequestHeaders": {
        "Accept": "application/json",
        "Accept-Encoding": "gzip, deflate",
        "Connection": "keep-alive",
        "Content-Length": "94",
        "Content-Type": "application/json",
        "User-Agent": "azsdk-python-azure-mgmt-network/0.0.0 (it should be stable) Python/3.8.16 (Linux-5.15.0-1034-azure-x86_64-with-glibc2.2.5) VSTS_0fb41ef4-5012-48a9-bf39-4ee3de03ee35_build_2500_0"
      },
      "RequestBody": {
        "properties": {
          "addressPrefix": "10.0.1.0/24",
          "privateEndpointNetworkPolicies": "disabled"
        }
      },
      "StatusCode": 201,
      "ResponseHeaders": {
        "Azure-AsyncNotification": "Enabled",
        "Azure-AsyncOperation": "https://management.azure.com/subscriptions/00000000-0000-0000-0000-000000000000/providers/Microsoft.Network/locations/eastus/operations/7342d00c-c531-4326-8af3-40a22124d6a9?api-version=2022-09-01",
        "Cache-Control": "no-cache",
        "Content-Length": "526",
        "Content-Type": "application/json; charset=utf-8",
        "Date": "Tue, 28 Mar 2023 09:11:41 GMT",
        "Expires": "-1",
        "Pragma": "no-cache",
        "Retry-After": "3",
        "Server": [
          "Microsoft-HTTPAPI/2.0",
          "Microsoft-HTTPAPI/2.0"
        ],
        "Strict-Transport-Security": "max-age=31536000; includeSubDomains",
        "X-Content-Type-Options": "nosniff",
        "x-ms-arm-service-request-id": "5f366ddd-9db6-4762-a260-ed24d85ac0d1",
        "x-ms-correlation-request-id": "06fdc571-899b-4708-bda1-f65494758b94",
        "x-ms-ratelimit-remaining-subscription-writes": "1197",
        "x-ms-routing-request-id": "EASTUS:20230328T091142Z:06fdc571-899b-4708-bda1-f65494758b94"
      },
      "ResponseBody": {
        "name": "subnet2",
        "id": "/subscriptions/00000000-0000-0000-0000-000000000000/resourceGroups/rgname/providers/Microsoft.Network/virtualNetworks/virtualnetwork/subnets/subnet2",
        "etag": "W/\u002229abdee1-cc75-4da3-ba9f-b7fa0a0f8868\u0022",
        "properties": {
          "provisioningState": "Updating",
          "addressPrefix": "10.0.1.0/24",
          "delegations": [],
          "privateEndpointNetworkPolicies": "Disabled",
          "privateLinkServiceNetworkPolicies": "Enabled"
        },
        "type": "Microsoft.Network/virtualNetworks/subnets"
      }
    },
    {
      "RequestUri": "https://management.azure.com/subscriptions/00000000-0000-0000-0000-000000000000/providers/Microsoft.Network/locations/eastus/operations/7342d00c-c531-4326-8af3-40a22124d6a9?api-version=2022-09-01",
      "RequestMethod": "GET",
      "RequestHeaders": {
        "Accept": "*/*",
        "Accept-Encoding": "gzip, deflate",
        "Connection": "keep-alive",
        "User-Agent": "azsdk-python-azure-mgmt-network/0.0.0 (it should be stable) Python/3.8.16 (Linux-5.15.0-1034-azure-x86_64-with-glibc2.2.5) VSTS_0fb41ef4-5012-48a9-bf39-4ee3de03ee35_build_2500_0"
      },
      "RequestBody": null,
      "StatusCode": 200,
      "ResponseHeaders": {
        "Cache-Control": "no-cache",
        "Content-Encoding": "gzip",
        "Content-Type": "application/json; charset=utf-8",
        "Date": "Tue, 28 Mar 2023 09:11:41 GMT",
        "Expires": "-1",
        "Pragma": "no-cache",
        "Retry-After": "10",
        "Server": [
          "Microsoft-HTTPAPI/2.0",
          "Microsoft-HTTPAPI/2.0"
        ],
        "Strict-Transport-Security": "max-age=31536000; includeSubDomains",
        "Transfer-Encoding": "chunked",
        "Vary": "Accept-Encoding",
        "X-Content-Type-Options": "nosniff",
        "x-ms-arm-service-request-id": "df4168df-0850-4b2c-a3a8-d04c430b6d1f",
        "x-ms-correlation-request-id": "82fa093f-0e31-4827-8d60-1230f51d8824",
        "x-ms-ratelimit-remaining-subscription-reads": "11993",
        "x-ms-routing-request-id": "EASTUS:20230328T091142Z:82fa093f-0e31-4827-8d60-1230f51d8824"
      },
      "ResponseBody": {
        "status": "InProgress"
      }
    },
    {
      "RequestUri": "https://management.azure.com/subscriptions/00000000-0000-0000-0000-000000000000/providers/Microsoft.Network/locations/eastus/operations/7342d00c-c531-4326-8af3-40a22124d6a9?api-version=2022-09-01",
      "RequestMethod": "GET",
      "RequestHeaders": {
        "Accept": "*/*",
        "Accept-Encoding": "gzip, deflate",
        "Connection": "keep-alive",
        "User-Agent": "azsdk-python-azure-mgmt-network/0.0.0 (it should be stable) Python/3.8.16 (Linux-5.15.0-1034-azure-x86_64-with-glibc2.2.5) VSTS_0fb41ef4-5012-48a9-bf39-4ee3de03ee35_build_2500_0"
      },
      "RequestBody": null,
      "StatusCode": 200,
      "ResponseHeaders": {
        "Cache-Control": "no-cache",
        "Content-Encoding": "gzip",
        "Content-Type": "application/json; charset=utf-8",
        "Date": "Tue, 28 Mar 2023 09:11:51 GMT",
        "Expires": "-1",
        "Pragma": "no-cache",
        "Server": [
          "Microsoft-HTTPAPI/2.0",
          "Microsoft-HTTPAPI/2.0"
        ],
        "Strict-Transport-Security": "max-age=31536000; includeSubDomains",
        "Transfer-Encoding": "chunked",
        "Vary": "Accept-Encoding",
        "X-Content-Type-Options": "nosniff",
        "x-ms-arm-service-request-id": "e19f37b0-5aac-4d0c-954b-f347126a6157",
        "x-ms-correlation-request-id": "64d1b309-2fb3-49b2-ab0e-3cfbc7742848",
        "x-ms-ratelimit-remaining-subscription-reads": "11992",
        "x-ms-routing-request-id": "EASTUS:20230328T091152Z:64d1b309-2fb3-49b2-ab0e-3cfbc7742848"
      },
      "ResponseBody": {
        "status": "Succeeded"
      }
    },
    {
      "RequestUri": "https://management.azure.com/subscriptions/00000000-0000-0000-0000-000000000000/resourceGroups/rgname/providers/Microsoft.Network/virtualNetworks/virtualnetwork/subnets/subnet2?api-version=2022-09-01",
      "RequestMethod": "GET",
      "RequestHeaders": {
        "Accept": "*/*",
        "Accept-Encoding": "gzip, deflate",
        "Connection": "keep-alive",
        "User-Agent": "azsdk-python-azure-mgmt-network/0.0.0 (it should be stable) Python/3.8.16 (Linux-5.15.0-1034-azure-x86_64-with-glibc2.2.5) VSTS_0fb41ef4-5012-48a9-bf39-4ee3de03ee35_build_2500_0"
      },
      "RequestBody": null,
      "StatusCode": 200,
      "ResponseHeaders": {
        "Cache-Control": "no-cache",
        "Content-Encoding": "gzip",
        "Content-Type": "application/json; charset=utf-8",
        "Date": "Tue, 28 Mar 2023 09:11:51 GMT",
        "ETag": "W/\u00222633744d-2001-4171-ab58-4ef33eb2ad8b\u0022",
        "Expires": "-1",
        "Pragma": "no-cache",
        "Server": [
          "Microsoft-HTTPAPI/2.0",
          "Microsoft-HTTPAPI/2.0"
        ],
        "Strict-Transport-Security": "max-age=31536000; includeSubDomains",
        "Transfer-Encoding": "chunked",
        "Vary": "Accept-Encoding",
        "X-Content-Type-Options": "nosniff",
        "x-ms-arm-service-request-id": "6a957506-ed9a-45da-a758-16819f530c82",
        "x-ms-correlation-request-id": "20374e5b-3a30-4bde-9674-3542666fd975",
        "x-ms-ratelimit-remaining-subscription-reads": "11991",
        "x-ms-routing-request-id": "EASTUS:20230328T091152Z:20374e5b-3a30-4bde-9674-3542666fd975"
      },
      "ResponseBody": {
        "name": "subnet2",
        "id": "/subscriptions/00000000-0000-0000-0000-000000000000/resourceGroups/rgname/providers/Microsoft.Network/virtualNetworks/virtualnetwork/subnets/subnet2",
        "etag": "W/\u00222633744d-2001-4171-ab58-4ef33eb2ad8b\u0022",
        "properties": {
          "provisioningState": "Succeeded",
          "addressPrefix": "10.0.1.0/24",
          "delegations": [],
          "privateEndpointNetworkPolicies": "Disabled",
          "privateLinkServiceNetworkPolicies": "Enabled"
        },
        "type": "Microsoft.Network/virtualNetworks/subnets"
      }
    },
    {
      "RequestUri": "https://management.azure.com/subscriptions/00000000-0000-0000-0000-000000000000/resourceGroups/rgname/providers/Microsoft.Network/loadBalancers/loadbalancer?api-version=2022-09-01",
      "RequestMethod": "PUT",
      "RequestHeaders": {
        "Accept": "application/json",
        "Accept-Encoding": "gzip, deflate",
        "Connection": "keep-alive",
        "Content-Length": "314",
        "Content-Type": "application/json",
        "User-Agent": "azsdk-python-azure-mgmt-network/0.0.0 (it should be stable) Python/3.8.16 (Linux-5.15.0-1034-azure-x86_64-with-glibc2.2.5) VSTS_0fb41ef4-5012-48a9-bf39-4ee3de03ee35_build_2500_0"
      },
      "RequestBody": {
        "location": "eastus",
        "sku": {
          "name": "Standard"
        },
        "properties": {
          "frontendIPConfigurations": [
            {
              "name": "myIPConfiguration",
              "properties": {
                "subnet": {
                  "id": "/subscriptions/00000000-0000-0000-0000-000000000000/resourceGroups/rgname/providers/Microsoft.Network/virtualNetworks/virtualnetwork/subnets/subnet1"
                }
              }
            }
          ]
        }
      },
      "StatusCode": 201,
      "ResponseHeaders": {
        "Azure-AsyncNotification": "Enabled",
        "Azure-AsyncOperation": "https://management.azure.com/subscriptions/00000000-0000-0000-0000-000000000000/providers/Microsoft.Network/locations/eastus/operations/e7643b53-4da1-4733-81f6-56788beaddc7?api-version=2022-09-01",
        "Cache-Control": "no-cache",
        "Content-Length": "1508",
        "Content-Type": "application/json; charset=utf-8",
        "Date": "Tue, 28 Mar 2023 09:11:52 GMT",
        "Expires": "-1",
        "Pragma": "no-cache",
        "Retry-After": "3",
        "Server": [
          "Microsoft-HTTPAPI/2.0",
          "Microsoft-HTTPAPI/2.0"
        ],
        "Strict-Transport-Security": "max-age=31536000; includeSubDomains",
        "X-Content-Type-Options": "nosniff",
        "x-ms-arm-service-request-id": "08e641c7-e771-48f1-b5ab-11c97f569ca5",
        "x-ms-correlation-request-id": "4b957b1c-599d-4388-8769-e848e860f2a9",
        "x-ms-ratelimit-remaining-subscription-writes": "1196",
        "x-ms-routing-request-id": "EASTUS:20230328T091153Z:4b957b1c-599d-4388-8769-e848e860f2a9"
      },
      "ResponseBody": {
        "name": "loadbalancer",
        "id": "/subscriptions/00000000-0000-0000-0000-000000000000/resourceGroups/rgname/providers/Microsoft.Network/loadBalancers/loadbalancer",
        "etag": "W/\u0022e8bebb4b-dbbf-4879-b038-17f2a139fd31\u0022",
        "type": "Microsoft.Network/loadBalancers",
        "location": "eastus",
        "properties": {
          "provisioningState": "Updating",
          "resourceGuid": "ece4c9e3-f596-4ff4-ad6e-7edb73cb7820",
          "frontendIPConfigurations": [
            {
              "name": "myIPConfiguration",
              "id": "/subscriptions/00000000-0000-0000-0000-000000000000/resourceGroups/rgname/providers/Microsoft.Network/loadBalancers/loadbalancer/frontendIPConfigurations/myIPConfiguration",
              "etag": "W/\u0022e8bebb4b-dbbf-4879-b038-17f2a139fd31\u0022",
              "type": "Microsoft.Network/loadBalancers/frontendIPConfigurations",
              "properties": {
                "provisioningState": "Updating",
                "privateIPAddress": "10.0.0.4",
                "privateIPAllocationMethod": "Dynamic",
                "subnet": {
                  "id": "/subscriptions/00000000-0000-0000-0000-000000000000/resourceGroups/rgname/providers/Microsoft.Network/virtualNetworks/virtualnetwork/subnets/subnet1"
                },
                "privateIPAddressVersion": "IPv4"
              }
            }
          ],
          "backendAddressPools": [],
          "loadBalancingRules": [],
          "probes": [],
          "inboundNatRules": [],
          "outboundRules": [],
          "inboundNatPools": []
        },
        "sku": {
          "name": "Standard",
          "tier": "Regional"
        }
      }
    },
    {
      "RequestUri": "https://management.azure.com/subscriptions/00000000-0000-0000-0000-000000000000/providers/Microsoft.Network/locations/eastus/operations/e7643b53-4da1-4733-81f6-56788beaddc7?api-version=2022-09-01",
      "RequestMethod": "GET",
      "RequestHeaders": {
        "Accept": "*/*",
        "Accept-Encoding": "gzip, deflate",
        "Connection": "keep-alive",
        "User-Agent": "azsdk-python-azure-mgmt-network/0.0.0 (it should be stable) Python/3.8.16 (Linux-5.15.0-1034-azure-x86_64-with-glibc2.2.5) VSTS_0fb41ef4-5012-48a9-bf39-4ee3de03ee35_build_2500_0"
      },
      "RequestBody": null,
      "StatusCode": 200,
      "ResponseHeaders": {
        "Cache-Control": "no-cache",
        "Content-Encoding": "gzip",
        "Content-Type": "application/json; charset=utf-8",
        "Date": "Tue, 28 Mar 2023 09:11:52 GMT",
        "Expires": "-1",
        "Pragma": "no-cache",
        "Retry-After": "10",
        "Server": [
          "Microsoft-HTTPAPI/2.0",
          "Microsoft-HTTPAPI/2.0"
        ],
        "Strict-Transport-Security": "max-age=31536000; includeSubDomains",
        "Transfer-Encoding": "chunked",
        "Vary": "Accept-Encoding",
        "X-Content-Type-Options": "nosniff",
        "x-ms-arm-service-request-id": "abfb53a3-a27e-44e3-a8c7-d8ddaaf5943e",
        "x-ms-correlation-request-id": "ac17aaf5-1371-48ea-9ee4-3c25f6b1b42d",
        "x-ms-ratelimit-remaining-subscription-reads": "11990",
        "x-ms-routing-request-id": "EASTUS:20230328T091153Z:ac17aaf5-1371-48ea-9ee4-3c25f6b1b42d"
      },
      "ResponseBody": {
        "status": "InProgress"
      }
    },
    {
      "RequestUri": "https://management.azure.com/subscriptions/00000000-0000-0000-0000-000000000000/providers/Microsoft.Network/locations/eastus/operations/e7643b53-4da1-4733-81f6-56788beaddc7?api-version=2022-09-01",
      "RequestMethod": "GET",
      "RequestHeaders": {
        "Accept": "*/*",
        "Accept-Encoding": "gzip, deflate",
        "Connection": "keep-alive",
        "User-Agent": "azsdk-python-azure-mgmt-network/0.0.0 (it should be stable) Python/3.8.16 (Linux-5.15.0-1034-azure-x86_64-with-glibc2.2.5) VSTS_0fb41ef4-5012-48a9-bf39-4ee3de03ee35_build_2500_0"
      },
      "RequestBody": null,
      "StatusCode": 200,
      "ResponseHeaders": {
        "Cache-Control": "no-cache",
        "Content-Encoding": "gzip",
        "Content-Type": "application/json; charset=utf-8",
        "Date": "Tue, 28 Mar 2023 09:12:02 GMT",
        "Expires": "-1",
        "Pragma": "no-cache",
        "Server": [
          "Microsoft-HTTPAPI/2.0",
          "Microsoft-HTTPAPI/2.0"
        ],
        "Strict-Transport-Security": "max-age=31536000; includeSubDomains",
        "Transfer-Encoding": "chunked",
        "Vary": "Accept-Encoding",
        "X-Content-Type-Options": "nosniff",
        "x-ms-arm-service-request-id": "ca5149d6-3cd4-4401-86bc-ef8e6fed1630",
        "x-ms-correlation-request-id": "5f2ee13d-a4ff-426a-87e9-71f6ccae855e",
        "x-ms-ratelimit-remaining-subscription-reads": "11989",
        "x-ms-routing-request-id": "EASTUS:20230328T091203Z:5f2ee13d-a4ff-426a-87e9-71f6ccae855e"
      },
      "ResponseBody": {
        "status": "Succeeded"
      }
    },
    {
      "RequestUri": "https://management.azure.com/subscriptions/00000000-0000-0000-0000-000000000000/resourceGroups/rgname/providers/Microsoft.Network/loadBalancers/loadbalancer?api-version=2022-09-01",
      "RequestMethod": "GET",
      "RequestHeaders": {
        "Accept": "*/*",
        "Accept-Encoding": "gzip, deflate",
        "Connection": "keep-alive",
        "User-Agent": "azsdk-python-azure-mgmt-network/0.0.0 (it should be stable) Python/3.8.16 (Linux-5.15.0-1034-azure-x86_64-with-glibc2.2.5) VSTS_0fb41ef4-5012-48a9-bf39-4ee3de03ee35_build_2500_0"
      },
      "RequestBody": null,
      "StatusCode": 200,
      "ResponseHeaders": {
        "Cache-Control": "no-cache",
        "Content-Encoding": "gzip",
        "Content-Type": "application/json; charset=utf-8",
        "Date": "Tue, 28 Mar 2023 09:12:02 GMT",
        "ETag": "W/\u00228818e046-6745-4eb3-b760-003259f040dc\u0022",
        "Expires": "-1",
        "Pragma": "no-cache",
        "Server": [
          "Microsoft-HTTPAPI/2.0",
          "Microsoft-HTTPAPI/2.0"
        ],
        "Strict-Transport-Security": "max-age=31536000; includeSubDomains",
        "Transfer-Encoding": "chunked",
        "Vary": "Accept-Encoding",
        "X-Content-Type-Options": "nosniff",
        "x-ms-arm-service-request-id": "45436088-d3e8-4924-b954-655b9a4eb87f",
        "x-ms-correlation-request-id": "c48217d2-9b10-4efa-af78-6a21dd909eb3",
        "x-ms-ratelimit-remaining-subscription-reads": "11988",
        "x-ms-routing-request-id": "EASTUS:20230328T091203Z:c48217d2-9b10-4efa-af78-6a21dd909eb3"
      },
      "ResponseBody": {
        "name": "loadbalancer",
        "id": "/subscriptions/00000000-0000-0000-0000-000000000000/resourceGroups/rgname/providers/Microsoft.Network/loadBalancers/loadbalancer",
        "etag": "W/\u00228818e046-6745-4eb3-b760-003259f040dc\u0022",
        "type": "Microsoft.Network/loadBalancers",
        "location": "eastus",
        "properties": {
          "provisioningState": "Succeeded",
          "resourceGuid": "ece4c9e3-f596-4ff4-ad6e-7edb73cb7820",
          "frontendIPConfigurations": [
            {
              "name": "myIPConfiguration",
              "id": "/subscriptions/00000000-0000-0000-0000-000000000000/resourceGroups/rgname/providers/Microsoft.Network/loadBalancers/loadbalancer/frontendIPConfigurations/myIPConfiguration",
              "etag": "W/\u00228818e046-6745-4eb3-b760-003259f040dc\u0022",
              "type": "Microsoft.Network/loadBalancers/frontendIPConfigurations",
              "properties": {
                "provisioningState": "Succeeded",
                "privateIPAddress": "10.0.0.4",
                "privateIPAllocationMethod": "Dynamic",
                "subnet": {
                  "id": "/subscriptions/00000000-0000-0000-0000-000000000000/resourceGroups/rgname/providers/Microsoft.Network/virtualNetworks/virtualnetwork/subnets/subnet1"
                },
                "privateIPAddressVersion": "IPv4"
              }
            }
          ],
          "backendAddressPools": [],
          "loadBalancingRules": [],
          "probes": [],
          "inboundNatRules": [],
          "outboundRules": [],
          "inboundNatPools": []
        },
        "sku": {
          "name": "Standard",
          "tier": "Regional"
        }
      }
    },
    {
      "RequestUri": "https://management.azure.com/subscriptions/00000000-0000-0000-0000-000000000000/resourceGroups/rgname/providers/Microsoft.Network/privateLinkServices/myService?api-version=2022-09-01",
      "RequestMethod": "PUT",
      "RequestHeaders": {
        "Accept": "application/json",
        "Accept-Encoding": "gzip, deflate",
        "Connection": "keep-alive",
        "Content-Length": "759",
        "Content-Type": "application/json",
        "User-Agent": "azsdk-python-azure-mgmt-network/0.0.0 (it should be stable) Python/3.8.16 (Linux-5.15.0-1034-azure-x86_64-with-glibc2.2.5) VSTS_0fb41ef4-5012-48a9-bf39-4ee3de03ee35_build_2500_0"
      },
      "RequestBody": {
        "location": "eastus",
        "properties": {
          "loadBalancerFrontendIpConfigurations": [
            {
              "id": "/subscriptions/00000000-0000-0000-0000-000000000000/resourceGroups/rgname/providers/Microsoft.Network/loadBalancers/loadbalancer/frontendIPConfigurations/myIPConfiguration"
            }
          ],
          "ipConfigurations": [
            {
              "name": "myIPConfiguration",
              "properties": {
                "privateIPAddress": "10.0.1.4",
                "subnet": {
                  "id": "/subscriptions/00000000-0000-0000-0000-000000000000/resourceGroups/rgname/providers/Microsoft.Network/virtualNetworks/virtualnetwork/subnets/subnet1"
                },
                "privateIPAddressVersion": "IPv4"
              }
            }
          ],
          "visibility": {
            "subscriptions": [
              "00000000-0000-0000-0000-000000000000"
            ]
          },
          "autoApproval": {
            "subscriptions": [
              "00000000-0000-0000-0000-000000000000"
            ]
          },
          "fqdns": [
            "fqdn1",
            "fqdn2",
            "fqdn3"
          ]
        }
      },
      "StatusCode": 201,
      "ResponseHeaders": {
        "Azure-AsyncNotification": "Enabled",
        "Azure-AsyncOperation": "https://management.azure.com/subscriptions/00000000-0000-0000-0000-000000000000/providers/Microsoft.Network/locations/eastus/operations/537e50f8-db17-4496-b804-c798e769d81a?api-version=2022-09-01",
        "Cache-Control": "no-cache",
        "Content-Length": "2225",
        "Content-Type": "application/json; charset=utf-8",
        "Date": "Tue, 28 Mar 2023 09:12:03 GMT",
        "Expires": "-1",
        "Pragma": "no-cache",
        "Retry-After": "10",
        "Server": [
          "Microsoft-HTTPAPI/2.0",
          "Microsoft-HTTPAPI/2.0"
        ],
        "Strict-Transport-Security": "max-age=31536000; includeSubDomains",
        "X-Content-Type-Options": "nosniff",
        "x-ms-arm-service-request-id": "bc474013-6a28-4f49-8368-2b589acef53b",
        "x-ms-correlation-request-id": "cec5a919-4581-43b6-b24e-0dbdb578601f",
        "x-ms-ratelimit-remaining-subscription-writes": "1195",
        "x-ms-routing-request-id": "EASTUS:20230328T091204Z:cec5a919-4581-43b6-b24e-0dbdb578601f"
      },
      "ResponseBody": {
        "name": "myService",
        "id": "/subscriptions/00000000-0000-0000-0000-000000000000/resourceGroups/rgname/providers/Microsoft.Network/privateLinkServices/myService",
        "etag": "W/\u0022aec6b309-14e1-4fa7-a299-d6e094e9b34c\u0022",
        "type": "Microsoft.Network/privateLinkServices",
        "location": "eastus",
        "properties": {
          "provisioningState": "Updating",
          "resourceGuid": "c35d8c18-a6a5-4bbb-8b6f-94628ed8d6b8",
          "fqdns": [
            "fqdn1",
            "fqdn2",
            "fqdn3"
          ],
          "alias": "myservice.f4d0a8ab-642c-4fe2-8b77-aa14fcaedd41.eastus.azure.privatelinkservice",
          "visibility": {
            "subscriptions": [
              "00000000-0000-0000-0000-000000000000"
            ]
          },
          "autoApproval": {
            "subscriptions": [
              "00000000-0000-0000-0000-000000000000"
            ]
          },
          "enableProxyProtocol": false,
          "loadBalancerFrontendIpConfigurations": [
            {
              "id": "/subscriptions/00000000-0000-0000-0000-000000000000/resourceGroups/rgname/providers/Microsoft.Network/loadBalancers/loadbalancer/frontendIPConfigurations/myIPConfiguration"
            }
          ],
          "ipConfigurations": [
            {
              "name": "myIPConfiguration",
              "id": "/subscriptions/00000000-0000-0000-0000-000000000000/resourceGroups/rgname/providers/Microsoft.Network/privateLinkServices/myService/ipConfigurations/myIPConfiguration",
              "etag": "W/\u0022aec6b309-14e1-4fa7-a299-d6e094e9b34c\u0022",
              "type": "Microsoft.Network/privateLinkServices/ipConfigurations",
              "properties": {
                "provisioningState": "Succeeded",
                "privateIPAllocationMethod": "Dynamic",
                "subnet": {
                  "id": "/subscriptions/00000000-0000-0000-0000-000000000000/resourceGroups/rgname/providers/Microsoft.Network/virtualNetworks/virtualnetwork/subnets/subnet1"
                },
                "primary": true,
                "privateIPAddressVersion": "IPv4"
              }
            }
          ],
          "privateEndpointConnections": [],
          "networkInterfaces": [
            {
              "id": "/subscriptions/00000000-0000-0000-0000-000000000000/resourceGroups/rgname/providers/Microsoft.Network/networkInterfaces/myService.nic.843dd0ae-146b-42dc-bcc4-b82eb4ef5fef"
            }
          ]
        }
      }
    },
    {
      "RequestUri": "https://management.azure.com/subscriptions/00000000-0000-0000-0000-000000000000/providers/Microsoft.Network/locations/eastus/operations/537e50f8-db17-4496-b804-c798e769d81a?api-version=2022-09-01",
      "RequestMethod": "GET",
      "RequestHeaders": {
        "Accept": "*/*",
        "Accept-Encoding": "gzip, deflate",
        "Connection": "keep-alive",
        "User-Agent": "azsdk-python-azure-mgmt-network/0.0.0 (it should be stable) Python/3.8.16 (Linux-5.15.0-1034-azure-x86_64-with-glibc2.2.5) VSTS_0fb41ef4-5012-48a9-bf39-4ee3de03ee35_build_2500_0"
      },
      "RequestBody": null,
      "StatusCode": 200,
      "ResponseHeaders": {
        "Cache-Control": "no-cache",
        "Content-Encoding": "gzip",
        "Content-Type": "application/json; charset=utf-8",
        "Date": "Tue, 28 Mar 2023 09:12:03 GMT",
        "Expires": "-1",
        "Pragma": "no-cache",
        "Retry-After": "10",
        "Server": [
          "Microsoft-HTTPAPI/2.0",
          "Microsoft-HTTPAPI/2.0"
        ],
        "Strict-Transport-Security": "max-age=31536000; includeSubDomains",
        "Transfer-Encoding": "chunked",
        "Vary": "Accept-Encoding",
        "X-Content-Type-Options": "nosniff",
        "x-ms-arm-service-request-id": "ac14cdec-4f52-436b-85cd-65cf6bb906d3",
        "x-ms-correlation-request-id": "1f305c9a-8931-494a-8065-a456a0047c2e",
        "x-ms-ratelimit-remaining-subscription-reads": "11987",
        "x-ms-routing-request-id": "EASTUS:20230328T091204Z:1f305c9a-8931-494a-8065-a456a0047c2e"
      },
      "ResponseBody": {
        "status": "InProgress"
      }
    },
    {
      "RequestUri": "https://management.azure.com/subscriptions/00000000-0000-0000-0000-000000000000/providers/Microsoft.Network/locations/eastus/operations/537e50f8-db17-4496-b804-c798e769d81a?api-version=2022-09-01",
      "RequestMethod": "GET",
      "RequestHeaders": {
        "Accept": "*/*",
        "Accept-Encoding": "gzip, deflate",
        "Connection": "keep-alive",
        "User-Agent": "azsdk-python-azure-mgmt-network/0.0.0 (it should be stable) Python/3.8.16 (Linux-5.15.0-1034-azure-x86_64-with-glibc2.2.5) VSTS_0fb41ef4-5012-48a9-bf39-4ee3de03ee35_build_2500_0"
      },
      "RequestBody": null,
      "StatusCode": 200,
      "ResponseHeaders": {
        "Cache-Control": "no-cache",
        "Content-Encoding": "gzip",
        "Content-Type": "application/json; charset=utf-8",
        "Date": "Tue, 28 Mar 2023 09:12:13 GMT",
        "Expires": "-1",
        "Pragma": "no-cache",
        "Server": [
          "Microsoft-HTTPAPI/2.0",
          "Microsoft-HTTPAPI/2.0"
        ],
        "Strict-Transport-Security": "max-age=31536000; includeSubDomains",
        "Transfer-Encoding": "chunked",
        "Vary": "Accept-Encoding",
        "X-Content-Type-Options": "nosniff",
        "x-ms-arm-service-request-id": "ba25477e-9aaa-4080-9e30-b853ec9abe83",
        "x-ms-correlation-request-id": "7d51fec3-8acc-4d1d-a4d1-8f183f01acd2",
        "x-ms-ratelimit-remaining-subscription-reads": "11986",
        "x-ms-routing-request-id": "EASTUS:20230328T091214Z:7d51fec3-8acc-4d1d-a4d1-8f183f01acd2"
      },
      "ResponseBody": {
        "status": "Succeeded"
      }
    },
    {
      "RequestUri": "https://management.azure.com/subscriptions/00000000-0000-0000-0000-000000000000/resourceGroups/rgname/providers/Microsoft.Network/privateLinkServices/myService?api-version=2022-09-01",
      "RequestMethod": "GET",
      "RequestHeaders": {
        "Accept": "*/*",
        "Accept-Encoding": "gzip, deflate",
        "Connection": "keep-alive",
        "User-Agent": "azsdk-python-azure-mgmt-network/0.0.0 (it should be stable) Python/3.8.16 (Linux-5.15.0-1034-azure-x86_64-with-glibc2.2.5) VSTS_0fb41ef4-5012-48a9-bf39-4ee3de03ee35_build_2500_0"
      },
      "RequestBody": null,
      "StatusCode": 200,
      "ResponseHeaders": {
        "Cache-Control": "no-cache",
        "Content-Encoding": "gzip",
        "Content-Type": "application/json; charset=utf-8",
        "Date": "Tue, 28 Mar 2023 09:12:13 GMT",
        "ETag": "W/\u0022ccff9c8e-09af-4a8b-8fd1-e6bd765864c9\u0022",
        "Expires": "-1",
        "Pragma": "no-cache",
        "Server": [
          "Microsoft-HTTPAPI/2.0",
          "Microsoft-HTTPAPI/2.0"
        ],
        "Strict-Transport-Security": "max-age=31536000; includeSubDomains",
        "Transfer-Encoding": "chunked",
        "Vary": "Accept-Encoding",
        "X-Content-Type-Options": "nosniff",
        "x-ms-arm-service-request-id": "ec64cc31-f3d0-4cf5-8b6e-c40832f1e1db",
        "x-ms-correlation-request-id": "db8dbf07-d901-4fa4-8b52-f49e3626ed38",
        "x-ms-ratelimit-remaining-subscription-reads": "11985",
        "x-ms-routing-request-id": "EASTUS:20230328T091214Z:db8dbf07-d901-4fa4-8b52-f49e3626ed38"
      },
      "ResponseBody": {
        "name": "myService",
        "id": "/subscriptions/00000000-0000-0000-0000-000000000000/resourceGroups/rgname/providers/Microsoft.Network/privateLinkServices/myService",
        "etag": "W/\u0022ccff9c8e-09af-4a8b-8fd1-e6bd765864c9\u0022",
        "type": "Microsoft.Network/privateLinkServices",
        "location": "eastus",
        "properties": {
          "provisioningState": "Succeeded",
          "resourceGuid": "c35d8c18-a6a5-4bbb-8b6f-94628ed8d6b8",
          "fqdns": [
            "fqdn1",
            "fqdn2",
            "fqdn3"
          ],
          "alias": "myservice.f4d0a8ab-642c-4fe2-8b77-aa14fcaedd41.eastus.azure.privatelinkservice",
          "visibility": {
            "subscriptions": [
              "00000000-0000-0000-0000-000000000000"
            ]
          },
          "autoApproval": {
            "subscriptions": [
              "00000000-0000-0000-0000-000000000000"
            ]
          },
          "enableProxyProtocol": false,
          "loadBalancerFrontendIpConfigurations": [
            {
              "id": "/subscriptions/00000000-0000-0000-0000-000000000000/resourceGroups/rgname/providers/Microsoft.Network/loadBalancers/loadbalancer/frontendIPConfigurations/myIPConfiguration"
            }
          ],
          "ipConfigurations": [
            {
              "name": "myIPConfiguration",
              "id": "/subscriptions/00000000-0000-0000-0000-000000000000/resourceGroups/rgname/providers/Microsoft.Network/privateLinkServices/myService/ipConfigurations/myIPConfiguration",
              "etag": "W/\u0022ccff9c8e-09af-4a8b-8fd1-e6bd765864c9\u0022",
              "type": "Microsoft.Network/privateLinkServices/ipConfigurations",
              "properties": {
                "provisioningState": "Succeeded",
                "privateIPAllocationMethod": "Dynamic",
                "subnet": {
                  "id": "/subscriptions/00000000-0000-0000-0000-000000000000/resourceGroups/rgname/providers/Microsoft.Network/virtualNetworks/virtualnetwork/subnets/subnet1"
                },
                "primary": true,
                "privateIPAddressVersion": "IPv4"
              }
            }
          ],
          "privateEndpointConnections": [],
          "networkInterfaces": [
            {
              "id": "/subscriptions/00000000-0000-0000-0000-000000000000/resourceGroups/rgname/providers/Microsoft.Network/networkInterfaces/myService.nic.843dd0ae-146b-42dc-bcc4-b82eb4ef5fef"
            }
          ]
        }
      }
    },
    {
      "RequestUri": "https://management.azure.com/subscriptions/00000000-0000-0000-0000-000000000000/resourceGroups/rgname/providers/Microsoft.Network/privateEndpoints/myPrivateEndpoint?api-version=2022-09-01",
      "RequestMethod": "PUT",
      "RequestHeaders": {
        "Accept": "application/json",
        "Accept-Encoding": "gzip, deflate",
        "Connection": "keep-alive",
        "Content-Length": "441",
        "Content-Type": "application/json",
        "User-Agent": "azsdk-python-azure-mgmt-network/0.0.0 (it should be stable) Python/3.8.16 (Linux-5.15.0-1034-azure-x86_64-with-glibc2.2.5) VSTS_0fb41ef4-5012-48a9-bf39-4ee3de03ee35_build_2500_0"
      },
      "RequestBody": {
        "location": "eastus",
        "properties": {
          "subnet": {
            "id": "/subscriptions/00000000-0000-0000-0000-000000000000/resourceGroups/rgname/providers/Microsoft.Network/virtualNetworks/virtualnetwork/subnets/subnet2"
          },
          "privateLinkServiceConnections": [
            {
              "name": "myService",
              "properties": {
                "privateLinkServiceId": "/subscriptions/00000000-0000-0000-0000-000000000000/resourceGroups/rgname/providers/Microsoft.Network/privateLinkServices/myService"
              }
            }
          ]
        }
      },
      "StatusCode": 201,
      "ResponseHeaders": {
        "Azure-AsyncNotification": "Enabled",
        "Azure-AsyncOperation": "https://management.azure.com/subscriptions/00000000-0000-0000-0000-000000000000/providers/Microsoft.Network/locations/eastus/operations/47de0360-a965-4c3e-a922-055a5fcd5cd5?api-version=2022-09-01",
        "Cache-Control": "no-cache",
        "Content-Length": "1894",
        "Content-Type": "application/json; charset=utf-8",
        "Date": "Tue, 28 Mar 2023 09:12:14 GMT",
        "Expires": "-1",
        "Pragma": "no-cache",
        "Retry-After": "10",
        "Server": [
          "Microsoft-HTTPAPI/2.0",
          "Microsoft-HTTPAPI/2.0"
        ],
        "Strict-Transport-Security": "max-age=31536000; includeSubDomains",
        "X-Content-Type-Options": "nosniff",
        "x-ms-arm-service-request-id": "a3c34010-809f-4d71-bb0e-e7bc831ed77e",
        "x-ms-correlation-request-id": "8cbd66d9-8a39-4ecd-83a9-d36189c3c811",
        "x-ms-ratelimit-remaining-subscription-writes": "1194",
        "x-ms-routing-request-id": "EASTUS:20230328T091214Z:8cbd66d9-8a39-4ecd-83a9-d36189c3c811"
      },
      "ResponseBody": {
        "name": "myPrivateEndpoint",
        "id": "/subscriptions/00000000-0000-0000-0000-000000000000/resourceGroups/rgname/providers/Microsoft.Network/privateEndpoints/myPrivateEndpoint",
        "etag": "W/\u0022b841df2b-9db0-489d-94a6-7e2dcc81a26c\u0022",
        "type": "Microsoft.Network/privateEndpoints",
        "location": "eastus",
        "properties": {
          "provisioningState": "Updating",
          "resourceGuid": "2bb64884-4c45-4e9e-9bb0-86f027c16e51",
          "privateLinkServiceConnections": [
            {
              "name": "myService",
              "id": "/subscriptions/00000000-0000-0000-0000-000000000000/resourceGroups/rgname/providers/Microsoft.Network/privateEndpoints/myPrivateEndpoint/privateLinkServiceConnections/myService",
              "etag": "W/\u0022b841df2b-9db0-489d-94a6-7e2dcc81a26c\u0022",
              "properties": {
                "provisioningState": "Succeeded",
                "privateLinkServiceId": "/subscriptions/00000000-0000-0000-0000-000000000000/resourceGroups/rgname/providers/Microsoft.Network/privateLinkServices/myService",
                "privateLinkServiceConnectionState": {
                  "status": "Approved",
                  "description": "Auto Approved",
                  "actionsRequired": "None"
                }
              },
              "type": "Microsoft.Network/privateEndpoints/privateLinkServiceConnections"
            }
          ],
          "manualPrivateLinkServiceConnections": [],
          "customNetworkInterfaceName": "",
          "subnet": {
            "id": "/subscriptions/00000000-0000-0000-0000-000000000000/resourceGroups/rgname/providers/Microsoft.Network/virtualNetworks/virtualnetwork/subnets/subnet2"
          },
          "ipConfigurations": [],
          "networkInterfaces": [
            {
              "id": "/subscriptions/00000000-0000-0000-0000-000000000000/resourceGroups/rgname/providers/Microsoft.Network/networkInterfaces/myPrivateEndpoint.nic.40dcf882-2b43-41fd-b8d8-2d230d11f857"
            }
          ],
          "customDnsConfigs": []
        }
      }
    },
    {
      "RequestUri": "https://management.azure.com/subscriptions/00000000-0000-0000-0000-000000000000/providers/Microsoft.Network/locations/eastus/operations/47de0360-a965-4c3e-a922-055a5fcd5cd5?api-version=2022-09-01",
      "RequestMethod": "GET",
      "RequestHeaders": {
        "Accept": "*/*",
        "Accept-Encoding": "gzip, deflate",
        "Connection": "keep-alive",
        "User-Agent": "azsdk-python-azure-mgmt-network/0.0.0 (it should be stable) Python/3.8.16 (Linux-5.15.0-1034-azure-x86_64-with-glibc2.2.5) VSTS_0fb41ef4-5012-48a9-bf39-4ee3de03ee35_build_2500_0"
      },
      "RequestBody": null,
      "StatusCode": 200,
      "ResponseHeaders": {
        "Cache-Control": "no-cache",
        "Content-Encoding": "gzip",
        "Content-Type": "application/json; charset=utf-8",
        "Date": "Tue, 28 Mar 2023 09:12:14 GMT",
        "Expires": "-1",
        "Pragma": "no-cache",
        "Retry-After": "10",
        "Server": [
          "Microsoft-HTTPAPI/2.0",
          "Microsoft-HTTPAPI/2.0"
        ],
        "Strict-Transport-Security": "max-age=31536000; includeSubDomains",
        "Transfer-Encoding": "chunked",
        "Vary": "Accept-Encoding",
        "X-Content-Type-Options": "nosniff",
        "x-ms-arm-service-request-id": "aa094b4e-1490-4858-829e-eb4cc032295d",
        "x-ms-correlation-request-id": "ae5a1eb7-6766-479a-9e91-eb2992c88919",
        "x-ms-ratelimit-remaining-subscription-reads": "11984",
        "x-ms-routing-request-id": "EASTUS:20230328T091214Z:ae5a1eb7-6766-479a-9e91-eb2992c88919"
      },
      "ResponseBody": {
        "status": "InProgress"
      }
    },
    {
      "RequestUri": "https://management.azure.com/subscriptions/00000000-0000-0000-0000-000000000000/providers/Microsoft.Network/locations/eastus/operations/47de0360-a965-4c3e-a922-055a5fcd5cd5?api-version=2022-09-01",
      "RequestMethod": "GET",
      "RequestHeaders": {
        "Accept": "*/*",
        "Accept-Encoding": "gzip, deflate",
        "Connection": "keep-alive",
        "User-Agent": "azsdk-python-azure-mgmt-network/0.0.0 (it should be stable) Python/3.8.16 (Linux-5.15.0-1034-azure-x86_64-with-glibc2.2.5) VSTS_0fb41ef4-5012-48a9-bf39-4ee3de03ee35_build_2500_0"
      },
      "RequestBody": null,
      "StatusCode": 200,
      "ResponseHeaders": {
        "Cache-Control": "no-cache",
        "Content-Encoding": "gzip",
        "Content-Type": "application/json; charset=utf-8",
        "Date": "Tue, 28 Mar 2023 09:12:24 GMT",
        "Expires": "-1",
        "Pragma": "no-cache",
        "Retry-After": "20",
        "Server": [
          "Microsoft-HTTPAPI/2.0",
          "Microsoft-HTTPAPI/2.0"
        ],
        "Strict-Transport-Security": "max-age=31536000; includeSubDomains",
        "Transfer-Encoding": "chunked",
        "Vary": "Accept-Encoding",
        "X-Content-Type-Options": "nosniff",
        "x-ms-arm-service-request-id": "42d89640-4bce-4acf-9233-ed73f023a67d",
        "x-ms-correlation-request-id": "13f5506a-fe19-4d81-8935-762184b57fdc",
        "x-ms-ratelimit-remaining-subscription-reads": "11983",
        "x-ms-routing-request-id": "EASTUS:20230328T091224Z:13f5506a-fe19-4d81-8935-762184b57fdc"
      },
      "ResponseBody": {
        "status": "InProgress"
      }
    },
    {
      "RequestUri": "https://management.azure.com/subscriptions/00000000-0000-0000-0000-000000000000/providers/Microsoft.Network/locations/eastus/operations/47de0360-a965-4c3e-a922-055a5fcd5cd5?api-version=2022-09-01",
      "RequestMethod": "GET",
      "RequestHeaders": {
        "Accept": "*/*",
        "Accept-Encoding": "gzip, deflate",
        "Connection": "keep-alive",
        "User-Agent": "azsdk-python-azure-mgmt-network/0.0.0 (it should be stable) Python/3.8.16 (Linux-5.15.0-1034-azure-x86_64-with-glibc2.2.5) VSTS_0fb41ef4-5012-48a9-bf39-4ee3de03ee35_build_2500_0"
      },
      "RequestBody": null,
      "StatusCode": 200,
      "ResponseHeaders": {
        "Cache-Control": "no-cache",
        "Content-Encoding": "gzip",
        "Content-Type": "application/json; charset=utf-8",
        "Date": "Tue, 28 Mar 2023 09:12:44 GMT",
        "Expires": "-1",
        "Pragma": "no-cache",
        "Retry-After": "20",
        "Server": [
          "Microsoft-HTTPAPI/2.0",
          "Microsoft-HTTPAPI/2.0"
        ],
        "Strict-Transport-Security": "max-age=31536000; includeSubDomains",
        "Transfer-Encoding": "chunked",
        "Vary": "Accept-Encoding",
        "X-Content-Type-Options": "nosniff",
        "x-ms-arm-service-request-id": "7f90c414-e9b1-4f84-a3bc-5c22efbebe97",
        "x-ms-correlation-request-id": "cd0e51e7-75a7-4fe0-8fc1-ee70715b2050",
        "x-ms-ratelimit-remaining-subscription-reads": "11982",
        "x-ms-routing-request-id": "EASTUS:20230328T091244Z:cd0e51e7-75a7-4fe0-8fc1-ee70715b2050"
      },
      "ResponseBody": {
        "status": "InProgress"
      }
    },
    {
      "RequestUri": "https://management.azure.com/subscriptions/00000000-0000-0000-0000-000000000000/providers/Microsoft.Network/locations/eastus/operations/47de0360-a965-4c3e-a922-055a5fcd5cd5?api-version=2022-09-01",
      "RequestMethod": "GET",
      "RequestHeaders": {
        "Accept": "*/*",
        "Accept-Encoding": "gzip, deflate",
        "Connection": "keep-alive",
        "User-Agent": "azsdk-python-azure-mgmt-network/0.0.0 (it should be stable) Python/3.8.16 (Linux-5.15.0-1034-azure-x86_64-with-glibc2.2.5) VSTS_0fb41ef4-5012-48a9-bf39-4ee3de03ee35_build_2500_0"
      },
      "RequestBody": null,
      "StatusCode": 200,
      "ResponseHeaders": {
        "Cache-Control": "no-cache",
        "Content-Encoding": "gzip",
        "Content-Type": "application/json; charset=utf-8",
        "Date": "Tue, 28 Mar 2023 09:13:04 GMT",
        "Expires": "-1",
        "Pragma": "no-cache",
        "Server": [
          "Microsoft-HTTPAPI/2.0",
          "Microsoft-HTTPAPI/2.0"
        ],
        "Strict-Transport-Security": "max-age=31536000; includeSubDomains",
        "Transfer-Encoding": "chunked",
        "Vary": "Accept-Encoding",
        "X-Content-Type-Options": "nosniff",
        "x-ms-arm-service-request-id": "1b3d29ab-1cc4-4e33-b518-0bbb00b93fc2",
        "x-ms-correlation-request-id": "348ee82c-4813-4de4-aa5b-791ff552f314",
        "x-ms-ratelimit-remaining-subscription-reads": "11981",
        "x-ms-routing-request-id": "EASTUS:20230328T091305Z:348ee82c-4813-4de4-aa5b-791ff552f314"
      },
      "ResponseBody": {
        "status": "Succeeded"
      }
    },
    {
      "RequestUri": "https://management.azure.com/subscriptions/00000000-0000-0000-0000-000000000000/resourceGroups/rgname/providers/Microsoft.Network/privateEndpoints/myPrivateEndpoint?api-version=2022-09-01",
      "RequestMethod": "GET",
      "RequestHeaders": {
        "Accept": "*/*",
        "Accept-Encoding": "gzip, deflate",
        "Connection": "keep-alive",
        "User-Agent": "azsdk-python-azure-mgmt-network/0.0.0 (it should be stable) Python/3.8.16 (Linux-5.15.0-1034-azure-x86_64-with-glibc2.2.5) VSTS_0fb41ef4-5012-48a9-bf39-4ee3de03ee35_build_2500_0"
      },
      "RequestBody": null,
      "StatusCode": 200,
      "ResponseHeaders": {
        "Cache-Control": "no-cache",
        "Content-Encoding": "gzip",
        "Content-Type": "application/json; charset=utf-8",
        "Date": "Tue, 28 Mar 2023 09:13:04 GMT",
        "ETag": "W/\u00229870ef54-05aa-4b53-83d4-43a4c3369e40\u0022",
        "Expires": "-1",
        "Pragma": "no-cache",
        "Server": [
          "Microsoft-HTTPAPI/2.0",
          "Microsoft-HTTPAPI/2.0"
        ],
        "Strict-Transport-Security": "max-age=31536000; includeSubDomains",
        "Transfer-Encoding": "chunked",
        "Vary": "Accept-Encoding",
        "X-Content-Type-Options": "nosniff",
        "x-ms-arm-service-request-id": "693c8ff2-47be-4693-8773-c736ff66ce6f",
        "x-ms-correlation-request-id": "ad124ac7-377b-4391-9254-d84ae950a756",
        "x-ms-ratelimit-remaining-subscription-reads": "11980",
        "x-ms-routing-request-id": "EASTUS:20230328T091305Z:ad124ac7-377b-4391-9254-d84ae950a756"
      },
      "ResponseBody": {
        "name": "myPrivateEndpoint",
        "id": "/subscriptions/00000000-0000-0000-0000-000000000000/resourceGroups/rgname/providers/Microsoft.Network/privateEndpoints/myPrivateEndpoint",
        "etag": "W/\u00229870ef54-05aa-4b53-83d4-43a4c3369e40\u0022",
        "type": "Microsoft.Network/privateEndpoints",
        "location": "eastus",
        "properties": {
          "provisioningState": "Succeeded",
          "resourceGuid": "2bb64884-4c45-4e9e-9bb0-86f027c16e51",
          "privateLinkServiceConnections": [
            {
              "name": "myService",
              "id": "/subscriptions/00000000-0000-0000-0000-000000000000/resourceGroups/rgname/providers/Microsoft.Network/privateEndpoints/myPrivateEndpoint/privateLinkServiceConnections/myService",
              "etag": "W/\u00229870ef54-05aa-4b53-83d4-43a4c3369e40\u0022",
              "properties": {
                "provisioningState": "Succeeded",
                "privateLinkServiceId": "/subscriptions/00000000-0000-0000-0000-000000000000/resourceGroups/rgname/providers/Microsoft.Network/privateLinkServices/myService",
                "privateLinkServiceConnectionState": {
                  "status": "Approved",
                  "description": "Approved",
                  "actionsRequired": "None"
                }
              },
              "type": "Microsoft.Network/privateEndpoints/privateLinkServiceConnections"
            }
          ],
          "manualPrivateLinkServiceConnections": [],
          "customNetworkInterfaceName": "",
          "subnet": {
            "id": "/subscriptions/00000000-0000-0000-0000-000000000000/resourceGroups/rgname/providers/Microsoft.Network/virtualNetworks/virtualnetwork/subnets/subnet2"
          },
          "ipConfigurations": [],
          "networkInterfaces": [
            {
              "id": "/subscriptions/00000000-0000-0000-0000-000000000000/resourceGroups/rgname/providers/Microsoft.Network/networkInterfaces/myPrivateEndpoint.nic.40dcf882-2b43-41fd-b8d8-2d230d11f857"
            }
          ],
          "customDnsConfigs": []
        }
      }
    },
    {
      "RequestUri": "https://management.azure.com/subscriptions/00000000-0000-0000-0000-000000000000/resourceGroups/rgname/providers/Microsoft.Network/privateLinkServices/myService?api-version=2022-09-01",
      "RequestMethod": "GET",
      "RequestHeaders": {
        "Accept": "application/json",
        "Accept-Encoding": "gzip, deflate",
        "Connection": "keep-alive",
        "User-Agent": "azsdk-python-azure-mgmt-network/0.0.0 (it should be stable) Python/3.8.16 (Linux-5.15.0-1034-azure-x86_64-with-glibc2.2.5) VSTS_0fb41ef4-5012-48a9-bf39-4ee3de03ee35_build_2500_0"
      },
      "RequestBody": null,
      "StatusCode": 200,
      "ResponseHeaders": {
        "Cache-Control": "no-cache",
        "Content-Encoding": "gzip",
        "Content-Type": "application/json; charset=utf-8",
        "Date": "Tue, 28 Mar 2023 09:13:04 GMT",
        "ETag": "W/\u0022bd320970-08a2-48bd-94ff-637de139abd0\u0022",
        "Expires": "-1",
        "Pragma": "no-cache",
        "Server": [
          "Microsoft-HTTPAPI/2.0",
          "Microsoft-HTTPAPI/2.0"
        ],
        "Strict-Transport-Security": "max-age=31536000; includeSubDomains",
        "Transfer-Encoding": "chunked",
        "Vary": "Accept-Encoding",
        "X-Content-Type-Options": "nosniff",
        "x-ms-arm-service-request-id": "26fe58f8-a502-4f78-a627-4c3abcfed8ac",
        "x-ms-correlation-request-id": "100b56a7-1616-43cc-97bc-5b1c9220d30c",
        "x-ms-ratelimit-remaining-subscription-reads": "11979",
        "x-ms-routing-request-id": "EASTUS:20230328T091305Z:100b56a7-1616-43cc-97bc-5b1c9220d30c"
      },
      "ResponseBody": {
        "name": "myService",
        "id": "/subscriptions/00000000-0000-0000-0000-000000000000/resourceGroups/rgname/providers/Microsoft.Network/privateLinkServices/myService",
        "etag": "W/\u0022bd320970-08a2-48bd-94ff-637de139abd0\u0022",
        "type": "Microsoft.Network/privateLinkServices",
        "location": "eastus",
        "properties": {
          "provisioningState": "Succeeded",
          "resourceGuid": "c35d8c18-a6a5-4bbb-8b6f-94628ed8d6b8",
          "fqdns": [
            "fqdn1",
            "fqdn2",
            "fqdn3"
          ],
          "alias": "myservice.f4d0a8ab-642c-4fe2-8b77-aa14fcaedd41.eastus.azure.privatelinkservice",
          "visibility": {
            "subscriptions": [
              "00000000-0000-0000-0000-000000000000"
            ]
          },
          "autoApproval": {
            "subscriptions": [
              "00000000-0000-0000-0000-000000000000"
            ]
          },
          "enableProxyProtocol": false,
          "loadBalancerFrontendIpConfigurations": [
            {
              "id": "/subscriptions/00000000-0000-0000-0000-000000000000/resourceGroups/rgname/providers/Microsoft.Network/loadBalancers/loadbalancer/frontendIPConfigurations/myIPConfiguration"
            }
          ],
          "ipConfigurations": [
            {
              "name": "myIPConfiguration",
              "id": "/subscriptions/00000000-0000-0000-0000-000000000000/resourceGroups/rgname/providers/Microsoft.Network/privateLinkServices/myService/ipConfigurations/myIPConfiguration",
              "etag": "W/\u0022bd320970-08a2-48bd-94ff-637de139abd0\u0022",
              "type": "Microsoft.Network/privateLinkServices/ipConfigurations",
              "properties": {
                "provisioningState": "Succeeded",
                "privateIPAllocationMethod": "Dynamic",
                "subnet": {
                  "id": "/subscriptions/00000000-0000-0000-0000-000000000000/resourceGroups/rgname/providers/Microsoft.Network/virtualNetworks/virtualnetwork/subnets/subnet1"
                },
                "primary": true,
                "privateIPAddressVersion": "IPv4"
              }
            }
          ],
          "privateEndpointConnections": [
            {
              "name": "myPrivateEndpoint.2bb64884-4c45-4e9e-9bb0-86f027c16e51",
              "id": "/subscriptions/00000000-0000-0000-0000-000000000000/resourceGroups/rgname/providers/Microsoft.Network/privateLinkServices/myService/privateEndpointConnections/myPrivateEndpoint.2bb64884-4c45-4e9e-9bb0-86f027c16e51",
              "etag": "W/\u0022bd320970-08a2-48bd-94ff-637de139abd0\u0022",
              "properties": {
                "provisioningState": "Succeeded",
                "privateEndpoint": {
                  "id": "/subscriptions/00000000-0000-0000-0000-000000000000/resourceGroups/rgname/providers/Microsoft.Network/privateEndpoints/myPrivateEndpoint"
                },
                "privateLinkServiceConnectionState": {
                  "status": "Approved",
                  "description": "Approved",
                  "actionsRequired": "None"
                },
                "linkIdentifier": "536878726"
              },
              "type": "Microsoft.Network/privateLinkServices/privateEndpointConnections"
            }
          ],
          "networkInterfaces": [
            {
              "id": "/subscriptions/00000000-0000-0000-0000-000000000000/resourceGroups/rgname/providers/Microsoft.Network/networkInterfaces/myService.nic.843dd0ae-146b-42dc-bcc4-b82eb4ef5fef"
            }
          ]
        }
      }
    },
    {
      "RequestUri": "https://management.azure.com/subscriptions/00000000-0000-0000-0000-000000000000/resourceGroups/rgname/providers/Microsoft.Network/privateLinkServices/myService/privateEndpointConnections/myPrivateEndpoint.2bb64884-4c45-4e9e-9bb0-86f027c16e51?api-version=2022-09-01",
      "RequestMethod": "PUT",
      "RequestHeaders": {
        "Accept": "application/json",
        "Accept-Encoding": "gzip, deflate",
        "Connection": "keep-alive",
        "Content-Length": "190",
        "Content-Type": "application/json",
        "User-Agent": "azsdk-python-azure-mgmt-network/0.0.0 (it should be stable) Python/3.8.16 (Linux-5.15.0-1034-azure-x86_64-with-glibc2.2.5) VSTS_0fb41ef4-5012-48a9-bf39-4ee3de03ee35_build_2500_0"
      },
      "RequestBody": {
        "name": "myPrivateEndpoint.2bb64884-4c45-4e9e-9bb0-86f027c16e51",
        "properties": {
          "privateLinkServiceConnectionState": {
            "status": "Approved",
            "description": "approved it for some reason."
          }
        }
      },
      "StatusCode": 200,
      "ResponseHeaders": {
        "Azure-AsyncNotification": "Enabled",
        "Azure-AsyncOperation": "https://management.azure.com/subscriptions/00000000-0000-0000-0000-000000000000/providers/Microsoft.Network/locations/eastus/operations/760e8b71-32f6-4ea0-a5ca-9df983620f0a?api-version=2022-09-01",
        "Cache-Control": "no-cache",
        "Content-Encoding": "gzip",
        "Content-Type": "application/json; charset=utf-8",
        "Date": "Tue, 28 Mar 2023 09:13:05 GMT",
        "Expires": "-1",
        "Pragma": "no-cache",
        "Retry-After": "10",
        "Server": [
          "Microsoft-HTTPAPI/2.0",
          "Microsoft-HTTPAPI/2.0"
        ],
        "Strict-Transport-Security": "max-age=31536000; includeSubDomains",
        "Transfer-Encoding": "chunked",
        "Vary": "Accept-Encoding",
        "X-Content-Type-Options": "nosniff",
        "x-ms-arm-service-request-id": "859a7796-e160-4068-9981-1822f1d870ba",
        "x-ms-correlation-request-id": "79b02c16-40a5-4597-8ebb-91fc15318761",
        "x-ms-ratelimit-remaining-subscription-writes": "1193",
        "x-ms-routing-request-id": "EASTUS:20230328T091305Z:79b02c16-40a5-4597-8ebb-91fc15318761"
      },
      "ResponseBody": {
        "name": "myPrivateEndpoint.2bb64884-4c45-4e9e-9bb0-86f027c16e51",
        "id": "/subscriptions/00000000-0000-0000-0000-000000000000/resourceGroups/rgname/providers/Microsoft.Network/privateLinkServices/myService/privateEndpointConnections/myPrivateEndpoint.2bb64884-4c45-4e9e-9bb0-86f027c16e51",
        "etag": "W/\u0022f4480627-449b-48bd-9c11-533952055af6\u0022",
        "properties": {
          "provisioningState": "Updating",
          "privateEndpoint": {
            "id": "/subscriptions/00000000-0000-0000-0000-000000000000/resourceGroups/rgname/providers/Microsoft.Network/privateEndpoints/myPrivateEndpoint"
          },
          "privateLinkServiceConnectionState": {
            "status": "Approved",
            "description": "approved it for some reason.",
            "actionsRequired": ""
          },
          "linkIdentifier": "536878726"
        },
        "type": "Microsoft.Network/privateLinkServices/privateEndpointConnections"
      }
    },
    {
      "RequestUri": "https://login.microsoftonline.com/00000000-0000-0000-0000-000000000000/v2.0/.well-known/openid-configuration",
      "RequestMethod": "GET",
      "RequestHeaders": {
        "Accept": "*/*",
        "Accept-Encoding": "gzip, deflate",
        "Connection": "keep-alive",
        "User-Agent": "azsdk-python-identity/1.13.0b4 Python/3.8.16 (Linux-5.15.0-1034-azure-x86_64-with-glibc2.2.5) VSTS_0fb41ef4-5012-48a9-bf39-4ee3de03ee35_build_2500_0"
      },
      "RequestBody": null,
      "StatusCode": 200,
      "ResponseHeaders": {
        "Access-Control-Allow-Methods": "GET, OPTIONS",
        "Access-Control-Allow-Origin": "*",
        "Cache-Control": "max-age=86400, private",
        "Content-Length": "1753",
        "Content-Type": "application/json; charset=utf-8",
        "Date": "Tue, 28 Mar 2023 09:13:04 GMT",
        "P3P": "CP=\u0022DSP CUR OTPi IND OTRi ONL FIN\u0022",
        "Set-Cookie": "[set-cookie;]",
        "Strict-Transport-Security": "max-age=31536000; includeSubDomains",
        "X-Content-Type-Options": "nosniff",
        "x-ms-ests-server": "2.1.14990.5 - SCUS ProdSlices",
        "X-XSS-Protection": "0"
      },
      "ResponseBody": {
        "token_endpoint": "https://login.microsoftonline.com/00000000-0000-0000-0000-000000000000/oauth2/v2.0/token",
        "token_endpoint_auth_methods_supported": [
          "client_secret_post",
          "private_key_jwt",
          "client_secret_basic"
        ],
        "jwks_uri": "https://login.microsoftonline.com/00000000-0000-0000-0000-000000000000/discovery/v2.0/keys",
        "response_modes_supported": [
          "query",
          "fragment",
          "form_post"
        ],
        "subject_types_supported": [
          "pairwise"
        ],
        "id_token_signing_alg_values_supported": [
          "RS256"
        ],
        "response_types_supported": [
          "code",
          "id_token",
          "code id_token",
          "id_token token"
        ],
        "scopes_supported": [
          "openid",
          "profile",
          "email",
          "offline_access"
        ],
        "issuer": "https://login.microsoftonline.com/00000000-0000-0000-0000-000000000000/v2.0",
        "request_uri_parameter_supported": false,
        "userinfo_endpoint": "https://graph.microsoft.com/oidc/userinfo",
        "authorization_endpoint": "https://login.microsoftonline.com/00000000-0000-0000-0000-000000000000/oauth2/v2.0/authorize",
        "device_authorization_endpoint": "https://login.microsoftonline.com/00000000-0000-0000-0000-000000000000/oauth2/v2.0/devicecode",
        "http_logout_supported": true,
        "frontchannel_logout_supported": true,
        "end_session_endpoint": "https://login.microsoftonline.com/00000000-0000-0000-0000-000000000000/oauth2/v2.0/logout",
        "claims_supported": [
          "sub",
          "iss",
          "cloud_instance_name",
          "cloud_instance_host_name",
          "cloud_graph_host_name",
          "msgraph_host",
          "aud",
          "exp",
          "iat",
          "auth_time",
          "acr",
          "nonce",
          "preferred_username",
          "name",
          "tid",
          "ver",
          "at_hash",
          "c_hash",
          "email"
        ],
        "kerberos_endpoint": "https://login.microsoftonline.com/00000000-0000-0000-0000-000000000000/kerberos",
        "tenant_region_scope": "WW",
        "cloud_instance_name": "microsoftonline.com",
        "cloud_graph_host_name": "graph.windows.net",
        "msgraph_host": "graph.microsoft.com",
        "rbac_url": "https://pas.windows.net"
      }
    },
    {
      "RequestUri": "https://login.microsoftonline.com/common/discovery/instance?api-version=1.1\u0026authorization_endpoint=https://login.microsoftonline.com/common/oauth2/authorize",
      "RequestMethod": "GET",
      "RequestHeaders": {
        "Accept": "application/json",
        "Accept-Encoding": "gzip, deflate",
        "Connection": "keep-alive",
        "Cookie": "cookie;",
        "User-Agent": "azsdk-python-identity/1.13.0b4 Python/3.8.16 (Linux-5.15.0-1034-azure-x86_64-with-glibc2.2.5) VSTS_0fb41ef4-5012-48a9-bf39-4ee3de03ee35_build_2500_0"
      },
      "RequestBody": null,
      "StatusCode": 200,
      "ResponseHeaders": {
        "Access-Control-Allow-Methods": "GET, OPTIONS",
        "Access-Control-Allow-Origin": "*",
        "Cache-Control": "max-age=86400, private",
        "Content-Length": "945",
        "Content-Type": "application/json; charset=utf-8",
        "Date": "Tue, 28 Mar 2023 09:13:04 GMT",
        "P3P": "CP=\u0022DSP CUR OTPi IND OTRi ONL FIN\u0022",
        "Set-Cookie": "[set-cookie;]",
        "Strict-Transport-Security": "max-age=31536000; includeSubDomains",
        "X-Content-Type-Options": "nosniff",
        "x-ms-ests-server": "2.1.14939.4 - WUS2 ProdSlices",
        "X-XSS-Protection": "0"
      },
      "ResponseBody": {
        "tenant_discovery_endpoint": "https://login.microsoftonline.com/common/.well-known/openid-configuration",
        "api-version": "1.1",
        "metadata": [
          {
            "preferred_network": "login.microsoftonline.com",
            "preferred_cache": "login.windows.net",
            "aliases": [
              "login.microsoftonline.com",
              "login.windows.net",
              "login.microsoft.com",
              "sts.windows.net"
            ]
          },
          {
            "preferred_network": "login.partner.microsoftonline.cn",
            "preferred_cache": "login.partner.microsoftonline.cn",
            "aliases": [
              "login.partner.microsoftonline.cn",
              "login.chinacloudapi.cn"
            ]
          },
          {
            "preferred_network": "login.microsoftonline.de",
            "preferred_cache": "login.microsoftonline.de",
            "aliases": [
              "login.microsoftonline.de"
            ]
          },
          {
            "preferred_network": "login.microsoftonline.us",
            "preferred_cache": "login.microsoftonline.us",
            "aliases": [
              "login.microsoftonline.us",
              "login.usgovcloudapi.net"
            ]
          },
          {
            "preferred_network": "login-us.microsoftonline.com",
            "preferred_cache": "login-us.microsoftonline.com",
            "aliases": [
              "login-us.microsoftonline.com"
            ]
          }
        ]
      }
    },
    {
      "RequestUri": "https://login.microsoftonline.com/00000000-0000-0000-0000-000000000000/oauth2/v2.0/token",
      "RequestMethod": "POST",
      "RequestHeaders": {
        "Accept": "application/json",
        "Accept-Encoding": "gzip, deflate",
        "client-request-id": "878464d8-82b2-4934-a98b-f9f42e0648ae",
        "Connection": "keep-alive",
        "Content-Length": "288",
        "Content-Type": "application/x-www-form-urlencoded",
        "Cookie": "cookie;",
        "User-Agent": "azsdk-python-identity/1.13.0b4 Python/3.8.16 (Linux-5.15.0-1034-azure-x86_64-with-glibc2.2.5) VSTS_0fb41ef4-5012-48a9-bf39-4ee3de03ee35_build_2500_0",
        "x-client-cpu": "x64",
        "x-client-current-telemetry": "4|730,0|",
        "x-client-last-telemetry": "4|0|||",
        "x-client-os": "linux",
        "x-client-sku": "MSAL.Python",
        "x-client-ver": "1.21.0",
        "x-ms-lib-capability": "retry-after, h429"
      },
      "RequestBody": "client_id=00000000-0000-0000-0000-000000000000\u0026grant_type=client_credentials\u0026client_info=1\u0026client_secret=00000000-0000-0000-0000-000000000000\u0026claims=%7B%22access_token%22%3A\u002B%7B%22xms_cc%22%3A\u002B%7B%22values%22%3A\u002B%5B%22CP1%22%5D%7D%7D%7D\u0026scope=https%3A%2F%2Fmanagement.azure.com%2F.default",
      "StatusCode": 200,
      "ResponseHeaders": {
        "Cache-Control": "no-store, no-cache",
        "client-request-id": "878464d8-82b2-4934-a98b-f9f42e0648ae",
        "Content-Length": "114",
        "Content-Type": "application/json; charset=utf-8",
        "Date": "Tue, 28 Mar 2023 09:13:04 GMT",
        "Expires": "-1",
        "P3P": "CP=\u0022DSP CUR OTPi IND OTRi ONL FIN\u0022",
        "Pragma": "no-cache",
        "Set-Cookie": "[set-cookie;]",
        "Strict-Transport-Security": "max-age=31536000; includeSubDomains",
        "X-Content-Type-Options": "nosniff",
        "x-ms-clitelem": "1,0,0,,",
        "x-ms-ests-server": "2.1.14990.5 - NCUS ProdSlices",
        "X-XSS-Protection": "0"
      },
      "ResponseBody": {
        "token_type": "Bearer",
        "expires_in": 86399,
        "ext_expires_in": 86399,
        "refresh_in": 43199,
        "access_token": "access_token"
      }
    },
    {
      "RequestUri": "https://management.azure.com/subscriptions/00000000-0000-0000-0000-000000000000/resourceGroups/rgname/providers/Microsoft.Network/privateDnsZones/www.zone1.com?api-version=2018-09-01",
      "RequestMethod": "PUT",
      "RequestHeaders": {
        "Accept": "application/json",
        "Accept-Encoding": "gzip, deflate",
        "Connection": "keep-alive",
        "Content-Length": "22",
        "Content-Type": "application/json",
        "User-Agent": "azsdk-python-mgmt-privatedns/1.0.0 Python/3.8.16 (Linux-5.15.0-1034-azure-x86_64-with-glibc2.2.5) VSTS_0fb41ef4-5012-48a9-bf39-4ee3de03ee35_build_2500_0"
      },
      "RequestBody": {
        "location": "global"
      },
      "StatusCode": 202,
      "ResponseHeaders": {
        "Azure-AsyncOperation": "https://management.azure.com:443/subscriptions/00000000-0000-0000-0000-000000000000/resourceGroups/rgname/providers/Microsoft.Network/privateDnsOperationStatuses/RnJvbnRFbmRBc3luY09wZXJhdGlvbjtVcHNlcnRQcml2YXRlRG5zWm9uZTtlMDAwZWRlOS00NDIxLTQyYjUtYTViOS1jODBmOTVmMTdiNTJfMjE3NTU4ZjQtZDliNC00NWYxLWIzOGQtODVjMWU2NjJhYTY1?api-version=2018-09-01",
        "Cache-Control": "private",
        "Content-Length": "2",
        "Content-Type": "application/json; charset=utf-8",
        "Date": "Tue, 28 Mar 2023 09:13:07 GMT",
        "Location": "https://management.azure.com/subscriptions/00000000-0000-0000-0000-000000000000/resourceGroups/rgname/providers/Microsoft.Network/privateDnsOperationResults/RnJvbnRFbmRBc3luY09wZXJhdGlvbjtVcHNlcnRQcml2YXRlRG5zWm9uZTtlMDAwZWRlOS00NDIxLTQyYjUtYTViOS1jODBmOTVmMTdiNTJfMjE3NTU4ZjQtZDliNC00NWYxLWIzOGQtODVjMWU2NjJhYTY1?api-version=2018-09-01",
        "Retry-After": "30",
        "Server": "Microsoft-IIS/10.0",
        "Strict-Transport-Security": "max-age=31536000; includeSubDomains",
        "X-AspNet-Version": "4.0.30319",
        "X-Content-Type-Options": "nosniff",
        "x-ms-correlation-request-id": "222194f7-d1ea-44b9-bd6a-5a5fd7fa220d",
        "x-ms-ratelimit-remaining-subscription-resource-requests": "11999",
        "x-ms-routing-request-id": "EASTUS:20230328T091307Z:222194f7-d1ea-44b9-bd6a-5a5fd7fa220d",
        "X-Powered-By": "ASP.NET"
      },
      "ResponseBody": {}
    },
    {
      "RequestUri": "https://management.azure.com/subscriptions/00000000-0000-0000-0000-000000000000/resourceGroups/rgname/providers/Microsoft.Network/privateDnsOperationStatuses/RnJvbnRFbmRBc3luY09wZXJhdGlvbjtVcHNlcnRQcml2YXRlRG5zWm9uZTtlMDAwZWRlOS00NDIxLTQyYjUtYTViOS1jODBmOTVmMTdiNTJfMjE3NTU4ZjQtZDliNC00NWYxLWIzOGQtODVjMWU2NjJhYTY1?api-version=2018-09-01",
      "RequestMethod": "GET",
      "RequestHeaders": {
        "Accept": "*/*",
        "Accept-Encoding": "gzip, deflate",
        "Connection": "keep-alive",
        "User-Agent": "azsdk-python-mgmt-privatedns/1.0.0 Python/3.8.16 (Linux-5.15.0-1034-azure-x86_64-with-glibc2.2.5) VSTS_0fb41ef4-5012-48a9-bf39-4ee3de03ee35_build_2500_0"
      },
      "RequestBody": null,
      "StatusCode": 202,
      "ResponseHeaders": {
        "Azure-AsyncOperation": "https://management.azure.com:443/subscriptions/00000000-0000-0000-0000-000000000000/resourceGroups/rgname/providers/Microsoft.Network/privateDnsOperationStatuses/RnJvbnRFbmRBc3luY09wZXJhdGlvbjtVcHNlcnRQcml2YXRlRG5zWm9uZTtlMDAwZWRlOS00NDIxLTQyYjUtYTViOS1jODBmOTVmMTdiNTJfMjE3NTU4ZjQtZDliNC00NWYxLWIzOGQtODVjMWU2NjJhYTY1?api-version=2018-09-01",
        "Cache-Control": "private",
        "Content-Length": "23",
        "Content-Type": "application/json; charset=utf-8",
        "Date": "Tue, 28 Mar 2023 09:13:07 GMT",
        "Location": "https://management.azure.com/subscriptions/00000000-0000-0000-0000-000000000000/resourceGroups/rgname/providers/Microsoft.Network/privateDnsOperationResults/RnJvbnRFbmRBc3luY09wZXJhdGlvbjtVcHNlcnRQcml2YXRlRG5zWm9uZTtlMDAwZWRlOS00NDIxLTQyYjUtYTViOS1jODBmOTVmMTdiNTJfMjE3NTU4ZjQtZDliNC00NWYxLWIzOGQtODVjMWU2NjJhYTY1?api-version=2018-09-01",
        "Retry-After": "30",
        "Server": "Microsoft-IIS/10.0",
        "Strict-Transport-Security": "max-age=31536000; includeSubDomains",
        "X-AspNet-Version": "4.0.30319",
        "X-Content-Type-Options": "nosniff",
        "x-ms-correlation-request-id": "d75a8160-3043-4a34-8cdf-19ffaeba34a8",
        "x-ms-ratelimit-remaining-subscription-resource-requests": "499",
        "x-ms-routing-request-id": "EASTUS:20230328T091307Z:d75a8160-3043-4a34-8cdf-19ffaeba34a8",
        "X-Powered-By": "ASP.NET"
      },
      "ResponseBody": {
        "status": "InProgress"
      }
    },
    {
      "RequestUri": "https://management.azure.com/subscriptions/00000000-0000-0000-0000-000000000000/resourceGroups/rgname/providers/Microsoft.Network/privateDnsOperationStatuses/RnJvbnRFbmRBc3luY09wZXJhdGlvbjtVcHNlcnRQcml2YXRlRG5zWm9uZTtlMDAwZWRlOS00NDIxLTQyYjUtYTViOS1jODBmOTVmMTdiNTJfMjE3NTU4ZjQtZDliNC00NWYxLWIzOGQtODVjMWU2NjJhYTY1?api-version=2018-09-01",
      "RequestMethod": "GET",
      "RequestHeaders": {
        "Accept": "*/*",
        "Accept-Encoding": "gzip, deflate",
        "Connection": "keep-alive",
        "User-Agent": "azsdk-python-mgmt-privatedns/1.0.0 Python/3.8.16 (Linux-5.15.0-1034-azure-x86_64-with-glibc2.2.5) VSTS_0fb41ef4-5012-48a9-bf39-4ee3de03ee35_build_2500_0"
      },
      "RequestBody": null,
      "StatusCode": 200,
      "ResponseHeaders": {
        "Cache-Control": "private",
        "Content-Encoding": "gzip",
        "Content-Type": "application/json; charset=utf-8",
        "Date": "Tue, 28 Mar 2023 09:13:37 GMT",
        "Server": "Microsoft-IIS/10.0",
        "Strict-Transport-Security": "max-age=31536000; includeSubDomains",
        "Transfer-Encoding": "chunked",
        "Vary": "Accept-Encoding",
        "X-AspNet-Version": "4.0.30319",
        "X-Content-Type-Options": "nosniff",
        "x-ms-correlation-request-id": "c13c52a2-fb7d-4ac8-b0e9-10e95dc1e258",
        "x-ms-ratelimit-remaining-subscription-resource-requests": "498",
        "x-ms-routing-request-id": "EASTUS:20230328T091337Z:c13c52a2-fb7d-4ac8-b0e9-10e95dc1e258",
        "X-Powered-By": "ASP.NET"
      },
      "ResponseBody": {
        "status": "Succeeded"
      }
    },
    {
      "RequestUri": "https://management.azure.com/subscriptions/00000000-0000-0000-0000-000000000000/resourceGroups/rgname/providers/Microsoft.Network/privateDnsZones/www.zone1.com?api-version=2018-09-01",
      "RequestMethod": "GET",
      "RequestHeaders": {
        "Accept": "*/*",
        "Accept-Encoding": "gzip, deflate",
        "Connection": "keep-alive",
        "User-Agent": "azsdk-python-mgmt-privatedns/1.0.0 Python/3.8.16 (Linux-5.15.0-1034-azure-x86_64-with-glibc2.2.5) VSTS_0fb41ef4-5012-48a9-bf39-4ee3de03ee35_build_2500_0"
      },
      "RequestBody": null,
      "StatusCode": 200,
      "ResponseHeaders": {
        "Cache-Control": "private",
        "Content-Encoding": "gzip",
        "Content-Type": "application/json; charset=utf-8",
        "Date": "Tue, 28 Mar 2023 09:13:37 GMT",
        "ETag": "84d2a1f6-3c5d-4437-a70c-814f104b8e1a",
        "Server": "Microsoft-IIS/10.0",
        "Strict-Transport-Security": "max-age=31536000; includeSubDomains",
        "Transfer-Encoding": "chunked",
        "Vary": "Accept-Encoding",
        "X-AspNet-Version": "4.0.30319",
        "X-Content-Type-Options": "nosniff",
        "x-ms-correlation-request-id": "ed016d4d-bac1-45a5-96a9-ea6d5856ef3b",
        "x-ms-ratelimit-remaining-subscription-resource-requests": "499",
        "x-ms-routing-request-id": "EASTUS:20230328T091337Z:ed016d4d-bac1-45a5-96a9-ea6d5856ef3b",
        "X-Powered-By": "ASP.NET"
      },
      "ResponseBody": {
        "id": "/subscriptions/00000000-0000-0000-0000-000000000000/resourceGroups/rgname/providers/Microsoft.Network/privateDnsZones/www.zone1.com",
        "name": "www.zone1.com",
        "type": "Microsoft.Network/privateDnsZones",
        "etag": "84d2a1f6-3c5d-4437-a70c-814f104b8e1a",
        "location": "global",
        "properties": {
          "maxNumberOfRecordSets": 25000,
          "maxNumberOfVirtualNetworkLinks": 1000,
          "maxNumberOfVirtualNetworkLinksWithRegistration": 100,
          "numberOfRecordSets": 1,
          "numberOfVirtualNetworkLinks": 0,
          "numberOfVirtualNetworkLinksWithRegistration": 0,
          "provisioningState": "Succeeded"
        }
      }
    },
    {
      "RequestUri": "https://management.azure.com/subscriptions/00000000-0000-0000-0000-000000000000/resourceGroups/rgname/providers/Microsoft.Network/privateEndpoints/myPrivateEndpoint/privateDnsZoneGroups/myPrivateDnsZoneGroup?api-version=2022-09-01",
      "RequestMethod": "PUT",
      "RequestHeaders": {
        "Accept": "application/json",
        "Accept-Encoding": "gzip, deflate",
        "Connection": "keep-alive",
        "Content-Length": "266",
        "Content-Type": "application/json",
        "User-Agent": "azsdk-python-azure-mgmt-network/0.0.0 (it should be stable) Python/3.8.16 (Linux-5.15.0-1034-azure-x86_64-with-glibc2.2.5) VSTS_0fb41ef4-5012-48a9-bf39-4ee3de03ee35_build_2500_0"
      },
      "RequestBody": {
        "name": "myPrivateDnsZoneGroup",
        "properties": {
          "privateDnsZoneConfigs": [
            {
              "name": "zone1",
              "properties": {
                "privateDnsZoneId": "/subscriptions/00000000-0000-0000-0000-000000000000/resourceGroups/rgname/providers/Microsoft.Network/privateDnsZones/www.zone1.com"
              }
            }
          ]
        }
      },
      "StatusCode": 201,
      "ResponseHeaders": {
        "Azure-AsyncNotification": "Enabled",
        "Azure-AsyncOperation": "https://management.azure.com/subscriptions/00000000-0000-0000-0000-000000000000/providers/Microsoft.Network/locations/eastus/operations/0d59e8e0-c4f2-4d9e-97a2-d0f2532590c4?api-version=2022-09-01",
        "Cache-Control": "no-cache",
        "Content-Length": "1165",
        "Content-Type": "application/json; charset=utf-8",
        "Date": "Tue, 28 Mar 2023 09:13:37 GMT",
        "Expires": "-1",
        "Pragma": "no-cache",
        "Retry-After": "10",
        "Server": [
          "Microsoft-HTTPAPI/2.0",
          "Microsoft-HTTPAPI/2.0"
        ],
        "Strict-Transport-Security": "max-age=31536000; includeSubDomains",
        "X-Content-Type-Options": "nosniff",
        "x-ms-arm-service-request-id": "be42fa43-a139-4f60-acaa-e1613d38ec94",
        "x-ms-correlation-request-id": "714fd488-b64b-4ff9-847b-222c4eec1084",
        "x-ms-ratelimit-remaining-subscription-writes": "1192",
        "x-ms-routing-request-id": "EASTUS:20230328T091337Z:714fd488-b64b-4ff9-847b-222c4eec1084"
      },
      "ResponseBody": {
        "name": "myPrivateDnsZoneGroup",
        "id": "/subscriptions/00000000-0000-0000-0000-000000000000/resourceGroups/rgname/providers/Microsoft.Network/privateEndpoints/myPrivateEndpoint/privateDnsZoneGroups/myPrivateDnsZoneGroup",
        "etag": "W/\u002235e642b0-b008-4965-8714-d25ca9404f87\u0022",
        "type": "Microsoft.Network/privateEndpoints/privateDnsZoneGroups",
        "properties": {
          "provisioningState": "Updating",
          "privateDnsZoneConfigs": [
            {
              "name": "zone1",
              "id": "/subscriptions/00000000-0000-0000-0000-000000000000/resourceGroups/rgname/providers/Microsoft.Network/privateEndpoints/myPrivateEndpoint/privateDnsZoneGroups/myPrivateDnsZoneGroup/privateDnsZoneConfigs/zone1",
              "etag": "W/\u002235e642b0-b008-4965-8714-d25ca9404f87\u0022",
              "type": "Microsoft.Network/privateEndpoints/privateDnsZoneGroups/privateDnsZoneConfigs",
              "properties": {
                "provisioningState": "Updating",
                "privateDnsZoneId": "/subscriptions/00000000-0000-0000-0000-000000000000/resourceGroups/rgname/providers/Microsoft.Network/privateDnsZones/www.zone1.com",
                "recordSets": []
              }
            }
          ]
        }
      }
    },
    {
      "RequestUri": "https://management.azure.com/subscriptions/00000000-0000-0000-0000-000000000000/providers/Microsoft.Network/locations/eastus/operations/0d59e8e0-c4f2-4d9e-97a2-d0f2532590c4?api-version=2022-09-01",
      "RequestMethod": "GET",
      "RequestHeaders": {
        "Accept": "*/*",
        "Accept-Encoding": "gzip, deflate",
        "Connection": "keep-alive",
        "User-Agent": "azsdk-python-azure-mgmt-network/0.0.0 (it should be stable) Python/3.8.16 (Linux-5.15.0-1034-azure-x86_64-with-glibc2.2.5) VSTS_0fb41ef4-5012-48a9-bf39-4ee3de03ee35_build_2500_0"
      },
      "RequestBody": null,
      "StatusCode": 200,
      "ResponseHeaders": {
        "Cache-Control": "no-cache",
        "Content-Encoding": "gzip",
        "Content-Type": "application/json; charset=utf-8",
        "Date": "Tue, 28 Mar 2023 09:13:37 GMT",
        "Expires": "-1",
        "Pragma": "no-cache",
        "Server": [
          "Microsoft-HTTPAPI/2.0",
          "Microsoft-HTTPAPI/2.0"
        ],
        "Strict-Transport-Security": "max-age=31536000; includeSubDomains",
        "Transfer-Encoding": "chunked",
        "Vary": "Accept-Encoding",
        "X-Content-Type-Options": "nosniff",
        "x-ms-arm-service-request-id": "8f588ac0-70a6-4e40-aeb5-d7078642de30",
        "x-ms-correlation-request-id": "35df16fd-7f1d-4391-afb2-6dfbb6052cb1",
        "x-ms-ratelimit-remaining-subscription-reads": "11978",
        "x-ms-routing-request-id": "EASTUS:20230328T091337Z:35df16fd-7f1d-4391-afb2-6dfbb6052cb1"
      },
      "ResponseBody": {
        "status": "Succeeded"
      }
    },
    {
      "RequestUri": "https://management.azure.com/subscriptions/00000000-0000-0000-0000-000000000000/resourceGroups/rgname/providers/Microsoft.Network/privateEndpoints/myPrivateEndpoint/privateDnsZoneGroups/myPrivateDnsZoneGroup?api-version=2022-09-01",
      "RequestMethod": "GET",
      "RequestHeaders": {
        "Accept": "*/*",
        "Accept-Encoding": "gzip, deflate",
        "Connection": "keep-alive",
        "User-Agent": "azsdk-python-azure-mgmt-network/0.0.0 (it should be stable) Python/3.8.16 (Linux-5.15.0-1034-azure-x86_64-with-glibc2.2.5) VSTS_0fb41ef4-5012-48a9-bf39-4ee3de03ee35_build_2500_0"
      },
      "RequestBody": null,
      "StatusCode": 200,
      "ResponseHeaders": {
        "Cache-Control": "no-cache",
        "Content-Encoding": "gzip",
        "Content-Type": "application/json; charset=utf-8",
        "Date": "Tue, 28 Mar 2023 09:13:37 GMT",
        "ETag": "W/\u00221f4816a8-727a-4ff3-8106-90bbf9881a05\u0022",
        "Expires": "-1",
        "Pragma": "no-cache",
        "Server": [
          "Microsoft-HTTPAPI/2.0",
          "Microsoft-HTTPAPI/2.0"
        ],
        "Strict-Transport-Security": "max-age=31536000; includeSubDomains",
        "Transfer-Encoding": "chunked",
        "Vary": "Accept-Encoding",
        "X-Content-Type-Options": "nosniff",
        "x-ms-arm-service-request-id": "8eccf04b-a20d-495d-96bb-b95111bb1521",
        "x-ms-correlation-request-id": "129bb412-0e29-4cb0-9f67-6fa1cb21a046",
        "x-ms-ratelimit-remaining-subscription-reads": "11977",
        "x-ms-routing-request-id": "EASTUS:20230328T091338Z:129bb412-0e29-4cb0-9f67-6fa1cb21a046"
      },
      "ResponseBody": {
        "name": "myPrivateDnsZoneGroup",
        "id": "/subscriptions/00000000-0000-0000-0000-000000000000/resourceGroups/rgname/providers/Microsoft.Network/privateEndpoints/myPrivateEndpoint/privateDnsZoneGroups/myPrivateDnsZoneGroup",
        "etag": "W/\u00221f4816a8-727a-4ff3-8106-90bbf9881a05\u0022",
        "type": "Microsoft.Network/privateEndpoints/privateDnsZoneGroups",
        "properties": {
          "provisioningState": "Succeeded",
          "privateDnsZoneConfigs": [
            {
              "name": "zone1",
              "id": "/subscriptions/00000000-0000-0000-0000-000000000000/resourceGroups/rgname/providers/Microsoft.Network/privateEndpoints/myPrivateEndpoint/privateDnsZoneGroups/myPrivateDnsZoneGroup/privateDnsZoneConfigs/zone1",
              "etag": "W/\u00221f4816a8-727a-4ff3-8106-90bbf9881a05\u0022",
              "type": "Microsoft.Network/privateEndpoints/privateDnsZoneGroups/privateDnsZoneConfigs",
              "properties": {
                "provisioningState": "Succeeded",
                "privateDnsZoneId": "/subscriptions/00000000-0000-0000-0000-000000000000/resourceGroups/rgname/providers/Microsoft.Network/privateDnsZones/www.zone1.com",
                "recordSets": []
              }
            }
          ]
        }
      }
    },
    {
      "RequestUri": "https://management.azure.com/subscriptions/00000000-0000-0000-0000-000000000000/resourceGroups/rgname/providers/Microsoft.Network/privateEndpoints/myPrivateEndpoint/privateDnsZoneGroups/myPrivateDnsZoneGroup?api-version=2022-09-01",
      "RequestMethod": "GET",
      "RequestHeaders": {
        "Accept": "application/json",
        "Accept-Encoding": "gzip, deflate",
        "Connection": "keep-alive",
        "User-Agent": "azsdk-python-azure-mgmt-network/0.0.0 (it should be stable) Python/3.8.16 (Linux-5.15.0-1034-azure-x86_64-with-glibc2.2.5) VSTS_0fb41ef4-5012-48a9-bf39-4ee3de03ee35_build_2500_0"
      },
      "RequestBody": null,
      "StatusCode": 200,
      "ResponseHeaders": {
        "Cache-Control": "no-cache",
        "Content-Encoding": "gzip",
        "Content-Type": "application/json; charset=utf-8",
        "Date": "Tue, 28 Mar 2023 09:13:37 GMT",
        "ETag": "W/\u00221f4816a8-727a-4ff3-8106-90bbf9881a05\u0022",
        "Expires": "-1",
        "Pragma": "no-cache",
        "Server": [
          "Microsoft-HTTPAPI/2.0",
          "Microsoft-HTTPAPI/2.0"
        ],
        "Strict-Transport-Security": "max-age=31536000; includeSubDomains",
        "Transfer-Encoding": "chunked",
        "Vary": "Accept-Encoding",
        "X-Content-Type-Options": "nosniff",
        "x-ms-arm-service-request-id": "109d8a19-fd04-40f8-9e8c-efdd3352d757",
        "x-ms-correlation-request-id": "fdabfcce-005f-4c18-ba76-22df3e4f0b6a",
        "x-ms-ratelimit-remaining-subscription-reads": "11976",
        "x-ms-routing-request-id": "EASTUS:20230328T091338Z:fdabfcce-005f-4c18-ba76-22df3e4f0b6a"
      },
      "ResponseBody": {
        "name": "myPrivateDnsZoneGroup",
        "id": "/subscriptions/00000000-0000-0000-0000-000000000000/resourceGroups/rgname/providers/Microsoft.Network/privateEndpoints/myPrivateEndpoint/privateDnsZoneGroups/myPrivateDnsZoneGroup",
        "etag": "W/\u00221f4816a8-727a-4ff3-8106-90bbf9881a05\u0022",
        "type": "Microsoft.Network/privateEndpoints/privateDnsZoneGroups",
        "properties": {
          "provisioningState": "Succeeded",
          "privateDnsZoneConfigs": [
            {
              "name": "zone1",
              "id": "/subscriptions/00000000-0000-0000-0000-000000000000/resourceGroups/rgname/providers/Microsoft.Network/privateEndpoints/myPrivateEndpoint/privateDnsZoneGroups/myPrivateDnsZoneGroup/privateDnsZoneConfigs/zone1",
              "etag": "W/\u00221f4816a8-727a-4ff3-8106-90bbf9881a05\u0022",
              "type": "Microsoft.Network/privateEndpoints/privateDnsZoneGroups/privateDnsZoneConfigs",
              "properties": {
                "provisioningState": "Succeeded",
                "privateDnsZoneId": "/subscriptions/00000000-0000-0000-0000-000000000000/resourceGroups/rgname/providers/Microsoft.Network/privateDnsZones/www.zone1.com",
                "recordSets": []
              }
            }
          ]
        }
      }
    },
    {
      "RequestUri": "https://management.azure.com/subscriptions/00000000-0000-0000-0000-000000000000/resourceGroups/rgname/providers/Microsoft.Network/privateLinkServices/myService/privateEndpointConnections/myPrivateEndpoint.2bb64884-4c45-4e9e-9bb0-86f027c16e51?api-version=2022-09-01",
      "RequestMethod": "GET",
      "RequestHeaders": {
        "Accept": "application/json",
        "Accept-Encoding": "gzip, deflate",
        "Connection": "keep-alive",
        "User-Agent": "azsdk-python-azure-mgmt-network/0.0.0 (it should be stable) Python/3.8.16 (Linux-5.15.0-1034-azure-x86_64-with-glibc2.2.5) VSTS_0fb41ef4-5012-48a9-bf39-4ee3de03ee35_build_2500_0"
      },
      "RequestBody": null,
      "StatusCode": 200,
      "ResponseHeaders": {
        "Cache-Control": "no-cache",
        "Content-Encoding": "gzip",
        "Content-Type": "application/json; charset=utf-8",
        "Date": "Tue, 28 Mar 2023 09:13:37 GMT",
        "ETag": "W/\u0022106860f8-1086-4409-a3aa-3f81bbe7fcc4\u0022",
        "Expires": "-1",
        "Pragma": "no-cache",
        "Server": [
          "Microsoft-HTTPAPI/2.0",
          "Microsoft-HTTPAPI/2.0"
        ],
        "Strict-Transport-Security": "max-age=31536000; includeSubDomains",
        "Transfer-Encoding": "chunked",
        "Vary": "Accept-Encoding",
        "X-Content-Type-Options": "nosniff",
        "x-ms-arm-service-request-id": "d26feb8b-471e-4d2b-ac94-5bf6d37bb622",
        "x-ms-correlation-request-id": "42fb5766-f369-4ff4-998c-79f54ed85a2f",
        "x-ms-ratelimit-remaining-subscription-reads": "11975",
        "x-ms-routing-request-id": "EASTUS:20230328T091338Z:42fb5766-f369-4ff4-998c-79f54ed85a2f"
      },
      "ResponseBody": {
        "name": "myPrivateEndpoint.2bb64884-4c45-4e9e-9bb0-86f027c16e51",
        "id": "/subscriptions/00000000-0000-0000-0000-000000000000/resourceGroups/rgname/providers/Microsoft.Network/privateLinkServices/myService/privateEndpointConnections/myPrivateEndpoint.2bb64884-4c45-4e9e-9bb0-86f027c16e51",
        "etag": "W/\u0022106860f8-1086-4409-a3aa-3f81bbe7fcc4\u0022",
        "properties": {
          "provisioningState": "Succeeded",
          "privateEndpoint": {
            "id": "/subscriptions/00000000-0000-0000-0000-000000000000/resourceGroups/rgname/providers/Microsoft.Network/privateEndpoints/myPrivateEndpoint"
          },
          "privateLinkServiceConnectionState": {
            "status": "Approved",
            "description": "approved it for some reason.",
            "actionsRequired": ""
          },
          "linkIdentifier": "536878726"
        },
        "type": "Microsoft.Network/privateLinkServices/privateEndpointConnections"
      }
    },
    {
      "RequestUri": "https://management.azure.com/subscriptions/00000000-0000-0000-0000-000000000000/resourceGroups/rgname/providers/Microsoft.Network/privateEndpoints/myPrivateEndpoint?api-version=2022-09-01",
      "RequestMethod": "GET",
      "RequestHeaders": {
        "Accept": "application/json",
        "Accept-Encoding": "gzip, deflate",
        "Connection": "keep-alive",
        "User-Agent": "azsdk-python-azure-mgmt-network/0.0.0 (it should be stable) Python/3.8.16 (Linux-5.15.0-1034-azure-x86_64-with-glibc2.2.5) VSTS_0fb41ef4-5012-48a9-bf39-4ee3de03ee35_build_2500_0"
      },
      "RequestBody": null,
      "StatusCode": 200,
      "ResponseHeaders": {
        "Cache-Control": "no-cache",
        "Content-Encoding": "gzip",
        "Content-Type": "application/json; charset=utf-8",
        "Date": "Tue, 28 Mar 2023 09:13:37 GMT",
        "ETag": "W/\u00221f4816a8-727a-4ff3-8106-90bbf9881a05\u0022",
        "Expires": "-1",
        "Pragma": "no-cache",
        "Server": [
          "Microsoft-HTTPAPI/2.0",
          "Microsoft-HTTPAPI/2.0"
        ],
        "Strict-Transport-Security": "max-age=31536000; includeSubDomains",
        "Transfer-Encoding": "chunked",
        "Vary": "Accept-Encoding",
        "X-Content-Type-Options": "nosniff",
        "x-ms-arm-service-request-id": "3d254fb1-22c0-4679-9b28-de066dafab65",
        "x-ms-correlation-request-id": "eb428204-bcc7-4f56-a185-80a323973d91",
        "x-ms-ratelimit-remaining-subscription-reads": "11974",
        "x-ms-routing-request-id": "EASTUS:20230328T091338Z:eb428204-bcc7-4f56-a185-80a323973d91"
      },
      "ResponseBody": {
        "name": "myPrivateEndpoint",
        "id": "/subscriptions/00000000-0000-0000-0000-000000000000/resourceGroups/rgname/providers/Microsoft.Network/privateEndpoints/myPrivateEndpoint",
        "etag": "W/\u00221f4816a8-727a-4ff3-8106-90bbf9881a05\u0022",
        "type": "Microsoft.Network/privateEndpoints",
        "location": "eastus",
        "properties": {
          "provisioningState": "Succeeded",
          "resourceGuid": "2bb64884-4c45-4e9e-9bb0-86f027c16e51",
          "privateLinkServiceConnections": [
            {
              "name": "myService",
              "id": "/subscriptions/00000000-0000-0000-0000-000000000000/resourceGroups/rgname/providers/Microsoft.Network/privateEndpoints/myPrivateEndpoint/privateLinkServiceConnections/myService",
              "etag": "W/\u00221f4816a8-727a-4ff3-8106-90bbf9881a05\u0022",
              "properties": {
                "provisioningState": "Succeeded",
                "privateLinkServiceId": "/subscriptions/00000000-0000-0000-0000-000000000000/resourceGroups/rgname/providers/Microsoft.Network/privateLinkServices/myService",
                "privateLinkServiceConnectionState": {
                  "status": "Approved",
                  "description": "approved it for some reason.",
                  "actionsRequired": ""
                }
              },
              "type": "Microsoft.Network/privateEndpoints/privateLinkServiceConnections"
            }
          ],
          "manualPrivateLinkServiceConnections": [],
          "customNetworkInterfaceName": "",
          "subnet": {
            "id": "/subscriptions/00000000-0000-0000-0000-000000000000/resourceGroups/rgname/providers/Microsoft.Network/virtualNetworks/virtualnetwork/subnets/subnet2"
          },
          "ipConfigurations": [],
          "networkInterfaces": [
            {
              "id": "/subscriptions/00000000-0000-0000-0000-000000000000/resourceGroups/rgname/providers/Microsoft.Network/networkInterfaces/myPrivateEndpoint.nic.40dcf882-2b43-41fd-b8d8-2d230d11f857"
            }
          ],
          "customDnsConfigs": []
        }
      }
    },
    {
      "RequestUri": "https://management.azure.com/subscriptions/00000000-0000-0000-0000-000000000000/resourceGroups/rgname/providers/Microsoft.Network/privateLinkServices/myService?api-version=2022-09-01",
      "RequestMethod": "GET",
      "RequestHeaders": {
        "Accept": "application/json",
        "Accept-Encoding": "gzip, deflate",
        "Connection": "keep-alive",
        "User-Agent": "azsdk-python-azure-mgmt-network/0.0.0 (it should be stable) Python/3.8.16 (Linux-5.15.0-1034-azure-x86_64-with-glibc2.2.5) VSTS_0fb41ef4-5012-48a9-bf39-4ee3de03ee35_build_2500_0"
      },
      "RequestBody": null,
      "StatusCode": 200,
      "ResponseHeaders": {
        "Cache-Control": "no-cache",
        "Content-Encoding": "gzip",
        "Content-Type": "application/json; charset=utf-8",
        "Date": "Tue, 28 Mar 2023 09:13:37 GMT",
        "ETag": "W/\u0022106860f8-1086-4409-a3aa-3f81bbe7fcc4\u0022",
        "Expires": "-1",
        "Pragma": "no-cache",
        "Server": [
          "Microsoft-HTTPAPI/2.0",
          "Microsoft-HTTPAPI/2.0"
        ],
        "Strict-Transport-Security": "max-age=31536000; includeSubDomains",
        "Transfer-Encoding": "chunked",
        "Vary": "Accept-Encoding",
        "X-Content-Type-Options": "nosniff",
        "x-ms-arm-service-request-id": "ac460dd5-0011-47b1-8a41-126324267f19",
        "x-ms-correlation-request-id": "54554015-f7d6-4a2f-9903-ed44f3476539",
        "x-ms-ratelimit-remaining-subscription-reads": "11973",
        "x-ms-routing-request-id": "EASTUS:20230328T091338Z:54554015-f7d6-4a2f-9903-ed44f3476539"
      },
      "ResponseBody": {
        "name": "myService",
        "id": "/subscriptions/00000000-0000-0000-0000-000000000000/resourceGroups/rgname/providers/Microsoft.Network/privateLinkServices/myService",
        "etag": "W/\u0022106860f8-1086-4409-a3aa-3f81bbe7fcc4\u0022",
        "type": "Microsoft.Network/privateLinkServices",
        "location": "eastus",
        "properties": {
          "provisioningState": "Succeeded",
          "resourceGuid": "c35d8c18-a6a5-4bbb-8b6f-94628ed8d6b8",
          "fqdns": [
            "fqdn1",
            "fqdn2",
            "fqdn3"
          ],
          "alias": "myservice.f4d0a8ab-642c-4fe2-8b77-aa14fcaedd41.eastus.azure.privatelinkservice",
          "visibility": {
            "subscriptions": [
              "00000000-0000-0000-0000-000000000000"
            ]
          },
          "autoApproval": {
            "subscriptions": [
              "00000000-0000-0000-0000-000000000000"
            ]
          },
          "enableProxyProtocol": false,
          "loadBalancerFrontendIpConfigurations": [
            {
              "id": "/subscriptions/00000000-0000-0000-0000-000000000000/resourceGroups/rgname/providers/Microsoft.Network/loadBalancers/loadbalancer/frontendIPConfigurations/myIPConfiguration"
            }
          ],
          "ipConfigurations": [
            {
              "name": "myIPConfiguration",
              "id": "/subscriptions/00000000-0000-0000-0000-000000000000/resourceGroups/rgname/providers/Microsoft.Network/privateLinkServices/myService/ipConfigurations/myIPConfiguration",
              "etag": "W/\u0022106860f8-1086-4409-a3aa-3f81bbe7fcc4\u0022",
              "type": "Microsoft.Network/privateLinkServices/ipConfigurations",
              "properties": {
                "provisioningState": "Succeeded",
                "privateIPAllocationMethod": "Dynamic",
                "subnet": {
                  "id": "/subscriptions/00000000-0000-0000-0000-000000000000/resourceGroups/rgname/providers/Microsoft.Network/virtualNetworks/virtualnetwork/subnets/subnet1"
                },
                "primary": true,
                "privateIPAddressVersion": "IPv4"
              }
            }
          ],
          "privateEndpointConnections": [
            {
              "name": "myPrivateEndpoint.2bb64884-4c45-4e9e-9bb0-86f027c16e51",
              "id": "/subscriptions/00000000-0000-0000-0000-000000000000/resourceGroups/rgname/providers/Microsoft.Network/privateLinkServices/myService/privateEndpointConnections/myPrivateEndpoint.2bb64884-4c45-4e9e-9bb0-86f027c16e51",
              "etag": "W/\u0022106860f8-1086-4409-a3aa-3f81bbe7fcc4\u0022",
              "properties": {
                "provisioningState": "Succeeded",
                "privateEndpoint": {
                  "id": "/subscriptions/00000000-0000-0000-0000-000000000000/resourceGroups/rgname/providers/Microsoft.Network/privateEndpoints/myPrivateEndpoint"
                },
                "privateLinkServiceConnectionState": {
                  "status": "Approved",
                  "description": "approved it for some reason.",
                  "actionsRequired": ""
                },
                "linkIdentifier": "536878726"
              },
              "type": "Microsoft.Network/privateLinkServices/privateEndpointConnections"
            }
          ],
          "networkInterfaces": [
            {
              "id": "/subscriptions/00000000-0000-0000-0000-000000000000/resourceGroups/rgname/providers/Microsoft.Network/networkInterfaces/myService.nic.843dd0ae-146b-42dc-bcc4-b82eb4ef5fef"
            }
          ]
        }
      }
    },
    {
      "RequestUri": "https://management.azure.com/subscriptions/00000000-0000-0000-0000-000000000000/resourceGroups/rgname/providers/Microsoft.Network/privateEndpoints/myPrivateEndpoint/privateDnsZoneGroups/myPrivateDnsZoneGroup?api-version=2022-09-01",
      "RequestMethod": "DELETE",
      "RequestHeaders": {
        "Accept": "application/json",
        "Accept-Encoding": "gzip, deflate",
        "Connection": "keep-alive",
        "Content-Length": "0",
        "User-Agent": "azsdk-python-azure-mgmt-network/0.0.0 (it should be stable) Python/3.8.16 (Linux-5.15.0-1034-azure-x86_64-with-glibc2.2.5) VSTS_0fb41ef4-5012-48a9-bf39-4ee3de03ee35_build_2500_0"
      },
      "RequestBody": null,
      "StatusCode": 202,
      "ResponseHeaders": {
        "Azure-AsyncNotification": "Enabled",
        "Azure-AsyncOperation": "https://management.azure.com/subscriptions/00000000-0000-0000-0000-000000000000/providers/Microsoft.Network/locations/eastus/operations/a632890e-d307-4efc-8f1b-3b133f382c18?api-version=2022-09-01",
        "Cache-Control": "no-cache",
        "Content-Length": "0",
        "Date": "Tue, 28 Mar 2023 09:13:37 GMT",
        "Expires": "-1",
        "Location": "https://management.azure.com/subscriptions/00000000-0000-0000-0000-000000000000/providers/Microsoft.Network/locations/eastus/operationResults/a632890e-d307-4efc-8f1b-3b133f382c18?api-version=2022-09-01",
        "Pragma": "no-cache",
        "Retry-After": "10",
        "Server": [
          "Microsoft-HTTPAPI/2.0",
          "Microsoft-HTTPAPI/2.0"
        ],
        "Strict-Transport-Security": "max-age=31536000; includeSubDomains",
        "X-Content-Type-Options": "nosniff",
        "x-ms-arm-service-request-id": "82d545fa-f75f-4db6-9a1f-5f37b1b9fb11",
        "x-ms-correlation-request-id": "2afcb6f3-876e-4a7b-ae9b-e36779c52576",
        "x-ms-ratelimit-remaining-subscription-deletes": "14999",
        "x-ms-routing-request-id": "EASTUS:20230328T091338Z:2afcb6f3-876e-4a7b-ae9b-e36779c52576"
      },
      "ResponseBody": null
    },
    {
      "RequestUri": "https://management.azure.com/subscriptions/00000000-0000-0000-0000-000000000000/providers/Microsoft.Network/locations/eastus/operations/a632890e-d307-4efc-8f1b-3b133f382c18?api-version=2022-09-01",
      "RequestMethod": "GET",
      "RequestHeaders": {
        "Accept": "*/*",
        "Accept-Encoding": "gzip, deflate",
        "Connection": "keep-alive",
        "User-Agent": "azsdk-python-azure-mgmt-network/0.0.0 (it should be stable) Python/3.8.16 (Linux-5.15.0-1034-azure-x86_64-with-glibc2.2.5) VSTS_0fb41ef4-5012-48a9-bf39-4ee3de03ee35_build_2500_0"
      },
      "RequestBody": null,
      "StatusCode": 200,
      "ResponseHeaders": {
        "Cache-Control": "no-cache",
        "Content-Encoding": "gzip",
        "Content-Type": "application/json; charset=utf-8",
        "Date": "Tue, 28 Mar 2023 09:13:38 GMT",
        "Expires": "-1",
        "Pragma": "no-cache",
        "Retry-After": "10",
        "Server": [
          "Microsoft-HTTPAPI/2.0",
          "Microsoft-HTTPAPI/2.0"
        ],
        "Strict-Transport-Security": "max-age=31536000; includeSubDomains",
        "Transfer-Encoding": "chunked",
        "Vary": "Accept-Encoding",
        "X-Content-Type-Options": "nosniff",
        "x-ms-arm-service-request-id": "9a996a5e-bc5c-473c-83a4-b7cade74addb",
        "x-ms-correlation-request-id": "51810b6b-f7e0-4693-b07b-219cf5ede7fc",
        "x-ms-ratelimit-remaining-subscription-reads": "11972",
        "x-ms-routing-request-id": "EASTUS:20230328T091338Z:51810b6b-f7e0-4693-b07b-219cf5ede7fc"
      },
      "ResponseBody": {
        "status": "InProgress"
      }
    },
    {
      "RequestUri": "https://management.azure.com/subscriptions/00000000-0000-0000-0000-000000000000/providers/Microsoft.Network/locations/eastus/operations/a632890e-d307-4efc-8f1b-3b133f382c18?api-version=2022-09-01",
      "RequestMethod": "GET",
      "RequestHeaders": {
        "Accept": "*/*",
        "Accept-Encoding": "gzip, deflate",
        "Connection": "keep-alive",
        "User-Agent": "azsdk-python-azure-mgmt-network/0.0.0 (it should be stable) Python/3.8.16 (Linux-5.15.0-1034-azure-x86_64-with-glibc2.2.5) VSTS_0fb41ef4-5012-48a9-bf39-4ee3de03ee35_build_2500_0"
      },
      "RequestBody": null,
      "StatusCode": 200,
      "ResponseHeaders": {
        "Cache-Control": "no-cache",
        "Content-Encoding": "gzip",
        "Content-Type": "application/json; charset=utf-8",
        "Date": "Tue, 28 Mar 2023 09:13:47 GMT",
        "Expires": "-1",
        "Pragma": "no-cache",
        "Server": [
          "Microsoft-HTTPAPI/2.0",
          "Microsoft-HTTPAPI/2.0"
        ],
        "Strict-Transport-Security": "max-age=31536000; includeSubDomains",
        "Transfer-Encoding": "chunked",
        "Vary": "Accept-Encoding",
        "X-Content-Type-Options": "nosniff",
        "x-ms-arm-service-request-id": "3db8d384-723b-4672-97a1-2f63edf5b844",
        "x-ms-correlation-request-id": "7c5055dd-172a-4770-8b2a-de0f277d9ad5",
        "x-ms-ratelimit-remaining-subscription-reads": "11971",
        "x-ms-routing-request-id": "EASTUS:20230328T091348Z:7c5055dd-172a-4770-8b2a-de0f277d9ad5"
      },
      "ResponseBody": {
        "status": "Succeeded"
      }
    },
    {
      "RequestUri": "https://management.azure.com/subscriptions/00000000-0000-0000-0000-000000000000/providers/Microsoft.Network/locations/eastus/operationResults/a632890e-d307-4efc-8f1b-3b133f382c18?api-version=2022-09-01",
      "RequestMethod": "GET",
      "RequestHeaders": {
        "Accept": "*/*",
        "Accept-Encoding": "gzip, deflate",
        "Connection": "keep-alive",
        "User-Agent": "azsdk-python-azure-mgmt-network/0.0.0 (it should be stable) Python/3.8.16 (Linux-5.15.0-1034-azure-x86_64-with-glibc2.2.5) VSTS_0fb41ef4-5012-48a9-bf39-4ee3de03ee35_build_2500_0"
      },
      "RequestBody": null,
      "StatusCode": 204,
      "ResponseHeaders": {
        "Azure-AsyncNotification": "Enabled",
        "Azure-AsyncOperation": "https://management.azure.com/subscriptions/00000000-0000-0000-0000-000000000000/providers/Microsoft.Network/locations/eastus/operations/a632890e-d307-4efc-8f1b-3b133f382c18?api-version=2022-09-01",
        "Cache-Control": "no-cache",
        "Content-Type": "application/json; charset=utf-8",
        "Date": "Tue, 28 Mar 2023 09:13:48 GMT",
        "Expires": "-1",
        "Location": "https://management.azure.com/subscriptions/00000000-0000-0000-0000-000000000000/providers/Microsoft.Network/locations/eastus/operationResults/a632890e-d307-4efc-8f1b-3b133f382c18?api-version=2022-09-01",
        "Pragma": "no-cache",
        "Server": [
          "Microsoft-HTTPAPI/2.0",
          "Microsoft-HTTPAPI/2.0"
        ],
        "Strict-Transport-Security": "max-age=31536000; includeSubDomains",
        "X-Content-Type-Options": "nosniff",
        "x-ms-arm-service-request-id": "82d545fa-f75f-4db6-9a1f-5f37b1b9fb11",
        "x-ms-correlation-request-id": "2afcb6f3-876e-4a7b-ae9b-e36779c52576",
        "x-ms-ratelimit-remaining-subscription-reads": "11970",
        "x-ms-routing-request-id": "EASTUS:20230328T091348Z:e4350792-c39b-4a95-81ee-ff71ab76b47b"
      },
      "ResponseBody": null
    },
    {
      "RequestUri": "https://management.azure.com/subscriptions/00000000-0000-0000-0000-000000000000/resourceGroups/rgname/providers/Microsoft.Network/privateLinkServices/myService/privateEndpointConnections/myPrivateEndpoint.2bb64884-4c45-4e9e-9bb0-86f027c16e51?api-version=2022-09-01",
      "RequestMethod": "DELETE",
      "RequestHeaders": {
        "Accept": "application/json",
        "Accept-Encoding": "gzip, deflate",
        "Connection": "keep-alive",
        "Content-Length": "0",
        "User-Agent": "azsdk-python-azure-mgmt-network/0.0.0 (it should be stable) Python/3.8.16 (Linux-5.15.0-1034-azure-x86_64-with-glibc2.2.5) VSTS_0fb41ef4-5012-48a9-bf39-4ee3de03ee35_build_2500_0"
      },
      "RequestBody": null,
      "StatusCode": 202,
      "ResponseHeaders": {
        "Azure-AsyncNotification": "Enabled",
        "Azure-AsyncOperation": "https://management.azure.com/subscriptions/00000000-0000-0000-0000-000000000000/providers/Microsoft.Network/locations/eastus/operations/c89a538c-12ff-49e2-bcb0-ebb605a7f84f?api-version=2022-09-01",
        "Cache-Control": "no-cache",
        "Content-Length": "0",
        "Date": "Tue, 28 Mar 2023 09:13:48 GMT",
        "Expires": "-1",
        "Location": "https://management.azure.com/subscriptions/00000000-0000-0000-0000-000000000000/providers/Microsoft.Network/locations/eastus/operationResults/c89a538c-12ff-49e2-bcb0-ebb605a7f84f?api-version=2022-09-01",
        "Pragma": "no-cache",
        "Retry-After": "10",
        "Server": [
          "Microsoft-HTTPAPI/2.0",
          "Microsoft-HTTPAPI/2.0"
        ],
        "Strict-Transport-Security": "max-age=31536000; includeSubDomains",
        "X-Content-Type-Options": "nosniff",
        "x-ms-arm-service-request-id": "89d2c24a-fc37-4301-9948-8b003e3ad874",
        "x-ms-correlation-request-id": "28c9cbff-1d3f-458f-baf3-1b587b49909b",
        "x-ms-ratelimit-remaining-subscription-deletes": "14998",
        "x-ms-routing-request-id": "EASTUS:20230328T091348Z:28c9cbff-1d3f-458f-baf3-1b587b49909b"
      },
      "ResponseBody": null
    },
    {
      "RequestUri": "https://management.azure.com/subscriptions/00000000-0000-0000-0000-000000000000/providers/Microsoft.Network/locations/eastus/operations/c89a538c-12ff-49e2-bcb0-ebb605a7f84f?api-version=2022-09-01",
      "RequestMethod": "GET",
      "RequestHeaders": {
        "Accept": "*/*",
        "Accept-Encoding": "gzip, deflate",
        "Connection": "keep-alive",
        "User-Agent": "azsdk-python-azure-mgmt-network/0.0.0 (it should be stable) Python/3.8.16 (Linux-5.15.0-1034-azure-x86_64-with-glibc2.2.5) VSTS_0fb41ef4-5012-48a9-bf39-4ee3de03ee35_build_2500_0"
      },
      "RequestBody": null,
      "StatusCode": 200,
      "ResponseHeaders": {
        "Cache-Control": "no-cache",
        "Content-Encoding": "gzip",
        "Content-Type": "application/json; charset=utf-8",
        "Date": "Tue, 28 Mar 2023 09:13:48 GMT",
        "Expires": "-1",
        "Pragma": "no-cache",
        "Retry-After": "10",
        "Server": [
          "Microsoft-HTTPAPI/2.0",
          "Microsoft-HTTPAPI/2.0"
        ],
        "Strict-Transport-Security": "max-age=31536000; includeSubDomains",
        "Transfer-Encoding": "chunked",
        "Vary": "Accept-Encoding",
        "X-Content-Type-Options": "nosniff",
        "x-ms-arm-service-request-id": "33da5f01-15b5-4c46-baef-60443c89c6ea",
        "x-ms-correlation-request-id": "763db64d-888d-48d3-9d36-11b115c178c2",
        "x-ms-ratelimit-remaining-subscription-reads": "11969",
        "x-ms-routing-request-id": "EASTUS:20230328T091348Z:763db64d-888d-48d3-9d36-11b115c178c2"
      },
      "ResponseBody": {
        "status": "InProgress"
      }
    },
    {
      "RequestUri": "https://management.azure.com/subscriptions/00000000-0000-0000-0000-000000000000/providers/Microsoft.Network/locations/eastus/operations/c89a538c-12ff-49e2-bcb0-ebb605a7f84f?api-version=2022-09-01",
      "RequestMethod": "GET",
      "RequestHeaders": {
        "Accept": "*/*",
        "Accept-Encoding": "gzip, deflate",
        "Connection": "keep-alive",
        "User-Agent": "azsdk-python-azure-mgmt-network/0.0.0 (it should be stable) Python/3.8.16 (Linux-5.15.0-1034-azure-x86_64-with-glibc2.2.5) VSTS_0fb41ef4-5012-48a9-bf39-4ee3de03ee35_build_2500_0"
      },
      "RequestBody": null,
      "StatusCode": 200,
      "ResponseHeaders": {
        "Cache-Control": "no-cache",
        "Content-Encoding": "gzip",
        "Content-Type": "application/json; charset=utf-8",
        "Date": "Tue, 28 Mar 2023 09:13:58 GMT",
        "Expires": "-1",
        "Pragma": "no-cache",
        "Server": [
          "Microsoft-HTTPAPI/2.0",
          "Microsoft-HTTPAPI/2.0"
        ],
        "Strict-Transport-Security": "max-age=31536000; includeSubDomains",
        "Transfer-Encoding": "chunked",
        "Vary": "Accept-Encoding",
        "X-Content-Type-Options": "nosniff",
        "x-ms-arm-service-request-id": "14b9310a-5904-41fd-bf1e-b1f0d3dc95d7",
        "x-ms-correlation-request-id": "d7db0615-b066-46e3-89fc-6fbdac88b07e",
        "x-ms-ratelimit-remaining-subscription-reads": "11968",
        "x-ms-routing-request-id": "EASTUS:20230328T091358Z:d7db0615-b066-46e3-89fc-6fbdac88b07e"
      },
      "ResponseBody": {
        "status": "Succeeded"
      }
    },
    {
      "RequestUri": "https://management.azure.com/subscriptions/00000000-0000-0000-0000-000000000000/providers/Microsoft.Network/locations/eastus/operationResults/c89a538c-12ff-49e2-bcb0-ebb605a7f84f?api-version=2022-09-01",
      "RequestMethod": "GET",
      "RequestHeaders": {
        "Accept": "*/*",
        "Accept-Encoding": "gzip, deflate",
        "Connection": "keep-alive",
        "User-Agent": "azsdk-python-azure-mgmt-network/0.0.0 (it should be stable) Python/3.8.16 (Linux-5.15.0-1034-azure-x86_64-with-glibc2.2.5) VSTS_0fb41ef4-5012-48a9-bf39-4ee3de03ee35_build_2500_0"
      },
      "RequestBody": null,
      "StatusCode": 204,
      "ResponseHeaders": {
        "Azure-AsyncNotification": "Enabled",
        "Azure-AsyncOperation": "https://management.azure.com/subscriptions/00000000-0000-0000-0000-000000000000/providers/Microsoft.Network/locations/eastus/operations/c89a538c-12ff-49e2-bcb0-ebb605a7f84f?api-version=2022-09-01",
        "Cache-Control": "no-cache",
        "Content-Type": "application/json; charset=utf-8",
        "Date": "Tue, 28 Mar 2023 09:13:58 GMT",
        "Expires": "-1",
        "Location": "https://management.azure.com/subscriptions/00000000-0000-0000-0000-000000000000/providers/Microsoft.Network/locations/eastus/operationResults/c89a538c-12ff-49e2-bcb0-ebb605a7f84f?api-version=2022-09-01",
        "Pragma": "no-cache",
        "Server": [
          "Microsoft-HTTPAPI/2.0",
          "Microsoft-HTTPAPI/2.0"
        ],
        "Strict-Transport-Security": "max-age=31536000; includeSubDomains",
        "X-Content-Type-Options": "nosniff",
        "x-ms-arm-service-request-id": "89d2c24a-fc37-4301-9948-8b003e3ad874",
        "x-ms-correlation-request-id": "28c9cbff-1d3f-458f-baf3-1b587b49909b",
        "x-ms-ratelimit-remaining-subscription-reads": "11967",
        "x-ms-routing-request-id": "EASTUS:20230328T091358Z:96917bae-e632-4989-abef-3d507a8cf329"
      },
      "ResponseBody": null
    },
    {
      "RequestUri": "https://management.azure.com/subscriptions/00000000-0000-0000-0000-000000000000/resourceGroups/rgname/providers/Microsoft.Network/privateEndpoints/myPrivateEndpoint?api-version=2022-09-01",
      "RequestMethod": "DELETE",
      "RequestHeaders": {
        "Accept": "application/json",
        "Accept-Encoding": "gzip, deflate",
        "Connection": "keep-alive",
        "Content-Length": "0",
        "User-Agent": "azsdk-python-azure-mgmt-network/0.0.0 (it should be stable) Python/3.8.16 (Linux-5.15.0-1034-azure-x86_64-with-glibc2.2.5) VSTS_0fb41ef4-5012-48a9-bf39-4ee3de03ee35_build_2500_0"
      },
      "RequestBody": null,
      "StatusCode": 202,
      "ResponseHeaders": {
        "Azure-AsyncNotification": "Enabled",
        "Azure-AsyncOperation": "https://management.azure.com/subscriptions/00000000-0000-0000-0000-000000000000/providers/Microsoft.Network/locations/eastus/operations/1854f3bc-7eab-44ff-8e86-1e9b3898a13b?api-version=2022-09-01",
        "Cache-Control": "no-cache",
        "Content-Length": "0",
        "Date": "Tue, 28 Mar 2023 09:13:58 GMT",
        "Expires": "-1",
        "Location": "https://management.azure.com/subscriptions/00000000-0000-0000-0000-000000000000/providers/Microsoft.Network/locations/eastus/operationResults/1854f3bc-7eab-44ff-8e86-1e9b3898a13b?api-version=2022-09-01",
        "Pragma": "no-cache",
        "Retry-After": "10",
        "Server": [
          "Microsoft-HTTPAPI/2.0",
          "Microsoft-HTTPAPI/2.0"
        ],
        "Strict-Transport-Security": "max-age=31536000; includeSubDomains",
        "X-Content-Type-Options": "nosniff",
        "x-ms-arm-service-request-id": "7ec203a3-e04f-4e5d-92bd-91f692f453fb",
        "x-ms-correlation-request-id": "79114b9e-6d2f-4f21-b37f-0a6a1d26ebb2",
        "x-ms-ratelimit-remaining-subscription-deletes": "14997",
        "x-ms-routing-request-id": "EASTUS:20230328T091359Z:79114b9e-6d2f-4f21-b37f-0a6a1d26ebb2"
      },
      "ResponseBody": null
    },
    {
      "RequestUri": "https://management.azure.com/subscriptions/00000000-0000-0000-0000-000000000000/providers/Microsoft.Network/locations/eastus/operations/1854f3bc-7eab-44ff-8e86-1e9b3898a13b?api-version=2022-09-01",
      "RequestMethod": "GET",
      "RequestHeaders": {
        "Accept": "*/*",
        "Accept-Encoding": "gzip, deflate",
        "Connection": "keep-alive",
        "User-Agent": "azsdk-python-azure-mgmt-network/0.0.0 (it should be stable) Python/3.8.16 (Linux-5.15.0-1034-azure-x86_64-with-glibc2.2.5) VSTS_0fb41ef4-5012-48a9-bf39-4ee3de03ee35_build_2500_0"
      },
      "RequestBody": null,
      "StatusCode": 200,
      "ResponseHeaders": {
        "Cache-Control": "no-cache",
        "Content-Encoding": "gzip",
        "Content-Type": "application/json; charset=utf-8",
        "Date": "Tue, 28 Mar 2023 09:13:58 GMT",
        "Expires": "-1",
        "Pragma": "no-cache",
        "Retry-After": "10",
        "Server": [
          "Microsoft-HTTPAPI/2.0",
          "Microsoft-HTTPAPI/2.0"
        ],
        "Strict-Transport-Security": "max-age=31536000; includeSubDomains",
        "Transfer-Encoding": "chunked",
        "Vary": "Accept-Encoding",
        "X-Content-Type-Options": "nosniff",
        "x-ms-arm-service-request-id": "8ad584af-51c1-49e6-a33b-6b31ec2189cb",
        "x-ms-correlation-request-id": "501714cf-0429-4dbe-8190-fd195d9f0968",
        "x-ms-ratelimit-remaining-subscription-reads": "11966",
        "x-ms-routing-request-id": "EASTUS:20230328T091359Z:501714cf-0429-4dbe-8190-fd195d9f0968"
      },
      "ResponseBody": {
        "status": "InProgress"
      }
    },
    {
      "RequestUri": "https://management.azure.com/subscriptions/00000000-0000-0000-0000-000000000000/providers/Microsoft.Network/locations/eastus/operations/1854f3bc-7eab-44ff-8e86-1e9b3898a13b?api-version=2022-09-01",
      "RequestMethod": "GET",
      "RequestHeaders": {
        "Accept": "*/*",
        "Accept-Encoding": "gzip, deflate",
        "Connection": "keep-alive",
        "User-Agent": "azsdk-python-azure-mgmt-network/0.0.0 (it should be stable) Python/3.8.16 (Linux-5.15.0-1034-azure-x86_64-with-glibc2.2.5) VSTS_0fb41ef4-5012-48a9-bf39-4ee3de03ee35_build_2500_0"
      },
      "RequestBody": null,
      "StatusCode": 200,
      "ResponseHeaders": {
        "Cache-Control": "no-cache",
        "Content-Encoding": "gzip",
        "Content-Type": "application/json; charset=utf-8",
        "Date": "Tue, 28 Mar 2023 09:14:08 GMT",
        "Expires": "-1",
        "Pragma": "no-cache",
        "Retry-After": "20",
        "Server": [
          "Microsoft-HTTPAPI/2.0",
          "Microsoft-HTTPAPI/2.0"
        ],
        "Strict-Transport-Security": "max-age=31536000; includeSubDomains",
        "Transfer-Encoding": "chunked",
        "Vary": "Accept-Encoding",
        "X-Content-Type-Options": "nosniff",
        "x-ms-arm-service-request-id": "00a28833-22a8-4cfd-9ac9-f0d3dfde5542",
        "x-ms-correlation-request-id": "422c5752-11d8-463c-a274-eeecb2fe3619",
        "x-ms-ratelimit-remaining-subscription-reads": "11965",
        "x-ms-routing-request-id": "EASTUS:20230328T091409Z:422c5752-11d8-463c-a274-eeecb2fe3619"
      },
      "ResponseBody": {
        "status": "InProgress"
      }
    },
    {
      "RequestUri": "https://management.azure.com/subscriptions/00000000-0000-0000-0000-000000000000/providers/Microsoft.Network/locations/eastus/operations/1854f3bc-7eab-44ff-8e86-1e9b3898a13b?api-version=2022-09-01",
      "RequestMethod": "GET",
      "RequestHeaders": {
        "Accept": "*/*",
        "Accept-Encoding": "gzip, deflate",
        "Connection": "keep-alive",
        "User-Agent": "azsdk-python-azure-mgmt-network/0.0.0 (it should be stable) Python/3.8.16 (Linux-5.15.0-1034-azure-x86_64-with-glibc2.2.5) VSTS_0fb41ef4-5012-48a9-bf39-4ee3de03ee35_build_2500_0"
      },
      "RequestBody": null,
      "StatusCode": 200,
      "ResponseHeaders": {
        "Cache-Control": "no-cache",
        "Content-Encoding": "gzip",
        "Content-Type": "application/json; charset=utf-8",
        "Date": "Tue, 28 Mar 2023 09:14:28 GMT",
        "Expires": "-1",
        "Pragma": "no-cache",
        "Server": [
          "Microsoft-HTTPAPI/2.0",
          "Microsoft-HTTPAPI/2.0"
        ],
        "Strict-Transport-Security": "max-age=31536000; includeSubDomains",
        "Transfer-Encoding": "chunked",
        "Vary": "Accept-Encoding",
        "X-Content-Type-Options": "nosniff",
        "x-ms-arm-service-request-id": "500639eb-e599-4d0c-98d9-402c68460fc0",
        "x-ms-correlation-request-id": "0b6e03dd-d886-4731-aca5-9fb8ff957f13",
        "x-ms-ratelimit-remaining-subscription-reads": "11964",
        "x-ms-routing-request-id": "EASTUS:20230328T091429Z:0b6e03dd-d886-4731-aca5-9fb8ff957f13"
      },
      "ResponseBody": {
        "status": "Succeeded"
      }
    },
    {
      "RequestUri": "https://management.azure.com/subscriptions/00000000-0000-0000-0000-000000000000/providers/Microsoft.Network/locations/eastus/operationResults/1854f3bc-7eab-44ff-8e86-1e9b3898a13b?api-version=2022-09-01",
      "RequestMethod": "GET",
      "RequestHeaders": {
        "Accept": "*/*",
        "Accept-Encoding": "gzip, deflate",
        "Connection": "keep-alive",
        "User-Agent": "azsdk-python-azure-mgmt-network/0.0.0 (it should be stable) Python/3.8.16 (Linux-5.15.0-1034-azure-x86_64-with-glibc2.2.5) VSTS_0fb41ef4-5012-48a9-bf39-4ee3de03ee35_build_2500_0"
      },
      "RequestBody": null,
      "StatusCode": 204,
      "ResponseHeaders": {
        "Azure-AsyncNotification": "Enabled",
        "Azure-AsyncOperation": "https://management.azure.com/subscriptions/00000000-0000-0000-0000-000000000000/providers/Microsoft.Network/locations/eastus/operations/1854f3bc-7eab-44ff-8e86-1e9b3898a13b?api-version=2022-09-01",
        "Cache-Control": "no-cache",
        "Content-Type": "application/json; charset=utf-8",
        "Date": "Tue, 28 Mar 2023 09:14:28 GMT",
        "Expires": "-1",
        "Location": "https://management.azure.com/subscriptions/00000000-0000-0000-0000-000000000000/providers/Microsoft.Network/locations/eastus/operationResults/1854f3bc-7eab-44ff-8e86-1e9b3898a13b?api-version=2022-09-01",
        "Pragma": "no-cache",
        "Server": [
          "Microsoft-HTTPAPI/2.0",
          "Microsoft-HTTPAPI/2.0"
        ],
        "Strict-Transport-Security": "max-age=31536000; includeSubDomains",
        "X-Content-Type-Options": "nosniff",
        "x-ms-arm-service-request-id": "7ec203a3-e04f-4e5d-92bd-91f692f453fb",
        "x-ms-correlation-request-id": "79114b9e-6d2f-4f21-b37f-0a6a1d26ebb2",
        "x-ms-ratelimit-remaining-subscription-reads": "11963",
        "x-ms-routing-request-id": "EASTUS:20230328T091429Z:3f528474-9c07-47e4-b9b2-c4a64c0b759d"
      },
      "ResponseBody": null
    },
    {
      "RequestUri": "https://management.azure.com/subscriptions/00000000-0000-0000-0000-000000000000/resourceGroups/rgname/providers/Microsoft.Network/privateLinkServices/myService?api-version=2022-09-01",
      "RequestMethod": "DELETE",
      "RequestHeaders": {
        "Accept": "application/json",
        "Accept-Encoding": "gzip, deflate",
        "Connection": "keep-alive",
        "Content-Length": "0",
        "User-Agent": "azsdk-python-azure-mgmt-network/0.0.0 (it should be stable) Python/3.8.16 (Linux-5.15.0-1034-azure-x86_64-with-glibc2.2.5) VSTS_0fb41ef4-5012-48a9-bf39-4ee3de03ee35_build_2500_0"
      },
      "RequestBody": null,
      "StatusCode": 202,
      "ResponseHeaders": {
        "Azure-AsyncNotification": "Enabled",
        "Azure-AsyncOperation": "https://management.azure.com/subscriptions/00000000-0000-0000-0000-000000000000/providers/Microsoft.Network/locations/eastus/operations/5c0e639c-cd0a-41ab-a286-20df5527abba?api-version=2022-09-01",
        "Cache-Control": "no-cache",
        "Content-Length": "0",
        "Date": "Tue, 28 Mar 2023 09:14:28 GMT",
        "Expires": "-1",
        "Location": "https://management.azure.com/subscriptions/00000000-0000-0000-0000-000000000000/providers/Microsoft.Network/locations/eastus/operationResults/5c0e639c-cd0a-41ab-a286-20df5527abba?api-version=2022-09-01",
        "Pragma": "no-cache",
        "Retry-After": "10",
        "Server": [
          "Microsoft-HTTPAPI/2.0",
          "Microsoft-HTTPAPI/2.0"
        ],
        "Strict-Transport-Security": "max-age=31536000; includeSubDomains",
        "X-Content-Type-Options": "nosniff",
        "x-ms-arm-service-request-id": "151d2ce1-44ce-4465-8c2e-875383713f65",
        "x-ms-correlation-request-id": "10384ded-02dc-4470-b3d4-607b4e8bb668",
        "x-ms-ratelimit-remaining-subscription-deletes": "14996",
        "x-ms-routing-request-id": "EASTUS:20230328T091429Z:10384ded-02dc-4470-b3d4-607b4e8bb668"
      },
      "ResponseBody": null
    },
    {
      "RequestUri": "https://management.azure.com/subscriptions/00000000-0000-0000-0000-000000000000/providers/Microsoft.Network/locations/eastus/operations/5c0e639c-cd0a-41ab-a286-20df5527abba?api-version=2022-09-01",
      "RequestMethod": "GET",
      "RequestHeaders": {
        "Accept": "*/*",
        "Accept-Encoding": "gzip, deflate",
        "Connection": "keep-alive",
        "User-Agent": "azsdk-python-azure-mgmt-network/0.0.0 (it should be stable) Python/3.8.16 (Linux-5.15.0-1034-azure-x86_64-with-glibc2.2.5) VSTS_0fb41ef4-5012-48a9-bf39-4ee3de03ee35_build_2500_0"
      },
      "RequestBody": null,
      "StatusCode": 200,
      "ResponseHeaders": {
        "Cache-Control": "no-cache",
        "Content-Encoding": "gzip",
        "Content-Type": "application/json; charset=utf-8",
        "Date": "Tue, 28 Mar 2023 09:14:28 GMT",
        "Expires": "-1",
        "Pragma": "no-cache",
        "Retry-After": "10",
        "Server": [
          "Microsoft-HTTPAPI/2.0",
          "Microsoft-HTTPAPI/2.0"
        ],
        "Strict-Transport-Security": "max-age=31536000; includeSubDomains",
        "Transfer-Encoding": "chunked",
        "Vary": "Accept-Encoding",
        "X-Content-Type-Options": "nosniff",
        "x-ms-arm-service-request-id": "064f6edf-4132-4cea-9641-42268e160929",
        "x-ms-correlation-request-id": "e8739ec0-ff70-42af-b896-0c17e4911057",
        "x-ms-ratelimit-remaining-subscription-reads": "11962",
        "x-ms-routing-request-id": "EASTUS:20230328T091429Z:e8739ec0-ff70-42af-b896-0c17e4911057"
      },
      "ResponseBody": {
        "status": "InProgress"
      }
    },
    {
      "RequestUri": "https://management.azure.com/subscriptions/00000000-0000-0000-0000-000000000000/providers/Microsoft.Network/locations/eastus/operations/5c0e639c-cd0a-41ab-a286-20df5527abba?api-version=2022-09-01",
      "RequestMethod": "GET",
      "RequestHeaders": {
        "Accept": "*/*",
        "Accept-Encoding": "gzip, deflate",
        "Connection": "keep-alive",
        "User-Agent": "azsdk-python-azure-mgmt-network/0.0.0 (it should be stable) Python/3.8.16 (Linux-5.15.0-1034-azure-x86_64-with-glibc2.2.5) VSTS_0fb41ef4-5012-48a9-bf39-4ee3de03ee35_build_2500_0"
      },
      "RequestBody": null,
      "StatusCode": 200,
      "ResponseHeaders": {
        "Cache-Control": "no-cache",
        "Content-Encoding": "gzip",
        "Content-Type": "application/json; charset=utf-8",
        "Date": "Tue, 28 Mar 2023 09:14:38 GMT",
        "Expires": "-1",
        "Pragma": "no-cache",
        "Server": [
          "Microsoft-HTTPAPI/2.0",
          "Microsoft-HTTPAPI/2.0"
        ],
        "Strict-Transport-Security": "max-age=31536000; includeSubDomains",
        "Transfer-Encoding": "chunked",
        "Vary": "Accept-Encoding",
        "X-Content-Type-Options": "nosniff",
        "x-ms-arm-service-request-id": "fb12b560-3033-4cb8-82ff-8ce119505899",
        "x-ms-correlation-request-id": "a27a3d8b-a3bd-4426-89a3-143d6929955b",
        "x-ms-ratelimit-remaining-subscription-reads": "11961",
        "x-ms-routing-request-id": "EASTUS:20230328T091439Z:a27a3d8b-a3bd-4426-89a3-143d6929955b"
      },
      "ResponseBody": {
        "status": "Succeeded"
      }
    },
    {
      "RequestUri": "https://management.azure.com/subscriptions/00000000-0000-0000-0000-000000000000/providers/Microsoft.Network/locations/eastus/operationResults/5c0e639c-cd0a-41ab-a286-20df5527abba?api-version=2022-09-01",
      "RequestMethod": "GET",
      "RequestHeaders": {
        "Accept": "*/*",
        "Accept-Encoding": "gzip, deflate",
        "Connection": "keep-alive",
        "User-Agent": "azsdk-python-azure-mgmt-network/0.0.0 (it should be stable) Python/3.8.16 (Linux-5.15.0-1034-azure-x86_64-with-glibc2.2.5) VSTS_0fb41ef4-5012-48a9-bf39-4ee3de03ee35_build_2500_0"
      },
      "RequestBody": null,
      "StatusCode": 204,
      "ResponseHeaders": {
        "Azure-AsyncNotification": "Enabled",
        "Azure-AsyncOperation": "https://management.azure.com/subscriptions/00000000-0000-0000-0000-000000000000/providers/Microsoft.Network/locations/eastus/operations/5c0e639c-cd0a-41ab-a286-20df5527abba?api-version=2022-09-01",
        "Cache-Control": "no-cache",
        "Content-Type": "application/json; charset=utf-8",
        "Date": "Tue, 28 Mar 2023 09:14:38 GMT",
        "Expires": "-1",
        "Location": "https://management.azure.com/subscriptions/00000000-0000-0000-0000-000000000000/providers/Microsoft.Network/locations/eastus/operationResults/5c0e639c-cd0a-41ab-a286-20df5527abba?api-version=2022-09-01",
        "Pragma": "no-cache",
        "Server": [
          "Microsoft-HTTPAPI/2.0",
          "Microsoft-HTTPAPI/2.0"
        ],
        "Strict-Transport-Security": "max-age=31536000; includeSubDomains",
        "X-Content-Type-Options": "nosniff",
        "x-ms-arm-service-request-id": "151d2ce1-44ce-4465-8c2e-875383713f65",
        "x-ms-correlation-request-id": "10384ded-02dc-4470-b3d4-607b4e8bb668",
        "x-ms-ratelimit-remaining-subscription-reads": "11960",
        "x-ms-routing-request-id": "EASTUS:20230328T091439Z:3d2f5d57-0f49-43f4-9018-2f8bd8c17300"
      },
      "ResponseBody": null
    }
  ],
  "Variables": {}
}
