interactions:
- request:
    body: '{"location": "West US", "tags": {"key1": "value1"}, "properties": {"threatIntelMode":
      "Alert"}}'
    headers:
      Accept:
      - application/json
      Accept-Encoding:
      - gzip, deflate
      Connection:
      - keep-alive
      Content-Length:
      - '95'
      Content-Type:
      - application/json
      User-Agent:
      - azsdk-python-azure-mgmt-network/17.0.0 Python/3.7.3 (Windows-10-10.0.19041-SP0)
    method: PUT
    uri: https://management.azure.com/subscriptions/00000000-0000-0000-0000-000000000000/resourceGroups/rgname/providers/Microsoft.Network/firewallPolicies/myFirewallPolicy?api-version=2020-07-01
  response:
    body:
      string: "{\r\n  \"properties\": {\r\n    \"sku\": {\r\n      \"tier\": \"Standard\"\r\n
        \   },\r\n    \"threatIntelMode\": \"Alert\",\r\n    \"childPolicies\": [],\r\n
        \   \"ruleCollectionGroups\": [],\r\n    \"firewalls\": [],\r\n    \"provisioningState\":
        \"Updating\"\r\n  },\r\n  \"id\": \"/subscriptions/00000000-0000-0000-0000-000000000000/resourceGroups/rgname/providers/Microsoft.Network/firewallPolicies/myFirewallPolicy\",\r\n
        \ \"name\": \"myFirewallPolicy\",\r\n  \"type\": \"Microsoft.Network/FirewallPolicies\",\r\n
        \ \"etag\": \"092884aa-040b-42f4-a59c-619a0a16c931\",\r\n  \"location\": \"westus\",\r\n
        \ \"tags\": {\r\n    \"key1\": \"value1\"\r\n  }\r\n}"
    headers:
      azure-asyncoperation:
      - https://management.azure.com/subscriptions/00000000-0000-0000-0000-000000000000/providers/Microsoft.Network/locations/westus/nfvOperations/e525a7ad-f796-44a6-b988-c59664d74a74?api-version=2020-07-01
      cache-control:
      - no-cache
      content-length:
      - '641'
      content-type:
      - application/json; charset=utf-8
      date:
      - Wed, 25 Nov 2020 10:30:39 GMT
      expires:
      - '-1'
      pragma:
      - no-cache
      server:
      - Microsoft-HTTPAPI/2.0
      strict-transport-security:
      - max-age=31536000; includeSubDomains
      x-content-type-options:
      - nosniff
      x-ms-ratelimit-remaining-subscription-writes:
      - '1196'
    status:
      code: 201
      message: Created
- request:
    body: null
    headers:
      Accept:
      - '*/*'
      Accept-Encoding:
      - gzip, deflate
      Connection:
      - keep-alive
      User-Agent:
      - azsdk-python-azure-mgmt-network/17.0.0 Python/3.7.3 (Windows-10-10.0.19041-SP0)
    method: GET
    uri: https://management.azure.com/subscriptions/00000000-0000-0000-0000-000000000000/providers/Microsoft.Network/locations/westus/nfvOperations/e525a7ad-f796-44a6-b988-c59664d74a74?api-version=2020-07-01
  response:
    body:
      string: "{\r\n  \"status\": \"Succeeded\"\r\n}"
    headers:
      cache-control:
      - no-cache
      content-length:
      - '29'
      content-type:
      - application/json; charset=utf-8
      date:
      - Wed, 25 Nov 2020 10:30:49 GMT
      expires:
      - '-1'
      pragma:
      - no-cache
      server:
      - Microsoft-HTTPAPI/2.0
      strict-transport-security:
      - max-age=31536000; includeSubDomains
      transfer-encoding:
      - chunked
      vary:
      - Accept-Encoding
      x-content-type-options:
      - nosniff
    status:
      code: 200
      message: OK
- request:
    body: null
    headers:
      Accept:
      - '*/*'
      Accept-Encoding:
      - gzip, deflate
      Connection:
      - keep-alive
      User-Agent:
      - azsdk-python-azure-mgmt-network/17.0.0 Python/3.7.3 (Windows-10-10.0.19041-SP0)
    method: GET
    uri: https://management.azure.com/subscriptions/00000000-0000-0000-0000-000000000000/resourceGroups/rgname/providers/Microsoft.Network/firewallPolicies/myFirewallPolicy?api-version=2020-07-01
  response:
    body:
      string: "{\r\n  \"properties\": {\r\n    \"sku\": {\r\n      \"tier\": \"Standard\"\r\n
        \   },\r\n    \"threatIntelMode\": \"Alert\",\r\n    \"childPolicies\": [],\r\n
        \   \"ruleCollectionGroups\": [],\r\n    \"firewalls\": [],\r\n    \"provisioningState\":
        \"Succeeded\"\r\n  },\r\n  \"id\": \"/subscriptions/00000000-0000-0000-0000-000000000000/resourceGroups/rgname/providers/Microsoft.Network/firewallPolicies/myFirewallPolicy\",\r\n
        \ \"name\": \"myFirewallPolicy\",\r\n  \"type\": \"Microsoft.Network/FirewallPolicies\",\r\n
        \ \"etag\": \"092884aa-040b-42f4-a59c-619a0a16c931\",\r\n  \"location\": \"westus\",\r\n
        \ \"tags\": {\r\n    \"key1\": \"value1\"\r\n  }\r\n}"
    headers:
      cache-control:
      - no-cache
      content-length:
      - '642'
      content-type:
      - application/json; charset=utf-8
      date:
      - Wed, 25 Nov 2020 10:30:50 GMT
      expires:
      - '-1'
      pragma:
      - no-cache
      server:
      - Microsoft-HTTPAPI/2.0
      strict-transport-security:
      - max-age=31536000; includeSubDomains
      transfer-encoding:
      - chunked
      vary:
      - Accept-Encoding
      x-content-type-options:
      - nosniff
    status:
      code: 200
      message: OK
- request:
    body: '{"properties": {"priority": 110, "rules": [{"ruleType": "FirewallPolicyFilterRule",
      "name": "Example-Filter-Rule", "action": {"type": "Deny"}, "ruleConditions":
      [{"name": "network-condition1", "ruleConditionType": "NetworkRuleCondition",
      "ipProtocols": ["TCP"], "sourceAddresses": ["10.1.25.0/24"], "destinationAddresses":
      ["*"], "destinationPorts": ["*"]}]}]}}'
    headers:
      Accept:
      - application/json
      Accept-Encoding:
      - gzip, deflate
      Connection:
      - keep-alive
      Content-Length:
      - '361'
      Content-Type:
      - application/json
      User-Agent:
      - azsdk-python-azure-mgmt-network/17.0.0 Python/3.7.3 (Windows-10-10.0.19041-SP0)
    method: PUT
    uri: https://management.azure.com/subscriptions/00000000-0000-0000-0000-000000000000/resourceGroups/rgname/providers/Microsoft.Network/firewallPolicies/myFirewallPolicy/ruleGroups/myRuleGroup?api-version=2020-04-01
  response:
    body:
      string: "{\r\n  \"properties\": {\r\n    \"priority\": 110,\r\n    \"rules\":
        [\r\n      {\r\n        \"ruleType\": \"FirewallPolicyFilterRule\",\r\n        \"action\":
        {\r\n          \"type\": \"Deny\"\r\n        },\r\n        \"ruleConditions\":
        [\r\n          {\r\n            \"ruleConditionType\": \"NetworkRuleCondition\",\r\n
        \           \"name\": \"network-condition1\",\r\n            \"ipProtocols\":
        [\r\n              \"TCP\"\r\n            ],\r\n            \"sourceAddresses\":
        [\r\n              \"10.1.25.0/24\"\r\n            ],\r\n            \"destinationAddresses\":
        [\r\n              \"*\"\r\n            ],\r\n            \"destinationPorts\":
        [\r\n              \"*\"\r\n            ]\r\n          }\r\n        ],\r\n
        \       \"name\": \"Example-Filter-Rule\",\r\n        \"priority\": 0\r\n
        \     }\r\n    ],\r\n    \"provisioningState\": \"Updating\"\r\n  },\r\n  \"id\":
        \"/subscriptions/00000000-0000-0000-0000-000000000000/resourceGroups/rgname/providers/Microsoft.Network/firewallPolicies/myFirewallPolicy/ruleGroups/myRuleGroup\",\r\n
        \ \"name\": \"myRuleGroup\",\r\n  \"type\": \"Microsoft.Network/FirewallPolicies/RuleGroups\",\r\n
        \ \"etag\": \"8c300e90-2a70-4986-af7b-5a854dbebd90\",\r\n  \"location\": \"westus\"\r\n}"
    headers:
      azure-asyncoperation:
      - https://management.azure.com/subscriptions/00000000-0000-0000-0000-000000000000/providers/Microsoft.Network/locations/westus/nfvOperations/a75fc460-7870-4ec9-850e-79087ceaeb41?api-version=2020-04-01
      cache-control:
      - no-cache
      content-length:
      - '1160'
      content-type:
      - application/json; charset=utf-8
      date:
      - Wed, 25 Nov 2020 10:30:52 GMT
      expires:
      - '-1'
      pragma:
      - no-cache
      server:
      - Microsoft-HTTPAPI/2.0
      strict-transport-security:
      - max-age=31536000; includeSubDomains
      x-content-type-options:
      - nosniff
      x-ms-ratelimit-remaining-subscription-writes:
      - '1195'
    status:
      code: 201
      message: Created
- request:
    body: null
    headers:
      Accept:
      - '*/*'
      Accept-Encoding:
      - gzip, deflate
      Connection:
      - keep-alive
      User-Agent:
      - azsdk-python-azure-mgmt-network/17.0.0 Python/3.7.3 (Windows-10-10.0.19041-SP0)
    method: GET
    uri: https://management.azure.com/subscriptions/00000000-0000-0000-0000-000000000000/providers/Microsoft.Network/locations/westus/nfvOperations/a75fc460-7870-4ec9-850e-79087ceaeb41?api-version=2020-04-01
  response:
    body:
      string: "{\r\n  \"status\": \"Succeeded\"\r\n}"
    headers:
      cache-control:
      - no-cache
      content-length:
      - '29'
      content-type:
      - application/json; charset=utf-8
      date:
      - Wed, 25 Nov 2020 10:31:02 GMT
      expires:
      - '-1'
      pragma:
      - no-cache
      server:
      - Microsoft-HTTPAPI/2.0
      strict-transport-security:
      - max-age=31536000; includeSubDomains
      transfer-encoding:
      - chunked
      vary:
      - Accept-Encoding
      x-content-type-options:
      - nosniff
    status:
      code: 200
      message: OK
- request:
    body: null
    headers:
      Accept:
      - '*/*'
      Accept-Encoding:
      - gzip, deflate
      Connection:
      - keep-alive
      User-Agent:
      - azsdk-python-azure-mgmt-network/17.0.0 Python/3.7.3 (Windows-10-10.0.19041-SP0)
    method: GET
    uri: https://management.azure.com/subscriptions/00000000-0000-0000-0000-000000000000/resourceGroups/rgname/providers/Microsoft.Network/firewallPolicies/myFirewallPolicy/ruleGroups/myRuleGroup?api-version=2020-04-01
  response:
    body:
      string: "{\r\n  \"properties\": {\r\n    \"priority\": 110,\r\n    \"rules\":
        [\r\n      {\r\n        \"ruleType\": \"FirewallPolicyFilterRule\",\r\n        \"action\":
        {\r\n          \"type\": \"Deny\"\r\n        },\r\n        \"ruleConditions\":
        [\r\n          {\r\n            \"ruleConditionType\": \"NetworkRuleCondition\",\r\n
        \           \"name\": \"network-condition1\",\r\n            \"ipProtocols\":
        [\r\n              \"TCP\"\r\n            ],\r\n            \"sourceAddresses\":
        [\r\n              \"10.1.25.0/24\"\r\n            ],\r\n            \"destinationAddresses\":
        [\r\n              \"*\"\r\n            ],\r\n            \"destinationPorts\":
        [\r\n              \"*\"\r\n            ]\r\n          }\r\n        ],\r\n
        \       \"name\": \"Example-Filter-Rule\",\r\n        \"priority\": 0\r\n
        \     }\r\n    ],\r\n    \"provisioningState\": \"Succeeded\"\r\n  },\r\n
        \ \"id\": \"/subscriptions/00000000-0000-0000-0000-000000000000/resourceGroups/rgname/providers/Microsoft.Network/firewallPolicies/myFirewallPolicy/ruleGroups/myRuleGroup\",\r\n
        \ \"name\": \"myRuleGroup\",\r\n  \"type\": \"Microsoft.Network/FirewallPolicies/RuleGroups\",\r\n
        \ \"etag\": \"8c300e90-2a70-4986-af7b-5a854dbebd90\",\r\n  \"location\": \"westus\"\r\n}"
    headers:
      cache-control:
      - no-cache
      content-length:
      - '1161'
      content-type:
      - application/json; charset=utf-8
      date:
      - Wed, 25 Nov 2020 10:31:02 GMT
      expires:
      - '-1'
      pragma:
      - no-cache
      server:
      - Microsoft-HTTPAPI/2.0
      strict-transport-security:
      - max-age=31536000; includeSubDomains
      transfer-encoding:
      - chunked
      vary:
      - Accept-Encoding
      x-content-type-options:
      - nosniff
    status:
      code: 200
      message: OK
- request:
    body: null
    headers:
      Accept:
      - application/json
      Accept-Encoding:
      - gzip, deflate
      Connection:
      - keep-alive
      User-Agent:
      - azsdk-python-azure-mgmt-network/17.0.0 Python/3.7.3 (Windows-10-10.0.19041-SP0)
    method: GET
    uri: https://management.azure.com/subscriptions/00000000-0000-0000-0000-000000000000/resourceGroups/rgname/providers/Microsoft.Network/firewallPolicies/myFirewallPolicy/ruleGroups/myRuleGroup?api-version=2020-04-01
  response:
    body:
      string: "{\r\n  \"properties\": {\r\n    \"priority\": 110,\r\n    \"rules\":
        [\r\n      {\r\n        \"ruleType\": \"FirewallPolicyFilterRule\",\r\n        \"action\":
        {\r\n          \"type\": \"Deny\"\r\n        },\r\n        \"ruleConditions\":
        [\r\n          {\r\n            \"ruleConditionType\": \"NetworkRuleCondition\",\r\n
        \           \"name\": \"network-condition1\",\r\n            \"ipProtocols\":
        [\r\n              \"TCP\"\r\n            ],\r\n            \"sourceAddresses\":
        [\r\n              \"10.1.25.0/24\"\r\n            ],\r\n            \"destinationAddresses\":
        [\r\n              \"*\"\r\n            ],\r\n            \"destinationPorts\":
        [\r\n              \"*\"\r\n            ]\r\n          }\r\n        ],\r\n
        \       \"name\": \"Example-Filter-Rule\",\r\n        \"priority\": 0\r\n
        \     }\r\n    ],\r\n    \"provisioningState\": \"Succeeded\"\r\n  },\r\n
        \ \"id\": \"/subscriptions/00000000-0000-0000-0000-000000000000/resourceGroups/rgname/providers/Microsoft.Network/firewallPolicies/myFirewallPolicy/ruleGroups/myRuleGroup\",\r\n
        \ \"name\": \"myRuleGroup\",\r\n  \"type\": \"Microsoft.Network/FirewallPolicies/RuleGroups\",\r\n
        \ \"etag\": \"8c300e90-2a70-4986-af7b-5a854dbebd90\",\r\n  \"location\": \"westus\"\r\n}"
    headers:
      cache-control:
      - no-cache
      content-length:
      - '1161'
      content-type:
      - application/json; charset=utf-8
      date:
      - Wed, 25 Nov 2020 10:31:02 GMT
      expires:
      - '-1'
      pragma:
      - no-cache
      server:
      - Microsoft-HTTPAPI/2.0
      strict-transport-security:
      - max-age=31536000; includeSubDomains
      transfer-encoding:
      - chunked
      vary:
      - Accept-Encoding
      x-content-type-options:
      - nosniff
    status:
      code: 200
      message: OK
- request:
    body: null
    headers:
      Accept:
      - application/json
      Accept-Encoding:
      - gzip, deflate
      Connection:
      - keep-alive
      User-Agent:
      - azsdk-python-azure-mgmt-network/17.0.0 Python/3.7.3 (Windows-10-10.0.19041-SP0)
    method: GET
    uri: https://management.azure.com/subscriptions/00000000-0000-0000-0000-000000000000/resourceGroups/rgname/providers/Microsoft.Network/firewallPolicies/myFirewallPolicy?api-version=2020-07-01
  response:
    body:
      string: "{\r\n  \"properties\": {\r\n    \"sku\": {\r\n      \"tier\": \"Standard\"\r\n
        \   },\r\n    \"threatIntelMode\": \"Alert\",\r\n    \"childPolicies\": [],\r\n
        \   \"ruleCollectionGroups\": [\r\n      {\r\n        \"id\": \"/subscriptions/00000000-0000-0000-0000-000000000000/resourceGroups/rgname/providers/Microsoft.Network/firewallpolicies/myFirewallPolicy/ruleCollectionGroups/myRuleGroup\"\r\n
        \     }\r\n    ],\r\n    \"firewalls\": [],\r\n    \"provisioningState\":
        \"Succeeded\"\r\n  },\r\n  \"id\": \"/subscriptions/00000000-0000-0000-0000-000000000000/resourceGroups/rgname/providers/Microsoft.Network/firewallPolicies/myFirewallPolicy\",\r\n
        \ \"name\": \"myFirewallPolicy\",\r\n  \"type\": \"Microsoft.Network/FirewallPolicies\",\r\n
        \ \"etag\": \"092884aa-040b-42f4-a59c-619a0a16c931\",\r\n  \"location\": \"westus\",\r\n
        \ \"tags\": {\r\n    \"key1\": \"value1\"\r\n  }\r\n}"
    headers:
      cache-control:
      - no-cache
      content-length:
      - '921'
      content-type:
      - application/json; charset=utf-8
      date:
      - Wed, 25 Nov 2020 10:31:03 GMT
      expires:
      - '-1'
      pragma:
      - no-cache
      server:
      - Microsoft-HTTPAPI/2.0
      strict-transport-security:
      - max-age=31536000; includeSubDomains
      transfer-encoding:
      - chunked
      vary:
      - Accept-Encoding
      x-content-type-options:
      - nosniff
    status:
      code: 200
      message: OK
- request:
    body: null
    headers:
      Accept:
      - application/json
      Accept-Encoding:
      - gzip, deflate
      Connection:
      - keep-alive
      Content-Length:
      - '0'
      User-Agent:
      - azsdk-python-azure-mgmt-network/17.0.0 Python/3.7.3 (Windows-10-10.0.19041-SP0)
    method: DELETE
    uri: https://management.azure.com/subscriptions/00000000-0000-0000-0000-000000000000/resourceGroups/rgname/providers/Microsoft.Network/firewallPolicies/myFirewallPolicy/ruleGroups/myRuleGroup?api-version=2020-04-01
  response:
    body:
      string: "{\r\n  \"properties\": {\r\n    \"priority\": 110,\r\n    \"rules\":
        [\r\n      {\r\n        \"ruleType\": \"FirewallPolicyFilterRule\",\r\n        \"action\":
        {\r\n          \"type\": \"Deny\"\r\n        },\r\n        \"ruleConditions\":
        [\r\n          {\r\n            \"ruleConditionType\": \"NetworkRuleCondition\",\r\n
        \           \"name\": \"network-condition1\",\r\n            \"ipProtocols\":
        [\r\n              \"TCP\"\r\n            ],\r\n            \"sourceAddresses\":
        [\r\n              \"10.1.25.0/24\"\r\n            ],\r\n            \"destinationAddresses\":
        [\r\n              \"*\"\r\n            ],\r\n            \"destinationPorts\":
        [\r\n              \"*\"\r\n            ]\r\n          }\r\n        ],\r\n
        \       \"name\": \"Example-Filter-Rule\",\r\n        \"priority\": 0\r\n
        \     }\r\n    ],\r\n    \"provisioningState\": \"Deleting\"\r\n  },\r\n  \"id\":
        \"/subscriptions/00000000-0000-0000-0000-000000000000/resourceGroups/rgname/providers/Microsoft.Network/firewallPolicies/myFirewallPolicy/ruleGroups/myRuleGroup\",\r\n
        \ \"name\": \"myRuleGroup\",\r\n  \"type\": \"Microsoft.Network/FirewallPolicies/RuleGroups\",\r\n
        \ \"etag\": \"8c300e90-2a70-4986-af7b-5a854dbebd90\",\r\n  \"location\": \"westus\"\r\n}"
    headers:
      azure-asyncoperation:
      - https://management.azure.com/subscriptions/00000000-0000-0000-0000-000000000000/providers/Microsoft.Network/locations/westus/nfvOperations/a3a065fb-2859-40c6-bd34-012b87db1c6a?api-version=2020-04-01
      cache-control:
      - no-cache
      content-length:
      - '1160'
      content-type:
      - application/json; charset=utf-8
      date:
      - Wed, 25 Nov 2020 10:31:04 GMT
      expires:
      - '-1'
      location:
      - https://management.azure.com/subscriptions/00000000-0000-0000-0000-000000000000/providers/Microsoft.Network/locations/westus/nfvOperationResults/a3a065fb-2859-40c6-bd34-012b87db1c6a?api-version=2020-04-01
      pragma:
      - no-cache
      server:
      - Microsoft-HTTPAPI/2.0
      strict-transport-security:
      - max-age=31536000; includeSubDomains
      x-content-type-options:
      - nosniff
      x-ms-ratelimit-remaining-subscription-deletes:
      - '14997'
    status:
      code: 202
      message: Accepted
- request:
    body: null
    headers:
      Accept:
      - '*/*'
      Accept-Encoding:
      - gzip, deflate
      Connection:
      - keep-alive
      User-Agent:
      - azsdk-python-azure-mgmt-network/17.0.0 Python/3.7.3 (Windows-10-10.0.19041-SP0)
    method: GET
    uri: https://management.azure.com/subscriptions/00000000-0000-0000-0000-000000000000/providers/Microsoft.Network/locations/westus/nfvOperations/a3a065fb-2859-40c6-bd34-012b87db1c6a?api-version=2020-04-01
  response:
    body:
      string: "{\r\n  \"status\": \"Succeeded\"\r\n}"
    headers:
      cache-control:
      - no-cache
      content-length:
      - '29'
      content-type:
      - application/json; charset=utf-8
      date:
      - Wed, 25 Nov 2020 10:31:14 GMT
      expires:
      - '-1'
      pragma:
      - no-cache
      server:
      - Microsoft-HTTPAPI/2.0
      strict-transport-security:
      - max-age=31536000; includeSubDomains
      transfer-encoding:
      - chunked
      vary:
      - Accept-Encoding
      x-content-type-options:
      - nosniff
    status:
      code: 200
      message: OK
- request:
    body: null
    headers:
      Accept:
      - application/json
      Accept-Encoding:
      - gzip, deflate
      Connection:
      - keep-alive
      Content-Length:
      - '0'
      User-Agent:
      - azsdk-python-azure-mgmt-network/17.0.0 Python/3.7.3 (Windows-10-10.0.19041-SP0)
    method: DELETE
    uri: https://management.azure.com/subscriptions/00000000-0000-0000-0000-000000000000/resourceGroups/rgname/providers/Microsoft.Network/firewallPolicies/myFirewallPolicy?api-version=2020-07-01
  response:
    body:
      string: ''
    headers:
      cache-control:
      - no-cache
      content-length:
      - '0'
      date:
      - Wed, 25 Nov 2020 10:31:17 GMT
      expires:
      - '-1'
      pragma:
      - no-cache
      server:
      - Microsoft-HTTPAPI/2.0
      strict-transport-security:
      - max-age=31536000; includeSubDomains
      x-content-type-options:
      - nosniff
      x-ms-ratelimit-remaining-subscription-deletes:
      - '14996'
    status:
      code: 200
      message: OK
version: 1
