{
  "Entries": [
    {
      "RequestUri": "https://login.microsoftonline.com/00000000-0000-0000-0000-000000000000/v2.0/.well-known/openid-configuration",
      "RequestMethod": "GET",
      "RequestHeaders": {
        "Accept": "*/*",
        "Accept-Encoding": "gzip, deflate",
        "Connection": "keep-alive",
        "User-Agent": "azsdk-python-identity/1.14.0b3 Python/3.8.17 (Linux-5.15.0-1041-azure-x86_64-with-glibc2.2.5) VSTS_0fb41ef4-5012-48a9-bf39-4ee3de03ee35_build_2384_0"
      },
      "RequestBody": null,
      "StatusCode": 200,
      "ResponseHeaders": {
        "Access-Control-Allow-Methods": "GET, OPTIONS",
        "Access-Control-Allow-Origin": "*",
        "Cache-Control": "max-age=86400, private",
        "Content-Length": "1753",
        "Content-Type": "application/json; charset=utf-8",
        "Date": "Thu, 20 Jul 2023 07:20:24 GMT",
        "P3P": "CP=\u0022DSP CUR OTPi IND OTRi ONL FIN\u0022",
        "Set-Cookie": "[set-cookie;]",
        "Strict-Transport-Security": "max-age=31536000; includeSubDomains",
        "X-Content-Type-Options": "nosniff",
        "x-ms-ests-server": "2.1.15868.4 - SCUS ProdSlices",
        "X-XSS-Protection": "0"
      },
      "ResponseBody": {
        "token_endpoint": "https://login.microsoftonline.com/00000000-0000-0000-0000-000000000000/oauth2/v2.0/token",
        "token_endpoint_auth_methods_supported": [
          "client_secret_post",
          "private_key_jwt",
          "client_secret_basic"
        ],
        "jwks_uri": "https://login.microsoftonline.com/00000000-0000-0000-0000-000000000000/discovery/v2.0/keys",
        "response_modes_supported": [
          "query",
          "fragment",
          "form_post"
        ],
        "subject_types_supported": [
          "pairwise"
        ],
        "id_token_signing_alg_values_supported": [
          "RS256"
        ],
        "response_types_supported": [
          "code",
          "id_token",
          "code id_token",
          "id_token token"
        ],
        "scopes_supported": [
          "openid",
          "profile",
          "email",
          "offline_access"
        ],
        "issuer": "https://login.microsoftonline.com/00000000-0000-0000-0000-000000000000/v2.0",
        "request_uri_parameter_supported": false,
        "userinfo_endpoint": "https://graph.microsoft.com/oidc/userinfo",
        "authorization_endpoint": "https://login.microsoftonline.com/00000000-0000-0000-0000-000000000000/oauth2/v2.0/authorize",
        "device_authorization_endpoint": "https://login.microsoftonline.com/00000000-0000-0000-0000-000000000000/oauth2/v2.0/devicecode",
        "http_logout_supported": true,
        "frontchannel_logout_supported": true,
        "end_session_endpoint": "https://login.microsoftonline.com/00000000-0000-0000-0000-000000000000/oauth2/v2.0/logout",
        "claims_supported": [
          "sub",
          "iss",
          "cloud_instance_name",
          "cloud_instance_host_name",
          "cloud_graph_host_name",
          "msgraph_host",
          "aud",
          "exp",
          "iat",
          "auth_time",
          "acr",
          "nonce",
          "preferred_username",
          "name",
          "tid",
          "ver",
          "at_hash",
          "c_hash",
          "email"
        ],
        "kerberos_endpoint": "https://login.microsoftonline.com/00000000-0000-0000-0000-000000000000/kerberos",
        "tenant_region_scope": "WW",
        "cloud_instance_name": "microsoftonline.com",
        "cloud_graph_host_name": "graph.windows.net",
        "msgraph_host": "graph.microsoft.com",
        "rbac_url": "https://pas.windows.net"
      }
    },
    {
      "RequestUri": "https://login.microsoftonline.com/common/discovery/instance?api-version=1.1\u0026authorization_endpoint=https://login.microsoftonline.com/common/oauth2/authorize",
      "RequestMethod": "GET",
      "RequestHeaders": {
        "Accept": "application/json",
        "Accept-Encoding": "gzip, deflate",
        "Connection": "keep-alive",
        "Cookie": "cookie;",
        "User-Agent": "azsdk-python-identity/1.14.0b3 Python/3.8.17 (Linux-5.15.0-1041-azure-x86_64-with-glibc2.2.5) VSTS_0fb41ef4-5012-48a9-bf39-4ee3de03ee35_build_2384_0"
      },
      "RequestBody": null,
      "StatusCode": 200,
      "ResponseHeaders": {
        "Access-Control-Allow-Methods": "GET, OPTIONS",
        "Access-Control-Allow-Origin": "*",
        "Cache-Control": "max-age=86400, private",
        "Content-Length": "945",
        "Content-Type": "application/json; charset=utf-8",
        "Date": "Thu, 20 Jul 2023 07:20:24 GMT",
        "P3P": "CP=\u0022DSP CUR OTPi IND OTRi ONL FIN\u0022",
        "Set-Cookie": "[set-cookie;]",
        "Strict-Transport-Security": "max-age=31536000; includeSubDomains",
        "X-Content-Type-Options": "nosniff",
        "x-ms-ests-server": "2.1.15868.4 - EUS ProdSlices",
        "X-XSS-Protection": "0"
      },
      "ResponseBody": {
        "tenant_discovery_endpoint": "https://login.microsoftonline.com/common/.well-known/openid-configuration",
        "api-version": "1.1",
        "metadata": [
          {
            "preferred_network": "login.microsoftonline.com",
            "preferred_cache": "login.windows.net",
            "aliases": [
              "login.microsoftonline.com",
              "login.windows.net",
              "login.microsoft.com",
              "sts.windows.net"
            ]
          },
          {
            "preferred_network": "login.partner.microsoftonline.cn",
            "preferred_cache": "login.partner.microsoftonline.cn",
            "aliases": [
              "login.partner.microsoftonline.cn",
              "login.chinacloudapi.cn"
            ]
          },
          {
            "preferred_network": "login.microsoftonline.de",
            "preferred_cache": "login.microsoftonline.de",
            "aliases": [
              "login.microsoftonline.de"
            ]
          },
          {
            "preferred_network": "login.microsoftonline.us",
            "preferred_cache": "login.microsoftonline.us",
            "aliases": [
              "login.microsoftonline.us",
              "login.usgovcloudapi.net"
            ]
          },
          {
            "preferred_network": "login-us.microsoftonline.com",
            "preferred_cache": "login-us.microsoftonline.com",
            "aliases": [
              "login-us.microsoftonline.com"
            ]
          }
        ]
      }
    },
    {
      "RequestUri": "https://login.microsoftonline.com/00000000-0000-0000-0000-000000000000/oauth2/v2.0/token",
      "RequestMethod": "POST",
      "RequestHeaders": {
        "Accept": "application/json",
        "Accept-Encoding": "gzip, deflate",
        "client-request-id": "64f02efb-91cc-4f03-8b47-87e5e03bda57",
        "Connection": "keep-alive",
        "Content-Length": "288",
        "Content-Type": "application/x-www-form-urlencoded",
        "Cookie": "cookie;",
        "User-Agent": "azsdk-python-identity/1.14.0b3 Python/3.8.17 (Linux-5.15.0-1041-azure-x86_64-with-glibc2.2.5) VSTS_0fb41ef4-5012-48a9-bf39-4ee3de03ee35_build_2384_0",
        "x-client-cpu": "x64",
        "x-client-current-telemetry": "4|730,0|",
        "x-client-last-telemetry": "4|0|||",
        "x-client-os": "linux",
        "x-client-sku": "MSAL.Python",
        "x-client-ver": "1.22.0",
        "x-ms-lib-capability": "retry-after, h429"
      },
      "RequestBody": "client_id=00000000-0000-0000-0000-000000000000\u0026grant_type=client_credentials\u0026client_info=1\u0026client_secret=00000000-0000-0000-0000-000000000000\u0026claims=%7B%22access_token%22%3A\u002B%7B%22xms_cc%22%3A\u002B%7B%22values%22%3A\u002B%5B%22CP1%22%5D%7D%7D%7D\u0026scope=https%3A%2F%2Fmanagement.azure.com%2F.default",
      "StatusCode": 200,
      "ResponseHeaders": {
        "Cache-Control": "no-store, no-cache",
        "client-request-id": "64f02efb-91cc-4f03-8b47-87e5e03bda57",
        "Content-Length": "114",
        "Content-Type": "application/json; charset=utf-8",
        "Date": "Thu, 20 Jul 2023 07:20:24 GMT",
        "Expires": "-1",
        "P3P": "CP=\u0022DSP CUR OTPi IND OTRi ONL FIN\u0022",
        "Pragma": "no-cache",
        "Set-Cookie": "[set-cookie;]",
        "Strict-Transport-Security": "max-age=31536000; includeSubDomains",
        "X-Content-Type-Options": "nosniff",
        "x-ms-clitelem": "1,0,0,,",
        "x-ms-ests-server": "2.1.15868.4 - NCUS ProdSlices",
        "X-XSS-Protection": "0"
      },
      "ResponseBody": {
        "token_type": "Bearer",
        "expires_in": 86399,
        "ext_expires_in": 86399,
        "refresh_in": 43199,
        "access_token": "access_token"
      }
    },
    {
      "RequestUri": "https://management.azure.com/subscriptions/00000000-0000-0000-0000-000000000000/resourceGroups/rgname/providers/Microsoft.Network/serviceEndpointPolicies/myServiceEndpointPolicy?api-version=2023-02-01",
      "RequestMethod": "PUT",
      "RequestHeaders": {
        "Accept": "application/json",
        "Accept-Encoding": "gzip, deflate",
        "Connection": "keep-alive",
        "Content-Length": "22",
        "Content-Type": "application/json",
        "User-Agent": "azsdk-python-mgmt-network/0.0.0 Python/3.8.17 (Linux-5.15.0-1041-azure-x86_64-with-glibc2.2.5) VSTS_0fb41ef4-5012-48a9-bf39-4ee3de03ee35_build_2384_0"
      },
      "RequestBody": {
        "location": "eastus"
      },
      "StatusCode": 201,
      "ResponseHeaders": {
        "Azure-AsyncNotification": "Enabled",
        "Azure-AsyncOperation": "https://management.azure.com/subscriptions/00000000-0000-0000-0000-000000000000/providers/Microsoft.Network/locations/eastus/operations/f63a7072-8adb-48fd-8166-61bf5ab6a937?api-version=2023-02-01",
        "Cache-Control": "no-cache",
        "Content-Length": "452",
        "Content-Type": "application/json; charset=utf-8",
        "Date": "Thu, 20 Jul 2023 07:20:24 GMT",
        "Expires": "-1",
        "Pragma": "no-cache",
        "Retry-After": "10",
        "Server": [
          "Microsoft-HTTPAPI/2.0",
          "Microsoft-HTTPAPI/2.0"
        ],
        "Strict-Transport-Security": "max-age=31536000; includeSubDomains",
        "X-Content-Type-Options": "nosniff",
        "x-ms-arm-service-request-id": "369d70a0-5fcc-4a7f-83a2-7ce80e3f14ae",
        "x-ms-correlation-request-id": "aee9dae2-6211-418e-886c-0ffe3186b8a9",
        "x-ms-ratelimit-remaining-subscription-writes": "1191",
        "x-ms-routing-request-id": "NORTHCENTRALUS:20230720T072025Z:aee9dae2-6211-418e-886c-0ffe3186b8a9"
      },
      "ResponseBody": {
        "name": "myServiceEndpointPolicy",
        "id": "/subscriptions/00000000-0000-0000-0000-000000000000/resourceGroups/rgname/providers/Microsoft.Network/serviceEndpointPolicies/myServiceEndpointPolicy",
        "etag": "W/\u00228e94c48b-c509-482d-b24e-b4b03661476b\u0022",
        "type": "Microsoft.Network/serviceEndpointPolicies",
        "location": "eastus",
        "properties": {
          "provisioningState": "Updating",
          "resourceGuid": "c337fe5f-d8a0-40c6-8d41-4fe00432f34e",
          "serviceEndpointPolicyDefinitions": []
        }
      }
    },
    {
      "RequestUri": "https://management.azure.com/subscriptions/00000000-0000-0000-0000-000000000000/providers/Microsoft.Network/locations/eastus/operations/f63a7072-8adb-48fd-8166-61bf5ab6a937?api-version=2023-02-01",
      "RequestMethod": "GET",
      "RequestHeaders": {
        "Accept": "*/*",
        "Accept-Encoding": "gzip, deflate",
        "Connection": "keep-alive",
        "User-Agent": "azsdk-python-mgmt-network/0.0.0 Python/3.8.17 (Linux-5.15.0-1041-azure-x86_64-with-glibc2.2.5) VSTS_0fb41ef4-5012-48a9-bf39-4ee3de03ee35_build_2384_0"
      },
      "RequestBody": null,
      "StatusCode": 200,
      "ResponseHeaders": {
        "Cache-Control": "no-cache",
        "Content-Encoding": "gzip",
        "Content-Type": "application/json; charset=utf-8",
        "Date": "Thu, 20 Jul 2023 07:20:24 GMT",
        "Expires": "-1",
        "Pragma": "no-cache",
        "Server": [
          "Microsoft-HTTPAPI/2.0",
          "Microsoft-HTTPAPI/2.0"
        ],
        "Strict-Transport-Security": "max-age=31536000; includeSubDomains",
        "Transfer-Encoding": "chunked",
        "Vary": "Accept-Encoding",
        "X-Content-Type-Options": "nosniff",
        "x-ms-arm-service-request-id": "ab2eb010-0632-4121-b204-c24bbc1eb83d",
        "x-ms-correlation-request-id": "39076547-e458-4e53-aa94-933f1c5e54d3",
        "x-ms-ratelimit-remaining-subscription-reads": "11960",
        "x-ms-routing-request-id": "NORTHCENTRALUS:20230720T072025Z:39076547-e458-4e53-aa94-933f1c5e54d3"
      },
      "ResponseBody": {
        "status": "Succeeded"
      }
    },
    {
      "RequestUri": "https://management.azure.com/subscriptions/00000000-0000-0000-0000-000000000000/resourceGroups/rgname/providers/Microsoft.Network/serviceEndpointPolicies/myServiceEndpointPolicy?api-version=2023-02-01",
      "RequestMethod": "GET",
      "RequestHeaders": {
        "Accept": "*/*",
        "Accept-Encoding": "gzip, deflate",
        "Connection": "keep-alive",
        "User-Agent": "azsdk-python-mgmt-network/0.0.0 Python/3.8.17 (Linux-5.15.0-1041-azure-x86_64-with-glibc2.2.5) VSTS_0fb41ef4-5012-48a9-bf39-4ee3de03ee35_build_2384_0"
      },
      "RequestBody": null,
      "StatusCode": 200,
      "ResponseHeaders": {
        "Cache-Control": "no-cache",
        "Content-Encoding": "gzip",
        "Content-Type": "application/json; charset=utf-8",
        "Date": "Thu, 20 Jul 2023 07:20:24 GMT",
        "ETag": "W/\u0022c7f12b8b-245a-4dd7-bce0-693c49b337fd\u0022",
        "Expires": "-1",
        "Pragma": "no-cache",
        "Server": [
          "Microsoft-HTTPAPI/2.0",
          "Microsoft-HTTPAPI/2.0"
        ],
        "Strict-Transport-Security": "max-age=31536000; includeSubDomains",
        "Transfer-Encoding": "chunked",
        "Vary": "Accept-Encoding",
        "X-Content-Type-Options": "nosniff",
        "x-ms-arm-service-request-id": "2fd27732-8237-4a66-bcdb-10aa86629c09",
        "x-ms-correlation-request-id": "c0c2bc3a-dd6b-40a8-8cf7-a02129106333",
        "x-ms-ratelimit-remaining-subscription-reads": "11959",
        "x-ms-routing-request-id": "NORTHCENTRALUS:20230720T072025Z:c0c2bc3a-dd6b-40a8-8cf7-a02129106333"
      },
      "ResponseBody": {
        "name": "myServiceEndpointPolicy",
        "id": "/subscriptions/00000000-0000-0000-0000-000000000000/resourceGroups/rgname/providers/Microsoft.Network/serviceEndpointPolicies/myServiceEndpointPolicy",
        "etag": "W/\u0022c7f12b8b-245a-4dd7-bce0-693c49b337fd\u0022",
        "type": "Microsoft.Network/serviceEndpointPolicies",
        "location": "eastus",
        "properties": {
          "provisioningState": "Succeeded",
          "resourceGuid": "c337fe5f-d8a0-40c6-8d41-4fe00432f34e",
          "serviceEndpointPolicyDefinitions": []
        }
      }
    },
    {
      "RequestUri": "https://management.azure.com/subscriptions/00000000-0000-0000-0000-000000000000/resourceGroups/rgname/providers/Microsoft.Network/serviceEndpointPolicies/myServiceEndpointPolicy/serviceEndpointPolicyDefinitions/myServiceEndpointPolicyDefinition?api-version=2023-02-01",
      "RequestMethod": "PUT",
      "RequestHeaders": {
        "Accept": "application/json",
        "Accept-Encoding": "gzip, deflate",
        "Connection": "keep-alive",
        "Content-Length": "207",
        "Content-Type": "application/json",
        "User-Agent": "azsdk-python-mgmt-network/0.0.0 Python/3.8.17 (Linux-5.15.0-1041-azure-x86_64-with-glibc2.2.5) VSTS_0fb41ef4-5012-48a9-bf39-4ee3de03ee35_build_2384_0"
      },
      "RequestBody": {
        "properties": {
          "description": "Storage Service EndpointPolicy Definition",
          "service": "Microsoft.Storage",
          "serviceResources": [
            "/subscriptions/00000000-0000-0000-0000-000000000000/resourceGroups/rgname"
          ]
        }
      },
      "StatusCode": 201,
      "ResponseHeaders": {
        "Azure-AsyncNotification": "Enabled",
        "Azure-AsyncOperation": "https://management.azure.com/subscriptions/00000000-0000-0000-0000-000000000000/providers/Microsoft.Network/locations/eastus/operations/93b68e29-7461-4ede-89ac-180d850031e9?api-version=2023-02-01",
        "Cache-Control": "no-cache",
        "Content-Length": "635",
        "Content-Type": "application/json; charset=utf-8",
        "Date": "Thu, 20 Jul 2023 07:20:26 GMT",
        "Expires": "-1",
        "Pragma": "no-cache",
        "Retry-After": "10",
        "Server": [
          "Microsoft-HTTPAPI/2.0",
          "Microsoft-HTTPAPI/2.0"
        ],
        "Strict-Transport-Security": "max-age=31536000; includeSubDomains",
        "X-Content-Type-Options": "nosniff",
        "x-ms-arm-service-request-id": "feb0d1c1-0ff6-4cde-8184-0fccb3f6237c",
        "x-ms-correlation-request-id": "ccd18a1f-ae11-4d85-ac45-e70d638d689b",
        "x-ms-ratelimit-remaining-subscription-writes": "1190",
        "x-ms-routing-request-id": "NORTHCENTRALUS:20230720T072026Z:ccd18a1f-ae11-4d85-ac45-e70d638d689b"
      },
      "ResponseBody": {
        "name": "myServiceEndpointPolicyDefinition",
        "id": "/subscriptions/00000000-0000-0000-0000-000000000000/resourceGroups/rgname/providers/Microsoft.Network/serviceEndpointPolicies/myServiceEndpointPolicy/serviceEndpointPolicyDefinitions/myServiceEndpointPolicyDefinition",
        "etag": "W/\u0022c1a20576-b16d-4670-a677-1e502cfecb77\u0022",
        "properties": {
          "provisioningState": "Updating",
          "service": "Microsoft.Storage",
          "description": "Storage Service EndpointPolicy Definition",
          "serviceResources": [
            "/subscriptions/00000000-0000-0000-0000-000000000000/resourceGroups/rgname"
          ]
        },
        "type": "Microsoft.Network/serviceEndpointPolicies/serviceEndpointPolicyDefinitions"
      }
    },
    {
      "RequestUri": "https://management.azure.com/subscriptions/00000000-0000-0000-0000-000000000000/providers/Microsoft.Network/locations/eastus/operations/93b68e29-7461-4ede-89ac-180d850031e9?api-version=2023-02-01",
      "RequestMethod": "GET",
      "RequestHeaders": {
        "Accept": "*/*",
        "Accept-Encoding": "gzip, deflate",
        "Connection": "keep-alive",
        "User-Agent": "azsdk-python-mgmt-network/0.0.0 Python/3.8.17 (Linux-5.15.0-1041-azure-x86_64-with-glibc2.2.5) VSTS_0fb41ef4-5012-48a9-bf39-4ee3de03ee35_build_2384_0"
      },
      "RequestBody": null,
      "StatusCode": 200,
      "ResponseHeaders": {
        "Cache-Control": "no-cache",
        "Content-Encoding": "gzip",
        "Content-Type": "application/json; charset=utf-8",
        "Date": "Thu, 20 Jul 2023 07:20:26 GMT",
        "Expires": "-1",
        "Pragma": "no-cache",
        "Server": [
          "Microsoft-HTTPAPI/2.0",
          "Microsoft-HTTPAPI/2.0"
        ],
        "Strict-Transport-Security": "max-age=31536000; includeSubDomains",
        "Transfer-Encoding": "chunked",
        "Vary": "Accept-Encoding",
        "X-Content-Type-Options": "nosniff",
        "x-ms-arm-service-request-id": "a41cbdf7-0a85-4035-9dfc-23e393b235ec",
        "x-ms-correlation-request-id": "132dc184-189d-4394-b2fd-385dcf198f64",
        "x-ms-ratelimit-remaining-subscription-reads": "11958",
        "x-ms-routing-request-id": "NORTHCENTRALUS:20230720T072026Z:132dc184-189d-4394-b2fd-385dcf198f64"
      },
      "ResponseBody": {
        "status": "Succeeded"
      }
    },
    {
      "RequestUri": "https://management.azure.com/subscriptions/00000000-0000-0000-0000-000000000000/resourceGroups/rgname/providers/Microsoft.Network/serviceEndpointPolicies/myServiceEndpointPolicy/serviceEndpointPolicyDefinitions/myServiceEndpointPolicyDefinition?api-version=2023-02-01",
      "RequestMethod": "GET",
      "RequestHeaders": {
        "Accept": "*/*",
        "Accept-Encoding": "gzip, deflate",
        "Connection": "keep-alive",
        "User-Agent": "azsdk-python-mgmt-network/0.0.0 Python/3.8.17 (Linux-5.15.0-1041-azure-x86_64-with-glibc2.2.5) VSTS_0fb41ef4-5012-48a9-bf39-4ee3de03ee35_build_2384_0"
      },
      "RequestBody": null,
      "StatusCode": 200,
      "ResponseHeaders": {
        "Cache-Control": "no-cache",
        "Content-Encoding": "gzip",
        "Content-Type": "application/json; charset=utf-8",
        "Date": "Thu, 20 Jul 2023 07:20:26 GMT",
        "ETag": "W/\u0022f469063d-bd2c-4d36-bb15-420dc5a8fb95\u0022",
        "Expires": "-1",
        "Pragma": "no-cache",
        "Server": [
          "Microsoft-HTTPAPI/2.0",
          "Microsoft-HTTPAPI/2.0"
        ],
        "Strict-Transport-Security": "max-age=31536000; includeSubDomains",
        "Transfer-Encoding": "chunked",
        "Vary": "Accept-Encoding",
        "X-Content-Type-Options": "nosniff",
        "x-ms-arm-service-request-id": "50e03372-2ac9-403d-a92d-81828e76f7f5",
        "x-ms-correlation-request-id": "bc9f6c04-82d6-4bfb-850e-1f8109a61a64",
        "x-ms-ratelimit-remaining-subscription-reads": "11957",
        "x-ms-routing-request-id": "NORTHCENTRALUS:20230720T072026Z:bc9f6c04-82d6-4bfb-850e-1f8109a61a64"
      },
      "ResponseBody": {
        "name": "myServiceEndpointPolicyDefinition",
        "id": "/subscriptions/00000000-0000-0000-0000-000000000000/resourceGroups/rgname/providers/Microsoft.Network/serviceEndpointPolicies/myServiceEndpointPolicy/serviceEndpointPolicyDefinitions/myServiceEndpointPolicyDefinition",
        "etag": "W/\u0022f469063d-bd2c-4d36-bb15-420dc5a8fb95\u0022",
        "properties": {
          "provisioningState": "Succeeded",
          "service": "Microsoft.Storage",
          "description": "Storage Service EndpointPolicy Definition",
          "serviceResources": [
            "/subscriptions/00000000-0000-0000-0000-000000000000/resourceGroups/rgname"
          ]
        },
        "type": "Microsoft.Network/serviceEndpointPolicies/serviceEndpointPolicyDefinitions"
      }
    },
    {
      "RequestUri": "https://management.azure.com/subscriptions/00000000-0000-0000-0000-000000000000/resourceGroups/rgname/providers/Microsoft.Network/serviceEndpointPolicies/myServiceEndpointPolicy/serviceEndpointPolicyDefinitions/myServiceEndpointPolicyDefinition?api-version=2023-02-01",
      "RequestMethod": "GET",
      "RequestHeaders": {
        "Accept": "application/json",
        "Accept-Encoding": "gzip, deflate",
        "Connection": "keep-alive",
        "User-Agent": "azsdk-python-mgmt-network/0.0.0 Python/3.8.17 (Linux-5.15.0-1041-azure-x86_64-with-glibc2.2.5) VSTS_0fb41ef4-5012-48a9-bf39-4ee3de03ee35_build_2384_0"
      },
      "RequestBody": null,
      "StatusCode": 200,
      "ResponseHeaders": {
        "Cache-Control": "no-cache",
        "Content-Encoding": "gzip",
        "Content-Type": "application/json; charset=utf-8",
        "Date": "Thu, 20 Jul 2023 07:20:26 GMT",
        "ETag": "W/\u0022f469063d-bd2c-4d36-bb15-420dc5a8fb95\u0022",
        "Expires": "-1",
        "Pragma": "no-cache",
        "Server": [
          "Microsoft-HTTPAPI/2.0",
          "Microsoft-HTTPAPI/2.0"
        ],
        "Strict-Transport-Security": "max-age=31536000; includeSubDomains",
        "Transfer-Encoding": "chunked",
        "Vary": "Accept-Encoding",
        "X-Content-Type-Options": "nosniff",
        "x-ms-arm-service-request-id": "98c0385b-e342-4586-878f-7bf3af3f7811",
        "x-ms-correlation-request-id": "39f58897-4663-4d0c-b9ec-7a6e7343599b",
        "x-ms-ratelimit-remaining-subscription-reads": "11956",
        "x-ms-routing-request-id": "NORTHCENTRALUS:20230720T072026Z:39f58897-4663-4d0c-b9ec-7a6e7343599b"
      },
      "ResponseBody": {
        "name": "myServiceEndpointPolicyDefinition",
        "id": "/subscriptions/00000000-0000-0000-0000-000000000000/resourceGroups/rgname/providers/Microsoft.Network/serviceEndpointPolicies/myServiceEndpointPolicy/serviceEndpointPolicyDefinitions/myServiceEndpointPolicyDefinition",
        "etag": "W/\u0022f469063d-bd2c-4d36-bb15-420dc5a8fb95\u0022",
        "properties": {
          "provisioningState": "Succeeded",
          "service": "Microsoft.Storage",
          "description": "Storage Service EndpointPolicy Definition",
          "serviceResources": [
            "/subscriptions/00000000-0000-0000-0000-000000000000/resourceGroups/rgname"
          ]
        },
        "type": "Microsoft.Network/serviceEndpointPolicies/serviceEndpointPolicyDefinitions"
      }
    },
    {
      "RequestUri": "https://management.azure.com/subscriptions/00000000-0000-0000-0000-000000000000/resourceGroups/rgname/providers/Microsoft.Network/serviceEndpointPolicies/myServiceEndpointPolicy?api-version=2023-02-01",
      "RequestMethod": "GET",
      "RequestHeaders": {
        "Accept": "application/json",
        "Accept-Encoding": "gzip, deflate",
        "Connection": "keep-alive",
        "User-Agent": "azsdk-python-mgmt-network/0.0.0 Python/3.8.17 (Linux-5.15.0-1041-azure-x86_64-with-glibc2.2.5) VSTS_0fb41ef4-5012-48a9-bf39-4ee3de03ee35_build_2384_0"
      },
      "RequestBody": null,
      "StatusCode": 200,
      "ResponseHeaders": {
        "Cache-Control": "no-cache",
        "Content-Encoding": "gzip",
        "Content-Type": "application/json; charset=utf-8",
        "Date": "Thu, 20 Jul 2023 07:20:26 GMT",
        "ETag": "W/\u0022f469063d-bd2c-4d36-bb15-420dc5a8fb95\u0022",
        "Expires": "-1",
        "Pragma": "no-cache",
        "Server": [
          "Microsoft-HTTPAPI/2.0",
          "Microsoft-HTTPAPI/2.0"
        ],
        "Strict-Transport-Security": "max-age=31536000; includeSubDomains",
        "Transfer-Encoding": "chunked",
        "Vary": "Accept-Encoding",
        "X-Content-Type-Options": "nosniff",
        "x-ms-arm-service-request-id": "1f717020-f11e-49b3-b6e3-d2940b663d60",
        "x-ms-correlation-request-id": "be1e2b54-e786-461b-946e-e4b56c77a9ed",
        "x-ms-ratelimit-remaining-subscription-reads": "11955",
        "x-ms-routing-request-id": "NORTHCENTRALUS:20230720T072026Z:be1e2b54-e786-461b-946e-e4b56c77a9ed"
      },
      "ResponseBody": {
        "name": "myServiceEndpointPolicy",
        "id": "/subscriptions/00000000-0000-0000-0000-000000000000/resourceGroups/rgname/providers/Microsoft.Network/serviceEndpointPolicies/myServiceEndpointPolicy",
        "etag": "W/\u0022f469063d-bd2c-4d36-bb15-420dc5a8fb95\u0022",
        "type": "Microsoft.Network/serviceEndpointPolicies",
        "location": "eastus",
        "properties": {
          "provisioningState": "Succeeded",
          "resourceGuid": "c337fe5f-d8a0-40c6-8d41-4fe00432f34e",
          "serviceEndpointPolicyDefinitions": [
            {
              "name": "myServiceEndpointPolicyDefinition",
              "id": "/subscriptions/00000000-0000-0000-0000-000000000000/resourceGroups/rgname/providers/Microsoft.Network/serviceEndpointPolicies/myServiceEndpointPolicy/serviceEndpointPolicyDefinitions/myServiceEndpointPolicyDefinition",
              "etag": "W/\u0022f469063d-bd2c-4d36-bb15-420dc5a8fb95\u0022",
              "properties": {
                "provisioningState": "Succeeded",
                "service": "Microsoft.Storage",
                "description": "Storage Service EndpointPolicy Definition",
                "serviceResources": [
                  "/subscriptions/00000000-0000-0000-0000-000000000000/resourceGroups/rgname"
                ]
              },
              "type": "Microsoft.Network/serviceEndpointPolicies/serviceEndpointPolicyDefinitions"
            }
          ]
        }
      }
    },
    {
      "RequestUri": "https://management.azure.com/subscriptions/00000000-0000-0000-0000-000000000000/resourceGroups/rgname/providers/Microsoft.Network/serviceEndpointPolicies/myServiceEndpointPolicy?api-version=2023-02-01",
      "RequestMethod": "PATCH",
      "RequestHeaders": {
        "Accept": "application/json",
        "Accept-Encoding": "gzip, deflate",
        "Connection": "keep-alive",
        "Content-Length": "46",
        "Content-Type": "application/json",
        "User-Agent": "azsdk-python-mgmt-network/0.0.0 Python/3.8.17 (Linux-5.15.0-1041-azure-x86_64-with-glibc2.2.5) VSTS_0fb41ef4-5012-48a9-bf39-4ee3de03ee35_build_2384_0"
      },
      "RequestBody": {
        "tags": {
          "tag1": "value1",
          "tag2": "value2"
        }
      },
      "StatusCode": 200,
      "ResponseHeaders": {
        "Azure-AsyncNotification": "Enabled",
        "Cache-Control": "no-cache",
        "Content-Encoding": "gzip",
        "Content-Type": "application/json; charset=utf-8",
        "Date": "Thu, 20 Jul 2023 07:20:26 GMT",
        "Expires": "-1",
        "Pragma": "no-cache",
        "Server": [
          "Microsoft-HTTPAPI/2.0",
          "Microsoft-HTTPAPI/2.0"
        ],
        "Strict-Transport-Security": "max-age=31536000; includeSubDomains",
        "Transfer-Encoding": "chunked",
        "Vary": "Accept-Encoding",
        "X-Content-Type-Options": "nosniff",
        "x-ms-arm-service-request-id": "9cdf0f6f-510f-4e89-99d1-d0736695dad0",
        "x-ms-correlation-request-id": "7a76544d-9a32-4b2c-97d6-32b743ce622a",
        "x-ms-ratelimit-remaining-subscription-writes": "1189",
        "x-ms-routing-request-id": "NORTHCENTRALUS:20230720T072026Z:7a76544d-9a32-4b2c-97d6-32b743ce622a"
      },
      "ResponseBody": {
        "name": "myServiceEndpointPolicy",
        "id": "/subscriptions/00000000-0000-0000-0000-000000000000/resourceGroups/rgname/providers/Microsoft.Network/serviceEndpointPolicies/myServiceEndpointPolicy",
        "etag": "W/\u00229d769540-4693-43f0-bc6b-69f707ee5aea\u0022",
        "type": "Microsoft.Network/serviceEndpointPolicies",
        "location": "eastus",
        "tags": {
          "tag1": "value1",
          "tag2": "value2"
        },
        "properties": {
          "provisioningState": "Succeeded",
          "resourceGuid": "c337fe5f-d8a0-40c6-8d41-4fe00432f34e",
          "serviceEndpointPolicyDefinitions": [
            {
              "name": "myServiceEndpointPolicyDefinition",
              "id": "/subscriptions/00000000-0000-0000-0000-000000000000/resourceGroups/rgname/providers/Microsoft.Network/serviceEndpointPolicies/myServiceEndpointPolicy/serviceEndpointPolicyDefinitions/myServiceEndpointPolicyDefinition",
              "etag": "W/\u00229d769540-4693-43f0-bc6b-69f707ee5aea\u0022",
              "properties": {
                "provisioningState": "Succeeded",
                "service": "Microsoft.Storage",
                "description": "Storage Service EndpointPolicy Definition",
                "serviceResources": [
                  "/subscriptions/00000000-0000-0000-0000-000000000000/resourceGroups/rgname"
                ]
              },
              "type": "Microsoft.Network/serviceEndpointPolicies/serviceEndpointPolicyDefinitions"
            }
          ]
        }
      }
    },
    {
      "RequestUri": "https://management.azure.com/subscriptions/00000000-0000-0000-0000-000000000000/resourceGroups/rgname/providers/Microsoft.Network/serviceEndpointPolicies/myServiceEndpointPolicy/serviceEndpointPolicyDefinitions/myServiceEndpointPolicyDefinition?api-version=2023-02-01",
      "RequestMethod": "DELETE",
      "RequestHeaders": {
        "Accept": "application/json",
        "Accept-Encoding": "gzip, deflate",
        "Connection": "keep-alive",
        "Content-Length": "0",
        "User-Agent": "azsdk-python-mgmt-network/0.0.0 Python/3.8.17 (Linux-5.15.0-1041-azure-x86_64-with-glibc2.2.5) VSTS_0fb41ef4-5012-48a9-bf39-4ee3de03ee35_build_2384_0"
      },
      "RequestBody": null,
      "StatusCode": 202,
      "ResponseHeaders": {
        "Azure-AsyncNotification": "Enabled",
        "Azure-AsyncOperation": "https://management.azure.com/subscriptions/00000000-0000-0000-0000-000000000000/providers/Microsoft.Network/locations/eastus/operations/2d9e0c6d-3c2c-42e2-a8ee-75476723499f?api-version=2023-02-01",
        "Cache-Control": "no-cache",
        "Content-Length": "0",
        "Date": "Thu, 20 Jul 2023 07:20:27 GMT",
        "Expires": "-1",
        "Location": "https://management.azure.com/subscriptions/00000000-0000-0000-0000-000000000000/providers/Microsoft.Network/locations/eastus/operationResults/2d9e0c6d-3c2c-42e2-a8ee-75476723499f?api-version=2023-02-01",
        "Pragma": "no-cache",
        "Retry-After": "10",
        "Server": [
          "Microsoft-HTTPAPI/2.0",
          "Microsoft-HTTPAPI/2.0"
        ],
        "Strict-Transport-Security": "max-age=31536000; includeSubDomains",
        "X-Content-Type-Options": "nosniff",
        "x-ms-arm-service-request-id": "c266fd5d-46c9-4e1b-a2a3-3844af2cb891",
        "x-ms-correlation-request-id": "bbbaa045-5fee-4279-8590-cb15d3521099",
        "x-ms-ratelimit-remaining-subscription-deletes": "14995",
        "x-ms-routing-request-id": "NORTHCENTRALUS:20230720T072027Z:bbbaa045-5fee-4279-8590-cb15d3521099"
      },
      "ResponseBody": null
    },
    {
      "RequestUri": "https://management.azure.com/subscriptions/00000000-0000-0000-0000-000000000000/providers/Microsoft.Network/locations/eastus/operations/2d9e0c6d-3c2c-42e2-a8ee-75476723499f?api-version=2023-02-01",
      "RequestMethod": "GET",
      "RequestHeaders": {
        "Accept": "*/*",
        "Accept-Encoding": "gzip, deflate",
        "Connection": "keep-alive",
        "User-Agent": "azsdk-python-mgmt-network/0.0.0 Python/3.8.17 (Linux-5.15.0-1041-azure-x86_64-with-glibc2.2.5) VSTS_0fb41ef4-5012-48a9-bf39-4ee3de03ee35_build_2384_0"
      },
      "RequestBody": null,
      "StatusCode": 200,
      "ResponseHeaders": {
        "Cache-Control": "no-cache",
        "Content-Encoding": "gzip",
        "Content-Type": "application/json; charset=utf-8",
        "Date": "Thu, 20 Jul 2023 07:20:27 GMT",
        "Expires": "-1",
        "Pragma": "no-cache",
        "Server": [
          "Microsoft-HTTPAPI/2.0",
          "Microsoft-HTTPAPI/2.0"
        ],
        "Strict-Transport-Security": "max-age=31536000; includeSubDomains",
        "Transfer-Encoding": "chunked",
        "Vary": "Accept-Encoding",
        "X-Content-Type-Options": "nosniff",
        "x-ms-arm-service-request-id": "3f6f29d8-f7f2-460f-b25b-279e8b2b2a05",
        "x-ms-correlation-request-id": "b38ff0a6-375b-4b24-98f9-99c60aa85898",
        "x-ms-ratelimit-remaining-subscription-reads": "11954",
        "x-ms-routing-request-id": "NORTHCENTRALUS:20230720T072027Z:b38ff0a6-375b-4b24-98f9-99c60aa85898"
      },
      "ResponseBody": {
        "status": "Succeeded"
      }
    },
    {
      "RequestUri": "https://management.azure.com/subscriptions/00000000-0000-0000-0000-000000000000/providers/Microsoft.Network/locations/eastus/operationResults/2d9e0c6d-3c2c-42e2-a8ee-75476723499f?api-version=2023-02-01",
      "RequestMethod": "GET",
      "RequestHeaders": {
        "Accept": "*/*",
        "Accept-Encoding": "gzip, deflate",
        "Connection": "keep-alive",
        "User-Agent": "azsdk-python-mgmt-network/0.0.0 Python/3.8.17 (Linux-5.15.0-1041-azure-x86_64-with-glibc2.2.5) VSTS_0fb41ef4-5012-48a9-bf39-4ee3de03ee35_build_2384_0"
      },
      "RequestBody": null,
      "StatusCode": 204,
      "ResponseHeaders": {
        "Azure-AsyncNotification": "Enabled",
        "Azure-AsyncOperation": "https://management.azure.com/subscriptions/00000000-0000-0000-0000-000000000000/providers/Microsoft.Network/locations/eastus/operations/2d9e0c6d-3c2c-42e2-a8ee-75476723499f?api-version=2023-02-01",
        "Cache-Control": "no-cache",
        "Content-Type": "application/json; charset=utf-8",
        "Date": "Thu, 20 Jul 2023 07:20:27 GMT",
        "Expires": "-1",
        "Location": "https://management.azure.com/subscriptions/00000000-0000-0000-0000-000000000000/providers/Microsoft.Network/locations/eastus/operationResults/2d9e0c6d-3c2c-42e2-a8ee-75476723499f?api-version=2023-02-01",
        "Pragma": "no-cache",
        "Server": [
          "Microsoft-HTTPAPI/2.0",
          "Microsoft-HTTPAPI/2.0"
        ],
        "Strict-Transport-Security": "max-age=31536000; includeSubDomains",
        "X-Content-Type-Options": "nosniff",
        "x-ms-arm-service-request-id": "c266fd5d-46c9-4e1b-a2a3-3844af2cb891",
        "x-ms-correlation-request-id": "bbbaa045-5fee-4279-8590-cb15d3521099",
        "x-ms-ratelimit-remaining-subscription-reads": "11953",
        "x-ms-routing-request-id": "NORTHCENTRALUS:20230720T072027Z:73a62348-4088-493a-8b25-a69b7471df64"
      },
      "ResponseBody": null
    },
    {
      "RequestUri": "https://management.azure.com/subscriptions/00000000-0000-0000-0000-000000000000/resourceGroups/rgname/providers/Microsoft.Network/serviceEndpointPolicies/myServiceEndpointPolicy?api-version=2023-02-01",
      "RequestMethod": "DELETE",
      "RequestHeaders": {
        "Accept": "application/json",
        "Accept-Encoding": "gzip, deflate",
        "Connection": "keep-alive",
        "Content-Length": "0",
        "User-Agent": "azsdk-python-mgmt-network/0.0.0 Python/3.8.17 (Linux-5.15.0-1041-azure-x86_64-with-glibc2.2.5) VSTS_0fb41ef4-5012-48a9-bf39-4ee3de03ee35_build_2384_0"
      },
      "RequestBody": null,
      "StatusCode": 202,
      "ResponseHeaders": {
        "Azure-AsyncNotification": "Enabled",
        "Azure-AsyncOperation": "https://management.azure.com/subscriptions/00000000-0000-0000-0000-000000000000/providers/Microsoft.Network/locations/eastus/operations/a72d9585-3859-42f2-b73b-f2875f5322d6?api-version=2023-02-01",
        "Cache-Control": "no-cache",
        "Content-Length": "0",
        "Date": "Thu, 20 Jul 2023 07:20:27 GMT",
        "Expires": "-1",
        "Location": "https://management.azure.com/subscriptions/00000000-0000-0000-0000-000000000000/providers/Microsoft.Network/locations/eastus/operationResults/a72d9585-3859-42f2-b73b-f2875f5322d6?api-version=2023-02-01",
        "Pragma": "no-cache",
        "Retry-After": "10",
        "Server": [
          "Microsoft-HTTPAPI/2.0",
          "Microsoft-HTTPAPI/2.0"
        ],
        "Strict-Transport-Security": "max-age=31536000; includeSubDomains",
        "X-Content-Type-Options": "nosniff",
        "x-ms-arm-service-request-id": "c23f20c2-ea9e-410d-8c0f-9cb9b54cfacc",
        "x-ms-correlation-request-id": "20f88a6e-a840-4c73-8cf8-d9704d492390",
        "x-ms-ratelimit-remaining-subscription-deletes": "14994",
        "x-ms-routing-request-id": "NORTHCENTRALUS:20230720T072027Z:20f88a6e-a840-4c73-8cf8-d9704d492390"
      },
      "ResponseBody": null
    },
    {
      "RequestUri": "https://management.azure.com/subscriptions/00000000-0000-0000-0000-000000000000/providers/Microsoft.Network/locations/eastus/operations/a72d9585-3859-42f2-b73b-f2875f5322d6?api-version=2023-02-01",
      "RequestMethod": "GET",
      "RequestHeaders": {
        "Accept": "*/*",
        "Accept-Encoding": "gzip, deflate",
        "Connection": "keep-alive",
        "User-Agent": "azsdk-python-mgmt-network/0.0.0 Python/3.8.17 (Linux-5.15.0-1041-azure-x86_64-with-glibc2.2.5) VSTS_0fb41ef4-5012-48a9-bf39-4ee3de03ee35_build_2384_0"
      },
      "RequestBody": null,
      "StatusCode": 200,
      "ResponseHeaders": {
        "Cache-Control": "no-cache",
        "Content-Encoding": "gzip",
        "Content-Type": "application/json; charset=utf-8",
        "Date": "Thu, 20 Jul 2023 07:20:27 GMT",
        "Expires": "-1",
        "Pragma": "no-cache",
        "Retry-After": "10",
        "Server": [
          "Microsoft-HTTPAPI/2.0",
          "Microsoft-HTTPAPI/2.0"
        ],
        "Strict-Transport-Security": "max-age=31536000; includeSubDomains",
        "Transfer-Encoding": "chunked",
        "Vary": "Accept-Encoding",
        "X-Content-Type-Options": "nosniff",
        "x-ms-arm-service-request-id": "31ccc8fe-946b-472c-818f-58b90c5d0916",
        "x-ms-correlation-request-id": "3f368a36-61df-4bb3-88b3-a9085d973546",
        "x-ms-ratelimit-remaining-subscription-reads": "11952",
        "x-ms-routing-request-id": "NORTHCENTRALUS:20230720T072027Z:3f368a36-61df-4bb3-88b3-a9085d973546"
      },
      "ResponseBody": {
        "status": "InProgress"
      }
    },
    {
      "RequestUri": "https://management.azure.com/subscriptions/00000000-0000-0000-0000-000000000000/providers/Microsoft.Network/locations/eastus/operations/a72d9585-3859-42f2-b73b-f2875f5322d6?api-version=2023-02-01",
      "RequestMethod": "GET",
      "RequestHeaders": {
        "Accept": "*/*",
        "Accept-Encoding": "gzip, deflate",
        "Connection": "keep-alive",
        "User-Agent": "azsdk-python-mgmt-network/0.0.0 Python/3.8.17 (Linux-5.15.0-1041-azure-x86_64-with-glibc2.2.5) VSTS_0fb41ef4-5012-48a9-bf39-4ee3de03ee35_build_2384_0"
      },
      "RequestBody": null,
      "StatusCode": 200,
      "ResponseHeaders": {
        "Cache-Control": "no-cache",
        "Content-Encoding": "gzip",
        "Content-Type": "application/json; charset=utf-8",
        "Date": "Thu, 20 Jul 2023 07:20:37 GMT",
        "Expires": "-1",
        "Pragma": "no-cache",
        "Server": [
          "Microsoft-HTTPAPI/2.0",
          "Microsoft-HTTPAPI/2.0"
        ],
        "Strict-Transport-Security": "max-age=31536000; includeSubDomains",
        "Transfer-Encoding": "chunked",
        "Vary": "Accept-Encoding",
        "X-Content-Type-Options": "nosniff",
        "x-ms-arm-service-request-id": "7b168bd4-5d86-40c4-b906-484770701ab9",
        "x-ms-correlation-request-id": "7b1fb811-ec31-43ac-9e1f-ba0e8004128a",
        "x-ms-ratelimit-remaining-subscription-reads": "11951",
        "x-ms-routing-request-id": "NORTHCENTRALUS:20230720T072037Z:7b1fb811-ec31-43ac-9e1f-ba0e8004128a"
      },
      "ResponseBody": {
        "status": "Succeeded"
      }
    },
    {
      "RequestUri": "https://management.azure.com/subscriptions/00000000-0000-0000-0000-000000000000/providers/Microsoft.Network/locations/eastus/operationResults/a72d9585-3859-42f2-b73b-f2875f5322d6?api-version=2023-02-01",
      "RequestMethod": "GET",
      "RequestHeaders": {
        "Accept": "*/*",
        "Accept-Encoding": "gzip, deflate",
        "Connection": "keep-alive",
        "User-Agent": "azsdk-python-mgmt-network/0.0.0 Python/3.8.17 (Linux-5.15.0-1041-azure-x86_64-with-glibc2.2.5) VSTS_0fb41ef4-5012-48a9-bf39-4ee3de03ee35_build_2384_0"
      },
      "RequestBody": null,
      "StatusCode": 204,
      "ResponseHeaders": {
        "Azure-AsyncNotification": "Enabled",
        "Azure-AsyncOperation": "https://management.azure.com/subscriptions/00000000-0000-0000-0000-000000000000/providers/Microsoft.Network/locations/eastus/operations/a72d9585-3859-42f2-b73b-f2875f5322d6?api-version=2023-02-01",
        "Cache-Control": "no-cache",
        "Content-Type": "application/json; charset=utf-8",
        "Date": "Thu, 20 Jul 2023 07:20:37 GMT",
        "Expires": "-1",
        "Location": "https://management.azure.com/subscriptions/00000000-0000-0000-0000-000000000000/providers/Microsoft.Network/locations/eastus/operationResults/a72d9585-3859-42f2-b73b-f2875f5322d6?api-version=2023-02-01",
        "Pragma": "no-cache",
        "Server": [
          "Microsoft-HTTPAPI/2.0",
          "Microsoft-HTTPAPI/2.0"
        ],
        "Strict-Transport-Security": "max-age=31536000; includeSubDomains",
        "X-Content-Type-Options": "nosniff",
        "x-ms-arm-service-request-id": "c23f20c2-ea9e-410d-8c0f-9cb9b54cfacc",
        "x-ms-correlation-request-id": "20f88a6e-a840-4c73-8cf8-d9704d492390",
        "x-ms-ratelimit-remaining-subscription-reads": "11950",
        "x-ms-routing-request-id": "NORTHCENTRALUS:20230720T072037Z:8df68458-9308-4afc-9a5d-ccf655bf0b78"
      },
      "ResponseBody": null
    }
  ],
  "Variables": {}
}
