interactions:
- request:
    body: '{"location": "eastus", "sku": {"name": "Standard"}, "properties": {"publicIPAllocationMethod":
      "Static", "publicIPAddressVersion": "IPv4", "idleTimeoutInMinutes": 10}}'
    headers:
      Accept:
      - application/json
      Accept-Encoding:
      - gzip, deflate
      Connection:
      - keep-alive
      Content-Length:
      - '167'
      Content-Type:
      - application/json
      User-Agent:
      - azsdk-python-azure-mgmt-network/19.1.0 Python/3.8.11 (Linux-5.8.0-1039-azure-x86_64-with-glibc2.2.5)
        VSTS_0fb41ef4-5012-48a9-bf39-4ee3de03ee35_build_2500_0
    method: PUT
    uri: https://management.azure.com/subscriptions/00000000-0000-0000-0000-000000000000/resourceGroups/rgname/providers/Microsoft.Network/publicIPAddresses/public_ip_address_name?api-version=2021-03-01
  response:
    body:
      string: "{\r\n  \"name\": \"public_ip_address_name\",\r\n  \"id\": \"/subscriptions/00000000-0000-0000-0000-000000000000/resourceGroups/rgname/providers/Microsoft.Network/publicIPAddresses/public_ip_address_name\",\r\n
        \ \"etag\": \"W/\\\"512da6fd-7901-469e-a258-b48981fee29c\\\"\",\r\n  \"location\":
        \"eastus\",\r\n  \"properties\": {\r\n    \"provisioningState\": \"Updating\",\r\n
        \   \"resourceGuid\": \"31efddfa-6b5c-4c94-a297-fd7ddcc979bb\",\r\n    \"publicIPAddressVersion\":
        \"IPv4\",\r\n    \"publicIPAllocationMethod\": \"Static\",\r\n    \"idleTimeoutInMinutes\":
        10,\r\n    \"ipTags\": []\r\n  },\r\n  \"type\": \"Microsoft.Network/publicIPAddresses\",\r\n
        \ \"sku\": {\r\n    \"name\": \"Standard\",\r\n    \"tier\": \"Regional\"\r\n
        \ }\r\n}"
    headers:
      azure-asyncnotification:
      - Enabled
      azure-asyncoperation:
      - https://management.azure.com/subscriptions/00000000-0000-0000-0000-000000000000/providers/Microsoft.Network/locations/eastus/operations/ca85cdf6-0e93-4b19-acd8-f9aaa578715e?api-version=2021-03-01
      cache-control:
      - no-cache
      content-length:
      - '725'
      content-type:
      - application/json; charset=utf-8
      date:
      - Mon, 30 Aug 2021 10:21:54 GMT
      expires:
      - '-1'
      pragma:
      - no-cache
      server:
      - Microsoft-HTTPAPI/2.0
      - Microsoft-HTTPAPI/2.0
      strict-transport-security:
      - max-age=31536000; includeSubDomains
      x-content-type-options:
      - nosniff
      x-ms-arm-service-request-id:
      - 22e185ca-1a5d-4c87-aaac-70398cf28b7f
      x-ms-ratelimit-remaining-subscription-writes:
      - '1193'
    status:
      code: 201
      message: Created
- request:
    body: null
    headers:
      Accept:
      - '*/*'
      Accept-Encoding:
      - gzip, deflate
      Connection:
      - keep-alive
      User-Agent:
      - azsdk-python-azure-mgmt-network/19.1.0 Python/3.8.11 (Linux-5.8.0-1039-azure-x86_64-with-glibc2.2.5)
        VSTS_0fb41ef4-5012-48a9-bf39-4ee3de03ee35_build_2500_0
    method: GET
    uri: https://management.azure.com/subscriptions/00000000-0000-0000-0000-000000000000/providers/Microsoft.Network/locations/eastus/operations/ca85cdf6-0e93-4b19-acd8-f9aaa578715e?api-version=2021-03-01
  response:
    body:
      string: "{\r\n  \"status\": \"Succeeded\"\r\n}"
    headers:
      cache-control:
      - no-cache
      content-length:
      - '29'
      content-type:
      - application/json; charset=utf-8
      date:
      - Mon, 30 Aug 2021 10:21:56 GMT
      expires:
      - '-1'
      pragma:
      - no-cache
      server:
      - Microsoft-HTTPAPI/2.0
      - Microsoft-HTTPAPI/2.0
      strict-transport-security:
      - max-age=31536000; includeSubDomains
      transfer-encoding:
      - chunked
      vary:
      - Accept-Encoding
      x-content-type-options:
      - nosniff
      x-ms-arm-service-request-id:
      - 94f7094b-736f-4066-acba-bcbf83b877ca
    status:
      code: 200
      message: OK
- request:
    body: null
    headers:
      Accept:
      - '*/*'
      Accept-Encoding:
      - gzip, deflate
      Connection:
      - keep-alive
      User-Agent:
      - azsdk-python-azure-mgmt-network/19.1.0 Python/3.8.11 (Linux-5.8.0-1039-azure-x86_64-with-glibc2.2.5)
        VSTS_0fb41ef4-5012-48a9-bf39-4ee3de03ee35_build_2500_0
    method: GET
    uri: https://management.azure.com/subscriptions/00000000-0000-0000-0000-000000000000/resourceGroups/rgname/providers/Microsoft.Network/publicIPAddresses/public_ip_address_name?api-version=2021-03-01
  response:
    body:
      string: "{\r\n  \"name\": \"public_ip_address_name\",\r\n  \"id\": \"/subscriptions/00000000-0000-0000-0000-000000000000/resourceGroups/rgname/providers/Microsoft.Network/publicIPAddresses/public_ip_address_name\",\r\n
        \ \"etag\": \"W/\\\"d0461008-cc4c-4c93-bd01-7e9b4eba51b2\\\"\",\r\n  \"location\":
        \"eastus\",\r\n  \"properties\": {\r\n    \"provisioningState\": \"Succeeded\",\r\n
        \   \"resourceGuid\": \"31efddfa-6b5c-4c94-a297-fd7ddcc979bb\",\r\n    \"ipAddress\":
        \"23.96.53.42\",\r\n    \"publicIPAddressVersion\": \"IPv4\",\r\n    \"publicIPAllocationMethod\":
        \"Static\",\r\n    \"idleTimeoutInMinutes\": 10,\r\n    \"ipTags\": []\r\n
        \ },\r\n  \"type\": \"Microsoft.Network/publicIPAddresses\",\r\n  \"sku\":
        {\r\n    \"name\": \"Standard\",\r\n    \"tier\": \"Regional\"\r\n  }\r\n}"
    headers:
      cache-control:
      - no-cache
      content-length:
      - '759'
      content-type:
      - application/json; charset=utf-8
      date:
      - Mon, 30 Aug 2021 10:21:56 GMT
      etag:
      - W/"d0461008-cc4c-4c93-bd01-7e9b4eba51b2"
      expires:
      - '-1'
      pragma:
      - no-cache
      server:
      - Microsoft-HTTPAPI/2.0
      - Microsoft-HTTPAPI/2.0
      strict-transport-security:
      - max-age=31536000; includeSubDomains
      transfer-encoding:
      - chunked
      vary:
      - Accept-Encoding
      x-content-type-options:
      - nosniff
      x-ms-arm-service-request-id:
      - 26c9a729-b079-48a4-aa6c-8e9f2c671d07
    status:
      code: 200
      message: OK
- request:
    body: '{"location": "eastus", "sku": {"name": "Standard"}, "properties": {"frontendIPConfigurations":
      [{"name": "myFrontendIpconfiguration", "properties": {"publicIPAddress": {"id":
      "/subscriptions/00000000-0000-0000-0000-000000000000/resourceGroups/rgname/providers/Microsoft.Network/publicIPAddresses/public_ip_address_name"}}}],
      "backendAddressPools": [{"name": "myBackendAddressPool"}], "loadBalancingRules":
      [{"name": "myLoadBalancingRule", "properties": {"frontendIPConfiguration": {"id":
      "/subscriptions/00000000-0000-0000-0000-000000000000/resourceGroups/rgname/providers/Microsoft.Network/loadBalancers/myLoadBalancer/frontendIPConfigurations/myFrontendIpconfiguration"},
      "backendAddressPool": {"id": "/subscriptions/00000000-0000-0000-0000-000000000000/resourceGroups/rgname/providers/Microsoft.Network/loadBalancers/myLoadBalancer/backendAddressPools/myBackendAddressPool"},
      "probe": {"id": "/subscriptions/00000000-0000-0000-0000-000000000000/resourceGroups/rgname/providers/Microsoft.Network/loadBalancers/myLoadBalancer/probes/myProbe"},
      "protocol": "Tcp", "loadDistribution": "Default", "frontendPort": 80, "backendPort":
      80, "idleTimeoutInMinutes": 15, "enableFloatingIP": true, "disableOutboundSnat":
      true}}], "probes": [{"name": "myProbe", "properties": {"protocol": "Http", "port":
      80, "intervalInSeconds": 15, "numberOfProbes": 2, "requestPath": "healthcheck.aspx"}}],
      "outboundRules": [{"name": "myOutboundRule", "properties": {"frontendIPConfigurations":
      [{"id": "/subscriptions/00000000-0000-0000-0000-000000000000/resourceGroups/rgname/providers/Microsoft.Network/loadBalancers/myLoadBalancer/frontendIPConfigurations/myFrontendIpconfiguration"}],
      "backendAddressPool": {"id": "/subscriptions/00000000-0000-0000-0000-000000000000/resourceGroups/rgname/providers/Microsoft.Network/loadBalancers/myLoadBalancer/backendAddressPools/myBackendAddressPool"},
      "protocol": "All"}}]}}'
    headers:
      Accept:
      - application/json
      Accept-Encoding:
      - gzip, deflate
      Connection:
      - keep-alive
      Content-Length:
      - '2336'
      Content-Type:
      - application/json
      User-Agent:
      - azsdk-python-azure-mgmt-network/19.1.0 Python/3.8.11 (Linux-5.8.0-1039-azure-x86_64-with-glibc2.2.5)
        VSTS_0fb41ef4-5012-48a9-bf39-4ee3de03ee35_build_2500_0
    method: PUT
    uri: https://management.azure.com/subscriptions/00000000-0000-0000-0000-000000000000/resourceGroups/rgname/providers/Microsoft.Network/loadBalancers/myLoadBalancer?api-version=2021-03-01
  response:
    body:
      string: "{\r\n  \"name\": \"myLoadBalancer\",\r\n  \"id\": \"/subscriptions/00000000-0000-0000-0000-000000000000/resourceGroups/rgname/providers/Microsoft.Network/loadBalancers/myLoadBalancer\",\r\n
        \ \"etag\": \"W/\\\"13a8fc21-914f-41d6-828b-641ce78de245\\\"\",\r\n  \"type\":
        \"Microsoft.Network/loadBalancers\",\r\n  \"location\": \"eastus\",\r\n  \"properties\":
        {\r\n    \"provisioningState\": \"Succeeded\",\r\n    \"resourceGuid\": \"461c75b4-c89b-4b13-b96e-312565c24b43\",\r\n
        \   \"frontendIPConfigurations\": [\r\n      {\r\n        \"name\": \"myFrontendIpconfiguration\",\r\n
        \       \"id\": \"/subscriptions/00000000-0000-0000-0000-000000000000/resourceGroups/rgname/providers/Microsoft.Network/loadBalancers/myLoadBalancer/frontendIPConfigurations/myFrontendIpconfiguration\",\r\n
        \       \"etag\": \"W/\\\"13a8fc21-914f-41d6-828b-641ce78de245\\\"\",\r\n
        \       \"type\": \"Microsoft.Network/loadBalancers/frontendIPConfigurations\",\r\n
        \       \"properties\": {\r\n          \"provisioningState\": \"Succeeded\",\r\n
        \         \"privateIPAllocationMethod\": \"Dynamic\",\r\n          \"publicIPAddress\":
        {\r\n            \"id\": \"/subscriptions/00000000-0000-0000-0000-000000000000/resourceGroups/rgname/providers/Microsoft.Network/publicIPAddresses/public_ip_address_name\"\r\n
        \         },\r\n          \"loadBalancingRules\": [\r\n            {\r\n              \"id\":
        \"/subscriptions/00000000-0000-0000-0000-000000000000/resourceGroups/rgname/providers/Microsoft.Network/loadBalancers/myLoadBalancer/loadBalancingRules/myLoadBalancingRule\"\r\n
        \           }\r\n          ],\r\n          \"outboundRules\": [\r\n            {\r\n
        \             \"id\": \"/subscriptions/00000000-0000-0000-0000-000000000000/resourceGroups/rgname/providers/Microsoft.Network/loadBalancers/myLoadBalancer/outboundRules/myOutboundRule\"\r\n
        \           }\r\n          ]\r\n        }\r\n      }\r\n    ],\r\n    \"backendAddressPools\":
        [\r\n      {\r\n        \"name\": \"myBackendAddressPool\",\r\n        \"id\":
        \"/subscriptions/00000000-0000-0000-0000-000000000000/resourceGroups/rgname/providers/Microsoft.Network/loadBalancers/myLoadBalancer/backendAddressPools/myBackendAddressPool\",\r\n
        \       \"etag\": \"W/\\\"13a8fc21-914f-41d6-828b-641ce78de245\\\"\",\r\n
        \       \"properties\": {\r\n          \"provisioningState\": \"Succeeded\",\r\n
        \         \"loadBalancerBackendAddresses\": [],\r\n          \"outboundRules\":
        [\r\n            {\r\n              \"id\": \"/subscriptions/00000000-0000-0000-0000-000000000000/resourceGroups/rgname/providers/Microsoft.Network/loadBalancers/myLoadBalancer/outboundRules/myOutboundRule\"\r\n
        \           }\r\n          ],\r\n          \"loadBalancingRules\": [\r\n            {\r\n
        \             \"id\": \"/subscriptions/00000000-0000-0000-0000-000000000000/resourceGroups/rgname/providers/Microsoft.Network/loadBalancers/myLoadBalancer/loadBalancingRules/myLoadBalancingRule\"\r\n
        \           }\r\n          ]\r\n        },\r\n        \"type\": \"Microsoft.Network/loadBalancers/backendAddressPools\"\r\n
        \     }\r\n    ],\r\n    \"loadBalancingRules\": [\r\n      {\r\n        \"name\":
        \"myLoadBalancingRule\",\r\n        \"id\": \"/subscriptions/00000000-0000-0000-0000-000000000000/resourceGroups/rgname/providers/Microsoft.Network/loadBalancers/myLoadBalancer/loadBalancingRules/myLoadBalancingRule\",\r\n
        \       \"etag\": \"W/\\\"13a8fc21-914f-41d6-828b-641ce78de245\\\"\",\r\n
        \       \"type\": \"Microsoft.Network/loadBalancers/loadBalancingRules\",\r\n
        \       \"properties\": {\r\n          \"provisioningState\": \"Succeeded\",\r\n
        \         \"frontendIPConfiguration\": {\r\n            \"id\": \"/subscriptions/00000000-0000-0000-0000-000000000000/resourceGroups/rgname/providers/Microsoft.Network/loadBalancers/myLoadBalancer/frontendIPConfigurations/myFrontendIpconfiguration\"\r\n
        \         },\r\n          \"frontendPort\": 80,\r\n          \"backendPort\":
        80,\r\n          \"enableFloatingIP\": true,\r\n          \"idleTimeoutInMinutes\":
        15,\r\n          \"protocol\": \"Tcp\",\r\n          \"enableDestinationServiceEndpoint\":
        false,\r\n          \"enableTcpReset\": false,\r\n          \"allowBackendPortConflict\":
        false,\r\n          \"loadDistribution\": \"Default\",\r\n          \"disableOutboundSnat\":
        true,\r\n          \"backendAddressPool\": {\r\n            \"id\": \"/subscriptions/00000000-0000-0000-0000-000000000000/resourceGroups/rgname/providers/Microsoft.Network/loadBalancers/myLoadBalancer/backendAddressPools/myBackendAddressPool\"\r\n
        \         },\r\n          \"backendAddressPools\": [\r\n            {\r\n
        \             \"id\": \"/subscriptions/00000000-0000-0000-0000-000000000000/resourceGroups/rgname/providers/Microsoft.Network/loadBalancers/myLoadBalancer/backendAddressPools/myBackendAddressPool\"\r\n
        \           }\r\n          ],\r\n          \"probe\": {\r\n            \"id\":
        \"/subscriptions/00000000-0000-0000-0000-000000000000/resourceGroups/rgname/providers/Microsoft.Network/loadBalancers/myLoadBalancer/probes/myProbe\"\r\n
        \         }\r\n        }\r\n      }\r\n    ],\r\n    \"probes\": [\r\n      {\r\n
        \       \"name\": \"myProbe\",\r\n        \"id\": \"/subscriptions/00000000-0000-0000-0000-000000000000/resourceGroups/rgname/providers/Microsoft.Network/loadBalancers/myLoadBalancer/probes/myProbe\",\r\n
        \       \"etag\": \"W/\\\"13a8fc21-914f-41d6-828b-641ce78de245\\\"\",\r\n
        \       \"properties\": {\r\n          \"provisioningState\": \"Succeeded\",\r\n
        \         \"protocol\": \"Http\",\r\n          \"port\": 80,\r\n          \"requestPath\":
        \"healthcheck.aspx\",\r\n          \"intervalInSeconds\": 15,\r\n          \"numberOfProbes\":
        2,\r\n          \"loadBalancingRules\": [\r\n            {\r\n              \"id\":
        \"/subscriptions/00000000-0000-0000-0000-000000000000/resourceGroups/rgname/providers/Microsoft.Network/loadBalancers/myLoadBalancer/loadBalancingRules/myLoadBalancingRule\"\r\n
        \           }\r\n          ]\r\n        },\r\n        \"type\": \"Microsoft.Network/loadBalancers/probes\"\r\n
        \     }\r\n    ],\r\n    \"inboundNatRules\": [],\r\n    \"outboundRules\":
        [\r\n      {\r\n        \"name\": \"myOutboundRule\",\r\n        \"id\": \"/subscriptions/00000000-0000-0000-0000-000000000000/resourceGroups/rgname/providers/Microsoft.Network/loadBalancers/myLoadBalancer/outboundRules/myOutboundRule\",\r\n
        \       \"etag\": \"W/\\\"13a8fc21-914f-41d6-828b-641ce78de245\\\"\",\r\n
        \       \"type\": \"Microsoft.Network/loadBalancers/outboundRules\",\r\n        \"properties\":
        {\r\n          \"provisioningState\": \"Succeeded\",\r\n          \"allocatedOutboundPorts\":
        1024,\r\n          \"protocol\": \"All\",\r\n          \"enableTcpReset\":
        false,\r\n          \"idleTimeoutInMinutes\": 4,\r\n          \"backendAddressPool\":
        {\r\n            \"id\": \"/subscriptions/00000000-0000-0000-0000-000000000000/resourceGroups/rgname/providers/Microsoft.Network/loadBalancers/myLoadBalancer/backendAddressPools/myBackendAddressPool\"\r\n
        \         },\r\n          \"frontendIPConfigurations\": [\r\n            {\r\n
        \             \"id\": \"/subscriptions/00000000-0000-0000-0000-000000000000/resourceGroups/rgname/providers/Microsoft.Network/loadBalancers/myLoadBalancer/frontendIPConfigurations/myFrontendIpconfiguration\"\r\n
        \           }\r\n          ]\r\n        }\r\n      }\r\n    ],\r\n    \"inboundNatPools\":
        []\r\n  },\r\n  \"sku\": {\r\n    \"name\": \"Standard\",\r\n    \"tier\":
        \"Regional\"\r\n  }\r\n}"
    headers:
      azure-asyncnotification:
      - Enabled
      azure-asyncoperation:
      - https://management.azure.com/subscriptions/00000000-0000-0000-0000-000000000000/providers/Microsoft.Network/locations/eastus/operations/d56319b6-710b-47cd-be0e-82a335969895?api-version=2021-03-01
      cache-control:
      - no-cache
      content-length:
      - '8164'
      content-type:
      - application/json; charset=utf-8
      date:
      - Mon, 30 Aug 2021 10:21:56 GMT
      expires:
      - '-1'
      pragma:
      - no-cache
      server:
      - Microsoft-HTTPAPI/2.0
      - Microsoft-HTTPAPI/2.0
      strict-transport-security:
      - max-age=31536000; includeSubDomains
      x-content-type-options:
      - nosniff
      x-ms-arm-service-request-id:
      - 42e49759-15bc-43d1-8f4f-7f5460ac8380
      x-ms-ratelimit-remaining-subscription-writes:
      - '1192'
    status:
      code: 201
      message: Created
- request:
    body: null
    headers:
      Accept:
      - '*/*'
      Accept-Encoding:
      - gzip, deflate
      Connection:
      - keep-alive
      User-Agent:
      - azsdk-python-azure-mgmt-network/19.1.0 Python/3.8.11 (Linux-5.8.0-1039-azure-x86_64-with-glibc2.2.5)
        VSTS_0fb41ef4-5012-48a9-bf39-4ee3de03ee35_build_2500_0
    method: GET
    uri: https://management.azure.com/subscriptions/00000000-0000-0000-0000-000000000000/providers/Microsoft.Network/locations/eastus/operations/d56319b6-710b-47cd-be0e-82a335969895?api-version=2021-03-01
  response:
    body:
      string: "{\r\n  \"status\": \"Succeeded\"\r\n}"
    headers:
      cache-control:
      - no-cache
      content-length:
      - '29'
      content-type:
      - application/json; charset=utf-8
      date:
      - Mon, 30 Aug 2021 10:22:26 GMT
      expires:
      - '-1'
      pragma:
      - no-cache
      server:
      - Microsoft-HTTPAPI/2.0
      - Microsoft-HTTPAPI/2.0
      strict-transport-security:
      - max-age=31536000; includeSubDomains
      transfer-encoding:
      - chunked
      vary:
      - Accept-Encoding
      x-content-type-options:
      - nosniff
      x-ms-arm-service-request-id:
      - 7b59a020-1304-42ae-ab22-62d4e27bdd5e
    status:
      code: 200
      message: OK
- request:
    body: null
    headers:
      Accept:
      - '*/*'
      Accept-Encoding:
      - gzip, deflate
      Connection:
      - keep-alive
      User-Agent:
      - azsdk-python-azure-mgmt-network/19.1.0 Python/3.8.11 (Linux-5.8.0-1039-azure-x86_64-with-glibc2.2.5)
        VSTS_0fb41ef4-5012-48a9-bf39-4ee3de03ee35_build_2500_0
    method: GET
    uri: https://management.azure.com/subscriptions/00000000-0000-0000-0000-000000000000/resourceGroups/rgname/providers/Microsoft.Network/loadBalancers/myLoadBalancer?api-version=2021-03-01
  response:
    body:
      string: "{\r\n  \"name\": \"myLoadBalancer\",\r\n  \"id\": \"/subscriptions/00000000-0000-0000-0000-000000000000/resourceGroups/rgname/providers/Microsoft.Network/loadBalancers/myLoadBalancer\",\r\n
        \ \"etag\": \"W/\\\"13a8fc21-914f-41d6-828b-641ce78de245\\\"\",\r\n  \"type\":
        \"Microsoft.Network/loadBalancers\",\r\n  \"location\": \"eastus\",\r\n  \"properties\":
        {\r\n    \"provisioningState\": \"Succeeded\",\r\n    \"resourceGuid\": \"461c75b4-c89b-4b13-b96e-312565c24b43\",\r\n
        \   \"frontendIPConfigurations\": [\r\n      {\r\n        \"name\": \"myFrontendIpconfiguration\",\r\n
        \       \"id\": \"/subscriptions/00000000-0000-0000-0000-000000000000/resourceGroups/rgname/providers/Microsoft.Network/loadBalancers/myLoadBalancer/frontendIPConfigurations/myFrontendIpconfiguration\",\r\n
        \       \"etag\": \"W/\\\"13a8fc21-914f-41d6-828b-641ce78de245\\\"\",\r\n
        \       \"type\": \"Microsoft.Network/loadBalancers/frontendIPConfigurations\",\r\n
        \       \"properties\": {\r\n          \"provisioningState\": \"Succeeded\",\r\n
        \         \"privateIPAllocationMethod\": \"Dynamic\",\r\n          \"publicIPAddress\":
        {\r\n            \"id\": \"/subscriptions/00000000-0000-0000-0000-000000000000/resourceGroups/rgname/providers/Microsoft.Network/publicIPAddresses/public_ip_address_name\"\r\n
        \         },\r\n          \"loadBalancingRules\": [\r\n            {\r\n              \"id\":
        \"/subscriptions/00000000-0000-0000-0000-000000000000/resourceGroups/rgname/providers/Microsoft.Network/loadBalancers/myLoadBalancer/loadBalancingRules/myLoadBalancingRule\"\r\n
        \           }\r\n          ],\r\n          \"outboundRules\": [\r\n            {\r\n
        \             \"id\": \"/subscriptions/00000000-0000-0000-0000-000000000000/resourceGroups/rgname/providers/Microsoft.Network/loadBalancers/myLoadBalancer/outboundRules/myOutboundRule\"\r\n
        \           }\r\n          ]\r\n        }\r\n      }\r\n    ],\r\n    \"backendAddressPools\":
        [\r\n      {\r\n        \"name\": \"myBackendAddressPool\",\r\n        \"id\":
        \"/subscriptions/00000000-0000-0000-0000-000000000000/resourceGroups/rgname/providers/Microsoft.Network/loadBalancers/myLoadBalancer/backendAddressPools/myBackendAddressPool\",\r\n
        \       \"etag\": \"W/\\\"13a8fc21-914f-41d6-828b-641ce78de245\\\"\",\r\n
        \       \"properties\": {\r\n          \"provisioningState\": \"Succeeded\",\r\n
        \         \"loadBalancerBackendAddresses\": [],\r\n          \"outboundRules\":
        [\r\n            {\r\n              \"id\": \"/subscriptions/00000000-0000-0000-0000-000000000000/resourceGroups/rgname/providers/Microsoft.Network/loadBalancers/myLoadBalancer/outboundRules/myOutboundRule\"\r\n
        \           }\r\n          ],\r\n          \"loadBalancingRules\": [\r\n            {\r\n
        \             \"id\": \"/subscriptions/00000000-0000-0000-0000-000000000000/resourceGroups/rgname/providers/Microsoft.Network/loadBalancers/myLoadBalancer/loadBalancingRules/myLoadBalancingRule\"\r\n
        \           }\r\n          ]\r\n        },\r\n        \"type\": \"Microsoft.Network/loadBalancers/backendAddressPools\"\r\n
        \     }\r\n    ],\r\n    \"loadBalancingRules\": [\r\n      {\r\n        \"name\":
        \"myLoadBalancingRule\",\r\n        \"id\": \"/subscriptions/00000000-0000-0000-0000-000000000000/resourceGroups/rgname/providers/Microsoft.Network/loadBalancers/myLoadBalancer/loadBalancingRules/myLoadBalancingRule\",\r\n
        \       \"etag\": \"W/\\\"13a8fc21-914f-41d6-828b-641ce78de245\\\"\",\r\n
        \       \"type\": \"Microsoft.Network/loadBalancers/loadBalancingRules\",\r\n
        \       \"properties\": {\r\n          \"provisioningState\": \"Succeeded\",\r\n
        \         \"frontendIPConfiguration\": {\r\n            \"id\": \"/subscriptions/00000000-0000-0000-0000-000000000000/resourceGroups/rgname/providers/Microsoft.Network/loadBalancers/myLoadBalancer/frontendIPConfigurations/myFrontendIpconfiguration\"\r\n
        \         },\r\n          \"frontendPort\": 80,\r\n          \"backendPort\":
        80,\r\n          \"enableFloatingIP\": true,\r\n          \"idleTimeoutInMinutes\":
        15,\r\n          \"protocol\": \"Tcp\",\r\n          \"enableDestinationServiceEndpoint\":
        false,\r\n          \"enableTcpReset\": false,\r\n          \"allowBackendPortConflict\":
        false,\r\n          \"loadDistribution\": \"Default\",\r\n          \"disableOutboundSnat\":
        true,\r\n          \"backendAddressPool\": {\r\n            \"id\": \"/subscriptions/00000000-0000-0000-0000-000000000000/resourceGroups/rgname/providers/Microsoft.Network/loadBalancers/myLoadBalancer/backendAddressPools/myBackendAddressPool\"\r\n
        \         },\r\n          \"backendAddressPools\": [\r\n            {\r\n
        \             \"id\": \"/subscriptions/00000000-0000-0000-0000-000000000000/resourceGroups/rgname/providers/Microsoft.Network/loadBalancers/myLoadBalancer/backendAddressPools/myBackendAddressPool\"\r\n
        \           }\r\n          ],\r\n          \"probe\": {\r\n            \"id\":
        \"/subscriptions/00000000-0000-0000-0000-000000000000/resourceGroups/rgname/providers/Microsoft.Network/loadBalancers/myLoadBalancer/probes/myProbe\"\r\n
        \         }\r\n        }\r\n      }\r\n    ],\r\n    \"probes\": [\r\n      {\r\n
        \       \"name\": \"myProbe\",\r\n        \"id\": \"/subscriptions/00000000-0000-0000-0000-000000000000/resourceGroups/rgname/providers/Microsoft.Network/loadBalancers/myLoadBalancer/probes/myProbe\",\r\n
        \       \"etag\": \"W/\\\"13a8fc21-914f-41d6-828b-641ce78de245\\\"\",\r\n
        \       \"properties\": {\r\n          \"provisioningState\": \"Succeeded\",\r\n
        \         \"protocol\": \"Http\",\r\n          \"port\": 80,\r\n          \"requestPath\":
        \"healthcheck.aspx\",\r\n          \"intervalInSeconds\": 15,\r\n          \"numberOfProbes\":
        2,\r\n          \"loadBalancingRules\": [\r\n            {\r\n              \"id\":
        \"/subscriptions/00000000-0000-0000-0000-000000000000/resourceGroups/rgname/providers/Microsoft.Network/loadBalancers/myLoadBalancer/loadBalancingRules/myLoadBalancingRule\"\r\n
        \           }\r\n          ]\r\n        },\r\n        \"type\": \"Microsoft.Network/loadBalancers/probes\"\r\n
        \     }\r\n    ],\r\n    \"inboundNatRules\": [],\r\n    \"outboundRules\":
        [\r\n      {\r\n        \"name\": \"myOutboundRule\",\r\n        \"id\": \"/subscriptions/00000000-0000-0000-0000-000000000000/resourceGroups/rgname/providers/Microsoft.Network/loadBalancers/myLoadBalancer/outboundRules/myOutboundRule\",\r\n
        \       \"etag\": \"W/\\\"13a8fc21-914f-41d6-828b-641ce78de245\\\"\",\r\n
        \       \"type\": \"Microsoft.Network/loadBalancers/outboundRules\",\r\n        \"properties\":
        {\r\n          \"provisioningState\": \"Succeeded\",\r\n          \"allocatedOutboundPorts\":
        1024,\r\n          \"protocol\": \"All\",\r\n          \"enableTcpReset\":
        false,\r\n          \"idleTimeoutInMinutes\": 4,\r\n          \"backendAddressPool\":
        {\r\n            \"id\": \"/subscriptions/00000000-0000-0000-0000-000000000000/resourceGroups/rgname/providers/Microsoft.Network/loadBalancers/myLoadBalancer/backendAddressPools/myBackendAddressPool\"\r\n
        \         },\r\n          \"frontendIPConfigurations\": [\r\n            {\r\n
        \             \"id\": \"/subscriptions/00000000-0000-0000-0000-000000000000/resourceGroups/rgname/providers/Microsoft.Network/loadBalancers/myLoadBalancer/frontendIPConfigurations/myFrontendIpconfiguration\"\r\n
        \           }\r\n          ]\r\n        }\r\n      }\r\n    ],\r\n    \"inboundNatPools\":
        []\r\n  },\r\n  \"sku\": {\r\n    \"name\": \"Standard\",\r\n    \"tier\":
        \"Regional\"\r\n  }\r\n}"
    headers:
      cache-control:
      - no-cache
      content-length:
      - '8164'
      content-type:
      - application/json; charset=utf-8
      date:
      - Mon, 30 Aug 2021 10:22:26 GMT
      etag:
      - W/"13a8fc21-914f-41d6-828b-641ce78de245"
      expires:
      - '-1'
      pragma:
      - no-cache
      server:
      - Microsoft-HTTPAPI/2.0
      - Microsoft-HTTPAPI/2.0
      strict-transport-security:
      - max-age=31536000; includeSubDomains
      transfer-encoding:
      - chunked
      vary:
      - Accept-Encoding
      x-content-type-options:
      - nosniff
      x-ms-arm-service-request-id:
      - 845b1dc9-8ad3-41d5-8272-d30fef66a7e8
    status:
      code: 200
      message: OK
- request:
    body: '{"properties": {"frontendIPConfiguration": {"id": "/subscriptions/00000000-0000-0000-0000-000000000000/resourceGroups/rgname/providers/Microsoft.Network/loadBalancers/myLoadBalancer/frontendIPConfigurations/myFrontendIpconfiguration"},
      "protocol": "Tcp", "frontendPort": 3390, "backendPort": 3389, "idleTimeoutInMinutes":
      4, "enableFloatingIP": false, "enableTcpReset": false}}'
    headers:
      Accept:
      - application/json
      Accept-Encoding:
      - gzip, deflate
      Connection:
      - keep-alive
      Content-Length:
      - '451'
      Content-Type:
      - application/json
      User-Agent:
      - azsdk-python-azure-mgmt-network/19.1.0 Python/3.8.11 (Linux-5.8.0-1039-azure-x86_64-with-glibc2.2.5)
        VSTS_0fb41ef4-5012-48a9-bf39-4ee3de03ee35_build_2500_0
    method: PUT
    uri: https://management.azure.com/subscriptions/00000000-0000-0000-0000-000000000000/resourceGroups/rgname/providers/Microsoft.Network/loadBalancers/myLoadBalancer/inboundNatRules/myInboundNatRule?api-version=2021-03-01
  response:
    body:
      string: "{\r\n  \"name\": \"myInboundNatRule\",\r\n  \"id\": \"/subscriptions/00000000-0000-0000-0000-000000000000/resourceGroups/rgname/providers/Microsoft.Network/loadBalancers/myLoadBalancer/inboundNatRules/myInboundNatRule\",\r\n
        \ \"etag\": \"W/\\\"4f5595a3-a401-4153-9794-631f63ec26b2\\\"\",\r\n  \"type\":
        \"Microsoft.Network/loadBalancers/inboundNatRules\",\r\n  \"properties\":
        {\r\n    \"provisioningState\": \"Succeeded\",\r\n    \"frontendIPConfiguration\":
        {\r\n      \"id\": \"/subscriptions/00000000-0000-0000-0000-000000000000/resourceGroups/rgname/providers/Microsoft.Network/loadBalancers/myLoadBalancer/frontendIPConfigurations/myFrontendIpconfiguration\"\r\n
        \   },\r\n    \"frontendPort\": 3390,\r\n    \"backendPort\": 3389,\r\n    \"enableFloatingIP\":
        false,\r\n    \"idleTimeoutInMinutes\": 4,\r\n    \"protocol\": \"Tcp\",\r\n
        \   \"enableDestinationServiceEndpoint\": false,\r\n    \"enableTcpReset\":
        false,\r\n    \"allowBackendPortConflict\": false\r\n  }\r\n}"
    headers:
      azure-asyncoperation:
      - https://management.azure.com/subscriptions/00000000-0000-0000-0000-000000000000/providers/Microsoft.Network/locations/eastus/operations/ab7eb7bd-fddc-4893-90a9-9016ae8ecfb1?api-version=2021-03-01
      cache-control:
      - no-cache
      content-length:
      - '1038'
      content-type:
      - application/json; charset=utf-8
      date:
      - Mon, 30 Aug 2021 10:22:26 GMT
      expires:
      - '-1'
      pragma:
      - no-cache
      server:
      - Microsoft-HTTPAPI/2.0
      - Microsoft-HTTPAPI/2.0
      strict-transport-security:
      - max-age=31536000; includeSubDomains
      x-content-type-options:
      - nosniff
      x-ms-arm-service-request-id:
      - 4152ab15-7683-418b-8bcb-39ead552861b
      x-ms-ratelimit-remaining-subscription-writes:
      - '1191'
    status:
      code: 201
      message: Created
- request:
    body: null
    headers:
      Accept:
      - '*/*'
      Accept-Encoding:
      - gzip, deflate
      Connection:
      - keep-alive
      User-Agent:
      - azsdk-python-azure-mgmt-network/19.1.0 Python/3.8.11 (Linux-5.8.0-1039-azure-x86_64-with-glibc2.2.5)
        VSTS_0fb41ef4-5012-48a9-bf39-4ee3de03ee35_build_2500_0
    method: GET
    uri: https://management.azure.com/subscriptions/00000000-0000-0000-0000-000000000000/providers/Microsoft.Network/locations/eastus/operations/ab7eb7bd-fddc-4893-90a9-9016ae8ecfb1?api-version=2021-03-01
  response:
    body:
      string: "{\r\n  \"status\": \"Succeeded\"\r\n}"
    headers:
      cache-control:
      - no-cache
      content-length:
      - '29'
      content-type:
      - application/json; charset=utf-8
      date:
      - Mon, 30 Aug 2021 10:22:56 GMT
      expires:
      - '-1'
      pragma:
      - no-cache
      server:
      - Microsoft-HTTPAPI/2.0
      - Microsoft-HTTPAPI/2.0
      strict-transport-security:
      - max-age=31536000; includeSubDomains
      transfer-encoding:
      - chunked
      vary:
      - Accept-Encoding
      x-content-type-options:
      - nosniff
      x-ms-arm-service-request-id:
      - 49343611-9e38-451d-a631-6edcb6ad80e8
    status:
      code: 200
      message: OK
- request:
    body: null
    headers:
      Accept:
      - '*/*'
      Accept-Encoding:
      - gzip, deflate
      Connection:
      - keep-alive
      User-Agent:
      - azsdk-python-azure-mgmt-network/19.1.0 Python/3.8.11 (Linux-5.8.0-1039-azure-x86_64-with-glibc2.2.5)
        VSTS_0fb41ef4-5012-48a9-bf39-4ee3de03ee35_build_2500_0
    method: GET
    uri: https://management.azure.com/subscriptions/00000000-0000-0000-0000-000000000000/resourceGroups/rgname/providers/Microsoft.Network/loadBalancers/myLoadBalancer/inboundNatRules/myInboundNatRule?api-version=2021-03-01
  response:
    body:
      string: "{\r\n  \"name\": \"myInboundNatRule\",\r\n  \"id\": \"/subscriptions/00000000-0000-0000-0000-000000000000/resourceGroups/rgname/providers/Microsoft.Network/loadBalancers/myLoadBalancer/inboundNatRules/myInboundNatRule\",\r\n
        \ \"etag\": \"W/\\\"4f5595a3-a401-4153-9794-631f63ec26b2\\\"\",\r\n  \"type\":
        \"Microsoft.Network/loadBalancers/inboundNatRules\",\r\n  \"properties\":
        {\r\n    \"provisioningState\": \"Succeeded\",\r\n    \"frontendIPConfiguration\":
        {\r\n      \"id\": \"/subscriptions/00000000-0000-0000-0000-000000000000/resourceGroups/rgname/providers/Microsoft.Network/loadBalancers/myLoadBalancer/frontendIPConfigurations/myFrontendIpconfiguration\"\r\n
        \   },\r\n    \"frontendPort\": 3390,\r\n    \"backendPort\": 3389,\r\n    \"enableFloatingIP\":
        false,\r\n    \"idleTimeoutInMinutes\": 4,\r\n    \"protocol\": \"Tcp\",\r\n
        \   \"enableDestinationServiceEndpoint\": false,\r\n    \"enableTcpReset\":
        false,\r\n    \"allowBackendPortConflict\": false\r\n  }\r\n}"
    headers:
      cache-control:
      - no-cache
      content-length:
      - '1038'
      content-type:
      - application/json; charset=utf-8
      date:
      - Mon, 30 Aug 2021 10:22:56 GMT
      etag:
      - W/"4f5595a3-a401-4153-9794-631f63ec26b2"
      expires:
      - '-1'
      pragma:
      - no-cache
      server:
      - Microsoft-HTTPAPI/2.0
      - Microsoft-HTTPAPI/2.0
      strict-transport-security:
      - max-age=31536000; includeSubDomains
      transfer-encoding:
      - chunked
      vary:
      - Accept-Encoding
      x-content-type-options:
      - nosniff
      x-ms-arm-service-request-id:
      - 5b6383a7-fb80-4df0-bd44-148d70cba2e1
    status:
      code: 200
      message: OK
- request:
    body: null
    headers:
      Accept:
      - application/json
      Accept-Encoding:
      - gzip, deflate
      Connection:
      - keep-alive
      User-Agent:
      - azsdk-python-azure-mgmt-network/19.1.0 Python/3.8.11 (Linux-5.8.0-1039-azure-x86_64-with-glibc2.2.5)
        VSTS_0fb41ef4-5012-48a9-bf39-4ee3de03ee35_build_2500_0
    method: GET
    uri: https://management.azure.com/subscriptions/00000000-0000-0000-0000-000000000000/resourceGroups/rgname/providers/Microsoft.Network/loadBalancers/myLoadBalancer/frontendIPConfigurations/myFrontendIpconfiguration?api-version=2021-03-01
  response:
    body:
      string: "{\r\n  \"name\": \"myFrontendIpconfiguration\",\r\n  \"id\": \"/subscriptions/00000000-0000-0000-0000-000000000000/resourceGroups/rgname/providers/Microsoft.Network/loadBalancers/myLoadBalancer/frontendIPConfigurations/myFrontendIpconfiguration\",\r\n
        \ \"etag\": \"W/\\\"4f5595a3-a401-4153-9794-631f63ec26b2\\\"\",\r\n  \"type\":
        \"Microsoft.Network/loadBalancers/frontendIPConfigurations\",\r\n  \"properties\":
        {\r\n    \"provisioningState\": \"Succeeded\",\r\n    \"privateIPAllocationMethod\":
        \"Dynamic\",\r\n    \"publicIPAddress\": {\r\n      \"id\": \"/subscriptions/00000000-0000-0000-0000-000000000000/resourceGroups/rgname/providers/Microsoft.Network/publicIPAddresses/public_ip_address_name\"\r\n
        \   },\r\n    \"loadBalancingRules\": [\r\n      {\r\n        \"id\": \"/subscriptions/00000000-0000-0000-0000-000000000000/resourceGroups/rgname/providers/Microsoft.Network/loadBalancers/myLoadBalancer/loadBalancingRules/myLoadBalancingRule\"\r\n
        \     }\r\n    ],\r\n    \"inboundNatRules\": [\r\n      {\r\n        \"id\":
        \"/subscriptions/00000000-0000-0000-0000-000000000000/resourceGroups/rgname/providers/Microsoft.Network/loadBalancers/myLoadBalancer/inboundNatRules/myInboundNatRule\"\r\n
        \     }\r\n    ],\r\n    \"outboundRules\": [\r\n      {\r\n        \"id\":
        \"/subscriptions/00000000-0000-0000-0000-000000000000/resourceGroups/rgname/providers/Microsoft.Network/loadBalancers/myLoadBalancer/outboundRules/myOutboundRule\"\r\n
        \     }\r\n    ]\r\n  }\r\n}"
    headers:
      cache-control:
      - no-cache
      content-length:
      - '1737'
      content-type:
      - application/json; charset=utf-8
      date:
      - Mon, 30 Aug 2021 10:22:56 GMT
      etag:
      - W/"4f5595a3-a401-4153-9794-631f63ec26b2"
      expires:
      - '-1'
      pragma:
      - no-cache
      server:
      - Microsoft-HTTPAPI/2.0
      - Microsoft-HTTPAPI/2.0
      strict-transport-security:
      - max-age=31536000; includeSubDomains
      transfer-encoding:
      - chunked
      vary:
      - Accept-Encoding
      x-content-type-options:
      - nosniff
      x-ms-arm-service-request-id:
      - e4d36114-0632-4075-a70c-7c540ec3c4ff
    status:
      code: 200
      message: OK
- request:
    body: null
    headers:
      Accept:
      - application/json
      Accept-Encoding:
      - gzip, deflate
      Connection:
      - keep-alive
      User-Agent:
      - azsdk-python-azure-mgmt-network/19.1.0 Python/3.8.11 (Linux-5.8.0-1039-azure-x86_64-with-glibc2.2.5)
        VSTS_0fb41ef4-5012-48a9-bf39-4ee3de03ee35_build_2500_0
    method: GET
    uri: https://management.azure.com/subscriptions/00000000-0000-0000-0000-000000000000/resourceGroups/rgname/providers/Microsoft.Network/loadBalancers/myLoadBalancer/backendAddressPools/myBackendAddressPool?api-version=2021-03-01
  response:
    body:
      string: "{\r\n  \"name\": \"myBackendAddressPool\",\r\n  \"id\": \"/subscriptions/00000000-0000-0000-0000-000000000000/resourceGroups/rgname/providers/Microsoft.Network/loadBalancers/myLoadBalancer/backendAddressPools/myBackendAddressPool\",\r\n
        \ \"etag\": \"W/\\\"4f5595a3-a401-4153-9794-631f63ec26b2\\\"\",\r\n  \"properties\":
        {\r\n    \"provisioningState\": \"Succeeded\",\r\n    \"loadBalancerBackendAddresses\":
        [],\r\n    \"outboundRules\": [\r\n      {\r\n        \"id\": \"/subscriptions/00000000-0000-0000-0000-000000000000/resourceGroups/rgname/providers/Microsoft.Network/loadBalancers/myLoadBalancer/outboundRules/myOutboundRule\"\r\n
        \     }\r\n    ],\r\n    \"loadBalancingRules\": [\r\n      {\r\n        \"id\":
        \"/subscriptions/00000000-0000-0000-0000-000000000000/resourceGroups/rgname/providers/Microsoft.Network/loadBalancers/myLoadBalancer/loadBalancingRules/myLoadBalancingRule\"\r\n
        \     }\r\n    ]\r\n  },\r\n  \"type\": \"Microsoft.Network/loadBalancers/backendAddressPools\"\r\n}"
    headers:
      cache-control:
      - no-cache
      content-length:
      - '1140'
      content-type:
      - application/json; charset=utf-8
      date:
      - Mon, 30 Aug 2021 10:22:56 GMT
      etag:
      - W/"4f5595a3-a401-4153-9794-631f63ec26b2"
      expires:
      - '-1'
      pragma:
      - no-cache
      server:
      - Microsoft-HTTPAPI/2.0
      - Microsoft-HTTPAPI/2.0
      strict-transport-security:
      - max-age=31536000; includeSubDomains
      transfer-encoding:
      - chunked
      vary:
      - Accept-Encoding
      x-content-type-options:
      - nosniff
      x-ms-arm-service-request-id:
      - 243521fb-6968-4590-905f-5637dde267dd
    status:
      code: 200
      message: OK
- request:
    body: null
    headers:
      Accept:
      - application/json
      Accept-Encoding:
      - gzip, deflate
      Connection:
      - keep-alive
      User-Agent:
      - azsdk-python-azure-mgmt-network/19.1.0 Python/3.8.11 (Linux-5.8.0-1039-azure-x86_64-with-glibc2.2.5)
        VSTS_0fb41ef4-5012-48a9-bf39-4ee3de03ee35_build_2500_0
    method: GET
    uri: https://management.azure.com/subscriptions/00000000-0000-0000-0000-000000000000/resourceGroups/rgname/providers/Microsoft.Network/loadBalancers/myLoadBalancer/loadBalancingRules/myLoadBalancingRule?api-version=2021-03-01
  response:
    body:
      string: "{\r\n  \"name\": \"myLoadBalancingRule\",\r\n  \"id\": \"/subscriptions/00000000-0000-0000-0000-000000000000/resourceGroups/rgname/providers/Microsoft.Network/loadBalancers/myLoadBalancer/loadBalancingRules/myLoadBalancingRule\",\r\n
        \ \"etag\": \"W/\\\"4f5595a3-a401-4153-9794-631f63ec26b2\\\"\",\r\n  \"type\":
        \"Microsoft.Network/loadBalancers/loadBalancingRules\",\r\n  \"properties\":
        {\r\n    \"provisioningState\": \"Succeeded\",\r\n    \"frontendIPConfiguration\":
        {\r\n      \"id\": \"/subscriptions/00000000-0000-0000-0000-000000000000/resourceGroups/rgname/providers/Microsoft.Network/loadBalancers/myLoadBalancer/frontendIPConfigurations/myFrontendIpconfiguration\"\r\n
        \   },\r\n    \"frontendPort\": 80,\r\n    \"backendPort\": 80,\r\n    \"enableFloatingIP\":
        true,\r\n    \"idleTimeoutInMinutes\": 15,\r\n    \"protocol\": \"Tcp\",\r\n
        \   \"enableDestinationServiceEndpoint\": false,\r\n    \"enableTcpReset\":
        false,\r\n    \"allowBackendPortConflict\": false,\r\n    \"loadDistribution\":
        \"Default\",\r\n    \"disableOutboundSnat\": true,\r\n    \"backendAddressPool\":
        {\r\n      \"id\": \"/subscriptions/00000000-0000-0000-0000-000000000000/resourceGroups/rgname/providers/Microsoft.Network/loadBalancers/myLoadBalancer/backendAddressPools/myBackendAddressPool\"\r\n
        \   },\r\n    \"backendAddressPools\": [\r\n      {\r\n        \"id\": \"/subscriptions/00000000-0000-0000-0000-000000000000/resourceGroups/rgname/providers/Microsoft.Network/loadBalancers/myLoadBalancer/backendAddressPools/myBackendAddressPool\"\r\n
        \     }\r\n    ],\r\n    \"probe\": {\r\n      \"id\": \"/subscriptions/00000000-0000-0000-0000-000000000000/resourceGroups/rgname/providers/Microsoft.Network/loadBalancers/myLoadBalancer/probes/myProbe\"\r\n
        \   }\r\n  }\r\n}"
    headers:
      cache-control:
      - no-cache
      content-length:
      - '1992'
      content-type:
      - application/json; charset=utf-8
      date:
      - Mon, 30 Aug 2021 10:22:57 GMT
      etag:
      - W/"4f5595a3-a401-4153-9794-631f63ec26b2"
      expires:
      - '-1'
      pragma:
      - no-cache
      server:
      - Microsoft-HTTPAPI/2.0
      - Microsoft-HTTPAPI/2.0
      strict-transport-security:
      - max-age=31536000; includeSubDomains
      transfer-encoding:
      - chunked
      vary:
      - Accept-Encoding
      x-content-type-options:
      - nosniff
      x-ms-arm-service-request-id:
      - 288bbac2-f796-42d8-a74a-dddd23396dbf
    status:
      code: 200
      message: OK
- request:
    body: null
    headers:
      Accept:
      - application/json
      Accept-Encoding:
      - gzip, deflate
      Connection:
      - keep-alive
      User-Agent:
      - azsdk-python-azure-mgmt-network/19.1.0 Python/3.8.11 (Linux-5.8.0-1039-azure-x86_64-with-glibc2.2.5)
        VSTS_0fb41ef4-5012-48a9-bf39-4ee3de03ee35_build_2500_0
    method: GET
    uri: https://management.azure.com/subscriptions/00000000-0000-0000-0000-000000000000/resourceGroups/rgname/providers/Microsoft.Network/loadBalancers/myLoadBalancer/inboundNatRules/myInboundNatRule?api-version=2021-03-01
  response:
    body:
      string: "{\r\n  \"name\": \"myInboundNatRule\",\r\n  \"id\": \"/subscriptions/00000000-0000-0000-0000-000000000000/resourceGroups/rgname/providers/Microsoft.Network/loadBalancers/myLoadBalancer/inboundNatRules/myInboundNatRule\",\r\n
        \ \"etag\": \"W/\\\"4f5595a3-a401-4153-9794-631f63ec26b2\\\"\",\r\n  \"type\":
        \"Microsoft.Network/loadBalancers/inboundNatRules\",\r\n  \"properties\":
        {\r\n    \"provisioningState\": \"Succeeded\",\r\n    \"frontendIPConfiguration\":
        {\r\n      \"id\": \"/subscriptions/00000000-0000-0000-0000-000000000000/resourceGroups/rgname/providers/Microsoft.Network/loadBalancers/myLoadBalancer/frontendIPConfigurations/myFrontendIpconfiguration\"\r\n
        \   },\r\n    \"frontendPort\": 3390,\r\n    \"backendPort\": 3389,\r\n    \"enableFloatingIP\":
        false,\r\n    \"idleTimeoutInMinutes\": 4,\r\n    \"protocol\": \"Tcp\",\r\n
        \   \"enableDestinationServiceEndpoint\": false,\r\n    \"enableTcpReset\":
        false,\r\n    \"allowBackendPortConflict\": false\r\n  }\r\n}"
    headers:
      cache-control:
      - no-cache
      content-length:
      - '1038'
      content-type:
      - application/json; charset=utf-8
      date:
      - Mon, 30 Aug 2021 10:22:57 GMT
      etag:
      - W/"4f5595a3-a401-4153-9794-631f63ec26b2"
      expires:
      - '-1'
      pragma:
      - no-cache
      server:
      - Microsoft-HTTPAPI/2.0
      - Microsoft-HTTPAPI/2.0
      strict-transport-security:
      - max-age=31536000; includeSubDomains
      transfer-encoding:
      - chunked
      vary:
      - Accept-Encoding
      x-content-type-options:
      - nosniff
      x-ms-arm-service-request-id:
      - fe68c1cb-0918-4211-820e-e07a2f68a046
    status:
      code: 200
      message: OK
- request:
    body: null
    headers:
      Accept:
      - application/json
      Accept-Encoding:
      - gzip, deflate
      Connection:
      - keep-alive
      User-Agent:
      - azsdk-python-azure-mgmt-network/19.1.0 Python/3.8.11 (Linux-5.8.0-1039-azure-x86_64-with-glibc2.2.5)
        VSTS_0fb41ef4-5012-48a9-bf39-4ee3de03ee35_build_2500_0
    method: GET
    uri: https://management.azure.com/subscriptions/00000000-0000-0000-0000-000000000000/resourceGroups/rgname/providers/Microsoft.Network/loadBalancers/myLoadBalancer/outboundRules/myOutboundRule?api-version=2021-03-01
  response:
    body:
      string: "{\r\n  \"name\": \"myOutboundRule\",\r\n  \"id\": \"/subscriptions/00000000-0000-0000-0000-000000000000/resourceGroups/rgname/providers/Microsoft.Network/loadBalancers/myLoadBalancer/outboundRules/myOutboundRule\",\r\n
        \ \"etag\": \"W/\\\"4f5595a3-a401-4153-9794-631f63ec26b2\\\"\",\r\n  \"type\":
        \"Microsoft.Network/loadBalancers/outboundRules\",\r\n  \"properties\": {\r\n
        \   \"provisioningState\": \"Succeeded\",\r\n    \"allocatedOutboundPorts\":
        1024,\r\n    \"protocol\": \"All\",\r\n    \"enableTcpReset\": false,\r\n
        \   \"idleTimeoutInMinutes\": 4,\r\n    \"backendAddressPool\": {\r\n      \"id\":
        \"/subscriptions/00000000-0000-0000-0000-000000000000/resourceGroups/rgname/providers/Microsoft.Network/loadBalancers/myLoadBalancer/backendAddressPools/myBackendAddressPool\"\r\n
        \   },\r\n    \"frontendIPConfigurations\": [\r\n      {\r\n        \"id\":
        \"/subscriptions/00000000-0000-0000-0000-000000000000/resourceGroups/rgname/providers/Microsoft.Network/loadBalancers/myLoadBalancer/frontendIPConfigurations/myFrontendIpconfiguration\"\r\n
        \     }\r\n    ]\r\n  }\r\n}"
    headers:
      cache-control:
      - no-cache
      content-length:
      - '1213'
      content-type:
      - application/json; charset=utf-8
      date:
      - Mon, 30 Aug 2021 10:22:57 GMT
      etag:
      - W/"4f5595a3-a401-4153-9794-631f63ec26b2"
      expires:
      - '-1'
      pragma:
      - no-cache
      server:
      - Microsoft-HTTPAPI/2.0
      - Microsoft-HTTPAPI/2.0
      strict-transport-security:
      - max-age=31536000; includeSubDomains
      transfer-encoding:
      - chunked
      vary:
      - Accept-Encoding
      x-content-type-options:
      - nosniff
      x-ms-arm-service-request-id:
      - f3a440b3-def7-4650-8a54-101622c15bd9
    status:
      code: 200
      message: OK
- request:
    body: null
    headers:
      Accept:
      - application/json
      Accept-Encoding:
      - gzip, deflate
      Connection:
      - keep-alive
      User-Agent:
      - azsdk-python-azure-mgmt-network/19.1.0 Python/3.8.11 (Linux-5.8.0-1039-azure-x86_64-with-glibc2.2.5)
        VSTS_0fb41ef4-5012-48a9-bf39-4ee3de03ee35_build_2500_0
    method: GET
    uri: https://management.azure.com/subscriptions/00000000-0000-0000-0000-000000000000/resourceGroups/rgname/providers/Microsoft.Network/loadBalancers/myLoadBalancer/probes/myProbe?api-version=2021-03-01
  response:
    body:
      string: "{\r\n  \"name\": \"myProbe\",\r\n  \"id\": \"/subscriptions/00000000-0000-0000-0000-000000000000/resourceGroups/rgname/providers/Microsoft.Network/loadBalancers/myLoadBalancer/probes/myProbe\",\r\n
        \ \"etag\": \"W/\\\"4f5595a3-a401-4153-9794-631f63ec26b2\\\"\",\r\n  \"properties\":
        {\r\n    \"provisioningState\": \"Succeeded\",\r\n    \"protocol\": \"Http\",\r\n
        \   \"port\": 80,\r\n    \"requestPath\": \"healthcheck.aspx\",\r\n    \"intervalInSeconds\":
        15,\r\n    \"numberOfProbes\": 2,\r\n    \"loadBalancingRules\": [\r\n      {\r\n
        \       \"id\": \"/subscriptions/00000000-0000-0000-0000-000000000000/resourceGroups/rgname/providers/Microsoft.Network/loadBalancers/myLoadBalancer/loadBalancingRules/myLoadBalancingRule\"\r\n
        \     }\r\n    ]\r\n  },\r\n  \"type\": \"Microsoft.Network/loadBalancers/probes\"\r\n}"
    headers:
      cache-control:
      - no-cache
      content-length:
      - '884'
      content-type:
      - application/json; charset=utf-8
      date:
      - Mon, 30 Aug 2021 10:22:57 GMT
      etag:
      - W/"4f5595a3-a401-4153-9794-631f63ec26b2"
      expires:
      - '-1'
      pragma:
      - no-cache
      server:
      - Microsoft-HTTPAPI/2.0
      - Microsoft-HTTPAPI/2.0
      strict-transport-security:
      - max-age=31536000; includeSubDomains
      transfer-encoding:
      - chunked
      vary:
      - Accept-Encoding
      x-content-type-options:
      - nosniff
      x-ms-arm-service-request-id:
      - ac81db32-c674-4df5-af78-8da581e8f58c
    status:
      code: 200
      message: OK
- request:
    body: null
    headers:
      Accept:
      - application/json
      Accept-Encoding:
      - gzip, deflate
      Connection:
      - keep-alive
      User-Agent:
      - azsdk-python-azure-mgmt-network/19.1.0 Python/3.8.11 (Linux-5.8.0-1039-azure-x86_64-with-glibc2.2.5)
        VSTS_0fb41ef4-5012-48a9-bf39-4ee3de03ee35_build_2500_0
    method: GET
    uri: https://management.azure.com/subscriptions/00000000-0000-0000-0000-000000000000/resourceGroups/rgname/providers/Microsoft.Network/loadBalancers/myLoadBalancer?api-version=2021-03-01
  response:
    body:
      string: "{\r\n  \"name\": \"myLoadBalancer\",\r\n  \"id\": \"/subscriptions/00000000-0000-0000-0000-000000000000/resourceGroups/rgname/providers/Microsoft.Network/loadBalancers/myLoadBalancer\",\r\n
        \ \"etag\": \"W/\\\"4f5595a3-a401-4153-9794-631f63ec26b2\\\"\",\r\n  \"type\":
        \"Microsoft.Network/loadBalancers\",\r\n  \"location\": \"eastus\",\r\n  \"properties\":
        {\r\n    \"provisioningState\": \"Succeeded\",\r\n    \"resourceGuid\": \"461c75b4-c89b-4b13-b96e-312565c24b43\",\r\n
        \   \"frontendIPConfigurations\": [\r\n      {\r\n        \"name\": \"myFrontendIpconfiguration\",\r\n
        \       \"id\": \"/subscriptions/00000000-0000-0000-0000-000000000000/resourceGroups/rgname/providers/Microsoft.Network/loadBalancers/myLoadBalancer/frontendIPConfigurations/myFrontendIpconfiguration\",\r\n
        \       \"etag\": \"W/\\\"4f5595a3-a401-4153-9794-631f63ec26b2\\\"\",\r\n
        \       \"type\": \"Microsoft.Network/loadBalancers/frontendIPConfigurations\",\r\n
        \       \"properties\": {\r\n          \"provisioningState\": \"Succeeded\",\r\n
        \         \"privateIPAllocationMethod\": \"Dynamic\",\r\n          \"publicIPAddress\":
        {\r\n            \"id\": \"/subscriptions/00000000-0000-0000-0000-000000000000/resourceGroups/rgname/providers/Microsoft.Network/publicIPAddresses/public_ip_address_name\"\r\n
        \         },\r\n          \"loadBalancingRules\": [\r\n            {\r\n              \"id\":
        \"/subscriptions/00000000-0000-0000-0000-000000000000/resourceGroups/rgname/providers/Microsoft.Network/loadBalancers/myLoadBalancer/loadBalancingRules/myLoadBalancingRule\"\r\n
        \           }\r\n          ],\r\n          \"inboundNatRules\": [\r\n            {\r\n
        \             \"id\": \"/subscriptions/00000000-0000-0000-0000-000000000000/resourceGroups/rgname/providers/Microsoft.Network/loadBalancers/myLoadBalancer/inboundNatRules/myInboundNatRule\"\r\n
        \           }\r\n          ],\r\n          \"outboundRules\": [\r\n            {\r\n
        \             \"id\": \"/subscriptions/00000000-0000-0000-0000-000000000000/resourceGroups/rgname/providers/Microsoft.Network/loadBalancers/myLoadBalancer/outboundRules/myOutboundRule\"\r\n
        \           }\r\n          ]\r\n        }\r\n      }\r\n    ],\r\n    \"backendAddressPools\":
        [\r\n      {\r\n        \"name\": \"myBackendAddressPool\",\r\n        \"id\":
        \"/subscriptions/00000000-0000-0000-0000-000000000000/resourceGroups/rgname/providers/Microsoft.Network/loadBalancers/myLoadBalancer/backendAddressPools/myBackendAddressPool\",\r\n
        \       \"etag\": \"W/\\\"4f5595a3-a401-4153-9794-631f63ec26b2\\\"\",\r\n
        \       \"properties\": {\r\n          \"provisioningState\": \"Succeeded\",\r\n
        \         \"loadBalancerBackendAddresses\": [],\r\n          \"outboundRules\":
        [\r\n            {\r\n              \"id\": \"/subscriptions/00000000-0000-0000-0000-000000000000/resourceGroups/rgname/providers/Microsoft.Network/loadBalancers/myLoadBalancer/outboundRules/myOutboundRule\"\r\n
        \           }\r\n          ],\r\n          \"loadBalancingRules\": [\r\n            {\r\n
        \             \"id\": \"/subscriptions/00000000-0000-0000-0000-000000000000/resourceGroups/rgname/providers/Microsoft.Network/loadBalancers/myLoadBalancer/loadBalancingRules/myLoadBalancingRule\"\r\n
        \           }\r\n          ]\r\n        },\r\n        \"type\": \"Microsoft.Network/loadBalancers/backendAddressPools\"\r\n
        \     }\r\n    ],\r\n    \"loadBalancingRules\": [\r\n      {\r\n        \"name\":
        \"myLoadBalancingRule\",\r\n        \"id\": \"/subscriptions/00000000-0000-0000-0000-000000000000/resourceGroups/rgname/providers/Microsoft.Network/loadBalancers/myLoadBalancer/loadBalancingRules/myLoadBalancingRule\",\r\n
        \       \"etag\": \"W/\\\"4f5595a3-a401-4153-9794-631f63ec26b2\\\"\",\r\n
        \       \"type\": \"Microsoft.Network/loadBalancers/loadBalancingRules\",\r\n
        \       \"properties\": {\r\n          \"provisioningState\": \"Succeeded\",\r\n
        \         \"frontendIPConfiguration\": {\r\n            \"id\": \"/subscriptions/00000000-0000-0000-0000-000000000000/resourceGroups/rgname/providers/Microsoft.Network/loadBalancers/myLoadBalancer/frontendIPConfigurations/myFrontendIpconfiguration\"\r\n
        \         },\r\n          \"frontendPort\": 80,\r\n          \"backendPort\":
        80,\r\n          \"enableFloatingIP\": true,\r\n          \"idleTimeoutInMinutes\":
        15,\r\n          \"protocol\": \"Tcp\",\r\n          \"enableDestinationServiceEndpoint\":
        false,\r\n          \"enableTcpReset\": false,\r\n          \"allowBackendPortConflict\":
        false,\r\n          \"loadDistribution\": \"Default\",\r\n          \"disableOutboundSnat\":
        true,\r\n          \"backendAddressPool\": {\r\n            \"id\": \"/subscriptions/00000000-0000-0000-0000-000000000000/resourceGroups/rgname/providers/Microsoft.Network/loadBalancers/myLoadBalancer/backendAddressPools/myBackendAddressPool\"\r\n
        \         },\r\n          \"backendAddressPools\": [\r\n            {\r\n
        \             \"id\": \"/subscriptions/00000000-0000-0000-0000-000000000000/resourceGroups/rgname/providers/Microsoft.Network/loadBalancers/myLoadBalancer/backendAddressPools/myBackendAddressPool\"\r\n
        \           }\r\n          ],\r\n          \"probe\": {\r\n            \"id\":
        \"/subscriptions/00000000-0000-0000-0000-000000000000/resourceGroups/rgname/providers/Microsoft.Network/loadBalancers/myLoadBalancer/probes/myProbe\"\r\n
        \         }\r\n        }\r\n      }\r\n    ],\r\n    \"probes\": [\r\n      {\r\n
        \       \"name\": \"myProbe\",\r\n        \"id\": \"/subscriptions/00000000-0000-0000-0000-000000000000/resourceGroups/rgname/providers/Microsoft.Network/loadBalancers/myLoadBalancer/probes/myProbe\",\r\n
        \       \"etag\": \"W/\\\"4f5595a3-a401-4153-9794-631f63ec26b2\\\"\",\r\n
        \       \"properties\": {\r\n          \"provisioningState\": \"Succeeded\",\r\n
        \         \"protocol\": \"Http\",\r\n          \"port\": 80,\r\n          \"requestPath\":
        \"healthcheck.aspx\",\r\n          \"intervalInSeconds\": 15,\r\n          \"numberOfProbes\":
        2,\r\n          \"loadBalancingRules\": [\r\n            {\r\n              \"id\":
        \"/subscriptions/00000000-0000-0000-0000-000000000000/resourceGroups/rgname/providers/Microsoft.Network/loadBalancers/myLoadBalancer/loadBalancingRules/myLoadBalancingRule\"\r\n
        \           }\r\n          ]\r\n        },\r\n        \"type\": \"Microsoft.Network/loadBalancers/probes\"\r\n
        \     }\r\n    ],\r\n    \"inboundNatRules\": [\r\n      {\r\n        \"name\":
        \"myInboundNatRule\",\r\n        \"id\": \"/subscriptions/00000000-0000-0000-0000-000000000000/resourceGroups/rgname/providers/Microsoft.Network/loadBalancers/myLoadBalancer/inboundNatRules/myInboundNatRule\",\r\n
        \       \"etag\": \"W/\\\"4f5595a3-a401-4153-9794-631f63ec26b2\\\"\",\r\n
        \       \"type\": \"Microsoft.Network/loadBalancers/inboundNatRules\",\r\n
        \       \"properties\": {\r\n          \"provisioningState\": \"Succeeded\",\r\n
        \         \"frontendIPConfiguration\": {\r\n            \"id\": \"/subscriptions/00000000-0000-0000-0000-000000000000/resourceGroups/rgname/providers/Microsoft.Network/loadBalancers/myLoadBalancer/frontendIPConfigurations/myFrontendIpconfiguration\"\r\n
        \         },\r\n          \"frontendPort\": 3390,\r\n          \"backendPort\":
        3389,\r\n          \"enableFloatingIP\": false,\r\n          \"idleTimeoutInMinutes\":
        4,\r\n          \"protocol\": \"Tcp\",\r\n          \"enableDestinationServiceEndpoint\":
        false,\r\n          \"enableTcpReset\": false,\r\n          \"allowBackendPortConflict\":
        false\r\n        }\r\n      }\r\n    ],\r\n    \"outboundRules\": [\r\n      {\r\n
        \       \"name\": \"myOutboundRule\",\r\n        \"id\": \"/subscriptions/00000000-0000-0000-0000-000000000000/resourceGroups/rgname/providers/Microsoft.Network/loadBalancers/myLoadBalancer/outboundRules/myOutboundRule\",\r\n
        \       \"etag\": \"W/\\\"4f5595a3-a401-4153-9794-631f63ec26b2\\\"\",\r\n
        \       \"type\": \"Microsoft.Network/loadBalancers/outboundRules\",\r\n        \"properties\":
        {\r\n          \"provisioningState\": \"Succeeded\",\r\n          \"allocatedOutboundPorts\":
        1024,\r\n          \"protocol\": \"All\",\r\n          \"enableTcpReset\":
        false,\r\n          \"idleTimeoutInMinutes\": 4,\r\n          \"backendAddressPool\":
        {\r\n            \"id\": \"/subscriptions/00000000-0000-0000-0000-000000000000/resourceGroups/rgname/providers/Microsoft.Network/loadBalancers/myLoadBalancer/backendAddressPools/myBackendAddressPool\"\r\n
        \         },\r\n          \"frontendIPConfigurations\": [\r\n            {\r\n
        \             \"id\": \"/subscriptions/00000000-0000-0000-0000-000000000000/resourceGroups/rgname/providers/Microsoft.Network/loadBalancers/myLoadBalancer/frontendIPConfigurations/myFrontendIpconfiguration\"\r\n
        \           }\r\n          ]\r\n        }\r\n      }\r\n    ],\r\n    \"inboundNatPools\":
        []\r\n  },\r\n  \"sku\": {\r\n    \"name\": \"Standard\",\r\n    \"tier\":
        \"Regional\"\r\n  }\r\n}"
    headers:
      cache-control:
      - no-cache
      content-length:
      - '9667'
      content-type:
      - application/json; charset=utf-8
      date:
      - Mon, 30 Aug 2021 10:22:57 GMT
      etag:
      - W/"4f5595a3-a401-4153-9794-631f63ec26b2"
      expires:
      - '-1'
      pragma:
      - no-cache
      server:
      - Microsoft-HTTPAPI/2.0
      - Microsoft-HTTPAPI/2.0
      strict-transport-security:
      - max-age=31536000; includeSubDomains
      transfer-encoding:
      - chunked
      vary:
      - Accept-Encoding
      x-content-type-options:
      - nosniff
      x-ms-arm-service-request-id:
      - 3582d1a4-36b5-4add-914f-26f425b80411
    status:
      code: 200
      message: OK
- request:
    body: '{"tags": {"tag1": "value1", "tag2": "value2"}}'
    headers:
      Accept:
      - application/json
      Accept-Encoding:
      - gzip, deflate
      Connection:
      - keep-alive
      Content-Length:
      - '46'
      Content-Type:
      - application/json
      User-Agent:
      - azsdk-python-azure-mgmt-network/19.1.0 Python/3.8.11 (Linux-5.8.0-1039-azure-x86_64-with-glibc2.2.5)
        VSTS_0fb41ef4-5012-48a9-bf39-4ee3de03ee35_build_2500_0
    method: PATCH
    uri: https://management.azure.com/subscriptions/00000000-0000-0000-0000-000000000000/resourceGroups/rgname/providers/Microsoft.Network/loadBalancers/myLoadBalancer?api-version=2021-03-01
  response:
    body:
      string: "{\r\n  \"name\": \"myLoadBalancer\",\r\n  \"id\": \"/subscriptions/00000000-0000-0000-0000-000000000000/resourceGroups/rgname/providers/Microsoft.Network/loadBalancers/myLoadBalancer\",\r\n
        \ \"etag\": \"W/\\\"0d94e3b7-11f7-4986-8e3d-b16072832bf3\\\"\",\r\n  \"type\":
        \"Microsoft.Network/loadBalancers\",\r\n  \"location\": \"eastus\",\r\n  \"tags\":
        {\r\n    \"tag1\": \"value1\",\r\n    \"tag2\": \"value2\"\r\n  },\r\n  \"properties\":
        {\r\n    \"provisioningState\": \"Succeeded\",\r\n    \"resourceGuid\": \"461c75b4-c89b-4b13-b96e-312565c24b43\",\r\n
        \   \"frontendIPConfigurations\": [\r\n      {\r\n        \"name\": \"myFrontendIpconfiguration\",\r\n
        \       \"id\": \"/subscriptions/00000000-0000-0000-0000-000000000000/resourceGroups/rgname/providers/Microsoft.Network/loadBalancers/myLoadBalancer/frontendIPConfigurations/myFrontendIpconfiguration\",\r\n
        \       \"etag\": \"W/\\\"0d94e3b7-11f7-4986-8e3d-b16072832bf3\\\"\",\r\n
        \       \"type\": \"Microsoft.Network/loadBalancers/frontendIPConfigurations\",\r\n
        \       \"properties\": {\r\n          \"provisioningState\": \"Succeeded\",\r\n
        \         \"privateIPAllocationMethod\": \"Dynamic\",\r\n          \"publicIPAddress\":
        {\r\n            \"id\": \"/subscriptions/00000000-0000-0000-0000-000000000000/resourceGroups/rgname/providers/Microsoft.Network/publicIPAddresses/public_ip_address_name\"\r\n
        \         },\r\n          \"loadBalancingRules\": [\r\n            {\r\n              \"id\":
        \"/subscriptions/00000000-0000-0000-0000-000000000000/resourceGroups/rgname/providers/Microsoft.Network/loadBalancers/myLoadBalancer/loadBalancingRules/myLoadBalancingRule\"\r\n
        \           }\r\n          ],\r\n          \"inboundNatRules\": [\r\n            {\r\n
        \             \"id\": \"/subscriptions/00000000-0000-0000-0000-000000000000/resourceGroups/rgname/providers/Microsoft.Network/loadBalancers/myLoadBalancer/inboundNatRules/myInboundNatRule\"\r\n
        \           }\r\n          ],\r\n          \"outboundRules\": [\r\n            {\r\n
        \             \"id\": \"/subscriptions/00000000-0000-0000-0000-000000000000/resourceGroups/rgname/providers/Microsoft.Network/loadBalancers/myLoadBalancer/outboundRules/myOutboundRule\"\r\n
        \           }\r\n          ]\r\n        }\r\n      }\r\n    ],\r\n    \"backendAddressPools\":
        [\r\n      {\r\n        \"name\": \"myBackendAddressPool\",\r\n        \"id\":
        \"/subscriptions/00000000-0000-0000-0000-000000000000/resourceGroups/rgname/providers/Microsoft.Network/loadBalancers/myLoadBalancer/backendAddressPools/myBackendAddressPool\",\r\n
        \       \"etag\": \"W/\\\"0d94e3b7-11f7-4986-8e3d-b16072832bf3\\\"\",\r\n
        \       \"properties\": {\r\n          \"provisioningState\": \"Succeeded\",\r\n
        \         \"loadBalancerBackendAddresses\": [],\r\n          \"outboundRules\":
        [\r\n            {\r\n              \"id\": \"/subscriptions/00000000-0000-0000-0000-000000000000/resourceGroups/rgname/providers/Microsoft.Network/loadBalancers/myLoadBalancer/outboundRules/myOutboundRule\"\r\n
        \           }\r\n          ],\r\n          \"loadBalancingRules\": [\r\n            {\r\n
        \             \"id\": \"/subscriptions/00000000-0000-0000-0000-000000000000/resourceGroups/rgname/providers/Microsoft.Network/loadBalancers/myLoadBalancer/loadBalancingRules/myLoadBalancingRule\"\r\n
        \           }\r\n          ]\r\n        },\r\n        \"type\": \"Microsoft.Network/loadBalancers/backendAddressPools\"\r\n
        \     }\r\n    ],\r\n    \"loadBalancingRules\": [\r\n      {\r\n        \"name\":
        \"myLoadBalancingRule\",\r\n        \"id\": \"/subscriptions/00000000-0000-0000-0000-000000000000/resourceGroups/rgname/providers/Microsoft.Network/loadBalancers/myLoadBalancer/loadBalancingRules/myLoadBalancingRule\",\r\n
        \       \"etag\": \"W/\\\"0d94e3b7-11f7-4986-8e3d-b16072832bf3\\\"\",\r\n
        \       \"type\": \"Microsoft.Network/loadBalancers/loadBalancingRules\",\r\n
        \       \"properties\": {\r\n          \"provisioningState\": \"Succeeded\",\r\n
        \         \"frontendIPConfiguration\": {\r\n            \"id\": \"/subscriptions/00000000-0000-0000-0000-000000000000/resourceGroups/rgname/providers/Microsoft.Network/loadBalancers/myLoadBalancer/frontendIPConfigurations/myFrontendIpconfiguration\"\r\n
        \         },\r\n          \"frontendPort\": 80,\r\n          \"backendPort\":
        80,\r\n          \"enableFloatingIP\": true,\r\n          \"idleTimeoutInMinutes\":
        15,\r\n          \"protocol\": \"Tcp\",\r\n          \"enableDestinationServiceEndpoint\":
        false,\r\n          \"enableTcpReset\": false,\r\n          \"allowBackendPortConflict\":
        false,\r\n          \"loadDistribution\": \"Default\",\r\n          \"disableOutboundSnat\":
        true,\r\n          \"backendAddressPool\": {\r\n            \"id\": \"/subscriptions/00000000-0000-0000-0000-000000000000/resourceGroups/rgname/providers/Microsoft.Network/loadBalancers/myLoadBalancer/backendAddressPools/myBackendAddressPool\"\r\n
        \         },\r\n          \"backendAddressPools\": [\r\n            {\r\n
        \             \"id\": \"/subscriptions/00000000-0000-0000-0000-000000000000/resourceGroups/rgname/providers/Microsoft.Network/loadBalancers/myLoadBalancer/backendAddressPools/myBackendAddressPool\"\r\n
        \           }\r\n          ],\r\n          \"probe\": {\r\n            \"id\":
        \"/subscriptions/00000000-0000-0000-0000-000000000000/resourceGroups/rgname/providers/Microsoft.Network/loadBalancers/myLoadBalancer/probes/myProbe\"\r\n
        \         }\r\n        }\r\n      }\r\n    ],\r\n    \"probes\": [\r\n      {\r\n
        \       \"name\": \"myProbe\",\r\n        \"id\": \"/subscriptions/00000000-0000-0000-0000-000000000000/resourceGroups/rgname/providers/Microsoft.Network/loadBalancers/myLoadBalancer/probes/myProbe\",\r\n
        \       \"etag\": \"W/\\\"0d94e3b7-11f7-4986-8e3d-b16072832bf3\\\"\",\r\n
        \       \"properties\": {\r\n          \"provisioningState\": \"Succeeded\",\r\n
        \         \"protocol\": \"Http\",\r\n          \"port\": 80,\r\n          \"requestPath\":
        \"healthcheck.aspx\",\r\n          \"intervalInSeconds\": 15,\r\n          \"numberOfProbes\":
        2,\r\n          \"loadBalancingRules\": [\r\n            {\r\n              \"id\":
        \"/subscriptions/00000000-0000-0000-0000-000000000000/resourceGroups/rgname/providers/Microsoft.Network/loadBalancers/myLoadBalancer/loadBalancingRules/myLoadBalancingRule\"\r\n
        \           }\r\n          ]\r\n        },\r\n        \"type\": \"Microsoft.Network/loadBalancers/probes\"\r\n
        \     }\r\n    ],\r\n    \"inboundNatRules\": [\r\n      {\r\n        \"name\":
        \"myInboundNatRule\",\r\n        \"id\": \"/subscriptions/00000000-0000-0000-0000-000000000000/resourceGroups/rgname/providers/Microsoft.Network/loadBalancers/myLoadBalancer/inboundNatRules/myInboundNatRule\",\r\n
        \       \"etag\": \"W/\\\"0d94e3b7-11f7-4986-8e3d-b16072832bf3\\\"\",\r\n
        \       \"type\": \"Microsoft.Network/loadBalancers/inboundNatRules\",\r\n
        \       \"properties\": {\r\n          \"provisioningState\": \"Succeeded\",\r\n
        \         \"frontendIPConfiguration\": {\r\n            \"id\": \"/subscriptions/00000000-0000-0000-0000-000000000000/resourceGroups/rgname/providers/Microsoft.Network/loadBalancers/myLoadBalancer/frontendIPConfigurations/myFrontendIpconfiguration\"\r\n
        \         },\r\n          \"frontendPort\": 3390,\r\n          \"backendPort\":
        3389,\r\n          \"enableFloatingIP\": false,\r\n          \"idleTimeoutInMinutes\":
        4,\r\n          \"protocol\": \"Tcp\",\r\n          \"enableDestinationServiceEndpoint\":
        false,\r\n          \"enableTcpReset\": false,\r\n          \"allowBackendPortConflict\":
        false\r\n        }\r\n      }\r\n    ],\r\n    \"outboundRules\": [\r\n      {\r\n
        \       \"name\": \"myOutboundRule\",\r\n        \"id\": \"/subscriptions/00000000-0000-0000-0000-000000000000/resourceGroups/rgname/providers/Microsoft.Network/loadBalancers/myLoadBalancer/outboundRules/myOutboundRule\",\r\n
        \       \"etag\": \"W/\\\"0d94e3b7-11f7-4986-8e3d-b16072832bf3\\\"\",\r\n
        \       \"type\": \"Microsoft.Network/loadBalancers/outboundRules\",\r\n        \"properties\":
        {\r\n          \"provisioningState\": \"Succeeded\",\r\n          \"allocatedOutboundPorts\":
        1024,\r\n          \"protocol\": \"All\",\r\n          \"enableTcpReset\":
        false,\r\n          \"idleTimeoutInMinutes\": 4,\r\n          \"backendAddressPool\":
        {\r\n            \"id\": \"/subscriptions/00000000-0000-0000-0000-000000000000/resourceGroups/rgname/providers/Microsoft.Network/loadBalancers/myLoadBalancer/backendAddressPools/myBackendAddressPool\"\r\n
        \         },\r\n          \"frontendIPConfigurations\": [\r\n            {\r\n
        \             \"id\": \"/subscriptions/00000000-0000-0000-0000-000000000000/resourceGroups/rgname/providers/Microsoft.Network/loadBalancers/myLoadBalancer/frontendIPConfigurations/myFrontendIpconfiguration\"\r\n
        \           }\r\n          ]\r\n        }\r\n      }\r\n    ],\r\n    \"inboundNatPools\":
        []\r\n  },\r\n  \"sku\": {\r\n    \"name\": \"Standard\",\r\n    \"tier\":
        \"Regional\"\r\n  }\r\n}"
    headers:
      azure-asyncnotification:
      - Enabled
      cache-control:
      - no-cache
      content-length:
      - '9731'
      content-type:
      - application/json; charset=utf-8
      date:
      - Mon, 30 Aug 2021 10:22:57 GMT
      expires:
      - '-1'
      pragma:
      - no-cache
      server:
      - Microsoft-HTTPAPI/2.0
      - Microsoft-HTTPAPI/2.0
      strict-transport-security:
      - max-age=31536000; includeSubDomains
      transfer-encoding:
      - chunked
      vary:
      - Accept-Encoding
      x-content-type-options:
      - nosniff
      x-ms-arm-service-request-id:
      - a083d2fb-e2f2-49b8-9cac-6288cb1abca1
      x-ms-ratelimit-remaining-subscription-writes:
      - '1190'
    status:
      code: 200
      message: OK
- request:
    body: null
    headers:
      Accept:
      - application/json
      Accept-Encoding:
      - gzip, deflate
      Connection:
      - keep-alive
      Content-Length:
      - '0'
      User-Agent:
      - azsdk-python-azure-mgmt-network/19.1.0 Python/3.8.11 (Linux-5.8.0-1039-azure-x86_64-with-glibc2.2.5)
        VSTS_0fb41ef4-5012-48a9-bf39-4ee3de03ee35_build_2500_0
    method: DELETE
    uri: https://management.azure.com/subscriptions/00000000-0000-0000-0000-000000000000/resourceGroups/rgname/providers/Microsoft.Network/loadBalancers/myLoadBalancer/inboundNatRules/myInboundNatRule?api-version=2021-03-01
  response:
    body:
      string: ''
    headers:
      azure-asyncoperation:
      - https://management.azure.com/subscriptions/00000000-0000-0000-0000-000000000000/providers/Microsoft.Network/locations/eastus/operations/b04ee0f7-39a7-439f-8ede-256bc43ccd8f?api-version=2021-03-01
      cache-control:
      - no-cache
      content-length:
      - '0'
      date:
      - Mon, 30 Aug 2021 10:22:57 GMT
      expires:
      - '-1'
      location:
      - https://management.azure.com/subscriptions/00000000-0000-0000-0000-000000000000/providers/Microsoft.Network/locations/eastus/operationResults/b04ee0f7-39a7-439f-8ede-256bc43ccd8f?api-version=2021-03-01
      pragma:
      - no-cache
      server:
      - Microsoft-HTTPAPI/2.0
      - Microsoft-HTTPAPI/2.0
      strict-transport-security:
      - max-age=31536000; includeSubDomains
      x-content-type-options:
      - nosniff
      x-ms-arm-service-request-id:
      - a6bb01e7-c2d5-46e9-bfd0-4dcffdd82c27
      x-ms-ratelimit-remaining-subscription-deletes:
      - '14995'
    status:
      code: 202
      message: Accepted
- request:
    body: null
    headers:
      Accept:
      - '*/*'
      Accept-Encoding:
      - gzip, deflate
      Connection:
      - keep-alive
      User-Agent:
      - azsdk-python-azure-mgmt-network/19.1.0 Python/3.8.11 (Linux-5.8.0-1039-azure-x86_64-with-glibc2.2.5)
        VSTS_0fb41ef4-5012-48a9-bf39-4ee3de03ee35_build_2500_0
    method: GET
    uri: https://management.azure.com/subscriptions/00000000-0000-0000-0000-000000000000/providers/Microsoft.Network/locations/eastus/operations/b04ee0f7-39a7-439f-8ede-256bc43ccd8f?api-version=2021-03-01
  response:
    body:
      string: "{\r\n  \"status\": \"Succeeded\"\r\n}"
    headers:
      cache-control:
      - no-cache
      content-length:
      - '29'
      content-type:
      - application/json; charset=utf-8
      date:
      - Mon, 30 Aug 2021 10:23:07 GMT
      expires:
      - '-1'
      pragma:
      - no-cache
      server:
      - Microsoft-HTTPAPI/2.0
      - Microsoft-HTTPAPI/2.0
      strict-transport-security:
      - max-age=31536000; includeSubDomains
      transfer-encoding:
      - chunked
      vary:
      - Accept-Encoding
      x-content-type-options:
      - nosniff
      x-ms-arm-service-request-id:
      - 49322a80-0997-427b-9376-920815f2d06a
    status:
      code: 200
      message: OK
- request:
    body: null
    headers:
      Accept:
      - application/json
      Accept-Encoding:
      - gzip, deflate
      Connection:
      - keep-alive
      Content-Length:
      - '0'
      User-Agent:
      - azsdk-python-azure-mgmt-network/19.1.0 Python/3.8.11 (Linux-5.8.0-1039-azure-x86_64-with-glibc2.2.5)
        VSTS_0fb41ef4-5012-48a9-bf39-4ee3de03ee35_build_2500_0
    method: DELETE
    uri: https://management.azure.com/subscriptions/00000000-0000-0000-0000-000000000000/resourceGroups/rgname/providers/Microsoft.Network/loadBalancers/myLoadBalancer?api-version=2021-03-01
  response:
    body:
      string: ''
    headers:
      azure-asyncnotification:
      - Enabled
      azure-asyncoperation:
      - https://management.azure.com/subscriptions/00000000-0000-0000-0000-000000000000/providers/Microsoft.Network/locations/eastus/operations/11367a8c-03a6-4a4c-bcad-44802bcc3f30?api-version=2021-03-01
      cache-control:
      - no-cache
      content-length:
      - '0'
      date:
      - Mon, 30 Aug 2021 10:23:07 GMT
      expires:
      - '-1'
      location:
      - https://management.azure.com/subscriptions/00000000-0000-0000-0000-000000000000/providers/Microsoft.Network/locations/eastus/operationResults/11367a8c-03a6-4a4c-bcad-44802bcc3f30?api-version=2021-03-01
      pragma:
      - no-cache
      server:
      - Microsoft-HTTPAPI/2.0
      - Microsoft-HTTPAPI/2.0
      strict-transport-security:
      - max-age=31536000; includeSubDomains
      x-content-type-options:
      - nosniff
      x-ms-arm-service-request-id:
      - f41e62ec-9a14-402b-a42f-57f727784c4a
      x-ms-ratelimit-remaining-subscription-deletes:
      - '14994'
    status:
      code: 202
      message: Accepted
- request:
    body: null
    headers:
      Accept:
      - '*/*'
      Accept-Encoding:
      - gzip, deflate
      Connection:
      - keep-alive
      User-Agent:
      - azsdk-python-azure-mgmt-network/19.1.0 Python/3.8.11 (Linux-5.8.0-1039-azure-x86_64-with-glibc2.2.5)
        VSTS_0fb41ef4-5012-48a9-bf39-4ee3de03ee35_build_2500_0
    method: GET
    uri: https://management.azure.com/subscriptions/00000000-0000-0000-0000-000000000000/providers/Microsoft.Network/locations/eastus/operations/11367a8c-03a6-4a4c-bcad-44802bcc3f30?api-version=2021-03-01
  response:
    body:
      string: "{\r\n  \"status\": \"Succeeded\"\r\n}"
    headers:
      cache-control:
      - no-cache
      content-length:
      - '29'
      content-type:
      - application/json; charset=utf-8
      date:
      - Mon, 30 Aug 2021 10:23:17 GMT
      expires:
      - '-1'
      pragma:
      - no-cache
      server:
      - Microsoft-HTTPAPI/2.0
      - Microsoft-HTTPAPI/2.0
      strict-transport-security:
      - max-age=31536000; includeSubDomains
      transfer-encoding:
      - chunked
      vary:
      - Accept-Encoding
      x-content-type-options:
      - nosniff
      x-ms-arm-service-request-id:
      - 13579f37-f7a4-4dde-9a15-2cc54bb93d89
    status:
      code: 200
      message: OK
version: 1
