{
  "Entries": [
    {
      "RequestUri": "https://login.microsoftonline.com/00000000-0000-0000-0000-000000000000/v2.0/.well-known/openid-configuration",
      "RequestMethod": "GET",
      "RequestHeaders": {
        "Accept": "*/*",
        "Accept-Encoding": "gzip, deflate",
        "Connection": "keep-alive",
        "User-Agent": "azsdk-python-identity/1.13.0b3 Python/3.8.16 (Linux-5.15.0-1033-azure-x86_64-with-glibc2.2.5) VSTS_0fb41ef4-5012-48a9-bf39-4ee3de03ee35_build_2384_0"
      },
      "RequestBody": null,
      "StatusCode": 200,
      "ResponseHeaders": {
        "Access-Control-Allow-Methods": "GET, OPTIONS",
        "Access-Control-Allow-Origin": "*",
        "Cache-Control": "max-age=86400, private",
        "Content-Length": "1753",
        "Content-Type": "application/json; charset=utf-8",
        "Date": "Tue, 07 Mar 2023 05:53:47 GMT",
        "P3P": "CP=\u0022DSP CUR OTPi IND OTRi ONL FIN\u0022",
        "Set-Cookie": "[set-cookie;]",
        "Strict-Transport-Security": "max-age=31536000; includeSubDomains",
        "X-Content-Type-Options": "nosniff",
        "x-ms-ests-server": "2.1.14711.7 - WUS2 ProdSlices",
        "X-XSS-Protection": "0"
      },
      "ResponseBody": {
        "token_endpoint": "https://login.microsoftonline.com/00000000-0000-0000-0000-000000000000/oauth2/v2.0/token",
        "token_endpoint_auth_methods_supported": [
          "client_secret_post",
          "private_key_jwt",
          "client_secret_basic"
        ],
        "jwks_uri": "https://login.microsoftonline.com/00000000-0000-0000-0000-000000000000/discovery/v2.0/keys",
        "response_modes_supported": [
          "query",
          "fragment",
          "form_post"
        ],
        "subject_types_supported": [
          "pairwise"
        ],
        "id_token_signing_alg_values_supported": [
          "RS256"
        ],
        "response_types_supported": [
          "code",
          "id_token",
          "code id_token",
          "id_token token"
        ],
        "scopes_supported": [
          "openid",
          "profile",
          "email",
          "offline_access"
        ],
        "issuer": "https://login.microsoftonline.com/00000000-0000-0000-0000-000000000000/v2.0",
        "request_uri_parameter_supported": false,
        "userinfo_endpoint": "https://graph.microsoft.com/oidc/userinfo",
        "authorization_endpoint": "https://login.microsoftonline.com/00000000-0000-0000-0000-000000000000/oauth2/v2.0/authorize",
        "device_authorization_endpoint": "https://login.microsoftonline.com/00000000-0000-0000-0000-000000000000/oauth2/v2.0/devicecode",
        "http_logout_supported": true,
        "frontchannel_logout_supported": true,
        "end_session_endpoint": "https://login.microsoftonline.com/00000000-0000-0000-0000-000000000000/oauth2/v2.0/logout",
        "claims_supported": [
          "sub",
          "iss",
          "cloud_instance_name",
          "cloud_instance_host_name",
          "cloud_graph_host_name",
          "msgraph_host",
          "aud",
          "exp",
          "iat",
          "auth_time",
          "acr",
          "nonce",
          "preferred_username",
          "name",
          "tid",
          "ver",
          "at_hash",
          "c_hash",
          "email"
        ],
        "kerberos_endpoint": "https://login.microsoftonline.com/00000000-0000-0000-0000-000000000000/kerberos",
        "tenant_region_scope": "WW",
        "cloud_instance_name": "microsoftonline.com",
        "cloud_graph_host_name": "graph.windows.net",
        "msgraph_host": "graph.microsoft.com",
        "rbac_url": "https://pas.windows.net"
      }
    },
    {
      "RequestUri": "https://login.microsoftonline.com/common/discovery/instance?api-version=1.1\u0026authorization_endpoint=https://login.microsoftonline.com/common/oauth2/authorize",
      "RequestMethod": "GET",
      "RequestHeaders": {
        "Accept": "application/json",
        "Accept-Encoding": "gzip, deflate",
        "Connection": "keep-alive",
        "Cookie": "cookie;",
        "User-Agent": "azsdk-python-identity/1.13.0b3 Python/3.8.16 (Linux-5.15.0-1033-azure-x86_64-with-glibc2.2.5) VSTS_0fb41ef4-5012-48a9-bf39-4ee3de03ee35_build_2384_0"
      },
      "RequestBody": null,
      "StatusCode": 200,
      "ResponseHeaders": {
        "Access-Control-Allow-Methods": "GET, OPTIONS",
        "Access-Control-Allow-Origin": "*",
        "Cache-Control": "max-age=86400, private",
        "Content-Length": "945",
        "Content-Type": "application/json; charset=utf-8",
        "Date": "Tue, 07 Mar 2023 05:53:47 GMT",
        "P3P": "CP=\u0022DSP CUR OTPi IND OTRi ONL FIN\u0022",
        "Set-Cookie": "[set-cookie;]",
        "Strict-Transport-Security": "max-age=31536000; includeSubDomains",
        "X-Content-Type-Options": "nosniff",
        "x-ms-ests-server": "2.1.14649.20 - EUS ProdSlices",
        "X-XSS-Protection": "0"
      },
      "ResponseBody": {
        "tenant_discovery_endpoint": "https://login.microsoftonline.com/common/.well-known/openid-configuration",
        "api-version": "1.1",
        "metadata": [
          {
            "preferred_network": "login.microsoftonline.com",
            "preferred_cache": "login.windows.net",
            "aliases": [
              "login.microsoftonline.com",
              "login.windows.net",
              "login.microsoft.com",
              "sts.windows.net"
            ]
          },
          {
            "preferred_network": "login.partner.microsoftonline.cn",
            "preferred_cache": "login.partner.microsoftonline.cn",
            "aliases": [
              "login.partner.microsoftonline.cn",
              "login.chinacloudapi.cn"
            ]
          },
          {
            "preferred_network": "login.microsoftonline.de",
            "preferred_cache": "login.microsoftonline.de",
            "aliases": [
              "login.microsoftonline.de"
            ]
          },
          {
            "preferred_network": "login.microsoftonline.us",
            "preferred_cache": "login.microsoftonline.us",
            "aliases": [
              "login.microsoftonline.us",
              "login.usgovcloudapi.net"
            ]
          },
          {
            "preferred_network": "login-us.microsoftonline.com",
            "preferred_cache": "login-us.microsoftonline.com",
            "aliases": [
              "login-us.microsoftonline.com"
            ]
          }
        ]
      }
    },
    {
      "RequestUri": "https://login.microsoftonline.com/00000000-0000-0000-0000-000000000000/oauth2/v2.0/token",
      "RequestMethod": "POST",
      "RequestHeaders": {
        "Accept": "application/json",
        "Accept-Encoding": "gzip, deflate",
        "client-request-id": "914ddb0f-0742-4bdf-8595-52b03557dfb1",
        "Connection": "keep-alive",
        "Content-Length": "288",
        "Content-Type": "application/x-www-form-urlencoded",
        "Cookie": "cookie;",
        "User-Agent": "azsdk-python-identity/1.13.0b3 Python/3.8.16 (Linux-5.15.0-1033-azure-x86_64-with-glibc2.2.5) VSTS_0fb41ef4-5012-48a9-bf39-4ee3de03ee35_build_2384_0",
        "x-client-cpu": "x64",
        "x-client-current-telemetry": "4|730,0|",
        "x-client-last-telemetry": "4|0|||",
        "x-client-os": "linux",
        "x-client-sku": "MSAL.Python",
        "x-client-ver": "1.21.0",
        "x-ms-lib-capability": "retry-after, h429"
      },
      "RequestBody": "client_id=00000000-0000-0000-0000-000000000000\u0026grant_type=client_credentials\u0026client_info=1\u0026client_secret=00000000-0000-0000-0000-000000000000\u0026claims=%7B%22access_token%22%3A\u002B%7B%22xms_cc%22%3A\u002B%7B%22values%22%3A\u002B%5B%22CP1%22%5D%7D%7D%7D\u0026scope=https%3A%2F%2Fmanagement.azure.com%2F.default",
      "StatusCode": 200,
      "ResponseHeaders": {
        "Cache-Control": "no-store, no-cache",
        "client-request-id": "914ddb0f-0742-4bdf-8595-52b03557dfb1",
        "Content-Length": "114",
        "Content-Type": "application/json; charset=utf-8",
        "Date": "Tue, 07 Mar 2023 05:53:48 GMT",
        "Expires": "-1",
        "P3P": "CP=\u0022DSP CUR OTPi IND OTRi ONL FIN\u0022",
        "Pragma": "no-cache",
        "Set-Cookie": "[set-cookie;]",
        "Strict-Transport-Security": "max-age=31536000; includeSubDomains",
        "X-Content-Type-Options": "nosniff",
        "x-ms-clitelem": "1,0,0,,",
        "x-ms-ests-server": "2.1.14711.7 - SCUS ProdSlices",
        "X-XSS-Protection": "0"
      },
      "ResponseBody": {
        "token_type": "Bearer",
        "expires_in": 86399,
        "ext_expires_in": 86399,
        "refresh_in": 43199,
        "access_token": "access_token"
      }
    },
    {
      "RequestUri": "https://management.azure.com/subscriptions/00000000-0000-0000-0000-000000000000/resourceGroups/rgname/providers/Microsoft.Network/routeTables/myRouteTable?api-version=2022-09-01",
      "RequestMethod": "PUT",
      "RequestHeaders": {
        "Accept": "application/json",
        "Accept-Encoding": "gzip, deflate",
        "Connection": "keep-alive",
        "Content-Length": "22",
        "Content-Type": "application/json",
        "User-Agent": "azsdk-python-azure-mgmt-network/23.0.0 Python/3.8.16 (Linux-5.15.0-1033-azure-x86_64-with-glibc2.2.5) VSTS_0fb41ef4-5012-48a9-bf39-4ee3de03ee35_build_2384_0"
      },
      "RequestBody": {
        "location": "westus"
      },
      "StatusCode": 201,
      "ResponseHeaders": {
        "Azure-AsyncNotification": "Enabled",
        "Azure-AsyncOperation": "https://management.azure.com/subscriptions/00000000-0000-0000-0000-000000000000/providers/Microsoft.Network/locations/westus/operations/58c67fea-3699-4a9f-b322-a7a41d4d81c2?api-version=2022-09-01",
        "Cache-Control": "no-cache",
        "Content-Length": "479",
        "Content-Type": "application/json; charset=utf-8",
        "Date": "Tue, 07 Mar 2023 05:53:50 GMT",
        "Expires": "-1",
        "Pragma": "no-cache",
        "Retry-After": "2",
        "Server": [
          "Microsoft-HTTPAPI/2.0",
          "Microsoft-HTTPAPI/2.0"
        ],
        "Strict-Transport-Security": "max-age=31536000; includeSubDomains",
        "X-Content-Type-Options": "nosniff",
        "x-ms-arm-service-request-id": "b58b5027-6d03-4b92-aa29-9fb6e08d831d",
        "x-ms-correlation-request-id": "07d4a1e1-258f-4bbd-a0a4-5534eebae1ca",
        "x-ms-ratelimit-remaining-subscription-writes": "1188",
        "x-ms-routing-request-id": "NORTHCENTRALUS:20230307T055350Z:07d4a1e1-258f-4bbd-a0a4-5534eebae1ca"
      },
      "ResponseBody": {
        "name": "myRouteTable",
        "id": "/subscriptions/00000000-0000-0000-0000-000000000000/resourceGroups/rgname/providers/Microsoft.Network/routeTables/myRouteTable",
        "etag": "W/\u0022164dd976-9d9b-4aeb-8d5a-2200bfe9f036\u0022",
        "type": "Microsoft.Network/routeTables",
        "location": "westus",
        "properties": {
          "provisioningState": "Updating",
          "resourceGuid": "f9ffaf4d-6b2f-4d03-a04f-91c3d20b1a5f",
          "disableBgpRoutePropagation": false,
          "routes": []
        }
      }
    },
    {
      "RequestUri": "https://management.azure.com/subscriptions/00000000-0000-0000-0000-000000000000/providers/Microsoft.Network/locations/westus/operations/58c67fea-3699-4a9f-b322-a7a41d4d81c2?api-version=2022-09-01",
      "RequestMethod": "GET",
      "RequestHeaders": {
        "Accept": "*/*",
        "Accept-Encoding": "gzip, deflate",
        "Connection": "keep-alive",
        "User-Agent": "azsdk-python-azure-mgmt-network/23.0.0 Python/3.8.16 (Linux-5.15.0-1033-azure-x86_64-with-glibc2.2.5) VSTS_0fb41ef4-5012-48a9-bf39-4ee3de03ee35_build_2384_0"
      },
      "RequestBody": null,
      "StatusCode": 200,
      "ResponseHeaders": {
        "Cache-Control": "no-cache",
        "Content-Encoding": "gzip",
        "Content-Type": "application/json; charset=utf-8",
        "Date": "Tue, 07 Mar 2023 05:53:50 GMT",
        "Expires": "-1",
        "Pragma": "no-cache",
        "Server": [
          "Microsoft-HTTPAPI/2.0",
          "Microsoft-HTTPAPI/2.0"
        ],
        "Strict-Transport-Security": "max-age=31536000; includeSubDomains",
        "Transfer-Encoding": "chunked",
        "Vary": "Accept-Encoding",
        "X-Content-Type-Options": "nosniff",
        "x-ms-arm-service-request-id": "965328d8-6683-47a2-b750-b9b42503d86c",
        "x-ms-correlation-request-id": "c75f99fe-70b9-4dc7-96ad-4bdcf0ed5ae6",
        "x-ms-ratelimit-remaining-subscription-reads": "11954",
        "x-ms-routing-request-id": "NORTHCENTRALUS:20230307T055350Z:c75f99fe-70b9-4dc7-96ad-4bdcf0ed5ae6"
      },
      "ResponseBody": {
        "status": "Succeeded"
      }
    },
    {
      "RequestUri": "https://management.azure.com/subscriptions/00000000-0000-0000-0000-000000000000/resourceGroups/rgname/providers/Microsoft.Network/routeTables/myRouteTable?api-version=2022-09-01",
      "RequestMethod": "GET",
      "RequestHeaders": {
        "Accept": "*/*",
        "Accept-Encoding": "gzip, deflate",
        "Connection": "keep-alive",
        "User-Agent": "azsdk-python-azure-mgmt-network/23.0.0 Python/3.8.16 (Linux-5.15.0-1033-azure-x86_64-with-glibc2.2.5) VSTS_0fb41ef4-5012-48a9-bf39-4ee3de03ee35_build_2384_0"
      },
      "RequestBody": null,
      "StatusCode": 200,
      "ResponseHeaders": {
        "Cache-Control": "no-cache",
        "Content-Encoding": "gzip",
        "Content-Type": "application/json; charset=utf-8",
        "Date": "Tue, 07 Mar 2023 05:53:50 GMT",
        "ETag": "W/\u002213e2893a-f2ad-4200-ad81-af54775b7148\u0022",
        "Expires": "-1",
        "Pragma": "no-cache",
        "Server": [
          "Microsoft-HTTPAPI/2.0",
          "Microsoft-HTTPAPI/2.0"
        ],
        "Strict-Transport-Security": "max-age=31536000; includeSubDomains",
        "Transfer-Encoding": "chunked",
        "Vary": "Accept-Encoding",
        "X-Content-Type-Options": "nosniff",
        "x-ms-arm-service-request-id": "99e80218-bd81-446d-a6e3-869ea7f7e5dd",
        "x-ms-correlation-request-id": "fc4dad6a-4cf1-450b-81b7-4f9cd00f2b0d",
        "x-ms-ratelimit-remaining-subscription-reads": "11953",
        "x-ms-routing-request-id": "NORTHCENTRALUS:20230307T055350Z:fc4dad6a-4cf1-450b-81b7-4f9cd00f2b0d"
      },
      "ResponseBody": {
        "name": "myRouteTable",
        "id": "/subscriptions/00000000-0000-0000-0000-000000000000/resourceGroups/rgname/providers/Microsoft.Network/routeTables/myRouteTable",
        "etag": "W/\u002213e2893a-f2ad-4200-ad81-af54775b7148\u0022",
        "type": "Microsoft.Network/routeTables",
        "location": "westus",
        "properties": {
          "provisioningState": "Succeeded",
          "resourceGuid": "f9ffaf4d-6b2f-4d03-a04f-91c3d20b1a5f",
          "disableBgpRoutePropagation": false,
          "routes": []
        }
      }
    },
    {
      "RequestUri": "https://management.azure.com/subscriptions/00000000-0000-0000-0000-000000000000/resourceGroups/rgname/providers/Microsoft.Network/routeTables/myRouteTable/routes/myRoute?api-version=2022-09-01",
      "RequestMethod": "PUT",
      "RequestHeaders": {
        "Accept": "application/json",
        "Accept-Encoding": "gzip, deflate",
        "Connection": "keep-alive",
        "Content-Length": "88",
        "Content-Type": "application/json",
        "User-Agent": "azsdk-python-azure-mgmt-network/23.0.0 Python/3.8.16 (Linux-5.15.0-1033-azure-x86_64-with-glibc2.2.5) VSTS_0fb41ef4-5012-48a9-bf39-4ee3de03ee35_build_2384_0"
      },
      "RequestBody": {
        "properties": {
          "addressPrefix": "10.0.3.0/24",
          "nextHopType": "VirtualNetworkGateway"
        }
      },
      "StatusCode": 201,
      "ResponseHeaders": {
        "Azure-AsyncNotification": "Enabled",
        "Azure-AsyncOperation": "https://management.azure.com/subscriptions/00000000-0000-0000-0000-000000000000/providers/Microsoft.Network/locations/westus/operations/2db9d52c-07a0-4ad0-ab59-66089cf47cbe?api-version=2022-09-01",
        "Cache-Control": "no-cache",
        "Content-Length": "461",
        "Content-Type": "application/json; charset=utf-8",
        "Date": "Tue, 07 Mar 2023 05:53:51 GMT",
        "Expires": "-1",
        "Pragma": "no-cache",
        "Retry-After": "2",
        "Server": [
          "Microsoft-HTTPAPI/2.0",
          "Microsoft-HTTPAPI/2.0"
        ],
        "Strict-Transport-Security": "max-age=31536000; includeSubDomains",
        "X-Content-Type-Options": "nosniff",
        "x-ms-arm-service-request-id": "391898ff-85af-4a2f-a28c-ced149fdcad9",
        "x-ms-correlation-request-id": "bb7a6b32-d0d6-4ad2-8a4f-aec1839d8917",
        "x-ms-ratelimit-remaining-subscription-writes": "1187",
        "x-ms-routing-request-id": "NORTHCENTRALUS:20230307T055351Z:bb7a6b32-d0d6-4ad2-8a4f-aec1839d8917"
      },
      "ResponseBody": {
        "name": "myRoute",
        "id": "/subscriptions/00000000-0000-0000-0000-000000000000/resourceGroups/rgname/providers/Microsoft.Network/routeTables/myRouteTable/routes/myRoute",
        "etag": "W/\u00221b4640dd-4948-4568-bb8b-e3de51f90a8e\u0022",
        "properties": {
          "provisioningState": "Updating",
          "addressPrefix": "10.0.3.0/24",
          "nextHopType": "VirtualNetworkGateway",
          "hasBgpOverride": false
        },
        "type": "Microsoft.Network/routeTables/routes"
      }
    },
    {
      "RequestUri": "https://management.azure.com/subscriptions/00000000-0000-0000-0000-000000000000/providers/Microsoft.Network/locations/westus/operations/2db9d52c-07a0-4ad0-ab59-66089cf47cbe?api-version=2022-09-01",
      "RequestMethod": "GET",
      "RequestHeaders": {
        "Accept": "*/*",
        "Accept-Encoding": "gzip, deflate",
        "Connection": "keep-alive",
        "User-Agent": "azsdk-python-azure-mgmt-network/23.0.0 Python/3.8.16 (Linux-5.15.0-1033-azure-x86_64-with-glibc2.2.5) VSTS_0fb41ef4-5012-48a9-bf39-4ee3de03ee35_build_2384_0"
      },
      "RequestBody": null,
      "StatusCode": 200,
      "ResponseHeaders": {
        "Cache-Control": "no-cache",
        "Content-Encoding": "gzip",
        "Content-Type": "application/json; charset=utf-8",
        "Date": "Tue, 07 Mar 2023 05:53:51 GMT",
        "Expires": "-1",
        "Pragma": "no-cache",
        "Server": [
          "Microsoft-HTTPAPI/2.0",
          "Microsoft-HTTPAPI/2.0"
        ],
        "Strict-Transport-Security": "max-age=31536000; includeSubDomains",
        "Transfer-Encoding": "chunked",
        "Vary": "Accept-Encoding",
        "X-Content-Type-Options": "nosniff",
        "x-ms-arm-service-request-id": "e30b5403-fb31-47e2-9def-fac5de4586b9",
        "x-ms-correlation-request-id": "8d3654c6-2e83-4164-9eff-7399af45a02a",
        "x-ms-ratelimit-remaining-subscription-reads": "11952",
        "x-ms-routing-request-id": "NORTHCENTRALUS:20230307T055351Z:8d3654c6-2e83-4164-9eff-7399af45a02a"
      },
      "ResponseBody": {
        "status": "Succeeded"
      }
    },
    {
      "RequestUri": "https://management.azure.com/subscriptions/00000000-0000-0000-0000-000000000000/resourceGroups/rgname/providers/Microsoft.Network/routeTables/myRouteTable/routes/myRoute?api-version=2022-09-01",
      "RequestMethod": "GET",
      "RequestHeaders": {
        "Accept": "*/*",
        "Accept-Encoding": "gzip, deflate",
        "Connection": "keep-alive",
        "User-Agent": "azsdk-python-azure-mgmt-network/23.0.0 Python/3.8.16 (Linux-5.15.0-1033-azure-x86_64-with-glibc2.2.5) VSTS_0fb41ef4-5012-48a9-bf39-4ee3de03ee35_build_2384_0"
      },
      "RequestBody": null,
      "StatusCode": 200,
      "ResponseHeaders": {
        "Cache-Control": "no-cache",
        "Content-Encoding": "gzip",
        "Content-Type": "application/json; charset=utf-8",
        "Date": "Tue, 07 Mar 2023 05:53:51 GMT",
        "ETag": "W/\u00226ef6ac6e-576e-40a1-a007-c88e5578dcd9\u0022",
        "Expires": "-1",
        "Pragma": "no-cache",
        "Server": [
          "Microsoft-HTTPAPI/2.0",
          "Microsoft-HTTPAPI/2.0"
        ],
        "Strict-Transport-Security": "max-age=31536000; includeSubDomains",
        "Transfer-Encoding": "chunked",
        "Vary": "Accept-Encoding",
        "X-Content-Type-Options": "nosniff",
        "x-ms-arm-service-request-id": "97195882-7d22-477d-92fd-295abb455f67",
        "x-ms-correlation-request-id": "f3443f58-761b-40f4-af20-66d24f0a99b6",
        "x-ms-ratelimit-remaining-subscription-reads": "11951",
        "x-ms-routing-request-id": "NORTHCENTRALUS:20230307T055351Z:f3443f58-761b-40f4-af20-66d24f0a99b6"
      },
      "ResponseBody": {
        "name": "myRoute",
        "id": "/subscriptions/00000000-0000-0000-0000-000000000000/resourceGroups/rgname/providers/Microsoft.Network/routeTables/myRouteTable/routes/myRoute",
        "etag": "W/\u00226ef6ac6e-576e-40a1-a007-c88e5578dcd9\u0022",
        "properties": {
          "provisioningState": "Succeeded",
          "addressPrefix": "10.0.3.0/24",
          "nextHopType": "VirtualNetworkGateway",
          "hasBgpOverride": false
        },
        "type": "Microsoft.Network/routeTables/routes"
      }
    },
    {
      "RequestUri": "https://management.azure.com/subscriptions/00000000-0000-0000-0000-000000000000/resourceGroups/rgname/providers/Microsoft.Network/routeTables/myRouteTable/routes/myRoute?api-version=2022-09-01",
      "RequestMethod": "GET",
      "RequestHeaders": {
        "Accept": "application/json",
        "Accept-Encoding": "gzip, deflate",
        "Connection": "keep-alive",
        "User-Agent": "azsdk-python-azure-mgmt-network/23.0.0 Python/3.8.16 (Linux-5.15.0-1033-azure-x86_64-with-glibc2.2.5) VSTS_0fb41ef4-5012-48a9-bf39-4ee3de03ee35_build_2384_0"
      },
      "RequestBody": null,
      "StatusCode": 200,
      "ResponseHeaders": {
        "Cache-Control": "no-cache",
        "Content-Encoding": "gzip",
        "Content-Type": "application/json; charset=utf-8",
        "Date": "Tue, 07 Mar 2023 05:53:51 GMT",
        "ETag": "W/\u00226ef6ac6e-576e-40a1-a007-c88e5578dcd9\u0022",
        "Expires": "-1",
        "Pragma": "no-cache",
        "Server": [
          "Microsoft-HTTPAPI/2.0",
          "Microsoft-HTTPAPI/2.0"
        ],
        "Strict-Transport-Security": "max-age=31536000; includeSubDomains",
        "Transfer-Encoding": "chunked",
        "Vary": "Accept-Encoding",
        "X-Content-Type-Options": "nosniff",
        "x-ms-arm-service-request-id": "a47da4dd-945f-4cdc-8d17-c480281201d9",
        "x-ms-correlation-request-id": "6d789a29-4f58-4c99-a911-4a7ee0f5af58",
        "x-ms-ratelimit-remaining-subscription-reads": "11950",
        "x-ms-routing-request-id": "NORTHCENTRALUS:20230307T055351Z:6d789a29-4f58-4c99-a911-4a7ee0f5af58"
      },
      "ResponseBody": {
        "name": "myRoute",
        "id": "/subscriptions/00000000-0000-0000-0000-000000000000/resourceGroups/rgname/providers/Microsoft.Network/routeTables/myRouteTable/routes/myRoute",
        "etag": "W/\u00226ef6ac6e-576e-40a1-a007-c88e5578dcd9\u0022",
        "properties": {
          "provisioningState": "Succeeded",
          "addressPrefix": "10.0.3.0/24",
          "nextHopType": "VirtualNetworkGateway",
          "hasBgpOverride": false
        },
        "type": "Microsoft.Network/routeTables/routes"
      }
    },
    {
      "RequestUri": "https://management.azure.com/subscriptions/00000000-0000-0000-0000-000000000000/resourceGroups/rgname/providers/Microsoft.Network/routeTables/myRouteTable?api-version=2022-09-01",
      "RequestMethod": "GET",
      "RequestHeaders": {
        "Accept": "application/json",
        "Accept-Encoding": "gzip, deflate",
        "Connection": "keep-alive",
        "User-Agent": "azsdk-python-azure-mgmt-network/23.0.0 Python/3.8.16 (Linux-5.15.0-1033-azure-x86_64-with-glibc2.2.5) VSTS_0fb41ef4-5012-48a9-bf39-4ee3de03ee35_build_2384_0"
      },
      "RequestBody": null,
      "StatusCode": 200,
      "ResponseHeaders": {
        "Cache-Control": "no-cache",
        "Content-Encoding": "gzip",
        "Content-Type": "application/json; charset=utf-8",
        "Date": "Tue, 07 Mar 2023 05:53:51 GMT",
        "ETag": "W/\u00226ef6ac6e-576e-40a1-a007-c88e5578dcd9\u0022",
        "Expires": "-1",
        "Pragma": "no-cache",
        "Server": [
          "Microsoft-HTTPAPI/2.0",
          "Microsoft-HTTPAPI/2.0"
        ],
        "Strict-Transport-Security": "max-age=31536000; includeSubDomains",
        "Transfer-Encoding": "chunked",
        "Vary": "Accept-Encoding",
        "X-Content-Type-Options": "nosniff",
        "x-ms-arm-service-request-id": "e22d83ba-6cfd-4d00-89b1-5e7033a609d7",
        "x-ms-correlation-request-id": "fcf496d0-2787-4a4d-bd41-89f90447b34d",
        "x-ms-ratelimit-remaining-subscription-reads": "11949",
        "x-ms-routing-request-id": "NORTHCENTRALUS:20230307T055351Z:fcf496d0-2787-4a4d-bd41-89f90447b34d"
      },
      "ResponseBody": {
        "name": "myRouteTable",
        "id": "/subscriptions/00000000-0000-0000-0000-000000000000/resourceGroups/rgname/providers/Microsoft.Network/routeTables/myRouteTable",
        "etag": "W/\u00226ef6ac6e-576e-40a1-a007-c88e5578dcd9\u0022",
        "type": "Microsoft.Network/routeTables",
        "location": "westus",
        "properties": {
          "provisioningState": "Succeeded",
          "resourceGuid": "f9ffaf4d-6b2f-4d03-a04f-91c3d20b1a5f",
          "disableBgpRoutePropagation": false,
          "routes": [
            {
              "name": "myRoute",
              "id": "/subscriptions/00000000-0000-0000-0000-000000000000/resourceGroups/rgname/providers/Microsoft.Network/routeTables/myRouteTable/routes/myRoute",
              "etag": "W/\u00226ef6ac6e-576e-40a1-a007-c88e5578dcd9\u0022",
              "properties": {
                "provisioningState": "Succeeded",
                "addressPrefix": "10.0.3.0/24",
                "nextHopType": "VirtualNetworkGateway",
                "hasBgpOverride": false
              },
              "type": "Microsoft.Network/routeTables/routes"
            }
          ]
        }
      }
    },
    {
      "RequestUri": "https://management.azure.com/subscriptions/00000000-0000-0000-0000-000000000000/resourceGroups/rgname/providers/Microsoft.Network/routeTables/myRouteTable?api-version=2022-09-01",
      "RequestMethod": "PATCH",
      "RequestHeaders": {
        "Accept": "application/json",
        "Accept-Encoding": "gzip, deflate",
        "Connection": "keep-alive",
        "Content-Length": "46",
        "Content-Type": "application/json",
        "User-Agent": "azsdk-python-azure-mgmt-network/23.0.0 Python/3.8.16 (Linux-5.15.0-1033-azure-x86_64-with-glibc2.2.5) VSTS_0fb41ef4-5012-48a9-bf39-4ee3de03ee35_build_2384_0"
      },
      "RequestBody": {
        "tags": {
          "tag1": "value1",
          "tag2": "value2"
        }
      },
      "StatusCode": 200,
      "ResponseHeaders": {
        "Azure-AsyncNotification": "Enabled",
        "Cache-Control": "no-cache",
        "Content-Encoding": "gzip",
        "Content-Type": "application/json; charset=utf-8",
        "Date": "Tue, 07 Mar 2023 05:53:52 GMT",
        "Expires": "-1",
        "Pragma": "no-cache",
        "Server": [
          "Microsoft-HTTPAPI/2.0",
          "Microsoft-HTTPAPI/2.0"
        ],
        "Strict-Transport-Security": "max-age=31536000; includeSubDomains",
        "Transfer-Encoding": "chunked",
        "Vary": "Accept-Encoding",
        "X-Content-Type-Options": "nosniff",
        "x-ms-arm-service-request-id": "46b799ac-96d4-46ea-8311-730d91645f99",
        "x-ms-correlation-request-id": "1270bd5b-cdef-4367-9481-9a6def2e2166",
        "x-ms-ratelimit-remaining-subscription-writes": "1186",
        "x-ms-routing-request-id": "NORTHCENTRALUS:20230307T055352Z:1270bd5b-cdef-4367-9481-9a6def2e2166"
      },
      "ResponseBody": {
        "name": "myRouteTable",
        "id": "/subscriptions/00000000-0000-0000-0000-000000000000/resourceGroups/rgname/providers/Microsoft.Network/routeTables/myRouteTable",
        "etag": "W/\u00222da24312-7eac-41b0-b3dc-6a0a30374117\u0022",
        "type": "Microsoft.Network/routeTables",
        "location": "westus",
        "tags": {
          "tag1": "value1",
          "tag2": "value2"
        },
        "properties": {
          "provisioningState": "Succeeded",
          "resourceGuid": "f9ffaf4d-6b2f-4d03-a04f-91c3d20b1a5f",
          "disableBgpRoutePropagation": false,
          "routes": [
            {
              "name": "myRoute",
              "id": "/subscriptions/00000000-0000-0000-0000-000000000000/resourceGroups/rgname/providers/Microsoft.Network/routeTables/myRouteTable/routes/myRoute",
              "etag": "W/\u00222da24312-7eac-41b0-b3dc-6a0a30374117\u0022",
              "properties": {
                "provisioningState": "Succeeded",
                "addressPrefix": "10.0.3.0/24",
                "nextHopType": "VirtualNetworkGateway",
                "hasBgpOverride": false
              },
              "type": "Microsoft.Network/routeTables/routes"
            }
          ]
        }
      }
    },
    {
      "RequestUri": "https://management.azure.com/subscriptions/00000000-0000-0000-0000-000000000000/resourceGroups/rgname/providers/Microsoft.Network/routeTables/myRouteTable/routes/myRoute?api-version=2022-09-01",
      "RequestMethod": "DELETE",
      "RequestHeaders": {
        "Accept": "application/json",
        "Accept-Encoding": "gzip, deflate",
        "Connection": "keep-alive",
        "Content-Length": "0",
        "User-Agent": "azsdk-python-azure-mgmt-network/23.0.0 Python/3.8.16 (Linux-5.15.0-1033-azure-x86_64-with-glibc2.2.5) VSTS_0fb41ef4-5012-48a9-bf39-4ee3de03ee35_build_2384_0"
      },
      "RequestBody": null,
      "StatusCode": 202,
      "ResponseHeaders": {
        "Azure-AsyncNotification": "Enabled",
        "Azure-AsyncOperation": "https://management.azure.com/subscriptions/00000000-0000-0000-0000-000000000000/providers/Microsoft.Network/locations/westus/operations/890a7634-2db7-4f48-aa1b-7e39cd1aa469?api-version=2022-09-01",
        "Cache-Control": "no-cache",
        "Content-Length": "0",
        "Date": "Tue, 07 Mar 2023 05:53:52 GMT",
        "Expires": "-1",
        "Location": "https://management.azure.com/subscriptions/00000000-0000-0000-0000-000000000000/providers/Microsoft.Network/locations/westus/operationResults/890a7634-2db7-4f48-aa1b-7e39cd1aa469?api-version=2022-09-01",
        "Pragma": "no-cache",
        "Retry-After": "2",
        "Server": [
          "Microsoft-HTTPAPI/2.0",
          "Microsoft-HTTPAPI/2.0"
        ],
        "Strict-Transport-Security": "max-age=31536000; includeSubDomains",
        "X-Content-Type-Options": "nosniff",
        "x-ms-arm-service-request-id": "dec3b050-9502-427a-a743-a7946d1a7c6f",
        "x-ms-correlation-request-id": "0a14a767-d65e-4d28-aac5-9d6740e5e0ee",
        "x-ms-ratelimit-remaining-subscription-deletes": "14994",
        "x-ms-routing-request-id": "NORTHCENTRALUS:20230307T055352Z:0a14a767-d65e-4d28-aac5-9d6740e5e0ee"
      },
      "ResponseBody": null
    },
    {
      "RequestUri": "https://management.azure.com/subscriptions/00000000-0000-0000-0000-000000000000/providers/Microsoft.Network/locations/westus/operations/890a7634-2db7-4f48-aa1b-7e39cd1aa469?api-version=2022-09-01",
      "RequestMethod": "GET",
      "RequestHeaders": {
        "Accept": "*/*",
        "Accept-Encoding": "gzip, deflate",
        "Connection": "keep-alive",
        "User-Agent": "azsdk-python-azure-mgmt-network/23.0.0 Python/3.8.16 (Linux-5.15.0-1033-azure-x86_64-with-glibc2.2.5) VSTS_0fb41ef4-5012-48a9-bf39-4ee3de03ee35_build_2384_0"
      },
      "RequestBody": null,
      "StatusCode": 200,
      "ResponseHeaders": {
        "Cache-Control": "no-cache",
        "Content-Encoding": "gzip",
        "Content-Type": "application/json; charset=utf-8",
        "Date": "Tue, 07 Mar 2023 05:53:52 GMT",
        "Expires": "-1",
        "Pragma": "no-cache",
        "Server": [
          "Microsoft-HTTPAPI/2.0",
          "Microsoft-HTTPAPI/2.0"
        ],
        "Strict-Transport-Security": "max-age=31536000; includeSubDomains",
        "Transfer-Encoding": "chunked",
        "Vary": "Accept-Encoding",
        "X-Content-Type-Options": "nosniff",
        "x-ms-arm-service-request-id": "72ab8ecd-b7ce-44be-8d11-c37746d1dc7b",
        "x-ms-correlation-request-id": "587f273f-9ae4-40fe-9e6b-c76bb118d90c",
        "x-ms-ratelimit-remaining-subscription-reads": "11948",
        "x-ms-routing-request-id": "NORTHCENTRALUS:20230307T055352Z:587f273f-9ae4-40fe-9e6b-c76bb118d90c"
      },
      "ResponseBody": {
        "status": "Succeeded"
      }
    },
    {
      "RequestUri": "https://management.azure.com/subscriptions/00000000-0000-0000-0000-000000000000/providers/Microsoft.Network/locations/westus/operationResults/890a7634-2db7-4f48-aa1b-7e39cd1aa469?api-version=2022-09-01",
      "RequestMethod": "GET",
      "RequestHeaders": {
        "Accept": "*/*",
        "Accept-Encoding": "gzip, deflate",
        "Connection": "keep-alive",
        "User-Agent": "azsdk-python-azure-mgmt-network/23.0.0 Python/3.8.16 (Linux-5.15.0-1033-azure-x86_64-with-glibc2.2.5) VSTS_0fb41ef4-5012-48a9-bf39-4ee3de03ee35_build_2384_0"
      },
      "RequestBody": null,
      "StatusCode": 204,
      "ResponseHeaders": {
        "Azure-AsyncNotification": "Enabled",
        "Azure-AsyncOperation": "https://management.azure.com/subscriptions/00000000-0000-0000-0000-000000000000/providers/Microsoft.Network/locations/westus/operations/890a7634-2db7-4f48-aa1b-7e39cd1aa469?api-version=2022-09-01",
        "Cache-Control": "no-cache",
        "Content-Type": "application/json; charset=utf-8",
        "Date": "Tue, 07 Mar 2023 05:53:52 GMT",
        "Expires": "-1",
        "Location": "https://management.azure.com/subscriptions/00000000-0000-0000-0000-000000000000/providers/Microsoft.Network/locations/westus/operationResults/890a7634-2db7-4f48-aa1b-7e39cd1aa469?api-version=2022-09-01",
        "Pragma": "no-cache",
        "Server": [
          "Microsoft-HTTPAPI/2.0",
          "Microsoft-HTTPAPI/2.0"
        ],
        "Strict-Transport-Security": "max-age=31536000; includeSubDomains",
        "X-Content-Type-Options": "nosniff",
        "x-ms-arm-service-request-id": "dec3b050-9502-427a-a743-a7946d1a7c6f",
        "x-ms-correlation-request-id": "0a14a767-d65e-4d28-aac5-9d6740e5e0ee",
        "x-ms-ratelimit-remaining-subscription-reads": "11947",
        "x-ms-routing-request-id": "NORTHCENTRALUS:20230307T055352Z:3179836f-5b35-4596-88c1-eb388adc1dcb"
      },
      "ResponseBody": null
    },
    {
      "RequestUri": "https://management.azure.com/subscriptions/00000000-0000-0000-0000-000000000000/resourceGroups/rgname/providers/Microsoft.Network/routeTables/myRouteTable?api-version=2022-09-01",
      "RequestMethod": "DELETE",
      "RequestHeaders": {
        "Accept": "application/json",
        "Accept-Encoding": "gzip, deflate",
        "Connection": "keep-alive",
        "Content-Length": "0",
        "User-Agent": "azsdk-python-azure-mgmt-network/23.0.0 Python/3.8.16 (Linux-5.15.0-1033-azure-x86_64-with-glibc2.2.5) VSTS_0fb41ef4-5012-48a9-bf39-4ee3de03ee35_build_2384_0"
      },
      "RequestBody": null,
      "StatusCode": 202,
      "ResponseHeaders": {
        "Azure-AsyncNotification": "Enabled",
        "Azure-AsyncOperation": "https://management.azure.com/subscriptions/00000000-0000-0000-0000-000000000000/providers/Microsoft.Network/locations/westus/operations/0a6ebb84-e2be-499d-8fbd-4b8b1e55a3c7?api-version=2022-09-01",
        "Cache-Control": "no-cache",
        "Content-Length": "0",
        "Date": "Tue, 07 Mar 2023 05:53:53 GMT",
        "Expires": "-1",
        "Location": "https://management.azure.com/subscriptions/00000000-0000-0000-0000-000000000000/providers/Microsoft.Network/locations/westus/operationResults/0a6ebb84-e2be-499d-8fbd-4b8b1e55a3c7?api-version=2022-09-01",
        "Pragma": "no-cache",
        "Retry-After": "2",
        "Server": [
          "Microsoft-HTTPAPI/2.0",
          "Microsoft-HTTPAPI/2.0"
        ],
        "Strict-Transport-Security": "max-age=31536000; includeSubDomains",
        "X-Content-Type-Options": "nosniff",
        "x-ms-arm-service-request-id": "26e4f8e5-8ef3-41f6-b7c7-f1ead0da748e",
        "x-ms-correlation-request-id": "699d7848-61c8-410f-ac81-9dd8a3d9d14e",
        "x-ms-ratelimit-remaining-subscription-deletes": "14993",
        "x-ms-routing-request-id": "NORTHCENTRALUS:20230307T055353Z:699d7848-61c8-410f-ac81-9dd8a3d9d14e"
      },
      "ResponseBody": null
    },
    {
      "RequestUri": "https://management.azure.com/subscriptions/00000000-0000-0000-0000-000000000000/providers/Microsoft.Network/locations/westus/operations/0a6ebb84-e2be-499d-8fbd-4b8b1e55a3c7?api-version=2022-09-01",
      "RequestMethod": "GET",
      "RequestHeaders": {
        "Accept": "*/*",
        "Accept-Encoding": "gzip, deflate",
        "Connection": "keep-alive",
        "User-Agent": "azsdk-python-azure-mgmt-network/23.0.0 Python/3.8.16 (Linux-5.15.0-1033-azure-x86_64-with-glibc2.2.5) VSTS_0fb41ef4-5012-48a9-bf39-4ee3de03ee35_build_2384_0"
      },
      "RequestBody": null,
      "StatusCode": 200,
      "ResponseHeaders": {
        "Cache-Control": "no-cache",
        "Content-Encoding": "gzip",
        "Content-Type": "application/json; charset=utf-8",
        "Date": "Tue, 07 Mar 2023 05:53:53 GMT",
        "Expires": "-1",
        "Pragma": "no-cache",
        "Server": [
          "Microsoft-HTTPAPI/2.0",
          "Microsoft-HTTPAPI/2.0"
        ],
        "Strict-Transport-Security": "max-age=31536000; includeSubDomains",
        "Transfer-Encoding": "chunked",
        "Vary": "Accept-Encoding",
        "X-Content-Type-Options": "nosniff",
        "x-ms-arm-service-request-id": "ee3a2087-cd30-4164-b4a7-ed4d6874f2d4",
        "x-ms-correlation-request-id": "f7ed826d-d4bc-4f90-af94-90f65e3ebaca",
        "x-ms-ratelimit-remaining-subscription-reads": "11946",
        "x-ms-routing-request-id": "NORTHCENTRALUS:20230307T055353Z:f7ed826d-d4bc-4f90-af94-90f65e3ebaca"
      },
      "ResponseBody": {
        "status": "Succeeded"
      }
    },
    {
      "RequestUri": "https://management.azure.com/subscriptions/00000000-0000-0000-0000-000000000000/providers/Microsoft.Network/locations/westus/operationResults/0a6ebb84-e2be-499d-8fbd-4b8b1e55a3c7?api-version=2022-09-01",
      "RequestMethod": "GET",
      "RequestHeaders": {
        "Accept": "*/*",
        "Accept-Encoding": "gzip, deflate",
        "Connection": "keep-alive",
        "User-Agent": "azsdk-python-azure-mgmt-network/23.0.0 Python/3.8.16 (Linux-5.15.0-1033-azure-x86_64-with-glibc2.2.5) VSTS_0fb41ef4-5012-48a9-bf39-4ee3de03ee35_build_2384_0"
      },
      "RequestBody": null,
      "StatusCode": 204,
      "ResponseHeaders": {
        "Azure-AsyncNotification": "Enabled",
        "Azure-AsyncOperation": "https://management.azure.com/subscriptions/00000000-0000-0000-0000-000000000000/providers/Microsoft.Network/locations/westus/operations/0a6ebb84-e2be-499d-8fbd-4b8b1e55a3c7?api-version=2022-09-01",
        "Cache-Control": "no-cache",
        "Content-Type": "application/json; charset=utf-8",
        "Date": "Tue, 07 Mar 2023 05:53:53 GMT",
        "Expires": "-1",
        "Location": "https://management.azure.com/subscriptions/00000000-0000-0000-0000-000000000000/providers/Microsoft.Network/locations/westus/operationResults/0a6ebb84-e2be-499d-8fbd-4b8b1e55a3c7?api-version=2022-09-01",
        "Pragma": "no-cache",
        "Server": [
          "Microsoft-HTTPAPI/2.0",
          "Microsoft-HTTPAPI/2.0"
        ],
        "Strict-Transport-Security": "max-age=31536000; includeSubDomains",
        "X-Content-Type-Options": "nosniff",
        "x-ms-arm-service-request-id": "26e4f8e5-8ef3-41f6-b7c7-f1ead0da748e",
        "x-ms-correlation-request-id": "699d7848-61c8-410f-ac81-9dd8a3d9d14e",
        "x-ms-ratelimit-remaining-subscription-reads": "11945",
        "x-ms-routing-request-id": "NORTHCENTRALUS:20230307T055353Z:d299673f-14bc-4d47-863e-e90261cebe26"
      },
      "ResponseBody": null
    }
  ],
  "Variables": {}
}
