interactions:
- request:
    body: '{"location": "eastus", "properties": {"addressSpace": {"addressPrefixes":
      ["10.0.0.0/16"]}}}'
    headers:
      Accept:
      - application/json
      Content-Length:
      - '92'
      Content-Type:
      - application/json
      User-Agent:
      - azsdk-python-azure-mgmt-network/19.1.0 Python/3.8.11 (Linux-5.8.0-1041-azure-x86_64-with-glibc2.2.5)
        VSTS_0fb41ef4-5012-48a9-bf39-4ee3de03ee35_build_2500_0
    method: PUT
    uri: https://management.azure.com/subscriptions/00000000-0000-0000-0000-000000000000/resourceGroups/rgname/providers/Microsoft.Network/virtualNetworks/virtualnetworkname?api-version=2021-03-01
  response:
    body:
      string: "{\r\n  \"name\": \"virtualnetworkname\",\r\n  \"id\": \"/subscriptions/00000000-0000-0000-0000-000000000000/resourceGroups/rgname/providers/Microsoft.Network/virtualNetworks/virtualnetworkname\",\r\n
        \ \"etag\": \"W/\\\"a653f54b-8fcc-4303-a15f-3202c5693331\\\"\",\r\n  \"type\":
        \"Microsoft.Network/virtualNetworks\",\r\n  \"location\": \"eastus\",\r\n
        \ \"properties\": {\r\n    \"provisioningState\": \"Updating\",\r\n    \"resourceGuid\":
        \"0f6ac49a-dfa1-40b7-9b1f-62f97f768981\",\r\n    \"addressSpace\": {\r\n      \"addressPrefixes\":
        [\r\n        \"10.0.0.0/16\"\r\n      ]\r\n    },\r\n    \"subnets\": [],\r\n
        \   \"virtualNetworkPeerings\": [],\r\n    \"enableDdosProtection\": false\r\n
        \ }\r\n}"
    headers:
      azure-asyncnotification: Enabled
      azure-asyncoperation: https://management.azure.com/subscriptions/00000000-0000-0000-0000-000000000000/providers/Microsoft.Network/locations/eastus/operations/14d79ed3-d73b-4b19-b36a-7b60bf00cd58?api-version=2021-03-01
      cache-control: no-cache
      content-length: '694'
      content-type: application/json; charset=utf-8
      date: Wed, 22 Sep 2021 02:52:14 GMT
      expires: '-1'
      pragma: no-cache
      server: Microsoft-HTTPAPI/2.0
      strict-transport-security: max-age=31536000; includeSubDomains
      x-content-type-options: nosniff
      x-ms-arm-service-request-id: a6ab403b-19a8-4378-928a-d705af2559e9
      x-ms-ratelimit-remaining-subscription-writes: '1199'
    status:
      code: 201
      message: Created
    url: https://management.azure.com/subscriptions/00000000-0000-0000-0000-000000000000/resourceGroups/rgpy-kteb5yst6ibvilmvbr7sczaoelet6fule4ukpbcvwaxzos7mi2l5pav2x55jrmdmlysbedv45fq/providers/Microsoft.Network/virtualNetworks/virtualnetworkname?api-version=2021-03-01
- request:
    body: null
    headers:
      User-Agent:
      - azsdk-python-azure-mgmt-network/19.1.0 Python/3.8.11 (Linux-5.8.0-1041-azure-x86_64-with-glibc2.2.5)
        VSTS_0fb41ef4-5012-48a9-bf39-4ee3de03ee35_build_2500_0
    method: GET
    uri: https://management.azure.com/subscriptions/00000000-0000-0000-0000-000000000000/providers/Microsoft.Network/locations/eastus/operations/14d79ed3-d73b-4b19-b36a-7b60bf00cd58?api-version=2021-03-01
  response:
    body:
      string: "{\r\n  \"status\": \"InProgress\"\r\n}"
    headers:
      cache-control: no-cache
      content-type: application/json; charset=utf-8
      date: Wed, 22 Sep 2021 02:52:17 GMT
      expires: '-1'
      pragma: no-cache
      server: Microsoft-HTTPAPI/2.0
      strict-transport-security: max-age=31536000; includeSubDomains
      transfer-encoding: chunked
      vary: Accept-Encoding
      x-content-type-options: nosniff
      x-ms-arm-service-request-id: ffb0dbb7-8257-4b93-a457-3c4ce6f65616
    status:
      code: 200
      message: OK
    url: https://management.azure.com/subscriptions/00000000-0000-0000-0000-000000000000/providers/Microsoft.Network/locations/eastus/operations/14d79ed3-d73b-4b19-b36a-7b60bf00cd58?api-version=2021-03-01
- request:
    body: null
    headers:
      User-Agent:
      - azsdk-python-azure-mgmt-network/19.1.0 Python/3.8.11 (Linux-5.8.0-1041-azure-x86_64-with-glibc2.2.5)
        VSTS_0fb41ef4-5012-48a9-bf39-4ee3de03ee35_build_2500_0
    method: GET
    uri: https://management.azure.com/subscriptions/00000000-0000-0000-0000-000000000000/providers/Microsoft.Network/locations/eastus/operations/14d79ed3-d73b-4b19-b36a-7b60bf00cd58?api-version=2021-03-01
  response:
    body:
      string: "{\r\n  \"status\": \"Succeeded\"\r\n}"
    headers:
      cache-control: no-cache
      content-type: application/json; charset=utf-8
      date: Wed, 22 Sep 2021 02:52:27 GMT
      expires: '-1'
      pragma: no-cache
      server: Microsoft-HTTPAPI/2.0
      strict-transport-security: max-age=31536000; includeSubDomains
      transfer-encoding: chunked
      vary: Accept-Encoding
      x-content-type-options: nosniff
      x-ms-arm-service-request-id: e23bcfcd-b684-4229-97e8-32b2756abf17
    status:
      code: 200
      message: OK
    url: https://management.azure.com/subscriptions/00000000-0000-0000-0000-000000000000/providers/Microsoft.Network/locations/eastus/operations/14d79ed3-d73b-4b19-b36a-7b60bf00cd58?api-version=2021-03-01
- request:
    body: null
    headers:
      User-Agent:
      - azsdk-python-azure-mgmt-network/19.1.0 Python/3.8.11 (Linux-5.8.0-1041-azure-x86_64-with-glibc2.2.5)
        VSTS_0fb41ef4-5012-48a9-bf39-4ee3de03ee35_build_2500_0
    method: GET
    uri: https://management.azure.com/subscriptions/00000000-0000-0000-0000-000000000000/resourceGroups/rgname/providers/Microsoft.Network/virtualNetworks/virtualnetworkname?api-version=2021-03-01
  response:
    body:
      string: "{\r\n  \"name\": \"virtualnetworkname\",\r\n  \"id\": \"/subscriptions/00000000-0000-0000-0000-000000000000/resourceGroups/rgname/providers/Microsoft.Network/virtualNetworks/virtualnetworkname\",\r\n
        \ \"etag\": \"W/\\\"523e6317-f62f-420a-b6cd-4cae95646aa8\\\"\",\r\n  \"type\":
        \"Microsoft.Network/virtualNetworks\",\r\n  \"location\": \"eastus\",\r\n
        \ \"properties\": {\r\n    \"provisioningState\": \"Succeeded\",\r\n    \"resourceGuid\":
        \"0f6ac49a-dfa1-40b7-9b1f-62f97f768981\",\r\n    \"addressSpace\": {\r\n      \"addressPrefixes\":
        [\r\n        \"10.0.0.0/16\"\r\n      ]\r\n    },\r\n    \"subnets\": [],\r\n
        \   \"virtualNetworkPeerings\": [],\r\n    \"enableDdosProtection\": false\r\n
        \ }\r\n}"
    headers:
      cache-control: no-cache
      content-type: application/json; charset=utf-8
      date: Wed, 22 Sep 2021 02:52:27 GMT
      etag: W/"523e6317-f62f-420a-b6cd-4cae95646aa8"
      expires: '-1'
      pragma: no-cache
      server: Microsoft-HTTPAPI/2.0
      strict-transport-security: max-age=31536000; includeSubDomains
      transfer-encoding: chunked
      vary: Accept-Encoding
      x-content-type-options: nosniff
      x-ms-arm-service-request-id: 8d3a16d5-9360-4a8b-84ee-892bb63fddbf
    status:
      code: 200
      message: OK
    url: https://management.azure.com/subscriptions/00000000-0000-0000-0000-000000000000/resourceGroups/rgpy-kteb5yst6ibvilmvbr7sczaoelet6fule4ukpbcvwaxzos7mi2l5pav2x55jrmdmlysbedv45fq/providers/Microsoft.Network/virtualNetworks/virtualnetworkname?api-version=2021-03-01
- request:
    body: '{"properties": {"addressPrefix": "10.0.0.0/24"}}'
    headers:
      Accept:
      - application/json
      Content-Length:
      - '48'
      Content-Type:
      - application/json
      User-Agent:
      - azsdk-python-azure-mgmt-network/19.1.0 Python/3.8.11 (Linux-5.8.0-1041-azure-x86_64-with-glibc2.2.5)
        VSTS_0fb41ef4-5012-48a9-bf39-4ee3de03ee35_build_2500_0
    method: PUT
    uri: https://management.azure.com/subscriptions/00000000-0000-0000-0000-000000000000/resourceGroups/rgname/providers/Microsoft.Network/virtualNetworks/virtualnetworkname/subnets/subnetname?api-version=2021-03-01
  response:
    body:
      string: "{\r\n  \"name\": \"subnetname\",\r\n  \"id\": \"/subscriptions/00000000-0000-0000-0000-000000000000/resourceGroups/rgname/providers/Microsoft.Network/virtualNetworks/virtualnetworkname/subnets/subnetname\",\r\n
        \ \"etag\": \"W/\\\"ca0ad6b2-5c85-443d-a3b3-94ffac223f8f\\\"\",\r\n  \"properties\":
        {\r\n    \"provisioningState\": \"Updating\",\r\n    \"addressPrefix\": \"10.0.0.0/24\",\r\n
        \   \"delegations\": [],\r\n    \"privateEndpointNetworkPolicies\": \"Enabled\",\r\n
        \   \"privateLinkServiceNetworkPolicies\": \"Enabled\"\r\n  },\r\n  \"type\":
        \"Microsoft.Network/virtualNetworks/subnets\"\r\n}"
    headers:
      azure-asyncoperation: https://management.azure.com/subscriptions/00000000-0000-0000-0000-000000000000/providers/Microsoft.Network/locations/eastus/operations/d0f6caa5-2b70-4107-8036-65da5844fb9e?api-version=2021-03-01
      cache-control: no-cache
      content-length: '609'
      content-type: application/json; charset=utf-8
      date: Wed, 22 Sep 2021 02:52:27 GMT
      expires: '-1'
      pragma: no-cache
      server: Microsoft-HTTPAPI/2.0
      strict-transport-security: max-age=31536000; includeSubDomains
      x-content-type-options: nosniff
      x-ms-arm-service-request-id: 22ee280a-bcd7-40af-8639-f079dc00f6b9
      x-ms-ratelimit-remaining-subscription-writes: '1198'
    status:
      code: 201
      message: Created
    url: https://management.azure.com/subscriptions/00000000-0000-0000-0000-000000000000/resourceGroups/rgpy-kteb5yst6ibvilmvbr7sczaoelet6fule4ukpbcvwaxzos7mi2l5pav2x55jrmdmlysbedv45fq/providers/Microsoft.Network/virtualNetworks/virtualnetworkname/subnets/subnetname?api-version=2021-03-01
- request:
    body: null
    headers:
      User-Agent:
      - azsdk-python-azure-mgmt-network/19.1.0 Python/3.8.11 (Linux-5.8.0-1041-azure-x86_64-with-glibc2.2.5)
        VSTS_0fb41ef4-5012-48a9-bf39-4ee3de03ee35_build_2500_0
    method: GET
    uri: https://management.azure.com/subscriptions/00000000-0000-0000-0000-000000000000/providers/Microsoft.Network/locations/eastus/operations/d0f6caa5-2b70-4107-8036-65da5844fb9e?api-version=2021-03-01
  response:
    body:
      string: "{\r\n  \"status\": \"Succeeded\"\r\n}"
    headers:
      cache-control: no-cache
      content-type: application/json; charset=utf-8
      date: Wed, 22 Sep 2021 02:52:30 GMT
      expires: '-1'
      pragma: no-cache
      server: Microsoft-HTTPAPI/2.0
      strict-transport-security: max-age=31536000; includeSubDomains
      transfer-encoding: chunked
      vary: Accept-Encoding
      x-content-type-options: nosniff
      x-ms-arm-service-request-id: a1263d9d-fbc9-423a-8b97-a3a29286658f
    status:
      code: 200
      message: OK
    url: https://management.azure.com/subscriptions/00000000-0000-0000-0000-000000000000/providers/Microsoft.Network/locations/eastus/operations/d0f6caa5-2b70-4107-8036-65da5844fb9e?api-version=2021-03-01
- request:
    body: null
    headers:
      User-Agent:
      - azsdk-python-azure-mgmt-network/19.1.0 Python/3.8.11 (Linux-5.8.0-1041-azure-x86_64-with-glibc2.2.5)
        VSTS_0fb41ef4-5012-48a9-bf39-4ee3de03ee35_build_2500_0
    method: GET
    uri: https://management.azure.com/subscriptions/00000000-0000-0000-0000-000000000000/resourceGroups/rgname/providers/Microsoft.Network/virtualNetworks/virtualnetworkname/subnets/subnetname?api-version=2021-03-01
  response:
    body:
      string: "{\r\n  \"name\": \"subnetname\",\r\n  \"id\": \"/subscriptions/00000000-0000-0000-0000-000000000000/resourceGroups/rgname/providers/Microsoft.Network/virtualNetworks/virtualnetworkname/subnets/subnetname\",\r\n
        \ \"etag\": \"W/\\\"bf7ab767-dfb3-4a2d-93b0-10bd19c04981\\\"\",\r\n  \"properties\":
        {\r\n    \"provisioningState\": \"Succeeded\",\r\n    \"addressPrefix\": \"10.0.0.0/24\",\r\n
        \   \"delegations\": [],\r\n    \"privateEndpointNetworkPolicies\": \"Enabled\",\r\n
        \   \"privateLinkServiceNetworkPolicies\": \"Enabled\"\r\n  },\r\n  \"type\":
        \"Microsoft.Network/virtualNetworks/subnets\"\r\n}"
    headers:
      cache-control: no-cache
      content-type: application/json; charset=utf-8
      date: Wed, 22 Sep 2021 02:52:30 GMT
      etag: W/"bf7ab767-dfb3-4a2d-93b0-10bd19c04981"
      expires: '-1'
      pragma: no-cache
      server: Microsoft-HTTPAPI/2.0
      strict-transport-security: max-age=31536000; includeSubDomains
      transfer-encoding: chunked
      vary: Accept-Encoding
      x-content-type-options: nosniff
      x-ms-arm-service-request-id: 73f0d221-a707-4b79-a2e9-d22f83aa54c4
    status:
      code: 200
      message: OK
    url: https://management.azure.com/subscriptions/00000000-0000-0000-0000-000000000000/resourceGroups/rgpy-kteb5yst6ibvilmvbr7sczaoelet6fule4ukpbcvwaxzos7mi2l5pav2x55jrmdmlysbedv45fq/providers/Microsoft.Network/virtualNetworks/virtualnetworkname/subnets/subnetname?api-version=2021-03-01
- request:
    body: null
    headers:
      Accept:
      - application/json
      User-Agent:
      - azsdk-python-azure-mgmt-network/19.1.0 Python/3.8.11 (Linux-5.8.0-1041-azure-x86_64-with-glibc2.2.5)
        VSTS_0fb41ef4-5012-48a9-bf39-4ee3de03ee35_build_2500_0
    method: GET
    uri: https://management.azure.com/subscriptions/00000000-0000-0000-0000-000000000000/resourceGroups/rgname/providers/Microsoft.Network/virtualNetworks/virtualnetworkname/CheckIPAddressAvailability?ipAddress=10.0.0.4&api-version=2021-03-01
  response:
    body:
      string: "{\r\n  \"available\": true,\r\n  \"isPlatformReserved\": false\r\n}"
    headers:
      cache-control: no-cache
      content-type: application/json; charset=utf-8
      date: Wed, 22 Sep 2021 02:52:30 GMT
      expires: '-1'
      pragma: no-cache
      server: Microsoft-HTTPAPI/2.0
      strict-transport-security: max-age=31536000; includeSubDomains
      transfer-encoding: chunked
      vary: Accept-Encoding
      x-content-type-options: nosniff
      x-ms-arm-service-request-id: 57ab75a0-a952-4d34-9d77-c7aa20c13cc2
    status:
      code: 200
      message: OK
    url: https://management.azure.com/subscriptions/00000000-0000-0000-0000-000000000000/resourceGroups/rgpy-kteb5yst6ibvilmvbr7sczaoelet6fule4ukpbcvwaxzos7mi2l5pav2x55jrmdmlysbedv45fq/providers/Microsoft.Network/virtualNetworks/virtualnetworkname/CheckIPAddressAvailability?ipAddress=10.0.0.4&api-version=2021-03-01
- request:
    body: null
    headers:
      Accept:
      - application/json
      User-Agent:
      - azsdk-python-azure-mgmt-network/19.1.0 Python/3.8.11 (Linux-5.8.0-1041-azure-x86_64-with-glibc2.2.5)
        VSTS_0fb41ef4-5012-48a9-bf39-4ee3de03ee35_build_2500_0
    method: GET
    uri: https://management.azure.com/subscriptions/00000000-0000-0000-0000-000000000000/resourceGroups/rgname/providers/Microsoft.Network/virtualNetworks/virtualnetworkname/subnets/subnetname?api-version=2021-03-01
  response:
    body:
      string: "{\r\n  \"name\": \"subnetname\",\r\n  \"id\": \"/subscriptions/00000000-0000-0000-0000-000000000000/resourceGroups/rgname/providers/Microsoft.Network/virtualNetworks/virtualnetworkname/subnets/subnetname\",\r\n
        \ \"etag\": \"W/\\\"bf7ab767-dfb3-4a2d-93b0-10bd19c04981\\\"\",\r\n  \"properties\":
        {\r\n    \"provisioningState\": \"Succeeded\",\r\n    \"addressPrefix\": \"10.0.0.0/24\",\r\n
        \   \"delegations\": [],\r\n    \"privateEndpointNetworkPolicies\": \"Enabled\",\r\n
        \   \"privateLinkServiceNetworkPolicies\": \"Enabled\"\r\n  },\r\n  \"type\":
        \"Microsoft.Network/virtualNetworks/subnets\"\r\n}"
    headers:
      cache-control: no-cache
      content-type: application/json; charset=utf-8
      date: Wed, 22 Sep 2021 02:52:30 GMT
      etag: W/"bf7ab767-dfb3-4a2d-93b0-10bd19c04981"
      expires: '-1'
      pragma: no-cache
      server: Microsoft-HTTPAPI/2.0
      strict-transport-security: max-age=31536000; includeSubDomains
      transfer-encoding: chunked
      vary: Accept-Encoding
      x-content-type-options: nosniff
      x-ms-arm-service-request-id: 984934ef-7fc3-4540-b482-4bcb61bb85fa
    status:
      code: 200
      message: OK
    url: https://management.azure.com/subscriptions/00000000-0000-0000-0000-000000000000/resourceGroups/rgpy-kteb5yst6ibvilmvbr7sczaoelet6fule4ukpbcvwaxzos7mi2l5pav2x55jrmdmlysbedv45fq/providers/Microsoft.Network/virtualNetworks/virtualnetworkname/subnets/subnetname?api-version=2021-03-01
- request:
    body: null
    headers:
      Accept:
      - application/json
      User-Agent:
      - azsdk-python-azure-mgmt-network/19.1.0 Python/3.8.11 (Linux-5.8.0-1041-azure-x86_64-with-glibc2.2.5)
        VSTS_0fb41ef4-5012-48a9-bf39-4ee3de03ee35_build_2500_0
    method: GET
    uri: https://management.azure.com/subscriptions/00000000-0000-0000-0000-000000000000/resourceGroups/rgname/providers/Microsoft.Network/virtualNetworks/virtualnetworkname/subnets?api-version=2021-03-01
  response:
    body:
      string: "{\r\n  \"value\": [\r\n    {\r\n      \"name\": \"subnetname\",\r\n
        \     \"id\": \"/subscriptions/00000000-0000-0000-0000-000000000000/resourceGroups/rgname/providers/Microsoft.Network/virtualNetworks/virtualnetworkname/subnets/subnetname\",\r\n
        \     \"etag\": \"W/\\\"bf7ab767-dfb3-4a2d-93b0-10bd19c04981\\\"\",\r\n      \"properties\":
        {\r\n        \"provisioningState\": \"Succeeded\",\r\n        \"addressPrefix\":
        \"10.0.0.0/24\",\r\n        \"delegations\": [],\r\n        \"privateEndpointNetworkPolicies\":
        \"Enabled\",\r\n        \"privateLinkServiceNetworkPolicies\": \"Enabled\"\r\n
        \     },\r\n      \"type\": \"Microsoft.Network/virtualNetworks/subnets\"\r\n
        \   }\r\n  ]\r\n}"
    headers:
      cache-control: no-cache
      content-type: application/json; charset=utf-8
      date: Wed, 22 Sep 2021 02:52:30 GMT
      expires: '-1'
      pragma: no-cache
      server: Microsoft-HTTPAPI/2.0
      strict-transport-security: max-age=31536000; includeSubDomains
      transfer-encoding: chunked
      vary: Accept-Encoding
      x-content-type-options: nosniff
      x-ms-arm-service-request-id: 3acb5789-81e8-4f5b-9af3-d03c50bfd17e
    status:
      code: 200
      message: OK
    url: https://management.azure.com/subscriptions/00000000-0000-0000-0000-000000000000/resourceGroups/rgpy-kteb5yst6ibvilmvbr7sczaoelet6fule4ukpbcvwaxzos7mi2l5pav2x55jrmdmlysbedv45fq/providers/Microsoft.Network/virtualNetworks/virtualnetworkname/subnets?api-version=2021-03-01
- request:
    body: null
    headers:
      Accept:
      - application/json
      User-Agent:
      - azsdk-python-azure-mgmt-network/19.1.0 Python/3.8.11 (Linux-5.8.0-1041-azure-x86_64-with-glibc2.2.5)
        VSTS_0fb41ef4-5012-48a9-bf39-4ee3de03ee35_build_2500_0
    method: GET
    uri: https://management.azure.com/subscriptions/00000000-0000-0000-0000-000000000000/resourceGroups/rgname/providers/Microsoft.Network/virtualNetworks/virtualnetworkname/usages?api-version=2021-03-01
  response:
    body:
      string: "{\r\n  \"value\": [\r\n    {\r\n      \"currentValue\": 0,\r\n      \"id\":
        \"/subscriptions/00000000-0000-0000-0000-000000000000/resourceGroups/rgname/providers/Microsoft.Network/virtualNetworks/virtualnetworkname/subnets/subnetname\",\r\n
        \     \"limit\": 251,\r\n      \"name\": {\r\n        \"localizedValue\":
        \"Subnet size and usage\",\r\n        \"value\": \"SubnetSpace\"\r\n      },\r\n
        \     \"unit\": \"Count\"\r\n    }\r\n  ]\r\n}"
    headers:
      cache-control: no-cache
      content-type: application/json; charset=utf-8
      date: Wed, 22 Sep 2021 02:52:30 GMT
      expires: '-1'
      pragma: no-cache
      server: Microsoft-HTTPAPI/2.0
      strict-transport-security: max-age=31536000; includeSubDomains
      transfer-encoding: chunked
      vary: Accept-Encoding
      x-content-type-options: nosniff
      x-ms-arm-service-request-id: 5a3951e3-8864-405a-88de-cbbcf31b949e
    status:
      code: 200
      message: OK
    url: https://management.azure.com/subscriptions/00000000-0000-0000-0000-000000000000/resourceGroups/rgpy-kteb5yst6ibvilmvbr7sczaoelet6fule4ukpbcvwaxzos7mi2l5pav2x55jrmdmlysbedv45fq/providers/Microsoft.Network/virtualNetworks/virtualnetworkname/usages?api-version=2021-03-01
- request:
    body: null
    headers:
      Accept:
      - application/json
      User-Agent:
      - azsdk-python-azure-mgmt-network/19.1.0 Python/3.8.11 (Linux-5.8.0-1041-azure-x86_64-with-glibc2.2.5)
        VSTS_0fb41ef4-5012-48a9-bf39-4ee3de03ee35_build_2500_0
    method: GET
    uri: https://management.azure.com/subscriptions/00000000-0000-0000-0000-000000000000/resourceGroups/rgname/providers/Microsoft.Network/virtualNetworks/virtualnetworkname?api-version=2021-03-01
  response:
    body:
      string: "{\r\n  \"name\": \"virtualnetworkname\",\r\n  \"id\": \"/subscriptions/00000000-0000-0000-0000-000000000000/resourceGroups/rgname/providers/Microsoft.Network/virtualNetworks/virtualnetworkname\",\r\n
        \ \"etag\": \"W/\\\"bf7ab767-dfb3-4a2d-93b0-10bd19c04981\\\"\",\r\n  \"type\":
        \"Microsoft.Network/virtualNetworks\",\r\n  \"location\": \"eastus\",\r\n
        \ \"properties\": {\r\n    \"provisioningState\": \"Succeeded\",\r\n    \"resourceGuid\":
        \"0f6ac49a-dfa1-40b7-9b1f-62f97f768981\",\r\n    \"addressSpace\": {\r\n      \"addressPrefixes\":
        [\r\n        \"10.0.0.0/16\"\r\n      ]\r\n    },\r\n    \"subnets\": [\r\n
        \     {\r\n        \"name\": \"subnetname\",\r\n        \"id\": \"/subscriptions/00000000-0000-0000-0000-000000000000/resourceGroups/rgname/providers/Microsoft.Network/virtualNetworks/virtualnetworkname/subnets/subnetname\",\r\n
        \       \"etag\": \"W/\\\"bf7ab767-dfb3-4a2d-93b0-10bd19c04981\\\"\",\r\n
        \       \"properties\": {\r\n          \"provisioningState\": \"Succeeded\",\r\n
        \         \"addressPrefix\": \"10.0.0.0/24\",\r\n          \"delegations\":
        [],\r\n          \"privateEndpointNetworkPolicies\": \"Enabled\",\r\n          \"privateLinkServiceNetworkPolicies\":
        \"Enabled\"\r\n        },\r\n        \"type\": \"Microsoft.Network/virtualNetworks/subnets\"\r\n
        \     }\r\n    ],\r\n    \"virtualNetworkPeerings\": [],\r\n    \"enableDdosProtection\":
        false\r\n  }\r\n}"
    headers:
      cache-control: no-cache
      content-type: application/json; charset=utf-8
      date: Wed, 22 Sep 2021 02:52:30 GMT
      etag: W/"bf7ab767-dfb3-4a2d-93b0-10bd19c04981"
      expires: '-1'
      pragma: no-cache
      server: Microsoft-HTTPAPI/2.0
      strict-transport-security: max-age=31536000; includeSubDomains
      transfer-encoding: chunked
      vary: Accept-Encoding
      x-content-type-options: nosniff
      x-ms-arm-service-request-id: 6f4b35ba-d0b9-4536-8c66-2f217ec0715d
    status:
      code: 200
      message: OK
    url: https://management.azure.com/subscriptions/00000000-0000-0000-0000-000000000000/resourceGroups/rgpy-kteb5yst6ibvilmvbr7sczaoelet6fule4ukpbcvwaxzos7mi2l5pav2x55jrmdmlysbedv45fq/providers/Microsoft.Network/virtualNetworks/virtualnetworkname?api-version=2021-03-01
- request:
    body: null
    headers:
      Accept:
      - application/json
      User-Agent:
      - azsdk-python-azure-mgmt-network/19.1.0 Python/3.8.11 (Linux-5.8.0-1041-azure-x86_64-with-glibc2.2.5)
        VSTS_0fb41ef4-5012-48a9-bf39-4ee3de03ee35_build_2500_0
    method: GET
    uri: https://management.azure.com/subscriptions/00000000-0000-0000-0000-000000000000/resourceGroups/rgname/providers/Microsoft.Network/virtualNetworks?api-version=2021-03-01
  response:
    body:
      string: "{\r\n  \"value\": [\r\n    {\r\n      \"name\": \"virtualnetworkname\",\r\n
        \     \"id\": \"/subscriptions/00000000-0000-0000-0000-000000000000/resourceGroups/rgname/providers/Microsoft.Network/virtualNetworks/virtualnetworkname\",\r\n
        \     \"etag\": \"W/\\\"bf7ab767-dfb3-4a2d-93b0-10bd19c04981\\\"\",\r\n      \"type\":
        \"Microsoft.Network/virtualNetworks\",\r\n      \"location\": \"eastus\",\r\n
        \     \"properties\": {\r\n        \"provisioningState\": \"Succeeded\",\r\n
        \       \"resourceGuid\": \"0f6ac49a-dfa1-40b7-9b1f-62f97f768981\",\r\n        \"addressSpace\":
        {\r\n          \"addressPrefixes\": [\r\n            \"10.0.0.0/16\"\r\n          ]\r\n
        \       },\r\n        \"subnets\": [\r\n          {\r\n            \"name\":
        \"subnetname\",\r\n            \"id\": \"/subscriptions/00000000-0000-0000-0000-000000000000/resourceGroups/rgname/providers/Microsoft.Network/virtualNetworks/virtualnetworkname/subnets/subnetname\",\r\n
        \           \"etag\": \"W/\\\"bf7ab767-dfb3-4a2d-93b0-10bd19c04981\\\"\",\r\n
        \           \"properties\": {\r\n              \"provisioningState\": \"Succeeded\",\r\n
        \             \"addressPrefix\": \"10.0.0.0/24\",\r\n              \"delegations\":
        [],\r\n              \"privateEndpointNetworkPolicies\": \"Enabled\",\r\n
        \             \"privateLinkServiceNetworkPolicies\": \"Enabled\"\r\n            },\r\n
        \           \"type\": \"Microsoft.Network/virtualNetworks/subnets\"\r\n          }\r\n
        \       ],\r\n        \"virtualNetworkPeerings\": [],\r\n        \"enableDdosProtection\":
        false\r\n      }\r\n    }\r\n  ]\r\n}"
    headers:
      cache-control: no-cache
      content-type: application/json; charset=utf-8
      date: Wed, 22 Sep 2021 02:52:30 GMT
      expires: '-1'
      pragma: no-cache
      server: Microsoft-HTTPAPI/2.0
      strict-transport-security: max-age=31536000; includeSubDomains
      transfer-encoding: chunked
      vary: Accept-Encoding
      x-content-type-options: nosniff
      x-ms-arm-service-request-id: 86d74711-b417-4169-ae2e-6d729b3baabf
    status:
      code: 200
      message: OK
    url: https://management.azure.com/subscriptions/00000000-0000-0000-0000-000000000000/resourceGroups/rgpy-kteb5yst6ibvilmvbr7sczaoelet6fule4ukpbcvwaxzos7mi2l5pav2x55jrmdmlysbedv45fq/providers/Microsoft.Network/virtualNetworks?api-version=2021-03-01
- request:
    body: null
    headers:
      Accept:
      - application/json
      User-Agent:
      - azsdk-python-azure-mgmt-network/19.1.0 Python/3.8.11 (Linux-5.8.0-1041-azure-x86_64-with-glibc2.2.5)
        VSTS_0fb41ef4-5012-48a9-bf39-4ee3de03ee35_build_2500_0
    method: GET
    uri: https://management.azure.com/subscriptions/00000000-0000-0000-0000-000000000000/providers/Microsoft.Network/virtualNetworks?api-version=2021-03-01
  response:
    body:
      string: '{"value":[{"name":"cli.lock.rsrchikdj2r5lezlez4w6","id":"/subscriptions/00000000-0000-0000-0000-000000000000/resourceGroups/cli_test_cannotdelete_resource_lockbfuaftaa7m4m77urywe56rs3yfr4sr3ybmrsclix/providers/Microsoft.Network/virtualNetworks/cli.lock.rsrchikdj2r5lezlez4w6","etag":"W/\"12b1330b-fc13-4adc-be53-d75e698376c6\"","type":"Microsoft.Network/virtualNetworks","location":"westus","tags":{},"properties":{"provisioningState":"Succeeded","resourceGuid":"f884bb67-ba92-440b-94dd-eb58447b9240","addressSpace":{"addressPrefixes":["10.0.0.0/16"]},"dhcpOptions":{"dnsServers":[]},"subnets":[],"virtualNetworkPeerings":[],"enableDdosProtection":false}},{"name":"cli.lock.rsrctghseyfj2qky7arbn","id":"/subscriptions/00000000-0000-0000-0000-000000000000/resourceGroups/cli_test_readonly_resource_locklucgtzf5vgc65f5gjnxtn3kf4axeyzdcowlatqmvexq3/providers/Microsoft.Network/virtualNetworks/cli.lock.rsrctghseyfj2qky7arbn","etag":"W/\"a9c69b17-6231-4b9b-b75a-6f285a315d7f\"","type":"Microsoft.Network/virtualNetworks","location":"westus","tags":{},"properties":{"provisioningState":"Succeeded","resourceGuid":"cfe15601-e962-4d12-b9a8-89c51565111b","addressSpace":{"addressPrefixes":["10.0.0.0/16"]},"dhcpOptions":{"dnsServers":[]},"subnets":[],"virtualNetworkPeerings":[],"enableDdosProtection":false}},{"name":"jiasliclidevvnet346","id":"/subscriptions/00000000-0000-0000-0000-000000000000/resourceGroups/jiasli-cli-dev/providers/Microsoft.Network/virtualNetworks/jiasliclidevvnet346","etag":"W/\"82c55736-a2af-4aeb-b5e6-c55e9a70d926\"","type":"Microsoft.Network/virtualNetworks","location":"westus","properties":{"provisioningState":"Succeeded","resourceGuid":"c764cb92-712d-4a7f-96dc-5765c090b2e7","addressSpace":{"addressPrefixes":["172.16.0.0/24"]},"subnets":[{"name":"default","id":"/subscriptions/00000000-0000-0000-0000-000000000000/resourceGroups/jiasli-cli-dev/providers/Microsoft.Network/virtualNetworks/jiasliclidevvnet346/subnets/default","etag":"W/\"82c55736-a2af-4aeb-b5e6-c55e9a70d926\"","properties":{"provisioningState":"Succeeded","addressPrefix":"172.16.0.0/24","ipConfigurations":[{"id":"/subscriptions/00000000-0000-0000-0000-000000000000/resourceGroups/jiasli-cli-dev/providers/Microsoft.Network/networkInterfaces/jiasli-ubuntu151/ipConfigurations/ipconfig1"}],"delegations":[],"privateEndpointNetworkPolicies":"Enabled","privateLinkServiceNetworkPolicies":"Enabled"},"type":"Microsoft.Network/virtualNetworks/subnets"}],"virtualNetworkPeerings":[],"enableDdosProtection":false}},{"name":"QIAN","id":"/subscriptions/00000000-0000-0000-0000-000000000000/resourceGroups/qianwens/providers/Microsoft.Network/virtualNetworks/QIAN","etag":"W/\"97296b19-e5e7-4ae6-9599-1ee9986daeec\"","type":"Microsoft.Network/virtualNetworks","location":"eastus","properties":{"provisioningState":"Succeeded","resourceGuid":"886c7457-e93f-4e82-b17c-ad21466f22e3","addressSpace":{"addressPrefixes":["10.7.0.0/16"]},"subnets":[{"name":"default","id":"/subscriptions/00000000-0000-0000-0000-000000000000/resourceGroups/qianwens/providers/Microsoft.Network/virtualNetworks/QIAN/subnets/default","etag":"W/\"97296b19-e5e7-4ae6-9599-1ee9986daeec\"","properties":{"provisioningState":"Succeeded","addressPrefix":"10.7.0.0/24","ipConfigurations":[{"id":"/subscriptions/00000000-0000-0000-0000-000000000000/resourceGroups/QIANWENS/providers/Microsoft.Network/networkInterfaces/prod-9bef63c3-4937-49ef-bfd6-55609d35142e-cluster-nic-1/ipConfigurations/primary"},{"id":"/subscriptions/00000000-0000-0000-0000-000000000000/resourceGroups/QIANWENS/providers/Microsoft.Network/networkInterfaces/prod-9bef63c3-4937-49ef-bfd6-55609d35142e-cluster-nic-0/ipConfigurations/primary"},{"id":"/subscriptions/00000000-0000-0000-0000-000000000000/resourceGroups/QIANWENS/providers/Microsoft.Network/networkInterfaces/prod-9bef63c3-4937-49ef-bfd6-55609d35142e-cluster-nic-2/ipConfigurations/primary"},{"id":"/subscriptions/00000000-0000-0000-0000-000000000000/resourceGroups/QIANWENS/providers/Microsoft.Network/networkInterfaces/prod-9bef63c3-4937-49ef-bfd6-55609d35142e-cluster-nic-0/ipConfigurations/prod-9bef63c3-4937-49ef-bfd6-55609d35142e-cluster-vm-0-10-7-0-20"},{"id":"/subscriptions/00000000-0000-0000-0000-000000000000/resourceGroups/QIANWENS/providers/Microsoft.Network/networkInterfaces/prod-9bef63c3-4937-49ef-bfd6-55609d35142e-cluster-nic-1/ipConfigurations/prod-9bef63c3-4937-49ef-bfd6-55609d35142e-cluster-vm-1-10-7-0-22"},{"id":"/subscriptions/00000000-0000-0000-0000-000000000000/resourceGroups/QIANWENS/providers/Microsoft.Network/networkInterfaces/prod-9bef63c3-4937-49ef-bfd6-55609d35142e-cluster-nic-2/ipConfigurations/prod-9bef63c3-4937-49ef-bfd6-55609d35142e-cluster-vm-2-10-7-0-21"},{"id":"/subscriptions/00000000-0000-0000-0000-000000000000/resourceGroups/QIANWENS/providers/Microsoft.Network/networkInterfaces/prod-9bef63c3-4937-49ef-bfd6-55609d35142e-cluster-nic-1/ipConfigurations/prod-9bef63c3-4937-49ef-bfd6-55609d35142e-cluster-vm-1-10-7-0-18"},{"id":"/subscriptions/00000000-0000-0000-0000-000000000000/resourceGroups/qianwens/providers/Microsoft.Network/networkInterfaces/qianwen-nfs346/ipConfigurations/ipconfig1"},{"id":"/subscriptions/00000000-0000-0000-0000-000000000000/resourceGroups/QIANWENS/providers/Microsoft.Network/networkInterfaces/prod-9bef63c3-4937-49ef-bfd6-55609d35142e-cluster-nic-1/ipConfigurations/prod-9bef63c3-4937-49ef-bfd6-55609d35142e-cluster-vm-1-10-7-0-23"},{"id":"/subscriptions/00000000-0000-0000-0000-000000000000/resourceGroups/QIANWENS/providers/Microsoft.Network/networkInterfaces/prod-9bef63c3-4937-49ef-bfd6-55609d35142e-cluster-nic-0/ipConfigurations/prod-9bef63c3-4937-49ef-bfd6-55609d35142e-cluster-vm-0-10-7-0-17"},{"id":"/subscriptions/00000000-0000-0000-0000-000000000000/resourceGroups/QIANWENS/providers/Microsoft.Network/networkInterfaces/prod-9bef63c3-4937-49ef-bfd6-55609d35142e-cluster-nic-2/ipConfigurations/prod-9bef63c3-4937-49ef-bfd6-55609d35142e-cluster-vm-2-10-7-0-19"},{"id":"/subscriptions/00000000-0000-0000-0000-000000000000/resourceGroups/qianwens/providers/Microsoft.Network/networkInterfaces/qianwen-windows228/ipConfigurations/ipconfig1"},{"id":"/subscriptions/00000000-0000-0000-0000-000000000000/resourceGroups/qianwens/providers/Microsoft.Network/networkInterfaces/qianwen-rdp742/ipConfigurations/ipconfig1"},{"id":"/subscriptions/00000000-0000-0000-0000-000000000000/resourceGroups/qianwens/providers/Microsoft.Network/networkInterfaces/qianwen-trusty198/ipConfigurations/ipconfig1"}],"serviceEndpoints":[{"provisioningState":"Succeeded","service":"Microsoft.Storage","locations":["eastus","westus"]}],"delegations":[],"privateEndpointNetworkPolicies":"Disabled","privateLinkServiceNetworkPolicies":"Enabled"},"type":"Microsoft.Network/virtualNetworks/subnets"}],"virtualNetworkPeerings":[],"enableDdosProtection":false}},{"name":"qianwendev","id":"/subscriptions/00000000-0000-0000-0000-000000000000/resourceGroups/qianwens/providers/Microsoft.Network/virtualNetworks/qianwendev","etag":"W/\"61cf2d96-cb75-42dc-bc1c-f6f9d75034d9\"","type":"Microsoft.Network/virtualNetworks","location":"eastus","properties":{"provisioningState":"Succeeded","resourceGuid":"9ac268c5-7cd2-4ca6-9be3-be560ffefa49","addressSpace":{"addressPrefixes":["10.4.0.0/16"]},"subnets":[{"name":"default","id":"/subscriptions/00000000-0000-0000-0000-000000000000/resourceGroups/qianwens/providers/Microsoft.Network/virtualNetworks/qianwendev/subnets/default","etag":"W/\"61cf2d96-cb75-42dc-bc1c-f6f9d75034d9\"","properties":{"provisioningState":"Succeeded","addressPrefix":"10.4.0.0/24","serviceEndpoints":[{"provisioningState":"Succeeded","service":"Microsoft.Storage","locations":["eastus","westus"]}],"delegations":[],"privateEndpointNetworkPolicies":"Enabled","privateLinkServiceNetworkPolicies":"Enabled"},"type":"Microsoft.Network/virtualNetworks/subnets"}],"virtualNetworkPeerings":[],"enableDdosProtection":false}},{"name":"virtualnetworkname","id":"/subscriptions/00000000-0000-0000-0000-000000000000/resourceGroups/rgname/providers/Microsoft.Network/virtualNetworks/virtualnetworkname","etag":"W/\"bf7ab767-dfb3-4a2d-93b0-10bd19c04981\"","type":"Microsoft.Network/virtualNetworks","location":"eastus","properties":{"provisioningState":"Succeeded","resourceGuid":"0f6ac49a-dfa1-40b7-9b1f-62f97f768981","addressSpace":{"addressPrefixes":["10.0.0.0/16"]},"subnets":[{"name":"subnetname","id":"/subscriptions/00000000-0000-0000-0000-000000000000/resourceGroups/rgname/providers/Microsoft.Network/virtualNetworks/virtualnetworkname/subnets/subnetname","etag":"W/\"bf7ab767-dfb3-4a2d-93b0-10bd19c04981\"","properties":{"provisioningState":"Succeeded","addressPrefix":"10.0.0.0/24","delegations":[],"privateEndpointNetworkPolicies":"Enabled","privateLinkServiceNetworkPolicies":"Enabled"},"type":"Microsoft.Network/virtualNetworks/subnets"}],"virtualNetworkPeerings":[],"enableDdosProtection":false}},{"name":"qianwenhpcc","id":"/subscriptions/00000000-0000-0000-0000-000000000000/resourceGroups/qianwens/providers/Microsoft.Network/virtualNetworks/qianwenhpcc","etag":"W/\"6c8aaa6d-3d3c-4dcc-9239-8e8cb4f4276c\"","type":"Microsoft.Network/virtualNetworks","location":"northeurope","tags":{},"properties":{"provisioningState":"Succeeded","resourceGuid":"201936e6-9c56-41c0-91ed-48c3e91d363a","addressSpace":{"addressPrefixes":["10.11.0.0/16"]},"subnets":[{"name":"default","id":"/subscriptions/00000000-0000-0000-0000-000000000000/resourceGroups/qianwens/providers/Microsoft.Network/virtualNetworks/qianwenhpcc/subnets/default","etag":"W/\"6c8aaa6d-3d3c-4dcc-9239-8e8cb4f4276c\"","properties":{"provisioningState":"Succeeded","addressPrefix":"10.11.0.0/24","delegations":[],"privateEndpointNetworkPolicies":"Enabled","privateLinkServiceNetworkPolicies":"Enabled"},"type":"Microsoft.Network/virtualNetworks/subnets"}],"virtualNetworkPeerings":[],"enableDdosProtection":false}},{"name":"qianwens-vnet","id":"/subscriptions/00000000-0000-0000-0000-000000000000/resourceGroups/qianwens/providers/Microsoft.Network/virtualNetworks/qianwens-vnet","etag":"W/\"ee382a25-ba6c-455f-9aba-4faf778d6645\"","type":"Microsoft.Network/virtualNetworks","location":"southeastasia","properties":{"provisioningState":"Succeeded","resourceGuid":"a394bdb8-358f-4852-a090-6339e3cb7cbd","addressSpace":{"addressPrefixes":["10.2.3.0/24"]},"subnets":[{"name":"default","id":"/subscriptions/00000000-0000-0000-0000-000000000000/resourceGroups/qianwens/providers/Microsoft.Network/virtualNetworks/qianwens-vnet/subnets/default","etag":"W/\"ee382a25-ba6c-455f-9aba-4faf778d6645\"","properties":{"provisioningState":"Succeeded","addressPrefix":"10.2.3.0/24","ipConfigurations":[{"id":"/subscriptions/00000000-0000-0000-0000-000000000000/resourceGroups/qianwens/providers/Microsoft.Network/networkInterfaces/qianwen-ubuntu473/ipConfigurations/ipconfig1"},{"id":"/subscriptions/00000000-0000-0000-0000-000000000000/resourceGroups/qianwens/providers/Microsoft.Network/networkInterfaces/qianwen-rdp2308/ipConfigurations/ipconfig1"},{"id":"/subscriptions/00000000-0000-0000-0000-000000000000/resourceGroups/qianwens/providers/Microsoft.Network/networkInterfaces/qianwencentos539/ipConfigurations/ipconfig1"},{"id":"/subscriptions/00000000-0000-0000-0000-000000000000/resourceGroups/qianwens/providers/Microsoft.Network/networkInterfaces/qianwen-centos8455/ipConfigurations/ipconfig1"},{"id":"/subscriptions/00000000-0000-0000-0000-000000000000/resourceGroups/qianwens/providers/Microsoft.Network/networkInterfaces/qianwen-rdp3736/ipConfigurations/ipconfig1"}],"delegations":[],"privateEndpointNetworkPolicies":"Enabled","privateLinkServiceNetworkPolicies":"Enabled"},"type":"Microsoft.Network/virtualNetworks/subnets"}],"virtualNetworkPeerings":[],"enableDdosProtection":false}},{"name":"vnettest","id":"/subscriptions/00000000-0000-0000-0000-000000000000/resourceGroups/fanqiu-test/providers/Microsoft.Network/virtualNetworks/vnettest","etag":"W/\"c7bc9c74-2656-423c-a6ed-7e7cd2d3c3e0\"","type":"Microsoft.Network/virtualNetworks","location":"centralus","properties":{"provisioningState":"Failed","resourceGuid":"069414bc-bd93-47a1-976e-2e51578a2c72","addressSpace":{"addressPrefixes":["10.1.0.0/16"]},"subnets":[{"name":"default","id":"/subscriptions/00000000-0000-0000-0000-000000000000/resourceGroups/fanqiu-test/providers/Microsoft.Network/virtualNetworks/vnettest/subnets/default","etag":"W/\"c7bc9c74-2656-423c-a6ed-7e7cd2d3c3e0\"","properties":{"provisioningState":"Failed","addressPrefix":"10.1.0.0/24","delegations":[],"privateEndpointNetworkPolicies":"Disabled","privateLinkServiceNetworkPolicies":"Disabled"},"type":"Microsoft.Network/virtualNetworks/subnets"}],"virtualNetworkPeerings":[],"enableDdosProtection":false}},{"name":"fengnet","id":"/subscriptions/00000000-0000-0000-0000-000000000000/resourceGroups/feng-cli-rg/providers/Microsoft.Network/virtualNetworks/fengnet","etag":"W/\"ab7fc3cd-5cd6-4589-94a3-051eb2cfaa57\"","type":"Microsoft.Network/virtualNetworks","location":"centralus","tags":{},"properties":{"provisioningState":"Succeeded","resourceGuid":"11ee3c60-0e22-44a3-a916-d553364b109e","addressSpace":{"addressPrefixes":["10.0.0.0/16"]},"dhcpOptions":{"dnsServers":[]},"subnets":[{"name":"default","id":"/subscriptions/00000000-0000-0000-0000-000000000000/resourceGroups/feng-cli-rg/providers/Microsoft.Network/virtualNetworks/fengnet/subnets/default","etag":"W/\"ab7fc3cd-5cd6-4589-94a3-051eb2cfaa57\"","properties":{"provisioningState":"Succeeded","addressPrefix":"10.0.0.0/24","delegations":[],"privateEndpointNetworkPolicies":"Enabled","privateLinkServiceNetworkPolicies":"Enabled"},"type":"Microsoft.Network/virtualNetworks/subnets"}],"virtualNetworkPeerings":[],"enableDdosProtection":false}},{"name":"fengtestvnet","id":"/subscriptions/00000000-0000-0000-0000-000000000000/resourceGroups/feng-cli-rg/providers/Microsoft.Network/virtualNetworks/fengtestvnet","etag":"W/\"d5e7f592-f675-4296-a973-59b532c4ab9f\"","type":"Microsoft.Network/virtualNetworks","location":"centralus","tags":{},"properties":{"provisioningState":"Succeeded","resourceGuid":"59680b56-4598-4692-8f56-3ba38d3d2d14","addressSpace":{"addressPrefixes":["10.0.0.0/16"]},"dhcpOptions":{"dnsServers":[]},"subnets":[{"name":"default","id":"/subscriptions/00000000-0000-0000-0000-000000000000/resourceGroups/feng-cli-rg/providers/Microsoft.Network/virtualNetworks/fengtestvnet/subnets/default","etag":"W/\"d5e7f592-f675-4296-a973-59b532c4ab9f\"","properties":{"provisioningState":"Succeeded","addressPrefix":"10.0.0.0/24","delegations":[],"privateEndpointNetworkPolicies":"Enabled","privateLinkServiceNetworkPolicies":"Enabled"},"type":"Microsoft.Network/virtualNetworks/subnets"},{"name":"updatesub","id":"/subscriptions/00000000-0000-0000-0000-000000000000/resourceGroups/feng-cli-rg/providers/Microsoft.Network/virtualNetworks/fengtestvnet/subnets/updatesub","etag":"W/\"d5e7f592-f675-4296-a973-59b532c4ab9f\"","properties":{"provisioningState":"Succeeded","addressPrefix":"10.0.1.0/24","serviceEndpoints":[{"provisioningState":"Succeeded","service":"Microsoft.AzureActiveDirectory","locations":["*"]}],"delegations":[],"privateEndpointNetworkPolicies":"Enabled","privateLinkServiceNetworkPolicies":"Enabled"},"type":"Microsoft.Network/virtualNetworks/subnets"}],"virtualNetworkPeerings":[],"enableDdosProtection":false}},{"name":"cli-vnet-lefr-02","id":"/subscriptions/00000000-0000-0000-0000-000000000000/resourceGroups/cli_netappfiles_test_snapshot_vpshzlob7c63iuglneagoxjxa45dqn6eoglhf37oo5cms/providers/Microsoft.Network/virtualNetworks/cli-vnet-lefr-02","etag":"W/\"a94f4406-7d2e-44c2-b311-c9b5cc946b1b\"","type":"Microsoft.Network/virtualNetworks","location":"westus2","tags":{},"properties":{"provisioningState":"Succeeded","resourceGuid":"d0252539-b9d8-4264-bf7a-dfc99802c145","addressSpace":{"addressPrefixes":["10.5.0.0/16"]},"dhcpOptions":{"dnsServers":[]},"subnets":[{"name":"cli-subnet-lefr-02","id":"/subscriptions/00000000-0000-0000-0000-000000000000/resourceGroups/cli_netappfiles_test_snapshot_vpshzlob7c63iuglneagoxjxa45dqn6eoglhf37oo5cms/providers/Microsoft.Network/virtualNetworks/cli-vnet-lefr-02/subnets/cli-subnet-lefr-02","etag":"W/\"a94f4406-7d2e-44c2-b311-c9b5cc946b1b\"","properties":{"provisioningState":"Succeeded","addressPrefix":"10.5.0.0/24","ipConfigurations":[{"id":"/subscriptions/00000000-0000-0000-0000-000000000000/resourceGroups/cli_netappfiles_test_snapshot_vpshzlob7c63iuglneagoxjxa45dqn6eoglhf37oo5cms/providers/Microsoft.Network/networkInterfaces/anf-cli-vnet-lefr-02-nic-OP6BGH/ipConfigurations/ipconfig1"}],"delegations":[{"name":"0","id":"/subscriptions/00000000-0000-0000-0000-000000000000/resourceGroups/cli_netappfiles_test_snapshot_vpshzlob7c63iuglneagoxjxa45dqn6eoglhf37oo5cms/providers/Microsoft.Network/virtualNetworks/cli-vnet-lefr-02/subnets/cli-subnet-lefr-02/delegations/0","etag":"W/\"a94f4406-7d2e-44c2-b311-c9b5cc946b1b\"","properties":{"provisioningState":"Succeeded","serviceName":"Microsoft.Netapp/volumes","actions":["Microsoft.Network/networkinterfaces/*","Microsoft.Network/virtualNetworks/subnets/join/action"]},"type":"Microsoft.Network/virtualNetworks/subnets/delegations"}],"purpose":"HostedWorkloads","privateEndpointNetworkPolicies":"Enabled","privateLinkServiceNetworkPolicies":"Enabled"},"type":"Microsoft.Network/virtualNetworks/subnets"}],"virtualNetworkPeerings":[],"enableDdosProtection":false}},{"name":"jiasli-cli-dev-vnet","id":"/subscriptions/00000000-0000-0000-0000-000000000000/resourceGroups/jiasli-cli-dev/providers/Microsoft.Network/virtualNetworks/jiasli-cli-dev-vnet","etag":"W/\"664b7722-7ff0-4431-98c5-998228551332\"","type":"Microsoft.Network/virtualNetworks","location":"westus2","properties":{"provisioningState":"Succeeded","resourceGuid":"8a6b6633-fb55-48e1-af56-b8757edd9595","addressSpace":{"addressPrefixes":["10.2.1.0/24"]},"subnets":[{"name":"default","id":"/subscriptions/00000000-0000-0000-0000-000000000000/resourceGroups/jiasli-cli-dev/providers/Microsoft.Network/virtualNetworks/jiasli-cli-dev-vnet/subnets/default","etag":"W/\"664b7722-7ff0-4431-98c5-998228551332\"","properties":{"provisioningState":"Succeeded","addressPrefix":"10.2.1.0/24","ipConfigurations":[{"id":"/subscriptions/00000000-0000-0000-0000-000000000000/resourceGroups/jiasli-cli-dev/providers/Microsoft.Network/networkInterfaces/jlwin846/ipConfigurations/ipconfig1"}],"delegations":[],"privateEndpointNetworkPolicies":"Enabled","privateLinkServiceNetworkPolicies":"Enabled"},"type":"Microsoft.Network/virtualNetworks/subnets"}],"virtualNetworkPeerings":[],"enableDdosProtection":false}},{"name":"sdk-vnet","id":"/subscriptions/00000000-0000-0000-0000-000000000000/resourceGroups/sdk-wus2-rg-test/providers/Microsoft.Network/virtualNetworks/sdk-vnet","etag":"W/\"80073273-e5a3-4113-aa56-395c2b1f3e4a\"","type":"Microsoft.Network/virtualNetworks","location":"westus2","properties":{"provisioningState":"Succeeded","resourceGuid":"7637a963-71f9-4aed-905b-8c0f4aed45b9","addressSpace":{"addressPrefixes":["10.6.0.0/16"]},"subnets":[{"name":"default","id":"/subscriptions/00000000-0000-0000-0000-000000000000/resourceGroups/sdk-wus2-rg-test/providers/Microsoft.Network/virtualNetworks/sdk-vnet/subnets/default","etag":"W/\"80073273-e5a3-4113-aa56-395c2b1f3e4a\"","properties":{"provisioningState":"Succeeded","addressPrefix":"10.6.0.0/24","ipConfigurations":[{"id":"/subscriptions/00000000-0000-0000-0000-000000000000/resourceGroups/sdk-wus2-rg-test/providers/Microsoft.Network/networkInterfaces/anf-sdk-vnet-nic-VLB5RZ/ipConfigurations/ipconfig1"}],"serviceEndpoints":[],"delegations":[{"name":"514c6b63b2df4757ba448bd8f44d10a5","id":"/subscriptions/00000000-0000-0000-0000-000000000000/resourceGroups/sdk-wus2-rg-test/providers/Microsoft.Network/virtualNetworks/sdk-vnet/subnets/default/delegations/514c6b63b2df4757ba448bd8f44d10a5","etag":"W/\"80073273-e5a3-4113-aa56-395c2b1f3e4a\"","properties":{"provisioningState":"Succeeded","serviceName":"Microsoft.Netapp/volumes","actions":["Microsoft.Network/networkinterfaces/*","Microsoft.Network/virtualNetworks/subnets/join/action"]},"type":"Microsoft.Network/virtualNetworks/subnets/delegations"}],"purpose":"HostedWorkloads","privateEndpointNetworkPolicies":"Enabled","privateLinkServiceNetworkPolicies":"Enabled"},"type":"Microsoft.Network/virtualNetworks/subnets"}],"virtualNetworkPeerings":[],"enableDdosProtection":false}},{"name":"vme2gol3cqVNET","id":"/subscriptions/00000000-0000-0000-0000-000000000000/resourceGroups/cli_test_capacity_reservation_3tlf6fnaho6xh2k67p5k2gzrdwsz6shx7wiovzaqqgrv6/providers/Microsoft.Network/virtualNetworks/vme2gol3cqVNET","etag":"W/\"40595384-2375-484b-a4ed-c6105804e7bb\"","type":"Microsoft.Network/virtualNetworks","location":"centraluseuap","tags":{},"properties":{"provisioningState":"Succeeded","resourceGuid":"a9f8b585-a0c9-457d-ae98-fd6383f181b7","addressSpace":{"addressPrefixes":["10.0.0.0/16"]},"subnets":[{"name":"vme2gol3cqSubnet","id":"/subscriptions/00000000-0000-0000-0000-000000000000/resourceGroups/cli_test_capacity_reservation_3tlf6fnaho6xh2k67p5k2gzrdwsz6shx7wiovzaqqgrv6/providers/Microsoft.Network/virtualNetworks/vme2gol3cqVNET/subnets/vme2gol3cqSubnet","etag":"W/\"40595384-2375-484b-a4ed-c6105804e7bb\"","properties":{"provisioningState":"Succeeded","addressPrefix":"10.0.0.0/24","ipConfigurations":[{"id":"/subscriptions/00000000-0000-0000-0000-000000000000/resourceGroups/cli_test_capacity_reservation_3tlf6fnaho6xh2k67p5k2gzrdwsz6shx7wiovzaqqgrv6/providers/Microsoft.Compute/virtualMachineScaleSets/vmssgrpf4n/virtualMachines/0/networkInterfaces/vmssgdebeNic/ipConfigurations/vmssgdebeIPConfig"},{"id":"/subscriptions/00000000-0000-0000-0000-000000000000/resourceGroups/cli_test_capacity_reservation_3tlf6fnaho6xh2k67p5k2gzrdwsz6shx7wiovzaqqgrv6/providers/Microsoft.Compute/virtualMachineScaleSets/vmssgrpf4n/virtualMachines/2/networkInterfaces/vmssgdebeNic/ipConfigurations/vmssgdebeIPConfig"}],"delegations":[],"privateEndpointNetworkPolicies":"Enabled","privateLinkServiceNetworkPolicies":"Enabled"},"type":"Microsoft.Network/virtualNetworks/subnets"}],"virtualNetworkPeerings":[],"enableDdosProtection":false}},{"name":"vmymwxa64iVNET","id":"/subscriptions/00000000-0000-0000-0000-000000000000/resourceGroups/cli_test_capacity_reservation_3ye3fknhdgsj3emasgvno7ha6pbu7kl7u7zfgrkrqvxfy/providers/Microsoft.Network/virtualNetworks/vmymwxa64iVNET","etag":"W/\"931666e0-2f8a-4069-9e77-e87d86b21d1d\"","type":"Microsoft.Network/virtualNetworks","location":"centraluseuap","tags":{},"properties":{"provisioningState":"Succeeded","resourceGuid":"ee043fa8-0c8c-4de9-8744-066f113e18d6","addressSpace":{"addressPrefixes":["10.0.0.0/16"]},"subnets":[{"name":"vmymwxa64iSubnet","id":"/subscriptions/00000000-0000-0000-0000-000000000000/resourceGroups/cli_test_capacity_reservation_3ye3fknhdgsj3emasgvno7ha6pbu7kl7u7zfgrkrqvxfy/providers/Microsoft.Network/virtualNetworks/vmymwxa64iVNET/subnets/vmymwxa64iSubnet","etag":"W/\"931666e0-2f8a-4069-9e77-e87d86b21d1d\"","properties":{"provisioningState":"Succeeded","addressPrefix":"10.0.0.0/24","ipConfigurations":[{"id":"/subscriptions/00000000-0000-0000-0000-000000000000/resourceGroups/cli_test_capacity_reservation_3ye3fknhdgsj3emasgvno7ha6pbu7kl7u7zfgrkrqvxfy/providers/Microsoft.Compute/virtualMachineScaleSets/vmssfvnman/virtualMachines/0/networkInterfaces/vmssfc2fdNic/ipConfigurations/vmssfc2fdIPConfig"},{"id":"/subscriptions/00000000-0000-0000-0000-000000000000/resourceGroups/cli_test_capacity_reservation_3ye3fknhdgsj3emasgvno7ha6pbu7kl7u7zfgrkrqvxfy/providers/Microsoft.Compute/virtualMachineScaleSets/vmssfvnman/virtualMachines/3/networkInterfaces/vmssfc2fdNic/ipConfigurations/vmssfc2fdIPConfig"}],"delegations":[],"privateEndpointNetworkPolicies":"Enabled","privateLinkServiceNetworkPolicies":"Enabled"},"type":"Microsoft.Network/virtualNetworks/subnets"}],"virtualNetworkPeerings":[],"enableDdosProtection":false}},{"name":"vmqvhbocfjVNET","id":"/subscriptions/00000000-0000-0000-0000-000000000000/resourceGroups/cli_test_capacity_reservation_a2bft34ibubuugccpmc6c4zuixspwci77rpr6brqyr5jb/providers/Microsoft.Network/virtualNetworks/vmqvhbocfjVNET","etag":"W/\"0037e54d-d1e1-4d6a-8ac8-6b3314552b3d\"","type":"Microsoft.Network/virtualNetworks","location":"centraluseuap","tags":{},"properties":{"provisioningState":"Succeeded","resourceGuid":"b25fa330-f31f-4938-ad1f-938420dd813e","addressSpace":{"addressPrefixes":["10.0.0.0/16"]},"subnets":[{"name":"vmqvhbocfjSubnet","id":"/subscriptions/00000000-0000-0000-0000-000000000000/resourceGroups/cli_test_capacity_reservation_a2bft34ibubuugccpmc6c4zuixspwci77rpr6brqyr5jb/providers/Microsoft.Network/virtualNetworks/vmqvhbocfjVNET/subnets/vmqvhbocfjSubnet","etag":"W/\"0037e54d-d1e1-4d6a-8ac8-6b3314552b3d\"","properties":{"provisioningState":"Succeeded","addressPrefix":"10.0.0.0/24","ipConfigurations":[{"id":"/subscriptions/00000000-0000-0000-0000-000000000000/resourceGroups/cli_test_capacity_reservation_a2bft34ibubuugccpmc6c4zuixspwci77rpr6brqyr5jb/providers/Microsoft.Compute/virtualMachineScaleSets/vmsshc7hvt/virtualMachines/1/networkInterfaces/vmssh1df1Nic/ipConfigurations/vmssh1df1IPConfig"},{"id":"/subscriptions/00000000-0000-0000-0000-000000000000/resourceGroups/cli_test_capacity_reservation_a2bft34ibubuugccpmc6c4zuixspwci77rpr6brqyr5jb/providers/Microsoft.Compute/virtualMachineScaleSets/vmsshc7hvt/virtualMachines/3/networkInterfaces/vmssh1df1Nic/ipConfigurations/vmssh1df1IPConfig"}],"delegations":[],"privateEndpointNetworkPolicies":"Enabled","privateLinkServiceNetworkPolicies":"Enabled"},"type":"Microsoft.Network/virtualNetworks/subnets"}],"virtualNetworkPeerings":[],"enableDdosProtection":false}},{"name":"vmrvrfjdlmVNET","id":"/subscriptions/00000000-0000-0000-0000-000000000000/resourceGroups/cli_test_capacity_reservation_aorgdxvqiasmoxu6rnetf22jmzhqns5aousc7zygvltqg/providers/Microsoft.Network/virtualNetworks/vmrvrfjdlmVNET","etag":"W/\"26550e57-414a-420f-aa35-82f2274d3a76\"","type":"Microsoft.Network/virtualNetworks","location":"centraluseuap","tags":{},"properties":{"provisioningState":"Succeeded","resourceGuid":"7cdca0d6-6705-4f8e-8b64-169ca8370165","addressSpace":{"addressPrefixes":["10.0.0.0/16"]},"subnets":[{"name":"vmrvrfjdlmSubnet","id":"/subscriptions/00000000-0000-0000-0000-000000000000/resourceGroups/cli_test_capacity_reservation_aorgdxvqiasmoxu6rnetf22jmzhqns5aousc7zygvltqg/providers/Microsoft.Network/virtualNetworks/vmrvrfjdlmVNET/subnets/vmrvrfjdlmSubnet","etag":"W/\"26550e57-414a-420f-aa35-82f2274d3a76\"","properties":{"provisioningState":"Succeeded","addressPrefix":"10.0.0.0/24","delegations":[],"privateEndpointNetworkPolicies":"Enabled","privateLinkServiceNetworkPolicies":"Enabled"},"type":"Microsoft.Network/virtualNetworks/subnets"}],"virtualNetworkPeerings":[],"enableDdosProtection":false}},{"name":"vmzrx5qdb3VNET","id":"/subscriptions/00000000-0000-0000-0000-000000000000/resourceGroups/cli_test_capacity_reservation_aymyxfviyz6aokyxy3cedxjplbojtxqgwnuiwcgfgkq5o/providers/Microsoft.Network/virtualNetworks/vmzrx5qdb3VNET","etag":"W/\"99a77dda-9847-47e7-8588-598cb1fa9a26\"","type":"Microsoft.Network/virtualNetworks","location":"centraluseuap","tags":{},"properties":{"provisioningState":"Succeeded","resourceGuid":"88095440-4e08-48a4-b1be-d974b628bd01","addressSpace":{"addressPrefixes":["10.0.0.0/16"]},"subnets":[{"name":"vmzrx5qdb3Subnet","id":"/subscriptions/00000000-0000-0000-0000-000000000000/resourceGroups/cli_test_capacity_reservation_aymyxfviyz6aokyxy3cedxjplbojtxqgwnuiwcgfgkq5o/providers/Microsoft.Network/virtualNetworks/vmzrx5qdb3VNET/subnets/vmzrx5qdb3Subnet","etag":"W/\"99a77dda-9847-47e7-8588-598cb1fa9a26\"","properties":{"provisioningState":"Succeeded","addressPrefix":"10.0.0.0/24","ipConfigurations":[{"id":"/subscriptions/00000000-0000-0000-0000-000000000000/resourceGroups/cli_test_capacity_reservation_aymyxfviyz6aokyxy3cedxjplbojtxqgwnuiwcgfgkq5o/providers/Microsoft.Compute/virtualMachineScaleSets/vmss5ugl4q/virtualMachines/0/networkInterfaces/vmss5d054Nic/ipConfigurations/vmss5d054IPConfig"},{"id":"/subscriptions/00000000-0000-0000-0000-000000000000/resourceGroups/cli_test_capacity_reservation_aymyxfviyz6aokyxy3cedxjplbojtxqgwnuiwcgfgkq5o/providers/Microsoft.Compute/virtualMachineScaleSets/vmss5ugl4q/virtualMachines/2/networkInterfaces/vmss5d054Nic/ipConfigurations/vmss5d054IPConfig"}],"delegations":[],"privateEndpointNetworkPolicies":"Enabled","privateLinkServiceNetworkPolicies":"Enabled"},"type":"Microsoft.Network/virtualNetworks/subnets"}],"virtualNetworkPeerings":[],"enableDdosProtection":false}},{"name":"vmqwnatidzVNET","id":"/subscriptions/00000000-0000-0000-0000-000000000000/resourceGroups/cli_test_capacity_reservation_ctb5edywpqrnmw6fyhfp6db2kg6cl2yynycdrwl6uwqs5/providers/Microsoft.Network/virtualNetworks/vmqwnatidzVNET","etag":"W/\"658dd58c-5880-4c45-9102-157f095d45a1\"","type":"Microsoft.Network/virtualNetworks","location":"centraluseuap","tags":{},"properties":{"provisioningState":"Succeeded","resourceGuid":"ebac9b1e-2381-4338-af35-0b4770a554cb","addressSpace":{"addressPrefixes":["10.0.0.0/16"]},"subnets":[{"name":"vmqwnatidzSubnet","id":"/subscriptions/00000000-0000-0000-0000-000000000000/resourceGroups/cli_test_capacity_reservation_ctb5edywpqrnmw6fyhfp6db2kg6cl2yynycdrwl6uwqs5/providers/Microsoft.Network/virtualNetworks/vmqwnatidzVNET/subnets/vmqwnatidzSubnet","etag":"W/\"658dd58c-5880-4c45-9102-157f095d45a1\"","properties":{"provisioningState":"Succeeded","addressPrefix":"10.0.0.0/24","ipConfigurations":[{"id":"/subscriptions/00000000-0000-0000-0000-000000000000/resourceGroups/cli_test_capacity_reservation_ctb5edywpqrnmw6fyhfp6db2kg6cl2yynycdrwl6uwqs5/providers/Microsoft.Compute/virtualMachineScaleSets/vmssgdwvqb/virtualMachines/0/networkInterfaces/vmssg2295Nic/ipConfigurations/vmssg2295IPConfig"},{"id":"/subscriptions/00000000-0000-0000-0000-000000000000/resourceGroups/cli_test_capacity_reservation_ctb5edywpqrnmw6fyhfp6db2kg6cl2yynycdrwl6uwqs5/providers/Microsoft.Compute/virtualMachineScaleSets/vmssgdwvqb/virtualMachines/2/networkInterfaces/vmssg2295Nic/ipConfigurations/vmssg2295IPConfig"}],"delegations":[],"privateEndpointNetworkPolicies":"Enabled","privateLinkServiceNetworkPolicies":"Enabled"},"type":"Microsoft.Network/virtualNetworks/subnets"}],"virtualNetworkPeerings":[],"enableDdosProtection":false}},{"name":"vmwgtm6ebaVNET","id":"/subscriptions/00000000-0000-0000-0000-000000000000/resourceGroups/cli_test_capacity_reservation_dfv7ckxck7r52gyblbxd5vcipcs7izfdjgx25d7iygamg/providers/Microsoft.Network/virtualNetworks/vmwgtm6ebaVNET","etag":"W/\"d2d1c39c-211d-44c5-9e9f-ce7377034b00\"","type":"Microsoft.Network/virtualNetworks","location":"centraluseuap","tags":{},"properties":{"provisioningState":"Succeeded","resourceGuid":"02cf94f2-b1e9-4f8c-876b-d25d91242127","addressSpace":{"addressPrefixes":["10.0.0.0/16"]},"subnets":[{"name":"vmwgtm6ebaSubnet","id":"/subscriptions/00000000-0000-0000-0000-000000000000/resourceGroups/cli_test_capacity_reservation_dfv7ckxck7r52gyblbxd5vcipcs7izfdjgx25d7iygamg/providers/Microsoft.Network/virtualNetworks/vmwgtm6ebaVNET/subnets/vmwgtm6ebaSubnet","etag":"W/\"d2d1c39c-211d-44c5-9e9f-ce7377034b00\"","properties":{"provisioningState":"Succeeded","addressPrefix":"10.0.0.0/24","ipConfigurations":[{"id":"/subscriptions/00000000-0000-0000-0000-000000000000/resourceGroups/cli_test_capacity_reservation_dfv7ckxck7r52gyblbxd5vcipcs7izfdjgx25d7iygamg/providers/Microsoft.Compute/virtualMachineScaleSets/vmss4ynaxr/virtualMachines/0/networkInterfaces/vmss4e461Nic/ipConfigurations/vmss4e461IPConfig"},{"id":"/subscriptions/00000000-0000-0000-0000-000000000000/resourceGroups/cli_test_capacity_reservation_dfv7ckxck7r52gyblbxd5vcipcs7izfdjgx25d7iygamg/providers/Microsoft.Compute/virtualMachineScaleSets/vmss4ynaxr/virtualMachines/1/networkInterfaces/vmss4e461Nic/ipConfigurations/vmss4e461IPConfig"}],"delegations":[],"privateEndpointNetworkPolicies":"Enabled","privateLinkServiceNetworkPolicies":"Enabled"},"type":"Microsoft.Network/virtualNetworks/subnets"}],"virtualNetworkPeerings":[],"enableDdosProtection":false}},{"name":"vmkqf3qdkwVNET","id":"/subscriptions/00000000-0000-0000-0000-000000000000/resourceGroups/cli_test_capacity_reservation_e44ggpblxyfbseuzmahjyolmkprp7optrde4jdhurcip6/providers/Microsoft.Network/virtualNetworks/vmkqf3qdkwVNET","etag":"W/\"1babf9cd-364c-4814-9b9f-e9f33dcf50f4\"","type":"Microsoft.Network/virtualNetworks","location":"centraluseuap","tags":{},"properties":{"provisioningState":"Succeeded","resourceGuid":"e0c10383-fefd-4e36-a9f9-ceafc5d6123c","addressSpace":{"addressPrefixes":["10.0.0.0/16"]},"subnets":[{"name":"vmkqf3qdkwSubnet","id":"/subscriptions/00000000-0000-0000-0000-000000000000/resourceGroups/cli_test_capacity_reservation_e44ggpblxyfbseuzmahjyolmkprp7optrde4jdhurcip6/providers/Microsoft.Network/virtualNetworks/vmkqf3qdkwVNET/subnets/vmkqf3qdkwSubnet","etag":"W/\"1babf9cd-364c-4814-9b9f-e9f33dcf50f4\"","properties":{"provisioningState":"Succeeded","addressPrefix":"10.0.0.0/24","ipConfigurations":[{"id":"/subscriptions/00000000-0000-0000-0000-000000000000/resourceGroups/cli_test_capacity_reservation_e44ggpblxyfbseuzmahjyolmkprp7optrde4jdhurcip6/providers/Microsoft.Compute/virtualMachineScaleSets/vmss6ek7zz/virtualMachines/0/networkInterfaces/vmss69514Nic/ipConfigurations/vmss69514IPConfig"},{"id":"/subscriptions/00000000-0000-0000-0000-000000000000/resourceGroups/cli_test_capacity_reservation_e44ggpblxyfbseuzmahjyolmkprp7optrde4jdhurcip6/providers/Microsoft.Compute/virtualMachineScaleSets/vmss6ek7zz/virtualMachines/1/networkInterfaces/vmss69514Nic/ipConfigurations/vmss69514IPConfig"}],"delegations":[],"privateEndpointNetworkPolicies":"Enabled","privateLinkServiceNetworkPolicies":"Enabled"},"type":"Microsoft.Network/virtualNetworks/subnets"}],"virtualNetworkPeerings":[],"enableDdosProtection":false}},{"name":"vmpwwy7buwVNET","id":"/subscriptions/00000000-0000-0000-0000-000000000000/resourceGroups/cli_test_capacity_reservation_eecnpr6vltq44bk6663dlyestehe3baga2ixcw73v5x7b/providers/Microsoft.Network/virtualNetworks/vmpwwy7buwVNET","etag":"W/\"a43f920e-db04-40ae-8a1d-255f024820cd\"","type":"Microsoft.Network/virtualNetworks","location":"centraluseuap","tags":{},"properties":{"provisioningState":"Succeeded","resourceGuid":"841a3f52-0ffc-4dc0-a5cf-652d3830f139","addressSpace":{"addressPrefixes":["10.0.0.0/16"]},"subnets":[{"name":"vmpwwy7buwSubnet","id":"/subscriptions/00000000-0000-0000-0000-000000000000/resourceGroups/cli_test_capacity_reservation_eecnpr6vltq44bk6663dlyestehe3baga2ixcw73v5x7b/providers/Microsoft.Network/virtualNetworks/vmpwwy7buwVNET/subnets/vmpwwy7buwSubnet","etag":"W/\"a43f920e-db04-40ae-8a1d-255f024820cd\"","properties":{"provisioningState":"Succeeded","addressPrefix":"10.0.0.0/24","ipConfigurations":[{"id":"/subscriptions/00000000-0000-0000-0000-000000000000/resourceGroups/cli_test_capacity_reservation_eecnpr6vltq44bk6663dlyestehe3baga2ixcw73v5x7b/providers/Microsoft.Compute/virtualMachineScaleSets/vmss6f6sa5/virtualMachines/0/networkInterfaces/vmss60642Nic/ipConfigurations/vmss60642IPConfig"},{"id":"/subscriptions/00000000-0000-0000-0000-000000000000/resourceGroups/cli_test_capacity_reservation_eecnpr6vltq44bk6663dlyestehe3baga2ixcw73v5x7b/providers/Microsoft.Compute/virtualMachineScaleSets/vmss6f6sa5/virtualMachines/1/networkInterfaces/vmss60642Nic/ipConfigurations/vmss60642IPConfig"}],"delegations":[],"privateEndpointNetworkPolicies":"Enabled","privateLinkServiceNetworkPolicies":"Enabled"},"type":"Microsoft.Network/virtualNetworks/subnets"}],"virtualNetworkPeerings":[],"enableDdosProtection":false}},{"name":"vm2eic4kjkVNET","id":"/subscriptions/00000000-0000-0000-0000-000000000000/resourceGroups/cli_test_capacity_reservation_gexmayegjkcclpwnxzumfzmarbt75giw2uinq3v5dpbby/providers/Microsoft.Network/virtualNetworks/vm2eic4kjkVNET","etag":"W/\"e97d316b-bf3d-4d5b-bc31-bd91c7066d53\"","type":"Microsoft.Network/virtualNetworks","location":"centraluseuap","tags":{},"properties":{"provisioningState":"Succeeded","resourceGuid":"ec1a5d37-d096-4dbe-bae7-d585a09ab646","addressSpace":{"addressPrefixes":["10.0.0.0/16"]},"subnets":[{"name":"vm2eic4kjkSubnet","id":"/subscriptions/00000000-0000-0000-0000-000000000000/resourceGroups/cli_test_capacity_reservation_gexmayegjkcclpwnxzumfzmarbt75giw2uinq3v5dpbby/providers/Microsoft.Network/virtualNetworks/vm2eic4kjkVNET/subnets/vm2eic4kjkSubnet","etag":"W/\"e97d316b-bf3d-4d5b-bc31-bd91c7066d53\"","properties":{"provisioningState":"Succeeded","addressPrefix":"10.0.0.0/24","ipConfigurations":[{"id":"/subscriptions/00000000-0000-0000-0000-000000000000/resourceGroups/cli_test_capacity_reservation_gexmayegjkcclpwnxzumfzmarbt75giw2uinq3v5dpbby/providers/Microsoft.Compute/virtualMachineScaleSets/vmssmnp5ih/virtualMachines/0/networkInterfaces/vmssm969eNic/ipConfigurations/vmssm969eIPConfig"},{"id":"/subscriptions/00000000-0000-0000-0000-000000000000/resourceGroups/cli_test_capacity_reservation_gexmayegjkcclpwnxzumfzmarbt75giw2uinq3v5dpbby/providers/Microsoft.Compute/virtualMachineScaleSets/vmssmnp5ih/virtualMachines/2/networkInterfaces/vmssm969eNic/ipConfigurations/vmssm969eIPConfig"}],"delegations":[],"privateEndpointNetworkPolicies":"Enabled","privateLinkServiceNetworkPolicies":"Enabled"},"type":"Microsoft.Network/virtualNetworks/subnets"}],"virtualNetworkPeerings":[],"enableDdosProtection":false}},{"name":"vmugglew4yVNET","id":"/subscriptions/00000000-0000-0000-0000-000000000000/resourceGroups/cli_test_capacity_reservation_i3usix747thafnrmbph4fpclz5wjaqrhqcg2dxyiwgygp/providers/Microsoft.Network/virtualNetworks/vmugglew4yVNET","etag":"W/\"b7194b40-20d0-4fcc-810c-0fd7a6a06991\"","type":"Microsoft.Network/virtualNetworks","location":"centraluseuap","tags":{},"properties":{"provisioningState":"Succeeded","resourceGuid":"7204fcc6-ab8c-46b9-bb95-756e15fb7129","addressSpace":{"addressPrefixes":["10.0.0.0/16"]},"subnets":[{"name":"vmugglew4ySubnet","id":"/subscriptions/00000000-0000-0000-0000-000000000000/resourceGroups/cli_test_capacity_reservation_i3usix747thafnrmbph4fpclz5wjaqrhqcg2dxyiwgygp/providers/Microsoft.Network/virtualNetworks/vmugglew4yVNET/subnets/vmugglew4ySubnet","etag":"W/\"b7194b40-20d0-4fcc-810c-0fd7a6a06991\"","properties":{"provisioningState":"Succeeded","addressPrefix":"10.0.0.0/24","ipConfigurations":[{"id":"/subscriptions/00000000-0000-0000-0000-000000000000/resourceGroups/cli_test_capacity_reservation_i3usix747thafnrmbph4fpclz5wjaqrhqcg2dxyiwgygp/providers/Microsoft.Compute/virtualMachineScaleSets/vmsscnidmh/virtualMachines/1/networkInterfaces/vmssc2cb1Nic/ipConfigurations/vmssc2cb1IPConfig"},{"id":"/subscriptions/00000000-0000-0000-0000-000000000000/resourceGroups/cli_test_capacity_reservation_i3usix747thafnrmbph4fpclz5wjaqrhqcg2dxyiwgygp/providers/Microsoft.Compute/virtualMachineScaleSets/vmsscnidmh/virtualMachines/2/networkInterfaces/vmssc2cb1Nic/ipConfigurations/vmssc2cb1IPConfig"}],"delegations":[],"privateEndpointNetworkPolicies":"Enabled","privateLinkServiceNetworkPolicies":"Enabled"},"type":"Microsoft.Network/virtualNetworks/subnets"}],"virtualNetworkPeerings":[],"enableDdosProtection":false}},{"name":"vmff5u2exdVNET","id":"/subscriptions/00000000-0000-0000-0000-000000000000/resourceGroups/cli_test_capacity_reservation_jaytbkhe4qpztqxil7l5bsvrpsegovvfbubap2oq2feu4/providers/Microsoft.Network/virtualNetworks/vmff5u2exdVNET","etag":"W/\"fcf15958-21c5-4512-99af-cd802c2b9786\"","type":"Microsoft.Network/virtualNetworks","location":"centraluseuap","tags":{},"properties":{"provisioningState":"Succeeded","resourceGuid":"bac6ecdd-14ac-46e2-852f-97ec659f85fa","addressSpace":{"addressPrefixes":["10.0.0.0/16"]},"subnets":[{"name":"vmff5u2exdSubnet","id":"/subscriptions/00000000-0000-0000-0000-000000000000/resourceGroups/cli_test_capacity_reservation_jaytbkhe4qpztqxil7l5bsvrpsegovvfbubap2oq2feu4/providers/Microsoft.Network/virtualNetworks/vmff5u2exdVNET/subnets/vmff5u2exdSubnet","etag":"W/\"fcf15958-21c5-4512-99af-cd802c2b9786\"","properties":{"provisioningState":"Succeeded","addressPrefix":"10.0.0.0/24","ipConfigurations":[{"id":"/subscriptions/00000000-0000-0000-0000-000000000000/resourceGroups/cli_test_capacity_reservation_jaytbkhe4qpztqxil7l5bsvrpsegovvfbubap2oq2feu4/providers/Microsoft.Compute/virtualMachineScaleSets/vmssftnjpy/virtualMachines/0/networkInterfaces/vmssf7b7dNic/ipConfigurations/vmssf7b7dIPConfig"},{"id":"/subscriptions/00000000-0000-0000-0000-000000000000/resourceGroups/cli_test_capacity_reservation_jaytbkhe4qpztqxil7l5bsvrpsegovvfbubap2oq2feu4/providers/Microsoft.Compute/virtualMachineScaleSets/vmssftnjpy/virtualMachines/1/networkInterfaces/vmssf7b7dNic/ipConfigurations/vmssf7b7dIPConfig"}],"delegations":[],"privateEndpointNetworkPolicies":"Enabled","privateLinkServiceNetworkPolicies":"Enabled"},"type":"Microsoft.Network/virtualNetworks/subnets"}],"virtualNetworkPeerings":[],"enableDdosProtection":false}},{"name":"vmt3nur6slVNET","id":"/subscriptions/00000000-0000-0000-0000-000000000000/resourceGroups/cli_test_capacity_reservation_m5gxv3yeatxpltzlrezxx2dpdx3mkq2koek5kyqze5vho/providers/Microsoft.Network/virtualNetworks/vmt3nur6slVNET","etag":"W/\"df9832a6-f8dc-4030-86c8-0c371f8df873\"","type":"Microsoft.Network/virtualNetworks","location":"centraluseuap","tags":{},"properties":{"provisioningState":"Succeeded","resourceGuid":"bef7f45d-bc96-4c4f-98d6-b6212a4448d6","addressSpace":{"addressPrefixes":["10.0.0.0/16"]},"subnets":[{"name":"vmt3nur6slSubnet","id":"/subscriptions/00000000-0000-0000-0000-000000000000/resourceGroups/cli_test_capacity_reservation_m5gxv3yeatxpltzlrezxx2dpdx3mkq2koek5kyqze5vho/providers/Microsoft.Network/virtualNetworks/vmt3nur6slVNET/subnets/vmt3nur6slSubnet","etag":"W/\"df9832a6-f8dc-4030-86c8-0c371f8df873\"","properties":{"provisioningState":"Succeeded","addressPrefix":"10.0.0.0/24","delegations":[],"privateEndpointNetworkPolicies":"Enabled","privateLinkServiceNetworkPolicies":"Enabled"},"type":"Microsoft.Network/virtualNetworks/subnets"}],"virtualNetworkPeerings":[],"enableDdosProtection":false}},{"name":"vmvk6hkl2qVNET","id":"/subscriptions/00000000-0000-0000-0000-000000000000/resourceGroups/cli_test_capacity_reservation_mmnzgmp6imrcn3jevlkuszwqbycvcrtxtb7vm3e5turfc/providers/Microsoft.Network/virtualNetworks/vmvk6hkl2qVNET","etag":"W/\"e274147c-50bf-4c61-acda-156236f06cc1\"","type":"Microsoft.Network/virtualNetworks","location":"centraluseuap","tags":{},"properties":{"provisioningState":"Succeeded","resourceGuid":"35f13b25-2732-45ec-830b-23261ca8f247","addressSpace":{"addressPrefixes":["10.0.0.0/16"]},"subnets":[{"name":"vmvk6hkl2qSubnet","id":"/subscriptions/00000000-0000-0000-0000-000000000000/resourceGroups/cli_test_capacity_reservation_mmnzgmp6imrcn3jevlkuszwqbycvcrtxtb7vm3e5turfc/providers/Microsoft.Network/virtualNetworks/vmvk6hkl2qVNET/subnets/vmvk6hkl2qSubnet","etag":"W/\"e274147c-50bf-4c61-acda-156236f06cc1\"","properties":{"provisioningState":"Succeeded","addressPrefix":"10.0.0.0/24","delegations":[],"privateEndpointNetworkPolicies":"Enabled","privateLinkServiceNetworkPolicies":"Enabled"},"type":"Microsoft.Network/virtualNetworks/subnets"}],"virtualNetworkPeerings":[],"enableDdosProtection":false}},{"name":"vmjsispjvtVNET","id":"/subscriptions/00000000-0000-0000-0000-000000000000/resourceGroups/cli_test_capacity_reservation_nyzsydhpivousvhlutfp7tg3ofv74i7yyblun2lp7aos7/providers/Microsoft.Network/virtualNetworks/vmjsispjvtVNET","etag":"W/\"ef358660-0131-453c-a392-1859bb2d4999\"","type":"Microsoft.Network/virtualNetworks","location":"centraluseuap","tags":{},"properties":{"provisioningState":"Succeeded","resourceGuid":"e73c27df-0a67-4121-ab87-f9bb543470f2","addressSpace":{"addressPrefixes":["10.0.0.0/16"]},"subnets":[{"name":"vmjsispjvtSubnet","id":"/subscriptions/00000000-0000-0000-0000-000000000000/resourceGroups/cli_test_capacity_reservation_nyzsydhpivousvhlutfp7tg3ofv74i7yyblun2lp7aos7/providers/Microsoft.Network/virtualNetworks/vmjsispjvtVNET/subnets/vmjsispjvtSubnet","etag":"W/\"ef358660-0131-453c-a392-1859bb2d4999\"","properties":{"provisioningState":"Succeeded","addressPrefix":"10.0.0.0/24","ipConfigurations":[{"id":"/subscriptions/00000000-0000-0000-0000-000000000000/resourceGroups/cli_test_capacity_reservation_nyzsydhpivousvhlutfp7tg3ofv74i7yyblun2lp7aos7/providers/Microsoft.Compute/virtualMachineScaleSets/vmsswmnycl/virtualMachines/0/networkInterfaces/vmssw0e13Nic/ipConfigurations/vmssw0e13IPConfig"},{"id":"/subscriptions/00000000-0000-0000-0000-000000000000/resourceGroups/cli_test_capacity_reservation_nyzsydhpivousvhlutfp7tg3ofv74i7yyblun2lp7aos7/providers/Microsoft.Compute/virtualMachineScaleSets/vmsswmnycl/virtualMachines/1/networkInterfaces/vmssw0e13Nic/ipConfigurations/vmssw0e13IPConfig"}],"delegations":[],"privateEndpointNetworkPolicies":"Enabled","privateLinkServiceNetworkPolicies":"Enabled"},"type":"Microsoft.Network/virtualNetworks/subnets"}],"virtualNetworkPeerings":[],"enableDdosProtection":false}},{"name":"vmt5z7orbyVNET","id":"/subscriptions/00000000-0000-0000-0000-000000000000/resourceGroups/cli_test_capacity_reservation_out4tzo47qu5oe2f757obuscubngkv3cdyhgmlmkcymip/providers/Microsoft.Network/virtualNetworks/vmt5z7orbyVNET","etag":"W/\"e6ba0d5c-25ac-4af8-b193-b397545c6e1e\"","type":"Microsoft.Network/virtualNetworks","location":"centraluseuap","tags":{},"properties":{"provisioningState":"Succeeded","resourceGuid":"d655ee71-8335-402a-a841-f4a254acf1e9","addressSpace":{"addressPrefixes":["10.0.0.0/16"]},"subnets":[{"name":"vmt5z7orbySubnet","id":"/subscriptions/00000000-0000-0000-0000-000000000000/resourceGroups/cli_test_capacity_reservation_out4tzo47qu5oe2f757obuscubngkv3cdyhgmlmkcymip/providers/Microsoft.Network/virtualNetworks/vmt5z7orbyVNET/subnets/vmt5z7orbySubnet","etag":"W/\"e6ba0d5c-25ac-4af8-b193-b397545c6e1e\"","properties":{"provisioningState":"Succeeded","addressPrefix":"10.0.0.0/24","ipConfigurations":[{"id":"/subscriptions/00000000-0000-0000-0000-000000000000/resourceGroups/cli_test_capacity_reservation_out4tzo47qu5oe2f757obuscubngkv3cdyhgmlmkcymip/providers/Microsoft.Compute/virtualMachineScaleSets/vmss6akcuf/virtualMachines/0/networkInterfaces/vmss64bd3Nic/ipConfigurations/vmss64bd3IPConfig"},{"id":"/subscriptions/00000000-0000-0000-0000-000000000000/resourceGroups/cli_test_capacity_reservation_out4tzo47qu5oe2f757obuscubngkv3cdyhgmlmkcymip/providers/Microsoft.Compute/virtualMachineScaleSets/vmss6akcuf/virtualMachines/2/networkInterfaces/vmss64bd3Nic/ipConfigurations/vmss64bd3IPConfig"}],"delegations":[],"privateEndpointNetworkPolicies":"Enabled","privateLinkServiceNetworkPolicies":"Enabled"},"type":"Microsoft.Network/virtualNetworks/subnets"}],"virtualNetworkPeerings":[],"enableDdosProtection":false}},{"name":"vmtjx74drfVNET","id":"/subscriptions/00000000-0000-0000-0000-000000000000/resourceGroups/cli_test_capacity_reservation_qqg3b7bmmnshm3sevgjqzhna3r4blwuwofcvsneveiyzy/providers/Microsoft.Network/virtualNetworks/vmtjx74drfVNET","etag":"W/\"a11d2a55-790c-4efc-b4ce-8db1157c1d27\"","type":"Microsoft.Network/virtualNetworks","location":"centraluseuap","tags":{},"properties":{"provisioningState":"Succeeded","resourceGuid":"c2627865-759c-4954-aaf8-18c5f0ea9ff5","addressSpace":{"addressPrefixes":["10.0.0.0/16"]},"subnets":[{"name":"vmtjx74drfSubnet","id":"/subscriptions/00000000-0000-0000-0000-000000000000/resourceGroups/cli_test_capacity_reservation_qqg3b7bmmnshm3sevgjqzhna3r4blwuwofcvsneveiyzy/providers/Microsoft.Network/virtualNetworks/vmtjx74drfVNET/subnets/vmtjx74drfSubnet","etag":"W/\"a11d2a55-790c-4efc-b4ce-8db1157c1d27\"","properties":{"provisioningState":"Succeeded","addressPrefix":"10.0.0.0/24","ipConfigurations":[{"id":"/subscriptions/00000000-0000-0000-0000-000000000000/resourceGroups/cli_test_capacity_reservation_qqg3b7bmmnshm3sevgjqzhna3r4blwuwofcvsneveiyzy/providers/Microsoft.Compute/virtualMachineScaleSets/vmssqyrwwx/virtualMachines/0/networkInterfaces/vmssqe056Nic/ipConfigurations/vmssqe056IPConfig"},{"id":"/subscriptions/00000000-0000-0000-0000-000000000000/resourceGroups/cli_test_capacity_reservation_qqg3b7bmmnshm3sevgjqzhna3r4blwuwofcvsneveiyzy/providers/Microsoft.Compute/virtualMachineScaleSets/vmssqyrwwx/virtualMachines/1/networkInterfaces/vmssqe056Nic/ipConfigurations/vmssqe056IPConfig"}],"delegations":[],"privateEndpointNetworkPolicies":"Enabled","privateLinkServiceNetworkPolicies":"Enabled"},"type":"Microsoft.Network/virtualNetworks/subnets"}],"virtualNetworkPeerings":[],"enableDdosProtection":false}},{"name":"vmyiskgmpoVNET","id":"/subscriptions/00000000-0000-0000-0000-000000000000/resourceGroups/cli_test_capacity_reservation_rahefuv5i4dwzi2g6mgwte63x3jxvul7m5bpox6pmg5pt/providers/Microsoft.Network/virtualNetworks/vmyiskgmpoVNET","etag":"W/\"48934e64-89bb-4f18-b322-9f6e8932c7c0\"","type":"Microsoft.Network/virtualNetworks","location":"centraluseuap","tags":{},"properties":{"provisioningState":"Succeeded","resourceGuid":"e96f19c4-46af-4d4c-a3c5-028b86738024","addressSpace":{"addressPrefixes":["10.0.0.0/16"]},"subnets":[{"name":"vmyiskgmpoSubnet","id":"/subscriptions/00000000-0000-0000-0000-000000000000/resourceGroups/cli_test_capacity_reservation_rahefuv5i4dwzi2g6mgwte63x3jxvul7m5bpox6pmg5pt/providers/Microsoft.Network/virtualNetworks/vmyiskgmpoVNET/subnets/vmyiskgmpoSubnet","etag":"W/\"48934e64-89bb-4f18-b322-9f6e8932c7c0\"","properties":{"provisioningState":"Succeeded","addressPrefix":"10.0.0.0/24","ipConfigurations":[{"id":"/subscriptions/00000000-0000-0000-0000-000000000000/resourceGroups/cli_test_capacity_reservation_rahefuv5i4dwzi2g6mgwte63x3jxvul7m5bpox6pmg5pt/providers/Microsoft.Compute/virtualMachineScaleSets/vmssf34c5y/virtualMachines/0/networkInterfaces/vmssf350bNic/ipConfigurations/vmssf350bIPConfig"},{"id":"/subscriptions/00000000-0000-0000-0000-000000000000/resourceGroups/cli_test_capacity_reservation_rahefuv5i4dwzi2g6mgwte63x3jxvul7m5bpox6pmg5pt/providers/Microsoft.Compute/virtualMachineScaleSets/vmssf34c5y/virtualMachines/3/networkInterfaces/vmssf350bNic/ipConfigurations/vmssf350bIPConfig"}],"delegations":[],"privateEndpointNetworkPolicies":"Enabled","privateLinkServiceNetworkPolicies":"Enabled"},"type":"Microsoft.Network/virtualNetworks/subnets"}],"virtualNetworkPeerings":[],"enableDdosProtection":false}},{"name":"vmpegszss2VNET","id":"/subscriptions/00000000-0000-0000-0000-000000000000/resourceGroups/cli_test_capacity_reservation_wbqhujrqkqkaecjvlez4kql3kjuokx62ayhp5pxuiktgj/providers/Microsoft.Network/virtualNetworks/vmpegszss2VNET","etag":"W/\"6220c256-d194-40cd-ae7a-296ab25efbbf\"","type":"Microsoft.Network/virtualNetworks","location":"centraluseuap","tags":{},"properties":{"provisioningState":"Succeeded","resourceGuid":"8543d1d5-a01e-49b2-a48c-23f771c23759","addressSpace":{"addressPrefixes":["10.0.0.0/16"]},"subnets":[{"name":"vmpegszss2Subnet","id":"/subscriptions/00000000-0000-0000-0000-000000000000/resourceGroups/cli_test_capacity_reservation_wbqhujrqkqkaecjvlez4kql3kjuokx62ayhp5pxuiktgj/providers/Microsoft.Network/virtualNetworks/vmpegszss2VNET/subnets/vmpegszss2Subnet","etag":"W/\"6220c256-d194-40cd-ae7a-296ab25efbbf\"","properties":{"provisioningState":"Succeeded","addressPrefix":"10.0.0.0/24","delegations":[],"privateEndpointNetworkPolicies":"Enabled","privateLinkServiceNetworkPolicies":"Enabled"},"type":"Microsoft.Network/virtualNetworks/subnets"}],"virtualNetworkPeerings":[],"enableDdosProtection":false}},{"name":"vmtrg55pc2VNET","id":"/subscriptions/00000000-0000-0000-0000-000000000000/resourceGroups/cli_test_capacity_reservation_wws6rf3szk4njqxzd5gnn46dl6jsnandg3f4x4hgynzzb/providers/Microsoft.Network/virtualNetworks/vmtrg55pc2VNET","etag":"W/\"8b68c774-c88c-47d3-9d43-8c77bcbe2f3c\"","type":"Microsoft.Network/virtualNetworks","location":"centraluseuap","tags":{},"properties":{"provisioningState":"Succeeded","resourceGuid":"d39ac177-f6cf-40e5-83a6-7d46a880c1d8","addressSpace":{"addressPrefixes":["10.0.0.0/16"]},"subnets":[{"name":"vmtrg55pc2Subnet","id":"/subscriptions/00000000-0000-0000-0000-000000000000/resourceGroups/cli_test_capacity_reservation_wws6rf3szk4njqxzd5gnn46dl6jsnandg3f4x4hgynzzb/providers/Microsoft.Network/virtualNetworks/vmtrg55pc2VNET/subnets/vmtrg55pc2Subnet","etag":"W/\"8b68c774-c88c-47d3-9d43-8c77bcbe2f3c\"","properties":{"provisioningState":"Succeeded","addressPrefix":"10.0.0.0/24","ipConfigurations":[{"id":"/subscriptions/00000000-0000-0000-0000-000000000000/resourceGroups/cli_test_capacity_reservation_wws6rf3szk4njqxzd5gnn46dl6jsnandg3f4x4hgynzzb/providers/Microsoft.Compute/virtualMachineScaleSets/vmss4xbwxk/virtualMachines/0/networkInterfaces/vmss41653Nic/ipConfigurations/vmss41653IPConfig"},{"id":"/subscriptions/00000000-0000-0000-0000-000000000000/resourceGroups/cli_test_capacity_reservation_wws6rf3szk4njqxzd5gnn46dl6jsnandg3f4x4hgynzzb/providers/Microsoft.Compute/virtualMachineScaleSets/vmss4xbwxk/virtualMachines/2/networkInterfaces/vmss41653Nic/ipConfigurations/vmss41653IPConfig"}],"delegations":[],"privateEndpointNetworkPolicies":"Enabled","privateLinkServiceNetworkPolicies":"Enabled"},"type":"Microsoft.Network/virtualNetworks/subnets"}],"virtualNetworkPeerings":[],"enableDdosProtection":false}},{"name":"clitestvnet1","id":"/subscriptions/00000000-0000-0000-0000-000000000000/resourceGroups/clitest.rgl6kzjmeryiey3qq6r3t2fpgbpghqhjxjs53hyzljt5ht53gn6dzdhduqzthm5g5ck/providers/Microsoft.Network/virtualNetworks/clitestvnet1","etag":"W/\"7a1da782-35a9-4466-b02a-4f7ee4cacbba\"","type":"Microsoft.Network/virtualNetworks","location":"eastus2euap","properties":{"provisioningState":"Succeeded","resourceGuid":"b7133b38-9624-4f98-a809-325eb7914a21","addressSpace":{"addressPrefixes":["10.0.0.0/16"]},"subnets":[{"name":"Subnetetserver2postgres","id":"/subscriptions/00000000-0000-0000-0000-000000000000/resourceGroups/clitest.rgl6kzjmeryiey3qq6r3t2fpgbpghqhjxjs53hyzljt5ht53gn6dzdhduqzthm5g5ck/providers/Microsoft.Network/virtualNetworks/clitestvnet1/subnets/Subnetetserver2postgres","etag":"W/\"7a1da782-35a9-4466-b02a-4f7ee4cacbba\"","properties":{"provisioningState":"Succeeded","addressPrefix":"10.0.0.0/24","serviceAssociationLinks":[{"name":"Subnetetserver2postgres-service-association-link","id":"/subscriptions/00000000-0000-0000-0000-000000000000/resourceGroups/clitest.rgl6kzjmeryiey3qq6r3t2fpgbpghqhjxjs53hyzljt5ht53gn6dzdhduqzthm5g5ck/providers/Microsoft.Network/virtualNetworks/clitestvnet1/subnets/Subnetetserver2postgres/serviceAssociationLinks/Subnetetserver2postgres-service-association-link","etag":"W/\"7a1da782-35a9-4466-b02a-4f7ee4cacbba\"","type":"Microsoft.Network/virtualNetworks/subnets/serviceAssociationLinks","properties":{"provisioningState":"Succeeded","linkedResourceType":"Microsoft.DBforPostgreSQL/flexibleServers","enabledForArmDeployments":false,"allowDelete":false,"locations":[]}}],"serviceEndpoints":[{"provisioningState":"Succeeded","service":"Microsoft.Storage","locations":["eastus2euap","centraluseuap"]}],"delegations":[{"name":"Microsoft.DBforPostgreSQL/flexibleServers","id":"/subscriptions/00000000-0000-0000-0000-000000000000/resourceGroups/clitest.rgl6kzjmeryiey3qq6r3t2fpgbpghqhjxjs53hyzljt5ht53gn6dzdhduqzthm5g5ck/providers/Microsoft.Network/virtualNetworks/clitestvnet1/subnets/Subnetetserver2postgres/delegations/Microsoft.DBforPostgreSQL/flexibleServers","etag":"W/\"7a1da782-35a9-4466-b02a-4f7ee4cacbba\"","properties":{"provisioningState":"Succeeded","serviceName":"Microsoft.DBforPostgreSQL/flexibleServers","actions":["Microsoft.Network/virtualNetworks/subnets/join/action"]},"type":"Microsoft.Network/virtualNetworks/subnets/delegations"}],"privateEndpointNetworkPolicies":"Enabled","privateLinkServiceNetworkPolicies":"Enabled"},"type":"Microsoft.Network/virtualNetworks/subnets"}],"virtualNetworkPeerings":[],"enableDdosProtection":false}},{"name":"clitestvnet3","id":"/subscriptions/00000000-0000-0000-0000-000000000000/resourceGroups/clitest.rgvsrrci2gv23pas67rbcxkq3wi3mlj5wohqb6capbzzu6mnlijgtvkrydqtmes4xth/providers/Microsoft.Network/virtualNetworks/clitestvnet3","etag":"W/\"f6c0b40b-5faf-4c08-98ac-63b80a1ebf5a\"","type":"Microsoft.Network/virtualNetworks","location":"eastus2euap","properties":{"provisioningState":"Succeeded","resourceGuid":"3f5d23b7-51e2-47c9-8e24-dc7b296c7d48","addressSpace":{"addressPrefixes":["10.0.0.0/16"]},"subnets":[{"name":"Subnetetserver4postgres","id":"/subscriptions/00000000-0000-0000-0000-000000000000/resourceGroups/clitest.rgvsrrci2gv23pas67rbcxkq3wi3mlj5wohqb6capbzzu6mnlijgtvkrydqtmes4xth/providers/Microsoft.Network/virtualNetworks/clitestvnet3/subnets/Subnetetserver4postgres","etag":"W/\"f6c0b40b-5faf-4c08-98ac-63b80a1ebf5a\"","properties":{"provisioningState":"Succeeded","addressPrefix":"10.0.0.0/24","serviceAssociationLinks":[{"name":"Subnetetserver4postgres-service-association-link","id":"/subscriptions/00000000-0000-0000-0000-000000000000/resourceGroups/clitest.rgvsrrci2gv23pas67rbcxkq3wi3mlj5wohqb6capbzzu6mnlijgtvkrydqtmes4xth/providers/Microsoft.Network/virtualNetworks/clitestvnet3/subnets/Subnetetserver4postgres/serviceAssociationLinks/Subnetetserver4postgres-service-association-link","etag":"W/\"f6c0b40b-5faf-4c08-98ac-63b80a1ebf5a\"","type":"Microsoft.Network/virtualNetworks/subnets/serviceAssociationLinks","properties":{"provisioningState":"Succeeded","linkedResourceType":"Microsoft.DBforPostgreSQL/flexibleServers","enabledForArmDeployments":false,"allowDelete":false,"locations":[]}}],"serviceEndpoints":[{"provisioningState":"Succeeded","service":"Microsoft.Storage","locations":["eastus2euap","centraluseuap"]}],"delegations":[{"name":"Microsoft.DBforPostgreSQL/flexibleServers","id":"/subscriptions/00000000-0000-0000-0000-000000000000/resourceGroups/clitest.rgvsrrci2gv23pas67rbcxkq3wi3mlj5wohqb6capbzzu6mnlijgtvkrydqtmes4xth/providers/Microsoft.Network/virtualNetworks/clitestvnet3/subnets/Subnetetserver4postgres/delegations/Microsoft.DBforPostgreSQL/flexibleServers","etag":"W/\"f6c0b40b-5faf-4c08-98ac-63b80a1ebf5a\"","properties":{"provisioningState":"Succeeded","serviceName":"Microsoft.DBforPostgreSQL/flexibleServers","actions":["Microsoft.Network/virtualNetworks/subnets/join/action"]},"type":"Microsoft.Network/virtualNetworks/subnets/delegations"}],"privateEndpointNetworkPolicies":"Enabled","privateLinkServiceNetworkPolicies":"Enabled"},"type":"Microsoft.Network/virtualNetworks/subnets"}],"virtualNetworkPeerings":[],"enableDdosProtection":false}}]}'
    headers:
      cache-control: no-cache
      content-length: '9233'
      content-type: application/json; charset=utf-8
      date: Wed, 22 Sep 2021 02:52:31 GMT
      expires: '-1'
      pragma: no-cache
      strict-transport-security: max-age=31536000; includeSubDomains
      vary: Accept-Encoding
      x-content-type-options: nosniff
      x-ms-original-request-ids: f01e6084-d1e3-4d1c-a0d6-d7924ea8c222
    status:
      code: 200
      message: OK
    url: https://management.azure.com/subscriptions/00000000-0000-0000-0000-000000000000/providers/Microsoft.Network/virtualNetworks?api-version=2021-03-01
- request:
    body: '{"tags": {"tag1": "value1", "tag2": "value2"}}'
    headers:
      Accept:
      - application/json
      Content-Length:
      - '46'
      Content-Type:
      - application/json
      User-Agent:
      - azsdk-python-azure-mgmt-network/19.1.0 Python/3.8.11 (Linux-5.8.0-1041-azure-x86_64-with-glibc2.2.5)
        VSTS_0fb41ef4-5012-48a9-bf39-4ee3de03ee35_build_2500_0
    method: PATCH
    uri: https://management.azure.com/subscriptions/00000000-0000-0000-0000-000000000000/resourceGroups/rgname/providers/Microsoft.Network/virtualNetworks/virtualnetworkname?api-version=2021-03-01
  response:
    body:
      string: "{\r\n  \"name\": \"virtualnetworkname\",\r\n  \"id\": \"/subscriptions/00000000-0000-0000-0000-000000000000/resourceGroups/rgname/providers/Microsoft.Network/virtualNetworks/virtualnetworkname\",\r\n
        \ \"etag\": \"W/\\\"acf99bfc-6249-4f3f-bd8d-6ed3c7b37b8a\\\"\",\r\n  \"type\":
        \"Microsoft.Network/virtualNetworks\",\r\n  \"location\": \"eastus\",\r\n
        \ \"tags\": {\r\n    \"tag1\": \"value1\",\r\n    \"tag2\": \"value2\"\r\n
        \ },\r\n  \"properties\": {\r\n    \"provisioningState\": \"Succeeded\",\r\n
        \   \"resourceGuid\": \"0f6ac49a-dfa1-40b7-9b1f-62f97f768981\",\r\n    \"addressSpace\":
        {\r\n      \"addressPrefixes\": [\r\n        \"10.0.0.0/16\"\r\n      ]\r\n
        \   },\r\n    \"subnets\": [\r\n      {\r\n        \"name\": \"subnetname\",\r\n
        \       \"id\": \"/subscriptions/00000000-0000-0000-0000-000000000000/resourceGroups/rgname/providers/Microsoft.Network/virtualNetworks/virtualnetworkname/subnets/subnetname\",\r\n
        \       \"etag\": \"W/\\\"acf99bfc-6249-4f3f-bd8d-6ed3c7b37b8a\\\"\",\r\n
        \       \"properties\": {\r\n          \"provisioningState\": \"Succeeded\",\r\n
        \         \"addressPrefix\": \"10.0.0.0/24\",\r\n          \"delegations\":
        [],\r\n          \"privateEndpointNetworkPolicies\": \"Enabled\",\r\n          \"privateLinkServiceNetworkPolicies\":
        \"Enabled\"\r\n        },\r\n        \"type\": \"Microsoft.Network/virtualNetworks/subnets\"\r\n
        \     }\r\n    ],\r\n    \"virtualNetworkPeerings\": [],\r\n    \"enableDdosProtection\":
        false\r\n  }\r\n}"
    headers:
      azure-asyncnotification: Enabled
      cache-control: no-cache
      content-type: application/json; charset=utf-8
      date: Wed, 22 Sep 2021 02:52:31 GMT
      expires: '-1'
      pragma: no-cache
      server: Microsoft-HTTPAPI/2.0
      strict-transport-security: max-age=31536000; includeSubDomains
      transfer-encoding: chunked
      vary: Accept-Encoding
      x-content-type-options: nosniff
      x-ms-arm-service-request-id: a7a422ca-f748-437d-89df-86d99dd96dd6
      x-ms-ratelimit-remaining-subscription-writes: '1197'
    status:
      code: 200
      message: OK
    url: https://management.azure.com/subscriptions/00000000-0000-0000-0000-000000000000/resourceGroups/rgpy-kteb5yst6ibvilmvbr7sczaoelet6fule4ukpbcvwaxzos7mi2l5pav2x55jrmdmlysbedv45fq/providers/Microsoft.Network/virtualNetworks/virtualnetworkname?api-version=2021-03-01
- request:
    body: null
    headers:
      Accept:
      - application/json
      User-Agent:
      - azsdk-python-azure-mgmt-network/19.1.0 Python/3.8.11 (Linux-5.8.0-1041-azure-x86_64-with-glibc2.2.5)
        VSTS_0fb41ef4-5012-48a9-bf39-4ee3de03ee35_build_2500_0
    method: DELETE
    uri: https://management.azure.com/subscriptions/00000000-0000-0000-0000-000000000000/resourceGroups/rgname/providers/Microsoft.Network/virtualNetworks/virtualnetworkname/subnets/subnetname?api-version=2021-03-01
  response:
    body:
      string: ''
    headers:
      azure-asyncoperation: https://management.azure.com/subscriptions/00000000-0000-0000-0000-000000000000/providers/Microsoft.Network/locations/eastus/operations/0361a824-e2c9-497f-b2b5-0a90498ac5d7?api-version=2021-03-01
      cache-control: no-cache
      content-length: '0'
      date: Wed, 22 Sep 2021 02:52:31 GMT
      expires: '-1'
      location: https://management.azure.com/subscriptions/00000000-0000-0000-0000-000000000000/providers/Microsoft.Network/locations/eastus/operationResults/0361a824-e2c9-497f-b2b5-0a90498ac5d7?api-version=2021-03-01
      pragma: no-cache
      server: Microsoft-HTTPAPI/2.0
      strict-transport-security: max-age=31536000; includeSubDomains
      x-content-type-options: nosniff
      x-ms-arm-service-request-id: 242ca89b-eb90-427f-9564-784edb53dc88
      x-ms-ratelimit-remaining-subscription-deletes: '14999'
    status:
      code: 202
      message: Accepted
    url: https://management.azure.com/subscriptions/00000000-0000-0000-0000-000000000000/resourceGroups/rgpy-kteb5yst6ibvilmvbr7sczaoelet6fule4ukpbcvwaxzos7mi2l5pav2x55jrmdmlysbedv45fq/providers/Microsoft.Network/virtualNetworks/virtualnetworkname/subnets/subnetname?api-version=2021-03-01
- request:
    body: null
    headers:
      User-Agent:
      - azsdk-python-azure-mgmt-network/19.1.0 Python/3.8.11 (Linux-5.8.0-1041-azure-x86_64-with-glibc2.2.5)
        VSTS_0fb41ef4-5012-48a9-bf39-4ee3de03ee35_build_2500_0
    method: GET
    uri: https://management.azure.com/subscriptions/00000000-0000-0000-0000-000000000000/providers/Microsoft.Network/locations/eastus/operations/0361a824-e2c9-497f-b2b5-0a90498ac5d7?api-version=2021-03-01
  response:
    body:
      string: "{\r\n  \"status\": \"Succeeded\"\r\n}"
    headers:
      cache-control: no-cache
      content-type: application/json; charset=utf-8
      date: Wed, 22 Sep 2021 02:52:41 GMT
      expires: '-1'
      pragma: no-cache
      server: Microsoft-HTTPAPI/2.0
      strict-transport-security: max-age=31536000; includeSubDomains
      transfer-encoding: chunked
      vary: Accept-Encoding
      x-content-type-options: nosniff
      x-ms-arm-service-request-id: f2da03a9-61ca-48a6-a2dd-4fd9c1dda690
    status:
      code: 200
      message: OK
    url: https://management.azure.com/subscriptions/00000000-0000-0000-0000-000000000000/providers/Microsoft.Network/locations/eastus/operations/0361a824-e2c9-497f-b2b5-0a90498ac5d7?api-version=2021-03-01
- request:
    body: null
    headers:
      Accept:
      - application/json
      User-Agent:
      - azsdk-python-azure-mgmt-network/19.1.0 Python/3.8.11 (Linux-5.8.0-1041-azure-x86_64-with-glibc2.2.5)
        VSTS_0fb41ef4-5012-48a9-bf39-4ee3de03ee35_build_2500_0
    method: DELETE
    uri: https://management.azure.com/subscriptions/00000000-0000-0000-0000-000000000000/resourceGroups/rgname/providers/Microsoft.Network/virtualNetworks/virtualnetworkname?api-version=2021-03-01
  response:
    body:
      string: ''
    headers:
      azure-asyncnotification: Enabled
      azure-asyncoperation: https://management.azure.com/subscriptions/00000000-0000-0000-0000-000000000000/providers/Microsoft.Network/locations/eastus/operations/f878a7d7-2cee-439e-a59e-0736dbccbdac?api-version=2021-03-01
      cache-control: no-cache
      content-length: '0'
      date: Wed, 22 Sep 2021 02:52:42 GMT
      expires: '-1'
      location: https://management.azure.com/subscriptions/00000000-0000-0000-0000-000000000000/providers/Microsoft.Network/locations/eastus/operationResults/f878a7d7-2cee-439e-a59e-0736dbccbdac?api-version=2021-03-01
      pragma: no-cache
      server: Microsoft-HTTPAPI/2.0
      strict-transport-security: max-age=31536000; includeSubDomains
      x-content-type-options: nosniff
      x-ms-arm-service-request-id: 219fa5a1-2ecd-41a0-beec-b148432a81c3
      x-ms-ratelimit-remaining-subscription-deletes: '14998'
    status:
      code: 202
      message: Accepted
    url: https://management.azure.com/subscriptions/00000000-0000-0000-0000-000000000000/resourceGroups/rgpy-kteb5yst6ibvilmvbr7sczaoelet6fule4ukpbcvwaxzos7mi2l5pav2x55jrmdmlysbedv45fq/providers/Microsoft.Network/virtualNetworks/virtualnetworkname?api-version=2021-03-01
- request:
    body: null
    headers:
      User-Agent:
      - azsdk-python-azure-mgmt-network/19.1.0 Python/3.8.11 (Linux-5.8.0-1041-azure-x86_64-with-glibc2.2.5)
        VSTS_0fb41ef4-5012-48a9-bf39-4ee3de03ee35_build_2500_0
    method: GET
    uri: https://management.azure.com/subscriptions/00000000-0000-0000-0000-000000000000/providers/Microsoft.Network/locations/eastus/operations/f878a7d7-2cee-439e-a59e-0736dbccbdac?api-version=2021-03-01
  response:
    body:
      string: "{\r\n  \"status\": \"Succeeded\"\r\n}"
    headers:
      cache-control: no-cache
      content-type: application/json; charset=utf-8
      date: Wed, 22 Sep 2021 02:52:53 GMT
      expires: '-1'
      pragma: no-cache
      server: Microsoft-HTTPAPI/2.0
      strict-transport-security: max-age=31536000; includeSubDomains
      transfer-encoding: chunked
      vary: Accept-Encoding
      x-content-type-options: nosniff
      x-ms-arm-service-request-id: 593473ed-6823-460f-9ee9-ac1aaa352a0f
    status:
      code: 200
      message: OK
    url: https://management.azure.com/subscriptions/00000000-0000-0000-0000-000000000000/providers/Microsoft.Network/locations/eastus/operations/f878a7d7-2cee-439e-a59e-0736dbccbdac?api-version=2021-03-01
version: 1
