{
  "Entries": [
    {
      "RequestUri": "https://login.microsoftonline.com/00000000-0000-0000-0000-000000000000/v2.0/.well-known/openid-configuration",
      "RequestMethod": "GET",
      "RequestHeaders": {
        "Accept": "*/*",
        "Accept-Encoding": "gzip, deflate",
        "Connection": "keep-alive",
        "User-Agent": "azsdk-python-identity/1.12.0b2 Python/3.8.14 (Linux-5.15.0-1020-azure-x86_64-with-glibc2.2.5) VSTS_0fb41ef4-5012-48a9-bf39-4ee3de03ee35_build_2500_0"
      },
      "RequestBody": null,
      "StatusCode": 200,
      "ResponseHeaders": {
        "Access-Control-Allow-Methods": "GET, OPTIONS",
        "Access-Control-Allow-Origin": "*",
        "Cache-Control": "max-age=86400, private",
        "Content-Length": "1753",
        "Content-Type": "application/json; charset=utf-8",
        "Date": "Sat, 08 Oct 2022 03:50:39 GMT",
        "P3P": "CP=\u0022DSP CUR OTPi IND OTRi ONL FIN\u0022",
        "Set-Cookie": "[set-cookie;]",
        "Strict-Transport-Security": "max-age=31536000; includeSubDomains",
        "X-Content-Type-Options": "nosniff",
        "x-ms-ests-server": "2.1.13845.9 - WUS2 ProdSlices",
        "X-XSS-Protection": "0"
      },
      "ResponseBody": {
        "token_endpoint": "https://login.microsoftonline.com/00000000-0000-0000-0000-000000000000/oauth2/v2.0/token",
        "token_endpoint_auth_methods_supported": [
          "client_secret_post",
          "private_key_jwt",
          "client_secret_basic"
        ],
        "jwks_uri": "https://login.microsoftonline.com/00000000-0000-0000-0000-000000000000/discovery/v2.0/keys",
        "response_modes_supported": [
          "query",
          "fragment",
          "form_post"
        ],
        "subject_types_supported": [
          "pairwise"
        ],
        "id_token_signing_alg_values_supported": [
          "RS256"
        ],
        "response_types_supported": [
          "code",
          "id_token",
          "code id_token",
          "id_token token"
        ],
        "scopes_supported": [
          "openid",
          "profile",
          "email",
          "offline_access"
        ],
        "issuer": "https://login.microsoftonline.com/00000000-0000-0000-0000-000000000000/v2.0",
        "request_uri_parameter_supported": false,
        "userinfo_endpoint": "https://graph.microsoft.com/oidc/userinfo",
        "authorization_endpoint": "https://login.microsoftonline.com/00000000-0000-0000-0000-000000000000/oauth2/v2.0/authorize",
        "device_authorization_endpoint": "https://login.microsoftonline.com/00000000-0000-0000-0000-000000000000/oauth2/v2.0/devicecode",
        "http_logout_supported": true,
        "frontchannel_logout_supported": true,
        "end_session_endpoint": "https://login.microsoftonline.com/00000000-0000-0000-0000-000000000000/oauth2/v2.0/logout",
        "claims_supported": [
          "sub",
          "iss",
          "cloud_instance_name",
          "cloud_instance_host_name",
          "cloud_graph_host_name",
          "msgraph_host",
          "aud",
          "exp",
          "iat",
          "auth_time",
          "acr",
          "nonce",
          "preferred_username",
          "name",
          "tid",
          "ver",
          "at_hash",
          "c_hash",
          "email"
        ],
        "kerberos_endpoint": "https://login.microsoftonline.com/00000000-0000-0000-0000-000000000000/kerberos",
        "tenant_region_scope": "WW",
        "cloud_instance_name": "microsoftonline.com",
        "cloud_graph_host_name": "graph.windows.net",
        "msgraph_host": "graph.microsoft.com",
        "rbac_url": "https://pas.windows.net"
      }
    },
    {
      "RequestUri": "https://login.microsoftonline.com/common/discovery/instance?api-version=1.1\u0026authorization_endpoint=https://login.microsoftonline.com/common/oauth2/authorize",
      "RequestMethod": "GET",
      "RequestHeaders": {
        "Accept": "application/json",
        "Accept-Encoding": "gzip, deflate",
        "Connection": "keep-alive",
        "Cookie": "cookie;",
        "User-Agent": "azsdk-python-identity/1.12.0b2 Python/3.8.14 (Linux-5.15.0-1020-azure-x86_64-with-glibc2.2.5) VSTS_0fb41ef4-5012-48a9-bf39-4ee3de03ee35_build_2500_0"
      },
      "RequestBody": null,
      "StatusCode": 200,
      "ResponseHeaders": {
        "Access-Control-Allow-Methods": "GET, OPTIONS",
        "Access-Control-Allow-Origin": "*",
        "Cache-Control": "max-age=86400, private",
        "Content-Length": "945",
        "Content-Type": "application/json; charset=utf-8",
        "Date": "Sat, 08 Oct 2022 03:50:39 GMT",
        "P3P": "CP=\u0022DSP CUR OTPi IND OTRi ONL FIN\u0022",
        "Set-Cookie": "[set-cookie;]",
        "Strict-Transport-Security": "max-age=31536000; includeSubDomains",
        "X-Content-Type-Options": "nosniff",
        "x-ms-ests-server": "2.1.13777.6 - SCUS ProdSlices",
        "X-XSS-Protection": "0"
      },
      "ResponseBody": {
        "tenant_discovery_endpoint": "https://login.microsoftonline.com/common/.well-known/openid-configuration",
        "api-version": "1.1",
        "metadata": [
          {
            "preferred_network": "login.microsoftonline.com",
            "preferred_cache": "login.windows.net",
            "aliases": [
              "login.microsoftonline.com",
              "login.windows.net",
              "login.microsoft.com",
              "sts.windows.net"
            ]
          },
          {
            "preferred_network": "login.partner.microsoftonline.cn",
            "preferred_cache": "login.partner.microsoftonline.cn",
            "aliases": [
              "login.partner.microsoftonline.cn",
              "login.chinacloudapi.cn"
            ]
          },
          {
            "preferred_network": "login.microsoftonline.de",
            "preferred_cache": "login.microsoftonline.de",
            "aliases": [
              "login.microsoftonline.de"
            ]
          },
          {
            "preferred_network": "login.microsoftonline.us",
            "preferred_cache": "login.microsoftonline.us",
            "aliases": [
              "login.microsoftonline.us",
              "login.usgovcloudapi.net"
            ]
          },
          {
            "preferred_network": "login-us.microsoftonline.com",
            "preferred_cache": "login-us.microsoftonline.com",
            "aliases": [
              "login-us.microsoftonline.com"
            ]
          }
        ]
      }
    },
    {
      "RequestUri": "https://login.microsoftonline.com/00000000-0000-0000-0000-000000000000/oauth2/v2.0/token",
      "RequestMethod": "POST",
      "RequestHeaders": {
        "Accept": "application/json",
        "Accept-Encoding": "gzip, deflate",
        "client-request-id": "54d316d0-3669-4b15-aa9c-193d0a4502b7",
        "Connection": "keep-alive",
        "Content-Length": "288",
        "Content-Type": "application/x-www-form-urlencoded",
        "Cookie": "cookie;",
        "User-Agent": "azsdk-python-identity/1.12.0b2 Python/3.8.14 (Linux-5.15.0-1020-azure-x86_64-with-glibc2.2.5) VSTS_0fb41ef4-5012-48a9-bf39-4ee3de03ee35_build_2500_0",
        "x-client-cpu": "x64",
        "x-client-current-telemetry": "4|730,0|",
        "x-client-last-telemetry": "4|0|||",
        "x-client-os": "linux",
        "x-client-sku": "MSAL.Python",
        "x-client-ver": "1.20.0",
        "x-ms-lib-capability": "retry-after, h429"
      },
      "RequestBody": "client_id=00000000-0000-0000-0000-000000000000\u0026grant_type=client_credentials\u0026client_info=1\u0026client_secret=00000000-0000-0000-0000-000000000000\u0026claims=%7B%22access_token%22%3A\u002B%7B%22xms_cc%22%3A\u002B%7B%22values%22%3A\u002B%5B%22CP1%22%5D%7D%7D%7D\u0026scope=https%3A%2F%2Fmanagement.azure.com%2F.default",
      "StatusCode": 200,
      "ResponseHeaders": {
        "Cache-Control": "no-store, no-cache",
        "client-request-id": "54d316d0-3669-4b15-aa9c-193d0a4502b7",
        "Content-Length": "114",
        "Content-Type": "application/json; charset=utf-8",
        "Date": "Sat, 08 Oct 2022 03:50:39 GMT",
        "Expires": "-1",
        "P3P": "CP=\u0022DSP CUR OTPi IND OTRi ONL FIN\u0022",
        "Pragma": "no-cache",
        "Set-Cookie": "[set-cookie;]",
        "Strict-Transport-Security": "max-age=31536000; includeSubDomains",
        "X-Content-Type-Options": "nosniff",
        "x-ms-clitelem": "1,0,0,,",
        "x-ms-ests-server": "2.1.13845.9 - SCUS ProdSlices",
        "X-XSS-Protection": "0"
      },
      "ResponseBody": {
        "token_type": "Bearer",
        "expires_in": 86399,
        "ext_expires_in": 86399,
        "refresh_in": 43199,
        "access_token": "access_token"
      }
    },
    {
      "RequestUri": "https://management.azure.com/subscriptions/00000000-0000-0000-0000-000000000000/resourceGroups/rgname/providers/Microsoft.Network/serviceEndpointPolicies/myServiceEndpointPolicy?api-version=2022-01-01",
      "RequestMethod": "PUT",
      "RequestHeaders": {
        "Accept": "application/json",
        "Accept-Encoding": "gzip, deflate",
        "Connection": "keep-alive",
        "Content-Length": "22",
        "Content-Type": "application/json",
        "User-Agent": "azsdk-python-azure-mgmt-network/22.0.0 Python/3.8.14 (Linux-5.15.0-1020-azure-x86_64-with-glibc2.2.5) VSTS_0fb41ef4-5012-48a9-bf39-4ee3de03ee35_build_2500_0"
      },
      "RequestBody": {
        "location": "eastus"
      },
      "StatusCode": 201,
      "ResponseHeaders": {
        "Azure-AsyncNotification": "Enabled",
        "Azure-AsyncOperation": "https://management.azure.com/subscriptions/00000000-0000-0000-0000-000000000000/providers/Microsoft.Network/locations/eastus/operations/dc851878-d84c-48c4-862c-42bc2889f806?api-version=2022-01-01",
        "Cache-Control": "no-cache",
        "Content-Length": "509",
        "Content-Type": "application/json; charset=utf-8",
        "Date": "Sat, 08 Oct 2022 03:50:40 GMT",
        "Expires": "-1",
        "Pragma": "no-cache",
        "Retry-After": "10",
        "Server": [
          "Microsoft-HTTPAPI/2.0",
          "Microsoft-HTTPAPI/2.0"
        ],
        "Strict-Transport-Security": "max-age=31536000; includeSubDomains",
        "X-Content-Type-Options": "nosniff",
        "x-ms-arm-service-request-id": "f78a9f5d-c6d1-43e3-b64a-5c7c9dc00602",
        "x-ms-correlation-request-id": "795719cf-cffd-4bce-8987-386340c3066f",
        "x-ms-ratelimit-remaining-subscription-writes": "1188",
        "x-ms-routing-request-id": "EASTUS:20221008T035040Z:795719cf-cffd-4bce-8987-386340c3066f"
      },
      "ResponseBody": {
        "name": "myServiceEndpointPolicy",
        "id": "/subscriptions/00000000-0000-0000-0000-000000000000/resourceGroups/rgname/providers/Microsoft.Network/serviceEndpointPolicies/myServiceEndpointPolicy",
        "etag": "W/\u0022241b5a0c-19b4-453a-97cb-dde6f632a67e\u0022",
        "type": "Microsoft.Network/serviceEndpointPolicies",
        "location": "eastus",
        "properties": {
          "provisioningState": "Updating",
          "resourceGuid": "7bad8b5d-f150-4917-bc3e-b17996861609",
          "serviceEndpointPolicyDefinitions": []
        }
      }
    },
    {
      "RequestUri": "https://management.azure.com/subscriptions/00000000-0000-0000-0000-000000000000/providers/Microsoft.Network/locations/eastus/operations/dc851878-d84c-48c4-862c-42bc2889f806?api-version=2022-01-01",
      "RequestMethod": "GET",
      "RequestHeaders": {
        "Accept": "*/*",
        "Accept-Encoding": "gzip, deflate",
        "Connection": "keep-alive",
        "User-Agent": "azsdk-python-azure-mgmt-network/22.0.0 Python/3.8.14 (Linux-5.15.0-1020-azure-x86_64-with-glibc2.2.5) VSTS_0fb41ef4-5012-48a9-bf39-4ee3de03ee35_build_2500_0"
      },
      "RequestBody": null,
      "StatusCode": 200,
      "ResponseHeaders": {
        "Cache-Control": "no-cache",
        "Content-Encoding": "gzip",
        "Content-Type": "application/json; charset=utf-8",
        "Date": "Sat, 08 Oct 2022 03:50:40 GMT",
        "Expires": "-1",
        "Pragma": "no-cache",
        "Server": [
          "Microsoft-HTTPAPI/2.0",
          "Microsoft-HTTPAPI/2.0"
        ],
        "Strict-Transport-Security": "max-age=31536000; includeSubDomains",
        "Transfer-Encoding": "chunked",
        "Vary": "Accept-Encoding",
        "X-Content-Type-Options": "nosniff",
        "x-ms-arm-service-request-id": "bb77c91b-7f52-4375-8b75-1213ab8c3eb4",
        "x-ms-correlation-request-id": "5aa23691-0a92-4b1b-b16c-f4cf49021b7f",
        "x-ms-ratelimit-remaining-subscription-reads": "11924",
        "x-ms-routing-request-id": "EASTUS:20221008T035041Z:5aa23691-0a92-4b1b-b16c-f4cf49021b7f"
      },
      "ResponseBody": {
        "status": "Succeeded"
      }
    },
    {
      "RequestUri": "https://management.azure.com/subscriptions/00000000-0000-0000-0000-000000000000/resourceGroups/rgname/providers/Microsoft.Network/serviceEndpointPolicies/myServiceEndpointPolicy?api-version=2022-01-01",
      "RequestMethod": "GET",
      "RequestHeaders": {
        "Accept": "*/*",
        "Accept-Encoding": "gzip, deflate",
        "Connection": "keep-alive",
        "User-Agent": "azsdk-python-azure-mgmt-network/22.0.0 Python/3.8.14 (Linux-5.15.0-1020-azure-x86_64-with-glibc2.2.5) VSTS_0fb41ef4-5012-48a9-bf39-4ee3de03ee35_build_2500_0"
      },
      "RequestBody": null,
      "StatusCode": 200,
      "ResponseHeaders": {
        "Cache-Control": "no-cache",
        "Content-Encoding": "gzip",
        "Content-Type": "application/json; charset=utf-8",
        "Date": "Sat, 08 Oct 2022 03:50:40 GMT",
        "ETag": "W/\u002282a3a325-b1e0-4f07-858a-444f65d678fc\u0022",
        "Expires": "-1",
        "Pragma": "no-cache",
        "Server": [
          "Microsoft-HTTPAPI/2.0",
          "Microsoft-HTTPAPI/2.0"
        ],
        "Strict-Transport-Security": "max-age=31536000; includeSubDomains",
        "Transfer-Encoding": "chunked",
        "Vary": "Accept-Encoding",
        "X-Content-Type-Options": "nosniff",
        "x-ms-arm-service-request-id": "1e1b1443-02d9-4701-8f99-6dfb5789dfa8",
        "x-ms-correlation-request-id": "9df892e6-dd84-49c6-a604-6e320cc72643",
        "x-ms-ratelimit-remaining-subscription-reads": "11923",
        "x-ms-routing-request-id": "EASTUS:20221008T035041Z:9df892e6-dd84-49c6-a604-6e320cc72643"
      },
      "ResponseBody": {
        "name": "myServiceEndpointPolicy",
        "id": "/subscriptions/00000000-0000-0000-0000-000000000000/resourceGroups/rgname/providers/Microsoft.Network/serviceEndpointPolicies/myServiceEndpointPolicy",
        "etag": "W/\u002282a3a325-b1e0-4f07-858a-444f65d678fc\u0022",
        "type": "Microsoft.Network/serviceEndpointPolicies",
        "location": "eastus",
        "properties": {
          "provisioningState": "Succeeded",
          "resourceGuid": "7bad8b5d-f150-4917-bc3e-b17996861609",
          "serviceEndpointPolicyDefinitions": []
        }
      }
    },
    {
      "RequestUri": "https://management.azure.com/subscriptions/00000000-0000-0000-0000-000000000000/resourceGroups/rgname/providers/Microsoft.Network/serviceEndpointPolicies/myServiceEndpointPolicy/serviceEndpointPolicyDefinitions/myServiceEndpointPolicyDefinition?api-version=2022-01-01",
      "RequestMethod": "PUT",
      "RequestHeaders": {
        "Accept": "application/json",
        "Accept-Encoding": "gzip, deflate",
        "Connection": "keep-alive",
        "Content-Length": "207",
        "Content-Type": "application/json",
        "User-Agent": "azsdk-python-azure-mgmt-network/22.0.0 Python/3.8.14 (Linux-5.15.0-1020-azure-x86_64-with-glibc2.2.5) VSTS_0fb41ef4-5012-48a9-bf39-4ee3de03ee35_build_2500_0"
      },
      "RequestBody": {
        "properties": {
          "description": "Storage Service EndpointPolicy Definition",
          "service": "Microsoft.Storage",
          "serviceResources": [
            "/subscriptions/00000000-0000-0000-0000-000000000000/resourceGroups/rgname"
          ]
        }
      },
      "StatusCode": 201,
      "ResponseHeaders": {
        "Azure-AsyncNotification": "Enabled",
        "Azure-AsyncOperation": "https://management.azure.com/subscriptions/00000000-0000-0000-0000-000000000000/providers/Microsoft.Network/locations/eastus/operations/fd33824b-23a1-4e96-a567-d560768ff0c1?api-version=2022-01-01",
        "Cache-Control": "no-cache",
        "Content-Length": "708",
        "Content-Type": "application/json; charset=utf-8",
        "Date": "Sat, 08 Oct 2022 03:50:40 GMT",
        "Expires": "-1",
        "Pragma": "no-cache",
        "Retry-After": "10",
        "Server": [
          "Microsoft-HTTPAPI/2.0",
          "Microsoft-HTTPAPI/2.0"
        ],
        "Strict-Transport-Security": "max-age=31536000; includeSubDomains",
        "X-Content-Type-Options": "nosniff",
        "x-ms-arm-service-request-id": "de3c75d6-9544-44fb-b64d-d29333421ff0",
        "x-ms-correlation-request-id": "16256dc8-c535-46b8-afb0-3fec0fbb8d2d",
        "x-ms-ratelimit-remaining-subscription-writes": "1187",
        "x-ms-routing-request-id": "EASTUS:20221008T035041Z:16256dc8-c535-46b8-afb0-3fec0fbb8d2d"
      },
      "ResponseBody": {
        "name": "myServiceEndpointPolicyDefinition",
        "id": "/subscriptions/00000000-0000-0000-0000-000000000000/resourceGroups/rgname/providers/Microsoft.Network/serviceEndpointPolicies/myServiceEndpointPolicy/serviceEndpointPolicyDefinitions/myServiceEndpointPolicyDefinition",
        "etag": "W/\u0022e21893af-5a6c-4d75-9dbd-8c71416446bb\u0022",
        "properties": {
          "provisioningState": "Updating",
          "service": "Microsoft.Storage",
          "description": "Storage Service EndpointPolicy Definition",
          "serviceResources": [
            "/subscriptions/00000000-0000-0000-0000-000000000000/resourceGroups/rgname"
          ]
        },
        "type": "Microsoft.Network/serviceEndpointPolicies/serviceEndpointPolicyDefinitions"
      }
    },
    {
      "RequestUri": "https://management.azure.com/subscriptions/00000000-0000-0000-0000-000000000000/providers/Microsoft.Network/locations/eastus/operations/fd33824b-23a1-4e96-a567-d560768ff0c1?api-version=2022-01-01",
      "RequestMethod": "GET",
      "RequestHeaders": {
        "Accept": "*/*",
        "Accept-Encoding": "gzip, deflate",
        "Connection": "keep-alive",
        "User-Agent": "azsdk-python-azure-mgmt-network/22.0.0 Python/3.8.14 (Linux-5.15.0-1020-azure-x86_64-with-glibc2.2.5) VSTS_0fb41ef4-5012-48a9-bf39-4ee3de03ee35_build_2500_0"
      },
      "RequestBody": null,
      "StatusCode": 200,
      "ResponseHeaders": {
        "Cache-Control": "no-cache",
        "Content-Encoding": "gzip",
        "Content-Type": "application/json; charset=utf-8",
        "Date": "Sat, 08 Oct 2022 03:50:40 GMT",
        "Expires": "-1",
        "Pragma": "no-cache",
        "Retry-After": "10",
        "Server": [
          "Microsoft-HTTPAPI/2.0",
          "Microsoft-HTTPAPI/2.0"
        ],
        "Strict-Transport-Security": "max-age=31536000; includeSubDomains",
        "Transfer-Encoding": "chunked",
        "Vary": "Accept-Encoding",
        "X-Content-Type-Options": "nosniff",
        "x-ms-arm-service-request-id": "b6804ba5-a32c-4920-a185-d9e6171597eb",
        "x-ms-correlation-request-id": "569dc2c4-b546-4772-a1c9-b5e26776e230",
        "x-ms-ratelimit-remaining-subscription-reads": "11922",
        "x-ms-routing-request-id": "EASTUS:20221008T035041Z:569dc2c4-b546-4772-a1c9-b5e26776e230"
      },
      "ResponseBody": {
        "status": "InProgress"
      }
    },
    {
      "RequestUri": "https://management.azure.com/subscriptions/00000000-0000-0000-0000-000000000000/providers/Microsoft.Network/locations/eastus/operations/fd33824b-23a1-4e96-a567-d560768ff0c1?api-version=2022-01-01",
      "RequestMethod": "GET",
      "RequestHeaders": {
        "Accept": "*/*",
        "Accept-Encoding": "gzip, deflate",
        "Connection": "keep-alive",
        "User-Agent": "azsdk-python-azure-mgmt-network/22.0.0 Python/3.8.14 (Linux-5.15.0-1020-azure-x86_64-with-glibc2.2.5) VSTS_0fb41ef4-5012-48a9-bf39-4ee3de03ee35_build_2500_0"
      },
      "RequestBody": null,
      "StatusCode": 200,
      "ResponseHeaders": {
        "Cache-Control": "no-cache",
        "Content-Encoding": "gzip",
        "Content-Type": "application/json; charset=utf-8",
        "Date": "Sat, 08 Oct 2022 03:50:50 GMT",
        "Expires": "-1",
        "Pragma": "no-cache",
        "Server": [
          "Microsoft-HTTPAPI/2.0",
          "Microsoft-HTTPAPI/2.0"
        ],
        "Strict-Transport-Security": "max-age=31536000; includeSubDomains",
        "Transfer-Encoding": "chunked",
        "Vary": "Accept-Encoding",
        "X-Content-Type-Options": "nosniff",
        "x-ms-arm-service-request-id": "7f19267d-889c-41d4-ba8f-fabbc5dc63ce",
        "x-ms-correlation-request-id": "728ddc1f-04e1-420a-a49a-52624512808a",
        "x-ms-ratelimit-remaining-subscription-reads": "11921",
        "x-ms-routing-request-id": "EASTUS:20221008T035051Z:728ddc1f-04e1-420a-a49a-52624512808a"
      },
      "ResponseBody": {
        "status": "Succeeded"
      }
    },
    {
      "RequestUri": "https://management.azure.com/subscriptions/00000000-0000-0000-0000-000000000000/resourceGroups/rgname/providers/Microsoft.Network/serviceEndpointPolicies/myServiceEndpointPolicy/serviceEndpointPolicyDefinitions/myServiceEndpointPolicyDefinition?api-version=2022-01-01",
      "RequestMethod": "GET",
      "RequestHeaders": {
        "Accept": "*/*",
        "Accept-Encoding": "gzip, deflate",
        "Connection": "keep-alive",
        "User-Agent": "azsdk-python-azure-mgmt-network/22.0.0 Python/3.8.14 (Linux-5.15.0-1020-azure-x86_64-with-glibc2.2.5) VSTS_0fb41ef4-5012-48a9-bf39-4ee3de03ee35_build_2500_0"
      },
      "RequestBody": null,
      "StatusCode": 200,
      "ResponseHeaders": {
        "Cache-Control": "no-cache",
        "Content-Encoding": "gzip",
        "Content-Type": "application/json; charset=utf-8",
        "Date": "Sat, 08 Oct 2022 03:50:50 GMT",
        "ETag": "W/\u0022075d2a11-191d-4443-88b9-30f11c724351\u0022",
        "Expires": "-1",
        "Pragma": "no-cache",
        "Server": [
          "Microsoft-HTTPAPI/2.0",
          "Microsoft-HTTPAPI/2.0"
        ],
        "Strict-Transport-Security": "max-age=31536000; includeSubDomains",
        "Transfer-Encoding": "chunked",
        "Vary": "Accept-Encoding",
        "X-Content-Type-Options": "nosniff",
        "x-ms-arm-service-request-id": "59da8948-7538-4a72-9e9d-aafd3251cf24",
        "x-ms-correlation-request-id": "1ad6e47b-6bcc-49da-9e06-93795a1e4908",
        "x-ms-ratelimit-remaining-subscription-reads": "11920",
        "x-ms-routing-request-id": "EASTUS:20221008T035051Z:1ad6e47b-6bcc-49da-9e06-93795a1e4908"
      },
      "ResponseBody": {
        "name": "myServiceEndpointPolicyDefinition",
        "id": "/subscriptions/00000000-0000-0000-0000-000000000000/resourceGroups/rgname/providers/Microsoft.Network/serviceEndpointPolicies/myServiceEndpointPolicy/serviceEndpointPolicyDefinitions/myServiceEndpointPolicyDefinition",
        "etag": "W/\u0022075d2a11-191d-4443-88b9-30f11c724351\u0022",
        "properties": {
          "provisioningState": "Succeeded",
          "service": "Microsoft.Storage",
          "description": "Storage Service EndpointPolicy Definition",
          "serviceResources": [
            "/subscriptions/00000000-0000-0000-0000-000000000000/resourceGroups/rgname"
          ]
        },
        "type": "Microsoft.Network/serviceEndpointPolicies/serviceEndpointPolicyDefinitions"
      }
    },
    {
      "RequestUri": "https://management.azure.com/subscriptions/00000000-0000-0000-0000-000000000000/resourceGroups/rgname/providers/Microsoft.Network/serviceEndpointPolicies/myServiceEndpointPolicy/serviceEndpointPolicyDefinitions/myServiceEndpointPolicyDefinition?api-version=2022-01-01",
      "RequestMethod": "GET",
      "RequestHeaders": {
        "Accept": "application/json",
        "Accept-Encoding": "gzip, deflate",
        "Connection": "keep-alive",
        "User-Agent": "azsdk-python-azure-mgmt-network/22.0.0 Python/3.8.14 (Linux-5.15.0-1020-azure-x86_64-with-glibc2.2.5) VSTS_0fb41ef4-5012-48a9-bf39-4ee3de03ee35_build_2500_0"
      },
      "RequestBody": null,
      "StatusCode": 200,
      "ResponseHeaders": {
        "Cache-Control": "no-cache",
        "Content-Encoding": "gzip",
        "Content-Type": "application/json; charset=utf-8",
        "Date": "Sat, 08 Oct 2022 03:50:50 GMT",
        "ETag": "W/\u0022075d2a11-191d-4443-88b9-30f11c724351\u0022",
        "Expires": "-1",
        "Pragma": "no-cache",
        "Server": [
          "Microsoft-HTTPAPI/2.0",
          "Microsoft-HTTPAPI/2.0"
        ],
        "Strict-Transport-Security": "max-age=31536000; includeSubDomains",
        "Transfer-Encoding": "chunked",
        "Vary": "Accept-Encoding",
        "X-Content-Type-Options": "nosniff",
        "x-ms-arm-service-request-id": "ea7b2531-0eaa-45c9-bbdc-1f2414dc90d9",
        "x-ms-correlation-request-id": "dbd3c65a-0cc3-4e5d-b9b1-969897b1b2a1",
        "x-ms-ratelimit-remaining-subscription-reads": "11919",
        "x-ms-routing-request-id": "EASTUS:20221008T035051Z:dbd3c65a-0cc3-4e5d-b9b1-969897b1b2a1"
      },
      "ResponseBody": {
        "name": "myServiceEndpointPolicyDefinition",
        "id": "/subscriptions/00000000-0000-0000-0000-000000000000/resourceGroups/rgname/providers/Microsoft.Network/serviceEndpointPolicies/myServiceEndpointPolicy/serviceEndpointPolicyDefinitions/myServiceEndpointPolicyDefinition",
        "etag": "W/\u0022075d2a11-191d-4443-88b9-30f11c724351\u0022",
        "properties": {
          "provisioningState": "Succeeded",
          "service": "Microsoft.Storage",
          "description": "Storage Service EndpointPolicy Definition",
          "serviceResources": [
            "/subscriptions/00000000-0000-0000-0000-000000000000/resourceGroups/rgname"
          ]
        },
        "type": "Microsoft.Network/serviceEndpointPolicies/serviceEndpointPolicyDefinitions"
      }
    },
    {
      "RequestUri": "https://management.azure.com/subscriptions/00000000-0000-0000-0000-000000000000/resourceGroups/rgname/providers/Microsoft.Network/serviceEndpointPolicies/myServiceEndpointPolicy?api-version=2022-01-01",
      "RequestMethod": "GET",
      "RequestHeaders": {
        "Accept": "application/json",
        "Accept-Encoding": "gzip, deflate",
        "Connection": "keep-alive",
        "User-Agent": "azsdk-python-azure-mgmt-network/22.0.0 Python/3.8.14 (Linux-5.15.0-1020-azure-x86_64-with-glibc2.2.5) VSTS_0fb41ef4-5012-48a9-bf39-4ee3de03ee35_build_2500_0"
      },
      "RequestBody": null,
      "StatusCode": 200,
      "ResponseHeaders": {
        "Cache-Control": "no-cache",
        "Content-Encoding": "gzip",
        "Content-Type": "application/json; charset=utf-8",
        "Date": "Sat, 08 Oct 2022 03:50:50 GMT",
        "ETag": "W/\u0022075d2a11-191d-4443-88b9-30f11c724351\u0022",
        "Expires": "-1",
        "Pragma": "no-cache",
        "Server": [
          "Microsoft-HTTPAPI/2.0",
          "Microsoft-HTTPAPI/2.0"
        ],
        "Strict-Transport-Security": "max-age=31536000; includeSubDomains",
        "Transfer-Encoding": "chunked",
        "Vary": "Accept-Encoding",
        "X-Content-Type-Options": "nosniff",
        "x-ms-arm-service-request-id": "32f94276-91c3-429f-869a-f2da8fd662ae",
        "x-ms-correlation-request-id": "80da6547-f1ce-45d4-94e6-4440423a2328",
        "x-ms-ratelimit-remaining-subscription-reads": "11918",
        "x-ms-routing-request-id": "EASTUS:20221008T035051Z:80da6547-f1ce-45d4-94e6-4440423a2328"
      },
      "ResponseBody": {
        "name": "myServiceEndpointPolicy",
        "id": "/subscriptions/00000000-0000-0000-0000-000000000000/resourceGroups/rgname/providers/Microsoft.Network/serviceEndpointPolicies/myServiceEndpointPolicy",
        "etag": "W/\u0022075d2a11-191d-4443-88b9-30f11c724351\u0022",
        "type": "Microsoft.Network/serviceEndpointPolicies",
        "location": "eastus",
        "properties": {
          "provisioningState": "Succeeded",
          "resourceGuid": "7bad8b5d-f150-4917-bc3e-b17996861609",
          "serviceEndpointPolicyDefinitions": [
            {
              "name": "myServiceEndpointPolicyDefinition",
              "id": "/subscriptions/00000000-0000-0000-0000-000000000000/resourceGroups/rgname/providers/Microsoft.Network/serviceEndpointPolicies/myServiceEndpointPolicy/serviceEndpointPolicyDefinitions/myServiceEndpointPolicyDefinition",
              "etag": "W/\u0022075d2a11-191d-4443-88b9-30f11c724351\u0022",
              "properties": {
                "provisioningState": "Succeeded",
                "service": "Microsoft.Storage",
                "description": "Storage Service EndpointPolicy Definition",
                "serviceResources": [
                  "/subscriptions/00000000-0000-0000-0000-000000000000/resourceGroups/rgname"
                ]
              },
              "type": "Microsoft.Network/serviceEndpointPolicies/serviceEndpointPolicyDefinitions"
            }
          ]
        }
      }
    },
    {
      "RequestUri": "https://management.azure.com/subscriptions/00000000-0000-0000-0000-000000000000/resourceGroups/rgname/providers/Microsoft.Network/serviceEndpointPolicies/myServiceEndpointPolicy?api-version=2022-01-01",
      "RequestMethod": "PATCH",
      "RequestHeaders": {
        "Accept": "application/json",
        "Accept-Encoding": "gzip, deflate",
        "Connection": "keep-alive",
        "Content-Length": "46",
        "Content-Type": "application/json",
        "User-Agent": "azsdk-python-azure-mgmt-network/22.0.0 Python/3.8.14 (Linux-5.15.0-1020-azure-x86_64-with-glibc2.2.5) VSTS_0fb41ef4-5012-48a9-bf39-4ee3de03ee35_build_2500_0"
      },
      "RequestBody": {
        "tags": {
          "tag1": "value1",
          "tag2": "value2"
        }
      },
      "StatusCode": 200,
      "ResponseHeaders": {
        "Azure-AsyncNotification": "Enabled",
        "Cache-Control": "no-cache",
        "Content-Encoding": "gzip",
        "Content-Type": "application/json; charset=utf-8",
        "Date": "Sat, 08 Oct 2022 03:50:51 GMT",
        "Expires": "-1",
        "Pragma": "no-cache",
        "Server": [
          "Microsoft-HTTPAPI/2.0",
          "Microsoft-HTTPAPI/2.0"
        ],
        "Strict-Transport-Security": "max-age=31536000; includeSubDomains",
        "Transfer-Encoding": "chunked",
        "Vary": "Accept-Encoding",
        "X-Content-Type-Options": "nosniff",
        "x-ms-arm-service-request-id": "d5dbc388-38c4-4689-93a6-bdfd45186861",
        "x-ms-correlation-request-id": "f3ea6cc8-1086-43ac-b570-b5bde13a87d0",
        "x-ms-ratelimit-remaining-subscription-writes": "1186",
        "x-ms-routing-request-id": "EASTUS:20221008T035051Z:f3ea6cc8-1086-43ac-b570-b5bde13a87d0"
      },
      "ResponseBody": {
        "name": "myServiceEndpointPolicy",
        "id": "/subscriptions/00000000-0000-0000-0000-000000000000/resourceGroups/rgname/providers/Microsoft.Network/serviceEndpointPolicies/myServiceEndpointPolicy",
        "etag": "W/\u00228731f743-e322-46d7-af3c-b0f4da918214\u0022",
        "type": "Microsoft.Network/serviceEndpointPolicies",
        "location": "eastus",
        "tags": {
          "tag1": "value1",
          "tag2": "value2"
        },
        "properties": {
          "provisioningState": "Succeeded",
          "resourceGuid": "7bad8b5d-f150-4917-bc3e-b17996861609",
          "serviceEndpointPolicyDefinitions": [
            {
              "name": "myServiceEndpointPolicyDefinition",
              "id": "/subscriptions/00000000-0000-0000-0000-000000000000/resourceGroups/rgname/providers/Microsoft.Network/serviceEndpointPolicies/myServiceEndpointPolicy/serviceEndpointPolicyDefinitions/myServiceEndpointPolicyDefinition",
              "etag": "W/\u00228731f743-e322-46d7-af3c-b0f4da918214\u0022",
              "properties": {
                "provisioningState": "Succeeded",
                "service": "Microsoft.Storage",
                "description": "Storage Service EndpointPolicy Definition",
                "serviceResources": [
                  "/subscriptions/00000000-0000-0000-0000-000000000000/resourceGroups/rgname"
                ]
              },
              "type": "Microsoft.Network/serviceEndpointPolicies/serviceEndpointPolicyDefinitions"
            }
          ]
        }
      }
    },
    {
      "RequestUri": "https://management.azure.com/subscriptions/00000000-0000-0000-0000-000000000000/resourceGroups/rgname/providers/Microsoft.Network/serviceEndpointPolicies/myServiceEndpointPolicy/serviceEndpointPolicyDefinitions/myServiceEndpointPolicyDefinition?api-version=2022-01-01",
      "RequestMethod": "DELETE",
      "RequestHeaders": {
        "Accept": "application/json",
        "Accept-Encoding": "gzip, deflate",
        "Connection": "keep-alive",
        "Content-Length": "0",
        "User-Agent": "azsdk-python-azure-mgmt-network/22.0.0 Python/3.8.14 (Linux-5.15.0-1020-azure-x86_64-with-glibc2.2.5) VSTS_0fb41ef4-5012-48a9-bf39-4ee3de03ee35_build_2500_0"
      },
      "RequestBody": null,
      "StatusCode": 202,
      "ResponseHeaders": {
        "Azure-AsyncNotification": "Enabled",
        "Azure-AsyncOperation": "https://management.azure.com/subscriptions/00000000-0000-0000-0000-000000000000/providers/Microsoft.Network/locations/eastus/operations/5bac6828-1c0f-475c-b277-47a73aa4473c?api-version=2022-01-01",
        "Cache-Control": "no-cache",
        "Content-Length": "0",
        "Date": "Sat, 08 Oct 2022 03:50:51 GMT",
        "Expires": "-1",
        "Location": "https://management.azure.com/subscriptions/00000000-0000-0000-0000-000000000000/providers/Microsoft.Network/locations/eastus/operationResults/5bac6828-1c0f-475c-b277-47a73aa4473c?api-version=2022-01-01",
        "Pragma": "no-cache",
        "Retry-After": "10",
        "Server": [
          "Microsoft-HTTPAPI/2.0",
          "Microsoft-HTTPAPI/2.0"
        ],
        "Strict-Transport-Security": "max-age=31536000; includeSubDomains",
        "X-Content-Type-Options": "nosniff",
        "x-ms-arm-service-request-id": "d475c6b6-8842-4e78-b25c-301425a5d413",
        "x-ms-correlation-request-id": "68188cd4-23e1-422f-a09c-3ead8a0735ef",
        "x-ms-ratelimit-remaining-subscription-deletes": "14995",
        "x-ms-routing-request-id": "EASTUS:20221008T035052Z:68188cd4-23e1-422f-a09c-3ead8a0735ef"
      },
      "ResponseBody": null
    },
    {
      "RequestUri": "https://management.azure.com/subscriptions/00000000-0000-0000-0000-000000000000/providers/Microsoft.Network/locations/eastus/operations/5bac6828-1c0f-475c-b277-47a73aa4473c?api-version=2022-01-01",
      "RequestMethod": "GET",
      "RequestHeaders": {
        "Accept": "*/*",
        "Accept-Encoding": "gzip, deflate",
        "Connection": "keep-alive",
        "User-Agent": "azsdk-python-azure-mgmt-network/22.0.0 Python/3.8.14 (Linux-5.15.0-1020-azure-x86_64-with-glibc2.2.5) VSTS_0fb41ef4-5012-48a9-bf39-4ee3de03ee35_build_2500_0"
      },
      "RequestBody": null,
      "StatusCode": 200,
      "ResponseHeaders": {
        "Cache-Control": "no-cache",
        "Content-Encoding": "gzip",
        "Content-Type": "application/json; charset=utf-8",
        "Date": "Sat, 08 Oct 2022 03:50:51 GMT",
        "Expires": "-1",
        "Pragma": "no-cache",
        "Retry-After": "10",
        "Server": [
          "Microsoft-HTTPAPI/2.0",
          "Microsoft-HTTPAPI/2.0"
        ],
        "Strict-Transport-Security": "max-age=31536000; includeSubDomains",
        "Transfer-Encoding": "chunked",
        "Vary": "Accept-Encoding",
        "X-Content-Type-Options": "nosniff",
        "x-ms-arm-service-request-id": "f6e46cf1-0796-4cf2-bd86-21a0eadeeb5b",
        "x-ms-correlation-request-id": "860d9b38-5645-4c2a-abd0-b16da30265c0",
        "x-ms-ratelimit-remaining-subscription-reads": "11917",
        "x-ms-routing-request-id": "EASTUS:20221008T035052Z:860d9b38-5645-4c2a-abd0-b16da30265c0"
      },
      "ResponseBody": {
        "status": "InProgress"
      }
    },
    {
      "RequestUri": "https://management.azure.com/subscriptions/00000000-0000-0000-0000-000000000000/providers/Microsoft.Network/locations/eastus/operations/5bac6828-1c0f-475c-b277-47a73aa4473c?api-version=2022-01-01",
      "RequestMethod": "GET",
      "RequestHeaders": {
        "Accept": "*/*",
        "Accept-Encoding": "gzip, deflate",
        "Connection": "keep-alive",
        "User-Agent": "azsdk-python-azure-mgmt-network/22.0.0 Python/3.8.14 (Linux-5.15.0-1020-azure-x86_64-with-glibc2.2.5) VSTS_0fb41ef4-5012-48a9-bf39-4ee3de03ee35_build_2500_0"
      },
      "RequestBody": null,
      "StatusCode": 200,
      "ResponseHeaders": {
        "Cache-Control": "no-cache",
        "Content-Encoding": "gzip",
        "Content-Type": "application/json; charset=utf-8",
        "Date": "Sat, 08 Oct 2022 03:51:01 GMT",
        "Expires": "-1",
        "Pragma": "no-cache",
        "Server": [
          "Microsoft-HTTPAPI/2.0",
          "Microsoft-HTTPAPI/2.0"
        ],
        "Strict-Transport-Security": "max-age=31536000; includeSubDomains",
        "Transfer-Encoding": "chunked",
        "Vary": "Accept-Encoding",
        "X-Content-Type-Options": "nosniff",
        "x-ms-arm-service-request-id": "83fddb7b-1324-4b88-85b2-2f2af0a2f502",
        "x-ms-correlation-request-id": "9c21fa7d-b22d-482f-bc3a-d54e41cb7dbb",
        "x-ms-ratelimit-remaining-subscription-reads": "11916",
        "x-ms-routing-request-id": "EASTUS:20221008T035102Z:9c21fa7d-b22d-482f-bc3a-d54e41cb7dbb"
      },
      "ResponseBody": {
        "status": "Succeeded"
      }
    },
    {
      "RequestUri": "https://management.azure.com/subscriptions/00000000-0000-0000-0000-000000000000/providers/Microsoft.Network/locations/eastus/operationResults/5bac6828-1c0f-475c-b277-47a73aa4473c?api-version=2022-01-01",
      "RequestMethod": "GET",
      "RequestHeaders": {
        "Accept": "*/*",
        "Accept-Encoding": "gzip, deflate",
        "Connection": "keep-alive",
        "User-Agent": "azsdk-python-azure-mgmt-network/22.0.0 Python/3.8.14 (Linux-5.15.0-1020-azure-x86_64-with-glibc2.2.5) VSTS_0fb41ef4-5012-48a9-bf39-4ee3de03ee35_build_2500_0"
      },
      "RequestBody": null,
      "StatusCode": 204,
      "ResponseHeaders": {
        "Azure-AsyncNotification": "Enabled",
        "Azure-AsyncOperation": "https://management.azure.com/subscriptions/00000000-0000-0000-0000-000000000000/providers/Microsoft.Network/locations/eastus/operations/5bac6828-1c0f-475c-b277-47a73aa4473c?api-version=2022-01-01",
        "Cache-Control": "no-cache",
        "Content-Type": "application/json; charset=utf-8",
        "Date": "Sat, 08 Oct 2022 03:51:01 GMT",
        "Expires": "-1",
        "Location": "https://management.azure.com/subscriptions/00000000-0000-0000-0000-000000000000/providers/Microsoft.Network/locations/eastus/operationResults/5bac6828-1c0f-475c-b277-47a73aa4473c?api-version=2022-01-01",
        "Pragma": "no-cache",
        "Server": [
          "Microsoft-HTTPAPI/2.0",
          "Microsoft-HTTPAPI/2.0"
        ],
        "Strict-Transport-Security": "max-age=31536000; includeSubDomains",
        "X-Content-Type-Options": "nosniff",
        "x-ms-arm-service-request-id": "d475c6b6-8842-4e78-b25c-301425a5d413",
        "x-ms-correlation-request-id": "68188cd4-23e1-422f-a09c-3ead8a0735ef",
        "x-ms-ratelimit-remaining-subscription-reads": "11915",
        "x-ms-routing-request-id": "EASTUS:20221008T035102Z:5745dd01-8584-4ac1-bf60-d50c56ce39aa"
      },
      "ResponseBody": null
    },
    {
      "RequestUri": "https://management.azure.com/subscriptions/00000000-0000-0000-0000-000000000000/resourceGroups/rgname/providers/Microsoft.Network/serviceEndpointPolicies/myServiceEndpointPolicy?api-version=2022-01-01",
      "RequestMethod": "DELETE",
      "RequestHeaders": {
        "Accept": "application/json",
        "Accept-Encoding": "gzip, deflate",
        "Connection": "keep-alive",
        "Content-Length": "0",
        "User-Agent": "azsdk-python-azure-mgmt-network/22.0.0 Python/3.8.14 (Linux-5.15.0-1020-azure-x86_64-with-glibc2.2.5) VSTS_0fb41ef4-5012-48a9-bf39-4ee3de03ee35_build_2500_0"
      },
      "RequestBody": null,
      "StatusCode": 202,
      "ResponseHeaders": {
        "Azure-AsyncNotification": "Enabled",
        "Azure-AsyncOperation": "https://management.azure.com/subscriptions/00000000-0000-0000-0000-000000000000/providers/Microsoft.Network/locations/eastus/operations/b149b9b2-f8f7-4994-8e43-551b24c7799b?api-version=2022-01-01",
        "Cache-Control": "no-cache",
        "Content-Length": "0",
        "Date": "Sat, 08 Oct 2022 03:51:01 GMT",
        "Expires": "-1",
        "Location": "https://management.azure.com/subscriptions/00000000-0000-0000-0000-000000000000/providers/Microsoft.Network/locations/eastus/operationResults/b149b9b2-f8f7-4994-8e43-551b24c7799b?api-version=2022-01-01",
        "Pragma": "no-cache",
        "Retry-After": "10",
        "Server": [
          "Microsoft-HTTPAPI/2.0",
          "Microsoft-HTTPAPI/2.0"
        ],
        "Strict-Transport-Security": "max-age=31536000; includeSubDomains",
        "X-Content-Type-Options": "nosniff",
        "x-ms-arm-service-request-id": "9a5d2c76-9d6e-45a6-ac4e-7abd9be44a1a",
        "x-ms-correlation-request-id": "97f13b41-e04c-432c-907e-447bee60d1f0",
        "x-ms-ratelimit-remaining-subscription-deletes": "14994",
        "x-ms-routing-request-id": "EASTUS:20221008T035102Z:97f13b41-e04c-432c-907e-447bee60d1f0"
      },
      "ResponseBody": null
    },
    {
      "RequestUri": "https://management.azure.com/subscriptions/00000000-0000-0000-0000-000000000000/providers/Microsoft.Network/locations/eastus/operations/b149b9b2-f8f7-4994-8e43-551b24c7799b?api-version=2022-01-01",
      "RequestMethod": "GET",
      "RequestHeaders": {
        "Accept": "*/*",
        "Accept-Encoding": "gzip, deflate",
        "Connection": "keep-alive",
        "User-Agent": "azsdk-python-azure-mgmt-network/22.0.0 Python/3.8.14 (Linux-5.15.0-1020-azure-x86_64-with-glibc2.2.5) VSTS_0fb41ef4-5012-48a9-bf39-4ee3de03ee35_build_2500_0"
      },
      "RequestBody": null,
      "StatusCode": 200,
      "ResponseHeaders": {
        "Cache-Control": "no-cache",
        "Content-Encoding": "gzip",
        "Content-Type": "application/json; charset=utf-8",
        "Date": "Sat, 08 Oct 2022 03:51:01 GMT",
        "Expires": "-1",
        "Pragma": "no-cache",
        "Retry-After": "10",
        "Server": [
          "Microsoft-HTTPAPI/2.0",
          "Microsoft-HTTPAPI/2.0"
        ],
        "Strict-Transport-Security": "max-age=31536000; includeSubDomains",
        "Transfer-Encoding": "chunked",
        "Vary": "Accept-Encoding",
        "X-Content-Type-Options": "nosniff",
        "x-ms-arm-service-request-id": "56c6c847-3cbe-45f1-b4d7-b39db20328f6",
        "x-ms-correlation-request-id": "6f007724-7951-4ffb-8c3a-aab19f78c9b2",
        "x-ms-ratelimit-remaining-subscription-reads": "11914",
        "x-ms-routing-request-id": "EASTUS:20221008T035102Z:6f007724-7951-4ffb-8c3a-aab19f78c9b2"
      },
      "ResponseBody": {
        "status": "InProgress"
      }
    },
    {
      "RequestUri": "https://management.azure.com/subscriptions/00000000-0000-0000-0000-000000000000/providers/Microsoft.Network/locations/eastus/operations/b149b9b2-f8f7-4994-8e43-551b24c7799b?api-version=2022-01-01",
      "RequestMethod": "GET",
      "RequestHeaders": {
        "Accept": "*/*",
        "Accept-Encoding": "gzip, deflate",
        "Connection": "keep-alive",
        "User-Agent": "azsdk-python-azure-mgmt-network/22.0.0 Python/3.8.14 (Linux-5.15.0-1020-azure-x86_64-with-glibc2.2.5) VSTS_0fb41ef4-5012-48a9-bf39-4ee3de03ee35_build_2500_0"
      },
      "RequestBody": null,
      "StatusCode": 200,
      "ResponseHeaders": {
        "Cache-Control": "no-cache",
        "Content-Encoding": "gzip",
        "Content-Type": "application/json; charset=utf-8",
        "Date": "Sat, 08 Oct 2022 03:51:11 GMT",
        "Expires": "-1",
        "Pragma": "no-cache",
        "Server": [
          "Microsoft-HTTPAPI/2.0",
          "Microsoft-HTTPAPI/2.0"
        ],
        "Strict-Transport-Security": "max-age=31536000; includeSubDomains",
        "Transfer-Encoding": "chunked",
        "Vary": "Accept-Encoding",
        "X-Content-Type-Options": "nosniff",
        "x-ms-arm-service-request-id": "7c175582-f1dc-49aa-aeae-cd49c80933d0",
        "x-ms-correlation-request-id": "9ecf1b1f-50eb-45f5-8332-8ce79d641641",
        "x-ms-ratelimit-remaining-subscription-reads": "11913",
        "x-ms-routing-request-id": "EASTUS:20221008T035112Z:9ecf1b1f-50eb-45f5-8332-8ce79d641641"
      },
      "ResponseBody": {
        "status": "Succeeded"
      }
    },
    {
      "RequestUri": "https://management.azure.com/subscriptions/00000000-0000-0000-0000-000000000000/providers/Microsoft.Network/locations/eastus/operationResults/b149b9b2-f8f7-4994-8e43-551b24c7799b?api-version=2022-01-01",
      "RequestMethod": "GET",
      "RequestHeaders": {
        "Accept": "*/*",
        "Accept-Encoding": "gzip, deflate",
        "Connection": "keep-alive",
        "User-Agent": "azsdk-python-azure-mgmt-network/22.0.0 Python/3.8.14 (Linux-5.15.0-1020-azure-x86_64-with-glibc2.2.5) VSTS_0fb41ef4-5012-48a9-bf39-4ee3de03ee35_build_2500_0"
      },
      "RequestBody": null,
      "StatusCode": 204,
      "ResponseHeaders": {
        "Azure-AsyncNotification": "Enabled",
        "Azure-AsyncOperation": "https://management.azure.com/subscriptions/00000000-0000-0000-0000-000000000000/providers/Microsoft.Network/locations/eastus/operations/b149b9b2-f8f7-4994-8e43-551b24c7799b?api-version=2022-01-01",
        "Cache-Control": "no-cache",
        "Content-Type": "application/json; charset=utf-8",
        "Date": "Sat, 08 Oct 2022 03:51:11 GMT",
        "Expires": "-1",
        "Location": "https://management.azure.com/subscriptions/00000000-0000-0000-0000-000000000000/providers/Microsoft.Network/locations/eastus/operationResults/b149b9b2-f8f7-4994-8e43-551b24c7799b?api-version=2022-01-01",
        "Pragma": "no-cache",
        "Server": [
          "Microsoft-HTTPAPI/2.0",
          "Microsoft-HTTPAPI/2.0"
        ],
        "Strict-Transport-Security": "max-age=31536000; includeSubDomains",
        "X-Content-Type-Options": "nosniff",
        "x-ms-arm-service-request-id": "9a5d2c76-9d6e-45a6-ac4e-7abd9be44a1a",
        "x-ms-correlation-request-id": "97f13b41-e04c-432c-907e-447bee60d1f0",
        "x-ms-ratelimit-remaining-subscription-reads": "11912",
        "x-ms-routing-request-id": "EASTUS:20221008T035112Z:f96e61b2-24dc-4e68-9ca0-8d55f82101c4"
      },
      "ResponseBody": null
    }
  ],
  "Variables": {}
}
