interactions:
- request:
    body: '{"location": "westus", "sku": {"name": "Standard"}, "properties": {"prefixLength":
      30}}'
    headers:
      Accept:
      - application/json
      Accept-Encoding:
      - gzip, deflate
      Connection:
      - keep-alive
      Content-Length:
      - '87'
      Content-Type:
      - application/json
      User-Agent:
      - azsdk-python-azure-mgmt-network/17.2.0 Python/3.8.7 (Linux-5.4.0-1039-azure-x86_64-with-glibc2.2.5)
        VSTS_0fb41ef4-5012-48a9-bf39-4ee3de03ee35_build_2384_0
    method: PUT
    uri: https://management.azure.com/subscriptions/00000000-0000-0000-0000-000000000000/resourceGroups/rgname/providers/Microsoft.Network/publicIPPrefixes/publicipprefixd3db1381?api-version=2020-08-01
  response:
    body:
      string: "{\r\n  \"name\": \"publicipprefixd3db1381\",\r\n  \"id\": \"/subscriptions/00000000-0000-0000-0000-000000000000/resourceGroups/rgname/providers/Microsoft.Network/publicIPPrefixes/publicipprefixd3db1381\",\r\n
        \ \"etag\": \"W/\\\"d4840553-cc90-406c-a767-8940dc205b82\\\"\",\r\n  \"type\":
        \"Microsoft.Network/publicIPPrefixes\",\r\n  \"location\": \"westus\",\r\n
        \ \"properties\": {\r\n    \"provisioningState\": \"Updating\",\r\n    \"resourceGuid\":
        \"1b35d76e-430f-49b0-a8aa-938b2b78ad2c\",\r\n    \"prefixLength\": 30,\r\n
        \   \"publicIPAddressVersion\": \"IPv4\",\r\n    \"ipTags\": []\r\n  },\r\n
        \ \"sku\": {\r\n    \"name\": \"Standard\",\r\n    \"tier\": \"Regional\"\r\n
        \ }\r\n}"
    headers:
      azure-asyncnotification:
      - Enabled
      azure-asyncoperation:
      - https://management.azure.com/subscriptions/00000000-0000-0000-0000-000000000000/providers/Microsoft.Network/locations/westus/operations/de187228-fec8-4e3d-ab13-59776cfecf18?api-version=2020-08-01
      cache-control:
      - no-cache
      content-length:
      - '667'
      content-type:
      - application/json; charset=utf-8
      date:
      - Tue, 02 Mar 2021 10:42:14 GMT
      expires:
      - '-1'
      pragma:
      - no-cache
      server:
      - Microsoft-HTTPAPI/2.0
      - Microsoft-HTTPAPI/2.0
      strict-transport-security:
      - max-age=31536000; includeSubDomains
      x-content-type-options:
      - nosniff
      x-ms-arm-service-request-id:
      - b1dc22ef-53e3-4a57-9034-7abd6ffbaa4d
      x-ms-ratelimit-remaining-subscription-writes:
      - '1199'
    status:
      code: 201
      message: Created
- request:
    body: null
    headers:
      Accept:
      - '*/*'
      Accept-Encoding:
      - gzip, deflate
      Connection:
      - keep-alive
      User-Agent:
      - azsdk-python-azure-mgmt-network/17.2.0 Python/3.8.7 (Linux-5.4.0-1039-azure-x86_64-with-glibc2.2.5)
        VSTS_0fb41ef4-5012-48a9-bf39-4ee3de03ee35_build_2384_0
    method: GET
    uri: https://management.azure.com/subscriptions/00000000-0000-0000-0000-000000000000/providers/Microsoft.Network/locations/westus/operations/de187228-fec8-4e3d-ab13-59776cfecf18?api-version=2020-08-01
  response:
    body:
      string: "{\r\n  \"status\": \"Succeeded\"\r\n}"
    headers:
      cache-control:
      - no-cache
      content-length:
      - '29'
      content-type:
      - application/json; charset=utf-8
      date:
      - Tue, 02 Mar 2021 10:42:17 GMT
      expires:
      - '-1'
      pragma:
      - no-cache
      server:
      - Microsoft-HTTPAPI/2.0
      - Microsoft-HTTPAPI/2.0
      strict-transport-security:
      - max-age=31536000; includeSubDomains
      transfer-encoding:
      - chunked
      vary:
      - Accept-Encoding
      x-content-type-options:
      - nosniff
      x-ms-arm-service-request-id:
      - 5c11fe91-5e11-4d2a-b122-2c3d447de032
    status:
      code: 200
      message: OK
- request:
    body: null
    headers:
      Accept:
      - '*/*'
      Accept-Encoding:
      - gzip, deflate
      Connection:
      - keep-alive
      User-Agent:
      - azsdk-python-azure-mgmt-network/17.2.0 Python/3.8.7 (Linux-5.4.0-1039-azure-x86_64-with-glibc2.2.5)
        VSTS_0fb41ef4-5012-48a9-bf39-4ee3de03ee35_build_2384_0
    method: GET
    uri: https://management.azure.com/subscriptions/00000000-0000-0000-0000-000000000000/resourceGroups/rgname/providers/Microsoft.Network/publicIPPrefixes/publicipprefixd3db1381?api-version=2020-08-01
  response:
    body:
      string: "{\r\n  \"name\": \"publicipprefixd3db1381\",\r\n  \"id\": \"/subscriptions/00000000-0000-0000-0000-000000000000/resourceGroups/rgname/providers/Microsoft.Network/publicIPPrefixes/publicipprefixd3db1381\",\r\n
        \ \"etag\": \"W/\\\"9e25ccea-bb38-4517-a761-e5d7687a4f00\\\"\",\r\n  \"type\":
        \"Microsoft.Network/publicIPPrefixes\",\r\n  \"location\": \"westus\",\r\n
        \ \"properties\": {\r\n    \"provisioningState\": \"Succeeded\",\r\n    \"resourceGuid\":
        \"1b35d76e-430f-49b0-a8aa-938b2b78ad2c\",\r\n    \"prefixLength\": 30,\r\n
        \   \"publicIPAddressVersion\": \"IPv4\",\r\n    \"ipPrefix\": \"40.85.156.60/30\",\r\n
        \   \"ipTags\": []\r\n  },\r\n  \"sku\": {\r\n    \"name\": \"Standard\",\r\n
        \   \"tier\": \"Regional\"\r\n  }\r\n}"
    headers:
      cache-control:
      - no-cache
      content-length:
      - '704'
      content-type:
      - application/json; charset=utf-8
      date:
      - Tue, 02 Mar 2021 10:42:17 GMT
      etag:
      - W/"9e25ccea-bb38-4517-a761-e5d7687a4f00"
      expires:
      - '-1'
      pragma:
      - no-cache
      server:
      - Microsoft-HTTPAPI/2.0
      - Microsoft-HTTPAPI/2.0
      strict-transport-security:
      - max-age=31536000; includeSubDomains
      transfer-encoding:
      - chunked
      vary:
      - Accept-Encoding
      x-content-type-options:
      - nosniff
      x-ms-arm-service-request-id:
      - 845272a6-b7ee-4884-a54e-f8318328228f
    status:
      code: 200
      message: OK
- request:
    body: '{"location": "eastus"}'
    headers:
      Accept:
      - application/json
      Accept-Encoding:
      - gzip, deflate
      Connection:
      - keep-alive
      Content-Length:
      - '22'
      Content-Type:
      - application/json
      User-Agent:
      - azsdk-python-azure-mgmt-network/17.2.0 Python/3.8.7 (Linux-5.4.0-1039-azure-x86_64-with-glibc2.2.5)
        VSTS_0fb41ef4-5012-48a9-bf39-4ee3de03ee35_build_2384_0
    method: PUT
    uri: https://management.azure.com/subscriptions/00000000-0000-0000-0000-000000000000/resourceGroups/rgname/providers/Microsoft.Network/publicIPAddresses/publicipaddressd3db1381?api-version=2020-08-01
  response:
    body:
      string: "{\r\n  \"name\": \"publicipaddressd3db1381\",\r\n  \"id\": \"/subscriptions/00000000-0000-0000-0000-000000000000/resourceGroups/rgname/providers/Microsoft.Network/publicIPAddresses/publicipaddressd3db1381\",\r\n
        \ \"etag\": \"W/\\\"30b40482-03d4-4582-bb80-c6af7ace2943\\\"\",\r\n  \"location\":
        \"eastus\",\r\n  \"properties\": {\r\n    \"provisioningState\": \"Updating\",\r\n
        \   \"resourceGuid\": \"dab7415d-aebe-47fc-a0de-9cf103beba7d\",\r\n    \"publicIPAddressVersion\":
        \"IPv4\",\r\n    \"publicIPAllocationMethod\": \"Dynamic\",\r\n    \"idleTimeoutInMinutes\":
        4,\r\n    \"ipTags\": []\r\n  },\r\n  \"type\": \"Microsoft.Network/publicIPAddresses\",\r\n
        \ \"sku\": {\r\n    \"name\": \"Basic\",\r\n    \"tier\": \"Regional\"\r\n
        \ }\r\n}"
    headers:
      azure-asyncnotification:
      - Enabled
      azure-asyncoperation:
      - https://management.azure.com/subscriptions/00000000-0000-0000-0000-000000000000/providers/Microsoft.Network/locations/eastus/operations/a353533d-2d38-40b1-a4b0-581015823427?api-version=2020-08-01
      cache-control:
      - no-cache
      content-length:
      - '719'
      content-type:
      - application/json; charset=utf-8
      date:
      - Tue, 02 Mar 2021 10:42:18 GMT
      expires:
      - '-1'
      pragma:
      - no-cache
      server:
      - Microsoft-HTTPAPI/2.0
      - Microsoft-HTTPAPI/2.0
      strict-transport-security:
      - max-age=31536000; includeSubDomains
      x-content-type-options:
      - nosniff
      x-ms-arm-service-request-id:
      - 4006bf1a-b5d5-49e8-b0bb-05144b57b183
      x-ms-ratelimit-remaining-subscription-writes:
      - '1198'
    status:
      code: 201
      message: Created
- request:
    body: null
    headers:
      Accept:
      - '*/*'
      Accept-Encoding:
      - gzip, deflate
      Connection:
      - keep-alive
      User-Agent:
      - azsdk-python-azure-mgmt-network/17.2.0 Python/3.8.7 (Linux-5.4.0-1039-azure-x86_64-with-glibc2.2.5)
        VSTS_0fb41ef4-5012-48a9-bf39-4ee3de03ee35_build_2384_0
    method: GET
    uri: https://management.azure.com/subscriptions/00000000-0000-0000-0000-000000000000/providers/Microsoft.Network/locations/eastus/operations/a353533d-2d38-40b1-a4b0-581015823427?api-version=2020-08-01
  response:
    body:
      string: "{\r\n  \"status\": \"Succeeded\"\r\n}"
    headers:
      cache-control:
      - no-cache
      content-length:
      - '29'
      content-type:
      - application/json; charset=utf-8
      date:
      - Tue, 02 Mar 2021 10:42:19 GMT
      expires:
      - '-1'
      pragma:
      - no-cache
      server:
      - Microsoft-HTTPAPI/2.0
      - Microsoft-HTTPAPI/2.0
      strict-transport-security:
      - max-age=31536000; includeSubDomains
      transfer-encoding:
      - chunked
      vary:
      - Accept-Encoding
      x-content-type-options:
      - nosniff
      x-ms-arm-service-request-id:
      - 7111864b-74aa-4ea5-8768-7eca0f3bf01b
    status:
      code: 200
      message: OK
- request:
    body: null
    headers:
      Accept:
      - '*/*'
      Accept-Encoding:
      - gzip, deflate
      Connection:
      - keep-alive
      User-Agent:
      - azsdk-python-azure-mgmt-network/17.2.0 Python/3.8.7 (Linux-5.4.0-1039-azure-x86_64-with-glibc2.2.5)
        VSTS_0fb41ef4-5012-48a9-bf39-4ee3de03ee35_build_2384_0
    method: GET
    uri: https://management.azure.com/subscriptions/00000000-0000-0000-0000-000000000000/resourceGroups/rgname/providers/Microsoft.Network/publicIPAddresses/publicipaddressd3db1381?api-version=2020-08-01
  response:
    body:
      string: "{\r\n  \"name\": \"publicipaddressd3db1381\",\r\n  \"id\": \"/subscriptions/00000000-0000-0000-0000-000000000000/resourceGroups/rgname/providers/Microsoft.Network/publicIPAddresses/publicipaddressd3db1381\",\r\n
        \ \"etag\": \"W/\\\"124ca9d3-1935-4f33-872f-f0e6447cfcb6\\\"\",\r\n  \"location\":
        \"eastus\",\r\n  \"properties\": {\r\n    \"provisioningState\": \"Succeeded\",\r\n
        \   \"resourceGuid\": \"dab7415d-aebe-47fc-a0de-9cf103beba7d\",\r\n    \"publicIPAddressVersion\":
        \"IPv4\",\r\n    \"publicIPAllocationMethod\": \"Dynamic\",\r\n    \"idleTimeoutInMinutes\":
        4,\r\n    \"ipTags\": []\r\n  },\r\n  \"type\": \"Microsoft.Network/publicIPAddresses\",\r\n
        \ \"sku\": {\r\n    \"name\": \"Basic\",\r\n    \"tier\": \"Regional\"\r\n
        \ }\r\n}"
    headers:
      cache-control:
      - no-cache
      content-length:
      - '720'
      content-type:
      - application/json; charset=utf-8
      date:
      - Tue, 02 Mar 2021 10:42:19 GMT
      etag:
      - W/"124ca9d3-1935-4f33-872f-f0e6447cfcb6"
      expires:
      - '-1'
      pragma:
      - no-cache
      server:
      - Microsoft-HTTPAPI/2.0
      - Microsoft-HTTPAPI/2.0
      strict-transport-security:
      - max-age=31536000; includeSubDomains
      transfer-encoding:
      - chunked
      vary:
      - Accept-Encoding
      x-content-type-options:
      - nosniff
      x-ms-arm-service-request-id:
      - ae3de44d-7042-479f-941d-c720bf8747a1
    status:
      code: 200
      message: OK
- request:
    body: null
    headers:
      Accept:
      - application/json
      Accept-Encoding:
      - gzip, deflate
      Connection:
      - keep-alive
      User-Agent:
      - azsdk-python-azure-mgmt-network/17.2.0 Python/3.8.7 (Linux-5.4.0-1039-azure-x86_64-with-glibc2.2.5)
        VSTS_0fb41ef4-5012-48a9-bf39-4ee3de03ee35_build_2384_0
    method: GET
    uri: https://management.azure.com/subscriptions/00000000-0000-0000-0000-000000000000/resourceGroups/rgname/providers/Microsoft.Network/publicIPAddresses/publicipaddressd3db1381?api-version=2020-08-01
  response:
    body:
      string: "{\r\n  \"name\": \"publicipaddressd3db1381\",\r\n  \"id\": \"/subscriptions/00000000-0000-0000-0000-000000000000/resourceGroups/rgname/providers/Microsoft.Network/publicIPAddresses/publicipaddressd3db1381\",\r\n
        \ \"etag\": \"W/\\\"124ca9d3-1935-4f33-872f-f0e6447cfcb6\\\"\",\r\n  \"location\":
        \"eastus\",\r\n  \"properties\": {\r\n    \"provisioningState\": \"Succeeded\",\r\n
        \   \"resourceGuid\": \"dab7415d-aebe-47fc-a0de-9cf103beba7d\",\r\n    \"publicIPAddressVersion\":
        \"IPv4\",\r\n    \"publicIPAllocationMethod\": \"Dynamic\",\r\n    \"idleTimeoutInMinutes\":
        4,\r\n    \"ipTags\": []\r\n  },\r\n  \"type\": \"Microsoft.Network/publicIPAddresses\",\r\n
        \ \"sku\": {\r\n    \"name\": \"Basic\",\r\n    \"tier\": \"Regional\"\r\n
        \ }\r\n}"
    headers:
      cache-control:
      - no-cache
      content-length:
      - '720'
      content-type:
      - application/json; charset=utf-8
      date:
      - Tue, 02 Mar 2021 10:42:19 GMT
      etag:
      - W/"124ca9d3-1935-4f33-872f-f0e6447cfcb6"
      expires:
      - '-1'
      pragma:
      - no-cache
      server:
      - Microsoft-HTTPAPI/2.0
      - Microsoft-HTTPAPI/2.0
      strict-transport-security:
      - max-age=31536000; includeSubDomains
      transfer-encoding:
      - chunked
      vary:
      - Accept-Encoding
      x-content-type-options:
      - nosniff
      x-ms-arm-service-request-id:
      - 587b729f-7332-45ec-ac25-1ae6e5eff5e0
    status:
      code: 200
      message: OK
- request:
    body: null
    headers:
      Accept:
      - application/json
      Accept-Encoding:
      - gzip, deflate
      Connection:
      - keep-alive
      User-Agent:
      - azsdk-python-azure-mgmt-network/17.2.0 Python/3.8.7 (Linux-5.4.0-1039-azure-x86_64-with-glibc2.2.5)
        VSTS_0fb41ef4-5012-48a9-bf39-4ee3de03ee35_build_2384_0
    method: GET
    uri: https://management.azure.com/subscriptions/00000000-0000-0000-0000-000000000000/resourceGroups/rgname/providers/Microsoft.Network/publicIPPrefixes/publicipprefixd3db1381?api-version=2020-08-01
  response:
    body:
      string: "{\r\n  \"name\": \"publicipprefixd3db1381\",\r\n  \"id\": \"/subscriptions/00000000-0000-0000-0000-000000000000/resourceGroups/rgname/providers/Microsoft.Network/publicIPPrefixes/publicipprefixd3db1381\",\r\n
        \ \"etag\": \"W/\\\"9e25ccea-bb38-4517-a761-e5d7687a4f00\\\"\",\r\n  \"type\":
        \"Microsoft.Network/publicIPPrefixes\",\r\n  \"location\": \"westus\",\r\n
        \ \"properties\": {\r\n    \"provisioningState\": \"Succeeded\",\r\n    \"resourceGuid\":
        \"1b35d76e-430f-49b0-a8aa-938b2b78ad2c\",\r\n    \"prefixLength\": 30,\r\n
        \   \"publicIPAddressVersion\": \"IPv4\",\r\n    \"ipPrefix\": \"40.85.156.60/30\",\r\n
        \   \"ipTags\": []\r\n  },\r\n  \"sku\": {\r\n    \"name\": \"Standard\",\r\n
        \   \"tier\": \"Regional\"\r\n  }\r\n}"
    headers:
      cache-control:
      - no-cache
      content-length:
      - '704'
      content-type:
      - application/json; charset=utf-8
      date:
      - Tue, 02 Mar 2021 10:42:19 GMT
      etag:
      - W/"9e25ccea-bb38-4517-a761-e5d7687a4f00"
      expires:
      - '-1'
      pragma:
      - no-cache
      server:
      - Microsoft-HTTPAPI/2.0
      - Microsoft-HTTPAPI/2.0
      strict-transport-security:
      - max-age=31536000; includeSubDomains
      transfer-encoding:
      - chunked
      vary:
      - Accept-Encoding
      x-content-type-options:
      - nosniff
      x-ms-arm-service-request-id:
      - dd067d47-ef8c-4eae-8a91-8be02e4937f7
    status:
      code: 200
      message: OK
- request:
    body: '{"tags": {"tag1": "value1", "tag2": "value2"}}'
    headers:
      Accept:
      - application/json
      Accept-Encoding:
      - gzip, deflate
      Connection:
      - keep-alive
      Content-Length:
      - '46'
      Content-Type:
      - application/json
      User-Agent:
      - azsdk-python-azure-mgmt-network/17.2.0 Python/3.8.7 (Linux-5.4.0-1039-azure-x86_64-with-glibc2.2.5)
        VSTS_0fb41ef4-5012-48a9-bf39-4ee3de03ee35_build_2384_0
    method: PATCH
    uri: https://management.azure.com/subscriptions/00000000-0000-0000-0000-000000000000/resourceGroups/rgname/providers/Microsoft.Network/publicIPAddresses/publicipaddressd3db1381?api-version=2020-08-01
  response:
    body:
      string: "{\r\n  \"name\": \"publicipaddressd3db1381\",\r\n  \"id\": \"/subscriptions/00000000-0000-0000-0000-000000000000/resourceGroups/rgname/providers/Microsoft.Network/publicIPAddresses/publicipaddressd3db1381\",\r\n
        \ \"etag\": \"W/\\\"149173eb-d3ce-431c-9699-c72d1f455d50\\\"\",\r\n  \"location\":
        \"eastus\",\r\n  \"tags\": {\r\n    \"tag1\": \"value1\",\r\n    \"tag2\":
        \"value2\"\r\n  },\r\n  \"properties\": {\r\n    \"provisioningState\": \"Succeeded\",\r\n
        \   \"resourceGuid\": \"dab7415d-aebe-47fc-a0de-9cf103beba7d\",\r\n    \"publicIPAddressVersion\":
        \"IPv4\",\r\n    \"publicIPAllocationMethod\": \"Dynamic\",\r\n    \"idleTimeoutInMinutes\":
        4,\r\n    \"ipTags\": []\r\n  },\r\n  \"type\": \"Microsoft.Network/publicIPAddresses\",\r\n
        \ \"sku\": {\r\n    \"name\": \"Basic\",\r\n    \"tier\": \"Regional\"\r\n
        \ }\r\n}"
    headers:
      azure-asyncnotification:
      - Enabled
      cache-control:
      - no-cache
      content-length:
      - '784'
      content-type:
      - application/json; charset=utf-8
      date:
      - Tue, 02 Mar 2021 10:42:19 GMT
      expires:
      - '-1'
      pragma:
      - no-cache
      server:
      - Microsoft-HTTPAPI/2.0
      - Microsoft-HTTPAPI/2.0
      strict-transport-security:
      - max-age=31536000; includeSubDomains
      transfer-encoding:
      - chunked
      vary:
      - Accept-Encoding
      x-content-type-options:
      - nosniff
      x-ms-arm-service-request-id:
      - c950570b-db91-4ccf-8889-4c7ab68a0d93
      x-ms-ratelimit-remaining-subscription-writes:
      - '1197'
    status:
      code: 200
      message: OK
- request:
    body: '{"tags": {"tag1": "value1", "tag2": "value2"}}'
    headers:
      Accept:
      - application/json
      Accept-Encoding:
      - gzip, deflate
      Connection:
      - keep-alive
      Content-Length:
      - '46'
      Content-Type:
      - application/json
      User-Agent:
      - azsdk-python-azure-mgmt-network/17.2.0 Python/3.8.7 (Linux-5.4.0-1039-azure-x86_64-with-glibc2.2.5)
        VSTS_0fb41ef4-5012-48a9-bf39-4ee3de03ee35_build_2384_0
    method: PATCH
    uri: https://management.azure.com/subscriptions/00000000-0000-0000-0000-000000000000/resourceGroups/rgname/providers/Microsoft.Network/publicIPPrefixes/publicipprefixd3db1381?api-version=2020-08-01
  response:
    body:
      string: "{\r\n  \"name\": \"publicipprefixd3db1381\",\r\n  \"id\": \"/subscriptions/00000000-0000-0000-0000-000000000000/resourceGroups/rgname/providers/Microsoft.Network/publicIPPrefixes/publicipprefixd3db1381\",\r\n
        \ \"etag\": \"W/\\\"14ddcbf6-afc2-4d3f-b393-188a87c5adf4\\\"\",\r\n  \"type\":
        \"Microsoft.Network/publicIPPrefixes\",\r\n  \"location\": \"westus\",\r\n
        \ \"tags\": {\r\n    \"tag1\": \"value1\",\r\n    \"tag2\": \"value2\"\r\n
        \ },\r\n  \"properties\": {\r\n    \"provisioningState\": \"Succeeded\",\r\n
        \   \"resourceGuid\": \"1b35d76e-430f-49b0-a8aa-938b2b78ad2c\",\r\n    \"prefixLength\":
        30,\r\n    \"publicIPAddressVersion\": \"IPv4\",\r\n    \"ipPrefix\": \"40.85.156.60/30\",\r\n
        \   \"ipTags\": []\r\n  },\r\n  \"sku\": {\r\n    \"name\": \"Standard\",\r\n
        \   \"tier\": \"Regional\"\r\n  }\r\n}"
    headers:
      azure-asyncnotification:
      - Enabled
      cache-control:
      - no-cache
      content-length:
      - '768'
      content-type:
      - application/json; charset=utf-8
      date:
      - Tue, 02 Mar 2021 10:42:19 GMT
      expires:
      - '-1'
      pragma:
      - no-cache
      server:
      - Microsoft-HTTPAPI/2.0
      - Microsoft-HTTPAPI/2.0
      strict-transport-security:
      - max-age=31536000; includeSubDomains
      transfer-encoding:
      - chunked
      vary:
      - Accept-Encoding
      x-content-type-options:
      - nosniff
      x-ms-arm-service-request-id:
      - 65d6ad33-ab9b-425e-b5e8-392f1219dfac
      x-ms-ratelimit-remaining-subscription-writes:
      - '1196'
    status:
      code: 200
      message: OK
- request:
    body: null
    headers:
      Accept:
      - application/json
      Accept-Encoding:
      - gzip, deflate
      Connection:
      - keep-alive
      Content-Length:
      - '0'
      User-Agent:
      - azsdk-python-azure-mgmt-network/17.2.0 Python/3.8.7 (Linux-5.4.0-1039-azure-x86_64-with-glibc2.2.5)
        VSTS_0fb41ef4-5012-48a9-bf39-4ee3de03ee35_build_2384_0
    method: DELETE
    uri: https://management.azure.com/subscriptions/00000000-0000-0000-0000-000000000000/resourceGroups/rgname/providers/Microsoft.Network/publicIPAddresses/publicipaddressd3db1381?api-version=2020-08-01
  response:
    body:
      string: ''
    headers:
      azure-asyncnotification:
      - Enabled
      azure-asyncoperation:
      - https://management.azure.com/subscriptions/00000000-0000-0000-0000-000000000000/providers/Microsoft.Network/locations/eastus/operations/f6255413-e1b5-46cb-916f-356b43cda39d?api-version=2020-08-01
      cache-control:
      - no-cache
      content-length:
      - '0'
      date:
      - Tue, 02 Mar 2021 10:42:20 GMT
      expires:
      - '-1'
      location:
      - https://management.azure.com/subscriptions/00000000-0000-0000-0000-000000000000/providers/Microsoft.Network/locations/eastus/operationResults/f6255413-e1b5-46cb-916f-356b43cda39d?api-version=2020-08-01
      pragma:
      - no-cache
      server:
      - Microsoft-HTTPAPI/2.0
      - Microsoft-HTTPAPI/2.0
      strict-transport-security:
      - max-age=31536000; includeSubDomains
      x-content-type-options:
      - nosniff
      x-ms-arm-service-request-id:
      - e3a1c352-7c18-4a25-864e-228dd6e8d6e5
      x-ms-ratelimit-remaining-subscription-deletes:
      - '14999'
    status:
      code: 202
      message: Accepted
- request:
    body: null
    headers:
      Accept:
      - '*/*'
      Accept-Encoding:
      - gzip, deflate
      Connection:
      - keep-alive
      User-Agent:
      - azsdk-python-azure-mgmt-network/17.2.0 Python/3.8.7 (Linux-5.4.0-1039-azure-x86_64-with-glibc2.2.5)
        VSTS_0fb41ef4-5012-48a9-bf39-4ee3de03ee35_build_2384_0
    method: GET
    uri: https://management.azure.com/subscriptions/00000000-0000-0000-0000-000000000000/providers/Microsoft.Network/locations/eastus/operations/f6255413-e1b5-46cb-916f-356b43cda39d?api-version=2020-08-01
  response:
    body:
      string: "{\r\n  \"status\": \"Succeeded\"\r\n}"
    headers:
      cache-control:
      - no-cache
      content-length:
      - '29'
      content-type:
      - application/json; charset=utf-8
      date:
      - Tue, 02 Mar 2021 10:42:30 GMT
      expires:
      - '-1'
      pragma:
      - no-cache
      server:
      - Microsoft-HTTPAPI/2.0
      - Microsoft-HTTPAPI/2.0
      strict-transport-security:
      - max-age=31536000; includeSubDomains
      transfer-encoding:
      - chunked
      vary:
      - Accept-Encoding
      x-content-type-options:
      - nosniff
      x-ms-arm-service-request-id:
      - 42797315-99c0-4507-b69c-a93da5902485
    status:
      code: 200
      message: OK
- request:
    body: null
    headers:
      Accept:
      - application/json
      Accept-Encoding:
      - gzip, deflate
      Connection:
      - keep-alive
      Content-Length:
      - '0'
      User-Agent:
      - azsdk-python-azure-mgmt-network/17.2.0 Python/3.8.7 (Linux-5.4.0-1039-azure-x86_64-with-glibc2.2.5)
        VSTS_0fb41ef4-5012-48a9-bf39-4ee3de03ee35_build_2384_0
    method: DELETE
    uri: https://management.azure.com/subscriptions/00000000-0000-0000-0000-000000000000/resourceGroups/rgname/providers/Microsoft.Network/publicIPPrefixes/publicipprefixd3db1381?api-version=2020-08-01
  response:
    body:
      string: ''
    headers:
      azure-asyncnotification:
      - Enabled
      azure-asyncoperation:
      - https://management.azure.com/subscriptions/00000000-0000-0000-0000-000000000000/providers/Microsoft.Network/locations/westus/operations/dfd2f357-e781-4e82-bdf7-264eea697fb8?api-version=2020-08-01
      cache-control:
      - no-cache
      content-length:
      - '0'
      date:
      - Tue, 02 Mar 2021 10:42:30 GMT
      expires:
      - '-1'
      location:
      - https://management.azure.com/subscriptions/00000000-0000-0000-0000-000000000000/providers/Microsoft.Network/locations/westus/operationResults/dfd2f357-e781-4e82-bdf7-264eea697fb8?api-version=2020-08-01
      pragma:
      - no-cache
      server:
      - Microsoft-HTTPAPI/2.0
      - Microsoft-HTTPAPI/2.0
      strict-transport-security:
      - max-age=31536000; includeSubDomains
      x-content-type-options:
      - nosniff
      x-ms-arm-service-request-id:
      - b8861090-99fa-42d6-91a8-ae48ad9398f4
      x-ms-ratelimit-remaining-subscription-deletes:
      - '14998'
    status:
      code: 202
      message: Accepted
- request:
    body: null
    headers:
      Accept:
      - '*/*'
      Accept-Encoding:
      - gzip, deflate
      Connection:
      - keep-alive
      User-Agent:
      - azsdk-python-azure-mgmt-network/17.2.0 Python/3.8.7 (Linux-5.4.0-1039-azure-x86_64-with-glibc2.2.5)
        VSTS_0fb41ef4-5012-48a9-bf39-4ee3de03ee35_build_2384_0
    method: GET
    uri: https://management.azure.com/subscriptions/00000000-0000-0000-0000-000000000000/providers/Microsoft.Network/locations/westus/operations/dfd2f357-e781-4e82-bdf7-264eea697fb8?api-version=2020-08-01
  response:
    body:
      string: "{\r\n  \"status\": \"Succeeded\"\r\n}"
    headers:
      cache-control:
      - no-cache
      content-length:
      - '29'
      content-type:
      - application/json; charset=utf-8
      date:
      - Tue, 02 Mar 2021 10:42:40 GMT
      expires:
      - '-1'
      pragma:
      - no-cache
      server:
      - Microsoft-HTTPAPI/2.0
      - Microsoft-HTTPAPI/2.0
      strict-transport-security:
      - max-age=31536000; includeSubDomains
      transfer-encoding:
      - chunked
      vary:
      - Accept-Encoding
      x-content-type-options:
      - nosniff
      x-ms-arm-service-request-id:
      - d0d8c052-c3e1-41b1-9299-ff1a6020664a
    status:
      code: 200
      message: OK
version: 1
