interactions:
- request:
    body: '{"location": "eastus", "properties": {"addressSpace": {"addressPrefixes":
      ["10.0.0.0/16"]}}}'
    headers:
      Accept:
      - application/json
      Accept-Encoding:
      - gzip, deflate
      Connection:
      - keep-alive
      Content-Length:
      - '92'
      Content-Type:
      - application/json
      User-Agent:
      - azsdk-python-azure-mgmt-network/17.0.0 Python/3.7.3 (Windows-10-10.0.19041-SP0)
    method: PUT
    uri: https://management.azure.com/subscriptions/00000000-0000-0000-0000-000000000000/resourceGroups/rgname/providers/Microsoft.Network/virtualNetworks/virtualnetwork?api-version=2020-07-01
  response:
    body:
      string: "{\r\n  \"name\": \"virtualnetwork\",\r\n  \"id\": \"/subscriptions/00000000-0000-0000-0000-000000000000/resourceGroups/rgname/providers/Microsoft.Network/virtualNetworks/virtualnetwork\",\r\n
        \ \"etag\": \"W/\\\"b8438c56-4e5a-46a1-b8cd-021d13281b57\\\"\",\r\n  \"type\":
        \"Microsoft.Network/virtualNetworks\",\r\n  \"location\": \"eastus\",\r\n
        \ \"properties\": {\r\n    \"provisioningState\": \"Updating\",\r\n    \"resourceGuid\":
        \"96040423-f6a7-452e-b11c-25c962b5949f\",\r\n    \"addressSpace\": {\r\n      \"addressPrefixes\":
        [\r\n        \"10.0.0.0/16\"\r\n      ]\r\n    },\r\n    \"subnets\": [],\r\n
        \   \"virtualNetworkPeerings\": [],\r\n    \"enableDdosProtection\": false,\r\n
        \   \"enableVmProtection\": false\r\n  }\r\n}"
    headers:
      azure-asyncnotification:
      - Enabled
      azure-asyncoperation:
      - https://management.azure.com/subscriptions/00000000-0000-0000-0000-000000000000/providers/Microsoft.Network/locations/eastus/operations/3c2639d1-fa7f-4b42-9e48-5df4e837e977?api-version=2020-07-01
      cache-control:
      - no-cache
      content-length:
      - '715'
      content-type:
      - application/json; charset=utf-8
      date:
      - Thu, 26 Nov 2020 06:47:26 GMT
      expires:
      - '-1'
      pragma:
      - no-cache
      server:
      - Microsoft-HTTPAPI/2.0
      - Microsoft-HTTPAPI/2.0
      strict-transport-security:
      - max-age=31536000; includeSubDomains
      x-content-type-options:
      - nosniff
      x-ms-arm-service-request-id:
      - 203d6dac-bf9b-4a95-853f-2b3c229967b8
      x-ms-ratelimit-remaining-subscription-writes:
      - '1199'
    status:
      code: 201
      message: Created
- request:
    body: null
    headers:
      Accept:
      - '*/*'
      Accept-Encoding:
      - gzip, deflate
      Connection:
      - keep-alive
      User-Agent:
      - azsdk-python-azure-mgmt-network/17.0.0 Python/3.7.3 (Windows-10-10.0.19041-SP0)
    method: GET
    uri: https://management.azure.com/subscriptions/00000000-0000-0000-0000-000000000000/providers/Microsoft.Network/locations/eastus/operations/3c2639d1-fa7f-4b42-9e48-5df4e837e977?api-version=2020-07-01
  response:
    body:
      string: "{\r\n  \"status\": \"Succeeded\"\r\n}"
    headers:
      cache-control:
      - no-cache
      content-length:
      - '29'
      content-type:
      - application/json; charset=utf-8
      date:
      - Thu, 26 Nov 2020 06:47:30 GMT
      expires:
      - '-1'
      pragma:
      - no-cache
      server:
      - Microsoft-HTTPAPI/2.0
      - Microsoft-HTTPAPI/2.0
      strict-transport-security:
      - max-age=31536000; includeSubDomains
      transfer-encoding:
      - chunked
      vary:
      - Accept-Encoding
      x-content-type-options:
      - nosniff
      x-ms-arm-service-request-id:
      - b868dd4f-4e3a-45b8-8f28-0221ba867e72
    status:
      code: 200
      message: OK
- request:
    body: null
    headers:
      Accept:
      - '*/*'
      Accept-Encoding:
      - gzip, deflate
      Connection:
      - keep-alive
      User-Agent:
      - azsdk-python-azure-mgmt-network/17.0.0 Python/3.7.3 (Windows-10-10.0.19041-SP0)
    method: GET
    uri: https://management.azure.com/subscriptions/00000000-0000-0000-0000-000000000000/resourceGroups/rgname/providers/Microsoft.Network/virtualNetworks/virtualnetwork?api-version=2020-07-01
  response:
    body:
      string: "{\r\n  \"name\": \"virtualnetwork\",\r\n  \"id\": \"/subscriptions/00000000-0000-0000-0000-000000000000/resourceGroups/rgname/providers/Microsoft.Network/virtualNetworks/virtualnetwork\",\r\n
        \ \"etag\": \"W/\\\"ad81240d-128a-46d9-99c5-bda6fc0c6f38\\\"\",\r\n  \"type\":
        \"Microsoft.Network/virtualNetworks\",\r\n  \"location\": \"eastus\",\r\n
        \ \"properties\": {\r\n    \"provisioningState\": \"Succeeded\",\r\n    \"resourceGuid\":
        \"96040423-f6a7-452e-b11c-25c962b5949f\",\r\n    \"addressSpace\": {\r\n      \"addressPrefixes\":
        [\r\n        \"10.0.0.0/16\"\r\n      ]\r\n    },\r\n    \"subnets\": [],\r\n
        \   \"virtualNetworkPeerings\": [],\r\n    \"enableDdosProtection\": false,\r\n
        \   \"enableVmProtection\": false\r\n  }\r\n}"
    headers:
      cache-control:
      - no-cache
      content-length:
      - '716'
      content-type:
      - application/json; charset=utf-8
      date:
      - Thu, 26 Nov 2020 06:47:30 GMT
      etag:
      - W/"ad81240d-128a-46d9-99c5-bda6fc0c6f38"
      expires:
      - '-1'
      pragma:
      - no-cache
      server:
      - Microsoft-HTTPAPI/2.0
      - Microsoft-HTTPAPI/2.0
      strict-transport-security:
      - max-age=31536000; includeSubDomains
      transfer-encoding:
      - chunked
      vary:
      - Accept-Encoding
      x-content-type-options:
      - nosniff
      x-ms-arm-service-request-id:
      - 79380a3b-9b48-4870-93c6-611ea900fc63
    status:
      code: 200
      message: OK
- request:
    body: '{"properties": {"addressPrefix": "10.0.0.0/24", "privateLinkServiceNetworkPolicies":
      "disabled"}}'
    headers:
      Accept:
      - application/json
      Accept-Encoding:
      - gzip, deflate
      Connection:
      - keep-alive
      Content-Length:
      - '97'
      Content-Type:
      - application/json
      User-Agent:
      - azsdk-python-azure-mgmt-network/17.0.0 Python/3.7.3 (Windows-10-10.0.19041-SP0)
    method: PUT
    uri: https://management.azure.com/subscriptions/00000000-0000-0000-0000-000000000000/resourceGroups/rgname/providers/Microsoft.Network/virtualNetworks/virtualnetwork/subnets/subnet1?api-version=2020-07-01
  response:
    body:
      string: "{\r\n  \"name\": \"subnet1\",\r\n  \"id\": \"/subscriptions/00000000-0000-0000-0000-000000000000/resourceGroups/rgname/providers/Microsoft.Network/virtualNetworks/virtualnetwork/subnets/subnet1\",\r\n
        \ \"etag\": \"W/\\\"d6cb2130-8764-4f23-b969-fae7158a5b98\\\"\",\r\n  \"properties\":
        {\r\n    \"provisioningState\": \"Updating\",\r\n    \"addressPrefix\": \"10.0.0.0/24\",\r\n
        \   \"delegations\": [],\r\n    \"privateEndpointNetworkPolicies\": \"Enabled\",\r\n
        \   \"privateLinkServiceNetworkPolicies\": \"Disabled\"\r\n  },\r\n  \"type\":
        \"Microsoft.Network/virtualNetworks/subnets\"\r\n}"
    headers:
      azure-asyncoperation:
      - https://management.azure.com/subscriptions/00000000-0000-0000-0000-000000000000/providers/Microsoft.Network/locations/eastus/operations/52412656-6f95-4b75-99e9-b4e7c482feb5?api-version=2020-07-01
      cache-control:
      - no-cache
      content-length:
      - '595'
      content-type:
      - application/json; charset=utf-8
      date:
      - Thu, 26 Nov 2020 06:47:31 GMT
      expires:
      - '-1'
      pragma:
      - no-cache
      server:
      - Microsoft-HTTPAPI/2.0
      - Microsoft-HTTPAPI/2.0
      strict-transport-security:
      - max-age=31536000; includeSubDomains
      x-content-type-options:
      - nosniff
      x-ms-arm-service-request-id:
      - 79e7ef13-8f0f-4991-bd06-86ee9529698d
      x-ms-ratelimit-remaining-subscription-writes:
      - '1198'
    status:
      code: 201
      message: Created
- request:
    body: null
    headers:
      Accept:
      - '*/*'
      Accept-Encoding:
      - gzip, deflate
      Connection:
      - keep-alive
      User-Agent:
      - azsdk-python-azure-mgmt-network/17.0.0 Python/3.7.3 (Windows-10-10.0.19041-SP0)
    method: GET
    uri: https://management.azure.com/subscriptions/00000000-0000-0000-0000-000000000000/providers/Microsoft.Network/locations/eastus/operations/52412656-6f95-4b75-99e9-b4e7c482feb5?api-version=2020-07-01
  response:
    body:
      string: "{\r\n  \"status\": \"Succeeded\"\r\n}"
    headers:
      cache-control:
      - no-cache
      content-length:
      - '29'
      content-type:
      - application/json; charset=utf-8
      date:
      - Thu, 26 Nov 2020 06:47:34 GMT
      expires:
      - '-1'
      pragma:
      - no-cache
      server:
      - Microsoft-HTTPAPI/2.0
      - Microsoft-HTTPAPI/2.0
      strict-transport-security:
      - max-age=31536000; includeSubDomains
      transfer-encoding:
      - chunked
      vary:
      - Accept-Encoding
      x-content-type-options:
      - nosniff
      x-ms-arm-service-request-id:
      - c7157704-a436-4df5-a540-b24aa93c0576
    status:
      code: 200
      message: OK
- request:
    body: null
    headers:
      Accept:
      - '*/*'
      Accept-Encoding:
      - gzip, deflate
      Connection:
      - keep-alive
      User-Agent:
      - azsdk-python-azure-mgmt-network/17.0.0 Python/3.7.3 (Windows-10-10.0.19041-SP0)
    method: GET
    uri: https://management.azure.com/subscriptions/00000000-0000-0000-0000-000000000000/resourceGroups/rgname/providers/Microsoft.Network/virtualNetworks/virtualnetwork/subnets/subnet1?api-version=2020-07-01
  response:
    body:
      string: "{\r\n  \"name\": \"subnet1\",\r\n  \"id\": \"/subscriptions/00000000-0000-0000-0000-000000000000/resourceGroups/rgname/providers/Microsoft.Network/virtualNetworks/virtualnetwork/subnets/subnet1\",\r\n
        \ \"etag\": \"W/\\\"c4f507d4-b463-4393-a978-50f79081546c\\\"\",\r\n  \"properties\":
        {\r\n    \"provisioningState\": \"Succeeded\",\r\n    \"addressPrefix\": \"10.0.0.0/24\",\r\n
        \   \"delegations\": [],\r\n    \"privateEndpointNetworkPolicies\": \"Enabled\",\r\n
        \   \"privateLinkServiceNetworkPolicies\": \"Disabled\"\r\n  },\r\n  \"type\":
        \"Microsoft.Network/virtualNetworks/subnets\"\r\n}"
    headers:
      cache-control:
      - no-cache
      content-length:
      - '596'
      content-type:
      - application/json; charset=utf-8
      date:
      - Thu, 26 Nov 2020 06:47:35 GMT
      etag:
      - W/"c4f507d4-b463-4393-a978-50f79081546c"
      expires:
      - '-1'
      pragma:
      - no-cache
      server:
      - Microsoft-HTTPAPI/2.0
      - Microsoft-HTTPAPI/2.0
      strict-transport-security:
      - max-age=31536000; includeSubDomains
      transfer-encoding:
      - chunked
      vary:
      - Accept-Encoding
      x-content-type-options:
      - nosniff
      x-ms-arm-service-request-id:
      - 195e92a7-f5f5-44b0-8790-3acfb20ae3a2
    status:
      code: 200
      message: OK
- request:
    body: '{"properties": {"addressPrefix": "10.0.1.0/24", "privateEndpointNetworkPolicies":
      "disabled"}}'
    headers:
      Accept:
      - application/json
      Accept-Encoding:
      - gzip, deflate
      Connection:
      - keep-alive
      Content-Length:
      - '94'
      Content-Type:
      - application/json
      User-Agent:
      - azsdk-python-azure-mgmt-network/17.0.0 Python/3.7.3 (Windows-10-10.0.19041-SP0)
    method: PUT
    uri: https://management.azure.com/subscriptions/00000000-0000-0000-0000-000000000000/resourceGroups/rgname/providers/Microsoft.Network/virtualNetworks/virtualnetwork/subnets/subnet2?api-version=2020-07-01
  response:
    body:
      string: "{\r\n  \"name\": \"subnet2\",\r\n  \"id\": \"/subscriptions/00000000-0000-0000-0000-000000000000/resourceGroups/rgname/providers/Microsoft.Network/virtualNetworks/virtualnetwork/subnets/subnet2\",\r\n
        \ \"etag\": \"W/\\\"212102af-f2f3-44e8-823c-aa0b0e8ef9c0\\\"\",\r\n  \"properties\":
        {\r\n    \"provisioningState\": \"Updating\",\r\n    \"addressPrefix\": \"10.0.1.0/24\",\r\n
        \   \"delegations\": [],\r\n    \"privateEndpointNetworkPolicies\": \"Disabled\",\r\n
        \   \"privateLinkServiceNetworkPolicies\": \"Enabled\"\r\n  },\r\n  \"type\":
        \"Microsoft.Network/virtualNetworks/subnets\"\r\n}"
    headers:
      azure-asyncoperation:
      - https://management.azure.com/subscriptions/00000000-0000-0000-0000-000000000000/providers/Microsoft.Network/locations/eastus/operations/6ea5e3d3-5c02-4f55-a4cf-d55b43106f41?api-version=2020-07-01
      cache-control:
      - no-cache
      content-length:
      - '595'
      content-type:
      - application/json; charset=utf-8
      date:
      - Thu, 26 Nov 2020 06:47:35 GMT
      expires:
      - '-1'
      pragma:
      - no-cache
      server:
      - Microsoft-HTTPAPI/2.0
      - Microsoft-HTTPAPI/2.0
      strict-transport-security:
      - max-age=31536000; includeSubDomains
      x-content-type-options:
      - nosniff
      x-ms-arm-service-request-id:
      - 060975ae-ed61-4d00-b441-9b2a267056d9
      x-ms-ratelimit-remaining-subscription-writes:
      - '1197'
    status:
      code: 201
      message: Created
- request:
    body: null
    headers:
      Accept:
      - '*/*'
      Accept-Encoding:
      - gzip, deflate
      Connection:
      - keep-alive
      User-Agent:
      - azsdk-python-azure-mgmt-network/17.0.0 Python/3.7.3 (Windows-10-10.0.19041-SP0)
    method: GET
    uri: https://management.azure.com/subscriptions/00000000-0000-0000-0000-000000000000/providers/Microsoft.Network/locations/eastus/operations/6ea5e3d3-5c02-4f55-a4cf-d55b43106f41?api-version=2020-07-01
  response:
    body:
      string: "{\r\n  \"status\": \"Succeeded\"\r\n}"
    headers:
      cache-control:
      - no-cache
      content-length:
      - '29'
      content-type:
      - application/json; charset=utf-8
      date:
      - Thu, 26 Nov 2020 06:47:38 GMT
      expires:
      - '-1'
      pragma:
      - no-cache
      server:
      - Microsoft-HTTPAPI/2.0
      - Microsoft-HTTPAPI/2.0
      strict-transport-security:
      - max-age=31536000; includeSubDomains
      transfer-encoding:
      - chunked
      vary:
      - Accept-Encoding
      x-content-type-options:
      - nosniff
      x-ms-arm-service-request-id:
      - 0fce5554-d4de-46ce-866c-f69c6ef0ed84
    status:
      code: 200
      message: OK
- request:
    body: null
    headers:
      Accept:
      - '*/*'
      Accept-Encoding:
      - gzip, deflate
      Connection:
      - keep-alive
      User-Agent:
      - azsdk-python-azure-mgmt-network/17.0.0 Python/3.7.3 (Windows-10-10.0.19041-SP0)
    method: GET
    uri: https://management.azure.com/subscriptions/00000000-0000-0000-0000-000000000000/resourceGroups/rgname/providers/Microsoft.Network/virtualNetworks/virtualnetwork/subnets/subnet2?api-version=2020-07-01
  response:
    body:
      string: "{\r\n  \"name\": \"subnet2\",\r\n  \"id\": \"/subscriptions/00000000-0000-0000-0000-000000000000/resourceGroups/rgname/providers/Microsoft.Network/virtualNetworks/virtualnetwork/subnets/subnet2\",\r\n
        \ \"etag\": \"W/\\\"b54c7b15-198d-4b09-a8cb-3d860588a283\\\"\",\r\n  \"properties\":
        {\r\n    \"provisioningState\": \"Succeeded\",\r\n    \"addressPrefix\": \"10.0.1.0/24\",\r\n
        \   \"delegations\": [],\r\n    \"privateEndpointNetworkPolicies\": \"Disabled\",\r\n
        \   \"privateLinkServiceNetworkPolicies\": \"Enabled\"\r\n  },\r\n  \"type\":
        \"Microsoft.Network/virtualNetworks/subnets\"\r\n}"
    headers:
      cache-control:
      - no-cache
      content-length:
      - '596'
      content-type:
      - application/json; charset=utf-8
      date:
      - Thu, 26 Nov 2020 06:47:39 GMT
      etag:
      - W/"b54c7b15-198d-4b09-a8cb-3d860588a283"
      expires:
      - '-1'
      pragma:
      - no-cache
      server:
      - Microsoft-HTTPAPI/2.0
      - Microsoft-HTTPAPI/2.0
      strict-transport-security:
      - max-age=31536000; includeSubDomains
      transfer-encoding:
      - chunked
      vary:
      - Accept-Encoding
      x-content-type-options:
      - nosniff
      x-ms-arm-service-request-id:
      - 9bce6c74-f69b-4617-b661-3b13ed92866a
    status:
      code: 200
      message: OK
- request:
    body: '{"location": "eastus", "sku": {"name": "Standard"}, "properties": {"frontendIPConfigurations":
      [{"name": "myIPConfiguration", "properties": {"subnet": {"id": "/subscriptions/00000000-0000-0000-0000-000000000000/resourceGroups/rgname/providers/Microsoft.Network/virtualNetworks/virtualnetwork/subnets/subnet1"}}}]}}'
    headers:
      Accept:
      - application/json
      Accept-Encoding:
      - gzip, deflate
      Connection:
      - keep-alive
      Content-Length:
      - '383'
      Content-Type:
      - application/json
      User-Agent:
      - azsdk-python-azure-mgmt-network/17.0.0 Python/3.7.3 (Windows-10-10.0.19041-SP0)
    method: PUT
    uri: https://management.azure.com/subscriptions/00000000-0000-0000-0000-000000000000/resourceGroups/rgname/providers/Microsoft.Network/loadBalancers/loadbalancer?api-version=2020-07-01
  response:
    body:
      string: "{\r\n  \"name\": \"loadbalancer\",\r\n  \"id\": \"/subscriptions/00000000-0000-0000-0000-000000000000/resourceGroups/rgname/providers/Microsoft.Network/loadBalancers/loadbalancer\",\r\n
        \ \"etag\": \"W/\\\"b93f01bd-dd87-4a1b-abb8-92854b0be36d\\\"\",\r\n  \"type\":
        \"Microsoft.Network/loadBalancers\",\r\n  \"location\": \"eastus\",\r\n  \"properties\":
        {\r\n    \"provisioningState\": \"Updating\",\r\n    \"resourceGuid\": \"5594153f-5d4a-4b8e-95a2-2fb7de1262d1\",\r\n
        \   \"frontendIPConfigurations\": [\r\n      {\r\n        \"name\": \"myIPConfiguration\",\r\n
        \       \"id\": \"/subscriptions/00000000-0000-0000-0000-000000000000/resourceGroups/rgname/providers/Microsoft.Network/loadBalancers/loadbalancer/frontendIPConfigurations/myIPConfiguration\",\r\n
        \       \"etag\": \"W/\\\"b93f01bd-dd87-4a1b-abb8-92854b0be36d\\\"\",\r\n
        \       \"type\": \"Microsoft.Network/loadBalancers/frontendIPConfigurations\",\r\n
        \       \"properties\": {\r\n          \"provisioningState\": \"Updating\",\r\n
        \         \"privateIPAddress\": \"10.0.0.4\",\r\n          \"privateIPAllocationMethod\":
        \"Dynamic\",\r\n          \"subnet\": {\r\n            \"id\": \"/subscriptions/00000000-0000-0000-0000-000000000000/resourceGroups/rgname/providers/Microsoft.Network/virtualNetworks/virtualnetwork/subnets/subnet1\"\r\n
        \         },\r\n          \"privateIPAddressVersion\": \"IPv4\"\r\n        }\r\n
        \     }\r\n    ],\r\n    \"backendAddressPools\": [],\r\n    \"loadBalancingRules\":
        [],\r\n    \"probes\": [],\r\n    \"inboundNatRules\": [],\r\n    \"outboundRules\":
        [],\r\n    \"inboundNatPools\": []\r\n  },\r\n  \"sku\": {\r\n    \"name\":
        \"Standard\",\r\n    \"tier\": \"Regional\"\r\n  }\r\n}"
    headers:
      azure-asyncnotification:
      - Enabled
      azure-asyncoperation:
      - https://management.azure.com/subscriptions/00000000-0000-0000-0000-000000000000/providers/Microsoft.Network/locations/eastus/operations/9d457b55-cd75-4c22-b762-eed34d74c6bf?api-version=2020-07-01
      cache-control:
      - no-cache
      content-length:
      - '1715'
      content-type:
      - application/json; charset=utf-8
      date:
      - Thu, 26 Nov 2020 06:47:44 GMT
      expires:
      - '-1'
      pragma:
      - no-cache
      server:
      - Microsoft-HTTPAPI/2.0
      - Microsoft-HTTPAPI/2.0
      strict-transport-security:
      - max-age=31536000; includeSubDomains
      x-content-type-options:
      - nosniff
      x-ms-arm-service-request-id:
      - 6022bb2f-f249-4676-bd69-f9d1803a4270
      x-ms-ratelimit-remaining-subscription-writes:
      - '1196'
    status:
      code: 201
      message: Created
- request:
    body: null
    headers:
      Accept:
      - '*/*'
      Accept-Encoding:
      - gzip, deflate
      Connection:
      - keep-alive
      User-Agent:
      - azsdk-python-azure-mgmt-network/17.0.0 Python/3.7.3 (Windows-10-10.0.19041-SP0)
    method: GET
    uri: https://management.azure.com/subscriptions/00000000-0000-0000-0000-000000000000/providers/Microsoft.Network/locations/eastus/operations/9d457b55-cd75-4c22-b762-eed34d74c6bf?api-version=2020-07-01
  response:
    body:
      string: "{\r\n  \"status\": \"Succeeded\"\r\n}"
    headers:
      cache-control:
      - no-cache
      content-length:
      - '29'
      content-type:
      - application/json; charset=utf-8
      date:
      - Thu, 26 Nov 2020 06:47:54 GMT
      expires:
      - '-1'
      pragma:
      - no-cache
      server:
      - Microsoft-HTTPAPI/2.0
      - Microsoft-HTTPAPI/2.0
      strict-transport-security:
      - max-age=31536000; includeSubDomains
      transfer-encoding:
      - chunked
      vary:
      - Accept-Encoding
      x-content-type-options:
      - nosniff
      x-ms-arm-service-request-id:
      - 57d38ab4-46a1-446c-8e5a-a58903b44324
    status:
      code: 200
      message: OK
- request:
    body: null
    headers:
      Accept:
      - '*/*'
      Accept-Encoding:
      - gzip, deflate
      Connection:
      - keep-alive
      User-Agent:
      - azsdk-python-azure-mgmt-network/17.0.0 Python/3.7.3 (Windows-10-10.0.19041-SP0)
    method: GET
    uri: https://management.azure.com/subscriptions/00000000-0000-0000-0000-000000000000/resourceGroups/rgname/providers/Microsoft.Network/loadBalancers/loadbalancer?api-version=2020-07-01
  response:
    body:
      string: "{\r\n  \"name\": \"loadbalancer\",\r\n  \"id\": \"/subscriptions/00000000-0000-0000-0000-000000000000/resourceGroups/rgname/providers/Microsoft.Network/loadBalancers/loadbalancer\",\r\n
        \ \"etag\": \"W/\\\"9e24181f-66ae-4f51-ad88-02344c0078e8\\\"\",\r\n  \"type\":
        \"Microsoft.Network/loadBalancers\",\r\n  \"location\": \"eastus\",\r\n  \"properties\":
        {\r\n    \"provisioningState\": \"Succeeded\",\r\n    \"resourceGuid\": \"5594153f-5d4a-4b8e-95a2-2fb7de1262d1\",\r\n
        \   \"frontendIPConfigurations\": [\r\n      {\r\n        \"name\": \"myIPConfiguration\",\r\n
        \       \"id\": \"/subscriptions/00000000-0000-0000-0000-000000000000/resourceGroups/rgname/providers/Microsoft.Network/loadBalancers/loadbalancer/frontendIPConfigurations/myIPConfiguration\",\r\n
        \       \"etag\": \"W/\\\"9e24181f-66ae-4f51-ad88-02344c0078e8\\\"\",\r\n
        \       \"type\": \"Microsoft.Network/loadBalancers/frontendIPConfigurations\",\r\n
        \       \"properties\": {\r\n          \"provisioningState\": \"Succeeded\",\r\n
        \         \"privateIPAddress\": \"10.0.0.4\",\r\n          \"privateIPAllocationMethod\":
        \"Dynamic\",\r\n          \"subnet\": {\r\n            \"id\": \"/subscriptions/00000000-0000-0000-0000-000000000000/resourceGroups/rgname/providers/Microsoft.Network/virtualNetworks/virtualnetwork/subnets/subnet1\"\r\n
        \         },\r\n          \"privateIPAddressVersion\": \"IPv4\"\r\n        }\r\n
        \     }\r\n    ],\r\n    \"backendAddressPools\": [],\r\n    \"loadBalancingRules\":
        [],\r\n    \"probes\": [],\r\n    \"inboundNatRules\": [],\r\n    \"outboundRules\":
        [],\r\n    \"inboundNatPools\": []\r\n  },\r\n  \"sku\": {\r\n    \"name\":
        \"Standard\",\r\n    \"tier\": \"Regional\"\r\n  }\r\n}"
    headers:
      cache-control:
      - no-cache
      content-length:
      - '1717'
      content-type:
      - application/json; charset=utf-8
      date:
      - Thu, 26 Nov 2020 06:47:54 GMT
      etag:
      - W/"9e24181f-66ae-4f51-ad88-02344c0078e8"
      expires:
      - '-1'
      pragma:
      - no-cache
      server:
      - Microsoft-HTTPAPI/2.0
      - Microsoft-HTTPAPI/2.0
      strict-transport-security:
      - max-age=31536000; includeSubDomains
      transfer-encoding:
      - chunked
      vary:
      - Accept-Encoding
      x-content-type-options:
      - nosniff
      x-ms-arm-service-request-id:
      - 7098a829-9516-4e9e-9e69-4173011c14fe
    status:
      code: 200
      message: OK
- request:
    body: '{"location": "eastus", "properties": {"loadBalancerFrontendIpConfigurations":
      [{"id": "/subscriptions/00000000-0000-0000-0000-000000000000/resourceGroups/rgname/providers/Microsoft.Network/loadBalancers/loadbalancer/frontendIPConfigurations/myIPConfiguration"}],
      "ipConfigurations": [{"name": "myIPConfiguration", "properties": {"privateIPAddress":
      "10.0.1.4", "subnet": {"id": "/subscriptions/00000000-0000-0000-0000-000000000000/resourceGroups/rgname/providers/Microsoft.Network/virtualNetworks/virtualnetwork/subnets/subnet1"},
      "privateIPAddressVersion": "IPv4"}}], "visibility": {"subscriptions": ["00000000-0000-0000-0000-000000000000"]},
      "autoApproval": {"subscriptions": ["00000000-0000-0000-0000-000000000000"]},
      "fqdns": ["fqdn1", "fqdn2", "fqdn3"]}}'
    headers:
      Accept:
      - application/json
      Accept-Encoding:
      - gzip, deflate
      Connection:
      - keep-alive
      Content-Length:
      - '897'
      Content-Type:
      - application/json
      User-Agent:
      - azsdk-python-azure-mgmt-network/17.0.0 Python/3.7.3 (Windows-10-10.0.19041-SP0)
    method: PUT
    uri: https://management.azure.com/subscriptions/00000000-0000-0000-0000-000000000000/resourceGroups/rgname/providers/Microsoft.Network/privateLinkServices/myService?api-version=2020-07-01
  response:
    body:
      string: "{\r\n  \"name\": \"myService\",\r\n  \"id\": \"/subscriptions/00000000-0000-0000-0000-000000000000/resourceGroups/rgname/providers/Microsoft.Network/privateLinkServices/myService\",\r\n
        \ \"etag\": \"W/\\\"38ebca09-93cf-4d47-a998-7a26b90d7ad3\\\"\",\r\n  \"type\":
        \"Microsoft.Network/privateLinkServices\",\r\n  \"location\": \"eastus\",\r\n
        \ \"properties\": {\r\n    \"provisioningState\": \"Updating\",\r\n    \"resourceGuid\":
        \"328a3e20-724a-4d20-9686-ae4af9fe67e4\",\r\n    \"fqdns\": [\r\n      \"fqdn1\",\r\n
        \     \"fqdn2\",\r\n      \"fqdn3\"\r\n    ],\r\n    \"alias\": \"myservice.4fa7db5a-643e-4361-a1d7-33446780645c.eastus.azure.privatelinkservice\",\r\n
        \   \"visibility\": {\r\n      \"subscriptions\": [\r\n        \"00000000-0000-0000-0000-000000000000\"\r\n
        \     ]\r\n    },\r\n    \"autoApproval\": {\r\n      \"subscriptions\": [\r\n
        \       \"00000000-0000-0000-0000-000000000000\"\r\n      ]\r\n    },\r\n
        \   \"enableProxyProtocol\": false,\r\n    \"loadBalancerFrontendIpConfigurations\":
        [\r\n      {\r\n        \"id\": \"/subscriptions/00000000-0000-0000-0000-000000000000/resourceGroups/rgname/providers/Microsoft.Network/loadBalancers/loadbalancer/frontendIPConfigurations/myIPConfiguration\"\r\n
        \     }\r\n    ],\r\n    \"ipConfigurations\": [\r\n      {\r\n        \"name\":
        \"myIPConfiguration\",\r\n        \"id\": \"/subscriptions/00000000-0000-0000-0000-000000000000/resourceGroups/rgname/providers/Microsoft.Network/privateLinkServices/myService/ipConfigurations/myIPConfiguration\",\r\n
        \       \"etag\": \"W/\\\"38ebca09-93cf-4d47-a998-7a26b90d7ad3\\\"\",\r\n
        \       \"type\": \"Microsoft.Network/privateLinkServices/ipConfigurations\",\r\n
        \       \"properties\": {\r\n          \"provisioningState\": \"Succeeded\",\r\n
        \         \"privateIPAllocationMethod\": \"Dynamic\",\r\n          \"subnet\":
        {\r\n            \"id\": \"/subscriptions/00000000-0000-0000-0000-000000000000/resourceGroups/rgname/providers/Microsoft.Network/virtualNetworks/virtualnetwork/subnets/subnet1\"\r\n
        \         },\r\n          \"primary\": true,\r\n          \"privateIPAddressVersion\":
        \"IPv4\"\r\n        }\r\n      }\r\n    ],\r\n    \"privateEndpointConnections\":
        [],\r\n    \"networkInterfaces\": [\r\n      {\r\n        \"id\": \"/subscriptions/00000000-0000-0000-0000-000000000000/resourceGroups/rgname/providers/Microsoft.Network/networkInterfaces/myService.nic.6d95599e-9861-436a-9a81-9549646d3ff7\"\r\n
        \     }\r\n    ]\r\n  }\r\n}"
    headers:
      azure-asyncnotification:
      - Enabled
      azure-asyncoperation:
      - https://management.azure.com/subscriptions/00000000-0000-0000-0000-000000000000/providers/Microsoft.Network/locations/eastus/operations/07a153a6-d196-492b-9d6b-abb2d618414d?api-version=2020-07-01
      cache-control:
      - no-cache
      content-length:
      - '2570'
      content-type:
      - application/json; charset=utf-8
      date:
      - Thu, 26 Nov 2020 06:48:02 GMT
      expires:
      - '-1'
      pragma:
      - no-cache
      server:
      - Microsoft-HTTPAPI/2.0
      - Microsoft-HTTPAPI/2.0
      strict-transport-security:
      - max-age=31536000; includeSubDomains
      x-content-type-options:
      - nosniff
      x-ms-arm-service-request-id:
      - 032c75cf-dbb6-4a9c-9a5c-be982a50d01e
      x-ms-ratelimit-remaining-subscription-writes:
      - '1195'
    status:
      code: 201
      message: Created
- request:
    body: null
    headers:
      Accept:
      - '*/*'
      Accept-Encoding:
      - gzip, deflate
      Connection:
      - keep-alive
      User-Agent:
      - azsdk-python-azure-mgmt-network/17.0.0 Python/3.7.3 (Windows-10-10.0.19041-SP0)
    method: GET
    uri: https://management.azure.com/subscriptions/00000000-0000-0000-0000-000000000000/providers/Microsoft.Network/locations/eastus/operations/07a153a6-d196-492b-9d6b-abb2d618414d?api-version=2020-07-01
  response:
    body:
      string: "{\r\n  \"status\": \"Succeeded\"\r\n}"
    headers:
      cache-control:
      - no-cache
      content-length:
      - '29'
      content-type:
      - application/json; charset=utf-8
      date:
      - Thu, 26 Nov 2020 06:48:12 GMT
      expires:
      - '-1'
      pragma:
      - no-cache
      server:
      - Microsoft-HTTPAPI/2.0
      - Microsoft-HTTPAPI/2.0
      strict-transport-security:
      - max-age=31536000; includeSubDomains
      transfer-encoding:
      - chunked
      vary:
      - Accept-Encoding
      x-content-type-options:
      - nosniff
      x-ms-arm-service-request-id:
      - e663d295-e67a-40cd-928d-ea23f0424782
    status:
      code: 200
      message: OK
- request:
    body: null
    headers:
      Accept:
      - '*/*'
      Accept-Encoding:
      - gzip, deflate
      Connection:
      - keep-alive
      User-Agent:
      - azsdk-python-azure-mgmt-network/17.0.0 Python/3.7.3 (Windows-10-10.0.19041-SP0)
    method: GET
    uri: https://management.azure.com/subscriptions/00000000-0000-0000-0000-000000000000/resourceGroups/rgname/providers/Microsoft.Network/privateLinkServices/myService?api-version=2020-07-01
  response:
    body:
      string: "{\r\n  \"name\": \"myService\",\r\n  \"id\": \"/subscriptions/00000000-0000-0000-0000-000000000000/resourceGroups/rgname/providers/Microsoft.Network/privateLinkServices/myService\",\r\n
        \ \"etag\": \"W/\\\"3c144e04-304d-4e7f-9fea-11bb96ebd00b\\\"\",\r\n  \"type\":
        \"Microsoft.Network/privateLinkServices\",\r\n  \"location\": \"eastus\",\r\n
        \ \"properties\": {\r\n    \"provisioningState\": \"Succeeded\",\r\n    \"resourceGuid\":
        \"328a3e20-724a-4d20-9686-ae4af9fe67e4\",\r\n    \"fqdns\": [\r\n      \"fqdn1\",\r\n
        \     \"fqdn2\",\r\n      \"fqdn3\"\r\n    ],\r\n    \"alias\": \"myservice.4fa7db5a-643e-4361-a1d7-33446780645c.eastus.azure.privatelinkservice\",\r\n
        \   \"visibility\": {\r\n      \"subscriptions\": [\r\n        \"00000000-0000-0000-0000-000000000000\"\r\n
        \     ]\r\n    },\r\n    \"autoApproval\": {\r\n      \"subscriptions\": [\r\n
        \       \"00000000-0000-0000-0000-000000000000\"\r\n      ]\r\n    },\r\n
        \   \"enableProxyProtocol\": false,\r\n    \"loadBalancerFrontendIpConfigurations\":
        [\r\n      {\r\n        \"id\": \"/subscriptions/00000000-0000-0000-0000-000000000000/resourceGroups/rgname/providers/Microsoft.Network/loadBalancers/loadbalancer/frontendIPConfigurations/myIPConfiguration\"\r\n
        \     }\r\n    ],\r\n    \"ipConfigurations\": [\r\n      {\r\n        \"name\":
        \"myIPConfiguration\",\r\n        \"id\": \"/subscriptions/00000000-0000-0000-0000-000000000000/resourceGroups/rgname/providers/Microsoft.Network/privateLinkServices/myService/ipConfigurations/myIPConfiguration\",\r\n
        \       \"etag\": \"W/\\\"3c144e04-304d-4e7f-9fea-11bb96ebd00b\\\"\",\r\n
        \       \"type\": \"Microsoft.Network/privateLinkServices/ipConfigurations\",\r\n
        \       \"properties\": {\r\n          \"provisioningState\": \"Succeeded\",\r\n
        \         \"privateIPAllocationMethod\": \"Dynamic\",\r\n          \"subnet\":
        {\r\n            \"id\": \"/subscriptions/00000000-0000-0000-0000-000000000000/resourceGroups/rgname/providers/Microsoft.Network/virtualNetworks/virtualnetwork/subnets/subnet1\"\r\n
        \         },\r\n          \"primary\": true,\r\n          \"privateIPAddressVersion\":
        \"IPv4\"\r\n        }\r\n      }\r\n    ],\r\n    \"privateEndpointConnections\":
        [],\r\n    \"networkInterfaces\": [\r\n      {\r\n        \"id\": \"/subscriptions/00000000-0000-0000-0000-000000000000/resourceGroups/rgname/providers/Microsoft.Network/networkInterfaces/myService.nic.6d95599e-9861-436a-9a81-9549646d3ff7\"\r\n
        \     }\r\n    ]\r\n  }\r\n}"
    headers:
      cache-control:
      - no-cache
      content-length:
      - '2571'
      content-type:
      - application/json; charset=utf-8
      date:
      - Thu, 26 Nov 2020 06:48:12 GMT
      etag:
      - W/"3c144e04-304d-4e7f-9fea-11bb96ebd00b"
      expires:
      - '-1'
      pragma:
      - no-cache
      server:
      - Microsoft-HTTPAPI/2.0
      - Microsoft-HTTPAPI/2.0
      strict-transport-security:
      - max-age=31536000; includeSubDomains
      transfer-encoding:
      - chunked
      vary:
      - Accept-Encoding
      x-content-type-options:
      - nosniff
      x-ms-arm-service-request-id:
      - 05a6a12c-8087-460e-8e81-6ff78fce244f
    status:
      code: 200
      message: OK
- request:
    body: '{"location": "eastus", "properties": {"subnet": {"id": "/subscriptions/00000000-0000-0000-0000-000000000000/resourceGroups/rgname/providers/Microsoft.Network/virtualNetworks/virtualnetwork/subnets/subnet2"},
      "privateLinkServiceConnections": [{"name": "myService", "properties": {"privateLinkServiceId":
      "/subscriptions/00000000-0000-0000-0000-000000000000/resourceGroups/rgname/providers/Microsoft.Network/privateLinkServices/myService"}}]}}'
    headers:
      Accept:
      - application/json
      Accept-Encoding:
      - gzip, deflate
      Connection:
      - keep-alive
      Content-Length:
      - '579'
      Content-Type:
      - application/json
      User-Agent:
      - azsdk-python-azure-mgmt-network/17.0.0 Python/3.7.3 (Windows-10-10.0.19041-SP0)
    method: PUT
    uri: https://management.azure.com/subscriptions/00000000-0000-0000-0000-000000000000/resourceGroups/rgname/providers/Microsoft.Network/privateEndpoints/myPrivateEndpoint?api-version=2020-07-01
  response:
    body:
      string: "{\r\n  \"name\": \"myPrivateEndpoint\",\r\n  \"id\": \"/subscriptions/00000000-0000-0000-0000-000000000000/resourceGroups/rgname/providers/Microsoft.Network/privateEndpoints/myPrivateEndpoint\",\r\n
        \ \"etag\": \"W/\\\"95825663-4be4-46be-beac-61bd528cd499\\\"\",\r\n  \"type\":
        \"Microsoft.Network/privateEndpoints\",\r\n  \"location\": \"eastus\",\r\n
        \ \"properties\": {\r\n    \"provisioningState\": \"Updating\",\r\n    \"resourceGuid\":
        \"b6d9f93b-6394-4141-8065-42e5bad35e99\",\r\n    \"privateLinkServiceConnections\":
        [\r\n      {\r\n        \"name\": \"myService\",\r\n        \"id\": \"/subscriptions/00000000-0000-0000-0000-000000000000/resourceGroups/rgname/providers/Microsoft.Network/privateEndpoints/myPrivateEndpoint/privateLinkServiceConnections/myService\",\r\n
        \       \"etag\": \"W/\\\"95825663-4be4-46be-beac-61bd528cd499\\\"\",\r\n
        \       \"properties\": {\r\n          \"provisioningState\": \"Succeeded\",\r\n
        \         \"privateLinkServiceId\": \"/subscriptions/00000000-0000-0000-0000-000000000000/resourceGroups/rgname/providers/Microsoft.Network/privateLinkServices/myService\",\r\n
        \         \"privateLinkServiceConnectionState\": {\r\n            \"status\":
        \"Approved\",\r\n            \"description\": \"\",\r\n            \"actionsRequired\":
        \"None\"\r\n          }\r\n        },\r\n        \"type\": \"Microsoft.Network/privateEndpoints/privateLinkServiceConnections\"\r\n
        \     }\r\n    ],\r\n    \"manualPrivateLinkServiceConnections\": [],\r\n
        \   \"subnet\": {\r\n      \"id\": \"/subscriptions/00000000-0000-0000-0000-000000000000/resourceGroups/rgname/providers/Microsoft.Network/virtualNetworks/virtualnetwork/subnets/subnet2\"\r\n
        \   },\r\n    \"networkInterfaces\": [\r\n      {\r\n        \"id\": \"/subscriptions/00000000-0000-0000-0000-000000000000/resourceGroups/rgname/providers/Microsoft.Network/networkInterfaces/myPrivateEndpoint.nic.e64dc9f3-7f52-4e27-a5f9-572c8bd61b5c\"\r\n
        \     }\r\n    ],\r\n    \"customDnsConfigs\": []\r\n  }\r\n}"
    headers:
      azure-asyncnotification:
      - Enabled
      azure-asyncoperation:
      - https://management.azure.com/subscriptions/00000000-0000-0000-0000-000000000000/providers/Microsoft.Network/locations/eastus/operations/35ac1eef-b25f-41ac-9b8c-6ec34647999f?api-version=2020-07-01
      cache-control:
      - no-cache
      content-length:
      - '2158'
      content-type:
      - application/json; charset=utf-8
      date:
      - Thu, 26 Nov 2020 06:48:18 GMT
      expires:
      - '-1'
      pragma:
      - no-cache
      server:
      - Microsoft-HTTPAPI/2.0
      - Microsoft-HTTPAPI/2.0
      strict-transport-security:
      - max-age=31536000; includeSubDomains
      x-content-type-options:
      - nosniff
      x-ms-arm-service-request-id:
      - 91aa7ac7-0208-4b2a-b0ff-eb89d5ba99d9
      x-ms-ratelimit-remaining-subscription-writes:
      - '1194'
    status:
      code: 201
      message: Created
- request:
    body: null
    headers:
      Accept:
      - '*/*'
      Accept-Encoding:
      - gzip, deflate
      Connection:
      - keep-alive
      User-Agent:
      - azsdk-python-azure-mgmt-network/17.0.0 Python/3.7.3 (Windows-10-10.0.19041-SP0)
    method: GET
    uri: https://management.azure.com/subscriptions/00000000-0000-0000-0000-000000000000/providers/Microsoft.Network/locations/eastus/operations/35ac1eef-b25f-41ac-9b8c-6ec34647999f?api-version=2020-07-01
  response:
    body:
      string: "{\r\n  \"status\": \"InProgress\"\r\n}"
    headers:
      cache-control:
      - no-cache
      content-length:
      - '30'
      content-type:
      - application/json; charset=utf-8
      date:
      - Thu, 26 Nov 2020 06:48:28 GMT
      expires:
      - '-1'
      pragma:
      - no-cache
      server:
      - Microsoft-HTTPAPI/2.0
      - Microsoft-HTTPAPI/2.0
      strict-transport-security:
      - max-age=31536000; includeSubDomains
      transfer-encoding:
      - chunked
      vary:
      - Accept-Encoding
      x-content-type-options:
      - nosniff
      x-ms-arm-service-request-id:
      - 901241f1-8297-4d65-b719-865de3c7fd3b
    status:
      code: 200
      message: OK
- request:
    body: null
    headers:
      Accept:
      - '*/*'
      Accept-Encoding:
      - gzip, deflate
      Connection:
      - keep-alive
      User-Agent:
      - azsdk-python-azure-mgmt-network/17.0.0 Python/3.7.3 (Windows-10-10.0.19041-SP0)
    method: GET
    uri: https://management.azure.com/subscriptions/00000000-0000-0000-0000-000000000000/providers/Microsoft.Network/locations/eastus/operations/35ac1eef-b25f-41ac-9b8c-6ec34647999f?api-version=2020-07-01
  response:
    body:
      string: "{\r\n  \"status\": \"Succeeded\"\r\n}"
    headers:
      cache-control:
      - no-cache
      content-length:
      - '29'
      content-type:
      - application/json; charset=utf-8
      date:
      - Thu, 26 Nov 2020 06:48:49 GMT
      expires:
      - '-1'
      pragma:
      - no-cache
      server:
      - Microsoft-HTTPAPI/2.0
      - Microsoft-HTTPAPI/2.0
      strict-transport-security:
      - max-age=31536000; includeSubDomains
      transfer-encoding:
      - chunked
      vary:
      - Accept-Encoding
      x-content-type-options:
      - nosniff
      x-ms-arm-service-request-id:
      - fae3d167-fc43-47b7-8876-5b297ec30380
    status:
      code: 200
      message: OK
- request:
    body: null
    headers:
      Accept:
      - '*/*'
      Accept-Encoding:
      - gzip, deflate
      Connection:
      - keep-alive
      User-Agent:
      - azsdk-python-azure-mgmt-network/17.0.0 Python/3.7.3 (Windows-10-10.0.19041-SP0)
    method: GET
    uri: https://management.azure.com/subscriptions/00000000-0000-0000-0000-000000000000/resourceGroups/rgname/providers/Microsoft.Network/privateEndpoints/myPrivateEndpoint?api-version=2020-07-01
  response:
    body:
      string: "{\r\n  \"name\": \"myPrivateEndpoint\",\r\n  \"id\": \"/subscriptions/00000000-0000-0000-0000-000000000000/resourceGroups/rgname/providers/Microsoft.Network/privateEndpoints/myPrivateEndpoint\",\r\n
        \ \"etag\": \"W/\\\"886046f7-c658-4ff0-918a-434be502396b\\\"\",\r\n  \"type\":
        \"Microsoft.Network/privateEndpoints\",\r\n  \"location\": \"eastus\",\r\n
        \ \"properties\": {\r\n    \"provisioningState\": \"Succeeded\",\r\n    \"resourceGuid\":
        \"b6d9f93b-6394-4141-8065-42e5bad35e99\",\r\n    \"privateLinkServiceConnections\":
        [\r\n      {\r\n        \"name\": \"myService\",\r\n        \"id\": \"/subscriptions/00000000-0000-0000-0000-000000000000/resourceGroups/rgname/providers/Microsoft.Network/privateEndpoints/myPrivateEndpoint/privateLinkServiceConnections/myService\",\r\n
        \       \"etag\": \"W/\\\"886046f7-c658-4ff0-918a-434be502396b\\\"\",\r\n
        \       \"properties\": {\r\n          \"provisioningState\": \"Succeeded\",\r\n
        \         \"privateLinkServiceId\": \"/subscriptions/00000000-0000-0000-0000-000000000000/resourceGroups/rgname/providers/Microsoft.Network/privateLinkServices/myService\",\r\n
        \         \"privateLinkServiceConnectionState\": {\r\n            \"status\":
        \"Approved\",\r\n            \"description\": \"Approved\",\r\n            \"actionsRequired\":
        \"None\"\r\n          }\r\n        },\r\n        \"type\": \"Microsoft.Network/privateEndpoints/privateLinkServiceConnections\"\r\n
        \     }\r\n    ],\r\n    \"manualPrivateLinkServiceConnections\": [],\r\n
        \   \"subnet\": {\r\n      \"id\": \"/subscriptions/00000000-0000-0000-0000-000000000000/resourceGroups/rgname/providers/Microsoft.Network/virtualNetworks/virtualnetwork/subnets/subnet2\"\r\n
        \   },\r\n    \"networkInterfaces\": [\r\n      {\r\n        \"id\": \"/subscriptions/00000000-0000-0000-0000-000000000000/resourceGroups/rgname/providers/Microsoft.Network/networkInterfaces/myPrivateEndpoint.nic.e64dc9f3-7f52-4e27-a5f9-572c8bd61b5c\"\r\n
        \     }\r\n    ],\r\n    \"customDnsConfigs\": []\r\n  }\r\n}"
    headers:
      cache-control:
      - no-cache
      content-length:
      - '2167'
      content-type:
      - application/json; charset=utf-8
      date:
      - Thu, 26 Nov 2020 06:48:49 GMT
      etag:
      - W/"886046f7-c658-4ff0-918a-434be502396b"
      expires:
      - '-1'
      pragma:
      - no-cache
      server:
      - Microsoft-HTTPAPI/2.0
      - Microsoft-HTTPAPI/2.0
      strict-transport-security:
      - max-age=31536000; includeSubDomains
      transfer-encoding:
      - chunked
      vary:
      - Accept-Encoding
      x-content-type-options:
      - nosniff
      x-ms-arm-service-request-id:
      - ee58bde5-91ba-475b-add7-bd19df51b360
    status:
      code: 200
      message: OK
- request:
    body: null
    headers:
      Accept:
      - application/json
      Accept-Encoding:
      - gzip, deflate
      Connection:
      - keep-alive
      User-Agent:
      - azsdk-python-azure-mgmt-network/17.0.0 Python/3.7.3 (Windows-10-10.0.19041-SP0)
    method: GET
    uri: https://management.azure.com/subscriptions/00000000-0000-0000-0000-000000000000/resourceGroups/rgname/providers/Microsoft.Network/privateLinkServices/myService?api-version=2020-07-01
  response:
    body:
      string: "{\r\n  \"name\": \"myService\",\r\n  \"id\": \"/subscriptions/00000000-0000-0000-0000-000000000000/resourceGroups/rgname/providers/Microsoft.Network/privateLinkServices/myService\",\r\n
        \ \"etag\": \"W/\\\"a076f27d-ae8f-4341-a0c7-f1230f0ec3f3\\\"\",\r\n  \"type\":
        \"Microsoft.Network/privateLinkServices\",\r\n  \"location\": \"eastus\",\r\n
        \ \"properties\": {\r\n    \"provisioningState\": \"Succeeded\",\r\n    \"resourceGuid\":
        \"328a3e20-724a-4d20-9686-ae4af9fe67e4\",\r\n    \"fqdns\": [\r\n      \"fqdn1\",\r\n
        \     \"fqdn2\",\r\n      \"fqdn3\"\r\n    ],\r\n    \"alias\": \"myservice.4fa7db5a-643e-4361-a1d7-33446780645c.eastus.azure.privatelinkservice\",\r\n
        \   \"visibility\": {\r\n      \"subscriptions\": [\r\n        \"00000000-0000-0000-0000-000000000000\"\r\n
        \     ]\r\n    },\r\n    \"autoApproval\": {\r\n      \"subscriptions\": [\r\n
        \       \"00000000-0000-0000-0000-000000000000\"\r\n      ]\r\n    },\r\n
        \   \"enableProxyProtocol\": false,\r\n    \"loadBalancerFrontendIpConfigurations\":
        [\r\n      {\r\n        \"id\": \"/subscriptions/00000000-0000-0000-0000-000000000000/resourceGroups/rgname/providers/Microsoft.Network/loadBalancers/loadbalancer/frontendIPConfigurations/myIPConfiguration\"\r\n
        \     }\r\n    ],\r\n    \"ipConfigurations\": [\r\n      {\r\n        \"name\":
        \"myIPConfiguration\",\r\n        \"id\": \"/subscriptions/00000000-0000-0000-0000-000000000000/resourceGroups/rgname/providers/Microsoft.Network/privateLinkServices/myService/ipConfigurations/myIPConfiguration\",\r\n
        \       \"etag\": \"W/\\\"a076f27d-ae8f-4341-a0c7-f1230f0ec3f3\\\"\",\r\n
        \       \"type\": \"Microsoft.Network/privateLinkServices/ipConfigurations\",\r\n
        \       \"properties\": {\r\n          \"provisioningState\": \"Succeeded\",\r\n
        \         \"privateIPAllocationMethod\": \"Dynamic\",\r\n          \"subnet\":
        {\r\n            \"id\": \"/subscriptions/00000000-0000-0000-0000-000000000000/resourceGroups/rgname/providers/Microsoft.Network/virtualNetworks/virtualnetwork/subnets/subnet1\"\r\n
        \         },\r\n          \"primary\": true,\r\n          \"privateIPAddressVersion\":
        \"IPv4\"\r\n        }\r\n      }\r\n    ],\r\n    \"privateEndpointConnections\":
        [\r\n      {\r\n        \"name\": \"myPrivateEndpoint.b6d9f93b-6394-4141-8065-42e5bad35e99\",\r\n
        \       \"id\": \"/subscriptions/00000000-0000-0000-0000-000000000000/resourceGroups/rgname/providers/Microsoft.Network/privateLinkServices/myService/privateEndpointConnections/myPrivateEndpoint.b6d9f93b-6394-4141-8065-42e5bad35e99\",\r\n
        \       \"etag\": \"W/\\\"a076f27d-ae8f-4341-a0c7-f1230f0ec3f3\\\"\",\r\n
        \       \"properties\": {\r\n          \"provisioningState\": \"Succeeded\",\r\n
        \         \"privateEndpoint\": {\r\n            \"id\": \"/subscriptions/00000000-0000-0000-0000-000000000000/resourceGroups/rgname/providers/Microsoft.Network/privateEndpoints/myPrivateEndpoint\"\r\n
        \         },\r\n          \"privateLinkServiceConnectionState\": {\r\n            \"status\":
        \"Approved\",\r\n            \"description\": \"Approved\",\r\n            \"actionsRequired\":
        \"None\"\r\n          },\r\n          \"linkIdentifier\": \"536890164\"\r\n
        \       },\r\n        \"type\": \"Microsoft.Network/privateLinkServices/privateEndpointConnections\"\r\n
        \     }\r\n    ],\r\n    \"networkInterfaces\": [\r\n      {\r\n        \"id\":
        \"/subscriptions/00000000-0000-0000-0000-000000000000/resourceGroups/rgname/providers/Microsoft.Network/networkInterfaces/myService.nic.6d95599e-9861-436a-9a81-9549646d3ff7\"\r\n
        \     }\r\n    ]\r\n  }\r\n}"
    headers:
      cache-control:
      - no-cache
      content-length:
      - '3692'
      content-type:
      - application/json; charset=utf-8
      date:
      - Thu, 26 Nov 2020 06:48:49 GMT
      etag:
      - W/"a076f27d-ae8f-4341-a0c7-f1230f0ec3f3"
      expires:
      - '-1'
      pragma:
      - no-cache
      server:
      - Microsoft-HTTPAPI/2.0
      - Microsoft-HTTPAPI/2.0
      strict-transport-security:
      - max-age=31536000; includeSubDomains
      transfer-encoding:
      - chunked
      vary:
      - Accept-Encoding
      x-content-type-options:
      - nosniff
      x-ms-arm-service-request-id:
      - 2f21b37e-170d-4452-91af-5014b1d54516
    status:
      code: 200
      message: OK
- request:
    body: '{"name": "myPrivateEndpoint.b6d9f93b-6394-4141-8065-42e5bad35e99", "properties":
      {"privateLinkServiceConnectionState": {"status": "Approved", "description":
      "approved it for some reason."}}}'
    headers:
      Accept:
      - application/json
      Accept-Encoding:
      - gzip, deflate
      Connection:
      - keep-alive
      Content-Length:
      - '190'
      Content-Type:
      - application/json
      User-Agent:
      - azsdk-python-azure-mgmt-network/17.0.0 Python/3.7.3 (Windows-10-10.0.19041-SP0)
    method: PUT
    uri: https://management.azure.com/subscriptions/00000000-0000-0000-0000-000000000000/resourceGroups/rgname/providers/Microsoft.Network/privateLinkServices/myService/privateEndpointConnections/myPrivateEndpoint.b6d9f93b-6394-4141-8065-42e5bad35e99?api-version=2020-07-01
  response:
    body:
      string: "{\r\n  \"name\": \"myPrivateEndpoint.b6d9f93b-6394-4141-8065-42e5bad35e99\",\r\n
        \ \"id\": \"/subscriptions/00000000-0000-0000-0000-000000000000/resourceGroups/rgname/providers/Microsoft.Network/privateLinkServices/myService/privateEndpointConnections/myPrivateEndpoint.b6d9f93b-6394-4141-8065-42e5bad35e99\",\r\n
        \ \"etag\": \"W/\\\"90781a94-3fa2-4995-88f4-b1987a50d7c5\\\"\",\r\n  \"properties\":
        {\r\n    \"provisioningState\": \"Updating\",\r\n    \"privateEndpoint\":
        {\r\n      \"id\": \"/subscriptions/00000000-0000-0000-0000-000000000000/resourceGroups/rgname/providers/Microsoft.Network/privateEndpoints/myPrivateEndpoint\"\r\n
        \   },\r\n    \"privateLinkServiceConnectionState\": {\r\n      \"status\":
        \"Approved\",\r\n      \"description\": \"approved it for some reason.\",\r\n
        \     \"actionsRequired\": \"\"\r\n    },\r\n    \"linkIdentifier\": \"536890164\"\r\n
        \ },\r\n  \"type\": \"Microsoft.Network/privateLinkServices/privateEndpointConnections\"\r\n}"
    headers:
      azure-asyncoperation:
      - https://management.azure.com/subscriptions/00000000-0000-0000-0000-000000000000/providers/Microsoft.Network/locations/eastus/operations/0a90f315-1a5e-4461-a65b-d651791a2a93?api-version=2020-07-01
      cache-control:
      - no-cache
      content-length:
      - '1020'
      content-type:
      - application/json; charset=utf-8
      date:
      - Thu, 26 Nov 2020 06:48:50 GMT
      expires:
      - '-1'
      pragma:
      - no-cache
      server:
      - Microsoft-HTTPAPI/2.0
      - Microsoft-HTTPAPI/2.0
      strict-transport-security:
      - max-age=31536000; includeSubDomains
      transfer-encoding:
      - chunked
      vary:
      - Accept-Encoding
      x-content-type-options:
      - nosniff
      x-ms-arm-service-request-id:
      - 7ba63a76-3a2c-4dca-8b1b-39c143518c44
      x-ms-ratelimit-remaining-subscription-writes:
      - '1193'
    status:
      code: 200
      message: OK
- request:
    body: '{"location": "global"}'
    headers:
      Accept:
      - application/json
      Accept-Encoding:
      - gzip, deflate
      Connection:
      - keep-alive
      Content-Length:
      - '22'
      Content-Type:
      - application/json; charset=utf-8
      User-Agent:
      - python/3.7.3 (Windows-10-10.0.19041-SP0) msrest/0.6.19 msrest_azure/0.6.4
        azure-mgmt-privatedns/0.1.0 Azure-SDK-For-Python
      accept-language:
      - en-US
    method: PUT
    uri: https://management.azure.com/subscriptions/00000000-0000-0000-0000-000000000000/resourceGroups/rgname/providers/Microsoft.Network/privateDnsZones/www.zone1.com?api-version=2018-09-01
  response:
    body:
      string: '{}'
    headers:
      azure-asyncoperation:
      - https://management.azure.com:443/subscriptions/00000000-0000-0000-0000-000000000000/resourceGroups/rgname/providers/Microsoft.Network/privateDnsOperationStatuses/RnJvbnRFbmRBc3luY09wZXJhdGlvbjtVcHNlcnRQcml2YXRlRG5zWm9uZTszY2Y5YjUyZS0zODgyLTQ0MDMtODBhYi1iYWJmMGY0MjM0ZjQ=?api-version=2018-09-01
      cache-control:
      - private
      content-length:
      - '2'
      content-type:
      - application/json; charset=utf-8
      date:
      - Thu, 26 Nov 2020 06:48:57 GMT
      location:
      - https://management.azure.com/subscriptions/00000000-0000-0000-0000-000000000000/resourceGroups/rgname/providers/Microsoft.Network/privateDnsOperationResults/RnJvbnRFbmRBc3luY09wZXJhdGlvbjtVcHNlcnRQcml2YXRlRG5zWm9uZTszY2Y5YjUyZS0zODgyLTQ0MDMtODBhYi1iYWJmMGY0MjM0ZjQ=?api-version=2018-09-01
      server:
      - Microsoft-IIS/10.0
      strict-transport-security:
      - max-age=31536000; includeSubDomains
      x-aspnet-version:
      - 4.0.30319
      x-content-type-options:
      - nosniff
      x-ms-ratelimit-remaining-subscription-resource-requests:
      - '11999'
      x-powered-by:
      - ASP.NET
    status:
      code: 202
      message: Accepted
- request:
    body: null
    headers:
      Accept:
      - application/json
      Accept-Encoding:
      - gzip, deflate
      Connection:
      - keep-alive
      User-Agent:
      - python/3.7.3 (Windows-10-10.0.19041-SP0) msrest/0.6.19 msrest_azure/0.6.4
        azure-mgmt-privatedns/0.1.0 Azure-SDK-For-Python
    method: GET
    uri: https://management.azure.com/subscriptions/00000000-0000-0000-0000-000000000000/resourceGroups/rgname/providers/Microsoft.Network/privateDnsOperationStatuses/RnJvbnRFbmRBc3luY09wZXJhdGlvbjtVcHNlcnRQcml2YXRlRG5zWm9uZTszY2Y5YjUyZS0zODgyLTQ0MDMtODBhYi1iYWJmMGY0MjM0ZjQ=?api-version=2018-09-01
  response:
    body:
      string: '{"status":"Succeeded"}'
    headers:
      cache-control:
      - private
      content-length:
      - '22'
      content-type:
      - application/json; charset=utf-8
      date:
      - Thu, 26 Nov 2020 06:49:28 GMT
      server:
      - Microsoft-IIS/10.0
      strict-transport-security:
      - max-age=31536000; includeSubDomains
      transfer-encoding:
      - chunked
      vary:
      - Accept-Encoding
      x-aspnet-version:
      - 4.0.30319
      x-content-type-options:
      - nosniff
      x-ms-ratelimit-remaining-subscription-resource-requests:
      - '499'
      x-powered-by:
      - ASP.NET
    status:
      code: 200
      message: OK
- request:
    body: null
    headers:
      Accept:
      - application/json
      Accept-Encoding:
      - gzip, deflate
      Connection:
      - keep-alive
      User-Agent:
      - python/3.7.3 (Windows-10-10.0.19041-SP0) msrest/0.6.19 msrest_azure/0.6.4
        azure-mgmt-privatedns/0.1.0 Azure-SDK-For-Python
    method: GET
    uri: https://management.azure.com/subscriptions/00000000-0000-0000-0000-000000000000/resourceGroups/rgname/providers/Microsoft.Network/privateDnsZones/www.zone1.com?api-version=2018-09-01
  response:
    body:
      string: '{"id":"\/subscriptions\/00000000-0000-0000-0000-000000000000\/resourceGroups\/rgname\/providers\/Microsoft.Network\/privateDnsZones\/www.zone1.com","name":"www.zone1.com","type":"Microsoft.Network\/privateDnsZones","etag":"eaa4679d-cf90-48e6-8653-8c959ac9ae43","location":"global","properties":{"maxNumberOfRecordSets":25000,"maxNumberOfVirtualNetworkLinks":1000,"maxNumberOfVirtualNetworkLinksWithRegistration":100,"numberOfRecordSets":1,"numberOfVirtualNetworkLinks":0,"numberOfVirtualNetworkLinksWithRegistration":0,"provisioningState":"Succeeded"}}'
    headers:
      cache-control:
      - private
      content-length:
      - '621'
      content-type:
      - application/json; charset=utf-8
      date:
      - Thu, 26 Nov 2020 06:49:28 GMT
      etag:
      - eaa4679d-cf90-48e6-8653-8c959ac9ae43
      server:
      - Microsoft-IIS/10.0
      strict-transport-security:
      - max-age=31536000; includeSubDomains
      transfer-encoding:
      - chunked
      vary:
      - Accept-Encoding
      x-aspnet-version:
      - 4.0.30319
      x-content-type-options:
      - nosniff
      x-ms-ratelimit-remaining-subscription-resource-requests:
      - '499'
      x-powered-by:
      - ASP.NET
    status:
      code: 200
      message: OK
- request:
    body: '{"name": "myPrivateDnsZoneGroup", "properties": {"privateDnsZoneConfigs":
      [{"name": "zone1", "properties": {"privateDnsZoneId": "/subscriptions/00000000-0000-0000-0000-000000000000/resourceGroups/rgname/providers/Microsoft.Network/privateDnsZones/www.zone1.com"}}]}}'
    headers:
      Accept:
      - application/json
      Accept-Encoding:
      - gzip, deflate
      Connection:
      - keep-alive
      Content-Length:
      - '335'
      Content-Type:
      - application/json
      User-Agent:
      - azsdk-python-azure-mgmt-network/17.0.0 Python/3.7.3 (Windows-10-10.0.19041-SP0)
    method: PUT
    uri: https://management.azure.com/subscriptions/00000000-0000-0000-0000-000000000000/resourceGroups/rgname/providers/Microsoft.Network/privateEndpoints/myPrivateEndpoint/privateDnsZoneGroups/myPrivateDnsZoneGroup?api-version=2020-07-01
  response:
    body:
      string: "{\r\n  \"name\": \"myPrivateDnsZoneGroup\",\r\n  \"id\": \"/subscriptions/00000000-0000-0000-0000-000000000000/resourceGroups/rgname/providers/Microsoft.Network/privateEndpoints/myPrivateEndpoint/privateDnsZoneGroups/myPrivateDnsZoneGroup\",\r\n
        \ \"etag\": \"W/\\\"eaff3a38-3dde-4fe4-b4b9-f2c963fce810\\\"\",\r\n  \"type\":
        \"Microsoft.Network/privateEndpoints/privateDnsZoneGroups\",\r\n  \"properties\":
        {\r\n    \"provisioningState\": \"Updating\",\r\n    \"privateDnsZoneConfigs\":
        [\r\n      {\r\n        \"name\": \"zone1\",\r\n        \"id\": \"/subscriptions/00000000-0000-0000-0000-000000000000/resourceGroups/rgname/providers/Microsoft.Network/privateEndpoints/myPrivateEndpoint/privateDnsZoneGroups/myPrivateDnsZoneGroup/privateDnsZoneConfigs/zone1\",\r\n
        \       \"etag\": \"W/\\\"eaff3a38-3dde-4fe4-b4b9-f2c963fce810\\\"\",\r\n
        \       \"type\": \"Microsoft.Network/privateEndpoints/privateDnsZoneGroups/privateDnsZoneConfigs\",\r\n
        \       \"properties\": {\r\n          \"provisioningState\": \"Updating\",\r\n
        \         \"privateDnsZoneId\": \"/subscriptions/00000000-0000-0000-0000-000000000000/resourceGroups/rgname/providers/Microsoft.Network/privateDnsZones/www.zone1.com\",\r\n
        \         \"recordSets\": []\r\n        }\r\n      }\r\n    ]\r\n  }\r\n}"
    headers:
      azure-asyncoperation:
      - https://management.azure.com/subscriptions/00000000-0000-0000-0000-000000000000/providers/Microsoft.Network/locations/eastus/operations/c47f1a91-8e54-46cc-88f6-34d7dcaf4d42?api-version=2020-07-01
      cache-control:
      - no-cache
      content-length:
      - '1372'
      content-type:
      - application/json; charset=utf-8
      date:
      - Thu, 26 Nov 2020 06:49:30 GMT
      expires:
      - '-1'
      pragma:
      - no-cache
      server:
      - Microsoft-HTTPAPI/2.0
      - Microsoft-HTTPAPI/2.0
      strict-transport-security:
      - max-age=31536000; includeSubDomains
      x-content-type-options:
      - nosniff
      x-ms-arm-service-request-id:
      - 143d4ce4-4e0e-400f-8a2c-b960add94ed7
      x-ms-ratelimit-remaining-subscription-writes:
      - '1192'
    status:
      code: 201
      message: Created
- request:
    body: null
    headers:
      Accept:
      - '*/*'
      Accept-Encoding:
      - gzip, deflate
      Connection:
      - keep-alive
      User-Agent:
      - azsdk-python-azure-mgmt-network/17.0.0 Python/3.7.3 (Windows-10-10.0.19041-SP0)
    method: GET
    uri: https://management.azure.com/subscriptions/00000000-0000-0000-0000-000000000000/providers/Microsoft.Network/locations/eastus/operations/c47f1a91-8e54-46cc-88f6-34d7dcaf4d42?api-version=2020-07-01
  response:
    body:
      string: "{\r\n  \"status\": \"Succeeded\"\r\n}"
    headers:
      cache-control:
      - no-cache
      content-length:
      - '29'
      content-type:
      - application/json; charset=utf-8
      date:
      - Thu, 26 Nov 2020 06:49:41 GMT
      expires:
      - '-1'
      pragma:
      - no-cache
      server:
      - Microsoft-HTTPAPI/2.0
      - Microsoft-HTTPAPI/2.0
      strict-transport-security:
      - max-age=31536000; includeSubDomains
      transfer-encoding:
      - chunked
      vary:
      - Accept-Encoding
      x-content-type-options:
      - nosniff
      x-ms-arm-service-request-id:
      - 49b3bbf0-3248-4154-a1d8-d962d9969697
    status:
      code: 200
      message: OK
- request:
    body: null
    headers:
      Accept:
      - '*/*'
      Accept-Encoding:
      - gzip, deflate
      Connection:
      - keep-alive
      User-Agent:
      - azsdk-python-azure-mgmt-network/17.0.0 Python/3.7.3 (Windows-10-10.0.19041-SP0)
    method: GET
    uri: https://management.azure.com/subscriptions/00000000-0000-0000-0000-000000000000/resourceGroups/rgname/providers/Microsoft.Network/privateEndpoints/myPrivateEndpoint/privateDnsZoneGroups/myPrivateDnsZoneGroup?api-version=2020-07-01
  response:
    body:
      string: "{\r\n  \"name\": \"myPrivateDnsZoneGroup\",\r\n  \"id\": \"/subscriptions/00000000-0000-0000-0000-000000000000/resourceGroups/rgname/providers/Microsoft.Network/privateEndpoints/myPrivateEndpoint/privateDnsZoneGroups/myPrivateDnsZoneGroup\",\r\n
        \ \"etag\": \"W/\\\"82103427-2aa5-48ea-8289-720f0aecbd0f\\\"\",\r\n  \"type\":
        \"Microsoft.Network/privateEndpoints/privateDnsZoneGroups\",\r\n  \"properties\":
        {\r\n    \"provisioningState\": \"Succeeded\",\r\n    \"privateDnsZoneConfigs\":
        [\r\n      {\r\n        \"name\": \"zone1\",\r\n        \"id\": \"/subscriptions/00000000-0000-0000-0000-000000000000/resourceGroups/rgname/providers/Microsoft.Network/privateEndpoints/myPrivateEndpoint/privateDnsZoneGroups/myPrivateDnsZoneGroup/privateDnsZoneConfigs/zone1\",\r\n
        \       \"etag\": \"W/\\\"82103427-2aa5-48ea-8289-720f0aecbd0f\\\"\",\r\n
        \       \"type\": \"Microsoft.Network/privateEndpoints/privateDnsZoneGroups/privateDnsZoneConfigs\",\r\n
        \       \"properties\": {\r\n          \"provisioningState\": \"Succeeded\",\r\n
        \         \"privateDnsZoneId\": \"/subscriptions/00000000-0000-0000-0000-000000000000/resourceGroups/rgname/providers/Microsoft.Network/privateDnsZones/www.zone1.com\",\r\n
        \         \"recordSets\": []\r\n        }\r\n      }\r\n    ]\r\n  }\r\n}"
    headers:
      cache-control:
      - no-cache
      content-length:
      - '1374'
      content-type:
      - application/json; charset=utf-8
      date:
      - Thu, 26 Nov 2020 06:49:41 GMT
      etag:
      - W/"82103427-2aa5-48ea-8289-720f0aecbd0f"
      expires:
      - '-1'
      pragma:
      - no-cache
      server:
      - Microsoft-HTTPAPI/2.0
      - Microsoft-HTTPAPI/2.0
      strict-transport-security:
      - max-age=31536000; includeSubDomains
      transfer-encoding:
      - chunked
      vary:
      - Accept-Encoding
      x-content-type-options:
      - nosniff
      x-ms-arm-service-request-id:
      - afaa10bf-9637-4ebc-9a48-ed59e742d6e3
    status:
      code: 200
      message: OK
- request:
    body: null
    headers:
      Accept:
      - application/json
      Accept-Encoding:
      - gzip, deflate
      Connection:
      - keep-alive
      User-Agent:
      - azsdk-python-azure-mgmt-network/17.0.0 Python/3.7.3 (Windows-10-10.0.19041-SP0)
    method: GET
    uri: https://management.azure.com/subscriptions/00000000-0000-0000-0000-000000000000/resourceGroups/rgname/providers/Microsoft.Network/privateEndpoints/myPrivateEndpoint/privateDnsZoneGroups/myPrivateDnsZoneGroup?api-version=2020-07-01
  response:
    body:
      string: "{\r\n  \"name\": \"myPrivateDnsZoneGroup\",\r\n  \"id\": \"/subscriptions/00000000-0000-0000-0000-000000000000/resourceGroups/rgname/providers/Microsoft.Network/privateEndpoints/myPrivateEndpoint/privateDnsZoneGroups/myPrivateDnsZoneGroup\",\r\n
        \ \"etag\": \"W/\\\"82103427-2aa5-48ea-8289-720f0aecbd0f\\\"\",\r\n  \"type\":
        \"Microsoft.Network/privateEndpoints/privateDnsZoneGroups\",\r\n  \"properties\":
        {\r\n    \"provisioningState\": \"Succeeded\",\r\n    \"privateDnsZoneConfigs\":
        [\r\n      {\r\n        \"name\": \"zone1\",\r\n        \"id\": \"/subscriptions/00000000-0000-0000-0000-000000000000/resourceGroups/rgname/providers/Microsoft.Network/privateEndpoints/myPrivateEndpoint/privateDnsZoneGroups/myPrivateDnsZoneGroup/privateDnsZoneConfigs/zone1\",\r\n
        \       \"etag\": \"W/\\\"82103427-2aa5-48ea-8289-720f0aecbd0f\\\"\",\r\n
        \       \"type\": \"Microsoft.Network/privateEndpoints/privateDnsZoneGroups/privateDnsZoneConfigs\",\r\n
        \       \"properties\": {\r\n          \"provisioningState\": \"Succeeded\",\r\n
        \         \"privateDnsZoneId\": \"/subscriptions/00000000-0000-0000-0000-000000000000/resourceGroups/rgname/providers/Microsoft.Network/privateDnsZones/www.zone1.com\",\r\n
        \         \"recordSets\": []\r\n        }\r\n      }\r\n    ]\r\n  }\r\n}"
    headers:
      cache-control:
      - no-cache
      content-length:
      - '1374'
      content-type:
      - application/json; charset=utf-8
      date:
      - Thu, 26 Nov 2020 06:49:42 GMT
      etag:
      - W/"82103427-2aa5-48ea-8289-720f0aecbd0f"
      expires:
      - '-1'
      pragma:
      - no-cache
      server:
      - Microsoft-HTTPAPI/2.0
      - Microsoft-HTTPAPI/2.0
      strict-transport-security:
      - max-age=31536000; includeSubDomains
      transfer-encoding:
      - chunked
      vary:
      - Accept-Encoding
      x-content-type-options:
      - nosniff
      x-ms-arm-service-request-id:
      - 65b9298b-e541-4f36-a844-4c6e2ced5512
    status:
      code: 200
      message: OK
- request:
    body: null
    headers:
      Accept:
      - application/json
      Accept-Encoding:
      - gzip, deflate
      Connection:
      - keep-alive
      User-Agent:
      - azsdk-python-azure-mgmt-network/17.0.0 Python/3.7.3 (Windows-10-10.0.19041-SP0)
    method: GET
    uri: https://management.azure.com/subscriptions/00000000-0000-0000-0000-000000000000/resourceGroups/rgname/providers/Microsoft.Network/privateLinkServices/myService/privateEndpointConnections/myPrivateEndpoint.b6d9f93b-6394-4141-8065-42e5bad35e99?api-version=2020-07-01
  response:
    body:
      string: "{\r\n  \"name\": \"myPrivateEndpoint.b6d9f93b-6394-4141-8065-42e5bad35e99\",\r\n
        \ \"id\": \"/subscriptions/00000000-0000-0000-0000-000000000000/resourceGroups/rgname/providers/Microsoft.Network/privateLinkServices/myService/privateEndpointConnections/myPrivateEndpoint.b6d9f93b-6394-4141-8065-42e5bad35e99\",\r\n
        \ \"etag\": \"W/\\\"055adedd-9f44-46f4-bfef-e69825068ac8\\\"\",\r\n  \"properties\":
        {\r\n    \"provisioningState\": \"Succeeded\",\r\n    \"privateEndpoint\":
        {\r\n      \"id\": \"/subscriptions/00000000-0000-0000-0000-000000000000/resourceGroups/rgname/providers/Microsoft.Network/privateEndpoints/myPrivateEndpoint\"\r\n
        \   },\r\n    \"privateLinkServiceConnectionState\": {\r\n      \"status\":
        \"Approved\",\r\n      \"description\": \"approved it for some reason.\",\r\n
        \     \"actionsRequired\": \"\"\r\n    },\r\n    \"linkIdentifier\": \"536890164\"\r\n
        \ },\r\n  \"type\": \"Microsoft.Network/privateLinkServices/privateEndpointConnections\"\r\n}"
    headers:
      cache-control:
      - no-cache
      content-length:
      - '1021'
      content-type:
      - application/json; charset=utf-8
      date:
      - Thu, 26 Nov 2020 06:49:43 GMT
      etag:
      - W/"055adedd-9f44-46f4-bfef-e69825068ac8"
      expires:
      - '-1'
      pragma:
      - no-cache
      server:
      - Microsoft-HTTPAPI/2.0
      - Microsoft-HTTPAPI/2.0
      strict-transport-security:
      - max-age=31536000; includeSubDomains
      transfer-encoding:
      - chunked
      vary:
      - Accept-Encoding
      x-content-type-options:
      - nosniff
      x-ms-arm-service-request-id:
      - 75b45cb6-b2a2-47f1-b74b-38b0c5180c86
    status:
      code: 200
      message: OK
- request:
    body: null
    headers:
      Accept:
      - application/json
      Accept-Encoding:
      - gzip, deflate
      Connection:
      - keep-alive
      User-Agent:
      - azsdk-python-azure-mgmt-network/17.0.0 Python/3.7.3 (Windows-10-10.0.19041-SP0)
    method: GET
    uri: https://management.azure.com/subscriptions/00000000-0000-0000-0000-000000000000/resourceGroups/rgname/providers/Microsoft.Network/privateEndpoints/myPrivateEndpoint?api-version=2020-07-01
  response:
    body:
      string: "{\r\n  \"name\": \"myPrivateEndpoint\",\r\n  \"id\": \"/subscriptions/00000000-0000-0000-0000-000000000000/resourceGroups/rgname/providers/Microsoft.Network/privateEndpoints/myPrivateEndpoint\",\r\n
        \ \"etag\": \"W/\\\"82103427-2aa5-48ea-8289-720f0aecbd0f\\\"\",\r\n  \"type\":
        \"Microsoft.Network/privateEndpoints\",\r\n  \"location\": \"eastus\",\r\n
        \ \"properties\": {\r\n    \"provisioningState\": \"Succeeded\",\r\n    \"resourceGuid\":
        \"b6d9f93b-6394-4141-8065-42e5bad35e99\",\r\n    \"privateLinkServiceConnections\":
        [\r\n      {\r\n        \"name\": \"myService\",\r\n        \"id\": \"/subscriptions/00000000-0000-0000-0000-000000000000/resourceGroups/rgname/providers/Microsoft.Network/privateEndpoints/myPrivateEndpoint/privateLinkServiceConnections/myService\",\r\n
        \       \"etag\": \"W/\\\"82103427-2aa5-48ea-8289-720f0aecbd0f\\\"\",\r\n
        \       \"properties\": {\r\n          \"provisioningState\": \"Succeeded\",\r\n
        \         \"privateLinkServiceId\": \"/subscriptions/00000000-0000-0000-0000-000000000000/resourceGroups/rgname/providers/Microsoft.Network/privateLinkServices/myService\",\r\n
        \         \"privateLinkServiceConnectionState\": {\r\n            \"status\":
        \"Approved\",\r\n            \"description\": \"approved it for some reason.\",\r\n
        \           \"actionsRequired\": \"\"\r\n          }\r\n        },\r\n        \"type\":
        \"Microsoft.Network/privateEndpoints/privateLinkServiceConnections\"\r\n      }\r\n
        \   ],\r\n    \"manualPrivateLinkServiceConnections\": [],\r\n    \"subnet\":
        {\r\n      \"id\": \"/subscriptions/00000000-0000-0000-0000-000000000000/resourceGroups/rgname/providers/Microsoft.Network/virtualNetworks/virtualnetwork/subnets/subnet2\"\r\n
        \   },\r\n    \"networkInterfaces\": [\r\n      {\r\n        \"id\": \"/subscriptions/00000000-0000-0000-0000-000000000000/resourceGroups/rgname/providers/Microsoft.Network/networkInterfaces/myPrivateEndpoint.nic.e64dc9f3-7f52-4e27-a5f9-572c8bd61b5c\"\r\n
        \     }\r\n    ],\r\n    \"customDnsConfigs\": []\r\n  }\r\n}"
    headers:
      cache-control:
      - no-cache
      content-length:
      - '2183'
      content-type:
      - application/json; charset=utf-8
      date:
      - Thu, 26 Nov 2020 06:49:43 GMT
      etag:
      - W/"82103427-2aa5-48ea-8289-720f0aecbd0f"
      expires:
      - '-1'
      pragma:
      - no-cache
      server:
      - Microsoft-HTTPAPI/2.0
      - Microsoft-HTTPAPI/2.0
      strict-transport-security:
      - max-age=31536000; includeSubDomains
      transfer-encoding:
      - chunked
      vary:
      - Accept-Encoding
      x-content-type-options:
      - nosniff
      x-ms-arm-service-request-id:
      - 7ab877e1-83a6-47be-9495-0ba3dbc96021
    status:
      code: 200
      message: OK
- request:
    body: null
    headers:
      Accept:
      - application/json
      Accept-Encoding:
      - gzip, deflate
      Connection:
      - keep-alive
      User-Agent:
      - azsdk-python-azure-mgmt-network/17.0.0 Python/3.7.3 (Windows-10-10.0.19041-SP0)
    method: GET
    uri: https://management.azure.com/subscriptions/00000000-0000-0000-0000-000000000000/resourceGroups/rgname/providers/Microsoft.Network/privateLinkServices/myService?api-version=2020-07-01
  response:
    body:
      string: "{\r\n  \"name\": \"myService\",\r\n  \"id\": \"/subscriptions/00000000-0000-0000-0000-000000000000/resourceGroups/rgname/providers/Microsoft.Network/privateLinkServices/myService\",\r\n
        \ \"etag\": \"W/\\\"055adedd-9f44-46f4-bfef-e69825068ac8\\\"\",\r\n  \"type\":
        \"Microsoft.Network/privateLinkServices\",\r\n  \"location\": \"eastus\",\r\n
        \ \"properties\": {\r\n    \"provisioningState\": \"Succeeded\",\r\n    \"resourceGuid\":
        \"328a3e20-724a-4d20-9686-ae4af9fe67e4\",\r\n    \"fqdns\": [\r\n      \"fqdn1\",\r\n
        \     \"fqdn2\",\r\n      \"fqdn3\"\r\n    ],\r\n    \"alias\": \"myservice.4fa7db5a-643e-4361-a1d7-33446780645c.eastus.azure.privatelinkservice\",\r\n
        \   \"visibility\": {\r\n      \"subscriptions\": [\r\n        \"00000000-0000-0000-0000-000000000000\"\r\n
        \     ]\r\n    },\r\n    \"autoApproval\": {\r\n      \"subscriptions\": [\r\n
        \       \"00000000-0000-0000-0000-000000000000\"\r\n      ]\r\n    },\r\n
        \   \"enableProxyProtocol\": false,\r\n    \"loadBalancerFrontendIpConfigurations\":
        [\r\n      {\r\n        \"id\": \"/subscriptions/00000000-0000-0000-0000-000000000000/resourceGroups/rgname/providers/Microsoft.Network/loadBalancers/loadbalancer/frontendIPConfigurations/myIPConfiguration\"\r\n
        \     }\r\n    ],\r\n    \"ipConfigurations\": [\r\n      {\r\n        \"name\":
        \"myIPConfiguration\",\r\n        \"id\": \"/subscriptions/00000000-0000-0000-0000-000000000000/resourceGroups/rgname/providers/Microsoft.Network/privateLinkServices/myService/ipConfigurations/myIPConfiguration\",\r\n
        \       \"etag\": \"W/\\\"055adedd-9f44-46f4-bfef-e69825068ac8\\\"\",\r\n
        \       \"type\": \"Microsoft.Network/privateLinkServices/ipConfigurations\",\r\n
        \       \"properties\": {\r\n          \"provisioningState\": \"Succeeded\",\r\n
        \         \"privateIPAllocationMethod\": \"Dynamic\",\r\n          \"subnet\":
        {\r\n            \"id\": \"/subscriptions/00000000-0000-0000-0000-000000000000/resourceGroups/rgname/providers/Microsoft.Network/virtualNetworks/virtualnetwork/subnets/subnet1\"\r\n
        \         },\r\n          \"primary\": true,\r\n          \"privateIPAddressVersion\":
        \"IPv4\"\r\n        }\r\n      }\r\n    ],\r\n    \"privateEndpointConnections\":
        [\r\n      {\r\n        \"name\": \"myPrivateEndpoint.b6d9f93b-6394-4141-8065-42e5bad35e99\",\r\n
        \       \"id\": \"/subscriptions/00000000-0000-0000-0000-000000000000/resourceGroups/rgname/providers/Microsoft.Network/privateLinkServices/myService/privateEndpointConnections/myPrivateEndpoint.b6d9f93b-6394-4141-8065-42e5bad35e99\",\r\n
        \       \"etag\": \"W/\\\"055adedd-9f44-46f4-bfef-e69825068ac8\\\"\",\r\n
        \       \"properties\": {\r\n          \"provisioningState\": \"Succeeded\",\r\n
        \         \"privateEndpoint\": {\r\n            \"id\": \"/subscriptions/00000000-0000-0000-0000-000000000000/resourceGroups/rgname/providers/Microsoft.Network/privateEndpoints/myPrivateEndpoint\"\r\n
        \         },\r\n          \"privateLinkServiceConnectionState\": {\r\n            \"status\":
        \"Approved\",\r\n            \"description\": \"approved it for some reason.\",\r\n
        \           \"actionsRequired\": \"\"\r\n          },\r\n          \"linkIdentifier\":
        \"536890164\"\r\n        },\r\n        \"type\": \"Microsoft.Network/privateLinkServices/privateEndpointConnections\"\r\n
        \     }\r\n    ],\r\n    \"networkInterfaces\": [\r\n      {\r\n        \"id\":
        \"/subscriptions/00000000-0000-0000-0000-000000000000/resourceGroups/rgname/providers/Microsoft.Network/networkInterfaces/myService.nic.6d95599e-9861-436a-9a81-9549646d3ff7\"\r\n
        \     }\r\n    ]\r\n  }\r\n}"
    headers:
      cache-control:
      - no-cache
      content-length:
      - '3708'
      content-type:
      - application/json; charset=utf-8
      date:
      - Thu, 26 Nov 2020 06:49:43 GMT
      etag:
      - W/"055adedd-9f44-46f4-bfef-e69825068ac8"
      expires:
      - '-1'
      pragma:
      - no-cache
      server:
      - Microsoft-HTTPAPI/2.0
      - Microsoft-HTTPAPI/2.0
      strict-transport-security:
      - max-age=31536000; includeSubDomains
      transfer-encoding:
      - chunked
      vary:
      - Accept-Encoding
      x-content-type-options:
      - nosniff
      x-ms-arm-service-request-id:
      - 3213bf55-d93b-48b2-b550-a3eb317a79b4
    status:
      code: 200
      message: OK
- request:
    body: null
    headers:
      Accept:
      - application/json
      Accept-Encoding:
      - gzip, deflate
      Connection:
      - keep-alive
      Content-Length:
      - '0'
      User-Agent:
      - azsdk-python-azure-mgmt-network/17.0.0 Python/3.7.3 (Windows-10-10.0.19041-SP0)
    method: DELETE
    uri: https://management.azure.com/subscriptions/00000000-0000-0000-0000-000000000000/resourceGroups/rgname/providers/Microsoft.Network/privateEndpoints/myPrivateEndpoint/privateDnsZoneGroups/myPrivateDnsZoneGroup?api-version=2020-07-01
  response:
    body:
      string: ''
    headers:
      azure-asyncoperation:
      - https://management.azure.com/subscriptions/00000000-0000-0000-0000-000000000000/providers/Microsoft.Network/locations/eastus/operations/bfc96610-9e56-42bd-b109-f339ea305080?api-version=2020-07-01
      cache-control:
      - no-cache
      content-length:
      - '0'
      date:
      - Thu, 26 Nov 2020 06:49:44 GMT
      expires:
      - '-1'
      location:
      - https://management.azure.com/subscriptions/00000000-0000-0000-0000-000000000000/providers/Microsoft.Network/locations/eastus/operationResults/bfc96610-9e56-42bd-b109-f339ea305080?api-version=2020-07-01
      pragma:
      - no-cache
      server:
      - Microsoft-HTTPAPI/2.0
      - Microsoft-HTTPAPI/2.0
      strict-transport-security:
      - max-age=31536000; includeSubDomains
      x-content-type-options:
      - nosniff
      x-ms-arm-service-request-id:
      - a8df5a8d-a51f-47bd-9a39-1da0ef6e2537
      x-ms-ratelimit-remaining-subscription-deletes:
      - '14999'
    status:
      code: 202
      message: Accepted
- request:
    body: null
    headers:
      Accept:
      - '*/*'
      Accept-Encoding:
      - gzip, deflate
      Connection:
      - keep-alive
      User-Agent:
      - azsdk-python-azure-mgmt-network/17.0.0 Python/3.7.3 (Windows-10-10.0.19041-SP0)
    method: GET
    uri: https://management.azure.com/subscriptions/00000000-0000-0000-0000-000000000000/providers/Microsoft.Network/locations/eastus/operations/bfc96610-9e56-42bd-b109-f339ea305080?api-version=2020-07-01
  response:
    body:
      string: "{\r\n  \"status\": \"Succeeded\"\r\n}"
    headers:
      cache-control:
      - no-cache
      content-length:
      - '29'
      content-type:
      - application/json; charset=utf-8
      date:
      - Thu, 26 Nov 2020 06:49:55 GMT
      expires:
      - '-1'
      pragma:
      - no-cache
      server:
      - Microsoft-HTTPAPI/2.0
      - Microsoft-HTTPAPI/2.0
      strict-transport-security:
      - max-age=31536000; includeSubDomains
      transfer-encoding:
      - chunked
      vary:
      - Accept-Encoding
      x-content-type-options:
      - nosniff
      x-ms-arm-service-request-id:
      - aba2cae6-5110-4273-86de-d8c998f29b15
    status:
      code: 200
      message: OK
- request:
    body: null
    headers:
      Accept:
      - application/json
      Accept-Encoding:
      - gzip, deflate
      Connection:
      - keep-alive
      Content-Length:
      - '0'
      User-Agent:
      - azsdk-python-azure-mgmt-network/17.0.0 Python/3.7.3 (Windows-10-10.0.19041-SP0)
    method: DELETE
    uri: https://management.azure.com/subscriptions/00000000-0000-0000-0000-000000000000/resourceGroups/rgname/providers/Microsoft.Network/privateLinkServices/myService/privateEndpointConnections/myPrivateEndpoint.b6d9f93b-6394-4141-8065-42e5bad35e99?api-version=2020-07-01
  response:
    body:
      string: ''
    headers:
      azure-asyncoperation:
      - https://management.azure.com/subscriptions/00000000-0000-0000-0000-000000000000/providers/Microsoft.Network/locations/eastus/operations/d11ec627-e038-4ba4-aa4d-e9d89d207503?api-version=2020-07-01
      cache-control:
      - no-cache
      content-length:
      - '0'
      date:
      - Thu, 26 Nov 2020 06:49:55 GMT
      expires:
      - '-1'
      location:
      - https://management.azure.com/subscriptions/00000000-0000-0000-0000-000000000000/providers/Microsoft.Network/locations/eastus/operationResults/d11ec627-e038-4ba4-aa4d-e9d89d207503?api-version=2020-07-01
      pragma:
      - no-cache
      server:
      - Microsoft-HTTPAPI/2.0
      - Microsoft-HTTPAPI/2.0
      strict-transport-security:
      - max-age=31536000; includeSubDomains
      x-content-type-options:
      - nosniff
      x-ms-arm-service-request-id:
      - cbedcde1-02ac-4e44-90ac-51e6f04c4f79
      x-ms-ratelimit-remaining-subscription-deletes:
      - '14998'
    status:
      code: 202
      message: Accepted
- request:
    body: null
    headers:
      Accept:
      - '*/*'
      Accept-Encoding:
      - gzip, deflate
      Connection:
      - keep-alive
      User-Agent:
      - azsdk-python-azure-mgmt-network/17.0.0 Python/3.7.3 (Windows-10-10.0.19041-SP0)
    method: GET
    uri: https://management.azure.com/subscriptions/00000000-0000-0000-0000-000000000000/providers/Microsoft.Network/locations/eastus/operations/d11ec627-e038-4ba4-aa4d-e9d89d207503?api-version=2020-07-01
  response:
    body:
      string: "{\r\n  \"status\": \"Succeeded\"\r\n}"
    headers:
      cache-control:
      - no-cache
      content-length:
      - '29'
      content-type:
      - application/json; charset=utf-8
      date:
      - Thu, 26 Nov 2020 06:50:06 GMT
      expires:
      - '-1'
      pragma:
      - no-cache
      server:
      - Microsoft-HTTPAPI/2.0
      - Microsoft-HTTPAPI/2.0
      strict-transport-security:
      - max-age=31536000; includeSubDomains
      transfer-encoding:
      - chunked
      vary:
      - Accept-Encoding
      x-content-type-options:
      - nosniff
      x-ms-arm-service-request-id:
      - 3fd8f50b-caae-4710-aa51-547c66f28554
    status:
      code: 200
      message: OK
- request:
    body: null
    headers:
      Accept:
      - application/json
      Accept-Encoding:
      - gzip, deflate
      Connection:
      - keep-alive
      Content-Length:
      - '0'
      User-Agent:
      - azsdk-python-azure-mgmt-network/17.0.0 Python/3.7.3 (Windows-10-10.0.19041-SP0)
    method: DELETE
    uri: https://management.azure.com/subscriptions/00000000-0000-0000-0000-000000000000/resourceGroups/rgname/providers/Microsoft.Network/privateEndpoints/myPrivateEndpoint?api-version=2020-07-01
  response:
    body:
      string: ''
    headers:
      azure-asyncnotification:
      - Enabled
      azure-asyncoperation:
      - https://management.azure.com/subscriptions/00000000-0000-0000-0000-000000000000/providers/Microsoft.Network/locations/eastus/operations/18fa7d1a-b064-48c8-9d13-e8ecf27bcba2?api-version=2020-07-01
      cache-control:
      - no-cache
      content-length:
      - '0'
      date:
      - Thu, 26 Nov 2020 06:50:07 GMT
      expires:
      - '-1'
      location:
      - https://management.azure.com/subscriptions/00000000-0000-0000-0000-000000000000/providers/Microsoft.Network/locations/eastus/operationResults/18fa7d1a-b064-48c8-9d13-e8ecf27bcba2?api-version=2020-07-01
      pragma:
      - no-cache
      server:
      - Microsoft-HTTPAPI/2.0
      - Microsoft-HTTPAPI/2.0
      strict-transport-security:
      - max-age=31536000; includeSubDomains
      x-content-type-options:
      - nosniff
      x-ms-arm-service-request-id:
      - 97f6efab-3237-4046-a9f9-f1afaab058ed
      x-ms-ratelimit-remaining-subscription-deletes:
      - '14997'
    status:
      code: 202
      message: Accepted
- request:
    body: null
    headers:
      Accept:
      - '*/*'
      Accept-Encoding:
      - gzip, deflate
      Connection:
      - keep-alive
      User-Agent:
      - azsdk-python-azure-mgmt-network/17.0.0 Python/3.7.3 (Windows-10-10.0.19041-SP0)
    method: GET
    uri: https://management.azure.com/subscriptions/00000000-0000-0000-0000-000000000000/providers/Microsoft.Network/locations/eastus/operations/18fa7d1a-b064-48c8-9d13-e8ecf27bcba2?api-version=2020-07-01
  response:
    body:
      string: "{\r\n  \"status\": \"Succeeded\"\r\n}"
    headers:
      cache-control:
      - no-cache
      content-length:
      - '29'
      content-type:
      - application/json; charset=utf-8
      date:
      - Thu, 26 Nov 2020 06:50:17 GMT
      expires:
      - '-1'
      pragma:
      - no-cache
      server:
      - Microsoft-HTTPAPI/2.0
      - Microsoft-HTTPAPI/2.0
      strict-transport-security:
      - max-age=31536000; includeSubDomains
      transfer-encoding:
      - chunked
      vary:
      - Accept-Encoding
      x-content-type-options:
      - nosniff
      x-ms-arm-service-request-id:
      - 82e7bb55-920a-4f38-aa37-66f914ff78b4
    status:
      code: 200
      message: OK
- request:
    body: null
    headers:
      Accept:
      - application/json
      Accept-Encoding:
      - gzip, deflate
      Connection:
      - keep-alive
      Content-Length:
      - '0'
      User-Agent:
      - azsdk-python-azure-mgmt-network/17.0.0 Python/3.7.3 (Windows-10-10.0.19041-SP0)
    method: DELETE
    uri: https://management.azure.com/subscriptions/00000000-0000-0000-0000-000000000000/resourceGroups/rgname/providers/Microsoft.Network/privateLinkServices/myService?api-version=2020-07-01
  response:
    body:
      string: ''
    headers:
      azure-asyncnotification:
      - Enabled
      azure-asyncoperation:
      - https://management.azure.com/subscriptions/00000000-0000-0000-0000-000000000000/providers/Microsoft.Network/locations/eastus/operations/2b889e86-e969-49d9-a6a2-a97dc43d3617?api-version=2020-07-01
      cache-control:
      - no-cache
      content-length:
      - '0'
      date:
      - Thu, 26 Nov 2020 06:50:19 GMT
      expires:
      - '-1'
      location:
      - https://management.azure.com/subscriptions/00000000-0000-0000-0000-000000000000/providers/Microsoft.Network/locations/eastus/operationResults/2b889e86-e969-49d9-a6a2-a97dc43d3617?api-version=2020-07-01
      pragma:
      - no-cache
      server:
      - Microsoft-HTTPAPI/2.0
      - Microsoft-HTTPAPI/2.0
      strict-transport-security:
      - max-age=31536000; includeSubDomains
      x-content-type-options:
      - nosniff
      x-ms-arm-service-request-id:
      - 935078fc-0623-464e-a4f2-2e9aa8d0c27c
      x-ms-ratelimit-remaining-subscription-deletes:
      - '14996'
    status:
      code: 202
      message: Accepted
- request:
    body: null
    headers:
      Accept:
      - '*/*'
      Accept-Encoding:
      - gzip, deflate
      Connection:
      - keep-alive
      User-Agent:
      - azsdk-python-azure-mgmt-network/17.0.0 Python/3.7.3 (Windows-10-10.0.19041-SP0)
    method: GET
    uri: https://management.azure.com/subscriptions/00000000-0000-0000-0000-000000000000/providers/Microsoft.Network/locations/eastus/operations/2b889e86-e969-49d9-a6a2-a97dc43d3617?api-version=2020-07-01
  response:
    body:
      string: "{\r\n  \"status\": \"Succeeded\"\r\n}"
    headers:
      cache-control:
      - no-cache
      content-length:
      - '29'
      content-type:
      - application/json; charset=utf-8
      date:
      - Thu, 26 Nov 2020 06:50:29 GMT
      expires:
      - '-1'
      pragma:
      - no-cache
      server:
      - Microsoft-HTTPAPI/2.0
      - Microsoft-HTTPAPI/2.0
      strict-transport-security:
      - max-age=31536000; includeSubDomains
      transfer-encoding:
      - chunked
      vary:
      - Accept-Encoding
      x-content-type-options:
      - nosniff
      x-ms-arm-service-request-id:
      - 8e8cae9a-7eae-4453-8543-59afaba7c31d
    status:
      code: 200
      message: OK
version: 1
