{
  "Entries": [
    {
      "RequestUri": "https://login.microsoftonline.com/00000000-0000-0000-0000-000000000000/v2.0/.well-known/openid-configuration",
      "RequestMethod": "GET",
      "RequestHeaders": {
        "Accept": "*/*",
        "Accept-Encoding": "gzip, deflate",
        "Connection": "keep-alive",
        "User-Agent": "azsdk-python-identity/1.14.0b3 Python/3.8.17 (Linux-5.15.0-1041-azure-x86_64-with-glibc2.2.5) VSTS_0fb41ef4-5012-48a9-bf39-4ee3de03ee35_build_2384_0"
      },
      "RequestBody": null,
      "StatusCode": 200,
      "ResponseHeaders": {
        "Access-Control-Allow-Methods": "GET, OPTIONS",
        "Access-Control-Allow-Origin": "*",
        "Cache-Control": "max-age=86400, private",
        "Content-Length": "1753",
        "Content-Type": "application/json; charset=utf-8",
        "Date": "Thu, 20 Jul 2023 08:01:22 GMT",
        "P3P": "CP=\u0022DSP CUR OTPi IND OTRi ONL FIN\u0022",
        "Set-Cookie": "[set-cookie;]",
        "Strict-Transport-Security": "max-age=31536000; includeSubDomains",
        "X-Content-Type-Options": "nosniff",
        "x-ms-ests-server": "2.1.15868.4 - WUS2 ProdSlices",
        "X-XSS-Protection": "0"
      },
      "ResponseBody": {
        "token_endpoint": "https://login.microsoftonline.com/00000000-0000-0000-0000-000000000000/oauth2/v2.0/token",
        "token_endpoint_auth_methods_supported": [
          "client_secret_post",
          "private_key_jwt",
          "client_secret_basic"
        ],
        "jwks_uri": "https://login.microsoftonline.com/00000000-0000-0000-0000-000000000000/discovery/v2.0/keys",
        "response_modes_supported": [
          "query",
          "fragment",
          "form_post"
        ],
        "subject_types_supported": [
          "pairwise"
        ],
        "id_token_signing_alg_values_supported": [
          "RS256"
        ],
        "response_types_supported": [
          "code",
          "id_token",
          "code id_token",
          "id_token token"
        ],
        "scopes_supported": [
          "openid",
          "profile",
          "email",
          "offline_access"
        ],
        "issuer": "https://login.microsoftonline.com/00000000-0000-0000-0000-000000000000/v2.0",
        "request_uri_parameter_supported": false,
        "userinfo_endpoint": "https://graph.microsoft.com/oidc/userinfo",
        "authorization_endpoint": "https://login.microsoftonline.com/00000000-0000-0000-0000-000000000000/oauth2/v2.0/authorize",
        "device_authorization_endpoint": "https://login.microsoftonline.com/00000000-0000-0000-0000-000000000000/oauth2/v2.0/devicecode",
        "http_logout_supported": true,
        "frontchannel_logout_supported": true,
        "end_session_endpoint": "https://login.microsoftonline.com/00000000-0000-0000-0000-000000000000/oauth2/v2.0/logout",
        "claims_supported": [
          "sub",
          "iss",
          "cloud_instance_name",
          "cloud_instance_host_name",
          "cloud_graph_host_name",
          "msgraph_host",
          "aud",
          "exp",
          "iat",
          "auth_time",
          "acr",
          "nonce",
          "preferred_username",
          "name",
          "tid",
          "ver",
          "at_hash",
          "c_hash",
          "email"
        ],
        "kerberos_endpoint": "https://login.microsoftonline.com/00000000-0000-0000-0000-000000000000/kerberos",
        "tenant_region_scope": "WW",
        "cloud_instance_name": "microsoftonline.com",
        "cloud_graph_host_name": "graph.windows.net",
        "msgraph_host": "graph.microsoft.com",
        "rbac_url": "https://pas.windows.net"
      }
    },
    {
      "RequestUri": "https://login.microsoftonline.com/common/discovery/instance?api-version=1.1\u0026authorization_endpoint=https://login.microsoftonline.com/common/oauth2/authorize",
      "RequestMethod": "GET",
      "RequestHeaders": {
        "Accept": "application/json",
        "Accept-Encoding": "gzip, deflate",
        "Connection": "keep-alive",
        "Cookie": "cookie;",
        "User-Agent": "azsdk-python-identity/1.14.0b3 Python/3.8.17 (Linux-5.15.0-1041-azure-x86_64-with-glibc2.2.5) VSTS_0fb41ef4-5012-48a9-bf39-4ee3de03ee35_build_2384_0"
      },
      "RequestBody": null,
      "StatusCode": 200,
      "ResponseHeaders": {
        "Access-Control-Allow-Methods": "GET, OPTIONS",
        "Access-Control-Allow-Origin": "*",
        "Cache-Control": "max-age=86400, private",
        "Content-Length": "945",
        "Content-Type": "application/json; charset=utf-8",
        "Date": "Thu, 20 Jul 2023 08:01:22 GMT",
        "P3P": "CP=\u0022DSP CUR OTPi IND OTRi ONL FIN\u0022",
        "Set-Cookie": "[set-cookie;]",
        "Strict-Transport-Security": "max-age=31536000; includeSubDomains",
        "X-Content-Type-Options": "nosniff",
        "x-ms-ests-server": "2.1.15811.5 - NCUS ProdSlices",
        "X-XSS-Protection": "0"
      },
      "ResponseBody": {
        "tenant_discovery_endpoint": "https://login.microsoftonline.com/common/.well-known/openid-configuration",
        "api-version": "1.1",
        "metadata": [
          {
            "preferred_network": "login.microsoftonline.com",
            "preferred_cache": "login.windows.net",
            "aliases": [
              "login.microsoftonline.com",
              "login.windows.net",
              "login.microsoft.com",
              "sts.windows.net"
            ]
          },
          {
            "preferred_network": "login.partner.microsoftonline.cn",
            "preferred_cache": "login.partner.microsoftonline.cn",
            "aliases": [
              "login.partner.microsoftonline.cn",
              "login.chinacloudapi.cn"
            ]
          },
          {
            "preferred_network": "login.microsoftonline.de",
            "preferred_cache": "login.microsoftonline.de",
            "aliases": [
              "login.microsoftonline.de"
            ]
          },
          {
            "preferred_network": "login.microsoftonline.us",
            "preferred_cache": "login.microsoftonline.us",
            "aliases": [
              "login.microsoftonline.us",
              "login.usgovcloudapi.net"
            ]
          },
          {
            "preferred_network": "login-us.microsoftonline.com",
            "preferred_cache": "login-us.microsoftonline.com",
            "aliases": [
              "login-us.microsoftonline.com"
            ]
          }
        ]
      }
    },
    {
      "RequestUri": "https://login.microsoftonline.com/00000000-0000-0000-0000-000000000000/oauth2/v2.0/token",
      "RequestMethod": "POST",
      "RequestHeaders": {
        "Accept": "application/json",
        "Accept-Encoding": "gzip, deflate",
        "client-request-id": "b411202e-1603-4ba6-9457-fc9f6b8ac215",
        "Connection": "keep-alive",
        "Content-Length": "288",
        "Content-Type": "application/x-www-form-urlencoded",
        "Cookie": "cookie;",
        "User-Agent": "azsdk-python-identity/1.14.0b3 Python/3.8.17 (Linux-5.15.0-1041-azure-x86_64-with-glibc2.2.5) VSTS_0fb41ef4-5012-48a9-bf39-4ee3de03ee35_build_2384_0",
        "x-client-cpu": "x64",
        "x-client-current-telemetry": "4|730,0|",
        "x-client-last-telemetry": "4|0|||",
        "x-client-os": "linux",
        "x-client-sku": "MSAL.Python",
        "x-client-ver": "1.22.0",
        "x-ms-lib-capability": "retry-after, h429"
      },
      "RequestBody": "client_id=00000000-0000-0000-0000-000000000000\u0026grant_type=client_credentials\u0026client_info=1\u0026client_secret=00000000-0000-0000-0000-000000000000\u0026claims=%7B%22access_token%22%3A\u002B%7B%22xms_cc%22%3A\u002B%7B%22values%22%3A\u002B%5B%22CP1%22%5D%7D%7D%7D\u0026scope=https%3A%2F%2Fmanagement.azure.com%2F.default",
      "StatusCode": 200,
      "ResponseHeaders": {
        "Cache-Control": "no-store, no-cache",
        "client-request-id": "b411202e-1603-4ba6-9457-fc9f6b8ac215",
        "Content-Length": "114",
        "Content-Type": "application/json; charset=utf-8",
        "Date": "Thu, 20 Jul 2023 08:01:22 GMT",
        "Expires": "-1",
        "P3P": "CP=\u0022DSP CUR OTPi IND OTRi ONL FIN\u0022",
        "Pragma": "no-cache",
        "Set-Cookie": "[set-cookie;]",
        "Strict-Transport-Security": "max-age=31536000; includeSubDomains",
        "X-Content-Type-Options": "nosniff",
        "x-ms-clitelem": "1,0,0,,",
        "x-ms-ests-server": "2.1.15868.4 - SCUS ProdSlices",
        "X-XSS-Protection": "0"
      },
      "ResponseBody": {
        "token_type": "Bearer",
        "expires_in": 86399,
        "ext_expires_in": 86399,
        "refresh_in": 43199,
        "access_token": "access_token"
      }
    },
    {
      "RequestUri": "https://management.azure.com/subscriptions/00000000-0000-0000-0000-000000000000/resourceGroups/rgname/providers/Microsoft.Network/routeTables/myRouteTable?api-version=2023-02-01",
      "RequestMethod": "PUT",
      "RequestHeaders": {
        "Accept": "application/json",
        "Accept-Encoding": "gzip, deflate",
        "Connection": "keep-alive",
        "Content-Length": "22",
        "Content-Type": "application/json",
        "User-Agent": "azsdk-python-mgmt-network/0.0.0 Python/3.8.17 (Linux-5.15.0-1041-azure-x86_64-with-glibc2.2.5) VSTS_0fb41ef4-5012-48a9-bf39-4ee3de03ee35_build_2384_0"
      },
      "RequestBody": {
        "location": "westus"
      },
      "StatusCode": 201,
      "ResponseHeaders": {
        "Azure-AsyncNotification": "Enabled",
        "Azure-AsyncOperation": "https://management.azure.com/subscriptions/00000000-0000-0000-0000-000000000000/providers/Microsoft.Network/locations/westus/operations/7b5087a8-836e-48f5-aad9-32968323ac7d?api-version=2023-02-01",
        "Cache-Control": "no-cache",
        "Content-Length": "415",
        "Content-Type": "application/json; charset=utf-8",
        "Date": "Thu, 20 Jul 2023 08:01:22 GMT",
        "Expires": "-1",
        "Pragma": "no-cache",
        "Retry-After": "2",
        "Server": [
          "Microsoft-HTTPAPI/2.0",
          "Microsoft-HTTPAPI/2.0"
        ],
        "Strict-Transport-Security": "max-age=31536000; includeSubDomains",
        "X-Content-Type-Options": "nosniff",
        "x-ms-arm-service-request-id": "537dfa1e-0158-4182-badf-7c50754c9d80",
        "x-ms-correlation-request-id": "ea692e2b-3e4c-4172-a2e1-795a6cc77c7e",
        "x-ms-ratelimit-remaining-subscription-writes": "1179",
        "x-ms-routing-request-id": "NORTHCENTRALUS:20230720T080123Z:ea692e2b-3e4c-4172-a2e1-795a6cc77c7e"
      },
      "ResponseBody": {
        "name": "myRouteTable",
        "id": "/subscriptions/00000000-0000-0000-0000-000000000000/resourceGroups/rgname/providers/Microsoft.Network/routeTables/myRouteTable",
        "etag": "W/\u0022496cf226-57cf-4144-9815-cf923b897397\u0022",
        "type": "Microsoft.Network/routeTables",
        "location": "westus",
        "properties": {
          "provisioningState": "Updating",
          "resourceGuid": "3109fca4-42ed-4a9c-83a4-1ffbb01382be",
          "disableBgpRoutePropagation": false,
          "routes": []
        }
      }
    },
    {
      "RequestUri": "https://management.azure.com/subscriptions/00000000-0000-0000-0000-000000000000/providers/Microsoft.Network/locations/westus/operations/7b5087a8-836e-48f5-aad9-32968323ac7d?api-version=2023-02-01",
      "RequestMethod": "GET",
      "RequestHeaders": {
        "Accept": "*/*",
        "Accept-Encoding": "gzip, deflate",
        "Connection": "keep-alive",
        "User-Agent": "azsdk-python-mgmt-network/0.0.0 Python/3.8.17 (Linux-5.15.0-1041-azure-x86_64-with-glibc2.2.5) VSTS_0fb41ef4-5012-48a9-bf39-4ee3de03ee35_build_2384_0"
      },
      "RequestBody": null,
      "StatusCode": 200,
      "ResponseHeaders": {
        "Cache-Control": "no-cache",
        "Content-Encoding": "gzip",
        "Content-Type": "application/json; charset=utf-8",
        "Date": "Thu, 20 Jul 2023 08:01:22 GMT",
        "Expires": "-1",
        "Pragma": "no-cache",
        "Retry-After": "2",
        "Server": [
          "Microsoft-HTTPAPI/2.0",
          "Microsoft-HTTPAPI/2.0"
        ],
        "Strict-Transport-Security": "max-age=31536000; includeSubDomains",
        "Transfer-Encoding": "chunked",
        "Vary": "Accept-Encoding",
        "X-Content-Type-Options": "nosniff",
        "x-ms-arm-service-request-id": "bc592240-aea4-4e4d-a5e3-352174a401f5",
        "x-ms-correlation-request-id": "cbdca2de-092e-4182-b091-d4a70b1b45d7",
        "x-ms-ratelimit-remaining-subscription-reads": "11891",
        "x-ms-routing-request-id": "NORTHCENTRALUS:20230720T080123Z:cbdca2de-092e-4182-b091-d4a70b1b45d7"
      },
      "ResponseBody": {
        "status": "InProgress"
      }
    },
    {
      "RequestUri": "https://management.azure.com/subscriptions/00000000-0000-0000-0000-000000000000/providers/Microsoft.Network/locations/westus/operations/7b5087a8-836e-48f5-aad9-32968323ac7d?api-version=2023-02-01",
      "RequestMethod": "GET",
      "RequestHeaders": {
        "Accept": "*/*",
        "Accept-Encoding": "gzip, deflate",
        "Connection": "keep-alive",
        "User-Agent": "azsdk-python-mgmt-network/0.0.0 Python/3.8.17 (Linux-5.15.0-1041-azure-x86_64-with-glibc2.2.5) VSTS_0fb41ef4-5012-48a9-bf39-4ee3de03ee35_build_2384_0"
      },
      "RequestBody": null,
      "StatusCode": 200,
      "ResponseHeaders": {
        "Cache-Control": "no-cache",
        "Content-Encoding": "gzip",
        "Content-Type": "application/json; charset=utf-8",
        "Date": "Thu, 20 Jul 2023 08:01:25 GMT",
        "Expires": "-1",
        "Pragma": "no-cache",
        "Server": [
          "Microsoft-HTTPAPI/2.0",
          "Microsoft-HTTPAPI/2.0"
        ],
        "Strict-Transport-Security": "max-age=31536000; includeSubDomains",
        "Transfer-Encoding": "chunked",
        "Vary": "Accept-Encoding",
        "X-Content-Type-Options": "nosniff",
        "x-ms-arm-service-request-id": "d4955c95-b6fe-4485-be74-104ddec8026c",
        "x-ms-correlation-request-id": "26edafa2-8c24-4cf0-9981-ffdca3d389ff",
        "x-ms-ratelimit-remaining-subscription-reads": "11890",
        "x-ms-routing-request-id": "NORTHCENTRALUS:20230720T080125Z:26edafa2-8c24-4cf0-9981-ffdca3d389ff"
      },
      "ResponseBody": {
        "status": "Succeeded"
      }
    },
    {
      "RequestUri": "https://management.azure.com/subscriptions/00000000-0000-0000-0000-000000000000/resourceGroups/rgname/providers/Microsoft.Network/routeTables/myRouteTable?api-version=2023-02-01",
      "RequestMethod": "GET",
      "RequestHeaders": {
        "Accept": "*/*",
        "Accept-Encoding": "gzip, deflate",
        "Connection": "keep-alive",
        "User-Agent": "azsdk-python-mgmt-network/0.0.0 Python/3.8.17 (Linux-5.15.0-1041-azure-x86_64-with-glibc2.2.5) VSTS_0fb41ef4-5012-48a9-bf39-4ee3de03ee35_build_2384_0"
      },
      "RequestBody": null,
      "StatusCode": 200,
      "ResponseHeaders": {
        "Cache-Control": "no-cache",
        "Content-Encoding": "gzip",
        "Content-Type": "application/json; charset=utf-8",
        "Date": "Thu, 20 Jul 2023 08:01:25 GMT",
        "ETag": "W/\u00224245c0a4-74ea-42df-8f50-1e1def03b496\u0022",
        "Expires": "-1",
        "Pragma": "no-cache",
        "Server": [
          "Microsoft-HTTPAPI/2.0",
          "Microsoft-HTTPAPI/2.0"
        ],
        "Strict-Transport-Security": "max-age=31536000; includeSubDomains",
        "Transfer-Encoding": "chunked",
        "Vary": "Accept-Encoding",
        "X-Content-Type-Options": "nosniff",
        "x-ms-arm-service-request-id": "8912b516-8217-4d5f-b5ba-3943a73e2ef8",
        "x-ms-correlation-request-id": "3414b3ba-115e-4c4c-b8fd-66cadb370f91",
        "x-ms-ratelimit-remaining-subscription-reads": "11889",
        "x-ms-routing-request-id": "NORTHCENTRALUS:20230720T080126Z:3414b3ba-115e-4c4c-b8fd-66cadb370f91"
      },
      "ResponseBody": {
        "name": "myRouteTable",
        "id": "/subscriptions/00000000-0000-0000-0000-000000000000/resourceGroups/rgname/providers/Microsoft.Network/routeTables/myRouteTable",
        "etag": "W/\u00224245c0a4-74ea-42df-8f50-1e1def03b496\u0022",
        "type": "Microsoft.Network/routeTables",
        "location": "westus",
        "properties": {
          "provisioningState": "Succeeded",
          "resourceGuid": "3109fca4-42ed-4a9c-83a4-1ffbb01382be",
          "disableBgpRoutePropagation": false,
          "routes": []
        }
      }
    },
    {
      "RequestUri": "https://management.azure.com/subscriptions/00000000-0000-0000-0000-000000000000/resourceGroups/rgname/providers/Microsoft.Network/routeTables/myRouteTable/routes/myRoute?api-version=2023-02-01",
      "RequestMethod": "PUT",
      "RequestHeaders": {
        "Accept": "application/json",
        "Accept-Encoding": "gzip, deflate",
        "Connection": "keep-alive",
        "Content-Length": "88",
        "Content-Type": "application/json",
        "User-Agent": "azsdk-python-mgmt-network/0.0.0 Python/3.8.17 (Linux-5.15.0-1041-azure-x86_64-with-glibc2.2.5) VSTS_0fb41ef4-5012-48a9-bf39-4ee3de03ee35_build_2384_0"
      },
      "RequestBody": {
        "properties": {
          "addressPrefix": "10.0.3.0/24",
          "nextHopType": "VirtualNetworkGateway"
        }
      },
      "StatusCode": 201,
      "ResponseHeaders": {
        "Azure-AsyncNotification": "Enabled",
        "Azure-AsyncOperation": "https://management.azure.com/subscriptions/00000000-0000-0000-0000-000000000000/providers/Microsoft.Network/locations/westus/operations/e68cfdf8-70f8-4728-a829-8d83f57e7fd1?api-version=2023-02-01",
        "Cache-Control": "no-cache",
        "Content-Length": "402",
        "Content-Type": "application/json; charset=utf-8",
        "Date": "Thu, 20 Jul 2023 08:01:25 GMT",
        "Expires": "-1",
        "Pragma": "no-cache",
        "Retry-After": "2",
        "Server": [
          "Microsoft-HTTPAPI/2.0",
          "Microsoft-HTTPAPI/2.0"
        ],
        "Strict-Transport-Security": "max-age=31536000; includeSubDomains",
        "X-Content-Type-Options": "nosniff",
        "x-ms-arm-service-request-id": "1f9caccf-5fcc-4b61-a0ed-b548f1d5c3cf",
        "x-ms-correlation-request-id": "18f41239-4a95-4de1-b053-671430c007ba",
        "x-ms-ratelimit-remaining-subscription-writes": "1178",
        "x-ms-routing-request-id": "NORTHCENTRALUS:20230720T080126Z:18f41239-4a95-4de1-b053-671430c007ba"
      },
      "ResponseBody": {
        "name": "myRoute",
        "id": "/subscriptions/00000000-0000-0000-0000-000000000000/resourceGroups/rgname/providers/Microsoft.Network/routeTables/myRouteTable/routes/myRoute",
        "etag": "W/\u00220effaed0-678e-4a14-898a-f4d89d02beee\u0022",
        "properties": {
          "provisioningState": "Updating",
          "addressPrefix": "10.0.3.0/24",
          "nextHopType": "VirtualNetworkGateway",
          "hasBgpOverride": false
        },
        "type": "Microsoft.Network/routeTables/routes"
      }
    },
    {
      "RequestUri": "https://management.azure.com/subscriptions/00000000-0000-0000-0000-000000000000/providers/Microsoft.Network/locations/westus/operations/e68cfdf8-70f8-4728-a829-8d83f57e7fd1?api-version=2023-02-01",
      "RequestMethod": "GET",
      "RequestHeaders": {
        "Accept": "*/*",
        "Accept-Encoding": "gzip, deflate",
        "Connection": "keep-alive",
        "User-Agent": "azsdk-python-mgmt-network/0.0.0 Python/3.8.17 (Linux-5.15.0-1041-azure-x86_64-with-glibc2.2.5) VSTS_0fb41ef4-5012-48a9-bf39-4ee3de03ee35_build_2384_0"
      },
      "RequestBody": null,
      "StatusCode": 200,
      "ResponseHeaders": {
        "Cache-Control": "no-cache",
        "Content-Encoding": "gzip",
        "Content-Type": "application/json; charset=utf-8",
        "Date": "Thu, 20 Jul 2023 08:01:25 GMT",
        "Expires": "-1",
        "Pragma": "no-cache",
        "Retry-After": "2",
        "Server": [
          "Microsoft-HTTPAPI/2.0",
          "Microsoft-HTTPAPI/2.0"
        ],
        "Strict-Transport-Security": "max-age=31536000; includeSubDomains",
        "Transfer-Encoding": "chunked",
        "Vary": "Accept-Encoding",
        "X-Content-Type-Options": "nosniff",
        "x-ms-arm-service-request-id": "6d3e312a-895f-429a-8f65-fc4dd680418f",
        "x-ms-correlation-request-id": "a1d236fe-60bc-40aa-97e8-7284d319c7cb",
        "x-ms-ratelimit-remaining-subscription-reads": "11888",
        "x-ms-routing-request-id": "NORTHCENTRALUS:20230720T080126Z:a1d236fe-60bc-40aa-97e8-7284d319c7cb"
      },
      "ResponseBody": {
        "status": "InProgress"
      }
    },
    {
      "RequestUri": "https://management.azure.com/subscriptions/00000000-0000-0000-0000-000000000000/providers/Microsoft.Network/locations/westus/operations/e68cfdf8-70f8-4728-a829-8d83f57e7fd1?api-version=2023-02-01",
      "RequestMethod": "GET",
      "RequestHeaders": {
        "Accept": "*/*",
        "Accept-Encoding": "gzip, deflate",
        "Connection": "keep-alive",
        "User-Agent": "azsdk-python-mgmt-network/0.0.0 Python/3.8.17 (Linux-5.15.0-1041-azure-x86_64-with-glibc2.2.5) VSTS_0fb41ef4-5012-48a9-bf39-4ee3de03ee35_build_2384_0"
      },
      "RequestBody": null,
      "StatusCode": 200,
      "ResponseHeaders": {
        "Cache-Control": "no-cache",
        "Content-Encoding": "gzip",
        "Content-Type": "application/json; charset=utf-8",
        "Date": "Thu, 20 Jul 2023 08:01:27 GMT",
        "Expires": "-1",
        "Pragma": "no-cache",
        "Server": [
          "Microsoft-HTTPAPI/2.0",
          "Microsoft-HTTPAPI/2.0"
        ],
        "Strict-Transport-Security": "max-age=31536000; includeSubDomains",
        "Transfer-Encoding": "chunked",
        "Vary": "Accept-Encoding",
        "X-Content-Type-Options": "nosniff",
        "x-ms-arm-service-request-id": "38368c4c-f3ea-4b05-a686-8e11e6e85010",
        "x-ms-correlation-request-id": "be17297f-3392-43a1-9976-e8da6fe29234",
        "x-ms-ratelimit-remaining-subscription-reads": "11887",
        "x-ms-routing-request-id": "NORTHCENTRALUS:20230720T080128Z:be17297f-3392-43a1-9976-e8da6fe29234"
      },
      "ResponseBody": {
        "status": "Succeeded"
      }
    },
    {
      "RequestUri": "https://management.azure.com/subscriptions/00000000-0000-0000-0000-000000000000/resourceGroups/rgname/providers/Microsoft.Network/routeTables/myRouteTable/routes/myRoute?api-version=2023-02-01",
      "RequestMethod": "GET",
      "RequestHeaders": {
        "Accept": "*/*",
        "Accept-Encoding": "gzip, deflate",
        "Connection": "keep-alive",
        "User-Agent": "azsdk-python-mgmt-network/0.0.0 Python/3.8.17 (Linux-5.15.0-1041-azure-x86_64-with-glibc2.2.5) VSTS_0fb41ef4-5012-48a9-bf39-4ee3de03ee35_build_2384_0"
      },
      "RequestBody": null,
      "StatusCode": 200,
      "ResponseHeaders": {
        "Cache-Control": "no-cache",
        "Content-Encoding": "gzip",
        "Content-Type": "application/json; charset=utf-8",
        "Date": "Thu, 20 Jul 2023 08:01:27 GMT",
        "ETag": "W/\u00227a0a11bf-03da-4a53-ac70-34bc3f3b1c08\u0022",
        "Expires": "-1",
        "Pragma": "no-cache",
        "Server": [
          "Microsoft-HTTPAPI/2.0",
          "Microsoft-HTTPAPI/2.0"
        ],
        "Strict-Transport-Security": "max-age=31536000; includeSubDomains",
        "Transfer-Encoding": "chunked",
        "Vary": "Accept-Encoding",
        "X-Content-Type-Options": "nosniff",
        "x-ms-arm-service-request-id": "4efcbf0e-22ff-4102-93e6-3840edc0626c",
        "x-ms-correlation-request-id": "8ba338da-1394-4009-b11a-075d6001e0b2",
        "x-ms-ratelimit-remaining-subscription-reads": "11886",
        "x-ms-routing-request-id": "NORTHCENTRALUS:20230720T080128Z:8ba338da-1394-4009-b11a-075d6001e0b2"
      },
      "ResponseBody": {
        "name": "myRoute",
        "id": "/subscriptions/00000000-0000-0000-0000-000000000000/resourceGroups/rgname/providers/Microsoft.Network/routeTables/myRouteTable/routes/myRoute",
        "etag": "W/\u00227a0a11bf-03da-4a53-ac70-34bc3f3b1c08\u0022",
        "properties": {
          "provisioningState": "Succeeded",
          "addressPrefix": "10.0.3.0/24",
          "nextHopType": "VirtualNetworkGateway",
          "hasBgpOverride": false
        },
        "type": "Microsoft.Network/routeTables/routes"
      }
    },
    {
      "RequestUri": "https://management.azure.com/subscriptions/00000000-0000-0000-0000-000000000000/resourceGroups/rgname/providers/Microsoft.Network/routeTables/myRouteTable/routes/myRoute?api-version=2023-02-01",
      "RequestMethod": "GET",
      "RequestHeaders": {
        "Accept": "application/json",
        "Accept-Encoding": "gzip, deflate",
        "Connection": "keep-alive",
        "User-Agent": "azsdk-python-mgmt-network/0.0.0 Python/3.8.17 (Linux-5.15.0-1041-azure-x86_64-with-glibc2.2.5) VSTS_0fb41ef4-5012-48a9-bf39-4ee3de03ee35_build_2384_0"
      },
      "RequestBody": null,
      "StatusCode": 200,
      "ResponseHeaders": {
        "Cache-Control": "no-cache",
        "Content-Encoding": "gzip",
        "Content-Type": "application/json; charset=utf-8",
        "Date": "Thu, 20 Jul 2023 08:01:27 GMT",
        "ETag": "W/\u00227a0a11bf-03da-4a53-ac70-34bc3f3b1c08\u0022",
        "Expires": "-1",
        "Pragma": "no-cache",
        "Server": [
          "Microsoft-HTTPAPI/2.0",
          "Microsoft-HTTPAPI/2.0"
        ],
        "Strict-Transport-Security": "max-age=31536000; includeSubDomains",
        "Transfer-Encoding": "chunked",
        "Vary": "Accept-Encoding",
        "X-Content-Type-Options": "nosniff",
        "x-ms-arm-service-request-id": "c26cbfdd-ec5e-4123-b0ca-90492a28dacc",
        "x-ms-correlation-request-id": "808acc74-90ad-4b4f-b66c-17336d68795d",
        "x-ms-ratelimit-remaining-subscription-reads": "11885",
        "x-ms-routing-request-id": "NORTHCENTRALUS:20230720T080128Z:808acc74-90ad-4b4f-b66c-17336d68795d"
      },
      "ResponseBody": {
        "name": "myRoute",
        "id": "/subscriptions/00000000-0000-0000-0000-000000000000/resourceGroups/rgname/providers/Microsoft.Network/routeTables/myRouteTable/routes/myRoute",
        "etag": "W/\u00227a0a11bf-03da-4a53-ac70-34bc3f3b1c08\u0022",
        "properties": {
          "provisioningState": "Succeeded",
          "addressPrefix": "10.0.3.0/24",
          "nextHopType": "VirtualNetworkGateway",
          "hasBgpOverride": false
        },
        "type": "Microsoft.Network/routeTables/routes"
      }
    },
    {
      "RequestUri": "https://management.azure.com/subscriptions/00000000-0000-0000-0000-000000000000/resourceGroups/rgname/providers/Microsoft.Network/routeTables/myRouteTable?api-version=2023-02-01",
      "RequestMethod": "GET",
      "RequestHeaders": {
        "Accept": "application/json",
        "Accept-Encoding": "gzip, deflate",
        "Connection": "keep-alive",
        "User-Agent": "azsdk-python-mgmt-network/0.0.0 Python/3.8.17 (Linux-5.15.0-1041-azure-x86_64-with-glibc2.2.5) VSTS_0fb41ef4-5012-48a9-bf39-4ee3de03ee35_build_2384_0"
      },
      "RequestBody": null,
      "StatusCode": 200,
      "ResponseHeaders": {
        "Cache-Control": "no-cache",
        "Content-Encoding": "gzip",
        "Content-Type": "application/json; charset=utf-8",
        "Date": "Thu, 20 Jul 2023 08:01:28 GMT",
        "ETag": "W/\u00227a0a11bf-03da-4a53-ac70-34bc3f3b1c08\u0022",
        "Expires": "-1",
        "Pragma": "no-cache",
        "Server": [
          "Microsoft-HTTPAPI/2.0",
          "Microsoft-HTTPAPI/2.0"
        ],
        "Strict-Transport-Security": "max-age=31536000; includeSubDomains",
        "Transfer-Encoding": "chunked",
        "Vary": "Accept-Encoding",
        "X-Content-Type-Options": "nosniff",
        "x-ms-arm-service-request-id": "35e2c2b3-6137-4517-9af8-4ba591a50d5a",
        "x-ms-correlation-request-id": "2b6c5228-7067-4780-9907-d7905b354a20",
        "x-ms-ratelimit-remaining-subscription-reads": "11884",
        "x-ms-routing-request-id": "NORTHCENTRALUS:20230720T080128Z:2b6c5228-7067-4780-9907-d7905b354a20"
      },
      "ResponseBody": {
        "name": "myRouteTable",
        "id": "/subscriptions/00000000-0000-0000-0000-000000000000/resourceGroups/rgname/providers/Microsoft.Network/routeTables/myRouteTable",
        "etag": "W/\u00227a0a11bf-03da-4a53-ac70-34bc3f3b1c08\u0022",
        "type": "Microsoft.Network/routeTables",
        "location": "westus",
        "properties": {
          "provisioningState": "Succeeded",
          "resourceGuid": "3109fca4-42ed-4a9c-83a4-1ffbb01382be",
          "disableBgpRoutePropagation": false,
          "routes": [
            {
              "name": "myRoute",
              "id": "/subscriptions/00000000-0000-0000-0000-000000000000/resourceGroups/rgname/providers/Microsoft.Network/routeTables/myRouteTable/routes/myRoute",
              "etag": "W/\u00227a0a11bf-03da-4a53-ac70-34bc3f3b1c08\u0022",
              "properties": {
                "provisioningState": "Succeeded",
                "addressPrefix": "10.0.3.0/24",
                "nextHopType": "VirtualNetworkGateway",
                "hasBgpOverride": false
              },
              "type": "Microsoft.Network/routeTables/routes"
            }
          ]
        }
      }
    },
    {
      "RequestUri": "https://management.azure.com/subscriptions/00000000-0000-0000-0000-000000000000/resourceGroups/rgname/providers/Microsoft.Network/routeTables/myRouteTable?api-version=2023-02-01",
      "RequestMethod": "PATCH",
      "RequestHeaders": {
        "Accept": "application/json",
        "Accept-Encoding": "gzip, deflate",
        "Connection": "keep-alive",
        "Content-Length": "46",
        "Content-Type": "application/json",
        "User-Agent": "azsdk-python-mgmt-network/0.0.0 Python/3.8.17 (Linux-5.15.0-1041-azure-x86_64-with-glibc2.2.5) VSTS_0fb41ef4-5012-48a9-bf39-4ee3de03ee35_build_2384_0"
      },
      "RequestBody": {
        "tags": {
          "tag1": "value1",
          "tag2": "value2"
        }
      },
      "StatusCode": 200,
      "ResponseHeaders": {
        "Azure-AsyncNotification": "Enabled",
        "Cache-Control": "no-cache",
        "Content-Encoding": "gzip",
        "Content-Type": "application/json; charset=utf-8",
        "Date": "Thu, 20 Jul 2023 08:01:28 GMT",
        "Expires": "-1",
        "Pragma": "no-cache",
        "Server": [
          "Microsoft-HTTPAPI/2.0",
          "Microsoft-HTTPAPI/2.0"
        ],
        "Strict-Transport-Security": "max-age=31536000; includeSubDomains",
        "Transfer-Encoding": "chunked",
        "Vary": "Accept-Encoding",
        "X-Content-Type-Options": "nosniff",
        "x-ms-arm-service-request-id": "a596ab15-b85b-4c33-b692-14feb7d00575",
        "x-ms-correlation-request-id": "777826b1-e240-440e-a5de-ba7e4d79d0cc",
        "x-ms-ratelimit-remaining-subscription-writes": "1177",
        "x-ms-routing-request-id": "NORTHCENTRALUS:20230720T080129Z:777826b1-e240-440e-a5de-ba7e4d79d0cc"
      },
      "ResponseBody": {
        "name": "myRouteTable",
        "id": "/subscriptions/00000000-0000-0000-0000-000000000000/resourceGroups/rgname/providers/Microsoft.Network/routeTables/myRouteTable",
        "etag": "W/\u0022bc251ee8-866e-432f-bcaf-98d2b46d4c15\u0022",
        "type": "Microsoft.Network/routeTables",
        "location": "westus",
        "tags": {
          "tag1": "value1",
          "tag2": "value2"
        },
        "properties": {
          "provisioningState": "Succeeded",
          "resourceGuid": "3109fca4-42ed-4a9c-83a4-1ffbb01382be",
          "disableBgpRoutePropagation": false,
          "routes": [
            {
              "name": "myRoute",
              "id": "/subscriptions/00000000-0000-0000-0000-000000000000/resourceGroups/rgname/providers/Microsoft.Network/routeTables/myRouteTable/routes/myRoute",
              "etag": "W/\u0022bc251ee8-866e-432f-bcaf-98d2b46d4c15\u0022",
              "properties": {
                "provisioningState": "Succeeded",
                "addressPrefix": "10.0.3.0/24",
                "nextHopType": "VirtualNetworkGateway",
                "hasBgpOverride": false
              },
              "type": "Microsoft.Network/routeTables/routes"
            }
          ]
        }
      }
    },
    {
      "RequestUri": "https://management.azure.com/subscriptions/00000000-0000-0000-0000-000000000000/resourceGroups/rgname/providers/Microsoft.Network/routeTables/myRouteTable/routes/myRoute?api-version=2023-02-01",
      "RequestMethod": "DELETE",
      "RequestHeaders": {
        "Accept": "application/json",
        "Accept-Encoding": "gzip, deflate",
        "Connection": "keep-alive",
        "Content-Length": "0",
        "User-Agent": "azsdk-python-mgmt-network/0.0.0 Python/3.8.17 (Linux-5.15.0-1041-azure-x86_64-with-glibc2.2.5) VSTS_0fb41ef4-5012-48a9-bf39-4ee3de03ee35_build_2384_0"
      },
      "RequestBody": null,
      "StatusCode": 202,
      "ResponseHeaders": {
        "Azure-AsyncNotification": "Enabled",
        "Azure-AsyncOperation": "https://management.azure.com/subscriptions/00000000-0000-0000-0000-000000000000/providers/Microsoft.Network/locations/westus/operations/d2d513b0-4d72-4d7e-9289-f88c35d31ff7?api-version=2023-02-01",
        "Cache-Control": "no-cache",
        "Content-Length": "0",
        "Date": "Thu, 20 Jul 2023 08:01:28 GMT",
        "Expires": "-1",
        "Location": "https://management.azure.com/subscriptions/00000000-0000-0000-0000-000000000000/providers/Microsoft.Network/locations/westus/operationResults/d2d513b0-4d72-4d7e-9289-f88c35d31ff7?api-version=2023-02-01",
        "Pragma": "no-cache",
        "Retry-After": "2",
        "Server": [
          "Microsoft-HTTPAPI/2.0",
          "Microsoft-HTTPAPI/2.0"
        ],
        "Strict-Transport-Security": "max-age=31536000; includeSubDomains",
        "X-Content-Type-Options": "nosniff",
        "x-ms-arm-service-request-id": "3d19b2db-8d2c-4bec-9cea-9b2fc82d453a",
        "x-ms-correlation-request-id": "e5c3d86f-b921-4566-8d13-efbdc7673613",
        "x-ms-ratelimit-remaining-subscription-deletes": "14988",
        "x-ms-routing-request-id": "NORTHCENTRALUS:20230720T080129Z:e5c3d86f-b921-4566-8d13-efbdc7673613"
      },
      "ResponseBody": null
    },
    {
      "RequestUri": "https://management.azure.com/subscriptions/00000000-0000-0000-0000-000000000000/providers/Microsoft.Network/locations/westus/operations/d2d513b0-4d72-4d7e-9289-f88c35d31ff7?api-version=2023-02-01",
      "RequestMethod": "GET",
      "RequestHeaders": {
        "Accept": "*/*",
        "Accept-Encoding": "gzip, deflate",
        "Connection": "keep-alive",
        "User-Agent": "azsdk-python-mgmt-network/0.0.0 Python/3.8.17 (Linux-5.15.0-1041-azure-x86_64-with-glibc2.2.5) VSTS_0fb41ef4-5012-48a9-bf39-4ee3de03ee35_build_2384_0"
      },
      "RequestBody": null,
      "StatusCode": 200,
      "ResponseHeaders": {
        "Cache-Control": "no-cache",
        "Content-Encoding": "gzip",
        "Content-Type": "application/json; charset=utf-8",
        "Date": "Thu, 20 Jul 2023 08:01:28 GMT",
        "Expires": "-1",
        "Pragma": "no-cache",
        "Server": [
          "Microsoft-HTTPAPI/2.0",
          "Microsoft-HTTPAPI/2.0"
        ],
        "Strict-Transport-Security": "max-age=31536000; includeSubDomains",
        "Transfer-Encoding": "chunked",
        "Vary": "Accept-Encoding",
        "X-Content-Type-Options": "nosniff",
        "x-ms-arm-service-request-id": "67f0aa06-27d1-4fe8-8440-75e98541cce4",
        "x-ms-correlation-request-id": "65bf2ee7-c035-477e-b60d-fe3084fab208",
        "x-ms-ratelimit-remaining-subscription-reads": "11883",
        "x-ms-routing-request-id": "NORTHCENTRALUS:20230720T080129Z:65bf2ee7-c035-477e-b60d-fe3084fab208"
      },
      "ResponseBody": {
        "status": "Succeeded"
      }
    },
    {
      "RequestUri": "https://management.azure.com/subscriptions/00000000-0000-0000-0000-000000000000/providers/Microsoft.Network/locations/westus/operationResults/d2d513b0-4d72-4d7e-9289-f88c35d31ff7?api-version=2023-02-01",
      "RequestMethod": "GET",
      "RequestHeaders": {
        "Accept": "*/*",
        "Accept-Encoding": "gzip, deflate",
        "Connection": "keep-alive",
        "User-Agent": "azsdk-python-mgmt-network/0.0.0 Python/3.8.17 (Linux-5.15.0-1041-azure-x86_64-with-glibc2.2.5) VSTS_0fb41ef4-5012-48a9-bf39-4ee3de03ee35_build_2384_0"
      },
      "RequestBody": null,
      "StatusCode": 204,
      "ResponseHeaders": {
        "Azure-AsyncNotification": "Enabled",
        "Azure-AsyncOperation": "https://management.azure.com/subscriptions/00000000-0000-0000-0000-000000000000/providers/Microsoft.Network/locations/westus/operations/d2d513b0-4d72-4d7e-9289-f88c35d31ff7?api-version=2023-02-01",
        "Cache-Control": "no-cache",
        "Content-Type": "application/json; charset=utf-8",
        "Date": "Thu, 20 Jul 2023 08:01:29 GMT",
        "Expires": "-1",
        "Location": "https://management.azure.com/subscriptions/00000000-0000-0000-0000-000000000000/providers/Microsoft.Network/locations/westus/operationResults/d2d513b0-4d72-4d7e-9289-f88c35d31ff7?api-version=2023-02-01",
        "Pragma": "no-cache",
        "Server": [
          "Microsoft-HTTPAPI/2.0",
          "Microsoft-HTTPAPI/2.0"
        ],
        "Strict-Transport-Security": "max-age=31536000; includeSubDomains",
        "X-Content-Type-Options": "nosniff",
        "x-ms-arm-service-request-id": "3d19b2db-8d2c-4bec-9cea-9b2fc82d453a",
        "x-ms-correlation-request-id": "e5c3d86f-b921-4566-8d13-efbdc7673613",
        "x-ms-ratelimit-remaining-subscription-reads": "11882",
        "x-ms-routing-request-id": "NORTHCENTRALUS:20230720T080129Z:460e0823-9169-469a-a633-f5a2e05b6d6b"
      },
      "ResponseBody": null
    },
    {
      "RequestUri": "https://management.azure.com/subscriptions/00000000-0000-0000-0000-000000000000/resourceGroups/rgname/providers/Microsoft.Network/routeTables/myRouteTable?api-version=2023-02-01",
      "RequestMethod": "DELETE",
      "RequestHeaders": {
        "Accept": "application/json",
        "Accept-Encoding": "gzip, deflate",
        "Connection": "keep-alive",
        "Content-Length": "0",
        "User-Agent": "azsdk-python-mgmt-network/0.0.0 Python/3.8.17 (Linux-5.15.0-1041-azure-x86_64-with-glibc2.2.5) VSTS_0fb41ef4-5012-48a9-bf39-4ee3de03ee35_build_2384_0"
      },
      "RequestBody": null,
      "StatusCode": 202,
      "ResponseHeaders": {
        "Azure-AsyncNotification": "Enabled",
        "Azure-AsyncOperation": "https://management.azure.com/subscriptions/00000000-0000-0000-0000-000000000000/providers/Microsoft.Network/locations/westus/operations/1231678e-3e30-43b5-ac72-4d931e6ae360?api-version=2023-02-01",
        "Cache-Control": "no-cache",
        "Content-Length": "0",
        "Date": "Thu, 20 Jul 2023 08:01:29 GMT",
        "Expires": "-1",
        "Location": "https://management.azure.com/subscriptions/00000000-0000-0000-0000-000000000000/providers/Microsoft.Network/locations/westus/operationResults/1231678e-3e30-43b5-ac72-4d931e6ae360?api-version=2023-02-01",
        "Pragma": "no-cache",
        "Retry-After": "2",
        "Server": [
          "Microsoft-HTTPAPI/2.0",
          "Microsoft-HTTPAPI/2.0"
        ],
        "Strict-Transport-Security": "max-age=31536000; includeSubDomains",
        "X-Content-Type-Options": "nosniff",
        "x-ms-arm-service-request-id": "ca9a15be-ccdf-406d-950b-35353ac462b2",
        "x-ms-correlation-request-id": "d29085b1-9ac7-4ca9-af66-a04f32b42260",
        "x-ms-ratelimit-remaining-subscription-deletes": "14987",
        "x-ms-routing-request-id": "NORTHCENTRALUS:20230720T080130Z:d29085b1-9ac7-4ca9-af66-a04f32b42260"
      },
      "ResponseBody": null
    },
    {
      "RequestUri": "https://management.azure.com/subscriptions/00000000-0000-0000-0000-000000000000/providers/Microsoft.Network/locations/westus/operations/1231678e-3e30-43b5-ac72-4d931e6ae360?api-version=2023-02-01",
      "RequestMethod": "GET",
      "RequestHeaders": {
        "Accept": "*/*",
        "Accept-Encoding": "gzip, deflate",
        "Connection": "keep-alive",
        "User-Agent": "azsdk-python-mgmt-network/0.0.0 Python/3.8.17 (Linux-5.15.0-1041-azure-x86_64-with-glibc2.2.5) VSTS_0fb41ef4-5012-48a9-bf39-4ee3de03ee35_build_2384_0"
      },
      "RequestBody": null,
      "StatusCode": 200,
      "ResponseHeaders": {
        "Cache-Control": "no-cache",
        "Content-Encoding": "gzip",
        "Content-Type": "application/json; charset=utf-8",
        "Date": "Thu, 20 Jul 2023 08:01:29 GMT",
        "Expires": "-1",
        "Pragma": "no-cache",
        "Server": [
          "Microsoft-HTTPAPI/2.0",
          "Microsoft-HTTPAPI/2.0"
        ],
        "Strict-Transport-Security": "max-age=31536000; includeSubDomains",
        "Transfer-Encoding": "chunked",
        "Vary": "Accept-Encoding",
        "X-Content-Type-Options": "nosniff",
        "x-ms-arm-service-request-id": "064b99f2-9a80-4589-bd0e-7d63bae2f82f",
        "x-ms-correlation-request-id": "19bf0a7e-68ae-45e6-963b-69ff268bee76",
        "x-ms-ratelimit-remaining-subscription-reads": "11881",
        "x-ms-routing-request-id": "NORTHCENTRALUS:20230720T080130Z:19bf0a7e-68ae-45e6-963b-69ff268bee76"
      },
      "ResponseBody": {
        "status": "Succeeded"
      }
    },
    {
      "RequestUri": "https://management.azure.com/subscriptions/00000000-0000-0000-0000-000000000000/providers/Microsoft.Network/locations/westus/operationResults/1231678e-3e30-43b5-ac72-4d931e6ae360?api-version=2023-02-01",
      "RequestMethod": "GET",
      "RequestHeaders": {
        "Accept": "*/*",
        "Accept-Encoding": "gzip, deflate",
        "Connection": "keep-alive",
        "User-Agent": "azsdk-python-mgmt-network/0.0.0 Python/3.8.17 (Linux-5.15.0-1041-azure-x86_64-with-glibc2.2.5) VSTS_0fb41ef4-5012-48a9-bf39-4ee3de03ee35_build_2384_0"
      },
      "RequestBody": null,
      "StatusCode": 204,
      "ResponseHeaders": {
        "Azure-AsyncNotification": "Enabled",
        "Azure-AsyncOperation": "https://management.azure.com/subscriptions/00000000-0000-0000-0000-000000000000/providers/Microsoft.Network/locations/westus/operations/1231678e-3e30-43b5-ac72-4d931e6ae360?api-version=2023-02-01",
        "Cache-Control": "no-cache",
        "Content-Type": "application/json; charset=utf-8",
        "Date": "Thu, 20 Jul 2023 08:01:29 GMT",
        "Expires": "-1",
        "Location": "https://management.azure.com/subscriptions/00000000-0000-0000-0000-000000000000/providers/Microsoft.Network/locations/westus/operationResults/1231678e-3e30-43b5-ac72-4d931e6ae360?api-version=2023-02-01",
        "Pragma": "no-cache",
        "Server": [
          "Microsoft-HTTPAPI/2.0",
          "Microsoft-HTTPAPI/2.0"
        ],
        "Strict-Transport-Security": "max-age=31536000; includeSubDomains",
        "X-Content-Type-Options": "nosniff",
        "x-ms-arm-service-request-id": "ca9a15be-ccdf-406d-950b-35353ac462b2",
        "x-ms-correlation-request-id": "d29085b1-9ac7-4ca9-af66-a04f32b42260",
        "x-ms-ratelimit-remaining-subscription-reads": "11880",
        "x-ms-routing-request-id": "NORTHCENTRALUS:20230720T080130Z:db7ea4df-82e8-4148-ac69-7c8c93861f89"
      },
      "ResponseBody": null
    }
  ],
  "Variables": {}
}
