{
  "Entries": [
    {
      "RequestUri": "https://login.microsoftonline.com/00000000-0000-0000-0000-000000000000/v2.0/.well-known/openid-configuration",
      "RequestMethod": "GET",
      "RequestHeaders": {
        "Accept": "*/*",
        "Accept-Encoding": "gzip, deflate",
        "Connection": "keep-alive",
        "User-Agent": "azsdk-python-identity/1.13.0b4 Python/3.8.16 (Linux-5.15.0-1034-azure-x86_64-with-glibc2.2.5) VSTS_0fb41ef4-5012-48a9-bf39-4ee3de03ee35_build_2500_0"
      },
      "RequestBody": null,
      "StatusCode": 200,
      "ResponseHeaders": {
        "Access-Control-Allow-Methods": "GET, OPTIONS",
        "Access-Control-Allow-Origin": "*",
        "Cache-Control": "max-age=86400, private",
        "Content-Length": "1753",
        "Content-Type": "application/json; charset=utf-8",
        "Date": "Tue, 28 Mar 2023 09:47:33 GMT",
        "P3P": "CP=\u0022DSP CUR OTPi IND OTRi ONL FIN\u0022",
        "Set-Cookie": "[set-cookie;]",
        "Strict-Transport-Security": "max-age=31536000; includeSubDomains",
        "X-Content-Type-Options": "nosniff",
        "x-ms-ests-server": "2.1.14990.5 - WUS2 ProdSlices",
        "X-XSS-Protection": "0"
      },
      "ResponseBody": {
        "token_endpoint": "https://login.microsoftonline.com/00000000-0000-0000-0000-000000000000/oauth2/v2.0/token",
        "token_endpoint_auth_methods_supported": [
          "client_secret_post",
          "private_key_jwt",
          "client_secret_basic"
        ],
        "jwks_uri": "https://login.microsoftonline.com/00000000-0000-0000-0000-000000000000/discovery/v2.0/keys",
        "response_modes_supported": [
          "query",
          "fragment",
          "form_post"
        ],
        "subject_types_supported": [
          "pairwise"
        ],
        "id_token_signing_alg_values_supported": [
          "RS256"
        ],
        "response_types_supported": [
          "code",
          "id_token",
          "code id_token",
          "id_token token"
        ],
        "scopes_supported": [
          "openid",
          "profile",
          "email",
          "offline_access"
        ],
        "issuer": "https://login.microsoftonline.com/00000000-0000-0000-0000-000000000000/v2.0",
        "request_uri_parameter_supported": false,
        "userinfo_endpoint": "https://graph.microsoft.com/oidc/userinfo",
        "authorization_endpoint": "https://login.microsoftonline.com/00000000-0000-0000-0000-000000000000/oauth2/v2.0/authorize",
        "device_authorization_endpoint": "https://login.microsoftonline.com/00000000-0000-0000-0000-000000000000/oauth2/v2.0/devicecode",
        "http_logout_supported": true,
        "frontchannel_logout_supported": true,
        "end_session_endpoint": "https://login.microsoftonline.com/00000000-0000-0000-0000-000000000000/oauth2/v2.0/logout",
        "claims_supported": [
          "sub",
          "iss",
          "cloud_instance_name",
          "cloud_instance_host_name",
          "cloud_graph_host_name",
          "msgraph_host",
          "aud",
          "exp",
          "iat",
          "auth_time",
          "acr",
          "nonce",
          "preferred_username",
          "name",
          "tid",
          "ver",
          "at_hash",
          "c_hash",
          "email"
        ],
        "kerberos_endpoint": "https://login.microsoftonline.com/00000000-0000-0000-0000-000000000000/kerberos",
        "tenant_region_scope": "WW",
        "cloud_instance_name": "microsoftonline.com",
        "cloud_graph_host_name": "graph.windows.net",
        "msgraph_host": "graph.microsoft.com",
        "rbac_url": "https://pas.windows.net"
      }
    },
    {
      "RequestUri": "https://login.microsoftonline.com/common/discovery/instance?api-version=1.1\u0026authorization_endpoint=https://login.microsoftonline.com/common/oauth2/authorize",
      "RequestMethod": "GET",
      "RequestHeaders": {
        "Accept": "application/json",
        "Accept-Encoding": "gzip, deflate",
        "Connection": "keep-alive",
        "Cookie": "cookie;",
        "User-Agent": "azsdk-python-identity/1.13.0b4 Python/3.8.16 (Linux-5.15.0-1034-azure-x86_64-with-glibc2.2.5) VSTS_0fb41ef4-5012-48a9-bf39-4ee3de03ee35_build_2500_0"
      },
      "RequestBody": null,
      "StatusCode": 200,
      "ResponseHeaders": {
        "Access-Control-Allow-Methods": "GET, OPTIONS",
        "Access-Control-Allow-Origin": "*",
        "Cache-Control": "max-age=86400, private",
        "Content-Length": "945",
        "Content-Type": "application/json; charset=utf-8",
        "Date": "Tue, 28 Mar 2023 09:47:33 GMT",
        "P3P": "CP=\u0022DSP CUR OTPi IND OTRi ONL FIN\u0022",
        "Set-Cookie": "[set-cookie;]",
        "Strict-Transport-Security": "max-age=31536000; includeSubDomains",
        "X-Content-Type-Options": "nosniff",
        "x-ms-ests-server": "2.1.14939.4 - NCUS ProdSlices",
        "X-XSS-Protection": "0"
      },
      "ResponseBody": {
        "tenant_discovery_endpoint": "https://login.microsoftonline.com/common/.well-known/openid-configuration",
        "api-version": "1.1",
        "metadata": [
          {
            "preferred_network": "login.microsoftonline.com",
            "preferred_cache": "login.windows.net",
            "aliases": [
              "login.microsoftonline.com",
              "login.windows.net",
              "login.microsoft.com",
              "sts.windows.net"
            ]
          },
          {
            "preferred_network": "login.partner.microsoftonline.cn",
            "preferred_cache": "login.partner.microsoftonline.cn",
            "aliases": [
              "login.partner.microsoftonline.cn",
              "login.chinacloudapi.cn"
            ]
          },
          {
            "preferred_network": "login.microsoftonline.de",
            "preferred_cache": "login.microsoftonline.de",
            "aliases": [
              "login.microsoftonline.de"
            ]
          },
          {
            "preferred_network": "login.microsoftonline.us",
            "preferred_cache": "login.microsoftonline.us",
            "aliases": [
              "login.microsoftonline.us",
              "login.usgovcloudapi.net"
            ]
          },
          {
            "preferred_network": "login-us.microsoftonline.com",
            "preferred_cache": "login-us.microsoftonline.com",
            "aliases": [
              "login-us.microsoftonline.com"
            ]
          }
        ]
      }
    },
    {
      "RequestUri": "https://login.microsoftonline.com/00000000-0000-0000-0000-000000000000/oauth2/v2.0/token",
      "RequestMethod": "POST",
      "RequestHeaders": {
        "Accept": "application/json",
        "Accept-Encoding": "gzip, deflate",
        "client-request-id": "d5b2efec-4e24-4551-bc06-e621b8888567",
        "Connection": "keep-alive",
        "Content-Length": "288",
        "Content-Type": "application/x-www-form-urlencoded",
        "Cookie": "cookie;",
        "User-Agent": "azsdk-python-identity/1.13.0b4 Python/3.8.16 (Linux-5.15.0-1034-azure-x86_64-with-glibc2.2.5) VSTS_0fb41ef4-5012-48a9-bf39-4ee3de03ee35_build_2500_0",
        "x-client-cpu": "x64",
        "x-client-current-telemetry": "4|730,0|",
        "x-client-last-telemetry": "4|0|||",
        "x-client-os": "linux",
        "x-client-sku": "MSAL.Python",
        "x-client-ver": "1.21.0",
        "x-ms-lib-capability": "retry-after, h429"
      },
      "RequestBody": "client_id=00000000-0000-0000-0000-000000000000\u0026grant_type=client_credentials\u0026client_info=1\u0026client_secret=00000000-0000-0000-0000-000000000000\u0026claims=%7B%22access_token%22%3A\u002B%7B%22xms_cc%22%3A\u002B%7B%22values%22%3A\u002B%5B%22CP1%22%5D%7D%7D%7D\u0026scope=https%3A%2F%2Fmanagement.azure.com%2F.default",
      "StatusCode": 200,
      "ResponseHeaders": {
        "Cache-Control": "no-store, no-cache",
        "client-request-id": "d5b2efec-4e24-4551-bc06-e621b8888567",
        "Content-Length": "114",
        "Content-Type": "application/json; charset=utf-8",
        "Date": "Tue, 28 Mar 2023 09:47:34 GMT",
        "Expires": "-1",
        "P3P": "CP=\u0022DSP CUR OTPi IND OTRi ONL FIN\u0022",
        "Pragma": "no-cache",
        "Set-Cookie": "[set-cookie;]",
        "Strict-Transport-Security": "max-age=31536000; includeSubDomains",
        "X-Content-Type-Options": "nosniff",
        "x-ms-clitelem": "1,0,0,,",
        "x-ms-ests-server": "2.1.14990.5 - NCUS ProdSlices",
        "X-XSS-Protection": "0"
      },
      "ResponseBody": {
        "token_type": "Bearer",
        "expires_in": 86399,
        "ext_expires_in": 86399,
        "refresh_in": 43199,
        "access_token": "access_token"
      }
    },
    {
      "RequestUri": "https://management.azure.com/subscriptions/00000000-0000-0000-0000-000000000000/resourceGroups/rgname/providers/Microsoft.Network/publicIPAddresses/public_ip_address_name?api-version=2022-11-01",
      "RequestMethod": "PUT",
      "RequestHeaders": {
        "Accept": "application/json",
        "Accept-Encoding": "gzip, deflate",
        "Connection": "keep-alive",
        "Content-Length": "167",
        "Content-Type": "application/json",
        "User-Agent": "azsdk-python-azure-mgmt-network/23.1.0 Python/3.8.16 (Linux-5.15.0-1034-azure-x86_64-with-glibc2.2.5) VSTS_0fb41ef4-5012-48a9-bf39-4ee3de03ee35_build_2500_0"
      },
      "RequestBody": {
        "location": "eastus",
        "sku": {
          "name": "Standard"
        },
        "properties": {
          "publicIPAllocationMethod": "Static",
          "publicIPAddressVersion": "IPv4",
          "idleTimeoutInMinutes": 10
        }
      },
      "StatusCode": 201,
      "ResponseHeaders": {
        "Azure-AsyncNotification": "Enabled",
        "Azure-AsyncOperation": "https://management.azure.com/subscriptions/00000000-0000-0000-0000-000000000000/providers/Microsoft.Network/locations/eastus/operations/c90ed075-b0ff-43fe-9bf3-5a782cba3168?api-version=2022-11-01",
        "Cache-Control": "no-cache",
        "Content-Length": "733",
        "Content-Type": "application/json; charset=utf-8",
        "Date": "Tue, 28 Mar 2023 09:47:34 GMT",
        "Expires": "-1",
        "Pragma": "no-cache",
        "Retry-After": "1",
        "Server": [
          "Microsoft-HTTPAPI/2.0",
          "Microsoft-HTTPAPI/2.0"
        ],
        "Strict-Transport-Security": "max-age=31536000; includeSubDomains",
        "X-Content-Type-Options": "nosniff",
        "x-ms-arm-service-request-id": "e5e19505-5ef4-4390-b7dc-7ec0ee42e2c6",
        "x-ms-correlation-request-id": "9f34dc33-a74a-484e-8860-562580c027b3",
        "x-ms-ratelimit-remaining-subscription-writes": "1190",
        "x-ms-routing-request-id": "EASTUS:20230328T094735Z:9f34dc33-a74a-484e-8860-562580c027b3"
      },
      "ResponseBody": {
        "name": "public_ip_address_name",
        "id": "/subscriptions/00000000-0000-0000-0000-000000000000/resourceGroups/rgname/providers/Microsoft.Network/publicIPAddresses/public_ip_address_name",
        "etag": "W/\u00227e38a9f4-176c-4b2b-985f-327c71089c28\u0022",
        "location": "eastus",
        "properties": {
          "provisioningState": "Updating",
          "resourceGuid": "442fd1ea-2dee-4509-854d-61b7f076548d",
          "publicIPAddressVersion": "IPv4",
          "publicIPAllocationMethod": "Static",
          "idleTimeoutInMinutes": 10,
          "ipTags": [],
          "ddosSettings": {
            "protectionMode": "VirtualNetworkInherited"
          }
        },
        "type": "Microsoft.Network/publicIPAddresses",
        "sku": {
          "name": "Standard",
          "tier": "Regional"
        }
      }
    },
    {
      "RequestUri": "https://management.azure.com/subscriptions/00000000-0000-0000-0000-000000000000/providers/Microsoft.Network/locations/eastus/operations/c90ed075-b0ff-43fe-9bf3-5a782cba3168?api-version=2022-11-01",
      "RequestMethod": "GET",
      "RequestHeaders": {
        "Accept": "*/*",
        "Accept-Encoding": "gzip, deflate",
        "Connection": "keep-alive",
        "User-Agent": "azsdk-python-azure-mgmt-network/23.1.0 Python/3.8.16 (Linux-5.15.0-1034-azure-x86_64-with-glibc2.2.5) VSTS_0fb41ef4-5012-48a9-bf39-4ee3de03ee35_build_2500_0"
      },
      "RequestBody": null,
      "StatusCode": 200,
      "ResponseHeaders": {
        "Cache-Control": "no-cache",
        "Content-Encoding": "gzip",
        "Content-Type": "application/json; charset=utf-8",
        "Date": "Tue, 28 Mar 2023 09:47:34 GMT",
        "Expires": "-1",
        "Pragma": "no-cache",
        "Retry-After": "2",
        "Server": [
          "Microsoft-HTTPAPI/2.0",
          "Microsoft-HTTPAPI/2.0"
        ],
        "Strict-Transport-Security": "max-age=31536000; includeSubDomains",
        "Transfer-Encoding": "chunked",
        "Vary": "Accept-Encoding",
        "X-Content-Type-Options": "nosniff",
        "x-ms-arm-service-request-id": "7954b76f-097d-4a61-99ba-161faba78160",
        "x-ms-correlation-request-id": "77caa395-91f2-4bc3-85e1-e04787d23c62",
        "x-ms-ratelimit-remaining-subscription-reads": "11946",
        "x-ms-routing-request-id": "EASTUS:20230328T094735Z:77caa395-91f2-4bc3-85e1-e04787d23c62"
      },
      "ResponseBody": {
        "status": "InProgress"
      }
    },
    {
      "RequestUri": "https://management.azure.com/subscriptions/00000000-0000-0000-0000-000000000000/providers/Microsoft.Network/locations/eastus/operations/c90ed075-b0ff-43fe-9bf3-5a782cba3168?api-version=2022-11-01",
      "RequestMethod": "GET",
      "RequestHeaders": {
        "Accept": "*/*",
        "Accept-Encoding": "gzip, deflate",
        "Connection": "keep-alive",
        "User-Agent": "azsdk-python-azure-mgmt-network/23.1.0 Python/3.8.16 (Linux-5.15.0-1034-azure-x86_64-with-glibc2.2.5) VSTS_0fb41ef4-5012-48a9-bf39-4ee3de03ee35_build_2500_0"
      },
      "RequestBody": null,
      "StatusCode": 200,
      "ResponseHeaders": {
        "Cache-Control": "no-cache",
        "Content-Encoding": "gzip",
        "Content-Type": "application/json; charset=utf-8",
        "Date": "Tue, 28 Mar 2023 09:47:36 GMT",
        "Expires": "-1",
        "Pragma": "no-cache",
        "Server": [
          "Microsoft-HTTPAPI/2.0",
          "Microsoft-HTTPAPI/2.0"
        ],
        "Strict-Transport-Security": "max-age=31536000; includeSubDomains",
        "Transfer-Encoding": "chunked",
        "Vary": "Accept-Encoding",
        "X-Content-Type-Options": "nosniff",
        "x-ms-arm-service-request-id": "87898a0a-43e5-479d-90b1-93aa0926fbf6",
        "x-ms-correlation-request-id": "5fe3ece4-15a2-4d5c-8a0d-bbd420c51d14",
        "x-ms-ratelimit-remaining-subscription-reads": "11945",
        "x-ms-routing-request-id": "EASTUS:20230328T094737Z:5fe3ece4-15a2-4d5c-8a0d-bbd420c51d14"
      },
      "ResponseBody": {
        "status": "Succeeded"
      }
    },
    {
      "RequestUri": "https://management.azure.com/subscriptions/00000000-0000-0000-0000-000000000000/resourceGroups/rgname/providers/Microsoft.Network/publicIPAddresses/public_ip_address_name?api-version=2022-11-01",
      "RequestMethod": "GET",
      "RequestHeaders": {
        "Accept": "*/*",
        "Accept-Encoding": "gzip, deflate",
        "Connection": "keep-alive",
        "User-Agent": "azsdk-python-azure-mgmt-network/23.1.0 Python/3.8.16 (Linux-5.15.0-1034-azure-x86_64-with-glibc2.2.5) VSTS_0fb41ef4-5012-48a9-bf39-4ee3de03ee35_build_2500_0"
      },
      "RequestBody": null,
      "StatusCode": 200,
      "ResponseHeaders": {
        "Cache-Control": "no-cache",
        "Content-Encoding": "gzip",
        "Content-Type": "application/json; charset=utf-8",
        "Date": "Tue, 28 Mar 2023 09:47:37 GMT",
        "ETag": "W/\u0022f654ac38-645d-4141-a6eb-13b23b353305\u0022",
        "Expires": "-1",
        "Pragma": "no-cache",
        "Server": [
          "Microsoft-HTTPAPI/2.0",
          "Microsoft-HTTPAPI/2.0"
        ],
        "Strict-Transport-Security": "max-age=31536000; includeSubDomains",
        "Transfer-Encoding": "chunked",
        "Vary": "Accept-Encoding",
        "X-Content-Type-Options": "nosniff",
        "x-ms-arm-service-request-id": "6c308c12-8076-4fd1-a49d-fc76885a5f16",
        "x-ms-correlation-request-id": "cc374041-2f35-492c-9e67-7b1397821d12",
        "x-ms-ratelimit-remaining-subscription-reads": "11944",
        "x-ms-routing-request-id": "EASTUS:20230328T094737Z:cc374041-2f35-492c-9e67-7b1397821d12"
      },
      "ResponseBody": {
        "name": "public_ip_address_name",
        "id": "/subscriptions/00000000-0000-0000-0000-000000000000/resourceGroups/rgname/providers/Microsoft.Network/publicIPAddresses/public_ip_address_name",
        "etag": "W/\u0022f654ac38-645d-4141-a6eb-13b23b353305\u0022",
        "location": "eastus",
        "properties": {
          "provisioningState": "Succeeded",
          "resourceGuid": "442fd1ea-2dee-4509-854d-61b7f076548d",
          "ipAddress": "20.185.177.119",
          "publicIPAddressVersion": "IPv4",
          "publicIPAllocationMethod": "Static",
          "idleTimeoutInMinutes": 10,
          "ipTags": [],
          "ddosSettings": {
            "protectionMode": "VirtualNetworkInherited"
          }
        },
        "type": "Microsoft.Network/publicIPAddresses",
        "sku": {
          "name": "Standard",
          "tier": "Regional"
        }
      }
    },
    {
      "RequestUri": "https://management.azure.com/subscriptions/00000000-0000-0000-0000-000000000000/resourceGroups/rgname/providers/Microsoft.Network/loadBalancers/myLoadBalancer?api-version=2022-11-01",
      "RequestMethod": "PUT",
      "RequestHeaders": {
        "Accept": "application/json",
        "Accept-Encoding": "gzip, deflate",
        "Connection": "keep-alive",
        "Content-Length": "1892",
        "Content-Type": "application/json",
        "User-Agent": "azsdk-python-azure-mgmt-network/23.1.0 Python/3.8.16 (Linux-5.15.0-1034-azure-x86_64-with-glibc2.2.5) VSTS_0fb41ef4-5012-48a9-bf39-4ee3de03ee35_build_2500_0"
      },
      "RequestBody": {
        "location": "eastus",
        "sku": {
          "name": "Standard"
        },
        "properties": {
          "frontendIPConfigurations": [
            {
              "name": "myFrontendIpconfiguration",
              "properties": {
                "publicIPAddress": {
                  "id": "/subscriptions/00000000-0000-0000-0000-000000000000/resourceGroups/rgname/providers/Microsoft.Network/publicIPAddresses/public_ip_address_name"
                }
              }
            }
          ],
          "backendAddressPools": [
            {
              "name": "myBackendAddressPool"
            }
          ],
          "loadBalancingRules": [
            {
              "name": "myLoadBalancingRule",
              "properties": {
                "frontendIPConfiguration": {
                  "id": "/subscriptions/00000000-0000-0000-0000-000000000000/resourceGroups/rgname/providers/Microsoft.Network/loadBalancers/myLoadBalancer/frontendIPConfigurations/myFrontendIpconfiguration"
                },
                "backendAddressPool": {
                  "id": "/subscriptions/00000000-0000-0000-0000-000000000000/resourceGroups/rgname/providers/Microsoft.Network/loadBalancers/myLoadBalancer/backendAddressPools/myBackendAddressPool"
                },
                "probe": {
                  "id": "/subscriptions/00000000-0000-0000-0000-000000000000/resourceGroups/rgname/providers/Microsoft.Network/loadBalancers/myLoadBalancer/probes/myProbe"
                },
                "protocol": "Tcp",
                "loadDistribution": "Default",
                "frontendPort": 80,
                "backendPort": 80,
                "idleTimeoutInMinutes": 15,
                "enableFloatingIP": true,
                "disableOutboundSnat": true
              }
            }
          ],
          "probes": [
            {
              "name": "myProbe",
              "properties": {
                "protocol": "Http",
                "port": 80,
                "intervalInSeconds": 15,
                "numberOfProbes": 2,
                "requestPath": "healthcheck.aspx"
              }
            }
          ],
          "outboundRules": [
            {
              "name": "myOutboundRule",
              "properties": {
                "frontendIPConfigurations": [
                  {
                    "id": "/subscriptions/00000000-0000-0000-0000-000000000000/resourceGroups/rgname/providers/Microsoft.Network/loadBalancers/myLoadBalancer/frontendIPConfigurations/myFrontendIpconfiguration"
                  }
                ],
                "backendAddressPool": {
                  "id": "/subscriptions/00000000-0000-0000-0000-000000000000/resourceGroups/rgname/providers/Microsoft.Network/loadBalancers/myLoadBalancer/backendAddressPools/myBackendAddressPool"
                },
                "protocol": "All"
              }
            }
          ]
        }
      },
      "StatusCode": 201,
      "ResponseHeaders": {
        "Azure-AsyncNotification": "Enabled",
        "Azure-AsyncOperation": "https://management.azure.com/subscriptions/00000000-0000-0000-0000-000000000000/providers/Microsoft.Network/locations/eastus/operations/200a0339-6ff3-4984-ace7-0307364649e0?api-version=2022-11-01",
        "Cache-Control": "no-cache",
        "Content-Length": "6996",
        "Content-Type": "application/json; charset=utf-8",
        "Date": "Tue, 28 Mar 2023 09:47:37 GMT",
        "Expires": "-1",
        "Pragma": "no-cache",
        "Server": [
          "Microsoft-HTTPAPI/2.0",
          "Microsoft-HTTPAPI/2.0"
        ],
        "Strict-Transport-Security": "max-age=31536000; includeSubDomains",
        "X-Content-Type-Options": "nosniff",
        "x-ms-arm-service-request-id": "6603f24a-3645-4be6-806d-88f8d654bcdb",
        "x-ms-correlation-request-id": "2cdd24f8-a04e-48ef-9558-0a72bc7e0387",
        "x-ms-ratelimit-remaining-subscription-writes": "1189",
        "x-ms-routing-request-id": "EASTUS:20230328T094738Z:2cdd24f8-a04e-48ef-9558-0a72bc7e0387"
      },
      "ResponseBody": {
        "name": "myLoadBalancer",
        "id": "/subscriptions/00000000-0000-0000-0000-000000000000/resourceGroups/rgname/providers/Microsoft.Network/loadBalancers/myLoadBalancer",
        "etag": "W/\u002238a5f252-6cf6-4c55-8ec6-4a67f5e93adc\u0022",
        "type": "Microsoft.Network/loadBalancers",
        "location": "eastus",
        "properties": {
          "provisioningState": "Succeeded",
          "resourceGuid": "d43d9c1f-6c9e-4c86-9c35-0392315978f9",
          "frontendIPConfigurations": [
            {
              "name": "myFrontendIpconfiguration",
              "id": "/subscriptions/00000000-0000-0000-0000-000000000000/resourceGroups/rgname/providers/Microsoft.Network/loadBalancers/myLoadBalancer/frontendIPConfigurations/myFrontendIpconfiguration",
              "etag": "W/\u002238a5f252-6cf6-4c55-8ec6-4a67f5e93adc\u0022",
              "type": "Microsoft.Network/loadBalancers/frontendIPConfigurations",
              "properties": {
                "provisioningState": "Succeeded",
                "privateIPAllocationMethod": "Dynamic",
                "publicIPAddress": {
                  "id": "/subscriptions/00000000-0000-0000-0000-000000000000/resourceGroups/rgname/providers/Microsoft.Network/publicIPAddresses/public_ip_address_name"
                },
                "loadBalancingRules": [
                  {
                    "id": "/subscriptions/00000000-0000-0000-0000-000000000000/resourceGroups/rgname/providers/Microsoft.Network/loadBalancers/myLoadBalancer/loadBalancingRules/myLoadBalancingRule"
                  }
                ],
                "outboundRules": [
                  {
                    "id": "/subscriptions/00000000-0000-0000-0000-000000000000/resourceGroups/rgname/providers/Microsoft.Network/loadBalancers/myLoadBalancer/outboundRules/myOutboundRule"
                  }
                ]
              }
            }
          ],
          "backendAddressPools": [
            {
              "name": "myBackendAddressPool",
              "id": "/subscriptions/00000000-0000-0000-0000-000000000000/resourceGroups/rgname/providers/Microsoft.Network/loadBalancers/myLoadBalancer/backendAddressPools/myBackendAddressPool",
              "etag": "W/\u002238a5f252-6cf6-4c55-8ec6-4a67f5e93adc\u0022",
              "properties": {
                "provisioningState": "Succeeded",
                "loadBalancerBackendAddresses": [],
                "outboundRules": [
                  {
                    "id": "/subscriptions/00000000-0000-0000-0000-000000000000/resourceGroups/rgname/providers/Microsoft.Network/loadBalancers/myLoadBalancer/outboundRules/myOutboundRule"
                  }
                ],
                "loadBalancingRules": [
                  {
                    "id": "/subscriptions/00000000-0000-0000-0000-000000000000/resourceGroups/rgname/providers/Microsoft.Network/loadBalancers/myLoadBalancer/loadBalancingRules/myLoadBalancingRule"
                  }
                ]
              },
              "type": "Microsoft.Network/loadBalancers/backendAddressPools"
            }
          ],
          "loadBalancingRules": [
            {
              "name": "myLoadBalancingRule",
              "id": "/subscriptions/00000000-0000-0000-0000-000000000000/resourceGroups/rgname/providers/Microsoft.Network/loadBalancers/myLoadBalancer/loadBalancingRules/myLoadBalancingRule",
              "etag": "W/\u002238a5f252-6cf6-4c55-8ec6-4a67f5e93adc\u0022",
              "type": "Microsoft.Network/loadBalancers/loadBalancingRules",
              "properties": {
                "provisioningState": "Succeeded",
                "frontendIPConfiguration": {
                  "id": "/subscriptions/00000000-0000-0000-0000-000000000000/resourceGroups/rgname/providers/Microsoft.Network/loadBalancers/myLoadBalancer/frontendIPConfigurations/myFrontendIpconfiguration"
                },
                "frontendPort": 80,
                "backendPort": 80,
                "enableFloatingIP": true,
                "idleTimeoutInMinutes": 15,
                "protocol": "Tcp",
                "enableDestinationServiceEndpoint": false,
                "enableTcpReset": false,
                "allowBackendPortConflict": false,
                "loadDistribution": "Default",
                "disableOutboundSnat": true,
                "backendAddressPool": {
                  "id": "/subscriptions/00000000-0000-0000-0000-000000000000/resourceGroups/rgname/providers/Microsoft.Network/loadBalancers/myLoadBalancer/backendAddressPools/myBackendAddressPool"
                },
                "backendAddressPools": [
                  {
                    "id": "/subscriptions/00000000-0000-0000-0000-000000000000/resourceGroups/rgname/providers/Microsoft.Network/loadBalancers/myLoadBalancer/backendAddressPools/myBackendAddressPool"
                  }
                ],
                "probe": {
                  "id": "/subscriptions/00000000-0000-0000-0000-000000000000/resourceGroups/rgname/providers/Microsoft.Network/loadBalancers/myLoadBalancer/probes/myProbe"
                }
              }
            }
          ],
          "probes": [
            {
              "name": "myProbe",
              "id": "/subscriptions/00000000-0000-0000-0000-000000000000/resourceGroups/rgname/providers/Microsoft.Network/loadBalancers/myLoadBalancer/probes/myProbe",
              "etag": "W/\u002238a5f252-6cf6-4c55-8ec6-4a67f5e93adc\u0022",
              "properties": {
                "provisioningState": "Succeeded",
                "protocol": "Http",
                "port": 80,
                "requestPath": "healthcheck.aspx",
                "intervalInSeconds": 15,
                "numberOfProbes": 2,
                "probeThreshold": 1,
                "loadBalancingRules": [
                  {
                    "id": "/subscriptions/00000000-0000-0000-0000-000000000000/resourceGroups/rgname/providers/Microsoft.Network/loadBalancers/myLoadBalancer/loadBalancingRules/myLoadBalancingRule"
                  }
                ]
              },
              "type": "Microsoft.Network/loadBalancers/probes"
            }
          ],
          "inboundNatRules": [],
          "outboundRules": [
            {
              "name": "myOutboundRule",
              "id": "/subscriptions/00000000-0000-0000-0000-000000000000/resourceGroups/rgname/providers/Microsoft.Network/loadBalancers/myLoadBalancer/outboundRules/myOutboundRule",
              "etag": "W/\u002238a5f252-6cf6-4c55-8ec6-4a67f5e93adc\u0022",
              "type": "Microsoft.Network/loadBalancers/outboundRules",
              "properties": {
                "provisioningState": "Succeeded",
                "allocatedOutboundPorts": 1024,
                "protocol": "All",
                "enableTcpReset": false,
                "idleTimeoutInMinutes": 4,
                "allocationPolicy": {
                  "onDemandAllocation": false,
                  "portReuse": "FirstAvailable"
                },
                "backendAddressPool": {
                  "id": "/subscriptions/00000000-0000-0000-0000-000000000000/resourceGroups/rgname/providers/Microsoft.Network/loadBalancers/myLoadBalancer/backendAddressPools/myBackendAddressPool"
                },
                "frontendIPConfigurations": [
                  {
                    "id": "/subscriptions/00000000-0000-0000-0000-000000000000/resourceGroups/rgname/providers/Microsoft.Network/loadBalancers/myLoadBalancer/frontendIPConfigurations/myFrontendIpconfiguration"
                  }
                ]
              }
            }
          ],
          "inboundNatPools": []
        },
        "sku": {
          "name": "Standard",
          "tier": "Regional"
        }
      }
    },
    {
      "RequestUri": "https://management.azure.com/subscriptions/00000000-0000-0000-0000-000000000000/providers/Microsoft.Network/locations/eastus/operations/200a0339-6ff3-4984-ace7-0307364649e0?api-version=2022-11-01",
      "RequestMethod": "GET",
      "RequestHeaders": {
        "Accept": "*/*",
        "Accept-Encoding": "gzip, deflate",
        "Connection": "keep-alive",
        "User-Agent": "azsdk-python-azure-mgmt-network/23.1.0 Python/3.8.16 (Linux-5.15.0-1034-azure-x86_64-with-glibc2.2.5) VSTS_0fb41ef4-5012-48a9-bf39-4ee3de03ee35_build_2500_0"
      },
      "RequestBody": null,
      "StatusCode": 200,
      "ResponseHeaders": {
        "Cache-Control": "no-cache",
        "Content-Encoding": "gzip",
        "Content-Type": "application/json; charset=utf-8",
        "Date": "Tue, 28 Mar 2023 09:47:37 GMT",
        "Expires": "-1",
        "Pragma": "no-cache",
        "Server": [
          "Microsoft-HTTPAPI/2.0",
          "Microsoft-HTTPAPI/2.0"
        ],
        "Strict-Transport-Security": "max-age=31536000; includeSubDomains",
        "Transfer-Encoding": "chunked",
        "Vary": "Accept-Encoding",
        "X-Content-Type-Options": "nosniff",
        "x-ms-arm-service-request-id": "8889de92-0a36-48c7-b9a7-5bb49955221f",
        "x-ms-correlation-request-id": "9d9ab236-1a0d-4cc1-a479-5e5a69e768f8",
        "x-ms-ratelimit-remaining-subscription-reads": "11943",
        "x-ms-routing-request-id": "EASTUS:20230328T094738Z:9d9ab236-1a0d-4cc1-a479-5e5a69e768f8"
      },
      "ResponseBody": {
        "status": "Succeeded"
      }
    },
    {
      "RequestUri": "https://management.azure.com/subscriptions/00000000-0000-0000-0000-000000000000/resourceGroups/rgname/providers/Microsoft.Network/loadBalancers/myLoadBalancer?api-version=2022-11-01",
      "RequestMethod": "GET",
      "RequestHeaders": {
        "Accept": "*/*",
        "Accept-Encoding": "gzip, deflate",
        "Connection": "keep-alive",
        "User-Agent": "azsdk-python-azure-mgmt-network/23.1.0 Python/3.8.16 (Linux-5.15.0-1034-azure-x86_64-with-glibc2.2.5) VSTS_0fb41ef4-5012-48a9-bf39-4ee3de03ee35_build_2500_0"
      },
      "RequestBody": null,
      "StatusCode": 200,
      "ResponseHeaders": {
        "Cache-Control": "no-cache",
        "Content-Encoding": "gzip",
        "Content-Type": "application/json; charset=utf-8",
        "Date": "Tue, 28 Mar 2023 09:47:37 GMT",
        "ETag": "W/\u002238a5f252-6cf6-4c55-8ec6-4a67f5e93adc\u0022",
        "Expires": "-1",
        "Pragma": "no-cache",
        "Server": [
          "Microsoft-HTTPAPI/2.0",
          "Microsoft-HTTPAPI/2.0"
        ],
        "Strict-Transport-Security": "max-age=31536000; includeSubDomains",
        "Transfer-Encoding": "chunked",
        "Vary": "Accept-Encoding",
        "X-Content-Type-Options": "nosniff",
        "x-ms-arm-service-request-id": "bc8d299d-d1a5-439b-8197-5f121ba454d1",
        "x-ms-correlation-request-id": "3a73d61c-f566-4851-a37e-ed2eb15c5e9d",
        "x-ms-ratelimit-remaining-subscription-reads": "11942",
        "x-ms-routing-request-id": "EASTUS:20230328T094738Z:3a73d61c-f566-4851-a37e-ed2eb15c5e9d"
      },
      "ResponseBody": {
        "name": "myLoadBalancer",
        "id": "/subscriptions/00000000-0000-0000-0000-000000000000/resourceGroups/rgname/providers/Microsoft.Network/loadBalancers/myLoadBalancer",
        "etag": "W/\u002238a5f252-6cf6-4c55-8ec6-4a67f5e93adc\u0022",
        "type": "Microsoft.Network/loadBalancers",
        "location": "eastus",
        "properties": {
          "provisioningState": "Succeeded",
          "resourceGuid": "d43d9c1f-6c9e-4c86-9c35-0392315978f9",
          "frontendIPConfigurations": [
            {
              "name": "myFrontendIpconfiguration",
              "id": "/subscriptions/00000000-0000-0000-0000-000000000000/resourceGroups/rgname/providers/Microsoft.Network/loadBalancers/myLoadBalancer/frontendIPConfigurations/myFrontendIpconfiguration",
              "etag": "W/\u002238a5f252-6cf6-4c55-8ec6-4a67f5e93adc\u0022",
              "type": "Microsoft.Network/loadBalancers/frontendIPConfigurations",
              "properties": {
                "provisioningState": "Succeeded",
                "privateIPAllocationMethod": "Dynamic",
                "publicIPAddress": {
                  "id": "/subscriptions/00000000-0000-0000-0000-000000000000/resourceGroups/rgname/providers/Microsoft.Network/publicIPAddresses/public_ip_address_name"
                },
                "loadBalancingRules": [
                  {
                    "id": "/subscriptions/00000000-0000-0000-0000-000000000000/resourceGroups/rgname/providers/Microsoft.Network/loadBalancers/myLoadBalancer/loadBalancingRules/myLoadBalancingRule"
                  }
                ],
                "outboundRules": [
                  {
                    "id": "/subscriptions/00000000-0000-0000-0000-000000000000/resourceGroups/rgname/providers/Microsoft.Network/loadBalancers/myLoadBalancer/outboundRules/myOutboundRule"
                  }
                ]
              }
            }
          ],
          "backendAddressPools": [
            {
              "name": "myBackendAddressPool",
              "id": "/subscriptions/00000000-0000-0000-0000-000000000000/resourceGroups/rgname/providers/Microsoft.Network/loadBalancers/myLoadBalancer/backendAddressPools/myBackendAddressPool",
              "etag": "W/\u002238a5f252-6cf6-4c55-8ec6-4a67f5e93adc\u0022",
              "properties": {
                "provisioningState": "Succeeded",
                "loadBalancerBackendAddresses": [],
                "outboundRules": [
                  {
                    "id": "/subscriptions/00000000-0000-0000-0000-000000000000/resourceGroups/rgname/providers/Microsoft.Network/loadBalancers/myLoadBalancer/outboundRules/myOutboundRule"
                  }
                ],
                "loadBalancingRules": [
                  {
                    "id": "/subscriptions/00000000-0000-0000-0000-000000000000/resourceGroups/rgname/providers/Microsoft.Network/loadBalancers/myLoadBalancer/loadBalancingRules/myLoadBalancingRule"
                  }
                ]
              },
              "type": "Microsoft.Network/loadBalancers/backendAddressPools"
            }
          ],
          "loadBalancingRules": [
            {
              "name": "myLoadBalancingRule",
              "id": "/subscriptions/00000000-0000-0000-0000-000000000000/resourceGroups/rgname/providers/Microsoft.Network/loadBalancers/myLoadBalancer/loadBalancingRules/myLoadBalancingRule",
              "etag": "W/\u002238a5f252-6cf6-4c55-8ec6-4a67f5e93adc\u0022",
              "type": "Microsoft.Network/loadBalancers/loadBalancingRules",
              "properties": {
                "provisioningState": "Succeeded",
                "frontendIPConfiguration": {
                  "id": "/subscriptions/00000000-0000-0000-0000-000000000000/resourceGroups/rgname/providers/Microsoft.Network/loadBalancers/myLoadBalancer/frontendIPConfigurations/myFrontendIpconfiguration"
                },
                "frontendPort": 80,
                "backendPort": 80,
                "enableFloatingIP": true,
                "idleTimeoutInMinutes": 15,
                "protocol": "Tcp",
                "enableDestinationServiceEndpoint": false,
                "enableTcpReset": false,
                "allowBackendPortConflict": false,
                "loadDistribution": "Default",
                "disableOutboundSnat": true,
                "backendAddressPool": {
                  "id": "/subscriptions/00000000-0000-0000-0000-000000000000/resourceGroups/rgname/providers/Microsoft.Network/loadBalancers/myLoadBalancer/backendAddressPools/myBackendAddressPool"
                },
                "backendAddressPools": [
                  {
                    "id": "/subscriptions/00000000-0000-0000-0000-000000000000/resourceGroups/rgname/providers/Microsoft.Network/loadBalancers/myLoadBalancer/backendAddressPools/myBackendAddressPool"
                  }
                ],
                "probe": {
                  "id": "/subscriptions/00000000-0000-0000-0000-000000000000/resourceGroups/rgname/providers/Microsoft.Network/loadBalancers/myLoadBalancer/probes/myProbe"
                }
              }
            }
          ],
          "probes": [
            {
              "name": "myProbe",
              "id": "/subscriptions/00000000-0000-0000-0000-000000000000/resourceGroups/rgname/providers/Microsoft.Network/loadBalancers/myLoadBalancer/probes/myProbe",
              "etag": "W/\u002238a5f252-6cf6-4c55-8ec6-4a67f5e93adc\u0022",
              "properties": {
                "provisioningState": "Succeeded",
                "protocol": "Http",
                "port": 80,
                "requestPath": "healthcheck.aspx",
                "intervalInSeconds": 15,
                "numberOfProbes": 2,
                "probeThreshold": 1,
                "loadBalancingRules": [
                  {
                    "id": "/subscriptions/00000000-0000-0000-0000-000000000000/resourceGroups/rgname/providers/Microsoft.Network/loadBalancers/myLoadBalancer/loadBalancingRules/myLoadBalancingRule"
                  }
                ]
              },
              "type": "Microsoft.Network/loadBalancers/probes"
            }
          ],
          "inboundNatRules": [],
          "outboundRules": [
            {
              "name": "myOutboundRule",
              "id": "/subscriptions/00000000-0000-0000-0000-000000000000/resourceGroups/rgname/providers/Microsoft.Network/loadBalancers/myLoadBalancer/outboundRules/myOutboundRule",
              "etag": "W/\u002238a5f252-6cf6-4c55-8ec6-4a67f5e93adc\u0022",
              "type": "Microsoft.Network/loadBalancers/outboundRules",
              "properties": {
                "provisioningState": "Succeeded",
                "allocatedOutboundPorts": 1024,
                "protocol": "All",
                "enableTcpReset": false,
                "idleTimeoutInMinutes": 4,
                "allocationPolicy": {
                  "onDemandAllocation": false,
                  "portReuse": "FirstAvailable"
                },
                "backendAddressPool": {
                  "id": "/subscriptions/00000000-0000-0000-0000-000000000000/resourceGroups/rgname/providers/Microsoft.Network/loadBalancers/myLoadBalancer/backendAddressPools/myBackendAddressPool"
                },
                "frontendIPConfigurations": [
                  {
                    "id": "/subscriptions/00000000-0000-0000-0000-000000000000/resourceGroups/rgname/providers/Microsoft.Network/loadBalancers/myLoadBalancer/frontendIPConfigurations/myFrontendIpconfiguration"
                  }
                ]
              }
            }
          ],
          "inboundNatPools": []
        },
        "sku": {
          "name": "Standard",
          "tier": "Regional"
        }
      }
    },
    {
      "RequestUri": "https://management.azure.com/subscriptions/00000000-0000-0000-0000-000000000000/resourceGroups/rgname/providers/Microsoft.Network/loadBalancers/myLoadBalancer/inboundNatRules/myInboundNatRule?api-version=2022-11-01",
      "RequestMethod": "PUT",
      "RequestHeaders": {
        "Accept": "application/json",
        "Accept-Encoding": "gzip, deflate",
        "Connection": "keep-alive",
        "Content-Length": "377",
        "Content-Type": "application/json",
        "User-Agent": "azsdk-python-azure-mgmt-network/23.1.0 Python/3.8.16 (Linux-5.15.0-1034-azure-x86_64-with-glibc2.2.5) VSTS_0fb41ef4-5012-48a9-bf39-4ee3de03ee35_build_2500_0"
      },
      "RequestBody": {
        "properties": {
          "frontendIPConfiguration": {
            "id": "/subscriptions/00000000-0000-0000-0000-000000000000/resourceGroups/rgname/providers/Microsoft.Network/loadBalancers/myLoadBalancer/frontendIPConfigurations/myFrontendIpconfiguration"
          },
          "protocol": "Tcp",
          "frontendPort": 3390,
          "backendPort": 3389,
          "idleTimeoutInMinutes": 4,
          "enableFloatingIP": false,
          "enableTcpReset": false
        }
      },
      "StatusCode": 201,
      "ResponseHeaders": {
        "Azure-AsyncNotification": "Enabled",
        "Azure-AsyncOperation": "https://management.azure.com/subscriptions/00000000-0000-0000-0000-000000000000/providers/Microsoft.Network/locations/eastus/operations/9a31f2ad-1691-424c-a594-0bc9f5b77b23?api-version=2022-11-01",
        "Cache-Control": "no-cache",
        "Content-Length": "890",
        "Content-Type": "application/json; charset=utf-8",
        "Date": "Tue, 28 Mar 2023 09:47:37 GMT",
        "Expires": "-1",
        "Pragma": "no-cache",
        "Server": [
          "Microsoft-HTTPAPI/2.0",
          "Microsoft-HTTPAPI/2.0"
        ],
        "Strict-Transport-Security": "max-age=31536000; includeSubDomains",
        "X-Content-Type-Options": "nosniff",
        "x-ms-arm-service-request-id": "564d2bb4-08e1-405a-b340-c7067c44c2a3",
        "x-ms-correlation-request-id": "9e529df7-903a-4dba-9971-3381f6d8b0ff",
        "x-ms-ratelimit-remaining-subscription-writes": "1188",
        "x-ms-routing-request-id": "EASTUS:20230328T094738Z:9e529df7-903a-4dba-9971-3381f6d8b0ff"
      },
      "ResponseBody": {
        "name": "myInboundNatRule",
        "id": "/subscriptions/00000000-0000-0000-0000-000000000000/resourceGroups/rgname/providers/Microsoft.Network/loadBalancers/myLoadBalancer/inboundNatRules/myInboundNatRule",
        "etag": "W/\u0022087d3c54-4078-474a-97b5-5e79e0b7df30\u0022",
        "type": "Microsoft.Network/loadBalancers/inboundNatRules",
        "properties": {
          "provisioningState": "Succeeded",
          "frontendIPConfiguration": {
            "id": "/subscriptions/00000000-0000-0000-0000-000000000000/resourceGroups/rgname/providers/Microsoft.Network/loadBalancers/myLoadBalancer/frontendIPConfigurations/myFrontendIpconfiguration"
          },
          "frontendPort": 3390,
          "backendPort": 3389,
          "enableFloatingIP": false,
          "idleTimeoutInMinutes": 4,
          "protocol": "Tcp",
          "enableDestinationServiceEndpoint": false,
          "enableTcpReset": false,
          "allowBackendPortConflict": false
        }
      }
    },
    {
      "RequestUri": "https://management.azure.com/subscriptions/00000000-0000-0000-0000-000000000000/providers/Microsoft.Network/locations/eastus/operations/9a31f2ad-1691-424c-a594-0bc9f5b77b23?api-version=2022-11-01",
      "RequestMethod": "GET",
      "RequestHeaders": {
        "Accept": "*/*",
        "Accept-Encoding": "gzip, deflate",
        "Connection": "keep-alive",
        "User-Agent": "azsdk-python-azure-mgmt-network/23.1.0 Python/3.8.16 (Linux-5.15.0-1034-azure-x86_64-with-glibc2.2.5) VSTS_0fb41ef4-5012-48a9-bf39-4ee3de03ee35_build_2500_0"
      },
      "RequestBody": null,
      "StatusCode": 200,
      "ResponseHeaders": {
        "Cache-Control": "no-cache",
        "Content-Encoding": "gzip",
        "Content-Type": "application/json; charset=utf-8",
        "Date": "Tue, 28 Mar 2023 09:47:37 GMT",
        "Expires": "-1",
        "Pragma": "no-cache",
        "Server": [
          "Microsoft-HTTPAPI/2.0",
          "Microsoft-HTTPAPI/2.0"
        ],
        "Strict-Transport-Security": "max-age=31536000; includeSubDomains",
        "Transfer-Encoding": "chunked",
        "Vary": "Accept-Encoding",
        "X-Content-Type-Options": "nosniff",
        "x-ms-arm-service-request-id": "f46bd183-f705-474a-8b1b-6eda254944be",
        "x-ms-correlation-request-id": "435d0718-06aa-4132-9aea-281ad9292181",
        "x-ms-ratelimit-remaining-subscription-reads": "11941",
        "x-ms-routing-request-id": "EASTUS:20230328T094738Z:435d0718-06aa-4132-9aea-281ad9292181"
      },
      "ResponseBody": {
        "status": "Succeeded"
      }
    },
    {
      "RequestUri": "https://management.azure.com/subscriptions/00000000-0000-0000-0000-000000000000/resourceGroups/rgname/providers/Microsoft.Network/loadBalancers/myLoadBalancer/inboundNatRules/myInboundNatRule?api-version=2022-11-01",
      "RequestMethod": "GET",
      "RequestHeaders": {
        "Accept": "*/*",
        "Accept-Encoding": "gzip, deflate",
        "Connection": "keep-alive",
        "User-Agent": "azsdk-python-azure-mgmt-network/23.1.0 Python/3.8.16 (Linux-5.15.0-1034-azure-x86_64-with-glibc2.2.5) VSTS_0fb41ef4-5012-48a9-bf39-4ee3de03ee35_build_2500_0"
      },
      "RequestBody": null,
      "StatusCode": 200,
      "ResponseHeaders": {
        "Cache-Control": "no-cache",
        "Content-Encoding": "gzip",
        "Content-Type": "application/json; charset=utf-8",
        "Date": "Tue, 28 Mar 2023 09:47:37 GMT",
        "ETag": "W/\u0022087d3c54-4078-474a-97b5-5e79e0b7df30\u0022",
        "Expires": "-1",
        "Pragma": "no-cache",
        "Server": [
          "Microsoft-HTTPAPI/2.0",
          "Microsoft-HTTPAPI/2.0"
        ],
        "Strict-Transport-Security": "max-age=31536000; includeSubDomains",
        "Transfer-Encoding": "chunked",
        "Vary": "Accept-Encoding",
        "X-Content-Type-Options": "nosniff",
        "x-ms-arm-service-request-id": "00b07032-ffe4-41dc-9c7b-37bd9a09377b",
        "x-ms-correlation-request-id": "1f3312be-b175-4721-90f7-b74c55a21935",
        "x-ms-ratelimit-remaining-subscription-reads": "11940",
        "x-ms-routing-request-id": "EASTUS:20230328T094738Z:1f3312be-b175-4721-90f7-b74c55a21935"
      },
      "ResponseBody": {
        "name": "myInboundNatRule",
        "id": "/subscriptions/00000000-0000-0000-0000-000000000000/resourceGroups/rgname/providers/Microsoft.Network/loadBalancers/myLoadBalancer/inboundNatRules/myInboundNatRule",
        "etag": "W/\u0022087d3c54-4078-474a-97b5-5e79e0b7df30\u0022",
        "type": "Microsoft.Network/loadBalancers/inboundNatRules",
        "properties": {
          "provisioningState": "Succeeded",
          "frontendIPConfiguration": {
            "id": "/subscriptions/00000000-0000-0000-0000-000000000000/resourceGroups/rgname/providers/Microsoft.Network/loadBalancers/myLoadBalancer/frontendIPConfigurations/myFrontendIpconfiguration"
          },
          "frontendPort": 3390,
          "backendPort": 3389,
          "enableFloatingIP": false,
          "idleTimeoutInMinutes": 4,
          "protocol": "Tcp",
          "enableDestinationServiceEndpoint": false,
          "enableTcpReset": false,
          "allowBackendPortConflict": false
        }
      }
    },
    {
      "RequestUri": "https://management.azure.com/subscriptions/00000000-0000-0000-0000-000000000000/resourceGroups/rgname/providers/Microsoft.Network/loadBalancers/myLoadBalancer/frontendIPConfigurations/myFrontendIpconfiguration?api-version=2022-11-01",
      "RequestMethod": "GET",
      "RequestHeaders": {
        "Accept": "application/json",
        "Accept-Encoding": "gzip, deflate",
        "Connection": "keep-alive",
        "User-Agent": "azsdk-python-azure-mgmt-network/23.1.0 Python/3.8.16 (Linux-5.15.0-1034-azure-x86_64-with-glibc2.2.5) VSTS_0fb41ef4-5012-48a9-bf39-4ee3de03ee35_build_2500_0"
      },
      "RequestBody": null,
      "StatusCode": 200,
      "ResponseHeaders": {
        "Cache-Control": "no-cache",
        "Content-Encoding": "gzip",
        "Content-Type": "application/json; charset=utf-8",
        "Date": "Tue, 28 Mar 2023 09:47:37 GMT",
        "ETag": "W/\u0022087d3c54-4078-474a-97b5-5e79e0b7df30\u0022",
        "Expires": "-1",
        "Pragma": "no-cache",
        "Server": [
          "Microsoft-HTTPAPI/2.0",
          "Microsoft-HTTPAPI/2.0"
        ],
        "Strict-Transport-Security": "max-age=31536000; includeSubDomains",
        "Transfer-Encoding": "chunked",
        "Vary": "Accept-Encoding",
        "X-Content-Type-Options": "nosniff",
        "x-ms-arm-service-request-id": "c6e35320-569f-4308-a5c0-f14342c2f3dd",
        "x-ms-correlation-request-id": "98b5ce82-8a8b-42ff-8df5-e60f6f84b21d",
        "x-ms-ratelimit-remaining-subscription-reads": "11939",
        "x-ms-routing-request-id": "EASTUS:20230328T094738Z:98b5ce82-8a8b-42ff-8df5-e60f6f84b21d"
      },
      "ResponseBody": {
        "name": "myFrontendIpconfiguration",
        "id": "/subscriptions/00000000-0000-0000-0000-000000000000/resourceGroups/rgname/providers/Microsoft.Network/loadBalancers/myLoadBalancer/frontendIPConfigurations/myFrontendIpconfiguration",
        "etag": "W/\u0022087d3c54-4078-474a-97b5-5e79e0b7df30\u0022",
        "type": "Microsoft.Network/loadBalancers/frontendIPConfigurations",
        "properties": {
          "provisioningState": "Succeeded",
          "privateIPAllocationMethod": "Dynamic",
          "publicIPAddress": {
            "id": "/subscriptions/00000000-0000-0000-0000-000000000000/resourceGroups/rgname/providers/Microsoft.Network/publicIPAddresses/public_ip_address_name"
          },
          "loadBalancingRules": [
            {
              "id": "/subscriptions/00000000-0000-0000-0000-000000000000/resourceGroups/rgname/providers/Microsoft.Network/loadBalancers/myLoadBalancer/loadBalancingRules/myLoadBalancingRule"
            }
          ],
          "inboundNatRules": [
            {
              "id": "/subscriptions/00000000-0000-0000-0000-000000000000/resourceGroups/rgname/providers/Microsoft.Network/loadBalancers/myLoadBalancer/inboundNatRules/myInboundNatRule"
            }
          ],
          "outboundRules": [
            {
              "id": "/subscriptions/00000000-0000-0000-0000-000000000000/resourceGroups/rgname/providers/Microsoft.Network/loadBalancers/myLoadBalancer/outboundRules/myOutboundRule"
            }
          ]
        }
      }
    },
    {
      "RequestUri": "https://management.azure.com/subscriptions/00000000-0000-0000-0000-000000000000/resourceGroups/rgname/providers/Microsoft.Network/loadBalancers/myLoadBalancer/backendAddressPools/myBackendAddressPool?api-version=2022-11-01",
      "RequestMethod": "GET",
      "RequestHeaders": {
        "Accept": "application/json",
        "Accept-Encoding": "gzip, deflate",
        "Connection": "keep-alive",
        "User-Agent": "azsdk-python-azure-mgmt-network/23.1.0 Python/3.8.16 (Linux-5.15.0-1034-azure-x86_64-with-glibc2.2.5) VSTS_0fb41ef4-5012-48a9-bf39-4ee3de03ee35_build_2500_0"
      },
      "RequestBody": null,
      "StatusCode": 200,
      "ResponseHeaders": {
        "Cache-Control": "no-cache",
        "Content-Encoding": "gzip",
        "Content-Type": "application/json; charset=utf-8",
        "Date": "Tue, 28 Mar 2023 09:47:37 GMT",
        "ETag": "W/\u0022087d3c54-4078-474a-97b5-5e79e0b7df30\u0022",
        "Expires": "-1",
        "Pragma": "no-cache",
        "Server": [
          "Microsoft-HTTPAPI/2.0",
          "Microsoft-HTTPAPI/2.0"
        ],
        "Strict-Transport-Security": "max-age=31536000; includeSubDomains",
        "Transfer-Encoding": "chunked",
        "Vary": "Accept-Encoding",
        "X-Content-Type-Options": "nosniff",
        "x-ms-arm-service-request-id": "d9c0e4ab-681e-470e-b63d-2edb9376176b",
        "x-ms-correlation-request-id": "6079cc4e-61be-48b0-afcc-779c9529a6de",
        "x-ms-ratelimit-remaining-subscription-reads": "11938",
        "x-ms-routing-request-id": "EASTUS:20230328T094738Z:6079cc4e-61be-48b0-afcc-779c9529a6de"
      },
      "ResponseBody": {
        "name": "myBackendAddressPool",
        "id": "/subscriptions/00000000-0000-0000-0000-000000000000/resourceGroups/rgname/providers/Microsoft.Network/loadBalancers/myLoadBalancer/backendAddressPools/myBackendAddressPool",
        "etag": "W/\u0022087d3c54-4078-474a-97b5-5e79e0b7df30\u0022",
        "properties": {
          "provisioningState": "Succeeded",
          "loadBalancerBackendAddresses": [],
          "outboundRules": [
            {
              "id": "/subscriptions/00000000-0000-0000-0000-000000000000/resourceGroups/rgname/providers/Microsoft.Network/loadBalancers/myLoadBalancer/outboundRules/myOutboundRule"
            }
          ],
          "loadBalancingRules": [
            {
              "id": "/subscriptions/00000000-0000-0000-0000-000000000000/resourceGroups/rgname/providers/Microsoft.Network/loadBalancers/myLoadBalancer/loadBalancingRules/myLoadBalancingRule"
            }
          ]
        },
        "type": "Microsoft.Network/loadBalancers/backendAddressPools"
      }
    },
    {
      "RequestUri": "https://management.azure.com/subscriptions/00000000-0000-0000-0000-000000000000/resourceGroups/rgname/providers/Microsoft.Network/loadBalancers/myLoadBalancer/loadBalancingRules/myLoadBalancingRule?api-version=2022-11-01",
      "RequestMethod": "GET",
      "RequestHeaders": {
        "Accept": "application/json",
        "Accept-Encoding": "gzip, deflate",
        "Connection": "keep-alive",
        "User-Agent": "azsdk-python-azure-mgmt-network/23.1.0 Python/3.8.16 (Linux-5.15.0-1034-azure-x86_64-with-glibc2.2.5) VSTS_0fb41ef4-5012-48a9-bf39-4ee3de03ee35_build_2500_0"
      },
      "RequestBody": null,
      "StatusCode": 200,
      "ResponseHeaders": {
        "Cache-Control": "no-cache",
        "Content-Encoding": "gzip",
        "Content-Type": "application/json; charset=utf-8",
        "Date": "Tue, 28 Mar 2023 09:47:38 GMT",
        "ETag": "W/\u0022087d3c54-4078-474a-97b5-5e79e0b7df30\u0022",
        "Expires": "-1",
        "Pragma": "no-cache",
        "Server": [
          "Microsoft-HTTPAPI/2.0",
          "Microsoft-HTTPAPI/2.0"
        ],
        "Strict-Transport-Security": "max-age=31536000; includeSubDomains",
        "Transfer-Encoding": "chunked",
        "Vary": "Accept-Encoding",
        "X-Content-Type-Options": "nosniff",
        "x-ms-arm-service-request-id": "bf8a81db-ce1d-4234-b952-f48415832297",
        "x-ms-correlation-request-id": "4a530e61-3032-405f-96de-d36e669aee39",
        "x-ms-ratelimit-remaining-subscription-reads": "11937",
        "x-ms-routing-request-id": "EASTUS:20230328T094738Z:4a530e61-3032-405f-96de-d36e669aee39"
      },
      "ResponseBody": {
        "name": "myLoadBalancingRule",
        "id": "/subscriptions/00000000-0000-0000-0000-000000000000/resourceGroups/rgname/providers/Microsoft.Network/loadBalancers/myLoadBalancer/loadBalancingRules/myLoadBalancingRule",
        "etag": "W/\u0022087d3c54-4078-474a-97b5-5e79e0b7df30\u0022",
        "type": "Microsoft.Network/loadBalancers/loadBalancingRules",
        "properties": {
          "provisioningState": "Succeeded",
          "frontendIPConfiguration": {
            "id": "/subscriptions/00000000-0000-0000-0000-000000000000/resourceGroups/rgname/providers/Microsoft.Network/loadBalancers/myLoadBalancer/frontendIPConfigurations/myFrontendIpconfiguration"
          },
          "frontendPort": 80,
          "backendPort": 80,
          "enableFloatingIP": true,
          "idleTimeoutInMinutes": 15,
          "protocol": "Tcp",
          "enableDestinationServiceEndpoint": false,
          "enableTcpReset": false,
          "allowBackendPortConflict": false,
          "loadDistribution": "Default",
          "disableOutboundSnat": true,
          "backendAddressPool": {
            "id": "/subscriptions/00000000-0000-0000-0000-000000000000/resourceGroups/rgname/providers/Microsoft.Network/loadBalancers/myLoadBalancer/backendAddressPools/myBackendAddressPool"
          },
          "backendAddressPools": [
            {
              "id": "/subscriptions/00000000-0000-0000-0000-000000000000/resourceGroups/rgname/providers/Microsoft.Network/loadBalancers/myLoadBalancer/backendAddressPools/myBackendAddressPool"
            }
          ],
          "probe": {
            "id": "/subscriptions/00000000-0000-0000-0000-000000000000/resourceGroups/rgname/providers/Microsoft.Network/loadBalancers/myLoadBalancer/probes/myProbe"
          }
        }
      }
    },
    {
      "RequestUri": "https://management.azure.com/subscriptions/00000000-0000-0000-0000-000000000000/resourceGroups/rgname/providers/Microsoft.Network/loadBalancers/myLoadBalancer/inboundNatRules/myInboundNatRule?api-version=2022-11-01",
      "RequestMethod": "GET",
      "RequestHeaders": {
        "Accept": "application/json",
        "Accept-Encoding": "gzip, deflate",
        "Connection": "keep-alive",
        "User-Agent": "azsdk-python-azure-mgmt-network/23.1.0 Python/3.8.16 (Linux-5.15.0-1034-azure-x86_64-with-glibc2.2.5) VSTS_0fb41ef4-5012-48a9-bf39-4ee3de03ee35_build_2500_0"
      },
      "RequestBody": null,
      "StatusCode": 200,
      "ResponseHeaders": {
        "Cache-Control": "no-cache",
        "Content-Encoding": "gzip",
        "Content-Type": "application/json; charset=utf-8",
        "Date": "Tue, 28 Mar 2023 09:47:38 GMT",
        "ETag": "W/\u0022087d3c54-4078-474a-97b5-5e79e0b7df30\u0022",
        "Expires": "-1",
        "Pragma": "no-cache",
        "Server": [
          "Microsoft-HTTPAPI/2.0",
          "Microsoft-HTTPAPI/2.0"
        ],
        "Strict-Transport-Security": "max-age=31536000; includeSubDomains",
        "Transfer-Encoding": "chunked",
        "Vary": "Accept-Encoding",
        "X-Content-Type-Options": "nosniff",
        "x-ms-arm-service-request-id": "beffd47d-621d-4078-9de3-fa1dbdcefa44",
        "x-ms-correlation-request-id": "3ddb53a1-7c06-4426-8ef5-e84a83de3470",
        "x-ms-ratelimit-remaining-subscription-reads": "11936",
        "x-ms-routing-request-id": "EASTUS:20230328T094738Z:3ddb53a1-7c06-4426-8ef5-e84a83de3470"
      },
      "ResponseBody": {
        "name": "myInboundNatRule",
        "id": "/subscriptions/00000000-0000-0000-0000-000000000000/resourceGroups/rgname/providers/Microsoft.Network/loadBalancers/myLoadBalancer/inboundNatRules/myInboundNatRule",
        "etag": "W/\u0022087d3c54-4078-474a-97b5-5e79e0b7df30\u0022",
        "type": "Microsoft.Network/loadBalancers/inboundNatRules",
        "properties": {
          "provisioningState": "Succeeded",
          "frontendIPConfiguration": {
            "id": "/subscriptions/00000000-0000-0000-0000-000000000000/resourceGroups/rgname/providers/Microsoft.Network/loadBalancers/myLoadBalancer/frontendIPConfigurations/myFrontendIpconfiguration"
          },
          "frontendPort": 3390,
          "backendPort": 3389,
          "enableFloatingIP": false,
          "idleTimeoutInMinutes": 4,
          "protocol": "Tcp",
          "enableDestinationServiceEndpoint": false,
          "enableTcpReset": false,
          "allowBackendPortConflict": false
        }
      }
    },
    {
      "RequestUri": "https://management.azure.com/subscriptions/00000000-0000-0000-0000-000000000000/resourceGroups/rgname/providers/Microsoft.Network/loadBalancers/myLoadBalancer/outboundRules/myOutboundRule?api-version=2022-11-01",
      "RequestMethod": "GET",
      "RequestHeaders": {
        "Accept": "application/json",
        "Accept-Encoding": "gzip, deflate",
        "Connection": "keep-alive",
        "User-Agent": "azsdk-python-azure-mgmt-network/23.1.0 Python/3.8.16 (Linux-5.15.0-1034-azure-x86_64-with-glibc2.2.5) VSTS_0fb41ef4-5012-48a9-bf39-4ee3de03ee35_build_2500_0"
      },
      "RequestBody": null,
      "StatusCode": 200,
      "ResponseHeaders": {
        "Cache-Control": "no-cache",
        "Content-Encoding": "gzip",
        "Content-Type": "application/json; charset=utf-8",
        "Date": "Tue, 28 Mar 2023 09:47:38 GMT",
        "ETag": "W/\u0022087d3c54-4078-474a-97b5-5e79e0b7df30\u0022",
        "Expires": "-1",
        "Pragma": "no-cache",
        "Server": [
          "Microsoft-HTTPAPI/2.0",
          "Microsoft-HTTPAPI/2.0"
        ],
        "Strict-Transport-Security": "max-age=31536000; includeSubDomains",
        "Transfer-Encoding": "chunked",
        "Vary": "Accept-Encoding",
        "X-Content-Type-Options": "nosniff",
        "x-ms-arm-service-request-id": "922d27fc-de24-4d2e-9abb-cb570a368a46",
        "x-ms-correlation-request-id": "4f8bfac1-070c-4a1c-9a72-94b4ba5927df",
        "x-ms-ratelimit-remaining-subscription-reads": "11935",
        "x-ms-routing-request-id": "EASTUS:20230328T094738Z:4f8bfac1-070c-4a1c-9a72-94b4ba5927df"
      },
      "ResponseBody": {
        "name": "myOutboundRule",
        "id": "/subscriptions/00000000-0000-0000-0000-000000000000/resourceGroups/rgname/providers/Microsoft.Network/loadBalancers/myLoadBalancer/outboundRules/myOutboundRule",
        "etag": "W/\u0022087d3c54-4078-474a-97b5-5e79e0b7df30\u0022",
        "type": "Microsoft.Network/loadBalancers/outboundRules",
        "properties": {
          "provisioningState": "Succeeded",
          "allocatedOutboundPorts": 1024,
          "protocol": "All",
          "enableTcpReset": false,
          "idleTimeoutInMinutes": 4,
          "allocationPolicy": {
            "onDemandAllocation": false,
            "portReuse": "FirstAvailable"
          },
          "backendAddressPool": {
            "id": "/subscriptions/00000000-0000-0000-0000-000000000000/resourceGroups/rgname/providers/Microsoft.Network/loadBalancers/myLoadBalancer/backendAddressPools/myBackendAddressPool"
          },
          "frontendIPConfigurations": [
            {
              "id": "/subscriptions/00000000-0000-0000-0000-000000000000/resourceGroups/rgname/providers/Microsoft.Network/loadBalancers/myLoadBalancer/frontendIPConfigurations/myFrontendIpconfiguration"
            }
          ]
        }
      }
    },
    {
      "RequestUri": "https://management.azure.com/subscriptions/00000000-0000-0000-0000-000000000000/resourceGroups/rgname/providers/Microsoft.Network/loadBalancers/myLoadBalancer/probes/myProbe?api-version=2022-11-01",
      "RequestMethod": "GET",
      "RequestHeaders": {
        "Accept": "application/json",
        "Accept-Encoding": "gzip, deflate",
        "Connection": "keep-alive",
        "User-Agent": "azsdk-python-azure-mgmt-network/23.1.0 Python/3.8.16 (Linux-5.15.0-1034-azure-x86_64-with-glibc2.2.5) VSTS_0fb41ef4-5012-48a9-bf39-4ee3de03ee35_build_2500_0"
      },
      "RequestBody": null,
      "StatusCode": 200,
      "ResponseHeaders": {
        "Cache-Control": "no-cache",
        "Content-Encoding": "gzip",
        "Content-Type": "application/json; charset=utf-8",
        "Date": "Tue, 28 Mar 2023 09:47:38 GMT",
        "ETag": "W/\u0022087d3c54-4078-474a-97b5-5e79e0b7df30\u0022",
        "Expires": "-1",
        "Pragma": "no-cache",
        "Server": [
          "Microsoft-HTTPAPI/2.0",
          "Microsoft-HTTPAPI/2.0"
        ],
        "Strict-Transport-Security": "max-age=31536000; includeSubDomains",
        "Transfer-Encoding": "chunked",
        "Vary": "Accept-Encoding",
        "X-Content-Type-Options": "nosniff",
        "x-ms-arm-service-request-id": "0775c5e8-d737-48ce-822d-5f3b3512db18",
        "x-ms-correlation-request-id": "4a8e607e-0ddf-4fd5-9abd-ce8d10b6938c",
        "x-ms-ratelimit-remaining-subscription-reads": "11934",
        "x-ms-routing-request-id": "EASTUS:20230328T094738Z:4a8e607e-0ddf-4fd5-9abd-ce8d10b6938c"
      },
      "ResponseBody": {
        "name": "myProbe",
        "id": "/subscriptions/00000000-0000-0000-0000-000000000000/resourceGroups/rgname/providers/Microsoft.Network/loadBalancers/myLoadBalancer/probes/myProbe",
        "etag": "W/\u0022087d3c54-4078-474a-97b5-5e79e0b7df30\u0022",
        "properties": {
          "provisioningState": "Succeeded",
          "protocol": "Http",
          "port": 80,
          "requestPath": "healthcheck.aspx",
          "intervalInSeconds": 15,
          "numberOfProbes": 2,
          "probeThreshold": 1,
          "loadBalancingRules": [
            {
              "id": "/subscriptions/00000000-0000-0000-0000-000000000000/resourceGroups/rgname/providers/Microsoft.Network/loadBalancers/myLoadBalancer/loadBalancingRules/myLoadBalancingRule"
            }
          ]
        },
        "type": "Microsoft.Network/loadBalancers/probes"
      }
    },
    {
      "RequestUri": "https://management.azure.com/subscriptions/00000000-0000-0000-0000-000000000000/resourceGroups/rgname/providers/Microsoft.Network/loadBalancers/myLoadBalancer?api-version=2022-11-01",
      "RequestMethod": "GET",
      "RequestHeaders": {
        "Accept": "application/json",
        "Accept-Encoding": "gzip, deflate",
        "Connection": "keep-alive",
        "User-Agent": "azsdk-python-azure-mgmt-network/23.1.0 Python/3.8.16 (Linux-5.15.0-1034-azure-x86_64-with-glibc2.2.5) VSTS_0fb41ef4-5012-48a9-bf39-4ee3de03ee35_build_2500_0"
      },
      "RequestBody": null,
      "StatusCode": 200,
      "ResponseHeaders": {
        "Cache-Control": "no-cache",
        "Content-Encoding": "gzip",
        "Content-Type": "application/json; charset=utf-8",
        "Date": "Tue, 28 Mar 2023 09:47:38 GMT",
        "ETag": "W/\u0022087d3c54-4078-474a-97b5-5e79e0b7df30\u0022",
        "Expires": "-1",
        "Pragma": "no-cache",
        "Server": [
          "Microsoft-HTTPAPI/2.0",
          "Microsoft-HTTPAPI/2.0"
        ],
        "Strict-Transport-Security": "max-age=31536000; includeSubDomains",
        "Transfer-Encoding": "chunked",
        "Vary": "Accept-Encoding",
        "X-Content-Type-Options": "nosniff",
        "x-ms-arm-service-request-id": "4ae4b8a5-9f62-4121-a33c-832ca88076d7",
        "x-ms-correlation-request-id": "69925570-ea4e-4960-9e89-4af1e1bfa473",
        "x-ms-ratelimit-remaining-subscription-reads": "11933",
        "x-ms-routing-request-id": "EASTUS:20230328T094738Z:69925570-ea4e-4960-9e89-4af1e1bfa473"
      },
      "ResponseBody": {
        "name": "myLoadBalancer",
        "id": "/subscriptions/00000000-0000-0000-0000-000000000000/resourceGroups/rgname/providers/Microsoft.Network/loadBalancers/myLoadBalancer",
        "etag": "W/\u0022087d3c54-4078-474a-97b5-5e79e0b7df30\u0022",
        "type": "Microsoft.Network/loadBalancers",
        "location": "eastus",
        "properties": {
          "provisioningState": "Succeeded",
          "resourceGuid": "d43d9c1f-6c9e-4c86-9c35-0392315978f9",
          "frontendIPConfigurations": [
            {
              "name": "myFrontendIpconfiguration",
              "id": "/subscriptions/00000000-0000-0000-0000-000000000000/resourceGroups/rgname/providers/Microsoft.Network/loadBalancers/myLoadBalancer/frontendIPConfigurations/myFrontendIpconfiguration",
              "etag": "W/\u0022087d3c54-4078-474a-97b5-5e79e0b7df30\u0022",
              "type": "Microsoft.Network/loadBalancers/frontendIPConfigurations",
              "properties": {
                "provisioningState": "Succeeded",
                "privateIPAllocationMethod": "Dynamic",
                "publicIPAddress": {
                  "id": "/subscriptions/00000000-0000-0000-0000-000000000000/resourceGroups/rgname/providers/Microsoft.Network/publicIPAddresses/public_ip_address_name"
                },
                "loadBalancingRules": [
                  {
                    "id": "/subscriptions/00000000-0000-0000-0000-000000000000/resourceGroups/rgname/providers/Microsoft.Network/loadBalancers/myLoadBalancer/loadBalancingRules/myLoadBalancingRule"
                  }
                ],
                "inboundNatRules": [
                  {
                    "id": "/subscriptions/00000000-0000-0000-0000-000000000000/resourceGroups/rgname/providers/Microsoft.Network/loadBalancers/myLoadBalancer/inboundNatRules/myInboundNatRule"
                  }
                ],
                "outboundRules": [
                  {
                    "id": "/subscriptions/00000000-0000-0000-0000-000000000000/resourceGroups/rgname/providers/Microsoft.Network/loadBalancers/myLoadBalancer/outboundRules/myOutboundRule"
                  }
                ]
              }
            }
          ],
          "backendAddressPools": [
            {
              "name": "myBackendAddressPool",
              "id": "/subscriptions/00000000-0000-0000-0000-000000000000/resourceGroups/rgname/providers/Microsoft.Network/loadBalancers/myLoadBalancer/backendAddressPools/myBackendAddressPool",
              "etag": "W/\u0022087d3c54-4078-474a-97b5-5e79e0b7df30\u0022",
              "properties": {
                "provisioningState": "Succeeded",
                "loadBalancerBackendAddresses": [],
                "outboundRules": [
                  {
                    "id": "/subscriptions/00000000-0000-0000-0000-000000000000/resourceGroups/rgname/providers/Microsoft.Network/loadBalancers/myLoadBalancer/outboundRules/myOutboundRule"
                  }
                ],
                "loadBalancingRules": [
                  {
                    "id": "/subscriptions/00000000-0000-0000-0000-000000000000/resourceGroups/rgname/providers/Microsoft.Network/loadBalancers/myLoadBalancer/loadBalancingRules/myLoadBalancingRule"
                  }
                ]
              },
              "type": "Microsoft.Network/loadBalancers/backendAddressPools"
            }
          ],
          "loadBalancingRules": [
            {
              "name": "myLoadBalancingRule",
              "id": "/subscriptions/00000000-0000-0000-0000-000000000000/resourceGroups/rgname/providers/Microsoft.Network/loadBalancers/myLoadBalancer/loadBalancingRules/myLoadBalancingRule",
              "etag": "W/\u0022087d3c54-4078-474a-97b5-5e79e0b7df30\u0022",
              "type": "Microsoft.Network/loadBalancers/loadBalancingRules",
              "properties": {
                "provisioningState": "Succeeded",
                "frontendIPConfiguration": {
                  "id": "/subscriptions/00000000-0000-0000-0000-000000000000/resourceGroups/rgname/providers/Microsoft.Network/loadBalancers/myLoadBalancer/frontendIPConfigurations/myFrontendIpconfiguration"
                },
                "frontendPort": 80,
                "backendPort": 80,
                "enableFloatingIP": true,
                "idleTimeoutInMinutes": 15,
                "protocol": "Tcp",
                "enableDestinationServiceEndpoint": false,
                "enableTcpReset": false,
                "allowBackendPortConflict": false,
                "loadDistribution": "Default",
                "disableOutboundSnat": true,
                "backendAddressPool": {
                  "id": "/subscriptions/00000000-0000-0000-0000-000000000000/resourceGroups/rgname/providers/Microsoft.Network/loadBalancers/myLoadBalancer/backendAddressPools/myBackendAddressPool"
                },
                "backendAddressPools": [
                  {
                    "id": "/subscriptions/00000000-0000-0000-0000-000000000000/resourceGroups/rgname/providers/Microsoft.Network/loadBalancers/myLoadBalancer/backendAddressPools/myBackendAddressPool"
                  }
                ],
                "probe": {
                  "id": "/subscriptions/00000000-0000-0000-0000-000000000000/resourceGroups/rgname/providers/Microsoft.Network/loadBalancers/myLoadBalancer/probes/myProbe"
                }
              }
            }
          ],
          "probes": [
            {
              "name": "myProbe",
              "id": "/subscriptions/00000000-0000-0000-0000-000000000000/resourceGroups/rgname/providers/Microsoft.Network/loadBalancers/myLoadBalancer/probes/myProbe",
              "etag": "W/\u0022087d3c54-4078-474a-97b5-5e79e0b7df30\u0022",
              "properties": {
                "provisioningState": "Succeeded",
                "protocol": "Http",
                "port": 80,
                "requestPath": "healthcheck.aspx",
                "intervalInSeconds": 15,
                "numberOfProbes": 2,
                "probeThreshold": 1,
                "loadBalancingRules": [
                  {
                    "id": "/subscriptions/00000000-0000-0000-0000-000000000000/resourceGroups/rgname/providers/Microsoft.Network/loadBalancers/myLoadBalancer/loadBalancingRules/myLoadBalancingRule"
                  }
                ]
              },
              "type": "Microsoft.Network/loadBalancers/probes"
            }
          ],
          "inboundNatRules": [
            {
              "name": "myInboundNatRule",
              "id": "/subscriptions/00000000-0000-0000-0000-000000000000/resourceGroups/rgname/providers/Microsoft.Network/loadBalancers/myLoadBalancer/inboundNatRules/myInboundNatRule",
              "etag": "W/\u0022087d3c54-4078-474a-97b5-5e79e0b7df30\u0022",
              "type": "Microsoft.Network/loadBalancers/inboundNatRules",
              "properties": {
                "provisioningState": "Succeeded",
                "frontendIPConfiguration": {
                  "id": "/subscriptions/00000000-0000-0000-0000-000000000000/resourceGroups/rgname/providers/Microsoft.Network/loadBalancers/myLoadBalancer/frontendIPConfigurations/myFrontendIpconfiguration"
                },
                "frontendPort": 3390,
                "backendPort": 3389,
                "enableFloatingIP": false,
                "idleTimeoutInMinutes": 4,
                "protocol": "Tcp",
                "enableDestinationServiceEndpoint": false,
                "enableTcpReset": false,
                "allowBackendPortConflict": false
              }
            }
          ],
          "outboundRules": [
            {
              "name": "myOutboundRule",
              "id": "/subscriptions/00000000-0000-0000-0000-000000000000/resourceGroups/rgname/providers/Microsoft.Network/loadBalancers/myLoadBalancer/outboundRules/myOutboundRule",
              "etag": "W/\u0022087d3c54-4078-474a-97b5-5e79e0b7df30\u0022",
              "type": "Microsoft.Network/loadBalancers/outboundRules",
              "properties": {
                "provisioningState": "Succeeded",
                "allocatedOutboundPorts": 1024,
                "protocol": "All",
                "enableTcpReset": false,
                "idleTimeoutInMinutes": 4,
                "allocationPolicy": {
                  "onDemandAllocation": false,
                  "portReuse": "FirstAvailable"
                },
                "backendAddressPool": {
                  "id": "/subscriptions/00000000-0000-0000-0000-000000000000/resourceGroups/rgname/providers/Microsoft.Network/loadBalancers/myLoadBalancer/backendAddressPools/myBackendAddressPool"
                },
                "frontendIPConfigurations": [
                  {
                    "id": "/subscriptions/00000000-0000-0000-0000-000000000000/resourceGroups/rgname/providers/Microsoft.Network/loadBalancers/myLoadBalancer/frontendIPConfigurations/myFrontendIpconfiguration"
                  }
                ]
              }
            }
          ],
          "inboundNatPools": []
        },
        "sku": {
          "name": "Standard",
          "tier": "Regional"
        }
      }
    },
    {
      "RequestUri": "https://management.azure.com/subscriptions/00000000-0000-0000-0000-000000000000/resourceGroups/rgname/providers/Microsoft.Network/loadBalancers/myLoadBalancer?api-version=2022-11-01",
      "RequestMethod": "PATCH",
      "RequestHeaders": {
        "Accept": "application/json",
        "Accept-Encoding": "gzip, deflate",
        "Connection": "keep-alive",
        "Content-Length": "46",
        "Content-Type": "application/json",
        "User-Agent": "azsdk-python-azure-mgmt-network/23.1.0 Python/3.8.16 (Linux-5.15.0-1034-azure-x86_64-with-glibc2.2.5) VSTS_0fb41ef4-5012-48a9-bf39-4ee3de03ee35_build_2500_0"
      },
      "RequestBody": {
        "tags": {
          "tag1": "value1",
          "tag2": "value2"
        }
      },
      "StatusCode": 200,
      "ResponseHeaders": {
        "Azure-AsyncNotification": "Enabled",
        "Cache-Control": "no-cache",
        "Content-Encoding": "gzip",
        "Content-Type": "application/json; charset=utf-8",
        "Date": "Tue, 28 Mar 2023 09:47:38 GMT",
        "Expires": "-1",
        "Pragma": "no-cache",
        "Server": [
          "Microsoft-HTTPAPI/2.0",
          "Microsoft-HTTPAPI/2.0"
        ],
        "Strict-Transport-Security": "max-age=31536000; includeSubDomains",
        "Transfer-Encoding": "chunked",
        "Vary": "Accept-Encoding",
        "X-Content-Type-Options": "nosniff",
        "x-ms-arm-service-request-id": "e73a0749-b9c2-4716-8540-2de461d9aab9",
        "x-ms-correlation-request-id": "6f898af5-c38d-4ec3-a71c-be3fe8254efe",
        "x-ms-ratelimit-remaining-subscription-writes": "1187",
        "x-ms-routing-request-id": "EASTUS:20230328T094739Z:6f898af5-c38d-4ec3-a71c-be3fe8254efe"
      },
      "ResponseBody": {
        "name": "myLoadBalancer",
        "id": "/subscriptions/00000000-0000-0000-0000-000000000000/resourceGroups/rgname/providers/Microsoft.Network/loadBalancers/myLoadBalancer",
        "etag": "W/\u00224d432c40-88c9-4d40-8426-fcc70e75a758\u0022",
        "type": "Microsoft.Network/loadBalancers",
        "location": "eastus",
        "tags": {
          "tag1": "value1",
          "tag2": "value2"
        },
        "properties": {
          "provisioningState": "Succeeded",
          "resourceGuid": "d43d9c1f-6c9e-4c86-9c35-0392315978f9",
          "frontendIPConfigurations": [
            {
              "name": "myFrontendIpconfiguration",
              "id": "/subscriptions/00000000-0000-0000-0000-000000000000/resourceGroups/rgname/providers/Microsoft.Network/loadBalancers/myLoadBalancer/frontendIPConfigurations/myFrontendIpconfiguration",
              "etag": "W/\u00224d432c40-88c9-4d40-8426-fcc70e75a758\u0022",
              "type": "Microsoft.Network/loadBalancers/frontendIPConfigurations",
              "properties": {
                "provisioningState": "Succeeded",
                "privateIPAllocationMethod": "Dynamic",
                "publicIPAddress": {
                  "id": "/subscriptions/00000000-0000-0000-0000-000000000000/resourceGroups/rgname/providers/Microsoft.Network/publicIPAddresses/public_ip_address_name"
                },
                "loadBalancingRules": [
                  {
                    "id": "/subscriptions/00000000-0000-0000-0000-000000000000/resourceGroups/rgname/providers/Microsoft.Network/loadBalancers/myLoadBalancer/loadBalancingRules/myLoadBalancingRule"
                  }
                ],
                "inboundNatRules": [
                  {
                    "id": "/subscriptions/00000000-0000-0000-0000-000000000000/resourceGroups/rgname/providers/Microsoft.Network/loadBalancers/myLoadBalancer/inboundNatRules/myInboundNatRule"
                  }
                ],
                "outboundRules": [
                  {
                    "id": "/subscriptions/00000000-0000-0000-0000-000000000000/resourceGroups/rgname/providers/Microsoft.Network/loadBalancers/myLoadBalancer/outboundRules/myOutboundRule"
                  }
                ]
              }
            }
          ],
          "backendAddressPools": [
            {
              "name": "myBackendAddressPool",
              "id": "/subscriptions/00000000-0000-0000-0000-000000000000/resourceGroups/rgname/providers/Microsoft.Network/loadBalancers/myLoadBalancer/backendAddressPools/myBackendAddressPool",
              "etag": "W/\u00224d432c40-88c9-4d40-8426-fcc70e75a758\u0022",
              "properties": {
                "provisioningState": "Succeeded",
                "loadBalancerBackendAddresses": [],
                "outboundRules": [
                  {
                    "id": "/subscriptions/00000000-0000-0000-0000-000000000000/resourceGroups/rgname/providers/Microsoft.Network/loadBalancers/myLoadBalancer/outboundRules/myOutboundRule"
                  }
                ],
                "loadBalancingRules": [
                  {
                    "id": "/subscriptions/00000000-0000-0000-0000-000000000000/resourceGroups/rgname/providers/Microsoft.Network/loadBalancers/myLoadBalancer/loadBalancingRules/myLoadBalancingRule"
                  }
                ]
              },
              "type": "Microsoft.Network/loadBalancers/backendAddressPools"
            }
          ],
          "loadBalancingRules": [
            {
              "name": "myLoadBalancingRule",
              "id": "/subscriptions/00000000-0000-0000-0000-000000000000/resourceGroups/rgname/providers/Microsoft.Network/loadBalancers/myLoadBalancer/loadBalancingRules/myLoadBalancingRule",
              "etag": "W/\u00224d432c40-88c9-4d40-8426-fcc70e75a758\u0022",
              "type": "Microsoft.Network/loadBalancers/loadBalancingRules",
              "properties": {
                "provisioningState": "Succeeded",
                "frontendIPConfiguration": {
                  "id": "/subscriptions/00000000-0000-0000-0000-000000000000/resourceGroups/rgname/providers/Microsoft.Network/loadBalancers/myLoadBalancer/frontendIPConfigurations/myFrontendIpconfiguration"
                },
                "frontendPort": 80,
                "backendPort": 80,
                "enableFloatingIP": true,
                "idleTimeoutInMinutes": 15,
                "protocol": "Tcp",
                "enableDestinationServiceEndpoint": false,
                "enableTcpReset": false,
                "allowBackendPortConflict": false,
                "loadDistribution": "Default",
                "disableOutboundSnat": true,
                "backendAddressPool": {
                  "id": "/subscriptions/00000000-0000-0000-0000-000000000000/resourceGroups/rgname/providers/Microsoft.Network/loadBalancers/myLoadBalancer/backendAddressPools/myBackendAddressPool"
                },
                "backendAddressPools": [
                  {
                    "id": "/subscriptions/00000000-0000-0000-0000-000000000000/resourceGroups/rgname/providers/Microsoft.Network/loadBalancers/myLoadBalancer/backendAddressPools/myBackendAddressPool"
                  }
                ],
                "probe": {
                  "id": "/subscriptions/00000000-0000-0000-0000-000000000000/resourceGroups/rgname/providers/Microsoft.Network/loadBalancers/myLoadBalancer/probes/myProbe"
                }
              }
            }
          ],
          "probes": [
            {
              "name": "myProbe",
              "id": "/subscriptions/00000000-0000-0000-0000-000000000000/resourceGroups/rgname/providers/Microsoft.Network/loadBalancers/myLoadBalancer/probes/myProbe",
              "etag": "W/\u00224d432c40-88c9-4d40-8426-fcc70e75a758\u0022",
              "properties": {
                "provisioningState": "Succeeded",
                "protocol": "Http",
                "port": 80,
                "requestPath": "healthcheck.aspx",
                "intervalInSeconds": 15,
                "numberOfProbes": 2,
                "probeThreshold": 1,
                "loadBalancingRules": [
                  {
                    "id": "/subscriptions/00000000-0000-0000-0000-000000000000/resourceGroups/rgname/providers/Microsoft.Network/loadBalancers/myLoadBalancer/loadBalancingRules/myLoadBalancingRule"
                  }
                ]
              },
              "type": "Microsoft.Network/loadBalancers/probes"
            }
          ],
          "inboundNatRules": [
            {
              "name": "myInboundNatRule",
              "id": "/subscriptions/00000000-0000-0000-0000-000000000000/resourceGroups/rgname/providers/Microsoft.Network/loadBalancers/myLoadBalancer/inboundNatRules/myInboundNatRule",
              "etag": "W/\u00224d432c40-88c9-4d40-8426-fcc70e75a758\u0022",
              "type": "Microsoft.Network/loadBalancers/inboundNatRules",
              "properties": {
                "provisioningState": "Succeeded",
                "frontendIPConfiguration": {
                  "id": "/subscriptions/00000000-0000-0000-0000-000000000000/resourceGroups/rgname/providers/Microsoft.Network/loadBalancers/myLoadBalancer/frontendIPConfigurations/myFrontendIpconfiguration"
                },
                "frontendPort": 3390,
                "backendPort": 3389,
                "enableFloatingIP": false,
                "idleTimeoutInMinutes": 4,
                "protocol": "Tcp",
                "enableDestinationServiceEndpoint": false,
                "enableTcpReset": false,
                "allowBackendPortConflict": false
              }
            }
          ],
          "outboundRules": [
            {
              "name": "myOutboundRule",
              "id": "/subscriptions/00000000-0000-0000-0000-000000000000/resourceGroups/rgname/providers/Microsoft.Network/loadBalancers/myLoadBalancer/outboundRules/myOutboundRule",
              "etag": "W/\u00224d432c40-88c9-4d40-8426-fcc70e75a758\u0022",
              "type": "Microsoft.Network/loadBalancers/outboundRules",
              "properties": {
                "provisioningState": "Succeeded",
                "allocatedOutboundPorts": 1024,
                "protocol": "All",
                "enableTcpReset": false,
                "idleTimeoutInMinutes": 4,
                "allocationPolicy": {
                  "onDemandAllocation": false,
                  "portReuse": "FirstAvailable"
                },
                "backendAddressPool": {
                  "id": "/subscriptions/00000000-0000-0000-0000-000000000000/resourceGroups/rgname/providers/Microsoft.Network/loadBalancers/myLoadBalancer/backendAddressPools/myBackendAddressPool"
                },
                "frontendIPConfigurations": [
                  {
                    "id": "/subscriptions/00000000-0000-0000-0000-000000000000/resourceGroups/rgname/providers/Microsoft.Network/loadBalancers/myLoadBalancer/frontendIPConfigurations/myFrontendIpconfiguration"
                  }
                ]
              }
            }
          ],
          "inboundNatPools": []
        },
        "sku": {
          "name": "Standard",
          "tier": "Regional"
        }
      }
    },
    {
      "RequestUri": "https://management.azure.com/subscriptions/00000000-0000-0000-0000-000000000000/resourceGroups/rgname/providers/Microsoft.Network/loadBalancers/myLoadBalancer/inboundNatRules/myInboundNatRule?api-version=2022-11-01",
      "RequestMethod": "DELETE",
      "RequestHeaders": {
        "Accept": "application/json",
        "Accept-Encoding": "gzip, deflate",
        "Connection": "keep-alive",
        "Content-Length": "0",
        "User-Agent": "azsdk-python-azure-mgmt-network/23.1.0 Python/3.8.16 (Linux-5.15.0-1034-azure-x86_64-with-glibc2.2.5) VSTS_0fb41ef4-5012-48a9-bf39-4ee3de03ee35_build_2500_0"
      },
      "RequestBody": null,
      "StatusCode": 202,
      "ResponseHeaders": {
        "Azure-AsyncNotification": "Enabled",
        "Azure-AsyncOperation": "https://management.azure.com/subscriptions/00000000-0000-0000-0000-000000000000/providers/Microsoft.Network/locations/eastus/operations/abe98797-8be6-406b-9088-419727ba52a5?api-version=2022-11-01",
        "Cache-Control": "no-cache",
        "Content-Length": "0",
        "Date": "Tue, 28 Mar 2023 09:47:38 GMT",
        "Expires": "-1",
        "Location": "https://management.azure.com/subscriptions/00000000-0000-0000-0000-000000000000/providers/Microsoft.Network/locations/eastus/operationResults/abe98797-8be6-406b-9088-419727ba52a5?api-version=2022-11-01",
        "Pragma": "no-cache",
        "Retry-After": "10",
        "Server": [
          "Microsoft-HTTPAPI/2.0",
          "Microsoft-HTTPAPI/2.0"
        ],
        "Strict-Transport-Security": "max-age=31536000; includeSubDomains",
        "X-Content-Type-Options": "nosniff",
        "x-ms-arm-service-request-id": "d4393d7a-0885-459f-88e4-5ae1259246d6",
        "x-ms-correlation-request-id": "242bd403-05a1-43ce-969d-87c403e94c0a",
        "x-ms-ratelimit-remaining-subscription-deletes": "14994",
        "x-ms-routing-request-id": "EASTUS:20230328T094739Z:242bd403-05a1-43ce-969d-87c403e94c0a"
      },
      "ResponseBody": null
    },
    {
      "RequestUri": "https://management.azure.com/subscriptions/00000000-0000-0000-0000-000000000000/providers/Microsoft.Network/locations/eastus/operations/abe98797-8be6-406b-9088-419727ba52a5?api-version=2022-11-01",
      "RequestMethod": "GET",
      "RequestHeaders": {
        "Accept": "*/*",
        "Accept-Encoding": "gzip, deflate",
        "Connection": "keep-alive",
        "User-Agent": "azsdk-python-azure-mgmt-network/23.1.0 Python/3.8.16 (Linux-5.15.0-1034-azure-x86_64-with-glibc2.2.5) VSTS_0fb41ef4-5012-48a9-bf39-4ee3de03ee35_build_2500_0"
      },
      "RequestBody": null,
      "StatusCode": 200,
      "ResponseHeaders": {
        "Cache-Control": "no-cache",
        "Content-Encoding": "gzip",
        "Content-Type": "application/json; charset=utf-8",
        "Date": "Tue, 28 Mar 2023 09:47:38 GMT",
        "Expires": "-1",
        "Pragma": "no-cache",
        "Server": [
          "Microsoft-HTTPAPI/2.0",
          "Microsoft-HTTPAPI/2.0"
        ],
        "Strict-Transport-Security": "max-age=31536000; includeSubDomains",
        "Transfer-Encoding": "chunked",
        "Vary": "Accept-Encoding",
        "X-Content-Type-Options": "nosniff",
        "x-ms-arm-service-request-id": "76730bb7-7bf4-4cf6-854c-a62059f992a6",
        "x-ms-correlation-request-id": "3840c380-2447-4872-ac27-9380dc017033",
        "x-ms-ratelimit-remaining-subscription-reads": "11932",
        "x-ms-routing-request-id": "EASTUS:20230328T094739Z:3840c380-2447-4872-ac27-9380dc017033"
      },
      "ResponseBody": {
        "status": "Succeeded"
      }
    },
    {
      "RequestUri": "https://management.azure.com/subscriptions/00000000-0000-0000-0000-000000000000/providers/Microsoft.Network/locations/eastus/operationResults/abe98797-8be6-406b-9088-419727ba52a5?api-version=2022-11-01",
      "RequestMethod": "GET",
      "RequestHeaders": {
        "Accept": "*/*",
        "Accept-Encoding": "gzip, deflate",
        "Connection": "keep-alive",
        "User-Agent": "azsdk-python-azure-mgmt-network/23.1.0 Python/3.8.16 (Linux-5.15.0-1034-azure-x86_64-with-glibc2.2.5) VSTS_0fb41ef4-5012-48a9-bf39-4ee3de03ee35_build_2500_0"
      },
      "RequestBody": null,
      "StatusCode": 204,
      "ResponseHeaders": {
        "Azure-AsyncNotification": "Enabled",
        "Azure-AsyncOperation": "https://management.azure.com/subscriptions/00000000-0000-0000-0000-000000000000/providers/Microsoft.Network/locations/eastus/operations/abe98797-8be6-406b-9088-419727ba52a5?api-version=2022-11-01",
        "Cache-Control": "no-cache",
        "Content-Type": "application/json; charset=utf-8",
        "Date": "Tue, 28 Mar 2023 09:47:38 GMT",
        "Expires": "-1",
        "Location": "https://management.azure.com/subscriptions/00000000-0000-0000-0000-000000000000/providers/Microsoft.Network/locations/eastus/operationResults/abe98797-8be6-406b-9088-419727ba52a5?api-version=2022-11-01",
        "Pragma": "no-cache",
        "Server": [
          "Microsoft-HTTPAPI/2.0",
          "Microsoft-HTTPAPI/2.0"
        ],
        "Strict-Transport-Security": "max-age=31536000; includeSubDomains",
        "X-Content-Type-Options": "nosniff",
        "x-ms-arm-service-request-id": "d4393d7a-0885-459f-88e4-5ae1259246d6",
        "x-ms-correlation-request-id": "242bd403-05a1-43ce-969d-87c403e94c0a",
        "x-ms-ratelimit-remaining-subscription-reads": "11931",
        "x-ms-routing-request-id": "EASTUS:20230328T094739Z:a14c6778-449d-4276-8ff0-772297ac3ed9"
      },
      "ResponseBody": null
    },
    {
      "RequestUri": "https://management.azure.com/subscriptions/00000000-0000-0000-0000-000000000000/resourceGroups/rgname/providers/Microsoft.Network/loadBalancers/myLoadBalancer?api-version=2022-11-01",
      "RequestMethod": "DELETE",
      "RequestHeaders": {
        "Accept": "application/json",
        "Accept-Encoding": "gzip, deflate",
        "Connection": "keep-alive",
        "Content-Length": "0",
        "User-Agent": "azsdk-python-azure-mgmt-network/23.1.0 Python/3.8.16 (Linux-5.15.0-1034-azure-x86_64-with-glibc2.2.5) VSTS_0fb41ef4-5012-48a9-bf39-4ee3de03ee35_build_2500_0"
      },
      "RequestBody": null,
      "StatusCode": 202,
      "ResponseHeaders": {
        "Azure-AsyncNotification": "Enabled",
        "Azure-AsyncOperation": "https://management.azure.com/subscriptions/00000000-0000-0000-0000-000000000000/providers/Microsoft.Network/locations/eastus/operations/78d94e86-84f8-4671-88ef-bde7a9d14037?api-version=2022-11-01",
        "Cache-Control": "no-cache",
        "Content-Length": "0",
        "Date": "Tue, 28 Mar 2023 09:47:39 GMT",
        "Expires": "-1",
        "Location": "https://management.azure.com/subscriptions/00000000-0000-0000-0000-000000000000/providers/Microsoft.Network/locations/eastus/operationResults/78d94e86-84f8-4671-88ef-bde7a9d14037?api-version=2022-11-01",
        "Pragma": "no-cache",
        "Retry-After": "10",
        "Server": [
          "Microsoft-HTTPAPI/2.0",
          "Microsoft-HTTPAPI/2.0"
        ],
        "Strict-Transport-Security": "max-age=31536000; includeSubDomains",
        "X-Content-Type-Options": "nosniff",
        "x-ms-arm-service-request-id": "8527e2d0-f504-4990-9d2b-26dcd0f3297a",
        "x-ms-correlation-request-id": "ff2c1c8a-85c8-4236-bf84-f387a98e21dc",
        "x-ms-ratelimit-remaining-subscription-deletes": "14993",
        "x-ms-routing-request-id": "EASTUS:20230328T094739Z:ff2c1c8a-85c8-4236-bf84-f387a98e21dc"
      },
      "ResponseBody": null
    },
    {
      "RequestUri": "https://management.azure.com/subscriptions/00000000-0000-0000-0000-000000000000/providers/Microsoft.Network/locations/eastus/operations/78d94e86-84f8-4671-88ef-bde7a9d14037?api-version=2022-11-01",
      "RequestMethod": "GET",
      "RequestHeaders": {
        "Accept": "*/*",
        "Accept-Encoding": "gzip, deflate",
        "Connection": "keep-alive",
        "User-Agent": "azsdk-python-azure-mgmt-network/23.1.0 Python/3.8.16 (Linux-5.15.0-1034-azure-x86_64-with-glibc2.2.5) VSTS_0fb41ef4-5012-48a9-bf39-4ee3de03ee35_build_2500_0"
      },
      "RequestBody": null,
      "StatusCode": 200,
      "ResponseHeaders": {
        "Cache-Control": "no-cache",
        "Content-Encoding": "gzip",
        "Content-Type": "application/json; charset=utf-8",
        "Date": "Tue, 28 Mar 2023 09:47:39 GMT",
        "Expires": "-1",
        "Pragma": "no-cache",
        "Server": [
          "Microsoft-HTTPAPI/2.0",
          "Microsoft-HTTPAPI/2.0"
        ],
        "Strict-Transport-Security": "max-age=31536000; includeSubDomains",
        "Transfer-Encoding": "chunked",
        "Vary": "Accept-Encoding",
        "X-Content-Type-Options": "nosniff",
        "x-ms-arm-service-request-id": "f96fd9d6-950a-4bea-a301-08c84429f208",
        "x-ms-correlation-request-id": "073a1689-817b-413e-9e84-cc9726a20811",
        "x-ms-ratelimit-remaining-subscription-reads": "11930",
        "x-ms-routing-request-id": "EASTUS:20230328T094739Z:073a1689-817b-413e-9e84-cc9726a20811"
      },
      "ResponseBody": {
        "status": "Succeeded"
      }
    },
    {
      "RequestUri": "https://management.azure.com/subscriptions/00000000-0000-0000-0000-000000000000/providers/Microsoft.Network/locations/eastus/operationResults/78d94e86-84f8-4671-88ef-bde7a9d14037?api-version=2022-11-01",
      "RequestMethod": "GET",
      "RequestHeaders": {
        "Accept": "*/*",
        "Accept-Encoding": "gzip, deflate",
        "Connection": "keep-alive",
        "User-Agent": "azsdk-python-azure-mgmt-network/23.1.0 Python/3.8.16 (Linux-5.15.0-1034-azure-x86_64-with-glibc2.2.5) VSTS_0fb41ef4-5012-48a9-bf39-4ee3de03ee35_build_2500_0"
      },
      "RequestBody": null,
      "StatusCode": 204,
      "ResponseHeaders": {
        "Azure-AsyncNotification": "Enabled",
        "Azure-AsyncOperation": "https://management.azure.com/subscriptions/00000000-0000-0000-0000-000000000000/providers/Microsoft.Network/locations/eastus/operations/78d94e86-84f8-4671-88ef-bde7a9d14037?api-version=2022-11-01",
        "Cache-Control": "no-cache",
        "Content-Type": "application/json; charset=utf-8",
        "Date": "Tue, 28 Mar 2023 09:47:39 GMT",
        "Expires": "-1",
        "Location": "https://management.azure.com/subscriptions/00000000-0000-0000-0000-000000000000/providers/Microsoft.Network/locations/eastus/operationResults/78d94e86-84f8-4671-88ef-bde7a9d14037?api-version=2022-11-01",
        "Pragma": "no-cache",
        "Server": [
          "Microsoft-HTTPAPI/2.0",
          "Microsoft-HTTPAPI/2.0"
        ],
        "Strict-Transport-Security": "max-age=31536000; includeSubDomains",
        "X-Content-Type-Options": "nosniff",
        "x-ms-arm-service-request-id": "8527e2d0-f504-4990-9d2b-26dcd0f3297a",
        "x-ms-correlation-request-id": "ff2c1c8a-85c8-4236-bf84-f387a98e21dc",
        "x-ms-ratelimit-remaining-subscription-reads": "11929",
        "x-ms-routing-request-id": "EASTUS:20230328T094740Z:44ab93c0-7fa0-4030-8ee4-c759033e9c18"
      },
      "ResponseBody": null
    }
  ],
  "Variables": {}
}