interactions:
- request:
    body: '{"location": "westus", "properties": {"addressSpace": {"addressPrefixes":
      ["10.0.0.0/16"]}}}'
    headers:
      Accept:
      - application/json
      Accept-Encoding:
      - gzip, deflate
      Connection:
      - keep-alive
      Content-Length:
      - '92'
      Content-Type:
      - application/json; charset=utf-8
      User-Agent:
      - python/3.6.8 (Linux-4.9.184-linuxkit-x86_64-with-Ubuntu-18.04-bionic) msrest/0.6.8
        msrest_azure/0.4.34 azure-mgmt-network/5.1.0 Azure-SDK-For-Python
      accept-language:
      - en-US
    method: PUT
    uri: https://management.azure.com/subscriptions/0b1f6471-1bf0-4dda-aec3-cb9272f09590/resourceGroups/test_mgmt_network_test_network_interface_cardb046129e/providers/Microsoft.Network/virtualNetworks/pyvnetb046129e?api-version=2019-08-01
  response:
    body:
      string: "{\r\n  \"name\": \"pyvnetb046129e\",\r\n  \"id\": \"/subscriptions/0b1f6471-1bf0-4dda-aec3-cb9272f09590/resourceGroups/test_mgmt_network_test_network_interface_cardb046129e/providers/Microsoft.Network/virtualNetworks/pyvnetb046129e\"\
        ,\r\n  \"etag\": \"W/\\\"1542f897-1ec9-47c5-9f39-634b154c83ab\\\"\",\r\n \
        \ \"type\": \"Microsoft.Network/virtualNetworks\",\r\n  \"location\": \"westus\"\
        ,\r\n  \"properties\": {\r\n    \"provisioningState\": \"Updating\",\r\n \
        \   \"resourceGuid\": \"fe9110f1-22f9-49d1-bba1-6b509aff431a\",\r\n    \"\
        addressSpace\": {\r\n      \"addressPrefixes\": [\r\n        \"10.0.0.0/16\"\
        \r\n      ]\r\n    },\r\n    \"subnets\": [],\r\n    \"virtualNetworkPeerings\"\
        : [],\r\n    \"enableDdosProtection\": false,\r\n    \"enableVmProtection\"\
        : false\r\n  }\r\n}"
    headers:
      azure-asyncoperation:
      - https://management.azure.com/subscriptions/0b1f6471-1bf0-4dda-aec3-cb9272f09590/providers/Microsoft.Network/locations/westus/operations/2c0208a2-6149-4931-829b-52da6f3fa587?api-version=2019-08-01
      cache-control:
      - no-cache
      content-length:
      - '693'
      content-type:
      - application/json; charset=utf-8
      date:
      - Tue, 08 Oct 2019 12:03:12 GMT
      expires:
      - '-1'
      pragma:
      - no-cache
      server:
      - Microsoft-HTTPAPI/2.0
      - Microsoft-HTTPAPI/2.0
      strict-transport-security:
      - max-age=31536000; includeSubDomains
      x-content-type-options:
      - nosniff
      x-ms-arm-service-request-id:
      - a6e839f1-f372-4d1f-8e22-bec679e29aa6
      x-ms-ratelimit-remaining-subscription-writes:
      - '1199'
    status:
      code: 201
      message: Created
- request:
    body: null
    headers:
      Accept:
      - application/json
      Accept-Encoding:
      - gzip, deflate
      Connection:
      - keep-alive
      User-Agent:
      - python/3.6.8 (Linux-4.9.184-linuxkit-x86_64-with-Ubuntu-18.04-bionic) msrest/0.6.8
        msrest_azure/0.4.34 azure-mgmt-network/5.1.0 Azure-SDK-For-Python
    method: GET
    uri: https://management.azure.com/subscriptions/0b1f6471-1bf0-4dda-aec3-cb9272f09590/providers/Microsoft.Network/locations/westus/operations/2c0208a2-6149-4931-829b-52da6f3fa587?api-version=2019-08-01
  response:
    body:
      string: "{\r\n  \"status\": \"Succeeded\"\r\n}"
    headers:
      cache-control:
      - no-cache
      content-length:
      - '29'
      content-type:
      - application/json; charset=utf-8
      date:
      - Tue, 08 Oct 2019 12:03:16 GMT
      expires:
      - '-1'
      pragma:
      - no-cache
      server:
      - Microsoft-HTTPAPI/2.0
      - Microsoft-HTTPAPI/2.0
      strict-transport-security:
      - max-age=31536000; includeSubDomains
      transfer-encoding:
      - chunked
      vary:
      - Accept-Encoding
      x-content-type-options:
      - nosniff
      x-ms-arm-service-request-id:
      - b83a5f04-1489-479d-9628-30f8c4b85fcd
    status:
      code: 200
      message: OK
- request:
    body: null
    headers:
      Accept:
      - application/json
      Accept-Encoding:
      - gzip, deflate
      Connection:
      - keep-alive
      User-Agent:
      - python/3.6.8 (Linux-4.9.184-linuxkit-x86_64-with-Ubuntu-18.04-bionic) msrest/0.6.8
        msrest_azure/0.4.34 azure-mgmt-network/5.1.0 Azure-SDK-For-Python
    method: GET
    uri: https://management.azure.com/subscriptions/0b1f6471-1bf0-4dda-aec3-cb9272f09590/resourceGroups/test_mgmt_network_test_network_interface_cardb046129e/providers/Microsoft.Network/virtualNetworks/pyvnetb046129e?api-version=2019-08-01
  response:
    body:
      string: "{\r\n  \"name\": \"pyvnetb046129e\",\r\n  \"id\": \"/subscriptions/0b1f6471-1bf0-4dda-aec3-cb9272f09590/resourceGroups/test_mgmt_network_test_network_interface_cardb046129e/providers/Microsoft.Network/virtualNetworks/pyvnetb046129e\"\
        ,\r\n  \"etag\": \"W/\\\"647b43fe-be7a-4682-9ce6-91bb79b315c8\\\"\",\r\n \
        \ \"type\": \"Microsoft.Network/virtualNetworks\",\r\n  \"location\": \"westus\"\
        ,\r\n  \"properties\": {\r\n    \"provisioningState\": \"Succeeded\",\r\n\
        \    \"resourceGuid\": \"fe9110f1-22f9-49d1-bba1-6b509aff431a\",\r\n    \"\
        addressSpace\": {\r\n      \"addressPrefixes\": [\r\n        \"10.0.0.0/16\"\
        \r\n      ]\r\n    },\r\n    \"subnets\": [],\r\n    \"virtualNetworkPeerings\"\
        : [],\r\n    \"enableDdosProtection\": false,\r\n    \"enableVmProtection\"\
        : false\r\n  }\r\n}"
    headers:
      cache-control:
      - no-cache
      content-length:
      - '694'
      content-type:
      - application/json; charset=utf-8
      date:
      - Tue, 08 Oct 2019 12:03:16 GMT
      etag:
      - W/"647b43fe-be7a-4682-9ce6-91bb79b315c8"
      expires:
      - '-1'
      pragma:
      - no-cache
      server:
      - Microsoft-HTTPAPI/2.0
      - Microsoft-HTTPAPI/2.0
      strict-transport-security:
      - max-age=31536000; includeSubDomains
      transfer-encoding:
      - chunked
      vary:
      - Accept-Encoding
      x-content-type-options:
      - nosniff
      x-ms-arm-service-request-id:
      - 1877960e-9f1d-470b-8b7a-bd3e77643175
    status:
      code: 200
      message: OK
- request:
    body: '{"properties": {"addressPrefix": "10.0.0.0/24"}}'
    headers:
      Accept:
      - application/json
      Accept-Encoding:
      - gzip, deflate
      Connection:
      - keep-alive
      Content-Length:
      - '48'
      Content-Type:
      - application/json; charset=utf-8
      User-Agent:
      - python/3.6.8 (Linux-4.9.184-linuxkit-x86_64-with-Ubuntu-18.04-bionic) msrest/0.6.8
        msrest_azure/0.4.34 azure-mgmt-network/5.1.0 Azure-SDK-For-Python
      accept-language:
      - en-US
    method: PUT
    uri: https://management.azure.com/subscriptions/0b1f6471-1bf0-4dda-aec3-cb9272f09590/resourceGroups/test_mgmt_network_test_network_interface_cardb046129e/providers/Microsoft.Network/virtualNetworks/pyvnetb046129e/subnets/pysubnetb046129e?api-version=2019-08-01
  response:
    body:
      string: "{\r\n  \"name\": \"pysubnetb046129e\",\r\n  \"id\": \"/subscriptions/0b1f6471-1bf0-4dda-aec3-cb9272f09590/resourceGroups/test_mgmt_network_test_network_interface_cardb046129e/providers/Microsoft.Network/virtualNetworks/pyvnetb046129e/subnets/pysubnetb046129e\"\
        ,\r\n  \"etag\": \"W/\\\"89a2c749-621d-4fce-8494-aeb71157b710\\\"\",\r\n \
        \ \"properties\": {\r\n    \"provisioningState\": \"Updating\",\r\n    \"\
        addressPrefix\": \"10.0.0.0/24\",\r\n    \"delegations\": [],\r\n    \"privateEndpointNetworkPolicies\"\
        : \"Enabled\",\r\n    \"privateLinkServiceNetworkPolicies\": \"Enabled\"\r\
        \n  },\r\n  \"type\": \"Microsoft.Network/virtualNetworks/subnets\"\r\n}"
    headers:
      azure-asyncoperation:
      - https://management.azure.com/subscriptions/0b1f6471-1bf0-4dda-aec3-cb9272f09590/providers/Microsoft.Network/locations/westus/operations/2b529e2b-fb54-458e-8473-2d39770145e4?api-version=2019-08-01
      cache-control:
      - no-cache
      content-length:
      - '590'
      content-type:
      - application/json; charset=utf-8
      date:
      - Tue, 08 Oct 2019 12:03:17 GMT
      expires:
      - '-1'
      pragma:
      - no-cache
      server:
      - Microsoft-HTTPAPI/2.0
      - Microsoft-HTTPAPI/2.0
      strict-transport-security:
      - max-age=31536000; includeSubDomains
      x-content-type-options:
      - nosniff
      x-ms-arm-service-request-id:
      - e34d003e-e82c-4641-b0ba-fd4348b172f6
      x-ms-ratelimit-remaining-subscription-writes:
      - '1198'
    status:
      code: 201
      message: Created
- request:
    body: null
    headers:
      Accept:
      - application/json
      Accept-Encoding:
      - gzip, deflate
      Connection:
      - keep-alive
      User-Agent:
      - python/3.6.8 (Linux-4.9.184-linuxkit-x86_64-with-Ubuntu-18.04-bionic) msrest/0.6.8
        msrest_azure/0.4.34 azure-mgmt-network/5.1.0 Azure-SDK-For-Python
    method: GET
    uri: https://management.azure.com/subscriptions/0b1f6471-1bf0-4dda-aec3-cb9272f09590/providers/Microsoft.Network/locations/westus/operations/2b529e2b-fb54-458e-8473-2d39770145e4?api-version=2019-08-01
  response:
    body:
      string: "{\r\n  \"status\": \"Succeeded\"\r\n}"
    headers:
      cache-control:
      - no-cache
      content-length:
      - '29'
      content-type:
      - application/json; charset=utf-8
      date:
      - Tue, 08 Oct 2019 12:03:21 GMT
      expires:
      - '-1'
      pragma:
      - no-cache
      server:
      - Microsoft-HTTPAPI/2.0
      - Microsoft-HTTPAPI/2.0
      strict-transport-security:
      - max-age=31536000; includeSubDomains
      transfer-encoding:
      - chunked
      vary:
      - Accept-Encoding
      x-content-type-options:
      - nosniff
      x-ms-arm-service-request-id:
      - 2502ed4e-8515-4527-8eaf-4833bd09a89a
    status:
      code: 200
      message: OK
- request:
    body: null
    headers:
      Accept:
      - application/json
      Accept-Encoding:
      - gzip, deflate
      Connection:
      - keep-alive
      User-Agent:
      - python/3.6.8 (Linux-4.9.184-linuxkit-x86_64-with-Ubuntu-18.04-bionic) msrest/0.6.8
        msrest_azure/0.4.34 azure-mgmt-network/5.1.0 Azure-SDK-For-Python
    method: GET
    uri: https://management.azure.com/subscriptions/0b1f6471-1bf0-4dda-aec3-cb9272f09590/resourceGroups/test_mgmt_network_test_network_interface_cardb046129e/providers/Microsoft.Network/virtualNetworks/pyvnetb046129e/subnets/pysubnetb046129e?api-version=2019-08-01
  response:
    body:
      string: "{\r\n  \"name\": \"pysubnetb046129e\",\r\n  \"id\": \"/subscriptions/0b1f6471-1bf0-4dda-aec3-cb9272f09590/resourceGroups/test_mgmt_network_test_network_interface_cardb046129e/providers/Microsoft.Network/virtualNetworks/pyvnetb046129e/subnets/pysubnetb046129e\"\
        ,\r\n  \"etag\": \"W/\\\"149b92d5-6071-44c9-aa36-94aee3aa84ec\\\"\",\r\n \
        \ \"properties\": {\r\n    \"provisioningState\": \"Succeeded\",\r\n    \"\
        addressPrefix\": \"10.0.0.0/24\",\r\n    \"delegations\": [],\r\n    \"privateEndpointNetworkPolicies\"\
        : \"Enabled\",\r\n    \"privateLinkServiceNetworkPolicies\": \"Enabled\"\r\
        \n  },\r\n  \"type\": \"Microsoft.Network/virtualNetworks/subnets\"\r\n}"
    headers:
      cache-control:
      - no-cache
      content-length:
      - '591'
      content-type:
      - application/json; charset=utf-8
      date:
      - Tue, 08 Oct 2019 12:03:22 GMT
      etag:
      - W/"149b92d5-6071-44c9-aa36-94aee3aa84ec"
      expires:
      - '-1'
      pragma:
      - no-cache
      server:
      - Microsoft-HTTPAPI/2.0
      - Microsoft-HTTPAPI/2.0
      strict-transport-security:
      - max-age=31536000; includeSubDomains
      transfer-encoding:
      - chunked
      vary:
      - Accept-Encoding
      x-content-type-options:
      - nosniff
      x-ms-arm-service-request-id:
      - 7c4fadb9-bff6-42bf-85ad-11ab6838bfe7
    status:
      code: 200
      message: OK
- request:
    body: '{"location": "westus", "properties": {"ipConfigurations": [{"properties":
      {"subnet": {"id": "/subscriptions/0b1f6471-1bf0-4dda-aec3-cb9272f09590/resourceGroups/test_mgmt_network_test_network_interface_cardb046129e/providers/Microsoft.Network/virtualNetworks/pyvnetb046129e/subnets/pysubnetb046129e"}},
      "name": "MyIpConfig"}]}}'
    headers:
      Accept:
      - application/json
      Accept-Encoding:
      - gzip, deflate
      Connection:
      - keep-alive
      Content-Length:
      - '326'
      Content-Type:
      - application/json; charset=utf-8
      User-Agent:
      - python/3.6.8 (Linux-4.9.184-linuxkit-x86_64-with-Ubuntu-18.04-bionic) msrest/0.6.8
        msrest_azure/0.4.34 azure-mgmt-network/5.1.0 Azure-SDK-For-Python
      accept-language:
      - en-US
    method: PUT
    uri: https://management.azure.com/subscriptions/0b1f6471-1bf0-4dda-aec3-cb9272f09590/resourceGroups/test_mgmt_network_test_network_interface_cardb046129e/providers/Microsoft.Network/networkInterfaces/pynicb046129e?api-version=2019-08-01
  response:
    body:
      string: "{\r\n  \"name\": \"pynicb046129e\",\r\n  \"id\": \"/subscriptions/0b1f6471-1bf0-4dda-aec3-cb9272f09590/resourceGroups/test_mgmt_network_test_network_interface_cardb046129e/providers/Microsoft.Network/networkInterfaces/pynicb046129e\"\
        ,\r\n  \"etag\": \"W/\\\"d2a4bce1-93be-44bb-a3c7-4c7d2290d275\\\"\",\r\n \
        \ \"location\": \"westus\",\r\n  \"properties\": {\r\n    \"provisioningState\"\
        : \"Succeeded\",\r\n    \"resourceGuid\": \"00bb374c-abf8-4a6a-b3b9-e27dda5dbfce\"\
        ,\r\n    \"ipConfigurations\": [\r\n      {\r\n        \"name\": \"MyIpConfig\"\
        ,\r\n        \"id\": \"/subscriptions/0b1f6471-1bf0-4dda-aec3-cb9272f09590/resourceGroups/test_mgmt_network_test_network_interface_cardb046129e/providers/Microsoft.Network/networkInterfaces/pynicb046129e/ipConfigurations/MyIpConfig\"\
        ,\r\n        \"etag\": \"W/\\\"d2a4bce1-93be-44bb-a3c7-4c7d2290d275\\\"\"\
        ,\r\n        \"type\": \"Microsoft.Network/networkInterfaces/ipConfigurations\"\
        ,\r\n        \"properties\": {\r\n          \"provisioningState\": \"Succeeded\"\
        ,\r\n          \"privateIPAddress\": \"10.0.0.4\",\r\n          \"privateIPAllocationMethod\"\
        : \"Dynamic\",\r\n          \"subnet\": {\r\n            \"id\": \"/subscriptions/0b1f6471-1bf0-4dda-aec3-cb9272f09590/resourceGroups/test_mgmt_network_test_network_interface_cardb046129e/providers/Microsoft.Network/virtualNetworks/pyvnetb046129e/subnets/pysubnetb046129e\"\
        \r\n          },\r\n          \"primary\": true,\r\n          \"privateIPAddressVersion\"\
        : \"IPv4\"\r\n        }\r\n      }\r\n    ],\r\n    \"dnsSettings\": {\r\n\
        \      \"dnsServers\": [],\r\n      \"appliedDnsServers\": [],\r\n      \"\
        internalDomainNameSuffix\": \"4eijd5xzeliuto3bnnijv50ddc.dx.internal.cloudapp.net\"\
        \r\n    },\r\n    \"enableAcceleratedNetworking\": false,\r\n    \"enableIPForwarding\"\
        : false,\r\n    \"hostedWorkloads\": [],\r\n    \"tapConfigurations\": []\r\
        \n  },\r\n  \"type\": \"Microsoft.Network/networkInterfaces\"\r\n}"
    headers:
      azure-asyncoperation:
      - https://management.azure.com/subscriptions/0b1f6471-1bf0-4dda-aec3-cb9272f09590/providers/Microsoft.Network/locations/westus/operations/7592cd92-55dd-40a0-92a0-7246a11dac2e?api-version=2019-08-01
      cache-control:
      - no-cache
      content-length:
      - '1749'
      content-type:
      - application/json; charset=utf-8
      date:
      - Tue, 08 Oct 2019 12:03:24 GMT
      expires:
      - '-1'
      pragma:
      - no-cache
      server:
      - Microsoft-HTTPAPI/2.0
      - Microsoft-HTTPAPI/2.0
      strict-transport-security:
      - max-age=31536000; includeSubDomains
      x-content-type-options:
      - nosniff
      x-ms-arm-service-request-id:
      - 799e99dc-cfcb-4040-93d6-bf9b24f39af9
      x-ms-ratelimit-remaining-subscription-writes:
      - '1197'
    status:
      code: 201
      message: Created
- request:
    body: null
    headers:
      Accept:
      - application/json
      Accept-Encoding:
      - gzip, deflate
      Connection:
      - keep-alive
      User-Agent:
      - python/3.6.8 (Linux-4.9.184-linuxkit-x86_64-with-Ubuntu-18.04-bionic) msrest/0.6.8
        msrest_azure/0.4.34 azure-mgmt-network/5.1.0 Azure-SDK-For-Python
    method: GET
    uri: https://management.azure.com/subscriptions/0b1f6471-1bf0-4dda-aec3-cb9272f09590/providers/Microsoft.Network/locations/westus/operations/7592cd92-55dd-40a0-92a0-7246a11dac2e?api-version=2019-08-01
  response:
    body:
      string: "{\r\n  \"status\": \"Succeeded\"\r\n}"
    headers:
      cache-control:
      - no-cache
      content-length:
      - '29'
      content-type:
      - application/json; charset=utf-8
      date:
      - Tue, 08 Oct 2019 12:03:56 GMT
      expires:
      - '-1'
      pragma:
      - no-cache
      server:
      - Microsoft-HTTPAPI/2.0
      - Microsoft-HTTPAPI/2.0
      strict-transport-security:
      - max-age=31536000; includeSubDomains
      transfer-encoding:
      - chunked
      vary:
      - Accept-Encoding
      x-content-type-options:
      - nosniff
      x-ms-arm-service-request-id:
      - b14eb5e3-1075-4f4c-a4d1-947f6e259032
    status:
      code: 200
      message: OK
- request:
    body: null
    headers:
      Accept:
      - application/json
      Accept-Encoding:
      - gzip, deflate
      Connection:
      - keep-alive
      User-Agent:
      - python/3.6.8 (Linux-4.9.184-linuxkit-x86_64-with-Ubuntu-18.04-bionic) msrest/0.6.8
        msrest_azure/0.4.34 azure-mgmt-network/5.1.0 Azure-SDK-For-Python
    method: GET
    uri: https://management.azure.com/subscriptions/0b1f6471-1bf0-4dda-aec3-cb9272f09590/resourceGroups/test_mgmt_network_test_network_interface_cardb046129e/providers/Microsoft.Network/networkInterfaces/pynicb046129e?api-version=2019-08-01
  response:
    body:
      string: "{\r\n  \"name\": \"pynicb046129e\",\r\n  \"id\": \"/subscriptions/0b1f6471-1bf0-4dda-aec3-cb9272f09590/resourceGroups/test_mgmt_network_test_network_interface_cardb046129e/providers/Microsoft.Network/networkInterfaces/pynicb046129e\"\
        ,\r\n  \"etag\": \"W/\\\"d2a4bce1-93be-44bb-a3c7-4c7d2290d275\\\"\",\r\n \
        \ \"location\": \"westus\",\r\n  \"properties\": {\r\n    \"provisioningState\"\
        : \"Succeeded\",\r\n    \"resourceGuid\": \"00bb374c-abf8-4a6a-b3b9-e27dda5dbfce\"\
        ,\r\n    \"ipConfigurations\": [\r\n      {\r\n        \"name\": \"MyIpConfig\"\
        ,\r\n        \"id\": \"/subscriptions/0b1f6471-1bf0-4dda-aec3-cb9272f09590/resourceGroups/test_mgmt_network_test_network_interface_cardb046129e/providers/Microsoft.Network/networkInterfaces/pynicb046129e/ipConfigurations/MyIpConfig\"\
        ,\r\n        \"etag\": \"W/\\\"d2a4bce1-93be-44bb-a3c7-4c7d2290d275\\\"\"\
        ,\r\n        \"type\": \"Microsoft.Network/networkInterfaces/ipConfigurations\"\
        ,\r\n        \"properties\": {\r\n          \"provisioningState\": \"Succeeded\"\
        ,\r\n          \"privateIPAddress\": \"10.0.0.4\",\r\n          \"privateIPAllocationMethod\"\
        : \"Dynamic\",\r\n          \"subnet\": {\r\n            \"id\": \"/subscriptions/0b1f6471-1bf0-4dda-aec3-cb9272f09590/resourceGroups/test_mgmt_network_test_network_interface_cardb046129e/providers/Microsoft.Network/virtualNetworks/pyvnetb046129e/subnets/pysubnetb046129e\"\
        \r\n          },\r\n          \"primary\": true,\r\n          \"privateIPAddressVersion\"\
        : \"IPv4\"\r\n        }\r\n      }\r\n    ],\r\n    \"dnsSettings\": {\r\n\
        \      \"dnsServers\": [],\r\n      \"appliedDnsServers\": [],\r\n      \"\
        internalDomainNameSuffix\": \"4eijd5xzeliuto3bnnijv50ddc.dx.internal.cloudapp.net\"\
        \r\n    },\r\n    \"enableAcceleratedNetworking\": false,\r\n    \"enableIPForwarding\"\
        : false,\r\n    \"hostedWorkloads\": [],\r\n    \"tapConfigurations\": []\r\
        \n  },\r\n  \"type\": \"Microsoft.Network/networkInterfaces\"\r\n}"
    headers:
      cache-control:
      - no-cache
      content-length:
      - '1749'
      content-type:
      - application/json; charset=utf-8
      date:
      - Tue, 08 Oct 2019 12:03:56 GMT
      etag:
      - W/"d2a4bce1-93be-44bb-a3c7-4c7d2290d275"
      expires:
      - '-1'
      pragma:
      - no-cache
      server:
      - Microsoft-HTTPAPI/2.0
      - Microsoft-HTTPAPI/2.0
      strict-transport-security:
      - max-age=31536000; includeSubDomains
      transfer-encoding:
      - chunked
      vary:
      - Accept-Encoding
      x-content-type-options:
      - nosniff
      x-ms-arm-service-request-id:
      - d15de271-b9d9-41a4-8cfe-29b62adc8f8d
    status:
      code: 200
      message: OK
- request:
    body: null
    headers:
      Accept:
      - application/json
      Accept-Encoding:
      - gzip, deflate
      Connection:
      - keep-alive
      User-Agent:
      - python/3.6.8 (Linux-4.9.184-linuxkit-x86_64-with-Ubuntu-18.04-bionic) msrest/0.6.8
        msrest_azure/0.4.34 azure-mgmt-network/5.1.0 Azure-SDK-For-Python
      accept-language:
      - en-US
    method: GET
    uri: https://management.azure.com/subscriptions/0b1f6471-1bf0-4dda-aec3-cb9272f09590/resourceGroups/test_mgmt_network_test_network_interface_cardb046129e/providers/Microsoft.Network/networkInterfaces/pynicb046129e?api-version=2019-08-01
  response:
    body:
      string: "{\r\n  \"name\": \"pynicb046129e\",\r\n  \"id\": \"/subscriptions/0b1f6471-1bf0-4dda-aec3-cb9272f09590/resourceGroups/test_mgmt_network_test_network_interface_cardb046129e/providers/Microsoft.Network/networkInterfaces/pynicb046129e\"\
        ,\r\n  \"etag\": \"W/\\\"d2a4bce1-93be-44bb-a3c7-4c7d2290d275\\\"\",\r\n \
        \ \"location\": \"westus\",\r\n  \"properties\": {\r\n    \"provisioningState\"\
        : \"Succeeded\",\r\n    \"resourceGuid\": \"00bb374c-abf8-4a6a-b3b9-e27dda5dbfce\"\
        ,\r\n    \"ipConfigurations\": [\r\n      {\r\n        \"name\": \"MyIpConfig\"\
        ,\r\n        \"id\": \"/subscriptions/0b1f6471-1bf0-4dda-aec3-cb9272f09590/resourceGroups/test_mgmt_network_test_network_interface_cardb046129e/providers/Microsoft.Network/networkInterfaces/pynicb046129e/ipConfigurations/MyIpConfig\"\
        ,\r\n        \"etag\": \"W/\\\"d2a4bce1-93be-44bb-a3c7-4c7d2290d275\\\"\"\
        ,\r\n        \"type\": \"Microsoft.Network/networkInterfaces/ipConfigurations\"\
        ,\r\n        \"properties\": {\r\n          \"provisioningState\": \"Succeeded\"\
        ,\r\n          \"privateIPAddress\": \"10.0.0.4\",\r\n          \"privateIPAllocationMethod\"\
        : \"Dynamic\",\r\n          \"subnet\": {\r\n            \"id\": \"/subscriptions/0b1f6471-1bf0-4dda-aec3-cb9272f09590/resourceGroups/test_mgmt_network_test_network_interface_cardb046129e/providers/Microsoft.Network/virtualNetworks/pyvnetb046129e/subnets/pysubnetb046129e\"\
        \r\n          },\r\n          \"primary\": true,\r\n          \"privateIPAddressVersion\"\
        : \"IPv4\"\r\n        }\r\n      }\r\n    ],\r\n    \"dnsSettings\": {\r\n\
        \      \"dnsServers\": [],\r\n      \"appliedDnsServers\": [],\r\n      \"\
        internalDomainNameSuffix\": \"4eijd5xzeliuto3bnnijv50ddc.dx.internal.cloudapp.net\"\
        \r\n    },\r\n    \"enableAcceleratedNetworking\": false,\r\n    \"enableIPForwarding\"\
        : false,\r\n    \"hostedWorkloads\": [],\r\n    \"tapConfigurations\": []\r\
        \n  },\r\n  \"type\": \"Microsoft.Network/networkInterfaces\"\r\n}"
    headers:
      cache-control:
      - no-cache
      content-length:
      - '1749'
      content-type:
      - application/json; charset=utf-8
      date:
      - Tue, 08 Oct 2019 12:03:57 GMT
      etag:
      - W/"d2a4bce1-93be-44bb-a3c7-4c7d2290d275"
      expires:
      - '-1'
      pragma:
      - no-cache
      server:
      - Microsoft-HTTPAPI/2.0
      - Microsoft-HTTPAPI/2.0
      strict-transport-security:
      - max-age=31536000; includeSubDomains
      transfer-encoding:
      - chunked
      vary:
      - Accept-Encoding
      x-content-type-options:
      - nosniff
      x-ms-arm-service-request-id:
      - 1fde1245-cdc4-4929-bef9-c33324bc780e
    status:
      code: 200
      message: OK
- request:
    body: null
    headers:
      Accept:
      - application/json
      Accept-Encoding:
      - gzip, deflate
      Connection:
      - keep-alive
      User-Agent:
      - python/3.6.8 (Linux-4.9.184-linuxkit-x86_64-with-Ubuntu-18.04-bionic) msrest/0.6.8
        msrest_azure/0.4.34 azure-mgmt-network/5.1.0 Azure-SDK-For-Python
      accept-language:
      - en-US
    method: GET
    uri: https://management.azure.com/subscriptions/0b1f6471-1bf0-4dda-aec3-cb9272f09590/resourceGroups/test_mgmt_network_test_network_interface_cardb046129e/providers/Microsoft.Network/networkInterfaces?api-version=2019-08-01
  response:
    body:
      string: "{\r\n  \"value\": [\r\n    {\r\n      \"name\": \"pynicb046129e\",\r\
        \n      \"id\": \"/subscriptions/0b1f6471-1bf0-4dda-aec3-cb9272f09590/resourceGroups/test_mgmt_network_test_network_interface_cardb046129e/providers/Microsoft.Network/networkInterfaces/pynicb046129e\"\
        ,\r\n      \"etag\": \"W/\\\"d2a4bce1-93be-44bb-a3c7-4c7d2290d275\\\"\",\r\
        \n      \"location\": \"westus\",\r\n      \"properties\": {\r\n        \"\
        provisioningState\": \"Succeeded\",\r\n        \"resourceGuid\": \"00bb374c-abf8-4a6a-b3b9-e27dda5dbfce\"\
        ,\r\n        \"ipConfigurations\": [\r\n          {\r\n            \"name\"\
        : \"MyIpConfig\",\r\n            \"id\": \"/subscriptions/0b1f6471-1bf0-4dda-aec3-cb9272f09590/resourceGroups/test_mgmt_network_test_network_interface_cardb046129e/providers/Microsoft.Network/networkInterfaces/pynicb046129e/ipConfigurations/MyIpConfig\"\
        ,\r\n            \"etag\": \"W/\\\"d2a4bce1-93be-44bb-a3c7-4c7d2290d275\\\"\
        \",\r\n            \"type\": \"Microsoft.Network/networkInterfaces/ipConfigurations\"\
        ,\r\n            \"properties\": {\r\n              \"provisioningState\"\
        : \"Succeeded\",\r\n              \"privateIPAddress\": \"10.0.0.4\",\r\n\
        \              \"privateIPAllocationMethod\": \"Dynamic\",\r\n           \
        \   \"subnet\": {\r\n                \"id\": \"/subscriptions/0b1f6471-1bf0-4dda-aec3-cb9272f09590/resourceGroups/test_mgmt_network_test_network_interface_cardb046129e/providers/Microsoft.Network/virtualNetworks/pyvnetb046129e/subnets/pysubnetb046129e\"\
        \r\n              },\r\n              \"primary\": true,\r\n             \
        \ \"privateIPAddressVersion\": \"IPv4\"\r\n            }\r\n          }\r\n\
        \        ],\r\n        \"dnsSettings\": {\r\n          \"dnsServers\": [],\r\
        \n          \"appliedDnsServers\": [],\r\n          \"internalDomainNameSuffix\"\
        : \"4eijd5xzeliuto3bnnijv50ddc.dx.internal.cloudapp.net\"\r\n        },\r\n\
        \        \"enableAcceleratedNetworking\": false,\r\n        \"enableIPForwarding\"\
        : false,\r\n        \"hostedWorkloads\": [],\r\n        \"tapConfigurations\"\
        : []\r\n      },\r\n      \"type\": \"Microsoft.Network/networkInterfaces\"\
        \r\n    }\r\n  ]\r\n}"
    headers:
      cache-control:
      - no-cache
      content-length:
      - '1926'
      content-type:
      - application/json; charset=utf-8
      date:
      - Tue, 08 Oct 2019 12:03:57 GMT
      expires:
      - '-1'
      pragma:
      - no-cache
      server:
      - Microsoft-HTTPAPI/2.0
      - Microsoft-HTTPAPI/2.0
      strict-transport-security:
      - max-age=31536000; includeSubDomains
      transfer-encoding:
      - chunked
      vary:
      - Accept-Encoding
      x-content-type-options:
      - nosniff
      x-ms-arm-service-request-id:
      - c96f6738-3bc9-4043-a576-9e9bd1f70ec3
    status:
      code: 200
      message: OK
- request:
    body: null
    headers:
      Accept:
      - application/json
      Accept-Encoding:
      - gzip, deflate
      Connection:
      - keep-alive
      User-Agent:
      - python/3.6.8 (Linux-4.9.184-linuxkit-x86_64-with-Ubuntu-18.04-bionic) msrest/0.6.8
        msrest_azure/0.4.34 azure-mgmt-network/5.1.0 Azure-SDK-For-Python
      accept-language:
      - en-US
    method: GET
    uri: https://management.azure.com/subscriptions/0b1f6471-1bf0-4dda-aec3-cb9272f09590/providers/Microsoft.Network/networkInterfaces?api-version=2019-08-01
  response:
    body:
      string: '{"value":[{"name":"vm-nameVMNic","id":"/subscriptions/0b1f6471-1bf0-4dda-aec3-cb9272f09590/resourceGroups/clitest.rgsgwekjsz5la7k2ccuimgiv3n2d2akbxv3pduwkqnvnme42bmuwseslugnpm4qhox4/providers/Microsoft.Network/networkInterfaces/vm-nameVMNic","etag":"W/\"e76189ef-ac83-4c8a-bce7-aed748b2b14c\"","location":"westus","tags":{},"properties":{"provisioningState":"Succeeded","resourceGuid":"bf51bfd0-5bcd-4a46-852f-3bb2c46cd96c","ipConfigurations":[{"name":"ipconfigvm-name","id":"/subscriptions/0b1f6471-1bf0-4dda-aec3-cb9272f09590/resourceGroups/clitest.rgsgwekjsz5la7k2ccuimgiv3n2d2akbxv3pduwkqnvnme42bmuwseslugnpm4qhox4/providers/Microsoft.Network/networkInterfaces/vm-nameVMNic/ipConfigurations/ipconfigvm-name","etag":"W/\"e76189ef-ac83-4c8a-bce7-aed748b2b14c\"","type":"Microsoft.Network/networkInterfaces/ipConfigurations","properties":{"provisioningState":"Succeeded","privateIPAddress":"10.0.0.4","privateIPAllocationMethod":"Dynamic","publicIPAddress":{"id":"/subscriptions/0b1f6471-1bf0-4dda-aec3-cb9272f09590/resourceGroups/clitest.rgsgwekjsz5la7k2ccuimgiv3n2d2akbxv3pduwkqnvnme42bmuwseslugnpm4qhox4/providers/Microsoft.Network/publicIPAddresses/vm-namePublicIP"},"subnet":{"id":"/subscriptions/0b1f6471-1bf0-4dda-aec3-cb9272f09590/resourceGroups/clitest.rgsgwekjsz5la7k2ccuimgiv3n2d2akbxv3pduwkqnvnme42bmuwseslugnpm4qhox4/providers/Microsoft.Network/virtualNetworks/vm-nameVNET/subnets/vm-nameSubnet"},"primary":true,"privateIPAddressVersion":"IPv4"}}],"dnsSettings":{"dnsServers":[],"appliedDnsServers":[],"internalDomainNameSuffix":"isniguey51juxpdlw4pnzfzfje.dx.internal.cloudapp.net"},"macAddress":"00-0D-3A-30-59-68","enableAcceleratedNetworking":false,"enableIPForwarding":false,"networkSecurityGroup":{"id":"/subscriptions/0b1f6471-1bf0-4dda-aec3-cb9272f09590/resourceGroups/clitest.rgsgwekjsz5la7k2ccuimgiv3n2d2akbxv3pduwkqnvnme42bmuwseslugnpm4qhox4/providers/Microsoft.Network/networkSecurityGroups/vm-nameNSG"},"primary":true,"virtualMachine":{"id":"/subscriptions/0b1f6471-1bf0-4dda-aec3-cb9272f09590/resourceGroups/clitest.rgsgwekjsz5la7k2ccuimgiv3n2d2akbxv3pduwkqnvnme42bmuwseslugnpm4qhox4/providers/Microsoft.Compute/virtualMachines/vm-name"},"hostedWorkloads":[],"tapConfigurations":[]},"type":"Microsoft.Network/networkInterfaces"},{"name":"cli-test-vmmwqr6rnm5pcjxgkxja5VMNic","id":"/subscriptions/0b1f6471-1bf0-4dda-aec3-cb9272f09590/resourceGroups/cli_test_invoke_actionwfymrc3ubclrp6ylrgto76szw3dayq2c762kvodxz44kanl75epn4/providers/Microsoft.Network/networkInterfaces/cli-test-vmmwqr6rnm5pcjxgkxja5VMNic","etag":"W/\"1e0bef57-15e9-4f5a-a062-1aefd5f91c89\"","location":"westus","tags":{},"properties":{"provisioningState":"Succeeded","resourceGuid":"04633bfa-a07c-47b4-b4ce-75c1871fbc08","ipConfigurations":[{"name":"ipconfigcli-test-vmmwqr6rnm5pcjxgkxja5","id":"/subscriptions/0b1f6471-1bf0-4dda-aec3-cb9272f09590/resourceGroups/cli_test_invoke_actionwfymrc3ubclrp6ylrgto76szw3dayq2c762kvodxz44kanl75epn4/providers/Microsoft.Network/networkInterfaces/cli-test-vmmwqr6rnm5pcjxgkxja5VMNic/ipConfigurations/ipconfigcli-test-vmmwqr6rnm5pcjxgkxja5","etag":"W/\"1e0bef57-15e9-4f5a-a062-1aefd5f91c89\"","type":"Microsoft.Network/networkInterfaces/ipConfigurations","properties":{"provisioningState":"Succeeded","privateIPAddress":"10.0.0.4","privateIPAllocationMethod":"Dynamic","publicIPAddress":{"id":"/subscriptions/0b1f6471-1bf0-4dda-aec3-cb9272f09590/resourceGroups/cli_test_invoke_actionwfymrc3ubclrp6ylrgto76szw3dayq2c762kvodxz44kanl75epn4/providers/Microsoft.Network/publicIPAddresses/cli-test-vmmwqr6rnm5pcjxgkxja5PublicIP"},"subnet":{"id":"/subscriptions/0b1f6471-1bf0-4dda-aec3-cb9272f09590/resourceGroups/cli_test_invoke_actionwfymrc3ubclrp6ylrgto76szw3dayq2c762kvodxz44kanl75epn4/providers/Microsoft.Network/virtualNetworks/cli-test-vmmwqr6rnm5pcjxgkxja5VNET/subnets/cli-test-vmmwqr6rnm5pcjxgkxja5Subnet"},"primary":true,"privateIPAddressVersion":"IPv4"}}],"dnsSettings":{"dnsServers":[],"appliedDnsServers":[],"internalDomainNameSuffix":"qnngllua2jbuxjjiphv0gywxod.dx.internal.cloudapp.net"},"macAddress":"00-0D-3A-36-E0-14","enableAcceleratedNetworking":false,"enableIPForwarding":false,"networkSecurityGroup":{"id":"/subscriptions/0b1f6471-1bf0-4dda-aec3-cb9272f09590/resourceGroups/cli_test_invoke_actionwfymrc3ubclrp6ylrgto76szw3dayq2c762kvodxz44kanl75epn4/providers/Microsoft.Network/networkSecurityGroups/cli-test-vmmwqr6rnm5pcjxgkxja5NSG"},"primary":true,"virtualMachine":{"id":"/subscriptions/0b1f6471-1bf0-4dda-aec3-cb9272f09590/resourceGroups/cli_test_invoke_actionwfymrc3ubclrp6ylrgto76szw3dayq2c762kvodxz44kanl75epn4/providers/Microsoft.Compute/virtualMachines/cli-test-vmmwqr6rnm5pcjxgkxja5"},"hostedWorkloads":[],"tapConfigurations":[]},"type":"Microsoft.Network/networkInterfaces"},{"name":"vm1VMNic","id":"/subscriptions/0b1f6471-1bf0-4dda-aec3-cb9272f09590/resourceGroups/cli_test_msi_no_scopetbanb44x5fslhr5u7jmtbbhyj64zgwd2pd2jh7t6gqzfwpusckht3h/providers/Microsoft.Network/networkInterfaces/vm1VMNic","etag":"W/\"03822a9b-2193-4378-a290-289a270d67ac\"","location":"westus","tags":{},"properties":{"provisioningState":"Succeeded","resourceGuid":"c02e8a22-1968-4e3f-97f5-cd227090d24b","ipConfigurations":[{"name":"ipconfigvm1","id":"/subscriptions/0b1f6471-1bf0-4dda-aec3-cb9272f09590/resourceGroups/cli_test_msi_no_scopetbanb44x5fslhr5u7jmtbbhyj64zgwd2pd2jh7t6gqzfwpusckht3h/providers/Microsoft.Network/networkInterfaces/vm1VMNic/ipConfigurations/ipconfigvm1","etag":"W/\"03822a9b-2193-4378-a290-289a270d67ac\"","type":"Microsoft.Network/networkInterfaces/ipConfigurations","properties":{"provisioningState":"Succeeded","privateIPAddress":"10.0.0.4","privateIPAllocationMethod":"Dynamic","publicIPAddress":{"id":"/subscriptions/0b1f6471-1bf0-4dda-aec3-cb9272f09590/resourceGroups/cli_test_msi_no_scopetbanb44x5fslhr5u7jmtbbhyj64zgwd2pd2jh7t6gqzfwpusckht3h/providers/Microsoft.Network/publicIPAddresses/vm1PublicIP"},"subnet":{"id":"/subscriptions/0b1f6471-1bf0-4dda-aec3-cb9272f09590/resourceGroups/cli_test_msi_no_scopetbanb44x5fslhr5u7jmtbbhyj64zgwd2pd2jh7t6gqzfwpusckht3h/providers/Microsoft.Network/virtualNetworks/vm1VNET/subnets/vm1Subnet"},"primary":true,"privateIPAddressVersion":"IPv4"}}],"dnsSettings":{"dnsServers":[],"appliedDnsServers":[],"internalDomainNameSuffix":"ksvgtmrdltie5pcfbplyhah0uf.dx.internal.cloudapp.net"},"macAddress":"00-0D-3A-30-1A-07","enableAcceleratedNetworking":false,"enableIPForwarding":false,"networkSecurityGroup":{"id":"/subscriptions/0b1f6471-1bf0-4dda-aec3-cb9272f09590/resourceGroups/cli_test_msi_no_scopetbanb44x5fslhr5u7jmtbbhyj64zgwd2pd2jh7t6gqzfwpusckht3h/providers/Microsoft.Network/networkSecurityGroups/vm1NSG"},"primary":true,"virtualMachine":{"id":"/subscriptions/0b1f6471-1bf0-4dda-aec3-cb9272f09590/resourceGroups/cli_test_msi_no_scopetbanb44x5fslhr5u7jmtbbhyj64zgwd2pd2jh7t6gqzfwpusckht3h/providers/Microsoft.Compute/virtualMachines/vm1"},"hostedWorkloads":[],"tapConfigurations":[]},"type":"Microsoft.Network/networkInterfaces"},{"name":"vm2VMNic","id":"/subscriptions/0b1f6471-1bf0-4dda-aec3-cb9272f09590/resourceGroups/cli_test_msi_no_scopetbanb44x5fslhr5u7jmtbbhyj64zgwd2pd2jh7t6gqzfwpusckht3h/providers/Microsoft.Network/networkInterfaces/vm2VMNic","etag":"W/\"d6dcacce-c022-477e-8ee6-cb3c29b48d64\"","location":"westus","tags":{},"properties":{"provisioningState":"Succeeded","resourceGuid":"f45543f0-687b-4ff1-950c-9332d7bc7306","ipConfigurations":[{"name":"ipconfigvm2","id":"/subscriptions/0b1f6471-1bf0-4dda-aec3-cb9272f09590/resourceGroups/cli_test_msi_no_scopetbanb44x5fslhr5u7jmtbbhyj64zgwd2pd2jh7t6gqzfwpusckht3h/providers/Microsoft.Network/networkInterfaces/vm2VMNic/ipConfigurations/ipconfigvm2","etag":"W/\"d6dcacce-c022-477e-8ee6-cb3c29b48d64\"","type":"Microsoft.Network/networkInterfaces/ipConfigurations","properties":{"provisioningState":"Succeeded","privateIPAddress":"10.0.0.5","privateIPAllocationMethod":"Dynamic","publicIPAddress":{"id":"/subscriptions/0b1f6471-1bf0-4dda-aec3-cb9272f09590/resourceGroups/cli_test_msi_no_scopetbanb44x5fslhr5u7jmtbbhyj64zgwd2pd2jh7t6gqzfwpusckht3h/providers/Microsoft.Network/publicIPAddresses/vm2PublicIP"},"subnet":{"id":"/subscriptions/0b1f6471-1bf0-4dda-aec3-cb9272f09590/resourceGroups/cli_test_msi_no_scopetbanb44x5fslhr5u7jmtbbhyj64zgwd2pd2jh7t6gqzfwpusckht3h/providers/Microsoft.Network/virtualNetworks/vm1VNET/subnets/vm1Subnet"},"primary":true,"privateIPAddressVersion":"IPv4"}}],"dnsSettings":{"dnsServers":[],"appliedDnsServers":[],"internalDomainNameSuffix":"ksvgtmrdltie5pcfbplyhah0uf.dx.internal.cloudapp.net"},"macAddress":"00-0D-3A-30-18-6E","enableAcceleratedNetworking":false,"enableIPForwarding":false,"networkSecurityGroup":{"id":"/subscriptions/0b1f6471-1bf0-4dda-aec3-cb9272f09590/resourceGroups/cli_test_msi_no_scopetbanb44x5fslhr5u7jmtbbhyj64zgwd2pd2jh7t6gqzfwpusckht3h/providers/Microsoft.Network/networkSecurityGroups/vm2NSG"},"primary":true,"virtualMachine":{"id":"/subscriptions/0b1f6471-1bf0-4dda-aec3-cb9272f09590/resourceGroups/cli_test_msi_no_scopetbanb44x5fslhr5u7jmtbbhyj64zgwd2pd2jh7t6gqzfwpusckht3h/providers/Microsoft.Compute/virtualMachines/vm2"},"hostedWorkloads":[],"tapConfigurations":[]},"type":"Microsoft.Network/networkInterfaces"},{"name":"fromimage1VMNic","id":"/subscriptions/0b1f6471-1bf0-4dda-aec3-cb9272f09590/resourceGroups/cli_test_vm_custom_image7tl4g334mpratp4zwyoq4zw727u2tidxj7v4zqtelxuxwbqniya/providers/Microsoft.Network/networkInterfaces/fromimage1VMNic","etag":"W/\"aaad8970-c25e-4003-85f8-0e24e895f95d\"","location":"westus","tags":{},"properties":{"provisioningState":"Succeeded","resourceGuid":"1415f85d-9646-4de8-a84f-8a39321eb1b0","ipConfigurations":[{"name":"ipconfigfromimage1","id":"/subscriptions/0b1f6471-1bf0-4dda-aec3-cb9272f09590/resourceGroups/cli_test_vm_custom_image7tl4g334mpratp4zwyoq4zw727u2tidxj7v4zqtelxuxwbqniya/providers/Microsoft.Network/networkInterfaces/fromimage1VMNic/ipConfigurations/ipconfigfromimage1","etag":"W/\"aaad8970-c25e-4003-85f8-0e24e895f95d\"","type":"Microsoft.Network/networkInterfaces/ipConfigurations","properties":{"provisioningState":"Succeeded","privateIPAddress":"10.0.0.6","privateIPAllocationMethod":"Dynamic","publicIPAddress":{"id":"/subscriptions/0b1f6471-1bf0-4dda-aec3-cb9272f09590/resourceGroups/cli_test_vm_custom_image7tl4g334mpratp4zwyoq4zw727u2tidxj7v4zqtelxuxwbqniya/providers/Microsoft.Network/publicIPAddresses/fromimage1PublicIP"},"subnet":{"id":"/subscriptions/0b1f6471-1bf0-4dda-aec3-cb9272f09590/resourceGroups/cli_test_vm_custom_image7tl4g334mpratp4zwyoq4zw727u2tidxj7v4zqtelxuxwbqniya/providers/Microsoft.Network/virtualNetworks/vm-unmanaged-diskVNET/subnets/vm-unmanaged-diskSubnet"},"primary":true,"privateIPAddressVersion":"IPv4"}}],"dnsSettings":{"dnsServers":[],"appliedDnsServers":[],"internalDomainNameSuffix":"oazx2t55wjye1izslryv3q2dzc.dx.internal.cloudapp.net"},"macAddress":"00-0D-3A-3B-E2-7D","enableAcceleratedNetworking":false,"enableIPForwarding":false,"networkSecurityGroup":{"id":"/subscriptions/0b1f6471-1bf0-4dda-aec3-cb9272f09590/resourceGroups/cli_test_vm_custom_image7tl4g334mpratp4zwyoq4zw727u2tidxj7v4zqtelxuxwbqniya/providers/Microsoft.Network/networkSecurityGroups/fromimage1NSG"},"primary":true,"virtualMachine":{"id":"/subscriptions/0b1f6471-1bf0-4dda-aec3-cb9272f09590/resourceGroups/cli_test_vm_custom_image7tl4g334mpratp4zwyoq4zw727u2tidxj7v4zqtelxuxwbqniya/providers/Microsoft.Compute/virtualMachines/fromimage1"},"hostedWorkloads":[],"tapConfigurations":[]},"type":"Microsoft.Network/networkInterfaces"},{"name":"fromimage2VMNic","id":"/subscriptions/0b1f6471-1bf0-4dda-aec3-cb9272f09590/resourceGroups/cli_test_vm_custom_image7tl4g334mpratp4zwyoq4zw727u2tidxj7v4zqtelxuxwbqniya/providers/Microsoft.Network/networkInterfaces/fromimage2VMNic","etag":"W/\"49a49187-e3d0-439c-b0ca-ae5c8c51dd22\"","location":"westus","tags":{},"properties":{"provisioningState":"Succeeded","resourceGuid":"34193041-7c3c-4854-930a-fd5603d7bcb2","ipConfigurations":[{"name":"ipconfigfromimage2","id":"/subscriptions/0b1f6471-1bf0-4dda-aec3-cb9272f09590/resourceGroups/cli_test_vm_custom_image7tl4g334mpratp4zwyoq4zw727u2tidxj7v4zqtelxuxwbqniya/providers/Microsoft.Network/networkInterfaces/fromimage2VMNic/ipConfigurations/ipconfigfromimage2","etag":"W/\"49a49187-e3d0-439c-b0ca-ae5c8c51dd22\"","type":"Microsoft.Network/networkInterfaces/ipConfigurations","properties":{"provisioningState":"Succeeded","privateIPAddress":"10.0.0.8","privateIPAllocationMethod":"Dynamic","publicIPAddress":{"id":"/subscriptions/0b1f6471-1bf0-4dda-aec3-cb9272f09590/resourceGroups/cli_test_vm_custom_image7tl4g334mpratp4zwyoq4zw727u2tidxj7v4zqtelxuxwbqniya/providers/Microsoft.Network/publicIPAddresses/fromimage2PublicIP"},"subnet":{"id":"/subscriptions/0b1f6471-1bf0-4dda-aec3-cb9272f09590/resourceGroups/cli_test_vm_custom_image7tl4g334mpratp4zwyoq4zw727u2tidxj7v4zqtelxuxwbqniya/providers/Microsoft.Network/virtualNetworks/vm-unmanaged-diskVNET/subnets/vm-unmanaged-diskSubnet"},"primary":true,"privateIPAddressVersion":"IPv4"}}],"dnsSettings":{"dnsServers":[],"appliedDnsServers":[],"internalDomainNameSuffix":"oazx2t55wjye1izslryv3q2dzc.dx.internal.cloudapp.net"},"macAddress":"00-0D-3A-59-12-66","enableAcceleratedNetworking":false,"enableIPForwarding":false,"networkSecurityGroup":{"id":"/subscriptions/0b1f6471-1bf0-4dda-aec3-cb9272f09590/resourceGroups/cli_test_vm_custom_image7tl4g334mpratp4zwyoq4zw727u2tidxj7v4zqtelxuxwbqniya/providers/Microsoft.Network/networkSecurityGroups/fromimage2NSG"},"primary":true,"virtualMachine":{"id":"/subscriptions/0b1f6471-1bf0-4dda-aec3-cb9272f09590/resourceGroups/cli_test_vm_custom_image7tl4g334mpratp4zwyoq4zw727u2tidxj7v4zqtelxuxwbqniya/providers/Microsoft.Compute/virtualMachines/fromimage2"},"hostedWorkloads":[],"tapConfigurations":[]},"type":"Microsoft.Network/networkInterfaces"},{"name":"vm-managed-diskVMNic","id":"/subscriptions/0b1f6471-1bf0-4dda-aec3-cb9272f09590/resourceGroups/cli_test_vm_custom_image7tl4g334mpratp4zwyoq4zw727u2tidxj7v4zqtelxuxwbqniya/providers/Microsoft.Network/networkInterfaces/vm-managed-diskVMNic","etag":"W/\"605bd301-1c35-4371-9523-ca9e45158d95\"","location":"westus","tags":{},"properties":{"provisioningState":"Succeeded","resourceGuid":"93d07112-a172-4b3a-9bc1-f67ddfc941e4","ipConfigurations":[{"name":"ipconfigvm-managed-disk","id":"/subscriptions/0b1f6471-1bf0-4dda-aec3-cb9272f09590/resourceGroups/cli_test_vm_custom_image7tl4g334mpratp4zwyoq4zw727u2tidxj7v4zqtelxuxwbqniya/providers/Microsoft.Network/networkInterfaces/vm-managed-diskVMNic/ipConfigurations/ipconfigvm-managed-disk","etag":"W/\"605bd301-1c35-4371-9523-ca9e45158d95\"","type":"Microsoft.Network/networkInterfaces/ipConfigurations","properties":{"provisioningState":"Succeeded","privateIPAddress":"10.0.0.5","privateIPAllocationMethod":"Dynamic","publicIPAddress":{"id":"/subscriptions/0b1f6471-1bf0-4dda-aec3-cb9272f09590/resourceGroups/cli_test_vm_custom_image7tl4g334mpratp4zwyoq4zw727u2tidxj7v4zqtelxuxwbqniya/providers/Microsoft.Network/publicIPAddresses/vm-managed-diskPublicIP"},"subnet":{"id":"/subscriptions/0b1f6471-1bf0-4dda-aec3-cb9272f09590/resourceGroups/cli_test_vm_custom_image7tl4g334mpratp4zwyoq4zw727u2tidxj7v4zqtelxuxwbqniya/providers/Microsoft.Network/virtualNetworks/vm-unmanaged-diskVNET/subnets/vm-unmanaged-diskSubnet"},"primary":true,"privateIPAddressVersion":"IPv4"}}],"dnsSettings":{"dnsServers":[],"appliedDnsServers":[]},"macAddress":"00-0D-3A-3A-EA-BD","enableAcceleratedNetworking":false,"enableIPForwarding":false,"networkSecurityGroup":{"id":"/subscriptions/0b1f6471-1bf0-4dda-aec3-cb9272f09590/resourceGroups/cli_test_vm_custom_image7tl4g334mpratp4zwyoq4zw727u2tidxj7v4zqtelxuxwbqniya/providers/Microsoft.Network/networkSecurityGroups/vm-managed-diskNSG"},"primary":true,"virtualMachine":{"id":"/subscriptions/0b1f6471-1bf0-4dda-aec3-cb9272f09590/resourceGroups/cli_test_vm_custom_image7tl4g334mpratp4zwyoq4zw727u2tidxj7v4zqtelxuxwbqniya/providers/Microsoft.Compute/virtualMachines/vm-managed-disk"},"hostedWorkloads":[],"tapConfigurations":[]},"type":"Microsoft.Network/networkInterfaces"},{"name":"vm-unmanaged-diskVMNic","id":"/subscriptions/0b1f6471-1bf0-4dda-aec3-cb9272f09590/resourceGroups/cli_test_vm_custom_image7tl4g334mpratp4zwyoq4zw727u2tidxj7v4zqtelxuxwbqniya/providers/Microsoft.Network/networkInterfaces/vm-unmanaged-diskVMNic","etag":"W/\"84c4c10f-e4b2-4535-89bb-fe80d37c7e46\"","location":"westus","tags":{},"properties":{"provisioningState":"Succeeded","resourceGuid":"0d182243-fcc2-4d33-b751-37f8f16f24cb","ipConfigurations":[{"name":"ipconfigvm-unmanaged-disk","id":"/subscriptions/0b1f6471-1bf0-4dda-aec3-cb9272f09590/resourceGroups/cli_test_vm_custom_image7tl4g334mpratp4zwyoq4zw727u2tidxj7v4zqtelxuxwbqniya/providers/Microsoft.Network/networkInterfaces/vm-unmanaged-diskVMNic/ipConfigurations/ipconfigvm-unmanaged-disk","etag":"W/\"84c4c10f-e4b2-4535-89bb-fe80d37c7e46\"","type":"Microsoft.Network/networkInterfaces/ipConfigurations","properties":{"provisioningState":"Succeeded","privateIPAddress":"10.0.0.4","privateIPAllocationMethod":"Dynamic","publicIPAddress":{"id":"/subscriptions/0b1f6471-1bf0-4dda-aec3-cb9272f09590/resourceGroups/cli_test_vm_custom_image7tl4g334mpratp4zwyoq4zw727u2tidxj7v4zqtelxuxwbqniya/providers/Microsoft.Network/publicIPAddresses/vm-unmanaged-diskPublicIP"},"subnet":{"id":"/subscriptions/0b1f6471-1bf0-4dda-aec3-cb9272f09590/resourceGroups/cli_test_vm_custom_image7tl4g334mpratp4zwyoq4zw727u2tidxj7v4zqtelxuxwbqniya/providers/Microsoft.Network/virtualNetworks/vm-unmanaged-diskVNET/subnets/vm-unmanaged-diskSubnet"},"primary":true,"privateIPAddressVersion":"IPv4"}}],"dnsSettings":{"dnsServers":[],"appliedDnsServers":[]},"macAddress":"00-0D-3A-59-58-02","enableAcceleratedNetworking":false,"enableIPForwarding":false,"networkSecurityGroup":{"id":"/subscriptions/0b1f6471-1bf0-4dda-aec3-cb9272f09590/resourceGroups/cli_test_vm_custom_image7tl4g334mpratp4zwyoq4zw727u2tidxj7v4zqtelxuxwbqniya/providers/Microsoft.Network/networkSecurityGroups/vm-unmanaged-diskNSG"},"primary":true,"virtualMachine":{"id":"/subscriptions/0b1f6471-1bf0-4dda-aec3-cb9272f09590/resourceGroups/cli_test_vm_custom_image7tl4g334mpratp4zwyoq4zw727u2tidxj7v4zqtelxuxwbqniya/providers/Microsoft.Compute/virtualMachines/vm-unmanaged-disk"},"hostedWorkloads":[],"tapConfigurations":[]},"type":"Microsoft.Network/networkInterfaces"},{"name":"vm3VMNic","id":"/subscriptions/0b1f6471-1bf0-4dda-aec3-cb9272f09590/resourceGroups/cli_test_vm_custom_image7tl4g334mpratp4zwyoq4zw727u2tidxj7v4zqtelxuxwbqniya/providers/Microsoft.Network/networkInterfaces/vm3VMNic","etag":"W/\"c6032e23-2eee-4453-a094-c51bac6c10ef\"","location":"westus","tags":{},"properties":{"provisioningState":"Succeeded","resourceGuid":"939a2ec5-a9e2-4827-bec3-4df680346c15","ipConfigurations":[{"name":"ipconfigvm3","id":"/subscriptions/0b1f6471-1bf0-4dda-aec3-cb9272f09590/resourceGroups/cli_test_vm_custom_image7tl4g334mpratp4zwyoq4zw727u2tidxj7v4zqtelxuxwbqniya/providers/Microsoft.Network/networkInterfaces/vm3VMNic/ipConfigurations/ipconfigvm3","etag":"W/\"c6032e23-2eee-4453-a094-c51bac6c10ef\"","type":"Microsoft.Network/networkInterfaces/ipConfigurations","properties":{"provisioningState":"Succeeded","privateIPAddress":"10.0.0.10","privateIPAllocationMethod":"Dynamic","publicIPAddress":{"id":"/subscriptions/0b1f6471-1bf0-4dda-aec3-cb9272f09590/resourceGroups/cli_test_vm_custom_image7tl4g334mpratp4zwyoq4zw727u2tidxj7v4zqtelxuxwbqniya/providers/Microsoft.Network/publicIPAddresses/vm3PublicIP"},"subnet":{"id":"/subscriptions/0b1f6471-1bf0-4dda-aec3-cb9272f09590/resourceGroups/cli_test_vm_custom_image7tl4g334mpratp4zwyoq4zw727u2tidxj7v4zqtelxuxwbqniya/providers/Microsoft.Network/virtualNetworks/vm-unmanaged-diskVNET/subnets/vm-unmanaged-diskSubnet"},"primary":true,"privateIPAddressVersion":"IPv4"}}],"dnsSettings":{"dnsServers":[],"appliedDnsServers":[],"internalDomainNameSuffix":"oazx2t55wjye1izslryv3q2dzc.dx.internal.cloudapp.net"},"macAddress":"00-0D-3A-3B-E9-43","enableAcceleratedNetworking":false,"enableIPForwarding":false,"networkSecurityGroup":{"id":"/subscriptions/0b1f6471-1bf0-4dda-aec3-cb9272f09590/resourceGroups/cli_test_vm_custom_image7tl4g334mpratp4zwyoq4zw727u2tidxj7v4zqtelxuxwbqniya/providers/Microsoft.Network/networkSecurityGroups/vm3NSG"},"primary":true,"virtualMachine":{"id":"/subscriptions/0b1f6471-1bf0-4dda-aec3-cb9272f09590/resourceGroups/cli_test_vm_custom_image7tl4g334mpratp4zwyoq4zw727u2tidxj7v4zqtelxuxwbqniya/providers/Microsoft.Compute/virtualMachines/vm3"},"hostedWorkloads":[],"tapConfigurations":[]},"type":"Microsoft.Network/networkInterfaces"},{"name":"fengubuntu523","id":"/subscriptions/0b1f6471-1bf0-4dda-aec3-cb9272f09590/resourceGroups/fengtest/providers/Microsoft.Network/networkInterfaces/fengubuntu523","etag":"W/\"328305d3-2c4c-4c78-bc7c-8daebaa07c19\"","location":"westus","properties":{"provisioningState":"Succeeded","resourceGuid":"f18ad2bf-5872-43f1-861e-68aed88583fb","ipConfigurations":[{"name":"ipconfig1","id":"/subscriptions/0b1f6471-1bf0-4dda-aec3-cb9272f09590/resourceGroups/fengtest/providers/Microsoft.Network/networkInterfaces/fengubuntu523/ipConfigurations/ipconfig1","etag":"W/\"328305d3-2c4c-4c78-bc7c-8daebaa07c19\"","type":"Microsoft.Network/networkInterfaces/ipConfigurations","properties":{"provisioningState":"Succeeded","privateIPAddress":"10.2.6.5","privateIPAllocationMethod":"Dynamic","publicIPAddress":{"id":"/subscriptions/0b1f6471-1bf0-4dda-aec3-cb9272f09590/resourceGroups/fengtest/providers/Microsoft.Network/publicIPAddresses/fengubuntuip681"},"subnet":{"id":"/subscriptions/0b1f6471-1bf0-4dda-aec3-cb9272f09590/resourceGroups/fengtest/providers/Microsoft.Network/virtualNetworks/fengtest-vnet/subnets/default"},"primary":true,"privateIPAddressVersion":"IPv4"}}],"dnsSettings":{"dnsServers":[],"appliedDnsServers":[]},"macAddress":"00-0D-3A-59-25-EC","enableAcceleratedNetworking":false,"enableIPForwarding":false,"networkSecurityGroup":{"id":"/subscriptions/0b1f6471-1bf0-4dda-aec3-cb9272f09590/resourceGroups/fengtest/providers/Microsoft.Network/networkSecurityGroups/fengubuntunsg742"},"primary":true,"virtualMachine":{"id":"/subscriptions/0b1f6471-1bf0-4dda-aec3-cb9272f09590/resourceGroups/fengtest/providers/Microsoft.Compute/virtualMachines/fengubuntu"},"hostedWorkloads":[],"tapConfigurations":[]},"type":"Microsoft.Network/networkInterfaces"},{"name":"fengubuntu763","id":"/subscriptions/0b1f6471-1bf0-4dda-aec3-cb9272f09590/resourceGroups/fengtest/providers/Microsoft.Network/networkInterfaces/fengubuntu763","etag":"W/\"3c26d867-53ee-4411-9ab6-e3b53f9c2aba\"","location":"westus","properties":{"provisioningState":"Succeeded","resourceGuid":"b6bfde32-e1df-4a31-b346-8f9758c092b5","ipConfigurations":[{"name":"ipconfig1","id":"/subscriptions/0b1f6471-1bf0-4dda-aec3-cb9272f09590/resourceGroups/fengtest/providers/Microsoft.Network/networkInterfaces/fengubuntu763/ipConfigurations/ipconfig1","etag":"W/\"3c26d867-53ee-4411-9ab6-e3b53f9c2aba\"","type":"Microsoft.Network/networkInterfaces/ipConfigurations","properties":{"provisioningState":"Succeeded","privateIPAddress":"10.2.6.4","privateIPAllocationMethod":"Dynamic","publicIPAddress":{"id":"/subscriptions/0b1f6471-1bf0-4dda-aec3-cb9272f09590/resourceGroups/fengtest/providers/Microsoft.Network/publicIPAddresses/fengubuntu-ip"},"subnet":{"id":"/subscriptions/0b1f6471-1bf0-4dda-aec3-cb9272f09590/resourceGroups/fengtest/providers/Microsoft.Network/virtualNetworks/fengtest-vnet/subnets/default"},"primary":true,"privateIPAddressVersion":"IPv4"}}],"dnsSettings":{"dnsServers":[],"appliedDnsServers":[]},"enableAcceleratedNetworking":false,"enableIPForwarding":false,"networkSecurityGroup":{"id":"/subscriptions/0b1f6471-1bf0-4dda-aec3-cb9272f09590/resourceGroups/fengtest/providers/Microsoft.Network/networkSecurityGroups/fengubuntu-nsg"},"hostedWorkloads":[],"tapConfigurations":[]},"type":"Microsoft.Network/networkInterfaces"},{"name":"aVMNic","id":"/subscriptions/0b1f6471-1bf0-4dda-aec3-cb9272f09590/resourceGroups/start/providers/Microsoft.Network/networkInterfaces/aVMNic","etag":"W/\"1391908c-f1ad-4953-9909-319d4ddc92fa\"","location":"westus","tags":{},"properties":{"provisioningState":"Succeeded","resourceGuid":"ad720304-2c44-4706-95c8-19b21f162f79","ipConfigurations":[{"name":"ipconfiga","id":"/subscriptions/0b1f6471-1bf0-4dda-aec3-cb9272f09590/resourceGroups/start/providers/Microsoft.Network/networkInterfaces/aVMNic/ipConfigurations/ipconfiga","etag":"W/\"1391908c-f1ad-4953-9909-319d4ddc92fa\"","type":"Microsoft.Network/networkInterfaces/ipConfigurations","properties":{"provisioningState":"Succeeded","privateIPAddress":"10.0.0.5","privateIPAllocationMethod":"Dynamic","publicIPAddress":{"id":"/subscriptions/0b1f6471-1bf0-4dda-aec3-cb9272f09590/resourceGroups/start/providers/Microsoft.Network/publicIPAddresses/aPublicIP"},"subnet":{"id":"/subscriptions/0b1f6471-1bf0-4dda-aec3-cb9272f09590/resourceGroups/start/providers/Microsoft.Network/virtualNetworks/start-1VNET/subnets/start-1Subnet"},"primary":true,"privateIPAddressVersion":"IPv4"}}],"dnsSettings":{"dnsServers":[],"appliedDnsServers":[],"internalDomainNameSuffix":"cd5godij43kejjlr0tcsqbsckh.dx.internal.cloudapp.net"},"enableAcceleratedNetworking":false,"enableIPForwarding":false,"networkSecurityGroup":{"id":"/subscriptions/0b1f6471-1bf0-4dda-aec3-cb9272f09590/resourceGroups/start/providers/Microsoft.Network/networkSecurityGroups/aNSG"},"hostedWorkloads":[],"tapConfigurations":[]},"type":"Microsoft.Network/networkInterfaces"},{"name":"start-1VMNic","id":"/subscriptions/0b1f6471-1bf0-4dda-aec3-cb9272f09590/resourceGroups/start/providers/Microsoft.Network/networkInterfaces/start-1VMNic","etag":"W/\"96af507e-fe39-4541-a295-1aa3e95863e6\"","location":"westus","tags":{},"properties":{"provisioningState":"Succeeded","resourceGuid":"a4bf8a33-2737-46b6-91fc-e7b335c8f957","ipConfigurations":[{"name":"ipconfigstart-1","id":"/subscriptions/0b1f6471-1bf0-4dda-aec3-cb9272f09590/resourceGroups/start/providers/Microsoft.Network/networkInterfaces/start-1VMNic/ipConfigurations/ipconfigstart-1","etag":"W/\"96af507e-fe39-4541-a295-1aa3e95863e6\"","type":"Microsoft.Network/networkInterfaces/ipConfigurations","properties":{"provisioningState":"Succeeded","privateIPAddress":"10.0.0.4","privateIPAllocationMethod":"Dynamic","publicIPAddress":{"id":"/subscriptions/0b1f6471-1bf0-4dda-aec3-cb9272f09590/resourceGroups/start/providers/Microsoft.Network/publicIPAddresses/start-1PublicIP"},"subnet":{"id":"/subscriptions/0b1f6471-1bf0-4dda-aec3-cb9272f09590/resourceGroups/start/providers/Microsoft.Network/virtualNetworks/start-1VNET/subnets/start-1Subnet"},"primary":true,"privateIPAddressVersion":"IPv4"}}],"dnsSettings":{"dnsServers":[],"appliedDnsServers":[]},"macAddress":"00-0D-3A-36-17-80","enableAcceleratedNetworking":false,"enableIPForwarding":false,"networkSecurityGroup":{"id":"/subscriptions/0b1f6471-1bf0-4dda-aec3-cb9272f09590/resourceGroups/start/providers/Microsoft.Network/networkSecurityGroups/start-1NSG"},"primary":true,"virtualMachine":{"id":"/subscriptions/0b1f6471-1bf0-4dda-aec3-cb9272f09590/resourceGroups/start/providers/Microsoft.Compute/virtualMachines/start-1"},"hostedWorkloads":[],"tapConfigurations":[]},"type":"Microsoft.Network/networkInterfaces"},{"name":"pynicb046129e","id":"/subscriptions/0b1f6471-1bf0-4dda-aec3-cb9272f09590/resourceGroups/test_mgmt_network_test_network_interface_cardb046129e/providers/Microsoft.Network/networkInterfaces/pynicb046129e","etag":"W/\"d2a4bce1-93be-44bb-a3c7-4c7d2290d275\"","location":"westus","properties":{"provisioningState":"Succeeded","resourceGuid":"00bb374c-abf8-4a6a-b3b9-e27dda5dbfce","ipConfigurations":[{"name":"MyIpConfig","id":"/subscriptions/0b1f6471-1bf0-4dda-aec3-cb9272f09590/resourceGroups/test_mgmt_network_test_network_interface_cardb046129e/providers/Microsoft.Network/networkInterfaces/pynicb046129e/ipConfigurations/MyIpConfig","etag":"W/\"d2a4bce1-93be-44bb-a3c7-4c7d2290d275\"","type":"Microsoft.Network/networkInterfaces/ipConfigurations","properties":{"provisioningState":"Succeeded","privateIPAddress":"10.0.0.4","privateIPAllocationMethod":"Dynamic","subnet":{"id":"/subscriptions/0b1f6471-1bf0-4dda-aec3-cb9272f09590/resourceGroups/test_mgmt_network_test_network_interface_cardb046129e/providers/Microsoft.Network/virtualNetworks/pyvnetb046129e/subnets/pysubnetb046129e"},"primary":true,"privateIPAddressVersion":"IPv4"}}],"dnsSettings":{"dnsServers":[],"appliedDnsServers":[],"internalDomainNameSuffix":"4eijd5xzeliuto3bnnijv50ddc.dx.internal.cloudapp.net"},"enableAcceleratedNetworking":false,"enableIPForwarding":false,"hostedWorkloads":[],"tapConfigurations":[]},"type":"Microsoft.Network/networkInterfaces"},{"name":"workspacetestvmVMNic","id":"/subscriptions/0b1f6471-1bf0-4dda-aec3-cb9272f09590/resourceGroups/0924fanqiu/providers/Microsoft.Network/networkInterfaces/workspacetestvmVMNic","etag":"W/\"97f9e2f3-cbe2-4948-b8fe-2a6e45de9438\"","location":"eastus","tags":{},"properties":{"provisioningState":"Succeeded","resourceGuid":"c4641c05-2fe7-4076-af68-7ef8a2116f45","ipConfigurations":[{"name":"ipconfigworkspacetestvm","id":"/subscriptions/0b1f6471-1bf0-4dda-aec3-cb9272f09590/resourceGroups/0924fanqiu/providers/Microsoft.Network/networkInterfaces/workspacetestvmVMNic/ipConfigurations/ipconfigworkspacetestvm","etag":"W/\"97f9e2f3-cbe2-4948-b8fe-2a6e45de9438\"","type":"Microsoft.Network/networkInterfaces/ipConfigurations","properties":{"provisioningState":"Succeeded","privateIPAddress":"10.0.0.4","privateIPAllocationMethod":"Dynamic","publicIPAddress":{"id":"/subscriptions/0b1f6471-1bf0-4dda-aec3-cb9272f09590/resourceGroups/0924fanqiu/providers/Microsoft.Network/publicIPAddresses/workspacetestvmPublicIP"},"subnet":{"id":"/subscriptions/0b1f6471-1bf0-4dda-aec3-cb9272f09590/resourceGroups/0924fanqiu/providers/Microsoft.Network/virtualNetworks/workspacetestvmVNET/subnets/workspacetestvmSubnet"},"primary":true,"privateIPAddressVersion":"IPv4"}}],"dnsSettings":{"dnsServers":[],"appliedDnsServers":[],"internalDomainNameSuffix":"0bfuyojwfi5e3hfsbgplsfgaca.bx.internal.cloudapp.net"},"macAddress":"00-0D-3A-4F-B7-0E","enableAcceleratedNetworking":false,"enableIPForwarding":false,"networkSecurityGroup":{"id":"/subscriptions/0b1f6471-1bf0-4dda-aec3-cb9272f09590/resourceGroups/0924fanqiu/providers/Microsoft.Network/networkSecurityGroups/workspacetestvmNSG"},"primary":true,"virtualMachine":{"id":"/subscriptions/0b1f6471-1bf0-4dda-aec3-cb9272f09590/resourceGroups/0924fanqiu/providers/Microsoft.Compute/virtualMachines/workspacetestvm"},"hostedWorkloads":[],"tapConfigurations":[]},"type":"Microsoft.Network/networkInterfaces"},{"name":"ubuntuVMNic","id":"/subscriptions/0b1f6471-1bf0-4dda-aec3-cb9272f09590/resourceGroups/fytest2/providers/Microsoft.Network/networkInterfaces/ubuntuVMNic","etag":"W/\"b5b541dc-fb45-43a6-8070-fd7ec4ec119b\"","location":"eastus","tags":{},"properties":{"provisioningState":"Succeeded","resourceGuid":"1856a234-73d3-40c3-90c8-4f2966297b85","ipConfigurations":[{"name":"ipconfigubuntu","id":"/subscriptions/0b1f6471-1bf0-4dda-aec3-cb9272f09590/resourceGroups/fytest2/providers/Microsoft.Network/networkInterfaces/ubuntuVMNic/ipConfigurations/ipconfigubuntu","etag":"W/\"b5b541dc-fb45-43a6-8070-fd7ec4ec119b\"","type":"Microsoft.Network/networkInterfaces/ipConfigurations","properties":{"provisioningState":"Succeeded","privateIPAddress":"10.0.0.5","privateIPAllocationMethod":"Dynamic","publicIPAddress":{"id":"/subscriptions/0b1f6471-1bf0-4dda-aec3-cb9272f09590/resourceGroups/fytest2/providers/Microsoft.Network/publicIPAddresses/ubuntuPublicIP"},"subnet":{"id":"/subscriptions/0b1f6471-1bf0-4dda-aec3-cb9272f09590/resourceGroups/fytest2/providers/Microsoft.Network/virtualNetworks/vmss1VNET/subnets/vmss1Subnet"},"primary":true,"privateIPAddressVersion":"IPv4"}}],"dnsSettings":{"dnsServers":[],"appliedDnsServers":[],"internalDomainNameSuffix":"wmlvzbqlqobetfqsp22v2fndqh.bx.internal.cloudapp.net"},"macAddress":"00-0D-3A-17-3C-1C","enableAcceleratedNetworking":false,"enableIPForwarding":false,"networkSecurityGroup":{"id":"/subscriptions/0b1f6471-1bf0-4dda-aec3-cb9272f09590/resourceGroups/fytest2/providers/Microsoft.Network/networkSecurityGroups/ubuntuNSG"},"primary":true,"virtualMachine":{"id":"/subscriptions/0b1f6471-1bf0-4dda-aec3-cb9272f09590/resourceGroups/fytest2/providers/Microsoft.Compute/virtualMachines/ubuntu"},"hostedWorkloads":[],"tapConfigurations":[]},"type":"Microsoft.Network/networkInterfaces"},{"name":"vm1VMNic","id":"/subscriptions/0b1f6471-1bf0-4dda-aec3-cb9272f09590/resourceGroups/fytest2/providers/Microsoft.Network/networkInterfaces/vm1VMNic","etag":"W/\"34554e2b-a3a5-47ed-b224-23c9a6a17f50\"","location":"eastus","tags":{},"properties":{"provisioningState":"Succeeded","resourceGuid":"971f0b70-4f04-485b-a43c-3a0f681a93f0","ipConfigurations":[{"name":"ipconfigvm1","id":"/subscriptions/0b1f6471-1bf0-4dda-aec3-cb9272f09590/resourceGroups/fytest2/providers/Microsoft.Network/networkInterfaces/vm1VMNic/ipConfigurations/ipconfigvm1","etag":"W/\"34554e2b-a3a5-47ed-b224-23c9a6a17f50\"","type":"Microsoft.Network/networkInterfaces/ipConfigurations","properties":{"provisioningState":"Succeeded","privateIPAddress":"10.0.0.4","privateIPAllocationMethod":"Dynamic","publicIPAddress":{"id":"/subscriptions/0b1f6471-1bf0-4dda-aec3-cb9272f09590/resourceGroups/fytest2/providers/Microsoft.Network/publicIPAddresses/vm1PublicIP"},"subnet":{"id":"/subscriptions/0b1f6471-1bf0-4dda-aec3-cb9272f09590/resourceGroups/fytest2/providers/Microsoft.Network/virtualNetworks/vmss1VNET/subnets/vmss1Subnet"},"primary":true,"privateIPAddressVersion":"IPv4"}}],"dnsSettings":{"dnsServers":[],"appliedDnsServers":[],"internalDomainNameSuffix":"wmlvzbqlqobetfqsp22v2fndqh.bx.internal.cloudapp.net"},"enableAcceleratedNetworking":false,"enableIPForwarding":false,"networkSecurityGroup":{"id":"/subscriptions/0b1f6471-1bf0-4dda-aec3-cb9272f09590/resourceGroups/fytest2/providers/Microsoft.Network/networkSecurityGroups/vm1NSG"},"hostedWorkloads":[],"tapConfigurations":[]},"type":"Microsoft.Network/networkInterfaces"},{"name":"zuhlinux359","id":"/subscriptions/0b1f6471-1bf0-4dda-aec3-cb9272f09590/resourceGroups/zuh/providers/Microsoft.Network/networkInterfaces/zuhlinux359","etag":"W/\"1231ec84-ffcf-452c-8cf7-ea0bfa4338c1\"","location":"eastus","properties":{"provisioningState":"Succeeded","resourceGuid":"f9b28136-8dab-423d-9091-33210eccc288","ipConfigurations":[{"name":"ipconfig1","id":"/subscriptions/0b1f6471-1bf0-4dda-aec3-cb9272f09590/resourceGroups/zuh/providers/Microsoft.Network/networkInterfaces/zuhlinux359/ipConfigurations/ipconfig1","etag":"W/\"1231ec84-ffcf-452c-8cf7-ea0bfa4338c1\"","type":"Microsoft.Network/networkInterfaces/ipConfigurations","properties":{"provisioningState":"Succeeded","privateIPAddress":"10.4.0.5","privateIPAllocationMethod":"Dynamic","publicIPAddress":{"id":"/subscriptions/0b1f6471-1bf0-4dda-aec3-cb9272f09590/resourceGroups/zuh/providers/Microsoft.Network/publicIPAddresses/zuhlinux-ip"},"subnet":{"id":"/subscriptions/0b1f6471-1bf0-4dda-aec3-cb9272f09590/resourceGroups/zuh/providers/Microsoft.Network/virtualNetworks/storagerule/subnets/default"},"primary":true,"privateIPAddressVersion":"IPv4"}}],"dnsSettings":{"dnsServers":[],"appliedDnsServers":[],"internalDomainNameSuffix":"tz4zcgygejzedk5dtuntfbct0h.bx.internal.cloudapp.net"},"macAddress":"00-0D-3A-54-09-6E","enableAcceleratedNetworking":false,"enableIPForwarding":false,"networkSecurityGroup":{"id":"/subscriptions/0b1f6471-1bf0-4dda-aec3-cb9272f09590/resourceGroups/zuh/providers/Microsoft.Network/networkSecurityGroups/zuhlinux-nsg"},"primary":true,"virtualMachine":{"id":"/subscriptions/0b1f6471-1bf0-4dda-aec3-cb9272f09590/resourceGroups/zuh/providers/Microsoft.Compute/virtualMachines/zuhlinux"},"hostedWorkloads":[],"tapConfigurations":[]},"type":"Microsoft.Network/networkInterfaces"},{"name":"zuhtestvm638","id":"/subscriptions/0b1f6471-1bf0-4dda-aec3-cb9272f09590/resourceGroups/zuh/providers/Microsoft.Network/networkInterfaces/zuhtestvm638","etag":"W/\"2b832c08-2053-4d73-ae66-ce39d6766430\"","location":"eastus","properties":{"provisioningState":"Succeeded","resourceGuid":"e6a3accb-1e48-4fb7-bb66-161f0d50e6c7","ipConfigurations":[{"name":"ipconfig1","id":"/subscriptions/0b1f6471-1bf0-4dda-aec3-cb9272f09590/resourceGroups/zuh/providers/Microsoft.Network/networkInterfaces/zuhtestvm638/ipConfigurations/ipconfig1","etag":"W/\"2b832c08-2053-4d73-ae66-ce39d6766430\"","type":"Microsoft.Network/networkInterfaces/ipConfigurations","properties":{"provisioningState":"Succeeded","privateIPAddress":"10.4.0.4","privateIPAllocationMethod":"Dynamic","publicIPAddress":{"id":"/subscriptions/0b1f6471-1bf0-4dda-aec3-cb9272f09590/resourceGroups/zuh/providers/Microsoft.Network/publicIPAddresses/zuhtestvm-ip"},"subnet":{"id":"/subscriptions/0b1f6471-1bf0-4dda-aec3-cb9272f09590/resourceGroups/zuh/providers/Microsoft.Network/virtualNetworks/storagerule/subnets/default"},"primary":true,"privateIPAddressVersion":"IPv4"}}],"dnsSettings":{"dnsServers":[],"appliedDnsServers":[]},"macAddress":"00-0D-3A-10-D9-B3","enableAcceleratedNetworking":false,"enableIPForwarding":false,"networkSecurityGroup":{"id":"/subscriptions/0b1f6471-1bf0-4dda-aec3-cb9272f09590/resourceGroups/zuh/providers/Microsoft.Network/networkSecurityGroups/zuhtestvm-nsg"},"primary":true,"virtualMachine":{"id":"/subscriptions/0b1f6471-1bf0-4dda-aec3-cb9272f09590/resourceGroups/zuh/providers/Microsoft.Compute/virtualMachines/zuhtestvm"},"hostedWorkloads":[],"tapConfigurations":[]},"type":"Microsoft.Network/networkInterfaces"},{"name":"zuhubuntu26","id":"/subscriptions/0b1f6471-1bf0-4dda-aec3-cb9272f09590/resourceGroups/zuh/providers/Microsoft.Network/networkInterfaces/zuhubuntu26","etag":"W/\"fbd94511-2e10-4fef-84ed-29e2b2a8ac86\"","location":"eastus","properties":{"provisioningState":"Succeeded","resourceGuid":"81443a59-3f65-4a92-90c6-9e3f05e48f7c","ipConfigurations":[{"name":"ipconfig1","id":"/subscriptions/0b1f6471-1bf0-4dda-aec3-cb9272f09590/resourceGroups/zuh/providers/Microsoft.Network/networkInterfaces/zuhubuntu26/ipConfigurations/ipconfig1","etag":"W/\"fbd94511-2e10-4fef-84ed-29e2b2a8ac86\"","type":"Microsoft.Network/networkInterfaces/ipConfigurations","properties":{"provisioningState":"Succeeded","privateIPAddress":"10.2.0.4","privateIPAllocationMethod":"Dynamic","publicIPAddress":{"id":"/subscriptions/0b1f6471-1bf0-4dda-aec3-cb9272f09590/resourceGroups/zuh/providers/Microsoft.Network/publicIPAddresses/zuhUbuntu-ip"},"subnet":{"id":"/subscriptions/0b1f6471-1bf0-4dda-aec3-cb9272f09590/resourceGroups/zuh/providers/Microsoft.Network/virtualNetworks/zuh-vnet/subnets/default"},"primary":true,"privateIPAddressVersion":"IPv4"}}],"dnsSettings":{"dnsServers":[],"appliedDnsServers":[]},"macAddress":"00-0D-3A-55-26-74","enableAcceleratedNetworking":false,"enableIPForwarding":false,"networkSecurityGroup":{"id":"/subscriptions/0b1f6471-1bf0-4dda-aec3-cb9272f09590/resourceGroups/zuh/providers/Microsoft.Network/networkSecurityGroups/zuhUbuntu-nsg"},"hostedWorkloads":[],"tapConfigurations":[]},"type":"Microsoft.Network/networkInterfaces"},{"name":"vm22523","id":"/subscriptions/0b1f6471-1bf0-4dda-aec3-cb9272f09590/resourceGroups/jlrg1/providers/Microsoft.Network/networkInterfaces/vm22523","etag":"W/\"f1af1f02-b85a-45bc-8afc-e68a00741aaf\"","location":"eastasia","properties":{"provisioningState":"Succeeded","resourceGuid":"a3258816-793d-4b67-917f-ecd46735d922","ipConfigurations":[{"name":"ipconfig1","id":"/subscriptions/0b1f6471-1bf0-4dda-aec3-cb9272f09590/resourceGroups/jlrg1/providers/Microsoft.Network/networkInterfaces/vm22523/ipConfigurations/ipconfig1","etag":"W/\"f1af1f02-b85a-45bc-8afc-e68a00741aaf\"","type":"Microsoft.Network/networkInterfaces/ipConfigurations","properties":{"provisioningState":"Succeeded","privateIPAddress":"10.2.4.4","privateIPAllocationMethod":"Dynamic","publicIPAddress":{"id":"/subscriptions/0b1f6471-1bf0-4dda-aec3-cb9272f09590/resourceGroups/jlrg1/providers/Microsoft.Network/publicIPAddresses/vm22-ip"},"subnet":{"id":"/subscriptions/0b1f6471-1bf0-4dda-aec3-cb9272f09590/resourceGroups/jlrg1/providers/Microsoft.Network/virtualNetworks/jlrg1vnet623/subnets/default"},"primary":true,"privateIPAddressVersion":"IPv4"}}],"dnsSettings":{"dnsServers":[],"appliedDnsServers":[]},"macAddress":"00-0D-3A-85-12-9D","enableAcceleratedNetworking":false,"enableIPForwarding":false,"networkSecurityGroup":{"id":"/subscriptions/0b1f6471-1bf0-4dda-aec3-cb9272f09590/resourceGroups/jlrg1/providers/Microsoft.Network/networkSecurityGroups/vm22-nsg"},"primary":true,"virtualMachine":{"id":"/subscriptions/0b1f6471-1bf0-4dda-aec3-cb9272f09590/resourceGroups/jlrg1/providers/Microsoft.Compute/virtualMachines/vm22"},"hostedWorkloads":[],"tapConfigurations":[]},"type":"Microsoft.Network/networkInterfaces"},{"name":"acrtest-vm1VMNic","id":"/subscriptions/0b1f6471-1bf0-4dda-aec3-cb9272f09590/resourceGroups/acrtest/providers/Microsoft.Network/networkInterfaces/acrtest-vm1VMNic","etag":"W/\"a28bc2d9-04e5-444e-9e5d-6b2272344798\"","location":"southeastasia","tags":{},"properties":{"provisioningState":"Succeeded","resourceGuid":"94cc88f5-3c6e-468c-afe6-d49c0c10b50b","ipConfigurations":[{"name":"ipconfigacrtest-vm1","id":"/subscriptions/0b1f6471-1bf0-4dda-aec3-cb9272f09590/resourceGroups/acrtest/providers/Microsoft.Network/networkInterfaces/acrtest-vm1VMNic/ipConfigurations/ipconfigacrtest-vm1","etag":"W/\"a28bc2d9-04e5-444e-9e5d-6b2272344798\"","type":"Microsoft.Network/networkInterfaces/ipConfigurations","properties":{"provisioningState":"Succeeded","privateIPAddress":"10.0.0.4","privateIPAllocationMethod":"Dynamic","publicIPAddress":{"id":"/subscriptions/0b1f6471-1bf0-4dda-aec3-cb9272f09590/resourceGroups/acrtest/providers/Microsoft.Network/publicIPAddresses/acrtest-vm1PublicIP"},"subnet":{"id":"/subscriptions/0b1f6471-1bf0-4dda-aec3-cb9272f09590/resourceGroups/acrtest/providers/Microsoft.Network/virtualNetworks/acrtest-vm1VNET/subnets/acrtest-vm1Subnet"},"primary":true,"privateIPAddressVersion":"IPv4"}}],"dnsSettings":{"dnsServers":[],"appliedDnsServers":[],"internalDomainNameSuffix":"51ygxivhd1be3pwfg4ifrifzqa.ix.internal.cloudapp.net"},"macAddress":"00-0D-3A-08-F2-7B","enableAcceleratedNetworking":false,"enableIPForwarding":false,"networkSecurityGroup":{"id":"/subscriptions/0b1f6471-1bf0-4dda-aec3-cb9272f09590/resourceGroups/acrtest/providers/Microsoft.Network/networkSecurityGroups/acrtest-vm1NSG"},"primary":true,"virtualMachine":{"id":"/subscriptions/0b1f6471-1bf0-4dda-aec3-cb9272f09590/resourceGroups/acrtest/providers/Microsoft.Compute/virtualMachines/acrtest-vm1"},"hostedWorkloads":[],"tapConfigurations":[]},"type":"Microsoft.Network/networkInterfaces"},{"name":"acrtest-vm2VMNic","id":"/subscriptions/0b1f6471-1bf0-4dda-aec3-cb9272f09590/resourceGroups/acrtest/providers/Microsoft.Network/networkInterfaces/acrtest-vm2VMNic","etag":"W/\"3a6beeb1-7ee2-484f-b2c6-4a75b4519539\"","location":"southeastasia","tags":{},"properties":{"provisioningState":"Succeeded","resourceGuid":"f73ff7d6-74e8-4710-9a12-176219825245","ipConfigurations":[{"name":"ipconfigacrtest-vm2","id":"/subscriptions/0b1f6471-1bf0-4dda-aec3-cb9272f09590/resourceGroups/acrtest/providers/Microsoft.Network/networkInterfaces/acrtest-vm2VMNic/ipConfigurations/ipconfigacrtest-vm2","etag":"W/\"3a6beeb1-7ee2-484f-b2c6-4a75b4519539\"","type":"Microsoft.Network/networkInterfaces/ipConfigurations","properties":{"provisioningState":"Succeeded","privateIPAddress":"10.0.3.4","privateIPAllocationMethod":"Dynamic","publicIPAddress":{"id":"/subscriptions/0b1f6471-1bf0-4dda-aec3-cb9272f09590/resourceGroups/acrtest/providers/Microsoft.Network/publicIPAddresses/acrtest-vm2PublicIP"},"subnet":{"id":"/subscriptions/0b1f6471-1bf0-4dda-aec3-cb9272f09590/resourceGroups/acrtest/providers/Microsoft.Network/virtualNetworks/acrtest-vm1vnet/subnets/arctets-vm1subnet2"},"primary":true,"privateIPAddressVersion":"IPv4"}}],"dnsSettings":{"dnsServers":[],"appliedDnsServers":[],"internalDomainNameSuffix":"51ygxivhd1be3pwfg4ifrifzqa.ix.internal.cloudapp.net"},"macAddress":"00-0D-3A-08-7A-4E","enableAcceleratedNetworking":false,"enableIPForwarding":false,"networkSecurityGroup":{"id":"/subscriptions/0b1f6471-1bf0-4dda-aec3-cb9272f09590/resourceGroups/acrtest/providers/Microsoft.Network/networkSecurityGroups/acrtest-vm2NSG"},"primary":true,"virtualMachine":{"id":"/subscriptions/0b1f6471-1bf0-4dda-aec3-cb9272f09590/resourceGroups/acrtest/providers/Microsoft.Compute/virtualMachines/acrtest-vm2"},"hostedWorkloads":[],"tapConfigurations":[]},"type":"Microsoft.Network/networkInterfaces"},{"name":"acrtest-vm3VMNic","id":"/subscriptions/0b1f6471-1bf0-4dda-aec3-cb9272f09590/resourceGroups/acrtest/providers/Microsoft.Network/networkInterfaces/acrtest-vm3VMNic","etag":"W/\"0ca15e6b-f452-4024-9529-b1cddf61785d\"","location":"southeastasia","tags":{},"properties":{"provisioningState":"Succeeded","resourceGuid":"db067f87-858a-471f-a7f0-04523b8e28a6","ipConfigurations":[{"name":"ipconfigacrtest-vm3","id":"/subscriptions/0b1f6471-1bf0-4dda-aec3-cb9272f09590/resourceGroups/acrtest/providers/Microsoft.Network/networkInterfaces/acrtest-vm3VMNic/ipConfigurations/ipconfigacrtest-vm3","etag":"W/\"0ca15e6b-f452-4024-9529-b1cddf61785d\"","type":"Microsoft.Network/networkInterfaces/ipConfigurations","properties":{"provisioningState":"Succeeded","privateIPAddress":"10.0.3.5","privateIPAllocationMethod":"Dynamic","publicIPAddress":{"id":"/subscriptions/0b1f6471-1bf0-4dda-aec3-cb9272f09590/resourceGroups/acrtest/providers/Microsoft.Network/publicIPAddresses/acrtest-vm3PublicIP"},"subnet":{"id":"/subscriptions/0b1f6471-1bf0-4dda-aec3-cb9272f09590/resourceGroups/acrtest/providers/Microsoft.Network/virtualNetworks/acrtest-vm1VNET/subnets/arctets-vm1subnet2"},"primary":true,"privateIPAddressVersion":"IPv4"}}],"dnsSettings":{"dnsServers":[],"appliedDnsServers":[],"internalDomainNameSuffix":"51ygxivhd1be3pwfg4ifrifzqa.ix.internal.cloudapp.net"},"macAddress":"00-0D-3A-A3-74-B5","enableAcceleratedNetworking":false,"enableIPForwarding":false,"networkSecurityGroup":{"id":"/subscriptions/0b1f6471-1bf0-4dda-aec3-cb9272f09590/resourceGroups/acrtest/providers/Microsoft.Network/networkSecurityGroups/acrtest-vm3NSG"},"primary":true,"virtualMachine":{"id":"/subscriptions/0b1f6471-1bf0-4dda-aec3-cb9272f09590/resourceGroups/acrtest/providers/Microsoft.Compute/virtualMachines/acrtest-vm3"},"hostedWorkloads":[],"tapConfigurations":[]},"type":"Microsoft.Network/networkInterfaces"},{"name":"acrtest-vm4VMNic","id":"/subscriptions/0b1f6471-1bf0-4dda-aec3-cb9272f09590/resourceGroups/acrtest/providers/Microsoft.Network/networkInterfaces/acrtest-vm4VMNic","etag":"W/\"64b50697-cb0a-4b88-ae2e-eae25fe2e76a\"","location":"southeastasia","tags":{},"properties":{"provisioningState":"Succeeded","resourceGuid":"7eb6dc46-19fb-4ae7-af48-388367496ec6","ipConfigurations":[{"name":"ipconfigacrtest-vm4","id":"/subscriptions/0b1f6471-1bf0-4dda-aec3-cb9272f09590/resourceGroups/acrtest/providers/Microsoft.Network/networkInterfaces/acrtest-vm4VMNic/ipConfigurations/ipconfigacrtest-vm4","etag":"W/\"64b50697-cb0a-4b88-ae2e-eae25fe2e76a\"","type":"Microsoft.Network/networkInterfaces/ipConfigurations","properties":{"provisioningState":"Succeeded","privateIPAddress":"10.0.3.6","privateIPAllocationMethod":"Dynamic","publicIPAddress":{"id":"/subscriptions/0b1f6471-1bf0-4dda-aec3-cb9272f09590/resourceGroups/acrtest/providers/Microsoft.Network/publicIPAddresses/acrtest-vm4PublicIP"},"subnet":{"id":"/subscriptions/0b1f6471-1bf0-4dda-aec3-cb9272f09590/resourceGroups/acrtest/providers/Microsoft.Network/virtualNetworks/acrtest-vm1VNET/subnets/arctets-vm1subnet2"},"primary":true,"privateIPAddressVersion":"IPv4"}}],"dnsSettings":{"dnsServers":[],"appliedDnsServers":[],"internalDomainNameSuffix":"51ygxivhd1be3pwfg4ifrifzqa.ix.internal.cloudapp.net"},"macAddress":"00-0D-3A-08-01-D4","enableAcceleratedNetworking":false,"enableIPForwarding":false,"networkSecurityGroup":{"id":"/subscriptions/0b1f6471-1bf0-4dda-aec3-cb9272f09590/resourceGroups/acrtest/providers/Microsoft.Network/networkSecurityGroups/acrtest-vm4NSG"},"primary":true,"virtualMachine":{"id":"/subscriptions/0b1f6471-1bf0-4dda-aec3-cb9272f09590/resourceGroups/acrtest/providers/Microsoft.Compute/virtualMachines/acrtest-vm4"},"hostedWorkloads":[],"tapConfigurations":[]},"type":"Microsoft.Network/networkInterfaces"},{"name":"helm-1VMNic","id":"/subscriptions/0b1f6471-1bf0-4dda-aec3-cb9272f09590/resourceGroups/helm/providers/Microsoft.Network/networkInterfaces/helm-1VMNic","etag":"W/\"45e90737-ce35-440c-a731-3e8c905282d1\"","location":"southeastasia","tags":{},"properties":{"provisioningState":"Succeeded","resourceGuid":"5db3f8bf-c085-4d87-9fd7-5645149ecd79","ipConfigurations":[{"name":"ipconfighelm-1","id":"/subscriptions/0b1f6471-1bf0-4dda-aec3-cb9272f09590/resourceGroups/helm/providers/Microsoft.Network/networkInterfaces/helm-1VMNic/ipConfigurations/ipconfighelm-1","etag":"W/\"45e90737-ce35-440c-a731-3e8c905282d1\"","type":"Microsoft.Network/networkInterfaces/ipConfigurations","properties":{"provisioningState":"Succeeded","privateIPAddress":"10.0.0.4","privateIPAllocationMethod":"Dynamic","publicIPAddress":{"id":"/subscriptions/0b1f6471-1bf0-4dda-aec3-cb9272f09590/resourceGroups/helm/providers/Microsoft.Network/publicIPAddresses/helm-1PublicIP"},"subnet":{"id":"/subscriptions/0b1f6471-1bf0-4dda-aec3-cb9272f09590/resourceGroups/helm/providers/Microsoft.Network/virtualNetworks/helm-1VNET/subnets/helm-1Subnet"},"primary":true,"privateIPAddressVersion":"IPv4"}}],"dnsSettings":{"dnsServers":[],"appliedDnsServers":[],"internalDomainNameSuffix":"ujmw4eyuq55edluhwbamqzywwc.ix.internal.cloudapp.net"},"macAddress":"00-0D-3A-A3-6A-EF","enableAcceleratedNetworking":false,"enableIPForwarding":false,"networkSecurityGroup":{"id":"/subscriptions/0b1f6471-1bf0-4dda-aec3-cb9272f09590/resourceGroups/helm/providers/Microsoft.Network/networkSecurityGroups/helm-1NSG"},"primary":true,"virtualMachine":{"id":"/subscriptions/0b1f6471-1bf0-4dda-aec3-cb9272f09590/resourceGroups/helm/providers/Microsoft.Compute/virtualMachines/helm-1"},"hostedWorkloads":[],"tapConfigurations":[]},"type":"Microsoft.Network/networkInterfaces"},{"name":"jlvmwin1184","id":"/subscriptions/0b1f6471-1bf0-4dda-aec3-cb9272f09590/resourceGroups/jlwvmrg/providers/Microsoft.Network/networkInterfaces/jlvmwin1184","etag":"W/\"4956cf64-1c70-455b-901b-0dff5cc9c013\"","location":"southeastasia","properties":{"provisioningState":"Succeeded","resourceGuid":"9f67d029-e4a2-4011-a328-6fc7b3bad722","ipConfigurations":[{"name":"ipconfig1","id":"/subscriptions/0b1f6471-1bf0-4dda-aec3-cb9272f09590/resourceGroups/jlwvmrg/providers/Microsoft.Network/networkInterfaces/jlvmwin1184/ipConfigurations/ipconfig1","etag":"W/\"4956cf64-1c70-455b-901b-0dff5cc9c013\"","type":"Microsoft.Network/networkInterfaces/ipConfigurations","properties":{"provisioningState":"Succeeded","privateIPAddress":"10.2.5.4","privateIPAllocationMethod":"Dynamic","publicIPAddress":{"id":"/subscriptions/0b1f6471-1bf0-4dda-aec3-cb9272f09590/resourceGroups/jlwvmrg/providers/Microsoft.Network/publicIPAddresses/jlvmwin1-ip"},"subnet":{"id":"/subscriptions/0b1f6471-1bf0-4dda-aec3-cb9272f09590/resourceGroups/jlwvmrg/providers/Microsoft.Network/virtualNetworks/jlwvmrg-vnet/subnets/default"},"primary":true,"privateIPAddressVersion":"IPv4"}}],"dnsSettings":{"dnsServers":[],"appliedDnsServers":[]},"macAddress":"00-0D-3A-08-79-79","enableAcceleratedNetworking":false,"enableIPForwarding":false,"networkSecurityGroup":{"id":"/subscriptions/0b1f6471-1bf0-4dda-aec3-cb9272f09590/resourceGroups/jlwvmrg/providers/Microsoft.Network/networkSecurityGroups/jlvmwin1-nsg"},"primary":true,"virtualMachine":{"id":"/subscriptions/0b1f6471-1bf0-4dda-aec3-cb9272f09590/resourceGroups/jlwvmrg/providers/Microsoft.Compute/virtualMachines/jlvmwin1"},"hostedWorkloads":[],"tapConfigurations":[]},"type":"Microsoft.Network/networkInterfaces"},{"name":"yugangw-vm1VMNic","id":"/subscriptions/0b1f6471-1bf0-4dda-aec3-cb9272f09590/resourceGroups/yugangw/providers/Microsoft.Network/networkInterfaces/yugangw-vm1VMNic","etag":"W/\"7ed2155b-9ea7-4176-befc-277615b3bfa4\"","location":"southeastasia","tags":{},"properties":{"provisioningState":"Succeeded","resourceGuid":"1f70ad5c-0ecb-46ed-836c-bb0a8797bb0a","ipConfigurations":[{"name":"ipconfigyugangw-vm1","id":"/subscriptions/0b1f6471-1bf0-4dda-aec3-cb9272f09590/resourceGroups/yugangw/providers/Microsoft.Network/networkInterfaces/yugangw-vm1VMNic/ipConfigurations/ipconfigyugangw-vm1","etag":"W/\"7ed2155b-9ea7-4176-befc-277615b3bfa4\"","type":"Microsoft.Network/networkInterfaces/ipConfigurations","properties":{"provisioningState":"Succeeded","privateIPAddress":"10.0.0.4","privateIPAllocationMethod":"Dynamic","publicIPAddress":{"id":"/subscriptions/0b1f6471-1bf0-4dda-aec3-cb9272f09590/resourceGroups/yugangw/providers/Microsoft.Network/publicIPAddresses/yugangw-vm1PublicIP"},"subnet":{"id":"/subscriptions/0b1f6471-1bf0-4dda-aec3-cb9272f09590/resourceGroups/yugangw/providers/Microsoft.Network/virtualNetworks/yugangw-vm1VNET/subnets/yugangw-vm1Subnet"},"primary":true,"privateIPAddressVersion":"IPv4"}}],"dnsSettings":{"dnsServers":[],"appliedDnsServers":[]},"macAddress":"00-0D-3A-A2-04-2D","enableAcceleratedNetworking":false,"enableIPForwarding":false,"networkSecurityGroup":{"id":"/subscriptions/0b1f6471-1bf0-4dda-aec3-cb9272f09590/resourceGroups/yugangw/providers/Microsoft.Network/networkSecurityGroups/yugangw-vm1NSG"},"hostedWorkloads":[],"tapConfigurations":[]},"type":"Microsoft.Network/networkInterfaces"},{"name":"zuhwin154","id":"/subscriptions/0b1f6471-1bf0-4dda-aec3-cb9272f09590/resourceGroups/zuh/providers/Microsoft.Network/networkInterfaces/zuhwin154","etag":"W/\"79c969e0-afe1-421c-a30e-20ef3c57eee1\"","location":"southeastasia","properties":{"provisioningState":"Succeeded","resourceGuid":"9bd34bc5-6f44-4e98-89bd-ea08f8095294","ipConfigurations":[{"name":"ipconfig1","id":"/subscriptions/0b1f6471-1bf0-4dda-aec3-cb9272f09590/resourceGroups/zuh/providers/Microsoft.Network/networkInterfaces/zuhwin154/ipConfigurations/ipconfig1","etag":"W/\"79c969e0-afe1-421c-a30e-20ef3c57eee1\"","type":"Microsoft.Network/networkInterfaces/ipConfigurations","properties":{"provisioningState":"Succeeded","privateIPAddress":"10.2.1.4","privateIPAllocationMethod":"Dynamic","publicIPAddress":{"id":"/subscriptions/0b1f6471-1bf0-4dda-aec3-cb9272f09590/resourceGroups/zuh/providers/Microsoft.Network/publicIPAddresses/zuhWin-ip"},"subnet":{"id":"/subscriptions/0b1f6471-1bf0-4dda-aec3-cb9272f09590/resourceGroups/zuh/providers/Microsoft.Network/virtualNetworks/zuhvnet584/subnets/default"},"primary":true,"privateIPAddressVersion":"IPv4"}}],"dnsSettings":{"dnsServers":[],"appliedDnsServers":[]},"macAddress":"00-0D-3A-A2-9B-01","enableAcceleratedNetworking":false,"enableIPForwarding":false,"networkSecurityGroup":{"id":"/subscriptions/0b1f6471-1bf0-4dda-aec3-cb9272f09590/resourceGroups/zuh/providers/Microsoft.Network/networkSecurityGroups/zuhWin-nsg"},"primary":true,"virtualMachine":{"id":"/subscriptions/0b1f6471-1bf0-4dda-aec3-cb9272f09590/resourceGroups/zuh/providers/Microsoft.Compute/virtualMachines/zuhWin"},"hostedWorkloads":[],"tapConfigurations":[]},"type":"Microsoft.Network/networkInterfaces"},{"name":"monitorVmVMNic","id":"/subscriptions/0b1f6471-1bf0-4dda-aec3-cb9272f09590/resourceGroups/0926monitor/providers/Microsoft.Network/networkInterfaces/monitorVmVMNic","etag":"W/\"5b62d30f-7673-4805-abe3-466a32568895\"","location":"centralus","tags":{},"properties":{"provisioningState":"Succeeded","resourceGuid":"8d2dc543-ad57-44ad-b1fd-f2299bde4fc6","ipConfigurations":[{"name":"ipconfigmonitorVm","id":"/subscriptions/0b1f6471-1bf0-4dda-aec3-cb9272f09590/resourceGroups/0926monitor/providers/Microsoft.Network/networkInterfaces/monitorVmVMNic/ipConfigurations/ipconfigmonitorVm","etag":"W/\"5b62d30f-7673-4805-abe3-466a32568895\"","type":"Microsoft.Network/networkInterfaces/ipConfigurations","properties":{"provisioningState":"Succeeded","privateIPAddress":"10.0.0.5","privateIPAllocationMethod":"Dynamic","publicIPAddress":{"id":"/subscriptions/0b1f6471-1bf0-4dda-aec3-cb9272f09590/resourceGroups/0926monitor/providers/Microsoft.Network/publicIPAddresses/monitorVmPublicIP"},"subnet":{"id":"/subscriptions/0b1f6471-1bf0-4dda-aec3-cb9272f09590/resourceGroups/0926monitor/providers/Microsoft.Network/virtualNetworks/monitor_vmVNET/subnets/monitor_vmSubnet"},"primary":true,"privateIPAddressVersion":"IPv4"}}],"dnsSettings":{"dnsServers":[],"appliedDnsServers":[],"internalDomainNameSuffix":"4fhvqi2mm3me1jxq1dnn3vcs5f.gx.internal.cloudapp.net"},"macAddress":"00-0D-3A-91-D3-A4","enableAcceleratedNetworking":false,"enableIPForwarding":false,"networkSecurityGroup":{"id":"/subscriptions/0b1f6471-1bf0-4dda-aec3-cb9272f09590/resourceGroups/0926monitor/providers/Microsoft.Network/networkSecurityGroups/monitorVmNSG"},"primary":true,"virtualMachine":{"id":"/subscriptions/0b1f6471-1bf0-4dda-aec3-cb9272f09590/resourceGroups/0926monitor/providers/Microsoft.Compute/virtualMachines/monitorVm"},"hostedWorkloads":[],"tapConfigurations":[]},"type":"Microsoft.Network/networkInterfaces"},{"name":"monitor_vmVMNic","id":"/subscriptions/0b1f6471-1bf0-4dda-aec3-cb9272f09590/resourceGroups/0926monitor/providers/Microsoft.Network/networkInterfaces/monitor_vmVMNic","etag":"W/\"8f4987aa-57dd-4d46-9800-7e25d316699d\"","location":"centralus","tags":{},"properties":{"provisioningState":"Succeeded","resourceGuid":"8e55ce1d-1a81-435e-8a98-f8ed5e08e92e","ipConfigurations":[{"name":"ipconfigmonitor_vm","id":"/subscriptions/0b1f6471-1bf0-4dda-aec3-cb9272f09590/resourceGroups/0926monitor/providers/Microsoft.Network/networkInterfaces/monitor_vmVMNic/ipConfigurations/ipconfigmonitor_vm","etag":"W/\"8f4987aa-57dd-4d46-9800-7e25d316699d\"","type":"Microsoft.Network/networkInterfaces/ipConfigurations","properties":{"provisioningState":"Succeeded","privateIPAddress":"10.0.0.4","privateIPAllocationMethod":"Dynamic","publicIPAddress":{"id":"/subscriptions/0b1f6471-1bf0-4dda-aec3-cb9272f09590/resourceGroups/0926monitor/providers/Microsoft.Network/publicIPAddresses/monitor_vmPublicIP"},"subnet":{"id":"/subscriptions/0b1f6471-1bf0-4dda-aec3-cb9272f09590/resourceGroups/0926monitor/providers/Microsoft.Network/virtualNetworks/monitor_vmVNET/subnets/monitor_vmSubnet"},"primary":true,"privateIPAddressVersion":"IPv4"}}],"dnsSettings":{"dnsServers":[],"appliedDnsServers":[],"internalDomainNameSuffix":"4fhvqi2mm3me1jxq1dnn3vcs5f.gx.internal.cloudapp.net"},"enableAcceleratedNetworking":false,"enableIPForwarding":false,"networkSecurityGroup":{"id":"/subscriptions/0b1f6471-1bf0-4dda-aec3-cb9272f09590/resourceGroups/0926monitor/providers/Microsoft.Network/networkSecurityGroups/monitor_vmNSG"},"hostedWorkloads":[],"tapConfigurations":[]},"type":"Microsoft.Network/networkInterfaces"},{"name":"lks1.nic.7f9003f5-5e86-42b9-9979-80a9797cf484","id":"/subscriptions/0b1f6471-1bf0-4dda-aec3-cb9272f09590/resourceGroups/0927pe/providers/Microsoft.Network/networkInterfaces/lks1.nic.7f9003f5-5e86-42b9-9979-80a9797cf484","etag":"W/\"e003152b-5900-4cec-b700-e07f88af632d\"","properties":{"provisioningState":"Succeeded","resourceGuid":"b6a42b0e-dd0e-47f2-bd46-5e345ca749fc","ipConfigurations":[{"name":"lks1_ipconfig_0","id":"/subscriptions/0b1f6471-1bf0-4dda-aec3-cb9272f09590/resourceGroups/0927pe/providers/Microsoft.Network/networkInterfaces/lks1.nic.7f9003f5-5e86-42b9-9979-80a9797cf484/ipConfigurations/lks1_ipconfig_0","etag":"W/\"e003152b-5900-4cec-b700-e07f88af632d\"","type":"Microsoft.Network/networkInterfaces/ipConfigurations","properties":{"provisioningState":"Succeeded","privateIPAddress":"10.0.0.4","privateIPAllocationMethod":"Dynamic","subnet":{"id":"/subscriptions/0b1f6471-1bf0-4dda-aec3-cb9272f09590/resourceGroups/0927pe/providers/Microsoft.Network/virtualNetworks/vnet1/subnets/subnet1"},"primary":true,"privateIPAddressVersion":"IPv4"}}],"dnsSettings":{"dnsServers":[],"appliedDnsServers":[],"internalDomainNameSuffix":"qoy2lv2czybuhevorvq0mrpqrc.gx.internal.cloudapp.net"},"macAddress":"","enableAcceleratedNetworking":false,"enableIPForwarding":false,"hostedWorkloads":[],"tapConfigurations":[],"privateLinkService":{"id":"/subscriptions/0b1f6471-1bf0-4dda-aec3-cb9272f09590/resourceGroups/0927pe/providers/Microsoft.Network/privateLinkServices/lks1"}},"type":"Microsoft.Network/networkInterfaces"},{"name":"pe1.nic.42302fcd-0ffa-4e8d-8094-9f06c8639a3e","id":"/subscriptions/0b1f6471-1bf0-4dda-aec3-cb9272f09590/resourceGroups/0927pe/providers/Microsoft.Network/networkInterfaces/pe1.nic.42302fcd-0ffa-4e8d-8094-9f06c8639a3e","etag":"W/\"3b8ae29d-153d-4dcd-9a17-d846b50a8121\"","properties":{"provisioningState":"Succeeded","resourceGuid":"c2ada8e6-a192-4d0c-a07d-452a851fe03f","ipConfigurations":[{"name":"privateEndpointIpConfig","id":"/subscriptions/0b1f6471-1bf0-4dda-aec3-cb9272f09590/resourceGroups/0927pe/providers/Microsoft.Network/networkInterfaces/pe1.nic.42302fcd-0ffa-4e8d-8094-9f06c8639a3e/ipConfigurations/privateEndpointIpConfig","etag":"W/\"3b8ae29d-153d-4dcd-9a17-d846b50a8121\"","type":"Microsoft.Network/networkInterfaces/ipConfigurations","properties":{"provisioningState":"Succeeded","privateIPAddress":"10.0.2.4","privateIPAllocationMethod":"Dynamic","subnet":{"id":"/subscriptions/0b1f6471-1bf0-4dda-aec3-cb9272f09590/resourceGroups/0927pe/providers/Microsoft.Network/virtualNetworks/vnet1/subnets/subnet2"},"primary":true,"privateIPAddressVersion":"IPv4","privateLinkConnectionProperties":{"groupId":"","requiredMemberName":"","fqdns":[]}}}],"dnsSettings":{"dnsServers":[],"appliedDnsServers":[],"internalDomainNameSuffix":"qoy2lv2czybuhevorvq0mrpqrc.gx.internal.cloudapp.net"},"macAddress":"","enableAcceleratedNetworking":false,"enableIPForwarding":false,"hostedWorkloads":[],"tapConfigurations":[],"privateEndpoint":{"id":"/subscriptions/0b1f6471-1bf0-4dda-aec3-cb9272f09590/resourceGroups/0927pe/providers/Microsoft.Network/privateEndpoints/pe1"}},"type":"Microsoft.Network/networkInterfaces"},{"name":"lks1.nic.65156728-e757-4204-9c0e-c3abd60fa974","id":"/subscriptions/0b1f6471-1bf0-4dda-aec3-cb9272f09590/resourceGroups/cli_test_network_private_endpoints5g6w2vswk3ajqexqwta4in3ictwrqwgvneqw3hbnp/providers/Microsoft.Network/networkInterfaces/lks1.nic.65156728-e757-4204-9c0e-c3abd60fa974","etag":"W/\"0f36e17d-77bb-4cbe-848b-3fc65c9cf921\"","properties":{"provisioningState":"Succeeded","resourceGuid":"a1874aa2-add3-4f3b-8af8-9727a37574fd","ipConfigurations":[{"name":"lks1_ipconfig_0","id":"/subscriptions/0b1f6471-1bf0-4dda-aec3-cb9272f09590/resourceGroups/cli_test_network_private_endpoints5g6w2vswk3ajqexqwta4in3ictwrqwgvneqw3hbnp/providers/Microsoft.Network/networkInterfaces/lks1.nic.65156728-e757-4204-9c0e-c3abd60fa974/ipConfigurations/lks1_ipconfig_0","etag":"W/\"0f36e17d-77bb-4cbe-848b-3fc65c9cf921\"","type":"Microsoft.Network/networkInterfaces/ipConfigurations","properties":{"provisioningState":"Succeeded","privateIPAddress":"10.0.0.4","privateIPAllocationMethod":"Dynamic","subnet":{"id":"/subscriptions/0b1f6471-1bf0-4dda-aec3-cb9272f09590/resourceGroups/cli_test_network_private_endpoints5g6w2vswk3ajqexqwta4in3ictwrqwgvneqw3hbnp/providers/Microsoft.Network/virtualNetworks/vnet1/subnets/subnet1"},"primary":true,"privateIPAddressVersion":"IPv4"}}],"dnsSettings":{"dnsServers":[],"appliedDnsServers":[],"internalDomainNameSuffix":"ffyoygas1pfednmfan2yw1p5ed.gx.internal.cloudapp.net"},"macAddress":"","enableAcceleratedNetworking":false,"enableIPForwarding":false,"hostedWorkloads":[],"tapConfigurations":[],"privateLinkService":{"id":"/subscriptions/0b1f6471-1bf0-4dda-aec3-cb9272f09590/resourceGroups/cli_test_network_private_endpoints5g6w2vswk3ajqexqwta4in3ictwrqwgvneqw3hbnp/providers/Microsoft.Network/privateLinkServices/lks1"}},"type":"Microsoft.Network/networkInterfaces"},{"name":"lks1.nic.e277358c-ae81-4320-a600-be2f5fb9f560","id":"/subscriptions/0b1f6471-1bf0-4dda-aec3-cb9272f09590/resourceGroups/cli_test_network_private_endpointsqawqdio7cezk226lz5eelqsfc6t2obtqrxkq6l7t3/providers/Microsoft.Network/networkInterfaces/lks1.nic.e277358c-ae81-4320-a600-be2f5fb9f560","etag":"W/\"274884cd-63b9-475d-9b40-a96541974314\"","properties":{"provisioningState":"Succeeded","resourceGuid":"02e93bc6-152c-4de0-8658-84023b366bc2","ipConfigurations":[{"name":"lks1_ipconfig_0","id":"/subscriptions/0b1f6471-1bf0-4dda-aec3-cb9272f09590/resourceGroups/cli_test_network_private_endpointsqawqdio7cezk226lz5eelqsfc6t2obtqrxkq6l7t3/providers/Microsoft.Network/networkInterfaces/lks1.nic.e277358c-ae81-4320-a600-be2f5fb9f560/ipConfigurations/lks1_ipconfig_0","etag":"W/\"274884cd-63b9-475d-9b40-a96541974314\"","type":"Microsoft.Network/networkInterfaces/ipConfigurations","properties":{"provisioningState":"Succeeded","privateIPAddress":"10.0.0.4","privateIPAllocationMethod":"Dynamic","subnet":{"id":"/subscriptions/0b1f6471-1bf0-4dda-aec3-cb9272f09590/resourceGroups/cli_test_network_private_endpointsqawqdio7cezk226lz5eelqsfc6t2obtqrxkq6l7t3/providers/Microsoft.Network/virtualNetworks/vnet1/subnets/subnet1"},"primary":true,"privateIPAddressVersion":"IPv4"}}],"dnsSettings":{"dnsServers":[],"appliedDnsServers":[],"internalDomainNameSuffix":"mj1joqilki1ergis05rt2xf4vb.gx.internal.cloudapp.net"},"macAddress":"","enableAcceleratedNetworking":false,"enableIPForwarding":false,"hostedWorkloads":[],"tapConfigurations":[],"privateLinkService":{"id":"/subscriptions/0b1f6471-1bf0-4dda-aec3-cb9272f09590/resourceGroups/cli_test_network_private_endpointsqawqdio7cezk226lz5eelqsfc6t2obtqrxkq6l7t3/providers/Microsoft.Network/privateLinkServices/lks1"}},"type":"Microsoft.Network/networkInterfaces"},{"name":"pe1.nic.44995400-c039-4ef7-b5cd-9fcf4f8e4403","id":"/subscriptions/0b1f6471-1bf0-4dda-aec3-cb9272f09590/resourceGroups/cli_test_network_private_endpointsqawqdio7cezk226lz5eelqsfc6t2obtqrxkq6l7t3/providers/Microsoft.Network/networkInterfaces/pe1.nic.44995400-c039-4ef7-b5cd-9fcf4f8e4403","etag":"W/\"a955ca2e-90fe-44fe-95c3-edd3280f4a8d\"","properties":{"provisioningState":"Succeeded","resourceGuid":"72552cb0-6632-4dba-b571-b20a4ca58f0c","ipConfigurations":[{"name":"privateEndpointIpConfig","id":"/subscriptions/0b1f6471-1bf0-4dda-aec3-cb9272f09590/resourceGroups/cli_test_network_private_endpointsqawqdio7cezk226lz5eelqsfc6t2obtqrxkq6l7t3/providers/Microsoft.Network/networkInterfaces/pe1.nic.44995400-c039-4ef7-b5cd-9fcf4f8e4403/ipConfigurations/privateEndpointIpConfig","etag":"W/\"a955ca2e-90fe-44fe-95c3-edd3280f4a8d\"","type":"Microsoft.Network/networkInterfaces/ipConfigurations","properties":{"provisioningState":"Succeeded","privateIPAddress":"10.0.2.4","privateIPAllocationMethod":"Dynamic","subnet":{"id":"/subscriptions/0b1f6471-1bf0-4dda-aec3-cb9272f09590/resourceGroups/cli_test_network_private_endpointsqawqdio7cezk226lz5eelqsfc6t2obtqrxkq6l7t3/providers/Microsoft.Network/virtualNetworks/vnet1/subnets/subnet2"},"primary":true,"privateIPAddressVersion":"IPv4","privateLinkConnectionProperties":{"groupId":"","requiredMemberName":"","fqdns":[]}}}],"dnsSettings":{"dnsServers":[],"appliedDnsServers":[],"internalDomainNameSuffix":"mj1joqilki1ergis05rt2xf4vb.gx.internal.cloudapp.net"},"macAddress":"","enableAcceleratedNetworking":false,"enableIPForwarding":false,"hostedWorkloads":[],"tapConfigurations":[],"privateEndpoint":{"id":"/subscriptions/0b1f6471-1bf0-4dda-aec3-cb9272f09590/resourceGroups/cli_test_network_private_endpointsqawqdio7cezk226lz5eelqsfc6t2obtqrxkq6l7t3/providers/Microsoft.Network/privateEndpoints/pe1"}},"type":"Microsoft.Network/networkInterfaces"},{"name":"sdfsdfsdf.nic.483f3d12-3ba8-4789-92dd-b7ed9c4d43db","id":"/subscriptions/0b1f6471-1bf0-4dda-aec3-cb9272f09590/resourceGroups/fanqiu-test/providers/Microsoft.Network/networkInterfaces/sdfsdfsdf.nic.483f3d12-3ba8-4789-92dd-b7ed9c4d43db","etag":"W/\"3bbee30b-95f7-405e-8381-1d9abf9b4c0a\"","location":"centralus","properties":{"provisioningState":"Succeeded","resourceGuid":"724714f7-43b7-4ffc-998f-9c65823ba090","ipConfigurations":[{"name":"sdfsdfsdf_ipconfig_0","id":"/subscriptions/0b1f6471-1bf0-4dda-aec3-cb9272f09590/resourceGroups/fanqiu-test/providers/Microsoft.Network/networkInterfaces/sdfsdfsdf.nic.483f3d12-3ba8-4789-92dd-b7ed9c4d43db/ipConfigurations/sdfsdfsdf_ipconfig_0","etag":"W/\"3bbee30b-95f7-405e-8381-1d9abf9b4c0a\"","type":"Microsoft.Network/networkInterfaces/ipConfigurations","properties":{"provisioningState":"Succeeded","privateIPAddress":"10.1.0.4","privateIPAllocationMethod":"Dynamic","subnet":{"id":"/subscriptions/0b1f6471-1bf0-4dda-aec3-cb9272f09590/resourceGroups/fanqiu-test/providers/Microsoft.Network/virtualNetworks/vnettest/subnets/default"},"primary":true,"privateIPAddressVersion":"IPv4"}}],"dnsSettings":{"dnsServers":[],"appliedDnsServers":[],"internalDomainNameSuffix":"xqkjibutxwqupf1ofzivpcrmoc.gx.internal.cloudapp.net"},"macAddress":"","enableAcceleratedNetworking":false,"enableIPForwarding":false,"hostedWorkloads":[],"tapConfigurations":[],"privateLinkService":{"id":"/subscriptions/0b1f6471-1bf0-4dda-aec3-cb9272f09590/resourceGroups/fanqiu-test/providers/Microsoft.Network/privateLinkServices/sdfsdfsdf"}},"type":"Microsoft.Network/networkInterfaces"},{"name":"zuhcentos285","id":"/subscriptions/0b1f6471-1bf0-4dda-aec3-cb9272f09590/resourceGroups/zuh/providers/Microsoft.Network/networkInterfaces/zuhcentos285","etag":"W/\"624add92-0972-43f9-acc0-940c129b40c2\"","location":"centralus","properties":{"provisioningState":"Succeeded","resourceGuid":"68322b51-ca64-42a4-9320-d0c1e79be92b","ipConfigurations":[{"name":"ipconfig1","id":"/subscriptions/0b1f6471-1bf0-4dda-aec3-cb9272f09590/resourceGroups/zuh/providers/Microsoft.Network/networkInterfaces/zuhcentos285/ipConfigurations/ipconfig1","etag":"W/\"624add92-0972-43f9-acc0-940c129b40c2\"","type":"Microsoft.Network/networkInterfaces/ipConfigurations","properties":{"provisioningState":"Succeeded","privateIPAddress":"10.2.3.4","privateIPAllocationMethod":"Dynamic","publicIPAddress":{"id":"/subscriptions/0b1f6471-1bf0-4dda-aec3-cb9272f09590/resourceGroups/zuh/providers/Microsoft.Network/publicIPAddresses/zuhCentOSip151"},"subnet":{"id":"/subscriptions/0b1f6471-1bf0-4dda-aec3-cb9272f09590/resourceGroups/zuh/providers/Microsoft.Network/virtualNetworks/zuhvnet370/subnets/default"},"primary":true,"privateIPAddressVersion":"IPv4"}}],"dnsSettings":{"dnsServers":[],"appliedDnsServers":[]},"macAddress":"00-0D-3A-92-AF-02","enableAcceleratedNetworking":false,"enableIPForwarding":false,"networkSecurityGroup":{"id":"/subscriptions/0b1f6471-1bf0-4dda-aec3-cb9272f09590/resourceGroups/zuh/providers/Microsoft.Network/networkSecurityGroups/zuhCentOSnsg814"},"hostedWorkloads":[],"tapConfigurations":[]},"type":"Microsoft.Network/networkInterfaces"},{"name":"zuhwindows2016246","id":"/subscriptions/0b1f6471-1bf0-4dda-aec3-cb9272f09590/resourceGroups/zuh/providers/Microsoft.Network/networkInterfaces/zuhwindows2016246","etag":"W/\"0fccc225-356c-4ac3-9b19-3655145b924c\"","location":"centralus","properties":{"provisioningState":"Succeeded","resourceGuid":"889673be-6ac0-44ce-b815-9b68d2bc8268","ipConfigurations":[{"name":"ipconfig1","id":"/subscriptions/0b1f6471-1bf0-4dda-aec3-cb9272f09590/resourceGroups/zuh/providers/Microsoft.Network/networkInterfaces/zuhwindows2016246/ipConfigurations/ipconfig1","etag":"W/\"0fccc225-356c-4ac3-9b19-3655145b924c\"","type":"Microsoft.Network/networkInterfaces/ipConfigurations","properties":{"provisioningState":"Succeeded","privateIPAddress":"10.2.3.5","privateIPAllocationMethod":"Dynamic","publicIPAddress":{"id":"/subscriptions/0b1f6471-1bf0-4dda-aec3-cb9272f09590/resourceGroups/zuh/providers/Microsoft.Network/publicIPAddresses/zuhWindows2016-ip"},"subnet":{"id":"/subscriptions/0b1f6471-1bf0-4dda-aec3-cb9272f09590/resourceGroups/zuh/providers/Microsoft.Network/virtualNetworks/zuhvnet370/subnets/default"},"primary":true,"privateIPAddressVersion":"IPv4"}}],"dnsSettings":{"dnsServers":[],"appliedDnsServers":[]},"macAddress":"00-0D-3A-96-A2-2A","enableAcceleratedNetworking":false,"enableIPForwarding":false,"networkSecurityGroup":{"id":"/subscriptions/0b1f6471-1bf0-4dda-aec3-cb9272f09590/resourceGroups/zuh/providers/Microsoft.Network/networkSecurityGroups/zuhWindows2016-nsg"},"hostedWorkloads":[],"tapConfigurations":[]},"type":"Microsoft.Network/networkInterfaces"},{"name":"fooziipy98","id":"/subscriptions/0b1f6471-1bf0-4dda-aec3-cb9272f09590/resourceGroups/fooziipy98/providers/Microsoft.Network/networkInterfaces/fooziipy98","etag":"W/\"8d14e003-dc6f-4ea2-b58e-5af4cb19f8d1\"","location":"eastus2","properties":{"provisioningState":"Succeeded","resourceGuid":"eb3d07ad-0fb9-4c18-8754-cd996f1d6553","ipConfigurations":[{"name":"fooziipy98","id":"/subscriptions/0b1f6471-1bf0-4dda-aec3-cb9272f09590/resourceGroups/fooziipy98/providers/Microsoft.Network/networkInterfaces/fooziipy98/ipConfigurations/fooziipy98","etag":"W/\"8d14e003-dc6f-4ea2-b58e-5af4cb19f8d1\"","type":"Microsoft.Network/networkInterfaces/ipConfigurations","properties":{"provisioningState":"Succeeded","privateIPAddress":"192.168.1.4","privateIPAllocationMethod":"Dynamic","publicIPAddress":{"id":"/subscriptions/0b1f6471-1bf0-4dda-aec3-cb9272f09590/resourceGroups/fooziipy98/providers/Microsoft.Network/publicIPAddresses/fooziipy98"},"subnet":{"id":"/subscriptions/0b1f6471-1bf0-4dda-aec3-cb9272f09590/resourceGroups/fooziipy98/providers/Microsoft.Network/virtualNetworks/fooziipy98/subnets/fooziipy98"},"primary":true,"privateIPAddressVersion":"IPv4"}}],"dnsSettings":{"dnsServers":[],"appliedDnsServers":[]},"macAddress":"00-0D-3A-02-48-1D","enableAcceleratedNetworking":false,"enableIPForwarding":false,"networkSecurityGroup":{"id":"/subscriptions/0b1f6471-1bf0-4dda-aec3-cb9272f09590/resourceGroups/fooziipy98/providers/Microsoft.Network/networkSecurityGroups/fooziipy98"},"primary":true,"virtualMachine":{"id":"/subscriptions/0b1f6471-1bf0-4dda-aec3-cb9272f09590/resourceGroups/fooziipy98/providers/Microsoft.Compute/virtualMachines/fooziipy98"},"hostedWorkloads":[],"tapConfigurations":[]},"type":"Microsoft.Network/networkInterfaces"},{"name":"fooziipy99","id":"/subscriptions/0b1f6471-1bf0-4dda-aec3-cb9272f09590/resourceGroups/fooziipy99/providers/Microsoft.Network/networkInterfaces/fooziipy99","etag":"W/\"c20678a2-9c37-41d3-9fdb-d4a014a85d0d\"","location":"eastus2","properties":{"provisioningState":"Succeeded","resourceGuid":"0b41838c-3baa-45aa-bfc1-7bfdfefed133","ipConfigurations":[{"name":"fooziipy99","id":"/subscriptions/0b1f6471-1bf0-4dda-aec3-cb9272f09590/resourceGroups/fooziipy99/providers/Microsoft.Network/networkInterfaces/fooziipy99/ipConfigurations/fooziipy99","etag":"W/\"c20678a2-9c37-41d3-9fdb-d4a014a85d0d\"","type":"Microsoft.Network/networkInterfaces/ipConfigurations","properties":{"provisioningState":"Succeeded","privateIPAddress":"192.168.1.4","privateIPAllocationMethod":"Dynamic","publicIPAddress":{"id":"/subscriptions/0b1f6471-1bf0-4dda-aec3-cb9272f09590/resourceGroups/fooziipy99/providers/Microsoft.Network/publicIPAddresses/fooziipy99"},"subnet":{"id":"/subscriptions/0b1f6471-1bf0-4dda-aec3-cb9272f09590/resourceGroups/fooziipy99/providers/Microsoft.Network/virtualNetworks/fooziipy99/subnets/fooziipy99"},"primary":true,"privateIPAddressVersion":"IPv4"}}],"dnsSettings":{"dnsServers":[],"appliedDnsServers":[]},"macAddress":"00-0D-3A-02-C5-15","enableAcceleratedNetworking":false,"enableIPForwarding":false,"networkSecurityGroup":{"id":"/subscriptions/0b1f6471-1bf0-4dda-aec3-cb9272f09590/resourceGroups/fooziipy99/providers/Microsoft.Network/networkSecurityGroups/fooziipy99"},"primary":true,"virtualMachine":{"id":"/subscriptions/0b1f6471-1bf0-4dda-aec3-cb9272f09590/resourceGroups/fooziipy99/providers/Microsoft.Compute/virtualMachines/fooziipy99"},"hostedWorkloads":[],"tapConfigurations":[]},"type":"Microsoft.Network/networkInterfaces"},{"name":"anf-sdk-vnet-nic-VLB5RZ","id":"/subscriptions/0b1f6471-1bf0-4dda-aec3-cb9272f09590/resourceGroups/sdk-wus2-rg-test/providers/Microsoft.Network/networkInterfaces/anf-sdk-vnet-nic-VLB5RZ","etag":"W/\"a4268957-31af-497a-8856-8d01bdafff95\"","location":"westus2","properties":{"provisioningState":"Succeeded","resourceGuid":"22a0f747-010a-4888-a399-437e428797e3","ipConfigurations":[{"name":"ipconfig1","id":"/subscriptions/0b1f6471-1bf0-4dda-aec3-cb9272f09590/resourceGroups/sdk-wus2-rg-test/providers/Microsoft.Network/networkInterfaces/anf-sdk-vnet-nic-VLB5RZ/ipConfigurations/ipconfig1","etag":"W/\"a4268957-31af-497a-8856-8d01bdafff95\"","type":"Microsoft.Network/networkInterfaces/ipConfigurations","properties":{"provisioningState":"Succeeded","privateIPAddress":"10.6.0.4","privateIPAllocationMethod":"Dynamic","subnet":{"id":"/subscriptions/0b1f6471-1bf0-4dda-aec3-cb9272f09590/resourceGroups/sdk-wus2-rg-test/providers/Microsoft.Network/virtualNetworks/sdk-vnet/subnets/default"},"primary":true,"privateIPAddressVersion":"IPv4"}}],"dnsSettings":{"dnsServers":[],"appliedDnsServers":[],"internalDomainNameSuffix":"mouto3xzohwuvec1rqhuv1kfxb.xx.internal.cloudapp.net"},"macAddress":"","enableAcceleratedNetworking":false,"enableIPForwarding":false,"linkedResourceType":"Microsoft.Netapp/volumes","primary":true,"hostedWorkloads":["/subscriptions/0b1f6471-1bf0-4dda-aec3-cb9272f09590/resourceGroups/sdk-wus2-rg-test/providers/Microsoft.NetApp/netAppAccounts/sdk-py-tests-acc-1/capacityPools/sdk-py-tests-pool-1/volumes/sdk-py-tests-vol-1"],"tapConfigurations":[]},"type":"Microsoft.Network/networkInterfaces"}]}'
    headers:
      cache-control:
      - no-cache
      content-length:
      - '77150'
      content-type:
      - application/json; charset=utf-8
      date:
      - Tue, 08 Oct 2019 12:03:58 GMT
      expires:
      - '-1'
      pragma:
      - no-cache
      strict-transport-security:
      - max-age=31536000; includeSubDomains
      vary:
      - Accept-Encoding
      x-content-type-options:
      - nosniff
      x-ms-original-request-ids:
      - 0f1b9fb7-10bf-409c-b7b0-59be00b72dd2
      - 1ace6711-ecf5-4352-91cc-205a4df40406
      - 23aa45a8-efb5-465d-b149-7d0511c1e1f6
      - 19eca6a9-cffc-4423-b216-a62860a9314a
      - 0353a3e5-0c70-45be-bbee-9fd18bc6da08
      - 66721a37-a4eb-4c4a-995f-437a6b8f33c8
      - 0b3bfd3e-941e-4bfa-92ab-b3ac9274a95d
    status:
      code: 200
      message: OK
- request:
    body: null
    headers:
      Accept:
      - application/json
      Accept-Encoding:
      - gzip, deflate
      Connection:
      - keep-alive
      Content-Length:
      - '0'
      User-Agent:
      - python/3.6.8 (Linux-4.9.184-linuxkit-x86_64-with-Ubuntu-18.04-bionic) msrest/0.6.8
        msrest_azure/0.4.34 azure-mgmt-network/5.1.0 Azure-SDK-For-Python
      accept-language:
      - en-US
    method: DELETE
    uri: https://management.azure.com/subscriptions/0b1f6471-1bf0-4dda-aec3-cb9272f09590/resourceGroups/test_mgmt_network_test_network_interface_cardb046129e/providers/Microsoft.Network/networkInterfaces/pynicb046129e?api-version=2019-08-01
  response:
    body:
      string: ''
    headers:
      azure-asyncoperation:
      - https://management.azure.com/subscriptions/0b1f6471-1bf0-4dda-aec3-cb9272f09590/providers/Microsoft.Network/locations/westus/operations/98da8f6d-adc9-4de2-b795-3b3c8b56bfef?api-version=2019-08-01
      cache-control:
      - no-cache
      content-length:
      - '0'
      date:
      - Tue, 08 Oct 2019 12:03:58 GMT
      expires:
      - '-1'
      location:
      - https://management.azure.com/subscriptions/0b1f6471-1bf0-4dda-aec3-cb9272f09590/providers/Microsoft.Network/locations/westus/operationResults/98da8f6d-adc9-4de2-b795-3b3c8b56bfef?api-version=2019-08-01
      pragma:
      - no-cache
      server:
      - Microsoft-HTTPAPI/2.0
      - Microsoft-HTTPAPI/2.0
      strict-transport-security:
      - max-age=31536000; includeSubDomains
      x-content-type-options:
      - nosniff
      x-ms-arm-service-request-id:
      - ee2beddb-a3e9-4d5f-996f-237980ac31b3
      x-ms-ratelimit-remaining-subscription-deletes:
      - '14999'
    status:
      code: 202
      message: Accepted
- request:
    body: null
    headers:
      Accept:
      - application/json
      Accept-Encoding:
      - gzip, deflate
      Connection:
      - keep-alive
      User-Agent:
      - python/3.6.8 (Linux-4.9.184-linuxkit-x86_64-with-Ubuntu-18.04-bionic) msrest/0.6.8
        msrest_azure/0.4.34 azure-mgmt-network/5.1.0 Azure-SDK-For-Python
    method: GET
    uri: https://management.azure.com/subscriptions/0b1f6471-1bf0-4dda-aec3-cb9272f09590/providers/Microsoft.Network/locations/westus/operations/98da8f6d-adc9-4de2-b795-3b3c8b56bfef?api-version=2019-08-01
  response:
    body:
      string: "{\r\n  \"status\": \"Succeeded\"\r\n}"
    headers:
      cache-control:
      - no-cache
      content-length:
      - '29'
      content-type:
      - application/json; charset=utf-8
      date:
      - Tue, 08 Oct 2019 12:04:29 GMT
      expires:
      - '-1'
      pragma:
      - no-cache
      server:
      - Microsoft-HTTPAPI/2.0
      - Microsoft-HTTPAPI/2.0
      strict-transport-security:
      - max-age=31536000; includeSubDomains
      transfer-encoding:
      - chunked
      vary:
      - Accept-Encoding
      x-content-type-options:
      - nosniff
      x-ms-arm-service-request-id:
      - 55598a6d-d8ea-46d9-9ee1-ee3699c4f6fd
    status:
      code: 200
      message: OK
version: 1
