interactions:
- request:
    body: '{"location": "WestUs", "properties": {"customRules": [], "managedRules":
      {"managedRuleSets": [{"ruleSetType": "OWASP", "ruleSetVersion": "3.0"}]}}}'
    headers:
      Accept:
      - application/json
      Accept-Encoding:
      - gzip, deflate
      Connection:
      - keep-alive
      Content-Length:
      - '147'
      Content-Type:
      - application/json
      User-Agent:
      - azsdk-python-azure-mgmt-network/11.0.0 Python/3.6.9 (Linux-4.9.184-linuxkit-x86_64-with-Ubuntu-18.04-bionic)
    method: PUT
    uri: https://management.azure.com/subscriptions/00000000-0000-0000-0000-000000000000/resourceGroups/rgname/providers/Microsoft.Network/ApplicationGatewayWebApplicationFirewallPolicies/myPolicy?api-version=2020-04-01
  response:
    body:
      string: "{\r\n  \"name\": \"myPolicy\",\r\n  \"id\": \"/subscriptions/00000000-0000-0000-0000-000000000000/resourceGroups/rgname/providers/Microsoft.Network/ApplicationGatewayWebApplicationFirewallPolicies/myPolicy\"\
        ,\r\n  \"etag\": \"W/\\\"ca343d99-06a8-4fd8-9a5a-f66554d276b1\\\"\",\r\n \
        \ \"type\": \"Microsoft.Network/ApplicationGatewayWebApplicationFirewallPolicies\"\
        ,\r\n  \"location\": \"westus\",\r\n  \"properties\": {\r\n    \"provisioningState\"\
        : \"Updating\",\r\n    \"customRules\": [],\r\n    \"policySettings\": {\r\
        \n      \"requestBodyCheck\": true,\r\n      \"maxRequestBodySizeInKb\": 128,\r\
        \n      \"fileUploadLimitInMb\": 100,\r\n      \"state\": \"Disabled\",\r\n\
        \      \"mode\": \"Detection\"\r\n    },\r\n    \"managedRules\": {\r\n  \
        \    \"managedRuleSets\": [\r\n        {\r\n          \"ruleSetType\": \"\
        OWASP\",\r\n          \"ruleSetVersion\": \"3.0\",\r\n          \"ruleGroupOverrides\"\
        : []\r\n        }\r\n      ],\r\n      \"exclusions\": []\r\n    }\r\n  }\r\
        \n}"
    headers:
      azure-asyncnotification:
      - Enabled
      azure-asyncoperation:
      - https://management.azure.com/subscriptions/00000000-0000-0000-0000-000000000000/providers/Microsoft.Network/locations/westus/operations/3d94592c-1ad4-4592-8ca3-90e9c1719982?api-version=2020-04-01
      cache-control:
      - no-cache
      content-length:
      - '931'
      content-type:
      - application/json; charset=utf-8
      date:
      - Tue, 19 May 2020 04:28:11 GMT
      expires:
      - '-1'
      pragma:
      - no-cache
      server:
      - Microsoft-HTTPAPI/2.0
      - Microsoft-HTTPAPI/2.0
      strict-transport-security:
      - max-age=31536000; includeSubDomains
      x-content-type-options:
      - nosniff
      x-ms-arm-service-request-id:
      - f8cd1a85-0b67-4371-9102-62f962a3dfd2
      x-ms-ratelimit-remaining-subscription-writes:
      - '1199'
    status:
      code: 201
      message: Created
- request:
    body: null
    headers:
      Accept:
      - application/json
      Accept-Encoding:
      - gzip, deflate
      Connection:
      - keep-alive
      User-Agent:
      - azsdk-python-azure-mgmt-network/11.0.0 Python/3.6.9 (Linux-4.9.184-linuxkit-x86_64-with-Ubuntu-18.04-bionic)
    method: GET
    uri: https://management.azure.com/subscriptions/00000000-0000-0000-0000-000000000000/resourceGroups/rgname/providers/Microsoft.Network/ApplicationGatewayWebApplicationFirewallPolicies/myPolicy?api-version=2020-04-01
  response:
    body:
      string: "{\r\n  \"name\": \"myPolicy\",\r\n  \"id\": \"/subscriptions/00000000-0000-0000-0000-000000000000/resourceGroups/rgname/providers/Microsoft.Network/ApplicationGatewayWebApplicationFirewallPolicies/myPolicy\"\
        ,\r\n  \"etag\": \"W/\\\"05e3ca02-9f52-4a31-8006-03b34a03951b\\\"\",\r\n \
        \ \"type\": \"Microsoft.Network/ApplicationGatewayWebApplicationFirewallPolicies\"\
        ,\r\n  \"location\": \"westus\",\r\n  \"properties\": {\r\n    \"provisioningState\"\
        : \"Succeeded\",\r\n    \"customRules\": [],\r\n    \"policySettings\": {\r\
        \n      \"requestBodyCheck\": true,\r\n      \"maxRequestBodySizeInKb\": 128,\r\
        \n      \"fileUploadLimitInMb\": 100,\r\n      \"state\": \"Disabled\",\r\n\
        \      \"mode\": \"Detection\"\r\n    },\r\n    \"managedRules\": {\r\n  \
        \    \"managedRuleSets\": [\r\n        {\r\n          \"ruleSetType\": \"\
        OWASP\",\r\n          \"ruleSetVersion\": \"3.0\",\r\n          \"ruleGroupOverrides\"\
        : []\r\n        }\r\n      ],\r\n      \"exclusions\": []\r\n    }\r\n  }\r\
        \n}"
    headers:
      cache-control:
      - no-cache
      content-length:
      - '932'
      content-type:
      - application/json; charset=utf-8
      date:
      - Tue, 19 May 2020 04:28:12 GMT
      etag:
      - W/"05e3ca02-9f52-4a31-8006-03b34a03951b"
      expires:
      - '-1'
      pragma:
      - no-cache
      server:
      - Microsoft-HTTPAPI/2.0
      - Microsoft-HTTPAPI/2.0
      strict-transport-security:
      - max-age=31536000; includeSubDomains
      transfer-encoding:
      - chunked
      vary:
      - Accept-Encoding
      x-content-type-options:
      - nosniff
      x-ms-arm-service-request-id:
      - a2ca3e2c-d630-4f3e-a9ae-1cf546df88a3
    status:
      code: 200
      message: OK
- request:
    body: null
    headers:
      Accept:
      - '*/*'
      Accept-Encoding:
      - gzip, deflate
      Connection:
      - keep-alive
      Content-Length:
      - '0'
      User-Agent:
      - azsdk-python-azure-mgmt-network/11.0.0 Python/3.6.9 (Linux-4.9.184-linuxkit-x86_64-with-Ubuntu-18.04-bionic)
    method: DELETE
    uri: https://management.azure.com/subscriptions/00000000-0000-0000-0000-000000000000/resourceGroups/rgname/providers/Microsoft.Network/ApplicationGatewayWebApplicationFirewallPolicies/myPolicy?api-version=2020-04-01
  response:
    body:
      string: ''
    headers:
      azure-asyncnotification:
      - Enabled
      azure-asyncoperation:
      - https://management.azure.com/subscriptions/00000000-0000-0000-0000-000000000000/providers/Microsoft.Network/locations/westus/operations/3e4dca1e-2adc-46a6-b4c8-4a9d6ef40434?api-version=2020-04-01
      cache-control:
      - no-cache
      content-length:
      - '0'
      date:
      - Tue, 19 May 2020 04:28:12 GMT
      expires:
      - '-1'
      location:
      - https://management.azure.com/subscriptions/00000000-0000-0000-0000-000000000000/providers/Microsoft.Network/locations/westus/operationResults/3e4dca1e-2adc-46a6-b4c8-4a9d6ef40434?api-version=2020-04-01
      pragma:
      - no-cache
      server:
      - Microsoft-HTTPAPI/2.0
      - Microsoft-HTTPAPI/2.0
      strict-transport-security:
      - max-age=31536000; includeSubDomains
      x-content-type-options:
      - nosniff
      x-ms-arm-service-request-id:
      - 8cab12a8-f5d3-4b59-bebe-a36609c40811
      x-ms-ratelimit-remaining-subscription-deletes:
      - '14999'
    status:
      code: 202
      message: Accepted
- request:
    body: null
    headers:
      Accept:
      - '*/*'
      Accept-Encoding:
      - gzip, deflate
      Connection:
      - keep-alive
      User-Agent:
      - azsdk-python-azure-mgmt-network/11.0.0 Python/3.6.9 (Linux-4.9.184-linuxkit-x86_64-with-Ubuntu-18.04-bionic)
    method: GET
    uri: https://management.azure.com/subscriptions/00000000-0000-0000-0000-000000000000/providers/Microsoft.Network/locations/westus/operations/3e4dca1e-2adc-46a6-b4c8-4a9d6ef40434?api-version=2020-04-01
  response:
    body:
      string: "{\r\n  \"status\": \"Succeeded\"\r\n}"
    headers:
      cache-control:
      - no-cache
      content-length:
      - '29'
      content-type:
      - application/json; charset=utf-8
      date:
      - Tue, 19 May 2020 04:28:23 GMT
      expires:
      - '-1'
      pragma:
      - no-cache
      server:
      - Microsoft-HTTPAPI/2.0
      - Microsoft-HTTPAPI/2.0
      strict-transport-security:
      - max-age=31536000; includeSubDomains
      transfer-encoding:
      - chunked
      vary:
      - Accept-Encoding
      x-content-type-options:
      - nosniff
      x-ms-arm-service-request-id:
      - d19db095-6a5f-485f-be18-ed0a0feb1307
    status:
      code: 200
      message: OK
version: 1
