{
  "Entries": [
    {
      "RequestUri": "https://login.microsoftonline.com/00000000-0000-0000-0000-000000000000/v2.0/.well-known/openid-configuration",
      "RequestMethod": "GET",
      "RequestHeaders": {
        "Accept": "*/*",
        "Accept-Encoding": "gzip, deflate",
        "Connection": "keep-alive",
        "User-Agent": "azsdk-python-identity/1.13.0b2 Python/3.8.15 (Linux-5.15.0-1023-azure-x86_64-with-glibc2.2.5) VSTS_0fb41ef4-5012-48a9-bf39-4ee3de03ee35_build_2384_0"
      },
      "RequestBody": null,
      "StatusCode": 200,
      "ResponseHeaders": {
        "Access-Control-Allow-Methods": "GET, OPTIONS",
        "Access-Control-Allow-Origin": "*",
        "Cache-Control": "max-age=86400, private",
        "Content-Length": "1753",
        "Content-Type": "application/json; charset=utf-8",
        "Date": "Thu, 12 Jan 2023 03:53:10 GMT",
        "P3P": "CP=\u0022DSP CUR OTPi IND OTRi ONL FIN\u0022",
        "Set-Cookie": "[set-cookie;]",
        "Strict-Transport-Security": "max-age=31536000; includeSubDomains",
        "X-Content-Type-Options": "nosniff",
        "x-ms-ests-server": "2.1.14357.8 - NCUS ProdSlices",
        "X-XSS-Protection": "0"
      },
      "ResponseBody": {
        "token_endpoint": "https://login.microsoftonline.com/00000000-0000-0000-0000-000000000000/oauth2/v2.0/token",
        "token_endpoint_auth_methods_supported": [
          "client_secret_post",
          "private_key_jwt",
          "client_secret_basic"
        ],
        "jwks_uri": "https://login.microsoftonline.com/00000000-0000-0000-0000-000000000000/discovery/v2.0/keys",
        "response_modes_supported": [
          "query",
          "fragment",
          "form_post"
        ],
        "subject_types_supported": [
          "pairwise"
        ],
        "id_token_signing_alg_values_supported": [
          "RS256"
        ],
        "response_types_supported": [
          "code",
          "id_token",
          "code id_token",
          "id_token token"
        ],
        "scopes_supported": [
          "openid",
          "profile",
          "email",
          "offline_access"
        ],
        "issuer": "https://login.microsoftonline.com/00000000-0000-0000-0000-000000000000/v2.0",
        "request_uri_parameter_supported": false,
        "userinfo_endpoint": "https://graph.microsoft.com/oidc/userinfo",
        "authorization_endpoint": "https://login.microsoftonline.com/00000000-0000-0000-0000-000000000000/oauth2/v2.0/authorize",
        "device_authorization_endpoint": "https://login.microsoftonline.com/00000000-0000-0000-0000-000000000000/oauth2/v2.0/devicecode",
        "http_logout_supported": true,
        "frontchannel_logout_supported": true,
        "end_session_endpoint": "https://login.microsoftonline.com/00000000-0000-0000-0000-000000000000/oauth2/v2.0/logout",
        "claims_supported": [
          "sub",
          "iss",
          "cloud_instance_name",
          "cloud_instance_host_name",
          "cloud_graph_host_name",
          "msgraph_host",
          "aud",
          "exp",
          "iat",
          "auth_time",
          "acr",
          "nonce",
          "preferred_username",
          "name",
          "tid",
          "ver",
          "at_hash",
          "c_hash",
          "email"
        ],
        "kerberos_endpoint": "https://login.microsoftonline.com/00000000-0000-0000-0000-000000000000/kerberos",
        "tenant_region_scope": "WW",
        "cloud_instance_name": "microsoftonline.com",
        "cloud_graph_host_name": "graph.windows.net",
        "msgraph_host": "graph.microsoft.com",
        "rbac_url": "https://pas.windows.net"
      }
    },
    {
      "RequestUri": "https://login.microsoftonline.com/common/discovery/instance?api-version=1.1\u0026authorization_endpoint=https://login.microsoftonline.com/common/oauth2/authorize",
      "RequestMethod": "GET",
      "RequestHeaders": {
        "Accept": "application/json",
        "Accept-Encoding": "gzip, deflate",
        "Connection": "keep-alive",
        "Cookie": "cookie;",
        "User-Agent": "azsdk-python-identity/1.13.0b2 Python/3.8.15 (Linux-5.15.0-1023-azure-x86_64-with-glibc2.2.5) VSTS_0fb41ef4-5012-48a9-bf39-4ee3de03ee35_build_2384_0"
      },
      "RequestBody": null,
      "StatusCode": 200,
      "ResponseHeaders": {
        "Access-Control-Allow-Methods": "GET, OPTIONS",
        "Access-Control-Allow-Origin": "*",
        "Cache-Control": "max-age=86400, private",
        "Content-Length": "945",
        "Content-Type": "application/json; charset=utf-8",
        "Date": "Thu, 12 Jan 2023 03:53:10 GMT",
        "P3P": "CP=\u0022DSP CUR OTPi IND OTRi ONL FIN\u0022",
        "Set-Cookie": "[set-cookie;]",
        "Strict-Transport-Security": "max-age=31536000; includeSubDomains",
        "X-Content-Type-Options": "nosniff",
        "x-ms-ests-server": "2.1.14357.7 - SCUS ProdSlices",
        "X-XSS-Protection": "0"
      },
      "ResponseBody": {
        "tenant_discovery_endpoint": "https://login.microsoftonline.com/common/.well-known/openid-configuration",
        "api-version": "1.1",
        "metadata": [
          {
            "preferred_network": "login.microsoftonline.com",
            "preferred_cache": "login.windows.net",
            "aliases": [
              "login.microsoftonline.com",
              "login.windows.net",
              "login.microsoft.com",
              "sts.windows.net"
            ]
          },
          {
            "preferred_network": "login.partner.microsoftonline.cn",
            "preferred_cache": "login.partner.microsoftonline.cn",
            "aliases": [
              "login.partner.microsoftonline.cn",
              "login.chinacloudapi.cn"
            ]
          },
          {
            "preferred_network": "login.microsoftonline.de",
            "preferred_cache": "login.microsoftonline.de",
            "aliases": [
              "login.microsoftonline.de"
            ]
          },
          {
            "preferred_network": "login.microsoftonline.us",
            "preferred_cache": "login.microsoftonline.us",
            "aliases": [
              "login.microsoftonline.us",
              "login.usgovcloudapi.net"
            ]
          },
          {
            "preferred_network": "login-us.microsoftonline.com",
            "preferred_cache": "login-us.microsoftonline.com",
            "aliases": [
              "login-us.microsoftonline.com"
            ]
          }
        ]
      }
    },
    {
      "RequestUri": "https://login.microsoftonline.com/00000000-0000-0000-0000-000000000000/oauth2/v2.0/token",
      "RequestMethod": "POST",
      "RequestHeaders": {
        "Accept": "application/json",
        "Accept-Encoding": "gzip, deflate",
        "client-request-id": "e7a4bcab-e190-4c2c-8443-c5a84bd5f203",
        "Connection": "keep-alive",
        "Content-Length": "288",
        "Content-Type": "application/x-www-form-urlencoded",
        "Cookie": "cookie;",
        "User-Agent": "azsdk-python-identity/1.13.0b2 Python/3.8.15 (Linux-5.15.0-1023-azure-x86_64-with-glibc2.2.5) VSTS_0fb41ef4-5012-48a9-bf39-4ee3de03ee35_build_2384_0",
        "x-client-cpu": "x64",
        "x-client-current-telemetry": "4|730,0|",
        "x-client-last-telemetry": "4|0|||",
        "x-client-os": "linux",
        "x-client-sku": "MSAL.Python",
        "x-client-ver": "1.20.0",
        "x-ms-lib-capability": "retry-after, h429"
      },
      "RequestBody": "client_id=00000000-0000-0000-0000-000000000000\u0026grant_type=client_credentials\u0026client_info=1\u0026client_secret=00000000-0000-0000-0000-000000000000\u0026claims=%7B%22access_token%22%3A\u002B%7B%22xms_cc%22%3A\u002B%7B%22values%22%3A\u002B%5B%22CP1%22%5D%7D%7D%7D\u0026scope=https%3A%2F%2Fmanagement.azure.com%2F.default",
      "StatusCode": 200,
      "ResponseHeaders": {
        "Cache-Control": "no-store, no-cache",
        "client-request-id": "e7a4bcab-e190-4c2c-8443-c5a84bd5f203",
        "Content-Length": "114",
        "Content-Type": "application/json; charset=utf-8",
        "Date": "Thu, 12 Jan 2023 03:53:10 GMT",
        "Expires": "-1",
        "P3P": "CP=\u0022DSP CUR OTPi IND OTRi ONL FIN\u0022",
        "Pragma": "no-cache",
        "Set-Cookie": "[set-cookie;]",
        "Strict-Transport-Security": "max-age=31536000; includeSubDomains",
        "X-Content-Type-Options": "nosniff",
        "x-ms-clitelem": "1,0,0,,",
        "x-ms-ests-server": "2.1.14357.8 - NCUS ProdSlices",
        "X-XSS-Protection": "0"
      },
      "ResponseBody": {
        "token_type": "Bearer",
        "expires_in": 86399,
        "ext_expires_in": 86399,
        "refresh_in": 43199,
        "access_token": "access_token"
      }
    },
    {
      "RequestUri": "https://management.azure.com/subscriptions/00000000-0000-0000-0000-000000000000/resourceGroups/20ad2a59/providers/Microsoft.Network/virtualWans/virtualwan?api-version=2022-07-01",
      "RequestMethod": "PUT",
      "RequestHeaders": {
        "Accept": "application/json",
        "Accept-Encoding": "gzip, deflate",
        "Connection": "keep-alive",
        "Content-Length": "115",
        "Content-Type": "application/json",
        "User-Agent": "azsdk-python-azure-mgmt-network/23.0.0 Python/3.8.15 (Linux-5.15.0-1023-azure-x86_64-with-glibc2.2.5) VSTS_0fb41ef4-5012-48a9-bf39-4ee3de03ee35_build_2384_0"
      },
      "RequestBody": {
        "location": "West US",
        "tags": {
          "key1": "value1"
        },
        "properties": {
          "disableVpnEncryption": false,
          "type": "Basic"
        }
      },
      "StatusCode": 201,
      "ResponseHeaders": {
        "Azure-AsyncNotification": "Enabled",
        "Azure-AsyncOperation": "https://management.azure.com/subscriptions/00000000-0000-0000-0000-000000000000/providers/Microsoft.Network/locations/westus/operations/f8ac6d52-666f-4736-9a45-5801e0644e4e?api-version=2022-07-01",
        "Cache-Control": "no-cache",
        "Content-Length": "542",
        "Content-Type": "application/json; charset=utf-8",
        "Date": "Thu, 12 Jan 2023 03:53:11 GMT",
        "Expires": "-1",
        "Pragma": "no-cache",
        "Retry-After": "10",
        "Server": [
          "Microsoft-HTTPAPI/2.0",
          "Microsoft-HTTPAPI/2.0"
        ],
        "Strict-Transport-Security": "max-age=31536000; includeSubDomains",
        "X-Content-Type-Options": "nosniff",
        "x-ms-arm-service-request-id": "bcfc2571-07c2-4a09-ab37-12339ef6bed5",
        "x-ms-correlation-request-id": "2a63d547-9f1c-4b04-bec2-9487418dbd9c",
        "x-ms-ratelimit-remaining-subscription-writes": "1188",
        "x-ms-routing-request-id": "SOUTHCENTRALUS:20230112T035312Z:2a63d547-9f1c-4b04-bec2-9487418dbd9c"
      },
      "ResponseBody": {
        "name": "virtualwan",
        "id": "/subscriptions/00000000-0000-0000-0000-000000000000/resourceGroups/20ad2a59/providers/Microsoft.Network/virtualWans/virtualwan",
        "etag": "W/\u0022f4c95c18-fc2e-4c03-b2ab-2c23eea58fbb\u0022",
        "type": "Microsoft.Network/virtualWans",
        "location": "westus",
        "tags": {
          "key1": "value1"
        },
        "properties": {
          "provisioningState": "Updating",
          "disableVpnEncryption": false,
          "allowBranchToBranchTraffic": true,
          "office365LocalBreakoutCategory": "None",
          "type": "Basic"
        }
      }
    },
    {
      "RequestUri": "https://management.azure.com/subscriptions/00000000-0000-0000-0000-000000000000/providers/Microsoft.Network/locations/westus/operations/f8ac6d52-666f-4736-9a45-5801e0644e4e?api-version=2022-07-01",
      "RequestMethod": "GET",
      "RequestHeaders": {
        "Accept": "*/*",
        "Accept-Encoding": "gzip, deflate",
        "Connection": "keep-alive",
        "User-Agent": "azsdk-python-azure-mgmt-network/23.0.0 Python/3.8.15 (Linux-5.15.0-1023-azure-x86_64-with-glibc2.2.5) VSTS_0fb41ef4-5012-48a9-bf39-4ee3de03ee35_build_2384_0"
      },
      "RequestBody": null,
      "StatusCode": 200,
      "ResponseHeaders": {
        "Cache-Control": "no-cache",
        "Content-Encoding": "gzip",
        "Content-Type": "application/json; charset=utf-8",
        "Date": "Thu, 12 Jan 2023 03:53:13 GMT",
        "Expires": "-1",
        "Pragma": "no-cache",
        "Retry-After": "10",
        "Server": [
          "Microsoft-HTTPAPI/2.0",
          "Microsoft-HTTPAPI/2.0"
        ],
        "Strict-Transport-Security": "max-age=31536000; includeSubDomains",
        "Transfer-Encoding": "chunked",
        "Vary": "Accept-Encoding",
        "X-Content-Type-Options": "nosniff",
        "x-ms-arm-service-request-id": "bf95abe8-bdf7-421d-9831-fb815c33f8d1",
        "x-ms-correlation-request-id": "150bfcad-687d-412f-8b45-477b2ea9048a",
        "x-ms-ratelimit-remaining-subscription-reads": "11950",
        "x-ms-routing-request-id": "SOUTHCENTRALUS:20230112T035313Z:150bfcad-687d-412f-8b45-477b2ea9048a"
      },
      "ResponseBody": {
        "status": "InProgress"
      }
    },
    {
      "RequestUri": "https://management.azure.com/subscriptions/00000000-0000-0000-0000-000000000000/providers/Microsoft.Network/locations/westus/operations/f8ac6d52-666f-4736-9a45-5801e0644e4e?api-version=2022-07-01",
      "RequestMethod": "GET",
      "RequestHeaders": {
        "Accept": "*/*",
        "Accept-Encoding": "gzip, deflate",
        "Connection": "keep-alive",
        "User-Agent": "azsdk-python-azure-mgmt-network/23.0.0 Python/3.8.15 (Linux-5.15.0-1023-azure-x86_64-with-glibc2.2.5) VSTS_0fb41ef4-5012-48a9-bf39-4ee3de03ee35_build_2384_0"
      },
      "RequestBody": null,
      "StatusCode": 200,
      "ResponseHeaders": {
        "Cache-Control": "no-cache",
        "Content-Encoding": "gzip",
        "Content-Type": "application/json; charset=utf-8",
        "Date": "Thu, 12 Jan 2023 03:53:23 GMT",
        "Expires": "-1",
        "Pragma": "no-cache",
        "Server": [
          "Microsoft-HTTPAPI/2.0",
          "Microsoft-HTTPAPI/2.0"
        ],
        "Strict-Transport-Security": "max-age=31536000; includeSubDomains",
        "Transfer-Encoding": "chunked",
        "Vary": "Accept-Encoding",
        "X-Content-Type-Options": "nosniff",
        "x-ms-arm-service-request-id": "5a86a5ae-e82a-4370-8825-62e08f699636",
        "x-ms-correlation-request-id": "77c97d99-8a22-4dd9-905f-52e59da5c112",
        "x-ms-ratelimit-remaining-subscription-reads": "11949",
        "x-ms-routing-request-id": "SOUTHCENTRALUS:20230112T035323Z:77c97d99-8a22-4dd9-905f-52e59da5c112"
      },
      "ResponseBody": {
        "status": "Succeeded"
      }
    },
    {
      "RequestUri": "https://management.azure.com/subscriptions/00000000-0000-0000-0000-000000000000/resourceGroups/20ad2a59/providers/Microsoft.Network/virtualWans/virtualwan?api-version=2022-07-01",
      "RequestMethod": "GET",
      "RequestHeaders": {
        "Accept": "*/*",
        "Accept-Encoding": "gzip, deflate",
        "Connection": "keep-alive",
        "User-Agent": "azsdk-python-azure-mgmt-network/23.0.0 Python/3.8.15 (Linux-5.15.0-1023-azure-x86_64-with-glibc2.2.5) VSTS_0fb41ef4-5012-48a9-bf39-4ee3de03ee35_build_2384_0"
      },
      "RequestBody": null,
      "StatusCode": 200,
      "ResponseHeaders": {
        "Cache-Control": "no-cache",
        "Content-Encoding": "gzip",
        "Content-Type": "application/json; charset=utf-8",
        "Date": "Thu, 12 Jan 2023 03:53:23 GMT",
        "ETag": "W/\u002243be7ed6-deee-4810-944f-a57c6137031f\u0022",
        "Expires": "-1",
        "Pragma": "no-cache",
        "Server": [
          "Microsoft-HTTPAPI/2.0",
          "Microsoft-HTTPAPI/2.0"
        ],
        "Strict-Transport-Security": "max-age=31536000; includeSubDomains",
        "Transfer-Encoding": "chunked",
        "Vary": "Accept-Encoding",
        "X-Content-Type-Options": "nosniff",
        "x-ms-arm-service-request-id": "e4594c4a-32b1-4933-99fe-4f75df2f5c84",
        "x-ms-correlation-request-id": "77da167b-a377-4f2b-9ea4-9a44a1fd084f",
        "x-ms-ratelimit-remaining-subscription-reads": "11948",
        "x-ms-routing-request-id": "SOUTHCENTRALUS:20230112T035323Z:77da167b-a377-4f2b-9ea4-9a44a1fd084f"
      },
      "ResponseBody": {
        "name": "virtualwan",
        "id": "/subscriptions/00000000-0000-0000-0000-000000000000/resourceGroups/20ad2a59/providers/Microsoft.Network/virtualWans/virtualwan",
        "etag": "W/\u002243be7ed6-deee-4810-944f-a57c6137031f\u0022",
        "type": "Microsoft.Network/virtualWans",
        "location": "westus",
        "tags": {
          "key1": "value1"
        },
        "properties": {
          "provisioningState": "Succeeded",
          "disableVpnEncryption": false,
          "allowBranchToBranchTraffic": true,
          "office365LocalBreakoutCategory": "None",
          "type": "Basic"
        }
      }
    },
    {
      "RequestUri": "https://management.azure.com/subscriptions/00000000-0000-0000-0000-000000000000/resourceGroups/20ad2a59/providers/Microsoft.Network/virtualHubs/virtualhub?api-version=2022-07-01",
      "RequestMethod": "PUT",
      "RequestHeaders": {
        "Accept": "application/json",
        "Accept-Encoding": "gzip, deflate",
        "Connection": "keep-alive",
        "Content-Length": "269",
        "Content-Type": "application/json",
        "User-Agent": "azsdk-python-azure-mgmt-network/23.0.0 Python/3.8.15 (Linux-5.15.0-1023-azure-x86_64-with-glibc2.2.5) VSTS_0fb41ef4-5012-48a9-bf39-4ee3de03ee35_build_2384_0"
      },
      "RequestBody": {
        "location": "West US",
        "tags": {
          "key1": "value1"
        },
        "properties": {
          "virtualWan": {
            "id": "/subscriptions/00000000-0000-0000-0000-000000000000/resourceGroups/20ad2a59/providers/Microsoft.Network/virtualWans/virtualwan"
          },
          "addressPrefix": "10.168.0.0/24",
          "sku": "Basic"
        }
      },
      "StatusCode": 201,
      "ResponseHeaders": {
        "Azure-AsyncNotification": "Enabled",
        "Azure-AsyncOperation": "https://management.azure.com/subscriptions/00000000-0000-0000-0000-000000000000/providers/Microsoft.Network/locations/westus/operations/5e9f2ee0-59a1-48fb-a693-932ed2ef3fe9?api-version=2022-07-01",
        "Cache-Control": "no-cache",
        "Content-Length": "1004",
        "Content-Type": "application/json; charset=utf-8",
        "Date": "Thu, 12 Jan 2023 03:53:24 GMT",
        "Expires": "-1",
        "Pragma": "no-cache",
        "Retry-After": "10",
        "Server": [
          "Microsoft-HTTPAPI/2.0",
          "Microsoft-HTTPAPI/2.0"
        ],
        "Strict-Transport-Security": "max-age=31536000; includeSubDomains",
        "X-Content-Type-Options": "nosniff",
        "x-ms-arm-service-request-id": "de2b8f2e-9671-4237-bacf-1df16d81fe13",
        "x-ms-correlation-request-id": "fd4f0ede-ef07-48c6-8c1f-2579ef9591e4",
        "x-ms-ratelimit-remaining-subscription-writes": "1187",
        "x-ms-routing-request-id": "SOUTHCENTRALUS:20230112T035324Z:fd4f0ede-ef07-48c6-8c1f-2579ef9591e4"
      },
      "ResponseBody": {
        "name": "virtualhub",
        "id": "/subscriptions/00000000-0000-0000-0000-000000000000/resourceGroups/20ad2a59/providers/Microsoft.Network/virtualHubs/virtualhub",
        "etag": "W/\u00227a447a22-8f8d-4289-9bc7-816d90c471a6\u0022",
        "type": "Microsoft.Network/virtualHubs",
        "location": "westus",
        "tags": {
          "key1": "value1"
        },
        "properties": {
          "provisioningState": "Updating",
          "virtualHubRouteTableV2s": [],
          "addressPrefix": "10.168.0.0/24",
          "virtualRouterAsn": 65515,
          "virtualRouterIps": [],
          "routeTable": {
            "routes": []
          },
          "virtualRouterAutoScaleConfiguration": {
            "minCapacity": 2
          },
          "virtualWan": {
            "id": "/subscriptions/00000000-0000-0000-0000-000000000000/resourceGroups/20ad2a59/providers/Microsoft.Network/virtualWans/virtualwan"
          },
          "networkVirtualAppliances": [],
          "sku": "Basic",
          "routingState": "None",
          "allowBranchToBranchTraffic": false,
          "hubRoutingPreference": "ExpressRoute"
        }
      }
    },
    {
      "RequestUri": "https://management.azure.com/subscriptions/00000000-0000-0000-0000-000000000000/providers/Microsoft.Network/locations/westus/operations/5e9f2ee0-59a1-48fb-a693-932ed2ef3fe9?api-version=2022-07-01",
      "RequestMethod": "GET",
      "RequestHeaders": {
        "Accept": "*/*",
        "Accept-Encoding": "gzip, deflate",
        "Connection": "keep-alive",
        "User-Agent": "azsdk-python-azure-mgmt-network/23.0.0 Python/3.8.15 (Linux-5.15.0-1023-azure-x86_64-with-glibc2.2.5) VSTS_0fb41ef4-5012-48a9-bf39-4ee3de03ee35_build_2384_0"
      },
      "RequestBody": null,
      "StatusCode": 200,
      "ResponseHeaders": {
        "Cache-Control": "no-cache",
        "Content-Encoding": "gzip",
        "Content-Type": "application/json; charset=utf-8",
        "Date": "Thu, 12 Jan 2023 03:53:24 GMT",
        "Expires": "-1",
        "Pragma": "no-cache",
        "Retry-After": "10",
        "Server": [
          "Microsoft-HTTPAPI/2.0",
          "Microsoft-HTTPAPI/2.0"
        ],
        "Strict-Transport-Security": "max-age=31536000; includeSubDomains",
        "Transfer-Encoding": "chunked",
        "Vary": "Accept-Encoding",
        "X-Content-Type-Options": "nosniff",
        "x-ms-arm-service-request-id": "ef2ff20a-5c8b-41f2-ba3c-76448acb577d",
        "x-ms-correlation-request-id": "d3b8b914-9665-459b-b56e-a5df2ea1e19a",
        "x-ms-ratelimit-remaining-subscription-reads": "11947",
        "x-ms-routing-request-id": "SOUTHCENTRALUS:20230112T035324Z:d3b8b914-9665-459b-b56e-a5df2ea1e19a"
      },
      "ResponseBody": {
        "status": "InProgress"
      }
    },
    {
      "RequestUri": "https://management.azure.com/subscriptions/00000000-0000-0000-0000-000000000000/providers/Microsoft.Network/locations/westus/operations/5e9f2ee0-59a1-48fb-a693-932ed2ef3fe9?api-version=2022-07-01",
      "RequestMethod": "GET",
      "RequestHeaders": {
        "Accept": "*/*",
        "Accept-Encoding": "gzip, deflate",
        "Connection": "keep-alive",
        "User-Agent": "azsdk-python-azure-mgmt-network/23.0.0 Python/3.8.15 (Linux-5.15.0-1023-azure-x86_64-with-glibc2.2.5) VSTS_0fb41ef4-5012-48a9-bf39-4ee3de03ee35_build_2384_0"
      },
      "RequestBody": null,
      "StatusCode": 200,
      "ResponseHeaders": {
        "Cache-Control": "no-cache",
        "Content-Encoding": "gzip",
        "Content-Type": "application/json; charset=utf-8",
        "Date": "Thu, 12 Jan 2023 03:53:34 GMT",
        "Expires": "-1",
        "Pragma": "no-cache",
        "Retry-After": "20",
        "Server": [
          "Microsoft-HTTPAPI/2.0",
          "Microsoft-HTTPAPI/2.0"
        ],
        "Strict-Transport-Security": "max-age=31536000; includeSubDomains",
        "Transfer-Encoding": "chunked",
        "Vary": "Accept-Encoding",
        "X-Content-Type-Options": "nosniff",
        "x-ms-arm-service-request-id": "6d10874b-d105-4ef8-b525-8a599d801cde",
        "x-ms-correlation-request-id": "e7eb894d-6767-4083-8fa8-6b8ae07a16b4",
        "x-ms-ratelimit-remaining-subscription-reads": "11946",
        "x-ms-routing-request-id": "SOUTHCENTRALUS:20230112T035334Z:e7eb894d-6767-4083-8fa8-6b8ae07a16b4"
      },
      "ResponseBody": {
        "status": "InProgress"
      }
    },
    {
      "RequestUri": "https://management.azure.com/subscriptions/00000000-0000-0000-0000-000000000000/providers/Microsoft.Network/locations/westus/operations/5e9f2ee0-59a1-48fb-a693-932ed2ef3fe9?api-version=2022-07-01",
      "RequestMethod": "GET",
      "RequestHeaders": {
        "Accept": "*/*",
        "Accept-Encoding": "gzip, deflate",
        "Connection": "keep-alive",
        "User-Agent": "azsdk-python-azure-mgmt-network/23.0.0 Python/3.8.15 (Linux-5.15.0-1023-azure-x86_64-with-glibc2.2.5) VSTS_0fb41ef4-5012-48a9-bf39-4ee3de03ee35_build_2384_0"
      },
      "RequestBody": null,
      "StatusCode": 200,
      "ResponseHeaders": {
        "Cache-Control": "no-cache",
        "Content-Encoding": "gzip",
        "Content-Type": "application/json; charset=utf-8",
        "Date": "Thu, 12 Jan 2023 03:53:54 GMT",
        "Expires": "-1",
        "Pragma": "no-cache",
        "Retry-After": "20",
        "Server": [
          "Microsoft-HTTPAPI/2.0",
          "Microsoft-HTTPAPI/2.0"
        ],
        "Strict-Transport-Security": "max-age=31536000; includeSubDomains",
        "Transfer-Encoding": "chunked",
        "Vary": "Accept-Encoding",
        "X-Content-Type-Options": "nosniff",
        "x-ms-arm-service-request-id": "a6b79626-529a-4f4c-9a82-763c0828209a",
        "x-ms-correlation-request-id": "87abe805-5667-4f29-8275-8867ef4fea44",
        "x-ms-ratelimit-remaining-subscription-reads": "11945",
        "x-ms-routing-request-id": "SOUTHCENTRALUS:20230112T035354Z:87abe805-5667-4f29-8275-8867ef4fea44"
      },
      "ResponseBody": {
        "status": "InProgress"
      }
    },
    {
      "RequestUri": "https://management.azure.com/subscriptions/00000000-0000-0000-0000-000000000000/providers/Microsoft.Network/locations/westus/operations/5e9f2ee0-59a1-48fb-a693-932ed2ef3fe9?api-version=2022-07-01",
      "RequestMethod": "GET",
      "RequestHeaders": {
        "Accept": "*/*",
        "Accept-Encoding": "gzip, deflate",
        "Connection": "keep-alive",
        "User-Agent": "azsdk-python-azure-mgmt-network/23.0.0 Python/3.8.15 (Linux-5.15.0-1023-azure-x86_64-with-glibc2.2.5) VSTS_0fb41ef4-5012-48a9-bf39-4ee3de03ee35_build_2384_0"
      },
      "RequestBody": null,
      "StatusCode": 200,
      "ResponseHeaders": {
        "Cache-Control": "no-cache",
        "Content-Encoding": "gzip",
        "Content-Type": "application/json; charset=utf-8",
        "Date": "Thu, 12 Jan 2023 03:54:14 GMT",
        "Expires": "-1",
        "Pragma": "no-cache",
        "Retry-After": "40",
        "Server": [
          "Microsoft-HTTPAPI/2.0",
          "Microsoft-HTTPAPI/2.0"
        ],
        "Strict-Transport-Security": "max-age=31536000; includeSubDomains",
        "Transfer-Encoding": "chunked",
        "Vary": "Accept-Encoding",
        "X-Content-Type-Options": "nosniff",
        "x-ms-arm-service-request-id": "7bfd774c-2290-468b-9582-0e5681e0a210",
        "x-ms-correlation-request-id": "e7c563eb-23bd-4df9-97d6-0ea825c989c6",
        "x-ms-ratelimit-remaining-subscription-reads": "11944",
        "x-ms-routing-request-id": "SOUTHCENTRALUS:20230112T035414Z:e7c563eb-23bd-4df9-97d6-0ea825c989c6"
      },
      "ResponseBody": {
        "status": "InProgress"
      }
    },
    {
      "RequestUri": "https://management.azure.com/subscriptions/00000000-0000-0000-0000-000000000000/providers/Microsoft.Network/locations/westus/operations/5e9f2ee0-59a1-48fb-a693-932ed2ef3fe9?api-version=2022-07-01",
      "RequestMethod": "GET",
      "RequestHeaders": {
        "Accept": "*/*",
        "Accept-Encoding": "gzip, deflate",
        "Connection": "keep-alive",
        "User-Agent": "azsdk-python-azure-mgmt-network/23.0.0 Python/3.8.15 (Linux-5.15.0-1023-azure-x86_64-with-glibc2.2.5) VSTS_0fb41ef4-5012-48a9-bf39-4ee3de03ee35_build_2384_0"
      },
      "RequestBody": null,
      "StatusCode": 200,
      "ResponseHeaders": {
        "Cache-Control": "no-cache",
        "Content-Encoding": "gzip",
        "Content-Type": "application/json; charset=utf-8",
        "Date": "Thu, 12 Jan 2023 03:54:54 GMT",
        "Expires": "-1",
        "Pragma": "no-cache",
        "Retry-After": "40",
        "Server": [
          "Microsoft-HTTPAPI/2.0",
          "Microsoft-HTTPAPI/2.0"
        ],
        "Strict-Transport-Security": "max-age=31536000; includeSubDomains",
        "Transfer-Encoding": "chunked",
        "Vary": "Accept-Encoding",
        "X-Content-Type-Options": "nosniff",
        "x-ms-arm-service-request-id": "abd8898c-9b9f-4a1b-8043-32f2687e81a3",
        "x-ms-correlation-request-id": "56910b4e-5658-4f82-b96c-bae0614c38b1",
        "x-ms-ratelimit-remaining-subscription-reads": "11943",
        "x-ms-routing-request-id": "SOUTHCENTRALUS:20230112T035455Z:56910b4e-5658-4f82-b96c-bae0614c38b1"
      },
      "ResponseBody": {
        "status": "InProgress"
      }
    },
    {
      "RequestUri": "https://management.azure.com/subscriptions/00000000-0000-0000-0000-000000000000/providers/Microsoft.Network/locations/westus/operations/5e9f2ee0-59a1-48fb-a693-932ed2ef3fe9?api-version=2022-07-01",
      "RequestMethod": "GET",
      "RequestHeaders": {
        "Accept": "*/*",
        "Accept-Encoding": "gzip, deflate",
        "Connection": "keep-alive",
        "User-Agent": "azsdk-python-azure-mgmt-network/23.0.0 Python/3.8.15 (Linux-5.15.0-1023-azure-x86_64-with-glibc2.2.5) VSTS_0fb41ef4-5012-48a9-bf39-4ee3de03ee35_build_2384_0"
      },
      "RequestBody": null,
      "StatusCode": 200,
      "ResponseHeaders": {
        "Cache-Control": "no-cache",
        "Content-Encoding": "gzip",
        "Content-Type": "application/json; charset=utf-8",
        "Date": "Thu, 12 Jan 2023 03:55:35 GMT",
        "Expires": "-1",
        "Pragma": "no-cache",
        "Retry-After": "80",
        "Server": [
          "Microsoft-HTTPAPI/2.0",
          "Microsoft-HTTPAPI/2.0"
        ],
        "Strict-Transport-Security": "max-age=31536000; includeSubDomains",
        "Transfer-Encoding": "chunked",
        "Vary": "Accept-Encoding",
        "X-Content-Type-Options": "nosniff",
        "x-ms-arm-service-request-id": "827dd1fa-3905-45ff-b7f2-3daac7ae4fcc",
        "x-ms-correlation-request-id": "f480f19c-ffaa-4373-aaaf-f6d5559c6cf4",
        "x-ms-ratelimit-remaining-subscription-reads": "11942",
        "x-ms-routing-request-id": "SOUTHCENTRALUS:20230112T035535Z:f480f19c-ffaa-4373-aaaf-f6d5559c6cf4"
      },
      "ResponseBody": {
        "status": "InProgress"
      }
    },
    {
      "RequestUri": "https://management.azure.com/subscriptions/00000000-0000-0000-0000-000000000000/providers/Microsoft.Network/locations/westus/operations/5e9f2ee0-59a1-48fb-a693-932ed2ef3fe9?api-version=2022-07-01",
      "RequestMethod": "GET",
      "RequestHeaders": {
        "Accept": "*/*",
        "Accept-Encoding": "gzip, deflate",
        "Connection": "keep-alive",
        "User-Agent": "azsdk-python-azure-mgmt-network/23.0.0 Python/3.8.15 (Linux-5.15.0-1023-azure-x86_64-with-glibc2.2.5) VSTS_0fb41ef4-5012-48a9-bf39-4ee3de03ee35_build_2384_0"
      },
      "RequestBody": null,
      "StatusCode": 200,
      "ResponseHeaders": {
        "Cache-Control": "no-cache",
        "Content-Encoding": "gzip",
        "Content-Type": "application/json; charset=utf-8",
        "Date": "Thu, 12 Jan 2023 03:56:55 GMT",
        "Expires": "-1",
        "Pragma": "no-cache",
        "Retry-After": "160",
        "Server": [
          "Microsoft-HTTPAPI/2.0",
          "Microsoft-HTTPAPI/2.0"
        ],
        "Strict-Transport-Security": "max-age=31536000; includeSubDomains",
        "Transfer-Encoding": "chunked",
        "Vary": "Accept-Encoding",
        "X-Content-Type-Options": "nosniff",
        "x-ms-arm-service-request-id": "3883bdc3-abd6-4fe7-bbe5-dc1522319d1c",
        "x-ms-correlation-request-id": "c6cd8b65-d231-4128-837e-dac6e373cb97",
        "x-ms-ratelimit-remaining-subscription-reads": "11999",
        "x-ms-routing-request-id": "SOUTHCENTRALUS:20230112T035655Z:c6cd8b65-d231-4128-837e-dac6e373cb97"
      },
      "ResponseBody": {
        "status": "InProgress"
      }
    },
    {
      "RequestUri": "https://management.azure.com/subscriptions/00000000-0000-0000-0000-000000000000/providers/Microsoft.Network/locations/westus/operations/5e9f2ee0-59a1-48fb-a693-932ed2ef3fe9?api-version=2022-07-01",
      "RequestMethod": "GET",
      "RequestHeaders": {
        "Accept": "*/*",
        "Accept-Encoding": "gzip, deflate",
        "Connection": "keep-alive",
        "User-Agent": "azsdk-python-azure-mgmt-network/23.0.0 Python/3.8.15 (Linux-5.15.0-1023-azure-x86_64-with-glibc2.2.5) VSTS_0fb41ef4-5012-48a9-bf39-4ee3de03ee35_build_2384_0"
      },
      "RequestBody": null,
      "StatusCode": 200,
      "ResponseHeaders": {
        "Cache-Control": "no-cache",
        "Content-Encoding": "gzip",
        "Content-Type": "application/json; charset=utf-8",
        "Date": "Thu, 12 Jan 2023 03:59:35 GMT",
        "Expires": "-1",
        "Pragma": "no-cache",
        "Server": [
          "Microsoft-HTTPAPI/2.0",
          "Microsoft-HTTPAPI/2.0"
        ],
        "Strict-Transport-Security": "max-age=31536000; includeSubDomains",
        "Transfer-Encoding": "chunked",
        "Vary": "Accept-Encoding",
        "X-Content-Type-Options": "nosniff",
        "x-ms-arm-service-request-id": "9a026ffe-ddd0-486e-a5d4-66f8b8fda1ca",
        "x-ms-correlation-request-id": "421b9f09-8f8a-4545-97ae-f3b78c4442db",
        "x-ms-ratelimit-remaining-subscription-reads": "11998",
        "x-ms-routing-request-id": "SOUTHCENTRALUS:20230112T035935Z:421b9f09-8f8a-4545-97ae-f3b78c4442db"
      },
      "ResponseBody": {
        "status": "Succeeded"
      }
    },
    {
      "RequestUri": "https://management.azure.com/subscriptions/00000000-0000-0000-0000-000000000000/resourceGroups/20ad2a59/providers/Microsoft.Network/virtualHubs/virtualhub?api-version=2022-07-01",
      "RequestMethod": "GET",
      "RequestHeaders": {
        "Accept": "*/*",
        "Accept-Encoding": "gzip, deflate",
        "Connection": "keep-alive",
        "User-Agent": "azsdk-python-azure-mgmt-network/23.0.0 Python/3.8.15 (Linux-5.15.0-1023-azure-x86_64-with-glibc2.2.5) VSTS_0fb41ef4-5012-48a9-bf39-4ee3de03ee35_build_2384_0"
      },
      "RequestBody": null,
      "StatusCode": 200,
      "ResponseHeaders": {
        "Cache-Control": "no-cache",
        "Content-Encoding": "gzip",
        "Content-Type": "application/json; charset=utf-8",
        "Date": "Thu, 12 Jan 2023 03:59:35 GMT",
        "Expires": "-1",
        "Pragma": "no-cache",
        "Server": [
          "Microsoft-HTTPAPI/2.0",
          "Microsoft-HTTPAPI/2.0"
        ],
        "Strict-Transport-Security": "max-age=31536000; includeSubDomains",
        "Transfer-Encoding": "chunked",
        "Vary": "Accept-Encoding",
        "X-Content-Type-Options": "nosniff",
        "x-ms-arm-service-request-id": "a6914881-e23a-4a22-bdf1-83b024af76d0",
        "x-ms-correlation-request-id": "d7b6ac0c-ef0a-430b-8a3f-2eae73004a7f",
        "x-ms-ratelimit-remaining-subscription-reads": "11997",
        "x-ms-routing-request-id": "SOUTHCENTRALUS:20230112T035935Z:d7b6ac0c-ef0a-430b-8a3f-2eae73004a7f"
      },
      "ResponseBody": {
        "name": "virtualhub",
        "id": "/subscriptions/00000000-0000-0000-0000-000000000000/resourceGroups/20ad2a59/providers/Microsoft.Network/virtualHubs/virtualhub",
        "etag": "W/\u0022f4a99d79-a6b5-4f2e-9f19-e291abd3879d\u0022",
        "type": "Microsoft.Network/virtualHubs",
        "location": "westus",
        "tags": {
          "key1": "value1"
        },
        "properties": {
          "provisioningState": "Succeeded",
          "virtualHubRouteTableV2s": [],
          "addressPrefix": "10.168.0.0/24",
          "virtualRouterAsn": 65515,
          "virtualRouterIps": [],
          "routeTable": {
            "routes": []
          },
          "virtualRouterAutoScaleConfiguration": {
            "minCapacity": 2
          },
          "virtualWan": {
            "id": "/subscriptions/00000000-0000-0000-0000-000000000000/resourceGroups/20ad2a59/providers/Microsoft.Network/virtualWans/virtualwan"
          },
          "networkVirtualAppliances": [],
          "sku": "Basic",
          "routingState": "Provisioning",
          "allowBranchToBranchTraffic": false,
          "hubRoutingPreference": "ExpressRoute"
        }
      }
    },
    {
      "RequestUri": "https://management.azure.com/subscriptions/00000000-0000-0000-0000-000000000000/resourceGroups/20ad2a59/providers/Microsoft.Network/firewallPolicies/firewallpolicy?api-version=2022-07-01",
      "RequestMethod": "PUT",
      "RequestHeaders": {
        "Accept": "application/json",
        "Accept-Encoding": "gzip, deflate",
        "Connection": "keep-alive",
        "Content-Length": "94",
        "Content-Type": "application/json",
        "User-Agent": "azsdk-python-azure-mgmt-network/23.0.0 Python/3.8.15 (Linux-5.15.0-1023-azure-x86_64-with-glibc2.2.5) VSTS_0fb41ef4-5012-48a9-bf39-4ee3de03ee35_build_2384_0"
      },
      "RequestBody": {
        "location": "eastus",
        "tags": {
          "key1": "value1"
        },
        "properties": {
          "threatIntelMode": "Alert"
        }
      },
      "StatusCode": 201,
      "ResponseHeaders": {
        "Azure-AsyncOperation": "https://management.azure.com/subscriptions/00000000-0000-0000-0000-000000000000/providers/Microsoft.Network/locations/eastus/nfvOperations/1ce960f8-7001-4834-89c0-12e495819dcf?api-version=2022-07-01",
        "Cache-Control": "no-cache",
        "Content-Length": "570",
        "Content-Type": "application/json; charset=utf-8",
        "Date": "Thu, 12 Jan 2023 03:59:40 GMT",
        "Expires": "-1",
        "Pragma": "no-cache",
        "Retry-After": "10",
        "Server": "Microsoft-HTTPAPI/2.0",
        "Strict-Transport-Security": "max-age=31536000; includeSubDomains",
        "X-Content-Type-Options": "nosniff",
        "x-ms-correlation-request-id": "dc38d54c-5121-49e2-b698-343d0c61c045",
        "x-ms-ratelimit-remaining-subscription-writes": "1197",
        "x-ms-routing-request-id": "SOUTHCENTRALUS:20230112T035940Z:dc38d54c-5121-49e2-b698-343d0c61c045"
      },
      "ResponseBody": {
        "properties": {
          "sku": {
            "tier": "Standard"
          },
          "childPolicies": [],
          "ruleCollectionGroups": [],
          "firewalls": [],
          "threatIntelMode": "Alert",
          "provisioningState": "Updating"
        },
        "id": "/subscriptions/00000000-0000-0000-0000-000000000000/resourceGroups/20ad2a59/providers/Microsoft.Network/firewallPolicies/firewallpolicy",
        "name": "firewallpolicy",
        "type": "Microsoft.Network/FirewallPolicies",
        "etag": "aeadd0c8-6c3d-4442-b845-9e961392febd",
        "location": "eastus",
        "tags": {
          "key1": "value1"
        }
      }
    },
    {
      "RequestUri": "https://management.azure.com/subscriptions/00000000-0000-0000-0000-000000000000/providers/Microsoft.Network/locations/eastus/nfvOperations/1ce960f8-7001-4834-89c0-12e495819dcf?api-version=2022-07-01",
      "RequestMethod": "GET",
      "RequestHeaders": {
        "Accept": "*/*",
        "Accept-Encoding": "gzip, deflate",
        "Connection": "keep-alive",
        "User-Agent": "azsdk-python-azure-mgmt-network/23.0.0 Python/3.8.15 (Linux-5.15.0-1023-azure-x86_64-with-glibc2.2.5) VSTS_0fb41ef4-5012-48a9-bf39-4ee3de03ee35_build_2384_0"
      },
      "RequestBody": null,
      "StatusCode": 200,
      "ResponseHeaders": {
        "Cache-Control": "no-cache",
        "Content-Encoding": "gzip",
        "Content-Type": "application/json; charset=utf-8",
        "Date": "Thu, 12 Jan 2023 03:59:40 GMT",
        "Expires": "-1",
        "Pragma": "no-cache",
        "Server": "Microsoft-HTTPAPI/2.0",
        "Strict-Transport-Security": "max-age=31536000; includeSubDomains",
        "Transfer-Encoding": "chunked",
        "Vary": "Accept-Encoding",
        "X-Content-Type-Options": "nosniff",
        "x-ms-correlation-request-id": "c2d265d0-326d-4047-8379-6404b09206ab",
        "x-ms-ratelimit-remaining-subscription-reads": "11996",
        "x-ms-routing-request-id": "SOUTHCENTRALUS:20230112T035941Z:c2d265d0-326d-4047-8379-6404b09206ab"
      },
      "ResponseBody": {
        "status": "Succeeded"
      }
    },
    {
      "RequestUri": "https://management.azure.com/subscriptions/00000000-0000-0000-0000-000000000000/resourceGroups/20ad2a59/providers/Microsoft.Network/firewallPolicies/firewallpolicy?api-version=2022-07-01",
      "RequestMethod": "GET",
      "RequestHeaders": {
        "Accept": "*/*",
        "Accept-Encoding": "gzip, deflate",
        "Connection": "keep-alive",
        "User-Agent": "azsdk-python-azure-mgmt-network/23.0.0 Python/3.8.15 (Linux-5.15.0-1023-azure-x86_64-with-glibc2.2.5) VSTS_0fb41ef4-5012-48a9-bf39-4ee3de03ee35_build_2384_0"
      },
      "RequestBody": null,
      "StatusCode": 200,
      "ResponseHeaders": {
        "Cache-Control": "no-cache",
        "Content-Encoding": "gzip",
        "Content-Type": "application/json; charset=utf-8",
        "Date": "Thu, 12 Jan 2023 03:59:41 GMT",
        "ETag": "\u0022aeadd0c8-6c3d-4442-b845-9e961392febd\u0022",
        "Expires": "-1",
        "Pragma": "no-cache",
        "Server": "Microsoft-HTTPAPI/2.0",
        "Strict-Transport-Security": "max-age=31536000; includeSubDomains",
        "Transfer-Encoding": "chunked",
        "Vary": "Accept-Encoding",
        "X-Content-Type-Options": "nosniff",
        "x-ms-correlation-request-id": "cc57d939-e9f2-468a-b880-a223d77dab8c",
        "x-ms-ratelimit-remaining-subscription-reads": "11995",
        "x-ms-routing-request-id": "SOUTHCENTRALUS:20230112T035941Z:cc57d939-e9f2-468a-b880-a223d77dab8c"
      },
      "ResponseBody": {
        "properties": {
          "sku": {
            "tier": "Standard"
          },
          "childPolicies": [],
          "ruleCollectionGroups": [],
          "firewalls": [],
          "threatIntelMode": "Alert",
          "provisioningState": "Succeeded"
        },
        "id": "/subscriptions/00000000-0000-0000-0000-000000000000/resourceGroups/20ad2a59/providers/Microsoft.Network/firewallPolicies/firewallpolicy",
        "name": "firewallpolicy",
        "type": "Microsoft.Network/FirewallPolicies",
        "etag": "aeadd0c8-6c3d-4442-b845-9e961392febd",
        "location": "eastus",
        "tags": {
          "key1": "value1"
        }
      }
    },
    {
      "RequestUri": "https://management.azure.com/subscriptions/00000000-0000-0000-0000-000000000000/resourceGroups/20ad2a59/providers/Microsoft.Network/azureFirewalls/azurefirewall?api-version=2022-07-01",
      "RequestMethod": "PUT",
      "RequestHeaders": {
        "Accept": "application/json",
        "Accept-Encoding": "gzip, deflate",
        "Connection": "keep-alive",
        "Content-Length": "510",
        "Content-Type": "application/json",
        "User-Agent": "azsdk-python-azure-mgmt-network/23.0.0 Python/3.8.15 (Linux-5.15.0-1023-azure-x86_64-with-glibc2.2.5) VSTS_0fb41ef4-5012-48a9-bf39-4ee3de03ee35_build_2384_0"
      },
      "RequestBody": {
        "location": "West US",
        "tags": {
          "key1": "value1"
        },
        "zones": [],
        "properties": {
          "virtualHub": {
            "id": "/subscriptions/00000000-0000-0000-0000-000000000000/resourceGroups/20ad2a59/providers/Microsoft.Network/virtualHubs/virtualhub"
          },
          "firewallPolicy": {
            "id": "/subscriptions/00000000-0000-0000-0000-000000000000/resourceGroups/20ad2a59/providers/Microsoft.Network/firewallPolicies/firewallpolicy"
          },
          "hubIPAddresses": {
            "publicIPs": {
              "addresses": [],
              "count": 1
            }
          },
          "sku": {
            "name": "AZFW_Hub",
            "tier": "Standard"
          }
        }
      },
      "StatusCode": 201,
      "ResponseHeaders": {
        "Azure-AsyncNotification": "Enabled",
        "Azure-AsyncOperation": "https://management.azure.com/subscriptions/00000000-0000-0000-0000-000000000000/providers/Microsoft.Network/locations/westus/operations/145d84ce-f277-4085-bb92-b1f9bde9dcf9?api-version=2022-07-01",
        "Cache-Control": "no-cache",
        "Content-Length": "981",
        "Content-Type": "application/json; charset=utf-8",
        "Date": "Thu, 12 Jan 2023 03:59:45 GMT",
        "Expires": "-1",
        "Pragma": "no-cache",
        "Retry-After": "10",
        "Server": [
          "Microsoft-HTTPAPI/2.0",
          "Microsoft-HTTPAPI/2.0"
        ],
        "Strict-Transport-Security": "max-age=31536000; includeSubDomains",
        "X-Content-Type-Options": "nosniff",
        "x-ms-arm-service-request-id": "72cc785a-142d-4a48-bf34-dac052f7313b",
        "x-ms-correlation-request-id": "eae85155-2bd4-446b-80ca-ad9b51286ff3",
        "x-ms-ratelimit-remaining-subscription-writes": "1196",
        "x-ms-routing-request-id": "SOUTHCENTRALUS:20230112T035945Z:eae85155-2bd4-446b-80ca-ad9b51286ff3"
      },
      "ResponseBody": {
        "name": "azurefirewall",
        "id": "/subscriptions/00000000-0000-0000-0000-000000000000/resourceGroups/20ad2a59/providers/Microsoft.Network/azureFirewalls/azurefirewall",
        "etag": "W/\u0022ae3fb4de-bb16-4ee7-b452-7c6f0d433c76\u0022",
        "type": "Microsoft.Network/azureFirewalls",
        "location": "westus",
        "tags": {
          "key1": "value1"
        },
        "properties": {
          "provisioningState": "Updating",
          "sku": {
            "name": "AZFW_Hub",
            "tier": "Standard"
          },
          "additionalProperties": {},
          "virtualHub": {
            "id": "/subscriptions/00000000-0000-0000-0000-000000000000/resourceGroups/20ad2a59/providers/Microsoft.Network/virtualHubs/virtualhub"
          },
          "hubIPAddresses": {
            "publicIPs": {
              "addresses": [],
              "count": 1
            }
          },
          "firewallPolicy": {
            "id": "/subscriptions/00000000-0000-0000-0000-000000000000/resourceGroups/20ad2a59/providers/Microsoft.Network/firewallPolicies/firewallpolicy"
          }
        }
      }
    },
    {
      "RequestUri": "https://management.azure.com/subscriptions/00000000-0000-0000-0000-000000000000/providers/Microsoft.Network/locations/westus/operations/145d84ce-f277-4085-bb92-b1f9bde9dcf9?api-version=2022-07-01",
      "RequestMethod": "GET",
      "RequestHeaders": {
        "Accept": "*/*",
        "Accept-Encoding": "gzip, deflate",
        "Connection": "keep-alive",
        "User-Agent": "azsdk-python-azure-mgmt-network/23.0.0 Python/3.8.15 (Linux-5.15.0-1023-azure-x86_64-with-glibc2.2.5) VSTS_0fb41ef4-5012-48a9-bf39-4ee3de03ee35_build_2384_0"
      },
      "RequestBody": null,
      "StatusCode": 200,
      "ResponseHeaders": {
        "Cache-Control": "no-cache",
        "Content-Encoding": "gzip",
        "Content-Type": "application/json; charset=utf-8",
        "Date": "Thu, 12 Jan 2023 03:59:45 GMT",
        "Expires": "-1",
        "Pragma": "no-cache",
        "Retry-After": "10",
        "Server": [
          "Microsoft-HTTPAPI/2.0",
          "Microsoft-HTTPAPI/2.0"
        ],
        "Strict-Transport-Security": "max-age=31536000; includeSubDomains",
        "Transfer-Encoding": "chunked",
        "Vary": "Accept-Encoding",
        "X-Content-Type-Options": "nosniff",
        "x-ms-arm-service-request-id": "8d169dc1-07cb-4eec-90fc-9cdb2b741a81",
        "x-ms-correlation-request-id": "3abdf6aa-4f56-4f35-9431-4ae52761e764",
        "x-ms-ratelimit-remaining-subscription-reads": "11994",
        "x-ms-routing-request-id": "SOUTHCENTRALUS:20230112T035945Z:3abdf6aa-4f56-4f35-9431-4ae52761e764"
      },
      "ResponseBody": {
        "status": "InProgress"
      }
    },
    {
      "RequestUri": "https://management.azure.com/subscriptions/00000000-0000-0000-0000-000000000000/providers/Microsoft.Network/locations/westus/operations/145d84ce-f277-4085-bb92-b1f9bde9dcf9?api-version=2022-07-01",
      "RequestMethod": "GET",
      "RequestHeaders": {
        "Accept": "*/*",
        "Accept-Encoding": "gzip, deflate",
        "Connection": "keep-alive",
        "User-Agent": "azsdk-python-azure-mgmt-network/23.0.0 Python/3.8.15 (Linux-5.15.0-1023-azure-x86_64-with-glibc2.2.5) VSTS_0fb41ef4-5012-48a9-bf39-4ee3de03ee35_build_2384_0"
      },
      "RequestBody": null,
      "StatusCode": 200,
      "ResponseHeaders": {
        "Cache-Control": "no-cache",
        "Content-Encoding": "gzip",
        "Content-Type": "application/json; charset=utf-8",
        "Date": "Thu, 12 Jan 2023 03:59:55 GMT",
        "Expires": "-1",
        "Pragma": "no-cache",
        "Retry-After": "20",
        "Server": [
          "Microsoft-HTTPAPI/2.0",
          "Microsoft-HTTPAPI/2.0"
        ],
        "Strict-Transport-Security": "max-age=31536000; includeSubDomains",
        "Transfer-Encoding": "chunked",
        "Vary": "Accept-Encoding",
        "X-Content-Type-Options": "nosniff",
        "x-ms-arm-service-request-id": "1a887982-f4cb-4861-a7ce-81ced15fa2a2",
        "x-ms-correlation-request-id": "2935fc35-986d-4c06-a508-db614bf7134f",
        "x-ms-ratelimit-remaining-subscription-reads": "11993",
        "x-ms-routing-request-id": "SOUTHCENTRALUS:20230112T035955Z:2935fc35-986d-4c06-a508-db614bf7134f"
      },
      "ResponseBody": {
        "status": "InProgress"
      }
    },
    {
      "RequestUri": "https://management.azure.com/subscriptions/00000000-0000-0000-0000-000000000000/providers/Microsoft.Network/locations/westus/operations/145d84ce-f277-4085-bb92-b1f9bde9dcf9?api-version=2022-07-01",
      "RequestMethod": "GET",
      "RequestHeaders": {
        "Accept": "*/*",
        "Accept-Encoding": "gzip, deflate",
        "Connection": "keep-alive",
        "User-Agent": "azsdk-python-azure-mgmt-network/23.0.0 Python/3.8.15 (Linux-5.15.0-1023-azure-x86_64-with-glibc2.2.5) VSTS_0fb41ef4-5012-48a9-bf39-4ee3de03ee35_build_2384_0"
      },
      "RequestBody": null,
      "StatusCode": 200,
      "ResponseHeaders": {
        "Cache-Control": "no-cache",
        "Content-Encoding": "gzip",
        "Content-Type": "application/json; charset=utf-8",
        "Date": "Thu, 12 Jan 2023 04:00:15 GMT",
        "Expires": "-1",
        "Pragma": "no-cache",
        "Retry-After": "20",
        "Server": [
          "Microsoft-HTTPAPI/2.0",
          "Microsoft-HTTPAPI/2.0"
        ],
        "Strict-Transport-Security": "max-age=31536000; includeSubDomains",
        "Transfer-Encoding": "chunked",
        "Vary": "Accept-Encoding",
        "X-Content-Type-Options": "nosniff",
        "x-ms-arm-service-request-id": "a59b4b37-b76c-4b3b-8c5a-8168078b7e46",
        "x-ms-correlation-request-id": "85a846fc-28c6-43ac-8c1f-74cfd00c99f3",
        "x-ms-ratelimit-remaining-subscription-reads": "11992",
        "x-ms-routing-request-id": "SOUTHCENTRALUS:20230112T040015Z:85a846fc-28c6-43ac-8c1f-74cfd00c99f3"
      },
      "ResponseBody": {
        "status": "InProgress"
      }
    },
    {
      "RequestUri": "https://management.azure.com/subscriptions/00000000-0000-0000-0000-000000000000/providers/Microsoft.Network/locations/westus/operations/145d84ce-f277-4085-bb92-b1f9bde9dcf9?api-version=2022-07-01",
      "RequestMethod": "GET",
      "RequestHeaders": {
        "Accept": "*/*",
        "Accept-Encoding": "gzip, deflate",
        "Connection": "keep-alive",
        "User-Agent": "azsdk-python-azure-mgmt-network/23.0.0 Python/3.8.15 (Linux-5.15.0-1023-azure-x86_64-with-glibc2.2.5) VSTS_0fb41ef4-5012-48a9-bf39-4ee3de03ee35_build_2384_0"
      },
      "RequestBody": null,
      "StatusCode": 200,
      "ResponseHeaders": {
        "Cache-Control": "no-cache",
        "Content-Encoding": "gzip",
        "Content-Type": "application/json; charset=utf-8",
        "Date": "Thu, 12 Jan 2023 04:00:35 GMT",
        "Expires": "-1",
        "Pragma": "no-cache",
        "Retry-After": "40",
        "Server": [
          "Microsoft-HTTPAPI/2.0",
          "Microsoft-HTTPAPI/2.0"
        ],
        "Strict-Transport-Security": "max-age=31536000; includeSubDomains",
        "Transfer-Encoding": "chunked",
        "Vary": "Accept-Encoding",
        "X-Content-Type-Options": "nosniff",
        "x-ms-arm-service-request-id": "07f08dfb-67bf-45b1-8a10-a5ce464de3d2",
        "x-ms-correlation-request-id": "3240b58e-93b7-4dd9-a36f-7ba5259fad5e",
        "x-ms-ratelimit-remaining-subscription-reads": "11991",
        "x-ms-routing-request-id": "SOUTHCENTRALUS:20230112T040035Z:3240b58e-93b7-4dd9-a36f-7ba5259fad5e"
      },
      "ResponseBody": {
        "status": "InProgress"
      }
    },
    {
      "RequestUri": "https://management.azure.com/subscriptions/00000000-0000-0000-0000-000000000000/providers/Microsoft.Network/locations/westus/operations/145d84ce-f277-4085-bb92-b1f9bde9dcf9?api-version=2022-07-01",
      "RequestMethod": "GET",
      "RequestHeaders": {
        "Accept": "*/*",
        "Accept-Encoding": "gzip, deflate",
        "Connection": "keep-alive",
        "User-Agent": "azsdk-python-azure-mgmt-network/23.0.0 Python/3.8.15 (Linux-5.15.0-1023-azure-x86_64-with-glibc2.2.5) VSTS_0fb41ef4-5012-48a9-bf39-4ee3de03ee35_build_2384_0"
      },
      "RequestBody": null,
      "StatusCode": 200,
      "ResponseHeaders": {
        "Cache-Control": "no-cache",
        "Content-Encoding": "gzip",
        "Content-Type": "application/json; charset=utf-8",
        "Date": "Thu, 12 Jan 2023 04:01:15 GMT",
        "Expires": "-1",
        "Pragma": "no-cache",
        "Retry-After": "40",
        "Server": [
          "Microsoft-HTTPAPI/2.0",
          "Microsoft-HTTPAPI/2.0"
        ],
        "Strict-Transport-Security": "max-age=31536000; includeSubDomains",
        "Transfer-Encoding": "chunked",
        "Vary": "Accept-Encoding",
        "X-Content-Type-Options": "nosniff",
        "x-ms-arm-service-request-id": "e5cfc81e-4630-410a-8589-71caff6bb2de",
        "x-ms-correlation-request-id": "f6176ac8-1bb5-4151-bca2-e9265cfac0ec",
        "x-ms-ratelimit-remaining-subscription-reads": "11990",
        "x-ms-routing-request-id": "SOUTHCENTRALUS:20230112T040115Z:f6176ac8-1bb5-4151-bca2-e9265cfac0ec"
      },
      "ResponseBody": {
        "status": "InProgress"
      }
    },
    {
      "RequestUri": "https://management.azure.com/subscriptions/00000000-0000-0000-0000-000000000000/providers/Microsoft.Network/locations/westus/operations/145d84ce-f277-4085-bb92-b1f9bde9dcf9?api-version=2022-07-01",
      "RequestMethod": "GET",
      "RequestHeaders": {
        "Accept": "*/*",
        "Accept-Encoding": "gzip, deflate",
        "Connection": "keep-alive",
        "User-Agent": "azsdk-python-azure-mgmt-network/23.0.0 Python/3.8.15 (Linux-5.15.0-1023-azure-x86_64-with-glibc2.2.5) VSTS_0fb41ef4-5012-48a9-bf39-4ee3de03ee35_build_2384_0"
      },
      "RequestBody": null,
      "StatusCode": 200,
      "ResponseHeaders": {
        "Cache-Control": "no-cache",
        "Content-Encoding": "gzip",
        "Content-Type": "application/json; charset=utf-8",
        "Date": "Thu, 12 Jan 2023 04:01:56 GMT",
        "Expires": "-1",
        "Pragma": "no-cache",
        "Retry-After": "80",
        "Server": [
          "Microsoft-HTTPAPI/2.0",
          "Microsoft-HTTPAPI/2.0"
        ],
        "Strict-Transport-Security": "max-age=31536000; includeSubDomains",
        "Transfer-Encoding": "chunked",
        "Vary": "Accept-Encoding",
        "X-Content-Type-Options": "nosniff",
        "x-ms-arm-service-request-id": "56e3e096-e170-487b-8fda-52e0a3694e5e",
        "x-ms-correlation-request-id": "0cdd1af3-a914-4674-ae24-6ba26bc96691",
        "x-ms-ratelimit-remaining-subscription-reads": "11989",
        "x-ms-routing-request-id": "SOUTHCENTRALUS:20230112T040156Z:0cdd1af3-a914-4674-ae24-6ba26bc96691"
      },
      "ResponseBody": {
        "status": "InProgress"
      }
    },
    {
      "RequestUri": "https://management.azure.com/subscriptions/00000000-0000-0000-0000-000000000000/providers/Microsoft.Network/locations/westus/operations/145d84ce-f277-4085-bb92-b1f9bde9dcf9?api-version=2022-07-01",
      "RequestMethod": "GET",
      "RequestHeaders": {
        "Accept": "*/*",
        "Accept-Encoding": "gzip, deflate",
        "Connection": "keep-alive",
        "User-Agent": "azsdk-python-azure-mgmt-network/23.0.0 Python/3.8.15 (Linux-5.15.0-1023-azure-x86_64-with-glibc2.2.5) VSTS_0fb41ef4-5012-48a9-bf39-4ee3de03ee35_build_2384_0"
      },
      "RequestBody": null,
      "StatusCode": 200,
      "ResponseHeaders": {
        "Cache-Control": "no-cache",
        "Content-Encoding": "gzip",
        "Content-Type": "application/json; charset=utf-8",
        "Date": "Thu, 12 Jan 2023 04:03:15 GMT",
        "Expires": "-1",
        "Pragma": "no-cache",
        "Retry-After": "160",
        "Server": [
          "Microsoft-HTTPAPI/2.0",
          "Microsoft-HTTPAPI/2.0"
        ],
        "Strict-Transport-Security": "max-age=31536000; includeSubDomains",
        "Transfer-Encoding": "chunked",
        "Vary": "Accept-Encoding",
        "X-Content-Type-Options": "nosniff",
        "x-ms-arm-service-request-id": "12d66be3-2bc1-463e-b3b0-ed8baad396b1",
        "x-ms-correlation-request-id": "f051d711-e4c9-41d9-8d4c-11b24e26009d",
        "x-ms-ratelimit-remaining-subscription-reads": "11988",
        "x-ms-routing-request-id": "SOUTHCENTRALUS:20230112T040316Z:f051d711-e4c9-41d9-8d4c-11b24e26009d"
      },
      "ResponseBody": {
        "status": "InProgress"
      }
    },
    {
      "RequestUri": "https://management.azure.com/subscriptions/00000000-0000-0000-0000-000000000000/providers/Microsoft.Network/locations/westus/operations/145d84ce-f277-4085-bb92-b1f9bde9dcf9?api-version=2022-07-01",
      "RequestMethod": "GET",
      "RequestHeaders": {
        "Accept": "*/*",
        "Accept-Encoding": "gzip, deflate",
        "Connection": "keep-alive",
        "User-Agent": "azsdk-python-azure-mgmt-network/23.0.0 Python/3.8.15 (Linux-5.15.0-1023-azure-x86_64-with-glibc2.2.5) VSTS_0fb41ef4-5012-48a9-bf39-4ee3de03ee35_build_2384_0"
      },
      "RequestBody": null,
      "StatusCode": 200,
      "ResponseHeaders": {
        "Cache-Control": "no-cache",
        "Content-Encoding": "gzip",
        "Content-Type": "application/json; charset=utf-8",
        "Date": "Thu, 12 Jan 2023 04:05:55 GMT",
        "Expires": "-1",
        "Pragma": "no-cache",
        "Retry-After": "100",
        "Server": [
          "Microsoft-HTTPAPI/2.0",
          "Microsoft-HTTPAPI/2.0"
        ],
        "Strict-Transport-Security": "max-age=31536000; includeSubDomains",
        "Transfer-Encoding": "chunked",
        "Vary": "Accept-Encoding",
        "X-Content-Type-Options": "nosniff",
        "x-ms-arm-service-request-id": "38ca95ad-3deb-4e91-8636-30333a2c4b5e",
        "x-ms-correlation-request-id": "c547b39b-6630-44fb-bad5-6dbb8f0feab0",
        "x-ms-ratelimit-remaining-subscription-reads": "11987",
        "x-ms-routing-request-id": "SOUTHCENTRALUS:20230112T040556Z:c547b39b-6630-44fb-bad5-6dbb8f0feab0"
      },
      "ResponseBody": {
        "status": "InProgress"
      }
    },
    {
      "RequestUri": "https://management.azure.com/subscriptions/00000000-0000-0000-0000-000000000000/providers/Microsoft.Network/locations/westus/operations/145d84ce-f277-4085-bb92-b1f9bde9dcf9?api-version=2022-07-01",
      "RequestMethod": "GET",
      "RequestHeaders": {
        "Accept": "*/*",
        "Accept-Encoding": "gzip, deflate",
        "Connection": "keep-alive",
        "User-Agent": "azsdk-python-azure-mgmt-network/23.0.0 Python/3.8.15 (Linux-5.15.0-1023-azure-x86_64-with-glibc2.2.5) VSTS_0fb41ef4-5012-48a9-bf39-4ee3de03ee35_build_2384_0"
      },
      "RequestBody": null,
      "StatusCode": 200,
      "ResponseHeaders": {
        "Cache-Control": "no-cache",
        "Content-Encoding": "gzip",
        "Content-Type": "application/json; charset=utf-8",
        "Date": "Thu, 12 Jan 2023 04:07:36 GMT",
        "Expires": "-1",
        "Pragma": "no-cache",
        "Retry-After": "100",
        "Server": [
          "Microsoft-HTTPAPI/2.0",
          "Microsoft-HTTPAPI/2.0"
        ],
        "Strict-Transport-Security": "max-age=31536000; includeSubDomains",
        "Transfer-Encoding": "chunked",
        "Vary": "Accept-Encoding",
        "X-Content-Type-Options": "nosniff",
        "x-ms-arm-service-request-id": "65c9283a-6b32-4172-85b5-14d5f3d85748",
        "x-ms-correlation-request-id": "338228a0-6401-4e14-a1dc-c7a80a65d7de",
        "x-ms-ratelimit-remaining-subscription-reads": "11999",
        "x-ms-routing-request-id": "SOUTHCENTRALUS:20230112T040736Z:338228a0-6401-4e14-a1dc-c7a80a65d7de"
      },
      "ResponseBody": {
        "status": "InProgress"
      }
    },
    {
      "RequestUri": "https://management.azure.com/subscriptions/00000000-0000-0000-0000-000000000000/providers/Microsoft.Network/locations/westus/operations/145d84ce-f277-4085-bb92-b1f9bde9dcf9?api-version=2022-07-01",
      "RequestMethod": "GET",
      "RequestHeaders": {
        "Accept": "*/*",
        "Accept-Encoding": "gzip, deflate",
        "Connection": "keep-alive",
        "User-Agent": "azsdk-python-azure-mgmt-network/23.0.0 Python/3.8.15 (Linux-5.15.0-1023-azure-x86_64-with-glibc2.2.5) VSTS_0fb41ef4-5012-48a9-bf39-4ee3de03ee35_build_2384_0"
      },
      "RequestBody": null,
      "StatusCode": 200,
      "ResponseHeaders": {
        "Cache-Control": "no-cache",
        "Content-Encoding": "gzip",
        "Content-Type": "application/json; charset=utf-8",
        "Date": "Thu, 12 Jan 2023 04:09:16 GMT",
        "Expires": "-1",
        "Pragma": "no-cache",
        "Retry-After": "100",
        "Server": [
          "Microsoft-HTTPAPI/2.0",
          "Microsoft-HTTPAPI/2.0"
        ],
        "Strict-Transport-Security": "max-age=31536000; includeSubDomains",
        "Transfer-Encoding": "chunked",
        "Vary": "Accept-Encoding",
        "X-Content-Type-Options": "nosniff",
        "x-ms-arm-service-request-id": "4497d3aa-5604-4161-8e57-1607de411230",
        "x-ms-correlation-request-id": "6f9d0990-61f2-4aef-933f-d062ed587690",
        "x-ms-ratelimit-remaining-subscription-reads": "11998",
        "x-ms-routing-request-id": "SOUTHCENTRALUS:20230112T040917Z:6f9d0990-61f2-4aef-933f-d062ed587690"
      },
      "ResponseBody": {
        "status": "InProgress"
      }
    },
    {
      "RequestUri": "https://management.azure.com/subscriptions/00000000-0000-0000-0000-000000000000/providers/Microsoft.Network/locations/westus/operations/145d84ce-f277-4085-bb92-b1f9bde9dcf9?api-version=2022-07-01",
      "RequestMethod": "GET",
      "RequestHeaders": {
        "Accept": "*/*",
        "Accept-Encoding": "gzip, deflate",
        "Connection": "keep-alive",
        "User-Agent": "azsdk-python-azure-mgmt-network/23.0.0 Python/3.8.15 (Linux-5.15.0-1023-azure-x86_64-with-glibc2.2.5) VSTS_0fb41ef4-5012-48a9-bf39-4ee3de03ee35_build_2384_0"
      },
      "RequestBody": null,
      "StatusCode": 200,
      "ResponseHeaders": {
        "Cache-Control": "no-cache",
        "Content-Encoding": "gzip",
        "Content-Type": "application/json; charset=utf-8",
        "Date": "Thu, 12 Jan 2023 04:10:56 GMT",
        "Expires": "-1",
        "Pragma": "no-cache",
        "Retry-After": "100",
        "Server": [
          "Microsoft-HTTPAPI/2.0",
          "Microsoft-HTTPAPI/2.0"
        ],
        "Strict-Transport-Security": "max-age=31536000; includeSubDomains",
        "Transfer-Encoding": "chunked",
        "Vary": "Accept-Encoding",
        "X-Content-Type-Options": "nosniff",
        "x-ms-arm-service-request-id": "484c54b5-6160-4c96-919b-dcd19e3ffd11",
        "x-ms-correlation-request-id": "d945fa1a-6c06-4853-8325-d0a7aec90d17",
        "x-ms-ratelimit-remaining-subscription-reads": "11997",
        "x-ms-routing-request-id": "SOUTHCENTRALUS:20230112T041057Z:d945fa1a-6c06-4853-8325-d0a7aec90d17"
      },
      "ResponseBody": {
        "status": "InProgress"
      }
    },
    {
      "RequestUri": "https://management.azure.com/subscriptions/00000000-0000-0000-0000-000000000000/providers/Microsoft.Network/locations/westus/operations/145d84ce-f277-4085-bb92-b1f9bde9dcf9?api-version=2022-07-01",
      "RequestMethod": "GET",
      "RequestHeaders": {
        "Accept": "*/*",
        "Accept-Encoding": "gzip, deflate",
        "Connection": "keep-alive",
        "User-Agent": "azsdk-python-azure-mgmt-network/23.0.0 Python/3.8.15 (Linux-5.15.0-1023-azure-x86_64-with-glibc2.2.5) VSTS_0fb41ef4-5012-48a9-bf39-4ee3de03ee35_build_2384_0"
      },
      "RequestBody": null,
      "StatusCode": 200,
      "ResponseHeaders": {
        "Cache-Control": "no-cache",
        "Content-Encoding": "gzip",
        "Content-Type": "application/json; charset=utf-8",
        "Date": "Thu, 12 Jan 2023 04:12:37 GMT",
        "Expires": "-1",
        "Pragma": "no-cache",
        "Retry-After": "100",
        "Server": [
          "Microsoft-HTTPAPI/2.0",
          "Microsoft-HTTPAPI/2.0"
        ],
        "Strict-Transport-Security": "max-age=31536000; includeSubDomains",
        "Transfer-Encoding": "chunked",
        "Vary": "Accept-Encoding",
        "X-Content-Type-Options": "nosniff",
        "x-ms-arm-service-request-id": "f8687e95-e160-463f-9b61-3be26a1ca2b8",
        "x-ms-correlation-request-id": "cba80603-4fef-460c-b0c0-881fc29a1d75",
        "x-ms-ratelimit-remaining-subscription-reads": "11996",
        "x-ms-routing-request-id": "SOUTHCENTRALUS:20230112T041237Z:cba80603-4fef-460c-b0c0-881fc29a1d75"
      },
      "ResponseBody": {
        "status": "InProgress"
      }
    },
    {
      "RequestUri": "https://management.azure.com/subscriptions/00000000-0000-0000-0000-000000000000/providers/Microsoft.Network/locations/westus/operations/145d84ce-f277-4085-bb92-b1f9bde9dcf9?api-version=2022-07-01",
      "RequestMethod": "GET",
      "RequestHeaders": {
        "Accept": "*/*",
        "Accept-Encoding": "gzip, deflate",
        "Connection": "keep-alive",
        "User-Agent": "azsdk-python-azure-mgmt-network/23.0.0 Python/3.8.15 (Linux-5.15.0-1023-azure-x86_64-with-glibc2.2.5) VSTS_0fb41ef4-5012-48a9-bf39-4ee3de03ee35_build_2384_0"
      },
      "RequestBody": null,
      "StatusCode": 200,
      "ResponseHeaders": {
        "Cache-Control": "no-cache",
        "Content-Encoding": "gzip",
        "Content-Type": "application/json; charset=utf-8",
        "Date": "Thu, 12 Jan 2023 04:14:17 GMT",
        "Expires": "-1",
        "Pragma": "no-cache",
        "Retry-After": "100",
        "Server": [
          "Microsoft-HTTPAPI/2.0",
          "Microsoft-HTTPAPI/2.0"
        ],
        "Strict-Transport-Security": "max-age=31536000; includeSubDomains",
        "Transfer-Encoding": "chunked",
        "Vary": "Accept-Encoding",
        "X-Content-Type-Options": "nosniff",
        "x-ms-arm-service-request-id": "a41387ff-3616-4c23-b5bb-989597950dfd",
        "x-ms-correlation-request-id": "70993fc3-4c6a-4da1-ba04-240c3f031f56",
        "x-ms-ratelimit-remaining-subscription-reads": "11995",
        "x-ms-routing-request-id": "SOUTHCENTRALUS:20230112T041417Z:70993fc3-4c6a-4da1-ba04-240c3f031f56"
      },
      "ResponseBody": {
        "status": "InProgress"
      }
    },
    {
      "RequestUri": "https://management.azure.com/subscriptions/00000000-0000-0000-0000-000000000000/providers/Microsoft.Network/locations/westus/operations/145d84ce-f277-4085-bb92-b1f9bde9dcf9?api-version=2022-07-01",
      "RequestMethod": "GET",
      "RequestHeaders": {
        "Accept": "*/*",
        "Accept-Encoding": "gzip, deflate",
        "Connection": "keep-alive",
        "User-Agent": "azsdk-python-azure-mgmt-network/23.0.0 Python/3.8.15 (Linux-5.15.0-1023-azure-x86_64-with-glibc2.2.5) VSTS_0fb41ef4-5012-48a9-bf39-4ee3de03ee35_build_2384_0"
      },
      "RequestBody": null,
      "StatusCode": 200,
      "ResponseHeaders": {
        "Cache-Control": "no-cache",
        "Content-Encoding": "gzip",
        "Content-Type": "application/json; charset=utf-8",
        "Date": "Thu, 12 Jan 2023 04:15:57 GMT",
        "Expires": "-1",
        "Pragma": "no-cache",
        "Retry-After": "100",
        "Server": [
          "Microsoft-HTTPAPI/2.0",
          "Microsoft-HTTPAPI/2.0"
        ],
        "Strict-Transport-Security": "max-age=31536000; includeSubDomains",
        "Transfer-Encoding": "chunked",
        "Vary": "Accept-Encoding",
        "X-Content-Type-Options": "nosniff",
        "x-ms-arm-service-request-id": "20a4193e-bc5a-44b8-b1f2-d3a24af81e4b",
        "x-ms-correlation-request-id": "20e13626-81d8-401e-994e-c03b46b41816",
        "x-ms-ratelimit-remaining-subscription-reads": "11994",
        "x-ms-routing-request-id": "SOUTHCENTRALUS:20230112T041557Z:20e13626-81d8-401e-994e-c03b46b41816"
      },
      "ResponseBody": {
        "status": "InProgress"
      }
    },
    {
      "RequestUri": "https://management.azure.com/subscriptions/00000000-0000-0000-0000-000000000000/providers/Microsoft.Network/locations/westus/operations/145d84ce-f277-4085-bb92-b1f9bde9dcf9?api-version=2022-07-01",
      "RequestMethod": "GET",
      "RequestHeaders": {
        "Accept": "*/*",
        "Accept-Encoding": "gzip, deflate",
        "Connection": "keep-alive",
        "User-Agent": "azsdk-python-azure-mgmt-network/23.0.0 Python/3.8.15 (Linux-5.15.0-1023-azure-x86_64-with-glibc2.2.5) VSTS_0fb41ef4-5012-48a9-bf39-4ee3de03ee35_build_2384_0"
      },
      "RequestBody": null,
      "StatusCode": 200,
      "ResponseHeaders": {
        "Cache-Control": "no-cache",
        "Content-Encoding": "gzip",
        "Content-Type": "application/json; charset=utf-8",
        "Date": "Thu, 12 Jan 2023 04:17:38 GMT",
        "Expires": "-1",
        "Pragma": "no-cache",
        "Server": [
          "Microsoft-HTTPAPI/2.0",
          "Microsoft-HTTPAPI/2.0"
        ],
        "Strict-Transport-Security": "max-age=31536000; includeSubDomains",
        "Transfer-Encoding": "chunked",
        "Vary": "Accept-Encoding",
        "X-Content-Type-Options": "nosniff",
        "x-ms-arm-service-request-id": "ae766456-f78b-4e55-9ed3-2eb3244d9b4f",
        "x-ms-correlation-request-id": "d46e887a-f450-4e34-bcf5-db1cb1d6d8be",
        "x-ms-ratelimit-remaining-subscription-reads": "11999",
        "x-ms-routing-request-id": "SOUTHCENTRALUS:20230112T041738Z:d46e887a-f450-4e34-bcf5-db1cb1d6d8be"
      },
      "ResponseBody": {
        "status": "Succeeded"
      }
    },
    {
      "RequestUri": "https://management.azure.com/subscriptions/00000000-0000-0000-0000-000000000000/resourceGroups/20ad2a59/providers/Microsoft.Network/azureFirewalls/azurefirewall?api-version=2022-07-01",
      "RequestMethod": "GET",
      "RequestHeaders": {
        "Accept": "*/*",
        "Accept-Encoding": "gzip, deflate",
        "Connection": "keep-alive",
        "User-Agent": "azsdk-python-azure-mgmt-network/23.0.0 Python/3.8.15 (Linux-5.15.0-1023-azure-x86_64-with-glibc2.2.5) VSTS_0fb41ef4-5012-48a9-bf39-4ee3de03ee35_build_2384_0"
      },
      "RequestBody": null,
      "StatusCode": 200,
      "ResponseHeaders": {
        "Cache-Control": "no-cache",
        "Content-Encoding": "gzip",
        "Content-Type": "application/json; charset=utf-8",
        "Date": "Thu, 12 Jan 2023 04:17:38 GMT",
        "ETag": "W/\u0022452e9f95-4875-43f5-a3da-dd6f3378af1d\u0022",
        "Expires": "-1",
        "Pragma": "no-cache",
        "Server": [
          "Microsoft-HTTPAPI/2.0",
          "Microsoft-HTTPAPI/2.0"
        ],
        "Strict-Transport-Security": "max-age=31536000; includeSubDomains",
        "Transfer-Encoding": "chunked",
        "Vary": "Accept-Encoding",
        "X-Content-Type-Options": "nosniff",
        "x-ms-arm-service-request-id": "9fcecb3a-c65f-48a2-a0c9-35e476e22061",
        "x-ms-correlation-request-id": "1a955783-8b1c-44ab-89a3-ca725a332d0a",
        "x-ms-ratelimit-remaining-subscription-reads": "11998",
        "x-ms-routing-request-id": "SOUTHCENTRALUS:20230112T041738Z:1a955783-8b1c-44ab-89a3-ca725a332d0a"
      },
      "ResponseBody": {
        "name": "azurefirewall",
        "id": "/subscriptions/00000000-0000-0000-0000-000000000000/resourceGroups/20ad2a59/providers/Microsoft.Network/azureFirewalls/azurefirewall",
        "etag": "W/\u0022452e9f95-4875-43f5-a3da-dd6f3378af1d\u0022",
        "type": "Microsoft.Network/azureFirewalls",
        "location": "westus",
        "tags": {
          "key1": "value1"
        },
        "properties": {
          "provisioningState": "Succeeded",
          "sku": {
            "name": "AZFW_Hub",
            "tier": "Standard"
          },
          "additionalProperties": {},
          "virtualHub": {
            "id": "/subscriptions/00000000-0000-0000-0000-000000000000/resourceGroups/20ad2a59/providers/Microsoft.Network/virtualHubs/virtualhub"
          },
          "hubIPAddresses": {
            "privateIPAddress": "10.168.0.132",
            "publicIPs": {
              "addresses": [
                {
                  "address": "20.245.6.90"
                }
              ],
              "count": 1
            }
          },
          "firewallPolicy": {
            "id": "/subscriptions/00000000-0000-0000-0000-000000000000/resourceGroups/20ad2a59/providers/Microsoft.Network/firewallPolicies/firewallpolicy"
          }
        }
      }
    },
    {
      "RequestUri": "https://management.azure.com/subscriptions/00000000-0000-0000-0000-000000000000/resourceGroups/20ad2a59/providers/Microsoft.Network/azureFirewalls/azurefirewall?api-version=2022-07-01",
      "RequestMethod": "GET",
      "RequestHeaders": {
        "Accept": "application/json",
        "Accept-Encoding": "gzip, deflate",
        "Connection": "keep-alive",
        "User-Agent": "azsdk-python-azure-mgmt-network/23.0.0 Python/3.8.15 (Linux-5.15.0-1023-azure-x86_64-with-glibc2.2.5) VSTS_0fb41ef4-5012-48a9-bf39-4ee3de03ee35_build_2384_0"
      },
      "RequestBody": null,
      "StatusCode": 200,
      "ResponseHeaders": {
        "Cache-Control": "no-cache",
        "Content-Encoding": "gzip",
        "Content-Type": "application/json; charset=utf-8",
        "Date": "Thu, 12 Jan 2023 04:17:38 GMT",
        "ETag": "W/\u0022452e9f95-4875-43f5-a3da-dd6f3378af1d\u0022",
        "Expires": "-1",
        "Pragma": "no-cache",
        "Server": [
          "Microsoft-HTTPAPI/2.0",
          "Microsoft-HTTPAPI/2.0"
        ],
        "Strict-Transport-Security": "max-age=31536000; includeSubDomains",
        "Transfer-Encoding": "chunked",
        "Vary": "Accept-Encoding",
        "X-Content-Type-Options": "nosniff",
        "x-ms-arm-service-request-id": "dddd7733-045e-4f22-9657-8f401a383542",
        "x-ms-correlation-request-id": "67257fe3-bb4b-45da-aa53-87443c040902",
        "x-ms-ratelimit-remaining-subscription-reads": "11997",
        "x-ms-routing-request-id": "SOUTHCENTRALUS:20230112T041738Z:67257fe3-bb4b-45da-aa53-87443c040902"
      },
      "ResponseBody": {
        "name": "azurefirewall",
        "id": "/subscriptions/00000000-0000-0000-0000-000000000000/resourceGroups/20ad2a59/providers/Microsoft.Network/azureFirewalls/azurefirewall",
        "etag": "W/\u0022452e9f95-4875-43f5-a3da-dd6f3378af1d\u0022",
        "type": "Microsoft.Network/azureFirewalls",
        "location": "westus",
        "tags": {
          "key1": "value1"
        },
        "properties": {
          "provisioningState": "Succeeded",
          "sku": {
            "name": "AZFW_Hub",
            "tier": "Standard"
          },
          "additionalProperties": {},
          "virtualHub": {
            "id": "/subscriptions/00000000-0000-0000-0000-000000000000/resourceGroups/20ad2a59/providers/Microsoft.Network/virtualHubs/virtualhub"
          },
          "hubIPAddresses": {
            "privateIPAddress": "10.168.0.132",
            "publicIPs": {
              "addresses": [
                {
                  "address": "20.245.6.90"
                }
              ],
              "count": 1
            }
          },
          "firewallPolicy": {
            "id": "/subscriptions/00000000-0000-0000-0000-000000000000/resourceGroups/20ad2a59/providers/Microsoft.Network/firewallPolicies/firewallpolicy"
          }
        }
      }
    },
    {
      "RequestUri": "https://management.azure.com/subscriptions/00000000-0000-0000-0000-000000000000/resourceGroups/20ad2a59/providers/Microsoft.Network/azureFirewalls/azurefirewall?api-version=2022-07-01",
      "RequestMethod": "PATCH",
      "RequestHeaders": {
        "Accept": "application/json",
        "Accept-Encoding": "gzip, deflate",
        "Connection": "keep-alive",
        "Content-Length": "46",
        "Content-Type": "application/json",
        "User-Agent": "azsdk-python-azure-mgmt-network/23.0.0 Python/3.8.15 (Linux-5.15.0-1023-azure-x86_64-with-glibc2.2.5) VSTS_0fb41ef4-5012-48a9-bf39-4ee3de03ee35_build_2384_0"
      },
      "RequestBody": {
        "tags": {
          "tag1": "value1",
          "tag2": "value2"
        }
      },
      "StatusCode": 200,
      "ResponseHeaders": {
        "Azure-AsyncNotification": "Enabled",
        "Cache-Control": "no-cache",
        "Content-Encoding": "gzip",
        "Content-Type": "application/json; charset=utf-8",
        "Date": "Thu, 12 Jan 2023 04:17:39 GMT",
        "Expires": "-1",
        "Pragma": "no-cache",
        "Retry-After": "10",
        "Server": [
          "Microsoft-HTTPAPI/2.0",
          "Microsoft-HTTPAPI/2.0"
        ],
        "Strict-Transport-Security": "max-age=31536000; includeSubDomains",
        "Transfer-Encoding": "chunked",
        "Vary": "Accept-Encoding",
        "X-Content-Type-Options": "nosniff",
        "x-ms-arm-service-request-id": "aaa36d18-25ff-4341-8106-f1f8ecda26bd",
        "x-ms-correlation-request-id": "ead14751-965b-4acc-83d1-d758ff0f21b4",
        "x-ms-ratelimit-remaining-subscription-writes": "1199",
        "x-ms-routing-request-id": "SOUTHCENTRALUS:20230112T041739Z:ead14751-965b-4acc-83d1-d758ff0f21b4"
      },
      "ResponseBody": {
        "name": "azurefirewall",
        "id": "/subscriptions/00000000-0000-0000-0000-000000000000/resourceGroups/20ad2a59/providers/Microsoft.Network/azureFirewalls/azurefirewall",
        "etag": "W/\u0022a40255f0-83fe-457e-848e-ba37119146f8\u0022",
        "type": "Microsoft.Network/azureFirewalls",
        "location": "westus",
        "tags": {
          "tag1": "value1",
          "tag2": "value2"
        },
        "properties": {
          "provisioningState": "Updating",
          "sku": {
            "name": "AZFW_Hub",
            "tier": "Standard"
          },
          "additionalProperties": {},
          "virtualHub": {
            "id": "/subscriptions/00000000-0000-0000-0000-000000000000/resourceGroups/20ad2a59/providers/Microsoft.Network/virtualHubs/virtualhub"
          },
          "hubIPAddresses": {
            "privateIPAddress": "10.168.0.132",
            "publicIPs": {
              "addresses": [
                {
                  "address": "20.245.6.90"
                }
              ],
              "count": 1
            }
          },
          "firewallPolicy": {
            "id": "/subscriptions/00000000-0000-0000-0000-000000000000/resourceGroups/20ad2a59/providers/Microsoft.Network/firewallPolicies/firewallpolicy"
          }
        }
      }
    },
    {
      "RequestUri": "https://management.azure.com/subscriptions/00000000-0000-0000-0000-000000000000/resourceGroups/20ad2a59/providers/Microsoft.Network/azureFirewalls/azurefirewall?api-version=2022-07-01",
      "RequestMethod": "GET",
      "RequestHeaders": {
        "Accept": "*/*",
        "Accept-Encoding": "gzip, deflate",
        "Connection": "keep-alive",
        "User-Agent": "azsdk-python-azure-mgmt-network/23.0.0 Python/3.8.15 (Linux-5.15.0-1023-azure-x86_64-with-glibc2.2.5) VSTS_0fb41ef4-5012-48a9-bf39-4ee3de03ee35_build_2384_0"
      },
      "RequestBody": null,
      "StatusCode": 200,
      "ResponseHeaders": {
        "Cache-Control": "no-cache",
        "Content-Encoding": "gzip",
        "Content-Type": "application/json; charset=utf-8",
        "Date": "Thu, 12 Jan 2023 04:17:39 GMT",
        "ETag": "W/\u0022a40255f0-83fe-457e-848e-ba37119146f8\u0022",
        "Expires": "-1",
        "Pragma": "no-cache",
        "Server": [
          "Microsoft-HTTPAPI/2.0",
          "Microsoft-HTTPAPI/2.0"
        ],
        "Strict-Transport-Security": "max-age=31536000; includeSubDomains",
        "Transfer-Encoding": "chunked",
        "Vary": "Accept-Encoding",
        "X-Content-Type-Options": "nosniff",
        "x-ms-arm-service-request-id": "ad7c01a5-d63c-4c5c-84e9-e191275b01e5",
        "x-ms-correlation-request-id": "4cc9265e-d72b-4233-b609-d74b9ea1e713",
        "x-ms-ratelimit-remaining-subscription-reads": "11996",
        "x-ms-routing-request-id": "SOUTHCENTRALUS:20230112T041739Z:4cc9265e-d72b-4233-b609-d74b9ea1e713"
      },
      "ResponseBody": {
        "name": "azurefirewall",
        "id": "/subscriptions/00000000-0000-0000-0000-000000000000/resourceGroups/20ad2a59/providers/Microsoft.Network/azureFirewalls/azurefirewall",
        "etag": "W/\u0022a40255f0-83fe-457e-848e-ba37119146f8\u0022",
        "type": "Microsoft.Network/azureFirewalls",
        "location": "westus",
        "tags": {
          "tag1": "value1",
          "tag2": "value2"
        },
        "properties": {
          "provisioningState": "Updating",
          "sku": {
            "name": "AZFW_Hub",
            "tier": "Standard"
          },
          "additionalProperties": {},
          "virtualHub": {
            "id": "/subscriptions/00000000-0000-0000-0000-000000000000/resourceGroups/20ad2a59/providers/Microsoft.Network/virtualHubs/virtualhub"
          },
          "hubIPAddresses": {
            "privateIPAddress": "10.168.0.132",
            "publicIPs": {
              "addresses": [
                {
                  "address": "20.245.6.90"
                }
              ],
              "count": 1
            }
          },
          "firewallPolicy": {
            "id": "/subscriptions/00000000-0000-0000-0000-000000000000/resourceGroups/20ad2a59/providers/Microsoft.Network/firewallPolicies/firewallpolicy"
          }
        }
      }
    },
    {
      "RequestUri": "https://management.azure.com/subscriptions/00000000-0000-0000-0000-000000000000/resourceGroups/20ad2a59/providers/Microsoft.Network/azureFirewalls/azurefirewall?api-version=2022-07-01",
      "RequestMethod": "GET",
      "RequestHeaders": {
        "Accept": "*/*",
        "Accept-Encoding": "gzip, deflate",
        "Connection": "keep-alive",
        "User-Agent": "azsdk-python-azure-mgmt-network/23.0.0 Python/3.8.15 (Linux-5.15.0-1023-azure-x86_64-with-glibc2.2.5) VSTS_0fb41ef4-5012-48a9-bf39-4ee3de03ee35_build_2384_0"
      },
      "RequestBody": null,
      "StatusCode": 200,
      "ResponseHeaders": {
        "Cache-Control": "no-cache",
        "Content-Encoding": "gzip",
        "Content-Type": "application/json; charset=utf-8",
        "Date": "Thu, 12 Jan 2023 04:18:09 GMT",
        "ETag": "W/\u0022a40255f0-83fe-457e-848e-ba37119146f8\u0022",
        "Expires": "-1",
        "Pragma": "no-cache",
        "Server": [
          "Microsoft-HTTPAPI/2.0",
          "Microsoft-HTTPAPI/2.0"
        ],
        "Strict-Transport-Security": "max-age=31536000; includeSubDomains",
        "Transfer-Encoding": "chunked",
        "Vary": "Accept-Encoding",
        "X-Content-Type-Options": "nosniff",
        "x-ms-arm-service-request-id": "2385cd34-fc56-4b00-8660-52b1e8cc856c",
        "x-ms-correlation-request-id": "e50643a4-5113-40c3-8f07-990734a4c7da",
        "x-ms-ratelimit-remaining-subscription-reads": "11995",
        "x-ms-routing-request-id": "SOUTHCENTRALUS:20230112T041809Z:e50643a4-5113-40c3-8f07-990734a4c7da"
      },
      "ResponseBody": {
        "name": "azurefirewall",
        "id": "/subscriptions/00000000-0000-0000-0000-000000000000/resourceGroups/20ad2a59/providers/Microsoft.Network/azureFirewalls/azurefirewall",
        "etag": "W/\u0022a40255f0-83fe-457e-848e-ba37119146f8\u0022",
        "type": "Microsoft.Network/azureFirewalls",
        "location": "westus",
        "tags": {
          "tag1": "value1",
          "tag2": "value2"
        },
        "properties": {
          "provisioningState": "Updating",
          "sku": {
            "name": "AZFW_Hub",
            "tier": "Standard"
          },
          "additionalProperties": {},
          "virtualHub": {
            "id": "/subscriptions/00000000-0000-0000-0000-000000000000/resourceGroups/20ad2a59/providers/Microsoft.Network/virtualHubs/virtualhub"
          },
          "hubIPAddresses": {
            "privateIPAddress": "10.168.0.132",
            "publicIPs": {
              "addresses": [
                {
                  "address": "20.245.6.90"
                }
              ],
              "count": 1
            }
          },
          "firewallPolicy": {
            "id": "/subscriptions/00000000-0000-0000-0000-000000000000/resourceGroups/20ad2a59/providers/Microsoft.Network/firewallPolicies/firewallpolicy"
          }
        }
      }
    },
    {
      "RequestUri": "https://management.azure.com/subscriptions/00000000-0000-0000-0000-000000000000/resourceGroups/20ad2a59/providers/Microsoft.Network/azureFirewalls/azurefirewall?api-version=2022-07-01",
      "RequestMethod": "GET",
      "RequestHeaders": {
        "Accept": "*/*",
        "Accept-Encoding": "gzip, deflate",
        "Connection": "keep-alive",
        "User-Agent": "azsdk-python-azure-mgmt-network/23.0.0 Python/3.8.15 (Linux-5.15.0-1023-azure-x86_64-with-glibc2.2.5) VSTS_0fb41ef4-5012-48a9-bf39-4ee3de03ee35_build_2384_0"
      },
      "RequestBody": null,
      "StatusCode": 200,
      "ResponseHeaders": {
        "Cache-Control": "no-cache",
        "Content-Encoding": "gzip",
        "Content-Type": "application/json; charset=utf-8",
        "Date": "Thu, 12 Jan 2023 04:18:39 GMT",
        "ETag": "W/\u0022a40255f0-83fe-457e-848e-ba37119146f8\u0022",
        "Expires": "-1",
        "Pragma": "no-cache",
        "Server": [
          "Microsoft-HTTPAPI/2.0",
          "Microsoft-HTTPAPI/2.0"
        ],
        "Strict-Transport-Security": "max-age=31536000; includeSubDomains",
        "Transfer-Encoding": "chunked",
        "Vary": "Accept-Encoding",
        "X-Content-Type-Options": "nosniff",
        "x-ms-arm-service-request-id": "7979cf14-be77-4126-91b4-a484bebccab7",
        "x-ms-correlation-request-id": "25aecbd3-7031-45f0-a205-44965ce32154",
        "x-ms-ratelimit-remaining-subscription-reads": "11994",
        "x-ms-routing-request-id": "SOUTHCENTRALUS:20230112T041840Z:25aecbd3-7031-45f0-a205-44965ce32154"
      },
      "ResponseBody": {
        "name": "azurefirewall",
        "id": "/subscriptions/00000000-0000-0000-0000-000000000000/resourceGroups/20ad2a59/providers/Microsoft.Network/azureFirewalls/azurefirewall",
        "etag": "W/\u0022a40255f0-83fe-457e-848e-ba37119146f8\u0022",
        "type": "Microsoft.Network/azureFirewalls",
        "location": "westus",
        "tags": {
          "tag1": "value1",
          "tag2": "value2"
        },
        "properties": {
          "provisioningState": "Updating",
          "sku": {
            "name": "AZFW_Hub",
            "tier": "Standard"
          },
          "additionalProperties": {},
          "virtualHub": {
            "id": "/subscriptions/00000000-0000-0000-0000-000000000000/resourceGroups/20ad2a59/providers/Microsoft.Network/virtualHubs/virtualhub"
          },
          "hubIPAddresses": {
            "privateIPAddress": "10.168.0.132",
            "publicIPs": {
              "addresses": [
                {
                  "address": "20.245.6.90"
                }
              ],
              "count": 1
            }
          },
          "firewallPolicy": {
            "id": "/subscriptions/00000000-0000-0000-0000-000000000000/resourceGroups/20ad2a59/providers/Microsoft.Network/firewallPolicies/firewallpolicy"
          }
        }
      }
    },
    {
      "RequestUri": "https://management.azure.com/subscriptions/00000000-0000-0000-0000-000000000000/resourceGroups/20ad2a59/providers/Microsoft.Network/azureFirewalls/azurefirewall?api-version=2022-07-01",
      "RequestMethod": "GET",
      "RequestHeaders": {
        "Accept": "*/*",
        "Accept-Encoding": "gzip, deflate",
        "Connection": "keep-alive",
        "User-Agent": "azsdk-python-azure-mgmt-network/23.0.0 Python/3.8.15 (Linux-5.15.0-1023-azure-x86_64-with-glibc2.2.5) VSTS_0fb41ef4-5012-48a9-bf39-4ee3de03ee35_build_2384_0"
      },
      "RequestBody": null,
      "StatusCode": 200,
      "ResponseHeaders": {
        "Cache-Control": "no-cache",
        "Content-Encoding": "gzip",
        "Content-Type": "application/json; charset=utf-8",
        "Date": "Thu, 12 Jan 2023 04:19:09 GMT",
        "ETag": "W/\u0022a40255f0-83fe-457e-848e-ba37119146f8\u0022",
        "Expires": "-1",
        "Pragma": "no-cache",
        "Server": [
          "Microsoft-HTTPAPI/2.0",
          "Microsoft-HTTPAPI/2.0"
        ],
        "Strict-Transport-Security": "max-age=31536000; includeSubDomains",
        "Transfer-Encoding": "chunked",
        "Vary": "Accept-Encoding",
        "X-Content-Type-Options": "nosniff",
        "x-ms-arm-service-request-id": "67ba76c2-ddde-42ce-ac3a-c9a70ca5db67",
        "x-ms-correlation-request-id": "7d192e13-9c7d-416a-ac13-584d06978e43",
        "x-ms-ratelimit-remaining-subscription-reads": "11993",
        "x-ms-routing-request-id": "SOUTHCENTRALUS:20230112T041910Z:7d192e13-9c7d-416a-ac13-584d06978e43"
      },
      "ResponseBody": {
        "name": "azurefirewall",
        "id": "/subscriptions/00000000-0000-0000-0000-000000000000/resourceGroups/20ad2a59/providers/Microsoft.Network/azureFirewalls/azurefirewall",
        "etag": "W/\u0022a40255f0-83fe-457e-848e-ba37119146f8\u0022",
        "type": "Microsoft.Network/azureFirewalls",
        "location": "westus",
        "tags": {
          "tag1": "value1",
          "tag2": "value2"
        },
        "properties": {
          "provisioningState": "Updating",
          "sku": {
            "name": "AZFW_Hub",
            "tier": "Standard"
          },
          "additionalProperties": {},
          "virtualHub": {
            "id": "/subscriptions/00000000-0000-0000-0000-000000000000/resourceGroups/20ad2a59/providers/Microsoft.Network/virtualHubs/virtualhub"
          },
          "hubIPAddresses": {
            "privateIPAddress": "10.168.0.132",
            "publicIPs": {
              "addresses": [
                {
                  "address": "20.245.6.90"
                }
              ],
              "count": 1
            }
          },
          "firewallPolicy": {
            "id": "/subscriptions/00000000-0000-0000-0000-000000000000/resourceGroups/20ad2a59/providers/Microsoft.Network/firewallPolicies/firewallpolicy"
          }
        }
      }
    },
    {
      "RequestUri": "https://management.azure.com/subscriptions/00000000-0000-0000-0000-000000000000/resourceGroups/20ad2a59/providers/Microsoft.Network/azureFirewalls/azurefirewall?api-version=2022-07-01",
      "RequestMethod": "GET",
      "RequestHeaders": {
        "Accept": "*/*",
        "Accept-Encoding": "gzip, deflate",
        "Connection": "keep-alive",
        "User-Agent": "azsdk-python-azure-mgmt-network/23.0.0 Python/3.8.15 (Linux-5.15.0-1023-azure-x86_64-with-glibc2.2.5) VSTS_0fb41ef4-5012-48a9-bf39-4ee3de03ee35_build_2384_0"
      },
      "RequestBody": null,
      "StatusCode": 200,
      "ResponseHeaders": {
        "Cache-Control": "no-cache",
        "Content-Encoding": "gzip",
        "Content-Type": "application/json; charset=utf-8",
        "Date": "Thu, 12 Jan 2023 04:19:39 GMT",
        "ETag": "W/\u0022385c4de2-f49a-45ee-b312-500b477de850\u0022",
        "Expires": "-1",
        "Pragma": "no-cache",
        "Server": [
          "Microsoft-HTTPAPI/2.0",
          "Microsoft-HTTPAPI/2.0"
        ],
        "Strict-Transport-Security": "max-age=31536000; includeSubDomains",
        "Transfer-Encoding": "chunked",
        "Vary": "Accept-Encoding",
        "X-Content-Type-Options": "nosniff",
        "x-ms-arm-service-request-id": "738feae5-4659-4fdb-ad3c-b45727b4745b",
        "x-ms-correlation-request-id": "57cfd2c1-aa77-4925-8530-dfd6b8cdf51d",
        "x-ms-ratelimit-remaining-subscription-reads": "11992",
        "x-ms-routing-request-id": "SOUTHCENTRALUS:20230112T041940Z:57cfd2c1-aa77-4925-8530-dfd6b8cdf51d"
      },
      "ResponseBody": {
        "name": "azurefirewall",
        "id": "/subscriptions/00000000-0000-0000-0000-000000000000/resourceGroups/20ad2a59/providers/Microsoft.Network/azureFirewalls/azurefirewall",
        "etag": "W/\u0022385c4de2-f49a-45ee-b312-500b477de850\u0022",
        "type": "Microsoft.Network/azureFirewalls",
        "location": "westus",
        "tags": {
          "tag1": "value1",
          "tag2": "value2"
        },
        "properties": {
          "provisioningState": "Succeeded",
          "sku": {
            "name": "AZFW_Hub",
            "tier": "Standard"
          },
          "additionalProperties": {},
          "virtualHub": {
            "id": "/subscriptions/00000000-0000-0000-0000-000000000000/resourceGroups/20ad2a59/providers/Microsoft.Network/virtualHubs/virtualhub"
          },
          "hubIPAddresses": {
            "privateIPAddress": "10.168.0.132",
            "publicIPs": {
              "addresses": [
                {
                  "address": "20.245.6.90"
                }
              ],
              "count": 1
            }
          },
          "firewallPolicy": {
            "id": "/subscriptions/00000000-0000-0000-0000-000000000000/resourceGroups/20ad2a59/providers/Microsoft.Network/firewallPolicies/firewallpolicy"
          }
        }
      }
    },
    {
      "RequestUri": "https://management.azure.com/subscriptions/00000000-0000-0000-0000-000000000000/resourceGroups/20ad2a59/providers/Microsoft.Network/azureFirewalls/azurefirewall?api-version=2022-07-01",
      "RequestMethod": "DELETE",
      "RequestHeaders": {
        "Accept": "application/json",
        "Accept-Encoding": "gzip, deflate",
        "Connection": "keep-alive",
        "Content-Length": "0",
        "User-Agent": "azsdk-python-azure-mgmt-network/23.0.0 Python/3.8.15 (Linux-5.15.0-1023-azure-x86_64-with-glibc2.2.5) VSTS_0fb41ef4-5012-48a9-bf39-4ee3de03ee35_build_2384_0"
      },
      "RequestBody": null,
      "StatusCode": 202,
      "ResponseHeaders": {
        "Azure-AsyncNotification": "Enabled",
        "Azure-AsyncOperation": "https://management.azure.com/subscriptions/00000000-0000-0000-0000-000000000000/providers/Microsoft.Network/locations/westus/operations/7612bb1e-cb57-40b8-97ec-01268f0cd0bc?api-version=2022-07-01",
        "Cache-Control": "no-cache",
        "Content-Length": "0",
        "Date": "Thu, 12 Jan 2023 04:19:39 GMT",
        "Expires": "-1",
        "Location": "https://management.azure.com/subscriptions/00000000-0000-0000-0000-000000000000/providers/Microsoft.Network/locations/westus/operationResults/7612bb1e-cb57-40b8-97ec-01268f0cd0bc?api-version=2022-07-01",
        "Pragma": "no-cache",
        "Retry-After": "10",
        "Server": [
          "Microsoft-HTTPAPI/2.0",
          "Microsoft-HTTPAPI/2.0"
        ],
        "Strict-Transport-Security": "max-age=31536000; includeSubDomains",
        "X-Content-Type-Options": "nosniff",
        "x-ms-arm-service-request-id": "5a57d4b6-3d63-4a3b-a7b1-d982d3622d3e",
        "x-ms-correlation-request-id": "f4cab648-5c53-4501-9984-e51ab4c1d2b6",
        "x-ms-ratelimit-remaining-subscription-deletes": "14999",
        "x-ms-routing-request-id": "SOUTHCENTRALUS:20230112T041940Z:f4cab648-5c53-4501-9984-e51ab4c1d2b6"
      },
      "ResponseBody": null
    },
    {
      "RequestUri": "https://management.azure.com/subscriptions/00000000-0000-0000-0000-000000000000/providers/Microsoft.Network/locations/westus/operations/7612bb1e-cb57-40b8-97ec-01268f0cd0bc?api-version=2022-07-01",
      "RequestMethod": "GET",
      "RequestHeaders": {
        "Accept": "*/*",
        "Accept-Encoding": "gzip, deflate",
        "Connection": "keep-alive",
        "User-Agent": "azsdk-python-azure-mgmt-network/23.0.0 Python/3.8.15 (Linux-5.15.0-1023-azure-x86_64-with-glibc2.2.5) VSTS_0fb41ef4-5012-48a9-bf39-4ee3de03ee35_build_2384_0"
      },
      "RequestBody": null,
      "StatusCode": 200,
      "ResponseHeaders": {
        "Cache-Control": "no-cache",
        "Content-Encoding": "gzip",
        "Content-Type": "application/json; charset=utf-8",
        "Date": "Thu, 12 Jan 2023 04:19:39 GMT",
        "Expires": "-1",
        "Pragma": "no-cache",
        "Retry-After": "10",
        "Server": [
          "Microsoft-HTTPAPI/2.0",
          "Microsoft-HTTPAPI/2.0"
        ],
        "Strict-Transport-Security": "max-age=31536000; includeSubDomains",
        "Transfer-Encoding": "chunked",
        "Vary": "Accept-Encoding",
        "X-Content-Type-Options": "nosniff",
        "x-ms-arm-service-request-id": "907952f6-f1b6-40be-857b-074259da6302",
        "x-ms-correlation-request-id": "203a252c-a3af-495b-ae91-d90cf66d0a91",
        "x-ms-ratelimit-remaining-subscription-reads": "11991",
        "x-ms-routing-request-id": "SOUTHCENTRALUS:20230112T041940Z:203a252c-a3af-495b-ae91-d90cf66d0a91"
      },
      "ResponseBody": {
        "status": "InProgress"
      }
    },
    {
      "RequestUri": "https://management.azure.com/subscriptions/00000000-0000-0000-0000-000000000000/providers/Microsoft.Network/locations/westus/operations/7612bb1e-cb57-40b8-97ec-01268f0cd0bc?api-version=2022-07-01",
      "RequestMethod": "GET",
      "RequestHeaders": {
        "Accept": "*/*",
        "Accept-Encoding": "gzip, deflate",
        "Connection": "keep-alive",
        "User-Agent": "azsdk-python-azure-mgmt-network/23.0.0 Python/3.8.15 (Linux-5.15.0-1023-azure-x86_64-with-glibc2.2.5) VSTS_0fb41ef4-5012-48a9-bf39-4ee3de03ee35_build_2384_0"
      },
      "RequestBody": null,
      "StatusCode": 200,
      "ResponseHeaders": {
        "Cache-Control": "no-cache",
        "Content-Encoding": "gzip",
        "Content-Type": "application/json; charset=utf-8",
        "Date": "Thu, 12 Jan 2023 04:19:49 GMT",
        "Expires": "-1",
        "Pragma": "no-cache",
        "Retry-After": "20",
        "Server": [
          "Microsoft-HTTPAPI/2.0",
          "Microsoft-HTTPAPI/2.0"
        ],
        "Strict-Transport-Security": "max-age=31536000; includeSubDomains",
        "Transfer-Encoding": "chunked",
        "Vary": "Accept-Encoding",
        "X-Content-Type-Options": "nosniff",
        "x-ms-arm-service-request-id": "e11f0859-4c0e-42c7-b3b4-18b2c10e8f91",
        "x-ms-correlation-request-id": "650ae0b2-773c-40bc-b06d-111d8c519a65",
        "x-ms-ratelimit-remaining-subscription-reads": "11990",
        "x-ms-routing-request-id": "SOUTHCENTRALUS:20230112T041950Z:650ae0b2-773c-40bc-b06d-111d8c519a65"
      },
      "ResponseBody": {
        "status": "InProgress"
      }
    },
    {
      "RequestUri": "https://management.azure.com/subscriptions/00000000-0000-0000-0000-000000000000/providers/Microsoft.Network/locations/westus/operations/7612bb1e-cb57-40b8-97ec-01268f0cd0bc?api-version=2022-07-01",
      "RequestMethod": "GET",
      "RequestHeaders": {
        "Accept": "*/*",
        "Accept-Encoding": "gzip, deflate",
        "Connection": "keep-alive",
        "User-Agent": "azsdk-python-azure-mgmt-network/23.0.0 Python/3.8.15 (Linux-5.15.0-1023-azure-x86_64-with-glibc2.2.5) VSTS_0fb41ef4-5012-48a9-bf39-4ee3de03ee35_build_2384_0"
      },
      "RequestBody": null,
      "StatusCode": 200,
      "ResponseHeaders": {
        "Cache-Control": "no-cache",
        "Content-Encoding": "gzip",
        "Content-Type": "application/json; charset=utf-8",
        "Date": "Thu, 12 Jan 2023 04:20:10 GMT",
        "Expires": "-1",
        "Pragma": "no-cache",
        "Retry-After": "20",
        "Server": [
          "Microsoft-HTTPAPI/2.0",
          "Microsoft-HTTPAPI/2.0"
        ],
        "Strict-Transport-Security": "max-age=31536000; includeSubDomains",
        "Transfer-Encoding": "chunked",
        "Vary": "Accept-Encoding",
        "X-Content-Type-Options": "nosniff",
        "x-ms-arm-service-request-id": "cc072a5c-e13e-4911-b0ec-8922c990220d",
        "x-ms-correlation-request-id": "d9d4e595-4a05-4143-9835-75d838284b6d",
        "x-ms-ratelimit-remaining-subscription-reads": "11989",
        "x-ms-routing-request-id": "SOUTHCENTRALUS:20230112T042010Z:d9d4e595-4a05-4143-9835-75d838284b6d"
      },
      "ResponseBody": {
        "status": "InProgress"
      }
    },
    {
      "RequestUri": "https://management.azure.com/subscriptions/00000000-0000-0000-0000-000000000000/providers/Microsoft.Network/locations/westus/operations/7612bb1e-cb57-40b8-97ec-01268f0cd0bc?api-version=2022-07-01",
      "RequestMethod": "GET",
      "RequestHeaders": {
        "Accept": "*/*",
        "Accept-Encoding": "gzip, deflate",
        "Connection": "keep-alive",
        "User-Agent": "azsdk-python-azure-mgmt-network/23.0.0 Python/3.8.15 (Linux-5.15.0-1023-azure-x86_64-with-glibc2.2.5) VSTS_0fb41ef4-5012-48a9-bf39-4ee3de03ee35_build_2384_0"
      },
      "RequestBody": null,
      "StatusCode": 200,
      "ResponseHeaders": {
        "Cache-Control": "no-cache",
        "Content-Encoding": "gzip",
        "Content-Type": "application/json; charset=utf-8",
        "Date": "Thu, 12 Jan 2023 04:20:30 GMT",
        "Expires": "-1",
        "Pragma": "no-cache",
        "Retry-After": "40",
        "Server": [
          "Microsoft-HTTPAPI/2.0",
          "Microsoft-HTTPAPI/2.0"
        ],
        "Strict-Transport-Security": "max-age=31536000; includeSubDomains",
        "Transfer-Encoding": "chunked",
        "Vary": "Accept-Encoding",
        "X-Content-Type-Options": "nosniff",
        "x-ms-arm-service-request-id": "e7139393-9fe5-4932-8838-5d1b88ebe081",
        "x-ms-correlation-request-id": "5aa9a91b-f7ea-4774-bb7a-5dd17dd68c2f",
        "x-ms-ratelimit-remaining-subscription-reads": "11988",
        "x-ms-routing-request-id": "SOUTHCENTRALUS:20230112T042031Z:5aa9a91b-f7ea-4774-bb7a-5dd17dd68c2f"
      },
      "ResponseBody": {
        "status": "InProgress"
      }
    },
    {
      "RequestUri": "https://management.azure.com/subscriptions/00000000-0000-0000-0000-000000000000/providers/Microsoft.Network/locations/westus/operations/7612bb1e-cb57-40b8-97ec-01268f0cd0bc?api-version=2022-07-01",
      "RequestMethod": "GET",
      "RequestHeaders": {
        "Accept": "*/*",
        "Accept-Encoding": "gzip, deflate",
        "Connection": "keep-alive",
        "User-Agent": "azsdk-python-azure-mgmt-network/23.0.0 Python/3.8.15 (Linux-5.15.0-1023-azure-x86_64-with-glibc2.2.5) VSTS_0fb41ef4-5012-48a9-bf39-4ee3de03ee35_build_2384_0"
      },
      "RequestBody": null,
      "StatusCode": 200,
      "ResponseHeaders": {
        "Cache-Control": "no-cache",
        "Content-Encoding": "gzip",
        "Content-Type": "application/json; charset=utf-8",
        "Date": "Thu, 12 Jan 2023 04:21:10 GMT",
        "Expires": "-1",
        "Pragma": "no-cache",
        "Retry-After": "40",
        "Server": [
          "Microsoft-HTTPAPI/2.0",
          "Microsoft-HTTPAPI/2.0"
        ],
        "Strict-Transport-Security": "max-age=31536000; includeSubDomains",
        "Transfer-Encoding": "chunked",
        "Vary": "Accept-Encoding",
        "X-Content-Type-Options": "nosniff",
        "x-ms-arm-service-request-id": "ce21579d-161b-4111-8d74-7e96b9f6663c",
        "x-ms-correlation-request-id": "78cd9a3e-0b4b-4290-b708-7bc74a72f4a9",
        "x-ms-ratelimit-remaining-subscription-reads": "11987",
        "x-ms-routing-request-id": "SOUTHCENTRALUS:20230112T042111Z:78cd9a3e-0b4b-4290-b708-7bc74a72f4a9"
      },
      "ResponseBody": {
        "status": "InProgress"
      }
    },
    {
      "RequestUri": "https://management.azure.com/subscriptions/00000000-0000-0000-0000-000000000000/providers/Microsoft.Network/locations/westus/operations/7612bb1e-cb57-40b8-97ec-01268f0cd0bc?api-version=2022-07-01",
      "RequestMethod": "GET",
      "RequestHeaders": {
        "Accept": "*/*",
        "Accept-Encoding": "gzip, deflate",
        "Connection": "keep-alive",
        "User-Agent": "azsdk-python-azure-mgmt-network/23.0.0 Python/3.8.15 (Linux-5.15.0-1023-azure-x86_64-with-glibc2.2.5) VSTS_0fb41ef4-5012-48a9-bf39-4ee3de03ee35_build_2384_0"
      },
      "RequestBody": null,
      "StatusCode": 200,
      "ResponseHeaders": {
        "Cache-Control": "no-cache",
        "Content-Encoding": "gzip",
        "Content-Type": "application/json; charset=utf-8",
        "Date": "Thu, 12 Jan 2023 04:21:50 GMT",
        "Expires": "-1",
        "Pragma": "no-cache",
        "Retry-After": "80",
        "Server": [
          "Microsoft-HTTPAPI/2.0",
          "Microsoft-HTTPAPI/2.0"
        ],
        "Strict-Transport-Security": "max-age=31536000; includeSubDomains",
        "Transfer-Encoding": "chunked",
        "Vary": "Accept-Encoding",
        "X-Content-Type-Options": "nosniff",
        "x-ms-arm-service-request-id": "ab77db43-5ce3-462f-aafb-57851b01dde9",
        "x-ms-correlation-request-id": "23af9a7a-6893-4d7b-b751-ae64f1d046d6",
        "x-ms-ratelimit-remaining-subscription-reads": "11986",
        "x-ms-routing-request-id": "SOUTHCENTRALUS:20230112T042151Z:23af9a7a-6893-4d7b-b751-ae64f1d046d6"
      },
      "ResponseBody": {
        "status": "InProgress"
      }
    },
    {
      "RequestUri": "https://management.azure.com/subscriptions/00000000-0000-0000-0000-000000000000/providers/Microsoft.Network/locations/westus/operations/7612bb1e-cb57-40b8-97ec-01268f0cd0bc?api-version=2022-07-01",
      "RequestMethod": "GET",
      "RequestHeaders": {
        "Accept": "*/*",
        "Accept-Encoding": "gzip, deflate",
        "Connection": "keep-alive",
        "User-Agent": "azsdk-python-azure-mgmt-network/23.0.0 Python/3.8.15 (Linux-5.15.0-1023-azure-x86_64-with-glibc2.2.5) VSTS_0fb41ef4-5012-48a9-bf39-4ee3de03ee35_build_2384_0"
      },
      "RequestBody": null,
      "StatusCode": 200,
      "ResponseHeaders": {
        "Cache-Control": "no-cache",
        "Content-Encoding": "gzip",
        "Content-Type": "application/json; charset=utf-8",
        "Date": "Thu, 12 Jan 2023 04:23:10 GMT",
        "Expires": "-1",
        "Pragma": "no-cache",
        "Retry-After": "160",
        "Server": [
          "Microsoft-HTTPAPI/2.0",
          "Microsoft-HTTPAPI/2.0"
        ],
        "Strict-Transport-Security": "max-age=31536000; includeSubDomains",
        "Transfer-Encoding": "chunked",
        "Vary": "Accept-Encoding",
        "X-Content-Type-Options": "nosniff",
        "x-ms-arm-service-request-id": "6e9542ea-e0ee-4015-8247-d78104766876",
        "x-ms-correlation-request-id": "62c91f3d-4076-4f70-aff6-f98f565702a9",
        "x-ms-ratelimit-remaining-subscription-reads": "11985",
        "x-ms-routing-request-id": "SOUTHCENTRALUS:20230112T042311Z:62c91f3d-4076-4f70-aff6-f98f565702a9"
      },
      "ResponseBody": {
        "status": "InProgress"
      }
    },
    {
      "RequestUri": "https://management.azure.com/subscriptions/00000000-0000-0000-0000-000000000000/providers/Microsoft.Network/locations/westus/operations/7612bb1e-cb57-40b8-97ec-01268f0cd0bc?api-version=2022-07-01",
      "RequestMethod": "GET",
      "RequestHeaders": {
        "Accept": "*/*",
        "Accept-Encoding": "gzip, deflate",
        "Connection": "keep-alive",
        "User-Agent": "azsdk-python-azure-mgmt-network/23.0.0 Python/3.8.15 (Linux-5.15.0-1023-azure-x86_64-with-glibc2.2.5) VSTS_0fb41ef4-5012-48a9-bf39-4ee3de03ee35_build_2384_0"
      },
      "RequestBody": null,
      "StatusCode": 200,
      "ResponseHeaders": {
        "Cache-Control": "no-cache",
        "Content-Encoding": "gzip",
        "Content-Type": "application/json; charset=utf-8",
        "Date": "Thu, 12 Jan 2023 04:25:51 GMT",
        "Expires": "-1",
        "Pragma": "no-cache",
        "Server": [
          "Microsoft-HTTPAPI/2.0",
          "Microsoft-HTTPAPI/2.0"
        ],
        "Strict-Transport-Security": "max-age=31536000; includeSubDomains",
        "Transfer-Encoding": "chunked",
        "Vary": "Accept-Encoding",
        "X-Content-Type-Options": "nosniff",
        "x-ms-arm-service-request-id": "5874e63c-3450-46d8-b63b-86287552bedf",
        "x-ms-correlation-request-id": "7c12f666-db69-440a-ba1c-8a62327fa053",
        "x-ms-ratelimit-remaining-subscription-reads": "11993",
        "x-ms-routing-request-id": "SOUTHCENTRALUS:20230112T042551Z:7c12f666-db69-440a-ba1c-8a62327fa053"
      },
      "ResponseBody": {
        "status": "Succeeded"
      }
    },
    {
      "RequestUri": "https://management.azure.com/subscriptions/00000000-0000-0000-0000-000000000000/providers/Microsoft.Network/locations/westus/operationResults/7612bb1e-cb57-40b8-97ec-01268f0cd0bc?api-version=2022-07-01",
      "RequestMethod": "GET",
      "RequestHeaders": {
        "Accept": "*/*",
        "Accept-Encoding": "gzip, deflate",
        "Connection": "keep-alive",
        "User-Agent": "azsdk-python-azure-mgmt-network/23.0.0 Python/3.8.15 (Linux-5.15.0-1023-azure-x86_64-with-glibc2.2.5) VSTS_0fb41ef4-5012-48a9-bf39-4ee3de03ee35_build_2384_0"
      },
      "RequestBody": null,
      "StatusCode": 204,
      "ResponseHeaders": {
        "Azure-AsyncNotification": "Enabled",
        "Azure-AsyncOperation": "https://management.azure.com/subscriptions/00000000-0000-0000-0000-000000000000/providers/Microsoft.Network/locations/westus/operations/7612bb1e-cb57-40b8-97ec-01268f0cd0bc?api-version=2022-07-01",
        "Cache-Control": "no-cache",
        "Content-Type": "application/json; charset=utf-8",
        "Date": "Thu, 12 Jan 2023 04:25:51 GMT",
        "Expires": "-1",
        "Location": "https://management.azure.com/subscriptions/00000000-0000-0000-0000-000000000000/providers/Microsoft.Network/locations/westus/operationResults/7612bb1e-cb57-40b8-97ec-01268f0cd0bc?api-version=2022-07-01",
        "Pragma": "no-cache",
        "Server": [
          "Microsoft-HTTPAPI/2.0",
          "Microsoft-HTTPAPI/2.0"
        ],
        "Strict-Transport-Security": "max-age=31536000; includeSubDomains",
        "X-Content-Type-Options": "nosniff",
        "x-ms-arm-service-request-id": "5a57d4b6-3d63-4a3b-a7b1-d982d3622d3e",
        "x-ms-correlation-request-id": "f4cab648-5c53-4501-9984-e51ab4c1d2b6",
        "x-ms-ratelimit-remaining-subscription-reads": "11992",
        "x-ms-routing-request-id": "SOUTHCENTRALUS:20230112T042551Z:e9ce23a2-c261-4a85-a0c7-16c1ff2694c8"
      },
      "ResponseBody": null
    }
  ],
  "Variables": {}
}
