{
  "Entries": [
    {
      "RequestUri": "https://login.microsoftonline.com/00000000-0000-0000-0000-000000000000/v2.0/.well-known/openid-configuration",
      "RequestMethod": "GET",
      "RequestHeaders": {
        "Accept": "*/*",
        "Accept-Encoding": "gzip, deflate",
        "Connection": "keep-alive",
        "User-Agent": "azsdk-python-identity/1.8.0 Python/3.9.8 (Windows-10-10.0.19044)"
      },
      "RequestBody": null,
      "StatusCode": 200,
      "ResponseHeaders": {
        "Access-Control-Allow-Methods": "GET, OPTIONS",
        "Access-Control-Allow-Origin": "*",
        "Cache-Control": "max-age=86400, private",
        "Content-Length": "1753",
        "Content-Type": "application/json; charset=utf-8",
        "Date": "Tue, 08 Mar 2022 11:32:57 GMT",
        "P3P": "CP=\u0022DSP CUR OTPi IND OTRi ONL FIN\u0022",
        "Set-Cookie": "[set-cookie;]",
        "Strict-Transport-Security": "max-age=31536000; includeSubDomains",
        "X-Content-Type-Options": "nosniff",
        "x-ms-ests-server": "2.1.12529.17 - NCUS ProdSlices",
        "x-ms-request-id": "45e2bf59-28a1-4f82-b69a-484352337300"
      },
      "ResponseBody": {
        "token_endpoint": "https://login.microsoftonline.com/00000000-0000-0000-0000-000000000000/oauth2/v2.0/token",
        "token_endpoint_auth_methods_supported": [
          "client_secret_post",
          "private_key_jwt",
          "client_secret_basic"
        ],
        "jwks_uri": "https://login.microsoftonline.com/00000000-0000-0000-0000-000000000000/discovery/v2.0/keys",
        "response_modes_supported": [
          "query",
          "fragment",
          "form_post"
        ],
        "subject_types_supported": [
          "pairwise"
        ],
        "id_token_signing_alg_values_supported": [
          "RS256"
        ],
        "response_types_supported": [
          "code",
          "id_token",
          "code id_token",
          "id_token token"
        ],
        "scopes_supported": [
          "openid",
          "profile",
          "email",
          "offline_access"
        ],
        "issuer": "https://login.microsoftonline.com/00000000-0000-0000-0000-000000000000/v2.0",
        "request_uri_parameter_supported": false,
        "userinfo_endpoint": "https://graph.microsoft.com/oidc/userinfo",
        "authorization_endpoint": "https://login.microsoftonline.com/00000000-0000-0000-0000-000000000000/oauth2/v2.0/authorize",
        "device_authorization_endpoint": "https://login.microsoftonline.com/00000000-0000-0000-0000-000000000000/oauth2/v2.0/devicecode",
        "http_logout_supported": true,
        "frontchannel_logout_supported": true,
        "end_session_endpoint": "https://login.microsoftonline.com/00000000-0000-0000-0000-000000000000/oauth2/v2.0/logout",
        "claims_supported": [
          "sub",
          "iss",
          "cloud_instance_name",
          "cloud_instance_host_name",
          "cloud_graph_host_name",
          "msgraph_host",
          "aud",
          "exp",
          "iat",
          "auth_time",
          "acr",
          "nonce",
          "preferred_username",
          "name",
          "tid",
          "ver",
          "at_hash",
          "c_hash",
          "email"
        ],
        "kerberos_endpoint": "https://login.microsoftonline.com/00000000-0000-0000-0000-000000000000/kerberos",
        "tenant_region_scope": "NA",
        "cloud_instance_name": "microsoftonline.com",
        "cloud_graph_host_name": "graph.windows.net",
        "msgraph_host": "graph.microsoft.com",
        "rbac_url": "https://pas.windows.net"
      }
    },
    {
      "RequestUri": "https://login.microsoftonline.com/common/discovery/instance?api-version=1.1\u0026authorization_endpoint=https://login.microsoftonline.com/common/oauth2/authorize",
      "RequestMethod": "GET",
      "RequestHeaders": {
        "Accept": "application/json",
        "Accept-Encoding": "gzip, deflate",
        "Connection": "keep-alive",
        "Cookie": "cookie;",
        "User-Agent": "azsdk-python-identity/1.8.0 Python/3.9.8 (Windows-10-10.0.19044)"
      },
      "RequestBody": null,
      "StatusCode": 200,
      "ResponseHeaders": {
        "Access-Control-Allow-Methods": "GET, OPTIONS",
        "Access-Control-Allow-Origin": "*",
        "Cache-Control": "max-age=86400, private",
        "Content-Length": "945",
        "Content-Type": "application/json; charset=utf-8",
        "Date": "Tue, 08 Mar 2022 11:32:57 GMT",
        "P3P": "CP=\u0022DSP CUR OTPi IND OTRi ONL FIN\u0022",
        "Set-Cookie": "[set-cookie;]",
        "Strict-Transport-Security": "max-age=31536000; includeSubDomains",
        "X-Content-Type-Options": "nosniff",
        "x-ms-ests-server": "2.1.12529.17 - SEASLR1 ProdSlices",
        "x-ms-request-id": "bbdd0e14-172a-4503-92d4-a1120016ba01"
      },
      "ResponseBody": {
        "tenant_discovery_endpoint": "https://login.microsoftonline.com/common/.well-known/openid-configuration",
        "api-version": "1.1",
        "metadata": [
          {
            "preferred_network": "login.microsoftonline.com",
            "preferred_cache": "login.windows.net",
            "aliases": [
              "login.microsoftonline.com",
              "login.windows.net",
              "login.microsoft.com",
              "sts.windows.net"
            ]
          },
          {
            "preferred_network": "login.partner.microsoftonline.cn",
            "preferred_cache": "login.partner.microsoftonline.cn",
            "aliases": [
              "login.partner.microsoftonline.cn",
              "login.chinacloudapi.cn"
            ]
          },
          {
            "preferred_network": "login.microsoftonline.de",
            "preferred_cache": "login.microsoftonline.de",
            "aliases": [
              "login.microsoftonline.de"
            ]
          },
          {
            "preferred_network": "login.microsoftonline.us",
            "preferred_cache": "login.microsoftonline.us",
            "aliases": [
              "login.microsoftonline.us",
              "login.usgovcloudapi.net"
            ]
          },
          {
            "preferred_network": "login-us.microsoftonline.com",
            "preferred_cache": "login-us.microsoftonline.com",
            "aliases": [
              "login-us.microsoftonline.com"
            ]
          }
        ]
      }
    },
    {
      "RequestUri": "https://login.microsoftonline.com/00000000-0000-0000-0000-000000000000/oauth2/v2.0/token",
      "RequestMethod": "POST",
      "RequestHeaders": {
        "Accept": "application/json",
        "Accept-Encoding": "gzip, deflate",
        "client-request-id": "33c1a031-669e-4041-9d65-710ed07fd50b",
        "Connection": "keep-alive",
        "Content-Length": "289",
        "Content-Type": "application/x-www-form-urlencoded",
        "Cookie": "cookie;",
        "User-Agent": "azsdk-python-identity/1.8.0 Python/3.9.8 (Windows-10-10.0.19044)",
        "x-client-cpu": "x64",
        "x-client-current-telemetry": "4|730,0|",
        "x-client-last-telemetry": "4|0|||",
        "x-client-os": "win32",
        "x-client-sku": "MSAL.Python",
        "x-client-ver": "1.17.0",
        "x-ms-lib-capability": "retry-after, h429"
      },
      "RequestBody": "client_id=a2df54d5-ab03-4725-9b80-9a00b3b1967f\u0026grant_type=client_credentials\u0026client_info=1\u0026client_secret=0vj7Q~IsFayrD0V_8oyOfygU-GE3ELOabq95a\u0026claims=%7B%22access_token%22%3A\u002B%7B%22xms_cc%22%3A\u002B%7B%22values%22%3A\u002B%5B%22CP1%22%5D%7D%7D%7D\u0026scope=https%3A%2F%2Fmanagement.azure.com%2F.default",
      "StatusCode": 200,
      "ResponseHeaders": {
        "Cache-Control": "no-store, no-cache",
        "client-request-id": "33c1a031-669e-4041-9d65-710ed07fd50b",
        "Content-Length": "93",
        "Content-Type": "application/json; charset=utf-8",
        "Date": "Tue, 08 Mar 2022 11:32:57 GMT",
        "Expires": "-1",
        "P3P": "CP=\u0022DSP CUR OTPi IND OTRi ONL FIN\u0022",
        "Pragma": "no-cache",
        "Set-Cookie": "[set-cookie;]",
        "Strict-Transport-Security": "max-age=31536000; includeSubDomains",
        "X-Content-Type-Options": "nosniff",
        "x-ms-clitelem": "1,0,0,,",
        "x-ms-ests-server": "2.1.12529.17 - EUS ProdSlices",
        "x-ms-request-id": "c7e3dfdc-fb0b-4354-986c-fb5afbbd9200"
      },
      "ResponseBody": {
        "token_type": "Bearer",
        "expires_in": 3599,
        "ext_expires_in": 3599,
        "access_token": "access_token"
      }
    },
    {
      "RequestUri": "https://management.azure.com/subscriptions/00000000-0000-0000-0000-000000000000/resourceGroups/rgname/providers/Microsoft.Network/virtualWans/virtualwanf51b29f1?api-version=2021-05-01",
      "RequestMethod": "PUT",
      "RequestHeaders": {
        "Accept": "application/json",
        "Accept-Encoding": "gzip, deflate",
        "Authorization": "Sanitized",
        "Connection": "keep-alive",
        "Content-Length": "114",
        "Content-Type": "application/json",
        "User-Agent": "azsdk-python-azure-mgmt-network/19.3.0 Python/3.9.8 (Windows-10-10.0.19044)",
        "x-ms-client-request-id": "80c6b907-9ed3-11ec-a13a-2811a8e804f3"
      },
      "RequestBody": {
        "location": "eastus",
        "tags": {
          "key1": "value1"
        },
        "properties": {
          "disableVpnEncryption": false,
          "type": "Basic"
        }
      },
      "StatusCode": 201,
      "ResponseHeaders": {
        "Azure-AsyncNotification": "Enabled",
        "Azure-AsyncOperation": "https://management.azure.com/subscriptions/00000000-0000-0000-0000-000000000000/providers/Microsoft.Network/locations/eastus/operations/1f57a6a0-dafd-4c72-9fb8-e5bc184de1ef?api-version=2021-05-01",
        "Cache-Control": "no-cache",
        "Content-Length": "556",
        "Content-Type": "application/json; charset=utf-8",
        "Date": "Tue, 08 Mar 2022 11:33:00 GMT",
        "Expires": "-1",
        "Pragma": "no-cache",
        "Retry-After": "10",
        "Server": [
          "Microsoft-HTTPAPI/2.0",
          "Microsoft-HTTPAPI/2.0"
        ],
        "Strict-Transport-Security": "max-age=31536000; includeSubDomains",
        "X-Content-Type-Options": "nosniff",
        "x-ms-arm-service-request-id": "82c3b860-0346-4ecb-a2af-d9f683419300",
        "x-ms-correlation-request-id": "6a041db7-8c6d-4ea7-ad4b-e1c3eb6be5b7",
        "x-ms-ratelimit-remaining-subscription-writes": "1189",
        "x-ms-request-id": "1f57a6a0-dafd-4c72-9fb8-e5bc184de1ef",
        "x-ms-routing-request-id": "KOREASOUTH:20220308T113301Z:6a041db7-8c6d-4ea7-ad4b-e1c3eb6be5b7"
      },
      "ResponseBody": {
        "name": "virtualwanf51b29f1",
        "id": "/subscriptions/00000000-0000-0000-0000-000000000000/resourceGroups/rgname/providers/Microsoft.Network/virtualWans/virtualwanf51b29f1",
        "etag": "W/\u002280c000c6-330f-4348-b444-5cc104a56b98\u0022",
        "type": "Microsoft.Network/virtualWans",
        "location": "eastus",
        "tags": {
          "key1": "value1"
        },
        "properties": {
          "provisioningState": "Updating",
          "disableVpnEncryption": false,
          "allowBranchToBranchTraffic": true,
          "office365LocalBreakoutCategory": "None",
          "type": "Basic"
        }
      }
    },
    {
      "RequestUri": "https://management.azure.com/subscriptions/00000000-0000-0000-0000-000000000000/providers/Microsoft.Network/locations/eastus/operations/1f57a6a0-dafd-4c72-9fb8-e5bc184de1ef?api-version=2021-05-01",
      "RequestMethod": "GET",
      "RequestHeaders": {
        "Accept": "*/*",
        "Accept-Encoding": "gzip, deflate",
        "Authorization": "Sanitized",
        "Connection": "keep-alive",
        "User-Agent": "azsdk-python-azure-mgmt-network/19.3.0 Python/3.9.8 (Windows-10-10.0.19044)",
        "x-ms-client-request-id": "80c6b907-9ed3-11ec-a13a-2811a8e804f3"
      },
      "RequestBody": null,
      "StatusCode": 200,
      "ResponseHeaders": {
        "Cache-Control": "no-cache",
        "Content-Encoding": "gzip",
        "Content-Type": "application/json; charset=utf-8",
        "Date": "Tue, 08 Mar 2022 11:33:11 GMT",
        "Expires": "-1",
        "Pragma": "no-cache",
        "Server": [
          "Microsoft-HTTPAPI/2.0",
          "Microsoft-HTTPAPI/2.0"
        ],
        "Strict-Transport-Security": "max-age=31536000; includeSubDomains",
        "Transfer-Encoding": "chunked",
        "Vary": "Accept-Encoding",
        "X-Content-Type-Options": "nosniff",
        "x-ms-arm-service-request-id": "b7f24089-5dc0-46c5-8b9a-f6b772f46ec9",
        "x-ms-correlation-request-id": "46902275-7910-4c83-b737-b28f05c2f196",
        "x-ms-ratelimit-remaining-subscription-reads": "11971",
        "x-ms-request-id": "4c06272a-fdc9-47ee-96af-fdc300ec051b",
        "x-ms-routing-request-id": "KOREASOUTH:20220308T113311Z:46902275-7910-4c83-b737-b28f05c2f196"
      },
      "ResponseBody": {
        "status": "Succeeded"
      }
    },
    {
      "RequestUri": "https://management.azure.com/subscriptions/00000000-0000-0000-0000-000000000000/resourceGroups/rgname/providers/Microsoft.Network/virtualWans/virtualwanf51b29f1?api-version=2021-05-01",
      "RequestMethod": "GET",
      "RequestHeaders": {
        "Accept": "*/*",
        "Accept-Encoding": "gzip, deflate",
        "Authorization": "Sanitized",
        "Connection": "keep-alive",
        "User-Agent": "azsdk-python-azure-mgmt-network/19.3.0 Python/3.9.8 (Windows-10-10.0.19044)",
        "x-ms-client-request-id": "80c6b907-9ed3-11ec-a13a-2811a8e804f3"
      },
      "RequestBody": null,
      "StatusCode": 200,
      "ResponseHeaders": {
        "Cache-Control": "no-cache",
        "Content-Encoding": "gzip",
        "Content-Type": "application/json; charset=utf-8",
        "Date": "Tue, 08 Mar 2022 11:33:11 GMT",
        "ETag": "W/\u0022a523f14d-711f-4e7a-abc0-3dea339c2372\u0022",
        "Expires": "-1",
        "Pragma": "no-cache",
        "Server": [
          "Microsoft-HTTPAPI/2.0",
          "Microsoft-HTTPAPI/2.0"
        ],
        "Strict-Transport-Security": "max-age=31536000; includeSubDomains",
        "Transfer-Encoding": "chunked",
        "Vary": "Accept-Encoding",
        "X-Content-Type-Options": "nosniff",
        "x-ms-arm-service-request-id": "b51920c9-9576-4422-86b2-82765f09981f",
        "x-ms-correlation-request-id": "5ce69a0b-214b-44a3-aae6-aea90a1df167",
        "x-ms-ratelimit-remaining-subscription-reads": "11970",
        "x-ms-request-id": "1e38fd5b-1bfe-4322-9d5d-07190c413b69",
        "x-ms-routing-request-id": "KOREASOUTH:20220308T113311Z:5ce69a0b-214b-44a3-aae6-aea90a1df167"
      },
      "ResponseBody": {
        "name": "virtualwanf51b29f1",
        "id": "/subscriptions/00000000-0000-0000-0000-000000000000/resourceGroups/rgname/providers/Microsoft.Network/virtualWans/virtualwanf51b29f1",
        "etag": "W/\u0022a523f14d-711f-4e7a-abc0-3dea339c2372\u0022",
        "type": "Microsoft.Network/virtualWans",
        "location": "eastus",
        "tags": {
          "key1": "value1"
        },
        "properties": {
          "provisioningState": "Succeeded",
          "disableVpnEncryption": false,
          "allowBranchToBranchTraffic": true,
          "office365LocalBreakoutCategory": "None",
          "type": "Basic"
        }
      }
    },
    {
      "RequestUri": "https://management.azure.com/subscriptions/00000000-0000-0000-0000-000000000000/resourceGroups/rgname/providers/Microsoft.Network/virtualHubs/virtualhubf51b29f1?api-version=2021-05-01",
      "RequestMethod": "PUT",
      "RequestHeaders": {
        "Accept": "application/json",
        "Accept-Encoding": "gzip, deflate",
        "Authorization": "Sanitized",
        "Connection": "keep-alive",
        "Content-Length": "274",
        "Content-Type": "application/json",
        "User-Agent": "azsdk-python-azure-mgmt-network/19.3.0 Python/3.9.8 (Windows-10-10.0.19044)",
        "x-ms-client-request-id": "8a082469-9ed3-11ec-ae07-2811a8e804f3"
      },
      "RequestBody": {
        "location": "eastus",
        "tags": {
          "key1": "value1"
        },
        "properties": {
          "virtualWan": {
            "id": "/subscriptions/00000000-0000-0000-0000-000000000000/resourceGroups/rgname/providers/Microsoft.Network/virtualWans/virtualwanf51b29f1"
          },
          "addressPrefix": "10.168.0.0/24",
          "sku": "Basic"
        }
      },
      "StatusCode": 201,
      "ResponseHeaders": {
        "Azure-AsyncNotification": "Enabled",
        "Azure-AsyncOperation": "https://management.azure.com/subscriptions/00000000-0000-0000-0000-000000000000/providers/Microsoft.Network/locations/eastus/operations/37930924-9750-49f2-811f-fd2f0e162958?api-version=2021-05-01",
        "Cache-Control": "no-cache",
        "Content-Length": "908",
        "Content-Type": "application/json; charset=utf-8",
        "Date": "Tue, 08 Mar 2022 11:33:15 GMT",
        "Expires": "-1",
        "Pragma": "no-cache",
        "Retry-After": "10",
        "Server": [
          "Microsoft-HTTPAPI/2.0",
          "Microsoft-HTTPAPI/2.0"
        ],
        "Strict-Transport-Security": "max-age=31536000; includeSubDomains",
        "X-Content-Type-Options": "nosniff",
        "x-ms-arm-service-request-id": "9bec479f-4cc2-4483-9862-f902a8a11895",
        "x-ms-correlation-request-id": "c50aef8f-1807-4417-aa02-1e789a2049d0",
        "x-ms-ratelimit-remaining-subscription-writes": "1188",
        "x-ms-request-id": "37930924-9750-49f2-811f-fd2f0e162958",
        "x-ms-routing-request-id": "KOREASOUTH:20220308T113315Z:c50aef8f-1807-4417-aa02-1e789a2049d0"
      },
      "ResponseBody": {
        "name": "virtualhubf51b29f1",
        "id": "/subscriptions/00000000-0000-0000-0000-000000000000/resourceGroups/rgname/providers/Microsoft.Network/virtualHubs/virtualhubf51b29f1",
        "etag": "W/\u0022cd7218d1-f6d6-4b59-8d11-64f66e13a53f\u0022",
        "type": "Microsoft.Network/virtualHubs",
        "location": "eastus",
        "tags": {
          "key1": "value1"
        },
        "properties": {
          "provisioningState": "Updating",
          "virtualHubRouteTableV2s": [],
          "addressPrefix": "10.168.0.0/24",
          "virtualRouterAsn": 0,
          "virtualRouterIps": [],
          "routeTable": {
            "routes": []
          },
          "virtualWan": {
            "id": "/subscriptions/00000000-0000-0000-0000-000000000000/resourceGroups/rgname/providers/Microsoft.Network/virtualWans/virtualwanf51b29f1"
          },
          "sku": "Basic",
          "routingState": "None",
          "allowBranchToBranchTraffic": false,
          "preferredRoutingGateway": "ExpressRoute"
        }
      }
    },
    {
      "RequestUri": "https://management.azure.com/subscriptions/00000000-0000-0000-0000-000000000000/providers/Microsoft.Network/locations/eastus/operations/37930924-9750-49f2-811f-fd2f0e162958?api-version=2021-05-01",
      "RequestMethod": "GET",
      "RequestHeaders": {
        "Accept": "*/*",
        "Accept-Encoding": "gzip, deflate",
        "Authorization": "Sanitized",
        "Connection": "keep-alive",
        "User-Agent": "azsdk-python-azure-mgmt-network/19.3.0 Python/3.9.8 (Windows-10-10.0.19044)",
        "x-ms-client-request-id": "8a082469-9ed3-11ec-ae07-2811a8e804f3"
      },
      "RequestBody": null,
      "StatusCode": 200,
      "ResponseHeaders": {
        "Cache-Control": "no-cache",
        "Content-Encoding": "gzip",
        "Content-Type": "application/json; charset=utf-8",
        "Date": "Tue, 08 Mar 2022 11:33:25 GMT",
        "Expires": "-1",
        "Pragma": "no-cache",
        "Retry-After": "10",
        "Server": [
          "Microsoft-HTTPAPI/2.0",
          "Microsoft-HTTPAPI/2.0"
        ],
        "Strict-Transport-Security": "max-age=31536000; includeSubDomains",
        "Transfer-Encoding": "chunked",
        "Vary": "Accept-Encoding",
        "X-Content-Type-Options": "nosniff",
        "x-ms-arm-service-request-id": "9eee6d44-f3eb-4cf8-92b5-0000104e33c1",
        "x-ms-correlation-request-id": "78e8e66b-45ea-4c9a-9f65-c2b63fd7a2be",
        "x-ms-ratelimit-remaining-subscription-reads": "11969",
        "x-ms-request-id": "56128b4c-5c22-4844-bf84-93e1be77f890",
        "x-ms-routing-request-id": "KOREASOUTH:20220308T113325Z:78e8e66b-45ea-4c9a-9f65-c2b63fd7a2be"
      },
      "ResponseBody": {
        "status": "InProgress"
      }
    },
    {
      "RequestUri": "https://management.azure.com/subscriptions/00000000-0000-0000-0000-000000000000/providers/Microsoft.Network/locations/eastus/operations/37930924-9750-49f2-811f-fd2f0e162958?api-version=2021-05-01",
      "RequestMethod": "GET",
      "RequestHeaders": {
        "Accept": "*/*",
        "Accept-Encoding": "gzip, deflate",
        "Authorization": "Sanitized",
        "Connection": "keep-alive",
        "User-Agent": "azsdk-python-azure-mgmt-network/19.3.0 Python/3.9.8 (Windows-10-10.0.19044)",
        "x-ms-client-request-id": "8a082469-9ed3-11ec-ae07-2811a8e804f3"
      },
      "RequestBody": null,
      "StatusCode": 200,
      "ResponseHeaders": {
        "Cache-Control": "no-cache",
        "Content-Encoding": "gzip",
        "Content-Type": "application/json; charset=utf-8",
        "Date": "Tue, 08 Mar 2022 11:33:36 GMT",
        "Expires": "-1",
        "Pragma": "no-cache",
        "Retry-After": "20",
        "Server": [
          "Microsoft-HTTPAPI/2.0",
          "Microsoft-HTTPAPI/2.0"
        ],
        "Strict-Transport-Security": "max-age=31536000; includeSubDomains",
        "Transfer-Encoding": "chunked",
        "Vary": "Accept-Encoding",
        "X-Content-Type-Options": "nosniff",
        "x-ms-arm-service-request-id": "1d6304c5-1907-48d9-a32c-f05fa463af41",
        "x-ms-correlation-request-id": "c28023a6-89c8-4210-8bf5-a9bddc092f32",
        "x-ms-ratelimit-remaining-subscription-reads": "11968",
        "x-ms-request-id": "435325c0-b7e8-4613-a22a-00848f811c5b",
        "x-ms-routing-request-id": "KOREASOUTH:20220308T113336Z:c28023a6-89c8-4210-8bf5-a9bddc092f32"
      },
      "ResponseBody": {
        "status": "InProgress"
      }
    },
    {
      "RequestUri": "https://management.azure.com/subscriptions/00000000-0000-0000-0000-000000000000/providers/Microsoft.Network/locations/eastus/operations/37930924-9750-49f2-811f-fd2f0e162958?api-version=2021-05-01",
      "RequestMethod": "GET",
      "RequestHeaders": {
        "Accept": "*/*",
        "Accept-Encoding": "gzip, deflate",
        "Authorization": "Sanitized",
        "Connection": "keep-alive",
        "User-Agent": "azsdk-python-azure-mgmt-network/19.3.0 Python/3.9.8 (Windows-10-10.0.19044)",
        "x-ms-client-request-id": "8a082469-9ed3-11ec-ae07-2811a8e804f3"
      },
      "RequestBody": null,
      "StatusCode": 200,
      "ResponseHeaders": {
        "Cache-Control": "no-cache",
        "Content-Encoding": "gzip",
        "Content-Type": "application/json; charset=utf-8",
        "Date": "Tue, 08 Mar 2022 11:33:56 GMT",
        "Expires": "-1",
        "Pragma": "no-cache",
        "Retry-After": "20",
        "Server": [
          "Microsoft-HTTPAPI/2.0",
          "Microsoft-HTTPAPI/2.0"
        ],
        "Strict-Transport-Security": "max-age=31536000; includeSubDomains",
        "Transfer-Encoding": "chunked",
        "Vary": "Accept-Encoding",
        "X-Content-Type-Options": "nosniff",
        "x-ms-arm-service-request-id": "31f88cfc-fc19-4acc-a9da-1ec2d59b1fe0",
        "x-ms-correlation-request-id": "591005a0-f8c5-4e47-8387-5ce34d6e8878",
        "x-ms-ratelimit-remaining-subscription-reads": "11967",
        "x-ms-request-id": "6a5ea7bb-b7e6-440f-ac12-dd0b1e052047",
        "x-ms-routing-request-id": "KOREASOUTH:20220308T113357Z:591005a0-f8c5-4e47-8387-5ce34d6e8878"
      },
      "ResponseBody": {
        "status": "InProgress"
      }
    },
    {
      "RequestUri": "https://management.azure.com/subscriptions/00000000-0000-0000-0000-000000000000/providers/Microsoft.Network/locations/eastus/operations/37930924-9750-49f2-811f-fd2f0e162958?api-version=2021-05-01",
      "RequestMethod": "GET",
      "RequestHeaders": {
        "Accept": "*/*",
        "Accept-Encoding": "gzip, deflate",
        "Authorization": "Sanitized",
        "Connection": "keep-alive",
        "User-Agent": "azsdk-python-azure-mgmt-network/19.3.0 Python/3.9.8 (Windows-10-10.0.19044)",
        "x-ms-client-request-id": "8a082469-9ed3-11ec-ae07-2811a8e804f3"
      },
      "RequestBody": null,
      "StatusCode": 200,
      "ResponseHeaders": {
        "Cache-Control": "no-cache",
        "Content-Encoding": "gzip",
        "Content-Type": "application/json; charset=utf-8",
        "Date": "Tue, 08 Mar 2022 11:34:17 GMT",
        "Expires": "-1",
        "Pragma": "no-cache",
        "Retry-After": "40",
        "Server": [
          "Microsoft-HTTPAPI/2.0",
          "Microsoft-HTTPAPI/2.0"
        ],
        "Strict-Transport-Security": "max-age=31536000; includeSubDomains",
        "Transfer-Encoding": "chunked",
        "Vary": "Accept-Encoding",
        "X-Content-Type-Options": "nosniff",
        "x-ms-arm-service-request-id": "73a19223-eed6-4b66-906f-6cdebeceeb73",
        "x-ms-correlation-request-id": "16e3c9ff-1d2e-46d0-8ff3-b2217c4a0152",
        "x-ms-ratelimit-remaining-subscription-reads": "11966",
        "x-ms-request-id": "42560019-f0a6-49c4-a10b-3ad3fc797fe6",
        "x-ms-routing-request-id": "KOREASOUTH:20220308T113417Z:16e3c9ff-1d2e-46d0-8ff3-b2217c4a0152"
      },
      "ResponseBody": {
        "status": "InProgress"
      }
    },
    {
      "RequestUri": "https://management.azure.com/subscriptions/00000000-0000-0000-0000-000000000000/providers/Microsoft.Network/locations/eastus/operations/37930924-9750-49f2-811f-fd2f0e162958?api-version=2021-05-01",
      "RequestMethod": "GET",
      "RequestHeaders": {
        "Accept": "*/*",
        "Accept-Encoding": "gzip, deflate",
        "Authorization": "Sanitized",
        "Connection": "keep-alive",
        "User-Agent": "azsdk-python-azure-mgmt-network/19.3.0 Python/3.9.8 (Windows-10-10.0.19044)",
        "x-ms-client-request-id": "8a082469-9ed3-11ec-ae07-2811a8e804f3"
      },
      "RequestBody": null,
      "StatusCode": 200,
      "ResponseHeaders": {
        "Cache-Control": "no-cache",
        "Content-Encoding": "gzip",
        "Content-Type": "application/json; charset=utf-8",
        "Date": "Tue, 08 Mar 2022 11:34:57 GMT",
        "Expires": "-1",
        "Pragma": "no-cache",
        "Retry-After": "40",
        "Server": [
          "Microsoft-HTTPAPI/2.0",
          "Microsoft-HTTPAPI/2.0"
        ],
        "Strict-Transport-Security": "max-age=31536000; includeSubDomains",
        "Transfer-Encoding": "chunked",
        "Vary": "Accept-Encoding",
        "X-Content-Type-Options": "nosniff",
        "x-ms-arm-service-request-id": "0d3e0233-fa99-4969-bc30-e9391b260bec",
        "x-ms-correlation-request-id": "1ddafe9e-2d22-49bf-a6ab-bd8d503daf2e",
        "x-ms-ratelimit-remaining-subscription-reads": "11965",
        "x-ms-request-id": "648ff86e-f351-42c1-85b9-cf6baf4182c2",
        "x-ms-routing-request-id": "KOREASOUTH:20220308T113458Z:1ddafe9e-2d22-49bf-a6ab-bd8d503daf2e"
      },
      "ResponseBody": {
        "status": "InProgress"
      }
    },
    {
      "RequestUri": "https://management.azure.com/subscriptions/00000000-0000-0000-0000-000000000000/providers/Microsoft.Network/locations/eastus/operations/37930924-9750-49f2-811f-fd2f0e162958?api-version=2021-05-01",
      "RequestMethod": "GET",
      "RequestHeaders": {
        "Accept": "*/*",
        "Accept-Encoding": "gzip, deflate",
        "Authorization": "Sanitized",
        "Connection": "keep-alive",
        "User-Agent": "azsdk-python-azure-mgmt-network/19.3.0 Python/3.9.8 (Windows-10-10.0.19044)",
        "x-ms-client-request-id": "8a082469-9ed3-11ec-ae07-2811a8e804f3"
      },
      "RequestBody": null,
      "StatusCode": 200,
      "ResponseHeaders": {
        "Cache-Control": "no-cache",
        "Content-Encoding": "gzip",
        "Content-Type": "application/json; charset=utf-8",
        "Date": "Tue, 08 Mar 2022 11:35:39 GMT",
        "Expires": "-1",
        "Pragma": "no-cache",
        "Retry-After": "80",
        "Server": [
          "Microsoft-HTTPAPI/2.0",
          "Microsoft-HTTPAPI/2.0"
        ],
        "Strict-Transport-Security": "max-age=31536000; includeSubDomains",
        "Transfer-Encoding": "chunked",
        "Vary": "Accept-Encoding",
        "X-Content-Type-Options": "nosniff",
        "x-ms-arm-service-request-id": "99668ef2-0b87-465f-9295-be6df57a25c0",
        "x-ms-correlation-request-id": "10831ab3-9f6b-425b-9a86-e109fc97c692",
        "x-ms-ratelimit-remaining-subscription-reads": "11964",
        "x-ms-request-id": "154bde35-5c14-41fa-8c22-2cdbb3f07365",
        "x-ms-routing-request-id": "KOREASOUTH:20220308T113539Z:10831ab3-9f6b-425b-9a86-e109fc97c692"
      },
      "ResponseBody": {
        "status": "InProgress"
      }
    },
    {
      "RequestUri": "https://management.azure.com/subscriptions/00000000-0000-0000-0000-000000000000/providers/Microsoft.Network/locations/eastus/operations/37930924-9750-49f2-811f-fd2f0e162958?api-version=2021-05-01",
      "RequestMethod": "GET",
      "RequestHeaders": {
        "Accept": "*/*",
        "Accept-Encoding": "gzip, deflate",
        "Authorization": "Sanitized",
        "Connection": "keep-alive",
        "User-Agent": "azsdk-python-azure-mgmt-network/19.3.0 Python/3.9.8 (Windows-10-10.0.19044)",
        "x-ms-client-request-id": "8a082469-9ed3-11ec-ae07-2811a8e804f3"
      },
      "RequestBody": null,
      "StatusCode": 200,
      "ResponseHeaders": {
        "Cache-Control": "no-cache",
        "Content-Encoding": "gzip",
        "Content-Type": "application/json; charset=utf-8",
        "Date": "Tue, 08 Mar 2022 11:37:00 GMT",
        "Expires": "-1",
        "Pragma": "no-cache",
        "Retry-After": "160",
        "Server": [
          "Microsoft-HTTPAPI/2.0",
          "Microsoft-HTTPAPI/2.0"
        ],
        "Strict-Transport-Security": "max-age=31536000; includeSubDomains",
        "Transfer-Encoding": "chunked",
        "Vary": "Accept-Encoding",
        "X-Content-Type-Options": "nosniff",
        "x-ms-arm-service-request-id": "49ba92c7-05c4-4dd2-963b-6e4387c8e926",
        "x-ms-correlation-request-id": "19da8009-bec1-47fe-bd07-e5e535dfb764",
        "x-ms-ratelimit-remaining-subscription-reads": "11998",
        "x-ms-request-id": "903e2ed0-eee0-42fe-9353-1e257e146ce2",
        "x-ms-routing-request-id": "KOREASOUTH:20220308T113701Z:19da8009-bec1-47fe-bd07-e5e535dfb764"
      },
      "ResponseBody": {
        "status": "InProgress"
      }
    },
    {
      "RequestUri": "https://management.azure.com/subscriptions/00000000-0000-0000-0000-000000000000/providers/Microsoft.Network/locations/eastus/operations/37930924-9750-49f2-811f-fd2f0e162958?api-version=2021-05-01",
      "RequestMethod": "GET",
      "RequestHeaders": {
        "Accept": "*/*",
        "Accept-Encoding": "gzip, deflate",
        "Authorization": "Sanitized",
        "Connection": "keep-alive",
        "User-Agent": "azsdk-python-azure-mgmt-network/19.3.0 Python/3.9.8 (Windows-10-10.0.19044)",
        "x-ms-client-request-id": "8a082469-9ed3-11ec-ae07-2811a8e804f3"
      },
      "RequestBody": null,
      "StatusCode": 200,
      "ResponseHeaders": {
        "Cache-Control": "no-cache",
        "Content-Encoding": "gzip",
        "Content-Type": "application/json; charset=utf-8",
        "Date": "Tue, 08 Mar 2022 11:39:41 GMT",
        "Expires": "-1",
        "Pragma": "no-cache",
        "Server": [
          "Microsoft-HTTPAPI/2.0",
          "Microsoft-HTTPAPI/2.0"
        ],
        "Strict-Transport-Security": "max-age=31536000; includeSubDomains",
        "Transfer-Encoding": "chunked",
        "Vary": "Accept-Encoding",
        "X-Content-Type-Options": "nosniff",
        "x-ms-arm-service-request-id": "84394903-6a46-4443-baf8-c9c435bc271b",
        "x-ms-correlation-request-id": "4410928c-3f15-45f2-a5b4-603ea791b498",
        "x-ms-ratelimit-remaining-subscription-reads": "11992",
        "x-ms-request-id": "d93d9dea-5052-42d2-aedd-9eef9a01b047",
        "x-ms-routing-request-id": "KOREASOUTH:20220308T113942Z:4410928c-3f15-45f2-a5b4-603ea791b498"
      },
      "ResponseBody": {
        "status": "Succeeded"
      }
    },
    {
      "RequestUri": "https://management.azure.com/subscriptions/00000000-0000-0000-0000-000000000000/resourceGroups/rgname/providers/Microsoft.Network/virtualHubs/virtualhubf51b29f1?api-version=2021-05-01",
      "RequestMethod": "GET",
      "RequestHeaders": {
        "Accept": "*/*",
        "Accept-Encoding": "gzip, deflate",
        "Authorization": "Sanitized",
        "Connection": "keep-alive",
        "User-Agent": "azsdk-python-azure-mgmt-network/19.3.0 Python/3.9.8 (Windows-10-10.0.19044)",
        "x-ms-client-request-id": "8a082469-9ed3-11ec-ae07-2811a8e804f3"
      },
      "RequestBody": null,
      "StatusCode": 200,
      "ResponseHeaders": {
        "Cache-Control": "no-cache",
        "Content-Encoding": "gzip",
        "Content-Type": "application/json; charset=utf-8",
        "Date": "Tue, 08 Mar 2022 11:39:42 GMT",
        "Expires": "-1",
        "Pragma": "no-cache",
        "Server": [
          "Microsoft-HTTPAPI/2.0",
          "Microsoft-HTTPAPI/2.0"
        ],
        "Strict-Transport-Security": "max-age=31536000; includeSubDomains",
        "Transfer-Encoding": "chunked",
        "Vary": "Accept-Encoding",
        "X-Content-Type-Options": "nosniff",
        "x-ms-arm-service-request-id": "8e0d3fa0-9ae8-41a6-8d7b-0af0236b8e69",
        "x-ms-correlation-request-id": "c4e9be37-fb24-428d-a507-d98113bc39f1",
        "x-ms-ratelimit-remaining-subscription-reads": "11991",
        "x-ms-request-id": "bf18751e-c437-4bf4-8559-fdd9d5bbc7b2",
        "x-ms-routing-request-id": "KOREASOUTH:20220308T113942Z:c4e9be37-fb24-428d-a507-d98113bc39f1"
      },
      "ResponseBody": {
        "name": "virtualhubf51b29f1",
        "id": "/subscriptions/00000000-0000-0000-0000-000000000000/resourceGroups/rgname/providers/Microsoft.Network/virtualHubs/virtualhubf51b29f1",
        "etag": "W/\u002237ef290e-22f7-4cab-aa66-fb81c3b5d475\u0022",
        "type": "Microsoft.Network/virtualHubs",
        "location": "eastus",
        "tags": {
          "key1": "value1"
        },
        "properties": {
          "provisioningState": "Succeeded",
          "virtualHubRouteTableV2s": [],
          "addressPrefix": "10.168.0.0/24",
          "virtualRouterAsn": 0,
          "virtualRouterIps": [],
          "routeTable": {
            "routes": []
          },
          "virtualWan": {
            "id": "/subscriptions/00000000-0000-0000-0000-000000000000/resourceGroups/rgname/providers/Microsoft.Network/virtualWans/virtualwanf51b29f1"
          },
          "sku": "Basic",
          "routingState": "Provisioning",
          "allowBranchToBranchTraffic": false,
          "preferredRoutingGateway": "ExpressRoute"
        }
      }
    }
  ],
  "Variables": {}
}
