{
  "Entries": [
    {
      "RequestUri": "https://login.microsoftonline.com/00000000-0000-0000-0000-000000000000/v2.0/.well-known/openid-configuration",
      "RequestMethod": "GET",
      "RequestHeaders": {
        "Accept": "*/*",
        "Accept-Encoding": "gzip, deflate",
        "Connection": "keep-alive",
        "User-Agent": "azsdk-python-identity/1.11.0b4 Python/3.8.13 (Linux-5.15.0-1017-azure-x86_64-with-glibc2.2.5) VSTS_0fb41ef4-5012-48a9-bf39-4ee3de03ee35_build_2384_0"
      },
      "RequestBody": null,
      "StatusCode": 200,
      "ResponseHeaders": {
        "Access-Control-Allow-Methods": "GET, OPTIONS",
        "Access-Control-Allow-Origin": "*",
        "Cache-Control": "max-age=86400, private",
        "Content-Length": "1753",
        "Content-Type": "application/json; charset=utf-8",
        "Date": "Wed, 24 Aug 2022 06:29:17 GMT",
        "P3P": "CP=\u0022DSP CUR OTPi IND OTRi ONL FIN\u0022",
        "Set-Cookie": "[set-cookie;]",
        "Strict-Transport-Security": "max-age=31536000; includeSubDomains",
        "X-Content-Type-Options": "nosniff",
        "x-ms-ests-server": "2.1.13481.11 - WUS2 ProdSlices",
        "X-XSS-Protection": "0"
      },
      "ResponseBody": {
        "token_endpoint": "https://login.microsoftonline.com/00000000-0000-0000-0000-000000000000/oauth2/v2.0/token",
        "token_endpoint_auth_methods_supported": [
          "client_secret_post",
          "private_key_jwt",
          "client_secret_basic"
        ],
        "jwks_uri": "https://login.microsoftonline.com/00000000-0000-0000-0000-000000000000/discovery/v2.0/keys",
        "response_modes_supported": [
          "query",
          "fragment",
          "form_post"
        ],
        "subject_types_supported": [
          "pairwise"
        ],
        "id_token_signing_alg_values_supported": [
          "RS256"
        ],
        "response_types_supported": [
          "code",
          "id_token",
          "code id_token",
          "id_token token"
        ],
        "scopes_supported": [
          "openid",
          "profile",
          "email",
          "offline_access"
        ],
        "issuer": "https://login.microsoftonline.com/00000000-0000-0000-0000-000000000000/v2.0",
        "request_uri_parameter_supported": false,
        "userinfo_endpoint": "https://graph.microsoft.com/oidc/userinfo",
        "authorization_endpoint": "https://login.microsoftonline.com/00000000-0000-0000-0000-000000000000/oauth2/v2.0/authorize",
        "device_authorization_endpoint": "https://login.microsoftonline.com/00000000-0000-0000-0000-000000000000/oauth2/v2.0/devicecode",
        "http_logout_supported": true,
        "frontchannel_logout_supported": true,
        "end_session_endpoint": "https://login.microsoftonline.com/00000000-0000-0000-0000-000000000000/oauth2/v2.0/logout",
        "claims_supported": [
          "sub",
          "iss",
          "cloud_instance_name",
          "cloud_instance_host_name",
          "cloud_graph_host_name",
          "msgraph_host",
          "aud",
          "exp",
          "iat",
          "auth_time",
          "acr",
          "nonce",
          "preferred_username",
          "name",
          "tid",
          "ver",
          "at_hash",
          "c_hash",
          "email"
        ],
        "kerberos_endpoint": "https://login.microsoftonline.com/00000000-0000-0000-0000-000000000000/kerberos",
        "tenant_region_scope": "NA",
        "cloud_instance_name": "microsoftonline.com",
        "cloud_graph_host_name": "graph.windows.net",
        "msgraph_host": "graph.microsoft.com",
        "rbac_url": "https://pas.windows.net"
      }
    },
    {
      "RequestUri": "https://login.microsoftonline.com/common/discovery/instance?api-version=1.1\u0026authorization_endpoint=https://login.microsoftonline.com/common/oauth2/authorize",
      "RequestMethod": "GET",
      "RequestHeaders": {
        "Accept": "application/json",
        "Accept-Encoding": "gzip, deflate",
        "Connection": "keep-alive",
        "Cookie": "cookie;",
        "User-Agent": "azsdk-python-identity/1.11.0b4 Python/3.8.13 (Linux-5.15.0-1017-azure-x86_64-with-glibc2.2.5) VSTS_0fb41ef4-5012-48a9-bf39-4ee3de03ee35_build_2384_0"
      },
      "RequestBody": null,
      "StatusCode": 200,
      "ResponseHeaders": {
        "Access-Control-Allow-Methods": "GET, OPTIONS",
        "Access-Control-Allow-Origin": "*",
        "Cache-Control": "max-age=86400, private",
        "Content-Length": "945",
        "Content-Type": "application/json; charset=utf-8",
        "Date": "Wed, 24 Aug 2022 06:29:17 GMT",
        "P3P": "CP=\u0022DSP CUR OTPi IND OTRi ONL FIN\u0022",
        "Set-Cookie": "[set-cookie;]",
        "Strict-Transport-Security": "max-age=31536000; includeSubDomains",
        "X-Content-Type-Options": "nosniff",
        "x-ms-ests-server": "2.1.13481.11 - NCUS ProdSlices",
        "X-XSS-Protection": "0"
      },
      "ResponseBody": {
        "tenant_discovery_endpoint": "https://login.microsoftonline.com/common/.well-known/openid-configuration",
        "api-version": "1.1",
        "metadata": [
          {
            "preferred_network": "login.microsoftonline.com",
            "preferred_cache": "login.windows.net",
            "aliases": [
              "login.microsoftonline.com",
              "login.windows.net",
              "login.microsoft.com",
              "sts.windows.net"
            ]
          },
          {
            "preferred_network": "login.partner.microsoftonline.cn",
            "preferred_cache": "login.partner.microsoftonline.cn",
            "aliases": [
              "login.partner.microsoftonline.cn",
              "login.chinacloudapi.cn"
            ]
          },
          {
            "preferred_network": "login.microsoftonline.de",
            "preferred_cache": "login.microsoftonline.de",
            "aliases": [
              "login.microsoftonline.de"
            ]
          },
          {
            "preferred_network": "login.microsoftonline.us",
            "preferred_cache": "login.microsoftonline.us",
            "aliases": [
              "login.microsoftonline.us",
              "login.usgovcloudapi.net"
            ]
          },
          {
            "preferred_network": "login-us.microsoftonline.com",
            "preferred_cache": "login-us.microsoftonline.com",
            "aliases": [
              "login-us.microsoftonline.com"
            ]
          }
        ]
      }
    },
    {
      "RequestUri": "https://login.microsoftonline.com/00000000-0000-0000-0000-000000000000/oauth2/v2.0/token",
      "RequestMethod": "POST",
      "RequestHeaders": {
        "Accept": "application/json",
        "Accept-Encoding": "gzip, deflate",
        "client-request-id": "51ce32cb-8766-407e-b870-64403493a01c",
        "Connection": "keep-alive",
        "Content-Length": "288",
        "Content-Type": "application/x-www-form-urlencoded",
        "Cookie": "cookie;",
        "User-Agent": "azsdk-python-identity/1.11.0b4 Python/3.8.13 (Linux-5.15.0-1017-azure-x86_64-with-glibc2.2.5) VSTS_0fb41ef4-5012-48a9-bf39-4ee3de03ee35_build_2384_0",
        "x-client-cpu": "x64",
        "x-client-current-telemetry": "4|730,0|",
        "x-client-last-telemetry": "4|0|||",
        "x-client-os": "linux",
        "x-client-sku": "MSAL.Python",
        "x-client-ver": "1.18.0",
        "x-ms-lib-capability": "retry-after, h429"
      },
      "RequestBody": "client_id=00000000-0000-0000-0000-000000000000\u0026grant_type=client_credentials\u0026client_info=1\u0026client_secret=00000000-0000-0000-0000-000000000000\u0026claims=%7B%22access_token%22%3A\u002B%7B%22xms_cc%22%3A\u002B%7B%22values%22%3A\u002B%5B%22CP1%22%5D%7D%7D%7D\u0026scope=https%3A%2F%2Fmanagement.azure.com%2F.default",
      "StatusCode": 200,
      "ResponseHeaders": {
        "Cache-Control": "no-store, no-cache",
        "client-request-id": "51ce32cb-8766-407e-b870-64403493a01c",
        "Content-Length": "93",
        "Content-Type": "application/json; charset=utf-8",
        "Date": "Wed, 24 Aug 2022 06:29:18 GMT",
        "Expires": "-1",
        "P3P": "CP=\u0022DSP CUR OTPi IND OTRi ONL FIN\u0022",
        "Pragma": "no-cache",
        "Set-Cookie": "[set-cookie;]",
        "Strict-Transport-Security": "max-age=31536000; includeSubDomains",
        "X-Content-Type-Options": "nosniff",
        "x-ms-clitelem": "1,0,0,,",
        "x-ms-ests-server": "2.1.13481.11 - EUS ProdSlices",
        "X-XSS-Protection": "0"
      },
      "ResponseBody": {
        "token_type": "Bearer",
        "expires_in": 3599,
        "ext_expires_in": 3599,
        "access_token": "access_token"
      }
    },
    {
      "RequestUri": "https://management.azure.com/subscriptions/00000000-0000-0000-0000-000000000000/resourceGroups/rgname/providers/Microsoft.Network/firewallPolicies/myFirewallPolicy?api-version=2022-01-01",
      "RequestMethod": "PUT",
      "RequestHeaders": {
        "Accept": "application/json",
        "Accept-Encoding": "gzip, deflate",
        "Connection": "keep-alive",
        "Content-Length": "95",
        "Content-Type": "application/json",
        "User-Agent": "azsdk-python-azure-mgmt-network/0.0.0 (it should be stable) Python/3.8.13 (Linux-5.15.0-1017-azure-x86_64-with-glibc2.2.5) VSTS_0fb41ef4-5012-48a9-bf39-4ee3de03ee35_build_2384_0"
      },
      "RequestBody": {
        "location": "West US",
        "tags": {
          "key1": "value1"
        },
        "properties": {
          "threatIntelMode": "Alert"
        }
      },
      "StatusCode": 201,
      "ResponseHeaders": {
        "Azure-AsyncOperation": "https://management.azure.com/subscriptions/00000000-0000-0000-0000-000000000000/providers/Microsoft.Network/locations/westus/nfvOperations/8398490f-c792-4f3b-8439-eee124b48b0d?api-version=2022-01-01",
        "Cache-Control": "no-cache",
        "Content-Length": "572",
        "Content-Type": "application/json; charset=utf-8",
        "Date": "Wed, 24 Aug 2022 06:29:22 GMT",
        "Expires": "-1",
        "Pragma": "no-cache",
        "Retry-After": "10",
        "Server": "Microsoft-HTTPAPI/2.0",
        "Strict-Transport-Security": "max-age=31536000; includeSubDomains",
        "X-Content-Type-Options": "nosniff",
        "x-ms-correlation-request-id": "bb463128-b064-4207-9a60-609e4226eb07",
        "x-ms-ratelimit-remaining-subscription-writes": "1193",
        "x-ms-routing-request-id": "WESTUS:20220824T062922Z:bb463128-b064-4207-9a60-609e4226eb07"
      },
      "ResponseBody": {
        "properties": {
          "sku": {
            "tier": "Standard"
          },
          "threatIntelMode": "Alert",
          "childPolicies": [],
          "ruleCollectionGroups": [],
          "firewalls": [],
          "provisioningState": "Updating"
        },
        "id": "/subscriptions/00000000-0000-0000-0000-000000000000/resourceGroups/rgname/providers/Microsoft.Network/firewallPolicies/myFirewallPolicy",
        "name": "myFirewallPolicy",
        "type": "Microsoft.Network/FirewallPolicies",
        "etag": "f6cddd4c-6405-4f54-86f9-d5a7ad8c7967",
        "location": "westus",
        "tags": {
          "key1": "value1"
        }
      }
    },
    {
      "RequestUri": "https://management.azure.com/subscriptions/00000000-0000-0000-0000-000000000000/providers/Microsoft.Network/locations/westus/nfvOperations/8398490f-c792-4f3b-8439-eee124b48b0d?api-version=2022-01-01",
      "RequestMethod": "GET",
      "RequestHeaders": {
        "Accept": "*/*",
        "Accept-Encoding": "gzip, deflate",
        "Connection": "keep-alive",
        "User-Agent": "azsdk-python-azure-mgmt-network/0.0.0 (it should be stable) Python/3.8.13 (Linux-5.15.0-1017-azure-x86_64-with-glibc2.2.5) VSTS_0fb41ef4-5012-48a9-bf39-4ee3de03ee35_build_2384_0"
      },
      "RequestBody": null,
      "StatusCode": 200,
      "ResponseHeaders": {
        "Cache-Control": "no-cache",
        "Content-Encoding": "gzip",
        "Content-Type": "application/json; charset=utf-8",
        "Date": "Wed, 24 Aug 2022 06:29:32 GMT",
        "Expires": "-1",
        "Pragma": "no-cache",
        "Server": "Microsoft-HTTPAPI/2.0",
        "Strict-Transport-Security": "max-age=31536000; includeSubDomains",
        "Transfer-Encoding": "chunked",
        "Vary": "Accept-Encoding",
        "X-Content-Type-Options": "nosniff",
        "x-ms-correlation-request-id": "8e2f5ea3-5696-4973-bc23-4fc8cb3231f4",
        "x-ms-ratelimit-remaining-subscription-reads": "11935",
        "x-ms-routing-request-id": "WESTUS:20220824T062932Z:8e2f5ea3-5696-4973-bc23-4fc8cb3231f4"
      },
      "ResponseBody": {
        "status": "Succeeded"
      }
    },
    {
      "RequestUri": "https://management.azure.com/subscriptions/00000000-0000-0000-0000-000000000000/resourceGroups/rgname/providers/Microsoft.Network/firewallPolicies/myFirewallPolicy?api-version=2022-01-01",
      "RequestMethod": "GET",
      "RequestHeaders": {
        "Accept": "*/*",
        "Accept-Encoding": "gzip, deflate",
        "Connection": "keep-alive",
        "User-Agent": "azsdk-python-azure-mgmt-network/0.0.0 (it should be stable) Python/3.8.13 (Linux-5.15.0-1017-azure-x86_64-with-glibc2.2.5) VSTS_0fb41ef4-5012-48a9-bf39-4ee3de03ee35_build_2384_0"
      },
      "RequestBody": null,
      "StatusCode": 200,
      "ResponseHeaders": {
        "Cache-Control": "no-cache",
        "Content-Encoding": "gzip",
        "Content-Type": "application/json; charset=utf-8",
        "Date": "Wed, 24 Aug 2022 06:29:32 GMT",
        "ETag": "\u0022f6cddd4c-6405-4f54-86f9-d5a7ad8c7967\u0022",
        "Expires": "-1",
        "Pragma": "no-cache",
        "Server": "Microsoft-HTTPAPI/2.0",
        "Strict-Transport-Security": "max-age=31536000; includeSubDomains",
        "Transfer-Encoding": "chunked",
        "Vary": "Accept-Encoding",
        "X-Content-Type-Options": "nosniff",
        "x-ms-correlation-request-id": "7ddcc20f-1663-414a-83da-00f1254fc271",
        "x-ms-ratelimit-remaining-subscription-reads": "11934",
        "x-ms-routing-request-id": "WESTUS:20220824T062932Z:7ddcc20f-1663-414a-83da-00f1254fc271"
      },
      "ResponseBody": {
        "properties": {
          "sku": {
            "tier": "Standard"
          },
          "threatIntelMode": "Alert",
          "childPolicies": [],
          "ruleCollectionGroups": [],
          "firewalls": [],
          "provisioningState": "Succeeded"
        },
        "id": "/subscriptions/00000000-0000-0000-0000-000000000000/resourceGroups/rgname/providers/Microsoft.Network/firewallPolicies/myFirewallPolicy",
        "name": "myFirewallPolicy",
        "type": "Microsoft.Network/FirewallPolicies",
        "etag": "f6cddd4c-6405-4f54-86f9-d5a7ad8c7967",
        "location": "westus",
        "tags": {
          "key1": "value1"
        }
      }
    },
    {
      "RequestUri": "https://management.azure.com/subscriptions/00000000-0000-0000-0000-000000000000/resourceGroups/rgname/providers/Microsoft.Network/firewallPolicies/myFirewallPolicy/ruleGroups/myRuleGroup?api-version=2020-04-01",
      "RequestMethod": "PUT",
      "RequestHeaders": {
        "Accept": "application/json",
        "Accept-Encoding": "gzip, deflate",
        "Connection": "keep-alive",
        "Content-Length": "361",
        "Content-Type": "application/json",
        "User-Agent": "azsdk-python-azure-mgmt-network/0.0.0 (it should be stable) Python/3.8.13 (Linux-5.15.0-1017-azure-x86_64-with-glibc2.2.5) VSTS_0fb41ef4-5012-48a9-bf39-4ee3de03ee35_build_2384_0"
      },
      "RequestBody": {
        "properties": {
          "priority": 110,
          "rules": [
            {
              "ruleType": "FirewallPolicyFilterRule",
              "name": "Example-Filter-Rule",
              "action": {
                "type": "Deny"
              },
              "ruleConditions": [
                {
                  "name": "network-condition1",
                  "ruleConditionType": "NetworkRuleCondition",
                  "ipProtocols": [
                    "TCP"
                  ],
                  "sourceAddresses": [
                    "10.1.25.0/24"
                  ],
                  "destinationAddresses": [
                    "*"
                  ],
                  "destinationPorts": [
                    "*"
                  ]
                }
              ]
            }
          ]
        }
      },
      "StatusCode": 201,
      "ResponseHeaders": {
        "Azure-AsyncOperation": "https://management.azure.com/subscriptions/00000000-0000-0000-0000-000000000000/providers/Microsoft.Network/locations/westus/nfvOperations/041b1edf-93a4-4705-95e4-23ac372f482f?api-version=2020-04-01",
        "Cache-Control": "no-cache",
        "Content-Length": "1091",
        "Content-Type": "application/json; charset=utf-8",
        "Date": "Wed, 24 Aug 2022 06:29:33 GMT",
        "Expires": "-1",
        "Pragma": "no-cache",
        "Retry-After": "10",
        "Server": "Microsoft-HTTPAPI/2.0",
        "Strict-Transport-Security": "max-age=31536000; includeSubDomains",
        "X-Content-Type-Options": "nosniff",
        "x-ms-correlation-request-id": "9aaf190a-0f9e-426f-b088-5bb5aa629472",
        "x-ms-ratelimit-remaining-subscription-writes": "1192",
        "x-ms-routing-request-id": "WESTUS:20220824T062933Z:9aaf190a-0f9e-426f-b088-5bb5aa629472"
      },
      "ResponseBody": {
        "properties": {
          "priority": 110,
          "rules": [
            {
              "ruleType": "FirewallPolicyFilterRule",
              "action": {
                "type": "Deny"
              },
              "ruleConditions": [
                {
                  "ruleConditionType": "NetworkRuleCondition",
                  "name": "network-condition1",
                  "ipProtocols": [
                    "TCP"
                  ],
                  "sourceAddresses": [
                    "10.1.25.0/24"
                  ],
                  "destinationAddresses": [
                    "*"
                  ],
                  "destinationPorts": [
                    "*"
                  ]
                }
              ],
              "name": "Example-Filter-Rule",
              "priority": 0
            }
          ],
          "provisioningState": "Updating"
        },
        "id": "/subscriptions/00000000-0000-0000-0000-000000000000/resourceGroups/rgname/providers/Microsoft.Network/firewallPolicies/myFirewallPolicy/ruleGroups/myRuleGroup",
        "name": "myRuleGroup",
        "type": "Microsoft.Network/FirewallPolicies/RuleGroups",
        "etag": "72284ce4-22f5-4699-abcb-721bb33d35c1",
        "location": "westus"
      }
    },
    {
      "RequestUri": "https://management.azure.com/subscriptions/00000000-0000-0000-0000-000000000000/providers/Microsoft.Network/locations/westus/nfvOperations/041b1edf-93a4-4705-95e4-23ac372f482f?api-version=2020-04-01",
      "RequestMethod": "GET",
      "RequestHeaders": {
        "Accept": "*/*",
        "Accept-Encoding": "gzip, deflate",
        "Connection": "keep-alive",
        "User-Agent": "azsdk-python-azure-mgmt-network/0.0.0 (it should be stable) Python/3.8.13 (Linux-5.15.0-1017-azure-x86_64-with-glibc2.2.5) VSTS_0fb41ef4-5012-48a9-bf39-4ee3de03ee35_build_2384_0"
      },
      "RequestBody": null,
      "StatusCode": 200,
      "ResponseHeaders": {
        "Cache-Control": "no-cache",
        "Content-Encoding": "gzip",
        "Content-Type": "application/json; charset=utf-8",
        "Date": "Wed, 24 Aug 2022 06:29:43 GMT",
        "Expires": "-1",
        "Pragma": "no-cache",
        "Server": "Microsoft-HTTPAPI/2.0",
        "Strict-Transport-Security": "max-age=31536000; includeSubDomains",
        "Transfer-Encoding": "chunked",
        "Vary": "Accept-Encoding",
        "X-Content-Type-Options": "nosniff",
        "x-ms-correlation-request-id": "6f59217d-d89b-48ee-a706-58018b2c39fa",
        "x-ms-ratelimit-remaining-subscription-reads": "11933",
        "x-ms-routing-request-id": "WESTUS:20220824T062943Z:6f59217d-d89b-48ee-a706-58018b2c39fa"
      },
      "ResponseBody": {
        "status": "Succeeded"
      }
    },
    {
      "RequestUri": "https://management.azure.com/subscriptions/00000000-0000-0000-0000-000000000000/resourceGroups/rgname/providers/Microsoft.Network/firewallPolicies/myFirewallPolicy/ruleGroups/myRuleGroup?api-version=2020-04-01",
      "RequestMethod": "GET",
      "RequestHeaders": {
        "Accept": "*/*",
        "Accept-Encoding": "gzip, deflate",
        "Connection": "keep-alive",
        "User-Agent": "azsdk-python-azure-mgmt-network/0.0.0 (it should be stable) Python/3.8.13 (Linux-5.15.0-1017-azure-x86_64-with-glibc2.2.5) VSTS_0fb41ef4-5012-48a9-bf39-4ee3de03ee35_build_2384_0"
      },
      "RequestBody": null,
      "StatusCode": 200,
      "ResponseHeaders": {
        "Cache-Control": "no-cache",
        "Content-Encoding": "gzip",
        "Content-Type": "application/json; charset=utf-8",
        "Date": "Wed, 24 Aug 2022 06:29:43 GMT",
        "ETag": "\u002272284ce4-22f5-4699-abcb-721bb33d35c1\u0022",
        "Expires": "-1",
        "Pragma": "no-cache",
        "Server": "Microsoft-HTTPAPI/2.0",
        "Strict-Transport-Security": "max-age=31536000; includeSubDomains",
        "Transfer-Encoding": "chunked",
        "Vary": "Accept-Encoding",
        "X-Content-Type-Options": "nosniff",
        "x-ms-correlation-request-id": "07c52fdf-427a-4cf3-a6e5-01f03c8b8284",
        "x-ms-ratelimit-remaining-subscription-reads": "11932",
        "x-ms-routing-request-id": "WESTUS:20220824T062944Z:07c52fdf-427a-4cf3-a6e5-01f03c8b8284"
      },
      "ResponseBody": {
        "properties": {
          "priority": 110,
          "rules": [
            {
              "ruleType": "FirewallPolicyFilterRule",
              "action": {
                "type": "Deny"
              },
              "ruleConditions": [
                {
                  "ruleConditionType": "NetworkRuleCondition",
                  "name": "network-condition1",
                  "ipProtocols": [
                    "TCP"
                  ],
                  "sourceAddresses": [
                    "10.1.25.0/24"
                  ],
                  "destinationAddresses": [
                    "*"
                  ],
                  "destinationPorts": [
                    "*"
                  ]
                }
              ],
              "name": "Example-Filter-Rule",
              "priority": 0
            }
          ],
          "provisioningState": "Succeeded"
        },
        "id": "/subscriptions/00000000-0000-0000-0000-000000000000/resourceGroups/rgname/providers/Microsoft.Network/firewallPolicies/myFirewallPolicy/ruleGroups/myRuleGroup",
        "name": "myRuleGroup",
        "type": "Microsoft.Network/FirewallPolicies/RuleGroups",
        "etag": "72284ce4-22f5-4699-abcb-721bb33d35c1",
        "location": "westus"
      }
    },
    {
      "RequestUri": "https://management.azure.com/subscriptions/00000000-0000-0000-0000-000000000000/resourceGroups/rgname/providers/Microsoft.Network/firewallPolicies/myFirewallPolicy/ruleGroups/myRuleGroup?api-version=2020-04-01",
      "RequestMethod": "GET",
      "RequestHeaders": {
        "Accept": "application/json",
        "Accept-Encoding": "gzip, deflate",
        "Connection": "keep-alive",
        "User-Agent": "azsdk-python-azure-mgmt-network/0.0.0 (it should be stable) Python/3.8.13 (Linux-5.15.0-1017-azure-x86_64-with-glibc2.2.5) VSTS_0fb41ef4-5012-48a9-bf39-4ee3de03ee35_build_2384_0"
      },
      "RequestBody": null,
      "StatusCode": 200,
      "ResponseHeaders": {
        "Cache-Control": "no-cache",
        "Content-Encoding": "gzip",
        "Content-Type": "application/json; charset=utf-8",
        "Date": "Wed, 24 Aug 2022 06:29:43 GMT",
        "ETag": "\u002272284ce4-22f5-4699-abcb-721bb33d35c1\u0022",
        "Expires": "-1",
        "Pragma": "no-cache",
        "Server": "Microsoft-HTTPAPI/2.0",
        "Strict-Transport-Security": "max-age=31536000; includeSubDomains",
        "Transfer-Encoding": "chunked",
        "Vary": "Accept-Encoding",
        "X-Content-Type-Options": "nosniff",
        "x-ms-correlation-request-id": "0b26d776-ec2d-429e-8102-b81db217cc12",
        "x-ms-ratelimit-remaining-subscription-reads": "11931",
        "x-ms-routing-request-id": "WESTUS:20220824T062944Z:0b26d776-ec2d-429e-8102-b81db217cc12"
      },
      "ResponseBody": {
        "properties": {
          "priority": 110,
          "rules": [
            {
              "ruleType": "FirewallPolicyFilterRule",
              "action": {
                "type": "Deny"
              },
              "ruleConditions": [
                {
                  "ruleConditionType": "NetworkRuleCondition",
                  "name": "network-condition1",
                  "ipProtocols": [
                    "TCP"
                  ],
                  "sourceAddresses": [
                    "10.1.25.0/24"
                  ],
                  "destinationAddresses": [
                    "*"
                  ],
                  "destinationPorts": [
                    "*"
                  ]
                }
              ],
              "name": "Example-Filter-Rule",
              "priority": 0
            }
          ],
          "provisioningState": "Succeeded"
        },
        "id": "/subscriptions/00000000-0000-0000-0000-000000000000/resourceGroups/rgname/providers/Microsoft.Network/firewallPolicies/myFirewallPolicy/ruleGroups/myRuleGroup",
        "name": "myRuleGroup",
        "type": "Microsoft.Network/FirewallPolicies/RuleGroups",
        "etag": "72284ce4-22f5-4699-abcb-721bb33d35c1",
        "location": "westus"
      }
    },
    {
      "RequestUri": "https://management.azure.com/subscriptions/00000000-0000-0000-0000-000000000000/resourceGroups/rgname/providers/Microsoft.Network/firewallPolicies/myFirewallPolicy?api-version=2022-01-01",
      "RequestMethod": "GET",
      "RequestHeaders": {
        "Accept": "application/json",
        "Accept-Encoding": "gzip, deflate",
        "Connection": "keep-alive",
        "User-Agent": "azsdk-python-azure-mgmt-network/0.0.0 (it should be stable) Python/3.8.13 (Linux-5.15.0-1017-azure-x86_64-with-glibc2.2.5) VSTS_0fb41ef4-5012-48a9-bf39-4ee3de03ee35_build_2384_0"
      },
      "RequestBody": null,
      "StatusCode": 200,
      "ResponseHeaders": {
        "Cache-Control": "no-cache",
        "Content-Encoding": "gzip",
        "Content-Type": "application/json; charset=utf-8",
        "Date": "Wed, 24 Aug 2022 06:29:43 GMT",
        "ETag": "\u002276811af1-ee94-4b64-b415-2400cf01149b\u0022",
        "Expires": "-1",
        "Pragma": "no-cache",
        "Server": "Microsoft-HTTPAPI/2.0",
        "Strict-Transport-Security": "max-age=31536000; includeSubDomains",
        "Transfer-Encoding": "chunked",
        "Vary": "Accept-Encoding",
        "X-Content-Type-Options": "nosniff",
        "x-ms-correlation-request-id": "3db01d2b-0486-4001-8fc9-e2c04b9a80de",
        "x-ms-ratelimit-remaining-subscription-reads": "11930",
        "x-ms-routing-request-id": "WESTUS:20220824T062944Z:3db01d2b-0486-4001-8fc9-e2c04b9a80de"
      },
      "ResponseBody": {
        "properties": {
          "sku": {
            "tier": "Standard"
          },
          "threatIntelMode": "Alert",
          "childPolicies": [],
          "ruleCollectionGroups": [
            {
              "id": "/subscriptions/00000000-0000-0000-0000-000000000000/resourceGroups/rgname/providers/Microsoft.Network/firewallpolicies/myFirewallPolicy/ruleCollectionGroups/myRuleGroup"
            }
          ],
          "firewalls": [],
          "provisioningState": "Succeeded"
        },
        "id": "/subscriptions/00000000-0000-0000-0000-000000000000/resourceGroups/rgname/providers/Microsoft.Network/firewallPolicies/myFirewallPolicy",
        "name": "myFirewallPolicy",
        "type": "Microsoft.Network/FirewallPolicies",
        "etag": "76811af1-ee94-4b64-b415-2400cf01149b",
        "location": "westus",
        "tags": {
          "key1": "value1"
        }
      }
    },
    {
      "RequestUri": "https://management.azure.com/subscriptions/00000000-0000-0000-0000-000000000000/resourceGroups/rgname/providers/Microsoft.Network/firewallPolicies/myFirewallPolicy/ruleGroups/myRuleGroup?api-version=2020-04-01",
      "RequestMethod": "DELETE",
      "RequestHeaders": {
        "Accept": "application/json",
        "Accept-Encoding": "gzip, deflate",
        "Connection": "keep-alive",
        "Content-Length": "0",
        "User-Agent": "azsdk-python-azure-mgmt-network/0.0.0 (it should be stable) Python/3.8.13 (Linux-5.15.0-1017-azure-x86_64-with-glibc2.2.5) VSTS_0fb41ef4-5012-48a9-bf39-4ee3de03ee35_build_2384_0"
      },
      "RequestBody": null,
      "StatusCode": 202,
      "ResponseHeaders": {
        "Azure-AsyncOperation": "https://management.azure.com/subscriptions/00000000-0000-0000-0000-000000000000/providers/Microsoft.Network/locations/westus/nfvOperations/d5508b0b-939f-4ba5-b569-82a1f4fdb212?api-version=2020-04-01",
        "Cache-Control": "no-cache",
        "Content-Length": "1091",
        "Content-Type": "application/json; charset=utf-8",
        "Date": "Wed, 24 Aug 2022 06:29:45 GMT",
        "Expires": "-1",
        "Location": "https://management.azure.com/subscriptions/00000000-0000-0000-0000-000000000000/providers/Microsoft.Network/locations/westus/nfvOperationResults/d5508b0b-939f-4ba5-b569-82a1f4fdb212?api-version=2020-04-01",
        "Pragma": "no-cache",
        "Retry-After": "10",
        "Server": "Microsoft-HTTPAPI/2.0",
        "Strict-Transport-Security": "max-age=31536000; includeSubDomains",
        "X-Content-Type-Options": "nosniff",
        "x-ms-correlation-request-id": "303ebf51-f9d0-428a-bcda-228174082ae6",
        "x-ms-ratelimit-remaining-subscription-deletes": "14996",
        "x-ms-routing-request-id": "WESTUS:20220824T062945Z:303ebf51-f9d0-428a-bcda-228174082ae6"
      },
      "ResponseBody": {
        "properties": {
          "priority": 110,
          "rules": [
            {
              "ruleType": "FirewallPolicyFilterRule",
              "action": {
                "type": "Deny"
              },
              "ruleConditions": [
                {
                  "ruleConditionType": "NetworkRuleCondition",
                  "name": "network-condition1",
                  "ipProtocols": [
                    "TCP"
                  ],
                  "sourceAddresses": [
                    "10.1.25.0/24"
                  ],
                  "destinationAddresses": [
                    "*"
                  ],
                  "destinationPorts": [
                    "*"
                  ]
                }
              ],
              "name": "Example-Filter-Rule",
              "priority": 0
            }
          ],
          "provisioningState": "Deleting"
        },
        "id": "/subscriptions/00000000-0000-0000-0000-000000000000/resourceGroups/rgname/providers/Microsoft.Network/firewallPolicies/myFirewallPolicy/ruleGroups/myRuleGroup",
        "name": "myRuleGroup",
        "type": "Microsoft.Network/FirewallPolicies/RuleGroups",
        "etag": "b338e383-dc09-4ba1-8ccf-ab38b4862ac0",
        "location": "westus"
      }
    },
    {
      "RequestUri": "https://management.azure.com/subscriptions/00000000-0000-0000-0000-000000000000/providers/Microsoft.Network/locations/westus/nfvOperations/d5508b0b-939f-4ba5-b569-82a1f4fdb212?api-version=2020-04-01",
      "RequestMethod": "GET",
      "RequestHeaders": {
        "Accept": "*/*",
        "Accept-Encoding": "gzip, deflate",
        "Connection": "keep-alive",
        "User-Agent": "azsdk-python-azure-mgmt-network/0.0.0 (it should be stable) Python/3.8.13 (Linux-5.15.0-1017-azure-x86_64-with-glibc2.2.5) VSTS_0fb41ef4-5012-48a9-bf39-4ee3de03ee35_build_2384_0"
      },
      "RequestBody": null,
      "StatusCode": 200,
      "ResponseHeaders": {
        "Cache-Control": "no-cache",
        "Content-Encoding": "gzip",
        "Content-Type": "application/json; charset=utf-8",
        "Date": "Wed, 24 Aug 2022 06:29:55 GMT",
        "Expires": "-1",
        "Pragma": "no-cache",
        "Server": "Microsoft-HTTPAPI/2.0",
        "Strict-Transport-Security": "max-age=31536000; includeSubDomains",
        "Transfer-Encoding": "chunked",
        "Vary": "Accept-Encoding",
        "X-Content-Type-Options": "nosniff",
        "x-ms-correlation-request-id": "b472547b-dd02-4668-a848-b2fcf84e5211",
        "x-ms-ratelimit-remaining-subscription-reads": "11929",
        "x-ms-routing-request-id": "WESTUS:20220824T062955Z:b472547b-dd02-4668-a848-b2fcf84e5211"
      },
      "ResponseBody": {
        "status": "Succeeded"
      }
    },
    {
      "RequestUri": "https://management.azure.com/subscriptions/00000000-0000-0000-0000-000000000000/providers/Microsoft.Network/locations/westus/nfvOperationResults/d5508b0b-939f-4ba5-b569-82a1f4fdb212?api-version=2020-04-01",
      "RequestMethod": "GET",
      "RequestHeaders": {
        "Accept": "*/*",
        "Accept-Encoding": "gzip, deflate",
        "Connection": "keep-alive",
        "User-Agent": "azsdk-python-azure-mgmt-network/0.0.0 (it should be stable) Python/3.8.13 (Linux-5.15.0-1017-azure-x86_64-with-glibc2.2.5) VSTS_0fb41ef4-5012-48a9-bf39-4ee3de03ee35_build_2384_0"
      },
      "RequestBody": null,
      "StatusCode": 200,
      "ResponseHeaders": {
        "Cache-Control": "no-cache",
        "Content-Encoding": "gzip",
        "Content-Type": "application/json; charset=utf-8",
        "Date": "Wed, 24 Aug 2022 06:29:55 GMT",
        "Expires": "-1",
        "Pragma": "no-cache",
        "Server": "Microsoft-HTTPAPI/2.0",
        "Strict-Transport-Security": "max-age=31536000; includeSubDomains",
        "Transfer-Encoding": "chunked",
        "Vary": "Accept-Encoding",
        "X-Content-Type-Options": "nosniff",
        "x-ms-correlation-request-id": "f9d60bbf-9a5b-4a06-963c-7347f3985c78",
        "x-ms-ratelimit-remaining-subscription-reads": "11928",
        "x-ms-routing-request-id": "WESTUS:20220824T062955Z:f9d60bbf-9a5b-4a06-963c-7347f3985c78"
      },
      "ResponseBody": "null"
    },
    {
      "RequestUri": "https://management.azure.com/subscriptions/00000000-0000-0000-0000-000000000000/resourceGroups/rgname/providers/Microsoft.Network/firewallPolicies/myFirewallPolicy?api-version=2022-01-01",
      "RequestMethod": "DELETE",
      "RequestHeaders": {
        "Accept": "application/json",
        "Accept-Encoding": "gzip, deflate",
        "Connection": "keep-alive",
        "Content-Length": "0",
        "User-Agent": "azsdk-python-azure-mgmt-network/0.0.0 (it should be stable) Python/3.8.13 (Linux-5.15.0-1017-azure-x86_64-with-glibc2.2.5) VSTS_0fb41ef4-5012-48a9-bf39-4ee3de03ee35_build_2384_0"
      },
      "RequestBody": null,
      "StatusCode": 200,
      "ResponseHeaders": {
        "Cache-Control": "no-cache",
        "Content-Length": "0",
        "Date": "Wed, 24 Aug 2022 06:29:59 GMT",
        "Expires": "-1",
        "Pragma": "no-cache",
        "Server": "Microsoft-HTTPAPI/2.0",
        "Strict-Transport-Security": "max-age=31536000; includeSubDomains",
        "X-Content-Type-Options": "nosniff",
        "x-ms-correlation-request-id": "09073f54-9262-4323-adea-499cc5305424",
        "x-ms-ratelimit-remaining-subscription-deletes": "14995",
        "x-ms-routing-request-id": "WESTUS:20220824T063000Z:09073f54-9262-4323-adea-499cc5305424"
      },
      "ResponseBody": null
    }
  ],
  "Variables": {}
}
