interactions:
- request:
    body: '{"location": "westus", "properties": {"addressSpace": {"addressPrefixes":
      ["10.0.0.0/16"]}, "dhcpOptions": {"dnsServers": ["10.1.1.1", "10.1.2.4"]}, "subnets":
      [{"properties": {"addressPrefix": "10.0.1.0/24"}, "name": "pyvnetsubnetone4725106e"},
      {"properties": {"addressPrefix": "10.0.2.0/24"}, "name": "pyvnetsubnettwo4725106e"}],
      "enableDdosProtection": false, "enableVmProtection": false}}'
    headers:
      Accept:
      - application/json
      Accept-Encoding:
      - gzip, deflate
      Connection:
      - keep-alive
      Content-Length:
      - '392'
      Content-Type:
      - application/json; charset=utf-8
      User-Agent:
      - python/3.6.8 (Linux-4.9.125-linuxkit-x86_64-with-Ubuntu-18.04-bionic) msrest/0.6.8
        msrest_azure/0.4.34 azure-mgmt-network/5.1.0 Azure-SDK-For-Python
      accept-language:
      - en-US
    method: PUT
    uri: https://management.azure.com/subscriptions/00000000-0000-0000-0000-000000000000/resourceGroups/test_mgmt_network_test_virtual_networks4725106e/providers/Microsoft.Network/virtualNetworks/pyvnet4725106e?api-version=2019-07-01
  response:
    body:
      string: "{\r\n  \"name\": \"pyvnet4725106e\",\r\n  \"id\": \"/subscriptions/00000000-0000-0000-0000-000000000000/resourceGroups/test_mgmt_network_test_virtual_networks4725106e/providers/Microsoft.Network/virtualNetworks/pyvnet4725106e\"\
        ,\r\n  \"etag\": \"W/\\\"7d091851-352d-4769-b266-f883f7502d07\\\"\",\r\n \
        \ \"type\": \"Microsoft.Network/virtualNetworks\",\r\n  \"location\": \"westus\"\
        ,\r\n  \"properties\": {\r\n    \"provisioningState\": \"Updating\",\r\n \
        \   \"resourceGuid\": \"c535ed8e-009b-4df0-92fc-a580e5a3ef4e\",\r\n    \"\
        addressSpace\": {\r\n      \"addressPrefixes\": [\r\n        \"10.0.0.0/16\"\
        \r\n      ]\r\n    },\r\n    \"dhcpOptions\": {\r\n      \"dnsServers\": [\r\
        \n        \"10.1.1.1\",\r\n        \"10.1.2.4\"\r\n      ]\r\n    },\r\n \
        \   \"subnets\": [\r\n      {\r\n        \"name\": \"pyvnetsubnetone4725106e\"\
        ,\r\n        \"id\": \"/subscriptions/00000000-0000-0000-0000-000000000000/resourceGroups/test_mgmt_network_test_virtual_networks4725106e/providers/Microsoft.Network/virtualNetworks/pyvnet4725106e/subnets/pyvnetsubnetone4725106e\"\
        ,\r\n        \"etag\": \"W/\\\"7d091851-352d-4769-b266-f883f7502d07\\\"\"\
        ,\r\n        \"properties\": {\r\n          \"provisioningState\": \"Updating\"\
        ,\r\n          \"addressPrefix\": \"10.0.1.0/24\",\r\n          \"delegations\"\
        : [],\r\n          \"privateEndpointNetworkPolicies\": \"Enabled\",\r\n  \
        \        \"privateLinkServiceNetworkPolicies\": \"Enabled\"\r\n        },\r\
        \n        \"type\": \"Microsoft.Network/virtualNetworks/subnets\"\r\n    \
        \  },\r\n      {\r\n        \"name\": \"pyvnetsubnettwo4725106e\",\r\n   \
        \     \"id\": \"/subscriptions/00000000-0000-0000-0000-000000000000/resourceGroups/test_mgmt_network_test_virtual_networks4725106e/providers/Microsoft.Network/virtualNetworks/pyvnet4725106e/subnets/pyvnetsubnettwo4725106e\"\
        ,\r\n        \"etag\": \"W/\\\"7d091851-352d-4769-b266-f883f7502d07\\\"\"\
        ,\r\n        \"properties\": {\r\n          \"provisioningState\": \"Updating\"\
        ,\r\n          \"addressPrefix\": \"10.0.2.0/24\",\r\n          \"delegations\"\
        : [],\r\n          \"privateEndpointNetworkPolicies\": \"Enabled\",\r\n  \
        \        \"privateLinkServiceNetworkPolicies\": \"Enabled\"\r\n        },\r\
        \n        \"type\": \"Microsoft.Network/virtualNetworks/subnets\"\r\n    \
        \  }\r\n    ],\r\n    \"virtualNetworkPeerings\": [],\r\n    \"enableDdosProtection\"\
        : false,\r\n    \"enableVmProtection\": false\r\n  }\r\n}"
    headers:
      azure-asyncoperation:
      - https://management.azure.com/subscriptions/00000000-0000-0000-0000-000000000000/providers/Microsoft.Network/locations/westus/operations/42c34db7-15dc-40d4-a0fd-bcc975181f79?api-version=2019-07-01
      cache-control:
      - no-cache
      content-length:
      - '2153'
      content-type:
      - application/json; charset=utf-8
      date:
      - Thu, 03 Oct 2019 16:56:37 GMT
      expires:
      - '-1'
      pragma:
      - no-cache
      server:
      - Microsoft-HTTPAPI/2.0
      - Microsoft-HTTPAPI/2.0
      strict-transport-security:
      - max-age=31536000; includeSubDomains
      x-content-type-options:
      - nosniff
      x-ms-arm-service-request-id:
      - 85e26f47-4e9f-4489-ae49-286ec27bd699
      x-ms-ratelimit-remaining-subscription-writes:
      - '1198'
    status:
      code: 201
      message: Created
- request:
    body: null
    headers:
      Accept:
      - application/json
      Accept-Encoding:
      - gzip, deflate
      Connection:
      - keep-alive
      User-Agent:
      - python/3.6.8 (Linux-4.9.125-linuxkit-x86_64-with-Ubuntu-18.04-bionic) msrest/0.6.8
        msrest_azure/0.4.34 azure-mgmt-network/5.1.0 Azure-SDK-For-Python
    method: GET
    uri: https://management.azure.com/subscriptions/00000000-0000-0000-0000-000000000000/providers/Microsoft.Network/locations/westus/operations/42c34db7-15dc-40d4-a0fd-bcc975181f79?api-version=2019-07-01
  response:
    body:
      string: "{\r\n  \"status\": \"Succeeded\"\r\n}"
    headers:
      cache-control:
      - no-cache
      content-length:
      - '29'
      content-type:
      - application/json; charset=utf-8
      date:
      - Thu, 03 Oct 2019 16:56:42 GMT
      expires:
      - '-1'
      pragma:
      - no-cache
      server:
      - Microsoft-HTTPAPI/2.0
      - Microsoft-HTTPAPI/2.0
      strict-transport-security:
      - max-age=31536000; includeSubDomains
      transfer-encoding:
      - chunked
      vary:
      - Accept-Encoding
      x-content-type-options:
      - nosniff
      x-ms-arm-service-request-id:
      - 3bafde5d-6123-4f0f-b864-1f43d9cd1c87
    status:
      code: 200
      message: OK
- request:
    body: null
    headers:
      Accept:
      - application/json
      Accept-Encoding:
      - gzip, deflate
      Connection:
      - keep-alive
      User-Agent:
      - python/3.6.8 (Linux-4.9.125-linuxkit-x86_64-with-Ubuntu-18.04-bionic) msrest/0.6.8
        msrest_azure/0.4.34 azure-mgmt-network/5.1.0 Azure-SDK-For-Python
    method: GET
    uri: https://management.azure.com/subscriptions/00000000-0000-0000-0000-000000000000/resourceGroups/test_mgmt_network_test_virtual_networks4725106e/providers/Microsoft.Network/virtualNetworks/pyvnet4725106e?api-version=2019-07-01
  response:
    body:
      string: "{\r\n  \"name\": \"pyvnet4725106e\",\r\n  \"id\": \"/subscriptions/00000000-0000-0000-0000-000000000000/resourceGroups/test_mgmt_network_test_virtual_networks4725106e/providers/Microsoft.Network/virtualNetworks/pyvnet4725106e\"\
        ,\r\n  \"etag\": \"W/\\\"3b2cf5a3-a765-4b12-bd01-d431a71d3d6b\\\"\",\r\n \
        \ \"type\": \"Microsoft.Network/virtualNetworks\",\r\n  \"location\": \"westus\"\
        ,\r\n  \"properties\": {\r\n    \"provisioningState\": \"Succeeded\",\r\n\
        \    \"resourceGuid\": \"c535ed8e-009b-4df0-92fc-a580e5a3ef4e\",\r\n    \"\
        addressSpace\": {\r\n      \"addressPrefixes\": [\r\n        \"10.0.0.0/16\"\
        \r\n      ]\r\n    },\r\n    \"dhcpOptions\": {\r\n      \"dnsServers\": [\r\
        \n        \"10.1.1.1\",\r\n        \"10.1.2.4\"\r\n      ]\r\n    },\r\n \
        \   \"subnets\": [\r\n      {\r\n        \"name\": \"pyvnetsubnetone4725106e\"\
        ,\r\n        \"id\": \"/subscriptions/00000000-0000-0000-0000-000000000000/resourceGroups/test_mgmt_network_test_virtual_networks4725106e/providers/Microsoft.Network/virtualNetworks/pyvnet4725106e/subnets/pyvnetsubnetone4725106e\"\
        ,\r\n        \"etag\": \"W/\\\"3b2cf5a3-a765-4b12-bd01-d431a71d3d6b\\\"\"\
        ,\r\n        \"properties\": {\r\n          \"provisioningState\": \"Succeeded\"\
        ,\r\n          \"addressPrefix\": \"10.0.1.0/24\",\r\n          \"delegations\"\
        : [],\r\n          \"privateEndpointNetworkPolicies\": \"Enabled\",\r\n  \
        \        \"privateLinkServiceNetworkPolicies\": \"Enabled\"\r\n        },\r\
        \n        \"type\": \"Microsoft.Network/virtualNetworks/subnets\"\r\n    \
        \  },\r\n      {\r\n        \"name\": \"pyvnetsubnettwo4725106e\",\r\n   \
        \     \"id\": \"/subscriptions/00000000-0000-0000-0000-000000000000/resourceGroups/test_mgmt_network_test_virtual_networks4725106e/providers/Microsoft.Network/virtualNetworks/pyvnet4725106e/subnets/pyvnetsubnettwo4725106e\"\
        ,\r\n        \"etag\": \"W/\\\"3b2cf5a3-a765-4b12-bd01-d431a71d3d6b\\\"\"\
        ,\r\n        \"properties\": {\r\n          \"provisioningState\": \"Succeeded\"\
        ,\r\n          \"addressPrefix\": \"10.0.2.0/24\",\r\n          \"delegations\"\
        : [],\r\n          \"privateEndpointNetworkPolicies\": \"Enabled\",\r\n  \
        \        \"privateLinkServiceNetworkPolicies\": \"Enabled\"\r\n        },\r\
        \n        \"type\": \"Microsoft.Network/virtualNetworks/subnets\"\r\n    \
        \  }\r\n    ],\r\n    \"virtualNetworkPeerings\": [],\r\n    \"enableDdosProtection\"\
        : false,\r\n    \"enableVmProtection\": false\r\n  }\r\n}"
    headers:
      cache-control:
      - no-cache
      content-length:
      - '2156'
      content-type:
      - application/json; charset=utf-8
      date:
      - Thu, 03 Oct 2019 16:56:43 GMT
      etag:
      - W/"3b2cf5a3-a765-4b12-bd01-d431a71d3d6b"
      expires:
      - '-1'
      pragma:
      - no-cache
      server:
      - Microsoft-HTTPAPI/2.0
      - Microsoft-HTTPAPI/2.0
      strict-transport-security:
      - max-age=31536000; includeSubDomains
      transfer-encoding:
      - chunked
      vary:
      - Accept-Encoding
      x-content-type-options:
      - nosniff
      x-ms-arm-service-request-id:
      - 2bea07d2-d932-430e-bb26-c8557b703165
    status:
      code: 200
      message: OK
- request:
    body: null
    headers:
      Accept:
      - application/json
      Accept-Encoding:
      - gzip, deflate
      Connection:
      - keep-alive
      User-Agent:
      - python/3.6.8 (Linux-4.9.125-linuxkit-x86_64-with-Ubuntu-18.04-bionic) msrest/0.6.8
        msrest_azure/0.4.34 azure-mgmt-network/5.1.0 Azure-SDK-For-Python
      accept-language:
      - en-US
    method: GET
    uri: https://management.azure.com/subscriptions/00000000-0000-0000-0000-000000000000/resourceGroups/test_mgmt_network_test_virtual_networks4725106e/providers/Microsoft.Network/virtualNetworks/pyvnet4725106e?api-version=2019-07-01
  response:
    body:
      string: "{\r\n  \"name\": \"pyvnet4725106e\",\r\n  \"id\": \"/subscriptions/00000000-0000-0000-0000-000000000000/resourceGroups/test_mgmt_network_test_virtual_networks4725106e/providers/Microsoft.Network/virtualNetworks/pyvnet4725106e\"\
        ,\r\n  \"etag\": \"W/\\\"3b2cf5a3-a765-4b12-bd01-d431a71d3d6b\\\"\",\r\n \
        \ \"type\": \"Microsoft.Network/virtualNetworks\",\r\n  \"location\": \"westus\"\
        ,\r\n  \"properties\": {\r\n    \"provisioningState\": \"Succeeded\",\r\n\
        \    \"resourceGuid\": \"c535ed8e-009b-4df0-92fc-a580e5a3ef4e\",\r\n    \"\
        addressSpace\": {\r\n      \"addressPrefixes\": [\r\n        \"10.0.0.0/16\"\
        \r\n      ]\r\n    },\r\n    \"dhcpOptions\": {\r\n      \"dnsServers\": [\r\
        \n        \"10.1.1.1\",\r\n        \"10.1.2.4\"\r\n      ]\r\n    },\r\n \
        \   \"subnets\": [\r\n      {\r\n        \"name\": \"pyvnetsubnetone4725106e\"\
        ,\r\n        \"id\": \"/subscriptions/00000000-0000-0000-0000-000000000000/resourceGroups/test_mgmt_network_test_virtual_networks4725106e/providers/Microsoft.Network/virtualNetworks/pyvnet4725106e/subnets/pyvnetsubnetone4725106e\"\
        ,\r\n        \"etag\": \"W/\\\"3b2cf5a3-a765-4b12-bd01-d431a71d3d6b\\\"\"\
        ,\r\n        \"properties\": {\r\n          \"provisioningState\": \"Succeeded\"\
        ,\r\n          \"addressPrefix\": \"10.0.1.0/24\",\r\n          \"delegations\"\
        : [],\r\n          \"privateEndpointNetworkPolicies\": \"Enabled\",\r\n  \
        \        \"privateLinkServiceNetworkPolicies\": \"Enabled\"\r\n        },\r\
        \n        \"type\": \"Microsoft.Network/virtualNetworks/subnets\"\r\n    \
        \  },\r\n      {\r\n        \"name\": \"pyvnetsubnettwo4725106e\",\r\n   \
        \     \"id\": \"/subscriptions/00000000-0000-0000-0000-000000000000/resourceGroups/test_mgmt_network_test_virtual_networks4725106e/providers/Microsoft.Network/virtualNetworks/pyvnet4725106e/subnets/pyvnetsubnettwo4725106e\"\
        ,\r\n        \"etag\": \"W/\\\"3b2cf5a3-a765-4b12-bd01-d431a71d3d6b\\\"\"\
        ,\r\n        \"properties\": {\r\n          \"provisioningState\": \"Succeeded\"\
        ,\r\n          \"addressPrefix\": \"10.0.2.0/24\",\r\n          \"delegations\"\
        : [],\r\n          \"privateEndpointNetworkPolicies\": \"Enabled\",\r\n  \
        \        \"privateLinkServiceNetworkPolicies\": \"Enabled\"\r\n        },\r\
        \n        \"type\": \"Microsoft.Network/virtualNetworks/subnets\"\r\n    \
        \  }\r\n    ],\r\n    \"virtualNetworkPeerings\": [],\r\n    \"enableDdosProtection\"\
        : false,\r\n    \"enableVmProtection\": false\r\n  }\r\n}"
    headers:
      cache-control:
      - no-cache
      content-length:
      - '2156'
      content-type:
      - application/json; charset=utf-8
      date:
      - Thu, 03 Oct 2019 16:56:43 GMT
      etag:
      - W/"3b2cf5a3-a765-4b12-bd01-d431a71d3d6b"
      expires:
      - '-1'
      pragma:
      - no-cache
      server:
      - Microsoft-HTTPAPI/2.0
      - Microsoft-HTTPAPI/2.0
      strict-transport-security:
      - max-age=31536000; includeSubDomains
      transfer-encoding:
      - chunked
      vary:
      - Accept-Encoding
      x-content-type-options:
      - nosniff
      x-ms-arm-service-request-id:
      - 3b289a54-f711-4513-a396-d63a72724db0
    status:
      code: 200
      message: OK
- request:
    body: null
    headers:
      Accept:
      - application/json
      Accept-Encoding:
      - gzip, deflate
      Connection:
      - keep-alive
      User-Agent:
      - python/3.6.8 (Linux-4.9.125-linuxkit-x86_64-with-Ubuntu-18.04-bionic) msrest/0.6.8
        msrest_azure/0.4.34 azure-mgmt-network/5.1.0 Azure-SDK-For-Python
      accept-language:
      - en-US
    method: GET
    uri: https://management.azure.com/subscriptions/00000000-0000-0000-0000-000000000000/resourceGroups/test_mgmt_network_test_virtual_networks4725106e/providers/Microsoft.Network/virtualNetworks/pyvnet4725106e/CheckIPAddressAvailability?ipAddress=10.0.1.35&api-version=2019-07-01
  response:
    body:
      string: "{\r\n  \"available\": true,\r\n  \"isPlatformReserved\": false\r\n}"
    headers:
      cache-control:
      - no-cache
      content-length:
      - '57'
      content-type:
      - application/json; charset=utf-8
      date:
      - Thu, 03 Oct 2019 16:56:43 GMT
      expires:
      - '-1'
      pragma:
      - no-cache
      server:
      - Microsoft-HTTPAPI/2.0
      - Microsoft-HTTPAPI/2.0
      strict-transport-security:
      - max-age=31536000; includeSubDomains
      transfer-encoding:
      - chunked
      vary:
      - Accept-Encoding
      x-content-type-options:
      - nosniff
      x-ms-arm-service-request-id:
      - 0622831d-94b5-45ca-a4b7-570fab0ee202
    status:
      code: 200
      message: OK
- request:
    body: null
    headers:
      Accept:
      - application/json
      Accept-Encoding:
      - gzip, deflate
      Connection:
      - keep-alive
      User-Agent:
      - python/3.6.8 (Linux-4.9.125-linuxkit-x86_64-with-Ubuntu-18.04-bionic) msrest/0.6.8
        msrest_azure/0.4.34 azure-mgmt-network/5.1.0 Azure-SDK-For-Python
      accept-language:
      - en-US
    method: GET
    uri: https://management.azure.com/subscriptions/00000000-0000-0000-0000-000000000000/resourceGroups/test_mgmt_network_test_virtual_networks4725106e/providers/Microsoft.Network/virtualNetworks?api-version=2019-07-01
  response:
    body:
      string: "{\r\n  \"value\": [\r\n    {\r\n      \"name\": \"pyvnet4725106e\"\
        ,\r\n      \"id\": \"/subscriptions/00000000-0000-0000-0000-000000000000/resourceGroups/test_mgmt_network_test_virtual_networks4725106e/providers/Microsoft.Network/virtualNetworks/pyvnet4725106e\"\
        ,\r\n      \"etag\": \"W/\\\"3b2cf5a3-a765-4b12-bd01-d431a71d3d6b\\\"\",\r\
        \n      \"type\": \"Microsoft.Network/virtualNetworks\",\r\n      \"location\"\
        : \"westus\",\r\n      \"properties\": {\r\n        \"provisioningState\"\
        : \"Succeeded\",\r\n        \"resourceGuid\": \"c535ed8e-009b-4df0-92fc-a580e5a3ef4e\"\
        ,\r\n        \"addressSpace\": {\r\n          \"addressPrefixes\": [\r\n \
        \           \"10.0.0.0/16\"\r\n          ]\r\n        },\r\n        \"dhcpOptions\"\
        : {\r\n          \"dnsServers\": [\r\n            \"10.1.1.1\",\r\n      \
        \      \"10.1.2.4\"\r\n          ]\r\n        },\r\n        \"subnets\": [\r\
        \n          {\r\n            \"name\": \"pyvnetsubnetone4725106e\",\r\n  \
        \          \"id\": \"/subscriptions/00000000-0000-0000-0000-000000000000/resourceGroups/test_mgmt_network_test_virtual_networks4725106e/providers/Microsoft.Network/virtualNetworks/pyvnet4725106e/subnets/pyvnetsubnetone4725106e\"\
        ,\r\n            \"etag\": \"W/\\\"3b2cf5a3-a765-4b12-bd01-d431a71d3d6b\\\"\
        \",\r\n            \"properties\": {\r\n              \"provisioningState\"\
        : \"Succeeded\",\r\n              \"addressPrefix\": \"10.0.1.0/24\",\r\n\
        \              \"delegations\": [],\r\n              \"privateEndpointNetworkPolicies\"\
        : \"Enabled\",\r\n              \"privateLinkServiceNetworkPolicies\": \"\
        Enabled\"\r\n            },\r\n            \"type\": \"Microsoft.Network/virtualNetworks/subnets\"\
        \r\n          },\r\n          {\r\n            \"name\": \"pyvnetsubnettwo4725106e\"\
        ,\r\n            \"id\": \"/subscriptions/00000000-0000-0000-0000-000000000000/resourceGroups/test_mgmt_network_test_virtual_networks4725106e/providers/Microsoft.Network/virtualNetworks/pyvnet4725106e/subnets/pyvnetsubnettwo4725106e\"\
        ,\r\n            \"etag\": \"W/\\\"3b2cf5a3-a765-4b12-bd01-d431a71d3d6b\\\"\
        \",\r\n            \"properties\": {\r\n              \"provisioningState\"\
        : \"Succeeded\",\r\n              \"addressPrefix\": \"10.0.2.0/24\",\r\n\
        \              \"delegations\": [],\r\n              \"privateEndpointNetworkPolicies\"\
        : \"Enabled\",\r\n              \"privateLinkServiceNetworkPolicies\": \"\
        Enabled\"\r\n            },\r\n            \"type\": \"Microsoft.Network/virtualNetworks/subnets\"\
        \r\n          }\r\n        ],\r\n        \"virtualNetworkPeerings\": [],\r\
        \n        \"enableDdosProtection\": false,\r\n        \"enableVmProtection\"\
        : false\r\n      }\r\n    }\r\n  ]\r\n}"
    headers:
      cache-control:
      - no-cache
      content-length:
      - '2393'
      content-type:
      - application/json; charset=utf-8
      date:
      - Thu, 03 Oct 2019 16:56:44 GMT
      expires:
      - '-1'
      pragma:
      - no-cache
      server:
      - Microsoft-HTTPAPI/2.0
      - Microsoft-HTTPAPI/2.0
      strict-transport-security:
      - max-age=31536000; includeSubDomains
      transfer-encoding:
      - chunked
      vary:
      - Accept-Encoding
      x-content-type-options:
      - nosniff
      x-ms-arm-service-request-id:
      - e32b1626-ddc2-4e19-b40b-744c0334a50b
    status:
      code: 200
      message: OK
- request:
    body: null
    headers:
      Accept:
      - application/json
      Accept-Encoding:
      - gzip, deflate
      Connection:
      - keep-alive
      User-Agent:
      - python/3.6.8 (Linux-4.9.125-linuxkit-x86_64-with-Ubuntu-18.04-bionic) msrest/0.6.8
        msrest_azure/0.4.34 azure-mgmt-network/5.1.0 Azure-SDK-For-Python
      accept-language:
      - en-US
    method: GET
    uri: https://management.azure.com/subscriptions/00000000-0000-0000-0000-000000000000/providers/Microsoft.Network/virtualNetworks?api-version=2019-07-01
  response:
    body:
      string: '{"value":[{"name":"ag1Vnet","id":"/subscriptions/00000000-0000-0000-0000-000000000000/resourceGroups/cli_test_ag_http_listenertb7pymvq5kixiqstjlpacrnztz4dhslpayhqs2pexgcghahgnt/providers/Microsoft.Network/virtualNetworks/ag1Vnet","etag":"W/\"3d14c275-6c02-4237-a8bd-2d0cee1cdd90\"","type":"Microsoft.Network/virtualNetworks","location":"westus","tags":{},"properties":{"provisioningState":"Succeeded","resourceGuid":"b30d14cb-999b-4e03-849d-f4ce978302d3","addressSpace":{"addressPrefixes":["10.0.0.0/16"]},"subnets":[{"name":"default","id":"/subscriptions/00000000-0000-0000-0000-000000000000/resourceGroups/cli_test_ag_http_listenertb7pymvq5kixiqstjlpacrnztz4dhslpayhqs2pexgcghahgnt/providers/Microsoft.Network/virtualNetworks/ag1Vnet/subnets/default","etag":"W/\"3d14c275-6c02-4237-a8bd-2d0cee1cdd90\"","properties":{"provisioningState":"Succeeded","addressPrefix":"10.0.0.0/24","delegations":[],"privateEndpointNetworkPolicies":"Enabled","privateLinkServiceNetworkPolicies":"Enabled"},"type":"Microsoft.Network/virtualNetworks/subnets"}],"virtualNetworkPeerings":[],"enableDdosProtection":false,"enableVmProtection":false}},{"name":"cli-test-vmmwqr6rnm5pcjxgkxja5VNET","id":"/subscriptions/00000000-0000-0000-0000-000000000000/resourceGroups/cli_test_invoke_actionwfymrc3ubclrp6ylrgto76szw3dayq2c762kvodxz44kanl75epn4/providers/Microsoft.Network/virtualNetworks/cli-test-vmmwqr6rnm5pcjxgkxja5VNET","etag":"W/\"6c6d0104-aee0-4a46-9f82-4c08133250f2\"","type":"Microsoft.Network/virtualNetworks","location":"westus","tags":{},"properties":{"provisioningState":"Succeeded","resourceGuid":"ae655a83-e280-4b43-a528-79eba362d773","addressSpace":{"addressPrefixes":["10.0.0.0/16"]},"subnets":[{"name":"cli-test-vmmwqr6rnm5pcjxgkxja5Subnet","id":"/subscriptions/00000000-0000-0000-0000-000000000000/resourceGroups/cli_test_invoke_actionwfymrc3ubclrp6ylrgto76szw3dayq2c762kvodxz44kanl75epn4/providers/Microsoft.Network/virtualNetworks/cli-test-vmmwqr6rnm5pcjxgkxja5VNET/subnets/cli-test-vmmwqr6rnm5pcjxgkxja5Subnet","etag":"W/\"6c6d0104-aee0-4a46-9f82-4c08133250f2\"","properties":{"provisioningState":"Succeeded","addressPrefix":"10.0.0.0/24","ipConfigurations":[{"id":"/subscriptions/00000000-0000-0000-0000-000000000000/resourceGroups/cli_test_invoke_actionwfymrc3ubclrp6ylrgto76szw3dayq2c762kvodxz44kanl75epn4/providers/Microsoft.Network/networkInterfaces/cli-test-vmmwqr6rnm5pcjxgkxja5VMNic/ipConfigurations/ipconfigcli-test-vmmwqr6rnm5pcjxgkxja5"}],"delegations":[],"privateEndpointNetworkPolicies":"Enabled","privateLinkServiceNetworkPolicies":"Enabled"},"type":"Microsoft.Network/virtualNetworks/subnets"}],"virtualNetworkPeerings":[],"enableDdosProtection":false,"enableVmProtection":false}},{"name":"vm1VNET","id":"/subscriptions/00000000-0000-0000-0000-000000000000/resourceGroups/cli_test_msi_no_scopetbanb44x5fslhr5u7jmtbbhyj64zgwd2pd2jh7t6gqzfwpusckht3h/providers/Microsoft.Network/virtualNetworks/vm1VNET","etag":"W/\"3111642f-bb95-4101-8a6b-a6c5f18acea3\"","type":"Microsoft.Network/virtualNetworks","location":"westus","tags":{},"properties":{"provisioningState":"Succeeded","resourceGuid":"b269aa54-5c23-4fd0-bc45-0bd78380faa5","addressSpace":{"addressPrefixes":["10.0.0.0/16"]},"subnets":[{"name":"vm1Subnet","id":"/subscriptions/00000000-0000-0000-0000-000000000000/resourceGroups/cli_test_msi_no_scopetbanb44x5fslhr5u7jmtbbhyj64zgwd2pd2jh7t6gqzfwpusckht3h/providers/Microsoft.Network/virtualNetworks/vm1VNET/subnets/vm1Subnet","etag":"W/\"3111642f-bb95-4101-8a6b-a6c5f18acea3\"","properties":{"provisioningState":"Succeeded","addressPrefix":"10.0.0.0/24","ipConfigurations":[{"id":"/subscriptions/00000000-0000-0000-0000-000000000000/resourceGroups/cli_test_msi_no_scopetbanb44x5fslhr5u7jmtbbhyj64zgwd2pd2jh7t6gqzfwpusckht3h/providers/Microsoft.Network/networkInterfaces/vm1VMNic/ipConfigurations/ipconfigvm1"},{"id":"/subscriptions/00000000-0000-0000-0000-000000000000/resourceGroups/cli_test_msi_no_scopetbanb44x5fslhr5u7jmtbbhyj64zgwd2pd2jh7t6gqzfwpusckht3h/providers/Microsoft.Compute/virtualMachineScaleSets/vmss1/virtualMachines/1/networkInterfaces/vmss1c6e6Nic/ipConfigurations/vmss1c6e6IPConfig"},{"id":"/subscriptions/00000000-0000-0000-0000-000000000000/resourceGroups/cli_test_msi_no_scopetbanb44x5fslhr5u7jmtbbhyj64zgwd2pd2jh7t6gqzfwpusckht3h/providers/Microsoft.Compute/virtualMachineScaleSets/vmss1/virtualMachines/3/networkInterfaces/vmss1c6e6Nic/ipConfigurations/vmss1c6e6IPConfig"},{"id":"/subscriptions/00000000-0000-0000-0000-000000000000/resourceGroups/cli_test_msi_no_scopetbanb44x5fslhr5u7jmtbbhyj64zgwd2pd2jh7t6gqzfwpusckht3h/providers/Microsoft.Network/networkInterfaces/vm2VMNic/ipConfigurations/ipconfigvm2"}],"delegations":[],"privateEndpointNetworkPolicies":"Enabled","privateLinkServiceNetworkPolicies":"Enabled"},"type":"Microsoft.Network/virtualNetworks/subnets"}],"virtualNetworkPeerings":[],"enableDdosProtection":false,"enableVmProtection":false}},{"name":"myvnet2","id":"/subscriptions/00000000-0000-0000-0000-000000000000/resourceGroups/cli_test_vpn_gatewayvw7airivlqrqz3bcd5uhmduodlahzmqr2tcg5rcbuv6s3uz7gq3zk4f/providers/Microsoft.Network/virtualNetworks/myvnet2","etag":"W/\"fefccb74-4751-419d-9b6f-332df13c5674\"","type":"Microsoft.Network/virtualNetworks","location":"westus","tags":{},"properties":{"provisioningState":"Succeeded","resourceGuid":"7814e493-5552-4368-bab0-897913611104","addressSpace":{"addressPrefixes":["10.1.0.0/16"]},"dhcpOptions":{"dnsServers":[]},"subnets":[{"name":"GatewaySubnet","id":"/subscriptions/00000000-0000-0000-0000-000000000000/resourceGroups/cli_test_vpn_gatewayvw7airivlqrqz3bcd5uhmduodlahzmqr2tcg5rcbuv6s3uz7gq3zk4f/providers/Microsoft.Network/virtualNetworks/myvnet2/subnets/GatewaySubnet","etag":"W/\"fefccb74-4751-419d-9b6f-332df13c5674\"","properties":{"provisioningState":"Succeeded","addressPrefix":"10.1.0.0/24","ipConfigurations":[{"id":"/subscriptions/00000000-0000-0000-0000-000000000000/resourceGroups/cli_test_vpn_gatewayvw7airivlqrqz3bcd5uhmduodlahzmqr2tcg5rcbuv6s3uz7gq3zk4f/providers/Microsoft.Network/virtualNetworkGateways/gateway2/ipConfigurations/vnetGatewayConfig0"}],"delegations":[],"privateEndpointNetworkPolicies":"Enabled","privateLinkServiceNetworkPolicies":"Enabled"},"type":"Microsoft.Network/virtualNetworks/subnets"}],"virtualNetworkPeerings":[],"enableDdosProtection":false,"enableVmProtection":false}},{"name":"fengtest-vnet","id":"/subscriptions/00000000-0000-0000-0000-000000000000/resourceGroups/fengtest/providers/Microsoft.Network/virtualNetworks/fengtest-vnet","etag":"W/\"6863e044-00dd-43b7-99be-4edfc3ca29e4\"","type":"Microsoft.Network/virtualNetworks","location":"westus","properties":{"provisioningState":"Succeeded","resourceGuid":"bbf63c2d-03b0-4630-8f9c-39199a9524bd","addressSpace":{"addressPrefixes":["10.2.6.0/24"]},"subnets":[{"name":"default","id":"/subscriptions/00000000-0000-0000-0000-000000000000/resourceGroups/fengtest/providers/Microsoft.Network/virtualNetworks/fengtest-vnet/subnets/default","etag":"W/\"6863e044-00dd-43b7-99be-4edfc3ca29e4\"","properties":{"provisioningState":"Succeeded","addressPrefix":"10.2.6.0/24","ipConfigurations":[{"id":"/subscriptions/00000000-0000-0000-0000-000000000000/resourceGroups/fengtest/providers/Microsoft.Network/networkInterfaces/fengubuntu763/ipConfigurations/ipconfig1"},{"id":"/subscriptions/00000000-0000-0000-0000-000000000000/resourceGroups/fengtest/providers/Microsoft.Network/networkInterfaces/fengubuntu523/ipConfigurations/ipconfig1"}],"delegations":[],"privateEndpointNetworkPolicies":"Enabled","privateLinkServiceNetworkPolicies":"Enabled"},"type":"Microsoft.Network/virtualNetworks/subnets"}],"virtualNetworkPeerings":[],"enableDdosProtection":false,"enableVmProtection":false}},{"name":"start-1VNET","id":"/subscriptions/00000000-0000-0000-0000-000000000000/resourceGroups/start/providers/Microsoft.Network/virtualNetworks/start-1VNET","etag":"W/\"b924357a-1cad-4881-94da-56d1c712ae0c\"","type":"Microsoft.Network/virtualNetworks","location":"westus","tags":{},"properties":{"provisioningState":"Succeeded","resourceGuid":"0d67fe10-f709-4454-a571-d4c528064257","addressSpace":{"addressPrefixes":["10.0.0.0/16"]},"subnets":[{"name":"start-1Subnet","id":"/subscriptions/00000000-0000-0000-0000-000000000000/resourceGroups/start/providers/Microsoft.Network/virtualNetworks/start-1VNET/subnets/start-1Subnet","etag":"W/\"b924357a-1cad-4881-94da-56d1c712ae0c\"","properties":{"provisioningState":"Succeeded","addressPrefix":"10.0.0.0/24","ipConfigurations":[{"id":"/subscriptions/00000000-0000-0000-0000-000000000000/resourceGroups/start/providers/Microsoft.Network/networkInterfaces/start-1VMNic/ipConfigurations/ipconfigstart-1"},{"id":"/subscriptions/00000000-0000-0000-0000-000000000000/resourceGroups/start/providers/Microsoft.Network/networkInterfaces/aVMNic/ipConfigurations/ipconfiga"}],"delegations":[],"privateEndpointNetworkPolicies":"Enabled","privateLinkServiceNetworkPolicies":"Enabled"},"type":"Microsoft.Network/virtualNetworks/subnets"}],"virtualNetworkPeerings":[],"enableDdosProtection":false,"enableVmProtection":false}},{"name":"pyvnet4725106e","id":"/subscriptions/00000000-0000-0000-0000-000000000000/resourceGroups/test_mgmt_network_test_virtual_networks4725106e/providers/Microsoft.Network/virtualNetworks/pyvnet4725106e","etag":"W/\"3b2cf5a3-a765-4b12-bd01-d431a71d3d6b\"","type":"Microsoft.Network/virtualNetworks","location":"westus","properties":{"provisioningState":"Succeeded","resourceGuid":"c535ed8e-009b-4df0-92fc-a580e5a3ef4e","addressSpace":{"addressPrefixes":["10.0.0.0/16"]},"dhcpOptions":{"dnsServers":["10.1.1.1","10.1.2.4"]},"subnets":[{"name":"pyvnetsubnetone4725106e","id":"/subscriptions/00000000-0000-0000-0000-000000000000/resourceGroups/test_mgmt_network_test_virtual_networks4725106e/providers/Microsoft.Network/virtualNetworks/pyvnet4725106e/subnets/pyvnetsubnetone4725106e","etag":"W/\"3b2cf5a3-a765-4b12-bd01-d431a71d3d6b\"","properties":{"provisioningState":"Succeeded","addressPrefix":"10.0.1.0/24","delegations":[],"privateEndpointNetworkPolicies":"Enabled","privateLinkServiceNetworkPolicies":"Enabled"},"type":"Microsoft.Network/virtualNetworks/subnets"},{"name":"pyvnetsubnettwo4725106e","id":"/subscriptions/00000000-0000-0000-0000-000000000000/resourceGroups/test_mgmt_network_test_virtual_networks4725106e/providers/Microsoft.Network/virtualNetworks/pyvnet4725106e/subnets/pyvnetsubnettwo4725106e","etag":"W/\"3b2cf5a3-a765-4b12-bd01-d431a71d3d6b\"","properties":{"provisioningState":"Succeeded","addressPrefix":"10.0.2.0/24","delegations":[],"privateEndpointNetworkPolicies":"Enabled","privateLinkServiceNetworkPolicies":"Enabled"},"type":"Microsoft.Network/virtualNetworks/subnets"}],"virtualNetworkPeerings":[],"enableDdosProtection":false,"enableVmProtection":false}},{"name":"pyvirtnetb4d417ef","id":"/subscriptions/00000000-0000-0000-0000-000000000000/resourceGroups/test_mgmt_network_test_virtual_network_gateway_operationsb4d417ef/providers/Microsoft.Network/virtualNetworks/pyvirtnetb4d417ef","etag":"W/\"05239072-ffad-4c24-ab73-fdfa810f1756\"","type":"Microsoft.Network/virtualNetworks","location":"westus","properties":{"provisioningState":"Succeeded","resourceGuid":"737aea69-2d84-4231-b2be-9f943b734ea7","addressSpace":{"addressPrefixes":["10.11.0.0/16","10.12.0.0/16"]},"subnets":[{"name":"pysubnetfeb4d417ef","id":"/subscriptions/00000000-0000-0000-0000-000000000000/resourceGroups/test_mgmt_network_test_virtual_network_gateway_operationsb4d417ef/providers/Microsoft.Network/virtualNetworks/pyvirtnetb4d417ef/subnets/pysubnetfeb4d417ef","etag":"W/\"05239072-ffad-4c24-ab73-fdfa810f1756\"","properties":{"provisioningState":"Succeeded","addressPrefix":"10.11.0.0/24","delegations":[],"privateEndpointNetworkPolicies":"Enabled","privateLinkServiceNetworkPolicies":"Enabled"},"type":"Microsoft.Network/virtualNetworks/subnets"},{"name":"pysubnetbeb4d417ef","id":"/subscriptions/00000000-0000-0000-0000-000000000000/resourceGroups/test_mgmt_network_test_virtual_network_gateway_operationsb4d417ef/providers/Microsoft.Network/virtualNetworks/pyvirtnetb4d417ef/subnets/pysubnetbeb4d417ef","etag":"W/\"05239072-ffad-4c24-ab73-fdfa810f1756\"","properties":{"provisioningState":"Succeeded","addressPrefix":"10.12.0.0/24","delegations":[],"privateEndpointNetworkPolicies":"Enabled","privateLinkServiceNetworkPolicies":"Enabled"},"type":"Microsoft.Network/virtualNetworks/subnets"},{"name":"GatewaySubnet","id":"/subscriptions/00000000-0000-0000-0000-000000000000/resourceGroups/test_mgmt_network_test_virtual_network_gateway_operationsb4d417ef/providers/Microsoft.Network/virtualNetworks/pyvirtnetb4d417ef/subnets/GatewaySubnet","etag":"W/\"05239072-ffad-4c24-ab73-fdfa810f1756\"","properties":{"provisioningState":"Succeeded","addressPrefix":"10.12.255.0/27","ipConfigurations":[{"id":"/subscriptions/00000000-0000-0000-0000-000000000000/resourceGroups/test_mgmt_network_test_virtual_network_gateway_operationsb4d417ef/providers/Microsoft.Network/virtualNetworkGateways/pyvngb4d417ef/ipConfigurations/default"}],"delegations":[],"privateEndpointNetworkPolicies":"Enabled","privateLinkServiceNetworkPolicies":"Enabled"},"type":"Microsoft.Network/virtualNetworks/subnets"}],"virtualNetworkPeerings":[],"enableDdosProtection":false,"enableVmProtection":false}},{"name":"0930vnet","id":"/subscriptions/00000000-0000-0000-0000-000000000000/resourceGroups/0924fanqiu/providers/Microsoft.Network/virtualNetworks/0930vnet","etag":"W/\"6509e04c-66b9-46ef-a283-5dcd8e0fafbf\"","type":"Microsoft.Network/virtualNetworks","location":"eastus","tags":{},"properties":{"provisioningState":"Succeeded","resourceGuid":"9cebc68a-7d2e-4e56-ad44-3ca473d5a920","addressSpace":{"addressPrefixes":["10.0.0.0/16"]},"dhcpOptions":{"dnsServers":[]},"subnets":[],"virtualNetworkPeerings":[],"enableDdosProtection":false,"enableVmProtection":false}},{"name":"0930vnet02","id":"/subscriptions/00000000-0000-0000-0000-000000000000/resourceGroups/0924fanqiu/providers/Microsoft.Network/virtualNetworks/0930vnet02","etag":"W/\"8d6e1ca6-115b-4f01-8622-442bb0a3c41c\"","type":"Microsoft.Network/virtualNetworks","location":"eastus","tags":{},"properties":{"provisioningState":"Succeeded","resourceGuid":"21343a44-d3cc-445d-85c2-843a6b7608dd","addressSpace":{"addressPrefixes":["10.0.0.0/16"]},"dhcpOptions":{"dnsServers":[]},"subnets":[],"virtualNetworkPeerings":[],"enableDdosProtection":false,"enableVmProtection":false}},{"name":"0930vnet03","id":"/subscriptions/00000000-0000-0000-0000-000000000000/resourceGroups/0924fanqiu/providers/Microsoft.Network/virtualNetworks/0930vnet03","etag":"W/\"c6dd2a35-38f6-41d2-a5c2-49130a12051c\"","type":"Microsoft.Network/virtualNetworks","location":"eastus","tags":{},"properties":{"provisioningState":"Succeeded","resourceGuid":"b12e9b7a-4aeb-4f4b-9795-db0053a07337","addressSpace":{"addressPrefixes":["10.0.0.0/16"]},"dhcpOptions":{"dnsServers":[]},"subnets":[],"virtualNetworkPeerings":[],"enableDdosProtection":false,"enableVmProtection":false}},{"name":"ag11Vnet","id":"/subscriptions/00000000-0000-0000-0000-000000000000/resourceGroups/0924fanqiu/providers/Microsoft.Network/virtualNetworks/ag11Vnet","etag":"W/\"851e3379-a0a9-4b45-b195-e2ccb930821e\"","type":"Microsoft.Network/virtualNetworks","location":"eastus","tags":{},"properties":{"provisioningState":"Succeeded","resourceGuid":"e416806c-c71a-4d7b-a79c-e3b45481bdc3","addressSpace":{"addressPrefixes":["10.0.0.0/16"]},"subnets":[{"name":"default","id":"/subscriptions/00000000-0000-0000-0000-000000000000/resourceGroups/0924fanqiu/providers/Microsoft.Network/virtualNetworks/ag11Vnet/subnets/default","etag":"W/\"851e3379-a0a9-4b45-b195-e2ccb930821e\"","properties":{"provisioningState":"Succeeded","addressPrefix":"10.0.0.0/24","ipConfigurations":[{"id":"/subscriptions/00000000-0000-0000-0000-000000000000/resourceGroups/0924fanqiu/providers/Microsoft.Network/applicationGateways/ag11/frontendIPConfigurations/appGatewayFrontendIP"}],"applicationGatewayIPConfigurations":[{"id":"/subscriptions/00000000-0000-0000-0000-000000000000/resourceGroups/0924fanqiu/providers/Microsoft.Network/applicationGateways/ag11/gatewayIPConfigurations/appGatewayFrontendIP"}],"delegations":[],"privateEndpointNetworkPolicies":"Enabled","privateLinkServiceNetworkPolicies":"Enabled"},"type":"Microsoft.Network/virtualNetworks/subnets"}],"virtualNetworkPeerings":[],"enableDdosProtection":false,"enableVmProtection":false}},{"name":"workspacetestvmVNET","id":"/subscriptions/00000000-0000-0000-0000-000000000000/resourceGroups/0924fanqiu/providers/Microsoft.Network/virtualNetworks/workspacetestvmVNET","etag":"W/\"c08957cb-6309-4631-b184-c6ce34e07d95\"","type":"Microsoft.Network/virtualNetworks","location":"eastus","tags":{},"properties":{"provisioningState":"Succeeded","resourceGuid":"394c4bd0-2a36-4e3e-9cb2-099eb914c010","addressSpace":{"addressPrefixes":["10.0.0.0/16"]},"subnets":[{"name":"workspacetestvmSubnet","id":"/subscriptions/00000000-0000-0000-0000-000000000000/resourceGroups/0924fanqiu/providers/Microsoft.Network/virtualNetworks/workspacetestvmVNET/subnets/workspacetestvmSubnet","etag":"W/\"c08957cb-6309-4631-b184-c6ce34e07d95\"","properties":{"provisioningState":"Succeeded","addressPrefix":"10.0.0.0/24","ipConfigurations":[{"id":"/subscriptions/00000000-0000-0000-0000-000000000000/resourceGroups/0924fanqiu/providers/Microsoft.Network/networkInterfaces/workspacetestvmVMNic/ipConfigurations/ipconfigworkspacetestvm"}],"delegations":[],"privateEndpointNetworkPolicies":"Enabled","privateLinkServiceNetworkPolicies":"Enabled"},"type":"Microsoft.Network/virtualNetworks/subnets"}],"virtualNetworkPeerings":[],"enableDdosProtection":false,"enableVmProtection":false}},{"name":"fozippy98","id":"/subscriptions/00000000-0000-0000-0000-000000000000/resourceGroups/fozippy98/providers/Microsoft.Network/virtualNetworks/fozippy98","etag":"W/\"1491f1a5-4ddb-43ee-a981-e3d576b97659\"","type":"Microsoft.Network/virtualNetworks","location":"eastus","properties":{"provisioningState":"Succeeded","resourceGuid":"aee855ee-cab8-4599-b3ed-209ffcbc5149","addressSpace":{"addressPrefixes":["192.168.0.0/16"]},"subnets":[{"name":"fozippy98","id":"/subscriptions/00000000-0000-0000-0000-000000000000/resourceGroups/fozippy98/providers/Microsoft.Network/virtualNetworks/fozippy98/subnets/fozippy98","etag":"W/\"1491f1a5-4ddb-43ee-a981-e3d576b97659\"","properties":{"provisioningState":"Succeeded","addressPrefix":"192.168.1.0/24","ipConfigurations":[{"id":"/subscriptions/00000000-0000-0000-0000-000000000000/resourceGroups/fozippy98/providers/Microsoft.Compute/virtualMachineScaleSets/fozippy98/virtualMachines/0/networkInterfaces/fozippy98/ipConfigurations/fozippy98"},{"id":"/subscriptions/00000000-0000-0000-0000-000000000000/resourceGroups/fozippy98/providers/Microsoft.Compute/virtualMachineScaleSets/fozippy98/virtualMachines/3/networkInterfaces/fozippy98/ipConfigurations/fozippy98"}],"delegations":[],"privateEndpointNetworkPolicies":"Enabled","privateLinkServiceNetworkPolicies":"Enabled"},"type":"Microsoft.Network/virtualNetworks/subnets"}],"virtualNetworkPeerings":[],"enableDdosProtection":false,"enableVmProtection":false}},{"name":"vmss1VNET","id":"/subscriptions/00000000-0000-0000-0000-000000000000/resourceGroups/fytest2/providers/Microsoft.Network/virtualNetworks/vmss1VNET","etag":"W/\"c3513403-1cfd-494a-afa3-ccbb78d357a2\"","type":"Microsoft.Network/virtualNetworks","location":"eastus","tags":{},"properties":{"provisioningState":"Succeeded","resourceGuid":"865c17b3-830b-4982-9612-7f395e15a387","addressSpace":{"addressPrefixes":["10.0.0.0/16"]},"subnets":[{"name":"vmss1Subnet","id":"/subscriptions/00000000-0000-0000-0000-000000000000/resourceGroups/fytest2/providers/Microsoft.Network/virtualNetworks/vmss1VNET/subnets/vmss1Subnet","etag":"W/\"c3513403-1cfd-494a-afa3-ccbb78d357a2\"","properties":{"provisioningState":"Succeeded","addressPrefix":"10.0.0.0/24","ipConfigurations":[{"id":"/subscriptions/00000000-0000-0000-0000-000000000000/resourceGroups/fytest2/providers/Microsoft.Network/networkInterfaces/ubuntuVMNic/ipConfigurations/ipconfigubuntu"},{"id":"/subscriptions/00000000-0000-0000-0000-000000000000/resourceGroups/fytest2/providers/Microsoft.Compute/virtualMachineScaleSets/vmss1/virtualMachines/1/networkInterfaces/vmss10282Nic/ipConfigurations/vmss10282IPConfig"},{"id":"/subscriptions/00000000-0000-0000-0000-000000000000/resourceGroups/fytest2/providers/Microsoft.Compute/virtualMachineScaleSets/vmss1/virtualMachines/3/networkInterfaces/vmss10282Nic/ipConfigurations/vmss10282IPConfig"},{"id":"/subscriptions/00000000-0000-0000-0000-000000000000/resourceGroups/fytest2/providers/Microsoft.Network/networkInterfaces/vm1VMNic/ipConfigurations/ipconfigvm1"},{"id":"/subscriptions/00000000-0000-0000-0000-000000000000/resourceGroups/fytest2/providers/Microsoft.Network/networkInterfaces/vmzoneVMNic/ipConfigurations/ipconfigvmzone"}],"delegations":[],"privateEndpointNetworkPolicies":"Enabled","privateLinkServiceNetworkPolicies":"Enabled"},"type":"Microsoft.Network/virtualNetworks/subnets"}],"virtualNetworkPeerings":[],"enableDdosProtection":false,"enableVmProtection":false}},{"name":"testVMVNET","id":"/subscriptions/00000000-0000-0000-0000-000000000000/resourceGroups/testRG/providers/Microsoft.Network/virtualNetworks/testVMVNET","etag":"W/\"f67b2bc0-d9ea-4d02-a4d1-5bf26f436769\"","type":"Microsoft.Network/virtualNetworks","location":"eastus","tags":{},"properties":{"provisioningState":"Succeeded","resourceGuid":"21bf80b1-ca80-43d8-91ae-4c53074bffa6","addressSpace":{"addressPrefixes":["10.0.0.0/16"]},"subnets":[{"name":"testVMSubnet","id":"/subscriptions/00000000-0000-0000-0000-000000000000/resourceGroups/testRG/providers/Microsoft.Network/virtualNetworks/testVMVNET/subnets/testVMSubnet","etag":"W/\"f67b2bc0-d9ea-4d02-a4d1-5bf26f436769\"","properties":{"provisioningState":"Succeeded","addressPrefix":"10.0.0.0/24","delegations":[],"privateEndpointNetworkPolicies":"Enabled","privateLinkServiceNetworkPolicies":"Enabled"},"type":"Microsoft.Network/virtualNetworks/subnets"}],"virtualNetworkPeerings":[],"enableDdosProtection":false,"enableVmProtection":false}},{"name":"storagerule","id":"/subscriptions/00000000-0000-0000-0000-000000000000/resourceGroups/zuh/providers/Microsoft.Network/virtualNetworks/storagerule","etag":"W/\"8e8c51cf-4cdd-44c7-a56a-82abe464ff98\"","type":"Microsoft.Network/virtualNetworks","location":"eastus","properties":{"provisioningState":"Succeeded","resourceGuid":"1b917d9e-2206-4172-abe3-9d1b328453d7","addressSpace":{"addressPrefixes":["10.4.0.0/16"]},"subnets":[{"name":"default","id":"/subscriptions/00000000-0000-0000-0000-000000000000/resourceGroups/zuh/providers/Microsoft.Network/virtualNetworks/storagerule/subnets/default","etag":"W/\"8e8c51cf-4cdd-44c7-a56a-82abe464ff98\"","properties":{"provisioningState":"Succeeded","addressPrefix":"10.4.0.0/24","ipConfigurations":[{"id":"/subscriptions/00000000-0000-0000-0000-000000000000/resourceGroups/zuh/providers/Microsoft.Network/networkInterfaces/zuhtestvm638/ipConfigurations/ipconfig1"},{"id":"/subscriptions/00000000-0000-0000-0000-000000000000/resourceGroups/zuh/providers/Microsoft.Network/networkInterfaces/zuhlinux359/ipConfigurations/ipconfig1"}],"serviceEndpoints":[{"provisioningState":"Succeeded","service":"Microsoft.Storage","locations":["eastus","westus"]}],"delegations":[],"privateEndpointNetworkPolicies":"Enabled","privateLinkServiceNetworkPolicies":"Enabled"},"type":"Microsoft.Network/virtualNetworks/subnets"}],"virtualNetworkPeerings":[],"enableDdosProtection":false,"enableVmProtection":false}},{"name":"testzuh","id":"/subscriptions/00000000-0000-0000-0000-000000000000/resourceGroups/zuh/providers/Microsoft.Network/virtualNetworks/testzuh","etag":"W/\"6ea58315-0864-4788-ae1e-d7b700a47e68\"","type":"Microsoft.Network/virtualNetworks","location":"eastus","properties":{"provisioningState":"Succeeded","resourceGuid":"5c4d3ad3-5ccb-497f-9d7d-179fd1ab28bf","addressSpace":{"addressPrefixes":["10.3.0.0/16"]},"subnets":[{"name":"default","id":"/subscriptions/00000000-0000-0000-0000-000000000000/resourceGroups/zuh/providers/Microsoft.Network/virtualNetworks/testzuh/subnets/default","etag":"W/\"6ea58315-0864-4788-ae1e-d7b700a47e68\"","properties":{"provisioningState":"Succeeded","addressPrefix":"10.3.0.0/24","applicationGatewayIPConfigurations":[{"id":"/subscriptions/00000000-0000-0000-0000-000000000000/resourceGroups/zuh/providers/Microsoft.Network/applicationGateways/aaaaa/gatewayIPConfigurations/appGatewayIpConfig"}],"delegations":[],"privateEndpointNetworkPolicies":"Enabled","privateLinkServiceNetworkPolicies":"Enabled"},"type":"Microsoft.Network/virtualNetworks/subnets"}],"virtualNetworkPeerings":[],"enableDdosProtection":false,"enableVmProtection":false}},{"name":"zuh-vnet","id":"/subscriptions/00000000-0000-0000-0000-000000000000/resourceGroups/zuh/providers/Microsoft.Network/virtualNetworks/zuh-vnet","etag":"W/\"a3e70c32-eb86-48d6-b0d5-31428a1f0a16\"","type":"Microsoft.Network/virtualNetworks","location":"eastus","properties":{"provisioningState":"Succeeded","resourceGuid":"5bd58890-46ce-4785-9445-b3092a02abee","addressSpace":{"addressPrefixes":["10.2.0.0/24"]},"subnets":[{"name":"default","id":"/subscriptions/00000000-0000-0000-0000-000000000000/resourceGroups/zuh/providers/Microsoft.Network/virtualNetworks/zuh-vnet/subnets/default","etag":"W/\"a3e70c32-eb86-48d6-b0d5-31428a1f0a16\"","properties":{"provisioningState":"Succeeded","addressPrefix":"10.2.0.0/24","ipConfigurations":[{"id":"/subscriptions/00000000-0000-0000-0000-000000000000/resourceGroups/zuh/providers/Microsoft.Network/networkInterfaces/zuhubuntu26/ipConfigurations/ipconfig1"}],"delegations":[],"privateEndpointNetworkPolicies":"Enabled","privateLinkServiceNetworkPolicies":"Enabled"},"type":"Microsoft.Network/virtualNetworks/subnets"}],"virtualNetworkPeerings":[],"enableDdosProtection":false,"enableVmProtection":false}},{"name":"jlrg1vnet623","id":"/subscriptions/00000000-0000-0000-0000-000000000000/resourceGroups/jlrg1/providers/Microsoft.Network/virtualNetworks/jlrg1vnet623","etag":"W/\"cd12f2fe-ad80-400d-a5b9-6ca50f8b5285\"","type":"Microsoft.Network/virtualNetworks","location":"eastasia","properties":{"provisioningState":"Succeeded","resourceGuid":"4937c1e9-9025-439d-959a-a6842c82e584","addressSpace":{"addressPrefixes":["10.2.4.0/24"]},"subnets":[{"name":"default","id":"/subscriptions/00000000-0000-0000-0000-000000000000/resourceGroups/jlrg1/providers/Microsoft.Network/virtualNetworks/jlrg1vnet623/subnets/default","etag":"W/\"cd12f2fe-ad80-400d-a5b9-6ca50f8b5285\"","properties":{"provisioningState":"Succeeded","addressPrefix":"10.2.4.0/24","ipConfigurations":[{"id":"/subscriptions/00000000-0000-0000-0000-000000000000/resourceGroups/jlrg1/providers/Microsoft.Network/networkInterfaces/vm22523/ipConfigurations/ipconfig1"}],"delegations":[],"privateEndpointNetworkPolicies":"Enabled","privateLinkServiceNetworkPolicies":"Enabled"},"type":"Microsoft.Network/virtualNetworks/subnets"}],"virtualNetworkPeerings":[],"enableDdosProtection":false,"enableVmProtection":false}},{"name":"acrtest-vm1vnet","id":"/subscriptions/00000000-0000-0000-0000-000000000000/resourceGroups/acrtest/providers/Microsoft.Network/virtualNetworks/acrtest-vm1vnet","etag":"W/\"1d47a750-82ab-4570-95b3-786d83ccfa07\"","type":"Microsoft.Network/virtualNetworks","location":"southeastasia","tags":{},"properties":{"provisioningState":"Succeeded","resourceGuid":"a26bf0fe-1ea7-4ec2-bec5-379058a0b980","addressSpace":{"addressPrefixes":["10.0.0.0/16"]},"subnets":[{"name":"acrtest-vm1Subnet","id":"/subscriptions/00000000-0000-0000-0000-000000000000/resourceGroups/acrtest/providers/Microsoft.Network/virtualNetworks/acrtest-vm1vnet/subnets/acrtest-vm1Subnet","etag":"W/\"1d47a750-82ab-4570-95b3-786d83ccfa07\"","properties":{"provisioningState":"Succeeded","addressPrefix":"10.0.0.0/24","ipConfigurations":[{"id":"/subscriptions/00000000-0000-0000-0000-000000000000/resourceGroups/acrtest/providers/Microsoft.Network/networkInterfaces/acrtest-vm1VMNic/ipConfigurations/ipconfigacrtest-vm1"}],"serviceEndpoints":[{"provisioningState":"Succeeded","service":"Microsoft.ContainerRegistry","locations":["*"]}],"delegations":[],"privateEndpointNetworkPolicies":"Enabled","privateLinkServiceNetworkPolicies":"Enabled"},"type":"Microsoft.Network/virtualNetworks/subnets"},{"name":"arctets-vm1subnet2","id":"/subscriptions/00000000-0000-0000-0000-000000000000/resourceGroups/acrtest/providers/Microsoft.Network/virtualNetworks/acrtest-vm1VNET/subnets/arctets-vm1subnet2","etag":"W/\"1d47a750-82ab-4570-95b3-786d83ccfa07\"","properties":{"provisioningState":"Succeeded","addressPrefix":"10.0.3.0/24","ipConfigurations":[{"id":"/subscriptions/00000000-0000-0000-0000-000000000000/resourceGroups/acrtest/providers/Microsoft.Network/networkInterfaces/acrtest-vm2VMNic/ipConfigurations/ipconfigacrtest-vm2"},{"id":"/subscriptions/00000000-0000-0000-0000-000000000000/resourceGroups/acrtest/providers/Microsoft.Network/networkInterfaces/acrtest-vm3VMNic/ipConfigurations/ipconfigacrtest-vm3"},{"id":"/subscriptions/00000000-0000-0000-0000-000000000000/resourceGroups/acrtest/providers/Microsoft.Network/networkInterfaces/acrtest-vm4VMNic/ipConfigurations/ipconfigacrtest-vm4"}],"serviceEndpoints":[{"provisioningState":"Succeeded","service":"Microsoft.ContainerRegistry","locations":["*"]}],"delegations":[],"privateEndpointNetworkPolicies":"Enabled","privateLinkServiceNetworkPolicies":"Enabled"},"type":"Microsoft.Network/virtualNetworks/subnets"}],"virtualNetworkPeerings":[],"enableDdosProtection":false,"enableVmProtection":false}},{"name":"helm-1VNET","id":"/subscriptions/00000000-0000-0000-0000-000000000000/resourceGroups/helm/providers/Microsoft.Network/virtualNetworks/helm-1VNET","etag":"W/\"4f893c7b-6993-428a-b617-34439bef6dcc\"","type":"Microsoft.Network/virtualNetworks","location":"southeastasia","tags":{},"properties":{"provisioningState":"Succeeded","resourceGuid":"136f59a2-8714-41fe-ae87-b040c86716b2","addressSpace":{"addressPrefixes":["10.0.0.0/16"]},"subnets":[{"name":"helm-1Subnet","id":"/subscriptions/00000000-0000-0000-0000-000000000000/resourceGroups/helm/providers/Microsoft.Network/virtualNetworks/helm-1VNET/subnets/helm-1Subnet","etag":"W/\"4f893c7b-6993-428a-b617-34439bef6dcc\"","properties":{"provisioningState":"Succeeded","addressPrefix":"10.0.0.0/24","ipConfigurations":[{"id":"/subscriptions/00000000-0000-0000-0000-000000000000/resourceGroups/helm/providers/Microsoft.Network/networkInterfaces/helm-1VMNic/ipConfigurations/ipconfighelm-1"}],"delegations":[],"privateEndpointNetworkPolicies":"Enabled","privateLinkServiceNetworkPolicies":"Enabled"},"type":"Microsoft.Network/virtualNetworks/subnets"}],"virtualNetworkPeerings":[],"enableDdosProtection":false,"enableVmProtection":false}},{"name":"jlrg1-vnet","id":"/subscriptions/00000000-0000-0000-0000-000000000000/resourceGroups/jlrg1/providers/Microsoft.Network/virtualNetworks/jlrg1-vnet","etag":"W/\"fd93565e-45f8-41a4-b108-85b595f7cecf\"","type":"Microsoft.Network/virtualNetworks","location":"southeastasia","properties":{"provisioningState":"Succeeded","resourceGuid":"9dfeb5f2-adef-408a-9d3c-746fcb42a757","addressSpace":{"addressPrefixes":["10.2.2.0/24"]},"subnets":[{"name":"default","id":"/subscriptions/00000000-0000-0000-0000-000000000000/resourceGroups/jlrg1/providers/Microsoft.Network/virtualNetworks/jlrg1-vnet/subnets/default","etag":"W/\"fd93565e-45f8-41a4-b108-85b595f7cecf\"","properties":{"provisioningState":"Succeeded","addressPrefix":"10.2.2.0/24","delegations":[],"privateEndpointNetworkPolicies":"Enabled","privateLinkServiceNetworkPolicies":"Enabled"},"type":"Microsoft.Network/virtualNetworks/subnets"}],"virtualNetworkPeerings":[],"enableDdosProtection":false,"enableVmProtection":false}},{"name":"jlwvmrg-vnet","id":"/subscriptions/00000000-0000-0000-0000-000000000000/resourceGroups/jlwvmrg/providers/Microsoft.Network/virtualNetworks/jlwvmrg-vnet","etag":"W/\"a27b7970-2d69-4098-9048-2ccd23db1de2\"","type":"Microsoft.Network/virtualNetworks","location":"southeastasia","properties":{"provisioningState":"Succeeded","resourceGuid":"b791b303-d438-45e1-a31b-d8e8ba6897ff","addressSpace":{"addressPrefixes":["10.2.5.0/24"]},"subnets":[{"name":"default","id":"/subscriptions/00000000-0000-0000-0000-000000000000/resourceGroups/jlwvmrg/providers/Microsoft.Network/virtualNetworks/jlwvmrg-vnet/subnets/default","etag":"W/\"a27b7970-2d69-4098-9048-2ccd23db1de2\"","properties":{"provisioningState":"Succeeded","addressPrefix":"10.2.5.0/24","ipConfigurations":[{"id":"/subscriptions/00000000-0000-0000-0000-000000000000/resourceGroups/jlwvmrg/providers/Microsoft.Network/networkInterfaces/jlvmwin1184/ipConfigurations/ipconfig1"}],"delegations":[],"privateEndpointNetworkPolicies":"Enabled","privateLinkServiceNetworkPolicies":"Enabled"},"type":"Microsoft.Network/virtualNetworks/subnets"}],"virtualNetworkPeerings":[],"enableDdosProtection":false,"enableVmProtection":false}},{"name":"yugangw-vm1VNET","id":"/subscriptions/00000000-0000-0000-0000-000000000000/resourceGroups/yugangw/providers/Microsoft.Network/virtualNetworks/yugangw-vm1VNET","etag":"W/\"478e021d-cd8a-4dcb-b3e9-4b2756f2bd5e\"","type":"Microsoft.Network/virtualNetworks","location":"southeastasia","tags":{},"properties":{"provisioningState":"Succeeded","resourceGuid":"d55aef73-fea8-4c33-8a43-ca572693d2fb","addressSpace":{"addressPrefixes":["10.0.0.0/16"]},"subnets":[{"name":"yugangw-vm1Subnet","id":"/subscriptions/00000000-0000-0000-0000-000000000000/resourceGroups/yugangw/providers/Microsoft.Network/virtualNetworks/yugangw-vm1VNET/subnets/yugangw-vm1Subnet","etag":"W/\"478e021d-cd8a-4dcb-b3e9-4b2756f2bd5e\"","properties":{"provisioningState":"Succeeded","addressPrefix":"10.0.0.0/24","ipConfigurations":[{"id":"/subscriptions/00000000-0000-0000-0000-000000000000/resourceGroups/yugangw/providers/Microsoft.Network/networkInterfaces/yugangw-vm1VMNic/ipConfigurations/ipconfigyugangw-vm1"}],"delegations":[],"privateEndpointNetworkPolicies":"Enabled","privateLinkServiceNetworkPolicies":"Enabled"},"type":"Microsoft.Network/virtualNetworks/subnets"}],"virtualNetworkPeerings":[],"enableDdosProtection":false,"enableVmProtection":false}},{"name":"zuhvnet584","id":"/subscriptions/00000000-0000-0000-0000-000000000000/resourceGroups/zuh/providers/Microsoft.Network/virtualNetworks/zuhvnet584","etag":"W/\"9c934546-3720-428f-9e3a-786b4c5a7b2f\"","type":"Microsoft.Network/virtualNetworks","location":"southeastasia","properties":{"provisioningState":"Succeeded","resourceGuid":"b6d3cf11-df2a-4b02-97f0-6c8dfa8dba3d","addressSpace":{"addressPrefixes":["10.2.1.0/24"]},"subnets":[{"name":"default","id":"/subscriptions/00000000-0000-0000-0000-000000000000/resourceGroups/zuh/providers/Microsoft.Network/virtualNetworks/zuhvnet584/subnets/default","etag":"W/\"9c934546-3720-428f-9e3a-786b4c5a7b2f\"","properties":{"provisioningState":"Succeeded","addressPrefix":"10.2.1.0/24","ipConfigurations":[{"id":"/subscriptions/00000000-0000-0000-0000-000000000000/resourceGroups/zuh/providers/Microsoft.Network/networkInterfaces/zuhwin154/ipConfigurations/ipconfig1"}],"delegations":[],"privateEndpointNetworkPolicies":"Enabled","privateLinkServiceNetworkPolicies":"Enabled"},"type":"Microsoft.Network/virtualNetworks/subnets"}],"virtualNetworkPeerings":[],"enableDdosProtection":false,"enableVmProtection":false}},{"name":"0925vnet","id":"/subscriptions/00000000-0000-0000-0000-000000000000/resourceGroups/0925testpe/providers/Microsoft.Network/virtualNetworks/0925vnet","etag":"W/\"954a5cce-8257-45fa-a291-3da65bb3716d\"","type":"Microsoft.Network/virtualNetworks","location":"centralus","tags":{},"properties":{"provisioningState":"Succeeded","resourceGuid":"28f4a07f-24b9-407e-bf5d-7882cc90f661","addressSpace":{"addressPrefixes":["10.0.0.0/16"]},"dhcpOptions":{"dnsServers":[]},"subnets":[{"name":"0925subnet","id":"/subscriptions/00000000-0000-0000-0000-000000000000/resourceGroups/0925testpe/providers/Microsoft.Network/virtualNetworks/0925vnet/subnets/0925subnet","etag":"W/\"954a5cce-8257-45fa-a291-3da65bb3716d\"","properties":{"provisioningState":"Succeeded","addressPrefix":"10.0.0.0/24","delegations":[],"privateEndpointNetworkPolicies":"Enabled","privateLinkServiceNetworkPolicies":"Enabled"},"type":"Microsoft.Network/virtualNetworks/subnets"}],"virtualNetworkPeerings":[],"enableDdosProtection":false,"enableVmProtection":false}},{"name":"monitor_vmVNET","id":"/subscriptions/00000000-0000-0000-0000-000000000000/resourceGroups/0926monitor/providers/Microsoft.Network/virtualNetworks/monitor_vmVNET","etag":"W/\"6e3d31db-b243-4a76-8f2f-44c337a22491\"","type":"Microsoft.Network/virtualNetworks","location":"centralus","tags":{},"properties":{"provisioningState":"Succeeded","resourceGuid":"23584ff1-678c-4d58-a6f0-d8daded452fd","addressSpace":{"addressPrefixes":["10.0.0.0/16"]},"subnets":[{"name":"monitor_vmSubnet","id":"/subscriptions/00000000-0000-0000-0000-000000000000/resourceGroups/0926monitor/providers/Microsoft.Network/virtualNetworks/monitor_vmVNET/subnets/monitor_vmSubnet","etag":"W/\"6e3d31db-b243-4a76-8f2f-44c337a22491\"","properties":{"provisioningState":"Succeeded","addressPrefix":"10.0.0.0/24","ipConfigurations":[{"id":"/subscriptions/00000000-0000-0000-0000-000000000000/resourceGroups/0926monitor/providers/Microsoft.Network/networkInterfaces/monitor_vmVMNic/ipConfigurations/ipconfigmonitor_vm"},{"id":"/subscriptions/00000000-0000-0000-0000-000000000000/resourceGroups/0926monitor/providers/Microsoft.Network/networkInterfaces/monitorVmVMNic/ipConfigurations/ipconfigmonitorVm"}],"delegations":[],"privateEndpointNetworkPolicies":"Enabled","privateLinkServiceNetworkPolicies":"Enabled"},"type":"Microsoft.Network/virtualNetworks/subnets"}],"virtualNetworkPeerings":[],"enableDdosProtection":false,"enableVmProtection":false}},{"name":"vnet1","id":"/subscriptions/00000000-0000-0000-0000-000000000000/resourceGroups/0927pe/providers/Microsoft.Network/virtualNetworks/vnet1","etag":"W/\"5880e151-6c6e-42b3-92df-bbfb7147cf43\"","type":"Microsoft.Network/virtualNetworks","location":"centralus","tags":{},"properties":{"provisioningState":"Succeeded","resourceGuid":"d7c5b183-ce82-4303-92ae-8d61a645f08a","addressSpace":{"addressPrefixes":["10.0.0.0/16"]},"dhcpOptions":{"dnsServers":[]},"subnets":[{"name":"subnet1","id":"/subscriptions/00000000-0000-0000-0000-000000000000/resourceGroups/0927pe/providers/Microsoft.Network/virtualNetworks/vnet1/subnets/subnet1","etag":"W/\"5880e151-6c6e-42b3-92df-bbfb7147cf43\"","properties":{"provisioningState":"Succeeded","addressPrefix":"10.0.0.0/24","ipConfigurations":[{"id":"/subscriptions/00000000-0000-0000-0000-000000000000/resourceGroups/0927pe/providers/Microsoft.Network/networkInterfaces/lks1.nic.7f9003f5-5e86-42b9-9979-80a9797cf484/ipConfigurations/lks1_ipconfig_0"},{"id":"/subscriptions/00000000-0000-0000-0000-000000000000/resourceGroups/0927pe/providers/Microsoft.Network/privateLinkServices/lks1/ipConfigurations/lks1_ipconfig_0"}],"delegations":[],"privateEndpointNetworkPolicies":"Enabled","privateLinkServiceNetworkPolicies":"Disabled"},"type":"Microsoft.Network/virtualNetworks/subnets"},{"name":"subnet2","id":"/subscriptions/00000000-0000-0000-0000-000000000000/resourceGroups/0927pe/providers/Microsoft.Network/virtualNetworks/vnet1/subnets/subnet2","etag":"W/\"5880e151-6c6e-42b3-92df-bbfb7147cf43\"","properties":{"provisioningState":"Succeeded","addressPrefix":"10.0.2.0/24","ipConfigurations":[{"id":"/subscriptions/00000000-0000-0000-0000-000000000000/resourceGroups/0927pe/providers/Microsoft.Network/networkInterfaces/pe1.nic.42302fcd-0ffa-4e8d-8094-9f06c8639a3e/ipConfigurations/privateEndpointIpConfig"}],"privateEndpoints":[{"id":"/subscriptions/00000000-0000-0000-0000-000000000000/resourceGroups/0927pe/providers/Microsoft.Network/privateEndpoints/pe1"}],"delegations":[],"purpose":"PrivateEndpoints","privateEndpointNetworkPolicies":"Disabled","privateLinkServiceNetworkPolicies":"Enabled"},"type":"Microsoft.Network/virtualNetworks/subnets"}],"virtualNetworkPeerings":[],"enableDdosProtection":false,"enableVmProtection":false}},{"name":"vnet1","id":"/subscriptions/00000000-0000-0000-0000-000000000000/resourceGroups/cli_test_network_private_endpoints5g6w2vswk3ajqexqwta4in3ictwrqwgvneqw3hbnp/providers/Microsoft.Network/virtualNetworks/vnet1","etag":"W/\"d12f96e6-22c8-48ec-bdd4-b6fe1f7545d6\"","type":"Microsoft.Network/virtualNetworks","location":"centralus","tags":{},"properties":{"provisioningState":"Succeeded","resourceGuid":"18ec7029-db12-41ca-b585-03798b6dff23","addressSpace":{"addressPrefixes":["10.0.0.0/16"]},"dhcpOptions":{"dnsServers":[]},"subnets":[{"name":"subnet1","id":"/subscriptions/00000000-0000-0000-0000-000000000000/resourceGroups/cli_test_network_private_endpoints5g6w2vswk3ajqexqwta4in3ictwrqwgvneqw3hbnp/providers/Microsoft.Network/virtualNetworks/vnet1/subnets/subnet1","etag":"W/\"d12f96e6-22c8-48ec-bdd4-b6fe1f7545d6\"","properties":{"provisioningState":"Succeeded","addressPrefix":"10.0.0.0/24","ipConfigurations":[{"id":"/subscriptions/00000000-0000-0000-0000-000000000000/resourceGroups/cli_test_network_private_endpoints5g6w2vswk3ajqexqwta4in3ictwrqwgvneqw3hbnp/providers/Microsoft.Network/networkInterfaces/lks1.nic.65156728-e757-4204-9c0e-c3abd60fa974/ipConfigurations/lks1_ipconfig_0"},{"id":"/subscriptions/00000000-0000-0000-0000-000000000000/resourceGroups/cli_test_network_private_endpoints5g6w2vswk3ajqexqwta4in3ictwrqwgvneqw3hbnp/providers/Microsoft.Network/privateLinkServices/lks1/ipConfigurations/lks1_ipconfig_0"}],"delegations":[],"privateEndpointNetworkPolicies":"Enabled","privateLinkServiceNetworkPolicies":"Disabled"},"type":"Microsoft.Network/virtualNetworks/subnets"},{"name":"subnet2","id":"/subscriptions/00000000-0000-0000-0000-000000000000/resourceGroups/cli_test_network_private_endpoints5g6w2vswk3ajqexqwta4in3ictwrqwgvneqw3hbnp/providers/Microsoft.Network/virtualNetworks/vnet1/subnets/subnet2","etag":"W/\"d12f96e6-22c8-48ec-bdd4-b6fe1f7545d6\"","properties":{"provisioningState":"Succeeded","addressPrefix":"10.0.2.0/24","delegations":[],"privateEndpointNetworkPolicies":"Disabled","privateLinkServiceNetworkPolicies":"Enabled"},"type":"Microsoft.Network/virtualNetworks/subnets"}],"virtualNetworkPeerings":[],"enableDdosProtection":false,"enableVmProtection":false}},{"name":"vnet1","id":"/subscriptions/00000000-0000-0000-0000-000000000000/resourceGroups/cli_test_network_private_endpointsqawqdio7cezk226lz5eelqsfc6t2obtqrxkq6l7t3/providers/Microsoft.Network/virtualNetworks/vnet1","etag":"W/\"bf27940c-f7bb-4ee2-88e8-d0ebe5a34063\"","type":"Microsoft.Network/virtualNetworks","location":"centralus","tags":{},"properties":{"provisioningState":"Succeeded","resourceGuid":"41977662-520b-4836-9912-d7e33e5cbea9","addressSpace":{"addressPrefixes":["10.0.0.0/16"]},"dhcpOptions":{"dnsServers":[]},"subnets":[{"name":"subnet1","id":"/subscriptions/00000000-0000-0000-0000-000000000000/resourceGroups/cli_test_network_private_endpointsqawqdio7cezk226lz5eelqsfc6t2obtqrxkq6l7t3/providers/Microsoft.Network/virtualNetworks/vnet1/subnets/subnet1","etag":"W/\"bf27940c-f7bb-4ee2-88e8-d0ebe5a34063\"","properties":{"provisioningState":"Succeeded","addressPrefix":"10.0.0.0/24","ipConfigurations":[{"id":"/subscriptions/00000000-0000-0000-0000-000000000000/resourceGroups/cli_test_network_private_endpointsqawqdio7cezk226lz5eelqsfc6t2obtqrxkq6l7t3/providers/Microsoft.Network/networkInterfaces/lks1.nic.e277358c-ae81-4320-a600-be2f5fb9f560/ipConfigurations/lks1_ipconfig_0"},{"id":"/subscriptions/00000000-0000-0000-0000-000000000000/resourceGroups/cli_test_network_private_endpointsqawqdio7cezk226lz5eelqsfc6t2obtqrxkq6l7t3/providers/Microsoft.Network/privateLinkServices/lks1/ipConfigurations/lks1_ipconfig_0"}],"delegations":[],"privateEndpointNetworkPolicies":"Enabled","privateLinkServiceNetworkPolicies":"Disabled"},"type":"Microsoft.Network/virtualNetworks/subnets"},{"name":"subnet2","id":"/subscriptions/00000000-0000-0000-0000-000000000000/resourceGroups/cli_test_network_private_endpointsqawqdio7cezk226lz5eelqsfc6t2obtqrxkq6l7t3/providers/Microsoft.Network/virtualNetworks/vnet1/subnets/subnet2","etag":"W/\"bf27940c-f7bb-4ee2-88e8-d0ebe5a34063\"","properties":{"provisioningState":"Succeeded","addressPrefix":"10.0.2.0/24","ipConfigurations":[{"id":"/subscriptions/00000000-0000-0000-0000-000000000000/resourceGroups/cli_test_network_private_endpointsqawqdio7cezk226lz5eelqsfc6t2obtqrxkq6l7t3/providers/Microsoft.Network/networkInterfaces/pe1.nic.44995400-c039-4ef7-b5cd-9fcf4f8e4403/ipConfigurations/privateEndpointIpConfig"}],"privateEndpoints":[{"id":"/subscriptions/00000000-0000-0000-0000-000000000000/resourceGroups/cli_test_network_private_endpointsqawqdio7cezk226lz5eelqsfc6t2obtqrxkq6l7t3/providers/Microsoft.Network/privateEndpoints/pe1"}],"delegations":[],"purpose":"PrivateEndpoints","privateEndpointNetworkPolicies":"Disabled","privateLinkServiceNetworkPolicies":"Enabled"},"type":"Microsoft.Network/virtualNetworks/subnets"}],"virtualNetworkPeerings":[],"enableDdosProtection":false,"enableVmProtection":false}},{"name":"vnettest","id":"/subscriptions/00000000-0000-0000-0000-000000000000/resourceGroups/fanqiu-test/providers/Microsoft.Network/virtualNetworks/vnettest","etag":"W/\"9c8919a4-8732-48f3-8b9c-09bd0e3774c4\"","type":"Microsoft.Network/virtualNetworks","location":"centralus","properties":{"provisioningState":"Succeeded","resourceGuid":"069414bc-bd93-47a1-976e-2e51578a2c72","addressSpace":{"addressPrefixes":["10.1.0.0/16"]},"subnets":[{"name":"default","id":"/subscriptions/00000000-0000-0000-0000-000000000000/resourceGroups/fanqiu-test/providers/Microsoft.Network/virtualNetworks/vnettest/subnets/default","etag":"W/\"9c8919a4-8732-48f3-8b9c-09bd0e3774c4\"","properties":{"provisioningState":"Succeeded","addressPrefix":"10.1.0.0/24","ipConfigurations":[{"id":"/subscriptions/00000000-0000-0000-0000-000000000000/resourceGroups/fanqiu-test/providers/Microsoft.Network/networkInterfaces/sdfsdfsdf.nic.483f3d12-3ba8-4789-92dd-b7ed9c4d43db/ipConfigurations/sdfsdfsdf_ipconfig_0"},{"id":"/subscriptions/00000000-0000-0000-0000-000000000000/resourceGroups/fanqiu-test/providers/Microsoft.Network/privateLinkServices/sdfsdfsdf/ipConfigurations/sdfsdfsdf_ipconfig_0"}],"delegations":[],"privateEndpointNetworkPolicies":"Enabled","privateLinkServiceNetworkPolicies":"Disabled"},"type":"Microsoft.Network/virtualNetworks/subnets"},{"name":"GatewaySubnet","id":"/subscriptions/00000000-0000-0000-0000-000000000000/resourceGroups/fanqiu-test/providers/Microsoft.Network/virtualNetworks/vnettest/subnets/GatewaySubnet","etag":"W/\"9c8919a4-8732-48f3-8b9c-09bd0e3774c4\"","properties":{"provisioningState":"Succeeded","addressPrefix":"10.1.3.0/24","delegations":[],"privateEndpointNetworkPolicies":"Enabled","privateLinkServiceNetworkPolicies":"Enabled"},"type":"Microsoft.Network/virtualNetworks/subnets"},{"name":"test1","id":"/subscriptions/00000000-0000-0000-0000-000000000000/resourceGroups/fanqiu-test/providers/Microsoft.Network/virtualNetworks/vnettest/subnets/test1","etag":"W/\"9c8919a4-8732-48f3-8b9c-09bd0e3774c4\"","properties":{"provisioningState":"Succeeded","addressPrefix":"10.1.1.0/24","serviceEndpoints":[],"delegations":[],"privateEndpointNetworkPolicies":"Disabled","privateLinkServiceNetworkPolicies":"Enabled"},"type":"Microsoft.Network/virtualNetworks/subnets"},{"name":"test2","id":"/subscriptions/00000000-0000-0000-0000-000000000000/resourceGroups/fanqiu-test/providers/Microsoft.Network/virtualNetworks/vnettest/subnets/test2","etag":"W/\"9c8919a4-8732-48f3-8b9c-09bd0e3774c4\"","properties":{"provisioningState":"Succeeded","addressPrefix":"10.1.2.0/24","serviceEndpoints":[],"delegations":[],"purpose":"PrivateEndpoints","privateEndpointNetworkPolicies":"Disabled","privateLinkServiceNetworkPolicies":"Enabled"},"type":"Microsoft.Network/virtualNetworks/subnets"},{"name":"test3","id":"/subscriptions/00000000-0000-0000-0000-000000000000/resourceGroups/fanqiu-test/providers/Microsoft.Network/virtualNetworks/vnettest/subnets/test3","etag":"W/\"9c8919a4-8732-48f3-8b9c-09bd0e3774c4\"","properties":{"provisioningState":"Succeeded","addressPrefix":"10.1.4.0/24","serviceEndpoints":[],"delegations":[],"purpose":"PrivateEndpoints","privateEndpointNetworkPolicies":"Disabled","privateLinkServiceNetworkPolicies":"Enabled"},"type":"Microsoft.Network/virtualNetworks/subnets"},{"name":"test4","id":"/subscriptions/00000000-0000-0000-0000-000000000000/resourceGroups/fanqiu-test/providers/Microsoft.Network/virtualNetworks/vnettest/subnets/test4","etag":"W/\"9c8919a4-8732-48f3-8b9c-09bd0e3774c4\"","properties":{"provisioningState":"Succeeded","addressPrefix":"10.1.5.0/24","serviceEndpoints":[],"delegations":[],"privateEndpointNetworkPolicies":"Enabled","privateLinkServiceNetworkPolicies":"Disabled"},"type":"Microsoft.Network/virtualNetworks/subnets"}],"virtualNetworkPeerings":[],"enableDdosProtection":false,"enableVmProtection":false}},{"name":"vnet1","id":"/subscriptions/00000000-0000-0000-0000-000000000000/resourceGroups/zuh/providers/Microsoft.Network/virtualNetworks/vnet1","etag":"W/\"cdf55d73-7582-425a-bdd1-5383e2daba61\"","type":"Microsoft.Network/virtualNetworks","location":"centralus","tags":{},"properties":{"provisioningState":"Succeeded","resourceGuid":"c946fed5-e511-4060-b29e-9d317d552d8e","addressSpace":{"addressPrefixes":["10.0.0.0/16"]},"dhcpOptions":{"dnsServers":[]},"subnets":[{"name":"subnet1","id":"/subscriptions/00000000-0000-0000-0000-000000000000/resourceGroups/zuh/providers/Microsoft.Network/virtualNetworks/vnet1/subnets/subnet1","etag":"W/\"cdf55d73-7582-425a-bdd1-5383e2daba61\"","properties":{"provisioningState":"Succeeded","addressPrefix":"10.0.0.0/24","delegations":[],"privateEndpointNetworkPolicies":"Enabled","privateLinkServiceNetworkPolicies":"Enabled"},"type":"Microsoft.Network/virtualNetworks/subnets"}],"virtualNetworkPeerings":[],"enableDdosProtection":false,"enableVmProtection":false}},{"name":"zuhvnet370","id":"/subscriptions/00000000-0000-0000-0000-000000000000/resourceGroups/zuh/providers/Microsoft.Network/virtualNetworks/zuhvnet370","etag":"W/\"1e1b4ae5-022a-475e-969a-f96339c8648e\"","type":"Microsoft.Network/virtualNetworks","location":"centralus","properties":{"provisioningState":"Succeeded","resourceGuid":"2c951b45-735f-4cf6-bb8a-de4095665900","addressSpace":{"addressPrefixes":["10.2.3.0/24"]},"subnets":[{"name":"default","id":"/subscriptions/00000000-0000-0000-0000-000000000000/resourceGroups/zuh/providers/Microsoft.Network/virtualNetworks/zuhvnet370/subnets/default","etag":"W/\"1e1b4ae5-022a-475e-969a-f96339c8648e\"","properties":{"provisioningState":"Succeeded","addressPrefix":"10.2.3.0/24","ipConfigurations":[{"id":"/subscriptions/00000000-0000-0000-0000-000000000000/resourceGroups/zuh/providers/Microsoft.Network/networkInterfaces/zuhcentos285/ipConfigurations/ipconfig1"},{"id":"/subscriptions/00000000-0000-0000-0000-000000000000/resourceGroups/zuh/providers/Microsoft.Network/networkInterfaces/zuhwindows2016246/ipConfigurations/ipconfig1"}],"delegations":[],"privateEndpointNetworkPolicies":"Enabled","privateLinkServiceNetworkPolicies":"Enabled"},"type":"Microsoft.Network/virtualNetworks/subnets"}],"virtualNetworkPeerings":[],"enableDdosProtection":false,"enableVmProtection":false}},{"name":"fooziipy98","id":"/subscriptions/00000000-0000-0000-0000-000000000000/resourceGroups/fooziipy98/providers/Microsoft.Network/virtualNetworks/fooziipy98","etag":"W/\"02e6c4d1-dc43-4614-b7f7-65a9a5e9de84\"","type":"Microsoft.Network/virtualNetworks","location":"eastus2","properties":{"provisioningState":"Succeeded","resourceGuid":"96537f60-9ee3-4e56-bbb4-e622048d764d","addressSpace":{"addressPrefixes":["192.168.0.0/16"]},"subnets":[{"name":"fooziipy98","id":"/subscriptions/00000000-0000-0000-0000-000000000000/resourceGroups/fooziipy98/providers/Microsoft.Network/virtualNetworks/fooziipy98/subnets/fooziipy98","etag":"W/\"02e6c4d1-dc43-4614-b7f7-65a9a5e9de84\"","properties":{"provisioningState":"Succeeded","addressPrefix":"192.168.1.0/24","ipConfigurations":[{"id":"/subscriptions/00000000-0000-0000-0000-000000000000/resourceGroups/fooziipy98/providers/Microsoft.Network/networkInterfaces/fooziipy98/ipConfigurations/fooziipy98"}],"delegations":[],"privateEndpointNetworkPolicies":"Enabled","privateLinkServiceNetworkPolicies":"Enabled"},"type":"Microsoft.Network/virtualNetworks/subnets"}],"virtualNetworkPeerings":[],"enableDdosProtection":false,"enableVmProtection":false}},{"name":"fooziipy99","id":"/subscriptions/00000000-0000-0000-0000-000000000000/resourceGroups/fooziipy99/providers/Microsoft.Network/virtualNetworks/fooziipy99","etag":"W/\"39477a34-d029-470a-91ad-975873313a30\"","type":"Microsoft.Network/virtualNetworks","location":"eastus2","properties":{"provisioningState":"Succeeded","resourceGuid":"deea6a38-de92-4d49-82d6-deb59d695873","addressSpace":{"addressPrefixes":["192.168.0.0/16"]},"subnets":[{"name":"fooziipy99","id":"/subscriptions/00000000-0000-0000-0000-000000000000/resourceGroups/fooziipy99/providers/Microsoft.Network/virtualNetworks/fooziipy99/subnets/fooziipy99","etag":"W/\"39477a34-d029-470a-91ad-975873313a30\"","properties":{"provisioningState":"Succeeded","addressPrefix":"192.168.1.0/24","ipConfigurations":[{"id":"/subscriptions/00000000-0000-0000-0000-000000000000/resourceGroups/fooziipy99/providers/Microsoft.Network/networkInterfaces/fooziipy99/ipConfigurations/fooziipy99"}],"delegations":[],"privateEndpointNetworkPolicies":"Enabled","privateLinkServiceNetworkPolicies":"Enabled"},"type":"Microsoft.Network/virtualNetworks/subnets"}],"virtualNetworkPeerings":[],"enableDdosProtection":false,"enableVmProtection":false}},{"name":"sdk-vnet","id":"/subscriptions/00000000-0000-0000-0000-000000000000/resourceGroups/sdk-wus2-rg-test/providers/Microsoft.Network/virtualNetworks/sdk-vnet","etag":"W/\"b277f4c3-62f6-411f-b1e3-80ca12a5ea9c\"","type":"Microsoft.Network/virtualNetworks","location":"westus2","properties":{"provisioningState":"Succeeded","resourceGuid":"7637a963-71f9-4aed-905b-8c0f4aed45b9","addressSpace":{"addressPrefixes":["10.6.0.0/16"]},"subnets":[{"name":"default","id":"/subscriptions/00000000-0000-0000-0000-000000000000/resourceGroups/sdk-wus2-rg-test/providers/Microsoft.Network/virtualNetworks/sdk-vnet/subnets/default","etag":"W/\"b277f4c3-62f6-411f-b1e3-80ca12a5ea9c\"","properties":{"provisioningState":"Succeeded","addressPrefix":"10.6.0.0/24","ipConfigurations":[{"id":"/subscriptions/00000000-0000-0000-0000-000000000000/resourceGroups/sdk-wus2-rg-test/providers/Microsoft.Network/networkInterfaces/anf-sdk-vnet-nic-VLB5RZ/ipConfigurations/ipconfig1"}],"serviceEndpoints":[],"delegations":[{"name":"514c6b63b2df4757ba448bd8f44d10a5","id":"/subscriptions/00000000-0000-0000-0000-000000000000/resourceGroups/sdk-wus2-rg-test/providers/Microsoft.Network/virtualNetworks/sdk-vnet/subnets/default/delegations/514c6b63b2df4757ba448bd8f44d10a5","etag":"W/\"b277f4c3-62f6-411f-b1e3-80ca12a5ea9c\"","properties":{"provisioningState":"Succeeded","serviceName":"Microsoft.Netapp/volumes","actions":["Microsoft.Network/networkinterfaces/*","Microsoft.Network/virtualNetworks/subnets/join/action"]},"type":"Microsoft.Network/virtualNetworks/subnets/delegations"}],"purpose":"HostedWorkloads","privateEndpointNetworkPolicies":"Enabled","privateLinkServiceNetworkPolicies":"Enabled"},"type":"Microsoft.Network/virtualNetworks/subnets"}],"virtualNetworkPeerings":[],"enableDdosProtection":false,"enableVmProtection":false}},{"name":"pytest-vnet","id":"/subscriptions/00000000-0000-0000-0000-000000000000/resourceGroups/sdk-wus2-rg/providers/Microsoft.Network/virtualNetworks/pytest-vnet","etag":"W/\"aa662f30-f19c-4f27-bd8a-2fd7a22c04fe\"","type":"Microsoft.Network/virtualNetworks","location":"westus2","properties":{"provisioningState":"Succeeded","resourceGuid":"27e8ce4b-11fc-4bb5-a8de-c9425c01900c","addressSpace":{"addressPrefixes":["10.5.0.0/16"]},"subnets":[{"name":"default","id":"/subscriptions/00000000-0000-0000-0000-000000000000/resourceGroups/sdk-wus2-rg/providers/Microsoft.Network/virtualNetworks/pytest-vnet/subnets/default","etag":"W/\"aa662f30-f19c-4f27-bd8a-2fd7a22c04fe\"","properties":{"provisioningState":"Succeeded","addressPrefix":"10.5.0.0/24","delegations":[],"privateEndpointNetworkPolicies":"Enabled","privateLinkServiceNetworkPolicies":"Enabled"},"type":"Microsoft.Network/virtualNetworks/subnets"}],"virtualNetworkPeerings":[],"enableDdosProtection":false,"enableVmProtection":false}}]}'
    headers:
      cache-control:
      - no-cache
      content-length:
      - '56353'
      content-type:
      - application/json; charset=utf-8
      date:
      - Thu, 03 Oct 2019 16:56:44 GMT
      expires:
      - '-1'
      pragma:
      - no-cache
      strict-transport-security:
      - max-age=31536000; includeSubDomains
      vary:
      - Accept-Encoding
      x-content-type-options:
      - nosniff
      x-ms-original-request-ids:
      - e2d034e3-80c6-48e3-a522-1fb3ad1eecdb
      - 82fc09b2-2348-469d-84a7-68a7ee4eb03a
      - 799b1a60-61d3-4c2d-b096-e055c0be8526
      - a0df65b4-06f9-4657-8c9b-cb84a4d27893
      - 431ab139-d1af-49e8-8918-0d091923bb64
      - fb5c9096-a641-4db7-932b-27ca499827c7
      - f96427c6-79e0-45ef-8d44-ca92b43f710a
    status:
      code: 200
      message: OK
- request:
    body: null
    headers:
      Accept:
      - application/json
      Accept-Encoding:
      - gzip, deflate
      Connection:
      - keep-alive
      Content-Length:
      - '0'
      User-Agent:
      - python/3.6.8 (Linux-4.9.125-linuxkit-x86_64-with-Ubuntu-18.04-bionic) msrest/0.6.8
        msrest_azure/0.4.34 azure-mgmt-network/5.1.0 Azure-SDK-For-Python
      accept-language:
      - en-US
    method: DELETE
    uri: https://management.azure.com/subscriptions/00000000-0000-0000-0000-000000000000/resourceGroups/test_mgmt_network_test_virtual_networks4725106e/providers/Microsoft.Network/virtualNetworks/pyvnet4725106e?api-version=2019-07-01
  response:
    body:
      string: ''
    headers:
      azure-asyncoperation:
      - https://management.azure.com/subscriptions/00000000-0000-0000-0000-000000000000/providers/Microsoft.Network/locations/westus/operations/155e483d-ca5d-421d-98f9-a59b83926764?api-version=2019-07-01
      cache-control:
      - no-cache
      content-length:
      - '0'
      date:
      - Thu, 03 Oct 2019 16:56:45 GMT
      expires:
      - '-1'
      location:
      - https://management.azure.com/subscriptions/00000000-0000-0000-0000-000000000000/providers/Microsoft.Network/locations/westus/operationResults/155e483d-ca5d-421d-98f9-a59b83926764?api-version=2019-07-01
      pragma:
      - no-cache
      server:
      - Microsoft-HTTPAPI/2.0
      - Microsoft-HTTPAPI/2.0
      strict-transport-security:
      - max-age=31536000; includeSubDomains
      x-content-type-options:
      - nosniff
      x-ms-arm-service-request-id:
      - 27257ebb-6d38-483e-b91a-6bad4c7b0577
      x-ms-ratelimit-remaining-subscription-deletes:
      - '14997'
    status:
      code: 202
      message: Accepted
- request:
    body: null
    headers:
      Accept:
      - application/json
      Accept-Encoding:
      - gzip, deflate
      Connection:
      - keep-alive
      User-Agent:
      - python/3.6.8 (Linux-4.9.125-linuxkit-x86_64-with-Ubuntu-18.04-bionic) msrest/0.6.8
        msrest_azure/0.4.34 azure-mgmt-network/5.1.0 Azure-SDK-For-Python
    method: GET
    uri: https://management.azure.com/subscriptions/00000000-0000-0000-0000-000000000000/providers/Microsoft.Network/locations/westus/operations/155e483d-ca5d-421d-98f9-a59b83926764?api-version=2019-07-01
  response:
    body:
      string: "{\r\n  \"status\": \"Succeeded\"\r\n}"
    headers:
      cache-control:
      - no-cache
      content-length:
      - '29'
      content-type:
      - application/json; charset=utf-8
      date:
      - Thu, 03 Oct 2019 16:56:56 GMT
      expires:
      - '-1'
      pragma:
      - no-cache
      server:
      - Microsoft-HTTPAPI/2.0
      - Microsoft-HTTPAPI/2.0
      strict-transport-security:
      - max-age=31536000; includeSubDomains
      transfer-encoding:
      - chunked
      vary:
      - Accept-Encoding
      x-content-type-options:
      - nosniff
      x-ms-arm-service-request-id:
      - 249c0ff8-a1a7-4e54-9ebc-68641cbe2dc5
    status:
      code: 200
      message: OK
version: 1
