interactions:
- request:
    body: '{"location": "westus"}'
    headers:
      Accept:
      - application/json
      Accept-Encoding:
      - gzip, deflate
      Connection:
      - keep-alive
      Content-Length:
      - '22'
      Content-Type:
      - application/json
      User-Agent:
      - azsdk-python-azure-mgmt-network/17.2.0 Python/3.8.7 (Linux-5.4.0-1039-azure-x86_64-with-glibc2.2.5)
        VSTS_0fb41ef4-5012-48a9-bf39-4ee3de03ee35_build_2384_0
    method: PUT
    uri: https://management.azure.com/subscriptions/00000000-0000-0000-0000-000000000000/resourceGroups/rgname/providers/Microsoft.Network/routeTables/myRouteTable?api-version=2020-08-01
  response:
    body:
      string: "{\r\n  \"name\": \"myRouteTable\",\r\n  \"id\": \"/subscriptions/00000000-0000-0000-0000-000000000000/resourceGroups/rgname/providers/Microsoft.Network/routeTables/myRouteTable\",\r\n
        \ \"etag\": \"W/\\\"0cdada06-ba9f-4c2a-bc26-cad6f3c30288\\\"\",\r\n  \"type\":
        \"Microsoft.Network/routeTables\",\r\n  \"location\": \"westus\",\r\n  \"properties\":
        {\r\n    \"provisioningState\": \"Updating\",\r\n    \"resourceGuid\": \"9209e8f8-0aa8-4acf-a166-34d007033df0\",\r\n
        \   \"disableBgpRoutePropagation\": false,\r\n    \"routes\": []\r\n  }\r\n}"
    headers:
      azure-asyncnotification:
      - Enabled
      azure-asyncoperation:
      - https://management.azure.com/subscriptions/00000000-0000-0000-0000-000000000000/providers/Microsoft.Network/locations/westus/operations/02965915-7d32-41cc-acd0-8941386c60fe?api-version=2020-08-01
      cache-control:
      - no-cache
      content-length:
      - '548'
      content-type:
      - application/json; charset=utf-8
      date:
      - Tue, 02 Mar 2021 10:45:17 GMT
      expires:
      - '-1'
      pragma:
      - no-cache
      server:
      - Microsoft-HTTPAPI/2.0
      - Microsoft-HTTPAPI/2.0
      strict-transport-security:
      - max-age=31536000; includeSubDomains
      x-content-type-options:
      - nosniff
      x-ms-arm-service-request-id:
      - 765a4986-6aae-40e1-9387-9cd66b5488c4
      x-ms-ratelimit-remaining-subscription-writes:
      - '1193'
    status:
      code: 201
      message: Created
- request:
    body: null
    headers:
      Accept:
      - '*/*'
      Accept-Encoding:
      - gzip, deflate
      Connection:
      - keep-alive
      User-Agent:
      - azsdk-python-azure-mgmt-network/17.2.0 Python/3.8.7 (Linux-5.4.0-1039-azure-x86_64-with-glibc2.2.5)
        VSTS_0fb41ef4-5012-48a9-bf39-4ee3de03ee35_build_2384_0
    method: GET
    uri: https://management.azure.com/subscriptions/00000000-0000-0000-0000-000000000000/providers/Microsoft.Network/locations/westus/operations/02965915-7d32-41cc-acd0-8941386c60fe?api-version=2020-08-01
  response:
    body:
      string: "{\r\n  \"status\": \"Succeeded\"\r\n}"
    headers:
      cache-control:
      - no-cache
      content-length:
      - '29'
      content-type:
      - application/json; charset=utf-8
      date:
      - Tue, 02 Mar 2021 10:45:27 GMT
      expires:
      - '-1'
      pragma:
      - no-cache
      server:
      - Microsoft-HTTPAPI/2.0
      - Microsoft-HTTPAPI/2.0
      strict-transport-security:
      - max-age=31536000; includeSubDomains
      transfer-encoding:
      - chunked
      vary:
      - Accept-Encoding
      x-content-type-options:
      - nosniff
      x-ms-arm-service-request-id:
      - 55fe9cf8-0c4f-4647-9cc0-4bfa39b4b117
    status:
      code: 200
      message: OK
- request:
    body: null
    headers:
      Accept:
      - '*/*'
      Accept-Encoding:
      - gzip, deflate
      Connection:
      - keep-alive
      User-Agent:
      - azsdk-python-azure-mgmt-network/17.2.0 Python/3.8.7 (Linux-5.4.0-1039-azure-x86_64-with-glibc2.2.5)
        VSTS_0fb41ef4-5012-48a9-bf39-4ee3de03ee35_build_2384_0
    method: GET
    uri: https://management.azure.com/subscriptions/00000000-0000-0000-0000-000000000000/resourceGroups/rgname/providers/Microsoft.Network/routeTables/myRouteTable?api-version=2020-08-01
  response:
    body:
      string: "{\r\n  \"name\": \"myRouteTable\",\r\n  \"id\": \"/subscriptions/00000000-0000-0000-0000-000000000000/resourceGroups/rgname/providers/Microsoft.Network/routeTables/myRouteTable\",\r\n
        \ \"etag\": \"W/\\\"ea0ee3f1-d032-4bfd-a2bf-2e7ec50b4454\\\"\",\r\n  \"type\":
        \"Microsoft.Network/routeTables\",\r\n  \"location\": \"westus\",\r\n  \"properties\":
        {\r\n    \"provisioningState\": \"Succeeded\",\r\n    \"resourceGuid\": \"9209e8f8-0aa8-4acf-a166-34d007033df0\",\r\n
        \   \"disableBgpRoutePropagation\": false,\r\n    \"routes\": []\r\n  }\r\n}"
    headers:
      cache-control:
      - no-cache
      content-length:
      - '549'
      content-type:
      - application/json; charset=utf-8
      date:
      - Tue, 02 Mar 2021 10:45:27 GMT
      etag:
      - W/"ea0ee3f1-d032-4bfd-a2bf-2e7ec50b4454"
      expires:
      - '-1'
      pragma:
      - no-cache
      server:
      - Microsoft-HTTPAPI/2.0
      - Microsoft-HTTPAPI/2.0
      strict-transport-security:
      - max-age=31536000; includeSubDomains
      transfer-encoding:
      - chunked
      vary:
      - Accept-Encoding
      x-content-type-options:
      - nosniff
      x-ms-arm-service-request-id:
      - ed3857b0-02f1-4fd5-87c1-250ca1a0a55b
    status:
      code: 200
      message: OK
- request:
    body: '{"properties": {"addressPrefix": "10.0.3.0/24", "nextHopType": "VirtualNetworkGateway"}}'
    headers:
      Accept:
      - application/json
      Accept-Encoding:
      - gzip, deflate
      Connection:
      - keep-alive
      Content-Length:
      - '88'
      Content-Type:
      - application/json
      User-Agent:
      - azsdk-python-azure-mgmt-network/17.2.0 Python/3.8.7 (Linux-5.4.0-1039-azure-x86_64-with-glibc2.2.5)
        VSTS_0fb41ef4-5012-48a9-bf39-4ee3de03ee35_build_2384_0
    method: PUT
    uri: https://management.azure.com/subscriptions/00000000-0000-0000-0000-000000000000/resourceGroups/rgname/providers/Microsoft.Network/routeTables/myRouteTable/routes/myRoute?api-version=2020-08-01
  response:
    body:
      string: "{\r\n  \"name\": \"myRoute\",\r\n  \"id\": \"/subscriptions/00000000-0000-0000-0000-000000000000/resourceGroups/rgname/providers/Microsoft.Network/routeTables/myRouteTable/routes/myRoute\",\r\n
        \ \"etag\": \"W/\\\"c113b8fa-2bf0-45e4-ac83-d044ae3dfc0a\\\"\",\r\n  \"properties\":
        {\r\n    \"provisioningState\": \"Updating\",\r\n    \"addressPrefix\": \"10.0.3.0/24\",\r\n
        \   \"nextHopType\": \"VirtualNetworkGateway\",\r\n    \"hasBgpOverride\":
        false\r\n  },\r\n  \"type\": \"Microsoft.Network/routeTables/routes\"\r\n}"
    headers:
      azure-asyncoperation:
      - https://management.azure.com/subscriptions/00000000-0000-0000-0000-000000000000/providers/Microsoft.Network/locations/westus/operations/1759e96e-891f-4edd-aa36-c951871e7012?api-version=2020-08-01
      cache-control:
      - no-cache
      content-length:
      - '530'
      content-type:
      - application/json; charset=utf-8
      date:
      - Tue, 02 Mar 2021 10:45:28 GMT
      expires:
      - '-1'
      pragma:
      - no-cache
      server:
      - Microsoft-HTTPAPI/2.0
      - Microsoft-HTTPAPI/2.0
      strict-transport-security:
      - max-age=31536000; includeSubDomains
      x-content-type-options:
      - nosniff
      x-ms-arm-service-request-id:
      - cbbd02fe-03cb-4e32-87a4-bbd0e640bba6
      x-ms-ratelimit-remaining-subscription-writes:
      - '1192'
    status:
      code: 201
      message: Created
- request:
    body: null
    headers:
      Accept:
      - '*/*'
      Accept-Encoding:
      - gzip, deflate
      Connection:
      - keep-alive
      User-Agent:
      - azsdk-python-azure-mgmt-network/17.2.0 Python/3.8.7 (Linux-5.4.0-1039-azure-x86_64-with-glibc2.2.5)
        VSTS_0fb41ef4-5012-48a9-bf39-4ee3de03ee35_build_2384_0
    method: GET
    uri: https://management.azure.com/subscriptions/00000000-0000-0000-0000-000000000000/providers/Microsoft.Network/locations/westus/operations/1759e96e-891f-4edd-aa36-c951871e7012?api-version=2020-08-01
  response:
    body:
      string: "{\r\n  \"status\": \"Succeeded\"\r\n}"
    headers:
      cache-control:
      - no-cache
      content-length:
      - '29'
      content-type:
      - application/json; charset=utf-8
      date:
      - Tue, 02 Mar 2021 10:45:38 GMT
      expires:
      - '-1'
      pragma:
      - no-cache
      server:
      - Microsoft-HTTPAPI/2.0
      - Microsoft-HTTPAPI/2.0
      strict-transport-security:
      - max-age=31536000; includeSubDomains
      transfer-encoding:
      - chunked
      vary:
      - Accept-Encoding
      x-content-type-options:
      - nosniff
      x-ms-arm-service-request-id:
      - d451d451-5f0c-4c46-8d63-e43da8de5473
    status:
      code: 200
      message: OK
- request:
    body: null
    headers:
      Accept:
      - '*/*'
      Accept-Encoding:
      - gzip, deflate
      Connection:
      - keep-alive
      User-Agent:
      - azsdk-python-azure-mgmt-network/17.2.0 Python/3.8.7 (Linux-5.4.0-1039-azure-x86_64-with-glibc2.2.5)
        VSTS_0fb41ef4-5012-48a9-bf39-4ee3de03ee35_build_2384_0
    method: GET
    uri: https://management.azure.com/subscriptions/00000000-0000-0000-0000-000000000000/resourceGroups/rgname/providers/Microsoft.Network/routeTables/myRouteTable/routes/myRoute?api-version=2020-08-01
  response:
    body:
      string: "{\r\n  \"name\": \"myRoute\",\r\n  \"id\": \"/subscriptions/00000000-0000-0000-0000-000000000000/resourceGroups/rgname/providers/Microsoft.Network/routeTables/myRouteTable/routes/myRoute\",\r\n
        \ \"etag\": \"W/\\\"79043889-8ca2-427a-8cd1-861e94f4e5eb\\\"\",\r\n  \"properties\":
        {\r\n    \"provisioningState\": \"Succeeded\",\r\n    \"addressPrefix\": \"10.0.3.0/24\",\r\n
        \   \"nextHopType\": \"VirtualNetworkGateway\",\r\n    \"hasBgpOverride\":
        false\r\n  },\r\n  \"type\": \"Microsoft.Network/routeTables/routes\"\r\n}"
    headers:
      cache-control:
      - no-cache
      content-length:
      - '531'
      content-type:
      - application/json; charset=utf-8
      date:
      - Tue, 02 Mar 2021 10:45:38 GMT
      etag:
      - W/"79043889-8ca2-427a-8cd1-861e94f4e5eb"
      expires:
      - '-1'
      pragma:
      - no-cache
      server:
      - Microsoft-HTTPAPI/2.0
      - Microsoft-HTTPAPI/2.0
      strict-transport-security:
      - max-age=31536000; includeSubDomains
      transfer-encoding:
      - chunked
      vary:
      - Accept-Encoding
      x-content-type-options:
      - nosniff
      x-ms-arm-service-request-id:
      - 41b4b99f-1eda-4100-86ed-946b0626bd3f
    status:
      code: 200
      message: OK
- request:
    body: null
    headers:
      Accept:
      - application/json
      Accept-Encoding:
      - gzip, deflate
      Connection:
      - keep-alive
      User-Agent:
      - azsdk-python-azure-mgmt-network/17.2.0 Python/3.8.7 (Linux-5.4.0-1039-azure-x86_64-with-glibc2.2.5)
        VSTS_0fb41ef4-5012-48a9-bf39-4ee3de03ee35_build_2384_0
    method: GET
    uri: https://management.azure.com/subscriptions/00000000-0000-0000-0000-000000000000/resourceGroups/rgname/providers/Microsoft.Network/routeTables/myRouteTable/routes/myRoute?api-version=2020-08-01
  response:
    body:
      string: "{\r\n  \"name\": \"myRoute\",\r\n  \"id\": \"/subscriptions/00000000-0000-0000-0000-000000000000/resourceGroups/rgname/providers/Microsoft.Network/routeTables/myRouteTable/routes/myRoute\",\r\n
        \ \"etag\": \"W/\\\"79043889-8ca2-427a-8cd1-861e94f4e5eb\\\"\",\r\n  \"properties\":
        {\r\n    \"provisioningState\": \"Succeeded\",\r\n    \"addressPrefix\": \"10.0.3.0/24\",\r\n
        \   \"nextHopType\": \"VirtualNetworkGateway\",\r\n    \"hasBgpOverride\":
        false\r\n  },\r\n  \"type\": \"Microsoft.Network/routeTables/routes\"\r\n}"
    headers:
      cache-control:
      - no-cache
      content-length:
      - '531'
      content-type:
      - application/json; charset=utf-8
      date:
      - Tue, 02 Mar 2021 10:45:38 GMT
      etag:
      - W/"79043889-8ca2-427a-8cd1-861e94f4e5eb"
      expires:
      - '-1'
      pragma:
      - no-cache
      server:
      - Microsoft-HTTPAPI/2.0
      - Microsoft-HTTPAPI/2.0
      strict-transport-security:
      - max-age=31536000; includeSubDomains
      transfer-encoding:
      - chunked
      vary:
      - Accept-Encoding
      x-content-type-options:
      - nosniff
      x-ms-arm-service-request-id:
      - 8e61de29-b831-44cb-b6ee-b54c7bcd7c97
    status:
      code: 200
      message: OK
- request:
    body: null
    headers:
      Accept:
      - application/json
      Accept-Encoding:
      - gzip, deflate
      Connection:
      - keep-alive
      User-Agent:
      - azsdk-python-azure-mgmt-network/17.2.0 Python/3.8.7 (Linux-5.4.0-1039-azure-x86_64-with-glibc2.2.5)
        VSTS_0fb41ef4-5012-48a9-bf39-4ee3de03ee35_build_2384_0
    method: GET
    uri: https://management.azure.com/subscriptions/00000000-0000-0000-0000-000000000000/resourceGroups/rgname/providers/Microsoft.Network/routeTables/myRouteTable?api-version=2020-08-01
  response:
    body:
      string: "{\r\n  \"name\": \"myRouteTable\",\r\n  \"id\": \"/subscriptions/00000000-0000-0000-0000-000000000000/resourceGroups/rgname/providers/Microsoft.Network/routeTables/myRouteTable\",\r\n
        \ \"etag\": \"W/\\\"79043889-8ca2-427a-8cd1-861e94f4e5eb\\\"\",\r\n  \"type\":
        \"Microsoft.Network/routeTables\",\r\n  \"location\": \"westus\",\r\n  \"properties\":
        {\r\n    \"provisioningState\": \"Succeeded\",\r\n    \"resourceGuid\": \"9209e8f8-0aa8-4acf-a166-34d007033df0\",\r\n
        \   \"disableBgpRoutePropagation\": false,\r\n    \"routes\": [\r\n      {\r\n
        \       \"name\": \"myRoute\",\r\n        \"id\": \"/subscriptions/00000000-0000-0000-0000-000000000000/resourceGroups/rgname/providers/Microsoft.Network/routeTables/myRouteTable/routes/myRoute\",\r\n
        \       \"etag\": \"W/\\\"79043889-8ca2-427a-8cd1-861e94f4e5eb\\\"\",\r\n
        \       \"properties\": {\r\n          \"provisioningState\": \"Succeeded\",\r\n
        \         \"addressPrefix\": \"10.0.3.0/24\",\r\n          \"nextHopType\":
        \"VirtualNetworkGateway\",\r\n          \"hasBgpOverride\": false\r\n        },\r\n
        \       \"type\": \"Microsoft.Network/routeTables/routes\"\r\n      }\r\n
        \   ]\r\n  }\r\n}"
    headers:
      cache-control:
      - no-cache
      content-length:
      - '1160'
      content-type:
      - application/json; charset=utf-8
      date:
      - Tue, 02 Mar 2021 10:45:38 GMT
      etag:
      - W/"79043889-8ca2-427a-8cd1-861e94f4e5eb"
      expires:
      - '-1'
      pragma:
      - no-cache
      server:
      - Microsoft-HTTPAPI/2.0
      - Microsoft-HTTPAPI/2.0
      strict-transport-security:
      - max-age=31536000; includeSubDomains
      transfer-encoding:
      - chunked
      vary:
      - Accept-Encoding
      x-content-type-options:
      - nosniff
      x-ms-arm-service-request-id:
      - 27a5b659-8a64-4001-bd0a-5a650c7aa5c4
    status:
      code: 200
      message: OK
- request:
    body: '{"tags": {"tag1": "value1", "tag2": "value2"}}'
    headers:
      Accept:
      - application/json
      Accept-Encoding:
      - gzip, deflate
      Connection:
      - keep-alive
      Content-Length:
      - '46'
      Content-Type:
      - application/json
      User-Agent:
      - azsdk-python-azure-mgmt-network/17.2.0 Python/3.8.7 (Linux-5.4.0-1039-azure-x86_64-with-glibc2.2.5)
        VSTS_0fb41ef4-5012-48a9-bf39-4ee3de03ee35_build_2384_0
    method: PATCH
    uri: https://management.azure.com/subscriptions/00000000-0000-0000-0000-000000000000/resourceGroups/rgname/providers/Microsoft.Network/routeTables/myRouteTable?api-version=2020-08-01
  response:
    body:
      string: "{\r\n  \"name\": \"myRouteTable\",\r\n  \"id\": \"/subscriptions/00000000-0000-0000-0000-000000000000/resourceGroups/rgname/providers/Microsoft.Network/routeTables/myRouteTable\",\r\n
        \ \"etag\": \"W/\\\"eb2cc763-7b2a-43ae-8b57-9be3e6040ed2\\\"\",\r\n  \"type\":
        \"Microsoft.Network/routeTables\",\r\n  \"location\": \"westus\",\r\n  \"tags\":
        {\r\n    \"tag1\": \"value1\",\r\n    \"tag2\": \"value2\"\r\n  },\r\n  \"properties\":
        {\r\n    \"provisioningState\": \"Succeeded\",\r\n    \"resourceGuid\": \"9209e8f8-0aa8-4acf-a166-34d007033df0\",\r\n
        \   \"disableBgpRoutePropagation\": false,\r\n    \"routes\": [\r\n      {\r\n
        \       \"name\": \"myRoute\",\r\n        \"id\": \"/subscriptions/00000000-0000-0000-0000-000000000000/resourceGroups/rgname/providers/Microsoft.Network/routeTables/myRouteTable/routes/myRoute\",\r\n
        \       \"etag\": \"W/\\\"eb2cc763-7b2a-43ae-8b57-9be3e6040ed2\\\"\",\r\n
        \       \"properties\": {\r\n          \"provisioningState\": \"Succeeded\",\r\n
        \         \"addressPrefix\": \"10.0.3.0/24\",\r\n          \"nextHopType\":
        \"VirtualNetworkGateway\",\r\n          \"hasBgpOverride\": false\r\n        },\r\n
        \       \"type\": \"Microsoft.Network/routeTables/routes\"\r\n      }\r\n
        \   ]\r\n  }\r\n}"
    headers:
      azure-asyncnotification:
      - Enabled
      cache-control:
      - no-cache
      content-length:
      - '1224'
      content-type:
      - application/json; charset=utf-8
      date:
      - Tue, 02 Mar 2021 10:45:38 GMT
      expires:
      - '-1'
      pragma:
      - no-cache
      server:
      - Microsoft-HTTPAPI/2.0
      - Microsoft-HTTPAPI/2.0
      strict-transport-security:
      - max-age=31536000; includeSubDomains
      transfer-encoding:
      - chunked
      vary:
      - Accept-Encoding
      x-content-type-options:
      - nosniff
      x-ms-arm-service-request-id:
      - 43b537d5-a4fe-4ac2-abff-1464a78a22c0
      x-ms-ratelimit-remaining-subscription-writes:
      - '1191'
    status:
      code: 200
      message: OK
- request:
    body: null
    headers:
      Accept:
      - application/json
      Accept-Encoding:
      - gzip, deflate
      Connection:
      - keep-alive
      Content-Length:
      - '0'
      User-Agent:
      - azsdk-python-azure-mgmt-network/17.2.0 Python/3.8.7 (Linux-5.4.0-1039-azure-x86_64-with-glibc2.2.5)
        VSTS_0fb41ef4-5012-48a9-bf39-4ee3de03ee35_build_2384_0
    method: DELETE
    uri: https://management.azure.com/subscriptions/00000000-0000-0000-0000-000000000000/resourceGroups/rgname/providers/Microsoft.Network/routeTables/myRouteTable/routes/myRoute?api-version=2020-08-01
  response:
    body:
      string: ''
    headers:
      azure-asyncoperation:
      - https://management.azure.com/subscriptions/00000000-0000-0000-0000-000000000000/providers/Microsoft.Network/locations/westus/operations/2bf794f6-2f21-42ff-8e34-17cc46856607?api-version=2020-08-01
      cache-control:
      - no-cache
      content-length:
      - '0'
      date:
      - Tue, 02 Mar 2021 10:45:38 GMT
      expires:
      - '-1'
      location:
      - https://management.azure.com/subscriptions/00000000-0000-0000-0000-000000000000/providers/Microsoft.Network/locations/westus/operationResults/2bf794f6-2f21-42ff-8e34-17cc46856607?api-version=2020-08-01
      pragma:
      - no-cache
      server:
      - Microsoft-HTTPAPI/2.0
      - Microsoft-HTTPAPI/2.0
      strict-transport-security:
      - max-age=31536000; includeSubDomains
      x-content-type-options:
      - nosniff
      x-ms-arm-service-request-id:
      - 4dd972dd-7d0b-47d0-9280-2f9324d2eae4
      x-ms-ratelimit-remaining-subscription-deletes:
      - '14999'
    status:
      code: 202
      message: Accepted
- request:
    body: null
    headers:
      Accept:
      - '*/*'
      Accept-Encoding:
      - gzip, deflate
      Connection:
      - keep-alive
      User-Agent:
      - azsdk-python-azure-mgmt-network/17.2.0 Python/3.8.7 (Linux-5.4.0-1039-azure-x86_64-with-glibc2.2.5)
        VSTS_0fb41ef4-5012-48a9-bf39-4ee3de03ee35_build_2384_0
    method: GET
    uri: https://management.azure.com/subscriptions/00000000-0000-0000-0000-000000000000/providers/Microsoft.Network/locations/westus/operations/2bf794f6-2f21-42ff-8e34-17cc46856607?api-version=2020-08-01
  response:
    body:
      string: "{\r\n  \"status\": \"Succeeded\"\r\n}"
    headers:
      cache-control:
      - no-cache
      content-length:
      - '29'
      content-type:
      - application/json; charset=utf-8
      date:
      - Tue, 02 Mar 2021 10:45:48 GMT
      expires:
      - '-1'
      pragma:
      - no-cache
      server:
      - Microsoft-HTTPAPI/2.0
      - Microsoft-HTTPAPI/2.0
      strict-transport-security:
      - max-age=31536000; includeSubDomains
      transfer-encoding:
      - chunked
      vary:
      - Accept-Encoding
      x-content-type-options:
      - nosniff
      x-ms-arm-service-request-id:
      - b2628b5a-f73a-4d08-836d-25bc8dfbb4a4
    status:
      code: 200
      message: OK
- request:
    body: null
    headers:
      Accept:
      - application/json
      Accept-Encoding:
      - gzip, deflate
      Connection:
      - keep-alive
      Content-Length:
      - '0'
      User-Agent:
      - azsdk-python-azure-mgmt-network/17.2.0 Python/3.8.7 (Linux-5.4.0-1039-azure-x86_64-with-glibc2.2.5)
        VSTS_0fb41ef4-5012-48a9-bf39-4ee3de03ee35_build_2384_0
    method: DELETE
    uri: https://management.azure.com/subscriptions/00000000-0000-0000-0000-000000000000/resourceGroups/rgname/providers/Microsoft.Network/routeTables/myRouteTable?api-version=2020-08-01
  response:
    body:
      string: ''
    headers:
      azure-asyncnotification:
      - Enabled
      azure-asyncoperation:
      - https://management.azure.com/subscriptions/00000000-0000-0000-0000-000000000000/providers/Microsoft.Network/locations/westus/operations/a9281603-b78e-4caf-83ac-2e9c9ddc090f?api-version=2020-08-01
      cache-control:
      - no-cache
      content-length:
      - '0'
      date:
      - Tue, 02 Mar 2021 10:45:49 GMT
      expires:
      - '-1'
      location:
      - https://management.azure.com/subscriptions/00000000-0000-0000-0000-000000000000/providers/Microsoft.Network/locations/westus/operationResults/a9281603-b78e-4caf-83ac-2e9c9ddc090f?api-version=2020-08-01
      pragma:
      - no-cache
      server:
      - Microsoft-HTTPAPI/2.0
      - Microsoft-HTTPAPI/2.0
      strict-transport-security:
      - max-age=31536000; includeSubDomains
      x-content-type-options:
      - nosniff
      x-ms-arm-service-request-id:
      - 1e7a3361-0b16-4b01-a596-2f6486bf3afd
      x-ms-ratelimit-remaining-subscription-deletes:
      - '14998'
    status:
      code: 202
      message: Accepted
- request:
    body: null
    headers:
      Accept:
      - '*/*'
      Accept-Encoding:
      - gzip, deflate
      Connection:
      - keep-alive
      User-Agent:
      - azsdk-python-azure-mgmt-network/17.2.0 Python/3.8.7 (Linux-5.4.0-1039-azure-x86_64-with-glibc2.2.5)
        VSTS_0fb41ef4-5012-48a9-bf39-4ee3de03ee35_build_2384_0
    method: GET
    uri: https://management.azure.com/subscriptions/00000000-0000-0000-0000-000000000000/providers/Microsoft.Network/locations/westus/operations/a9281603-b78e-4caf-83ac-2e9c9ddc090f?api-version=2020-08-01
  response:
    body:
      string: "{\r\n  \"status\": \"Succeeded\"\r\n}"
    headers:
      cache-control:
      - no-cache
      content-length:
      - '29'
      content-type:
      - application/json; charset=utf-8
      date:
      - Tue, 02 Mar 2021 10:45:59 GMT
      expires:
      - '-1'
      pragma:
      - no-cache
      server:
      - Microsoft-HTTPAPI/2.0
      - Microsoft-HTTPAPI/2.0
      strict-transport-security:
      - max-age=31536000; includeSubDomains
      transfer-encoding:
      - chunked
      vary:
      - Accept-Encoding
      x-content-type-options:
      - nosniff
      x-ms-arm-service-request-id:
      - ee724573-7c2a-4d6b-9b31-370491a5176b
    status:
      code: 200
      message: OK
version: 1
