interactions:
- request:
    body: '{"location": "westus", "sku": {"name": "Standard"}, "properties": {"prefixLength":
      30}}'
    headers:
      Accept:
      - application/json
      Accept-Encoding:
      - gzip, deflate
      Connection:
      - keep-alive
      Content-Length:
      - '87'
      Content-Type:
      - application/json
      User-Agent:
      - azsdk-python-azure-mgmt-network/0.0.0 Python/3.6.9 (Linux-4.9.184-linuxkit-x86_64-with-Ubuntu-18.04-bionic)
    method: PUT
    uri: https://management.azure.com/subscriptions/00000000-0000-0000-0000-000000000000/resourceGroups/rgname/providers/Microsoft.Network/publicIPPrefixes/publicipprefixd3db1381?api-version=2020-08-01
  response:
    body:
      string: "{\r\n  \"name\": \"publicipprefixd3db1381\",\r\n  \"id\": \"/subscriptions/00000000-0000-0000-0000-000000000000/resourceGroups/rgname/providers/Microsoft.Network/publicIPPrefixes/publicipprefixd3db1381\"\
        ,\r\n  \"etag\": \"W/\\\"3cc8b2da-4f21-4998-a4a3-db67b6ca90f1\\\"\",\r\n \
        \ \"type\": \"Microsoft.Network/publicIPPrefixes\",\r\n  \"location\": \"\
        westus\",\r\n  \"properties\": {\r\n    \"provisioningState\": \"Updating\"\
        ,\r\n    \"resourceGuid\": \"2187d88b-48dc-41f8-81a6-37f3d094722d\",\r\n \
        \   \"prefixLength\": 30,\r\n    \"publicIPAddressVersion\": \"IPv4\",\r\n\
        \    \"ipTags\": []\r\n  },\r\n  \"sku\": {\r\n    \"name\": \"Standard\"\
        ,\r\n    \"tier\": \"Regional\"\r\n  }\r\n}"
    headers:
      azure-asyncnotification:
      - Enabled
      azure-asyncoperation:
      - https://management.azure.com/subscriptions/00000000-0000-0000-0000-000000000000/providers/Microsoft.Network/locations/westus/operations/66e76931-13da-4284-90c8-18d7cb503a6c?api-version=2020-08-01
      cache-control:
      - no-cache
      content-length:
      - '667'
      content-type:
      - application/json; charset=utf-8
      date:
      - Tue, 26 Jan 2021 08:48:44 GMT
      expires:
      - '-1'
      pragma:
      - no-cache
      server:
      - Microsoft-HTTPAPI/2.0
      - Microsoft-HTTPAPI/2.0
      strict-transport-security:
      - max-age=31536000; includeSubDomains
      x-content-type-options:
      - nosniff
      x-ms-arm-service-request-id:
      - 4d7fcc02-744c-4c87-9031-057a12497631
      x-ms-ratelimit-remaining-subscription-writes:
      - '1198'
    status:
      code: 201
      message: Created
- request:
    body: null
    headers:
      Accept:
      - '*/*'
      Accept-Encoding:
      - gzip, deflate
      Connection:
      - keep-alive
      User-Agent:
      - azsdk-python-azure-mgmt-network/0.0.0 Python/3.6.9 (Linux-4.9.184-linuxkit-x86_64-with-Ubuntu-18.04-bionic)
    method: GET
    uri: https://management.azure.com/subscriptions/00000000-0000-0000-0000-000000000000/providers/Microsoft.Network/locations/westus/operations/66e76931-13da-4284-90c8-18d7cb503a6c?api-version=2020-08-01
  response:
    body:
      string: "{\r\n  \"status\": \"Succeeded\"\r\n}"
    headers:
      cache-control:
      - no-cache
      content-length:
      - '29'
      content-type:
      - application/json; charset=utf-8
      date:
      - Tue, 26 Jan 2021 08:48:47 GMT
      expires:
      - '-1'
      pragma:
      - no-cache
      server:
      - Microsoft-HTTPAPI/2.0
      - Microsoft-HTTPAPI/2.0
      strict-transport-security:
      - max-age=31536000; includeSubDomains
      transfer-encoding:
      - chunked
      vary:
      - Accept-Encoding
      x-content-type-options:
      - nosniff
      x-ms-arm-service-request-id:
      - 9857753b-44c7-4aa7-90b3-ac4ba4b81aba
    status:
      code: 200
      message: OK
- request:
    body: null
    headers:
      Accept:
      - '*/*'
      Accept-Encoding:
      - gzip, deflate
      Connection:
      - keep-alive
      User-Agent:
      - azsdk-python-azure-mgmt-network/0.0.0 Python/3.6.9 (Linux-4.9.184-linuxkit-x86_64-with-Ubuntu-18.04-bionic)
    method: GET
    uri: https://management.azure.com/subscriptions/00000000-0000-0000-0000-000000000000/resourceGroups/rgname/providers/Microsoft.Network/publicIPPrefixes/publicipprefixd3db1381?api-version=2020-08-01
  response:
    body:
      string: "{\r\n  \"name\": \"publicipprefixd3db1381\",\r\n  \"id\": \"/subscriptions/00000000-0000-0000-0000-000000000000/resourceGroups/rgname/providers/Microsoft.Network/publicIPPrefixes/publicipprefixd3db1381\"\
        ,\r\n  \"etag\": \"W/\\\"9ead59c7-53b8-4aaa-a08f-a3ecccb9d898\\\"\",\r\n \
        \ \"type\": \"Microsoft.Network/publicIPPrefixes\",\r\n  \"location\": \"\
        westus\",\r\n  \"properties\": {\r\n    \"provisioningState\": \"Succeeded\"\
        ,\r\n    \"resourceGuid\": \"2187d88b-48dc-41f8-81a6-37f3d094722d\",\r\n \
        \   \"prefixLength\": 30,\r\n    \"publicIPAddressVersion\": \"IPv4\",\r\n\
        \    \"ipPrefix\": \"138.91.141.80/30\",\r\n    \"ipTags\": []\r\n  },\r\n\
        \  \"sku\": {\r\n    \"name\": \"Standard\",\r\n    \"tier\": \"Regional\"\
        \r\n  }\r\n}"
    headers:
      cache-control:
      - no-cache
      content-length:
      - '705'
      content-type:
      - application/json; charset=utf-8
      date:
      - Tue, 26 Jan 2021 08:48:47 GMT
      etag:
      - W/"9ead59c7-53b8-4aaa-a08f-a3ecccb9d898"
      expires:
      - '-1'
      pragma:
      - no-cache
      server:
      - Microsoft-HTTPAPI/2.0
      - Microsoft-HTTPAPI/2.0
      strict-transport-security:
      - max-age=31536000; includeSubDomains
      transfer-encoding:
      - chunked
      vary:
      - Accept-Encoding
      x-content-type-options:
      - nosniff
      x-ms-arm-service-request-id:
      - e8c7da6b-c936-412e-bcc1-0d98d2d6933d
    status:
      code: 200
      message: OK
- request:
    body: '{"location": "eastus"}'
    headers:
      Accept:
      - application/json
      Accept-Encoding:
      - gzip, deflate
      Connection:
      - keep-alive
      Content-Length:
      - '22'
      Content-Type:
      - application/json
      User-Agent:
      - azsdk-python-azure-mgmt-network/0.0.0 Python/3.6.9 (Linux-4.9.184-linuxkit-x86_64-with-Ubuntu-18.04-bionic)
    method: PUT
    uri: https://management.azure.com/subscriptions/00000000-0000-0000-0000-000000000000/resourceGroups/rgname/providers/Microsoft.Network/publicIPAddresses/publicipaddressd3db1381?api-version=2020-08-01
  response:
    body:
      string: "{\r\n  \"name\": \"publicipaddressd3db1381\",\r\n  \"id\": \"/subscriptions/00000000-0000-0000-0000-000000000000/resourceGroups/rgname/providers/Microsoft.Network/publicIPAddresses/publicipaddressd3db1381\"\
        ,\r\n  \"etag\": \"W/\\\"0197bc99-9cd4-45f1-b6f6-69668083be0a\\\"\",\r\n \
        \ \"location\": \"eastus\",\r\n  \"properties\": {\r\n    \"provisioningState\"\
        : \"Updating\",\r\n    \"resourceGuid\": \"3141f161-ec70-4089-8ae7-9de25d274f9d\"\
        ,\r\n    \"publicIPAddressVersion\": \"IPv4\",\r\n    \"publicIPAllocationMethod\"\
        : \"Dynamic\",\r\n    \"idleTimeoutInMinutes\": 4,\r\n    \"ipTags\": []\r\
        \n  },\r\n  \"type\": \"Microsoft.Network/publicIPAddresses\",\r\n  \"sku\"\
        : {\r\n    \"name\": \"Basic\",\r\n    \"tier\": \"Regional\"\r\n  }\r\n}"
    headers:
      azure-asyncnotification:
      - Enabled
      azure-asyncoperation:
      - https://management.azure.com/subscriptions/00000000-0000-0000-0000-000000000000/providers/Microsoft.Network/locations/eastus/operations/6a7f859a-d81f-4aa5-ac58-16b6e8d148e8?api-version=2020-08-01
      cache-control:
      - no-cache
      content-length:
      - '719'
      content-type:
      - application/json; charset=utf-8
      date:
      - Tue, 26 Jan 2021 08:48:51 GMT
      expires:
      - '-1'
      pragma:
      - no-cache
      server:
      - Microsoft-HTTPAPI/2.0
      - Microsoft-HTTPAPI/2.0
      strict-transport-security:
      - max-age=31536000; includeSubDomains
      x-content-type-options:
      - nosniff
      x-ms-arm-service-request-id:
      - 49f7e181-75bb-4f7b-9dba-6e34c0efe247
      x-ms-ratelimit-remaining-subscription-writes:
      - '1197'
    status:
      code: 201
      message: Created
- request:
    body: null
    headers:
      Accept:
      - '*/*'
      Accept-Encoding:
      - gzip, deflate
      Connection:
      - keep-alive
      User-Agent:
      - azsdk-python-azure-mgmt-network/0.0.0 Python/3.6.9 (Linux-4.9.184-linuxkit-x86_64-with-Ubuntu-18.04-bionic)
    method: GET
    uri: https://management.azure.com/subscriptions/00000000-0000-0000-0000-000000000000/providers/Microsoft.Network/locations/eastus/operations/6a7f859a-d81f-4aa5-ac58-16b6e8d148e8?api-version=2020-08-01
  response:
    body:
      string: "{\r\n  \"status\": \"Succeeded\"\r\n}"
    headers:
      cache-control:
      - no-cache
      content-length:
      - '29'
      content-type:
      - application/json; charset=utf-8
      date:
      - Tue, 26 Jan 2021 08:48:53 GMT
      expires:
      - '-1'
      pragma:
      - no-cache
      server:
      - Microsoft-HTTPAPI/2.0
      - Microsoft-HTTPAPI/2.0
      strict-transport-security:
      - max-age=31536000; includeSubDomains
      transfer-encoding:
      - chunked
      vary:
      - Accept-Encoding
      x-content-type-options:
      - nosniff
      x-ms-arm-service-request-id:
      - ac3a3fa3-697f-4aa5-87ae-81596b8a93a9
    status:
      code: 200
      message: OK
- request:
    body: null
    headers:
      Accept:
      - '*/*'
      Accept-Encoding:
      - gzip, deflate
      Connection:
      - keep-alive
      User-Agent:
      - azsdk-python-azure-mgmt-network/0.0.0 Python/3.6.9 (Linux-4.9.184-linuxkit-x86_64-with-Ubuntu-18.04-bionic)
    method: GET
    uri: https://management.azure.com/subscriptions/00000000-0000-0000-0000-000000000000/resourceGroups/rgname/providers/Microsoft.Network/publicIPAddresses/publicipaddressd3db1381?api-version=2020-08-01
  response:
    body:
      string: "{\r\n  \"name\": \"publicipaddressd3db1381\",\r\n  \"id\": \"/subscriptions/00000000-0000-0000-0000-000000000000/resourceGroups/rgname/providers/Microsoft.Network/publicIPAddresses/publicipaddressd3db1381\"\
        ,\r\n  \"etag\": \"W/\\\"e36cac88-6a66-4c5c-a525-4fe14cbef1bb\\\"\",\r\n \
        \ \"location\": \"eastus\",\r\n  \"properties\": {\r\n    \"provisioningState\"\
        : \"Succeeded\",\r\n    \"resourceGuid\": \"3141f161-ec70-4089-8ae7-9de25d274f9d\"\
        ,\r\n    \"publicIPAddressVersion\": \"IPv4\",\r\n    \"publicIPAllocationMethod\"\
        : \"Dynamic\",\r\n    \"idleTimeoutInMinutes\": 4,\r\n    \"ipTags\": []\r\
        \n  },\r\n  \"type\": \"Microsoft.Network/publicIPAddresses\",\r\n  \"sku\"\
        : {\r\n    \"name\": \"Basic\",\r\n    \"tier\": \"Regional\"\r\n  }\r\n}"
    headers:
      cache-control:
      - no-cache
      content-length:
      - '720'
      content-type:
      - application/json; charset=utf-8
      date:
      - Tue, 26 Jan 2021 08:48:53 GMT
      etag:
      - W/"e36cac88-6a66-4c5c-a525-4fe14cbef1bb"
      expires:
      - '-1'
      pragma:
      - no-cache
      server:
      - Microsoft-HTTPAPI/2.0
      - Microsoft-HTTPAPI/2.0
      strict-transport-security:
      - max-age=31536000; includeSubDomains
      transfer-encoding:
      - chunked
      vary:
      - Accept-Encoding
      x-content-type-options:
      - nosniff
      x-ms-arm-service-request-id:
      - e56c7d3d-5441-474a-aa22-86ccc974f771
    status:
      code: 200
      message: OK
- request:
    body: null
    headers:
      Accept:
      - application/json
      Accept-Encoding:
      - gzip, deflate
      Connection:
      - keep-alive
      User-Agent:
      - azsdk-python-azure-mgmt-network/0.0.0 Python/3.6.9 (Linux-4.9.184-linuxkit-x86_64-with-Ubuntu-18.04-bionic)
    method: GET
    uri: https://management.azure.com/subscriptions/00000000-0000-0000-0000-000000000000/resourceGroups/rgname/providers/Microsoft.Network/publicIPAddresses/publicipaddressd3db1381?api-version=2020-08-01
  response:
    body:
      string: "{\r\n  \"name\": \"publicipaddressd3db1381\",\r\n  \"id\": \"/subscriptions/00000000-0000-0000-0000-000000000000/resourceGroups/rgname/providers/Microsoft.Network/publicIPAddresses/publicipaddressd3db1381\"\
        ,\r\n  \"etag\": \"W/\\\"e36cac88-6a66-4c5c-a525-4fe14cbef1bb\\\"\",\r\n \
        \ \"location\": \"eastus\",\r\n  \"properties\": {\r\n    \"provisioningState\"\
        : \"Succeeded\",\r\n    \"resourceGuid\": \"3141f161-ec70-4089-8ae7-9de25d274f9d\"\
        ,\r\n    \"publicIPAddressVersion\": \"IPv4\",\r\n    \"publicIPAllocationMethod\"\
        : \"Dynamic\",\r\n    \"idleTimeoutInMinutes\": 4,\r\n    \"ipTags\": []\r\
        \n  },\r\n  \"type\": \"Microsoft.Network/publicIPAddresses\",\r\n  \"sku\"\
        : {\r\n    \"name\": \"Basic\",\r\n    \"tier\": \"Regional\"\r\n  }\r\n}"
    headers:
      cache-control:
      - no-cache
      content-length:
      - '720'
      content-type:
      - application/json; charset=utf-8
      date:
      - Tue, 26 Jan 2021 08:48:53 GMT
      etag:
      - W/"e36cac88-6a66-4c5c-a525-4fe14cbef1bb"
      expires:
      - '-1'
      pragma:
      - no-cache
      server:
      - Microsoft-HTTPAPI/2.0
      - Microsoft-HTTPAPI/2.0
      strict-transport-security:
      - max-age=31536000; includeSubDomains
      transfer-encoding:
      - chunked
      vary:
      - Accept-Encoding
      x-content-type-options:
      - nosniff
      x-ms-arm-service-request-id:
      - b1c5313b-f8e0-44e8-9ce9-30973943bb2f
    status:
      code: 200
      message: OK
- request:
    body: null
    headers:
      Accept:
      - application/json
      Accept-Encoding:
      - gzip, deflate
      Connection:
      - keep-alive
      User-Agent:
      - azsdk-python-azure-mgmt-network/0.0.0 Python/3.6.9 (Linux-4.9.184-linuxkit-x86_64-with-Ubuntu-18.04-bionic)
    method: GET
    uri: https://management.azure.com/subscriptions/00000000-0000-0000-0000-000000000000/resourceGroups/rgname/providers/Microsoft.Network/publicIPPrefixes/publicipprefixd3db1381?api-version=2020-08-01
  response:
    body:
      string: "{\r\n  \"name\": \"publicipprefixd3db1381\",\r\n  \"id\": \"/subscriptions/00000000-0000-0000-0000-000000000000/resourceGroups/rgname/providers/Microsoft.Network/publicIPPrefixes/publicipprefixd3db1381\"\
        ,\r\n  \"etag\": \"W/\\\"9ead59c7-53b8-4aaa-a08f-a3ecccb9d898\\\"\",\r\n \
        \ \"type\": \"Microsoft.Network/publicIPPrefixes\",\r\n  \"location\": \"\
        westus\",\r\n  \"properties\": {\r\n    \"provisioningState\": \"Succeeded\"\
        ,\r\n    \"resourceGuid\": \"2187d88b-48dc-41f8-81a6-37f3d094722d\",\r\n \
        \   \"prefixLength\": 30,\r\n    \"publicIPAddressVersion\": \"IPv4\",\r\n\
        \    \"ipPrefix\": \"138.91.141.80/30\",\r\n    \"ipTags\": []\r\n  },\r\n\
        \  \"sku\": {\r\n    \"name\": \"Standard\",\r\n    \"tier\": \"Regional\"\
        \r\n  }\r\n}"
    headers:
      cache-control:
      - no-cache
      content-length:
      - '705'
      content-type:
      - application/json; charset=utf-8
      date:
      - Tue, 26 Jan 2021 08:48:54 GMT
      etag:
      - W/"9ead59c7-53b8-4aaa-a08f-a3ecccb9d898"
      expires:
      - '-1'
      pragma:
      - no-cache
      server:
      - Microsoft-HTTPAPI/2.0
      - Microsoft-HTTPAPI/2.0
      strict-transport-security:
      - max-age=31536000; includeSubDomains
      transfer-encoding:
      - chunked
      vary:
      - Accept-Encoding
      x-content-type-options:
      - nosniff
      x-ms-arm-service-request-id:
      - 785b363e-f1b9-4157-a35e-34c64bc24d70
    status:
      code: 200
      message: OK
- request:
    body: '{"tags": {"tag1": "value1", "tag2": "value2"}}'
    headers:
      Accept:
      - application/json
      Accept-Encoding:
      - gzip, deflate
      Connection:
      - keep-alive
      Content-Length:
      - '46'
      Content-Type:
      - application/json
      User-Agent:
      - azsdk-python-azure-mgmt-network/0.0.0 Python/3.6.9 (Linux-4.9.184-linuxkit-x86_64-with-Ubuntu-18.04-bionic)
    method: PATCH
    uri: https://management.azure.com/subscriptions/00000000-0000-0000-0000-000000000000/resourceGroups/rgname/providers/Microsoft.Network/publicIPAddresses/publicipaddressd3db1381?api-version=2020-08-01
  response:
    body:
      string: "{\r\n  \"name\": \"publicipaddressd3db1381\",\r\n  \"id\": \"/subscriptions/00000000-0000-0000-0000-000000000000/resourceGroups/rgname/providers/Microsoft.Network/publicIPAddresses/publicipaddressd3db1381\"\
        ,\r\n  \"etag\": \"W/\\\"75be0b67-973b-4349-9740-551f9557fbb3\\\"\",\r\n \
        \ \"location\": \"eastus\",\r\n  \"tags\": {\r\n    \"tag1\": \"value1\",\r\
        \n    \"tag2\": \"value2\"\r\n  },\r\n  \"properties\": {\r\n    \"provisioningState\"\
        : \"Succeeded\",\r\n    \"resourceGuid\": \"3141f161-ec70-4089-8ae7-9de25d274f9d\"\
        ,\r\n    \"publicIPAddressVersion\": \"IPv4\",\r\n    \"publicIPAllocationMethod\"\
        : \"Dynamic\",\r\n    \"idleTimeoutInMinutes\": 4,\r\n    \"ipTags\": []\r\
        \n  },\r\n  \"type\": \"Microsoft.Network/publicIPAddresses\",\r\n  \"sku\"\
        : {\r\n    \"name\": \"Basic\",\r\n    \"tier\": \"Regional\"\r\n  }\r\n}"
    headers:
      azure-asyncnotification:
      - Enabled
      cache-control:
      - no-cache
      content-length:
      - '784'
      content-type:
      - application/json; charset=utf-8
      date:
      - Tue, 26 Jan 2021 08:48:56 GMT
      expires:
      - '-1'
      pragma:
      - no-cache
      server:
      - Microsoft-HTTPAPI/2.0
      - Microsoft-HTTPAPI/2.0
      strict-transport-security:
      - max-age=31536000; includeSubDomains
      transfer-encoding:
      - chunked
      vary:
      - Accept-Encoding
      x-content-type-options:
      - nosniff
      x-ms-arm-service-request-id:
      - 05b2fd1d-317a-455c-92a9-d01717402ed4
      x-ms-ratelimit-remaining-subscription-writes:
      - '1196'
    status:
      code: 200
      message: OK
- request:
    body: '{"tags": {"tag1": "value1", "tag2": "value2"}}'
    headers:
      Accept:
      - application/json
      Accept-Encoding:
      - gzip, deflate
      Connection:
      - keep-alive
      Content-Length:
      - '46'
      Content-Type:
      - application/json
      User-Agent:
      - azsdk-python-azure-mgmt-network/0.0.0 Python/3.6.9 (Linux-4.9.184-linuxkit-x86_64-with-Ubuntu-18.04-bionic)
    method: PATCH
    uri: https://management.azure.com/subscriptions/00000000-0000-0000-0000-000000000000/resourceGroups/rgname/providers/Microsoft.Network/publicIPPrefixes/publicipprefixd3db1381?api-version=2020-08-01
  response:
    body:
      string: "{\r\n  \"name\": \"publicipprefixd3db1381\",\r\n  \"id\": \"/subscriptions/00000000-0000-0000-0000-000000000000/resourceGroups/rgname/providers/Microsoft.Network/publicIPPrefixes/publicipprefixd3db1381\"\
        ,\r\n  \"etag\": \"W/\\\"48317e63-070f-4526-9124-9f6e18c4e7e9\\\"\",\r\n \
        \ \"type\": \"Microsoft.Network/publicIPPrefixes\",\r\n  \"location\": \"\
        westus\",\r\n  \"tags\": {\r\n    \"tag1\": \"value1\",\r\n    \"tag2\": \"\
        value2\"\r\n  },\r\n  \"properties\": {\r\n    \"provisioningState\": \"Succeeded\"\
        ,\r\n    \"resourceGuid\": \"2187d88b-48dc-41f8-81a6-37f3d094722d\",\r\n \
        \   \"prefixLength\": 30,\r\n    \"publicIPAddressVersion\": \"IPv4\",\r\n\
        \    \"ipPrefix\": \"138.91.141.80/30\",\r\n    \"ipTags\": []\r\n  },\r\n\
        \  \"sku\": {\r\n    \"name\": \"Standard\",\r\n    \"tier\": \"Regional\"\
        \r\n  }\r\n}"
    headers:
      azure-asyncnotification:
      - Enabled
      cache-control:
      - no-cache
      content-length:
      - '769'
      content-type:
      - application/json; charset=utf-8
      date:
      - Tue, 26 Jan 2021 08:48:58 GMT
      expires:
      - '-1'
      pragma:
      - no-cache
      server:
      - Microsoft-HTTPAPI/2.0
      - Microsoft-HTTPAPI/2.0
      strict-transport-security:
      - max-age=31536000; includeSubDomains
      transfer-encoding:
      - chunked
      vary:
      - Accept-Encoding
      x-content-type-options:
      - nosniff
      x-ms-arm-service-request-id:
      - 4a004d2d-5969-45ba-926c-5306bcbf5f70
      x-ms-ratelimit-remaining-subscription-writes:
      - '1195'
    status:
      code: 200
      message: OK
- request:
    body: null
    headers:
      Accept:
      - application/json
      Accept-Encoding:
      - gzip, deflate
      Connection:
      - keep-alive
      Content-Length:
      - '0'
      User-Agent:
      - azsdk-python-azure-mgmt-network/0.0.0 Python/3.6.9 (Linux-4.9.184-linuxkit-x86_64-with-Ubuntu-18.04-bionic)
    method: DELETE
    uri: https://management.azure.com/subscriptions/00000000-0000-0000-0000-000000000000/resourceGroups/rgname/providers/Microsoft.Network/publicIPAddresses/publicipaddressd3db1381?api-version=2020-08-01
  response:
    body:
      string: ''
    headers:
      azure-asyncnotification:
      - Enabled
      azure-asyncoperation:
      - https://management.azure.com/subscriptions/00000000-0000-0000-0000-000000000000/providers/Microsoft.Network/locations/eastus/operations/6d5d9414-dbdf-4b63-bbf8-c4d46cce3829?api-version=2020-08-01
      cache-control:
      - no-cache
      content-length:
      - '0'
      date:
      - Tue, 26 Jan 2021 08:48:59 GMT
      expires:
      - '-1'
      location:
      - https://management.azure.com/subscriptions/00000000-0000-0000-0000-000000000000/providers/Microsoft.Network/locations/eastus/operationResults/6d5d9414-dbdf-4b63-bbf8-c4d46cce3829?api-version=2020-08-01
      pragma:
      - no-cache
      server:
      - Microsoft-HTTPAPI/2.0
      - Microsoft-HTTPAPI/2.0
      strict-transport-security:
      - max-age=31536000; includeSubDomains
      x-content-type-options:
      - nosniff
      x-ms-arm-service-request-id:
      - 31cbb64d-6d41-4338-b6b5-81d3f4f3039d
      x-ms-ratelimit-remaining-subscription-deletes:
      - '14999'
    status:
      code: 202
      message: Accepted
- request:
    body: null
    headers:
      Accept:
      - '*/*'
      Accept-Encoding:
      - gzip, deflate
      Connection:
      - keep-alive
      User-Agent:
      - azsdk-python-azure-mgmt-network/0.0.0 Python/3.6.9 (Linux-4.9.184-linuxkit-x86_64-with-Ubuntu-18.04-bionic)
    method: GET
    uri: https://management.azure.com/subscriptions/00000000-0000-0000-0000-000000000000/providers/Microsoft.Network/locations/eastus/operations/6d5d9414-dbdf-4b63-bbf8-c4d46cce3829?api-version=2020-08-01
  response:
    body:
      string: "{\r\n  \"status\": \"Succeeded\"\r\n}"
    headers:
      cache-control:
      - no-cache
      content-length:
      - '29'
      content-type:
      - application/json; charset=utf-8
      date:
      - Tue, 26 Jan 2021 08:49:10 GMT
      expires:
      - '-1'
      pragma:
      - no-cache
      server:
      - Microsoft-HTTPAPI/2.0
      - Microsoft-HTTPAPI/2.0
      strict-transport-security:
      - max-age=31536000; includeSubDomains
      transfer-encoding:
      - chunked
      vary:
      - Accept-Encoding
      x-content-type-options:
      - nosniff
      x-ms-arm-service-request-id:
      - f256f558-6435-4ab4-a880-02d77c515a61
    status:
      code: 200
      message: OK
- request:
    body: null
    headers:
      Accept:
      - application/json
      Accept-Encoding:
      - gzip, deflate
      Connection:
      - keep-alive
      Content-Length:
      - '0'
      User-Agent:
      - azsdk-python-azure-mgmt-network/0.0.0 Python/3.6.9 (Linux-4.9.184-linuxkit-x86_64-with-Ubuntu-18.04-bionic)
    method: DELETE
    uri: https://management.azure.com/subscriptions/00000000-0000-0000-0000-000000000000/resourceGroups/rgname/providers/Microsoft.Network/publicIPPrefixes/publicipprefixd3db1381?api-version=2020-08-01
  response:
    body:
      string: ''
    headers:
      azure-asyncnotification:
      - Enabled
      azure-asyncoperation:
      - https://management.azure.com/subscriptions/00000000-0000-0000-0000-000000000000/providers/Microsoft.Network/locations/westus/operations/ae68457f-02a2-4f82-a23e-0405fc40fe94?api-version=2020-08-01
      cache-control:
      - no-cache
      content-length:
      - '0'
      date:
      - Tue, 26 Jan 2021 08:49:10 GMT
      expires:
      - '-1'
      location:
      - https://management.azure.com/subscriptions/00000000-0000-0000-0000-000000000000/providers/Microsoft.Network/locations/westus/operationResults/ae68457f-02a2-4f82-a23e-0405fc40fe94?api-version=2020-08-01
      pragma:
      - no-cache
      server:
      - Microsoft-HTTPAPI/2.0
      - Microsoft-HTTPAPI/2.0
      strict-transport-security:
      - max-age=31536000; includeSubDomains
      x-content-type-options:
      - nosniff
      x-ms-arm-service-request-id:
      - 9f38f0d2-2548-4036-997b-6eb094936330
      x-ms-ratelimit-remaining-subscription-deletes:
      - '14998'
    status:
      code: 202
      message: Accepted
- request:
    body: null
    headers:
      Accept:
      - '*/*'
      Accept-Encoding:
      - gzip, deflate
      Connection:
      - keep-alive
      User-Agent:
      - azsdk-python-azure-mgmt-network/0.0.0 Python/3.6.9 (Linux-4.9.184-linuxkit-x86_64-with-Ubuntu-18.04-bionic)
    method: GET
    uri: https://management.azure.com/subscriptions/00000000-0000-0000-0000-000000000000/providers/Microsoft.Network/locations/westus/operations/ae68457f-02a2-4f82-a23e-0405fc40fe94?api-version=2020-08-01
  response:
    body:
      string: "{\r\n  \"status\": \"Succeeded\"\r\n}"
    headers:
      cache-control:
      - no-cache
      content-length:
      - '29'
      content-type:
      - application/json; charset=utf-8
      date:
      - Tue, 26 Jan 2021 08:49:21 GMT
      expires:
      - '-1'
      pragma:
      - no-cache
      server:
      - Microsoft-HTTPAPI/2.0
      - Microsoft-HTTPAPI/2.0
      strict-transport-security:
      - max-age=31536000; includeSubDomains
      transfer-encoding:
      - chunked
      vary:
      - Accept-Encoding
      x-content-type-options:
      - nosniff
      x-ms-arm-service-request-id:
      - e76db243-c871-4b94-9560-047b78347d58
    status:
      code: 200
      message: OK
version: 1
