interactions:
- request:
    body: '{"location": "eastus", "sku": {"name": "Standard"}, "properties": {"publicIPAllocationMethod":
      "Static", "publicIPAddressVersion": "IPv4", "idleTimeoutInMinutes": 10}}'
    headers:
      Accept:
      - application/json
      Accept-Encoding:
      - gzip, deflate
      Connection:
      - keep-alive
      Content-Length:
      - '167'
      Content-Type:
      - application/json
      User-Agent:
      - azsdk-python-azure-mgmt-network/19.1.0 Python/3.8.11 (Linux-5.8.0-1039-azure-x86_64-with-glibc2.2.5)
        VSTS_0fb41ef4-5012-48a9-bf39-4ee3de03ee35_build_2500_0
    method: PUT
    uri: https://management.azure.com/subscriptions/00000000-0000-0000-0000-000000000000/resourceGroups/rgname/providers/Microsoft.Network/publicIPAddresses/public_ip_address_name?api-version=2021-03-01
  response:
    body:
      string: "{\r\n  \"name\": \"public_ip_address_name\",\r\n  \"id\": \"/subscriptions/00000000-0000-0000-0000-000000000000/resourceGroups/rgname/providers/Microsoft.Network/publicIPAddresses/public_ip_address_name\",\r\n
        \ \"etag\": \"W/\\\"94650567-920f-48ce-a996-49f2e188b302\\\"\",\r\n  \"location\":
        \"eastus\",\r\n  \"properties\": {\r\n    \"provisioningState\": \"Updating\",\r\n
        \   \"resourceGuid\": \"8b8f0f47-9e3e-458b-8800-1b28a971b13f\",\r\n    \"publicIPAddressVersion\":
        \"IPv4\",\r\n    \"publicIPAllocationMethod\": \"Static\",\r\n    \"idleTimeoutInMinutes\":
        10,\r\n    \"ipTags\": []\r\n  },\r\n  \"type\": \"Microsoft.Network/publicIPAddresses\",\r\n
        \ \"sku\": {\r\n    \"name\": \"Standard\",\r\n    \"tier\": \"Regional\"\r\n
        \ }\r\n}"
    headers:
      azure-asyncnotification:
      - Enabled
      azure-asyncoperation:
      - https://management.azure.com/subscriptions/00000000-0000-0000-0000-000000000000/providers/Microsoft.Network/locations/eastus/operations/db399a7e-f4d1-41b7-a2c7-d524f7fb5327?api-version=2021-03-01
      cache-control:
      - no-cache
      content-length:
      - '725'
      content-type:
      - application/json; charset=utf-8
      date:
      - Tue, 31 Aug 2021 02:46:22 GMT
      expires:
      - '-1'
      pragma:
      - no-cache
      server:
      - Microsoft-HTTPAPI/2.0
      - Microsoft-HTTPAPI/2.0
      strict-transport-security:
      - max-age=31536000; includeSubDomains
      x-content-type-options:
      - nosniff
      x-ms-arm-service-request-id:
      - 1b744486-1525-4ea7-9b1b-9874e5e36dd3
      x-ms-ratelimit-remaining-subscription-writes:
      - '1196'
    status:
      code: 201
      message: Created
- request:
    body: null
    headers:
      Accept:
      - '*/*'
      Accept-Encoding:
      - gzip, deflate
      Connection:
      - keep-alive
      User-Agent:
      - azsdk-python-azure-mgmt-network/19.1.0 Python/3.8.11 (Linux-5.8.0-1039-azure-x86_64-with-glibc2.2.5)
        VSTS_0fb41ef4-5012-48a9-bf39-4ee3de03ee35_build_2500_0
    method: GET
    uri: https://management.azure.com/subscriptions/00000000-0000-0000-0000-000000000000/providers/Microsoft.Network/locations/eastus/operations/db399a7e-f4d1-41b7-a2c7-d524f7fb5327?api-version=2021-03-01
  response:
    body:
      string: "{\r\n  \"status\": \"Succeeded\"\r\n}"
    headers:
      cache-control:
      - no-cache
      content-length:
      - '29'
      content-type:
      - application/json; charset=utf-8
      date:
      - Tue, 31 Aug 2021 02:46:23 GMT
      expires:
      - '-1'
      pragma:
      - no-cache
      server:
      - Microsoft-HTTPAPI/2.0
      - Microsoft-HTTPAPI/2.0
      strict-transport-security:
      - max-age=31536000; includeSubDomains
      transfer-encoding:
      - chunked
      vary:
      - Accept-Encoding
      x-content-type-options:
      - nosniff
      x-ms-arm-service-request-id:
      - a21e580b-aac3-41dc-8d59-ae5c9a337423
    status:
      code: 200
      message: OK
- request:
    body: null
    headers:
      Accept:
      - '*/*'
      Accept-Encoding:
      - gzip, deflate
      Connection:
      - keep-alive
      User-Agent:
      - azsdk-python-azure-mgmt-network/19.1.0 Python/3.8.11 (Linux-5.8.0-1039-azure-x86_64-with-glibc2.2.5)
        VSTS_0fb41ef4-5012-48a9-bf39-4ee3de03ee35_build_2500_0
    method: GET
    uri: https://management.azure.com/subscriptions/00000000-0000-0000-0000-000000000000/resourceGroups/rgname/providers/Microsoft.Network/publicIPAddresses/public_ip_address_name?api-version=2021-03-01
  response:
    body:
      string: "{\r\n  \"name\": \"public_ip_address_name\",\r\n  \"id\": \"/subscriptions/00000000-0000-0000-0000-000000000000/resourceGroups/rgname/providers/Microsoft.Network/publicIPAddresses/public_ip_address_name\",\r\n
        \ \"etag\": \"W/\\\"0779d981-5856-44d3-9399-38105738c46c\\\"\",\r\n  \"location\":
        \"eastus\",\r\n  \"properties\": {\r\n    \"provisioningState\": \"Succeeded\",\r\n
        \   \"resourceGuid\": \"8b8f0f47-9e3e-458b-8800-1b28a971b13f\",\r\n    \"ipAddress\":
        \"13.68.231.56\",\r\n    \"publicIPAddressVersion\": \"IPv4\",\r\n    \"publicIPAllocationMethod\":
        \"Static\",\r\n    \"idleTimeoutInMinutes\": 10,\r\n    \"ipTags\": []\r\n
        \ },\r\n  \"type\": \"Microsoft.Network/publicIPAddresses\",\r\n  \"sku\":
        {\r\n    \"name\": \"Standard\",\r\n    \"tier\": \"Regional\"\r\n  }\r\n}"
    headers:
      cache-control:
      - no-cache
      content-length:
      - '760'
      content-type:
      - application/json; charset=utf-8
      date:
      - Tue, 31 Aug 2021 02:46:23 GMT
      etag:
      - W/"0779d981-5856-44d3-9399-38105738c46c"
      expires:
      - '-1'
      pragma:
      - no-cache
      server:
      - Microsoft-HTTPAPI/2.0
      - Microsoft-HTTPAPI/2.0
      strict-transport-security:
      - max-age=31536000; includeSubDomains
      transfer-encoding:
      - chunked
      vary:
      - Accept-Encoding
      x-content-type-options:
      - nosniff
      x-ms-arm-service-request-id:
      - ed95cd3d-ef45-45c7-a4f1-65cf5aa5131c
    status:
      code: 200
      message: OK
- request:
    body: '{"location": "eastus", "sku": {"name": "Standard"}, "properties": {"frontendIPConfigurations":
      [{"name": "myFrontendIpconfiguration", "properties": {"publicIPAddress": {"id":
      "/subscriptions/00000000-0000-0000-0000-000000000000/resourceGroups/rgname/providers/Microsoft.Network/publicIPAddresses/public_ip_address_name"}}}],
      "backendAddressPools": [{"name": "myBackendAddressPool"}], "loadBalancingRules":
      [{"name": "myLoadBalancingRule", "properties": {"frontendIPConfiguration": {"id":
      "/subscriptions/00000000-0000-0000-0000-000000000000/resourceGroups/rgname/providers/Microsoft.Network/loadBalancers/myLoadBalancer/frontendIPConfigurations/myFrontendIpconfiguration"},
      "backendAddressPool": {"id": "/subscriptions/00000000-0000-0000-0000-000000000000/resourceGroups/rgname/providers/Microsoft.Network/loadBalancers/myLoadBalancer/backendAddressPools/myBackendAddressPool"},
      "probe": {"id": "/subscriptions/00000000-0000-0000-0000-000000000000/resourceGroups/rgname/providers/Microsoft.Network/loadBalancers/myLoadBalancer/probes/myProbe"},
      "protocol": "Tcp", "loadDistribution": "Default", "frontendPort": 80, "backendPort":
      80, "idleTimeoutInMinutes": 15, "enableFloatingIP": true, "disableOutboundSnat":
      true}}], "probes": [{"name": "myProbe", "properties": {"protocol": "Http", "port":
      80, "intervalInSeconds": 15, "numberOfProbes": 2, "requestPath": "healthcheck.aspx"}}],
      "outboundRules": [{"name": "myOutboundRule", "properties": {"frontendIPConfigurations":
      [{"id": "/subscriptions/00000000-0000-0000-0000-000000000000/resourceGroups/rgname/providers/Microsoft.Network/loadBalancers/myLoadBalancer/frontendIPConfigurations/myFrontendIpconfiguration"}],
      "backendAddressPool": {"id": "/subscriptions/00000000-0000-0000-0000-000000000000/resourceGroups/rgname/providers/Microsoft.Network/loadBalancers/myLoadBalancer/backendAddressPools/myBackendAddressPool"},
      "protocol": "All"}}]}}'
    headers:
      Accept:
      - application/json
      Accept-Encoding:
      - gzip, deflate
      Connection:
      - keep-alive
      Content-Length:
      - '2336'
      Content-Type:
      - application/json
      User-Agent:
      - azsdk-python-azure-mgmt-network/19.1.0 Python/3.8.11 (Linux-5.8.0-1039-azure-x86_64-with-glibc2.2.5)
        VSTS_0fb41ef4-5012-48a9-bf39-4ee3de03ee35_build_2500_0
    method: PUT
    uri: https://management.azure.com/subscriptions/00000000-0000-0000-0000-000000000000/resourceGroups/rgname/providers/Microsoft.Network/loadBalancers/myLoadBalancer?api-version=2021-03-01
  response:
    body:
      string: "{\r\n  \"name\": \"myLoadBalancer\",\r\n  \"id\": \"/subscriptions/00000000-0000-0000-0000-000000000000/resourceGroups/rgname/providers/Microsoft.Network/loadBalancers/myLoadBalancer\",\r\n
        \ \"etag\": \"W/\\\"1f86ff56-6f7c-443a-aa37-38f1c981455c\\\"\",\r\n  \"type\":
        \"Microsoft.Network/loadBalancers\",\r\n  \"location\": \"eastus\",\r\n  \"properties\":
        {\r\n    \"provisioningState\": \"Succeeded\",\r\n    \"resourceGuid\": \"e932cfb7-f824-403d-862d-42628799bb75\",\r\n
        \   \"frontendIPConfigurations\": [\r\n      {\r\n        \"name\": \"myFrontendIpconfiguration\",\r\n
        \       \"id\": \"/subscriptions/00000000-0000-0000-0000-000000000000/resourceGroups/rgname/providers/Microsoft.Network/loadBalancers/myLoadBalancer/frontendIPConfigurations/myFrontendIpconfiguration\",\r\n
        \       \"etag\": \"W/\\\"1f86ff56-6f7c-443a-aa37-38f1c981455c\\\"\",\r\n
        \       \"type\": \"Microsoft.Network/loadBalancers/frontendIPConfigurations\",\r\n
        \       \"properties\": {\r\n          \"provisioningState\": \"Succeeded\",\r\n
        \         \"privateIPAllocationMethod\": \"Dynamic\",\r\n          \"publicIPAddress\":
        {\r\n            \"id\": \"/subscriptions/00000000-0000-0000-0000-000000000000/resourceGroups/rgname/providers/Microsoft.Network/publicIPAddresses/public_ip_address_name\"\r\n
        \         },\r\n          \"loadBalancingRules\": [\r\n            {\r\n              \"id\":
        \"/subscriptions/00000000-0000-0000-0000-000000000000/resourceGroups/rgname/providers/Microsoft.Network/loadBalancers/myLoadBalancer/loadBalancingRules/myLoadBalancingRule\"\r\n
        \           }\r\n          ],\r\n          \"outboundRules\": [\r\n            {\r\n
        \             \"id\": \"/subscriptions/00000000-0000-0000-0000-000000000000/resourceGroups/rgname/providers/Microsoft.Network/loadBalancers/myLoadBalancer/outboundRules/myOutboundRule\"\r\n
        \           }\r\n          ]\r\n        }\r\n      }\r\n    ],\r\n    \"backendAddressPools\":
        [\r\n      {\r\n        \"name\": \"myBackendAddressPool\",\r\n        \"id\":
        \"/subscriptions/00000000-0000-0000-0000-000000000000/resourceGroups/rgname/providers/Microsoft.Network/loadBalancers/myLoadBalancer/backendAddressPools/myBackendAddressPool\",\r\n
        \       \"etag\": \"W/\\\"1f86ff56-6f7c-443a-aa37-38f1c981455c\\\"\",\r\n
        \       \"properties\": {\r\n          \"provisioningState\": \"Succeeded\",\r\n
        \         \"loadBalancerBackendAddresses\": [],\r\n          \"outboundRules\":
        [\r\n            {\r\n              \"id\": \"/subscriptions/00000000-0000-0000-0000-000000000000/resourceGroups/rgname/providers/Microsoft.Network/loadBalancers/myLoadBalancer/outboundRules/myOutboundRule\"\r\n
        \           }\r\n          ],\r\n          \"loadBalancingRules\": [\r\n            {\r\n
        \             \"id\": \"/subscriptions/00000000-0000-0000-0000-000000000000/resourceGroups/rgname/providers/Microsoft.Network/loadBalancers/myLoadBalancer/loadBalancingRules/myLoadBalancingRule\"\r\n
        \           }\r\n          ]\r\n        },\r\n        \"type\": \"Microsoft.Network/loadBalancers/backendAddressPools\"\r\n
        \     }\r\n    ],\r\n    \"loadBalancingRules\": [\r\n      {\r\n        \"name\":
        \"myLoadBalancingRule\",\r\n        \"id\": \"/subscriptions/00000000-0000-0000-0000-000000000000/resourceGroups/rgname/providers/Microsoft.Network/loadBalancers/myLoadBalancer/loadBalancingRules/myLoadBalancingRule\",\r\n
        \       \"etag\": \"W/\\\"1f86ff56-6f7c-443a-aa37-38f1c981455c\\\"\",\r\n
        \       \"type\": \"Microsoft.Network/loadBalancers/loadBalancingRules\",\r\n
        \       \"properties\": {\r\n          \"provisioningState\": \"Succeeded\",\r\n
        \         \"frontendIPConfiguration\": {\r\n            \"id\": \"/subscriptions/00000000-0000-0000-0000-000000000000/resourceGroups/rgname/providers/Microsoft.Network/loadBalancers/myLoadBalancer/frontendIPConfigurations/myFrontendIpconfiguration\"\r\n
        \         },\r\n          \"frontendPort\": 80,\r\n          \"backendPort\":
        80,\r\n          \"enableFloatingIP\": true,\r\n          \"idleTimeoutInMinutes\":
        15,\r\n          \"protocol\": \"Tcp\",\r\n          \"enableDestinationServiceEndpoint\":
        false,\r\n          \"enableTcpReset\": false,\r\n          \"allowBackendPortConflict\":
        false,\r\n          \"loadDistribution\": \"Default\",\r\n          \"disableOutboundSnat\":
        true,\r\n          \"backendAddressPool\": {\r\n            \"id\": \"/subscriptions/00000000-0000-0000-0000-000000000000/resourceGroups/rgname/providers/Microsoft.Network/loadBalancers/myLoadBalancer/backendAddressPools/myBackendAddressPool\"\r\n
        \         },\r\n          \"backendAddressPools\": [\r\n            {\r\n
        \             \"id\": \"/subscriptions/00000000-0000-0000-0000-000000000000/resourceGroups/rgname/providers/Microsoft.Network/loadBalancers/myLoadBalancer/backendAddressPools/myBackendAddressPool\"\r\n
        \           }\r\n          ],\r\n          \"probe\": {\r\n            \"id\":
        \"/subscriptions/00000000-0000-0000-0000-000000000000/resourceGroups/rgname/providers/Microsoft.Network/loadBalancers/myLoadBalancer/probes/myProbe\"\r\n
        \         }\r\n        }\r\n      }\r\n    ],\r\n    \"probes\": [\r\n      {\r\n
        \       \"name\": \"myProbe\",\r\n        \"id\": \"/subscriptions/00000000-0000-0000-0000-000000000000/resourceGroups/rgname/providers/Microsoft.Network/loadBalancers/myLoadBalancer/probes/myProbe\",\r\n
        \       \"etag\": \"W/\\\"1f86ff56-6f7c-443a-aa37-38f1c981455c\\\"\",\r\n
        \       \"properties\": {\r\n          \"provisioningState\": \"Succeeded\",\r\n
        \         \"protocol\": \"Http\",\r\n          \"port\": 80,\r\n          \"requestPath\":
        \"healthcheck.aspx\",\r\n          \"intervalInSeconds\": 15,\r\n          \"numberOfProbes\":
        2,\r\n          \"loadBalancingRules\": [\r\n            {\r\n              \"id\":
        \"/subscriptions/00000000-0000-0000-0000-000000000000/resourceGroups/rgname/providers/Microsoft.Network/loadBalancers/myLoadBalancer/loadBalancingRules/myLoadBalancingRule\"\r\n
        \           }\r\n          ]\r\n        },\r\n        \"type\": \"Microsoft.Network/loadBalancers/probes\"\r\n
        \     }\r\n    ],\r\n    \"inboundNatRules\": [],\r\n    \"outboundRules\":
        [\r\n      {\r\n        \"name\": \"myOutboundRule\",\r\n        \"id\": \"/subscriptions/00000000-0000-0000-0000-000000000000/resourceGroups/rgname/providers/Microsoft.Network/loadBalancers/myLoadBalancer/outboundRules/myOutboundRule\",\r\n
        \       \"etag\": \"W/\\\"1f86ff56-6f7c-443a-aa37-38f1c981455c\\\"\",\r\n
        \       \"type\": \"Microsoft.Network/loadBalancers/outboundRules\",\r\n        \"properties\":
        {\r\n          \"provisioningState\": \"Succeeded\",\r\n          \"allocatedOutboundPorts\":
        1024,\r\n          \"protocol\": \"All\",\r\n          \"enableTcpReset\":
        false,\r\n          \"idleTimeoutInMinutes\": 4,\r\n          \"backendAddressPool\":
        {\r\n            \"id\": \"/subscriptions/00000000-0000-0000-0000-000000000000/resourceGroups/rgname/providers/Microsoft.Network/loadBalancers/myLoadBalancer/backendAddressPools/myBackendAddressPool\"\r\n
        \         },\r\n          \"frontendIPConfigurations\": [\r\n            {\r\n
        \             \"id\": \"/subscriptions/00000000-0000-0000-0000-000000000000/resourceGroups/rgname/providers/Microsoft.Network/loadBalancers/myLoadBalancer/frontendIPConfigurations/myFrontendIpconfiguration\"\r\n
        \           }\r\n          ]\r\n        }\r\n      }\r\n    ],\r\n    \"inboundNatPools\":
        []\r\n  },\r\n  \"sku\": {\r\n    \"name\": \"Standard\",\r\n    \"tier\":
        \"Regional\"\r\n  }\r\n}"
    headers:
      azure-asyncnotification:
      - Enabled
      azure-asyncoperation:
      - https://management.azure.com/subscriptions/00000000-0000-0000-0000-000000000000/providers/Microsoft.Network/locations/eastus/operations/a51df36d-b823-40c0-a54d-5ced1aaa9c22?api-version=2021-03-01
      cache-control:
      - no-cache
      content-length:
      - '8164'
      content-type:
      - application/json; charset=utf-8
      date:
      - Tue, 31 Aug 2021 02:46:23 GMT
      expires:
      - '-1'
      pragma:
      - no-cache
      server:
      - Microsoft-HTTPAPI/2.0
      - Microsoft-HTTPAPI/2.0
      strict-transport-security:
      - max-age=31536000; includeSubDomains
      x-content-type-options:
      - nosniff
      x-ms-arm-service-request-id:
      - 2f52da64-8401-4878-ac58-a0ea1efb6521
      x-ms-ratelimit-remaining-subscription-writes:
      - '1195'
    status:
      code: 201
      message: Created
- request:
    body: null
    headers:
      Accept:
      - '*/*'
      Accept-Encoding:
      - gzip, deflate
      Connection:
      - keep-alive
      User-Agent:
      - azsdk-python-azure-mgmt-network/19.1.0 Python/3.8.11 (Linux-5.8.0-1039-azure-x86_64-with-glibc2.2.5)
        VSTS_0fb41ef4-5012-48a9-bf39-4ee3de03ee35_build_2500_0
    method: GET
    uri: https://management.azure.com/subscriptions/00000000-0000-0000-0000-000000000000/providers/Microsoft.Network/locations/eastus/operations/a51df36d-b823-40c0-a54d-5ced1aaa9c22?api-version=2021-03-01
  response:
    body:
      string: "{\r\n  \"status\": \"Succeeded\"\r\n}"
    headers:
      cache-control:
      - no-cache
      content-length:
      - '29'
      content-type:
      - application/json; charset=utf-8
      date:
      - Tue, 31 Aug 2021 02:46:53 GMT
      expires:
      - '-1'
      pragma:
      - no-cache
      server:
      - Microsoft-HTTPAPI/2.0
      - Microsoft-HTTPAPI/2.0
      strict-transport-security:
      - max-age=31536000; includeSubDomains
      transfer-encoding:
      - chunked
      vary:
      - Accept-Encoding
      x-content-type-options:
      - nosniff
      x-ms-arm-service-request-id:
      - 58f61ad6-3fbd-45fb-9450-9f7126dceaed
    status:
      code: 200
      message: OK
- request:
    body: null
    headers:
      Accept:
      - '*/*'
      Accept-Encoding:
      - gzip, deflate
      Connection:
      - keep-alive
      User-Agent:
      - azsdk-python-azure-mgmt-network/19.1.0 Python/3.8.11 (Linux-5.8.0-1039-azure-x86_64-with-glibc2.2.5)
        VSTS_0fb41ef4-5012-48a9-bf39-4ee3de03ee35_build_2500_0
    method: GET
    uri: https://management.azure.com/subscriptions/00000000-0000-0000-0000-000000000000/resourceGroups/rgname/providers/Microsoft.Network/loadBalancers/myLoadBalancer?api-version=2021-03-01
  response:
    body:
      string: "{\r\n  \"name\": \"myLoadBalancer\",\r\n  \"id\": \"/subscriptions/00000000-0000-0000-0000-000000000000/resourceGroups/rgname/providers/Microsoft.Network/loadBalancers/myLoadBalancer\",\r\n
        \ \"etag\": \"W/\\\"1f86ff56-6f7c-443a-aa37-38f1c981455c\\\"\",\r\n  \"type\":
        \"Microsoft.Network/loadBalancers\",\r\n  \"location\": \"eastus\",\r\n  \"properties\":
        {\r\n    \"provisioningState\": \"Succeeded\",\r\n    \"resourceGuid\": \"e932cfb7-f824-403d-862d-42628799bb75\",\r\n
        \   \"frontendIPConfigurations\": [\r\n      {\r\n        \"name\": \"myFrontendIpconfiguration\",\r\n
        \       \"id\": \"/subscriptions/00000000-0000-0000-0000-000000000000/resourceGroups/rgname/providers/Microsoft.Network/loadBalancers/myLoadBalancer/frontendIPConfigurations/myFrontendIpconfiguration\",\r\n
        \       \"etag\": \"W/\\\"1f86ff56-6f7c-443a-aa37-38f1c981455c\\\"\",\r\n
        \       \"type\": \"Microsoft.Network/loadBalancers/frontendIPConfigurations\",\r\n
        \       \"properties\": {\r\n          \"provisioningState\": \"Succeeded\",\r\n
        \         \"privateIPAllocationMethod\": \"Dynamic\",\r\n          \"publicIPAddress\":
        {\r\n            \"id\": \"/subscriptions/00000000-0000-0000-0000-000000000000/resourceGroups/rgname/providers/Microsoft.Network/publicIPAddresses/public_ip_address_name\"\r\n
        \         },\r\n          \"loadBalancingRules\": [\r\n            {\r\n              \"id\":
        \"/subscriptions/00000000-0000-0000-0000-000000000000/resourceGroups/rgname/providers/Microsoft.Network/loadBalancers/myLoadBalancer/loadBalancingRules/myLoadBalancingRule\"\r\n
        \           }\r\n          ],\r\n          \"outboundRules\": [\r\n            {\r\n
        \             \"id\": \"/subscriptions/00000000-0000-0000-0000-000000000000/resourceGroups/rgname/providers/Microsoft.Network/loadBalancers/myLoadBalancer/outboundRules/myOutboundRule\"\r\n
        \           }\r\n          ]\r\n        }\r\n      }\r\n    ],\r\n    \"backendAddressPools\":
        [\r\n      {\r\n        \"name\": \"myBackendAddressPool\",\r\n        \"id\":
        \"/subscriptions/00000000-0000-0000-0000-000000000000/resourceGroups/rgname/providers/Microsoft.Network/loadBalancers/myLoadBalancer/backendAddressPools/myBackendAddressPool\",\r\n
        \       \"etag\": \"W/\\\"1f86ff56-6f7c-443a-aa37-38f1c981455c\\\"\",\r\n
        \       \"properties\": {\r\n          \"provisioningState\": \"Succeeded\",\r\n
        \         \"loadBalancerBackendAddresses\": [],\r\n          \"outboundRules\":
        [\r\n            {\r\n              \"id\": \"/subscriptions/00000000-0000-0000-0000-000000000000/resourceGroups/rgname/providers/Microsoft.Network/loadBalancers/myLoadBalancer/outboundRules/myOutboundRule\"\r\n
        \           }\r\n          ],\r\n          \"loadBalancingRules\": [\r\n            {\r\n
        \             \"id\": \"/subscriptions/00000000-0000-0000-0000-000000000000/resourceGroups/rgname/providers/Microsoft.Network/loadBalancers/myLoadBalancer/loadBalancingRules/myLoadBalancingRule\"\r\n
        \           }\r\n          ]\r\n        },\r\n        \"type\": \"Microsoft.Network/loadBalancers/backendAddressPools\"\r\n
        \     }\r\n    ],\r\n    \"loadBalancingRules\": [\r\n      {\r\n        \"name\":
        \"myLoadBalancingRule\",\r\n        \"id\": \"/subscriptions/00000000-0000-0000-0000-000000000000/resourceGroups/rgname/providers/Microsoft.Network/loadBalancers/myLoadBalancer/loadBalancingRules/myLoadBalancingRule\",\r\n
        \       \"etag\": \"W/\\\"1f86ff56-6f7c-443a-aa37-38f1c981455c\\\"\",\r\n
        \       \"type\": \"Microsoft.Network/loadBalancers/loadBalancingRules\",\r\n
        \       \"properties\": {\r\n          \"provisioningState\": \"Succeeded\",\r\n
        \         \"frontendIPConfiguration\": {\r\n            \"id\": \"/subscriptions/00000000-0000-0000-0000-000000000000/resourceGroups/rgname/providers/Microsoft.Network/loadBalancers/myLoadBalancer/frontendIPConfigurations/myFrontendIpconfiguration\"\r\n
        \         },\r\n          \"frontendPort\": 80,\r\n          \"backendPort\":
        80,\r\n          \"enableFloatingIP\": true,\r\n          \"idleTimeoutInMinutes\":
        15,\r\n          \"protocol\": \"Tcp\",\r\n          \"enableDestinationServiceEndpoint\":
        false,\r\n          \"enableTcpReset\": false,\r\n          \"allowBackendPortConflict\":
        false,\r\n          \"loadDistribution\": \"Default\",\r\n          \"disableOutboundSnat\":
        true,\r\n          \"backendAddressPool\": {\r\n            \"id\": \"/subscriptions/00000000-0000-0000-0000-000000000000/resourceGroups/rgname/providers/Microsoft.Network/loadBalancers/myLoadBalancer/backendAddressPools/myBackendAddressPool\"\r\n
        \         },\r\n          \"backendAddressPools\": [\r\n            {\r\n
        \             \"id\": \"/subscriptions/00000000-0000-0000-0000-000000000000/resourceGroups/rgname/providers/Microsoft.Network/loadBalancers/myLoadBalancer/backendAddressPools/myBackendAddressPool\"\r\n
        \           }\r\n          ],\r\n          \"probe\": {\r\n            \"id\":
        \"/subscriptions/00000000-0000-0000-0000-000000000000/resourceGroups/rgname/providers/Microsoft.Network/loadBalancers/myLoadBalancer/probes/myProbe\"\r\n
        \         }\r\n        }\r\n      }\r\n    ],\r\n    \"probes\": [\r\n      {\r\n
        \       \"name\": \"myProbe\",\r\n        \"id\": \"/subscriptions/00000000-0000-0000-0000-000000000000/resourceGroups/rgname/providers/Microsoft.Network/loadBalancers/myLoadBalancer/probes/myProbe\",\r\n
        \       \"etag\": \"W/\\\"1f86ff56-6f7c-443a-aa37-38f1c981455c\\\"\",\r\n
        \       \"properties\": {\r\n          \"provisioningState\": \"Succeeded\",\r\n
        \         \"protocol\": \"Http\",\r\n          \"port\": 80,\r\n          \"requestPath\":
        \"healthcheck.aspx\",\r\n          \"intervalInSeconds\": 15,\r\n          \"numberOfProbes\":
        2,\r\n          \"loadBalancingRules\": [\r\n            {\r\n              \"id\":
        \"/subscriptions/00000000-0000-0000-0000-000000000000/resourceGroups/rgname/providers/Microsoft.Network/loadBalancers/myLoadBalancer/loadBalancingRules/myLoadBalancingRule\"\r\n
        \           }\r\n          ]\r\n        },\r\n        \"type\": \"Microsoft.Network/loadBalancers/probes\"\r\n
        \     }\r\n    ],\r\n    \"inboundNatRules\": [],\r\n    \"outboundRules\":
        [\r\n      {\r\n        \"name\": \"myOutboundRule\",\r\n        \"id\": \"/subscriptions/00000000-0000-0000-0000-000000000000/resourceGroups/rgname/providers/Microsoft.Network/loadBalancers/myLoadBalancer/outboundRules/myOutboundRule\",\r\n
        \       \"etag\": \"W/\\\"1f86ff56-6f7c-443a-aa37-38f1c981455c\\\"\",\r\n
        \       \"type\": \"Microsoft.Network/loadBalancers/outboundRules\",\r\n        \"properties\":
        {\r\n          \"provisioningState\": \"Succeeded\",\r\n          \"allocatedOutboundPorts\":
        1024,\r\n          \"protocol\": \"All\",\r\n          \"enableTcpReset\":
        false,\r\n          \"idleTimeoutInMinutes\": 4,\r\n          \"backendAddressPool\":
        {\r\n            \"id\": \"/subscriptions/00000000-0000-0000-0000-000000000000/resourceGroups/rgname/providers/Microsoft.Network/loadBalancers/myLoadBalancer/backendAddressPools/myBackendAddressPool\"\r\n
        \         },\r\n          \"frontendIPConfigurations\": [\r\n            {\r\n
        \             \"id\": \"/subscriptions/00000000-0000-0000-0000-000000000000/resourceGroups/rgname/providers/Microsoft.Network/loadBalancers/myLoadBalancer/frontendIPConfigurations/myFrontendIpconfiguration\"\r\n
        \           }\r\n          ]\r\n        }\r\n      }\r\n    ],\r\n    \"inboundNatPools\":
        []\r\n  },\r\n  \"sku\": {\r\n    \"name\": \"Standard\",\r\n    \"tier\":
        \"Regional\"\r\n  }\r\n}"
    headers:
      cache-control:
      - no-cache
      content-length:
      - '8164'
      content-type:
      - application/json; charset=utf-8
      date:
      - Tue, 31 Aug 2021 02:46:53 GMT
      etag:
      - W/"1f86ff56-6f7c-443a-aa37-38f1c981455c"
      expires:
      - '-1'
      pragma:
      - no-cache
      server:
      - Microsoft-HTTPAPI/2.0
      - Microsoft-HTTPAPI/2.0
      strict-transport-security:
      - max-age=31536000; includeSubDomains
      transfer-encoding:
      - chunked
      vary:
      - Accept-Encoding
      x-content-type-options:
      - nosniff
      x-ms-arm-service-request-id:
      - 2ded480c-a322-4135-849d-391eef85dd11
    status:
      code: 200
      message: OK
- request:
    body: '{"properties": {"frontendIPConfiguration": {"id": "/subscriptions/00000000-0000-0000-0000-000000000000/resourceGroups/rgname/providers/Microsoft.Network/loadBalancers/myLoadBalancer/frontendIPConfigurations/myFrontendIpconfiguration"},
      "protocol": "Tcp", "frontendPort": 3390, "backendPort": 3389, "idleTimeoutInMinutes":
      4, "enableFloatingIP": false, "enableTcpReset": false}}'
    headers:
      Accept:
      - application/json
      Accept-Encoding:
      - gzip, deflate
      Connection:
      - keep-alive
      Content-Length:
      - '451'
      Content-Type:
      - application/json
      User-Agent:
      - azsdk-python-azure-mgmt-network/19.1.0 Python/3.8.11 (Linux-5.8.0-1039-azure-x86_64-with-glibc2.2.5)
        VSTS_0fb41ef4-5012-48a9-bf39-4ee3de03ee35_build_2500_0
    method: PUT
    uri: https://management.azure.com/subscriptions/00000000-0000-0000-0000-000000000000/resourceGroups/rgname/providers/Microsoft.Network/loadBalancers/myLoadBalancer/inboundNatRules/myInboundNatRule?api-version=2021-03-01
  response:
    body:
      string: "{\r\n  \"name\": \"myInboundNatRule\",\r\n  \"id\": \"/subscriptions/00000000-0000-0000-0000-000000000000/resourceGroups/rgname/providers/Microsoft.Network/loadBalancers/myLoadBalancer/inboundNatRules/myInboundNatRule\",\r\n
        \ \"etag\": \"W/\\\"1c2a4536-0643-4a40-b44e-5093167f6dc0\\\"\",\r\n  \"type\":
        \"Microsoft.Network/loadBalancers/inboundNatRules\",\r\n  \"properties\":
        {\r\n    \"provisioningState\": \"Succeeded\",\r\n    \"frontendIPConfiguration\":
        {\r\n      \"id\": \"/subscriptions/00000000-0000-0000-0000-000000000000/resourceGroups/rgname/providers/Microsoft.Network/loadBalancers/myLoadBalancer/frontendIPConfigurations/myFrontendIpconfiguration\"\r\n
        \   },\r\n    \"frontendPort\": 3390,\r\n    \"backendPort\": 3389,\r\n    \"enableFloatingIP\":
        false,\r\n    \"idleTimeoutInMinutes\": 4,\r\n    \"protocol\": \"Tcp\",\r\n
        \   \"enableDestinationServiceEndpoint\": false,\r\n    \"enableTcpReset\":
        false,\r\n    \"allowBackendPortConflict\": false\r\n  }\r\n}"
    headers:
      azure-asyncoperation:
      - https://management.azure.com/subscriptions/00000000-0000-0000-0000-000000000000/providers/Microsoft.Network/locations/eastus/operations/a45a9b2d-bb5f-43dd-af14-266332297879?api-version=2021-03-01
      cache-control:
      - no-cache
      content-length:
      - '1038'
      content-type:
      - application/json; charset=utf-8
      date:
      - Tue, 31 Aug 2021 02:46:54 GMT
      expires:
      - '-1'
      pragma:
      - no-cache
      server:
      - Microsoft-HTTPAPI/2.0
      - Microsoft-HTTPAPI/2.0
      strict-transport-security:
      - max-age=31536000; includeSubDomains
      x-content-type-options:
      - nosniff
      x-ms-arm-service-request-id:
      - 804818f2-74e1-4a03-b757-df19ac26ebb1
      x-ms-ratelimit-remaining-subscription-writes:
      - '1194'
    status:
      code: 201
      message: Created
- request:
    body: null
    headers:
      Accept:
      - '*/*'
      Accept-Encoding:
      - gzip, deflate
      Connection:
      - keep-alive
      User-Agent:
      - azsdk-python-azure-mgmt-network/19.1.0 Python/3.8.11 (Linux-5.8.0-1039-azure-x86_64-with-glibc2.2.5)
        VSTS_0fb41ef4-5012-48a9-bf39-4ee3de03ee35_build_2500_0
    method: GET
    uri: https://management.azure.com/subscriptions/00000000-0000-0000-0000-000000000000/providers/Microsoft.Network/locations/eastus/operations/a45a9b2d-bb5f-43dd-af14-266332297879?api-version=2021-03-01
  response:
    body:
      string: "{\r\n  \"status\": \"Succeeded\"\r\n}"
    headers:
      cache-control:
      - no-cache
      content-length:
      - '29'
      content-type:
      - application/json; charset=utf-8
      date:
      - Tue, 31 Aug 2021 02:47:24 GMT
      expires:
      - '-1'
      pragma:
      - no-cache
      server:
      - Microsoft-HTTPAPI/2.0
      - Microsoft-HTTPAPI/2.0
      strict-transport-security:
      - max-age=31536000; includeSubDomains
      transfer-encoding:
      - chunked
      vary:
      - Accept-Encoding
      x-content-type-options:
      - nosniff
      x-ms-arm-service-request-id:
      - 1d0c3a3a-0666-40a6-ae83-4d7497049f2a
    status:
      code: 200
      message: OK
- request:
    body: null
    headers:
      Accept:
      - '*/*'
      Accept-Encoding:
      - gzip, deflate
      Connection:
      - keep-alive
      User-Agent:
      - azsdk-python-azure-mgmt-network/19.1.0 Python/3.8.11 (Linux-5.8.0-1039-azure-x86_64-with-glibc2.2.5)
        VSTS_0fb41ef4-5012-48a9-bf39-4ee3de03ee35_build_2500_0
    method: GET
    uri: https://management.azure.com/subscriptions/00000000-0000-0000-0000-000000000000/resourceGroups/rgname/providers/Microsoft.Network/loadBalancers/myLoadBalancer/inboundNatRules/myInboundNatRule?api-version=2021-03-01
  response:
    body:
      string: "{\r\n  \"name\": \"myInboundNatRule\",\r\n  \"id\": \"/subscriptions/00000000-0000-0000-0000-000000000000/resourceGroups/rgname/providers/Microsoft.Network/loadBalancers/myLoadBalancer/inboundNatRules/myInboundNatRule\",\r\n
        \ \"etag\": \"W/\\\"1c2a4536-0643-4a40-b44e-5093167f6dc0\\\"\",\r\n  \"type\":
        \"Microsoft.Network/loadBalancers/inboundNatRules\",\r\n  \"properties\":
        {\r\n    \"provisioningState\": \"Succeeded\",\r\n    \"frontendIPConfiguration\":
        {\r\n      \"id\": \"/subscriptions/00000000-0000-0000-0000-000000000000/resourceGroups/rgname/providers/Microsoft.Network/loadBalancers/myLoadBalancer/frontendIPConfigurations/myFrontendIpconfiguration\"\r\n
        \   },\r\n    \"frontendPort\": 3390,\r\n    \"backendPort\": 3389,\r\n    \"enableFloatingIP\":
        false,\r\n    \"idleTimeoutInMinutes\": 4,\r\n    \"protocol\": \"Tcp\",\r\n
        \   \"enableDestinationServiceEndpoint\": false,\r\n    \"enableTcpReset\":
        false,\r\n    \"allowBackendPortConflict\": false\r\n  }\r\n}"
    headers:
      cache-control:
      - no-cache
      content-length:
      - '1038'
      content-type:
      - application/json; charset=utf-8
      date:
      - Tue, 31 Aug 2021 02:47:24 GMT
      etag:
      - W/"1c2a4536-0643-4a40-b44e-5093167f6dc0"
      expires:
      - '-1'
      pragma:
      - no-cache
      server:
      - Microsoft-HTTPAPI/2.0
      - Microsoft-HTTPAPI/2.0
      strict-transport-security:
      - max-age=31536000; includeSubDomains
      transfer-encoding:
      - chunked
      vary:
      - Accept-Encoding
      x-content-type-options:
      - nosniff
      x-ms-arm-service-request-id:
      - 70218e4a-0010-480c-b02c-bd64c9a9fea3
    status:
      code: 200
      message: OK
- request:
    body: null
    headers:
      Accept:
      - application/json
      Accept-Encoding:
      - gzip, deflate
      Connection:
      - keep-alive
      User-Agent:
      - azsdk-python-azure-mgmt-network/19.1.0 Python/3.8.11 (Linux-5.8.0-1039-azure-x86_64-with-glibc2.2.5)
        VSTS_0fb41ef4-5012-48a9-bf39-4ee3de03ee35_build_2500_0
    method: GET
    uri: https://management.azure.com/subscriptions/00000000-0000-0000-0000-000000000000/resourceGroups/rgname/providers/Microsoft.Network/loadBalancers/myLoadBalancer/frontendIPConfigurations/myFrontendIpconfiguration?api-version=2021-03-01
  response:
    body:
      string: "{\r\n  \"name\": \"myFrontendIpconfiguration\",\r\n  \"id\": \"/subscriptions/00000000-0000-0000-0000-000000000000/resourceGroups/rgname/providers/Microsoft.Network/loadBalancers/myLoadBalancer/frontendIPConfigurations/myFrontendIpconfiguration\",\r\n
        \ \"etag\": \"W/\\\"1c2a4536-0643-4a40-b44e-5093167f6dc0\\\"\",\r\n  \"type\":
        \"Microsoft.Network/loadBalancers/frontendIPConfigurations\",\r\n  \"properties\":
        {\r\n    \"provisioningState\": \"Succeeded\",\r\n    \"privateIPAllocationMethod\":
        \"Dynamic\",\r\n    \"publicIPAddress\": {\r\n      \"id\": \"/subscriptions/00000000-0000-0000-0000-000000000000/resourceGroups/rgname/providers/Microsoft.Network/publicIPAddresses/public_ip_address_name\"\r\n
        \   },\r\n    \"loadBalancingRules\": [\r\n      {\r\n        \"id\": \"/subscriptions/00000000-0000-0000-0000-000000000000/resourceGroups/rgname/providers/Microsoft.Network/loadBalancers/myLoadBalancer/loadBalancingRules/myLoadBalancingRule\"\r\n
        \     }\r\n    ],\r\n    \"inboundNatRules\": [\r\n      {\r\n        \"id\":
        \"/subscriptions/00000000-0000-0000-0000-000000000000/resourceGroups/rgname/providers/Microsoft.Network/loadBalancers/myLoadBalancer/inboundNatRules/myInboundNatRule\"\r\n
        \     }\r\n    ],\r\n    \"outboundRules\": [\r\n      {\r\n        \"id\":
        \"/subscriptions/00000000-0000-0000-0000-000000000000/resourceGroups/rgname/providers/Microsoft.Network/loadBalancers/myLoadBalancer/outboundRules/myOutboundRule\"\r\n
        \     }\r\n    ]\r\n  }\r\n}"
    headers:
      cache-control:
      - no-cache
      content-length:
      - '1737'
      content-type:
      - application/json; charset=utf-8
      date:
      - Tue, 31 Aug 2021 02:47:24 GMT
      etag:
      - W/"1c2a4536-0643-4a40-b44e-5093167f6dc0"
      expires:
      - '-1'
      pragma:
      - no-cache
      server:
      - Microsoft-HTTPAPI/2.0
      - Microsoft-HTTPAPI/2.0
      strict-transport-security:
      - max-age=31536000; includeSubDomains
      transfer-encoding:
      - chunked
      vary:
      - Accept-Encoding
      x-content-type-options:
      - nosniff
      x-ms-arm-service-request-id:
      - 2787e45a-a1a4-4977-950e-a3cbe44587a7
    status:
      code: 200
      message: OK
- request:
    body: null
    headers:
      Accept:
      - application/json
      Accept-Encoding:
      - gzip, deflate
      Connection:
      - keep-alive
      User-Agent:
      - azsdk-python-azure-mgmt-network/19.1.0 Python/3.8.11 (Linux-5.8.0-1039-azure-x86_64-with-glibc2.2.5)
        VSTS_0fb41ef4-5012-48a9-bf39-4ee3de03ee35_build_2500_0
    method: GET
    uri: https://management.azure.com/subscriptions/00000000-0000-0000-0000-000000000000/resourceGroups/rgname/providers/Microsoft.Network/loadBalancers/myLoadBalancer/backendAddressPools/myBackendAddressPool?api-version=2021-03-01
  response:
    body:
      string: "{\r\n  \"name\": \"myBackendAddressPool\",\r\n  \"id\": \"/subscriptions/00000000-0000-0000-0000-000000000000/resourceGroups/rgname/providers/Microsoft.Network/loadBalancers/myLoadBalancer/backendAddressPools/myBackendAddressPool\",\r\n
        \ \"etag\": \"W/\\\"1c2a4536-0643-4a40-b44e-5093167f6dc0\\\"\",\r\n  \"properties\":
        {\r\n    \"provisioningState\": \"Succeeded\",\r\n    \"loadBalancerBackendAddresses\":
        [],\r\n    \"outboundRules\": [\r\n      {\r\n        \"id\": \"/subscriptions/00000000-0000-0000-0000-000000000000/resourceGroups/rgname/providers/Microsoft.Network/loadBalancers/myLoadBalancer/outboundRules/myOutboundRule\"\r\n
        \     }\r\n    ],\r\n    \"loadBalancingRules\": [\r\n      {\r\n        \"id\":
        \"/subscriptions/00000000-0000-0000-0000-000000000000/resourceGroups/rgname/providers/Microsoft.Network/loadBalancers/myLoadBalancer/loadBalancingRules/myLoadBalancingRule\"\r\n
        \     }\r\n    ]\r\n  },\r\n  \"type\": \"Microsoft.Network/loadBalancers/backendAddressPools\"\r\n}"
    headers:
      cache-control:
      - no-cache
      content-length:
      - '1140'
      content-type:
      - application/json; charset=utf-8
      date:
      - Tue, 31 Aug 2021 02:47:24 GMT
      etag:
      - W/"1c2a4536-0643-4a40-b44e-5093167f6dc0"
      expires:
      - '-1'
      pragma:
      - no-cache
      server:
      - Microsoft-HTTPAPI/2.0
      - Microsoft-HTTPAPI/2.0
      strict-transport-security:
      - max-age=31536000; includeSubDomains
      transfer-encoding:
      - chunked
      vary:
      - Accept-Encoding
      x-content-type-options:
      - nosniff
      x-ms-arm-service-request-id:
      - a1c1f94b-0eaa-4d49-a201-081af5ec43f1
    status:
      code: 200
      message: OK
- request:
    body: null
    headers:
      Accept:
      - application/json
      Accept-Encoding:
      - gzip, deflate
      Connection:
      - keep-alive
      User-Agent:
      - azsdk-python-azure-mgmt-network/19.1.0 Python/3.8.11 (Linux-5.8.0-1039-azure-x86_64-with-glibc2.2.5)
        VSTS_0fb41ef4-5012-48a9-bf39-4ee3de03ee35_build_2500_0
    method: GET
    uri: https://management.azure.com/subscriptions/00000000-0000-0000-0000-000000000000/resourceGroups/rgname/providers/Microsoft.Network/loadBalancers/myLoadBalancer/loadBalancingRules/myLoadBalancingRule?api-version=2021-03-01
  response:
    body:
      string: "{\r\n  \"name\": \"myLoadBalancingRule\",\r\n  \"id\": \"/subscriptions/00000000-0000-0000-0000-000000000000/resourceGroups/rgname/providers/Microsoft.Network/loadBalancers/myLoadBalancer/loadBalancingRules/myLoadBalancingRule\",\r\n
        \ \"etag\": \"W/\\\"1c2a4536-0643-4a40-b44e-5093167f6dc0\\\"\",\r\n  \"type\":
        \"Microsoft.Network/loadBalancers/loadBalancingRules\",\r\n  \"properties\":
        {\r\n    \"provisioningState\": \"Succeeded\",\r\n    \"frontendIPConfiguration\":
        {\r\n      \"id\": \"/subscriptions/00000000-0000-0000-0000-000000000000/resourceGroups/rgname/providers/Microsoft.Network/loadBalancers/myLoadBalancer/frontendIPConfigurations/myFrontendIpconfiguration\"\r\n
        \   },\r\n    \"frontendPort\": 80,\r\n    \"backendPort\": 80,\r\n    \"enableFloatingIP\":
        true,\r\n    \"idleTimeoutInMinutes\": 15,\r\n    \"protocol\": \"Tcp\",\r\n
        \   \"enableDestinationServiceEndpoint\": false,\r\n    \"enableTcpReset\":
        false,\r\n    \"allowBackendPortConflict\": false,\r\n    \"loadDistribution\":
        \"Default\",\r\n    \"disableOutboundSnat\": true,\r\n    \"backendAddressPool\":
        {\r\n      \"id\": \"/subscriptions/00000000-0000-0000-0000-000000000000/resourceGroups/rgname/providers/Microsoft.Network/loadBalancers/myLoadBalancer/backendAddressPools/myBackendAddressPool\"\r\n
        \   },\r\n    \"backendAddressPools\": [\r\n      {\r\n        \"id\": \"/subscriptions/00000000-0000-0000-0000-000000000000/resourceGroups/rgname/providers/Microsoft.Network/loadBalancers/myLoadBalancer/backendAddressPools/myBackendAddressPool\"\r\n
        \     }\r\n    ],\r\n    \"probe\": {\r\n      \"id\": \"/subscriptions/00000000-0000-0000-0000-000000000000/resourceGroups/rgname/providers/Microsoft.Network/loadBalancers/myLoadBalancer/probes/myProbe\"\r\n
        \   }\r\n  }\r\n}"
    headers:
      cache-control:
      - no-cache
      content-length:
      - '1992'
      content-type:
      - application/json; charset=utf-8
      date:
      - Tue, 31 Aug 2021 02:47:24 GMT
      etag:
      - W/"1c2a4536-0643-4a40-b44e-5093167f6dc0"
      expires:
      - '-1'
      pragma:
      - no-cache
      server:
      - Microsoft-HTTPAPI/2.0
      - Microsoft-HTTPAPI/2.0
      strict-transport-security:
      - max-age=31536000; includeSubDomains
      transfer-encoding:
      - chunked
      vary:
      - Accept-Encoding
      x-content-type-options:
      - nosniff
      x-ms-arm-service-request-id:
      - 1b995250-3a2c-47b5-9677-cf65b75e96d2
    status:
      code: 200
      message: OK
- request:
    body: null
    headers:
      Accept:
      - application/json
      Accept-Encoding:
      - gzip, deflate
      Connection:
      - keep-alive
      User-Agent:
      - azsdk-python-azure-mgmt-network/19.1.0 Python/3.8.11 (Linux-5.8.0-1039-azure-x86_64-with-glibc2.2.5)
        VSTS_0fb41ef4-5012-48a9-bf39-4ee3de03ee35_build_2500_0
    method: GET
    uri: https://management.azure.com/subscriptions/00000000-0000-0000-0000-000000000000/resourceGroups/rgname/providers/Microsoft.Network/loadBalancers/myLoadBalancer/inboundNatRules/myInboundNatRule?api-version=2021-03-01
  response:
    body:
      string: "{\r\n  \"name\": \"myInboundNatRule\",\r\n  \"id\": \"/subscriptions/00000000-0000-0000-0000-000000000000/resourceGroups/rgname/providers/Microsoft.Network/loadBalancers/myLoadBalancer/inboundNatRules/myInboundNatRule\",\r\n
        \ \"etag\": \"W/\\\"1c2a4536-0643-4a40-b44e-5093167f6dc0\\\"\",\r\n  \"type\":
        \"Microsoft.Network/loadBalancers/inboundNatRules\",\r\n  \"properties\":
        {\r\n    \"provisioningState\": \"Succeeded\",\r\n    \"frontendIPConfiguration\":
        {\r\n      \"id\": \"/subscriptions/00000000-0000-0000-0000-000000000000/resourceGroups/rgname/providers/Microsoft.Network/loadBalancers/myLoadBalancer/frontendIPConfigurations/myFrontendIpconfiguration\"\r\n
        \   },\r\n    \"frontendPort\": 3390,\r\n    \"backendPort\": 3389,\r\n    \"enableFloatingIP\":
        false,\r\n    \"idleTimeoutInMinutes\": 4,\r\n    \"protocol\": \"Tcp\",\r\n
        \   \"enableDestinationServiceEndpoint\": false,\r\n    \"enableTcpReset\":
        false,\r\n    \"allowBackendPortConflict\": false\r\n  }\r\n}"
    headers:
      cache-control:
      - no-cache
      content-length:
      - '1038'
      content-type:
      - application/json; charset=utf-8
      date:
      - Tue, 31 Aug 2021 02:47:24 GMT
      etag:
      - W/"1c2a4536-0643-4a40-b44e-5093167f6dc0"
      expires:
      - '-1'
      pragma:
      - no-cache
      server:
      - Microsoft-HTTPAPI/2.0
      - Microsoft-HTTPAPI/2.0
      strict-transport-security:
      - max-age=31536000; includeSubDomains
      transfer-encoding:
      - chunked
      vary:
      - Accept-Encoding
      x-content-type-options:
      - nosniff
      x-ms-arm-service-request-id:
      - 22e33f0e-8436-40eb-805d-8674ff514188
    status:
      code: 200
      message: OK
- request:
    body: null
    headers:
      Accept:
      - application/json
      Accept-Encoding:
      - gzip, deflate
      Connection:
      - keep-alive
      User-Agent:
      - azsdk-python-azure-mgmt-network/19.1.0 Python/3.8.11 (Linux-5.8.0-1039-azure-x86_64-with-glibc2.2.5)
        VSTS_0fb41ef4-5012-48a9-bf39-4ee3de03ee35_build_2500_0
    method: GET
    uri: https://management.azure.com/subscriptions/00000000-0000-0000-0000-000000000000/resourceGroups/rgname/providers/Microsoft.Network/loadBalancers/myLoadBalancer/outboundRules/myOutboundRule?api-version=2021-03-01
  response:
    body:
      string: "{\r\n  \"name\": \"myOutboundRule\",\r\n  \"id\": \"/subscriptions/00000000-0000-0000-0000-000000000000/resourceGroups/rgname/providers/Microsoft.Network/loadBalancers/myLoadBalancer/outboundRules/myOutboundRule\",\r\n
        \ \"etag\": \"W/\\\"1c2a4536-0643-4a40-b44e-5093167f6dc0\\\"\",\r\n  \"type\":
        \"Microsoft.Network/loadBalancers/outboundRules\",\r\n  \"properties\": {\r\n
        \   \"provisioningState\": \"Succeeded\",\r\n    \"allocatedOutboundPorts\":
        1024,\r\n    \"protocol\": \"All\",\r\n    \"enableTcpReset\": false,\r\n
        \   \"idleTimeoutInMinutes\": 4,\r\n    \"backendAddressPool\": {\r\n      \"id\":
        \"/subscriptions/00000000-0000-0000-0000-000000000000/resourceGroups/rgname/providers/Microsoft.Network/loadBalancers/myLoadBalancer/backendAddressPools/myBackendAddressPool\"\r\n
        \   },\r\n    \"frontendIPConfigurations\": [\r\n      {\r\n        \"id\":
        \"/subscriptions/00000000-0000-0000-0000-000000000000/resourceGroups/rgname/providers/Microsoft.Network/loadBalancers/myLoadBalancer/frontendIPConfigurations/myFrontendIpconfiguration\"\r\n
        \     }\r\n    ]\r\n  }\r\n}"
    headers:
      cache-control:
      - no-cache
      content-length:
      - '1213'
      content-type:
      - application/json; charset=utf-8
      date:
      - Tue, 31 Aug 2021 02:47:24 GMT
      etag:
      - W/"1c2a4536-0643-4a40-b44e-5093167f6dc0"
      expires:
      - '-1'
      pragma:
      - no-cache
      server:
      - Microsoft-HTTPAPI/2.0
      - Microsoft-HTTPAPI/2.0
      strict-transport-security:
      - max-age=31536000; includeSubDomains
      transfer-encoding:
      - chunked
      vary:
      - Accept-Encoding
      x-content-type-options:
      - nosniff
      x-ms-arm-service-request-id:
      - 5fd01eff-b7e5-4543-b603-ab13466576a1
    status:
      code: 200
      message: OK
- request:
    body: null
    headers:
      Accept:
      - application/json
      Accept-Encoding:
      - gzip, deflate
      Connection:
      - keep-alive
      User-Agent:
      - azsdk-python-azure-mgmt-network/19.1.0 Python/3.8.11 (Linux-5.8.0-1039-azure-x86_64-with-glibc2.2.5)
        VSTS_0fb41ef4-5012-48a9-bf39-4ee3de03ee35_build_2500_0
    method: GET
    uri: https://management.azure.com/subscriptions/00000000-0000-0000-0000-000000000000/resourceGroups/rgname/providers/Microsoft.Network/loadBalancers/myLoadBalancer/probes/myProbe?api-version=2021-03-01
  response:
    body:
      string: "{\r\n  \"name\": \"myProbe\",\r\n  \"id\": \"/subscriptions/00000000-0000-0000-0000-000000000000/resourceGroups/rgname/providers/Microsoft.Network/loadBalancers/myLoadBalancer/probes/myProbe\",\r\n
        \ \"etag\": \"W/\\\"1c2a4536-0643-4a40-b44e-5093167f6dc0\\\"\",\r\n  \"properties\":
        {\r\n    \"provisioningState\": \"Succeeded\",\r\n    \"protocol\": \"Http\",\r\n
        \   \"port\": 80,\r\n    \"requestPath\": \"healthcheck.aspx\",\r\n    \"intervalInSeconds\":
        15,\r\n    \"numberOfProbes\": 2,\r\n    \"loadBalancingRules\": [\r\n      {\r\n
        \       \"id\": \"/subscriptions/00000000-0000-0000-0000-000000000000/resourceGroups/rgname/providers/Microsoft.Network/loadBalancers/myLoadBalancer/loadBalancingRules/myLoadBalancingRule\"\r\n
        \     }\r\n    ]\r\n  },\r\n  \"type\": \"Microsoft.Network/loadBalancers/probes\"\r\n}"
    headers:
      cache-control:
      - no-cache
      content-length:
      - '884'
      content-type:
      - application/json; charset=utf-8
      date:
      - Tue, 31 Aug 2021 02:47:24 GMT
      etag:
      - W/"1c2a4536-0643-4a40-b44e-5093167f6dc0"
      expires:
      - '-1'
      pragma:
      - no-cache
      server:
      - Microsoft-HTTPAPI/2.0
      - Microsoft-HTTPAPI/2.0
      strict-transport-security:
      - max-age=31536000; includeSubDomains
      transfer-encoding:
      - chunked
      vary:
      - Accept-Encoding
      x-content-type-options:
      - nosniff
      x-ms-arm-service-request-id:
      - d9c11dd2-4bc3-4b6b-8193-edf2c21ef30f
    status:
      code: 200
      message: OK
- request:
    body: null
    headers:
      Accept:
      - application/json
      Accept-Encoding:
      - gzip, deflate
      Connection:
      - keep-alive
      User-Agent:
      - azsdk-python-azure-mgmt-network/19.1.0 Python/3.8.11 (Linux-5.8.0-1039-azure-x86_64-with-glibc2.2.5)
        VSTS_0fb41ef4-5012-48a9-bf39-4ee3de03ee35_build_2500_0
    method: GET
    uri: https://management.azure.com/subscriptions/00000000-0000-0000-0000-000000000000/resourceGroups/rgname/providers/Microsoft.Network/loadBalancers/myLoadBalancer?api-version=2021-03-01
  response:
    body:
      string: "{\r\n  \"name\": \"myLoadBalancer\",\r\n  \"id\": \"/subscriptions/00000000-0000-0000-0000-000000000000/resourceGroups/rgname/providers/Microsoft.Network/loadBalancers/myLoadBalancer\",\r\n
        \ \"etag\": \"W/\\\"1c2a4536-0643-4a40-b44e-5093167f6dc0\\\"\",\r\n  \"type\":
        \"Microsoft.Network/loadBalancers\",\r\n  \"location\": \"eastus\",\r\n  \"properties\":
        {\r\n    \"provisioningState\": \"Succeeded\",\r\n    \"resourceGuid\": \"e932cfb7-f824-403d-862d-42628799bb75\",\r\n
        \   \"frontendIPConfigurations\": [\r\n      {\r\n        \"name\": \"myFrontendIpconfiguration\",\r\n
        \       \"id\": \"/subscriptions/00000000-0000-0000-0000-000000000000/resourceGroups/rgname/providers/Microsoft.Network/loadBalancers/myLoadBalancer/frontendIPConfigurations/myFrontendIpconfiguration\",\r\n
        \       \"etag\": \"W/\\\"1c2a4536-0643-4a40-b44e-5093167f6dc0\\\"\",\r\n
        \       \"type\": \"Microsoft.Network/loadBalancers/frontendIPConfigurations\",\r\n
        \       \"properties\": {\r\n          \"provisioningState\": \"Succeeded\",\r\n
        \         \"privateIPAllocationMethod\": \"Dynamic\",\r\n          \"publicIPAddress\":
        {\r\n            \"id\": \"/subscriptions/00000000-0000-0000-0000-000000000000/resourceGroups/rgname/providers/Microsoft.Network/publicIPAddresses/public_ip_address_name\"\r\n
        \         },\r\n          \"loadBalancingRules\": [\r\n            {\r\n              \"id\":
        \"/subscriptions/00000000-0000-0000-0000-000000000000/resourceGroups/rgname/providers/Microsoft.Network/loadBalancers/myLoadBalancer/loadBalancingRules/myLoadBalancingRule\"\r\n
        \           }\r\n          ],\r\n          \"inboundNatRules\": [\r\n            {\r\n
        \             \"id\": \"/subscriptions/00000000-0000-0000-0000-000000000000/resourceGroups/rgname/providers/Microsoft.Network/loadBalancers/myLoadBalancer/inboundNatRules/myInboundNatRule\"\r\n
        \           }\r\n          ],\r\n          \"outboundRules\": [\r\n            {\r\n
        \             \"id\": \"/subscriptions/00000000-0000-0000-0000-000000000000/resourceGroups/rgname/providers/Microsoft.Network/loadBalancers/myLoadBalancer/outboundRules/myOutboundRule\"\r\n
        \           }\r\n          ]\r\n        }\r\n      }\r\n    ],\r\n    \"backendAddressPools\":
        [\r\n      {\r\n        \"name\": \"myBackendAddressPool\",\r\n        \"id\":
        \"/subscriptions/00000000-0000-0000-0000-000000000000/resourceGroups/rgname/providers/Microsoft.Network/loadBalancers/myLoadBalancer/backendAddressPools/myBackendAddressPool\",\r\n
        \       \"etag\": \"W/\\\"1c2a4536-0643-4a40-b44e-5093167f6dc0\\\"\",\r\n
        \       \"properties\": {\r\n          \"provisioningState\": \"Succeeded\",\r\n
        \         \"loadBalancerBackendAddresses\": [],\r\n          \"outboundRules\":
        [\r\n            {\r\n              \"id\": \"/subscriptions/00000000-0000-0000-0000-000000000000/resourceGroups/rgname/providers/Microsoft.Network/loadBalancers/myLoadBalancer/outboundRules/myOutboundRule\"\r\n
        \           }\r\n          ],\r\n          \"loadBalancingRules\": [\r\n            {\r\n
        \             \"id\": \"/subscriptions/00000000-0000-0000-0000-000000000000/resourceGroups/rgname/providers/Microsoft.Network/loadBalancers/myLoadBalancer/loadBalancingRules/myLoadBalancingRule\"\r\n
        \           }\r\n          ]\r\n        },\r\n        \"type\": \"Microsoft.Network/loadBalancers/backendAddressPools\"\r\n
        \     }\r\n    ],\r\n    \"loadBalancingRules\": [\r\n      {\r\n        \"name\":
        \"myLoadBalancingRule\",\r\n        \"id\": \"/subscriptions/00000000-0000-0000-0000-000000000000/resourceGroups/rgname/providers/Microsoft.Network/loadBalancers/myLoadBalancer/loadBalancingRules/myLoadBalancingRule\",\r\n
        \       \"etag\": \"W/\\\"1c2a4536-0643-4a40-b44e-5093167f6dc0\\\"\",\r\n
        \       \"type\": \"Microsoft.Network/loadBalancers/loadBalancingRules\",\r\n
        \       \"properties\": {\r\n          \"provisioningState\": \"Succeeded\",\r\n
        \         \"frontendIPConfiguration\": {\r\n            \"id\": \"/subscriptions/00000000-0000-0000-0000-000000000000/resourceGroups/rgname/providers/Microsoft.Network/loadBalancers/myLoadBalancer/frontendIPConfigurations/myFrontendIpconfiguration\"\r\n
        \         },\r\n          \"frontendPort\": 80,\r\n          \"backendPort\":
        80,\r\n          \"enableFloatingIP\": true,\r\n          \"idleTimeoutInMinutes\":
        15,\r\n          \"protocol\": \"Tcp\",\r\n          \"enableDestinationServiceEndpoint\":
        false,\r\n          \"enableTcpReset\": false,\r\n          \"allowBackendPortConflict\":
        false,\r\n          \"loadDistribution\": \"Default\",\r\n          \"disableOutboundSnat\":
        true,\r\n          \"backendAddressPool\": {\r\n            \"id\": \"/subscriptions/00000000-0000-0000-0000-000000000000/resourceGroups/rgname/providers/Microsoft.Network/loadBalancers/myLoadBalancer/backendAddressPools/myBackendAddressPool\"\r\n
        \         },\r\n          \"backendAddressPools\": [\r\n            {\r\n
        \             \"id\": \"/subscriptions/00000000-0000-0000-0000-000000000000/resourceGroups/rgname/providers/Microsoft.Network/loadBalancers/myLoadBalancer/backendAddressPools/myBackendAddressPool\"\r\n
        \           }\r\n          ],\r\n          \"probe\": {\r\n            \"id\":
        \"/subscriptions/00000000-0000-0000-0000-000000000000/resourceGroups/rgname/providers/Microsoft.Network/loadBalancers/myLoadBalancer/probes/myProbe\"\r\n
        \         }\r\n        }\r\n      }\r\n    ],\r\n    \"probes\": [\r\n      {\r\n
        \       \"name\": \"myProbe\",\r\n        \"id\": \"/subscriptions/00000000-0000-0000-0000-000000000000/resourceGroups/rgname/providers/Microsoft.Network/loadBalancers/myLoadBalancer/probes/myProbe\",\r\n
        \       \"etag\": \"W/\\\"1c2a4536-0643-4a40-b44e-5093167f6dc0\\\"\",\r\n
        \       \"properties\": {\r\n          \"provisioningState\": \"Succeeded\",\r\n
        \         \"protocol\": \"Http\",\r\n          \"port\": 80,\r\n          \"requestPath\":
        \"healthcheck.aspx\",\r\n          \"intervalInSeconds\": 15,\r\n          \"numberOfProbes\":
        2,\r\n          \"loadBalancingRules\": [\r\n            {\r\n              \"id\":
        \"/subscriptions/00000000-0000-0000-0000-000000000000/resourceGroups/rgname/providers/Microsoft.Network/loadBalancers/myLoadBalancer/loadBalancingRules/myLoadBalancingRule\"\r\n
        \           }\r\n          ]\r\n        },\r\n        \"type\": \"Microsoft.Network/loadBalancers/probes\"\r\n
        \     }\r\n    ],\r\n    \"inboundNatRules\": [\r\n      {\r\n        \"name\":
        \"myInboundNatRule\",\r\n        \"id\": \"/subscriptions/00000000-0000-0000-0000-000000000000/resourceGroups/rgname/providers/Microsoft.Network/loadBalancers/myLoadBalancer/inboundNatRules/myInboundNatRule\",\r\n
        \       \"etag\": \"W/\\\"1c2a4536-0643-4a40-b44e-5093167f6dc0\\\"\",\r\n
        \       \"type\": \"Microsoft.Network/loadBalancers/inboundNatRules\",\r\n
        \       \"properties\": {\r\n          \"provisioningState\": \"Succeeded\",\r\n
        \         \"frontendIPConfiguration\": {\r\n            \"id\": \"/subscriptions/00000000-0000-0000-0000-000000000000/resourceGroups/rgname/providers/Microsoft.Network/loadBalancers/myLoadBalancer/frontendIPConfigurations/myFrontendIpconfiguration\"\r\n
        \         },\r\n          \"frontendPort\": 3390,\r\n          \"backendPort\":
        3389,\r\n          \"enableFloatingIP\": false,\r\n          \"idleTimeoutInMinutes\":
        4,\r\n          \"protocol\": \"Tcp\",\r\n          \"enableDestinationServiceEndpoint\":
        false,\r\n          \"enableTcpReset\": false,\r\n          \"allowBackendPortConflict\":
        false\r\n        }\r\n      }\r\n    ],\r\n    \"outboundRules\": [\r\n      {\r\n
        \       \"name\": \"myOutboundRule\",\r\n        \"id\": \"/subscriptions/00000000-0000-0000-0000-000000000000/resourceGroups/rgname/providers/Microsoft.Network/loadBalancers/myLoadBalancer/outboundRules/myOutboundRule\",\r\n
        \       \"etag\": \"W/\\\"1c2a4536-0643-4a40-b44e-5093167f6dc0\\\"\",\r\n
        \       \"type\": \"Microsoft.Network/loadBalancers/outboundRules\",\r\n        \"properties\":
        {\r\n          \"provisioningState\": \"Succeeded\",\r\n          \"allocatedOutboundPorts\":
        1024,\r\n          \"protocol\": \"All\",\r\n          \"enableTcpReset\":
        false,\r\n          \"idleTimeoutInMinutes\": 4,\r\n          \"backendAddressPool\":
        {\r\n            \"id\": \"/subscriptions/00000000-0000-0000-0000-000000000000/resourceGroups/rgname/providers/Microsoft.Network/loadBalancers/myLoadBalancer/backendAddressPools/myBackendAddressPool\"\r\n
        \         },\r\n          \"frontendIPConfigurations\": [\r\n            {\r\n
        \             \"id\": \"/subscriptions/00000000-0000-0000-0000-000000000000/resourceGroups/rgname/providers/Microsoft.Network/loadBalancers/myLoadBalancer/frontendIPConfigurations/myFrontendIpconfiguration\"\r\n
        \           }\r\n          ]\r\n        }\r\n      }\r\n    ],\r\n    \"inboundNatPools\":
        []\r\n  },\r\n  \"sku\": {\r\n    \"name\": \"Standard\",\r\n    \"tier\":
        \"Regional\"\r\n  }\r\n}"
    headers:
      cache-control:
      - no-cache
      content-length:
      - '9667'
      content-type:
      - application/json; charset=utf-8
      date:
      - Tue, 31 Aug 2021 02:47:24 GMT
      etag:
      - W/"1c2a4536-0643-4a40-b44e-5093167f6dc0"
      expires:
      - '-1'
      pragma:
      - no-cache
      server:
      - Microsoft-HTTPAPI/2.0
      - Microsoft-HTTPAPI/2.0
      strict-transport-security:
      - max-age=31536000; includeSubDomains
      transfer-encoding:
      - chunked
      vary:
      - Accept-Encoding
      x-content-type-options:
      - nosniff
      x-ms-arm-service-request-id:
      - d674f0ac-b0f0-4eb7-af3e-12684e2f8408
    status:
      code: 200
      message: OK
- request:
    body: '{"tags": {"tag1": "value1", "tag2": "value2"}}'
    headers:
      Accept:
      - application/json
      Accept-Encoding:
      - gzip, deflate
      Connection:
      - keep-alive
      Content-Length:
      - '46'
      Content-Type:
      - application/json
      User-Agent:
      - azsdk-python-azure-mgmt-network/19.1.0 Python/3.8.11 (Linux-5.8.0-1039-azure-x86_64-with-glibc2.2.5)
        VSTS_0fb41ef4-5012-48a9-bf39-4ee3de03ee35_build_2500_0
    method: PATCH
    uri: https://management.azure.com/subscriptions/00000000-0000-0000-0000-000000000000/resourceGroups/rgname/providers/Microsoft.Network/loadBalancers/myLoadBalancer?api-version=2021-03-01
  response:
    body:
      string: "{\r\n  \"name\": \"myLoadBalancer\",\r\n  \"id\": \"/subscriptions/00000000-0000-0000-0000-000000000000/resourceGroups/rgname/providers/Microsoft.Network/loadBalancers/myLoadBalancer\",\r\n
        \ \"etag\": \"W/\\\"0e922b53-caa4-4b5e-982d-48444f5f7e94\\\"\",\r\n  \"type\":
        \"Microsoft.Network/loadBalancers\",\r\n  \"location\": \"eastus\",\r\n  \"tags\":
        {\r\n    \"tag1\": \"value1\",\r\n    \"tag2\": \"value2\"\r\n  },\r\n  \"properties\":
        {\r\n    \"provisioningState\": \"Succeeded\",\r\n    \"resourceGuid\": \"e932cfb7-f824-403d-862d-42628799bb75\",\r\n
        \   \"frontendIPConfigurations\": [\r\n      {\r\n        \"name\": \"myFrontendIpconfiguration\",\r\n
        \       \"id\": \"/subscriptions/00000000-0000-0000-0000-000000000000/resourceGroups/rgname/providers/Microsoft.Network/loadBalancers/myLoadBalancer/frontendIPConfigurations/myFrontendIpconfiguration\",\r\n
        \       \"etag\": \"W/\\\"0e922b53-caa4-4b5e-982d-48444f5f7e94\\\"\",\r\n
        \       \"type\": \"Microsoft.Network/loadBalancers/frontendIPConfigurations\",\r\n
        \       \"properties\": {\r\n          \"provisioningState\": \"Succeeded\",\r\n
        \         \"privateIPAllocationMethod\": \"Dynamic\",\r\n          \"publicIPAddress\":
        {\r\n            \"id\": \"/subscriptions/00000000-0000-0000-0000-000000000000/resourceGroups/rgname/providers/Microsoft.Network/publicIPAddresses/public_ip_address_name\"\r\n
        \         },\r\n          \"loadBalancingRules\": [\r\n            {\r\n              \"id\":
        \"/subscriptions/00000000-0000-0000-0000-000000000000/resourceGroups/rgname/providers/Microsoft.Network/loadBalancers/myLoadBalancer/loadBalancingRules/myLoadBalancingRule\"\r\n
        \           }\r\n          ],\r\n          \"inboundNatRules\": [\r\n            {\r\n
        \             \"id\": \"/subscriptions/00000000-0000-0000-0000-000000000000/resourceGroups/rgname/providers/Microsoft.Network/loadBalancers/myLoadBalancer/inboundNatRules/myInboundNatRule\"\r\n
        \           }\r\n          ],\r\n          \"outboundRules\": [\r\n            {\r\n
        \             \"id\": \"/subscriptions/00000000-0000-0000-0000-000000000000/resourceGroups/rgname/providers/Microsoft.Network/loadBalancers/myLoadBalancer/outboundRules/myOutboundRule\"\r\n
        \           }\r\n          ]\r\n        }\r\n      }\r\n    ],\r\n    \"backendAddressPools\":
        [\r\n      {\r\n        \"name\": \"myBackendAddressPool\",\r\n        \"id\":
        \"/subscriptions/00000000-0000-0000-0000-000000000000/resourceGroups/rgname/providers/Microsoft.Network/loadBalancers/myLoadBalancer/backendAddressPools/myBackendAddressPool\",\r\n
        \       \"etag\": \"W/\\\"0e922b53-caa4-4b5e-982d-48444f5f7e94\\\"\",\r\n
        \       \"properties\": {\r\n          \"provisioningState\": \"Succeeded\",\r\n
        \         \"loadBalancerBackendAddresses\": [],\r\n          \"outboundRules\":
        [\r\n            {\r\n              \"id\": \"/subscriptions/00000000-0000-0000-0000-000000000000/resourceGroups/rgname/providers/Microsoft.Network/loadBalancers/myLoadBalancer/outboundRules/myOutboundRule\"\r\n
        \           }\r\n          ],\r\n          \"loadBalancingRules\": [\r\n            {\r\n
        \             \"id\": \"/subscriptions/00000000-0000-0000-0000-000000000000/resourceGroups/rgname/providers/Microsoft.Network/loadBalancers/myLoadBalancer/loadBalancingRules/myLoadBalancingRule\"\r\n
        \           }\r\n          ]\r\n        },\r\n        \"type\": \"Microsoft.Network/loadBalancers/backendAddressPools\"\r\n
        \     }\r\n    ],\r\n    \"loadBalancingRules\": [\r\n      {\r\n        \"name\":
        \"myLoadBalancingRule\",\r\n        \"id\": \"/subscriptions/00000000-0000-0000-0000-000000000000/resourceGroups/rgname/providers/Microsoft.Network/loadBalancers/myLoadBalancer/loadBalancingRules/myLoadBalancingRule\",\r\n
        \       \"etag\": \"W/\\\"0e922b53-caa4-4b5e-982d-48444f5f7e94\\\"\",\r\n
        \       \"type\": \"Microsoft.Network/loadBalancers/loadBalancingRules\",\r\n
        \       \"properties\": {\r\n          \"provisioningState\": \"Succeeded\",\r\n
        \         \"frontendIPConfiguration\": {\r\n            \"id\": \"/subscriptions/00000000-0000-0000-0000-000000000000/resourceGroups/rgname/providers/Microsoft.Network/loadBalancers/myLoadBalancer/frontendIPConfigurations/myFrontendIpconfiguration\"\r\n
        \         },\r\n          \"frontendPort\": 80,\r\n          \"backendPort\":
        80,\r\n          \"enableFloatingIP\": true,\r\n          \"idleTimeoutInMinutes\":
        15,\r\n          \"protocol\": \"Tcp\",\r\n          \"enableDestinationServiceEndpoint\":
        false,\r\n          \"enableTcpReset\": false,\r\n          \"allowBackendPortConflict\":
        false,\r\n          \"loadDistribution\": \"Default\",\r\n          \"disableOutboundSnat\":
        true,\r\n          \"backendAddressPool\": {\r\n            \"id\": \"/subscriptions/00000000-0000-0000-0000-000000000000/resourceGroups/rgname/providers/Microsoft.Network/loadBalancers/myLoadBalancer/backendAddressPools/myBackendAddressPool\"\r\n
        \         },\r\n          \"backendAddressPools\": [\r\n            {\r\n
        \             \"id\": \"/subscriptions/00000000-0000-0000-0000-000000000000/resourceGroups/rgname/providers/Microsoft.Network/loadBalancers/myLoadBalancer/backendAddressPools/myBackendAddressPool\"\r\n
        \           }\r\n          ],\r\n          \"probe\": {\r\n            \"id\":
        \"/subscriptions/00000000-0000-0000-0000-000000000000/resourceGroups/rgname/providers/Microsoft.Network/loadBalancers/myLoadBalancer/probes/myProbe\"\r\n
        \         }\r\n        }\r\n      }\r\n    ],\r\n    \"probes\": [\r\n      {\r\n
        \       \"name\": \"myProbe\",\r\n        \"id\": \"/subscriptions/00000000-0000-0000-0000-000000000000/resourceGroups/rgname/providers/Microsoft.Network/loadBalancers/myLoadBalancer/probes/myProbe\",\r\n
        \       \"etag\": \"W/\\\"0e922b53-caa4-4b5e-982d-48444f5f7e94\\\"\",\r\n
        \       \"properties\": {\r\n          \"provisioningState\": \"Succeeded\",\r\n
        \         \"protocol\": \"Http\",\r\n          \"port\": 80,\r\n          \"requestPath\":
        \"healthcheck.aspx\",\r\n          \"intervalInSeconds\": 15,\r\n          \"numberOfProbes\":
        2,\r\n          \"loadBalancingRules\": [\r\n            {\r\n              \"id\":
        \"/subscriptions/00000000-0000-0000-0000-000000000000/resourceGroups/rgname/providers/Microsoft.Network/loadBalancers/myLoadBalancer/loadBalancingRules/myLoadBalancingRule\"\r\n
        \           }\r\n          ]\r\n        },\r\n        \"type\": \"Microsoft.Network/loadBalancers/probes\"\r\n
        \     }\r\n    ],\r\n    \"inboundNatRules\": [\r\n      {\r\n        \"name\":
        \"myInboundNatRule\",\r\n        \"id\": \"/subscriptions/00000000-0000-0000-0000-000000000000/resourceGroups/rgname/providers/Microsoft.Network/loadBalancers/myLoadBalancer/inboundNatRules/myInboundNatRule\",\r\n
        \       \"etag\": \"W/\\\"0e922b53-caa4-4b5e-982d-48444f5f7e94\\\"\",\r\n
        \       \"type\": \"Microsoft.Network/loadBalancers/inboundNatRules\",\r\n
        \       \"properties\": {\r\n          \"provisioningState\": \"Succeeded\",\r\n
        \         \"frontendIPConfiguration\": {\r\n            \"id\": \"/subscriptions/00000000-0000-0000-0000-000000000000/resourceGroups/rgname/providers/Microsoft.Network/loadBalancers/myLoadBalancer/frontendIPConfigurations/myFrontendIpconfiguration\"\r\n
        \         },\r\n          \"frontendPort\": 3390,\r\n          \"backendPort\":
        3389,\r\n          \"enableFloatingIP\": false,\r\n          \"idleTimeoutInMinutes\":
        4,\r\n          \"protocol\": \"Tcp\",\r\n          \"enableDestinationServiceEndpoint\":
        false,\r\n          \"enableTcpReset\": false,\r\n          \"allowBackendPortConflict\":
        false\r\n        }\r\n      }\r\n    ],\r\n    \"outboundRules\": [\r\n      {\r\n
        \       \"name\": \"myOutboundRule\",\r\n        \"id\": \"/subscriptions/00000000-0000-0000-0000-000000000000/resourceGroups/rgname/providers/Microsoft.Network/loadBalancers/myLoadBalancer/outboundRules/myOutboundRule\",\r\n
        \       \"etag\": \"W/\\\"0e922b53-caa4-4b5e-982d-48444f5f7e94\\\"\",\r\n
        \       \"type\": \"Microsoft.Network/loadBalancers/outboundRules\",\r\n        \"properties\":
        {\r\n          \"provisioningState\": \"Succeeded\",\r\n          \"allocatedOutboundPorts\":
        1024,\r\n          \"protocol\": \"All\",\r\n          \"enableTcpReset\":
        false,\r\n          \"idleTimeoutInMinutes\": 4,\r\n          \"backendAddressPool\":
        {\r\n            \"id\": \"/subscriptions/00000000-0000-0000-0000-000000000000/resourceGroups/rgname/providers/Microsoft.Network/loadBalancers/myLoadBalancer/backendAddressPools/myBackendAddressPool\"\r\n
        \         },\r\n          \"frontendIPConfigurations\": [\r\n            {\r\n
        \             \"id\": \"/subscriptions/00000000-0000-0000-0000-000000000000/resourceGroups/rgname/providers/Microsoft.Network/loadBalancers/myLoadBalancer/frontendIPConfigurations/myFrontendIpconfiguration\"\r\n
        \           }\r\n          ]\r\n        }\r\n      }\r\n    ],\r\n    \"inboundNatPools\":
        []\r\n  },\r\n  \"sku\": {\r\n    \"name\": \"Standard\",\r\n    \"tier\":
        \"Regional\"\r\n  }\r\n}"
    headers:
      azure-asyncnotification:
      - Enabled
      cache-control:
      - no-cache
      content-length:
      - '9731'
      content-type:
      - application/json; charset=utf-8
      date:
      - Tue, 31 Aug 2021 02:47:25 GMT
      expires:
      - '-1'
      pragma:
      - no-cache
      server:
      - Microsoft-HTTPAPI/2.0
      - Microsoft-HTTPAPI/2.0
      strict-transport-security:
      - max-age=31536000; includeSubDomains
      transfer-encoding:
      - chunked
      vary:
      - Accept-Encoding
      x-content-type-options:
      - nosniff
      x-ms-arm-service-request-id:
      - 8f062965-7430-45ed-a846-0eedd2a26a34
      x-ms-ratelimit-remaining-subscription-writes:
      - '1193'
    status:
      code: 200
      message: OK
- request:
    body: null
    headers:
      Accept:
      - application/json
      Accept-Encoding:
      - gzip, deflate
      Connection:
      - keep-alive
      Content-Length:
      - '0'
      User-Agent:
      - azsdk-python-azure-mgmt-network/19.1.0 Python/3.8.11 (Linux-5.8.0-1039-azure-x86_64-with-glibc2.2.5)
        VSTS_0fb41ef4-5012-48a9-bf39-4ee3de03ee35_build_2500_0
    method: DELETE
    uri: https://management.azure.com/subscriptions/00000000-0000-0000-0000-000000000000/resourceGroups/rgname/providers/Microsoft.Network/loadBalancers/myLoadBalancer/inboundNatRules/myInboundNatRule?api-version=2021-03-01
  response:
    body:
      string: ''
    headers:
      azure-asyncoperation:
      - https://management.azure.com/subscriptions/00000000-0000-0000-0000-000000000000/providers/Microsoft.Network/locations/eastus/operations/aa9d5249-ea68-4728-9628-6b1d8a6bc6c1?api-version=2021-03-01
      cache-control:
      - no-cache
      content-length:
      - '0'
      date:
      - Tue, 31 Aug 2021 02:47:25 GMT
      expires:
      - '-1'
      location:
      - https://management.azure.com/subscriptions/00000000-0000-0000-0000-000000000000/providers/Microsoft.Network/locations/eastus/operationResults/aa9d5249-ea68-4728-9628-6b1d8a6bc6c1?api-version=2021-03-01
      pragma:
      - no-cache
      server:
      - Microsoft-HTTPAPI/2.0
      - Microsoft-HTTPAPI/2.0
      strict-transport-security:
      - max-age=31536000; includeSubDomains
      x-content-type-options:
      - nosniff
      x-ms-arm-service-request-id:
      - c5ffe249-12c6-438e-a0de-a2a258a12074
      x-ms-ratelimit-remaining-subscription-deletes:
      - '14995'
    status:
      code: 202
      message: Accepted
- request:
    body: null
    headers:
      Accept:
      - '*/*'
      Accept-Encoding:
      - gzip, deflate
      Connection:
      - keep-alive
      User-Agent:
      - azsdk-python-azure-mgmt-network/19.1.0 Python/3.8.11 (Linux-5.8.0-1039-azure-x86_64-with-glibc2.2.5)
        VSTS_0fb41ef4-5012-48a9-bf39-4ee3de03ee35_build_2500_0
    method: GET
    uri: https://management.azure.com/subscriptions/00000000-0000-0000-0000-000000000000/providers/Microsoft.Network/locations/eastus/operations/aa9d5249-ea68-4728-9628-6b1d8a6bc6c1?api-version=2021-03-01
  response:
    body:
      string: "{\r\n  \"status\": \"Succeeded\"\r\n}"
    headers:
      cache-control:
      - no-cache
      content-length:
      - '29'
      content-type:
      - application/json; charset=utf-8
      date:
      - Tue, 31 Aug 2021 02:47:35 GMT
      expires:
      - '-1'
      pragma:
      - no-cache
      server:
      - Microsoft-HTTPAPI/2.0
      - Microsoft-HTTPAPI/2.0
      strict-transport-security:
      - max-age=31536000; includeSubDomains
      transfer-encoding:
      - chunked
      vary:
      - Accept-Encoding
      x-content-type-options:
      - nosniff
      x-ms-arm-service-request-id:
      - bcb576cb-81f8-45da-844a-3c4fbce525df
    status:
      code: 200
      message: OK
- request:
    body: null
    headers:
      Accept:
      - application/json
      Accept-Encoding:
      - gzip, deflate
      Connection:
      - keep-alive
      Content-Length:
      - '0'
      User-Agent:
      - azsdk-python-azure-mgmt-network/19.1.0 Python/3.8.11 (Linux-5.8.0-1039-azure-x86_64-with-glibc2.2.5)
        VSTS_0fb41ef4-5012-48a9-bf39-4ee3de03ee35_build_2500_0
    method: DELETE
    uri: https://management.azure.com/subscriptions/00000000-0000-0000-0000-000000000000/resourceGroups/rgname/providers/Microsoft.Network/loadBalancers/myLoadBalancer?api-version=2021-03-01
  response:
    body:
      string: ''
    headers:
      azure-asyncnotification:
      - Enabled
      azure-asyncoperation:
      - https://management.azure.com/subscriptions/00000000-0000-0000-0000-000000000000/providers/Microsoft.Network/locations/eastus/operations/63a074f7-8dea-4140-859d-2334f8731a65?api-version=2021-03-01
      cache-control:
      - no-cache
      content-length:
      - '0'
      date:
      - Tue, 31 Aug 2021 02:47:35 GMT
      expires:
      - '-1'
      location:
      - https://management.azure.com/subscriptions/00000000-0000-0000-0000-000000000000/providers/Microsoft.Network/locations/eastus/operationResults/63a074f7-8dea-4140-859d-2334f8731a65?api-version=2021-03-01
      pragma:
      - no-cache
      server:
      - Microsoft-HTTPAPI/2.0
      - Microsoft-HTTPAPI/2.0
      strict-transport-security:
      - max-age=31536000; includeSubDomains
      x-content-type-options:
      - nosniff
      x-ms-arm-service-request-id:
      - 0925af56-a1eb-43bb-82ac-131739f3b926
      x-ms-ratelimit-remaining-subscription-deletes:
      - '14994'
    status:
      code: 202
      message: Accepted
- request:
    body: null
    headers:
      Accept:
      - '*/*'
      Accept-Encoding:
      - gzip, deflate
      Connection:
      - keep-alive
      User-Agent:
      - azsdk-python-azure-mgmt-network/19.1.0 Python/3.8.11 (Linux-5.8.0-1039-azure-x86_64-with-glibc2.2.5)
        VSTS_0fb41ef4-5012-48a9-bf39-4ee3de03ee35_build_2500_0
    method: GET
    uri: https://management.azure.com/subscriptions/00000000-0000-0000-0000-000000000000/providers/Microsoft.Network/locations/eastus/operations/63a074f7-8dea-4140-859d-2334f8731a65?api-version=2021-03-01
  response:
    body:
      string: "{\r\n  \"status\": \"Succeeded\"\r\n}"
    headers:
      cache-control:
      - no-cache
      content-length:
      - '29'
      content-type:
      - application/json; charset=utf-8
      date:
      - Tue, 31 Aug 2021 02:47:46 GMT
      expires:
      - '-1'
      pragma:
      - no-cache
      server:
      - Microsoft-HTTPAPI/2.0
      - Microsoft-HTTPAPI/2.0
      strict-transport-security:
      - max-age=31536000; includeSubDomains
      transfer-encoding:
      - chunked
      vary:
      - Accept-Encoding
      x-content-type-options:
      - nosniff
      x-ms-arm-service-request-id:
      - 5d924ec8-8c0d-4cdb-b2ef-b5424833f051
    status:
      code: 200
      message: OK
version: 1
