interactions:
- request:
    body: '{"location": "eastus"}'
    headers:
      Accept:
      - application/json
      Accept-Encoding:
      - gzip, deflate
      Connection:
      - keep-alive
      Content-Length:
      - '22'
      Content-Type:
      - application/json
      User-Agent:
      - azsdk-python-azure-mgmt-network/19.2.0 Python/3.8.12 (Linux-5.8.0-1042-azure-x86_64-with-glibc2.2.5)
        VSTS_0fb41ef4-5012-48a9-bf39-4ee3de03ee35_build_2500_0
    method: PUT
    uri: https://management.azure.com/subscriptions/00000000-0000-0000-0000-000000000000/resourceGroups/rgname/providers/Microsoft.Network/serviceEndpointPolicies/myServiceEndpointPolicy?api-version=2021-03-01
  response:
    body:
      string: "{\r\n  \"name\": \"myServiceEndpointPolicy\",\r\n  \"id\": \"/subscriptions/00000000-0000-0000-0000-000000000000/resourceGroups/rgname/providers/Microsoft.Network/serviceEndpointPolicies/myServiceEndpointPolicy\",\r\n
        \ \"etag\": \"W/\\\"8c0d01ca-b5a2-46a2-a008-57c71368b341\\\"\",\r\n  \"type\":
        \"Microsoft.Network/serviceEndpointPolicies\",\r\n  \"location\": \"eastus\",\r\n
        \ \"properties\": {\r\n    \"provisioningState\": \"Updating\",\r\n    \"resourceGuid\":
        \"1d19690e-5379-45c3-a42f-05a4bda71f8f\",\r\n    \"serviceEndpointPolicyDefinitions\":
        []\r\n  }\r\n}"
    headers:
      azure-asyncnotification:
      - Enabled
      azure-asyncoperation:
      - https://management.azure.com/subscriptions/00000000-0000-0000-0000-000000000000/providers/Microsoft.Network/locations/eastus/operations/091671a3-7b79-4ffd-8399-7a3303390d4f?api-version=2021-03-01
      cache-control:
      - no-cache
      content-length:
      - '583'
      content-type:
      - application/json; charset=utf-8
      date:
      - Thu, 21 Oct 2021 02:36:33 GMT
      expires:
      - '-1'
      pragma:
      - no-cache
      server:
      - Microsoft-HTTPAPI/2.0
      - Microsoft-HTTPAPI/2.0
      strict-transport-security:
      - max-age=31536000; includeSubDomains
      x-content-type-options:
      - nosniff
      x-ms-arm-service-request-id:
      - 21a52d5f-4dc5-4ec3-a6cc-27991ea1a97c
      x-ms-ratelimit-remaining-subscription-writes:
      - '1196'
    status:
      code: 201
      message: Created
- request:
    body: null
    headers:
      Accept:
      - '*/*'
      Accept-Encoding:
      - gzip, deflate
      Connection:
      - keep-alive
      User-Agent:
      - azsdk-python-azure-mgmt-network/19.2.0 Python/3.8.12 (Linux-5.8.0-1042-azure-x86_64-with-glibc2.2.5)
        VSTS_0fb41ef4-5012-48a9-bf39-4ee3de03ee35_build_2500_0
    method: GET
    uri: https://management.azure.com/subscriptions/00000000-0000-0000-0000-000000000000/providers/Microsoft.Network/locations/eastus/operations/091671a3-7b79-4ffd-8399-7a3303390d4f?api-version=2021-03-01
  response:
    body:
      string: "{\r\n  \"status\": \"Succeeded\"\r\n}"
    headers:
      cache-control:
      - no-cache
      content-length:
      - '29'
      content-type:
      - application/json; charset=utf-8
      date:
      - Thu, 21 Oct 2021 02:36:43 GMT
      expires:
      - '-1'
      pragma:
      - no-cache
      server:
      - Microsoft-HTTPAPI/2.0
      - Microsoft-HTTPAPI/2.0
      strict-transport-security:
      - max-age=31536000; includeSubDomains
      transfer-encoding:
      - chunked
      vary:
      - Accept-Encoding
      x-content-type-options:
      - nosniff
      x-ms-arm-service-request-id:
      - b5e0d73b-7c39-421a-b932-ae32bdd09578
    status:
      code: 200
      message: OK
- request:
    body: null
    headers:
      Accept:
      - '*/*'
      Accept-Encoding:
      - gzip, deflate
      Connection:
      - keep-alive
      User-Agent:
      - azsdk-python-azure-mgmt-network/19.2.0 Python/3.8.12 (Linux-5.8.0-1042-azure-x86_64-with-glibc2.2.5)
        VSTS_0fb41ef4-5012-48a9-bf39-4ee3de03ee35_build_2500_0
    method: GET
    uri: https://management.azure.com/subscriptions/00000000-0000-0000-0000-000000000000/resourceGroups/rgname/providers/Microsoft.Network/serviceEndpointPolicies/myServiceEndpointPolicy?api-version=2021-03-01
  response:
    body:
      string: "{\r\n  \"name\": \"myServiceEndpointPolicy\",\r\n  \"id\": \"/subscriptions/00000000-0000-0000-0000-000000000000/resourceGroups/rgname/providers/Microsoft.Network/serviceEndpointPolicies/myServiceEndpointPolicy\",\r\n
        \ \"etag\": \"W/\\\"0e895082-7b81-4825-8df6-f8fabefd0c4b\\\"\",\r\n  \"type\":
        \"Microsoft.Network/serviceEndpointPolicies\",\r\n  \"location\": \"eastus\",\r\n
        \ \"properties\": {\r\n    \"provisioningState\": \"Succeeded\",\r\n    \"resourceGuid\":
        \"1d19690e-5379-45c3-a42f-05a4bda71f8f\",\r\n    \"serviceEndpointPolicyDefinitions\":
        []\r\n  }\r\n}"
    headers:
      cache-control:
      - no-cache
      content-length:
      - '584'
      content-type:
      - application/json; charset=utf-8
      date:
      - Thu, 21 Oct 2021 02:36:43 GMT
      etag:
      - W/"0e895082-7b81-4825-8df6-f8fabefd0c4b"
      expires:
      - '-1'
      pragma:
      - no-cache
      server:
      - Microsoft-HTTPAPI/2.0
      - Microsoft-HTTPAPI/2.0
      strict-transport-security:
      - max-age=31536000; includeSubDomains
      transfer-encoding:
      - chunked
      vary:
      - Accept-Encoding
      x-content-type-options:
      - nosniff
      x-ms-arm-service-request-id:
      - 537b57a7-4796-4b65-b148-9ba4fc31b68a
    status:
      code: 200
      message: OK
- request:
    body: '{"properties": {"description": "Storage Service EndpointPolicy Definition",
      "service": "Microsoft.Storage", "serviceResources": ["/subscriptions/00000000-0000-0000-0000-000000000000/resourceGroups/rgname"]}}'
    headers:
      Accept:
      - application/json
      Accept-Encoding:
      - gzip, deflate
      Connection:
      - keep-alive
      Content-Length:
      - '281'
      Content-Type:
      - application/json
      User-Agent:
      - azsdk-python-azure-mgmt-network/19.2.0 Python/3.8.12 (Linux-5.8.0-1042-azure-x86_64-with-glibc2.2.5)
        VSTS_0fb41ef4-5012-48a9-bf39-4ee3de03ee35_build_2500_0
    method: PUT
    uri: https://management.azure.com/subscriptions/00000000-0000-0000-0000-000000000000/resourceGroups/rgname/providers/Microsoft.Network/serviceEndpointPolicies/myServiceEndpointPolicy/serviceEndpointPolicyDefinitions/myServiceEndpointPolicyDefinition?api-version=2021-03-01
  response:
    body:
      string: "{\r\n  \"name\": \"myServiceEndpointPolicyDefinition\",\r\n  \"id\":
        \"/subscriptions/00000000-0000-0000-0000-000000000000/resourceGroups/rgname/providers/Microsoft.Network/serviceEndpointPolicies/myServiceEndpointPolicy/serviceEndpointPolicyDefinitions/myServiceEndpointPolicyDefinition\",\r\n
        \ \"etag\": \"W/\\\"fb69b3bb-b0c3-4fce-b3f5-44f4db34eec6\\\"\",\r\n  \"properties\":
        {\r\n    \"provisioningState\": \"Updating\",\r\n    \"service\": \"Microsoft.Storage\",\r\n
        \   \"description\": \"Storage Service EndpointPolicy Definition\",\r\n    \"serviceResources\":
        [\r\n      \"/subscriptions/00000000-0000-0000-0000-000000000000/resourceGroups/rgname\"\r\n
        \   ]\r\n  },\r\n  \"type\": \"Microsoft.Network/serviceEndpointPolicies/serviceEndpointPolicyDefinitions\"\r\n}"
    headers:
      azure-asyncoperation:
      - https://management.azure.com/subscriptions/00000000-0000-0000-0000-000000000000/providers/Microsoft.Network/locations/eastus/operations/2df21bf5-95c9-4f60-9e0c-a89fe64250d5?api-version=2021-03-01
      cache-control:
      - no-cache
      content-length:
      - '856'
      content-type:
      - application/json; charset=utf-8
      date:
      - Thu, 21 Oct 2021 02:36:44 GMT
      expires:
      - '-1'
      pragma:
      - no-cache
      server:
      - Microsoft-HTTPAPI/2.0
      - Microsoft-HTTPAPI/2.0
      strict-transport-security:
      - max-age=31536000; includeSubDomains
      x-content-type-options:
      - nosniff
      x-ms-arm-service-request-id:
      - c1b58431-7cf9-4aaa-ac9e-fb302a7eccd4
      x-ms-ratelimit-remaining-subscription-writes:
      - '1195'
    status:
      code: 201
      message: Created
- request:
    body: null
    headers:
      Accept:
      - '*/*'
      Accept-Encoding:
      - gzip, deflate
      Connection:
      - keep-alive
      User-Agent:
      - azsdk-python-azure-mgmt-network/19.2.0 Python/3.8.12 (Linux-5.8.0-1042-azure-x86_64-with-glibc2.2.5)
        VSTS_0fb41ef4-5012-48a9-bf39-4ee3de03ee35_build_2500_0
    method: GET
    uri: https://management.azure.com/subscriptions/00000000-0000-0000-0000-000000000000/providers/Microsoft.Network/locations/eastus/operations/2df21bf5-95c9-4f60-9e0c-a89fe64250d5?api-version=2021-03-01
  response:
    body:
      string: "{\r\n  \"status\": \"Succeeded\"\r\n}"
    headers:
      cache-control:
      - no-cache
      content-length:
      - '29'
      content-type:
      - application/json; charset=utf-8
      date:
      - Thu, 21 Oct 2021 02:36:54 GMT
      expires:
      - '-1'
      pragma:
      - no-cache
      server:
      - Microsoft-HTTPAPI/2.0
      - Microsoft-HTTPAPI/2.0
      strict-transport-security:
      - max-age=31536000; includeSubDomains
      transfer-encoding:
      - chunked
      vary:
      - Accept-Encoding
      x-content-type-options:
      - nosniff
      x-ms-arm-service-request-id:
      - f8a9fb70-cfd4-4823-9103-271414a8ccbd
    status:
      code: 200
      message: OK
- request:
    body: null
    headers:
      Accept:
      - '*/*'
      Accept-Encoding:
      - gzip, deflate
      Connection:
      - keep-alive
      User-Agent:
      - azsdk-python-azure-mgmt-network/19.2.0 Python/3.8.12 (Linux-5.8.0-1042-azure-x86_64-with-glibc2.2.5)
        VSTS_0fb41ef4-5012-48a9-bf39-4ee3de03ee35_build_2500_0
    method: GET
    uri: https://management.azure.com/subscriptions/00000000-0000-0000-0000-000000000000/resourceGroups/rgname/providers/Microsoft.Network/serviceEndpointPolicies/myServiceEndpointPolicy/serviceEndpointPolicyDefinitions/myServiceEndpointPolicyDefinition?api-version=2021-03-01
  response:
    body:
      string: "{\r\n  \"name\": \"myServiceEndpointPolicyDefinition\",\r\n  \"id\":
        \"/subscriptions/00000000-0000-0000-0000-000000000000/resourceGroups/rgname/providers/Microsoft.Network/serviceEndpointPolicies/myServiceEndpointPolicy/serviceEndpointPolicyDefinitions/myServiceEndpointPolicyDefinition\",\r\n
        \ \"etag\": \"W/\\\"379658ca-6297-41e8-9434-dca2274e46c3\\\"\",\r\n  \"properties\":
        {\r\n    \"provisioningState\": \"Succeeded\",\r\n    \"service\": \"Microsoft.Storage\",\r\n
        \   \"description\": \"Storage Service EndpointPolicy Definition\",\r\n    \"serviceResources\":
        [\r\n      \"/subscriptions/00000000-0000-0000-0000-000000000000/resourceGroups/rgname\"\r\n
        \   ]\r\n  },\r\n  \"type\": \"Microsoft.Network/serviceEndpointPolicies/serviceEndpointPolicyDefinitions\"\r\n}"
    headers:
      cache-control:
      - no-cache
      content-length:
      - '857'
      content-type:
      - application/json; charset=utf-8
      date:
      - Thu, 21 Oct 2021 02:36:54 GMT
      etag:
      - W/"379658ca-6297-41e8-9434-dca2274e46c3"
      expires:
      - '-1'
      pragma:
      - no-cache
      server:
      - Microsoft-HTTPAPI/2.0
      - Microsoft-HTTPAPI/2.0
      strict-transport-security:
      - max-age=31536000; includeSubDomains
      transfer-encoding:
      - chunked
      vary:
      - Accept-Encoding
      x-content-type-options:
      - nosniff
      x-ms-arm-service-request-id:
      - 2a99372f-0303-4042-a6ed-9481bcdd31ce
    status:
      code: 200
      message: OK
- request:
    body: null
    headers:
      Accept:
      - application/json
      Accept-Encoding:
      - gzip, deflate
      Connection:
      - keep-alive
      User-Agent:
      - azsdk-python-azure-mgmt-network/19.2.0 Python/3.8.12 (Linux-5.8.0-1042-azure-x86_64-with-glibc2.2.5)
        VSTS_0fb41ef4-5012-48a9-bf39-4ee3de03ee35_build_2500_0
    method: GET
    uri: https://management.azure.com/subscriptions/00000000-0000-0000-0000-000000000000/resourceGroups/rgname/providers/Microsoft.Network/serviceEndpointPolicies/myServiceEndpointPolicy/serviceEndpointPolicyDefinitions/myServiceEndpointPolicyDefinition?api-version=2021-03-01
  response:
    body:
      string: "{\r\n  \"name\": \"myServiceEndpointPolicyDefinition\",\r\n  \"id\":
        \"/subscriptions/00000000-0000-0000-0000-000000000000/resourceGroups/rgname/providers/Microsoft.Network/serviceEndpointPolicies/myServiceEndpointPolicy/serviceEndpointPolicyDefinitions/myServiceEndpointPolicyDefinition\",\r\n
        \ \"etag\": \"W/\\\"379658ca-6297-41e8-9434-dca2274e46c3\\\"\",\r\n  \"properties\":
        {\r\n    \"provisioningState\": \"Succeeded\",\r\n    \"service\": \"Microsoft.Storage\",\r\n
        \   \"description\": \"Storage Service EndpointPolicy Definition\",\r\n    \"serviceResources\":
        [\r\n      \"/subscriptions/00000000-0000-0000-0000-000000000000/resourceGroups/rgname\"\r\n
        \   ]\r\n  },\r\n  \"type\": \"Microsoft.Network/serviceEndpointPolicies/serviceEndpointPolicyDefinitions\"\r\n}"
    headers:
      cache-control:
      - no-cache
      content-length:
      - '857'
      content-type:
      - application/json; charset=utf-8
      date:
      - Thu, 21 Oct 2021 02:36:54 GMT
      etag:
      - W/"379658ca-6297-41e8-9434-dca2274e46c3"
      expires:
      - '-1'
      pragma:
      - no-cache
      server:
      - Microsoft-HTTPAPI/2.0
      - Microsoft-HTTPAPI/2.0
      strict-transport-security:
      - max-age=31536000; includeSubDomains
      transfer-encoding:
      - chunked
      vary:
      - Accept-Encoding
      x-content-type-options:
      - nosniff
      x-ms-arm-service-request-id:
      - f69e5b08-6b27-463a-9823-4418bfd2946f
    status:
      code: 200
      message: OK
- request:
    body: null
    headers:
      Accept:
      - application/json
      Accept-Encoding:
      - gzip, deflate
      Connection:
      - keep-alive
      User-Agent:
      - azsdk-python-azure-mgmt-network/19.2.0 Python/3.8.12 (Linux-5.8.0-1042-azure-x86_64-with-glibc2.2.5)
        VSTS_0fb41ef4-5012-48a9-bf39-4ee3de03ee35_build_2500_0
    method: GET
    uri: https://management.azure.com/subscriptions/00000000-0000-0000-0000-000000000000/resourceGroups/rgname/providers/Microsoft.Network/serviceEndpointPolicies/myServiceEndpointPolicy?api-version=2021-03-01
  response:
    body:
      string: "{\r\n  \"name\": \"myServiceEndpointPolicy\",\r\n  \"id\": \"/subscriptions/00000000-0000-0000-0000-000000000000/resourceGroups/rgname/providers/Microsoft.Network/serviceEndpointPolicies/myServiceEndpointPolicy\",\r\n
        \ \"etag\": \"W/\\\"379658ca-6297-41e8-9434-dca2274e46c3\\\"\",\r\n  \"type\":
        \"Microsoft.Network/serviceEndpointPolicies\",\r\n  \"location\": \"eastus\",\r\n
        \ \"properties\": {\r\n    \"provisioningState\": \"Succeeded\",\r\n    \"resourceGuid\":
        \"1d19690e-5379-45c3-a42f-05a4bda71f8f\",\r\n    \"serviceEndpointPolicyDefinitions\":
        [\r\n      {\r\n        \"name\": \"myServiceEndpointPolicyDefinition\",\r\n
        \       \"id\": \"/subscriptions/00000000-0000-0000-0000-000000000000/resourceGroups/rgname/providers/Microsoft.Network/serviceEndpointPolicies/myServiceEndpointPolicy/serviceEndpointPolicyDefinitions/myServiceEndpointPolicyDefinition\",\r\n
        \       \"etag\": \"W/\\\"379658ca-6297-41e8-9434-dca2274e46c3\\\"\",\r\n
        \       \"properties\": {\r\n          \"provisioningState\": \"Succeeded\",\r\n
        \         \"service\": \"Microsoft.Storage\",\r\n          \"description\":
        \"Storage Service EndpointPolicy Definition\",\r\n          \"serviceResources\":
        [\r\n            \"/subscriptions/00000000-0000-0000-0000-000000000000/resourceGroups/rgname\"\r\n
        \         ]\r\n        },\r\n        \"type\": \"Microsoft.Network/serviceEndpointPolicies/serviceEndpointPolicyDefinitions\"\r\n
        \     }\r\n    ]\r\n  }\r\n}"
    headers:
      cache-control:
      - no-cache
      content-length:
      - '1533'
      content-type:
      - application/json; charset=utf-8
      date:
      - Thu, 21 Oct 2021 02:36:54 GMT
      etag:
      - W/"379658ca-6297-41e8-9434-dca2274e46c3"
      expires:
      - '-1'
      pragma:
      - no-cache
      server:
      - Microsoft-HTTPAPI/2.0
      - Microsoft-HTTPAPI/2.0
      strict-transport-security:
      - max-age=31536000; includeSubDomains
      transfer-encoding:
      - chunked
      vary:
      - Accept-Encoding
      x-content-type-options:
      - nosniff
      x-ms-arm-service-request-id:
      - ecb91507-d813-4852-82e5-ddbe1354fbc0
    status:
      code: 200
      message: OK
- request:
    body: '{"tags": {"tag1": "value1", "tag2": "value2"}}'
    headers:
      Accept:
      - application/json
      Accept-Encoding:
      - gzip, deflate
      Connection:
      - keep-alive
      Content-Length:
      - '46'
      Content-Type:
      - application/json
      User-Agent:
      - azsdk-python-azure-mgmt-network/19.2.0 Python/3.8.12 (Linux-5.8.0-1042-azure-x86_64-with-glibc2.2.5)
        VSTS_0fb41ef4-5012-48a9-bf39-4ee3de03ee35_build_2500_0
    method: PATCH
    uri: https://management.azure.com/subscriptions/00000000-0000-0000-0000-000000000000/resourceGroups/rgname/providers/Microsoft.Network/serviceEndpointPolicies/myServiceEndpointPolicy?api-version=2021-03-01
  response:
    body:
      string: "{\r\n  \"name\": \"myServiceEndpointPolicy\",\r\n  \"id\": \"/subscriptions/00000000-0000-0000-0000-000000000000/resourceGroups/rgname/providers/Microsoft.Network/serviceEndpointPolicies/myServiceEndpointPolicy\",\r\n
        \ \"etag\": \"W/\\\"1807c544-bfe7-4fe0-b8c7-fb049188adea\\\"\",\r\n  \"type\":
        \"Microsoft.Network/serviceEndpointPolicies\",\r\n  \"location\": \"eastus\",\r\n
        \ \"tags\": {\r\n    \"tag1\": \"value1\",\r\n    \"tag2\": \"value2\"\r\n
        \ },\r\n  \"properties\": {\r\n    \"provisioningState\": \"Succeeded\",\r\n
        \   \"resourceGuid\": \"1d19690e-5379-45c3-a42f-05a4bda71f8f\",\r\n    \"serviceEndpointPolicyDefinitions\":
        [\r\n      {\r\n        \"name\": \"myServiceEndpointPolicyDefinition\",\r\n
        \       \"id\": \"/subscriptions/00000000-0000-0000-0000-000000000000/resourceGroups/rgname/providers/Microsoft.Network/serviceEndpointPolicies/myServiceEndpointPolicy/serviceEndpointPolicyDefinitions/myServiceEndpointPolicyDefinition\",\r\n
        \       \"etag\": \"W/\\\"1807c544-bfe7-4fe0-b8c7-fb049188adea\\\"\",\r\n
        \       \"properties\": {\r\n          \"provisioningState\": \"Succeeded\",\r\n
        \         \"service\": \"Microsoft.Storage\",\r\n          \"description\":
        \"Storage Service EndpointPolicy Definition\",\r\n          \"serviceResources\":
        [\r\n            \"/subscriptions/00000000-0000-0000-0000-000000000000/resourceGroups/rgname\"\r\n
        \         ]\r\n        },\r\n        \"type\": \"Microsoft.Network/serviceEndpointPolicies/serviceEndpointPolicyDefinitions\"\r\n
        \     }\r\n    ]\r\n  }\r\n}"
    headers:
      azure-asyncnotification:
      - Enabled
      cache-control:
      - no-cache
      content-length:
      - '1597'
      content-type:
      - application/json; charset=utf-8
      date:
      - Thu, 21 Oct 2021 02:36:55 GMT
      expires:
      - '-1'
      pragma:
      - no-cache
      server:
      - Microsoft-HTTPAPI/2.0
      - Microsoft-HTTPAPI/2.0
      strict-transport-security:
      - max-age=31536000; includeSubDomains
      transfer-encoding:
      - chunked
      vary:
      - Accept-Encoding
      x-content-type-options:
      - nosniff
      x-ms-arm-service-request-id:
      - a9d25b28-8710-4c3e-a8e4-be3dcf51eb9b
      x-ms-ratelimit-remaining-subscription-writes:
      - '1194'
    status:
      code: 200
      message: OK
- request:
    body: null
    headers:
      Accept:
      - application/json
      Accept-Encoding:
      - gzip, deflate
      Connection:
      - keep-alive
      Content-Length:
      - '0'
      User-Agent:
      - azsdk-python-azure-mgmt-network/19.2.0 Python/3.8.12 (Linux-5.8.0-1042-azure-x86_64-with-glibc2.2.5)
        VSTS_0fb41ef4-5012-48a9-bf39-4ee3de03ee35_build_2500_0
    method: DELETE
    uri: https://management.azure.com/subscriptions/00000000-0000-0000-0000-000000000000/resourceGroups/rgname/providers/Microsoft.Network/serviceEndpointPolicies/myServiceEndpointPolicy/serviceEndpointPolicyDefinitions/myServiceEndpointPolicyDefinition?api-version=2021-03-01
  response:
    body:
      string: ''
    headers:
      azure-asyncoperation:
      - https://management.azure.com/subscriptions/00000000-0000-0000-0000-000000000000/providers/Microsoft.Network/locations/eastus/operations/5df58acf-5c81-4981-aae6-91930c677fab?api-version=2021-03-01
      cache-control:
      - no-cache
      content-length:
      - '0'
      date:
      - Thu, 21 Oct 2021 02:36:56 GMT
      expires:
      - '-1'
      location:
      - https://management.azure.com/subscriptions/00000000-0000-0000-0000-000000000000/providers/Microsoft.Network/locations/eastus/operationResults/5df58acf-5c81-4981-aae6-91930c677fab?api-version=2021-03-01
      pragma:
      - no-cache
      server:
      - Microsoft-HTTPAPI/2.0
      - Microsoft-HTTPAPI/2.0
      strict-transport-security:
      - max-age=31536000; includeSubDomains
      x-content-type-options:
      - nosniff
      x-ms-arm-service-request-id:
      - 69b5cbf0-3b22-43a1-ae59-57c0f22aae81
      x-ms-ratelimit-remaining-subscription-deletes:
      - '14997'
    status:
      code: 202
      message: Accepted
- request:
    body: null
    headers:
      Accept:
      - '*/*'
      Accept-Encoding:
      - gzip, deflate
      Connection:
      - keep-alive
      User-Agent:
      - azsdk-python-azure-mgmt-network/19.2.0 Python/3.8.12 (Linux-5.8.0-1042-azure-x86_64-with-glibc2.2.5)
        VSTS_0fb41ef4-5012-48a9-bf39-4ee3de03ee35_build_2500_0
    method: GET
    uri: https://management.azure.com/subscriptions/00000000-0000-0000-0000-000000000000/providers/Microsoft.Network/locations/eastus/operations/5df58acf-5c81-4981-aae6-91930c677fab?api-version=2021-03-01
  response:
    body:
      string: "{\r\n  \"status\": \"Succeeded\"\r\n}"
    headers:
      cache-control:
      - no-cache
      content-length:
      - '29'
      content-type:
      - application/json; charset=utf-8
      date:
      - Thu, 21 Oct 2021 02:37:06 GMT
      expires:
      - '-1'
      pragma:
      - no-cache
      server:
      - Microsoft-HTTPAPI/2.0
      - Microsoft-HTTPAPI/2.0
      strict-transport-security:
      - max-age=31536000; includeSubDomains
      transfer-encoding:
      - chunked
      vary:
      - Accept-Encoding
      x-content-type-options:
      - nosniff
      x-ms-arm-service-request-id:
      - a8421e0e-60ec-4fa6-8c2f-45eae9d95aa2
    status:
      code: 200
      message: OK
- request:
    body: null
    headers:
      Accept:
      - application/json
      Accept-Encoding:
      - gzip, deflate
      Connection:
      - keep-alive
      Content-Length:
      - '0'
      User-Agent:
      - azsdk-python-azure-mgmt-network/19.2.0 Python/3.8.12 (Linux-5.8.0-1042-azure-x86_64-with-glibc2.2.5)
        VSTS_0fb41ef4-5012-48a9-bf39-4ee3de03ee35_build_2500_0
    method: DELETE
    uri: https://management.azure.com/subscriptions/00000000-0000-0000-0000-000000000000/resourceGroups/rgname/providers/Microsoft.Network/serviceEndpointPolicies/myServiceEndpointPolicy?api-version=2021-03-01
  response:
    body:
      string: ''
    headers:
      azure-asyncnotification:
      - Enabled
      azure-asyncoperation:
      - https://management.azure.com/subscriptions/00000000-0000-0000-0000-000000000000/providers/Microsoft.Network/locations/eastus/operations/5004cd2f-4ba0-4cfb-bb06-af583e8ee5b7?api-version=2021-03-01
      cache-control:
      - no-cache
      content-length:
      - '0'
      date:
      - Thu, 21 Oct 2021 02:37:06 GMT
      expires:
      - '-1'
      location:
      - https://management.azure.com/subscriptions/00000000-0000-0000-0000-000000000000/providers/Microsoft.Network/locations/eastus/operationResults/5004cd2f-4ba0-4cfb-bb06-af583e8ee5b7?api-version=2021-03-01
      pragma:
      - no-cache
      server:
      - Microsoft-HTTPAPI/2.0
      - Microsoft-HTTPAPI/2.0
      strict-transport-security:
      - max-age=31536000; includeSubDomains
      x-content-type-options:
      - nosniff
      x-ms-arm-service-request-id:
      - 1ed54e60-76f8-44ff-9343-c6416f132753
      x-ms-ratelimit-remaining-subscription-deletes:
      - '14996'
    status:
      code: 202
      message: Accepted
- request:
    body: null
    headers:
      Accept:
      - '*/*'
      Accept-Encoding:
      - gzip, deflate
      Connection:
      - keep-alive
      User-Agent:
      - azsdk-python-azure-mgmt-network/19.2.0 Python/3.8.12 (Linux-5.8.0-1042-azure-x86_64-with-glibc2.2.5)
        VSTS_0fb41ef4-5012-48a9-bf39-4ee3de03ee35_build_2500_0
    method: GET
    uri: https://management.azure.com/subscriptions/00000000-0000-0000-0000-000000000000/providers/Microsoft.Network/locations/eastus/operations/5004cd2f-4ba0-4cfb-bb06-af583e8ee5b7?api-version=2021-03-01
  response:
    body:
      string: "{\r\n  \"status\": \"Succeeded\"\r\n}"
    headers:
      cache-control:
      - no-cache
      content-length:
      - '29'
      content-type:
      - application/json; charset=utf-8
      date:
      - Thu, 21 Oct 2021 02:37:16 GMT
      expires:
      - '-1'
      pragma:
      - no-cache
      server:
      - Microsoft-HTTPAPI/2.0
      - Microsoft-HTTPAPI/2.0
      strict-transport-security:
      - max-age=31536000; includeSubDomains
      transfer-encoding:
      - chunked
      vary:
      - Accept-Encoding
      x-content-type-options:
      - nosniff
      x-ms-arm-service-request-id:
      - a35e92d8-4e94-4c84-b5db-ac16a5a228bd
    status:
      code: 200
      message: OK
version: 1
