{
  "Entries": [
    {
      "RequestUri": "https://storagename.blob.core.windows.net/filesystemadb437f4?restype=container\u0026timeout=5",
      "RequestMethod": "PUT",
      "RequestHeaders": {
        "Accept": "application/xml",
        "Accept-Encoding": "gzip, deflate",
        "Content-Length": "0",
        "User-Agent": "azsdk-python-storage-dfs/12.9.0b1 Python/3.10.2 (Windows-10-10.0.19044-SP0)",
        "x-ms-date": "Tue, 23 Aug 2022 01:20:43 GMT",
        "x-ms-version": "2021-08-06"
      },
      "RequestBody": null,
      "StatusCode": 201,
      "ResponseHeaders": {
        "Content-Length": "0",
        "Date": "Tue, 23 Aug 2022 01:20:42 GMT",
        "ETag": "\u00220x8DA84A5B301CAEF\u0022",
        "Last-Modified": "Tue, 23 Aug 2022 01:20:43 GMT",
        "Server": [
          "Windows-Azure-Blob/1.0",
          "Microsoft-HTTPAPI/2.0"
        ],
        "x-ms-version": "2021-08-06"
      },
      "ResponseBody": null
    },
    {
      "RequestUri": "https://storagename.dfs.core.windows.net/filesystemadb437f4/directoryadb437f4?resource=directory",
      "RequestMethod": "PUT",
      "RequestHeaders": {
        "Accept": "application/json",
        "Accept-Encoding": "gzip, deflate",
        "Content-Length": "0",
        "User-Agent": "azsdk-python-storage-dfs/12.9.0b1 Python/3.10.2 (Windows-10-10.0.19044-SP0)",
        "x-ms-date": "Tue, 23 Aug 2022 01:20:43 GMT",
        "x-ms-version": "2021-08-06"
      },
      "RequestBody": null,
      "StatusCode": 201,
      "ResponseHeaders": {
        "Content-Length": "0",
        "Date": "Tue, 23 Aug 2022 01:20:42 GMT",
        "ETag": "\u00220x8DA84A5B3144F1C\u0022",
        "Last-Modified": "Tue, 23 Aug 2022 01:20:43 GMT",
        "Server": [
          "Windows-Azure-HDFS/1.0",
          "Microsoft-HTTPAPI/2.0"
        ],
        "x-ms-request-server-encrypted": "true",
        "x-ms-version": "2021-08-06"
      },
      "ResponseBody": null
    },
    {
      "RequestUri": "https://storagename.dfs.core.windows.net/filesystemadb437f4/directoryadb437f4%2Ffilename?resource=file",
      "RequestMethod": "PUT",
      "RequestHeaders": {
        "Accept": "application/json",
        "Accept-Encoding": "gzip, deflate",
        "Content-Length": "0",
        "User-Agent": "azsdk-python-storage-dfs/12.9.0b1 Python/3.10.2 (Windows-10-10.0.19044-SP0)",
        "x-ms-date": "Tue, 23 Aug 2022 01:20:43 GMT",
        "x-ms-version": "2021-08-06"
      },
      "RequestBody": null,
      "StatusCode": 201,
      "ResponseHeaders": {
        "Content-Length": "0",
        "Date": "Tue, 23 Aug 2022 01:20:42 GMT",
        "ETag": "\u00220x8DA84A5B323CCF0\u0022",
        "Last-Modified": "Tue, 23 Aug 2022 01:20:43 GMT",
        "Server": [
          "Windows-Azure-HDFS/1.0",
          "Microsoft-HTTPAPI/2.0"
        ],
        "x-ms-request-server-encrypted": "true",
        "x-ms-version": "2021-08-06"
      },
      "ResponseBody": null
    },
    {
      "RequestUri": "https://storagename.dfs.core.windows.net/filesystemadb437f4/directoryadb437f4%2Ffilename?action=append\u0026position=0",
      "RequestMethod": "PATCH",
      "RequestHeaders": {
        "Accept": "application/json",
        "Accept-Encoding": "gzip, deflate",
        "Content-Length": "100",
        "Content-Type": "application/json",
        "User-Agent": "azsdk-python-storage-dfs/12.9.0b1 Python/3.10.2 (Windows-10-10.0.19044-SP0)",
        "x-ms-date": "Tue, 23 Aug 2022 01:20:43 GMT",
        "x-ms-version": "2021-08-06"
      },
      "RequestBody": "aaaaaaaaaaaaaaaaaaaaaaaaaaaaaaaaaaaaaaaaaaaaaaaaaaaaaaaaaaaaaaaaaaaaaaaaaaaaaaaaaaaaaaaaaaaaaaaaaaaa",
      "StatusCode": 202,
      "ResponseHeaders": {
        "Content-Length": "0",
        "Date": "Tue, 23 Aug 2022 01:20:42 GMT",
        "Server": [
          "Windows-Azure-HDFS/1.0",
          "Microsoft-HTTPAPI/2.0"
        ],
        "x-ms-request-server-encrypted": "true",
        "x-ms-version": "2021-08-06"
      },
      "ResponseBody": null
    },
    {
      "RequestUri": "https://storagename.dfs.core.windows.net/filesystemadb437f4/directoryadb437f4%2Ffilename?action=flush\u0026position=100\u0026close=true",
      "RequestMethod": "PATCH",
      "RequestHeaders": {
        "Accept": "application/json",
        "Accept-Encoding": "gzip, deflate",
        "Content-Length": "0",
        "If-Match": "\u00220x8DA84A5B323CCF0\u0022",
        "User-Agent": "azsdk-python-storage-dfs/12.9.0b1 Python/3.10.2 (Windows-10-10.0.19044-SP0)",
        "x-ms-content-disposition": "inline",
        "x-ms-content-language": "spanish",
        "x-ms-date": "Tue, 23 Aug 2022 01:20:43 GMT",
        "x-ms-version": "2021-08-06"
      },
      "RequestBody": null,
      "StatusCode": 200,
      "ResponseHeaders": {
        "Content-Length": "0",
        "Date": "Tue, 23 Aug 2022 01:20:43 GMT",
        "ETag": "\u00220x8DA84A5B347E424\u0022",
        "Last-Modified": "Tue, 23 Aug 2022 01:20:43 GMT",
        "Server": [
          "Windows-Azure-HDFS/1.0",
          "Microsoft-HTTPAPI/2.0"
        ],
        "x-ms-request-server-encrypted": "false",
        "x-ms-version": "2021-08-06"
      },
      "ResponseBody": null
    },
    {
      "RequestUri": "https://storagename.blob.core.windows.net/filesystemadb437f4/directoryadb437f4/filename",
      "RequestMethod": "GET",
      "RequestHeaders": {
        "Accept": "application/xml",
        "Accept-Encoding": "gzip, deflate",
        "User-Agent": "azsdk-python-storage-dfs/12.9.0b1 Python/3.10.2 (Windows-10-10.0.19044-SP0)",
        "x-ms-date": "Tue, 23 Aug 2022 01:20:43 GMT",
        "x-ms-range": "bytes=0-33554431",
        "x-ms-version": "2021-08-06"
      },
      "RequestBody": null,
      "StatusCode": 206,
      "ResponseHeaders": {
        "Accept-Ranges": "bytes",
        "Content-Disposition": "inline",
        "Content-Language": "spanish",
        "Content-Length": "100",
        "Content-Range": "bytes 0-99/100",
        "Content-Type": "application/octet-stream",
        "Date": "Tue, 23 Aug 2022 01:20:42 GMT",
        "ETag": "\u00220x8DA84A5B347E424\u0022",
        "Last-Modified": "Tue, 23 Aug 2022 01:20:43 GMT",
        "Server": [
          "Windows-Azure-Blob/1.0",
          "Microsoft-HTTPAPI/2.0"
        ],
        "x-ms-blob-type": "BlockBlob",
        "x-ms-creation-time": "Tue, 23 Aug 2022 01:20:43 GMT",
        "x-ms-group": "$superuser",
        "x-ms-lease-state": "available",
        "x-ms-lease-status": "unlocked",
        "x-ms-owner": "$superuser",
        "x-ms-permissions": "rw-r-----",
        "x-ms-resource-type": "file",
        "x-ms-server-encrypted": "true",
        "x-ms-version": "2021-08-06"
      },
      "ResponseBody": "YWFhYWFhYWFhYWFhYWFhYWFhYWFhYWFhYWFhYWFhYWFhYWFhYWFhYWFhYWFhYWFhYWFhYWFhYWFhYWFhYWFhYWFhYWFhYWFhYWFhYWFhYWFhYWFhYWFhYWFhYWFhYWFhYWFhYQ=="
    },
    {
      "RequestUri": "https://storagename.blob.core.windows.net/filesystemadb437f4/directoryadb437f4/filename",
      "RequestMethod": "HEAD",
      "RequestHeaders": {
        "Accept": "application/xml",
        "Accept-Encoding": "gzip, deflate",
        "User-Agent": "azsdk-python-storage-dfs/12.9.0b1 Python/3.10.2 (Windows-10-10.0.19044-SP0)",
        "x-ms-date": "Tue, 23 Aug 2022 01:20:43 GMT",
        "x-ms-version": "2021-08-06"
      },
      "RequestBody": null,
      "StatusCode": 200,
      "ResponseHeaders": {
        "Accept-Ranges": "bytes",
        "Content-Disposition": "inline",
        "Content-Language": "spanish",
        "Content-Length": "100",
        "Content-Type": "application/octet-stream",
        "Date": "Tue, 23 Aug 2022 01:20:43 GMT",
        "ETag": "\u00220x8DA84A5B347E424\u0022",
        "Last-Modified": "Tue, 23 Aug 2022 01:20:43 GMT",
        "Server": [
          "Windows-Azure-Blob/1.0",
          "Microsoft-HTTPAPI/2.0"
        ],
        "x-ms-access-tier": "Hot",
        "x-ms-access-tier-inferred": "true",
        "x-ms-blob-type": "BlockBlob",
        "x-ms-creation-time": "Tue, 23 Aug 2022 01:20:43 GMT",
        "x-ms-group": "$superuser",
        "x-ms-lease-state": "available",
        "x-ms-lease-status": "unlocked",
        "x-ms-owner": "$superuser",
        "x-ms-permissions": "rw-r-----",
        "x-ms-resource-type": "file",
        "x-ms-server-encrypted": "true",
        "x-ms-version": "2021-08-06"
      },
      "ResponseBody": null
    }
  ],
  "Variables": {}
}
