interactions:
- request:
    body: null
    headers:
      Accept:
      - application/xml
      User-Agent:
      - azsdk-python-storage-dfs/12.8.0b1 Python/3.10.2 (Windows-10-10.0.19044-SP0)
      x-ms-date:
      - Wed, 01 Jun 2022 23:45:52 GMT
      x-ms-version:
      - '2021-08-06'
    method: PUT
    uri: https://storagename.blob.core.windows.net/filesystem5ecd1638?restype=container&timeout=5
  response:
    body:
      string: ''
    headers:
      content-length: '0'
      date: Wed, 01 Jun 2022 23:45:51 GMT
      etag: '"0x8DA4428DCD84CFE"'
      last-modified: Wed, 01 Jun 2022 23:45:52 GMT
      server: Windows-Azure-Blob/1.0 Microsoft-HTTPAPI/2.0
      x-ms-version: '2021-08-06'
    status:
      code: 201
      message: Created
    url: https://vincenttranhns.blob.core.windows.net/filesystem5ecd1638?restype=container&timeout=5
- request:
    body: null
    headers:
      Accept:
      - application/json
      User-Agent:
      - azsdk-python-storage-dfs/12.8.0b1 Python/3.10.2 (Windows-10-10.0.19044-SP0)
      x-ms-date:
      - Wed, 01 Jun 2022 23:45:52 GMT
      x-ms-version:
      - '2021-08-06'
    method: PUT
    uri: https://storagename.dfs.core.windows.net/filesystem5ecd1638/directory5ecd1638?resource=directory
  response:
    body:
      string: ''
    headers:
      content-length: '0'
      date: Wed, 01 Jun 2022 23:45:51 GMT
      etag: '"0x8DA4428DD048871"'
      last-modified: Wed, 01 Jun 2022 23:45:52 GMT
      server: Windows-Azure-HDFS/1.0 Microsoft-HTTPAPI/2.0
      x-ms-request-server-encrypted: 'true'
      x-ms-version: '2021-08-06'
    status:
      code: 201
      message: Created
    url: https://vincenttranhns.dfs.core.windows.net/filesystem5ecd1638/directory5ecd1638?resource=directory
- request:
    body: null
    headers:
      Accept:
      - application/json
      User-Agent:
      - azsdk-python-storage-dfs/12.8.0b1 Python/3.10.2 (Windows-10-10.0.19044-SP0)
      x-ms-date:
      - Wed, 01 Jun 2022 23:45:52 GMT
      x-ms-expiry-option:
      - Absolute
      x-ms-expiry-time:
      - Thu, 04 Apr 2075 00:00:00 GMT
      x-ms-version:
      - '2021-08-06'
    method: PUT
    uri: https://storagename.dfs.core.windows.net/filesystem5ecd1638/directory5ecd1638%2Ffilename?resource=file
  response:
    body:
      string: ''
    headers:
      content-length: '0'
      date: Wed, 01 Jun 2022 23:45:52 GMT
      etag: '"0x8DA4428DD11F840"'
      last-modified: Wed, 01 Jun 2022 23:45:52 GMT
      server: Windows-Azure-HDFS/1.0 Microsoft-HTTPAPI/2.0
      x-ms-request-server-encrypted: 'true'
      x-ms-version: '2021-08-06'
    status:
      code: 201
      message: Created
    url: https://vincenttranhns.dfs.core.windows.net/filesystem5ecd1638/directory5ecd1638%2Ffilename?resource=file
- request:
    body: null
    headers:
      Accept:
      - application/xml
      User-Agent:
      - azsdk-python-storage-dfs/12.8.0b1 Python/3.10.2 (Windows-10-10.0.19044-SP0)
      x-ms-date:
      - Wed, 01 Jun 2022 23:45:52 GMT
      x-ms-version:
      - '2021-08-06'
    method: HEAD
    uri: https://storagename.blob.core.windows.net/filesystem5ecd1638/directory5ecd1638/filename
  response:
    body:
      string: ''
    headers:
      accept-ranges: bytes
      content-length: '0'
      content-type: application/octet-stream
      date: Wed, 01 Jun 2022 23:45:51 GMT
      etag: '"0x8DA4428DD11F840"'
      last-modified: Wed, 01 Jun 2022 23:45:52 GMT
      server: Windows-Azure-Blob/1.0 Microsoft-HTTPAPI/2.0
      x-ms-access-tier: Hot
      x-ms-access-tier-inferred: 'true'
      x-ms-blob-type: BlockBlob
      x-ms-creation-time: Wed, 01 Jun 2022 23:45:52 GMT
      x-ms-expiry-time: Thu, 04 Apr 2075 00:00:00 GMT
      x-ms-group: $superuser
      x-ms-lease-state: available
      x-ms-lease-status: unlocked
      x-ms-owner: $superuser
      x-ms-permissions: rw-r-----
      x-ms-resource-type: file
      x-ms-server-encrypted: 'true'
      x-ms-version: '2021-08-06'
    status:
      code: 200
      message: OK
    url: https://vincenttranhns.blob.core.windows.net/filesystem5ecd1638/directory5ecd1638/filename
- request:
    body: null
    headers:
      Accept:
      - application/xml
      User-Agent:
      - azsdk-python-storage-dfs/12.8.0b1 Python/3.10.2 (Windows-10-10.0.19044-SP0)
      x-ms-date:
      - Wed, 01 Jun 2022 23:45:52 GMT
      x-ms-version:
      - '2021-08-06'
    method: DELETE
    uri: https://storagename.blob.core.windows.net/filesystem5ecd1638?restype=container
  response:
    body:
      string: ''
    headers:
      content-length: '0'
      date: Wed, 01 Jun 2022 23:45:51 GMT
      server: Windows-Azure-Blob/1.0 Microsoft-HTTPAPI/2.0
      x-ms-version: '2021-08-06'
    status:
      code: 202
      message: Accepted
    url: https://vincenttranhns.blob.core.windows.net/filesystem5ecd1638?restype=container
version: 1
