interactions:
- request:
    body: null
    headers:
      Accept:
      - application/xml
      Accept-Encoding:
      - gzip, deflate
      Connection:
      - keep-alive
      Content-Length:
      - '0'
      User-Agent:
      - azsdk-python-storage-dfs/12.8.0b1 Python/3.10.2 (Windows-10-10.0.19044-SP0)
      x-ms-date:
      - Fri, 06 May 2022 01:14:24 GMT
      x-ms-version:
      - '2021-06-08'
    method: PUT
    uri: https://storagename.blob.core.windows.net/filesystemc44917f3?restype=container&timeout=5
  response:
    body:
      string: ''
    headers:
      content-length:
      - '0'
      date:
      - Fri, 06 May 2022 01:14:25 GMT
      etag:
      - '"0x8DA2EFDC2F01C2A"'
      last-modified:
      - Fri, 06 May 2022 01:14:25 GMT
      server:
      - Windows-Azure-Blob/1.0 Microsoft-HTTPAPI/2.0
      x-ms-version:
      - '2021-06-08'
    status:
      code: 201
      message: Created
- request:
    body: null
    headers:
      Accept:
      - application/json
      Accept-Encoding:
      - gzip, deflate
      Connection:
      - keep-alive
      Content-Length:
      - '0'
      User-Agent:
      - azsdk-python-storage-dfs/12.8.0b1 Python/3.10.2 (Windows-10-10.0.19044-SP0)
      x-ms-date:
      - Fri, 06 May 2022 01:14:25 GMT
      x-ms-lease-duration:
      - '15'
      x-ms-proposed-lease-id:
      - 573c0021-c343-4461-8b4e-38c89427d72c
      x-ms-version:
      - '2021-06-08'
    method: PUT
    uri: https://storagename.dfs.core.windows.net/filesystemc44917f3/directoryc44917f3%2Fsub1?resource=directory
  response:
    body:
      string: ''
    headers:
      content-length:
      - '0'
      date:
      - Fri, 06 May 2022 01:14:26 GMT
      etag:
      - '"0x8DA2EFDC3326D20"'
      last-modified:
      - Fri, 06 May 2022 01:14:26 GMT
      server:
      - Windows-Azure-HDFS/1.0 Microsoft-HTTPAPI/2.0
      x-ms-request-server-encrypted:
      - 'true'
      x-ms-version:
      - '2021-06-08'
    status:
      code: 201
      message: Created
- request:
    body: null
    headers:
      Accept:
      - application/xml
      Accept-Encoding:
      - gzip, deflate
      Connection:
      - keep-alive
      User-Agent:
      - azsdk-python-storage-dfs/12.8.0b1 Python/3.10.2 (Windows-10-10.0.19044-SP0)
      x-ms-date:
      - Fri, 06 May 2022 01:14:25 GMT
      x-ms-version:
      - '2021-06-08'
    method: HEAD
    uri: https://storagename.blob.core.windows.net/filesystemc44917f3/directoryc44917f3/sub1
  response:
    body:
      string: ''
    headers:
      accept-ranges:
      - bytes
      content-length:
      - '0'
      content-type:
      - application/octet-stream
      date:
      - Fri, 06 May 2022 01:14:25 GMT
      etag:
      - '"0x8DA2EFDC3326D20"'
      last-modified:
      - Fri, 06 May 2022 01:14:26 GMT
      server:
      - Windows-Azure-Blob/1.0 Microsoft-HTTPAPI/2.0
      x-ms-access-tier:
      - Hot
      x-ms-access-tier-inferred:
      - 'true'
      x-ms-blob-type:
      - BlockBlob
      x-ms-creation-time:
      - Fri, 06 May 2022 01:14:26 GMT
      x-ms-group:
      - $superuser
      x-ms-lease-duration:
      - fixed
      x-ms-lease-state:
      - leased
      x-ms-lease-status:
      - locked
      x-ms-meta-hdi_isfolder:
      - 'true'
      x-ms-owner:
      - $superuser
      x-ms-permissions:
      - rwxr-x---
      x-ms-resource-type:
      - directory
      x-ms-server-encrypted:
      - 'true'
      x-ms-version:
      - '2021-06-08'
    status:
      code: 200
      message: OK
- request:
    body: null
    headers:
      Accept:
      - application/xml
      Accept-Encoding:
      - gzip, deflate
      Connection:
      - keep-alive
      Content-Length:
      - '0'
      User-Agent:
      - azsdk-python-storage-dfs/12.8.0b1 Python/3.10.2 (Windows-10-10.0.19044-SP0)
      x-ms-date:
      - Fri, 06 May 2022 01:14:25 GMT
      x-ms-version:
      - '2021-06-08'
    method: DELETE
    uri: https://storagename.blob.core.windows.net/filesystemc44917f3?restype=container
  response:
    body:
      string: ''
    headers:
      content-length:
      - '0'
      date:
      - Fri, 06 May 2022 01:14:26 GMT
      server:
      - Windows-Azure-Blob/1.0 Microsoft-HTTPAPI/2.0
      x-ms-version:
      - '2021-06-08'
    status:
      code: 202
      message: Accepted
- request:
    body: null
    headers:
      Accept:
      - application/xml
      Accept-Encoding:
      - gzip, deflate
      Connection:
      - keep-alive
      User-Agent:
      - azsdk-python-storage-blob/12.13.0b1 Python/3.10.2 (Windows-10-10.0.19044-SP0)
      x-ms-date:
      - Fri, 06 May 2022 01:14:25 GMT
      x-ms-version:
      - '2021-08-06'
    method: GET
    uri: https://storagename.blob.core.windows.net/?comp=list&include=
  response:
    body:
      string: "\uFEFF<?xml version=\"1.0\" encoding=\"utf-8\"?>\n<Error><Code>InvalidHeaderValue</Code><Message>The
        value for one of the HTTP headers is not in the correct format.\nRequestId:c49e3287-101e-0091-16e6-60bf70000000\nTime:2022-05-06T01:14:26.8628685Z</Message><HeaderName>x-ms-version</HeaderName><HeaderValue>2021-08-06</HeaderValue></Error>"
    headers:
      content-length:
      - '329'
      content-type:
      - application/xml
      date:
      - Fri, 06 May 2022 01:14:26 GMT
      server:
      - Windows-Azure-Blob/1.0 Microsoft-HTTPAPI/2.0
    status:
      code: 400
      message: The value for one of the HTTP headers is not in the correct format.
version: 1
