interactions:
- request:
    body: null
    headers:
      Accept:
      - application/xml
      Accept-Encoding:
      - gzip, deflate
      Connection:
      - keep-alive
      Content-Length:
      - '0'
      User-Agent:
      - azsdk-python-storage-dfs/12.7.0b1 Python/3.10.2 (Windows-10-10.0.19044-SP0)
      x-ms-date:
      - Fri, 22 Apr 2022 21:09:54 GMT
      x-ms-version:
      - '2021-06-08'
    method: PUT
    uri: https://storagename.blob.core.windows.net/fs2a8621787?restype=container
  response:
    body:
      string: ''
    headers:
      content-length:
      - '0'
      date:
      - Fri, 22 Apr 2022 21:09:54 GMT
      etag:
      - '"0x8DA24A472C5CF27"'
      last-modified:
      - Fri, 22 Apr 2022 21:09:54 GMT
      server:
      - Windows-Azure-Blob/1.0 Microsoft-HTTPAPI/2.0
      x-ms-version:
      - '2021-06-08'
    status:
      code: 201
      message: Created
- request:
    body: null
    headers:
      Accept:
      - application/json
      Accept-Encoding:
      - gzip, deflate
      Connection:
      - keep-alive
      Content-Length:
      - '0'
      User-Agent:
      - azsdk-python-storage-dfs/12.7.0b1 Python/3.10.2 (Windows-10-10.0.19044-SP0)
      x-ms-date:
      - Fri, 22 Apr 2022 21:09:54 GMT
      x-ms-version:
      - '2021-06-08'
    method: PUT
    uri: https://storagename.dfs.core.windows.net/fs2a8621787/file1?resource=file
  response:
    body:
      string: ''
    headers:
      content-length:
      - '0'
      date:
      - Fri, 22 Apr 2022 21:09:54 GMT
      etag:
      - '"0x8DA24A4730C5787"'
      last-modified:
      - Fri, 22 Apr 2022 21:09:54 GMT
      server:
      - Windows-Azure-HDFS/1.0 Microsoft-HTTPAPI/2.0
      x-ms-request-server-encrypted:
      - 'true'
      x-ms-version:
      - '2021-06-08'
    status:
      code: 201
      message: Created
- request:
    body: hello world
    headers:
      Accept:
      - application/json
      Accept-Encoding:
      - gzip, deflate
      Connection:
      - keep-alive
      Content-Length:
      - '11'
      Content-Type:
      - application/json
      User-Agent:
      - azsdk-python-storage-dfs/12.7.0b1 Python/3.10.2 (Windows-10-10.0.19044-SP0)
      x-ms-date:
      - Fri, 22 Apr 2022 21:09:55 GMT
      x-ms-version:
      - '2021-06-08'
    method: PATCH
    uri: https://storagename.dfs.core.windows.net/fs2a8621787/file1?action=append&position=0
  response:
    body:
      string: ''
    headers:
      content-length:
      - '0'
      date:
      - Fri, 22 Apr 2022 21:09:54 GMT
      server:
      - Windows-Azure-HDFS/1.0 Microsoft-HTTPAPI/2.0
      x-ms-request-server-encrypted:
      - 'true'
      x-ms-version:
      - '2021-06-08'
    status:
      code: 202
      message: Accepted
- request:
    body: null
    headers:
      Accept:
      - application/json
      Accept-Encoding:
      - gzip, deflate
      Connection:
      - keep-alive
      Content-Length:
      - '0'
      If-Match:
      - '"0x8DA24A4730C5787"'
      User-Agent:
      - azsdk-python-storage-dfs/12.7.0b1 Python/3.10.2 (Windows-10-10.0.19044-SP0)
      x-ms-date:
      - Fri, 22 Apr 2022 21:09:55 GMT
      x-ms-version:
      - '2021-06-08'
    method: PATCH
    uri: https://storagename.dfs.core.windows.net/fs2a8621787/file1?action=flush&position=11&close=true
  response:
    body:
      string: ''
    headers:
      content-length:
      - '0'
      date:
      - Fri, 22 Apr 2022 21:09:54 GMT
      etag:
      - '"0x8DA24A4732BE211"'
      last-modified:
      - Fri, 22 Apr 2022 21:09:55 GMT
      server:
      - Windows-Azure-HDFS/1.0 Microsoft-HTTPAPI/2.0
      x-ms-request-server-encrypted:
      - 'false'
      x-ms-version:
      - '2021-06-08'
    status:
      code: 200
      message: OK
- request:
    body: null
    headers:
      Accept:
      - application/json
      Accept-Encoding:
      - gzip, deflate
      Connection:
      - keep-alive
      Content-Length:
      - '0'
      User-Agent:
      - azsdk-python-storage-dfs/12.7.0b1 Python/3.10.2 (Windows-10-10.0.19044-SP0)
      x-ms-date:
      - Fri, 22 Apr 2022 21:09:55 GMT
      x-ms-version:
      - '2021-06-08'
    method: PUT
    uri: https://storagename.dfs.core.windows.net/fs2a8621787/file2?resource=file
  response:
    body:
      string: ''
    headers:
      content-length:
      - '0'
      date:
      - Fri, 22 Apr 2022 21:09:54 GMT
      etag:
      - '"0x8DA24A4733B192A"'
      last-modified:
      - Fri, 22 Apr 2022 21:09:55 GMT
      server:
      - Windows-Azure-HDFS/1.0 Microsoft-HTTPAPI/2.0
      x-ms-request-server-encrypted:
      - 'true'
      x-ms-version:
      - '2021-06-08'
    status:
      code: 201
      message: Created
- request:
    body: hello world
    headers:
      Accept:
      - application/json
      Accept-Encoding:
      - gzip, deflate
      Connection:
      - keep-alive
      Content-Length:
      - '11'
      Content-Type:
      - application/json
      User-Agent:
      - azsdk-python-storage-dfs/12.7.0b1 Python/3.10.2 (Windows-10-10.0.19044-SP0)
      x-ms-date:
      - Fri, 22 Apr 2022 21:09:55 GMT
      x-ms-version:
      - '2021-06-08'
    method: PATCH
    uri: https://storagename.dfs.core.windows.net/fs2a8621787/file2?action=append&position=0
  response:
    body:
      string: ''
    headers:
      content-length:
      - '0'
      date:
      - Fri, 22 Apr 2022 21:09:54 GMT
      server:
      - Windows-Azure-HDFS/1.0 Microsoft-HTTPAPI/2.0
      x-ms-request-server-encrypted:
      - 'true'
      x-ms-version:
      - '2021-06-08'
    status:
      code: 202
      message: Accepted
- request:
    body: null
    headers:
      Accept:
      - application/json
      Accept-Encoding:
      - gzip, deflate
      Connection:
      - keep-alive
      Content-Length:
      - '0'
      If-Match:
      - '"0x8DA24A4733B192A"'
      User-Agent:
      - azsdk-python-storage-dfs/12.7.0b1 Python/3.10.2 (Windows-10-10.0.19044-SP0)
      x-ms-date:
      - Fri, 22 Apr 2022 21:09:55 GMT
      x-ms-version:
      - '2021-06-08'
    method: PATCH
    uri: https://storagename.dfs.core.windows.net/fs2a8621787/file2?action=flush&position=11&close=true
  response:
    body:
      string: ''
    headers:
      content-length:
      - '0'
      date:
      - Fri, 22 Apr 2022 21:09:54 GMT
      etag:
      - '"0x8DA24A47359CF87"'
      last-modified:
      - Fri, 22 Apr 2022 21:09:55 GMT
      server:
      - Windows-Azure-HDFS/1.0 Microsoft-HTTPAPI/2.0
      x-ms-request-server-encrypted:
      - 'false'
      x-ms-version:
      - '2021-06-08'
    status:
      code: 200
      message: OK
- request:
    body: null
    headers:
      Accept:
      - application/json
      Accept-Encoding:
      - gzip, deflate
      Connection:
      - keep-alive
      Content-Length:
      - '0'
      User-Agent:
      - azsdk-python-storage-dfs/12.7.0b1 Python/3.10.2 (Windows-10-10.0.19044-SP0)
      x-ms-date:
      - Fri, 22 Apr 2022 21:09:55 GMT
      x-ms-version:
      - '2021-06-08'
    method: PUT
    uri: https://storagename.dfs.core.windows.net/fs2a8621787/file3?resource=file
  response:
    body:
      string: ''
    headers:
      content-length:
      - '0'
      date:
      - Fri, 22 Apr 2022 21:09:54 GMT
      etag:
      - '"0x8DA24A47366D2CF"'
      last-modified:
      - Fri, 22 Apr 2022 21:09:55 GMT
      server:
      - Windows-Azure-HDFS/1.0 Microsoft-HTTPAPI/2.0
      x-ms-request-server-encrypted:
      - 'true'
      x-ms-version:
      - '2021-06-08'
    status:
      code: 201
      message: Created
- request:
    body: hello world
    headers:
      Accept:
      - application/json
      Accept-Encoding:
      - gzip, deflate
      Connection:
      - keep-alive
      Content-Length:
      - '11'
      Content-Type:
      - application/json
      User-Agent:
      - azsdk-python-storage-dfs/12.7.0b1 Python/3.10.2 (Windows-10-10.0.19044-SP0)
      x-ms-date:
      - Fri, 22 Apr 2022 21:09:55 GMT
      x-ms-version:
      - '2021-06-08'
    method: PATCH
    uri: https://storagename.dfs.core.windows.net/fs2a8621787/file3?action=append&position=0
  response:
    body:
      string: ''
    headers:
      content-length:
      - '0'
      date:
      - Fri, 22 Apr 2022 21:09:54 GMT
      server:
      - Windows-Azure-HDFS/1.0 Microsoft-HTTPAPI/2.0
      x-ms-request-server-encrypted:
      - 'true'
      x-ms-version:
      - '2021-06-08'
    status:
      code: 202
      message: Accepted
- request:
    body: null
    headers:
      Accept:
      - application/json
      Accept-Encoding:
      - gzip, deflate
      Connection:
      - keep-alive
      Content-Length:
      - '0'
      If-Match:
      - '"0x8DA24A47366D2CF"'
      User-Agent:
      - azsdk-python-storage-dfs/12.7.0b1 Python/3.10.2 (Windows-10-10.0.19044-SP0)
      x-ms-date:
      - Fri, 22 Apr 2022 21:09:56 GMT
      x-ms-version:
      - '2021-06-08'
    method: PATCH
    uri: https://storagename.dfs.core.windows.net/fs2a8621787/file3?action=flush&position=11&close=true
  response:
    body:
      string: ''
    headers:
      content-length:
      - '0'
      date:
      - Fri, 22 Apr 2022 21:09:55 GMT
      etag:
      - '"0x8DA24A473834ADA"'
      last-modified:
      - Fri, 22 Apr 2022 21:09:55 GMT
      server:
      - Windows-Azure-HDFS/1.0 Microsoft-HTTPAPI/2.0
      x-ms-request-server-encrypted:
      - 'false'
      x-ms-version:
      - '2021-06-08'
    status:
      code: 200
      message: OK
- request:
    body: null
    headers:
      Accept:
      - application/json
      Accept-Encoding:
      - gzip, deflate
      Connection:
      - keep-alive
      Content-Length:
      - '0'
      User-Agent:
      - azsdk-python-storage-dfs/12.7.0b1 Python/3.10.2 (Windows-10-10.0.19044-SP0)
      x-ms-date:
      - Fri, 22 Apr 2022 21:09:56 GMT
      x-ms-version:
      - '2021-06-08'
    method: PUT
    uri: https://storagename.dfs.core.windows.net/fs2a8621787/dir1%2Ffile4?resource=file
  response:
    body:
      string: ''
    headers:
      content-length:
      - '0'
      date:
      - Fri, 22 Apr 2022 21:09:55 GMT
      etag:
      - '"0x8DA24A4739A2311"'
      last-modified:
      - Fri, 22 Apr 2022 21:09:55 GMT
      server:
      - Windows-Azure-HDFS/1.0 Microsoft-HTTPAPI/2.0
      x-ms-request-server-encrypted:
      - 'true'
      x-ms-version:
      - '2021-06-08'
    status:
      code: 201
      message: Created
- request:
    body: null
    headers:
      Accept:
      - application/json
      Accept-Encoding:
      - gzip, deflate
      Connection:
      - keep-alive
      Content-Length:
      - '0'
      User-Agent:
      - azsdk-python-storage-dfs/12.7.0b1 Python/3.10.2 (Windows-10-10.0.19044-SP0)
      x-ms-date:
      - Fri, 22 Apr 2022 21:09:56 GMT
      x-ms-version:
      - '2021-06-08'
    method: PUT
    uri: https://storagename.dfs.core.windows.net/fs2a8621787/dir2?resource=directory
  response:
    body:
      string: ''
    headers:
      content-length:
      - '0'
      date:
      - Fri, 22 Apr 2022 21:09:55 GMT
      etag:
      - '"0x8DA24A473A8781E"'
      last-modified:
      - Fri, 22 Apr 2022 21:09:56 GMT
      server:
      - Windows-Azure-HDFS/1.0 Microsoft-HTTPAPI/2.0
      x-ms-request-server-encrypted:
      - 'true'
      x-ms-version:
      - '2021-06-08'
    status:
      code: 201
      message: Created
- request:
    body: "--batch_8fb64b43-c280-11ec-afdb-4851c58829e0\r\nContent-Type: application/http\r\nContent-ID:
      0\r\nContent-Transfer-Encoding: binary\r\n\r\nDELETE /fs2a8621787/file1? HTTP/1.1\r\nx-ms-date:
      Fri, 22 Apr 2022 21:09:56 GMT\r\nx-ms-client-request-id: 8fb6da8d-c280-11ec-91ed-4851c58829e0\r\nContent-Length:
      0\r\n\r\n\r\n--batch_8fb64b43-c280-11ec-afdb-4851c58829e0\r\nContent-Type: application/http\r\nContent-ID:
      1\r\nContent-Transfer-Encoding: binary\r\n\r\nDELETE /fs2a8621787/file2? HTTP/1.1\r\nx-ms-date:
      Fri, 22 Apr 2022 21:09:56 GMT\r\nx-ms-client-request-id: 8fb7034a-c280-11ec-82eb-4851c58829e0\r\nContent-Length:
      0\r\n\r\n\r\n--batch_8fb64b43-c280-11ec-afdb-4851c58829e0\r\nContent-Type: application/http\r\nContent-ID:
      2\r\nContent-Transfer-Encoding: binary\r\n\r\nDELETE /fs2a8621787/file3? HTTP/1.1\r\nx-ms-date:
      Fri, 22 Apr 2022 21:09:56 GMT\r\nx-ms-client-request-id: 8fb7034b-c280-11ec-8dee-4851c58829e0\r\nContent-Length:
      0\r\n\r\n\r\n--batch_8fb64b43-c280-11ec-afdb-4851c58829e0\r\nContent-Type: application/http\r\nContent-ID:
      3\r\nContent-Transfer-Encoding: binary\r\n\r\nDELETE /fs2a8621787/dir1? HTTP/1.1\r\nx-ms-date:
      Fri, 22 Apr 2022 21:09:56 GMT\r\nx-ms-client-request-id: 8fb72a4c-c280-11ec-9768-4851c58829e0\r\nContent-Length:
      0\r\n\r\n\r\n--batch_8fb64b43-c280-11ec-afdb-4851c58829e0\r\nContent-Type: application/http\r\nContent-ID:
      4\r\nContent-Transfer-Encoding: binary\r\n\r\nDELETE /fs2a8621787/dir8? HTTP/1.1\r\nx-ms-date:
      Fri, 22 Apr 2022 21:09:56 GMT\r\nx-ms-client-request-id: 8fb72a4d-c280-11ec-9b9a-4851c58829e0\r\nContent-Length:
      0\r\n\r\n\r\n--batch_8fb64b43-c280-11ec-afdb-4851c58829e0--\r\n"
    headers:
      Accept:
      - '*/*'
      Accept-Encoding:
      - gzip, deflate
      Connection:
      - keep-alive
      Content-Length:
      - '1961'
      Content-Type:
      - multipart/mixed; boundary=batch_8fb64b43-c280-11ec-afdb-4851c58829e0
      User-Agent:
      - azsdk-python-storage-dfs/12.7.0b1 Python/3.10.2 (Windows-10-10.0.19044-SP0)
      x-ms-date:
      - Fri, 22 Apr 2022 21:09:56 GMT
      x-ms-version:
      - '2021-06-08'
    method: POST
    uri: https://storagename.blob.core.windows.net/fs2a8621787?restype=container&comp=batch
  response:
    body:
      string: "--batchresponse_c394240d-3a66-4191-ac3e-227fad461d58\r\nContent-Type:
        application/http\r\nContent-ID: 0\r\n\r\nHTTP/1.1 202 Accepted\r\nx-ms-delete-type-permanent:
        true\r\nx-ms-request-id: b5298972-201e-006e-668d-568fed1ee801\r\nx-ms-version:
        2021-06-08\r\nx-ms-client-request-id: 8fb6da8d-c280-11ec-91ed-4851c58829e0\r\nServer:
        Windows-Azure-Blob/1.0\r\n\r\n--batchresponse_c394240d-3a66-4191-ac3e-227fad461d58\r\nContent-Type:
        application/http\r\nContent-ID: 1\r\n\r\nHTTP/1.1 202 Accepted\r\nx-ms-delete-type-permanent:
        true\r\nx-ms-request-id: b5298972-201e-006e-668d-568fed1ee803\r\nx-ms-version:
        2021-06-08\r\nx-ms-client-request-id: 8fb7034a-c280-11ec-82eb-4851c58829e0\r\nServer:
        Windows-Azure-Blob/1.0\r\n\r\n--batchresponse_c394240d-3a66-4191-ac3e-227fad461d58\r\nContent-Type:
        application/http\r\nContent-ID: 2\r\n\r\nHTTP/1.1 202 Accepted\r\nx-ms-delete-type-permanent:
        true\r\nx-ms-request-id: b5298972-201e-006e-668d-568fed1ee804\r\nx-ms-version:
        2021-06-08\r\nx-ms-client-request-id: 8fb7034b-c280-11ec-8dee-4851c58829e0\r\nServer:
        Windows-Azure-Blob/1.0\r\n\r\n--batchresponse_c394240d-3a66-4191-ac3e-227fad461d58\r\nContent-Type:
        application/http\r\nContent-ID: 3\r\n\r\nHTTP/1.1 409 The directory involved
        in this operation is not empty\r\nx-ms-error-code: DirectoryNotEmpty\r\nx-ms-request-id:
        b5298972-201e-006e-668d-568fed1ee805\r\nx-ms-version: 2021-06-08\r\nx-ms-client-request-id:
        8fb72a4c-c280-11ec-9768-4851c58829e0\r\nContent-Length: 240\r\nContent-Type:
        application/xml\r\nServer: Windows-Azure-Blob/1.0\r\n\r\n\uFEFF<?xml version=\"1.0\"
        encoding=\"utf-8\"?>\n<Error><Code>DirectoryNotEmpty</Code><Message>The directory
        involved in this operation is not empty\nRequestId:b5298972-201e-006e-668d-568fed1ee805\nTime:2022-04-22T21:09:56.1489929Z</Message></Error>\r\n--batchresponse_c394240d-3a66-4191-ac3e-227fad461d58\r\nContent-Type:
        application/http\r\nContent-ID: 4\r\n\r\nHTTP/1.1 404 The specified blob does
        not exist.\r\nx-ms-error-code: BlobNotFound\r\nx-ms-request-id: b5298972-201e-006e-668d-568fed1ee806\r\nx-ms-version:
        2021-06-08\r\nx-ms-client-request-id: 8fb72a4d-c280-11ec-9b9a-4851c58829e0\r\nContent-Length:
        216\r\nContent-Type: application/xml\r\nServer: Windows-Azure-Blob/1.0\r\n\r\n\uFEFF<?xml
        version=\"1.0\" encoding=\"utf-8\"?>\n<Error><Code>BlobNotFound</Code><Message>The
        specified blob does not exist.\nRequestId:b5298972-201e-006e-668d-568fed1ee806\nTime:2022-04-22T21:09:56.1379992Z</Message></Error>\r\n--batchresponse_c394240d-3a66-4191-ac3e-227fad461d58--"
    headers:
      content-type:
      - multipart/mixed; boundary=batchresponse_c394240d-3a66-4191-ac3e-227fad461d58
      date:
      - Fri, 22 Apr 2022 21:09:55 GMT
      server:
      - Windows-Azure-Blob/1.0 Microsoft-HTTPAPI/2.0
      transfer-encoding:
      - chunked
      x-ms-version:
      - '2021-06-08'
    status:
      code: 202
      message: Accepted
- request:
    body: null
    headers:
      Accept:
      - application/xml
      Accept-Encoding:
      - gzip, deflate
      Connection:
      - keep-alive
      Content-Length:
      - '0'
      User-Agent:
      - azsdk-python-storage-dfs/12.7.0b1 Python/3.10.2 (Windows-10-10.0.19044-SP0)
      x-ms-date:
      - Fri, 22 Apr 2022 21:09:56 GMT
      x-ms-version:
      - '2021-06-08'
    method: DELETE
    uri: https://storagename.blob.core.windows.net/fs2a8621787?restype=container
  response:
    body:
      string: ''
    headers:
      content-length:
      - '0'
      date:
      - Fri, 22 Apr 2022 21:09:56 GMT
      server:
      - Windows-Azure-Blob/1.0 Microsoft-HTTPAPI/2.0
      x-ms-version:
      - '2021-06-08'
    status:
      code: 202
      message: Accepted
version: 1
