interactions:
- request:
    body: null
    headers:
      Accept:
      - '*/*'
      Accept-Encoding:
      - gzip, deflate
      Connection:
      - keep-alive
      Content-Length:
      - '0'
      User-Agent:
      - azsdk-python-storage-dfs/12.0.1 Python/3.7.3 (Windows-10-10.0.18362-SP0)
      x-ms-client-request-id:
      - 58801c3a-7928-11ea-a47f-001a7dda7113
      x-ms-date:
      - Tue, 07 Apr 2020 23:34:37 GMT
      x-ms-version:
      - '2019-07-07'
    method: PUT
    uri: https://storagename.blob.core.windows.net/destfilesystem7baf1eb1?restype=container
  response:
    body:
      string: ''
    headers:
      Content-Length:
      - '0'
      Date:
      - Tue, 07 Apr 2020 23:34:38 GMT
      ETag:
      - '"0x8D7DB4C3CE0E1CD"'
      Last-Modified:
      - Tue, 07 Apr 2020 23:34:38 GMT
      Server:
      - Windows-Azure-Blob/1.0 Microsoft-HTTPAPI/2.0
      x-ms-request-id:
      - 68c22295-901e-0040-3735-0d4aac000000
      x-ms-version:
      - '2019-07-07'
    status:
      code: 201
      message: Created
- request:
    body: null
    headers:
      Accept:
      - '*/*'
      Accept-Encoding:
      - gzip, deflate
      Connection:
      - keep-alive
      Content-Length:
      - '0'
      User-Agent:
      - azsdk-python-storage-dfs/12.0.1 Python/3.7.3 (Windows-10-10.0.18362-SP0)
      x-ms-client-request-id:
      - 58c98a02-7928-11ea-a128-001a7dda7113
      x-ms-date:
      - Tue, 07 Apr 2020 23:34:38 GMT
      x-ms-properties:
      - ''
      x-ms-version:
      - '2019-02-02'
    method: PUT
    uri: https://storagename.dfs.core.windows.net/destfilesystem7baf1eb1/destdir?resource=directory
  response:
    body:
      string: ''
    headers:
      Content-Length:
      - '0'
      Date:
      - Tue, 07 Apr 2020 23:34:37 GMT
      ETag:
      - '"0x8D7DB4C3D239795"'
      Last-Modified:
      - Tue, 07 Apr 2020 23:34:38 GMT
      Server:
      - Windows-Azure-HDFS/1.0 Microsoft-HTTPAPI/2.0
      x-ms-request-id:
      - bbca55c6-501f-0012-5e35-0d3644000000
      x-ms-version:
      - '2019-02-02'
    status:
      code: 201
      message: Created
- request:
    body: null
    headers:
      Accept:
      - '*/*'
      Accept-Encoding:
      - gzip, deflate
      Connection:
      - keep-alive
      Content-Length:
      - '0'
      User-Agent:
      - azsdk-python-storage-dfs/12.0.1 Python/3.7.3 (Windows-10-10.0.18362-SP0)
      x-ms-client-request-id:
      - 58fac558-7928-11ea-8371-001a7dda7113
      x-ms-date:
      - Tue, 07 Apr 2020 23:34:38 GMT
      x-ms-properties:
      - ''
      x-ms-version:
      - '2019-02-02'
    method: PUT
    uri: https://storagename.dfs.core.windows.net/filesystem7baf1eb1/source?resource=directory
  response:
    body:
      string: ''
    headers:
      Content-Length:
      - '0'
      Date:
      - Tue, 07 Apr 2020 23:34:37 GMT
      ETag:
      - '"0x8D7DB4C3D314798"'
      Last-Modified:
      - Tue, 07 Apr 2020 23:34:38 GMT
      Server:
      - Windows-Azure-HDFS/1.0 Microsoft-HTTPAPI/2.0
      x-ms-request-id:
      - bbca55cc-501f-0012-6435-0d3644000000
      x-ms-version:
      - '2019-02-02'
    status:
      code: 201
      message: Created
- request:
    body: null
    headers:
      Accept:
      - '*/*'
      Accept-Encoding:
      - gzip, deflate
      Connection:
      - keep-alive
      Content-Length:
      - '0'
      User-Agent:
      - azsdk-python-storage-dfs/12.0.1 Python/3.7.3 (Windows-10-10.0.18362-SP0)
      x-ms-client-request-id:
      - 590877a8-7928-11ea-8531-001a7dda7113
      x-ms-date:
      - Tue, 07 Apr 2020 23:34:38 GMT
      x-ms-properties:
      - ''
      x-ms-version:
      - '2019-02-02'
    method: PUT
    uri: https://storagename.dfs.core.windows.net/filesystem7baf1eb1/source%2Fsubdir?resource=directory
  response:
    body:
      string: ''
    headers:
      Content-Length:
      - '0'
      Date:
      - Tue, 07 Apr 2020 23:34:38 GMT
      ETag:
      - '"0x8D7DB4C3D3DE471"'
      Last-Modified:
      - Tue, 07 Apr 2020 23:34:38 GMT
      Server:
      - Windows-Azure-HDFS/1.0 Microsoft-HTTPAPI/2.0
      x-ms-request-id:
      - bbca55d3-501f-0012-6b35-0d3644000000
      x-ms-version:
      - '2019-02-02'
    status:
      code: 201
      message: Created
- request:
    body: null
    headers:
      Accept:
      - '*/*'
      Accept-Encoding:
      - gzip, deflate
      Connection:
      - keep-alive
      Content-Length:
      - '0'
      User-Agent:
      - azsdk-python-storage-dfs/12.0.1 Python/3.7.3 (Windows-10-10.0.18362-SP0)
      x-ms-client-request-id:
      - 59151a3a-7928-11ea-a5dd-001a7dda7113
      x-ms-date:
      - Tue, 07 Apr 2020 23:34:38 GMT
      x-ms-properties:
      - ''
      x-ms-rename-source:
      - /filesystem7baf1eb1/source/subdir
      x-ms-source-lease-id:
      - ''
      x-ms-version:
      - '2019-02-02'
    method: PUT
    uri: https://storagename.dfs.core.windows.net/destfilesystem7baf1eb1/destdir?mode=legacy
  response:
    body:
      string: ''
    headers:
      Content-Length:
      - '0'
      Date:
      - Tue, 07 Apr 2020 23:34:38 GMT
      Server:
      - Windows-Azure-HDFS/1.0 Microsoft-HTTPAPI/2.0
      x-ms-request-id:
      - bbca55d5-501f-0012-6d35-0d3644000000
      x-ms-version:
      - '2019-02-02'
    status:
      code: 201
      message: Created
- request:
    body: null
    headers:
      Accept:
      - '*/*'
      Accept-Encoding:
      - gzip, deflate
      Connection:
      - keep-alive
      User-Agent:
      - azsdk-python-storage-dfs/12.0.1 Python/3.7.3 (Windows-10-10.0.18362-SP0)
      x-ms-client-request-id:
      - 59256200-7928-11ea-8abc-001a7dda7113
      x-ms-date:
      - Tue, 07 Apr 2020 23:34:38 GMT
      x-ms-version:
      - '2019-07-07'
    method: HEAD
    uri: https://storagename.blob.core.windows.net/filesystem7baf1eb1/source/subdir
  response:
    body:
      string: ''
    headers:
      Date:
      - Tue, 07 Apr 2020 23:34:38 GMT
      Server:
      - Windows-Azure-Blob/1.0 Microsoft-HTTPAPI/2.0
      Transfer-Encoding:
      - chunked
      x-ms-error-code:
      - BlobNotFound
      x-ms-request-id:
      - 68c22508-901e-0040-7a35-0d4aac000000
      x-ms-version:
      - '2019-07-07'
    status:
      code: 404
      message: The specified blob does not exist.
version: 1
