interactions:
- request:
    body: null
    headers:
      Accept:
      - '*/*'
      Accept-Encoding:
      - gzip, deflate
      Connection:
      - keep-alive
      Content-Length:
      - '0'
      User-Agent:
      - azsdk-python-storage-dfs/12.0.0b5 Python/3.7.3 (Windows-10-10.0.18362-SP0)
      x-ms-client-request-id:
      - f4303192-16b1-11ea-87b5-001a7dda7113
      x-ms-date:
      - Wed, 04 Dec 2019 16:20:15 GMT
      x-ms-properties:
      - ''
      x-ms-version:
      - '2019-02-02'
    method: PUT
    uri: https://storagename.dfs.core.windows.net/filesystem8a9c16d8/file8a9c16d8?resource=file
  response:
    body:
      string: ''
    headers:
      Content-Length:
      - '0'
      Date:
      - Wed, 04 Dec 2019 16:20:14 GMT
      ETag:
      - '"0x8D778D5D885D0A4"'
      Last-Modified:
      - Wed, 04 Dec 2019 16:20:15 GMT
      Server:
      - Windows-Azure-HDFS/1.0 Microsoft-HTTPAPI/2.0
      x-ms-request-id:
      - bbe8bb25-701f-0048-5cbe-aa50a3000000
      x-ms-version:
      - '2019-02-02'
    status:
      code: 201
      message: Created
- request:
    body: null
    headers:
      Accept:
      - '*/*'
      Accept-Encoding:
      - gzip, deflate
      Connection:
      - keep-alive
      Content-Length:
      - '0'
      User-Agent:
      - azsdk-python-storage-dfs/12.0.0b5 Python/3.7.3 (Windows-10-10.0.18362-SP0)
      x-ms-client-request-id:
      - f464ae8c-16b1-11ea-bf53-001a7dda7113
      x-ms-date:
      - Wed, 04 Dec 2019 16:20:15 GMT
      x-ms-permissions:
      - '0777'
      x-ms-version:
      - '2019-02-02'
    method: PATCH
    uri: https://storagename.dfs.core.windows.net/filesystem8a9c16d8/file8a9c16d8?action=setAccessControl
  response:
    body:
      string: ''
    headers:
      Content-Length:
      - '0'
      Date:
      - Wed, 04 Dec 2019 16:20:14 GMT
      ETag:
      - '"0x8D778D5D885D0A4"'
      Last-Modified:
      - Wed, 04 Dec 2019 16:20:15 GMT
      Server:
      - Windows-Azure-HDFS/1.0 Microsoft-HTTPAPI/2.0
      x-ms-namespace-enabled:
      - 'true'
      x-ms-request-id:
      - bbe8bb26-701f-0048-5dbe-aa50a3000000
      x-ms-version:
      - '2019-02-02'
    status:
      code: 200
      message: OK
- request:
    body: null
    headers:
      Accept:
      - '*/*'
      Accept-Encoding:
      - gzip, deflate
      Connection:
      - keep-alive
      User-Agent:
      - azsdk-python-storage-dfs/12.0.0b5 Python/3.7.3 (Windows-10-10.0.18362-SP0)
      x-ms-client-request-id:
      - f470b176-16b1-11ea-934c-001a7dda7113
      x-ms-date:
      - Wed, 04 Dec 2019 16:20:15 GMT
      x-ms-version:
      - '2019-02-02'
    method: HEAD
    uri: https://storagename.blob.core.windows.net/filesystem8a9c16d8/file8a9c16d8
  response:
    body:
      string: ''
    headers:
      Accept-Ranges:
      - bytes
      Content-Length:
      - '0'
      Content-Type:
      - application/octet-stream
      Date:
      - Wed, 04 Dec 2019 16:20:15 GMT
      ETag:
      - '"0x8D778D5D885D0A4"'
      Last-Modified:
      - Wed, 04 Dec 2019 16:20:15 GMT
      Server:
      - Windows-Azure-Blob/1.0 Microsoft-HTTPAPI/2.0
      x-ms-access-tier:
      - Hot
      x-ms-access-tier-inferred:
      - 'true'
      x-ms-blob-type:
      - BlockBlob
      x-ms-creation-time:
      - Wed, 04 Dec 2019 16:20:15 GMT
      x-ms-lease-state:
      - available
      x-ms-lease-status:
      - unlocked
      x-ms-request-id:
      - 6946b91d-701e-0058-58be-aa95cb000000
      x-ms-server-encrypted:
      - 'true'
      x-ms-version:
      - '2019-02-02'
    status:
      code: 200
      message: OK
- request:
    body: null
    headers:
      Accept:
      - '*/*'
      Accept-Encoding:
      - gzip, deflate
      Connection:
      - keep-alive
      If-Modified-Since:
      - Wed, 04 Dec 2019 16:05:15 GMT
      User-Agent:
      - azsdk-python-storage-dfs/12.0.0b5 Python/3.7.3 (Windows-10-10.0.18362-SP0)
      x-ms-client-request-id:
      - f4a65966-16b1-11ea-98bb-001a7dda7113
      x-ms-date:
      - Wed, 04 Dec 2019 16:20:15 GMT
      x-ms-version:
      - '2019-02-02'
    method: HEAD
    uri: https://storagename.dfs.core.windows.net/filesystem8a9c16d8/file8a9c16d8?action=getAccessControl&upn=false
  response:
    body:
      string: ''
    headers:
      Date:
      - Wed, 04 Dec 2019 16:20:15 GMT
      ETag:
      - '"0x8D778D5D885D0A4"'
      Last-Modified:
      - Wed, 04 Dec 2019 16:20:15 GMT
      Server:
      - Windows-Azure-HDFS/1.0 Microsoft-HTTPAPI/2.0
      x-ms-acl:
      - user::rwx,group::rwx,other::rwx
      x-ms-group:
      - $superuser
      x-ms-owner:
      - $superuser
      x-ms-permissions:
      - rwxrwxrwx
      x-ms-request-id:
      - bbe8bb29-701f-0048-60be-aa50a3000000
      x-ms-version:
      - '2019-02-02'
    status:
      code: 200
      message: OK
version: 1
