interactions:
- request:
    body: null
    headers:
      Accept:
      - '*/*'
      Accept-Encoding:
      - gzip, deflate
      Connection:
      - keep-alive
      Content-Length:
      - '0'
      User-Agent:
      - azsdk-python-storage-dfs/12.0.0b1 Python/3.7.3 (Windows-10-10.0.18362-SP0)
      x-ms-client-request-id:
      - ae74b31c-ff4f-11e9-b6d3-001a7dda7113
      x-ms-date:
      - Mon, 04 Nov 2019 22:08:50 GMT
      x-ms-properties:
      - hello=d29ybGQ=,number=NDI=
      x-ms-version:
      - '2019-02-02'
    method: PUT
    uri: https://storagename.dfs.core.windows.net/filesystem73df1ad4/directory73df1ad4?resource=directory
  response:
    body:
      string: ''
    headers:
      Content-Length:
      - '0'
      Date:
      - Mon, 04 Nov 2019 22:08:50 GMT
      ETag:
      - '"0x8D7617392CC4BBC"'
      Last-Modified:
      - Mon, 04 Nov 2019 22:08:50 GMT
      Server:
      - Windows-Azure-HDFS/1.0 Microsoft-HTTPAPI/2.0
      x-ms-request-id:
      - 3a5e0229-301f-002b-135c-93cd58000000
      x-ms-version:
      - '2019-02-02'
    status:
      code: 201
      message: Created
- request:
    body: null
    headers:
      Accept:
      - '*/*'
      Accept-Encoding:
      - gzip, deflate
      Connection:
      - keep-alive
      Content-Length:
      - '0'
      User-Agent:
      - azsdk-python-storage-dfs/12.0.0b1 Python/3.7.3 (Windows-10-10.0.18362-SP0)
      x-ms-client-request-id:
      - aea0d502-ff4f-11e9-a5d5-001a7dda7113
      x-ms-date:
      - Mon, 04 Nov 2019 22:08:50 GMT
      x-ms-properties:
      - ''
      x-ms-version:
      - '2019-02-02'
    method: PUT
    uri: https://storagename.dfs.core.windows.net/filesystem73df1ad4/directory73df1ad4%2Fsubdir?resource=directory
  response:
    body:
      string: ''
    headers:
      Content-Length:
      - '0'
      Date:
      - Mon, 04 Nov 2019 22:08:50 GMT
      ETag:
      - '"0x8D7617392D9260F"'
      Last-Modified:
      - Mon, 04 Nov 2019 22:08:50 GMT
      Server:
      - Windows-Azure-HDFS/1.0 Microsoft-HTTPAPI/2.0
      x-ms-request-id:
      - 3a5e022a-301f-002b-145c-93cd58000000
      x-ms-version:
      - '2019-02-02'
    status:
      code: 201
      message: Created
- request:
    body: null
    headers:
      Accept:
      - '*/*'
      Accept-Encoding:
      - gzip, deflate
      Connection:
      - keep-alive
      User-Agent:
      - azsdk-python-storage-dfs/12.0.0b1 Python/3.7.3 (Windows-10-10.0.18362-SP0)
      x-ms-client-request-id:
      - aead9d70-ff4f-11e9-988a-001a7dda7113
      x-ms-date:
      - Mon, 04 Nov 2019 22:08:50 GMT
      x-ms-version:
      - '2019-02-02'
    method: HEAD
    uri: https://storagename.blob.core.windows.net/filesystem73df1ad4/directory73df1ad4%2Fsubdir
  response:
    body:
      string: ''
    headers:
      Accept-Ranges:
      - bytes
      Content-Length:
      - '0'
      Content-Type:
      - application/octet-stream
      Date:
      - Mon, 04 Nov 2019 22:08:50 GMT
      ETag:
      - '"0x8D7617392D9260F"'
      Last-Modified:
      - Mon, 04 Nov 2019 22:08:50 GMT
      Server:
      - Windows-Azure-Blob/1.0 Microsoft-HTTPAPI/2.0
      x-ms-access-tier:
      - Hot
      x-ms-access-tier-inferred:
      - 'true'
      x-ms-blob-type:
      - BlockBlob
      x-ms-creation-time:
      - Mon, 04 Nov 2019 22:08:50 GMT
      x-ms-lease-state:
      - available
      x-ms-lease-status:
      - unlocked
      x-ms-meta-hdi_isfolder:
      - 'true'
      x-ms-request-id:
      - 795c2689-c01e-005d-685c-934710000000
      x-ms-server-encrypted:
      - 'true'
      x-ms-version:
      - '2019-02-02'
    status:
      code: 200
      message: OK
- request:
    body: null
    headers:
      Accept:
      - '*/*'
      Accept-Encoding:
      - gzip, deflate
      Connection:
      - keep-alive
      Content-Length:
      - '0'
      User-Agent:
      - azsdk-python-storage-dfs/12.0.0b1 Python/3.7.3 (Windows-10-10.0.18362-SP0)
      x-ms-client-request-id:
      - aef3eaca-ff4f-11e9-bf1c-001a7dda7113
      x-ms-date:
      - Mon, 04 Nov 2019 22:08:51 GMT
      x-ms-version:
      - '2019-02-02'
    method: DELETE
    uri: https://storagename.dfs.core.windows.net/filesystem73df1ad4/directory73df1ad4%2Fsubdir?recursive=true
  response:
    body:
      string: ''
    headers:
      Content-Length:
      - '0'
      Date:
      - Mon, 04 Nov 2019 22:08:50 GMT
      Server:
      - Windows-Azure-HDFS/1.0 Microsoft-HTTPAPI/2.0
      x-ms-request-id:
      - 3a5e022c-301f-002b-165c-93cd58000000
      x-ms-version:
      - '2019-02-02'
    status:
      code: 200
      message: OK
- request:
    body: null
    headers:
      Accept:
      - '*/*'
      Accept-Encoding:
      - gzip, deflate
      Connection:
      - keep-alive
      User-Agent:
      - azsdk-python-storage-dfs/12.0.0b1 Python/3.7.3 (Windows-10-10.0.18362-SP0)
      x-ms-client-request-id:
      - aeff55ba-ff4f-11e9-afeb-001a7dda7113
      x-ms-date:
      - Mon, 04 Nov 2019 22:08:51 GMT
      x-ms-version:
      - '2019-02-02'
    method: HEAD
    uri: https://storagename.blob.core.windows.net/filesystem73df1ad4/directory73df1ad4%2Fsubdir
  response:
    body:
      string: ''
    headers:
      Date:
      - Mon, 04 Nov 2019 22:08:50 GMT
      Server:
      - Windows-Azure-Blob/1.0 Microsoft-HTTPAPI/2.0
      Transfer-Encoding:
      - chunked
      x-ms-error-code:
      - BlobNotFound
      x-ms-request-id:
      - 795c26b9-c01e-005d-135c-934710000000
      x-ms-version:
      - '2019-02-02'
    status:
      code: 404
      message: The specified blob does not exist.
version: 1
