{
  "Entries": [
    {
      "RequestUri": "https://storagesoftdelname.blob.core.windows.net/fs3cd6a3035?restype=container",
      "RequestMethod": "PUT",
      "RequestHeaders": {
        "Accept": "application/xml",
        "Accept-Encoding": "gzip, deflate",
        "Connection": "keep-alive",
        "Content-Length": "0",
        "User-Agent": "azsdk-python-storage-dfs/12.9.0b2 Python/3.10.2 (Windows-10-10.0.19044-SP0)",
        "x-ms-date": "Mon, 19 Sep 2022 23:30:18 GMT",
        "x-ms-version": "2021-08-06"
      },
      "RequestBody": null,
      "StatusCode": 201,
      "ResponseHeaders": {
        "Content-Length": "0",
        "Date": "Mon, 19 Sep 2022 23:30:18 GMT",
        "ETag": "\u00220x8DA9A96EA08E820\u0022",
        "Last-Modified": "Mon, 19 Sep 2022 23:30:18 GMT",
        "Server": [
          "Windows-Azure-Blob/1.0",
          "Microsoft-HTTPAPI/2.0"
        ],
        "x-ms-version": "2021-08-06"
      },
      "ResponseBody": null
    },
    {
      "RequestUri": "https://storagesoftdelname.dfs.core.windows.net/fs3cd6a3035/dir10%2Ffile%C5%87?resource=file",
      "RequestMethod": "PUT",
      "RequestHeaders": {
        "Accept": "application/json",
        "Accept-Encoding": "gzip, deflate",
        "Connection": "keep-alive",
        "Content-Length": "0",
        "User-Agent": "azsdk-python-storage-dfs/12.9.0b2 Python/3.10.2 (Windows-10-10.0.19044-SP0)",
        "x-ms-date": "Mon, 19 Sep 2022 23:30:18 GMT",
        "x-ms-version": "2021-08-06"
      },
      "RequestBody": null,
      "StatusCode": 201,
      "ResponseHeaders": {
        "Content-Length": "0",
        "Date": "Mon, 19 Sep 2022 23:30:18 GMT",
        "ETag": "\u00220x8DA9A96EA4E2BCF\u0022",
        "Last-Modified": "Mon, 19 Sep 2022 23:30:19 GMT",
        "Server": [
          "Windows-Azure-HDFS/1.0",
          "Microsoft-HTTPAPI/2.0"
        ],
        "x-ms-request-server-encrypted": "true",
        "x-ms-version": "2021-08-06"
      },
      "ResponseBody": null
    },
    {
      "RequestUri": "https://storagesoftdelname.dfs.core.windows.net/fs3cd6a3035/dir10%2Ffile%C5%87",
      "RequestMethod": "DELETE",
      "RequestHeaders": {
        "Accept": "application/json",
        "Accept-Encoding": "gzip, deflate",
        "Connection": "keep-alive",
        "Content-Length": "0",
        "User-Agent": "azsdk-python-storage-dfs/12.9.0b2 Python/3.10.2 (Windows-10-10.0.19044-SP0)",
        "x-ms-date": "Mon, 19 Sep 2022 23:30:19 GMT",
        "x-ms-version": "2021-08-06"
      },
      "RequestBody": null,
      "StatusCode": 200,
      "ResponseHeaders": {
        "Content-Length": "0",
        "Date": "Mon, 19 Sep 2022 23:30:18 GMT",
        "Server": [
          "Windows-Azure-HDFS/1.0",
          "Microsoft-HTTPAPI/2.0"
        ],
        "x-ms-delete-type-permanent": "false",
        "x-ms-deletion-id": "133081038194284588",
        "x-ms-version": "2021-08-06"
      },
      "ResponseBody": null
    },
    {
      "RequestUri": "https://storagesoftdelname.blob.core.windows.net/fs3cd6a3035/dir10/file%C5%87",
      "RequestMethod": "HEAD",
      "RequestHeaders": {
        "Accept": "application/xml",
        "Accept-Encoding": "gzip, deflate",
        "Connection": "keep-alive",
        "User-Agent": "azsdk-python-storage-dfs/12.9.0b2 Python/3.10.2 (Windows-10-10.0.19044-SP0)",
        "x-ms-date": "Mon, 19 Sep 2022 23:30:19 GMT",
        "x-ms-version": "2021-08-06"
      },
      "RequestBody": null,
      "StatusCode": 404,
      "ResponseHeaders": {
        "Date": "Mon, 19 Sep 2022 23:30:19 GMT",
        "Server": [
          "Windows-Azure-Blob/1.0",
          "Microsoft-HTTPAPI/2.0"
        ],
        "Transfer-Encoding": "chunked",
        "x-ms-error-code": "BlobNotFound",
        "x-ms-version": "2021-08-06"
      },
      "ResponseBody": null
    },
    {
      "RequestUri": "https://storagesoftdelname.blob.core.windows.net/fs3cd6a3035/dir10/file%C5%87?comp=undelete",
      "RequestMethod": "PUT",
      "RequestHeaders": {
        "Accept": "application/json",
        "Accept-Encoding": "gzip, deflate",
        "Connection": "keep-alive",
        "Content-Length": "0",
        "User-Agent": "azsdk-python-storage-dfs/12.9.0b2 Python/3.10.2 (Windows-10-10.0.19044-SP0)",
        "x-ms-date": "Mon, 19 Sep 2022 23:30:19 GMT",
        "x-ms-undelete-source": "dir10/file%C5%87?deletionid=133081038194284588",
        "x-ms-version": "2021-06-08"
      },
      "RequestBody": null,
      "StatusCode": 200,
      "ResponseHeaders": {
        "Content-Length": "0",
        "Date": "Mon, 19 Sep 2022 23:30:19 GMT",
        "Server": [
          "Windows-Azure-Blob/1.0",
          "Microsoft-HTTPAPI/2.0"
        ],
        "x-ms-creation-time": "Mon, 19 Sep 2022 23:30:19 GMT",
        "x-ms-resource-type": "file",
        "x-ms-version": "2021-06-08"
      },
      "ResponseBody": null
    },
    {
      "RequestUri": "https://storagesoftdelname.blob.core.windows.net/fs3cd6a3035/dir10/file%C5%87",
      "RequestMethod": "HEAD",
      "RequestHeaders": {
        "Accept": "application/xml",
        "Accept-Encoding": "gzip, deflate",
        "Connection": "keep-alive",
        "User-Agent": "azsdk-python-storage-dfs/12.9.0b2 Python/3.10.2 (Windows-10-10.0.19044-SP0)",
        "x-ms-date": "Mon, 19 Sep 2022 23:30:19 GMT",
        "x-ms-version": "2021-08-06"
      },
      "RequestBody": null,
      "StatusCode": 200,
      "ResponseHeaders": {
        "Accept-Ranges": "bytes",
        "Content-Length": "0",
        "Content-Type": "application/octet-stream",
        "Date": "Mon, 19 Sep 2022 23:30:19 GMT",
        "ETag": "\u00220x8DA9A96EA4E2BCF\u0022",
        "Last-Modified": "Mon, 19 Sep 2022 23:30:19 GMT",
        "Server": [
          "Windows-Azure-Blob/1.0",
          "Microsoft-HTTPAPI/2.0"
        ],
        "x-ms-access-tier": "Hot",
        "x-ms-access-tier-inferred": "true",
        "x-ms-blob-type": "BlockBlob",
        "x-ms-creation-time": "Mon, 19 Sep 2022 23:30:19 GMT",
        "x-ms-group": "$superuser",
        "x-ms-lease-state": "available",
        "x-ms-lease-status": "unlocked",
        "x-ms-owner": "$superuser",
        "x-ms-permissions": "rw-r-----",
        "x-ms-resource-type": "file",
        "x-ms-server-encrypted": "true",
        "x-ms-version": "2021-08-06"
      },
      "ResponseBody": null
    }
  ],
  "Variables": {}
}
