{
  "Entries": [
    {
      "RequestUri": "https://storagename.blob.core.windows.net/filesystem1816412e?restype=container\u0026timeout=5",
      "RequestMethod": "PUT",
      "RequestHeaders": {
        "Accept": "application/xml",
        "Accept-Encoding": "gzip, deflate",
        "Content-Length": "0",
        "User-Agent": "azsdk-python-storage-dfs/12.9.0b1 Python/3.10.2 (Windows-10-10.0.19044-SP0)",
        "x-ms-date": "Wed, 24 Aug 2022 22:19:16 GMT",
        "x-ms-version": "2021-08-06"
      },
      "RequestBody": null,
      "StatusCode": 201,
      "ResponseHeaders": {
        "Content-Length": "0",
        "Date": "Wed, 24 Aug 2022 22:19:14 GMT",
        "ETag": "\u00220x8DA861EADC7AD7A\u0022",
        "Last-Modified": "Wed, 24 Aug 2022 22:19:14 GMT",
        "Server": [
          "Windows-Azure-Blob/1.0",
          "Microsoft-HTTPAPI/2.0"
        ],
        "x-ms-version": "2021-08-06"
      },
      "ResponseBody": null
    },
    {
      "RequestUri": "https://storagename.dfs.core.windows.net/filesystem1816412e/directory1816412e?resource=directory",
      "RequestMethod": "PUT",
      "RequestHeaders": {
        "Accept": "application/json",
        "Accept-Encoding": "gzip, deflate",
        "Content-Length": "0",
        "User-Agent": "azsdk-python-storage-dfs/12.9.0b1 Python/3.10.2 (Windows-10-10.0.19044-SP0)",
        "x-ms-date": "Wed, 24 Aug 2022 22:19:16 GMT",
        "x-ms-version": "2021-08-06"
      },
      "RequestBody": null,
      "StatusCode": 201,
      "ResponseHeaders": {
        "Content-Length": "0",
        "Date": "Wed, 24 Aug 2022 22:19:14 GMT",
        "ETag": "\u00220x8DA861EADD9B766\u0022",
        "Last-Modified": "Wed, 24 Aug 2022 22:19:15 GMT",
        "Server": [
          "Windows-Azure-HDFS/1.0",
          "Microsoft-HTTPAPI/2.0"
        ],
        "x-ms-request-server-encrypted": "true",
        "x-ms-version": "2021-08-06"
      },
      "ResponseBody": null
    },
    {
      "RequestUri": "https://storagename.dfs.core.windows.net/filesystem1816412e/directory1816412e%2Fsubdir01816412e?resource=directory",
      "RequestMethod": "PUT",
      "RequestHeaders": {
        "Accept": "application/json",
        "Accept-Encoding": "gzip, deflate",
        "Content-Length": "0",
        "User-Agent": "azsdk-python-storage-dfs/12.9.0b1 Python/3.10.2 (Windows-10-10.0.19044-SP0)",
        "x-ms-date": "Wed, 24 Aug 2022 22:19:16 GMT",
        "x-ms-version": "2021-08-06"
      },
      "RequestBody": null,
      "StatusCode": 201,
      "ResponseHeaders": {
        "Content-Length": "0",
        "Date": "Wed, 24 Aug 2022 22:19:14 GMT",
        "ETag": "\u00220x8DA861EADEB89A1\u0022",
        "Last-Modified": "Wed, 24 Aug 2022 22:19:15 GMT",
        "Server": [
          "Windows-Azure-HDFS/1.0",
          "Microsoft-HTTPAPI/2.0"
        ],
        "x-ms-request-server-encrypted": "true",
        "x-ms-version": "2021-08-06"
      },
      "ResponseBody": null
    },
    {
      "RequestUri": "https://storagename.dfs.core.windows.net/filesystem1816412e/directory1816412e%2Fsubdir01816412e%2Fsubfile01816412e?resource=file",
      "RequestMethod": "PUT",
      "RequestHeaders": {
        "Accept": "application/json",
        "Accept-Encoding": "gzip, deflate",
        "Content-Length": "0",
        "User-Agent": "azsdk-python-storage-dfs/12.9.0b1 Python/3.10.2 (Windows-10-10.0.19044-SP0)",
        "x-ms-date": "Wed, 24 Aug 2022 22:19:16 GMT",
        "x-ms-version": "2021-08-06"
      },
      "RequestBody": null,
      "StatusCode": 201,
      "ResponseHeaders": {
        "Content-Length": "0",
        "Date": "Wed, 24 Aug 2022 22:19:14 GMT",
        "ETag": "\u00220x8DA861EADFF9B69\u0022",
        "Last-Modified": "Wed, 24 Aug 2022 22:19:15 GMT",
        "Server": [
          "Windows-Azure-HDFS/1.0",
          "Microsoft-HTTPAPI/2.0"
        ],
        "x-ms-request-server-encrypted": "true",
        "x-ms-version": "2021-08-06"
      },
      "ResponseBody": null
    },
    {
      "RequestUri": "https://storagename.dfs.core.windows.net/filesystem1816412e/directory1816412e%2Fsubdir01816412e%2Fsubfile11816412e?resource=file",
      "RequestMethod": "PUT",
      "RequestHeaders": {
        "Accept": "application/json",
        "Accept-Encoding": "gzip, deflate",
        "Content-Length": "0",
        "User-Agent": "azsdk-python-storage-dfs/12.9.0b1 Python/3.10.2 (Windows-10-10.0.19044-SP0)",
        "x-ms-date": "Wed, 24 Aug 2022 22:19:16 GMT",
        "x-ms-version": "2021-08-06"
      },
      "RequestBody": null,
      "StatusCode": 201,
      "ResponseHeaders": {
        "Content-Length": "0",
        "Date": "Wed, 24 Aug 2022 22:19:14 GMT",
        "ETag": "\u00220x8DA861EAE0FD44A\u0022",
        "Last-Modified": "Wed, 24 Aug 2022 22:19:15 GMT",
        "Server": [
          "Windows-Azure-HDFS/1.0",
          "Microsoft-HTTPAPI/2.0"
        ],
        "x-ms-request-server-encrypted": "true",
        "x-ms-version": "2021-08-06"
      },
      "ResponseBody": null
    },
    {
      "RequestUri": "https://storagename.dfs.core.windows.net/filesystem1816412e/directory1816412e%2Fsubdir01816412e%2Fsubfile21816412e?resource=file",
      "RequestMethod": "PUT",
      "RequestHeaders": {
        "Accept": "application/json",
        "Accept-Encoding": "gzip, deflate",
        "Content-Length": "0",
        "User-Agent": "azsdk-python-storage-dfs/12.9.0b1 Python/3.10.2 (Windows-10-10.0.19044-SP0)",
        "x-ms-date": "Wed, 24 Aug 2022 22:19:16 GMT",
        "x-ms-version": "2021-08-06"
      },
      "RequestBody": null,
      "StatusCode": 201,
      "ResponseHeaders": {
        "Content-Length": "0",
        "Date": "Wed, 24 Aug 2022 22:19:14 GMT",
        "ETag": "\u00220x8DA861EAE226147\u0022",
        "Last-Modified": "Wed, 24 Aug 2022 22:19:15 GMT",
        "Server": [
          "Windows-Azure-HDFS/1.0",
          "Microsoft-HTTPAPI/2.0"
        ],
        "x-ms-request-server-encrypted": "true",
        "x-ms-version": "2021-08-06"
      },
      "ResponseBody": null
    },
    {
      "RequestUri": "https://storagename.dfs.core.windows.net/filesystem1816412e/directory1816412e%2Fsubdir01816412e%2Fsubfile31816412e?resource=file",
      "RequestMethod": "PUT",
      "RequestHeaders": {
        "Accept": "application/json",
        "Accept-Encoding": "gzip, deflate",
        "Content-Length": "0",
        "User-Agent": "azsdk-python-storage-dfs/12.9.0b1 Python/3.10.2 (Windows-10-10.0.19044-SP0)",
        "x-ms-date": "Wed, 24 Aug 2022 22:19:16 GMT",
        "x-ms-version": "2021-08-06"
      },
      "RequestBody": null,
      "StatusCode": 201,
      "ResponseHeaders": {
        "Content-Length": "0",
        "Date": "Wed, 24 Aug 2022 22:19:14 GMT",
        "ETag": "\u00220x8DA861EAE31F213\u0022",
        "Last-Modified": "Wed, 24 Aug 2022 22:19:15 GMT",
        "Server": [
          "Windows-Azure-HDFS/1.0",
          "Microsoft-HTTPAPI/2.0"
        ],
        "x-ms-request-server-encrypted": "true",
        "x-ms-version": "2021-08-06"
      },
      "ResponseBody": null
    },
    {
      "RequestUri": "https://storagename.dfs.core.windows.net/filesystem1816412e/directory1816412e%2Fsubdir01816412e%2Fsubfile41816412e?resource=file",
      "RequestMethod": "PUT",
      "RequestHeaders": {
        "Accept": "application/json",
        "Accept-Encoding": "gzip, deflate",
        "Content-Length": "0",
        "User-Agent": "azsdk-python-storage-dfs/12.9.0b1 Python/3.10.2 (Windows-10-10.0.19044-SP0)",
        "x-ms-date": "Wed, 24 Aug 2022 22:19:17 GMT",
        "x-ms-version": "2021-08-06"
      },
      "RequestBody": null,
      "StatusCode": 201,
      "ResponseHeaders": {
        "Content-Length": "0",
        "Date": "Wed, 24 Aug 2022 22:19:15 GMT",
        "ETag": "\u00220x8DA861EAE427CED\u0022",
        "Last-Modified": "Wed, 24 Aug 2022 22:19:15 GMT",
        "Server": [
          "Windows-Azure-HDFS/1.0",
          "Microsoft-HTTPAPI/2.0"
        ],
        "x-ms-request-server-encrypted": "true",
        "x-ms-version": "2021-08-06"
      },
      "ResponseBody": null
    },
    {
      "RequestUri": "https://storagename.dfs.core.windows.net/filesystem1816412e/directory1816412e%2Fsubdir11816412e?resource=directory",
      "RequestMethod": "PUT",
      "RequestHeaders": {
        "Accept": "application/json",
        "Accept-Encoding": "gzip, deflate",
        "Content-Length": "0",
        "User-Agent": "azsdk-python-storage-dfs/12.9.0b1 Python/3.10.2 (Windows-10-10.0.19044-SP0)",
        "x-ms-date": "Wed, 24 Aug 2022 22:19:17 GMT",
        "x-ms-version": "2021-08-06"
      },
      "RequestBody": null,
      "StatusCode": 201,
      "ResponseHeaders": {
        "Content-Length": "0",
        "Date": "Wed, 24 Aug 2022 22:19:15 GMT",
        "ETag": "\u00220x8DA861EAE51B38A\u0022",
        "Last-Modified": "Wed, 24 Aug 2022 22:19:15 GMT",
        "Server": [
          "Windows-Azure-HDFS/1.0",
          "Microsoft-HTTPAPI/2.0"
        ],
        "x-ms-request-server-encrypted": "true",
        "x-ms-version": "2021-08-06"
      },
      "ResponseBody": null
    },
    {
      "RequestUri": "https://storagename.dfs.core.windows.net/filesystem1816412e/directory1816412e%2Fsubdir11816412e%2Fsubfile01816412e?resource=file",
      "RequestMethod": "PUT",
      "RequestHeaders": {
        "Accept": "application/json",
        "Accept-Encoding": "gzip, deflate",
        "Content-Length": "0",
        "User-Agent": "azsdk-python-storage-dfs/12.9.0b1 Python/3.10.2 (Windows-10-10.0.19044-SP0)",
        "x-ms-date": "Wed, 24 Aug 2022 22:19:17 GMT",
        "x-ms-version": "2021-08-06"
      },
      "RequestBody": null,
      "StatusCode": 201,
      "ResponseHeaders": {
        "Content-Length": "0",
        "Date": "Wed, 24 Aug 2022 22:19:15 GMT",
        "ETag": "\u00220x8DA861EAE662178\u0022",
        "Last-Modified": "Wed, 24 Aug 2022 22:19:15 GMT",
        "Server": [
          "Windows-Azure-HDFS/1.0",
          "Microsoft-HTTPAPI/2.0"
        ],
        "x-ms-request-server-encrypted": "true",
        "x-ms-version": "2021-08-06"
      },
      "ResponseBody": null
    },
    {
      "RequestUri": "https://storagename.dfs.core.windows.net/filesystem1816412e/directory1816412e%2Fsubdir11816412e%2Fsubfile11816412e?resource=file",
      "RequestMethod": "PUT",
      "RequestHeaders": {
        "Accept": "application/json",
        "Accept-Encoding": "gzip, deflate",
        "Content-Length": "0",
        "User-Agent": "azsdk-python-storage-dfs/12.9.0b1 Python/3.10.2 (Windows-10-10.0.19044-SP0)",
        "x-ms-date": "Wed, 24 Aug 2022 22:19:17 GMT",
        "x-ms-version": "2021-08-06"
      },
      "RequestBody": null,
      "StatusCode": 201,
      "ResponseHeaders": {
        "Content-Length": "0",
        "Date": "Wed, 24 Aug 2022 22:19:15 GMT",
        "ETag": "\u00220x8DA861EAE768A7D\u0022",
        "Last-Modified": "Wed, 24 Aug 2022 22:19:16 GMT",
        "Server": [
          "Windows-Azure-HDFS/1.0",
          "Microsoft-HTTPAPI/2.0"
        ],
        "x-ms-request-server-encrypted": "true",
        "x-ms-version": "2021-08-06"
      },
      "ResponseBody": null
    },
    {
      "RequestUri": "https://storagename.dfs.core.windows.net/filesystem1816412e/directory1816412e%2Fsubdir11816412e%2Fsubfile21816412e?resource=file",
      "RequestMethod": "PUT",
      "RequestHeaders": {
        "Accept": "application/json",
        "Accept-Encoding": "gzip, deflate",
        "Content-Length": "0",
        "User-Agent": "azsdk-python-storage-dfs/12.9.0b1 Python/3.10.2 (Windows-10-10.0.19044-SP0)",
        "x-ms-date": "Wed, 24 Aug 2022 22:19:17 GMT",
        "x-ms-version": "2021-08-06"
      },
      "RequestBody": null,
      "StatusCode": 201,
      "ResponseHeaders": {
        "Content-Length": "0",
        "Date": "Wed, 24 Aug 2022 22:19:15 GMT",
        "ETag": "\u00220x8DA861EAE8441EE\u0022",
        "Last-Modified": "Wed, 24 Aug 2022 22:19:16 GMT",
        "Server": [
          "Windows-Azure-HDFS/1.0",
          "Microsoft-HTTPAPI/2.0"
        ],
        "x-ms-request-server-encrypted": "true",
        "x-ms-version": "2021-08-06"
      },
      "ResponseBody": null
    },
    {
      "RequestUri": "https://storagename.dfs.core.windows.net/filesystem1816412e/directory1816412e%2Fsubdir11816412e%2Fsubfile31816412e?resource=file",
      "RequestMethod": "PUT",
      "RequestHeaders": {
        "Accept": "application/json",
        "Accept-Encoding": "gzip, deflate",
        "Content-Length": "0",
        "User-Agent": "azsdk-python-storage-dfs/12.9.0b1 Python/3.10.2 (Windows-10-10.0.19044-SP0)",
        "x-ms-date": "Wed, 24 Aug 2022 22:19:17 GMT",
        "x-ms-version": "2021-08-06"
      },
      "RequestBody": null,
      "StatusCode": 201,
      "ResponseHeaders": {
        "Content-Length": "0",
        "Date": "Wed, 24 Aug 2022 22:19:15 GMT",
        "ETag": "\u00220x8DA861EAE9498F7\u0022",
        "Last-Modified": "Wed, 24 Aug 2022 22:19:16 GMT",
        "Server": [
          "Windows-Azure-HDFS/1.0",
          "Microsoft-HTTPAPI/2.0"
        ],
        "x-ms-request-server-encrypted": "true",
        "x-ms-version": "2021-08-06"
      },
      "ResponseBody": null
    },
    {
      "RequestUri": "https://storagename.dfs.core.windows.net/filesystem1816412e/directory1816412e%2Fsubdir11816412e%2Fsubfile41816412e?resource=file",
      "RequestMethod": "PUT",
      "RequestHeaders": {
        "Accept": "application/json",
        "Accept-Encoding": "gzip, deflate",
        "Content-Length": "0",
        "User-Agent": "azsdk-python-storage-dfs/12.9.0b1 Python/3.10.2 (Windows-10-10.0.19044-SP0)",
        "x-ms-date": "Wed, 24 Aug 2022 22:19:17 GMT",
        "x-ms-version": "2021-08-06"
      },
      "RequestBody": null,
      "StatusCode": 201,
      "ResponseHeaders": {
        "Content-Length": "0",
        "Date": "Wed, 24 Aug 2022 22:19:15 GMT",
        "ETag": "\u00220x8DA861EAEA2AC2A\u0022",
        "Last-Modified": "Wed, 24 Aug 2022 22:19:16 GMT",
        "Server": [
          "Windows-Azure-HDFS/1.0",
          "Microsoft-HTTPAPI/2.0"
        ],
        "x-ms-request-server-encrypted": "true",
        "x-ms-version": "2021-08-06"
      },
      "ResponseBody": null
    },
    {
      "RequestUri": "https://storagename.dfs.core.windows.net/filesystem1816412e/directory1816412e%2Fsubdir21816412e?resource=directory",
      "RequestMethod": "PUT",
      "RequestHeaders": {
        "Accept": "application/json",
        "Accept-Encoding": "gzip, deflate",
        "Content-Length": "0",
        "User-Agent": "azsdk-python-storage-dfs/12.9.0b1 Python/3.10.2 (Windows-10-10.0.19044-SP0)",
        "x-ms-date": "Wed, 24 Aug 2022 22:19:17 GMT",
        "x-ms-version": "2021-08-06"
      },
      "RequestBody": null,
      "StatusCode": 201,
      "ResponseHeaders": {
        "Content-Length": "0",
        "Date": "Wed, 24 Aug 2022 22:19:15 GMT",
        "ETag": "\u00220x8DA861EAEB39D8C\u0022",
        "Last-Modified": "Wed, 24 Aug 2022 22:19:16 GMT",
        "Server": [
          "Windows-Azure-HDFS/1.0",
          "Microsoft-HTTPAPI/2.0"
        ],
        "x-ms-request-server-encrypted": "true",
        "x-ms-version": "2021-08-06"
      },
      "ResponseBody": null
    },
    {
      "RequestUri": "https://storagename.dfs.core.windows.net/filesystem1816412e/directory1816412e%2Fsubdir21816412e%2Fsubfile01816412e?resource=file",
      "RequestMethod": "PUT",
      "RequestHeaders": {
        "Accept": "application/json",
        "Accept-Encoding": "gzip, deflate",
        "Content-Length": "0",
        "User-Agent": "azsdk-python-storage-dfs/12.9.0b1 Python/3.10.2 (Windows-10-10.0.19044-SP0)",
        "x-ms-date": "Wed, 24 Aug 2022 22:19:17 GMT",
        "x-ms-version": "2021-08-06"
      },
      "RequestBody": null,
      "StatusCode": 201,
      "ResponseHeaders": {
        "Content-Length": "0",
        "Date": "Wed, 24 Aug 2022 22:19:15 GMT",
        "ETag": "\u00220x8DA861EAEC40DDC\u0022",
        "Last-Modified": "Wed, 24 Aug 2022 22:19:16 GMT",
        "Server": [
          "Windows-Azure-HDFS/1.0",
          "Microsoft-HTTPAPI/2.0"
        ],
        "x-ms-request-server-encrypted": "true",
        "x-ms-version": "2021-08-06"
      },
      "ResponseBody": null
    },
    {
      "RequestUri": "https://storagename.dfs.core.windows.net/filesystem1816412e/directory1816412e%2Fsubdir21816412e%2Fsubfile11816412e?resource=file",
      "RequestMethod": "PUT",
      "RequestHeaders": {
        "Accept": "application/json",
        "Accept-Encoding": "gzip, deflate",
        "Content-Length": "0",
        "User-Agent": "azsdk-python-storage-dfs/12.9.0b1 Python/3.10.2 (Windows-10-10.0.19044-SP0)",
        "x-ms-date": "Wed, 24 Aug 2022 22:19:18 GMT",
        "x-ms-version": "2021-08-06"
      },
      "RequestBody": null,
      "StatusCode": 201,
      "ResponseHeaders": {
        "Content-Length": "0",
        "Date": "Wed, 24 Aug 2022 22:19:16 GMT",
        "ETag": "\u00220x8DA861EAED6A95B\u0022",
        "Last-Modified": "Wed, 24 Aug 2022 22:19:16 GMT",
        "Server": [
          "Windows-Azure-HDFS/1.0",
          "Microsoft-HTTPAPI/2.0"
        ],
        "x-ms-request-server-encrypted": "true",
        "x-ms-version": "2021-08-06"
      },
      "ResponseBody": null
    },
    {
      "RequestUri": "https://storagename.dfs.core.windows.net/filesystem1816412e/directory1816412e%2Fsubdir21816412e%2Fsubfile21816412e?resource=file",
      "RequestMethod": "PUT",
      "RequestHeaders": {
        "Accept": "application/json",
        "Accept-Encoding": "gzip, deflate",
        "Content-Length": "0",
        "User-Agent": "azsdk-python-storage-dfs/12.9.0b1 Python/3.10.2 (Windows-10-10.0.19044-SP0)",
        "x-ms-date": "Wed, 24 Aug 2022 22:19:18 GMT",
        "x-ms-version": "2021-08-06"
      },
      "RequestBody": null,
      "StatusCode": 201,
      "ResponseHeaders": {
        "Content-Length": "0",
        "Date": "Wed, 24 Aug 2022 22:19:16 GMT",
        "ETag": "\u00220x8DA861EAEE7585B\u0022",
        "Last-Modified": "Wed, 24 Aug 2022 22:19:16 GMT",
        "Server": [
          "Windows-Azure-HDFS/1.0",
          "Microsoft-HTTPAPI/2.0"
        ],
        "x-ms-request-server-encrypted": "true",
        "x-ms-version": "2021-08-06"
      },
      "ResponseBody": null
    },
    {
      "RequestUri": "https://storagename.dfs.core.windows.net/filesystem1816412e/directory1816412e%2Fsubdir21816412e%2Fsubfile31816412e?resource=file",
      "RequestMethod": "PUT",
      "RequestHeaders": {
        "Accept": "application/json",
        "Accept-Encoding": "gzip, deflate",
        "Content-Length": "0",
        "User-Agent": "azsdk-python-storage-dfs/12.9.0b1 Python/3.10.2 (Windows-10-10.0.19044-SP0)",
        "x-ms-date": "Wed, 24 Aug 2022 22:19:18 GMT",
        "x-ms-version": "2021-08-06"
      },
      "RequestBody": null,
      "StatusCode": 201,
      "ResponseHeaders": {
        "Content-Length": "0",
        "Date": "Wed, 24 Aug 2022 22:19:16 GMT",
        "ETag": "\u00220x8DA861EAEF6A2AC\u0022",
        "Last-Modified": "Wed, 24 Aug 2022 22:19:16 GMT",
        "Server": [
          "Windows-Azure-HDFS/1.0",
          "Microsoft-HTTPAPI/2.0"
        ],
        "x-ms-request-server-encrypted": "true",
        "x-ms-version": "2021-08-06"
      },
      "ResponseBody": null
    },
    {
      "RequestUri": "https://storagename.dfs.core.windows.net/filesystem1816412e/directory1816412e%2Fsubdir21816412e%2Fsubfile41816412e?resource=file",
      "RequestMethod": "PUT",
      "RequestHeaders": {
        "Accept": "application/json",
        "Accept-Encoding": "gzip, deflate",
        "Content-Length": "0",
        "User-Agent": "azsdk-python-storage-dfs/12.9.0b1 Python/3.10.2 (Windows-10-10.0.19044-SP0)",
        "x-ms-date": "Wed, 24 Aug 2022 22:19:18 GMT",
        "x-ms-version": "2021-08-06"
      },
      "RequestBody": null,
      "StatusCode": 201,
      "ResponseHeaders": {
        "Content-Length": "0",
        "Date": "Wed, 24 Aug 2022 22:19:16 GMT",
        "ETag": "\u00220x8DA861EAF076943\u0022",
        "Last-Modified": "Wed, 24 Aug 2022 22:19:16 GMT",
        "Server": [
          "Windows-Azure-HDFS/1.0",
          "Microsoft-HTTPAPI/2.0"
        ],
        "x-ms-request-server-encrypted": "true",
        "x-ms-version": "2021-08-06"
      },
      "ResponseBody": null
    },
    {
      "RequestUri": "https://storagename.dfs.core.windows.net/filesystem1816412e/directory1816412e%2Fsubdir31816412e?resource=directory",
      "RequestMethod": "PUT",
      "RequestHeaders": {
        "Accept": "application/json",
        "Accept-Encoding": "gzip, deflate",
        "Content-Length": "0",
        "User-Agent": "azsdk-python-storage-dfs/12.9.0b1 Python/3.10.2 (Windows-10-10.0.19044-SP0)",
        "x-ms-date": "Wed, 24 Aug 2022 22:19:18 GMT",
        "x-ms-version": "2021-08-06"
      },
      "RequestBody": null,
      "StatusCode": 201,
      "ResponseHeaders": {
        "Content-Length": "0",
        "Date": "Wed, 24 Aug 2022 22:19:16 GMT",
        "ETag": "\u00220x8DA861EAF17E9C6\u0022",
        "Last-Modified": "Wed, 24 Aug 2022 22:19:17 GMT",
        "Server": [
          "Windows-Azure-HDFS/1.0",
          "Microsoft-HTTPAPI/2.0"
        ],
        "x-ms-request-server-encrypted": "true",
        "x-ms-version": "2021-08-06"
      },
      "ResponseBody": null
    },
    {
      "RequestUri": "https://storagename.dfs.core.windows.net/filesystem1816412e/directory1816412e%2Fsubdir31816412e%2Fsubfile01816412e?resource=file",
      "RequestMethod": "PUT",
      "RequestHeaders": {
        "Accept": "application/json",
        "Accept-Encoding": "gzip, deflate",
        "Content-Length": "0",
        "User-Agent": "azsdk-python-storage-dfs/12.9.0b1 Python/3.10.2 (Windows-10-10.0.19044-SP0)",
        "x-ms-date": "Wed, 24 Aug 2022 22:19:18 GMT",
        "x-ms-version": "2021-08-06"
      },
      "RequestBody": null,
      "StatusCode": 201,
      "ResponseHeaders": {
        "Content-Length": "0",
        "Date": "Wed, 24 Aug 2022 22:19:16 GMT",
        "ETag": "\u00220x8DA861EAF28AAB3\u0022",
        "Last-Modified": "Wed, 24 Aug 2022 22:19:17 GMT",
        "Server": [
          "Windows-Azure-HDFS/1.0",
          "Microsoft-HTTPAPI/2.0"
        ],
        "x-ms-request-server-encrypted": "true",
        "x-ms-version": "2021-08-06"
      },
      "ResponseBody": null
    },
    {
      "RequestUri": "https://storagename.dfs.core.windows.net/filesystem1816412e/directory1816412e%2Fsubdir31816412e%2Fsubfile11816412e?resource=file",
      "RequestMethod": "PUT",
      "RequestHeaders": {
        "Accept": "application/json",
        "Accept-Encoding": "gzip, deflate",
        "Content-Length": "0",
        "User-Agent": "azsdk-python-storage-dfs/12.9.0b1 Python/3.10.2 (Windows-10-10.0.19044-SP0)",
        "x-ms-date": "Wed, 24 Aug 2022 22:19:18 GMT",
        "x-ms-version": "2021-08-06"
      },
      "RequestBody": null,
      "StatusCode": 201,
      "ResponseHeaders": {
        "Content-Length": "0",
        "Date": "Wed, 24 Aug 2022 22:19:16 GMT",
        "ETag": "\u00220x8DA861EAF37E85C\u0022",
        "Last-Modified": "Wed, 24 Aug 2022 22:19:17 GMT",
        "Server": [
          "Windows-Azure-HDFS/1.0",
          "Microsoft-HTTPAPI/2.0"
        ],
        "x-ms-request-server-encrypted": "true",
        "x-ms-version": "2021-08-06"
      },
      "ResponseBody": null
    },
    {
      "RequestUri": "https://storagename.dfs.core.windows.net/filesystem1816412e/directory1816412e%2Fsubdir31816412e%2Fsubfile21816412e?resource=file",
      "RequestMethod": "PUT",
      "RequestHeaders": {
        "Accept": "application/json",
        "Accept-Encoding": "gzip, deflate",
        "Content-Length": "0",
        "User-Agent": "azsdk-python-storage-dfs/12.9.0b1 Python/3.10.2 (Windows-10-10.0.19044-SP0)",
        "x-ms-date": "Wed, 24 Aug 2022 22:19:18 GMT",
        "x-ms-version": "2021-08-06"
      },
      "RequestBody": null,
      "StatusCode": 201,
      "ResponseHeaders": {
        "Content-Length": "0",
        "Date": "Wed, 24 Aug 2022 22:19:16 GMT",
        "ETag": "\u00220x8DA861EAF486F61\u0022",
        "Last-Modified": "Wed, 24 Aug 2022 22:19:17 GMT",
        "Server": [
          "Windows-Azure-HDFS/1.0",
          "Microsoft-HTTPAPI/2.0"
        ],
        "x-ms-request-server-encrypted": "true",
        "x-ms-version": "2021-08-06"
      },
      "ResponseBody": null
    },
    {
      "RequestUri": "https://storagename.dfs.core.windows.net/filesystem1816412e/directory1816412e%2Fsubdir31816412e%2Fsubfile31816412e?resource=file",
      "RequestMethod": "PUT",
      "RequestHeaders": {
        "Accept": "application/json",
        "Accept-Encoding": "gzip, deflate",
        "Content-Length": "0",
        "User-Agent": "azsdk-python-storage-dfs/12.9.0b1 Python/3.10.2 (Windows-10-10.0.19044-SP0)",
        "x-ms-date": "Wed, 24 Aug 2022 22:19:18 GMT",
        "x-ms-version": "2021-08-06"
      },
      "RequestBody": null,
      "StatusCode": 201,
      "ResponseHeaders": {
        "Content-Length": "0",
        "Date": "Wed, 24 Aug 2022 22:19:16 GMT",
        "ETag": "\u00220x8DA861EAF582542\u0022",
        "Last-Modified": "Wed, 24 Aug 2022 22:19:17 GMT",
        "Server": [
          "Windows-Azure-HDFS/1.0",
          "Microsoft-HTTPAPI/2.0"
        ],
        "x-ms-request-server-encrypted": "true",
        "x-ms-version": "2021-08-06"
      },
      "ResponseBody": null
    },
    {
      "RequestUri": "https://storagename.dfs.core.windows.net/filesystem1816412e/directory1816412e%2Fsubdir31816412e%2Fsubfile41816412e?resource=file",
      "RequestMethod": "PUT",
      "RequestHeaders": {
        "Accept": "application/json",
        "Accept-Encoding": "gzip, deflate",
        "Content-Length": "0",
        "User-Agent": "azsdk-python-storage-dfs/12.9.0b1 Python/3.10.2 (Windows-10-10.0.19044-SP0)",
        "x-ms-date": "Wed, 24 Aug 2022 22:19:18 GMT",
        "x-ms-version": "2021-08-06"
      },
      "RequestBody": null,
      "StatusCode": 201,
      "ResponseHeaders": {
        "Content-Length": "0",
        "Date": "Wed, 24 Aug 2022 22:19:16 GMT",
        "ETag": "\u00220x8DA861EAF6B1B1A\u0022",
        "Last-Modified": "Wed, 24 Aug 2022 22:19:17 GMT",
        "Server": [
          "Windows-Azure-HDFS/1.0",
          "Microsoft-HTTPAPI/2.0"
        ],
        "x-ms-request-server-encrypted": "true",
        "x-ms-version": "2021-08-06"
      },
      "ResponseBody": null
    },
    {
      "RequestUri": "https://storagename.dfs.core.windows.net/filesystem1816412e/directory1816412e%2Fsubdir41816412e?resource=directory",
      "RequestMethod": "PUT",
      "RequestHeaders": {
        "Accept": "application/json",
        "Accept-Encoding": "gzip, deflate",
        "Content-Length": "0",
        "User-Agent": "azsdk-python-storage-dfs/12.9.0b1 Python/3.10.2 (Windows-10-10.0.19044-SP0)",
        "x-ms-date": "Wed, 24 Aug 2022 22:19:19 GMT",
        "x-ms-version": "2021-08-06"
      },
      "RequestBody": null,
      "StatusCode": 201,
      "ResponseHeaders": {
        "Content-Length": "0",
        "Date": "Wed, 24 Aug 2022 22:19:17 GMT",
        "ETag": "\u00220x8DA861EAF7A5A47\u0022",
        "Last-Modified": "Wed, 24 Aug 2022 22:19:17 GMT",
        "Server": [
          "Windows-Azure-HDFS/1.0",
          "Microsoft-HTTPAPI/2.0"
        ],
        "x-ms-request-server-encrypted": "true",
        "x-ms-version": "2021-08-06"
      },
      "ResponseBody": null
    },
    {
      "RequestUri": "https://storagename.dfs.core.windows.net/filesystem1816412e/directory1816412e%2Fsubdir41816412e%2Fsubfile01816412e?resource=file",
      "RequestMethod": "PUT",
      "RequestHeaders": {
        "Accept": "application/json",
        "Accept-Encoding": "gzip, deflate",
        "Content-Length": "0",
        "User-Agent": "azsdk-python-storage-dfs/12.9.0b1 Python/3.10.2 (Windows-10-10.0.19044-SP0)",
        "x-ms-date": "Wed, 24 Aug 2022 22:19:19 GMT",
        "x-ms-version": "2021-08-06"
      },
      "RequestBody": null,
      "StatusCode": 201,
      "ResponseHeaders": {
        "Content-Length": "0",
        "Date": "Wed, 24 Aug 2022 22:19:17 GMT",
        "ETag": "\u00220x8DA861EAF89D85D\u0022",
        "Last-Modified": "Wed, 24 Aug 2022 22:19:17 GMT",
        "Server": [
          "Windows-Azure-HDFS/1.0",
          "Microsoft-HTTPAPI/2.0"
        ],
        "x-ms-request-server-encrypted": "true",
        "x-ms-version": "2021-08-06"
      },
      "ResponseBody": null
    },
    {
      "RequestUri": "https://storagename.dfs.core.windows.net/filesystem1816412e/directory1816412e%2Fsubdir41816412e%2Fsubfile11816412e?resource=file",
      "RequestMethod": "PUT",
      "RequestHeaders": {
        "Accept": "application/json",
        "Accept-Encoding": "gzip, deflate",
        "Content-Length": "0",
        "User-Agent": "azsdk-python-storage-dfs/12.9.0b1 Python/3.10.2 (Windows-10-10.0.19044-SP0)",
        "x-ms-date": "Wed, 24 Aug 2022 22:19:19 GMT",
        "x-ms-version": "2021-08-06"
      },
      "RequestBody": null,
      "StatusCode": 201,
      "ResponseHeaders": {
        "Content-Length": "0",
        "Date": "Wed, 24 Aug 2022 22:19:17 GMT",
        "ETag": "\u00220x8DA861EAF9A7C03\u0022",
        "Last-Modified": "Wed, 24 Aug 2022 22:19:17 GMT",
        "Server": [
          "Windows-Azure-HDFS/1.0",
          "Microsoft-HTTPAPI/2.0"
        ],
        "x-ms-request-server-encrypted": "true",
        "x-ms-version": "2021-08-06"
      },
      "ResponseBody": null
    },
    {
      "RequestUri": "https://storagename.dfs.core.windows.net/filesystem1816412e/directory1816412e%2Fsubdir41816412e%2Fsubfile21816412e?resource=file",
      "RequestMethod": "PUT",
      "RequestHeaders": {
        "Accept": "application/json",
        "Accept-Encoding": "gzip, deflate",
        "Content-Length": "0",
        "User-Agent": "azsdk-python-storage-dfs/12.9.0b1 Python/3.10.2 (Windows-10-10.0.19044-SP0)",
        "x-ms-date": "Wed, 24 Aug 2022 22:19:19 GMT",
        "x-ms-version": "2021-08-06"
      },
      "RequestBody": null,
      "StatusCode": 201,
      "ResponseHeaders": {
        "Content-Length": "0",
        "Date": "Wed, 24 Aug 2022 22:19:17 GMT",
        "ETag": "\u00220x8DA861EAFA9DB91\u0022",
        "Last-Modified": "Wed, 24 Aug 2022 22:19:18 GMT",
        "Server": [
          "Windows-Azure-HDFS/1.0",
          "Microsoft-HTTPAPI/2.0"
        ],
        "x-ms-request-server-encrypted": "true",
        "x-ms-version": "2021-08-06"
      },
      "ResponseBody": null
    },
    {
      "RequestUri": "https://storagename.dfs.core.windows.net/filesystem1816412e/directory1816412e%2Fsubdir41816412e%2Fsubfile31816412e?resource=file",
      "RequestMethod": "PUT",
      "RequestHeaders": {
        "Accept": "application/json",
        "Accept-Encoding": "gzip, deflate",
        "Content-Length": "0",
        "User-Agent": "azsdk-python-storage-dfs/12.9.0b1 Python/3.10.2 (Windows-10-10.0.19044-SP0)",
        "x-ms-date": "Wed, 24 Aug 2022 22:19:19 GMT",
        "x-ms-version": "2021-08-06"
      },
      "RequestBody": null,
      "StatusCode": 201,
      "ResponseHeaders": {
        "Content-Length": "0",
        "Date": "Wed, 24 Aug 2022 22:19:17 GMT",
        "ETag": "\u00220x8DA861EAFB93730\u0022",
        "Last-Modified": "Wed, 24 Aug 2022 22:19:18 GMT",
        "Server": [
          "Windows-Azure-HDFS/1.0",
          "Microsoft-HTTPAPI/2.0"
        ],
        "x-ms-request-server-encrypted": "true",
        "x-ms-version": "2021-08-06"
      },
      "ResponseBody": null
    },
    {
      "RequestUri": "https://storagename.dfs.core.windows.net/filesystem1816412e/directory1816412e%2Fsubdir41816412e%2Fsubfile41816412e?resource=file",
      "RequestMethod": "PUT",
      "RequestHeaders": {
        "Accept": "application/json",
        "Accept-Encoding": "gzip, deflate",
        "Content-Length": "0",
        "User-Agent": "azsdk-python-storage-dfs/12.9.0b1 Python/3.10.2 (Windows-10-10.0.19044-SP0)",
        "x-ms-date": "Wed, 24 Aug 2022 22:19:19 GMT",
        "x-ms-version": "2021-08-06"
      },
      "RequestBody": null,
      "StatusCode": 201,
      "ResponseHeaders": {
        "Content-Length": "0",
        "Date": "Wed, 24 Aug 2022 22:19:17 GMT",
        "ETag": "\u00220x8DA861EAFC98C4C\u0022",
        "Last-Modified": "Wed, 24 Aug 2022 22:19:18 GMT",
        "Server": [
          "Windows-Azure-HDFS/1.0",
          "Microsoft-HTTPAPI/2.0"
        ],
        "x-ms-request-server-encrypted": "true",
        "x-ms-version": "2021-08-06"
      },
      "ResponseBody": null
    },
    {
      "RequestUri": "https://storagename.dfs.core.windows.net/filesystem1816412e/directory1816412e?action=setAccessControlRecursive\u0026mode=set\u0026maxRecords=2",
      "RequestMethod": "PATCH",
      "RequestHeaders": {
        "Accept": "application/json",
        "Accept-Encoding": "gzip, deflate",
        "Content-Length": "0",
        "User-Agent": "azsdk-python-storage-dfs/12.9.0b1 Python/3.10.2 (Windows-10-10.0.19044-SP0)",
        "x-ms-acl": "user::rwx,group::r-x,other::rwx",
        "x-ms-date": "Wed, 24 Aug 2022 22:19:19 GMT",
        "x-ms-version": "2021-08-06"
      },
      "RequestBody": null,
      "StatusCode": 200,
      "ResponseHeaders": {
        "Date": "Wed, 24 Aug 2022 22:19:17 GMT",
        "Server": [
          "Windows-Azure-HDFS/1.0",
          "Microsoft-HTTPAPI/2.0"
        ],
        "Transfer-Encoding": "chunked",
        "x-ms-continuation": "VBbx/P2zjfTY6agBGIIBGH0vdmluY2VudHRyYW5obnNjYW5hcnkBMDFEODkzMUY3MENGQUQ4Ni9maWxlc3lzdGVtMTgxNjQxMmUBMDFEOEI4MDc4QjUwRkMyMS9kaXJlY3RvcnkxODE2NDEyZS9zdWJkaXIwMTgxNjQxMmUvc3ViZmlsZTAxODE2NDEyZRYAAAA=",
        "x-ms-namespace-enabled": "true",
        "x-ms-version": "2021-08-06"
      },
      "ResponseBody": "eyJkaXJlY3Rvcmllc1N1Y2Nlc3NmdWwiOjIsImZhaWxlZEVudHJpZXMiOltdLCJmYWlsdXJlQ291bnQiOjAsImZpbGVzU3VjY2Vzc2Z1bCI6MH0K"
    },
    {
      "RequestUri": "https://storagename.dfs.core.windows.net/filesystem1816412e/directory1816412e?action=setAccessControlRecursive\u0026continuation=VBbx/P2zjfTY6agBGIIBGH0vdmluY2VudHRyYW5obnNjYW5hcnkBMDFEODkzMUY3MENGQUQ4Ni9maWxlc3lzdGVtMTgxNjQxMmUBMDFEOEI4MDc4QjUwRkMyMS9kaXJlY3RvcnkxODE2NDEyZS9zdWJkaXIwMTgxNjQxMmUvc3ViZmlsZTAxODE2NDEyZRYAAAA%3D\u0026mode=set\u0026maxRecords=2",
      "RequestMethod": "PATCH",
      "RequestHeaders": {
        "Accept": "application/json",
        "Accept-Encoding": "gzip, deflate",
        "Content-Length": "0",
        "User-Agent": "azsdk-python-storage-dfs/12.9.0b1 Python/3.10.2 (Windows-10-10.0.19044-SP0)",
        "x-ms-acl": "user::rwx,group::r-x,other::rwx",
        "x-ms-date": "Wed, 24 Aug 2022 22:19:19 GMT",
        "x-ms-version": "2021-08-06"
      },
      "RequestBody": null,
      "StatusCode": 200,
      "ResponseHeaders": {
        "Date": "Wed, 24 Aug 2022 22:19:17 GMT",
        "Server": [
          "Windows-Azure-HDFS/1.0",
          "Microsoft-HTTPAPI/2.0"
        ],
        "Transfer-Encoding": "chunked",
        "x-ms-continuation": "VBb6l\u002B/igNaUg80BGIIBGH0vdmluY2VudHRyYW5obnNjYW5hcnkBMDFEODkzMUY3MENGQUQ4Ni9maWxlc3lzdGVtMTgxNjQxMmUBMDFEOEI4MDc4QjUwRkMyMS9kaXJlY3RvcnkxODE2NDEyZS9zdWJkaXIwMTgxNjQxMmUvc3ViZmlsZTIxODE2NDEyZRYAAAA=",
        "x-ms-namespace-enabled": "true",
        "x-ms-version": "2021-08-06"
      },
      "ResponseBody": "eyJkaXJlY3Rvcmllc1N1Y2Nlc3NmdWwiOjAsImZhaWxlZEVudHJpZXMiOltdLCJmYWlsdXJlQ291bnQiOjAsImZpbGVzU3VjY2Vzc2Z1bCI6Mn0K"
    },
    {
      "RequestUri": "https://storagename.dfs.core.windows.net/filesystem1816412e/directory1816412e?action=setAccessControlRecursive\u0026continuation=VBb6l%2B/igNaUg80BGIIBGH0vdmluY2VudHRyYW5obnNjYW5hcnkBMDFEODkzMUY3MENGQUQ4Ni9maWxlc3lzdGVtMTgxNjQxMmUBMDFEOEI4MDc4QjUwRkMyMS9kaXJlY3RvcnkxODE2NDEyZS9zdWJkaXIwMTgxNjQxMmUvc3ViZmlsZTIxODE2NDEyZRYAAAA%3D\u0026mode=set\u0026maxRecords=2",
      "RequestMethod": "PATCH",
      "RequestHeaders": {
        "Accept": "application/json",
        "Accept-Encoding": "gzip, deflate",
        "Content-Length": "0",
        "User-Agent": "azsdk-python-storage-dfs/12.9.0b1 Python/3.10.2 (Windows-10-10.0.19044-SP0)",
        "x-ms-acl": "user::rwx,group::r-x,other::rwx",
        "x-ms-date": "Wed, 24 Aug 2022 22:19:20 GMT",
        "x-ms-version": "2021-08-06"
      },
      "RequestBody": null,
      "StatusCode": 200,
      "ResponseHeaders": {
        "Date": "Wed, 24 Aug 2022 22:19:18 GMT",
        "Server": [
          "Windows-Azure-HDFS/1.0",
          "Microsoft-HTTPAPI/2.0"
        ],
        "Transfer-Encoding": "chunked",
        "x-ms-continuation": "VBaw5\u002BSY/aTT5QoYggEYfS92aW5jZW50dHJhbmhuc2NhbmFyeQEwMUQ4OTMxRjcwQ0ZBRDg2L2ZpbGVzeXN0ZW0xODE2NDEyZQEwMUQ4QjgwNzhCNTBGQzIxL2RpcmVjdG9yeTE4MTY0MTJlL3N1YmRpcjAxODE2NDEyZS9zdWJmaWxlNDE4MTY0MTJlFgAAAA==",
        "x-ms-namespace-enabled": "true",
        "x-ms-version": "2021-08-06"
      },
      "ResponseBody": "eyJkaXJlY3Rvcmllc1N1Y2Nlc3NmdWwiOjAsImZhaWxlZEVudHJpZXMiOltdLCJmYWlsdXJlQ291bnQiOjAsImZpbGVzU3VjY2Vzc2Z1bCI6Mn0K"
    },
    {
      "RequestUri": "https://storagename.dfs.core.windows.net/filesystem1816412e/directory1816412e?action=setAccessControlRecursive\u0026continuation=VBaw5%2BSY/aTT5QoYggEYfS92aW5jZW50dHJhbmhuc2NhbmFyeQEwMUQ4OTMxRjcwQ0ZBRDg2L2ZpbGVzeXN0ZW0xODE2NDEyZQEwMUQ4QjgwNzhCNTBGQzIxL2RpcmVjdG9yeTE4MTY0MTJlL3N1YmRpcjAxODE2NDEyZS9zdWJmaWxlNDE4MTY0MTJlFgAAAA%3D%3D\u0026mode=set\u0026maxRecords=2",
      "RequestMethod": "PATCH",
      "RequestHeaders": {
        "Accept": "application/json",
        "Accept-Encoding": "gzip, deflate",
        "Content-Length": "0",
        "User-Agent": "azsdk-python-storage-dfs/12.9.0b1 Python/3.10.2 (Windows-10-10.0.19044-SP0)",
        "x-ms-acl": "user::rwx,group::r-x,other::rwx",
        "x-ms-date": "Wed, 24 Aug 2022 22:19:20 GMT",
        "x-ms-version": "2021-08-06"
      },
      "RequestBody": null,
      "StatusCode": 200,
      "ResponseHeaders": {
        "Date": "Wed, 24 Aug 2022 22:19:18 GMT",
        "Server": [
          "Windows-Azure-HDFS/1.0",
          "Microsoft-HTTPAPI/2.0"
        ],
        "Transfer-Encoding": "chunked",
        "x-ms-continuation": "VBafyfWdqNvTz9UBGIIBGH0vdmluY2VudHRyYW5obnNjYW5hcnkBMDFEODkzMUY3MENGQUQ4Ni9maWxlc3lzdGVtMTgxNjQxMmUBMDFEOEI4MDc4QjUwRkMyMS9kaXJlY3RvcnkxODE2NDEyZS9zdWJkaXIxMTgxNjQxMmUvc3ViZmlsZTAxODE2NDEyZRYAAAA=",
        "x-ms-namespace-enabled": "true",
        "x-ms-version": "2021-08-06"
      },
      "ResponseBody": "eyJkaXJlY3Rvcmllc1N1Y2Nlc3NmdWwiOjEsImZhaWxlZEVudHJpZXMiOltdLCJmYWlsdXJlQ291bnQiOjAsImZpbGVzU3VjY2Vzc2Z1bCI6MX0K"
    },
    {
      "RequestUri": "https://storagename.dfs.core.windows.net/filesystem1816412e/directory1816412e?action=setAccessControlRecursive\u0026continuation=VBafyfWdqNvTz9UBGIIBGH0vdmluY2VudHRyYW5obnNjYW5hcnkBMDFEODkzMUY3MENGQUQ4Ni9maWxlc3lzdGVtMTgxNjQxMmUBMDFEOEI4MDc4QjUwRkMyMS9kaXJlY3RvcnkxODE2NDEyZS9zdWJkaXIxMTgxNjQxMmUvc3ViZmlsZTAxODE2NDEyZRYAAAA%3D\u0026mode=set\u0026maxRecords=2",
      "RequestMethod": "PATCH",
      "RequestHeaders": {
        "Accept": "application/json",
        "Accept-Encoding": "gzip, deflate",
        "Content-Length": "0",
        "User-Agent": "azsdk-python-storage-dfs/12.9.0b1 Python/3.10.2 (Windows-10-10.0.19044-SP0)",
        "x-ms-acl": "user::rwx,group::r-x,other::rwx",
        "x-ms-date": "Wed, 24 Aug 2022 22:19:20 GMT",
        "x-ms-version": "2021-08-06"
      },
      "RequestBody": null,
      "StatusCode": 200,
      "ResponseHeaders": {
        "Date": "Wed, 24 Aug 2022 22:19:18 GMT",
        "Server": [
          "Windows-Azure-HDFS/1.0",
          "Microsoft-HTTPAPI/2.0"
        ],
        "Transfer-Encoding": "chunked",
        "x-ms-continuation": "VBaUoufMpfmfpbABGIIBGH0vdmluY2VudHRyYW5obnNjYW5hcnkBMDFEODkzMUY3MENGQUQ4Ni9maWxlc3lzdGVtMTgxNjQxMmUBMDFEOEI4MDc4QjUwRkMyMS9kaXJlY3RvcnkxODE2NDEyZS9zdWJkaXIxMTgxNjQxMmUvc3ViZmlsZTIxODE2NDEyZRYAAAA=",
        "x-ms-namespace-enabled": "true",
        "x-ms-version": "2021-08-06"
      },
      "ResponseBody": "eyJkaXJlY3Rvcmllc1N1Y2Nlc3NmdWwiOjAsImZhaWxlZEVudHJpZXMiOltdLCJmYWlsdXJlQ291bnQiOjAsImZpbGVzU3VjY2Vzc2Z1bCI6Mn0K"
    },
    {
      "RequestUri": "https://storagename.dfs.core.windows.net/filesystem1816412e/directory1816412e?action=setAccessControlRecursive\u0026continuation=VBaUoufMpfmfpbABGIIBGH0vdmluY2VudHRyYW5obnNjYW5hcnkBMDFEODkzMUY3MENGQUQ4Ni9maWxlc3lzdGVtMTgxNjQxMmUBMDFEOEI4MDc4QjUwRkMyMS9kaXJlY3RvcnkxODE2NDEyZS9zdWJkaXIxMTgxNjQxMmUvc3ViZmlsZTIxODE2NDEyZRYAAAA%3D\u0026mode=set\u0026maxRecords=2",
      "RequestMethod": "PATCH",
      "RequestHeaders": {
        "Accept": "application/json",
        "Accept-Encoding": "gzip, deflate",
        "Content-Length": "0",
        "User-Agent": "azsdk-python-storage-dfs/12.9.0b1 Python/3.10.2 (Windows-10-10.0.19044-SP0)",
        "x-ms-acl": "user::rwx,group::r-x,other::rwx",
        "x-ms-date": "Wed, 24 Aug 2022 22:19:20 GMT",
        "x-ms-version": "2021-08-06"
      },
      "RequestBody": null,
      "StatusCode": 200,
      "ResponseHeaders": {
        "Date": "Wed, 24 Aug 2022 22:19:18 GMT",
        "Server": [
          "Windows-Azure-HDFS/1.0",
          "Microsoft-HTTPAPI/2.0"
        ],
        "Transfer-Encoding": "chunked",
        "x-ms-continuation": "VBbe0uy22IvYw3cYggEYfS92aW5jZW50dHJhbmhuc2NhbmFyeQEwMUQ4OTMxRjcwQ0ZBRDg2L2ZpbGVzeXN0ZW0xODE2NDEyZQEwMUQ4QjgwNzhCNTBGQzIxL2RpcmVjdG9yeTE4MTY0MTJlL3N1YmRpcjExODE2NDEyZS9zdWJmaWxlNDE4MTY0MTJlFgAAAA==",
        "x-ms-namespace-enabled": "true",
        "x-ms-version": "2021-08-06"
      },
      "ResponseBody": "eyJkaXJlY3Rvcmllc1N1Y2Nlc3NmdWwiOjAsImZhaWxlZEVudHJpZXMiOltdLCJmYWlsdXJlQ291bnQiOjAsImZpbGVzU3VjY2Vzc2Z1bCI6Mn0K"
    },
    {
      "RequestUri": "https://storagename.dfs.core.windows.net/filesystem1816412e/directory1816412e?action=setAccessControlRecursive\u0026continuation=VBbe0uy22IvYw3cYggEYfS92aW5jZW50dHJhbmhuc2NhbmFyeQEwMUQ4OTMxRjcwQ0ZBRDg2L2ZpbGVzeXN0ZW0xODE2NDEyZQEwMUQ4QjgwNzhCNTBGQzIxL2RpcmVjdG9yeTE4MTY0MTJlL3N1YmRpcjExODE2NDEyZS9zdWJmaWxlNDE4MTY0MTJlFgAAAA%3D%3D\u0026mode=set\u0026maxRecords=2",
      "RequestMethod": "PATCH",
      "RequestHeaders": {
        "Accept": "application/json",
        "Accept-Encoding": "gzip, deflate",
        "Content-Length": "0",
        "User-Agent": "azsdk-python-storage-dfs/12.9.0b1 Python/3.10.2 (Windows-10-10.0.19044-SP0)",
        "x-ms-acl": "user::rwx,group::r-x,other::rwx",
        "x-ms-date": "Wed, 24 Aug 2022 22:19:20 GMT",
        "x-ms-version": "2021-08-06"
      },
      "RequestBody": null,
      "StatusCode": 200,
      "ResponseHeaders": {
        "Date": "Wed, 24 Aug 2022 22:19:18 GMT",
        "Server": [
          "Windows-Azure-HDFS/1.0",
          "Microsoft-HTTPAPI/2.0"
        ],
        "Transfer-Encoding": "chunked",
        "x-ms-continuation": "VBatl\u002B3vx6rOpVIYggEYfS92aW5jZW50dHJhbmhuc2NhbmFyeQEwMUQ4OTMxRjcwQ0ZBRDg2L2ZpbGVzeXN0ZW0xODE2NDEyZQEwMUQ4QjgwNzhCNTBGQzIxL2RpcmVjdG9yeTE4MTY0MTJlL3N1YmRpcjIxODE2NDEyZS9zdWJmaWxlMDE4MTY0MTJlFgAAAA==",
        "x-ms-namespace-enabled": "true",
        "x-ms-version": "2021-08-06"
      },
      "ResponseBody": "eyJkaXJlY3Rvcmllc1N1Y2Nlc3NmdWwiOjEsImZhaWxlZEVudHJpZXMiOltdLCJmYWlsdXJlQ291bnQiOjAsImZpbGVzU3VjY2Vzc2Z1bCI6MX0K"
    },
    {
      "RequestUri": "https://storagename.dfs.core.windows.net/filesystem1816412e/directory1816412e?action=setAccessControlRecursive\u0026continuation=VBatl%2B3vx6rOpVIYggEYfS92aW5jZW50dHJhbmhuc2NhbmFyeQEwMUQ4OTMxRjcwQ0ZBRDg2L2ZpbGVzeXN0ZW0xODE2NDEyZQEwMUQ4QjgwNzhCNTBGQzIxL2RpcmVjdG9yeTE4MTY0MTJlL3N1YmRpcjIxODE2NDEyZS9zdWJmaWxlMDE4MTY0MTJlFgAAAA%3D%3D\u0026mode=set\u0026maxRecords=2",
      "RequestMethod": "PATCH",
      "RequestHeaders": {
        "Accept": "application/json",
        "Accept-Encoding": "gzip, deflate",
        "Content-Length": "0",
        "User-Agent": "azsdk-python-storage-dfs/12.9.0b1 Python/3.10.2 (Windows-10-10.0.19044-SP0)",
        "x-ms-acl": "user::rwx,group::r-x,other::rwx",
        "x-ms-date": "Wed, 24 Aug 2022 22:19:20 GMT",
        "x-ms-version": "2021-08-06"
      },
      "RequestBody": null,
      "StatusCode": 200,
      "ResponseHeaders": {
        "Date": "Wed, 24 Aug 2022 22:19:18 GMT",
        "Server": [
          "Windows-Azure-HDFS/1.0",
          "Microsoft-HTTPAPI/2.0"
        ],
        "Transfer-Encoding": "chunked",
        "x-ms-continuation": "VBam/P\u002B\u002ByoiCzzcYggEYfS92aW5jZW50dHJhbmhuc2NhbmFyeQEwMUQ4OTMxRjcwQ0ZBRDg2L2ZpbGVzeXN0ZW0xODE2NDEyZQEwMUQ4QjgwNzhCNTBGQzIxL2RpcmVjdG9yeTE4MTY0MTJlL3N1YmRpcjIxODE2NDEyZS9zdWJmaWxlMjE4MTY0MTJlFgAAAA==",
        "x-ms-namespace-enabled": "true",
        "x-ms-version": "2021-08-06"
      },
      "ResponseBody": "eyJkaXJlY3Rvcmllc1N1Y2Nlc3NmdWwiOjAsImZhaWxlZEVudHJpZXMiOltdLCJmYWlsdXJlQ291bnQiOjAsImZpbGVzU3VjY2Vzc2Z1bCI6Mn0K"
    },
    {
      "RequestUri": "https://storagename.dfs.core.windows.net/filesystem1816412e/directory1816412e?action=setAccessControlRecursive\u0026continuation=VBam/P%2B%2ByoiCzzcYggEYfS92aW5jZW50dHJhbmhuc2NhbmFyeQEwMUQ4OTMxRjcwQ0ZBRDg2L2ZpbGVzeXN0ZW0xODE2NDEyZQEwMUQ4QjgwNzhCNTBGQzIxL2RpcmVjdG9yeTE4MTY0MTJlL3N1YmRpcjIxODE2NDEyZS9zdWJmaWxlMjE4MTY0MTJlFgAAAA%3D%3D\u0026mode=set\u0026maxRecords=2",
      "RequestMethod": "PATCH",
      "RequestHeaders": {
        "Accept": "application/json",
        "Accept-Encoding": "gzip, deflate",
        "Content-Length": "0",
        "User-Agent": "azsdk-python-storage-dfs/12.9.0b1 Python/3.10.2 (Windows-10-10.0.19044-SP0)",
        "x-ms-acl": "user::rwx,group::r-x,other::rwx",
        "x-ms-date": "Wed, 24 Aug 2022 22:19:20 GMT",
        "x-ms-version": "2021-08-06"
      },
      "RequestBody": null,
      "StatusCode": 200,
      "ResponseHeaders": {
        "Date": "Wed, 24 Aug 2022 22:19:18 GMT",
        "Server": [
          "Windows-Azure-HDFS/1.0",
          "Microsoft-HTTPAPI/2.0"
        ],
        "Transfer-Encoding": "chunked",
        "x-ms-continuation": "VBbsjPTEt/rFqfABGIIBGH0vdmluY2VudHRyYW5obnNjYW5hcnkBMDFEODkzMUY3MENGQUQ4Ni9maWxlc3lzdGVtMTgxNjQxMmUBMDFEOEI4MDc4QjUwRkMyMS9kaXJlY3RvcnkxODE2NDEyZS9zdWJkaXIyMTgxNjQxMmUvc3ViZmlsZTQxODE2NDEyZRYAAAA=",
        "x-ms-namespace-enabled": "true",
        "x-ms-version": "2021-08-06"
      },
      "ResponseBody": "eyJkaXJlY3Rvcmllc1N1Y2Nlc3NmdWwiOjAsImZhaWxlZEVudHJpZXMiOltdLCJmYWlsdXJlQ291bnQiOjAsImZpbGVzU3VjY2Vzc2Z1bCI6Mn0K"
    },
    {
      "RequestUri": "https://storagename.dfs.core.windows.net/filesystem1816412e/directory1816412e?action=setAccessControlRecursive\u0026continuation=VBbsjPTEt/rFqfABGIIBGH0vdmluY2VudHRyYW5obnNjYW5hcnkBMDFEODkzMUY3MENGQUQ4Ni9maWxlc3lzdGVtMTgxNjQxMmUBMDFEOEI4MDc4QjUwRkMyMS9kaXJlY3RvcnkxODE2NDEyZS9zdWJkaXIyMTgxNjQxMmUvc3ViZmlsZTQxODE2NDEyZRYAAAA%3D\u0026mode=set\u0026maxRecords=2",
      "RequestMethod": "PATCH",
      "RequestHeaders": {
        "Accept": "application/json",
        "Accept-Encoding": "gzip, deflate",
        "Content-Length": "0",
        "User-Agent": "azsdk-python-storage-dfs/12.9.0b1 Python/3.10.2 (Windows-10-10.0.19044-SP0)",
        "x-ms-acl": "user::rwx,group::r-x,other::rwx",
        "x-ms-date": "Wed, 24 Aug 2022 22:19:20 GMT",
        "x-ms-version": "2021-08-06"
      },
      "RequestBody": null,
      "StatusCode": 200,
      "ResponseHeaders": {
        "Date": "Wed, 24 Aug 2022 22:19:18 GMT",
        "Server": [
          "Windows-Azure-HDFS/1.0",
          "Microsoft-HTTPAPI/2.0"
        ],
        "Transfer-Encoding": "chunked",
        "x-ms-continuation": "VBbDouXB4oXFgy8YggEYfS92aW5jZW50dHJhbmhuc2NhbmFyeQEwMUQ4OTMxRjcwQ0ZBRDg2L2ZpbGVzeXN0ZW0xODE2NDEyZQEwMUQ4QjgwNzhCNTBGQzIxL2RpcmVjdG9yeTE4MTY0MTJlL3N1YmRpcjMxODE2NDEyZS9zdWJmaWxlMDE4MTY0MTJlFgAAAA==",
        "x-ms-namespace-enabled": "true",
        "x-ms-version": "2021-08-06"
      },
      "ResponseBody": "eyJkaXJlY3Rvcmllc1N1Y2Nlc3NmdWwiOjEsImZhaWxlZEVudHJpZXMiOltdLCJmYWlsdXJlQ291bnQiOjAsImZpbGVzU3VjY2Vzc2Z1bCI6MX0K"
    },
    {
      "RequestUri": "https://storagename.dfs.core.windows.net/filesystem1816412e/directory1816412e?action=setAccessControlRecursive\u0026continuation=VBbDouXB4oXFgy8YggEYfS92aW5jZW50dHJhbmhuc2NhbmFyeQEwMUQ4OTMxRjcwQ0ZBRDg2L2ZpbGVzeXN0ZW0xODE2NDEyZQEwMUQ4QjgwNzhCNTBGQzIxL2RpcmVjdG9yeTE4MTY0MTJlL3N1YmRpcjMxODE2NDEyZS9zdWJmaWxlMDE4MTY0MTJlFgAAAA%3D%3D\u0026mode=set\u0026maxRecords=2",
      "RequestMethod": "PATCH",
      "RequestHeaders": {
        "Accept": "application/json",
        "Accept-Encoding": "gzip, deflate",
        "Content-Length": "0",
        "User-Agent": "azsdk-python-storage-dfs/12.9.0b1 Python/3.10.2 (Windows-10-10.0.19044-SP0)",
        "x-ms-acl": "user::rwx,group::r-x,other::rwx",
        "x-ms-date": "Wed, 24 Aug 2022 22:19:21 GMT",
        "x-ms-version": "2021-08-06"
      },
      "RequestBody": null,
      "StatusCode": 200,
      "ResponseHeaders": {
        "Date": "Wed, 24 Aug 2022 22:19:19 GMT",
        "Server": [
          "Windows-Azure-HDFS/1.0",
          "Microsoft-HTTPAPI/2.0"
        ],
        "Transfer-Encoding": "chunked",
        "x-ms-continuation": "VBbIyfeQ76eJ6UoYggEYfS92aW5jZW50dHJhbmhuc2NhbmFyeQEwMUQ4OTMxRjcwQ0ZBRDg2L2ZpbGVzeXN0ZW0xODE2NDEyZQEwMUQ4QjgwNzhCNTBGQzIxL2RpcmVjdG9yeTE4MTY0MTJlL3N1YmRpcjMxODE2NDEyZS9zdWJmaWxlMjE4MTY0MTJlFgAAAA==",
        "x-ms-namespace-enabled": "true",
        "x-ms-version": "2021-08-06"
      },
      "ResponseBody": "eyJkaXJlY3Rvcmllc1N1Y2Nlc3NmdWwiOjAsImZhaWxlZEVudHJpZXMiOltdLCJmYWlsdXJlQ291bnQiOjAsImZpbGVzU3VjY2Vzc2Z1bCI6Mn0K"
    },
    {
      "RequestUri": "https://storagename.dfs.core.windows.net/filesystem1816412e/directory1816412e?action=setAccessControlRecursive\u0026continuation=VBbIyfeQ76eJ6UoYggEYfS92aW5jZW50dHJhbmhuc2NhbmFyeQEwMUQ4OTMxRjcwQ0ZBRDg2L2ZpbGVzeXN0ZW0xODE2NDEyZQEwMUQ4QjgwNzhCNTBGQzIxL2RpcmVjdG9yeTE4MTY0MTJlL3N1YmRpcjMxODE2NDEyZS9zdWJmaWxlMjE4MTY0MTJlFgAAAA%3D%3D\u0026mode=set\u0026maxRecords=2",
      "RequestMethod": "PATCH",
      "RequestHeaders": {
        "Accept": "application/json",
        "Accept-Encoding": "gzip, deflate",
        "Content-Length": "0",
        "User-Agent": "azsdk-python-storage-dfs/12.9.0b1 Python/3.10.2 (Windows-10-10.0.19044-SP0)",
        "x-ms-acl": "user::rwx,group::r-x,other::rwx",
        "x-ms-date": "Wed, 24 Aug 2022 22:19:21 GMT",
        "x-ms-version": "2021-08-06"
      },
      "RequestBody": null,
      "StatusCode": 200,
      "ResponseHeaders": {
        "Date": "Wed, 24 Aug 2022 22:19:19 GMT",
        "Server": [
          "Windows-Azure-HDFS/1.0",
          "Microsoft-HTTPAPI/2.0"
        ],
        "Transfer-Encoding": "chunked",
        "x-ms-continuation": "VBaCufzqktXOj40BGIIBGH0vdmluY2VudHRyYW5obnNjYW5hcnkBMDFEODkzMUY3MENGQUQ4Ni9maWxlc3lzdGVtMTgxNjQxMmUBMDFEOEI4MDc4QjUwRkMyMS9kaXJlY3RvcnkxODE2NDEyZS9zdWJkaXIzMTgxNjQxMmUvc3ViZmlsZTQxODE2NDEyZRYAAAA=",
        "x-ms-namespace-enabled": "true",
        "x-ms-version": "2021-08-06"
      },
      "ResponseBody": "eyJkaXJlY3Rvcmllc1N1Y2Nlc3NmdWwiOjAsImZhaWxlZEVudHJpZXMiOltdLCJmYWlsdXJlQ291bnQiOjAsImZpbGVzU3VjY2Vzc2Z1bCI6Mn0K"
    },
    {
      "RequestUri": "https://storagename.dfs.core.windows.net/filesystem1816412e/directory1816412e?action=setAccessControlRecursive\u0026continuation=VBaCufzqktXOj40BGIIBGH0vdmluY2VudHRyYW5obnNjYW5hcnkBMDFEODkzMUY3MENGQUQ4Ni9maWxlc3lzdGVtMTgxNjQxMmUBMDFEOEI4MDc4QjUwRkMyMS9kaXJlY3RvcnkxODE2NDEyZS9zdWJkaXIzMTgxNjQxMmUvc3ViZmlsZTQxODE2NDEyZRYAAAA%3D\u0026mode=set\u0026maxRecords=2",
      "RequestMethod": "PATCH",
      "RequestHeaders": {
        "Accept": "application/json",
        "Accept-Encoding": "gzip, deflate",
        "Content-Length": "0",
        "User-Agent": "azsdk-python-storage-dfs/12.9.0b1 Python/3.10.2 (Windows-10-10.0.19044-SP0)",
        "x-ms-acl": "user::rwx,group::r-x,other::rwx",
        "x-ms-date": "Wed, 24 Aug 2022 22:19:21 GMT",
        "x-ms-version": "2021-08-06"
      },
      "RequestBody": null,
      "StatusCode": 200,
      "ResponseHeaders": {
        "Date": "Wed, 24 Aug 2022 22:19:19 GMT",
        "Server": [
          "Windows-Azure-HDFS/1.0",
          "Microsoft-HTTPAPI/2.0"
        ],
        "Transfer-Encoding": "chunked",
        "x-ms-continuation": "VBa21KP057aKjqIBGIIBGH0vdmluY2VudHRyYW5obnNjYW5hcnkBMDFEODkzMUY3MENGQUQ4Ni9maWxlc3lzdGVtMTgxNjQxMmUBMDFEOEI4MDc4QjUwRkMyMS9kaXJlY3RvcnkxODE2NDEyZS9zdWJkaXI0MTgxNjQxMmUvc3ViZmlsZTAxODE2NDEyZRYAAAA=",
        "x-ms-namespace-enabled": "true",
        "x-ms-version": "2021-08-06"
      },
      "ResponseBody": "eyJkaXJlY3Rvcmllc1N1Y2Nlc3NmdWwiOjEsImZhaWxlZEVudHJpZXMiOltdLCJmYWlsdXJlQ291bnQiOjAsImZpbGVzU3VjY2Vzc2Z1bCI6MX0K"
    },
    {
      "RequestUri": "https://storagename.dfs.core.windows.net/filesystem1816412e/directory1816412e?action=setAccessControlRecursive\u0026continuation=VBa21KP057aKjqIBGIIBGH0vdmluY2VudHRyYW5obnNjYW5hcnkBMDFEODkzMUY3MENGQUQ4Ni9maWxlc3lzdGVtMTgxNjQxMmUBMDFEOEI4MDc4QjUwRkMyMS9kaXJlY3RvcnkxODE2NDEyZS9zdWJkaXI0MTgxNjQxMmUvc3ViZmlsZTAxODE2NDEyZRYAAAA%3D\u0026mode=set\u0026maxRecords=2",
      "RequestMethod": "PATCH",
      "RequestHeaders": {
        "Accept": "application/json",
        "Accept-Encoding": "gzip, deflate",
        "Content-Length": "0",
        "User-Agent": "azsdk-python-storage-dfs/12.9.0b1 Python/3.10.2 (Windows-10-10.0.19044-SP0)",
        "x-ms-acl": "user::rwx,group::r-x,other::rwx",
        "x-ms-date": "Wed, 24 Aug 2022 22:19:21 GMT",
        "x-ms-version": "2021-08-06"
      },
      "RequestBody": null,
      "StatusCode": 200,
      "ResponseHeaders": {
        "Date": "Wed, 24 Aug 2022 22:19:19 GMT",
        "Server": [
          "Windows-Azure-HDFS/1.0",
          "Microsoft-HTTPAPI/2.0"
        ],
        "Transfer-Encoding": "chunked",
        "x-ms-continuation": "VBa9v7Gl6pTG5McBGIIBGH0vdmluY2VudHRyYW5obnNjYW5hcnkBMDFEODkzMUY3MENGQUQ4Ni9maWxlc3lzdGVtMTgxNjQxMmUBMDFEOEI4MDc4QjUwRkMyMS9kaXJlY3RvcnkxODE2NDEyZS9zdWJkaXI0MTgxNjQxMmUvc3ViZmlsZTIxODE2NDEyZRYAAAA=",
        "x-ms-namespace-enabled": "true",
        "x-ms-version": "2021-08-06"
      },
      "ResponseBody": "eyJkaXJlY3Rvcmllc1N1Y2Nlc3NmdWwiOjAsImZhaWxlZEVudHJpZXMiOltdLCJmYWlsdXJlQ291bnQiOjAsImZpbGVzU3VjY2Vzc2Z1bCI6Mn0K"
    },
    {
      "RequestUri": "https://storagename.dfs.core.windows.net/filesystem1816412e/directory1816412e?action=setAccessControlRecursive\u0026continuation=VBa9v7Gl6pTG5McBGIIBGH0vdmluY2VudHRyYW5obnNjYW5hcnkBMDFEODkzMUY3MENGQUQ4Ni9maWxlc3lzdGVtMTgxNjQxMmUBMDFEOEI4MDc4QjUwRkMyMS9kaXJlY3RvcnkxODE2NDEyZS9zdWJkaXI0MTgxNjQxMmUvc3ViZmlsZTIxODE2NDEyZRYAAAA%3D\u0026mode=set\u0026maxRecords=2",
      "RequestMethod": "PATCH",
      "RequestHeaders": {
        "Accept": "application/json",
        "Accept-Encoding": "gzip, deflate",
        "Content-Length": "0",
        "User-Agent": "azsdk-python-storage-dfs/12.9.0b1 Python/3.10.2 (Windows-10-10.0.19044-SP0)",
        "x-ms-acl": "user::rwx,group::r-x,other::rwx",
        "x-ms-date": "Wed, 24 Aug 2022 22:19:21 GMT",
        "x-ms-version": "2021-08-06"
      },
      "RequestBody": null,
      "StatusCode": 200,
      "ResponseHeaders": {
        "Date": "Wed, 24 Aug 2022 22:19:19 GMT",
        "Server": [
          "Windows-Azure-HDFS/1.0",
          "Microsoft-HTTPAPI/2.0"
        ],
        "Transfer-Encoding": "chunked",
        "x-ms-continuation": "VBb3z7rfl\u002BaBAhiCARh9L3ZpbmNlbnR0cmFuaG5zY2FuYXJ5ATAxRDg5MzFGNzBDRkFEODYvZmlsZXN5c3RlbTE4MTY0MTJlATAxRDhCODA3OEI1MEZDMjEvZGlyZWN0b3J5MTgxNjQxMmUvc3ViZGlyNDE4MTY0MTJlL3N1YmZpbGU0MTgxNjQxMmUWAAAA",
        "x-ms-namespace-enabled": "true",
        "x-ms-version": "2021-08-06"
      },
      "ResponseBody": "eyJkaXJlY3Rvcmllc1N1Y2Nlc3NmdWwiOjAsImZhaWxlZEVudHJpZXMiOltdLCJmYWlsdXJlQ291bnQiOjAsImZpbGVzU3VjY2Vzc2Z1bCI6Mn0K"
    },
    {
      "RequestUri": "https://storagename.dfs.core.windows.net/filesystem1816412e/directory1816412e?action=setAccessControlRecursive\u0026continuation=VBb3z7rfl%2BaBAhiCARh9L3ZpbmNlbnR0cmFuaG5zY2FuYXJ5ATAxRDg5MzFGNzBDRkFEODYvZmlsZXN5c3RlbTE4MTY0MTJlATAxRDhCODA3OEI1MEZDMjEvZGlyZWN0b3J5MTgxNjQxMmUvc3ViZGlyNDE4MTY0MTJlL3N1YmZpbGU0MTgxNjQxMmUWAAAA\u0026mode=set\u0026maxRecords=2",
      "RequestMethod": "PATCH",
      "RequestHeaders": {
        "Accept": "application/json",
        "Accept-Encoding": "gzip, deflate",
        "Content-Length": "0",
        "User-Agent": "azsdk-python-storage-dfs/12.9.0b1 Python/3.10.2 (Windows-10-10.0.19044-SP0)",
        "x-ms-acl": "user::rwx,group::r-x,other::rwx",
        "x-ms-date": "Wed, 24 Aug 2022 22:19:21 GMT",
        "x-ms-version": "2021-08-06"
      },
      "RequestBody": null,
      "StatusCode": 200,
      "ResponseHeaders": {
        "Date": "Wed, 24 Aug 2022 22:19:19 GMT",
        "Server": [
          "Windows-Azure-HDFS/1.0",
          "Microsoft-HTTPAPI/2.0"
        ],
        "Transfer-Encoding": "chunked",
        "x-ms-namespace-enabled": "true",
        "x-ms-version": "2021-08-06"
      },
      "ResponseBody": "eyJkaXJlY3Rvcmllc1N1Y2Nlc3NmdWwiOjAsImZhaWxlZEVudHJpZXMiOltdLCJmYWlsdXJlQ291bnQiOjAsImZpbGVzU3VjY2Vzc2Z1bCI6MX0K"
    },
    {
      "RequestUri": "https://storagename.dfs.core.windows.net/filesystem1816412e/directory1816412e?action=getAccessControl\u0026upn=false",
      "RequestMethod": "HEAD",
      "RequestHeaders": {
        "Accept": "application/json",
        "Accept-Encoding": "gzip, deflate",
        "User-Agent": "azsdk-python-storage-dfs/12.9.0b1 Python/3.10.2 (Windows-10-10.0.19044-SP0)",
        "x-ms-date": "Wed, 24 Aug 2022 22:19:21 GMT",
        "x-ms-version": "2021-08-06"
      },
      "RequestBody": null,
      "StatusCode": 200,
      "ResponseHeaders": {
        "Date": "Wed, 24 Aug 2022 22:19:19 GMT",
        "ETag": "\u00220x8DA861EADD9B766\u0022",
        "Last-Modified": "Wed, 24 Aug 2022 22:19:15 GMT",
        "Server": [
          "Windows-Azure-HDFS/1.0",
          "Microsoft-HTTPAPI/2.0"
        ],
        "x-ms-acl": "user::rwx,group::r-x,other::rwx",
        "x-ms-group": "$superuser",
        "x-ms-owner": "$superuser",
        "x-ms-permissions": "rwxr-xrwx",
        "x-ms-version": "2021-08-06"
      },
      "ResponseBody": null
    }
  ],
  "Variables": {}
}
