interactions:
- request:
    body: null
    headers:
      Accept:
      - application/xml
      User-Agent:
      - azsdk-python-storage-dfs/12.7.0 Python/3.10.2 (Windows-10-10.0.19044-SP0)
      x-ms-date:
      - Fri, 29 Apr 2022 23:15:52 GMT
      x-ms-version:
      - '2021-06-08'
    method: PUT
    uri: https://storagename.blob.core.windows.net/fs13fa31a04?restype=container
  response:
    body:
      string: ''
    headers:
      content-length: '0'
      date: Fri, 29 Apr 2022 23:15:51 GMT
      etag: '"0x8DA2A3634953257"'
      last-modified: Fri, 29 Apr 2022 23:15:52 GMT
      server: Windows-Azure-Blob/1.0 Microsoft-HTTPAPI/2.0
      x-ms-version: '2021-06-08'
    status:
      code: 201
      message: Created
    url: https://vincenttrancanary.blob.core.windows.net/fs13fa31a04?restype=container
- request:
    body: null
    headers:
      Accept:
      - application/json
      User-Agent:
      - azsdk-python-storage-dfs/12.7.0 Python/3.10.2 (Windows-10-10.0.19044-SP0)
      x-ms-date:
      - Fri, 29 Apr 2022 23:15:52 GMT
      x-ms-version:
      - '2021-06-08'
    method: PUT
    uri: https://storagename.dfs.core.windows.net/fs13fa31a04/file1?resource=file
  response:
    body:
      string: ''
    headers:
      content-length: '0'
      date: Fri, 29 Apr 2022 23:15:52 GMT
      etag: '"0x8DA2A3634E45187"'
      last-modified: Fri, 29 Apr 2022 23:15:53 GMT
      server: Windows-Azure-HDFS/1.0 Microsoft-HTTPAPI/2.0
      x-ms-request-server-encrypted: 'true'
      x-ms-version: '2021-06-08'
    status:
      code: 201
      message: Created
    url: https://vincenttrancanary.dfs.core.windows.net/fs13fa31a04/file1?resource=file
- request:
    body: hello world
    headers:
      Accept:
      - application/json
      Content-Length:
      - '11'
      Content-Type:
      - application/json
      User-Agent:
      - azsdk-python-storage-dfs/12.7.0 Python/3.10.2 (Windows-10-10.0.19044-SP0)
      x-ms-date:
      - Fri, 29 Apr 2022 23:15:52 GMT
      x-ms-version:
      - '2021-06-08'
    method: PATCH
    uri: https://storagename.dfs.core.windows.net/fs13fa31a04/file1?action=append&position=0
  response:
    body:
      string: ''
    headers:
      content-length: '0'
      date: Fri, 29 Apr 2022 23:15:52 GMT
      server: Windows-Azure-HDFS/1.0 Microsoft-HTTPAPI/2.0
      x-ms-request-server-encrypted: 'true'
      x-ms-version: '2021-06-08'
    status:
      code: 202
      message: Accepted
    url: https://vincenttrancanary.dfs.core.windows.net/fs13fa31a04/file1?action=append&position=0
- request:
    body: null
    headers:
      Accept:
      - application/json
      If-Match:
      - '"0x8DA2A3634E45187"'
      User-Agent:
      - azsdk-python-storage-dfs/12.7.0 Python/3.10.2 (Windows-10-10.0.19044-SP0)
      x-ms-date:
      - Fri, 29 Apr 2022 23:15:53 GMT
      x-ms-version:
      - '2021-06-08'
    method: PATCH
    uri: https://storagename.dfs.core.windows.net/fs13fa31a04/file1?action=flush&position=11&close=true
  response:
    body:
      string: ''
    headers:
      content-length: '0'
      date: Fri, 29 Apr 2022 23:15:52 GMT
      etag: '"0x8DA2A3634FE6D67"'
      last-modified: Fri, 29 Apr 2022 23:15:53 GMT
      server: Windows-Azure-HDFS/1.0 Microsoft-HTTPAPI/2.0
      x-ms-request-server-encrypted: 'false'
      x-ms-version: '2021-06-08'
    status:
      code: 200
      message: OK
    url: https://vincenttrancanary.dfs.core.windows.net/fs13fa31a04/file1?action=flush&position=11&close=true
- request:
    body: null
    headers:
      Accept:
      - application/json
      User-Agent:
      - azsdk-python-storage-dfs/12.7.0 Python/3.10.2 (Windows-10-10.0.19044-SP0)
      x-ms-date:
      - Fri, 29 Apr 2022 23:15:53 GMT
      x-ms-version:
      - '2021-06-08'
    method: PUT
    uri: https://storagename.dfs.core.windows.net/fs13fa31a04/file2?resource=file
  response:
    body:
      string: ''
    headers:
      content-length: '0'
      date: Fri, 29 Apr 2022 23:15:52 GMT
      etag: '"0x8DA2A36350B301D"'
      last-modified: Fri, 29 Apr 2022 23:15:53 GMT
      server: Windows-Azure-HDFS/1.0 Microsoft-HTTPAPI/2.0
      x-ms-request-server-encrypted: 'true'
      x-ms-version: '2021-06-08'
    status:
      code: 201
      message: Created
    url: https://vincenttrancanary.dfs.core.windows.net/fs13fa31a04/file2?resource=file
- request:
    body: hello world
    headers:
      Accept:
      - application/json
      Content-Length:
      - '11'
      Content-Type:
      - application/json
      User-Agent:
      - azsdk-python-storage-dfs/12.7.0 Python/3.10.2 (Windows-10-10.0.19044-SP0)
      x-ms-date:
      - Fri, 29 Apr 2022 23:15:53 GMT
      x-ms-version:
      - '2021-06-08'
    method: PATCH
    uri: https://storagename.dfs.core.windows.net/fs13fa31a04/file2?action=append&position=0
  response:
    body:
      string: ''
    headers:
      content-length: '0'
      date: Fri, 29 Apr 2022 23:15:53 GMT
      server: Windows-Azure-HDFS/1.0 Microsoft-HTTPAPI/2.0
      x-ms-request-server-encrypted: 'true'
      x-ms-version: '2021-06-08'
    status:
      code: 202
      message: Accepted
    url: https://vincenttrancanary.dfs.core.windows.net/fs13fa31a04/file2?action=append&position=0
- request:
    body: null
    headers:
      Accept:
      - application/json
      If-Match:
      - '"0x8DA2A36350B301D"'
      User-Agent:
      - azsdk-python-storage-dfs/12.7.0 Python/3.10.2 (Windows-10-10.0.19044-SP0)
      x-ms-date:
      - Fri, 29 Apr 2022 23:15:53 GMT
      x-ms-version:
      - '2021-06-08'
    method: PATCH
    uri: https://storagename.dfs.core.windows.net/fs13fa31a04/file2?action=flush&position=11&close=true
  response:
    body:
      string: ''
    headers:
      content-length: '0'
      date: Fri, 29 Apr 2022 23:15:53 GMT
      etag: '"0x8DA2A363524A516"'
      last-modified: Fri, 29 Apr 2022 23:15:53 GMT
      server: Windows-Azure-HDFS/1.0 Microsoft-HTTPAPI/2.0
      x-ms-request-server-encrypted: 'false'
      x-ms-version: '2021-06-08'
    status:
      code: 200
      message: OK
    url: https://vincenttrancanary.dfs.core.windows.net/fs13fa31a04/file2?action=flush&position=11&close=true
- request:
    body: null
    headers:
      Accept:
      - application/json
      User-Agent:
      - azsdk-python-storage-dfs/12.7.0 Python/3.10.2 (Windows-10-10.0.19044-SP0)
      x-ms-date:
      - Fri, 29 Apr 2022 23:15:53 GMT
      x-ms-version:
      - '2021-06-08'
    method: PUT
    uri: https://storagename.dfs.core.windows.net/fs13fa31a04/file3?resource=file
  response:
    body:
      string: ''
    headers:
      content-length: '0'
      date: Fri, 29 Apr 2022 23:15:53 GMT
      etag: '"0x8DA2A363531248E"'
      last-modified: Fri, 29 Apr 2022 23:15:53 GMT
      server: Windows-Azure-HDFS/1.0 Microsoft-HTTPAPI/2.0
      x-ms-request-server-encrypted: 'true'
      x-ms-version: '2021-06-08'
    status:
      code: 201
      message: Created
    url: https://vincenttrancanary.dfs.core.windows.net/fs13fa31a04/file3?resource=file
- request:
    body: hello world
    headers:
      Accept:
      - application/json
      Content-Length:
      - '11'
      Content-Type:
      - application/json
      User-Agent:
      - azsdk-python-storage-dfs/12.7.0 Python/3.10.2 (Windows-10-10.0.19044-SP0)
      x-ms-date:
      - Fri, 29 Apr 2022 23:15:53 GMT
      x-ms-version:
      - '2021-06-08'
    method: PATCH
    uri: https://storagename.dfs.core.windows.net/fs13fa31a04/file3?action=append&position=0
  response:
    body:
      string: ''
    headers:
      content-length: '0'
      date: Fri, 29 Apr 2022 23:15:53 GMT
      server: Windows-Azure-HDFS/1.0 Microsoft-HTTPAPI/2.0
      x-ms-request-server-encrypted: 'true'
      x-ms-version: '2021-06-08'
    status:
      code: 202
      message: Accepted
    url: https://vincenttrancanary.dfs.core.windows.net/fs13fa31a04/file3?action=append&position=0
- request:
    body: null
    headers:
      Accept:
      - application/json
      If-Match:
      - '"0x8DA2A363531248E"'
      User-Agent:
      - azsdk-python-storage-dfs/12.7.0 Python/3.10.2 (Windows-10-10.0.19044-SP0)
      x-ms-date:
      - Fri, 29 Apr 2022 23:15:53 GMT
      x-ms-version:
      - '2021-06-08'
    method: PATCH
    uri: https://storagename.dfs.core.windows.net/fs13fa31a04/file3?action=flush&position=11&close=true
  response:
    body:
      string: ''
    headers:
      content-length: '0'
      date: Fri, 29 Apr 2022 23:15:53 GMT
      etag: '"0x8DA2A36354A8D8A"'
      last-modified: Fri, 29 Apr 2022 23:15:53 GMT
      server: Windows-Azure-HDFS/1.0 Microsoft-HTTPAPI/2.0
      x-ms-request-server-encrypted: 'false'
      x-ms-version: '2021-06-08'
    status:
      code: 200
      message: OK
    url: https://vincenttrancanary.dfs.core.windows.net/fs13fa31a04/file3?action=flush&position=11&close=true
- request:
    body: null
    headers:
      Accept:
      - application/json
      User-Agent:
      - azsdk-python-storage-dfs/12.7.0 Python/3.10.2 (Windows-10-10.0.19044-SP0)
      x-ms-date:
      - Fri, 29 Apr 2022 23:15:53 GMT
      x-ms-version:
      - '2021-06-08'
    method: PUT
    uri: https://storagename.dfs.core.windows.net/fs13fa31a04/dir1%2Ffile4?resource=file
  response:
    body:
      string: ''
    headers:
      content-length: '0'
      date: Fri, 29 Apr 2022 23:15:53 GMT
      etag: '"0x8DA2A36355D55C4"'
      last-modified: Fri, 29 Apr 2022 23:15:53 GMT
      server: Windows-Azure-HDFS/1.0 Microsoft-HTTPAPI/2.0
      x-ms-request-server-encrypted: 'true'
      x-ms-version: '2021-06-08'
    status:
      code: 201
      message: Created
    url: https://vincenttrancanary.dfs.core.windows.net/fs13fa31a04/dir1%2Ffile4?resource=file
- request:
    body: "--===============5388320915730764782==\r\nContent-Type: application/http\r\nContent-Transfer-Encoding:
      binary\r\nContent-ID: 0\r\n\r\nDELETE /fs13fa31a04/file1? HTTP/1.1\r\nx-ms-date:
      Fri, 29 Apr 2022 23:15:53 GMT\r\nx-ms-client-request-id: 5122253d-c812-11ec-826f-4851c58829e0\r\n\r\n\r\n--===============5388320915730764782==\r\nContent-Type:
      application/http\r\nContent-Transfer-Encoding: binary\r\nContent-ID: 1\r\n\r\nDELETE
      /fs13fa31a04/file2? HTTP/1.1\r\nx-ms-date: Fri, 29 Apr 2022 23:15:53 GMT\r\nx-ms-client-request-id:
      5122253e-c812-11ec-9455-4851c58829e0\r\n\r\n\r\n--===============5388320915730764782==\r\nContent-Type:
      application/http\r\nContent-Transfer-Encoding: binary\r\nContent-ID: 2\r\n\r\nDELETE
      /fs13fa31a04/file3? HTTP/1.1\r\nx-ms-date: Fri, 29 Apr 2022 23:15:53 GMT\r\nx-ms-client-request-id:
      5122253f-c812-11ec-af89-4851c58829e0\r\n\r\n\r\n--===============5388320915730764782==\r\nContent-Type:
      application/http\r\nContent-Transfer-Encoding: binary\r\nContent-ID: 3\r\n\r\nDELETE
      /fs13fa31a04/dir1? HTTP/1.1\r\nx-ms-date: Fri, 29 Apr 2022 23:15:53 GMT\r\nx-ms-client-request-id:
      51222540-c812-11ec-ae90-4851c58829e0\r\n\r\n\r\n--===============5388320915730764782==\r\nContent-Type:
      application/http\r\nContent-Transfer-Encoding: binary\r\nContent-ID: 4\r\n\r\nDELETE
      /fs13fa31a04/dir8? HTTP/1.1\r\nx-ms-date: Fri, 29 Apr 2022 23:15:53 GMT\r\nx-ms-client-request-id:
      51224c4c-c812-11ec-806d-4851c58829e0\r\n\r\n\r\n--===============5388320915730764782==--\r\n"
    headers:
      Content-Length:
      - '1830'
      Content-Type:
      - multipart/mixed; boundary================5388320915730764782==
      User-Agent:
      - azsdk-python-storage-dfs/12.7.0 Python/3.10.2 (Windows-10-10.0.19044-SP0)
      x-ms-date:
      - Fri, 29 Apr 2022 23:15:53 GMT
      x-ms-version:
      - '2021-06-08'
    method: POST
    uri: https://storagename.blob.core.windows.net/fs13fa31a04?restype=container&comp=batch
  response:
    body:
      string: "--batchresponse_951f3c90-7539-4738-9fde-82715d92828c\r\nContent-Type:
        application/http\r\nContent-ID: 0\r\n\r\nHTTP/1.1 202 Accepted\r\nx-ms-delete-type-permanent:
        true\r\nx-ms-request-id: 4004887b-f01e-007d-4c1f-5cabe11ebfbd\r\nx-ms-version:
        2021-06-08\r\nx-ms-client-request-id: 5122253d-c812-11ec-826f-4851c58829e0\r\nServer:
        Windows-Azure-Blob/1.0\r\n\r\n--batchresponse_951f3c90-7539-4738-9fde-82715d92828c\r\nContent-Type:
        application/http\r\nContent-ID: 1\r\n\r\nHTTP/1.1 202 Accepted\r\nx-ms-delete-type-permanent:
        true\r\nx-ms-request-id: 4004887b-f01e-007d-4c1f-5cabe11ebfbf\r\nx-ms-version:
        2021-06-08\r\nx-ms-client-request-id: 5122253e-c812-11ec-9455-4851c58829e0\r\nServer:
        Windows-Azure-Blob/1.0\r\n\r\n--batchresponse_951f3c90-7539-4738-9fde-82715d92828c\r\nContent-Type:
        application/http\r\nContent-ID: 2\r\n\r\nHTTP/1.1 202 Accepted\r\nx-ms-delete-type-permanent:
        true\r\nx-ms-request-id: 4004887b-f01e-007d-4c1f-5cabe11ebfc0\r\nx-ms-version:
        2021-06-08\r\nx-ms-client-request-id: 5122253f-c812-11ec-af89-4851c58829e0\r\nServer:
        Windows-Azure-Blob/1.0\r\n\r\n--batchresponse_951f3c90-7539-4738-9fde-82715d92828c\r\nContent-Type:
        application/http\r\nContent-ID: 3\r\n\r\nHTTP/1.1 409 The directory involved
        in this operation is not empty\r\nx-ms-error-code: DirectoryNotEmpty\r\nx-ms-request-id:
        4004887b-f01e-007d-4c1f-5cabe11ebfc1\r\nx-ms-version: 2021-06-08\r\nx-ms-client-request-id:
        51222540-c812-11ec-ae90-4851c58829e0\r\nContent-Length: 240\r\nContent-Type:
        application/xml\r\nServer: Windows-Azure-Blob/1.0\r\n\r\n\uFEFF<?xml version=\"1.0\"
        encoding=\"utf-8\"?>\n<Error><Code>DirectoryNotEmpty</Code><Message>The directory
        involved in this operation is not empty\nRequestId:4004887b-f01e-007d-4c1f-5cabe11ebfc1\nTime:2022-04-29T23:15:54.2659985Z</Message></Error>\r\n--batchresponse_951f3c90-7539-4738-9fde-82715d92828c\r\nContent-Type:
        application/http\r\nContent-ID: 4\r\n\r\nHTTP/1.1 404 The specified blob does
        not exist.\r\nx-ms-error-code: BlobNotFound\r\nx-ms-request-id: 4004887b-f01e-007d-4c1f-5cabe11ebfc2\r\nx-ms-version:
        2021-06-08\r\nx-ms-client-request-id: 51224c4c-c812-11ec-806d-4851c58829e0\r\nContent-Length:
        216\r\nContent-Type: application/xml\r\nServer: Windows-Azure-Blob/1.0\r\n\r\n\uFEFF<?xml
        version=\"1.0\" encoding=\"utf-8\"?>\n<Error><Code>BlobNotFound</Code><Message>The
        specified blob does not exist.\nRequestId:4004887b-f01e-007d-4c1f-5cabe11ebfc2\nTime:2022-04-29T23:15:54.2550045Z</Message></Error>\r\n--batchresponse_951f3c90-7539-4738-9fde-82715d92828c--"
    headers:
      content-type: multipart/mixed; boundary=batchresponse_951f3c90-7539-4738-9fde-82715d92828c
      date: Fri, 29 Apr 2022 23:15:53 GMT
      server: Windows-Azure-Blob/1.0 Microsoft-HTTPAPI/2.0
      transfer-encoding: chunked
      x-ms-version: '2021-06-08'
    status:
      code: 202
      message: Accepted
    url: https://vincenttrancanary.blob.core.windows.net/fs13fa31a04?restype=container&comp=batch
- request:
    body: null
    headers:
      Accept:
      - application/xml
      User-Agent:
      - azsdk-python-storage-dfs/12.7.0 Python/3.10.2 (Windows-10-10.0.19044-SP0)
      x-ms-date:
      - Fri, 29 Apr 2022 23:15:54 GMT
      x-ms-version:
      - '2021-06-08'
    method: DELETE
    uri: https://storagename.blob.core.windows.net/fs13fa31a04?restype=container
  response:
    body:
      string: ''
    headers:
      content-length: '0'
      date: Fri, 29 Apr 2022 23:15:53 GMT
      server: Windows-Azure-Blob/1.0 Microsoft-HTTPAPI/2.0
      x-ms-version: '2021-06-08'
    status:
      code: 202
      message: Accepted
    url: https://vincenttrancanary.blob.core.windows.net/fs13fa31a04?restype=container
version: 1
