interactions:
- request:
    body: null
    headers:
      Accept:
      - '*/*'
      Accept-Encoding:
      - gzip, deflate
      Connection:
      - keep-alive
      Content-Length:
      - '0'
      User-Agent:
      - azsdk-python-storage-dfs/12.1.1 Python/3.7.3 (Windows-10-10.0.19041-SP0)
      x-ms-acl:
      - user::--x,group::--x,other::--x
      x-ms-client-request-id:
      - 201d55c6-ece5-11ea-a8f4-001a7dda7113
      x-ms-date:
      - Wed, 02 Sep 2020 06:25:41 GMT
      x-ms-version:
      - '2020-02-10'
    method: PATCH
    uri: https://storagename.dfs.core.windows.net/filesysteme9ad1cb0/%2F?action=setAccessControl
  response:
    body:
      string: ''
    headers:
      Content-Length:
      - '0'
      Date:
      - Wed, 02 Sep 2020 06:25:41 GMT
      ETag:
      - '"0x8D84F09043F98C5"'
      Last-Modified:
      - Wed, 02 Sep 2020 06:25:41 GMT
      Server:
      - Windows-Azure-HDFS/1.0 Microsoft-HTTPAPI/2.0
      x-ms-namespace-enabled:
      - 'true'
      x-ms-request-id:
      - ccd6638d-e01f-0031-1cf1-801732000000
      x-ms-version:
      - '2020-02-10'
    status:
      code: 200
      message: OK
- request:
    body: client_id=68390a19-a897-236b-b453-488abf67b4fc&client_secret=3Ujhg7pzkOeE7flc6Z187ugf5/cJnszGPjAiXmcwhaY=&grant_type=client_credentials&scope=https%3A%2F%2Fstorage.azure.com%2F.default
    headers:
      Accept:
      - '*/*'
      Accept-Encoding:
      - gzip, deflate
      Connection:
      - keep-alive
      Content-Length:
      - '174'
      Content-Type:
      - application/x-www-form-urlencoded
      User-Agent:
      - azsdk-python-identity/1.5.0b1 Python/3.7.3 (Windows-10-10.0.19041-SP0)
    method: POST
    uri: https://login.microsoftonline.com/32f988bf-54f1-15af-36ab-2d7cd364db47/oauth2/v2.0/token
  response:
    body:
      string: '{"token_type":"Bearer","expires_in":86399,"ext_expires_in":86399,"access_token":"eyJ0eXAiOiJKV1QiLCJhbGciOiJSUzI1NiIsIng1dCI6ImppYk5ia0ZTU2JteFBZck45Q0ZxUms0SzRndyIsImtpZCI6ImppYk5ia0ZTU2JteFBZck45Q0ZxUms0SzRndyJ9.eyJhdWQiOiJodHRwczovL3N0b3JhZ2UuYXp1cmUuY29tIiwiaXNzIjoiaHR0cHM6Ly9zdHMud2luZG93cy5uZXQvNzJmOTg4YmYtODZmMS00MWFmLTkxYWItMmQ3Y2QwMTFkYjQ3LyIsImlhdCI6MTU5OTAyNzY0MiwibmJmIjoxNTk5MDI3NjQyLCJleHAiOjE1OTkxMTQzNDIsImFpbyI6IkUyQmdZRGdrZU9oeXhwV09DZDlzWCs5NGQwRXVEUUE9IiwiYXBwaWQiOiJjNmI1ZmUxYS05YjU5LTQ5NzUtOTJjNC1kOWY3MjhjM2MzNzEiLCJhcHBpZGFjciI6IjEiLCJpZHAiOiJodHRwczovL3N0cy53aW5kb3dzLm5ldC83MmY5ODhiZi04NmYxLTQxYWYtOTFhYi0yZDdjZDAxMWRiNDcvIiwib2lkIjoiZTMzOWFhM2YtZmM2YS00MDJiLTk3M2EtMzFjZDhkNjRiMjgwIiwicmgiOiIwLkFRRUF2NGo1Y3ZHR3IwR1JxeTE4MEJIYlJ4ci10Y1pabTNWSmtzVFo5eWpEdzNFYUFBQS4iLCJzdWIiOiJlMzM5YWEzZi1mYzZhLTQwMmItOTczYS0zMWNkOGQ2NGIyODAiLCJ0aWQiOiI3MmY5ODhiZi04NmYxLTQxYWYtOTFhYi0yZDdjZDAxMWRiNDciLCJ1dGkiOiJoQkdmRnBPT3UwbXlsUEFHUjhVZEFBIiwidmVyIjoiMS4wIn0.1XUDZzk7h0ciH-zJ2TYKxDmpZQwaPOvd3BDxtdvWSOcoSPNXPmqcxGYjOoQy8UTpgHGzyP9q_wx7m5ttPXtkLlvMZNW4jURu3b4ifut3iI7R18wMcEhMMPZWavCtfPiVh3Jhj3YpTOP1gL82qmmEMf78nwTISD0aQC4uOnNAUeDnVmpFernqTtMkUI8Xy75LfPbpe645D65k0Q25p7P_UmEmluJxF093rLE9YIuSvjoFqOCmAWNUY8spxGZdLw5cZ_AvvnSMm_5l25oXU4BCy-caC2rY_ytE38lW8r92c5x6XHfrRTcg6XniNh2Fe0nH-8TlMmQbnITWE_Qze0RpYQ"}'
    headers:
      Cache-Control:
      - no-store, no-cache
      Content-Length:
      - '1318'
      Content-Type:
      - application/json; charset=utf-8
      Date:
      - Wed, 02 Sep 2020 06:25:41 GMT
      Expires:
      - '-1'
      P3P:
      - CP="DSP CUR OTPi IND OTRi ONL FIN"
      Pragma:
      - no-cache
      Set-Cookie:
      - fpc=AjvumaJ3AjpAha9Lv_ruia6wvhSZAQAAAOUx4dYOAAAA; expires=Fri, 02-Oct-2020
        06:25:42 GMT; path=/; secure; HttpOnly; SameSite=None
      - x-ms-gateway-slice=estsfd; path=/; secure; samesite=none; httponly
      - stsservicecookie=estsfd; path=/; secure; samesite=none; httponly
      Strict-Transport-Security:
      - max-age=31536000; includeSubDomains
      X-Content-Type-Options:
      - nosniff
      x-ms-ests-server:
      - 2.1.11000.19 - SCUS ProdSlices
      x-ms-request-id:
      - 169f1184-8e93-49bb-b294-f00647c51d00
    status:
      code: 200
      message: OK
- request:
    body: null
    headers:
      Accept:
      - '*/*'
      Accept-Encoding:
      - gzip, deflate
      Connection:
      - keep-alive
      Content-Length:
      - '0'
      User-Agent:
      - azsdk-python-storage-dfs/12.1.1 Python/3.7.3 (Windows-10-10.0.19041-SP0)
      x-ms-client-request-id:
      - 2072c18a-ece5-11ea-88c2-001a7dda7113
      x-ms-date:
      - Wed, 02 Sep 2020 06:25:42 GMT
      x-ms-properties:
      - ''
      x-ms-version:
      - '2020-02-10'
    method: PUT
    uri: https://storagename.dfs.core.windows.net/filesysteme9ad1cb0/directorye9ad1cb0?resource=directory
  response:
    body:
      string: ''
    headers:
      Content-Length:
      - '0'
      Date:
      - Wed, 02 Sep 2020 06:25:42 GMT
      ETag:
      - '"0x8D84F0904F9AF43"'
      Last-Modified:
      - Wed, 02 Sep 2020 06:25:42 GMT
      Server:
      - Windows-Azure-HDFS/1.0 Microsoft-HTTPAPI/2.0
      x-ms-request-id:
      - ad5eeaca-901f-0076-67f1-807c69000000
      x-ms-version:
      - '2020-02-10'
    status:
      code: 201
      message: Created
- request:
    body: null
    headers:
      Accept:
      - '*/*'
      Accept-Encoding:
      - gzip, deflate
      Connection:
      - keep-alive
      Content-Length:
      - '0'
      User-Agent:
      - azsdk-python-storage-dfs/12.1.1 Python/3.7.3 (Windows-10-10.0.19041-SP0)
      x-ms-client-request-id:
      - 20d6c7dc-ece5-11ea-a8a3-001a7dda7113
      x-ms-date:
      - Wed, 02 Sep 2020 06:25:43 GMT
      x-ms-properties:
      - ''
      x-ms-version:
      - '2020-02-10'
    method: PUT
    uri: https://storagename.dfs.core.windows.net/filesysteme9ad1cb0/directorye9ad1cb0%2Fsubdir0e9ad1cb0?resource=directory
  response:
    body:
      string: ''
    headers:
      Content-Length:
      - '0'
      Date:
      - Wed, 02 Sep 2020 06:25:42 GMT
      ETag:
      - '"0x8D84F09050931EE"'
      Last-Modified:
      - Wed, 02 Sep 2020 06:25:43 GMT
      Server:
      - Windows-Azure-HDFS/1.0 Microsoft-HTTPAPI/2.0
      x-ms-request-id:
      - ad5eeacb-901f-0076-68f1-807c69000000
      x-ms-version:
      - '2020-02-10'
    status:
      code: 201
      message: Created
- request:
    body: null
    headers:
      Accept:
      - '*/*'
      Accept-Encoding:
      - gzip, deflate
      Connection:
      - keep-alive
      Content-Length:
      - '0'
      User-Agent:
      - azsdk-python-storage-dfs/12.1.1 Python/3.7.3 (Windows-10-10.0.19041-SP0)
      x-ms-client-request-id:
      - 20e6cb14-ece5-11ea-a1a9-001a7dda7113
      x-ms-date:
      - Wed, 02 Sep 2020 06:25:43 GMT
      x-ms-properties:
      - ''
      x-ms-version:
      - '2020-02-10'
    method: PUT
    uri: https://storagename.dfs.core.windows.net/filesysteme9ad1cb0/directorye9ad1cb0%2Fsubdir0e9ad1cb0%2Fsubfile0e9ad1cb0?resource=file
  response:
    body:
      string: ''
    headers:
      Content-Length:
      - '0'
      Date:
      - Wed, 02 Sep 2020 06:25:42 GMT
      ETag:
      - '"0x8D84F09051DF3D9"'
      Last-Modified:
      - Wed, 02 Sep 2020 06:25:43 GMT
      Server:
      - Windows-Azure-HDFS/1.0 Microsoft-HTTPAPI/2.0
      x-ms-request-id:
      - ad5eeacc-901f-0076-69f1-807c69000000
      x-ms-version:
      - '2020-02-10'
    status:
      code: 201
      message: Created
- request:
    body: null
    headers:
      Accept:
      - '*/*'
      Accept-Encoding:
      - gzip, deflate
      Connection:
      - keep-alive
      Content-Length:
      - '0'
      User-Agent:
      - azsdk-python-storage-dfs/12.1.1 Python/3.7.3 (Windows-10-10.0.19041-SP0)
      x-ms-client-request-id:
      - 20fb3038-ece5-11ea-97d3-001a7dda7113
      x-ms-date:
      - Wed, 02 Sep 2020 06:25:43 GMT
      x-ms-properties:
      - ''
      x-ms-version:
      - '2020-02-10'
    method: PUT
    uri: https://storagename.dfs.core.windows.net/filesysteme9ad1cb0/directorye9ad1cb0%2Fsubdir0e9ad1cb0%2Fsubfile1e9ad1cb0?resource=file
  response:
    body:
      string: ''
    headers:
      Content-Length:
      - '0'
      Date:
      - Wed, 02 Sep 2020 06:25:42 GMT
      ETag:
      - '"0x8D84F09052F68B6"'
      Last-Modified:
      - Wed, 02 Sep 2020 06:25:43 GMT
      Server:
      - Windows-Azure-HDFS/1.0 Microsoft-HTTPAPI/2.0
      x-ms-request-id:
      - ad5eeacd-901f-0076-6af1-807c69000000
      x-ms-version:
      - '2020-02-10'
    status:
      code: 201
      message: Created
- request:
    body: null
    headers:
      Accept:
      - '*/*'
      Accept-Encoding:
      - gzip, deflate
      Connection:
      - keep-alive
      Content-Length:
      - '0'
      User-Agent:
      - azsdk-python-storage-dfs/12.1.1 Python/3.7.3 (Windows-10-10.0.19041-SP0)
      x-ms-client-request-id:
      - 210ce51a-ece5-11ea-8c6d-001a7dda7113
      x-ms-date:
      - Wed, 02 Sep 2020 06:25:43 GMT
      x-ms-properties:
      - ''
      x-ms-version:
      - '2020-02-10'
    method: PUT
    uri: https://storagename.dfs.core.windows.net/filesysteme9ad1cb0/directorye9ad1cb0%2Fsubdir0e9ad1cb0%2Fsubfile2e9ad1cb0?resource=file
  response:
    body:
      string: ''
    headers:
      Content-Length:
      - '0'
      Date:
      - Wed, 02 Sep 2020 06:25:42 GMT
      ETag:
      - '"0x8D84F0905438703"'
      Last-Modified:
      - Wed, 02 Sep 2020 06:25:43 GMT
      Server:
      - Windows-Azure-HDFS/1.0 Microsoft-HTTPAPI/2.0
      x-ms-request-id:
      - ad5eeace-901f-0076-6bf1-807c69000000
      x-ms-version:
      - '2020-02-10'
    status:
      code: 201
      message: Created
- request:
    body: null
    headers:
      Accept:
      - '*/*'
      Accept-Encoding:
      - gzip, deflate
      Connection:
      - keep-alive
      Content-Length:
      - '0'
      User-Agent:
      - azsdk-python-storage-dfs/12.1.1 Python/3.7.3 (Windows-10-10.0.19041-SP0)
      x-ms-client-request-id:
      - 212110fe-ece5-11ea-b61f-001a7dda7113
      x-ms-date:
      - Wed, 02 Sep 2020 06:25:43 GMT
      x-ms-properties:
      - ''
      x-ms-version:
      - '2020-02-10'
    method: PUT
    uri: https://storagename.dfs.core.windows.net/filesysteme9ad1cb0/directorye9ad1cb0%2Fsubdir0e9ad1cb0%2Fsubfile3e9ad1cb0?resource=file
  response:
    body:
      string: ''
    headers:
      Content-Length:
      - '0'
      Date:
      - Wed, 02 Sep 2020 06:25:42 GMT
      ETag:
      - '"0x8D84F090556E596"'
      Last-Modified:
      - Wed, 02 Sep 2020 06:25:43 GMT
      Server:
      - Windows-Azure-HDFS/1.0 Microsoft-HTTPAPI/2.0
      x-ms-request-id:
      - ad5eeacf-901f-0076-6cf1-807c69000000
      x-ms-version:
      - '2020-02-10'
    status:
      code: 201
      message: Created
- request:
    body: null
    headers:
      Accept:
      - '*/*'
      Accept-Encoding:
      - gzip, deflate
      Connection:
      - keep-alive
      Content-Length:
      - '0'
      User-Agent:
      - azsdk-python-storage-dfs/12.1.1 Python/3.7.3 (Windows-10-10.0.19041-SP0)
      x-ms-client-request-id:
      - 21340540-ece5-11ea-bb89-001a7dda7113
      x-ms-date:
      - Wed, 02 Sep 2020 06:25:43 GMT
      x-ms-properties:
      - ''
      x-ms-version:
      - '2020-02-10'
    method: PUT
    uri: https://storagename.dfs.core.windows.net/filesysteme9ad1cb0/directorye9ad1cb0%2Fsubdir0e9ad1cb0%2Fsubfile4e9ad1cb0?resource=file
  response:
    body:
      string: ''
    headers:
      Content-Length:
      - '0'
      Date:
      - Wed, 02 Sep 2020 06:25:42 GMT
      ETag:
      - '"0x8D84F090567ECDD"'
      Last-Modified:
      - Wed, 02 Sep 2020 06:25:43 GMT
      Server:
      - Windows-Azure-HDFS/1.0 Microsoft-HTTPAPI/2.0
      x-ms-request-id:
      - ad5eead0-901f-0076-6df1-807c69000000
      x-ms-version:
      - '2020-02-10'
    status:
      code: 201
      message: Created
- request:
    body: null
    headers:
      Accept:
      - '*/*'
      Accept-Encoding:
      - gzip, deflate
      Connection:
      - keep-alive
      Content-Length:
      - '0'
      User-Agent:
      - azsdk-python-storage-dfs/12.1.1 Python/3.7.3 (Windows-10-10.0.19041-SP0)
      x-ms-client-request-id:
      - 21457318-ece5-11ea-a25d-001a7dda7113
      x-ms-date:
      - Wed, 02 Sep 2020 06:25:43 GMT
      x-ms-properties:
      - ''
      x-ms-version:
      - '2020-02-10'
    method: PUT
    uri: https://storagename.dfs.core.windows.net/filesysteme9ad1cb0/directorye9ad1cb0%2Fsubdir1e9ad1cb0?resource=directory
  response:
    body:
      string: ''
    headers:
      Content-Length:
      - '0'
      Date:
      - Wed, 02 Sep 2020 06:25:42 GMT
      ETag:
      - '"0x8D84F09057AE241"'
      Last-Modified:
      - Wed, 02 Sep 2020 06:25:43 GMT
      Server:
      - Windows-Azure-HDFS/1.0 Microsoft-HTTPAPI/2.0
      x-ms-request-id:
      - ad5eead1-901f-0076-6ef1-807c69000000
      x-ms-version:
      - '2020-02-10'
    status:
      code: 201
      message: Created
- request:
    body: null
    headers:
      Accept:
      - '*/*'
      Accept-Encoding:
      - gzip, deflate
      Connection:
      - keep-alive
      Content-Length:
      - '0'
      User-Agent:
      - azsdk-python-storage-dfs/12.1.1 Python/3.7.3 (Windows-10-10.0.19041-SP0)
      x-ms-client-request-id:
      - 2158480a-ece5-11ea-baed-001a7dda7113
      x-ms-date:
      - Wed, 02 Sep 2020 06:25:43 GMT
      x-ms-properties:
      - ''
      x-ms-version:
      - '2020-02-10'
    method: PUT
    uri: https://storagename.dfs.core.windows.net/filesysteme9ad1cb0/directorye9ad1cb0%2Fsubdir1e9ad1cb0%2Fsubfile0e9ad1cb0?resource=file
  response:
    body:
      string: ''
    headers:
      Content-Length:
      - '0'
      Date:
      - Wed, 02 Sep 2020 06:25:42 GMT
      ETag:
      - '"0x8D84F09058D1E26"'
      Last-Modified:
      - Wed, 02 Sep 2020 06:25:43 GMT
      Server:
      - Windows-Azure-HDFS/1.0 Microsoft-HTTPAPI/2.0
      x-ms-request-id:
      - ad5eead2-901f-0076-6ff1-807c69000000
      x-ms-version:
      - '2020-02-10'
    status:
      code: 201
      message: Created
- request:
    body: null
    headers:
      Accept:
      - '*/*'
      Accept-Encoding:
      - gzip, deflate
      Connection:
      - keep-alive
      Content-Length:
      - '0'
      User-Agent:
      - azsdk-python-storage-dfs/12.1.1 Python/3.7.3 (Windows-10-10.0.19041-SP0)
      x-ms-client-request-id:
      - 216a97cc-ece5-11ea-91ef-001a7dda7113
      x-ms-date:
      - Wed, 02 Sep 2020 06:25:44 GMT
      x-ms-properties:
      - ''
      x-ms-version:
      - '2020-02-10'
    method: PUT
    uri: https://storagename.dfs.core.windows.net/filesysteme9ad1cb0/directorye9ad1cb0%2Fsubdir1e9ad1cb0%2Fsubfile1e9ad1cb0?resource=file
  response:
    body:
      string: ''
    headers:
      Content-Length:
      - '0'
      Date:
      - Wed, 02 Sep 2020 06:25:43 GMT
      ETag:
      - '"0x8D84F0905A0B977"'
      Last-Modified:
      - Wed, 02 Sep 2020 06:25:44 GMT
      Server:
      - Windows-Azure-HDFS/1.0 Microsoft-HTTPAPI/2.0
      x-ms-request-id:
      - ad5eead3-901f-0076-70f1-807c69000000
      x-ms-version:
      - '2020-02-10'
    status:
      code: 201
      message: Created
- request:
    body: null
    headers:
      Accept:
      - '*/*'
      Accept-Encoding:
      - gzip, deflate
      Connection:
      - keep-alive
      Content-Length:
      - '0'
      User-Agent:
      - azsdk-python-storage-dfs/12.1.1 Python/3.7.3 (Windows-10-10.0.19041-SP0)
      x-ms-client-request-id:
      - 217e24c8-ece5-11ea-aa6b-001a7dda7113
      x-ms-date:
      - Wed, 02 Sep 2020 06:25:44 GMT
      x-ms-properties:
      - ''
      x-ms-version:
      - '2020-02-10'
    method: PUT
    uri: https://storagename.dfs.core.windows.net/filesysteme9ad1cb0/directorye9ad1cb0%2Fsubdir1e9ad1cb0%2Fsubfile2e9ad1cb0?resource=file
  response:
    body:
      string: ''
    headers:
      Content-Length:
      - '0'
      Date:
      - Wed, 02 Sep 2020 06:25:43 GMT
      ETag:
      - '"0x8D84F0905B520EF"'
      Last-Modified:
      - Wed, 02 Sep 2020 06:25:44 GMT
      Server:
      - Windows-Azure-HDFS/1.0 Microsoft-HTTPAPI/2.0
      x-ms-request-id:
      - ad5eead4-901f-0076-71f1-807c69000000
      x-ms-version:
      - '2020-02-10'
    status:
      code: 201
      message: Created
- request:
    body: null
    headers:
      Accept:
      - '*/*'
      Accept-Encoding:
      - gzip, deflate
      Connection:
      - keep-alive
      Content-Length:
      - '0'
      User-Agent:
      - azsdk-python-storage-dfs/12.1.1 Python/3.7.3 (Windows-10-10.0.19041-SP0)
      x-ms-client-request-id:
      - 21923330-ece5-11ea-9957-001a7dda7113
      x-ms-date:
      - Wed, 02 Sep 2020 06:25:44 GMT
      x-ms-properties:
      - ''
      x-ms-version:
      - '2020-02-10'
    method: PUT
    uri: https://storagename.dfs.core.windows.net/filesysteme9ad1cb0/directorye9ad1cb0%2Fsubdir1e9ad1cb0%2Fsubfile3e9ad1cb0?resource=file
  response:
    body:
      string: ''
    headers:
      Content-Length:
      - '0'
      Date:
      - Wed, 02 Sep 2020 06:25:43 GMT
      ETag:
      - '"0x8D84F0905C5FB6A"'
      Last-Modified:
      - Wed, 02 Sep 2020 06:25:44 GMT
      Server:
      - Windows-Azure-HDFS/1.0 Microsoft-HTTPAPI/2.0
      x-ms-request-id:
      - ad5eead5-901f-0076-72f1-807c69000000
      x-ms-version:
      - '2020-02-10'
    status:
      code: 201
      message: Created
- request:
    body: null
    headers:
      Accept:
      - '*/*'
      Accept-Encoding:
      - gzip, deflate
      Connection:
      - keep-alive
      Content-Length:
      - '0'
      User-Agent:
      - azsdk-python-storage-dfs/12.1.1 Python/3.7.3 (Windows-10-10.0.19041-SP0)
      x-ms-client-request-id:
      - 21a305e6-ece5-11ea-8742-001a7dda7113
      x-ms-date:
      - Wed, 02 Sep 2020 06:25:44 GMT
      x-ms-properties:
      - ''
      x-ms-version:
      - '2020-02-10'
    method: PUT
    uri: https://storagename.dfs.core.windows.net/filesysteme9ad1cb0/directorye9ad1cb0%2Fsubdir1e9ad1cb0%2Fsubfile4e9ad1cb0?resource=file
  response:
    body:
      string: ''
    headers:
      Content-Length:
      - '0'
      Date:
      - Wed, 02 Sep 2020 06:25:43 GMT
      ETag:
      - '"0x8D84F0905D6242E"'
      Last-Modified:
      - Wed, 02 Sep 2020 06:25:44 GMT
      Server:
      - Windows-Azure-HDFS/1.0 Microsoft-HTTPAPI/2.0
      x-ms-request-id:
      - ad5eead6-901f-0076-73f1-807c69000000
      x-ms-version:
      - '2020-02-10'
    status:
      code: 201
      message: Created
- request:
    body: null
    headers:
      Accept:
      - '*/*'
      Accept-Encoding:
      - gzip, deflate
      Connection:
      - keep-alive
      Content-Length:
      - '0'
      User-Agent:
      - azsdk-python-storage-dfs/12.1.1 Python/3.7.3 (Windows-10-10.0.19041-SP0)
      x-ms-client-request-id:
      - 21b3116e-ece5-11ea-8487-001a7dda7113
      x-ms-date:
      - Wed, 02 Sep 2020 06:25:44 GMT
      x-ms-properties:
      - ''
      x-ms-version:
      - '2020-02-10'
    method: PUT
    uri: https://storagename.dfs.core.windows.net/filesysteme9ad1cb0/directorye9ad1cb0%2Fsubdir2e9ad1cb0?resource=directory
  response:
    body:
      string: ''
    headers:
      Content-Length:
      - '0'
      Date:
      - Wed, 02 Sep 2020 06:25:43 GMT
      ETag:
      - '"0x8D84F0905E5689E"'
      Last-Modified:
      - Wed, 02 Sep 2020 06:25:44 GMT
      Server:
      - Windows-Azure-HDFS/1.0 Microsoft-HTTPAPI/2.0
      x-ms-request-id:
      - ad5eead7-901f-0076-74f1-807c69000000
      x-ms-version:
      - '2020-02-10'
    status:
      code: 201
      message: Created
- request:
    body: null
    headers:
      Accept:
      - '*/*'
      Accept-Encoding:
      - gzip, deflate
      Connection:
      - keep-alive
      Content-Length:
      - '0'
      User-Agent:
      - azsdk-python-storage-dfs/12.1.1 Python/3.7.3 (Windows-10-10.0.19041-SP0)
      x-ms-client-request-id:
      - 21c295a4-ece5-11ea-9dfa-001a7dda7113
      x-ms-date:
      - Wed, 02 Sep 2020 06:25:44 GMT
      x-ms-properties:
      - ''
      x-ms-version:
      - '2020-02-10'
    method: PUT
    uri: https://storagename.dfs.core.windows.net/filesysteme9ad1cb0/directorye9ad1cb0%2Fsubdir2e9ad1cb0%2Fsubfile0e9ad1cb0?resource=file
  response:
    body:
      string: ''
    headers:
      Content-Length:
      - '0'
      Date:
      - Wed, 02 Sep 2020 06:25:43 GMT
      ETag:
      - '"0x8D84F0905F92F8A"'
      Last-Modified:
      - Wed, 02 Sep 2020 06:25:44 GMT
      Server:
      - Windows-Azure-HDFS/1.0 Microsoft-HTTPAPI/2.0
      x-ms-request-id:
      - ad5eead8-901f-0076-75f1-807c69000000
      x-ms-version:
      - '2020-02-10'
    status:
      code: 201
      message: Created
- request:
    body: null
    headers:
      Accept:
      - '*/*'
      Accept-Encoding:
      - gzip, deflate
      Connection:
      - keep-alive
      Content-Length:
      - '0'
      User-Agent:
      - azsdk-python-storage-dfs/12.1.1 Python/3.7.3 (Windows-10-10.0.19041-SP0)
      x-ms-client-request-id:
      - 21d69718-ece5-11ea-babd-001a7dda7113
      x-ms-date:
      - Wed, 02 Sep 2020 06:25:44 GMT
      x-ms-properties:
      - ''
      x-ms-version:
      - '2020-02-10'
    method: PUT
    uri: https://storagename.dfs.core.windows.net/filesysteme9ad1cb0/directorye9ad1cb0%2Fsubdir2e9ad1cb0%2Fsubfile1e9ad1cb0?resource=file
  response:
    body:
      string: ''
    headers:
      Content-Length:
      - '0'
      Date:
      - Wed, 02 Sep 2020 06:25:43 GMT
      ETag:
      - '"0x8D84F09060BE37F"'
      Last-Modified:
      - Wed, 02 Sep 2020 06:25:44 GMT
      Server:
      - Windows-Azure-HDFS/1.0 Microsoft-HTTPAPI/2.0
      x-ms-request-id:
      - ad5eead9-901f-0076-76f1-807c69000000
      x-ms-version:
      - '2020-02-10'
    status:
      code: 201
      message: Created
- request:
    body: null
    headers:
      Accept:
      - '*/*'
      Accept-Encoding:
      - gzip, deflate
      Connection:
      - keep-alive
      Content-Length:
      - '0'
      User-Agent:
      - azsdk-python-storage-dfs/12.1.1 Python/3.7.3 (Windows-10-10.0.19041-SP0)
      x-ms-client-request-id:
      - 21eabb00-ece5-11ea-8caf-001a7dda7113
      x-ms-date:
      - Wed, 02 Sep 2020 06:25:44 GMT
      x-ms-properties:
      - ''
      x-ms-version:
      - '2020-02-10'
    method: PUT
    uri: https://storagename.dfs.core.windows.net/filesysteme9ad1cb0/directorye9ad1cb0%2Fsubdir2e9ad1cb0%2Fsubfile2e9ad1cb0?resource=file
  response:
    body:
      string: ''
    headers:
      Content-Length:
      - '0'
      Date:
      - Wed, 02 Sep 2020 06:25:43 GMT
      ETag:
      - '"0x8D84F0906204CC4"'
      Last-Modified:
      - Wed, 02 Sep 2020 06:25:44 GMT
      Server:
      - Windows-Azure-HDFS/1.0 Microsoft-HTTPAPI/2.0
      x-ms-request-id:
      - ad5eeada-901f-0076-77f1-807c69000000
      x-ms-version:
      - '2020-02-10'
    status:
      code: 201
      message: Created
- request:
    body: null
    headers:
      Accept:
      - '*/*'
      Accept-Encoding:
      - gzip, deflate
      Connection:
      - keep-alive
      Content-Length:
      - '0'
      User-Agent:
      - azsdk-python-storage-dfs/12.1.1 Python/3.7.3 (Windows-10-10.0.19041-SP0)
      x-ms-client-request-id:
      - 21fd431e-ece5-11ea-8784-001a7dda7113
      x-ms-date:
      - Wed, 02 Sep 2020 06:25:45 GMT
      x-ms-properties:
      - ''
      x-ms-version:
      - '2020-02-10'
    method: PUT
    uri: https://storagename.dfs.core.windows.net/filesysteme9ad1cb0/directorye9ad1cb0%2Fsubdir2e9ad1cb0%2Fsubfile3e9ad1cb0?resource=file
  response:
    body:
      string: ''
    headers:
      Content-Length:
      - '0'
      Date:
      - Wed, 02 Sep 2020 06:25:44 GMT
      ETag:
      - '"0x8D84F0906307E55"'
      Last-Modified:
      - Wed, 02 Sep 2020 06:25:45 GMT
      Server:
      - Windows-Azure-HDFS/1.0 Microsoft-HTTPAPI/2.0
      x-ms-request-id:
      - ad5eeadb-901f-0076-78f1-807c69000000
      x-ms-version:
      - '2020-02-10'
    status:
      code: 201
      message: Created
- request:
    body: null
    headers:
      Accept:
      - '*/*'
      Accept-Encoding:
      - gzip, deflate
      Connection:
      - keep-alive
      Content-Length:
      - '0'
      User-Agent:
      - azsdk-python-storage-dfs/12.1.1 Python/3.7.3 (Windows-10-10.0.19041-SP0)
      x-ms-client-request-id:
      - 220d7e2e-ece5-11ea-b667-001a7dda7113
      x-ms-date:
      - Wed, 02 Sep 2020 06:25:45 GMT
      x-ms-properties:
      - ''
      x-ms-version:
      - '2020-02-10'
    method: PUT
    uri: https://storagename.dfs.core.windows.net/filesysteme9ad1cb0/directorye9ad1cb0%2Fsubdir2e9ad1cb0%2Fsubfile4e9ad1cb0?resource=file
  response:
    body:
      string: ''
    headers:
      Content-Length:
      - '0'
      Date:
      - Wed, 02 Sep 2020 06:25:44 GMT
      ETag:
      - '"0x8D84F090640329C"'
      Last-Modified:
      - Wed, 02 Sep 2020 06:25:45 GMT
      Server:
      - Windows-Azure-HDFS/1.0 Microsoft-HTTPAPI/2.0
      x-ms-request-id:
      - ad5eeadc-901f-0076-79f1-807c69000000
      x-ms-version:
      - '2020-02-10'
    status:
      code: 201
      message: Created
- request:
    body: null
    headers:
      Accept:
      - '*/*'
      Accept-Encoding:
      - gzip, deflate
      Connection:
      - keep-alive
      Content-Length:
      - '0'
      User-Agent:
      - azsdk-python-storage-dfs/12.1.1 Python/3.7.3 (Windows-10-10.0.19041-SP0)
      x-ms-client-request-id:
      - 221db51a-ece5-11ea-84f8-001a7dda7113
      x-ms-date:
      - Wed, 02 Sep 2020 06:25:45 GMT
      x-ms-properties:
      - ''
      x-ms-version:
      - '2020-02-10'
    method: PUT
    uri: https://storagename.dfs.core.windows.net/filesysteme9ad1cb0/directorye9ad1cb0%2Fsubdir3e9ad1cb0?resource=directory
  response:
    body:
      string: ''
    headers:
      Content-Length:
      - '0'
      Date:
      - Wed, 02 Sep 2020 06:25:44 GMT
      ETag:
      - '"0x8D84F0906526CD6"'
      Last-Modified:
      - Wed, 02 Sep 2020 06:25:45 GMT
      Server:
      - Windows-Azure-HDFS/1.0 Microsoft-HTTPAPI/2.0
      x-ms-request-id:
      - ad5eeadd-901f-0076-7af1-807c69000000
      x-ms-version:
      - '2020-02-10'
    status:
      code: 201
      message: Created
- request:
    body: null
    headers:
      Accept:
      - '*/*'
      Accept-Encoding:
      - gzip, deflate
      Connection:
      - keep-alive
      Content-Length:
      - '0'
      User-Agent:
      - azsdk-python-storage-dfs/12.1.1 Python/3.7.3 (Windows-10-10.0.19041-SP0)
      x-ms-client-request-id:
      - 222f4da2-ece5-11ea-9488-001a7dda7113
      x-ms-date:
      - Wed, 02 Sep 2020 06:25:45 GMT
      x-ms-properties:
      - ''
      x-ms-version:
      - '2020-02-10'
    method: PUT
    uri: https://storagename.dfs.core.windows.net/filesysteme9ad1cb0/directorye9ad1cb0%2Fsubdir3e9ad1cb0%2Fsubfile0e9ad1cb0?resource=file
  response:
    body:
      string: ''
    headers:
      Content-Length:
      - '0'
      Date:
      - Wed, 02 Sep 2020 06:25:44 GMT
      ETag:
      - '"0x8D84F0906625B9F"'
      Last-Modified:
      - Wed, 02 Sep 2020 06:25:45 GMT
      Server:
      - Windows-Azure-HDFS/1.0 Microsoft-HTTPAPI/2.0
      x-ms-request-id:
      - ad5eeade-901f-0076-7bf1-807c69000000
      x-ms-version:
      - '2020-02-10'
    status:
      code: 201
      message: Created
- request:
    body: null
    headers:
      Accept:
      - '*/*'
      Accept-Encoding:
      - gzip, deflate
      Connection:
      - keep-alive
      Content-Length:
      - '0'
      User-Agent:
      - azsdk-python-storage-dfs/12.1.1 Python/3.7.3 (Windows-10-10.0.19041-SP0)
      x-ms-client-request-id:
      - 223f2ca6-ece5-11ea-9f1d-001a7dda7113
      x-ms-date:
      - Wed, 02 Sep 2020 06:25:45 GMT
      x-ms-properties:
      - ''
      x-ms-version:
      - '2020-02-10'
    method: PUT
    uri: https://storagename.dfs.core.windows.net/filesysteme9ad1cb0/directorye9ad1cb0%2Fsubdir3e9ad1cb0%2Fsubfile1e9ad1cb0?resource=file
  response:
    body:
      string: ''
    headers:
      Content-Length:
      - '0'
      Date:
      - Wed, 02 Sep 2020 06:25:44 GMT
      ETag:
      - '"0x8D84F0906728296"'
      Last-Modified:
      - Wed, 02 Sep 2020 06:25:45 GMT
      Server:
      - Windows-Azure-HDFS/1.0 Microsoft-HTTPAPI/2.0
      x-ms-request-id:
      - ad5eeadf-901f-0076-7cf1-807c69000000
      x-ms-version:
      - '2020-02-10'
    status:
      code: 201
      message: Created
- request:
    body: null
    headers:
      Accept:
      - '*/*'
      Accept-Encoding:
      - gzip, deflate
      Connection:
      - keep-alive
      Content-Length:
      - '0'
      User-Agent:
      - azsdk-python-storage-dfs/12.1.1 Python/3.7.3 (Windows-10-10.0.19041-SP0)
      x-ms-client-request-id:
      - 224f66e2-ece5-11ea-a4f6-001a7dda7113
      x-ms-date:
      - Wed, 02 Sep 2020 06:25:45 GMT
      x-ms-properties:
      - ''
      x-ms-version:
      - '2020-02-10'
    method: PUT
    uri: https://storagename.dfs.core.windows.net/filesysteme9ad1cb0/directorye9ad1cb0%2Fsubdir3e9ad1cb0%2Fsubfile2e9ad1cb0?resource=file
  response:
    body:
      string: ''
    headers:
      Content-Length:
      - '0'
      Date:
      - Wed, 02 Sep 2020 06:25:44 GMT
      ETag:
      - '"0x8D84F090682C774"'
      Last-Modified:
      - Wed, 02 Sep 2020 06:25:45 GMT
      Server:
      - Windows-Azure-HDFS/1.0 Microsoft-HTTPAPI/2.0
      x-ms-request-id:
      - ad5eeae0-901f-0076-7df1-807c69000000
      x-ms-version:
      - '2020-02-10'
    status:
      code: 201
      message: Created
- request:
    body: null
    headers:
      Accept:
      - '*/*'
      Accept-Encoding:
      - gzip, deflate
      Connection:
      - keep-alive
      Content-Length:
      - '0'
      User-Agent:
      - azsdk-python-storage-dfs/12.1.1 Python/3.7.3 (Windows-10-10.0.19041-SP0)
      x-ms-client-request-id:
      - 225f941e-ece5-11ea-ba73-001a7dda7113
      x-ms-date:
      - Wed, 02 Sep 2020 06:25:45 GMT
      x-ms-properties:
      - ''
      x-ms-version:
      - '2020-02-10'
    method: PUT
    uri: https://storagename.dfs.core.windows.net/filesysteme9ad1cb0/directorye9ad1cb0%2Fsubdir3e9ad1cb0%2Fsubfile3e9ad1cb0?resource=file
  response:
    body:
      string: ''
    headers:
      Content-Length:
      - '0'
      Date:
      - Wed, 02 Sep 2020 06:25:44 GMT
      ETag:
      - '"0x8D84F090692C8C5"'
      Last-Modified:
      - Wed, 02 Sep 2020 06:25:45 GMT
      Server:
      - Windows-Azure-HDFS/1.0 Microsoft-HTTPAPI/2.0
      x-ms-request-id:
      - ad5eeae1-901f-0076-7ef1-807c69000000
      x-ms-version:
      - '2020-02-10'
    status:
      code: 201
      message: Created
- request:
    body: null
    headers:
      Accept:
      - '*/*'
      Accept-Encoding:
      - gzip, deflate
      Connection:
      - keep-alive
      Content-Length:
      - '0'
      User-Agent:
      - azsdk-python-storage-dfs/12.1.1 Python/3.7.3 (Windows-10-10.0.19041-SP0)
      x-ms-client-request-id:
      - 226faa80-ece5-11ea-9f4e-001a7dda7113
      x-ms-date:
      - Wed, 02 Sep 2020 06:25:45 GMT
      x-ms-properties:
      - ''
      x-ms-version:
      - '2020-02-10'
    method: PUT
    uri: https://storagename.dfs.core.windows.net/filesysteme9ad1cb0/directorye9ad1cb0%2Fsubdir3e9ad1cb0%2Fsubfile4e9ad1cb0?resource=file
  response:
    body:
      string: ''
    headers:
      Content-Length:
      - '0'
      Date:
      - Wed, 02 Sep 2020 06:25:44 GMT
      ETag:
      - '"0x8D84F0906A2A26B"'
      Last-Modified:
      - Wed, 02 Sep 2020 06:25:45 GMT
      Server:
      - Windows-Azure-HDFS/1.0 Microsoft-HTTPAPI/2.0
      x-ms-request-id:
      - ad5eeae2-901f-0076-7ff1-807c69000000
      x-ms-version:
      - '2020-02-10'
    status:
      code: 201
      message: Created
- request:
    body: null
    headers:
      Accept:
      - '*/*'
      Accept-Encoding:
      - gzip, deflate
      Connection:
      - keep-alive
      Content-Length:
      - '0'
      User-Agent:
      - azsdk-python-storage-dfs/12.1.1 Python/3.7.3 (Windows-10-10.0.19041-SP0)
      x-ms-client-request-id:
      - 227f6ddc-ece5-11ea-b360-001a7dda7113
      x-ms-date:
      - Wed, 02 Sep 2020 06:25:45 GMT
      x-ms-properties:
      - ''
      x-ms-version:
      - '2020-02-10'
    method: PUT
    uri: https://storagename.dfs.core.windows.net/filesysteme9ad1cb0/directorye9ad1cb0%2Fsubdir4e9ad1cb0?resource=directory
  response:
    body:
      string: ''
    headers:
      Content-Length:
      - '0'
      Date:
      - Wed, 02 Sep 2020 06:25:44 GMT
      ETag:
      - '"0x8D84F0906B1AB09"'
      Last-Modified:
      - Wed, 02 Sep 2020 06:25:45 GMT
      Server:
      - Windows-Azure-HDFS/1.0 Microsoft-HTTPAPI/2.0
      x-ms-request-id:
      - ad5eeae3-901f-0076-80f1-807c69000000
      x-ms-version:
      - '2020-02-10'
    status:
      code: 201
      message: Created
- request:
    body: null
    headers:
      Accept:
      - '*/*'
      Accept-Encoding:
      - gzip, deflate
      Connection:
      - keep-alive
      Content-Length:
      - '0'
      User-Agent:
      - azsdk-python-storage-dfs/12.1.1 Python/3.7.3 (Windows-10-10.0.19041-SP0)
      x-ms-client-request-id:
      - 228eb990-ece5-11ea-8f22-001a7dda7113
      x-ms-date:
      - Wed, 02 Sep 2020 06:25:45 GMT
      x-ms-properties:
      - ''
      x-ms-version:
      - '2020-02-10'
    method: PUT
    uri: https://storagename.dfs.core.windows.net/filesysteme9ad1cb0/directorye9ad1cb0%2Fsubdir4e9ad1cb0%2Fsubfile0e9ad1cb0?resource=file
  response:
    body:
      string: ''
    headers:
      Content-Length:
      - '0'
      Date:
      - Wed, 02 Sep 2020 06:25:45 GMT
      ETag:
      - '"0x8D84F0906C44C3A"'
      Last-Modified:
      - Wed, 02 Sep 2020 06:25:45 GMT
      Server:
      - Windows-Azure-HDFS/1.0 Microsoft-HTTPAPI/2.0
      x-ms-request-id:
      - ad5eeae4-901f-0076-01f1-807c69000000
      x-ms-version:
      - '2020-02-10'
    status:
      code: 201
      message: Created
- request:
    body: null
    headers:
      Accept:
      - '*/*'
      Accept-Encoding:
      - gzip, deflate
      Connection:
      - keep-alive
      Content-Length:
      - '0'
      User-Agent:
      - azsdk-python-storage-dfs/12.1.1 Python/3.7.3 (Windows-10-10.0.19041-SP0)
      x-ms-client-request-id:
      - 22a131ec-ece5-11ea-b461-001a7dda7113
      x-ms-date:
      - Wed, 02 Sep 2020 06:25:46 GMT
      x-ms-properties:
      - ''
      x-ms-version:
      - '2020-02-10'
    method: PUT
    uri: https://storagename.dfs.core.windows.net/filesysteme9ad1cb0/directorye9ad1cb0%2Fsubdir4e9ad1cb0%2Fsubfile1e9ad1cb0?resource=file
  response:
    body:
      string: ''
    headers:
      Content-Length:
      - '0'
      Date:
      - Wed, 02 Sep 2020 06:25:45 GMT
      ETag:
      - '"0x8D84F0906D48947"'
      Last-Modified:
      - Wed, 02 Sep 2020 06:25:46 GMT
      Server:
      - Windows-Azure-HDFS/1.0 Microsoft-HTTPAPI/2.0
      x-ms-request-id:
      - ad5eeae5-901f-0076-02f1-807c69000000
      x-ms-version:
      - '2020-02-10'
    status:
      code: 201
      message: Created
- request:
    body: null
    headers:
      Accept:
      - '*/*'
      Accept-Encoding:
      - gzip, deflate
      Connection:
      - keep-alive
      Content-Length:
      - '0'
      User-Agent:
      - azsdk-python-storage-dfs/12.1.1 Python/3.7.3 (Windows-10-10.0.19041-SP0)
      x-ms-client-request-id:
      - 22b16dca-ece5-11ea-8080-001a7dda7113
      x-ms-date:
      - Wed, 02 Sep 2020 06:25:46 GMT
      x-ms-properties:
      - ''
      x-ms-version:
      - '2020-02-10'
    method: PUT
    uri: https://storagename.dfs.core.windows.net/filesysteme9ad1cb0/directorye9ad1cb0%2Fsubdir4e9ad1cb0%2Fsubfile2e9ad1cb0?resource=file
  response:
    body:
      string: ''
    headers:
      Content-Length:
      - '0'
      Date:
      - Wed, 02 Sep 2020 06:25:45 GMT
      ETag:
      - '"0x8D84F0906E483F5"'
      Last-Modified:
      - Wed, 02 Sep 2020 06:25:46 GMT
      Server:
      - Windows-Azure-HDFS/1.0 Microsoft-HTTPAPI/2.0
      x-ms-request-id:
      - ad5eeae6-901f-0076-03f1-807c69000000
      x-ms-version:
      - '2020-02-10'
    status:
      code: 201
      message: Created
- request:
    body: null
    headers:
      Accept:
      - '*/*'
      Accept-Encoding:
      - gzip, deflate
      Connection:
      - keep-alive
      Content-Length:
      - '0'
      User-Agent:
      - azsdk-python-storage-dfs/12.1.1 Python/3.7.3 (Windows-10-10.0.19041-SP0)
      x-ms-client-request-id:
      - 22c1b800-ece5-11ea-9e1f-001a7dda7113
      x-ms-date:
      - Wed, 02 Sep 2020 06:25:46 GMT
      x-ms-properties:
      - ''
      x-ms-version:
      - '2020-02-10'
    method: PUT
    uri: https://storagename.dfs.core.windows.net/filesysteme9ad1cb0/directorye9ad1cb0%2Fsubdir4e9ad1cb0%2Fsubfile3e9ad1cb0?resource=file
  response:
    body:
      string: ''
    headers:
      Content-Length:
      - '0'
      Date:
      - Wed, 02 Sep 2020 06:25:45 GMT
      ETag:
      - '"0x8D84F0906F64B1A"'
      Last-Modified:
      - Wed, 02 Sep 2020 06:25:46 GMT
      Server:
      - Windows-Azure-HDFS/1.0 Microsoft-HTTPAPI/2.0
      x-ms-request-id:
      - ad5eeae7-901f-0076-04f1-807c69000000
      x-ms-version:
      - '2020-02-10'
    status:
      code: 201
      message: Created
- request:
    body: null
    headers:
      Accept:
      - '*/*'
      Accept-Encoding:
      - gzip, deflate
      Connection:
      - keep-alive
      Content-Length:
      - '0'
      User-Agent:
      - azsdk-python-storage-dfs/12.1.1 Python/3.7.3 (Windows-10-10.0.19041-SP0)
      x-ms-client-request-id:
      - 22d321b4-ece5-11ea-809f-001a7dda7113
      x-ms-date:
      - Wed, 02 Sep 2020 06:25:46 GMT
      x-ms-properties:
      - ''
      x-ms-version:
      - '2020-02-10'
    method: PUT
    uri: https://storagename.dfs.core.windows.net/filesysteme9ad1cb0/directorye9ad1cb0%2Fsubdir4e9ad1cb0%2Fsubfile4e9ad1cb0?resource=file
  response:
    body:
      string: ''
    headers:
      Content-Length:
      - '0'
      Date:
      - Wed, 02 Sep 2020 06:25:45 GMT
      ETag:
      - '"0x8D84F090705E1C4"'
      Last-Modified:
      - Wed, 02 Sep 2020 06:25:46 GMT
      Server:
      - Windows-Azure-HDFS/1.0 Microsoft-HTTPAPI/2.0
      x-ms-request-id:
      - ad5eeae8-901f-0076-05f1-807c69000000
      x-ms-version:
      - '2020-02-10'
    status:
      code: 201
      message: Created
- request:
    body: null
    headers:
      Accept:
      - '*/*'
      Accept-Encoding:
      - gzip, deflate
      Connection:
      - keep-alive
      Content-Length:
      - '0'
      User-Agent:
      - azsdk-python-storage-dfs/12.1.1 Python/3.7.3 (Windows-10-10.0.19041-SP0)
      x-ms-client-request-id:
      - 22e396fe-ece5-11ea-81ec-001a7dda7113
      x-ms-date:
      - Wed, 02 Sep 2020 06:25:46 GMT
      x-ms-properties:
      - ''
      x-ms-version:
      - '2020-02-10'
    method: PUT
    uri: https://storagename.dfs.core.windows.net/filesysteme9ad1cb0/directorye9ad1cb0%2Fcannottouchthis?resource=file
  response:
    body:
      string: ''
    headers:
      Content-Length:
      - '0'
      Date:
      - Wed, 02 Sep 2020 06:25:45 GMT
      ETag:
      - '"0x8D84F0907158D1B"'
      Last-Modified:
      - Wed, 02 Sep 2020 06:25:46 GMT
      Server:
      - Windows-Azure-HDFS/1.0 Microsoft-HTTPAPI/2.0
      x-ms-request-id:
      - ccd6639a-e01f-0031-20f1-801732000000
      x-ms-version:
      - '2020-02-10'
    status:
      code: 201
      message: Created
- request:
    body: null
    headers:
      Accept:
      - '*/*'
      Accept-Encoding:
      - gzip, deflate
      Connection:
      - keep-alive
      Content-Length:
      - '0'
      User-Agent:
      - azsdk-python-storage-dfs/12.1.1 Python/3.7.3 (Windows-10-10.0.19041-SP0)
      x-ms-client-request-id:
      - 22f2d2a6-ece5-11ea-a66f-001a7dda7113
      x-ms-date:
      - Wed, 02 Sep 2020 06:25:46 GMT
      x-ms-properties:
      - ''
      x-ms-version:
      - '2020-02-10'
    method: PUT
    uri: https://storagename.dfs.core.windows.net/filesysteme9ad1cb0/directorye9ad1cb0%2Fcannottouchthisdir?resource=directory
  response:
    body:
      string: ''
    headers:
      Content-Length:
      - '0'
      Date:
      - Wed, 02 Sep 2020 06:25:45 GMT
      ETag:
      - '"0x8D84F090727213F"'
      Last-Modified:
      - Wed, 02 Sep 2020 06:25:46 GMT
      Server:
      - Windows-Azure-HDFS/1.0 Microsoft-HTTPAPI/2.0
      x-ms-request-id:
      - ccd6639c-e01f-0031-21f1-801732000000
      x-ms-version:
      - '2020-02-10'
    status:
      code: 201
      message: Created
- request:
    body: null
    headers:
      Accept:
      - application/json
      Accept-Encoding:
      - gzip, deflate
      Connection:
      - keep-alive
      Content-Length:
      - '0'
      User-Agent:
      - azsdk-python-storage-dfs/12.1.1 Python/3.7.3 (Windows-10-10.0.19041-SP0)
      x-ms-acl:
      - user::rwx,group::r-x,other::rwx
      x-ms-client-request-id:
      - 23039b36-ece5-11ea-bb5f-001a7dda7113
      x-ms-date:
      - Wed, 02 Sep 2020 06:25:46 GMT
      x-ms-version:
      - '2020-02-10'
    method: PATCH
    uri: https://storagename.dfs.core.windows.net/filesysteme9ad1cb0/directorye9ad1cb0?mode=set&forceFlag=true&maxRecords=6&action=setAccessControlRecursive
  response:
    body:
      string: '{"directoriesSuccessful":2,"failedEntries":[{"errorMessage":"This request
        is not authorized to perform this operation using this permission.","name":"directorye9ad1cb0/cannottouchthis","type":"FILE"},{"errorMessage":"This
        request is not authorized to perform this operation using this permission.","name":"directorye9ad1cb0/cannottouchthisdir","type":"DIRECTORY"}],"failureCount":2,"filesSuccessful":2}

        '
    headers:
      Date:
      - Wed, 02 Sep 2020 06:25:45 GMT
      Server:
      - Windows-Azure-HDFS/1.0 Microsoft-HTTPAPI/2.0
      Transfer-Encoding:
      - chunked
      x-ms-continuation:
      - VBaUxPP1h+TE4SMYfRh4L2dlbjFnZW4yZG9tYWluMQEwMUQ2MTNDM0ZFNkNDQTg0L2ZpbGVzeXN0ZW1lOWFkMWNiMAEwMUQ2ODBGMUUxQkU5RjYyL2RpcmVjdG9yeWU5YWQxY2IwL3N1YmRpcjBlOWFkMWNiMC9zdWJmaWxlMmU5YWQxY2IwFgAAAA==
      x-ms-namespace-enabled:
      - 'true'
      x-ms-request-id:
      - ad5eeae9-901f-0076-06f1-807c69000000
      x-ms-version:
      - '2020-02-10'
    status:
      code: 200
      message: OK
- request:
    body: null
    headers:
      Accept:
      - application/json
      Accept-Encoding:
      - gzip, deflate
      Connection:
      - keep-alive
      Content-Length:
      - '0'
      User-Agent:
      - azsdk-python-storage-dfs/12.1.1 Python/3.7.3 (Windows-10-10.0.19041-SP0)
      x-ms-acl:
      - user::rwx,group::r-x,other::rwx
      x-ms-client-request-id:
      - 23226698-ece5-11ea-999f-001a7dda7113
      x-ms-date:
      - Wed, 02 Sep 2020 06:25:46 GMT
      x-ms-version:
      - '2020-02-10'
    method: PATCH
    uri: https://storagename.dfs.core.windows.net/filesysteme9ad1cb0/directorye9ad1cb0?continuation=VBaUxPP1h%2BTE4SMYfRh4L2dlbjFnZW4yZG9tYWluMQEwMUQ2MTNDM0ZFNkNDQTg0L2ZpbGVzeXN0ZW1lOWFkMWNiMAEwMUQ2ODBGMUUxQkU5RjYyL2RpcmVjdG9yeWU5YWQxY2IwL3N1YmRpcjBlOWFkMWNiMC9zdWJmaWxlMmU5YWQxY2IwFgAAAA%3D%3D&mode=set&forceFlag=true&maxRecords=6&action=setAccessControlRecursive
  response:
    body:
      string: '{"directoriesSuccessful":1,"failedEntries":[],"failureCount":0,"filesSuccessful":5}

        '
    headers:
      Date:
      - Wed, 02 Sep 2020 06:25:45 GMT
      Server:
      - Windows-Azure-HDFS/1.0 Microsoft-HTTPAPI/2.0
      Transfer-Encoding:
      - chunked
      x-ms-continuation:
      - VBb68fvbosvPx14YfRh4L2dlbjFnZW4yZG9tYWluMQEwMUQ2MTNDM0ZFNkNDQTg0L2ZpbGVzeXN0ZW1lOWFkMWNiMAEwMUQ2ODBGMUUxQkU5RjYyL2RpcmVjdG9yeWU5YWQxY2IwL3N1YmRpcjFlOWFkMWNiMC9zdWJmaWxlMmU5YWQxY2IwFgAAAA==
      x-ms-namespace-enabled:
      - 'true'
      x-ms-request-id:
      - ad5eeaea-901f-0076-07f1-807c69000000
      x-ms-version:
      - '2020-02-10'
    status:
      code: 200
      message: OK
- request:
    body: null
    headers:
      Accept:
      - application/json
      Accept-Encoding:
      - gzip, deflate
      Connection:
      - keep-alive
      Content-Length:
      - '0'
      User-Agent:
      - azsdk-python-storage-dfs/12.1.1 Python/3.7.3 (Windows-10-10.0.19041-SP0)
      x-ms-acl:
      - user::rwx,group::r-x,other::rwx
      x-ms-client-request-id:
      - 233626ec-ece5-11ea-8c13-001a7dda7113
      x-ms-date:
      - Wed, 02 Sep 2020 06:25:47 GMT
      x-ms-version:
      - '2020-02-10'
    method: PATCH
    uri: https://storagename.dfs.core.windows.net/filesysteme9ad1cb0/directorye9ad1cb0?continuation=VBb68fvbosvPx14YfRh4L2dlbjFnZW4yZG9tYWluMQEwMUQ2MTNDM0ZFNkNDQTg0L2ZpbGVzeXN0ZW1lOWFkMWNiMAEwMUQ2ODBGMUUxQkU5RjYyL2RpcmVjdG9yeWU5YWQxY2IwL3N1YmRpcjFlOWFkMWNiMC9zdWJmaWxlMmU5YWQxY2IwFgAAAA%3D%3D&mode=set&forceFlag=true&maxRecords=6&action=setAccessControlRecursive
  response:
    body:
      string: '{"directoriesSuccessful":1,"failedEntries":[],"failureCount":0,"filesSuccessful":5}

        '
    headers:
      Date:
      - Wed, 02 Sep 2020 06:25:46 GMT
      Server:
      - Windows-Azure-HDFS/1.0 Microsoft-HTTPAPI/2.0
      Transfer-Encoding:
      - chunked
      x-ms-continuation:
      - VBbIr+OpzbrSrdkBGH0YeC9nZW4xZ2VuMmRvbWFpbjEBMDFENjEzQzNGRTZDQ0E4NC9maWxlc3lzdGVtZTlhZDFjYjABMDFENjgwRjFFMUJFOUY2Mi9kaXJlY3RvcnllOWFkMWNiMC9zdWJkaXIyZTlhZDFjYjAvc3ViZmlsZTJlOWFkMWNiMBYAAAA=
      x-ms-namespace-enabled:
      - 'true'
      x-ms-request-id:
      - ad5eeaeb-901f-0076-08f1-807c69000000
      x-ms-version:
      - '2020-02-10'
    status:
      code: 200
      message: OK
- request:
    body: null
    headers:
      Accept:
      - application/json
      Accept-Encoding:
      - gzip, deflate
      Connection:
      - keep-alive
      Content-Length:
      - '0'
      User-Agent:
      - azsdk-python-storage-dfs/12.1.1 Python/3.7.3 (Windows-10-10.0.19041-SP0)
      x-ms-acl:
      - user::rwx,group::r-x,other::rwx
      x-ms-client-request-id:
      - 234c32be-ece5-11ea-a326-001a7dda7113
      x-ms-date:
      - Wed, 02 Sep 2020 06:25:47 GMT
      x-ms-version:
      - '2020-02-10'
    method: PATCH
    uri: https://storagename.dfs.core.windows.net/filesysteme9ad1cb0/directorye9ad1cb0?continuation=VBbIr%2BOpzbrSrdkBGH0YeC9nZW4xZ2VuMmRvbWFpbjEBMDFENjEzQzNGRTZDQ0E4NC9maWxlc3lzdGVtZTlhZDFjYjABMDFENjgwRjFFMUJFOUY2Mi9kaXJlY3RvcnllOWFkMWNiMC9zdWJkaXIyZTlhZDFjYjAvc3ViZmlsZTJlOWFkMWNiMBYAAAA%3D&mode=set&forceFlag=true&maxRecords=6&action=setAccessControlRecursive
  response:
    body:
      string: '{"directoriesSuccessful":1,"failedEntries":[],"failureCount":0,"filesSuccessful":5}

        '
    headers:
      Date:
      - Wed, 02 Sep 2020 06:25:46 GMT
      Server:
      - Windows-Azure-HDFS/1.0 Microsoft-HTTPAPI/2.0
      Transfer-Encoding:
      - chunked
      x-ms-continuation:
      - VBammuuH6JXZi6QBGH0YeC9nZW4xZ2VuMmRvbWFpbjEBMDFENjEzQzNGRTZDQ0E4NC9maWxlc3lzdGVtZTlhZDFjYjABMDFENjgwRjFFMUJFOUY2Mi9kaXJlY3RvcnllOWFkMWNiMC9zdWJkaXIzZTlhZDFjYjAvc3ViZmlsZTJlOWFkMWNiMBYAAAA=
      x-ms-namespace-enabled:
      - 'true'
      x-ms-request-id:
      - ad5eeaec-901f-0076-09f1-807c69000000
      x-ms-version:
      - '2020-02-10'
    status:
      code: 200
      message: OK
- request:
    body: null
    headers:
      Accept:
      - application/json
      Accept-Encoding:
      - gzip, deflate
      Connection:
      - keep-alive
      Content-Length:
      - '0'
      User-Agent:
      - azsdk-python-storage-dfs/12.1.1 Python/3.7.3 (Windows-10-10.0.19041-SP0)
      x-ms-acl:
      - user::rwx,group::r-x,other::rwx
      x-ms-client-request-id:
      - 2362ea36-ece5-11ea-ad3c-001a7dda7113
      x-ms-date:
      - Wed, 02 Sep 2020 06:25:47 GMT
      x-ms-version:
      - '2020-02-10'
    method: PATCH
    uri: https://storagename.dfs.core.windows.net/filesysteme9ad1cb0/directorye9ad1cb0?continuation=VBammuuH6JXZi6QBGH0YeC9nZW4xZ2VuMmRvbWFpbjEBMDFENjEzQzNGRTZDQ0E4NC9maWxlc3lzdGVtZTlhZDFjYjABMDFENjgwRjFFMUJFOUY2Mi9kaXJlY3RvcnllOWFkMWNiMC9zdWJkaXIzZTlhZDFjYjAvc3ViZmlsZTJlOWFkMWNiMBYAAAA%3D&mode=set&forceFlag=true&maxRecords=6&action=setAccessControlRecursive
  response:
    body:
      string: '{"directoriesSuccessful":1,"failedEntries":[],"failureCount":0,"filesSuccessful":5}

        '
    headers:
      Date:
      - Wed, 02 Sep 2020 06:25:46 GMT
      Server:
      - Windows-Azure-HDFS/1.0 Microsoft-HTTPAPI/2.0
      Transfer-Encoding:
      - chunked
      x-ms-continuation:
      - VBbT7K2y7aaWhikYfRh4L2dlbjFnZW4yZG9tYWluMQEwMUQ2MTNDM0ZFNkNDQTg0L2ZpbGVzeXN0ZW1lOWFkMWNiMAEwMUQ2ODBGMUUxQkU5RjYyL2RpcmVjdG9yeWU5YWQxY2IwL3N1YmRpcjRlOWFkMWNiMC9zdWJmaWxlMmU5YWQxY2IwFgAAAA==
      x-ms-namespace-enabled:
      - 'true'
      x-ms-request-id:
      - ad5eeaed-901f-0076-0af1-807c69000000
      x-ms-version:
      - '2020-02-10'
    status:
      code: 200
      message: OK
- request:
    body: null
    headers:
      Accept:
      - application/json
      Accept-Encoding:
      - gzip, deflate
      Connection:
      - keep-alive
      Content-Length:
      - '0'
      User-Agent:
      - azsdk-python-storage-dfs/12.1.1 Python/3.7.3 (Windows-10-10.0.19041-SP0)
      x-ms-acl:
      - user::rwx,group::r-x,other::rwx
      x-ms-client-request-id:
      - 237a84d8-ece5-11ea-b294-001a7dda7113
      x-ms-date:
      - Wed, 02 Sep 2020 06:25:47 GMT
      x-ms-version:
      - '2020-02-10'
    method: PATCH
    uri: https://storagename.dfs.core.windows.net/filesysteme9ad1cb0/directorye9ad1cb0?continuation=VBbT7K2y7aaWhikYfRh4L2dlbjFnZW4yZG9tYWluMQEwMUQ2MTNDM0ZFNkNDQTg0L2ZpbGVzeXN0ZW1lOWFkMWNiMAEwMUQ2ODBGMUUxQkU5RjYyL2RpcmVjdG9yeWU5YWQxY2IwL3N1YmRpcjRlOWFkMWNiMC9zdWJmaWxlMmU5YWQxY2IwFgAAAA%3D%3D&mode=set&forceFlag=true&maxRecords=6&action=setAccessControlRecursive
  response:
    body:
      string: '{"directoriesSuccessful":0,"failedEntries":[],"failureCount":0,"filesSuccessful":3}

        '
    headers:
      Date:
      - Wed, 02 Sep 2020 06:25:46 GMT
      Server:
      - Windows-Azure-HDFS/1.0 Microsoft-HTTPAPI/2.0
      Transfer-Encoding:
      - chunked
      x-ms-namespace-enabled:
      - 'true'
      x-ms-request-id:
      - ad5eeaee-901f-0076-0bf1-807c69000000
      x-ms-version:
      - '2020-02-10'
    status:
      code: 200
      message: OK
- request:
    body: null
    headers:
      Accept:
      - application/json
      Accept-Encoding:
      - gzip, deflate
      Connection:
      - keep-alive
      Content-Length:
      - '0'
      User-Agent:
      - azsdk-python-storage-dfs/12.1.1 Python/3.7.3 (Windows-10-10.0.19041-SP0)
      x-ms-acl:
      - user::rwx,group::r-x,other::rwx
      x-ms-client-request-id:
      - 239194c8-ece5-11ea-b89f-001a7dda7113
      x-ms-date:
      - Wed, 02 Sep 2020 06:25:47 GMT
      x-ms-version:
      - '2020-02-10'
    method: PATCH
    uri: https://storagename.dfs.core.windows.net/filesysteme9ad1cb0/directorye9ad1cb0?mode=set&forceFlag=true&maxRecords=6&action=setAccessControlRecursive
  response:
    body:
      string: '{"directoriesSuccessful":2,"failedEntries":[{"errorMessage":"This request
        is not authorized to perform this operation using this permission.","name":"directorye9ad1cb0/cannottouchthis","type":"FILE"},{"errorMessage":"This
        request is not authorized to perform this operation using this permission.","name":"directorye9ad1cb0/cannottouchthisdir","type":"DIRECTORY"}],"failureCount":2,"filesSuccessful":2}

        '
    headers:
      Date:
      - Wed, 02 Sep 2020 06:25:46 GMT
      Server:
      - Windows-Azure-HDFS/1.0 Microsoft-HTTPAPI/2.0
      Transfer-Encoding:
      - chunked
      x-ms-continuation:
      - VBaUxPP1h+TE4SMYfRh4L2dlbjFnZW4yZG9tYWluMQEwMUQ2MTNDM0ZFNkNDQTg0L2ZpbGVzeXN0ZW1lOWFkMWNiMAEwMUQ2ODBGMUUxQkU5RjYyL2RpcmVjdG9yeWU5YWQxY2IwL3N1YmRpcjBlOWFkMWNiMC9zdWJmaWxlMmU5YWQxY2IwFgAAAA==
      x-ms-namespace-enabled:
      - 'true'
      x-ms-request-id:
      - ad5eeaef-901f-0076-0cf1-807c69000000
      x-ms-version:
      - '2020-02-10'
    status:
      code: 200
      message: OK
- request:
    body: null
    headers:
      Accept:
      - application/json
      Accept-Encoding:
      - gzip, deflate
      Connection:
      - keep-alive
      Content-Length:
      - '0'
      User-Agent:
      - azsdk-python-storage-dfs/12.1.1 Python/3.7.3 (Windows-10-10.0.19041-SP0)
      x-ms-acl:
      - user::rwx,group::r-x,other::rwx
      x-ms-client-request-id:
      - 23a88f90-ece5-11ea-9b33-001a7dda7113
      x-ms-date:
      - Wed, 02 Sep 2020 06:25:47 GMT
      x-ms-version:
      - '2020-02-10'
    method: PATCH
    uri: https://storagename.dfs.core.windows.net/filesysteme9ad1cb0/directorye9ad1cb0?continuation=VBaUxPP1h%2BTE4SMYfRh4L2dlbjFnZW4yZG9tYWluMQEwMUQ2MTNDM0ZFNkNDQTg0L2ZpbGVzeXN0ZW1lOWFkMWNiMAEwMUQ2ODBGMUUxQkU5RjYyL2RpcmVjdG9yeWU5YWQxY2IwL3N1YmRpcjBlOWFkMWNiMC9zdWJmaWxlMmU5YWQxY2IwFgAAAA%3D%3D&mode=set&forceFlag=true&maxRecords=6&action=setAccessControlRecursive
  response:
    body:
      string: '{"directoriesSuccessful":1,"failedEntries":[],"failureCount":0,"filesSuccessful":5}

        '
    headers:
      Date:
      - Wed, 02 Sep 2020 06:25:46 GMT
      Server:
      - Windows-Azure-HDFS/1.0 Microsoft-HTTPAPI/2.0
      Transfer-Encoding:
      - chunked
      x-ms-continuation:
      - VBb68fvbosvPx14YfRh4L2dlbjFnZW4yZG9tYWluMQEwMUQ2MTNDM0ZFNkNDQTg0L2ZpbGVzeXN0ZW1lOWFkMWNiMAEwMUQ2ODBGMUUxQkU5RjYyL2RpcmVjdG9yeWU5YWQxY2IwL3N1YmRpcjFlOWFkMWNiMC9zdWJmaWxlMmU5YWQxY2IwFgAAAA==
      x-ms-namespace-enabled:
      - 'true'
      x-ms-request-id:
      - ad5eeaf1-901f-0076-0df1-807c69000000
      x-ms-version:
      - '2020-02-10'
    status:
      code: 200
      message: OK
- request:
    body: null
    headers:
      Accept:
      - application/json
      Accept-Encoding:
      - gzip, deflate
      Connection:
      - keep-alive
      Content-Length:
      - '0'
      User-Agent:
      - azsdk-python-storage-dfs/12.1.1 Python/3.7.3 (Windows-10-10.0.19041-SP0)
      x-ms-acl:
      - user::rwx,group::r-x,other::rwx
      x-ms-client-request-id:
      - 23bffc52-ece5-11ea-86d8-001a7dda7113
      x-ms-date:
      - Wed, 02 Sep 2020 06:25:47 GMT
      x-ms-version:
      - '2020-02-10'
    method: PATCH
    uri: https://storagename.dfs.core.windows.net/filesysteme9ad1cb0/directorye9ad1cb0?continuation=VBb68fvbosvPx14YfRh4L2dlbjFnZW4yZG9tYWluMQEwMUQ2MTNDM0ZFNkNDQTg0L2ZpbGVzeXN0ZW1lOWFkMWNiMAEwMUQ2ODBGMUUxQkU5RjYyL2RpcmVjdG9yeWU5YWQxY2IwL3N1YmRpcjFlOWFkMWNiMC9zdWJmaWxlMmU5YWQxY2IwFgAAAA%3D%3D&mode=set&forceFlag=true&maxRecords=6&action=setAccessControlRecursive
  response:
    body:
      string: '{"directoriesSuccessful":1,"failedEntries":[],"failureCount":0,"filesSuccessful":5}

        '
    headers:
      Date:
      - Wed, 02 Sep 2020 06:25:47 GMT
      Server:
      - Windows-Azure-HDFS/1.0 Microsoft-HTTPAPI/2.0
      Transfer-Encoding:
      - chunked
      x-ms-continuation:
      - VBbIr+OpzbrSrdkBGH0YeC9nZW4xZ2VuMmRvbWFpbjEBMDFENjEzQzNGRTZDQ0E4NC9maWxlc3lzdGVtZTlhZDFjYjABMDFENjgwRjFFMUJFOUY2Mi9kaXJlY3RvcnllOWFkMWNiMC9zdWJkaXIyZTlhZDFjYjAvc3ViZmlsZTJlOWFkMWNiMBYAAAA=
      x-ms-namespace-enabled:
      - 'true'
      x-ms-request-id:
      - ad5eeaf2-901f-0076-0ef1-807c69000000
      x-ms-version:
      - '2020-02-10'
    status:
      code: 200
      message: OK
version: 1
