interactions:
- request:
    body: null
    headers:
      User-Agent:
      - azsdk-python-storage-dfs/12.0.1 Python/3.7.3 (Windows-10-10.0.18362-SP0)
      x-ms-client-request-id:
      - eb43fde8-7928-11ea-a5dd-001a7dda7113
      x-ms-date:
      - Tue, 07 Apr 2020 23:38:44 GMT
      x-ms-version:
      - '2019-07-07'
    method: PUT
    uri: https://storagename.blob.core.windows.net/oldfilesystemf8a62044?restype=container
  response:
    body:
      string: ''
    headers:
      ? !!python/object/new:multidict._multidict.istr
      - Content-Length
      : '0'
      ? !!python/object/new:multidict._multidict.istr
      - Date
      : Tue, 07 Apr 2020 23:38:43 GMT
      ? !!python/object/new:multidict._multidict.istr
      - Etag
      : '"0x8D7DB4CCF918C70"'
      ? !!python/object/new:multidict._multidict.istr
      - Last-Modified
      : Tue, 07 Apr 2020 23:38:44 GMT
      ? !!python/object/new:multidict._multidict.istr
      - Server
      : Windows-Azure-Blob/1.0 Microsoft-HTTPAPI/2.0
      x-ms-request-id: 6410a0e5-a01e-0006-7a35-0d7e2b000000
      x-ms-version: '2019-07-07'
    status:
      code: 201
      message: Created
    url: !!python/object/new:yarl.URL
      state: !!python/tuple
      - !!python/object/new:urllib.parse.SplitResult
        - https
        - xiafuhns.blob.core.windows.net
        - /oldfilesystemf8a62044
        - restype=container
        - ''
- request:
    body: null
    headers:
      User-Agent:
      - azsdk-python-storage-dfs/12.0.1 Python/3.7.3 (Windows-10-10.0.18362-SP0)
      x-ms-client-request-id:
      - eb6abc06-7928-11ea-bf50-001a7dda7113
      x-ms-date:
      - Tue, 07 Apr 2020 23:38:44 GMT
      x-ms-properties:
      - ''
      x-ms-version:
      - '2019-02-02'
    method: PUT
    uri: https://storagename.dfs.core.windows.net/oldfilesystemf8a62044/olddir?resource=directory
  response:
    body:
      string: ''
    headers:
      ? !!python/object/new:multidict._multidict.istr
      - Content-Length
      : '0'
      ? !!python/object/new:multidict._multidict.istr
      - Date
      : Tue, 07 Apr 2020 23:38:43 GMT
      ? !!python/object/new:multidict._multidict.istr
      - Etag
      : '"0x8D7DB4CCFC301D5"'
      ? !!python/object/new:multidict._multidict.istr
      - Last-Modified
      : Tue, 07 Apr 2020 23:38:44 GMT
      ? !!python/object/new:multidict._multidict.istr
      - Server
      : Windows-Azure-HDFS/1.0 Microsoft-HTTPAPI/2.0
      x-ms-request-id: df7ca3d0-001f-001f-7635-0dfe90000000
      x-ms-version: '2019-02-02'
    status:
      code: 201
      message: Created
    url: !!python/object/new:yarl.URL
      state: !!python/tuple
      - !!python/object/new:urllib.parse.SplitResult
        - https
        - xiafuhns.dfs.core.windows.net
        - /oldfilesystemf8a62044/olddir
        - resource=directory
        - ''
- request:
    body: null
    headers:
      User-Agent:
      - azsdk-python-storage-dfs/12.0.1 Python/3.7.3 (Windows-10-10.0.18362-SP0)
      x-ms-client-request-id:
      - ee95dbe4-7928-11ea-befc-001a7dda7113
      x-ms-date:
      - Tue, 07 Apr 2020 23:38:49 GMT
      x-ms-properties:
      - ''
      x-ms-version:
      - '2019-02-02'
    method: PUT
    uri: https://storagename.dfs.core.windows.net/filesystemf8a62044/newname?resource=directory
  response:
    body:
      string: ''
    headers:
      ? !!python/object/new:multidict._multidict.istr
      - Content-Length
      : '0'
      ? !!python/object/new:multidict._multidict.istr
      - Date
      : Tue, 07 Apr 2020 23:38:48 GMT
      ? !!python/object/new:multidict._multidict.istr
      - Etag
      : '"0x8D7DB4CD2C6CA6B"'
      ? !!python/object/new:multidict._multidict.istr
      - Last-Modified
      : Tue, 07 Apr 2020 23:38:49 GMT
      ? !!python/object/new:multidict._multidict.istr
      - Server
      : Windows-Azure-HDFS/1.0 Microsoft-HTTPAPI/2.0
      x-ms-request-id: df7ca3d3-001f-001f-7935-0dfe90000000
      x-ms-version: '2019-02-02'
    status:
      code: 201
      message: Created
    url: !!python/object/new:yarl.URL
      state: !!python/tuple
      - !!python/object/new:urllib.parse.SplitResult
        - https
        - xiafuhns.dfs.core.windows.net
        - /filesystemf8a62044/newname
        - resource=directory
        - ''
- request:
    body: null
    headers:
      User-Agent:
      - azsdk-python-storage-dfs/12.0.1 Python/3.7.3 (Windows-10-10.0.18362-SP0)
      x-ms-client-request-id:
      - eea125b4-7928-11ea-88a4-001a7dda7113
      x-ms-date:
      - Tue, 07 Apr 2020 23:38:49 GMT
      x-ms-properties:
      - ''
      x-ms-version:
      - '2019-02-02'
    method: PUT
    uri: https://storagename.dfs.core.windows.net/filesystemf8a62044/newname%2Fnewsub?resource=directory
  response:
    body:
      string: ''
    headers:
      ? !!python/object/new:multidict._multidict.istr
      - Content-Length
      : '0'
      ? !!python/object/new:multidict._multidict.istr
      - Date
      : Tue, 07 Apr 2020 23:38:48 GMT
      ? !!python/object/new:multidict._multidict.istr
      - Etag
      : '"0x8D7DB4CD2D1EC76"'
      ? !!python/object/new:multidict._multidict.istr
      - Last-Modified
      : Tue, 07 Apr 2020 23:38:49 GMT
      ? !!python/object/new:multidict._multidict.istr
      - Server
      : Windows-Azure-HDFS/1.0 Microsoft-HTTPAPI/2.0
      x-ms-request-id: df7ca3d4-001f-001f-7a35-0dfe90000000
      x-ms-version: '2019-02-02'
    status:
      code: 201
      message: Created
    url: !!python/object/new:yarl.URL
      state: !!python/tuple
      - !!python/object/new:urllib.parse.SplitResult
        - https
        - xiafuhns.dfs.core.windows.net
        - /filesystemf8a62044/newname%2Fnewsub
        - resource=directory
        - ''
- request:
    body: null
    headers:
      User-Agent:
      - azsdk-python-storage-dfs/12.0.1 Python/3.7.3 (Windows-10-10.0.18362-SP0)
      x-ms-client-request-id:
      - eea94bd8-7928-11ea-9b20-001a7dda7113
      x-ms-date:
      - Tue, 07 Apr 2020 23:38:49 GMT
      x-ms-properties:
      - ''
      x-ms-rename-source:
      - /oldfilesystemf8a62044/olddir
      x-ms-source-lease-id:
      - ''
      x-ms-version:
      - '2019-02-02'
    method: PUT
    uri: https://storagename.dfs.core.windows.net/filesystemf8a62044/newname%2Fnewsub?mode=legacy
  response:
    body:
      string: ''
    headers:
      ? !!python/object/new:multidict._multidict.istr
      - Content-Length
      : '0'
      ? !!python/object/new:multidict._multidict.istr
      - Date
      : Tue, 07 Apr 2020 23:38:49 GMT
      ? !!python/object/new:multidict._multidict.istr
      - Server
      : Windows-Azure-HDFS/1.0 Microsoft-HTTPAPI/2.0
      x-ms-request-id: df7ca3d5-001f-001f-7b35-0dfe90000000
      x-ms-version: '2019-02-02'
    status:
      code: 201
      message: Created
    url: !!python/object/new:yarl.URL
      state: !!python/tuple
      - !!python/object/new:urllib.parse.SplitResult
        - https
        - xiafuhns.dfs.core.windows.net
        - /filesystemf8a62044/newname%2Fnewsub
        - mode=legacy
        - ''
- request:
    body: null
    headers:
      User-Agent:
      - azsdk-python-storage-dfs/12.0.1 Python/3.7.3 (Windows-10-10.0.18362-SP0)
      x-ms-client-request-id:
      - eebab298-7928-11ea-a5f7-001a7dda7113
      x-ms-date:
      - Tue, 07 Apr 2020 23:38:49 GMT
      x-ms-version:
      - '2019-07-07'
    method: HEAD
    uri: https://storagename.blob.core.windows.net/filesystemf8a62044/newname/newsub
  response:
    body:
      string: ''
    headers:
      ? !!python/object/new:multidict._multidict.istr
      - Accept-Ranges
      : bytes
      ? !!python/object/new:multidict._multidict.istr
      - Content-Length
      : '0'
      ? !!python/object/new:multidict._multidict.istr
      - Content-Type
      : application/octet-stream
      ? !!python/object/new:multidict._multidict.istr
      - Date
      : Tue, 07 Apr 2020 23:38:49 GMT
      ? !!python/object/new:multidict._multidict.istr
      - Etag
      : '"0x8D7DB4CCFC301D5"'
      ? !!python/object/new:multidict._multidict.istr
      - Last-Modified
      : Tue, 07 Apr 2020 23:38:44 GMT
      ? !!python/object/new:multidict._multidict.istr
      - Server
      : Windows-Azure-Blob/1.0 Microsoft-HTTPAPI/2.0
      x-ms-access-tier: Hot
      x-ms-access-tier-inferred: 'true'
      x-ms-blob-type: BlockBlob
      x-ms-creation-time: Tue, 07 Apr 2020 23:38:44 GMT
      x-ms-lease-state: available
      x-ms-lease-status: unlocked
      x-ms-meta-hdi_isfolder: 'true'
      x-ms-request-id: 6410b21a-a01e-0006-3835-0d7e2b000000
      x-ms-server-encrypted: 'true'
      x-ms-version: '2019-07-07'
    status:
      code: 200
      message: OK
    url: !!python/object/new:yarl.URL
      state: !!python/tuple
      - !!python/object/new:urllib.parse.SplitResult
        - https
        - xiafuhns.blob.core.windows.net
        - /filesystemf8a62044/newname/newsub
        - ''
        - ''
version: 1
