interactions:
- request:
    body: null
    headers:
      Accept:
      - application/xml
      Accept-Encoding:
      - gzip, deflate
      Connection:
      - keep-alive
      Content-Length:
      - '0'
      User-Agent:
      - azsdk-python-storage-dfs/12.9.0b1 Python/3.10.2 (Windows-10-10.0.19044-SP0)
      x-ms-date:
      - Tue, 19 Jul 2022 19:10:23 GMT
      x-ms-default-encryption-scope:
      - hnstestscope1
      x-ms-deny-encryption-scope-override:
      - 'false'
      x-ms-version:
      - '2021-08-06'
    method: PUT
    uri: https://storagename.blob.core.windows.net/testfs?restype=container
  response:
    body:
      string: ''
    headers:
      content-length:
      - '0'
      date:
      - Tue, 19 Jul 2022 19:10:23 GMT
      etag:
      - '"0x8DA69BA54D0ED90"'
      last-modified:
      - Tue, 19 Jul 2022 19:10:23 GMT
      server:
      - Windows-Azure-Blob/1.0 Microsoft-HTTPAPI/2.0
      x-ms-version:
      - '2021-08-06'
    status:
      code: 201
      message: Created
- request:
    body: null
    headers:
      Accept:
      - application/json
      Accept-Encoding:
      - gzip, deflate
      Connection:
      - keep-alive
      Content-Length:
      - '0'
      User-Agent:
      - azsdk-python-storage-dfs/12.9.0b1 Python/3.10.2 (Windows-10-10.0.19044-SP0)
      x-ms-date:
      - Tue, 19 Jul 2022 19:10:23 GMT
      x-ms-version:
      - '2021-08-06'
    method: PUT
    uri: https://storagename.dfs.core.windows.net/testfs/file1?resource=file&se=2022-07-20T00%3A10%3A23Z&sp=rwdc&sv=2021-08-06&ss=b&srt=sco&ses=hnstestscope1&sig=%2Fz8dTd0p0T%2FU5BRw8qw0qavriicmpfIU4ld9onZ9cuo%3D
  response:
    body:
      string: ''
    headers:
      content-length:
      - '0'
      date:
      - Tue, 19 Jul 2022 19:10:25 GMT
      etag:
      - '"0x8DA69BA56951789"'
      last-modified:
      - Tue, 19 Jul 2022 19:10:26 GMT
      server:
      - Windows-Azure-HDFS/1.0 Microsoft-HTTPAPI/2.0
      x-ms-encryption-scope:
      - hnstestscope1
      x-ms-request-server-encrypted:
      - 'true'
      x-ms-version:
      - '2021-08-06'
    status:
      code: 201
      message: Created
- request:
    body: null
    headers:
      Accept:
      - application/json
      Accept-Encoding:
      - gzip, deflate
      Connection:
      - keep-alive
      Content-Length:
      - '0'
      User-Agent:
      - azsdk-python-storage-dfs/12.9.0b1 Python/3.10.2 (Windows-10-10.0.19044-SP0)
      x-ms-date:
      - Tue, 19 Jul 2022 19:10:26 GMT
      x-ms-version:
      - '2021-08-06'
    method: PUT
    uri: https://storagename.dfs.core.windows.net/testfs/dir1?resource=directory&se=2022-07-20T00%3A10%3A23Z&sp=rwdc&sv=2021-08-06&ss=b&srt=sco&ses=hnstestscope1&sig=%2Fz8dTd0p0T%2FU5BRw8qw0qavriicmpfIU4ld9onZ9cuo%3D
  response:
    body:
      string: ''
    headers:
      content-length:
      - '0'
      date:
      - Tue, 19 Jul 2022 19:10:25 GMT
      etag:
      - '"0x8DA69BA56A4591D"'
      last-modified:
      - Tue, 19 Jul 2022 19:10:26 GMT
      server:
      - Windows-Azure-HDFS/1.0 Microsoft-HTTPAPI/2.0
      x-ms-encryption-scope:
      - hnstestscope1
      x-ms-request-server-encrypted:
      - 'true'
      x-ms-version:
      - '2021-08-06'
    status:
      code: 201
      message: Created
- request:
    body: null
    headers:
      Accept:
      - application/xml
      Accept-Encoding:
      - gzip, deflate
      Connection:
      - keep-alive
      User-Agent:
      - azsdk-python-storage-dfs/12.9.0b1 Python/3.10.2 (Windows-10-10.0.19044-SP0)
      x-ms-date:
      - Tue, 19 Jul 2022 19:10:26 GMT
      x-ms-version:
      - '2021-08-06'
    method: HEAD
    uri: https://storagename.blob.core.windows.net/testfs/dir1?se=2022-07-20T00%3A10%3A23Z&sp=rwdc&sv=2021-08-06&ss=b&srt=sco&ses=hnstestscope1&sig=%2Fz8dTd0p0T%2FU5BRw8qw0qavriicmpfIU4ld9onZ9cuo%3D
  response:
    body:
      string: ''
    headers:
      accept-ranges:
      - bytes
      content-length:
      - '0'
      content-type:
      - application/octet-stream
      date:
      - Tue, 19 Jul 2022 19:10:26 GMT
      etag:
      - '"0x8DA69BA56A4591D"'
      last-modified:
      - Tue, 19 Jul 2022 19:10:26 GMT
      server:
      - Windows-Azure-Blob/1.0 Microsoft-HTTPAPI/2.0
      x-ms-access-tier:
      - Hot
      x-ms-access-tier-inferred:
      - 'true'
      x-ms-blob-type:
      - BlockBlob
      x-ms-creation-time:
      - Tue, 19 Jul 2022 19:10:26 GMT
      x-ms-encryption-scope:
      - hnstestscope1
      x-ms-group:
      - $superuser
      x-ms-lease-state:
      - available
      x-ms-lease-status:
      - unlocked
      x-ms-meta-hdi_isfolder:
      - 'true'
      x-ms-owner:
      - $superuser
      x-ms-permissions:
      - rwxr-x---
      x-ms-resource-type:
      - directory
      x-ms-server-encrypted:
      - 'true'
      x-ms-version:
      - '2021-08-06'
    status:
      code: 200
      message: OK
- request:
    body: null
    headers:
      Accept:
      - application/xml
      Accept-Encoding:
      - gzip, deflate
      Connection:
      - keep-alive
      User-Agent:
      - azsdk-python-storage-dfs/12.9.0b1 Python/3.10.2 (Windows-10-10.0.19044-SP0)
      x-ms-date:
      - Tue, 19 Jul 2022 19:10:27 GMT
      x-ms-version:
      - '2021-08-06'
    method: HEAD
    uri: https://storagename.blob.core.windows.net/testfs/file1?se=2022-07-20T00%3A10%3A23Z&sp=rwdc&sv=2021-08-06&ss=b&srt=sco&ses=hnstestscope1&sig=%2Fz8dTd0p0T%2FU5BRw8qw0qavriicmpfIU4ld9onZ9cuo%3D
  response:
    body:
      string: ''
    headers:
      accept-ranges:
      - bytes
      content-length:
      - '0'
      content-type:
      - application/octet-stream
      date:
      - Tue, 19 Jul 2022 19:10:26 GMT
      etag:
      - '"0x8DA69BA56951789"'
      last-modified:
      - Tue, 19 Jul 2022 19:10:26 GMT
      server:
      - Windows-Azure-Blob/1.0 Microsoft-HTTPAPI/2.0
      x-ms-access-tier:
      - Hot
      x-ms-access-tier-inferred:
      - 'true'
      x-ms-blob-type:
      - BlockBlob
      x-ms-creation-time:
      - Tue, 19 Jul 2022 19:10:26 GMT
      x-ms-encryption-scope:
      - hnstestscope1
      x-ms-group:
      - $superuser
      x-ms-lease-state:
      - available
      x-ms-lease-status:
      - unlocked
      x-ms-owner:
      - $superuser
      x-ms-permissions:
      - rw-r-----
      x-ms-resource-type:
      - file
      x-ms-server-encrypted:
      - 'true'
      x-ms-version:
      - '2021-08-06'
    status:
      code: 200
      message: OK
version: 1
