{
  "Entries": [
    {
      "RequestUri": "https://storagename.blob.core.windows.net/filesystem75592599?restype=container\u0026timeout=5",
      "RequestMethod": "PUT",
      "RequestHeaders": {
        "Accept": "application/xml",
        "Accept-Encoding": "gzip, deflate",
        "Content-Length": "0",
        "User-Agent": "azsdk-python-storage-dfs/12.9.0b1 Python/3.10.2 (Windows-10-10.0.19044-SP0)",
        "x-ms-date": "Thu, 18 Aug 2022 22:54:15 GMT",
        "x-ms-version": "2021-08-06"
      },
      "RequestBody": null,
      "StatusCode": 201,
      "ResponseHeaders": {
        "Content-Length": "0",
        "Date": "Thu, 18 Aug 2022 22:54:16 GMT",
        "ETag": "\u00220x8DA816C9422F8CB\u0022",
        "Last-Modified": "Thu, 18 Aug 2022 22:54:16 GMT",
        "Server": [
          "Windows-Azure-Blob/1.0",
          "Microsoft-HTTPAPI/2.0"
        ],
        "x-ms-version": "2021-08-06"
      },
      "ResponseBody": null
    },
    {
      "RequestUri": "https://storagename.dfs.core.windows.net/filesystem75592599/directory75592599?resource=directory",
      "RequestMethod": "PUT",
      "RequestHeaders": {
        "Accept": "application/json",
        "Accept-Encoding": "gzip, deflate",
        "Content-Length": "0",
        "User-Agent": "azsdk-python-storage-dfs/12.9.0b1 Python/3.10.2 (Windows-10-10.0.19044-SP0)",
        "x-ms-date": "Thu, 18 Aug 2022 22:54:15 GMT",
        "x-ms-version": "2021-08-06"
      },
      "RequestBody": null,
      "StatusCode": 201,
      "ResponseHeaders": {
        "Content-Length": "0",
        "Date": "Thu, 18 Aug 2022 22:54:16 GMT",
        "ETag": "\u00220x8DA816C9433C201\u0022",
        "Last-Modified": "Thu, 18 Aug 2022 22:54:16 GMT",
        "Server": [
          "Windows-Azure-HDFS/1.0",
          "Microsoft-HTTPAPI/2.0"
        ],
        "x-ms-request-server-encrypted": "true",
        "x-ms-version": "2021-08-06"
      },
      "ResponseBody": null
    },
    {
      "RequestUri": "https://storagename.dfs.core.windows.net/filesystem75592599/directory75592599%2Ffilename?resource=file",
      "RequestMethod": "PUT",
      "RequestHeaders": {
        "Accept": "application/json",
        "Accept-Encoding": "gzip, deflate",
        "Content-Length": "0",
        "User-Agent": "azsdk-python-storage-dfs/12.9.0b1 Python/3.10.2 (Windows-10-10.0.19044-SP0)",
        "x-ms-date": "Thu, 18 Aug 2022 22:54:15 GMT",
        "x-ms-version": "2021-08-06"
      },
      "RequestBody": null,
      "StatusCode": 201,
      "ResponseHeaders": {
        "Content-Length": "0",
        "Date": "Thu, 18 Aug 2022 22:54:16 GMT",
        "ETag": "\u00220x8DA816C94422154\u0022",
        "Last-Modified": "Thu, 18 Aug 2022 22:54:17 GMT",
        "Server": [
          "Windows-Azure-HDFS/1.0",
          "Microsoft-HTTPAPI/2.0"
        ],
        "x-ms-request-server-encrypted": "true",
        "x-ms-version": "2021-08-06"
      },
      "ResponseBody": null
    },
    {
      "RequestUri": "https://storagename.dfs.core.windows.net/filesystem75592599/directory75592599%2Ffilename?action=append\u0026position=0",
      "RequestMethod": "PATCH",
      "RequestHeaders": {
        "Accept": "application/json",
        "Accept-Encoding": "gzip, deflate",
        "Content-Length": "3",
        "Content-Type": "application/json",
        "User-Agent": "azsdk-python-storage-dfs/12.9.0b1 Python/3.10.2 (Windows-10-10.0.19044-SP0)",
        "x-ms-date": "Thu, 18 Aug 2022 22:54:15 GMT",
        "x-ms-version": "2021-08-06"
      },
      "RequestBody": "abc",
      "StatusCode": 202,
      "ResponseHeaders": {
        "Content-Length": "0",
        "Date": "Thu, 18 Aug 2022 22:54:16 GMT",
        "Server": [
          "Windows-Azure-HDFS/1.0",
          "Microsoft-HTTPAPI/2.0"
        ],
        "x-ms-request-server-encrypted": "true",
        "x-ms-version": "2021-08-06"
      },
      "ResponseBody": null
    }
  ],
  "Variables": {}
}
