interactions:
- request:
    body: null
    headers:
      Accept:
      - application/xml
      Accept-Encoding:
      - gzip, deflate
      Connection:
      - keep-alive
      Content-Length:
      - '0'
      User-Agent:
      - azsdk-python-storage-dfs/12.4.0b1 Python/3.8.5 (Windows-10-10.0.19041-SP0)
      x-ms-date:
      - Thu, 13 May 2021 02:18:01 GMT
      x-ms-version:
      - '2020-08-04'
    method: PUT
    uri: https://storagename.blob.core.windows.net/testfs75f5116a?restype=container
  response:
    body:
      string: ''
    headers:
      content-length:
      - '0'
      date:
      - Thu, 13 May 2021 02:18:00 GMT
      etag:
      - '"0x8D915B555007A06"'
      last-modified:
      - Thu, 13 May 2021 02:18:00 GMT
      server:
      - Windows-Azure-Blob/1.0 Microsoft-HTTPAPI/2.0
      x-ms-version:
      - '2020-08-04'
    status:
      code: 201
      message: Created
- request:
    body: null
    headers:
      Accept:
      - application/xml
      Accept-Encoding:
      - gzip, deflate
      Connection:
      - keep-alive
      Content-Length:
      - '0'
      User-Agent:
      - azsdk-python-storage-dfs/12.4.0b1 Python/3.8.5 (Windows-10-10.0.19041-SP0)
      x-ms-date:
      - Thu, 13 May 2021 02:18:01 GMT
      x-ms-version:
      - '2020-08-04'
    method: DELETE
    uri: https://storagename.blob.core.windows.net/testfs75f5116a?restype=container
  response:
    body:
      string: ''
    headers:
      content-length:
      - '0'
      date:
      - Thu, 13 May 2021 02:18:00 GMT
      server:
      - Windows-Azure-Blob/1.0 Microsoft-HTTPAPI/2.0
      x-ms-version:
      - '2020-08-04'
    status:
      code: 202
      message: Accepted
- request:
    body: null
    headers:
      Accept:
      - application/xml
      Accept-Encoding:
      - gzip, deflate
      Connection:
      - keep-alive
      User-Agent:
      - azsdk-python-storage-dfs/12.4.0b1 Python/3.8.5 (Windows-10-10.0.19041-SP0)
      x-ms-date:
      - Thu, 13 May 2021 02:18:41 GMT
      x-ms-version:
      - '2020-08-04'
    method: GET
    uri: https://storagename.blob.core.windows.net/testfs75f5116a?restype=container
  response:
    body:
      string: "\uFEFF<?xml version=\"1.0\" encoding=\"utf-8\"?><Error><Code>ContainerNotFound</Code><Message>The
        specified container does not exist.\nRequestId:c2e99ef2-b01e-000a-3d9e-473b5a000000\nTime:2021-05-13T02:18:41.1647521Z</Message></Error>"
    headers:
      content-length:
      - '225'
      content-type:
      - application/xml
      date:
      - Thu, 13 May 2021 02:18:40 GMT
      server:
      - Windows-Azure-Blob/1.0 Microsoft-HTTPAPI/2.0
      x-ms-error-code:
      - ContainerNotFound
      x-ms-version:
      - '2020-08-04'
    status:
      code: 404
      message: The specified container does not exist.
- request:
    body: null
    headers:
      Accept:
      - application/xml
      Accept-Encoding:
      - gzip, deflate
      Connection:
      - keep-alive
      User-Agent:
      - azsdk-python-storage-blob/12.9.0b1 Python/3.8.5 (Windows-10-10.0.19041-SP0)
      x-ms-date:
      - Thu, 13 May 2021 02:18:41 GMT
      x-ms-version:
      - '2020-08-04'
    method: GET
    uri: https://storagename.blob.core.windows.net/?comp=list&include=deleted
  response:
    body:
      string: "\uFEFF<?xml version=\"1.0\" encoding=\"utf-8\"?><EnumerationResults
        ServiceEndpoint=\"https://storagename.blob.core.windows.net/\"><Containers><Container><Name>filesystem41b81006</Name><Deleted>true</Deleted><Version>01D7454F48DD4DD9</Version><Properties><Last-Modified>Mon,
        10 May 2021 03:48:05 GMT</Last-Modified><Etag>\"0x8D913666B540D09\"</Etag><LeaseStatus>unlocked</LeaseStatus><LeaseState>expired</LeaseState><DefaultEncryptionScope>$account-encryption-key</DefaultEncryptionScope><DenyEncryptionScopeOverride>false</DenyEncryptionScopeOverride><HasImmutabilityPolicy>false</HasImmutabilityPolicy><HasLegalHold>false</HasLegalHold><DeletedTime>Mon,
        10 May 2021 03:48:07 GMT</DeletedTime><RemainingRetentionDays>4</RemainingRetentionDays></Properties></Container><Container><Name>filesystem75f5116a</Name><Deleted>true</Deleted><Version>01D7478261A661F7</Version><Properties><Last-Modified>Wed,
        12 May 2021 22:58:54 GMT</Last-Modified><Etag>\"0x8D91599841CF2F3\"</Etag><LeaseStatus>unlocked</LeaseStatus><LeaseState>expired</LeaseState><DefaultEncryptionScope>$account-encryption-key</DefaultEncryptionScope><DenyEncryptionScopeOverride>false</DenyEncryptionScopeOverride><HasImmutabilityPolicy>false</HasImmutabilityPolicy><HasLegalHold>false</HasLegalHold><DeletedTime>Wed,
        12 May 2021 22:58:54 GMT</DeletedTime><RemainingRetentionDays>6</RemainingRetentionDays></Properties></Container><Container><Name>tbvestbfdv1rtu275f5116a</Name><Deleted>true</Deleted><Version>01D7479E2190A2D5</Version><Properties><Last-Modified>Thu,
        13 May 2021 02:17:32 GMT</Last-Modified><Etag>\"0x8D915B5440794C7\"</Etag><LeaseStatus>unlocked</LeaseStatus><LeaseState>expired</LeaseState><DefaultEncryptionScope>$account-encryption-key</DefaultEncryptionScope><DenyEncryptionScopeOverride>false</DenyEncryptionScopeOverride><HasImmutabilityPolicy>false</HasImmutabilityPolicy><HasLegalHold>false</HasLegalHold><DeletedTime>Thu,
        13 May 2021 02:17:32 GMT</DeletedTime><RemainingRetentionDays>7</RemainingRetentionDays></Properties></Container><Container><Name>tbvestbv1rtu275f5116a</Name><Deleted>true</Deleted><Version>01D7479D6034CCFF</Version><Properties><Last-Modified>Thu,
        13 May 2021 02:12:08 GMT</Last-Modified><Etag>\"0x8D915B482AB5A9C\"</Etag><LeaseStatus>unlocked</LeaseStatus><LeaseState>expired</LeaseState><DefaultEncryptionScope>$account-encryption-key</DefaultEncryptionScope><DenyEncryptionScopeOverride>false</DenyEncryptionScopeOverride><HasImmutabilityPolicy>false</HasImmutabilityPolicy><HasLegalHold>false</HasLegalHold><DeletedTime>Thu,
        13 May 2021 02:12:08 GMT</DeletedTime><RemainingRetentionDays>7</RemainingRetentionDays></Properties></Container><Container><Name>test12375f5116a</Name><Deleted>true</Deleted><Version>01D7479C575FDC16</Version><Properties><Last-Modified>Thu,
        13 May 2021 02:04:43 GMT</Last-Modified><Etag>\"0x8D915B379D6E378\"</Etag><LeaseStatus>unlocked</LeaseStatus><LeaseState>expired</LeaseState><DefaultEncryptionScope>$account-encryption-key</DefaultEncryptionScope><DenyEncryptionScopeOverride>false</DenyEncryptionScopeOverride><HasImmutabilityPolicy>false</HasImmutabilityPolicy><HasLegalHold>false</HasLegalHold><DeletedTime>Thu,
        13 May 2021 02:05:29 GMT</DeletedTime><RemainingRetentionDays>7</RemainingRetentionDays></Properties></Container><Container><Name>test1275f5116a</Name><Deleted>true</Deleted><Version>01D7479CB60E4A94</Version><Properties><Last-Modified>Thu,
        13 May 2021 02:07:22 GMT</Last-Modified><Etag>\"0x8D915B3D884DCF7\"</Etag><LeaseStatus>unlocked</LeaseStatus><LeaseState>expired</LeaseState><DefaultEncryptionScope>$account-encryption-key</DefaultEncryptionScope><DenyEncryptionScopeOverride>false</DenyEncryptionScopeOverride><HasImmutabilityPolicy>false</HasImmutabilityPolicy><HasLegalHold>false</HasLegalHold><DeletedTime>Thu,
        13 May 2021 02:07:22 GMT</DeletedTime><RemainingRetentionDays>7</RemainingRetentionDays></Properties></Container><Container><Name>test175f5116a</Name><Deleted>true</Deleted><Version>01D7479CA1A9993E</Version><Properties><Last-Modified>Thu,
        13 May 2021 02:06:48 GMT</Last-Modified><Etag>\"0x8D915B3C4201FD3\"</Etag><LeaseStatus>unlocked</LeaseStatus><LeaseState>expired</LeaseState><DefaultEncryptionScope>$account-encryption-key</DefaultEncryptionScope><DenyEncryptionScopeOverride>false</DenyEncryptionScopeOverride><HasImmutabilityPolicy>false</HasImmutabilityPolicy><HasLegalHold>false</HasLegalHold><DeletedTime>Thu,
        13 May 2021 02:06:48 GMT</DeletedTime><RemainingRetentionDays>7</RemainingRetentionDays></Properties></Container><Container><Name>test1rtu275f5116a</Name><Deleted>true</Deleted><Version>01D7479CF6C16F08</Version><Properties><Last-Modified>Thu,
        13 May 2021 02:09:11 GMT</Last-Modified><Etag>\"0x8D915B41937C25A\"</Etag><LeaseStatus>unlocked</LeaseStatus><LeaseState>expired</LeaseState><DefaultEncryptionScope>$account-encryption-key</DefaultEncryptionScope><DenyEncryptionScopeOverride>false</DenyEncryptionScopeOverride><HasImmutabilityPolicy>false</HasImmutabilityPolicy><HasLegalHold>false</HasLegalHold><DeletedTime>Thu,
        13 May 2021 02:09:11 GMT</DeletedTime><RemainingRetentionDays>7</RemainingRetentionDays></Properties></Container><Container><Name>test75f5116a</Name><Deleted>true</Deleted><Version>01D747842A8A6A45</Version><Properties><Last-Modified>Wed,
        12 May 2021 23:11:40 GMT</Last-Modified><Etag>\"0x8D9159B4D00ECBC\"</Etag><LeaseStatus>unlocked</LeaseStatus><LeaseState>expired</LeaseState><DefaultEncryptionScope>$account-encryption-key</DefaultEncryptionScope><DenyEncryptionScopeOverride>false</DenyEncryptionScopeOverride><HasImmutabilityPolicy>false</HasImmutabilityPolicy><HasLegalHold>false</HasLegalHold><DeletedTime>Wed,
        12 May 2021 23:11:41 GMT</DeletedTime><RemainingRetentionDays>6</RemainingRetentionDays></Properties></Container><Container><Name>test75f5116a</Name><Deleted>true</Deleted><Version>01D747847186849F</Version><Properties><Last-Modified>Wed,
        12 May 2021 23:13:39 GMT</Last-Modified><Etag>\"0x8D9159B93FD51C8\"</Etag><LeaseStatus>unlocked</LeaseStatus><LeaseState>expired</LeaseState><DefaultEncryptionScope>$account-encryption-key</DefaultEncryptionScope><DenyEncryptionScopeOverride>false</DenyEncryptionScopeOverride><HasImmutabilityPolicy>false</HasImmutabilityPolicy><HasLegalHold>false</HasLegalHold><DeletedTime>Wed,
        12 May 2021 23:13:46 GMT</DeletedTime><RemainingRetentionDays>6</RemainingRetentionDays></Properties></Container><Container><Name>testbv1rtu275f5116a</Name><Deleted>true</Deleted><Version>01D7479D39E9AF65</Version><Properties><Last-Modified>Thu,
        13 May 2021 02:11:03 GMT</Last-Modified><Etag>\"0x8D915B45C605132\"</Etag><LeaseStatus>unlocked</LeaseStatus><LeaseState>expired</LeaseState><DefaultEncryptionScope>$account-encryption-key</DefaultEncryptionScope><DenyEncryptionScopeOverride>false</DenyEncryptionScopeOverride><HasImmutabilityPolicy>false</HasImmutabilityPolicy><HasLegalHold>false</HasLegalHold><DeletedTime>Thu,
        13 May 2021 02:11:03 GMT</DeletedTime><RemainingRetentionDays>7</RemainingRetentionDays></Properties></Container><Container><Name>testfs75f5116a</Name><Deleted>true</Deleted><Version>01D7479E3289C488</Version><Properties><Last-Modified>Thu,
        13 May 2021 02:18:00 GMT</Last-Modified><Etag>\"0x8D915B555007A06\"</Etag><LeaseStatus>unlocked</LeaseStatus><LeaseState>expired</LeaseState><DefaultEncryptionScope>$account-encryption-key</DefaultEncryptionScope><DenyEncryptionScopeOverride>false</DenyEncryptionScopeOverride><HasImmutabilityPolicy>false</HasImmutabilityPolicy><HasLegalHold>false</HasLegalHold><DeletedTime>Thu,
        13 May 2021 02:18:01 GMT</DeletedTime><RemainingRetentionDays>7</RemainingRetentionDays></Properties></Container></Containers><NextMarker
        /></EnumerationResults>"
    headers:
      content-type:
      - application/xml
      date:
      - Thu, 13 May 2021 02:18:41 GMT
      server:
      - Windows-Azure-Blob/1.0 Microsoft-HTTPAPI/2.0
      transfer-encoding:
      - chunked
      x-ms-version:
      - '2020-08-04'
    status:
      code: 200
      message: OK
- request:
    body: null
    headers:
      Accept:
      - application/xml
      Accept-Encoding:
      - gzip, deflate
      Connection:
      - keep-alive
      Content-Length:
      - '0'
      User-Agent:
      - azsdk-python-storage-blob/12.9.0b1 Python/3.8.5 (Windows-10-10.0.19041-SP0)
      x-ms-date:
      - Thu, 13 May 2021 02:18:42 GMT
      x-ms-deleted-container-name:
      - testfs75f5116a
      x-ms-deleted-container-version:
      - 01D7479E3289C488
      x-ms-version:
      - '2020-08-04'
    method: PUT
    uri: https://storagename.blob.core.windows.net/testfs75f5116a?restype=container&comp=undelete
  response:
    body:
      string: ''
    headers:
      content-length:
      - '0'
      date:
      - Thu, 13 May 2021 02:18:41 GMT
      server:
      - Windows-Azure-Blob/1.0 Microsoft-HTTPAPI/2.0
      x-ms-version:
      - '2020-08-04'
    status:
      code: 201
      message: Created
- request:
    body: null
    headers:
      Accept:
      - application/xml
      Accept-Encoding:
      - gzip, deflate
      Connection:
      - keep-alive
      User-Agent:
      - azsdk-python-storage-dfs/12.4.0b1 Python/3.8.5 (Windows-10-10.0.19041-SP0)
      x-ms-date:
      - Thu, 13 May 2021 02:18:42 GMT
      x-ms-version:
      - '2020-08-04'
    method: GET
    uri: https://storagename.blob.core.windows.net/testfs75f5116a?restype=container
  response:
    body:
      string: ''
    headers:
      content-length:
      - '0'
      date:
      - Thu, 13 May 2021 02:18:41 GMT
      etag:
      - '"0x8D915B56D3A090E"'
      last-modified:
      - Thu, 13 May 2021 02:18:41 GMT
      server:
      - Windows-Azure-Blob/1.0 Microsoft-HTTPAPI/2.0
      x-ms-default-encryption-scope:
      - $account-encryption-key
      x-ms-deny-encryption-scope-override:
      - 'false'
      x-ms-has-immutability-policy:
      - 'false'
      x-ms-has-legal-hold:
      - 'false'
      x-ms-lease-state:
      - available
      x-ms-lease-status:
      - unlocked
      x-ms-version:
      - '2020-08-04'
    status:
      code: 200
      message: OK
- request:
    body: null
    headers:
      Accept:
      - application/xml
      Accept-Encoding:
      - gzip, deflate
      Connection:
      - keep-alive
      Content-Length:
      - '0'
      User-Agent:
      - azsdk-python-storage-dfs/12.4.0b1 Python/3.8.5 (Windows-10-10.0.19041-SP0)
      x-ms-date:
      - Thu, 13 May 2021 02:18:42 GMT
      x-ms-version:
      - '2020-08-04'
    method: DELETE
    uri: https://storagename.blob.core.windows.net/testfs75f5116a?restype=container
  response:
    body:
      string: ''
    headers:
      content-length:
      - '0'
      date:
      - Thu, 13 May 2021 02:18:41 GMT
      server:
      - Windows-Azure-Blob/1.0 Microsoft-HTTPAPI/2.0
      x-ms-version:
      - '2020-08-04'
    status:
      code: 202
      message: Accepted
version: 1
