interactions:
- request:
    body: null
    headers:
      Accept:
      - '*/*'
      Accept-Encoding:
      - gzip, deflate
      Connection:
      - keep-alive
      Content-Length:
      - '0'
      User-Agent:
      - azsdk-python-storage-dfs/12.0.0b5 Python/3.7.3 (Windows-10-10.0.18362-SP0)
      x-ms-client-request-id:
      - bb18c0e6-16b1-11ea-a17b-001a7dda7113
      x-ms-date:
      - Wed, 04 Dec 2019 16:18:39 GMT
      x-ms-properties:
      - hello=d29ybGQ=,number=NDI=
      x-ms-version:
      - '2019-02-02'
    method: PUT
    uri: https://storagename.dfs.core.windows.net/filesystemd2d31369/directoryd2d31369?resource=directory
  response:
    body:
      string: ''
    headers:
      Content-Length:
      - '0'
      Date:
      - Wed, 04 Dec 2019 16:18:38 GMT
      ETag:
      - '"0x8D778D59F6E5E2E"'
      Last-Modified:
      - Wed, 04 Dec 2019 16:18:39 GMT
      Server:
      - Windows-Azure-HDFS/1.0 Microsoft-HTTPAPI/2.0
      x-ms-request-id:
      - a0b9b7ab-901f-0032-45be-aa4de3000000
      x-ms-version:
      - '2019-02-02'
    status:
      code: 201
      message: Created
- request:
    body: null
    headers:
      Accept:
      - '*/*'
      Accept-Encoding:
      - gzip, deflate
      Connection:
      - keep-alive
      Content-Length:
      - '0'
      User-Agent:
      - azsdk-python-storage-dfs/12.0.0b5 Python/3.7.3 (Windows-10-10.0.18362-SP0)
      x-ms-acl:
      - user::rwx,group::r-x,other::rwx
      x-ms-client-request-id:
      - bb4d385e-16b1-11ea-96f1-001a7dda7113
      x-ms-date:
      - Wed, 04 Dec 2019 16:18:39 GMT
      x-ms-version:
      - '2019-02-02'
    method: PATCH
    uri: https://storagename.dfs.core.windows.net/filesystemd2d31369/directoryd2d31369?action=setAccessControl
  response:
    body:
      string: ''
    headers:
      Content-Length:
      - '0'
      Date:
      - Wed, 04 Dec 2019 16:18:38 GMT
      ETag:
      - '"0x8D778D59F6E5E2E"'
      Last-Modified:
      - Wed, 04 Dec 2019 16:18:39 GMT
      Server:
      - Windows-Azure-HDFS/1.0 Microsoft-HTTPAPI/2.0
      x-ms-namespace-enabled:
      - 'true'
      x-ms-request-id:
      - a0b9b7ac-901f-0032-46be-aa4de3000000
      x-ms-version:
      - '2019-02-02'
    status:
      code: 200
      message: OK
- request:
    body: null
    headers:
      Accept:
      - '*/*'
      Accept-Encoding:
      - gzip, deflate
      Connection:
      - keep-alive
      User-Agent:
      - azsdk-python-storage-dfs/12.0.0b5 Python/3.7.3 (Windows-10-10.0.18362-SP0)
      x-ms-client-request-id:
      - bb5ed19c-16b1-11ea-969c-001a7dda7113
      x-ms-date:
      - Wed, 04 Dec 2019 16:18:39 GMT
      x-ms-version:
      - '2019-02-02'
    method: HEAD
    uri: https://storagename.dfs.core.windows.net/filesystemd2d31369/directoryd2d31369?action=getAccessControl&upn=false
  response:
    body:
      string: ''
    headers:
      Date:
      - Wed, 04 Dec 2019 16:18:38 GMT
      ETag:
      - '"0x8D778D59F6E5E2E"'
      Last-Modified:
      - Wed, 04 Dec 2019 16:18:39 GMT
      Server:
      - Windows-Azure-HDFS/1.0 Microsoft-HTTPAPI/2.0
      x-ms-acl:
      - user::rwx,group::r-x,other::rwx
      x-ms-group:
      - $superuser
      x-ms-owner:
      - $superuser
      x-ms-permissions:
      - rwxr-xrwx
      x-ms-request-id:
      - a0b9b7ad-901f-0032-47be-aa4de3000000
      x-ms-version:
      - '2019-02-02'
    status:
      code: 200
      message: OK
version: 1
