interactions:
- request:
    body: null
    headers:
      Accept:
      - application/xml
      Accept-Encoding:
      - gzip, deflate
      Connection:
      - keep-alive
      Content-Length:
      - '0'
      User-Agent:
      - azsdk-python-storage-dfs/12.7.0b1 Python/3.10.1 (Windows-10-10.0.17763-SP0)
      x-ms-date:
      - Tue, 22 Mar 2022 00:01:17 GMT
      x-ms-version:
      - '2021-06-08'
    method: PUT
    uri: https://storagename.blob.core.windows.net/utfilesystembdbf0c34?restype=container&timeout=5
  response:
    body:
      string: ''
    headers:
      content-length:
      - '0'
      date:
      - Tue, 22 Mar 2022 00:01:17 GMT
      etag:
      - '"0x8DA0B97170477A7"'
      last-modified:
      - Tue, 22 Mar 2022 00:01:18 GMT
      server:
      - Windows-Azure-Blob/1.0 Microsoft-HTTPAPI/2.0
      x-ms-version:
      - '2021-06-08'
    status:
      code: 201
      message: Created
- request:
    body: null
    headers:
      Accept:
      - application/json
      Accept-Encoding:
      - gzip, deflate
      Connection:
      - keep-alive
      Content-Length:
      - '0'
      User-Agent:
      - azsdk-python-storage-dfs/12.7.0b1 Python/3.10.1 (Windows-10-10.0.17763-SP0)
      x-ms-date:
      - Tue, 22 Mar 2022 00:01:18 GMT
      x-ms-encryption-algorithm:
      - AES256
      x-ms-encryption-key:
      - MDEyMzQ1NjcwMTIzNDU2NzAxMjM0NTY3MDEyMzQ1Njc=
      x-ms-encryption-key-sha256:
      - 3QFFFpRA5+XANHqwwbT4yXDmrT/2JaLt/FKHjzhOdoE=
      x-ms-properties:
      - ''
      x-ms-version:
      - '2021-06-08'
    method: PUT
    uri: https://storagename.dfs.core.windows.net/utfilesystembdbf0c34/directorybdbf0c34?resource=directory
  response:
    body:
      string: ''
    headers:
      content-length:
      - '0'
      date:
      - Tue, 22 Mar 2022 00:01:18 GMT
      etag:
      - '"0x8DA0B97174E36BC"'
      last-modified:
      - Tue, 22 Mar 2022 00:01:18 GMT
      server:
      - Windows-Azure-HDFS/1.0 Microsoft-HTTPAPI/2.0
      x-ms-encryption-key-sha256:
      - 3QFFFpRA5+XANHqwwbT4yXDmrT/2JaLt/FKHjzhOdoE=
      x-ms-request-server-encrypted:
      - 'true'
      x-ms-version:
      - '2021-06-08'
    status:
      code: 201
      message: Created
- request:
    body: null
    headers:
      Accept:
      - application/json
      Accept-Encoding:
      - gzip, deflate
      Connection:
      - keep-alive
      Content-Length:
      - '0'
      User-Agent:
      - azsdk-python-storage-dfs/12.7.0b1 Python/3.10.1 (Windows-10-10.0.17763-SP0)
      x-ms-date:
      - Tue, 22 Mar 2022 00:01:18 GMT
      x-ms-encryption-algorithm:
      - AES256
      x-ms-encryption-key:
      - MDEyMzQ1NjcwMTIzNDU2NzAxMjM0NTY3MDEyMzQ1Njc=
      x-ms-encryption-key-sha256:
      - 3QFFFpRA5+XANHqwwbT4yXDmrT/2JaLt/FKHjzhOdoE=
      x-ms-properties:
      - ''
      x-ms-version:
      - '2021-06-08'
    method: PUT
    uri: https://storagename.dfs.core.windows.net/utfilesystembdbf0c34/directorybdbf0c34%2Ffilebdbf0c34?resource=file
  response:
    body:
      string: ''
    headers:
      content-length:
      - '0'
      date:
      - Tue, 22 Mar 2022 00:01:18 GMT
      etag:
      - '"0x8DA0B97175DD49F"'
      last-modified:
      - Tue, 22 Mar 2022 00:01:18 GMT
      server:
      - Windows-Azure-HDFS/1.0 Microsoft-HTTPAPI/2.0
      x-ms-encryption-key-sha256:
      - 3QFFFpRA5+XANHqwwbT4yXDmrT/2JaLt/FKHjzhOdoE=
      x-ms-request-server-encrypted:
      - 'true'
      x-ms-version:
      - '2021-06-08'
    status:
      code: 201
      message: Created
- request:
    body: null
    headers:
      Accept:
      - application/xml
      Accept-Encoding:
      - gzip, deflate
      Connection:
      - keep-alive
      Content-Length:
      - '0'
      User-Agent:
      - azsdk-python-storage-dfs/12.7.0b1 Python/3.10.1 (Windows-10-10.0.17763-SP0)
      x-ms-date:
      - Tue, 22 Mar 2022 00:01:18 GMT
      x-ms-encryption-algorithm:
      - AES256
      x-ms-encryption-key:
      - MDEyMzQ1NjcwMTIzNDU2NzAxMjM0NTY3MDEyMzQ1Njc=
      x-ms-encryption-key-sha256:
      - 3QFFFpRA5+XANHqwwbT4yXDmrT/2JaLt/FKHjzhOdoE=
      x-ms-meta-hello:
      - world
      x-ms-meta-number:
      - '42'
      x-ms-version:
      - '2021-06-08'
    method: PUT
    uri: https://storagename.blob.core.windows.net/utfilesystembdbf0c34/directorybdbf0c34/filebdbf0c34?comp=metadata
  response:
    body:
      string: ''
    headers:
      content-length:
      - '0'
      date:
      - Tue, 22 Mar 2022 00:01:18 GMT
      etag:
      - '"0x8DA0B97176C519E"'
      last-modified:
      - Tue, 22 Mar 2022 00:01:18 GMT
      server:
      - Windows-Azure-Blob/1.0 Microsoft-HTTPAPI/2.0
      x-ms-encryption-key-sha256:
      - 3QFFFpRA5+XANHqwwbT4yXDmrT/2JaLt/FKHjzhOdoE=
      x-ms-request-server-encrypted:
      - 'true'
      x-ms-version:
      - '2021-06-08'
    status:
      code: 200
      message: OK
- request:
    body: null
    headers:
      Accept:
      - application/xml
      Accept-Encoding:
      - gzip, deflate
      Connection:
      - keep-alive
      User-Agent:
      - azsdk-python-storage-dfs/12.7.0b1 Python/3.10.1 (Windows-10-10.0.17763-SP0)
      x-ms-date:
      - Tue, 22 Mar 2022 00:01:18 GMT
      x-ms-encryption-algorithm:
      - AES256
      x-ms-encryption-key:
      - MDEyMzQ1NjcwMTIzNDU2NzAxMjM0NTY3MDEyMzQ1Njc=
      x-ms-encryption-key-sha256:
      - 3QFFFpRA5+XANHqwwbT4yXDmrT/2JaLt/FKHjzhOdoE=
      x-ms-version:
      - '2021-06-08'
    method: HEAD
    uri: https://storagename.blob.core.windows.net/utfilesystembdbf0c34/directorybdbf0c34/filebdbf0c34
  response:
    body:
      string: ''
    headers:
      accept-ranges:
      - bytes
      content-length:
      - '0'
      content-type:
      - application/octet-stream
      date:
      - Tue, 22 Mar 2022 00:01:18 GMT
      etag:
      - '"0x8DA0B97176C519E"'
      last-modified:
      - Tue, 22 Mar 2022 00:01:18 GMT
      server:
      - Windows-Azure-Blob/1.0 Microsoft-HTTPAPI/2.0
      x-ms-access-tier:
      - Hot
      x-ms-access-tier-inferred:
      - 'true'
      x-ms-blob-type:
      - BlockBlob
      x-ms-creation-time:
      - Tue, 22 Mar 2022 00:01:18 GMT
      x-ms-encryption-key-sha256:
      - 3QFFFpRA5+XANHqwwbT4yXDmrT/2JaLt/FKHjzhOdoE=
      x-ms-group:
      - $superuser
      x-ms-lease-state:
      - available
      x-ms-lease-status:
      - unlocked
      x-ms-meta-hello:
      - world
      x-ms-meta-number:
      - '42'
      x-ms-owner:
      - $superuser
      x-ms-permissions:
      - rw-r-----
      x-ms-resource-type:
      - file
      x-ms-server-encrypted:
      - 'true'
      x-ms-version:
      - '2021-06-08'
    status:
      code: 200
      message: OK
version: 1
