interactions:
- request:
    body: null
    headers:
      Accept:
      - application/xml
      User-Agent:
      - azsdk-python-storage-dfs/12.7.0 Python/3.10.2 (Windows-10-10.0.19044-SP0)
      x-ms-date:
      - Thu, 05 May 2022 00:56:18 GMT
      x-ms-version:
      - '2021-06-08'
    method: PUT
    uri: https://storagename.blob.core.windows.net/filesystem5e44219a?restype=container&timeout=5
  response:
    body:
      string: ''
    headers:
      content-length: '0'
      date: Thu, 05 May 2022 00:56:18 GMT
      etag: '"0x8DA2E3210A7CAF0"'
      last-modified: Thu, 05 May 2022 00:56:18 GMT
      server: Windows-Azure-Blob/1.0 Microsoft-HTTPAPI/2.0
      x-ms-version: '2021-06-08'
    status:
      code: 201
      message: Created
    url: https://vincenttrancanary.blob.core.windows.net/filesystem5e44219a?restype=container&timeout=5
- request:
    body: null
    headers:
      Accept:
      - application/json
      User-Agent:
      - azsdk-python-storage-dfs/12.7.0 Python/3.10.2 (Windows-10-10.0.19044-SP0)
      x-ms-date:
      - Thu, 05 May 2022 00:56:18 GMT
      x-ms-version:
      - '2021-06-08'
    method: PUT
    uri: https://storagename.dfs.core.windows.net/filesystem5e44219a/directory5e44219a?resource=directory
  response:
    body:
      string: ''
    headers:
      content-length: '0'
      date: Thu, 05 May 2022 00:56:18 GMT
      etag: '"0x8DA2E321116BE90"'
      last-modified: Thu, 05 May 2022 00:56:19 GMT
      server: Windows-Azure-HDFS/1.0 Microsoft-HTTPAPI/2.0
      x-ms-request-server-encrypted: 'true'
      x-ms-version: '2021-06-08'
    status:
      code: 201
      message: Created
    url: https://vincenttrancanary.dfs.core.windows.net/filesystem5e44219a/directory5e44219a?resource=directory
- request:
    body: null
    headers:
      Accept:
      - application/json
      User-Agent:
      - azsdk-python-storage-dfs/12.7.0 Python/3.10.2 (Windows-10-10.0.19044-SP0)
      x-ms-date:
      - Thu, 05 May 2022 00:56:19 GMT
      x-ms-expiry-option:
      - Absolute
      x-ms-expiry-time:
      - Fri, 06 May 2022 00:56:18 GMT
      x-ms-version:
      - '2021-06-08'
    method: PUT
    uri: https://storagename.dfs.core.windows.net/filesystem5e44219a/directory5e44219a%2Ffile1?resource=file
  response:
    body:
      string: ''
    headers:
      content-length: '0'
      date: Thu, 05 May 2022 00:56:19 GMT
      etag: '"0x8DA2E32114D3191"'
      last-modified: Thu, 05 May 2022 00:56:19 GMT
      server: Windows-Azure-HDFS/1.0 Microsoft-HTTPAPI/2.0
      x-ms-request-server-encrypted: 'true'
      x-ms-version: '2021-06-08'
    status:
      code: 201
      message: Created
    url: https://vincenttrancanary.dfs.core.windows.net/filesystem5e44219a/directory5e44219a%2Ffile1?resource=file
- request:
    body: null
    headers:
      Accept:
      - application/xml
      User-Agent:
      - azsdk-python-storage-dfs/12.7.0 Python/3.10.2 (Windows-10-10.0.19044-SP0)
      x-ms-date:
      - Thu, 05 May 2022 00:56:19 GMT
      x-ms-version:
      - '2021-06-08'
    method: HEAD
    uri: https://storagename.blob.core.windows.net/filesystem5e44219a/directory5e44219a/file1
  response:
    body:
      string: ''
    headers:
      accept-ranges: bytes
      content-length: '0'
      content-type: application/octet-stream
      date: Thu, 05 May 2022 00:56:19 GMT
      etag: '"0x8DA2E32114D3191"'
      last-modified: Thu, 05 May 2022 00:56:19 GMT
      server: Windows-Azure-Blob/1.0 Microsoft-HTTPAPI/2.0
      x-ms-access-tier: Hot
      x-ms-access-tier-inferred: 'true'
      x-ms-blob-type: BlockBlob
      x-ms-creation-time: Thu, 05 May 2022 00:56:19 GMT
      x-ms-expiry-time: Fri, 06 May 2022 00:56:18 GMT
      x-ms-group: $superuser
      x-ms-lease-state: available
      x-ms-lease-status: unlocked
      x-ms-owner: $superuser
      x-ms-permissions: rw-r-----
      x-ms-resource-type: file
      x-ms-server-encrypted: 'true'
      x-ms-version: '2021-06-08'
    status:
      code: 200
      message: OK
    url: https://vincenttrancanary.blob.core.windows.net/filesystem5e44219a/directory5e44219a/file1
- request:
    body: null
    headers:
      Accept:
      - application/xml
      User-Agent:
      - azsdk-python-storage-dfs/12.7.0 Python/3.10.2 (Windows-10-10.0.19044-SP0)
      x-ms-date:
      - Thu, 05 May 2022 00:56:19 GMT
      x-ms-version:
      - '2021-06-08'
    method: DELETE
    uri: https://storagename.blob.core.windows.net/filesystem5e44219a?restype=container
  response:
    body:
      string: ''
    headers:
      content-length: '0'
      date: Thu, 05 May 2022 00:56:19 GMT
      server: Windows-Azure-Blob/1.0 Microsoft-HTTPAPI/2.0
      x-ms-version: '2021-06-08'
    status:
      code: 202
      message: Accepted
    url: https://vincenttrancanary.blob.core.windows.net/filesystem5e44219a?restype=container
version: 1
