{
  "Entries": [
    {
      "RequestUri": "https://storagename.blob.core.windows.net/filesystem9e6f2fd1?restype=container",
      "RequestMethod": "PUT",
      "RequestHeaders": {
        "Accept": "application/xml",
        "Accept-Encoding": "gzip, deflate",
        "Connection": "keep-alive",
        "Content-Length": "0",
        "User-Agent": "azsdk-python-storage-dfs/12.9.0b2 Python/3.10.2 (Windows-10-10.0.19044-SP0)",
        "x-ms-date": "Wed, 31 Aug 2022 22:58:44 GMT",
        "x-ms-version": "2021-08-06"
      },
      "RequestBody": null,
      "StatusCode": 201,
      "ResponseHeaders": {
        "Content-Length": "0",
        "Date": "Wed, 31 Aug 2022 22:58:44 GMT",
        "ETag": "\u00220x8DA8BA45B35D4EC\u0022",
        "Last-Modified": "Wed, 31 Aug 2022 22:58:44 GMT",
        "Server": [
          "Windows-Azure-Blob/1.0",
          "Microsoft-HTTPAPI/2.0"
        ],
        "x-ms-version": "2021-08-06"
      },
      "ResponseBody": null
    },
    {
      "RequestUri": "https://storagename.dfs.core.windows.net/filesystem9e6f2fd1/dir10?resource=directory",
      "RequestMethod": "PUT",
      "RequestHeaders": {
        "Accept": "application/json",
        "Accept-Encoding": "gzip, deflate",
        "Connection": "keep-alive",
        "Content-Length": "0",
        "User-Agent": "azsdk-python-storage-dfs/12.9.0b2 Python/3.10.2 (Windows-10-10.0.19044-SP0)",
        "x-ms-date": "Wed, 31 Aug 2022 22:58:44 GMT",
        "x-ms-version": "2021-08-06"
      },
      "RequestBody": null,
      "StatusCode": 201,
      "ResponseHeaders": {
        "Content-Length": "0",
        "Date": "Wed, 31 Aug 2022 22:58:44 GMT",
        "ETag": "\u00220x8DA8BA45B48F611\u0022",
        "Last-Modified": "Wed, 31 Aug 2022 22:58:44 GMT",
        "Server": [
          "Windows-Azure-HDFS/1.0",
          "Microsoft-HTTPAPI/2.0"
        ],
        "x-ms-request-server-encrypted": "true",
        "x-ms-version": "2021-08-06"
      },
      "ResponseBody": null
    },
    {
      "RequestUri": "https://storagename.dfs.core.windows.net/filesystem9e6f2fd1/dir11?resource=directory",
      "RequestMethod": "PUT",
      "RequestHeaders": {
        "Accept": "application/json",
        "Accept-Encoding": "gzip, deflate",
        "Connection": "keep-alive",
        "Content-Length": "0",
        "User-Agent": "azsdk-python-storage-dfs/12.9.0b2 Python/3.10.2 (Windows-10-10.0.19044-SP0)",
        "x-ms-date": "Wed, 31 Aug 2022 22:58:44 GMT",
        "x-ms-version": "2021-08-06"
      },
      "RequestBody": null,
      "StatusCode": 201,
      "ResponseHeaders": {
        "Content-Length": "0",
        "Date": "Wed, 31 Aug 2022 22:58:44 GMT",
        "ETag": "\u00220x8DA8BA45B57B6DF\u0022",
        "Last-Modified": "Wed, 31 Aug 2022 22:58:44 GMT",
        "Server": [
          "Windows-Azure-HDFS/1.0",
          "Microsoft-HTTPAPI/2.0"
        ],
        "x-ms-request-server-encrypted": "true",
        "x-ms-version": "2021-08-06"
      },
      "ResponseBody": null
    },
    {
      "RequestUri": "https://storagename.dfs.core.windows.net/filesystem9e6f2fd1/dir12?resource=directory",
      "RequestMethod": "PUT",
      "RequestHeaders": {
        "Accept": "application/json",
        "Accept-Encoding": "gzip, deflate",
        "Connection": "keep-alive",
        "Content-Length": "0",
        "User-Agent": "azsdk-python-storage-dfs/12.9.0b2 Python/3.10.2 (Windows-10-10.0.19044-SP0)",
        "x-ms-date": "Wed, 31 Aug 2022 22:58:44 GMT",
        "x-ms-version": "2021-08-06"
      },
      "RequestBody": null,
      "StatusCode": 201,
      "ResponseHeaders": {
        "Content-Length": "0",
        "Date": "Wed, 31 Aug 2022 22:58:44 GMT",
        "ETag": "\u00220x8DA8BA45B6608F6\u0022",
        "Last-Modified": "Wed, 31 Aug 2022 22:58:45 GMT",
        "Server": [
          "Windows-Azure-HDFS/1.0",
          "Microsoft-HTTPAPI/2.0"
        ],
        "x-ms-request-server-encrypted": "true",
        "x-ms-version": "2021-08-06"
      },
      "ResponseBody": null
    },
    {
      "RequestUri": "https://storagename.dfs.core.windows.net/filesystem9e6f2fd1/dir13?resource=directory",
      "RequestMethod": "PUT",
      "RequestHeaders": {
        "Accept": "application/json",
        "Accept-Encoding": "gzip, deflate",
        "Connection": "keep-alive",
        "Content-Length": "0",
        "User-Agent": "azsdk-python-storage-dfs/12.9.0b2 Python/3.10.2 (Windows-10-10.0.19044-SP0)",
        "x-ms-date": "Wed, 31 Aug 2022 22:58:44 GMT",
        "x-ms-version": "2021-08-06"
      },
      "RequestBody": null,
      "StatusCode": 201,
      "ResponseHeaders": {
        "Content-Length": "0",
        "Date": "Wed, 31 Aug 2022 22:58:44 GMT",
        "ETag": "\u00220x8DA8BA45B753EFB\u0022",
        "Last-Modified": "Wed, 31 Aug 2022 22:58:45 GMT",
        "Server": [
          "Windows-Azure-HDFS/1.0",
          "Microsoft-HTTPAPI/2.0"
        ],
        "x-ms-request-server-encrypted": "true",
        "x-ms-version": "2021-08-06"
      },
      "ResponseBody": null
    },
    {
      "RequestUri": "https://storagename.dfs.core.windows.net/filesystem9e6f2fd1/dir14?resource=directory",
      "RequestMethod": "PUT",
      "RequestHeaders": {
        "Accept": "application/json",
        "Accept-Encoding": "gzip, deflate",
        "Connection": "keep-alive",
        "Content-Length": "0",
        "User-Agent": "azsdk-python-storage-dfs/12.9.0b2 Python/3.10.2 (Windows-10-10.0.19044-SP0)",
        "x-ms-date": "Wed, 31 Aug 2022 22:58:45 GMT",
        "x-ms-version": "2021-08-06"
      },
      "RequestBody": null,
      "StatusCode": 201,
      "ResponseHeaders": {
        "Content-Length": "0",
        "Date": "Wed, 31 Aug 2022 22:58:44 GMT",
        "ETag": "\u00220x8DA8BA45B8370FA\u0022",
        "Last-Modified": "Wed, 31 Aug 2022 22:58:45 GMT",
        "Server": [
          "Windows-Azure-HDFS/1.0",
          "Microsoft-HTTPAPI/2.0"
        ],
        "x-ms-request-server-encrypted": "true",
        "x-ms-version": "2021-08-06"
      },
      "ResponseBody": null
    },
    {
      "RequestUri": "https://storagename.dfs.core.windows.net/filesystem9e6f2fd1/dir15?resource=directory",
      "RequestMethod": "PUT",
      "RequestHeaders": {
        "Accept": "application/json",
        "Accept-Encoding": "gzip, deflate",
        "Connection": "keep-alive",
        "Content-Length": "0",
        "User-Agent": "azsdk-python-storage-dfs/12.9.0b2 Python/3.10.2 (Windows-10-10.0.19044-SP0)",
        "x-ms-date": "Wed, 31 Aug 2022 22:58:45 GMT",
        "x-ms-version": "2021-08-06"
      },
      "RequestBody": null,
      "StatusCode": 201,
      "ResponseHeaders": {
        "Content-Length": "0",
        "Date": "Wed, 31 Aug 2022 22:58:44 GMT",
        "ETag": "\u00220x8DA8BA45B92A0D2\u0022",
        "Last-Modified": "Wed, 31 Aug 2022 22:58:45 GMT",
        "Server": [
          "Windows-Azure-HDFS/1.0",
          "Microsoft-HTTPAPI/2.0"
        ],
        "x-ms-request-server-encrypted": "true",
        "x-ms-version": "2021-08-06"
      },
      "ResponseBody": null
    },
    {
      "RequestUri": "https://storagename.dfs.core.windows.net/filesystem9e6f2fd1?resource=filesystem\u0026recursive=true\u0026maxResults=2\u0026upn=true",
      "RequestMethod": "GET",
      "RequestHeaders": {
        "Accept": "application/json",
        "Accept-Encoding": "gzip, deflate",
        "Connection": "keep-alive",
        "User-Agent": "azsdk-python-storage-dfs/12.9.0b2 Python/3.10.2 (Windows-10-10.0.19044-SP0)",
        "x-ms-date": "Wed, 31 Aug 2022 22:58:45 GMT",
        "x-ms-version": "2021-08-06"
      },
      "RequestBody": null,
      "StatusCode": 200,
      "ResponseHeaders": {
        "Content-Type": "application/json; charset=utf-8",
        "Date": "Wed, 31 Aug 2022 22:58:44 GMT",
        "Server": [
          "Windows-Azure-HDFS/1.0",
          "Microsoft-HTTPAPI/2.0"
        ],
        "Transfer-Encoding": "chunked",
        "x-ms-continuation": "VBaZ06XolZ2b8KwBGFUYUC92aW5jZW50dHJhbmhuc2NhbmFyeQEwMUQ4OTMxRjcwQ0ZBRDg2L2ZpbGVzeXN0ZW05ZTZmMmZkMQEwMUQ4QkQ4RDM4QkZDOEVDL2RpcjEyFgAAAA==",
        "x-ms-version": "2021-08-06"
      },
      "ResponseBody": {
        "paths": [
          {
            "contentLength": "0",
            "creationTime": "133064603248752145",
            "etag": "0x8DA8BA45B48F611",
            "expiryTime": "0",
            "group": "$superuser",
            "isDirectory": "true",
            "lastModified": "Wed, 31 Aug 2022 22:58:44 GMT",
            "name": "dir10",
            "owner": "$superuser",
            "permissions": "rwxr-x---"
          },
          {
            "contentLength": "0",
            "creationTime": "133064603249719007",
            "etag": "0x8DA8BA45B57B6DF",
            "expiryTime": "0",
            "group": "$superuser",
            "isDirectory": "true",
            "lastModified": "Wed, 31 Aug 2022 22:58:44 GMT",
            "name": "dir11",
            "owner": "$superuser",
            "permissions": "rwxr-x---"
          }
        ]
      }
    },
    {
      "RequestUri": "https://storagename.dfs.core.windows.net/filesystem9e6f2fd1?resource=filesystem\u0026continuation=VBaZ06XolZ2b8KwBGFUYUC92aW5jZW50dHJhbmhuc2NhbmFyeQEwMUQ4OTMxRjcwQ0ZBRDg2L2ZpbGVzeXN0ZW05ZTZmMmZkMQEwMUQ4QkQ4RDM4QkZDOEVDL2RpcjEyFgAAAA%3D%3D\u0026recursive=true\u0026maxResults=4\u0026upn=true",
      "RequestMethod": "GET",
      "RequestHeaders": {
        "Accept": "application/json",
        "Accept-Encoding": "gzip, deflate",
        "Connection": "keep-alive",
        "User-Agent": "azsdk-python-storage-dfs/12.9.0b2 Python/3.10.2 (Windows-10-10.0.19044-SP0)",
        "x-ms-date": "Wed, 31 Aug 2022 22:58:45 GMT",
        "x-ms-version": "2021-08-06"
      },
      "RequestBody": null,
      "StatusCode": 200,
      "ResponseHeaders": {
        "Content-Type": "application/json; charset=utf-8",
        "Date": "Wed, 31 Aug 2022 22:58:45 GMT",
        "Server": [
          "Windows-Azure-HDFS/1.0",
          "Microsoft-HTTPAPI/2.0"
        ],
        "Transfer-Encoding": "chunked",
        "x-ms-version": "2021-08-06"
      },
      "ResponseBody": {
        "paths": [
          {
            "contentLength": "0",
            "creationTime": "133064603250657526",
            "etag": "0x8DA8BA45B6608F6",
            "expiryTime": "0",
            "group": "$superuser",
            "isDirectory": "true",
            "lastModified": "Wed, 31 Aug 2022 22:58:45 GMT",
            "name": "dir12",
            "owner": "$superuser",
            "permissions": "rwxr-x---"
          },
          {
            "contentLength": "0",
            "creationTime": "133064603251654395",
            "etag": "0x8DA8BA45B753EFB",
            "expiryTime": "0",
            "group": "$superuser",
            "isDirectory": "true",
            "lastModified": "Wed, 31 Aug 2022 22:58:45 GMT",
            "name": "dir13",
            "owner": "$superuser",
            "permissions": "rwxr-x---"
          },
          {
            "contentLength": "0",
            "creationTime": "133064603252584698",
            "etag": "0x8DA8BA45B8370FA",
            "expiryTime": "0",
            "group": "$superuser",
            "isDirectory": "true",
            "lastModified": "Wed, 31 Aug 2022 22:58:45 GMT",
            "name": "dir14",
            "owner": "$superuser",
            "permissions": "rwxr-x---"
          },
          {
            "contentLength": "0",
            "creationTime": "133064603253579986",
            "etag": "0x8DA8BA45B92A0D2",
            "expiryTime": "0",
            "group": "$superuser",
            "isDirectory": "true",
            "lastModified": "Wed, 31 Aug 2022 22:58:45 GMT",
            "name": "dir15",
            "owner": "$superuser",
            "permissions": "rwxr-x---"
          }
        ]
      }
    }
  ],
  "Variables": {}
}
