interactions:
- request:
    body: '{"location": "East US 2"}'
    headers:
      Accept: [application/json]
      Accept-Encoding: ['gzip, deflate']
      Connection: [keep-alive]
      Content-Length: ['25']
      Content-Type: [application/json; charset=utf-8]
      User-Agent: [python/3.6.4 (Windows-10-10.0.16299-SP0) requests/2.18.4 msrest/0.4.24
          msrest_azure/0.4.19 resourcemanagementclient/1.3.0rc1 Azure-SDK-For-Python]
      accept-language: [en-US]
      x-ms-client-request-id: [d27e3aa4-103b-11e8-a570-705a0f2f3d93]
    method: PUT
    uri: https://management.azure.com/subscriptions/00000000-0000-0000-0000-000000000000/resourcegroups/test_mgmt_datalake_analytics_test_adla_compute_policies768c1684?api-version=2017-05-10
  response:
    body: {string: '{"id":"/subscriptions/00000000-0000-0000-0000-000000000000/resourceGroups/test_mgmt_datalake_analytics_test_adla_compute_policies768c1684","name":"test_mgmt_datalake_analytics_test_adla_compute_policies768c1684","location":"eastus2","properties":{"provisioningState":"Succeeded"}}'}
    headers:
      Cache-Control: [no-cache]
      Content-Length: ['280']
      Content-Type: [application/json; charset=utf-8]
      Date: ['Mon, 12 Feb 2018 21:29:37 GMT']
      Expires: ['-1']
      Pragma: [no-cache]
      Strict-Transport-Security: [max-age=31536000; includeSubDomains]
      x-ms-correlation-request-id: [30eda85e-f5c9-49e1-8635-ee55392e14b3]
      x-ms-ratelimit-remaining-subscription-writes: ['1199']
      x-ms-request-id: [30eda85e-f5c9-49e1-8635-ee55392e14b3]
      x-ms-routing-request-id: ['WESTUS2:20180212T212937Z:30eda85e-f5c9-49e1-8635-ee55392e14b3']
    status: {code: 201, message: Created}
- request:
    body: '{"location": "East US 2"}'
    headers:
      Accept: [application/json]
      Accept-Encoding: ['gzip, deflate']
      Connection: [keep-alive]
      Content-Length: ['25']
      Content-Type: [application/json; charset=utf-8]
      User-Agent: [python/3.6.4 (Windows-10-10.0.16299-SP0) requests/2.18.4 msrest/0.4.24
          msrest_azure/0.4.19 azure-mgmt-datalake-store/0.4.0 Azure-SDK-For-Python]
      accept-language: [en-US]
      x-ms-client-request-id: [d39f8b3a-103b-11e8-bde6-705a0f2f3d93]
    method: PUT
    uri: https://management.azure.com/subscriptions/00000000-0000-0000-0000-000000000000/resourceGroups/test_mgmt_datalake_analytics_test_adla_compute_policies768c1684/providers/Microsoft.DataLakeStore/accounts/pyarmadls2768c1684?api-version=2016-11-01
  response:
    body: {string: '{"properties":{"provisioningState":"Creating","state":null,"endpoint":null,"accountId":"3bfe4386-530e-4216-a214-5ec3dc171ef2"},"location":"East
        US 2","id":"/subscriptions/00000000-0000-0000-0000-000000000000/resourceGroups/test_mgmt_datalake_analytics_test_adla_compute_policies768c1684/providers/Microsoft.DataLakeStore/accounts/pyarmadls2768c1684","name":"pyarmadls2768c1684","type":"Microsoft.DataLakeStore/accounts"}'}
    headers:
      Azure-AsyncOperation: ['https://management.azure.com/subscriptions/00000000-0000-0000-0000-000000000000/providers/Microsoft.DataLakeStore/locations/EastUS2/operationResults/3bfe4386-530e-4216-a214-5ec3dc171ef20?api-version=2016-11-01&expanded=true']
      Cache-Control: [no-cache]
      Connection: [close]
      Content-Length: ['420']
      Content-Type: [application/json]
      Date: ['Mon, 12 Feb 2018 21:29:39 GMT']
      Expires: ['-1']
      Location: ['https://management.azure.com/subscriptions/00000000-0000-0000-0000-000000000000/resourcegroups/test_mgmt_datalake_analytics_test_adla_compute_policies768c1684/providers/Microsoft.DataLakeStore/accounts/pyarmadls2768c1684/operationresults/0?api-version=2016-11-01']
      Pragma: [no-cache]
      Retry-After: ['0']
      Server: [Microsoft-IIS/8.5]
      Strict-Transport-Security: [max-age=31536000; includeSubDomains]
      X-AspNet-Version: [4.0.30319]
      X-Content-Type-Options: [nosniff]
      X-Powered-By: [ASP.NET]
      x-ms-correlation-request-id: [e46c201d-1929-4feb-84c6-7f8f9d840db7]
      x-ms-ratelimit-remaining-subscription-writes: ['1198']
      x-ms-request-id: [00856be0-6894-4122-987b-0dc0ed3c6290]
      x-ms-routing-request-id: ['WESTUS2:20180212T212939Z:e46c201d-1929-4feb-84c6-7f8f9d840db7']
    status: {code: 201, message: Created}
- request:
    body: null
    headers:
      Accept: [application/json]
      Accept-Encoding: ['gzip, deflate']
      Connection: [keep-alive]
      User-Agent: [python/3.6.4 (Windows-10-10.0.16299-SP0) requests/2.18.4 msrest/0.4.24
          msrest_azure/0.4.19 azure-mgmt-datalake-store/0.4.0 Azure-SDK-For-Python]
      x-ms-client-request-id: [d39f8b3a-103b-11e8-bde6-705a0f2f3d93]
    method: GET
    uri: https://management.azure.com/subscriptions/00000000-0000-0000-0000-000000000000/providers/Microsoft.DataLakeStore/locations/EastUS2/operationResults/3bfe4386-530e-4216-a214-5ec3dc171ef20?api-version=2016-11-01&expanded=true
  response:
    body: {string: '{"status":"InProgress"}'}
    headers:
      Cache-Control: [no-cache]
      Connection: [close]
      Content-Type: [application/json]
      Date: ['Mon, 12 Feb 2018 21:29:50 GMT']
      Expires: ['-1']
      Pragma: [no-cache]
      Server: [Microsoft-IIS/8.5]
      Strict-Transport-Security: [max-age=31536000; includeSubDomains]
      Vary: [Accept-Encoding]
      X-AspNet-Version: [4.0.30319]
      X-Content-Type-Options: [nosniff]
      X-Powered-By: [ASP.NET]
      content-length: ['23']
      x-ms-correlation-request-id: [683a6228-7baa-458a-9fa4-c57b3e310ff0]
      x-ms-ratelimit-remaining-subscription-reads: ['14999']
      x-ms-request-id: [4adf61c7-d3eb-46e1-a136-2ac4088f2864]
      x-ms-routing-request-id: ['WESTUS2:20180212T212950Z:683a6228-7baa-458a-9fa4-c57b3e310ff0']
    status: {code: 200, message: OK}
- request:
    body: null
    headers:
      Accept: [application/json]
      Accept-Encoding: ['gzip, deflate']
      Connection: [keep-alive]
      User-Agent: [python/3.6.4 (Windows-10-10.0.16299-SP0) requests/2.18.4 msrest/0.4.24
          msrest_azure/0.4.19 azure-mgmt-datalake-store/0.4.0 Azure-SDK-For-Python]
      x-ms-client-request-id: [d39f8b3a-103b-11e8-bde6-705a0f2f3d93]
    method: GET
    uri: https://management.azure.com/subscriptions/00000000-0000-0000-0000-000000000000/providers/Microsoft.DataLakeStore/locations/EastUS2/operationResults/3bfe4386-530e-4216-a214-5ec3dc171ef20?api-version=2016-11-01&expanded=true
  response:
    body: {string: '{"status":"Succeeded"}'}
    headers:
      Cache-Control: [no-cache]
      Connection: [close]
      Content-Type: [application/json]
      Date: ['Mon, 12 Feb 2018 21:30:21 GMT']
      Expires: ['-1']
      Pragma: [no-cache]
      Server: [Microsoft-IIS/8.5]
      Strict-Transport-Security: [max-age=31536000; includeSubDomains]
      Vary: [Accept-Encoding]
      X-AspNet-Version: [4.0.30319]
      X-Content-Type-Options: [nosniff]
      X-Powered-By: [ASP.NET]
      content-length: ['22']
      x-ms-correlation-request-id: [55ebe2d9-e114-4a10-8c3e-d2457599c22f]
      x-ms-ratelimit-remaining-subscription-reads: ['14999']
      x-ms-request-id: [b757a236-a9b4-48e0-b9ae-40d1948c4ad7]
      x-ms-routing-request-id: ['WESTUS2:20180212T213021Z:55ebe2d9-e114-4a10-8c3e-d2457599c22f']
    status: {code: 200, message: OK}
- request:
    body: null
    headers:
      Accept: [application/json]
      Accept-Encoding: ['gzip, deflate']
      Connection: [keep-alive]
      User-Agent: [python/3.6.4 (Windows-10-10.0.16299-SP0) requests/2.18.4 msrest/0.4.24
          msrest_azure/0.4.19 azure-mgmt-datalake-store/0.4.0 Azure-SDK-For-Python]
      x-ms-client-request-id: [d39f8b3a-103b-11e8-bde6-705a0f2f3d93]
    method: GET
    uri: https://management.azure.com/subscriptions/00000000-0000-0000-0000-000000000000/resourceGroups/test_mgmt_datalake_analytics_test_adla_compute_policies768c1684/providers/Microsoft.DataLakeStore/accounts/pyarmadls2768c1684?api-version=2016-11-01
  response:
    body: {string: '{"properties":{"firewallState":"Disabled","firewallAllowAzureIps":"Disabled","firewallAllowDataLakeAnalytics":"Disabled","firewallRules":[],"virtualNetworkRules":[],"trustedIdProviderState":"Disabled","trustedIdProviders":[],"encryptionState":"Enabled","encryptionConfig":{"type":"ServiceManaged"},"currentTier":"Consumption","newTier":"Consumption","provisioningState":"Succeeded","state":"Active","endpoint":"pyarmadls2768c1684.azuredatalakestore.net","accountId":"3bfe4386-530e-4216-a214-5ec3dc171ef2","creationTime":"2018-02-12T21:29:42.5999324Z","lastModifiedTime":"2018-02-12T21:29:42.5999324Z"},"location":"East
        US 2","id":"/subscriptions/00000000-0000-0000-0000-000000000000/resourceGroups/test_mgmt_datalake_analytics_test_adla_compute_policies768c1684/providers/Microsoft.DataLakeStore/accounts/pyarmadls2768c1684","name":"pyarmadls2768c1684","type":"Microsoft.DataLakeStore/accounts"}'}
    headers:
      Cache-Control: [no-cache]
      Connection: [close]
      Content-Type: [application/json]
      Date: ['Mon, 12 Feb 2018 21:30:22 GMT']
      Expires: ['-1']
      Pragma: [no-cache]
      Server: [Microsoft-IIS/8.5]
      Strict-Transport-Security: [max-age=31536000; includeSubDomains]
      Vary: [Accept-Encoding]
      X-AspNet-Version: [4.0.30319]
      X-Content-Type-Options: [nosniff]
      X-Powered-By: [ASP.NET]
      content-length: ['895']
      x-ms-correlation-request-id: [429aa9e9-587d-4b12-8d13-242c5b06c7dd]
      x-ms-ratelimit-remaining-subscription-reads: ['14999']
      x-ms-request-id: [f6f94e8d-f6aa-414f-8c6f-02cccfd370f4]
      x-ms-routing-request-id: ['WESTUS2:20180212T213022Z:429aa9e9-587d-4b12-8d13-242c5b06c7dd']
    status: {code: 200, message: OK}
- request:
    body: '{"location": "East US 2", "properties": {"defaultDataLakeStoreAccount":
      "pyarmadls2768c1684", "dataLakeStoreAccounts": [{"name": "pyarmadls2768c1684"}],
      "computePolicies": [{"name": "adlapolicy1768c1684", "properties": {"objectId":
      "8ce05900-7a9e-4895-b3f0-0fbcee507803", "objectType": "User", "maxDegreeOfParallelismPerJob":
      1, "minPriorityPerJob": 1}}], "maxJobCount": 3, "maxDegreeOfParallelism": 30,
      "queryStoreRetention": 30}}'
    headers:
      Accept: [application/json]
      Accept-Encoding: ['gzip, deflate']
      Connection: [keep-alive]
      Content-Length: ['431']
      Content-Type: [application/json; charset=utf-8]
      User-Agent: [python/3.6.4 (Windows-10-10.0.16299-SP0) requests/2.18.4 msrest/0.4.24
          msrest_azure/0.4.19 azure-mgmt-datalake-analytics/2016-11-01 Azure-SDK-For-Python]
      accept-language: [en-US]
      x-ms-client-request-id: [eebe330a-103b-11e8-9944-705a0f2f3d93]
    method: PUT
    uri: https://management.azure.com/subscriptions/00000000-0000-0000-0000-000000000000/resourceGroups/test_mgmt_datalake_analytics_test_adla_compute_policies768c1684/providers/Microsoft.DataLakeAnalytics/accounts/pyarmadla768c1684?api-version=2016-11-01
  response:
    body: {string: '{"properties":{"defaultDataLakeStoreAccount":"pyarmadls2768c1684","dataLakeStoreAccounts":[{"properties":{"suffix":"azuredatalakestore.net"},"name":"pyarmadls2768c1684"}],"maxDegreeOfParallelism":30,"maxJobCount":3,"computePolicies":[{"properties":{"objectId":"8ce05900-7a9e-4895-b3f0-0fbcee507803","objectType":"User","maxDegreeOfParallelismPerJob":1,"minPriorityPerJob":1},"name":"adlapolicy1768c1684"}],"queryStoreRetention":30,"provisioningState":"Creating","state":null,"endpoint":null,"accountId":"d95067c5-77cb-4009-a5b8-6ae591cf3e4c"},"location":"East
        US 2","id":"/subscriptions/00000000-0000-0000-0000-000000000000/resourceGroups/test_mgmt_datalake_analytics_test_adla_compute_policies768c1684/providers/Microsoft.DataLakeAnalytics/accounts/pyarmadla768c1684","name":"pyarmadla768c1684","type":"Microsoft.DataLakeAnalytics/accounts"}'}
    headers:
      Azure-AsyncOperation: ['https://management.azure.com/subscriptions/00000000-0000-0000-0000-000000000000/providers/Microsoft.DataLakeAnalytics/locations/EastUS2/operationResults/d95067c5-77cb-4009-a5b8-6ae591cf3e4c0?api-version=2016-11-01&expanded=true']
      Cache-Control: [no-cache]
      Connection: [close]
      Content-Length: ['842']
      Content-Type: [application/json]
      Date: ['Mon, 12 Feb 2018 21:30:25 GMT']
      Expires: ['-1']
      Location: ['https://management.azure.com/subscriptions/00000000-0000-0000-0000-000000000000/resourcegroups/test_mgmt_datalake_analytics_test_adla_compute_policies768c1684/providers/Microsoft.DataLakeAnalytics/accounts/pyarmadla768c1684/operationresults/0?api-version=2016-11-01']
      Pragma: [no-cache]
      Retry-After: ['0']
      Server: [Microsoft-IIS/8.5]
      Strict-Transport-Security: [max-age=31536000; includeSubDomains]
      X-AspNet-Version: [4.0.30319]
      X-Content-Type-Options: [nosniff]
      X-Powered-By: [ASP.NET]
      x-ms-correlation-request-id: [a091b255-002f-4814-88a4-c30373c17b0a]
      x-ms-ratelimit-remaining-subscription-writes: ['1199']
      x-ms-request-id: [1787c9b0-4e6b-42de-acd0-d6cf81a8ae5b]
      x-ms-routing-request-id: ['WESTUS2:20180212T213025Z:a091b255-002f-4814-88a4-c30373c17b0a']
    status: {code: 201, message: Created}
- request:
    body: null
    headers:
      Accept: [application/json]
      Accept-Encoding: ['gzip, deflate']
      Connection: [keep-alive]
      User-Agent: [python/3.6.4 (Windows-10-10.0.16299-SP0) requests/2.18.4 msrest/0.4.24
          msrest_azure/0.4.19 azure-mgmt-datalake-analytics/2016-11-01 Azure-SDK-For-Python]
      x-ms-client-request-id: [eebe330a-103b-11e8-9944-705a0f2f3d93]
    method: GET
    uri: https://management.azure.com/subscriptions/00000000-0000-0000-0000-000000000000/providers/Microsoft.DataLakeAnalytics/locations/EastUS2/operationResults/d95067c5-77cb-4009-a5b8-6ae591cf3e4c0?api-version=2016-11-01&expanded=true
  response:
    body: {string: '{"status":"InProgress"}'}
    headers:
      Cache-Control: [no-cache]
      Connection: [close]
      Content-Type: [application/json]
      Date: ['Mon, 12 Feb 2018 21:30:36 GMT']
      Expires: ['-1']
      Pragma: [no-cache]
      Server: [Microsoft-IIS/8.5]
      Strict-Transport-Security: [max-age=31536000; includeSubDomains]
      Vary: [Accept-Encoding]
      X-AspNet-Version: [4.0.30319]
      X-Content-Type-Options: [nosniff]
      X-Powered-By: [ASP.NET]
      content-length: ['23']
      x-ms-correlation-request-id: [bdb45629-68f9-4d4b-b0e1-263412731def]
      x-ms-ratelimit-remaining-subscription-reads: ['14999']
      x-ms-request-id: [1b5a50f9-a943-47e6-a355-a42e9e3f9bc7]
      x-ms-routing-request-id: ['WESTUS2:20180212T213036Z:bdb45629-68f9-4d4b-b0e1-263412731def']
    status: {code: 200, message: OK}
- request:
    body: null
    headers:
      Accept: [application/json]
      Accept-Encoding: ['gzip, deflate']
      Connection: [keep-alive]
      User-Agent: [python/3.6.4 (Windows-10-10.0.16299-SP0) requests/2.18.4 msrest/0.4.24
          msrest_azure/0.4.19 azure-mgmt-datalake-analytics/2016-11-01 Azure-SDK-For-Python]
      x-ms-client-request-id: [eebe330a-103b-11e8-9944-705a0f2f3d93]
    method: GET
    uri: https://management.azure.com/subscriptions/00000000-0000-0000-0000-000000000000/providers/Microsoft.DataLakeAnalytics/locations/EastUS2/operationResults/d95067c5-77cb-4009-a5b8-6ae591cf3e4c0?api-version=2016-11-01&expanded=true
  response:
    body: {string: '{"status":"Succeeded"}'}
    headers:
      Cache-Control: [no-cache]
      Connection: [close]
      Content-Type: [application/json]
      Date: ['Mon, 12 Feb 2018 21:31:07 GMT']
      Expires: ['-1']
      Pragma: [no-cache]
      Server: [Microsoft-IIS/8.5]
      Strict-Transport-Security: [max-age=31536000; includeSubDomains]
      Vary: [Accept-Encoding]
      X-AspNet-Version: [4.0.30319]
      X-Content-Type-Options: [nosniff]
      X-Powered-By: [ASP.NET]
      content-length: ['22']
      x-ms-correlation-request-id: [d4fa3a9e-8256-4f69-9603-d32ef72adc48]
      x-ms-ratelimit-remaining-subscription-reads: ['14998']
      x-ms-request-id: [40f485bc-4b51-4e86-8cc9-7f19fc9e8d08]
      x-ms-routing-request-id: ['WESTUS2:20180212T213107Z:d4fa3a9e-8256-4f69-9603-d32ef72adc48']
    status: {code: 200, message: OK}
- request:
    body: null
    headers:
      Accept: [application/json]
      Accept-Encoding: ['gzip, deflate']
      Connection: [keep-alive]
      User-Agent: [python/3.6.4 (Windows-10-10.0.16299-SP0) requests/2.18.4 msrest/0.4.24
          msrest_azure/0.4.19 azure-mgmt-datalake-analytics/2016-11-01 Azure-SDK-For-Python]
      x-ms-client-request-id: [eebe330a-103b-11e8-9944-705a0f2f3d93]
    method: GET
    uri: https://management.azure.com/subscriptions/00000000-0000-0000-0000-000000000000/resourceGroups/test_mgmt_datalake_analytics_test_adla_compute_policies768c1684/providers/Microsoft.DataLakeAnalytics/accounts/pyarmadla768c1684?api-version=2016-11-01
  response:
    body: {string: '{"properties":{"firewallState":"Disabled","firewallAllowAzureIps":"Disabled","debugDataAccessLevel":"All","firewallRules":[],"defaultDataLakeStoreAccount":"pyarmadls2768c1684","dataLakeStoreAccounts":[{"properties":{"suffix":"azuredatalakestore.net"},"name":"pyarmadls2768c1684"}],"publicDataLakeStoreAccounts":[{"properties":{"suffix":"azuredatalakestore.net"},"name":"adltrainingsampledata"},{"properties":{"suffix":"azuredatalakestore.net"},"name":"ghinsights"}],"storageAccounts":[],"maxDegreeOfParallelism":30,"maxJobCount":3,"systemMaxDegreeOfParallelism":100,"systemMaxJobCount":20,"maxDegreeOfParallelismPerJob":30,"minPriorityPerJob":1,"computePolicies":[{"properties":{"objectId":"8ce05900-7a9e-4895-b3f0-0fbcee507803","objectType":"User","maxDegreeOfParallelismPerJob":1,"minPriorityPerJob":1},"name":"adlapolicy1768c1684"}],"queryStoreRetention":30,"hiveMetastores":[],"currentTier":"Consumption","newTier":"Consumption","provisioningState":"Succeeded","state":"Active","endpoint":"pyarmadla768c1684.azuredatalakeanalytics.net","accountId":"d95067c5-77cb-4009-a5b8-6ae591cf3e4c","creationTime":"2018-02-12T21:30:27.6506231Z","lastModifiedTime":"2018-02-12T21:30:27.6506231Z"},"location":"East
        US 2","id":"/subscriptions/00000000-0000-0000-0000-000000000000/resourceGroups/test_mgmt_datalake_analytics_test_adla_compute_policies768c1684/providers/Microsoft.DataLakeAnalytics/accounts/pyarmadla768c1684","name":"pyarmadla768c1684","type":"Microsoft.DataLakeAnalytics/accounts"}'}
    headers:
      Cache-Control: [no-cache]
      Connection: [close]
      Content-Type: [application/json]
      Date: ['Mon, 12 Feb 2018 21:31:07 GMT']
      Expires: ['-1']
      Pragma: [no-cache]
      Server: [Microsoft-IIS/8.5]
      Strict-Transport-Security: [max-age=31536000; includeSubDomains]
      Vary: [Accept-Encoding]
      X-AspNet-Version: [4.0.30319]
      X-Content-Type-Options: [nosniff]
      X-Powered-By: [ASP.NET]
      content-length: ['1487']
      x-ms-correlation-request-id: [eebd79e9-b7ec-44b7-b868-daf12e28e9cf]
      x-ms-ratelimit-remaining-subscription-reads: ['14999']
      x-ms-request-id: [4d1b72d7-2a7d-418f-9ddf-290dfe7bb8f8]
      x-ms-routing-request-id: ['WESTUS2:20180212T213108Z:eebd79e9-b7ec-44b7-b868-daf12e28e9cf']
    status: {code: 200, message: OK}
- request:
    body: null
    headers:
      Accept: [application/json]
      Accept-Encoding: ['gzip, deflate']
      Connection: [keep-alive]
      Content-Type: [application/json; charset=utf-8]
      User-Agent: [python/3.6.4 (Windows-10-10.0.16299-SP0) requests/2.18.4 msrest/0.4.24
          msrest_azure/0.4.19 azure-mgmt-datalake-analytics/2016-11-01 Azure-SDK-For-Python]
      accept-language: [en-US]
      x-ms-client-request-id: [0a1ec8ae-103c-11e8-98c4-705a0f2f3d93]
    method: GET
    uri: https://management.azure.com/subscriptions/00000000-0000-0000-0000-000000000000/resourceGroups/test_mgmt_datalake_analytics_test_adla_compute_policies768c1684/providers/Microsoft.DataLakeAnalytics/accounts/pyarmadla768c1684?api-version=2016-11-01
  response:
    body: {string: '{"properties":{"firewallState":"Disabled","firewallAllowAzureIps":"Disabled","debugDataAccessLevel":"All","firewallRules":[],"defaultDataLakeStoreAccount":"pyarmadls2768c1684","dataLakeStoreAccounts":[{"properties":{"suffix":"azuredatalakestore.net"},"name":"pyarmadls2768c1684"}],"publicDataLakeStoreAccounts":[{"properties":{"suffix":"azuredatalakestore.net"},"name":"adltrainingsampledata"},{"properties":{"suffix":"azuredatalakestore.net"},"name":"ghinsights"}],"storageAccounts":[],"maxDegreeOfParallelism":30,"maxJobCount":3,"systemMaxDegreeOfParallelism":100,"systemMaxJobCount":20,"maxDegreeOfParallelismPerJob":30,"minPriorityPerJob":1,"computePolicies":[{"properties":{"objectId":"8ce05900-7a9e-4895-b3f0-0fbcee507803","objectType":"User","maxDegreeOfParallelismPerJob":1,"minPriorityPerJob":1},"name":"adlapolicy1768c1684"}],"queryStoreRetention":30,"hiveMetastores":[],"currentTier":"Consumption","newTier":"Consumption","provisioningState":"Succeeded","state":"Active","endpoint":"pyarmadla768c1684.azuredatalakeanalytics.net","accountId":"d95067c5-77cb-4009-a5b8-6ae591cf3e4c","creationTime":"2018-02-12T21:30:27.6506231Z","lastModifiedTime":"2018-02-12T21:30:27.6506231Z"},"location":"East
        US 2","id":"/subscriptions/00000000-0000-0000-0000-000000000000/resourceGroups/test_mgmt_datalake_analytics_test_adla_compute_policies768c1684/providers/Microsoft.DataLakeAnalytics/accounts/pyarmadla768c1684","name":"pyarmadla768c1684","type":"Microsoft.DataLakeAnalytics/accounts"}'}
    headers:
      Cache-Control: [no-cache]
      Connection: [close]
      Content-Type: [application/json]
      Date: ['Mon, 12 Feb 2018 21:31:08 GMT']
      Expires: ['-1']
      Pragma: [no-cache]
      Server: [Microsoft-IIS/8.5]
      Strict-Transport-Security: [max-age=31536000; includeSubDomains]
      Vary: [Accept-Encoding]
      X-AspNet-Version: [4.0.30319]
      X-Content-Type-Options: [nosniff]
      X-Powered-By: [ASP.NET]
      content-length: ['1487']
      x-ms-correlation-request-id: [89d740d9-3799-4b88-b4a2-d251b37c1068]
      x-ms-ratelimit-remaining-subscription-reads: ['14999']
      x-ms-request-id: [6b28fdf2-56a9-4b20-bd33-83aeacc62790]
      x-ms-routing-request-id: ['WESTUS2:20180212T213109Z:89d740d9-3799-4b88-b4a2-d251b37c1068']
    status: {code: 200, message: OK}
- request:
    body: '{"properties": {"objectId": "0583cfd7-60f5-43f0-9597-68b85591fc69", "objectType":
      "Group", "maxDegreeOfParallelismPerJob": 1, "minPriorityPerJob": 1}}'
    headers:
      Accept: [application/json]
      Accept-Encoding: ['gzip, deflate']
      Connection: [keep-alive]
      Content-Length: ['150']
      Content-Type: [application/json; charset=utf-8]
      User-Agent: [python/3.6.4 (Windows-10-10.0.16299-SP0) requests/2.18.4 msrest/0.4.24
          msrest_azure/0.4.19 azure-mgmt-datalake-analytics/2016-11-01 Azure-SDK-For-Python]
      accept-language: [en-US]
      x-ms-client-request-id: [0ab09b74-103c-11e8-b355-705a0f2f3d93]
    method: PUT
    uri: https://management.azure.com/subscriptions/00000000-0000-0000-0000-000000000000/resourceGroups/test_mgmt_datalake_analytics_test_adla_compute_policies768c1684/providers/Microsoft.DataLakeAnalytics/accounts/pyarmadla768c1684/computePolicies/adlapolicy2768c1684?api-version=2016-11-01
  response:
    body: {string: '{"properties":{"objectId":"0583cfd7-60f5-43f0-9597-68b85591fc69","objectType":"Group","maxDegreeOfParallelismPerJob":1,"minPriorityPerJob":1},"id":"/subscriptions/00000000-0000-0000-0000-000000000000/resourceGroups/test_mgmt_datalake_analytics_test_adla_compute_policies768c1684/providers/Microsoft.DataLakeAnalytics/accounts/pyarmadla768c1684/computePolicies/adlapolicy2768c1684","name":"adlapolicy2768c1684","type":"Microsoft.DataLakeAnalytics/accounts/computePolicies"}'}
    headers:
      Cache-Control: [no-cache]
      Connection: [close]
      Content-Type: [application/json]
      Date: ['Mon, 12 Feb 2018 21:31:12 GMT']
      Expires: ['-1']
      Pragma: [no-cache]
      Server: [Microsoft-IIS/8.5]
      Strict-Transport-Security: [max-age=31536000; includeSubDomains]
      Vary: [Accept-Encoding]
      X-AspNet-Version: [4.0.30319]
      X-Content-Type-Options: [nosniff]
      X-Powered-By: [ASP.NET]
      content-length: ['472']
      x-ms-correlation-request-id: [663a0458-9a5e-4b85-a285-9d852d5fb3f1]
      x-ms-ratelimit-remaining-subscription-writes: ['1199']
      x-ms-request-id: [89fd5c1a-8e68-450f-b406-0815afc440e9]
      x-ms-routing-request-id: ['WESTUS2:20180212T213113Z:663a0458-9a5e-4b85-a285-9d852d5fb3f1']
    status: {code: 200, message: OK}
- request:
    body: null
    headers:
      Accept: [application/json]
      Accept-Encoding: ['gzip, deflate']
      Connection: [keep-alive]
      Content-Type: [application/json; charset=utf-8]
      User-Agent: [python/3.6.4 (Windows-10-10.0.16299-SP0) requests/2.18.4 msrest/0.4.24
          msrest_azure/0.4.19 azure-mgmt-datalake-analytics/2016-11-01 Azure-SDK-For-Python]
      accept-language: [en-US]
      x-ms-client-request-id: [0cf800ba-103c-11e8-a846-705a0f2f3d93]
    method: GET
    uri: https://management.azure.com/subscriptions/00000000-0000-0000-0000-000000000000/resourceGroups/test_mgmt_datalake_analytics_test_adla_compute_policies768c1684/providers/Microsoft.DataLakeAnalytics/accounts/pyarmadla768c1684/computePolicies/adlapolicy2768c1684?api-version=2016-11-01
  response:
    body: {string: '{"properties":{"objectId":"0583cfd7-60f5-43f0-9597-68b85591fc69","objectType":"Group","maxDegreeOfParallelismPerJob":1,"minPriorityPerJob":1},"id":"/subscriptions/00000000-0000-0000-0000-000000000000/resourceGroups/test_mgmt_datalake_analytics_test_adla_compute_policies768c1684/providers/Microsoft.DataLakeAnalytics/accounts/pyarmadla768c1684/computePolicies/adlapolicy2768c1684","name":"adlapolicy2768c1684","type":"Microsoft.DataLakeAnalytics/accounts/computePolicies"}'}
    headers:
      Cache-Control: [no-cache]
      Connection: [close]
      Content-Type: [application/json]
      Date: ['Mon, 12 Feb 2018 21:31:14 GMT']
      Expires: ['-1']
      Pragma: [no-cache]
      Server: [Microsoft-IIS/8.5]
      Strict-Transport-Security: [max-age=31536000; includeSubDomains]
      Vary: [Accept-Encoding]
      X-AspNet-Version: [4.0.30319]
      X-Content-Type-Options: [nosniff]
      X-Powered-By: [ASP.NET]
      content-length: ['472']
      x-ms-correlation-request-id: [eec13f1d-2ac5-4405-816e-28acd66bb1b7]
      x-ms-ratelimit-remaining-subscription-reads: ['14998']
      x-ms-request-id: [e7714251-9fc9-4621-8c4f-24cf54807208]
      x-ms-routing-request-id: ['WESTUS2:20180212T213114Z:eec13f1d-2ac5-4405-816e-28acd66bb1b7']
    status: {code: 200, message: OK}
- request:
    body: null
    headers:
      Accept: [application/json]
      Accept-Encoding: ['gzip, deflate']
      Connection: [keep-alive]
      Content-Type: [application/json; charset=utf-8]
      User-Agent: [python/3.6.4 (Windows-10-10.0.16299-SP0) requests/2.18.4 msrest/0.4.24
          msrest_azure/0.4.19 azure-mgmt-datalake-analytics/2016-11-01 Azure-SDK-For-Python]
      accept-language: [en-US]
      x-ms-client-request-id: [0d88e494-103c-11e8-90e6-705a0f2f3d93]
    method: GET
    uri: https://management.azure.com/subscriptions/00000000-0000-0000-0000-000000000000/resourceGroups/test_mgmt_datalake_analytics_test_adla_compute_policies768c1684/providers/Microsoft.DataLakeAnalytics/accounts/pyarmadla768c1684/computePolicies?api-version=2016-11-01
  response:
    body: {string: '{"value":[{"properties":{"objectId":"8ce05900-7a9e-4895-b3f0-0fbcee507803","objectType":"User","maxDegreeOfParallelismPerJob":1,"minPriorityPerJob":1},"id":"/subscriptions/00000000-0000-0000-0000-000000000000/resourceGroups/test_mgmt_datalake_analytics_test_adla_compute_policies768c1684/providers/Microsoft.DataLakeAnalytics/accounts/pyarmadla768c1684/computePolicies/adlapolicy1768c1684","name":"adlapolicy1768c1684","type":"Microsoft.DataLakeAnalytics/accounts/computePolicies"},{"properties":{"objectId":"0583cfd7-60f5-43f0-9597-68b85591fc69","objectType":"Group","maxDegreeOfParallelismPerJob":1,"minPriorityPerJob":1},"id":"/subscriptions/00000000-0000-0000-0000-000000000000/resourceGroups/test_mgmt_datalake_analytics_test_adla_compute_policies768c1684/providers/Microsoft.DataLakeAnalytics/accounts/pyarmadla768c1684/computePolicies/adlapolicy2768c1684","name":"adlapolicy2768c1684","type":"Microsoft.DataLakeAnalytics/accounts/computePolicies"}]}'}
    headers:
      Cache-Control: [no-cache]
      Connection: [close]
      Content-Type: [application/json]
      Date: ['Mon, 12 Feb 2018 21:31:15 GMT']
      Expires: ['-1']
      Pragma: [no-cache]
      Server: [Microsoft-IIS/8.5]
      Strict-Transport-Security: [max-age=31536000; includeSubDomains]
      Vary: [Accept-Encoding]
      X-AspNet-Version: [4.0.30319]
      X-Content-Type-Options: [nosniff]
      X-Powered-By: [ASP.NET]
      content-length: ['956']
      x-ms-correlation-request-id: [8347a1e0-3dfd-4bba-b9f4-4413652b965d]
      x-ms-ratelimit-remaining-subscription-reads: ['14999']
      x-ms-request-id: [418a465b-0d5e-4bd3-a4c8-4b9a37988359]
      x-ms-routing-request-id: ['WESTUS2:20180212T213115Z:8347a1e0-3dfd-4bba-b9f4-4413652b965d']
    status: {code: 200, message: OK}
- request:
    body: null
    headers:
      Accept: [application/json]
      Accept-Encoding: ['gzip, deflate']
      Connection: [keep-alive]
      Content-Length: ['0']
      Content-Type: [application/json; charset=utf-8]
      User-Agent: [python/3.6.4 (Windows-10-10.0.16299-SP0) requests/2.18.4 msrest/0.4.24
          msrest_azure/0.4.19 azure-mgmt-datalake-analytics/2016-11-01 Azure-SDK-For-Python]
      accept-language: [en-US]
      x-ms-client-request-id: [0e0d1b30-103c-11e8-bc5a-705a0f2f3d93]
    method: DELETE
    uri: https://management.azure.com/subscriptions/00000000-0000-0000-0000-000000000000/resourceGroups/test_mgmt_datalake_analytics_test_adla_compute_policies768c1684/providers/Microsoft.DataLakeAnalytics/accounts/pyarmadla768c1684/computePolicies/adlapolicy2768c1684?api-version=2016-11-01
  response:
    body: {string: ''}
    headers:
      Cache-Control: [no-cache]
      Connection: [close]
      Content-Length: ['0']
      Date: ['Mon, 12 Feb 2018 21:31:16 GMT']
      Expires: ['-1']
      Pragma: [no-cache]
      Server: [Microsoft-IIS/8.5]
      Strict-Transport-Security: [max-age=31536000; includeSubDomains]
      X-AspNet-Version: [4.0.30319]
      X-Powered-By: [ASP.NET]
      x-ms-correlation-request-id: [18ce7635-2ca0-4e2e-905f-3205f5198ebe]
      x-ms-ratelimit-remaining-subscription-writes: ['1199']
      x-ms-request-id: [5702a9f5-4c05-4a20-a5cb-750cca8ce05f]
      x-ms-routing-request-id: ['WESTUS2:20180212T213116Z:18ce7635-2ca0-4e2e-905f-3205f5198ebe']
    status: {code: 200, message: OK}
- request:
    body: null
    headers:
      Accept: [application/json]
      Accept-Encoding: ['gzip, deflate']
      Connection: [keep-alive]
      Content-Type: [application/json; charset=utf-8]
      User-Agent: [python/3.6.4 (Windows-10-10.0.16299-SP0) requests/2.18.4 msrest/0.4.24
          msrest_azure/0.4.19 azure-mgmt-datalake-analytics/2016-11-01 Azure-SDK-For-Python]
      accept-language: [en-US]
      x-ms-client-request-id: [0eb22f92-103c-11e8-99dc-705a0f2f3d93]
    method: GET
    uri: https://management.azure.com/subscriptions/00000000-0000-0000-0000-000000000000/resourceGroups/test_mgmt_datalake_analytics_test_adla_compute_policies768c1684/providers/Microsoft.DataLakeAnalytics/accounts/pyarmadla768c1684/computePolicies?api-version=2016-11-01
  response:
    body: {string: '{"value":[{"properties":{"objectId":"8ce05900-7a9e-4895-b3f0-0fbcee507803","objectType":"User","maxDegreeOfParallelismPerJob":1,"minPriorityPerJob":1},"id":"/subscriptions/00000000-0000-0000-0000-000000000000/resourceGroups/test_mgmt_datalake_analytics_test_adla_compute_policies768c1684/providers/Microsoft.DataLakeAnalytics/accounts/pyarmadla768c1684/computePolicies/adlapolicy1768c1684","name":"adlapolicy1768c1684","type":"Microsoft.DataLakeAnalytics/accounts/computePolicies"}]}'}
    headers:
      Cache-Control: [no-cache]
      Connection: [close]
      Content-Type: [application/json]
      Date: ['Mon, 12 Feb 2018 21:31:17 GMT']
      Expires: ['-1']
      Pragma: [no-cache]
      Server: [Microsoft-IIS/8.5]
      Strict-Transport-Security: [max-age=31536000; includeSubDomains]
      Vary: [Accept-Encoding]
      X-AspNet-Version: [4.0.30319]
      X-Content-Type-Options: [nosniff]
      X-Powered-By: [ASP.NET]
      content-length: ['483']
      x-ms-correlation-request-id: [c8a847a0-0e8c-4d62-b680-a0ce199bbc15]
      x-ms-ratelimit-remaining-subscription-reads: ['14999']
      x-ms-request-id: [4db309e2-22b9-4cdd-a9f8-5609c065f4a3]
      x-ms-routing-request-id: ['WESTUS2:20180212T213117Z:c8a847a0-0e8c-4d62-b680-a0ce199bbc15']
    status: {code: 200, message: OK}
- request:
    body: null
    headers:
      Accept: [application/json]
      Accept-Encoding: ['gzip, deflate']
      Connection: [keep-alive]
      Content-Length: ['0']
      Content-Type: [application/json; charset=utf-8]
      User-Agent: [python/3.6.4 (Windows-10-10.0.16299-SP0) requests/2.18.4 msrest/0.4.24
          msrest_azure/0.4.19 azure-mgmt-datalake-analytics/2016-11-01 Azure-SDK-For-Python]
      accept-language: [en-US]
      x-ms-client-request-id: [0f3cfcbe-103c-11e8-98f1-705a0f2f3d93]
    method: DELETE
    uri: https://management.azure.com/subscriptions/00000000-0000-0000-0000-000000000000/resourceGroups/test_mgmt_datalake_analytics_test_adla_compute_policies768c1684/providers/Microsoft.DataLakeAnalytics/accounts/pyarmadla768c1684?api-version=2016-11-01
  response:
    body: {string: ''}
    headers:
      Azure-AsyncOperation: ['https://management.azure.com/subscriptions/00000000-0000-0000-0000-000000000000/providers/Microsoft.DataLakeAnalytics/locations/EastUS2/operationResults/d95067c5-77cb-4009-a5b8-6ae591cf3e4c3?api-version=2016-11-01&expanded=true']
      Cache-Control: [no-cache]
      Connection: [close]
      Content-Length: ['0']
      Date: ['Mon, 12 Feb 2018 21:31:20 GMT']
      Expires: ['-1']
      Location: ['https://management.azure.com/subscriptions/00000000-0000-0000-0000-000000000000/resourcegroups/test_mgmt_datalake_analytics_test_adla_compute_policies768c1684/providers/Microsoft.DataLakeAnalytics/accounts/pyarmadla768c1684/operationresults/3?api-version=2016-11-01']
      Pragma: [no-cache]
      Retry-After: ['0']
      Server: [Microsoft-IIS/8.5]
      Strict-Transport-Security: [max-age=31536000; includeSubDomains]
      X-AspNet-Version: [4.0.30319]
      X-Powered-By: [ASP.NET]
      x-ms-correlation-request-id: [04d7b686-b580-4109-b052-1e91f0bcef6f]
      x-ms-ratelimit-remaining-subscription-writes: ['1197']
      x-ms-request-id: [8dd04912-7705-48e0-8f4b-23b96ab107ea]
      x-ms-routing-request-id: ['WESTUS2:20180212T213120Z:04d7b686-b580-4109-b052-1e91f0bcef6f']
    status: {code: 202, message: Accepted}
- request:
    body: null
    headers:
      Accept: [application/json]
      Accept-Encoding: ['gzip, deflate']
      Connection: [keep-alive]
      User-Agent: [python/3.6.4 (Windows-10-10.0.16299-SP0) requests/2.18.4 msrest/0.4.24
          msrest_azure/0.4.19 azure-mgmt-datalake-analytics/2016-11-01 Azure-SDK-For-Python]
      x-ms-client-request-id: [0f3cfcbe-103c-11e8-98f1-705a0f2f3d93]
    method: GET
    uri: https://management.azure.com/subscriptions/00000000-0000-0000-0000-000000000000/providers/Microsoft.DataLakeAnalytics/locations/EastUS2/operationResults/d95067c5-77cb-4009-a5b8-6ae591cf3e4c3?api-version=2016-11-01&expanded=true
  response:
    body: {string: '{"status":"Succeeded"}'}
    headers:
      Cache-Control: [no-cache]
      Connection: [close]
      Content-Type: [application/json]
      Date: ['Mon, 12 Feb 2018 21:31:30 GMT']
      Expires: ['-1']
      Pragma: [no-cache]
      Server: [Microsoft-IIS/8.5]
      Strict-Transport-Security: [max-age=31536000; includeSubDomains]
      Vary: [Accept-Encoding]
      X-AspNet-Version: [4.0.30319]
      X-Content-Type-Options: [nosniff]
      X-Powered-By: [ASP.NET]
      content-length: ['22']
      x-ms-correlation-request-id: [04b8a279-e2c9-4615-8f20-c3f8d880c419]
      x-ms-ratelimit-remaining-subscription-reads: ['14998']
      x-ms-request-id: [80545762-9592-447d-b4ae-a768ce5670d2]
      x-ms-routing-request-id: ['WESTUS2:20180212T213131Z:04b8a279-e2c9-4615-8f20-c3f8d880c419']
    status: {code: 200, message: OK}
version: 1
