interactions:
- request:
    body: '{"location": "westus"}'
    headers:
      Accept: [application/json]
      Accept-Encoding: ['gzip, deflate']
      Connection: [keep-alive]
      Content-Length: ['22']
      Content-Type: [application/json; charset=utf-8]
      User-Agent: [python/3.5.2 (Windows-10-10.0.15063-SP0) requests/2.17.3 msrest/0.4.8
          msrest_azure/0.4.8 resourcemanagementclient/1.1.0 Azure-SDK-For-Python]
      accept-language: [en-US]
      x-ms-client-request-id: [e54f81b4-4ad6-11e7-824f-5065f34efe31]
    method: PUT
    uri: https://management.azure.com/subscriptions/00000000-0000-0000-0000-000000000000/resourcegroups/azkv-pytest?api-version=2017-05-10
  response:
    body: {string: '{"id":"/subscriptions/00000000-0000-0000-0000-000000000000/resourceGroups/azkv-pytest","name":"azkv-pytest","location":"westus","properties":{"provisioningState":"Succeeded"}}'}
    headers:
      Cache-Control: [no-cache]
      Content-Type: [application/json; charset=utf-8]
      Date: ['Tue, 06 Jun 2017 16:40:48 GMT']
      Expires: ['-1']
      Pragma: [no-cache]
      Strict-Transport-Security: [max-age=31536000; includeSubDomains]
      Transfer-Encoding: [chunked]
      Vary: [Accept-Encoding]
      content-length: ['175']
      x-ms-correlation-request-id: [11bf8a4e-89d4-4469-815e-d90739b5351b]
      x-ms-ratelimit-remaining-subscription-writes: ['1189']
      x-ms-request-id: [11bf8a4e-89d4-4469-815e-d90739b5351b]
      x-ms-routing-request-id: ['WESTUS:20170606T164049Z:11bf8a4e-89d4-4469-815e-d90739b5351b']
    status: {code: 200, message: OK}
- request:
    body: '{"key": {"q": "AMPcZrZBqbc82DO8Q5zTT8ZXRGWrW36KktMllaIk1W2RHnRiQiW0jBWmcCgqUcQNHa1LwumjyNqwx28QBS37BTvG7ULGUoio6LrOeoiBGEMj-U19sX6m37plEhj5Mak7j3OPPY_T9rohjTW5aGGg9YSwq4jdz0RrmBX00ofYOjI3",
      "dp": "AMmhWb5yZcu6vJr8xJZ-t0_likxJRUMZAtEULaWZt2DgODj4y9JrZDJP6mvckzhQP0WXk2NuWbU2HR5pUeCN2wieG1B76VKoH76vfnaJDqT1NuJVBcP2SLHog3ffwZtMME5zjfygchG3kihqOSpwTQ9ETAqAJTkRC38fEhwAz_Cp",
      "e": "AQAB", "n": "AKCRTQAjSsaDshtMFdW-2Ie9yVnC5Xr1Suc06PAHINd10nXkVSB-N4TO62ClCkZV3XKnqU0nHo7o95WaZpym53W_DiO62umRtFKdl4UotL2QUh0y3SZWeWuoK2u_x2aMj17rUFN0f9GZMZ0pqEQNCPRBLVJ_-TEe2nGCWSC0exxGsRqz6R1zFkB-icfzQPe4WjQELOUXQ7J9RxhAPTTHtDivYYG-BeTRHrmF04JT1_6b9T_C8bAC0i0teT-nmlBLarQtBJKATXBx1yegbPOoiTqlQrFQP4MrKWNxtnB9Tcbjcvj-Z9je0ckI_eRc4DvAhqcUh_p15Dqg4GeaoNIO_jU",
      "dq": "AKC9TAo9n2RDaggjdLXK8kiLrBVoaWFTpqXkzYXRhtsx4vWPAkxhfSnze05rVMl6HiXv7FnE0f0wYawzUJzoyuXBH0zS6D9BqCZPeF543AmWB27iPf38Q9Z8Rjr6oBgMSnGDV_mm8nDVQkeaDyE4cOZh-5UKvKShTKKQVwunmDNH",
      "p": "ANHerI1o3dLB_VLVmZZVss8VZSYN5SaeQ_0qhfOSgOFwj__waCFmy2EG7l6l6f_Z-Y0L7Mn_LNov68lyWSFa2EuQUeVj4UoFHc5Di8ZUGiSsTwFM-XMtNuv8HmGgDYLL5BIJD3eTz71LdgW-Ez38OZH34b7VeG8zfeUDb8Hi30zz",
      "d": "Ynx9JGaBSP4iUsf6ZJ6opantRNdcdmzaQrKbZg6ZQE8Ohi1FYabJWvaoPSE-CiJEsDzShXZHMhUHN4X7Bn8BXaGQhK3p9HXgiwQKmix7oAJTu4ElUIyd8UC3UWHSZr40el4PaQD-HYu_eMzCXus34MnRiNbh_BUWm6T-Eidhk9d3kNIyaSi9YNDQHW6tjWrEhhq63O7JU1j9ZonFChZxpKk20jdkQKQURVAdpOdL-5j4I70ZxFuU6wHZj8DS8oRQfwGOvZKbgYDb5jgf3UNL_7eACqq92XPVX56vm7iKbqeyjCqAIx5y3hrSRIJtZlWCwjYnYQGd4unxDLi8wmJWSQ",
      "qi": "AJ_nrkLpK8BPzVeARkvSHQyKwMWZ-a8CD95qsKfn0dOZAvXY-2xhQYTEwbED-0bpTNEKbIpA-ZkaHygmnzJkNbbFAnb9pkkzU8ZQqDP3JNgMfVIroWx58Oth9nJza2j7i-MkPRCUPEq3Ao0J52z7WJIiLji8TTVYW_NaiM1oxzsH",
      "key_ops": ["encrypt", "decrypt", "sign", "verify", "wrapKey", "unwrapKey"],
      "kty": "RSA"}, "Hsm": false}'
    headers:
      Accept: [application/json]
      Accept-Encoding: ['gzip, deflate']
      Connection: [keep-alive]
      Content-Length: ['1738']
      Content-Type: [application/json; charset=utf-8]
      User-Agent: [python/3.5.2 (Windows-10-10.0.15063-SP0) requests/2.17.3 msrest/0.4.8
          msrest_azure/0.4.8 keyvaultclient/0.3.4 Azure-SDK-For-Python]
      accept-language: [en-US]
      x-ms-client-request-id: [e578e7cc-4ad6-11e7-8da8-5065f34efe31]
    method: PUT
    uri: https://pytest-shared-vault.vault.azure.net/keys/keywrap98c4122a?api-version=7.0-preview
  response:
    body: {string: '{"key":{"kid":"https://pytest-shared-vault.vault.azure.net/keys/keywrap98c4122a/eb1325e5c5454a1b881ab151d6b083ac","kty":"RSA","key_ops":["encrypt","decrypt","sign","verify","wrapKey","unwrapKey"],"n":"AKCRTQAjSsaDshtMFdW-2Ie9yVnC5Xr1Suc06PAHINd10nXkVSB-N4TO62ClCkZV3XKnqU0nHo7o95WaZpym53W_DiO62umRtFKdl4UotL2QUh0y3SZWeWuoK2u_x2aMj17rUFN0f9GZMZ0pqEQNCPRBLVJ_-TEe2nGCWSC0exxGsRqz6R1zFkB-icfzQPe4WjQELOUXQ7J9RxhAPTTHtDivYYG-BeTRHrmF04JT1_6b9T_C8bAC0i0teT-nmlBLarQtBJKATXBx1yegbPOoiTqlQrFQP4MrKWNxtnB9Tcbjcvj-Z9je0ckI_eRc4DvAhqcUh_p15Dqg4GeaoNIO_jU","e":"AQAB"},"attributes":{"enabled":true,"created":1496767249,"updated":1496767249,"recoverylevel":"Purgeable"}}'}
    headers:
      Cache-Control: [no-cache]
      Content-Length: ['658']
      Content-Type: [application/json; charset=utf-8]
      Date: ['Tue, 06 Jun 2017 16:40:49 GMT']
      Expires: ['-1']
      Pragma: [no-cache]
      Server: [Microsoft-IIS/8.5]
      Strict-Transport-Security: [max-age=31536000;includeSubDomains]
      X-AspNet-Version: [4.0.30319]
      X-Content-Type-Options: [nosniff]
      X-Powered-By: [ASP.NET]
      x-ms-keyvault-region: [westus]
      x-ms-keyvault-service-version: [1.0.0.813]
      x-ms-request-id: [20fa7181-a104-4c24-bbc2-3073111dbb13]
    status: {code: 200, message: OK}
- request:
    body: '{"value": "NDFmMDdkM2M3MGYxOWVmMGYyZGY5OTIxMDUxODUyYTVkOTY5MGQyNDNlOWZiYzVkZDQyOGYxODI3OWY5ZDVmODBkMzhiZmVjZjlhNTgwMWQzMTBkZjVkN2Y4NTI5YTFiZDIwYmNmYzNlMGFjZWY2MjhlOGFjNmFmNGZiYjkwMmNkYmVjNjU4Y2UxNDcwMTdkZDQyM2IwODRhYjQ4ODkwNGJiZTNjMDI1MWI1NjU3YmUwY2ZlZTYxMWZiMzc0OTc0Yjg5YzQyMjQ",
      "alg": "RSA-OAEP"}'
    headers:
      Accept: [application/json]
      Accept-Encoding: ['gzip, deflate']
      Connection: [keep-alive]
      Content-Length: ['299']
      Content-Type: [application/json; charset=utf-8]
      User-Agent: [python/3.5.2 (Windows-10-10.0.15063-SP0) requests/2.17.3 msrest/0.4.8
          msrest_azure/0.4.8 keyvaultclient/0.3.4 Azure-SDK-For-Python]
      accept-language: [en-US]
      x-ms-client-request-id: [e61dfa5e-4ad6-11e7-8d70-5065f34efe31]
    method: POST
    uri: https://pytest-shared-vault.vault.azure.net/keys/keywrap98c4122a/wrapkey?api-version=7.0-preview
  response:
    body: {string: '{"kid":"https://pytest-shared-vault.vault.azure.net/keys/keywrap98c4122a/eb1325e5c5454a1b881ab151d6b083ac","value":"br9yEMudqNTDk2OVzKQ8zAKPuOdDI5f1Qvryvv2g-rPwk8vhKWUl46jbkAkpHGdNmbyKr0jPhayfRJ-OBtcjEA3-EkjD4CTVXdhw6tSPhLgnSE2l5jjRwz47_-nBJa1OXo9KZxe5fNMiDMO-uV8_i_z2TC-MC1G8htDJceyb8KgQ8xpAWBXJpb3i1q_SMaDx0HzwpuInmzsKfUJFAphPUSp4JFS36Y0y9qASF7RAAk-h8f6WMc7f3tdMD4Whx7n3PYWJvwEwa0XJ5ZlLynGsr7XZIsVfO1wlebPNNzTI8qyS8OgJjLoUwhTiSKxouLPPznC8iuk5LbBUavaSBF9VhA"}'}
    headers:
      Cache-Control: [no-cache]
      Content-Length: ['460']
      Content-Type: [application/json; charset=utf-8]
      Date: ['Tue, 06 Jun 2017 16:40:49 GMT']
      Expires: ['-1']
      Pragma: [no-cache]
      Server: [Microsoft-IIS/8.5]
      Strict-Transport-Security: [max-age=31536000;includeSubDomains]
      X-AspNet-Version: [4.0.30319]
      X-Content-Type-Options: [nosniff]
      X-Powered-By: [ASP.NET]
      x-ms-keyvault-region: [westus]
      x-ms-keyvault-service-version: [1.0.0.813]
      x-ms-request-id: [f7b376fd-3667-47a4-820e-932afc7cbdc2]
    status: {code: 200, message: OK}
- request:
    body: '{"value": "br9yEMudqNTDk2OVzKQ8zAKPuOdDI5f1Qvryvv2g-rPwk8vhKWUl46jbkAkpHGdNmbyKr0jPhayfRJ-OBtcjEA3-EkjD4CTVXdhw6tSPhLgnSE2l5jjRwz47_-nBJa1OXo9KZxe5fNMiDMO-uV8_i_z2TC-MC1G8htDJceyb8KgQ8xpAWBXJpb3i1q_SMaDx0HzwpuInmzsKfUJFAphPUSp4JFS36Y0y9qASF7RAAk-h8f6WMc7f3tdMD4Whx7n3PYWJvwEwa0XJ5ZlLynGsr7XZIsVfO1wlebPNNzTI8qyS8OgJjLoUwhTiSKxouLPPznC8iuk5LbBUavaSBF9VhA",
      "alg": "RSA-OAEP"}'
    headers:
      Accept: [application/json]
      Accept-Encoding: ['gzip, deflate']
      Connection: [keep-alive]
      Content-Length: ['374']
      Content-Type: [application/json; charset=utf-8]
      User-Agent: [python/3.5.2 (Windows-10-10.0.15063-SP0) requests/2.17.3 msrest/0.4.8
          msrest_azure/0.4.8 keyvaultclient/0.3.4 Azure-SDK-For-Python]
      accept-language: [en-US]
      x-ms-client-request-id: [e6a00b3a-4ad6-11e7-a388-5065f34efe31]
    method: POST
    uri: https://pytest-shared-vault.vault.azure.net/keys/keywrap98c4122a/unwrapkey?api-version=7.0-preview
  response:
    body: {string: '{"kid":"https://pytest-shared-vault.vault.azure.net/keys/keywrap98c4122a/eb1325e5c5454a1b881ab151d6b083ac","value":"NDFmMDdkM2M3MGYxOWVmMGYyZGY5OTIxMDUxODUyYTVkOTY5MGQyNDNlOWZiYzVkZDQyOGYxODI3OWY5ZDVmODBkMzhiZmVjZjlhNTgwMWQzMTBkZjVkN2Y4NTI5YTFiZDIwYmNmYzNlMGFjZWY2MjhlOGFjNmFmNGZiYjkwMmNkYmVjNjU4Y2UxNDcwMTdkZDQyM2IwODRhYjQ4ODkwNGJiZTNjMDI1MWI1NjU3YmUwY2ZlZTYxMWZiMzc0OTc0Yjg5YzQyMjQ"}'}
    headers:
      Cache-Control: [no-cache]
      Content-Length: ['385']
      Content-Type: [application/json; charset=utf-8]
      Date: ['Tue, 06 Jun 2017 16:40:51 GMT']
      Expires: ['-1']
      Pragma: [no-cache]
      Server: [Microsoft-IIS/8.5]
      Strict-Transport-Security: [max-age=31536000;includeSubDomains]
      X-AspNet-Version: [4.0.30319]
      X-Content-Type-Options: [nosniff]
      X-Powered-By: [ASP.NET]
      x-ms-keyvault-region: [westus]
      x-ms-keyvault-service-version: [1.0.0.813]
      x-ms-request-id: [8fb231db-488c-4da0-b9b4-e5fd777fac06]
    status: {code: 200, message: OK}
- request:
    body: '{"value": "NDFmMDdkM2M3MGYxOWVmMGYyZGY5OTIxMDUxODUyYTVkOTY5MGQyNDNlOWZiYzVkZDQyOGYxODI3OWY5ZDVmODBkMzhiZmVjZjlhNTgwMWQzMTBkZjVkN2Y4NTI5YTFiZDIwYmNmYzNlMGFjZWY2MjhlOGFjNmFmNGZiYjkwMmNkYmVjNjU4Y2UxNDcwMTdkZDQyM2IwODRhYjQ4ODkwNGJiZTNjMDI1MWI1NjU3YmUwY2ZlZTYxMWZiMzc0OTc0Yjg5YzQyMjQ",
      "alg": "RSA-OAEP"}'
    headers:
      Accept: [application/json]
      Accept-Encoding: ['gzip, deflate']
      Connection: [keep-alive]
      Content-Length: ['299']
      Content-Type: [application/json; charset=utf-8]
      User-Agent: [python/3.5.2 (Windows-10-10.0.15063-SP0) requests/2.17.3 msrest/0.4.8
          msrest_azure/0.4.8 keyvaultclient/0.3.4 Azure-SDK-For-Python]
      accept-language: [en-US]
      x-ms-client-request-id: [e704037e-4ad6-11e7-b1a7-5065f34efe31]
    method: POST
    uri: https://pytest-shared-vault.vault.azure.net/keys/keywrap98c4122a/eb1325e5c5454a1b881ab151d6b083ac/wrapkey?api-version=7.0-preview
  response:
    body: {string: '{"kid":"https://pytest-shared-vault.vault.azure.net/keys/keywrap98c4122a/eb1325e5c5454a1b881ab151d6b083ac","value":"bEBlvusbXLETCO-zNLow3OiGTx_gcEAugNSel2R9fuDuaQLumWBNq3ZsPh37Pi0No3YN-2H8O7AmtnJgCHsgw_utAGGrvUdtbTosp7HDOXH40s8dpzHMHeOGkYijBGhec1xpQB9QT8PmrODsX_wyvjh9LpUj02c-rQKRzOLwnzmhYQYYuDV3PpUsK4LKDwqA1RJdtnR1pwRGjIahTYyIAJf6vLxQOQ3SWnIvn0htlTySTnEB1v0UK-9kpY1eAqvJFKQgmYNR2DoF5T2YcayKDnwx9z9Dvk-1RV-2xUgIJ92XzKhhSkI2OSgkBjVuuYQeUsZFx9bHhYC3_9uQJZ2P2Q"}'}
    headers:
      Cache-Control: [no-cache]
      Content-Length: ['460']
      Content-Type: [application/json; charset=utf-8]
      Date: ['Tue, 06 Jun 2017 16:40:52 GMT']
      Expires: ['-1']
      Pragma: [no-cache]
      Server: [Microsoft-IIS/8.5]
      Strict-Transport-Security: [max-age=31536000;includeSubDomains]
      X-AspNet-Version: [4.0.30319]
      X-Content-Type-Options: [nosniff]
      X-Powered-By: [ASP.NET]
      x-ms-keyvault-region: [westus]
      x-ms-keyvault-service-version: [1.0.0.813]
      x-ms-request-id: [da54849d-522e-4e1c-9972-b97103c25582]
    status: {code: 200, message: OK}
- request:
    body: '{"value": "bEBlvusbXLETCO-zNLow3OiGTx_gcEAugNSel2R9fuDuaQLumWBNq3ZsPh37Pi0No3YN-2H8O7AmtnJgCHsgw_utAGGrvUdtbTosp7HDOXH40s8dpzHMHeOGkYijBGhec1xpQB9QT8PmrODsX_wyvjh9LpUj02c-rQKRzOLwnzmhYQYYuDV3PpUsK4LKDwqA1RJdtnR1pwRGjIahTYyIAJf6vLxQOQ3SWnIvn0htlTySTnEB1v0UK-9kpY1eAqvJFKQgmYNR2DoF5T2YcayKDnwx9z9Dvk-1RV-2xUgIJ92XzKhhSkI2OSgkBjVuuYQeUsZFx9bHhYC3_9uQJZ2P2Q",
      "alg": "RSA-OAEP"}'
    headers:
      Accept: [application/json]
      Accept-Encoding: ['gzip, deflate']
      Connection: [keep-alive]
      Content-Length: ['374']
      Content-Type: [application/json; charset=utf-8]
      User-Agent: [python/3.5.2 (Windows-10-10.0.15063-SP0) requests/2.17.3 msrest/0.4.8
          msrest_azure/0.4.8 keyvaultclient/0.3.4 Azure-SDK-For-Python]
      accept-language: [en-US]
      x-ms-client-request-id: [e787eab4-4ad6-11e7-89d9-5065f34efe31]
    method: POST
    uri: https://pytest-shared-vault.vault.azure.net/keys/keywrap98c4122a/eb1325e5c5454a1b881ab151d6b083ac/unwrapkey?api-version=7.0-preview
  response:
    body: {string: '{"kid":"https://pytest-shared-vault.vault.azure.net/keys/keywrap98c4122a/eb1325e5c5454a1b881ab151d6b083ac","value":"NDFmMDdkM2M3MGYxOWVmMGYyZGY5OTIxMDUxODUyYTVkOTY5MGQyNDNlOWZiYzVkZDQyOGYxODI3OWY5ZDVmODBkMzhiZmVjZjlhNTgwMWQzMTBkZjVkN2Y4NTI5YTFiZDIwYmNmYzNlMGFjZWY2MjhlOGFjNmFmNGZiYjkwMmNkYmVjNjU4Y2UxNDcwMTdkZDQyM2IwODRhYjQ4ODkwNGJiZTNjMDI1MWI1NjU3YmUwY2ZlZTYxMWZiMzc0OTc0Yjg5YzQyMjQ"}'}
    headers:
      Cache-Control: [no-cache]
      Content-Length: ['385']
      Content-Type: [application/json; charset=utf-8]
      Date: ['Tue, 06 Jun 2017 16:40:52 GMT']
      Expires: ['-1']
      Pragma: [no-cache]
      Server: [Microsoft-IIS/8.5]
      Strict-Transport-Security: [max-age=31536000;includeSubDomains]
      X-AspNet-Version: [4.0.30319]
      X-Content-Type-Options: [nosniff]
      X-Powered-By: [ASP.NET]
      x-ms-keyvault-region: [westus]
      x-ms-keyvault-service-version: [1.0.0.813]
      x-ms-request-id: [571ae433-aff7-480f-867d-a9e909d6108a]
    status: {code: 200, message: OK}
- request:
    body: '{"location": "westus"}'
    headers:
      Accept: [application/json]
      Accept-Encoding: ['gzip, deflate']
      Connection: [keep-alive]
      Content-Length: ['22']
      Content-Type: [application/json; charset=utf-8]
      User-Agent: [python/3.5.2 (Windows-10-10.0.15063-SP0) requests/2.17.3 msrest/0.4.8
          msrest_azure/0.4.8 resourcemanagementclient/1.1.0 Azure-SDK-For-Python]
      accept-language: [en-US]
      x-ms-client-request-id: [528321e2-4ad8-11e7-bb77-5065f34efe31]
    method: PUT
    uri: https://management.azure.com/subscriptions/00000000-0000-0000-0000-000000000000/resourcegroups/azkv-pytest?api-version=2017-05-10
  response:
    body: {string: '{"id":"/subscriptions/00000000-0000-0000-0000-000000000000/resourceGroups/azkv-pytest","name":"azkv-pytest","location":"westus","properties":{"provisioningState":"Succeeded"}}'}
    headers:
      Cache-Control: [no-cache]
      Content-Type: [application/json; charset=utf-8]
      Date: ['Tue, 06 Jun 2017 16:51:01 GMT']
      Expires: ['-1']
      Pragma: [no-cache]
      Strict-Transport-Security: [max-age=31536000; includeSubDomains]
      Transfer-Encoding: [chunked]
      Vary: [Accept-Encoding]
      content-length: ['175']
      x-ms-correlation-request-id: [18f58352-0a2f-483a-bfbf-9ce321ac66f4]
      x-ms-ratelimit-remaining-subscription-writes: ['1188']
      x-ms-request-id: [18f58352-0a2f-483a-bfbf-9ce321ac66f4]
      x-ms-routing-request-id: ['WESTUS:20170606T165101Z:18f58352-0a2f-483a-bfbf-9ce321ac66f4']
    status: {code: 200, message: OK}
- request:
    body: '{"location": "westus"}'
    headers:
      Accept: [application/json]
      Accept-Encoding: ['gzip, deflate']
      Connection: [keep-alive]
      Content-Length: ['22']
      Content-Type: [application/json; charset=utf-8]
      User-Agent: [python/3.5.2 (Windows-10-10.0.15063-SP0) requests/2.17.3 msrest/0.4.8
          msrest_azure/0.4.8 resourcemanagementclient/1.1.0 Azure-SDK-For-Python]
      accept-language: [en-US]
      x-ms-client-request-id: [c264c724-4add-11e7-917f-5065f34efe31]
    method: PUT
    uri: https://management.azure.com/subscriptions/00000000-0000-0000-0000-000000000000/resourcegroups/azkv-pytest?api-version=2017-05-10
  response:
    body: {string: '{"id":"/subscriptions/00000000-0000-0000-0000-000000000000/resourceGroups/azkv-pytest","name":"azkv-pytest","location":"westus","properties":{"provisioningState":"Succeeded"}}'}
    headers:
      Cache-Control: [no-cache]
      Content-Type: [application/json; charset=utf-8]
      Date: ['Tue, 06 Jun 2017 17:29:56 GMT']
      Expires: ['-1']
      Pragma: [no-cache]
      Strict-Transport-Security: [max-age=31536000; includeSubDomains]
      Transfer-Encoding: [chunked]
      Vary: [Accept-Encoding]
      content-length: ['175']
      x-ms-correlation-request-id: [053bacba-c51d-4dad-92bc-e98fd6e628ba]
      x-ms-ratelimit-remaining-subscription-writes: ['1194']
      x-ms-request-id: [053bacba-c51d-4dad-92bc-e98fd6e628ba]
      x-ms-routing-request-id: ['WESTUS:20170606T172957Z:053bacba-c51d-4dad-92bc-e98fd6e628ba']
    status: {code: 200, message: OK}
- request:
    body: '{"location": "westus", "properties": {"tenantId": "00000000-0000-0000-0000-000000000000",
      "enabledForDiskEncryption": true, "enabledForDeployment": true, "sku": {"name":
      "premium", "family": "A"}, "accessPolicies": [{"tenantId": "00000000-0000-0000-0000-000000000000",
      "permissions": {"storage": ["get", "list", "delete", "set", "update", "regeneratekey",
      "setsas", "listsas", "getsas", "deletesas"], "keys": ["encrypt", "decrypt",
      "wrapKey", "unwrapKey", "sign", "verify", "get", "list", "create", "update",
      "import", "delete", "backup", "restore", "recover", "purge"], "certificates":
      ["get", "list", "delete", "create", "import", "update", "managecontacts", "getissuers",
      "listissuers", "setissuers", "deleteissuers", "manageissuers", "recover", "purge"],
      "secrets": ["get", "list", "set", "delete", "backup", "restore", "recover",
      "purge"]}, "objectId": "00000000-0000-0000-0000-000000000000"}], "enabledForTemplateDeployment":
      true}}'
    headers:
      Accept: [application/json]
      Accept-Encoding: ['gzip, deflate']
      Connection: [keep-alive]
      Content-Length: ['938']
      Content-Type: [application/json; charset=utf-8]
      User-Agent: [python/3.5.2 (Windows-10-10.0.15063-SP0) requests/2.17.3 msrest/0.4.8
          msrest_azure/0.4.8 keyvaultmanagementclient/0.32.0 Azure-SDK-For-Python]
      accept-language: [en-US]
      x-ms-client-request-id: [c2c07c14-4add-11e7-af6e-5065f34efe31]
    method: PUT
    uri: https://management.azure.com/subscriptions/00000000-0000-0000-0000-000000000000/resourceGroups/azkv-pytest/providers/Microsoft.KeyVault/vaults/pytest-shared-vault?api-version=2018-02-14-preview
  response:
    body: {string: '{"id":"/subscriptions/00000000-0000-0000-0000-000000000000/resourceGroups/azkv-pytest/providers/Microsoft.KeyVault/vaults/pytest-shared-vault","name":"pytest-shared-vault","type":"Microsoft.KeyVault/vaults","location":"westus","tags":{},"properties":{"sku":{"family":"A","name":"premium"},"tenantId":"00000000-0000-0000-0000-000000000000","accessPolicies":[{"tenantId":"00000000-0000-0000-0000-000000000000","objectId":"00000000-0000-0000-0000-000000000000","permissions":{"storage":["get","list","delete","set","update","regeneratekey","setsas","listsas","getsas","deletesas"],"keys":["encrypt","decrypt","wrapKey","unwrapKey","sign","verify","get","list","create","update","import","delete","backup","restore","recover","purge"],"certificates":["get","list","delete","create","import","update","managecontacts","getissuers","listissuers","setissuers","deleteissuers","manageissuers","recover","purge"],"secrets":["get","list","set","delete","backup","restore","recover","purge"]}}],"enabledForDeployment":true,"enabledForDiskEncryption":true,"enabledForTemplateDeployment":true,"vaultUri":"https://pytest-shared-vault.vault.azure.net/"}}'}
    headers:
      Cache-Control: [no-cache]
      Content-Type: [application/json; charset=utf-8]
      Date: ['Tue, 06 Jun 2017 17:29:56 GMT']
      Expires: ['-1']
      Pragma: [no-cache]
      Server: [Microsoft-IIS/8.5]
      Strict-Transport-Security: [max-age=31536000; includeSubDomains]
      Transfer-Encoding: [chunked]
      Vary: [Accept-Encoding]
      X-AspNet-Version: [4.0.30319]
      X-Content-Type-Options: [nosniff]
      X-Powered-By: [ASP.NET]
      content-length: ['1139']
      x-ms-correlation-request-id: [c63a0e17-e405-4aab-86c8-e253f34a3d37]
      x-ms-keyvault-service-version: [1.0.0.164]
      x-ms-ratelimit-remaining-subscription-writes: ['1190']
      x-ms-request-id: [c63a0e17-e405-4aab-86c8-e253f34a3d37]
      x-ms-routing-request-id: ['WESTUS:20170606T172957Z:c63a0e17-e405-4aab-86c8-e253f34a3d37']
    status: {code: 200, message: OK}
- request:
    body: null
    headers:
      Accept: [application/json]
      Accept-Encoding: ['gzip, deflate']
      Connection: [keep-alive]
      Content-Type: [application/json; charset=utf-8]
      User-Agent: [python/3.5.2 (Windows-10-10.0.15063-SP0) requests/2.17.3 msrest/0.4.8
          msrest_azure/0.4.8 keyvaultmanagementclient/0.32.0 Azure-SDK-For-Python]
      accept-language: [en-US]
      x-ms-client-request-id: [bf9fa062-4add-11e7-a7b8-5065f34efe31]
    method: GET
    uri: https://management.azure.com/subscriptions/00000000-0000-0000-0000-000000000000/providers/Microsoft.KeyVault/locations/westus/operationResults/VVR8MDYzNjMyMzY2OTkyODkxMjU2Nnw2QUU5Nzg3M0QwREY0RDU5ODhBMzQ5NzcwNjcyREU3OA?api-version=2018-02-14-preview
  response:
    body: {string: '{"createdDateTime":"2017-06-06 17:29:51Z","status":"NotStarted"}'}
    headers:
      Cache-Control: [no-cache]
      Content-Length: ['64']
      Content-Type: [application/json; charset=utf-8]
      Date: ['Tue, 06 Jun 2017 17:29:57 GMT']
      Expires: ['-1']
      Location: ['https://management.azure.com/subscriptions/00000000-0000-0000-0000-000000000000/providers/Microsoft.KeyVault/locations/westus/operationResults/VVR8MDYzNjMyMzY2OTkyODkxMjU2Nnw2QUU5Nzg3M0QwREY0RDU5ODhBMzQ5NzcwNjcyREU3OA?api-version=2018-02-14-preview']
      Pragma: [no-cache]
      Retry-After: ['0']
      Server: [Microsoft-IIS/8.5]
      Strict-Transport-Security: [max-age=31536000; includeSubDomains]
      X-AspNet-Version: [4.0.30319]
      X-Content-Type-Options: [nosniff]
      X-Powered-By: [ASP.NET]
      x-ms-correlation-request-id: [aac0ce0e-d22a-4ea9-940c-06e49c68c1aa]
      x-ms-keyvault-service-version: [1.0.0.164]
      x-ms-ratelimit-remaining-subscription-reads: ['14998']
      x-ms-request-id: [aac0ce0e-d22a-4ea9-940c-06e49c68c1aa]
      x-ms-routing-request-id: ['WESTUS:20170606T172958Z:aac0ce0e-d22a-4ea9-940c-06e49c68c1aa']
    status: {code: 202, message: Accepted}
- request:
    body: null
    headers:
      Accept: [application/json]
      Accept-Encoding: ['gzip, deflate']
      Connection: [keep-alive]
      Content-Type: [application/json; charset=utf-8]
      User-Agent: [python/3.5.2 (Windows-10-10.0.15063-SP0) requests/2.17.3 msrest/0.4.8
          msrest_azure/0.4.8 keyvaultmanagementclient/0.32.0 Azure-SDK-For-Python]
      accept-language: [en-US]
      x-ms-client-request-id: [bf9fa062-4add-11e7-a7b8-5065f34efe31]
    method: GET
    uri: https://management.azure.com/subscriptions/00000000-0000-0000-0000-000000000000/providers/Microsoft.KeyVault/locations/westus/operationResults/VVR8MDYzNjMyMzY2OTkyODkxMjU2Nnw2QUU5Nzg3M0QwREY0RDU5ODhBMzQ5NzcwNjcyREU3OA?api-version=2018-02-14-preview
  response:
    body: {string: '{"createdDateTime":"2017-06-06 17:29:51Z","status":"NotStarted"}'}
    headers:
      Cache-Control: [no-cache]
      Content-Length: ['64']
      Content-Type: [application/json; charset=utf-8]
      Date: ['Tue, 06 Jun 2017 17:30:02 GMT']
      Expires: ['-1']
      Location: ['https://management.azure.com/subscriptions/00000000-0000-0000-0000-000000000000/providers/Microsoft.KeyVault/locations/westus/operationResults/VVR8MDYzNjMyMzY2OTkyODkxMjU2Nnw2QUU5Nzg3M0QwREY0RDU5ODhBMzQ5NzcwNjcyREU3OA?api-version=2018-02-14-preview']
      Pragma: [no-cache]
      Retry-After: ['0']
      Server: [Microsoft-IIS/8.5]
      Strict-Transport-Security: [max-age=31536000; includeSubDomains]
      X-AspNet-Version: [4.0.30319]
      X-Content-Type-Options: [nosniff]
      X-Powered-By: [ASP.NET]
      x-ms-correlation-request-id: [cd8767e3-7bc3-45e1-99ed-3e9e8becefd4]
      x-ms-keyvault-service-version: [1.0.0.164]
      x-ms-ratelimit-remaining-subscription-reads: ['14997']
      x-ms-request-id: [cd8767e3-7bc3-45e1-99ed-3e9e8becefd4]
      x-ms-routing-request-id: ['WESTUS:20170606T173003Z:cd8767e3-7bc3-45e1-99ed-3e9e8becefd4']
    status: {code: 202, message: Accepted}
- request:
    body: '{"key": {"key_ops": ["encrypt", "decrypt", "sign", "verify", "wrapKey",
      "unwrapKey"], "e": "AQAB", "p": "ANHerI1o3dLB_VLVmZZVss8VZSYN5SaeQ_0qhfOSgOFwj__waCFmy2EG7l6l6f_Z-Y0L7Mn_LNov68lyWSFa2EuQUeVj4UoFHc5Di8ZUGiSsTwFM-XMtNuv8HmGgDYLL5BIJD3eTz71LdgW-Ez38OZH34b7VeG8zfeUDb8Hi30zz",
      "qi": "AJ_nrkLpK8BPzVeARkvSHQyKwMWZ-a8CD95qsKfn0dOZAvXY-2xhQYTEwbED-0bpTNEKbIpA-ZkaHygmnzJkNbbFAnb9pkkzU8ZQqDP3JNgMfVIroWx58Oth9nJza2j7i-MkPRCUPEq3Ao0J52z7WJIiLji8TTVYW_NaiM1oxzsH",
      "dq": "AKC9TAo9n2RDaggjdLXK8kiLrBVoaWFTpqXkzYXRhtsx4vWPAkxhfSnze05rVMl6HiXv7FnE0f0wYawzUJzoyuXBH0zS6D9BqCZPeF543AmWB27iPf38Q9Z8Rjr6oBgMSnGDV_mm8nDVQkeaDyE4cOZh-5UKvKShTKKQVwunmDNH",
      "n": "AKCRTQAjSsaDshtMFdW-2Ie9yVnC5Xr1Suc06PAHINd10nXkVSB-N4TO62ClCkZV3XKnqU0nHo7o95WaZpym53W_DiO62umRtFKdl4UotL2QUh0y3SZWeWuoK2u_x2aMj17rUFN0f9GZMZ0pqEQNCPRBLVJ_-TEe2nGCWSC0exxGsRqz6R1zFkB-icfzQPe4WjQELOUXQ7J9RxhAPTTHtDivYYG-BeTRHrmF04JT1_6b9T_C8bAC0i0teT-nmlBLarQtBJKATXBx1yegbPOoiTqlQrFQP4MrKWNxtnB9Tcbjcvj-Z9je0ckI_eRc4DvAhqcUh_p15Dqg4GeaoNIO_jU",
      "dp": "AMmhWb5yZcu6vJr8xJZ-t0_likxJRUMZAtEULaWZt2DgODj4y9JrZDJP6mvckzhQP0WXk2NuWbU2HR5pUeCN2wieG1B76VKoH76vfnaJDqT1NuJVBcP2SLHog3ffwZtMME5zjfygchG3kihqOSpwTQ9ETAqAJTkRC38fEhwAz_Cp",
      "d": "Ynx9JGaBSP4iUsf6ZJ6opantRNdcdmzaQrKbZg6ZQE8Ohi1FYabJWvaoPSE-CiJEsDzShXZHMhUHN4X7Bn8BXaGQhK3p9HXgiwQKmix7oAJTu4ElUIyd8UC3UWHSZr40el4PaQD-HYu_eMzCXus34MnRiNbh_BUWm6T-Eidhk9d3kNIyaSi9YNDQHW6tjWrEhhq63O7JU1j9ZonFChZxpKk20jdkQKQURVAdpOdL-5j4I70ZxFuU6wHZj8DS8oRQfwGOvZKbgYDb5jgf3UNL_7eACqq92XPVX56vm7iKbqeyjCqAIx5y3hrSRIJtZlWCwjYnYQGd4unxDLi8wmJWSQ",
      "q": "AMPcZrZBqbc82DO8Q5zTT8ZXRGWrW36KktMllaIk1W2RHnRiQiW0jBWmcCgqUcQNHa1LwumjyNqwx28QBS37BTvG7ULGUoio6LrOeoiBGEMj-U19sX6m37plEhj5Mak7j3OPPY_T9rohjTW5aGGg9YSwq4jdz0RrmBX00ofYOjI3",
      "kty": "RSA"}, "Hsm": false}'
    headers:
      Accept: [application/json]
      Accept-Encoding: ['gzip, deflate']
      Connection: [keep-alive]
      Content-Length: ['1738']
      Content-Type: [application/json; charset=utf-8]
      User-Agent: [python/3.5.2 (Windows-10-10.0.15063-SP0) requests/2.17.3 msrest/0.4.8
          msrest_azure/0.4.8 keyvaultclient/0.3.4 Azure-SDK-For-Python]
      accept-language: [en-US]
      x-ms-client-request-id: [c902baba-4add-11e7-82fa-5065f34efe31]
    method: PUT
    uri: https://pytest-shared-vault.vault.azure.net/keys/keywrap98c4122a?api-version=7.0-preview
  response:
    body: {string: '{"key":{"kid":"https://pytest-shared-vault.vault.azure.net/keys/keywrap98c4122a/03acb54ecc5b45148cc7d3161b3da3ad","kty":"RSA","key_ops":["encrypt","decrypt","sign","verify","wrapKey","unwrapKey"],"n":"AKCRTQAjSsaDshtMFdW-2Ie9yVnC5Xr1Suc06PAHINd10nXkVSB-N4TO62ClCkZV3XKnqU0nHo7o95WaZpym53W_DiO62umRtFKdl4UotL2QUh0y3SZWeWuoK2u_x2aMj17rUFN0f9GZMZ0pqEQNCPRBLVJ_-TEe2nGCWSC0exxGsRqz6R1zFkB-icfzQPe4WjQELOUXQ7J9RxhAPTTHtDivYYG-BeTRHrmF04JT1_6b9T_C8bAC0i0teT-nmlBLarQtBJKATXBx1yegbPOoiTqlQrFQP4MrKWNxtnB9Tcbjcvj-Z9je0ckI_eRc4DvAhqcUh_p15Dqg4GeaoNIO_jU","e":"AQAB"},"attributes":{"enabled":true,"created":1496770210,"updated":1496770210,"recoverylevel":"Purgeable"}}'}
    headers:
      Cache-Control: [no-cache]
      Content-Length: ['658']
      Content-Type: [application/json; charset=utf-8]
      Date: ['Tue, 06 Jun 2017 17:30:09 GMT']
      Expires: ['-1']
      Pragma: [no-cache]
      Server: [Microsoft-IIS/8.5]
      Strict-Transport-Security: [max-age=31536000;includeSubDomains]
      X-AspNet-Version: [4.0.30319]
      X-Content-Type-Options: [nosniff]
      X-Powered-By: [ASP.NET]
      x-ms-keyvault-region: [westus]
      x-ms-keyvault-service-version: [1.0.0.813]
      x-ms-request-id: [d1e0b031-5c8f-43a0-ab91-16651a64a883]
    status: {code: 200, message: OK}
- request:
    body: '{"value": "MzVhNGMxM2YzYWRhNmI1MDE4MmY3MzdjMzIyZjQ4Njk5OTIwNzUxZmU2NjZkOTY4MTJjYmEwNmM3MzYxZjVkMjZlZGNjYzdiZTc4YTVmYzE0OWMyN2UzNDU4NzM4OWI1MTVjOGU4NGMzMGM5YWViOTJhNTBjY2M0MDNjYWJlZmYwNzQzMWYzZGUxZWU2NDc0MjYwYjVkNGJjMDdiNGZjMzMwZmI5MTkzZjcyMmRiYjgwNDQzYzdkMDUxYjhhZDMwYjQ5MTgzMjE",
      "alg": "RSA-OAEP"}'
    headers:
      Accept: [application/json]
      Accept-Encoding: ['gzip, deflate']
      Connection: [keep-alive]
      Content-Length: ['299']
      Content-Type: [application/json; charset=utf-8]
      User-Agent: [python/3.5.2 (Windows-10-10.0.15063-SP0) requests/2.17.3 msrest/0.4.8
          msrest_azure/0.4.8 keyvaultclient/0.3.4 Azure-SDK-For-Python]
      accept-language: [en-US]
      x-ms-client-request-id: [ca4389b8-4add-11e7-9c1b-5065f34efe31]
    method: POST
    uri: https://pytest-shared-vault.vault.azure.net/keys/keywrap98c4122a/wrapkey?api-version=7.0-preview
  response:
    body: {string: '{"kid":"https://pytest-shared-vault.vault.azure.net/keys/keywrap98c4122a/03acb54ecc5b45148cc7d3161b3da3ad","value":"gHDXApl0OwLLeDOIL3I1kyTvgov_lVy4DO-w7APZP8-GknLpcfS9_vu-LNdS1JNzPBNzMps3GNouRexWHm03xZTYQHZ1Fcrrd1-Uf6pwIJs5cXSm-JIY0CVFO9fKttB6YG_of2jBfBe2Sr1_xMUO4ZVpLwhlTCXuuqQ8_R-p6KscGk0IrJ0gZmhsYeUAvB_Iey3KeaWIKfzc5WCBf7wY_5_sxVOkq0w4WRgXpfbW_F2c1sFyevT0ONYlNBxU_JJa-Y-TF7LJ_Qbbc4B6oKOfrTttrD6j3DG8F_WDwliYRU2Rj7cT9UVKvVN65VSVjZQ91HdEoEtKFgNPSmTHfYKeFQ"}'}
    headers:
      Cache-Control: [no-cache]
      Content-Length: ['460']
      Content-Type: [application/json; charset=utf-8]
      Date: ['Tue, 06 Jun 2017 17:30:09 GMT']
      Expires: ['-1']
      Pragma: [no-cache]
      Server: [Microsoft-IIS/8.5]
      Strict-Transport-Security: [max-age=31536000;includeSubDomains]
      X-AspNet-Version: [4.0.30319]
      X-Content-Type-Options: [nosniff]
      X-Powered-By: [ASP.NET]
      x-ms-keyvault-region: [westus]
      x-ms-keyvault-service-version: [1.0.0.813]
      x-ms-request-id: [f6da60d3-d241-445a-a598-9050cc604d76]
    status: {code: 200, message: OK}
- request:
    body: '{"value": "gHDXApl0OwLLeDOIL3I1kyTvgov_lVy4DO-w7APZP8-GknLpcfS9_vu-LNdS1JNzPBNzMps3GNouRexWHm03xZTYQHZ1Fcrrd1-Uf6pwIJs5cXSm-JIY0CVFO9fKttB6YG_of2jBfBe2Sr1_xMUO4ZVpLwhlTCXuuqQ8_R-p6KscGk0IrJ0gZmhsYeUAvB_Iey3KeaWIKfzc5WCBf7wY_5_sxVOkq0w4WRgXpfbW_F2c1sFyevT0ONYlNBxU_JJa-Y-TF7LJ_Qbbc4B6oKOfrTttrD6j3DG8F_WDwliYRU2Rj7cT9UVKvVN65VSVjZQ91HdEoEtKFgNPSmTHfYKeFQ",
      "alg": "RSA-OAEP"}'
    headers:
      Accept: [application/json]
      Accept-Encoding: ['gzip, deflate']
      Connection: [keep-alive]
      Content-Length: ['374']
      Content-Type: [application/json; charset=utf-8]
      User-Agent: [python/3.5.2 (Windows-10-10.0.15063-SP0) requests/2.17.3 msrest/0.4.8
          msrest_azure/0.4.8 keyvaultclient/0.3.4 Azure-SDK-For-Python]
      accept-language: [en-US]
      x-ms-client-request-id: [cabcb408-4add-11e7-9075-5065f34efe31]
    method: POST
    uri: https://pytest-shared-vault.vault.azure.net/keys/keywrap98c4122a/unwrapkey?api-version=7.0-preview
  response:
    body: {string: '{"kid":"https://pytest-shared-vault.vault.azure.net/keys/keywrap98c4122a/03acb54ecc5b45148cc7d3161b3da3ad","value":"MzVhNGMxM2YzYWRhNmI1MDE4MmY3MzdjMzIyZjQ4Njk5OTIwNzUxZmU2NjZkOTY4MTJjYmEwNmM3MzYxZjVkMjZlZGNjYzdiZTc4YTVmYzE0OWMyN2UzNDU4NzM4OWI1MTVjOGU4NGMzMGM5YWViOTJhNTBjY2M0MDNjYWJlZmYwNzQzMWYzZGUxZWU2NDc0MjYwYjVkNGJjMDdiNGZjMzMwZmI5MTkzZjcyMmRiYjgwNDQzYzdkMDUxYjhhZDMwYjQ5MTgzMjE"}'}
    headers:
      Cache-Control: [no-cache]
      Content-Length: ['385']
      Content-Type: [application/json; charset=utf-8]
      Date: ['Tue, 06 Jun 2017 17:30:11 GMT']
      Expires: ['-1']
      Pragma: [no-cache]
      Server: [Microsoft-IIS/8.5]
      Strict-Transport-Security: [max-age=31536000;includeSubDomains]
      X-AspNet-Version: [4.0.30319]
      X-Content-Type-Options: [nosniff]
      X-Powered-By: [ASP.NET]
      x-ms-keyvault-region: [westus]
      x-ms-keyvault-service-version: [1.0.0.813]
      x-ms-request-id: [30b80c71-800f-4f87-8690-294699b09246]
    status: {code: 200, message: OK}
- request:
    body: '{"value": "MzVhNGMxM2YzYWRhNmI1MDE4MmY3MzdjMzIyZjQ4Njk5OTIwNzUxZmU2NjZkOTY4MTJjYmEwNmM3MzYxZjVkMjZlZGNjYzdiZTc4YTVmYzE0OWMyN2UzNDU4NzM4OWI1MTVjOGU4NGMzMGM5YWViOTJhNTBjY2M0MDNjYWJlZmYwNzQzMWYzZGUxZWU2NDc0MjYwYjVkNGJjMDdiNGZjMzMwZmI5MTkzZjcyMmRiYjgwNDQzYzdkMDUxYjhhZDMwYjQ5MTgzMjE",
      "alg": "RSA-OAEP"}'
    headers:
      Accept: [application/json]
      Accept-Encoding: ['gzip, deflate']
      Connection: [keep-alive]
      Content-Length: ['299']
      Content-Type: [application/json; charset=utf-8]
      User-Agent: [python/3.5.2 (Windows-10-10.0.15063-SP0) requests/2.17.3 msrest/0.4.8
          msrest_azure/0.4.8 keyvaultclient/0.3.4 Azure-SDK-For-Python]
      accept-language: [en-US]
      x-ms-client-request-id: [cb494bba-4add-11e7-8f8e-5065f34efe31]
    method: POST
    uri: https://pytest-shared-vault.vault.azure.net/keys/keywrap98c4122a/03acb54ecc5b45148cc7d3161b3da3ad/wrapkey?api-version=7.0-preview
  response:
    body: {string: '{"kid":"https://pytest-shared-vault.vault.azure.net/keys/keywrap98c4122a/03acb54ecc5b45148cc7d3161b3da3ad","value":"gi_z1id4uHpX5f4IRkcg24NtFXPdUU6gPssU3-JRTUCm6y0YTn5Y1sGILE_Tu0jdEtrdmwvHuJFc68qWUBkdJ1MYuC_lkS9xd4wVcGyTbZVO0K1ker-KDox17Kb_oQHj80xcqRbBMNh6b4xDcq8pMnONRONsSPqo1KPUJmAivp1yVYQ_mldb5WIVUY0ZcudXEz0vf9hI8YZY9TJpShwGU4rF1F3pmx2asOmaN0Z7s2i378vNmHQVxpkat6lLU0T4LpgsDXmRZYjzhxCMdWT7MwnDLBh36ka_EcNlzvCAhkssVHH_QJIXLS8YXTHF64c5Eg_gB0_cYaMdnKXsRED8JA"}'}
    headers:
      Cache-Control: [no-cache]
      Content-Length: ['460']
      Content-Type: [application/json; charset=utf-8]
      Date: ['Tue, 06 Jun 2017 17:30:11 GMT']
      Expires: ['-1']
      Pragma: [no-cache]
      Server: [Microsoft-IIS/8.5]
      Strict-Transport-Security: [max-age=31536000;includeSubDomains]
      X-AspNet-Version: [4.0.30319]
      X-Content-Type-Options: [nosniff]
      X-Powered-By: [ASP.NET]
      x-ms-keyvault-region: [westus]
      x-ms-keyvault-service-version: [1.0.0.813]
      x-ms-request-id: [7d2865c6-f4c0-4876-9371-bdffd2e85833]
    status: {code: 200, message: OK}
- request:
    body: '{"value": "gi_z1id4uHpX5f4IRkcg24NtFXPdUU6gPssU3-JRTUCm6y0YTn5Y1sGILE_Tu0jdEtrdmwvHuJFc68qWUBkdJ1MYuC_lkS9xd4wVcGyTbZVO0K1ker-KDox17Kb_oQHj80xcqRbBMNh6b4xDcq8pMnONRONsSPqo1KPUJmAivp1yVYQ_mldb5WIVUY0ZcudXEz0vf9hI8YZY9TJpShwGU4rF1F3pmx2asOmaN0Z7s2i378vNmHQVxpkat6lLU0T4LpgsDXmRZYjzhxCMdWT7MwnDLBh36ka_EcNlzvCAhkssVHH_QJIXLS8YXTHF64c5Eg_gB0_cYaMdnKXsRED8JA",
      "alg": "RSA-OAEP"}'
    headers:
      Accept: [application/json]
      Accept-Encoding: ['gzip, deflate']
      Connection: [keep-alive]
      Content-Length: ['374']
      Content-Type: [application/json; charset=utf-8]
      User-Agent: [python/3.5.2 (Windows-10-10.0.15063-SP0) requests/2.17.3 msrest/0.4.8
          msrest_azure/0.4.8 keyvaultclient/0.3.4 Azure-SDK-For-Python]
      accept-language: [en-US]
      x-ms-client-request-id: [cbcc9e12-4add-11e7-9828-5065f34efe31]
    method: POST
    uri: https://pytest-shared-vault.vault.azure.net/keys/keywrap98c4122a/03acb54ecc5b45148cc7d3161b3da3ad/unwrapkey?api-version=7.0-preview
  response:
    body: {string: '{"kid":"https://pytest-shared-vault.vault.azure.net/keys/keywrap98c4122a/03acb54ecc5b45148cc7d3161b3da3ad","value":"MzVhNGMxM2YzYWRhNmI1MDE4MmY3MzdjMzIyZjQ4Njk5OTIwNzUxZmU2NjZkOTY4MTJjYmEwNmM3MzYxZjVkMjZlZGNjYzdiZTc4YTVmYzE0OWMyN2UzNDU4NzM4OWI1MTVjOGU4NGMzMGM5YWViOTJhNTBjY2M0MDNjYWJlZmYwNzQzMWYzZGUxZWU2NDc0MjYwYjVkNGJjMDdiNGZjMzMwZmI5MTkzZjcyMmRiYjgwNDQzYzdkMDUxYjhhZDMwYjQ5MTgzMjE"}'}
    headers:
      Cache-Control: [no-cache]
      Content-Length: ['385']
      Content-Type: [application/json; charset=utf-8]
      Date: ['Tue, 06 Jun 2017 17:30:13 GMT']
      Expires: ['-1']
      Pragma: [no-cache]
      Server: [Microsoft-IIS/8.5]
      Strict-Transport-Security: [max-age=31536000;includeSubDomains]
      X-AspNet-Version: [4.0.30319]
      X-Content-Type-Options: [nosniff]
      X-Powered-By: [ASP.NET]
      x-ms-keyvault-region: [westus]
      x-ms-keyvault-service-version: [1.0.0.813]
      x-ms-request-id: [fc639e6e-f4fc-4c47-9b86-dc687cc6edd3]
    status: {code: 200, message: OK}
version: 1
