interactions:
- request:
    body: '{"location": "westus"}'
    headers:
      Accept: [application/json]
      Accept-Encoding: ['gzip, deflate']
      Connection: [keep-alive]
      Content-Length: ['22']
      Content-Type: [application/json; charset=utf-8]
      User-Agent: [python/3.5.2 (Windows-10-10.0.15063-SP0) requests/2.17.3 msrest/0.4.8
          msrest_azure/0.4.8 resourcemanagementclient/1.1.0 Azure-SDK-For-Python]
      accept-language: [en-US]
      x-ms-client-request-id: [f338cdc0-4ad6-11e7-bfa2-5065f34efe31]
    method: PUT
    uri: https://management.azure.com/subscriptions/00000000-0000-0000-0000-000000000000/resourcegroups/azkv-pytest?api-version=2017-05-10
  response:
    body: {string: '{"id":"/subscriptions/00000000-0000-0000-0000-000000000000/resourceGroups/azkv-pytest","name":"azkv-pytest","location":"westus","properties":{"provisioningState":"Succeeded"}}'}
    headers:
      Cache-Control: [no-cache]
      Content-Type: [application/json; charset=utf-8]
      Date: ['Tue, 06 Jun 2017 16:41:12 GMT']
      Expires: ['-1']
      Pragma: [no-cache]
      Strict-Transport-Security: [max-age=31536000; includeSubDomains]
      Transfer-Encoding: [chunked]
      Vary: [Accept-Encoding]
      content-length: ['175']
      x-ms-correlation-request-id: [096eda6a-04f6-4dbf-8735-57f0f80776be]
      x-ms-ratelimit-remaining-subscription-writes: ['1193']
      x-ms-request-id: [096eda6a-04f6-4dbf-8735-57f0f80776be]
      x-ms-routing-request-id: ['WESTUS:20170606T164112Z:096eda6a-04f6-4dbf-8735-57f0f80776be']
    status: {code: 200, message: OK}
- request:
    body: '{"value": "secVald17e1370"}'
    headers:
      Accept: [application/json]
      Accept-Encoding: ['gzip, deflate']
      Connection: [keep-alive]
      Content-Length: ['27']
      Content-Type: [application/json; charset=utf-8]
      User-Agent: [python/3.5.2 (Windows-10-10.0.15063-SP0) requests/2.17.3 msrest/0.4.8
          msrest_azure/0.4.8 keyvaultclient/0.3.4 Azure-SDK-For-Python]
      accept-language: [en-US]
      x-ms-client-request-id: [f3616990-4ad6-11e7-a9ee-5065f34efe31]
    method: PUT
    uri: https://pytest-shared-vault.vault.azure.net/secrets/secd17e1370?api-version=7.0-preview
  response:
    body: {string: '{"value":"secVald17e1370","id":"https://pytest-shared-vault.vault.azure.net/secrets/secd17e1370/402495a3b6794727a581cd997c90a537","attributes":{"enabled":true,"created":1496767273,"updated":1496767273,"recoverylevel":"Purgeable"}}'}
    headers:
      Cache-Control: [no-cache]
      Content-Length: ['230']
      Content-Type: [application/json; charset=utf-8]
      Date: ['Tue, 06 Jun 2017 16:41:12 GMT']
      Expires: ['-1']
      Pragma: [no-cache]
      Server: [Microsoft-IIS/8.5]
      Strict-Transport-Security: [max-age=31536000;includeSubDomains]
      X-AspNet-Version: [4.0.30319]
      X-Content-Type-Options: [nosniff]
      X-Powered-By: [ASP.NET]
      x-ms-keyvault-region: [westus]
      x-ms-keyvault-service-version: [1.0.0.813]
      x-ms-request-id: [d14b01dd-cecc-4608-981f-24b7f056259a]
    status: {code: 200, message: OK}
- request:
    body: null
    headers:
      Accept: [application/json]
      Accept-Encoding: ['gzip, deflate']
      Connection: [keep-alive]
      Content-Type: [application/json; charset=utf-8]
      User-Agent: [python/3.5.2 (Windows-10-10.0.15063-SP0) requests/2.17.3 msrest/0.4.8
          msrest_azure/0.4.8 keyvaultclient/0.3.4 Azure-SDK-For-Python]
      accept-language: [en-US]
      x-ms-client-request-id: [f3e20c1a-4ad6-11e7-9629-5065f34efe31]
    method: GET
    uri: https://pytest-shared-vault.vault.azure.net/secrets/secd17e1370/?api-version=7.0-preview
  response:
    body: {string: '{"value":"secVald17e1370","id":"https://pytest-shared-vault.vault.azure.net/secrets/secd17e1370/402495a3b6794727a581cd997c90a537","attributes":{"enabled":true,"created":1496767273,"updated":1496767273,"recoverylevel":"Purgeable"}}'}
    headers:
      Cache-Control: [no-cache]
      Content-Length: ['230']
      Content-Type: [application/json; charset=utf-8]
      Date: ['Tue, 06 Jun 2017 16:41:13 GMT']
      Expires: ['-1']
      Pragma: [no-cache]
      Server: [Microsoft-IIS/8.5]
      Strict-Transport-Security: [max-age=31536000;includeSubDomains]
      X-AspNet-Version: [4.0.30319]
      X-Content-Type-Options: [nosniff]
      X-Powered-By: [ASP.NET]
      x-ms-keyvault-region: [westus]
      x-ms-keyvault-service-version: [1.0.0.813]
      x-ms-request-id: [b63f9d5b-2e6a-40e6-84f9-7bd415a861a3]
    status: {code: 200, message: OK}
- request:
    body: null
    headers:
      Accept: [application/json]
      Accept-Encoding: ['gzip, deflate']
      Connection: [keep-alive]
      Content-Type: [application/json; charset=utf-8]
      User-Agent: [python/3.5.2 (Windows-10-10.0.15063-SP0) requests/2.17.3 msrest/0.4.8
          msrest_azure/0.4.8 keyvaultclient/0.3.4 Azure-SDK-For-Python]
      accept-language: [en-US]
      x-ms-client-request-id: [f459eeae-4ad6-11e7-8d28-5065f34efe31]
    method: GET
    uri: https://pytest-shared-vault.vault.azure.net/secrets/secd17e1370/402495a3b6794727a581cd997c90a537?api-version=7.0-preview
  response:
    body: {string: '{"value":"secVald17e1370","id":"https://pytest-shared-vault.vault.azure.net/secrets/secd17e1370/402495a3b6794727a581cd997c90a537","attributes":{"enabled":true,"created":1496767273,"updated":1496767273,"recoverylevel":"Purgeable"}}'}
    headers:
      Cache-Control: [no-cache]
      Content-Length: ['230']
      Content-Type: [application/json; charset=utf-8]
      Date: ['Tue, 06 Jun 2017 16:41:14 GMT']
      Expires: ['-1']
      Pragma: [no-cache]
      Server: [Microsoft-IIS/8.5]
      Strict-Transport-Security: [max-age=31536000;includeSubDomains]
      X-AspNet-Version: [4.0.30319]
      X-Content-Type-Options: [nosniff]
      X-Powered-By: [ASP.NET]
      x-ms-keyvault-region: [westus]
      x-ms-keyvault-service-version: [1.0.0.813]
      x-ms-request-id: [9adaa402-dec3-4ec3-80c9-4b4d60396a28]
    status: {code: 200, message: OK}
- request:
    body: '{"tags": {"foo": "updated tag"}, "attributes": {"exp": 2527401600, "enabled":
      true}, "contentType": "text/plain"}'
    headers:
      Accept: [application/json]
      Accept-Encoding: ['gzip, deflate']
      Connection: [keep-alive]
      Content-Length: ['113']
      Content-Type: [application/json; charset=utf-8]
      User-Agent: [python/3.5.2 (Windows-10-10.0.15063-SP0) requests/2.17.3 msrest/0.4.8
          msrest_azure/0.4.8 keyvaultclient/0.3.4 Azure-SDK-For-Python]
      accept-language: [en-US]
      x-ms-client-request-id: [f4d5789e-4ad6-11e7-93b3-5065f34efe31]
    method: PATCH
    uri: https://pytest-shared-vault.vault.azure.net/secrets/secd17e1370/?api-version=7.0-preview
  response:
    body: {string: '{"contentType":"text/plain","id":"https://pytest-shared-vault.vault.azure.net/secrets/secd17e1370/402495a3b6794727a581cd997c90a537","attributes":{"enabled":true,"exp":2527401600,"created":1496767273,"updated":1496767278,"recoverylevel":"Purgeable"},"tags":{"foo":"updated
        tag"}}'}
    headers:
      Cache-Control: [no-cache]
      Content-Length: ['278']
      Content-Type: [application/json; charset=utf-8]
      Date: ['Tue, 06 Jun 2017 16:41:19 GMT']
      Expires: ['-1']
      Pragma: [no-cache]
      Server: [Microsoft-IIS/8.5]
      Strict-Transport-Security: [max-age=31536000;includeSubDomains]
      X-AspNet-Version: [4.0.30319]
      X-Content-Type-Options: [nosniff]
      X-Powered-By: [ASP.NET]
      x-ms-keyvault-region: [westus]
      x-ms-keyvault-service-version: [1.0.0.813]
      x-ms-request-id: [9e54c634-a863-4474-a6ca-5c7d60ffad77]
    status: {code: 200, message: OK}
- request:
    body: '{"tags": {"foo": "updated tag"}, "attributes": {"exp": 2527401600, "enabled":
      true}, "contentType": "text/plain"}'
    headers:
      Accept: [application/json]
      Accept-Encoding: ['gzip, deflate']
      Connection: [keep-alive]
      Content-Length: ['113']
      Content-Type: [application/json; charset=utf-8]
      User-Agent: [python/3.5.2 (Windows-10-10.0.15063-SP0) requests/2.17.3 msrest/0.4.8
          msrest_azure/0.4.8 keyvaultclient/0.3.4 Azure-SDK-For-Python]
      accept-language: [en-US]
      x-ms-client-request-id: [f80dde94-4ad6-11e7-9a83-5065f34efe31]
    method: PATCH
    uri: https://pytest-shared-vault.vault.azure.net/secrets/secd17e1370/402495a3b6794727a581cd997c90a537?api-version=7.0-preview
  response:
    body: {string: '{"contentType":"text/plain","id":"https://pytest-shared-vault.vault.azure.net/secrets/secd17e1370/402495a3b6794727a581cd997c90a537","attributes":{"enabled":true,"exp":2527401600,"created":1496767273,"updated":1496767281,"recoverylevel":"Purgeable"},"tags":{"foo":"updated
        tag"}}'}
    headers:
      Cache-Control: [no-cache]
      Content-Length: ['278']
      Content-Type: [application/json; charset=utf-8]
      Date: ['Tue, 06 Jun 2017 16:41:21 GMT']
      Expires: ['-1']
      Pragma: [no-cache]
      Server: [Microsoft-IIS/8.5]
      Strict-Transport-Security: [max-age=31536000;includeSubDomains]
      X-AspNet-Version: [4.0.30319]
      X-Content-Type-Options: [nosniff]
      X-Powered-By: [ASP.NET]
      x-ms-keyvault-region: [westus]
      x-ms-keyvault-service-version: [1.0.0.813]
      x-ms-request-id: [c947aa6c-9a44-4e22-aad0-134d8d071a17]
    status: {code: 200, message: OK}
- request:
    body: null
    headers:
      Accept: [application/json]
      Accept-Encoding: ['gzip, deflate']
      Connection: [keep-alive]
      Content-Length: ['0']
      Content-Type: [application/json; charset=utf-8]
      User-Agent: [python/3.5.2 (Windows-10-10.0.15063-SP0) requests/2.17.3 msrest/0.4.8
          msrest_azure/0.4.8 keyvaultclient/0.3.4 Azure-SDK-For-Python]
      accept-language: [en-US]
      x-ms-client-request-id: [f8b91648-4ad6-11e7-8743-5065f34efe31]
    method: DELETE
    uri: https://pytest-shared-vault.vault.azure.net/secrets/secd17e1370?api-version=7.0-preview
  response:
    body: {string: '{"contentType":"text/plain","id":"https://pytest-shared-vault.vault.azure.net/secrets/secd17e1370/402495a3b6794727a581cd997c90a537","attributes":{"enabled":true,"exp":2527401600,"created":1496767273,"updated":1496767281,"recoverylevel":"Purgeable"},"tags":{"foo":"updated
        tag"}}'}
    headers:
      Cache-Control: [no-cache]
      Content-Length: ['278']
      Content-Type: [application/json; charset=utf-8]
      Date: ['Tue, 06 Jun 2017 16:41:21 GMT']
      Expires: ['-1']
      Pragma: [no-cache]
      Server: [Microsoft-IIS/8.5]
      Strict-Transport-Security: [max-age=31536000;includeSubDomains]
      X-AspNet-Version: [4.0.30319]
      X-Content-Type-Options: [nosniff]
      X-Powered-By: [ASP.NET]
      x-ms-keyvault-region: [westus]
      x-ms-keyvault-service-version: [1.0.0.813]
      x-ms-request-id: [13669abb-ddc7-4c64-b109-08b72aa5948c]
    status: {code: 200, message: OK}
- request:
    body: null
    headers:
      Accept: [application/json]
      Accept-Encoding: ['gzip, deflate']
      Connection: [keep-alive]
      Content-Type: [application/json; charset=utf-8]
      User-Agent: [python/3.5.2 (Windows-10-10.0.15063-SP0) requests/2.17.3 msrest/0.4.8
          msrest_azure/0.4.8 keyvaultclient/0.3.4 Azure-SDK-For-Python]
      accept-language: [en-US]
      x-ms-client-request-id: [f92bf642-4ad6-11e7-b06d-5065f34efe31]
    method: GET
    uri: https://pytest-shared-vault.vault.azure.net/secrets/secd17e1370/?api-version=7.0-preview
  response:
    body: {string: '{"error":{"code":"SecretNotFound","message":"Secret not found:
        secd17e1370"}}'}
    headers:
      Cache-Control: [no-cache]
      Content-Length: ['77']
      Content-Type: [application/json; charset=utf-8]
      Date: ['Tue, 06 Jun 2017 16:41:21 GMT']
      Expires: ['-1']
      Pragma: [no-cache]
      Server: [Microsoft-IIS/8.5]
      Strict-Transport-Security: [max-age=31536000;includeSubDomains]
      X-AspNet-Version: [4.0.30319]
      X-Content-Type-Options: [nosniff]
      X-Powered-By: [ASP.NET]
      x-ms-keyvault-region: [westus]
      x-ms-keyvault-service-version: [1.0.0.813]
      x-ms-request-id: [77134d9c-fef4-4dc6-a548-77a0d913ab3f]
    status: {code: 404, message: Not Found}
version: 1
