interactions:
- request:
    body: '{"location": "westus"}'
    headers:
      Accept: [application/json]
      Accept-Encoding: ['gzip, deflate']
      Connection: [keep-alive]
      Content-Length: ['22']
      Content-Type: [application/json; charset=utf-8]
      User-Agent: [python/3.5.1 (Windows-10-10.0.14372-SP0) requests/2.10.0 msrest/0.4.0
          msrest_azure/0.4.1 resourcemanagementclient/0.30.0rc5 Azure-SDK-For-Python]
      accept-language: [en-US]
      x-ms-client-request-id: [1c327498-4adc-11e6-85ee-00155d4b0101]
    method: PUT
    uri: https://management.azure.com/subscriptions/00000000-0000-0000-0000-000000000000/resourcegroups/test_mgmt_network_test_express_route_circuit9edf1275?api-version=2016-02-01
  response:
    body: {string: '{"id":"/subscriptions/00000000-0000-0000-0000-000000000000/resourceGroups/test_mgmt_network_test_express_route_circuit9edf1275","name":"test_mgmt_network_test_express_route_circuit9edf1275","location":"westus","properties":{"provisioningState":"Succeeded"}}'}
    headers:
      Cache-Control: [no-cache]
      Content-Length: ['257']
      Content-Type: [application/json; charset=utf-8]
      Date: ['Fri, 15 Jul 2016 22:33:10 GMT']
      Expires: ['-1']
      Pragma: [no-cache]
      Strict-Transport-Security: [max-age=31536000; includeSubDomains]
      x-ms-correlation-request-id: [917d4c21-dbe7-4795-95d2-ad35f916a510]
      x-ms-ratelimit-remaining-subscription-writes: ['1192']
      x-ms-request-id: [917d4c21-dbe7-4795-95d2-ad35f916a510]
      x-ms-routing-request-id: ['WESTUS:20160715T223311Z:917d4c21-dbe7-4795-95d2-ad35f916a510']
    status: {code: 201, message: Created}
- request:
    body: '{"sku": {"name": "Standard_MeteredData", "family": "MeteredData", "tier":
      "Standard"}, "location": "westus", "properties": {"serviceProviderProperties":
      {"peeringLocation": "Chicago", "serviceProviderName": "Comcast", "bandwidthInMbps":
      100}}}'
    headers:
      Accept: [application/json]
      Accept-Encoding: ['gzip, deflate']
      Connection: [keep-alive]
      Content-Length: ['243']
      Content-Type: [application/json; charset=utf-8]
      User-Agent: [python/3.5.1 (Windows-10-10.0.14372-SP0) requests/2.10.0 msrest/0.4.0
          msrest_azure/0.4.1 networkmanagementclient/0.30.0rc5 Azure-SDK-For-Python]
      accept-language: [en-US]
      x-ms-client-request-id: [1c89471a-4adc-11e6-84af-00155d4b0101]
    method: PUT
    uri: https://management.azure.com/subscriptions/00000000-0000-0000-0000-000000000000/resourceGroups/test_mgmt_network_test_express_route_circuit9edf1275/providers/Microsoft.Network/expressRouteCircuits/pyexpressroute9edf1275?api-version=2016-06-01
  response:
    body: {string: "{\r\n  \"name\": \"pyexpressroute9edf1275\",\r\n  \"id\": \"/subscriptions/00000000-0000-0000-0000-000000000000/resourceGroups/test_mgmt_network_test_express_route_circuit9edf1275/providers/Microsoft.Network/expressRouteCircuits/pyexpressroute9edf1275\"\
        ,\r\n  \"etag\": \"W/\\\"9b61c74f-1bc8-40ec-a910-0df684a0c807\\\"\",\r\n \
        \ \"type\": \"Microsoft.Network/expressRouteCircuits\",\r\n  \"location\"\
        : \"westus\",\r\n  \"properties\": {\r\n    \"provisioningState\": \"Updating\"\
        ,\r\n    \"resourceGuid\": \"4ac1fe3d-ad4c-419c-b034-7253cb0dba41\",\r\n \
        \   \"peerings\": [],\r\n    \"authorizations\": [],\r\n    \"serviceProviderProperties\"\
        : {\r\n      \"serviceProviderName\": \"Comcast\",\r\n      \"peeringLocation\"\
        : \"Chicago\",\r\n      \"bandwidthInMbps\": 100\r\n    },\r\n    \"circuitProvisioningState\"\
        : \"Disabled\",\r\n    \"allowClassicOperations\": false,\r\n    \"serviceKey\"\
        : \"00000000-0000-0000-0000-000000000000\",\r\n    \"serviceProviderProvisioningState\"\
        : \"NotProvisioned\"\r\n  },\r\n  \"sku\": {\r\n    \"name\": \"Standard_MeteredData\"\
        ,\r\n    \"tier\": \"Standard\",\r\n    \"family\": \"MeteredData\"\r\n  }\r\
        \n}"}
    headers:
      Azure-AsyncOperation: ['https://management.azure.com/subscriptions/00000000-0000-0000-0000-000000000000/providers/Microsoft.Network/locations/westus/operations/a6e44076-cfd5-4495-8618-88e9cd30b486?api-version=2016-06-01']
      Cache-Control: [no-cache]
      Content-Length: ['1012']
      Content-Type: [application/json; charset=utf-8]
      Date: ['Fri, 15 Jul 2016 22:33:10 GMT']
      Expires: ['-1']
      Pragma: [no-cache]
      Retry-After: ['0']
      Server: [Microsoft-HTTPAPI/2.0, Microsoft-HTTPAPI/2.0]
      Strict-Transport-Security: [max-age=31536000; includeSubDomains]
      x-ms-correlation-request-id: [e1834073-4e72-49c9-8e68-13a88c054b11]
      x-ms-ratelimit-remaining-subscription-writes: ['1194']
      x-ms-request-id: [a6e44076-cfd5-4495-8618-88e9cd30b486]
      x-ms-routing-request-id: ['WESTUS:20160715T223311Z:e1834073-4e72-49c9-8e68-13a88c054b11']
    status: {code: 201, message: Created}
- request:
    body: null
    headers:
      Accept: [application/json]
      Accept-Encoding: ['gzip, deflate']
      Connection: [keep-alive]
      Content-Type: [application/json; charset=utf-8]
      User-Agent: [python/3.5.1 (Windows-10-10.0.14372-SP0) requests/2.10.0 msrest/0.4.0
          msrest_azure/0.4.1 networkmanagementclient/0.30.0rc5 Azure-SDK-For-Python]
      accept-language: [en-US]
      x-ms-client-request-id: [1c89471a-4adc-11e6-84af-00155d4b0101]
    method: GET
    uri: https://management.azure.com/subscriptions/00000000-0000-0000-0000-000000000000/providers/Microsoft.Network/locations/westus/operations/a6e44076-cfd5-4495-8618-88e9cd30b486?api-version=2016-06-01
  response:
    body: {string: "{\r\n  \"status\": \"InProgress\"\r\n}"}
    headers:
      Cache-Control: [no-cache]
      Content-Type: [application/json; charset=utf-8]
      Date: ['Fri, 15 Jul 2016 22:33:21 GMT']
      Expires: ['-1']
      Pragma: [no-cache]
      Server: [Microsoft-HTTPAPI/2.0, Microsoft-HTTPAPI/2.0]
      Strict-Transport-Security: [max-age=31536000; includeSubDomains]
      Transfer-Encoding: [chunked]
      Vary: [Accept-Encoding]
      content-length: ['30']
      x-ms-correlation-request-id: [e3a86d79-3c6d-4051-a3a4-6c1ed465a078]
      x-ms-ratelimit-remaining-subscription-reads: ['14992']
      x-ms-request-id: [22d65d80-5f6c-44a4-8e1d-e21ad6799117]
      x-ms-routing-request-id: ['WESTUS:20160715T223322Z:e3a86d79-3c6d-4051-a3a4-6c1ed465a078']
    status: {code: 200, message: OK}
- request:
    body: null
    headers:
      Accept: [application/json]
      Accept-Encoding: ['gzip, deflate']
      Connection: [keep-alive]
      Content-Type: [application/json; charset=utf-8]
      User-Agent: [python/3.5.1 (Windows-10-10.0.14372-SP0) requests/2.10.0 msrest/0.4.0
          msrest_azure/0.4.1 networkmanagementclient/0.30.0rc5 Azure-SDK-For-Python]
      accept-language: [en-US]
      x-ms-client-request-id: [1c89471a-4adc-11e6-84af-00155d4b0101]
    method: GET
    uri: https://management.azure.com/subscriptions/00000000-0000-0000-0000-000000000000/providers/Microsoft.Network/locations/westus/operations/a6e44076-cfd5-4495-8618-88e9cd30b486?api-version=2016-06-01
  response:
    body: {string: "{\r\n  \"status\": \"Succeeded\"\r\n}"}
    headers:
      Cache-Control: [no-cache]
      Content-Type: [application/json; charset=utf-8]
      Date: ['Fri, 15 Jul 2016 22:33:52 GMT']
      Expires: ['-1']
      Pragma: [no-cache]
      Server: [Microsoft-HTTPAPI/2.0, Microsoft-HTTPAPI/2.0]
      Strict-Transport-Security: [max-age=31536000; includeSubDomains]
      Transfer-Encoding: [chunked]
      Vary: [Accept-Encoding]
      content-length: ['29']
      x-ms-correlation-request-id: [48865834-fd50-4afc-b38d-e2a381549726]
      x-ms-ratelimit-remaining-subscription-reads: ['14995']
      x-ms-request-id: [ee629ca7-8682-420f-bab4-0d55c31b222a]
      x-ms-routing-request-id: ['WESTUS:20160715T223352Z:48865834-fd50-4afc-b38d-e2a381549726']
    status: {code: 200, message: OK}
- request:
    body: null
    headers:
      Accept: [application/json]
      Accept-Encoding: ['gzip, deflate']
      Connection: [keep-alive]
      Content-Type: [application/json; charset=utf-8]
      User-Agent: [python/3.5.1 (Windows-10-10.0.14372-SP0) requests/2.10.0 msrest/0.4.0
          msrest_azure/0.4.1 networkmanagementclient/0.30.0rc5 Azure-SDK-For-Python]
      accept-language: [en-US]
      x-ms-client-request-id: [1c89471a-4adc-11e6-84af-00155d4b0101]
    method: GET
    uri: https://management.azure.com/subscriptions/00000000-0000-0000-0000-000000000000/resourceGroups/test_mgmt_network_test_express_route_circuit9edf1275/providers/Microsoft.Network/expressRouteCircuits/pyexpressroute9edf1275?api-version=2016-06-01
  response:
    body: {string: "{\r\n  \"name\": \"pyexpressroute9edf1275\",\r\n  \"id\": \"/subscriptions/00000000-0000-0000-0000-000000000000/resourceGroups/test_mgmt_network_test_express_route_circuit9edf1275/providers/Microsoft.Network/expressRouteCircuits/pyexpressroute9edf1275\"\
        ,\r\n  \"etag\": \"W/\\\"22059123-a534-4b3e-a1ab-dfb1aaa07376\\\"\",\r\n \
        \ \"type\": \"Microsoft.Network/expressRouteCircuits\",\r\n  \"location\"\
        : \"westus\",\r\n  \"properties\": {\r\n    \"provisioningState\": \"Succeeded\"\
        ,\r\n    \"resourceGuid\": \"4ac1fe3d-ad4c-419c-b034-7253cb0dba41\",\r\n \
        \   \"peerings\": [],\r\n    \"authorizations\": [],\r\n    \"serviceProviderProperties\"\
        : {\r\n      \"serviceProviderName\": \"Comcast\",\r\n      \"peeringLocation\"\
        : \"Chicago\",\r\n      \"bandwidthInMbps\": 100\r\n    },\r\n    \"circuitProvisioningState\"\
        : \"Enabled\",\r\n    \"allowClassicOperations\": false,\r\n    \"serviceKey\"\
        : \"0a4ae968-116c-40cb-af6b-6977100b4f4f\",\r\n    \"serviceProviderProvisioningState\"\
        : \"NotProvisioned\"\r\n  },\r\n  \"sku\": {\r\n    \"name\": \"Standard_MeteredData\"\
        ,\r\n    \"tier\": \"Standard\",\r\n    \"family\": \"MeteredData\"\r\n  }\r\
        \n}"}
    headers:
      Cache-Control: [no-cache]
      Content-Type: [application/json; charset=utf-8]
      Date: ['Fri, 15 Jul 2016 22:33:54 GMT']
      Expires: ['-1']
      Pragma: [no-cache]
      Server: [Microsoft-HTTPAPI/2.0, Microsoft-HTTPAPI/2.0]
      Strict-Transport-Security: [max-age=31536000; includeSubDomains]
      Transfer-Encoding: [chunked]
      Vary: [Accept-Encoding]
      content-length: ['1012']
      x-ms-correlation-request-id: [6df33a64-49b2-42dc-a84f-6629129493e2]
      x-ms-ratelimit-remaining-subscription-reads: ['14988']
      x-ms-request-id: [d852898a-2bd3-433e-be20-c376cc26f391]
      x-ms-routing-request-id: ['WESTUS:20160715T223354Z:6df33a64-49b2-42dc-a84f-6629129493e2']
    status: {code: 200, message: OK}
- request:
    body: null
    headers:
      Accept: [application/json]
      Accept-Encoding: ['gzip, deflate']
      Connection: [keep-alive]
      Content-Type: [application/json; charset=utf-8]
      User-Agent: [python/3.5.1 (Windows-10-10.0.14372-SP0) requests/2.10.0 msrest/0.4.0
          msrest_azure/0.4.1 networkmanagementclient/0.30.0rc5 Azure-SDK-For-Python]
      accept-language: [en-US]
      x-ms-client-request-id: [363bd810-4adc-11e6-8498-00155d4b0101]
    method: GET
    uri: https://management.azure.com/subscriptions/00000000-0000-0000-0000-000000000000/resourceGroups/test_mgmt_network_test_express_route_circuit9edf1275/providers/Microsoft.Network/expressRouteCircuits/pyexpressroute9edf1275?api-version=2016-06-01
  response:
    body: {string: "{\r\n  \"name\": \"pyexpressroute9edf1275\",\r\n  \"id\": \"/subscriptions/00000000-0000-0000-0000-000000000000/resourceGroups/test_mgmt_network_test_express_route_circuit9edf1275/providers/Microsoft.Network/expressRouteCircuits/pyexpressroute9edf1275\"\
        ,\r\n  \"etag\": \"W/\\\"22059123-a534-4b3e-a1ab-dfb1aaa07376\\\"\",\r\n \
        \ \"type\": \"Microsoft.Network/expressRouteCircuits\",\r\n  \"location\"\
        : \"westus\",\r\n  \"properties\": {\r\n    \"provisioningState\": \"Succeeded\"\
        ,\r\n    \"resourceGuid\": \"4ac1fe3d-ad4c-419c-b034-7253cb0dba41\",\r\n \
        \   \"peerings\": [],\r\n    \"authorizations\": [],\r\n    \"serviceProviderProperties\"\
        : {\r\n      \"serviceProviderName\": \"Comcast\",\r\n      \"peeringLocation\"\
        : \"Chicago\",\r\n      \"bandwidthInMbps\": 100\r\n    },\r\n    \"circuitProvisioningState\"\
        : \"Enabled\",\r\n    \"allowClassicOperations\": false,\r\n    \"serviceKey\"\
        : \"0a4ae968-116c-40cb-af6b-6977100b4f4f\",\r\n    \"serviceProviderProvisioningState\"\
        : \"NotProvisioned\"\r\n  },\r\n  \"sku\": {\r\n    \"name\": \"Standard_MeteredData\"\
        ,\r\n    \"tier\": \"Standard\",\r\n    \"family\": \"MeteredData\"\r\n  }\r\
        \n}"}
    headers:
      Cache-Control: [no-cache]
      Content-Type: [application/json; charset=utf-8]
      Date: ['Fri, 15 Jul 2016 22:33:54 GMT']
      Expires: ['-1']
      Pragma: [no-cache]
      Server: [Microsoft-HTTPAPI/2.0, Microsoft-HTTPAPI/2.0]
      Strict-Transport-Security: [max-age=31536000; includeSubDomains]
      Transfer-Encoding: [chunked]
      Vary: [Accept-Encoding]
      content-length: ['1012']
      x-ms-correlation-request-id: [416db148-515e-4dcb-8c13-fb00fcd1db08]
      x-ms-ratelimit-remaining-subscription-reads: ['14991']
      x-ms-request-id: [df442351-7d2a-4c8d-a343-80ff0e729fef]
      x-ms-routing-request-id: ['WESTUS:20160715T223355Z:416db148-515e-4dcb-8c13-fb00fcd1db08']
    status: {code: 200, message: OK}
- request:
    body: null
    headers:
      Accept: [application/json]
      Accept-Encoding: ['gzip, deflate']
      Connection: [keep-alive]
      Content-Type: [application/json; charset=utf-8]
      User-Agent: [python/3.5.1 (Windows-10-10.0.14372-SP0) requests/2.10.0 msrest/0.4.0
          msrest_azure/0.4.1 networkmanagementclient/0.30.0rc5 Azure-SDK-For-Python]
      accept-language: [en-US]
      x-ms-client-request-id: [36b553d8-4adc-11e6-8797-00155d4b0101]
    method: GET
    uri: https://management.azure.com/subscriptions/00000000-0000-0000-0000-000000000000/resourceGroups/test_mgmt_network_test_express_route_circuit9edf1275/providers/Microsoft.Network/expressRouteCircuits?api-version=2016-06-01
  response:
    body: {string: "{\r\n  \"value\": [\r\n    {\r\n      \"name\": \"pyexpressroute9edf1275\"\
        ,\r\n      \"id\": \"/subscriptions/00000000-0000-0000-0000-000000000000/resourceGroups/test_mgmt_network_test_express_route_circuit9edf1275/providers/Microsoft.Network/expressRouteCircuits/pyexpressroute9edf1275\"\
        ,\r\n      \"etag\": \"W/\\\"22059123-a534-4b3e-a1ab-dfb1aaa07376\\\"\",\r\
        \n      \"type\": \"Microsoft.Network/expressRouteCircuits\",\r\n      \"\
        location\": \"westus\",\r\n      \"properties\": {\r\n        \"provisioningState\"\
        : \"Succeeded\",\r\n        \"resourceGuid\": \"4ac1fe3d-ad4c-419c-b034-7253cb0dba41\"\
        ,\r\n        \"peerings\": [],\r\n        \"authorizations\": [],\r\n    \
        \    \"serviceProviderProperties\": {\r\n          \"serviceProviderName\"\
        : \"Comcast\",\r\n          \"peeringLocation\": \"Chicago\",\r\n        \
        \  \"bandwidthInMbps\": 100\r\n        },\r\n        \"circuitProvisioningState\"\
        : \"Enabled\",\r\n        \"allowClassicOperations\": false,\r\n        \"\
        serviceKey\": \"0a4ae968-116c-40cb-af6b-6977100b4f4f\",\r\n        \"serviceProviderProvisioningState\"\
        : \"NotProvisioned\"\r\n      },\r\n      \"sku\": {\r\n        \"name\":\
        \ \"Standard_MeteredData\",\r\n        \"tier\": \"Standard\",\r\n       \
        \ \"family\": \"MeteredData\"\r\n      }\r\n    }\r\n  ]\r\n}"}
    headers:
      Cache-Control: [no-cache]
      Content-Type: [application/json; charset=utf-8]
      Date: ['Fri, 15 Jul 2016 22:33:54 GMT']
      Expires: ['-1']
      Pragma: [no-cache]
      Server: [Microsoft-HTTPAPI/2.0, Microsoft-HTTPAPI/2.0]
      Strict-Transport-Security: [max-age=31536000; includeSubDomains]
      Transfer-Encoding: [chunked]
      Vary: [Accept-Encoding]
      content-length: ['1145']
      x-ms-correlation-request-id: [588c72ab-a482-474f-ab7b-d1abea353a52]
      x-ms-ratelimit-remaining-subscription-reads: ['14994']
      x-ms-request-id: [5ccc4f52-67cf-48bb-b31c-57a7c3156819]
      x-ms-routing-request-id: ['WESTUS:20160715T223355Z:588c72ab-a482-474f-ab7b-d1abea353a52']
    status: {code: 200, message: OK}
- request:
    body: null
    headers:
      Accept: [application/json]
      Accept-Encoding: ['gzip, deflate']
      Connection: [keep-alive]
      Content-Type: [application/json; charset=utf-8]
      User-Agent: [python/3.5.1 (Windows-10-10.0.14372-SP0) requests/2.10.0 msrest/0.4.0
          msrest_azure/0.4.1 networkmanagementclient/0.30.0rc5 Azure-SDK-For-Python]
      accept-language: [en-US]
      x-ms-client-request-id: [3716506e-4adc-11e6-911a-00155d4b0101]
    method: GET
    uri: https://management.azure.com/subscriptions/00000000-0000-0000-0000-000000000000/providers/Microsoft.Network/expressRouteCircuits?api-version=2016-06-01
  response:
    body: {string: "{\r\n  \"value\": [\r\n    {\r\n      \"name\": \"pyexpressroute9edf1275\"\
        ,\r\n      \"id\": \"/subscriptions/00000000-0000-0000-0000-000000000000/resourceGroups/test_mgmt_network_test_express_route_circuit9edf1275/providers/Microsoft.Network/expressRouteCircuits/pyexpressroute9edf1275\"\
        ,\r\n      \"etag\": \"W/\\\"22059123-a534-4b3e-a1ab-dfb1aaa07376\\\"\",\r\
        \n      \"type\": \"Microsoft.Network/expressRouteCircuits\",\r\n      \"\
        location\": \"westus\",\r\n      \"properties\": {\r\n        \"provisioningState\"\
        : \"Succeeded\",\r\n        \"resourceGuid\": \"4ac1fe3d-ad4c-419c-b034-7253cb0dba41\"\
        ,\r\n        \"peerings\": [],\r\n        \"authorizations\": [],\r\n    \
        \    \"serviceProviderProperties\": {\r\n          \"serviceProviderName\"\
        : \"Comcast\",\r\n          \"peeringLocation\": \"Chicago\",\r\n        \
        \  \"bandwidthInMbps\": 100\r\n        },\r\n        \"circuitProvisioningState\"\
        : \"Enabled\",\r\n        \"allowClassicOperations\": false,\r\n        \"\
        serviceKey\": \"0a4ae968-116c-40cb-af6b-6977100b4f4f\",\r\n        \"serviceProviderProvisioningState\"\
        : \"NotProvisioned\"\r\n      },\r\n      \"sku\": {\r\n        \"name\":\
        \ \"Standard_MeteredData\",\r\n        \"tier\": \"Standard\",\r\n       \
        \ \"family\": \"MeteredData\"\r\n      }\r\n    }\r\n  ]\r\n}"}
    headers:
      Cache-Control: [no-cache]
      Content-Type: [application/json; charset=utf-8]
      Date: ['Fri, 15 Jul 2016 22:33:56 GMT']
      Expires: ['-1']
      Pragma: [no-cache]
      Server: [Microsoft-HTTPAPI/2.0, Microsoft-HTTPAPI/2.0]
      Strict-Transport-Security: [max-age=31536000; includeSubDomains]
      Transfer-Encoding: [chunked]
      Vary: [Accept-Encoding]
      content-length: ['1145']
      x-ms-correlation-request-id: [ddbaa643-fb26-42b4-b547-9fc4f433a932]
      x-ms-ratelimit-remaining-subscription-reads: ['14996']
      x-ms-request-id: [6ea7f735-783f-4b1a-a71d-cce5459f0a51]
      x-ms-routing-request-id: ['WESTUS:20160715T223356Z:ddbaa643-fb26-42b4-b547-9fc4f433a932']
    status: {code: 200, message: OK}
- request:
    body: null
    headers:
      Accept: [application/json]
      Accept-Encoding: ['gzip, deflate']
      Connection: [keep-alive]
      Content-Type: [application/json; charset=utf-8]
      User-Agent: [python/3.5.1 (Windows-10-10.0.14372-SP0) requests/2.10.0 msrest/0.4.0
          msrest_azure/0.4.1 networkmanagementclient/0.30.0rc5 Azure-SDK-For-Python]
      accept-language: [en-US]
      x-ms-client-request-id: [379d2152-4adc-11e6-a0a6-00155d4b0101]
    method: GET
    uri: https://management.azure.com/subscriptions/00000000-0000-0000-0000-000000000000/resourceGroups/test_mgmt_network_test_express_route_circuit9edf1275/providers/Microsoft.Network/expressRouteCircuits/pyexpressroute9edf1275/stats?api-version=2016-06-01
  response:
    body: {string: "{\r\n  \"primaryBytesIn\": 0,\r\n  \"primaryBytesOut\": 0,\r\n\
        \  \"secondaryBytesIn\": 0,\r\n  \"secondaryBytesOut\": 0\r\n}"}
    headers:
      Cache-Control: [no-cache]
      Content-Type: [application/json; charset=utf-8]
      Date: ['Fri, 15 Jul 2016 22:33:56 GMT']
      Expires: ['-1']
      Pragma: [no-cache]
      Server: [Microsoft-HTTPAPI/2.0, Microsoft-HTTPAPI/2.0]
      Strict-Transport-Security: [max-age=31536000; includeSubDomains]
      Transfer-Encoding: [chunked]
      Vary: [Accept-Encoding]
      content-length: ['105']
      x-ms-correlation-request-id: [de80cba4-2349-4a94-9b33-498bb68dd6a6]
      x-ms-ratelimit-remaining-subscription-reads: ['14995']
      x-ms-request-id: [95165fb8-845f-4138-ae7f-f19610ea9318]
      x-ms-routing-request-id: ['WESTUS:20160715T223357Z:de80cba4-2349-4a94-9b33-498bb68dd6a6']
    status: {code: 200, message: OK}
- request:
    body: '{"properties": {"peeringType": "AzurePublicPeering", "peerASN": 100, "vlanId":
      200, "primaryPeerAddressPrefix": "192.168.1.0/30", "secondaryPeerAddressPrefix":
      "192.168.2.0/30"}}'
    headers:
      Accept: [application/json]
      Accept-Encoding: ['gzip, deflate']
      Connection: [keep-alive]
      Content-Length: ['178']
      Content-Type: [application/json; charset=utf-8]
      User-Agent: [python/3.5.1 (Windows-10-10.0.14372-SP0) requests/2.10.0 msrest/0.4.0
          msrest_azure/0.4.1 networkmanagementclient/0.30.0rc5 Azure-SDK-For-Python]
      accept-language: [en-US]
      x-ms-client-request-id: [380881be-4adc-11e6-bc6f-00155d4b0101]
    method: PUT
    uri: https://management.azure.com/subscriptions/00000000-0000-0000-0000-000000000000/resourceGroups/test_mgmt_network_test_express_route_circuit9edf1275/providers/Microsoft.Network/expressRouteCircuits/pyexpressroute9edf1275/peerings/AzurePublicPeering?api-version=2016-06-01
  response:
    body: {string: "{\r\n  \"name\": \"AzurePublicPeering\",\r\n  \"id\": \"/subscriptions/00000000-0000-0000-0000-000000000000/resourceGroups/test_mgmt_network_test_express_route_circuit9edf1275/providers/Microsoft.Network/expressRouteCircuits/pyexpressroute9edf1275/peerings/AzurePublicPeering\"\
        ,\r\n  \"etag\": \"W/\\\"77d42f8e-a4de-4ec0-9b4b-5f8b55e3a1fb\\\"\",\r\n \
        \ \"properties\": {\r\n    \"provisioningState\": \"Updating\",\r\n    \"\
        peeringType\": \"AzurePublicPeering\",\r\n    \"azureASN\": 0,\r\n    \"peerASN\"\
        : 100,\r\n    \"primaryPeerAddressPrefix\": \"192.168.1.0/30\",\r\n    \"\
        secondaryPeerAddressPrefix\": \"192.168.2.0/30\",\r\n    \"state\": \"Disabled\"\
        ,\r\n    \"vlanId\": 200\r\n  }\r\n}"}
    headers:
      Azure-AsyncOperation: ['https://management.azure.com/subscriptions/00000000-0000-0000-0000-000000000000/providers/Microsoft.Network/locations/westus/operations/1c297130-76f2-4c20-bcbd-94f59c700e56?api-version=2016-06-01']
      Cache-Control: [no-cache]
      Content-Length: ['620']
      Content-Type: [application/json; charset=utf-8]
      Date: ['Fri, 15 Jul 2016 22:33:57 GMT']
      Expires: ['-1']
      Pragma: [no-cache]
      Retry-After: ['0']
      Server: [Microsoft-HTTPAPI/2.0, Microsoft-HTTPAPI/2.0]
      Strict-Transport-Security: [max-age=31536000; includeSubDomains]
      x-ms-correlation-request-id: [465e0767-1c9c-4e9b-ac76-b0526f523028]
      x-ms-ratelimit-remaining-subscription-writes: ['1199']
      x-ms-request-id: [1c297130-76f2-4c20-bcbd-94f59c700e56]
      x-ms-routing-request-id: ['WESTUS:20160715T223358Z:465e0767-1c9c-4e9b-ac76-b0526f523028']
    status: {code: 201, message: Created}
- request:
    body: null
    headers:
      Accept: [application/json]
      Accept-Encoding: ['gzip, deflate']
      Connection: [keep-alive]
      Content-Type: [application/json; charset=utf-8]
      User-Agent: [python/3.5.1 (Windows-10-10.0.14372-SP0) requests/2.10.0 msrest/0.4.0
          msrest_azure/0.4.1 networkmanagementclient/0.30.0rc5 Azure-SDK-For-Python]
      accept-language: [en-US]
      x-ms-client-request-id: [380881be-4adc-11e6-bc6f-00155d4b0101]
    method: GET
    uri: https://management.azure.com/subscriptions/00000000-0000-0000-0000-000000000000/providers/Microsoft.Network/locations/westus/operations/1c297130-76f2-4c20-bcbd-94f59c700e56?api-version=2016-06-01
  response:
    body: {string: "{\r\n  \"status\": \"InProgress\"\r\n}"}
    headers:
      Cache-Control: [no-cache]
      Content-Type: [application/json; charset=utf-8]
      Date: ['Fri, 15 Jul 2016 22:34:09 GMT']
      Expires: ['-1']
      Pragma: [no-cache]
      Server: [Microsoft-HTTPAPI/2.0, Microsoft-HTTPAPI/2.0]
      Strict-Transport-Security: [max-age=31536000; includeSubDomains]
      Transfer-Encoding: [chunked]
      Vary: [Accept-Encoding]
      content-length: ['30']
      x-ms-correlation-request-id: [70f43115-2dfc-47d9-a29d-51385d180c32]
      x-ms-ratelimit-remaining-subscription-reads: ['14994']
      x-ms-request-id: [e2bf2883-de00-4dad-9099-f5e38df04e7b]
      x-ms-routing-request-id: ['WESTUS:20160715T223409Z:70f43115-2dfc-47d9-a29d-51385d180c32']
    status: {code: 200, message: OK}
- request:
    body: null
    headers:
      Accept: [application/json]
      Accept-Encoding: ['gzip, deflate']
      Connection: [keep-alive]
      Content-Type: [application/json; charset=utf-8]
      User-Agent: [python/3.5.1 (Windows-10-10.0.14372-SP0) requests/2.10.0 msrest/0.4.0
          msrest_azure/0.4.1 networkmanagementclient/0.30.0rc5 Azure-SDK-For-Python]
      accept-language: [en-US]
      x-ms-client-request-id: [380881be-4adc-11e6-bc6f-00155d4b0101]
    method: GET
    uri: https://management.azure.com/subscriptions/00000000-0000-0000-0000-000000000000/providers/Microsoft.Network/locations/westus/operations/1c297130-76f2-4c20-bcbd-94f59c700e56?api-version=2016-06-01
  response:
    body: {string: "{\r\n  \"status\": \"Succeeded\"\r\n}"}
    headers:
      Cache-Control: [no-cache]
      Content-Type: [application/json; charset=utf-8]
      Date: ['Fri, 15 Jul 2016 22:34:39 GMT']
      Expires: ['-1']
      Pragma: [no-cache]
      Server: [Microsoft-HTTPAPI/2.0, Microsoft-HTTPAPI/2.0]
      Strict-Transport-Security: [max-age=31536000; includeSubDomains]
      Transfer-Encoding: [chunked]
      Vary: [Accept-Encoding]
      content-length: ['29']
      x-ms-correlation-request-id: [e2e39f3b-7845-4fde-8a90-e9cc85256643]
      x-ms-ratelimit-remaining-subscription-reads: ['14993']
      x-ms-request-id: [448bf961-5b5e-46a4-a53f-34ebb70380ff]
      x-ms-routing-request-id: ['CENTRALUS:20160715T223439Z:e2e39f3b-7845-4fde-8a90-e9cc85256643']
    status: {code: 200, message: OK}
- request:
    body: null
    headers:
      Accept: [application/json]
      Accept-Encoding: ['gzip, deflate']
      Connection: [keep-alive]
      Content-Type: [application/json; charset=utf-8]
      User-Agent: [python/3.5.1 (Windows-10-10.0.14372-SP0) requests/2.10.0 msrest/0.4.0
          msrest_azure/0.4.1 networkmanagementclient/0.30.0rc5 Azure-SDK-For-Python]
      accept-language: [en-US]
      x-ms-client-request-id: [380881be-4adc-11e6-bc6f-00155d4b0101]
    method: GET
    uri: https://management.azure.com/subscriptions/00000000-0000-0000-0000-000000000000/resourceGroups/test_mgmt_network_test_express_route_circuit9edf1275/providers/Microsoft.Network/expressRouteCircuits/pyexpressroute9edf1275/peerings/AzurePublicPeering?api-version=2016-06-01
  response:
    body: {string: "{\r\n  \"name\": \"AzurePublicPeering\",\r\n  \"id\": \"/subscriptions/00000000-0000-0000-0000-000000000000/resourceGroups/test_mgmt_network_test_express_route_circuit9edf1275/providers/Microsoft.Network/expressRouteCircuits/pyexpressroute9edf1275/peerings/AzurePublicPeering\"\
        ,\r\n  \"etag\": \"W/\\\"2cad7315-bd71-4d9e-b3fd-22b34f6922c5\\\"\",\r\n \
        \ \"properties\": {\r\n    \"provisioningState\": \"Succeeded\",\r\n    \"\
        peeringType\": \"AzurePublicPeering\",\r\n    \"azureASN\": 12076,\r\n   \
        \ \"peerASN\": 100,\r\n    \"primaryPeerAddressPrefix\": \"192.168.1.0/30\"\
        ,\r\n    \"secondaryPeerAddressPrefix\": \"192.168.2.0/30\",\r\n    \"primaryAzurePort\"\
        : \"EQIX-CHG-06GMR-CIS-1-PRI-A\",\r\n    \"secondaryAzurePort\": \"EQIX-CHG-06GMR-CIS-2-SEC-A\"\
        ,\r\n    \"state\": \"Enabled\",\r\n    \"vlanId\": 200\r\n  }\r\n}"}
    headers:
      Cache-Control: [no-cache]
      Content-Type: [application/json; charset=utf-8]
      Date: ['Fri, 15 Jul 2016 22:34:40 GMT']
      Expires: ['-1']
      Pragma: [no-cache]
      Server: [Microsoft-HTTPAPI/2.0, Microsoft-HTTPAPI/2.0]
      Strict-Transport-Security: [max-age=31536000; includeSubDomains]
      Transfer-Encoding: [chunked]
      Vary: [Accept-Encoding]
      content-length: ['736']
      x-ms-correlation-request-id: [9bcfc0dc-d580-47de-9a2b-04029630d47b]
      x-ms-ratelimit-remaining-subscription-reads: ['14990']
      x-ms-request-id: [4456d6c7-a98a-45b3-9674-adc24939638a]
      x-ms-routing-request-id: ['CENTRALUS:20160715T223441Z:9bcfc0dc-d580-47de-9a2b-04029630d47b']
    status: {code: 200, message: OK}
- request:
    body: null
    headers:
      Accept: [application/json]
      Accept-Encoding: ['gzip, deflate']
      Connection: [keep-alive]
      Content-Type: [application/json; charset=utf-8]
      User-Agent: [python/3.5.1 (Windows-10-10.0.14372-SP0) requests/2.10.0 msrest/0.4.0
          msrest_azure/0.4.1 networkmanagementclient/0.30.0rc5 Azure-SDK-For-Python]
      accept-language: [en-US]
      x-ms-client-request-id: [5227acbe-4adc-11e6-8201-00155d4b0101]
    method: GET
    uri: https://management.azure.com/subscriptions/00000000-0000-0000-0000-000000000000/resourceGroups/test_mgmt_network_test_express_route_circuit9edf1275/providers/Microsoft.Network/expressRouteCircuits/pyexpressroute9edf1275/peerings/AzurePublicPeering?api-version=2016-06-01
  response:
    body: {string: "{\r\n  \"name\": \"AzurePublicPeering\",\r\n  \"id\": \"/subscriptions/00000000-0000-0000-0000-000000000000/resourceGroups/test_mgmt_network_test_express_route_circuit9edf1275/providers/Microsoft.Network/expressRouteCircuits/pyexpressroute9edf1275/peerings/AzurePublicPeering\"\
        ,\r\n  \"etag\": \"W/\\\"2cad7315-bd71-4d9e-b3fd-22b34f6922c5\\\"\",\r\n \
        \ \"properties\": {\r\n    \"provisioningState\": \"Succeeded\",\r\n    \"\
        peeringType\": \"AzurePublicPeering\",\r\n    \"azureASN\": 12076,\r\n   \
        \ \"peerASN\": 100,\r\n    \"primaryPeerAddressPrefix\": \"192.168.1.0/30\"\
        ,\r\n    \"secondaryPeerAddressPrefix\": \"192.168.2.0/30\",\r\n    \"primaryAzurePort\"\
        : \"EQIX-CHG-06GMR-CIS-1-PRI-A\",\r\n    \"secondaryAzurePort\": \"EQIX-CHG-06GMR-CIS-2-SEC-A\"\
        ,\r\n    \"state\": \"Enabled\",\r\n    \"vlanId\": 200\r\n  }\r\n}"}
    headers:
      Cache-Control: [no-cache]
      Content-Type: [application/json; charset=utf-8]
      Date: ['Fri, 15 Jul 2016 22:34:41 GMT']
      Expires: ['-1']
      Pragma: [no-cache]
      Server: [Microsoft-HTTPAPI/2.0, Microsoft-HTTPAPI/2.0]
      Strict-Transport-Security: [max-age=31536000; includeSubDomains]
      Transfer-Encoding: [chunked]
      Vary: [Accept-Encoding]
      content-length: ['736']
      x-ms-correlation-request-id: [f939035d-1228-4b8a-9725-aeb4f4a970a9]
      x-ms-ratelimit-remaining-subscription-reads: ['14989']
      x-ms-request-id: [a4f08a0a-5e3e-4f51-ab73-0ded16697490]
      x-ms-routing-request-id: ['CENTRALUS:20160715T223442Z:f939035d-1228-4b8a-9725-aeb4f4a970a9']
    status: {code: 200, message: OK}
- request:
    body: null
    headers:
      Accept: [application/json]
      Accept-Encoding: ['gzip, deflate']
      Connection: [keep-alive]
      Content-Type: [application/json; charset=utf-8]
      User-Agent: [python/3.5.1 (Windows-10-10.0.14372-SP0) requests/2.10.0 msrest/0.4.0
          msrest_azure/0.4.1 networkmanagementclient/0.30.0rc5 Azure-SDK-For-Python]
      accept-language: [en-US]
      x-ms-client-request-id: [52c01b68-4adc-11e6-b919-00155d4b0101]
    method: GET
    uri: https://management.azure.com/subscriptions/00000000-0000-0000-0000-000000000000/resourceGroups/test_mgmt_network_test_express_route_circuit9edf1275/providers/Microsoft.Network/expressRouteCircuits/pyexpressroute9edf1275/peerings?api-version=2016-06-01
  response:
    body: {string: "{\r\n  \"value\": [\r\n    {\r\n      \"name\": \"AzurePublicPeering\"\
        ,\r\n      \"id\": \"/subscriptions/00000000-0000-0000-0000-000000000000/resourceGroups/test_mgmt_network_test_express_route_circuit9edf1275/providers/Microsoft.Network/expressRouteCircuits/pyexpressroute9edf1275/peerings/AzurePublicPeering\"\
        ,\r\n      \"etag\": \"W/\\\"2cad7315-bd71-4d9e-b3fd-22b34f6922c5\\\"\",\r\
        \n      \"properties\": {\r\n        \"provisioningState\": \"Succeeded\"\
        ,\r\n        \"peeringType\": \"AzurePublicPeering\",\r\n        \"azureASN\"\
        : 12076,\r\n        \"peerASN\": 100,\r\n        \"primaryPeerAddressPrefix\"\
        : \"192.168.1.0/30\",\r\n        \"secondaryPeerAddressPrefix\": \"192.168.2.0/30\"\
        ,\r\n        \"primaryAzurePort\": \"EQIX-CHG-06GMR-CIS-1-PRI-A\",\r\n   \
        \     \"secondaryAzurePort\": \"EQIX-CHG-06GMR-CIS-2-SEC-A\",\r\n        \"\
        state\": \"Enabled\",\r\n        \"vlanId\": 200\r\n      }\r\n    }\r\n \
        \ ]\r\n}"}
    headers:
      Cache-Control: [no-cache]
      Content-Type: [application/json; charset=utf-8]
      Date: ['Fri, 15 Jul 2016 22:34:42 GMT']
      Expires: ['-1']
      Pragma: [no-cache]
      Server: [Microsoft-HTTPAPI/2.0, Microsoft-HTTPAPI/2.0]
      Strict-Transport-Security: [max-age=31536000; includeSubDomains]
      Transfer-Encoding: [chunked]
      Vary: [Accept-Encoding]
      content-length: ['829']
      x-ms-correlation-request-id: [fbe3b748-d92c-4684-b9f4-4ed0a2b383fb]
      x-ms-ratelimit-remaining-subscription-reads: ['14992']
      x-ms-request-id: [4f1aae6e-57c8-457a-8689-db59bf37cf6c]
      x-ms-routing-request-id: ['CENTRALUS:20160715T223443Z:fbe3b748-d92c-4684-b9f4-4ed0a2b383fb']
    status: {code: 200, message: OK}
- request:
    body: null
    headers:
      Accept: [application/json]
      Accept-Encoding: ['gzip, deflate']
      Connection: [keep-alive]
      Content-Type: [application/json; charset=utf-8]
      User-Agent: [python/3.5.1 (Windows-10-10.0.14372-SP0) requests/2.10.0 msrest/0.4.0
          msrest_azure/0.4.1 networkmanagementclient/0.30.0rc5 Azure-SDK-For-Python]
      accept-language: [en-US]
      x-ms-client-request-id: [538b2e50-4adc-11e6-9441-00155d4b0101]
    method: GET
    uri: https://management.azure.com/subscriptions/00000000-0000-0000-0000-000000000000/resourceGroups/test_mgmt_network_test_express_route_circuit9edf1275/providers/Microsoft.Network/expressRouteCircuits/pyexpressroute9edf1275/peerings/AzurePublicPeering/stats?api-version=2016-06-01
  response:
    body: {string: "{\r\n  \"primaryBytesIn\": 0,\r\n  \"primaryBytesOut\": 0,\r\n\
        \  \"secondaryBytesIn\": 0,\r\n  \"secondaryBytesOut\": 0\r\n}"}
    headers:
      Cache-Control: [no-cache]
      Content-Type: [application/json; charset=utf-8]
      Date: ['Fri, 15 Jul 2016 22:34:43 GMT']
      Expires: ['-1']
      Pragma: [no-cache]
      Server: [Microsoft-HTTPAPI/2.0, Microsoft-HTTPAPI/2.0]
      Strict-Transport-Security: [max-age=31536000; includeSubDomains]
      Transfer-Encoding: [chunked]
      Vary: [Accept-Encoding]
      content-length: ['105']
      x-ms-correlation-request-id: [eb8f08f4-183e-476f-a49a-605ac4e54a5f]
      x-ms-ratelimit-remaining-subscription-reads: ['14991']
      x-ms-request-id: [b20a03bf-6a0f-430c-b765-c0c96597b107]
      x-ms-routing-request-id: ['CENTRALUS:20160715T223444Z:eb8f08f4-183e-476f-a49a-605ac4e54a5f']
    status: {code: 200, message: OK}
- request:
    body: '{}'
    headers:
      Accept: [application/json]
      Accept-Encoding: ['gzip, deflate']
      Connection: [keep-alive]
      Content-Length: ['2']
      Content-Type: [application/json; charset=utf-8]
      User-Agent: [python/3.5.1 (Windows-10-10.0.14372-SP0) requests/2.10.0 msrest/0.4.0
          msrest_azure/0.4.1 networkmanagementclient/0.30.0rc5 Azure-SDK-For-Python]
      accept-language: [en-US]
      x-ms-client-request-id: [54167f50-4adc-11e6-b56c-00155d4b0101]
    method: PUT
    uri: https://management.azure.com/subscriptions/00000000-0000-0000-0000-000000000000/resourceGroups/test_mgmt_network_test_express_route_circuit9edf1275/providers/Microsoft.Network/expressRouteCircuits/pyexpressroute9edf1275/authorizations/pyauth9edf1275?api-version=2016-06-01
  response:
    body: {string: "{\r\n  \"name\": \"pyauth9edf1275\",\r\n  \"id\": \"/subscriptions/00000000-0000-0000-0000-000000000000/resourceGroups/test_mgmt_network_test_express_route_circuit9edf1275/providers/Microsoft.Network/expressRouteCircuits/pyexpressroute9edf1275/authorizations/pyauth9edf1275\"\
        ,\r\n  \"etag\": \"W/\\\"65381dae-e3b8-4d21-921d-c471a34b0ed8\\\"\",\r\n \
        \ \"properties\": {\r\n    \"provisioningState\": \"Updating\",\r\n    \"\
        authorizationKey\": \"e4aa5897-c7a4-467f-bbaf-d38d0d27d080\",\r\n    \"authorizationUseStatus\"\
        : \"Available\"\r\n  }\r\n}"}
    headers:
      Azure-AsyncOperation: ['https://management.azure.com/subscriptions/00000000-0000-0000-0000-000000000000/providers/Microsoft.Network/locations/westus/operations/b707b4a9-b189-4bd8-9079-78e9c23a604c?api-version=2016-06-01']
      Cache-Control: [no-cache]
      Content-Length: ['494']
      Content-Type: [application/json; charset=utf-8]
      Date: ['Fri, 15 Jul 2016 22:34:45 GMT']
      Expires: ['-1']
      Pragma: [no-cache]
      Retry-After: ['0']
      Server: [Microsoft-HTTPAPI/2.0, Microsoft-HTTPAPI/2.0]
      Strict-Transport-Security: [max-age=31536000; includeSubDomains]
      x-ms-correlation-request-id: [fb909f42-ab1d-440a-b3ef-c27154a1a176]
      x-ms-ratelimit-remaining-subscription-writes: ['1193']
      x-ms-request-id: [b707b4a9-b189-4bd8-9079-78e9c23a604c]
      x-ms-routing-request-id: ['CENTRALUS:20160715T223445Z:fb909f42-ab1d-440a-b3ef-c27154a1a176']
    status: {code: 201, message: Created}
- request:
    body: null
    headers:
      Accept: [application/json]
      Accept-Encoding: ['gzip, deflate']
      Connection: [keep-alive]
      Content-Type: [application/json; charset=utf-8]
      User-Agent: [python/3.5.1 (Windows-10-10.0.14372-SP0) requests/2.10.0 msrest/0.4.0
          msrest_azure/0.4.1 networkmanagementclient/0.30.0rc5 Azure-SDK-For-Python]
      accept-language: [en-US]
      x-ms-client-request-id: [54167f50-4adc-11e6-b56c-00155d4b0101]
    method: GET
    uri: https://management.azure.com/subscriptions/00000000-0000-0000-0000-000000000000/providers/Microsoft.Network/locations/westus/operations/b707b4a9-b189-4bd8-9079-78e9c23a604c?api-version=2016-06-01
  response:
    body: {string: "{\r\n  \"status\": \"Succeeded\"\r\n}"}
    headers:
      Cache-Control: [no-cache]
      Content-Type: [application/json; charset=utf-8]
      Date: ['Fri, 15 Jul 2016 22:34:55 GMT']
      Expires: ['-1']
      Pragma: [no-cache]
      Server: [Microsoft-HTTPAPI/2.0, Microsoft-HTTPAPI/2.0]
      Strict-Transport-Security: [max-age=31536000; includeSubDomains]
      Transfer-Encoding: [chunked]
      Vary: [Accept-Encoding]
      content-length: ['29']
      x-ms-correlation-request-id: [57ef35f4-f147-46f7-85a7-ad3a7f0d4c20]
      x-ms-ratelimit-remaining-subscription-reads: ['14992']
      x-ms-request-id: [4e8f6bd2-ffcc-4971-9a76-75edc5a2450a]
      x-ms-routing-request-id: ['CENTRALUS:20160715T223456Z:57ef35f4-f147-46f7-85a7-ad3a7f0d4c20']
    status: {code: 200, message: OK}
- request:
    body: null
    headers:
      Accept: [application/json]
      Accept-Encoding: ['gzip, deflate']
      Connection: [keep-alive]
      Content-Type: [application/json; charset=utf-8]
      User-Agent: [python/3.5.1 (Windows-10-10.0.14372-SP0) requests/2.10.0 msrest/0.4.0
          msrest_azure/0.4.1 networkmanagementclient/0.30.0rc5 Azure-SDK-For-Python]
      accept-language: [en-US]
      x-ms-client-request-id: [54167f50-4adc-11e6-b56c-00155d4b0101]
    method: GET
    uri: https://management.azure.com/subscriptions/00000000-0000-0000-0000-000000000000/resourceGroups/test_mgmt_network_test_express_route_circuit9edf1275/providers/Microsoft.Network/expressRouteCircuits/pyexpressroute9edf1275/authorizations/pyauth9edf1275?api-version=2016-06-01
  response:
    body: {string: "{\r\n  \"name\": \"pyauth9edf1275\",\r\n  \"id\": \"/subscriptions/00000000-0000-0000-0000-000000000000/resourceGroups/test_mgmt_network_test_express_route_circuit9edf1275/providers/Microsoft.Network/expressRouteCircuits/pyexpressroute9edf1275/authorizations/pyauth9edf1275\"\
        ,\r\n  \"etag\": \"W/\\\"7f9b5225-b8fc-4d79-915d-64c43a092f17\\\"\",\r\n \
        \ \"properties\": {\r\n    \"provisioningState\": \"Succeeded\",\r\n    \"\
        authorizationKey\": \"e4aa5897-c7a4-467f-bbaf-d38d0d27d080\",\r\n    \"authorizationUseStatus\"\
        : \"Available\"\r\n  }\r\n}"}
    headers:
      Cache-Control: [no-cache]
      Content-Type: [application/json; charset=utf-8]
      Date: ['Fri, 15 Jul 2016 22:34:55 GMT']
      Expires: ['-1']
      Pragma: [no-cache]
      Server: [Microsoft-HTTPAPI/2.0, Microsoft-HTTPAPI/2.0]
      Strict-Transport-Security: [max-age=31536000; includeSubDomains]
      Transfer-Encoding: [chunked]
      Vary: [Accept-Encoding]
      content-length: ['495']
      x-ms-correlation-request-id: [251edaa2-ead7-434a-a318-6e29ec3de78b]
      x-ms-ratelimit-remaining-subscription-reads: ['14989']
      x-ms-request-id: [86805df1-bef1-4d05-9ae5-07b34739e324]
      x-ms-routing-request-id: ['CENTRALUS:20160715T223456Z:251edaa2-ead7-434a-a318-6e29ec3de78b']
    status: {code: 200, message: OK}
- request:
    body: null
    headers:
      Accept: [application/json]
      Accept-Encoding: ['gzip, deflate']
      Connection: [keep-alive]
      Content-Type: [application/json; charset=utf-8]
      User-Agent: [python/3.5.1 (Windows-10-10.0.14372-SP0) requests/2.10.0 msrest/0.4.0
          msrest_azure/0.4.1 networkmanagementclient/0.30.0rc5 Azure-SDK-For-Python]
      accept-language: [en-US]
      x-ms-client-request-id: [5b78825a-4adc-11e6-9c00-00155d4b0101]
    method: GET
    uri: https://management.azure.com/subscriptions/00000000-0000-0000-0000-000000000000/resourceGroups/test_mgmt_network_test_express_route_circuit9edf1275/providers/Microsoft.Network/expressRouteCircuits/pyexpressroute9edf1275/authorizations/pyauth9edf1275?api-version=2016-06-01
  response:
    body: {string: "{\r\n  \"name\": \"pyauth9edf1275\",\r\n  \"id\": \"/subscriptions/00000000-0000-0000-0000-000000000000/resourceGroups/test_mgmt_network_test_express_route_circuit9edf1275/providers/Microsoft.Network/expressRouteCircuits/pyexpressroute9edf1275/authorizations/pyauth9edf1275\"\
        ,\r\n  \"etag\": \"W/\\\"7f9b5225-b8fc-4d79-915d-64c43a092f17\\\"\",\r\n \
        \ \"properties\": {\r\n    \"provisioningState\": \"Succeeded\",\r\n    \"\
        authorizationKey\": \"e4aa5897-c7a4-467f-bbaf-d38d0d27d080\",\r\n    \"authorizationUseStatus\"\
        : \"Available\"\r\n  }\r\n}"}
    headers:
      Cache-Control: [no-cache]
      Content-Type: [application/json; charset=utf-8]
      Date: ['Fri, 15 Jul 2016 22:34:57 GMT']
      Expires: ['-1']
      Pragma: [no-cache]
      Server: [Microsoft-HTTPAPI/2.0, Microsoft-HTTPAPI/2.0]
      Strict-Transport-Security: [max-age=31536000; includeSubDomains]
      Transfer-Encoding: [chunked]
      Vary: [Accept-Encoding]
      content-length: ['495']
      x-ms-correlation-request-id: [d7e30edb-0272-4923-83e6-5d30b2d7a7b1]
      x-ms-ratelimit-remaining-subscription-reads: ['14999']
      x-ms-request-id: [f53fa51a-6ee6-4402-a312-a7bfdc866141]
      x-ms-routing-request-id: ['CENTRALUS:20160715T223457Z:d7e30edb-0272-4923-83e6-5d30b2d7a7b1']
    status: {code: 200, message: OK}
- request:
    body: null
    headers:
      Accept: [application/json]
      Accept-Encoding: ['gzip, deflate']
      Connection: [keep-alive]
      Content-Type: [application/json; charset=utf-8]
      User-Agent: [python/3.5.1 (Windows-10-10.0.14372-SP0) requests/2.10.0 msrest/0.4.0
          msrest_azure/0.4.1 networkmanagementclient/0.30.0rc5 Azure-SDK-For-Python]
      accept-language: [en-US]
      x-ms-client-request-id: [5bec8868-4adc-11e6-adbe-00155d4b0101]
    method: GET
    uri: https://management.azure.com/subscriptions/00000000-0000-0000-0000-000000000000/resourceGroups/test_mgmt_network_test_express_route_circuit9edf1275/providers/Microsoft.Network/expressRouteCircuits/pyexpressroute9edf1275/authorizations?api-version=2016-06-01
  response:
    body: {string: "{\r\n  \"value\": [\r\n    {\r\n      \"name\": \"pyauth9edf1275\"\
        ,\r\n      \"id\": \"/subscriptions/00000000-0000-0000-0000-000000000000/resourceGroups/test_mgmt_network_test_express_route_circuit9edf1275/providers/Microsoft.Network/expressRouteCircuits/pyexpressroute9edf1275/authorizations/pyauth9edf1275\"\
        ,\r\n      \"etag\": \"W/\\\"7f9b5225-b8fc-4d79-915d-64c43a092f17\\\"\",\r\
        \n      \"properties\": {\r\n        \"provisioningState\": \"Succeeded\"\
        ,\r\n        \"authorizationKey\": \"e4aa5897-c7a4-467f-bbaf-d38d0d27d080\"\
        ,\r\n        \"authorizationUseStatus\": \"Available\"\r\n      }\r\n    }\r\
        \n  ]\r\n}"}
    headers:
      Cache-Control: [no-cache]
      Content-Type: [application/json; charset=utf-8]
      Date: ['Fri, 15 Jul 2016 22:34:57 GMT']
      Expires: ['-1']
      Pragma: [no-cache]
      Server: [Microsoft-HTTPAPI/2.0, Microsoft-HTTPAPI/2.0]
      Strict-Transport-Security: [max-age=31536000; includeSubDomains]
      Transfer-Encoding: [chunked]
      Vary: [Accept-Encoding]
      content-length: ['560']
      x-ms-correlation-request-id: [f61c27f7-8241-4d5a-943b-4ccc08bc6809]
      x-ms-ratelimit-remaining-subscription-reads: ['14997']
      x-ms-request-id: [750e38db-ad13-4362-95a3-bc5250101834]
      x-ms-routing-request-id: ['CENTRALUS:20160715T223458Z:f61c27f7-8241-4d5a-943b-4ccc08bc6809']
    status: {code: 200, message: OK}
- request:
    body: null
    headers:
      Accept: [application/json]
      Accept-Encoding: ['gzip, deflate']
      Connection: [keep-alive]
      Content-Length: ['0']
      Content-Type: [application/json; charset=utf-8]
      User-Agent: [python/3.5.1 (Windows-10-10.0.14372-SP0) requests/2.10.0 msrest/0.4.0
          msrest_azure/0.4.1 networkmanagementclient/0.30.0rc5 Azure-SDK-For-Python]
      accept-language: [en-US]
      x-ms-client-request-id: [5c538176-4adc-11e6-b7df-00155d4b0101]
    method: DELETE
    uri: https://management.azure.com/subscriptions/00000000-0000-0000-0000-000000000000/resourceGroups/test_mgmt_network_test_express_route_circuit9edf1275/providers/Microsoft.Network/expressRouteCircuits/pyexpressroute9edf1275/authorizations/pyauth9edf1275?api-version=2016-06-01
  response:
    body: {string: ''}
    headers:
      Azure-AsyncOperation: ['https://management.azure.com/subscriptions/00000000-0000-0000-0000-000000000000/providers/Microsoft.Network/locations/westus/operations/633bf484-727b-446e-bd1a-20774e205967?api-version=2016-06-01']
      Cache-Control: [no-cache]
      Content-Length: ['0']
      Date: ['Fri, 15 Jul 2016 22:34:57 GMT']
      Expires: ['-1']
      Location: ['https://management.azure.com/subscriptions/00000000-0000-0000-0000-000000000000/providers/Microsoft.Network/locations/westus/operationResults/633bf484-727b-446e-bd1a-20774e205967?api-version=2016-06-01']
      Pragma: [no-cache]
      Retry-After: ['0']
      Server: [Microsoft-HTTPAPI/2.0, Microsoft-HTTPAPI/2.0]
      Strict-Transport-Security: [max-age=31536000; includeSubDomains]
      x-ms-correlation-request-id: [55d2005f-cfe7-4631-9df2-7815194457c5]
      x-ms-ratelimit-remaining-subscription-writes: ['1196']
      x-ms-request-id: [633bf484-727b-446e-bd1a-20774e205967]
      x-ms-routing-request-id: ['CENTRALUS:20160715T223458Z:55d2005f-cfe7-4631-9df2-7815194457c5']
    status: {code: 202, message: Accepted}
- request:
    body: null
    headers:
      Accept: [application/json]
      Accept-Encoding: ['gzip, deflate']
      Connection: [keep-alive]
      Content-Type: [application/json; charset=utf-8]
      User-Agent: [python/3.5.1 (Windows-10-10.0.14372-SP0) requests/2.10.0 msrest/0.4.0
          msrest_azure/0.4.1 networkmanagementclient/0.30.0rc5 Azure-SDK-For-Python]
      accept-language: [en-US]
      x-ms-client-request-id: [5c538176-4adc-11e6-b7df-00155d4b0101]
    method: GET
    uri: https://management.azure.com/subscriptions/00000000-0000-0000-0000-000000000000/providers/Microsoft.Network/locations/westus/operations/633bf484-727b-446e-bd1a-20774e205967?api-version=2016-06-01
  response:
    body: {string: "{\r\n  \"status\": \"InProgress\"\r\n}"}
    headers:
      Cache-Control: [no-cache]
      Content-Type: [application/json; charset=utf-8]
      Date: ['Fri, 15 Jul 2016 22:35:09 GMT']
      Expires: ['-1']
      Pragma: [no-cache]
      Server: [Microsoft-HTTPAPI/2.0, Microsoft-HTTPAPI/2.0]
      Strict-Transport-Security: [max-age=31536000; includeSubDomains]
      Transfer-Encoding: [chunked]
      Vary: [Accept-Encoding]
      content-length: ['30']
      x-ms-correlation-request-id: [a9568118-b96a-43e7-bf9c-277f7c9fbe69]
      x-ms-ratelimit-remaining-subscription-reads: ['14993']
      x-ms-request-id: [6bca3cf0-f79a-4d6e-b3af-52bc3dc445ae]
      x-ms-routing-request-id: ['WESTUS:20160715T223509Z:a9568118-b96a-43e7-bf9c-277f7c9fbe69']
    status: {code: 200, message: OK}
- request:
    body: null
    headers:
      Accept: [application/json]
      Accept-Encoding: ['gzip, deflate']
      Connection: [keep-alive]
      Content-Type: [application/json; charset=utf-8]
      User-Agent: [python/3.5.1 (Windows-10-10.0.14372-SP0) requests/2.10.0 msrest/0.4.0
          msrest_azure/0.4.1 networkmanagementclient/0.30.0rc5 Azure-SDK-For-Python]
      accept-language: [en-US]
      x-ms-client-request-id: [5c538176-4adc-11e6-b7df-00155d4b0101]
    method: GET
    uri: https://management.azure.com/subscriptions/00000000-0000-0000-0000-000000000000/providers/Microsoft.Network/locations/westus/operations/633bf484-727b-446e-bd1a-20774e205967?api-version=2016-06-01
  response:
    body: {string: "{\r\n  \"status\": \"Succeeded\"\r\n}"}
    headers:
      Cache-Control: [no-cache]
      Content-Type: [application/json; charset=utf-8]
      Date: ['Fri, 15 Jul 2016 22:35:39 GMT']
      Expires: ['-1']
      Pragma: [no-cache]
      Server: [Microsoft-HTTPAPI/2.0, Microsoft-HTTPAPI/2.0]
      Strict-Transport-Security: [max-age=31536000; includeSubDomains]
      Transfer-Encoding: [chunked]
      Vary: [Accept-Encoding]
      content-length: ['29']
      x-ms-correlation-request-id: [67bd0eba-d30f-4a25-b529-db726120fcd8]
      x-ms-ratelimit-remaining-subscription-reads: ['14990']
      x-ms-request-id: [19dad8a3-6076-4d70-bada-cc84afa079c8]
      x-ms-routing-request-id: ['WESTUS:20160715T223539Z:67bd0eba-d30f-4a25-b529-db726120fcd8']
    status: {code: 200, message: OK}
- request:
    body: null
    headers:
      Accept: [application/json]
      Accept-Encoding: ['gzip, deflate']
      Connection: [keep-alive]
      Content-Length: ['0']
      Content-Type: [application/json; charset=utf-8]
      User-Agent: [python/3.5.1 (Windows-10-10.0.14372-SP0) requests/2.10.0 msrest/0.4.0
          msrest_azure/0.4.1 networkmanagementclient/0.30.0rc5 Azure-SDK-For-Python]
      accept-language: [en-US]
      x-ms-client-request-id: [74e29d76-4adc-11e6-8a19-00155d4b0101]
    method: DELETE
    uri: https://management.azure.com/subscriptions/00000000-0000-0000-0000-000000000000/resourceGroups/test_mgmt_network_test_express_route_circuit9edf1275/providers/Microsoft.Network/expressRouteCircuits/pyexpressroute9edf1275/peerings/AzurePublicPeering?api-version=2016-06-01
  response:
    body: {string: ''}
    headers:
      Azure-AsyncOperation: ['https://management.azure.com/subscriptions/00000000-0000-0000-0000-000000000000/providers/Microsoft.Network/locations/westus/operations/2a0d2001-6311-4cab-8b1a-f471de9391d0?api-version=2016-06-01']
      Cache-Control: [no-cache]
      Content-Length: ['0']
      Date: ['Fri, 15 Jul 2016 22:35:39 GMT']
      Expires: ['-1']
      Location: ['https://management.azure.com/subscriptions/00000000-0000-0000-0000-000000000000/providers/Microsoft.Network/locations/westus/operationResults/2a0d2001-6311-4cab-8b1a-f471de9391d0?api-version=2016-06-01']
      Pragma: [no-cache]
      Retry-After: ['0']
      Server: [Microsoft-HTTPAPI/2.0, Microsoft-HTTPAPI/2.0]
      Strict-Transport-Security: [max-age=31536000; includeSubDomains]
      x-ms-correlation-request-id: [af15bd68-1109-429c-8d7b-8fb612edcf36]
      x-ms-ratelimit-remaining-subscription-writes: ['1191']
      x-ms-request-id: [2a0d2001-6311-4cab-8b1a-f471de9391d0]
      x-ms-routing-request-id: ['WESTUS:20160715T223540Z:af15bd68-1109-429c-8d7b-8fb612edcf36']
    status: {code: 202, message: Accepted}
- request:
    body: null
    headers:
      Accept: [application/json]
      Accept-Encoding: ['gzip, deflate']
      Connection: [keep-alive]
      Content-Type: [application/json; charset=utf-8]
      User-Agent: [python/3.5.1 (Windows-10-10.0.14372-SP0) requests/2.10.0 msrest/0.4.0
          msrest_azure/0.4.1 networkmanagementclient/0.30.0rc5 Azure-SDK-For-Python]
      accept-language: [en-US]
      x-ms-client-request-id: [74e29d76-4adc-11e6-8a19-00155d4b0101]
    method: GET
    uri: https://management.azure.com/subscriptions/00000000-0000-0000-0000-000000000000/providers/Microsoft.Network/locations/westus/operations/2a0d2001-6311-4cab-8b1a-f471de9391d0?api-version=2016-06-01
  response:
    body: {string: "{\r\n  \"status\": \"InProgress\"\r\n}"}
    headers:
      Cache-Control: [no-cache]
      Content-Type: [application/json; charset=utf-8]
      Date: ['Fri, 15 Jul 2016 22:35:49 GMT']
      Expires: ['-1']
      Pragma: [no-cache]
      Server: [Microsoft-HTTPAPI/2.0, Microsoft-HTTPAPI/2.0]
      Strict-Transport-Security: [max-age=31536000; includeSubDomains]
      Transfer-Encoding: [chunked]
      Vary: [Accept-Encoding]
      content-length: ['30']
      x-ms-correlation-request-id: [af059058-0466-47d9-a373-f2356b4785ca]
      x-ms-ratelimit-remaining-subscription-reads: ['14998']
      x-ms-request-id: [af7fcc94-0348-4020-a10d-aaed6e4b806d]
      x-ms-routing-request-id: ['CENTRALUS:20160715T223550Z:af059058-0466-47d9-a373-f2356b4785ca']
    status: {code: 200, message: OK}
- request:
    body: null
    headers:
      Accept: [application/json]
      Accept-Encoding: ['gzip, deflate']
      Connection: [keep-alive]
      Content-Type: [application/json; charset=utf-8]
      User-Agent: [python/3.5.1 (Windows-10-10.0.14372-SP0) requests/2.10.0 msrest/0.4.0
          msrest_azure/0.4.1 networkmanagementclient/0.30.0rc5 Azure-SDK-For-Python]
      accept-language: [en-US]
      x-ms-client-request-id: [74e29d76-4adc-11e6-8a19-00155d4b0101]
    method: GET
    uri: https://management.azure.com/subscriptions/00000000-0000-0000-0000-000000000000/providers/Microsoft.Network/locations/westus/operations/2a0d2001-6311-4cab-8b1a-f471de9391d0?api-version=2016-06-01
  response:
    body: {string: "{\r\n  \"status\": \"InProgress\"\r\n}"}
    headers:
      Cache-Control: [no-cache]
      Content-Type: [application/json; charset=utf-8]
      Date: ['Fri, 15 Jul 2016 22:36:20 GMT']
      Expires: ['-1']
      Pragma: [no-cache]
      Server: [Microsoft-HTTPAPI/2.0, Microsoft-HTTPAPI/2.0]
      Strict-Transport-Security: [max-age=31536000; includeSubDomains]
      Transfer-Encoding: [chunked]
      Vary: [Accept-Encoding]
      content-length: ['30']
      x-ms-correlation-request-id: [39046f01-4eb1-47f3-9b72-e9350898bf9b]
      x-ms-ratelimit-remaining-subscription-reads: ['14997']
      x-ms-request-id: [977dee0d-df56-462d-a6dc-4f5c2244e7c6]
      x-ms-routing-request-id: ['CENTRALUS:20160715T223620Z:39046f01-4eb1-47f3-9b72-e9350898bf9b']
    status: {code: 200, message: OK}
- request:
    body: null
    headers:
      Accept: [application/json]
      Accept-Encoding: ['gzip, deflate']
      Connection: [keep-alive]
      Content-Type: [application/json; charset=utf-8]
      User-Agent: [python/3.5.1 (Windows-10-10.0.14372-SP0) requests/2.10.0 msrest/0.4.0
          msrest_azure/0.4.1 networkmanagementclient/0.30.0rc5 Azure-SDK-For-Python]
      accept-language: [en-US]
      x-ms-client-request-id: [74e29d76-4adc-11e6-8a19-00155d4b0101]
    method: GET
    uri: https://management.azure.com/subscriptions/00000000-0000-0000-0000-000000000000/providers/Microsoft.Network/locations/westus/operations/2a0d2001-6311-4cab-8b1a-f471de9391d0?api-version=2016-06-01
  response:
    body: {string: "{\r\n  \"status\": \"InProgress\"\r\n}"}
    headers:
      Cache-Control: [no-cache]
      Content-Type: [application/json; charset=utf-8]
      Date: ['Fri, 15 Jul 2016 22:36:50 GMT']
      Expires: ['-1']
      Pragma: [no-cache]
      Server: [Microsoft-HTTPAPI/2.0, Microsoft-HTTPAPI/2.0]
      Strict-Transport-Security: [max-age=31536000; includeSubDomains]
      Transfer-Encoding: [chunked]
      Vary: [Accept-Encoding]
      content-length: ['30']
      x-ms-correlation-request-id: [371ef372-a79b-419d-9ec3-c330bdf0a33a]
      x-ms-ratelimit-remaining-subscription-reads: ['14991']
      x-ms-request-id: [093e739d-b84f-4e96-9b65-97c0d7815eaa]
      x-ms-routing-request-id: ['CENTRALUS:20160715T223651Z:371ef372-a79b-419d-9ec3-c330bdf0a33a']
    status: {code: 200, message: OK}
- request:
    body: null
    headers:
      Accept: [application/json]
      Accept-Encoding: ['gzip, deflate']
      Connection: [keep-alive]
      Content-Type: [application/json; charset=utf-8]
      User-Agent: [python/3.5.1 (Windows-10-10.0.14372-SP0) requests/2.10.0 msrest/0.4.0
          msrest_azure/0.4.1 networkmanagementclient/0.30.0rc5 Azure-SDK-For-Python]
      accept-language: [en-US]
      x-ms-client-request-id: [74e29d76-4adc-11e6-8a19-00155d4b0101]
    method: GET
    uri: https://management.azure.com/subscriptions/00000000-0000-0000-0000-000000000000/providers/Microsoft.Network/locations/westus/operations/2a0d2001-6311-4cab-8b1a-f471de9391d0?api-version=2016-06-01
  response:
    body: {string: "{\r\n  \"status\": \"Succeeded\"\r\n}"}
    headers:
      Cache-Control: [no-cache]
      Content-Type: [application/json; charset=utf-8]
      Date: ['Fri, 15 Jul 2016 22:37:21 GMT']
      Expires: ['-1']
      Pragma: [no-cache]
      Server: [Microsoft-HTTPAPI/2.0, Microsoft-HTTPAPI/2.0]
      Strict-Transport-Security: [max-age=31536000; includeSubDomains]
      Transfer-Encoding: [chunked]
      Vary: [Accept-Encoding]
      content-length: ['29']
      x-ms-correlation-request-id: [57f82eba-3985-41ea-9617-0ebc5a1acf39]
      x-ms-ratelimit-remaining-subscription-reads: ['14991']
      x-ms-request-id: [1332fe9c-5c5b-48e3-888b-337c6007612b]
      x-ms-routing-request-id: ['CENTRALUS:20160715T223722Z:57f82eba-3985-41ea-9617-0ebc5a1acf39']
    status: {code: 200, message: OK}
- request:
    body: null
    headers:
      Accept: [application/json]
      Accept-Encoding: ['gzip, deflate']
      Connection: [keep-alive]
      Content-Length: ['0']
      Content-Type: [application/json; charset=utf-8]
      User-Agent: [python/3.5.1 (Windows-10-10.0.14372-SP0) requests/2.10.0 msrest/0.4.0
          msrest_azure/0.4.1 networkmanagementclient/0.30.0rc5 Azure-SDK-For-Python]
      accept-language: [en-US]
      x-ms-client-request-id: [b22d6040-4adc-11e6-ab3f-00155d4b0101]
    method: DELETE
    uri: https://management.azure.com/subscriptions/00000000-0000-0000-0000-000000000000/resourceGroups/test_mgmt_network_test_express_route_circuit9edf1275/providers/Microsoft.Network/expressRouteCircuits/pyexpressroute9edf1275?api-version=2016-06-01
  response:
    body: {string: ''}
    headers:
      Azure-AsyncOperation: ['https://management.azure.com/subscriptions/00000000-0000-0000-0000-000000000000/providers/Microsoft.Network/locations/westus/operations/e2176827-2348-4d7a-bbc4-5a39fa39f0d5?api-version=2016-06-01']
      Cache-Control: [no-cache]
      Content-Length: ['0']
      Date: ['Fri, 15 Jul 2016 22:37:22 GMT']
      Expires: ['-1']
      Location: ['https://management.azure.com/subscriptions/00000000-0000-0000-0000-000000000000/providers/Microsoft.Network/locations/westus/operationResults/e2176827-2348-4d7a-bbc4-5a39fa39f0d5?api-version=2016-06-01']
      Pragma: [no-cache]
      Retry-After: ['0']
      Server: [Microsoft-HTTPAPI/2.0, Microsoft-HTTPAPI/2.0]
      Strict-Transport-Security: [max-age=31536000; includeSubDomains]
      x-ms-correlation-request-id: [6f70ee29-033e-491a-bc9b-81601bdac072]
      x-ms-ratelimit-remaining-subscription-writes: ['1195']
      x-ms-request-id: [e2176827-2348-4d7a-bbc4-5a39fa39f0d5]
      x-ms-routing-request-id: ['CENTRALUS:20160715T223723Z:6f70ee29-033e-491a-bc9b-81601bdac072']
    status: {code: 202, message: Accepted}
- request:
    body: null
    headers:
      Accept: [application/json]
      Accept-Encoding: ['gzip, deflate']
      Connection: [keep-alive]
      Content-Type: [application/json; charset=utf-8]
      User-Agent: [python/3.5.1 (Windows-10-10.0.14372-SP0) requests/2.10.0 msrest/0.4.0
          msrest_azure/0.4.1 networkmanagementclient/0.30.0rc5 Azure-SDK-For-Python]
      accept-language: [en-US]
      x-ms-client-request-id: [b22d6040-4adc-11e6-ab3f-00155d4b0101]
    method: GET
    uri: https://management.azure.com/subscriptions/00000000-0000-0000-0000-000000000000/providers/Microsoft.Network/locations/westus/operations/e2176827-2348-4d7a-bbc4-5a39fa39f0d5?api-version=2016-06-01
  response:
    body: {string: "{\r\n  \"status\": \"Succeeded\"\r\n}"}
    headers:
      Cache-Control: [no-cache]
      Content-Type: [application/json; charset=utf-8]
      Date: ['Fri, 15 Jul 2016 22:37:32 GMT']
      Expires: ['-1']
      Pragma: [no-cache]
      Server: [Microsoft-HTTPAPI/2.0, Microsoft-HTTPAPI/2.0]
      Strict-Transport-Security: [max-age=31536000; includeSubDomains]
      Transfer-Encoding: [chunked]
      Vary: [Accept-Encoding]
      content-length: ['29']
      x-ms-correlation-request-id: [197ece11-c322-40bf-b817-0b4b68e6edb4]
      x-ms-ratelimit-remaining-subscription-reads: ['14994']
      x-ms-request-id: [9821efd5-3388-42f6-8815-18cdeb007deb]
      x-ms-routing-request-id: ['CENTRALUS:20160715T223733Z:197ece11-c322-40bf-b817-0b4b68e6edb4']
    status: {code: 200, message: OK}
version: 1
