{
  "Entries": [
    {
      "RequestUri": "https://management.azure.com/subscriptions/00000000-0000-0000-0000-000000000/resourceGroups/00000/providers/Microsoft.MachineLearningServices/workspaces/00000?api-version=2022-10-01",
      "RequestMethod": "GET",
      "RequestHeaders": {
        "Accept": "application/json",
        "Accept-Encoding": "gzip, deflate",
        "Connection": "keep-alive",
        "User-Agent": "azure-ai-ml/1.4.0 azsdk-python-mgmt-machinelearningservices/0.1.0 Python/3.7.9 (Windows-10-10.0.22621-SP0)"
      },
      "RequestBody": null,
      "StatusCode": 200,
      "ResponseHeaders": {
        "Cache-Control": "no-cache",
        "Content-Encoding": "gzip",
        "Content-Type": "application/json; charset=utf-8",
        "Date": "Mon, 30 Jan 2023 05:43:47 GMT",
        "Expires": "-1",
        "Pragma": "no-cache",
        "Request-Context": "appId=cid-v1:2d2e8e63-272e-4b3c-8598-4ee570a0e70d",
        "Server-Timing": "traceparent;desc=\u002200-ee8431728c15e9fd399a8ae26da81580-7d7fac55a5f8b298-00\u0022",
        "Strict-Transport-Security": "max-age=31536000; includeSubDomains",
        "Transfer-Encoding": "chunked",
        "Vary": [
          "Accept-Encoding",
          "Accept-Encoding"
        ],
        "x-aml-cluster": "vienna-eastus2-01",
        "X-Content-Type-Options": "nosniff",
        "x-ms-correlation-request-id": "1df639a0-8863-4bfd-9481-4c3c2ca39321",
        "x-ms-ratelimit-remaining-subscription-reads": "11928",
        "x-ms-response-type": "standard",
        "x-ms-routing-request-id": "CENTRALUS:20230130T054347Z:1df639a0-8863-4bfd-9481-4c3c2ca39321",
        "x-request-time": "0.013"
      },
      "ResponseBody": {
        "id": "/subscriptions/00000000-0000-0000-0000-000000000/resourceGroups/00000/providers/Microsoft.MachineLearningServices/workspaces/00000",
        "name": "00000",
        "type": "Microsoft.MachineLearningServices/workspaces",
        "location": "eastus2",
        "tags": {},
        "etag": null,
        "properties": {
          "friendlyName": "00000",
          "description": "",
          "storageAccount": "/subscriptions/00000000-0000-0000-0000-000000000/resourceGroups/00000/providers/Microsoft.Storage/storageAccounts/sag5kafuzodsfcw",
          "keyVault": "/subscriptions/00000000-0000-0000-0000-000000000/resourceGroups/00000/providers/Microsoft.Keyvault/vaults/kvtestnq6bnff67572c",
          "applicationInsights": "/subscriptions/00000000-0000-0000-0000-000000000/resourceGroups/00000/providers/Microsoft.insights/components/aig5kafuzodsfcw",
          "hbiWorkspace": false,
          "tenantId": "0000000-0000-0000-0000-000000000000",
          "imageBuildCompute": null,
          "provisioningState": "Succeeded",
          "v1LegacyMode": false,
          "softDeleteEnabled": false,
          "containerRegistry": "/subscriptions/00000000-0000-0000-0000-000000000/resourceGroups/00000/providers/Microsoft.ContainerRegistry/registries/crg5kafuzodsfcw",
          "notebookInfo": {
            "resourceId": "0000000-0000-0000-0000-000000000000",
            "fqdn": "ml-sdkvnextcli-eastus2-ed997c1d-9e48-442e-b62b-478a0b393069.eastus2.notebooks.azure.net",
            "isPrivateLinkEnabled": false,
            "notebookPreparationError": null
          },
          "storageHnsEnabled": false,
          "workspaceId": "0000000-0000-0000-0000-000000000000",
          "linkedModelInventoryArmId": null,
          "privateLinkCount": 0,
          "publicNetworkAccess": "Enabled",
          "discoveryUrl": "https://eastus2.api.azureml.ms/discovery",
          "mlFlowTrackingUri": "azureml://eastus2.api.azureml.ms/mlflow/v1.0/subscriptions/00000000-0000-0000-0000-000000000/resourceGroups/00000/providers/Microsoft.MachineLearningServices/workspaces/00000",
          "sdkTelemetryAppInsightsKey": "0000000-0000-0000-0000-000000000000",
          "sasGetterUri": "",
          "enableDataIsolation": false
        },
        "identity": {
          "type": "SystemAssigned",
          "principalId": "0000000-0000-0000-0000-000000000000",
          "tenantId": "0000000-0000-0000-0000-000000000000"
        },
        "sku": {
          "name": "Basic",
          "tier": "Basic"
        },
        "systemData": {
          "createdAt": "2023-01-30T04:47:31.0681103Z",
          "createdBy": "dipeck@microsoft.com",
          "createdByType": "User",
          "lastModifiedAt": "2023-01-30T04:47:31.0681103Z",
          "lastModifiedBy": "dipeck@microsoft.com",
          "lastModifiedByType": "User"
        }
      }
    },
    {
      "RequestUri": "https://eastus2.api.azureml.ms/content/v2.0/subscriptions/00000000-0000-0000-0000-000000000/resourceGroups/00000/providers/Microsoft.MachineLearningServices/workspaces/00000/snapshots/getByHash?hash=1c7c105ded4bc6e165ee33c42b00e75f0db2ae62afb87ce0970824755afa47a8\u0026hashVersion=202208",
      "RequestMethod": "POST",
      "RequestHeaders": {
        "Accept": "*/*",
        "Accept-Encoding": "gzip, deflate",
        "Connection": "keep-alive",
        "Content-Length": "0",
        "Content-Type": "application/json; charset=UTF-8",
        "User-Agent": "azure-ai-ml/1.4.0 azsdk-python-core/1.26.3 Python/3.7.9 (Windows-10-10.0.22621-SP0)"
      },
      "RequestBody": null,
      "StatusCode": 400,
      "ResponseHeaders": {
        "Connection": "keep-alive",
        "Content-Length": "557",
        "Content-Type": "application/json; charset=utf-8",
        "Date": "Mon, 30 Jan 2023 05:43:49 GMT",
        "Request-Context": "appId=cid-v1:2d2e8e63-272e-4b3c-8598-4ee570a0e70d",
        "Strict-Transport-Security": "max-age=15724800; includeSubDomains; preload",
        "x-aml-cluster": "vienna-eastus2-01",
        "X-Content-Type-Options": "nosniff",
        "x-ms-response-type": "standard",
        "x-request-time": "0.020"
      },
      "ResponseBody": {
        "error": {
          "code": "UserError",
          "severity": null,
          "message": "Request body could not be read. Ensure data was provided in the request body and that the content-type header is correct.",
          "messageFormat": null,
          "messageParameters": {},
          "referenceCode": null,
          "detailsUri": null,
          "target": null,
          "details": [],
          "innerError": null,
          "debugInfo": null,
          "additionalInfo": null
        },
        "correlation": null,
        "environment": null,
        "location": null,
        "time": "0001-01-01T00:00:00\u002B00:00",
        "componentName": null
      }
    },
    {
      "RequestUri": "https://eastus2.api.azureml.ms/assetstore/v1.0/temporaryDataReference/createOrGet",
      "RequestMethod": "POST",
      "RequestHeaders": {
        "Accept": "*/*",
        "Accept-Encoding": "gzip, deflate",
        "Connection": "keep-alive",
        "Content-Length": "253",
        "Content-Type": "application/json; charset=UTF-8",
        "User-Agent": "azure-ai-ml/1.4.0 azsdk-python-core/1.26.3 Python/3.7.9 (Windows-10-10.0.22621-SP0)"
      },
      "RequestBody": {
        "assetId": "azureml://locations/eastus2/workspaces/ed997c1d-9e48-442e-b62b-478a0b393069/codes/1f43a999-6005-a167-6bde-90cc09ac7298/versions/1",
        "temporaryDataReferenceId": "000000000000000000000",
        "temporaryDataReferenceType": "TemporaryBlobReference"
      },
      "StatusCode": 200,
      "ResponseHeaders": {
        "Connection": "keep-alive",
        "Content-Encoding": "gzip",
        "Content-Type": "application/json; charset=utf-8",
        "Date": "Mon, 30 Jan 2023 05:43:50 GMT",
        "Request-Context": "appId=cid-v1:2d2e8e63-272e-4b3c-8598-4ee570a0e70d",
        "Strict-Transport-Security": "max-age=15724800; includeSubDomains; preload",
        "Transfer-Encoding": "chunked",
        "Vary": "Accept-Encoding",
        "x-aml-cluster": "vienna-eastus2-01",
        "X-Content-Type-Options": "nosniff",
        "x-ms-response-type": "standard",
        "x-request-time": "0.127"
      },
      "ResponseBody": {
        "blobReferenceForConsumption": {
          "blobUri": "https://sag5kafuzodsfcw.blob.core.windows.net:443/ed997c1d-9-7a89ed67-2534-54fb-8833-74139ca281d8",
          "storageAccountArmId": "/subscriptions/00000000-0000-0000-0000-000000000/resourceGroups/00000/providers/Microsoft.Storage/storageAccounts/sag5kafuzodsfcw",
          "credential": {
            "sasUri": "https://sag5kafuzodsfcw.blob.core.windows.net/ed997c1d-9-7a89ed67-2534-54fb-8833-74139ca281d8?skoid=da11e5f0-57ac-4d3e-894c-cf537f89d706\u0026sktid=0000000-0000-0000-0000-000000000000\u0026skt=2023-01-30T04%3A40%3A19Z\u0026ske=2023-01-31T12%3A50%3A19Z\u0026sks=b\u0026skv=2019-07-07\u0026sv=2021-08-06\u0026st=2023-01-30T05%3A33%3A50Z\u0026se=2023-01-30T13%3A43%3A50Z\u0026sr=c\u0026sp=rcwl\u0026sig=nN5U3PDJIJTuK0d5RJEwhbUiwTDdD2Gr3eA7oxVvfIQ%3D",
            "wasbsUri": null,
            "credentialType": "SAS"
          }
        },
        "imageReferenceForConsumption": null,
        "temporaryDataReferenceId": "000000000000000000000",
        "temporaryDataReferenceType": null
      }
    },
    {
      "RequestUri": "https://sag5kafuzodsfcw.blob.core.windows.net/ed997c1d-9-7a89ed67-2534-54fb-8833-74139ca281d8/hemera-component/component.yaml?skoid=da11e5f0-57ac-4d3e-894c-cf537f89d706\u0026sktid=0000000-0000-0000-0000-000000000000\u0026skt=2023-01-30T04%3A40%3A19Z\u0026ske=2023-01-31T12%3A50%3A19Z\u0026sks=b\u0026skv=2019-07-07\u0026sv=2021-08-06\u0026st=2023-01-30T05%3A33%3A50Z\u0026se=2023-01-30T13%3A43%3A50Z\u0026sr=c\u0026sp=rcwl\u0026sig=nN5U3PDJIJTuK0d5RJEwhbUiwTDdD2Gr3eA7oxVvfIQ%3D",
      "RequestMethod": "HEAD",
      "RequestHeaders": {
        "Accept": "application/xml",
        "Accept-Encoding": "gzip, deflate",
        "Connection": "keep-alive",
        "User-Agent": "azsdk-python-storage-blob/12.14.1 Python/3.7.9 (Windows-10-10.0.22621-SP0)",
        "x-ms-date": "Mon, 30 Jan 2023 05:43:50 GMT",
        "x-ms-version": "2021-08-06"
      },
      "RequestBody": null,
      "StatusCode": 404,
      "ResponseHeaders": {
        "Date": "Mon, 30 Jan 2023 05:43:50 GMT",
        "Server": [
          "Windows-Azure-Blob/1.0",
          "Microsoft-HTTPAPI/2.0"
        ],
        "Transfer-Encoding": "chunked",
        "Vary": "Origin",
        "x-ms-error-code": "BlobNotFound",
        "x-ms-version": "2021-08-06"
      },
      "ResponseBody": null
    },
    {
      "RequestUri": "https://sag5kafuzodsfcw.blob.core.windows.net/ed997c1d-9-7a89ed67-2534-54fb-8833-74139ca281d8/hemera-component/component.yaml?skoid=da11e5f0-57ac-4d3e-894c-cf537f89d706\u0026sktid=0000000-0000-0000-0000-000000000000\u0026skt=2023-01-30T04%3A40%3A19Z\u0026ske=2023-01-31T12%3A50%3A19Z\u0026sks=b\u0026skv=2019-07-07\u0026sv=2021-08-06\u0026st=2023-01-30T05%3A33%3A50Z\u0026se=2023-01-30T13%3A43%3A50Z\u0026sr=c\u0026sp=rcwl\u0026sig=nN5U3PDJIJTuK0d5RJEwhbUiwTDdD2Gr3eA7oxVvfIQ%3D",
      "RequestMethod": "PUT",
      "RequestHeaders": {
        "Accept": "application/xml",
        "Accept-Encoding": "gzip, deflate",
        "Connection": "keep-alive",
        "Content-Length": "1844",
        "Content-MD5": "Qdx8hYKW6YPpRwzKRyORyQ==",
        "Content-Type": "application/octet-stream",
        "If-None-Match": "*",
        "User-Agent": "azsdk-python-storage-blob/12.14.1 Python/3.7.9 (Windows-10-10.0.22621-SP0)",
        "x-ms-blob-type": "BlockBlob",
        "x-ms-date": "Mon, 30 Jan 2023 05:43:51 GMT",
        "x-ms-version": "2021-08-06"
      },
      "RequestBody": "JHNjaGVtYTogaHR0cHM6Ly9jb21wb25lbnRzZGsuYXp1cmVlZGdlLm5ldC9qc29uc2NoZW1hL0hlbWVyYUNvbXBvbmVudC5qc29uCm5hbWU6IEFkc0xSRE5OUmF3S2V5c19EdW1teQp2ZXJzaW9uOiAwLjAuMgpkaXNwbGF5X25hbWU6IEFkcyBMUiBETk4gUmF3IEtleXMKdHlwZTogSGVtZXJhQ29tcG9uZW50CmRlc2NyaXB0aW9uOiBBZHMgTFIgRE5OIFJhdyBLZXlzIER1bW15IHNhbXBsZS4KdGFnczoKICBjYXRlZ29yeTogQ29tcG9uZW50IFR1dG9yaWFsCiAgY29udGFjdDogYW1sZGVzaWduZXJAbWljcm9zb2Z0LmNvbQppbnB1dHM6CiAgVHJhaW5pbmdEYXRhRGlyOgogICAgdHlwZTogcGF0aAogICAgb3B0aW9uYWw6IHRydWUKICAgIGlzX3Jlc291cmNlOiB0cnVlCiAgVmFsaWRhdGlvbkRhdGFEaXI6CiAgICB0eXBlOiBwYXRoCiAgICBvcHRpb25hbDogdHJ1ZQogICAgaXNfcmVzb3VyY2U6IHRydWUKICBJbml0aWFsTW9kZWxEaXI6CiAgICB0eXBlOiBwYXRoCiAgICBvcHRpb25hbDogdHJ1ZQogICAgaXNfcmVzb3VyY2U6IHRydWUKICBZYXJuQ2x1c3RlcjoKICAgIHR5cGU6IHN0cmluZwogICAgb3B0aW9uYWw6IGZhbHNlCiAgICBkZWZhdWx0OiBtdHByaW1lLWJuMi0wCiAgSm9iUXVldWU6CiAgICB0eXBlOiBzdHJpbmcKICAgIG9wdGlvbmFsOiBmYWxzZQogICAgZGVmYXVsdDogZGVmYXVsdAogIFdvcmtlckNvdW50OgogICAgdHlwZTogc3RyaW5nCiAgICBvcHRpb25hbDogZmFsc2UKICAgIGRlZmF1bHQ6IDIuMAogIENwdToKICAgIHR5cGU6IHN0cmluZwogICAgb3B0aW9uYWw6IGZhbHNlCiAgICBkZWZhdWx0OiAyLjAKICBNZW1vcnk6CiAgICB0eXBlOiBzdHJpbmcKICAgIG9wdGlvbmFsOiBmYWxzZQogICAgZGVmYXVsdDogMTBnCiAgSGRmc1Jvb3REaXI6CiAgICB0eXBlOiBzdHJpbmcKICAgIG9wdGlvbmFsOiBmYWxzZQogICAgZGVmYXVsdDogL3Byb2plY3RzL2RlZmF1bHQvCiAgQ29zbW9zUm9vdERpcjoKICAgIHR5cGU6IHN0cmluZwogICAgb3B0aW9uYWw6IGZhbHNlCiAgICBkZWZhdWx0OiBodHRwczovL2Nvc21vczA5Lm9zZGluZnJhLm5ldC9jb3Ntb3MvZHVtbXkvbG9jYWwvcm9vdC8Kb3V0cHV0czoKICBvdXRwdXQxOgogICAgdHlwZTogQW55RmlsZQogIG91dHB1dDI6CiAgICB0eXBlOiBBbnlGaWxlCmNvbW1hbmQ6ID4tCiAgcnVuLmJhdCBbLV9UcmFpbmluZ0RhdGFEaXIge2lucHV0cy5UcmFpbmluZ0RhdGFEaXJ9XSBbLV9WYWxpZGF0aW9uRGF0YURpciB7aW5wdXRzLlZhbGlkYXRpb25EYXRhRGlyfV0gWy1fSW5pdGlhbE1vZGVsRGlyIHtpbnB1dHMuSW5pdGlhbE1vZGVsRGlyfV0gLV9Db3Ntb3NSb290RGlyIHtpbnB1dHMuQ29zbW9zUm9vdERpcn0gLV9Qc0NvdW50IDAKICAlQ0xVU1RFUiU9e2lucHV0cy5ZYXJuQ2x1c3Rlcn0gLUpvYlF1ZXVlIHtpbnB1dHMuSm9iUXVldWV9IC1fV29ya2VyQ291bnQge2lucHV0cy5Xb3JrZXJDb3VudH0gLV9DcHUge2lucHV0cy5DcHV9IC1fTWVtb3J5IHtpbnB1dHMuTWVtb3J5fSAtX0hkZnNSb290RGlyIHtpbnB1dHMuSGRmc1Jvb3REaXJ9CiAgLV9FeHBvc2VkUG9ydCAiMzIwMC0zMjEwLDMzMDAtMzMyMSIgLV9Ob2RlTG9zdEJsb2NrZXIgLV9Vc2VQaHlzaWNhbElQIC1fU3luY1dvcmtlciAtX0VudHJhbmNlRmlsZU5hbWUgcnVuLnB5IC1fU3RhcnR1cEFyZ3VtZW50cyAiIiAtX1B5dGhvblppcFBhdGggImh0dHBzOi8vZHVtbXkvZm9vL2Jhci56aXAiCiAgLV9Nb2RlbE91dHB1dERpciB7b3V0cHV0cy5vdXRwdXQxfSAtX1ZhbGlkYXRpb25PdXRwdXREaXIge291dHB1dHMub3V0cHV0Mn0KaGVtZXJhOgogIHJlZl9pZDogMWJkMTUyNWMtMDgyZS00NjUyLWE5YjItOWM2MDc4M2VjNTUxCgo=",
      "StatusCode": 201,
      "ResponseHeaders": {
        "Content-Length": "0",
        "Content-MD5": "Qdx8hYKW6YPpRwzKRyORyQ==",
        "Date": "Mon, 30 Jan 2023 05:43:50 GMT",
        "ETag": "\u00220x8DB0284F7498A07\u0022",
        "Last-Modified": "Mon, 30 Jan 2023 05:43:51 GMT",
        "Server": [
          "Windows-Azure-Blob/1.0",
          "Microsoft-HTTPAPI/2.0"
        ],
        "x-ms-content-crc64": "ITiIOKBzEPQ=",
        "x-ms-request-server-encrypted": "true",
        "x-ms-version": "2021-08-06"
      },
      "ResponseBody": null
    },
    {
      "RequestUri": "https://sag5kafuzodsfcw.blob.core.windows.net/ed997c1d-9-7a89ed67-2534-54fb-8833-74139ca281d8/hemera-component/component.yaml?comp=metadata\u0026skoid=da11e5f0-57ac-4d3e-894c-cf537f89d706\u0026sktid=0000000-0000-0000-0000-000000000000\u0026skt=2023-01-30T04%3A40%3A19Z\u0026ske=2023-01-31T12%3A50%3A19Z\u0026sks=b\u0026skv=2019-07-07\u0026sv=2021-08-06\u0026st=2023-01-30T05%3A33%3A50Z\u0026se=2023-01-30T13%3A43%3A50Z\u0026sr=c\u0026sp=rcwl\u0026sig=nN5U3PDJIJTuK0d5RJEwhbUiwTDdD2Gr3eA7oxVvfIQ%3D",
      "RequestMethod": "PUT",
      "RequestHeaders": {
        "Accept": "application/xml",
        "Accept-Encoding": "gzip, deflate",
        "Connection": "keep-alive",
        "Content-Length": "0",
        "User-Agent": "azsdk-python-storage-blob/12.14.1 Python/3.7.9 (Windows-10-10.0.22621-SP0)",
        "x-ms-date": "Mon, 30 Jan 2023 05:43:51 GMT",
        "x-ms-meta-name": "1f43a999-6005-a167-6bde-90cc09ac7298",
        "x-ms-meta-upload_status": "completed",
        "x-ms-meta-version": "1",
        "x-ms-version": "2021-08-06"
      },
      "RequestBody": null,
      "StatusCode": 200,
      "ResponseHeaders": {
        "Content-Length": "0",
        "Date": "Mon, 30 Jan 2023 05:43:50 GMT",
        "ETag": "\u00220x8DB0284F756F589\u0022",
        "Last-Modified": "Mon, 30 Jan 2023 05:43:51 GMT",
        "Server": [
          "Windows-Azure-Blob/1.0",
          "Microsoft-HTTPAPI/2.0"
        ],
        "x-ms-request-server-encrypted": "true",
        "x-ms-version": "2021-08-06"
      },
      "ResponseBody": null
    },
    {
      "RequestUri": "https://management.azure.com/subscriptions/00000000-0000-0000-0000-000000000/resourceGroups/00000/providers/Microsoft.MachineLearningServices/workspaces/00000/codes/1f43a999-6005-a167-6bde-90cc09ac7298/versions/1?api-version=2022-05-01",
      "RequestMethod": "PUT",
      "RequestHeaders": {
        "Accept": "application/json",
        "Accept-Encoding": "gzip, deflate",
        "Connection": "keep-alive",
        "Content-Length": "257",
        "Content-Type": "application/json",
        "User-Agent": "azure-ai-ml/1.4.0 azsdk-python-mgmt-machinelearningservices/0.1.0 Python/3.7.9 (Windows-10-10.0.22621-SP0)"
      },
      "RequestBody": {
        "properties": {
          "properties": {
            "hash_sha256": "0000000000000",
            "hash_version": "0000000000000"
          },
          "isAnonymous": true,
          "isArchived": false,
          "codeUri": "https://sag5kafuzodsfcw.blob.core.windows.net:443/ed997c1d-9-7a89ed67-2534-54fb-8833-74139ca281d8/hemera-component"
        }
      },
      "StatusCode": 200,
      "ResponseHeaders": {
        "Cache-Control": "no-cache",
        "Content-Encoding": "gzip",
        "Content-Type": "application/json; charset=utf-8",
        "Date": "Mon, 30 Jan 2023 05:43:52 GMT",
        "Expires": "-1",
        "Pragma": "no-cache",
        "Request-Context": "appId=cid-v1:2d2e8e63-272e-4b3c-8598-4ee570a0e70d",
        "Server-Timing": "traceparent;desc=\u002200-7e850b462bfc1883e4c123fd31f1c9e9-de4cf95b611e331d-00\u0022",
        "Strict-Transport-Security": "max-age=31536000; includeSubDomains",
        "Transfer-Encoding": "chunked",
        "Vary": [
          "Accept-Encoding",
          "Accept-Encoding"
        ],
        "x-aml-cluster": "vienna-eastus2-02",
        "X-Content-Type-Options": "nosniff",
        "x-ms-correlation-request-id": "20c3f713-0431-4fe4-bbf4-b25b9b3a7949",
        "x-ms-ratelimit-remaining-subscription-writes": "1157",
        "x-ms-response-type": "standard",
        "x-ms-routing-request-id": "CENTRALUS:20230130T054352Z:20c3f713-0431-4fe4-bbf4-b25b9b3a7949",
        "x-request-time": "0.156"
      },
      "ResponseBody": {
        "id": "/subscriptions/00000000-0000-0000-0000-000000000/resourceGroups/00000/providers/Microsoft.MachineLearningServices/workspaces/00000/codes/1f43a999-6005-a167-6bde-90cc09ac7298/versions/1",
        "name": "1",
        "type": "Microsoft.MachineLearningServices/workspaces/codes/versions",
        "properties": {
          "description": null,
          "tags": {},
          "properties": {
            "hash_sha256": "0000000000000",
            "hash_version": "0000000000000"
          },
          "isArchived": false,
          "isAnonymous": false,
          "codeUri": "https://sag5kafuzodsfcw.blob.core.windows.net:443/ed997c1d-9-8edfd86c-f6d8-5a90-869a-30bde4aa781e/hemera-component"
        },
        "systemData": {
          "createdAt": "2023-01-30T05:26:08.7300048\u002B00:00",
          "createdBy": "Diondra Peck",
          "createdByType": "User",
          "lastModifiedAt": "2023-01-30T05:43:52.8792367\u002B00:00",
          "lastModifiedBy": "Diondra Peck",
          "lastModifiedByType": "User"
        }
      }
    },
    {
      "RequestUri": "https://management.azure.com/subscriptions/00000000-0000-0000-0000-000000000/resourceGroups/00000/providers/Microsoft.MachineLearningServices/workspaces/00000/components/test_128977907281/versions/0.0.2?api-version=2022-10-01",
      "RequestMethod": "PUT",
      "RequestHeaders": {
        "Accept": "application/json",
        "Accept-Encoding": "gzip, deflate",
        "Connection": "keep-alive",
        "Content-Length": "2360",
        "Content-Type": "application/json",
        "User-Agent": "azure-ai-ml/1.4.0 azsdk-python-mgmt-machinelearningservices/0.1.0 Python/3.7.9 (Windows-10-10.0.22621-SP0)"
      },
      "RequestBody": {
        "properties": {
          "description": "Ads LR DNN Raw Keys Dummy sample.",
          "properties": {},
          "tags": {
            "category": "Component Tutorial",
            "contact": "amldesigner@microsoft.com"
          },
          "isAnonymous": false,
          "isArchived": false,
          "componentSpec": {
            "name": "test_128977907281",
            "description": "Ads LR DNN Raw Keys Dummy sample.",
            "tags": {
              "category": "Component Tutorial",
              "contact": "amldesigner@microsoft.com"
            },
            "version": "0.0.2",
            "$schema": "https://componentsdk.azureedge.net/jsonschema/HemeraComponent.json",
            "display_name": "Ads LR DNN Raw Keys",
            "inputs": {
              "TrainingDataDir": {
                "type": "path",
                "optional": true,
                "is_resource": true
              },
              "ValidationDataDir": {
                "type": "path",
                "optional": true,
                "is_resource": true
              },
              "InitialModelDir": {
                "type": "path",
                "optional": true,
                "is_resource": true
              },
              "YarnCluster": {
                "type": "string",
                "optional": false,
                "default": "mtprime-bn2-0"
              },
              "JobQueue": {
                "type": "string",
                "optional": false,
                "default": "default"
              },
              "WorkerCount": {
                "type": "string",
                "optional": false,
                "default": "2.0"
              },
              "Cpu": {
                "type": "string",
                "optional": false,
                "default": "2.0"
              },
              "Memory": {
                "type": "string",
                "optional": false,
                "default": "10g"
              },
              "HdfsRootDir": {
                "type": "string",
                "optional": false,
                "default": "/projects/default/"
              },
              "CosmosRootDir": {
                "type": "string",
                "optional": false,
                "default": "https://cosmos09.osdinfra.net/cosmos/dummy/local/root/"
              }
            },
            "outputs": {
              "output1": {
                "type": "AnyFile"
              },
              "output2": {
                "type": "AnyFile"
              }
            },
            "type": "HemeraComponent",
            "code": "azureml:/subscriptions/00000000-0000-0000-0000-000000000/resourceGroups/00000/providers/Microsoft.MachineLearningServices/workspaces/00000/codes/1f43a999-6005-a167-6bde-90cc09ac7298/versions/1",
            "command": "run.bat [-_TrainingDataDir {inputs.TrainingDataDir}] [-_ValidationDataDir {inputs.ValidationDataDir}] [-_InitialModelDir {inputs.InitialModelDir}] -_CosmosRootDir {inputs.CosmosRootDir} -_PsCount 0 %CLUSTER%={inputs.YarnCluster} -JobQueue {inputs.JobQueue} -_WorkerCount {inputs.WorkerCount} -_Cpu {inputs.Cpu} -_Memory {inputs.Memory} -_HdfsRootDir {inputs.HdfsRootDir} -_ExposedPort \u00223200-3210,3300-3321\u0022 -_NodeLostBlocker -_UsePhysicalIP -_SyncWorker -_EntranceFileName run.py -_StartupArguments \u0022\u0022 -_PythonZipPath \u0022https://dummy/foo/bar.zip\u0022 -_ModelOutputDir {outputs.output1} -_ValidationOutputDir {outputs.output2}",
            "hemera": {
              "ref_id": "1bd1525c-082e-4652-a9b2-9c60783ec551"
            }
          }
        }
      },
      "StatusCode": 201,
      "ResponseHeaders": {
        "Cache-Control": "no-cache",
        "Content-Length": "3661",
        "Content-Type": "application/json; charset=utf-8",
        "Date": "Mon, 30 Jan 2023 05:43:53 GMT",
        "Expires": "-1",
        "Location": "https://management.azure.com/subscriptions/00000000-0000-0000-0000-000000000/resourceGroups/00000/providers/Microsoft.MachineLearningServices/workspaces/00000/components/test_128977907281/versions/0.0.2?api-version=2022-10-01",
        "Pragma": "no-cache",
        "Request-Context": "appId=cid-v1:2d2e8e63-272e-4b3c-8598-4ee570a0e70d",
        "Server-Timing": "traceparent;desc=\u002200-8d54a8cc900169496ea10969dfda5f47-05799630581d9a3b-00\u0022",
        "Strict-Transport-Security": "max-age=31536000; includeSubDomains",
        "x-aml-cluster": "vienna-eastus2-02",
        "X-Content-Type-Options": "nosniff",
        "x-ms-correlation-request-id": "95f1411d-9499-4ec1-9048-dc8e9dc21411",
        "x-ms-ratelimit-remaining-subscription-writes": "1156",
        "x-ms-response-type": "standard",
        "x-ms-routing-request-id": "CENTRALUS:20230130T054353Z:95f1411d-9499-4ec1-9048-dc8e9dc21411",
        "x-request-time": "0.383"
      },
      "ResponseBody": {
        "id": "/subscriptions/00000000-0000-0000-0000-000000000/resourceGroups/00000/providers/Microsoft.MachineLearningServices/workspaces/00000/components/test_128977907281/versions/0.0.2",
        "name": "0.0.2",
        "type": "Microsoft.MachineLearningServices/workspaces/components/versions",
        "properties": {
          "description": null,
          "tags": {
            "category": "Component Tutorial",
            "contact": "amldesigner@microsoft.com"
          },
          "properties": {},
          "isArchived": false,
          "isAnonymous": false,
          "componentSpec": {
            "$schema": "https://componentsdk.azureedge.net/jsonschema/HemeraComponent.json",
            "name": "test_128977907281",
            "version": "0.0.2",
            "display_name": "Ads LR DNN Raw Keys",
            "is_deterministic": "True",
            "type": "HemeraComponent",
            "description": "Ads LR DNN Raw Keys Dummy sample.",
            "tags": {
              "category": "Component Tutorial",
              "contact": "amldesigner@microsoft.com"
            },
            "inputs": {
              "TrainingDataDir": {
                "type": "path",
                "optional": "True",
                "is_resource": "True"
              },
              "ValidationDataDir": {
                "type": "path",
                "optional": "True",
                "is_resource": "True"
              },
              "InitialModelDir": {
                "type": "path",
                "optional": "True",
                "is_resource": "True"
              },
              "YarnCluster": {
                "type": "String",
                "optional": "False",
                "default": "mtprime-bn2-0"
              },
              "JobQueue": {
                "type": "String",
                "optional": "False",
                "default": "default"
              },
              "WorkerCount": {
                "type": "String",
                "optional": "False",
                "default": "2.0"
              },
              "Cpu": {
                "type": "String",
                "optional": "False",
                "default": "2.0"
              },
              "Memory": {
                "type": "String",
                "optional": "False",
                "default": "10g"
              },
              "HdfsRootDir": {
                "type": "String",
                "optional": "False",
                "default": "/projects/default/"
              },
              "CosmosRootDir": {
                "type": "String",
                "optional": "False",
                "default": "https://cosmos09.osdinfra.net/cosmos/dummy/local/root/"
              }
            },
            "outputs": {
              "output1": {
                "type": "AnyFile"
              },
              "output2": {
                "type": "AnyFile"
              }
            },
            "command": "run.bat [-_TrainingDataDir {inputs.TrainingDataDir}] [-_ValidationDataDir {inputs.ValidationDataDir}] [-_InitialModelDir {inputs.InitialModelDir}] -_CosmosRootDir {inputs.CosmosRootDir} -_PsCount 0 %CLUSTER%={inputs.YarnCluster} -JobQueue {inputs.JobQueue} -_WorkerCount {inputs.WorkerCount} -_Cpu {inputs.Cpu} -_Memory {inputs.Memory} -_HdfsRootDir {inputs.HdfsRootDir} -_ExposedPort \u00223200-3210,3300-3321\u0022 -_NodeLostBlocker -_UsePhysicalIP -_SyncWorker -_EntranceFileName run.py -_StartupArguments \u0022\u0022 -_PythonZipPath \u0022https://dummy/foo/bar.zip\u0022 -_ModelOutputDir {outputs.output1} -_ValidationOutputDir {outputs.output2}",
            "hemera": {
              "ref_id": "1bd1525c-082e-4652-a9b2-9c60783ec551"
            },
            "code": "azureml:/subscriptions/00000000-0000-0000-0000-000000000/resourceGroups/00000/providers/Microsoft.MachineLearningServices/workspaces/00000/codes/1f43a999-6005-a167-6bde-90cc09ac7298/versions/1"
          }
        },
        "systemData": {
          "createdAt": "2023-01-30T05:43:53.4351604\u002B00:00",
          "createdBy": "Diondra Peck",
          "createdByType": "User",
          "lastModifiedAt": "2023-01-30T05:43:53.5182033\u002B00:00",
          "lastModifiedBy": "Diondra Peck",
          "lastModifiedByType": "User"
        }
      }
    },
    {
      "RequestUri": "https://management.azure.com/subscriptions/00000000-0000-0000-0000-000000000/resourceGroups/00000/providers/Microsoft.MachineLearningServices/workspaces/00000/components/test_128977907281/versions/0.0.2?api-version=2022-10-01",
      "RequestMethod": "GET",
      "RequestHeaders": {
        "Accept": "application/json",
        "Accept-Encoding": "gzip, deflate",
        "Connection": "keep-alive",
        "User-Agent": "azure-ai-ml/1.4.0 azsdk-python-mgmt-machinelearningservices/0.1.0 Python/3.7.9 (Windows-10-10.0.22621-SP0)"
      },
      "RequestBody": null,
      "StatusCode": 200,
      "ResponseHeaders": {
        "Cache-Control": "no-cache",
        "Content-Encoding": "gzip",
        "Content-Type": "application/json; charset=utf-8",
        "Date": "Mon, 30 Jan 2023 05:43:58 GMT",
        "Expires": "-1",
        "Pragma": "no-cache",
        "Request-Context": "appId=cid-v1:2d2e8e63-272e-4b3c-8598-4ee570a0e70d",
        "Server-Timing": "traceparent;desc=\u002200-780dd60d03483bc6c50e4a72b60b44db-786e09c35813083d-00\u0022",
        "Strict-Transport-Security": "max-age=31536000; includeSubDomains",
        "Transfer-Encoding": "chunked",
        "Vary": [
          "Accept-Encoding",
          "Accept-Encoding"
        ],
        "x-aml-cluster": "vienna-eastus2-02",
        "X-Content-Type-Options": "nosniff",
        "x-ms-correlation-request-id": "6b0b08b5-3b80-4330-aa8b-2917e60ddbf7",
        "x-ms-ratelimit-remaining-subscription-reads": "11927",
        "x-ms-response-type": "standard",
        "x-ms-routing-request-id": "CENTRALUS:20230130T054358Z:6b0b08b5-3b80-4330-aa8b-2917e60ddbf7",
        "x-request-time": "0.068"
      },
      "ResponseBody": {
        "id": "/subscriptions/00000000-0000-0000-0000-000000000/resourceGroups/00000/providers/Microsoft.MachineLearningServices/workspaces/00000/components/test_128977907281/versions/0.0.2",
        "name": "0.0.2",
        "type": "Microsoft.MachineLearningServices/workspaces/components/versions",
        "properties": {
          "description": null,
          "tags": {
            "category": "Component Tutorial",
            "contact": "amldesigner@microsoft.com"
          },
          "properties": {},
          "isArchived": false,
          "isAnonymous": false,
          "componentSpec": {
            "$schema": "https://componentsdk.azureedge.net/jsonschema/HemeraComponent.json",
            "name": "test_128977907281",
            "version": "0.0.2",
            "display_name": "Ads LR DNN Raw Keys",
            "is_deterministic": "True",
            "type": "HemeraComponent",
            "description": "Ads LR DNN Raw Keys Dummy sample.",
            "tags": {
              "category": "Component Tutorial",
              "contact": "amldesigner@microsoft.com"
            },
            "inputs": {
              "TrainingDataDir": {
                "type": "path",
                "optional": "True",
                "is_resource": "True"
              },
              "ValidationDataDir": {
                "type": "path",
                "optional": "True",
                "is_resource": "True"
              },
              "InitialModelDir": {
                "type": "path",
                "optional": "True",
                "is_resource": "True"
              },
              "YarnCluster": {
                "type": "String",
                "optional": "False",
                "default": "mtprime-bn2-0"
              },
              "JobQueue": {
                "type": "String",
                "optional": "False",
                "default": "default"
              },
              "WorkerCount": {
                "type": "String",
                "optional": "False",
                "default": "2.0"
              },
              "Cpu": {
                "type": "String",
                "optional": "False",
                "default": "2.0"
              },
              "Memory": {
                "type": "String",
                "optional": "False",
                "default": "10g"
              },
              "HdfsRootDir": {
                "type": "String",
                "optional": "False",
                "default": "/projects/default/"
              },
              "CosmosRootDir": {
                "type": "String",
                "optional": "False",
                "default": "https://cosmos09.osdinfra.net/cosmos/dummy/local/root/"
              }
            },
            "outputs": {
              "output1": {
                "type": "AnyFile"
              },
              "output2": {
                "type": "AnyFile"
              }
            },
            "command": "run.bat [-_TrainingDataDir {inputs.TrainingDataDir}] [-_ValidationDataDir {inputs.ValidationDataDir}] [-_InitialModelDir {inputs.InitialModelDir}] -_CosmosRootDir {inputs.CosmosRootDir} -_PsCount 0 %CLUSTER%={inputs.YarnCluster} -JobQueue {inputs.JobQueue} -_WorkerCount {inputs.WorkerCount} -_Cpu {inputs.Cpu} -_Memory {inputs.Memory} -_HdfsRootDir {inputs.HdfsRootDir} -_ExposedPort \u00223200-3210,3300-3321\u0022 -_NodeLostBlocker -_UsePhysicalIP -_SyncWorker -_EntranceFileName run.py -_StartupArguments \u0022\u0022 -_PythonZipPath \u0022https://dummy/foo/bar.zip\u0022 -_ModelOutputDir {outputs.output1} -_ValidationOutputDir {outputs.output2}",
            "hemera": {
              "ref_id": "1bd1525c-082e-4652-a9b2-9c60783ec551"
            },
            "code": "azureml:/subscriptions/00000000-0000-0000-0000-000000000/resourceGroups/00000/providers/Microsoft.MachineLearningServices/workspaces/00000/codes/1f43a999-6005-a167-6bde-90cc09ac7298/versions/1"
          }
        },
        "systemData": {
          "createdAt": "2023-01-30T05:43:53.4351604\u002B00:00",
          "createdBy": "Diondra Peck",
          "createdByType": "User",
          "lastModifiedAt": "2023-01-30T05:43:53.5182033\u002B00:00",
          "lastModifiedBy": "Diondra Peck",
          "lastModifiedByType": "User"
        }
      }
    },
    {
      "RequestUri": "https://management.azure.com/subscriptions/00000000-0000-0000-0000-000000000/resourceGroups/00000/providers/Microsoft.MachineLearningServices/workspaces/00000/jobs/000000000000000000000?api-version=2022-10-01-preview",
      "RequestMethod": "PUT",
      "RequestHeaders": {
        "Accept": "application/json",
        "Accept-Encoding": "gzip, deflate",
        "Connection": "keep-alive",
        "Content-Length": "856",
        "Content-Type": "application/json",
        "User-Agent": "azure-ai-ml/1.4.0 azsdk-python-mgmt-machinelearningservices/0.1.0 Python/3.7.9 (Windows-10-10.0.22621-SP0)"
      },
      "RequestBody": {
        "properties": {
          "properties": {},
          "tags": {},
          "displayName": "pipeline_func",
          "experimentName": "azure-ai-ml",
          "isArchived": false,
          "jobType": "Pipeline",
          "inputs": {},
          "jobs": {
            "node": {
              "type": "HemeraComponent",
              "_source": "REMOTE.WORKSPACE.COMPONENT",
              "componentId": "/subscriptions/00000000-0000-0000-0000-000000000/resourceGroups/00000/providers/Microsoft.MachineLearningServices/workspaces/00000/components/test_128977907281/versions/0.0.2"
            }
          },
          "outputs": {},
          "settings": {
            "default_compute": "/subscriptions/00000000-0000-0000-0000-000000000/resourceGroups/00000/providers/Microsoft.MachineLearningServices/workspaces/00000/computes/cpu-cluster",
            "default_datastore": "/subscriptions/00000000-0000-0000-0000-000000000/resourceGroups/00000/providers/Microsoft.MachineLearningServices/workspaces/00000/datastores/workspaceblobstore",
            "_source": "DSL"
          }
        }
      },
      "StatusCode": 201,
      "ResponseHeaders": {
        "Cache-Control": "no-cache",
        "Content-Length": "2737",
        "Content-Type": "application/json; charset=utf-8",
        "Date": "Mon, 30 Jan 2023 05:44:02 GMT",
        "Expires": "-1",
        "Location": "https://management.azure.com/subscriptions/00000000-0000-0000-0000-000000000/resourceGroups/00000/providers/Microsoft.MachineLearningServices/workspaces/00000/jobs/000000000000000000000?api-version=2022-10-01-preview",
        "Pragma": "no-cache",
        "Request-Context": "appId=cid-v1:2d2e8e63-272e-4b3c-8598-4ee570a0e70d",
        "Server-Timing": "traceparent;desc=\u002200-294e74e6b9305c4af97149d9bd73e43f-c66128cd0f767ae9-00\u0022",
        "Strict-Transport-Security": "max-age=31536000; includeSubDomains",
        "x-aml-cluster": "vienna-eastus2-02",
        "X-Content-Type-Options": "nosniff",
        "x-ms-correlation-request-id": "61c14860-6d80-4346-9b5b-e1a8f44705cb",
        "x-ms-ratelimit-remaining-subscription-writes": "1155",
        "x-ms-response-type": "standard",
        "x-ms-routing-request-id": "CENTRALUS:20230130T054402Z:61c14860-6d80-4346-9b5b-e1a8f44705cb",
        "x-request-time": "1.063"
      },
      "ResponseBody": {
        "id": "/subscriptions/00000000-0000-0000-0000-000000000/resourceGroups/00000/providers/Microsoft.MachineLearningServices/workspaces/00000/jobs/000000000000000000000",
        "name": "000000000000000000000",
        "type": "Microsoft.MachineLearningServices/workspaces/jobs",
        "properties": {
          "description": null,
          "tags": {},
          "properties": {
            "azureml.DevPlatv2": "true",
            "azureml.runsource": "azureml.PipelineRun",
            "runSource": "MFE",
            "runType": "HTTP",
            "azureml.parameters": "{}",
            "azureml.continue_on_step_failure": "False",
            "azureml.continue_on_failed_optional_input": "True",
            "azureml.defaultComputeName": "cpu-cluster",
            "azureml.defaultDataStoreName": "workspaceblobstore",
            "azureml.pipelineComponent": "pipelinerun"
          },
          "displayName": "pipeline_func",
          "status": "Preparing",
          "experimentName": "azure-ai-ml",
          "services": {
            "Tracking": {
              "jobServiceType": "Tracking",
              "port": null,
              "endpoint": "azureml://eastus2.api.azureml.ms/mlflow/v1.0/subscriptions/00000000-0000-0000-0000-000000000/resourceGroups/00000/providers/Microsoft.MachineLearningServices/workspaces/00000?",
              "status": null,
              "errorMessage": null,
              "properties": null,
              "nodes": null
            },
            "Studio": {
              "jobServiceType": "Studio",
              "port": null,
              "endpoint": "https://ml.azure.com/runs/000000000000000000000?wsid=/subscriptions/00000000-0000-0000-0000-000000000/resourcegroups/00000/workspaces/00000",
              "status": null,
              "errorMessage": null,
              "properties": null,
              "nodes": null
            }
          },
          "computeId": null,
          "isArchived": false,
          "identity": null,
          "componentId": null,
          "jobType": "Pipeline",
          "settings": {
            "default_compute": "/subscriptions/00000000-0000-0000-0000-000000000/resourceGroups/00000/providers/Microsoft.MachineLearningServices/workspaces/00000/computes/cpu-cluster",
            "default_datastore": "/subscriptions/00000000-0000-0000-0000-000000000/resourceGroups/00000/providers/Microsoft.MachineLearningServices/workspaces/00000/datastores/workspaceblobstore",
            "_source": "DSL"
          },
          "jobs": {
            "node": {
              "type": "HemeraComponent",
              "_source": "REMOTE.WORKSPACE.COMPONENT",
              "componentId": "/subscriptions/00000000-0000-0000-0000-000000000/resourceGroups/00000/providers/Microsoft.MachineLearningServices/workspaces/00000/components/test_128977907281/versions/0.0.2"
            }
          },
          "inputs": {},
          "outputs": {},
          "sourceJobId": null
        },
        "systemData": {
          "createdAt": "2023-01-30T05:44:02.0585435\u002B00:00",
          "createdBy": "Diondra Peck",
          "createdByType": "User"
        }
      }
    },
    {
      "RequestUri": "https://management.azure.com/subscriptions/00000000-0000-0000-0000-000000000/resourceGroups/00000/providers/Microsoft.MachineLearningServices/workspaces/00000/jobs/000000000000000000000/cancel?api-version=2022-10-01-preview",
      "RequestMethod": "POST",
      "RequestHeaders": {
        "Accept": "application/json",
        "Accept-Encoding": "gzip, deflate",
        "Connection": "keep-alive",
        "Content-Length": "0",
        "User-Agent": "azure-ai-ml/1.4.0 azsdk-python-mgmt-machinelearningservices/0.1.0 Python/3.7.9 (Windows-10-10.0.22621-SP0)"
      },
      "RequestBody": null,
      "StatusCode": 200,
      "ResponseHeaders": {
        "Cache-Control": "no-cache",
        "Content-Length": "0",
        "Date": "Mon, 30 Jan 2023 05:44:04 GMT",
        "Expires": "-1",
        "Pragma": "no-cache",
        "Request-Context": "appId=cid-v1:2d2e8e63-272e-4b3c-8598-4ee570a0e70d",
        "Server-Timing": "traceparent;desc=\u002200-7751b1f41ec8d226b00e6a4282821e1a-5a2768fa0be5f17e-00\u0022",
        "Strict-Transport-Security": "max-age=31536000; includeSubDomains",
        "x-aml-cluster": "vienna-eastus2-02",
        "X-Content-Type-Options": "nosniff",
        "x-ms-correlation-request-id": "2833c35b-3dda-4e5c-a9ee-539794b057ca",
        "x-ms-ratelimit-remaining-subscription-writes": "1185",
        "x-ms-response-type": "standard",
        "x-ms-routing-request-id": "CENTRALUS:20230130T054404Z:2833c35b-3dda-4e5c-a9ee-539794b057ca",
        "x-request-time": "0.498"
      },
      "ResponseBody": null
    }
  ],
  "Variables": {
    "component_name": "test_128977907281"
  }
}
