{
  "Entries": [
    {
      "RequestUri": "https://management.azure.com/subscriptions/00000000-0000-0000-0000-000000000/resourceGroups/00000/providers/Microsoft.MachineLearningServices/workspaces/00000/datastores/workspaceblobstore?api-version=2022-05-01",
      "RequestMethod": "GET",
      "RequestHeaders": {
        "Accept": "application/json",
        "Accept-Encoding": "gzip, deflate",
        "Connection": "keep-alive",
        "User-Agent": "azure-ai-ml/1.2.0 azsdk-python-mgmt-machinelearningservices/0.1.0 Python/3.8.13 (Windows-10-10.0.22000-SP0)"
      },
      "RequestBody": null,
      "StatusCode": 200,
      "ResponseHeaders": {
        "Cache-Control": "no-cache",
        "Content-Encoding": "gzip",
        "Content-Type": "application/json; charset=utf-8",
        "Date": "Mon, 12 Dec 2022 13:46:37 GMT",
        "Expires": "-1",
        "Pragma": "no-cache",
        "Request-Context": "appId=cid-v1:2d2e8e63-272e-4b3c-8598-4ee570a0e70d",
        "Server-Timing": "traceparent;desc=\u002200-3beca970f5b70929522d9836143a43a2-cfcd3e91fcc616e0-00\u0022",
        "Strict-Transport-Security": "max-age=31536000; includeSubDomains",
        "Transfer-Encoding": "chunked",
        "Vary": [
          "Accept-Encoding",
          "Accept-Encoding"
        ],
        "x-aml-cluster": "vienna-eastus-01",
        "X-Content-Type-Options": "nosniff",
        "x-ms-correlation-request-id": "dfffef57-9f1f-4083-bbce-e7df422db814",
        "x-ms-ratelimit-remaining-subscription-reads": "11958",
        "x-ms-response-type": "standard",
        "x-ms-routing-request-id": "JAPANEAST:20221212T134637Z:dfffef57-9f1f-4083-bbce-e7df422db814",
        "x-request-time": "0.126"
      },
      "ResponseBody": {
        "id": "/subscriptions/00000000-0000-0000-0000-000000000/resourceGroups/00000/providers/Microsoft.MachineLearningServices/workspaces/00000/datastores/workspaceblobstore",
        "name": "workspaceblobstore",
        "type": "Microsoft.MachineLearningServices/workspaces/datastores",
        "properties": {
          "description": null,
          "tags": null,
          "properties": null,
          "isDefault": true,
          "credentials": {
            "credentialsType": "AccountKey"
          },
          "datastoreType": "AzureBlob",
          "accountName": "sacxbgdhih4ve3q",
          "containerName": "azureml-blobstore-65dca8d8-dcc8-47d3-bdd1-9f9cd1e6f498",
          "endpoint": "core.windows.net",
          "protocol": "https",
          "serviceDataAccessAuthIdentity": "WorkspaceSystemAssignedIdentity"
        },
        "systemData": {
          "createdAt": "2022-11-08T11:29:58.2288214\u002B00:00",
          "createdBy": "779301c0-18b2-4cdc-801b-a0a3368fee0a",
          "createdByType": "Application",
          "lastModifiedAt": "2022-11-08T11:29:58.9186576\u002B00:00",
          "lastModifiedBy": "779301c0-18b2-4cdc-801b-a0a3368fee0a",
          "lastModifiedByType": "Application"
        }
      }
    },
    {
      "RequestUri": "https://management.azure.com/subscriptions/00000000-0000-0000-0000-000000000/resourceGroups/00000/providers/Microsoft.MachineLearningServices/workspaces/00000/datastores/workspaceblobstore/listSecrets?api-version=2022-05-01",
      "RequestMethod": "POST",
      "RequestHeaders": {
        "Accept": "application/json",
        "Accept-Encoding": "gzip, deflate",
        "Connection": "keep-alive",
        "Content-Length": "0",
        "User-Agent": "azure-ai-ml/1.2.0 azsdk-python-mgmt-machinelearningservices/0.1.0 Python/3.8.13 (Windows-10-10.0.22000-SP0)"
      },
      "RequestBody": null,
      "StatusCode": 200,
      "ResponseHeaders": {
        "Cache-Control": "no-cache",
        "Content-Encoding": "gzip",
        "Content-Type": "application/json; charset=utf-8",
        "Date": "Mon, 12 Dec 2022 13:46:37 GMT",
        "Expires": "-1",
        "Pragma": "no-cache",
        "Request-Context": "appId=cid-v1:2d2e8e63-272e-4b3c-8598-4ee570a0e70d",
        "Server-Timing": "traceparent;desc=\u002200-4d1ef7f7d1a53717dd2f35795268600b-976b8df5e4aed763-00\u0022",
        "Strict-Transport-Security": "max-age=31536000; includeSubDomains",
        "Transfer-Encoding": "chunked",
        "Vary": "Accept-Encoding",
        "x-aml-cluster": "vienna-eastus-01",
        "X-Content-Type-Options": "nosniff",
        "x-ms-correlation-request-id": "7b91d4e7-3c51-4d6a-a8e7-ac18a5532cc7",
        "x-ms-ratelimit-remaining-subscription-writes": "1183",
        "x-ms-response-type": "standard",
        "x-ms-routing-request-id": "JAPANEAST:20221212T134638Z:7b91d4e7-3c51-4d6a-a8e7-ac18a5532cc7",
        "x-request-time": "0.127"
      },
      "ResponseBody": {
        "secretsType": "AccountKey",
        "key": "dGhpcyBpcyBmYWtlIGtleQ=="
      }
    },
    {
      "RequestUri": "https://sacxbgdhih4ve3q.blob.core.windows.net/azureml-blobstore-65dca8d8-dcc8-47d3-bdd1-9f9cd1e6f498/LocalUpload/000000000000000000000000000000000000/ae365exepool-component/component_spec.yaml",
      "RequestMethod": "HEAD",
      "RequestHeaders": {
        "Accept": "application/xml",
        "Accept-Encoding": "gzip, deflate",
        "Connection": "keep-alive",
        "User-Agent": "azsdk-python-storage-blob/12.13.1 Python/3.8.13 (Windows-10-10.0.22000-SP0)",
        "x-ms-date": "Mon, 12 Dec 2022 13:46:37 GMT",
        "x-ms-version": "2021-08-06"
      },
      "RequestBody": null,
      "StatusCode": 200,
      "ResponseHeaders": {
        "Accept-Ranges": "bytes",
        "Content-Length": "2942",
        "Content-MD5": "NGgo7S55l6/n2jlmYPW0OQ==",
        "Content-Type": "application/octet-stream",
        "Date": "Mon, 12 Dec 2022 13:46:37 GMT",
        "ETag": "\u00220x8DADC1E213CACC9\u0022",
        "Last-Modified": "Mon, 12 Dec 2022 08:51:59 GMT",
        "Server": [
          "Windows-Azure-Blob/1.0",
          "Microsoft-HTTPAPI/2.0"
        ],
        "Vary": "Origin",
        "x-ms-access-tier": "Hot",
        "x-ms-access-tier-inferred": "true",
        "x-ms-blob-type": "BlockBlob",
        "x-ms-creation-time": "Mon, 12 Dec 2022 08:51:58 GMT",
        "x-ms-lease-state": "available",
        "x-ms-lease-status": "unlocked",
        "x-ms-meta-name": "d43326e1-8e93-ea60-9fb2-ebae4ed9e000",
        "x-ms-meta-upload_status": "completed",
        "x-ms-meta-version": "1",
        "x-ms-server-encrypted": "true",
        "x-ms-version": "2021-08-06"
      },
      "ResponseBody": null
    },
    {
      "RequestUri": "https://sacxbgdhih4ve3q.blob.core.windows.net/azureml-blobstore-65dca8d8-dcc8-47d3-bdd1-9f9cd1e6f498/az-ml-artifacts/000000000000000000000000000000000000/ae365exepool-component/component_spec.yaml",
      "RequestMethod": "HEAD",
      "RequestHeaders": {
        "Accept": "application/xml",
        "Accept-Encoding": "gzip, deflate",
        "Connection": "keep-alive",
        "User-Agent": "azsdk-python-storage-blob/12.13.1 Python/3.8.13 (Windows-10-10.0.22000-SP0)",
        "x-ms-date": "Mon, 12 Dec 2022 13:46:38 GMT",
        "x-ms-version": "2021-08-06"
      },
      "RequestBody": null,
      "StatusCode": 404,
      "ResponseHeaders": {
        "Date": "Mon, 12 Dec 2022 13:46:38 GMT",
        "Server": [
          "Windows-Azure-Blob/1.0",
          "Microsoft-HTTPAPI/2.0"
        ],
        "Transfer-Encoding": "chunked",
        "Vary": "Origin",
        "x-ms-error-code": "BlobNotFound",
        "x-ms-version": "2021-08-06"
      },
      "ResponseBody": null
    },
    {
      "RequestUri": "https://management.azure.com/subscriptions/00000000-0000-0000-0000-000000000/resourceGroups/00000/providers/Microsoft.MachineLearningServices/workspaces/00000/codes/d43326e1-8e93-ea60-9fb2-ebae4ed9e000/versions/1?api-version=2022-05-01",
      "RequestMethod": "PUT",
      "RequestHeaders": {
        "Accept": "application/json",
        "Accept-Encoding": "gzip, deflate",
        "Connection": "keep-alive",
        "Content-Length": "315",
        "Content-Type": "application/json",
        "User-Agent": "azure-ai-ml/1.2.0 azsdk-python-mgmt-machinelearningservices/0.1.0 Python/3.8.13 (Windows-10-10.0.22000-SP0)"
      },
      "RequestBody": {
        "properties": {
          "properties": {
            "hash_sha256": "0000000000000",
            "hash_version": "0000000000000"
          },
          "isAnonymous": true,
          "isArchived": false,
          "codeUri": "https://sacxbgdhih4ve3q.blob.core.windows.net/azureml-blobstore-65dca8d8-dcc8-47d3-bdd1-9f9cd1e6f498/LocalUpload/000000000000000000000000000000000000/ae365exepool-component"
        }
      },
      "StatusCode": 200,
      "ResponseHeaders": {
        "Cache-Control": "no-cache",
        "Content-Encoding": "gzip",
        "Content-Type": "application/json; charset=utf-8",
        "Date": "Mon, 12 Dec 2022 13:46:39 GMT",
        "Expires": "-1",
        "Pragma": "no-cache",
        "Request-Context": "appId=cid-v1:2d2e8e63-272e-4b3c-8598-4ee570a0e70d",
        "Server-Timing": "traceparent;desc=\u002200-fbcaa275334ef97453eab8650d5fb68b-b74f2db4fa7bcb72-00\u0022",
        "Strict-Transport-Security": "max-age=31536000; includeSubDomains",
        "Transfer-Encoding": "chunked",
        "Vary": [
          "Accept-Encoding",
          "Accept-Encoding"
        ],
        "x-aml-cluster": "vienna-eastus-01",
        "X-Content-Type-Options": "nosniff",
        "x-ms-correlation-request-id": "2c85be58-2220-498c-9fee-ce148db0e4d6",
        "x-ms-ratelimit-remaining-subscription-writes": "1175",
        "x-ms-response-type": "standard",
        "x-ms-routing-request-id": "JAPANEAST:20221212T134639Z:2c85be58-2220-498c-9fee-ce148db0e4d6",
        "x-request-time": "0.103"
      },
      "ResponseBody": {
        "id": "/subscriptions/00000000-0000-0000-0000-000000000/resourceGroups/00000/providers/Microsoft.MachineLearningServices/workspaces/00000/codes/d43326e1-8e93-ea60-9fb2-ebae4ed9e000/versions/1",
        "name": "1",
        "type": "Microsoft.MachineLearningServices/workspaces/codes/versions",
        "properties": {
          "description": null,
          "tags": {},
          "properties": {
            "hash_sha256": "0000000000000",
            "hash_version": "0000000000000"
          },
          "isArchived": false,
          "isAnonymous": false,
          "codeUri": "https://sacxbgdhih4ve3q.blob.core.windows.net/azureml-blobstore-65dca8d8-dcc8-47d3-bdd1-9f9cd1e6f498/LocalUpload/000000000000000000000000000000000000/ae365exepool-component"
        },
        "systemData": {
          "createdAt": "2022-12-12T08:51:59.7243145\u002B00:00",
          "createdBy": "Ying Chen",
          "createdByType": "User",
          "lastModifiedAt": "2022-12-12T13:46:39.2617409\u002B00:00",
          "lastModifiedBy": "Ying Chen",
          "lastModifiedByType": "User"
        }
      }
    },
    {
      "RequestUri": "https://management.azure.com/subscriptions/00000000-0000-0000-0000-000000000/resourceGroups/00000/providers/Microsoft.MachineLearningServices/workspaces/00000/components/test_418807478477/versions/0.0.1?api-version=2022-05-01",
      "RequestMethod": "PUT",
      "RequestHeaders": {
        "Accept": "application/json",
        "Accept-Encoding": "gzip, deflate",
        "Connection": "keep-alive",
        "Content-Length": "3488",
        "Content-Type": "application/json",
        "User-Agent": "azure-ai-ml/1.2.0 azsdk-python-mgmt-machinelearningservices/0.1.0 Python/3.8.13 (Windows-10-10.0.22000-SP0)"
      },
      "RequestBody": {
        "properties": {
          "description": "Use this auto-approved module to download data on EyesOn machine and interact with it for Compliant Annotation purpose.",
          "properties": {},
          "tags": {
            "category": "Component Tutorial",
            "contact": "amldesigner@microsoft.com"
          },
          "isAnonymous": false,
          "isArchived": false,
          "componentSpec": {
            "name": "test_418807478477",
            "description": "Use this auto-approved module to download data on EyesOn machine and interact with it for Compliant Annotation purpose.",
            "tags": {
              "category": "Component Tutorial",
              "contact": "amldesigner@microsoft.com"
            },
            "version": "0.0.1",
            "$schema": "https://componentsdk.azureedge.net/jsonschema/AE365ExePoolComponent.json",
            "display_name": "CAX EyesOn Module [ND] v1.6",
            "inputs": {
              "ComplianceCluster": {
                "type": "string",
                "optional": false,
                "default": "MsResearch-EyesOn-Annotation",
                "description": "compliance cluster name"
              },
              "HeronId": {
                "type": "string",
                "optional": false,
                "default": "",
                "description": "Heron ID"
              },
              "localoutputfolderEnc": {
                "type": "string",
                "optional": true,
                "default": "",
                "description": "local output folder for encrypted data"
              },
              "localoutputfolderDec": {
                "type": "string",
                "optional": true,
                "default": "",
                "description": "local output folder for decrypted data"
              },
              "TimeoutSeconds": {
                "type": "integer",
                "optional": true,
                "default": 500000,
                "description": "timeout in seconds"
              },
              "hitappid": {
                "type": "integer",
                "optional": true,
                "default": 31346,
                "description": "hitapp id"
              },
              "projectname": {
                "type": "string",
                "optional": true,
                "default": "LatestE2Etemplate",
                "description": "project name"
              },
              "judges": {
                "type": "string",
                "optional": true,
                "default": "juwang;bradwall",
                "description": "judges"
              },
              "annotationsMayIncludeCustomerContent": {
                "type": "string",
                "optional": true,
                "default": "1",
                "description": "annotations may include customer content"
              },
              "TaskGroupId": {
                "type": "integer",
                "optional": true,
                "default": 86891,
                "description": "task group id"
              },
              "GoldHitRTADataType": {
                "type": "enum",
                "optional": true,
                "default": "",
                "description": "gold hit rta data type",
                "enum": [
                  "Gold",
                  "RTA",
                  "Qualification",
                  "Preview"
                ]
              },
              "taskFileTimestamp": {
                "type": "string",
                "optional": true,
                "default": "2021.12.21.23.55.00",
                "description": "task file timestamp"
              },
              "DataToLookAt": {
                "type": "AnyFile",
                "optional": false
              },
              "GoldHitRTAData": {
                "type": "AnyFile",
                "optional": true
              }
            },
            "outputs": {
              "outputfolderEnc": {
                "type": "AnyDirectory"
              },
              "outputfolderDec": {
                "type": "AnyDirectory"
              },
              "OriginalHitData": {
                "type": "AnyDirectory"
              }
            },
            "type": "AE365ExePoolComponent",
            "code": "azureml:/subscriptions/00000000-0000-0000-0000-000000000/resourceGroups/00000/providers/Microsoft.MachineLearningServices/workspaces/00000/codes/d43326e1-8e93-ea60-9fb2-ebae4ed9e000/versions/1",
            "command": "cax.eyesonmodule.exe input={inputs.DataToLookAt} inputGoldHitRta=[{inputs.GoldHitRTAData}] localoutputfolderEnc=[{inputs.localoutputfolderEnc}] localoutputfolderDec=[{inputs.localoutputfolderDec}] timeoutSeconds=[{inputs.TimeoutSeconds}] hitappid=[{inputs.hitappid}] projectname=[{inputs.projectname}] judges=[{inputs.judges}] outputfolderEnc={outputs.outputfolderEnc} outputfolderDec={outputs.outputfolderDec} annotationsMayIncludeCustomerContent=[{inputs.annotationsMayIncludeCustomerContent}] taskGroupId=[{inputs.TaskGroupId}] goldHitRTADataType=[{inputs.GoldHitRTADataType}] outputfolderForOriginalHitData={outputs.OriginalHitData} taskFileTimestamp=[{inputs.taskFileTimestamp}]",
            "ae365exepool": {
              "ref_id": "654ec0ba-bed3-48eb-a594-efd0e9275e0d"
            }
          }
        }
      },
      "StatusCode": 201,
      "ResponseHeaders": {
        "Cache-Control": "no-cache",
        "Content-Length": "4995",
        "Content-Type": "application/json; charset=utf-8",
        "Date": "Mon, 12 Dec 2022 13:46:40 GMT",
        "Expires": "-1",
        "Location": "https://management.azure.com/subscriptions/00000000-0000-0000-0000-000000000/resourceGroups/00000/providers/Microsoft.MachineLearningServices/workspaces/00000/components/test_418807478477/versions/0.0.1?api-version=2022-05-01",
        "Pragma": "no-cache",
        "Request-Context": "appId=cid-v1:2d2e8e63-272e-4b3c-8598-4ee570a0e70d",
        "Server-Timing": "traceparent;desc=\u002200-7d2d70cdf7a64be7e415a096d8da348c-8c28713b24b8d0b1-00\u0022",
        "Strict-Transport-Security": "max-age=31536000; includeSubDomains",
        "x-aml-cluster": "vienna-eastus-01",
        "X-Content-Type-Options": "nosniff",
        "x-ms-correlation-request-id": "ae9410d0-4d08-4825-935a-0b12e6bfd593",
        "x-ms-ratelimit-remaining-subscription-writes": "1174",
        "x-ms-response-type": "standard",
        "x-ms-routing-request-id": "JAPANEAST:20221212T134640Z:ae9410d0-4d08-4825-935a-0b12e6bfd593",
        "x-request-time": "0.740"
      },
      "ResponseBody": {
        "id": "/subscriptions/00000000-0000-0000-0000-000000000/resourceGroups/00000/providers/Microsoft.MachineLearningServices/workspaces/00000/components/test_418807478477/versions/0.0.1",
        "name": "0.0.1",
        "type": "Microsoft.MachineLearningServices/workspaces/components/versions",
        "properties": {
          "description": null,
          "tags": {
            "category": "Component Tutorial",
            "contact": "amldesigner@microsoft.com"
          },
          "properties": {},
          "isArchived": false,
          "isAnonymous": false,
          "componentSpec": {
            "$schema": "https://componentsdk.azureedge.net/jsonschema/AE365ExePoolComponent.json",
            "name": "test_418807478477",
            "version": "0.0.1",
            "display_name": "CAX EyesOn Module [ND] v1.6",
            "is_deterministic": "True",
            "type": "AE365ExePoolComponent",
            "description": "Use this auto-approved module to download data on EyesOn machine and interact with it for Compliant Annotation purpose.",
            "tags": {
              "category": "Component Tutorial",
              "contact": "amldesigner@microsoft.com"
            },
            "inputs": {
              "DataToLookAt": {
                "type": "AnyFile",
                "optional": "False"
              },
              "GoldHitRTAData": {
                "type": "AnyFile",
                "optional": "True"
              },
              "ComplianceCluster": {
                "type": "String",
                "optional": "False",
                "default": "MsResearch-EyesOn-Annotation",
                "description": "compliance cluster name"
              },
              "HeronId": {
                "type": "String",
                "optional": "False",
                "description": "Heron ID"
              },
              "localoutputfolderEnc": {
                "type": "String",
                "optional": "True",
                "description": "local output folder for encrypted data"
              },
              "localoutputfolderDec": {
                "type": "String",
                "optional": "True",
                "description": "local output folder for decrypted data"
              },
              "TimeoutSeconds": {
                "type": "Integer",
                "optional": "True",
                "default": "500000",
                "description": "timeout in seconds"
              },
              "hitappid": {
                "type": "Integer",
                "optional": "True",
                "default": "31346",
                "description": "hitapp id"
              },
              "projectname": {
                "type": "String",
                "optional": "True",
                "default": "LatestE2Etemplate",
                "description": "project name"
              },
              "judges": {
                "type": "String",
                "optional": "True",
                "default": "juwang;bradwall",
                "description": "judges"
              },
              "annotationsMayIncludeCustomerContent": {
                "type": "String",
                "optional": "True",
                "default": "1",
                "description": "annotations may include customer content"
              },
              "TaskGroupId": {
                "type": "Integer",
                "optional": "True",
                "default": "86891",
                "description": "task group id"
              },
              "GoldHitRTADataType": {
                "type": "Enum",
                "optional": "True",
                "description": "gold hit rta data type",
                "enum": [
                  "Gold",
                  "RTA",
                  "Qualification",
                  "Preview"
                ]
              },
              "taskFileTimestamp": {
                "type": "String",
                "optional": "True",
                "default": "2021.12.21.23.55.00",
                "description": "task file timestamp"
              }
            },
            "outputs": {
              "outputfolderEnc": {
                "type": "AnyDirectory"
              },
              "outputfolderDec": {
                "type": "AnyDirectory"
              },
              "OriginalHitData": {
                "type": "AnyDirectory"
              }
            },
            "command": "cax.eyesonmodule.exe input={inputs.DataToLookAt} inputGoldHitRta=[{inputs.GoldHitRTAData}] localoutputfolderEnc=[{inputs.localoutputfolderEnc}] localoutputfolderDec=[{inputs.localoutputfolderDec}] timeoutSeconds=[{inputs.TimeoutSeconds}] hitappid=[{inputs.hitappid}] projectname=[{inputs.projectname}] judges=[{inputs.judges}] outputfolderEnc={outputs.outputfolderEnc} outputfolderDec={outputs.outputfolderDec} annotationsMayIncludeCustomerContent=[{inputs.annotationsMayIncludeCustomerContent}] taskGroupId=[{inputs.TaskGroupId}] goldHitRTADataType=[{inputs.GoldHitRTADataType}] outputfolderForOriginalHitData={outputs.OriginalHitData} taskFileTimestamp=[{inputs.taskFileTimestamp}]",
            "ae365exepool": {
              "ref_id": "654ec0ba-bed3-48eb-a594-efd0e9275e0d"
            },
            "code": "azureml:/subscriptions/00000000-0000-0000-0000-000000000/resourceGroups/00000/providers/Microsoft.MachineLearningServices/workspaces/00000/codes/d43326e1-8e93-ea60-9fb2-ebae4ed9e000/versions/1"
          }
        },
        "systemData": {
          "createdAt": "2022-12-12T13:46:40.2304706\u002B00:00",
          "createdBy": "Ying Chen",
          "createdByType": "User",
          "lastModifiedAt": "2022-12-12T13:46:40.4425834\u002B00:00",
          "lastModifiedBy": "Ying Chen",
          "lastModifiedByType": "User"
        }
      }
    },
    {
      "RequestUri": "https://management.azure.com/subscriptions/00000000-0000-0000-0000-000000000/resourceGroups/00000/providers/Microsoft.MachineLearningServices/workspaces/00000/components/test_418807478477/versions/0.0.1?api-version=2022-05-01",
      "RequestMethod": "GET",
      "RequestHeaders": {
        "Accept": "application/json",
        "Accept-Encoding": "gzip, deflate",
        "Connection": "keep-alive",
        "User-Agent": "azure-ai-ml/1.2.0 azsdk-python-mgmt-machinelearningservices/0.1.0 Python/3.8.13 (Windows-10-10.0.22000-SP0)"
      },
      "RequestBody": null,
      "StatusCode": 200,
      "ResponseHeaders": {
        "Cache-Control": "no-cache",
        "Content-Encoding": "gzip",
        "Content-Type": "application/json; charset=utf-8",
        "Date": "Mon, 12 Dec 2022 13:46:46 GMT",
        "Expires": "-1",
        "Pragma": "no-cache",
        "Request-Context": "appId=cid-v1:2d2e8e63-272e-4b3c-8598-4ee570a0e70d",
        "Server-Timing": "traceparent;desc=\u002200-c8ae5a9fbe039218030ddde826e45977-7fc0f5e223148cdf-00\u0022",
        "Strict-Transport-Security": "max-age=31536000; includeSubDomains",
        "Transfer-Encoding": "chunked",
        "Vary": [
          "Accept-Encoding",
          "Accept-Encoding"
        ],
        "x-aml-cluster": "vienna-eastus-01",
        "X-Content-Type-Options": "nosniff",
        "x-ms-correlation-request-id": "d0b938c6-cddc-4cf1-97ea-25711e2d0ec0",
        "x-ms-ratelimit-remaining-subscription-reads": "11957",
        "x-ms-response-type": "standard",
        "x-ms-routing-request-id": "JAPANEAST:20221212T134646Z:d0b938c6-cddc-4cf1-97ea-25711e2d0ec0",
        "x-request-time": "0.176"
      },
      "ResponseBody": {
        "id": "/subscriptions/00000000-0000-0000-0000-000000000/resourceGroups/00000/providers/Microsoft.MachineLearningServices/workspaces/00000/components/test_418807478477/versions/0.0.1",
        "name": "0.0.1",
        "type": "Microsoft.MachineLearningServices/workspaces/components/versions",
        "properties": {
          "description": null,
          "tags": {
            "category": "Component Tutorial",
            "contact": "amldesigner@microsoft.com"
          },
          "properties": {},
          "isArchived": false,
          "isAnonymous": false,
          "componentSpec": {
            "$schema": "https://componentsdk.azureedge.net/jsonschema/AE365ExePoolComponent.json",
            "name": "test_418807478477",
            "version": "0.0.1",
            "display_name": "CAX EyesOn Module [ND] v1.6",
            "is_deterministic": "True",
            "type": "AE365ExePoolComponent",
            "description": "Use this auto-approved module to download data on EyesOn machine and interact with it for Compliant Annotation purpose.",
            "tags": {
              "category": "Component Tutorial",
              "contact": "amldesigner@microsoft.com"
            },
            "inputs": {
              "DataToLookAt": {
                "type": "AnyFile",
                "optional": "False"
              },
              "GoldHitRTAData": {
                "type": "AnyFile",
                "optional": "True"
              },
              "ComplianceCluster": {
                "type": "String",
                "optional": "False",
                "default": "MsResearch-EyesOn-Annotation",
                "description": "compliance cluster name"
              },
              "HeronId": {
                "type": "String",
                "optional": "False",
                "description": "Heron ID"
              },
              "localoutputfolderEnc": {
                "type": "String",
                "optional": "True",
                "description": "local output folder for encrypted data"
              },
              "localoutputfolderDec": {
                "type": "String",
                "optional": "True",
                "description": "local output folder for decrypted data"
              },
              "TimeoutSeconds": {
                "type": "Integer",
                "optional": "True",
                "default": "500000",
                "description": "timeout in seconds"
              },
              "hitappid": {
                "type": "Integer",
                "optional": "True",
                "default": "31346",
                "description": "hitapp id"
              },
              "projectname": {
                "type": "String",
                "optional": "True",
                "default": "LatestE2Etemplate",
                "description": "project name"
              },
              "judges": {
                "type": "String",
                "optional": "True",
                "default": "juwang;bradwall",
                "description": "judges"
              },
              "annotationsMayIncludeCustomerContent": {
                "type": "String",
                "optional": "True",
                "default": "1",
                "description": "annotations may include customer content"
              },
              "TaskGroupId": {
                "type": "Integer",
                "optional": "True",
                "default": "86891",
                "description": "task group id"
              },
              "GoldHitRTADataType": {
                "type": "Enum",
                "optional": "True",
                "description": "gold hit rta data type",
                "enum": [
                  "Gold",
                  "RTA",
                  "Qualification",
                  "Preview"
                ]
              },
              "taskFileTimestamp": {
                "type": "String",
                "optional": "True",
                "default": "2021.12.21.23.55.00",
                "description": "task file timestamp"
              }
            },
            "outputs": {
              "outputfolderEnc": {
                "type": "AnyDirectory"
              },
              "outputfolderDec": {
                "type": "AnyDirectory"
              },
              "OriginalHitData": {
                "type": "AnyDirectory"
              }
            },
            "command": "cax.eyesonmodule.exe input={inputs.DataToLookAt} inputGoldHitRta=[{inputs.GoldHitRTAData}] localoutputfolderEnc=[{inputs.localoutputfolderEnc}] localoutputfolderDec=[{inputs.localoutputfolderDec}] timeoutSeconds=[{inputs.TimeoutSeconds}] hitappid=[{inputs.hitappid}] projectname=[{inputs.projectname}] judges=[{inputs.judges}] outputfolderEnc={outputs.outputfolderEnc} outputfolderDec={outputs.outputfolderDec} annotationsMayIncludeCustomerContent=[{inputs.annotationsMayIncludeCustomerContent}] taskGroupId=[{inputs.TaskGroupId}] goldHitRTADataType=[{inputs.GoldHitRTADataType}] outputfolderForOriginalHitData={outputs.OriginalHitData} taskFileTimestamp=[{inputs.taskFileTimestamp}]",
            "ae365exepool": {
              "ref_id": "654ec0ba-bed3-48eb-a594-efd0e9275e0d"
            },
            "code": "azureml:/subscriptions/00000000-0000-0000-0000-000000000/resourceGroups/00000/providers/Microsoft.MachineLearningServices/workspaces/00000/codes/d43326e1-8e93-ea60-9fb2-ebae4ed9e000/versions/1"
          }
        },
        "systemData": {
          "createdAt": "2022-12-12T13:46:40.2304706\u002B00:00",
          "createdBy": "Ying Chen",
          "createdByType": "User",
          "lastModifiedAt": "2022-12-12T13:46:40.4425834\u002B00:00",
          "lastModifiedBy": "Ying Chen",
          "lastModifiedByType": "User"
        }
      }
    },
    {
      "RequestUri": "https://management.azure.com/subscriptions/00000000-0000-0000-0000-000000000/resourceGroups/00000/providers/Microsoft.MachineLearningServices/workspaces/00000/computes/cpu-cluster?api-version=2022-10-01-preview",
      "RequestMethod": "GET",
      "RequestHeaders": {
        "Accept": "application/json",
        "Accept-Encoding": "gzip, deflate",
        "Connection": "keep-alive",
        "User-Agent": "azure-ai-ml/1.2.0 azsdk-python-mgmt-machinelearningservices/0.1.0 Python/3.8.13 (Windows-10-10.0.22000-SP0)"
      },
      "RequestBody": null,
      "StatusCode": 200,
      "ResponseHeaders": {
        "Cache-Control": "no-cache",
        "Content-Encoding": "gzip",
        "Content-Type": "application/json; charset=utf-8",
        "Date": "Mon, 12 Dec 2022 13:46:49 GMT",
        "Expires": "-1",
        "Pragma": "no-cache",
        "Request-Context": "appId=cid-v1:2d2e8e63-272e-4b3c-8598-4ee570a0e70d",
        "Server-Timing": "traceparent;desc=\u002200-18913ee7cc840de8b17958dc276aecfb-539fc980b17f8a37-00\u0022",
        "Strict-Transport-Security": "max-age=31536000; includeSubDomains",
        "Transfer-Encoding": "chunked",
        "Vary": [
          "Accept-Encoding",
          "Accept-Encoding"
        ],
        "x-aml-cluster": "vienna-eastus-02",
        "X-Content-Type-Options": "nosniff",
        "x-ms-correlation-request-id": "e5d4d51d-5a53-4660-b7ac-9d32435b511f",
        "x-ms-ratelimit-remaining-subscription-reads": "11956",
        "x-ms-response-type": "standard",
        "x-ms-routing-request-id": "JAPANEAST:20221212T134650Z:e5d4d51d-5a53-4660-b7ac-9d32435b511f",
        "x-request-time": "0.040"
      },
      "ResponseBody": {
        "id": "/subscriptions/00000000-0000-0000-0000-000000000/resourceGroups/00000/providers/Microsoft.MachineLearningServices/workspaces/00000/computes/cpu-cluster",
        "name": "cpu-cluster",
        "type": "Microsoft.MachineLearningServices/workspaces/computes",
        "location": "eastus",
        "tags": {},
        "properties": {
          "createdOn": "2022-11-08T11:30:08.881122\u002B00:00",
          "modifiedOn": "2022-11-08T11:30:15.4625037\u002B00:00",
          "disableLocalAuth": false,
          "description": null,
          "resourceId": null,
          "computeType": "AmlCompute",
          "computeLocation": "eastus",
          "provisioningState": "Succeeded",
          "provisioningErrors": null,
          "isAttachedCompute": false,
          "properties": {
            "vmSize": "STANDARD_DS2_V2",
            "vmPriority": "Dedicated",
            "scaleSettings": {
              "maxNodeCount": 4,
              "minNodeCount": 0,
              "nodeIdleTimeBeforeScaleDown": "PT2M"
            },
            "subnet": null,
            "currentNodeCount": 2,
            "targetNodeCount": 1,
            "nodeStateCounts": {
              "preparingNodeCount": 0,
              "runningNodeCount": 0,
              "idleNodeCount": 1,
              "unusableNodeCount": 0,
              "leavingNodeCount": 1,
              "preemptedNodeCount": 0
            },
            "allocationState": "Resizing",
            "allocationStateTransitionTime": "2022-12-12T13:43:18.632\u002B00:00",
            "errors": null,
            "remoteLoginPortPublicAccess": "Enabled",
            "osType": "Linux",
            "virtualMachineImage": null,
            "isolatedNetwork": false,
            "propertyBag": {}
          }
        }
      }
    },
    {
      "RequestUri": "https://management.azure.com/subscriptions/00000000-0000-0000-0000-000000000/resourceGroups/00000/providers/Microsoft.MachineLearningServices/workspaces/00000/data/mltable_reghits/versions?api-version=2022-05-01\u0026$orderBy=createdtime%20desc\u0026$top=1",
      "RequestMethod": "GET",
      "RequestHeaders": {
        "Accept": "application/json",
        "Accept-Encoding": "gzip, deflate",
        "Connection": "keep-alive",
        "User-Agent": "azure-ai-ml/1.2.0 azsdk-python-mgmt-machinelearningservices/0.1.0 Python/3.8.13 (Windows-10-10.0.22000-SP0)"
      },
      "RequestBody": null,
      "StatusCode": 200,
      "ResponseHeaders": {
        "Cache-Control": "no-cache",
        "Content-Encoding": "gzip",
        "Content-Type": "application/json; charset=utf-8",
        "Date": "Mon, 12 Dec 2022 13:46:50 GMT",
        "Expires": "-1",
        "Pragma": "no-cache",
        "Request-Context": "appId=cid-v1:2d2e8e63-272e-4b3c-8598-4ee570a0e70d",
        "Server-Timing": "traceparent;desc=\u002200-418dd57c87972d4752c236559db61f49-88c3c7c6f1428526-00\u0022",
        "Strict-Transport-Security": "max-age=31536000; includeSubDomains",
        "Transfer-Encoding": "chunked",
        "Vary": [
          "Accept-Encoding",
          "Accept-Encoding"
        ],
        "x-aml-cluster": "vienna-eastus-01",
        "X-Content-Type-Options": "nosniff",
        "x-ms-correlation-request-id": "6d7b6d25-5624-45d6-9398-9d2ca7b7bdd3",
        "x-ms-ratelimit-remaining-subscription-reads": "11955",
        "x-ms-response-type": "standard",
        "x-ms-routing-request-id": "JAPANEAST:20221212T134650Z:6d7b6d25-5624-45d6-9398-9d2ca7b7bdd3",
        "x-request-time": "0.149"
      },
      "ResponseBody": {
        "value": [
          {
            "id": "/subscriptions/00000000-0000-0000-0000-000000000/resourceGroups/00000/providers/Microsoft.MachineLearningServices/workspaces/00000/data/mltable_reghits/versions/2",
            "name": "2",
            "type": "Microsoft.MachineLearningServices/workspaces/data/versions",
            "properties": {
              "description": null,
              "tags": {},
              "properties": {},
              "isArchived": false,
              "isAnonymous": false,
              "dataUri": "azureml://subscriptions/00000000-0000-0000-0000-000000000/resourcegroups/00000/workspaces/00000/datastores/workspaceblobstore/paths/LocalUpload/00000000000000000000000000000000/mnist-data/",
              "dataType": "mltable",
              "referencedUris": [
                "./0.png",
                "./1.png",
                "./2.png",
                "./3.png"
              ]
            },
            "systemData": {
              "createdAt": "2022-12-12T09:11:33.1290335\u002B00:00",
              "createdBy": "Ying Chen",
              "createdByType": "User",
              "lastModifiedAt": "2022-12-12T09:11:33.149703\u002B00:00"
            }
          }
        ]
      }
    },
    {
      "RequestUri": "https://management.azure.com/subscriptions/00000000-0000-0000-0000-000000000/resourceGroups/00000/providers/Microsoft.MachineLearningServices/workspaces/00000/jobs/000000000000000000000?api-version=2022-10-01-preview",
      "RequestMethod": "PUT",
      "RequestHeaders": {
        "Accept": "application/json",
        "Accept-Encoding": "gzip, deflate",
        "Connection": "keep-alive",
        "Content-Length": "1437",
        "Content-Type": "application/json",
        "User-Agent": "azure-ai-ml/1.2.0 azsdk-python-mgmt-machinelearningservices/0.1.0 Python/3.8.13 (Windows-10-10.0.22000-SP0)"
      },
      "RequestBody": {
        "properties": {
          "properties": {},
          "tags": {},
          "displayName": "pipeline_func",
          "experimentName": "azure-ai-ml",
          "isArchived": false,
          "jobType": "Pipeline",
          "inputs": {},
          "jobs": {
            "node": {
              "type": "AE365ExePoolComponent",
              "computeId": "/subscriptions/00000000-0000-0000-0000-000000000/resourceGroups/00000/providers/Microsoft.MachineLearningServices/workspaces/00000/computes/cpu-cluster",
              "inputs": {
                "DataToLookAt": {
                  "uri": "/subscriptions/00000000-0000-0000-0000-000000000/resourceGroups/00000/providers/Microsoft.MachineLearningServices/workspaces/00000/data/mltable_reghits/versions/2",
                  "job_input_type": "mltable"
                },
                "HeronId": {
                  "job_input_type": "literal",
                  "value": "c6c849c5-4d52-412a-b4de-6cc5755bca73"
                },
                "taskFileTimestamp": {
                  "job_input_type": "literal",
                  "value": "2022.08.11.22.04.00"
                }
              },
              "_source": "REMOTE.WORKSPACE.COMPONENT",
              "componentId": "/subscriptions/00000000-0000-0000-0000-000000000/resourceGroups/00000/providers/Microsoft.MachineLearningServices/workspaces/00000/components/test_418807478477/versions/0.0.1"
            }
          },
          "outputs": {},
          "settings": {
            "default_compute": "/subscriptions/00000000-0000-0000-0000-000000000/resourceGroups/00000/providers/Microsoft.MachineLearningServices/workspaces/00000/computes/cpu-cluster",
            "default_datastore": "/subscriptions/00000000-0000-0000-0000-000000000/resourceGroups/00000/providers/Microsoft.MachineLearningServices/workspaces/00000/datastores/workspaceblobstore",
            "_source": "DSL"
          }
        }
      },
      "StatusCode": 201,
      "ResponseHeaders": {
        "Cache-Control": "no-cache",
        "Content-Length": "3478",
        "Content-Type": "application/json; charset=utf-8",
        "Date": "Mon, 12 Dec 2022 13:46:57 GMT",
        "Expires": "-1",
        "Location": "https://management.azure.com/subscriptions/00000000-0000-0000-0000-000000000/resourceGroups/00000/providers/Microsoft.MachineLearningServices/workspaces/00000/jobs/000000000000000000000?api-version=2022-10-01-preview",
        "Pragma": "no-cache",
        "Request-Context": "appId=cid-v1:2d2e8e63-272e-4b3c-8598-4ee570a0e70d",
        "Server-Timing": "traceparent;desc=\u002200-cf93c6b4061c2443e5c9e9b5eb567779-18837113da8138f9-00\u0022",
        "Strict-Transport-Security": "max-age=31536000; includeSubDomains",
        "x-aml-cluster": "vienna-eastus-01",
        "X-Content-Type-Options": "nosniff",
        "x-ms-correlation-request-id": "3eff4721-7814-4e77-85ae-8ea47479fd41",
        "x-ms-ratelimit-remaining-subscription-writes": "1173",
        "x-ms-response-type": "standard",
        "x-ms-routing-request-id": "JAPANEAST:20221212T134657Z:3eff4721-7814-4e77-85ae-8ea47479fd41",
        "x-request-time": "3.485"
      },
      "ResponseBody": {
        "id": "/subscriptions/00000000-0000-0000-0000-000000000/resourceGroups/00000/providers/Microsoft.MachineLearningServices/workspaces/00000/jobs/000000000000000000000",
        "name": "000000000000000000000",
        "type": "Microsoft.MachineLearningServices/workspaces/jobs",
        "properties": {
          "description": null,
          "tags": {},
          "properties": {
            "azureml.DevPlatv2": "true",
            "azureml.runsource": "azureml.PipelineRun",
            "runSource": "MFE",
            "runType": "HTTP",
            "azureml.parameters": "{}",
            "azureml.continue_on_step_failure": "False",
            "azureml.continue_on_failed_optional_input": "True",
            "azureml.defaultComputeName": "cpu-cluster",
            "azureml.defaultDataStoreName": "workspaceblobstore",
            "azureml.pipelineComponent": "pipelinerun"
          },
          "displayName": "pipeline_func",
          "status": "Preparing",
          "experimentName": "azure-ai-ml",
          "services": {
            "Tracking": {
              "jobServiceType": "Tracking",
              "port": null,
              "endpoint": "azureml://eastus.api.azureml.ms/mlflow/v1.0/subscriptions/00000000-0000-0000-0000-000000000/resourceGroups/00000/providers/Microsoft.MachineLearningServices/workspaces/00000?",
              "status": null,
              "errorMessage": null,
              "properties": null,
              "nodes": null
            },
            "Studio": {
              "jobServiceType": "Studio",
              "port": null,
              "endpoint": "https://ml.azure.com/runs/000000000000000000000?wsid=/subscriptions/00000000-0000-0000-0000-000000000/resourcegroups/00000/workspaces/00000",
              "status": null,
              "errorMessage": null,
              "properties": null,
              "nodes": null
            }
          },
          "computeId": null,
          "isArchived": false,
          "identity": null,
          "componentId": null,
          "jobType": "Pipeline",
          "settings": {
            "default_compute": "/subscriptions/00000000-0000-0000-0000-000000000/resourceGroups/00000/providers/Microsoft.MachineLearningServices/workspaces/00000/computes/cpu-cluster",
            "default_datastore": "/subscriptions/00000000-0000-0000-0000-000000000/resourceGroups/00000/providers/Microsoft.MachineLearningServices/workspaces/00000/datastores/workspaceblobstore",
            "_source": "DSL"
          },
          "jobs": {
            "node": {
              "type": "AE365ExePoolComponent",
              "computeId": "/subscriptions/00000000-0000-0000-0000-000000000/resourceGroups/00000/providers/Microsoft.MachineLearningServices/workspaces/00000/computes/cpu-cluster",
              "inputs": {
                "DataToLookAt": {
                  "uri": "/subscriptions/00000000-0000-0000-0000-000000000/resourceGroups/00000/providers/Microsoft.MachineLearningServices/workspaces/00000/data/mltable_reghits/versions/2",
                  "job_input_type": "mltable"
                },
                "HeronId": {
                  "job_input_type": "literal",
                  "value": "c6c849c5-4d52-412a-b4de-6cc5755bca73"
                },
                "taskFileTimestamp": {
                  "job_input_type": "literal",
                  "value": "2022.08.11.22.04.00"
                }
              },
              "_source": "REMOTE.WORKSPACE.COMPONENT",
              "componentId": "/subscriptions/00000000-0000-0000-0000-000000000/resourceGroups/00000/providers/Microsoft.MachineLearningServices/workspaces/00000/components/test_418807478477/versions/0.0.1"
            }
          },
          "inputs": {},
          "outputs": {},
          "sourceJobId": null
        },
        "systemData": {
          "createdAt": "2022-12-12T13:46:57.2559557\u002B00:00",
          "createdBy": "Ying Chen",
          "createdByType": "User"
        }
      }
    },
    {
      "RequestUri": "https://management.azure.com/subscriptions/00000000-0000-0000-0000-000000000/resourceGroups/00000/providers/Microsoft.MachineLearningServices/workspaces/00000/jobs/000000000000000000000/cancel?api-version=2022-10-01-preview",
      "RequestMethod": "POST",
      "RequestHeaders": {
        "Accept": "application/json",
        "Accept-Encoding": "gzip, deflate",
        "Connection": "keep-alive",
        "Content-Length": "0",
        "User-Agent": "azure-ai-ml/1.2.0 azsdk-python-mgmt-machinelearningservices/0.1.0 Python/3.8.13 (Windows-10-10.0.22000-SP0)"
      },
      "RequestBody": null,
      "StatusCode": 400,
      "ResponseHeaders": {
        "Cache-Control": "no-cache",
        "Content-Length": "1221",
        "Content-Type": "application/json; charset=utf-8",
        "Date": "Mon, 12 Dec 2022 13:47:15 GMT",
        "Expires": "-1",
        "Pragma": "no-cache",
        "Request-Context": "appId=cid-v1:2d2e8e63-272e-4b3c-8598-4ee570a0e70d",
        "Strict-Transport-Security": "max-age=31536000; includeSubDomains",
        "x-aml-cluster": "vienna-eastus-01",
        "X-Content-Type-Options": "nosniff",
        "x-ms-correlation-request-id": "f102c5b5-c313-481a-b79a-62a8856482a4",
        "x-ms-ratelimit-remaining-subscription-writes": "1182",
        "x-ms-response-type": "error",
        "x-ms-routing-request-id": "JAPANEAST:20221212T134715Z:f102c5b5-c313-481a-b79a-62a8856482a4",
        "x-request-time": "15.354"
      },
      "ResponseBody": {
        "error": {
          "code": "UserError",
          "message": "The pipeline run 000000000000000000000 is in terminal status, it can\u0027t be canceled.",
          "details": [],
          "additionalInfo": [
            {
              "type": "ComponentName",
              "info": {
                "value": "managementfrontend"
              }
            },
            {
              "type": "Correlation",
              "info": {
                "value": {
                  "operation": "cfc65e4f2c278bb91f7c426a2f26551d",
                  "request": "fc61f7ee092e0435"
                }
              }
            },
            {
              "type": "Environment",
              "info": {
                "value": "eastus"
              }
            },
            {
              "type": "Location",
              "info": {
                "value": "eastus"
              }
            },
            {
              "type": "Time",
              "info": {
                "value": "2022-12-12T13:47:15.590258\u002B00:00"
              }
            },
            {
              "type": "InnerError",
              "info": {
                "value": {
                  "code": "BadArgument",
                  "innerError": {
                    "code": "ArgumentInvalid",
                    "innerError": {
                      "code": "CancelPipelineRunInTerminalStatus",
                      "innerError": null
                    }
                  }
                }
              }
            }
          ]
        }
      }
    }
  ],
  "Variables": {
    "component_name": "test_418807478477"
  }
}
