{
  "Entries": [
    {
      "RequestUri": "https://management.azure.com/subscriptions/00000000-0000-0000-0000-000000000/resourceGroups/00000/providers/Microsoft.MachineLearningServices/workspaces/00000/computes/cpu-cluster?api-version=2022-10-01-preview",
      "RequestMethod": "GET",
      "RequestHeaders": {
        "Accept": "application/json",
        "Accept-Encoding": "gzip, deflate",
        "Connection": "keep-alive",
        "User-Agent": "azure-ai-ml/1.5.0 azsdk-python-mgmt-machinelearningservices/0.1.0 Python/3.7.13 (Windows-10-10.0.22621-SP0)"
      },
      "RequestBody": null,
      "StatusCode": 200,
      "ResponseHeaders": {
        "Cache-Control": "no-cache",
        "Content-Encoding": "gzip",
        "Content-Type": "application/json; charset=utf-8",
        "Date": "Tue, 14 Feb 2023 10:10:00 GMT",
        "Expires": "-1",
        "Pragma": "no-cache",
        "Request-Context": "appId=cid-v1:2d2e8e63-272e-4b3c-8598-4ee570a0e70d",
        "Server-Timing": "traceparent;desc=\u002200-ee3adb88bcdfcebe0460d8e3be266cf4-78e9d18a60759494-01\u0022",
        "Strict-Transport-Security": "max-age=31536000; includeSubDomains",
        "Transfer-Encoding": "chunked",
        "Vary": [
          "Accept-Encoding",
          "Accept-Encoding"
        ],
        "x-aml-cluster": "vienna-eastus-02",
        "X-Content-Type-Options": "nosniff",
        "x-ms-correlation-request-id": "734ec1f4-27a6-41a5-b295-d2d26e3178f2",
        "x-ms-ratelimit-remaining-subscription-reads": "11949",
        "x-ms-response-type": "standard",
        "x-ms-routing-request-id": "JAPANEAST:20230214T101000Z:734ec1f4-27a6-41a5-b295-d2d26e3178f2",
        "x-request-time": "0.089"
      },
      "ResponseBody": {
        "id": "/subscriptions/00000000-0000-0000-0000-000000000/resourceGroups/00000/providers/Microsoft.MachineLearningServices/workspaces/00000/computes/cpu-cluster",
        "name": "cpu-cluster",
        "type": "Microsoft.MachineLearningServices/workspaces/computes",
        "location": "eastus",
        "tags": {},
        "properties": {
          "createdOn": "2023-02-09T05:35:28.6172338\u002B00:00",
          "modifiedOn": "2023-02-09T05:35:35.3479223\u002B00:00",
          "disableLocalAuth": false,
          "description": null,
          "resourceId": null,
          "computeType": "AmlCompute",
          "computeLocation": "eastus",
          "provisioningState": "Succeeded",
          "provisioningErrors": null,
          "isAttachedCompute": false,
          "properties": {
            "vmSize": "STANDARD_DS3_V2",
            "vmPriority": "Dedicated",
            "scaleSettings": {
              "maxNodeCount": 4,
              "minNodeCount": 1,
              "nodeIdleTimeBeforeScaleDown": "PT20M"
            },
            "subnet": null,
            "currentNodeCount": 4,
            "targetNodeCount": 4,
            "nodeStateCounts": {
              "preparingNodeCount": 2,
              "runningNodeCount": 2,
              "idleNodeCount": 0,
              "unusableNodeCount": 0,
              "leavingNodeCount": 0,
              "preemptedNodeCount": 0
            },
            "allocationState": "Steady",
            "allocationStateTransitionTime": "2023-02-14T10:08:44.714\u002B00:00",
            "errors": null,
            "remoteLoginPortPublicAccess": "Disabled",
            "osType": "Linux",
            "virtualMachineImage": null,
            "isolatedNetwork": false,
            "propertyBag": {}
          }
        }
      }
    },
    {
      "RequestUri": "https://management.azure.com/subscriptions/00000000-0000-0000-0000-000000000/resourceGroups/00000/providers/Microsoft.MachineLearningServices/workspaces/00000/data/mltable_reghits?api-version=2022-10-01",
      "RequestMethod": "GET",
      "RequestHeaders": {
        "Accept": "application/json",
        "Accept-Encoding": "gzip, deflate",
        "Connection": "keep-alive",
        "User-Agent": "azure-ai-ml/1.5.0 azsdk-python-mgmt-machinelearningservices/0.1.0 Python/3.7.13 (Windows-10-10.0.22621-SP0)"
      },
      "RequestBody": null,
      "StatusCode": 200,
      "ResponseHeaders": {
        "Cache-Control": "no-cache",
        "Content-Encoding": "gzip",
        "Content-Type": "application/json; charset=utf-8",
        "Date": "Tue, 14 Feb 2023 10:10:02 GMT",
        "Expires": "-1",
        "Pragma": "no-cache",
        "Request-Context": "appId=cid-v1:2d2e8e63-272e-4b3c-8598-4ee570a0e70d",
        "Server-Timing": "traceparent;desc=\u002200-5146b3b8c9b00e5c486678176eb2bb17-1e1b39ea7fdb9602-01\u0022",
        "Strict-Transport-Security": "max-age=31536000; includeSubDomains",
        "Transfer-Encoding": "chunked",
        "Vary": [
          "Accept-Encoding",
          "Accept-Encoding"
        ],
        "x-aml-cluster": "vienna-eastus-01",
        "X-Content-Type-Options": "nosniff",
        "x-ms-correlation-request-id": "0ceca471-fdd4-47f6-8655-79a671e63f66",
        "x-ms-ratelimit-remaining-subscription-reads": "11948",
        "x-ms-response-type": "standard",
        "x-ms-routing-request-id": "JAPANEAST:20230214T101003Z:0ceca471-fdd4-47f6-8655-79a671e63f66",
        "x-request-time": "0.043"
      },
      "ResponseBody": {
        "id": "/subscriptions/00000000-0000-0000-0000-000000000/resourceGroups/00000/providers/Microsoft.MachineLearningServices/workspaces/00000/data/mltable_reghits",
        "name": "mltable_reghits",
        "type": "Microsoft.MachineLearningServices/workspaces/data",
        "properties": {
          "description": null,
          "tags": null,
          "properties": null,
          "isArchived": false,
          "latestVersion": "2",
          "nextVersion": "3",
          "dataType": "mltable"
        },
        "systemData": {
          "createdAt": "2023-02-14T07:11:25.2064574\u002B00:00",
          "createdBy": "Doris Liao",
          "createdByType": "User",
          "lastModifiedAt": "2023-02-14T07:11:25.2979118\u002B00:00"
        }
      }
    },
    {
      "RequestUri": "https://management.azure.com/subscriptions/00000000-0000-0000-0000-000000000/resourceGroups/00000/providers/Microsoft.MachineLearningServices/workspaces/00000/data/mltable_reghits/versions/2?api-version=2022-10-01",
      "RequestMethod": "GET",
      "RequestHeaders": {
        "Accept": "application/json",
        "Accept-Encoding": "gzip, deflate",
        "Connection": "keep-alive",
        "User-Agent": "azure-ai-ml/1.5.0 azsdk-python-mgmt-machinelearningservices/0.1.0 Python/3.7.13 (Windows-10-10.0.22621-SP0)"
      },
      "RequestBody": null,
      "StatusCode": 200,
      "ResponseHeaders": {
        "Cache-Control": "no-cache",
        "Content-Encoding": "gzip",
        "Content-Type": "application/json; charset=utf-8",
        "Date": "Tue, 14 Feb 2023 10:10:03 GMT",
        "Expires": "-1",
        "Pragma": "no-cache",
        "Request-Context": "appId=cid-v1:2d2e8e63-272e-4b3c-8598-4ee570a0e70d",
        "Server-Timing": "traceparent;desc=\u002200-20e3207c44f49727e6b611cde1d040ad-91951250428848e6-01\u0022",
        "Strict-Transport-Security": "max-age=31536000; includeSubDomains",
        "Transfer-Encoding": "chunked",
        "Vary": [
          "Accept-Encoding",
          "Accept-Encoding"
        ],
        "x-aml-cluster": "vienna-eastus-01",
        "X-Content-Type-Options": "nosniff",
        "x-ms-correlation-request-id": "eb798a4b-1acf-4fe9-b3a4-38ff2e1b1c8e",
        "x-ms-ratelimit-remaining-subscription-reads": "11947",
        "x-ms-response-type": "standard",
        "x-ms-routing-request-id": "JAPANEAST:20230214T101003Z:eb798a4b-1acf-4fe9-b3a4-38ff2e1b1c8e",
        "x-request-time": "0.089"
      },
      "ResponseBody": {
        "id": "/subscriptions/00000000-0000-0000-0000-000000000/resourceGroups/00000/providers/Microsoft.MachineLearningServices/workspaces/00000/data/mltable_reghits/versions/2",
        "name": "2",
        "type": "Microsoft.MachineLearningServices/workspaces/data/versions",
        "properties": {
          "description": null,
          "tags": {},
          "properties": {},
          "isArchived": false,
          "isAnonymous": false,
          "dataUri": "azureml://subscriptions/00000000-0000-0000-0000-000000000/resourcegroups/00000/workspaces/00000/datastores/workspaceblobstore/paths/LocalUpload/00000000000000000000000000000000/mnist-data/",
          "dataType": "mltable",
          "referencedUris": [
            "./0.png",
            "./1.png",
            "./2.png",
            "./3.png"
          ]
        },
        "systemData": {
          "createdAt": "2023-02-14T07:11:25.2669572\u002B00:00",
          "createdBy": "Doris Liao",
          "createdByType": "User",
          "lastModifiedAt": "2023-02-14T07:11:25.2820373\u002B00:00"
        }
      }
    },
    {
      "RequestUri": "https://management.azure.com/subscriptions/00000000-0000-0000-0000-000000000/resourceGroups/00000/providers/Microsoft.MachineLearningServices/workspaces/00000/datastores/workspaceblobstore?api-version=2022-10-01",
      "RequestMethod": "GET",
      "RequestHeaders": {
        "Accept": "application/json",
        "Accept-Encoding": "gzip, deflate",
        "Connection": "keep-alive",
        "User-Agent": "azure-ai-ml/1.5.0 azsdk-python-mgmt-machinelearningservices/0.1.0 Python/3.7.13 (Windows-10-10.0.22621-SP0)"
      },
      "RequestBody": null,
      "StatusCode": 200,
      "ResponseHeaders": {
        "Cache-Control": "no-cache",
        "Content-Encoding": "gzip",
        "Content-Type": "application/json; charset=utf-8",
        "Date": "Tue, 14 Feb 2023 10:10:04 GMT",
        "Expires": "-1",
        "Pragma": "no-cache",
        "Request-Context": "appId=cid-v1:2d2e8e63-272e-4b3c-8598-4ee570a0e70d",
        "Server-Timing": "traceparent;desc=\u002200-574857fe5655c852aaab54fc40981978-e9a6f4b3b74f7dac-01\u0022",
        "Strict-Transport-Security": "max-age=31536000; includeSubDomains",
        "Transfer-Encoding": "chunked",
        "Vary": [
          "Accept-Encoding",
          "Accept-Encoding"
        ],
        "x-aml-cluster": "vienna-eastus-01",
        "X-Content-Type-Options": "nosniff",
        "x-ms-correlation-request-id": "89911667-5271-4641-a2ec-b864736dd5d7",
        "x-ms-ratelimit-remaining-subscription-reads": "11946",
        "x-ms-response-type": "standard",
        "x-ms-routing-request-id": "JAPANEAST:20230214T101004Z:89911667-5271-4641-a2ec-b864736dd5d7",
        "x-request-time": "0.101"
      },
      "ResponseBody": {
        "id": "/subscriptions/00000000-0000-0000-0000-000000000/resourceGroups/00000/providers/Microsoft.MachineLearningServices/workspaces/00000/datastores/workspaceblobstore",
        "name": "workspaceblobstore",
        "type": "Microsoft.MachineLearningServices/workspaces/datastores",
        "properties": {
          "description": null,
          "tags": null,
          "properties": null,
          "isDefault": true,
          "credentials": {
            "credentialsType": "AccountKey"
          },
          "datastoreType": "AzureBlob",
          "accountName": "sdkeastus7716106788",
          "containerName": "azureml-blobstore-5e9d5b64-b65b-4c60-b07e-0cdea249d7d7",
          "endpoint": "core.windows.net",
          "protocol": "https",
          "serviceDataAccessAuthIdentity": "WorkspaceSystemAssignedIdentity"
        },
        "systemData": {
          "createdAt": "2022-08-03T09:04:21.7829909\u002B00:00",
          "createdBy": "779301c0-18b2-4cdc-801b-a0a3368fee0a",
          "createdByType": "Application",
          "lastModifiedAt": "2022-08-03T09:04:22.316382\u002B00:00",
          "lastModifiedBy": "779301c0-18b2-4cdc-801b-a0a3368fee0a",
          "lastModifiedByType": "Application"
        }
      }
    },
    {
      "RequestUri": "https://management.azure.com/subscriptions/00000000-0000-0000-0000-000000000/resourceGroups/00000/providers/Microsoft.MachineLearningServices/workspaces/00000/datastores/workspaceblobstore/listSecrets?api-version=2022-10-01",
      "RequestMethod": "POST",
      "RequestHeaders": {
        "Accept": "application/json",
        "Accept-Encoding": "gzip, deflate",
        "Connection": "keep-alive",
        "Content-Length": "0",
        "User-Agent": "azure-ai-ml/1.5.0 azsdk-python-mgmt-machinelearningservices/0.1.0 Python/3.7.13 (Windows-10-10.0.22621-SP0)"
      },
      "RequestBody": null,
      "StatusCode": 200,
      "ResponseHeaders": {
        "Cache-Control": "no-cache",
        "Content-Encoding": "gzip",
        "Content-Type": "application/json; charset=utf-8",
        "Date": "Tue, 14 Feb 2023 10:10:04 GMT",
        "Expires": "-1",
        "Pragma": "no-cache",
        "Request-Context": "appId=cid-v1:2d2e8e63-272e-4b3c-8598-4ee570a0e70d",
        "Server-Timing": "traceparent;desc=\u002200-4806a3569ba85a11f62b13812aa9ea12-739671308bc28a81-01\u0022",
        "Strict-Transport-Security": "max-age=31536000; includeSubDomains",
        "Transfer-Encoding": "chunked",
        "Vary": "Accept-Encoding",
        "x-aml-cluster": "vienna-eastus-01",
        "X-Content-Type-Options": "nosniff",
        "x-ms-correlation-request-id": "7c916a5d-da72-42d5-b253-6f1898cfe8c3",
        "x-ms-ratelimit-remaining-subscription-writes": "1184",
        "x-ms-response-type": "standard",
        "x-ms-routing-request-id": "JAPANEAST:20230214T101005Z:7c916a5d-da72-42d5-b253-6f1898cfe8c3",
        "x-request-time": "0.217"
      },
      "ResponseBody": {
        "secretsType": "AccountKey",
        "key": "dGhpcyBpcyBmYWtlIGtleQ=="
      }
    },
    {
      "RequestUri": "https://sdkeastus7716106788.blob.core.windows.net/azureml-blobstore-5e9d5b64-b65b-4c60-b07e-0cdea249d7d7/LocalUpload/000000000000000000000000000000000000/ae365exepool-component/component_spec.yaml",
      "RequestMethod": "HEAD",
      "RequestHeaders": {
        "Accept": "application/xml",
        "Accept-Encoding": "gzip, deflate",
        "Connection": "keep-alive",
        "User-Agent": "azsdk-python-storage-blob/12.14.1 Python/3.7.13 (Windows-10-10.0.22621-SP0)",
        "x-ms-date": "Tue, 14 Feb 2023 10:10:05 GMT",
        "x-ms-version": "2021-08-06"
      },
      "RequestBody": null,
      "StatusCode": 200,
      "ResponseHeaders": {
        "Accept-Ranges": "bytes",
        "Content-Length": "2942",
        "Content-MD5": "NGgo7S55l6/n2jlmYPW0OQ==",
        "Content-Type": "application/octet-stream",
        "Date": "Tue, 14 Feb 2023 10:10:05 GMT",
        "ETag": "\u00220x8DB0E726DB0BD10\u0022",
        "Last-Modified": "Tue, 14 Feb 2023 10:01:23 GMT",
        "Server": [
          "Windows-Azure-Blob/1.0",
          "Microsoft-HTTPAPI/2.0"
        ],
        "Vary": "Origin",
        "x-ms-access-tier": "Hot",
        "x-ms-access-tier-inferred": "true",
        "x-ms-blob-type": "BlockBlob",
        "x-ms-creation-time": "Tue, 14 Feb 2023 10:01:23 GMT",
        "x-ms-lease-state": "available",
        "x-ms-lease-status": "unlocked",
        "x-ms-meta-name": "d43326e1-8e93-ea60-9fb2-ebae4ed9e000",
        "x-ms-meta-upload_status": "completed",
        "x-ms-meta-version": "1",
        "x-ms-server-encrypted": "true",
        "x-ms-version": "2021-08-06"
      },
      "ResponseBody": null
    },
    {
      "RequestUri": "https://sdkeastus7716106788.blob.core.windows.net/azureml-blobstore-5e9d5b64-b65b-4c60-b07e-0cdea249d7d7/az-ml-artifacts/000000000000000000000000000000000000/ae365exepool-component/component_spec.yaml",
      "RequestMethod": "HEAD",
      "RequestHeaders": {
        "Accept": "application/xml",
        "Accept-Encoding": "gzip, deflate",
        "Connection": "keep-alive",
        "User-Agent": "azsdk-python-storage-blob/12.14.1 Python/3.7.13 (Windows-10-10.0.22621-SP0)",
        "x-ms-date": "Tue, 14 Feb 2023 10:10:05 GMT",
        "x-ms-version": "2021-08-06"
      },
      "RequestBody": null,
      "StatusCode": 404,
      "ResponseHeaders": {
        "Date": "Tue, 14 Feb 2023 10:10:05 GMT",
        "Server": [
          "Windows-Azure-Blob/1.0",
          "Microsoft-HTTPAPI/2.0"
        ],
        "Transfer-Encoding": "chunked",
        "Vary": "Origin",
        "x-ms-error-code": "BlobNotFound",
        "x-ms-version": "2021-08-06"
      },
      "ResponseBody": null
    },
    {
      "RequestUri": "https://management.azure.com/subscriptions/00000000-0000-0000-0000-000000000/resourceGroups/00000/providers/Microsoft.MachineLearningServices/workspaces/00000/codes/d43326e1-8e93-ea60-9fb2-ebae4ed9e000/versions/1?api-version=2022-05-01",
      "RequestMethod": "PUT",
      "RequestHeaders": {
        "Accept": "application/json",
        "Accept-Encoding": "gzip, deflate",
        "Connection": "keep-alive",
        "Content-Length": "321",
        "Content-Type": "application/json",
        "User-Agent": "azure-ai-ml/1.5.0 azsdk-python-mgmt-machinelearningservices/0.1.0 Python/3.7.13 (Windows-10-10.0.22621-SP0)"
      },
      "RequestBody": {
        "properties": {
          "properties": {
            "hash_sha256": "0000000000000",
            "hash_version": "0000000000000"
          },
          "isAnonymous": true,
          "isArchived": false,
          "codeUri": "https://sdkeastus7716106788.blob.core.windows.net/azureml-blobstore-5e9d5b64-b65b-4c60-b07e-0cdea249d7d7/LocalUpload/000000000000000000000000000000000000/ae365exepool-component"
        }
      },
      "StatusCode": 200,
      "ResponseHeaders": {
        "Cache-Control": "no-cache",
        "Content-Encoding": "gzip",
        "Content-Type": "application/json; charset=utf-8",
        "Date": "Tue, 14 Feb 2023 10:10:08 GMT",
        "Expires": "-1",
        "Pragma": "no-cache",
        "Request-Context": "appId=cid-v1:2d2e8e63-272e-4b3c-8598-4ee570a0e70d",
        "Server-Timing": "traceparent;desc=\u002200-954df35d2386e936c5dc3c14b02a9f29-dce59fe0d27bd9e8-01\u0022",
        "Strict-Transport-Security": "max-age=31536000; includeSubDomains",
        "Transfer-Encoding": "chunked",
        "Vary": [
          "Accept-Encoding",
          "Accept-Encoding"
        ],
        "x-aml-cluster": "vienna-eastus-01",
        "X-Content-Type-Options": "nosniff",
        "x-ms-correlation-request-id": "fcf8cca7-a3e4-49af-8086-15922f38f137",
        "x-ms-ratelimit-remaining-subscription-writes": "1176",
        "x-ms-response-type": "standard",
        "x-ms-routing-request-id": "JAPANEAST:20230214T101008Z:fcf8cca7-a3e4-49af-8086-15922f38f137",
        "x-request-time": "0.177"
      },
      "ResponseBody": {
        "id": "/subscriptions/00000000-0000-0000-0000-000000000/resourceGroups/00000/providers/Microsoft.MachineLearningServices/workspaces/00000/codes/d43326e1-8e93-ea60-9fb2-ebae4ed9e000/versions/1",
        "name": "1",
        "type": "Microsoft.MachineLearningServices/workspaces/codes/versions",
        "properties": {
          "description": null,
          "tags": {},
          "properties": {
            "hash_sha256": "0000000000000",
            "hash_version": "0000000000000"
          },
          "isArchived": false,
          "isAnonymous": false,
          "codeUri": "https://sdkeastus7716106788.blob.core.windows.net/azureml-blobstore-5e9d5b64-b65b-4c60-b07e-0cdea249d7d7/LocalUpload/000000000000000000000000000000000000/ae365exepool-component"
        },
        "systemData": {
          "createdAt": "2023-02-14T10:01:27.716649\u002B00:00",
          "createdBy": "Doris Liao",
          "createdByType": "User",
          "lastModifiedAt": "2023-02-14T10:10:08.7091176\u002B00:00",
          "lastModifiedBy": "Doris Liao",
          "lastModifiedByType": "User"
        }
      }
    },
    {
      "RequestUri": "https://management.azure.com/subscriptions/00000000-0000-0000-0000-000000000/resourceGroups/00000/providers/Microsoft.MachineLearningServices/workspaces/00000/components/azureml_anonymous/versions/da74159a-cc0d-9d9f-e7f6-5e7a473080da?api-version=2022-10-01",
      "RequestMethod": "PUT",
      "RequestHeaders": {
        "Accept": "application/json",
        "Accept-Encoding": "gzip, deflate",
        "Connection": "keep-alive",
        "Content-Length": "3575",
        "Content-Type": "application/json",
        "User-Agent": "azure-ai-ml/1.5.0 azsdk-python-mgmt-machinelearningservices/0.1.0 Python/3.7.13 (Windows-10-10.0.22621-SP0)"
      },
      "RequestBody": {
        "properties": {
          "description": "Use this auto-approved module to download data on EyesOn machine and interact with it for Compliant Annotation purpose.",
          "properties": {},
          "tags": {
            "category": "Component Tutorial",
            "contact": "amldesigner@microsoft.com"
          },
          "isAnonymous": true,
          "isArchived": false,
          "componentSpec": {
            "name": "microsoft_com_azureml_samples_ae365exepool_cax_eyes_on_module",
            "description": "Use this auto-approved module to download data on EyesOn machine and interact with it for Compliant Annotation purpose.",
            "tags": {
              "category": "Component Tutorial",
              "contact": "amldesigner@microsoft.com"
            },
            "version": "0.0.1",
            "$schema": "https://componentsdk.azureedge.net/jsonschema/AE365ExePoolComponent.json",
            "display_name": "CAX EyesOn Module [ND] v1.6",
            "inputs": {
              "ComplianceCluster": {
                "type": "string",
                "optional": false,
                "default": "MsResearch-EyesOn-Annotation",
                "description": "compliance cluster name"
              },
              "HeronId": {
                "type": "string",
                "optional": false,
                "default": "",
                "description": "Heron ID"
              },
              "localoutputfolderEnc": {
                "type": "string",
                "optional": true,
                "default": "",
                "description": "local output folder for encrypted data"
              },
              "localoutputfolderDec": {
                "type": "string",
                "optional": true,
                "default": "",
                "description": "local output folder for decrypted data"
              },
              "TimeoutSeconds": {
                "type": "integer",
                "optional": true,
                "default": "500000",
                "description": "timeout in seconds"
              },
              "hitappid": {
                "type": "integer",
                "optional": true,
                "default": "31346",
                "description": "hitapp id"
              },
              "projectname": {
                "type": "string",
                "optional": true,
                "default": "LatestE2Etemplate",
                "description": "project name"
              },
              "judges": {
                "type": "string",
                "optional": true,
                "default": "juwang;bradwall",
                "description": "judges"
              },
              "annotationsMayIncludeCustomerContent": {
                "type": "string",
                "optional": true,
                "default": "1",
                "description": "annotations may include customer content"
              },
              "TaskGroupId": {
                "type": "integer",
                "optional": true,
                "default": "86891",
                "description": "task group id"
              },
              "GoldHitRTADataType": {
                "type": "enum",
                "optional": true,
                "default": "",
                "description": "gold hit rta data type",
                "enum": [
                  "Gold",
                  "RTA",
                  "Qualification",
                  "Preview"
                ]
              },
              "taskFileTimestamp": {
                "type": "string",
                "optional": true,
                "default": "2021.12.21.23.55.00",
                "description": "task file timestamp"
              },
              "DataToLookAt": {
                "type": "AnyFile",
                "optional": false
              },
              "GoldHitRTAData": {
                "type": "AnyFile",
                "optional": true
              }
            },
            "outputs": {
              "outputfolderEnc": {
                "type": "AnyDirectory"
              },
              "outputfolderDec": {
                "type": "AnyDirectory"
              },
              "OriginalHitData": {
                "type": "AnyDirectory"
              }
            },
            "type": "AE365ExePoolComponent",
            "code": "azureml:/subscriptions/00000000-0000-0000-0000-000000000/resourceGroups/00000/providers/Microsoft.MachineLearningServices/workspaces/00000/codes/d43326e1-8e93-ea60-9fb2-ebae4ed9e000/versions/1",
            "command": "cax.eyesonmodule.exe input={inputs.DataToLookAt} inputGoldHitRta=[{inputs.GoldHitRTAData}] localoutputfolderEnc=[{inputs.localoutputfolderEnc}] localoutputfolderDec=[{inputs.localoutputfolderDec}] timeoutSeconds=[{inputs.TimeoutSeconds}] hitappid=[{inputs.hitappid}] projectname=[{inputs.projectname}] judges=[{inputs.judges}] outputfolderEnc={outputs.outputfolderEnc} outputfolderDec={outputs.outputfolderDec} annotationsMayIncludeCustomerContent=[{inputs.annotationsMayIncludeCustomerContent}] taskGroupId=[{inputs.TaskGroupId}] goldHitRTADataType=[{inputs.GoldHitRTADataType}] outputfolderForOriginalHitData={outputs.OriginalHitData} taskFileTimestamp=[{inputs.taskFileTimestamp}]",
            "ae365exepool": {
              "ref_id": "654ec0ba-bed3-48eb-a594-efd0e9275e0d"
            },
            "_source": "YAML.COMPONENT"
          }
        }
      },
      "StatusCode": 201,
      "ResponseHeaders": {
        "Cache-Control": "no-cache",
        "Content-Length": "5118",
        "Content-Type": "application/json; charset=utf-8",
        "Date": "Tue, 14 Feb 2023 10:10:09 GMT",
        "Expires": "-1",
        "Location": "https://management.azure.com/subscriptions/00000000-0000-0000-0000-000000000/resourceGroups/00000/providers/Microsoft.MachineLearningServices/workspaces/00000/components/azureml_anonymous/versions/da74159a-cc0d-9d9f-e7f6-5e7a473080da?api-version=2022-10-01",
        "Pragma": "no-cache",
        "Request-Context": "appId=cid-v1:2d2e8e63-272e-4b3c-8598-4ee570a0e70d",
        "Server-Timing": "traceparent;desc=\u002200-131e160891dbb41361fbe8b703bf8a72-0af095fbcfe69cc5-01\u0022",
        "Strict-Transport-Security": "max-age=31536000; includeSubDomains",
        "x-aml-cluster": "vienna-eastus-01",
        "X-Content-Type-Options": "nosniff",
        "x-ms-correlation-request-id": "81169da3-57e4-4546-b0ee-7a3f8a852ed9",
        "x-ms-ratelimit-remaining-subscription-writes": "1175",
        "x-ms-response-type": "standard",
        "x-ms-routing-request-id": "JAPANEAST:20230214T101009Z:81169da3-57e4-4546-b0ee-7a3f8a852ed9",
        "x-request-time": "0.364"
      },
      "ResponseBody": {
        "id": "/subscriptions/00000000-0000-0000-0000-000000000/resourceGroups/00000/providers/Microsoft.MachineLearningServices/workspaces/00000/components/azureml_anonymous/versions/8c5cb3a5-72c6-40fe-a333-5e11f220470f",
        "name": "8c5cb3a5-72c6-40fe-a333-5e11f220470f",
        "type": "Microsoft.MachineLearningServices/workspaces/components/versions",
        "properties": {
          "description": null,
          "tags": {
            "category": "Component Tutorial",
            "contact": "amldesigner@microsoft.com"
          },
          "properties": {},
          "isArchived": false,
          "isAnonymous": true,
          "componentSpec": {
            "$schema": "https://componentsdk.azureedge.net/jsonschema/AE365ExePoolComponent.json",
            "name": "microsoft_com_azureml_samples_ae365exepool_cax_eyes_on_module",
            "version": "0.0.1",
            "display_name": "CAX EyesOn Module [ND] v1.6",
            "is_deterministic": "True",
            "type": "AE365ExePoolComponent",
            "description": "Use this auto-approved module to download data on EyesOn machine and interact with it for Compliant Annotation purpose.",
            "tags": {
              "category": "Component Tutorial",
              "contact": "amldesigner@microsoft.com"
            },
            "inputs": {
              "DataToLookAt": {
                "type": "AnyFile",
                "optional": "False"
              },
              "GoldHitRTAData": {
                "type": "AnyFile",
                "optional": "True"
              },
              "ComplianceCluster": {
                "type": "String",
                "optional": "False",
                "default": "MsResearch-EyesOn-Annotation",
                "description": "compliance cluster name"
              },
              "HeronId": {
                "type": "String",
                "optional": "False",
                "description": "Heron ID"
              },
              "localoutputfolderEnc": {
                "type": "String",
                "optional": "True",
                "description": "local output folder for encrypted data"
              },
              "localoutputfolderDec": {
                "type": "String",
                "optional": "True",
                "description": "local output folder for decrypted data"
              },
              "TimeoutSeconds": {
                "type": "Integer",
                "optional": "True",
                "default": "500000",
                "description": "timeout in seconds"
              },
              "hitappid": {
                "type": "Integer",
                "optional": "True",
                "default": "31346",
                "description": "hitapp id"
              },
              "projectname": {
                "type": "String",
                "optional": "True",
                "default": "LatestE2Etemplate",
                "description": "project name"
              },
              "judges": {
                "type": "String",
                "optional": "True",
                "default": "juwang;bradwall",
                "description": "judges"
              },
              "annotationsMayIncludeCustomerContent": {
                "type": "String",
                "optional": "True",
                "default": "1",
                "description": "annotations may include customer content"
              },
              "TaskGroupId": {
                "type": "Integer",
                "optional": "True",
                "default": "86891",
                "description": "task group id"
              },
              "GoldHitRTADataType": {
                "type": "Enum",
                "optional": "True",
                "description": "gold hit rta data type",
                "enum": [
                  "Gold",
                  "RTA",
                  "Qualification",
                  "Preview"
                ]
              },
              "taskFileTimestamp": {
                "type": "String",
                "optional": "True",
                "default": "2021.12.21.23.55.00",
                "description": "task file timestamp"
              }
            },
            "outputs": {
              "outputfolderEnc": {
                "type": "AnyDirectory"
              },
              "outputfolderDec": {
                "type": "AnyDirectory"
              },
              "OriginalHitData": {
                "type": "AnyDirectory"
              }
            },
            "command": "cax.eyesonmodule.exe input={inputs.DataToLookAt} inputGoldHitRta=[{inputs.GoldHitRTAData}] localoutputfolderEnc=[{inputs.localoutputfolderEnc}] localoutputfolderDec=[{inputs.localoutputfolderDec}] timeoutSeconds=[{inputs.TimeoutSeconds}] hitappid=[{inputs.hitappid}] projectname=[{inputs.projectname}] judges=[{inputs.judges}] outputfolderEnc={outputs.outputfolderEnc} outputfolderDec={outputs.outputfolderDec} annotationsMayIncludeCustomerContent=[{inputs.annotationsMayIncludeCustomerContent}] taskGroupId=[{inputs.TaskGroupId}] goldHitRTADataType=[{inputs.GoldHitRTADataType}] outputfolderForOriginalHitData={outputs.OriginalHitData} taskFileTimestamp=[{inputs.taskFileTimestamp}]",
            "ae365exepool": {
              "ref_id": "654ec0ba-bed3-48eb-a594-efd0e9275e0d"
            },
            "code": "azureml:/subscriptions/00000000-0000-0000-0000-000000000/resourceGroups/00000/providers/Microsoft.MachineLearningServices/workspaces/00000/codes/d43326e1-8e93-ea60-9fb2-ebae4ed9e000/versions/1"
          }
        },
        "systemData": {
          "createdAt": "2023-02-14T10:01:29.2188156\u002B00:00",
          "createdBy": "Doris Liao",
          "createdByType": "User",
          "lastModifiedAt": "2023-02-14T10:01:29.3171721\u002B00:00",
          "lastModifiedBy": "Doris Liao",
          "lastModifiedByType": "User"
        }
      }
    },
    {
      "RequestUri": "https://management.azure.com/subscriptions/00000000-0000-0000-0000-000000000/resourceGroups/00000/providers/Microsoft.MachineLearningServices/workspaces/00000/jobs/000000000000000000000?api-version=2022-12-01-preview",
      "RequestMethod": "PUT",
      "RequestHeaders": {
        "Accept": "application/json",
        "Accept-Encoding": "gzip, deflate",
        "Connection": "keep-alive",
        "Content-Length": "1602",
        "Content-Type": "application/json",
        "User-Agent": "azure-ai-ml/1.5.0 azsdk-python-mgmt-machinelearningservices/0.1.0 Python/3.7.13 (Windows-10-10.0.22621-SP0)"
      },
      "RequestBody": {
        "properties": {
          "properties": {},
          "tags": {},
          "displayName": "pipeline_func",
          "experimentName": "azure-ai-ml",
          "isArchived": false,
          "jobType": "Pipeline",
          "inputs": {},
          "jobs": {
            "node": {
              "type": "AE365ExePoolComponent",
              "computeId": "/subscriptions/00000000-0000-0000-0000-000000000/resourceGroups/00000/providers/Microsoft.MachineLearningServices/workspaces/00000/computes/cpu-cluster",
              "inputs": {
                "HeronId": {
                  "job_input_type": "literal",
                  "value": "c6c849c5-4d52-412a-b4de-6cc5755bca73"
                },
                "taskFileTimestamp": {
                  "job_input_type": "literal",
                  "value": "2022.08.11.22.04.00"
                },
                "DataToLookAt": {
                  "uri": "/subscriptions/00000000-0000-0000-0000-000000000/resourceGroups/00000/providers/Microsoft.MachineLearningServices/workspaces/00000/data/mltable_reghits/versions/2",
                  "job_input_type": "mltable"
                }
              },
              "outputs": {
                "outputfolderEnc": {
                  "job_output_type": "uri_file",
                  "name": "Ae365expool_output",
                  "version": "1"
                }
              },
              "_source": "YAML.COMPONENT",
              "componentId": "/subscriptions/00000000-0000-0000-0000-000000000/resourceGroups/00000/providers/Microsoft.MachineLearningServices/workspaces/00000/components/azureml_anonymous/versions/8c5cb3a5-72c6-40fe-a333-5e11f220470f"
            }
          },
          "outputs": {},
          "settings": {
            "default_compute": "/subscriptions/00000000-0000-0000-0000-000000000/resourceGroups/00000/providers/Microsoft.MachineLearningServices/workspaces/00000/computes/cpu-cluster",
            "default_datastore": "/subscriptions/00000000-0000-0000-0000-000000000/resourceGroups/00000/providers/Microsoft.MachineLearningServices/workspaces/00000/datastores/workspaceblobstore",
            "_source": "DSL"
          }
        }
      },
      "StatusCode": 201,
      "ResponseHeaders": {
        "Cache-Control": "no-cache",
        "Content-Length": "3741",
        "Content-Type": "application/json; charset=utf-8",
        "Date": "Tue, 14 Feb 2023 10:10:13 GMT",
        "Expires": "-1",
        "Location": "https://management.azure.com/subscriptions/00000000-0000-0000-0000-000000000/resourceGroups/00000/providers/Microsoft.MachineLearningServices/workspaces/00000/jobs/000000000000000000000?api-version=2022-12-01-preview",
        "Pragma": "no-cache",
        "Request-Context": "appId=cid-v1:2d2e8e63-272e-4b3c-8598-4ee570a0e70d",
        "Server-Timing": "traceparent;desc=\u002200-3cfa1f777734a45ba243b68fae88a0e0-b31f6ac5152a6477-01\u0022",
        "Strict-Transport-Security": "max-age=31536000; includeSubDomains",
        "x-aml-cluster": "vienna-eastus-01",
        "X-Content-Type-Options": "nosniff",
        "x-ms-correlation-request-id": "de4be7e1-6c66-4315-9c2b-3411ec17fd1f",
        "x-ms-ratelimit-remaining-subscription-writes": "1174",
        "x-ms-response-type": "standard",
        "x-ms-routing-request-id": "JAPANEAST:20230214T101014Z:de4be7e1-6c66-4315-9c2b-3411ec17fd1f",
        "x-request-time": "1.564"
      },
      "ResponseBody": {
        "id": "/subscriptions/00000000-0000-0000-0000-000000000/resourceGroups/00000/providers/Microsoft.MachineLearningServices/workspaces/00000/jobs/000000000000000000000",
        "name": "000000000000000000000",
        "type": "Microsoft.MachineLearningServices/workspaces/jobs",
        "properties": {
          "description": null,
          "tags": {},
          "properties": {
            "azureml.DevPlatv2": "true",
            "azureml.runsource": "azureml.PipelineRun",
            "runSource": "MFE",
            "runType": "HTTP",
            "azureml.parameters": "{}",
            "azureml.continue_on_step_failure": "False",
            "azureml.continue_on_failed_optional_input": "True",
            "azureml.defaultComputeName": "cpu-cluster",
            "azureml.defaultDataStoreName": "workspaceblobstore",
            "azureml.pipelineComponent": "pipelinerun"
          },
          "displayName": "pipeline_func",
          "status": "Preparing",
          "experimentName": "azure-ai-ml",
          "services": {
            "Tracking": {
              "jobServiceType": "Tracking",
              "port": null,
              "endpoint": "azureml://eastus.api.azureml.ms/mlflow/v1.0/subscriptions/00000000-0000-0000-0000-000000000/resourceGroups/00000/providers/Microsoft.MachineLearningServices/workspaces/00000?",
              "status": null,
              "errorMessage": null,
              "properties": null,
              "nodes": null
            },
            "Studio": {
              "jobServiceType": "Studio",
              "port": null,
              "endpoint": "https://ml.azure.com/runs/000000000000000000000?wsid=/subscriptions/00000000-0000-0000-0000-000000000/resourcegroups/00000/workspaces/00000",
              "status": null,
              "errorMessage": null,
              "properties": null,
              "nodes": null
            }
          },
          "computeId": null,
          "isArchived": false,
          "identity": null,
          "componentId": null,
          "jobType": "Pipeline",
          "settings": {
            "default_compute": "/subscriptions/00000000-0000-0000-0000-000000000/resourceGroups/00000/providers/Microsoft.MachineLearningServices/workspaces/00000/computes/cpu-cluster",
            "default_datastore": "/subscriptions/00000000-0000-0000-0000-000000000/resourceGroups/00000/providers/Microsoft.MachineLearningServices/workspaces/00000/datastores/workspaceblobstore",
            "_source": "DSL"
          },
          "jobs": {
            "node": {
              "type": "AE365ExePoolComponent",
              "computeId": "/subscriptions/00000000-0000-0000-0000-000000000/resourceGroups/00000/providers/Microsoft.MachineLearningServices/workspaces/00000/computes/cpu-cluster",
              "inputs": {
                "HeronId": {
                  "job_input_type": "literal",
                  "value": "c6c849c5-4d52-412a-b4de-6cc5755bca73"
                },
                "taskFileTimestamp": {
                  "job_input_type": "literal",
                  "value": "2022.08.11.22.04.00"
                },
                "DataToLookAt": {
                  "uri": "/subscriptions/00000000-0000-0000-0000-000000000/resourceGroups/00000/providers/Microsoft.MachineLearningServices/workspaces/00000/data/mltable_reghits/versions/2",
                  "job_input_type": "mltable"
                }
              },
              "outputs": {
                "outputfolderEnc": {
                  "job_output_type": "uri_file",
                  "name": "Ae365expool_output",
                  "version": "1"
                }
              },
              "_source": "YAML.COMPONENT",
              "componentId": "/subscriptions/00000000-0000-0000-0000-000000000/resourceGroups/00000/providers/Microsoft.MachineLearningServices/workspaces/00000/components/azureml_anonymous/versions/8c5cb3a5-72c6-40fe-a333-5e11f220470f"
            }
          },
          "inputs": {},
          "outputs": {},
          "sourceJobId": null
        },
        "systemData": {
          "createdAt": "2023-02-14T10:10:13.1733461\u002B00:00",
          "createdBy": "Doris Liao",
          "createdByType": "User"
        }
      }
    },
    {
      "RequestUri": "https://management.azure.com/subscriptions/00000000-0000-0000-0000-000000000/resourceGroups/00000/providers/Microsoft.MachineLearningServices/workspaces/00000/jobs/000000000000000000000/cancel?api-version=2022-12-01-preview",
      "RequestMethod": "POST",
      "RequestHeaders": {
        "Accept": "application/json",
        "Accept-Encoding": "gzip, deflate",
        "Connection": "keep-alive",
        "Content-Length": "0",
        "User-Agent": "azure-ai-ml/1.5.0 azsdk-python-mgmt-machinelearningservices/0.1.0 Python/3.7.13 (Windows-10-10.0.22621-SP0)"
      },
      "RequestBody": null,
      "StatusCode": 202,
      "ResponseHeaders": {
        "Cache-Control": "no-cache",
        "Content-Length": "4",
        "Content-Type": "application/json; charset=utf-8",
        "Date": "Tue, 14 Feb 2023 10:10:17 GMT",
        "Expires": "-1",
        "Location": "https://management.azure.com/subscriptions/00000000-0000-0000-0000-000000000/providers/Microsoft.MachineLearningServices/locations/eastus/mfeOperationResults/jc:5e9d5b64-b65b-4c60-b07e-0cdea249d7d7:000000000000000000000?api-version=2022-12-01-preview",
        "Pragma": "no-cache",
        "Request-Context": "appId=cid-v1:2d2e8e63-272e-4b3c-8598-4ee570a0e70d",
        "Strict-Transport-Security": "max-age=31536000; includeSubDomains",
        "x-aml-cluster": "vienna-eastus-01",
        "X-Content-Type-Options": "nosniff",
        "x-ms-async-operation-timeout": "PT1H",
        "x-ms-correlation-request-id": "9e29dbbc-6212-44db-ab76-4b32373db42e",
        "x-ms-ratelimit-remaining-subscription-writes": "1183",
        "x-ms-response-type": "standard",
        "x-ms-routing-request-id": "JAPANEAST:20230214T101017Z:9e29dbbc-6212-44db-ab76-4b32373db42e",
        "x-request-time": "0.582"
      },
      "ResponseBody": "null"
    },
    {
      "RequestUri": "https://management.azure.com/subscriptions/00000000-0000-0000-0000-000000000/providers/Microsoft.MachineLearningServices/locations/eastus/mfeOperationResults/jc:5e9d5b64-b65b-4c60-b07e-0cdea249d7d7:000000000000000000000?api-version=2022-12-01-preview",
      "RequestMethod": "GET",
      "RequestHeaders": {
        "Accept": "*/*",
        "Accept-Encoding": "gzip, deflate",
        "Connection": "keep-alive",
        "User-Agent": "azure-ai-ml/1.5.0 azsdk-python-mgmt-machinelearningservices/0.1.0 Python/3.7.13 (Windows-10-10.0.22621-SP0)"
      },
      "RequestBody": null,
      "StatusCode": 202,
      "ResponseHeaders": {
        "Cache-Control": "no-cache",
        "Content-Length": "2",
        "Content-Type": "application/json; charset=utf-8",
        "Date": "Tue, 14 Feb 2023 10:10:17 GMT",
        "Expires": "-1",
        "Location": "https://management.azure.com/subscriptions/00000000-0000-0000-0000-000000000/providers/Microsoft.MachineLearningServices/locations/eastus/mfeOperationResults/jc:5e9d5b64-b65b-4c60-b07e-0cdea249d7d7:000000000000000000000?api-version=2022-12-01-preview",
        "Pragma": "no-cache",
        "Request-Context": "appId=cid-v1:2d2e8e63-272e-4b3c-8598-4ee570a0e70d",
        "Strict-Transport-Security": "max-age=31536000; includeSubDomains",
        "x-aml-cluster": "vienna-eastus-02",
        "X-Content-Type-Options": "nosniff",
        "x-ms-correlation-request-id": "9a0c723e-d1a4-407d-b923-72cde12e4271",
        "x-ms-ratelimit-remaining-subscription-reads": "11945",
        "x-ms-response-type": "standard",
        "x-ms-routing-request-id": "JAPANEAST:20230214T101017Z:9a0c723e-d1a4-407d-b923-72cde12e4271",
        "x-request-time": "0.026"
      },
      "ResponseBody": {}
    },
    {
      "RequestUri": "https://management.azure.com/subscriptions/00000000-0000-0000-0000-000000000/providers/Microsoft.MachineLearningServices/locations/eastus/mfeOperationResults/jc:5e9d5b64-b65b-4c60-b07e-0cdea249d7d7:000000000000000000000?api-version=2022-12-01-preview",
      "RequestMethod": "GET",
      "RequestHeaders": {
        "Accept": "*/*",
        "Accept-Encoding": "gzip, deflate",
        "Connection": "keep-alive",
        "User-Agent": "azure-ai-ml/1.5.0 azsdk-python-mgmt-machinelearningservices/0.1.0 Python/3.7.13 (Windows-10-10.0.22621-SP0)"
      },
      "RequestBody": null,
      "StatusCode": 200,
      "ResponseHeaders": {
        "Cache-Control": "no-cache",
        "Content-Length": "0",
        "Date": "Tue, 14 Feb 2023 10:10:48 GMT",
        "Expires": "-1",
        "Pragma": "no-cache",
        "Request-Context": "appId=cid-v1:2d2e8e63-272e-4b3c-8598-4ee570a0e70d",
        "Server-Timing": "traceparent;desc=\u002200-d308c1bc628b359654bc55f15df068ab-bbca04e554b01adf-01\u0022",
        "Strict-Transport-Security": "max-age=31536000; includeSubDomains",
        "x-aml-cluster": "vienna-eastus-02",
        "X-Content-Type-Options": "nosniff",
        "x-ms-correlation-request-id": "f25cf1a0-8bf2-4a88-983b-b5752498a9dd",
        "x-ms-ratelimit-remaining-subscription-reads": "11944",
        "x-ms-response-type": "standard",
        "x-ms-routing-request-id": "JAPANEAST:20230214T101048Z:f25cf1a0-8bf2-4a88-983b-b5752498a9dd",
        "x-request-time": "0.079"
      },
      "ResponseBody": null
    }
  ],
  "Variables": {}
}
