{
  "Entries": [
    {
      "RequestUri": "https://management.azure.com/subscriptions/00000000-0000-0000-0000-000000000/resourceGroups/00000/providers/Microsoft.MachineLearningServices/workspaces/00000/codes/75c43313-4777-b2e9-fe3a-3b98cabfaa77/versions?api-version=2023-04-01\u0026hash=9ee9e1caf50fabb6f056b3517ade02335ba2fdec67e5a855829a2b074fb92b93\u0026hashVersion=202208",
      "RequestMethod": "GET",
      "RequestHeaders": {
        "Accept": "application/json",
        "Accept-Encoding": "gzip, deflate",
        "Connection": "keep-alive",
        "User-Agent": "azure-ai-ml/1.8.0 azsdk-python-mgmt-machinelearningservices/0.1.0 Python/3.8.12 (Windows-10-10.0.22621-SP0)"
      },
      "RequestBody": null,
      "StatusCode": 200,
      "ResponseHeaders": {
        "Cache-Control": "no-cache",
        "Content-Encoding": "gzip",
        "Content-Type": "application/json; charset=utf-8",
        "Date": "Wed, 24 May 2023 03:28:25 GMT",
        "Expires": "-1",
        "Pragma": "no-cache",
        "Request-Context": "appId=cid-v1:2d2e8e63-272e-4b3c-8598-4ee570a0e70d",
        "Server-Timing": "traceparent;desc=\u002200-7c5332184f7cb09ebba404cd598b9978-800e73fe9c287562-00\u0022",
        "Strict-Transport-Security": "max-age=31536000; includeSubDomains",
        "Transfer-Encoding": "chunked",
        "Vary": [
          "Accept-Encoding",
          "Accept-Encoding"
        ],
        "x-aml-cluster": "vienna-eastus2-02",
        "X-Content-Type-Options": "nosniff",
        "x-ms-correlation-request-id": "a7788b5e-4633-4db6-bdad-610133340beb",
        "x-ms-ratelimit-remaining-subscription-reads": "11998",
        "x-ms-response-type": "standard",
        "x-ms-routing-request-id": "JAPANEAST:20230524T032826Z:a7788b5e-4633-4db6-bdad-610133340beb",
        "x-request-time": "0.144"
      },
      "ResponseBody": {
        "value": [
          {
            "id": "/subscriptions/00000000-0000-0000-0000-000000000/resourceGroups/00000/providers/Microsoft.MachineLearningServices/workspaces/00000/codes/75c43313-4777-b2e9-fe3a-3b98cabfaa77/versions/1",
            "name": "1",
            "type": "Microsoft.MachineLearningServices/workspaces/codes/versions",
            "properties": {
              "description": null,
              "tags": {},
              "properties": {
                "hash_sha256": "9ee9e1caf50fabb6f056b3517ade02335ba2fdec67e5a855829a2b074fb92b93",
                "hash_version": "202208"
              },
              "isArchived": false,
              "isAnonymous": false,
              "codeUri": "https://amltest5899420437.blob.core.windows.net:443/0bdd51b6-c-df3ab107-c64c-5815-83d3-46ff2337f50f/command-component-reuse",
              "provisioningState": "Succeeded"
            },
            "systemData": {
              "createdAt": "2023-05-22T06:46:05.4429428\u002B00:00",
              "createdBy": "Chenyang Zhang",
              "createdByType": "User",
              "lastModifiedAt": "2023-05-22T06:46:05.4429428\u002B00:00",
              "lastModifiedBy": "Chenyang Zhang",
              "lastModifiedByType": "User"
            }
          }
        ]
      }
    },
    {
      "RequestUri": "https://management.azure.com/subscriptions/00000000-0000-0000-0000-000000000/resourceGroups/00000/providers/Microsoft.MachineLearningServices/workspaces/00000/codes/75c43313-4777-b2e9-fe3a-3b98cabfaa77/versions/1?api-version=2023-04-01",
      "RequestMethod": "GET",
      "RequestHeaders": {
        "Accept": "application/json",
        "Accept-Encoding": "gzip, deflate",
        "Connection": "keep-alive",
        "User-Agent": "azure-ai-ml/1.8.0 azsdk-python-mgmt-machinelearningservices/0.1.0 Python/3.8.12 (Windows-10-10.0.22621-SP0)"
      },
      "RequestBody": null,
      "StatusCode": 200,
      "ResponseHeaders": {
        "Cache-Control": "no-cache",
        "Content-Encoding": "gzip",
        "Content-Type": "application/json; charset=utf-8",
        "Date": "Wed, 24 May 2023 03:28:25 GMT",
        "Expires": "-1",
        "Pragma": "no-cache",
        "Request-Context": "appId=cid-v1:2d2e8e63-272e-4b3c-8598-4ee570a0e70d",
        "Server-Timing": "traceparent;desc=\u002200-d279cda54d3c9ac731b2e1fd1eb6caac-8d5ca1e4d610a414-00\u0022",
        "Strict-Transport-Security": "max-age=31536000; includeSubDomains",
        "Transfer-Encoding": "chunked",
        "Vary": [
          "Accept-Encoding",
          "Accept-Encoding"
        ],
        "x-aml-cluster": "vienna-eastus2-02",
        "X-Content-Type-Options": "nosniff",
        "x-ms-correlation-request-id": "7465afc6-5ae5-4932-a561-57131e330228",
        "x-ms-ratelimit-remaining-subscription-reads": "11997",
        "x-ms-response-type": "standard",
        "x-ms-routing-request-id": "JAPANEAST:20230524T032826Z:7465afc6-5ae5-4932-a561-57131e330228",
        "x-request-time": "0.050"
      },
      "ResponseBody": {
        "id": "/subscriptions/00000000-0000-0000-0000-000000000/resourceGroups/00000/providers/Microsoft.MachineLearningServices/workspaces/00000/codes/75c43313-4777-b2e9-fe3a-3b98cabfaa77/versions/1",
        "name": "1",
        "type": "Microsoft.MachineLearningServices/workspaces/codes/versions",
        "properties": {
          "description": null,
          "tags": {},
          "properties": {
            "hash_sha256": "0000000000000",
            "hash_version": "0000000000000"
          },
          "isArchived": false,
          "isAnonymous": false,
          "codeUri": "https://amltest5899420437.blob.core.windows.net:443/0bdd51b6-c-df3ab107-c64c-5815-83d3-46ff2337f50f/command-component-reuse",
          "provisioningState": "Succeeded"
        },
        "systemData": {
          "createdAt": "2023-05-22T06:46:05.4429428\u002B00:00",
          "createdBy": "Chenyang Zhang",
          "createdByType": "User",
          "lastModifiedAt": "2023-05-22T06:46:05.4429428\u002B00:00",
          "lastModifiedBy": "Chenyang Zhang",
          "lastModifiedByType": "User"
        }
      }
    },
    {
      "RequestUri": "https://management.azure.com/subscriptions/00000000-0000-0000-0000-000000000/resourceGroups/00000/providers/Microsoft.MachineLearningServices/workspaces/00000/components/test_250594496039/versions/0.0.1?api-version=2022-10-01",
      "RequestMethod": "PUT",
      "RequestHeaders": {
        "Accept": "application/json",
        "Accept-Encoding": "gzip, deflate",
        "Connection": "keep-alive",
        "Content-Length": "1164",
        "Content-Type": "application/json",
        "User-Agent": "azure-ai-ml/1.8.0 azsdk-python-mgmt-machinelearningservices/0.1.0 Python/3.8.12 (Windows-10-10.0.22621-SP0)"
      },
      "RequestBody": {
        "properties": {
          "properties": {},
          "tags": {},
          "isAnonymous": false,
          "isArchived": false,
          "componentSpec": {
            "name": "test_250594496039",
            "version": "0.0.1",
            "$schema": "https://componentsdk.azureedge.net/jsonschema/CommandComponent.json",
            "display_name": "Powershell Copy Command",
            "is_deterministic": true,
            "inputs": {
              "input_dir": {
                "type": "path",
                "optional": false
              },
              "file_names": {
                "type": "string",
                "optional": false
              }
            },
            "outputs": {
              "output_dir": {
                "type": "path"
              }
            },
            "type": "CommandComponent",
            "code": "azureml:/subscriptions/00000000-0000-0000-0000-000000000/resourceGroups/00000/providers/Microsoft.MachineLearningServices/workspaces/00000/codes/75c43313-4777-b2e9-fe3a-3b98cabfaa77/versions/1",
            "environment": {
              "docker": {
                "image": "viennaprivate.azurecr.io/base-windowsservercore-3.5dotnet-ltsc2019:latest"
              },
              "conda": {
                "conda_dependencies": {
                  "name": "project_environment",
                  "channels": [
                    "defaults"
                  ],
                  "dependencies": [
                    "python=3.7.9",
                    {
                      "pip": [
                        "azureml-defaults==1.19"
                      ]
                    }
                  ]
                }
              },
              "os": "Windows"
            },
            "command": "powershell -File copyfiles.ps1 -inputdir {inputs.input_dir} -outputdir {outputs.output_dir} -copyfilelist {inputs.file_names}",
            "_source": "YAML.COMPONENT"
          }
        }
      },
      "StatusCode": 201,
      "ResponseHeaders": {
        "Cache-Control": "no-cache",
        "Content-Length": "2318",
        "Content-Type": "application/json; charset=utf-8",
        "Date": "Wed, 24 May 2023 03:28:28 GMT",
        "Expires": "-1",
        "Location": "https://management.azure.com/subscriptions/00000000-0000-0000-0000-000000000/resourceGroups/00000/providers/Microsoft.MachineLearningServices/workspaces/00000/components/test_250594496039/versions/0.0.1?api-version=2022-10-01",
        "Pragma": "no-cache",
        "Request-Context": "appId=cid-v1:2d2e8e63-272e-4b3c-8598-4ee570a0e70d",
        "Server-Timing": "traceparent;desc=\u002200-f2bb72095fc66b239a277269ca79a43c-7d260b5052cd7903-01\u0022",
        "Strict-Transport-Security": "max-age=31536000; includeSubDomains",
        "x-aml-cluster": "vienna-eastus2-02",
        "X-Content-Type-Options": "nosniff",
        "x-ms-correlation-request-id": "4f5f7412-d2fb-4081-ace3-b0162b704671",
        "x-ms-ratelimit-remaining-subscription-writes": "1199",
        "x-ms-response-type": "standard",
        "x-ms-routing-request-id": "JAPANEAST:20230524T032829Z:4f5f7412-d2fb-4081-ace3-b0162b704671",
        "x-request-time": "0.422"
      },
      "ResponseBody": {
        "id": "/subscriptions/00000000-0000-0000-0000-000000000/resourceGroups/00000/providers/Microsoft.MachineLearningServices/workspaces/00000/components/test_250594496039/versions/0.0.1",
        "name": "0.0.1",
        "type": "Microsoft.MachineLearningServices/workspaces/components/versions",
        "properties": {
          "description": null,
          "tags": {},
          "properties": {},
          "isArchived": false,
          "isAnonymous": false,
          "componentSpec": {
            "$schema": "https://componentsdk.azureedge.net/jsonschema/CommandComponent.json",
            "name": "test_250594496039",
            "version": "0.0.1",
            "display_name": "Powershell Copy Command",
            "is_deterministic": "True",
            "type": "CommandComponent",
            "inputs": {
              "input_dir": {
                "type": "path",
                "optional": "False",
                "datastore_mode": "Download"
              },
              "file_names": {
                "type": "String",
                "optional": "False"
              }
            },
            "outputs": {
              "output_dir": {
                "type": "path",
                "datastore_mode": "Upload"
              }
            },
            "environment": {
              "conda": {
                "conda_dependencies": {
                  "name": "project_environment",
                  "channels": [
                    "defaults"
                  ],
                  "dependencies": [
                    "python=3.7.9",
                    {
                      "pip": [
                        "azureml-defaults==1.19"
                      ]
                    }
                  ]
                }
              },
              "docker": {
                "image": "viennaprivate.azurecr.io/base-windowsservercore-3.5dotnet-ltsc2019:latest"
              },
              "os": "Windows"
            },
            "successful_return_code": "Zero",
            "command": "powershell -File copyfiles.ps1 -inputdir {inputs.input_dir} -outputdir {outputs.output_dir} -copyfilelist {inputs.file_names}",
            "code": "azureml:/subscriptions/00000000-0000-0000-0000-000000000/resourceGroups/00000/providers/Microsoft.MachineLearningServices/workspaces/00000/codes/75c43313-4777-b2e9-fe3a-3b98cabfaa77/versions/1"
          }
        },
        "systemData": {
          "createdAt": "2023-05-24T03:28:28.8820322\u002B00:00",
          "createdBy": "Chenyang Zhang",
          "createdByType": "User",
          "lastModifiedAt": "2023-05-24T03:28:28.9440005\u002B00:00",
          "lastModifiedBy": "Chenyang Zhang",
          "lastModifiedByType": "User"
        }
      }
    },
    {
      "RequestUri": "https://management.azure.com/subscriptions/00000000-0000-0000-0000-000000000/resourceGroups/00000/providers/Microsoft.MachineLearningServices/workspaces/00000/codes/75c43313-4777-b2e9-fe3a-3b98cabfaa77/versions?api-version=2023-04-01\u0026hash=9ee9e1caf50fabb6f056b3517ade02335ba2fdec67e5a855829a2b074fb92b93\u0026hashVersion=202208",
      "RequestMethod": "GET",
      "RequestHeaders": {
        "Accept": "application/json",
        "Accept-Encoding": "gzip, deflate",
        "Connection": "keep-alive",
        "User-Agent": "azure-ai-ml/1.8.0 azsdk-python-mgmt-machinelearningservices/0.1.0 Python/3.8.12 (Windows-10-10.0.22621-SP0)"
      },
      "RequestBody": null,
      "StatusCode": 200,
      "ResponseHeaders": {
        "Cache-Control": "no-cache",
        "Content-Encoding": "gzip",
        "Content-Type": "application/json; charset=utf-8",
        "Date": "Wed, 24 May 2023 03:28:28 GMT",
        "Expires": "-1",
        "Pragma": "no-cache",
        "Request-Context": "appId=cid-v1:2d2e8e63-272e-4b3c-8598-4ee570a0e70d",
        "Server-Timing": "traceparent;desc=\u002200-18ecf9337cd2b0ce5bcbbdb9c1e79100-46896217ce810484-00\u0022",
        "Strict-Transport-Security": "max-age=31536000; includeSubDomains",
        "Transfer-Encoding": "chunked",
        "Vary": [
          "Accept-Encoding",
          "Accept-Encoding"
        ],
        "x-aml-cluster": "vienna-eastus2-02",
        "X-Content-Type-Options": "nosniff",
        "x-ms-correlation-request-id": "8e751831-3ca1-4062-a6fb-041502a82059",
        "x-ms-ratelimit-remaining-subscription-reads": "11996",
        "x-ms-response-type": "standard",
        "x-ms-routing-request-id": "JAPANEAST:20230524T032829Z:8e751831-3ca1-4062-a6fb-041502a82059",
        "x-request-time": "0.036"
      },
      "ResponseBody": {
        "value": [
          {
            "id": "/subscriptions/00000000-0000-0000-0000-000000000/resourceGroups/00000/providers/Microsoft.MachineLearningServices/workspaces/00000/codes/75c43313-4777-b2e9-fe3a-3b98cabfaa77/versions/1",
            "name": "1",
            "type": "Microsoft.MachineLearningServices/workspaces/codes/versions",
            "properties": {
              "description": null,
              "tags": {},
              "properties": {
                "hash_sha256": "9ee9e1caf50fabb6f056b3517ade02335ba2fdec67e5a855829a2b074fb92b93",
                "hash_version": "202208"
              },
              "isArchived": false,
              "isAnonymous": false,
              "codeUri": "https://amltest5899420437.blob.core.windows.net:443/0bdd51b6-c-df3ab107-c64c-5815-83d3-46ff2337f50f/command-component-reuse",
              "provisioningState": "Succeeded"
            },
            "systemData": {
              "createdAt": "2023-05-22T06:46:05.4429428\u002B00:00",
              "createdBy": "Chenyang Zhang",
              "createdByType": "User",
              "lastModifiedAt": "2023-05-22T06:46:05.4429428\u002B00:00",
              "lastModifiedBy": "Chenyang Zhang",
              "lastModifiedByType": "User"
            }
          }
        ]
      }
    },
    {
      "RequestUri": "https://management.azure.com/subscriptions/00000000-0000-0000-0000-000000000/resourceGroups/00000/providers/Microsoft.MachineLearningServices/workspaces/00000/codes/75c43313-4777-b2e9-fe3a-3b98cabfaa77/versions/1?api-version=2023-04-01",
      "RequestMethod": "GET",
      "RequestHeaders": {
        "Accept": "application/json",
        "Accept-Encoding": "gzip, deflate",
        "Connection": "keep-alive",
        "User-Agent": "azure-ai-ml/1.8.0 azsdk-python-mgmt-machinelearningservices/0.1.0 Python/3.8.12 (Windows-10-10.0.22621-SP0)"
      },
      "RequestBody": null,
      "StatusCode": 200,
      "ResponseHeaders": {
        "Cache-Control": "no-cache",
        "Content-Encoding": "gzip",
        "Content-Type": "application/json; charset=utf-8",
        "Date": "Wed, 24 May 2023 03:28:29 GMT",
        "Expires": "-1",
        "Pragma": "no-cache",
        "Request-Context": "appId=cid-v1:2d2e8e63-272e-4b3c-8598-4ee570a0e70d",
        "Server-Timing": "traceparent;desc=\u002200-18deb6654cac2fb05f90b6476b428411-d1153e4e27056c27-00\u0022",
        "Strict-Transport-Security": "max-age=31536000; includeSubDomains",
        "Transfer-Encoding": "chunked",
        "Vary": [
          "Accept-Encoding",
          "Accept-Encoding"
        ],
        "x-aml-cluster": "vienna-eastus2-02",
        "X-Content-Type-Options": "nosniff",
        "x-ms-correlation-request-id": "b5eca8ec-b0aa-4e94-b46f-aac68bb9503a",
        "x-ms-ratelimit-remaining-subscription-reads": "11995",
        "x-ms-response-type": "standard",
        "x-ms-routing-request-id": "JAPANEAST:20230524T032830Z:b5eca8ec-b0aa-4e94-b46f-aac68bb9503a",
        "x-request-time": "0.039"
      },
      "ResponseBody": {
        "id": "/subscriptions/00000000-0000-0000-0000-000000000/resourceGroups/00000/providers/Microsoft.MachineLearningServices/workspaces/00000/codes/75c43313-4777-b2e9-fe3a-3b98cabfaa77/versions/1",
        "name": "1",
        "type": "Microsoft.MachineLearningServices/workspaces/codes/versions",
        "properties": {
          "description": null,
          "tags": {},
          "properties": {
            "hash_sha256": "0000000000000",
            "hash_version": "0000000000000"
          },
          "isArchived": false,
          "isAnonymous": false,
          "codeUri": "https://amltest5899420437.blob.core.windows.net:443/0bdd51b6-c-df3ab107-c64c-5815-83d3-46ff2337f50f/command-component-reuse",
          "provisioningState": "Succeeded"
        },
        "systemData": {
          "createdAt": "2023-05-22T06:46:05.4429428\u002B00:00",
          "createdBy": "Chenyang Zhang",
          "createdByType": "User",
          "lastModifiedAt": "2023-05-22T06:46:05.4429428\u002B00:00",
          "lastModifiedBy": "Chenyang Zhang",
          "lastModifiedByType": "User"
        }
      }
    },
    {
      "RequestUri": "https://management.azure.com/subscriptions/00000000-0000-0000-0000-000000000/resourceGroups/00000/providers/Microsoft.MachineLearningServices/workspaces/00000/components/test_536549120139/versions/0.0.1?api-version=2022-10-01",
      "RequestMethod": "PUT",
      "RequestHeaders": {
        "Accept": "application/json",
        "Accept-Encoding": "gzip, deflate",
        "Connection": "keep-alive",
        "Content-Length": "1164",
        "Content-Type": "application/json",
        "User-Agent": "azure-ai-ml/1.8.0 azsdk-python-mgmt-machinelearningservices/0.1.0 Python/3.8.12 (Windows-10-10.0.22621-SP0)"
      },
      "RequestBody": {
        "properties": {
          "properties": {},
          "tags": {},
          "isAnonymous": false,
          "isArchived": false,
          "componentSpec": {
            "name": "test_536549120139",
            "version": "0.0.1",
            "$schema": "https://componentsdk.azureedge.net/jsonschema/CommandComponent.json",
            "display_name": "Powershell Copy Command",
            "is_deterministic": true,
            "inputs": {
              "input_dir": {
                "type": "path",
                "optional": false
              },
              "file_names": {
                "type": "string",
                "optional": false
              }
            },
            "outputs": {
              "output_dir": {
                "type": "path"
              }
            },
            "type": "CommandComponent",
            "code": "azureml:/subscriptions/00000000-0000-0000-0000-000000000/resourceGroups/00000/providers/Microsoft.MachineLearningServices/workspaces/00000/codes/75c43313-4777-b2e9-fe3a-3b98cabfaa77/versions/1",
            "environment": {
              "docker": {
                "image": "viennaprivate.azurecr.io/base-windowsservercore-3.5dotnet-ltsc2019:latest"
              },
              "conda": {
                "conda_dependencies": {
                  "name": "project_environment",
                  "channels": [
                    "defaults"
                  ],
                  "dependencies": [
                    "python=3.7.9",
                    {
                      "pip": [
                        "azureml-defaults==1.19"
                      ]
                    }
                  ]
                }
              },
              "os": "Windows"
            },
            "command": "powershell -File copyfiles.ps1 -inputdir {inputs.input_dir} -outputdir {outputs.output_dir} -copyfilelist {inputs.file_names}",
            "_source": "YAML.COMPONENT"
          }
        }
      },
      "StatusCode": 201,
      "ResponseHeaders": {
        "Cache-Control": "no-cache",
        "Content-Length": "2317",
        "Content-Type": "application/json; charset=utf-8",
        "Date": "Wed, 24 May 2023 03:28:29 GMT",
        "Expires": "-1",
        "Location": "https://management.azure.com/subscriptions/00000000-0000-0000-0000-000000000/resourceGroups/00000/providers/Microsoft.MachineLearningServices/workspaces/00000/components/test_536549120139/versions/0.0.1?api-version=2022-10-01",
        "Pragma": "no-cache",
        "Request-Context": "appId=cid-v1:2d2e8e63-272e-4b3c-8598-4ee570a0e70d",
        "Server-Timing": "traceparent;desc=\u002200-c1862488d58288a90c89a8abc0acccb4-7738291d5777ab1c-01\u0022",
        "Strict-Transport-Security": "max-age=31536000; includeSubDomains",
        "x-aml-cluster": "vienna-eastus2-02",
        "X-Content-Type-Options": "nosniff",
        "x-ms-correlation-request-id": "c5ced074-1575-40d5-b138-55c8494163ea",
        "x-ms-ratelimit-remaining-subscription-writes": "1198",
        "x-ms-response-type": "standard",
        "x-ms-routing-request-id": "JAPANEAST:20230524T032830Z:c5ced074-1575-40d5-b138-55c8494163ea",
        "x-request-time": "0.316"
      },
      "ResponseBody": {
        "id": "/subscriptions/00000000-0000-0000-0000-000000000/resourceGroups/00000/providers/Microsoft.MachineLearningServices/workspaces/00000/components/test_536549120139/versions/0.0.1",
        "name": "0.0.1",
        "type": "Microsoft.MachineLearningServices/workspaces/components/versions",
        "properties": {
          "description": null,
          "tags": {},
          "properties": {},
          "isArchived": false,
          "isAnonymous": false,
          "componentSpec": {
            "$schema": "https://componentsdk.azureedge.net/jsonschema/CommandComponent.json",
            "name": "test_536549120139",
            "version": "0.0.1",
            "display_name": "Powershell Copy Command",
            "is_deterministic": "True",
            "type": "CommandComponent",
            "inputs": {
              "input_dir": {
                "type": "path",
                "optional": "False",
                "datastore_mode": "Download"
              },
              "file_names": {
                "type": "String",
                "optional": "False"
              }
            },
            "outputs": {
              "output_dir": {
                "type": "path",
                "datastore_mode": "Upload"
              }
            },
            "environment": {
              "conda": {
                "conda_dependencies": {
                  "name": "project_environment",
                  "channels": [
                    "defaults"
                  ],
                  "dependencies": [
                    "python=3.7.9",
                    {
                      "pip": [
                        "azureml-defaults==1.19"
                      ]
                    }
                  ]
                }
              },
              "docker": {
                "image": "viennaprivate.azurecr.io/base-windowsservercore-3.5dotnet-ltsc2019:latest"
              },
              "os": "Windows"
            },
            "successful_return_code": "Zero",
            "command": "powershell -File copyfiles.ps1 -inputdir {inputs.input_dir} -outputdir {outputs.output_dir} -copyfilelist {inputs.file_names}",
            "code": "azureml:/subscriptions/00000000-0000-0000-0000-000000000/resourceGroups/00000/providers/Microsoft.MachineLearningServices/workspaces/00000/codes/75c43313-4777-b2e9-fe3a-3b98cabfaa77/versions/1"
          }
        },
        "systemData": {
          "createdAt": "2023-05-24T03:28:30.621384\u002B00:00",
          "createdBy": "Chenyang Zhang",
          "createdByType": "User",
          "lastModifiedAt": "2023-05-24T03:28:30.6883887\u002B00:00",
          "lastModifiedBy": "Chenyang Zhang",
          "lastModifiedByType": "User"
        }
      }
    }
  ],
  "Variables": {
    "component_name": "test_250594496039",
    "component_name2": "test_536549120139"
  }
}
