{
  "Entries": [
    {
      "RequestUri": "https://management.azure.com/subscriptions/00000000-0000-0000-0000-000000000/resourceGroups/00000/providers/Microsoft.MachineLearningServices/workspaces/00000/datastores/workspaceblobstore?api-version=2022-05-01",
      "RequestMethod": "GET",
      "RequestHeaders": {
        "Accept": "application/json",
        "Accept-Encoding": "gzip, deflate",
        "Connection": "keep-alive",
        "User-Agent": "azure-ai-ml/1.3.0 azsdk-python-mgmt-machinelearningservices/0.1.0 Python/3.9.13 (Windows-10-10.0.19045-SP0)"
      },
      "RequestBody": null,
      "StatusCode": 200,
      "ResponseHeaders": {
        "Cache-Control": "no-cache",
        "Content-Encoding": "gzip",
        "Content-Type": "application/json; charset=utf-8",
        "Date": "Mon, 26 Dec 2022 04:41:07 GMT",
        "Expires": "-1",
        "Pragma": "no-cache",
        "Request-Context": "appId=cid-v1:512cc15a-13b5-415b-bfd0-dce7accb6bb1",
        "Server-Timing": "traceparent;desc=\u002200-d3b3e3c54c5dcb00679cbc6c5ef2648b-62d23fd38bfae16e-01\u0022",
        "Strict-Transport-Security": "max-age=31536000; includeSubDomains",
        "Transfer-Encoding": "chunked",
        "Vary": [
          "Accept-Encoding",
          "Accept-Encoding"
        ],
        "x-aml-cluster": "vienna-test-westus2-02",
        "X-Content-Type-Options": "nosniff",
        "x-ms-correlation-request-id": "0b6ea48c-14f2-4944-86eb-8dc474ff8220",
        "x-ms-ratelimit-remaining-subscription-reads": "11731",
        "x-ms-response-type": "standard",
        "x-ms-routing-request-id": "JAPANEAST:20221226T044107Z:0b6ea48c-14f2-4944-86eb-8dc474ff8220",
        "x-request-time": "0.138"
      },
      "ResponseBody": {
        "id": "/subscriptions/00000000-0000-0000-0000-000000000/resourceGroups/00000/providers/Microsoft.MachineLearningServices/workspaces/00000/datastores/workspaceblobstore",
        "name": "workspaceblobstore",
        "type": "Microsoft.MachineLearningServices/workspaces/datastores",
        "properties": {
          "description": null,
          "tags": null,
          "properties": null,
          "isDefault": true,
          "credentials": {
            "credentialsType": "AccountKey"
          },
          "datastoreType": "AzureBlob",
          "accountName": "sagvgsoim6nmhbq",
          "containerName": "azureml-blobstore-e61cd5e2-512f-475e-9842-5e2a973993b8",
          "endpoint": "core.windows.net",
          "protocol": "https",
          "serviceDataAccessAuthIdentity": "WorkspaceSystemAssignedIdentity"
        },
        "systemData": {
          "createdAt": "2022-09-22T09:02:03.2629568\u002B00:00",
          "createdBy": "779301c0-18b2-4cdc-801b-a0a3368fee0a",
          "createdByType": "Application",
          "lastModifiedAt": "2022-09-22T09:02:04.166989\u002B00:00",
          "lastModifiedBy": "779301c0-18b2-4cdc-801b-a0a3368fee0a",
          "lastModifiedByType": "Application"
        }
      }
    },
    {
      "RequestUri": "https://management.azure.com/subscriptions/00000000-0000-0000-0000-000000000/resourceGroups/00000/providers/Microsoft.MachineLearningServices/workspaces/00000/datastores/workspaceblobstore/listSecrets?api-version=2022-05-01",
      "RequestMethod": "POST",
      "RequestHeaders": {
        "Accept": "application/json",
        "Accept-Encoding": "gzip, deflate",
        "Connection": "keep-alive",
        "Content-Length": "0",
        "User-Agent": "azure-ai-ml/1.3.0 azsdk-python-mgmt-machinelearningservices/0.1.0 Python/3.9.13 (Windows-10-10.0.19045-SP0)"
      },
      "RequestBody": null,
      "StatusCode": 200,
      "ResponseHeaders": {
        "Cache-Control": "no-cache",
        "Content-Encoding": "gzip",
        "Content-Type": "application/json; charset=utf-8",
        "Date": "Mon, 26 Dec 2022 04:41:08 GMT",
        "Expires": "-1",
        "Pragma": "no-cache",
        "Request-Context": "appId=cid-v1:512cc15a-13b5-415b-bfd0-dce7accb6bb1",
        "Server-Timing": "traceparent;desc=\u002200-affe11e2058b4c0f82821344ea4af985-a4878071176ac302-00\u0022",
        "Strict-Transport-Security": "max-age=31536000; includeSubDomains",
        "Transfer-Encoding": "chunked",
        "Vary": "Accept-Encoding",
        "x-aml-cluster": "vienna-test-westus2-02",
        "X-Content-Type-Options": "nosniff",
        "x-ms-correlation-request-id": "6722ff0d-6a3a-40f4-959c-b471137c4bc4",
        "x-ms-ratelimit-remaining-subscription-writes": "1057",
        "x-ms-response-type": "standard",
        "x-ms-routing-request-id": "JAPANEAST:20221226T044108Z:6722ff0d-6a3a-40f4-959c-b471137c4bc4",
        "x-request-time": "0.405"
      },
      "ResponseBody": {
        "secretsType": "AccountKey",
        "key": "dGhpcyBpcyBmYWtlIGtleQ=="
      }
    },
    {
      "RequestUri": "https://sagvgsoim6nmhbq.blob.core.windows.net/azureml-blobstore-e61cd5e2-512f-475e-9842-5e2a973993b8/LocalUpload/000000000000000000000000000000000000/scope-component/component_spec.yaml",
      "RequestMethod": "HEAD",
      "RequestHeaders": {
        "Accept": "application/xml",
        "Accept-Encoding": "gzip, deflate",
        "Connection": "keep-alive",
        "User-Agent": "azsdk-python-storage-blob/12.14.1 Python/3.9.13 (Windows-10-10.0.19045-SP0)",
        "x-ms-date": "Mon, 26 Dec 2022 04:41:08 GMT",
        "x-ms-version": "2021-08-06"
      },
      "RequestBody": null,
      "StatusCode": 200,
      "ResponseHeaders": {
        "Accept-Ranges": "bytes",
        "Content-Length": "916",
        "Content-MD5": "eNzR/ZuYtOLAY/P/4qlaqQ==",
        "Content-Type": "application/octet-stream",
        "Date": "Mon, 26 Dec 2022 04:41:09 GMT",
        "ETag": "\u00220x8DAE67A40EE2A20\u0022",
        "Last-Modified": "Sun, 25 Dec 2022 13:16:37 GMT",
        "Server": [
          "Windows-Azure-Blob/1.0",
          "Microsoft-HTTPAPI/2.0"
        ],
        "Vary": "Origin",
        "x-ms-access-tier": "Hot",
        "x-ms-access-tier-inferred": "true",
        "x-ms-blob-type": "BlockBlob",
        "x-ms-creation-time": "Sun, 25 Dec 2022 13:16:37 GMT",
        "x-ms-lease-state": "available",
        "x-ms-lease-status": "unlocked",
        "x-ms-meta-name": "a37789b0-9e7b-8b56-5c42-a13b3d2ca1a3",
        "x-ms-meta-upload_status": "completed",
        "x-ms-meta-version": "1",
        "x-ms-server-encrypted": "true",
        "x-ms-version": "2021-08-06"
      },
      "ResponseBody": null
    },
    {
      "RequestUri": "https://sagvgsoim6nmhbq.blob.core.windows.net/azureml-blobstore-e61cd5e2-512f-475e-9842-5e2a973993b8/az-ml-artifacts/000000000000000000000000000000000000/scope-component/component_spec.yaml",
      "RequestMethod": "HEAD",
      "RequestHeaders": {
        "Accept": "application/xml",
        "Accept-Encoding": "gzip, deflate",
        "Connection": "keep-alive",
        "User-Agent": "azsdk-python-storage-blob/12.14.1 Python/3.9.13 (Windows-10-10.0.19045-SP0)",
        "x-ms-date": "Mon, 26 Dec 2022 04:41:10 GMT",
        "x-ms-version": "2021-08-06"
      },
      "RequestBody": null,
      "StatusCode": 404,
      "ResponseHeaders": {
        "Date": "Mon, 26 Dec 2022 04:41:09 GMT",
        "Server": [
          "Windows-Azure-Blob/1.0",
          "Microsoft-HTTPAPI/2.0"
        ],
        "Transfer-Encoding": "chunked",
        "Vary": "Origin",
        "x-ms-error-code": "BlobNotFound",
        "x-ms-version": "2021-08-06"
      },
      "ResponseBody": null
    },
    {
      "RequestUri": "https://management.azure.com/subscriptions/00000000-0000-0000-0000-000000000/resourceGroups/00000/providers/Microsoft.MachineLearningServices/workspaces/00000/codes/a37789b0-9e7b-8b56-5c42-a13b3d2ca1a3/versions/1?api-version=2022-05-01",
      "RequestMethod": "PUT",
      "RequestHeaders": {
        "Accept": "application/json",
        "Accept-Encoding": "gzip, deflate",
        "Connection": "keep-alive",
        "Content-Length": "308",
        "Content-Type": "application/json",
        "User-Agent": "azure-ai-ml/1.3.0 azsdk-python-mgmt-machinelearningservices/0.1.0 Python/3.9.13 (Windows-10-10.0.19045-SP0)"
      },
      "RequestBody": {
        "properties": {
          "properties": {
            "hash_sha256": "0000000000000",
            "hash_version": "0000000000000"
          },
          "isAnonymous": true,
          "isArchived": false,
          "codeUri": "https://sagvgsoim6nmhbq.blob.core.windows.net/azureml-blobstore-e61cd5e2-512f-475e-9842-5e2a973993b8/LocalUpload/000000000000000000000000000000000000/scope-component"
        }
      },
      "StatusCode": 200,
      "ResponseHeaders": {
        "Cache-Control": "no-cache",
        "Content-Encoding": "gzip",
        "Content-Type": "application/json; charset=utf-8",
        "Date": "Mon, 26 Dec 2022 04:41:11 GMT",
        "Expires": "-1",
        "Pragma": "no-cache",
        "Request-Context": "appId=cid-v1:512cc15a-13b5-415b-bfd0-dce7accb6bb1",
        "Server-Timing": "traceparent;desc=\u002200-a5d7ad6df4238f6886f595ea2f192c7e-2a2efdb5bf8048c5-00\u0022",
        "Strict-Transport-Security": "max-age=31536000; includeSubDomains",
        "Transfer-Encoding": "chunked",
        "Vary": [
          "Accept-Encoding",
          "Accept-Encoding"
        ],
        "x-aml-cluster": "vienna-test-westus2-02",
        "X-Content-Type-Options": "nosniff",
        "x-ms-correlation-request-id": "a3920b37-1545-41e9-bbe8-98418af9791a",
        "x-ms-ratelimit-remaining-subscription-writes": "993",
        "x-ms-response-type": "standard",
        "x-ms-routing-request-id": "JAPANEAST:20221226T044111Z:a3920b37-1545-41e9-bbe8-98418af9791a",
        "x-request-time": "0.593"
      },
      "ResponseBody": {
        "id": "/subscriptions/00000000-0000-0000-0000-000000000/resourceGroups/00000/providers/Microsoft.MachineLearningServices/workspaces/00000/codes/a37789b0-9e7b-8b56-5c42-a13b3d2ca1a3/versions/1",
        "name": "1",
        "type": "Microsoft.MachineLearningServices/workspaces/codes/versions",
        "properties": {
          "description": null,
          "tags": {},
          "properties": {
            "hash_sha256": "0000000000000",
            "hash_version": "0000000000000"
          },
          "isArchived": false,
          "isAnonymous": false,
          "codeUri": "https://sagvgsoim6nmhbq.blob.core.windows.net/azureml-blobstore-e61cd5e2-512f-475e-9842-5e2a973993b8/LocalUpload/000000000000000000000000000000000000/scope-component"
        },
        "systemData": {
          "createdAt": "2022-12-25T13:16:38.228846\u002B00:00",
          "createdBy": "Xingzhi Zhang",
          "createdByType": "User",
          "lastModifiedAt": "2022-12-26T04:41:10.8206254\u002B00:00",
          "lastModifiedBy": "Xingzhi Zhang",
          "lastModifiedByType": "User"
        }
      }
    },
    {
      "RequestUri": "https://management.azure.com/subscriptions/00000000-0000-0000-0000-000000000/resourceGroups/00000/providers/Microsoft.MachineLearningServices/workspaces/00000/components/azureml_anonymous/versions/7bca7994-9703-9938-ced8-4788abee5208?api-version=2022-05-01",
      "RequestMethod": "PUT",
      "RequestHeaders": {
        "Accept": "application/json",
        "Accept-Encoding": "gzip, deflate",
        "Connection": "keep-alive",
        "Content-Length": "1272",
        "Content-Type": "application/json",
        "User-Agent": "azure-ai-ml/1.3.0 azsdk-python-mgmt-machinelearningservices/0.1.0 Python/3.9.13 (Windows-10-10.0.19045-SP0)"
      },
      "RequestBody": {
        "properties": {
          "description": "Convert adls test data to SS format",
          "properties": {},
          "tags": {
            "org": "bing",
            "project": "relevance"
          },
          "isAnonymous": true,
          "isArchived": false,
          "componentSpec": {
            "name": "azureml_anonymous",
            "description": "Convert adls test data to SS format",
            "tags": {
              "org": "bing",
              "project": "relevance"
            },
            "version": "7bca7994-9703-9938-ced8-4788abee5208",
            "$schema": "https://componentsdk.azureedge.net/jsonschema/ScopeComponent.json",
            "display_name": "Convert Text to StructureStream",
            "is_deterministic": true,
            "inputs": {
              "TextData": {
                "type": [
                  "AnyFile",
                  "AnyDirectory"
                ],
                "description": "text file on ADLS storage"
              },
              "ExtractionClause": {
                "type": "string",
                "description": "the extraction clause, something like \u0022column1:string, column2:int\u0022"
              }
            },
            "outputs": {
              "SSPath": {
                "type": "CosmosStructuredStream",
                "description": "the converted structured stream"
              }
            },
            "type": "ScopeComponent",
            "code": "azureml:/subscriptions/00000000-0000-0000-0000-000000000/resourceGroups/00000/providers/Microsoft.MachineLearningServices/workspaces/00000/codes/a37789b0-9e7b-8b56-5c42-a13b3d2ca1a3/versions/1",
            "scope": {
              "script": "convert2ss.script",
              "args": "Output_SSPath {outputs.SSPath} Input_TextData {inputs.TextData} ExtractionClause {inputs.ExtractionClause}"
            }
          }
        }
      },
      "StatusCode": 201,
      "ResponseHeaders": {
        "Cache-Control": "no-cache",
        "Content-Length": "2294",
        "Content-Type": "application/json; charset=utf-8",
        "Date": "Mon, 26 Dec 2022 04:41:12 GMT",
        "Expires": "-1",
        "Location": "https://management.azure.com/subscriptions/00000000-0000-0000-0000-000000000/resourceGroups/00000/providers/Microsoft.MachineLearningServices/workspaces/00000/components/azureml_anonymous/versions/7bca7994-9703-9938-ced8-4788abee5208?api-version=2022-05-01",
        "Pragma": "no-cache",
        "Request-Context": "appId=cid-v1:512cc15a-13b5-415b-bfd0-dce7accb6bb1",
        "Server-Timing": "traceparent;desc=\u002200-f6d8d9c8f30480363b0e8c4e98e00e63-cc2910deba6087d4-00\u0022",
        "Strict-Transport-Security": "max-age=31536000; includeSubDomains",
        "x-aml-cluster": "vienna-test-westus2-02",
        "X-Content-Type-Options": "nosniff",
        "x-ms-correlation-request-id": "88dd256e-5f58-4680-be34-c820ce1cfb8f",
        "x-ms-ratelimit-remaining-subscription-writes": "992",
        "x-ms-response-type": "standard",
        "x-ms-routing-request-id": "JAPANEAST:20221226T044112Z:88dd256e-5f58-4680-be34-c820ce1cfb8f",
        "x-request-time": "0.863"
      },
      "ResponseBody": {
        "id": "/subscriptions/00000000-0000-0000-0000-000000000/resourceGroups/00000/providers/Microsoft.MachineLearningServices/workspaces/00000/components/azureml_anonymous/versions/930c3d31-8d73-421f-b037-0bb94a1f7e5d",
        "name": "930c3d31-8d73-421f-b037-0bb94a1f7e5d",
        "type": "Microsoft.MachineLearningServices/workspaces/components/versions",
        "properties": {
          "description": null,
          "tags": {
            "org": "bing",
            "project": "relevance"
          },
          "properties": {},
          "isArchived": false,
          "isAnonymous": true,
          "componentSpec": {
            "$schema": "https://componentsdk.azureedge.net/jsonschema/ScopeComponent.json",
            "name": "azureml_anonymous",
            "version": "930c3d31-8d73-421f-b037-0bb94a1f7e5d",
            "display_name": "Convert Text to StructureStream",
            "is_deterministic": "True",
            "type": "ScopeComponent",
            "description": "Convert adls test data to SS format",
            "tags": {
              "org": "bing",
              "project": "relevance"
            },
            "inputs": {
              "TextData": {
                "type": [
                  "AnyFile",
                  "AnyDirectory"
                ],
                "optional": "False",
                "description": "text file on ADLS storage",
                "is_resource": "False"
              },
              "ExtractionClause": {
                "type": "String",
                "optional": "False",
                "description": "the extraction clause, something like \u0022column1:string, column2:int\u0022"
              }
            },
            "outputs": {
              "SSPath": {
                "type": "CosmosStructuredStream",
                "description": "the converted structured stream"
              }
            },
            "scope": {
              "args": "Input_TextData {inputs.TextData} Output_SSPath {outputs.SSPath} ExtractionClause {inputs.ExtractionClause}",
              "script": "convert2ss.script"
            },
            "code": "azureml:/subscriptions/00000000-0000-0000-0000-000000000/resourceGroups/00000/providers/Microsoft.MachineLearningServices/workspaces/00000/codes/a37789b0-9e7b-8b56-5c42-a13b3d2ca1a3/versions/1"
          }
        },
        "systemData": {
          "createdAt": "2022-12-25T13:16:39.674952\u002B00:00",
          "createdBy": "Xingzhi Zhang",
          "createdByType": "User",
          "lastModifiedAt": "2022-12-25T13:16:40.0641223\u002B00:00",
          "lastModifiedBy": "Xingzhi Zhang",
          "lastModifiedByType": "User"
        }
      }
    },
    {
      "RequestUri": "https://management.azure.com/subscriptions/00000000-0000-0000-0000-000000000/resourceGroups/00000/providers/Microsoft.MachineLearningServices/workspaces/00000/data/mltable_Adls_Tsv/versions?api-version=2022-05-01\u0026$orderBy=createdtime%20desc\u0026$top=1",
      "RequestMethod": "GET",
      "RequestHeaders": {
        "Accept": "application/json",
        "Accept-Encoding": "gzip, deflate",
        "Connection": "keep-alive",
        "User-Agent": "azure-ai-ml/1.3.0 azsdk-python-mgmt-machinelearningservices/0.1.0 Python/3.9.13 (Windows-10-10.0.19045-SP0)"
      },
      "RequestBody": null,
      "StatusCode": 200,
      "ResponseHeaders": {
        "Cache-Control": "no-cache",
        "Content-Encoding": "gzip",
        "Content-Type": "application/json; charset=utf-8",
        "Date": "Mon, 26 Dec 2022 04:41:13 GMT",
        "Expires": "-1",
        "Pragma": "no-cache",
        "Request-Context": "appId=cid-v1:512cc15a-13b5-415b-bfd0-dce7accb6bb1",
        "Server-Timing": "traceparent;desc=\u002200-8114ed06751930fb6318361ee9284ea8-8dc1e98c4bbda570-00\u0022",
        "Strict-Transport-Security": "max-age=31536000; includeSubDomains",
        "Transfer-Encoding": "chunked",
        "Vary": [
          "Accept-Encoding",
          "Accept-Encoding"
        ],
        "x-aml-cluster": "vienna-test-westus2-02",
        "X-Content-Type-Options": "nosniff",
        "x-ms-correlation-request-id": "42d1dbed-ca62-457e-bf1a-c46edf497f8c",
        "x-ms-ratelimit-remaining-subscription-reads": "11730",
        "x-ms-response-type": "standard",
        "x-ms-routing-request-id": "JAPANEAST:20221226T044113Z:42d1dbed-ca62-457e-bf1a-c46edf497f8c",
        "x-request-time": "0.973"
      },
      "ResponseBody": {
        "value": [
          {
            "id": "/subscriptions/00000000-0000-0000-0000-000000000/resourceGroups/00000/providers/Microsoft.MachineLearningServices/workspaces/00000/data/mltable_Adls_Tsv/versions/2",
            "name": "2",
            "type": "Microsoft.MachineLearningServices/workspaces/data/versions",
            "properties": {
              "description": null,
              "tags": {},
              "properties": {},
              "isArchived": false,
              "isAnonymous": false,
              "dataUri": "azureml://subscriptions/00000000-0000-0000-0000-000000000/resourcegroups/00000/workspaces/00000/datastores/workspaceblobstore/paths/LocalUpload/00000000000000000000000000000000/mnist-data/",
              "dataType": "mltable",
              "referencedUris": [
                "./0.png",
                "./1.png",
                "./2.png",
                "./3.png"
              ]
            },
            "systemData": {
              "createdAt": "2022-09-23T10:32:52.0981963\u002B00:00",
              "createdBy": "Zhengfei Wang",
              "createdByType": "User",
              "lastModifiedAt": "2022-09-23T10:32:52.1179821\u002B00:00"
            }
          }
        ]
      }
    },
    {
      "RequestUri": "https://management.azure.com/subscriptions/00000000-0000-0000-0000-000000000/resourceGroups/00000/providers/Microsoft.MachineLearningServices/workspaces/00000/jobs/000000000000000000000?api-version=2022-10-01-preview",
      "RequestMethod": "PUT",
      "RequestHeaders": {
        "Accept": "application/json",
        "Accept-Encoding": "gzip, deflate",
        "Connection": "keep-alive",
        "Content-Length": "1382",
        "Content-Type": "application/json",
        "User-Agent": "azure-ai-ml/1.3.0 azsdk-python-mgmt-machinelearningservices/0.1.0 Python/3.9.13 (Windows-10-10.0.19045-SP0)"
      },
      "RequestBody": {
        "properties": {
          "properties": {},
          "tags": {},
          "displayName": "pipeline_func",
          "experimentName": "azure-ai-ml",
          "isArchived": false,
          "jobType": "Pipeline",
          "inputs": {},
          "jobs": {
            "node": {
              "custom_job_name_suffix": "component_sdk_test",
              "scope_param": "-tokens 50",
              "adla_account_name": "adla_account_name",
              "priority": 800,
              "type": "ScopeComponent",
              "inputs": {
                "TextData": {
                  "uri": "/subscriptions/00000000-0000-0000-0000-000000000/resourceGroups/00000/providers/Microsoft.MachineLearningServices/workspaces/00000/data/mltable_Adls_Tsv/versions/2",
                  "job_input_type": "mltable"
                },
                "ExtractionClause": {
                  "job_input_type": "literal",
                  "value": "column1:string, column2:int"
                }
              },
              "_source": "YAML.COMPONENT",
              "componentId": "/subscriptions/00000000-0000-0000-0000-000000000/resourceGroups/00000/providers/Microsoft.MachineLearningServices/workspaces/00000/components/azureml_anonymous/versions/930c3d31-8d73-421f-b037-0bb94a1f7e5d"
            }
          },
          "outputs": {},
          "settings": {
            "default_compute": "/subscriptions/00000000-0000-0000-0000-000000000/resourceGroups/00000/providers/Microsoft.MachineLearningServices/workspaces/00000/computes/cpu-cluster",
            "default_datastore": "/subscriptions/00000000-0000-0000-0000-000000000/resourceGroups/00000/providers/Microsoft.MachineLearningServices/workspaces/00000/datastores/adls_datastore",
            "continue_on_step_failure": true,
            "force_rerun": false,
            "_source": "DSL"
          }
        }
      },
      "StatusCode": 201,
      "ResponseHeaders": {
        "Cache-Control": "no-cache",
        "Content-Length": "3456",
        "Content-Type": "application/json; charset=utf-8",
        "Date": "Mon, 26 Dec 2022 04:41:17 GMT",
        "Expires": "-1",
        "Location": "https://management.azure.com/subscriptions/00000000-0000-0000-0000-000000000/resourceGroups/00000/providers/Microsoft.MachineLearningServices/workspaces/00000/jobs/000000000000000000000?api-version=2022-10-01-preview",
        "Pragma": "no-cache",
        "Request-Context": "appId=cid-v1:512cc15a-13b5-415b-bfd0-dce7accb6bb1",
        "Server-Timing": "traceparent;desc=\u002200-cb163f558cad91cec1f6fea5d87848dd-e98ef76ed6590a5f-00\u0022",
        "Strict-Transport-Security": "max-age=31536000; includeSubDomains",
        "x-aml-cluster": "vienna-test-westus2-02",
        "X-Content-Type-Options": "nosniff",
        "x-ms-correlation-request-id": "9e5cdfe1-0998-46de-b524-ecbdf69a64fe",
        "x-ms-ratelimit-remaining-subscription-writes": "991",
        "x-ms-response-type": "standard",
        "x-ms-routing-request-id": "JAPANEAST:20221226T044118Z:9e5cdfe1-0998-46de-b524-ecbdf69a64fe",
        "x-request-time": "2.626"
      },
      "ResponseBody": {
        "id": "/subscriptions/00000000-0000-0000-0000-000000000/resourceGroups/00000/providers/Microsoft.MachineLearningServices/workspaces/00000/jobs/000000000000000000000",
        "name": "000000000000000000000",
        "type": "Microsoft.MachineLearningServices/workspaces/jobs",
        "properties": {
          "description": null,
          "tags": {},
          "properties": {
            "azureml.DevPlatv2": "true",
            "azureml.runsource": "azureml.PipelineRun",
            "runSource": "MFE",
            "runType": "HTTP",
            "azureml.parameters": "{}",
            "azureml.continue_on_step_failure": "True",
            "azureml.continue_on_failed_optional_input": "True",
            "azureml.enforceRerun": "False",
            "azureml.defaultComputeName": "cpu-cluster",
            "azureml.defaultDataStoreName": "adls_datastore",
            "azureml.pipelineComponent": "pipelinerun"
          },
          "displayName": "pipeline_func",
          "status": "Preparing",
          "experimentName": "azure-ai-ml",
          "services": {
            "Tracking": {
              "jobServiceType": "Tracking",
              "port": null,
              "endpoint": "azureml://master.api.azureml-test.ms/mlflow/v1.0/subscriptions/00000000-0000-0000-0000-000000000/resourceGroups/00000/providers/Microsoft.MachineLearningServices/workspaces/00000?",
              "status": null,
              "errorMessage": null,
              "properties": null,
              "nodes": null
            },
            "Studio": {
              "jobServiceType": "Studio",
              "port": null,
              "endpoint": "https://ml.azure.com/runs/000000000000000000000?wsid=/subscriptions/00000000-0000-0000-0000-000000000/resourcegroups/00000/workspaces/00000",
              "status": null,
              "errorMessage": null,
              "properties": null,
              "nodes": null
            }
          },
          "computeId": null,
          "isArchived": false,
          "identity": null,
          "componentId": null,
          "jobType": "Pipeline",
          "settings": {
            "default_compute": "/subscriptions/00000000-0000-0000-0000-000000000/resourceGroups/00000/providers/Microsoft.MachineLearningServices/workspaces/00000/computes/cpu-cluster",
            "default_datastore": "/subscriptions/00000000-0000-0000-0000-000000000/resourceGroups/00000/providers/Microsoft.MachineLearningServices/workspaces/00000/datastores/adls_datastore",
            "continue_on_step_failure": true,
            "force_rerun": false,
            "_source": "DSL"
          },
          "jobs": {
            "node": {
              "custom_job_name_suffix": "component_sdk_test",
              "scope_param": "-tokens 50",
              "adla_account_name": "adla_account_name",
              "priority": 800,
              "type": "ScopeComponent",
              "inputs": {
                "TextData": {
                  "uri": "/subscriptions/00000000-0000-0000-0000-000000000/resourceGroups/00000/providers/Microsoft.MachineLearningServices/workspaces/00000/data/mltable_Adls_Tsv/versions/2",
                  "job_input_type": "mltable"
                },
                "ExtractionClause": {
                  "job_input_type": "literal",
                  "value": "column1:string, column2:int"
                }
              },
              "_source": "YAML.COMPONENT",
              "componentId": "/subscriptions/00000000-0000-0000-0000-000000000/resourceGroups/00000/providers/Microsoft.MachineLearningServices/workspaces/00000/components/azureml_anonymous/versions/930c3d31-8d73-421f-b037-0bb94a1f7e5d"
            }
          },
          "inputs": {},
          "outputs": {},
          "sourceJobId": null
        },
        "systemData": {
          "createdAt": "2022-12-26T04:41:17.1599265\u002B00:00",
          "createdBy": "Xingzhi Zhang",
          "createdByType": "User"
        }
      }
    },
    {
      "RequestUri": "https://management.azure.com/subscriptions/00000000-0000-0000-0000-000000000/resourceGroups/00000/providers/Microsoft.MachineLearningServices/workspaces/00000/jobs/000000000000000000000/cancel?api-version=2022-10-01-preview",
      "RequestMethod": "POST",
      "RequestHeaders": {
        "Accept": "application/json",
        "Accept-Encoding": "gzip, deflate",
        "Connection": "keep-alive",
        "Content-Length": "0",
        "User-Agent": "azure-ai-ml/1.3.0 azsdk-python-mgmt-machinelearningservices/0.1.0 Python/3.9.13 (Windows-10-10.0.19045-SP0)"
      },
      "RequestBody": null,
      "StatusCode": 202,
      "ResponseHeaders": {
        "Cache-Control": "no-cache",
        "Content-Length": "4",
        "Content-Type": "application/json; charset=utf-8",
        "Date": "Mon, 26 Dec 2022 04:41:20 GMT",
        "Expires": "-1",
        "Location": "https://management.azure.com/subscriptions/00000000-0000-0000-0000-000000000/providers/Microsoft.MachineLearningServices/locations/centraluseuap/mfeOperationResults/jc:e61cd5e2-512f-475e-9842-5e2a973993b8:000000000000000000000?api-version=2022-10-01-preview",
        "Pragma": "no-cache",
        "Request-Context": "appId=cid-v1:512cc15a-13b5-415b-bfd0-dce7accb6bb1",
        "Strict-Transport-Security": "max-age=31536000; includeSubDomains",
        "x-aml-cluster": "vienna-test-westus2-02",
        "X-Content-Type-Options": "nosniff",
        "x-ms-async-operation-timeout": "PT1H",
        "x-ms-correlation-request-id": "06fb3f4b-2eca-4626-970e-001f22f680f0",
        "x-ms-ratelimit-remaining-subscription-writes": "1056",
        "x-ms-response-type": "standard",
        "x-ms-routing-request-id": "JAPANEAST:20221226T044120Z:06fb3f4b-2eca-4626-970e-001f22f680f0",
        "x-request-time": "1.200"
      },
      "ResponseBody": "null"
    },
    {
      "RequestUri": "https://management.azure.com/subscriptions/00000000-0000-0000-0000-000000000/providers/Microsoft.MachineLearningServices/locations/centraluseuap/mfeOperationResults/jc:e61cd5e2-512f-475e-9842-5e2a973993b8:000000000000000000000?api-version=2022-10-01-preview",
      "RequestMethod": "GET",
      "RequestHeaders": {
        "Accept": "*/*",
        "Accept-Encoding": "gzip, deflate",
        "Connection": "keep-alive",
        "User-Agent": "azure-ai-ml/1.3.0 azsdk-python-mgmt-machinelearningservices/0.1.0 Python/3.9.13 (Windows-10-10.0.19045-SP0)"
      },
      "RequestBody": null,
      "StatusCode": 202,
      "ResponseHeaders": {
        "Cache-Control": "no-cache",
        "Content-Length": "2",
        "Content-Type": "application/json; charset=utf-8",
        "Date": "Mon, 26 Dec 2022 04:41:21 GMT",
        "Expires": "-1",
        "Location": "https://management.azure.com/subscriptions/00000000-0000-0000-0000-000000000/providers/Microsoft.MachineLearningServices/locations/centraluseuap/mfeOperationResults/jc:e61cd5e2-512f-475e-9842-5e2a973993b8:000000000000000000000?api-version=2022-10-01-preview",
        "Pragma": "no-cache",
        "Request-Context": "appId=cid-v1:512cc15a-13b5-415b-bfd0-dce7accb6bb1",
        "Strict-Transport-Security": "max-age=31536000; includeSubDomains",
        "x-aml-cluster": "vienna-test-westus2-02",
        "X-Content-Type-Options": "nosniff",
        "x-ms-correlation-request-id": "105634e4-cda7-4b90-ba72-dc19ea4a33a0",
        "x-ms-ratelimit-remaining-subscription-reads": "11729",
        "x-ms-response-type": "standard",
        "x-ms-routing-request-id": "JAPANEAST:20221226T044121Z:105634e4-cda7-4b90-ba72-dc19ea4a33a0",
        "x-request-time": "0.095"
      },
      "ResponseBody": {}
    },
    {
      "RequestUri": "https://management.azure.com/subscriptions/00000000-0000-0000-0000-000000000/providers/Microsoft.MachineLearningServices/locations/centraluseuap/mfeOperationResults/jc:e61cd5e2-512f-475e-9842-5e2a973993b8:000000000000000000000?api-version=2022-10-01-preview",
      "RequestMethod": "GET",
      "RequestHeaders": {
        "Accept": "*/*",
        "Accept-Encoding": "gzip, deflate",
        "Connection": "keep-alive",
        "User-Agent": "azure-ai-ml/1.3.0 azsdk-python-mgmt-machinelearningservices/0.1.0 Python/3.9.13 (Windows-10-10.0.19045-SP0)"
      },
      "RequestBody": null,
      "StatusCode": 200,
      "ResponseHeaders": {
        "Cache-Control": "no-cache",
        "Content-Length": "0",
        "Date": "Mon, 26 Dec 2022 04:41:51 GMT",
        "Expires": "-1",
        "Pragma": "no-cache",
        "Request-Context": "appId=cid-v1:512cc15a-13b5-415b-bfd0-dce7accb6bb1",
        "Server-Timing": "traceparent;desc=\u002200-963bec9697860da845e2420a9be98a9d-dcd54453dc092b51-00\u0022",
        "Strict-Transport-Security": "max-age=31536000; includeSubDomains",
        "x-aml-cluster": "vienna-test-westus2-02",
        "X-Content-Type-Options": "nosniff",
        "x-ms-correlation-request-id": "add05ea2-22b3-4a3d-ba01-436cda488a2b",
        "x-ms-ratelimit-remaining-subscription-reads": "11728",
        "x-ms-response-type": "standard",
        "x-ms-routing-request-id": "JAPANEAST:20221226T044151Z:add05ea2-22b3-4a3d-ba01-436cda488a2b",
        "x-request-time": "0.042"
      },
      "ResponseBody": null
    }
  ],
  "Variables": {}
}
