{
  "Entries": [
    {
      "RequestUri": "https://management.azure.com/subscriptions/00000000-0000-0000-0000-000000000/resourceGroups/00000/providers/Microsoft.MachineLearningServices/workspaces/00000/datastores/workspaceblobstore?api-version=2022-10-01",
      "RequestMethod": "GET",
      "RequestHeaders": {
        "Accept": "application/json",
        "Accept-Encoding": "gzip, deflate",
        "Connection": "keep-alive",
        "User-Agent": "azure-ai-ml/1.4.0 azsdk-python-mgmt-machinelearningservices/0.1.0 Python/3.10.2 (Windows-10-10.0.22621-SP0)"
      },
      "RequestBody": null,
      "StatusCode": 200,
      "ResponseHeaders": {
        "Cache-Control": "no-cache",
        "Content-Encoding": "gzip",
        "Content-Type": "application/json; charset=utf-8",
        "Date": "Fri, 13 Jan 2023 22:53:07 GMT",
        "Expires": "-1",
        "Pragma": "no-cache",
        "Request-Context": "appId=cid-v1:2d2e8e63-272e-4b3c-8598-4ee570a0e70d",
        "Server-Timing": "traceparent;desc=\u002200-942be0c13c1929dd16e81417aa494e58-d01d7122c477a176-00\u0022",
        "Strict-Transport-Security": "max-age=31536000; includeSubDomains",
        "Transfer-Encoding": "chunked",
        "Vary": [
          "Accept-Encoding",
          "Accept-Encoding"
        ],
        "x-aml-cluster": "vienna-westus-02",
        "X-Content-Type-Options": "nosniff",
        "x-ms-correlation-request-id": "04b23fb4-8e05-40ed-970d-75fb0ffc249e",
        "x-ms-ratelimit-remaining-subscription-reads": "11983",
        "x-ms-response-type": "standard",
        "x-ms-routing-request-id": "WESTCENTRALUS:20230113T225308Z:04b23fb4-8e05-40ed-970d-75fb0ffc249e",
        "x-request-time": "0.110"
      },
      "ResponseBody": {
        "id": "/subscriptions/00000000-0000-0000-0000-000000000/resourceGroups/00000/providers/Microsoft.MachineLearningServices/workspaces/00000/datastores/workspaceblobstore",
        "name": "workspaceblobstore",
        "type": "Microsoft.MachineLearningServices/workspaces/datastores",
        "properties": {
          "description": null,
          "tags": null,
          "properties": null,
          "isDefault": true,
          "credentials": {
            "credentialsType": "AccountKey"
          },
          "datastoreType": "AzureBlob",
          "accountName": "saianen3zg2jecc",
          "containerName": "azureml-blobstore-cf4c56e5-6b66-4518-b2b5-574cf60d2e24",
          "endpoint": "core.windows.net",
          "protocol": "https",
          "serviceDataAccessAuthIdentity": "WorkspaceSystemAssignedIdentity"
        },
        "systemData": {
          "createdAt": "2023-01-05T08:37:42.2948887\u002B00:00",
          "createdBy": "779301c0-18b2-4cdc-801b-a0a3368fee0a",
          "createdByType": "Application",
          "lastModifiedAt": "2023-01-05T08:37:43.0151972\u002B00:00",
          "lastModifiedBy": "779301c0-18b2-4cdc-801b-a0a3368fee0a",
          "lastModifiedByType": "Application"
        }
      }
    },
    {
      "RequestUri": "https://management.azure.com/subscriptions/00000000-0000-0000-0000-000000000/resourceGroups/00000/providers/Microsoft.MachineLearningServices/workspaces/00000/datastores/workspaceblobstore/listSecrets?api-version=2022-10-01",
      "RequestMethod": "POST",
      "RequestHeaders": {
        "Accept": "application/json",
        "Accept-Encoding": "gzip, deflate",
        "Connection": "keep-alive",
        "Content-Length": "0",
        "User-Agent": "azure-ai-ml/1.4.0 azsdk-python-mgmt-machinelearningservices/0.1.0 Python/3.10.2 (Windows-10-10.0.22621-SP0)"
      },
      "RequestBody": null,
      "StatusCode": 200,
      "ResponseHeaders": {
        "Cache-Control": "no-cache",
        "Content-Encoding": "gzip",
        "Content-Type": "application/json; charset=utf-8",
        "Date": "Fri, 13 Jan 2023 22:53:08 GMT",
        "Expires": "-1",
        "Pragma": "no-cache",
        "Request-Context": "appId=cid-v1:2d2e8e63-272e-4b3c-8598-4ee570a0e70d",
        "Server-Timing": "traceparent;desc=\u002200-05a4204702958c31efb98c668192196f-bfb6aa2dcb169bf5-00\u0022",
        "Strict-Transport-Security": "max-age=31536000; includeSubDomains",
        "Transfer-Encoding": "chunked",
        "Vary": "Accept-Encoding",
        "x-aml-cluster": "vienna-westus-02",
        "X-Content-Type-Options": "nosniff",
        "x-ms-correlation-request-id": "db64eb05-c619-4e09-9a54-e06ac896e140",
        "x-ms-ratelimit-remaining-subscription-writes": "1193",
        "x-ms-response-type": "standard",
        "x-ms-routing-request-id": "WESTCENTRALUS:20230113T225309Z:db64eb05-c619-4e09-9a54-e06ac896e140",
        "x-request-time": "0.142"
      },
      "ResponseBody": {
        "secretsType": "AccountKey",
        "key": "dGhpcyBpcyBmYWtlIGtleQ=="
      }
    },
    {
      "RequestUri": "https://saianen3zg2jecc.blob.core.windows.net/azureml-blobstore-cf4c56e5-6b66-4518-b2b5-574cf60d2e24/LocalUpload/000000000000000000000000000000000000/scope-component/component_spec.yaml",
      "RequestMethod": "HEAD",
      "RequestHeaders": {
        "Accept": "application/xml",
        "Accept-Encoding": "gzip, deflate",
        "Connection": "keep-alive",
        "User-Agent": "azsdk-python-storage-blob/12.14.1 Python/3.10.2 (Windows-10-10.0.22621-SP0)",
        "x-ms-date": "Fri, 13 Jan 2023 22:53:09 GMT",
        "x-ms-version": "2021-08-06"
      },
      "RequestBody": null,
      "StatusCode": 200,
      "ResponseHeaders": {
        "Accept-Ranges": "bytes",
        "Content-Length": "916",
        "Content-MD5": "eNzR/ZuYtOLAY/P/4qlaqQ==",
        "Content-Type": "application/octet-stream",
        "Date": "Fri, 13 Jan 2023 22:53:09 GMT",
        "ETag": "\u00220x8DAF5B6EAC7F232\u0022",
        "Last-Modified": "Fri, 13 Jan 2023 22:38:39 GMT",
        "Server": [
          "Windows-Azure-Blob/1.0",
          "Microsoft-HTTPAPI/2.0"
        ],
        "Vary": "Origin",
        "x-ms-access-tier": "Hot",
        "x-ms-access-tier-inferred": "true",
        "x-ms-blob-type": "BlockBlob",
        "x-ms-creation-time": "Fri, 13 Jan 2023 22:38:39 GMT",
        "x-ms-lease-state": "available",
        "x-ms-lease-status": "unlocked",
        "x-ms-meta-name": "38d3bdd3-3972-0aff-771f-c9e322379b4f",
        "x-ms-meta-upload_status": "completed",
        "x-ms-meta-version": "1",
        "x-ms-server-encrypted": "true",
        "x-ms-version": "2021-08-06"
      },
      "ResponseBody": null
    },
    {
      "RequestUri": "https://saianen3zg2jecc.blob.core.windows.net/azureml-blobstore-cf4c56e5-6b66-4518-b2b5-574cf60d2e24/az-ml-artifacts/000000000000000000000000000000000000/scope-component/component_spec.yaml",
      "RequestMethod": "HEAD",
      "RequestHeaders": {
        "Accept": "application/xml",
        "Accept-Encoding": "gzip, deflate",
        "Connection": "keep-alive",
        "User-Agent": "azsdk-python-storage-blob/12.14.1 Python/3.10.2 (Windows-10-10.0.22621-SP0)",
        "x-ms-date": "Fri, 13 Jan 2023 22:53:09 GMT",
        "x-ms-version": "2021-08-06"
      },
      "RequestBody": null,
      "StatusCode": 404,
      "ResponseHeaders": {
        "Date": "Fri, 13 Jan 2023 22:53:09 GMT",
        "Server": [
          "Windows-Azure-Blob/1.0",
          "Microsoft-HTTPAPI/2.0"
        ],
        "Transfer-Encoding": "chunked",
        "Vary": "Origin",
        "x-ms-error-code": "BlobNotFound",
        "x-ms-version": "2021-08-06"
      },
      "ResponseBody": null
    },
    {
      "RequestUri": "https://management.azure.com/subscriptions/00000000-0000-0000-0000-000000000/resourceGroups/00000/providers/Microsoft.MachineLearningServices/workspaces/00000/codes/38d3bdd3-3972-0aff-771f-c9e322379b4f/versions/1?api-version=2022-05-01",
      "RequestMethod": "PUT",
      "RequestHeaders": {
        "Accept": "application/json",
        "Accept-Encoding": "gzip, deflate",
        "Connection": "keep-alive",
        "Content-Length": "308",
        "Content-Type": "application/json",
        "User-Agent": "azure-ai-ml/1.4.0 azsdk-python-mgmt-machinelearningservices/0.1.0 Python/3.10.2 (Windows-10-10.0.22621-SP0)"
      },
      "RequestBody": {
        "properties": {
          "properties": {
            "hash_sha256": "0000000000000",
            "hash_version": "0000000000000"
          },
          "isAnonymous": true,
          "isArchived": false,
          "codeUri": "https://saianen3zg2jecc.blob.core.windows.net/azureml-blobstore-cf4c56e5-6b66-4518-b2b5-574cf60d2e24/LocalUpload/000000000000000000000000000000000000/scope-component"
        }
      },
      "StatusCode": 200,
      "ResponseHeaders": {
        "Cache-Control": "no-cache",
        "Content-Encoding": "gzip",
        "Content-Type": "application/json; charset=utf-8",
        "Date": "Fri, 13 Jan 2023 22:53:09 GMT",
        "Expires": "-1",
        "Pragma": "no-cache",
        "Request-Context": "appId=cid-v1:2d2e8e63-272e-4b3c-8598-4ee570a0e70d",
        "Server-Timing": "traceparent;desc=\u002200-2ea226facfe59d38a4e39be1df48951b-51d79dcb9d8b0808-00\u0022",
        "Strict-Transport-Security": "max-age=31536000; includeSubDomains",
        "Transfer-Encoding": "chunked",
        "Vary": [
          "Accept-Encoding",
          "Accept-Encoding"
        ],
        "x-aml-cluster": "vienna-westus-02",
        "X-Content-Type-Options": "nosniff",
        "x-ms-correlation-request-id": "e60598e3-6c2b-4b14-9854-a79b5b830b5e",
        "x-ms-ratelimit-remaining-subscription-writes": "1190",
        "x-ms-response-type": "standard",
        "x-ms-routing-request-id": "WESTCENTRALUS:20230113T225310Z:e60598e3-6c2b-4b14-9854-a79b5b830b5e",
        "x-request-time": "0.095"
      },
      "ResponseBody": {
        "id": "/subscriptions/00000000-0000-0000-0000-000000000/resourceGroups/00000/providers/Microsoft.MachineLearningServices/workspaces/00000/codes/38d3bdd3-3972-0aff-771f-c9e322379b4f/versions/1",
        "name": "1",
        "type": "Microsoft.MachineLearningServices/workspaces/codes/versions",
        "properties": {
          "description": null,
          "tags": {},
          "properties": {
            "hash_sha256": "0000000000000",
            "hash_version": "0000000000000"
          },
          "isArchived": false,
          "isAnonymous": false,
          "codeUri": "https://saianen3zg2jecc.blob.core.windows.net/azureml-blobstore-cf4c56e5-6b66-4518-b2b5-574cf60d2e24/LocalUpload/000000000000000000000000000000000000/scope-component"
        },
        "systemData": {
          "createdAt": "2023-01-13T22:38:40.9206081\u002B00:00",
          "createdBy": "Mayank Kumar",
          "createdByType": "User",
          "lastModifiedAt": "2023-01-13T22:53:10.7449118\u002B00:00",
          "lastModifiedBy": "Mayank Kumar",
          "lastModifiedByType": "User"
        }
      }
    },
    {
      "RequestUri": "https://management.azure.com/subscriptions/00000000-0000-0000-0000-000000000/resourceGroups/00000/providers/Microsoft.MachineLearningServices/workspaces/00000/components/test_982705221585/versions/0.0.1?api-version=2022-10-01",
      "RequestMethod": "PUT",
      "RequestHeaders": {
        "Accept": "application/json",
        "Accept-Encoding": "gzip, deflate",
        "Connection": "keep-alive",
        "Content-Length": "1242",
        "Content-Type": "application/json",
        "User-Agent": "azure-ai-ml/1.4.0 azsdk-python-mgmt-machinelearningservices/0.1.0 Python/3.10.2 (Windows-10-10.0.22621-SP0)"
      },
      "RequestBody": {
        "properties": {
          "description": "Convert adls test data to SS format",
          "properties": {},
          "tags": {
            "org": "bing",
            "project": "relevance"
          },
          "isAnonymous": false,
          "isArchived": false,
          "componentSpec": {
            "name": "test_982705221585",
            "description": "Convert adls test data to SS format",
            "tags": {
              "org": "bing",
              "project": "relevance"
            },
            "version": "0.0.1",
            "$schema": "https://componentsdk.azureedge.net/jsonschema/ScopeComponent.json",
            "display_name": "Convert Text to StructureStream",
            "is_deterministic": true,
            "inputs": {
              "TextData": {
                "type": [
                  "AnyFile",
                  "AnyDirectory"
                ],
                "description": "text file on ADLS storage"
              },
              "ExtractionClause": {
                "type": "string",
                "description": "the extraction clause, something like \u0022column1:string, column2:int\u0022"
              }
            },
            "outputs": {
              "SSPath": {
                "type": "CosmosStructuredStream",
                "description": "the converted structured stream"
              }
            },
            "type": "ScopeComponent",
            "code": "azureml:/subscriptions/00000000-0000-0000-0000-000000000/resourceGroups/00000/providers/Microsoft.MachineLearningServices/workspaces/00000/codes/38d3bdd3-3972-0aff-771f-c9e322379b4f/versions/1",
            "scope": {
              "script": "convert2ss.script",
              "args": "Output_SSPath {outputs.SSPath} Input_TextData {inputs.TextData} ExtractionClause {inputs.ExtractionClause}"
            }
          }
        }
      },
      "StatusCode": 201,
      "ResponseHeaders": {
        "Cache-Control": "no-cache",
        "Content-Length": "2200",
        "Content-Type": "application/json; charset=utf-8",
        "Date": "Fri, 13 Jan 2023 22:53:10 GMT",
        "Expires": "-1",
        "Location": "https://management.azure.com/subscriptions/00000000-0000-0000-0000-000000000/resourceGroups/00000/providers/Microsoft.MachineLearningServices/workspaces/00000/components/test_982705221585/versions/0.0.1?api-version=2022-10-01",
        "Pragma": "no-cache",
        "Request-Context": "appId=cid-v1:2d2e8e63-272e-4b3c-8598-4ee570a0e70d",
        "Server-Timing": "traceparent;desc=\u002200-d7c8ba54ad875eed2079b29c52dc5974-c6cfb28cb6471b9f-00\u0022",
        "Strict-Transport-Security": "max-age=31536000; includeSubDomains",
        "x-aml-cluster": "vienna-westus-02",
        "X-Content-Type-Options": "nosniff",
        "x-ms-correlation-request-id": "8720c90f-c77f-46df-b004-3cbe685c6137",
        "x-ms-ratelimit-remaining-subscription-writes": "1189",
        "x-ms-response-type": "standard",
        "x-ms-routing-request-id": "WESTCENTRALUS:20230113T225311Z:8720c90f-c77f-46df-b004-3cbe685c6137",
        "x-request-time": "0.347"
      },
      "ResponseBody": {
        "id": "/subscriptions/00000000-0000-0000-0000-000000000/resourceGroups/00000/providers/Microsoft.MachineLearningServices/workspaces/00000/components/test_982705221585/versions/0.0.1",
        "name": "0.0.1",
        "type": "Microsoft.MachineLearningServices/workspaces/components/versions",
        "properties": {
          "description": null,
          "tags": {
            "org": "bing",
            "project": "relevance"
          },
          "properties": {},
          "isArchived": false,
          "isAnonymous": false,
          "componentSpec": {
            "$schema": "https://componentsdk.azureedge.net/jsonschema/ScopeComponent.json",
            "name": "test_982705221585",
            "version": "0.0.1",
            "display_name": "Convert Text to StructureStream",
            "is_deterministic": "True",
            "type": "ScopeComponent",
            "description": "Convert adls test data to SS format",
            "tags": {
              "org": "bing",
              "project": "relevance"
            },
            "inputs": {
              "TextData": {
                "type": [
                  "AnyFile",
                  "AnyDirectory"
                ],
                "optional": "False",
                "description": "text file on ADLS storage",
                "is_resource": "False"
              },
              "ExtractionClause": {
                "type": "String",
                "optional": "False",
                "description": "the extraction clause, something like \u0022column1:string, column2:int\u0022"
              }
            },
            "outputs": {
              "SSPath": {
                "type": "CosmosStructuredStream",
                "description": "the converted structured stream"
              }
            },
            "scope": {
              "args": "Input_TextData {inputs.TextData} Output_SSPath {outputs.SSPath} ExtractionClause {inputs.ExtractionClause}",
              "script": "convert2ss.script"
            },
            "code": "azureml:/subscriptions/00000000-0000-0000-0000-000000000/resourceGroups/00000/providers/Microsoft.MachineLearningServices/workspaces/00000/codes/38d3bdd3-3972-0aff-771f-c9e322379b4f/versions/1"
          }
        },
        "systemData": {
          "createdAt": "2023-01-13T22:53:11.3398584\u002B00:00",
          "createdBy": "Mayank Kumar",
          "createdByType": "User",
          "lastModifiedAt": "2023-01-13T22:53:11.411219\u002B00:00",
          "lastModifiedBy": "Mayank Kumar",
          "lastModifiedByType": "User"
        }
      }
    },
    {
      "RequestUri": "https://management.azure.com/subscriptions/00000000-0000-0000-0000-000000000/resourceGroups/00000/providers/Microsoft.MachineLearningServices/workspaces/00000/components/test_982705221585/versions/0.0.1?api-version=2022-10-01",
      "RequestMethod": "GET",
      "RequestHeaders": {
        "Accept": "application/json",
        "Accept-Encoding": "gzip, deflate",
        "Connection": "keep-alive",
        "User-Agent": "azure-ai-ml/1.4.0 azsdk-python-mgmt-machinelearningservices/0.1.0 Python/3.10.2 (Windows-10-10.0.22621-SP0)"
      },
      "RequestBody": null,
      "StatusCode": 200,
      "ResponseHeaders": {
        "Cache-Control": "no-cache",
        "Content-Encoding": "gzip",
        "Content-Type": "application/json; charset=utf-8",
        "Date": "Fri, 13 Jan 2023 22:53:16 GMT",
        "Expires": "-1",
        "Pragma": "no-cache",
        "Request-Context": "appId=cid-v1:2d2e8e63-272e-4b3c-8598-4ee570a0e70d",
        "Server-Timing": "traceparent;desc=\u002200-fb3b5f4c12a3626c49845f34ab4a5bc1-5c370d4445d25ab3-00\u0022",
        "Strict-Transport-Security": "max-age=31536000; includeSubDomains",
        "Transfer-Encoding": "chunked",
        "Vary": [
          "Accept-Encoding",
          "Accept-Encoding"
        ],
        "x-aml-cluster": "vienna-westus-02",
        "X-Content-Type-Options": "nosniff",
        "x-ms-correlation-request-id": "1dc6c72d-ddc1-4da6-b916-7a3088751a88",
        "x-ms-ratelimit-remaining-subscription-reads": "11982",
        "x-ms-response-type": "standard",
        "x-ms-routing-request-id": "WESTCENTRALUS:20230113T225316Z:1dc6c72d-ddc1-4da6-b916-7a3088751a88",
        "x-request-time": "0.049"
      },
      "ResponseBody": {
        "id": "/subscriptions/00000000-0000-0000-0000-000000000/resourceGroups/00000/providers/Microsoft.MachineLearningServices/workspaces/00000/components/test_982705221585/versions/0.0.1",
        "name": "0.0.1",
        "type": "Microsoft.MachineLearningServices/workspaces/components/versions",
        "properties": {
          "description": null,
          "tags": {
            "org": "bing",
            "project": "relevance"
          },
          "properties": {},
          "isArchived": false,
          "isAnonymous": false,
          "componentSpec": {
            "$schema": "https://componentsdk.azureedge.net/jsonschema/ScopeComponent.json",
            "name": "test_982705221585",
            "version": "0.0.1",
            "display_name": "Convert Text to StructureStream",
            "is_deterministic": "True",
            "type": "ScopeComponent",
            "description": "Convert adls test data to SS format",
            "tags": {
              "org": "bing",
              "project": "relevance"
            },
            "inputs": {
              "TextData": {
                "type": [
                  "AnyFile",
                  "AnyDirectory"
                ],
                "optional": "False",
                "description": "text file on ADLS storage",
                "is_resource": "False"
              },
              "ExtractionClause": {
                "type": "String",
                "optional": "False",
                "description": "the extraction clause, something like \u0022column1:string, column2:int\u0022"
              }
            },
            "outputs": {
              "SSPath": {
                "type": "CosmosStructuredStream",
                "description": "the converted structured stream"
              }
            },
            "scope": {
              "args": "Input_TextData {inputs.TextData} Output_SSPath {outputs.SSPath} ExtractionClause {inputs.ExtractionClause}",
              "script": "convert2ss.script"
            },
            "code": "azureml:/subscriptions/00000000-0000-0000-0000-000000000/resourceGroups/00000/providers/Microsoft.MachineLearningServices/workspaces/00000/codes/38d3bdd3-3972-0aff-771f-c9e322379b4f/versions/1"
          }
        },
        "systemData": {
          "createdAt": "2023-01-13T22:53:11.3398584\u002B00:00",
          "createdBy": "Mayank Kumar",
          "createdByType": "User",
          "lastModifiedAt": "2023-01-13T22:53:11.411219\u002B00:00",
          "lastModifiedBy": "Mayank Kumar",
          "lastModifiedByType": "User"
        }
      }
    },
    {
      "RequestUri": "https://management.azure.com/subscriptions/00000000-0000-0000-0000-000000000/resourceGroups/00000/providers/Microsoft.MachineLearningServices/workspaces/00000/jobs/000000000000000000000?api-version=2022-10-01-preview",
      "RequestMethod": "PUT",
      "RequestHeaders": {
        "Accept": "application/json",
        "Accept-Encoding": "gzip, deflate",
        "Connection": "keep-alive",
        "Content-Length": "1363",
        "Content-Type": "application/json",
        "User-Agent": "azure-ai-ml/1.4.0 azsdk-python-mgmt-machinelearningservices/0.1.0 Python/3.10.2 (Windows-10-10.0.22621-SP0)"
      },
      "RequestBody": {
        "properties": {
          "properties": {},
          "tags": {},
          "displayName": "pipeline_func",
          "experimentName": "azure-ai-ml",
          "isArchived": false,
          "jobType": "Pipeline",
          "inputs": {},
          "jobs": {
            "node": {
              "custom_job_name_suffix": "component_sdk_test",
              "scope_param": "-tokens 50",
              "adla_account_name": "adla_account_name",
              "priority": 800,
              "type": "ScopeComponent",
              "inputs": {
                "TextData": {
                  "uri": "/subscriptions/00000000-0000-0000-0000-000000000/resourceGroups/00000/providers/Microsoft.MachineLearningServices/workspaces/00000/data/mltable_Adls_Tsv/versions/2",
                  "job_input_type": "mltable"
                },
                "ExtractionClause": {
                  "job_input_type": "literal",
                  "value": "column1:string, column2:int"
                }
              },
              "_source": "REMOTE.WORKSPACE.COMPONENT",
              "componentId": "/subscriptions/00000000-0000-0000-0000-000000000/resourceGroups/00000/providers/Microsoft.MachineLearningServices/workspaces/00000/components/test_982705221585/versions/0.0.1"
            }
          },
          "outputs": {},
          "settings": {
            "default_compute": "/subscriptions/00000000-0000-0000-0000-000000000/resourceGroups/00000/providers/Microsoft.MachineLearningServices/workspaces/00000/computes/cpu-cluster",
            "default_datastore": "/subscriptions/00000000-0000-0000-0000-000000000/resourceGroups/00000/providers/Microsoft.MachineLearningServices/workspaces/00000/datastores/adls_datastore",
            "continue_on_step_failure": true,
            "force_rerun": false,
            "_source": "DSL"
          }
        }
      },
      "StatusCode": 201,
      "ResponseHeaders": {
        "Cache-Control": "no-cache",
        "Content-Length": "3431",
        "Content-Type": "application/json; charset=utf-8",
        "Date": "Fri, 13 Jan 2023 22:53:19 GMT",
        "Expires": "-1",
        "Location": "https://management.azure.com/subscriptions/00000000-0000-0000-0000-000000000/resourceGroups/00000/providers/Microsoft.MachineLearningServices/workspaces/00000/jobs/000000000000000000000?api-version=2022-10-01-preview",
        "Pragma": "no-cache",
        "Request-Context": "appId=cid-v1:2d2e8e63-272e-4b3c-8598-4ee570a0e70d",
        "Server-Timing": "traceparent;desc=\u002200-531419b47a9846415f37ef904aad97e0-a219a5652392db59-00\u0022",
        "Strict-Transport-Security": "max-age=31536000; includeSubDomains",
        "x-aml-cluster": "vienna-westus-02",
        "X-Content-Type-Options": "nosniff",
        "x-ms-correlation-request-id": "f2d3eb84-5925-4faa-b40e-42e953797e7c",
        "x-ms-ratelimit-remaining-subscription-writes": "1188",
        "x-ms-response-type": "standard",
        "x-ms-routing-request-id": "WESTCENTRALUS:20230113T225319Z:f2d3eb84-5925-4faa-b40e-42e953797e7c",
        "x-request-time": "1.013"
      },
      "ResponseBody": {
        "id": "/subscriptions/00000000-0000-0000-0000-000000000/resourceGroups/00000/providers/Microsoft.MachineLearningServices/workspaces/00000/jobs/000000000000000000000",
        "name": "000000000000000000000",
        "type": "Microsoft.MachineLearningServices/workspaces/jobs",
        "properties": {
          "description": null,
          "tags": {},
          "properties": {
            "azureml.DevPlatv2": "true",
            "azureml.runsource": "azureml.PipelineRun",
            "runSource": "MFE",
            "runType": "HTTP",
            "azureml.parameters": "{}",
            "azureml.continue_on_step_failure": "True",
            "azureml.continue_on_failed_optional_input": "True",
            "azureml.enforceRerun": "False",
            "azureml.defaultComputeName": "cpu-cluster",
            "azureml.defaultDataStoreName": "adls_datastore",
            "azureml.pipelineComponent": "pipelinerun"
          },
          "displayName": "pipeline_func",
          "status": "Preparing",
          "experimentName": "azure-ai-ml",
          "services": {
            "Tracking": {
              "jobServiceType": "Tracking",
              "port": null,
              "endpoint": "azureml://westus.api.azureml.ms/mlflow/v1.0/subscriptions/00000000-0000-0000-0000-000000000/resourceGroups/00000/providers/Microsoft.MachineLearningServices/workspaces/00000?",
              "status": null,
              "errorMessage": null,
              "properties": null,
              "nodes": null
            },
            "Studio": {
              "jobServiceType": "Studio",
              "port": null,
              "endpoint": "https://ml.azure.com/runs/000000000000000000000?wsid=/subscriptions/00000000-0000-0000-0000-000000000/resourcegroups/00000/workspaces/00000",
              "status": null,
              "errorMessage": null,
              "properties": null,
              "nodes": null
            }
          },
          "computeId": null,
          "isArchived": false,
          "identity": null,
          "componentId": null,
          "jobType": "Pipeline",
          "settings": {
            "default_compute": "/subscriptions/00000000-0000-0000-0000-000000000/resourceGroups/00000/providers/Microsoft.MachineLearningServices/workspaces/00000/computes/cpu-cluster",
            "default_datastore": "/subscriptions/00000000-0000-0000-0000-000000000/resourceGroups/00000/providers/Microsoft.MachineLearningServices/workspaces/00000/datastores/adls_datastore",
            "continue_on_step_failure": true,
            "force_rerun": false,
            "_source": "DSL"
          },
          "jobs": {
            "node": {
              "custom_job_name_suffix": "component_sdk_test",
              "scope_param": "-tokens 50",
              "adla_account_name": "adla_account_name",
              "priority": 800,
              "type": "ScopeComponent",
              "inputs": {
                "TextData": {
                  "uri": "/subscriptions/00000000-0000-0000-0000-000000000/resourceGroups/00000/providers/Microsoft.MachineLearningServices/workspaces/00000/data/mltable_Adls_Tsv/versions/2",
                  "job_input_type": "mltable"
                },
                "ExtractionClause": {
                  "job_input_type": "literal",
                  "value": "column1:string, column2:int"
                }
              },
              "_source": "REMOTE.WORKSPACE.COMPONENT",
              "componentId": "/subscriptions/00000000-0000-0000-0000-000000000/resourceGroups/00000/providers/Microsoft.MachineLearningServices/workspaces/00000/components/test_982705221585/versions/0.0.1"
            }
          },
          "inputs": {},
          "outputs": {},
          "sourceJobId": null
        },
        "systemData": {
          "createdAt": "2023-01-13T22:53:18.9868806\u002B00:00",
          "createdBy": "Mayank Kumar",
          "createdByType": "User"
        }
      }
    },
    {
      "RequestUri": "https://management.azure.com/subscriptions/00000000-0000-0000-0000-000000000/resourceGroups/00000/providers/Microsoft.MachineLearningServices/workspaces/00000/jobs/000000000000000000000/cancel?api-version=2022-10-01-preview",
      "RequestMethod": "POST",
      "RequestHeaders": {
        "Accept": "application/json",
        "Accept-Encoding": "gzip, deflate",
        "Connection": "keep-alive",
        "Content-Length": "0",
        "User-Agent": "azure-ai-ml/1.4.0 azsdk-python-mgmt-machinelearningservices/0.1.0 Python/3.10.2 (Windows-10-10.0.22621-SP0)"
      },
      "RequestBody": null,
      "StatusCode": 202,
      "ResponseHeaders": {
        "Cache-Control": "no-cache",
        "Content-Length": "4",
        "Content-Type": "application/json; charset=utf-8",
        "Date": "Fri, 13 Jan 2023 22:53:21 GMT",
        "Expires": "-1",
        "Location": "https://management.azure.com/subscriptions/00000000-0000-0000-0000-000000000/providers/Microsoft.MachineLearningServices/locations/westus/mfeOperationResults/jc:cf4c56e5-6b66-4518-b2b5-574cf60d2e24:000000000000000000000?api-version=2022-10-01-preview",
        "Pragma": "no-cache",
        "Request-Context": "appId=cid-v1:2d2e8e63-272e-4b3c-8598-4ee570a0e70d",
        "Strict-Transport-Security": "max-age=31536000; includeSubDomains",
        "x-aml-cluster": "vienna-westus-02",
        "X-Content-Type-Options": "nosniff",
        "x-ms-async-operation-timeout": "PT1H",
        "x-ms-correlation-request-id": "3ab60c32-3eab-474d-ad3a-97e66969e58c",
        "x-ms-ratelimit-remaining-subscription-writes": "1192",
        "x-ms-response-type": "standard",
        "x-ms-routing-request-id": "WESTCENTRALUS:20230113T225321Z:3ab60c32-3eab-474d-ad3a-97e66969e58c",
        "x-request-time": "0.617"
      },
      "ResponseBody": "null"
    },
    {
      "RequestUri": "https://management.azure.com/subscriptions/00000000-0000-0000-0000-000000000/providers/Microsoft.MachineLearningServices/locations/westus/mfeOperationResults/jc:cf4c56e5-6b66-4518-b2b5-574cf60d2e24:000000000000000000000?api-version=2022-10-01-preview",
      "RequestMethod": "GET",
      "RequestHeaders": {
        "Accept": "*/*",
        "Accept-Encoding": "gzip, deflate",
        "Connection": "keep-alive",
        "User-Agent": "azure-ai-ml/1.4.0 azsdk-python-mgmt-machinelearningservices/0.1.0 Python/3.10.2 (Windows-10-10.0.22621-SP0)"
      },
      "RequestBody": null,
      "StatusCode": 202,
      "ResponseHeaders": {
        "Cache-Control": "no-cache",
        "Content-Length": "2",
        "Content-Type": "application/json; charset=utf-8",
        "Date": "Fri, 13 Jan 2023 22:53:21 GMT",
        "Expires": "-1",
        "Location": "https://management.azure.com/subscriptions/00000000-0000-0000-0000-000000000/providers/Microsoft.MachineLearningServices/locations/westus/mfeOperationResults/jc:cf4c56e5-6b66-4518-b2b5-574cf60d2e24:000000000000000000000?api-version=2022-10-01-preview",
        "Pragma": "no-cache",
        "Request-Context": "appId=cid-v1:2d2e8e63-272e-4b3c-8598-4ee570a0e70d",
        "Strict-Transport-Security": "max-age=31536000; includeSubDomains",
        "x-aml-cluster": "vienna-westus-02",
        "X-Content-Type-Options": "nosniff",
        "x-ms-correlation-request-id": "8ec81e7a-4488-48af-9af5-a54df4c0890d",
        "x-ms-ratelimit-remaining-subscription-reads": "11981",
        "x-ms-response-type": "standard",
        "x-ms-routing-request-id": "WESTCENTRALUS:20230113T225321Z:8ec81e7a-4488-48af-9af5-a54df4c0890d",
        "x-request-time": "0.027"
      },
      "ResponseBody": {}
    },
    {
      "RequestUri": "https://management.azure.com/subscriptions/00000000-0000-0000-0000-000000000/providers/Microsoft.MachineLearningServices/locations/westus/mfeOperationResults/jc:cf4c56e5-6b66-4518-b2b5-574cf60d2e24:000000000000000000000?api-version=2022-10-01-preview",
      "RequestMethod": "GET",
      "RequestHeaders": {
        "Accept": "*/*",
        "Accept-Encoding": "gzip, deflate",
        "Connection": "keep-alive",
        "User-Agent": "azure-ai-ml/1.4.0 azsdk-python-mgmt-machinelearningservices/0.1.0 Python/3.10.2 (Windows-10-10.0.22621-SP0)"
      },
      "RequestBody": null,
      "StatusCode": 200,
      "ResponseHeaders": {
        "Cache-Control": "no-cache",
        "Content-Length": "0",
        "Date": "Fri, 13 Jan 2023 22:53:51 GMT",
        "Expires": "-1",
        "Pragma": "no-cache",
        "Request-Context": "appId=cid-v1:2d2e8e63-272e-4b3c-8598-4ee570a0e70d",
        "Server-Timing": "traceparent;desc=\u002200-de9ae3e0a40f89e44430bccc28c79694-e5a47ee3b5f89598-00\u0022",
        "Strict-Transport-Security": "max-age=31536000; includeSubDomains",
        "x-aml-cluster": "vienna-westus-02",
        "X-Content-Type-Options": "nosniff",
        "x-ms-correlation-request-id": "01f54eb2-9e39-4627-b68e-ef63e95f8028",
        "x-ms-ratelimit-remaining-subscription-reads": "11980",
        "x-ms-response-type": "standard",
        "x-ms-routing-request-id": "WESTCENTRALUS:20230113T225351Z:01f54eb2-9e39-4627-b68e-ef63e95f8028",
        "x-request-time": "0.037"
      },
      "ResponseBody": null
    }
  ],
  "Variables": {
    "component_name": "test_982705221585"
  }
}
