{
  "Entries": [
    {
      "RequestUri": "https://management.azure.com/subscriptions/00000000-0000-0000-0000-000000000/resourceGroups/00000/providers/Microsoft.MachineLearningServices/workspaces/00000?api-version=2022-10-01",
      "RequestMethod": "GET",
      "RequestHeaders": {
        "Accept": "application/json",
        "Accept-Encoding": "gzip, deflate",
        "Connection": "keep-alive",
        "User-Agent": "azure-ai-ml/1.4.0 azsdk-python-mgmt-machinelearningservices/0.1.0 Python/3.7.9 (Windows-10-10.0.22621-SP0)"
      },
      "RequestBody": null,
      "StatusCode": 200,
      "ResponseHeaders": {
        "Cache-Control": "no-cache",
        "Content-Encoding": "gzip",
        "Content-Type": "application/json; charset=utf-8",
        "Date": "Tue, 31 Jan 2023 20:26:02 GMT",
        "Expires": "-1",
        "Pragma": "no-cache",
        "Request-Context": "appId=cid-v1:2d2e8e63-272e-4b3c-8598-4ee570a0e70d",
        "Server-Timing": "traceparent;desc=\u002200-647f83717466c45824b2df6adf319f7d-651226884355c566-01\u0022",
        "Strict-Transport-Security": "max-age=31536000; includeSubDomains",
        "Transfer-Encoding": "chunked",
        "Vary": [
          "Accept-Encoding",
          "Accept-Encoding"
        ],
        "x-aml-cluster": "vienna-eastus2-02",
        "X-Content-Type-Options": "nosniff",
        "x-ms-correlation-request-id": "2cff1821-9035-4b67-aa7e-6ff43cf1b449",
        "x-ms-ratelimit-remaining-subscription-reads": "11934",
        "x-ms-response-type": "standard",
        "x-ms-routing-request-id": "SOUTHCENTRALUS:20230131T202603Z:2cff1821-9035-4b67-aa7e-6ff43cf1b449",
        "x-request-time": "0.018"
      },
      "ResponseBody": {
        "id": "/subscriptions/00000000-0000-0000-0000-000000000/resourceGroups/00000/providers/Microsoft.MachineLearningServices/workspaces/00000",
        "name": "00000",
        "type": "Microsoft.MachineLearningServices/workspaces",
        "location": "eastus2",
        "tags": {},
        "etag": null,
        "properties": {
          "friendlyName": "00000",
          "description": "",
          "storageAccount": "/subscriptions/00000000-0000-0000-0000-000000000/resourceGroups/00000/providers/Microsoft.Storage/storageAccounts/sag5kafuzodsfcw",
          "keyVault": "/subscriptions/00000000-0000-0000-0000-000000000/resourceGroups/00000/providers/Microsoft.Keyvault/vaults/kvtestnq6bnff67572c",
          "applicationInsights": "/subscriptions/00000000-0000-0000-0000-000000000/resourceGroups/00000/providers/Microsoft.insights/components/aig5kafuzodsfcw",
          "hbiWorkspace": false,
          "tenantId": "0000000-0000-0000-0000-000000000000",
          "imageBuildCompute": null,
          "provisioningState": "Succeeded",
          "v1LegacyMode": false,
          "softDeleteEnabled": false,
          "containerRegistry": "/subscriptions/00000000-0000-0000-0000-000000000/resourceGroups/00000/providers/Microsoft.ContainerRegistry/registries/crg5kafuzodsfcw",
          "notebookInfo": {
            "resourceId": "0000000-0000-0000-0000-000000000000",
            "fqdn": "ml-sdkvnextcli-eastus2-ed997c1d-9e48-442e-b62b-478a0b393069.eastus2.notebooks.azure.net",
            "isPrivateLinkEnabled": false,
            "notebookPreparationError": null
          },
          "storageHnsEnabled": false,
          "workspaceId": "0000000-0000-0000-0000-000000000000",
          "linkedModelInventoryArmId": null,
          "privateLinkCount": 0,
          "publicNetworkAccess": "Enabled",
          "discoveryUrl": "https://eastus2.api.azureml.ms/discovery",
          "mlFlowTrackingUri": "azureml://eastus2.api.azureml.ms/mlflow/v1.0/subscriptions/00000000-0000-0000-0000-000000000/resourceGroups/00000/providers/Microsoft.MachineLearningServices/workspaces/00000",
          "sdkTelemetryAppInsightsKey": "0000000-0000-0000-0000-000000000000",
          "sasGetterUri": "",
          "enableDataIsolation": false
        },
        "identity": {
          "type": "SystemAssigned",
          "principalId": "0000000-0000-0000-0000-000000000000",
          "tenantId": "0000000-0000-0000-0000-000000000000"
        },
        "sku": {
          "name": "Basic",
          "tier": "Basic"
        },
        "systemData": {
          "createdAt": "2023-01-30T04:47:31.0681103Z",
          "createdBy": "dipeck@microsoft.com",
          "createdByType": "User",
          "lastModifiedAt": "2023-01-30T04:47:31.0681103Z",
          "lastModifiedBy": "dipeck@microsoft.com",
          "lastModifiedByType": "User"
        }
      }
    },
    {
      "RequestUri": "https://eastus2.api.azureml.ms/content/v2.0/subscriptions/00000000-0000-0000-0000-000000000/resourceGroups/00000/providers/Microsoft.MachineLearningServices/workspaces/00000/snapshots/getByHash?hash=2c2d3ddf8fe86cf6d2f56b3042ff446b39f87556e3b02c6c9562fe14a92a3074\u0026hashVersion=202208",
      "RequestMethod": "POST",
      "RequestHeaders": {
        "Accept": "*/*",
        "Accept-Encoding": "gzip, deflate",
        "Connection": "keep-alive",
        "Content-Length": "0",
        "Content-Type": "application/json; charset=UTF-8",
        "User-Agent": "azure-ai-ml/1.4.0 azsdk-python-core/1.26.3 Python/3.7.9 (Windows-10-10.0.22621-SP0)"
      },
      "RequestBody": null,
      "StatusCode": 400,
      "ResponseHeaders": {
        "Connection": "keep-alive",
        "Content-Length": "557",
        "Content-Type": "application/json; charset=utf-8",
        "Date": "Tue, 31 Jan 2023 20:26:04 GMT",
        "Request-Context": "appId=cid-v1:2d2e8e63-272e-4b3c-8598-4ee570a0e70d",
        "Strict-Transport-Security": "max-age=15724800; includeSubDomains; preload",
        "x-aml-cluster": "vienna-eastus2-02",
        "X-Content-Type-Options": "nosniff",
        "x-ms-response-type": "standard",
        "x-request-time": "0.021"
      },
      "ResponseBody": {
        "error": {
          "code": "UserError",
          "severity": null,
          "message": "Request body could not be read. Ensure data was provided in the request body and that the content-type header is correct.",
          "messageFormat": null,
          "messageParameters": {},
          "referenceCode": null,
          "detailsUri": null,
          "target": null,
          "details": [],
          "innerError": null,
          "debugInfo": null,
          "additionalInfo": null
        },
        "correlation": null,
        "environment": null,
        "location": null,
        "time": "0001-01-01T00:00:00\u002B00:00",
        "componentName": null
      }
    },
    {
      "RequestUri": "https://eastus2.api.azureml.ms/assetstore/v1.0/temporaryDataReference/createOrGet",
      "RequestMethod": "POST",
      "RequestHeaders": {
        "Accept": "*/*",
        "Accept-Encoding": "gzip, deflate",
        "Connection": "keep-alive",
        "Content-Length": "253",
        "Content-Type": "application/json; charset=UTF-8",
        "User-Agent": "azure-ai-ml/1.4.0 azsdk-python-core/1.26.3 Python/3.7.9 (Windows-10-10.0.22621-SP0)"
      },
      "RequestBody": {
        "assetId": "azureml://locations/eastus2/workspaces/ed997c1d-9e48-442e-b62b-478a0b393069/codes/38d3bdd3-3972-0aff-771f-c9e322379b4f/versions/1",
        "temporaryDataReferenceId": "000000000000000000000",
        "temporaryDataReferenceType": "TemporaryBlobReference"
      },
      "StatusCode": 200,
      "ResponseHeaders": {
        "Connection": "keep-alive",
        "Content-Encoding": "gzip",
        "Content-Type": "application/json; charset=utf-8",
        "Date": "Tue, 31 Jan 2023 20:26:05 GMT",
        "Request-Context": "appId=cid-v1:2d2e8e63-272e-4b3c-8598-4ee570a0e70d",
        "Strict-Transport-Security": "max-age=15724800; includeSubDomains; preload",
        "Transfer-Encoding": "chunked",
        "Vary": "Accept-Encoding",
        "x-aml-cluster": "vienna-eastus2-02",
        "X-Content-Type-Options": "nosniff",
        "x-ms-response-type": "standard",
        "x-request-time": "0.085"
      },
      "ResponseBody": {
        "blobReferenceForConsumption": {
          "blobUri": "https://sag5kafuzodsfcw.blob.core.windows.net:443/ed997c1d-9-fa7f9683-e00a-5675-aeb4-a48010cacd8f",
          "storageAccountArmId": "/subscriptions/00000000-0000-0000-0000-000000000/resourceGroups/00000/providers/Microsoft.Storage/storageAccounts/sag5kafuzodsfcw",
          "credential": {
            "sasUri": "https://sag5kafuzodsfcw.blob.core.windows.net/ed997c1d-9-fa7f9683-e00a-5675-aeb4-a48010cacd8f?skoid=da11e5f0-57ac-4d3e-894c-cf537f89d706\u0026sktid=0000000-0000-0000-0000-000000000000\u0026skt=2023-01-31T18%3A31%3A59Z\u0026ske=2023-02-02T02%3A41%3A59Z\u0026sks=b\u0026skv=2019-07-07\u0026sv=2021-08-06\u0026st=2023-01-31T20%3A16%3A05Z\u0026se=2023-02-01T04%3A26%3A05Z\u0026sr=c\u0026sp=rcwl\u0026sig=000000000000000000000000000000000000",
            "wasbsUri": null,
            "credentialType": "SAS"
          }
        },
        "imageReferenceForConsumption": null,
        "temporaryDataReferenceId": "000000000000000000000",
        "temporaryDataReferenceType": null
      }
    },
    {
      "RequestUri": "https://sag5kafuzodsfcw.blob.core.windows.net/ed997c1d-9-fa7f9683-e00a-5675-aeb4-a48010cacd8f/scope-component/component_spec.yaml?skoid=da11e5f0-57ac-4d3e-894c-cf537f89d706\u0026sktid=0000000-0000-0000-0000-000000000000\u0026skt=2023-01-31T18%3A31%3A59Z\u0026ske=2023-02-02T02%3A41%3A59Z\u0026sks=b\u0026skv=2019-07-07\u0026sv=2021-08-06\u0026st=2023-01-31T20%3A16%3A05Z\u0026se=2023-02-01T04%3A26%3A05Z\u0026sr=c\u0026sp=rcwl\u0026sig=000000000000000000000000000000000000",
      "RequestMethod": "HEAD",
      "RequestHeaders": {
        "Accept": "application/xml",
        "Accept-Encoding": "gzip, deflate",
        "Connection": "keep-alive",
        "User-Agent": "azsdk-python-storage-blob/12.14.1 Python/3.7.9 (Windows-10-10.0.22621-SP0)",
        "x-ms-date": "Tue, 31 Jan 2023 20:26:05 GMT",
        "x-ms-version": "2021-08-06"
      },
      "RequestBody": null,
      "StatusCode": 404,
      "ResponseHeaders": {
        "Date": "Tue, 31 Jan 2023 20:26:05 GMT",
        "Server": [
          "Windows-Azure-Blob/1.0",
          "Microsoft-HTTPAPI/2.0"
        ],
        "Transfer-Encoding": "chunked",
        "Vary": "Origin",
        "x-ms-error-code": "BlobNotFound",
        "x-ms-version": "2021-08-06"
      },
      "ResponseBody": null
    },
    {
      "RequestUri": "https://sag5kafuzodsfcw.blob.core.windows.net/ed997c1d-9-fa7f9683-e00a-5675-aeb4-a48010cacd8f/scope-component/convert2ss.script?skoid=da11e5f0-57ac-4d3e-894c-cf537f89d706\u0026sktid=0000000-0000-0000-0000-000000000000\u0026skt=2023-01-31T18%3A31%3A59Z\u0026ske=2023-02-02T02%3A41%3A59Z\u0026sks=b\u0026skv=2019-07-07\u0026sv=2021-08-06\u0026st=2023-01-31T20%3A16%3A05Z\u0026se=2023-02-01T04%3A26%3A05Z\u0026sr=c\u0026sp=rcwl\u0026sig=000000000000000000000000000000000000",
      "RequestMethod": "PUT",
      "RequestHeaders": {
        "Accept": "application/xml",
        "Accept-Encoding": "gzip, deflate",
        "Connection": "keep-alive",
        "Content-Length": "227",
        "Content-MD5": "\u002BCWeQqiTTZiMS76jgH4yLA==",
        "Content-Type": "application/octet-stream",
        "If-None-Match": "*",
        "User-Agent": "azsdk-python-storage-blob/12.14.1 Python/3.7.9 (Windows-10-10.0.22621-SP0)",
        "x-ms-blob-type": "BlockBlob",
        "x-ms-date": "Tue, 31 Jan 2023 20:26:06 GMT",
        "x-ms-version": "2021-08-06"
      },
      "RequestBody": "I0RFQ0xBUkUgT3V0cHV0X3N0cmVhbSBzdHJpbmcgPSBAQE91dHB1dF9TU1BhdGhAQDsKI0RFQ0xBUkUgSW5fRGF0YSBzdHJpbmcgPUAiQEBJbnB1dF9UZXh0RGF0YUBAIjsKClJhd0RhdGEgPSBFWFRSQUNUIEBARXh0cmFjdGlvbkNsYXVzZUBAIEZST00gQEluX0RhdGEKVVNJTkcgRGVmYXVsdFRleHRFeHRyYWN0b3IoKTsKCgpPVVRQVVQgUmF3RGF0YSBUTyBTU1RSRUFNIEBPdXRwdXRfc3RyZWFtOwo=",
      "StatusCode": 201,
      "ResponseHeaders": {
        "Content-Length": "0",
        "Content-MD5": "\u002BCWeQqiTTZiMS76jgH4yLA==",
        "Date": "Tue, 31 Jan 2023 20:26:06 GMT",
        "ETag": "\u00220x8DB03C9617503E8\u0022",
        "Last-Modified": "Tue, 31 Jan 2023 20:26:06 GMT",
        "Server": [
          "Windows-Azure-Blob/1.0",
          "Microsoft-HTTPAPI/2.0"
        ],
        "x-ms-content-crc64": "Xo84bVHKTF8=",
        "x-ms-request-server-encrypted": "true",
        "x-ms-version": "2021-08-06"
      },
      "ResponseBody": null
    },
    {
      "RequestUri": "https://sag5kafuzodsfcw.blob.core.windows.net/ed997c1d-9-fa7f9683-e00a-5675-aeb4-a48010cacd8f/scope-component/component_spec.yaml?skoid=da11e5f0-57ac-4d3e-894c-cf537f89d706\u0026sktid=0000000-0000-0000-0000-000000000000\u0026skt=2023-01-31T18%3A31%3A59Z\u0026ske=2023-02-02T02%3A41%3A59Z\u0026sks=b\u0026skv=2019-07-07\u0026sv=2021-08-06\u0026st=2023-01-31T20%3A16%3A05Z\u0026se=2023-02-01T04%3A26%3A05Z\u0026sr=c\u0026sp=rcwl\u0026sig=000000000000000000000000000000000000",
      "RequestMethod": "PUT",
      "RequestHeaders": {
        "Accept": "application/xml",
        "Accept-Encoding": "gzip, deflate",
        "Connection": "keep-alive",
        "Content-Length": "916",
        "Content-MD5": "eNzR/ZuYtOLAY/P/4qlaqQ==",
        "Content-Type": "application/octet-stream",
        "If-None-Match": "*",
        "User-Agent": "azsdk-python-storage-blob/12.14.1 Python/3.7.9 (Windows-10-10.0.22621-SP0)",
        "x-ms-blob-type": "BlockBlob",
        "x-ms-date": "Tue, 31 Jan 2023 20:26:06 GMT",
        "x-ms-version": "2021-08-06"
      },
      "RequestBody": "JHNjaGVtYTogaHR0cHM6Ly9jb21wb25lbnRzZGsuYXp1cmVlZGdlLm5ldC9qc29uc2NoZW1hL1Njb3BlQ29tcG9uZW50Lmpzb24KCm5hbWU6IGNvbnZlcnQyc3MKdmVyc2lvbjogMC4wLjEKZGlzcGxheV9uYW1lOiBDb252ZXJ0IFRleHQgdG8gU3RydWN0dXJlU3RyZWFtCgp0eXBlOiBTY29wZUNvbXBvbmVudAoKaXNfZGV0ZXJtaW5pc3RpYzogVHJ1ZQoKdGFnczoKICBvcmc6IGJpbmcKICBwcm9qZWN0OiByZWxldmFuY2UKCmRlc2NyaXB0aW9uOiBDb252ZXJ0IGFkbHMgdGVzdCBkYXRhIHRvIFNTIGZvcm1hdAoKaW5wdXRzOgogIFRleHREYXRhOgogICAgdHlwZTogW0FueUZpbGUsIEFueURpcmVjdG9yeV0KICAgIGRlc2NyaXB0aW9uOiB0ZXh0IGZpbGUgb24gQURMUyBzdG9yYWdlCiAgRXh0cmFjdGlvbkNsYXVzZToKICAgIHR5cGU6IHN0cmluZwogICAgZGVzY3JpcHRpb246IHRoZSBleHRyYWN0aW9uIGNsYXVzZSwgc29tZXRoaW5nIGxpa2UgImNvbHVtbjE6c3RyaW5nLCBjb2x1bW4yOmludCIKb3V0cHV0czoKICBTU1BhdGg6CiAgICB0eXBlOiBDb3Ntb3NTdHJ1Y3R1cmVkU3RyZWFtCiAgICBkZXNjcmlwdGlvbjogdGhlIGNvbnZlcnRlZCBzdHJ1Y3R1cmVkIHN0cmVhbQoKY29kZTogLi8KCnNjb3BlOgogIHNjcmlwdDogY29udmVydDJzcy5zY3JpcHQKICAjIHRvIHJlZmVyZW5jZSB0aGUgaW5wdXRzL291dHB1dHMgaW4geW91ciBzY3JpcHQKICAjIHlvdSBtdXN0IGRlZmluZSB0aGUgYXJndW1lbnQgbmFtZSBvZiB5b3VyIGludHB1cy9vdXRwdXRzIGluIGFyZ3Mgc2VjdGlvbgogIGFyZ3M6ID4tCiAgICBPdXRwdXRfU1NQYXRoIHtvdXRwdXRzLlNTUGF0aH0KICAgIElucHV0X1RleHREYXRhIHtpbnB1dHMuVGV4dERhdGF9CiAgICBFeHRyYWN0aW9uQ2xhdXNlIHtpbnB1dHMuRXh0cmFjdGlvbkNsYXVzZX0KCg==",
      "StatusCode": 201,
      "ResponseHeaders": {
        "Content-Length": "0",
        "Content-MD5": "eNzR/ZuYtOLAY/P/4qlaqQ==",
        "Date": "Tue, 31 Jan 2023 20:26:05 GMT",
        "ETag": "\u00220x8DB03C9617AF66D\u0022",
        "Last-Modified": "Tue, 31 Jan 2023 20:26:06 GMT",
        "Server": [
          "Windows-Azure-Blob/1.0",
          "Microsoft-HTTPAPI/2.0"
        ],
        "x-ms-content-crc64": "AD/OZROAsrE=",
        "x-ms-request-server-encrypted": "true",
        "x-ms-version": "2021-08-06"
      },
      "ResponseBody": null
    },
    {
      "RequestUri": "https://sag5kafuzodsfcw.blob.core.windows.net/ed997c1d-9-fa7f9683-e00a-5675-aeb4-a48010cacd8f/scope-component/component_spec.yaml?comp=metadata\u0026skoid=da11e5f0-57ac-4d3e-894c-cf537f89d706\u0026sktid=0000000-0000-0000-0000-000000000000\u0026skt=2023-01-31T18%3A31%3A59Z\u0026ske=2023-02-02T02%3A41%3A59Z\u0026sks=b\u0026skv=2019-07-07\u0026sv=2021-08-06\u0026st=2023-01-31T20%3A16%3A05Z\u0026se=2023-02-01T04%3A26%3A05Z\u0026sr=c\u0026sp=rcwl\u0026sig=000000000000000000000000000000000000",
      "RequestMethod": "PUT",
      "RequestHeaders": {
        "Accept": "application/xml",
        "Accept-Encoding": "gzip, deflate",
        "Connection": "keep-alive",
        "Content-Length": "0",
        "User-Agent": "azsdk-python-storage-blob/12.14.1 Python/3.7.9 (Windows-10-10.0.22621-SP0)",
        "x-ms-date": "Tue, 31 Jan 2023 20:26:06 GMT",
        "x-ms-meta-name": "38d3bdd3-3972-0aff-771f-c9e322379b4f",
        "x-ms-meta-upload_status": "completed",
        "x-ms-meta-version": "1",
        "x-ms-version": "2021-08-06"
      },
      "RequestBody": null,
      "StatusCode": 200,
      "ResponseHeaders": {
        "Content-Length": "0",
        "Date": "Tue, 31 Jan 2023 20:26:05 GMT",
        "ETag": "\u00220x8DB03C9618777AC\u0022",
        "Last-Modified": "Tue, 31 Jan 2023 20:26:06 GMT",
        "Server": [
          "Windows-Azure-Blob/1.0",
          "Microsoft-HTTPAPI/2.0"
        ],
        "x-ms-request-server-encrypted": "true",
        "x-ms-version": "2021-08-06"
      },
      "ResponseBody": null
    },
    {
      "RequestUri": "https://management.azure.com/subscriptions/00000000-0000-0000-0000-000000000/resourceGroups/00000/providers/Microsoft.MachineLearningServices/workspaces/00000/codes/38d3bdd3-3972-0aff-771f-c9e322379b4f/versions/1?api-version=2022-05-01",
      "RequestMethod": "PUT",
      "RequestHeaders": {
        "Accept": "application/json",
        "Accept-Encoding": "gzip, deflate",
        "Connection": "keep-alive",
        "Content-Length": "256",
        "Content-Type": "application/json",
        "User-Agent": "azure-ai-ml/1.4.0 azsdk-python-mgmt-machinelearningservices/0.1.0 Python/3.7.9 (Windows-10-10.0.22621-SP0)"
      },
      "RequestBody": {
        "properties": {
          "properties": {
            "hash_sha256": "0000000000000",
            "hash_version": "0000000000000"
          },
          "isAnonymous": true,
          "isArchived": false,
          "codeUri": "https://sag5kafuzodsfcw.blob.core.windows.net:443/ed997c1d-9-fa7f9683-e00a-5675-aeb4-a48010cacd8f/scope-component"
        }
      },
      "StatusCode": 200,
      "ResponseHeaders": {
        "Cache-Control": "no-cache",
        "Content-Encoding": "gzip",
        "Content-Type": "application/json; charset=utf-8",
        "Date": "Tue, 31 Jan 2023 20:26:07 GMT",
        "Expires": "-1",
        "Pragma": "no-cache",
        "Request-Context": "appId=cid-v1:2d2e8e63-272e-4b3c-8598-4ee570a0e70d",
        "Server-Timing": "traceparent;desc=\u002200-f3af0c2080b14f3816b36953b7ba00fc-a75093c849566796-01\u0022",
        "Strict-Transport-Security": "max-age=31536000; includeSubDomains",
        "Transfer-Encoding": "chunked",
        "Vary": [
          "Accept-Encoding",
          "Accept-Encoding"
        ],
        "x-aml-cluster": "vienna-eastus2-02",
        "X-Content-Type-Options": "nosniff",
        "x-ms-correlation-request-id": "0ae2934e-65f4-4468-bad9-d166059e759f",
        "x-ms-ratelimit-remaining-subscription-writes": "1163",
        "x-ms-response-type": "standard",
        "x-ms-routing-request-id": "SOUTHCENTRALUS:20230131T202607Z:0ae2934e-65f4-4468-bad9-d166059e759f",
        "x-request-time": "0.105"
      },
      "ResponseBody": {
        "id": "/subscriptions/00000000-0000-0000-0000-000000000/resourceGroups/00000/providers/Microsoft.MachineLearningServices/workspaces/00000/codes/38d3bdd3-3972-0aff-771f-c9e322379b4f/versions/1",
        "name": "1",
        "type": "Microsoft.MachineLearningServices/workspaces/codes/versions",
        "properties": {
          "description": null,
          "tags": {},
          "properties": {
            "hash_sha256": "0000000000000",
            "hash_version": "0000000000000"
          },
          "isArchived": false,
          "isAnonymous": false,
          "codeUri": "https://sag5kafuzodsfcw.blob.core.windows.net:443/ed997c1d-9-6bdf395b-0ca1-5c06-b65d-46b988625445/scope-component"
        },
        "systemData": {
          "createdAt": "2023-01-30T05:24:43.2206558\u002B00:00",
          "createdBy": "Diondra Peck",
          "createdByType": "User",
          "lastModifiedAt": "2023-01-31T20:26:07.8486539\u002B00:00",
          "lastModifiedBy": "Diondra Peck",
          "lastModifiedByType": "User"
        }
      }
    },
    {
      "RequestUri": "https://management.azure.com/subscriptions/00000000-0000-0000-0000-000000000/resourceGroups/00000/providers/Microsoft.MachineLearningServices/workspaces/00000/components/test_925199436112/versions/0.0.1?api-version=2022-10-01",
      "RequestMethod": "PUT",
      "RequestHeaders": {
        "Accept": "application/json",
        "Accept-Encoding": "gzip, deflate",
        "Connection": "keep-alive",
        "Content-Length": "1271",
        "Content-Type": "application/json",
        "User-Agent": "azure-ai-ml/1.4.0 azsdk-python-mgmt-machinelearningservices/0.1.0 Python/3.7.9 (Windows-10-10.0.22621-SP0)"
      },
      "RequestBody": {
        "properties": {
          "description": "Convert adls test data to SS format",
          "properties": {},
          "tags": {
            "org": "bing",
            "project": "relevance"
          },
          "isAnonymous": false,
          "isArchived": false,
          "componentSpec": {
            "name": "test_925199436112",
            "description": "Convert adls test data to SS format",
            "tags": {
              "org": "bing",
              "project": "relevance"
            },
            "version": "0.0.1",
            "$schema": "https://componentsdk.azureedge.net/jsonschema/ScopeComponent.json",
            "display_name": "Convert Text to StructureStream",
            "is_deterministic": true,
            "inputs": {
              "TextData": {
                "type": [
                  "AnyFile",
                  "AnyDirectory"
                ],
                "description": "text file on ADLS storage"
              },
              "ExtractionClause": {
                "type": "string",
                "description": "the extraction clause, something like \u0022column1:string, column2:int\u0022"
              }
            },
            "outputs": {
              "SSPath": {
                "type": "CosmosStructuredStream",
                "description": "the converted structured stream"
              }
            },
            "type": "ScopeComponent",
            "code": "azureml:/subscriptions/00000000-0000-0000-0000-000000000/resourceGroups/00000/providers/Microsoft.MachineLearningServices/workspaces/00000/codes/38d3bdd3-3972-0aff-771f-c9e322379b4f/versions/1",
            "scope": {
              "script": "convert2ss.script",
              "args": "Output_SSPath {outputs.SSPath} Input_TextData {inputs.TextData} ExtractionClause {inputs.ExtractionClause}"
            },
            "_source": "YAML.COMPONENT"
          }
        }
      },
      "StatusCode": 201,
      "ResponseHeaders": {
        "Cache-Control": "no-cache",
        "Content-Length": "2201",
        "Content-Type": "application/json; charset=utf-8",
        "Date": "Tue, 31 Jan 2023 20:26:08 GMT",
        "Expires": "-1",
        "Location": "https://management.azure.com/subscriptions/00000000-0000-0000-0000-000000000/resourceGroups/00000/providers/Microsoft.MachineLearningServices/workspaces/00000/components/test_925199436112/versions/0.0.1?api-version=2022-10-01",
        "Pragma": "no-cache",
        "Request-Context": "appId=cid-v1:2d2e8e63-272e-4b3c-8598-4ee570a0e70d",
        "Server-Timing": "traceparent;desc=\u002200-104618574ad0517fac71ae25421b8722-51cae8ca24351226-01\u0022",
        "Strict-Transport-Security": "max-age=31536000; includeSubDomains",
        "x-aml-cluster": "vienna-eastus2-02",
        "X-Content-Type-Options": "nosniff",
        "x-ms-correlation-request-id": "6089918e-a67f-4ae7-ba03-df3ca740b339",
        "x-ms-ratelimit-remaining-subscription-writes": "1162",
        "x-ms-response-type": "standard",
        "x-ms-routing-request-id": "SOUTHCENTRALUS:20230131T202608Z:6089918e-a67f-4ae7-ba03-df3ca740b339",
        "x-request-time": "0.287"
      },
      "ResponseBody": {
        "id": "/subscriptions/00000000-0000-0000-0000-000000000/resourceGroups/00000/providers/Microsoft.MachineLearningServices/workspaces/00000/components/test_925199436112/versions/0.0.1",
        "name": "0.0.1",
        "type": "Microsoft.MachineLearningServices/workspaces/components/versions",
        "properties": {
          "description": null,
          "tags": {
            "org": "bing",
            "project": "relevance"
          },
          "properties": {},
          "isArchived": false,
          "isAnonymous": false,
          "componentSpec": {
            "$schema": "https://componentsdk.azureedge.net/jsonschema/ScopeComponent.json",
            "name": "test_925199436112",
            "version": "0.0.1",
            "display_name": "Convert Text to StructureStream",
            "is_deterministic": "True",
            "type": "ScopeComponent",
            "description": "Convert adls test data to SS format",
            "tags": {
              "org": "bing",
              "project": "relevance"
            },
            "inputs": {
              "TextData": {
                "type": [
                  "AnyFile",
                  "AnyDirectory"
                ],
                "optional": "False",
                "description": "text file on ADLS storage",
                "is_resource": "False"
              },
              "ExtractionClause": {
                "type": "String",
                "optional": "False",
                "description": "the extraction clause, something like \u0022column1:string, column2:int\u0022"
              }
            },
            "outputs": {
              "SSPath": {
                "type": "CosmosStructuredStream",
                "description": "the converted structured stream"
              }
            },
            "scope": {
              "args": "Input_TextData {inputs.TextData} Output_SSPath {outputs.SSPath} ExtractionClause {inputs.ExtractionClause}",
              "script": "convert2ss.script"
            },
            "code": "azureml:/subscriptions/00000000-0000-0000-0000-000000000/resourceGroups/00000/providers/Microsoft.MachineLearningServices/workspaces/00000/codes/38d3bdd3-3972-0aff-771f-c9e322379b4f/versions/1"
          }
        },
        "systemData": {
          "createdAt": "2023-01-31T20:26:08.4837858\u002B00:00",
          "createdBy": "Diondra Peck",
          "createdByType": "User",
          "lastModifiedAt": "2023-01-31T20:26:08.5604017\u002B00:00",
          "lastModifiedBy": "Diondra Peck",
          "lastModifiedByType": "User"
        }
      }
    },
    {
      "RequestUri": "https://management.azure.com/subscriptions/00000000-0000-0000-0000-000000000/resourceGroups/00000/providers/Microsoft.MachineLearningServices/workspaces/00000/components/test_925199436112/versions/0.0.1?api-version=2022-10-01",
      "RequestMethod": "GET",
      "RequestHeaders": {
        "Accept": "application/json",
        "Accept-Encoding": "gzip, deflate",
        "Connection": "keep-alive",
        "User-Agent": "azure-ai-ml/1.4.0 azsdk-python-mgmt-machinelearningservices/0.1.0 Python/3.7.9 (Windows-10-10.0.22621-SP0)"
      },
      "RequestBody": null,
      "StatusCode": 200,
      "ResponseHeaders": {
        "Cache-Control": "no-cache",
        "Content-Encoding": "gzip",
        "Content-Type": "application/json; charset=utf-8",
        "Date": "Tue, 31 Jan 2023 20:26:14 GMT",
        "Expires": "-1",
        "Pragma": "no-cache",
        "Request-Context": "appId=cid-v1:2d2e8e63-272e-4b3c-8598-4ee570a0e70d",
        "Server-Timing": "traceparent;desc=\u002200-0aad623d6ff211f1de15c48852668ae5-e42b94abd9d6b358-01\u0022",
        "Strict-Transport-Security": "max-age=31536000; includeSubDomains",
        "Transfer-Encoding": "chunked",
        "Vary": [
          "Accept-Encoding",
          "Accept-Encoding"
        ],
        "x-aml-cluster": "vienna-eastus2-02",
        "X-Content-Type-Options": "nosniff",
        "x-ms-correlation-request-id": "44299100-44ea-4d9a-9912-95362118e9ae",
        "x-ms-ratelimit-remaining-subscription-reads": "11933",
        "x-ms-response-type": "standard",
        "x-ms-routing-request-id": "SOUTHCENTRALUS:20230131T202614Z:44299100-44ea-4d9a-9912-95362118e9ae",
        "x-request-time": "1.023"
      },
      "ResponseBody": {
        "id": "/subscriptions/00000000-0000-0000-0000-000000000/resourceGroups/00000/providers/Microsoft.MachineLearningServices/workspaces/00000/components/test_925199436112/versions/0.0.1",
        "name": "0.0.1",
        "type": "Microsoft.MachineLearningServices/workspaces/components/versions",
        "properties": {
          "description": null,
          "tags": {
            "org": "bing",
            "project": "relevance"
          },
          "properties": {},
          "isArchived": false,
          "isAnonymous": false,
          "componentSpec": {
            "$schema": "https://componentsdk.azureedge.net/jsonschema/ScopeComponent.json",
            "name": "test_925199436112",
            "version": "0.0.1",
            "display_name": "Convert Text to StructureStream",
            "is_deterministic": "True",
            "type": "ScopeComponent",
            "description": "Convert adls test data to SS format",
            "tags": {
              "org": "bing",
              "project": "relevance"
            },
            "inputs": {
              "TextData": {
                "type": [
                  "AnyFile",
                  "AnyDirectory"
                ],
                "optional": "False",
                "description": "text file on ADLS storage",
                "is_resource": "False"
              },
              "ExtractionClause": {
                "type": "String",
                "optional": "False",
                "description": "the extraction clause, something like \u0022column1:string, column2:int\u0022"
              }
            },
            "outputs": {
              "SSPath": {
                "type": "CosmosStructuredStream",
                "description": "the converted structured stream"
              }
            },
            "scope": {
              "args": "Input_TextData {inputs.TextData} Output_SSPath {outputs.SSPath} ExtractionClause {inputs.ExtractionClause}",
              "script": "convert2ss.script"
            },
            "code": "azureml:/subscriptions/00000000-0000-0000-0000-000000000/resourceGroups/00000/providers/Microsoft.MachineLearningServices/workspaces/00000/codes/38d3bdd3-3972-0aff-771f-c9e322379b4f/versions/1"
          }
        },
        "systemData": {
          "createdAt": "2023-01-31T20:26:08.4837858\u002B00:00",
          "createdBy": "Diondra Peck",
          "createdByType": "User",
          "lastModifiedAt": "2023-01-31T20:26:08.5604017\u002B00:00",
          "lastModifiedBy": "Diondra Peck",
          "lastModifiedByType": "User"
        }
      }
    },
    {
      "RequestUri": "https://management.azure.com/subscriptions/00000000-0000-0000-0000-000000000/resourceGroups/00000/providers/Microsoft.MachineLearningServices/workspaces/00000/jobs/000000000000000000000?api-version=2022-10-01-preview",
      "RequestMethod": "PUT",
      "RequestHeaders": {
        "Accept": "application/json",
        "Accept-Encoding": "gzip, deflate",
        "Connection": "keep-alive",
        "Content-Length": "1363",
        "Content-Type": "application/json",
        "User-Agent": "azure-ai-ml/1.4.0 azsdk-python-mgmt-machinelearningservices/0.1.0 Python/3.7.9 (Windows-10-10.0.22621-SP0)"
      },
      "RequestBody": {
        "properties": {
          "properties": {},
          "tags": {},
          "displayName": "pipeline_func",
          "experimentName": "azure-ai-ml",
          "isArchived": false,
          "jobType": "Pipeline",
          "inputs": {},
          "jobs": {
            "node": {
              "custom_job_name_suffix": "component_sdk_test",
              "scope_param": "-tokens 50",
              "adla_account_name": "adla_account_name",
              "priority": 800,
              "type": "ScopeComponent",
              "inputs": {
                "TextData": {
                  "uri": "/subscriptions/00000000-0000-0000-0000-000000000/resourceGroups/00000/providers/Microsoft.MachineLearningServices/workspaces/00000/data/mltable_Adls_Tsv/versions/2",
                  "job_input_type": "mltable"
                },
                "ExtractionClause": {
                  "job_input_type": "literal",
                  "value": "column1:string, column2:int"
                }
              },
              "_source": "REMOTE.WORKSPACE.COMPONENT",
              "componentId": "/subscriptions/00000000-0000-0000-0000-000000000/resourceGroups/00000/providers/Microsoft.MachineLearningServices/workspaces/00000/components/test_925199436112/versions/0.0.1"
            }
          },
          "outputs": {},
          "settings": {
            "default_compute": "/subscriptions/00000000-0000-0000-0000-000000000/resourceGroups/00000/providers/Microsoft.MachineLearningServices/workspaces/00000/computes/cpu-cluster",
            "default_datastore": "/subscriptions/00000000-0000-0000-0000-000000000/resourceGroups/00000/providers/Microsoft.MachineLearningServices/workspaces/00000/datastores/adls_datastore",
            "continue_on_step_failure": true,
            "force_rerun": false,
            "_source": "DSL"
          }
        }
      },
      "StatusCode": 201,
      "ResponseHeaders": {
        "Cache-Control": "no-cache",
        "Content-Length": "3432",
        "Content-Type": "application/json; charset=utf-8",
        "Date": "Tue, 31 Jan 2023 20:26:17 GMT",
        "Expires": "-1",
        "Location": "https://management.azure.com/subscriptions/00000000-0000-0000-0000-000000000/resourceGroups/00000/providers/Microsoft.MachineLearningServices/workspaces/00000/jobs/000000000000000000000?api-version=2022-10-01-preview",
        "Pragma": "no-cache",
        "Request-Context": "appId=cid-v1:2d2e8e63-272e-4b3c-8598-4ee570a0e70d",
        "Server-Timing": "traceparent;desc=\u002200-13715977650b6b92e94609d280cb1129-3b9f2934b4cba1f9-01\u0022",
        "Strict-Transport-Security": "max-age=31536000; includeSubDomains",
        "x-aml-cluster": "vienna-eastus2-02",
        "X-Content-Type-Options": "nosniff",
        "x-ms-correlation-request-id": "b4f25746-f637-4f1a-abd7-2163164c9d9b",
        "x-ms-ratelimit-remaining-subscription-writes": "1161",
        "x-ms-response-type": "standard",
        "x-ms-routing-request-id": "SOUTHCENTRALUS:20230131T202618Z:b4f25746-f637-4f1a-abd7-2163164c9d9b",
        "x-request-time": "1.007"
      },
      "ResponseBody": {
        "id": "/subscriptions/00000000-0000-0000-0000-000000000/resourceGroups/00000/providers/Microsoft.MachineLearningServices/workspaces/00000/jobs/000000000000000000000",
        "name": "000000000000000000000",
        "type": "Microsoft.MachineLearningServices/workspaces/jobs",
        "properties": {
          "description": null,
          "tags": {},
          "properties": {
            "azureml.DevPlatv2": "true",
            "azureml.runsource": "azureml.PipelineRun",
            "runSource": "MFE",
            "runType": "HTTP",
            "azureml.parameters": "{}",
            "azureml.continue_on_step_failure": "True",
            "azureml.continue_on_failed_optional_input": "True",
            "azureml.enforceRerun": "False",
            "azureml.defaultComputeName": "cpu-cluster",
            "azureml.defaultDataStoreName": "adls_datastore",
            "azureml.pipelineComponent": "pipelinerun"
          },
          "displayName": "pipeline_func",
          "status": "Preparing",
          "experimentName": "azure-ai-ml",
          "services": {
            "Tracking": {
              "jobServiceType": "Tracking",
              "port": null,
              "endpoint": "azureml://eastus2.api.azureml.ms/mlflow/v1.0/subscriptions/00000000-0000-0000-0000-000000000/resourceGroups/00000/providers/Microsoft.MachineLearningServices/workspaces/00000?",
              "status": null,
              "errorMessage": null,
              "properties": null,
              "nodes": null
            },
            "Studio": {
              "jobServiceType": "Studio",
              "port": null,
              "endpoint": "https://ml.azure.com/runs/000000000000000000000?wsid=/subscriptions/00000000-0000-0000-0000-000000000/resourcegroups/00000/workspaces/00000",
              "status": null,
              "errorMessage": null,
              "properties": null,
              "nodes": null
            }
          },
          "computeId": null,
          "isArchived": false,
          "identity": null,
          "componentId": null,
          "jobType": "Pipeline",
          "settings": {
            "default_compute": "/subscriptions/00000000-0000-0000-0000-000000000/resourceGroups/00000/providers/Microsoft.MachineLearningServices/workspaces/00000/computes/cpu-cluster",
            "default_datastore": "/subscriptions/00000000-0000-0000-0000-000000000/resourceGroups/00000/providers/Microsoft.MachineLearningServices/workspaces/00000/datastores/adls_datastore",
            "continue_on_step_failure": true,
            "force_rerun": false,
            "_source": "DSL"
          },
          "jobs": {
            "node": {
              "custom_job_name_suffix": "component_sdk_test",
              "scope_param": "-tokens 50",
              "adla_account_name": "adla_account_name",
              "priority": 800,
              "type": "ScopeComponent",
              "inputs": {
                "TextData": {
                  "uri": "/subscriptions/00000000-0000-0000-0000-000000000/resourceGroups/00000/providers/Microsoft.MachineLearningServices/workspaces/00000/data/mltable_Adls_Tsv/versions/2",
                  "job_input_type": "mltable"
                },
                "ExtractionClause": {
                  "job_input_type": "literal",
                  "value": "column1:string, column2:int"
                }
              },
              "_source": "REMOTE.WORKSPACE.COMPONENT",
              "componentId": "/subscriptions/00000000-0000-0000-0000-000000000/resourceGroups/00000/providers/Microsoft.MachineLearningServices/workspaces/00000/components/test_925199436112/versions/0.0.1"
            }
          },
          "inputs": {},
          "outputs": {},
          "sourceJobId": null
        },
        "systemData": {
          "createdAt": "2023-01-31T20:26:17.8319501\u002B00:00",
          "createdBy": "Diondra Peck",
          "createdByType": "User"
        }
      }
    },
    {
      "RequestUri": "https://management.azure.com/subscriptions/00000000-0000-0000-0000-000000000/resourceGroups/00000/providers/Microsoft.MachineLearningServices/workspaces/00000/jobs/000000000000000000000/cancel?api-version=2022-10-01-preview",
      "RequestMethod": "POST",
      "RequestHeaders": {
        "Accept": "application/json",
        "Accept-Encoding": "gzip, deflate",
        "Connection": "keep-alive",
        "Content-Length": "0",
        "User-Agent": "azure-ai-ml/1.4.0 azsdk-python-mgmt-machinelearningservices/0.1.0 Python/3.7.9 (Windows-10-10.0.22621-SP0)"
      },
      "RequestBody": null,
      "StatusCode": 202,
      "ResponseHeaders": {
        "Cache-Control": "no-cache",
        "Content-Length": "4",
        "Content-Type": "application/json; charset=utf-8",
        "Date": "Tue, 31 Jan 2023 20:26:19 GMT",
        "Expires": "-1",
        "Location": "https://management.azure.com/subscriptions/00000000-0000-0000-0000-000000000/providers/Microsoft.MachineLearningServices/locations/eastus2/mfeOperationResults/jc:ed997c1d-9e48-442e-b62b-478a0b393069:000000000000000000000?api-version=2022-10-01-preview",
        "Pragma": "no-cache",
        "Request-Context": "appId=cid-v1:2d2e8e63-272e-4b3c-8598-4ee570a0e70d",
        "Strict-Transport-Security": "max-age=31536000; includeSubDomains",
        "x-aml-cluster": "vienna-eastus2-02",
        "X-Content-Type-Options": "nosniff",
        "x-ms-async-operation-timeout": "PT1H",
        "x-ms-correlation-request-id": "d712a9dd-7da4-42bd-a939-c156b0d29611",
        "x-ms-ratelimit-remaining-subscription-writes": "1187",
        "x-ms-response-type": "standard",
        "x-ms-routing-request-id": "SOUTHCENTRALUS:20230131T202620Z:d712a9dd-7da4-42bd-a939-c156b0d29611",
        "x-request-time": "0.491"
      },
      "ResponseBody": "null"
    },
    {
      "RequestUri": "https://management.azure.com/subscriptions/00000000-0000-0000-0000-000000000/providers/Microsoft.MachineLearningServices/locations/eastus2/mfeOperationResults/jc:ed997c1d-9e48-442e-b62b-478a0b393069:000000000000000000000?api-version=2022-10-01-preview",
      "RequestMethod": "GET",
      "RequestHeaders": {
        "Accept": "*/*",
        "Accept-Encoding": "gzip, deflate",
        "Connection": "keep-alive",
        "User-Agent": "azure-ai-ml/1.4.0 azsdk-python-mgmt-machinelearningservices/0.1.0 Python/3.7.9 (Windows-10-10.0.22621-SP0)"
      },
      "RequestBody": null,
      "StatusCode": 202,
      "ResponseHeaders": {
        "Cache-Control": "no-cache",
        "Content-Length": "2",
        "Content-Type": "application/json; charset=utf-8",
        "Date": "Tue, 31 Jan 2023 20:26:19 GMT",
        "Expires": "-1",
        "Location": "https://management.azure.com/subscriptions/00000000-0000-0000-0000-000000000/providers/Microsoft.MachineLearningServices/locations/eastus2/mfeOperationResults/jc:ed997c1d-9e48-442e-b62b-478a0b393069:000000000000000000000?api-version=2022-10-01-preview",
        "Pragma": "no-cache",
        "Request-Context": "appId=cid-v1:2d2e8e63-272e-4b3c-8598-4ee570a0e70d",
        "Strict-Transport-Security": "max-age=31536000; includeSubDomains",
        "x-aml-cluster": "vienna-eastus2-01",
        "X-Content-Type-Options": "nosniff",
        "x-ms-correlation-request-id": "8b8d24b1-075d-40fa-81b0-d1e28d47787b",
        "x-ms-ratelimit-remaining-subscription-reads": "11932",
        "x-ms-response-type": "standard",
        "x-ms-routing-request-id": "SOUTHCENTRALUS:20230131T202620Z:8b8d24b1-075d-40fa-81b0-d1e28d47787b",
        "x-request-time": "0.022"
      },
      "ResponseBody": {}
    },
    {
      "RequestUri": "https://management.azure.com/subscriptions/00000000-0000-0000-0000-000000000/providers/Microsoft.MachineLearningServices/locations/eastus2/mfeOperationResults/jc:ed997c1d-9e48-442e-b62b-478a0b393069:000000000000000000000?api-version=2022-10-01-preview",
      "RequestMethod": "GET",
      "RequestHeaders": {
        "Accept": "*/*",
        "Accept-Encoding": "gzip, deflate",
        "Connection": "keep-alive",
        "User-Agent": "azure-ai-ml/1.4.0 azsdk-python-mgmt-machinelearningservices/0.1.0 Python/3.7.9 (Windows-10-10.0.22621-SP0)"
      },
      "RequestBody": null,
      "StatusCode": 200,
      "ResponseHeaders": {
        "Cache-Control": "no-cache",
        "Content-Length": "0",
        "Date": "Tue, 31 Jan 2023 20:26:49 GMT",
        "Expires": "-1",
        "Pragma": "no-cache",
        "Request-Context": "appId=cid-v1:2d2e8e63-272e-4b3c-8598-4ee570a0e70d",
        "Server-Timing": "traceparent;desc=\u002200-fdfc95af58f12e32debfbe0f82d3b95d-6b89fd2e091170eb-01\u0022",
        "Strict-Transport-Security": "max-age=31536000; includeSubDomains",
        "x-aml-cluster": "vienna-eastus2-01",
        "X-Content-Type-Options": "nosniff",
        "x-ms-correlation-request-id": "443b59a3-3b75-481f-a491-7f86241c0830",
        "x-ms-ratelimit-remaining-subscription-reads": "11931",
        "x-ms-response-type": "standard",
        "x-ms-routing-request-id": "SOUTHCENTRALUS:20230131T202650Z:443b59a3-3b75-481f-a491-7f86241c0830",
        "x-request-time": "0.055"
      },
      "ResponseBody": null
    }
  ],
  "Variables": {
    "component_name": "test_925199436112"
  }
}
