{
  "Entries": [
    {
      "RequestUri": "https://management.azure.com/subscriptions/00000000-0000-0000-0000-000000000/resourceGroups/00000/providers/Microsoft.MachineLearningServices/workspaces/00000/codes/1f43a999-6005-a167-6bde-90cc09ac7298/versions?api-version=2023-04-01\u0026hash=00b05eba3481b695209eefd42eccfab14785ac530539323563d8bd14bb97709c\u0026hashVersion=202208",
      "RequestMethod": "GET",
      "RequestHeaders": {
        "Accept": "application/json",
        "Accept-Encoding": "gzip, deflate",
        "Connection": "keep-alive",
        "User-Agent": "azure-ai-ml/1.8.0 azsdk-python-mgmt-machinelearningservices/0.1.0 Python/3.8.12 (Windows-10-10.0.22621-SP0)"
      },
      "RequestBody": null,
      "StatusCode": 200,
      "ResponseHeaders": {
        "Cache-Control": "no-cache",
        "Content-Encoding": "gzip",
        "Content-Type": "application/json; charset=utf-8",
        "Date": "Tue, 23 May 2023 03:11:18 GMT",
        "Expires": "-1",
        "Pragma": "no-cache",
        "Request-Context": "appId=cid-v1:2d2e8e63-272e-4b3c-8598-4ee570a0e70d",
        "Server-Timing": "traceparent;desc=\u002200-9dc6abf11e06204c737ce66018762ee4-0f59c9bd1cfd07ad-00\u0022",
        "Strict-Transport-Security": "max-age=31536000; includeSubDomains",
        "Transfer-Encoding": "chunked",
        "Vary": [
          "Accept-Encoding",
          "Accept-Encoding"
        ],
        "x-aml-cluster": "vienna-eastus2-01",
        "X-Content-Type-Options": "nosniff",
        "x-ms-correlation-request-id": "1cd5677e-bdaf-445b-8fb8-12736fb94e6d",
        "x-ms-ratelimit-remaining-subscription-reads": "11958",
        "x-ms-response-type": "standard",
        "x-ms-routing-request-id": "JAPANEAST:20230523T031119Z:1cd5677e-bdaf-445b-8fb8-12736fb94e6d",
        "x-request-time": "0.044"
      },
      "ResponseBody": {
        "value": [
          {
            "id": "/subscriptions/00000000-0000-0000-0000-000000000/resourceGroups/00000/providers/Microsoft.MachineLearningServices/workspaces/00000/codes/1f43a999-6005-a167-6bde-90cc09ac7298/versions/1",
            "name": "1",
            "type": "Microsoft.MachineLearningServices/workspaces/codes/versions",
            "properties": {
              "description": null,
              "tags": {},
              "properties": {
                "hash_sha256": "00b05eba3481b695209eefd42eccfab14785ac530539323563d8bd14bb97709c",
                "hash_version": "202208"
              },
              "isArchived": false,
              "isAnonymous": false,
              "codeUri": "https://amltest5899420437.blob.core.windows.net:443/0bdd51b6-c-ac39df18-c6e8-5eea-adc1-b500c8197a5c/hemera-component",
              "provisioningState": "Succeeded"
            },
            "systemData": {
              "createdAt": "2023-05-19T10:03:05.5598773\u002B00:00",
              "createdBy": "Chenyang Zhang",
              "createdByType": "User",
              "lastModifiedAt": "2023-05-19T10:03:05.5598773\u002B00:00",
              "lastModifiedBy": "Chenyang Zhang",
              "lastModifiedByType": "User"
            }
          }
        ]
      }
    },
    {
      "RequestUri": "https://management.azure.com/subscriptions/00000000-0000-0000-0000-000000000/resourceGroups/00000/providers/Microsoft.MachineLearningServices/workspaces/00000/codes/1f43a999-6005-a167-6bde-90cc09ac7298/versions/1?api-version=2023-04-01",
      "RequestMethod": "GET",
      "RequestHeaders": {
        "Accept": "application/json",
        "Accept-Encoding": "gzip, deflate",
        "Connection": "keep-alive",
        "User-Agent": "azure-ai-ml/1.8.0 azsdk-python-mgmt-machinelearningservices/0.1.0 Python/3.8.12 (Windows-10-10.0.22621-SP0)"
      },
      "RequestBody": null,
      "StatusCode": 200,
      "ResponseHeaders": {
        "Cache-Control": "no-cache",
        "Content-Encoding": "gzip",
        "Content-Type": "application/json; charset=utf-8",
        "Date": "Tue, 23 May 2023 03:11:19 GMT",
        "Expires": "-1",
        "Pragma": "no-cache",
        "Request-Context": "appId=cid-v1:2d2e8e63-272e-4b3c-8598-4ee570a0e70d",
        "Server-Timing": "traceparent;desc=\u002200-34f3f7b58f75996155565345dfe9ec3c-e53b722a8e74ea4f-00\u0022",
        "Strict-Transport-Security": "max-age=31536000; includeSubDomains",
        "Transfer-Encoding": "chunked",
        "Vary": [
          "Accept-Encoding",
          "Accept-Encoding"
        ],
        "x-aml-cluster": "vienna-eastus2-01",
        "X-Content-Type-Options": "nosniff",
        "x-ms-correlation-request-id": "2e2e09a2-59b4-44be-b68c-0037a16bd0aa",
        "x-ms-ratelimit-remaining-subscription-reads": "11957",
        "x-ms-response-type": "standard",
        "x-ms-routing-request-id": "JAPANEAST:20230523T031119Z:2e2e09a2-59b4-44be-b68c-0037a16bd0aa",
        "x-request-time": "0.048"
      },
      "ResponseBody": {
        "id": "/subscriptions/00000000-0000-0000-0000-000000000/resourceGroups/00000/providers/Microsoft.MachineLearningServices/workspaces/00000/codes/1f43a999-6005-a167-6bde-90cc09ac7298/versions/1",
        "name": "1",
        "type": "Microsoft.MachineLearningServices/workspaces/codes/versions",
        "properties": {
          "description": null,
          "tags": {},
          "properties": {
            "hash_sha256": "0000000000000",
            "hash_version": "0000000000000"
          },
          "isArchived": false,
          "isAnonymous": false,
          "codeUri": "https://amltest5899420437.blob.core.windows.net:443/0bdd51b6-c-ac39df18-c6e8-5eea-adc1-b500c8197a5c/hemera-component",
          "provisioningState": "Succeeded"
        },
        "systemData": {
          "createdAt": "2023-05-19T10:03:05.5598773\u002B00:00",
          "createdBy": "Chenyang Zhang",
          "createdByType": "User",
          "lastModifiedAt": "2023-05-19T10:03:05.5598773\u002B00:00",
          "lastModifiedBy": "Chenyang Zhang",
          "lastModifiedByType": "User"
        }
      }
    },
    {
      "RequestUri": "https://management.azure.com/subscriptions/00000000-0000-0000-0000-000000000/resourceGroups/00000/providers/Microsoft.MachineLearningServices/workspaces/00000/components/azureml_anonymous/versions/1e91657f-fd3c-8cf0-aa73-141ed67e1a17?api-version=2022-10-01",
      "RequestMethod": "PUT",
      "RequestHeaders": {
        "Accept": "application/json",
        "Accept-Encoding": "gzip, deflate",
        "Connection": "keep-alive",
        "Content-Length": "2392",
        "Content-Type": "application/json",
        "User-Agent": "azure-ai-ml/1.8.0 azsdk-python-mgmt-machinelearningservices/0.1.0 Python/3.8.12 (Windows-10-10.0.22621-SP0)"
      },
      "RequestBody": {
        "properties": {
          "description": "Ads LR DNN Raw Keys Dummy sample.",
          "properties": {},
          "tags": {
            "category": "Component Tutorial",
            "contact": "amldesigner@microsoft.com"
          },
          "isAnonymous": true,
          "isArchived": false,
          "componentSpec": {
            "name": "AdsLRDNNRawKeys_Dummy",
            "description": "Ads LR DNN Raw Keys Dummy sample.",
            "tags": {
              "category": "Component Tutorial",
              "contact": "amldesigner@microsoft.com"
            },
            "version": "0.0.2",
            "$schema": "https://componentsdk.azureedge.net/jsonschema/HemeraComponent.json",
            "display_name": "Ads LR DNN Raw Keys",
            "inputs": {
              "TrainingDataDir": {
                "type": "path",
                "optional": true,
                "is_resource": true
              },
              "ValidationDataDir": {
                "type": "path",
                "optional": true,
                "is_resource": true
              },
              "InitialModelDir": {
                "type": "path",
                "optional": true,
                "is_resource": true
              },
              "YarnCluster": {
                "type": "string",
                "optional": false,
                "default": "mtprime-bn2-0"
              },
              "JobQueue": {
                "type": "string",
                "optional": false,
                "default": "default"
              },
              "WorkerCount": {
                "type": "string",
                "optional": false,
                "default": "2.0"
              },
              "Cpu": {
                "type": "string",
                "optional": false,
                "default": "2.0"
              },
              "Memory": {
                "type": "string",
                "optional": false,
                "default": "10g"
              },
              "HdfsRootDir": {
                "type": "string",
                "optional": false,
                "default": "/projects/default/"
              },
              "CosmosRootDir": {
                "type": "string",
                "optional": false,
                "default": "https://cosmos09.osdinfra.net/cosmos/dummy/local/root/"
              }
            },
            "outputs": {
              "output1": {
                "type": "AnyFile"
              },
              "output2": {
                "type": "AnyFile"
              }
            },
            "type": "HemeraComponent",
            "code": "azureml:/subscriptions/00000000-0000-0000-0000-000000000/resourceGroups/00000/providers/Microsoft.MachineLearningServices/workspaces/00000/codes/1f43a999-6005-a167-6bde-90cc09ac7298/versions/1",
            "command": "run.bat [-_TrainingDataDir {inputs.TrainingDataDir}] [-_ValidationDataDir {inputs.ValidationDataDir}] [-_InitialModelDir {inputs.InitialModelDir}] -_CosmosRootDir {inputs.CosmosRootDir} -_PsCount 0 %CLUSTER%={inputs.YarnCluster} -JobQueue {inputs.JobQueue} -_WorkerCount {inputs.WorkerCount} -_Cpu {inputs.Cpu} -_Memory {inputs.Memory} -_HdfsRootDir {inputs.HdfsRootDir} -_ExposedPort \u00223200-3210,3300-3321\u0022 -_NodeLostBlocker -_UsePhysicalIP -_SyncWorker -_EntranceFileName run.py -_StartupArguments \u0022\u0022 -_PythonZipPath \u0022https://dummy/foo/bar.zip\u0022 -_ModelOutputDir {outputs.output1} -_ValidationOutputDir {outputs.output2}",
            "hemera": {
              "ref_id": "1bd1525c-082e-4652-a9b2-9c60783ec551"
            },
            "_source": "YAML.COMPONENT"
          }
        }
      },
      "StatusCode": 201,
      "ResponseHeaders": {
        "Cache-Control": "no-cache",
        "Content-Length": "3730",
        "Content-Type": "application/json; charset=utf-8",
        "Date": "Tue, 23 May 2023 03:11:21 GMT",
        "Expires": "-1",
        "Location": "https://management.azure.com/subscriptions/00000000-0000-0000-0000-000000000/resourceGroups/00000/providers/Microsoft.MachineLearningServices/workspaces/00000/components/azureml_anonymous/versions/1e91657f-fd3c-8cf0-aa73-141ed67e1a17?api-version=2022-10-01",
        "Pragma": "no-cache",
        "Request-Context": "appId=cid-v1:2d2e8e63-272e-4b3c-8598-4ee570a0e70d",
        "Server-Timing": "traceparent;desc=\u002200-4c8309bc2bdae69b6d268583e968999a-41b68a2141c52bf4-01\u0022",
        "Strict-Transport-Security": "max-age=31536000; includeSubDomains",
        "x-aml-cluster": "vienna-eastus2-01",
        "X-Content-Type-Options": "nosniff",
        "x-ms-correlation-request-id": "67c729fb-ca17-481b-aee0-00cc2023278e",
        "x-ms-ratelimit-remaining-subscription-writes": "1189",
        "x-ms-response-type": "standard",
        "x-ms-routing-request-id": "JAPANEAST:20230523T031121Z:67c729fb-ca17-481b-aee0-00cc2023278e",
        "x-request-time": "0.325"
      },
      "ResponseBody": {
        "id": "/subscriptions/00000000-0000-0000-0000-000000000/resourceGroups/00000/providers/Microsoft.MachineLearningServices/workspaces/00000/components/azureml_anonymous/versions/5a2c6ada-bb0a-4784-89b9-5331d109fec0",
        "name": "5a2c6ada-bb0a-4784-89b9-5331d109fec0",
        "type": "Microsoft.MachineLearningServices/workspaces/components/versions",
        "properties": {
          "description": null,
          "tags": {
            "category": "Component Tutorial",
            "contact": "amldesigner@microsoft.com"
          },
          "properties": {},
          "isArchived": false,
          "isAnonymous": true,
          "componentSpec": {
            "$schema": "https://componentsdk.azureedge.net/jsonschema/HemeraComponent.json",
            "name": "adslrdnnrawkeys_dummy",
            "version": "0.0.2",
            "display_name": "Ads LR DNN Raw Keys",
            "is_deterministic": "True",
            "type": "HemeraComponent",
            "description": "Ads LR DNN Raw Keys Dummy sample.",
            "tags": {
              "category": "Component Tutorial",
              "contact": "amldesigner@microsoft.com"
            },
            "inputs": {
              "TrainingDataDir": {
                "type": "path",
                "optional": "True",
                "is_resource": "True"
              },
              "ValidationDataDir": {
                "type": "path",
                "optional": "True",
                "is_resource": "True"
              },
              "InitialModelDir": {
                "type": "path",
                "optional": "True",
                "is_resource": "True"
              },
              "YarnCluster": {
                "type": "String",
                "optional": "False",
                "default": "mtprime-bn2-0"
              },
              "JobQueue": {
                "type": "String",
                "optional": "False",
                "default": "default"
              },
              "WorkerCount": {
                "type": "String",
                "optional": "False",
                "default": "2.0"
              },
              "Cpu": {
                "type": "String",
                "optional": "False",
                "default": "2.0"
              },
              "Memory": {
                "type": "String",
                "optional": "False",
                "default": "10g"
              },
              "HdfsRootDir": {
                "type": "String",
                "optional": "False",
                "default": "/projects/default/"
              },
              "CosmosRootDir": {
                "type": "String",
                "optional": "False",
                "default": "https://cosmos09.osdinfra.net/cosmos/dummy/local/root/"
              }
            },
            "outputs": {
              "output1": {
                "type": "AnyFile"
              },
              "output2": {
                "type": "AnyFile"
              }
            },
            "command": "run.bat [-_TrainingDataDir {inputs.TrainingDataDir}] [-_ValidationDataDir {inputs.ValidationDataDir}] [-_InitialModelDir {inputs.InitialModelDir}] -_CosmosRootDir {inputs.CosmosRootDir} -_PsCount 0 %CLUSTER%={inputs.YarnCluster} -JobQueue {inputs.JobQueue} -_WorkerCount {inputs.WorkerCount} -_Cpu {inputs.Cpu} -_Memory {inputs.Memory} -_HdfsRootDir {inputs.HdfsRootDir} -_ExposedPort \u00223200-3210,3300-3321\u0022 -_NodeLostBlocker -_UsePhysicalIP -_SyncWorker -_EntranceFileName run.py -_StartupArguments \u0022\u0022 -_PythonZipPath \u0022https://dummy/foo/bar.zip\u0022 -_ModelOutputDir {outputs.output1} -_ValidationOutputDir {outputs.output2}",
            "hemera": {
              "ref_id": "1bd1525c-082e-4652-a9b2-9c60783ec551"
            },
            "code": "azureml:/subscriptions/00000000-0000-0000-0000-000000000/resourceGroups/00000/providers/Microsoft.MachineLearningServices/workspaces/00000/codes/1f43a999-6005-a167-6bde-90cc09ac7298/versions/1"
          }
        },
        "systemData": {
          "createdAt": "2023-05-23T02:57:48.8122775\u002B00:00",
          "createdBy": "Chenyang Zhang",
          "createdByType": "User",
          "lastModifiedAt": "2023-05-23T02:57:48.9086139\u002B00:00",
          "lastModifiedBy": "Chenyang Zhang",
          "lastModifiedByType": "User"
        }
      }
    },
    {
      "RequestUri": "https://management.azure.com/subscriptions/00000000-0000-0000-0000-000000000/resourceGroups/00000/providers/Microsoft.MachineLearningServices/workspaces/00000/jobs/000000000000000000000?api-version=2023-04-01-preview",
      "RequestMethod": "PUT",
      "RequestHeaders": {
        "Accept": "application/json",
        "Accept-Encoding": "gzip, deflate",
        "Connection": "keep-alive",
        "Content-Length": "875",
        "Content-Type": "application/json",
        "User-Agent": "azure-ai-ml/1.8.0 azsdk-python-mgmt-machinelearningservices/0.1.0 Python/3.8.12 (Windows-10-10.0.22621-SP0)"
      },
      "RequestBody": {
        "properties": {
          "properties": {},
          "tags": {},
          "displayName": "pipeline_func",
          "experimentName": "azure-ai-ml",
          "isArchived": false,
          "jobType": "Pipeline",
          "inputs": {},
          "jobs": {
            "node": {
              "type": "HemeraComponent",
              "_source": "YAML.COMPONENT",
              "componentId": "/subscriptions/00000000-0000-0000-0000-000000000/resourceGroups/00000/providers/Microsoft.MachineLearningServices/workspaces/00000/components/azureml_anonymous/versions/5a2c6ada-bb0a-4784-89b9-5331d109fec0"
            }
          },
          "outputs": {},
          "settings": {
            "default_compute": "/subscriptions/00000000-0000-0000-0000-000000000/resourceGroups/00000/providers/Microsoft.MachineLearningServices/workspaces/00000/computes/cpu-cluster",
            "default_datastore": "/subscriptions/00000000-0000-0000-0000-000000000/resourceGroups/00000/providers/Microsoft.MachineLearningServices/workspaces/00000/datastores/workspaceblobstore",
            "_source": "DSL"
          }
        }
      },
      "StatusCode": 201,
      "ResponseHeaders": {
        "Cache-Control": "no-cache",
        "Content-Length": "2907",
        "Content-Type": "application/json; charset=utf-8",
        "Date": "Tue, 23 May 2023 03:11:24 GMT",
        "Expires": "-1",
        "Location": "https://management.azure.com/subscriptions/00000000-0000-0000-0000-000000000/resourceGroups/00000/providers/Microsoft.MachineLearningServices/workspaces/00000/jobs/000000000000000000000?api-version=2023-04-01-preview",
        "Pragma": "no-cache",
        "Request-Context": "appId=cid-v1:2d2e8e63-272e-4b3c-8598-4ee570a0e70d",
        "Server-Timing": "traceparent;desc=\u002200-0dcdce42977d11745a00b351d3a6b3bd-a14d8208ddc7145b-01\u0022",
        "Strict-Transport-Security": "max-age=31536000; includeSubDomains",
        "x-aml-cluster": "vienna-eastus2-01",
        "X-Content-Type-Options": "nosniff",
        "x-ms-correlation-request-id": "c86342c4-db67-4447-b818-a64ae6c591dc",
        "x-ms-ratelimit-remaining-subscription-writes": "1188",
        "x-ms-response-type": "standard",
        "x-ms-routing-request-id": "JAPANEAST:20230523T031124Z:c86342c4-db67-4447-b818-a64ae6c591dc",
        "x-request-time": "0.959"
      },
      "ResponseBody": {
        "id": "/subscriptions/00000000-0000-0000-0000-000000000/resourceGroups/00000/providers/Microsoft.MachineLearningServices/workspaces/00000/jobs/000000000000000000000",
        "name": "000000000000000000000",
        "type": "Microsoft.MachineLearningServices/workspaces/jobs",
        "properties": {
          "description": null,
          "tags": {},
          "properties": {
            "azureml.DevPlatv2": "true",
            "azureml.DatasetAccessMode": "Asset",
            "azureml.runsource": "azureml.PipelineRun",
            "runSource": "MFE",
            "runType": "HTTP",
            "azureml.parameters": "{}",
            "azureml.continue_on_step_failure": "True",
            "azureml.continue_on_failed_optional_input": "True",
            "azureml.enforceRerun": "False",
            "azureml.defaultComputeName": "cpu-cluster",
            "azureml.defaultDataStoreName": "workspaceblobstore",
            "azureml.pipelineComponent": "pipelinerun"
          },
          "displayName": "pipeline_func",
          "status": "Preparing",
          "experimentName": "azure-ai-ml",
          "services": {
            "Tracking": {
              "jobServiceType": "Tracking",
              "port": null,
              "endpoint": "azureml://eastus2.api.azureml.ms/mlflow/v1.0/subscriptions/00000000-0000-0000-0000-000000000/resourceGroups/00000/providers/Microsoft.MachineLearningServices/workspaces/00000?",
              "status": null,
              "errorMessage": null,
              "properties": null,
              "nodes": null
            },
            "Studio": {
              "jobServiceType": "Studio",
              "port": null,
              "endpoint": "https://ml.azure.com/runs/000000000000000000000?wsid=/subscriptions/00000000-0000-0000-0000-000000000/resourcegroups/00000/workspaces/00000",
              "status": null,
              "errorMessage": null,
              "properties": null,
              "nodes": null
            }
          },
          "computeId": null,
          "isArchived": false,
          "identity": null,
          "componentId": null,
          "notificationSetting": null,
          "secretsConfiguration": null,
          "jobType": "Pipeline",
          "settings": {
            "default_compute": "/subscriptions/00000000-0000-0000-0000-000000000/resourceGroups/00000/providers/Microsoft.MachineLearningServices/workspaces/00000/computes/cpu-cluster",
            "default_datastore": "/subscriptions/00000000-0000-0000-0000-000000000/resourceGroups/00000/providers/Microsoft.MachineLearningServices/workspaces/00000/datastores/workspaceblobstore",
            "_source": "DSL"
          },
          "jobs": {
            "node": {
              "type": "HemeraComponent",
              "_source": "YAML.COMPONENT",
              "componentId": "/subscriptions/00000000-0000-0000-0000-000000000/resourceGroups/00000/providers/Microsoft.MachineLearningServices/workspaces/00000/components/azureml_anonymous/versions/5a2c6ada-bb0a-4784-89b9-5331d109fec0"
            }
          },
          "inputs": {},
          "outputs": {},
          "sourceJobId": null
        },
        "systemData": {
          "createdAt": "2023-05-23T03:11:23.9630302\u002B00:00",
          "createdBy": "Chenyang Zhang",
          "createdByType": "User"
        }
      }
    },
    {
      "RequestUri": "https://management.azure.com/subscriptions/00000000-0000-0000-0000-000000000/resourceGroups/00000/providers/Microsoft.MachineLearningServices/workspaces/00000/jobs/000000000000000000000/cancel?api-version=2023-04-01-preview",
      "RequestMethod": "POST",
      "RequestHeaders": {
        "Accept": "application/json",
        "Accept-Encoding": "gzip, deflate",
        "Connection": "keep-alive",
        "Content-Length": "0",
        "User-Agent": "azure-ai-ml/1.8.0 azsdk-python-mgmt-machinelearningservices/0.1.0 Python/3.8.12 (Windows-10-10.0.22621-SP0)"
      },
      "RequestBody": null,
      "StatusCode": 202,
      "ResponseHeaders": {
        "Cache-Control": "no-cache",
        "Content-Length": "4",
        "Content-Type": "application/json; charset=utf-8",
        "Date": "Tue, 23 May 2023 03:11:26 GMT",
        "Expires": "-1",
        "Location": "https://management.azure.com/subscriptions/00000000-0000-0000-0000-000000000/providers/Microsoft.MachineLearningServices/locations/eastus2/mfeOperationResults/jc:0bdd51b6-cd9c-4978-b870-99997b393b81:000000000000000000000?api-version=2023-04-01-preview",
        "Pragma": "no-cache",
        "Request-Context": "appId=cid-v1:2d2e8e63-272e-4b3c-8598-4ee570a0e70d",
        "Strict-Transport-Security": "max-age=31536000; includeSubDomains",
        "x-aml-cluster": "vienna-eastus2-01",
        "X-Content-Type-Options": "nosniff",
        "x-ms-async-operation-timeout": "PT1H",
        "x-ms-correlation-request-id": "8ab5511b-837d-45a6-b8ba-28e73d893832",
        "x-ms-ratelimit-remaining-subscription-writes": "1194",
        "x-ms-response-type": "standard",
        "x-ms-routing-request-id": "JAPANEAST:20230523T031126Z:8ab5511b-837d-45a6-b8ba-28e73d893832",
        "x-request-time": "0.605"
      },
      "ResponseBody": "null"
    },
    {
      "RequestUri": "https://management.azure.com/subscriptions/00000000-0000-0000-0000-000000000/providers/Microsoft.MachineLearningServices/locations/eastus2/mfeOperationResults/jc:0bdd51b6-cd9c-4978-b870-99997b393b81:000000000000000000000?api-version=2023-04-01-preview",
      "RequestMethod": "GET",
      "RequestHeaders": {
        "Accept": "*/*",
        "Accept-Encoding": "gzip, deflate",
        "Connection": "keep-alive",
        "User-Agent": "azure-ai-ml/1.8.0 azsdk-python-mgmt-machinelearningservices/0.1.0 Python/3.8.12 (Windows-10-10.0.22621-SP0)"
      },
      "RequestBody": null,
      "StatusCode": 202,
      "ResponseHeaders": {
        "Cache-Control": "no-cache",
        "Content-Length": "2",
        "Content-Type": "application/json; charset=utf-8",
        "Date": "Tue, 23 May 2023 03:11:26 GMT",
        "Expires": "-1",
        "Location": "https://management.azure.com/subscriptions/00000000-0000-0000-0000-000000000/providers/Microsoft.MachineLearningServices/locations/eastus2/mfeOperationResults/jc:0bdd51b6-cd9c-4978-b870-99997b393b81:000000000000000000000?api-version=2023-04-01-preview",
        "Pragma": "no-cache",
        "Request-Context": "appId=cid-v1:2d2e8e63-272e-4b3c-8598-4ee570a0e70d",
        "Strict-Transport-Security": "max-age=31536000; includeSubDomains",
        "x-aml-cluster": "vienna-eastus2-02",
        "X-Content-Type-Options": "nosniff",
        "x-ms-correlation-request-id": "baebc783-d81a-49a3-8854-c920e475a16c",
        "x-ms-ratelimit-remaining-subscription-reads": "11956",
        "x-ms-response-type": "standard",
        "x-ms-routing-request-id": "JAPANEAST:20230523T031127Z:baebc783-d81a-49a3-8854-c920e475a16c",
        "x-request-time": "0.027"
      },
      "ResponseBody": {}
    },
    {
      "RequestUri": "https://management.azure.com/subscriptions/00000000-0000-0000-0000-000000000/providers/Microsoft.MachineLearningServices/locations/eastus2/mfeOperationResults/jc:0bdd51b6-cd9c-4978-b870-99997b393b81:000000000000000000000?api-version=2023-04-01-preview",
      "RequestMethod": "GET",
      "RequestHeaders": {
        "Accept": "*/*",
        "Accept-Encoding": "gzip, deflate",
        "Connection": "keep-alive",
        "User-Agent": "azure-ai-ml/1.8.0 azsdk-python-mgmt-machinelearningservices/0.1.0 Python/3.8.12 (Windows-10-10.0.22621-SP0)"
      },
      "RequestBody": null,
      "StatusCode": 200,
      "ResponseHeaders": {
        "Cache-Control": "no-cache",
        "Content-Length": "0",
        "Date": "Tue, 23 May 2023 03:11:56 GMT",
        "Expires": "-1",
        "Pragma": "no-cache",
        "Request-Context": "appId=cid-v1:2d2e8e63-272e-4b3c-8598-4ee570a0e70d",
        "Server-Timing": "traceparent;desc=\u002200-b63440236d95bba4f211d18a24d2a448-35ff9cde4636e21f-00\u0022",
        "Strict-Transport-Security": "max-age=31536000; includeSubDomains",
        "x-aml-cluster": "vienna-eastus2-02",
        "X-Content-Type-Options": "nosniff",
        "x-ms-correlation-request-id": "0034b844-9c2c-44e3-827b-2e19a67a1453",
        "x-ms-ratelimit-remaining-subscription-reads": "11955",
        "x-ms-response-type": "standard",
        "x-ms-routing-request-id": "JAPANEAST:20230523T031157Z:0034b844-9c2c-44e3-827b-2e19a67a1453",
        "x-request-time": "0.027"
      },
      "ResponseBody": null
    }
  ],
  "Variables": {}
}
