{
  "Entries": [
    {
      "RequestUri": "https://management.azure.com/subscriptions/00000000-0000-0000-0000-000000000/resourceGroups/00000/providers/Microsoft.MachineLearningServices/workspaces/00000/codes/24be5e70-600a-39b9-df16-43097a549089/versions?api-version=2023-04-01\u0026hash=000000000000000000000000000000000000\u0026hashVersion=202208",
      "RequestMethod": "GET",
      "RequestHeaders": {
        "Accept": "application/json",
        "Accept-Encoding": "gzip, deflate",
        "Connection": "keep-alive",
        "User-Agent": "azure-ai-ml/1.7.0 azsdk-python-mgmt-machinelearningservices/0.1.0 Python/3.9.10 (Windows-10-10.0.22621-SP0)"
      },
      "RequestBody": null,
      "StatusCode": 200,
      "ResponseHeaders": {
        "Cache-Control": "no-cache",
        "Content-Encoding": "gzip",
        "Content-Type": "application/json; charset=utf-8",
        "Date": "Fri, 28 Apr 2023 09:51:03 GMT",
        "Expires": "-1",
        "Pragma": "no-cache",
        "request-context": "appId=cid-v1:512cc15a-13b5-415b-bfd0-dce7accb6bb1",
        "Server-Timing": "traceparent;desc=\u002200-c4e7a0a3b0db7ae907eb5bf3988fe0ed-525bc74b4db5bd7e-01\u0022",
        "Strict-Transport-Security": "max-age=31536000; includeSubDomains",
        "Transfer-Encoding": "chunked",
        "Vary": [
          "Accept-Encoding",
          "Accept-Encoding"
        ],
        "x-aml-cluster": "vienna-test-westus2-01",
        "X-Content-Type-Options": "nosniff",
        "x-ms-correlation-request-id": "e4554f8e-eebe-4f7b-a437-277419c035e1",
        "x-ms-ratelimit-remaining-subscription-reads": "11892",
        "x-ms-response-type": "standard",
        "x-ms-routing-request-id": "JAPANEAST:20230428T095104Z:e4554f8e-eebe-4f7b-a437-277419c035e1",
        "x-request-time": "0.341"
      },
      "ResponseBody": {
        "value": [
          {
            "id": "/subscriptions/00000000-0000-0000-0000-000000000/resourceGroups/00000/providers/Microsoft.MachineLearningServices/workspaces/00000/codes/24be5e70-600a-39b9-df16-43097a549089/versions/1",
            "name": "1",
            "type": "Microsoft.MachineLearningServices/workspaces/codes/versions",
            "properties": {
              "description": null,
              "tags": {},
              "properties": {
                "hash_sha256": "c2935a0ba74439e063240ca04b74a61fb92575481dc2eede0969a9b169ea9292",
                "hash_version": "202208"
              },
              "isArchived": false,
              "isAnonymous": false,
              "codeUri": "https://sdknotebstoragee77090213.blob.core.windows.net:443/7f206fe8-7-cbcf4d11-e5d8-5cbc-98e3-f796072a10b6/starlite-component",
              "provisioningState": "Succeeded"
            },
            "systemData": {
              "createdAt": "2023-04-28T09:38:52.8169824\u002B00:00",
              "createdBy": "Xingzhi Zhang",
              "createdByType": "User",
              "lastModifiedAt": "2023-04-28T09:38:52.8169824\u002B00:00",
              "lastModifiedBy": "Xingzhi Zhang",
              "lastModifiedByType": "User"
            }
          }
        ]
      }
    },
    {
      "RequestUri": "https://management.azure.com/subscriptions/00000000-0000-0000-0000-000000000/resourceGroups/00000/providers/Microsoft.MachineLearningServices/workspaces/00000/codes/24be5e70-600a-39b9-df16-43097a549089/versions/1?api-version=2023-04-01",
      "RequestMethod": "GET",
      "RequestHeaders": {
        "Accept": "application/json",
        "Accept-Encoding": "gzip, deflate",
        "Connection": "keep-alive",
        "User-Agent": "azure-ai-ml/1.7.0 azsdk-python-mgmt-machinelearningservices/0.1.0 Python/3.9.10 (Windows-10-10.0.22621-SP0)"
      },
      "RequestBody": null,
      "StatusCode": 200,
      "ResponseHeaders": {
        "Cache-Control": "no-cache",
        "Content-Encoding": "gzip",
        "Content-Type": "application/json; charset=utf-8",
        "Date": "Fri, 28 Apr 2023 09:51:04 GMT",
        "Expires": "-1",
        "Pragma": "no-cache",
        "request-context": "appId=cid-v1:512cc15a-13b5-415b-bfd0-dce7accb6bb1",
        "Server-Timing": "traceparent;desc=\u002200-45b1f6138b6a7da8215c16c2587f2507-963b98efd751653a-01\u0022",
        "Strict-Transport-Security": "max-age=31536000; includeSubDomains",
        "Transfer-Encoding": "chunked",
        "Vary": [
          "Accept-Encoding",
          "Accept-Encoding"
        ],
        "x-aml-cluster": "vienna-test-westus2-01",
        "X-Content-Type-Options": "nosniff",
        "x-ms-correlation-request-id": "6042cc08-e197-4494-b155-45ff13d43daa",
        "x-ms-ratelimit-remaining-subscription-reads": "11891",
        "x-ms-response-type": "standard",
        "x-ms-routing-request-id": "JAPANEAST:20230428T095104Z:6042cc08-e197-4494-b155-45ff13d43daa",
        "x-request-time": "0.316"
      },
      "ResponseBody": {
        "id": "/subscriptions/00000000-0000-0000-0000-000000000/resourceGroups/00000/providers/Microsoft.MachineLearningServices/workspaces/00000/codes/24be5e70-600a-39b9-df16-43097a549089/versions/1",
        "name": "1",
        "type": "Microsoft.MachineLearningServices/workspaces/codes/versions",
        "properties": {
          "description": null,
          "tags": {},
          "properties": {
            "hash_sha256": "0000000000000",
            "hash_version": "0000000000000"
          },
          "isArchived": false,
          "isAnonymous": false,
          "codeUri": "https://sdknotebstoragee77090213.blob.core.windows.net:443/7f206fe8-7-cbcf4d11-e5d8-5cbc-98e3-f796072a10b6/starlite-component",
          "provisioningState": "Succeeded"
        },
        "systemData": {
          "createdAt": "2023-04-28T09:38:52.8169824\u002B00:00",
          "createdBy": "Xingzhi Zhang",
          "createdByType": "User",
          "lastModifiedAt": "2023-04-28T09:38:52.8169824\u002B00:00",
          "lastModifiedBy": "Xingzhi Zhang",
          "lastModifiedByType": "User"
        }
      }
    },
    {
      "RequestUri": "https://management.azure.com/subscriptions/00000000-0000-0000-0000-000000000/resourceGroups/00000/providers/Microsoft.MachineLearningServices/workspaces/00000/components/test_371767280483/versions/0.0.1?api-version=2022-10-01",
      "RequestMethod": "PUT",
      "RequestHeaders": {
        "Accept": "application/json",
        "Accept-Encoding": "gzip, deflate",
        "Connection": "keep-alive",
        "Content-Length": "1803",
        "Content-Type": "application/json",
        "User-Agent": "azure-ai-ml/1.7.0 azsdk-python-mgmt-machinelearningservices/0.1.0 Python/3.9.10 (Windows-10-10.0.22621-SP0)"
      },
      "RequestBody": {
        "properties": {
          "description": "Allows to download files from SearchGold to cosmos and get their revision information. \u0027FileList\u0027 input is a file with source depot paths, one per line.",
          "properties": {},
          "tags": {
            "category": "Component Tutorial",
            "contact": "amldesigner@microsoft.com"
          },
          "isAnonymous": false,
          "isArchived": false,
          "componentSpec": {
            "name": "test_371767280483",
            "description": "Allows to download files from SearchGold to cosmos and get their revision information. \u0027FileList\u0027 input is a file with source depot paths, one per line.",
            "tags": {
              "category": "Component Tutorial",
              "contact": "amldesigner@microsoft.com"
            },
            "version": "0.0.1",
            "$schema": "https://componentsdk.azureedge.net/jsonschema/StarliteComponent.json",
            "display_name": "Starlite SearchGold Get Files",
            "inputs": {
              "UploadToCosmos": {
                "type": "enum",
                "optional": false,
                "default": "false",
                "enum": [
                  "true",
                  "false"
                ]
              },
              "FileList": {
                "type": "AnyFile",
                "optional": false
              },
              "RunId": {
                "type": "string",
                "optional": true,
                "description": "a parameter value"
              },
              "FileListFileName": {
                "type": "string",
                "optional": false,
                "default": "\\\\output.tsv"
              }
            },
            "outputs": {
              "Files": {
                "type": "AnyDirectory"
              },
              "CosmosPath": {
                "type": "AnyFile"
              },
              "ResultInfo": {
                "type": "AnyFile"
              }
            },
            "type": "StarliteComponent",
            "code": "azureml:/subscriptions/00000000-0000-0000-0000-000000000/resourceGroups/00000/providers/Microsoft.MachineLearningServices/workspaces/00000/codes/24be5e70-600a-39b9-df16-43097a549089/versions/1",
            "command": "Starlite.Cloud.SourceDepotGet.exe /UploadToCosmos:{inputs.UploadToCosmos} /FileList:{inputs.FileList}{inputs.FileListFileName} /Files:{outputs.Files} /CosmosPath:{outputs.CosmosPath} /ResultInfo:{outputs.ResultInfo} \u0022\u0022",
            "starlite": {
              "ref_id": "bd140f4d-7775-4246-a75c-1c86df9536fb"
            },
            "_source": "YAML.COMPONENT"
          }
        }
      },
      "StatusCode": 201,
      "ResponseHeaders": {
        "Cache-Control": "no-cache",
        "Content-Length": "2713",
        "Content-Type": "application/json; charset=utf-8",
        "Date": "Fri, 28 Apr 2023 09:51:08 GMT",
        "Expires": "-1",
        "Location": "https://management.azure.com/subscriptions/00000000-0000-0000-0000-000000000/resourceGroups/00000/providers/Microsoft.MachineLearningServices/workspaces/00000/components/test_371767280483/versions/0.0.1?api-version=2022-10-01",
        "Pragma": "no-cache",
        "request-context": "appId=cid-v1:512cc15a-13b5-415b-bfd0-dce7accb6bb1",
        "Server-Timing": "traceparent;desc=\u002200-a086b24b302ce96dac188601af87a212-0700254d89a77f9d-01\u0022",
        "Strict-Transport-Security": "max-age=31536000; includeSubDomains",
        "x-aml-cluster": "vienna-test-westus2-01",
        "X-Content-Type-Options": "nosniff",
        "x-ms-correlation-request-id": "a31c09e5-359a-4b84-b98d-6cd848130514",
        "x-ms-ratelimit-remaining-subscription-writes": "1155",
        "x-ms-response-type": "standard",
        "x-ms-routing-request-id": "JAPANEAST:20230428T095108Z:a31c09e5-359a-4b84-b98d-6cd848130514",
        "x-request-time": "2.347"
      },
      "ResponseBody": {
        "id": "/subscriptions/00000000-0000-0000-0000-000000000/resourceGroups/00000/providers/Microsoft.MachineLearningServices/workspaces/00000/components/test_371767280483/versions/0.0.1",
        "name": "0.0.1",
        "type": "Microsoft.MachineLearningServices/workspaces/components/versions",
        "properties": {
          "description": null,
          "tags": {
            "category": "Component Tutorial",
            "contact": "amldesigner@microsoft.com"
          },
          "properties": {},
          "isArchived": false,
          "isAnonymous": false,
          "componentSpec": {
            "$schema": "https://componentsdk.azureedge.net/jsonschema/StarliteComponent.json",
            "name": "test_371767280483",
            "version": "0.0.1",
            "display_name": "Starlite SearchGold Get Files",
            "is_deterministic": "True",
            "type": "StarliteComponent",
            "description": "Allows to download files from SearchGold to cosmos and get their revision information. \u0027FileList\u0027 input is a file with source depot paths, one per line.",
            "tags": {
              "category": "Component Tutorial",
              "contact": "amldesigner@microsoft.com"
            },
            "inputs": {
              "FileList": {
                "type": "AnyFile",
                "optional": "False"
              },
              "UploadToCosmos": {
                "type": "Enum",
                "optional": "False",
                "default": "false",
                "enum": [
                  "true",
                  "false"
                ]
              },
              "RunId": {
                "type": "String",
                "optional": "True",
                "description": "a parameter value"
              },
              "FileListFileName": {
                "type": "String",
                "optional": "False",
                "default": "\\\\output.tsv"
              }
            },
            "outputs": {
              "Files": {
                "type": "AnyDirectory"
              },
              "CosmosPath": {
                "type": "AnyFile"
              },
              "ResultInfo": {
                "type": "AnyFile"
              }
            },
            "command": "Starlite.Cloud.SourceDepotGet.exe /UploadToCosmos:{inputs.UploadToCosmos} /FileList:{inputs.FileList}{inputs.FileListFileName} /Files:{outputs.Files} /CosmosPath:{outputs.CosmosPath} /ResultInfo:{outputs.ResultInfo} \u0022\u0022",
            "starlite": {
              "ref_id": "bd140f4d-7775-4246-a75c-1c86df9536fb"
            },
            "code": "azureml:/subscriptions/00000000-0000-0000-0000-000000000/resourceGroups/00000/providers/Microsoft.MachineLearningServices/workspaces/00000/codes/24be5e70-600a-39b9-df16-43097a549089/versions/1"
          }
        },
        "systemData": {
          "createdAt": "2023-04-28T09:51:08.0400774\u002B00:00",
          "createdBy": "Xingzhi Zhang",
          "createdByType": "User",
          "lastModifiedAt": "2023-04-28T09:51:08.5603\u002B00:00",
          "lastModifiedBy": "Xingzhi Zhang",
          "lastModifiedByType": "User"
        }
      }
    },
    {
      "RequestUri": "https://management.azure.com/subscriptions/00000000-0000-0000-0000-000000000/resourceGroups/00000/providers/Microsoft.MachineLearningServices/workspaces/00000/components/test_371767280483/versions/0.0.1?api-version=2022-10-01",
      "RequestMethod": "GET",
      "RequestHeaders": {
        "Accept": "application/json",
        "Accept-Encoding": "gzip, deflate",
        "Connection": "keep-alive",
        "User-Agent": "azure-ai-ml/1.7.0 azsdk-python-mgmt-machinelearningservices/0.1.0 Python/3.9.10 (Windows-10-10.0.22621-SP0)"
      },
      "RequestBody": null,
      "StatusCode": 200,
      "ResponseHeaders": {
        "Cache-Control": "no-cache",
        "Content-Encoding": "gzip",
        "Content-Type": "application/json; charset=utf-8",
        "Date": "Fri, 28 Apr 2023 09:51:14 GMT",
        "Expires": "-1",
        "Pragma": "no-cache",
        "request-context": "appId=cid-v1:512cc15a-13b5-415b-bfd0-dce7accb6bb1",
        "Server-Timing": "traceparent;desc=\u002200-411a773806e26b1e8748bc2c3be74780-853414725c0090a9-01\u0022",
        "Strict-Transport-Security": "max-age=31536000; includeSubDomains",
        "Transfer-Encoding": "chunked",
        "Vary": [
          "Accept-Encoding",
          "Accept-Encoding"
        ],
        "x-aml-cluster": "vienna-test-westus2-01",
        "X-Content-Type-Options": "nosniff",
        "x-ms-correlation-request-id": "5a720bc9-a874-46ca-b997-f61280738746",
        "x-ms-ratelimit-remaining-subscription-reads": "11890",
        "x-ms-response-type": "standard",
        "x-ms-routing-request-id": "JAPANEAST:20230428T095115Z:5a720bc9-a874-46ca-b997-f61280738746",
        "x-request-time": "0.722"
      },
      "ResponseBody": {
        "id": "/subscriptions/00000000-0000-0000-0000-000000000/resourceGroups/00000/providers/Microsoft.MachineLearningServices/workspaces/00000/components/test_371767280483/versions/0.0.1",
        "name": "0.0.1",
        "type": "Microsoft.MachineLearningServices/workspaces/components/versions",
        "properties": {
          "description": null,
          "tags": {
            "category": "Component Tutorial",
            "contact": "amldesigner@microsoft.com"
          },
          "properties": {},
          "isArchived": false,
          "isAnonymous": false,
          "componentSpec": {
            "$schema": "https://componentsdk.azureedge.net/jsonschema/StarliteComponent.json",
            "name": "test_371767280483",
            "version": "0.0.1",
            "display_name": "Starlite SearchGold Get Files",
            "is_deterministic": "True",
            "type": "StarliteComponent",
            "description": "Allows to download files from SearchGold to cosmos and get their revision information. \u0027FileList\u0027 input is a file with source depot paths, one per line.",
            "tags": {
              "category": "Component Tutorial",
              "contact": "amldesigner@microsoft.com"
            },
            "inputs": {
              "FileList": {
                "type": "AnyFile",
                "optional": "False"
              },
              "UploadToCosmos": {
                "type": "Enum",
                "optional": "False",
                "default": "false",
                "enum": [
                  "true",
                  "false"
                ]
              },
              "RunId": {
                "type": "String",
                "optional": "True",
                "description": "a parameter value"
              },
              "FileListFileName": {
                "type": "String",
                "optional": "False",
                "default": "\\\\output.tsv"
              }
            },
            "outputs": {
              "Files": {
                "type": "AnyDirectory"
              },
              "CosmosPath": {
                "type": "AnyFile"
              },
              "ResultInfo": {
                "type": "AnyFile"
              }
            },
            "command": "Starlite.Cloud.SourceDepotGet.exe /UploadToCosmos:{inputs.UploadToCosmos} /FileList:{inputs.FileList}{inputs.FileListFileName} /Files:{outputs.Files} /CosmosPath:{outputs.CosmosPath} /ResultInfo:{outputs.ResultInfo} \u0022\u0022",
            "starlite": {
              "ref_id": "bd140f4d-7775-4246-a75c-1c86df9536fb"
            },
            "code": "azureml:/subscriptions/00000000-0000-0000-0000-000000000/resourceGroups/00000/providers/Microsoft.MachineLearningServices/workspaces/00000/codes/24be5e70-600a-39b9-df16-43097a549089/versions/1"
          }
        },
        "systemData": {
          "createdAt": "2023-04-28T09:51:08.0400774\u002B00:00",
          "createdBy": "Xingzhi Zhang",
          "createdByType": "User",
          "lastModifiedAt": "2023-04-28T09:51:08.5603\u002B00:00",
          "lastModifiedBy": "Xingzhi Zhang",
          "lastModifiedByType": "User"
        }
      }
    },
    {
      "RequestUri": "https://management.azure.com/subscriptions/00000000-0000-0000-0000-000000000/resourceGroups/00000/providers/Microsoft.MachineLearningServices/workspaces/00000/computes/cpu-cluster?api-version=2022-10-01-preview",
      "RequestMethod": "GET",
      "RequestHeaders": {
        "Accept": "application/json",
        "Accept-Encoding": "gzip, deflate",
        "Connection": "keep-alive",
        "User-Agent": "azure-ai-ml/1.7.0 azsdk-python-mgmt-machinelearningservices/0.1.0 Python/3.9.10 (Windows-10-10.0.22621-SP0)"
      },
      "RequestBody": null,
      "StatusCode": 200,
      "ResponseHeaders": {
        "Cache-Control": "no-cache",
        "Content-Encoding": "gzip",
        "Content-Type": "application/json; charset=utf-8",
        "Date": "Fri, 28 Apr 2023 09:51:16 GMT",
        "Expires": "-1",
        "Pragma": "no-cache",
        "request-context": "appId=cid-v1:512cc15a-13b5-415b-bfd0-dce7accb6bb1",
        "Server-Timing": "traceparent;desc=\u002200-d1d42db9dcb0641d2e2285d484c1c662-da98ecef69b2bba6-01\u0022",
        "Strict-Transport-Security": "max-age=31536000; includeSubDomains",
        "Transfer-Encoding": "chunked",
        "Vary": [
          "Accept-Encoding",
          "Accept-Encoding"
        ],
        "x-aml-cluster": "vienna-test-westus2-02",
        "X-Content-Type-Options": "nosniff",
        "x-ms-correlation-request-id": "15c48d6a-c570-4981-b833-1a795a35f0e6",
        "x-ms-ratelimit-remaining-subscription-reads": "11889",
        "x-ms-response-type": "standard",
        "x-ms-routing-request-id": "JAPANEAST:20230428T095117Z:15c48d6a-c570-4981-b833-1a795a35f0e6",
        "x-request-time": "0.091"
      },
      "ResponseBody": {
        "id": "/subscriptions/00000000-0000-0000-0000-000000000/resourceGroups/AmlComponentNotebook/providers/Microsoft.MachineLearningServices/workspaces/00000/computes/cpu-cluster",
        "name": "cpu-cluster",
        "type": "Microsoft.MachineLearningServices/workspaces/computes",
        "location": "centraluseuap",
        "tags": {},
        "properties": {
          "createdOn": "2022-12-05T16:07:53.7523765\u002B00:00",
          "modifiedOn": "2022-12-05T16:08:04.5637868\u002B00:00",
          "disableLocalAuth": false,
          "description": null,
          "resourceId": null,
          "computeType": "AmlCompute",
          "computeLocation": "centraluseuap",
          "provisioningState": "Succeeded",
          "provisioningErrors": null,
          "isAttachedCompute": false,
          "properties": {
            "vmSize": "STANDARD_D2_V2",
            "vmPriority": "Dedicated",
            "scaleSettings": {
              "maxNodeCount": 4,
              "minNodeCount": 0,
              "nodeIdleTimeBeforeScaleDown": "PT2M"
            },
            "subnet": null,
            "currentNodeCount": 0,
            "targetNodeCount": 0,
            "nodeStateCounts": {
              "preparingNodeCount": 0,
              "runningNodeCount": 0,
              "idleNodeCount": 0,
              "unusableNodeCount": 0,
              "leavingNodeCount": 0,
              "preemptedNodeCount": 0
            },
            "allocationState": "Steady",
            "allocationStateTransitionTime": "2023-04-28T07:20:57.997\u002B00:00",
            "errors": null,
            "remoteLoginPortPublicAccess": "Enabled",
            "osType": "Linux",
            "virtualMachineImage": null,
            "isolatedNetwork": false,
            "enableNodePublicIp": true,
            "enableBatchPrivateLink": false,
            "propertyBag": {}
          }
        }
      }
    },
    {
      "RequestUri": "https://management.azure.com/subscriptions/00000000-0000-0000-0000-000000000/resourceGroups/00000/providers/Microsoft.MachineLearningServices/workspaces/00000/jobs/000000000000000000000?api-version=2023-04-01-preview",
      "RequestMethod": "PUT",
      "RequestHeaders": {
        "Accept": "application/json",
        "Accept-Encoding": "gzip, deflate",
        "Connection": "keep-alive",
        "Content-Length": "1186",
        "Content-Type": "application/json",
        "User-Agent": "azure-ai-ml/1.7.0 azsdk-python-mgmt-machinelearningservices/1.0.0b1 Python/3.9.10 (Windows-10-10.0.22621-SP0)"
      },
      "RequestBody": {
        "properties": {
          "properties": {},
          "tags": {},
          "displayName": "pipeline_func",
          "experimentName": "azure-ai-ml",
          "isArchived": false,
          "jobType": "Pipeline",
          "inputs": {},
          "jobs": {
            "node": {
              "type": "StarliteComponent",
              "computeId": "/subscriptions/00000000-0000-0000-0000-000000000/resourceGroups/AmlComponentNotebook/providers/Microsoft.MachineLearningServices/workspaces/00000/computes/cpu-cluster",
              "inputs": {
                "FileList": {
                  "job_input_type": "mltable",
                  "uri": "/subscriptions/00000000-0000-0000-0000-000000000/resourceGroups/00000/providers/Microsoft.MachineLearningServices/workspaces/00000/data/mltable_starlite_sample_output/versions/2"
                },
                "FileListFileName": {
                  "job_input_type": "literal",
                  "value": "\\output.tsv"
                }
              },
              "_source": "REMOTE.WORKSPACE.COMPONENT",
              "componentId": "/subscriptions/00000000-0000-0000-0000-000000000/resourceGroups/00000/providers/Microsoft.MachineLearningServices/workspaces/00000/components/test_371767280483/versions/0.0.1"
            }
          },
          "outputs": {},
          "settings": {
            "default_datastore": "/subscriptions/00000000-0000-0000-0000-000000000/resourceGroups/00000/providers/Microsoft.MachineLearningServices/workspaces/00000/datastores/workspaceblobstore",
            "_source": "DSL"
          }
        }
      },
      "StatusCode": 201,
      "ResponseHeaders": {
        "Cache-Control": "no-cache",
        "Content-Length": "3282",
        "Content-Type": "application/json; charset=utf-8",
        "Date": "Fri, 28 Apr 2023 09:51:20 GMT",
        "Expires": "-1",
        "Location": "https://management.azure.com/subscriptions/00000000-0000-0000-0000-000000000/resourceGroups/00000/providers/Microsoft.MachineLearningServices/workspaces/00000/jobs/000000000000000000000?api-version=2023-04-01-preview",
        "Pragma": "no-cache",
        "request-context": "appId=cid-v1:512cc15a-13b5-415b-bfd0-dce7accb6bb1",
        "Server-Timing": "traceparent;desc=\u002200-6a31adb6d56d0d9f93c9399c11e80fb9-e9fb00864df33da2-01\u0022",
        "Strict-Transport-Security": "max-age=31536000; includeSubDomains",
        "x-aml-cluster": "vienna-test-westus2-01",
        "X-Content-Type-Options": "nosniff",
        "x-ms-correlation-request-id": "aee6cf33-228d-4eeb-91b3-02937dd51646",
        "x-ms-ratelimit-remaining-subscription-writes": "1154",
        "x-ms-response-type": "standard",
        "x-ms-routing-request-id": "JAPANEAST:20230428T095121Z:aee6cf33-228d-4eeb-91b3-02937dd51646",
        "x-request-time": "2.529"
      },
      "ResponseBody": {
        "id": "/subscriptions/00000000-0000-0000-0000-000000000/resourceGroups/00000/providers/Microsoft.MachineLearningServices/workspaces/00000/jobs/000000000000000000000",
        "name": "000000000000000000000",
        "type": "Microsoft.MachineLearningServices/workspaces/jobs",
        "properties": {
          "description": null,
          "tags": {},
          "properties": {
            "azureml.DevPlatv2": "true",
            "azureml.DatasetAccessMode": "Asset",
            "azureml.runsource": "azureml.PipelineRun",
            "runSource": "MFE",
            "runType": "HTTP",
            "azureml.parameters": "{}",
            "azureml.continue_on_step_failure": "True",
            "azureml.continue_on_failed_optional_input": "True",
            "azureml.enforceRerun": "False",
            "azureml.defaultDataStoreName": "workspaceblobstore",
            "azureml.pipelineComponent": "pipelinerun"
          },
          "displayName": "pipeline_func",
          "status": "Preparing",
          "experimentName": "azure-ai-ml",
          "services": {
            "Tracking": {
              "jobServiceType": "Tracking",
              "port": null,
              "endpoint": "azureml://master.api.azureml-test.ms/mlflow/v1.0/subscriptions/00000000-0000-0000-0000-000000000/resourceGroups/00000/providers/Microsoft.MachineLearningServices/workspaces/00000?",
              "status": null,
              "errorMessage": null,
              "properties": null,
              "nodes": null
            },
            "Studio": {
              "jobServiceType": "Studio",
              "port": null,
              "endpoint": "https://ml.azure.com/runs/000000000000000000000?wsid=/subscriptions/00000000-0000-0000-0000-000000000/resourcegroups/00000/workspaces/00000",
              "status": null,
              "errorMessage": null,
              "properties": null,
              "nodes": null
            }
          },
          "computeId": null,
          "isArchived": false,
          "identity": null,
          "componentId": null,
          "notificationSetting": null,
          "secretsConfiguration": null,
          "jobType": "Pipeline",
          "settings": {
            "default_datastore": "/subscriptions/00000000-0000-0000-0000-000000000/resourceGroups/00000/providers/Microsoft.MachineLearningServices/workspaces/00000/datastores/workspaceblobstore",
            "_source": "DSL"
          },
          "jobs": {
            "node": {
              "type": "StarliteComponent",
              "computeId": "/subscriptions/00000000-0000-0000-0000-000000000/resourceGroups/AmlComponentNotebook/providers/Microsoft.MachineLearningServices/workspaces/00000/computes/cpu-cluster",
              "inputs": {
                "FileList": {
                  "job_input_type": "mltable",
                  "uri": "/subscriptions/00000000-0000-0000-0000-000000000/resourceGroups/00000/providers/Microsoft.MachineLearningServices/workspaces/00000/data/mltable_starlite_sample_output/versions/2"
                },
                "FileListFileName": {
                  "job_input_type": "literal",
                  "value": "\\output.tsv"
                }
              },
              "_source": "REMOTE.WORKSPACE.COMPONENT",
              "componentId": "/subscriptions/00000000-0000-0000-0000-000000000/resourceGroups/00000/providers/Microsoft.MachineLearningServices/workspaces/00000/components/test_371767280483/versions/0.0.1"
            }
          },
          "inputs": {},
          "outputs": {},
          "sourceJobId": null
        },
        "systemData": {
          "createdAt": "2023-04-28T09:51:21.1101158\u002B00:00",
          "createdBy": "Xingzhi Zhang",
          "createdByType": "User"
        }
      }
    },
    {
      "RequestUri": "https://management.azure.com/subscriptions/00000000-0000-0000-0000-000000000/resourceGroups/00000/providers/Microsoft.MachineLearningServices/workspaces/00000/jobs/000000000000000000000/cancel?api-version=2023-04-01-preview",
      "RequestMethod": "POST",
      "RequestHeaders": {
        "Accept": "application/json",
        "Accept-Encoding": "gzip, deflate",
        "Connection": "keep-alive",
        "Content-Length": "0",
        "User-Agent": "azure-ai-ml/1.7.0 azsdk-python-mgmt-machinelearningservices/1.0.0b1 Python/3.9.10 (Windows-10-10.0.22621-SP0)"
      },
      "RequestBody": null,
      "StatusCode": 202,
      "ResponseHeaders": {
        "Cache-Control": "no-cache",
        "Content-Length": "4",
        "Content-Type": "application/json; charset=utf-8",
        "Date": "Fri, 28 Apr 2023 09:51:23 GMT",
        "Expires": "-1",
        "Location": "https://management.azure.com/subscriptions/00000000-0000-0000-0000-000000000/providers/Microsoft.MachineLearningServices/locations/centraluseuap/mfeOperationResults/jc:7f206fe8-725b-47a7-8040-1b9d73c77f3e:000000000000000000000?api-version=2023-04-01-preview",
        "Pragma": "no-cache",
        "request-context": "appId=cid-v1:512cc15a-13b5-415b-bfd0-dce7accb6bb1",
        "Strict-Transport-Security": "max-age=31536000; includeSubDomains",
        "x-aml-cluster": "vienna-test-westus2-01",
        "X-Content-Type-Options": "nosniff",
        "x-ms-async-operation-timeout": "PT1H",
        "x-ms-correlation-request-id": "e902c797-3dcb-47e2-a392-ba83c85e8b0f",
        "x-ms-ratelimit-remaining-subscription-writes": "1173",
        "x-ms-response-type": "standard",
        "x-ms-routing-request-id": "JAPANEAST:20230428T095124Z:e902c797-3dcb-47e2-a392-ba83c85e8b0f",
        "x-request-time": "0.823"
      },
      "ResponseBody": "null"
    },
    {
      "RequestUri": "https://management.azure.com/subscriptions/00000000-0000-0000-0000-000000000/providers/Microsoft.MachineLearningServices/locations/centraluseuap/mfeOperationResults/jc:7f206fe8-725b-47a7-8040-1b9d73c77f3e:000000000000000000000?api-version=2023-04-01-preview",
      "RequestMethod": "GET",
      "RequestHeaders": {
        "Accept": "*/*",
        "Accept-Encoding": "gzip, deflate",
        "Connection": "keep-alive",
        "User-Agent": "azure-ai-ml/1.7.0 azsdk-python-mgmt-machinelearningservices/1.0.0b1 Python/3.9.10 (Windows-10-10.0.22621-SP0)"
      },
      "RequestBody": null,
      "StatusCode": 202,
      "ResponseHeaders": {
        "Cache-Control": "no-cache",
        "Content-Length": "2",
        "Content-Type": "application/json; charset=utf-8",
        "Date": "Fri, 28 Apr 2023 09:51:23 GMT",
        "Expires": "-1",
        "Location": "https://management.azure.com/subscriptions/00000000-0000-0000-0000-000000000/providers/Microsoft.MachineLearningServices/locations/centraluseuap/mfeOperationResults/jc:7f206fe8-725b-47a7-8040-1b9d73c77f3e:000000000000000000000?api-version=2023-04-01-preview",
        "Pragma": "no-cache",
        "request-context": "appId=cid-v1:512cc15a-13b5-415b-bfd0-dce7accb6bb1",
        "Strict-Transport-Security": "max-age=31536000; includeSubDomains",
        "x-aml-cluster": "vienna-test-westus2-02",
        "X-Content-Type-Options": "nosniff",
        "x-ms-correlation-request-id": "7c5b7bd8-73a1-4b15-8442-978bb334f021",
        "x-ms-ratelimit-remaining-subscription-reads": "11888",
        "x-ms-response-type": "standard",
        "x-ms-routing-request-id": "JAPANEAST:20230428T095124Z:7c5b7bd8-73a1-4b15-8442-978bb334f021",
        "x-request-time": "0.026"
      },
      "ResponseBody": {}
    },
    {
      "RequestUri": "https://management.azure.com/subscriptions/00000000-0000-0000-0000-000000000/providers/Microsoft.MachineLearningServices/locations/centraluseuap/mfeOperationResults/jc:7f206fe8-725b-47a7-8040-1b9d73c77f3e:000000000000000000000?api-version=2023-04-01-preview",
      "RequestMethod": "GET",
      "RequestHeaders": {
        "Accept": "*/*",
        "Accept-Encoding": "gzip, deflate",
        "Connection": "keep-alive",
        "User-Agent": "azure-ai-ml/1.7.0 azsdk-python-mgmt-machinelearningservices/1.0.0b1 Python/3.9.10 (Windows-10-10.0.22621-SP0)"
      },
      "RequestBody": null,
      "StatusCode": 200,
      "ResponseHeaders": {
        "Cache-Control": "no-cache",
        "Content-Length": "0",
        "Date": "Fri, 28 Apr 2023 09:51:54 GMT",
        "Expires": "-1",
        "Pragma": "no-cache",
        "request-context": "appId=cid-v1:512cc15a-13b5-415b-bfd0-dce7accb6bb1",
        "Server-Timing": "traceparent;desc=\u002200-c53f9c3f5a59cb9a166ab39302f83a0f-290a273d5447e708-01\u0022",
        "Strict-Transport-Security": "max-age=31536000; includeSubDomains",
        "x-aml-cluster": "vienna-test-westus2-02",
        "X-Content-Type-Options": "nosniff",
        "x-ms-correlation-request-id": "2a6281b0-ca60-4589-bfc0-a1be30fb0b28",
        "x-ms-ratelimit-remaining-subscription-reads": "11887",
        "x-ms-response-type": "standard",
        "x-ms-routing-request-id": "JAPANEAST:20230428T095154Z:2a6281b0-ca60-4589-bfc0-a1be30fb0b28",
        "x-request-time": "0.025"
      },
      "ResponseBody": null
    }
  ],
  "Variables": {
    "component_name": "test_371767280483"
  }
}
