{
  "Entries": [
    {
      "RequestUri": "https://management.azure.com/subscriptions/00000000-0000-0000-0000-000000000/resourceGroups/00000/providers/Microsoft.MachineLearningServices/workspaces/00000?api-version=2022-10-01",
      "RequestMethod": "GET",
      "RequestHeaders": {
        "Accept": "application/json",
        "Accept-Encoding": "gzip, deflate",
        "Connection": "keep-alive",
        "User-Agent": "azure-ai-ml/1.5.0 azsdk-python-mgmt-machinelearningservices/0.1.0 Python/3.7.9 (Windows-10-10.0.22621-SP0)"
      },
      "RequestBody": null,
      "StatusCode": 200,
      "ResponseHeaders": {
        "Cache-Control": "no-cache",
        "Content-Encoding": "gzip",
        "Content-Type": "application/json; charset=utf-8",
        "Date": "Sat, 11 Feb 2023 02:05:09 GMT",
        "Expires": "-1",
        "Pragma": "no-cache",
        "Request-Context": "appId=cid-v1:2d2e8e63-272e-4b3c-8598-4ee570a0e70d",
        "Server-Timing": "traceparent;desc=\u002200-621473107b6e958c7875e070179da3b7-1add1d05d39d9aa4-01\u0022",
        "Strict-Transport-Security": "max-age=31536000; includeSubDomains",
        "Transfer-Encoding": "chunked",
        "Vary": [
          "Accept-Encoding",
          "Accept-Encoding"
        ],
        "x-aml-cluster": "vienna-eastus2-01",
        "X-Content-Type-Options": "nosniff",
        "x-ms-correlation-request-id": "28aad232-6e4d-4c5e-bfb0-66668ec3db6f",
        "x-ms-ratelimit-remaining-subscription-reads": "11906",
        "x-ms-response-type": "standard",
        "x-ms-routing-request-id": "WESTUS2:20230211T020510Z:28aad232-6e4d-4c5e-bfb0-66668ec3db6f",
        "x-request-time": "0.021"
      },
      "ResponseBody": {
        "id": "/subscriptions/00000000-0000-0000-0000-000000000/resourceGroups/00000/providers/Microsoft.MachineLearningServices/workspaces/00000",
        "name": "00000",
        "type": "Microsoft.MachineLearningServices/workspaces",
        "location": "eastus2",
        "tags": {},
        "etag": null,
        "properties": {
          "friendlyName": "00000",
          "description": "",
          "storageAccount": "/subscriptions/00000000-0000-0000-0000-000000000/resourceGroups/00000/providers/Microsoft.Storage/storageAccounts/safat2f6rn4hclg",
          "keyVault": "/subscriptions/00000000-0000-0000-0000-000000000/resourceGroups/00000/providers/Microsoft.Keyvault/vaults/kvtestkwk2ikhiolcmu",
          "applicationInsights": "/subscriptions/00000000-0000-0000-0000-000000000/resourceGroups/00000/providers/Microsoft.insights/components/aifat2f6rn4hclg",
          "hbiWorkspace": false,
          "tenantId": "72f988bf-86f1-41af-91ab-2d7cd011db47",
          "imageBuildCompute": null,
          "provisioningState": "Succeeded",
          "v1LegacyMode": false,
          "softDeleteEnabled": false,
          "containerRegistry": "/subscriptions/00000000-0000-0000-0000-000000000/resourceGroups/00000/providers/Microsoft.ContainerRegistry/registries/crfat2f6rn4hclg",
          "notebookInfo": {
            "resourceId": "0000000-0000-0000-0000-000000000000",
            "fqdn": "ml-sdkvnextcli-eastus2-f7a7a6a9-166d-4f8e-9423-60668c799dd1.eastus2.notebooks.azure.net",
            "isPrivateLinkEnabled": false,
            "notebookPreparationError": null
          },
          "storageHnsEnabled": false,
          "workspaceId": "f7a7a6a9-166d-4f8e-9423-60668c799dd1",
          "linkedModelInventoryArmId": null,
          "privateLinkCount": 0,
          "publicNetworkAccess": "Enabled",
          "discoveryUrl": "https://eastus2.api.azureml.ms/discovery",
          "mlFlowTrackingUri": "azureml://eastus2.api.azureml.ms/mlflow/v1.0/subscriptions/00000000-0000-0000-0000-000000000/resourceGroups/00000/providers/Microsoft.MachineLearningServices/workspaces/00000",
          "sdkTelemetryAppInsightsKey": "0000000-0000-0000-0000-000000000000",
          "sasGetterUri": "",
          "enableDataIsolation": false
        },
        "identity": {
          "type": "SystemAssigned",
          "principalId": "0000000-0000-0000-0000-000000000000",
          "tenantId": "72f988bf-86f1-41af-91ab-2d7cd011db47"
        },
        "kind": "Default",
        "sku": {
          "name": "Basic",
          "tier": "Basic"
        },
        "systemData": {
          "createdAt": "2023-02-09T01:53:50.8086974Z",
          "createdBy": "dipeck@microsoft.com",
          "createdByType": "User",
          "lastModifiedAt": "2023-02-09T01:53:50.8086974Z",
          "lastModifiedBy": "dipeck@microsoft.com",
          "lastModifiedByType": "User"
        }
      }
    },
    {
      "RequestUri": "https://eastus2.api.azureml.ms/content/v2.0/subscriptions/00000000-0000-0000-0000-000000000/resourceGroups/00000/providers/Microsoft.MachineLearningServices/workspaces/00000/snapshots/getByHash?hash=00b05eba3481b695209eefd42eccfab14785ac530539323563d8bd14bb97709c\u0026hashVersion=202208",
      "RequestMethod": "GET",
      "RequestHeaders": {
        "Accept": "*/*",
        "Accept-Encoding": "gzip, deflate",
        "Connection": "keep-alive",
        "Content-Type": "application/json; charset=UTF-8",
        "User-Agent": "azure-ai-ml/1.5.0 azsdk-python-core/1.26.3 Python/3.7.9 (Windows-10-10.0.22621-SP0)"
      },
      "RequestBody": null,
      "StatusCode": 200,
      "ResponseHeaders": {
        "Connection": "keep-alive",
        "Content-Encoding": "gzip",
        "Content-Type": "application/json; charset=utf-8",
        "Date": "Sat, 11 Feb 2023 02:05:12 GMT",
        "Request-Context": "appId=cid-v1:2d2e8e63-272e-4b3c-8598-4ee570a0e70d",
        "Strict-Transport-Security": "max-age=15724800; includeSubDomains; preload",
        "Transfer-Encoding": "chunked",
        "Vary": "Accept-Encoding",
        "x-aml-cluster": "vienna-eastus2-01",
        "X-Content-Type-Options": "nosniff",
        "x-ms-response-type": "standard",
        "x-request-time": "0.043"
      },
      "ResponseBody": {
        "snapshotType": "LocalFiles",
        "id": "2256180a-b123-42cd-b5b0-84674e3f5c6b",
        "root": {
          "name": "",
          "hash": null,
          "type": "Directory",
          "timestamp": "0001-01-01T00:00:00\u002B00:00",
          "sasUrl": null,
          "absoluteUrl": null,
          "sizeBytes": 0,
          "sizeSet": false,
          "children": {
            "component.yaml": {
              "name": "component.yaml",
              "hash": "41DC7C858296E983E9470CCA472391C9",
              "type": "File",
              "timestamp": "0001-01-01T00:00:00\u002B00:00",
              "sasUrl": null,
              "absoluteUrl": null,
              "sizeBytes": 1844,
              "sizeSet": true,
              "children": {}
            }
          }
        },
        "tags": {},
        "properties": {
          "hash_sha256": "00b05eba3481b695209eefd42eccfab14785ac530539323563d8bd14bb97709c",
          "hash_version": "202208",
          "azureml.codeUri": "https://safat2f6rn4hclg.blob.core.windows.net:443/f7a7a6a9-1-cdb72416-b8f8-5744-89fc-2720f6c1c734/hemera-component"
        },
        "description": null,
        "name": "1f43a999-6005-a167-6bde-90cc09ac7298",
        "version": "1",
        "createdBy": {
          "userObjectId": "b3a957de-450c-4ca7-b2aa-88dd98c87fef",
          "userPuId": "10037FFEAD05DD5D",
          "userIdp": null,
          "userAltSecId": null,
          "userIss": "https://sts.windows.net/72f988bf-86f1-41af-91ab-2d7cd011db47/",
          "userTenantId": "72f988bf-86f1-41af-91ab-2d7cd011db47",
          "userName": "Diondra Peck",
          "upn": null
        },
        "createdTime": "2023-02-09T01:57:06.167772\u002B00:00",
        "modifiedBy": {
          "userObjectId": "b3a957de-450c-4ca7-b2aa-88dd98c87fef",
          "userPuId": "10037FFEAD05DD5D",
          "userIdp": null,
          "userAltSecId": null,
          "userIss": "https://sts.windows.net/72f988bf-86f1-41af-91ab-2d7cd011db47/",
          "userTenantId": "72f988bf-86f1-41af-91ab-2d7cd011db47",
          "userName": "Diondra Peck",
          "upn": null
        },
        "modifiedTime": "2023-02-09T02:02:44.6849512\u002B00:00",
        "gitRepositoryCommit": null,
        "uri": "https://safat2f6rn4hclg.blob.core.windows.net:443/f7a7a6a9-1-5e0c840c-cd4f-5bd0-b1b2-2a2e3c97972d/hemera-component",
        "contentHash": "00b05eba3481b695209eefd42eccfab14785ac530539323563d8bd14bb97709c",
        "hashVersion": "202208",
        "provisioningState": "Succeeded"
      }
    },
    {
      "RequestUri": "https://management.azure.com/subscriptions/00000000-0000-0000-0000-000000000/resourceGroups/00000/providers/Microsoft.MachineLearningServices/workspaces/00000/codes/1f43a999-6005-a167-6bde-90cc09ac7298/versions/1?api-version=2022-05-01",
      "RequestMethod": "GET",
      "RequestHeaders": {
        "Accept": "application/json",
        "Accept-Encoding": "gzip, deflate",
        "Connection": "keep-alive",
        "User-Agent": "azure-ai-ml/1.5.0 azsdk-python-mgmt-machinelearningservices/0.1.0 Python/3.7.9 (Windows-10-10.0.22621-SP0)"
      },
      "RequestBody": null,
      "StatusCode": 200,
      "ResponseHeaders": {
        "Cache-Control": "no-cache",
        "Content-Encoding": "gzip",
        "Content-Type": "application/json; charset=utf-8",
        "Date": "Sat, 11 Feb 2023 02:05:13 GMT",
        "Expires": "-1",
        "Pragma": "no-cache",
        "Request-Context": "appId=cid-v1:2d2e8e63-272e-4b3c-8598-4ee570a0e70d",
        "Server-Timing": "traceparent;desc=\u002200-d836bfaae1693db3b6bcff0eab68f1cf-de34f923d96f0882-01\u0022",
        "Strict-Transport-Security": "max-age=31536000; includeSubDomains",
        "Transfer-Encoding": "chunked",
        "Vary": [
          "Accept-Encoding",
          "Accept-Encoding"
        ],
        "x-aml-cluster": "vienna-eastus2-01",
        "X-Content-Type-Options": "nosniff",
        "x-ms-correlation-request-id": "1199a29b-1813-48d9-9fee-9e50558c8143",
        "x-ms-ratelimit-remaining-subscription-reads": "11905",
        "x-ms-response-type": "standard",
        "x-ms-routing-request-id": "WESTUS2:20230211T020514Z:1199a29b-1813-48d9-9fee-9e50558c8143",
        "x-request-time": "0.038"
      },
      "ResponseBody": {
        "id": "/subscriptions/00000000-0000-0000-0000-000000000/resourceGroups/00000/providers/Microsoft.MachineLearningServices/workspaces/00000/codes/1f43a999-6005-a167-6bde-90cc09ac7298/versions/1",
        "name": "1",
        "type": "Microsoft.MachineLearningServices/workspaces/codes/versions",
        "properties": {
          "description": null,
          "tags": {},
          "properties": {
            "hash_sha256": "0000000000000",
            "hash_version": "0000000000000"
          },
          "isArchived": false,
          "isAnonymous": false,
          "codeUri": "https://safat2f6rn4hclg.blob.core.windows.net:443/f7a7a6a9-1-5e0c840c-cd4f-5bd0-b1b2-2a2e3c97972d/hemera-component"
        },
        "systemData": {
          "createdAt": "2023-02-09T01:57:06.167772\u002B00:00",
          "createdBy": "Diondra Peck",
          "createdByType": "User",
          "lastModifiedAt": "2023-02-09T02:02:44.6849512\u002B00:00",
          "lastModifiedBy": "Diondra Peck",
          "lastModifiedByType": "User"
        }
      }
    },
    {
      "RequestUri": "https://management.azure.com/subscriptions/00000000-0000-0000-0000-000000000/resourceGroups/00000/providers/Microsoft.MachineLearningServices/workspaces/00000/components/test_893450601623/versions/0.0.2?api-version=2022-10-01",
      "RequestMethod": "PUT",
      "RequestHeaders": {
        "Accept": "application/json",
        "Accept-Encoding": "gzip, deflate",
        "Connection": "keep-alive",
        "Content-Length": "2389",
        "Content-Type": "application/json",
        "User-Agent": "azure-ai-ml/1.5.0 azsdk-python-mgmt-machinelearningservices/0.1.0 Python/3.7.9 (Windows-10-10.0.22621-SP0)"
      },
      "RequestBody": {
        "properties": {
          "description": "Ads LR DNN Raw Keys Dummy sample.",
          "properties": {},
          "tags": {
            "category": "Component Tutorial",
            "contact": "amldesigner@microsoft.com"
          },
          "isAnonymous": false,
          "isArchived": false,
          "componentSpec": {
            "name": "test_893450601623",
            "description": "Ads LR DNN Raw Keys Dummy sample.",
            "tags": {
              "category": "Component Tutorial",
              "contact": "amldesigner@microsoft.com"
            },
            "version": "0.0.2",
            "$schema": "https://componentsdk.azureedge.net/jsonschema/HemeraComponent.json",
            "display_name": "Ads LR DNN Raw Keys",
            "inputs": {
              "TrainingDataDir": {
                "type": "path",
                "optional": true,
                "is_resource": true
              },
              "ValidationDataDir": {
                "type": "path",
                "optional": true,
                "is_resource": true
              },
              "InitialModelDir": {
                "type": "path",
                "optional": true,
                "is_resource": true
              },
              "YarnCluster": {
                "type": "string",
                "optional": false,
                "default": "mtprime-bn2-0"
              },
              "JobQueue": {
                "type": "string",
                "optional": false,
                "default": "default"
              },
              "WorkerCount": {
                "type": "string",
                "optional": false,
                "default": "2.0"
              },
              "Cpu": {
                "type": "string",
                "optional": false,
                "default": "2.0"
              },
              "Memory": {
                "type": "string",
                "optional": false,
                "default": "10g"
              },
              "HdfsRootDir": {
                "type": "string",
                "optional": false,
                "default": "/projects/default/"
              },
              "CosmosRootDir": {
                "type": "string",
                "optional": false,
                "default": "https://cosmos09.osdinfra.net/cosmos/dummy/local/root/"
              }
            },
            "outputs": {
              "output1": {
                "type": "AnyFile"
              },
              "output2": {
                "type": "AnyFile"
              }
            },
            "type": "HemeraComponent",
            "code": "azureml:/subscriptions/00000000-0000-0000-0000-000000000/resourceGroups/00000/providers/Microsoft.MachineLearningServices/workspaces/00000/codes/1f43a999-6005-a167-6bde-90cc09ac7298/versions/1",
            "command": "run.bat [-_TrainingDataDir {inputs.TrainingDataDir}] [-_ValidationDataDir {inputs.ValidationDataDir}] [-_InitialModelDir {inputs.InitialModelDir}] -_CosmosRootDir {inputs.CosmosRootDir} -_PsCount 0 %CLUSTER%={inputs.YarnCluster} -JobQueue {inputs.JobQueue} -_WorkerCount {inputs.WorkerCount} -_Cpu {inputs.Cpu} -_Memory {inputs.Memory} -_HdfsRootDir {inputs.HdfsRootDir} -_ExposedPort \u00223200-3210,3300-3321\u0022 -_NodeLostBlocker -_UsePhysicalIP -_SyncWorker -_EntranceFileName run.py -_StartupArguments \u0022\u0022 -_PythonZipPath \u0022https://dummy/foo/bar.zip\u0022 -_ModelOutputDir {outputs.output1} -_ValidationOutputDir {outputs.output2}",
            "hemera": {
              "ref_id": "1bd1525c-082e-4652-a9b2-9c60783ec551"
            },
            "_source": "YAML.COMPONENT"
          }
        }
      },
      "StatusCode": 201,
      "ResponseHeaders": {
        "Cache-Control": "no-cache",
        "Content-Length": "3661",
        "Content-Type": "application/json; charset=utf-8",
        "Date": "Sat, 11 Feb 2023 02:05:14 GMT",
        "Expires": "-1",
        "Location": "https://management.azure.com/subscriptions/00000000-0000-0000-0000-000000000/resourceGroups/00000/providers/Microsoft.MachineLearningServices/workspaces/00000/components/test_893450601623/versions/0.0.2?api-version=2022-10-01",
        "Pragma": "no-cache",
        "Request-Context": "appId=cid-v1:2d2e8e63-272e-4b3c-8598-4ee570a0e70d",
        "Server-Timing": "traceparent;desc=\u002200-6902e739b7a702a9bf7163df7473a8a3-774ef3c40901fed9-01\u0022",
        "Strict-Transport-Security": "max-age=31536000; includeSubDomains",
        "x-aml-cluster": "vienna-eastus2-01",
        "X-Content-Type-Options": "nosniff",
        "x-ms-correlation-request-id": "654474c9-08c7-4da6-845c-0e8ffc55dfb5",
        "x-ms-ratelimit-remaining-subscription-writes": "1164",
        "x-ms-response-type": "standard",
        "x-ms-routing-request-id": "WESTUS2:20230211T020515Z:654474c9-08c7-4da6-845c-0e8ffc55dfb5",
        "x-request-time": "0.372"
      },
      "ResponseBody": {
        "id": "/subscriptions/00000000-0000-0000-0000-000000000/resourceGroups/00000/providers/Microsoft.MachineLearningServices/workspaces/00000/components/test_893450601623/versions/0.0.2",
        "name": "0.0.2",
        "type": "Microsoft.MachineLearningServices/workspaces/components/versions",
        "properties": {
          "description": null,
          "tags": {
            "category": "Component Tutorial",
            "contact": "amldesigner@microsoft.com"
          },
          "properties": {},
          "isArchived": false,
          "isAnonymous": false,
          "componentSpec": {
            "$schema": "https://componentsdk.azureedge.net/jsonschema/HemeraComponent.json",
            "name": "test_893450601623",
            "version": "0.0.2",
            "display_name": "Ads LR DNN Raw Keys",
            "is_deterministic": "True",
            "type": "HemeraComponent",
            "description": "Ads LR DNN Raw Keys Dummy sample.",
            "tags": {
              "category": "Component Tutorial",
              "contact": "amldesigner@microsoft.com"
            },
            "inputs": {
              "TrainingDataDir": {
                "type": "path",
                "optional": "True",
                "is_resource": "True"
              },
              "ValidationDataDir": {
                "type": "path",
                "optional": "True",
                "is_resource": "True"
              },
              "InitialModelDir": {
                "type": "path",
                "optional": "True",
                "is_resource": "True"
              },
              "YarnCluster": {
                "type": "String",
                "optional": "False",
                "default": "mtprime-bn2-0"
              },
              "JobQueue": {
                "type": "String",
                "optional": "False",
                "default": "default"
              },
              "WorkerCount": {
                "type": "String",
                "optional": "False",
                "default": "2.0"
              },
              "Cpu": {
                "type": "String",
                "optional": "False",
                "default": "2.0"
              },
              "Memory": {
                "type": "String",
                "optional": "False",
                "default": "10g"
              },
              "HdfsRootDir": {
                "type": "String",
                "optional": "False",
                "default": "/projects/default/"
              },
              "CosmosRootDir": {
                "type": "String",
                "optional": "False",
                "default": "https://cosmos09.osdinfra.net/cosmos/dummy/local/root/"
              }
            },
            "outputs": {
              "output1": {
                "type": "AnyFile"
              },
              "output2": {
                "type": "AnyFile"
              }
            },
            "command": "run.bat [-_TrainingDataDir {inputs.TrainingDataDir}] [-_ValidationDataDir {inputs.ValidationDataDir}] [-_InitialModelDir {inputs.InitialModelDir}] -_CosmosRootDir {inputs.CosmosRootDir} -_PsCount 0 %CLUSTER%={inputs.YarnCluster} -JobQueue {inputs.JobQueue} -_WorkerCount {inputs.WorkerCount} -_Cpu {inputs.Cpu} -_Memory {inputs.Memory} -_HdfsRootDir {inputs.HdfsRootDir} -_ExposedPort \u00223200-3210,3300-3321\u0022 -_NodeLostBlocker -_UsePhysicalIP -_SyncWorker -_EntranceFileName run.py -_StartupArguments \u0022\u0022 -_PythonZipPath \u0022https://dummy/foo/bar.zip\u0022 -_ModelOutputDir {outputs.output1} -_ValidationOutputDir {outputs.output2}",
            "hemera": {
              "ref_id": "1bd1525c-082e-4652-a9b2-9c60783ec551"
            },
            "code": "azureml:/subscriptions/00000000-0000-0000-0000-000000000/resourceGroups/00000/providers/Microsoft.MachineLearningServices/workspaces/00000/codes/1f43a999-6005-a167-6bde-90cc09ac7298/versions/1"
          }
        },
        "systemData": {
          "createdAt": "2023-02-11T02:05:14.9978867\u002B00:00",
          "createdBy": "Diondra Peck",
          "createdByType": "User",
          "lastModifiedAt": "2023-02-11T02:05:15.0695366\u002B00:00",
          "lastModifiedBy": "Diondra Peck",
          "lastModifiedByType": "User"
        }
      }
    },
    {
      "RequestUri": "https://management.azure.com/subscriptions/00000000-0000-0000-0000-000000000/resourceGroups/00000/providers/Microsoft.MachineLearningServices/workspaces/00000/components/test_893450601623/versions/0.0.2?api-version=2022-10-01",
      "RequestMethod": "GET",
      "RequestHeaders": {
        "Accept": "application/json",
        "Accept-Encoding": "gzip, deflate",
        "Connection": "keep-alive",
        "User-Agent": "azure-ai-ml/1.5.0 azsdk-python-mgmt-machinelearningservices/0.1.0 Python/3.7.9 (Windows-10-10.0.22621-SP0)"
      },
      "RequestBody": null,
      "StatusCode": 200,
      "ResponseHeaders": {
        "Cache-Control": "no-cache",
        "Content-Encoding": "gzip",
        "Content-Type": "application/json; charset=utf-8",
        "Date": "Sat, 11 Feb 2023 02:05:19 GMT",
        "Expires": "-1",
        "Pragma": "no-cache",
        "Request-Context": "appId=cid-v1:2d2e8e63-272e-4b3c-8598-4ee570a0e70d",
        "Server-Timing": "traceparent;desc=\u002200-8329b569902b334fe1642d3d793b90df-14d97d0546264be2-01\u0022",
        "Strict-Transport-Security": "max-age=31536000; includeSubDomains",
        "Transfer-Encoding": "chunked",
        "Vary": [
          "Accept-Encoding",
          "Accept-Encoding"
        ],
        "x-aml-cluster": "vienna-eastus2-01",
        "X-Content-Type-Options": "nosniff",
        "x-ms-correlation-request-id": "bb95bca1-ecd2-4eca-b3b1-da64bd80b01e",
        "x-ms-ratelimit-remaining-subscription-reads": "11904",
        "x-ms-response-type": "standard",
        "x-ms-routing-request-id": "WESTUS2:20230211T020520Z:bb95bca1-ecd2-4eca-b3b1-da64bd80b01e",
        "x-request-time": "0.062"
      },
      "ResponseBody": {
        "id": "/subscriptions/00000000-0000-0000-0000-000000000/resourceGroups/00000/providers/Microsoft.MachineLearningServices/workspaces/00000/components/test_893450601623/versions/0.0.2",
        "name": "0.0.2",
        "type": "Microsoft.MachineLearningServices/workspaces/components/versions",
        "properties": {
          "description": null,
          "tags": {
            "category": "Component Tutorial",
            "contact": "amldesigner@microsoft.com"
          },
          "properties": {},
          "isArchived": false,
          "isAnonymous": false,
          "componentSpec": {
            "$schema": "https://componentsdk.azureedge.net/jsonschema/HemeraComponent.json",
            "name": "test_893450601623",
            "version": "0.0.2",
            "display_name": "Ads LR DNN Raw Keys",
            "is_deterministic": "True",
            "type": "HemeraComponent",
            "description": "Ads LR DNN Raw Keys Dummy sample.",
            "tags": {
              "category": "Component Tutorial",
              "contact": "amldesigner@microsoft.com"
            },
            "inputs": {
              "TrainingDataDir": {
                "type": "path",
                "optional": "True",
                "is_resource": "True"
              },
              "ValidationDataDir": {
                "type": "path",
                "optional": "True",
                "is_resource": "True"
              },
              "InitialModelDir": {
                "type": "path",
                "optional": "True",
                "is_resource": "True"
              },
              "YarnCluster": {
                "type": "String",
                "optional": "False",
                "default": "mtprime-bn2-0"
              },
              "JobQueue": {
                "type": "String",
                "optional": "False",
                "default": "default"
              },
              "WorkerCount": {
                "type": "String",
                "optional": "False",
                "default": "2.0"
              },
              "Cpu": {
                "type": "String",
                "optional": "False",
                "default": "2.0"
              },
              "Memory": {
                "type": "String",
                "optional": "False",
                "default": "10g"
              },
              "HdfsRootDir": {
                "type": "String",
                "optional": "False",
                "default": "/projects/default/"
              },
              "CosmosRootDir": {
                "type": "String",
                "optional": "False",
                "default": "https://cosmos09.osdinfra.net/cosmos/dummy/local/root/"
              }
            },
            "outputs": {
              "output1": {
                "type": "AnyFile"
              },
              "output2": {
                "type": "AnyFile"
              }
            },
            "command": "run.bat [-_TrainingDataDir {inputs.TrainingDataDir}] [-_ValidationDataDir {inputs.ValidationDataDir}] [-_InitialModelDir {inputs.InitialModelDir}] -_CosmosRootDir {inputs.CosmosRootDir} -_PsCount 0 %CLUSTER%={inputs.YarnCluster} -JobQueue {inputs.JobQueue} -_WorkerCount {inputs.WorkerCount} -_Cpu {inputs.Cpu} -_Memory {inputs.Memory} -_HdfsRootDir {inputs.HdfsRootDir} -_ExposedPort \u00223200-3210,3300-3321\u0022 -_NodeLostBlocker -_UsePhysicalIP -_SyncWorker -_EntranceFileName run.py -_StartupArguments \u0022\u0022 -_PythonZipPath \u0022https://dummy/foo/bar.zip\u0022 -_ModelOutputDir {outputs.output1} -_ValidationOutputDir {outputs.output2}",
            "hemera": {
              "ref_id": "1bd1525c-082e-4652-a9b2-9c60783ec551"
            },
            "code": "azureml:/subscriptions/00000000-0000-0000-0000-000000000/resourceGroups/00000/providers/Microsoft.MachineLearningServices/workspaces/00000/codes/1f43a999-6005-a167-6bde-90cc09ac7298/versions/1"
          }
        },
        "systemData": {
          "createdAt": "2023-02-11T02:05:14.9978867\u002B00:00",
          "createdBy": "Diondra Peck",
          "createdByType": "User",
          "lastModifiedAt": "2023-02-11T02:05:15.0695366\u002B00:00",
          "lastModifiedBy": "Diondra Peck",
          "lastModifiedByType": "User"
        }
      }
    },
    {
      "RequestUri": "https://management.azure.com/subscriptions/00000000-0000-0000-0000-000000000/resourceGroups/00000/providers/Microsoft.MachineLearningServices/workspaces/00000/jobs/000000000000000000000?api-version=2022-12-01-preview",
      "RequestMethod": "PUT",
      "RequestHeaders": {
        "Accept": "application/json",
        "Accept-Encoding": "gzip, deflate",
        "Connection": "keep-alive",
        "Content-Length": "856",
        "Content-Type": "application/json",
        "User-Agent": "azure-ai-ml/1.5.0 azsdk-python-mgmt-machinelearningservices/0.1.0 Python/3.7.9 (Windows-10-10.0.22621-SP0)"
      },
      "RequestBody": {
        "properties": {
          "properties": {},
          "tags": {},
          "displayName": "pipeline_func",
          "experimentName": "azure-ai-ml",
          "isArchived": false,
          "jobType": "Pipeline",
          "inputs": {},
          "jobs": {
            "node": {
              "type": "HemeraComponent",
              "_source": "REMOTE.WORKSPACE.COMPONENT",
              "componentId": "/subscriptions/00000000-0000-0000-0000-000000000/resourceGroups/00000/providers/Microsoft.MachineLearningServices/workspaces/00000/components/test_893450601623/versions/0.0.2"
            }
          },
          "outputs": {},
          "settings": {
            "default_compute": "/subscriptions/00000000-0000-0000-0000-000000000/resourceGroups/00000/providers/Microsoft.MachineLearningServices/workspaces/00000/computes/cpu-cluster",
            "default_datastore": "/subscriptions/00000000-0000-0000-0000-000000000/resourceGroups/00000/providers/Microsoft.MachineLearningServices/workspaces/00000/datastores/workspaceblobstore",
            "_source": "DSL"
          }
        }
      },
      "StatusCode": 201,
      "ResponseHeaders": {
        "Cache-Control": "no-cache",
        "Content-Length": "2737",
        "Content-Type": "application/json; charset=utf-8",
        "Date": "Sat, 11 Feb 2023 02:05:23 GMT",
        "Expires": "-1",
        "Location": "https://management.azure.com/subscriptions/00000000-0000-0000-0000-000000000/resourceGroups/00000/providers/Microsoft.MachineLearningServices/workspaces/00000/jobs/000000000000000000000?api-version=2022-12-01-preview",
        "Pragma": "no-cache",
        "Request-Context": "appId=cid-v1:2d2e8e63-272e-4b3c-8598-4ee570a0e70d",
        "Server-Timing": "traceparent;desc=\u002200-f1c11370f5219b3ed494344f74701261-a0938599d04b5bc6-01\u0022",
        "Strict-Transport-Security": "max-age=31536000; includeSubDomains",
        "x-aml-cluster": "vienna-eastus2-01",
        "X-Content-Type-Options": "nosniff",
        "x-ms-correlation-request-id": "51cbfb5c-8214-4d4d-83d8-98658412f9a9",
        "x-ms-ratelimit-remaining-subscription-writes": "1163",
        "x-ms-response-type": "standard",
        "x-ms-routing-request-id": "WESTUS2:20230211T020524Z:51cbfb5c-8214-4d4d-83d8-98658412f9a9",
        "x-request-time": "1.109"
      },
      "ResponseBody": {
        "id": "/subscriptions/00000000-0000-0000-0000-000000000/resourceGroups/00000/providers/Microsoft.MachineLearningServices/workspaces/00000/jobs/000000000000000000000",
        "name": "000000000000000000000",
        "type": "Microsoft.MachineLearningServices/workspaces/jobs",
        "properties": {
          "description": null,
          "tags": {},
          "properties": {
            "azureml.DevPlatv2": "true",
            "azureml.runsource": "azureml.PipelineRun",
            "runSource": "MFE",
            "runType": "HTTP",
            "azureml.parameters": "{}",
            "azureml.continue_on_step_failure": "False",
            "azureml.continue_on_failed_optional_input": "True",
            "azureml.defaultComputeName": "cpu-cluster",
            "azureml.defaultDataStoreName": "workspaceblobstore",
            "azureml.pipelineComponent": "pipelinerun"
          },
          "displayName": "pipeline_func",
          "status": "Preparing",
          "experimentName": "azure-ai-ml",
          "services": {
            "Tracking": {
              "jobServiceType": "Tracking",
              "port": null,
              "endpoint": "azureml://eastus2.api.azureml.ms/mlflow/v1.0/subscriptions/00000000-0000-0000-0000-000000000/resourceGroups/00000/providers/Microsoft.MachineLearningServices/workspaces/00000?",
              "status": null,
              "errorMessage": null,
              "properties": null,
              "nodes": null
            },
            "Studio": {
              "jobServiceType": "Studio",
              "port": null,
              "endpoint": "https://ml.azure.com/runs/000000000000000000000?wsid=/subscriptions/00000000-0000-0000-0000-000000000/resourcegroups/00000/workspaces/00000",
              "status": null,
              "errorMessage": null,
              "properties": null,
              "nodes": null
            }
          },
          "computeId": null,
          "isArchived": false,
          "identity": null,
          "componentId": null,
          "jobType": "Pipeline",
          "settings": {
            "default_compute": "/subscriptions/00000000-0000-0000-0000-000000000/resourceGroups/00000/providers/Microsoft.MachineLearningServices/workspaces/00000/computes/cpu-cluster",
            "default_datastore": "/subscriptions/00000000-0000-0000-0000-000000000/resourceGroups/00000/providers/Microsoft.MachineLearningServices/workspaces/00000/datastores/workspaceblobstore",
            "_source": "DSL"
          },
          "jobs": {
            "node": {
              "type": "HemeraComponent",
              "_source": "REMOTE.WORKSPACE.COMPONENT",
              "componentId": "/subscriptions/00000000-0000-0000-0000-000000000/resourceGroups/00000/providers/Microsoft.MachineLearningServices/workspaces/00000/components/test_893450601623/versions/0.0.2"
            }
          },
          "inputs": {},
          "outputs": {},
          "sourceJobId": null
        },
        "systemData": {
          "createdAt": "2023-02-11T02:05:23.9610567\u002B00:00",
          "createdBy": "Diondra Peck",
          "createdByType": "User"
        }
      }
    },
    {
      "RequestUri": "https://management.azure.com/subscriptions/00000000-0000-0000-0000-000000000/resourceGroups/00000/providers/Microsoft.MachineLearningServices/workspaces/00000/jobs/000000000000000000000/cancel?api-version=2022-12-01-preview",
      "RequestMethod": "POST",
      "RequestHeaders": {
        "Accept": "application/json",
        "Accept-Encoding": "gzip, deflate",
        "Connection": "keep-alive",
        "Content-Length": "0",
        "User-Agent": "azure-ai-ml/1.5.0 azsdk-python-mgmt-machinelearningservices/0.1.0 Python/3.7.9 (Windows-10-10.0.22621-SP0)"
      },
      "RequestBody": null,
      "StatusCode": 202,
      "ResponseHeaders": {
        "Cache-Control": "no-cache",
        "Content-Length": "4",
        "Content-Type": "application/json; charset=utf-8",
        "Date": "Sat, 11 Feb 2023 02:05:27 GMT",
        "Expires": "-1",
        "Location": "https://management.azure.com/subscriptions/00000000-0000-0000-0000-000000000/providers/Microsoft.MachineLearningServices/locations/eastus2/mfeOperationResults/jc:f7a7a6a9-166d-4f8e-9423-60668c799dd1:000000000000000000000?api-version=2022-12-01-preview",
        "Pragma": "no-cache",
        "Request-Context": "appId=cid-v1:2d2e8e63-272e-4b3c-8598-4ee570a0e70d",
        "Strict-Transport-Security": "max-age=31536000; includeSubDomains",
        "x-aml-cluster": "vienna-eastus2-01",
        "X-Content-Type-Options": "nosniff",
        "x-ms-async-operation-timeout": "PT1H",
        "x-ms-correlation-request-id": "970cdd25-6712-4357-b132-d115ee0b26b4",
        "x-ms-ratelimit-remaining-subscription-writes": "1178",
        "x-ms-response-type": "standard",
        "x-ms-routing-request-id": "WESTUS2:20230211T020527Z:970cdd25-6712-4357-b132-d115ee0b26b4",
        "x-request-time": "0.546"
      },
      "ResponseBody": "null"
    },
    {
      "RequestUri": "https://management.azure.com/subscriptions/00000000-0000-0000-0000-000000000/providers/Microsoft.MachineLearningServices/locations/eastus2/mfeOperationResults/jc:f7a7a6a9-166d-4f8e-9423-60668c799dd1:000000000000000000000?api-version=2022-12-01-preview",
      "RequestMethod": "GET",
      "RequestHeaders": {
        "Accept": "*/*",
        "Accept-Encoding": "gzip, deflate",
        "Connection": "keep-alive",
        "User-Agent": "azure-ai-ml/1.5.0 azsdk-python-mgmt-machinelearningservices/0.1.0 Python/3.7.9 (Windows-10-10.0.22621-SP0)"
      },
      "RequestBody": null,
      "StatusCode": 202,
      "ResponseHeaders": {
        "Cache-Control": "no-cache",
        "Content-Length": "2",
        "Content-Type": "application/json; charset=utf-8",
        "Date": "Sat, 11 Feb 2023 02:05:27 GMT",
        "Expires": "-1",
        "Location": "https://management.azure.com/subscriptions/00000000-0000-0000-0000-000000000/providers/Microsoft.MachineLearningServices/locations/eastus2/mfeOperationResults/jc:f7a7a6a9-166d-4f8e-9423-60668c799dd1:000000000000000000000?api-version=2022-12-01-preview",
        "Pragma": "no-cache",
        "Request-Context": "appId=cid-v1:2d2e8e63-272e-4b3c-8598-4ee570a0e70d",
        "Strict-Transport-Security": "max-age=31536000; includeSubDomains",
        "x-aml-cluster": "vienna-eastus2-01",
        "X-Content-Type-Options": "nosniff",
        "x-ms-correlation-request-id": "b67d7922-678c-46f5-98eb-621c3e031b14",
        "x-ms-ratelimit-remaining-subscription-reads": "11903",
        "x-ms-response-type": "standard",
        "x-ms-routing-request-id": "WESTUS2:20230211T020527Z:b67d7922-678c-46f5-98eb-621c3e031b14",
        "x-request-time": "0.030"
      },
      "ResponseBody": {}
    },
    {
      "RequestUri": "https://management.azure.com/subscriptions/00000000-0000-0000-0000-000000000/providers/Microsoft.MachineLearningServices/locations/eastus2/mfeOperationResults/jc:f7a7a6a9-166d-4f8e-9423-60668c799dd1:000000000000000000000?api-version=2022-12-01-preview",
      "RequestMethod": "GET",
      "RequestHeaders": {
        "Accept": "*/*",
        "Accept-Encoding": "gzip, deflate",
        "Connection": "keep-alive",
        "User-Agent": "azure-ai-ml/1.5.0 azsdk-python-mgmt-machinelearningservices/0.1.0 Python/3.7.9 (Windows-10-10.0.22621-SP0)"
      },
      "RequestBody": null,
      "StatusCode": 200,
      "ResponseHeaders": {
        "Cache-Control": "no-cache",
        "Content-Length": "0",
        "Date": "Sat, 11 Feb 2023 02:05:57 GMT",
        "Expires": "-1",
        "Pragma": "no-cache",
        "Request-Context": "appId=cid-v1:2d2e8e63-272e-4b3c-8598-4ee570a0e70d",
        "Server-Timing": "traceparent;desc=\u002200-4c10a27546dcf99ab87c10b27fc406e0-c02ea6006e429047-01\u0022",
        "Strict-Transport-Security": "max-age=31536000; includeSubDomains",
        "x-aml-cluster": "vienna-eastus2-02",
        "X-Content-Type-Options": "nosniff",
        "x-ms-correlation-request-id": "2425011e-6fc3-4a08-83e8-7c5885661106",
        "x-ms-ratelimit-remaining-subscription-reads": "11902",
        "x-ms-response-type": "standard",
        "x-ms-routing-request-id": "WESTUS2:20230211T020557Z:2425011e-6fc3-4a08-83e8-7c5885661106",
        "x-request-time": "0.030"
      },
      "ResponseBody": null
    }
  ],
  "Variables": {
    "component_name": "test_893450601623"
  }
}
