{
  "Entries": [
    {
      "RequestUri": "https://management.azure.com/subscriptions/00000000-0000-0000-0000-000000000/resourceGroups/00000/providers/Microsoft.MachineLearningServices/workspaces/00000/data/mltable_imdb_reviews_train?api-version=2022-10-01",
      "RequestMethod": "GET",
      "RequestHeaders": {
        "Accept": "application/json",
        "Accept-Encoding": "gzip, deflate",
        "Connection": "keep-alive",
        "User-Agent": "azure-ai-ml/1.4.0 azsdk-python-mgmt-machinelearningservices/0.1.0 Python/3.10.2 (Windows-10-10.0.22621-SP0)"
      },
      "RequestBody": null,
      "StatusCode": 200,
      "ResponseHeaders": {
        "Cache-Control": "no-cache",
        "Content-Encoding": "gzip",
        "Content-Type": "application/json; charset=utf-8",
        "Date": "Fri, 13 Jan 2023 22:58:21 GMT",
        "Expires": "-1",
        "Pragma": "no-cache",
        "Request-Context": "appId=cid-v1:2d2e8e63-272e-4b3c-8598-4ee570a0e70d",
        "Server-Timing": "traceparent;desc=\u002200-7184dc0dda8c99aa6718a4de7dd41615-6655793f3689c705-00\u0022",
        "Strict-Transport-Security": "max-age=31536000; includeSubDomains",
        "Transfer-Encoding": "chunked",
        "Vary": [
          "Accept-Encoding",
          "Accept-Encoding"
        ],
        "x-aml-cluster": "vienna-westus-02",
        "X-Content-Type-Options": "nosniff",
        "x-ms-correlation-request-id": "965cf471-ccba-4713-a18c-74c8821844c4",
        "x-ms-ratelimit-remaining-subscription-reads": "11952",
        "x-ms-response-type": "standard",
        "x-ms-routing-request-id": "WESTCENTRALUS:20230113T225822Z:965cf471-ccba-4713-a18c-74c8821844c4",
        "x-request-time": "0.044"
      },
      "ResponseBody": {
        "id": "/subscriptions/00000000-0000-0000-0000-000000000/resourceGroups/00000/providers/Microsoft.MachineLearningServices/workspaces/00000/data/mltable_imdb_reviews_train",
        "name": "mltable_imdb_reviews_train",
        "type": "Microsoft.MachineLearningServices/workspaces/data",
        "properties": {
          "description": null,
          "tags": null,
          "properties": null,
          "isArchived": false,
          "latestVersion": "2",
          "nextVersion": "3",
          "dataType": "mltable"
        },
        "systemData": {
          "createdAt": "2023-01-13T22:39:49.6370926\u002B00:00",
          "createdBy": "Mayank Kumar",
          "createdByType": "User",
          "lastModifiedAt": "2023-01-13T22:39:49.7393935\u002B00:00"
        }
      }
    },
    {
      "RequestUri": "https://management.azure.com/subscriptions/00000000-0000-0000-0000-000000000/resourceGroups/00000/providers/Microsoft.MachineLearningServices/workspaces/00000/data/mltable_imdb_reviews_train/versions/2?api-version=2022-10-01",
      "RequestMethod": "GET",
      "RequestHeaders": {
        "Accept": "application/json",
        "Accept-Encoding": "gzip, deflate",
        "Connection": "keep-alive",
        "User-Agent": "azure-ai-ml/1.4.0 azsdk-python-mgmt-machinelearningservices/0.1.0 Python/3.10.2 (Windows-10-10.0.22621-SP0)"
      },
      "RequestBody": null,
      "StatusCode": 200,
      "ResponseHeaders": {
        "Cache-Control": "no-cache",
        "Content-Encoding": "gzip",
        "Content-Type": "application/json; charset=utf-8",
        "Date": "Fri, 13 Jan 2023 22:58:21 GMT",
        "Expires": "-1",
        "Pragma": "no-cache",
        "Request-Context": "appId=cid-v1:2d2e8e63-272e-4b3c-8598-4ee570a0e70d",
        "Server-Timing": "traceparent;desc=\u002200-6d88d0e3554f2e111cd4afec9ef2eeab-38fa1725482c6463-00\u0022",
        "Strict-Transport-Security": "max-age=31536000; includeSubDomains",
        "Transfer-Encoding": "chunked",
        "Vary": [
          "Accept-Encoding",
          "Accept-Encoding"
        ],
        "x-aml-cluster": "vienna-westus-02",
        "X-Content-Type-Options": "nosniff",
        "x-ms-correlation-request-id": "b3c9686d-eadd-440c-bd26-d00aedb12fb1",
        "x-ms-ratelimit-remaining-subscription-reads": "11951",
        "x-ms-response-type": "standard",
        "x-ms-routing-request-id": "WESTCENTRALUS:20230113T225822Z:b3c9686d-eadd-440c-bd26-d00aedb12fb1",
        "x-request-time": "0.069"
      },
      "ResponseBody": {
        "id": "/subscriptions/00000000-0000-0000-0000-000000000/resourceGroups/00000/providers/Microsoft.MachineLearningServices/workspaces/00000/data/mltable_imdb_reviews_train/versions/2",
        "name": "2",
        "type": "Microsoft.MachineLearningServices/workspaces/data/versions",
        "properties": {
          "description": null,
          "tags": {},
          "properties": {},
          "isArchived": false,
          "isAnonymous": false,
          "dataUri": "azureml://subscriptions/00000000-0000-0000-0000-000000000/resourcegroups/00000/workspaces/00000/datastores/workspaceblobstore/paths/LocalUpload/00000000000000000000000000000000/mnist-data/",
          "dataType": "mltable",
          "referencedUris": [
            "./0.png",
            "./1.png",
            "./2.png",
            "./3.png"
          ]
        },
        "systemData": {
          "createdAt": "2023-01-13T22:39:49.7132812\u002B00:00",
          "createdBy": "Mayank Kumar",
          "createdByType": "User",
          "lastModifiedAt": "2023-01-13T22:39:49.7263786\u002B00:00"
        }
      }
    },
    {
      "RequestUri": "https://management.azure.com/subscriptions/00000000-0000-0000-0000-000000000/resourceGroups/00000/providers/Microsoft.MachineLearningServices/workspaces/00000/computes/cpu-cluster?api-version=2022-10-01-preview",
      "RequestMethod": "GET",
      "RequestHeaders": {
        "Accept": "application/json",
        "Accept-Encoding": "gzip, deflate",
        "Connection": "keep-alive",
        "User-Agent": "azure-ai-ml/1.4.0 azsdk-python-mgmt-machinelearningservices/0.1.0 Python/3.10.2 (Windows-10-10.0.22621-SP0)"
      },
      "RequestBody": null,
      "StatusCode": 200,
      "ResponseHeaders": {
        "Cache-Control": "no-cache",
        "Content-Encoding": "gzip",
        "Content-Type": "application/json; charset=utf-8",
        "Date": "Fri, 13 Jan 2023 22:58:22 GMT",
        "Expires": "-1",
        "Pragma": "no-cache",
        "Request-Context": "appId=cid-v1:2d2e8e63-272e-4b3c-8598-4ee570a0e70d",
        "Server-Timing": "traceparent;desc=\u002200-631c1a31c232a5801ded15eea983e303-c7133295264f4783-00\u0022",
        "Strict-Transport-Security": "max-age=31536000; includeSubDomains",
        "Transfer-Encoding": "chunked",
        "Vary": [
          "Accept-Encoding",
          "Accept-Encoding"
        ],
        "x-aml-cluster": "vienna-westus-01",
        "X-Content-Type-Options": "nosniff",
        "x-ms-correlation-request-id": "5d382da7-374f-4910-a604-6b3530fdee67",
        "x-ms-ratelimit-remaining-subscription-reads": "11950",
        "x-ms-response-type": "standard",
        "x-ms-routing-request-id": "WESTCENTRALUS:20230113T225823Z:5d382da7-374f-4910-a604-6b3530fdee67",
        "x-request-time": "0.034"
      },
      "ResponseBody": {
        "id": "/subscriptions/00000000-0000-0000-0000-000000000/resourceGroups/00000/providers/Microsoft.MachineLearningServices/workspaces/00000/computes/cpu-cluster",
        "name": "cpu-cluster",
        "type": "Microsoft.MachineLearningServices/workspaces/computes",
        "location": "westus",
        "tags": {},
        "properties": {
          "createdOn": "2023-01-05T08:37:59.4949714\u002B00:00",
          "modifiedOn": "2023-01-05T08:38:06.0884203\u002B00:00",
          "disableLocalAuth": false,
          "description": null,
          "resourceId": null,
          "computeType": "AmlCompute",
          "computeLocation": "westus",
          "provisioningState": "Succeeded",
          "provisioningErrors": null,
          "isAttachedCompute": false,
          "properties": {
            "vmSize": "STANDARD_DS2_V2",
            "vmPriority": "Dedicated",
            "scaleSettings": {
              "maxNodeCount": 4,
              "minNodeCount": 0,
              "nodeIdleTimeBeforeScaleDown": "PT2M"
            },
            "subnet": null,
            "currentNodeCount": 2,
            "targetNodeCount": 0,
            "nodeStateCounts": {
              "preparingNodeCount": 0,
              "runningNodeCount": 0,
              "idleNodeCount": 0,
              "unusableNodeCount": 0,
              "leavingNodeCount": 2,
              "preemptedNodeCount": 0
            },
            "allocationState": "Resizing",
            "allocationStateTransitionTime": "2023-01-13T22:56:21.065\u002B00:00",
            "errors": null,
            "remoteLoginPortPublicAccess": "Enabled",
            "osType": "Linux",
            "virtualMachineImage": null,
            "isolatedNetwork": false,
            "propertyBag": {}
          }
        }
      }
    },
    {
      "RequestUri": "https://management.azure.com/subscriptions/00000000-0000-0000-0000-000000000/resourceGroups/00000/providers/Microsoft.MachineLearningServices/workspaces/00000/datastores/workspaceblobstore?api-version=2022-10-01",
      "RequestMethod": "GET",
      "RequestHeaders": {
        "Accept": "application/json",
        "Accept-Encoding": "gzip, deflate",
        "Connection": "keep-alive",
        "User-Agent": "azure-ai-ml/1.4.0 azsdk-python-mgmt-machinelearningservices/0.1.0 Python/3.10.2 (Windows-10-10.0.22621-SP0)"
      },
      "RequestBody": null,
      "StatusCode": 200,
      "ResponseHeaders": {
        "Cache-Control": "no-cache",
        "Content-Encoding": "gzip",
        "Content-Type": "application/json; charset=utf-8",
        "Date": "Fri, 13 Jan 2023 22:58:23 GMT",
        "Expires": "-1",
        "Pragma": "no-cache",
        "Request-Context": "appId=cid-v1:2d2e8e63-272e-4b3c-8598-4ee570a0e70d",
        "Server-Timing": "traceparent;desc=\u002200-2bb2bf2648f9f53f562068281eb32241-e4d11c47a2440e29-00\u0022",
        "Strict-Transport-Security": "max-age=31536000; includeSubDomains",
        "Transfer-Encoding": "chunked",
        "Vary": [
          "Accept-Encoding",
          "Accept-Encoding"
        ],
        "x-aml-cluster": "vienna-westus-02",
        "X-Content-Type-Options": "nosniff",
        "x-ms-correlation-request-id": "67dcebc8-f467-4648-b29d-64cd6c3566ed",
        "x-ms-ratelimit-remaining-subscription-reads": "11949",
        "x-ms-response-type": "standard",
        "x-ms-routing-request-id": "WESTCENTRALUS:20230113T225823Z:67dcebc8-f467-4648-b29d-64cd6c3566ed",
        "x-request-time": "0.154"
      },
      "ResponseBody": {
        "id": "/subscriptions/00000000-0000-0000-0000-000000000/resourceGroups/00000/providers/Microsoft.MachineLearningServices/workspaces/00000/datastores/workspaceblobstore",
        "name": "workspaceblobstore",
        "type": "Microsoft.MachineLearningServices/workspaces/datastores",
        "properties": {
          "description": null,
          "tags": null,
          "properties": null,
          "isDefault": true,
          "credentials": {
            "credentialsType": "AccountKey"
          },
          "datastoreType": "AzureBlob",
          "accountName": "saianen3zg2jecc",
          "containerName": "azureml-blobstore-cf4c56e5-6b66-4518-b2b5-574cf60d2e24",
          "endpoint": "core.windows.net",
          "protocol": "https",
          "serviceDataAccessAuthIdentity": "WorkspaceSystemAssignedIdentity"
        },
        "systemData": {
          "createdAt": "2023-01-05T08:37:42.2948887\u002B00:00",
          "createdBy": "779301c0-18b2-4cdc-801b-a0a3368fee0a",
          "createdByType": "Application",
          "lastModifiedAt": "2023-01-05T08:37:43.0151972\u002B00:00",
          "lastModifiedBy": "779301c0-18b2-4cdc-801b-a0a3368fee0a",
          "lastModifiedByType": "Application"
        }
      }
    },
    {
      "RequestUri": "https://management.azure.com/subscriptions/00000000-0000-0000-0000-000000000/resourceGroups/00000/providers/Microsoft.MachineLearningServices/workspaces/00000/datastores/workspaceblobstore/listSecrets?api-version=2022-10-01",
      "RequestMethod": "POST",
      "RequestHeaders": {
        "Accept": "application/json",
        "Accept-Encoding": "gzip, deflate",
        "Connection": "keep-alive",
        "Content-Length": "0",
        "User-Agent": "azure-ai-ml/1.4.0 azsdk-python-mgmt-machinelearningservices/0.1.0 Python/3.10.2 (Windows-10-10.0.22621-SP0)"
      },
      "RequestBody": null,
      "StatusCode": 200,
      "ResponseHeaders": {
        "Cache-Control": "no-cache",
        "Content-Encoding": "gzip",
        "Content-Type": "application/json; charset=utf-8",
        "Date": "Fri, 13 Jan 2023 22:58:23 GMT",
        "Expires": "-1",
        "Pragma": "no-cache",
        "Request-Context": "appId=cid-v1:2d2e8e63-272e-4b3c-8598-4ee570a0e70d",
        "Server-Timing": "traceparent;desc=\u002200-495266b9ec339b5c97e22d2d209bd79b-f543adfbe8f0bfb6-00\u0022",
        "Strict-Transport-Security": "max-age=31536000; includeSubDomains",
        "Transfer-Encoding": "chunked",
        "Vary": "Accept-Encoding",
        "x-aml-cluster": "vienna-westus-02",
        "X-Content-Type-Options": "nosniff",
        "x-ms-correlation-request-id": "59acf6c1-59f3-4dbf-844f-f2e2db302a48",
        "x-ms-ratelimit-remaining-subscription-writes": "1179",
        "x-ms-response-type": "standard",
        "x-ms-routing-request-id": "WESTCENTRALUS:20230113T225824Z:59acf6c1-59f3-4dbf-844f-f2e2db302a48",
        "x-request-time": "0.536"
      },
      "ResponseBody": {
        "secretsType": "AccountKey",
        "key": "dGhpcyBpcyBmYWtlIGtleQ=="
      }
    },
    {
      "RequestUri": "https://saianen3zg2jecc.blob.core.windows.net/azureml-blobstore-cf4c56e5-6b66-4518-b2b5-574cf60d2e24/LocalUpload/000000000000000000000000000000000000/distribution-component/component_spec.yaml",
      "RequestMethod": "HEAD",
      "RequestHeaders": {
        "Accept": "application/xml",
        "Accept-Encoding": "gzip, deflate",
        "Connection": "keep-alive",
        "User-Agent": "azsdk-python-storage-blob/12.14.1 Python/3.10.2 (Windows-10-10.0.22621-SP0)",
        "x-ms-date": "Fri, 13 Jan 2023 22:58:24 GMT",
        "x-ms-version": "2021-08-06"
      },
      "RequestBody": null,
      "StatusCode": 200,
      "ResponseHeaders": {
        "Accept-Ranges": "bytes",
        "Content-Length": "734",
        "Content-MD5": "CLjHRR9klQCsDjH3ycDqaA==",
        "Content-Type": "application/octet-stream",
        "Date": "Fri, 13 Jan 2023 22:58:24 GMT",
        "ETag": "\u00220x8DAF5B6E571DA10\u0022",
        "Last-Modified": "Fri, 13 Jan 2023 22:38:30 GMT",
        "Server": [
          "Windows-Azure-Blob/1.0",
          "Microsoft-HTTPAPI/2.0"
        ],
        "Vary": "Origin",
        "x-ms-access-tier": "Hot",
        "x-ms-access-tier-inferred": "true",
        "x-ms-blob-type": "BlockBlob",
        "x-ms-creation-time": "Fri, 13 Jan 2023 22:38:30 GMT",
        "x-ms-lease-state": "available",
        "x-ms-lease-status": "unlocked",
        "x-ms-meta-name": "0538e903-ac4e-f403-c41e-5dc75a9c2e6b",
        "x-ms-meta-upload_status": "completed",
        "x-ms-meta-version": "1",
        "x-ms-server-encrypted": "true",
        "x-ms-version": "2021-08-06"
      },
      "ResponseBody": null
    },
    {
      "RequestUri": "https://saianen3zg2jecc.blob.core.windows.net/azureml-blobstore-cf4c56e5-6b66-4518-b2b5-574cf60d2e24/az-ml-artifacts/000000000000000000000000000000000000/distribution-component/component_spec.yaml",
      "RequestMethod": "HEAD",
      "RequestHeaders": {
        "Accept": "application/xml",
        "Accept-Encoding": "gzip, deflate",
        "Connection": "keep-alive",
        "User-Agent": "azsdk-python-storage-blob/12.14.1 Python/3.10.2 (Windows-10-10.0.22621-SP0)",
        "x-ms-date": "Fri, 13 Jan 2023 22:58:24 GMT",
        "x-ms-version": "2021-08-06"
      },
      "RequestBody": null,
      "StatusCode": 404,
      "ResponseHeaders": {
        "Date": "Fri, 13 Jan 2023 22:58:24 GMT",
        "Server": [
          "Windows-Azure-Blob/1.0",
          "Microsoft-HTTPAPI/2.0"
        ],
        "Transfer-Encoding": "chunked",
        "Vary": "Origin",
        "x-ms-error-code": "BlobNotFound",
        "x-ms-version": "2021-08-06"
      },
      "ResponseBody": null
    },
    {
      "RequestUri": "https://management.azure.com/subscriptions/00000000-0000-0000-0000-000000000/resourceGroups/00000/providers/Microsoft.MachineLearningServices/workspaces/00000/codes/0538e903-ac4e-f403-c41e-5dc75a9c2e6b/versions/1?api-version=2022-05-01",
      "RequestMethod": "PUT",
      "RequestHeaders": {
        "Accept": "application/json",
        "Accept-Encoding": "gzip, deflate",
        "Connection": "keep-alive",
        "Content-Length": "315",
        "Content-Type": "application/json",
        "User-Agent": "azure-ai-ml/1.4.0 azsdk-python-mgmt-machinelearningservices/0.1.0 Python/3.10.2 (Windows-10-10.0.22621-SP0)"
      },
      "RequestBody": {
        "properties": {
          "properties": {
            "hash_sha256": "0000000000000",
            "hash_version": "0000000000000"
          },
          "isAnonymous": true,
          "isArchived": false,
          "codeUri": "https://saianen3zg2jecc.blob.core.windows.net/azureml-blobstore-cf4c56e5-6b66-4518-b2b5-574cf60d2e24/LocalUpload/000000000000000000000000000000000000/distribution-component"
        }
      },
      "StatusCode": 200,
      "ResponseHeaders": {
        "Cache-Control": "no-cache",
        "Content-Encoding": "gzip",
        "Content-Type": "application/json; charset=utf-8",
        "Date": "Fri, 13 Jan 2023 22:58:25 GMT",
        "Expires": "-1",
        "Pragma": "no-cache",
        "Request-Context": "appId=cid-v1:2d2e8e63-272e-4b3c-8598-4ee570a0e70d",
        "Server-Timing": "traceparent;desc=\u002200-fc4cdfa7be4104d97b98fdbcce77706a-84437c31481b66f9-00\u0022",
        "Strict-Transport-Security": "max-age=31536000; includeSubDomains",
        "Transfer-Encoding": "chunked",
        "Vary": [
          "Accept-Encoding",
          "Accept-Encoding"
        ],
        "x-aml-cluster": "vienna-westus-02",
        "X-Content-Type-Options": "nosniff",
        "x-ms-correlation-request-id": "835c6bd6-b100-45a6-876f-2e67ac44960a",
        "x-ms-ratelimit-remaining-subscription-writes": "1169",
        "x-ms-response-type": "standard",
        "x-ms-routing-request-id": "WESTCENTRALUS:20230113T225826Z:835c6bd6-b100-45a6-876f-2e67ac44960a",
        "x-request-time": "0.069"
      },
      "ResponseBody": {
        "id": "/subscriptions/00000000-0000-0000-0000-000000000/resourceGroups/00000/providers/Microsoft.MachineLearningServices/workspaces/00000/codes/0538e903-ac4e-f403-c41e-5dc75a9c2e6b/versions/1",
        "name": "1",
        "type": "Microsoft.MachineLearningServices/workspaces/codes/versions",
        "properties": {
          "description": null,
          "tags": {},
          "properties": {
            "hash_sha256": "0000000000000",
            "hash_version": "0000000000000"
          },
          "isArchived": false,
          "isAnonymous": false,
          "codeUri": "https://saianen3zg2jecc.blob.core.windows.net/azureml-blobstore-cf4c56e5-6b66-4518-b2b5-574cf60d2e24/LocalUpload/000000000000000000000000000000000000/distribution-component"
        },
        "systemData": {
          "createdAt": "2023-01-13T22:38:31.8898854\u002B00:00",
          "createdBy": "Mayank Kumar",
          "createdByType": "User",
          "lastModifiedAt": "2023-01-13T22:58:26.2008073\u002B00:00",
          "lastModifiedBy": "Mayank Kumar",
          "lastModifiedByType": "User"
        }
      }
    },
    {
      "RequestUri": "https://management.azure.com/subscriptions/00000000-0000-0000-0000-000000000/resourceGroups/00000/providers/Microsoft.MachineLearningServices/workspaces/00000/components/azureml_anonymous/versions/dc5fc659-43d8-91e8-5951-d5c511814566?api-version=2022-10-01",
      "RequestMethod": "PUT",
      "RequestHeaders": {
        "Accept": "application/json",
        "Accept-Encoding": "gzip, deflate",
        "Connection": "keep-alive",
        "Content-Length": "1108",
        "Content-Type": "application/json",
        "User-Agent": "azure-ai-ml/1.4.0 azsdk-python-mgmt-machinelearningservices/0.1.0 Python/3.10.2 (Windows-10-10.0.22621-SP0)"
      },
      "RequestBody": {
        "properties": {
          "properties": {},
          "tags": {},
          "isAnonymous": true,
          "isArchived": false,
          "componentSpec": {
            "name": "microsoft.com.azureml.samples.mpi_example",
            "version": "0.0.1",
            "$schema": "https://componentsdk.azureedge.net/jsonschema/DistributedComponent.json",
            "display_name": "MPI Example",
            "inputs": {
              "input_path": {
                "type": "path",
                "description": "The directory contains input data.",
                "optional": false
              },
              "string_parameter": {
                "type": "String",
                "optional": true,
                "description": "A parameter accepts a string value."
              }
            },
            "outputs": {
              "output_path": {
                "type": "path",
                "description": "The directory contains output data."
              }
            },
            "type": "DistributedComponent",
            "code": "azureml:/subscriptions/00000000-0000-0000-0000-000000000/resourceGroups/00000/providers/Microsoft.MachineLearningServices/workspaces/00000/codes/0538e903-ac4e-f403-c41e-5dc75a9c2e6b/versions/1",
            "environment": {
              "os": "Linux",
              "name": "AzureML-Minimal"
            },
            "launcher": {
              "type": "mpi",
              "additional_arguments": "python train.py --input-path {inputs.input_path} [--string-parameter {inputs.string_parameter}] --output-path {outputs.output_path}"
            }
          }
        }
      },
      "StatusCode": 201,
      "ResponseHeaders": {
        "Cache-Control": "no-cache",
        "Content-Length": "2159",
        "Content-Type": "application/json; charset=utf-8",
        "Date": "Fri, 13 Jan 2023 22:58:26 GMT",
        "Expires": "-1",
        "Location": "https://management.azure.com/subscriptions/00000000-0000-0000-0000-000000000/resourceGroups/00000/providers/Microsoft.MachineLearningServices/workspaces/00000/components/azureml_anonymous/versions/dc5fc659-43d8-91e8-5951-d5c511814566?api-version=2022-10-01",
        "Pragma": "no-cache",
        "Request-Context": "appId=cid-v1:2d2e8e63-272e-4b3c-8598-4ee570a0e70d",
        "Server-Timing": "traceparent;desc=\u002200-4e31c0a1abd53f78380370d22a00aa00-f932dcdb88342963-00\u0022",
        "Strict-Transport-Security": "max-age=31536000; includeSubDomains",
        "x-aml-cluster": "vienna-westus-02",
        "X-Content-Type-Options": "nosniff",
        "x-ms-correlation-request-id": "bc952036-7a4b-4d7a-a1e4-266bc2ca7c8f",
        "x-ms-ratelimit-remaining-subscription-writes": "1168",
        "x-ms-response-type": "standard",
        "x-ms-routing-request-id": "WESTCENTRALUS:20230113T225826Z:bc952036-7a4b-4d7a-a1e4-266bc2ca7c8f",
        "x-request-time": "0.231"
      },
      "ResponseBody": {
        "id": "/subscriptions/00000000-0000-0000-0000-000000000/resourceGroups/00000/providers/Microsoft.MachineLearningServices/workspaces/00000/components/azureml_anonymous/versions/0f751dbc-453e-489a-9025-f710f6dc95b3",
        "name": "0f751dbc-453e-489a-9025-f710f6dc95b3",
        "type": "Microsoft.MachineLearningServices/workspaces/components/versions",
        "properties": {
          "description": null,
          "tags": {},
          "properties": {},
          "isArchived": false,
          "isAnonymous": true,
          "componentSpec": {
            "$schema": "https://componentsdk.azureedge.net/jsonschema/DistributedComponent.json",
            "name": "azureml_anonymous",
            "version": "0f751dbc-453e-489a-9025-f710f6dc95b3",
            "display_name": "MPI Example",
            "is_deterministic": "True",
            "type": "DistributedComponent",
            "inputs": {
              "input_path": {
                "type": "path",
                "optional": "False",
                "description": "The directory contains input data.",
                "datastore_mode": "Mount"
              },
              "string_parameter": {
                "type": "String",
                "optional": "True",
                "description": "A parameter accepts a string value."
              }
            },
            "outputs": {
              "output_path": {
                "type": "path",
                "description": "The directory contains output data.",
                "datastore_mode": "Upload"
              }
            },
            "environment": {
              "name": "AzureML-Minimal",
              "os": "Linux"
            },
            "launcher": {
              "type": "mpi",
              "additional_arguments": "python train.py --input-path {inputs.input_path} [--string-parameter {inputs.string_parameter}] --output-path {outputs.output_path}"
            },
            "code": "azureml:/subscriptions/00000000-0000-0000-0000-000000000/resourceGroups/00000/providers/Microsoft.MachineLearningServices/workspaces/00000/codes/0538e903-ac4e-f403-c41e-5dc75a9c2e6b/versions/1"
          }
        },
        "systemData": {
          "createdAt": "2023-01-13T22:40:38.7500743\u002B00:00",
          "createdBy": "Mayank Kumar",
          "createdByType": "User",
          "lastModifiedAt": "2023-01-13T22:40:38.7891886\u002B00:00",
          "lastModifiedBy": "Mayank Kumar",
          "lastModifiedByType": "User"
        }
      }
    },
    {
      "RequestUri": "https://management.azure.com/subscriptions/00000000-0000-0000-0000-000000000/resourceGroups/00000/providers/Microsoft.MachineLearningServices/workspaces/00000/jobs/000000000000000000000?api-version=2022-10-01-preview",
      "RequestMethod": "PUT",
      "RequestHeaders": {
        "Accept": "application/json",
        "Accept-Encoding": "gzip, deflate",
        "Connection": "keep-alive",
        "Content-Length": "1142",
        "Content-Type": "application/json",
        "User-Agent": "azure-ai-ml/1.4.0 azsdk-python-mgmt-machinelearningservices/0.1.0 Python/3.10.2 (Windows-10-10.0.22621-SP0)"
      },
      "RequestBody": {
        "properties": {
          "properties": {},
          "tags": {},
          "displayName": "pipeline_func",
          "experimentName": "azure-ai-ml",
          "isArchived": false,
          "jobType": "Pipeline",
          "inputs": {
            "pipeline_input": {
              "uri": "/subscriptions/00000000-0000-0000-0000-000000000/resourceGroups/00000/providers/Microsoft.MachineLearningServices/workspaces/00000/data/mltable_imdb_reviews_train/versions/2",
              "jobInputType": "mltable"
            }
          },
          "jobs": {
            "node": {
              "distribution": {
                "distribution_type": "Mpi"
              },
              "type": "DistributedComponent",
              "computeId": "/subscriptions/00000000-0000-0000-0000-000000000/resourceGroups/00000/providers/Microsoft.MachineLearningServices/workspaces/00000/computes/cpu-cluster",
              "inputs": {
                "input_path": {
                  "job_input_type": "literal",
                  "value": "${{parent.inputs.pipeline_input}}"
                }
              },
              "_source": "YAML.COMPONENT",
              "componentId": "/subscriptions/00000000-0000-0000-0000-000000000/resourceGroups/00000/providers/Microsoft.MachineLearningServices/workspaces/00000/components/azureml_anonymous/versions/0f751dbc-453e-489a-9025-f710f6dc95b3",
              "limits": {
                "job_limits_type": "Command"
              },
              "resources": {
                "properties": {}
              }
            }
          },
          "outputs": {},
          "settings": {
            "_source": "DSL"
          }
        }
      },
      "StatusCode": 201,
      "ResponseHeaders": {
        "Cache-Control": "no-cache",
        "Content-Length": "3213",
        "Content-Type": "application/json; charset=utf-8",
        "Date": "Fri, 13 Jan 2023 22:58:27 GMT",
        "Expires": "-1",
        "Location": "https://management.azure.com/subscriptions/00000000-0000-0000-0000-000000000/resourceGroups/00000/providers/Microsoft.MachineLearningServices/workspaces/00000/jobs/000000000000000000000?api-version=2022-10-01-preview",
        "Pragma": "no-cache",
        "Request-Context": "appId=cid-v1:2d2e8e63-272e-4b3c-8598-4ee570a0e70d",
        "Server-Timing": "traceparent;desc=\u002200-d6dba61ec608241c1c13f97854c23234-6ca8286307a870c8-00\u0022",
        "Strict-Transport-Security": "max-age=31536000; includeSubDomains",
        "x-aml-cluster": "vienna-westus-02",
        "X-Content-Type-Options": "nosniff",
        "x-ms-correlation-request-id": "79f789ff-33b8-4a3c-b676-295bb14867a6",
        "x-ms-ratelimit-remaining-subscription-writes": "1167",
        "x-ms-response-type": "standard",
        "x-ms-routing-request-id": "WESTCENTRALUS:20230113T225828Z:79f789ff-33b8-4a3c-b676-295bb14867a6",
        "x-request-time": "1.169"
      },
      "ResponseBody": {
        "id": "/subscriptions/00000000-0000-0000-0000-000000000/resourceGroups/00000/providers/Microsoft.MachineLearningServices/workspaces/00000/jobs/000000000000000000000",
        "name": "000000000000000000000",
        "type": "Microsoft.MachineLearningServices/workspaces/jobs",
        "properties": {
          "description": null,
          "tags": {},
          "properties": {
            "azureml.DevPlatv2": "true",
            "azureml.runsource": "azureml.PipelineRun",
            "runSource": "MFE",
            "runType": "HTTP",
            "azureml.parameters": "{}",
            "azureml.continue_on_step_failure": "False",
            "azureml.continue_on_failed_optional_input": "True",
            "azureml.defaultDataStoreName": "workspaceblobstore",
            "azureml.pipelineComponent": "pipelinerun"
          },
          "displayName": "pipeline_func",
          "status": "Preparing",
          "experimentName": "azure-ai-ml",
          "services": {
            "Tracking": {
              "jobServiceType": "Tracking",
              "port": null,
              "endpoint": "azureml://westus.api.azureml.ms/mlflow/v1.0/subscriptions/00000000-0000-0000-0000-000000000/resourceGroups/00000/providers/Microsoft.MachineLearningServices/workspaces/00000?",
              "status": null,
              "errorMessage": null,
              "properties": null,
              "nodes": null
            },
            "Studio": {
              "jobServiceType": "Studio",
              "port": null,
              "endpoint": "https://ml.azure.com/runs/000000000000000000000?wsid=/subscriptions/00000000-0000-0000-0000-000000000/resourcegroups/00000/workspaces/00000",
              "status": null,
              "errorMessage": null,
              "properties": null,
              "nodes": null
            }
          },
          "computeId": null,
          "isArchived": false,
          "identity": null,
          "componentId": null,
          "jobType": "Pipeline",
          "settings": {
            "_source": "DSL"
          },
          "jobs": {
            "node": {
              "distribution": {
                "distribution_type": "Mpi"
              },
              "type": "DistributedComponent",
              "computeId": "/subscriptions/00000000-0000-0000-0000-000000000/resourceGroups/00000/providers/Microsoft.MachineLearningServices/workspaces/00000/computes/cpu-cluster",
              "inputs": {
                "input_path": {
                  "job_input_type": "literal",
                  "value": "${{parent.inputs.pipeline_input}}"
                }
              },
              "_source": "YAML.COMPONENT",
              "componentId": "/subscriptions/00000000-0000-0000-0000-000000000/resourceGroups/00000/providers/Microsoft.MachineLearningServices/workspaces/00000/components/azureml_anonymous/versions/0f751dbc-453e-489a-9025-f710f6dc95b3",
              "limits": {
                "job_limits_type": "Command"
              },
              "resources": {
                "properties": {}
              }
            }
          },
          "inputs": {
            "pipeline_input": {
              "description": null,
              "uri": "/subscriptions/00000000-0000-0000-0000-000000000/resourceGroups/00000/providers/Microsoft.MachineLearningServices/workspaces/00000/data/mltable_imdb_reviews_train/versions/2",
              "mode": "ReadOnlyMount",
              "jobInputType": "mltable"
            }
          },
          "outputs": {},
          "sourceJobId": null
        },
        "systemData": {
          "createdAt": "2023-01-13T22:58:27.8311774\u002B00:00",
          "createdBy": "Mayank Kumar",
          "createdByType": "User"
        }
      }
    },
    {
      "RequestUri": "https://management.azure.com/subscriptions/00000000-0000-0000-0000-000000000/resourceGroups/00000/providers/Microsoft.MachineLearningServices/workspaces/00000/jobs/000000000000000000000/cancel?api-version=2022-10-01-preview",
      "RequestMethod": "POST",
      "RequestHeaders": {
        "Accept": "application/json",
        "Accept-Encoding": "gzip, deflate",
        "Connection": "keep-alive",
        "Content-Length": "0",
        "User-Agent": "azure-ai-ml/1.4.0 azsdk-python-mgmt-machinelearningservices/0.1.0 Python/3.10.2 (Windows-10-10.0.22621-SP0)"
      },
      "RequestBody": null,
      "StatusCode": 202,
      "ResponseHeaders": {
        "Cache-Control": "no-cache",
        "Content-Length": "4",
        "Content-Type": "application/json; charset=utf-8",
        "Date": "Fri, 13 Jan 2023 22:58:29 GMT",
        "Expires": "-1",
        "Location": "https://management.azure.com/subscriptions/00000000-0000-0000-0000-000000000/providers/Microsoft.MachineLearningServices/locations/westus/mfeOperationResults/jc:cf4c56e5-6b66-4518-b2b5-574cf60d2e24:000000000000000000000?api-version=2022-10-01-preview",
        "Pragma": "no-cache",
        "Request-Context": "appId=cid-v1:2d2e8e63-272e-4b3c-8598-4ee570a0e70d",
        "Strict-Transport-Security": "max-age=31536000; includeSubDomains",
        "x-aml-cluster": "vienna-westus-02",
        "X-Content-Type-Options": "nosniff",
        "x-ms-async-operation-timeout": "PT1H",
        "x-ms-correlation-request-id": "2fe83809-b346-4dca-b89d-4065df1c2038",
        "x-ms-ratelimit-remaining-subscription-writes": "1178",
        "x-ms-response-type": "standard",
        "x-ms-routing-request-id": "WESTCENTRALUS:20230113T225830Z:2fe83809-b346-4dca-b89d-4065df1c2038",
        "x-request-time": "0.547"
      },
      "ResponseBody": "null"
    },
    {
      "RequestUri": "https://management.azure.com/subscriptions/00000000-0000-0000-0000-000000000/providers/Microsoft.MachineLearningServices/locations/westus/mfeOperationResults/jc:cf4c56e5-6b66-4518-b2b5-574cf60d2e24:000000000000000000000?api-version=2022-10-01-preview",
      "RequestMethod": "GET",
      "RequestHeaders": {
        "Accept": "*/*",
        "Accept-Encoding": "gzip, deflate",
        "Connection": "keep-alive",
        "User-Agent": "azure-ai-ml/1.4.0 azsdk-python-mgmt-machinelearningservices/0.1.0 Python/3.10.2 (Windows-10-10.0.22621-SP0)"
      },
      "RequestBody": null,
      "StatusCode": 202,
      "ResponseHeaders": {
        "Cache-Control": "no-cache",
        "Content-Length": "2",
        "Content-Type": "application/json; charset=utf-8",
        "Date": "Fri, 13 Jan 2023 22:58:29 GMT",
        "Expires": "-1",
        "Location": "https://management.azure.com/subscriptions/00000000-0000-0000-0000-000000000/providers/Microsoft.MachineLearningServices/locations/westus/mfeOperationResults/jc:cf4c56e5-6b66-4518-b2b5-574cf60d2e24:000000000000000000000?api-version=2022-10-01-preview",
        "Pragma": "no-cache",
        "Request-Context": "appId=cid-v1:2d2e8e63-272e-4b3c-8598-4ee570a0e70d",
        "Strict-Transport-Security": "max-age=31536000; includeSubDomains",
        "x-aml-cluster": "vienna-westus-01",
        "X-Content-Type-Options": "nosniff",
        "x-ms-correlation-request-id": "d6b6af76-f345-489f-95b7-b89f7af41eae",
        "x-ms-ratelimit-remaining-subscription-reads": "11948",
        "x-ms-response-type": "standard",
        "x-ms-routing-request-id": "WESTCENTRALUS:20230113T225830Z:d6b6af76-f345-489f-95b7-b89f7af41eae",
        "x-request-time": "0.041"
      },
      "ResponseBody": {}
    },
    {
      "RequestUri": "https://management.azure.com/subscriptions/00000000-0000-0000-0000-000000000/providers/Microsoft.MachineLearningServices/locations/westus/mfeOperationResults/jc:cf4c56e5-6b66-4518-b2b5-574cf60d2e24:000000000000000000000?api-version=2022-10-01-preview",
      "RequestMethod": "GET",
      "RequestHeaders": {
        "Accept": "*/*",
        "Accept-Encoding": "gzip, deflate",
        "Connection": "keep-alive",
        "User-Agent": "azure-ai-ml/1.4.0 azsdk-python-mgmt-machinelearningservices/0.1.0 Python/3.10.2 (Windows-10-10.0.22621-SP0)"
      },
      "RequestBody": null,
      "StatusCode": 200,
      "ResponseHeaders": {
        "Cache-Control": "no-cache",
        "Content-Length": "0",
        "Date": "Fri, 13 Jan 2023 22:59:00 GMT",
        "Expires": "-1",
        "Pragma": "no-cache",
        "Request-Context": "appId=cid-v1:2d2e8e63-272e-4b3c-8598-4ee570a0e70d",
        "Server-Timing": "traceparent;desc=\u002200-5241e2e0feda5457031dead6408667f0-0615e8e67bd21cb3-00\u0022",
        "Strict-Transport-Security": "max-age=31536000; includeSubDomains",
        "x-aml-cluster": "vienna-westus-01",
        "X-Content-Type-Options": "nosniff",
        "x-ms-correlation-request-id": "5c381d0b-4305-4f10-ae69-fe03df764913",
        "x-ms-ratelimit-remaining-subscription-reads": "11947",
        "x-ms-response-type": "standard",
        "x-ms-routing-request-id": "WESTCENTRALUS:20230113T225900Z:5c381d0b-4305-4f10-ae69-fe03df764913",
        "x-request-time": "0.022"
      },
      "ResponseBody": null
    }
  ],
  "Variables": {}
}
