{
  "Entries": [
    {
      "RequestUri": "https://management.azure.com/subscriptions/00000000-0000-0000-0000-000000000/resourceGroups/00000/providers/Microsoft.MachineLearningServices/workspaces/00000?api-version=2022-10-01",
      "RequestMethod": "GET",
      "RequestHeaders": {
        "Accept": "application/json",
        "Accept-Encoding": "gzip, deflate",
        "Connection": "keep-alive",
        "User-Agent": "azure-ai-ml/1.5.0 azsdk-python-mgmt-machinelearningservices/0.1.0 Python/3.7.9 (Windows-10-10.0.22621-SP0)"
      },
      "RequestBody": null,
      "StatusCode": 200,
      "ResponseHeaders": {
        "Cache-Control": "no-cache",
        "Content-Encoding": "gzip",
        "Content-Type": "application/json; charset=utf-8",
        "Date": "Sat, 11 Feb 2023 02:03:09 GMT",
        "Expires": "-1",
        "Pragma": "no-cache",
        "Request-Context": "appId=cid-v1:2d2e8e63-272e-4b3c-8598-4ee570a0e70d",
        "Server-Timing": "traceparent;desc=\u002200-f1f33cda33f3fb7443405b8ffb589a19-1f4e38c5a3f83065-01\u0022",
        "Strict-Transport-Security": "max-age=31536000; includeSubDomains",
        "Transfer-Encoding": "chunked",
        "Vary": [
          "Accept-Encoding",
          "Accept-Encoding"
        ],
        "x-aml-cluster": "vienna-eastus2-01",
        "X-Content-Type-Options": "nosniff",
        "x-ms-correlation-request-id": "8ed28f04-c4d7-4060-9039-eba0bbaad691",
        "x-ms-ratelimit-remaining-subscription-reads": "11920",
        "x-ms-response-type": "standard",
        "x-ms-routing-request-id": "WESTUS2:20230211T020310Z:8ed28f04-c4d7-4060-9039-eba0bbaad691",
        "x-request-time": "0.024"
      },
      "ResponseBody": {
        "id": "/subscriptions/00000000-0000-0000-0000-000000000/resourceGroups/00000/providers/Microsoft.MachineLearningServices/workspaces/00000",
        "name": "00000",
        "type": "Microsoft.MachineLearningServices/workspaces",
        "location": "eastus2",
        "tags": {},
        "etag": null,
        "properties": {
          "friendlyName": "00000",
          "description": "",
          "storageAccount": "/subscriptions/00000000-0000-0000-0000-000000000/resourceGroups/00000/providers/Microsoft.Storage/storageAccounts/safat2f6rn4hclg",
          "keyVault": "/subscriptions/00000000-0000-0000-0000-000000000/resourceGroups/00000/providers/Microsoft.Keyvault/vaults/kvtestkwk2ikhiolcmu",
          "applicationInsights": "/subscriptions/00000000-0000-0000-0000-000000000/resourceGroups/00000/providers/Microsoft.insights/components/aifat2f6rn4hclg",
          "hbiWorkspace": false,
          "tenantId": "72f988bf-86f1-41af-91ab-2d7cd011db47",
          "imageBuildCompute": null,
          "provisioningState": "Succeeded",
          "v1LegacyMode": false,
          "softDeleteEnabled": false,
          "containerRegistry": "/subscriptions/00000000-0000-0000-0000-000000000/resourceGroups/00000/providers/Microsoft.ContainerRegistry/registries/crfat2f6rn4hclg",
          "notebookInfo": {
            "resourceId": "0000000-0000-0000-0000-000000000000",
            "fqdn": "ml-sdkvnextcli-eastus2-f7a7a6a9-166d-4f8e-9423-60668c799dd1.eastus2.notebooks.azure.net",
            "isPrivateLinkEnabled": false,
            "notebookPreparationError": null
          },
          "storageHnsEnabled": false,
          "workspaceId": "f7a7a6a9-166d-4f8e-9423-60668c799dd1",
          "linkedModelInventoryArmId": null,
          "privateLinkCount": 0,
          "publicNetworkAccess": "Enabled",
          "discoveryUrl": "https://eastus2.api.azureml.ms/discovery",
          "mlFlowTrackingUri": "azureml://eastus2.api.azureml.ms/mlflow/v1.0/subscriptions/00000000-0000-0000-0000-000000000/resourceGroups/00000/providers/Microsoft.MachineLearningServices/workspaces/00000",
          "sdkTelemetryAppInsightsKey": "0000000-0000-0000-0000-000000000000",
          "sasGetterUri": "",
          "enableDataIsolation": false
        },
        "identity": {
          "type": "SystemAssigned",
          "principalId": "0000000-0000-0000-0000-000000000000",
          "tenantId": "72f988bf-86f1-41af-91ab-2d7cd011db47"
        },
        "kind": "Default",
        "sku": {
          "name": "Basic",
          "tier": "Basic"
        },
        "systemData": {
          "createdAt": "2023-02-09T01:53:50.8086974Z",
          "createdBy": "dipeck@microsoft.com",
          "createdByType": "User",
          "lastModifiedAt": "2023-02-09T01:53:50.8086974Z",
          "lastModifiedBy": "dipeck@microsoft.com",
          "lastModifiedByType": "User"
        }
      }
    },
    {
      "RequestUri": "https://eastus2.api.azureml.ms/content/v2.0/subscriptions/00000000-0000-0000-0000-000000000/resourceGroups/00000/providers/Microsoft.MachineLearningServices/workspaces/00000/snapshots/getByHash?hash=b28493bb370b188abfe2d3d8dc409805c9ddebcd6407e9fbfb980f4bd1178402\u0026hashVersion=202208",
      "RequestMethod": "GET",
      "RequestHeaders": {
        "Accept": "*/*",
        "Accept-Encoding": "gzip, deflate",
        "Connection": "keep-alive",
        "Content-Type": "application/json; charset=UTF-8",
        "User-Agent": "azure-ai-ml/1.5.0 azsdk-python-core/1.26.3 Python/3.7.9 (Windows-10-10.0.22621-SP0)"
      },
      "RequestBody": null,
      "StatusCode": 200,
      "ResponseHeaders": {
        "Connection": "keep-alive",
        "Content-Encoding": "gzip",
        "Content-Type": "application/json; charset=utf-8",
        "Date": "Sat, 11 Feb 2023 02:03:12 GMT",
        "Request-Context": "appId=cid-v1:2d2e8e63-272e-4b3c-8598-4ee570a0e70d",
        "Strict-Transport-Security": "max-age=15724800; includeSubDomains; preload",
        "Transfer-Encoding": "chunked",
        "Vary": "Accept-Encoding",
        "x-aml-cluster": "vienna-eastus2-01",
        "X-Content-Type-Options": "nosniff",
        "x-ms-response-type": "standard",
        "x-request-time": "0.086"
      },
      "ResponseBody": {
        "snapshotType": "LocalFiles",
        "id": "7ebbf866-ac1f-4499-af13-d5d9225ad8b0",
        "root": {
          "name": "",
          "hash": null,
          "type": "Directory",
          "timestamp": "0001-01-01T00:00:00\u002B00:00",
          "sasUrl": null,
          "absoluteUrl": null,
          "sizeBytes": 0,
          "sizeSet": false,
          "children": {
            "batch_score.py": {
              "name": "batch_score.py",
              "hash": "A7EF4416032A4FBE1F7A63F5E2D744A7",
              "type": "File",
              "timestamp": "0001-01-01T00:00:00\u002B00:00",
              "sasUrl": null,
              "absoluteUrl": null,
              "sizeBytes": 1753,
              "sizeSet": true,
              "children": {}
            },
            "batch_score.yaml": {
              "name": "batch_score.yaml",
              "hash": "111685A2B3A992CEAF7DE80E65E0C624",
              "type": "File",
              "timestamp": "0001-01-01T00:00:00\u002B00:00",
              "sasUrl": null,
              "absoluteUrl": null,
              "sizeBytes": 1388,
              "sizeSet": true,
              "children": {}
            }
          }
        },
        "tags": {},
        "properties": {
          "hash_sha256": "b28493bb370b188abfe2d3d8dc409805c9ddebcd6407e9fbfb980f4bd1178402",
          "hash_version": "202208",
          "azureml.codeUri": "https://safat2f6rn4hclg.blob.core.windows.net:443/f7a7a6a9-1-d956490d-1eca-52f3-ae0b-b875c4aa10a2/batch_inference"
        },
        "description": null,
        "name": "0e3cc6ee-d4a0-8aee-34ca-157ccbef73ec",
        "version": "1",
        "createdBy": {
          "userObjectId": "b3a957de-450c-4ca7-b2aa-88dd98c87fef",
          "userPuId": "10037FFEAD05DD5D",
          "userIdp": null,
          "userAltSecId": null,
          "userIss": "https://sts.windows.net/72f988bf-86f1-41af-91ab-2d7cd011db47/",
          "userTenantId": "72f988bf-86f1-41af-91ab-2d7cd011db47",
          "userName": "Diondra Peck",
          "upn": null
        },
        "createdTime": "2023-02-09T01:56:30.037676\u002B00:00",
        "modifiedBy": {
          "userObjectId": "b3a957de-450c-4ca7-b2aa-88dd98c87fef",
          "userPuId": "10037FFEAD05DD5D",
          "userIdp": null,
          "userAltSecId": null,
          "userIss": "https://sts.windows.net/72f988bf-86f1-41af-91ab-2d7cd011db47/",
          "userTenantId": "72f988bf-86f1-41af-91ab-2d7cd011db47",
          "userName": "Diondra Peck",
          "upn": null
        },
        "modifiedTime": "2023-02-09T02:02:06.5698049\u002B00:00",
        "gitRepositoryCommit": null,
        "uri": "https://safat2f6rn4hclg.blob.core.windows.net:443/f7a7a6a9-1-f7ced709-5977-5bcc-9213-d661d08de4cf/batch_inference",
        "contentHash": "b28493bb370b188abfe2d3d8dc409805c9ddebcd6407e9fbfb980f4bd1178402",
        "hashVersion": "202208",
        "provisioningState": "Succeeded"
      }
    },
    {
      "RequestUri": "https://management.azure.com/subscriptions/00000000-0000-0000-0000-000000000/resourceGroups/00000/providers/Microsoft.MachineLearningServices/workspaces/00000/codes/0e3cc6ee-d4a0-8aee-34ca-157ccbef73ec/versions/1?api-version=2022-05-01",
      "RequestMethod": "GET",
      "RequestHeaders": {
        "Accept": "application/json",
        "Accept-Encoding": "gzip, deflate",
        "Connection": "keep-alive",
        "User-Agent": "azure-ai-ml/1.5.0 azsdk-python-mgmt-machinelearningservices/0.1.0 Python/3.7.9 (Windows-10-10.0.22621-SP0)"
      },
      "RequestBody": null,
      "StatusCode": 200,
      "ResponseHeaders": {
        "Cache-Control": "no-cache",
        "Content-Encoding": "gzip",
        "Content-Type": "application/json; charset=utf-8",
        "Date": "Sat, 11 Feb 2023 02:03:12 GMT",
        "Expires": "-1",
        "Pragma": "no-cache",
        "Request-Context": "appId=cid-v1:2d2e8e63-272e-4b3c-8598-4ee570a0e70d",
        "Server-Timing": "traceparent;desc=\u002200-3d4a84ed240d5db2e72f1984524d9e67-f9a6a1a42f7b1ff9-01\u0022",
        "Strict-Transport-Security": "max-age=31536000; includeSubDomains",
        "Transfer-Encoding": "chunked",
        "Vary": [
          "Accept-Encoding",
          "Accept-Encoding"
        ],
        "x-aml-cluster": "vienna-eastus2-01",
        "X-Content-Type-Options": "nosniff",
        "x-ms-correlation-request-id": "8f044055-c7f7-4ec7-946b-9b61720c31c9",
        "x-ms-ratelimit-remaining-subscription-reads": "11919",
        "x-ms-response-type": "standard",
        "x-ms-routing-request-id": "WESTUS2:20230211T020313Z:8f044055-c7f7-4ec7-946b-9b61720c31c9",
        "x-request-time": "0.046"
      },
      "ResponseBody": {
        "id": "/subscriptions/00000000-0000-0000-0000-000000000/resourceGroups/00000/providers/Microsoft.MachineLearningServices/workspaces/00000/codes/0e3cc6ee-d4a0-8aee-34ca-157ccbef73ec/versions/1",
        "name": "1",
        "type": "Microsoft.MachineLearningServices/workspaces/codes/versions",
        "properties": {
          "description": null,
          "tags": {},
          "properties": {
            "hash_sha256": "0000000000000",
            "hash_version": "0000000000000"
          },
          "isArchived": false,
          "isAnonymous": false,
          "codeUri": "https://safat2f6rn4hclg.blob.core.windows.net:443/f7a7a6a9-1-f7ced709-5977-5bcc-9213-d661d08de4cf/batch_inference"
        },
        "systemData": {
          "createdAt": "2023-02-09T01:56:30.037676\u002B00:00",
          "createdBy": "Diondra Peck",
          "createdByType": "User",
          "lastModifiedAt": "2023-02-09T02:02:06.5698049\u002B00:00",
          "lastModifiedBy": "Diondra Peck",
          "lastModifiedByType": "User"
        }
      }
    },
    {
      "RequestUri": "https://management.azure.com/subscriptions/00000000-0000-0000-0000-000000000/resourceGroups/00000/providers/Microsoft.MachineLearningServices/workspaces/00000/components/test_129716718825/versions/0.0.1?api-version=2022-10-01",
      "RequestMethod": "PUT",
      "RequestHeaders": {
        "Accept": "application/json",
        "Accept-Encoding": "gzip, deflate",
        "Connection": "keep-alive",
        "Content-Length": "1895",
        "Content-Type": "application/json",
        "User-Agent": "azure-ai-ml/1.5.0 azsdk-python-mgmt-machinelearningservices/0.1.0 Python/3.7.9 (Windows-10-10.0.22621-SP0)"
      },
      "RequestBody": {
        "properties": {
          "description": "Score images with MNIST image classification model.",
          "properties": {},
          "tags": {
            "Parallel": "",
            "Sample": "",
            "contact": "Microsoft Corporation \u003Cxxx@microsoft.com\u003E",
            "helpDocument": "https://aka.ms/parallel-modules"
          },
          "isAnonymous": false,
          "isArchived": false,
          "componentSpec": {
            "name": "test_129716718825",
            "description": "Score images with MNIST image classification model.",
            "tags": {
              "Parallel": "",
              "Sample": "",
              "contact": "Microsoft Corporation \u003Cxxx@microsoft.com\u003E",
              "helpDocument": "https://aka.ms/parallel-modules"
            },
            "version": "0.0.1",
            "$schema": "https://componentsdk.azureedge.net/jsonschema/ParallelComponent.json",
            "display_name": "Parallel Score Image Classification with MNIST",
            "inputs": {
              "model_path": {
                "type": "path",
                "description": "Trained MNIST image classification model.",
                "optional": false
              },
              "images_to_score": {
                "type": "path",
                "description": "Images to score.",
                "optional": false
              }
            },
            "outputs": {
              "scored_dataset": {
                "type": "path",
                "description": "Output folder to save scored result."
              }
            },
            "type": "ParallelComponent",
            "code": "azureml:/subscriptions/00000000-0000-0000-0000-000000000/resourceGroups/00000/providers/Microsoft.MachineLearningServices/workspaces/00000/codes/0e3cc6ee-d4a0-8aee-34ca-157ccbef73ec/versions/1",
            "environment": {
              "docker": {
                "image": "mcr.microsoft.com/azureml/openmpi3.1.2-cuda10.1-cudnn7-ubuntu18.04"
              },
              "conda": {
                "conda_dependencies": {
                  "channels": [
                    "defaults"
                  ],
                  "dependencies": [
                    "python=3.7.9",
                    "pip=20.0",
                    {
                      "pip": [
                        "protobuf==3.20.1",
                        "tensorflow==1.15.2",
                        "pillow",
                        "azureml-core",
                        "azureml-dataset-runtime[fuse, pandas]"
                      ]
                    }
                  ],
                  "name": "batch_environment"
                }
              },
              "os": "Linux"
            },
            "parallel": {
              "input_data": "inputs.images_to_score",
              "output_data": "outputs.scored_dataset",
              "entry": "batch_score.py",
              "args": "--model_path {inputs.model_path} --scored_dataset {outputs.scored_dataset}"
            },
            "_source": "YAML.COMPONENT"
          }
        }
      },
      "StatusCode": 201,
      "ResponseHeaders": {
        "Cache-Control": "no-cache",
        "Content-Length": "3233",
        "Content-Type": "application/json; charset=utf-8",
        "Date": "Sat, 11 Feb 2023 02:03:13 GMT",
        "Expires": "-1",
        "Location": "https://management.azure.com/subscriptions/00000000-0000-0000-0000-000000000/resourceGroups/00000/providers/Microsoft.MachineLearningServices/workspaces/00000/components/test_129716718825/versions/0.0.1?api-version=2022-10-01",
        "Pragma": "no-cache",
        "Request-Context": "appId=cid-v1:2d2e8e63-272e-4b3c-8598-4ee570a0e70d",
        "Server-Timing": "traceparent;desc=\u002200-445fbed16e8afd8b048888da6a07be88-10c654705f6fa80b-01\u0022",
        "Strict-Transport-Security": "max-age=31536000; includeSubDomains",
        "x-aml-cluster": "vienna-eastus2-01",
        "X-Content-Type-Options": "nosniff",
        "x-ms-correlation-request-id": "b14ac8a3-8572-47ed-b05f-a684aba8b2c9",
        "x-ms-ratelimit-remaining-subscription-writes": "1170",
        "x-ms-response-type": "standard",
        "x-ms-routing-request-id": "WESTUS2:20230211T020314Z:b14ac8a3-8572-47ed-b05f-a684aba8b2c9",
        "x-request-time": "0.382"
      },
      "ResponseBody": {
        "id": "/subscriptions/00000000-0000-0000-0000-000000000/resourceGroups/00000/providers/Microsoft.MachineLearningServices/workspaces/00000/components/test_129716718825/versions/0.0.1",
        "name": "0.0.1",
        "type": "Microsoft.MachineLearningServices/workspaces/components/versions",
        "properties": {
          "description": null,
          "tags": {
            "Parallel": "",
            "Sample": "",
            "contact": "Microsoft Corporation \u003Cxxx@microsoft.com\u003E",
            "helpDocument": "https://aka.ms/parallel-modules"
          },
          "properties": {},
          "isArchived": false,
          "isAnonymous": false,
          "componentSpec": {
            "$schema": "https://componentsdk.azureedge.net/jsonschema/ParallelComponent.json",
            "name": "test_129716718825",
            "version": "0.0.1",
            "display_name": "Parallel Score Image Classification with MNIST",
            "is_deterministic": "True",
            "type": "ParallelComponent",
            "description": "Score images with MNIST image classification model.",
            "tags": {
              "Parallel": "",
              "Sample": "",
              "contact": "Microsoft Corporation \u003Cxxx@microsoft.com\u003E",
              "helpDocument": "https://aka.ms/parallel-modules"
            },
            "inputs": {
              "model_path": {
                "type": "path",
                "optional": "False",
                "description": "Trained MNIST image classification model.",
                "datastore_mode": "Mount"
              },
              "images_to_score": {
                "type": "path",
                "optional": "False",
                "description": "Images to score.",
                "datastore_mode": "Mount"
              }
            },
            "outputs": {
              "scored_dataset": {
                "type": "path",
                "description": "Output folder to save scored result.",
                "datastore_mode": "Upload"
              }
            },
            "environment": {
              "conda": {
                "conda_dependencies": {
                  "channels": [
                    "defaults"
                  ],
                  "dependencies": [
                    "python=3.7.9",
                    "pip=20.0",
                    {
                      "pip": [
                        "protobuf==3.20.1",
                        "tensorflow==1.15.2",
                        "pillow",
                        "azureml-core",
                        "azureml-dataset-runtime[fuse, pandas]"
                      ]
                    }
                  ],
                  "name": "batch_environment"
                }
              },
              "docker": {
                "image": "mcr.microsoft.com/azureml/openmpi3.1.2-cuda10.1-cudnn7-ubuntu18.04"
              },
              "os": "Linux"
            },
            "parallel": {
              "args": "--model_path {inputs.model_path} --scored_dataset {outputs.scored_dataset}",
              "input_data": "inputs.images_to_score",
              "output_data": "outputs.scored_dataset",
              "entry": "batch_score.py"
            },
            "code": "azureml:/subscriptions/00000000-0000-0000-0000-000000000/resourceGroups/00000/providers/Microsoft.MachineLearningServices/workspaces/00000/codes/0e3cc6ee-d4a0-8aee-34ca-157ccbef73ec/versions/1"
          }
        },
        "systemData": {
          "createdAt": "2023-02-11T02:03:14.4020734\u002B00:00",
          "createdBy": "Diondra Peck",
          "createdByType": "User",
          "lastModifiedAt": "2023-02-11T02:03:14.4691166\u002B00:00",
          "lastModifiedBy": "Diondra Peck",
          "lastModifiedByType": "User"
        }
      }
    },
    {
      "RequestUri": "https://management.azure.com/subscriptions/00000000-0000-0000-0000-000000000/resourceGroups/00000/providers/Microsoft.MachineLearningServices/workspaces/00000/components/test_129716718825/versions/0.0.1?api-version=2022-10-01",
      "RequestMethod": "GET",
      "RequestHeaders": {
        "Accept": "application/json",
        "Accept-Encoding": "gzip, deflate",
        "Connection": "keep-alive",
        "User-Agent": "azure-ai-ml/1.5.0 azsdk-python-mgmt-machinelearningservices/0.1.0 Python/3.7.9 (Windows-10-10.0.22621-SP0)"
      },
      "RequestBody": null,
      "StatusCode": 200,
      "ResponseHeaders": {
        "Cache-Control": "no-cache",
        "Content-Encoding": "gzip",
        "Content-Type": "application/json; charset=utf-8",
        "Date": "Sat, 11 Feb 2023 02:03:18 GMT",
        "Expires": "-1",
        "Pragma": "no-cache",
        "Request-Context": "appId=cid-v1:2d2e8e63-272e-4b3c-8598-4ee570a0e70d",
        "Server-Timing": "traceparent;desc=\u002200-e4b9d44cb9026d6c2eaa46463fb22012-d2ef0a3d87b60de9-01\u0022",
        "Strict-Transport-Security": "max-age=31536000; includeSubDomains",
        "Transfer-Encoding": "chunked",
        "Vary": [
          "Accept-Encoding",
          "Accept-Encoding"
        ],
        "x-aml-cluster": "vienna-eastus2-01",
        "X-Content-Type-Options": "nosniff",
        "x-ms-correlation-request-id": "31013eb2-3c0f-488b-ae9b-9428eb12eea3",
        "x-ms-ratelimit-remaining-subscription-reads": "11918",
        "x-ms-response-type": "standard",
        "x-ms-routing-request-id": "WESTUS2:20230211T020319Z:31013eb2-3c0f-488b-ae9b-9428eb12eea3",
        "x-request-time": "0.066"
      },
      "ResponseBody": {
        "id": "/subscriptions/00000000-0000-0000-0000-000000000/resourceGroups/00000/providers/Microsoft.MachineLearningServices/workspaces/00000/components/test_129716718825/versions/0.0.1",
        "name": "0.0.1",
        "type": "Microsoft.MachineLearningServices/workspaces/components/versions",
        "properties": {
          "description": null,
          "tags": {
            "Parallel": "",
            "Sample": "",
            "contact": "Microsoft Corporation \u003Cxxx@microsoft.com\u003E",
            "helpDocument": "https://aka.ms/parallel-modules"
          },
          "properties": {},
          "isArchived": false,
          "isAnonymous": false,
          "componentSpec": {
            "$schema": "https://componentsdk.azureedge.net/jsonschema/ParallelComponent.json",
            "name": "test_129716718825",
            "version": "0.0.1",
            "display_name": "Parallel Score Image Classification with MNIST",
            "is_deterministic": "True",
            "type": "ParallelComponent",
            "description": "Score images with MNIST image classification model.",
            "tags": {
              "Parallel": "",
              "Sample": "",
              "contact": "Microsoft Corporation \u003Cxxx@microsoft.com\u003E",
              "helpDocument": "https://aka.ms/parallel-modules"
            },
            "inputs": {
              "model_path": {
                "type": "path",
                "optional": "False",
                "description": "Trained MNIST image classification model.",
                "datastore_mode": "Mount"
              },
              "images_to_score": {
                "type": "path",
                "optional": "False",
                "description": "Images to score.",
                "datastore_mode": "Mount"
              }
            },
            "outputs": {
              "scored_dataset": {
                "type": "path",
                "description": "Output folder to save scored result.",
                "datastore_mode": "Upload"
              }
            },
            "environment": {
              "conda": {
                "conda_dependencies": {
                  "channels": [
                    "defaults"
                  ],
                  "dependencies": [
                    "python=3.7.9",
                    "pip=20.0",
                    {
                      "pip": [
                        "protobuf==3.20.1",
                        "tensorflow==1.15.2",
                        "pillow",
                        "azureml-core",
                        "azureml-dataset-runtime[fuse, pandas]"
                      ]
                    }
                  ],
                  "name": "batch_environment"
                }
              },
              "docker": {
                "image": "mcr.microsoft.com/azureml/openmpi3.1.2-cuda10.1-cudnn7-ubuntu18.04"
              },
              "os": "Linux"
            },
            "parallel": {
              "args": "--model_path {inputs.model_path} --scored_dataset {outputs.scored_dataset}",
              "input_data": "inputs.images_to_score",
              "output_data": "outputs.scored_dataset",
              "entry": "batch_score.py"
            },
            "code": "azureml:/subscriptions/00000000-0000-0000-0000-000000000/resourceGroups/00000/providers/Microsoft.MachineLearningServices/workspaces/00000/codes/0e3cc6ee-d4a0-8aee-34ca-157ccbef73ec/versions/1"
          }
        },
        "systemData": {
          "createdAt": "2023-02-11T02:03:14.4020734\u002B00:00",
          "createdBy": "Diondra Peck",
          "createdByType": "User",
          "lastModifiedAt": "2023-02-11T02:03:14.4691166\u002B00:00",
          "lastModifiedBy": "Diondra Peck",
          "lastModifiedByType": "User"
        }
      }
    },
    {
      "RequestUri": "https://management.azure.com/subscriptions/00000000-0000-0000-0000-000000000/resourceGroups/00000/providers/Microsoft.MachineLearningServices/workspaces/00000/jobs/000000000000000000000?api-version=2022-12-01-preview",
      "RequestMethod": "PUT",
      "RequestHeaders": {
        "Accept": "application/json",
        "Accept-Encoding": "gzip, deflate",
        "Connection": "keep-alive",
        "Content-Length": "1385",
        "Content-Type": "application/json",
        "User-Agent": "azure-ai-ml/1.5.0 azsdk-python-mgmt-machinelearningservices/0.1.0 Python/3.7.9 (Windows-10-10.0.22621-SP0)"
      },
      "RequestBody": {
        "properties": {
          "properties": {},
          "tags": {},
          "displayName": "pipeline_func",
          "experimentName": "azure-ai-ml",
          "isArchived": false,
          "jobType": "Pipeline",
          "inputs": {},
          "jobs": {
            "node": {
              "resources": {
                "instance_count": 1,
                "properties": {}
              },
              "max_concurrency_per_instance": 2,
              "error_threshold": 5,
              "logging_level": "DEBUG",
              "retry_settings": {
                "timeout": 300,
                "max_retries": 2
              },
              "mini_batch_size": "2",
              "type": "ParallelComponent",
              "inputs": {
                "model_path": {
                  "uri": "/subscriptions/00000000-0000-0000-0000-000000000/resourceGroups/00000/providers/Microsoft.MachineLearningServices/workspaces/00000/data/mltable_mnist_model/versions/2",
                  "job_input_type": "mltable"
                },
                "images_to_score": {
                  "uri": "/subscriptions/00000000-0000-0000-0000-000000000/resourceGroups/00000/providers/Microsoft.MachineLearningServices/workspaces/00000/data/mltable_mnist/versions/2",
                  "job_input_type": "mltable"
                }
              },
              "_source": "REMOTE.WORKSPACE.COMPONENT",
              "componentId": "/subscriptions/00000000-0000-0000-0000-000000000/resourceGroups/00000/providers/Microsoft.MachineLearningServices/workspaces/00000/components/test_129716718825/versions/0.0.1",
              "limits": {
                "job_limits_type": "Command"
              }
            }
          },
          "outputs": {},
          "settings": {
            "default_compute": "/subscriptions/00000000-0000-0000-0000-000000000/resourceGroups/00000/providers/Microsoft.MachineLearningServices/workspaces/00000/computes/cpu-cluster",
            "_source": "DSL"
          }
        }
      },
      "StatusCode": 201,
      "ResponseHeaders": {
        "Cache-Control": "no-cache",
        "Content-Length": "3506",
        "Content-Type": "application/json; charset=utf-8",
        "Date": "Sat, 11 Feb 2023 02:03:23 GMT",
        "Expires": "-1",
        "Location": "https://management.azure.com/subscriptions/00000000-0000-0000-0000-000000000/resourceGroups/00000/providers/Microsoft.MachineLearningServices/workspaces/00000/jobs/000000000000000000000?api-version=2022-12-01-preview",
        "Pragma": "no-cache",
        "Request-Context": "appId=cid-v1:2d2e8e63-272e-4b3c-8598-4ee570a0e70d",
        "Server-Timing": "traceparent;desc=\u002200-e2fc7b2aebcf51dce264ae3c2ed530ab-2ce9729dd7f3a314-01\u0022",
        "Strict-Transport-Security": "max-age=31536000; includeSubDomains",
        "x-aml-cluster": "vienna-eastus2-01",
        "X-Content-Type-Options": "nosniff",
        "x-ms-correlation-request-id": "e53cfc63-d8c3-42aa-8b2e-403ea3fd537c",
        "x-ms-ratelimit-remaining-subscription-writes": "1169",
        "x-ms-response-type": "standard",
        "x-ms-routing-request-id": "WESTUS2:20230211T020324Z:e53cfc63-d8c3-42aa-8b2e-403ea3fd537c",
        "x-request-time": "1.246"
      },
      "ResponseBody": {
        "id": "/subscriptions/00000000-0000-0000-0000-000000000/resourceGroups/00000/providers/Microsoft.MachineLearningServices/workspaces/00000/jobs/000000000000000000000",
        "name": "000000000000000000000",
        "type": "Microsoft.MachineLearningServices/workspaces/jobs",
        "properties": {
          "description": null,
          "tags": {},
          "properties": {
            "azureml.DevPlatv2": "true",
            "azureml.runsource": "azureml.PipelineRun",
            "runSource": "MFE",
            "runType": "HTTP",
            "azureml.parameters": "{}",
            "azureml.continue_on_step_failure": "False",
            "azureml.continue_on_failed_optional_input": "True",
            "azureml.defaultComputeName": "cpu-cluster",
            "azureml.defaultDataStoreName": "workspaceblobstore",
            "azureml.pipelineComponent": "pipelinerun"
          },
          "displayName": "pipeline_func",
          "status": "Preparing",
          "experimentName": "azure-ai-ml",
          "services": {
            "Tracking": {
              "jobServiceType": "Tracking",
              "port": null,
              "endpoint": "azureml://eastus2.api.azureml.ms/mlflow/v1.0/subscriptions/00000000-0000-0000-0000-000000000/resourceGroups/00000/providers/Microsoft.MachineLearningServices/workspaces/00000?",
              "status": null,
              "errorMessage": null,
              "properties": null,
              "nodes": null
            },
            "Studio": {
              "jobServiceType": "Studio",
              "port": null,
              "endpoint": "https://ml.azure.com/runs/000000000000000000000?wsid=/subscriptions/00000000-0000-0000-0000-000000000/resourcegroups/00000/workspaces/00000",
              "status": null,
              "errorMessage": null,
              "properties": null,
              "nodes": null
            }
          },
          "computeId": null,
          "isArchived": false,
          "identity": null,
          "componentId": null,
          "jobType": "Pipeline",
          "settings": {
            "default_compute": "/subscriptions/00000000-0000-0000-0000-000000000/resourceGroups/00000/providers/Microsoft.MachineLearningServices/workspaces/00000/computes/cpu-cluster",
            "_source": "DSL"
          },
          "jobs": {
            "node": {
              "resources": {
                "instance_count": 1,
                "properties": {}
              },
              "max_concurrency_per_instance": 2,
              "error_threshold": 5,
              "logging_level": "DEBUG",
              "retry_settings": {
                "timeout": 300,
                "max_retries": 2
              },
              "mini_batch_size": "2",
              "type": "ParallelComponent",
              "inputs": {
                "model_path": {
                  "uri": "/subscriptions/00000000-0000-0000-0000-000000000/resourceGroups/00000/providers/Microsoft.MachineLearningServices/workspaces/00000/data/mltable_mnist_model/versions/2",
                  "job_input_type": "mltable"
                },
                "images_to_score": {
                  "uri": "/subscriptions/00000000-0000-0000-0000-000000000/resourceGroups/00000/providers/Microsoft.MachineLearningServices/workspaces/00000/data/mltable_mnist/versions/2",
                  "job_input_type": "mltable"
                }
              },
              "_source": "REMOTE.WORKSPACE.COMPONENT",
              "componentId": "/subscriptions/00000000-0000-0000-0000-000000000/resourceGroups/00000/providers/Microsoft.MachineLearningServices/workspaces/00000/components/test_129716718825/versions/0.0.1",
              "limits": {
                "job_limits_type": "Command"
              }
            }
          },
          "inputs": {},
          "outputs": {},
          "sourceJobId": null
        },
        "systemData": {
          "createdAt": "2023-02-11T02:03:23.5221013\u002B00:00",
          "createdBy": "Diondra Peck",
          "createdByType": "User"
        }
      }
    },
    {
      "RequestUri": "https://management.azure.com/subscriptions/00000000-0000-0000-0000-000000000/resourceGroups/00000/providers/Microsoft.MachineLearningServices/workspaces/00000/jobs/000000000000000000000/cancel?api-version=2022-12-01-preview",
      "RequestMethod": "POST",
      "RequestHeaders": {
        "Accept": "application/json",
        "Accept-Encoding": "gzip, deflate",
        "Connection": "keep-alive",
        "Content-Length": "0",
        "User-Agent": "azure-ai-ml/1.5.0 azsdk-python-mgmt-machinelearningservices/0.1.0 Python/3.7.9 (Windows-10-10.0.22621-SP0)"
      },
      "RequestBody": null,
      "StatusCode": 202,
      "ResponseHeaders": {
        "Cache-Control": "no-cache",
        "Content-Length": "4",
        "Content-Type": "application/json; charset=utf-8",
        "Date": "Sat, 11 Feb 2023 02:03:26 GMT",
        "Expires": "-1",
        "Location": "https://management.azure.com/subscriptions/00000000-0000-0000-0000-000000000/providers/Microsoft.MachineLearningServices/locations/eastus2/mfeOperationResults/jc:f7a7a6a9-166d-4f8e-9423-60668c799dd1:000000000000000000000?api-version=2022-12-01-preview",
        "Pragma": "no-cache",
        "Request-Context": "appId=cid-v1:2d2e8e63-272e-4b3c-8598-4ee570a0e70d",
        "Strict-Transport-Security": "max-age=31536000; includeSubDomains",
        "x-aml-cluster": "vienna-eastus2-01",
        "X-Content-Type-Options": "nosniff",
        "x-ms-async-operation-timeout": "PT1H",
        "x-ms-correlation-request-id": "6c31b76b-1657-4c45-b71e-b1da36239812",
        "x-ms-ratelimit-remaining-subscription-writes": "1181",
        "x-ms-response-type": "standard",
        "x-ms-routing-request-id": "WESTUS2:20230211T020327Z:6c31b76b-1657-4c45-b71e-b1da36239812",
        "x-request-time": "0.600"
      },
      "ResponseBody": "null"
    },
    {
      "RequestUri": "https://management.azure.com/subscriptions/00000000-0000-0000-0000-000000000/providers/Microsoft.MachineLearningServices/locations/eastus2/mfeOperationResults/jc:f7a7a6a9-166d-4f8e-9423-60668c799dd1:000000000000000000000?api-version=2022-12-01-preview",
      "RequestMethod": "GET",
      "RequestHeaders": {
        "Accept": "*/*",
        "Accept-Encoding": "gzip, deflate",
        "Connection": "keep-alive",
        "User-Agent": "azure-ai-ml/1.5.0 azsdk-python-mgmt-machinelearningservices/0.1.0 Python/3.7.9 (Windows-10-10.0.22621-SP0)"
      },
      "RequestBody": null,
      "StatusCode": 202,
      "ResponseHeaders": {
        "Cache-Control": "no-cache",
        "Content-Length": "2",
        "Content-Type": "application/json; charset=utf-8",
        "Date": "Sat, 11 Feb 2023 02:03:27 GMT",
        "Expires": "-1",
        "Location": "https://management.azure.com/subscriptions/00000000-0000-0000-0000-000000000/providers/Microsoft.MachineLearningServices/locations/eastus2/mfeOperationResults/jc:f7a7a6a9-166d-4f8e-9423-60668c799dd1:000000000000000000000?api-version=2022-12-01-preview",
        "Pragma": "no-cache",
        "Request-Context": "appId=cid-v1:2d2e8e63-272e-4b3c-8598-4ee570a0e70d",
        "Strict-Transport-Security": "max-age=31536000; includeSubDomains",
        "x-aml-cluster": "vienna-eastus2-01",
        "X-Content-Type-Options": "nosniff",
        "x-ms-correlation-request-id": "4422cf4b-dfa2-453d-8405-4afae3473802",
        "x-ms-ratelimit-remaining-subscription-reads": "11917",
        "x-ms-response-type": "standard",
        "x-ms-routing-request-id": "WESTUS2:20230211T020327Z:4422cf4b-dfa2-453d-8405-4afae3473802",
        "x-request-time": "0.024"
      },
      "ResponseBody": {}
    },
    {
      "RequestUri": "https://management.azure.com/subscriptions/00000000-0000-0000-0000-000000000/providers/Microsoft.MachineLearningServices/locations/eastus2/mfeOperationResults/jc:f7a7a6a9-166d-4f8e-9423-60668c799dd1:000000000000000000000?api-version=2022-12-01-preview",
      "RequestMethod": "GET",
      "RequestHeaders": {
        "Accept": "*/*",
        "Accept-Encoding": "gzip, deflate",
        "Connection": "keep-alive",
        "User-Agent": "azure-ai-ml/1.5.0 azsdk-python-mgmt-machinelearningservices/0.1.0 Python/3.7.9 (Windows-10-10.0.22621-SP0)"
      },
      "RequestBody": null,
      "StatusCode": 200,
      "ResponseHeaders": {
        "Cache-Control": "no-cache",
        "Content-Length": "0",
        "Date": "Sat, 11 Feb 2023 02:03:57 GMT",
        "Expires": "-1",
        "Pragma": "no-cache",
        "Request-Context": "appId=cid-v1:2d2e8e63-272e-4b3c-8598-4ee570a0e70d",
        "Server-Timing": "traceparent;desc=\u002200-d17f892f50560a35182cde9a819e8b25-a6ecee6b97089e19-01\u0022",
        "Strict-Transport-Security": "max-age=31536000; includeSubDomains",
        "x-aml-cluster": "vienna-eastus2-01",
        "X-Content-Type-Options": "nosniff",
        "x-ms-correlation-request-id": "b2921c98-31d5-4414-90ee-6c68f3656662",
        "x-ms-ratelimit-remaining-subscription-reads": "11916",
        "x-ms-response-type": "standard",
        "x-ms-routing-request-id": "WESTUS2:20230211T020357Z:b2921c98-31d5-4414-90ee-6c68f3656662",
        "x-request-time": "0.030"
      },
      "ResponseBody": null
    }
  ],
  "Variables": {
    "component_name": "test_129716718825"
  }
}
