{
  "Entries": [
    {
      "RequestUri": "https://management.azure.com/subscriptions/00000000-0000-0000-0000-000000000/resourceGroups/00000/providers/Microsoft.MachineLearningServices/workspaces/00000/datastores/workspaceblobstore?api-version=2022-05-01",
      "RequestMethod": "GET",
      "RequestHeaders": {
        "Accept": "application/json",
        "Accept-Encoding": "gzip, deflate",
        "Connection": "keep-alive",
        "User-Agent": "azure-ai-ml/0.0.139 azsdk-python-mgmt-machinelearningservices/0.1.0 Python/3.8.6 (Windows-10-10.0.22000-SP0)"
      },
      "RequestBody": null,
      "StatusCode": 200,
      "ResponseHeaders": {
        "Cache-Control": "no-cache",
        "Content-Encoding": "gzip",
        "Content-Type": "application/json; charset=utf-8",
        "Date": "Wed, 14 Sep 2022 19:16:20 GMT",
        "Expires": "-1",
        "Pragma": "no-cache",
        "Request-Context": "appId=cid-v1:17d65b70-e9ce-4ed5-9347-1f660ec782e9",
        "Server-Timing": "traceparent;desc=\u002200-40aeb6193088e23994b57124cee35606-a533298624212938-01\u0022",
        "Strict-Transport-Security": "max-age=31536000; includeSubDomains",
        "Transfer-Encoding": "chunked",
        "Vary": [
          "Accept-Encoding",
          "Accept-Encoding"
        ],
        "x-aml-cluster": "vienna-eastus2euap-01",
        "X-Content-Type-Options": "nosniff",
        "x-ms-correlation-request-id": "c394d1f8-d231-49e2-b9b4-62b4933304dc",
        "x-ms-ratelimit-remaining-subscription-reads": "11999",
        "x-ms-response-type": "standard",
        "x-ms-routing-request-id": "CANADACENTRAL:20220914T191620Z:c394d1f8-d231-49e2-b9b4-62b4933304dc",
        "x-request-time": "0.303"
      },
      "ResponseBody": {
        "id": "/subscriptions/00000000-0000-0000-0000-000000000/resourceGroups/00000/providers/Microsoft.MachineLearningServices/workspaces/00000/datastores/workspaceblobstore",
        "name": "workspaceblobstore",
        "type": "Microsoft.MachineLearningServices/workspaces/datastores",
        "properties": {
          "description": null,
          "tags": null,
          "properties": null,
          "isDefault": true,
          "credentials": {
            "credentialsType": "AccountKey"
          },
          "datastoreType": "AzureBlob",
          "accountName": "sagh4dshas62md4",
          "containerName": "azureml-blobstore-ef5fd6ab-1b1a-4f8e-9635-014821c166f8",
          "endpoint": "core.windows.net",
          "protocol": "https",
          "serviceDataAccessAuthIdentity": "WorkspaceSystemAssignedIdentity"
        },
        "systemData": {
          "createdAt": "2022-09-12T00:11:18.2362953\u002B00:00",
          "createdBy": "779301c0-18b2-4cdc-801b-a0a3368fee0a",
          "createdByType": "Application",
          "lastModifiedAt": "2022-09-12T00:11:18.7663673\u002B00:00",
          "lastModifiedBy": "779301c0-18b2-4cdc-801b-a0a3368fee0a",
          "lastModifiedByType": "Application"
        }
      }
    },
    {
      "RequestUri": "https://management.azure.com/subscriptions/00000000-0000-0000-0000-000000000/resourceGroups/00000/providers/Microsoft.MachineLearningServices/workspaces/00000/datastores/workspaceblobstore/listSecrets?api-version=2022-05-01",
      "RequestMethod": "POST",
      "RequestHeaders": {
        "Accept": "application/json",
        "Accept-Encoding": "gzip, deflate",
        "Connection": "keep-alive",
        "Content-Length": "0",
        "User-Agent": "azure-ai-ml/0.0.139 azsdk-python-mgmt-machinelearningservices/0.1.0 Python/3.8.6 (Windows-10-10.0.22000-SP0)"
      },
      "RequestBody": null,
      "StatusCode": 200,
      "ResponseHeaders": {
        "Cache-Control": "no-cache",
        "Content-Encoding": "gzip",
        "Content-Type": "application/json; charset=utf-8",
        "Date": "Wed, 14 Sep 2022 19:16:21 GMT",
        "Expires": "-1",
        "Pragma": "no-cache",
        "Request-Context": "appId=cid-v1:17d65b70-e9ce-4ed5-9347-1f660ec782e9",
        "Server-Timing": "traceparent;desc=\u002200-acb3d42d73bbad5b31a9ce74686b9984-8e1bfd77f26c6e7b-01\u0022",
        "Strict-Transport-Security": "max-age=31536000; includeSubDomains",
        "Transfer-Encoding": "chunked",
        "Vary": "Accept-Encoding",
        "x-aml-cluster": "vienna-eastus2euap-01",
        "X-Content-Type-Options": "nosniff",
        "x-ms-correlation-request-id": "afa74cc9-8834-4650-b13e-656c965c0d37",
        "x-ms-ratelimit-remaining-subscription-writes": "1199",
        "x-ms-response-type": "standard",
        "x-ms-routing-request-id": "CANADACENTRAL:20220914T191621Z:afa74cc9-8834-4650-b13e-656c965c0d37",
        "x-request-time": "0.302"
      },
      "ResponseBody": {
        "secretsType": "AccountKey",
        "key": "dGhpcyBpcyBmYWtlIGtleQ=="
      }
    },
    {
      "RequestUri": "https://sagh4dshas62md4.blob.core.windows.net/azureml-blobstore-ef5fd6ab-1b1a-4f8e-9635-014821c166f8/LocalUpload/000000000000000000000/data/sample1.csv",
      "RequestMethod": "HEAD",
      "RequestHeaders": {
        "Accept": "application/xml",
        "Accept-Encoding": "gzip, deflate",
        "Connection": "keep-alive",
        "User-Agent": "azsdk-python-storage-blob/12.12.0 Python/3.8.6 (Windows-10-10.0.22000-SP0)",
        "x-ms-date": "Wed, 14 Sep 2022 19:16:20 GMT",
        "x-ms-version": "2021-06-08"
      },
      "RequestBody": null,
      "StatusCode": 404,
      "ResponseHeaders": {
        "Date": "Wed, 14 Sep 2022 19:16:21 GMT",
        "Server": [
          "Windows-Azure-Blob/1.0",
          "Microsoft-HTTPAPI/2.0"
        ],
        "Transfer-Encoding": "chunked",
        "Vary": "Origin",
        "x-ms-error-code": "BlobNotFound",
        "x-ms-version": "2021-06-08"
      },
      "ResponseBody": null
    },
    {
      "RequestUri": "https://sagh4dshas62md4.blob.core.windows.net/azureml-blobstore-ef5fd6ab-1b1a-4f8e-9635-014821c166f8/LocalUpload/000000000000000000000/data/sample1.csv",
      "RequestMethod": "PUT",
      "RequestHeaders": {
        "Accept": "application/xml",
        "Accept-Encoding": "gzip, deflate",
        "Connection": "keep-alive",
        "Content-Length": "508",
        "Content-MD5": "dUQjYq1qrTeqLOaZ4N2AUQ==",
        "Content-Type": "application/octet-stream",
        "If-None-Match": "*",
        "User-Agent": "azsdk-python-storage-blob/12.12.0 Python/3.8.6 (Windows-10-10.0.22000-SP0)",
        "x-ms-blob-type": "BlockBlob",
        "x-ms-date": "Wed, 14 Sep 2022 19:16:21 GMT",
        "x-ms-version": "2021-06-08"
      },
      "RequestBody": "Ik1vbnRoIiwgIkF2ZXJhZ2UiLCAiMjAwNSIsICIyMDA2IiwgIjIwMDciLCAiMjAwOCIsICIyMDA5IiwgIjIwMTAiLCAiMjAxMSIsICIyMDEyIiwgIjIwMTMiLCAiMjAxNCIsICIyMDE1Ig0KIk1heSIsICAwLjEsICAwLCAgMCwgMSwgMSwgMCwgMCwgMCwgMiwgMCwgIDAsICAwDQoiSnVuIiwgIDAuNSwgIDIsICAxLCAxLCAwLCAwLCAxLCAxLCAyLCAyLCAgMCwgIDENCiJKdWwiLCAgMC43LCAgNSwgIDEsIDEsIDIsIDAsIDEsIDMsIDAsIDIsICAyLCAgMQ0KIkF1ZyIsICAyLjMsICA2LCAgMywgMiwgNCwgNCwgNCwgNywgOCwgMiwgIDIsICAzDQoiU2VwIiwgIDMuNSwgIDYsICA0LCA3LCA0LCAyLCA4LCA1LCAyLCA1LCAgMiwgIDUNCiJPY3QiLCAgMi4wLCAgOCwgIDAsIDEsIDMsIDIsIDUsIDEsIDUsIDIsICAzLCAgMA0KIk5vdiIsICAwLjUsICAzLCAgMCwgMCwgMSwgMSwgMCwgMSwgMCwgMSwgIDAsICAxDQoiRGVjIiwgIDAuMCwgIDEsICAwLCAxLCAwLCAwLCAwLCAwLCAwLCAwLCAgMCwgIDENCg==",
      "StatusCode": 201,
      "ResponseHeaders": {
        "Content-Length": "0",
        "Content-MD5": "dUQjYq1qrTeqLOaZ4N2AUQ==",
        "Date": "Wed, 14 Sep 2022 19:16:21 GMT",
        "ETag": "\u00220x8DA96859C3104C0\u0022",
        "Last-Modified": "Wed, 14 Sep 2022 19:16:22 GMT",
        "Server": [
          "Windows-Azure-Blob/1.0",
          "Microsoft-HTTPAPI/2.0"
        ],
        "x-ms-content-crc64": "LmKBlnkUM08=",
        "x-ms-request-server-encrypted": "true",
        "x-ms-version": "2021-06-08"
      },
      "ResponseBody": null
    },
    {
      "RequestUri": "https://sagh4dshas62md4.blob.core.windows.net/azureml-blobstore-ef5fd6ab-1b1a-4f8e-9635-014821c166f8/LocalUpload/000000000000000000000/data/sample1.csv?comp=metadata",
      "RequestMethod": "PUT",
      "RequestHeaders": {
        "Accept": "application/xml",
        "Accept-Encoding": "gzip, deflate",
        "Connection": "keep-alive",
        "Content-Length": "0",
        "User-Agent": "azsdk-python-storage-blob/12.12.0 Python/3.8.6 (Windows-10-10.0.22000-SP0)",
        "x-ms-date": "Wed, 14 Sep 2022 19:16:21 GMT",
        "x-ms-meta-name": "f3b1e685-fb2d-400c-953d-716d464eb83b",
        "x-ms-meta-upload_status": "completed",
        "x-ms-meta-version": "691b1518-5944-43ac-9d71-6b673d1b7b8b",
        "x-ms-version": "2021-06-08"
      },
      "RequestBody": null,
      "StatusCode": 200,
      "ResponseHeaders": {
        "Content-Length": "0",
        "Date": "Wed, 14 Sep 2022 19:16:21 GMT",
        "ETag": "\u00220x8DA96859C391A64\u0022",
        "Last-Modified": "Wed, 14 Sep 2022 19:16:22 GMT",
        "Server": [
          "Windows-Azure-Blob/1.0",
          "Microsoft-HTTPAPI/2.0"
        ],
        "x-ms-request-server-encrypted": "true",
        "x-ms-version": "2021-06-08"
      },
      "ResponseBody": null
    },
    {
      "RequestUri": "https://management.azure.com/subscriptions/00000000-0000-0000-0000-000000000/resourceGroups/00000/providers/Microsoft.MachineLearningServices/workspaces/00000/jobs/test_501261564876?api-version=2022-06-01-preview",
      "RequestMethod": "PUT",
      "RequestHeaders": {
        "Accept": "application/json",
        "Accept-Encoding": "gzip, deflate",
        "Connection": "keep-alive",
        "Content-Length": "990",
        "Content-Type": "application/json",
        "User-Agent": "azure-ai-ml/0.0.139 azsdk-python-mgmt-machinelearningservices/0.1.0 Python/3.8.6 (Windows-10-10.0.22000-SP0)"
      },
      "RequestBody": {
        "properties": {
          "properties": {
            "mlflow.source.git.repoURL": "fake_git_url",
            "mlflow.source.git.branch": "fake_git_branch",
            "mlflow.source.git.commit": "fake_git_commit",
            "azureml.git.dirty": "fake_git_dirty_value"
          },
          "tags": {},
          "computeId": "/subscriptions/00000000-0000-0000-0000-000000000/resourceGroups/00000/providers/Microsoft.MachineLearningServices/workspaces/00000/computes/testCompute",
          "displayName": "test_dataset_display_name1",
          "experimentName": "mfe-test1-dataset",
          "identity": {
            "identityType": "AMLToken"
          },
          "isArchived": false,
          "jobType": "Command",
          "command": "pip freeze",
          "environmentId": "/subscriptions/00000000-0000-0000-0000-000000000/resourceGroups/00000/providers/Microsoft.MachineLearningServices/workspaces/00000/environments/AzureML-sklearn-0.24-ubuntu18.04-py37-cpu/versions/1",
          "environmentVariables": {},
          "inputs": {
            "testdataset": {
              "mode": "ReadOnlyMount",
              "uri": "azureml://datastores/workspaceblobstore/paths/LocalUpload/000000000000000000000/data/",
              "jobInputType": "uri_folder"
            }
          },
          "outputs": {}
        }
      },
      "StatusCode": 201,
      "ResponseHeaders": {
        "Cache-Control": "no-cache",
        "Content-Length": "2370",
        "Content-Type": "application/json; charset=utf-8",
        "Date": "Wed, 14 Sep 2022 19:16:25 GMT",
        "Expires": "-1",
        "Location": "https://management.azure.com/subscriptions/00000000-0000-0000-0000-000000000/resourceGroups/00000/providers/Microsoft.MachineLearningServices/workspaces/00000/jobs/test_501261564876?api-version=2022-06-01-preview",
        "Pragma": "no-cache",
        "Request-Context": "appId=cid-v1:17d65b70-e9ce-4ed5-9347-1f660ec782e9",
        "Server-Timing": "traceparent;desc=\u002200-e5ac068dffb9ddb8b928ba662bb5f4b2-50ee068edcf1d157-01\u0022",
        "Strict-Transport-Security": "max-age=31536000; includeSubDomains",
        "x-aml-cluster": "vienna-eastus2euap-01",
        "X-Content-Type-Options": "nosniff",
        "x-ms-correlation-request-id": "7872e85e-489c-46f7-a16c-a4296939d3a8",
        "x-ms-ratelimit-remaining-subscription-writes": "1199",
        "x-ms-response-type": "standard",
        "x-ms-routing-request-id": "CANADACENTRAL:20220914T191625Z:7872e85e-489c-46f7-a16c-a4296939d3a8",
        "x-request-time": "1.125"
      },
      "ResponseBody": {
        "id": "/subscriptions/00000000-0000-0000-0000-000000000/resourceGroups/00000/providers/Microsoft.MachineLearningServices/workspaces/00000/jobs/test_501261564876",
        "name": "test_501261564876",
        "type": "Microsoft.MachineLearningServices/workspaces/jobs",
        "properties": {
          "description": null,
          "tags": {},
          "properties": {
            "mlflow.source.git.repoURL": "fake_git_url",
            "mlflow.source.git.branch": "fake_git_branch",
            "mlflow.source.git.commit": "fake_git_commit",
            "azureml.git.dirty": "fake_git_dirty_value",
            "_azureml.ComputeTargetType": "amlctrain"
          },
          "displayName": "test_dataset_display_name1",
          "status": "Starting",
          "experimentName": "mfe-test1-dataset",
          "services": {
            "Tracking": {
              "jobServiceType": "Tracking",
              "port": null,
              "endpoint": "azureml://eastus2euap.api.azureml.ms/mlflow/v1.0/subscriptions/00000000-0000-0000-0000-000000000/resourceGroups/00000/providers/Microsoft.MachineLearningServices/workspaces/00000?",
              "status": null,
              "errorMessage": null,
              "properties": null
            },
            "Studio": {
              "jobServiceType": "Studio",
              "port": null,
              "endpoint": "https://ml.azure.com/runs/test_501261564876?wsid=/subscriptions/00000000-0000-0000-0000-000000000/resourcegroups/00000/workspaces/00000",
              "status": null,
              "errorMessage": null,
              "properties": null
            }
          },
          "computeId": "/subscriptions/00000000-0000-0000-0000-000000000/resourceGroups/00000/providers/Microsoft.MachineLearningServices/workspaces/00000/computes/testCompute",
          "isArchived": false,
          "identity": {
            "identityType": "AMLToken"
          },
          "componentId": null,
          "jobType": "Command",
          "resources": {
            "instanceCount": 1,
            "instanceType": null,
            "properties": null,
            "shmSize": "2g",
            "dockerArgs": null
          },
          "codeId": null,
          "command": "pip freeze",
          "environmentId": "/subscriptions/00000000-0000-0000-0000-000000000/resourceGroups/00000/providers/Microsoft.MachineLearningServices/workspaces/00000/environments/AzureML-sklearn-0.24-ubuntu18.04-py37-cpu/versions/1",
          "inputs": {
            "testdataset": {
              "description": null,
              "uri": "azureml://datastores/workspaceblobstore/paths/LocalUpload/000000000000000000000/data/",
              "mode": "ReadOnlyMount",
              "jobInputType": "uri_folder"
            }
          },
          "outputs": {
            "default": {
              "description": null,
              "uri": "azureml://datastores/workspaceartifactstore/ExperimentRun/dcid.test_501261564876",
              "mode": "ReadWriteMount",
              "jobOutputType": "uri_folder"
            }
          },
          "distribution": null,
          "limits": null,
          "environmentVariables": {},
          "parameters": {}
        },
        "systemData": {
          "createdAt": "2022-09-14T19:16:25.5649121\u002B00:00",
          "createdBy": "Neehar Duvvuri",
          "createdByType": "User"
        }
      }
    },
    {
      "RequestUri": "https://management.azure.com/subscriptions/00000000-0000-0000-0000-000000000/resourceGroups/00000/providers/Microsoft.MachineLearningServices/workspaces/00000/jobs/test_501261564876?api-version=2022-06-01-preview",
      "RequestMethod": "GET",
      "RequestHeaders": {
        "Accept": "application/json",
        "Accept-Encoding": "gzip, deflate",
        "Connection": "keep-alive",
        "User-Agent": "azure-ai-ml/0.0.139 azsdk-python-mgmt-machinelearningservices/0.1.0 Python/3.8.6 (Windows-10-10.0.22000-SP0)"
      },
      "RequestBody": null,
      "StatusCode": 200,
      "ResponseHeaders": {
        "Cache-Control": "no-cache",
        "Content-Encoding": "gzip",
        "Content-Type": "application/json; charset=utf-8",
        "Date": "Wed, 14 Sep 2022 19:16:27 GMT",
        "Expires": "-1",
        "Pragma": "no-cache",
        "Request-Context": "appId=cid-v1:17d65b70-e9ce-4ed5-9347-1f660ec782e9",
        "Server-Timing": "traceparent;desc=\u002200-259e23b7c0b8daed7392c8fca68026c8-c4b22314dade03ce-01\u0022",
        "Strict-Transport-Security": "max-age=31536000; includeSubDomains",
        "Transfer-Encoding": "chunked",
        "Vary": [
          "Accept-Encoding",
          "Accept-Encoding"
        ],
        "x-aml-cluster": "vienna-eastus2euap-01",
        "X-Content-Type-Options": "nosniff",
        "x-ms-correlation-request-id": "433362dd-8905-4e49-a285-4581d74ce9b0",
        "x-ms-ratelimit-remaining-subscription-reads": "11998",
        "x-ms-response-type": "standard",
        "x-ms-routing-request-id": "CANADACENTRAL:20220914T191627Z:433362dd-8905-4e49-a285-4581d74ce9b0",
        "x-request-time": "0.050"
      },
      "ResponseBody": {
        "id": "/subscriptions/00000000-0000-0000-0000-000000000/resourceGroups/00000/providers/Microsoft.MachineLearningServices/workspaces/00000/jobs/test_501261564876",
        "name": "test_501261564876",
        "type": "Microsoft.MachineLearningServices/workspaces/jobs",
        "properties": {
          "description": null,
          "tags": {},
          "properties": {
            "mlflow.source.git.repoURL": "fake_git_url",
            "mlflow.source.git.branch": "fake_git_branch",
            "mlflow.source.git.commit": "fake_git_commit",
            "azureml.git.dirty": "fake_git_dirty_value",
            "_azureml.ComputeTargetType": "amlctrain",
            "ProcessInfoFile": "azureml-logs/process_info.json",
            "ProcessStatusFile": "azureml-logs/process_status.json"
          },
          "displayName": "test_dataset_display_name1",
          "status": "Preparing",
          "experimentName": "mfe-test1-dataset",
          "services": {
            "Tracking": {
              "jobServiceType": "Tracking",
              "port": null,
              "endpoint": "azureml://eastus2euap.api.azureml.ms/mlflow/v1.0/subscriptions/00000000-0000-0000-0000-000000000/resourceGroups/00000/providers/Microsoft.MachineLearningServices/workspaces/00000?",
              "status": null,
              "errorMessage": null,
              "properties": null
            },
            "Studio": {
              "jobServiceType": "Studio",
              "port": null,
              "endpoint": "https://ml.azure.com/runs/test_501261564876?wsid=/subscriptions/00000000-0000-0000-0000-000000000/resourcegroups/00000/workspaces/00000",
              "status": null,
              "errorMessage": null,
              "properties": null
            }
          },
          "computeId": "/subscriptions/00000000-0000-0000-0000-000000000/resourceGroups/00000/providers/Microsoft.MachineLearningServices/workspaces/00000/computes/testCompute",
          "isArchived": false,
          "identity": {
            "identityType": "AMLToken"
          },
          "componentId": null,
          "jobType": "Command",
          "resources": {
            "instanceCount": 1,
            "instanceType": null,
            "properties": null,
            "shmSize": "2g",
            "dockerArgs": null
          },
          "codeId": null,
          "command": "pip freeze",
          "environmentId": "/subscriptions/00000000-0000-0000-0000-000000000/resourceGroups/00000/providers/Microsoft.MachineLearningServices/workspaces/00000/environments/AzureML-sklearn-0.24-ubuntu18.04-py37-cpu/versions/1",
          "inputs": {
            "testdataset": {
              "description": null,
              "uri": "azureml://datastores/workspaceblobstore/paths/LocalUpload/000000000000000000000/data/",
              "mode": "ReadOnlyMount",
              "jobInputType": "uri_folder"
            }
          },
          "outputs": {
            "default": {
              "description": null,
              "uri": "azureml://datastores/workspaceartifactstore/ExperimentRun/dcid.test_501261564876",
              "mode": "ReadWriteMount",
              "jobOutputType": "uri_folder"
            }
          },
          "distribution": null,
          "limits": null,
          "environmentVariables": {},
          "parameters": {}
        },
        "systemData": {
          "createdAt": "2022-09-14T19:16:25.5649121\u002B00:00",
          "createdBy": "Neehar Duvvuri",
          "createdByType": "User"
        }
      }
    }
  ],
  "Variables": {
    "job_name": "test_501261564876"
  }
}
