{
  "Entries": [
    {
      "RequestUri": "https://management.azure.com/subscriptions/00000000-0000-0000-0000-000000000/resourceGroups/00000/providers/Microsoft.MachineLearningServices/workspaces/00000/environments/test_474188124211/versions/foo?api-version=2022-05-01",
      "RequestMethod": "PUT",
      "RequestHeaders": {
        "Accept": "application/json",
        "Accept-Encoding": "gzip, deflate",
        "Connection": "keep-alive",
        "Content-Length": "372",
        "Content-Type": "application/json",
        "User-Agent": "azure-ai-ml/0.1.0 azsdk-python-mgmt-machinelearningservices/0.1.0 Python/3.8.5 (Windows-10-10.0.19041-SP0)"
      },
      "RequestBody": {
        "properties": {
          "description": "Environment with inline conda definition",
          "isAnonymous": false,
          "isArchived": false,
          "condaFile": "channels:\n- conda-forge\ndependencies:\n- python=3.8\n- pip\n- pip:\n  - nbgitpuller\n  - sphinx-gallery\n  - pandas\n  - matplotlib\n  - mlflow\nname: example-environment\n",
          "image": "mcr.microsoft.com/azureml/openmpi3.1.2-ubuntu18.04"
        }
      },
      "StatusCode": 201,
      "ResponseHeaders": {
        "Build-ID": "wb1",
        "Cache-Control": "no-cache",
        "Content-Length": "1190",
        "Content-Type": "application/json; charset=utf-8",
        "Date": "Thu, 29 Sep 2022 18:08:05 GMT",
        "Expires": "-1",
        "Location": "https://management.azure.com/subscriptions/00000000-0000-0000-0000-000000000/resourceGroups/00000/providers/Microsoft.MachineLearningServices/workspaces/00000/environments/test_474188124211/versions/foo?api-version=2022-05-01",
        "Pragma": "no-cache",
        "Request-Context": "appId=cid-v1:17d65b70-e9ce-4ed5-9347-1f660ec782e9",
        "Server-Timing": "traceparent;desc=\u002200-0b7f15c2e92c8ea2ec4196a09344bc63-4226991bb0a53576-01\u0022",
        "Strict-Transport-Security": "max-age=31536000; includeSubDomains",
        "x-aml-cluster": "vienna-eastus2euap-02",
        "X-Content-Type-Options": "nosniff",
        "x-ms-correlation-request-id": "b477368a-7c04-4b77-8201-3b29ebc6c04b",
        "x-ms-ratelimit-remaining-subscription-writes": "1192",
        "x-ms-response-type": "standard",
        "x-ms-routing-request-id": "WESTUS2:20220929T180806Z:b477368a-7c04-4b77-8201-3b29ebc6c04b",
        "x-request-time": "11.071"
      },
      "ResponseBody": {
        "id": "/subscriptions/00000000-0000-0000-0000-000000000/resourceGroups/00000/providers/Microsoft.MachineLearningServices/workspaces/00000/environments/test_474188124211/versions/foo",
        "name": "foo",
        "type": "Microsoft.MachineLearningServices/workspaces/environments/versions",
        "properties": {
          "description": "Environment with inline conda definition",
          "tags": {},
          "properties": {},
          "isArchived": false,
          "isAnonymous": false,
          "environmentType": "UserCreated",
          "image": "mcr.microsoft.com/azureml/openmpi3.1.2-ubuntu18.04",
          "condaFile": "{\n  \u0022channels\u0022: [\n    \u0022conda-forge\u0022\n  ],\n  \u0022dependencies\u0022: [\n    \u0022python=3.8\u0022,\n    \u0022pip\u0022,\n    {\n      \u0022pip\u0022: [\n        \u0022nbgitpuller\u0022,\n        \u0022sphinx-gallery\u0022,\n        \u0022pandas\u0022,\n        \u0022matplotlib\u0022,\n        \u0022mlflow\u0022\n      ]\n    }\n  ],\n  \u0022name\u0022: \u0022example-environment\u0022\n}",
          "osType": "Linux"
        },
        "systemData": {
          "createdAt": "2022-09-29T18:07:55.349445\u002B00:00",
          "createdBy": "Aditi Singhal",
          "createdByType": "User",
          "lastModifiedAt": "2022-09-29T18:07:55.349445\u002B00:00",
          "lastModifiedBy": "Aditi Singhal",
          "lastModifiedByType": "User"
        }
      }
    },
    {
      "RequestUri": "https://management.azure.com/subscriptions/00000000-0000-0000-0000-000000000/resourceGroups/00000/providers/Microsoft.MachineLearningServices/workspaces/00000/environments/test_474188124211/versions/bar?api-version=2022-05-01",
      "RequestMethod": "PUT",
      "RequestHeaders": {
        "Accept": "application/json",
        "Accept-Encoding": "gzip, deflate",
        "Connection": "keep-alive",
        "Content-Length": "372",
        "Content-Type": "application/json",
        "User-Agent": "azure-ai-ml/0.1.0 azsdk-python-mgmt-machinelearningservices/0.1.0 Python/3.8.5 (Windows-10-10.0.19041-SP0)"
      },
      "RequestBody": {
        "properties": {
          "description": "Environment with inline conda definition",
          "isAnonymous": false,
          "isArchived": false,
          "condaFile": "channels:\n- conda-forge\ndependencies:\n- python=3.8\n- pip\n- pip:\n  - nbgitpuller\n  - sphinx-gallery\n  - pandas\n  - matplotlib\n  - mlflow\nname: example-environment\n",
          "image": "mcr.microsoft.com/azureml/openmpi3.1.2-ubuntu18.04"
        }
      },
      "StatusCode": 201,
      "ResponseHeaders": {
        "Build-ID": "wb1",
        "Cache-Control": "no-cache",
        "Content-Length": "1192",
        "Content-Type": "application/json; charset=utf-8",
        "Date": "Thu, 29 Sep 2022 18:08:06 GMT",
        "Expires": "-1",
        "Location": "https://management.azure.com/subscriptions/00000000-0000-0000-0000-000000000/resourceGroups/00000/providers/Microsoft.MachineLearningServices/workspaces/00000/environments/test_474188124211/versions/bar?api-version=2022-05-01",
        "Pragma": "no-cache",
        "Request-Context": "appId=cid-v1:17d65b70-e9ce-4ed5-9347-1f660ec782e9",
        "Server-Timing": "traceparent;desc=\u002200-1587593e7402fbc595b8fd1e4ef19966-10fd6eaf5da262bd-01\u0022",
        "Strict-Transport-Security": "max-age=31536000; includeSubDomains",
        "x-aml-cluster": "vienna-eastus2euap-02",
        "X-Content-Type-Options": "nosniff",
        "x-ms-correlation-request-id": "d29c1e5b-8048-4f23-adba-438f091f6e98",
        "x-ms-ratelimit-remaining-subscription-writes": "1191",
        "x-ms-response-type": "standard",
        "x-ms-routing-request-id": "WESTUS2:20220929T180807Z:d29c1e5b-8048-4f23-adba-438f091f6e98",
        "x-request-time": "0.360"
      },
      "ResponseBody": {
        "id": "/subscriptions/00000000-0000-0000-0000-000000000/resourceGroups/00000/providers/Microsoft.MachineLearningServices/workspaces/00000/environments/test_474188124211/versions/bar",
        "name": "bar",
        "type": "Microsoft.MachineLearningServices/workspaces/environments/versions",
        "properties": {
          "description": "Environment with inline conda definition",
          "tags": {},
          "properties": {},
          "isArchived": false,
          "isAnonymous": false,
          "environmentType": "UserCreated",
          "image": "mcr.microsoft.com/azureml/openmpi3.1.2-ubuntu18.04",
          "condaFile": "{\n  \u0022channels\u0022: [\n    \u0022conda-forge\u0022\n  ],\n  \u0022dependencies\u0022: [\n    \u0022python=3.8\u0022,\n    \u0022pip\u0022,\n    {\n      \u0022pip\u0022: [\n        \u0022nbgitpuller\u0022,\n        \u0022sphinx-gallery\u0022,\n        \u0022pandas\u0022,\n        \u0022matplotlib\u0022,\n        \u0022mlflow\u0022\n      ]\n    }\n  ],\n  \u0022name\u0022: \u0022example-environment\u0022\n}",
          "osType": "Linux"
        },
        "systemData": {
          "createdAt": "2022-09-29T18:08:06.7046347\u002B00:00",
          "createdBy": "Aditi Singhal",
          "createdByType": "User",
          "lastModifiedAt": "2022-09-29T18:08:06.7046347\u002B00:00",
          "lastModifiedBy": "Aditi Singhal",
          "lastModifiedByType": "User"
        }
      }
    },
    {
      "RequestUri": "https://management.azure.com/subscriptions/00000000-0000-0000-0000-000000000/resourceGroups/00000/providers/Microsoft.MachineLearningServices/workspaces/00000/datastores/workspaceblobstore?api-version=2022-05-01",
      "RequestMethod": "GET",
      "RequestHeaders": {
        "Accept": "application/json",
        "Accept-Encoding": "gzip, deflate",
        "Connection": "keep-alive",
        "User-Agent": "azure-ai-ml/0.1.0 azsdk-python-mgmt-machinelearningservices/0.1.0 Python/3.8.5 (Windows-10-10.0.19041-SP0)"
      },
      "RequestBody": null,
      "StatusCode": 200,
      "ResponseHeaders": {
        "Cache-Control": "no-cache",
        "Content-Encoding": "gzip",
        "Content-Type": "application/json; charset=utf-8",
        "Date": "Thu, 29 Sep 2022 18:08:06 GMT",
        "Expires": "-1",
        "Pragma": "no-cache",
        "Request-Context": "appId=cid-v1:17d65b70-e9ce-4ed5-9347-1f660ec782e9",
        "Server-Timing": "traceparent;desc=\u002200-50f8f0e43cf1ac8a5651f607a466c5ed-1db050dfdd6d3b3f-01\u0022",
        "Strict-Transport-Security": "max-age=31536000; includeSubDomains",
        "Transfer-Encoding": "chunked",
        "Vary": [
          "Accept-Encoding",
          "Accept-Encoding"
        ],
        "x-aml-cluster": "vienna-eastus2euap-02",
        "X-Content-Type-Options": "nosniff",
        "x-ms-correlation-request-id": "b3a99c39-dfd7-4658-bbdf-a5da7b05d612",
        "x-ms-ratelimit-remaining-subscription-reads": "11990",
        "x-ms-response-type": "standard",
        "x-ms-routing-request-id": "WESTUS2:20220929T180807Z:b3a99c39-dfd7-4658-bbdf-a5da7b05d612",
        "x-request-time": "0.098"
      },
      "ResponseBody": {
        "id": "/subscriptions/00000000-0000-0000-0000-000000000/resourceGroups/00000/providers/Microsoft.MachineLearningServices/workspaces/00000/datastores/workspaceblobstore",
        "name": "workspaceblobstore",
        "type": "Microsoft.MachineLearningServices/workspaces/datastores",
        "properties": {
          "description": null,
          "tags": null,
          "properties": null,
          "isDefault": true,
          "credentials": {
            "credentialsType": "AccountKey"
          },
          "datastoreType": "AzureBlob",
          "accountName": "saird7e2z7hlg4y",
          "containerName": "azureml-blobstore-d8f42f37-66eb-4dca-869e-f6357989e03e",
          "endpoint": "core.windows.net",
          "protocol": "https",
          "serviceDataAccessAuthIdentity": "WorkspaceSystemAssignedIdentity"
        },
        "systemData": {
          "createdAt": "2022-09-29T16:11:11.5415325\u002B00:00",
          "createdBy": "779301c0-18b2-4cdc-801b-a0a3368fee0a",
          "createdByType": "Application",
          "lastModifiedAt": "2022-09-29T16:11:12.3528103\u002B00:00",
          "lastModifiedBy": "779301c0-18b2-4cdc-801b-a0a3368fee0a",
          "lastModifiedByType": "Application"
        }
      }
    },
    {
      "RequestUri": "https://management.azure.com/subscriptions/00000000-0000-0000-0000-000000000/resourceGroups/00000/providers/Microsoft.MachineLearningServices/workspaces/00000/datastores/workspaceblobstore/listSecrets?api-version=2022-05-01",
      "RequestMethod": "POST",
      "RequestHeaders": {
        "Accept": "application/json",
        "Accept-Encoding": "gzip, deflate",
        "Connection": "keep-alive",
        "Content-Length": "0",
        "User-Agent": "azure-ai-ml/0.1.0 azsdk-python-mgmt-machinelearningservices/0.1.0 Python/3.8.5 (Windows-10-10.0.19041-SP0)"
      },
      "RequestBody": null,
      "StatusCode": 200,
      "ResponseHeaders": {
        "Cache-Control": "no-cache",
        "Content-Encoding": "gzip",
        "Content-Type": "application/json; charset=utf-8",
        "Date": "Thu, 29 Sep 2022 18:08:07 GMT",
        "Expires": "-1",
        "Pragma": "no-cache",
        "Request-Context": "appId=cid-v1:17d65b70-e9ce-4ed5-9347-1f660ec782e9",
        "Server-Timing": "traceparent;desc=\u002200-c87fd0c61979053698b99545b2e17b5e-2ee357d1c1b00a28-01\u0022",
        "Strict-Transport-Security": "max-age=31536000; includeSubDomains",
        "Transfer-Encoding": "chunked",
        "Vary": "Accept-Encoding",
        "x-aml-cluster": "vienna-eastus2euap-02",
        "X-Content-Type-Options": "nosniff",
        "x-ms-correlation-request-id": "87a6b2f3-2ee2-4dcf-bff3-fd9570a7c6f8",
        "x-ms-ratelimit-remaining-subscription-writes": "1195",
        "x-ms-response-type": "standard",
        "x-ms-routing-request-id": "WESTUS2:20220929T180807Z:87a6b2f3-2ee2-4dcf-bff3-fd9570a7c6f8",
        "x-request-time": "0.092"
      },
      "ResponseBody": {
        "secretsType": "AccountKey",
        "key": "dGhpcyBpcyBmYWtlIGtleQ=="
      }
    },
    {
      "RequestUri": "https://saird7e2z7hlg4y.blob.core.windows.net/azureml-blobstore-d8f42f37-66eb-4dca-869e-f6357989e03e/LocalUpload/00000000000000000000000000000000/sample1.csv",
      "RequestMethod": "HEAD",
      "RequestHeaders": {
        "Accept": "application/xml",
        "Accept-Encoding": "gzip, deflate",
        "Connection": "keep-alive",
        "User-Agent": "azsdk-python-storage-blob/12.9.0 Python/3.8.5 (Windows-10-10.0.19041-SP0)",
        "x-ms-date": "Thu, 29 Sep 2022 18:08:07 GMT",
        "x-ms-version": "2020-10-02"
      },
      "RequestBody": null,
      "StatusCode": 404,
      "ResponseHeaders": {
        "Date": "Thu, 29 Sep 2022 18:08:07 GMT",
        "Server": [
          "Windows-Azure-Blob/1.0",
          "Microsoft-HTTPAPI/2.0"
        ],
        "Transfer-Encoding": "chunked",
        "Vary": "Origin",
        "x-ms-error-code": "BlobNotFound",
        "x-ms-version": "2020-10-02"
      },
      "ResponseBody": null
    },
    {
      "RequestUri": "https://saird7e2z7hlg4y.blob.core.windows.net/azureml-blobstore-d8f42f37-66eb-4dca-869e-f6357989e03e/LocalUpload/00000000000000000000000000000000/sample1.csv",
      "RequestMethod": "PUT",
      "RequestHeaders": {
        "Accept": "application/xml",
        "Accept-Encoding": "gzip, deflate",
        "Connection": "keep-alive",
        "Content-Length": "508",
        "Content-Type": "application/octet-stream",
        "If-None-Match": "*",
        "User-Agent": "azsdk-python-storage-blob/12.9.0 Python/3.8.5 (Windows-10-10.0.19041-SP0)",
        "x-ms-blob-type": "BlockBlob",
        "x-ms-date": "Thu, 29 Sep 2022 18:08:07 GMT",
        "x-ms-version": "2020-10-02"
      },
      "RequestBody": "Ik1vbnRoIiwgIkF2ZXJhZ2UiLCAiMjAwNSIsICIyMDA2IiwgIjIwMDciLCAiMjAwOCIsICIyMDA5IiwgIjIwMTAiLCAiMjAxMSIsICIyMDEyIiwgIjIwMTMiLCAiMjAxNCIsICIyMDE1Ig0KIk1heSIsICAwLjEsICAwLCAgMCwgMSwgMSwgMCwgMCwgMCwgMiwgMCwgIDAsICAwDQoiSnVuIiwgIDAuNSwgIDIsICAxLCAxLCAwLCAwLCAxLCAxLCAyLCAyLCAgMCwgIDENCiJKdWwiLCAgMC43LCAgNSwgIDEsIDEsIDIsIDAsIDEsIDMsIDAsIDIsICAyLCAgMQ0KIkF1ZyIsICAyLjMsICA2LCAgMywgMiwgNCwgNCwgNCwgNywgOCwgMiwgIDIsICAzDQoiU2VwIiwgIDMuNSwgIDYsICA0LCA3LCA0LCAyLCA4LCA1LCAyLCA1LCAgMiwgIDUNCiJPY3QiLCAgMi4wLCAgOCwgIDAsIDEsIDMsIDIsIDUsIDEsIDUsIDIsICAzLCAgMA0KIk5vdiIsICAwLjUsICAzLCAgMCwgMCwgMSwgMSwgMCwgMSwgMCwgMSwgIDAsICAxDQoiRGVjIiwgIDAuMCwgIDEsICAwLCAxLCAwLCAwLCAwLCAwLCAwLCAwLCAgMCwgIDENCg==",
      "StatusCode": 201,
      "ResponseHeaders": {
        "Content-Length": "0",
        "Content-MD5": "dUQjYq1qrTeqLOaZ4N2AUQ==",
        "Date": "Thu, 29 Sep 2022 18:08:07 GMT",
        "ETag": "\u00220x8DAA2459017EA4F\u0022",
        "Last-Modified": "Thu, 29 Sep 2022 18:08:08 GMT",
        "Server": [
          "Windows-Azure-Blob/1.0",
          "Microsoft-HTTPAPI/2.0"
        ],
        "x-ms-content-crc64": "LmKBlnkUM08=",
        "x-ms-request-server-encrypted": "true",
        "x-ms-version": "2020-10-02"
      },
      "ResponseBody": null
    },
    {
      "RequestUri": "https://saird7e2z7hlg4y.blob.core.windows.net/azureml-blobstore-d8f42f37-66eb-4dca-869e-f6357989e03e/LocalUpload/00000000000000000000000000000000/sample1.csv?comp=metadata",
      "RequestMethod": "PUT",
      "RequestHeaders": {
        "Accept": "application/xml",
        "Accept-Encoding": "gzip, deflate",
        "Connection": "keep-alive",
        "Content-Length": "0",
        "User-Agent": "azsdk-python-storage-blob/12.9.0 Python/3.8.5 (Windows-10-10.0.19041-SP0)",
        "x-ms-date": "Thu, 29 Sep 2022 18:08:08 GMT",
        "x-ms-meta-name": "test_329402107859",
        "x-ms-meta-upload_status": "completed",
        "x-ms-meta-version": "foobar",
        "x-ms-version": "2020-10-02"
      },
      "RequestBody": null,
      "StatusCode": 200,
      "ResponseHeaders": {
        "Content-Length": "0",
        "Date": "Thu, 29 Sep 2022 18:08:07 GMT",
        "ETag": "\u00220x8DAA24590270435\u0022",
        "Last-Modified": "Thu, 29 Sep 2022 18:08:08 GMT",
        "Server": [
          "Windows-Azure-Blob/1.0",
          "Microsoft-HTTPAPI/2.0"
        ],
        "x-ms-request-server-encrypted": "true",
        "x-ms-version": "2020-10-02"
      },
      "ResponseBody": null
    },
    {
      "RequestUri": "https://management.azure.com/subscriptions/00000000-0000-0000-0000-000000000/resourceGroups/00000/providers/Microsoft.MachineLearningServices/workspaces/00000/data/test_329402107859/versions/foobar?api-version=2022-05-01",
      "RequestMethod": "PUT",
      "RequestHeaders": {
        "Accept": "application/json",
        "Accept-Encoding": "gzip, deflate",
        "Connection": "keep-alive",
        "Content-Length": "230",
        "Content-Type": "application/json",
        "User-Agent": "azure-ai-ml/0.1.0 azsdk-python-mgmt-machinelearningservices/0.1.0 Python/3.8.5 (Windows-10-10.0.19041-SP0)"
      },
      "RequestBody": {
        "properties": {
          "properties": {},
          "tags": {},
          "isAnonymous": false,
          "isArchived": false,
          "dataType": "uri_file",
          "dataUri": "azureml://datastores/workspaceblobstore/paths/LocalUpload/00000000000000000000000000000000/sample1.csv"
        }
      },
      "StatusCode": 201,
      "ResponseHeaders": {
        "Cache-Control": "no-cache",
        "Content-Length": "844",
        "Content-Type": "application/json; charset=utf-8",
        "Date": "Thu, 29 Sep 2022 18:08:08 GMT",
        "Expires": "-1",
        "Location": "https://management.azure.com/subscriptions/00000000-0000-0000-0000-000000000/resourceGroups/00000/providers/Microsoft.MachineLearningServices/workspaces/00000/data/test_329402107859/versions/foobar?api-version=2022-05-01",
        "Pragma": "no-cache",
        "Request-Context": "appId=cid-v1:17d65b70-e9ce-4ed5-9347-1f660ec782e9",
        "Server-Timing": "traceparent;desc=\u002200-a747d7bcd48a758b0020b3d6532b2bf8-ca9e59cd486c3fe2-01\u0022",
        "Strict-Transport-Security": "max-age=31536000; includeSubDomains",
        "x-aml-cluster": "vienna-eastus2euap-02",
        "X-Content-Type-Options": "nosniff",
        "x-ms-correlation-request-id": "a06348aa-43a2-4ff7-b0d7-3b0e36d38488",
        "x-ms-ratelimit-remaining-subscription-writes": "1190",
        "x-ms-response-type": "standard",
        "x-ms-routing-request-id": "WESTUS2:20220929T180808Z:a06348aa-43a2-4ff7-b0d7-3b0e36d38488",
        "x-request-time": "0.194"
      },
      "ResponseBody": {
        "id": "/subscriptions/00000000-0000-0000-0000-000000000/resourceGroups/00000/providers/Microsoft.MachineLearningServices/workspaces/00000/data/test_329402107859/versions/foobar",
        "name": "foobar",
        "type": "Microsoft.MachineLearningServices/workspaces/data/versions",
        "properties": {
          "description": null,
          "tags": {},
          "properties": {},
          "isArchived": false,
          "isAnonymous": false,
          "dataUri": "azureml://subscriptions/00000000-0000-0000-0000-000000000/resourcegroups/00000/workspaces/00000/datastores/workspaceblobstore/paths/LocalUpload/00000000000000000000000000000000/sample1.csv",
          "dataType": "uri_file"
        },
        "systemData": {
          "createdAt": "2022-09-29T18:08:08.6912319\u002B00:00",
          "createdBy": "Aditi Singhal",
          "createdByType": "User",
          "lastModifiedAt": "2022-09-29T18:08:08.7001732\u002B00:00"
        }
      }
    },
    {
      "RequestUri": "https://management.azure.com/subscriptions/00000000-0000-0000-0000-000000000/resourceGroups/00000/providers/Microsoft.MachineLearningServices/workspaces/00000/datastores/workspaceblobstore?api-version=2022-05-01",
      "RequestMethod": "GET",
      "RequestHeaders": {
        "Accept": "application/json",
        "Accept-Encoding": "gzip, deflate",
        "Connection": "keep-alive",
        "User-Agent": "azure-ai-ml/0.1.0 azsdk-python-mgmt-machinelearningservices/0.1.0 Python/3.8.5 (Windows-10-10.0.19041-SP0)"
      },
      "RequestBody": null,
      "StatusCode": 200,
      "ResponseHeaders": {
        "Cache-Control": "no-cache",
        "Content-Encoding": "gzip",
        "Content-Type": "application/json; charset=utf-8",
        "Date": "Thu, 29 Sep 2022 18:08:08 GMT",
        "Expires": "-1",
        "Pragma": "no-cache",
        "Request-Context": "appId=cid-v1:17d65b70-e9ce-4ed5-9347-1f660ec782e9",
        "Server-Timing": "traceparent;desc=\u002200-355b263fb0fa7bbddaabf018e3d1fde6-baa4fe3c14f744e9-01\u0022",
        "Strict-Transport-Security": "max-age=31536000; includeSubDomains",
        "Transfer-Encoding": "chunked",
        "Vary": [
          "Accept-Encoding",
          "Accept-Encoding"
        ],
        "x-aml-cluster": "vienna-eastus2euap-02",
        "X-Content-Type-Options": "nosniff",
        "x-ms-correlation-request-id": "c9bed757-e5dd-4167-af3d-d200376c81bf",
        "x-ms-ratelimit-remaining-subscription-reads": "11989",
        "x-ms-response-type": "standard",
        "x-ms-routing-request-id": "WESTUS2:20220929T180809Z:c9bed757-e5dd-4167-af3d-d200376c81bf",
        "x-request-time": "0.092"
      },
      "ResponseBody": {
        "id": "/subscriptions/00000000-0000-0000-0000-000000000/resourceGroups/00000/providers/Microsoft.MachineLearningServices/workspaces/00000/datastores/workspaceblobstore",
        "name": "workspaceblobstore",
        "type": "Microsoft.MachineLearningServices/workspaces/datastores",
        "properties": {
          "description": null,
          "tags": null,
          "properties": null,
          "isDefault": true,
          "credentials": {
            "credentialsType": "AccountKey"
          },
          "datastoreType": "AzureBlob",
          "accountName": "saird7e2z7hlg4y",
          "containerName": "azureml-blobstore-d8f42f37-66eb-4dca-869e-f6357989e03e",
          "endpoint": "core.windows.net",
          "protocol": "https",
          "serviceDataAccessAuthIdentity": "WorkspaceSystemAssignedIdentity"
        },
        "systemData": {
          "createdAt": "2022-09-29T16:11:11.5415325\u002B00:00",
          "createdBy": "779301c0-18b2-4cdc-801b-a0a3368fee0a",
          "createdByType": "Application",
          "lastModifiedAt": "2022-09-29T16:11:12.3528103\u002B00:00",
          "lastModifiedBy": "779301c0-18b2-4cdc-801b-a0a3368fee0a",
          "lastModifiedByType": "Application"
        }
      }
    },
    {
      "RequestUri": "https://management.azure.com/subscriptions/00000000-0000-0000-0000-000000000/resourceGroups/00000/providers/Microsoft.MachineLearningServices/workspaces/00000/datastores/workspaceblobstore/listSecrets?api-version=2022-05-01",
      "RequestMethod": "POST",
      "RequestHeaders": {
        "Accept": "application/json",
        "Accept-Encoding": "gzip, deflate",
        "Connection": "keep-alive",
        "Content-Length": "0",
        "User-Agent": "azure-ai-ml/0.1.0 azsdk-python-mgmt-machinelearningservices/0.1.0 Python/3.8.5 (Windows-10-10.0.19041-SP0)"
      },
      "RequestBody": null,
      "StatusCode": 200,
      "ResponseHeaders": {
        "Cache-Control": "no-cache",
        "Content-Encoding": "gzip",
        "Content-Type": "application/json; charset=utf-8",
        "Date": "Thu, 29 Sep 2022 18:08:08 GMT",
        "Expires": "-1",
        "Pragma": "no-cache",
        "Request-Context": "appId=cid-v1:17d65b70-e9ce-4ed5-9347-1f660ec782e9",
        "Server-Timing": "traceparent;desc=\u002200-c1470900b729679c347b4c5ea22f3f49-0d390066947f83e3-01\u0022",
        "Strict-Transport-Security": "max-age=31536000; includeSubDomains",
        "Transfer-Encoding": "chunked",
        "Vary": "Accept-Encoding",
        "x-aml-cluster": "vienna-eastus2euap-02",
        "X-Content-Type-Options": "nosniff",
        "x-ms-correlation-request-id": "f3a336ad-7e75-4912-8cb7-3ebe3fa14123",
        "x-ms-ratelimit-remaining-subscription-writes": "1194",
        "x-ms-response-type": "standard",
        "x-ms-routing-request-id": "WESTUS2:20220929T180809Z:f3a336ad-7e75-4912-8cb7-3ebe3fa14123",
        "x-request-time": "0.097"
      },
      "ResponseBody": {
        "secretsType": "AccountKey",
        "key": "dGhpcyBpcyBmYWtlIGtleQ=="
      }
    },
    {
      "RequestUri": "https://saird7e2z7hlg4y.blob.core.windows.net/azureml-blobstore-d8f42f37-66eb-4dca-869e-f6357989e03e/LocalUpload/00000000000000000000000000000000/sample1.csv",
      "RequestMethod": "HEAD",
      "RequestHeaders": {
        "Accept": "application/xml",
        "Accept-Encoding": "gzip, deflate",
        "Connection": "keep-alive",
        "User-Agent": "azsdk-python-storage-blob/12.9.0 Python/3.8.5 (Windows-10-10.0.19041-SP0)",
        "x-ms-date": "Thu, 29 Sep 2022 18:08:09 GMT",
        "x-ms-version": "2020-10-02"
      },
      "RequestBody": null,
      "StatusCode": 200,
      "ResponseHeaders": {
        "Accept-Ranges": "bytes",
        "Content-Length": "508",
        "Content-MD5": "dUQjYq1qrTeqLOaZ4N2AUQ==",
        "Content-Type": "application/octet-stream",
        "Date": "Thu, 29 Sep 2022 18:08:09 GMT",
        "ETag": "\u00220x8DAA24590270435\u0022",
        "Last-Modified": "Thu, 29 Sep 2022 18:08:08 GMT",
        "Server": [
          "Windows-Azure-Blob/1.0",
          "Microsoft-HTTPAPI/2.0"
        ],
        "Vary": "Origin",
        "x-ms-access-tier": "Hot",
        "x-ms-access-tier-inferred": "true",
        "x-ms-blob-type": "BlockBlob",
        "x-ms-creation-time": "Thu, 29 Sep 2022 18:08:08 GMT",
        "x-ms-lease-state": "available",
        "x-ms-lease-status": "unlocked",
        "x-ms-meta-name": "test_329402107859",
        "x-ms-meta-upload_status": "completed",
        "x-ms-meta-version": "foobar",
        "x-ms-server-encrypted": "true",
        "x-ms-version": "2020-10-02"
      },
      "ResponseBody": null
    },
    {
      "RequestUri": "https://saird7e2z7hlg4y.blob.core.windows.net/azureml-blobstore-d8f42f37-66eb-4dca-869e-f6357989e03e/az-ml-artifacts/00000000000000000000000000000000/sample1.csv",
      "RequestMethod": "HEAD",
      "RequestHeaders": {
        "Accept": "application/xml",
        "Accept-Encoding": "gzip, deflate",
        "Connection": "keep-alive",
        "User-Agent": "azsdk-python-storage-blob/12.9.0 Python/3.8.5 (Windows-10-10.0.19041-SP0)",
        "x-ms-date": "Thu, 29 Sep 2022 18:08:09 GMT",
        "x-ms-version": "2020-10-02"
      },
      "RequestBody": null,
      "StatusCode": 404,
      "ResponseHeaders": {
        "Date": "Thu, 29 Sep 2022 18:08:09 GMT",
        "Server": [
          "Windows-Azure-Blob/1.0",
          "Microsoft-HTTPAPI/2.0"
        ],
        "Transfer-Encoding": "chunked",
        "Vary": "Origin",
        "x-ms-error-code": "BlobNotFound",
        "x-ms-version": "2020-10-02"
      },
      "ResponseBody": null
    },
    {
      "RequestUri": "https://management.azure.com/subscriptions/00000000-0000-0000-0000-000000000/resourceGroups/00000/providers/Microsoft.MachineLearningServices/workspaces/00000/data/test_329402107859/versions/foo?api-version=2022-05-01",
      "RequestMethod": "PUT",
      "RequestHeaders": {
        "Accept": "application/json",
        "Accept-Encoding": "gzip, deflate",
        "Connection": "keep-alive",
        "Content-Length": "230",
        "Content-Type": "application/json",
        "User-Agent": "azure-ai-ml/0.1.0 azsdk-python-mgmt-machinelearningservices/0.1.0 Python/3.8.5 (Windows-10-10.0.19041-SP0)"
      },
      "RequestBody": {
        "properties": {
          "properties": {},
          "tags": {},
          "isAnonymous": false,
          "isArchived": false,
          "dataType": "uri_file",
          "dataUri": "azureml://datastores/workspaceblobstore/paths/LocalUpload/00000000000000000000000000000000/sample1.csv"
        }
      },
      "StatusCode": 201,
      "ResponseHeaders": {
        "Cache-Control": "no-cache",
        "Content-Length": "838",
        "Content-Type": "application/json; charset=utf-8",
        "Date": "Thu, 29 Sep 2022 18:08:09 GMT",
        "Expires": "-1",
        "Location": "https://management.azure.com/subscriptions/00000000-0000-0000-0000-000000000/resourceGroups/00000/providers/Microsoft.MachineLearningServices/workspaces/00000/data/test_329402107859/versions/foo?api-version=2022-05-01",
        "Pragma": "no-cache",
        "Request-Context": "appId=cid-v1:17d65b70-e9ce-4ed5-9347-1f660ec782e9",
        "Server-Timing": "traceparent;desc=\u002200-a8e94bd9ee8f1528dfaf7538dc4dd9dc-3fa58c85f7c64ff8-01\u0022",
        "Strict-Transport-Security": "max-age=31536000; includeSubDomains",
        "x-aml-cluster": "vienna-eastus2euap-02",
        "X-Content-Type-Options": "nosniff",
        "x-ms-correlation-request-id": "97e4a3af-d78c-478c-bbf2-2378a6b42df3",
        "x-ms-ratelimit-remaining-subscription-writes": "1189",
        "x-ms-response-type": "standard",
        "x-ms-routing-request-id": "WESTUS2:20220929T180810Z:97e4a3af-d78c-478c-bbf2-2378a6b42df3",
        "x-request-time": "0.094"
      },
      "ResponseBody": {
        "id": "/subscriptions/00000000-0000-0000-0000-000000000/resourceGroups/00000/providers/Microsoft.MachineLearningServices/workspaces/00000/data/test_329402107859/versions/foo",
        "name": "foo",
        "type": "Microsoft.MachineLearningServices/workspaces/data/versions",
        "properties": {
          "description": null,
          "tags": {},
          "properties": {},
          "isArchived": false,
          "isAnonymous": false,
          "dataUri": "azureml://subscriptions/00000000-0000-0000-0000-000000000/resourcegroups/00000/workspaces/00000/datastores/workspaceblobstore/paths/LocalUpload/00000000000000000000000000000000/sample1.csv",
          "dataType": "uri_file"
        },
        "systemData": {
          "createdAt": "2022-09-29T18:08:10.2576477\u002B00:00",
          "createdBy": "Aditi Singhal",
          "createdByType": "User",
          "lastModifiedAt": "2022-09-29T18:08:10.2706175\u002B00:00"
        }
      }
    },
    {
      "RequestUri": "https://management.azure.com/subscriptions/00000000-0000-0000-0000-000000000/resourceGroups/00000/providers/Microsoft.MachineLearningServices/workspaces/00000/datastores/workspaceblobstore?api-version=2022-05-01",
      "RequestMethod": "GET",
      "RequestHeaders": {
        "Accept": "application/json",
        "Accept-Encoding": "gzip, deflate",
        "Connection": "keep-alive",
        "User-Agent": "azure-ai-ml/0.1.0 azsdk-python-mgmt-machinelearningservices/0.1.0 Python/3.8.5 (Windows-10-10.0.19041-SP0)"
      },
      "RequestBody": null,
      "StatusCode": 200,
      "ResponseHeaders": {
        "Cache-Control": "no-cache",
        "Content-Encoding": "gzip",
        "Content-Type": "application/json; charset=utf-8",
        "Date": "Thu, 29 Sep 2022 18:08:09 GMT",
        "Expires": "-1",
        "Pragma": "no-cache",
        "Request-Context": "appId=cid-v1:17d65b70-e9ce-4ed5-9347-1f660ec782e9",
        "Server-Timing": "traceparent;desc=\u002200-9876604c677d677d45b52bc095888f33-2472badd7c578a7e-01\u0022",
        "Strict-Transport-Security": "max-age=31536000; includeSubDomains",
        "Transfer-Encoding": "chunked",
        "Vary": [
          "Accept-Encoding",
          "Accept-Encoding"
        ],
        "x-aml-cluster": "vienna-eastus2euap-02",
        "X-Content-Type-Options": "nosniff",
        "x-ms-correlation-request-id": "0550f576-fed9-4a65-a8ad-46e4621e61b5",
        "x-ms-ratelimit-remaining-subscription-reads": "11988",
        "x-ms-response-type": "standard",
        "x-ms-routing-request-id": "WESTUS2:20220929T180810Z:0550f576-fed9-4a65-a8ad-46e4621e61b5",
        "x-request-time": "0.085"
      },
      "ResponseBody": {
        "id": "/subscriptions/00000000-0000-0000-0000-000000000/resourceGroups/00000/providers/Microsoft.MachineLearningServices/workspaces/00000/datastores/workspaceblobstore",
        "name": "workspaceblobstore",
        "type": "Microsoft.MachineLearningServices/workspaces/datastores",
        "properties": {
          "description": null,
          "tags": null,
          "properties": null,
          "isDefault": true,
          "credentials": {
            "credentialsType": "AccountKey"
          },
          "datastoreType": "AzureBlob",
          "accountName": "saird7e2z7hlg4y",
          "containerName": "azureml-blobstore-d8f42f37-66eb-4dca-869e-f6357989e03e",
          "endpoint": "core.windows.net",
          "protocol": "https",
          "serviceDataAccessAuthIdentity": "WorkspaceSystemAssignedIdentity"
        },
        "systemData": {
          "createdAt": "2022-09-29T16:11:11.5415325\u002B00:00",
          "createdBy": "779301c0-18b2-4cdc-801b-a0a3368fee0a",
          "createdByType": "Application",
          "lastModifiedAt": "2022-09-29T16:11:12.3528103\u002B00:00",
          "lastModifiedBy": "779301c0-18b2-4cdc-801b-a0a3368fee0a",
          "lastModifiedByType": "Application"
        }
      }
    },
    {
      "RequestUri": "https://management.azure.com/subscriptions/00000000-0000-0000-0000-000000000/resourceGroups/00000/providers/Microsoft.MachineLearningServices/workspaces/00000/datastores/workspaceblobstore/listSecrets?api-version=2022-05-01",
      "RequestMethod": "POST",
      "RequestHeaders": {
        "Accept": "application/json",
        "Accept-Encoding": "gzip, deflate",
        "Connection": "keep-alive",
        "Content-Length": "0",
        "User-Agent": "azure-ai-ml/0.1.0 azsdk-python-mgmt-machinelearningservices/0.1.0 Python/3.8.5 (Windows-10-10.0.19041-SP0)"
      },
      "RequestBody": null,
      "StatusCode": 200,
      "ResponseHeaders": {
        "Cache-Control": "no-cache",
        "Content-Encoding": "gzip",
        "Content-Type": "application/json; charset=utf-8",
        "Date": "Thu, 29 Sep 2022 18:08:10 GMT",
        "Expires": "-1",
        "Pragma": "no-cache",
        "Request-Context": "appId=cid-v1:17d65b70-e9ce-4ed5-9347-1f660ec782e9",
        "Server-Timing": "traceparent;desc=\u002200-cf703924e578ac7cd995abd629f35371-48730a4d4eec7d46-01\u0022",
        "Strict-Transport-Security": "max-age=31536000; includeSubDomains",
        "Transfer-Encoding": "chunked",
        "Vary": "Accept-Encoding",
        "x-aml-cluster": "vienna-eastus2euap-02",
        "X-Content-Type-Options": "nosniff",
        "x-ms-correlation-request-id": "b0f9ae08-6744-4a9b-9d64-ff0396320611",
        "x-ms-ratelimit-remaining-subscription-writes": "1193",
        "x-ms-response-type": "standard",
        "x-ms-routing-request-id": "WESTUS2:20220929T180811Z:b0f9ae08-6744-4a9b-9d64-ff0396320611",
        "x-request-time": "0.213"
      },
      "ResponseBody": {
        "secretsType": "AccountKey",
        "key": "dGhpcyBpcyBmYWtlIGtleQ=="
      }
    },
    {
      "RequestUri": "https://saird7e2z7hlg4y.blob.core.windows.net/azureml-blobstore-d8f42f37-66eb-4dca-869e-f6357989e03e/LocalUpload/00000000000000000000000000000000/python/sample1.csv",
      "RequestMethod": "HEAD",
      "RequestHeaders": {
        "Accept": "application/xml",
        "Accept-Encoding": "gzip, deflate",
        "Connection": "keep-alive",
        "User-Agent": "azsdk-python-storage-blob/12.9.0 Python/3.8.5 (Windows-10-10.0.19041-SP0)",
        "x-ms-date": "Thu, 29 Sep 2022 18:08:11 GMT",
        "x-ms-version": "2020-10-02"
      },
      "RequestBody": null,
      "StatusCode": 404,
      "ResponseHeaders": {
        "Date": "Thu, 29 Sep 2022 18:08:10 GMT",
        "Server": [
          "Windows-Azure-Blob/1.0",
          "Microsoft-HTTPAPI/2.0"
        ],
        "Transfer-Encoding": "chunked",
        "Vary": "Origin",
        "x-ms-error-code": "BlobNotFound",
        "x-ms-version": "2020-10-02"
      },
      "ResponseBody": null
    },
    {
      "RequestUri": "https://saird7e2z7hlg4y.blob.core.windows.net/azureml-blobstore-d8f42f37-66eb-4dca-869e-f6357989e03e/LocalUpload/00000000000000000000000000000000/python/sample1.csv",
      "RequestMethod": "PUT",
      "RequestHeaders": {
        "Accept": "application/xml",
        "Accept-Encoding": "gzip, deflate",
        "Connection": "keep-alive",
        "Content-Length": "508",
        "Content-MD5": "dUQjYq1qrTeqLOaZ4N2AUQ==",
        "Content-Type": "application/octet-stream",
        "If-None-Match": "*",
        "User-Agent": "azsdk-python-storage-blob/12.9.0 Python/3.8.5 (Windows-10-10.0.19041-SP0)",
        "x-ms-blob-type": "BlockBlob",
        "x-ms-date": "Thu, 29 Sep 2022 18:08:11 GMT",
        "x-ms-version": "2020-10-02"
      },
      "RequestBody": "Ik1vbnRoIiwgIkF2ZXJhZ2UiLCAiMjAwNSIsICIyMDA2IiwgIjIwMDciLCAiMjAwOCIsICIyMDA5IiwgIjIwMTAiLCAiMjAxMSIsICIyMDEyIiwgIjIwMTMiLCAiMjAxNCIsICIyMDE1Ig0KIk1heSIsICAwLjEsICAwLCAgMCwgMSwgMSwgMCwgMCwgMCwgMiwgMCwgIDAsICAwDQoiSnVuIiwgIDAuNSwgIDIsICAxLCAxLCAwLCAwLCAxLCAxLCAyLCAyLCAgMCwgIDENCiJKdWwiLCAgMC43LCAgNSwgIDEsIDEsIDIsIDAsIDEsIDMsIDAsIDIsICAyLCAgMQ0KIkF1ZyIsICAyLjMsICA2LCAgMywgMiwgNCwgNCwgNCwgNywgOCwgMiwgIDIsICAzDQoiU2VwIiwgIDMuNSwgIDYsICA0LCA3LCA0LCAyLCA4LCA1LCAyLCA1LCAgMiwgIDUNCiJPY3QiLCAgMi4wLCAgOCwgIDAsIDEsIDMsIDIsIDUsIDEsIDUsIDIsICAzLCAgMA0KIk5vdiIsICAwLjUsICAzLCAgMCwgMCwgMSwgMSwgMCwgMSwgMCwgMSwgIDAsICAxDQoiRGVjIiwgIDAuMCwgIDEsICAwLCAxLCAwLCAwLCAwLCAwLCAwLCAwLCAgMCwgIDENCg==",
      "StatusCode": 201,
      "ResponseHeaders": {
        "Content-Length": "0",
        "Content-MD5": "dUQjYq1qrTeqLOaZ4N2AUQ==",
        "Date": "Thu, 29 Sep 2022 18:08:10 GMT",
        "ETag": "\u00220x8DAA24592136852\u0022",
        "Last-Modified": "Thu, 29 Sep 2022 18:08:11 GMT",
        "Server": [
          "Windows-Azure-Blob/1.0",
          "Microsoft-HTTPAPI/2.0"
        ],
        "x-ms-content-crc64": "LmKBlnkUM08=",
        "x-ms-request-server-encrypted": "true",
        "x-ms-version": "2020-10-02"
      },
      "ResponseBody": null
    },
    {
      "RequestUri": "https://saird7e2z7hlg4y.blob.core.windows.net/azureml-blobstore-d8f42f37-66eb-4dca-869e-f6357989e03e/LocalUpload/00000000000000000000000000000000/python/train.py",
      "RequestMethod": "PUT",
      "RequestHeaders": {
        "Accept": "application/xml",
        "Accept-Encoding": "gzip, deflate",
        "Connection": "keep-alive",
        "Content-Length": "1064",
        "Content-MD5": "6oqHKul7KsNfsiB2MO5JwQ==",
        "Content-Type": "application/octet-stream",
        "If-None-Match": "*",
        "User-Agent": "azsdk-python-storage-blob/12.9.0 Python/3.8.5 (Windows-10-10.0.19041-SP0)",
        "x-ms-blob-type": "BlockBlob",
        "x-ms-date": "Thu, 29 Sep 2022 18:08:11 GMT",
        "x-ms-version": "2020-10-02"
      },
      "RequestBody": "IyBUYWtlbiBmcm9tIFNESyAxLjUgR2V0IFN0YXJ0ZWQNCiMgaHR0cHM6Ly9naXRodWIuY29tL0F6dXJlL0Rlc2lnbmVyUHJpdmF0ZVByZXZpZXdGZWF0dXJlcy90cmVlL21hc3Rlci9henVyZS1tbC1jb21wb25lbnRzL3NhbXBsZXMvY29tcG9uZW50cy9nZXQtc3RhcnRlZC10cmFpbg0KaW1wb3J0IGFyZ3BhcnNlDQpmcm9tIHBhdGhsaWIgaW1wb3J0IFBhdGgNCmZyb20gdXVpZCBpbXBvcnQgdXVpZDQNCg0KcGFyc2VyID0gYXJncGFyc2UuQXJndW1lbnRQYXJzZXIoInRyYWluIikNCnBhcnNlci5hZGRfYXJndW1lbnQoIi0tdHJhaW5pbmdfZGF0YSIsIHR5cGU9c3RyLCBoZWxwPSJQYXRoIHRvIHRyYWluaW5nIGRhdGEiKQ0KcGFyc2VyLmFkZF9hcmd1bWVudCgiLS1tYXhfZXBvY2hzIiwgdHlwZT1pbnQsIGhlbHA9Ik1heCAjIG9mIGVwb2NocyBmb3IgdGhlIHRyYWluaW5nIikNCnBhcnNlci5hZGRfYXJndW1lbnQoIi0tbGVhcm5pbmdfcmF0ZSIsIHR5cGU9ZmxvYXQsIGhlbHA9IkxlYXJuaW5nIHJhdGUiKQ0KcGFyc2VyLmFkZF9hcmd1bWVudCgiLS1tb2RlbF9vdXRwdXQiLCB0eXBlPXN0ciwgaGVscD0iUGF0aCBvZiBvdXRwdXQgbW9kZWwiKQ0KDQphcmdzID0gcGFyc2VyLnBhcnNlX2FyZ3MoKQ0KDQpsaW5lcyA9IFsNCiAgICBmIlRyYWluaW5nIGRhdGEgcGF0aDoge2FyZ3MudHJhaW5pbmdfZGF0YX0iLA0KICAgIGYiTWF4IGVwb2Noczoge2FyZ3MubWF4X2Vwb2Noc30iLA0KICAgIGYiTGVhcm5pbmcgcmF0ZToge2FyZ3MubGVhcm5pbmdfcmF0ZX0iLA0KICAgIGYiTW9kZWwgb3V0cHV0IHBhdGg6IHthcmdzLm1vZGVsX291dHB1dH0iLA0KXQ0KDQpmb3IgbGluZSBpbiBsaW5lczoNCiAgICBwcmludChsaW5lKQ0KDQojIERvIHRoZSB0cmFpbiBhbmQgc2F2ZSB0aGUgdHJhaW5lZCBtb2RlbCBhcyBhIGZpbGUgaW50byB0aGUgb3V0cHV0IGZvbGRlci4NCiMgSGVyZSBvbmx5IG91dHB1dCBhIGR1bW15IGRhdGEgZm9yIGRlbW8uDQptb2RlbCA9IHN0cih1dWlkNCgpKQ0KKFBhdGgoYXJncy5tb2RlbF9vdXRwdXQpIC8gIm1vZGVsLnR4dCIpLndyaXRlX3RleHQobW9kZWwpDQo=",
      "StatusCode": 201,
      "ResponseHeaders": {
        "Content-Length": "0",
        "Content-MD5": "6oqHKul7KsNfsiB2MO5JwQ==",
        "Date": "Thu, 29 Sep 2022 18:08:10 GMT",
        "ETag": "\u00220x8DAA2459221BEF5\u0022",
        "Last-Modified": "Thu, 29 Sep 2022 18:08:11 GMT",
        "Server": [
          "Windows-Azure-Blob/1.0",
          "Microsoft-HTTPAPI/2.0"
        ],
        "x-ms-content-crc64": "9Lgz\u002BtmXZcc=",
        "x-ms-request-server-encrypted": "true",
        "x-ms-version": "2020-10-02"
      },
      "ResponseBody": null
    },
    {
      "RequestUri": "https://saird7e2z7hlg4y.blob.core.windows.net/azureml-blobstore-d8f42f37-66eb-4dca-869e-f6357989e03e/LocalUpload/00000000000000000000000000000000/python/sweep_script.py",
      "RequestMethod": "PUT",
      "RequestHeaders": {
        "Accept": "application/xml",
        "Accept-Encoding": "gzip, deflate",
        "Connection": "keep-alive",
        "Content-Length": "539",
        "Content-MD5": "ufds1U\u002BVagbsO4PO1FFrVA==",
        "Content-Type": "application/octet-stream",
        "If-None-Match": "*",
        "User-Agent": "azsdk-python-storage-blob/12.9.0 Python/3.8.5 (Windows-10-10.0.19041-SP0)",
        "x-ms-blob-type": "BlockBlob",
        "x-ms-date": "Thu, 29 Sep 2022 18:08:11 GMT",
        "x-ms-version": "2020-10-02"
      },
      "RequestBody": "aW1wb3J0IGFyZ3BhcnNlDQpmcm9tIHJhbmRvbSBpbXBvcnQgcmFuZG9tDQoNCmZyb20gYXp1cmVtbC5jb3JlIGltcG9ydCBSdW4NCg0KDQpkZWYgbWFpbigpOg0KICAgIHBhcnNlciA9IGFyZ3BhcnNlLkFyZ3VtZW50UGFyc2VyKCkNCiAgICBwYXJzZXIuYWRkX2FyZ3VtZW50KCItLWxyIiwgcmVxdWlyZWQ9VHJ1ZSkNCiAgICBwYXJzZXIuYWRkX2FyZ3VtZW50KCItLWNvbnZfc2l6ZSIsIHJlcXVpcmVkPVRydWUpDQogICAgcGFyc2VyLmFkZF9hcmd1bWVudCgiLS1kcm9wb3V0X3JhdGUiLCByZXF1aXJlZD1UcnVlKQ0KDQogICAgYXJncyA9IHBhcnNlci5wYXJzZV9hcmdzKCkNCiAgICBwcmludCgidmFsaWRhdGVkIikNCiAgICBwcmludChhcmdzLmxyKQ0KICAgIHByaW50KGFyZ3MuY29udl9zaXplKQ0KICAgIHByaW50KGFyZ3MuZHJvcG91dF9yYXRlKQ0KDQogICAgcnVuID0gUnVuLmdldF9jb250ZXh0KCkNCiAgICBydW4ubG9nKCJhY2N1cmFjeSIsIHJhbmRvbSgpKQ0KDQoNCmlmIF9fbmFtZV9fID09ICJfX21haW5fXyI6DQogICAgbWFpbigpDQo=",
      "StatusCode": 201,
      "ResponseHeaders": {
        "Content-Length": "0",
        "Content-MD5": "ufds1U\u002BVagbsO4PO1FFrVA==",
        "Date": "Thu, 29 Sep 2022 18:08:10 GMT",
        "ETag": "\u00220x8DAA2459230159F\u0022",
        "Last-Modified": "Thu, 29 Sep 2022 18:08:11 GMT",
        "Server": [
          "Windows-Azure-Blob/1.0",
          "Microsoft-HTTPAPI/2.0"
        ],
        "x-ms-content-crc64": "QdTo\u002B5hIyEA=",
        "x-ms-request-server-encrypted": "true",
        "x-ms-version": "2020-10-02"
      },
      "ResponseBody": null
    },
    {
      "RequestUri": "https://saird7e2z7hlg4y.blob.core.windows.net/azureml-blobstore-d8f42f37-66eb-4dca-869e-f6357989e03e/LocalUpload/00000000000000000000000000000000/python/simple_train.py",
      "RequestMethod": "PUT",
      "RequestHeaders": {
        "Accept": "application/xml",
        "Accept-Encoding": "gzip, deflate",
        "Connection": "keep-alive",
        "Content-Length": "1049",
        "Content-MD5": "GDlxprzL5NVz7pqgi48lBg==",
        "Content-Type": "application/octet-stream",
        "If-None-Match": "*",
        "User-Agent": "azsdk-python-storage-blob/12.9.0 Python/3.8.5 (Windows-10-10.0.19041-SP0)",
        "x-ms-blob-type": "BlockBlob",
        "x-ms-date": "Thu, 29 Sep 2022 18:08:11 GMT",
        "x-ms-version": "2020-10-02"
      },
      "RequestBody": "aW1wb3J0IGFyZ3BhcnNlDQoNCmltcG9ydCBtbGZsb3cuc2tsZWFybg0KaW1wb3J0IG51bXB5IGFzIG5wDQpmcm9tIHNrbGVhcm4uc3ZtIGltcG9ydCBTVkMNCg0KDQpkZWYgcGFyc2VfYXJncygpOg0KICAgIHBhcnNlciA9IGFyZ3BhcnNlLkFyZ3VtZW50UGFyc2VyKGRlc2NyaXB0aW9uPSJTVk0gZXhhbXBsZSIpDQogICAgcGFyc2VyLmFkZF9hcmd1bWVudCgNCiAgICAgICAgIi1jIiwNCiAgICAgICAgdHlwZT1mbG9hdCwNCiAgICAgICAgZGVmYXVsdD0xLjAsDQogICAgICAgIGhlbHA9IlNWTSBDb3N0IFBhcmFtZXRlciIsDQogICAgKQ0KICAgIHJldHVybiBwYXJzZXIucGFyc2VfYXJncygpDQoNCg0KZGVmIG1haW4oKToNCiAgICBhcmdzID0gcGFyc2VfYXJncygpDQogICAgbWxmbG93LnNrbGVhcm4uYXV0b2xvZygpDQogICAgWCA9IG5wLmFycmF5KFtbLTEsIC0xXSwgWy0zLCAtMV0sIFswLCAxXSwgWzEsIDFdLCBbNSwgNF1dKQ0KICAgIHkgPSBucC5hcnJheShbMCwgMCwgMCwgMSwgMV0pDQoNCiAgICAjIGp1bmsgdGVzdCBkYXRhIHNvIHdlIGNhbiBsb2cgYSBtZXRyaWMuIGFjY3VyYWN5IHNob3VsZCBiZSBiYWQgZHVlIHRvIG5vdCBtYW55IHRyYWluaW5nIHBvaW50cw0KICAgIHRlc3RfZGF0YSA9IG5wLnJhbmRvbS5yYW5kKDEwLCAyKQ0KICAgIHRlc3RfbGFiZWxzID0gbnAucmFuZG9tLnJhbmRpbnQoMiwgc2l6ZT0xMCkNCiAgICBjbGYgPSBTVkMoQz1hcmdzLmMpDQogICAgd2l0aCBtbGZsb3cuc3RhcnRfcnVuKCk6DQogICAgICAgIGNsZi5maXQoWCwgeSkNCiAgICAgICAgcHJlZCA9IGNsZi5wcmVkaWN0KHRlc3RfZGF0YSkNCiAgICAgICAgYWNjdXJhY3kgPSBucC5zdW0odGVzdF9sYWJlbHMgPT0gcHJlZCkgLyAxMA0KICAgICAgICBtbGZsb3cubG9nX21ldHJpYygiYWNjdXJhY3kiLCBhY2N1cmFjeSkNCiAgICAgICAgbWxmbG93LmxvZ19wYXJhbSgiYV9wYXJhbSIsIDEpDQogICAgICAgIG1sZmxvdy5sb2dfcGFyYW0oImFub3RoZXJfcGFyYW0iLCAyKQ0KDQoNCmlmIF9fbmFtZV9fID09ICJfX21haW5fXyI6DQogICAgbWFpbigpDQo=",
      "StatusCode": 201,
      "ResponseHeaders": {
        "Content-Length": "0",
        "Content-MD5": "GDlxprzL5NVz7pqgi48lBg==",
        "Date": "Thu, 29 Sep 2022 18:08:10 GMT",
        "ETag": "\u00220x8DAA245923E6C4B\u0022",
        "Last-Modified": "Thu, 29 Sep 2022 18:08:11 GMT",
        "Server": [
          "Windows-Azure-Blob/1.0",
          "Microsoft-HTTPAPI/2.0"
        ],
        "x-ms-content-crc64": "3jqW3n53dRc=",
        "x-ms-request-server-encrypted": "true",
        "x-ms-version": "2020-10-02"
      },
      "ResponseBody": null
    },
    {
      "RequestUri": "https://saird7e2z7hlg4y.blob.core.windows.net/azureml-blobstore-d8f42f37-66eb-4dca-869e-f6357989e03e/LocalUpload/00000000000000000000000000000000/python/sweep_script_search.py",
      "RequestMethod": "PUT",
      "RequestHeaders": {
        "Accept": "application/xml",
        "Accept-Encoding": "gzip, deflate",
        "Connection": "keep-alive",
        "Content-Length": "2903",
        "Content-MD5": "qar\u002Bi7qvrYbVwpB3JFmGGQ==",
        "Content-Type": "application/octet-stream",
        "If-None-Match": "*",
        "User-Agent": "azsdk-python-storage-blob/12.9.0 Python/3.8.5 (Windows-10-10.0.19041-SP0)",
        "x-ms-blob-type": "BlockBlob",
        "x-ms-date": "Thu, 29 Sep 2022 18:08:11 GMT",
        "x-ms-version": "2020-10-02"
      },
      "RequestBody": "IyBpbXBvcnRzDQppbXBvcnQgYXJncGFyc2UNCg0KaW1wb3J0IGxpZ2h0Z2JtIGFzIGxnYm0NCmltcG9ydCBtYXRwbG90bGliLnB5cGxvdCBhcyBwbHQNCmltcG9ydCBtbGZsb3cNCmltcG9ydCBwYW5kYXMgYXMgcGQNCmZyb20gc2tsZWFybi5tZXRyaWNzIGltcG9ydCBhY2N1cmFjeV9zY29yZSwgbG9nX2xvc3MNCmZyb20gc2tsZWFybi5tb2RlbF9zZWxlY3Rpb24gaW1wb3J0IHRyYWluX3Rlc3Rfc3BsaXQNCmZyb20gc2tsZWFybi5wcmVwcm9jZXNzaW5nIGltcG9ydCBMYWJlbEVuY29kZXINCg0KDQojIGRlZmluZSBmdW5jdGlvbnMNCmRlZiBtYWluKGFyZ3MpOg0KICAgICMgZW5hYmxlIGF1dG8gbG9nZ2luZw0KICAgIG1sZmxvdy5hdXRvbG9nKCkNCg0KICAgICMgc2V0dXAgcGFyYW1ldGVycw0KICAgIG51bV9ib29zdF9yb3VuZCA9IGFyZ3MubnVtX2Jvb3N0X3JvdW5kDQogICAgcGFyYW1zID0gew0KICAgICAgICAib2JqZWN0aXZlIjogIm11bHRpY2xhc3MiLA0KICAgICAgICAibnVtX2NsYXNzIjogMywNCiAgICAgICAgImJvb3N0aW5nIjogYXJncy5ib29zdGluZywNCiAgICAgICAgIm51bV9pdGVyYXRpb25zIjogYXJncy5udW1faXRlcmF0aW9ucywNCiAgICAgICAgIm51bV9sZWF2ZXMiOiBhcmdzLm51bV9sZWF2ZXMsDQogICAgICAgICJudW1fdGhyZWFkcyI6IGFyZ3MubnVtX3RocmVhZHMsDQogICAgICAgICJsZWFybmluZ19yYXRlIjogYXJncy5sZWFybmluZ19yYXRlLA0KICAgICAgICAibWV0cmljIjogYXJncy5tZXRyaWMsDQogICAgICAgICJzZWVkIjogYXJncy5zZWVkLA0KICAgICAgICAidmVyYm9zZSI6IGFyZ3MudmVyYm9zZSwNCiAgICB9DQoNCiAgICAjIHJlYWQgaW4gZGF0YQ0KICAgIGRmID0gcGQucmVhZF9jc3YoYXJncy5pcmlzX2NzdikNCg0KICAgICMgcHJvY2VzcyBkYXRhDQogICAgWF90cmFpbiwgWF90ZXN0LCB5X3RyYWluLCB5X3Rlc3QsIGVuYyA9IHByb2Nlc3NfZGF0YShkZikNCg0KICAgICMgdHJhaW4gbW9kZWwNCiAgICBfID0gdHJhaW5fbW9kZWwocGFyYW1zLCBudW1fYm9vc3Rfcm91bmQsIFhfdHJhaW4sIFhfdGVzdCwgeV90cmFpbiwgeV90ZXN0KQ0KDQoNCmRlZiBwcm9jZXNzX2RhdGEoZGYpOg0KICAgICMgc3BsaXQgZGF0YWZyYW1lIGludG8gWCBhbmQgeQ0KICAgIFggPSBkZi5kcm9wKFsic3BlY2llcyJdLCBheGlzPTEpDQogICAgeSA9IGRmWyJzcGVjaWVzIl0NCg0KICAgICMgZW5jb2RlIGxhYmVsDQogICAgZW5jID0gTGFiZWxFbmNvZGVyKCkNCiAgICB5ID0gZW5jLmZpdF90cmFuc2Zvcm0oeSkNCg0KICAgICMgdHJhaW4vdGVzdCBzcGxpdA0KICAgIFhfdHJhaW4sIFhfdGVzdCwgeV90cmFpbiwgeV90ZXN0ID0gdHJhaW5fdGVzdF9zcGxpdChYLCB5LCB0ZXN0X3NpemU9MC4yLCByYW5kb21fc3RhdGU9NDIpDQoNCiAgICAjIHJldHVybiBzcGxpdHMgYW5kIGVuY29kZXINCiAgICByZXR1cm4gWF90cmFpbiwgWF90ZXN0LCB5X3RyYWluLCB5X3Rlc3QsIGVuYw0KDQoNCmRlZiB0cmFpbl9tb2RlbChwYXJhbXMsIG51bV9ib29zdF9yb3VuZCwgWF90cmFpbiwgWF90ZXN0LCB5X3RyYWluLCB5X3Rlc3QpOg0KICAgICMgY3JlYXRlIGxpZ2h0Z2JtIGRhdGFzZXRzDQogICAgdHJhaW5fZGF0YSA9IGxnYm0uRGF0YXNldChYX3RyYWluLCBsYWJlbD15X3RyYWluKQ0KICAgIHRlc3RfZGF0YSA9IGxnYm0uRGF0YXNldChYX3Rlc3QsIGxhYmVsPXlfdGVzdCkNCg0KICAgICMgdHJhaW4gbW9kZWwNCiAgICBtb2RlbCA9IGxnYm0udHJhaW4oDQogICAgICAgIHBhcmFtcywNCiAgICAgICAgdHJhaW5fZGF0YSwNCiAgICAgICAgbnVtX2Jvb3N0X3JvdW5kPW51bV9ib29zdF9yb3VuZCwNCiAgICAgICAgdmFsaWRfc2V0cz1bdGVzdF9kYXRhXSwNCiAgICAgICAgdmFsaWRfbmFtZXM9WyJ0ZXN0Il0sDQogICAgKQ0KDQogICAgIyByZXR1cm4gbW9kZWwNCiAgICByZXR1cm4gbW9kZWwNCg0KDQpkZWYgcGFyc2VfYXJncygpOg0KICAgICMgc2V0dXAgYXJnIHBhcnNlcg0KICAgIHBhcnNlciA9IGFyZ3BhcnNlLkFyZ3VtZW50UGFyc2VyKCkNCg0KICAgICMgYWRkIGFyZ3VtZW50cw0KICAgIHBhcnNlci5hZGRfYXJndW1lbnQoIi0taXJpcy1jc3YiLCB0eXBlPXN0cikNCiAgICBwYXJzZXIuYWRkX2FyZ3VtZW50KCItLW51bS1ib29zdC1yb3VuZCIsIHR5cGU9aW50LCBkZWZhdWx0PTEwKQ0KICAgIHBhcnNlci5hZGRfYXJndW1lbnQoIi0tYm9vc3RpbmciLCB0eXBlPXN0ciwgZGVmYXVsdD0iZ2JkdCIpDQogICAgcGFyc2VyLmFkZF9hcmd1bWVudCgiLS1udW0taXRlcmF0aW9ucyIsIHR5cGU9aW50LCBkZWZhdWx0PTE2KQ0KICAgIHBhcnNlci5hZGRfYXJndW1lbnQoIi0tbnVtLWxlYXZlcyIsIHR5cGU9aW50LCBkZWZhdWx0PTMxKQ0KICAgIHBhcnNlci5hZGRfYXJndW1lbnQoIi0tbnVtLXRocmVhZHMiLCB0eXBlPWludCwgZGVmYXVsdD0wKQ0KICAgIHBhcnNlci5hZGRfYXJndW1lbnQoIi0tbGVhcm5pbmctcmF0ZSIsIHR5cGU9ZmxvYXQsIGRlZmF1bHQ9MC4xKQ0KICAgIHBhcnNlci5hZGRfYXJndW1lbnQoIi0tbWV0cmljIiwgdHlwZT1zdHIsIGRlZmF1bHQ9Im11bHRpX2xvZ2xvc3MiKQ0KICAgIHBhcnNlci5hZGRfYXJndW1lbnQoIi0tc2VlZCIsIHR5cGU9aW50LCBkZWZhdWx0PTQyKQ0KICAgIHBhcnNlci5hZGRfYXJndW1lbnQoIi0tdmVyYm9zZSIsIHR5cGU9aW50LCBkZWZhdWx0PTApDQoNCiAgICAjIHBhcnNlIGFyZ3MNCiAgICBhcmdzID0gcGFyc2VyLnBhcnNlX2FyZ3MoKQ0KDQogICAgIyByZXR1cm4gYXJncw0KICAgIHJldHVybiBhcmdzDQoNCg0KIyBydW4gc2NyaXB0DQppZiBfX25hbWVfXyA9PSAiX19tYWluX18iOg0KICAgICMgcGFyc2UgYXJncw0KICAgIGFyZ3MgPSBwYXJzZV9hcmdzKCkNCg0KICAgICMgcnVuIG1haW4gZnVuY3Rpb24NCiAgICBtYWluKGFyZ3MpDQo=",
      "StatusCode": 201,
      "ResponseHeaders": {
        "Content-Length": "0",
        "Content-MD5": "qar\u002Bi7qvrYbVwpB3JFmGGQ==",
        "Date": "Thu, 29 Sep 2022 18:08:11 GMT",
        "ETag": "\u00220x8DAA245924D110E\u0022",
        "Last-Modified": "Thu, 29 Sep 2022 18:08:11 GMT",
        "Server": [
          "Windows-Azure-Blob/1.0",
          "Microsoft-HTTPAPI/2.0"
        ],
        "x-ms-content-crc64": "x3uV5AlGVk0=",
        "x-ms-request-server-encrypted": "true",
        "x-ms-version": "2020-10-02"
      },
      "ResponseBody": null
    },
    {
      "RequestUri": "https://saird7e2z7hlg4y.blob.core.windows.net/azureml-blobstore-d8f42f37-66eb-4dca-869e-f6357989e03e/LocalUpload/00000000000000000000000000000000/python/sample1.csv?comp=metadata",
      "RequestMethod": "PUT",
      "RequestHeaders": {
        "Accept": "application/xml",
        "Accept-Encoding": "gzip, deflate",
        "Connection": "keep-alive",
        "Content-Length": "0",
        "User-Agent": "azsdk-python-storage-blob/12.9.0 Python/3.8.5 (Windows-10-10.0.19041-SP0)",
        "x-ms-date": "Thu, 29 Sep 2022 18:08:11 GMT",
        "x-ms-meta-name": "000000000000000000000",
        "x-ms-meta-upload_status": "completed",
        "x-ms-meta-version": "1",
        "x-ms-version": "2020-10-02"
      },
      "RequestBody": null,
      "StatusCode": 200,
      "ResponseHeaders": {
        "Content-Length": "0",
        "Date": "Thu, 29 Sep 2022 18:08:11 GMT",
        "ETag": "\u00220x8DAA245925C5202\u0022",
        "Last-Modified": "Thu, 29 Sep 2022 18:08:11 GMT",
        "Server": [
          "Windows-Azure-Blob/1.0",
          "Microsoft-HTTPAPI/2.0"
        ],
        "x-ms-request-server-encrypted": "true",
        "x-ms-version": "2020-10-02"
      },
      "ResponseBody": null
    },
    {
      "RequestUri": "https://management.azure.com/subscriptions/00000000-0000-0000-0000-000000000/resourceGroups/00000/providers/Microsoft.MachineLearningServices/workspaces/00000/codes/000000000000000000000/versions/1?api-version=2022-05-01",
      "RequestMethod": "PUT",
      "RequestHeaders": {
        "Accept": "application/json",
        "Accept-Encoding": "gzip, deflate",
        "Connection": "keep-alive",
        "Content-Length": "295",
        "Content-Type": "application/json",
        "User-Agent": "azure-ai-ml/0.1.0 azsdk-python-mgmt-machinelearningservices/0.1.0 Python/3.8.5 (Windows-10-10.0.19041-SP0)"
      },
      "RequestBody": {
        "properties": {
          "properties": {
            "hash_sha256": "0000000000000",
            "hash_version": "0000000000000"
          },
          "isAnonymous": true,
          "isArchived": false,
          "codeUri": "https://saird7e2z7hlg4y.blob.core.windows.net/azureml-blobstore-d8f42f37-66eb-4dca-869e-f6357989e03e/LocalUpload/00000000000000000000000000000000/python"
        }
      },
      "StatusCode": 201,
      "ResponseHeaders": {
        "Cache-Control": "no-cache",
        "Content-Length": "810",
        "Content-Type": "application/json; charset=utf-8",
        "Date": "Thu, 29 Sep 2022 18:08:11 GMT",
        "Expires": "-1",
        "Location": "https://management.azure.com/subscriptions/00000000-0000-0000-0000-000000000/resourceGroups/00000/providers/Microsoft.MachineLearningServices/workspaces/00000/codes/000000000000000000000/versions/1?api-version=2022-05-01",
        "Pragma": "no-cache",
        "Request-Context": "appId=cid-v1:17d65b70-e9ce-4ed5-9347-1f660ec782e9",
        "Server-Timing": "traceparent;desc=\u002200-5a12a45a79f1f911d5c70d7f8533a506-55e8c909e9a11d97-01\u0022",
        "Strict-Transport-Security": "max-age=31536000; includeSubDomains",
        "x-aml-cluster": "vienna-eastus2euap-02",
        "X-Content-Type-Options": "nosniff",
        "x-ms-correlation-request-id": "dadf427e-353a-47bc-a287-3515df1f1409",
        "x-ms-ratelimit-remaining-subscription-writes": "1188",
        "x-ms-response-type": "standard",
        "x-ms-routing-request-id": "WESTUS2:20220929T180812Z:dadf427e-353a-47bc-a287-3515df1f1409",
        "x-request-time": "0.152"
      },
      "ResponseBody": {
        "id": "/subscriptions/00000000-0000-0000-0000-000000000/resourceGroups/00000/providers/Microsoft.MachineLearningServices/workspaces/00000/codes/000000000000000000000/versions/1",
        "name": "1",
        "type": "Microsoft.MachineLearningServices/workspaces/codes/versions",
        "properties": {
          "description": null,
          "tags": {},
          "properties": {
            "hash_sha256": "0000000000000",
            "hash_version": "0000000000000"
          },
          "isArchived": false,
          "isAnonymous": false,
          "codeUri": "https://saird7e2z7hlg4y.blob.core.windows.net/azureml-blobstore-d8f42f37-66eb-4dca-869e-f6357989e03e/LocalUpload/00000000000000000000000000000000/python"
        },
        "systemData": {
          "createdAt": "2022-09-29T18:08:12.3030991\u002B00:00",
          "createdBy": "Aditi Singhal",
          "createdByType": "User",
          "lastModifiedAt": "2022-09-29T18:08:12.3030991\u002B00:00",
          "lastModifiedBy": "Aditi Singhal",
          "lastModifiedByType": "User"
        }
      }
    },
    {
      "RequestUri": "https://management.azure.com/subscriptions/00000000-0000-0000-0000-000000000/resourceGroups/00000/providers/Microsoft.MachineLearningServices/workspaces/00000/environments/test_474188124211/versions?api-version=2022-05-01\u0026$orderBy=createdtime%20desc\u0026$top=1",
      "RequestMethod": "GET",
      "RequestHeaders": {
        "Accept": "application/json",
        "Accept-Encoding": "gzip, deflate",
        "Connection": "keep-alive",
        "User-Agent": "azure-ai-ml/0.1.0 azsdk-python-mgmt-machinelearningservices/0.1.0 Python/3.8.5 (Windows-10-10.0.19041-SP0)"
      },
      "RequestBody": null,
      "StatusCode": 200,
      "ResponseHeaders": {
        "Cache-Control": "no-cache",
        "Content-Encoding": "gzip",
        "Content-Type": "application/json; charset=utf-8",
        "Date": "Thu, 29 Sep 2022 18:08:12 GMT",
        "Expires": "-1",
        "Pragma": "no-cache",
        "Request-Context": "appId=cid-v1:17d65b70-e9ce-4ed5-9347-1f660ec782e9",
        "Server-Timing": "traceparent;desc=\u002200-8fafa0ae94fc98abc1440ef7f86740aa-d4cde4fd4f7ad077-01\u0022",
        "Strict-Transport-Security": "max-age=31536000; includeSubDomains",
        "Transfer-Encoding": "chunked",
        "Vary": [
          "Accept-Encoding",
          "Accept-Encoding"
        ],
        "x-aml-cluster": "vienna-eastus2euap-02",
        "X-Content-Type-Options": "nosniff",
        "x-ms-correlation-request-id": "0b139dbc-d288-4f4e-83a1-c2ed2dceb491",
        "x-ms-ratelimit-remaining-subscription-reads": "11987",
        "x-ms-response-type": "standard",
        "x-ms-routing-request-id": "WESTUS2:20220929T180812Z:0b139dbc-d288-4f4e-83a1-c2ed2dceb491",
        "x-request-time": "0.313"
      },
      "ResponseBody": {
        "value": [
          {
            "id": "/subscriptions/00000000-0000-0000-0000-000000000/resourceGroups/00000/providers/Microsoft.MachineLearningServices/workspaces/00000/environments/test_474188124211/versions/bar",
            "name": "bar",
            "type": "Microsoft.MachineLearningServices/workspaces/environments/versions",
            "properties": {
              "description": "Environment with inline conda definition",
              "tags": {},
              "properties": {},
              "isArchived": false,
              "isAnonymous": false,
              "environmentType": "UserCreated",
              "image": "mcr.microsoft.com/azureml/openmpi3.1.2-ubuntu18.04",
              "condaFile": "{\n  \u0022channels\u0022: [\n    \u0022conda-forge\u0022\n  ],\n  \u0022dependencies\u0022: [\n    \u0022python=3.8\u0022,\n    \u0022pip\u0022,\n    {\n      \u0022pip\u0022: [\n        \u0022nbgitpuller\u0022,\n        \u0022sphinx-gallery\u0022,\n        \u0022pandas\u0022,\n        \u0022matplotlib\u0022,\n        \u0022mlflow\u0022\n      ]\n    }\n  ],\n  \u0022name\u0022: \u0022example-environment\u0022\n}",
              "osType": "Linux"
            },
            "systemData": {
              "createdAt": "2022-09-29T18:08:06.7046347\u002B00:00",
              "createdBy": "Aditi Singhal",
              "createdByType": "User",
              "lastModifiedAt": "2022-09-29T18:08:06.7046347\u002B00:00",
              "lastModifiedBy": "Aditi Singhal",
              "lastModifiedByType": "User"
            }
          }
        ]
      }
    },
    {
      "RequestUri": "https://management.azure.com/subscriptions/00000000-0000-0000-0000-000000000/resourceGroups/00000/providers/Microsoft.MachineLearningServices/workspaces/00000/data/test_329402107859/versions?api-version=2022-05-01\u0026$orderBy=createdtime%20desc\u0026$top=1",
      "RequestMethod": "GET",
      "RequestHeaders": {
        "Accept": "application/json",
        "Accept-Encoding": "gzip, deflate",
        "Connection": "keep-alive",
        "User-Agent": "azure-ai-ml/0.1.0 azsdk-python-mgmt-machinelearningservices/0.1.0 Python/3.8.5 (Windows-10-10.0.19041-SP0)"
      },
      "RequestBody": null,
      "StatusCode": 200,
      "ResponseHeaders": {
        "Cache-Control": "no-cache",
        "Content-Encoding": "gzip",
        "Content-Type": "application/json; charset=utf-8",
        "Date": "Thu, 29 Sep 2022 18:08:12 GMT",
        "Expires": "-1",
        "Pragma": "no-cache",
        "Request-Context": "appId=cid-v1:17d65b70-e9ce-4ed5-9347-1f660ec782e9",
        "Server-Timing": "traceparent;desc=\u002200-929dabdcbf2c115b0d98b1aeccc76c35-a58fd6ccfd3ceb81-01\u0022",
        "Strict-Transport-Security": "max-age=31536000; includeSubDomains",
        "Transfer-Encoding": "chunked",
        "Vary": [
          "Accept-Encoding",
          "Accept-Encoding"
        ],
        "x-aml-cluster": "vienna-eastus2euap-02",
        "X-Content-Type-Options": "nosniff",
        "x-ms-correlation-request-id": "382e2f85-c415-4a91-9e96-408629896caf",
        "x-ms-ratelimit-remaining-subscription-reads": "11986",
        "x-ms-response-type": "standard",
        "x-ms-routing-request-id": "WESTUS2:20220929T180813Z:382e2f85-c415-4a91-9e96-408629896caf",
        "x-request-time": "0.122"
      },
      "ResponseBody": {
        "value": [
          {
            "id": "/subscriptions/00000000-0000-0000-0000-000000000/resourceGroups/00000/providers/Microsoft.MachineLearningServices/workspaces/00000/data/test_329402107859/versions/foo",
            "name": "foo",
            "type": "Microsoft.MachineLearningServices/workspaces/data/versions",
            "properties": {
              "description": null,
              "tags": {},
              "properties": {},
              "isArchived": false,
              "isAnonymous": false,
              "dataUri": "azureml://workspaces/d8f42f37-66eb-4dca-869e-f6357989e03e/datastores/workspaceblobstore/paths/LocalUpload/00000000000000000000000000000000/sample1.csv",
              "dataType": "uri_file"
            },
            "systemData": {
              "createdAt": "2022-09-29T18:08:10.2576477\u002B00:00",
              "createdBy": "Aditi Singhal",
              "createdByType": "User",
              "lastModifiedAt": "2022-09-29T18:08:10.2706175\u002B00:00"
            }
          }
        ]
      }
    },
    {
      "RequestUri": "https://management.azure.com/subscriptions/00000000-0000-0000-0000-000000000/resourceGroups/00000/providers/Microsoft.MachineLearningServices/workspaces/00000/jobs/test_390389960921?api-version=2022-06-01-preview",
      "RequestMethod": "PUT",
      "RequestHeaders": {
        "Accept": "application/json",
        "Accept-Encoding": "gzip, deflate",
        "Connection": "keep-alive",
        "Content-Length": "1023",
        "Content-Type": "application/json",
        "User-Agent": "azure-ai-ml/0.1.0 azsdk-python-mgmt-machinelearningservices/0.1.0 Python/3.8.5 (Windows-10-10.0.19041-SP0)"
      },
      "RequestBody": {
        "properties": {
          "properties": {},
          "tags": {},
          "computeId": "/subscriptions/00000000-0000-0000-0000-000000000/resourceGroups/00000/providers/Microsoft.MachineLearningServices/workspaces/00000/computes/testCompute",
          "displayName": "test_390389960921",
          "experimentName": "mfe-test1",
          "isArchived": false,
          "jobType": "Command",
          "codeId": "/subscriptions/00000000-0000-0000-0000-000000000/resourceGroups/00000/providers/Microsoft.MachineLearningServices/workspaces/00000/codes/000000000000000000000/versions/1",
          "command": "python ./simple_train.py -c 45",
          "environmentId": "/subscriptions/00000000-0000-0000-0000-000000000/resourceGroups/00000/providers/Microsoft.MachineLearningServices/workspaces/00000/environments/test_474188124211/versions/bar",
          "environmentVariables": {},
          "inputs": {
            "testdata": {
              "uri": "/subscriptions/00000000-0000-0000-0000-000000000/resourceGroups/00000/providers/Microsoft.MachineLearningServices/workspaces/00000/data/test_329402107859/versions/foo",
              "jobInputType": "uri_folder"
            }
          },
          "outputs": {}
        }
      },
      "StatusCode": 201,
      "ResponseHeaders": {
        "Cache-Control": "no-cache",
        "Content-Length": "2973",
        "Content-Type": "application/json; charset=utf-8",
        "Date": "Thu, 29 Sep 2022 18:08:16 GMT",
        "Expires": "-1",
        "Location": "https://management.azure.com/subscriptions/00000000-0000-0000-0000-000000000/resourceGroups/00000/providers/Microsoft.MachineLearningServices/workspaces/00000/jobs/test_390389960921?api-version=2022-06-01-preview",
        "Pragma": "no-cache",
        "Request-Context": "appId=cid-v1:17d65b70-e9ce-4ed5-9347-1f660ec782e9",
        "Server-Timing": "traceparent;desc=\u002200-25f76e1f89ee5ea4b0dec01074835584-70017e2b48dc1db2-01\u0022",
        "Strict-Transport-Security": "max-age=31536000; includeSubDomains",
        "x-aml-cluster": "vienna-eastus2euap-02",
        "X-Content-Type-Options": "nosniff",
        "x-ms-correlation-request-id": "fba2f3d4-5e97-4958-809a-623b5f70b690",
        "x-ms-ratelimit-remaining-subscription-writes": "1187",
        "x-ms-response-type": "standard",
        "x-ms-routing-request-id": "WESTUS2:20220929T180817Z:fba2f3d4-5e97-4958-809a-623b5f70b690",
        "x-request-time": "2.519"
      },
      "ResponseBody": {
        "id": "/subscriptions/00000000-0000-0000-0000-000000000/resourceGroups/00000/providers/Microsoft.MachineLearningServices/workspaces/00000/jobs/test_390389960921",
        "name": "test_390389960921",
        "type": "Microsoft.MachineLearningServices/workspaces/jobs",
        "properties": {
          "description": null,
          "tags": {},
          "properties": {
            "_azureml.ComputeTargetType": "amlctrain",
            "ContentSnapshotId": "71e8a8cf-bc1f-4460-b2f8-51af579271b0"
          },
          "displayName": "test_390389960921",
          "status": "Starting",
          "experimentName": "mfe-test1",
          "services": {
            "Tracking": {
              "jobServiceType": "Tracking",
              "port": null,
              "endpoint": "azureml://eastus2euap.api.azureml.ms/mlflow/v1.0/subscriptions/00000000-0000-0000-0000-000000000/resourceGroups/00000/providers/Microsoft.MachineLearningServices/workspaces/00000?",
              "status": null,
              "errorMessage": null,
              "properties": null
            },
            "Studio": {
              "jobServiceType": "Studio",
              "port": null,
              "endpoint": "https://ml.azure.com/runs/test_390389960921?wsid=/subscriptions/00000000-0000-0000-0000-000000000/resourcegroups/00000/workspaces/00000",
              "status": null,
              "errorMessage": null,
              "properties": null
            }
          },
          "computeId": "/subscriptions/00000000-0000-0000-0000-000000000/resourceGroups/00000/providers/Microsoft.MachineLearningServices/workspaces/00000/computes/testCompute",
          "isArchived": false,
          "identity": null,
          "componentId": null,
          "jobType": "Command",
          "resources": {
            "instanceCount": 1,
            "instanceType": null,
            "properties": null,
            "shmSize": "2g",
            "dockerArgs": null
          },
          "codeId": "/subscriptions/00000000-0000-0000-0000-000000000/resourceGroups/00000/providers/Microsoft.MachineLearningServices/workspaces/00000/codes/000000000000000000000/versions/1",
          "command": "python ./simple_train.py -c 45",
          "environmentId": "/subscriptions/00000000-0000-0000-0000-000000000/resourceGroups/00000/providers/Microsoft.MachineLearningServices/workspaces/00000/environments/test_474188124211/versions/bar",
          "inputs": {
            "testdata": {
              "description": null,
              "uri": "/subscriptions/00000000-0000-0000-0000-000000000/resourceGroups/00000/providers/Microsoft.MachineLearningServices/workspaces/00000/data/test_329402107859/versions/foo",
              "mode": "ReadOnlyMount",
              "jobInputType": "uri_folder"
            }
          },
          "outputs": {
            "default": {
              "description": null,
              "uri": "azureml://datastores/workspaceartifactstore/ExperimentRun/dcid.test_390389960921",
              "mode": "ReadWriteMount",
              "jobOutputType": "uri_folder"
            }
          },
          "distribution": null,
          "limits": null,
          "environmentVariables": {},
          "parameters": {}
        },
        "systemData": {
          "createdAt": "2022-09-29T18:08:17.3775818\u002B00:00",
          "createdBy": "Aditi Singhal",
          "createdByType": "User"
        }
      }
    },
    {
      "RequestUri": "https://management.azure.com/subscriptions/00000000-0000-0000-0000-000000000/resourceGroups/00000/providers/Microsoft.MachineLearningServices/workspaces/00000/jobs/test_390389960921/cancel?api-version=2022-06-01-preview",
      "RequestMethod": "POST",
      "RequestHeaders": {
        "Accept": "application/json",
        "Accept-Encoding": "gzip, deflate",
        "Connection": "keep-alive",
        "Content-Length": "0",
        "User-Agent": "azure-ai-ml/0.1.0 azsdk-python-mgmt-machinelearningservices/0.1.0 Python/3.8.5 (Windows-10-10.0.19041-SP0)"
      },
      "RequestBody": null,
      "StatusCode": 202,
      "ResponseHeaders": {
        "Cache-Control": "no-cache",
        "Content-Length": "4",
        "Content-Type": "application/json; charset=utf-8",
        "Date": "Thu, 29 Sep 2022 18:08:18 GMT",
        "Expires": "-1",
        "Location": "https://management.azure.com/subscriptions/00000000-0000-0000-0000-000000000/providers/Microsoft.MachineLearningServices/locations/eastus2euap/mfeOperationResults/jc:d8f42f37-66eb-4dca-869e-f6357989e03e:test_390389960921?api-version=2022-06-01-preview",
        "Pragma": "no-cache",
        "Request-Context": "appId=cid-v1:17d65b70-e9ce-4ed5-9347-1f660ec782e9",
        "Strict-Transport-Security": "max-age=31536000; includeSubDomains",
        "x-aml-cluster": "vienna-eastus2euap-02",
        "X-Content-Type-Options": "nosniff",
        "x-ms-async-operation-timeout": "PT1H",
        "x-ms-correlation-request-id": "ae5aaeb0-c730-4062-b574-63ffdc398061",
        "x-ms-ratelimit-remaining-subscription-writes": "1192",
        "x-ms-response-type": "standard",
        "x-ms-routing-request-id": "WESTUS2:20220929T180818Z:ae5aaeb0-c730-4062-b574-63ffdc398061",
        "x-request-time": "0.251"
      },
      "ResponseBody": "null"
    },
    {
      "RequestUri": "https://management.azure.com/subscriptions/00000000-0000-0000-0000-000000000/providers/Microsoft.MachineLearningServices/locations/eastus2euap/mfeOperationResults/jc:d8f42f37-66eb-4dca-869e-f6357989e03e:test_390389960921?api-version=2022-06-01-preview",
      "RequestMethod": "GET",
      "RequestHeaders": {
        "Accept": "*/*",
        "Accept-Encoding": "gzip, deflate",
        "Connection": "keep-alive",
        "User-Agent": "azure-ai-ml/0.1.0 azsdk-python-mgmt-machinelearningservices/0.1.0 Python/3.8.5 (Windows-10-10.0.19041-SP0)"
      },
      "RequestBody": null,
      "StatusCode": 202,
      "ResponseHeaders": {
        "Cache-Control": "no-cache",
        "Content-Length": "2",
        "Content-Type": "application/json; charset=utf-8",
        "Date": "Thu, 29 Sep 2022 18:08:18 GMT",
        "Expires": "-1",
        "Location": "https://management.azure.com/subscriptions/00000000-0000-0000-0000-000000000/providers/Microsoft.MachineLearningServices/locations/eastus2euap/mfeOperationResults/jc:d8f42f37-66eb-4dca-869e-f6357989e03e:test_390389960921?api-version=2022-06-01-preview",
        "Pragma": "no-cache",
        "Request-Context": "appId=cid-v1:17d65b70-e9ce-4ed5-9347-1f660ec782e9",
        "Strict-Transport-Security": "max-age=31536000; includeSubDomains",
        "x-aml-cluster": "vienna-eastus2euap-02",
        "X-Content-Type-Options": "nosniff",
        "x-ms-correlation-request-id": "e658de59-3fcb-4d7a-9063-3aca5050d376",
        "x-ms-ratelimit-remaining-subscription-reads": "11985",
        "x-ms-response-type": "standard",
        "x-ms-routing-request-id": "WESTUS2:20220929T180819Z:e658de59-3fcb-4d7a-9063-3aca5050d376",
        "x-request-time": "0.090"
      },
      "ResponseBody": {}
    },
    {
      "RequestUri": "https://management.azure.com/subscriptions/00000000-0000-0000-0000-000000000/providers/Microsoft.MachineLearningServices/locations/eastus2euap/mfeOperationResults/jc:d8f42f37-66eb-4dca-869e-f6357989e03e:test_390389960921?api-version=2022-06-01-preview",
      "RequestMethod": "GET",
      "RequestHeaders": {
        "Accept": "*/*",
        "Accept-Encoding": "gzip, deflate",
        "Connection": "keep-alive",
        "User-Agent": "azure-ai-ml/0.1.0 azsdk-python-mgmt-machinelearningservices/0.1.0 Python/3.8.5 (Windows-10-10.0.19041-SP0)"
      },
      "RequestBody": null,
      "StatusCode": 200,
      "ResponseHeaders": {
        "Cache-Control": "no-cache",
        "Content-Length": "0",
        "Date": "Thu, 29 Sep 2022 18:08:49 GMT",
        "Expires": "-1",
        "Pragma": "no-cache",
        "Request-Context": "appId=cid-v1:17d65b70-e9ce-4ed5-9347-1f660ec782e9",
        "Server-Timing": "traceparent;desc=\u002200-7519f1923b912581e7e56d3d847b237e-f5fd034ee096cf91-01\u0022",
        "Strict-Transport-Security": "max-age=31536000; includeSubDomains",
        "x-aml-cluster": "vienna-eastus2euap-02",
        "X-Content-Type-Options": "nosniff",
        "x-ms-correlation-request-id": "07be490a-7450-4421-bbc9-69a16caed16e",
        "x-ms-ratelimit-remaining-subscription-reads": "11984",
        "x-ms-response-type": "standard",
        "x-ms-routing-request-id": "WESTUS2:20220929T180849Z:07be490a-7450-4421-bbc9-69a16caed16e",
        "x-request-time": "0.033"
      },
      "ResponseBody": null
    }
  ],
  "Variables": {
    "data_name": "test_329402107859",
    "environment_name": "test_474188124211",
    "job_name": "test_390389960921"
  }
}
