{
  "Entries": [
    {
      "RequestUri": "https://management.azure.com/subscriptions/00000000-0000-0000-0000-000000000/resourceGroups/00000/providers/Microsoft.MachineLearningServices/workspaces/00000/datastores/workspaceblobstore?api-version=2022-05-01",
      "RequestMethod": "GET",
      "RequestHeaders": {
        "Accept": "application/json",
        "Accept-Encoding": "gzip, deflate",
        "Connection": "keep-alive",
        "User-Agent": "azure-ai-ml/0.0.139 azsdk-python-mgmt-machinelearningservices/0.1.0 Python/3.8.6 (Windows-10-10.0.22000-SP0)"
      },
      "RequestBody": null,
      "StatusCode": 200,
      "ResponseHeaders": {
        "Cache-Control": "no-cache",
        "Content-Encoding": "gzip",
        "Content-Type": "application/json; charset=utf-8",
        "Date": "Thu, 15 Sep 2022 21:25:24 GMT",
        "Expires": "-1",
        "Pragma": "no-cache",
        "Request-Context": "appId=cid-v1:17d65b70-e9ce-4ed5-9347-1f660ec782e9",
        "Server-Timing": "traceparent;desc=\u002200-ef4a641815f015b7838341458bb8945b-e9aaf0cc2ba98613-01\u0022",
        "Strict-Transport-Security": "max-age=31536000; includeSubDomains",
        "Transfer-Encoding": "chunked",
        "Vary": [
          "Accept-Encoding",
          "Accept-Encoding"
        ],
        "x-aml-cluster": "vienna-eastus2euap-02",
        "X-Content-Type-Options": "nosniff",
        "x-ms-correlation-request-id": "2691f193-78ff-4e1c-9b67-eef1da7b4f2d",
        "x-ms-ratelimit-remaining-subscription-reads": "11992",
        "x-ms-response-type": "standard",
        "x-ms-routing-request-id": "CANADACENTRAL:20220915T212525Z:2691f193-78ff-4e1c-9b67-eef1da7b4f2d",
        "x-request-time": "0.096"
      },
      "ResponseBody": {
        "id": "/subscriptions/00000000-0000-0000-0000-000000000/resourceGroups/00000/providers/Microsoft.MachineLearningServices/workspaces/00000/datastores/workspaceblobstore",
        "name": "workspaceblobstore",
        "type": "Microsoft.MachineLearningServices/workspaces/datastores",
        "properties": {
          "description": null,
          "tags": null,
          "properties": null,
          "isDefault": true,
          "credentials": {
            "credentialsType": "AccountKey"
          },
          "datastoreType": "AzureBlob",
          "accountName": "sagh4dshas62md4",
          "containerName": "azureml-blobstore-a6d5a3b8-8717-4928-b8f7-4c9f36d21085",
          "endpoint": "core.windows.net",
          "protocol": "https",
          "serviceDataAccessAuthIdentity": "WorkspaceSystemAssignedIdentity"
        },
        "systemData": {
          "createdAt": "2022-09-15T03:11:44.0146435\u002B00:00",
          "createdBy": "779301c0-18b2-4cdc-801b-a0a3368fee0a",
          "createdByType": "Application",
          "lastModifiedAt": "2022-09-15T03:11:44.7999179\u002B00:00",
          "lastModifiedBy": "779301c0-18b2-4cdc-801b-a0a3368fee0a",
          "lastModifiedByType": "Application"
        }
      }
    },
    {
      "RequestUri": "https://management.azure.com/subscriptions/00000000-0000-0000-0000-000000000/resourceGroups/00000/providers/Microsoft.MachineLearningServices/workspaces/00000/datastores/workspaceblobstore/listSecrets?api-version=2022-05-01",
      "RequestMethod": "POST",
      "RequestHeaders": {
        "Accept": "application/json",
        "Accept-Encoding": "gzip, deflate",
        "Connection": "keep-alive",
        "Content-Length": "0",
        "User-Agent": "azure-ai-ml/0.0.139 azsdk-python-mgmt-machinelearningservices/0.1.0 Python/3.8.6 (Windows-10-10.0.22000-SP0)"
      },
      "RequestBody": null,
      "StatusCode": 200,
      "ResponseHeaders": {
        "Cache-Control": "no-cache",
        "Content-Encoding": "gzip",
        "Content-Type": "application/json; charset=utf-8",
        "Date": "Thu, 15 Sep 2022 21:25:26 GMT",
        "Expires": "-1",
        "Pragma": "no-cache",
        "Request-Context": "appId=cid-v1:17d65b70-e9ce-4ed5-9347-1f660ec782e9",
        "Server-Timing": "traceparent;desc=\u002200-26515bba8acb3cedb18e33646af38a9e-fab4dc03c0f3b3d7-01\u0022",
        "Strict-Transport-Security": "max-age=31536000; includeSubDomains",
        "Transfer-Encoding": "chunked",
        "Vary": "Accept-Encoding",
        "x-aml-cluster": "vienna-eastus2euap-02",
        "X-Content-Type-Options": "nosniff",
        "x-ms-correlation-request-id": "29b34b13-64fa-4d5c-bc86-ada8ef7bfada",
        "x-ms-ratelimit-remaining-subscription-writes": "1196",
        "x-ms-response-type": "standard",
        "x-ms-routing-request-id": "CANADACENTRAL:20220915T212526Z:29b34b13-64fa-4d5c-bc86-ada8ef7bfada",
        "x-request-time": "0.092"
      },
      "ResponseBody": {
        "secretsType": "AccountKey",
        "key": "dGhpcyBpcyBmYWtlIGtleQ=="
      }
    },
    {
      "RequestUri": "https://sagh4dshas62md4.blob.core.windows.net/azureml-blobstore-a6d5a3b8-8717-4928-b8f7-4c9f36d21085/LocalUpload/e0fedf745d43d4d261ab0674bd3eb90a/data/sample1.csv",
      "RequestMethod": "HEAD",
      "RequestHeaders": {
        "Accept": "application/xml",
        "Accept-Encoding": "gzip, deflate",
        "Connection": "keep-alive",
        "User-Agent": "azsdk-python-storage-blob/12.12.0 Python/3.8.6 (Windows-10-10.0.22000-SP0)",
        "x-ms-date": "Thu, 15 Sep 2022 21:25:26 GMT",
        "x-ms-version": "2021-06-08"
      },
      "RequestBody": null,
      "StatusCode": 200,
      "ResponseHeaders": {
        "Accept-Ranges": "bytes",
        "Content-Length": "508",
        "Content-MD5": "dUQjYq1qrTeqLOaZ4N2AUQ==",
        "Content-Type": "application/octet-stream",
        "Date": "Thu, 15 Sep 2022 21:25:26 GMT",
        "ETag": "\u00220x8DA96C8A69D2BBA\u0022",
        "Last-Modified": "Thu, 15 Sep 2022 03:16:15 GMT",
        "Server": [
          "Windows-Azure-Blob/1.0",
          "Microsoft-HTTPAPI/2.0"
        ],
        "Vary": "Origin",
        "x-ms-access-tier": "Hot",
        "x-ms-access-tier-inferred": "true",
        "x-ms-blob-type": "BlockBlob",
        "x-ms-creation-time": "Thu, 15 Sep 2022 03:16:15 GMT",
        "x-ms-lease-state": "available",
        "x-ms-lease-status": "unlocked",
        "x-ms-meta-name": "e95adacf-11cf-47c5-85eb-199ded56347d",
        "x-ms-meta-upload_status": "completed",
        "x-ms-meta-version": "a26e0dac-f124-4247-b13c-6e81f9a28197",
        "x-ms-server-encrypted": "true",
        "x-ms-version": "2021-06-08"
      },
      "ResponseBody": null
    },
    {
      "RequestUri": "https://sagh4dshas62md4.blob.core.windows.net/azureml-blobstore-a6d5a3b8-8717-4928-b8f7-4c9f36d21085/az-ml-artifacts/e0fedf745d43d4d261ab0674bd3eb90a/data/sample1.csv",
      "RequestMethod": "HEAD",
      "RequestHeaders": {
        "Accept": "application/xml",
        "Accept-Encoding": "gzip, deflate",
        "Connection": "keep-alive",
        "User-Agent": "azsdk-python-storage-blob/12.12.0 Python/3.8.6 (Windows-10-10.0.22000-SP0)",
        "x-ms-date": "Thu, 15 Sep 2022 21:25:26 GMT",
        "x-ms-version": "2021-06-08"
      },
      "RequestBody": null,
      "StatusCode": 404,
      "ResponseHeaders": {
        "Date": "Thu, 15 Sep 2022 21:25:26 GMT",
        "Server": [
          "Windows-Azure-Blob/1.0",
          "Microsoft-HTTPAPI/2.0"
        ],
        "Transfer-Encoding": "chunked",
        "Vary": "Origin",
        "x-ms-error-code": "BlobNotFound",
        "x-ms-version": "2021-06-08"
      },
      "ResponseBody": null
    },
    {
      "RequestUri": "https://management.azure.com/subscriptions/00000000-0000-0000-0000-000000000/resourceGroups/00000/providers/Microsoft.MachineLearningServices/workspaces/00000/jobs/test_664644731805?api-version=2022-06-01-preview",
      "RequestMethod": "PUT",
      "RequestHeaders": {
        "Accept": "application/json",
        "Accept-Encoding": "gzip, deflate",
        "Connection": "keep-alive",
        "Content-Length": "999",
        "Content-Type": "application/json",
        "User-Agent": "azure-ai-ml/0.0.139 azsdk-python-mgmt-machinelearningservices/0.1.0 Python/3.8.6 (Windows-10-10.0.22000-SP0)"
      },
      "RequestBody": {
        "properties": {
          "properties": {
            "empty_property": null,
            "mlflow.source.git.repoURL": "fake_git_url",
            "mlflow.source.git.branch": "fake_git_branch",
            "mlflow.source.git.commit": "fake_git_commit",
            "azureml.git.dirty": "fake_git_dirty_value"
          },
          "tags": {
            "empty_tag": null
          },
          "computeId": "/subscriptions/00000000-0000-0000-0000-000000000/resourceGroups/00000/providers/Microsoft.MachineLearningServices/workspaces/00000/computes/cpu-cluster",
          "displayName": "test_display_name",
          "experimentName": "mfe-test1",
          "identity": {
            "identityType": "AMLToken"
          },
          "isArchived": false,
          "jobType": "Command",
          "command": "pip freeze",
          "environmentId": "/subscriptions/00000000-0000-0000-0000-000000000/resourceGroups/00000/providers/Microsoft.MachineLearningServices/workspaces/00000/environments/AzureML-sklearn-0.24-ubuntu18.04-py37-cpu/versions/1",
          "environmentVariables": {},
          "inputs": {
            "hello_input": {
              "uri": "azureml://datastores/workspaceblobstore/paths/LocalUpload/e0fedf745d43d4d261ab0674bd3eb90a/data/",
              "jobInputType": "uri_folder"
            }
          },
          "outputs": {}
        }
      },
      "StatusCode": 201,
      "ResponseHeaders": {
        "Cache-Control": "no-cache",
        "Content-Length": "2402",
        "Content-Type": "application/json; charset=utf-8",
        "Date": "Thu, 15 Sep 2022 21:25:28 GMT",
        "Expires": "-1",
        "Location": "https://management.azure.com/subscriptions/00000000-0000-0000-0000-000000000/resourceGroups/00000/providers/Microsoft.MachineLearningServices/workspaces/00000/jobs/test_664644731805?api-version=2022-06-01-preview",
        "Pragma": "no-cache",
        "Request-Context": "appId=cid-v1:17d65b70-e9ce-4ed5-9347-1f660ec782e9",
        "Server-Timing": "traceparent;desc=\u002200-959fccc970170f75b24d56362dc9b5fe-b633072c04f32885-01\u0022",
        "Strict-Transport-Security": "max-age=31536000; includeSubDomains",
        "x-aml-cluster": "vienna-eastus2euap-02",
        "X-Content-Type-Options": "nosniff",
        "x-ms-correlation-request-id": "ab3b4bbc-5a6e-4ea7-a4ab-d14d8d11c3aa",
        "x-ms-ratelimit-remaining-subscription-writes": "1194",
        "x-ms-response-type": "standard",
        "x-ms-routing-request-id": "CANADACENTRAL:20220915T212528Z:ab3b4bbc-5a6e-4ea7-a4ab-d14d8d11c3aa",
        "x-request-time": "0.409"
      },
      "ResponseBody": {
        "id": "/subscriptions/00000000-0000-0000-0000-000000000/resourceGroups/00000/providers/Microsoft.MachineLearningServices/workspaces/00000/jobs/test_664644731805",
        "name": "test_664644731805",
        "type": "Microsoft.MachineLearningServices/workspaces/jobs",
        "properties": {
          "description": null,
          "tags": {
            "empty_tag": null
          },
          "properties": {
            "empty_property": null,
            "mlflow.source.git.repoURL": "fake_git_url",
            "mlflow.source.git.branch": "fake_git_branch",
            "mlflow.source.git.commit": "fake_git_commit",
            "azureml.git.dirty": "fake_git_dirty_value",
            "_azureml.ComputeTargetType": "amlctrain"
          },
          "displayName": "test_display_name",
          "status": "Starting",
          "experimentName": "mfe-test1",
          "services": {
            "Tracking": {
              "jobServiceType": "Tracking",
              "port": null,
              "endpoint": "azureml://eastus2euap.api.azureml.ms/mlflow/v1.0/subscriptions/00000000-0000-0000-0000-000000000/resourceGroups/00000/providers/Microsoft.MachineLearningServices/workspaces/00000?",
              "status": null,
              "errorMessage": null,
              "properties": null
            },
            "Studio": {
              "jobServiceType": "Studio",
              "port": null,
              "endpoint": "https://ml.azure.com/runs/test_664644731805?wsid=/subscriptions/00000000-0000-0000-0000-000000000/resourcegroups/00000/workspaces/00000",
              "status": null,
              "errorMessage": null,
              "properties": null
            }
          },
          "computeId": "/subscriptions/00000000-0000-0000-0000-000000000/resourceGroups/00000/providers/Microsoft.MachineLearningServices/workspaces/00000/computes/cpu-cluster",
          "isArchived": false,
          "identity": {
            "identityType": "AMLToken"
          },
          "componentId": null,
          "jobType": "Command",
          "resources": {
            "instanceCount": 1,
            "instanceType": null,
            "properties": null,
            "shmSize": "2g",
            "dockerArgs": null
          },
          "codeId": null,
          "command": "pip freeze",
          "environmentId": "/subscriptions/00000000-0000-0000-0000-000000000/resourceGroups/00000/providers/Microsoft.MachineLearningServices/workspaces/00000/environments/AzureML-sklearn-0.24-ubuntu18.04-py37-cpu/versions/1",
          "inputs": {
            "hello_input": {
              "description": null,
              "uri": "azureml://datastores/workspaceblobstore/paths/LocalUpload/e0fedf745d43d4d261ab0674bd3eb90a/data/",
              "mode": "ReadOnlyMount",
              "jobInputType": "uri_folder"
            }
          },
          "outputs": {
            "default": {
              "description": null,
              "uri": "azureml://datastores/workspaceartifactstore/ExperimentRun/dcid.test_664644731805",
              "mode": "ReadWriteMount",
              "jobOutputType": "uri_folder"
            }
          },
          "distribution": null,
          "limits": null,
          "environmentVariables": {},
          "parameters": {}
        },
        "systemData": {
          "createdAt": "2022-09-15T21:25:28.5320674\u002B00:00",
          "createdBy": "Neehar Duvvuri",
          "createdByType": "User"
        }
      }
    },
    {
      "RequestUri": "https://management.azure.com/subscriptions/00000000-0000-0000-0000-000000000/resourceGroups/00000/providers/Microsoft.MachineLearningServices/workspaces/00000/jobs/test_914126087318?api-version=2022-06-01-preview",
      "RequestMethod": "PUT",
      "RequestHeaders": {
        "Accept": "application/json",
        "Accept-Encoding": "gzip, deflate",
        "Connection": "keep-alive",
        "Content-Length": "1712",
        "Content-Type": "application/json",
        "User-Agent": "azure-ai-ml/0.0.139 azsdk-python-mgmt-machinelearningservices/0.1.0 Python/3.8.6 (Windows-10-10.0.22000-SP0)"
      },
      "RequestBody": {
        "properties": {
          "properties": {
            "empty_property": null,
            "mlflow.source.git.repoURL": "fake_git_url",
            "mlflow.source.git.branch": "fake_git_branch",
            "mlflow.source.git.commit": "fake_git_commit",
            "azureml.git.dirty": "fake_git_dirty_value"
          },
          "tags": {
            "empty_tag": null
          },
          "computeId": "/subscriptions/00000000-0000-0000-0000-000000000/resourceGroups/00000/providers/Microsoft.MachineLearningServices/workspaces/00000/computes/cpu-cluster",
          "displayName": "test_display_name",
          "experimentName": "mfe-test1",
          "identity": {
            "identityType": "AMLToken"
          },
          "isArchived": false,
          "jobType": "Command",
          "services": {
            "Tracking": {
              "endpoint": "azureml://eastus2euap.api.azureml.ms/mlflow/v1.0/subscriptions/00000000-0000-0000-0000-000000000/resourceGroups/00000/providers/Microsoft.MachineLearningServices/workspaces/00000?",
              "jobServiceType": "Tracking"
            },
            "Studio": {
              "endpoint": "https://ml.azure.com/runs/test_664644731805?wsid=/subscriptions/00000000-0000-0000-0000-000000000/resourcegroups/00000/workspaces/00000\u0026tid=72f988bf-86f1-41af-91ab-2d7cd011db47",
              "jobServiceType": "Studio"
            }
          },
          "command": "pip freeze",
          "environmentId": "/subscriptions/00000000-0000-0000-0000-000000000/resourceGroups/00000/providers/Microsoft.MachineLearningServices/workspaces/00000/environments/AzureML-sklearn-0.24-ubuntu18.04-py37-cpu/versions/1",
          "environmentVariables": {},
          "inputs": {
            "hello_input": {
              "mode": "ReadOnlyMount",
              "uri": "azureml://datastores/workspaceblobstore/paths/LocalUpload/e0fedf745d43d4d261ab0674bd3eb90a/data/",
              "jobInputType": "uri_folder"
            }
          },
          "outputs": {
            "default": {
              "mode": "ReadWriteMount",
              "uri": "azureml://datastores/workspaceartifactstore/ExperimentRun/dcid.test_664644731805",
              "jobOutputType": "uri_folder"
            }
          },
          "resources": {
            "instanceCount": 1,
            "properties": {},
            "shmSize": "2g"
          }
        }
      },
      "StatusCode": 201,
      "ResponseHeaders": {
        "Cache-Control": "no-cache",
        "Content-Length": "2400",
        "Content-Type": "application/json; charset=utf-8",
        "Date": "Thu, 15 Sep 2022 21:25:30 GMT",
        "Expires": "-1",
        "Location": "https://management.azure.com/subscriptions/00000000-0000-0000-0000-000000000/resourceGroups/00000/providers/Microsoft.MachineLearningServices/workspaces/00000/jobs/test_914126087318?api-version=2022-06-01-preview",
        "Pragma": "no-cache",
        "Request-Context": "appId=cid-v1:17d65b70-e9ce-4ed5-9347-1f660ec782e9",
        "Server-Timing": "traceparent;desc=\u002200-20427924eaf2dd0fa4e9d0173b4e11b6-1270cfb7f569ec4f-01\u0022",
        "Strict-Transport-Security": "max-age=31536000; includeSubDomains",
        "x-aml-cluster": "vienna-eastus2euap-02",
        "X-Content-Type-Options": "nosniff",
        "x-ms-correlation-request-id": "6123fe85-b64d-4efd-b058-ff18b7c9736e",
        "x-ms-ratelimit-remaining-subscription-writes": "1193",
        "x-ms-response-type": "standard",
        "x-ms-routing-request-id": "CANADACENTRAL:20220915T212531Z:6123fe85-b64d-4efd-b058-ff18b7c9736e",
        "x-request-time": "0.349"
      },
      "ResponseBody": {
        "id": "/subscriptions/00000000-0000-0000-0000-000000000/resourceGroups/00000/providers/Microsoft.MachineLearningServices/workspaces/00000/jobs/test_914126087318",
        "name": "test_914126087318",
        "type": "Microsoft.MachineLearningServices/workspaces/jobs",
        "properties": {
          "description": null,
          "tags": {
            "empty_tag": null
          },
          "properties": {
            "empty_property": null,
            "mlflow.source.git.repoURL": "fake_git_url",
            "mlflow.source.git.branch": "fake_git_branch",
            "mlflow.source.git.commit": "fake_git_commit",
            "azureml.git.dirty": "fake_git_dirty_value",
            "_azureml.ComputeTargetType": "amlctrain"
          },
          "displayName": "test_display_name",
          "status": "Starting",
          "experimentName": "mfe-test1",
          "services": {
            "Tracking": {
              "jobServiceType": "Tracking",
              "port": null,
              "endpoint": "azureml://eastus2euap.api.azureml.ms/mlflow/v1.0/subscriptions/00000000-0000-0000-0000-000000000/resourceGroups/00000/providers/Microsoft.MachineLearningServices/workspaces/00000?",
              "status": null,
              "errorMessage": null,
              "properties": null
            },
            "Studio": {
              "jobServiceType": "Studio",
              "port": null,
              "endpoint": "https://ml.azure.com/runs/test_914126087318?wsid=/subscriptions/00000000-0000-0000-0000-000000000/resourcegroups/00000/workspaces/00000",
              "status": null,
              "errorMessage": null,
              "properties": null
            }
          },
          "computeId": "/subscriptions/00000000-0000-0000-0000-000000000/resourceGroups/00000/providers/Microsoft.MachineLearningServices/workspaces/00000/computes/cpu-cluster",
          "isArchived": false,
          "identity": {
            "identityType": "AMLToken"
          },
          "componentId": null,
          "jobType": "Command",
          "resources": {
            "instanceCount": 1,
            "instanceType": null,
            "properties": {},
            "shmSize": "2g",
            "dockerArgs": null
          },
          "codeId": null,
          "command": "pip freeze",
          "environmentId": "/subscriptions/00000000-0000-0000-0000-000000000/resourceGroups/00000/providers/Microsoft.MachineLearningServices/workspaces/00000/environments/AzureML-sklearn-0.24-ubuntu18.04-py37-cpu/versions/1",
          "inputs": {
            "hello_input": {
              "description": null,
              "uri": "azureml://datastores/workspaceblobstore/paths/LocalUpload/e0fedf745d43d4d261ab0674bd3eb90a/data/",
              "mode": "ReadOnlyMount",
              "jobInputType": "uri_folder"
            }
          },
          "outputs": {
            "default": {
              "description": null,
              "uri": "azureml://datastores/workspaceartifactstore/ExperimentRun/dcid.test_914126087318",
              "mode": "ReadWriteMount",
              "jobOutputType": "uri_folder"
            }
          },
          "distribution": null,
          "limits": null,
          "environmentVariables": {},
          "parameters": {}
        },
        "systemData": {
          "createdAt": "2022-09-15T21:25:31.0430759\u002B00:00",
          "createdBy": "Neehar Duvvuri",
          "createdByType": "User"
        }
      }
    },
    {
      "RequestUri": "https://management.azure.com/subscriptions/00000000-0000-0000-0000-000000000/resourceGroups/00000/providers/Microsoft.MachineLearningServices/workspaces/00000/jobs/test_914126087318?api-version=2022-06-01-preview",
      "RequestMethod": "GET",
      "RequestHeaders": {
        "Accept": "application/json",
        "Accept-Encoding": "gzip, deflate",
        "Connection": "keep-alive",
        "User-Agent": "azure-ai-ml/0.0.139 azsdk-python-mgmt-machinelearningservices/0.1.0 Python/3.8.6 (Windows-10-10.0.22000-SP0)"
      },
      "RequestBody": null,
      "StatusCode": 200,
      "ResponseHeaders": {
        "Cache-Control": "no-cache",
        "Content-Encoding": "gzip",
        "Content-Type": "application/json; charset=utf-8",
        "Date": "Thu, 15 Sep 2022 21:25:32 GMT",
        "Expires": "-1",
        "Pragma": "no-cache",
        "Request-Context": "appId=cid-v1:17d65b70-e9ce-4ed5-9347-1f660ec782e9",
        "Server-Timing": "traceparent;desc=\u002200-07470de715488adaae5215a952c80034-7421be69907f8fa5-01\u0022",
        "Strict-Transport-Security": "max-age=31536000; includeSubDomains",
        "Transfer-Encoding": "chunked",
        "Vary": [
          "Accept-Encoding",
          "Accept-Encoding"
        ],
        "x-aml-cluster": "vienna-eastus2euap-02",
        "X-Content-Type-Options": "nosniff",
        "x-ms-correlation-request-id": "a4831f23-2dab-46cf-a9db-16207c0046bc",
        "x-ms-ratelimit-remaining-subscription-reads": "11991",
        "x-ms-response-type": "standard",
        "x-ms-routing-request-id": "CANADACENTRAL:20220915T212532Z:a4831f23-2dab-46cf-a9db-16207c0046bc",
        "x-request-time": "0.033"
      },
      "ResponseBody": {
        "id": "/subscriptions/00000000-0000-0000-0000-000000000/resourceGroups/00000/providers/Microsoft.MachineLearningServices/workspaces/00000/jobs/test_914126087318",
        "name": "test_914126087318",
        "type": "Microsoft.MachineLearningServices/workspaces/jobs",
        "properties": {
          "description": null,
          "tags": {
            "empty_tag": null
          },
          "properties": {
            "empty_property": null,
            "mlflow.source.git.repoURL": "fake_git_url",
            "mlflow.source.git.branch": "fake_git_branch",
            "mlflow.source.git.commit": "fake_git_commit",
            "azureml.git.dirty": "fake_git_dirty_value",
            "_azureml.ComputeTargetType": "amlctrain"
          },
          "displayName": "test_display_name",
          "status": "Failed",
          "experimentName": "mfe-test1",
          "services": {
            "Tracking": {
              "jobServiceType": "Tracking",
              "port": null,
              "endpoint": "azureml://eastus2euap.api.azureml.ms/mlflow/v1.0/subscriptions/00000000-0000-0000-0000-000000000/resourceGroups/00000/providers/Microsoft.MachineLearningServices/workspaces/00000?",
              "status": null,
              "errorMessage": null,
              "properties": null
            },
            "Studio": {
              "jobServiceType": "Studio",
              "port": null,
              "endpoint": "https://ml.azure.com/runs/test_914126087318?wsid=/subscriptions/00000000-0000-0000-0000-000000000/resourcegroups/00000/workspaces/00000",
              "status": null,
              "errorMessage": null,
              "properties": null
            }
          },
          "computeId": "/subscriptions/00000000-0000-0000-0000-000000000/resourceGroups/00000/providers/Microsoft.MachineLearningServices/workspaces/00000/computes/cpu-cluster",
          "isArchived": false,
          "identity": {
            "identityType": "AMLToken"
          },
          "componentId": null,
          "jobType": "Command",
          "resources": {
            "instanceCount": 1,
            "instanceType": null,
            "properties": {},
            "shmSize": "2g",
            "dockerArgs": null
          },
          "codeId": null,
          "command": "pip freeze",
          "environmentId": "/subscriptions/00000000-0000-0000-0000-000000000/resourceGroups/00000/providers/Microsoft.MachineLearningServices/workspaces/00000/environments/AzureML-sklearn-0.24-ubuntu18.04-py37-cpu/versions/1",
          "inputs": {
            "hello_input": {
              "description": null,
              "uri": "azureml://datastores/workspaceblobstore/paths/LocalUpload/e0fedf745d43d4d261ab0674bd3eb90a/data/",
              "mode": "ReadOnlyMount",
              "jobInputType": "uri_folder"
            }
          },
          "outputs": {
            "default": {
              "description": null,
              "uri": "azureml://datastores/workspaceartifactstore/ExperimentRun/dcid.test_914126087318",
              "mode": "ReadWriteMount",
              "jobOutputType": "uri_folder"
            }
          },
          "distribution": null,
          "limits": null,
          "environmentVariables": {},
          "parameters": {}
        },
        "systemData": {
          "createdAt": "2022-09-15T21:25:31.0430759\u002B00:00",
          "createdBy": "Neehar Duvvuri",
          "createdByType": "User"
        }
      }
    }
  ],
  "Variables": {
    "job_name": "test_664644731805",
    "job_name_2": "test_914126087318"
  }
}
