{
  "Entries": [
    {
      "RequestUri": "https://management.azure.com/subscriptions/00000000-0000-0000-0000-000000000/resourceGroups/00000/providers/Microsoft.MachineLearningServices/workspaces/00000/datastores/workspaceblobstore?api-version=2022-05-01",
      "RequestMethod": "GET",
      "RequestHeaders": {
        "Accept": "application/json",
        "Accept-Encoding": "gzip, deflate",
        "Connection": "keep-alive",
        "User-Agent": "azure-ai-ml/0.2.0 azsdk-python-mgmt-machinelearningservices/0.1.0 Python/3.9.6 (Windows-10-10.0.22621-SP0)"
      },
      "RequestBody": null,
      "StatusCode": 200,
      "ResponseHeaders": {
        "Cache-Control": "no-cache",
        "Content-Encoding": "gzip",
        "Content-Type": "application/json; charset=utf-8",
        "Date": "Mon, 10 Oct 2022 03:37:50 GMT",
        "Expires": "-1",
        "Pragma": "no-cache",
        "Request-Context": "appId=cid-v1:512cc15a-13b5-415b-bfd0-dce7accb6bb1",
        "Server-Timing": "traceparent;desc=\u002200-47289cd2bdd64394b6c1d00095f68bcf-d6e667bf6e6a0f21-01\u0022",
        "Strict-Transport-Security": "max-age=31536000; includeSubDomains",
        "Transfer-Encoding": "chunked",
        "Vary": [
          "Accept-Encoding",
          "Accept-Encoding"
        ],
        "x-aml-cluster": "vienna-test-westus2-01",
        "X-Content-Type-Options": "nosniff",
        "x-ms-correlation-request-id": "ff017e97-74af-4e13-8afc-8f044a80db69",
        "x-ms-ratelimit-remaining-subscription-reads": "11963",
        "x-ms-response-type": "standard",
        "x-ms-routing-request-id": "JAPANEAST:20221010T033750Z:ff017e97-74af-4e13-8afc-8f044a80db69",
        "x-request-time": "0.094"
      },
      "ResponseBody": {
        "id": "/subscriptions/00000000-0000-0000-0000-000000000/resourceGroups/00000/providers/Microsoft.MachineLearningServices/workspaces/00000/datastores/workspaceblobstore",
        "name": "workspaceblobstore",
        "type": "Microsoft.MachineLearningServices/workspaces/datastores",
        "properties": {
          "description": null,
          "tags": null,
          "properties": null,
          "isDefault": true,
          "credentials": {
            "credentialsType": "AccountKey"
          },
          "datastoreType": "AzureBlob",
          "accountName": "sagvgsoim6nmhbq",
          "containerName": "azureml-blobstore-e61cd5e2-512f-475e-9842-5e2a973993b8",
          "endpoint": "core.windows.net",
          "protocol": "https",
          "serviceDataAccessAuthIdentity": "WorkspaceSystemAssignedIdentity"
        },
        "systemData": {
          "createdAt": "2022-09-22T09:02:03.2629568\u002B00:00",
          "createdBy": "779301c0-18b2-4cdc-801b-a0a3368fee0a",
          "createdByType": "Application",
          "lastModifiedAt": "2022-09-22T09:02:04.166989\u002B00:00",
          "lastModifiedBy": "779301c0-18b2-4cdc-801b-a0a3368fee0a",
          "lastModifiedByType": "Application"
        }
      }
    },
    {
      "RequestUri": "https://management.azure.com/subscriptions/00000000-0000-0000-0000-000000000/resourceGroups/00000/providers/Microsoft.MachineLearningServices/workspaces/00000/datastores/workspaceblobstore/listSecrets?api-version=2022-05-01",
      "RequestMethod": "POST",
      "RequestHeaders": {
        "Accept": "application/json",
        "Accept-Encoding": "gzip, deflate",
        "Connection": "keep-alive",
        "Content-Length": "0",
        "User-Agent": "azure-ai-ml/0.2.0 azsdk-python-mgmt-machinelearningservices/0.1.0 Python/3.9.6 (Windows-10-10.0.22621-SP0)"
      },
      "RequestBody": null,
      "StatusCode": 200,
      "ResponseHeaders": {
        "Cache-Control": "no-cache",
        "Content-Encoding": "gzip",
        "Content-Type": "application/json; charset=utf-8",
        "Date": "Mon, 10 Oct 2022 03:37:51 GMT",
        "Expires": "-1",
        "Pragma": "no-cache",
        "Request-Context": "appId=cid-v1:512cc15a-13b5-415b-bfd0-dce7accb6bb1",
        "Server-Timing": "traceparent;desc=\u002200-3b2a1ac945170812534b53914668d6dc-7a142f0807f5c26a-01\u0022",
        "Strict-Transport-Security": "max-age=31536000; includeSubDomains",
        "Transfer-Encoding": "chunked",
        "Vary": "Accept-Encoding",
        "x-aml-cluster": "vienna-test-westus2-01",
        "X-Content-Type-Options": "nosniff",
        "x-ms-correlation-request-id": "1ad6f51d-e333-405c-a780-d949b97512f8",
        "x-ms-ratelimit-remaining-subscription-writes": "1185",
        "x-ms-response-type": "standard",
        "x-ms-routing-request-id": "JAPANEAST:20221010T033751Z:1ad6f51d-e333-405c-a780-d949b97512f8",
        "x-request-time": "0.107"
      },
      "ResponseBody": {
        "secretsType": "AccountKey",
        "key": "dGhpcyBpcyBmYWtlIGtleQ=="
      }
    },
    {
      "RequestUri": "https://sagvgsoim6nmhbq.blob.core.windows.net/azureml-blobstore-e61cd5e2-512f-475e-9842-5e2a973993b8/LocalUpload/00000000000000000000000000000000/hemera-component/component.yaml",
      "RequestMethod": "HEAD",
      "RequestHeaders": {
        "Accept": "application/xml",
        "Accept-Encoding": "gzip, deflate",
        "Connection": "keep-alive",
        "User-Agent": "azsdk-python-storage-blob/12.14.0b2 Python/3.9.6 (Windows-10-10.0.22621-SP0)",
        "x-ms-date": "Mon, 10 Oct 2022 03:37:51 GMT",
        "x-ms-version": "2021-08-06"
      },
      "RequestBody": null,
      "StatusCode": 200,
      "ResponseHeaders": {
        "Accept-Ranges": "bytes",
        "Content-Length": "1905",
        "Content-MD5": "AcQHpefZr524XtHJQHzR7Q==",
        "Content-Type": "application/octet-stream",
        "Date": "Mon, 10 Oct 2022 03:37:50 GMT",
        "ETag": "\u00220x8DAAA6F020D13E0\u0022",
        "Last-Modified": "Mon, 10 Oct 2022 03:24:57 GMT",
        "Server": [
          "Windows-Azure-Blob/1.0",
          "Microsoft-HTTPAPI/2.0"
        ],
        "Vary": "Origin",
        "x-ms-access-tier": "Hot",
        "x-ms-access-tier-inferred": "true",
        "x-ms-blob-type": "BlockBlob",
        "x-ms-creation-time": "Mon, 10 Oct 2022 03:24:57 GMT",
        "x-ms-lease-state": "available",
        "x-ms-lease-status": "unlocked",
        "x-ms-meta-name": "efc28047-774b-4de0-8703-4c096cd4319e",
        "x-ms-meta-upload_status": "completed",
        "x-ms-meta-version": "1",
        "x-ms-server-encrypted": "true",
        "x-ms-version": "2021-08-06"
      },
      "ResponseBody": null
    },
    {
      "RequestUri": "https://sagvgsoim6nmhbq.blob.core.windows.net/azureml-blobstore-e61cd5e2-512f-475e-9842-5e2a973993b8/az-ml-artifacts/00000000000000000000000000000000/hemera-component/component.yaml",
      "RequestMethod": "HEAD",
      "RequestHeaders": {
        "Accept": "application/xml",
        "Accept-Encoding": "gzip, deflate",
        "Connection": "keep-alive",
        "User-Agent": "azsdk-python-storage-blob/12.14.0b2 Python/3.9.6 (Windows-10-10.0.22621-SP0)",
        "x-ms-date": "Mon, 10 Oct 2022 03:37:51 GMT",
        "x-ms-version": "2021-08-06"
      },
      "RequestBody": null,
      "StatusCode": 404,
      "ResponseHeaders": {
        "Date": "Mon, 10 Oct 2022 03:37:50 GMT",
        "Server": [
          "Windows-Azure-Blob/1.0",
          "Microsoft-HTTPAPI/2.0"
        ],
        "Transfer-Encoding": "chunked",
        "Vary": "Origin",
        "x-ms-error-code": "BlobNotFound",
        "x-ms-version": "2021-08-06"
      },
      "ResponseBody": null
    },
    {
      "RequestUri": "https://management.azure.com/subscriptions/00000000-0000-0000-0000-000000000/resourceGroups/00000/providers/Microsoft.MachineLearningServices/workspaces/00000/codes/efc28047-774b-4de0-8703-4c096cd4319e/versions/1?api-version=2022-05-01",
      "RequestMethod": "PUT",
      "RequestHeaders": {
        "Accept": "application/json",
        "Accept-Encoding": "gzip, deflate",
        "Connection": "keep-alive",
        "Content-Length": "305",
        "Content-Type": "application/json",
        "User-Agent": "azure-ai-ml/0.2.0 azsdk-python-mgmt-machinelearningservices/0.1.0 Python/3.9.6 (Windows-10-10.0.22621-SP0)"
      },
      "RequestBody": {
        "properties": {
          "properties": {
            "hash_sha256": "0000000000000",
            "hash_version": "0000000000000"
          },
          "isAnonymous": true,
          "isArchived": false,
          "codeUri": "https://sagvgsoim6nmhbq.blob.core.windows.net/azureml-blobstore-e61cd5e2-512f-475e-9842-5e2a973993b8/LocalUpload/00000000000000000000000000000000/hemera-component"
        }
      },
      "StatusCode": 200,
      "ResponseHeaders": {
        "Cache-Control": "no-cache",
        "Content-Encoding": "gzip",
        "Content-Type": "application/json; charset=utf-8",
        "Date": "Mon, 10 Oct 2022 03:37:52 GMT",
        "Expires": "-1",
        "Pragma": "no-cache",
        "Request-Context": "appId=cid-v1:512cc15a-13b5-415b-bfd0-dce7accb6bb1",
        "Server-Timing": "traceparent;desc=\u002200-a0fee97cc672ef961344610a248ddea1-d52a601e499bc1e1-01\u0022",
        "Strict-Transport-Security": "max-age=31536000; includeSubDomains",
        "Transfer-Encoding": "chunked",
        "Vary": [
          "Accept-Encoding",
          "Accept-Encoding"
        ],
        "x-aml-cluster": "vienna-test-westus2-01",
        "X-Content-Type-Options": "nosniff",
        "x-ms-correlation-request-id": "8e3e08e4-a796-4433-8aa3-e4d8e002e4a7",
        "x-ms-ratelimit-remaining-subscription-writes": "1171",
        "x-ms-response-type": "standard",
        "x-ms-routing-request-id": "JAPANEAST:20221010T033752Z:8e3e08e4-a796-4433-8aa3-e4d8e002e4a7",
        "x-request-time": "0.178"
      },
      "ResponseBody": {
        "id": "/subscriptions/00000000-0000-0000-0000-000000000/resourceGroups/00000/providers/Microsoft.MachineLearningServices/workspaces/00000/codes/efc28047-774b-4de0-8703-4c096cd4319e/versions/1",
        "name": "1",
        "type": "Microsoft.MachineLearningServices/workspaces/codes/versions",
        "properties": {
          "description": null,
          "tags": {},
          "properties": {
            "hash_sha256": "0000000000000",
            "hash_version": "0000000000000"
          },
          "isArchived": false,
          "isAnonymous": false,
          "codeUri": "https://sagvgsoim6nmhbq.blob.core.windows.net/azureml-blobstore-e61cd5e2-512f-475e-9842-5e2a973993b8/LocalUpload/00000000000000000000000000000000/hemera-component"
        },
        "systemData": {
          "createdAt": "2022-10-10T03:24:58.5267334\u002B00:00",
          "createdBy": "Xingzhi Zhang",
          "createdByType": "User",
          "lastModifiedAt": "2022-10-10T03:37:52.1544761\u002B00:00",
          "lastModifiedBy": "Xingzhi Zhang",
          "lastModifiedByType": "User"
        }
      }
    },
    {
      "RequestUri": "https://management.azure.com/subscriptions/00000000-0000-0000-0000-000000000/resourceGroups/00000/providers/Microsoft.MachineLearningServices/workspaces/00000/components/test_484451349333/versions/0.0.2?api-version=2022-05-01",
      "RequestMethod": "PUT",
      "RequestHeaders": {
        "Accept": "application/json",
        "Accept-Encoding": "gzip, deflate",
        "Connection": "keep-alive",
        "Content-Length": "2227",
        "Content-Type": "application/json",
        "User-Agent": "azure-ai-ml/0.2.0 azsdk-python-mgmt-machinelearningservices/0.1.0 Python/3.9.6 (Windows-10-10.0.22621-SP0)"
      },
      "RequestBody": {
        "properties": {
          "description": "Ads LR DNN Raw Keys Dummy sample.",
          "properties": {},
          "tags": {
            "category": "Component Tutorial",
            "contact": "amldesigner@microsoft.com"
          },
          "isAnonymous": false,
          "isArchived": false,
          "componentSpec": {
            "name": "test_484451349333",
            "description": "Ads LR DNN Raw Keys Dummy sample.",
            "tags": {
              "category": "Component Tutorial",
              "contact": "amldesigner@microsoft.com"
            },
            "version": "0.0.2",
            "$schema": "https://componentsdk.azureedge.net/jsonschema/HemeraComponent.json",
            "display_name": "Ads LR DNN Raw Keys",
            "inputs": {
              "TrainingDataDir": {
                "type": "path",
                "optional": true,
                "is_resource": true
              },
              "ValidationDataDir": {
                "type": "path",
                "optional": true,
                "is_resource": true
              },
              "InitialModelDir": {
                "type": "path",
                "optional": true,
                "is_resource": true
              },
              "YarnCluster": {
                "type": "string",
                "default": "mtprime-bn2-0"
              },
              "JobQueue": {
                "type": "string",
                "default": "default"
              },
              "WorkerCount": {
                "type": "string",
                "default": "2.0"
              },
              "Cpu": {
                "type": "string",
                "default": "2.0"
              },
              "Memory": {
                "type": "string",
                "default": "10g"
              },
              "HdfsRootDir": {
                "type": "string",
                "default": "/projects/default/"
              },
              "CosmosRootDir": {
                "type": "string",
                "default": "https://cosmos09.osdinfra.net/cosmos/dummy/local/root/"
              }
            },
            "outputs": {
              "output1": {
                "type": "AnyFile"
              },
              "output2": {
                "type": "AnyFile"
              }
            },
            "type": "HemeraComponent",
            "code": "azureml:/subscriptions/00000000-0000-0000-0000-000000000/resourceGroups/00000/providers/Microsoft.MachineLearningServices/workspaces/00000/codes/efc28047-774b-4de0-8703-4c096cd4319e/versions/1",
            "command": "run.bat [-_TrainingDataDir {inputs.TrainingDataDir}] [-_ValidationDataDir {inputs.ValidationDataDir}] [-_InitialModelDir {inputs.InitialModelDir}] -_CosmosRootDir {inputs.CosmosRootDir} -_PsCount 0 %CLUSTER%={inputs.YarnCluster} -JobQueue {inputs.JobQueue} -_WorkerCount {inputs.WorkerCount} -_Cpu {inputs.Cpu} -_Memory {inputs.Memory} -_HdfsRootDir {inputs.HdfsRootDir} -_ExposedPort \u00223200-3210,3300-3321\u0022 -_NodeLostBlocker -_UsePhysicalIP -_SyncWorker -_EntranceFileName run.py -_StartupArguments \u0022\u0022 -_PythonZipPath \u0022https://dummy/foo/bar.zip\u0022 -_ModelOutputDir {outputs.output1} -_ValidationOutputDir {outputs.output2}",
            "hemera": {
              "ref_id": "1bd1525c-082e-4652-a9b2-9c60783ec551"
            }
          }
        }
      },
      "StatusCode": 201,
      "ResponseHeaders": {
        "Cache-Control": "no-cache",
        "Content-Length": "3663",
        "Content-Type": "application/json; charset=utf-8",
        "Date": "Mon, 10 Oct 2022 03:37:54 GMT",
        "Expires": "-1",
        "Location": "https://management.azure.com/subscriptions/00000000-0000-0000-0000-000000000/resourceGroups/00000/providers/Microsoft.MachineLearningServices/workspaces/00000/components/test_484451349333/versions/0.0.2?api-version=2022-05-01",
        "Pragma": "no-cache",
        "Request-Context": "appId=cid-v1:512cc15a-13b5-415b-bfd0-dce7accb6bb1",
        "Server-Timing": "traceparent;desc=\u002200-e7b60bc5c270523c2f5e503f0467761d-14b3180fefcc721d-01\u0022",
        "Strict-Transport-Security": "max-age=31536000; includeSubDomains",
        "x-aml-cluster": "vienna-test-westus2-01",
        "X-Content-Type-Options": "nosniff",
        "x-ms-correlation-request-id": "bdf49ef8-8d25-48e8-9d4a-a5ddc57a97c6",
        "x-ms-ratelimit-remaining-subscription-writes": "1170",
        "x-ms-response-type": "standard",
        "x-ms-routing-request-id": "JAPANEAST:20221010T033754Z:bdf49ef8-8d25-48e8-9d4a-a5ddc57a97c6",
        "x-request-time": "1.650"
      },
      "ResponseBody": {
        "id": "/subscriptions/00000000-0000-0000-0000-000000000/resourceGroups/00000/providers/Microsoft.MachineLearningServices/workspaces/00000/components/test_484451349333/versions/0.0.2",
        "name": "0.0.2",
        "type": "Microsoft.MachineLearningServices/workspaces/components/versions",
        "properties": {
          "description": null,
          "tags": {
            "category": "Component Tutorial",
            "contact": "amldesigner@microsoft.com"
          },
          "properties": {},
          "isArchived": false,
          "isAnonymous": false,
          "componentSpec": {
            "$schema": "https://componentsdk.azureedge.net/jsonschema/HemeraComponent.json",
            "name": "test_484451349333",
            "version": "0.0.2",
            "display_name": "Ads LR DNN Raw Keys",
            "is_deterministic": "True",
            "type": "HemeraComponent",
            "description": "Ads LR DNN Raw Keys Dummy sample.",
            "tags": {
              "category": "Component Tutorial",
              "contact": "amldesigner@microsoft.com"
            },
            "inputs": {
              "TrainingDataDir": {
                "type": "path",
                "optional": "True",
                "is_resource": "True"
              },
              "ValidationDataDir": {
                "type": "path",
                "optional": "True",
                "is_resource": "True"
              },
              "InitialModelDir": {
                "type": "path",
                "optional": "True",
                "is_resource": "True"
              },
              "YarnCluster": {
                "type": "String",
                "optional": "False",
                "default": "mtprime-bn2-0"
              },
              "JobQueue": {
                "type": "String",
                "optional": "False",
                "default": "default"
              },
              "WorkerCount": {
                "type": "String",
                "optional": "False",
                "default": "2.0"
              },
              "Cpu": {
                "type": "String",
                "optional": "False",
                "default": "2.0"
              },
              "Memory": {
                "type": "String",
                "optional": "False",
                "default": "10g"
              },
              "HdfsRootDir": {
                "type": "String",
                "optional": "False",
                "default": "/projects/default/"
              },
              "CosmosRootDir": {
                "type": "String",
                "optional": "False",
                "default": "https://cosmos09.osdinfra.net/cosmos/dummy/local/root/"
              }
            },
            "outputs": {
              "output1": {
                "type": "AnyFile"
              },
              "output2": {
                "type": "AnyFile"
              }
            },
            "command": "run.bat [-_TrainingDataDir {inputs.TrainingDataDir}] [-_ValidationDataDir {inputs.ValidationDataDir}] [-_InitialModelDir {inputs.InitialModelDir}] -_CosmosRootDir {inputs.CosmosRootDir} -_PsCount 0 %CLUSTER%={inputs.YarnCluster} -JobQueue {inputs.JobQueue} -_WorkerCount {inputs.WorkerCount} -_Cpu {inputs.Cpu} -_Memory {inputs.Memory} -_HdfsRootDir {inputs.HdfsRootDir} -_ExposedPort \u00223200-3210,3300-3321\u0022 -_NodeLostBlocker -_UsePhysicalIP -_SyncWorker -_EntranceFileName run.py -_StartupArguments \u0022\u0022 -_PythonZipPath \u0022https://dummy/foo/bar.zip\u0022 -_ModelOutputDir {outputs.output1} -_ValidationOutputDir {outputs.output2}",
            "hemera": {
              "ref_id": "1bd1525c-082e-4652-a9b2-9c60783ec551"
            },
            "code": "azureml:/subscriptions/00000000-0000-0000-0000-000000000/resourceGroups/00000/providers/Microsoft.MachineLearningServices/workspaces/00000/codes/efc28047-774b-4de0-8703-4c096cd4319e/versions/1"
          }
        },
        "systemData": {
          "createdAt": "2022-10-10T03:37:53.2369259\u002B00:00",
          "createdBy": "Xingzhi Zhang",
          "createdByType": "User",
          "lastModifiedAt": "2022-10-10T03:37:53.8858086\u002B00:00",
          "lastModifiedBy": "Xingzhi Zhang",
          "lastModifiedByType": "User"
        }
      }
    },
    {
      "RequestUri": "https://management.azure.com/subscriptions/00000000-0000-0000-0000-000000000/resourceGroups/00000/providers/Microsoft.MachineLearningServices/workspaces/00000/components/test_484451349333/versions/0.0.2?api-version=2022-05-01",
      "RequestMethod": "GET",
      "RequestHeaders": {
        "Accept": "application/json",
        "Accept-Encoding": "gzip, deflate",
        "Connection": "keep-alive",
        "User-Agent": "azure-ai-ml/0.2.0 azsdk-python-mgmt-machinelearningservices/0.1.0 Python/3.9.6 (Windows-10-10.0.22621-SP0)"
      },
      "RequestBody": null,
      "StatusCode": 200,
      "ResponseHeaders": {
        "Cache-Control": "no-cache",
        "Content-Encoding": "gzip",
        "Content-Type": "application/json; charset=utf-8",
        "Date": "Mon, 10 Oct 2022 03:37:54 GMT",
        "Expires": "-1",
        "Pragma": "no-cache",
        "Request-Context": "appId=cid-v1:512cc15a-13b5-415b-bfd0-dce7accb6bb1",
        "Server-Timing": "traceparent;desc=\u002200-70b2329a17f21843cfcdfe37443b942c-50ed7c0b681250dc-01\u0022",
        "Strict-Transport-Security": "max-age=31536000; includeSubDomains",
        "Transfer-Encoding": "chunked",
        "Vary": [
          "Accept-Encoding",
          "Accept-Encoding"
        ],
        "x-aml-cluster": "vienna-test-westus2-01",
        "X-Content-Type-Options": "nosniff",
        "x-ms-correlation-request-id": "6402af45-d389-4d02-8e8c-d55c2520f9df",
        "x-ms-ratelimit-remaining-subscription-reads": "11962",
        "x-ms-response-type": "standard",
        "x-ms-routing-request-id": "JAPANEAST:20221010T033755Z:6402af45-d389-4d02-8e8c-d55c2520f9df",
        "x-request-time": "0.313"
      },
      "ResponseBody": {
        "id": "/subscriptions/00000000-0000-0000-0000-000000000/resourceGroups/00000/providers/Microsoft.MachineLearningServices/workspaces/00000/components/test_484451349333/versions/0.0.2",
        "name": "0.0.2",
        "type": "Microsoft.MachineLearningServices/workspaces/components/versions",
        "properties": {
          "description": null,
          "tags": {
            "category": "Component Tutorial",
            "contact": "amldesigner@microsoft.com"
          },
          "properties": {},
          "isArchived": false,
          "isAnonymous": false,
          "componentSpec": {
            "$schema": "https://componentsdk.azureedge.net/jsonschema/HemeraComponent.json",
            "name": "test_484451349333",
            "version": "0.0.2",
            "display_name": "Ads LR DNN Raw Keys",
            "is_deterministic": "True",
            "type": "HemeraComponent",
            "description": "Ads LR DNN Raw Keys Dummy sample.",
            "tags": {
              "category": "Component Tutorial",
              "contact": "amldesigner@microsoft.com"
            },
            "inputs": {
              "TrainingDataDir": {
                "type": "path",
                "optional": "True",
                "is_resource": "True"
              },
              "ValidationDataDir": {
                "type": "path",
                "optional": "True",
                "is_resource": "True"
              },
              "InitialModelDir": {
                "type": "path",
                "optional": "True",
                "is_resource": "True"
              },
              "YarnCluster": {
                "type": "String",
                "optional": "False",
                "default": "mtprime-bn2-0"
              },
              "JobQueue": {
                "type": "String",
                "optional": "False",
                "default": "default"
              },
              "WorkerCount": {
                "type": "String",
                "optional": "False",
                "default": "2.0"
              },
              "Cpu": {
                "type": "String",
                "optional": "False",
                "default": "2.0"
              },
              "Memory": {
                "type": "String",
                "optional": "False",
                "default": "10g"
              },
              "HdfsRootDir": {
                "type": "String",
                "optional": "False",
                "default": "/projects/default/"
              },
              "CosmosRootDir": {
                "type": "String",
                "optional": "False",
                "default": "https://cosmos09.osdinfra.net/cosmos/dummy/local/root/"
              }
            },
            "outputs": {
              "output1": {
                "type": "AnyFile"
              },
              "output2": {
                "type": "AnyFile"
              }
            },
            "command": "run.bat [-_TrainingDataDir {inputs.TrainingDataDir}] [-_ValidationDataDir {inputs.ValidationDataDir}] [-_InitialModelDir {inputs.InitialModelDir}] -_CosmosRootDir {inputs.CosmosRootDir} -_PsCount 0 %CLUSTER%={inputs.YarnCluster} -JobQueue {inputs.JobQueue} -_WorkerCount {inputs.WorkerCount} -_Cpu {inputs.Cpu} -_Memory {inputs.Memory} -_HdfsRootDir {inputs.HdfsRootDir} -_ExposedPort \u00223200-3210,3300-3321\u0022 -_NodeLostBlocker -_UsePhysicalIP -_SyncWorker -_EntranceFileName run.py -_StartupArguments \u0022\u0022 -_PythonZipPath \u0022https://dummy/foo/bar.zip\u0022 -_ModelOutputDir {outputs.output1} -_ValidationOutputDir {outputs.output2}",
            "hemera": {
              "ref_id": "1bd1525c-082e-4652-a9b2-9c60783ec551"
            },
            "code": "azureml:/subscriptions/00000000-0000-0000-0000-000000000/resourceGroups/00000/providers/Microsoft.MachineLearningServices/workspaces/00000/codes/efc28047-774b-4de0-8703-4c096cd4319e/versions/1"
          }
        },
        "systemData": {
          "createdAt": "2022-10-10T03:37:53.2369259\u002B00:00",
          "createdBy": "Xingzhi Zhang",
          "createdByType": "User",
          "lastModifiedAt": "2022-10-10T03:37:53.8858086\u002B00:00",
          "lastModifiedBy": "Xingzhi Zhang",
          "lastModifiedByType": "User"
        }
      }
    }
  ],
  "Variables": {
    "component_name": "test_484451349333"
  }
}
