{
  "Entries": [
    {
      "RequestUri": "https://management.azure.com/subscriptions/00000000-0000-0000-0000-000000000/resourceGroups/00000/providers/Microsoft.MachineLearningServices/workspaces/00000/datastores/workspaceblobstore?api-version=2022-05-01",
      "RequestMethod": "GET",
      "RequestHeaders": {
        "Accept": "application/json",
        "Accept-Encoding": "gzip, deflate",
        "Connection": "keep-alive",
        "User-Agent": "azure-ai-ml/0.0.139 azsdk-python-mgmt-machinelearningservices/0.1.0 Python/3.8.6 (Windows-10-10.0.22000-SP0)"
      },
      "RequestBody": null,
      "StatusCode": 200,
      "ResponseHeaders": {
        "Cache-Control": "no-cache",
        "Content-Encoding": "gzip",
        "Content-Type": "application/json; charset=utf-8",
        "Date": "Thu, 15 Sep 2022 15:36:45 GMT",
        "Expires": "-1",
        "Pragma": "no-cache",
        "Request-Context": "appId=cid-v1:17d65b70-e9ce-4ed5-9347-1f660ec782e9",
        "Server-Timing": "traceparent;desc=\u002200-c5023845af4f218cf689e3d434da7650-dafa1b2c9261c5f4-01\u0022",
        "Strict-Transport-Security": "max-age=31536000; includeSubDomains",
        "Transfer-Encoding": "chunked",
        "Vary": [
          "Accept-Encoding",
          "Accept-Encoding"
        ],
        "x-aml-cluster": "vienna-eastus2euap-02",
        "X-Content-Type-Options": "nosniff",
        "x-ms-correlation-request-id": "3f330fde-aaed-4187-b583-4d40888c29b8",
        "x-ms-ratelimit-remaining-subscription-reads": "11987",
        "x-ms-response-type": "standard",
        "x-ms-routing-request-id": "CANADACENTRAL:20220915T153646Z:3f330fde-aaed-4187-b583-4d40888c29b8",
        "x-request-time": "0.087"
      },
      "ResponseBody": {
        "id": "/subscriptions/00000000-0000-0000-0000-000000000/resourceGroups/00000/providers/Microsoft.MachineLearningServices/workspaces/00000/datastores/workspaceblobstore",
        "name": "workspaceblobstore",
        "type": "Microsoft.MachineLearningServices/workspaces/datastores",
        "properties": {
          "description": null,
          "tags": null,
          "properties": null,
          "isDefault": true,
          "credentials": {
            "credentialsType": "AccountKey"
          },
          "datastoreType": "AzureBlob",
          "accountName": "sagh4dshas62md4",
          "containerName": "azureml-blobstore-a6d5a3b8-8717-4928-b8f7-4c9f36d21085",
          "endpoint": "core.windows.net",
          "protocol": "https",
          "serviceDataAccessAuthIdentity": "WorkspaceSystemAssignedIdentity"
        },
        "systemData": {
          "createdAt": "2022-09-15T03:11:44.0146435\u002B00:00",
          "createdBy": "779301c0-18b2-4cdc-801b-a0a3368fee0a",
          "createdByType": "Application",
          "lastModifiedAt": "2022-09-15T03:11:44.7999179\u002B00:00",
          "lastModifiedBy": "779301c0-18b2-4cdc-801b-a0a3368fee0a",
          "lastModifiedByType": "Application"
        }
      }
    },
    {
      "RequestUri": "https://management.azure.com/subscriptions/00000000-0000-0000-0000-000000000/resourceGroups/00000/providers/Microsoft.MachineLearningServices/workspaces/00000/datastores/workspaceblobstore/listSecrets?api-version=2022-05-01",
      "RequestMethod": "POST",
      "RequestHeaders": {
        "Accept": "application/json",
        "Accept-Encoding": "gzip, deflate",
        "Connection": "keep-alive",
        "Content-Length": "0",
        "User-Agent": "azure-ai-ml/0.0.139 azsdk-python-mgmt-machinelearningservices/0.1.0 Python/3.8.6 (Windows-10-10.0.22000-SP0)"
      },
      "RequestBody": null,
      "StatusCode": 200,
      "ResponseHeaders": {
        "Cache-Control": "no-cache",
        "Content-Encoding": "gzip",
        "Content-Type": "application/json; charset=utf-8",
        "Date": "Thu, 15 Sep 2022 15:36:46 GMT",
        "Expires": "-1",
        "Pragma": "no-cache",
        "Request-Context": "appId=cid-v1:17d65b70-e9ce-4ed5-9347-1f660ec782e9",
        "Server-Timing": "traceparent;desc=\u002200-6b28a2f1349b31171ed903c24c112890-407c094f1edd0d89-01\u0022",
        "Strict-Transport-Security": "max-age=31536000; includeSubDomains",
        "Transfer-Encoding": "chunked",
        "Vary": "Accept-Encoding",
        "x-aml-cluster": "vienna-eastus2euap-02",
        "X-Content-Type-Options": "nosniff",
        "x-ms-correlation-request-id": "a4e1da93-dd76-49a4-9238-fae4e6219a6a",
        "x-ms-ratelimit-remaining-subscription-writes": "1193",
        "x-ms-response-type": "standard",
        "x-ms-routing-request-id": "CANADACENTRAL:20220915T153646Z:a4e1da93-dd76-49a4-9238-fae4e6219a6a",
        "x-request-time": "0.099"
      },
      "ResponseBody": {
        "secretsType": "AccountKey",
        "key": "dGhpcyBpcyBmYWtlIGtleQ=="
      }
    },
    {
      "RequestUri": "https://sagh4dshas62md4.blob.core.windows.net/azureml-blobstore-a6d5a3b8-8717-4928-b8f7-4c9f36d21085/LocalUpload/000000000000000000000/data-transfer-component/component_spec.loaded_from_rest.json",
      "RequestMethod": "HEAD",
      "RequestHeaders": {
        "Accept": "application/xml",
        "Accept-Encoding": "gzip, deflate",
        "Connection": "keep-alive",
        "User-Agent": "azsdk-python-storage-blob/12.12.0 Python/3.8.6 (Windows-10-10.0.22000-SP0)",
        "x-ms-date": "Thu, 15 Sep 2022 15:36:46 GMT",
        "x-ms-version": "2021-06-08"
      },
      "RequestBody": null,
      "StatusCode": 404,
      "ResponseHeaders": {
        "Date": "Thu, 15 Sep 2022 15:36:46 GMT",
        "Server": [
          "Windows-Azure-Blob/1.0",
          "Microsoft-HTTPAPI/2.0"
        ],
        "Transfer-Encoding": "chunked",
        "Vary": "Origin",
        "x-ms-error-code": "BlobNotFound",
        "x-ms-version": "2021-06-08"
      },
      "ResponseBody": null
    },
    {
      "RequestUri": "https://sagh4dshas62md4.blob.core.windows.net/azureml-blobstore-a6d5a3b8-8717-4928-b8f7-4c9f36d21085/LocalUpload/000000000000000000000/data-transfer-component/component_spec.yaml",
      "RequestMethod": "PUT",
      "RequestHeaders": {
        "Accept": "application/xml",
        "Accept-Encoding": "gzip, deflate",
        "Connection": "keep-alive",
        "Content-Length": "534",
        "Content-MD5": "AGevjuGj0u\u002BzWFtkFxspxA==",
        "Content-Type": "application/octet-stream",
        "If-None-Match": "*",
        "User-Agent": "azsdk-python-storage-blob/12.12.0 Python/3.8.6 (Windows-10-10.0.22000-SP0)",
        "x-ms-blob-type": "BlockBlob",
        "x-ms-date": "Thu, 15 Sep 2022 15:36:46 GMT",
        "x-ms-version": "2021-06-08"
      },
      "RequestBody": "JHNjaGVtYTogaHR0cHM6Ly9jb21wb25lbnRzZGsuYXp1cmVlZGdlLm5ldC9qc29uc2NoZW1hL0RhdGFUcmFuc2ZlckNvbXBvbmVudC5qc29uDQpuYW1lOiBkYXRhX3RyYW5zZmVyDQp2ZXJzaW9uOiAwLjAuMQ0KZGlzcGxheV9uYW1lOiBEYXRhIFRyYW5zZmVyDQp0eXBlOiBEYXRhVHJhbnNmZXJDb21wb25lbnQNCmRlc2NyaXB0aW9uOiB0cmFuc2ZlciBkYXRhIGJldHdlZW4gY29tbW9uIHN0b3JhZ2UgdHlwZXMgc3VjaCBhcyBBenVyZSBCbG9iIFN0b3JhZ2UgYW5kIEF6dXJlIERhdGEgTGFrZS4NCnRhZ3M6IHtjYXRlZ29yeTogQ29tcG9uZW50IFR1dG9yaWFsLCBjb250YWN0OiBhbWxkZXNpZ25lckBtaWNyb3NvZnQuY29tfQ0KaXNfZGV0ZXJtaW5pc3RpYzogVHJ1ZQ0KaW5wdXRzOg0KICBzb3VyY2VfZGF0YToNCiAgICB0eXBlOiBwYXRoDQogICAgZGVzY3JpcHRpb246IFNvdXJjZSBkYXRhDQpvdXRwdXRzOg0KICBkZXN0aW5hdGlvbl9kYXRhOg0KICAgIHR5cGU6IHBhdGgNCiAgICBkZXNjcmlwdGlvbjogRGVzdGluYXRpb24gZGF0YQ0K",
      "StatusCode": 201,
      "ResponseHeaders": {
        "Content-Length": "0",
        "Content-MD5": "AGevjuGj0u\u002BzWFtkFxspxA==",
        "Date": "Thu, 15 Sep 2022 15:36:46 GMT",
        "ETag": "\u00220x8DA9730199A2AF6\u0022",
        "Last-Modified": "Thu, 15 Sep 2022 15:36:47 GMT",
        "Server": [
          "Windows-Azure-Blob/1.0",
          "Microsoft-HTTPAPI/2.0"
        ],
        "x-ms-content-crc64": "1bMHRxJUEdg=",
        "x-ms-request-server-encrypted": "true",
        "x-ms-version": "2021-06-08"
      },
      "ResponseBody": null
    },
    {
      "RequestUri": "https://sagh4dshas62md4.blob.core.windows.net/azureml-blobstore-a6d5a3b8-8717-4928-b8f7-4c9f36d21085/LocalUpload/000000000000000000000/data-transfer-component/component_spec.loaded_from_rest.json",
      "RequestMethod": "PUT",
      "RequestHeaders": {
        "Accept": "application/xml",
        "Accept-Encoding": "gzip, deflate",
        "Connection": "keep-alive",
        "Content-Length": "937",
        "Content-MD5": "Z8iWNyyoMl9yXUSyDJDzYQ==",
        "Content-Type": "application/octet-stream",
        "If-None-Match": "*",
        "User-Agent": "azsdk-python-storage-blob/12.12.0 Python/3.8.6 (Windows-10-10.0.22000-SP0)",
        "x-ms-blob-type": "BlockBlob",
        "x-ms-date": "Thu, 15 Sep 2022 15:36:46 GMT",
        "x-ms-version": "2021-06-08"
      },
      "RequestBody": "ew0KICAibmFtZSI6ICJ0ZXN0XzUyODY4MjUyNzA3MiIsDQogICJkZXNjcmlwdGlvbiI6ICJ0cmFuc2ZlciBkYXRhIGJldHdlZW4gY29tbW9uIHN0b3JhZ2UgdHlwZXMgc3VjaCBhcyBBenVyZSBCbG9iIFN0b3JhZ2UgYW5kIEF6dXJlIERhdGEgTGFrZS4iLA0KICAidGFncyI6IHsNCiAgICAiY2F0ZWdvcnkiOiAiQ29tcG9uZW50IFR1dG9yaWFsIiwNCiAgICAiY29udGFjdCI6ICJhbWxkZXNpZ25lckBtaWNyb3NvZnQuY29tIg0KICB9LA0KICAidmVyc2lvbiI6ICIwLjAuMSIsDQogICIkc2NoZW1hIjogImh0dHBzOi8vY29tcG9uZW50c2RrLmF6dXJlZWRnZS5uZXQvanNvbnNjaGVtYS9EYXRhVHJhbnNmZXJDb21wb25lbnQuanNvbiIsDQogICJkaXNwbGF5X25hbWUiOiAiRGF0YSBUcmFuc2ZlciIsDQogICJpc19kZXRlcm1pbmlzdGljIjogdHJ1ZSwNCiAgImlucHV0cyI6IHsNCiAgICAic291cmNlX2RhdGEiOiB7DQogICAgICAidHlwZSI6ICJwYXRoIiwNCiAgICAgICJkZXNjcmlwdGlvbiI6ICJTb3VyY2UgZGF0YSINCiAgICB9DQogIH0sDQogICJvdXRwdXRzIjogew0KICAgICJkZXN0aW5hdGlvbl9kYXRhIjogew0KICAgICAgInR5cGUiOiAicGF0aCIsDQogICAgICAiZGVzY3JpcHRpb24iOiAiRGVzdGluYXRpb24gZGF0YSINCiAgICB9DQogIH0sDQogICJ0eXBlIjogIkRhdGFUcmFuc2ZlckNvbXBvbmVudCIsDQogICJjb2RlIjogImF6dXJlbWw6L3N1YnNjcmlwdGlvbnMvYjE3MjUzZmEtZjMyNy00MmQ2LTk2ODYtZjNlNTUzZTI0NzYzL3Jlc291cmNlR3JvdXBzL3Rlc3QtcmctZWFzdHVzMmV1YXAtdjItMjAyMlczNC9wcm92aWRlcnMvTWljcm9zb2Z0Lk1hY2hpbmVMZWFybmluZ1NlcnZpY2VzL3dvcmtzcGFjZXMvc2RrX3ZuZXh0X2NsaS9jb2Rlcy9kNWNkNmRjNS01ZDQzLTQxZDAtOTUzMy1lY2I4MDkwOTVhYmMvdmVyc2lvbnMvMSINCn0NCg==",
      "StatusCode": 201,
      "ResponseHeaders": {
        "Content-Length": "0",
        "Content-MD5": "Z8iWNyyoMl9yXUSyDJDzYQ==",
        "Date": "Thu, 15 Sep 2022 15:36:46 GMT",
        "ETag": "\u00220x8DA973019960CDF\u0022",
        "Last-Modified": "Thu, 15 Sep 2022 15:36:46 GMT",
        "Server": [
          "Windows-Azure-Blob/1.0",
          "Microsoft-HTTPAPI/2.0"
        ],
        "x-ms-content-crc64": "rPx9pJIuBvY=",
        "x-ms-request-server-encrypted": "true",
        "x-ms-version": "2021-06-08"
      },
      "ResponseBody": null
    },
    {
      "RequestUri": "https://sagh4dshas62md4.blob.core.windows.net/azureml-blobstore-a6d5a3b8-8717-4928-b8f7-4c9f36d21085/LocalUpload/000000000000000000000/data-transfer-component/component_spec.loaded_from_rest.json?comp=metadata",
      "RequestMethod": "PUT",
      "RequestHeaders": {
        "Accept": "application/xml",
        "Accept-Encoding": "gzip, deflate",
        "Connection": "keep-alive",
        "Content-Length": "0",
        "User-Agent": "azsdk-python-storage-blob/12.12.0 Python/3.8.6 (Windows-10-10.0.22000-SP0)",
        "x-ms-date": "Thu, 15 Sep 2022 15:36:46 GMT",
        "x-ms-meta-name": "000000000000000000000",
        "x-ms-meta-upload_status": "completed",
        "x-ms-meta-version": "1",
        "x-ms-version": "2021-06-08"
      },
      "RequestBody": null,
      "StatusCode": 200,
      "ResponseHeaders": {
        "Content-Length": "0",
        "Date": "Thu, 15 Sep 2022 15:36:46 GMT",
        "ETag": "\u00220x8DA973019A107CB\u0022",
        "Last-Modified": "Thu, 15 Sep 2022 15:36:47 GMT",
        "Server": [
          "Windows-Azure-Blob/1.0",
          "Microsoft-HTTPAPI/2.0"
        ],
        "x-ms-request-server-encrypted": "true",
        "x-ms-version": "2021-06-08"
      },
      "ResponseBody": null
    },
    {
      "RequestUri": "https://management.azure.com/subscriptions/00000000-0000-0000-0000-000000000/resourceGroups/00000/providers/Microsoft.MachineLearningServices/workspaces/00000/codes/000000000000000000000/versions/1?api-version=2022-05-01",
      "RequestMethod": "PUT",
      "RequestHeaders": {
        "Accept": "application/json",
        "Accept-Encoding": "gzip, deflate",
        "Connection": "keep-alive",
        "Content-Length": "356",
        "Content-Type": "application/json",
        "User-Agent": "azure-ai-ml/0.0.139 azsdk-python-mgmt-machinelearningservices/0.1.0 Python/3.8.6 (Windows-10-10.0.22000-SP0)"
      },
      "RequestBody": {
        "properties": {
          "properties": {
            "hash_sha256": "64c22936635a663305dedca5f13d3a2d340cb1bfaa91e289e28fdd3078b0536f",
            "hash_version": "202208"
          },
          "isAnonymous": true,
          "isArchived": false,
          "codeUri": "https://sagh4dshas62md4.blob.core.windows.net/azureml-blobstore-a6d5a3b8-8717-4928-b8f7-4c9f36d21085/LocalUpload/000000000000000000000/data-transfer-component"
        }
      },
      "StatusCode": 201,
      "ResponseHeaders": {
        "Cache-Control": "no-cache",
        "Content-Length": "982",
        "Content-Type": "application/json; charset=utf-8",
        "Date": "Thu, 15 Sep 2022 15:36:47 GMT",
        "Expires": "-1",
        "Location": "https://management.azure.com/subscriptions/00000000-0000-0000-0000-000000000/resourceGroups/00000/providers/Microsoft.MachineLearningServices/workspaces/00000/codes/000000000000000000000/versions/1?api-version=2022-05-01",
        "Pragma": "no-cache",
        "Request-Context": "appId=cid-v1:17d65b70-e9ce-4ed5-9347-1f660ec782e9",
        "Server-Timing": "traceparent;desc=\u002200-30e9bc756ca410566745d16501439572-a038733f249874f7-01\u0022",
        "Strict-Transport-Security": "max-age=31536000; includeSubDomains",
        "x-aml-cluster": "vienna-eastus2euap-02",
        "X-Content-Type-Options": "nosniff",
        "x-ms-correlation-request-id": "42525215-1094-45a7-a285-9737f7d93797",
        "x-ms-ratelimit-remaining-subscription-writes": "1187",
        "x-ms-response-type": "standard",
        "x-ms-routing-request-id": "CANADACENTRAL:20220915T153648Z:42525215-1094-45a7-a285-9737f7d93797",
        "x-request-time": "0.124"
      },
      "ResponseBody": {
        "id": "/subscriptions/00000000-0000-0000-0000-000000000/resourceGroups/00000/providers/Microsoft.MachineLearningServices/workspaces/00000/codes/000000000000000000000/versions/1",
        "name": "1",
        "type": "Microsoft.MachineLearningServices/workspaces/codes/versions",
        "properties": {
          "description": null,
          "tags": {},
          "properties": {
            "hash_sha256": "64c22936635a663305dedca5f13d3a2d340cb1bfaa91e289e28fdd3078b0536f",
            "hash_version": "202208"
          },
          "isArchived": false,
          "isAnonymous": false,
          "codeUri": "https://sagh4dshas62md4.blob.core.windows.net/azureml-blobstore-a6d5a3b8-8717-4928-b8f7-4c9f36d21085/LocalUpload/000000000000000000000/data-transfer-component"
        },
        "systemData": {
          "createdAt": "2022-09-15T15:36:47.9768876\u002B00:00",
          "createdBy": "Neehar Duvvuri",
          "createdByType": "User",
          "lastModifiedAt": "2022-09-15T15:36:47.9768876\u002B00:00",
          "lastModifiedBy": "Neehar Duvvuri",
          "lastModifiedByType": "User"
        }
      }
    },
    {
      "RequestUri": "https://management.azure.com/subscriptions/00000000-0000-0000-0000-000000000/resourceGroups/00000/providers/Microsoft.MachineLearningServices/workspaces/00000/components/test_152719461179/versions/0.0.1?api-version=2022-05-01",
      "RequestMethod": "PUT",
      "RequestHeaders": {
        "Accept": "application/json",
        "Accept-Encoding": "gzip, deflate",
        "Connection": "keep-alive",
        "Content-Length": "1060",
        "Content-Type": "application/json",
        "User-Agent": "azure-ai-ml/0.0.139 azsdk-python-mgmt-machinelearningservices/0.1.0 Python/3.8.6 (Windows-10-10.0.22000-SP0)"
      },
      "RequestBody": {
        "properties": {
          "description": "transfer data between common storage types such as Azure Blob Storage and Azure Data Lake.",
          "properties": {},
          "tags": {
            "category": "Component Tutorial",
            "contact": "amldesigner@microsoft.com"
          },
          "isAnonymous": false,
          "isArchived": false,
          "componentSpec": {
            "name": "test_152719461179",
            "description": "transfer data between common storage types such as Azure Blob Storage and Azure Data Lake.",
            "tags": {
              "category": "Component Tutorial",
              "contact": "amldesigner@microsoft.com"
            },
            "version": "0.0.1",
            "$schema": "https://componentsdk.azureedge.net/jsonschema/DataTransferComponent.json",
            "display_name": "Data Transfer",
            "is_deterministic": true,
            "inputs": {
              "source_data": {
                "type": "path",
                "description": "Source data"
              }
            },
            "outputs": {
              "destination_data": {
                "type": "path",
                "description": "Destination data"
              }
            },
            "type": "DataTransferComponent",
            "code": "azureml:/subscriptions/00000000-0000-0000-0000-000000000/resourceGroups/00000/providers/Microsoft.MachineLearningServices/workspaces/00000/codes/000000000000000000000/versions/1"
          }
        }
      },
      "StatusCode": 201,
      "ResponseHeaders": {
        "Cache-Control": "no-cache",
        "Content-Length": "1865",
        "Content-Type": "application/json; charset=utf-8",
        "Date": "Thu, 15 Sep 2022 15:36:48 GMT",
        "Expires": "-1",
        "Location": "https://management.azure.com/subscriptions/00000000-0000-0000-0000-000000000/resourceGroups/00000/providers/Microsoft.MachineLearningServices/workspaces/00000/components/test_152719461179/versions/0.0.1?api-version=2022-05-01",
        "Pragma": "no-cache",
        "Request-Context": "appId=cid-v1:17d65b70-e9ce-4ed5-9347-1f660ec782e9",
        "Server-Timing": "traceparent;desc=\u002200-15220c202493d49bfccb632d75543d34-bb480f4f8d951e0d-01\u0022",
        "Strict-Transport-Security": "max-age=31536000; includeSubDomains",
        "x-aml-cluster": "vienna-eastus2euap-02",
        "X-Content-Type-Options": "nosniff",
        "x-ms-correlation-request-id": "d4ffae33-8295-4b8d-a805-6fbed8d93d13",
        "x-ms-ratelimit-remaining-subscription-writes": "1186",
        "x-ms-response-type": "standard",
        "x-ms-routing-request-id": "CANADACENTRAL:20220915T153649Z:d4ffae33-8295-4b8d-a805-6fbed8d93d13",
        "x-request-time": "0.568"
      },
      "ResponseBody": {
        "id": "/subscriptions/00000000-0000-0000-0000-000000000/resourceGroups/00000/providers/Microsoft.MachineLearningServices/workspaces/00000/components/test_152719461179/versions/0.0.1",
        "name": "0.0.1",
        "type": "Microsoft.MachineLearningServices/workspaces/components/versions",
        "properties": {
          "description": null,
          "tags": {
            "category": "Component Tutorial",
            "contact": "amldesigner@microsoft.com"
          },
          "properties": {},
          "isArchived": false,
          "isAnonymous": false,
          "componentSpec": {
            "$schema": "https://componentsdk.azureedge.net/jsonschema/DataTransferComponent.json",
            "name": "test_152719461179",
            "version": "0.0.1",
            "display_name": "Data Transfer",
            "is_deterministic": "True",
            "type": "DataTransferComponent",
            "description": "transfer data between common storage types such as Azure Blob Storage and Azure Data Lake.",
            "tags": {
              "category": "Component Tutorial",
              "contact": "amldesigner@microsoft.com"
            },
            "inputs": {
              "source_data": {
                "type": "path",
                "optional": "False",
                "description": "Source data"
              }
            },
            "outputs": {
              "destination_data": {
                "type": "path",
                "description": "Destination data"
              }
            },
            "datatransfer": {
              "allow_overwrite": "True"
            },
            "code": "azureml:/subscriptions/00000000-0000-0000-0000-000000000/resourceGroups/00000/providers/Microsoft.MachineLearningServices/workspaces/00000/codes/000000000000000000000/versions/1"
          }
        },
        "systemData": {
          "createdAt": "2022-09-15T15:36:49.1132925\u002B00:00",
          "createdBy": "Neehar Duvvuri",
          "createdByType": "User",
          "lastModifiedAt": "2022-09-15T15:36:49.280426\u002B00:00",
          "lastModifiedBy": "Neehar Duvvuri",
          "lastModifiedByType": "User"
        }
      }
    },
    {
      "RequestUri": "https://management.azure.com/subscriptions/00000000-0000-0000-0000-000000000/resourceGroups/00000/providers/Microsoft.MachineLearningServices/workspaces/00000/components/test_152719461179/versions/0.0.1?api-version=2022-05-01",
      "RequestMethod": "GET",
      "RequestHeaders": {
        "Accept": "application/json",
        "Accept-Encoding": "gzip, deflate",
        "Connection": "keep-alive",
        "User-Agent": "azure-ai-ml/0.0.139 azsdk-python-mgmt-machinelearningservices/0.1.0 Python/3.8.6 (Windows-10-10.0.22000-SP0)"
      },
      "RequestBody": null,
      "StatusCode": 200,
      "ResponseHeaders": {
        "Cache-Control": "no-cache",
        "Content-Encoding": "gzip",
        "Content-Type": "application/json; charset=utf-8",
        "Date": "Thu, 15 Sep 2022 15:36:48 GMT",
        "Expires": "-1",
        "Pragma": "no-cache",
        "Request-Context": "appId=cid-v1:17d65b70-e9ce-4ed5-9347-1f660ec782e9",
        "Server-Timing": "traceparent;desc=\u002200-8e8341d9fd1cbecffddc2c5f775b9c1a-d1e69c49493255fc-01\u0022",
        "Strict-Transport-Security": "max-age=31536000; includeSubDomains",
        "Transfer-Encoding": "chunked",
        "Vary": [
          "Accept-Encoding",
          "Accept-Encoding"
        ],
        "x-aml-cluster": "vienna-eastus2euap-02",
        "X-Content-Type-Options": "nosniff",
        "x-ms-correlation-request-id": "f8f3d0fe-f47b-4e2b-9d47-f5b066fa6a00",
        "x-ms-ratelimit-remaining-subscription-reads": "11986",
        "x-ms-response-type": "standard",
        "x-ms-routing-request-id": "CANADACENTRAL:20220915T153649Z:f8f3d0fe-f47b-4e2b-9d47-f5b066fa6a00",
        "x-request-time": "0.114"
      },
      "ResponseBody": {
        "id": "/subscriptions/00000000-0000-0000-0000-000000000/resourceGroups/00000/providers/Microsoft.MachineLearningServices/workspaces/00000/components/test_152719461179/versions/0.0.1",
        "name": "0.0.1",
        "type": "Microsoft.MachineLearningServices/workspaces/components/versions",
        "properties": {
          "description": null,
          "tags": {
            "category": "Component Tutorial",
            "contact": "amldesigner@microsoft.com"
          },
          "properties": {},
          "isArchived": false,
          "isAnonymous": false,
          "componentSpec": {
            "$schema": "https://componentsdk.azureedge.net/jsonschema/DataTransferComponent.json",
            "name": "test_152719461179",
            "version": "0.0.1",
            "display_name": "Data Transfer",
            "is_deterministic": "True",
            "type": "DataTransferComponent",
            "description": "transfer data between common storage types such as Azure Blob Storage and Azure Data Lake.",
            "tags": {
              "category": "Component Tutorial",
              "contact": "amldesigner@microsoft.com"
            },
            "inputs": {
              "source_data": {
                "type": "path",
                "optional": "False",
                "description": "Source data"
              }
            },
            "outputs": {
              "destination_data": {
                "type": "path",
                "description": "Destination data"
              }
            },
            "datatransfer": {
              "allow_overwrite": "True"
            },
            "code": "azureml:/subscriptions/00000000-0000-0000-0000-000000000/resourceGroups/00000/providers/Microsoft.MachineLearningServices/workspaces/00000/codes/000000000000000000000/versions/1"
          }
        },
        "systemData": {
          "createdAt": "2022-09-15T15:36:49.1132925\u002B00:00",
          "createdBy": "Neehar Duvvuri",
          "createdByType": "User",
          "lastModifiedAt": "2022-09-15T15:36:49.280426\u002B00:00",
          "lastModifiedBy": "Neehar Duvvuri",
          "lastModifiedByType": "User"
        }
      }
    }
  ],
  "Variables": {
    "component_name": "test_152719461179"
  }
}
