interactions:
- request:
    body: '{"tasks": {"entityRecognitionTasks": [{"parameters": {"model-version":
      "bad", "stringIndexType": "UnicodeCodePoint"}}], "entityRecognitionPiiTasks":
      [{"parameters": {"model-version": "latest", "stringIndexType": "UnicodeCodePoint"}}],
      "keyPhraseExtractionTasks": [{"parameters": {"model-version": "latest"}}], "entityLinkingTasks":
      []}, "analysisInput": {"documents": [{"id": "0", "text": "hello world", "language":
      "en"}, {"id": "1", "text": "hello world", "language": "en"}, {"id": "2", "text":
      "hello world", "language": "en"}, {"id": "3", "text": "hello world", "language":
      "en"}, {"id": "4", "text": "hello world", "language": "en"}, {"id": "5", "text":
      "hello world", "language": "en"}, {"id": "6", "text": "hello world", "language":
      "en"}, {"id": "7", "text": "hello world", "language": "en"}, {"id": "8", "text":
      "hello world", "language": "en"}, {"id": "9", "text": "hello world", "language":
      "en"}, {"id": "10", "text": "hello world", "language": "en"}, {"id": "11", "text":
      "hello world", "language": "en"}, {"id": "12", "text": "hello world", "language":
      "en"}, {"id": "13", "text": "hello world", "language": "en"}, {"id": "14", "text":
      "hello world", "language": "en"}, {"id": "15", "text": "hello world", "language":
      "en"}, {"id": "16", "text": "hello world", "language": "en"}, {"id": "17", "text":
      "hello world", "language": "en"}, {"id": "18", "text": "hello world", "language":
      "en"}, {"id": "19", "text": "hello world", "language": "en"}, {"id": "20", "text":
      "hello world", "language": "en"}, {"id": "21", "text": "hello world", "language":
      "en"}, {"id": "22", "text": "hello world", "language": "en"}, {"id": "23", "text":
      "hello world", "language": "en"}, {"id": "24", "text": "hello world", "language":
      "en"}]}}'
    headers:
      Accept:
      - application/json, text/json
      Content-Length:
      - '1735'
      Content-Type:
      - application/json
      User-Agent:
      - azsdk-python-ai-textanalytics/5.1.0b6 Python/3.7.9 (Linux-4.4.0-19041-Microsoft-x86_64-with-Ubuntu-16.04-xenial)
    method: POST
    uri: https://westus2.api.cognitive.microsoft.com/text/analytics/v3.1-preview.4/analyze
  response:
    body:
      string: ''
    headers:
      apim-request-id: 9e159594-f087-49b0-ab45-5ff659c4f646
      date: Fri, 05 Mar 2021 17:45:11 GMT
      operation-location: https://westus2.api.cognitive.microsoft.com/text/analytics/v3.1-preview.4/analyze/jobs/6fb30f26-fc34-49b8-8e0a-57d35ac0264a
      strict-transport-security: max-age=31536000; includeSubDomains; preload
      transfer-encoding: chunked
      x-content-type-options: nosniff
      x-envoy-upstream-service-time: '251'
    status:
      code: 202
      message: Accepted
    url: https://westus2.api.cognitive.microsoft.com//text/analytics/v3.1-preview.4/analyze
- request:
    body: null
    headers:
      User-Agent:
      - azsdk-python-ai-textanalytics/5.1.0b6 Python/3.7.9 (Linux-4.4.0-19041-Microsoft-x86_64-with-Ubuntu-16.04-xenial)
    method: GET
    uri: https://westus2.api.cognitive.microsoft.com/text/analytics/v3.1-preview.4/analyze/jobs/6fb30f26-fc34-49b8-8e0a-57d35ac0264a
  response:
    body:
      string: '{"jobId":"6fb30f26-fc34-49b8-8e0a-57d35ac0264a","lastUpdateDateTime":"2021-03-05T17:45:11Z","createdDateTime":"2021-03-05T17:45:11Z","expirationDateTime":"2021-03-06T17:45:11Z","status":"notStarted","errors":[],"tasks":{"details":{"lastUpdateDateTime":"2021-03-05T17:45:11Z"},"completed":0,"failed":0,"inProgress":0,"total":0}}'
    headers:
      apim-request-id: fc4bff2a-d97c-4334-9923-8ddf8cb8ce9a
      content-type: application/json; charset=utf-8
      date: Fri, 05 Mar 2021 17:45:16 GMT
      strict-transport-security: max-age=31536000; includeSubDomains; preload
      transfer-encoding: chunked
      x-content-type-options: nosniff
      x-envoy-upstream-service-time: '11'
    status:
      code: 200
      message: OK
    url: https://westus2.api.cognitive.microsoft.com/text/analytics/v3.1-preview.4/analyze/jobs/6fb30f26-fc34-49b8-8e0a-57d35ac0264a
- request:
    body: null
    headers:
      User-Agent:
      - azsdk-python-ai-textanalytics/5.1.0b6 Python/3.7.9 (Linux-4.4.0-19041-Microsoft-x86_64-with-Ubuntu-16.04-xenial)
    method: GET
    uri: https://westus2.api.cognitive.microsoft.com/text/analytics/v3.1-preview.4/analyze/jobs/6fb30f26-fc34-49b8-8e0a-57d35ac0264a
  response:
    body:
      string: '{"jobId":"6fb30f26-fc34-49b8-8e0a-57d35ac0264a","lastUpdateDateTime":"2021-03-05T17:45:11Z","createdDateTime":"2021-03-05T17:45:11Z","expirationDateTime":"2021-03-06T17:45:11Z","status":"notStarted","errors":[],"tasks":{"details":{"lastUpdateDateTime":"2021-03-05T17:45:11Z"},"completed":0,"failed":0,"inProgress":0,"total":0}}'
    headers:
      apim-request-id: 31def1c5-2948-418f-a1af-12abdbba4d65
      content-type: application/json; charset=utf-8
      date: Fri, 05 Mar 2021 17:45:21 GMT
      strict-transport-security: max-age=31536000; includeSubDomains; preload
      transfer-encoding: chunked
      x-content-type-options: nosniff
      x-envoy-upstream-service-time: '10'
    status:
      code: 200
      message: OK
    url: https://westus2.api.cognitive.microsoft.com/text/analytics/v3.1-preview.4/analyze/jobs/6fb30f26-fc34-49b8-8e0a-57d35ac0264a
- request:
    body: null
    headers:
      User-Agent:
      - azsdk-python-ai-textanalytics/5.1.0b6 Python/3.7.9 (Linux-4.4.0-19041-Microsoft-x86_64-with-Ubuntu-16.04-xenial)
    method: GET
    uri: https://westus2.api.cognitive.microsoft.com/text/analytics/v3.1-preview.4/analyze/jobs/6fb30f26-fc34-49b8-8e0a-57d35ac0264a
  response:
    body:
      string: '{"jobId":"6fb30f26-fc34-49b8-8e0a-57d35ac0264a","lastUpdateDateTime":"2021-03-05T17:45:23Z","createdDateTime":"2021-03-05T17:45:11Z","expirationDateTime":"2021-03-06T17:45:11Z","status":"running","errors":[{"code":"InvalidRequest","message":"Job
        task parameter value bad is not supported for model-version parameter for
        job task type NamedEntityRecognition. Supported values latest,2020-04-01,2021-01-15.","target":"#/tasks/entityRecognitionTasks/0"}],"tasks":{"details":{"lastUpdateDateTime":"2021-03-05T17:45:23Z"},"completed":0,"failed":1,"inProgress":2,"total":3,"entityRecognitionTasks":[{"lastUpdateDateTime":"2021-03-05T17:45:23.247006Z","state":"failed"}]}}'
    headers:
      apim-request-id: a423a535-f850-47bc-b8d0-0b9e40f2a1a3
      content-type: application/json; charset=utf-8
      date: Fri, 05 Mar 2021 17:45:26 GMT
      strict-transport-security: max-age=31536000; includeSubDomains; preload
      transfer-encoding: chunked
      x-content-type-options: nosniff
      x-envoy-upstream-service-time: '66'
    status:
      code: 200
      message: OK
    url: https://westus2.api.cognitive.microsoft.com/text/analytics/v3.1-preview.4/analyze/jobs/6fb30f26-fc34-49b8-8e0a-57d35ac0264a
- request:
    body: null
    headers:
      User-Agent:
      - azsdk-python-ai-textanalytics/5.1.0b6 Python/3.7.9 (Linux-4.4.0-19041-Microsoft-x86_64-with-Ubuntu-16.04-xenial)
    method: GET
    uri: https://westus2.api.cognitive.microsoft.com/text/analytics/v3.1-preview.4/analyze/jobs/6fb30f26-fc34-49b8-8e0a-57d35ac0264a
  response:
    body:
      string: '{"jobId":"6fb30f26-fc34-49b8-8e0a-57d35ac0264a","lastUpdateDateTime":"2021-03-05T17:45:23Z","createdDateTime":"2021-03-05T17:45:11Z","expirationDateTime":"2021-03-06T17:45:11Z","status":"running","errors":[{"code":"InvalidRequest","message":"Job
        task parameter value bad is not supported for model-version parameter for
        job task type NamedEntityRecognition. Supported values latest,2020-04-01,2021-01-15.","target":"#/tasks/entityRecognitionTasks/0"}],"tasks":{"details":{"lastUpdateDateTime":"2021-03-05T17:45:23Z"},"completed":1,"failed":1,"inProgress":1,"total":3,"entityRecognitionTasks":[{"lastUpdateDateTime":"2021-03-05T17:45:23.247006Z","state":"failed"}],"keyPhraseExtractionTasks":[{"lastUpdateDateTime":"2021-03-05T17:45:23.247006Z","state":"succeeded","results":{"documents":[{"id":"0","keyPhrases":["world"],"warnings":[]},{"id":"1","keyPhrases":["world"],"warnings":[]},{"id":"2","keyPhrases":["world"],"warnings":[]},{"id":"3","keyPhrases":["world"],"warnings":[]},{"id":"4","keyPhrases":["world"],"warnings":[]},{"id":"5","keyPhrases":["world"],"warnings":[]},{"id":"6","keyPhrases":["world"],"warnings":[]},{"id":"7","keyPhrases":["world"],"warnings":[]},{"id":"8","keyPhrases":["world"],"warnings":[]},{"id":"9","keyPhrases":["world"],"warnings":[]},{"id":"10","keyPhrases":["world"],"warnings":[]},{"id":"11","keyPhrases":["world"],"warnings":[]},{"id":"12","keyPhrases":["world"],"warnings":[]},{"id":"13","keyPhrases":["world"],"warnings":[]},{"id":"14","keyPhrases":["world"],"warnings":[]},{"id":"15","keyPhrases":["world"],"warnings":[]},{"id":"16","keyPhrases":["world"],"warnings":[]},{"id":"17","keyPhrases":["world"],"warnings":[]},{"id":"18","keyPhrases":["world"],"warnings":[]},{"id":"19","keyPhrases":["world"],"warnings":[]}],"errors":[],"modelVersion":"2020-07-01"}}]},"@nextLink":"https://westus2.api.cognitive.microsoft.com/text/analytics/v3.1-preview.4/analyze/jobs/6fb30f26-fc34-49b8-8e0a-57d35ac0264a?$skip=20&$top=20"}'
    headers:
      apim-request-id: e085d06e-4ccb-435c-97a4-b243b00db435
      content-type: application/json; charset=utf-8
      date: Fri, 05 Mar 2021 17:45:32 GMT
      strict-transport-security: max-age=31536000; includeSubDomains; preload
      transfer-encoding: chunked
      x-content-type-options: nosniff
      x-envoy-upstream-service-time: '617'
    status:
      code: 200
      message: OK
    url: https://westus2.api.cognitive.microsoft.com/text/analytics/v3.1-preview.4/analyze/jobs/6fb30f26-fc34-49b8-8e0a-57d35ac0264a
- request:
    body: null
    headers:
      User-Agent:
      - azsdk-python-ai-textanalytics/5.1.0b6 Python/3.7.9 (Linux-4.4.0-19041-Microsoft-x86_64-with-Ubuntu-16.04-xenial)
    method: GET
    uri: https://westus2.api.cognitive.microsoft.com/text/analytics/v3.1-preview.4/analyze/jobs/6fb30f26-fc34-49b8-8e0a-57d35ac0264a
  response:
    body:
      string: '{"jobId":"6fb30f26-fc34-49b8-8e0a-57d35ac0264a","lastUpdateDateTime":"2021-03-05T17:45:23Z","createdDateTime":"2021-03-05T17:45:11Z","expirationDateTime":"2021-03-06T17:45:11Z","status":"running","errors":[{"code":"InvalidRequest","message":"Job
        task parameter value bad is not supported for model-version parameter for
        job task type NamedEntityRecognition. Supported values latest,2020-04-01,2021-01-15.","target":"#/tasks/entityRecognitionTasks/0"}],"tasks":{"details":{"lastUpdateDateTime":"2021-03-05T17:45:23Z"},"completed":1,"failed":1,"inProgress":1,"total":3,"entityRecognitionTasks":[{"lastUpdateDateTime":"2021-03-05T17:45:23.247006Z","state":"failed"}],"keyPhraseExtractionTasks":[{"lastUpdateDateTime":"2021-03-05T17:45:23.247006Z","state":"succeeded","results":{"documents":[{"id":"0","keyPhrases":["world"],"warnings":[]},{"id":"1","keyPhrases":["world"],"warnings":[]},{"id":"2","keyPhrases":["world"],"warnings":[]},{"id":"3","keyPhrases":["world"],"warnings":[]},{"id":"4","keyPhrases":["world"],"warnings":[]},{"id":"5","keyPhrases":["world"],"warnings":[]},{"id":"6","keyPhrases":["world"],"warnings":[]},{"id":"7","keyPhrases":["world"],"warnings":[]},{"id":"8","keyPhrases":["world"],"warnings":[]},{"id":"9","keyPhrases":["world"],"warnings":[]},{"id":"10","keyPhrases":["world"],"warnings":[]},{"id":"11","keyPhrases":["world"],"warnings":[]},{"id":"12","keyPhrases":["world"],"warnings":[]},{"id":"13","keyPhrases":["world"],"warnings":[]},{"id":"14","keyPhrases":["world"],"warnings":[]},{"id":"15","keyPhrases":["world"],"warnings":[]},{"id":"16","keyPhrases":["world"],"warnings":[]},{"id":"17","keyPhrases":["world"],"warnings":[]},{"id":"18","keyPhrases":["world"],"warnings":[]},{"id":"19","keyPhrases":["world"],"warnings":[]}],"errors":[],"modelVersion":"2020-07-01"}}]},"@nextLink":"https://westus2.api.cognitive.microsoft.com/text/analytics/v3.1-preview.4/analyze/jobs/6fb30f26-fc34-49b8-8e0a-57d35ac0264a?$skip=20&$top=20"}'
    headers:
      apim-request-id: 6466923a-1965-4a8d-86dd-ca9efec1b421
      content-type: application/json; charset=utf-8
      date: Fri, 05 Mar 2021 17:45:37 GMT
      strict-transport-security: max-age=31536000; includeSubDomains; preload
      transfer-encoding: chunked
      x-content-type-options: nosniff
      x-envoy-upstream-service-time: '404'
    status:
      code: 200
      message: OK
    url: https://westus2.api.cognitive.microsoft.com/text/analytics/v3.1-preview.4/analyze/jobs/6fb30f26-fc34-49b8-8e0a-57d35ac0264a
- request:
    body: null
    headers:
      User-Agent:
      - azsdk-python-ai-textanalytics/5.1.0b6 Python/3.7.9 (Linux-4.4.0-19041-Microsoft-x86_64-with-Ubuntu-16.04-xenial)
    method: GET
    uri: https://westus2.api.cognitive.microsoft.com/text/analytics/v3.1-preview.4/analyze/jobs/6fb30f26-fc34-49b8-8e0a-57d35ac0264a
  response:
    body:
      string: '{"jobId":"6fb30f26-fc34-49b8-8e0a-57d35ac0264a","lastUpdateDateTime":"2021-03-05T17:45:23Z","createdDateTime":"2021-03-05T17:45:11Z","expirationDateTime":"2021-03-06T17:45:11Z","status":"running","errors":[{"code":"InvalidRequest","message":"Job
        task parameter value bad is not supported for model-version parameter for
        job task type NamedEntityRecognition. Supported values latest,2020-04-01,2021-01-15.","target":"#/tasks/entityRecognitionTasks/0"}],"tasks":{"details":{"lastUpdateDateTime":"2021-03-05T17:45:23Z"},"completed":1,"failed":1,"inProgress":1,"total":3,"entityRecognitionTasks":[{"lastUpdateDateTime":"2021-03-05T17:45:23.247006Z","state":"failed"}],"keyPhraseExtractionTasks":[{"lastUpdateDateTime":"2021-03-05T17:45:23.247006Z","state":"succeeded","results":{"documents":[{"id":"0","keyPhrases":["world"],"warnings":[]},{"id":"1","keyPhrases":["world"],"warnings":[]},{"id":"2","keyPhrases":["world"],"warnings":[]},{"id":"3","keyPhrases":["world"],"warnings":[]},{"id":"4","keyPhrases":["world"],"warnings":[]},{"id":"5","keyPhrases":["world"],"warnings":[]},{"id":"6","keyPhrases":["world"],"warnings":[]},{"id":"7","keyPhrases":["world"],"warnings":[]},{"id":"8","keyPhrases":["world"],"warnings":[]},{"id":"9","keyPhrases":["world"],"warnings":[]},{"id":"10","keyPhrases":["world"],"warnings":[]},{"id":"11","keyPhrases":["world"],"warnings":[]},{"id":"12","keyPhrases":["world"],"warnings":[]},{"id":"13","keyPhrases":["world"],"warnings":[]},{"id":"14","keyPhrases":["world"],"warnings":[]},{"id":"15","keyPhrases":["world"],"warnings":[]},{"id":"16","keyPhrases":["world"],"warnings":[]},{"id":"17","keyPhrases":["world"],"warnings":[]},{"id":"18","keyPhrases":["world"],"warnings":[]},{"id":"19","keyPhrases":["world"],"warnings":[]}],"errors":[],"modelVersion":"2020-07-01"}}]},"@nextLink":"https://westus2.api.cognitive.microsoft.com/text/analytics/v3.1-preview.4/analyze/jobs/6fb30f26-fc34-49b8-8e0a-57d35ac0264a?$skip=20&$top=20"}'
    headers:
      apim-request-id: e9ee37e6-b985-4782-bba3-230ea94851a9
      content-type: application/json; charset=utf-8
      date: Fri, 05 Mar 2021 17:45:42 GMT
      strict-transport-security: max-age=31536000; includeSubDomains; preload
      transfer-encoding: chunked
      x-content-type-options: nosniff
      x-envoy-upstream-service-time: '649'
    status:
      code: 200
      message: OK
    url: https://westus2.api.cognitive.microsoft.com/text/analytics/v3.1-preview.4/analyze/jobs/6fb30f26-fc34-49b8-8e0a-57d35ac0264a
- request:
    body: null
    headers:
      User-Agent:
      - azsdk-python-ai-textanalytics/5.1.0b6 Python/3.7.9 (Linux-4.4.0-19041-Microsoft-x86_64-with-Ubuntu-16.04-xenial)
    method: GET
    uri: https://westus2.api.cognitive.microsoft.com/text/analytics/v3.1-preview.4/analyze/jobs/6fb30f26-fc34-49b8-8e0a-57d35ac0264a
  response:
    body:
      string: '{"jobId":"6fb30f26-fc34-49b8-8e0a-57d35ac0264a","lastUpdateDateTime":"2021-03-05T17:45:23Z","createdDateTime":"2021-03-05T17:45:11Z","expirationDateTime":"2021-03-06T17:45:11Z","status":"running","errors":[{"code":"InvalidRequest","message":"Job
        task parameter value bad is not supported for model-version parameter for
        job task type NamedEntityRecognition. Supported values latest,2020-04-01,2021-01-15.","target":"#/tasks/entityRecognitionTasks/0"}],"tasks":{"details":{"lastUpdateDateTime":"2021-03-05T17:45:23Z"},"completed":1,"failed":1,"inProgress":1,"total":3,"entityRecognitionTasks":[{"lastUpdateDateTime":"2021-03-05T17:45:23.247006Z","state":"failed"}],"keyPhraseExtractionTasks":[{"lastUpdateDateTime":"2021-03-05T17:45:23.247006Z","state":"succeeded","results":{"documents":[{"id":"0","keyPhrases":["world"],"warnings":[]},{"id":"1","keyPhrases":["world"],"warnings":[]},{"id":"2","keyPhrases":["world"],"warnings":[]},{"id":"3","keyPhrases":["world"],"warnings":[]},{"id":"4","keyPhrases":["world"],"warnings":[]},{"id":"5","keyPhrases":["world"],"warnings":[]},{"id":"6","keyPhrases":["world"],"warnings":[]},{"id":"7","keyPhrases":["world"],"warnings":[]},{"id":"8","keyPhrases":["world"],"warnings":[]},{"id":"9","keyPhrases":["world"],"warnings":[]},{"id":"10","keyPhrases":["world"],"warnings":[]},{"id":"11","keyPhrases":["world"],"warnings":[]},{"id":"12","keyPhrases":["world"],"warnings":[]},{"id":"13","keyPhrases":["world"],"warnings":[]},{"id":"14","keyPhrases":["world"],"warnings":[]},{"id":"15","keyPhrases":["world"],"warnings":[]},{"id":"16","keyPhrases":["world"],"warnings":[]},{"id":"17","keyPhrases":["world"],"warnings":[]},{"id":"18","keyPhrases":["world"],"warnings":[]},{"id":"19","keyPhrases":["world"],"warnings":[]}],"errors":[],"modelVersion":"2020-07-01"}}]},"@nextLink":"https://westus2.api.cognitive.microsoft.com/text/analytics/v3.1-preview.4/analyze/jobs/6fb30f26-fc34-49b8-8e0a-57d35ac0264a?$skip=20&$top=20"}'
    headers:
      apim-request-id: 569dee4b-be76-43f4-aeaf-2896ced4b6fe
      content-type: application/json; charset=utf-8
      date: Fri, 05 Mar 2021 17:45:49 GMT
      strict-transport-security: max-age=31536000; includeSubDomains; preload
      transfer-encoding: chunked
      x-content-type-options: nosniff
      x-envoy-upstream-service-time: '717'
    status:
      code: 200
      message: OK
    url: https://westus2.api.cognitive.microsoft.com/text/analytics/v3.1-preview.4/analyze/jobs/6fb30f26-fc34-49b8-8e0a-57d35ac0264a
- request:
    body: null
    headers:
      User-Agent:
      - azsdk-python-ai-textanalytics/5.1.0b6 Python/3.7.9 (Linux-4.4.0-19041-Microsoft-x86_64-with-Ubuntu-16.04-xenial)
    method: GET
    uri: https://westus2.api.cognitive.microsoft.com/text/analytics/v3.1-preview.4/analyze/jobs/6fb30f26-fc34-49b8-8e0a-57d35ac0264a
  response:
    body:
      string: '{"jobId":"6fb30f26-fc34-49b8-8e0a-57d35ac0264a","lastUpdateDateTime":"2021-03-05T17:45:23Z","createdDateTime":"2021-03-05T17:45:11Z","expirationDateTime":"2021-03-06T17:45:11Z","status":"running","errors":[{"code":"InvalidRequest","message":"Job
        task parameter value bad is not supported for model-version parameter for
        job task type NamedEntityRecognition. Supported values latest,2020-04-01,2021-01-15.","target":"#/tasks/entityRecognitionTasks/0"}],"tasks":{"details":{"lastUpdateDateTime":"2021-03-05T17:45:23Z"},"completed":1,"failed":1,"inProgress":1,"total":3,"entityRecognitionTasks":[{"lastUpdateDateTime":"2021-03-05T17:45:23.247006Z","state":"failed"}],"keyPhraseExtractionTasks":[{"lastUpdateDateTime":"2021-03-05T17:45:23.247006Z","state":"succeeded","results":{"documents":[{"id":"0","keyPhrases":["world"],"warnings":[]},{"id":"1","keyPhrases":["world"],"warnings":[]},{"id":"2","keyPhrases":["world"],"warnings":[]},{"id":"3","keyPhrases":["world"],"warnings":[]},{"id":"4","keyPhrases":["world"],"warnings":[]},{"id":"5","keyPhrases":["world"],"warnings":[]},{"id":"6","keyPhrases":["world"],"warnings":[]},{"id":"7","keyPhrases":["world"],"warnings":[]},{"id":"8","keyPhrases":["world"],"warnings":[]},{"id":"9","keyPhrases":["world"],"warnings":[]},{"id":"10","keyPhrases":["world"],"warnings":[]},{"id":"11","keyPhrases":["world"],"warnings":[]},{"id":"12","keyPhrases":["world"],"warnings":[]},{"id":"13","keyPhrases":["world"],"warnings":[]},{"id":"14","keyPhrases":["world"],"warnings":[]},{"id":"15","keyPhrases":["world"],"warnings":[]},{"id":"16","keyPhrases":["world"],"warnings":[]},{"id":"17","keyPhrases":["world"],"warnings":[]},{"id":"18","keyPhrases":["world"],"warnings":[]},{"id":"19","keyPhrases":["world"],"warnings":[]}],"errors":[],"modelVersion":"2020-07-01"}}]},"@nextLink":"https://westus2.api.cognitive.microsoft.com/text/analytics/v3.1-preview.4/analyze/jobs/6fb30f26-fc34-49b8-8e0a-57d35ac0264a?$skip=20&$top=20"}'
    headers:
      apim-request-id: 2266a0da-088a-45ba-8dad-e3874f398adf
      content-type: application/json; charset=utf-8
      date: Fri, 05 Mar 2021 17:45:54 GMT
      strict-transport-security: max-age=31536000; includeSubDomains; preload
      transfer-encoding: chunked
      x-content-type-options: nosniff
      x-envoy-upstream-service-time: '354'
    status:
      code: 200
      message: OK
    url: https://westus2.api.cognitive.microsoft.com/text/analytics/v3.1-preview.4/analyze/jobs/6fb30f26-fc34-49b8-8e0a-57d35ac0264a
- request:
    body: null
    headers:
      User-Agent:
      - azsdk-python-ai-textanalytics/5.1.0b6 Python/3.7.9 (Linux-4.4.0-19041-Microsoft-x86_64-with-Ubuntu-16.04-xenial)
    method: GET
    uri: https://westus2.api.cognitive.microsoft.com/text/analytics/v3.1-preview.4/analyze/jobs/6fb30f26-fc34-49b8-8e0a-57d35ac0264a
  response:
    body:
      string: '{"jobId":"6fb30f26-fc34-49b8-8e0a-57d35ac0264a","lastUpdateDateTime":"2021-03-05T17:45:23Z","createdDateTime":"2021-03-05T17:45:11Z","expirationDateTime":"2021-03-06T17:45:11Z","status":"running","errors":[{"code":"InvalidRequest","message":"Job
        task parameter value bad is not supported for model-version parameter for
        job task type NamedEntityRecognition. Supported values latest,2020-04-01,2021-01-15.","target":"#/tasks/entityRecognitionTasks/0"}],"tasks":{"details":{"lastUpdateDateTime":"2021-03-05T17:45:23Z"},"completed":1,"failed":1,"inProgress":1,"total":3,"entityRecognitionTasks":[{"lastUpdateDateTime":"2021-03-05T17:45:23.247006Z","state":"failed"}],"keyPhraseExtractionTasks":[{"lastUpdateDateTime":"2021-03-05T17:45:23.247006Z","state":"succeeded","results":{"documents":[{"id":"0","keyPhrases":["world"],"warnings":[]},{"id":"1","keyPhrases":["world"],"warnings":[]},{"id":"2","keyPhrases":["world"],"warnings":[]},{"id":"3","keyPhrases":["world"],"warnings":[]},{"id":"4","keyPhrases":["world"],"warnings":[]},{"id":"5","keyPhrases":["world"],"warnings":[]},{"id":"6","keyPhrases":["world"],"warnings":[]},{"id":"7","keyPhrases":["world"],"warnings":[]},{"id":"8","keyPhrases":["world"],"warnings":[]},{"id":"9","keyPhrases":["world"],"warnings":[]},{"id":"10","keyPhrases":["world"],"warnings":[]},{"id":"11","keyPhrases":["world"],"warnings":[]},{"id":"12","keyPhrases":["world"],"warnings":[]},{"id":"13","keyPhrases":["world"],"warnings":[]},{"id":"14","keyPhrases":["world"],"warnings":[]},{"id":"15","keyPhrases":["world"],"warnings":[]},{"id":"16","keyPhrases":["world"],"warnings":[]},{"id":"17","keyPhrases":["world"],"warnings":[]},{"id":"18","keyPhrases":["world"],"warnings":[]},{"id":"19","keyPhrases":["world"],"warnings":[]}],"errors":[],"modelVersion":"2020-07-01"}}]},"@nextLink":"https://westus2.api.cognitive.microsoft.com/text/analytics/v3.1-preview.4/analyze/jobs/6fb30f26-fc34-49b8-8e0a-57d35ac0264a?$skip=20&$top=20"}'
    headers:
      apim-request-id: 23449706-441d-43f6-bc14-4b59b06f4e5a
      content-type: application/json; charset=utf-8
      date: Fri, 05 Mar 2021 17:45:59 GMT
      strict-transport-security: max-age=31536000; includeSubDomains; preload
      transfer-encoding: chunked
      x-content-type-options: nosniff
      x-envoy-upstream-service-time: '324'
    status:
      code: 200
      message: OK
    url: https://westus2.api.cognitive.microsoft.com/text/analytics/v3.1-preview.4/analyze/jobs/6fb30f26-fc34-49b8-8e0a-57d35ac0264a
- request:
    body: null
    headers:
      User-Agent:
      - azsdk-python-ai-textanalytics/5.1.0b6 Python/3.7.9 (Linux-4.4.0-19041-Microsoft-x86_64-with-Ubuntu-16.04-xenial)
    method: GET
    uri: https://westus2.api.cognitive.microsoft.com/text/analytics/v3.1-preview.4/analyze/jobs/6fb30f26-fc34-49b8-8e0a-57d35ac0264a
  response:
    body:
      string: '{"jobId":"6fb30f26-fc34-49b8-8e0a-57d35ac0264a","lastUpdateDateTime":"2021-03-05T17:45:23Z","createdDateTime":"2021-03-05T17:45:11Z","expirationDateTime":"2021-03-06T17:45:11Z","status":"running","errors":[{"code":"InvalidRequest","message":"Job
        task parameter value bad is not supported for model-version parameter for
        job task type NamedEntityRecognition. Supported values latest,2020-04-01,2021-01-15.","target":"#/tasks/entityRecognitionTasks/0"}],"tasks":{"details":{"lastUpdateDateTime":"2021-03-05T17:45:23Z"},"completed":1,"failed":1,"inProgress":1,"total":3,"entityRecognitionTasks":[{"lastUpdateDateTime":"2021-03-05T17:45:23.247006Z","state":"failed"}],"keyPhraseExtractionTasks":[{"lastUpdateDateTime":"2021-03-05T17:45:23.247006Z","state":"succeeded","results":{"documents":[{"id":"0","keyPhrases":["world"],"warnings":[]},{"id":"1","keyPhrases":["world"],"warnings":[]},{"id":"2","keyPhrases":["world"],"warnings":[]},{"id":"3","keyPhrases":["world"],"warnings":[]},{"id":"4","keyPhrases":["world"],"warnings":[]},{"id":"5","keyPhrases":["world"],"warnings":[]},{"id":"6","keyPhrases":["world"],"warnings":[]},{"id":"7","keyPhrases":["world"],"warnings":[]},{"id":"8","keyPhrases":["world"],"warnings":[]},{"id":"9","keyPhrases":["world"],"warnings":[]},{"id":"10","keyPhrases":["world"],"warnings":[]},{"id":"11","keyPhrases":["world"],"warnings":[]},{"id":"12","keyPhrases":["world"],"warnings":[]},{"id":"13","keyPhrases":["world"],"warnings":[]},{"id":"14","keyPhrases":["world"],"warnings":[]},{"id":"15","keyPhrases":["world"],"warnings":[]},{"id":"16","keyPhrases":["world"],"warnings":[]},{"id":"17","keyPhrases":["world"],"warnings":[]},{"id":"18","keyPhrases":["world"],"warnings":[]},{"id":"19","keyPhrases":["world"],"warnings":[]}],"errors":[],"modelVersion":"2020-07-01"}}]},"@nextLink":"https://westus2.api.cognitive.microsoft.com/text/analytics/v3.1-preview.4/analyze/jobs/6fb30f26-fc34-49b8-8e0a-57d35ac0264a?$skip=20&$top=20"}'
    headers:
      apim-request-id: 5ed6133a-efdb-4ef5-ab7b-f3061576a1b0
      content-type: application/json; charset=utf-8
      date: Fri, 05 Mar 2021 17:46:05 GMT
      strict-transport-security: max-age=31536000; includeSubDomains; preload
      transfer-encoding: chunked
      x-content-type-options: nosniff
      x-envoy-upstream-service-time: '422'
    status:
      code: 200
      message: OK
    url: https://westus2.api.cognitive.microsoft.com/text/analytics/v3.1-preview.4/analyze/jobs/6fb30f26-fc34-49b8-8e0a-57d35ac0264a
- request:
    body: null
    headers:
      User-Agent:
      - azsdk-python-ai-textanalytics/5.1.0b6 Python/3.7.9 (Linux-4.4.0-19041-Microsoft-x86_64-with-Ubuntu-16.04-xenial)
    method: GET
    uri: https://westus2.api.cognitive.microsoft.com/text/analytics/v3.1-preview.4/analyze/jobs/6fb30f26-fc34-49b8-8e0a-57d35ac0264a
  response:
    body:
      string: '{"jobId":"6fb30f26-fc34-49b8-8e0a-57d35ac0264a","lastUpdateDateTime":"2021-03-05T17:45:23Z","createdDateTime":"2021-03-05T17:45:11Z","expirationDateTime":"2021-03-06T17:45:11Z","status":"running","errors":[{"code":"InvalidRequest","message":"Job
        task parameter value bad is not supported for model-version parameter for
        job task type NamedEntityRecognition. Supported values latest,2020-04-01,2021-01-15.","target":"#/tasks/entityRecognitionTasks/0"}],"tasks":{"details":{"lastUpdateDateTime":"2021-03-05T17:45:23Z"},"completed":1,"failed":1,"inProgress":1,"total":3,"entityRecognitionTasks":[{"lastUpdateDateTime":"2021-03-05T17:45:23.247006Z","state":"failed"}],"keyPhraseExtractionTasks":[{"lastUpdateDateTime":"2021-03-05T17:45:23.247006Z","state":"succeeded","results":{"documents":[{"id":"0","keyPhrases":["world"],"warnings":[]},{"id":"1","keyPhrases":["world"],"warnings":[]},{"id":"2","keyPhrases":["world"],"warnings":[]},{"id":"3","keyPhrases":["world"],"warnings":[]},{"id":"4","keyPhrases":["world"],"warnings":[]},{"id":"5","keyPhrases":["world"],"warnings":[]},{"id":"6","keyPhrases":["world"],"warnings":[]},{"id":"7","keyPhrases":["world"],"warnings":[]},{"id":"8","keyPhrases":["world"],"warnings":[]},{"id":"9","keyPhrases":["world"],"warnings":[]},{"id":"10","keyPhrases":["world"],"warnings":[]},{"id":"11","keyPhrases":["world"],"warnings":[]},{"id":"12","keyPhrases":["world"],"warnings":[]},{"id":"13","keyPhrases":["world"],"warnings":[]},{"id":"14","keyPhrases":["world"],"warnings":[]},{"id":"15","keyPhrases":["world"],"warnings":[]},{"id":"16","keyPhrases":["world"],"warnings":[]},{"id":"17","keyPhrases":["world"],"warnings":[]},{"id":"18","keyPhrases":["world"],"warnings":[]},{"id":"19","keyPhrases":["world"],"warnings":[]}],"errors":[],"modelVersion":"2020-07-01"}}]},"@nextLink":"https://westus2.api.cognitive.microsoft.com/text/analytics/v3.1-preview.4/analyze/jobs/6fb30f26-fc34-49b8-8e0a-57d35ac0264a?$skip=20&$top=20"}'
    headers:
      apim-request-id: b31a86c9-427e-4014-8419-9ee7fd2676b2
      content-type: application/json; charset=utf-8
      date: Fri, 05 Mar 2021 17:46:10 GMT
      strict-transport-security: max-age=31536000; includeSubDomains; preload
      transfer-encoding: chunked
      x-content-type-options: nosniff
      x-envoy-upstream-service-time: '610'
    status:
      code: 200
      message: OK
    url: https://westus2.api.cognitive.microsoft.com/text/analytics/v3.1-preview.4/analyze/jobs/6fb30f26-fc34-49b8-8e0a-57d35ac0264a
- request:
    body: null
    headers:
      User-Agent:
      - azsdk-python-ai-textanalytics/5.1.0b6 Python/3.7.9 (Linux-4.4.0-19041-Microsoft-x86_64-with-Ubuntu-16.04-xenial)
    method: GET
    uri: https://westus2.api.cognitive.microsoft.com/text/analytics/v3.1-preview.4/analyze/jobs/6fb30f26-fc34-49b8-8e0a-57d35ac0264a
  response:
    body:
      string: '{"jobId":"6fb30f26-fc34-49b8-8e0a-57d35ac0264a","lastUpdateDateTime":"2021-03-05T17:45:23Z","createdDateTime":"2021-03-05T17:45:11Z","expirationDateTime":"2021-03-06T17:45:11Z","status":"running","errors":[{"code":"InvalidRequest","message":"Job
        task parameter value bad is not supported for model-version parameter for
        job task type NamedEntityRecognition. Supported values latest,2020-04-01,2021-01-15.","target":"#/tasks/entityRecognitionTasks/0"}],"tasks":{"details":{"lastUpdateDateTime":"2021-03-05T17:45:23Z"},"completed":1,"failed":1,"inProgress":1,"total":3,"entityRecognitionTasks":[{"lastUpdateDateTime":"2021-03-05T17:45:23.247006Z","state":"failed"}],"keyPhraseExtractionTasks":[{"lastUpdateDateTime":"2021-03-05T17:45:23.247006Z","state":"succeeded","results":{"documents":[{"id":"0","keyPhrases":["world"],"warnings":[]},{"id":"1","keyPhrases":["world"],"warnings":[]},{"id":"2","keyPhrases":["world"],"warnings":[]},{"id":"3","keyPhrases":["world"],"warnings":[]},{"id":"4","keyPhrases":["world"],"warnings":[]},{"id":"5","keyPhrases":["world"],"warnings":[]},{"id":"6","keyPhrases":["world"],"warnings":[]},{"id":"7","keyPhrases":["world"],"warnings":[]},{"id":"8","keyPhrases":["world"],"warnings":[]},{"id":"9","keyPhrases":["world"],"warnings":[]},{"id":"10","keyPhrases":["world"],"warnings":[]},{"id":"11","keyPhrases":["world"],"warnings":[]},{"id":"12","keyPhrases":["world"],"warnings":[]},{"id":"13","keyPhrases":["world"],"warnings":[]},{"id":"14","keyPhrases":["world"],"warnings":[]},{"id":"15","keyPhrases":["world"],"warnings":[]},{"id":"16","keyPhrases":["world"],"warnings":[]},{"id":"17","keyPhrases":["world"],"warnings":[]},{"id":"18","keyPhrases":["world"],"warnings":[]},{"id":"19","keyPhrases":["world"],"warnings":[]}],"errors":[],"modelVersion":"2020-07-01"}}]},"@nextLink":"https://westus2.api.cognitive.microsoft.com/text/analytics/v3.1-preview.4/analyze/jobs/6fb30f26-fc34-49b8-8e0a-57d35ac0264a?$skip=20&$top=20"}'
    headers:
      apim-request-id: b2c0eddc-a0c1-4e29-92cc-9bd4520896f7
      content-type: application/json; charset=utf-8
      date: Fri, 05 Mar 2021 17:46:16 GMT
      strict-transport-security: max-age=31536000; includeSubDomains; preload
      transfer-encoding: chunked
      x-content-type-options: nosniff
      x-envoy-upstream-service-time: '412'
    status:
      code: 200
      message: OK
    url: https://westus2.api.cognitive.microsoft.com/text/analytics/v3.1-preview.4/analyze/jobs/6fb30f26-fc34-49b8-8e0a-57d35ac0264a
- request:
    body: null
    headers:
      User-Agent:
      - azsdk-python-ai-textanalytics/5.1.0b6 Python/3.7.9 (Linux-4.4.0-19041-Microsoft-x86_64-with-Ubuntu-16.04-xenial)
    method: GET
    uri: https://westus2.api.cognitive.microsoft.com/text/analytics/v3.1-preview.4/analyze/jobs/6fb30f26-fc34-49b8-8e0a-57d35ac0264a
  response:
    body:
      string: '{"jobId":"6fb30f26-fc34-49b8-8e0a-57d35ac0264a","lastUpdateDateTime":"2021-03-05T17:45:23Z","createdDateTime":"2021-03-05T17:45:11Z","expirationDateTime":"2021-03-06T17:45:11Z","status":"partiallyCompleted","errors":[{"code":"InvalidRequest","message":"Job
        task parameter value bad is not supported for model-version parameter for
        job task type NamedEntityRecognition. Supported values latest,2020-04-01,2021-01-15.","target":"#/tasks/entityRecognitionTasks/0"}],"tasks":{"details":{"lastUpdateDateTime":"2021-03-05T17:45:23Z"},"completed":2,"failed":1,"inProgress":0,"total":3,"entityRecognitionTasks":[{"lastUpdateDateTime":"2021-03-05T17:45:23.247006Z","state":"failed"}],"entityRecognitionPiiTasks":[{"lastUpdateDateTime":"2021-03-05T17:45:23.247006Z","state":"succeeded","results":{"documents":[{"redactedText":"hello
        world","id":"0","entities":[],"warnings":[]},{"redactedText":"hello world","id":"1","entities":[],"warnings":[]},{"redactedText":"hello
        world","id":"2","entities":[],"warnings":[]},{"redactedText":"hello world","id":"3","entities":[],"warnings":[]},{"redactedText":"hello
        world","id":"4","entities":[],"warnings":[]},{"redactedText":"hello world","id":"5","entities":[],"warnings":[]},{"redactedText":"hello
        world","id":"6","entities":[],"warnings":[]},{"redactedText":"hello world","id":"7","entities":[],"warnings":[]},{"redactedText":"hello
        world","id":"8","entities":[],"warnings":[]},{"redactedText":"hello world","id":"9","entities":[],"warnings":[]},{"redactedText":"hello
        world","id":"10","entities":[],"warnings":[]},{"redactedText":"hello world","id":"11","entities":[],"warnings":[]},{"redactedText":"hello
        world","id":"12","entities":[],"warnings":[]},{"redactedText":"hello world","id":"13","entities":[],"warnings":[]},{"redactedText":"hello
        world","id":"14","entities":[],"warnings":[]},{"redactedText":"hello world","id":"15","entities":[],"warnings":[]},{"redactedText":"hello
        world","id":"16","entities":[],"warnings":[]},{"redactedText":"hello world","id":"17","entities":[],"warnings":[]},{"redactedText":"hello
        world","id":"18","entities":[],"warnings":[]},{"redactedText":"hello world","id":"19","entities":[],"warnings":[]}],"errors":[],"modelVersion":"2021-01-15"}}],"keyPhraseExtractionTasks":[{"lastUpdateDateTime":"2021-03-05T17:45:23.247006Z","state":"succeeded","results":{"documents":[{"id":"0","keyPhrases":["world"],"warnings":[]},{"id":"1","keyPhrases":["world"],"warnings":[]},{"id":"2","keyPhrases":["world"],"warnings":[]},{"id":"3","keyPhrases":["world"],"warnings":[]},{"id":"4","keyPhrases":["world"],"warnings":[]},{"id":"5","keyPhrases":["world"],"warnings":[]},{"id":"6","keyPhrases":["world"],"warnings":[]},{"id":"7","keyPhrases":["world"],"warnings":[]},{"id":"8","keyPhrases":["world"],"warnings":[]},{"id":"9","keyPhrases":["world"],"warnings":[]},{"id":"10","keyPhrases":["world"],"warnings":[]},{"id":"11","keyPhrases":["world"],"warnings":[]},{"id":"12","keyPhrases":["world"],"warnings":[]},{"id":"13","keyPhrases":["world"],"warnings":[]},{"id":"14","keyPhrases":["world"],"warnings":[]},{"id":"15","keyPhrases":["world"],"warnings":[]},{"id":"16","keyPhrases":["world"],"warnings":[]},{"id":"17","keyPhrases":["world"],"warnings":[]},{"id":"18","keyPhrases":["world"],"warnings":[]},{"id":"19","keyPhrases":["world"],"warnings":[]}],"errors":[],"modelVersion":"2020-07-01"}}]},"@nextLink":"https://westus2.api.cognitive.microsoft.com/text/analytics/v3.1-preview.4/analyze/jobs/6fb30f26-fc34-49b8-8e0a-57d35ac0264a?$skip=20&$top=20"}'
    headers:
      apim-request-id: fa16b666-49c7-4289-b477-33586263d6d7
      content-type: application/json; charset=utf-8
      date: Fri, 05 Mar 2021 17:46:22 GMT
      strict-transport-security: max-age=31536000; includeSubDomains; preload
      transfer-encoding: chunked
      x-content-type-options: nosniff
      x-envoy-upstream-service-time: '928'
    status:
      code: 200
      message: OK
    url: https://westus2.api.cognitive.microsoft.com/text/analytics/v3.1-preview.4/analyze/jobs/6fb30f26-fc34-49b8-8e0a-57d35ac0264a
- request:
    body: null
    headers:
      Accept:
      - application/json, text/json
      User-Agent:
      - azsdk-python-ai-textanalytics/5.1.0b6 Python/3.7.9 (Linux-4.4.0-19041-Microsoft-x86_64-with-Ubuntu-16.04-xenial)
    method: GET
    uri: https://westus2.api.cognitive.microsoft.com/text/analytics/v3.1-preview.4/analyze/jobs/6fb30f26-fc34-49b8-8e0a-57d35ac0264a?showStats=false&$top=20&$skip=20
  response:
    body:
      string: '{"jobId":"6fb30f26-fc34-49b8-8e0a-57d35ac0264a","lastUpdateDateTime":"2021-03-05T17:45:23Z","createdDateTime":"2021-03-05T17:45:11Z","expirationDateTime":"2021-03-06T17:45:11Z","status":"partiallyCompleted","errors":[{"code":"InvalidRequest","message":"Job
        task parameter value bad is not supported for model-version parameter for
        job task type NamedEntityRecognition. Supported values latest,2020-04-01,2021-01-15.","target":"#/tasks/entityRecognitionTasks/0"}],"tasks":{"details":{"lastUpdateDateTime":"2021-03-05T17:45:23Z"},"completed":2,"failed":1,"inProgress":0,"total":3,"entityRecognitionTasks":[{"lastUpdateDateTime":"2021-03-05T17:45:23.247006Z","state":"failed"}],"entityRecognitionPiiTasks":[{"lastUpdateDateTime":"2021-03-05T17:45:23.247006Z","state":"succeeded","results":{"documents":[{"redactedText":"hello
        world","id":"20","entities":[],"warnings":[]},{"redactedText":"hello world","id":"21","entities":[],"warnings":[]},{"redactedText":"hello
        world","id":"22","entities":[],"warnings":[]},{"redactedText":"hello world","id":"23","entities":[],"warnings":[]},{"redactedText":"hello
        world","id":"24","entities":[],"warnings":[]}],"errors":[],"modelVersion":"2021-01-15"}}],"keyPhraseExtractionTasks":[{"lastUpdateDateTime":"2021-03-05T17:45:23.247006Z","state":"succeeded","results":{"documents":[{"id":"20","keyPhrases":["world"],"warnings":[]},{"id":"21","keyPhrases":["world"],"warnings":[]},{"id":"22","keyPhrases":["world"],"warnings":[]},{"id":"23","keyPhrases":["world"],"warnings":[]},{"id":"24","keyPhrases":["world"],"warnings":[]}],"errors":[],"modelVersion":"2020-07-01"}}]}}'
    headers:
      apim-request-id: 8d71c236-3794-4c38-9290-0513ad5e59dd
      content-type: application/json; charset=utf-8
      date: Fri, 05 Mar 2021 17:46:22 GMT
      strict-transport-security: max-age=31536000; includeSubDomains; preload
      transfer-encoding: chunked
      x-content-type-options: nosniff
      x-envoy-upstream-service-time: '278'
    status:
      code: 200
      message: OK
    url: https://westus2.api.cognitive.microsoft.com//text/analytics/v3.1-preview.4/analyze/jobs/6fb30f26-fc34-49b8-8e0a-57d35ac0264a?showStats=false&$top=20&$skip=20
version: 1
