interactions:
- request:
    body: '{"tasks": {"entityRecognitionTasks": [{"parameters": {"model-version":
      "latest", "loggingOptOut": false, "stringIndexType": "UnicodeCodePoint"}}],
      "entityRecognitionPiiTasks": [], "keyPhraseExtractionTasks": [], "entityLinkingTasks":
      [], "sentimentAnalysisTasks": [], "extractiveSummarizationTasks": [], "customEntityRecognitionTasks":
      [], "customSingleClassificationTasks": [], "customMultiClassificationTasks":
      []}, "analysisInput": {"documents": [{"id": "56", "text": ":)", "language":
      "en"}]}}'
    headers:
      Accept:
      - application/json, text/json
      Accept-Encoding:
      - gzip, deflate
      Connection:
      - keep-alive
      Content-Length:
      - '497'
      Content-Type:
      - application/json
      User-Agent:
      - azsdk-python-ai-textanalytics/5.2.0b2 Python/3.9.0 (Windows-10-10.0.19041-SP0)
    method: POST
    uri: https://westus2.api.cognitive.microsoft.com/text/analytics/v3.2-preview.2/analyze
  response:
    body:
      string: ''
    headers:
      apim-request-id:
      - be893860-ecb6-4889-bf86-519b4ae4465c
      date:
      - Wed, 06 Oct 2021 20:52:11 GMT
      operation-location:
      - https://westus2.api.cognitive.microsoft.com/text/analytics/v3.2-preview.2/analyze/jobs/b1130ffd-b70d-48b8-83ef-88e505ea6e23
      strict-transport-security:
      - max-age=31536000; includeSubDomains; preload
      transfer-encoding:
      - chunked
      x-content-type-options:
      - nosniff
      x-envoy-upstream-service-time:
      - '133'
    status:
      code: 202
      message: Accepted
- request:
    body: null
    headers:
      Accept:
      - '*/*'
      Accept-Encoding:
      - gzip, deflate
      Connection:
      - keep-alive
      User-Agent:
      - azsdk-python-ai-textanalytics/5.2.0b2 Python/3.9.0 (Windows-10-10.0.19041-SP0)
    method: GET
    uri: https://westus2.api.cognitive.microsoft.com/text/analytics/v3.2-preview.2/analyze/jobs/b1130ffd-b70d-48b8-83ef-88e505ea6e23?showStats=True
  response:
    body:
      string: '{"jobId":"b1130ffd-b70d-48b8-83ef-88e505ea6e23","lastUpdateDateTime":"2021-10-06T20:52:12Z","createdDateTime":"2021-10-06T20:52:11Z","expirationDateTime":"2021-10-07T20:52:11Z","status":"running","errors":[],"displayName":"NA","tasks":{"completed":0,"failed":0,"inProgress":1,"total":1}}'
    headers:
      apim-request-id:
      - db3dbe8a-55c5-4664-97e7-4794eac3c578
      content-type:
      - application/json; charset=utf-8
      date:
      - Wed, 06 Oct 2021 20:52:16 GMT
      strict-transport-security:
      - max-age=31536000; includeSubDomains; preload
      transfer-encoding:
      - chunked
      x-content-type-options:
      - nosniff
      x-envoy-upstream-service-time:
      - '9'
    status:
      code: 200
      message: OK
- request:
    body: null
    headers:
      Accept:
      - '*/*'
      Accept-Encoding:
      - gzip, deflate
      Connection:
      - keep-alive
      User-Agent:
      - azsdk-python-ai-textanalytics/5.2.0b2 Python/3.9.0 (Windows-10-10.0.19041-SP0)
    method: GET
    uri: https://westus2.api.cognitive.microsoft.com/text/analytics/v3.2-preview.2/analyze/jobs/b1130ffd-b70d-48b8-83ef-88e505ea6e23?showStats=True
  response:
    body:
      string: '{"jobId":"b1130ffd-b70d-48b8-83ef-88e505ea6e23","lastUpdateDateTime":"2021-10-06T20:52:19Z","createdDateTime":"2021-10-06T20:52:11Z","expirationDateTime":"2021-10-07T20:52:11Z","status":"succeeded","errors":[],"displayName":"NA","tasks":{"completed":1,"failed":0,"inProgress":0,"total":1,"entityRecognitionTasks":[{"lastUpdateDateTime":"2021-10-06T20:52:19.7279064Z","state":"succeeded","results":{"statistics":{"documentsCount":1,"validDocumentsCount":1,"erroneousDocumentsCount":0,"transactionsCount":1},"documents":[{"id":"56","statistics":{"charactersCount":2,"transactionsCount":1},"entities":[],"warnings":[]}],"errors":[],"modelVersion":"2021-06-01"}}]}}'
    headers:
      apim-request-id:
      - 084f2d49-b12c-4e4c-934e-ed295f69f0a9
      content-type:
      - application/json; charset=utf-8
      date:
      - Wed, 06 Oct 2021 20:52:22 GMT
      strict-transport-security:
      - max-age=31536000; includeSubDomains; preload
      transfer-encoding:
      - chunked
      x-content-type-options:
      - nosniff
      x-envoy-upstream-service-time:
      - '88'
    status:
      code: 200
      message: OK
version: 1
