interactions:
- request:
    body: '{"tasks": {"entityRecognitionTasks": [{"parameters": {"model-version":
      "latest", "stringIndexType": "TextElements_v8"}}], "entityRecognitionPiiTasks":
      [{"parameters": {"model-version": "latest", "stringIndexType": "TextElements_v8"}}],
      "keyPhraseExtractionTasks": [{"parameters": {"model-version": "latest"}}]},
      "analysisInput": {"documents": [{"id": "0", "text": "This should fail because
      we''re passing in an invalid language hint", "language": "notalanguage"}]}}'
    headers:
      Accept:
      - application/json, text/json
      Accept-Encoding:
      - gzip, deflate
      Connection:
      - keep-alive
      Content-Length:
      - '464'
      Content-Type:
      - application/json
      User-Agent:
      - azsdk-python-ai-textanalytics/5.1.0b5 Python/3.8.5 (macOS-10.13.6-x86_64-i386-64bit)
    method: POST
    uri: https://westus2.api.cognitive.microsoft.com/text/analytics/v3.1-preview.3/analyze
  response:
    body:
      string: ''
    headers:
      apim-request-id:
      - ad3979c6-ccf1-499b-9d2a-ab2269bdc790
      date:
      - Wed, 27 Jan 2021 02:11:23 GMT
      operation-location:
      - https://westus2.api.cognitive.microsoft.com/text/analytics/v3.1-preview.3/analyze/jobs/20955490-d5fa-4f68-a433-76f909c3efa4_637473024000000000
      strict-transport-security:
      - max-age=31536000; includeSubDomains; preload
      transfer-encoding:
      - chunked
      x-content-type-options:
      - nosniff
      x-envoy-upstream-service-time:
      - '22'
    status:
      code: 202
      message: Accepted
- request:
    body: null
    headers:
      Accept:
      - '*/*'
      Accept-Encoding:
      - gzip, deflate
      Connection:
      - keep-alive
      User-Agent:
      - azsdk-python-ai-textanalytics/5.1.0b5 Python/3.8.5 (macOS-10.13.6-x86_64-i386-64bit)
    method: GET
    uri: https://westus2.api.cognitive.microsoft.com/text/analytics/v3.1-preview.3/analyze/jobs/20955490-d5fa-4f68-a433-76f909c3efa4_637473024000000000
  response:
    body:
      string: '{"jobId":"20955490-d5fa-4f68-a433-76f909c3efa4_637473024000000000","lastUpdateDateTime":"2021-01-27T02:11:24Z","createdDateTime":"2021-01-27T02:11:24Z","expirationDateTime":"2021-01-28T02:11:24Z","status":"running","errors":[],"tasks":{"details":{"lastUpdateDateTime":"2021-01-27T02:11:24Z"},"completed":1,"failed":0,"inProgress":2,"total":3,"keyPhraseExtractionTasks":[{"lastUpdateDateTime":"2021-01-27T02:11:24.4622846Z","results":{"inTerminalState":true,"documents":[],"errors":[{"id":"0","error":{"code":"InvalidArgument","message":"Invalid
        Language Code.","innererror":{"code":"UnsupportedLanguageCode","message":"Invalid
        language code. Supported languages: da,de,en,es,fi,fr,it,ja,ko,nl,no,pl,pt-BR,pt-PT,ru,sv"}}}],"modelVersion":"2020-07-01"}}]}}'
    headers:
      apim-request-id:
      - 7ecaafe0-9981-48a9-b00b-2d303c7299c8
      content-type:
      - application/json; charset=utf-8
      date:
      - Wed, 27 Jan 2021 02:11:29 GMT
      strict-transport-security:
      - max-age=31536000; includeSubDomains; preload
      transfer-encoding:
      - chunked
      x-content-type-options:
      - nosniff
      x-envoy-upstream-service-time:
      - '91'
    status:
      code: 200
      message: OK
- request:
    body: null
    headers:
      Accept:
      - '*/*'
      Accept-Encoding:
      - gzip, deflate
      Connection:
      - keep-alive
      User-Agent:
      - azsdk-python-ai-textanalytics/5.1.0b5 Python/3.8.5 (macOS-10.13.6-x86_64-i386-64bit)
    method: GET
    uri: https://westus2.api.cognitive.microsoft.com/text/analytics/v3.1-preview.3/analyze/jobs/20955490-d5fa-4f68-a433-76f909c3efa4_637473024000000000
  response:
    body:
      string: '{"jobId":"20955490-d5fa-4f68-a433-76f909c3efa4_637473024000000000","lastUpdateDateTime":"2021-01-27T02:11:24Z","createdDateTime":"2021-01-27T02:11:24Z","expirationDateTime":"2021-01-28T02:11:24Z","status":"running","errors":[],"tasks":{"details":{"lastUpdateDateTime":"2021-01-27T02:11:24Z"},"completed":1,"failed":0,"inProgress":2,"total":3,"keyPhraseExtractionTasks":[{"lastUpdateDateTime":"2021-01-27T02:11:24.4622846Z","results":{"inTerminalState":true,"documents":[],"errors":[{"id":"0","error":{"code":"InvalidArgument","message":"Invalid
        Language Code.","innererror":{"code":"UnsupportedLanguageCode","message":"Invalid
        language code. Supported languages: da,de,en,es,fi,fr,it,ja,ko,nl,no,pl,pt-BR,pt-PT,ru,sv"}}}],"modelVersion":"2020-07-01"}}]}}'
    headers:
      apim-request-id:
      - 528fae90-5939-44b2-8895-f988c1ae219d
      content-type:
      - application/json; charset=utf-8
      date:
      - Wed, 27 Jan 2021 02:11:34 GMT
      strict-transport-security:
      - max-age=31536000; includeSubDomains; preload
      transfer-encoding:
      - chunked
      x-content-type-options:
      - nosniff
      x-envoy-upstream-service-time:
      - '96'
    status:
      code: 200
      message: OK
- request:
    body: null
    headers:
      Accept:
      - '*/*'
      Accept-Encoding:
      - gzip, deflate
      Connection:
      - keep-alive
      User-Agent:
      - azsdk-python-ai-textanalytics/5.1.0b5 Python/3.8.5 (macOS-10.13.6-x86_64-i386-64bit)
    method: GET
    uri: https://westus2.api.cognitive.microsoft.com/text/analytics/v3.1-preview.3/analyze/jobs/20955490-d5fa-4f68-a433-76f909c3efa4_637473024000000000
  response:
    body:
      string: '{"jobId":"20955490-d5fa-4f68-a433-76f909c3efa4_637473024000000000","lastUpdateDateTime":"2021-01-27T02:11:24Z","createdDateTime":"2021-01-27T02:11:24Z","expirationDateTime":"2021-01-28T02:11:24Z","status":"running","errors":[],"tasks":{"details":{"lastUpdateDateTime":"2021-01-27T02:11:24Z"},"completed":1,"failed":0,"inProgress":2,"total":3,"keyPhraseExtractionTasks":[{"lastUpdateDateTime":"2021-01-27T02:11:24.4622846Z","results":{"inTerminalState":true,"documents":[],"errors":[{"id":"0","error":{"code":"InvalidArgument","message":"Invalid
        Language Code.","innererror":{"code":"UnsupportedLanguageCode","message":"Invalid
        language code. Supported languages: da,de,en,es,fi,fr,it,ja,ko,nl,no,pl,pt-BR,pt-PT,ru,sv"}}}],"modelVersion":"2020-07-01"}}]}}'
    headers:
      apim-request-id:
      - 10771626-129d-42ec-a098-d72a88f93cd0
      content-type:
      - application/json; charset=utf-8
      date:
      - Wed, 27 Jan 2021 02:11:39 GMT
      strict-transport-security:
      - max-age=31536000; includeSubDomains; preload
      transfer-encoding:
      - chunked
      x-content-type-options:
      - nosniff
      x-envoy-upstream-service-time:
      - '92'
    status:
      code: 200
      message: OK
- request:
    body: null
    headers:
      Accept:
      - '*/*'
      Accept-Encoding:
      - gzip, deflate
      Connection:
      - keep-alive
      User-Agent:
      - azsdk-python-ai-textanalytics/5.1.0b5 Python/3.8.5 (macOS-10.13.6-x86_64-i386-64bit)
    method: GET
    uri: https://westus2.api.cognitive.microsoft.com/text/analytics/v3.1-preview.3/analyze/jobs/20955490-d5fa-4f68-a433-76f909c3efa4_637473024000000000
  response:
    body:
      string: '{"jobId":"20955490-d5fa-4f68-a433-76f909c3efa4_637473024000000000","lastUpdateDateTime":"2021-01-27T02:11:24Z","createdDateTime":"2021-01-27T02:11:24Z","expirationDateTime":"2021-01-28T02:11:24Z","status":"running","errors":[],"tasks":{"details":{"lastUpdateDateTime":"2021-01-27T02:11:24Z"},"completed":1,"failed":0,"inProgress":2,"total":3,"keyPhraseExtractionTasks":[{"lastUpdateDateTime":"2021-01-27T02:11:24.4622846Z","results":{"inTerminalState":true,"documents":[],"errors":[{"id":"0","error":{"code":"InvalidArgument","message":"Invalid
        Language Code.","innererror":{"code":"UnsupportedLanguageCode","message":"Invalid
        language code. Supported languages: da,de,en,es,fi,fr,it,ja,ko,nl,no,pl,pt-BR,pt-PT,ru,sv"}}}],"modelVersion":"2020-07-01"}}]}}'
    headers:
      apim-request-id:
      - 568020a2-0b89-4317-9efb-3509ab909fb8
      content-type:
      - application/json; charset=utf-8
      date:
      - Wed, 27 Jan 2021 02:11:44 GMT
      strict-transport-security:
      - max-age=31536000; includeSubDomains; preload
      transfer-encoding:
      - chunked
      x-content-type-options:
      - nosniff
      x-envoy-upstream-service-time:
      - '123'
    status:
      code: 200
      message: OK
- request:
    body: null
    headers:
      Accept:
      - '*/*'
      Accept-Encoding:
      - gzip, deflate
      Connection:
      - keep-alive
      User-Agent:
      - azsdk-python-ai-textanalytics/5.1.0b5 Python/3.8.5 (macOS-10.13.6-x86_64-i386-64bit)
    method: GET
    uri: https://westus2.api.cognitive.microsoft.com/text/analytics/v3.1-preview.3/analyze/jobs/20955490-d5fa-4f68-a433-76f909c3efa4_637473024000000000
  response:
    body:
      string: '{"jobId":"20955490-d5fa-4f68-a433-76f909c3efa4_637473024000000000","lastUpdateDateTime":"2021-01-27T02:11:24Z","createdDateTime":"2021-01-27T02:11:24Z","expirationDateTime":"2021-01-28T02:11:24Z","status":"running","errors":[],"tasks":{"details":{"lastUpdateDateTime":"2021-01-27T02:11:24Z"},"completed":1,"failed":0,"inProgress":2,"total":3,"keyPhraseExtractionTasks":[{"lastUpdateDateTime":"2021-01-27T02:11:24.4622846Z","results":{"inTerminalState":true,"documents":[],"errors":[{"id":"0","error":{"code":"InvalidArgument","message":"Invalid
        Language Code.","innererror":{"code":"UnsupportedLanguageCode","message":"Invalid
        language code. Supported languages: da,de,en,es,fi,fr,it,ja,ko,nl,no,pl,pt-BR,pt-PT,ru,sv"}}}],"modelVersion":"2020-07-01"}}]}}'
    headers:
      apim-request-id:
      - 1df20525-2024-4b16-87b3-b8e01b2dbd85
      content-type:
      - application/json; charset=utf-8
      date:
      - Wed, 27 Jan 2021 02:11:49 GMT
      strict-transport-security:
      - max-age=31536000; includeSubDomains; preload
      transfer-encoding:
      - chunked
      x-content-type-options:
      - nosniff
      x-envoy-upstream-service-time:
      - '94'
    status:
      code: 200
      message: OK
- request:
    body: null
    headers:
      Accept:
      - '*/*'
      Accept-Encoding:
      - gzip, deflate
      Connection:
      - keep-alive
      User-Agent:
      - azsdk-python-ai-textanalytics/5.1.0b5 Python/3.8.5 (macOS-10.13.6-x86_64-i386-64bit)
    method: GET
    uri: https://westus2.api.cognitive.microsoft.com/text/analytics/v3.1-preview.3/analyze/jobs/20955490-d5fa-4f68-a433-76f909c3efa4_637473024000000000
  response:
    body:
      string: '{"jobId":"20955490-d5fa-4f68-a433-76f909c3efa4_637473024000000000","lastUpdateDateTime":"2021-01-27T02:11:24Z","createdDateTime":"2021-01-27T02:11:24Z","expirationDateTime":"2021-01-28T02:11:24Z","status":"running","errors":[],"tasks":{"details":{"lastUpdateDateTime":"2021-01-27T02:11:24Z"},"completed":1,"failed":0,"inProgress":2,"total":3,"keyPhraseExtractionTasks":[{"lastUpdateDateTime":"2021-01-27T02:11:24.4622846Z","results":{"inTerminalState":true,"documents":[],"errors":[{"id":"0","error":{"code":"InvalidArgument","message":"Invalid
        Language Code.","innererror":{"code":"UnsupportedLanguageCode","message":"Invalid
        language code. Supported languages: da,de,en,es,fi,fr,it,ja,ko,nl,no,pl,pt-BR,pt-PT,ru,sv"}}}],"modelVersion":"2020-07-01"}}]}}'
    headers:
      apim-request-id:
      - b2e69f95-1f60-4f04-9742-54aa4c00007c
      content-type:
      - application/json; charset=utf-8
      date:
      - Wed, 27 Jan 2021 02:11:54 GMT
      strict-transport-security:
      - max-age=31536000; includeSubDomains; preload
      transfer-encoding:
      - chunked
      x-content-type-options:
      - nosniff
      x-envoy-upstream-service-time:
      - '101'
    status:
      code: 200
      message: OK
- request:
    body: null
    headers:
      Accept:
      - '*/*'
      Accept-Encoding:
      - gzip, deflate
      Connection:
      - keep-alive
      User-Agent:
      - azsdk-python-ai-textanalytics/5.1.0b5 Python/3.8.5 (macOS-10.13.6-x86_64-i386-64bit)
    method: GET
    uri: https://westus2.api.cognitive.microsoft.com/text/analytics/v3.1-preview.3/analyze/jobs/20955490-d5fa-4f68-a433-76f909c3efa4_637473024000000000
  response:
    body:
      string: '{"jobId":"20955490-d5fa-4f68-a433-76f909c3efa4_637473024000000000","lastUpdateDateTime":"2021-01-27T02:11:24Z","createdDateTime":"2021-01-27T02:11:24Z","expirationDateTime":"2021-01-28T02:11:24Z","status":"running","errors":[],"tasks":{"details":{"lastUpdateDateTime":"2021-01-27T02:11:24Z"},"completed":1,"failed":0,"inProgress":2,"total":3,"keyPhraseExtractionTasks":[{"lastUpdateDateTime":"2021-01-27T02:11:24.4622846Z","results":{"inTerminalState":true,"documents":[],"errors":[{"id":"0","error":{"code":"InvalidArgument","message":"Invalid
        Language Code.","innererror":{"code":"UnsupportedLanguageCode","message":"Invalid
        language code. Supported languages: da,de,en,es,fi,fr,it,ja,ko,nl,no,pl,pt-BR,pt-PT,ru,sv"}}}],"modelVersion":"2020-07-01"}}]}}'
    headers:
      apim-request-id:
      - f0c82bd9-ebb5-4a7b-a5b2-6c1c8f1e73e6
      content-type:
      - application/json; charset=utf-8
      date:
      - Wed, 27 Jan 2021 02:12:00 GMT
      strict-transport-security:
      - max-age=31536000; includeSubDomains; preload
      transfer-encoding:
      - chunked
      x-content-type-options:
      - nosniff
      x-envoy-upstream-service-time:
      - '98'
    status:
      code: 200
      message: OK
- request:
    body: null
    headers:
      Accept:
      - '*/*'
      Accept-Encoding:
      - gzip, deflate
      Connection:
      - keep-alive
      User-Agent:
      - azsdk-python-ai-textanalytics/5.1.0b5 Python/3.8.5 (macOS-10.13.6-x86_64-i386-64bit)
    method: GET
    uri: https://westus2.api.cognitive.microsoft.com/text/analytics/v3.1-preview.3/analyze/jobs/20955490-d5fa-4f68-a433-76f909c3efa4_637473024000000000
  response:
    body:
      string: '{"jobId":"20955490-d5fa-4f68-a433-76f909c3efa4_637473024000000000","lastUpdateDateTime":"2021-01-27T02:11:24Z","createdDateTime":"2021-01-27T02:11:24Z","expirationDateTime":"2021-01-28T02:11:24Z","status":"running","errors":[],"tasks":{"details":{"lastUpdateDateTime":"2021-01-27T02:11:24Z"},"completed":1,"failed":0,"inProgress":2,"total":3,"keyPhraseExtractionTasks":[{"lastUpdateDateTime":"2021-01-27T02:11:24.4622846Z","results":{"inTerminalState":true,"documents":[],"errors":[{"id":"0","error":{"code":"InvalidArgument","message":"Invalid
        Language Code.","innererror":{"code":"UnsupportedLanguageCode","message":"Invalid
        language code. Supported languages: da,de,en,es,fi,fr,it,ja,ko,nl,no,pl,pt-BR,pt-PT,ru,sv"}}}],"modelVersion":"2020-07-01"}}]}}'
    headers:
      apim-request-id:
      - 320dfd54-139b-4d23-8ee3-6fde15ac635f
      content-type:
      - application/json; charset=utf-8
      date:
      - Wed, 27 Jan 2021 02:12:05 GMT
      strict-transport-security:
      - max-age=31536000; includeSubDomains; preload
      transfer-encoding:
      - chunked
      x-content-type-options:
      - nosniff
      x-envoy-upstream-service-time:
      - '108'
    status:
      code: 200
      message: OK
- request:
    body: null
    headers:
      Accept:
      - '*/*'
      Accept-Encoding:
      - gzip, deflate
      Connection:
      - keep-alive
      User-Agent:
      - azsdk-python-ai-textanalytics/5.1.0b5 Python/3.8.5 (macOS-10.13.6-x86_64-i386-64bit)
    method: GET
    uri: https://westus2.api.cognitive.microsoft.com/text/analytics/v3.1-preview.3/analyze/jobs/20955490-d5fa-4f68-a433-76f909c3efa4_637473024000000000
  response:
    body:
      string: '{"jobId":"20955490-d5fa-4f68-a433-76f909c3efa4_637473024000000000","lastUpdateDateTime":"2021-01-27T02:11:24Z","createdDateTime":"2021-01-27T02:11:24Z","expirationDateTime":"2021-01-28T02:11:24Z","status":"running","errors":[],"tasks":{"details":{"lastUpdateDateTime":"2021-01-27T02:11:24Z"},"completed":1,"failed":0,"inProgress":2,"total":3,"keyPhraseExtractionTasks":[{"lastUpdateDateTime":"2021-01-27T02:11:24.4622846Z","results":{"inTerminalState":true,"documents":[],"errors":[{"id":"0","error":{"code":"InvalidArgument","message":"Invalid
        Language Code.","innererror":{"code":"UnsupportedLanguageCode","message":"Invalid
        language code. Supported languages: da,de,en,es,fi,fr,it,ja,ko,nl,no,pl,pt-BR,pt-PT,ru,sv"}}}],"modelVersion":"2020-07-01"}}]}}'
    headers:
      apim-request-id:
      - c1d903bb-2f1a-4229-a3b6-d4598e942f8e
      content-type:
      - application/json; charset=utf-8
      date:
      - Wed, 27 Jan 2021 02:12:10 GMT
      strict-transport-security:
      - max-age=31536000; includeSubDomains; preload
      transfer-encoding:
      - chunked
      x-content-type-options:
      - nosniff
      x-envoy-upstream-service-time:
      - '127'
    status:
      code: 200
      message: OK
- request:
    body: null
    headers:
      Accept:
      - '*/*'
      Accept-Encoding:
      - gzip, deflate
      Connection:
      - keep-alive
      User-Agent:
      - azsdk-python-ai-textanalytics/5.1.0b5 Python/3.8.5 (macOS-10.13.6-x86_64-i386-64bit)
    method: GET
    uri: https://westus2.api.cognitive.microsoft.com/text/analytics/v3.1-preview.3/analyze/jobs/20955490-d5fa-4f68-a433-76f909c3efa4_637473024000000000
  response:
    body:
      string: '{"jobId":"20955490-d5fa-4f68-a433-76f909c3efa4_637473024000000000","lastUpdateDateTime":"2021-01-27T02:11:24Z","createdDateTime":"2021-01-27T02:11:24Z","expirationDateTime":"2021-01-28T02:11:24Z","status":"running","errors":[],"tasks":{"details":{"lastUpdateDateTime":"2021-01-27T02:11:24Z"},"completed":1,"failed":0,"inProgress":2,"total":3,"keyPhraseExtractionTasks":[{"lastUpdateDateTime":"2021-01-27T02:11:24.4622846Z","results":{"inTerminalState":true,"documents":[],"errors":[{"id":"0","error":{"code":"InvalidArgument","message":"Invalid
        Language Code.","innererror":{"code":"UnsupportedLanguageCode","message":"Invalid
        language code. Supported languages: da,de,en,es,fi,fr,it,ja,ko,nl,no,pl,pt-BR,pt-PT,ru,sv"}}}],"modelVersion":"2020-07-01"}}]}}'
    headers:
      apim-request-id:
      - 7b19213c-abd0-40e1-950e-e16997a882b3
      content-type:
      - application/json; charset=utf-8
      date:
      - Wed, 27 Jan 2021 02:12:15 GMT
      strict-transport-security:
      - max-age=31536000; includeSubDomains; preload
      transfer-encoding:
      - chunked
      x-content-type-options:
      - nosniff
      x-envoy-upstream-service-time:
      - '94'
    status:
      code: 200
      message: OK
- request:
    body: null
    headers:
      Accept:
      - '*/*'
      Accept-Encoding:
      - gzip, deflate
      Connection:
      - keep-alive
      User-Agent:
      - azsdk-python-ai-textanalytics/5.1.0b5 Python/3.8.5 (macOS-10.13.6-x86_64-i386-64bit)
    method: GET
    uri: https://westus2.api.cognitive.microsoft.com/text/analytics/v3.1-preview.3/analyze/jobs/20955490-d5fa-4f68-a433-76f909c3efa4_637473024000000000
  response:
    body:
      string: '{"jobId":"20955490-d5fa-4f68-a433-76f909c3efa4_637473024000000000","lastUpdateDateTime":"2021-01-27T02:11:24Z","createdDateTime":"2021-01-27T02:11:24Z","expirationDateTime":"2021-01-28T02:11:24Z","status":"running","errors":[],"tasks":{"details":{"lastUpdateDateTime":"2021-01-27T02:11:24Z"},"completed":1,"failed":0,"inProgress":2,"total":3,"keyPhraseExtractionTasks":[{"lastUpdateDateTime":"2021-01-27T02:11:24.4622846Z","results":{"inTerminalState":true,"documents":[],"errors":[{"id":"0","error":{"code":"InvalidArgument","message":"Invalid
        Language Code.","innererror":{"code":"UnsupportedLanguageCode","message":"Invalid
        language code. Supported languages: da,de,en,es,fi,fr,it,ja,ko,nl,no,pl,pt-BR,pt-PT,ru,sv"}}}],"modelVersion":"2020-07-01"}}]}}'
    headers:
      apim-request-id:
      - 9fc0147a-9d05-4bca-923f-da8d2947700c
      content-type:
      - application/json; charset=utf-8
      date:
      - Wed, 27 Jan 2021 02:12:20 GMT
      strict-transport-security:
      - max-age=31536000; includeSubDomains; preload
      transfer-encoding:
      - chunked
      x-content-type-options:
      - nosniff
      x-envoy-upstream-service-time:
      - '124'
    status:
      code: 200
      message: OK
- request:
    body: null
    headers:
      Accept:
      - '*/*'
      Accept-Encoding:
      - gzip, deflate
      Connection:
      - keep-alive
      User-Agent:
      - azsdk-python-ai-textanalytics/5.1.0b5 Python/3.8.5 (macOS-10.13.6-x86_64-i386-64bit)
    method: GET
    uri: https://westus2.api.cognitive.microsoft.com/text/analytics/v3.1-preview.3/analyze/jobs/20955490-d5fa-4f68-a433-76f909c3efa4_637473024000000000
  response:
    body:
      string: '{"jobId":"20955490-d5fa-4f68-a433-76f909c3efa4_637473024000000000","lastUpdateDateTime":"2021-01-27T02:11:24Z","createdDateTime":"2021-01-27T02:11:24Z","expirationDateTime":"2021-01-28T02:11:24Z","status":"running","errors":[],"tasks":{"details":{"lastUpdateDateTime":"2021-01-27T02:11:24Z"},"completed":1,"failed":0,"inProgress":2,"total":3,"keyPhraseExtractionTasks":[{"lastUpdateDateTime":"2021-01-27T02:11:24.4622846Z","results":{"inTerminalState":true,"documents":[],"errors":[{"id":"0","error":{"code":"InvalidArgument","message":"Invalid
        Language Code.","innererror":{"code":"UnsupportedLanguageCode","message":"Invalid
        language code. Supported languages: da,de,en,es,fi,fr,it,ja,ko,nl,no,pl,pt-BR,pt-PT,ru,sv"}}}],"modelVersion":"2020-07-01"}}]}}'
    headers:
      apim-request-id:
      - 45c5e887-71c4-4ba5-883b-9d5b542112ec
      content-type:
      - application/json; charset=utf-8
      date:
      - Wed, 27 Jan 2021 02:12:26 GMT
      strict-transport-security:
      - max-age=31536000; includeSubDomains; preload
      transfer-encoding:
      - chunked
      x-content-type-options:
      - nosniff
      x-envoy-upstream-service-time:
      - '266'
    status:
      code: 200
      message: OK
- request:
    body: null
    headers:
      Accept:
      - '*/*'
      Accept-Encoding:
      - gzip, deflate
      Connection:
      - keep-alive
      User-Agent:
      - azsdk-python-ai-textanalytics/5.1.0b5 Python/3.8.5 (macOS-10.13.6-x86_64-i386-64bit)
    method: GET
    uri: https://westus2.api.cognitive.microsoft.com/text/analytics/v3.1-preview.3/analyze/jobs/20955490-d5fa-4f68-a433-76f909c3efa4_637473024000000000
  response:
    body:
      string: '{"jobId":"20955490-d5fa-4f68-a433-76f909c3efa4_637473024000000000","lastUpdateDateTime":"2021-01-27T02:11:24Z","createdDateTime":"2021-01-27T02:11:24Z","expirationDateTime":"2021-01-28T02:11:24Z","status":"running","errors":[],"tasks":{"details":{"lastUpdateDateTime":"2021-01-27T02:11:24Z"},"completed":1,"failed":0,"inProgress":2,"total":3,"keyPhraseExtractionTasks":[{"lastUpdateDateTime":"2021-01-27T02:11:24.4622846Z","results":{"inTerminalState":true,"documents":[],"errors":[{"id":"0","error":{"code":"InvalidArgument","message":"Invalid
        Language Code.","innererror":{"code":"UnsupportedLanguageCode","message":"Invalid
        language code. Supported languages: da,de,en,es,fi,fr,it,ja,ko,nl,no,pl,pt-BR,pt-PT,ru,sv"}}}],"modelVersion":"2020-07-01"}}]}}'
    headers:
      apim-request-id:
      - f1fc20d7-7320-41ae-b3fa-1a40eff01dc7
      content-type:
      - application/json; charset=utf-8
      date:
      - Wed, 27 Jan 2021 02:12:31 GMT
      strict-transport-security:
      - max-age=31536000; includeSubDomains; preload
      transfer-encoding:
      - chunked
      x-content-type-options:
      - nosniff
      x-envoy-upstream-service-time:
      - '150'
    status:
      code: 200
      message: OK
- request:
    body: null
    headers:
      Accept:
      - '*/*'
      Accept-Encoding:
      - gzip, deflate
      Connection:
      - keep-alive
      User-Agent:
      - azsdk-python-ai-textanalytics/5.1.0b5 Python/3.8.5 (macOS-10.13.6-x86_64-i386-64bit)
    method: GET
    uri: https://westus2.api.cognitive.microsoft.com/text/analytics/v3.1-preview.3/analyze/jobs/20955490-d5fa-4f68-a433-76f909c3efa4_637473024000000000
  response:
    body:
      string: '{"jobId":"20955490-d5fa-4f68-a433-76f909c3efa4_637473024000000000","lastUpdateDateTime":"2021-01-27T02:11:24Z","createdDateTime":"2021-01-27T02:11:24Z","expirationDateTime":"2021-01-28T02:11:24Z","status":"running","errors":[],"tasks":{"details":{"lastUpdateDateTime":"2021-01-27T02:11:24Z"},"completed":1,"failed":0,"inProgress":2,"total":3,"keyPhraseExtractionTasks":[{"lastUpdateDateTime":"2021-01-27T02:11:24.4622846Z","results":{"inTerminalState":true,"documents":[],"errors":[{"id":"0","error":{"code":"InvalidArgument","message":"Invalid
        Language Code.","innererror":{"code":"UnsupportedLanguageCode","message":"Invalid
        language code. Supported languages: da,de,en,es,fi,fr,it,ja,ko,nl,no,pl,pt-BR,pt-PT,ru,sv"}}}],"modelVersion":"2020-07-01"}}]}}'
    headers:
      apim-request-id:
      - 035d8646-b7e3-4734-ae47-df803632a948
      content-type:
      - application/json; charset=utf-8
      date:
      - Wed, 27 Jan 2021 02:12:37 GMT
      strict-transport-security:
      - max-age=31536000; includeSubDomains; preload
      transfer-encoding:
      - chunked
      x-content-type-options:
      - nosniff
      x-envoy-upstream-service-time:
      - '131'
    status:
      code: 200
      message: OK
- request:
    body: null
    headers:
      Accept:
      - '*/*'
      Accept-Encoding:
      - gzip, deflate
      Connection:
      - keep-alive
      User-Agent:
      - azsdk-python-ai-textanalytics/5.1.0b5 Python/3.8.5 (macOS-10.13.6-x86_64-i386-64bit)
    method: GET
    uri: https://westus2.api.cognitive.microsoft.com/text/analytics/v3.1-preview.3/analyze/jobs/20955490-d5fa-4f68-a433-76f909c3efa4_637473024000000000
  response:
    body:
      string: '{"jobId":"20955490-d5fa-4f68-a433-76f909c3efa4_637473024000000000","lastUpdateDateTime":"2021-01-27T02:11:24Z","createdDateTime":"2021-01-27T02:11:24Z","expirationDateTime":"2021-01-28T02:11:24Z","status":"running","errors":[],"tasks":{"details":{"lastUpdateDateTime":"2021-01-27T02:11:24Z"},"completed":1,"failed":0,"inProgress":2,"total":3,"keyPhraseExtractionTasks":[{"lastUpdateDateTime":"2021-01-27T02:11:24.4622846Z","results":{"inTerminalState":true,"documents":[],"errors":[{"id":"0","error":{"code":"InvalidArgument","message":"Invalid
        Language Code.","innererror":{"code":"UnsupportedLanguageCode","message":"Invalid
        language code. Supported languages: da,de,en,es,fi,fr,it,ja,ko,nl,no,pl,pt-BR,pt-PT,ru,sv"}}}],"modelVersion":"2020-07-01"}}]}}'
    headers:
      apim-request-id:
      - a0c1d5ab-eb31-40ea-b163-ad8920c439a8
      content-type:
      - application/json; charset=utf-8
      date:
      - Wed, 27 Jan 2021 02:12:42 GMT
      strict-transport-security:
      - max-age=31536000; includeSubDomains; preload
      transfer-encoding:
      - chunked
      x-content-type-options:
      - nosniff
      x-envoy-upstream-service-time:
      - '172'
    status:
      code: 200
      message: OK
- request:
    body: null
    headers:
      Accept:
      - '*/*'
      Accept-Encoding:
      - gzip, deflate
      Connection:
      - keep-alive
      User-Agent:
      - azsdk-python-ai-textanalytics/5.1.0b5 Python/3.8.5 (macOS-10.13.6-x86_64-i386-64bit)
    method: GET
    uri: https://westus2.api.cognitive.microsoft.com/text/analytics/v3.1-preview.3/analyze/jobs/20955490-d5fa-4f68-a433-76f909c3efa4_637473024000000000
  response:
    body:
      string: '{"jobId":"20955490-d5fa-4f68-a433-76f909c3efa4_637473024000000000","lastUpdateDateTime":"2021-01-27T02:11:24Z","createdDateTime":"2021-01-27T02:11:24Z","expirationDateTime":"2021-01-28T02:11:24Z","status":"running","errors":[],"tasks":{"details":{"lastUpdateDateTime":"2021-01-27T02:11:24Z"},"completed":1,"failed":0,"inProgress":2,"total":3,"keyPhraseExtractionTasks":[{"lastUpdateDateTime":"2021-01-27T02:11:24.4622846Z","results":{"inTerminalState":true,"documents":[],"errors":[{"id":"0","error":{"code":"InvalidArgument","message":"Invalid
        Language Code.","innererror":{"code":"UnsupportedLanguageCode","message":"Invalid
        language code. Supported languages: da,de,en,es,fi,fr,it,ja,ko,nl,no,pl,pt-BR,pt-PT,ru,sv"}}}],"modelVersion":"2020-07-01"}}]}}'
    headers:
      apim-request-id:
      - f35372d4-d3a0-4152-b100-855d67117b7e
      content-type:
      - application/json; charset=utf-8
      date:
      - Wed, 27 Jan 2021 02:12:47 GMT
      strict-transport-security:
      - max-age=31536000; includeSubDomains; preload
      transfer-encoding:
      - chunked
      x-content-type-options:
      - nosniff
      x-envoy-upstream-service-time:
      - '170'
    status:
      code: 200
      message: OK
- request:
    body: null
    headers:
      Accept:
      - '*/*'
      Accept-Encoding:
      - gzip, deflate
      Connection:
      - keep-alive
      User-Agent:
      - azsdk-python-ai-textanalytics/5.1.0b5 Python/3.8.5 (macOS-10.13.6-x86_64-i386-64bit)
    method: GET
    uri: https://westus2.api.cognitive.microsoft.com/text/analytics/v3.1-preview.3/analyze/jobs/20955490-d5fa-4f68-a433-76f909c3efa4_637473024000000000
  response:
    body:
      string: '{"jobId":"20955490-d5fa-4f68-a433-76f909c3efa4_637473024000000000","lastUpdateDateTime":"2021-01-27T02:11:24Z","createdDateTime":"2021-01-27T02:11:24Z","expirationDateTime":"2021-01-28T02:11:24Z","status":"running","errors":[],"tasks":{"details":{"lastUpdateDateTime":"2021-01-27T02:11:24Z"},"completed":1,"failed":0,"inProgress":2,"total":3,"keyPhraseExtractionTasks":[{"lastUpdateDateTime":"2021-01-27T02:11:24.4622846Z","results":{"inTerminalState":true,"documents":[],"errors":[{"id":"0","error":{"code":"InvalidArgument","message":"Invalid
        Language Code.","innererror":{"code":"UnsupportedLanguageCode","message":"Invalid
        language code. Supported languages: da,de,en,es,fi,fr,it,ja,ko,nl,no,pl,pt-BR,pt-PT,ru,sv"}}}],"modelVersion":"2020-07-01"}}]}}'
    headers:
      apim-request-id:
      - 98719c35-d320-4cfd-b96e-010136316009
      content-type:
      - application/json; charset=utf-8
      date:
      - Wed, 27 Jan 2021 02:12:52 GMT
      strict-transport-security:
      - max-age=31536000; includeSubDomains; preload
      transfer-encoding:
      - chunked
      x-content-type-options:
      - nosniff
      x-envoy-upstream-service-time:
      - '119'
    status:
      code: 200
      message: OK
- request:
    body: null
    headers:
      Accept:
      - '*/*'
      Accept-Encoding:
      - gzip, deflate
      Connection:
      - keep-alive
      User-Agent:
      - azsdk-python-ai-textanalytics/5.1.0b5 Python/3.8.5 (macOS-10.13.6-x86_64-i386-64bit)
    method: GET
    uri: https://westus2.api.cognitive.microsoft.com/text/analytics/v3.1-preview.3/analyze/jobs/20955490-d5fa-4f68-a433-76f909c3efa4_637473024000000000
  response:
    body:
      string: '{"jobId":"20955490-d5fa-4f68-a433-76f909c3efa4_637473024000000000","lastUpdateDateTime":"2021-01-27T02:11:24Z","createdDateTime":"2021-01-27T02:11:24Z","expirationDateTime":"2021-01-28T02:11:24Z","status":"running","errors":[],"tasks":{"details":{"lastUpdateDateTime":"2021-01-27T02:11:24Z"},"completed":1,"failed":0,"inProgress":2,"total":3,"keyPhraseExtractionTasks":[{"lastUpdateDateTime":"2021-01-27T02:11:24.4622846Z","results":{"inTerminalState":true,"documents":[],"errors":[{"id":"0","error":{"code":"InvalidArgument","message":"Invalid
        Language Code.","innererror":{"code":"UnsupportedLanguageCode","message":"Invalid
        language code. Supported languages: da,de,en,es,fi,fr,it,ja,ko,nl,no,pl,pt-BR,pt-PT,ru,sv"}}}],"modelVersion":"2020-07-01"}}]}}'
    headers:
      apim-request-id:
      - a35e2023-b9c9-41e6-8393-45f36e5782d3
      content-type:
      - application/json; charset=utf-8
      date:
      - Wed, 27 Jan 2021 02:12:58 GMT
      strict-transport-security:
      - max-age=31536000; includeSubDomains; preload
      transfer-encoding:
      - chunked
      x-content-type-options:
      - nosniff
      x-envoy-upstream-service-time:
      - '158'
    status:
      code: 200
      message: OK
- request:
    body: null
    headers:
      Accept:
      - '*/*'
      Accept-Encoding:
      - gzip, deflate
      Connection:
      - keep-alive
      User-Agent:
      - azsdk-python-ai-textanalytics/5.1.0b5 Python/3.8.5 (macOS-10.13.6-x86_64-i386-64bit)
    method: GET
    uri: https://westus2.api.cognitive.microsoft.com/text/analytics/v3.1-preview.3/analyze/jobs/20955490-d5fa-4f68-a433-76f909c3efa4_637473024000000000
  response:
    body:
      string: '{"jobId":"20955490-d5fa-4f68-a433-76f909c3efa4_637473024000000000","lastUpdateDateTime":"2021-01-27T02:11:24Z","createdDateTime":"2021-01-27T02:11:24Z","expirationDateTime":"2021-01-28T02:11:24Z","status":"running","errors":[],"tasks":{"details":{"lastUpdateDateTime":"2021-01-27T02:11:24Z"},"completed":1,"failed":0,"inProgress":2,"total":3,"keyPhraseExtractionTasks":[{"lastUpdateDateTime":"2021-01-27T02:11:24.4622846Z","results":{"inTerminalState":true,"documents":[],"errors":[{"id":"0","error":{"code":"InvalidArgument","message":"Invalid
        Language Code.","innererror":{"code":"UnsupportedLanguageCode","message":"Invalid
        language code. Supported languages: da,de,en,es,fi,fr,it,ja,ko,nl,no,pl,pt-BR,pt-PT,ru,sv"}}}],"modelVersion":"2020-07-01"}}]}}'
    headers:
      apim-request-id:
      - ecc600fa-7b13-4bfd-9aa9-bde48a688dbb
      content-type:
      - application/json; charset=utf-8
      date:
      - Wed, 27 Jan 2021 02:13:03 GMT
      strict-transport-security:
      - max-age=31536000; includeSubDomains; preload
      transfer-encoding:
      - chunked
      x-content-type-options:
      - nosniff
      x-envoy-upstream-service-time:
      - '136'
    status:
      code: 200
      message: OK
- request:
    body: null
    headers:
      Accept:
      - '*/*'
      Accept-Encoding:
      - gzip, deflate
      Connection:
      - keep-alive
      User-Agent:
      - azsdk-python-ai-textanalytics/5.1.0b5 Python/3.8.5 (macOS-10.13.6-x86_64-i386-64bit)
    method: GET
    uri: https://westus2.api.cognitive.microsoft.com/text/analytics/v3.1-preview.3/analyze/jobs/20955490-d5fa-4f68-a433-76f909c3efa4_637473024000000000
  response:
    body:
      string: '{"jobId":"20955490-d5fa-4f68-a433-76f909c3efa4_637473024000000000","lastUpdateDateTime":"2021-01-27T02:11:24Z","createdDateTime":"2021-01-27T02:11:24Z","expirationDateTime":"2021-01-28T02:11:24Z","status":"running","errors":[],"tasks":{"details":{"lastUpdateDateTime":"2021-01-27T02:11:24Z"},"completed":1,"failed":0,"inProgress":2,"total":3,"keyPhraseExtractionTasks":[{"lastUpdateDateTime":"2021-01-27T02:11:24.4622846Z","results":{"inTerminalState":true,"documents":[],"errors":[{"id":"0","error":{"code":"InvalidArgument","message":"Invalid
        Language Code.","innererror":{"code":"UnsupportedLanguageCode","message":"Invalid
        language code. Supported languages: da,de,en,es,fi,fr,it,ja,ko,nl,no,pl,pt-BR,pt-PT,ru,sv"}}}],"modelVersion":"2020-07-01"}}]}}'
    headers:
      apim-request-id:
      - 230765f8-4cac-409c-b292-ce46524dd438
      content-type:
      - application/json; charset=utf-8
      date:
      - Wed, 27 Jan 2021 02:13:08 GMT
      strict-transport-security:
      - max-age=31536000; includeSubDomains; preload
      transfer-encoding:
      - chunked
      x-content-type-options:
      - nosniff
      x-envoy-upstream-service-time:
      - '127'
    status:
      code: 200
      message: OK
- request:
    body: null
    headers:
      Accept:
      - '*/*'
      Accept-Encoding:
      - gzip, deflate
      Connection:
      - keep-alive
      User-Agent:
      - azsdk-python-ai-textanalytics/5.1.0b5 Python/3.8.5 (macOS-10.13.6-x86_64-i386-64bit)
    method: GET
    uri: https://westus2.api.cognitive.microsoft.com/text/analytics/v3.1-preview.3/analyze/jobs/20955490-d5fa-4f68-a433-76f909c3efa4_637473024000000000
  response:
    body:
      string: '{"jobId":"20955490-d5fa-4f68-a433-76f909c3efa4_637473024000000000","lastUpdateDateTime":"2021-01-27T02:11:24Z","createdDateTime":"2021-01-27T02:11:24Z","expirationDateTime":"2021-01-28T02:11:24Z","status":"running","errors":[],"tasks":{"details":{"lastUpdateDateTime":"2021-01-27T02:11:24Z"},"completed":1,"failed":0,"inProgress":2,"total":3,"keyPhraseExtractionTasks":[{"lastUpdateDateTime":"2021-01-27T02:11:24.4622846Z","results":{"inTerminalState":true,"documents":[],"errors":[{"id":"0","error":{"code":"InvalidArgument","message":"Invalid
        Language Code.","innererror":{"code":"UnsupportedLanguageCode","message":"Invalid
        language code. Supported languages: da,de,en,es,fi,fr,it,ja,ko,nl,no,pl,pt-BR,pt-PT,ru,sv"}}}],"modelVersion":"2020-07-01"}}]}}'
    headers:
      apim-request-id:
      - 8517d90e-fa9f-4bca-80f0-b38962b91f84
      content-type:
      - application/json; charset=utf-8
      date:
      - Wed, 27 Jan 2021 02:13:13 GMT
      strict-transport-security:
      - max-age=31536000; includeSubDomains; preload
      transfer-encoding:
      - chunked
      x-content-type-options:
      - nosniff
      x-envoy-upstream-service-time:
      - '96'
    status:
      code: 200
      message: OK
- request:
    body: null
    headers:
      Accept:
      - '*/*'
      Accept-Encoding:
      - gzip, deflate
      Connection:
      - keep-alive
      User-Agent:
      - azsdk-python-ai-textanalytics/5.1.0b5 Python/3.8.5 (macOS-10.13.6-x86_64-i386-64bit)
    method: GET
    uri: https://westus2.api.cognitive.microsoft.com/text/analytics/v3.1-preview.3/analyze/jobs/20955490-d5fa-4f68-a433-76f909c3efa4_637473024000000000
  response:
    body:
      string: '{"jobId":"20955490-d5fa-4f68-a433-76f909c3efa4_637473024000000000","lastUpdateDateTime":"2021-01-27T02:11:24Z","createdDateTime":"2021-01-27T02:11:24Z","expirationDateTime":"2021-01-28T02:11:24Z","status":"running","errors":[],"tasks":{"details":{"lastUpdateDateTime":"2021-01-27T02:11:24Z"},"completed":1,"failed":0,"inProgress":2,"total":3,"keyPhraseExtractionTasks":[{"lastUpdateDateTime":"2021-01-27T02:11:24.4622846Z","results":{"inTerminalState":true,"documents":[],"errors":[{"id":"0","error":{"code":"InvalidArgument","message":"Invalid
        Language Code.","innererror":{"code":"UnsupportedLanguageCode","message":"Invalid
        language code. Supported languages: da,de,en,es,fi,fr,it,ja,ko,nl,no,pl,pt-BR,pt-PT,ru,sv"}}}],"modelVersion":"2020-07-01"}}]}}'
    headers:
      apim-request-id:
      - 5d20f696-2f47-419b-8041-4727ba39c885
      content-type:
      - application/json; charset=utf-8
      date:
      - Wed, 27 Jan 2021 02:13:19 GMT
      strict-transport-security:
      - max-age=31536000; includeSubDomains; preload
      transfer-encoding:
      - chunked
      x-content-type-options:
      - nosniff
      x-envoy-upstream-service-time:
      - '136'
    status:
      code: 200
      message: OK
- request:
    body: null
    headers:
      Accept:
      - '*/*'
      Accept-Encoding:
      - gzip, deflate
      Connection:
      - keep-alive
      User-Agent:
      - azsdk-python-ai-textanalytics/5.1.0b5 Python/3.8.5 (macOS-10.13.6-x86_64-i386-64bit)
    method: GET
    uri: https://westus2.api.cognitive.microsoft.com/text/analytics/v3.1-preview.3/analyze/jobs/20955490-d5fa-4f68-a433-76f909c3efa4_637473024000000000
  response:
    body:
      string: '{"jobId":"20955490-d5fa-4f68-a433-76f909c3efa4_637473024000000000","lastUpdateDateTime":"2021-01-27T02:11:24Z","createdDateTime":"2021-01-27T02:11:24Z","expirationDateTime":"2021-01-28T02:11:24Z","status":"running","errors":[],"tasks":{"details":{"lastUpdateDateTime":"2021-01-27T02:11:24Z"},"completed":1,"failed":0,"inProgress":2,"total":3,"keyPhraseExtractionTasks":[{"lastUpdateDateTime":"2021-01-27T02:11:24.4622846Z","results":{"inTerminalState":true,"documents":[],"errors":[{"id":"0","error":{"code":"InvalidArgument","message":"Invalid
        Language Code.","innererror":{"code":"UnsupportedLanguageCode","message":"Invalid
        language code. Supported languages: da,de,en,es,fi,fr,it,ja,ko,nl,no,pl,pt-BR,pt-PT,ru,sv"}}}],"modelVersion":"2020-07-01"}}]}}'
    headers:
      apim-request-id:
      - 8a89e67f-ede5-43ef-b93c-48a2deea55b3
      content-type:
      - application/json; charset=utf-8
      date:
      - Wed, 27 Jan 2021 02:13:24 GMT
      strict-transport-security:
      - max-age=31536000; includeSubDomains; preload
      transfer-encoding:
      - chunked
      x-content-type-options:
      - nosniff
      x-envoy-upstream-service-time:
      - '138'
    status:
      code: 200
      message: OK
- request:
    body: null
    headers:
      Accept:
      - '*/*'
      Accept-Encoding:
      - gzip, deflate
      Connection:
      - keep-alive
      User-Agent:
      - azsdk-python-ai-textanalytics/5.1.0b5 Python/3.8.5 (macOS-10.13.6-x86_64-i386-64bit)
    method: GET
    uri: https://westus2.api.cognitive.microsoft.com/text/analytics/v3.1-preview.3/analyze/jobs/20955490-d5fa-4f68-a433-76f909c3efa4_637473024000000000
  response:
    body:
      string: '{"jobId":"20955490-d5fa-4f68-a433-76f909c3efa4_637473024000000000","lastUpdateDateTime":"2021-01-27T02:11:24Z","createdDateTime":"2021-01-27T02:11:24Z","expirationDateTime":"2021-01-28T02:11:24Z","status":"succeeded","errors":[],"tasks":{"details":{"lastUpdateDateTime":"2021-01-27T02:11:24Z"},"completed":3,"failed":0,"inProgress":0,"total":3,"entityRecognitionTasks":[{"lastUpdateDateTime":"2021-01-27T02:11:24.4622846Z","results":{"inTerminalState":true,"documents":[],"errors":[{"id":"0","error":{"code":"InvalidArgument","message":"Invalid
        Language Code.","innererror":{"code":"UnsupportedLanguageCode","message":"Invalid
        language code. Supported languages: en,es,de,fr,zh-Hans,ar,cs,da,fi,hu,it,ja,ko,no,nl,pl,pt-BR,pt-PT,ru,sv,tr"}}}],"modelVersion":"2020-04-01"}}],"entityRecognitionPiiTasks":[{"lastUpdateDateTime":"2021-01-27T02:11:24.4622846Z","results":{"inTerminalState":true,"documents":[],"errors":[{"id":"0","error":{"code":"InvalidArgument","message":"Invalid
        Language Code.","innererror":{"code":"UnsupportedLanguageCode","message":"Invalid
        language code. Supported languages: en"}}}],"modelVersion":"2020-07-01"}}],"keyPhraseExtractionTasks":[{"lastUpdateDateTime":"2021-01-27T02:11:24.4622846Z","results":{"inTerminalState":true,"documents":[],"errors":[{"id":"0","error":{"code":"InvalidArgument","message":"Invalid
        Language Code.","innererror":{"code":"UnsupportedLanguageCode","message":"Invalid
        language code. Supported languages: da,de,en,es,fi,fr,it,ja,ko,nl,no,pl,pt-BR,pt-PT,ru,sv"}}}],"modelVersion":"2020-07-01"}}]}}'
    headers:
      apim-request-id:
      - c98a4c30-ea7f-4f98-96ba-0bcb4d2e74df
      content-type:
      - application/json; charset=utf-8
      date:
      - Wed, 27 Jan 2021 02:13:29 GMT
      strict-transport-security:
      - max-age=31536000; includeSubDomains; preload
      transfer-encoding:
      - chunked
      x-content-type-options:
      - nosniff
      x-envoy-upstream-service-time:
      - '163'
    status:
      code: 200
      message: OK
version: 1
