interactions:
- request:
    body: '{"documents": [{"id": "1", "text": "I will go to the park.", "language":
      "es"}, {"id": "2", "text": "I did not like the hotel we stayed at.", "language":
      "es"}, {"id": "3", "text": "The restaurant had really good food.", "language":
      "es"}]}'
    headers:
      Accept:
      - application/json, text/json
      Accept-Encoding:
      - gzip, deflate
      Connection:
      - keep-alive
      Content-Length:
      - '240'
      Content-Type:
      - application/json
      User-Agent:
      - azsdk-python-ai-textanalytics/5.1.0 Python/3.9.0 (Windows-10-10.0.19041-SP0)
    method: POST
    uri: https://westus2.api.cognitive.microsoft.com/text/analytics/v3.1/keyPhrases?showStats=false
  response:
    body:
      string: '{"documents":[{"id":"1","keyPhrases":["park"],"warnings":[]},{"id":"2","keyPhrases":["hotel"],"warnings":[]},{"id":"3","keyPhrases":["good
        food","restaurant"],"warnings":[]}],"errors":[],"modelVersion":"2021-06-01"}'
    headers:
      apim-request-id:
      - a1f94bb8-4a1f-4036-8e6a-7c4e84708abc
      content-type:
      - application/json; charset=utf-8
      csp-billing-usage:
      - CognitiveServices.TextAnalytics.BatchScoring=3,CognitiveServices.TextAnalytics.TextRecords=3
      date:
      - Wed, 23 Jun 2021 01:54:49 GMT
      strict-transport-security:
      - max-age=31536000; includeSubDomains; preload
      transfer-encoding:
      - chunked
      x-content-type-options:
      - nosniff
      x-envoy-upstream-service-time:
      - '21'
    status:
      code: 200
      message: OK
- request:
    body: '{"documents": [{"id": "1", "text": "I will go to the park.", "language":
      "en"}, {"id": "2", "text": "I did not like the hotel we stayed at.", "language":
      "en"}, {"id": "3", "text": "The restaurant had really good food.", "language":
      "en"}]}'
    headers:
      Accept:
      - application/json, text/json
      Accept-Encoding:
      - gzip, deflate
      Connection:
      - keep-alive
      Content-Length:
      - '240'
      Content-Type:
      - application/json
      User-Agent:
      - azsdk-python-ai-textanalytics/5.1.0 Python/3.9.0 (Windows-10-10.0.19041-SP0)
    method: POST
    uri: https://westus2.api.cognitive.microsoft.com/text/analytics/v3.1/keyPhrases?showStats=false
  response:
    body:
      string: '{"documents":[{"id":"1","keyPhrases":["park"],"warnings":[]},{"id":"2","keyPhrases":["hotel"],"warnings":[]},{"id":"3","keyPhrases":["good
        food","restaurant"],"warnings":[]}],"errors":[],"modelVersion":"2021-06-01"}'
    headers:
      apim-request-id:
      - 29836eeb-68d0-4703-9ff3-8c27a192a988
      content-type:
      - application/json; charset=utf-8
      csp-billing-usage:
      - CognitiveServices.TextAnalytics.BatchScoring=3,CognitiveServices.TextAnalytics.TextRecords=3
      date:
      - Wed, 23 Jun 2021 01:54:49 GMT
      strict-transport-security:
      - max-age=31536000; includeSubDomains; preload
      transfer-encoding:
      - chunked
      x-content-type-options:
      - nosniff
      x-envoy-upstream-service-time:
      - '15'
    status:
      code: 200
      message: OK
- request:
    body: '{"documents": [{"id": "1", "text": "I will go to the park.", "language":
      "es"}, {"id": "2", "text": "I did not like the hotel we stayed at.", "language":
      "es"}, {"id": "3", "text": "The restaurant had really good food.", "language":
      "es"}]}'
    headers:
      Accept:
      - application/json, text/json
      Accept-Encoding:
      - gzip, deflate
      Connection:
      - keep-alive
      Content-Length:
      - '240'
      Content-Type:
      - application/json
      User-Agent:
      - azsdk-python-ai-textanalytics/5.1.0 Python/3.9.0 (Windows-10-10.0.19041-SP0)
    method: POST
    uri: https://westus2.api.cognitive.microsoft.com/text/analytics/v3.1/keyPhrases?showStats=false
  response:
    body:
      string: '{"documents":[{"id":"1","keyPhrases":["park"],"warnings":[]},{"id":"2","keyPhrases":["hotel"],"warnings":[]},{"id":"3","keyPhrases":["good
        food","restaurant"],"warnings":[]}],"errors":[],"modelVersion":"2021-06-01"}'
    headers:
      apim-request-id:
      - 86b7d335-cee7-48f1-b8db-87b187802215
      content-type:
      - application/json; charset=utf-8
      csp-billing-usage:
      - CognitiveServices.TextAnalytics.BatchScoring=3,CognitiveServices.TextAnalytics.TextRecords=3
      date:
      - Wed, 23 Jun 2021 01:54:49 GMT
      strict-transport-security:
      - max-age=31536000; includeSubDomains; preload
      transfer-encoding:
      - chunked
      x-content-type-options:
      - nosniff
      x-envoy-upstream-service-time:
      - '20'
    status:
      code: 200
      message: OK
version: 1
