interactions:
- request:
    body: '{"documents": [{"id": "1", "text": "I will go to the park.", "language":
      "en"}, {"id": "2", "text": "I did not like the hotel we stayed at.", "language":
      "en"}, {"id": "3", "text": "The restaurant had really good food.", "language":
      "en"}]}'
    headers:
      Accept:
      - application/json, text/json
      Accept-Encoding:
      - gzip, deflate
      Connection:
      - keep-alive
      Content-Length:
      - '240'
      Content-Type:
      - application/json
      User-Agent:
      - azsdk-python-ai-textanalytics/5.1.0b2 Python/3.8.5 (macOS-10.13.6-x86_64-i386-64bit)
    method: POST
    uri: https://westcentralus.api.cognitive.microsoft.com/text/analytics/v3.1-preview.2/entities/recognition/pii?showStats=false&stringIndexType=UnicodeCodePoint
  response:
    body:
      string: '{"documents":[{"redactedText":"I will go to the park.","id":"1","entities":[],"warnings":[]},{"redactedText":"I
        did not like the hotel we stayed at.","id":"2","entities":[],"warnings":[]},{"redactedText":"The
        restaurant had really good food.","id":"3","entities":[],"warnings":[]}],"errors":[],"modelVersion":"2020-07-01"}'
    headers:
      apim-request-id:
      - edbe5254-e89a-448f-bf96-336a6e2cea9c
      content-type:
      - application/json; charset=utf-8
      csp-billing-usage:
      - CognitiveServices.TextAnalytics.BatchScoring=3
      date:
      - Wed, 30 Sep 2020 16:03:04 GMT
      strict-transport-security:
      - max-age=31536000; includeSubDomains; preload
      transfer-encoding:
      - chunked
      x-content-type-options:
      - nosniff
      x-envoy-upstream-service-time:
      - '64'
    status:
      code: 200
      message: OK
- request:
    body: '{"documents": [{"id": "1", "text": "I will go to the park.", "language":
      "en"}, {"id": "2", "text": "I did not like the hotel we stayed at.", "language":
      "en"}, {"id": "3", "text": "The restaurant had really good food.", "language":
      "en"}]}'
    headers:
      Accept:
      - application/json, text/json
      Accept-Encoding:
      - gzip, deflate
      Connection:
      - keep-alive
      Content-Length:
      - '240'
      Content-Type:
      - application/json
      User-Agent:
      - azsdk-python-ai-textanalytics/5.1.0b2 Python/3.8.5 (macOS-10.13.6-x86_64-i386-64bit)
    method: POST
    uri: https://westcentralus.api.cognitive.microsoft.com/text/analytics/v3.1-preview.2/entities/recognition/pii?showStats=false&stringIndexType=UnicodeCodePoint
  response:
    body:
      string: '{"error":{"code":"401","message":"Access denied due to invalid subscription
        key or wrong API endpoint. Make sure to provide a valid key for an active
        subscription and use a correct regional API endpoint for your resource."}}'
    headers:
      content-length:
      - '224'
      date:
      - Wed, 30 Sep 2020 16:03:04 GMT
    status:
      code: 401
      message: PermissionDenied
- request:
    body: '{"documents": [{"id": "1", "text": "I will go to the park.", "language":
      "en"}, {"id": "2", "text": "I did not like the hotel we stayed at.", "language":
      "en"}, {"id": "3", "text": "The restaurant had really good food.", "language":
      "en"}]}'
    headers:
      Accept:
      - application/json, text/json
      Accept-Encoding:
      - gzip, deflate
      Connection:
      - keep-alive
      Content-Length:
      - '240'
      Content-Type:
      - application/json
      User-Agent:
      - azsdk-python-ai-textanalytics/5.1.0b2 Python/3.8.5 (macOS-10.13.6-x86_64-i386-64bit)
    method: POST
    uri: https://westcentralus.api.cognitive.microsoft.com/text/analytics/v3.1-preview.2/entities/recognition/pii?showStats=false&stringIndexType=UnicodeCodePoint
  response:
    body:
      string: '{"documents":[{"redactedText":"I will go to the park.","id":"1","entities":[],"warnings":[]},{"redactedText":"I
        did not like the hotel we stayed at.","id":"2","entities":[],"warnings":[]},{"redactedText":"The
        restaurant had really good food.","id":"3","entities":[],"warnings":[]}],"errors":[],"modelVersion":"2020-07-01"}'
    headers:
      apim-request-id:
      - 7d8eb62e-102e-4693-8dd2-cd48f7fce6a7
      content-type:
      - application/json; charset=utf-8
      csp-billing-usage:
      - CognitiveServices.TextAnalytics.BatchScoring=3
      date:
      - Wed, 30 Sep 2020 16:03:04 GMT
      strict-transport-security:
      - max-age=31536000; includeSubDomains; preload
      transfer-encoding:
      - chunked
      x-content-type-options:
      - nosniff
      x-envoy-upstream-service-time:
      - '76'
    status:
      code: 200
      message: OK
version: 1
