interactions:
- request:
    body: '{"tasks": {"entityRecognitionTasks": [{"parameters": {"model-version":
      "latest", "stringIndexType": "TextElements_v8"}}], "entityRecognitionPiiTasks":
      [{"parameters": {"model-version": "latest", "stringIndexType": "TextElements_v8"}}],
      "keyPhraseExtractionTasks": [{"parameters": {"model-version": "latest"}}]},
      "analysisInput": {"documents": [{"id": "1", "text": "I should take my cat to
      the veterinarian.", "language": "en"}, {"id": "4", "text": "Este es un document
      escrito en Espa\u00f1ol.", "language": "en"}, {"id": "3", "text": "\u732b\u306f\u5e78\u305b",
      "language": "en"}]}}'
    headers:
      Accept:
      - application/json, text/json
      Accept-Encoding:
      - gzip, deflate
      Connection:
      - keep-alive
      Content-Length:
      - '583'
      Content-Type:
      - application/json
      User-Agent:
      - azsdk-python-ai-textanalytics/5.1.0b5 Python/3.8.5 (macOS-10.13.6-x86_64-i386-64bit)
    method: POST
    uri: https://westus2.api.cognitive.microsoft.com/text/analytics/v3.1-preview.3/analyze
  response:
    body:
      string: ''
    headers:
      apim-request-id:
      - ee50758e-2b06-4caf-99cb-5a1cf0e53169
      date:
      - Wed, 27 Jan 2021 02:11:23 GMT
      operation-location:
      - https://westus2.api.cognitive.microsoft.com/text/analytics/v3.1-preview.3/analyze/jobs/7d74ca3e-c108-45c5-8e92-6de19dffa22e_637473024000000000
      strict-transport-security:
      - max-age=31536000; includeSubDomains; preload
      transfer-encoding:
      - chunked
      x-content-type-options:
      - nosniff
      x-envoy-upstream-service-time:
      - '27'
    status:
      code: 202
      message: Accepted
- request:
    body: null
    headers:
      Accept:
      - '*/*'
      Accept-Encoding:
      - gzip, deflate
      Connection:
      - keep-alive
      User-Agent:
      - azsdk-python-ai-textanalytics/5.1.0b5 Python/3.8.5 (macOS-10.13.6-x86_64-i386-64bit)
    method: GET
    uri: https://westus2.api.cognitive.microsoft.com/text/analytics/v3.1-preview.3/analyze/jobs/7d74ca3e-c108-45c5-8e92-6de19dffa22e_637473024000000000
  response:
    body:
      string: "{\"jobId\":\"7d74ca3e-c108-45c5-8e92-6de19dffa22e_637473024000000000\"\
        ,\"lastUpdateDateTime\":\"2021-01-27T02:11:24Z\",\"createdDateTime\":\"2021-01-27T02:11:23Z\"\
        ,\"expirationDateTime\":\"2021-01-28T02:11:23Z\",\"status\":\"running\",\"\
        errors\":[],\"tasks\":{\"details\":{\"lastUpdateDateTime\":\"2021-01-27T02:11:24Z\"\
        },\"completed\":1,\"failed\":0,\"inProgress\":2,\"total\":3,\"keyPhraseExtractionTasks\"\
        :[{\"lastUpdateDateTime\":\"2021-01-27T02:11:24.4961788Z\",\"results\":{\"\
        inTerminalState\":true,\"documents\":[{\"id\":\"1\",\"keyPhrases\":[\"cat\"\
        ,\"veterinarian\"],\"warnings\":[]},{\"id\":\"4\",\"keyPhrases\":[\"Este es\"\
        ,\"document escrito en Espa\xF1ol\"],\"warnings\":[]},{\"id\":\"3\",\"keyPhrases\"\
        :[\"\u732B\u306F\u5E78\u305B\"],\"warnings\":[]}],\"errors\":[],\"modelVersion\"\
        :\"2020-07-01\"}}]}}"
    headers:
      apim-request-id:
      - d4553566-75b9-4cdc-873f-fb3b15ea686c
      content-type:
      - application/json; charset=utf-8
      date:
      - Wed, 27 Jan 2021 02:11:28 GMT
      strict-transport-security:
      - max-age=31536000; includeSubDomains; preload
      transfer-encoding:
      - chunked
      x-content-type-options:
      - nosniff
      x-envoy-upstream-service-time:
      - '111'
    status:
      code: 200
      message: OK
- request:
    body: null
    headers:
      Accept:
      - '*/*'
      Accept-Encoding:
      - gzip, deflate
      Connection:
      - keep-alive
      User-Agent:
      - azsdk-python-ai-textanalytics/5.1.0b5 Python/3.8.5 (macOS-10.13.6-x86_64-i386-64bit)
    method: GET
    uri: https://westus2.api.cognitive.microsoft.com/text/analytics/v3.1-preview.3/analyze/jobs/7d74ca3e-c108-45c5-8e92-6de19dffa22e_637473024000000000
  response:
    body:
      string: "{\"jobId\":\"7d74ca3e-c108-45c5-8e92-6de19dffa22e_637473024000000000\"\
        ,\"lastUpdateDateTime\":\"2021-01-27T02:11:24Z\",\"createdDateTime\":\"2021-01-27T02:11:23Z\"\
        ,\"expirationDateTime\":\"2021-01-28T02:11:23Z\",\"status\":\"running\",\"\
        errors\":[],\"tasks\":{\"details\":{\"lastUpdateDateTime\":\"2021-01-27T02:11:24Z\"\
        },\"completed\":1,\"failed\":0,\"inProgress\":2,\"total\":3,\"keyPhraseExtractionTasks\"\
        :[{\"lastUpdateDateTime\":\"2021-01-27T02:11:24.4961788Z\",\"results\":{\"\
        inTerminalState\":true,\"documents\":[{\"id\":\"1\",\"keyPhrases\":[\"cat\"\
        ,\"veterinarian\"],\"warnings\":[]},{\"id\":\"4\",\"keyPhrases\":[\"Este es\"\
        ,\"document escrito en Espa\xF1ol\"],\"warnings\":[]},{\"id\":\"3\",\"keyPhrases\"\
        :[\"\u732B\u306F\u5E78\u305B\"],\"warnings\":[]}],\"errors\":[],\"modelVersion\"\
        :\"2020-07-01\"}}]}}"
    headers:
      apim-request-id:
      - fe8f5ff6-1b3e-4697-97bd-88a52974eaef
      content-type:
      - application/json; charset=utf-8
      date:
      - Wed, 27 Jan 2021 02:11:34 GMT
      strict-transport-security:
      - max-age=31536000; includeSubDomains; preload
      transfer-encoding:
      - chunked
      x-content-type-options:
      - nosniff
      x-envoy-upstream-service-time:
      - '157'
    status:
      code: 200
      message: OK
- request:
    body: null
    headers:
      Accept:
      - '*/*'
      Accept-Encoding:
      - gzip, deflate
      Connection:
      - keep-alive
      User-Agent:
      - azsdk-python-ai-textanalytics/5.1.0b5 Python/3.8.5 (macOS-10.13.6-x86_64-i386-64bit)
    method: GET
    uri: https://westus2.api.cognitive.microsoft.com/text/analytics/v3.1-preview.3/analyze/jobs/7d74ca3e-c108-45c5-8e92-6de19dffa22e_637473024000000000
  response:
    body:
      string: "{\"jobId\":\"7d74ca3e-c108-45c5-8e92-6de19dffa22e_637473024000000000\"\
        ,\"lastUpdateDateTime\":\"2021-01-27T02:11:24Z\",\"createdDateTime\":\"2021-01-27T02:11:23Z\"\
        ,\"expirationDateTime\":\"2021-01-28T02:11:23Z\",\"status\":\"running\",\"\
        errors\":[],\"tasks\":{\"details\":{\"lastUpdateDateTime\":\"2021-01-27T02:11:24Z\"\
        },\"completed\":1,\"failed\":0,\"inProgress\":2,\"total\":3,\"keyPhraseExtractionTasks\"\
        :[{\"lastUpdateDateTime\":\"2021-01-27T02:11:24.4961788Z\",\"results\":{\"\
        inTerminalState\":true,\"documents\":[{\"id\":\"1\",\"keyPhrases\":[\"cat\"\
        ,\"veterinarian\"],\"warnings\":[]},{\"id\":\"4\",\"keyPhrases\":[\"Este es\"\
        ,\"document escrito en Espa\xF1ol\"],\"warnings\":[]},{\"id\":\"3\",\"keyPhrases\"\
        :[\"\u732B\u306F\u5E78\u305B\"],\"warnings\":[]}],\"errors\":[],\"modelVersion\"\
        :\"2020-07-01\"}}]}}"
    headers:
      apim-request-id:
      - 3d386527-305a-4296-8a33-2661331f5e2a
      content-type:
      - application/json; charset=utf-8
      date:
      - Wed, 27 Jan 2021 02:11:38 GMT
      strict-transport-security:
      - max-age=31536000; includeSubDomains; preload
      transfer-encoding:
      - chunked
      x-content-type-options:
      - nosniff
      x-envoy-upstream-service-time:
      - '152'
    status:
      code: 200
      message: OK
- request:
    body: null
    headers:
      Accept:
      - '*/*'
      Accept-Encoding:
      - gzip, deflate
      Connection:
      - keep-alive
      User-Agent:
      - azsdk-python-ai-textanalytics/5.1.0b5 Python/3.8.5 (macOS-10.13.6-x86_64-i386-64bit)
    method: GET
    uri: https://westus2.api.cognitive.microsoft.com/text/analytics/v3.1-preview.3/analyze/jobs/7d74ca3e-c108-45c5-8e92-6de19dffa22e_637473024000000000
  response:
    body:
      string: "{\"jobId\":\"7d74ca3e-c108-45c5-8e92-6de19dffa22e_637473024000000000\"\
        ,\"lastUpdateDateTime\":\"2021-01-27T02:11:24Z\",\"createdDateTime\":\"2021-01-27T02:11:23Z\"\
        ,\"expirationDateTime\":\"2021-01-28T02:11:23Z\",\"status\":\"running\",\"\
        errors\":[],\"tasks\":{\"details\":{\"lastUpdateDateTime\":\"2021-01-27T02:11:24Z\"\
        },\"completed\":1,\"failed\":0,\"inProgress\":2,\"total\":3,\"keyPhraseExtractionTasks\"\
        :[{\"lastUpdateDateTime\":\"2021-01-27T02:11:24.4961788Z\",\"results\":{\"\
        inTerminalState\":true,\"documents\":[{\"id\":\"1\",\"keyPhrases\":[\"cat\"\
        ,\"veterinarian\"],\"warnings\":[]},{\"id\":\"4\",\"keyPhrases\":[\"Este es\"\
        ,\"document escrito en Espa\xF1ol\"],\"warnings\":[]},{\"id\":\"3\",\"keyPhrases\"\
        :[\"\u732B\u306F\u5E78\u305B\"],\"warnings\":[]}],\"errors\":[],\"modelVersion\"\
        :\"2020-07-01\"}}]}}"
    headers:
      apim-request-id:
      - 3fbc4505-0ad2-4a78-925a-dbb05a78b631
      content-type:
      - application/json; charset=utf-8
      date:
      - Wed, 27 Jan 2021 02:11:44 GMT
      strict-transport-security:
      - max-age=31536000; includeSubDomains; preload
      transfer-encoding:
      - chunked
      x-content-type-options:
      - nosniff
      x-envoy-upstream-service-time:
      - '156'
    status:
      code: 200
      message: OK
- request:
    body: null
    headers:
      Accept:
      - '*/*'
      Accept-Encoding:
      - gzip, deflate
      Connection:
      - keep-alive
      User-Agent:
      - azsdk-python-ai-textanalytics/5.1.0b5 Python/3.8.5 (macOS-10.13.6-x86_64-i386-64bit)
    method: GET
    uri: https://westus2.api.cognitive.microsoft.com/text/analytics/v3.1-preview.3/analyze/jobs/7d74ca3e-c108-45c5-8e92-6de19dffa22e_637473024000000000
  response:
    body:
      string: "{\"jobId\":\"7d74ca3e-c108-45c5-8e92-6de19dffa22e_637473024000000000\"\
        ,\"lastUpdateDateTime\":\"2021-01-27T02:11:24Z\",\"createdDateTime\":\"2021-01-27T02:11:23Z\"\
        ,\"expirationDateTime\":\"2021-01-28T02:11:23Z\",\"status\":\"running\",\"\
        errors\":[],\"tasks\":{\"details\":{\"lastUpdateDateTime\":\"2021-01-27T02:11:24Z\"\
        },\"completed\":1,\"failed\":0,\"inProgress\":2,\"total\":3,\"keyPhraseExtractionTasks\"\
        :[{\"lastUpdateDateTime\":\"2021-01-27T02:11:24.4961788Z\",\"results\":{\"\
        inTerminalState\":true,\"documents\":[{\"id\":\"1\",\"keyPhrases\":[\"cat\"\
        ,\"veterinarian\"],\"warnings\":[]},{\"id\":\"4\",\"keyPhrases\":[\"Este es\"\
        ,\"document escrito en Espa\xF1ol\"],\"warnings\":[]},{\"id\":\"3\",\"keyPhrases\"\
        :[\"\u732B\u306F\u5E78\u305B\"],\"warnings\":[]}],\"errors\":[],\"modelVersion\"\
        :\"2020-07-01\"}}]}}"
    headers:
      apim-request-id:
      - 8875f2e0-551e-4747-ad27-9dfd74a992a8
      content-type:
      - application/json; charset=utf-8
      date:
      - Wed, 27 Jan 2021 02:11:49 GMT
      strict-transport-security:
      - max-age=31536000; includeSubDomains; preload
      transfer-encoding:
      - chunked
      x-content-type-options:
      - nosniff
      x-envoy-upstream-service-time:
      - '122'
    status:
      code: 200
      message: OK
- request:
    body: null
    headers:
      Accept:
      - '*/*'
      Accept-Encoding:
      - gzip, deflate
      Connection:
      - keep-alive
      User-Agent:
      - azsdk-python-ai-textanalytics/5.1.0b5 Python/3.8.5 (macOS-10.13.6-x86_64-i386-64bit)
    method: GET
    uri: https://westus2.api.cognitive.microsoft.com/text/analytics/v3.1-preview.3/analyze/jobs/7d74ca3e-c108-45c5-8e92-6de19dffa22e_637473024000000000
  response:
    body:
      string: "{\"jobId\":\"7d74ca3e-c108-45c5-8e92-6de19dffa22e_637473024000000000\"\
        ,\"lastUpdateDateTime\":\"2021-01-27T02:11:24Z\",\"createdDateTime\":\"2021-01-27T02:11:23Z\"\
        ,\"expirationDateTime\":\"2021-01-28T02:11:23Z\",\"status\":\"running\",\"\
        errors\":[],\"tasks\":{\"details\":{\"lastUpdateDateTime\":\"2021-01-27T02:11:24Z\"\
        },\"completed\":1,\"failed\":0,\"inProgress\":2,\"total\":3,\"keyPhraseExtractionTasks\"\
        :[{\"lastUpdateDateTime\":\"2021-01-27T02:11:24.4961788Z\",\"results\":{\"\
        inTerminalState\":true,\"documents\":[{\"id\":\"1\",\"keyPhrases\":[\"cat\"\
        ,\"veterinarian\"],\"warnings\":[]},{\"id\":\"4\",\"keyPhrases\":[\"Este es\"\
        ,\"document escrito en Espa\xF1ol\"],\"warnings\":[]},{\"id\":\"3\",\"keyPhrases\"\
        :[\"\u732B\u306F\u5E78\u305B\"],\"warnings\":[]}],\"errors\":[],\"modelVersion\"\
        :\"2020-07-01\"}}]}}"
    headers:
      apim-request-id:
      - 897e57c7-6369-4f0f-ba51-48d296094d23
      content-type:
      - application/json; charset=utf-8
      date:
      - Wed, 27 Jan 2021 02:11:55 GMT
      strict-transport-security:
      - max-age=31536000; includeSubDomains; preload
      transfer-encoding:
      - chunked
      x-content-type-options:
      - nosniff
      x-envoy-upstream-service-time:
      - '167'
    status:
      code: 200
      message: OK
- request:
    body: null
    headers:
      Accept:
      - '*/*'
      Accept-Encoding:
      - gzip, deflate
      Connection:
      - keep-alive
      User-Agent:
      - azsdk-python-ai-textanalytics/5.1.0b5 Python/3.8.5 (macOS-10.13.6-x86_64-i386-64bit)
    method: GET
    uri: https://westus2.api.cognitive.microsoft.com/text/analytics/v3.1-preview.3/analyze/jobs/7d74ca3e-c108-45c5-8e92-6de19dffa22e_637473024000000000
  response:
    body:
      string: "{\"jobId\":\"7d74ca3e-c108-45c5-8e92-6de19dffa22e_637473024000000000\"\
        ,\"lastUpdateDateTime\":\"2021-01-27T02:11:24Z\",\"createdDateTime\":\"2021-01-27T02:11:23Z\"\
        ,\"expirationDateTime\":\"2021-01-28T02:11:23Z\",\"status\":\"running\",\"\
        errors\":[],\"tasks\":{\"details\":{\"lastUpdateDateTime\":\"2021-01-27T02:11:24Z\"\
        },\"completed\":1,\"failed\":0,\"inProgress\":2,\"total\":3,\"keyPhraseExtractionTasks\"\
        :[{\"lastUpdateDateTime\":\"2021-01-27T02:11:24.4961788Z\",\"results\":{\"\
        inTerminalState\":true,\"documents\":[{\"id\":\"1\",\"keyPhrases\":[\"cat\"\
        ,\"veterinarian\"],\"warnings\":[]},{\"id\":\"4\",\"keyPhrases\":[\"Este es\"\
        ,\"document escrito en Espa\xF1ol\"],\"warnings\":[]},{\"id\":\"3\",\"keyPhrases\"\
        :[\"\u732B\u306F\u5E78\u305B\"],\"warnings\":[]}],\"errors\":[],\"modelVersion\"\
        :\"2020-07-01\"}}]}}"
    headers:
      apim-request-id:
      - 5cf23109-aee2-49b4-8b6e-1b674e3e5613
      content-type:
      - application/json; charset=utf-8
      date:
      - Wed, 27 Jan 2021 02:11:59 GMT
      strict-transport-security:
      - max-age=31536000; includeSubDomains; preload
      transfer-encoding:
      - chunked
      x-content-type-options:
      - nosniff
      x-envoy-upstream-service-time:
      - '148'
    status:
      code: 200
      message: OK
- request:
    body: null
    headers:
      Accept:
      - '*/*'
      Accept-Encoding:
      - gzip, deflate
      Connection:
      - keep-alive
      User-Agent:
      - azsdk-python-ai-textanalytics/5.1.0b5 Python/3.8.5 (macOS-10.13.6-x86_64-i386-64bit)
    method: GET
    uri: https://westus2.api.cognitive.microsoft.com/text/analytics/v3.1-preview.3/analyze/jobs/7d74ca3e-c108-45c5-8e92-6de19dffa22e_637473024000000000
  response:
    body:
      string: "{\"jobId\":\"7d74ca3e-c108-45c5-8e92-6de19dffa22e_637473024000000000\"\
        ,\"lastUpdateDateTime\":\"2021-01-27T02:11:24Z\",\"createdDateTime\":\"2021-01-27T02:11:23Z\"\
        ,\"expirationDateTime\":\"2021-01-28T02:11:23Z\",\"status\":\"running\",\"\
        errors\":[],\"tasks\":{\"details\":{\"lastUpdateDateTime\":\"2021-01-27T02:11:24Z\"\
        },\"completed\":1,\"failed\":0,\"inProgress\":2,\"total\":3,\"keyPhraseExtractionTasks\"\
        :[{\"lastUpdateDateTime\":\"2021-01-27T02:11:24.4961788Z\",\"results\":{\"\
        inTerminalState\":true,\"documents\":[{\"id\":\"1\",\"keyPhrases\":[\"cat\"\
        ,\"veterinarian\"],\"warnings\":[]},{\"id\":\"4\",\"keyPhrases\":[\"Este es\"\
        ,\"document escrito en Espa\xF1ol\"],\"warnings\":[]},{\"id\":\"3\",\"keyPhrases\"\
        :[\"\u732B\u306F\u5E78\u305B\"],\"warnings\":[]}],\"errors\":[],\"modelVersion\"\
        :\"2020-07-01\"}}]}}"
    headers:
      apim-request-id:
      - a514f87b-f4b0-4c3a-a977-f3f46cacda7f
      content-type:
      - application/json; charset=utf-8
      date:
      - Wed, 27 Jan 2021 02:12:05 GMT
      strict-transport-security:
      - max-age=31536000; includeSubDomains; preload
      transfer-encoding:
      - chunked
      x-content-type-options:
      - nosniff
      x-envoy-upstream-service-time:
      - '109'
    status:
      code: 200
      message: OK
- request:
    body: null
    headers:
      Accept:
      - '*/*'
      Accept-Encoding:
      - gzip, deflate
      Connection:
      - keep-alive
      User-Agent:
      - azsdk-python-ai-textanalytics/5.1.0b5 Python/3.8.5 (macOS-10.13.6-x86_64-i386-64bit)
    method: GET
    uri: https://westus2.api.cognitive.microsoft.com/text/analytics/v3.1-preview.3/analyze/jobs/7d74ca3e-c108-45c5-8e92-6de19dffa22e_637473024000000000
  response:
    body:
      string: "{\"jobId\":\"7d74ca3e-c108-45c5-8e92-6de19dffa22e_637473024000000000\"\
        ,\"lastUpdateDateTime\":\"2021-01-27T02:11:24Z\",\"createdDateTime\":\"2021-01-27T02:11:23Z\"\
        ,\"expirationDateTime\":\"2021-01-28T02:11:23Z\",\"status\":\"running\",\"\
        errors\":[],\"tasks\":{\"details\":{\"lastUpdateDateTime\":\"2021-01-27T02:11:24Z\"\
        },\"completed\":1,\"failed\":0,\"inProgress\":2,\"total\":3,\"keyPhraseExtractionTasks\"\
        :[{\"lastUpdateDateTime\":\"2021-01-27T02:11:24.4961788Z\",\"results\":{\"\
        inTerminalState\":true,\"documents\":[{\"id\":\"1\",\"keyPhrases\":[\"cat\"\
        ,\"veterinarian\"],\"warnings\":[]},{\"id\":\"4\",\"keyPhrases\":[\"Este es\"\
        ,\"document escrito en Espa\xF1ol\"],\"warnings\":[]},{\"id\":\"3\",\"keyPhrases\"\
        :[\"\u732B\u306F\u5E78\u305B\"],\"warnings\":[]}],\"errors\":[],\"modelVersion\"\
        :\"2020-07-01\"}}]}}"
    headers:
      apim-request-id:
      - e084845b-f26b-450e-88ff-837a4fe63622
      content-type:
      - application/json; charset=utf-8
      date:
      - Wed, 27 Jan 2021 02:12:10 GMT
      strict-transport-security:
      - max-age=31536000; includeSubDomains; preload
      transfer-encoding:
      - chunked
      x-content-type-options:
      - nosniff
      x-envoy-upstream-service-time:
      - '177'
    status:
      code: 200
      message: OK
- request:
    body: null
    headers:
      Accept:
      - '*/*'
      Accept-Encoding:
      - gzip, deflate
      Connection:
      - keep-alive
      User-Agent:
      - azsdk-python-ai-textanalytics/5.1.0b5 Python/3.8.5 (macOS-10.13.6-x86_64-i386-64bit)
    method: GET
    uri: https://westus2.api.cognitive.microsoft.com/text/analytics/v3.1-preview.3/analyze/jobs/7d74ca3e-c108-45c5-8e92-6de19dffa22e_637473024000000000
  response:
    body:
      string: "{\"jobId\":\"7d74ca3e-c108-45c5-8e92-6de19dffa22e_637473024000000000\"\
        ,\"lastUpdateDateTime\":\"2021-01-27T02:11:24Z\",\"createdDateTime\":\"2021-01-27T02:11:23Z\"\
        ,\"expirationDateTime\":\"2021-01-28T02:11:23Z\",\"status\":\"running\",\"\
        errors\":[],\"tasks\":{\"details\":{\"lastUpdateDateTime\":\"2021-01-27T02:11:24Z\"\
        },\"completed\":1,\"failed\":0,\"inProgress\":2,\"total\":3,\"keyPhraseExtractionTasks\"\
        :[{\"lastUpdateDateTime\":\"2021-01-27T02:11:24.4961788Z\",\"results\":{\"\
        inTerminalState\":true,\"documents\":[{\"id\":\"1\",\"keyPhrases\":[\"cat\"\
        ,\"veterinarian\"],\"warnings\":[]},{\"id\":\"4\",\"keyPhrases\":[\"Este es\"\
        ,\"document escrito en Espa\xF1ol\"],\"warnings\":[]},{\"id\":\"3\",\"keyPhrases\"\
        :[\"\u732B\u306F\u5E78\u305B\"],\"warnings\":[]}],\"errors\":[],\"modelVersion\"\
        :\"2020-07-01\"}}]}}"
    headers:
      apim-request-id:
      - 4769dbd5-8dd7-4266-a8a0-5ad01c8e7cc9
      content-type:
      - application/json; charset=utf-8
      date:
      - Wed, 27 Jan 2021 02:12:15 GMT
      strict-transport-security:
      - max-age=31536000; includeSubDomains; preload
      transfer-encoding:
      - chunked
      x-content-type-options:
      - nosniff
      x-envoy-upstream-service-time:
      - '161'
    status:
      code: 200
      message: OK
- request:
    body: null
    headers:
      Accept:
      - '*/*'
      Accept-Encoding:
      - gzip, deflate
      Connection:
      - keep-alive
      User-Agent:
      - azsdk-python-ai-textanalytics/5.1.0b5 Python/3.8.5 (macOS-10.13.6-x86_64-i386-64bit)
    method: GET
    uri: https://westus2.api.cognitive.microsoft.com/text/analytics/v3.1-preview.3/analyze/jobs/7d74ca3e-c108-45c5-8e92-6de19dffa22e_637473024000000000
  response:
    body:
      string: "{\"jobId\":\"7d74ca3e-c108-45c5-8e92-6de19dffa22e_637473024000000000\"\
        ,\"lastUpdateDateTime\":\"2021-01-27T02:11:24Z\",\"createdDateTime\":\"2021-01-27T02:11:23Z\"\
        ,\"expirationDateTime\":\"2021-01-28T02:11:23Z\",\"status\":\"running\",\"\
        errors\":[],\"tasks\":{\"details\":{\"lastUpdateDateTime\":\"2021-01-27T02:11:24Z\"\
        },\"completed\":1,\"failed\":0,\"inProgress\":2,\"total\":3,\"keyPhraseExtractionTasks\"\
        :[{\"lastUpdateDateTime\":\"2021-01-27T02:11:24.4961788Z\",\"results\":{\"\
        inTerminalState\":true,\"documents\":[{\"id\":\"1\",\"keyPhrases\":[\"cat\"\
        ,\"veterinarian\"],\"warnings\":[]},{\"id\":\"4\",\"keyPhrases\":[\"Este es\"\
        ,\"document escrito en Espa\xF1ol\"],\"warnings\":[]},{\"id\":\"3\",\"keyPhrases\"\
        :[\"\u732B\u306F\u5E78\u305B\"],\"warnings\":[]}],\"errors\":[],\"modelVersion\"\
        :\"2020-07-01\"}}]}}"
    headers:
      apim-request-id:
      - 1e853a3f-a757-4d0a-b58b-696d67c36fd1
      content-type:
      - application/json; charset=utf-8
      date:
      - Wed, 27 Jan 2021 02:12:20 GMT
      strict-transport-security:
      - max-age=31536000; includeSubDomains; preload
      transfer-encoding:
      - chunked
      x-content-type-options:
      - nosniff
      x-envoy-upstream-service-time:
      - '139'
    status:
      code: 200
      message: OK
- request:
    body: null
    headers:
      Accept:
      - '*/*'
      Accept-Encoding:
      - gzip, deflate
      Connection:
      - keep-alive
      User-Agent:
      - azsdk-python-ai-textanalytics/5.1.0b5 Python/3.8.5 (macOS-10.13.6-x86_64-i386-64bit)
    method: GET
    uri: https://westus2.api.cognitive.microsoft.com/text/analytics/v3.1-preview.3/analyze/jobs/7d74ca3e-c108-45c5-8e92-6de19dffa22e_637473024000000000
  response:
    body:
      string: "{\"jobId\":\"7d74ca3e-c108-45c5-8e92-6de19dffa22e_637473024000000000\"\
        ,\"lastUpdateDateTime\":\"2021-01-27T02:11:24Z\",\"createdDateTime\":\"2021-01-27T02:11:23Z\"\
        ,\"expirationDateTime\":\"2021-01-28T02:11:23Z\",\"status\":\"running\",\"\
        errors\":[],\"tasks\":{\"details\":{\"lastUpdateDateTime\":\"2021-01-27T02:11:24Z\"\
        },\"completed\":1,\"failed\":0,\"inProgress\":2,\"total\":3,\"keyPhraseExtractionTasks\"\
        :[{\"lastUpdateDateTime\":\"2021-01-27T02:11:24.4961788Z\",\"results\":{\"\
        inTerminalState\":true,\"documents\":[{\"id\":\"1\",\"keyPhrases\":[\"cat\"\
        ,\"veterinarian\"],\"warnings\":[]},{\"id\":\"4\",\"keyPhrases\":[\"Este es\"\
        ,\"document escrito en Espa\xF1ol\"],\"warnings\":[]},{\"id\":\"3\",\"keyPhrases\"\
        :[\"\u732B\u306F\u5E78\u305B\"],\"warnings\":[]}],\"errors\":[],\"modelVersion\"\
        :\"2020-07-01\"}}]}}"
    headers:
      apim-request-id:
      - b42c418f-c149-4c2d-8d7d-4cbc1fd7f472
      content-type:
      - application/json; charset=utf-8
      date:
      - Wed, 27 Jan 2021 02:12:27 GMT
      strict-transport-security:
      - max-age=31536000; includeSubDomains; preload
      transfer-encoding:
      - chunked
      x-content-type-options:
      - nosniff
      x-envoy-upstream-service-time:
      - '428'
    status:
      code: 200
      message: OK
- request:
    body: null
    headers:
      Accept:
      - '*/*'
      Accept-Encoding:
      - gzip, deflate
      Connection:
      - keep-alive
      User-Agent:
      - azsdk-python-ai-textanalytics/5.1.0b5 Python/3.8.5 (macOS-10.13.6-x86_64-i386-64bit)
    method: GET
    uri: https://westus2.api.cognitive.microsoft.com/text/analytics/v3.1-preview.3/analyze/jobs/7d74ca3e-c108-45c5-8e92-6de19dffa22e_637473024000000000
  response:
    body:
      string: "{\"jobId\":\"7d74ca3e-c108-45c5-8e92-6de19dffa22e_637473024000000000\"\
        ,\"lastUpdateDateTime\":\"2021-01-27T02:11:24Z\",\"createdDateTime\":\"2021-01-27T02:11:23Z\"\
        ,\"expirationDateTime\":\"2021-01-28T02:11:23Z\",\"status\":\"running\",\"\
        errors\":[],\"tasks\":{\"details\":{\"lastUpdateDateTime\":\"2021-01-27T02:11:24Z\"\
        },\"completed\":1,\"failed\":0,\"inProgress\":2,\"total\":3,\"keyPhraseExtractionTasks\"\
        :[{\"lastUpdateDateTime\":\"2021-01-27T02:11:24.4961788Z\",\"results\":{\"\
        inTerminalState\":true,\"documents\":[{\"id\":\"1\",\"keyPhrases\":[\"cat\"\
        ,\"veterinarian\"],\"warnings\":[]},{\"id\":\"4\",\"keyPhrases\":[\"Este es\"\
        ,\"document escrito en Espa\xF1ol\"],\"warnings\":[]},{\"id\":\"3\",\"keyPhrases\"\
        :[\"\u732B\u306F\u5E78\u305B\"],\"warnings\":[]}],\"errors\":[],\"modelVersion\"\
        :\"2020-07-01\"}}]}}"
    headers:
      apim-request-id:
      - a0848574-65fa-4a6c-8464-dd342d7de24e
      content-type:
      - application/json; charset=utf-8
      date:
      - Wed, 27 Jan 2021 02:12:31 GMT
      strict-transport-security:
      - max-age=31536000; includeSubDomains; preload
      transfer-encoding:
      - chunked
      x-content-type-options:
      - nosniff
      x-envoy-upstream-service-time:
      - '137'
    status:
      code: 200
      message: OK
- request:
    body: null
    headers:
      Accept:
      - '*/*'
      Accept-Encoding:
      - gzip, deflate
      Connection:
      - keep-alive
      User-Agent:
      - azsdk-python-ai-textanalytics/5.1.0b5 Python/3.8.5 (macOS-10.13.6-x86_64-i386-64bit)
    method: GET
    uri: https://westus2.api.cognitive.microsoft.com/text/analytics/v3.1-preview.3/analyze/jobs/7d74ca3e-c108-45c5-8e92-6de19dffa22e_637473024000000000
  response:
    body:
      string: "{\"jobId\":\"7d74ca3e-c108-45c5-8e92-6de19dffa22e_637473024000000000\"\
        ,\"lastUpdateDateTime\":\"2021-01-27T02:11:24Z\",\"createdDateTime\":\"2021-01-27T02:11:23Z\"\
        ,\"expirationDateTime\":\"2021-01-28T02:11:23Z\",\"status\":\"running\",\"\
        errors\":[],\"tasks\":{\"details\":{\"lastUpdateDateTime\":\"2021-01-27T02:11:24Z\"\
        },\"completed\":2,\"failed\":0,\"inProgress\":1,\"total\":3,\"entityRecognitionPiiTasks\"\
        :[{\"lastUpdateDateTime\":\"2021-01-27T02:11:24.4961788Z\",\"results\":{\"\
        inTerminalState\":true,\"documents\":[{\"redactedText\":\"I should take my\
        \ cat to the veterinarian.\",\"id\":\"1\",\"entities\":[],\"warnings\":[]},{\"\
        redactedText\":\"Este es un document escrito en Espa\xF1ol.\",\"id\":\"4\"\
        ,\"entities\":[],\"warnings\":[]},{\"redactedText\":\"\u732B\u306F\u5E78\u305B\
        \",\"id\":\"3\",\"entities\":[],\"warnings\":[]}],\"errors\":[],\"modelVersion\"\
        :\"2020-07-01\"}}],\"keyPhraseExtractionTasks\":[{\"lastUpdateDateTime\":\"\
        2021-01-27T02:11:24.4961788Z\",\"results\":{\"inTerminalState\":true,\"documents\"\
        :[{\"id\":\"1\",\"keyPhrases\":[\"cat\",\"veterinarian\"],\"warnings\":[]},{\"\
        id\":\"4\",\"keyPhrases\":[\"Este es\",\"document escrito en Espa\xF1ol\"\
        ],\"warnings\":[]},{\"id\":\"3\",\"keyPhrases\":[\"\u732B\u306F\u5E78\u305B\
        \"],\"warnings\":[]}],\"errors\":[],\"modelVersion\":\"2020-07-01\"}}]}}"
    headers:
      apim-request-id:
      - 24d6c287-3b46-4b37-beb7-72db9db0ae87
      content-type:
      - application/json; charset=utf-8
      date:
      - Wed, 27 Jan 2021 02:12:36 GMT
      strict-transport-security:
      - max-age=31536000; includeSubDomains; preload
      transfer-encoding:
      - chunked
      x-content-type-options:
      - nosniff
      x-envoy-upstream-service-time:
      - '198'
    status:
      code: 200
      message: OK
- request:
    body: null
    headers:
      Accept:
      - '*/*'
      Accept-Encoding:
      - gzip, deflate
      Connection:
      - keep-alive
      User-Agent:
      - azsdk-python-ai-textanalytics/5.1.0b5 Python/3.8.5 (macOS-10.13.6-x86_64-i386-64bit)
    method: GET
    uri: https://westus2.api.cognitive.microsoft.com/text/analytics/v3.1-preview.3/analyze/jobs/7d74ca3e-c108-45c5-8e92-6de19dffa22e_637473024000000000
  response:
    body:
      string: "{\"jobId\":\"7d74ca3e-c108-45c5-8e92-6de19dffa22e_637473024000000000\"\
        ,\"lastUpdateDateTime\":\"2021-01-27T02:11:24Z\",\"createdDateTime\":\"2021-01-27T02:11:23Z\"\
        ,\"expirationDateTime\":\"2021-01-28T02:11:23Z\",\"status\":\"running\",\"\
        errors\":[],\"tasks\":{\"details\":{\"lastUpdateDateTime\":\"2021-01-27T02:11:24Z\"\
        },\"completed\":2,\"failed\":0,\"inProgress\":1,\"total\":3,\"entityRecognitionPiiTasks\"\
        :[{\"lastUpdateDateTime\":\"2021-01-27T02:11:24.4961788Z\",\"results\":{\"\
        inTerminalState\":true,\"documents\":[{\"redactedText\":\"I should take my\
        \ cat to the veterinarian.\",\"id\":\"1\",\"entities\":[],\"warnings\":[]},{\"\
        redactedText\":\"Este es un document escrito en Espa\xF1ol.\",\"id\":\"4\"\
        ,\"entities\":[],\"warnings\":[]},{\"redactedText\":\"\u732B\u306F\u5E78\u305B\
        \",\"id\":\"3\",\"entities\":[],\"warnings\":[]}],\"errors\":[],\"modelVersion\"\
        :\"2020-07-01\"}}],\"keyPhraseExtractionTasks\":[{\"lastUpdateDateTime\":\"\
        2021-01-27T02:11:24.4961788Z\",\"results\":{\"inTerminalState\":true,\"documents\"\
        :[{\"id\":\"1\",\"keyPhrases\":[\"cat\",\"veterinarian\"],\"warnings\":[]},{\"\
        id\":\"4\",\"keyPhrases\":[\"Este es\",\"document escrito en Espa\xF1ol\"\
        ],\"warnings\":[]},{\"id\":\"3\",\"keyPhrases\":[\"\u732B\u306F\u5E78\u305B\
        \"],\"warnings\":[]}],\"errors\":[],\"modelVersion\":\"2020-07-01\"}}]}}"
    headers:
      apim-request-id:
      - cdb94229-21a4-459a-87cc-51c254cfd606
      content-type:
      - application/json; charset=utf-8
      date:
      - Wed, 27 Jan 2021 02:12:43 GMT
      strict-transport-security:
      - max-age=31536000; includeSubDomains; preload
      transfer-encoding:
      - chunked
      x-content-type-options:
      - nosniff
      x-envoy-upstream-service-time:
      - '194'
    status:
      code: 200
      message: OK
- request:
    body: null
    headers:
      Accept:
      - '*/*'
      Accept-Encoding:
      - gzip, deflate
      Connection:
      - keep-alive
      User-Agent:
      - azsdk-python-ai-textanalytics/5.1.0b5 Python/3.8.5 (macOS-10.13.6-x86_64-i386-64bit)
    method: GET
    uri: https://westus2.api.cognitive.microsoft.com/text/analytics/v3.1-preview.3/analyze/jobs/7d74ca3e-c108-45c5-8e92-6de19dffa22e_637473024000000000
  response:
    body:
      string: "{\"jobId\":\"7d74ca3e-c108-45c5-8e92-6de19dffa22e_637473024000000000\"\
        ,\"lastUpdateDateTime\":\"2021-01-27T02:11:24Z\",\"createdDateTime\":\"2021-01-27T02:11:23Z\"\
        ,\"expirationDateTime\":\"2021-01-28T02:11:23Z\",\"status\":\"running\",\"\
        errors\":[],\"tasks\":{\"details\":{\"lastUpdateDateTime\":\"2021-01-27T02:11:24Z\"\
        },\"completed\":2,\"failed\":0,\"inProgress\":1,\"total\":3,\"entityRecognitionPiiTasks\"\
        :[{\"lastUpdateDateTime\":\"2021-01-27T02:11:24.4961788Z\",\"results\":{\"\
        inTerminalState\":true,\"documents\":[{\"redactedText\":\"I should take my\
        \ cat to the veterinarian.\",\"id\":\"1\",\"entities\":[],\"warnings\":[]},{\"\
        redactedText\":\"Este es un document escrito en Espa\xF1ol.\",\"id\":\"4\"\
        ,\"entities\":[],\"warnings\":[]},{\"redactedText\":\"\u732B\u306F\u5E78\u305B\
        \",\"id\":\"3\",\"entities\":[],\"warnings\":[]}],\"errors\":[],\"modelVersion\"\
        :\"2020-07-01\"}}],\"keyPhraseExtractionTasks\":[{\"lastUpdateDateTime\":\"\
        2021-01-27T02:11:24.4961788Z\",\"results\":{\"inTerminalState\":true,\"documents\"\
        :[{\"id\":\"1\",\"keyPhrases\":[\"cat\",\"veterinarian\"],\"warnings\":[]},{\"\
        id\":\"4\",\"keyPhrases\":[\"Este es\",\"document escrito en Espa\xF1ol\"\
        ],\"warnings\":[]},{\"id\":\"3\",\"keyPhrases\":[\"\u732B\u306F\u5E78\u305B\
        \"],\"warnings\":[]}],\"errors\":[],\"modelVersion\":\"2020-07-01\"}}]}}"
    headers:
      apim-request-id:
      - 73804e9d-7393-4d72-8ae8-1eb41bfc955f
      content-type:
      - application/json; charset=utf-8
      date:
      - Wed, 27 Jan 2021 02:12:47 GMT
      strict-transport-security:
      - max-age=31536000; includeSubDomains; preload
      transfer-encoding:
      - chunked
      x-content-type-options:
      - nosniff
      x-envoy-upstream-service-time:
      - '139'
    status:
      code: 200
      message: OK
- request:
    body: null
    headers:
      Accept:
      - '*/*'
      Accept-Encoding:
      - gzip, deflate
      Connection:
      - keep-alive
      User-Agent:
      - azsdk-python-ai-textanalytics/5.1.0b5 Python/3.8.5 (macOS-10.13.6-x86_64-i386-64bit)
    method: GET
    uri: https://westus2.api.cognitive.microsoft.com/text/analytics/v3.1-preview.3/analyze/jobs/7d74ca3e-c108-45c5-8e92-6de19dffa22e_637473024000000000
  response:
    body:
      string: "{\"jobId\":\"7d74ca3e-c108-45c5-8e92-6de19dffa22e_637473024000000000\"\
        ,\"lastUpdateDateTime\":\"2021-01-27T02:11:24Z\",\"createdDateTime\":\"2021-01-27T02:11:23Z\"\
        ,\"expirationDateTime\":\"2021-01-28T02:11:23Z\",\"status\":\"running\",\"\
        errors\":[],\"tasks\":{\"details\":{\"lastUpdateDateTime\":\"2021-01-27T02:11:24Z\"\
        },\"completed\":2,\"failed\":0,\"inProgress\":1,\"total\":3,\"entityRecognitionPiiTasks\"\
        :[{\"lastUpdateDateTime\":\"2021-01-27T02:11:24.4961788Z\",\"results\":{\"\
        inTerminalState\":true,\"documents\":[{\"redactedText\":\"I should take my\
        \ cat to the veterinarian.\",\"id\":\"1\",\"entities\":[],\"warnings\":[]},{\"\
        redactedText\":\"Este es un document escrito en Espa\xF1ol.\",\"id\":\"4\"\
        ,\"entities\":[],\"warnings\":[]},{\"redactedText\":\"\u732B\u306F\u5E78\u305B\
        \",\"id\":\"3\",\"entities\":[],\"warnings\":[]}],\"errors\":[],\"modelVersion\"\
        :\"2020-07-01\"}}],\"keyPhraseExtractionTasks\":[{\"lastUpdateDateTime\":\"\
        2021-01-27T02:11:24.4961788Z\",\"results\":{\"inTerminalState\":true,\"documents\"\
        :[{\"id\":\"1\",\"keyPhrases\":[\"cat\",\"veterinarian\"],\"warnings\":[]},{\"\
        id\":\"4\",\"keyPhrases\":[\"Este es\",\"document escrito en Espa\xF1ol\"\
        ],\"warnings\":[]},{\"id\":\"3\",\"keyPhrases\":[\"\u732B\u306F\u5E78\u305B\
        \"],\"warnings\":[]}],\"errors\":[],\"modelVersion\":\"2020-07-01\"}}]}}"
    headers:
      apim-request-id:
      - b86fbf84-30cc-4adf-b0d4-57f6673562b8
      content-type:
      - application/json; charset=utf-8
      date:
      - Wed, 27 Jan 2021 02:12:52 GMT
      strict-transport-security:
      - max-age=31536000; includeSubDomains; preload
      transfer-encoding:
      - chunked
      x-content-type-options:
      - nosniff
      x-envoy-upstream-service-time:
      - '189'
    status:
      code: 200
      message: OK
- request:
    body: null
    headers:
      Accept:
      - '*/*'
      Accept-Encoding:
      - gzip, deflate
      Connection:
      - keep-alive
      User-Agent:
      - azsdk-python-ai-textanalytics/5.1.0b5 Python/3.8.5 (macOS-10.13.6-x86_64-i386-64bit)
    method: GET
    uri: https://westus2.api.cognitive.microsoft.com/text/analytics/v3.1-preview.3/analyze/jobs/7d74ca3e-c108-45c5-8e92-6de19dffa22e_637473024000000000
  response:
    body:
      string: "{\"jobId\":\"7d74ca3e-c108-45c5-8e92-6de19dffa22e_637473024000000000\"\
        ,\"lastUpdateDateTime\":\"2021-01-27T02:11:24Z\",\"createdDateTime\":\"2021-01-27T02:11:23Z\"\
        ,\"expirationDateTime\":\"2021-01-28T02:11:23Z\",\"status\":\"running\",\"\
        errors\":[],\"tasks\":{\"details\":{\"lastUpdateDateTime\":\"2021-01-27T02:11:24Z\"\
        },\"completed\":2,\"failed\":0,\"inProgress\":1,\"total\":3,\"entityRecognitionPiiTasks\"\
        :[{\"lastUpdateDateTime\":\"2021-01-27T02:11:24.4961788Z\",\"results\":{\"\
        inTerminalState\":true,\"documents\":[{\"redactedText\":\"I should take my\
        \ cat to the veterinarian.\",\"id\":\"1\",\"entities\":[],\"warnings\":[]},{\"\
        redactedText\":\"Este es un document escrito en Espa\xF1ol.\",\"id\":\"4\"\
        ,\"entities\":[],\"warnings\":[]},{\"redactedText\":\"\u732B\u306F\u5E78\u305B\
        \",\"id\":\"3\",\"entities\":[],\"warnings\":[]}],\"errors\":[],\"modelVersion\"\
        :\"2020-07-01\"}}],\"keyPhraseExtractionTasks\":[{\"lastUpdateDateTime\":\"\
        2021-01-27T02:11:24.4961788Z\",\"results\":{\"inTerminalState\":true,\"documents\"\
        :[{\"id\":\"1\",\"keyPhrases\":[\"cat\",\"veterinarian\"],\"warnings\":[]},{\"\
        id\":\"4\",\"keyPhrases\":[\"Este es\",\"document escrito en Espa\xF1ol\"\
        ],\"warnings\":[]},{\"id\":\"3\",\"keyPhrases\":[\"\u732B\u306F\u5E78\u305B\
        \"],\"warnings\":[]}],\"errors\":[],\"modelVersion\":\"2020-07-01\"}}]}}"
    headers:
      apim-request-id:
      - 2c5f06b0-2d0e-4086-9d7e-590b646004f7
      content-type:
      - application/json; charset=utf-8
      date:
      - Wed, 27 Jan 2021 02:12:57 GMT
      strict-transport-security:
      - max-age=31536000; includeSubDomains; preload
      transfer-encoding:
      - chunked
      x-content-type-options:
      - nosniff
      x-envoy-upstream-service-time:
      - '163'
    status:
      code: 200
      message: OK
- request:
    body: null
    headers:
      Accept:
      - '*/*'
      Accept-Encoding:
      - gzip, deflate
      Connection:
      - keep-alive
      User-Agent:
      - azsdk-python-ai-textanalytics/5.1.0b5 Python/3.8.5 (macOS-10.13.6-x86_64-i386-64bit)
    method: GET
    uri: https://westus2.api.cognitive.microsoft.com/text/analytics/v3.1-preview.3/analyze/jobs/7d74ca3e-c108-45c5-8e92-6de19dffa22e_637473024000000000
  response:
    body:
      string: "{\"jobId\":\"7d74ca3e-c108-45c5-8e92-6de19dffa22e_637473024000000000\"\
        ,\"lastUpdateDateTime\":\"2021-01-27T02:11:24Z\",\"createdDateTime\":\"2021-01-27T02:11:23Z\"\
        ,\"expirationDateTime\":\"2021-01-28T02:11:23Z\",\"status\":\"running\",\"\
        errors\":[],\"tasks\":{\"details\":{\"lastUpdateDateTime\":\"2021-01-27T02:11:24Z\"\
        },\"completed\":2,\"failed\":0,\"inProgress\":1,\"total\":3,\"entityRecognitionPiiTasks\"\
        :[{\"lastUpdateDateTime\":\"2021-01-27T02:11:24.4961788Z\",\"results\":{\"\
        inTerminalState\":true,\"documents\":[{\"redactedText\":\"I should take my\
        \ cat to the veterinarian.\",\"id\":\"1\",\"entities\":[],\"warnings\":[]},{\"\
        redactedText\":\"Este es un document escrito en Espa\xF1ol.\",\"id\":\"4\"\
        ,\"entities\":[],\"warnings\":[]},{\"redactedText\":\"\u732B\u306F\u5E78\u305B\
        \",\"id\":\"3\",\"entities\":[],\"warnings\":[]}],\"errors\":[],\"modelVersion\"\
        :\"2020-07-01\"}}],\"keyPhraseExtractionTasks\":[{\"lastUpdateDateTime\":\"\
        2021-01-27T02:11:24.4961788Z\",\"results\":{\"inTerminalState\":true,\"documents\"\
        :[{\"id\":\"1\",\"keyPhrases\":[\"cat\",\"veterinarian\"],\"warnings\":[]},{\"\
        id\":\"4\",\"keyPhrases\":[\"Este es\",\"document escrito en Espa\xF1ol\"\
        ],\"warnings\":[]},{\"id\":\"3\",\"keyPhrases\":[\"\u732B\u306F\u5E78\u305B\
        \"],\"warnings\":[]}],\"errors\":[],\"modelVersion\":\"2020-07-01\"}}]}}"
    headers:
      apim-request-id:
      - 0e633121-0f17-4ae5-9a6e-75df9667948d
      content-type:
      - application/json; charset=utf-8
      date:
      - Wed, 27 Jan 2021 02:13:04 GMT
      strict-transport-security:
      - max-age=31536000; includeSubDomains; preload
      transfer-encoding:
      - chunked
      x-content-type-options:
      - nosniff
      x-envoy-upstream-service-time:
      - '185'
    status:
      code: 200
      message: OK
- request:
    body: null
    headers:
      Accept:
      - '*/*'
      Accept-Encoding:
      - gzip, deflate
      Connection:
      - keep-alive
      User-Agent:
      - azsdk-python-ai-textanalytics/5.1.0b5 Python/3.8.5 (macOS-10.13.6-x86_64-i386-64bit)
    method: GET
    uri: https://westus2.api.cognitive.microsoft.com/text/analytics/v3.1-preview.3/analyze/jobs/7d74ca3e-c108-45c5-8e92-6de19dffa22e_637473024000000000
  response:
    body:
      string: "{\"jobId\":\"7d74ca3e-c108-45c5-8e92-6de19dffa22e_637473024000000000\"\
        ,\"lastUpdateDateTime\":\"2021-01-27T02:11:24Z\",\"createdDateTime\":\"2021-01-27T02:11:23Z\"\
        ,\"expirationDateTime\":\"2021-01-28T02:11:23Z\",\"status\":\"running\",\"\
        errors\":[],\"tasks\":{\"details\":{\"lastUpdateDateTime\":\"2021-01-27T02:11:24Z\"\
        },\"completed\":2,\"failed\":0,\"inProgress\":1,\"total\":3,\"entityRecognitionPiiTasks\"\
        :[{\"lastUpdateDateTime\":\"2021-01-27T02:11:24.4961788Z\",\"results\":{\"\
        inTerminalState\":true,\"documents\":[{\"redactedText\":\"I should take my\
        \ cat to the veterinarian.\",\"id\":\"1\",\"entities\":[],\"warnings\":[]},{\"\
        redactedText\":\"Este es un document escrito en Espa\xF1ol.\",\"id\":\"4\"\
        ,\"entities\":[],\"warnings\":[]},{\"redactedText\":\"\u732B\u306F\u5E78\u305B\
        \",\"id\":\"3\",\"entities\":[],\"warnings\":[]}],\"errors\":[],\"modelVersion\"\
        :\"2020-07-01\"}}],\"keyPhraseExtractionTasks\":[{\"lastUpdateDateTime\":\"\
        2021-01-27T02:11:24.4961788Z\",\"results\":{\"inTerminalState\":true,\"documents\"\
        :[{\"id\":\"1\",\"keyPhrases\":[\"cat\",\"veterinarian\"],\"warnings\":[]},{\"\
        id\":\"4\",\"keyPhrases\":[\"Este es\",\"document escrito en Espa\xF1ol\"\
        ],\"warnings\":[]},{\"id\":\"3\",\"keyPhrases\":[\"\u732B\u306F\u5E78\u305B\
        \"],\"warnings\":[]}],\"errors\":[],\"modelVersion\":\"2020-07-01\"}}]}}"
    headers:
      apim-request-id:
      - 480a0f37-befd-4518-af13-5d00a94d651a
      content-type:
      - application/json; charset=utf-8
      date:
      - Wed, 27 Jan 2021 02:13:09 GMT
      strict-transport-security:
      - max-age=31536000; includeSubDomains; preload
      transfer-encoding:
      - chunked
      x-content-type-options:
      - nosniff
      x-envoy-upstream-service-time:
      - '177'
    status:
      code: 200
      message: OK
- request:
    body: null
    headers:
      Accept:
      - '*/*'
      Accept-Encoding:
      - gzip, deflate
      Connection:
      - keep-alive
      User-Agent:
      - azsdk-python-ai-textanalytics/5.1.0b5 Python/3.8.5 (macOS-10.13.6-x86_64-i386-64bit)
    method: GET
    uri: https://westus2.api.cognitive.microsoft.com/text/analytics/v3.1-preview.3/analyze/jobs/7d74ca3e-c108-45c5-8e92-6de19dffa22e_637473024000000000
  response:
    body:
      string: "{\"jobId\":\"7d74ca3e-c108-45c5-8e92-6de19dffa22e_637473024000000000\"\
        ,\"lastUpdateDateTime\":\"2021-01-27T02:11:24Z\",\"createdDateTime\":\"2021-01-27T02:11:23Z\"\
        ,\"expirationDateTime\":\"2021-01-28T02:11:23Z\",\"status\":\"running\",\"\
        errors\":[],\"tasks\":{\"details\":{\"lastUpdateDateTime\":\"2021-01-27T02:11:24Z\"\
        },\"completed\":2,\"failed\":0,\"inProgress\":1,\"total\":3,\"entityRecognitionPiiTasks\"\
        :[{\"lastUpdateDateTime\":\"2021-01-27T02:11:24.4961788Z\",\"results\":{\"\
        inTerminalState\":true,\"documents\":[{\"redactedText\":\"I should take my\
        \ cat to the veterinarian.\",\"id\":\"1\",\"entities\":[],\"warnings\":[]},{\"\
        redactedText\":\"Este es un document escrito en Espa\xF1ol.\",\"id\":\"4\"\
        ,\"entities\":[],\"warnings\":[]},{\"redactedText\":\"\u732B\u306F\u5E78\u305B\
        \",\"id\":\"3\",\"entities\":[],\"warnings\":[]}],\"errors\":[],\"modelVersion\"\
        :\"2020-07-01\"}}],\"keyPhraseExtractionTasks\":[{\"lastUpdateDateTime\":\"\
        2021-01-27T02:11:24.4961788Z\",\"results\":{\"inTerminalState\":true,\"documents\"\
        :[{\"id\":\"1\",\"keyPhrases\":[\"cat\",\"veterinarian\"],\"warnings\":[]},{\"\
        id\":\"4\",\"keyPhrases\":[\"Este es\",\"document escrito en Espa\xF1ol\"\
        ],\"warnings\":[]},{\"id\":\"3\",\"keyPhrases\":[\"\u732B\u306F\u5E78\u305B\
        \"],\"warnings\":[]}],\"errors\":[],\"modelVersion\":\"2020-07-01\"}}]}}"
    headers:
      apim-request-id:
      - 0d3ce6c3-e78b-4d7e-b626-1731f91496a4
      content-type:
      - application/json; charset=utf-8
      date:
      - Wed, 27 Jan 2021 02:13:13 GMT
      strict-transport-security:
      - max-age=31536000; includeSubDomains; preload
      transfer-encoding:
      - chunked
      x-content-type-options:
      - nosniff
      x-envoy-upstream-service-time:
      - '152'
    status:
      code: 200
      message: OK
- request:
    body: null
    headers:
      Accept:
      - '*/*'
      Accept-Encoding:
      - gzip, deflate
      Connection:
      - keep-alive
      User-Agent:
      - azsdk-python-ai-textanalytics/5.1.0b5 Python/3.8.5 (macOS-10.13.6-x86_64-i386-64bit)
    method: GET
    uri: https://westus2.api.cognitive.microsoft.com/text/analytics/v3.1-preview.3/analyze/jobs/7d74ca3e-c108-45c5-8e92-6de19dffa22e_637473024000000000
  response:
    body:
      string: "{\"jobId\":\"7d74ca3e-c108-45c5-8e92-6de19dffa22e_637473024000000000\"\
        ,\"lastUpdateDateTime\":\"2021-01-27T02:11:24Z\",\"createdDateTime\":\"2021-01-27T02:11:23Z\"\
        ,\"expirationDateTime\":\"2021-01-28T02:11:23Z\",\"status\":\"running\",\"\
        errors\":[],\"tasks\":{\"details\":{\"lastUpdateDateTime\":\"2021-01-27T02:11:24Z\"\
        },\"completed\":2,\"failed\":0,\"inProgress\":1,\"total\":3,\"entityRecognitionPiiTasks\"\
        :[{\"lastUpdateDateTime\":\"2021-01-27T02:11:24.4961788Z\",\"results\":{\"\
        inTerminalState\":true,\"documents\":[{\"redactedText\":\"I should take my\
        \ cat to the veterinarian.\",\"id\":\"1\",\"entities\":[],\"warnings\":[]},{\"\
        redactedText\":\"Este es un document escrito en Espa\xF1ol.\",\"id\":\"4\"\
        ,\"entities\":[],\"warnings\":[]},{\"redactedText\":\"\u732B\u306F\u5E78\u305B\
        \",\"id\":\"3\",\"entities\":[],\"warnings\":[]}],\"errors\":[],\"modelVersion\"\
        :\"2020-07-01\"}}],\"keyPhraseExtractionTasks\":[{\"lastUpdateDateTime\":\"\
        2021-01-27T02:11:24.4961788Z\",\"results\":{\"inTerminalState\":true,\"documents\"\
        :[{\"id\":\"1\",\"keyPhrases\":[\"cat\",\"veterinarian\"],\"warnings\":[]},{\"\
        id\":\"4\",\"keyPhrases\":[\"Este es\",\"document escrito en Espa\xF1ol\"\
        ],\"warnings\":[]},{\"id\":\"3\",\"keyPhrases\":[\"\u732B\u306F\u5E78\u305B\
        \"],\"warnings\":[]}],\"errors\":[],\"modelVersion\":\"2020-07-01\"}}]}}"
    headers:
      apim-request-id:
      - b7be1830-09ae-42e1-9017-bf5f7dee0c09
      content-type:
      - application/json; charset=utf-8
      date:
      - Wed, 27 Jan 2021 02:13:19 GMT
      strict-transport-security:
      - max-age=31536000; includeSubDomains; preload
      transfer-encoding:
      - chunked
      x-content-type-options:
      - nosniff
      x-envoy-upstream-service-time:
      - '159'
    status:
      code: 200
      message: OK
- request:
    body: null
    headers:
      Accept:
      - '*/*'
      Accept-Encoding:
      - gzip, deflate
      Connection:
      - keep-alive
      User-Agent:
      - azsdk-python-ai-textanalytics/5.1.0b5 Python/3.8.5 (macOS-10.13.6-x86_64-i386-64bit)
    method: GET
    uri: https://westus2.api.cognitive.microsoft.com/text/analytics/v3.1-preview.3/analyze/jobs/7d74ca3e-c108-45c5-8e92-6de19dffa22e_637473024000000000
  response:
    body:
      string: "{\"jobId\":\"7d74ca3e-c108-45c5-8e92-6de19dffa22e_637473024000000000\"\
        ,\"lastUpdateDateTime\":\"2021-01-27T02:11:24Z\",\"createdDateTime\":\"2021-01-27T02:11:23Z\"\
        ,\"expirationDateTime\":\"2021-01-28T02:11:23Z\",\"status\":\"running\",\"\
        errors\":[],\"tasks\":{\"details\":{\"lastUpdateDateTime\":\"2021-01-27T02:11:24Z\"\
        },\"completed\":2,\"failed\":0,\"inProgress\":1,\"total\":3,\"entityRecognitionPiiTasks\"\
        :[{\"lastUpdateDateTime\":\"2021-01-27T02:11:24.4961788Z\",\"results\":{\"\
        inTerminalState\":true,\"documents\":[{\"redactedText\":\"I should take my\
        \ cat to the veterinarian.\",\"id\":\"1\",\"entities\":[],\"warnings\":[]},{\"\
        redactedText\":\"Este es un document escrito en Espa\xF1ol.\",\"id\":\"4\"\
        ,\"entities\":[],\"warnings\":[]},{\"redactedText\":\"\u732B\u306F\u5E78\u305B\
        \",\"id\":\"3\",\"entities\":[],\"warnings\":[]}],\"errors\":[],\"modelVersion\"\
        :\"2020-07-01\"}}],\"keyPhraseExtractionTasks\":[{\"lastUpdateDateTime\":\"\
        2021-01-27T02:11:24.4961788Z\",\"results\":{\"inTerminalState\":true,\"documents\"\
        :[{\"id\":\"1\",\"keyPhrases\":[\"cat\",\"veterinarian\"],\"warnings\":[]},{\"\
        id\":\"4\",\"keyPhrases\":[\"Este es\",\"document escrito en Espa\xF1ol\"\
        ],\"warnings\":[]},{\"id\":\"3\",\"keyPhrases\":[\"\u732B\u306F\u5E78\u305B\
        \"],\"warnings\":[]}],\"errors\":[],\"modelVersion\":\"2020-07-01\"}}]}}"
    headers:
      apim-request-id:
      - 7d602a72-a224-4ed3-8647-b4e4e396bb73
      content-type:
      - application/json; charset=utf-8
      date:
      - Wed, 27 Jan 2021 02:13:24 GMT
      strict-transport-security:
      - max-age=31536000; includeSubDomains; preload
      transfer-encoding:
      - chunked
      x-content-type-options:
      - nosniff
      x-envoy-upstream-service-time:
      - '147'
    status:
      code: 200
      message: OK
- request:
    body: null
    headers:
      Accept:
      - '*/*'
      Accept-Encoding:
      - gzip, deflate
      Connection:
      - keep-alive
      User-Agent:
      - azsdk-python-ai-textanalytics/5.1.0b5 Python/3.8.5 (macOS-10.13.6-x86_64-i386-64bit)
    method: GET
    uri: https://westus2.api.cognitive.microsoft.com/text/analytics/v3.1-preview.3/analyze/jobs/7d74ca3e-c108-45c5-8e92-6de19dffa22e_637473024000000000
  response:
    body:
      string: "{\"jobId\":\"7d74ca3e-c108-45c5-8e92-6de19dffa22e_637473024000000000\"\
        ,\"lastUpdateDateTime\":\"2021-01-27T02:11:24Z\",\"createdDateTime\":\"2021-01-27T02:11:23Z\"\
        ,\"expirationDateTime\":\"2021-01-28T02:11:23Z\",\"status\":\"succeeded\"\
        ,\"errors\":[],\"tasks\":{\"details\":{\"lastUpdateDateTime\":\"2021-01-27T02:11:24Z\"\
        },\"completed\":3,\"failed\":0,\"inProgress\":0,\"total\":3,\"entityRecognitionTasks\"\
        :[{\"lastUpdateDateTime\":\"2021-01-27T02:11:24.4961788Z\",\"results\":{\"\
        inTerminalState\":true,\"documents\":[{\"id\":\"1\",\"entities\":[{\"text\"\
        :\"veterinarian\",\"category\":\"PersonType\",\"offset\":28,\"length\":12,\"\
        confidenceScore\":0.8}],\"warnings\":[]},{\"id\":\"4\",\"entities\":[{\"text\"\
        :\"escrito en Espa\xF1ol\",\"category\":\"Location\",\"offset\":20,\"length\"\
        :18,\"confidenceScore\":0.25}],\"warnings\":[]},{\"id\":\"3\",\"entities\"\
        :[],\"warnings\":[]}],\"errors\":[],\"modelVersion\":\"2020-04-01\"}}],\"\
        entityRecognitionPiiTasks\":[{\"lastUpdateDateTime\":\"2021-01-27T02:11:24.4961788Z\"\
        ,\"results\":{\"inTerminalState\":true,\"documents\":[{\"redactedText\":\"\
        I should take my cat to the veterinarian.\",\"id\":\"1\",\"entities\":[],\"\
        warnings\":[]},{\"redactedText\":\"Este es un document escrito en Espa\xF1\
        ol.\",\"id\":\"4\",\"entities\":[],\"warnings\":[]},{\"redactedText\":\"\u732B\
        \u306F\u5E78\u305B\",\"id\":\"3\",\"entities\":[],\"warnings\":[]}],\"errors\"\
        :[],\"modelVersion\":\"2020-07-01\"}}],\"keyPhraseExtractionTasks\":[{\"lastUpdateDateTime\"\
        :\"2021-01-27T02:11:24.4961788Z\",\"results\":{\"inTerminalState\":true,\"\
        documents\":[{\"id\":\"1\",\"keyPhrases\":[\"cat\",\"veterinarian\"],\"warnings\"\
        :[]},{\"id\":\"4\",\"keyPhrases\":[\"Este es\",\"document escrito en Espa\xF1\
        ol\"],\"warnings\":[]},{\"id\":\"3\",\"keyPhrases\":[\"\u732B\u306F\u5E78\u305B\
        \"],\"warnings\":[]}],\"errors\":[],\"modelVersion\":\"2020-07-01\"}}]}}"
    headers:
      apim-request-id:
      - 5a459087-17bc-46f3-8aae-ebcaa223987e
      content-type:
      - application/json; charset=utf-8
      date:
      - Wed, 27 Jan 2021 02:13:29 GMT
      strict-transport-security:
      - max-age=31536000; includeSubDomains; preload
      transfer-encoding:
      - chunked
      x-content-type-options:
      - nosniff
      x-envoy-upstream-service-time:
      - '257'
    status:
      code: 200
      message: OK
version: 1
