interactions:
- request:
    body: '{"documents": [{"id": "1", "text": "I will go to the park.", "language":
      "en"}, {"id": "2", "text": "I did not like the hotel we stayed at.", "language":
      "en"}, {"id": "3", "text": "The restaurant had really good food.", "language":
      "en"}]}'
    headers:
      Accept:
      - application/json
      Content-Length:
      - '240'
      Content-Type:
      - application/json
      User-Agent:
      - azsdk-python-ai-textanalytics/1.0.0b5 Python/3.7.7 (Darwin-17.7.0-x86_64-i386-64bit)
        Python/3.7.7 (Darwin-17.7.0-x86_64-i386-64bit)
    method: POST
    uri: https://westus2.ppe.cognitiveservices.azure.com/text/analytics/v3.0/entities/linking?showStats=false
  response:
    body:
      string: '{"documents":[{"id":"1","entities":[],"warnings":[]},{"id":"2","entities":[],"warnings":[]},{"id":"3","entities":[],"warnings":[]}],"errors":[],"modelVersion":"2020-02-01"}'
    headers:
      apim-request-id: 1ce90b16-e00c-4389-bad4-47b57db41861
      content-type: application/json; charset=utf-8
      csp-billing-usage: CognitiveServices.TextAnalytics.BatchScoring=3
      date: Thu, 23 Apr 2020 18:31:34 GMT
      strict-transport-security: max-age=31536000; includeSubDomains; preload
      transfer-encoding: chunked
      x-content-type-options: nosniff
      x-envoy-upstream-service-time: '20'
    status:
      code: 200
      message: OK
    url: https://westus2.ppe.cognitiveservices.azure.com/text/analytics/v3.0/entities/linking?showStats=false
- request:
    body: '{"documents": [{"id": "1", "text": "I will go to the park.", "language":
      "en"}, {"id": "2", "text": "I did not like the hotel we stayed at.", "language":
      "en"}, {"id": "3", "text": "The restaurant had really good food.", "language":
      "en"}]}'
    headers:
      Accept:
      - application/json
      Content-Length:
      - '240'
      Content-Type:
      - application/json
      User-Agent:
      - azsdk-python-ai-textanalytics/1.0.0b5 Python/3.7.7 (Darwin-17.7.0-x86_64-i386-64bit)
        Python/3.7.7 (Darwin-17.7.0-x86_64-i386-64bit)
    method: POST
    uri: https://westus2.ppe.cognitiveservices.azure.com/text/analytics/v3.0/entities/linking?showStats=false
  response:
    body:
      string: '{"error":{"code":"401","message": "Access denied due to invalid subscription
        key or wrong API endpoint. Make sure to provide a valid key for an active
        subscription and use a correct regional API endpoint for your resource."}}'
    headers:
      apim-request-id: 9b572bb6-dbb5-4fbf-b247-db42dc47c483
      content-length: '225'
      content-type: application/json
      date: Thu, 23 Apr 2020 18:31:34 GMT
      strict-transport-security: max-age=31536000; includeSubDomains; preload
      www-authenticate: AzureApiManagementKey realm="https://westus2.ppe.cognitiveservices.azure.com/text/analytics",name="Ocp-Apim-Subscription-Key",type="header"
      x-content-type-options: nosniff
    status:
      code: 401
      message: Access Denied
    url: https://westus2.ppe.cognitiveservices.azure.com/text/analytics/v3.0/entities/linking?showStats=false
- request:
    body: '{"documents": [{"id": "1", "text": "I will go to the park.", "language":
      "en"}, {"id": "2", "text": "I did not like the hotel we stayed at.", "language":
      "en"}, {"id": "3", "text": "The restaurant had really good food.", "language":
      "en"}]}'
    headers:
      Accept:
      - application/json
      Content-Length:
      - '240'
      Content-Type:
      - application/json
      User-Agent:
      - azsdk-python-ai-textanalytics/1.0.0b5 Python/3.7.7 (Darwin-17.7.0-x86_64-i386-64bit)
        Python/3.7.7 (Darwin-17.7.0-x86_64-i386-64bit)
    method: POST
    uri: https://westus2.ppe.cognitiveservices.azure.com/text/analytics/v3.0/entities/linking?showStats=false
  response:
    body:
      string: '{"documents":[{"id":"1","entities":[],"warnings":[]},{"id":"2","entities":[],"warnings":[]},{"id":"3","entities":[],"warnings":[]}],"errors":[],"modelVersion":"2020-02-01"}'
    headers:
      apim-request-id: 88ec1ea0-815c-4988-94b7-09e10c2a51da
      content-type: application/json; charset=utf-8
      csp-billing-usage: CognitiveServices.TextAnalytics.BatchScoring=3
      date: Thu, 23 Apr 2020 18:31:34 GMT
      strict-transport-security: max-age=31536000; includeSubDomains; preload
      transfer-encoding: chunked
      x-content-type-options: nosniff
      x-envoy-upstream-service-time: '22'
    status:
      code: 200
      message: OK
    url: https://westus2.ppe.cognitiveservices.azure.com/text/analytics/v3.0/entities/linking?showStats=false
version: 1
