interactions:
- request:
    body: '{"tasks": {"entityRecognitionTasks": [{"parameters": {"model-version":
      "latest", "stringIndexType": "TextElements_v8"}}], "entityRecognitionPiiTasks":
      [{"parameters": {"model-version": "latest", "stringIndexType": "TextElements_v8"}}],
      "keyPhraseExtractionTasks": [{"parameters": {"model-version": "latest"}}]},
      "analysisInput": {"documents": [{"id": "1", "text": "I should take my cat to
      the veterinarian.", "language": "en"}, {"id": "2", "text": "Este es un document
      escrito en Espa\u00f1ol.", "language": "en"}, {"id": "3", "text": "\u732b\u306f\u5e78\u305b",
      "language": "en"}]}}'
    headers:
      Accept:
      - application/json, text/json
      Accept-Encoding:
      - gzip, deflate
      Connection:
      - keep-alive
      Content-Length:
      - '583'
      Content-Type:
      - application/json
      User-Agent:
      - azsdk-python-ai-textanalytics/5.1.0b5 Python/3.8.5 (macOS-10.13.6-x86_64-i386-64bit)
    method: POST
    uri: https://westus2.api.cognitive.microsoft.com/text/analytics/v3.1-preview.3/analyze
  response:
    body:
      string: ''
    headers:
      apim-request-id:
      - 6be37a37-c670-4fa1-9d44-32a9124cb71f
      date:
      - Wed, 27 Jan 2021 02:19:00 GMT
      operation-location:
      - https://westus2.api.cognitive.microsoft.com/text/analytics/v3.1-preview.3/analyze/jobs/55a7e70a-586d-45a3-b054-4a4e7dd6f6e4_637473024000000000
      strict-transport-security:
      - max-age=31536000; includeSubDomains; preload
      transfer-encoding:
      - chunked
      x-content-type-options:
      - nosniff
      x-envoy-upstream-service-time:
      - '27'
    status:
      code: 202
      message: Accepted
- request:
    body: null
    headers:
      Accept:
      - '*/*'
      Accept-Encoding:
      - gzip, deflate
      Connection:
      - keep-alive
      User-Agent:
      - azsdk-python-ai-textanalytics/5.1.0b5 Python/3.8.5 (macOS-10.13.6-x86_64-i386-64bit)
    method: GET
    uri: https://westus2.api.cognitive.microsoft.com/text/analytics/v3.1-preview.3/analyze/jobs/55a7e70a-586d-45a3-b054-4a4e7dd6f6e4_637473024000000000
  response:
    body:
      string: "{\"jobId\":\"55a7e70a-586d-45a3-b054-4a4e7dd6f6e4_637473024000000000\"\
        ,\"lastUpdateDateTime\":\"2021-01-27T02:19:01Z\",\"createdDateTime\":\"2021-01-27T02:19:01Z\"\
        ,\"expirationDateTime\":\"2021-01-28T02:19:01Z\",\"status\":\"running\",\"\
        errors\":[],\"tasks\":{\"details\":{\"lastUpdateDateTime\":\"2021-01-27T02:19:01Z\"\
        },\"completed\":1,\"failed\":0,\"inProgress\":2,\"total\":3,\"keyPhraseExtractionTasks\"\
        :[{\"lastUpdateDateTime\":\"2021-01-27T02:19:01.5548261Z\",\"results\":{\"\
        inTerminalState\":true,\"documents\":[{\"id\":\"1\",\"keyPhrases\":[\"cat\"\
        ,\"veterinarian\"],\"warnings\":[]},{\"id\":\"2\",\"keyPhrases\":[\"Este es\"\
        ,\"document escrito en Espa\xF1ol\"],\"warnings\":[]},{\"id\":\"3\",\"keyPhrases\"\
        :[\"\u732B\u306F\u5E78\u305B\"],\"warnings\":[]}],\"errors\":[],\"modelVersion\"\
        :\"2020-07-01\"}}]}}"
    headers:
      apim-request-id:
      - c60db609-3824-4122-b3e7-7fecb7e06116
      content-type:
      - application/json; charset=utf-8
      date:
      - Wed, 27 Jan 2021 02:19:06 GMT
      strict-transport-security:
      - max-age=31536000; includeSubDomains; preload
      transfer-encoding:
      - chunked
      x-content-type-options:
      - nosniff
      x-envoy-upstream-service-time:
      - '113'
    status:
      code: 200
      message: OK
- request:
    body: null
    headers:
      Accept:
      - '*/*'
      Accept-Encoding:
      - gzip, deflate
      Connection:
      - keep-alive
      User-Agent:
      - azsdk-python-ai-textanalytics/5.1.0b5 Python/3.8.5 (macOS-10.13.6-x86_64-i386-64bit)
    method: GET
    uri: https://westus2.api.cognitive.microsoft.com/text/analytics/v3.1-preview.3/analyze/jobs/55a7e70a-586d-45a3-b054-4a4e7dd6f6e4_637473024000000000
  response:
    body:
      string: "{\"jobId\":\"55a7e70a-586d-45a3-b054-4a4e7dd6f6e4_637473024000000000\"\
        ,\"lastUpdateDateTime\":\"2021-01-27T02:19:01Z\",\"createdDateTime\":\"2021-01-27T02:19:01Z\"\
        ,\"expirationDateTime\":\"2021-01-28T02:19:01Z\",\"status\":\"running\",\"\
        errors\":[],\"tasks\":{\"details\":{\"lastUpdateDateTime\":\"2021-01-27T02:19:01Z\"\
        },\"completed\":1,\"failed\":0,\"inProgress\":2,\"total\":3,\"keyPhraseExtractionTasks\"\
        :[{\"lastUpdateDateTime\":\"2021-01-27T02:19:01.5548261Z\",\"results\":{\"\
        inTerminalState\":true,\"documents\":[{\"id\":\"1\",\"keyPhrases\":[\"cat\"\
        ,\"veterinarian\"],\"warnings\":[]},{\"id\":\"2\",\"keyPhrases\":[\"Este es\"\
        ,\"document escrito en Espa\xF1ol\"],\"warnings\":[]},{\"id\":\"3\",\"keyPhrases\"\
        :[\"\u732B\u306F\u5E78\u305B\"],\"warnings\":[]}],\"errors\":[],\"modelVersion\"\
        :\"2020-07-01\"}}]}}"
    headers:
      apim-request-id:
      - 4c8af6d2-c887-4da5-a6ba-be1a83e3a6fa
      content-type:
      - application/json; charset=utf-8
      date:
      - Wed, 27 Jan 2021 02:19:11 GMT
      strict-transport-security:
      - max-age=31536000; includeSubDomains; preload
      transfer-encoding:
      - chunked
      x-content-type-options:
      - nosniff
      x-envoy-upstream-service-time:
      - '106'
    status:
      code: 200
      message: OK
- request:
    body: null
    headers:
      Accept:
      - '*/*'
      Accept-Encoding:
      - gzip, deflate
      Connection:
      - keep-alive
      User-Agent:
      - azsdk-python-ai-textanalytics/5.1.0b5 Python/3.8.5 (macOS-10.13.6-x86_64-i386-64bit)
    method: GET
    uri: https://westus2.api.cognitive.microsoft.com/text/analytics/v3.1-preview.3/analyze/jobs/55a7e70a-586d-45a3-b054-4a4e7dd6f6e4_637473024000000000
  response:
    body:
      string: "{\"jobId\":\"55a7e70a-586d-45a3-b054-4a4e7dd6f6e4_637473024000000000\"\
        ,\"lastUpdateDateTime\":\"2021-01-27T02:19:01Z\",\"createdDateTime\":\"2021-01-27T02:19:01Z\"\
        ,\"expirationDateTime\":\"2021-01-28T02:19:01Z\",\"status\":\"running\",\"\
        errors\":[],\"tasks\":{\"details\":{\"lastUpdateDateTime\":\"2021-01-27T02:19:01Z\"\
        },\"completed\":1,\"failed\":0,\"inProgress\":2,\"total\":3,\"keyPhraseExtractionTasks\"\
        :[{\"lastUpdateDateTime\":\"2021-01-27T02:19:01.5548261Z\",\"results\":{\"\
        inTerminalState\":true,\"documents\":[{\"id\":\"1\",\"keyPhrases\":[\"cat\"\
        ,\"veterinarian\"],\"warnings\":[]},{\"id\":\"2\",\"keyPhrases\":[\"Este es\"\
        ,\"document escrito en Espa\xF1ol\"],\"warnings\":[]},{\"id\":\"3\",\"keyPhrases\"\
        :[\"\u732B\u306F\u5E78\u305B\"],\"warnings\":[]}],\"errors\":[],\"modelVersion\"\
        :\"2020-07-01\"}}]}}"
    headers:
      apim-request-id:
      - b4cdd9de-35e0-43dd-aff3-437ac3944564
      content-type:
      - application/json; charset=utf-8
      date:
      - Wed, 27 Jan 2021 02:19:16 GMT
      strict-transport-security:
      - max-age=31536000; includeSubDomains; preload
      transfer-encoding:
      - chunked
      x-content-type-options:
      - nosniff
      x-envoy-upstream-service-time:
      - '139'
    status:
      code: 200
      message: OK
- request:
    body: null
    headers:
      Accept:
      - '*/*'
      Accept-Encoding:
      - gzip, deflate
      Connection:
      - keep-alive
      User-Agent:
      - azsdk-python-ai-textanalytics/5.1.0b5 Python/3.8.5 (macOS-10.13.6-x86_64-i386-64bit)
    method: GET
    uri: https://westus2.api.cognitive.microsoft.com/text/analytics/v3.1-preview.3/analyze/jobs/55a7e70a-586d-45a3-b054-4a4e7dd6f6e4_637473024000000000
  response:
    body:
      string: "{\"jobId\":\"55a7e70a-586d-45a3-b054-4a4e7dd6f6e4_637473024000000000\"\
        ,\"lastUpdateDateTime\":\"2021-01-27T02:19:01Z\",\"createdDateTime\":\"2021-01-27T02:19:01Z\"\
        ,\"expirationDateTime\":\"2021-01-28T02:19:01Z\",\"status\":\"running\",\"\
        errors\":[],\"tasks\":{\"details\":{\"lastUpdateDateTime\":\"2021-01-27T02:19:01Z\"\
        },\"completed\":1,\"failed\":0,\"inProgress\":2,\"total\":3,\"keyPhraseExtractionTasks\"\
        :[{\"lastUpdateDateTime\":\"2021-01-27T02:19:01.5548261Z\",\"results\":{\"\
        inTerminalState\":true,\"documents\":[{\"id\":\"1\",\"keyPhrases\":[\"cat\"\
        ,\"veterinarian\"],\"warnings\":[]},{\"id\":\"2\",\"keyPhrases\":[\"Este es\"\
        ,\"document escrito en Espa\xF1ol\"],\"warnings\":[]},{\"id\":\"3\",\"keyPhrases\"\
        :[\"\u732B\u306F\u5E78\u305B\"],\"warnings\":[]}],\"errors\":[],\"modelVersion\"\
        :\"2020-07-01\"}}]}}"
    headers:
      apim-request-id:
      - 018e5d80-f105-4fe0-b89e-5496a2ad96d2
      content-type:
      - application/json; charset=utf-8
      date:
      - Wed, 27 Jan 2021 02:19:21 GMT
      strict-transport-security:
      - max-age=31536000; includeSubDomains; preload
      transfer-encoding:
      - chunked
      x-content-type-options:
      - nosniff
      x-envoy-upstream-service-time:
      - '117'
    status:
      code: 200
      message: OK
- request:
    body: null
    headers:
      Accept:
      - '*/*'
      Accept-Encoding:
      - gzip, deflate
      Connection:
      - keep-alive
      User-Agent:
      - azsdk-python-ai-textanalytics/5.1.0b5 Python/3.8.5 (macOS-10.13.6-x86_64-i386-64bit)
    method: GET
    uri: https://westus2.api.cognitive.microsoft.com/text/analytics/v3.1-preview.3/analyze/jobs/55a7e70a-586d-45a3-b054-4a4e7dd6f6e4_637473024000000000
  response:
    body:
      string: "{\"jobId\":\"55a7e70a-586d-45a3-b054-4a4e7dd6f6e4_637473024000000000\"\
        ,\"lastUpdateDateTime\":\"2021-01-27T02:19:01Z\",\"createdDateTime\":\"2021-01-27T02:19:01Z\"\
        ,\"expirationDateTime\":\"2021-01-28T02:19:01Z\",\"status\":\"running\",\"\
        errors\":[],\"tasks\":{\"details\":{\"lastUpdateDateTime\":\"2021-01-27T02:19:01Z\"\
        },\"completed\":1,\"failed\":0,\"inProgress\":2,\"total\":3,\"keyPhraseExtractionTasks\"\
        :[{\"lastUpdateDateTime\":\"2021-01-27T02:19:01.5548261Z\",\"results\":{\"\
        inTerminalState\":true,\"documents\":[{\"id\":\"1\",\"keyPhrases\":[\"cat\"\
        ,\"veterinarian\"],\"warnings\":[]},{\"id\":\"2\",\"keyPhrases\":[\"Este es\"\
        ,\"document escrito en Espa\xF1ol\"],\"warnings\":[]},{\"id\":\"3\",\"keyPhrases\"\
        :[\"\u732B\u306F\u5E78\u305B\"],\"warnings\":[]}],\"errors\":[],\"modelVersion\"\
        :\"2020-07-01\"}}]}}"
    headers:
      apim-request-id:
      - f9547c19-6e1b-4269-a318-0e482361de23
      content-type:
      - application/json; charset=utf-8
      date:
      - Wed, 27 Jan 2021 02:19:26 GMT
      strict-transport-security:
      - max-age=31536000; includeSubDomains; preload
      transfer-encoding:
      - chunked
      x-content-type-options:
      - nosniff
      x-envoy-upstream-service-time:
      - '120'
    status:
      code: 200
      message: OK
- request:
    body: null
    headers:
      Accept:
      - '*/*'
      Accept-Encoding:
      - gzip, deflate
      Connection:
      - keep-alive
      User-Agent:
      - azsdk-python-ai-textanalytics/5.1.0b5 Python/3.8.5 (macOS-10.13.6-x86_64-i386-64bit)
    method: GET
    uri: https://westus2.api.cognitive.microsoft.com/text/analytics/v3.1-preview.3/analyze/jobs/55a7e70a-586d-45a3-b054-4a4e7dd6f6e4_637473024000000000
  response:
    body:
      string: "{\"jobId\":\"55a7e70a-586d-45a3-b054-4a4e7dd6f6e4_637473024000000000\"\
        ,\"lastUpdateDateTime\":\"2021-01-27T02:19:01Z\",\"createdDateTime\":\"2021-01-27T02:19:01Z\"\
        ,\"expirationDateTime\":\"2021-01-28T02:19:01Z\",\"status\":\"running\",\"\
        errors\":[],\"tasks\":{\"details\":{\"lastUpdateDateTime\":\"2021-01-27T02:19:01Z\"\
        },\"completed\":1,\"failed\":0,\"inProgress\":2,\"total\":3,\"keyPhraseExtractionTasks\"\
        :[{\"lastUpdateDateTime\":\"2021-01-27T02:19:01.5548261Z\",\"results\":{\"\
        inTerminalState\":true,\"documents\":[{\"id\":\"1\",\"keyPhrases\":[\"cat\"\
        ,\"veterinarian\"],\"warnings\":[]},{\"id\":\"2\",\"keyPhrases\":[\"Este es\"\
        ,\"document escrito en Espa\xF1ol\"],\"warnings\":[]},{\"id\":\"3\",\"keyPhrases\"\
        :[\"\u732B\u306F\u5E78\u305B\"],\"warnings\":[]}],\"errors\":[],\"modelVersion\"\
        :\"2020-07-01\"}}]}}"
    headers:
      apim-request-id:
      - 4c98992e-4ea8-473f-b84a-afa6ef002b78
      content-type:
      - application/json; charset=utf-8
      date:
      - Wed, 27 Jan 2021 02:19:31 GMT
      strict-transport-security:
      - max-age=31536000; includeSubDomains; preload
      transfer-encoding:
      - chunked
      x-content-type-options:
      - nosniff
      x-envoy-upstream-service-time:
      - '115'
    status:
      code: 200
      message: OK
- request:
    body: null
    headers:
      Accept:
      - '*/*'
      Accept-Encoding:
      - gzip, deflate
      Connection:
      - keep-alive
      User-Agent:
      - azsdk-python-ai-textanalytics/5.1.0b5 Python/3.8.5 (macOS-10.13.6-x86_64-i386-64bit)
    method: GET
    uri: https://westus2.api.cognitive.microsoft.com/text/analytics/v3.1-preview.3/analyze/jobs/55a7e70a-586d-45a3-b054-4a4e7dd6f6e4_637473024000000000
  response:
    body:
      string: "{\"jobId\":\"55a7e70a-586d-45a3-b054-4a4e7dd6f6e4_637473024000000000\"\
        ,\"lastUpdateDateTime\":\"2021-01-27T02:19:01Z\",\"createdDateTime\":\"2021-01-27T02:19:01Z\"\
        ,\"expirationDateTime\":\"2021-01-28T02:19:01Z\",\"status\":\"running\",\"\
        errors\":[],\"tasks\":{\"details\":{\"lastUpdateDateTime\":\"2021-01-27T02:19:01Z\"\
        },\"completed\":1,\"failed\":0,\"inProgress\":2,\"total\":3,\"keyPhraseExtractionTasks\"\
        :[{\"lastUpdateDateTime\":\"2021-01-27T02:19:01.5548261Z\",\"results\":{\"\
        inTerminalState\":true,\"documents\":[{\"id\":\"1\",\"keyPhrases\":[\"cat\"\
        ,\"veterinarian\"],\"warnings\":[]},{\"id\":\"2\",\"keyPhrases\":[\"Este es\"\
        ,\"document escrito en Espa\xF1ol\"],\"warnings\":[]},{\"id\":\"3\",\"keyPhrases\"\
        :[\"\u732B\u306F\u5E78\u305B\"],\"warnings\":[]}],\"errors\":[],\"modelVersion\"\
        :\"2020-07-01\"}}]}}"
    headers:
      apim-request-id:
      - c120519f-5f32-4c43-8d30-c7a9ba86c360
      content-type:
      - application/json; charset=utf-8
      date:
      - Wed, 27 Jan 2021 02:19:36 GMT
      strict-transport-security:
      - max-age=31536000; includeSubDomains; preload
      transfer-encoding:
      - chunked
      x-content-type-options:
      - nosniff
      x-envoy-upstream-service-time:
      - '108'
    status:
      code: 200
      message: OK
- request:
    body: null
    headers:
      Accept:
      - '*/*'
      Accept-Encoding:
      - gzip, deflate
      Connection:
      - keep-alive
      User-Agent:
      - azsdk-python-ai-textanalytics/5.1.0b5 Python/3.8.5 (macOS-10.13.6-x86_64-i386-64bit)
    method: GET
    uri: https://westus2.api.cognitive.microsoft.com/text/analytics/v3.1-preview.3/analyze/jobs/55a7e70a-586d-45a3-b054-4a4e7dd6f6e4_637473024000000000
  response:
    body:
      string: "{\"jobId\":\"55a7e70a-586d-45a3-b054-4a4e7dd6f6e4_637473024000000000\"\
        ,\"lastUpdateDateTime\":\"2021-01-27T02:19:01Z\",\"createdDateTime\":\"2021-01-27T02:19:01Z\"\
        ,\"expirationDateTime\":\"2021-01-28T02:19:01Z\",\"status\":\"running\",\"\
        errors\":[],\"tasks\":{\"details\":{\"lastUpdateDateTime\":\"2021-01-27T02:19:01Z\"\
        },\"completed\":1,\"failed\":0,\"inProgress\":2,\"total\":3,\"keyPhraseExtractionTasks\"\
        :[{\"lastUpdateDateTime\":\"2021-01-27T02:19:01.5548261Z\",\"results\":{\"\
        inTerminalState\":true,\"documents\":[{\"id\":\"1\",\"keyPhrases\":[\"cat\"\
        ,\"veterinarian\"],\"warnings\":[]},{\"id\":\"2\",\"keyPhrases\":[\"Este es\"\
        ,\"document escrito en Espa\xF1ol\"],\"warnings\":[]},{\"id\":\"3\",\"keyPhrases\"\
        :[\"\u732B\u306F\u5E78\u305B\"],\"warnings\":[]}],\"errors\":[],\"modelVersion\"\
        :\"2020-07-01\"}}]}}"
    headers:
      apim-request-id:
      - db30654e-5f41-4436-b629-9a448a4060c9
      content-type:
      - application/json; charset=utf-8
      date:
      - Wed, 27 Jan 2021 02:19:42 GMT
      strict-transport-security:
      - max-age=31536000; includeSubDomains; preload
      transfer-encoding:
      - chunked
      x-content-type-options:
      - nosniff
      x-envoy-upstream-service-time:
      - '109'
    status:
      code: 200
      message: OK
- request:
    body: null
    headers:
      Accept:
      - '*/*'
      Accept-Encoding:
      - gzip, deflate
      Connection:
      - keep-alive
      User-Agent:
      - azsdk-python-ai-textanalytics/5.1.0b5 Python/3.8.5 (macOS-10.13.6-x86_64-i386-64bit)
    method: GET
    uri: https://westus2.api.cognitive.microsoft.com/text/analytics/v3.1-preview.3/analyze/jobs/55a7e70a-586d-45a3-b054-4a4e7dd6f6e4_637473024000000000
  response:
    body:
      string: "{\"jobId\":\"55a7e70a-586d-45a3-b054-4a4e7dd6f6e4_637473024000000000\"\
        ,\"lastUpdateDateTime\":\"2021-01-27T02:19:01Z\",\"createdDateTime\":\"2021-01-27T02:19:01Z\"\
        ,\"expirationDateTime\":\"2021-01-28T02:19:01Z\",\"status\":\"running\",\"\
        errors\":[],\"tasks\":{\"details\":{\"lastUpdateDateTime\":\"2021-01-27T02:19:01Z\"\
        },\"completed\":1,\"failed\":0,\"inProgress\":2,\"total\":3,\"keyPhraseExtractionTasks\"\
        :[{\"lastUpdateDateTime\":\"2021-01-27T02:19:01.5548261Z\",\"results\":{\"\
        inTerminalState\":true,\"documents\":[{\"id\":\"1\",\"keyPhrases\":[\"cat\"\
        ,\"veterinarian\"],\"warnings\":[]},{\"id\":\"2\",\"keyPhrases\":[\"Este es\"\
        ,\"document escrito en Espa\xF1ol\"],\"warnings\":[]},{\"id\":\"3\",\"keyPhrases\"\
        :[\"\u732B\u306F\u5E78\u305B\"],\"warnings\":[]}],\"errors\":[],\"modelVersion\"\
        :\"2020-07-01\"}}]}}"
    headers:
      apim-request-id:
      - e5d968ee-42be-4271-a290-fa8227ee0c19
      content-type:
      - application/json; charset=utf-8
      date:
      - Wed, 27 Jan 2021 02:19:47 GMT
      strict-transport-security:
      - max-age=31536000; includeSubDomains; preload
      transfer-encoding:
      - chunked
      x-content-type-options:
      - nosniff
      x-envoy-upstream-service-time:
      - '109'
    status:
      code: 200
      message: OK
- request:
    body: null
    headers:
      Accept:
      - '*/*'
      Accept-Encoding:
      - gzip, deflate
      Connection:
      - keep-alive
      User-Agent:
      - azsdk-python-ai-textanalytics/5.1.0b5 Python/3.8.5 (macOS-10.13.6-x86_64-i386-64bit)
    method: GET
    uri: https://westus2.api.cognitive.microsoft.com/text/analytics/v3.1-preview.3/analyze/jobs/55a7e70a-586d-45a3-b054-4a4e7dd6f6e4_637473024000000000
  response:
    body:
      string: "{\"jobId\":\"55a7e70a-586d-45a3-b054-4a4e7dd6f6e4_637473024000000000\"\
        ,\"lastUpdateDateTime\":\"2021-01-27T02:19:01Z\",\"createdDateTime\":\"2021-01-27T02:19:01Z\"\
        ,\"expirationDateTime\":\"2021-01-28T02:19:01Z\",\"status\":\"running\",\"\
        errors\":[],\"tasks\":{\"details\":{\"lastUpdateDateTime\":\"2021-01-27T02:19:01Z\"\
        },\"completed\":1,\"failed\":0,\"inProgress\":2,\"total\":3,\"keyPhraseExtractionTasks\"\
        :[{\"lastUpdateDateTime\":\"2021-01-27T02:19:01.5548261Z\",\"results\":{\"\
        inTerminalState\":true,\"documents\":[{\"id\":\"1\",\"keyPhrases\":[\"cat\"\
        ,\"veterinarian\"],\"warnings\":[]},{\"id\":\"2\",\"keyPhrases\":[\"Este es\"\
        ,\"document escrito en Espa\xF1ol\"],\"warnings\":[]},{\"id\":\"3\",\"keyPhrases\"\
        :[\"\u732B\u306F\u5E78\u305B\"],\"warnings\":[]}],\"errors\":[],\"modelVersion\"\
        :\"2020-07-01\"}}]}}"
    headers:
      apim-request-id:
      - e0fac67f-f211-4148-85c0-dd0d9bf9d3d2
      content-type:
      - application/json; charset=utf-8
      date:
      - Wed, 27 Jan 2021 02:19:52 GMT
      strict-transport-security:
      - max-age=31536000; includeSubDomains; preload
      transfer-encoding:
      - chunked
      x-content-type-options:
      - nosniff
      x-envoy-upstream-service-time:
      - '172'
    status:
      code: 200
      message: OK
- request:
    body: null
    headers:
      Accept:
      - '*/*'
      Accept-Encoding:
      - gzip, deflate
      Connection:
      - keep-alive
      User-Agent:
      - azsdk-python-ai-textanalytics/5.1.0b5 Python/3.8.5 (macOS-10.13.6-x86_64-i386-64bit)
    method: GET
    uri: https://westus2.api.cognitive.microsoft.com/text/analytics/v3.1-preview.3/analyze/jobs/55a7e70a-586d-45a3-b054-4a4e7dd6f6e4_637473024000000000
  response:
    body:
      string: "{\"jobId\":\"55a7e70a-586d-45a3-b054-4a4e7dd6f6e4_637473024000000000\"\
        ,\"lastUpdateDateTime\":\"2021-01-27T02:19:01Z\",\"createdDateTime\":\"2021-01-27T02:19:01Z\"\
        ,\"expirationDateTime\":\"2021-01-28T02:19:01Z\",\"status\":\"running\",\"\
        errors\":[],\"tasks\":{\"details\":{\"lastUpdateDateTime\":\"2021-01-27T02:19:01Z\"\
        },\"completed\":1,\"failed\":0,\"inProgress\":2,\"total\":3,\"keyPhraseExtractionTasks\"\
        :[{\"lastUpdateDateTime\":\"2021-01-27T02:19:01.5548261Z\",\"results\":{\"\
        inTerminalState\":true,\"documents\":[{\"id\":\"1\",\"keyPhrases\":[\"cat\"\
        ,\"veterinarian\"],\"warnings\":[]},{\"id\":\"2\",\"keyPhrases\":[\"Este es\"\
        ,\"document escrito en Espa\xF1ol\"],\"warnings\":[]},{\"id\":\"3\",\"keyPhrases\"\
        :[\"\u732B\u306F\u5E78\u305B\"],\"warnings\":[]}],\"errors\":[],\"modelVersion\"\
        :\"2020-07-01\"}}]}}"
    headers:
      apim-request-id:
      - 03063aac-a120-480e-8ef9-145669bae613
      content-type:
      - application/json; charset=utf-8
      date:
      - Wed, 27 Jan 2021 02:19:57 GMT
      strict-transport-security:
      - max-age=31536000; includeSubDomains; preload
      transfer-encoding:
      - chunked
      x-content-type-options:
      - nosniff
      x-envoy-upstream-service-time:
      - '126'
    status:
      code: 200
      message: OK
- request:
    body: null
    headers:
      Accept:
      - '*/*'
      Accept-Encoding:
      - gzip, deflate
      Connection:
      - keep-alive
      User-Agent:
      - azsdk-python-ai-textanalytics/5.1.0b5 Python/3.8.5 (macOS-10.13.6-x86_64-i386-64bit)
    method: GET
    uri: https://westus2.api.cognitive.microsoft.com/text/analytics/v3.1-preview.3/analyze/jobs/55a7e70a-586d-45a3-b054-4a4e7dd6f6e4_637473024000000000
  response:
    body:
      string: "{\"jobId\":\"55a7e70a-586d-45a3-b054-4a4e7dd6f6e4_637473024000000000\"\
        ,\"lastUpdateDateTime\":\"2021-01-27T02:19:01Z\",\"createdDateTime\":\"2021-01-27T02:19:01Z\"\
        ,\"expirationDateTime\":\"2021-01-28T02:19:01Z\",\"status\":\"running\",\"\
        errors\":[],\"tasks\":{\"details\":{\"lastUpdateDateTime\":\"2021-01-27T02:19:01Z\"\
        },\"completed\":1,\"failed\":0,\"inProgress\":2,\"total\":3,\"keyPhraseExtractionTasks\"\
        :[{\"lastUpdateDateTime\":\"2021-01-27T02:19:01.5548261Z\",\"results\":{\"\
        inTerminalState\":true,\"documents\":[{\"id\":\"1\",\"keyPhrases\":[\"cat\"\
        ,\"veterinarian\"],\"warnings\":[]},{\"id\":\"2\",\"keyPhrases\":[\"Este es\"\
        ,\"document escrito en Espa\xF1ol\"],\"warnings\":[]},{\"id\":\"3\",\"keyPhrases\"\
        :[\"\u732B\u306F\u5E78\u305B\"],\"warnings\":[]}],\"errors\":[],\"modelVersion\"\
        :\"2020-07-01\"}}]}}"
    headers:
      apim-request-id:
      - 50bee10b-9ad7-4374-bcb4-8910ee91d8b3
      content-type:
      - application/json; charset=utf-8
      date:
      - Wed, 27 Jan 2021 02:20:02 GMT
      strict-transport-security:
      - max-age=31536000; includeSubDomains; preload
      transfer-encoding:
      - chunked
      x-content-type-options:
      - nosniff
      x-envoy-upstream-service-time:
      - '113'
    status:
      code: 200
      message: OK
- request:
    body: null
    headers:
      Accept:
      - '*/*'
      Accept-Encoding:
      - gzip, deflate
      Connection:
      - keep-alive
      User-Agent:
      - azsdk-python-ai-textanalytics/5.1.0b5 Python/3.8.5 (macOS-10.13.6-x86_64-i386-64bit)
    method: GET
    uri: https://westus2.api.cognitive.microsoft.com/text/analytics/v3.1-preview.3/analyze/jobs/55a7e70a-586d-45a3-b054-4a4e7dd6f6e4_637473024000000000
  response:
    body:
      string: "{\"jobId\":\"55a7e70a-586d-45a3-b054-4a4e7dd6f6e4_637473024000000000\"\
        ,\"lastUpdateDateTime\":\"2021-01-27T02:19:01Z\",\"createdDateTime\":\"2021-01-27T02:19:01Z\"\
        ,\"expirationDateTime\":\"2021-01-28T02:19:01Z\",\"status\":\"running\",\"\
        errors\":[],\"tasks\":{\"details\":{\"lastUpdateDateTime\":\"2021-01-27T02:19:01Z\"\
        },\"completed\":1,\"failed\":0,\"inProgress\":2,\"total\":3,\"keyPhraseExtractionTasks\"\
        :[{\"lastUpdateDateTime\":\"2021-01-27T02:19:01.5548261Z\",\"results\":{\"\
        inTerminalState\":true,\"documents\":[{\"id\":\"1\",\"keyPhrases\":[\"cat\"\
        ,\"veterinarian\"],\"warnings\":[]},{\"id\":\"2\",\"keyPhrases\":[\"Este es\"\
        ,\"document escrito en Espa\xF1ol\"],\"warnings\":[]},{\"id\":\"3\",\"keyPhrases\"\
        :[\"\u732B\u306F\u5E78\u305B\"],\"warnings\":[]}],\"errors\":[],\"modelVersion\"\
        :\"2020-07-01\"}}]}}"
    headers:
      apim-request-id:
      - d280938c-371a-437a-ab6b-c736cac53d80
      content-type:
      - application/json; charset=utf-8
      date:
      - Wed, 27 Jan 2021 02:20:09 GMT
      strict-transport-security:
      - max-age=31536000; includeSubDomains; preload
      transfer-encoding:
      - chunked
      x-content-type-options:
      - nosniff
      x-envoy-upstream-service-time:
      - '161'
    status:
      code: 200
      message: OK
- request:
    body: null
    headers:
      Accept:
      - '*/*'
      Accept-Encoding:
      - gzip, deflate
      Connection:
      - keep-alive
      User-Agent:
      - azsdk-python-ai-textanalytics/5.1.0b5 Python/3.8.5 (macOS-10.13.6-x86_64-i386-64bit)
    method: GET
    uri: https://westus2.api.cognitive.microsoft.com/text/analytics/v3.1-preview.3/analyze/jobs/55a7e70a-586d-45a3-b054-4a4e7dd6f6e4_637473024000000000
  response:
    body:
      string: "{\"jobId\":\"55a7e70a-586d-45a3-b054-4a4e7dd6f6e4_637473024000000000\"\
        ,\"lastUpdateDateTime\":\"2021-01-27T02:19:01Z\",\"createdDateTime\":\"2021-01-27T02:19:01Z\"\
        ,\"expirationDateTime\":\"2021-01-28T02:19:01Z\",\"status\":\"running\",\"\
        errors\":[],\"tasks\":{\"details\":{\"lastUpdateDateTime\":\"2021-01-27T02:19:01Z\"\
        },\"completed\":2,\"failed\":0,\"inProgress\":1,\"total\":3,\"entityRecognitionPiiTasks\"\
        :[{\"lastUpdateDateTime\":\"2021-01-27T02:19:01.5548261Z\",\"results\":{\"\
        inTerminalState\":true,\"documents\":[{\"redactedText\":\"I should take my\
        \ cat to the veterinarian.\",\"id\":\"1\",\"entities\":[],\"warnings\":[]},{\"\
        redactedText\":\"Este es un document escrito en Espa\xF1ol.\",\"id\":\"2\"\
        ,\"entities\":[],\"warnings\":[]},{\"redactedText\":\"\u732B\u306F\u5E78\u305B\
        \",\"id\":\"3\",\"entities\":[],\"warnings\":[]}],\"errors\":[],\"modelVersion\"\
        :\"2020-07-01\"}}],\"keyPhraseExtractionTasks\":[{\"lastUpdateDateTime\":\"\
        2021-01-27T02:19:01.5548261Z\",\"results\":{\"inTerminalState\":true,\"documents\"\
        :[{\"id\":\"1\",\"keyPhrases\":[\"cat\",\"veterinarian\"],\"warnings\":[]},{\"\
        id\":\"2\",\"keyPhrases\":[\"Este es\",\"document escrito en Espa\xF1ol\"\
        ],\"warnings\":[]},{\"id\":\"3\",\"keyPhrases\":[\"\u732B\u306F\u5E78\u305B\
        \"],\"warnings\":[]}],\"errors\":[],\"modelVersion\":\"2020-07-01\"}}]}}"
    headers:
      apim-request-id:
      - e238b404-f0bd-4744-a74c-c7e3d2f7b5b5
      content-type:
      - application/json; charset=utf-8
      date:
      - Wed, 27 Jan 2021 02:20:14 GMT
      strict-transport-security:
      - max-age=31536000; includeSubDomains; preload
      transfer-encoding:
      - chunked
      x-content-type-options:
      - nosniff
      x-envoy-upstream-service-time:
      - '163'
    status:
      code: 200
      message: OK
- request:
    body: null
    headers:
      Accept:
      - '*/*'
      Accept-Encoding:
      - gzip, deflate
      Connection:
      - keep-alive
      User-Agent:
      - azsdk-python-ai-textanalytics/5.1.0b5 Python/3.8.5 (macOS-10.13.6-x86_64-i386-64bit)
    method: GET
    uri: https://westus2.api.cognitive.microsoft.com/text/analytics/v3.1-preview.3/analyze/jobs/55a7e70a-586d-45a3-b054-4a4e7dd6f6e4_637473024000000000
  response:
    body:
      string: "{\"jobId\":\"55a7e70a-586d-45a3-b054-4a4e7dd6f6e4_637473024000000000\"\
        ,\"lastUpdateDateTime\":\"2021-01-27T02:19:01Z\",\"createdDateTime\":\"2021-01-27T02:19:01Z\"\
        ,\"expirationDateTime\":\"2021-01-28T02:19:01Z\",\"status\":\"running\",\"\
        errors\":[],\"tasks\":{\"details\":{\"lastUpdateDateTime\":\"2021-01-27T02:19:01Z\"\
        },\"completed\":2,\"failed\":0,\"inProgress\":1,\"total\":3,\"entityRecognitionPiiTasks\"\
        :[{\"lastUpdateDateTime\":\"2021-01-27T02:19:01.5548261Z\",\"results\":{\"\
        inTerminalState\":true,\"documents\":[{\"redactedText\":\"I should take my\
        \ cat to the veterinarian.\",\"id\":\"1\",\"entities\":[],\"warnings\":[]},{\"\
        redactedText\":\"Este es un document escrito en Espa\xF1ol.\",\"id\":\"2\"\
        ,\"entities\":[],\"warnings\":[]},{\"redactedText\":\"\u732B\u306F\u5E78\u305B\
        \",\"id\":\"3\",\"entities\":[],\"warnings\":[]}],\"errors\":[],\"modelVersion\"\
        :\"2020-07-01\"}}],\"keyPhraseExtractionTasks\":[{\"lastUpdateDateTime\":\"\
        2021-01-27T02:19:01.5548261Z\",\"results\":{\"inTerminalState\":true,\"documents\"\
        :[{\"id\":\"1\",\"keyPhrases\":[\"cat\",\"veterinarian\"],\"warnings\":[]},{\"\
        id\":\"2\",\"keyPhrases\":[\"Este es\",\"document escrito en Espa\xF1ol\"\
        ],\"warnings\":[]},{\"id\":\"3\",\"keyPhrases\":[\"\u732B\u306F\u5E78\u305B\
        \"],\"warnings\":[]}],\"errors\":[],\"modelVersion\":\"2020-07-01\"}}]}}"
    headers:
      apim-request-id:
      - 431218ef-2577-4dc3-9710-7304e57f9d62
      content-type:
      - application/json; charset=utf-8
      date:
      - Wed, 27 Jan 2021 02:20:19 GMT
      strict-transport-security:
      - max-age=31536000; includeSubDomains; preload
      transfer-encoding:
      - chunked
      x-content-type-options:
      - nosniff
      x-envoy-upstream-service-time:
      - '198'
    status:
      code: 200
      message: OK
- request:
    body: null
    headers:
      Accept:
      - '*/*'
      Accept-Encoding:
      - gzip, deflate
      Connection:
      - keep-alive
      User-Agent:
      - azsdk-python-ai-textanalytics/5.1.0b5 Python/3.8.5 (macOS-10.13.6-x86_64-i386-64bit)
    method: GET
    uri: https://westus2.api.cognitive.microsoft.com/text/analytics/v3.1-preview.3/analyze/jobs/55a7e70a-586d-45a3-b054-4a4e7dd6f6e4_637473024000000000
  response:
    body:
      string: "{\"jobId\":\"55a7e70a-586d-45a3-b054-4a4e7dd6f6e4_637473024000000000\"\
        ,\"lastUpdateDateTime\":\"2021-01-27T02:19:01Z\",\"createdDateTime\":\"2021-01-27T02:19:01Z\"\
        ,\"expirationDateTime\":\"2021-01-28T02:19:01Z\",\"status\":\"running\",\"\
        errors\":[],\"tasks\":{\"details\":{\"lastUpdateDateTime\":\"2021-01-27T02:19:01Z\"\
        },\"completed\":2,\"failed\":0,\"inProgress\":1,\"total\":3,\"entityRecognitionPiiTasks\"\
        :[{\"lastUpdateDateTime\":\"2021-01-27T02:19:01.5548261Z\",\"results\":{\"\
        inTerminalState\":true,\"documents\":[{\"redactedText\":\"I should take my\
        \ cat to the veterinarian.\",\"id\":\"1\",\"entities\":[],\"warnings\":[]},{\"\
        redactedText\":\"Este es un document escrito en Espa\xF1ol.\",\"id\":\"2\"\
        ,\"entities\":[],\"warnings\":[]},{\"redactedText\":\"\u732B\u306F\u5E78\u305B\
        \",\"id\":\"3\",\"entities\":[],\"warnings\":[]}],\"errors\":[],\"modelVersion\"\
        :\"2020-07-01\"}}],\"keyPhraseExtractionTasks\":[{\"lastUpdateDateTime\":\"\
        2021-01-27T02:19:01.5548261Z\",\"results\":{\"inTerminalState\":true,\"documents\"\
        :[{\"id\":\"1\",\"keyPhrases\":[\"cat\",\"veterinarian\"],\"warnings\":[]},{\"\
        id\":\"2\",\"keyPhrases\":[\"Este es\",\"document escrito en Espa\xF1ol\"\
        ],\"warnings\":[]},{\"id\":\"3\",\"keyPhrases\":[\"\u732B\u306F\u5E78\u305B\
        \"],\"warnings\":[]}],\"errors\":[],\"modelVersion\":\"2020-07-01\"}}]}}"
    headers:
      apim-request-id:
      - cc69a77f-f1a6-4b1f-9f56-e01cd6e94357
      content-type:
      - application/json; charset=utf-8
      date:
      - Wed, 27 Jan 2021 02:20:24 GMT
      strict-transport-security:
      - max-age=31536000; includeSubDomains; preload
      transfer-encoding:
      - chunked
      x-content-type-options:
      - nosniff
      x-envoy-upstream-service-time:
      - '161'
    status:
      code: 200
      message: OK
- request:
    body: null
    headers:
      Accept:
      - '*/*'
      Accept-Encoding:
      - gzip, deflate
      Connection:
      - keep-alive
      User-Agent:
      - azsdk-python-ai-textanalytics/5.1.0b5 Python/3.8.5 (macOS-10.13.6-x86_64-i386-64bit)
    method: GET
    uri: https://westus2.api.cognitive.microsoft.com/text/analytics/v3.1-preview.3/analyze/jobs/55a7e70a-586d-45a3-b054-4a4e7dd6f6e4_637473024000000000
  response:
    body:
      string: "{\"jobId\":\"55a7e70a-586d-45a3-b054-4a4e7dd6f6e4_637473024000000000\"\
        ,\"lastUpdateDateTime\":\"2021-01-27T02:19:01Z\",\"createdDateTime\":\"2021-01-27T02:19:01Z\"\
        ,\"expirationDateTime\":\"2021-01-28T02:19:01Z\",\"status\":\"running\",\"\
        errors\":[],\"tasks\":{\"details\":{\"lastUpdateDateTime\":\"2021-01-27T02:19:01Z\"\
        },\"completed\":2,\"failed\":0,\"inProgress\":1,\"total\":3,\"entityRecognitionPiiTasks\"\
        :[{\"lastUpdateDateTime\":\"2021-01-27T02:19:01.5548261Z\",\"results\":{\"\
        inTerminalState\":true,\"documents\":[{\"redactedText\":\"I should take my\
        \ cat to the veterinarian.\",\"id\":\"1\",\"entities\":[],\"warnings\":[]},{\"\
        redactedText\":\"Este es un document escrito en Espa\xF1ol.\",\"id\":\"2\"\
        ,\"entities\":[],\"warnings\":[]},{\"redactedText\":\"\u732B\u306F\u5E78\u305B\
        \",\"id\":\"3\",\"entities\":[],\"warnings\":[]}],\"errors\":[],\"modelVersion\"\
        :\"2020-07-01\"}}],\"keyPhraseExtractionTasks\":[{\"lastUpdateDateTime\":\"\
        2021-01-27T02:19:01.5548261Z\",\"results\":{\"inTerminalState\":true,\"documents\"\
        :[{\"id\":\"1\",\"keyPhrases\":[\"cat\",\"veterinarian\"],\"warnings\":[]},{\"\
        id\":\"2\",\"keyPhrases\":[\"Este es\",\"document escrito en Espa\xF1ol\"\
        ],\"warnings\":[]},{\"id\":\"3\",\"keyPhrases\":[\"\u732B\u306F\u5E78\u305B\
        \"],\"warnings\":[]}],\"errors\":[],\"modelVersion\":\"2020-07-01\"}}]}}"
    headers:
      apim-request-id:
      - 7366a523-493d-483e-8021-9b204090c230
      content-type:
      - application/json; charset=utf-8
      date:
      - Wed, 27 Jan 2021 02:20:29 GMT
      strict-transport-security:
      - max-age=31536000; includeSubDomains; preload
      transfer-encoding:
      - chunked
      x-content-type-options:
      - nosniff
      x-envoy-upstream-service-time:
      - '184'
    status:
      code: 200
      message: OK
- request:
    body: null
    headers:
      Accept:
      - '*/*'
      Accept-Encoding:
      - gzip, deflate
      Connection:
      - keep-alive
      User-Agent:
      - azsdk-python-ai-textanalytics/5.1.0b5 Python/3.8.5 (macOS-10.13.6-x86_64-i386-64bit)
    method: GET
    uri: https://westus2.api.cognitive.microsoft.com/text/analytics/v3.1-preview.3/analyze/jobs/55a7e70a-586d-45a3-b054-4a4e7dd6f6e4_637473024000000000
  response:
    body:
      string: "{\"jobId\":\"55a7e70a-586d-45a3-b054-4a4e7dd6f6e4_637473024000000000\"\
        ,\"lastUpdateDateTime\":\"2021-01-27T02:19:01Z\",\"createdDateTime\":\"2021-01-27T02:19:01Z\"\
        ,\"expirationDateTime\":\"2021-01-28T02:19:01Z\",\"status\":\"running\",\"\
        errors\":[],\"tasks\":{\"details\":{\"lastUpdateDateTime\":\"2021-01-27T02:19:01Z\"\
        },\"completed\":2,\"failed\":0,\"inProgress\":1,\"total\":3,\"entityRecognitionPiiTasks\"\
        :[{\"lastUpdateDateTime\":\"2021-01-27T02:19:01.5548261Z\",\"results\":{\"\
        inTerminalState\":true,\"documents\":[{\"redactedText\":\"I should take my\
        \ cat to the veterinarian.\",\"id\":\"1\",\"entities\":[],\"warnings\":[]},{\"\
        redactedText\":\"Este es un document escrito en Espa\xF1ol.\",\"id\":\"2\"\
        ,\"entities\":[],\"warnings\":[]},{\"redactedText\":\"\u732B\u306F\u5E78\u305B\
        \",\"id\":\"3\",\"entities\":[],\"warnings\":[]}],\"errors\":[],\"modelVersion\"\
        :\"2020-07-01\"}}],\"keyPhraseExtractionTasks\":[{\"lastUpdateDateTime\":\"\
        2021-01-27T02:19:01.5548261Z\",\"results\":{\"inTerminalState\":true,\"documents\"\
        :[{\"id\":\"1\",\"keyPhrases\":[\"cat\",\"veterinarian\"],\"warnings\":[]},{\"\
        id\":\"2\",\"keyPhrases\":[\"Este es\",\"document escrito en Espa\xF1ol\"\
        ],\"warnings\":[]},{\"id\":\"3\",\"keyPhrases\":[\"\u732B\u306F\u5E78\u305B\
        \"],\"warnings\":[]}],\"errors\":[],\"modelVersion\":\"2020-07-01\"}}]}}"
    headers:
      apim-request-id:
      - 01682963-d1b5-44ea-ba0c-904a7c3ad35b
      content-type:
      - application/json; charset=utf-8
      date:
      - Wed, 27 Jan 2021 02:20:35 GMT
      strict-transport-security:
      - max-age=31536000; includeSubDomains; preload
      transfer-encoding:
      - chunked
      x-content-type-options:
      - nosniff
      x-envoy-upstream-service-time:
      - '205'
    status:
      code: 200
      message: OK
- request:
    body: null
    headers:
      Accept:
      - '*/*'
      Accept-Encoding:
      - gzip, deflate
      Connection:
      - keep-alive
      User-Agent:
      - azsdk-python-ai-textanalytics/5.1.0b5 Python/3.8.5 (macOS-10.13.6-x86_64-i386-64bit)
    method: GET
    uri: https://westus2.api.cognitive.microsoft.com/text/analytics/v3.1-preview.3/analyze/jobs/55a7e70a-586d-45a3-b054-4a4e7dd6f6e4_637473024000000000
  response:
    body:
      string: "{\"jobId\":\"55a7e70a-586d-45a3-b054-4a4e7dd6f6e4_637473024000000000\"\
        ,\"lastUpdateDateTime\":\"2021-01-27T02:19:01Z\",\"createdDateTime\":\"2021-01-27T02:19:01Z\"\
        ,\"expirationDateTime\":\"2021-01-28T02:19:01Z\",\"status\":\"running\",\"\
        errors\":[],\"tasks\":{\"details\":{\"lastUpdateDateTime\":\"2021-01-27T02:19:01Z\"\
        },\"completed\":2,\"failed\":0,\"inProgress\":1,\"total\":3,\"entityRecognitionPiiTasks\"\
        :[{\"lastUpdateDateTime\":\"2021-01-27T02:19:01.5548261Z\",\"results\":{\"\
        inTerminalState\":true,\"documents\":[{\"redactedText\":\"I should take my\
        \ cat to the veterinarian.\",\"id\":\"1\",\"entities\":[],\"warnings\":[]},{\"\
        redactedText\":\"Este es un document escrito en Espa\xF1ol.\",\"id\":\"2\"\
        ,\"entities\":[],\"warnings\":[]},{\"redactedText\":\"\u732B\u306F\u5E78\u305B\
        \",\"id\":\"3\",\"entities\":[],\"warnings\":[]}],\"errors\":[],\"modelVersion\"\
        :\"2020-07-01\"}}],\"keyPhraseExtractionTasks\":[{\"lastUpdateDateTime\":\"\
        2021-01-27T02:19:01.5548261Z\",\"results\":{\"inTerminalState\":true,\"documents\"\
        :[{\"id\":\"1\",\"keyPhrases\":[\"cat\",\"veterinarian\"],\"warnings\":[]},{\"\
        id\":\"2\",\"keyPhrases\":[\"Este es\",\"document escrito en Espa\xF1ol\"\
        ],\"warnings\":[]},{\"id\":\"3\",\"keyPhrases\":[\"\u732B\u306F\u5E78\u305B\
        \"],\"warnings\":[]}],\"errors\":[],\"modelVersion\":\"2020-07-01\"}}]}}"
    headers:
      apim-request-id:
      - ce4ae569-04cd-4c11-93ff-8e85f4516787
      content-type:
      - application/json; charset=utf-8
      date:
      - Wed, 27 Jan 2021 02:20:40 GMT
      strict-transport-security:
      - max-age=31536000; includeSubDomains; preload
      transfer-encoding:
      - chunked
      x-content-type-options:
      - nosniff
      x-envoy-upstream-service-time:
      - '213'
    status:
      code: 200
      message: OK
- request:
    body: null
    headers:
      Accept:
      - '*/*'
      Accept-Encoding:
      - gzip, deflate
      Connection:
      - keep-alive
      User-Agent:
      - azsdk-python-ai-textanalytics/5.1.0b5 Python/3.8.5 (macOS-10.13.6-x86_64-i386-64bit)
    method: GET
    uri: https://westus2.api.cognitive.microsoft.com/text/analytics/v3.1-preview.3/analyze/jobs/55a7e70a-586d-45a3-b054-4a4e7dd6f6e4_637473024000000000
  response:
    body:
      string: "{\"jobId\":\"55a7e70a-586d-45a3-b054-4a4e7dd6f6e4_637473024000000000\"\
        ,\"lastUpdateDateTime\":\"2021-01-27T02:19:01Z\",\"createdDateTime\":\"2021-01-27T02:19:01Z\"\
        ,\"expirationDateTime\":\"2021-01-28T02:19:01Z\",\"status\":\"running\",\"\
        errors\":[],\"tasks\":{\"details\":{\"lastUpdateDateTime\":\"2021-01-27T02:19:01Z\"\
        },\"completed\":2,\"failed\":0,\"inProgress\":1,\"total\":3,\"entityRecognitionPiiTasks\"\
        :[{\"lastUpdateDateTime\":\"2021-01-27T02:19:01.5548261Z\",\"results\":{\"\
        inTerminalState\":true,\"documents\":[{\"redactedText\":\"I should take my\
        \ cat to the veterinarian.\",\"id\":\"1\",\"entities\":[],\"warnings\":[]},{\"\
        redactedText\":\"Este es un document escrito en Espa\xF1ol.\",\"id\":\"2\"\
        ,\"entities\":[],\"warnings\":[]},{\"redactedText\":\"\u732B\u306F\u5E78\u305B\
        \",\"id\":\"3\",\"entities\":[],\"warnings\":[]}],\"errors\":[],\"modelVersion\"\
        :\"2020-07-01\"}}],\"keyPhraseExtractionTasks\":[{\"lastUpdateDateTime\":\"\
        2021-01-27T02:19:01.5548261Z\",\"results\":{\"inTerminalState\":true,\"documents\"\
        :[{\"id\":\"1\",\"keyPhrases\":[\"cat\",\"veterinarian\"],\"warnings\":[]},{\"\
        id\":\"2\",\"keyPhrases\":[\"Este es\",\"document escrito en Espa\xF1ol\"\
        ],\"warnings\":[]},{\"id\":\"3\",\"keyPhrases\":[\"\u732B\u306F\u5E78\u305B\
        \"],\"warnings\":[]}],\"errors\":[],\"modelVersion\":\"2020-07-01\"}}]}}"
    headers:
      apim-request-id:
      - b9ded626-c384-4f77-87a7-9347bfe8f5eb
      content-type:
      - application/json; charset=utf-8
      date:
      - Wed, 27 Jan 2021 02:20:45 GMT
      strict-transport-security:
      - max-age=31536000; includeSubDomains; preload
      transfer-encoding:
      - chunked
      x-content-type-options:
      - nosniff
      x-envoy-upstream-service-time:
      - '203'
    status:
      code: 200
      message: OK
- request:
    body: null
    headers:
      Accept:
      - '*/*'
      Accept-Encoding:
      - gzip, deflate
      Connection:
      - keep-alive
      User-Agent:
      - azsdk-python-ai-textanalytics/5.1.0b5 Python/3.8.5 (macOS-10.13.6-x86_64-i386-64bit)
    method: GET
    uri: https://westus2.api.cognitive.microsoft.com/text/analytics/v3.1-preview.3/analyze/jobs/55a7e70a-586d-45a3-b054-4a4e7dd6f6e4_637473024000000000
  response:
    body:
      string: "{\"jobId\":\"55a7e70a-586d-45a3-b054-4a4e7dd6f6e4_637473024000000000\"\
        ,\"lastUpdateDateTime\":\"2021-01-27T02:19:01Z\",\"createdDateTime\":\"2021-01-27T02:19:01Z\"\
        ,\"expirationDateTime\":\"2021-01-28T02:19:01Z\",\"status\":\"running\",\"\
        errors\":[],\"tasks\":{\"details\":{\"lastUpdateDateTime\":\"2021-01-27T02:19:01Z\"\
        },\"completed\":2,\"failed\":0,\"inProgress\":1,\"total\":3,\"entityRecognitionPiiTasks\"\
        :[{\"lastUpdateDateTime\":\"2021-01-27T02:19:01.5548261Z\",\"results\":{\"\
        inTerminalState\":true,\"documents\":[{\"redactedText\":\"I should take my\
        \ cat to the veterinarian.\",\"id\":\"1\",\"entities\":[],\"warnings\":[]},{\"\
        redactedText\":\"Este es un document escrito en Espa\xF1ol.\",\"id\":\"2\"\
        ,\"entities\":[],\"warnings\":[]},{\"redactedText\":\"\u732B\u306F\u5E78\u305B\
        \",\"id\":\"3\",\"entities\":[],\"warnings\":[]}],\"errors\":[],\"modelVersion\"\
        :\"2020-07-01\"}}],\"keyPhraseExtractionTasks\":[{\"lastUpdateDateTime\":\"\
        2021-01-27T02:19:01.5548261Z\",\"results\":{\"inTerminalState\":true,\"documents\"\
        :[{\"id\":\"1\",\"keyPhrases\":[\"cat\",\"veterinarian\"],\"warnings\":[]},{\"\
        id\":\"2\",\"keyPhrases\":[\"Este es\",\"document escrito en Espa\xF1ol\"\
        ],\"warnings\":[]},{\"id\":\"3\",\"keyPhrases\":[\"\u732B\u306F\u5E78\u305B\
        \"],\"warnings\":[]}],\"errors\":[],\"modelVersion\":\"2020-07-01\"}}]}}"
    headers:
      apim-request-id:
      - db9ea404-b358-4549-80c6-7e76e72fb14a
      content-type:
      - application/json; charset=utf-8
      date:
      - Wed, 27 Jan 2021 02:20:51 GMT
      strict-transport-security:
      - max-age=31536000; includeSubDomains; preload
      transfer-encoding:
      - chunked
      x-content-type-options:
      - nosniff
      x-envoy-upstream-service-time:
      - '248'
    status:
      code: 200
      message: OK
- request:
    body: null
    headers:
      Accept:
      - '*/*'
      Accept-Encoding:
      - gzip, deflate
      Connection:
      - keep-alive
      User-Agent:
      - azsdk-python-ai-textanalytics/5.1.0b5 Python/3.8.5 (macOS-10.13.6-x86_64-i386-64bit)
    method: GET
    uri: https://westus2.api.cognitive.microsoft.com/text/analytics/v3.1-preview.3/analyze/jobs/55a7e70a-586d-45a3-b054-4a4e7dd6f6e4_637473024000000000
  response:
    body:
      string: "{\"jobId\":\"55a7e70a-586d-45a3-b054-4a4e7dd6f6e4_637473024000000000\"\
        ,\"lastUpdateDateTime\":\"2021-01-27T02:19:01Z\",\"createdDateTime\":\"2021-01-27T02:19:01Z\"\
        ,\"expirationDateTime\":\"2021-01-28T02:19:01Z\",\"status\":\"running\",\"\
        errors\":[],\"tasks\":{\"details\":{\"lastUpdateDateTime\":\"2021-01-27T02:19:01Z\"\
        },\"completed\":2,\"failed\":0,\"inProgress\":1,\"total\":3,\"entityRecognitionPiiTasks\"\
        :[{\"lastUpdateDateTime\":\"2021-01-27T02:19:01.5548261Z\",\"results\":{\"\
        inTerminalState\":true,\"documents\":[{\"redactedText\":\"I should take my\
        \ cat to the veterinarian.\",\"id\":\"1\",\"entities\":[],\"warnings\":[]},{\"\
        redactedText\":\"Este es un document escrito en Espa\xF1ol.\",\"id\":\"2\"\
        ,\"entities\":[],\"warnings\":[]},{\"redactedText\":\"\u732B\u306F\u5E78\u305B\
        \",\"id\":\"3\",\"entities\":[],\"warnings\":[]}],\"errors\":[],\"modelVersion\"\
        :\"2020-07-01\"}}],\"keyPhraseExtractionTasks\":[{\"lastUpdateDateTime\":\"\
        2021-01-27T02:19:01.5548261Z\",\"results\":{\"inTerminalState\":true,\"documents\"\
        :[{\"id\":\"1\",\"keyPhrases\":[\"cat\",\"veterinarian\"],\"warnings\":[]},{\"\
        id\":\"2\",\"keyPhrases\":[\"Este es\",\"document escrito en Espa\xF1ol\"\
        ],\"warnings\":[]},{\"id\":\"3\",\"keyPhrases\":[\"\u732B\u306F\u5E78\u305B\
        \"],\"warnings\":[]}],\"errors\":[],\"modelVersion\":\"2020-07-01\"}}]}}"
    headers:
      apim-request-id:
      - a0d0f3e8-3c45-4473-bf4c-1ccff4ff0b3f
      content-type:
      - application/json; charset=utf-8
      date:
      - Wed, 27 Jan 2021 02:20:58 GMT
      strict-transport-security:
      - max-age=31536000; includeSubDomains; preload
      transfer-encoding:
      - chunked
      x-content-type-options:
      - nosniff
      x-envoy-upstream-service-time:
      - '2188'
    status:
      code: 200
      message: OK
- request:
    body: null
    headers:
      Accept:
      - '*/*'
      Accept-Encoding:
      - gzip, deflate
      Connection:
      - keep-alive
      User-Agent:
      - azsdk-python-ai-textanalytics/5.1.0b5 Python/3.8.5 (macOS-10.13.6-x86_64-i386-64bit)
    method: GET
    uri: https://westus2.api.cognitive.microsoft.com/text/analytics/v3.1-preview.3/analyze/jobs/55a7e70a-586d-45a3-b054-4a4e7dd6f6e4_637473024000000000
  response:
    body:
      string: "{\"jobId\":\"55a7e70a-586d-45a3-b054-4a4e7dd6f6e4_637473024000000000\"\
        ,\"lastUpdateDateTime\":\"2021-01-27T02:19:01Z\",\"createdDateTime\":\"2021-01-27T02:19:01Z\"\
        ,\"expirationDateTime\":\"2021-01-28T02:19:01Z\",\"status\":\"running\",\"\
        errors\":[],\"tasks\":{\"details\":{\"lastUpdateDateTime\":\"2021-01-27T02:19:01Z\"\
        },\"completed\":2,\"failed\":0,\"inProgress\":1,\"total\":3,\"entityRecognitionPiiTasks\"\
        :[{\"lastUpdateDateTime\":\"2021-01-27T02:19:01.5548261Z\",\"results\":{\"\
        inTerminalState\":true,\"documents\":[{\"redactedText\":\"I should take my\
        \ cat to the veterinarian.\",\"id\":\"1\",\"entities\":[],\"warnings\":[]},{\"\
        redactedText\":\"Este es un document escrito en Espa\xF1ol.\",\"id\":\"2\"\
        ,\"entities\":[],\"warnings\":[]},{\"redactedText\":\"\u732B\u306F\u5E78\u305B\
        \",\"id\":\"3\",\"entities\":[],\"warnings\":[]}],\"errors\":[],\"modelVersion\"\
        :\"2020-07-01\"}}],\"keyPhraseExtractionTasks\":[{\"lastUpdateDateTime\":\"\
        2021-01-27T02:19:01.5548261Z\",\"results\":{\"inTerminalState\":true,\"documents\"\
        :[{\"id\":\"1\",\"keyPhrases\":[\"cat\",\"veterinarian\"],\"warnings\":[]},{\"\
        id\":\"2\",\"keyPhrases\":[\"Este es\",\"document escrito en Espa\xF1ol\"\
        ],\"warnings\":[]},{\"id\":\"3\",\"keyPhrases\":[\"\u732B\u306F\u5E78\u305B\
        \"],\"warnings\":[]}],\"errors\":[],\"modelVersion\":\"2020-07-01\"}}]}}"
    headers:
      apim-request-id:
      - 5e8b6aae-d2f8-4db1-b39f-303ae3014bc8
      content-type:
      - application/json; charset=utf-8
      date:
      - Wed, 27 Jan 2021 02:21:03 GMT
      strict-transport-security:
      - max-age=31536000; includeSubDomains; preload
      transfer-encoding:
      - chunked
      x-content-type-options:
      - nosniff
      x-envoy-upstream-service-time:
      - '213'
    status:
      code: 200
      message: OK
- request:
    body: null
    headers:
      Accept:
      - '*/*'
      Accept-Encoding:
      - gzip, deflate
      Connection:
      - keep-alive
      User-Agent:
      - azsdk-python-ai-textanalytics/5.1.0b5 Python/3.8.5 (macOS-10.13.6-x86_64-i386-64bit)
    method: GET
    uri: https://westus2.api.cognitive.microsoft.com/text/analytics/v3.1-preview.3/analyze/jobs/55a7e70a-586d-45a3-b054-4a4e7dd6f6e4_637473024000000000
  response:
    body:
      string: "{\"jobId\":\"55a7e70a-586d-45a3-b054-4a4e7dd6f6e4_637473024000000000\"\
        ,\"lastUpdateDateTime\":\"2021-01-27T02:19:01Z\",\"createdDateTime\":\"2021-01-27T02:19:01Z\"\
        ,\"expirationDateTime\":\"2021-01-28T02:19:01Z\",\"status\":\"running\",\"\
        errors\":[],\"tasks\":{\"details\":{\"lastUpdateDateTime\":\"2021-01-27T02:19:01Z\"\
        },\"completed\":2,\"failed\":0,\"inProgress\":1,\"total\":3,\"entityRecognitionPiiTasks\"\
        :[{\"lastUpdateDateTime\":\"2021-01-27T02:19:01.5548261Z\",\"results\":{\"\
        inTerminalState\":true,\"documents\":[{\"redactedText\":\"I should take my\
        \ cat to the veterinarian.\",\"id\":\"1\",\"entities\":[],\"warnings\":[]},{\"\
        redactedText\":\"Este es un document escrito en Espa\xF1ol.\",\"id\":\"2\"\
        ,\"entities\":[],\"warnings\":[]},{\"redactedText\":\"\u732B\u306F\u5E78\u305B\
        \",\"id\":\"3\",\"entities\":[],\"warnings\":[]}],\"errors\":[],\"modelVersion\"\
        :\"2020-07-01\"}}],\"keyPhraseExtractionTasks\":[{\"lastUpdateDateTime\":\"\
        2021-01-27T02:19:01.5548261Z\",\"results\":{\"inTerminalState\":true,\"documents\"\
        :[{\"id\":\"1\",\"keyPhrases\":[\"cat\",\"veterinarian\"],\"warnings\":[]},{\"\
        id\":\"2\",\"keyPhrases\":[\"Este es\",\"document escrito en Espa\xF1ol\"\
        ],\"warnings\":[]},{\"id\":\"3\",\"keyPhrases\":[\"\u732B\u306F\u5E78\u305B\
        \"],\"warnings\":[]}],\"errors\":[],\"modelVersion\":\"2020-07-01\"}}]}}"
    headers:
      apim-request-id:
      - 3dd85a67-6449-4716-ae66-9788c6d2c023
      content-type:
      - application/json; charset=utf-8
      date:
      - Wed, 27 Jan 2021 02:21:08 GMT
      strict-transport-security:
      - max-age=31536000; includeSubDomains; preload
      transfer-encoding:
      - chunked
      x-content-type-options:
      - nosniff
      x-envoy-upstream-service-time:
      - '214'
    status:
      code: 200
      message: OK
- request:
    body: null
    headers:
      Accept:
      - '*/*'
      Accept-Encoding:
      - gzip, deflate
      Connection:
      - keep-alive
      User-Agent:
      - azsdk-python-ai-textanalytics/5.1.0b5 Python/3.8.5 (macOS-10.13.6-x86_64-i386-64bit)
    method: GET
    uri: https://westus2.api.cognitive.microsoft.com/text/analytics/v3.1-preview.3/analyze/jobs/55a7e70a-586d-45a3-b054-4a4e7dd6f6e4_637473024000000000
  response:
    body:
      string: "{\"jobId\":\"55a7e70a-586d-45a3-b054-4a4e7dd6f6e4_637473024000000000\"\
        ,\"lastUpdateDateTime\":\"2021-01-27T02:19:01Z\",\"createdDateTime\":\"2021-01-27T02:19:01Z\"\
        ,\"expirationDateTime\":\"2021-01-28T02:19:01Z\",\"status\":\"succeeded\"\
        ,\"errors\":[],\"tasks\":{\"details\":{\"lastUpdateDateTime\":\"2021-01-27T02:19:01Z\"\
        },\"completed\":3,\"failed\":0,\"inProgress\":0,\"total\":3,\"entityRecognitionTasks\"\
        :[{\"lastUpdateDateTime\":\"2021-01-27T02:19:01.5548261Z\",\"results\":{\"\
        inTerminalState\":true,\"documents\":[{\"id\":\"1\",\"entities\":[{\"text\"\
        :\"veterinarian\",\"category\":\"PersonType\",\"offset\":28,\"length\":12,\"\
        confidenceScore\":0.8}],\"warnings\":[]},{\"id\":\"2\",\"entities\":[{\"text\"\
        :\"escrito en Espa\xF1ol\",\"category\":\"Location\",\"offset\":20,\"length\"\
        :18,\"confidenceScore\":0.25}],\"warnings\":[]},{\"id\":\"3\",\"entities\"\
        :[],\"warnings\":[]}],\"errors\":[],\"modelVersion\":\"2020-04-01\"}}],\"\
        entityRecognitionPiiTasks\":[{\"lastUpdateDateTime\":\"2021-01-27T02:19:01.5548261Z\"\
        ,\"results\":{\"inTerminalState\":true,\"documents\":[{\"redactedText\":\"\
        I should take my cat to the veterinarian.\",\"id\":\"1\",\"entities\":[],\"\
        warnings\":[]},{\"redactedText\":\"Este es un document escrito en Espa\xF1\
        ol.\",\"id\":\"2\",\"entities\":[],\"warnings\":[]},{\"redactedText\":\"\u732B\
        \u306F\u5E78\u305B\",\"id\":\"3\",\"entities\":[],\"warnings\":[]}],\"errors\"\
        :[],\"modelVersion\":\"2020-07-01\"}}],\"keyPhraseExtractionTasks\":[{\"lastUpdateDateTime\"\
        :\"2021-01-27T02:19:01.5548261Z\",\"results\":{\"inTerminalState\":true,\"\
        documents\":[{\"id\":\"1\",\"keyPhrases\":[\"cat\",\"veterinarian\"],\"warnings\"\
        :[]},{\"id\":\"2\",\"keyPhrases\":[\"Este es\",\"document escrito en Espa\xF1\
        ol\"],\"warnings\":[]},{\"id\":\"3\",\"keyPhrases\":[\"\u732B\u306F\u5E78\u305B\
        \"],\"warnings\":[]}],\"errors\":[],\"modelVersion\":\"2020-07-01\"}}]}}"
    headers:
      apim-request-id:
      - 48d8343c-98b0-4290-843f-4cc3ec1868e5
      content-type:
      - application/json; charset=utf-8
      date:
      - Wed, 27 Jan 2021 02:21:14 GMT
      strict-transport-security:
      - max-age=31536000; includeSubDomains; preload
      transfer-encoding:
      - chunked
      x-content-type-options:
      - nosniff
      x-envoy-upstream-service-time:
      - '208'
    status:
      code: 200
      message: OK
version: 1
