interactions:
- request:
    body: '{"tasks": {"entityRecognitionTasks": [{"parameters": {"model-version":
      "latest", "loggingOptOut": false, "stringIndexType": "UnicodeCodePoint"}}],
      "entityRecognitionPiiTasks": [{"parameters": {"model-version": "latest", "loggingOptOut":
      true, "stringIndexType": "UnicodeCodePoint"}}], "keyPhraseExtractionTasks":
      [{"parameters": {"model-version": "latest", "loggingOptOut": false}}], "entityLinkingTasks":
      [{"parameters": {"model-version": "latest", "loggingOptOut": false, "stringIndexType":
      "UnicodeCodePoint"}}], "sentimentAnalysisTasks": [{"parameters": {"model-version":
      "latest", "loggingOptOut": false, "opinionMining": false}}], "extractiveSummarizationTasks":
      [{"parameters": {"model-version": "latest", "loggingOptOut": false, "stringIndexType":
      "UnicodeCodePoint", "sentenceCount": 3, "sortBy": "Offset"}}]}, "analysisInput":
      {"documents": [{"id": "0", "text": "hello world", "language": "en"}, {"id":
      "1", "text": "hello world", "language": "en"}, {"id": "2", "text": "hello world",
      "language": "en"}, {"id": "3", "text": "hello world", "language": "en"}, {"id":
      "4", "text": "hello world", "language": "en"}, {"id": "5", "text": "hello world",
      "language": "en"}, {"id": "6", "text": "hello world", "language": "en"}, {"id":
      "7", "text": "hello world", "language": "en"}, {"id": "8", "text": "hello world",
      "language": "en"}, {"id": "9", "text": "hello world", "language": "en"}, {"id":
      "10", "text": "hello world", "language": "en"}, {"id": "11", "text": "hello
      world", "language": "en"}, {"id": "12", "text": "hello world", "language": "en"},
      {"id": "13", "text": "hello world", "language": "en"}, {"id": "14", "text":
      "hello world", "language": "en"}, {"id": "15", "text": "hello world", "language":
      "en"}, {"id": "16", "text": "hello world", "language": "en"}, {"id": "17", "text":
      "hello world", "language": "en"}, {"id": "18", "text": "hello world", "language":
      "en"}, {"id": "19", "text": "hello world", "language": "en"}, {"id": "20", "text":
      "hello world", "language": "en"}, {"id": "21", "text": "hello world", "language":
      "en"}, {"id": "22", "text": "hello world", "language": "en"}, {"id": "23", "text":
      "hello world", "language": "en"}, {"id": "24", "text": "hello world", "language":
      "en"}]}}'
    headers:
      Accept:
      - application/json, text/json
      Content-Length:
      - '2218'
      Content-Type:
      - application/json
      User-Agent:
      - azsdk-python-ai-textanalytics/5.2.0b1 Python/3.9.0 (Windows-10-10.0.19041-SP0)
    method: POST
    uri: https://westus2.api.cognitive.microsoft.com/text/analytics/v3.2-preview.1/analyze
  response:
    body:
      string: ''
    headers:
      apim-request-id: d776de9b-7b95-41d3-a6e1-570d25a1f529
      date: Mon, 02 Aug 2021 21:46:28 GMT
      operation-location: https://westus2.api.cognitive.microsoft.com/text/analytics/v3.2-preview.1/analyze/jobs/bba0231d-9098-48a3-b505-82461b35e6d2
      strict-transport-security: max-age=31536000; includeSubDomains; preload
      transfer-encoding: chunked
      x-content-type-options: nosniff
      x-envoy-upstream-service-time: '611'
    status:
      code: 202
      message: Accepted
    url: https://tacanaryjava.cognitiveservices.azure.com//text/analytics/v3.2-preview.1/analyze
- request:
    body: null
    headers:
      User-Agent:
      - azsdk-python-ai-textanalytics/5.2.0b1 Python/3.9.0 (Windows-10-10.0.19041-SP0)
    method: GET
    uri: https://westus2.api.cognitive.microsoft.com/text/analytics/v3.2-preview.1/analyze/jobs/bba0231d-9098-48a3-b505-82461b35e6d2?showStats=True
  response:
    body:
      string: '{"jobId":"bba0231d-9098-48a3-b505-82461b35e6d2","lastUpdateDateTime":"2021-08-02T21:46:28Z","createdDateTime":"2021-08-02T21:46:27Z","expirationDateTime":"2021-08-03T21:46:27Z","status":"running","errors":[],"displayName":"NA","tasks":{"completed":0,"failed":0,"inProgress":6,"total":6}}'
    headers:
      apim-request-id: 6a2a626f-edaa-43b8-8d0a-9f58322b3d90
      content-type: application/json; charset=utf-8
      date: Mon, 02 Aug 2021 21:46:33 GMT
      strict-transport-security: max-age=31536000; includeSubDomains; preload
      transfer-encoding: chunked
      x-content-type-options: nosniff
      x-envoy-upstream-service-time: '8'
    status:
      code: 200
      message: OK
    url: https://tacanaryjava.cognitiveservices.azure.com/text/analytics/v3.2-preview.1/analyze/jobs/bba0231d-9098-48a3-b505-82461b35e6d2?showStats=True
- request:
    body: null
    headers:
      User-Agent:
      - azsdk-python-ai-textanalytics/5.2.0b1 Python/3.9.0 (Windows-10-10.0.19041-SP0)
    method: GET
    uri: https://westus2.api.cognitive.microsoft.com/text/analytics/v3.2-preview.1/analyze/jobs/bba0231d-9098-48a3-b505-82461b35e6d2?showStats=True
  response:
    body:
      string: '{"jobId":"bba0231d-9098-48a3-b505-82461b35e6d2","lastUpdateDateTime":"2021-08-02T21:46:35Z","createdDateTime":"2021-08-02T21:46:27Z","expirationDateTime":"2021-08-03T21:46:27Z","status":"running","errors":[],"displayName":"NA","tasks":{"completed":4,"failed":0,"inProgress":2,"total":6,"entityRecognitionTasks":[{"lastUpdateDateTime":"2021-08-02T21:46:34.8334376Z","taskName":"NamedEntityRecognition_latest","state":"succeeded","results":{"statistics":{"documentsCount":20,"validDocumentsCount":20,"erroneousDocumentsCount":0,"transactionsCount":20},"documents":[{"id":"0","statistics":{"charactersCount":11,"transactionsCount":1},"entities":[],"warnings":[]},{"id":"1","statistics":{"charactersCount":11,"transactionsCount":1},"entities":[],"warnings":[]},{"id":"2","statistics":{"charactersCount":11,"transactionsCount":1},"entities":[],"warnings":[]},{"id":"3","statistics":{"charactersCount":11,"transactionsCount":1},"entities":[],"warnings":[]},{"id":"4","statistics":{"charactersCount":11,"transactionsCount":1},"entities":[],"warnings":[]},{"id":"5","statistics":{"charactersCount":11,"transactionsCount":1},"entities":[],"warnings":[]},{"id":"6","statistics":{"charactersCount":11,"transactionsCount":1},"entities":[],"warnings":[]},{"id":"7","statistics":{"charactersCount":11,"transactionsCount":1},"entities":[],"warnings":[]},{"id":"8","statistics":{"charactersCount":11,"transactionsCount":1},"entities":[],"warnings":[]},{"id":"9","statistics":{"charactersCount":11,"transactionsCount":1},"entities":[],"warnings":[]},{"id":"10","statistics":{"charactersCount":11,"transactionsCount":1},"entities":[],"warnings":[]},{"id":"11","statistics":{"charactersCount":11,"transactionsCount":1},"entities":[],"warnings":[]},{"id":"12","statistics":{"charactersCount":11,"transactionsCount":1},"entities":[],"warnings":[]},{"id":"13","statistics":{"charactersCount":11,"transactionsCount":1},"entities":[],"warnings":[]},{"id":"14","statistics":{"charactersCount":11,"transactionsCount":1},"entities":[],"warnings":[]},{"id":"15","statistics":{"charactersCount":11,"transactionsCount":1},"entities":[],"warnings":[]},{"id":"16","statistics":{"charactersCount":11,"transactionsCount":1},"entities":[],"warnings":[]},{"id":"17","statistics":{"charactersCount":11,"transactionsCount":1},"entities":[],"warnings":[]},{"id":"18","statistics":{"charactersCount":11,"transactionsCount":1},"entities":[],"warnings":[]},{"id":"19","statistics":{"charactersCount":11,"transactionsCount":1},"entities":[],"warnings":[]}],"errors":[],"modelVersion":"2021-06-01"}}],"entityLinkingTasks":[{"lastUpdateDateTime":"2021-08-02T21:46:35.0157689Z","taskName":"EntityLinking_latest","state":"succeeded","results":{"statistics":{"documentsCount":20,"validDocumentsCount":20,"erroneousDocumentsCount":0,"transactionsCount":20},"documents":[{"id":"0","statistics":{"charactersCount":11,"transactionsCount":1},"entities":[],"warnings":[]},{"id":"1","statistics":{"charactersCount":11,"transactionsCount":1},"entities":[],"warnings":[]},{"id":"2","statistics":{"charactersCount":11,"transactionsCount":1},"entities":[],"warnings":[]},{"id":"3","statistics":{"charactersCount":11,"transactionsCount":1},"entities":[],"warnings":[]},{"id":"4","statistics":{"charactersCount":11,"transactionsCount":1},"entities":[],"warnings":[]},{"id":"5","statistics":{"charactersCount":11,"transactionsCount":1},"entities":[],"warnings":[]},{"id":"6","statistics":{"charactersCount":11,"transactionsCount":1},"entities":[],"warnings":[]},{"id":"7","statistics":{"charactersCount":11,"transactionsCount":1},"entities":[],"warnings":[]},{"id":"8","statistics":{"charactersCount":11,"transactionsCount":1},"entities":[],"warnings":[]},{"id":"9","statistics":{"charactersCount":11,"transactionsCount":1},"entities":[],"warnings":[]},{"id":"10","statistics":{"charactersCount":11,"transactionsCount":1},"entities":[],"warnings":[]},{"id":"11","statistics":{"charactersCount":11,"transactionsCount":1},"entities":[],"warnings":[]},{"id":"12","statistics":{"charactersCount":11,"transactionsCount":1},"entities":[],"warnings":[]},{"id":"13","statistics":{"charactersCount":11,"transactionsCount":1},"entities":[],"warnings":[]},{"id":"14","statistics":{"charactersCount":11,"transactionsCount":1},"entities":[],"warnings":[]},{"id":"15","statistics":{"charactersCount":11,"transactionsCount":1},"entities":[],"warnings":[]},{"id":"16","statistics":{"charactersCount":11,"transactionsCount":1},"entities":[],"warnings":[]},{"id":"17","statistics":{"charactersCount":11,"transactionsCount":1},"entities":[],"warnings":[]},{"id":"18","statistics":{"charactersCount":11,"transactionsCount":1},"entities":[],"warnings":[]},{"id":"19","statistics":{"charactersCount":11,"transactionsCount":1},"entities":[],"warnings":[]}],"errors":[],"modelVersion":"2021-06-01"}}],"entityRecognitionPiiTasks":[{"lastUpdateDateTime":"2021-08-02T21:46:35.064167Z","taskName":"PersonallyIdentifiableInformation_latest","state":"succeeded","results":{"statistics":{"documentsCount":20,"validDocumentsCount":20,"erroneousDocumentsCount":0,"transactionsCount":20},"documents":[{"redactedText":"hello
        world","id":"0","statistics":{"charactersCount":11,"transactionsCount":1},"entities":[],"warnings":[]},{"redactedText":"hello
        world","id":"1","statistics":{"charactersCount":11,"transactionsCount":1},"entities":[],"warnings":[]},{"redactedText":"hello
        world","id":"2","statistics":{"charactersCount":11,"transactionsCount":1},"entities":[],"warnings":[]},{"redactedText":"hello
        world","id":"3","statistics":{"charactersCount":11,"transactionsCount":1},"entities":[],"warnings":[]},{"redactedText":"hello
        world","id":"4","statistics":{"charactersCount":11,"transactionsCount":1},"entities":[],"warnings":[]},{"redactedText":"hello
        world","id":"5","statistics":{"charactersCount":11,"transactionsCount":1},"entities":[],"warnings":[]},{"redactedText":"hello
        world","id":"6","statistics":{"charactersCount":11,"transactionsCount":1},"entities":[],"warnings":[]},{"redactedText":"hello
        world","id":"7","statistics":{"charactersCount":11,"transactionsCount":1},"entities":[],"warnings":[]},{"redactedText":"hello
        world","id":"8","statistics":{"charactersCount":11,"transactionsCount":1},"entities":[],"warnings":[]},{"redactedText":"hello
        world","id":"9","statistics":{"charactersCount":11,"transactionsCount":1},"entities":[],"warnings":[]},{"redactedText":"hello
        world","id":"10","statistics":{"charactersCount":11,"transactionsCount":1},"entities":[],"warnings":[]},{"redactedText":"hello
        world","id":"11","statistics":{"charactersCount":11,"transactionsCount":1},"entities":[],"warnings":[]},{"redactedText":"hello
        world","id":"12","statistics":{"charactersCount":11,"transactionsCount":1},"entities":[],"warnings":[]},{"redactedText":"hello
        world","id":"13","statistics":{"charactersCount":11,"transactionsCount":1},"entities":[],"warnings":[]},{"redactedText":"hello
        world","id":"14","statistics":{"charactersCount":11,"transactionsCount":1},"entities":[],"warnings":[]},{"redactedText":"hello
        world","id":"15","statistics":{"charactersCount":11,"transactionsCount":1},"entities":[],"warnings":[]},{"redactedText":"hello
        world","id":"16","statistics":{"charactersCount":11,"transactionsCount":1},"entities":[],"warnings":[]},{"redactedText":"hello
        world","id":"17","statistics":{"charactersCount":11,"transactionsCount":1},"entities":[],"warnings":[]},{"redactedText":"hello
        world","id":"18","statistics":{"charactersCount":11,"transactionsCount":1},"entities":[],"warnings":[]},{"redactedText":"hello
        world","id":"19","statistics":{"charactersCount":11,"transactionsCount":1},"entities":[],"warnings":[]}],"errors":[],"modelVersion":"2021-01-15"}}],"keyPhraseExtractionTasks":[{"lastUpdateDateTime":"2021-08-02T21:46:35.5412821Z","taskName":"KeyPhraseExtraction_latest","state":"succeeded","results":{"statistics":{"documentsCount":20,"validDocumentsCount":20,"erroneousDocumentsCount":0,"transactionsCount":20},"documents":[{"id":"0","keyPhrases":["hello
        world"],"statistics":{"charactersCount":11,"transactionsCount":1},"warnings":[]},{"id":"1","keyPhrases":["hello
        world"],"statistics":{"charactersCount":11,"transactionsCount":1},"warnings":[]},{"id":"2","keyPhrases":["hello
        world"],"statistics":{"charactersCount":11,"transactionsCount":1},"warnings":[]},{"id":"3","keyPhrases":["hello
        world"],"statistics":{"charactersCount":11,"transactionsCount":1},"warnings":[]},{"id":"4","keyPhrases":["hello
        world"],"statistics":{"charactersCount":11,"transactionsCount":1},"warnings":[]},{"id":"5","keyPhrases":["hello
        world"],"statistics":{"charactersCount":11,"transactionsCount":1},"warnings":[]},{"id":"6","keyPhrases":["hello
        world"],"statistics":{"charactersCount":11,"transactionsCount":1},"warnings":[]},{"id":"7","keyPhrases":["hello
        world"],"statistics":{"charactersCount":11,"transactionsCount":1},"warnings":[]},{"id":"8","keyPhrases":["hello
        world"],"statistics":{"charactersCount":11,"transactionsCount":1},"warnings":[]},{"id":"9","keyPhrases":["hello
        world"],"statistics":{"charactersCount":11,"transactionsCount":1},"warnings":[]},{"id":"10","keyPhrases":["hello
        world"],"statistics":{"charactersCount":11,"transactionsCount":1},"warnings":[]},{"id":"11","keyPhrases":["hello
        world"],"statistics":{"charactersCount":11,"transactionsCount":1},"warnings":[]},{"id":"12","keyPhrases":["hello
        world"],"statistics":{"charactersCount":11,"transactionsCount":1},"warnings":[]},{"id":"13","keyPhrases":["hello
        world"],"statistics":{"charactersCount":11,"transactionsCount":1},"warnings":[]},{"id":"14","keyPhrases":["hello
        world"],"statistics":{"charactersCount":11,"transactionsCount":1},"warnings":[]},{"id":"15","keyPhrases":["hello
        world"],"statistics":{"charactersCount":11,"transactionsCount":1},"warnings":[]},{"id":"16","keyPhrases":["hello
        world"],"statistics":{"charactersCount":11,"transactionsCount":1},"warnings":[]},{"id":"17","keyPhrases":["hello
        world"],"statistics":{"charactersCount":11,"transactionsCount":1},"warnings":[]},{"id":"18","keyPhrases":["hello
        world"],"statistics":{"charactersCount":11,"transactionsCount":1},"warnings":[]},{"id":"19","keyPhrases":["hello
        world"],"statistics":{"charactersCount":11,"transactionsCount":1},"warnings":[]}],"errors":[],"modelVersion":"2021-06-01"}}]},"@nextLink":"https://westus2.api.cognitive.microsoft.com/text/analytics/v3.2-preview.1/analyze/jobs/bba0231d-9098-48a3-b505-82461b35e6d2?$skip=20&$top=5&showStats=True"}'
    headers:
      apim-request-id: 345cd50d-a0e2-491f-a609-0100b88e83f1
      content-type: application/json; charset=utf-8
      date: Mon, 02 Aug 2021 21:46:38 GMT
      strict-transport-security: max-age=31536000; includeSubDomains; preload
      transfer-encoding: chunked
      x-content-type-options: nosniff
      x-envoy-upstream-service-time: '636'
    status:
      code: 200
      message: OK
    url: https://tacanaryjava.cognitiveservices.azure.com/text/analytics/v3.2-preview.1/analyze/jobs/bba0231d-9098-48a3-b505-82461b35e6d2?showStats=True
- request:
    body: null
    headers:
      User-Agent:
      - azsdk-python-ai-textanalytics/5.2.0b1 Python/3.9.0 (Windows-10-10.0.19041-SP0)
    method: GET
    uri: https://westus2.api.cognitive.microsoft.com/text/analytics/v3.2-preview.1/analyze/jobs/bba0231d-9098-48a3-b505-82461b35e6d2?showStats=True
  response:
    body:
      string: '{"jobId":"bba0231d-9098-48a3-b505-82461b35e6d2","lastUpdateDateTime":"2021-08-02T21:46:40Z","createdDateTime":"2021-08-02T21:46:27Z","expirationDateTime":"2021-08-03T21:46:27Z","status":"running","errors":[],"displayName":"NA","tasks":{"completed":5,"failed":0,"inProgress":1,"total":6,"entityRecognitionTasks":[{"lastUpdateDateTime":"2021-08-02T21:46:34.8334376Z","taskName":"NamedEntityRecognition_latest","state":"succeeded","results":{"statistics":{"documentsCount":20,"validDocumentsCount":20,"erroneousDocumentsCount":0,"transactionsCount":20},"documents":[{"id":"0","statistics":{"charactersCount":11,"transactionsCount":1},"entities":[],"warnings":[]},{"id":"1","statistics":{"charactersCount":11,"transactionsCount":1},"entities":[],"warnings":[]},{"id":"2","statistics":{"charactersCount":11,"transactionsCount":1},"entities":[],"warnings":[]},{"id":"3","statistics":{"charactersCount":11,"transactionsCount":1},"entities":[],"warnings":[]},{"id":"4","statistics":{"charactersCount":11,"transactionsCount":1},"entities":[],"warnings":[]},{"id":"5","statistics":{"charactersCount":11,"transactionsCount":1},"entities":[],"warnings":[]},{"id":"6","statistics":{"charactersCount":11,"transactionsCount":1},"entities":[],"warnings":[]},{"id":"7","statistics":{"charactersCount":11,"transactionsCount":1},"entities":[],"warnings":[]},{"id":"8","statistics":{"charactersCount":11,"transactionsCount":1},"entities":[],"warnings":[]},{"id":"9","statistics":{"charactersCount":11,"transactionsCount":1},"entities":[],"warnings":[]},{"id":"10","statistics":{"charactersCount":11,"transactionsCount":1},"entities":[],"warnings":[]},{"id":"11","statistics":{"charactersCount":11,"transactionsCount":1},"entities":[],"warnings":[]},{"id":"12","statistics":{"charactersCount":11,"transactionsCount":1},"entities":[],"warnings":[]},{"id":"13","statistics":{"charactersCount":11,"transactionsCount":1},"entities":[],"warnings":[]},{"id":"14","statistics":{"charactersCount":11,"transactionsCount":1},"entities":[],"warnings":[]},{"id":"15","statistics":{"charactersCount":11,"transactionsCount":1},"entities":[],"warnings":[]},{"id":"16","statistics":{"charactersCount":11,"transactionsCount":1},"entities":[],"warnings":[]},{"id":"17","statistics":{"charactersCount":11,"transactionsCount":1},"entities":[],"warnings":[]},{"id":"18","statistics":{"charactersCount":11,"transactionsCount":1},"entities":[],"warnings":[]},{"id":"19","statistics":{"charactersCount":11,"transactionsCount":1},"entities":[],"warnings":[]}],"errors":[],"modelVersion":"2021-06-01"}}],"entityLinkingTasks":[{"lastUpdateDateTime":"2021-08-02T21:46:35.0157689Z","taskName":"EntityLinking_latest","state":"succeeded","results":{"statistics":{"documentsCount":20,"validDocumentsCount":20,"erroneousDocumentsCount":0,"transactionsCount":20},"documents":[{"id":"0","statistics":{"charactersCount":11,"transactionsCount":1},"entities":[],"warnings":[]},{"id":"1","statistics":{"charactersCount":11,"transactionsCount":1},"entities":[],"warnings":[]},{"id":"2","statistics":{"charactersCount":11,"transactionsCount":1},"entities":[],"warnings":[]},{"id":"3","statistics":{"charactersCount":11,"transactionsCount":1},"entities":[],"warnings":[]},{"id":"4","statistics":{"charactersCount":11,"transactionsCount":1},"entities":[],"warnings":[]},{"id":"5","statistics":{"charactersCount":11,"transactionsCount":1},"entities":[],"warnings":[]},{"id":"6","statistics":{"charactersCount":11,"transactionsCount":1},"entities":[],"warnings":[]},{"id":"7","statistics":{"charactersCount":11,"transactionsCount":1},"entities":[],"warnings":[]},{"id":"8","statistics":{"charactersCount":11,"transactionsCount":1},"entities":[],"warnings":[]},{"id":"9","statistics":{"charactersCount":11,"transactionsCount":1},"entities":[],"warnings":[]},{"id":"10","statistics":{"charactersCount":11,"transactionsCount":1},"entities":[],"warnings":[]},{"id":"11","statistics":{"charactersCount":11,"transactionsCount":1},"entities":[],"warnings":[]},{"id":"12","statistics":{"charactersCount":11,"transactionsCount":1},"entities":[],"warnings":[]},{"id":"13","statistics":{"charactersCount":11,"transactionsCount":1},"entities":[],"warnings":[]},{"id":"14","statistics":{"charactersCount":11,"transactionsCount":1},"entities":[],"warnings":[]},{"id":"15","statistics":{"charactersCount":11,"transactionsCount":1},"entities":[],"warnings":[]},{"id":"16","statistics":{"charactersCount":11,"transactionsCount":1},"entities":[],"warnings":[]},{"id":"17","statistics":{"charactersCount":11,"transactionsCount":1},"entities":[],"warnings":[]},{"id":"18","statistics":{"charactersCount":11,"transactionsCount":1},"entities":[],"warnings":[]},{"id":"19","statistics":{"charactersCount":11,"transactionsCount":1},"entities":[],"warnings":[]}],"errors":[],"modelVersion":"2021-06-01"}}],"entityRecognitionPiiTasks":[{"lastUpdateDateTime":"2021-08-02T21:46:35.064167Z","taskName":"PersonallyIdentifiableInformation_latest","state":"succeeded","results":{"statistics":{"documentsCount":20,"validDocumentsCount":20,"erroneousDocumentsCount":0,"transactionsCount":20},"documents":[{"redactedText":"hello
        world","id":"0","statistics":{"charactersCount":11,"transactionsCount":1},"entities":[],"warnings":[]},{"redactedText":"hello
        world","id":"1","statistics":{"charactersCount":11,"transactionsCount":1},"entities":[],"warnings":[]},{"redactedText":"hello
        world","id":"2","statistics":{"charactersCount":11,"transactionsCount":1},"entities":[],"warnings":[]},{"redactedText":"hello
        world","id":"3","statistics":{"charactersCount":11,"transactionsCount":1},"entities":[],"warnings":[]},{"redactedText":"hello
        world","id":"4","statistics":{"charactersCount":11,"transactionsCount":1},"entities":[],"warnings":[]},{"redactedText":"hello
        world","id":"5","statistics":{"charactersCount":11,"transactionsCount":1},"entities":[],"warnings":[]},{"redactedText":"hello
        world","id":"6","statistics":{"charactersCount":11,"transactionsCount":1},"entities":[],"warnings":[]},{"redactedText":"hello
        world","id":"7","statistics":{"charactersCount":11,"transactionsCount":1},"entities":[],"warnings":[]},{"redactedText":"hello
        world","id":"8","statistics":{"charactersCount":11,"transactionsCount":1},"entities":[],"warnings":[]},{"redactedText":"hello
        world","id":"9","statistics":{"charactersCount":11,"transactionsCount":1},"entities":[],"warnings":[]},{"redactedText":"hello
        world","id":"10","statistics":{"charactersCount":11,"transactionsCount":1},"entities":[],"warnings":[]},{"redactedText":"hello
        world","id":"11","statistics":{"charactersCount":11,"transactionsCount":1},"entities":[],"warnings":[]},{"redactedText":"hello
        world","id":"12","statistics":{"charactersCount":11,"transactionsCount":1},"entities":[],"warnings":[]},{"redactedText":"hello
        world","id":"13","statistics":{"charactersCount":11,"transactionsCount":1},"entities":[],"warnings":[]},{"redactedText":"hello
        world","id":"14","statistics":{"charactersCount":11,"transactionsCount":1},"entities":[],"warnings":[]},{"redactedText":"hello
        world","id":"15","statistics":{"charactersCount":11,"transactionsCount":1},"entities":[],"warnings":[]},{"redactedText":"hello
        world","id":"16","statistics":{"charactersCount":11,"transactionsCount":1},"entities":[],"warnings":[]},{"redactedText":"hello
        world","id":"17","statistics":{"charactersCount":11,"transactionsCount":1},"entities":[],"warnings":[]},{"redactedText":"hello
        world","id":"18","statistics":{"charactersCount":11,"transactionsCount":1},"entities":[],"warnings":[]},{"redactedText":"hello
        world","id":"19","statistics":{"charactersCount":11,"transactionsCount":1},"entities":[],"warnings":[]}],"errors":[],"modelVersion":"2021-01-15"}}],"keyPhraseExtractionTasks":[{"lastUpdateDateTime":"2021-08-02T21:46:35.5412821Z","taskName":"KeyPhraseExtraction_latest","state":"succeeded","results":{"statistics":{"documentsCount":20,"validDocumentsCount":20,"erroneousDocumentsCount":0,"transactionsCount":20},"documents":[{"id":"0","keyPhrases":["hello
        world"],"statistics":{"charactersCount":11,"transactionsCount":1},"warnings":[]},{"id":"1","keyPhrases":["hello
        world"],"statistics":{"charactersCount":11,"transactionsCount":1},"warnings":[]},{"id":"2","keyPhrases":["hello
        world"],"statistics":{"charactersCount":11,"transactionsCount":1},"warnings":[]},{"id":"3","keyPhrases":["hello
        world"],"statistics":{"charactersCount":11,"transactionsCount":1},"warnings":[]},{"id":"4","keyPhrases":["hello
        world"],"statistics":{"charactersCount":11,"transactionsCount":1},"warnings":[]},{"id":"5","keyPhrases":["hello
        world"],"statistics":{"charactersCount":11,"transactionsCount":1},"warnings":[]},{"id":"6","keyPhrases":["hello
        world"],"statistics":{"charactersCount":11,"transactionsCount":1},"warnings":[]},{"id":"7","keyPhrases":["hello
        world"],"statistics":{"charactersCount":11,"transactionsCount":1},"warnings":[]},{"id":"8","keyPhrases":["hello
        world"],"statistics":{"charactersCount":11,"transactionsCount":1},"warnings":[]},{"id":"9","keyPhrases":["hello
        world"],"statistics":{"charactersCount":11,"transactionsCount":1},"warnings":[]},{"id":"10","keyPhrases":["hello
        world"],"statistics":{"charactersCount":11,"transactionsCount":1},"warnings":[]},{"id":"11","keyPhrases":["hello
        world"],"statistics":{"charactersCount":11,"transactionsCount":1},"warnings":[]},{"id":"12","keyPhrases":["hello
        world"],"statistics":{"charactersCount":11,"transactionsCount":1},"warnings":[]},{"id":"13","keyPhrases":["hello
        world"],"statistics":{"charactersCount":11,"transactionsCount":1},"warnings":[]},{"id":"14","keyPhrases":["hello
        world"],"statistics":{"charactersCount":11,"transactionsCount":1},"warnings":[]},{"id":"15","keyPhrases":["hello
        world"],"statistics":{"charactersCount":11,"transactionsCount":1},"warnings":[]},{"id":"16","keyPhrases":["hello
        world"],"statistics":{"charactersCount":11,"transactionsCount":1},"warnings":[]},{"id":"17","keyPhrases":["hello
        world"],"statistics":{"charactersCount":11,"transactionsCount":1},"warnings":[]},{"id":"18","keyPhrases":["hello
        world"],"statistics":{"charactersCount":11,"transactionsCount":1},"warnings":[]},{"id":"19","keyPhrases":["hello
        world"],"statistics":{"charactersCount":11,"transactionsCount":1},"warnings":[]}],"errors":[],"modelVersion":"2021-06-01"}}],"sentimentAnalysisTasks":[{"lastUpdateDateTime":"2021-08-02T21:46:40.7074119Z","taskName":"SentimentAnalysis_latest","state":"succeeded","results":{"statistics":{"documentsCount":20,"validDocumentsCount":20,"erroneousDocumentsCount":0,"transactionsCount":20},"documents":[{"id":"0","sentiment":"neutral","statistics":{"charactersCount":11,"transactionsCount":1},"confidenceScores":{"positive":0.02,"neutral":0.97,"negative":0.01},"sentences":[{"sentiment":"neutral","confidenceScores":{"positive":0.02,"neutral":0.97,"negative":0.01},"offset":0,"length":11,"text":"hello
        world"}],"warnings":[]},{"id":"1","sentiment":"neutral","statistics":{"charactersCount":11,"transactionsCount":1},"confidenceScores":{"positive":0.02,"neutral":0.97,"negative":0.01},"sentences":[{"sentiment":"neutral","confidenceScores":{"positive":0.02,"neutral":0.97,"negative":0.01},"offset":0,"length":11,"text":"hello
        world"}],"warnings":[]},{"id":"2","sentiment":"neutral","statistics":{"charactersCount":11,"transactionsCount":1},"confidenceScores":{"positive":0.02,"neutral":0.97,"negative":0.01},"sentences":[{"sentiment":"neutral","confidenceScores":{"positive":0.02,"neutral":0.97,"negative":0.01},"offset":0,"length":11,"text":"hello
        world"}],"warnings":[]},{"id":"3","sentiment":"neutral","statistics":{"charactersCount":11,"transactionsCount":1},"confidenceScores":{"positive":0.02,"neutral":0.97,"negative":0.01},"sentences":[{"sentiment":"neutral","confidenceScores":{"positive":0.02,"neutral":0.97,"negative":0.01},"offset":0,"length":11,"text":"hello
        world"}],"warnings":[]},{"id":"4","sentiment":"neutral","statistics":{"charactersCount":11,"transactionsCount":1},"confidenceScores":{"positive":0.02,"neutral":0.97,"negative":0.01},"sentences":[{"sentiment":"neutral","confidenceScores":{"positive":0.02,"neutral":0.97,"negative":0.01},"offset":0,"length":11,"text":"hello
        world"}],"warnings":[]},{"id":"5","sentiment":"neutral","statistics":{"charactersCount":11,"transactionsCount":1},"confidenceScores":{"positive":0.02,"neutral":0.97,"negative":0.01},"sentences":[{"sentiment":"neutral","confidenceScores":{"positive":0.02,"neutral":0.97,"negative":0.01},"offset":0,"length":11,"text":"hello
        world"}],"warnings":[]},{"id":"6","sentiment":"neutral","statistics":{"charactersCount":11,"transactionsCount":1},"confidenceScores":{"positive":0.02,"neutral":0.97,"negative":0.01},"sentences":[{"sentiment":"neutral","confidenceScores":{"positive":0.02,"neutral":0.97,"negative":0.01},"offset":0,"length":11,"text":"hello
        world"}],"warnings":[]},{"id":"7","sentiment":"neutral","statistics":{"charactersCount":11,"transactionsCount":1},"confidenceScores":{"positive":0.02,"neutral":0.97,"negative":0.01},"sentences":[{"sentiment":"neutral","confidenceScores":{"positive":0.02,"neutral":0.97,"negative":0.01},"offset":0,"length":11,"text":"hello
        world"}],"warnings":[]},{"id":"8","sentiment":"neutral","statistics":{"charactersCount":11,"transactionsCount":1},"confidenceScores":{"positive":0.02,"neutral":0.97,"negative":0.01},"sentences":[{"sentiment":"neutral","confidenceScores":{"positive":0.02,"neutral":0.97,"negative":0.01},"offset":0,"length":11,"text":"hello
        world"}],"warnings":[]},{"id":"9","sentiment":"neutral","statistics":{"charactersCount":11,"transactionsCount":1},"confidenceScores":{"positive":0.02,"neutral":0.97,"negative":0.01},"sentences":[{"sentiment":"neutral","confidenceScores":{"positive":0.02,"neutral":0.97,"negative":0.01},"offset":0,"length":11,"text":"hello
        world"}],"warnings":[]},{"id":"10","sentiment":"neutral","statistics":{"charactersCount":11,"transactionsCount":1},"confidenceScores":{"positive":0.02,"neutral":0.97,"negative":0.01},"sentences":[{"sentiment":"neutral","confidenceScores":{"positive":0.02,"neutral":0.97,"negative":0.01},"offset":0,"length":11,"text":"hello
        world"}],"warnings":[]},{"id":"11","sentiment":"neutral","statistics":{"charactersCount":11,"transactionsCount":1},"confidenceScores":{"positive":0.02,"neutral":0.97,"negative":0.01},"sentences":[{"sentiment":"neutral","confidenceScores":{"positive":0.02,"neutral":0.97,"negative":0.01},"offset":0,"length":11,"text":"hello
        world"}],"warnings":[]},{"id":"12","sentiment":"neutral","statistics":{"charactersCount":11,"transactionsCount":1},"confidenceScores":{"positive":0.02,"neutral":0.97,"negative":0.01},"sentences":[{"sentiment":"neutral","confidenceScores":{"positive":0.02,"neutral":0.97,"negative":0.01},"offset":0,"length":11,"text":"hello
        world"}],"warnings":[]},{"id":"13","sentiment":"neutral","statistics":{"charactersCount":11,"transactionsCount":1},"confidenceScores":{"positive":0.02,"neutral":0.97,"negative":0.01},"sentences":[{"sentiment":"neutral","confidenceScores":{"positive":0.02,"neutral":0.97,"negative":0.01},"offset":0,"length":11,"text":"hello
        world"}],"warnings":[]},{"id":"14","sentiment":"neutral","statistics":{"charactersCount":11,"transactionsCount":1},"confidenceScores":{"positive":0.02,"neutral":0.97,"negative":0.01},"sentences":[{"sentiment":"neutral","confidenceScores":{"positive":0.02,"neutral":0.97,"negative":0.01},"offset":0,"length":11,"text":"hello
        world"}],"warnings":[]},{"id":"15","sentiment":"neutral","statistics":{"charactersCount":11,"transactionsCount":1},"confidenceScores":{"positive":0.02,"neutral":0.97,"negative":0.01},"sentences":[{"sentiment":"neutral","confidenceScores":{"positive":0.02,"neutral":0.97,"negative":0.01},"offset":0,"length":11,"text":"hello
        world"}],"warnings":[]},{"id":"16","sentiment":"neutral","statistics":{"charactersCount":11,"transactionsCount":1},"confidenceScores":{"positive":0.02,"neutral":0.97,"negative":0.01},"sentences":[{"sentiment":"neutral","confidenceScores":{"positive":0.02,"neutral":0.97,"negative":0.01},"offset":0,"length":11,"text":"hello
        world"}],"warnings":[]},{"id":"17","sentiment":"neutral","statistics":{"charactersCount":11,"transactionsCount":1},"confidenceScores":{"positive":0.02,"neutral":0.97,"negative":0.01},"sentences":[{"sentiment":"neutral","confidenceScores":{"positive":0.02,"neutral":0.97,"negative":0.01},"offset":0,"length":11,"text":"hello
        world"}],"warnings":[]},{"id":"18","sentiment":"neutral","statistics":{"charactersCount":11,"transactionsCount":1},"confidenceScores":{"positive":0.02,"neutral":0.97,"negative":0.01},"sentences":[{"sentiment":"neutral","confidenceScores":{"positive":0.02,"neutral":0.97,"negative":0.01},"offset":0,"length":11,"text":"hello
        world"}],"warnings":[]},{"id":"19","sentiment":"neutral","statistics":{"charactersCount":11,"transactionsCount":1},"confidenceScores":{"positive":0.02,"neutral":0.97,"negative":0.01},"sentences":[{"sentiment":"neutral","confidenceScores":{"positive":0.02,"neutral":0.97,"negative":0.01},"offset":0,"length":11,"text":"hello
        world"}],"warnings":[]}],"errors":[],"modelVersion":"2020-04-01"}}]},"@nextLink":"https://westus2.api.cognitive.microsoft.com/text/analytics/v3.2-preview.1/analyze/jobs/bba0231d-9098-48a3-b505-82461b35e6d2?$skip=20&$top=5&showStats=True"}'
    headers:
      apim-request-id: 73c52cfd-a953-48ee-ba84-b0b56311a071
      content-type: application/json; charset=utf-8
      date: Mon, 02 Aug 2021 21:46:44 GMT
      strict-transport-security: max-age=31536000; includeSubDomains; preload
      transfer-encoding: chunked
      x-content-type-options: nosniff
      x-envoy-upstream-service-time: '735'
    status:
      code: 200
      message: OK
    url: https://tacanaryjava.cognitiveservices.azure.com/text/analytics/v3.2-preview.1/analyze/jobs/bba0231d-9098-48a3-b505-82461b35e6d2?showStats=True
- request:
    body: null
    headers:
      User-Agent:
      - azsdk-python-ai-textanalytics/5.2.0b1 Python/3.9.0 (Windows-10-10.0.19041-SP0)
    method: GET
    uri: https://westus2.api.cognitive.microsoft.com/text/analytics/v3.2-preview.1/analyze/jobs/bba0231d-9098-48a3-b505-82461b35e6d2?showStats=True
  response:
    body:
      string: '{"jobId":"bba0231d-9098-48a3-b505-82461b35e6d2","lastUpdateDateTime":"2021-08-02T21:46:40Z","createdDateTime":"2021-08-02T21:46:27Z","expirationDateTime":"2021-08-03T21:46:27Z","status":"running","errors":[],"displayName":"NA","tasks":{"completed":5,"failed":0,"inProgress":1,"total":6,"entityRecognitionTasks":[{"lastUpdateDateTime":"2021-08-02T21:46:34.8334376Z","taskName":"NamedEntityRecognition_latest","state":"succeeded","results":{"statistics":{"documentsCount":20,"validDocumentsCount":20,"erroneousDocumentsCount":0,"transactionsCount":20},"documents":[{"id":"0","statistics":{"charactersCount":11,"transactionsCount":1},"entities":[],"warnings":[]},{"id":"1","statistics":{"charactersCount":11,"transactionsCount":1},"entities":[],"warnings":[]},{"id":"2","statistics":{"charactersCount":11,"transactionsCount":1},"entities":[],"warnings":[]},{"id":"3","statistics":{"charactersCount":11,"transactionsCount":1},"entities":[],"warnings":[]},{"id":"4","statistics":{"charactersCount":11,"transactionsCount":1},"entities":[],"warnings":[]},{"id":"5","statistics":{"charactersCount":11,"transactionsCount":1},"entities":[],"warnings":[]},{"id":"6","statistics":{"charactersCount":11,"transactionsCount":1},"entities":[],"warnings":[]},{"id":"7","statistics":{"charactersCount":11,"transactionsCount":1},"entities":[],"warnings":[]},{"id":"8","statistics":{"charactersCount":11,"transactionsCount":1},"entities":[],"warnings":[]},{"id":"9","statistics":{"charactersCount":11,"transactionsCount":1},"entities":[],"warnings":[]},{"id":"10","statistics":{"charactersCount":11,"transactionsCount":1},"entities":[],"warnings":[]},{"id":"11","statistics":{"charactersCount":11,"transactionsCount":1},"entities":[],"warnings":[]},{"id":"12","statistics":{"charactersCount":11,"transactionsCount":1},"entities":[],"warnings":[]},{"id":"13","statistics":{"charactersCount":11,"transactionsCount":1},"entities":[],"warnings":[]},{"id":"14","statistics":{"charactersCount":11,"transactionsCount":1},"entities":[],"warnings":[]},{"id":"15","statistics":{"charactersCount":11,"transactionsCount":1},"entities":[],"warnings":[]},{"id":"16","statistics":{"charactersCount":11,"transactionsCount":1},"entities":[],"warnings":[]},{"id":"17","statistics":{"charactersCount":11,"transactionsCount":1},"entities":[],"warnings":[]},{"id":"18","statistics":{"charactersCount":11,"transactionsCount":1},"entities":[],"warnings":[]},{"id":"19","statistics":{"charactersCount":11,"transactionsCount":1},"entities":[],"warnings":[]}],"errors":[],"modelVersion":"2021-06-01"}}],"entityLinkingTasks":[{"lastUpdateDateTime":"2021-08-02T21:46:35.0157689Z","taskName":"EntityLinking_latest","state":"succeeded","results":{"statistics":{"documentsCount":20,"validDocumentsCount":20,"erroneousDocumentsCount":0,"transactionsCount":20},"documents":[{"id":"0","statistics":{"charactersCount":11,"transactionsCount":1},"entities":[],"warnings":[]},{"id":"1","statistics":{"charactersCount":11,"transactionsCount":1},"entities":[],"warnings":[]},{"id":"2","statistics":{"charactersCount":11,"transactionsCount":1},"entities":[],"warnings":[]},{"id":"3","statistics":{"charactersCount":11,"transactionsCount":1},"entities":[],"warnings":[]},{"id":"4","statistics":{"charactersCount":11,"transactionsCount":1},"entities":[],"warnings":[]},{"id":"5","statistics":{"charactersCount":11,"transactionsCount":1},"entities":[],"warnings":[]},{"id":"6","statistics":{"charactersCount":11,"transactionsCount":1},"entities":[],"warnings":[]},{"id":"7","statistics":{"charactersCount":11,"transactionsCount":1},"entities":[],"warnings":[]},{"id":"8","statistics":{"charactersCount":11,"transactionsCount":1},"entities":[],"warnings":[]},{"id":"9","statistics":{"charactersCount":11,"transactionsCount":1},"entities":[],"warnings":[]},{"id":"10","statistics":{"charactersCount":11,"transactionsCount":1},"entities":[],"warnings":[]},{"id":"11","statistics":{"charactersCount":11,"transactionsCount":1},"entities":[],"warnings":[]},{"id":"12","statistics":{"charactersCount":11,"transactionsCount":1},"entities":[],"warnings":[]},{"id":"13","statistics":{"charactersCount":11,"transactionsCount":1},"entities":[],"warnings":[]},{"id":"14","statistics":{"charactersCount":11,"transactionsCount":1},"entities":[],"warnings":[]},{"id":"15","statistics":{"charactersCount":11,"transactionsCount":1},"entities":[],"warnings":[]},{"id":"16","statistics":{"charactersCount":11,"transactionsCount":1},"entities":[],"warnings":[]},{"id":"17","statistics":{"charactersCount":11,"transactionsCount":1},"entities":[],"warnings":[]},{"id":"18","statistics":{"charactersCount":11,"transactionsCount":1},"entities":[],"warnings":[]},{"id":"19","statistics":{"charactersCount":11,"transactionsCount":1},"entities":[],"warnings":[]}],"errors":[],"modelVersion":"2021-06-01"}}],"entityRecognitionPiiTasks":[{"lastUpdateDateTime":"2021-08-02T21:46:35.064167Z","taskName":"PersonallyIdentifiableInformation_latest","state":"succeeded","results":{"statistics":{"documentsCount":20,"validDocumentsCount":20,"erroneousDocumentsCount":0,"transactionsCount":20},"documents":[{"redactedText":"hello
        world","id":"0","statistics":{"charactersCount":11,"transactionsCount":1},"entities":[],"warnings":[]},{"redactedText":"hello
        world","id":"1","statistics":{"charactersCount":11,"transactionsCount":1},"entities":[],"warnings":[]},{"redactedText":"hello
        world","id":"2","statistics":{"charactersCount":11,"transactionsCount":1},"entities":[],"warnings":[]},{"redactedText":"hello
        world","id":"3","statistics":{"charactersCount":11,"transactionsCount":1},"entities":[],"warnings":[]},{"redactedText":"hello
        world","id":"4","statistics":{"charactersCount":11,"transactionsCount":1},"entities":[],"warnings":[]},{"redactedText":"hello
        world","id":"5","statistics":{"charactersCount":11,"transactionsCount":1},"entities":[],"warnings":[]},{"redactedText":"hello
        world","id":"6","statistics":{"charactersCount":11,"transactionsCount":1},"entities":[],"warnings":[]},{"redactedText":"hello
        world","id":"7","statistics":{"charactersCount":11,"transactionsCount":1},"entities":[],"warnings":[]},{"redactedText":"hello
        world","id":"8","statistics":{"charactersCount":11,"transactionsCount":1},"entities":[],"warnings":[]},{"redactedText":"hello
        world","id":"9","statistics":{"charactersCount":11,"transactionsCount":1},"entities":[],"warnings":[]},{"redactedText":"hello
        world","id":"10","statistics":{"charactersCount":11,"transactionsCount":1},"entities":[],"warnings":[]},{"redactedText":"hello
        world","id":"11","statistics":{"charactersCount":11,"transactionsCount":1},"entities":[],"warnings":[]},{"redactedText":"hello
        world","id":"12","statistics":{"charactersCount":11,"transactionsCount":1},"entities":[],"warnings":[]},{"redactedText":"hello
        world","id":"13","statistics":{"charactersCount":11,"transactionsCount":1},"entities":[],"warnings":[]},{"redactedText":"hello
        world","id":"14","statistics":{"charactersCount":11,"transactionsCount":1},"entities":[],"warnings":[]},{"redactedText":"hello
        world","id":"15","statistics":{"charactersCount":11,"transactionsCount":1},"entities":[],"warnings":[]},{"redactedText":"hello
        world","id":"16","statistics":{"charactersCount":11,"transactionsCount":1},"entities":[],"warnings":[]},{"redactedText":"hello
        world","id":"17","statistics":{"charactersCount":11,"transactionsCount":1},"entities":[],"warnings":[]},{"redactedText":"hello
        world","id":"18","statistics":{"charactersCount":11,"transactionsCount":1},"entities":[],"warnings":[]},{"redactedText":"hello
        world","id":"19","statistics":{"charactersCount":11,"transactionsCount":1},"entities":[],"warnings":[]}],"errors":[],"modelVersion":"2021-01-15"}}],"keyPhraseExtractionTasks":[{"lastUpdateDateTime":"2021-08-02T21:46:35.5412821Z","taskName":"KeyPhraseExtraction_latest","state":"succeeded","results":{"statistics":{"documentsCount":20,"validDocumentsCount":20,"erroneousDocumentsCount":0,"transactionsCount":20},"documents":[{"id":"0","keyPhrases":["hello
        world"],"statistics":{"charactersCount":11,"transactionsCount":1},"warnings":[]},{"id":"1","keyPhrases":["hello
        world"],"statistics":{"charactersCount":11,"transactionsCount":1},"warnings":[]},{"id":"2","keyPhrases":["hello
        world"],"statistics":{"charactersCount":11,"transactionsCount":1},"warnings":[]},{"id":"3","keyPhrases":["hello
        world"],"statistics":{"charactersCount":11,"transactionsCount":1},"warnings":[]},{"id":"4","keyPhrases":["hello
        world"],"statistics":{"charactersCount":11,"transactionsCount":1},"warnings":[]},{"id":"5","keyPhrases":["hello
        world"],"statistics":{"charactersCount":11,"transactionsCount":1},"warnings":[]},{"id":"6","keyPhrases":["hello
        world"],"statistics":{"charactersCount":11,"transactionsCount":1},"warnings":[]},{"id":"7","keyPhrases":["hello
        world"],"statistics":{"charactersCount":11,"transactionsCount":1},"warnings":[]},{"id":"8","keyPhrases":["hello
        world"],"statistics":{"charactersCount":11,"transactionsCount":1},"warnings":[]},{"id":"9","keyPhrases":["hello
        world"],"statistics":{"charactersCount":11,"transactionsCount":1},"warnings":[]},{"id":"10","keyPhrases":["hello
        world"],"statistics":{"charactersCount":11,"transactionsCount":1},"warnings":[]},{"id":"11","keyPhrases":["hello
        world"],"statistics":{"charactersCount":11,"transactionsCount":1},"warnings":[]},{"id":"12","keyPhrases":["hello
        world"],"statistics":{"charactersCount":11,"transactionsCount":1},"warnings":[]},{"id":"13","keyPhrases":["hello
        world"],"statistics":{"charactersCount":11,"transactionsCount":1},"warnings":[]},{"id":"14","keyPhrases":["hello
        world"],"statistics":{"charactersCount":11,"transactionsCount":1},"warnings":[]},{"id":"15","keyPhrases":["hello
        world"],"statistics":{"charactersCount":11,"transactionsCount":1},"warnings":[]},{"id":"16","keyPhrases":["hello
        world"],"statistics":{"charactersCount":11,"transactionsCount":1},"warnings":[]},{"id":"17","keyPhrases":["hello
        world"],"statistics":{"charactersCount":11,"transactionsCount":1},"warnings":[]},{"id":"18","keyPhrases":["hello
        world"],"statistics":{"charactersCount":11,"transactionsCount":1},"warnings":[]},{"id":"19","keyPhrases":["hello
        world"],"statistics":{"charactersCount":11,"transactionsCount":1},"warnings":[]}],"errors":[],"modelVersion":"2021-06-01"}}],"sentimentAnalysisTasks":[{"lastUpdateDateTime":"2021-08-02T21:46:40.7074119Z","taskName":"SentimentAnalysis_latest","state":"succeeded","results":{"statistics":{"documentsCount":20,"validDocumentsCount":20,"erroneousDocumentsCount":0,"transactionsCount":20},"documents":[{"id":"0","sentiment":"neutral","statistics":{"charactersCount":11,"transactionsCount":1},"confidenceScores":{"positive":0.02,"neutral":0.97,"negative":0.01},"sentences":[{"sentiment":"neutral","confidenceScores":{"positive":0.02,"neutral":0.97,"negative":0.01},"offset":0,"length":11,"text":"hello
        world"}],"warnings":[]},{"id":"1","sentiment":"neutral","statistics":{"charactersCount":11,"transactionsCount":1},"confidenceScores":{"positive":0.02,"neutral":0.97,"negative":0.01},"sentences":[{"sentiment":"neutral","confidenceScores":{"positive":0.02,"neutral":0.97,"negative":0.01},"offset":0,"length":11,"text":"hello
        world"}],"warnings":[]},{"id":"2","sentiment":"neutral","statistics":{"charactersCount":11,"transactionsCount":1},"confidenceScores":{"positive":0.02,"neutral":0.97,"negative":0.01},"sentences":[{"sentiment":"neutral","confidenceScores":{"positive":0.02,"neutral":0.97,"negative":0.01},"offset":0,"length":11,"text":"hello
        world"}],"warnings":[]},{"id":"3","sentiment":"neutral","statistics":{"charactersCount":11,"transactionsCount":1},"confidenceScores":{"positive":0.02,"neutral":0.97,"negative":0.01},"sentences":[{"sentiment":"neutral","confidenceScores":{"positive":0.02,"neutral":0.97,"negative":0.01},"offset":0,"length":11,"text":"hello
        world"}],"warnings":[]},{"id":"4","sentiment":"neutral","statistics":{"charactersCount":11,"transactionsCount":1},"confidenceScores":{"positive":0.02,"neutral":0.97,"negative":0.01},"sentences":[{"sentiment":"neutral","confidenceScores":{"positive":0.02,"neutral":0.97,"negative":0.01},"offset":0,"length":11,"text":"hello
        world"}],"warnings":[]},{"id":"5","sentiment":"neutral","statistics":{"charactersCount":11,"transactionsCount":1},"confidenceScores":{"positive":0.02,"neutral":0.97,"negative":0.01},"sentences":[{"sentiment":"neutral","confidenceScores":{"positive":0.02,"neutral":0.97,"negative":0.01},"offset":0,"length":11,"text":"hello
        world"}],"warnings":[]},{"id":"6","sentiment":"neutral","statistics":{"charactersCount":11,"transactionsCount":1},"confidenceScores":{"positive":0.02,"neutral":0.97,"negative":0.01},"sentences":[{"sentiment":"neutral","confidenceScores":{"positive":0.02,"neutral":0.97,"negative":0.01},"offset":0,"length":11,"text":"hello
        world"}],"warnings":[]},{"id":"7","sentiment":"neutral","statistics":{"charactersCount":11,"transactionsCount":1},"confidenceScores":{"positive":0.02,"neutral":0.97,"negative":0.01},"sentences":[{"sentiment":"neutral","confidenceScores":{"positive":0.02,"neutral":0.97,"negative":0.01},"offset":0,"length":11,"text":"hello
        world"}],"warnings":[]},{"id":"8","sentiment":"neutral","statistics":{"charactersCount":11,"transactionsCount":1},"confidenceScores":{"positive":0.02,"neutral":0.97,"negative":0.01},"sentences":[{"sentiment":"neutral","confidenceScores":{"positive":0.02,"neutral":0.97,"negative":0.01},"offset":0,"length":11,"text":"hello
        world"}],"warnings":[]},{"id":"9","sentiment":"neutral","statistics":{"charactersCount":11,"transactionsCount":1},"confidenceScores":{"positive":0.02,"neutral":0.97,"negative":0.01},"sentences":[{"sentiment":"neutral","confidenceScores":{"positive":0.02,"neutral":0.97,"negative":0.01},"offset":0,"length":11,"text":"hello
        world"}],"warnings":[]},{"id":"10","sentiment":"neutral","statistics":{"charactersCount":11,"transactionsCount":1},"confidenceScores":{"positive":0.02,"neutral":0.97,"negative":0.01},"sentences":[{"sentiment":"neutral","confidenceScores":{"positive":0.02,"neutral":0.97,"negative":0.01},"offset":0,"length":11,"text":"hello
        world"}],"warnings":[]},{"id":"11","sentiment":"neutral","statistics":{"charactersCount":11,"transactionsCount":1},"confidenceScores":{"positive":0.02,"neutral":0.97,"negative":0.01},"sentences":[{"sentiment":"neutral","confidenceScores":{"positive":0.02,"neutral":0.97,"negative":0.01},"offset":0,"length":11,"text":"hello
        world"}],"warnings":[]},{"id":"12","sentiment":"neutral","statistics":{"charactersCount":11,"transactionsCount":1},"confidenceScores":{"positive":0.02,"neutral":0.97,"negative":0.01},"sentences":[{"sentiment":"neutral","confidenceScores":{"positive":0.02,"neutral":0.97,"negative":0.01},"offset":0,"length":11,"text":"hello
        world"}],"warnings":[]},{"id":"13","sentiment":"neutral","statistics":{"charactersCount":11,"transactionsCount":1},"confidenceScores":{"positive":0.02,"neutral":0.97,"negative":0.01},"sentences":[{"sentiment":"neutral","confidenceScores":{"positive":0.02,"neutral":0.97,"negative":0.01},"offset":0,"length":11,"text":"hello
        world"}],"warnings":[]},{"id":"14","sentiment":"neutral","statistics":{"charactersCount":11,"transactionsCount":1},"confidenceScores":{"positive":0.02,"neutral":0.97,"negative":0.01},"sentences":[{"sentiment":"neutral","confidenceScores":{"positive":0.02,"neutral":0.97,"negative":0.01},"offset":0,"length":11,"text":"hello
        world"}],"warnings":[]},{"id":"15","sentiment":"neutral","statistics":{"charactersCount":11,"transactionsCount":1},"confidenceScores":{"positive":0.02,"neutral":0.97,"negative":0.01},"sentences":[{"sentiment":"neutral","confidenceScores":{"positive":0.02,"neutral":0.97,"negative":0.01},"offset":0,"length":11,"text":"hello
        world"}],"warnings":[]},{"id":"16","sentiment":"neutral","statistics":{"charactersCount":11,"transactionsCount":1},"confidenceScores":{"positive":0.02,"neutral":0.97,"negative":0.01},"sentences":[{"sentiment":"neutral","confidenceScores":{"positive":0.02,"neutral":0.97,"negative":0.01},"offset":0,"length":11,"text":"hello
        world"}],"warnings":[]},{"id":"17","sentiment":"neutral","statistics":{"charactersCount":11,"transactionsCount":1},"confidenceScores":{"positive":0.02,"neutral":0.97,"negative":0.01},"sentences":[{"sentiment":"neutral","confidenceScores":{"positive":0.02,"neutral":0.97,"negative":0.01},"offset":0,"length":11,"text":"hello
        world"}],"warnings":[]},{"id":"18","sentiment":"neutral","statistics":{"charactersCount":11,"transactionsCount":1},"confidenceScores":{"positive":0.02,"neutral":0.97,"negative":0.01},"sentences":[{"sentiment":"neutral","confidenceScores":{"positive":0.02,"neutral":0.97,"negative":0.01},"offset":0,"length":11,"text":"hello
        world"}],"warnings":[]},{"id":"19","sentiment":"neutral","statistics":{"charactersCount":11,"transactionsCount":1},"confidenceScores":{"positive":0.02,"neutral":0.97,"negative":0.01},"sentences":[{"sentiment":"neutral","confidenceScores":{"positive":0.02,"neutral":0.97,"negative":0.01},"offset":0,"length":11,"text":"hello
        world"}],"warnings":[]}],"errors":[],"modelVersion":"2020-04-01"}}]},"@nextLink":"https://westus2.api.cognitive.microsoft.com/text/analytics/v3.2-preview.1/analyze/jobs/bba0231d-9098-48a3-b505-82461b35e6d2?$skip=20&$top=5&showStats=True"}'
    headers:
      apim-request-id: 7dbe88f4-6a73-48cf-be88-332cbd8e0b30
      content-type: application/json; charset=utf-8
      date: Mon, 02 Aug 2021 21:46:50 GMT
      strict-transport-security: max-age=31536000; includeSubDomains; preload
      transfer-encoding: chunked
      x-content-type-options: nosniff
      x-envoy-upstream-service-time: '711'
    status:
      code: 200
      message: OK
    url: https://tacanaryjava.cognitiveservices.azure.com/text/analytics/v3.2-preview.1/analyze/jobs/bba0231d-9098-48a3-b505-82461b35e6d2?showStats=True
- request:
    body: null
    headers:
      User-Agent:
      - azsdk-python-ai-textanalytics/5.2.0b1 Python/3.9.0 (Windows-10-10.0.19041-SP0)
    method: GET
    uri: https://westus2.api.cognitive.microsoft.com/text/analytics/v3.2-preview.1/analyze/jobs/bba0231d-9098-48a3-b505-82461b35e6d2?showStats=True
  response:
    body:
      string: '{"jobId":"bba0231d-9098-48a3-b505-82461b35e6d2","lastUpdateDateTime":"2021-08-02T21:46:53Z","createdDateTime":"2021-08-02T21:46:27Z","expirationDateTime":"2021-08-03T21:46:27Z","status":"succeeded","errors":[],"displayName":"NA","tasks":{"completed":6,"failed":0,"inProgress":0,"total":6,"entityRecognitionTasks":[{"lastUpdateDateTime":"2021-08-02T21:46:34.8334376Z","taskName":"NamedEntityRecognition_latest","state":"succeeded","results":{"statistics":{"documentsCount":20,"validDocumentsCount":20,"erroneousDocumentsCount":0,"transactionsCount":20},"documents":[{"id":"0","statistics":{"charactersCount":11,"transactionsCount":1},"entities":[],"warnings":[]},{"id":"1","statistics":{"charactersCount":11,"transactionsCount":1},"entities":[],"warnings":[]},{"id":"2","statistics":{"charactersCount":11,"transactionsCount":1},"entities":[],"warnings":[]},{"id":"3","statistics":{"charactersCount":11,"transactionsCount":1},"entities":[],"warnings":[]},{"id":"4","statistics":{"charactersCount":11,"transactionsCount":1},"entities":[],"warnings":[]},{"id":"5","statistics":{"charactersCount":11,"transactionsCount":1},"entities":[],"warnings":[]},{"id":"6","statistics":{"charactersCount":11,"transactionsCount":1},"entities":[],"warnings":[]},{"id":"7","statistics":{"charactersCount":11,"transactionsCount":1},"entities":[],"warnings":[]},{"id":"8","statistics":{"charactersCount":11,"transactionsCount":1},"entities":[],"warnings":[]},{"id":"9","statistics":{"charactersCount":11,"transactionsCount":1},"entities":[],"warnings":[]},{"id":"10","statistics":{"charactersCount":11,"transactionsCount":1},"entities":[],"warnings":[]},{"id":"11","statistics":{"charactersCount":11,"transactionsCount":1},"entities":[],"warnings":[]},{"id":"12","statistics":{"charactersCount":11,"transactionsCount":1},"entities":[],"warnings":[]},{"id":"13","statistics":{"charactersCount":11,"transactionsCount":1},"entities":[],"warnings":[]},{"id":"14","statistics":{"charactersCount":11,"transactionsCount":1},"entities":[],"warnings":[]},{"id":"15","statistics":{"charactersCount":11,"transactionsCount":1},"entities":[],"warnings":[]},{"id":"16","statistics":{"charactersCount":11,"transactionsCount":1},"entities":[],"warnings":[]},{"id":"17","statistics":{"charactersCount":11,"transactionsCount":1},"entities":[],"warnings":[]},{"id":"18","statistics":{"charactersCount":11,"transactionsCount":1},"entities":[],"warnings":[]},{"id":"19","statistics":{"charactersCount":11,"transactionsCount":1},"entities":[],"warnings":[]}],"errors":[],"modelVersion":"2021-06-01"}}],"entityLinkingTasks":[{"lastUpdateDateTime":"2021-08-02T21:46:35.0157689Z","taskName":"EntityLinking_latest","state":"succeeded","results":{"statistics":{"documentsCount":20,"validDocumentsCount":20,"erroneousDocumentsCount":0,"transactionsCount":20},"documents":[{"id":"0","statistics":{"charactersCount":11,"transactionsCount":1},"entities":[],"warnings":[]},{"id":"1","statistics":{"charactersCount":11,"transactionsCount":1},"entities":[],"warnings":[]},{"id":"2","statistics":{"charactersCount":11,"transactionsCount":1},"entities":[],"warnings":[]},{"id":"3","statistics":{"charactersCount":11,"transactionsCount":1},"entities":[],"warnings":[]},{"id":"4","statistics":{"charactersCount":11,"transactionsCount":1},"entities":[],"warnings":[]},{"id":"5","statistics":{"charactersCount":11,"transactionsCount":1},"entities":[],"warnings":[]},{"id":"6","statistics":{"charactersCount":11,"transactionsCount":1},"entities":[],"warnings":[]},{"id":"7","statistics":{"charactersCount":11,"transactionsCount":1},"entities":[],"warnings":[]},{"id":"8","statistics":{"charactersCount":11,"transactionsCount":1},"entities":[],"warnings":[]},{"id":"9","statistics":{"charactersCount":11,"transactionsCount":1},"entities":[],"warnings":[]},{"id":"10","statistics":{"charactersCount":11,"transactionsCount":1},"entities":[],"warnings":[]},{"id":"11","statistics":{"charactersCount":11,"transactionsCount":1},"entities":[],"warnings":[]},{"id":"12","statistics":{"charactersCount":11,"transactionsCount":1},"entities":[],"warnings":[]},{"id":"13","statistics":{"charactersCount":11,"transactionsCount":1},"entities":[],"warnings":[]},{"id":"14","statistics":{"charactersCount":11,"transactionsCount":1},"entities":[],"warnings":[]},{"id":"15","statistics":{"charactersCount":11,"transactionsCount":1},"entities":[],"warnings":[]},{"id":"16","statistics":{"charactersCount":11,"transactionsCount":1},"entities":[],"warnings":[]},{"id":"17","statistics":{"charactersCount":11,"transactionsCount":1},"entities":[],"warnings":[]},{"id":"18","statistics":{"charactersCount":11,"transactionsCount":1},"entities":[],"warnings":[]},{"id":"19","statistics":{"charactersCount":11,"transactionsCount":1},"entities":[],"warnings":[]}],"errors":[],"modelVersion":"2021-06-01"}}],"entityRecognitionPiiTasks":[{"lastUpdateDateTime":"2021-08-02T21:46:35.064167Z","taskName":"PersonallyIdentifiableInformation_latest","state":"succeeded","results":{"statistics":{"documentsCount":20,"validDocumentsCount":20,"erroneousDocumentsCount":0,"transactionsCount":20},"documents":[{"redactedText":"hello
        world","id":"0","statistics":{"charactersCount":11,"transactionsCount":1},"entities":[],"warnings":[]},{"redactedText":"hello
        world","id":"1","statistics":{"charactersCount":11,"transactionsCount":1},"entities":[],"warnings":[]},{"redactedText":"hello
        world","id":"2","statistics":{"charactersCount":11,"transactionsCount":1},"entities":[],"warnings":[]},{"redactedText":"hello
        world","id":"3","statistics":{"charactersCount":11,"transactionsCount":1},"entities":[],"warnings":[]},{"redactedText":"hello
        world","id":"4","statistics":{"charactersCount":11,"transactionsCount":1},"entities":[],"warnings":[]},{"redactedText":"hello
        world","id":"5","statistics":{"charactersCount":11,"transactionsCount":1},"entities":[],"warnings":[]},{"redactedText":"hello
        world","id":"6","statistics":{"charactersCount":11,"transactionsCount":1},"entities":[],"warnings":[]},{"redactedText":"hello
        world","id":"7","statistics":{"charactersCount":11,"transactionsCount":1},"entities":[],"warnings":[]},{"redactedText":"hello
        world","id":"8","statistics":{"charactersCount":11,"transactionsCount":1},"entities":[],"warnings":[]},{"redactedText":"hello
        world","id":"9","statistics":{"charactersCount":11,"transactionsCount":1},"entities":[],"warnings":[]},{"redactedText":"hello
        world","id":"10","statistics":{"charactersCount":11,"transactionsCount":1},"entities":[],"warnings":[]},{"redactedText":"hello
        world","id":"11","statistics":{"charactersCount":11,"transactionsCount":1},"entities":[],"warnings":[]},{"redactedText":"hello
        world","id":"12","statistics":{"charactersCount":11,"transactionsCount":1},"entities":[],"warnings":[]},{"redactedText":"hello
        world","id":"13","statistics":{"charactersCount":11,"transactionsCount":1},"entities":[],"warnings":[]},{"redactedText":"hello
        world","id":"14","statistics":{"charactersCount":11,"transactionsCount":1},"entities":[],"warnings":[]},{"redactedText":"hello
        world","id":"15","statistics":{"charactersCount":11,"transactionsCount":1},"entities":[],"warnings":[]},{"redactedText":"hello
        world","id":"16","statistics":{"charactersCount":11,"transactionsCount":1},"entities":[],"warnings":[]},{"redactedText":"hello
        world","id":"17","statistics":{"charactersCount":11,"transactionsCount":1},"entities":[],"warnings":[]},{"redactedText":"hello
        world","id":"18","statistics":{"charactersCount":11,"transactionsCount":1},"entities":[],"warnings":[]},{"redactedText":"hello
        world","id":"19","statistics":{"charactersCount":11,"transactionsCount":1},"entities":[],"warnings":[]}],"errors":[],"modelVersion":"2021-01-15"}}],"extractiveSummarizationTasks":[{"lastUpdateDateTime":"2021-08-02T21:46:53.9909405Z","taskName":"ExtractiveSummarization_latest","state":"succeeded","results":{"statistics":{"documentsCount":20,"validDocumentsCount":20,"erroneousDocumentsCount":0,"transactionsCount":20},"documents":[{"id":"0","statistics":{"charactersCount":11,"transactionsCount":1},"sentences":[{"text":"hello
        world","rankScore":1.0,"offset":0,"length":11}],"warnings":[]},{"id":"1","statistics":{"charactersCount":11,"transactionsCount":1},"sentences":[{"text":"hello
        world","rankScore":1.0,"offset":0,"length":11}],"warnings":[]},{"id":"2","statistics":{"charactersCount":11,"transactionsCount":1},"sentences":[{"text":"hello
        world","rankScore":1.0,"offset":0,"length":11}],"warnings":[]},{"id":"3","statistics":{"charactersCount":11,"transactionsCount":1},"sentences":[{"text":"hello
        world","rankScore":1.0,"offset":0,"length":11}],"warnings":[]},{"id":"4","statistics":{"charactersCount":11,"transactionsCount":1},"sentences":[{"text":"hello
        world","rankScore":1.0,"offset":0,"length":11}],"warnings":[]},{"id":"5","statistics":{"charactersCount":11,"transactionsCount":1},"sentences":[{"text":"hello
        world","rankScore":1.0,"offset":0,"length":11}],"warnings":[]},{"id":"6","statistics":{"charactersCount":11,"transactionsCount":1},"sentences":[{"text":"hello
        world","rankScore":1.0,"offset":0,"length":11}],"warnings":[]},{"id":"7","statistics":{"charactersCount":11,"transactionsCount":1},"sentences":[{"text":"hello
        world","rankScore":1.0,"offset":0,"length":11}],"warnings":[]},{"id":"8","statistics":{"charactersCount":11,"transactionsCount":1},"sentences":[{"text":"hello
        world","rankScore":1.0,"offset":0,"length":11}],"warnings":[]},{"id":"9","statistics":{"charactersCount":11,"transactionsCount":1},"sentences":[{"text":"hello
        world","rankScore":1.0,"offset":0,"length":11}],"warnings":[]},{"id":"10","statistics":{"charactersCount":11,"transactionsCount":1},"sentences":[{"text":"hello
        world","rankScore":1.0,"offset":0,"length":11}],"warnings":[]},{"id":"11","statistics":{"charactersCount":11,"transactionsCount":1},"sentences":[{"text":"hello
        world","rankScore":1.0,"offset":0,"length":11}],"warnings":[]},{"id":"12","statistics":{"charactersCount":11,"transactionsCount":1},"sentences":[{"text":"hello
        world","rankScore":1.0,"offset":0,"length":11}],"warnings":[]},{"id":"13","statistics":{"charactersCount":11,"transactionsCount":1},"sentences":[{"text":"hello
        world","rankScore":1.0,"offset":0,"length":11}],"warnings":[]},{"id":"14","statistics":{"charactersCount":11,"transactionsCount":1},"sentences":[{"text":"hello
        world","rankScore":1.0,"offset":0,"length":11}],"warnings":[]},{"id":"15","statistics":{"charactersCount":11,"transactionsCount":1},"sentences":[{"text":"hello
        world","rankScore":1.0,"offset":0,"length":11}],"warnings":[]},{"id":"16","statistics":{"charactersCount":11,"transactionsCount":1},"sentences":[{"text":"hello
        world","rankScore":1.0,"offset":0,"length":11}],"warnings":[]},{"id":"17","statistics":{"charactersCount":11,"transactionsCount":1},"sentences":[{"text":"hello
        world","rankScore":1.0,"offset":0,"length":11}],"warnings":[]},{"id":"18","statistics":{"charactersCount":11,"transactionsCount":1},"sentences":[{"text":"hello
        world","rankScore":1.0,"offset":0,"length":11}],"warnings":[]},{"id":"19","statistics":{"charactersCount":11,"transactionsCount":1},"sentences":[{"text":"hello
        world","rankScore":1.0,"offset":0,"length":11}],"warnings":[]}],"errors":[],"modelVersion":"2021-08-01"}}],"keyPhraseExtractionTasks":[{"lastUpdateDateTime":"2021-08-02T21:46:35.5412821Z","taskName":"KeyPhraseExtraction_latest","state":"succeeded","results":{"statistics":{"documentsCount":20,"validDocumentsCount":20,"erroneousDocumentsCount":0,"transactionsCount":20},"documents":[{"id":"0","keyPhrases":["hello
        world"],"statistics":{"charactersCount":11,"transactionsCount":1},"warnings":[]},{"id":"1","keyPhrases":["hello
        world"],"statistics":{"charactersCount":11,"transactionsCount":1},"warnings":[]},{"id":"2","keyPhrases":["hello
        world"],"statistics":{"charactersCount":11,"transactionsCount":1},"warnings":[]},{"id":"3","keyPhrases":["hello
        world"],"statistics":{"charactersCount":11,"transactionsCount":1},"warnings":[]},{"id":"4","keyPhrases":["hello
        world"],"statistics":{"charactersCount":11,"transactionsCount":1},"warnings":[]},{"id":"5","keyPhrases":["hello
        world"],"statistics":{"charactersCount":11,"transactionsCount":1},"warnings":[]},{"id":"6","keyPhrases":["hello
        world"],"statistics":{"charactersCount":11,"transactionsCount":1},"warnings":[]},{"id":"7","keyPhrases":["hello
        world"],"statistics":{"charactersCount":11,"transactionsCount":1},"warnings":[]},{"id":"8","keyPhrases":["hello
        world"],"statistics":{"charactersCount":11,"transactionsCount":1},"warnings":[]},{"id":"9","keyPhrases":["hello
        world"],"statistics":{"charactersCount":11,"transactionsCount":1},"warnings":[]},{"id":"10","keyPhrases":["hello
        world"],"statistics":{"charactersCount":11,"transactionsCount":1},"warnings":[]},{"id":"11","keyPhrases":["hello
        world"],"statistics":{"charactersCount":11,"transactionsCount":1},"warnings":[]},{"id":"12","keyPhrases":["hello
        world"],"statistics":{"charactersCount":11,"transactionsCount":1},"warnings":[]},{"id":"13","keyPhrases":["hello
        world"],"statistics":{"charactersCount":11,"transactionsCount":1},"warnings":[]},{"id":"14","keyPhrases":["hello
        world"],"statistics":{"charactersCount":11,"transactionsCount":1},"warnings":[]},{"id":"15","keyPhrases":["hello
        world"],"statistics":{"charactersCount":11,"transactionsCount":1},"warnings":[]},{"id":"16","keyPhrases":["hello
        world"],"statistics":{"charactersCount":11,"transactionsCount":1},"warnings":[]},{"id":"17","keyPhrases":["hello
        world"],"statistics":{"charactersCount":11,"transactionsCount":1},"warnings":[]},{"id":"18","keyPhrases":["hello
        world"],"statistics":{"charactersCount":11,"transactionsCount":1},"warnings":[]},{"id":"19","keyPhrases":["hello
        world"],"statistics":{"charactersCount":11,"transactionsCount":1},"warnings":[]}],"errors":[],"modelVersion":"2021-06-01"}}],"sentimentAnalysisTasks":[{"lastUpdateDateTime":"2021-08-02T21:46:40.7074119Z","taskName":"SentimentAnalysis_latest","state":"succeeded","results":{"statistics":{"documentsCount":20,"validDocumentsCount":20,"erroneousDocumentsCount":0,"transactionsCount":20},"documents":[{"id":"0","sentiment":"neutral","statistics":{"charactersCount":11,"transactionsCount":1},"confidenceScores":{"positive":0.02,"neutral":0.97,"negative":0.01},"sentences":[{"sentiment":"neutral","confidenceScores":{"positive":0.02,"neutral":0.97,"negative":0.01},"offset":0,"length":11,"text":"hello
        world"}],"warnings":[]},{"id":"1","sentiment":"neutral","statistics":{"charactersCount":11,"transactionsCount":1},"confidenceScores":{"positive":0.02,"neutral":0.97,"negative":0.01},"sentences":[{"sentiment":"neutral","confidenceScores":{"positive":0.02,"neutral":0.97,"negative":0.01},"offset":0,"length":11,"text":"hello
        world"}],"warnings":[]},{"id":"2","sentiment":"neutral","statistics":{"charactersCount":11,"transactionsCount":1},"confidenceScores":{"positive":0.02,"neutral":0.97,"negative":0.01},"sentences":[{"sentiment":"neutral","confidenceScores":{"positive":0.02,"neutral":0.97,"negative":0.01},"offset":0,"length":11,"text":"hello
        world"}],"warnings":[]},{"id":"3","sentiment":"neutral","statistics":{"charactersCount":11,"transactionsCount":1},"confidenceScores":{"positive":0.02,"neutral":0.97,"negative":0.01},"sentences":[{"sentiment":"neutral","confidenceScores":{"positive":0.02,"neutral":0.97,"negative":0.01},"offset":0,"length":11,"text":"hello
        world"}],"warnings":[]},{"id":"4","sentiment":"neutral","statistics":{"charactersCount":11,"transactionsCount":1},"confidenceScores":{"positive":0.02,"neutral":0.97,"negative":0.01},"sentences":[{"sentiment":"neutral","confidenceScores":{"positive":0.02,"neutral":0.97,"negative":0.01},"offset":0,"length":11,"text":"hello
        world"}],"warnings":[]},{"id":"5","sentiment":"neutral","statistics":{"charactersCount":11,"transactionsCount":1},"confidenceScores":{"positive":0.02,"neutral":0.97,"negative":0.01},"sentences":[{"sentiment":"neutral","confidenceScores":{"positive":0.02,"neutral":0.97,"negative":0.01},"offset":0,"length":11,"text":"hello
        world"}],"warnings":[]},{"id":"6","sentiment":"neutral","statistics":{"charactersCount":11,"transactionsCount":1},"confidenceScores":{"positive":0.02,"neutral":0.97,"negative":0.01},"sentences":[{"sentiment":"neutral","confidenceScores":{"positive":0.02,"neutral":0.97,"negative":0.01},"offset":0,"length":11,"text":"hello
        world"}],"warnings":[]},{"id":"7","sentiment":"neutral","statistics":{"charactersCount":11,"transactionsCount":1},"confidenceScores":{"positive":0.02,"neutral":0.97,"negative":0.01},"sentences":[{"sentiment":"neutral","confidenceScores":{"positive":0.02,"neutral":0.97,"negative":0.01},"offset":0,"length":11,"text":"hello
        world"}],"warnings":[]},{"id":"8","sentiment":"neutral","statistics":{"charactersCount":11,"transactionsCount":1},"confidenceScores":{"positive":0.02,"neutral":0.97,"negative":0.01},"sentences":[{"sentiment":"neutral","confidenceScores":{"positive":0.02,"neutral":0.97,"negative":0.01},"offset":0,"length":11,"text":"hello
        world"}],"warnings":[]},{"id":"9","sentiment":"neutral","statistics":{"charactersCount":11,"transactionsCount":1},"confidenceScores":{"positive":0.02,"neutral":0.97,"negative":0.01},"sentences":[{"sentiment":"neutral","confidenceScores":{"positive":0.02,"neutral":0.97,"negative":0.01},"offset":0,"length":11,"text":"hello
        world"}],"warnings":[]},{"id":"10","sentiment":"neutral","statistics":{"charactersCount":11,"transactionsCount":1},"confidenceScores":{"positive":0.02,"neutral":0.97,"negative":0.01},"sentences":[{"sentiment":"neutral","confidenceScores":{"positive":0.02,"neutral":0.97,"negative":0.01},"offset":0,"length":11,"text":"hello
        world"}],"warnings":[]},{"id":"11","sentiment":"neutral","statistics":{"charactersCount":11,"transactionsCount":1},"confidenceScores":{"positive":0.02,"neutral":0.97,"negative":0.01},"sentences":[{"sentiment":"neutral","confidenceScores":{"positive":0.02,"neutral":0.97,"negative":0.01},"offset":0,"length":11,"text":"hello
        world"}],"warnings":[]},{"id":"12","sentiment":"neutral","statistics":{"charactersCount":11,"transactionsCount":1},"confidenceScores":{"positive":0.02,"neutral":0.97,"negative":0.01},"sentences":[{"sentiment":"neutral","confidenceScores":{"positive":0.02,"neutral":0.97,"negative":0.01},"offset":0,"length":11,"text":"hello
        world"}],"warnings":[]},{"id":"13","sentiment":"neutral","statistics":{"charactersCount":11,"transactionsCount":1},"confidenceScores":{"positive":0.02,"neutral":0.97,"negative":0.01},"sentences":[{"sentiment":"neutral","confidenceScores":{"positive":0.02,"neutral":0.97,"negative":0.01},"offset":0,"length":11,"text":"hello
        world"}],"warnings":[]},{"id":"14","sentiment":"neutral","statistics":{"charactersCount":11,"transactionsCount":1},"confidenceScores":{"positive":0.02,"neutral":0.97,"negative":0.01},"sentences":[{"sentiment":"neutral","confidenceScores":{"positive":0.02,"neutral":0.97,"negative":0.01},"offset":0,"length":11,"text":"hello
        world"}],"warnings":[]},{"id":"15","sentiment":"neutral","statistics":{"charactersCount":11,"transactionsCount":1},"confidenceScores":{"positive":0.02,"neutral":0.97,"negative":0.01},"sentences":[{"sentiment":"neutral","confidenceScores":{"positive":0.02,"neutral":0.97,"negative":0.01},"offset":0,"length":11,"text":"hello
        world"}],"warnings":[]},{"id":"16","sentiment":"neutral","statistics":{"charactersCount":11,"transactionsCount":1},"confidenceScores":{"positive":0.02,"neutral":0.97,"negative":0.01},"sentences":[{"sentiment":"neutral","confidenceScores":{"positive":0.02,"neutral":0.97,"negative":0.01},"offset":0,"length":11,"text":"hello
        world"}],"warnings":[]},{"id":"17","sentiment":"neutral","statistics":{"charactersCount":11,"transactionsCount":1},"confidenceScores":{"positive":0.02,"neutral":0.97,"negative":0.01},"sentences":[{"sentiment":"neutral","confidenceScores":{"positive":0.02,"neutral":0.97,"negative":0.01},"offset":0,"length":11,"text":"hello
        world"}],"warnings":[]},{"id":"18","sentiment":"neutral","statistics":{"charactersCount":11,"transactionsCount":1},"confidenceScores":{"positive":0.02,"neutral":0.97,"negative":0.01},"sentences":[{"sentiment":"neutral","confidenceScores":{"positive":0.02,"neutral":0.97,"negative":0.01},"offset":0,"length":11,"text":"hello
        world"}],"warnings":[]},{"id":"19","sentiment":"neutral","statistics":{"charactersCount":11,"transactionsCount":1},"confidenceScores":{"positive":0.02,"neutral":0.97,"negative":0.01},"sentences":[{"sentiment":"neutral","confidenceScores":{"positive":0.02,"neutral":0.97,"negative":0.01},"offset":0,"length":11,"text":"hello
        world"}],"warnings":[]}],"errors":[],"modelVersion":"2020-04-01"}}]},"@nextLink":"https://westus2.api.cognitive.microsoft.com/text/analytics/v3.2-preview.1/analyze/jobs/bba0231d-9098-48a3-b505-82461b35e6d2?$skip=20&$top=5&showStats=True"}'
    headers:
      apim-request-id: 6d0b3311-7486-40c0-a982-b8f902cda715
      content-type: application/json; charset=utf-8
      date: Mon, 02 Aug 2021 21:46:56 GMT
      strict-transport-security: max-age=31536000; includeSubDomains; preload
      transfer-encoding: chunked
      x-content-type-options: nosniff
      x-envoy-upstream-service-time: '895'
    status:
      code: 200
      message: OK
    url: https://tacanaryjava.cognitiveservices.azure.com/text/analytics/v3.2-preview.1/analyze/jobs/bba0231d-9098-48a3-b505-82461b35e6d2?showStats=True
- request:
    body: null
    headers:
      Accept:
      - application/json, text/json
      User-Agent:
      - azsdk-python-ai-textanalytics/5.2.0b1 Python/3.9.0 (Windows-10-10.0.19041-SP0)
    method: GET
    uri: https://westus2.api.cognitive.microsoft.com/text/analytics/v3.2-preview.1/analyze/jobs/bba0231d-9098-48a3-b505-82461b35e6d2?showStats=false&$top=5&$skip=20
  response:
    body:
      string: '{"jobId":"bba0231d-9098-48a3-b505-82461b35e6d2","lastUpdateDateTime":"2021-08-02T21:46:53Z","createdDateTime":"2021-08-02T21:46:27Z","expirationDateTime":"2021-08-03T21:46:27Z","status":"succeeded","errors":[],"displayName":"NA","tasks":{"completed":6,"failed":0,"inProgress":0,"total":6,"entityRecognitionTasks":[{"lastUpdateDateTime":"2021-08-02T21:46:34.8334376Z","taskName":"NamedEntityRecognition_latest","state":"succeeded","results":{"documents":[{"id":"20","entities":[],"warnings":[]},{"id":"21","entities":[],"warnings":[]},{"id":"22","entities":[],"warnings":[]},{"id":"23","entities":[],"warnings":[]},{"id":"24","entities":[],"warnings":[]}],"errors":[],"modelVersion":"2021-06-01"}}],"entityLinkingTasks":[{"lastUpdateDateTime":"2021-08-02T21:46:35.0157689Z","taskName":"EntityLinking_latest","state":"succeeded","results":{"documents":[{"id":"20","entities":[],"warnings":[]},{"id":"21","entities":[],"warnings":[]},{"id":"22","entities":[],"warnings":[]},{"id":"23","entities":[],"warnings":[]},{"id":"24","entities":[],"warnings":[]}],"errors":[],"modelVersion":"2021-06-01"}}],"entityRecognitionPiiTasks":[{"lastUpdateDateTime":"2021-08-02T21:46:35.064167Z","taskName":"PersonallyIdentifiableInformation_latest","state":"succeeded","results":{"documents":[{"redactedText":"hello
        world","id":"20","entities":[],"warnings":[]},{"redactedText":"hello world","id":"21","entities":[],"warnings":[]},{"redactedText":"hello
        world","id":"22","entities":[],"warnings":[]},{"redactedText":"hello world","id":"23","entities":[],"warnings":[]},{"redactedText":"hello
        world","id":"24","entities":[],"warnings":[]}],"errors":[],"modelVersion":"2021-01-15"}}],"extractiveSummarizationTasks":[{"lastUpdateDateTime":"2021-08-02T21:46:53.9909405Z","taskName":"ExtractiveSummarization_latest","state":"succeeded","results":{"documents":[{"id":"20","sentences":[{"text":"hello
        world","rankScore":1.0,"offset":0,"length":11}],"warnings":[]},{"id":"21","sentences":[{"text":"hello
        world","rankScore":1.0,"offset":0,"length":11}],"warnings":[]},{"id":"22","sentences":[{"text":"hello
        world","rankScore":1.0,"offset":0,"length":11}],"warnings":[]},{"id":"23","sentences":[{"text":"hello
        world","rankScore":1.0,"offset":0,"length":11}],"warnings":[]},{"id":"24","sentences":[{"text":"hello
        world","rankScore":1.0,"offset":0,"length":11}],"warnings":[]}],"errors":[],"modelVersion":"2021-08-01"}}],"keyPhraseExtractionTasks":[{"lastUpdateDateTime":"2021-08-02T21:46:35.5412821Z","taskName":"KeyPhraseExtraction_latest","state":"succeeded","results":{"documents":[{"id":"20","keyPhrases":["hello
        world"],"warnings":[]},{"id":"21","keyPhrases":["hello world"],"warnings":[]},{"id":"22","keyPhrases":["hello
        world"],"warnings":[]},{"id":"23","keyPhrases":["hello world"],"warnings":[]},{"id":"24","keyPhrases":["hello
        world"],"warnings":[]}],"errors":[],"modelVersion":"2021-06-01"}}],"sentimentAnalysisTasks":[{"lastUpdateDateTime":"2021-08-02T21:46:40.7074119Z","taskName":"SentimentAnalysis_latest","state":"succeeded","results":{"documents":[{"id":"20","sentiment":"neutral","confidenceScores":{"positive":0.02,"neutral":0.97,"negative":0.01},"sentences":[{"sentiment":"neutral","confidenceScores":{"positive":0.02,"neutral":0.97,"negative":0.01},"offset":0,"length":11,"text":"hello
        world"}],"warnings":[]},{"id":"21","sentiment":"neutral","confidenceScores":{"positive":0.02,"neutral":0.97,"negative":0.01},"sentences":[{"sentiment":"neutral","confidenceScores":{"positive":0.02,"neutral":0.97,"negative":0.01},"offset":0,"length":11,"text":"hello
        world"}],"warnings":[]},{"id":"22","sentiment":"neutral","confidenceScores":{"positive":0.02,"neutral":0.97,"negative":0.01},"sentences":[{"sentiment":"neutral","confidenceScores":{"positive":0.02,"neutral":0.97,"negative":0.01},"offset":0,"length":11,"text":"hello
        world"}],"warnings":[]},{"id":"23","sentiment":"neutral","confidenceScores":{"positive":0.02,"neutral":0.97,"negative":0.01},"sentences":[{"sentiment":"neutral","confidenceScores":{"positive":0.02,"neutral":0.97,"negative":0.01},"offset":0,"length":11,"text":"hello
        world"}],"warnings":[]},{"id":"24","sentiment":"neutral","confidenceScores":{"positive":0.02,"neutral":0.97,"negative":0.01},"sentences":[{"sentiment":"neutral","confidenceScores":{"positive":0.02,"neutral":0.97,"negative":0.01},"offset":0,"length":11,"text":"hello
        world"}],"warnings":[]}],"errors":[],"modelVersion":"2020-04-01"}}]}}'
    headers:
      apim-request-id: 607064d5-dde2-4d88-a2c3-22b699673cfa
      content-type: application/json; charset=utf-8
      date: Mon, 02 Aug 2021 21:46:56 GMT
      strict-transport-security: max-age=31536000; includeSubDomains; preload
      transfer-encoding: chunked
      x-content-type-options: nosniff
      x-envoy-upstream-service-time: '363'
    status:
      code: 200
      message: OK
    url: https://tacanaryjava.cognitiveservices.azure.com//text/analytics/v3.2-preview.1/analyze/jobs/bba0231d-9098-48a3-b505-82461b35e6d2?showStats=false&$top=5&$skip=20
version: 1
