interactions:
- request:
    body: '{"tasks": {"entityRecognitionTasks": [], "entityRecognitionPiiTasks": [],
      "keyPhraseExtractionTasks": [{"parameters": {}, "taskName": "0"}], "entityLinkingTasks":
      [], "sentimentAnalysisTasks": [], "extractiveSummarizationTasks": [], "customEntityRecognitionTasks":
      [], "customSingleClassificationTasks": [], "customMultiClassificationTasks":
      []}, "analysisInput": {"documents": [{"id": "1", "text": "Microsoft was founded
      by Bill Gates and Paul Allen", "language": "en"}, {"id": "2", "text": "Microsoft
      fue fundado por Bill Gates y Paul Allen", "language": "es"}]}}'
    headers:
      Accept:
      - application/json, text/json
      Accept-Encoding:
      - gzip, deflate
      Connection:
      - keep-alive
      Content-Length:
      - '565'
      Content-Type:
      - application/json
      User-Agent:
      - azsdk-python-ai-textanalytics/5.2.0b3 Python/3.10.0 (Windows-10-10.0.22000-SP0)
    method: POST
    uri: https://westus2.api.cognitive.microsoft.com/text/analytics/v3.2-preview.2/analyze
  response:
    body:
      string: ''
    headers:
      apim-request-id:
      - 5b2d51c0-80c2-4d1c-9aa6-f24fd842c6d0
      date:
      - Wed, 08 Dec 2021 22:44:12 GMT
      operation-location:
      - https://westus2.api.cognitive.microsoft.com/text/analytics/v3.2-preview.2/analyze/jobs/f339cd6c-bdd9-44e4-95ef-857ec0f487b7
      strict-transport-security:
      - max-age=31536000; includeSubDomains; preload
      transfer-encoding:
      - chunked
      x-content-type-options:
      - nosniff
      x-envoy-upstream-service-time:
      - '173'
    status:
      code: 202
      message: Accepted
- request:
    body: null
    headers:
      Accept:
      - '*/*'
      Accept-Encoding:
      - gzip, deflate
      Connection:
      - keep-alive
      User-Agent:
      - azsdk-python-ai-textanalytics/5.2.0b3 Python/3.10.0 (Windows-10-10.0.22000-SP0)
    method: GET
    uri: https://westus2.api.cognitive.microsoft.com/text/analytics/v3.2-preview.2/analyze/jobs/f339cd6c-bdd9-44e4-95ef-857ec0f487b7?showStats=True
  response:
    body:
      string: '{"jobId":"f339cd6c-bdd9-44e4-95ef-857ec0f487b7","lastUpdateDateTime":"2021-12-08T22:44:12Z","createdDateTime":"2021-12-08T22:44:12Z","expirationDateTime":"2021-12-09T22:44:12Z","status":"running","errors":[],"tasks":{"completed":0,"failed":0,"inProgress":1,"total":1}}'
    headers:
      apim-request-id:
      - 698bfee6-abfc-4d69-8479-2a578fc921a6
      content-type:
      - application/json; charset=utf-8
      date:
      - Wed, 08 Dec 2021 22:44:17 GMT
      strict-transport-security:
      - max-age=31536000; includeSubDomains; preload
      transfer-encoding:
      - chunked
      x-content-type-options:
      - nosniff
      x-envoy-upstream-service-time:
      - '7'
    status:
      code: 200
      message: OK
- request:
    body: null
    headers:
      Accept:
      - '*/*'
      Accept-Encoding:
      - gzip, deflate
      Connection:
      - keep-alive
      User-Agent:
      - azsdk-python-ai-textanalytics/5.2.0b3 Python/3.10.0 (Windows-10-10.0.22000-SP0)
    method: GET
    uri: https://westus2.api.cognitive.microsoft.com/text/analytics/v3.2-preview.2/analyze/jobs/f339cd6c-bdd9-44e4-95ef-857ec0f487b7?showStats=True
  response:
    body:
      string: '{"jobId":"f339cd6c-bdd9-44e4-95ef-857ec0f487b7","lastUpdateDateTime":"2021-12-08T22:44:20Z","createdDateTime":"2021-12-08T22:44:12Z","expirationDateTime":"2021-12-09T22:44:12Z","status":"succeeded","errors":[],"tasks":{"completed":1,"failed":0,"inProgress":0,"total":1,"keyPhraseExtractionTasks":[{"lastUpdateDateTime":"2021-12-08T22:44:20.737002Z","taskName":"0","state":"succeeded","results":{"statistics":{"documentsCount":2,"validDocumentsCount":2,"erroneousDocumentsCount":0,"transactionsCount":2},"documents":[{"id":"1","keyPhrases":["Bill
        Gates","Paul Allen","Microsoft"],"statistics":{"charactersCount":50,"transactionsCount":1},"warnings":[]},{"id":"2","keyPhrases":["Bill
        Gates","Paul Allen","Microsoft"],"statistics":{"charactersCount":49,"transactionsCount":1},"warnings":[]}],"errors":[],"modelVersion":"2021-06-01"}}]}}'
    headers:
      apim-request-id:
      - ad9625a1-59da-4c1e-8af9-74242d7fb02b
      content-type:
      - application/json; charset=utf-8
      date:
      - Wed, 08 Dec 2021 22:44:22 GMT
      strict-transport-security:
      - max-age=31536000; includeSubDomains; preload
      transfer-encoding:
      - chunked
      x-content-type-options:
      - nosniff
      x-envoy-upstream-service-time:
      - '68'
    status:
      code: 200
      message: OK
version: 1
