interactions:
- request:
    body: '{"tasks": {"entityRecognitionTasks": [{"parameters": {"model-version":
      "latest", "loggingOptOut": false, "stringIndexType": "UnicodeCodePoint"}}],
      "entityRecognitionPiiTasks": [{"parameters": {"model-version": "latest", "loggingOptOut":
      true, "stringIndexType": "UnicodeCodePoint"}}], "keyPhraseExtractionTasks":
      [{"parameters": {"model-version": "latest", "loggingOptOut": false}}], "entityLinkingTasks":
      [{"parameters": {"model-version": "latest", "loggingOptOut": false, "stringIndexType":
      "UnicodeCodePoint"}}], "sentimentAnalysisTasks": [{"parameters": {"model-version":
      "latest", "loggingOptOut": false, "opinionMining": false}}], "extractiveSummarizationTasks":
      [{"parameters": {"model-version": "latest", "loggingOptOut": false, "stringIndexType":
      "UnicodeCodePoint", "sentenceCount": 3, "sortBy": "Offset"}}], "customEntityRecognitionTasks":
      [], "customSingleClassificationTasks": [], "customMultiClassificationTasks":
      []}, "analysisInput": {"documents": [{"id": "0", "text": "This should fail because
      we''re passing in an invalid language hint", "language": "notalanguage"}]}}'
    headers:
      Accept:
      - application/json, text/json
      Accept-Encoding:
      - gzip, deflate
      Connection:
      - keep-alive
      Content-Length:
      - '1085'
      Content-Type:
      - application/json
      User-Agent:
      - azsdk-python-ai-textanalytics/5.2.0b2 Python/3.9.0 (Windows-10-10.0.19041-SP0)
    method: POST
    uri: https://westus2.api.cognitive.microsoft.com/text/analytics/v3.2-preview.2/analyze
  response:
    body:
      string: ''
    headers:
      apim-request-id:
      - e4f589cf-7a6e-4961-acd3-ccc749420767
      date:
      - Wed, 06 Oct 2021 20:49:59 GMT
      operation-location:
      - https://westus2.api.cognitive.microsoft.com/text/analytics/v3.2-preview.2/analyze/jobs/5dd8ca29-00ab-4080-a35f-9f8375e597b3
      strict-transport-security:
      - max-age=31536000; includeSubDomains; preload
      transfer-encoding:
      - chunked
      x-content-type-options:
      - nosniff
      x-envoy-upstream-service-time:
      - '566'
    status:
      code: 202
      message: Accepted
- request:
    body: null
    headers:
      Accept:
      - '*/*'
      Accept-Encoding:
      - gzip, deflate
      Connection:
      - keep-alive
      User-Agent:
      - azsdk-python-ai-textanalytics/5.2.0b2 Python/3.9.0 (Windows-10-10.0.19041-SP0)
    method: GET
    uri: https://westus2.api.cognitive.microsoft.com/text/analytics/v3.2-preview.2/analyze/jobs/5dd8ca29-00ab-4080-a35f-9f8375e597b3
  response:
    body:
      string: '{"jobId":"5dd8ca29-00ab-4080-a35f-9f8375e597b3","lastUpdateDateTime":"2021-10-06T20:50:01Z","createdDateTime":"2021-10-06T20:50:00Z","expirationDateTime":"2021-10-07T20:50:00Z","status":"running","errors":[],"displayName":"NA","tasks":{"completed":0,"failed":0,"inProgress":6,"total":6}}'
    headers:
      apim-request-id:
      - c10b01e0-2961-40a6-a09e-f71143a1f3c0
      content-type:
      - application/json; charset=utf-8
      date:
      - Wed, 06 Oct 2021 20:50:04 GMT
      strict-transport-security:
      - max-age=31536000; includeSubDomains; preload
      transfer-encoding:
      - chunked
      x-content-type-options:
      - nosniff
      x-envoy-upstream-service-time:
      - '8'
    status:
      code: 200
      message: OK
- request:
    body: null
    headers:
      Accept:
      - '*/*'
      Accept-Encoding:
      - gzip, deflate
      Connection:
      - keep-alive
      User-Agent:
      - azsdk-python-ai-textanalytics/5.2.0b2 Python/3.9.0 (Windows-10-10.0.19041-SP0)
    method: GET
    uri: https://westus2.api.cognitive.microsoft.com/text/analytics/v3.2-preview.2/analyze/jobs/5dd8ca29-00ab-4080-a35f-9f8375e597b3
  response:
    body:
      string: '{"jobId":"5dd8ca29-00ab-4080-a35f-9f8375e597b3","lastUpdateDateTime":"2021-10-06T20:50:09Z","createdDateTime":"2021-10-06T20:50:00Z","expirationDateTime":"2021-10-07T20:50:00Z","status":"running","errors":[],"displayName":"NA","tasks":{"completed":3,"failed":0,"inProgress":3,"total":6,"entityRecognitionTasks":[{"lastUpdateDateTime":"2021-10-06T20:50:08.1757478Z","state":"succeeded","results":{"documents":[],"errors":[{"id":"0","error":{"code":"InvalidArgument","message":"Invalid
        Language Code.","innererror":{"code":"UnsupportedLanguageCode","message":"Invalid
        language code. Supported languages: en,es,de,fr,zh-Hans,ar,cs,da,fi,hu,it,ja,ko,no,nl,pl,pt-BR,pt-PT,ru,sv,tr.
        For additional details see https://aka.ms/text-analytics/language-support?tabs=named-entity-recognition"}}}],"modelVersion":"2021-06-01"}}],"entityLinkingTasks":[{"lastUpdateDateTime":"2021-10-06T20:50:08.3409473Z","state":"succeeded","results":{"documents":[],"errors":[{"id":"0","error":{"code":"InvalidArgument","message":"Invalid
        Language Code.","innererror":{"code":"UnsupportedLanguageCode","message":"Invalid
        language code. Supported languages: en,es. For additional details see https://aka.ms/text-analytics/language-support?tabs=entity-linking"}}}],"modelVersion":"2021-06-01"}}],"keyPhraseExtractionTasks":[{"lastUpdateDateTime":"2021-10-06T20:50:09.1566923Z","state":"succeeded","results":{"documents":[],"errors":[{"id":"0","error":{"code":"InvalidArgument","message":"Invalid
        Language Code.","innererror":{"code":"UnsupportedLanguageCode","message":"Invalid
        language code. Supported languages: ja,ko,zh-Hans,da,fi,nl,pl,ru,sv,de,en,es,fr,it,pt-BR,pt-PT,af,bg,ca,el,et,hr,hu,id,lv,no,ro,sk,sl,tr.
        For additional details see https://aka.ms/text-analytics/language-support?tabs=key-phrase-extraction"}}}],"modelVersion":"2021-06-01"}}]}}'
    headers:
      apim-request-id:
      - f59e6024-8175-44b2-a32b-12b875a70f2d
      content-type:
      - application/json; charset=utf-8
      date:
      - Wed, 06 Oct 2021 20:50:10 GMT
      strict-transport-security:
      - max-age=31536000; includeSubDomains; preload
      transfer-encoding:
      - chunked
      x-content-type-options:
      - nosniff
      x-envoy-upstream-service-time:
      - '203'
    status:
      code: 200
      message: OK
- request:
    body: null
    headers:
      Accept:
      - '*/*'
      Accept-Encoding:
      - gzip, deflate
      Connection:
      - keep-alive
      User-Agent:
      - azsdk-python-ai-textanalytics/5.2.0b2 Python/3.9.0 (Windows-10-10.0.19041-SP0)
    method: GET
    uri: https://westus2.api.cognitive.microsoft.com/text/analytics/v3.2-preview.2/analyze/jobs/5dd8ca29-00ab-4080-a35f-9f8375e597b3
  response:
    body:
      string: '{"jobId":"5dd8ca29-00ab-4080-a35f-9f8375e597b3","lastUpdateDateTime":"2021-10-06T20:50:14Z","createdDateTime":"2021-10-06T20:50:00Z","expirationDateTime":"2021-10-07T20:50:00Z","status":"running","errors":[],"displayName":"NA","tasks":{"completed":5,"failed":0,"inProgress":1,"total":6,"entityRecognitionTasks":[{"lastUpdateDateTime":"2021-10-06T20:50:08.1757478Z","state":"succeeded","results":{"documents":[],"errors":[{"id":"0","error":{"code":"InvalidArgument","message":"Invalid
        Language Code.","innererror":{"code":"UnsupportedLanguageCode","message":"Invalid
        language code. Supported languages: en,es,de,fr,zh-Hans,ar,cs,da,fi,hu,it,ja,ko,no,nl,pl,pt-BR,pt-PT,ru,sv,tr.
        For additional details see https://aka.ms/text-analytics/language-support?tabs=named-entity-recognition"}}}],"modelVersion":"2021-06-01"}}],"entityLinkingTasks":[{"lastUpdateDateTime":"2021-10-06T20:50:08.3409473Z","state":"succeeded","results":{"documents":[],"errors":[{"id":"0","error":{"code":"InvalidArgument","message":"Invalid
        Language Code.","innererror":{"code":"UnsupportedLanguageCode","message":"Invalid
        language code. Supported languages: en,es. For additional details see https://aka.ms/text-analytics/language-support?tabs=entity-linking"}}}],"modelVersion":"2021-06-01"}}],"entityRecognitionPiiTasks":[{"lastUpdateDateTime":"2021-10-06T20:50:14.0327218Z","state":"succeeded","results":{"documents":[],"errors":[{"id":"0","error":{"code":"InvalidArgument","message":"Invalid
        Language Code.","innererror":{"code":"UnsupportedLanguageCode","message":"Invalid
        language code. Supported languages: ja,ko,zh-Hans,de,en,es,fr,it,pt-BR,pt-PT.
        For additional details see https://aka.ms/text-analytics/language-support?tabs=named-entity-recognition"}}}],"modelVersion":"2021-01-15"}}],"keyPhraseExtractionTasks":[{"lastUpdateDateTime":"2021-10-06T20:50:09.1566923Z","state":"succeeded","results":{"documents":[],"errors":[{"id":"0","error":{"code":"InvalidArgument","message":"Invalid
        Language Code.","innererror":{"code":"UnsupportedLanguageCode","message":"Invalid
        language code. Supported languages: ja,ko,zh-Hans,da,fi,nl,pl,ru,sv,de,en,es,fr,it,pt-BR,pt-PT,af,bg,ca,el,et,hr,hu,id,lv,no,ro,sk,sl,tr.
        For additional details see https://aka.ms/text-analytics/language-support?tabs=key-phrase-extraction"}}}],"modelVersion":"2021-06-01"}}],"sentimentAnalysisTasks":[{"lastUpdateDateTime":"2021-10-06T20:50:13.6031729Z","state":"succeeded","results":{"documents":[],"errors":[{"id":"0","error":{"code":"InvalidArgument","message":"Invalid
        Language Code.","innererror":{"code":"UnsupportedLanguageCode","message":"Invalid
        language code. Supported languages: en,ja,ko,zh-Hans,zh-Hant,de,es,fr,hi,no,tr,it,nl,pt-BR,pt-PT.
        For additional details see https://aka.ms/text-analytics/language-support?tabs=sentiment-analysis"}}}],"modelVersion":"2020-04-01"}}]}}'
    headers:
      apim-request-id:
      - 589fad0f-5f64-4369-bb95-1ed47620d4b1
      content-type:
      - application/json; charset=utf-8
      date:
      - Wed, 06 Oct 2021 20:50:15 GMT
      strict-transport-security:
      - max-age=31536000; includeSubDomains; preload
      transfer-encoding:
      - chunked
      x-content-type-options:
      - nosniff
      x-envoy-upstream-service-time:
      - '260'
    status:
      code: 200
      message: OK
- request:
    body: null
    headers:
      Accept:
      - '*/*'
      Accept-Encoding:
      - gzip, deflate
      Connection:
      - keep-alive
      User-Agent:
      - azsdk-python-ai-textanalytics/5.2.0b2 Python/3.9.0 (Windows-10-10.0.19041-SP0)
    method: GET
    uri: https://westus2.api.cognitive.microsoft.com/text/analytics/v3.2-preview.2/analyze/jobs/5dd8ca29-00ab-4080-a35f-9f8375e597b3
  response:
    body:
      string: '{"jobId":"5dd8ca29-00ab-4080-a35f-9f8375e597b3","lastUpdateDateTime":"2021-10-06T20:50:17Z","createdDateTime":"2021-10-06T20:50:00Z","expirationDateTime":"2021-10-07T20:50:00Z","status":"succeeded","errors":[],"displayName":"NA","tasks":{"completed":6,"failed":0,"inProgress":0,"total":6,"entityRecognitionTasks":[{"lastUpdateDateTime":"2021-10-06T20:50:08.1757478Z","state":"succeeded","results":{"documents":[],"errors":[{"id":"0","error":{"code":"InvalidArgument","message":"Invalid
        Language Code.","innererror":{"code":"UnsupportedLanguageCode","message":"Invalid
        language code. Supported languages: en,es,de,fr,zh-Hans,ar,cs,da,fi,hu,it,ja,ko,no,nl,pl,pt-BR,pt-PT,ru,sv,tr.
        For additional details see https://aka.ms/text-analytics/language-support?tabs=named-entity-recognition"}}}],"modelVersion":"2021-06-01"}}],"entityLinkingTasks":[{"lastUpdateDateTime":"2021-10-06T20:50:08.3409473Z","state":"succeeded","results":{"documents":[],"errors":[{"id":"0","error":{"code":"InvalidArgument","message":"Invalid
        Language Code.","innererror":{"code":"UnsupportedLanguageCode","message":"Invalid
        language code. Supported languages: en,es. For additional details see https://aka.ms/text-analytics/language-support?tabs=entity-linking"}}}],"modelVersion":"2021-06-01"}}],"entityRecognitionPiiTasks":[{"lastUpdateDateTime":"2021-10-06T20:50:14.0327218Z","state":"succeeded","results":{"documents":[],"errors":[{"id":"0","error":{"code":"InvalidArgument","message":"Invalid
        Language Code.","innererror":{"code":"UnsupportedLanguageCode","message":"Invalid
        language code. Supported languages: ja,ko,zh-Hans,de,en,es,fr,it,pt-BR,pt-PT.
        For additional details see https://aka.ms/text-analytics/language-support?tabs=named-entity-recognition"}}}],"modelVersion":"2021-01-15"}}],"extractiveSummarizationTasks":[{"lastUpdateDateTime":"2021-10-06T20:50:17.3043281Z","state":"succeeded","results":{"documents":[],"errors":[{"id":"0","error":{"code":"InvalidArgument","message":"Invalid
        Language Code.","innererror":{"code":"UnsupportedLanguageCode","message":"Invalid
        language code. Supported languages: ja,ko,zh-Hans,de,en,es,fr,it,pt-PT,pt-BR.
        For additional details see https://aka.ms/text-analytics/language-support"}}}],"modelVersion":"2021-08-01"}}],"keyPhraseExtractionTasks":[{"lastUpdateDateTime":"2021-10-06T20:50:09.1566923Z","state":"succeeded","results":{"documents":[],"errors":[{"id":"0","error":{"code":"InvalidArgument","message":"Invalid
        Language Code.","innererror":{"code":"UnsupportedLanguageCode","message":"Invalid
        language code. Supported languages: ja,ko,zh-Hans,da,fi,nl,pl,ru,sv,de,en,es,fr,it,pt-BR,pt-PT,af,bg,ca,el,et,hr,hu,id,lv,no,ro,sk,sl,tr.
        For additional details see https://aka.ms/text-analytics/language-support?tabs=key-phrase-extraction"}}}],"modelVersion":"2021-06-01"}}],"sentimentAnalysisTasks":[{"lastUpdateDateTime":"2021-10-06T20:50:13.6031729Z","state":"succeeded","results":{"documents":[],"errors":[{"id":"0","error":{"code":"InvalidArgument","message":"Invalid
        Language Code.","innererror":{"code":"UnsupportedLanguageCode","message":"Invalid
        language code. Supported languages: en,ja,ko,zh-Hans,zh-Hant,de,es,fr,hi,no,tr,it,nl,pt-BR,pt-PT.
        For additional details see https://aka.ms/text-analytics/language-support?tabs=sentiment-analysis"}}}],"modelVersion":"2020-04-01"}}]}}'
    headers:
      apim-request-id:
      - 6113f517-7c99-4442-9042-3daaafd4dc7b
      content-type:
      - application/json; charset=utf-8
      date:
      - Wed, 06 Oct 2021 20:50:21 GMT
      strict-transport-security:
      - max-age=31536000; includeSubDomains; preload
      transfer-encoding:
      - chunked
      x-content-type-options:
      - nosniff
      x-envoy-upstream-service-time:
      - '289'
    status:
      code: 200
      message: OK
version: 1
