interactions:
- request:
    body: '{"documents": [{"id": "1", "text": "I will go to the park.", "countryHint":
      "US"}, {"id": "2", "text": "I did not like the hotel we stayed at.", "countryHint":
      "US"}, {"id": "3", "text": "The restaurant had really good food.", "countryHint":
      "US"}]}'
    headers:
      Accept:
      - application/json
      Accept-Encoding:
      - gzip, deflate
      Connection:
      - keep-alive
      Content-Length:
      - '249'
      Content-Type:
      - application/json
      User-Agent:
      - azsdk-python-ai-textanalytics/1.0.0b5 Python/3.7.7 (Darwin-17.7.0-x86_64-i386-64bit)
        Python/3.7.7 (Darwin-17.7.0-x86_64-i386-64bit)
    method: POST
    uri: https://westus2.ppe.cognitiveservices.azure.com/text/analytics/v3.0/languages?showStats=false
  response:
    body:
      string: '{"documents":[{"id":"1","detectedLanguage":{"name":"English","iso6391Name":"en","confidenceScore":1.0},"warnings":[]},{"id":"2","detectedLanguage":{"name":"English","iso6391Name":"en","confidenceScore":1.0},"warnings":[]},{"id":"3","detectedLanguage":{"name":"English","iso6391Name":"en","confidenceScore":1.0},"warnings":[]}],"errors":[],"modelVersion":"2019-10-01"}'
    headers:
      apim-request-id:
      - eb5b0730-a328-4945-ac22-661d6ff09931
      content-type:
      - application/json; charset=utf-8
      csp-billing-usage:
      - CognitiveServices.TextAnalytics.BatchScoring=3
      date:
      - Mon, 27 Apr 2020 17:33:53 GMT
      strict-transport-security:
      - max-age=31536000; includeSubDomains; preload
      transfer-encoding:
      - chunked
      x-content-type-options:
      - nosniff
      x-envoy-upstream-service-time:
      - '2'
    status:
      code: 200
      message: OK
- request:
    body: '{"documents": [{"id": "1", "text": "I will go to the park.", "countryHint":
      "US"}, {"id": "2", "text": "I did not like the hotel we stayed at.", "countryHint":
      "US"}, {"id": "3", "text": "The restaurant had really good food.", "countryHint":
      "US"}]}'
    headers:
      Accept:
      - application/json
      Accept-Encoding:
      - gzip, deflate
      Connection:
      - keep-alive
      Content-Length:
      - '249'
      Content-Type:
      - application/json
      User-Agent:
      - azsdk-python-ai-textanalytics/1.0.0b5 Python/3.7.7 (Darwin-17.7.0-x86_64-i386-64bit)
        Python/3.7.7 (Darwin-17.7.0-x86_64-i386-64bit)
    method: POST
    uri: https://westus2.ppe.cognitiveservices.azure.com/text/analytics/v3.0/languages?showStats=false
  response:
    body:
      string: '{"error":{"code":"401","message": "Access denied due to invalid subscription
        key or wrong API endpoint. Make sure to provide a valid key for an active
        subscription and use a correct regional API endpoint for your resource."}}'
    headers:
      apim-request-id:
      - 31441793-fb2f-4200-b78f-6d8b4368255d
      content-length:
      - '225'
      content-type:
      - application/json
      date:
      - Mon, 27 Apr 2020 17:33:54 GMT
      strict-transport-security:
      - max-age=31536000; includeSubDomains; preload
      www-authenticate:
      - AzureApiManagementKey realm="https://westus2.ppe.cognitiveservices.azure.com/text/analytics",name="Ocp-Apim-Subscription-Key",type="header"
      x-content-type-options:
      - nosniff
    status:
      code: 401
      message: Access Denied
- request:
    body: '{"documents": [{"id": "1", "text": "I will go to the park.", "countryHint":
      "US"}, {"id": "2", "text": "I did not like the hotel we stayed at.", "countryHint":
      "US"}, {"id": "3", "text": "The restaurant had really good food.", "countryHint":
      "US"}]}'
    headers:
      Accept:
      - application/json
      Accept-Encoding:
      - gzip, deflate
      Connection:
      - keep-alive
      Content-Length:
      - '249'
      Content-Type:
      - application/json
      User-Agent:
      - azsdk-python-ai-textanalytics/1.0.0b5 Python/3.7.7 (Darwin-17.7.0-x86_64-i386-64bit)
        Python/3.7.7 (Darwin-17.7.0-x86_64-i386-64bit)
    method: POST
    uri: https://westus2.ppe.cognitiveservices.azure.com/text/analytics/v3.0/languages?showStats=false
  response:
    body:
      string: '{"documents":[{"id":"1","detectedLanguage":{"name":"English","iso6391Name":"en","confidenceScore":1.0},"warnings":[]},{"id":"2","detectedLanguage":{"name":"English","iso6391Name":"en","confidenceScore":1.0},"warnings":[]},{"id":"3","detectedLanguage":{"name":"English","iso6391Name":"en","confidenceScore":1.0},"warnings":[]}],"errors":[],"modelVersion":"2019-10-01"}'
    headers:
      apim-request-id:
      - dba3bf6c-e7db-423b-8e1e-52505341379a
      content-type:
      - application/json; charset=utf-8
      csp-billing-usage:
      - CognitiveServices.TextAnalytics.BatchScoring=3
      date:
      - Mon, 27 Apr 2020 17:33:54 GMT
      strict-transport-security:
      - max-age=31536000; includeSubDomains; preload
      transfer-encoding:
      - chunked
      x-content-type-options:
      - nosniff
      x-envoy-upstream-service-time:
      - '3'
    status:
      code: 200
      message: OK
version: 1
