{
  "Entries": [
    {
      "RequestUri": "https://fakeendpoint.cognitiveservices.azure.com/language/:analyze-text?api-version=2022-05-01",
      "RequestMethod": "POST",
      "RequestHeaders": {
        "Accept": "application/json",
        "Accept-Encoding": "gzip, deflate",
        "Content-Length": "315",
        "Content-Type": "application/json",
        "User-Agent": "azsdk-python-ai-textanalytics/5.2.0b5 Python/3.10.0 (Windows-10-10.0.22000-SP0)"
      },
      "RequestBody": {
        "kind": "LanguageDetection",
        "analysisInput": {
          "documents": [
            {
              "id": "1",
              "text": "I will go to the park.",
              "countryHint": "US"
            },
            {
              "id": "2",
              "text": "I did not like the hotel we stayed at.",
              "countryHint": "US"
            },
            {
              "id": "3",
              "text": "The restaurant had really good food.",
              "countryHint": "US"
            }
          ]
        },
        "parameters": {}
      },
      "StatusCode": 200,
      "ResponseHeaders": {
        "apim-request-id": "3c2eeb2c-e4e8-4dbf-bd74-6310cf09338a",
        "Content-Length": "415",
        "Content-Type": "application/json; charset=utf-8",
        "csp-billing-usage": "CognitiveServices.TextAnalytics.BatchScoring=3,CognitiveServices.TextAnalytics.TextRecords=3",
        "Date": "Wed, 08 Jun 2022 01:34:01 GMT",
        "Strict-Transport-Security": "max-age=31536000; includeSubDomains; preload",
        "X-Content-Type-Options": "nosniff",
        "x-envoy-upstream-service-time": "10"
      },
      "ResponseBody": {
        "kind": "LanguageDetectionResults",
        "results": {
          "documents": [
            {
              "id": "1",
              "detectedLanguage": {
                "name": "English",
                "iso6391Name": "en",
                "confidenceScore": 0.98
              },
              "warnings": []
            },
            {
              "id": "2",
              "detectedLanguage": {
                "name": "English",
                "iso6391Name": "en",
                "confidenceScore": 1.0
              },
              "warnings": []
            },
            {
              "id": "3",
              "detectedLanguage": {
                "name": "English",
                "iso6391Name": "en",
                "confidenceScore": 0.99
              },
              "warnings": []
            }
          ],
          "errors": [],
          "modelVersion": "2021-11-20"
        }
      }
    },
    {
      "RequestUri": "https://fakeendpoint.cognitiveservices.azure.com/language/:analyze-text?api-version=2022-05-01",
      "RequestMethod": "POST",
      "RequestHeaders": {
        "Accept": "application/json",
        "Accept-Encoding": "gzip, deflate",
        "Content-Length": "315",
        "Content-Type": "application/json",
        "User-Agent": "azsdk-python-ai-textanalytics/5.2.0b5 Python/3.10.0 (Windows-10-10.0.22000-SP0)"
      },
      "RequestBody": {
        "kind": "LanguageDetection",
        "analysisInput": {
          "documents": [
            {
              "id": "1",
              "text": "I will go to the park.",
              "countryHint": "US"
            },
            {
              "id": "2",
              "text": "I did not like the hotel we stayed at.",
              "countryHint": "US"
            },
            {
              "id": "3",
              "text": "The restaurant had really good food.",
              "countryHint": "US"
            }
          ]
        },
        "parameters": {}
      },
      "StatusCode": 401,
      "ResponseHeaders": {
        "apim-request-id": "1706a2e8-5080-4866-a7d0-48e9e364c8c3",
        "Content-Length": "224",
        "Content-Type": "application/json",
        "Date": "Wed, 08 Jun 2022 01:34:01 GMT"
      },
      "ResponseBody": {
        "error": {
          "code": "401",
          "message": "Access denied due to invalid subscription key or wrong API endpoint. Make sure to provide a valid key for an active subscription and use a correct regional API endpoint for your resource."
        }
      }
    },
    {
      "RequestUri": "https://fakeendpoint.cognitiveservices.azure.com/language/:analyze-text?api-version=2022-05-01",
      "RequestMethod": "POST",
      "RequestHeaders": {
        "Accept": "application/json",
        "Accept-Encoding": "gzip, deflate",
        "Content-Length": "315",
        "Content-Type": "application/json",
        "User-Agent": "azsdk-python-ai-textanalytics/5.2.0b5 Python/3.10.0 (Windows-10-10.0.22000-SP0)"
      },
      "RequestBody": {
        "kind": "LanguageDetection",
        "analysisInput": {
          "documents": [
            {
              "id": "1",
              "text": "I will go to the park.",
              "countryHint": "US"
            },
            {
              "id": "2",
              "text": "I did not like the hotel we stayed at.",
              "countryHint": "US"
            },
            {
              "id": "3",
              "text": "The restaurant had really good food.",
              "countryHint": "US"
            }
          ]
        },
        "parameters": {}
      },
      "StatusCode": 200,
      "ResponseHeaders": {
        "apim-request-id": "fe6fa4df-3a1c-41f2-8fd9-6ed77a6a2805",
        "Content-Length": "415",
        "Content-Type": "application/json; charset=utf-8",
        "csp-billing-usage": "CognitiveServices.TextAnalytics.BatchScoring=3,CognitiveServices.TextAnalytics.TextRecords=3",
        "Date": "Wed, 08 Jun 2022 01:34:01 GMT",
        "Strict-Transport-Security": "max-age=31536000; includeSubDomains; preload",
        "X-Content-Type-Options": "nosniff",
        "x-envoy-upstream-service-time": "9"
      },
      "ResponseBody": {
        "kind": "LanguageDetectionResults",
        "results": {
          "documents": [
            {
              "id": "1",
              "detectedLanguage": {
                "name": "English",
                "iso6391Name": "en",
                "confidenceScore": 0.98
              },
              "warnings": []
            },
            {
              "id": "2",
              "detectedLanguage": {
                "name": "English",
                "iso6391Name": "en",
                "confidenceScore": 1.0
              },
              "warnings": []
            },
            {
              "id": "3",
              "detectedLanguage": {
                "name": "English",
                "iso6391Name": "en",
                "confidenceScore": 0.99
              },
              "warnings": []
            }
          ],
          "errors": [],
          "modelVersion": "2021-11-20"
        }
      }
    }
  ],
  "Variables": {}
}
