interactions:
- request:
    body: '{"documents": [{"id": "1", "text": "I will go to the park.", "language":
      "es"}, {"id": "2", "text": "I did not like the hotel we stayed at.", "language":
      "es"}, {"id": "3", "text": "The restaurant had really good food.", "language":
      "es"}]}'
    headers:
      Accept:
      - application/json
      Content-Length:
      - '240'
      Content-Type:
      - application/json; charset=utf-8
      User-Agent:
      - azsdk-python-azure-ai-textanalytics/1.0.0b3 Python/3.6.6 (Windows-10-10.0.18362-SP0)
      X-BingApis-SDK-Client:
      - Python-SDK
    method: POST
    uri: https://westus2.api.cognitive.microsoft.com/text/analytics/v3.0-preview.1/sentiment?showStats=false
  response:
    body:
      string: '{"documents":[{"id":"1","sentiment":"neutral","documentScores":{"positive":0.04,"neutral":0.95,"negative":0.01},"sentences":[{"sentiment":"neutral","sentenceScores":{"positive":0.04,"neutral":0.95,"negative":0.01},"offset":0,"length":22}]},{"id":"2","sentiment":"neutral","documentScores":{"positive":0.01,"neutral":0.5,"negative":0.49},"sentences":[{"sentiment":"neutral","sentenceScores":{"positive":0.01,"neutral":0.5,"negative":0.49},"offset":0,"length":38}]},{"id":"3","sentiment":"positive","documentScores":{"positive":0.97,"neutral":0.02,"negative":0.01},"sentences":[{"sentiment":"positive","sentenceScores":{"positive":0.97,"neutral":0.02,"negative":0.01},"offset":0,"length":36}]}],"errors":[],"modelVersion":"2019-10-01"}'
    headers:
      apim-request-id: db4ffcb4-a099-415b-bdae-dbb9b5a131a3
      content-type: application/json; charset=utf-8
      csp-billing-usage: CognitiveServices.TextAnalytics.BatchScoring=3
      date: Mon, 02 Mar 2020 19:30:55 GMT
      strict-transport-security: max-age=31536000; includeSubDomains; preload
      transfer-encoding: chunked
      x-content-type-options: nosniff
      x-envoy-upstream-service-time: '74'
    status:
      code: 200
      message: OK
    url: https://westus2.api.cognitive.microsoft.com//text/analytics/v3.0-preview.1/sentiment?showStats=false
- request:
    body: '{"documents": [{"id": "1", "text": "I will go to the park.", "language":
      "en"}, {"id": "2", "text": "I did not like the hotel we stayed at.", "language":
      "en"}, {"id": "3", "text": "The restaurant had really good food.", "language":
      "en"}]}'
    headers:
      Accept:
      - application/json
      Content-Length:
      - '240'
      Content-Type:
      - application/json; charset=utf-8
      User-Agent:
      - azsdk-python-azure-ai-textanalytics/1.0.0b3 Python/3.6.6 (Windows-10-10.0.18362-SP0)
      X-BingApis-SDK-Client:
      - Python-SDK
    method: POST
    uri: https://westus2.api.cognitive.microsoft.com/text/analytics/v3.0-preview.1/sentiment?showStats=false
  response:
    body:
      string: '{"documents":[{"id":"1","sentiment":"neutral","documentScores":{"positive":0.09,"neutral":0.9,"negative":0.01},"sentences":[{"sentiment":"neutral","sentenceScores":{"positive":0.09,"neutral":0.9,"negative":0.01},"offset":0,"length":22}]},{"id":"2","sentiment":"negative","documentScores":{"positive":0.01,"neutral":0.45,"negative":0.54},"sentences":[{"sentiment":"negative","sentenceScores":{"positive":0.01,"neutral":0.45,"negative":0.54},"offset":0,"length":38}]},{"id":"3","sentiment":"positive","documentScores":{"positive":1.0,"neutral":0.0,"negative":0.0},"sentences":[{"sentiment":"positive","sentenceScores":{"positive":1.0,"neutral":0.0,"negative":0.0},"offset":0,"length":36}]}],"errors":[],"modelVersion":"2019-10-01"}'
    headers:
      apim-request-id: 920a4cbb-34f5-49a4-b066-1f98fd3fe9b6
      content-type: application/json; charset=utf-8
      csp-billing-usage: CognitiveServices.TextAnalytics.BatchScoring=3
      date: Mon, 02 Mar 2020 19:30:55 GMT
      strict-transport-security: max-age=31536000; includeSubDomains; preload
      transfer-encoding: chunked
      x-content-type-options: nosniff
      x-envoy-upstream-service-time: '61'
    status:
      code: 200
      message: OK
    url: https://westus2.api.cognitive.microsoft.com//text/analytics/v3.0-preview.1/sentiment?showStats=false
- request:
    body: '{"documents": [{"id": "1", "text": "I will go to the park.", "language":
      "es"}, {"id": "2", "text": "I did not like the hotel we stayed at.", "language":
      "es"}, {"id": "3", "text": "The restaurant had really good food.", "language":
      "es"}]}'
    headers:
      Accept:
      - application/json
      Content-Length:
      - '240'
      Content-Type:
      - application/json; charset=utf-8
      User-Agent:
      - azsdk-python-azure-ai-textanalytics/1.0.0b3 Python/3.6.6 (Windows-10-10.0.18362-SP0)
      X-BingApis-SDK-Client:
      - Python-SDK
    method: POST
    uri: https://westus2.api.cognitive.microsoft.com/text/analytics/v3.0-preview.1/sentiment?showStats=false
  response:
    body:
      string: '{"documents":[{"id":"1","sentiment":"neutral","documentScores":{"positive":0.04,"neutral":0.95,"negative":0.01},"sentences":[{"sentiment":"neutral","sentenceScores":{"positive":0.04,"neutral":0.95,"negative":0.01},"offset":0,"length":22}]},{"id":"2","sentiment":"neutral","documentScores":{"positive":0.01,"neutral":0.5,"negative":0.49},"sentences":[{"sentiment":"neutral","sentenceScores":{"positive":0.01,"neutral":0.5,"negative":0.49},"offset":0,"length":38}]},{"id":"3","sentiment":"positive","documentScores":{"positive":0.97,"neutral":0.02,"negative":0.01},"sentences":[{"sentiment":"positive","sentenceScores":{"positive":0.97,"neutral":0.02,"negative":0.01},"offset":0,"length":36}]}],"errors":[],"modelVersion":"2019-10-01"}'
    headers:
      apim-request-id: a81425c3-853c-4d91-bb37-bc06a93d2f67
      content-type: application/json; charset=utf-8
      csp-billing-usage: CognitiveServices.TextAnalytics.BatchScoring=3
      date: Mon, 02 Mar 2020 19:30:56 GMT
      strict-transport-security: max-age=31536000; includeSubDomains; preload
      transfer-encoding: chunked
      x-content-type-options: nosniff
      x-envoy-upstream-service-time: '70'
    status:
      code: 200
      message: OK
    url: https://westus2.api.cognitive.microsoft.com//text/analytics/v3.0-preview.1/sentiment?showStats=false
version: 1
