interactions:
- request:
    body: '{"tasks": {"entityRecognitionTasks": [], "entityRecognitionPiiTasks": [{"parameters":
      {"model-version": "latest", "loggingOptOut": false, "piiCategories": ["USSocialSecurityNumber",
      "ABARoutingNumber"], "stringIndexType": "UnicodeCodePoint"}, "taskName": "0"}],
      "keyPhraseExtractionTasks": [], "entityLinkingTasks": [], "sentimentAnalysisTasks":
      []}, "analysisInput": {"documents": [{"id": "1", "text": "My SSN is 859-98-0987.",
      "language": "en"}, {"id": "2", "text": "Your ABA number - 111000025 - is the
      first 9 digits in the lower left hand corner of your personal check.", "language":
      "en"}, {"id": "3", "text": "Is 998.214.865-68 your Brazilian CPF number?", "language":
      "en"}]}}'
    headers:
      Accept:
      - application/json, text/json
      Content-Length:
      - '684'
      Content-Type:
      - application/json
      User-Agent:
      - azsdk-python-ai-textanalytics/5.1.0 Python/3.9.0 (Windows-10-10.0.19041-SP0)
    method: POST
    uri: https://westus2.api.cognitive.microsoft.com/text/analytics/v3.1/analyze
  response:
    body:
      string: ''
    headers:
      apim-request-id: 4627a41c-ebbd-4f7a-bbb3-1c4e1024247c
      date: Thu, 24 Jun 2021 00:09:05 GMT
      operation-location: https://westus2.api.cognitive.microsoft.com/text/analytics/v3.1/analyze/jobs/ffd62168-e38c-4b39-adfe-492a5e059842
      strict-transport-security: max-age=31536000; includeSubDomains; preload
      transfer-encoding: chunked
      x-content-type-options: nosniff
      x-envoy-upstream-service-time: '251'
    status:
      code: 202
      message: Accepted
    url: https://textanalyticskrpratictextanalytics.cognitiveservices.azure.com//text/analytics/v3.1/analyze
- request:
    body: null
    headers:
      User-Agent:
      - azsdk-python-ai-textanalytics/5.1.0 Python/3.9.0 (Windows-10-10.0.19041-SP0)
    method: GET
    uri: https://westus2.api.cognitive.microsoft.com/text/analytics/v3.1/analyze/jobs/ffd62168-e38c-4b39-adfe-492a5e059842
  response:
    body:
      string: '{"jobId":"ffd62168-e38c-4b39-adfe-492a5e059842","lastUpdateDateTime":"2021-06-24T00:09:06Z","createdDateTime":"2021-06-24T00:09:06Z","expirationDateTime":"2021-06-25T00:09:06Z","status":"running","errors":[],"displayName":"NA","tasks":{"completed":0,"failed":0,"inProgress":1,"total":1}}'
    headers:
      apim-request-id: 275f9c49-d4e6-4593-a985-e1dc5f567f2e
      content-type: application/json; charset=utf-8
      date: Thu, 24 Jun 2021 00:09:10 GMT
      strict-transport-security: max-age=31536000; includeSubDomains; preload
      transfer-encoding: chunked
      x-content-type-options: nosniff
      x-envoy-upstream-service-time: '7'
    status:
      code: 200
      message: OK
    url: https://textanalyticskrpratictextanalytics.cognitiveservices.azure.com/text/analytics/v3.1/analyze/jobs/ffd62168-e38c-4b39-adfe-492a5e059842
- request:
    body: null
    headers:
      User-Agent:
      - azsdk-python-ai-textanalytics/5.1.0 Python/3.9.0 (Windows-10-10.0.19041-SP0)
    method: GET
    uri: https://westus2.api.cognitive.microsoft.com/text/analytics/v3.1/analyze/jobs/ffd62168-e38c-4b39-adfe-492a5e059842
  response:
    body:
      string: '{"jobId":"ffd62168-e38c-4b39-adfe-492a5e059842","lastUpdateDateTime":"2021-06-24T00:09:06Z","createdDateTime":"2021-06-24T00:09:06Z","expirationDateTime":"2021-06-25T00:09:06Z","status":"running","errors":[],"displayName":"NA","tasks":{"completed":0,"failed":0,"inProgress":1,"total":1}}'
    headers:
      apim-request-id: c782eda8-066c-4782-847a-5f86f3c499bb
      content-type: application/json; charset=utf-8
      date: Thu, 24 Jun 2021 00:09:15 GMT
      strict-transport-security: max-age=31536000; includeSubDomains; preload
      transfer-encoding: chunked
      x-content-type-options: nosniff
      x-envoy-upstream-service-time: '54'
    status:
      code: 200
      message: OK
    url: https://textanalyticskrpratictextanalytics.cognitiveservices.azure.com/text/analytics/v3.1/analyze/jobs/ffd62168-e38c-4b39-adfe-492a5e059842
- request:
    body: null
    headers:
      User-Agent:
      - azsdk-python-ai-textanalytics/5.1.0 Python/3.9.0 (Windows-10-10.0.19041-SP0)
    method: GET
    uri: https://westus2.api.cognitive.microsoft.com/text/analytics/v3.1/analyze/jobs/ffd62168-e38c-4b39-adfe-492a5e059842
  response:
    body:
      string: '{"jobId":"ffd62168-e38c-4b39-adfe-492a5e059842","lastUpdateDateTime":"2021-06-24T00:09:06Z","createdDateTime":"2021-06-24T00:09:06Z","expirationDateTime":"2021-06-25T00:09:06Z","status":"running","errors":[],"displayName":"NA","tasks":{"completed":0,"failed":0,"inProgress":1,"total":1}}'
    headers:
      apim-request-id: 90d5593d-02ec-4a71-a926-29dd214f950f
      content-type: application/json; charset=utf-8
      date: Thu, 24 Jun 2021 00:09:20 GMT
      strict-transport-security: max-age=31536000; includeSubDomains; preload
      transfer-encoding: chunked
      x-content-type-options: nosniff
      x-envoy-upstream-service-time: '6'
    status:
      code: 200
      message: OK
    url: https://textanalyticskrpratictextanalytics.cognitiveservices.azure.com/text/analytics/v3.1/analyze/jobs/ffd62168-e38c-4b39-adfe-492a5e059842
- request:
    body: null
    headers:
      User-Agent:
      - azsdk-python-ai-textanalytics/5.1.0 Python/3.9.0 (Windows-10-10.0.19041-SP0)
    method: GET
    uri: https://westus2.api.cognitive.microsoft.com/text/analytics/v3.1/analyze/jobs/ffd62168-e38c-4b39-adfe-492a5e059842
  response:
    body:
      string: '{"jobId":"ffd62168-e38c-4b39-adfe-492a5e059842","lastUpdateDateTime":"2021-06-24T00:09:24Z","createdDateTime":"2021-06-24T00:09:06Z","expirationDateTime":"2021-06-25T00:09:06Z","status":"succeeded","errors":[],"displayName":"NA","tasks":{"completed":1,"failed":0,"inProgress":0,"total":1,"entityRecognitionPiiTasks":[{"lastUpdateDateTime":"2021-06-24T00:09:24.1087032Z","taskName":"0","state":"succeeded","results":{"documents":[{"redactedText":"My
        SSN is ***********.","id":"1","entities":[{"text":"859-98-0987","category":"USSocialSecurityNumber","offset":10,"length":11,"confidenceScore":0.65}],"warnings":[]},{"redactedText":"Your
        ABA number - ********* - is the first 9 digits in the lower left hand corner
        of your personal check.","id":"2","entities":[{"text":"111000025","category":"ABARoutingNumber","offset":18,"length":9,"confidenceScore":0.75}],"warnings":[]},{"redactedText":"Is
        998.214.865-68 your Brazilian CPF number?","id":"3","entities":[],"warnings":[]}],"errors":[],"modelVersion":"2021-01-15"}}]}}'
    headers:
      apim-request-id: 24fb71e4-e1ea-4447-b248-16f6af45ae95
      content-type: application/json; charset=utf-8
      date: Thu, 24 Jun 2021 00:09:26 GMT
      strict-transport-security: max-age=31536000; includeSubDomains; preload
      transfer-encoding: chunked
      x-content-type-options: nosniff
      x-envoy-upstream-service-time: '71'
    status:
      code: 200
      message: OK
    url: https://textanalyticskrpratictextanalytics.cognitiveservices.azure.com/text/analytics/v3.1/analyze/jobs/ffd62168-e38c-4b39-adfe-492a5e059842
version: 1
