interactions:
- request:
    body: '{"documents": [{"id": "1", "text": "I will go to the park.", "language":
      "en"}, {"id": "2", "text": "I did not like the hotel we stayed at.", "language":
      "en"}, {"id": "3", "text": "The restaurant had really good food.", "language":
      "en"}]}'
    headers:
      Accept:
      - application/json
      Content-Length:
      - '240'
      Content-Type:
      - application/json
      User-Agent:
      - azsdk-python-ai-textanalytics/1.0.0b4 Python/3.7.7 (Darwin-17.7.0-x86_64-i386-64bit)
        Python/3.7.7 (Darwin-17.7.0-x86_64-i386-64bit)
    method: POST
    uri: https://westus2.api.cognitive.microsoft.com/text/analytics/v3.0-preview.1/sentiment?showStats=false
  response:
    body:
      string: '{"documents":[{"id":"1","sentiment":"neutral","documentScores":{"positive":0.09,"neutral":0.9,"negative":0.01},"sentences":[{"sentiment":"neutral","sentenceScores":{"positive":0.09,"neutral":0.9,"negative":0.01},"offset":0,"length":22}]},{"id":"2","sentiment":"negative","documentScores":{"positive":0.01,"neutral":0.45,"negative":0.54},"sentences":[{"sentiment":"negative","sentenceScores":{"positive":0.01,"neutral":0.45,"negative":0.54},"offset":0,"length":38}]},{"id":"3","sentiment":"positive","documentScores":{"positive":1.0,"neutral":0.0,"negative":0.0},"sentences":[{"sentiment":"positive","sentenceScores":{"positive":1.0,"neutral":0.0,"negative":0.0},"offset":0,"length":36}]}],"errors":[],"modelVersion":"2019-10-01"}'
    headers:
      apim-request-id: 5f331bb7-bea0-45ce-86ed-3ba820313e4b
      content-type: application/json; charset=utf-8
      csp-billing-usage: CognitiveServices.TextAnalytics.BatchScoring=3
      date: Thu, 02 Apr 2020 15:06:17 GMT
      strict-transport-security: max-age=31536000; includeSubDomains; preload
      transfer-encoding: chunked
      x-content-type-options: nosniff
      x-envoy-upstream-service-time: '106'
    status:
      code: 200
      message: OK
    url: https://westus2.api.cognitive.microsoft.com//text/analytics/v3.0-preview.1/sentiment?showStats=false
- request:
    body: '{"documents": [{"id": "1", "text": "I will go to the park.", "language":
      "en"}, {"id": "2", "text": "I did not like the hotel we stayed at.", "language":
      "en"}, {"id": "3", "text": "The restaurant had really good food.", "language":
      "en"}]}'
    headers:
      Accept:
      - application/json
      Content-Length:
      - '240'
      Content-Type:
      - application/json
      User-Agent:
      - azsdk-python-ai-textanalytics/1.0.0b4 Python/3.7.7 (Darwin-17.7.0-x86_64-i386-64bit)
        Python/3.7.7 (Darwin-17.7.0-x86_64-i386-64bit)
    method: POST
    uri: https://westus2.api.cognitive.microsoft.com/text/analytics/v3.0-preview.1/sentiment?showStats=false
  response:
    body:
      string: '{"error":{"code":"401","message":"Access denied due to invalid subscription
        key or wrong API endpoint. Make sure to provide a valid key for an active
        subscription and use a correct regional API endpoint for your resource."}}'
    headers:
      content-length: '224'
      date: Thu, 02 Apr 2020 15:06:17 GMT
    status:
      code: 401
      message: PermissionDenied
    url: https://westus2.api.cognitive.microsoft.com//text/analytics/v3.0-preview.1/sentiment?showStats=false
- request:
    body: '{"documents": [{"id": "1", "text": "I will go to the park.", "language":
      "en"}, {"id": "2", "text": "I did not like the hotel we stayed at.", "language":
      "en"}, {"id": "3", "text": "The restaurant had really good food.", "language":
      "en"}]}'
    headers:
      Accept:
      - application/json
      Content-Length:
      - '240'
      Content-Type:
      - application/json
      User-Agent:
      - azsdk-python-ai-textanalytics/1.0.0b4 Python/3.7.7 (Darwin-17.7.0-x86_64-i386-64bit)
        Python/3.7.7 (Darwin-17.7.0-x86_64-i386-64bit)
    method: POST
    uri: https://westus2.api.cognitive.microsoft.com/text/analytics/v3.0-preview.1/sentiment?showStats=false
  response:
    body:
      string: '{"documents":[{"id":"1","sentiment":"neutral","documentScores":{"positive":0.09,"neutral":0.9,"negative":0.01},"sentences":[{"sentiment":"neutral","sentenceScores":{"positive":0.09,"neutral":0.9,"negative":0.01},"offset":0,"length":22}]},{"id":"2","sentiment":"negative","documentScores":{"positive":0.01,"neutral":0.45,"negative":0.54},"sentences":[{"sentiment":"negative","sentenceScores":{"positive":0.01,"neutral":0.45,"negative":0.54},"offset":0,"length":38}]},{"id":"3","sentiment":"positive","documentScores":{"positive":1.0,"neutral":0.0,"negative":0.0},"sentences":[{"sentiment":"positive","sentenceScores":{"positive":1.0,"neutral":0.0,"negative":0.0},"offset":0,"length":36}]}],"errors":[],"modelVersion":"2019-10-01"}'
    headers:
      apim-request-id: 6cfa1ac6-5b70-4385-91be-caf344fdc4b4
      content-type: application/json; charset=utf-8
      csp-billing-usage: CognitiveServices.TextAnalytics.BatchScoring=3
      date: Thu, 02 Apr 2020 15:06:17 GMT
      strict-transport-security: max-age=31536000; includeSubDomains; preload
      transfer-encoding: chunked
      x-content-type-options: nosniff
      x-envoy-upstream-service-time: '112'
    status:
      code: 200
      message: OK
    url: https://westus2.api.cognitive.microsoft.com//text/analytics/v3.0-preview.1/sentiment?showStats=false
version: 1
