interactions:
- request:
    body: '{"documents": [{"id": "1", "text": "I will go to the park.", "language":
      "en"}, {"id": "2", "text": "I did not like the hotel we stayed at.", "language":
      "en"}, {"id": "3", "text": "The restaurant had really good food.", "language":
      "en"}]}'
    headers:
      Accept:
      - application/json
      Content-Length:
      - '240'
      Content-Type:
      - application/json
      User-Agent:
      - azsdk-python-ai-textanalytics/1.0.0b6 Python/3.7.7 (Darwin-17.7.0-x86_64-i386-64bit)
        Python/3.7.7 (Darwin-17.7.0-x86_64-i386-64bit)
    method: POST
    uri: https://westus2.api.cognitive.microsoft.com/text/analytics/v3.0/keyPhrases?showStats=false
  response:
    body:
      string: '{"documents":[{"id":"1","keyPhrases":["park"],"warnings":[]},{"id":"2","keyPhrases":["hotel"],"warnings":[]},{"id":"3","keyPhrases":["restaurant","good
        food"],"warnings":[]}],"errors":[],"modelVersion":"2019-10-01"}'
    headers:
      apim-request-id: d37420ac-5cd2-4e55-821c-5723eecc8c4c
      content-type: application/json; charset=utf-8
      csp-billing-usage: CognitiveServices.TextAnalytics.BatchScoring=3
      date: Wed, 27 May 2020 16:04:09 GMT
      strict-transport-security: max-age=31536000; includeSubDomains; preload
      transfer-encoding: chunked
      x-content-type-options: nosniff
      x-envoy-upstream-service-time: '8'
    status:
      code: 200
      message: OK
    url: https://westus2.api.cognitive.microsoft.com//text/analytics/v3.0/keyPhrases?showStats=false
- request:
    body: '{"documents": [{"id": "1", "text": "I will go to the park.", "language":
      "en"}, {"id": "2", "text": "I did not like the hotel we stayed at.", "language":
      "en"}, {"id": "3", "text": "The restaurant had really good food.", "language":
      "en"}]}'
    headers:
      Accept:
      - application/json
      Content-Length:
      - '240'
      Content-Type:
      - application/json
      User-Agent:
      - azsdk-python-ai-textanalytics/1.0.0b6 Python/3.7.7 (Darwin-17.7.0-x86_64-i386-64bit)
        Python/3.7.7 (Darwin-17.7.0-x86_64-i386-64bit)
    method: POST
    uri: https://westus2.api.cognitive.microsoft.com/text/analytics/v3.0/keyPhrases?showStats=false
  response:
    body:
      string: '{"error":{"code":"401","message":"Access denied due to invalid subscription
        key or wrong API endpoint. Make sure to provide a valid key for an active
        subscription and use a correct regional API endpoint for your resource."}}'
    headers:
      content-length: '224'
      date: Wed, 27 May 2020 16:04:09 GMT
    status:
      code: 401
      message: PermissionDenied
    url: https://westus2.api.cognitive.microsoft.com//text/analytics/v3.0/keyPhrases?showStats=false
- request:
    body: '{"documents": [{"id": "1", "text": "I will go to the park.", "language":
      "en"}, {"id": "2", "text": "I did not like the hotel we stayed at.", "language":
      "en"}, {"id": "3", "text": "The restaurant had really good food.", "language":
      "en"}]}'
    headers:
      Accept:
      - application/json
      Content-Length:
      - '240'
      Content-Type:
      - application/json
      User-Agent:
      - azsdk-python-ai-textanalytics/1.0.0b6 Python/3.7.7 (Darwin-17.7.0-x86_64-i386-64bit)
        Python/3.7.7 (Darwin-17.7.0-x86_64-i386-64bit)
    method: POST
    uri: https://westus2.api.cognitive.microsoft.com/text/analytics/v3.0/keyPhrases?showStats=false
  response:
    body:
      string: '{"documents":[{"id":"1","keyPhrases":["park"],"warnings":[]},{"id":"2","keyPhrases":["hotel"],"warnings":[]},{"id":"3","keyPhrases":["restaurant","good
        food"],"warnings":[]}],"errors":[],"modelVersion":"2019-10-01"}'
    headers:
      apim-request-id: b69ff46d-06d1-4dd9-b9e4-6f98b229e58c
      content-type: application/json; charset=utf-8
      csp-billing-usage: CognitiveServices.TextAnalytics.BatchScoring=3
      date: Wed, 27 May 2020 16:04:10 GMT
      strict-transport-security: max-age=31536000; includeSubDomains; preload
      transfer-encoding: chunked
      x-content-type-options: nosniff
      x-envoy-upstream-service-time: '8'
    status:
      code: 200
      message: OK
    url: https://westus2.api.cognitive.microsoft.com//text/analytics/v3.0/keyPhrases?showStats=false
version: 1
