interactions:
- request:
    body: '{"tasks": {"entityRecognitionTasks": [{"parameters": {"model-version":
      "latest", "stringIndexType": "TextElements_v8"}}], "entityRecognitionPiiTasks":
      [{"parameters": {"model-version": "latest", "stringIndexType": "TextElements_v8"}}],
      "keyPhraseExtractionTasks": [{"parameters": {"model-version": "latest"}}]},
      "analysisInput": {"documents": [{"id": "1", "text": "This should fail because
      we''re passing in an invalid language hint", "language": "notalanguage"}]}}'
    headers:
      Accept:
      - application/json, text/json
      Accept-Encoding:
      - gzip, deflate
      Connection:
      - keep-alive
      Content-Length:
      - '464'
      Content-Type:
      - application/json
      User-Agent:
      - azsdk-python-ai-textanalytics/5.1.0b3 Python/3.8.5 (macOS-10.13.6-x86_64-i386-64bit)
    method: POST
    uri: https://westus2.api.cognitive.microsoft.com/text/analytics/v3.1-preview.3/analyze
  response:
    body:
      string: ''
    headers:
      apim-request-id:
      - 0387a950-cb1c-4c9f-97fe-a402d6384d78
      date:
      - Thu, 19 Nov 2020 21:12:52 GMT
      operation-location:
      - https://westus2.api.cognitive.microsoft.com/text/analytics/v3.1-preview.3/analyze/jobs/60ad8744-34f2-48e5-a328-ea29c407084c_637413408000000000
      strict-transport-security:
      - max-age=31536000; includeSubDomains; preload
      transfer-encoding:
      - chunked
      x-content-type-options:
      - nosniff
      x-envoy-upstream-service-time:
      - '39'
    status:
      code: 202
      message: Accepted
- request:
    body: null
    headers:
      Accept:
      - '*/*'
      Accept-Encoding:
      - gzip, deflate
      Connection:
      - keep-alive
      User-Agent:
      - azsdk-python-ai-textanalytics/5.1.0b3 Python/3.8.5 (macOS-10.13.6-x86_64-i386-64bit)
    method: GET
    uri: https://westus2.api.cognitive.microsoft.com/text/analytics/v3.1-preview.3/analyze/jobs/60ad8744-34f2-48e5-a328-ea29c407084c_637413408000000000
  response:
    body:
      string: '{"jobId":"60ad8744-34f2-48e5-a328-ea29c407084c_637413408000000000","lastUpdateDateTime":"2020-11-19T21:12:52Z","createdDateTime":"2020-11-19T21:12:52Z","expirationDateTime":"2020-11-20T21:12:52Z","status":"running","errors":[],"tasks":{"details":{"lastUpdateDateTime":"2020-11-19T21:12:52Z"},"completed":1,"failed":0,"inProgress":2,"total":3,"keyPhraseExtractionTasks":[{"lastUpdateDateTime":"2020-11-19T21:12:52.7117851Z","results":{"inTerminalState":true,"documents":[],"errors":[{"id":"1","error":{"code":"InvalidArgument","message":"Invalid
        language code. Supported languages: da,de,en,es,fi,fr,it,ja,ko,nl,no,pl,pt-BR,pt-PT,ru,sv"}}],"modelVersion":"2020-07-01"}}]}}'
    headers:
      apim-request-id:
      - b2b80fa6-b229-42da-9613-a31cf170d4f6
      content-type:
      - application/json; charset=utf-8
      date:
      - Thu, 19 Nov 2020 21:12:57 GMT
      strict-transport-security:
      - max-age=31536000; includeSubDomains; preload
      transfer-encoding:
      - chunked
      x-content-type-options:
      - nosniff
      x-envoy-upstream-service-time:
      - '116'
    status:
      code: 200
      message: OK
- request:
    body: null
    headers:
      Accept:
      - '*/*'
      Accept-Encoding:
      - gzip, deflate
      Connection:
      - keep-alive
      User-Agent:
      - azsdk-python-ai-textanalytics/5.1.0b3 Python/3.8.5 (macOS-10.13.6-x86_64-i386-64bit)
    method: GET
    uri: https://westus2.api.cognitive.microsoft.com/text/analytics/v3.1-preview.3/analyze/jobs/60ad8744-34f2-48e5-a328-ea29c407084c_637413408000000000
  response:
    body:
      string: '{"jobId":"60ad8744-34f2-48e5-a328-ea29c407084c_637413408000000000","lastUpdateDateTime":"2020-11-19T21:12:52Z","createdDateTime":"2020-11-19T21:12:52Z","expirationDateTime":"2020-11-20T21:12:52Z","status":"running","errors":[],"tasks":{"details":{"lastUpdateDateTime":"2020-11-19T21:12:52Z"},"completed":1,"failed":0,"inProgress":2,"total":3,"keyPhraseExtractionTasks":[{"lastUpdateDateTime":"2020-11-19T21:12:52.7117851Z","results":{"inTerminalState":true,"documents":[],"errors":[{"id":"1","error":{"code":"InvalidArgument","message":"Invalid
        language code. Supported languages: da,de,en,es,fi,fr,it,ja,ko,nl,no,pl,pt-BR,pt-PT,ru,sv"}}],"modelVersion":"2020-07-01"}}]}}'
    headers:
      apim-request-id:
      - 871374c1-4bfc-4b81-b0e6-e19a7e6d5b87
      content-type:
      - application/json; charset=utf-8
      date:
      - Thu, 19 Nov 2020 21:13:02 GMT
      strict-transport-security:
      - max-age=31536000; includeSubDomains; preload
      transfer-encoding:
      - chunked
      x-content-type-options:
      - nosniff
      x-envoy-upstream-service-time:
      - '146'
    status:
      code: 200
      message: OK
- request:
    body: null
    headers:
      Accept:
      - '*/*'
      Accept-Encoding:
      - gzip, deflate
      Connection:
      - keep-alive
      User-Agent:
      - azsdk-python-ai-textanalytics/5.1.0b3 Python/3.8.5 (macOS-10.13.6-x86_64-i386-64bit)
    method: GET
    uri: https://westus2.api.cognitive.microsoft.com/text/analytics/v3.1-preview.3/analyze/jobs/60ad8744-34f2-48e5-a328-ea29c407084c_637413408000000000
  response:
    body:
      string: '{"jobId":"60ad8744-34f2-48e5-a328-ea29c407084c_637413408000000000","lastUpdateDateTime":"2020-11-19T21:12:52Z","createdDateTime":"2020-11-19T21:12:52Z","expirationDateTime":"2020-11-20T21:12:52Z","status":"running","errors":[],"tasks":{"details":{"lastUpdateDateTime":"2020-11-19T21:12:52Z"},"completed":1,"failed":0,"inProgress":2,"total":3,"keyPhraseExtractionTasks":[{"lastUpdateDateTime":"2020-11-19T21:12:52.7117851Z","results":{"inTerminalState":true,"documents":[],"errors":[{"id":"1","error":{"code":"InvalidArgument","message":"Invalid
        language code. Supported languages: da,de,en,es,fi,fr,it,ja,ko,nl,no,pl,pt-BR,pt-PT,ru,sv"}}],"modelVersion":"2020-07-01"}}]}}'
    headers:
      apim-request-id:
      - ef7023db-d256-4146-a45a-b776a0390e7b
      content-type:
      - application/json; charset=utf-8
      date:
      - Thu, 19 Nov 2020 21:13:08 GMT
      strict-transport-security:
      - max-age=31536000; includeSubDomains; preload
      transfer-encoding:
      - chunked
      x-content-type-options:
      - nosniff
      x-envoy-upstream-service-time:
      - '101'
    status:
      code: 200
      message: OK
- request:
    body: null
    headers:
      Accept:
      - '*/*'
      Accept-Encoding:
      - gzip, deflate
      Connection:
      - keep-alive
      User-Agent:
      - azsdk-python-ai-textanalytics/5.1.0b3 Python/3.8.5 (macOS-10.13.6-x86_64-i386-64bit)
    method: GET
    uri: https://westus2.api.cognitive.microsoft.com/text/analytics/v3.1-preview.3/analyze/jobs/60ad8744-34f2-48e5-a328-ea29c407084c_637413408000000000
  response:
    body:
      string: '{"jobId":"60ad8744-34f2-48e5-a328-ea29c407084c_637413408000000000","lastUpdateDateTime":"2020-11-19T21:12:52Z","createdDateTime":"2020-11-19T21:12:52Z","expirationDateTime":"2020-11-20T21:12:52Z","status":"running","errors":[],"tasks":{"details":{"lastUpdateDateTime":"2020-11-19T21:12:52Z"},"completed":1,"failed":0,"inProgress":2,"total":3,"keyPhraseExtractionTasks":[{"lastUpdateDateTime":"2020-11-19T21:12:52.7117851Z","results":{"inTerminalState":true,"documents":[],"errors":[{"id":"1","error":{"code":"InvalidArgument","message":"Invalid
        language code. Supported languages: da,de,en,es,fi,fr,it,ja,ko,nl,no,pl,pt-BR,pt-PT,ru,sv"}}],"modelVersion":"2020-07-01"}}]}}'
    headers:
      apim-request-id:
      - 0fe094d8-faf4-4816-a94c-19986e7be27a
      content-type:
      - application/json; charset=utf-8
      date:
      - Thu, 19 Nov 2020 21:13:13 GMT
      strict-transport-security:
      - max-age=31536000; includeSubDomains; preload
      transfer-encoding:
      - chunked
      x-content-type-options:
      - nosniff
      x-envoy-upstream-service-time:
      - '93'
    status:
      code: 200
      message: OK
- request:
    body: null
    headers:
      Accept:
      - '*/*'
      Accept-Encoding:
      - gzip, deflate
      Connection:
      - keep-alive
      User-Agent:
      - azsdk-python-ai-textanalytics/5.1.0b3 Python/3.8.5 (macOS-10.13.6-x86_64-i386-64bit)
    method: GET
    uri: https://westus2.api.cognitive.microsoft.com/text/analytics/v3.1-preview.3/analyze/jobs/60ad8744-34f2-48e5-a328-ea29c407084c_637413408000000000
  response:
    body:
      string: '{"jobId":"60ad8744-34f2-48e5-a328-ea29c407084c_637413408000000000","lastUpdateDateTime":"2020-11-19T21:12:52Z","createdDateTime":"2020-11-19T21:12:52Z","expirationDateTime":"2020-11-20T21:12:52Z","status":"running","errors":[],"tasks":{"details":{"lastUpdateDateTime":"2020-11-19T21:12:52Z"},"completed":1,"failed":0,"inProgress":2,"total":3,"keyPhraseExtractionTasks":[{"lastUpdateDateTime":"2020-11-19T21:12:52.7117851Z","results":{"inTerminalState":true,"documents":[],"errors":[{"id":"1","error":{"code":"InvalidArgument","message":"Invalid
        language code. Supported languages: da,de,en,es,fi,fr,it,ja,ko,nl,no,pl,pt-BR,pt-PT,ru,sv"}}],"modelVersion":"2020-07-01"}}]}}'
    headers:
      apim-request-id:
      - f33f8a90-390e-4d2f-8c17-1b9c1debf40b
      content-type:
      - application/json; charset=utf-8
      date:
      - Thu, 19 Nov 2020 21:13:18 GMT
      strict-transport-security:
      - max-age=31536000; includeSubDomains; preload
      transfer-encoding:
      - chunked
      x-content-type-options:
      - nosniff
      x-envoy-upstream-service-time:
      - '119'
    status:
      code: 200
      message: OK
- request:
    body: null
    headers:
      Accept:
      - '*/*'
      Accept-Encoding:
      - gzip, deflate
      Connection:
      - keep-alive
      User-Agent:
      - azsdk-python-ai-textanalytics/5.1.0b3 Python/3.8.5 (macOS-10.13.6-x86_64-i386-64bit)
    method: GET
    uri: https://westus2.api.cognitive.microsoft.com/text/analytics/v3.1-preview.3/analyze/jobs/60ad8744-34f2-48e5-a328-ea29c407084c_637413408000000000
  response:
    body:
      string: '{"jobId":"60ad8744-34f2-48e5-a328-ea29c407084c_637413408000000000","lastUpdateDateTime":"2020-11-19T21:12:52Z","createdDateTime":"2020-11-19T21:12:52Z","expirationDateTime":"2020-11-20T21:12:52Z","status":"running","errors":[],"tasks":{"details":{"lastUpdateDateTime":"2020-11-19T21:12:52Z"},"completed":1,"failed":0,"inProgress":2,"total":3,"keyPhraseExtractionTasks":[{"lastUpdateDateTime":"2020-11-19T21:12:52.7117851Z","results":{"inTerminalState":true,"documents":[],"errors":[{"id":"1","error":{"code":"InvalidArgument","message":"Invalid
        language code. Supported languages: da,de,en,es,fi,fr,it,ja,ko,nl,no,pl,pt-BR,pt-PT,ru,sv"}}],"modelVersion":"2020-07-01"}}]}}'
    headers:
      apim-request-id:
      - 505c2c49-42cb-4c1d-bdf9-b6356a5e2c91
      content-type:
      - application/json; charset=utf-8
      date:
      - Thu, 19 Nov 2020 21:13:23 GMT
      strict-transport-security:
      - max-age=31536000; includeSubDomains; preload
      transfer-encoding:
      - chunked
      x-content-type-options:
      - nosniff
      x-envoy-upstream-service-time:
      - '157'
    status:
      code: 200
      message: OK
- request:
    body: null
    headers:
      Accept:
      - '*/*'
      Accept-Encoding:
      - gzip, deflate
      Connection:
      - keep-alive
      User-Agent:
      - azsdk-python-ai-textanalytics/5.1.0b3 Python/3.8.5 (macOS-10.13.6-x86_64-i386-64bit)
    method: GET
    uri: https://westus2.api.cognitive.microsoft.com/text/analytics/v3.1-preview.3/analyze/jobs/60ad8744-34f2-48e5-a328-ea29c407084c_637413408000000000
  response:
    body:
      string: '{"jobId":"60ad8744-34f2-48e5-a328-ea29c407084c_637413408000000000","lastUpdateDateTime":"2020-11-19T21:12:52Z","createdDateTime":"2020-11-19T21:12:52Z","expirationDateTime":"2020-11-20T21:12:52Z","status":"running","errors":[],"tasks":{"details":{"lastUpdateDateTime":"2020-11-19T21:12:52Z"},"completed":1,"failed":0,"inProgress":2,"total":3,"keyPhraseExtractionTasks":[{"lastUpdateDateTime":"2020-11-19T21:12:52.7117851Z","results":{"inTerminalState":true,"documents":[],"errors":[{"id":"1","error":{"code":"InvalidArgument","message":"Invalid
        language code. Supported languages: da,de,en,es,fi,fr,it,ja,ko,nl,no,pl,pt-BR,pt-PT,ru,sv"}}],"modelVersion":"2020-07-01"}}]}}'
    headers:
      apim-request-id:
      - 2e9e614b-6f89-4437-9c9c-2350388dd192
      content-type:
      - application/json; charset=utf-8
      date:
      - Thu, 19 Nov 2020 21:13:29 GMT
      strict-transport-security:
      - max-age=31536000; includeSubDomains; preload
      transfer-encoding:
      - chunked
      x-content-type-options:
      - nosniff
      x-envoy-upstream-service-time:
      - '94'
    status:
      code: 200
      message: OK
- request:
    body: null
    headers:
      Accept:
      - '*/*'
      Accept-Encoding:
      - gzip, deflate
      Connection:
      - keep-alive
      User-Agent:
      - azsdk-python-ai-textanalytics/5.1.0b3 Python/3.8.5 (macOS-10.13.6-x86_64-i386-64bit)
    method: GET
    uri: https://westus2.api.cognitive.microsoft.com/text/analytics/v3.1-preview.3/analyze/jobs/60ad8744-34f2-48e5-a328-ea29c407084c_637413408000000000
  response:
    body:
      string: '{"jobId":"60ad8744-34f2-48e5-a328-ea29c407084c_637413408000000000","lastUpdateDateTime":"2020-11-19T21:12:52Z","createdDateTime":"2020-11-19T21:12:52Z","expirationDateTime":"2020-11-20T21:12:52Z","status":"running","errors":[],"tasks":{"details":{"lastUpdateDateTime":"2020-11-19T21:12:52Z"},"completed":1,"failed":0,"inProgress":2,"total":3,"keyPhraseExtractionTasks":[{"lastUpdateDateTime":"2020-11-19T21:12:52.7117851Z","results":{"inTerminalState":true,"documents":[],"errors":[{"id":"1","error":{"code":"InvalidArgument","message":"Invalid
        language code. Supported languages: da,de,en,es,fi,fr,it,ja,ko,nl,no,pl,pt-BR,pt-PT,ru,sv"}}],"modelVersion":"2020-07-01"}}]}}'
    headers:
      apim-request-id:
      - a7812a28-4056-4461-8796-aec4849c0747
      content-type:
      - application/json; charset=utf-8
      date:
      - Thu, 19 Nov 2020 21:13:34 GMT
      strict-transport-security:
      - max-age=31536000; includeSubDomains; preload
      transfer-encoding:
      - chunked
      x-content-type-options:
      - nosniff
      x-envoy-upstream-service-time:
      - '113'
    status:
      code: 200
      message: OK
- request:
    body: null
    headers:
      Accept:
      - '*/*'
      Accept-Encoding:
      - gzip, deflate
      Connection:
      - keep-alive
      User-Agent:
      - azsdk-python-ai-textanalytics/5.1.0b3 Python/3.8.5 (macOS-10.13.6-x86_64-i386-64bit)
    method: GET
    uri: https://westus2.api.cognitive.microsoft.com/text/analytics/v3.1-preview.3/analyze/jobs/60ad8744-34f2-48e5-a328-ea29c407084c_637413408000000000
  response:
    body:
      string: '{"jobId":"60ad8744-34f2-48e5-a328-ea29c407084c_637413408000000000","lastUpdateDateTime":"2020-11-19T21:12:52Z","createdDateTime":"2020-11-19T21:12:52Z","expirationDateTime":"2020-11-20T21:12:52Z","status":"running","errors":[],"tasks":{"details":{"lastUpdateDateTime":"2020-11-19T21:12:52Z"},"completed":1,"failed":0,"inProgress":2,"total":3,"keyPhraseExtractionTasks":[{"lastUpdateDateTime":"2020-11-19T21:12:52.7117851Z","results":{"inTerminalState":true,"documents":[],"errors":[{"id":"1","error":{"code":"InvalidArgument","message":"Invalid
        language code. Supported languages: da,de,en,es,fi,fr,it,ja,ko,nl,no,pl,pt-BR,pt-PT,ru,sv"}}],"modelVersion":"2020-07-01"}}]}}'
    headers:
      apim-request-id:
      - 4c9e34f9-0572-42a3-b4fe-2cf47fd9e6e7
      content-type:
      - application/json; charset=utf-8
      date:
      - Thu, 19 Nov 2020 21:13:38 GMT
      strict-transport-security:
      - max-age=31536000; includeSubDomains; preload
      transfer-encoding:
      - chunked
      x-content-type-options:
      - nosniff
      x-envoy-upstream-service-time:
      - '113'
    status:
      code: 200
      message: OK
- request:
    body: null
    headers:
      Accept:
      - '*/*'
      Accept-Encoding:
      - gzip, deflate
      Connection:
      - keep-alive
      User-Agent:
      - azsdk-python-ai-textanalytics/5.1.0b3 Python/3.8.5 (macOS-10.13.6-x86_64-i386-64bit)
    method: GET
    uri: https://westus2.api.cognitive.microsoft.com/text/analytics/v3.1-preview.3/analyze/jobs/60ad8744-34f2-48e5-a328-ea29c407084c_637413408000000000
  response:
    body:
      string: '{"jobId":"60ad8744-34f2-48e5-a328-ea29c407084c_637413408000000000","lastUpdateDateTime":"2020-11-19T21:12:52Z","createdDateTime":"2020-11-19T21:12:52Z","expirationDateTime":"2020-11-20T21:12:52Z","status":"running","errors":[],"tasks":{"details":{"lastUpdateDateTime":"2020-11-19T21:12:52Z"},"completed":1,"failed":0,"inProgress":2,"total":3,"keyPhraseExtractionTasks":[{"lastUpdateDateTime":"2020-11-19T21:12:52.7117851Z","results":{"inTerminalState":true,"documents":[],"errors":[{"id":"1","error":{"code":"InvalidArgument","message":"Invalid
        language code. Supported languages: da,de,en,es,fi,fr,it,ja,ko,nl,no,pl,pt-BR,pt-PT,ru,sv"}}],"modelVersion":"2020-07-01"}}]}}'
    headers:
      apim-request-id:
      - 06586bd2-1f86-4732-8c60-01cf77544f81
      content-type:
      - application/json; charset=utf-8
      date:
      - Thu, 19 Nov 2020 21:13:43 GMT
      strict-transport-security:
      - max-age=31536000; includeSubDomains; preload
      transfer-encoding:
      - chunked
      x-content-type-options:
      - nosniff
      x-envoy-upstream-service-time:
      - '107'
    status:
      code: 200
      message: OK
- request:
    body: null
    headers:
      Accept:
      - '*/*'
      Accept-Encoding:
      - gzip, deflate
      Connection:
      - keep-alive
      User-Agent:
      - azsdk-python-ai-textanalytics/5.1.0b3 Python/3.8.5 (macOS-10.13.6-x86_64-i386-64bit)
    method: GET
    uri: https://westus2.api.cognitive.microsoft.com/text/analytics/v3.1-preview.3/analyze/jobs/60ad8744-34f2-48e5-a328-ea29c407084c_637413408000000000
  response:
    body:
      string: '{"jobId":"60ad8744-34f2-48e5-a328-ea29c407084c_637413408000000000","lastUpdateDateTime":"2020-11-19T21:12:52Z","createdDateTime":"2020-11-19T21:12:52Z","expirationDateTime":"2020-11-20T21:12:52Z","status":"running","errors":[],"tasks":{"details":{"lastUpdateDateTime":"2020-11-19T21:12:52Z"},"completed":1,"failed":0,"inProgress":2,"total":3,"keyPhraseExtractionTasks":[{"lastUpdateDateTime":"2020-11-19T21:12:52.7117851Z","results":{"inTerminalState":true,"documents":[],"errors":[{"id":"1","error":{"code":"InvalidArgument","message":"Invalid
        language code. Supported languages: da,de,en,es,fi,fr,it,ja,ko,nl,no,pl,pt-BR,pt-PT,ru,sv"}}],"modelVersion":"2020-07-01"}}]}}'
    headers:
      apim-request-id:
      - 78ef30e1-d817-4658-8d95-70ae44aa4f77
      content-type:
      - application/json; charset=utf-8
      date:
      - Thu, 19 Nov 2020 21:13:50 GMT
      strict-transport-security:
      - max-age=31536000; includeSubDomains; preload
      transfer-encoding:
      - chunked
      x-content-type-options:
      - nosniff
      x-envoy-upstream-service-time:
      - '240'
    status:
      code: 200
      message: OK
- request:
    body: null
    headers:
      Accept:
      - '*/*'
      Accept-Encoding:
      - gzip, deflate
      Connection:
      - keep-alive
      User-Agent:
      - azsdk-python-ai-textanalytics/5.1.0b3 Python/3.8.5 (macOS-10.13.6-x86_64-i386-64bit)
    method: GET
    uri: https://westus2.api.cognitive.microsoft.com/text/analytics/v3.1-preview.3/analyze/jobs/60ad8744-34f2-48e5-a328-ea29c407084c_637413408000000000
  response:
    body:
      string: '{"jobId":"60ad8744-34f2-48e5-a328-ea29c407084c_637413408000000000","lastUpdateDateTime":"2020-11-19T21:12:52Z","createdDateTime":"2020-11-19T21:12:52Z","expirationDateTime":"2020-11-20T21:12:52Z","status":"running","errors":[],"tasks":{"details":{"lastUpdateDateTime":"2020-11-19T21:12:52Z"},"completed":1,"failed":0,"inProgress":2,"total":3,"keyPhraseExtractionTasks":[{"lastUpdateDateTime":"2020-11-19T21:12:52.7117851Z","results":{"inTerminalState":true,"documents":[],"errors":[{"id":"1","error":{"code":"InvalidArgument","message":"Invalid
        language code. Supported languages: da,de,en,es,fi,fr,it,ja,ko,nl,no,pl,pt-BR,pt-PT,ru,sv"}}],"modelVersion":"2020-07-01"}}]}}'
    headers:
      apim-request-id:
      - a4b382fe-546a-4c81-b058-c8a6f08c0983
      content-type:
      - application/json; charset=utf-8
      date:
      - Thu, 19 Nov 2020 21:13:55 GMT
      strict-transport-security:
      - max-age=31536000; includeSubDomains; preload
      transfer-encoding:
      - chunked
      x-content-type-options:
      - nosniff
      x-envoy-upstream-service-time:
      - '143'
    status:
      code: 200
      message: OK
- request:
    body: null
    headers:
      Accept:
      - '*/*'
      Accept-Encoding:
      - gzip, deflate
      Connection:
      - keep-alive
      User-Agent:
      - azsdk-python-ai-textanalytics/5.1.0b3 Python/3.8.5 (macOS-10.13.6-x86_64-i386-64bit)
    method: GET
    uri: https://westus2.api.cognitive.microsoft.com/text/analytics/v3.1-preview.3/analyze/jobs/60ad8744-34f2-48e5-a328-ea29c407084c_637413408000000000
  response:
    body:
      string: '{"jobId":"60ad8744-34f2-48e5-a328-ea29c407084c_637413408000000000","lastUpdateDateTime":"2020-11-19T21:12:52Z","createdDateTime":"2020-11-19T21:12:52Z","expirationDateTime":"2020-11-20T21:12:52Z","status":"running","errors":[],"tasks":{"details":{"lastUpdateDateTime":"2020-11-19T21:12:52Z"},"completed":1,"failed":0,"inProgress":2,"total":3,"keyPhraseExtractionTasks":[{"lastUpdateDateTime":"2020-11-19T21:12:52.7117851Z","results":{"inTerminalState":true,"documents":[],"errors":[{"id":"1","error":{"code":"InvalidArgument","message":"Invalid
        language code. Supported languages: da,de,en,es,fi,fr,it,ja,ko,nl,no,pl,pt-BR,pt-PT,ru,sv"}}],"modelVersion":"2020-07-01"}}]}}'
    headers:
      apim-request-id:
      - 168f032d-39c6-4f85-a71f-4cd9c285eeb2
      content-type:
      - application/json; charset=utf-8
      date:
      - Thu, 19 Nov 2020 21:14:00 GMT
      strict-transport-security:
      - max-age=31536000; includeSubDomains; preload
      transfer-encoding:
      - chunked
      x-content-type-options:
      - nosniff
      x-envoy-upstream-service-time:
      - '88'
    status:
      code: 200
      message: OK
- request:
    body: null
    headers:
      Accept:
      - '*/*'
      Accept-Encoding:
      - gzip, deflate
      Connection:
      - keep-alive
      User-Agent:
      - azsdk-python-ai-textanalytics/5.1.0b3 Python/3.8.5 (macOS-10.13.6-x86_64-i386-64bit)
    method: GET
    uri: https://westus2.api.cognitive.microsoft.com/text/analytics/v3.1-preview.3/analyze/jobs/60ad8744-34f2-48e5-a328-ea29c407084c_637413408000000000
  response:
    body:
      string: '{"jobId":"60ad8744-34f2-48e5-a328-ea29c407084c_637413408000000000","lastUpdateDateTime":"2020-11-19T21:12:52Z","createdDateTime":"2020-11-19T21:12:52Z","expirationDateTime":"2020-11-20T21:12:52Z","status":"running","errors":[],"tasks":{"details":{"lastUpdateDateTime":"2020-11-19T21:12:52Z"},"completed":2,"failed":0,"inProgress":1,"total":3,"entityRecognitionTasks":[{"lastUpdateDateTime":"2020-11-19T21:12:52.7117851Z","results":{"inTerminalState":true,"documents":[],"errors":[{"id":"1","error":{"code":"InvalidArgument","message":"Invalid
        language code. Supported languages: en,es,de,fr,zh-Hans,ar,cs,da,fi,hu,it,ja,ko,no,nl,pl,pt-BR,pt-PT,ru,sv,tr"}}],"modelVersion":"2020-04-01"}}],"keyPhraseExtractionTasks":[{"lastUpdateDateTime":"2020-11-19T21:12:52.7117851Z","results":{"inTerminalState":true,"documents":[],"errors":[{"id":"1","error":{"code":"InvalidArgument","message":"Invalid
        language code. Supported languages: da,de,en,es,fi,fr,it,ja,ko,nl,no,pl,pt-BR,pt-PT,ru,sv"}}],"modelVersion":"2020-07-01"}}]}}'
    headers:
      apim-request-id:
      - 856581d6-e3a8-4eaf-8b4c-d38fcf9448c2
      content-type:
      - application/json; charset=utf-8
      date:
      - Thu, 19 Nov 2020 21:14:05 GMT
      strict-transport-security:
      - max-age=31536000; includeSubDomains; preload
      transfer-encoding:
      - chunked
      x-content-type-options:
      - nosniff
      x-envoy-upstream-service-time:
      - '124'
    status:
      code: 200
      message: OK
- request:
    body: null
    headers:
      Accept:
      - '*/*'
      Accept-Encoding:
      - gzip, deflate
      Connection:
      - keep-alive
      User-Agent:
      - azsdk-python-ai-textanalytics/5.1.0b3 Python/3.8.5 (macOS-10.13.6-x86_64-i386-64bit)
    method: GET
    uri: https://westus2.api.cognitive.microsoft.com/text/analytics/v3.1-preview.3/analyze/jobs/60ad8744-34f2-48e5-a328-ea29c407084c_637413408000000000
  response:
    body:
      string: '{"jobId":"60ad8744-34f2-48e5-a328-ea29c407084c_637413408000000000","lastUpdateDateTime":"2020-11-19T21:12:52Z","createdDateTime":"2020-11-19T21:12:52Z","expirationDateTime":"2020-11-20T21:12:52Z","status":"running","errors":[],"tasks":{"details":{"lastUpdateDateTime":"2020-11-19T21:12:52Z"},"completed":2,"failed":0,"inProgress":1,"total":3,"entityRecognitionTasks":[{"lastUpdateDateTime":"2020-11-19T21:12:52.7117851Z","results":{"inTerminalState":true,"documents":[],"errors":[{"id":"1","error":{"code":"InvalidArgument","message":"Invalid
        language code. Supported languages: en,es,de,fr,zh-Hans,ar,cs,da,fi,hu,it,ja,ko,no,nl,pl,pt-BR,pt-PT,ru,sv,tr"}}],"modelVersion":"2020-04-01"}}],"keyPhraseExtractionTasks":[{"lastUpdateDateTime":"2020-11-19T21:12:52.7117851Z","results":{"inTerminalState":true,"documents":[],"errors":[{"id":"1","error":{"code":"InvalidArgument","message":"Invalid
        language code. Supported languages: da,de,en,es,fi,fr,it,ja,ko,nl,no,pl,pt-BR,pt-PT,ru,sv"}}],"modelVersion":"2020-07-01"}}]}}'
    headers:
      apim-request-id:
      - 1edd23b9-cc5e-4068-8721-86bc3735ff5e
      content-type:
      - application/json; charset=utf-8
      date:
      - Thu, 19 Nov 2020 21:14:10 GMT
      strict-transport-security:
      - max-age=31536000; includeSubDomains; preload
      transfer-encoding:
      - chunked
      x-content-type-options:
      - nosniff
      x-envoy-upstream-service-time:
      - '137'
    status:
      code: 200
      message: OK
- request:
    body: null
    headers:
      Accept:
      - '*/*'
      Accept-Encoding:
      - gzip, deflate
      Connection:
      - keep-alive
      User-Agent:
      - azsdk-python-ai-textanalytics/5.1.0b3 Python/3.8.5 (macOS-10.13.6-x86_64-i386-64bit)
    method: GET
    uri: https://westus2.api.cognitive.microsoft.com/text/analytics/v3.1-preview.3/analyze/jobs/60ad8744-34f2-48e5-a328-ea29c407084c_637413408000000000
  response:
    body:
      string: '{"jobId":"60ad8744-34f2-48e5-a328-ea29c407084c_637413408000000000","lastUpdateDateTime":"2020-11-19T21:12:52Z","createdDateTime":"2020-11-19T21:12:52Z","expirationDateTime":"2020-11-20T21:12:52Z","status":"running","errors":[],"tasks":{"details":{"lastUpdateDateTime":"2020-11-19T21:12:52Z"},"completed":2,"failed":0,"inProgress":1,"total":3,"entityRecognitionTasks":[{"lastUpdateDateTime":"2020-11-19T21:12:52.7117851Z","results":{"inTerminalState":true,"documents":[],"errors":[{"id":"1","error":{"code":"InvalidArgument","message":"Invalid
        language code. Supported languages: en,es,de,fr,zh-Hans,ar,cs,da,fi,hu,it,ja,ko,no,nl,pl,pt-BR,pt-PT,ru,sv,tr"}}],"modelVersion":"2020-04-01"}}],"keyPhraseExtractionTasks":[{"lastUpdateDateTime":"2020-11-19T21:12:52.7117851Z","results":{"inTerminalState":true,"documents":[],"errors":[{"id":"1","error":{"code":"InvalidArgument","message":"Invalid
        language code. Supported languages: da,de,en,es,fi,fr,it,ja,ko,nl,no,pl,pt-BR,pt-PT,ru,sv"}}],"modelVersion":"2020-07-01"}}]}}'
    headers:
      apim-request-id:
      - 1818979d-545a-4848-9df1-997d70e3235d
      content-type:
      - application/json; charset=utf-8
      date:
      - Thu, 19 Nov 2020 21:14:15 GMT
      strict-transport-security:
      - max-age=31536000; includeSubDomains; preload
      transfer-encoding:
      - chunked
      x-content-type-options:
      - nosniff
      x-envoy-upstream-service-time:
      - '123'
    status:
      code: 200
      message: OK
- request:
    body: null
    headers:
      Accept:
      - '*/*'
      Accept-Encoding:
      - gzip, deflate
      Connection:
      - keep-alive
      User-Agent:
      - azsdk-python-ai-textanalytics/5.1.0b3 Python/3.8.5 (macOS-10.13.6-x86_64-i386-64bit)
    method: GET
    uri: https://westus2.api.cognitive.microsoft.com/text/analytics/v3.1-preview.3/analyze/jobs/60ad8744-34f2-48e5-a328-ea29c407084c_637413408000000000
  response:
    body:
      string: '{"jobId":"60ad8744-34f2-48e5-a328-ea29c407084c_637413408000000000","lastUpdateDateTime":"2020-11-19T21:12:52Z","createdDateTime":"2020-11-19T21:12:52Z","expirationDateTime":"2020-11-20T21:12:52Z","status":"running","errors":[],"tasks":{"details":{"lastUpdateDateTime":"2020-11-19T21:12:52Z"},"completed":2,"failed":0,"inProgress":1,"total":3,"entityRecognitionTasks":[{"lastUpdateDateTime":"2020-11-19T21:12:52.7117851Z","results":{"inTerminalState":true,"documents":[],"errors":[{"id":"1","error":{"code":"InvalidArgument","message":"Invalid
        language code. Supported languages: en,es,de,fr,zh-Hans,ar,cs,da,fi,hu,it,ja,ko,no,nl,pl,pt-BR,pt-PT,ru,sv,tr"}}],"modelVersion":"2020-04-01"}}],"keyPhraseExtractionTasks":[{"lastUpdateDateTime":"2020-11-19T21:12:52.7117851Z","results":{"inTerminalState":true,"documents":[],"errors":[{"id":"1","error":{"code":"InvalidArgument","message":"Invalid
        language code. Supported languages: da,de,en,es,fi,fr,it,ja,ko,nl,no,pl,pt-BR,pt-PT,ru,sv"}}],"modelVersion":"2020-07-01"}}]}}'
    headers:
      apim-request-id:
      - 8c6afefc-f933-4cf1-8ad8-7260196986d5
      content-type:
      - application/json; charset=utf-8
      date:
      - Thu, 19 Nov 2020 21:14:21 GMT
      strict-transport-security:
      - max-age=31536000; includeSubDomains; preload
      transfer-encoding:
      - chunked
      x-content-type-options:
      - nosniff
      x-envoy-upstream-service-time:
      - '421'
    status:
      code: 200
      message: OK
- request:
    body: null
    headers:
      Accept:
      - '*/*'
      Accept-Encoding:
      - gzip, deflate
      Connection:
      - keep-alive
      User-Agent:
      - azsdk-python-ai-textanalytics/5.1.0b3 Python/3.8.5 (macOS-10.13.6-x86_64-i386-64bit)
    method: GET
    uri: https://westus2.api.cognitive.microsoft.com/text/analytics/v3.1-preview.3/analyze/jobs/60ad8744-34f2-48e5-a328-ea29c407084c_637413408000000000
  response:
    body:
      string: '{"jobId":"60ad8744-34f2-48e5-a328-ea29c407084c_637413408000000000","lastUpdateDateTime":"2020-11-19T21:12:52Z","createdDateTime":"2020-11-19T21:12:52Z","expirationDateTime":"2020-11-20T21:12:52Z","status":"running","errors":[],"tasks":{"details":{"lastUpdateDateTime":"2020-11-19T21:12:52Z"},"completed":2,"failed":0,"inProgress":1,"total":3,"entityRecognitionTasks":[{"lastUpdateDateTime":"2020-11-19T21:12:52.7117851Z","results":{"inTerminalState":true,"documents":[],"errors":[{"id":"1","error":{"code":"InvalidArgument","message":"Invalid
        language code. Supported languages: en,es,de,fr,zh-Hans,ar,cs,da,fi,hu,it,ja,ko,no,nl,pl,pt-BR,pt-PT,ru,sv,tr"}}],"modelVersion":"2020-04-01"}}],"keyPhraseExtractionTasks":[{"lastUpdateDateTime":"2020-11-19T21:12:52.7117851Z","results":{"inTerminalState":true,"documents":[],"errors":[{"id":"1","error":{"code":"InvalidArgument","message":"Invalid
        language code. Supported languages: da,de,en,es,fi,fr,it,ja,ko,nl,no,pl,pt-BR,pt-PT,ru,sv"}}],"modelVersion":"2020-07-01"}}]}}'
    headers:
      apim-request-id:
      - bb696122-c58a-4bad-a8dc-37bcdccd8c98
      content-type:
      - application/json; charset=utf-8
      date:
      - Thu, 19 Nov 2020 21:14:26 GMT
      strict-transport-security:
      - max-age=31536000; includeSubDomains; preload
      transfer-encoding:
      - chunked
      x-content-type-options:
      - nosniff
      x-envoy-upstream-service-time:
      - '122'
    status:
      code: 200
      message: OK
- request:
    body: null
    headers:
      Accept:
      - '*/*'
      Accept-Encoding:
      - gzip, deflate
      Connection:
      - keep-alive
      User-Agent:
      - azsdk-python-ai-textanalytics/5.1.0b3 Python/3.8.5 (macOS-10.13.6-x86_64-i386-64bit)
    method: GET
    uri: https://westus2.api.cognitive.microsoft.com/text/analytics/v3.1-preview.3/analyze/jobs/60ad8744-34f2-48e5-a328-ea29c407084c_637413408000000000
  response:
    body:
      string: '{"jobId":"60ad8744-34f2-48e5-a328-ea29c407084c_637413408000000000","lastUpdateDateTime":"2020-11-19T21:12:52Z","createdDateTime":"2020-11-19T21:12:52Z","expirationDateTime":"2020-11-20T21:12:52Z","status":"running","errors":[],"tasks":{"details":{"lastUpdateDateTime":"2020-11-19T21:12:52Z"},"completed":2,"failed":0,"inProgress":1,"total":3,"entityRecognitionTasks":[{"lastUpdateDateTime":"2020-11-19T21:12:52.7117851Z","results":{"inTerminalState":true,"documents":[],"errors":[{"id":"1","error":{"code":"InvalidArgument","message":"Invalid
        language code. Supported languages: en,es,de,fr,zh-Hans,ar,cs,da,fi,hu,it,ja,ko,no,nl,pl,pt-BR,pt-PT,ru,sv,tr"}}],"modelVersion":"2020-04-01"}}],"keyPhraseExtractionTasks":[{"lastUpdateDateTime":"2020-11-19T21:12:52.7117851Z","results":{"inTerminalState":true,"documents":[],"errors":[{"id":"1","error":{"code":"InvalidArgument","message":"Invalid
        language code. Supported languages: da,de,en,es,fi,fr,it,ja,ko,nl,no,pl,pt-BR,pt-PT,ru,sv"}}],"modelVersion":"2020-07-01"}}]}}'
    headers:
      apim-request-id:
      - b8d6d283-3068-4b91-9b48-6c0b138220af
      content-type:
      - application/json; charset=utf-8
      date:
      - Thu, 19 Nov 2020 21:14:31 GMT
      strict-transport-security:
      - max-age=31536000; includeSubDomains; preload
      transfer-encoding:
      - chunked
      x-content-type-options:
      - nosniff
      x-envoy-upstream-service-time:
      - '144'
    status:
      code: 200
      message: OK
- request:
    body: null
    headers:
      Accept:
      - '*/*'
      Accept-Encoding:
      - gzip, deflate
      Connection:
      - keep-alive
      User-Agent:
      - azsdk-python-ai-textanalytics/5.1.0b3 Python/3.8.5 (macOS-10.13.6-x86_64-i386-64bit)
    method: GET
    uri: https://westus2.api.cognitive.microsoft.com/text/analytics/v3.1-preview.3/analyze/jobs/60ad8744-34f2-48e5-a328-ea29c407084c_637413408000000000
  response:
    body:
      string: '{"jobId":"60ad8744-34f2-48e5-a328-ea29c407084c_637413408000000000","lastUpdateDateTime":"2020-11-19T21:12:52Z","createdDateTime":"2020-11-19T21:12:52Z","expirationDateTime":"2020-11-20T21:12:52Z","status":"running","errors":[],"tasks":{"details":{"lastUpdateDateTime":"2020-11-19T21:12:52Z"},"completed":2,"failed":0,"inProgress":1,"total":3,"entityRecognitionTasks":[{"lastUpdateDateTime":"2020-11-19T21:12:52.7117851Z","results":{"inTerminalState":true,"documents":[],"errors":[{"id":"1","error":{"code":"InvalidArgument","message":"Invalid
        language code. Supported languages: en,es,de,fr,zh-Hans,ar,cs,da,fi,hu,it,ja,ko,no,nl,pl,pt-BR,pt-PT,ru,sv,tr"}}],"modelVersion":"2020-04-01"}}],"keyPhraseExtractionTasks":[{"lastUpdateDateTime":"2020-11-19T21:12:52.7117851Z","results":{"inTerminalState":true,"documents":[],"errors":[{"id":"1","error":{"code":"InvalidArgument","message":"Invalid
        language code. Supported languages: da,de,en,es,fi,fr,it,ja,ko,nl,no,pl,pt-BR,pt-PT,ru,sv"}}],"modelVersion":"2020-07-01"}}]}}'
    headers:
      apim-request-id:
      - c342a1df-0ed7-411a-a093-d3e9c7bcd93a
      content-type:
      - application/json; charset=utf-8
      date:
      - Thu, 19 Nov 2020 21:14:37 GMT
      strict-transport-security:
      - max-age=31536000; includeSubDomains; preload
      transfer-encoding:
      - chunked
      x-content-type-options:
      - nosniff
      x-envoy-upstream-service-time:
      - '145'
    status:
      code: 200
      message: OK
- request:
    body: null
    headers:
      Accept:
      - '*/*'
      Accept-Encoding:
      - gzip, deflate
      Connection:
      - keep-alive
      User-Agent:
      - azsdk-python-ai-textanalytics/5.1.0b3 Python/3.8.5 (macOS-10.13.6-x86_64-i386-64bit)
    method: GET
    uri: https://westus2.api.cognitive.microsoft.com/text/analytics/v3.1-preview.3/analyze/jobs/60ad8744-34f2-48e5-a328-ea29c407084c_637413408000000000
  response:
    body:
      string: '{"jobId":"60ad8744-34f2-48e5-a328-ea29c407084c_637413408000000000","lastUpdateDateTime":"2020-11-19T21:12:52Z","createdDateTime":"2020-11-19T21:12:52Z","expirationDateTime":"2020-11-20T21:12:52Z","status":"running","errors":[],"tasks":{"details":{"lastUpdateDateTime":"2020-11-19T21:12:52Z"},"completed":2,"failed":0,"inProgress":1,"total":3,"entityRecognitionTasks":[{"lastUpdateDateTime":"2020-11-19T21:12:52.7117851Z","results":{"inTerminalState":true,"documents":[],"errors":[{"id":"1","error":{"code":"InvalidArgument","message":"Invalid
        language code. Supported languages: en,es,de,fr,zh-Hans,ar,cs,da,fi,hu,it,ja,ko,no,nl,pl,pt-BR,pt-PT,ru,sv,tr"}}],"modelVersion":"2020-04-01"}}],"keyPhraseExtractionTasks":[{"lastUpdateDateTime":"2020-11-19T21:12:52.7117851Z","results":{"inTerminalState":true,"documents":[],"errors":[{"id":"1","error":{"code":"InvalidArgument","message":"Invalid
        language code. Supported languages: da,de,en,es,fi,fr,it,ja,ko,nl,no,pl,pt-BR,pt-PT,ru,sv"}}],"modelVersion":"2020-07-01"}}]}}'
    headers:
      apim-request-id:
      - 574a239a-5a16-4309-933c-91ff0078f80f
      content-type:
      - application/json; charset=utf-8
      date:
      - Thu, 19 Nov 2020 21:14:42 GMT
      strict-transport-security:
      - max-age=31536000; includeSubDomains; preload
      transfer-encoding:
      - chunked
      x-content-type-options:
      - nosniff
      x-envoy-upstream-service-time:
      - '143'
    status:
      code: 200
      message: OK
- request:
    body: null
    headers:
      Accept:
      - '*/*'
      Accept-Encoding:
      - gzip, deflate
      Connection:
      - keep-alive
      User-Agent:
      - azsdk-python-ai-textanalytics/5.1.0b3 Python/3.8.5 (macOS-10.13.6-x86_64-i386-64bit)
    method: GET
    uri: https://westus2.api.cognitive.microsoft.com/text/analytics/v3.1-preview.3/analyze/jobs/60ad8744-34f2-48e5-a328-ea29c407084c_637413408000000000
  response:
    body:
      string: '{"jobId":"60ad8744-34f2-48e5-a328-ea29c407084c_637413408000000000","lastUpdateDateTime":"2020-11-19T21:12:52Z","createdDateTime":"2020-11-19T21:12:52Z","expirationDateTime":"2020-11-20T21:12:52Z","status":"running","errors":[],"tasks":{"details":{"lastUpdateDateTime":"2020-11-19T21:12:52Z"},"completed":2,"failed":0,"inProgress":1,"total":3,"entityRecognitionTasks":[{"lastUpdateDateTime":"2020-11-19T21:12:52.7117851Z","results":{"inTerminalState":true,"documents":[],"errors":[{"id":"1","error":{"code":"InvalidArgument","message":"Invalid
        language code. Supported languages: en,es,de,fr,zh-Hans,ar,cs,da,fi,hu,it,ja,ko,no,nl,pl,pt-BR,pt-PT,ru,sv,tr"}}],"modelVersion":"2020-04-01"}}],"keyPhraseExtractionTasks":[{"lastUpdateDateTime":"2020-11-19T21:12:52.7117851Z","results":{"inTerminalState":true,"documents":[],"errors":[{"id":"1","error":{"code":"InvalidArgument","message":"Invalid
        language code. Supported languages: da,de,en,es,fi,fr,it,ja,ko,nl,no,pl,pt-BR,pt-PT,ru,sv"}}],"modelVersion":"2020-07-01"}}]}}'
    headers:
      apim-request-id:
      - 29073207-e79c-4c71-8db7-a0e57f050cc7
      content-type:
      - application/json; charset=utf-8
      date:
      - Thu, 19 Nov 2020 21:14:48 GMT
      strict-transport-security:
      - max-age=31536000; includeSubDomains; preload
      transfer-encoding:
      - chunked
      x-content-type-options:
      - nosniff
      x-envoy-upstream-service-time:
      - '147'
    status:
      code: 200
      message: OK
- request:
    body: null
    headers:
      Accept:
      - '*/*'
      Accept-Encoding:
      - gzip, deflate
      Connection:
      - keep-alive
      User-Agent:
      - azsdk-python-ai-textanalytics/5.1.0b3 Python/3.8.5 (macOS-10.13.6-x86_64-i386-64bit)
    method: GET
    uri: https://westus2.api.cognitive.microsoft.com/text/analytics/v3.1-preview.3/analyze/jobs/60ad8744-34f2-48e5-a328-ea29c407084c_637413408000000000
  response:
    body:
      string: '{"jobId":"60ad8744-34f2-48e5-a328-ea29c407084c_637413408000000000","lastUpdateDateTime":"2020-11-19T21:12:52Z","createdDateTime":"2020-11-19T21:12:52Z","expirationDateTime":"2020-11-20T21:12:52Z","status":"running","errors":[],"tasks":{"details":{"lastUpdateDateTime":"2020-11-19T21:12:52Z"},"completed":2,"failed":0,"inProgress":1,"total":3,"entityRecognitionTasks":[{"lastUpdateDateTime":"2020-11-19T21:12:52.7117851Z","results":{"inTerminalState":true,"documents":[],"errors":[{"id":"1","error":{"code":"InvalidArgument","message":"Invalid
        language code. Supported languages: en,es,de,fr,zh-Hans,ar,cs,da,fi,hu,it,ja,ko,no,nl,pl,pt-BR,pt-PT,ru,sv,tr"}}],"modelVersion":"2020-04-01"}}],"keyPhraseExtractionTasks":[{"lastUpdateDateTime":"2020-11-19T21:12:52.7117851Z","results":{"inTerminalState":true,"documents":[],"errors":[{"id":"1","error":{"code":"InvalidArgument","message":"Invalid
        language code. Supported languages: da,de,en,es,fi,fr,it,ja,ko,nl,no,pl,pt-BR,pt-PT,ru,sv"}}],"modelVersion":"2020-07-01"}}]}}'
    headers:
      apim-request-id:
      - 3cfc4a11-6484-4a23-99a5-73ebe9795a9a
      content-type:
      - application/json; charset=utf-8
      date:
      - Thu, 19 Nov 2020 21:14:53 GMT
      strict-transport-security:
      - max-age=31536000; includeSubDomains; preload
      transfer-encoding:
      - chunked
      x-content-type-options:
      - nosniff
      x-envoy-upstream-service-time:
      - '145'
    status:
      code: 200
      message: OK
- request:
    body: null
    headers:
      Accept:
      - '*/*'
      Accept-Encoding:
      - gzip, deflate
      Connection:
      - keep-alive
      User-Agent:
      - azsdk-python-ai-textanalytics/5.1.0b3 Python/3.8.5 (macOS-10.13.6-x86_64-i386-64bit)
    method: GET
    uri: https://westus2.api.cognitive.microsoft.com/text/analytics/v3.1-preview.3/analyze/jobs/60ad8744-34f2-48e5-a328-ea29c407084c_637413408000000000
  response:
    body:
      string: '{"jobId":"60ad8744-34f2-48e5-a328-ea29c407084c_637413408000000000","lastUpdateDateTime":"2020-11-19T21:12:52Z","createdDateTime":"2020-11-19T21:12:52Z","expirationDateTime":"2020-11-20T21:12:52Z","status":"running","errors":[],"tasks":{"details":{"lastUpdateDateTime":"2020-11-19T21:12:52Z"},"completed":2,"failed":0,"inProgress":1,"total":3,"entityRecognitionTasks":[{"lastUpdateDateTime":"2020-11-19T21:12:52.7117851Z","results":{"inTerminalState":true,"documents":[],"errors":[{"id":"1","error":{"code":"InvalidArgument","message":"Invalid
        language code. Supported languages: en,es,de,fr,zh-Hans,ar,cs,da,fi,hu,it,ja,ko,no,nl,pl,pt-BR,pt-PT,ru,sv,tr"}}],"modelVersion":"2020-04-01"}}],"keyPhraseExtractionTasks":[{"lastUpdateDateTime":"2020-11-19T21:12:52.7117851Z","results":{"inTerminalState":true,"documents":[],"errors":[{"id":"1","error":{"code":"InvalidArgument","message":"Invalid
        language code. Supported languages: da,de,en,es,fi,fr,it,ja,ko,nl,no,pl,pt-BR,pt-PT,ru,sv"}}],"modelVersion":"2020-07-01"}}]}}'
    headers:
      apim-request-id:
      - 5ce71742-2300-4763-a0ba-9a9749a0f5f6
      content-type:
      - application/json; charset=utf-8
      date:
      - Thu, 19 Nov 2020 21:14:58 GMT
      strict-transport-security:
      - max-age=31536000; includeSubDomains; preload
      transfer-encoding:
      - chunked
      x-content-type-options:
      - nosniff
      x-envoy-upstream-service-time:
      - '134'
    status:
      code: 200
      message: OK
- request:
    body: null
    headers:
      Accept:
      - '*/*'
      Accept-Encoding:
      - gzip, deflate
      Connection:
      - keep-alive
      User-Agent:
      - azsdk-python-ai-textanalytics/5.1.0b3 Python/3.8.5 (macOS-10.13.6-x86_64-i386-64bit)
    method: GET
    uri: https://westus2.api.cognitive.microsoft.com/text/analytics/v3.1-preview.3/analyze/jobs/60ad8744-34f2-48e5-a328-ea29c407084c_637413408000000000
  response:
    body:
      string: '{"jobId":"60ad8744-34f2-48e5-a328-ea29c407084c_637413408000000000","lastUpdateDateTime":"2020-11-19T21:12:52Z","createdDateTime":"2020-11-19T21:12:52Z","expirationDateTime":"2020-11-20T21:12:52Z","status":"succeeded","errors":[],"tasks":{"details":{"lastUpdateDateTime":"2020-11-19T21:12:52Z"},"completed":3,"failed":0,"inProgress":0,"total":3,"entityRecognitionTasks":[{"lastUpdateDateTime":"2020-11-19T21:12:52.7117851Z","results":{"inTerminalState":true,"documents":[],"errors":[{"id":"1","error":{"code":"InvalidArgument","message":"Invalid
        language code. Supported languages: en,es,de,fr,zh-Hans,ar,cs,da,fi,hu,it,ja,ko,no,nl,pl,pt-BR,pt-PT,ru,sv,tr"}}],"modelVersion":"2020-04-01"}}],"entityRecognitionPiiTasks":[{"lastUpdateDateTime":"2020-11-19T21:12:52.7117851Z","results":{"inTerminalState":true,"documents":[],"errors":[{"id":"1","error":{"code":"InvalidArgument","message":"Invalid
        language code. Supported languages: en"}}],"modelVersion":"2020-07-01"}}],"keyPhraseExtractionTasks":[{"lastUpdateDateTime":"2020-11-19T21:12:52.7117851Z","results":{"inTerminalState":true,"documents":[],"errors":[{"id":"1","error":{"code":"InvalidArgument","message":"Invalid
        language code. Supported languages: da,de,en,es,fi,fr,it,ja,ko,nl,no,pl,pt-BR,pt-PT,ru,sv"}}],"modelVersion":"2020-07-01"}}]}}'
    headers:
      apim-request-id:
      - 91cbcf28-1cb2-46d7-b1c7-d287635325cb
      content-type:
      - application/json; charset=utf-8
      date:
      - Thu, 19 Nov 2020 21:15:03 GMT
      strict-transport-security:
      - max-age=31536000; includeSubDomains; preload
      transfer-encoding:
      - chunked
      x-content-type-options:
      - nosniff
      x-envoy-upstream-service-time:
      - '143'
    status:
      code: 200
      message: OK
version: 1
