{
  "Entries": [
    {
      "RequestUri": "https://fakeendpoint.cognitiveservices.azure.com/language/:analyze-text?api-version=2022-03-01-preview",
      "RequestMethod": "POST",
      "RequestHeaders": {
        "Accept": "application/json",
        "Accept-Encoding": "gzip, deflate",
        "Connection": "keep-alive",
        "Content-Length": "339",
        "Content-Type": "application/json",
        "User-Agent": "azsdk-python-ai-textanalytics/5.2.0b4 Python/3.10.0 (Windows-10-10.0.22000-SP0)"
      },
      "RequestBody": {
        "kind": "EntityLinking",
        "analysisInput": {
          "documents": [
            {
              "id": "1",
              "text": "I will go to the park.",
              "language": "en"
            },
            {
              "id": "2",
              "text": "I did not like the hotel we stayed at.",
              "language": "en"
            },
            {
              "id": "3",
              "text": "The restaurant had really good food.",
              "language": "en"
            }
          ]
        },
        "parameters": {
          "stringIndexType": "UnicodeCodePoint"
        }
      },
      "StatusCode": 200,
      "ResponseHeaders": {
        "apim-request-id": "5507db59-675d-4937-8b11-948305f3511e",
        "Content-Length": "214",
        "Content-Type": "application/json; charset=utf-8",
        "csp-billing-usage": "CognitiveServices.TextAnalytics.BatchScoring=3,CognitiveServices.TextAnalytics.TextRecords=3",
        "Date": "Wed, 13 Apr 2022 00:24:25 GMT",
        "Strict-Transport-Security": "max-age=31536000; includeSubDomains; preload",
        "X-Content-Type-Options": "nosniff",
        "x-envoy-upstream-service-time": "16"
      },
      "ResponseBody": {
        "kind": "EntityLinkingResults",
        "results": {
          "documents": [
            {
              "id": "1",
              "entities": [],
              "warnings": []
            },
            {
              "id": "2",
              "entities": [],
              "warnings": []
            },
            {
              "id": "3",
              "entities": [],
              "warnings": []
            }
          ],
          "errors": [],
          "modelVersion": "2021-06-01"
        }
      }
    },
    {
      "RequestUri": "https://fakeendpoint.cognitiveservices.azure.com/language/:analyze-text?api-version=2022-03-01-preview",
      "RequestMethod": "POST",
      "RequestHeaders": {
        "Accept": "application/json",
        "Accept-Encoding": "gzip, deflate",
        "Connection": "keep-alive",
        "Content-Length": "339",
        "Content-Type": "application/json",
        "User-Agent": "azsdk-python-ai-textanalytics/5.2.0b4 Python/3.10.0 (Windows-10-10.0.22000-SP0)"
      },
      "RequestBody": {
        "kind": "EntityLinking",
        "analysisInput": {
          "documents": [
            {
              "id": "1",
              "text": "I will go to the park.",
              "language": "en"
            },
            {
              "id": "2",
              "text": "I did not like the hotel we stayed at.",
              "language": "en"
            },
            {
              "id": "3",
              "text": "The restaurant had really good food.",
              "language": "en"
            }
          ]
        },
        "parameters": {
          "stringIndexType": "UnicodeCodePoint"
        }
      },
      "StatusCode": 401,
      "ResponseHeaders": {
        "apim-request-id": "9ccdee12-a191-4d5e-89b0-2c17dd6fbe96",
        "Content-Length": "224",
        "Content-Type": "application/json",
        "Date": "Wed, 13 Apr 2022 00:24:25 GMT"
      },
      "ResponseBody": {
        "error": {
          "code": "401",
          "message": "Access denied due to invalid subscription key or wrong API endpoint. Make sure to provide a valid key for an active subscription and use a correct regional API endpoint for your resource."
        }
      }
    },
    {
      "RequestUri": "https://fakeendpoint.cognitiveservices.azure.com/language/:analyze-text?api-version=2022-03-01-preview",
      "RequestMethod": "POST",
      "RequestHeaders": {
        "Accept": "application/json",
        "Accept-Encoding": "gzip, deflate",
        "Connection": "keep-alive",
        "Content-Length": "339",
        "Content-Type": "application/json",
        "User-Agent": "azsdk-python-ai-textanalytics/5.2.0b4 Python/3.10.0 (Windows-10-10.0.22000-SP0)"
      },
      "RequestBody": {
        "kind": "EntityLinking",
        "analysisInput": {
          "documents": [
            {
              "id": "1",
              "text": "I will go to the park.",
              "language": "en"
            },
            {
              "id": "2",
              "text": "I did not like the hotel we stayed at.",
              "language": "en"
            },
            {
              "id": "3",
              "text": "The restaurant had really good food.",
              "language": "en"
            }
          ]
        },
        "parameters": {
          "stringIndexType": "UnicodeCodePoint"
        }
      },
      "StatusCode": 200,
      "ResponseHeaders": {
        "apim-request-id": "01843b61-4cd3-4529-90d8-3bf4d932e4ee",
        "Content-Length": "214",
        "Content-Type": "application/json; charset=utf-8",
        "csp-billing-usage": "CognitiveServices.TextAnalytics.BatchScoring=3,CognitiveServices.TextAnalytics.TextRecords=3",
        "Date": "Wed, 13 Apr 2022 00:24:25 GMT",
        "Strict-Transport-Security": "max-age=31536000; includeSubDomains; preload",
        "X-Content-Type-Options": "nosniff",
        "x-envoy-upstream-service-time": "14"
      },
      "ResponseBody": {
        "kind": "EntityLinkingResults",
        "results": {
          "documents": [
            {
              "id": "1",
              "entities": [],
              "warnings": []
            },
            {
              "id": "2",
              "entities": [],
              "warnings": []
            },
            {
              "id": "3",
              "entities": [],
              "warnings": []
            }
          ],
          "errors": [],
          "modelVersion": "2021-06-01"
        }
      }
    }
  ],
  "Variables": {}
}
