interactions:
- request:
    body: '{"documents": [{"id": "1", "text": "I will go to the park.", "language":
      "es"}, {"id": "2", "text": "I did not like the hotel we stayed at.", "language":
      "es"}, {"id": "3", "text": "The restaurant had really good food.", "language":
      "es"}]}'
    headers:
      Accept:
      - application/json, text/json
      Accept-Encoding:
      - gzip, deflate
      Connection:
      - keep-alive
      Content-Length:
      - '240'
      Content-Type:
      - application/json
      User-Agent:
      - azsdk-python-ai-textanalytics/5.1.0b7 Python/3.9.1 (macOS-10.16-x86_64-i386-64bit)
    method: POST
    uri: https://centralus.api.cognitive.microsoft.com/text/analytics/v3.1-preview.5/keyPhrases?showStats=false
  response:
    body:
      string: '{"documents":[{"id":"1","keyPhrases":["the park","I will go"],"warnings":[]},{"id":"2","keyPhrases":["I
        did not like the hotel we stayed at"],"warnings":[]},{"id":"3","keyPhrases":["The
        restaurant had really good food"],"warnings":[]}],"errors":[],"modelVersion":"2020-07-01"}'
    headers:
      apim-request-id:
      - d01732ee-478d-44d0-b76f-569f50266451
      content-type:
      - application/json; charset=utf-8
      csp-billing-usage:
      - CognitiveServices.TextAnalytics.BatchScoring=3,CognitiveServices.TextAnalytics.TextRecords=3
      date:
      - Thu, 13 May 2021 22:35:53 GMT
      strict-transport-security:
      - max-age=31536000; includeSubDomains; preload
      transfer-encoding:
      - chunked
      x-content-type-options:
      - nosniff
      x-envoy-upstream-service-time:
      - '13'
    status:
      code: 200
      message: OK
- request:
    body: '{"documents": [{"id": "1", "text": "I will go to the park.", "language":
      "en"}, {"id": "2", "text": "I did not like the hotel we stayed at.", "language":
      "en"}, {"id": "3", "text": "The restaurant had really good food.", "language":
      "en"}]}'
    headers:
      Accept:
      - application/json, text/json
      Accept-Encoding:
      - gzip, deflate
      Connection:
      - keep-alive
      Content-Length:
      - '240'
      Content-Type:
      - application/json
      User-Agent:
      - azsdk-python-ai-textanalytics/5.1.0b7 Python/3.9.1 (macOS-10.16-x86_64-i386-64bit)
    method: POST
    uri: https://centralus.api.cognitive.microsoft.com/text/analytics/v3.1-preview.5/keyPhrases?showStats=false
  response:
    body:
      string: '{"documents":[{"id":"1","keyPhrases":["park"],"warnings":[]},{"id":"2","keyPhrases":["hotel"],"warnings":[]},{"id":"3","keyPhrases":["restaurant","good
        food"],"warnings":[]}],"errors":[],"modelVersion":"2020-07-01"}'
    headers:
      apim-request-id:
      - f8f7a06b-d65b-43ca-a29b-b63c65be73e9
      content-type:
      - application/json; charset=utf-8
      csp-billing-usage:
      - CognitiveServices.TextAnalytics.BatchScoring=3,CognitiveServices.TextAnalytics.TextRecords=3
      date:
      - Thu, 13 May 2021 22:35:53 GMT
      strict-transport-security:
      - max-age=31536000; includeSubDomains; preload
      transfer-encoding:
      - chunked
      x-content-type-options:
      - nosniff
      x-envoy-upstream-service-time:
      - '12'
    status:
      code: 200
      message: OK
- request:
    body: '{"documents": [{"id": "1", "text": "I will go to the park.", "language":
      "es"}, {"id": "2", "text": "I did not like the hotel we stayed at.", "language":
      "es"}, {"id": "3", "text": "The restaurant had really good food.", "language":
      "es"}]}'
    headers:
      Accept:
      - application/json, text/json
      Accept-Encoding:
      - gzip, deflate
      Connection:
      - keep-alive
      Content-Length:
      - '240'
      Content-Type:
      - application/json
      User-Agent:
      - azsdk-python-ai-textanalytics/5.1.0b7 Python/3.9.1 (macOS-10.16-x86_64-i386-64bit)
    method: POST
    uri: https://centralus.api.cognitive.microsoft.com/text/analytics/v3.1-preview.5/keyPhrases?showStats=false
  response:
    body:
      string: '{"documents":[{"id":"1","keyPhrases":["the park","I will go"],"warnings":[]},{"id":"2","keyPhrases":["I
        did not like the hotel we stayed at"],"warnings":[]},{"id":"3","keyPhrases":["The
        restaurant had really good food"],"warnings":[]}],"errors":[],"modelVersion":"2020-07-01"}'
    headers:
      apim-request-id:
      - 10cefb62-0e87-494b-bd24-8d3ca5432008
      content-type:
      - application/json; charset=utf-8
      csp-billing-usage:
      - CognitiveServices.TextAnalytics.BatchScoring=3,CognitiveServices.TextAnalytics.TextRecords=3
      date:
      - Thu, 13 May 2021 22:35:53 GMT
      strict-transport-security:
      - max-age=31536000; includeSubDomains; preload
      transfer-encoding:
      - chunked
      x-content-type-options:
      - nosniff
      x-envoy-upstream-service-time:
      - '21'
    status:
      code: 200
      message: OK
version: 1
