{
  "Entries": [
    {
      "RequestUri": "https://fakeendpoint.cognitiveservices.azure.com/language/analyze-text/jobs?api-version=2022-10-01-preview",
      "RequestMethod": "POST",
      "RequestHeaders": {
        "Accept": "application/json",
        "Accept-Encoding": "gzip, deflate",
        "Connection": "keep-alive",
        "Content-Length": "238",
        "Content-Type": "application/json",
        "User-Agent": "azsdk-python-ai-textanalytics/5.3.0b1 Python/3.10.0 (Windows-10-10.0.22621-SP0)"
      },
      "RequestBody": {
        "analysisInput": {
          "documents": [
            {
              "id": "0",
              "text": "The patient was diagnosed with Parkinsons Disease (PD)",
              "language": "en"
            }
          ]
        },
        "tasks": [
          {
            "taskName": "0",
            "kind": "Healthcare",
            "parameters": {
              "stringIndexType": "UnicodeCodePoint"
            }
          }
        ]
      },
      "StatusCode": 202,
      "ResponseHeaders": {
        "apim-request-id": "be991612-8b07-4a3b-b47f-c54e26fd50ba",
        "Content-Length": "0",
        "Date": "Mon, 17 Oct 2022 18:57:51 GMT",
        "operation-location": "https://fakeendpoint.cognitiveservices.azure.com/language/analyze-text/jobs/4bcbedb5-9420-4a6e-8ce1-b24dbd704e47?api-version=2022-10-01-preview",
        "Strict-Transport-Security": "max-age=31536000; includeSubDomains; preload",
        "X-Content-Type-Options": "nosniff",
        "x-envoy-upstream-service-time": "293"
      },
      "ResponseBody": null
    },
    {
      "RequestUri": "https://fakeendpoint.cognitiveservices.azure.com/language/analyze-text/jobs/0e16d703-2177-4dc5-a473-f9757e9d842d?api-version=2022-10-01-preview",
      "RequestMethod": "GET",
      "RequestHeaders": {
        "Accept": "*/*",
        "Accept-Encoding": "gzip, deflate",
        "Connection": "keep-alive",
        "User-Agent": "azsdk-python-ai-textanalytics/5.3.0b1 Python/3.10.0 (Windows-10-10.0.22621-SP0)"
      },
      "RequestBody": null,
      "StatusCode": 200,
      "ResponseHeaders": {
        "apim-request-id": "7c7bd74c-af5c-4f88-875f-0fc85a668bc5",
        "Content-Length": "520",
        "Content-Type": "application/json; charset=utf-8",
        "Date": "Mon, 17 Oct 2022 18:57:55 GMT",
        "Strict-Transport-Security": "max-age=31536000; includeSubDomains; preload",
        "X-Content-Type-Options": "nosniff",
        "x-envoy-upstream-service-time": "38"
      },
      "ResponseBody": {
        "jobId": "0e16d703-2177-4dc5-a473-f9757e9d842d",
        "lastUpdateDateTime": "2022-10-17T18:57:52Z",
        "createdDateTime": "2022-10-17T18:57:51Z",
        "expirationDateTime": "2022-10-18T18:57:51Z",
        "status": "succeeded",
        "errors": [],
        "tasks": {
          "completed": 1,
          "failed": 0,
          "inProgress": 0,
          "total": 1,
          "items": [
            {
              "kind": "HealthcareLROResults",
              "taskName": "0",
              "lastUpdateDateTime": "2022-10-17T18:57:52.5910072Z",
              "status": "succeeded",
              "results": {
                "documents": [
                  {
                    "id": "0",
                    "entities": [],
                    "relations": [],
                    "warnings": []
                  }
                ],
                "errors": [],
                "modelVersion": "2022-03-01"
              }
            }
          ]
        }
      }
    },
    {
      "RequestUri": "https://fakeendpoint.cognitiveservices.azure.com/language/analyze-text/jobs/4bcbedb5-9420-4a6e-8ce1-b24dbd704e47?api-version=2022-10-01-preview",
      "RequestMethod": "GET",
      "RequestHeaders": {
        "Accept": "*/*",
        "Accept-Encoding": "gzip, deflate",
        "Connection": "keep-alive",
        "User-Agent": "azsdk-python-ai-textanalytics/5.3.0b1 Python/3.10.0 (Windows-10-10.0.22621-SP0)"
      },
      "RequestBody": null,
      "StatusCode": 200,
      "ResponseHeaders": {
        "apim-request-id": "122cd347-5a90-4dc5-8f41-adc7dc518f4b",
        "Content-Length": "3891",
        "Content-Type": "application/json; charset=utf-8",
        "Date": "Mon, 17 Oct 2022 18:57:56 GMT",
        "Strict-Transport-Security": "max-age=31536000; includeSubDomains; preload",
        "X-Content-Type-Options": "nosniff",
        "x-envoy-upstream-service-time": "34"
      },
      "ResponseBody": {
        "jobId": "4bcbedb5-9420-4a6e-8ce1-b24dbd704e47",
        "lastUpdateDateTime": "2022-10-17T18:57:53Z",
        "createdDateTime": "2022-10-17T18:57:51Z",
        "expirationDateTime": "2022-10-18T18:57:51Z",
        "status": "succeeded",
        "errors": [],
        "tasks": {
          "completed": 1,
          "failed": 0,
          "inProgress": 0,
          "total": 1,
          "items": [
            {
              "kind": "HealthcareLROResults",
              "taskName": "0",
              "lastUpdateDateTime": "2022-10-17T18:57:53.2212681Z",
              "status": "succeeded",
              "results": {
                "documents": [
                  {
                    "id": "0",
                    "entities": [
                      {
                        "offset": 31,
                        "length": 18,
                        "text": "Parkinsons Disease",
                        "category": "Diagnosis",
                        "confidenceScore": 1.0,
                        "name": "Parkinson Disease",
                        "links": [
                          {
                            "dataSource": "UMLS",
                            "id": "C0030567"
                          },
                          {
                            "dataSource": "AOD",
                            "id": "0000006203"
                          },
                          {
                            "dataSource": "BI",
                            "id": "BI00554"
                          },
                          {
                            "dataSource": "CCPSS",
                            "id": "1018057"
                          },
                          {
                            "dataSource": "CCS",
                            "id": "6.2.1"
                          },
                          {
                            "dataSource": "CCSR_10",
                            "id": "NVS004"
                          },
                          {
                            "dataSource": "CCSR_ICD10CM",
                            "id": "NVS004"
                          },
                          {
                            "dataSource": "CHV",
                            "id": "0000009319"
                          },
                          {
                            "dataSource": "COSTAR",
                            "id": "559"
                          },
                          {
                            "dataSource": "CSP",
                            "id": "2057-3689"
                          },
                          {
                            "dataSource": "CST",
                            "id": "EXTRAPYR SYND"
                          },
                          {
                            "dataSource": "ICD10",
                            "id": "G20"
                          },
                          {
                            "dataSource": "ICD10AM",
                            "id": "G20"
                          },
                          {
                            "dataSource": "ICD10CM",
                            "id": "G20"
                          },
                          {
                            "dataSource": "ICD9CM",
                            "id": "332.0"
                          },
                          {
                            "dataSource": "ICPC2ICD10ENG",
                            "id": "MTHU004748"
                          },
                          {
                            "dataSource": "ICPC2P",
                            "id": "N87001"
                          },
                          {
                            "dataSource": "LCH_NW",
                            "id": "sh85098115"
                          },
                          {
                            "dataSource": "LNC",
                            "id": "MTHU020807"
                          },
                          {
                            "dataSource": "MDR",
                            "id": "10061536"
                          },
                          {
                            "dataSource": "MEDCIN",
                            "id": "32004"
                          },
                          {
                            "dataSource": "MEDLINEPLUS",
                            "id": "85"
                          },
                          {
                            "dataSource": "MSH",
                            "id": "D010300"
                          },
                          {
                            "dataSource": "NANDA-I",
                            "id": "03003"
                          },
                          {
                            "dataSource": "NCI",
                            "id": "C26845"
                          },
                          {
                            "dataSource": "NCI_CELLOSAURUS",
                            "id": "C26845"
                          },
                          {
                            "dataSource": "NCI_CPTAC",
                            "id": "C26845"
                          },
                          {
                            "dataSource": "NCI_NCI-GLOSS",
                            "id": "CDR0000044140"
                          },
                          {
                            "dataSource": "NCI_caDSR",
                            "id": "C26845"
                          },
                          {
                            "dataSource": "OMIM",
                            "id": "516000"
                          },
                          {
                            "dataSource": "PSY",
                            "id": "36720"
                          },
                          {
                            "dataSource": "QMR",
                            "id": "R0121461"
                          },
                          {
                            "dataSource": "RAM",
                            "id": "DX353"
                          },
                          {
                            "dataSource": "RCD",
                            "id": "F12.."
                          },
                          {
                            "dataSource": "SNM",
                            "id": "D-8450"
                          },
                          {
                            "dataSource": "SNMI",
                            "id": "DA-21012"
                          },
                          {
                            "dataSource": "SNOMEDCT_US",
                            "id": "49049000"
                          },
                          {
                            "dataSource": "WHO",
                            "id": "0106"
                          }
                        ]
                      },
                      {
                        "offset": 51,
                        "length": 2,
                        "text": "PD",
                        "category": "Diagnosis",
                        "confidenceScore": 1.0,
                        "name": "Parkinson Disease",
                        "links": [
                          {
                            "dataSource": "UMLS",
                            "id": "C0030567"
                          },
                          {
                            "dataSource": "AOD",
                            "id": "0000006203"
                          },
                          {
                            "dataSource": "BI",
                            "id": "BI00554"
                          },
                          {
                            "dataSource": "CCPSS",
                            "id": "1018057"
                          },
                          {
                            "dataSource": "CCS",
                            "id": "6.2.1"
                          },
                          {
                            "dataSource": "CCSR_10",
                            "id": "NVS004"
                          },
                          {
                            "dataSource": "CCSR_ICD10CM",
                            "id": "NVS004"
                          },
                          {
                            "dataSource": "CHV",
                            "id": "0000009319"
                          },
                          {
                            "dataSource": "COSTAR",
                            "id": "559"
                          },
                          {
                            "dataSource": "CSP",
                            "id": "2057-3689"
                          },
                          {
                            "dataSource": "CST",
                            "id": "EXTRAPYR SYND"
                          },
                          {
                            "dataSource": "ICD10",
                            "id": "G20"
                          },
                          {
                            "dataSource": "ICD10AM",
                            "id": "G20"
                          },
                          {
                            "dataSource": "ICD10CM",
                            "id": "G20"
                          },
                          {
                            "dataSource": "ICD9CM",
                            "id": "332.0"
                          },
                          {
                            "dataSource": "ICPC2ICD10ENG",
                            "id": "MTHU004748"
                          },
                          {
                            "dataSource": "ICPC2P",
                            "id": "N87001"
                          },
                          {
                            "dataSource": "LCH_NW",
                            "id": "sh85098115"
                          },
                          {
                            "dataSource": "LNC",
                            "id": "MTHU020807"
                          },
                          {
                            "dataSource": "MDR",
                            "id": "10061536"
                          },
                          {
                            "dataSource": "MEDCIN",
                            "id": "32004"
                          },
                          {
                            "dataSource": "MEDLINEPLUS",
                            "id": "85"
                          },
                          {
                            "dataSource": "MSH",
                            "id": "D010300"
                          },
                          {
                            "dataSource": "NANDA-I",
                            "id": "03003"
                          },
                          {
                            "dataSource": "NCI",
                            "id": "C26845"
                          },
                          {
                            "dataSource": "NCI_CELLOSAURUS",
                            "id": "C26845"
                          },
                          {
                            "dataSource": "NCI_CPTAC",
                            "id": "C26845"
                          },
                          {
                            "dataSource": "NCI_NCI-GLOSS",
                            "id": "CDR0000044140"
                          },
                          {
                            "dataSource": "NCI_caDSR",
                            "id": "C26845"
                          },
                          {
                            "dataSource": "OMIM",
                            "id": "516000"
                          },
                          {
                            "dataSource": "PSY",
                            "id": "36720"
                          },
                          {
                            "dataSource": "QMR",
                            "id": "R0121461"
                          },
                          {
                            "dataSource": "RAM",
                            "id": "DX353"
                          },
                          {
                            "dataSource": "RCD",
                            "id": "F12.."
                          },
                          {
                            "dataSource": "SNM",
                            "id": "D-8450"
                          },
                          {
                            "dataSource": "SNMI",
                            "id": "DA-21012"
                          },
                          {
                            "dataSource": "SNOMEDCT_US",
                            "id": "49049000"
                          },
                          {
                            "dataSource": "WHO",
                            "id": "0106"
                          }
                        ]
                      }
                    ],
                    "relations": [
                      {
                        "confidenceScore": 1.0,
                        "relationType": "Abbreviation",
                        "entities": [
                          {
                            "ref": "#/results/documents/0/entities/0",
                            "role": "FullTerm"
                          },
                          {
                            "ref": "#/results/documents/0/entities/1",
                            "role": "AbbreviatedTerm"
                          }
                        ]
                      }
                    ],
                    "warnings": []
                  }
                ],
                "errors": [],
                "modelVersion": "2022-03-01"
              }
            }
          ]
        }
      }
    }
  ],
  "Variables": {}
}
