interactions:
- request:
    body: '{"tasks": {"entityRecognitionTasks": [], "entityRecognitionPiiTasks": [{"parameters":
      {"model-version": "latest", "loggingOptOut": true, "piiCategories": ["USSocialSecurityNumber",
      "ABARoutingNumber"], "stringIndexType": "UnicodeCodePoint"}}], "keyPhraseExtractionTasks":
      [], "entityLinkingTasks": [], "sentimentAnalysisTasks": [], "extractiveSummarizationTasks":
      [], "customEntityRecognitionTasks": [], "customSingleClassificationTasks": [],
      "customMultiClassificationTasks": []}, "analysisInput": {"documents": [{"id":
      "1", "text": "My SSN is 859-98-0987.", "language": "en"}, {"id": "2", "text":
      "Your ABA number - 111000025 - is the first 9 digits in the lower left hand
      corner of your personal check.", "language": "en"}, {"id": "3", "text": "Is
      998.214.865-68 your Brazilian CPF number?", "language": "en"}]}}'
    headers:
      Accept:
      - application/json, text/json
      Accept-Encoding:
      - gzip, deflate
      Connection:
      - keep-alive
      Content-Length:
      - '815'
      Content-Type:
      - application/json
      User-Agent:
      - azsdk-python-ai-textanalytics/5.2.0b2 Python/3.9.0 (Windows-10-10.0.19041-SP0)
    method: POST
    uri: https://westus2.api.cognitive.microsoft.com/text/analytics/v3.2-preview.2/analyze
  response:
    body:
      string: ''
    headers:
      apim-request-id:
      - 1889729c-a6cc-44e6-9ebc-f6dfe9e9182b
      date:
      - Wed, 06 Oct 2021 20:52:00 GMT
      operation-location:
      - https://westus2.api.cognitive.microsoft.com/text/analytics/v3.2-preview.2/analyze/jobs/51b3c06c-5e48-4757-b901-2c57c3faf90b
      strict-transport-security:
      - max-age=31536000; includeSubDomains; preload
      transfer-encoding:
      - chunked
      x-content-type-options:
      - nosniff
      x-envoy-upstream-service-time:
      - '241'
    status:
      code: 202
      message: Accepted
- request:
    body: null
    headers:
      Accept:
      - '*/*'
      Accept-Encoding:
      - gzip, deflate
      Connection:
      - keep-alive
      User-Agent:
      - azsdk-python-ai-textanalytics/5.2.0b2 Python/3.9.0 (Windows-10-10.0.19041-SP0)
    method: GET
    uri: https://westus2.api.cognitive.microsoft.com/text/analytics/v3.2-preview.2/analyze/jobs/51b3c06c-5e48-4757-b901-2c57c3faf90b
  response:
    body:
      string: '{"jobId":"51b3c06c-5e48-4757-b901-2c57c3faf90b","lastUpdateDateTime":"2021-10-06T20:52:01Z","createdDateTime":"2021-10-06T20:52:01Z","expirationDateTime":"2021-10-07T20:52:01Z","status":"running","errors":[],"displayName":"NA","tasks":{"completed":0,"failed":0,"inProgress":1,"total":1}}'
    headers:
      apim-request-id:
      - e5d0a267-0fa9-4711-9c27-31905b05a1b7
      content-type:
      - application/json; charset=utf-8
      date:
      - Wed, 06 Oct 2021 20:52:06 GMT
      strict-transport-security:
      - max-age=31536000; includeSubDomains; preload
      transfer-encoding:
      - chunked
      x-content-type-options:
      - nosniff
      x-envoy-upstream-service-time:
      - '9'
    status:
      code: 200
      message: OK
- request:
    body: null
    headers:
      Accept:
      - '*/*'
      Accept-Encoding:
      - gzip, deflate
      Connection:
      - keep-alive
      User-Agent:
      - azsdk-python-ai-textanalytics/5.2.0b2 Python/3.9.0 (Windows-10-10.0.19041-SP0)
    method: GET
    uri: https://westus2.api.cognitive.microsoft.com/text/analytics/v3.2-preview.2/analyze/jobs/51b3c06c-5e48-4757-b901-2c57c3faf90b
  response:
    body:
      string: '{"jobId":"51b3c06c-5e48-4757-b901-2c57c3faf90b","lastUpdateDateTime":"2021-10-06T20:52:09Z","createdDateTime":"2021-10-06T20:52:01Z","expirationDateTime":"2021-10-07T20:52:01Z","status":"succeeded","errors":[],"displayName":"NA","tasks":{"completed":1,"failed":0,"inProgress":0,"total":1,"entityRecognitionPiiTasks":[{"lastUpdateDateTime":"2021-10-06T20:52:09.0178727Z","state":"succeeded","results":{"documents":[{"redactedText":"My
        SSN is ***********.","id":"1","entities":[{"text":"859-98-0987","category":"USSocialSecurityNumber","offset":10,"length":11,"confidenceScore":0.65}],"warnings":[]},{"redactedText":"Your
        ABA number - ********* - is the first 9 digits in the lower left hand corner
        of your personal check.","id":"2","entities":[{"text":"111000025","category":"ABARoutingNumber","offset":18,"length":9,"confidenceScore":0.75}],"warnings":[]},{"redactedText":"Is
        998.214.865-68 your Brazilian CPF number?","id":"3","entities":[],"warnings":[]}],"errors":[],"modelVersion":"2021-01-15"}}]}}'
    headers:
      apim-request-id:
      - f80e9402-2447-4807-bb3d-05a7b7763814
      content-type:
      - application/json; charset=utf-8
      date:
      - Wed, 06 Oct 2021 20:52:11 GMT
      strict-transport-security:
      - max-age=31536000; includeSubDomains; preload
      transfer-encoding:
      - chunked
      x-content-type-options:
      - nosniff
      x-envoy-upstream-service-time:
      - '75'
    status:
      code: 200
      message: OK
version: 1
