interactions:
- request:
    body: '{"tasks": {"entityRecognitionTasks": [{"parameters": {"model-version":
      "latest", "loggingOptOut": false, "stringIndexType": "UnicodeCodePoint"}}],
      "entityRecognitionPiiTasks": [{"parameters": {"model-version": "latest", "loggingOptOut":
      true, "stringIndexType": "UnicodeCodePoint"}}], "keyPhraseExtractionTasks":
      [{"parameters": {"model-version": "latest", "loggingOptOut": false}}], "entityLinkingTasks":
      [{"parameters": {"model-version": "latest", "loggingOptOut": false, "stringIndexType":
      "UnicodeCodePoint"}}], "sentimentAnalysisTasks": [{"parameters": {"model-version":
      "latest", "loggingOptOut": false, "opinionMining": false}}], "extractiveSummarizationTasks":
      [{"parameters": {"model-version": "latest", "loggingOptOut": false, "stringIndexType":
      "UnicodeCodePoint", "sentenceCount": 3, "sortBy": "Offset"}}]}, "analysisInput":
      {"documents": [{"id": "56", "text": ":)", "language": "en"}, {"id": "0", "text":
      ":(", "language": "en"}, {"id": "19", "text": ":P", "language": "en"}, {"id":
      "1", "text": ":D", "language": "en"}]}}'
    headers:
      Accept:
      - application/json, text/json
      Content-Length:
      - '1035'
      Content-Type:
      - application/json
      User-Agent:
      - azsdk-python-ai-textanalytics/5.2.0b1 Python/3.9.0 (Windows-10-10.0.19041-SP0)
    method: POST
    uri: https://westus2.api.cognitive.microsoft.com/text/analytics/v3.2-preview.1/analyze
  response:
    body:
      string: ''
    headers:
      apim-request-id: e8424112-9878-4972-af8c-6e047528c643
      date: Mon, 02 Aug 2021 21:46:58 GMT
      operation-location: https://westus2.api.cognitive.microsoft.com/text/analytics/v3.2-preview.1/analyze/jobs/9828f1ed-769e-4ee5-b6ce-d87d9fe0f116
      strict-transport-security: max-age=31536000; includeSubDomains; preload
      transfer-encoding: chunked
      x-content-type-options: nosniff
      x-envoy-upstream-service-time: '320'
    status:
      code: 202
      message: Accepted
    url: https://tacanaryjava.cognitiveservices.azure.com//text/analytics/v3.2-preview.1/analyze
- request:
    body: null
    headers:
      User-Agent:
      - azsdk-python-ai-textanalytics/5.2.0b1 Python/3.9.0 (Windows-10-10.0.19041-SP0)
    method: GET
    uri: https://westus2.api.cognitive.microsoft.com/text/analytics/v3.2-preview.1/analyze/jobs/9828f1ed-769e-4ee5-b6ce-d87d9fe0f116
  response:
    body:
      string: '{"jobId":"9828f1ed-769e-4ee5-b6ce-d87d9fe0f116","lastUpdateDateTime":"2021-08-02T21:46:59Z","createdDateTime":"2021-08-02T21:46:58Z","expirationDateTime":"2021-08-03T21:46:58Z","status":"running","errors":[],"displayName":"NA","tasks":{"completed":0,"failed":0,"inProgress":6,"total":6}}'
    headers:
      apim-request-id: c09cc62a-8e29-46f8-b0e6-a644b82e0e45
      content-type: application/json; charset=utf-8
      date: Mon, 02 Aug 2021 21:47:03 GMT
      strict-transport-security: max-age=31536000; includeSubDomains; preload
      transfer-encoding: chunked
      x-content-type-options: nosniff
      x-envoy-upstream-service-time: '12'
    status:
      code: 200
      message: OK
    url: https://tacanaryjava.cognitiveservices.azure.com/text/analytics/v3.2-preview.1/analyze/jobs/9828f1ed-769e-4ee5-b6ce-d87d9fe0f116
- request:
    body: null
    headers:
      User-Agent:
      - azsdk-python-ai-textanalytics/5.2.0b1 Python/3.9.0 (Windows-10-10.0.19041-SP0)
    method: GET
    uri: https://westus2.api.cognitive.microsoft.com/text/analytics/v3.2-preview.1/analyze/jobs/9828f1ed-769e-4ee5-b6ce-d87d9fe0f116
  response:
    body:
      string: '{"jobId":"9828f1ed-769e-4ee5-b6ce-d87d9fe0f116","lastUpdateDateTime":"2021-08-02T21:47:05Z","createdDateTime":"2021-08-02T21:46:58Z","expirationDateTime":"2021-08-03T21:46:58Z","status":"running","errors":[],"displayName":"NA","tasks":{"completed":5,"failed":0,"inProgress":1,"total":6,"entityRecognitionTasks":[{"lastUpdateDateTime":"2021-08-02T21:47:05.2917781Z","taskName":"NamedEntityRecognition_latest","state":"succeeded","results":{"documents":[{"id":"56","entities":[],"warnings":[]},{"id":"0","entities":[],"warnings":[]},{"id":"19","entities":[],"warnings":[]},{"id":"1","entities":[],"warnings":[]}],"errors":[],"modelVersion":"2021-06-01"}}],"entityLinkingTasks":[{"lastUpdateDateTime":"2021-08-02T21:47:03.9905407Z","taskName":"EntityLinking_latest","state":"succeeded","results":{"documents":[{"id":"56","entities":[],"warnings":[]},{"id":"0","entities":[],"warnings":[]},{"id":"19","entities":[],"warnings":[]},{"id":"1","entities":[],"warnings":[]}],"errors":[],"modelVersion":"2021-06-01"}}],"entityRecognitionPiiTasks":[{"lastUpdateDateTime":"2021-08-02T21:47:05.299537Z","taskName":"PersonallyIdentifiableInformation_latest","state":"succeeded","results":{"documents":[{"redactedText":":)","id":"56","entities":[],"warnings":[]},{"redactedText":":(","id":"0","entities":[],"warnings":[]},{"redactedText":":P","id":"19","entities":[],"warnings":[]},{"redactedText":":D","id":"1","entities":[],"warnings":[]}],"errors":[],"modelVersion":"2021-01-15"}}],"extractiveSummarizationTasks":[{"lastUpdateDateTime":"2021-08-02T21:47:05.6267931Z","taskName":"ExtractiveSummarization_latest","state":"succeeded","results":{"documents":[{"id":"56","sentences":[{"text":":)","rankScore":1.0,"offset":0,"length":2}],"warnings":[]},{"id":"0","sentences":[{"text":":(","rankScore":1.0,"offset":0,"length":2}],"warnings":[]},{"id":"19","sentences":[{"text":":P","rankScore":1.0,"offset":0,"length":2}],"warnings":[]},{"id":"1","sentences":[{"text":":D","rankScore":1.0,"offset":0,"length":2}],"warnings":[]}],"errors":[],"modelVersion":"2021-08-01"}}],"keyPhraseExtractionTasks":[{"lastUpdateDateTime":"2021-08-02T21:47:04.9356175Z","taskName":"KeyPhraseExtraction_latest","state":"succeeded","results":{"documents":[{"id":"56","keyPhrases":[],"warnings":[]},{"id":"0","keyPhrases":[],"warnings":[]},{"id":"19","keyPhrases":[],"warnings":[]},{"id":"1","keyPhrases":[],"warnings":[]}],"errors":[],"modelVersion":"2021-06-01"}}]}}'
    headers:
      apim-request-id: 0a291357-0994-44af-abf6-a11bb8d39a19
      content-type: application/json; charset=utf-8
      date: Mon, 02 Aug 2021 21:47:08 GMT
      strict-transport-security: max-age=31536000; includeSubDomains; preload
      transfer-encoding: chunked
      x-content-type-options: nosniff
      x-envoy-upstream-service-time: '235'
    status:
      code: 200
      message: OK
    url: https://tacanaryjava.cognitiveservices.azure.com/text/analytics/v3.2-preview.1/analyze/jobs/9828f1ed-769e-4ee5-b6ce-d87d9fe0f116
- request:
    body: null
    headers:
      User-Agent:
      - azsdk-python-ai-textanalytics/5.2.0b1 Python/3.9.0 (Windows-10-10.0.19041-SP0)
    method: GET
    uri: https://westus2.api.cognitive.microsoft.com/text/analytics/v3.2-preview.1/analyze/jobs/9828f1ed-769e-4ee5-b6ce-d87d9fe0f116
  response:
    body:
      string: '{"jobId":"9828f1ed-769e-4ee5-b6ce-d87d9fe0f116","lastUpdateDateTime":"2021-08-02T21:47:10Z","createdDateTime":"2021-08-02T21:46:58Z","expirationDateTime":"2021-08-03T21:46:58Z","status":"succeeded","errors":[],"displayName":"NA","tasks":{"completed":6,"failed":0,"inProgress":0,"total":6,"entityRecognitionTasks":[{"lastUpdateDateTime":"2021-08-02T21:47:05.2917781Z","taskName":"NamedEntityRecognition_latest","state":"succeeded","results":{"documents":[{"id":"56","entities":[],"warnings":[]},{"id":"0","entities":[],"warnings":[]},{"id":"19","entities":[],"warnings":[]},{"id":"1","entities":[],"warnings":[]}],"errors":[],"modelVersion":"2021-06-01"}}],"entityLinkingTasks":[{"lastUpdateDateTime":"2021-08-02T21:47:03.9905407Z","taskName":"EntityLinking_latest","state":"succeeded","results":{"documents":[{"id":"56","entities":[],"warnings":[]},{"id":"0","entities":[],"warnings":[]},{"id":"19","entities":[],"warnings":[]},{"id":"1","entities":[],"warnings":[]}],"errors":[],"modelVersion":"2021-06-01"}}],"entityRecognitionPiiTasks":[{"lastUpdateDateTime":"2021-08-02T21:47:05.299537Z","taskName":"PersonallyIdentifiableInformation_latest","state":"succeeded","results":{"documents":[{"redactedText":":)","id":"56","entities":[],"warnings":[]},{"redactedText":":(","id":"0","entities":[],"warnings":[]},{"redactedText":":P","id":"19","entities":[],"warnings":[]},{"redactedText":":D","id":"1","entities":[],"warnings":[]}],"errors":[],"modelVersion":"2021-01-15"}}],"extractiveSummarizationTasks":[{"lastUpdateDateTime":"2021-08-02T21:47:05.6267931Z","taskName":"ExtractiveSummarization_latest","state":"succeeded","results":{"documents":[{"id":"56","sentences":[{"text":":)","rankScore":1.0,"offset":0,"length":2}],"warnings":[]},{"id":"0","sentences":[{"text":":(","rankScore":1.0,"offset":0,"length":2}],"warnings":[]},{"id":"19","sentences":[{"text":":P","rankScore":1.0,"offset":0,"length":2}],"warnings":[]},{"id":"1","sentences":[{"text":":D","rankScore":1.0,"offset":0,"length":2}],"warnings":[]}],"errors":[],"modelVersion":"2021-08-01"}}],"keyPhraseExtractionTasks":[{"lastUpdateDateTime":"2021-08-02T21:47:04.9356175Z","taskName":"KeyPhraseExtraction_latest","state":"succeeded","results":{"documents":[{"id":"56","keyPhrases":[],"warnings":[]},{"id":"0","keyPhrases":[],"warnings":[]},{"id":"19","keyPhrases":[],"warnings":[]},{"id":"1","keyPhrases":[],"warnings":[]}],"errors":[],"modelVersion":"2021-06-01"}}],"sentimentAnalysisTasks":[{"lastUpdateDateTime":"2021-08-02T21:47:10.6387869Z","taskName":"SentimentAnalysis_latest","state":"succeeded","results":{"documents":[{"id":"56","sentiment":"positive","confidenceScores":{"positive":0.89,"neutral":0.1,"negative":0.01},"sentences":[{"sentiment":"positive","confidenceScores":{"positive":0.89,"neutral":0.1,"negative":0.01},"offset":0,"length":2,"text":":)"}],"warnings":[]},{"id":"0","sentiment":"negative","confidenceScores":{"positive":0.0,"neutral":0.02,"negative":0.98},"sentences":[{"sentiment":"negative","confidenceScores":{"positive":0.0,"neutral":0.02,"negative":0.98},"offset":0,"length":2,"text":":("}],"warnings":[]},{"id":"19","sentiment":"neutral","confidenceScores":{"positive":0.3,"neutral":0.67,"negative":0.03},"sentences":[{"sentiment":"neutral","confidenceScores":{"positive":0.3,"neutral":0.67,"negative":0.03},"offset":0,"length":2,"text":":P"}],"warnings":[]},{"id":"1","sentiment":"positive","confidenceScores":{"positive":0.89,"neutral":0.1,"negative":0.01},"sentences":[{"sentiment":"positive","confidenceScores":{"positive":0.89,"neutral":0.1,"negative":0.01},"offset":0,"length":2,"text":":D"}],"warnings":[]}],"errors":[],"modelVersion":"2020-04-01"}}]}}'
    headers:
      apim-request-id: 8a3d1924-7d1a-480d-8ec5-18850128339b
      content-type: application/json; charset=utf-8
      date: Mon, 02 Aug 2021 21:47:13 GMT
      strict-transport-security: max-age=31536000; includeSubDomains; preload
      transfer-encoding: chunked
      x-content-type-options: nosniff
      x-envoy-upstream-service-time: '275'
    status:
      code: 200
      message: OK
    url: https://tacanaryjava.cognitiveservices.azure.com/text/analytics/v3.2-preview.1/analyze/jobs/9828f1ed-769e-4ee5-b6ce-d87d9fe0f116
version: 1
