interactions:
- request:
    body: '{"tasks": {"entityRecognitionTasks": [], "entityRecognitionPiiTasks": [],
      "keyPhraseExtractionTasks": [], "entityLinkingTasks": [], "sentimentAnalysisTasks":
      [{"parameters": {"model-version": "latest", "loggingOptOut": false, "opinionMining":
      false}}]}, "analysisInput": {"documents": [{"id": "1", "text": "Microsoft was
      founded by Bill Gates and Paul Allen.", "language": "en"}, {"id": "2", "text":
      "I did not like the hotel we stayed at. It was too expensive.", "language":
      "en"}, {"id": "3", "text": "The restaurant had really good food. I recommend
      you try it.", "language": "en"}]}}'
    headers:
      Accept:
      - application/json, text/json
      Accept-Encoding:
      - gzip, deflate
      Connection:
      - keep-alive
      Content-Length:
      - '587'
      Content-Type:
      - application/json
      User-Agent:
      - azsdk-python-ai-textanalytics/5.1.0b7 Python/3.9.1 (macOS-10.16-x86_64-i386-64bit)
    method: POST
    uri: https://westus2.api.cognitive.microsoft.com/text/analytics/v3.1-preview.5/analyze
  response:
    body:
      string: ''
    headers:
      apim-request-id:
      - c728ad66-6eab-4962-8614-e34dc9a1f490
      date:
      - Tue, 18 May 2021 17:46:47 GMT
      operation-location:
      - https://westus2.api.cognitive.microsoft.com/text/analytics/v3.1-preview.5/analyze/jobs/edffa24e-3743-4e58-b907-a60d462b91d4
      strict-transport-security:
      - max-age=31536000; includeSubDomains; preload
      transfer-encoding:
      - chunked
      x-content-type-options:
      - nosniff
      x-envoy-upstream-service-time:
      - '153'
    status:
      code: 202
      message: Accepted
- request:
    body: null
    headers:
      Accept:
      - '*/*'
      Accept-Encoding:
      - gzip, deflate
      Connection:
      - keep-alive
      User-Agent:
      - azsdk-python-ai-textanalytics/5.1.0b7 Python/3.9.1 (macOS-10.16-x86_64-i386-64bit)
    method: GET
    uri: https://westus2.api.cognitive.microsoft.com/text/analytics/v3.1-preview.5/analyze/jobs/edffa24e-3743-4e58-b907-a60d462b91d4?showStats=True
  response:
    body:
      string: '{"jobId":"edffa24e-3743-4e58-b907-a60d462b91d4","lastUpdateDateTime":"2021-05-18T17:46:51Z","createdDateTime":"2021-05-18T17:46:47Z","expirationDateTime":"2021-05-19T17:46:47Z","status":"running","errors":[],"displayName":"NA","tasks":{"details":{"name":"NA","lastUpdateDateTime":"2021-05-18T17:46:51Z"},"completed":0,"failed":0,"inProgress":1,"total":1}}'
    headers:
      apim-request-id:
      - 58f1014c-efa3-42a6-801e-1ff770070375
      content-type:
      - application/json; charset=utf-8
      date:
      - Tue, 18 May 2021 17:46:52 GMT
      strict-transport-security:
      - max-age=31536000; includeSubDomains; preload
      transfer-encoding:
      - chunked
      x-content-type-options:
      - nosniff
      x-envoy-upstream-service-time:
      - '45'
    status:
      code: 200
      message: OK
- request:
    body: null
    headers:
      Accept:
      - '*/*'
      Accept-Encoding:
      - gzip, deflate
      Connection:
      - keep-alive
      User-Agent:
      - azsdk-python-ai-textanalytics/5.1.0b7 Python/3.9.1 (macOS-10.16-x86_64-i386-64bit)
    method: GET
    uri: https://westus2.api.cognitive.microsoft.com/text/analytics/v3.1-preview.5/analyze/jobs/edffa24e-3743-4e58-b907-a60d462b91d4?showStats=True
  response:
    body:
      string: '{"jobId":"edffa24e-3743-4e58-b907-a60d462b91d4","lastUpdateDateTime":"2021-05-18T17:46:51Z","createdDateTime":"2021-05-18T17:46:47Z","expirationDateTime":"2021-05-19T17:46:47Z","status":"running","errors":[],"displayName":"NA","tasks":{"details":{"name":"NA","lastUpdateDateTime":"2021-05-18T17:46:51Z"},"completed":0,"failed":0,"inProgress":1,"total":1}}'
    headers:
      apim-request-id:
      - 0e3bbfaf-52e9-4928-9dde-86c44afff7ae
      content-type:
      - application/json; charset=utf-8
      date:
      - Tue, 18 May 2021 17:46:57 GMT
      strict-transport-security:
      - max-age=31536000; includeSubDomains; preload
      transfer-encoding:
      - chunked
      x-content-type-options:
      - nosniff
      x-envoy-upstream-service-time:
      - '6'
    status:
      code: 200
      message: OK
- request:
    body: null
    headers:
      Accept:
      - '*/*'
      Accept-Encoding:
      - gzip, deflate
      Connection:
      - keep-alive
      User-Agent:
      - azsdk-python-ai-textanalytics/5.1.0b7 Python/3.9.1 (macOS-10.16-x86_64-i386-64bit)
    method: GET
    uri: https://westus2.api.cognitive.microsoft.com/text/analytics/v3.1-preview.5/analyze/jobs/edffa24e-3743-4e58-b907-a60d462b91d4?showStats=True
  response:
    body:
      string: '{"jobId":"edffa24e-3743-4e58-b907-a60d462b91d4","lastUpdateDateTime":"2021-05-18T17:47:03Z","createdDateTime":"2021-05-18T17:46:47Z","expirationDateTime":"2021-05-19T17:46:47Z","status":"succeeded","errors":[],"displayName":"NA","tasks":{"details":{"name":"NA","lastUpdateDateTime":"2021-05-18T17:47:03Z"},"completed":1,"failed":0,"inProgress":0,"total":1,"sentimentAnalysisTasks":[{"lastUpdateDateTime":"2021-05-18T17:47:03.1693063Z","name":"NA","state":"succeeded","results":{"statistics":{"documentsCount":3,"validDocumentsCount":3,"erroneousDocumentsCount":0,"transactionsCount":3},"documents":[{"id":"1","sentiment":"neutral","statistics":{"charactersCount":51,"transactionsCount":1},"confidenceScores":{"positive":0.01,"neutral":0.99,"negative":0.0},"sentences":[{"sentiment":"neutral","confidenceScores":{"positive":0.01,"neutral":0.99,"negative":0.0},"offset":0,"length":51,"text":"Microsoft
        was founded by Bill Gates and Paul Allen."}],"warnings":[]},{"id":"2","sentiment":"negative","statistics":{"charactersCount":60,"transactionsCount":1},"confidenceScores":{"positive":0.01,"neutral":0.22,"negative":0.77},"sentences":[{"sentiment":"negative","confidenceScores":{"positive":0.01,"neutral":0.45,"negative":0.54},"offset":0,"length":38,"text":"I
        did not like the hotel we stayed at."},{"sentiment":"negative","confidenceScores":{"positive":0.0,"neutral":0.0,"negative":1.0},"offset":39,"length":21,"text":"It
        was too expensive."}],"warnings":[]},{"id":"3","sentiment":"positive","statistics":{"charactersCount":60,"transactionsCount":1},"confidenceScores":{"positive":0.98,"neutral":0.02,"negative":0.0},"sentences":[{"sentiment":"positive","confidenceScores":{"positive":1.0,"neutral":0.0,"negative":0.0},"offset":0,"length":36,"text":"The
        restaurant had really good food."},{"sentiment":"positive","confidenceScores":{"positive":0.96,"neutral":0.03,"negative":0.01},"offset":37,"length":23,"text":"I
        recommend you try it."}],"warnings":[]}],"errors":[],"modelVersion":"2020-04-01"}}]}}'
    headers:
      apim-request-id:
      - 57faea25-c64d-4b00-ab45-74f7c801557f
      content-type:
      - application/json; charset=utf-8
      date:
      - Tue, 18 May 2021 17:47:03 GMT
      strict-transport-security:
      - max-age=31536000; includeSubDomains; preload
      transfer-encoding:
      - chunked
      x-content-type-options:
      - nosniff
      x-envoy-upstream-service-time:
      - '64'
    status:
      code: 200
      message: OK
version: 1
