interactions:
- request:
    body: '{"documents": [{"id": "1", "text": "I will go to the park.", "language":
      "es"}, {"id": "2", "text": "I did not like the hotel we stayed at.", "language":
      "es"}, {"id": "3", "text": "The restaurant had really good food.", "language":
      "es"}]}'
    headers:
      Accept:
      - application/json, text/json
      Accept-Encoding:
      - gzip, deflate
      Connection:
      - keep-alive
      Content-Length:
      - '240'
      Content-Type:
      - application/json
      User-Agent:
      - azsdk-python-ai-textanalytics/5.1.0b6 Python/3.9.1 (macOS-10.13.6-x86_64-i386-64bit)
    method: POST
    uri: https://westus2.api.cognitive.microsoft.com/text/analytics/v3.1-preview.4/entities/recognition/general?showStats=false&stringIndexType=UnicodeCodePoint
  response:
    body:
      string: '{"documents":[{"id":"1","entities":[{"text":"park","category":"Location","offset":17,"length":4,"confidenceScore":0.95}],"warnings":[]},{"id":"2","entities":[{"text":"hotel","category":"Location","offset":19,"length":5,"confidenceScore":0.89}],"warnings":[]},{"id":"3","entities":[{"text":"restaurant","category":"Location","offset":4,"length":10,"confidenceScore":0.87}],"warnings":[]}],"errors":[],"modelVersion":"2021-01-15"}'
    headers:
      apim-request-id:
      - 69823845-2eeb-48ec-8661-a3d61d439b9c
      content-type:
      - application/json; charset=utf-8
      csp-billing-usage:
      - CognitiveServices.TextAnalytics.BatchScoring=3
      date:
      - Tue, 23 Feb 2021 17:08:55 GMT
      strict-transport-security:
      - max-age=31536000; includeSubDomains; preload
      transfer-encoding:
      - chunked
      x-content-type-options:
      - nosniff
      x-envoy-upstream-service-time:
      - '40'
    status:
      code: 200
      message: OK
- request:
    body: '{"documents": [{"id": "1", "text": "I will go to the park.", "language":
      "en"}, {"id": "2", "text": "I did not like the hotel we stayed at.", "language":
      "en"}, {"id": "3", "text": "The restaurant had really good food.", "language":
      "en"}]}'
    headers:
      Accept:
      - application/json, text/json
      Accept-Encoding:
      - gzip, deflate
      Connection:
      - keep-alive
      Content-Length:
      - '240'
      Content-Type:
      - application/json
      User-Agent:
      - azsdk-python-ai-textanalytics/5.1.0b6 Python/3.9.1 (macOS-10.13.6-x86_64-i386-64bit)
    method: POST
    uri: https://westus2.api.cognitive.microsoft.com/text/analytics/v3.1-preview.4/entities/recognition/general?showStats=false&stringIndexType=UnicodeCodePoint
  response:
    body:
      string: '{"documents":[{"id":"1","entities":[{"text":"park","category":"Location","offset":17,"length":4,"confidenceScore":0.95}],"warnings":[]},{"id":"2","entities":[{"text":"hotel","category":"Location","offset":19,"length":5,"confidenceScore":0.89}],"warnings":[]},{"id":"3","entities":[{"text":"restaurant","category":"Location","subcategory":"Structural","offset":4,"length":10,"confidenceScore":0.87}],"warnings":[]}],"errors":[],"modelVersion":"2021-01-15"}'
    headers:
      apim-request-id:
      - 81798908-7a3e-443e-9c0b-38b0b76cf11a
      content-type:
      - application/json; charset=utf-8
      csp-billing-usage:
      - CognitiveServices.TextAnalytics.BatchScoring=3
      date:
      - Tue, 23 Feb 2021 17:08:56 GMT
      strict-transport-security:
      - max-age=31536000; includeSubDomains; preload
      transfer-encoding:
      - chunked
      x-content-type-options:
      - nosniff
      x-envoy-upstream-service-time:
      - '41'
    status:
      code: 200
      message: OK
- request:
    body: '{"documents": [{"id": "1", "text": "I will go to the park.", "language":
      "es"}, {"id": "2", "text": "I did not like the hotel we stayed at.", "language":
      "es"}, {"id": "3", "text": "The restaurant had really good food.", "language":
      "es"}]}'
    headers:
      Accept:
      - application/json, text/json
      Accept-Encoding:
      - gzip, deflate
      Connection:
      - keep-alive
      Content-Length:
      - '240'
      Content-Type:
      - application/json
      User-Agent:
      - azsdk-python-ai-textanalytics/5.1.0b6 Python/3.9.1 (macOS-10.13.6-x86_64-i386-64bit)
    method: POST
    uri: https://westus2.api.cognitive.microsoft.com/text/analytics/v3.1-preview.4/entities/recognition/general?showStats=false&stringIndexType=UnicodeCodePoint
  response:
    body:
      string: '{"documents":[{"id":"1","entities":[{"text":"park","category":"Location","offset":17,"length":4,"confidenceScore":0.95}],"warnings":[]},{"id":"2","entities":[{"text":"hotel","category":"Location","offset":19,"length":5,"confidenceScore":0.89}],"warnings":[]},{"id":"3","entities":[{"text":"restaurant","category":"Location","offset":4,"length":10,"confidenceScore":0.87}],"warnings":[]}],"errors":[],"modelVersion":"2021-01-15"}'
    headers:
      apim-request-id:
      - 931dfb67-431f-44d6-8403-a91d4bb66819
      content-type:
      - application/json; charset=utf-8
      csp-billing-usage:
      - CognitiveServices.TextAnalytics.BatchScoring=3
      date:
      - Tue, 23 Feb 2021 17:08:56 GMT
      strict-transport-security:
      - max-age=31536000; includeSubDomains; preload
      transfer-encoding:
      - chunked
      x-content-type-options:
      - nosniff
      x-envoy-upstream-service-time:
      - '43'
    status:
      code: 200
      message: OK
version: 1
