interactions:
- request:
    body: '{"documents": [{"id": "1", "text": "I will go to the park.", "language":
      "es"}, {"id": "2", "text": "I did not like the hotel we stayed at.", "language":
      "es"}, {"id": "3", "text": "The restaurant had really good food.", "language":
      "es"}]}'
    headers:
      Accept:
      - application/json, text/json
      Content-Length:
      - '240'
      Content-Type:
      - application/json
      User-Agent:
      - azsdk-python-ai-textanalytics/5.1.0b6 Python/3.9.1 (macOS-10.13.6-x86_64-i386-64bit)
    method: POST
    uri: https://westus2.api.cognitive.microsoft.com/text/analytics/v3.1-preview.4/keyPhrases?showStats=false
  response:
    body:
      string: '{"documents":[{"id":"1","keyPhrases":["the park","I will go"],"warnings":[]},{"id":"2","keyPhrases":["I
        did not like the hotel we stayed at"],"warnings":[]},{"id":"3","keyPhrases":["The
        restaurant had really good food"],"warnings":[]}],"errors":[],"modelVersion":"2020-07-01"}'
    headers:
      apim-request-id: 79c11886-af9d-4cc3-a687-a12475abafbd
      content-type: application/json; charset=utf-8
      csp-billing-usage: CognitiveServices.TextAnalytics.BatchScoring=3
      date: Tue, 23 Feb 2021 17:08:41 GMT
      strict-transport-security: max-age=31536000; includeSubDomains; preload
      transfer-encoding: chunked
      x-content-type-options: nosniff
      x-envoy-upstream-service-time: '191'
    status:
      code: 200
      message: OK
    url: https://westus2.api.cognitive.microsoft.com//text/analytics/v3.1-preview.4/keyPhrases?showStats=false
- request:
    body: '{"documents": [{"id": "1", "text": "I will go to the park.", "language":
      "en"}, {"id": "2", "text": "I did not like the hotel we stayed at.", "language":
      "en"}, {"id": "3", "text": "The restaurant had really good food.", "language":
      "en"}]}'
    headers:
      Accept:
      - application/json, text/json
      Content-Length:
      - '240'
      Content-Type:
      - application/json
      User-Agent:
      - azsdk-python-ai-textanalytics/5.1.0b6 Python/3.9.1 (macOS-10.13.6-x86_64-i386-64bit)
    method: POST
    uri: https://westus2.api.cognitive.microsoft.com/text/analytics/v3.1-preview.4/keyPhrases?showStats=false
  response:
    body:
      string: '{"documents":[{"id":"1","keyPhrases":["park"],"warnings":[]},{"id":"2","keyPhrases":["hotel"],"warnings":[]},{"id":"3","keyPhrases":["restaurant","good
        food"],"warnings":[]}],"errors":[],"modelVersion":"2020-07-01"}'
    headers:
      apim-request-id: d72e187a-5fdd-4fc6-b876-00f7bf913bd1
      content-type: application/json; charset=utf-8
      csp-billing-usage: CognitiveServices.TextAnalytics.BatchScoring=3
      date: Tue, 23 Feb 2021 17:08:41 GMT
      strict-transport-security: max-age=31536000; includeSubDomains; preload
      transfer-encoding: chunked
      x-content-type-options: nosniff
      x-envoy-upstream-service-time: '13'
    status:
      code: 200
      message: OK
    url: https://westus2.api.cognitive.microsoft.com//text/analytics/v3.1-preview.4/keyPhrases?showStats=false
- request:
    body: '{"documents": [{"id": "1", "text": "I will go to the park.", "language":
      "es"}, {"id": "2", "text": "I did not like the hotel we stayed at.", "language":
      "es"}, {"id": "3", "text": "The restaurant had really good food.", "language":
      "es"}]}'
    headers:
      Accept:
      - application/json, text/json
      Content-Length:
      - '240'
      Content-Type:
      - application/json
      User-Agent:
      - azsdk-python-ai-textanalytics/5.1.0b6 Python/3.9.1 (macOS-10.13.6-x86_64-i386-64bit)
    method: POST
    uri: https://westus2.api.cognitive.microsoft.com/text/analytics/v3.1-preview.4/keyPhrases?showStats=false
  response:
    body:
      string: '{"documents":[{"id":"1","keyPhrases":["the park","I will go"],"warnings":[]},{"id":"2","keyPhrases":["I
        did not like the hotel we stayed at"],"warnings":[]},{"id":"3","keyPhrases":["The
        restaurant had really good food"],"warnings":[]}],"errors":[],"modelVersion":"2020-07-01"}'
    headers:
      apim-request-id: bd64038a-b5dc-4b07-9675-7c11be48272e
      content-type: application/json; charset=utf-8
      csp-billing-usage: CognitiveServices.TextAnalytics.BatchScoring=3
      date: Tue, 23 Feb 2021 17:08:41 GMT
      strict-transport-security: max-age=31536000; includeSubDomains; preload
      transfer-encoding: chunked
      x-content-type-options: nosniff
      x-envoy-upstream-service-time: '14'
    status:
      code: 200
      message: OK
    url: https://westus2.api.cognitive.microsoft.com//text/analytics/v3.1-preview.4/keyPhrases?showStats=false
version: 1
