interactions:
- request:
    body: '{"tasks": {"entityRecognitionTasks": [{"parameters": {"model-version":
      "latest", "stringIndexType": "TextElements_v8"}}], "entityRecognitionPiiTasks":
      [{"parameters": {"model-version": "latest", "stringIndexType": "TextElements_v8"}}],
      "keyPhraseExtractionTasks": [{"parameters": {"model-version": "latest"}}]},
      "analysisInput": {"documents": [{"id": "1", "text": "I will go to the park.",
      "language": ""}, {"id": "2", "text": "I did not like the hotel we stayed at.",
      "language": ""}, {"id": "3", "text": "The restaurant had really good food.",
      "language": "en"}]}}'
    headers:
      Accept:
      - application/json, text/json
      Content-Length:
      - '566'
      Content-Type:
      - application/json
      User-Agent:
      - azsdk-python-ai-textanalytics/5.1.0b3 Python/3.8.5 (macOS-10.13.6-x86_64-i386-64bit)
    method: POST
    uri: https://westus2.api.cognitive.microsoft.com/text/analytics/v3.1-preview.3/analyze
  response:
    body:
      string: ''
    headers:
      apim-request-id: de0fe5d8-2ee0-4257-8ecf-b0f6902e5614
      date: Thu, 19 Nov 2020 21:23:54 GMT
      operation-location: https://westus2.api.cognitive.microsoft.com/text/analytics/v3.1-preview.3/analyze/jobs/6868b963-d332-4e33-ac81-7677070e512c_637413408000000000
      strict-transport-security: max-age=31536000; includeSubDomains; preload
      transfer-encoding: chunked
      x-content-type-options: nosniff
      x-envoy-upstream-service-time: '36'
    status:
      code: 202
      message: Accepted
    url: https://westus2.api.cognitive.microsoft.com//text/analytics/v3.1-preview.3/analyze
- request:
    body: null
    headers:
      User-Agent:
      - azsdk-python-ai-textanalytics/5.1.0b3 Python/3.8.5 (macOS-10.13.6-x86_64-i386-64bit)
    method: GET
    uri: https://westus2.api.cognitive.microsoft.com/text/analytics/v3.1-preview.3/analyze/jobs/6868b963-d332-4e33-ac81-7677070e512c_637413408000000000
  response:
    body:
      string: '{"jobId":"6868b963-d332-4e33-ac81-7677070e512c_637413408000000000","lastUpdateDateTime":"2020-11-19T21:23:55Z","createdDateTime":"2020-11-19T21:23:54Z","expirationDateTime":"2020-11-20T21:23:54Z","status":"running","errors":[],"tasks":{"details":{"lastUpdateDateTime":"2020-11-19T21:23:55Z"},"completed":1,"failed":0,"inProgress":2,"total":3,"keyPhraseExtractionTasks":[{"lastUpdateDateTime":"2020-11-19T21:23:55.3633322Z","results":{"inTerminalState":true,"documents":[{"id":"1","keyPhrases":["park"],"warnings":[]},{"id":"2","keyPhrases":["hotel"],"warnings":[]},{"id":"3","keyPhrases":["restaurant","good
        food"],"warnings":[]}],"errors":[],"modelVersion":"2020-07-01"}}]}}'
    headers:
      apim-request-id: 131b8738-7a5b-4461-9e1d-ebf1812733dd
      content-type: application/json; charset=utf-8
      date: Thu, 19 Nov 2020 21:23:59 GMT
      strict-transport-security: max-age=31536000; includeSubDomains; preload
      transfer-encoding: chunked
      x-content-type-options: nosniff
      x-envoy-upstream-service-time: '144'
    status:
      code: 200
      message: OK
    url: https://westus2.api.cognitive.microsoft.com/text/analytics/v3.1-preview.3/analyze/jobs/6868b963-d332-4e33-ac81-7677070e512c_637413408000000000
- request:
    body: null
    headers:
      User-Agent:
      - azsdk-python-ai-textanalytics/5.1.0b3 Python/3.8.5 (macOS-10.13.6-x86_64-i386-64bit)
    method: GET
    uri: https://westus2.api.cognitive.microsoft.com/text/analytics/v3.1-preview.3/analyze/jobs/6868b963-d332-4e33-ac81-7677070e512c_637413408000000000
  response:
    body:
      string: '{"jobId":"6868b963-d332-4e33-ac81-7677070e512c_637413408000000000","lastUpdateDateTime":"2020-11-19T21:23:55Z","createdDateTime":"2020-11-19T21:23:54Z","expirationDateTime":"2020-11-20T21:23:54Z","status":"running","errors":[],"tasks":{"details":{"lastUpdateDateTime":"2020-11-19T21:23:55Z"},"completed":1,"failed":0,"inProgress":2,"total":3,"keyPhraseExtractionTasks":[{"lastUpdateDateTime":"2020-11-19T21:23:55.3633322Z","results":{"inTerminalState":true,"documents":[{"id":"1","keyPhrases":["park"],"warnings":[]},{"id":"2","keyPhrases":["hotel"],"warnings":[]},{"id":"3","keyPhrases":["restaurant","good
        food"],"warnings":[]}],"errors":[],"modelVersion":"2020-07-01"}}]}}'
    headers:
      apim-request-id: 6c65c6e1-bc76-4e32-ac5b-1778daf95283
      content-type: application/json; charset=utf-8
      date: Thu, 19 Nov 2020 21:24:04 GMT
      strict-transport-security: max-age=31536000; includeSubDomains; preload
      transfer-encoding: chunked
      x-content-type-options: nosniff
      x-envoy-upstream-service-time: '140'
    status:
      code: 200
      message: OK
    url: https://westus2.api.cognitive.microsoft.com/text/analytics/v3.1-preview.3/analyze/jobs/6868b963-d332-4e33-ac81-7677070e512c_637413408000000000
- request:
    body: null
    headers:
      User-Agent:
      - azsdk-python-ai-textanalytics/5.1.0b3 Python/3.8.5 (macOS-10.13.6-x86_64-i386-64bit)
    method: GET
    uri: https://westus2.api.cognitive.microsoft.com/text/analytics/v3.1-preview.3/analyze/jobs/6868b963-d332-4e33-ac81-7677070e512c_637413408000000000
  response:
    body:
      string: '{"jobId":"6868b963-d332-4e33-ac81-7677070e512c_637413408000000000","lastUpdateDateTime":"2020-11-19T21:23:55Z","createdDateTime":"2020-11-19T21:23:54Z","expirationDateTime":"2020-11-20T21:23:54Z","status":"running","errors":[],"tasks":{"details":{"lastUpdateDateTime":"2020-11-19T21:23:55Z"},"completed":1,"failed":0,"inProgress":2,"total":3,"keyPhraseExtractionTasks":[{"lastUpdateDateTime":"2020-11-19T21:23:55.3633322Z","results":{"inTerminalState":true,"documents":[{"id":"1","keyPhrases":["park"],"warnings":[]},{"id":"2","keyPhrases":["hotel"],"warnings":[]},{"id":"3","keyPhrases":["restaurant","good
        food"],"warnings":[]}],"errors":[],"modelVersion":"2020-07-01"}}]}}'
    headers:
      apim-request-id: dc967fce-8d72-4016-9591-d1288d233354
      content-type: application/json; charset=utf-8
      date: Thu, 19 Nov 2020 21:24:10 GMT
      strict-transport-security: max-age=31536000; includeSubDomains; preload
      transfer-encoding: chunked
      x-content-type-options: nosniff
      x-envoy-upstream-service-time: '197'
    status:
      code: 200
      message: OK
    url: https://westus2.api.cognitive.microsoft.com/text/analytics/v3.1-preview.3/analyze/jobs/6868b963-d332-4e33-ac81-7677070e512c_637413408000000000
- request:
    body: null
    headers:
      User-Agent:
      - azsdk-python-ai-textanalytics/5.1.0b3 Python/3.8.5 (macOS-10.13.6-x86_64-i386-64bit)
    method: GET
    uri: https://westus2.api.cognitive.microsoft.com/text/analytics/v3.1-preview.3/analyze/jobs/6868b963-d332-4e33-ac81-7677070e512c_637413408000000000
  response:
    body:
      string: '{"jobId":"6868b963-d332-4e33-ac81-7677070e512c_637413408000000000","lastUpdateDateTime":"2020-11-19T21:23:55Z","createdDateTime":"2020-11-19T21:23:54Z","expirationDateTime":"2020-11-20T21:23:54Z","status":"running","errors":[],"tasks":{"details":{"lastUpdateDateTime":"2020-11-19T21:23:55Z"},"completed":1,"failed":0,"inProgress":2,"total":3,"keyPhraseExtractionTasks":[{"lastUpdateDateTime":"2020-11-19T21:23:55.3633322Z","results":{"inTerminalState":true,"documents":[{"id":"1","keyPhrases":["park"],"warnings":[]},{"id":"2","keyPhrases":["hotel"],"warnings":[]},{"id":"3","keyPhrases":["restaurant","good
        food"],"warnings":[]}],"errors":[],"modelVersion":"2020-07-01"}}]}}'
    headers:
      apim-request-id: f9b4dbb8-0410-424f-8d11-03b1473bc7ba
      content-type: application/json; charset=utf-8
      date: Thu, 19 Nov 2020 21:24:15 GMT
      strict-transport-security: max-age=31536000; includeSubDomains; preload
      transfer-encoding: chunked
      x-content-type-options: nosniff
      x-envoy-upstream-service-time: '179'
    status:
      code: 200
      message: OK
    url: https://westus2.api.cognitive.microsoft.com/text/analytics/v3.1-preview.3/analyze/jobs/6868b963-d332-4e33-ac81-7677070e512c_637413408000000000
- request:
    body: null
    headers:
      User-Agent:
      - azsdk-python-ai-textanalytics/5.1.0b3 Python/3.8.5 (macOS-10.13.6-x86_64-i386-64bit)
    method: GET
    uri: https://westus2.api.cognitive.microsoft.com/text/analytics/v3.1-preview.3/analyze/jobs/6868b963-d332-4e33-ac81-7677070e512c_637413408000000000
  response:
    body:
      string: '{"jobId":"6868b963-d332-4e33-ac81-7677070e512c_637413408000000000","lastUpdateDateTime":"2020-11-19T21:23:55Z","createdDateTime":"2020-11-19T21:23:54Z","expirationDateTime":"2020-11-20T21:23:54Z","status":"running","errors":[],"tasks":{"details":{"lastUpdateDateTime":"2020-11-19T21:23:55Z"},"completed":1,"failed":0,"inProgress":2,"total":3,"keyPhraseExtractionTasks":[{"lastUpdateDateTime":"2020-11-19T21:23:55.3633322Z","results":{"inTerminalState":true,"documents":[{"id":"1","keyPhrases":["park"],"warnings":[]},{"id":"2","keyPhrases":["hotel"],"warnings":[]},{"id":"3","keyPhrases":["restaurant","good
        food"],"warnings":[]}],"errors":[],"modelVersion":"2020-07-01"}}]}}'
    headers:
      apim-request-id: 67793843-94cc-44d4-93f0-f0e9a5479414
      content-type: application/json; charset=utf-8
      date: Thu, 19 Nov 2020 21:24:20 GMT
      strict-transport-security: max-age=31536000; includeSubDomains; preload
      transfer-encoding: chunked
      x-content-type-options: nosniff
      x-envoy-upstream-service-time: '323'
    status:
      code: 200
      message: OK
    url: https://westus2.api.cognitive.microsoft.com/text/analytics/v3.1-preview.3/analyze/jobs/6868b963-d332-4e33-ac81-7677070e512c_637413408000000000
- request:
    body: null
    headers:
      User-Agent:
      - azsdk-python-ai-textanalytics/5.1.0b3 Python/3.8.5 (macOS-10.13.6-x86_64-i386-64bit)
    method: GET
    uri: https://westus2.api.cognitive.microsoft.com/text/analytics/v3.1-preview.3/analyze/jobs/6868b963-d332-4e33-ac81-7677070e512c_637413408000000000
  response:
    body:
      string: '{"jobId":"6868b963-d332-4e33-ac81-7677070e512c_637413408000000000","lastUpdateDateTime":"2020-11-19T21:23:55Z","createdDateTime":"2020-11-19T21:23:54Z","expirationDateTime":"2020-11-20T21:23:54Z","status":"running","errors":[],"tasks":{"details":{"lastUpdateDateTime":"2020-11-19T21:23:55Z"},"completed":1,"failed":0,"inProgress":2,"total":3,"keyPhraseExtractionTasks":[{"lastUpdateDateTime":"2020-11-19T21:23:55.3633322Z","results":{"inTerminalState":true,"documents":[{"id":"1","keyPhrases":["park"],"warnings":[]},{"id":"2","keyPhrases":["hotel"],"warnings":[]},{"id":"3","keyPhrases":["restaurant","good
        food"],"warnings":[]}],"errors":[],"modelVersion":"2020-07-01"}}]}}'
    headers:
      apim-request-id: 64362823-3712-4de4-920d-f917db67069b
      content-type: application/json; charset=utf-8
      date: Thu, 19 Nov 2020 21:24:26 GMT
      strict-transport-security: max-age=31536000; includeSubDomains; preload
      transfer-encoding: chunked
      x-content-type-options: nosniff
      x-envoy-upstream-service-time: '114'
    status:
      code: 200
      message: OK
    url: https://westus2.api.cognitive.microsoft.com/text/analytics/v3.1-preview.3/analyze/jobs/6868b963-d332-4e33-ac81-7677070e512c_637413408000000000
- request:
    body: null
    headers:
      User-Agent:
      - azsdk-python-ai-textanalytics/5.1.0b3 Python/3.8.5 (macOS-10.13.6-x86_64-i386-64bit)
    method: GET
    uri: https://westus2.api.cognitive.microsoft.com/text/analytics/v3.1-preview.3/analyze/jobs/6868b963-d332-4e33-ac81-7677070e512c_637413408000000000
  response:
    body:
      string: '{"jobId":"6868b963-d332-4e33-ac81-7677070e512c_637413408000000000","lastUpdateDateTime":"2020-11-19T21:23:55Z","createdDateTime":"2020-11-19T21:23:54Z","expirationDateTime":"2020-11-20T21:23:54Z","status":"running","errors":[],"tasks":{"details":{"lastUpdateDateTime":"2020-11-19T21:23:55Z"},"completed":1,"failed":0,"inProgress":2,"total":3,"keyPhraseExtractionTasks":[{"lastUpdateDateTime":"2020-11-19T21:23:55.3633322Z","results":{"inTerminalState":true,"documents":[{"id":"1","keyPhrases":["park"],"warnings":[]},{"id":"2","keyPhrases":["hotel"],"warnings":[]},{"id":"3","keyPhrases":["restaurant","good
        food"],"warnings":[]}],"errors":[],"modelVersion":"2020-07-01"}}]}}'
    headers:
      apim-request-id: c4936071-a614-4482-ae8d-76d8606e9b4a
      content-type: application/json; charset=utf-8
      date: Thu, 19 Nov 2020 21:24:31 GMT
      strict-transport-security: max-age=31536000; includeSubDomains; preload
      transfer-encoding: chunked
      x-content-type-options: nosniff
      x-envoy-upstream-service-time: '135'
    status:
      code: 200
      message: OK
    url: https://westus2.api.cognitive.microsoft.com/text/analytics/v3.1-preview.3/analyze/jobs/6868b963-d332-4e33-ac81-7677070e512c_637413408000000000
- request:
    body: null
    headers:
      User-Agent:
      - azsdk-python-ai-textanalytics/5.1.0b3 Python/3.8.5 (macOS-10.13.6-x86_64-i386-64bit)
    method: GET
    uri: https://westus2.api.cognitive.microsoft.com/text/analytics/v3.1-preview.3/analyze/jobs/6868b963-d332-4e33-ac81-7677070e512c_637413408000000000
  response:
    body:
      string: '{"jobId":"6868b963-d332-4e33-ac81-7677070e512c_637413408000000000","lastUpdateDateTime":"2020-11-19T21:23:55Z","createdDateTime":"2020-11-19T21:23:54Z","expirationDateTime":"2020-11-20T21:23:54Z","status":"running","errors":[],"tasks":{"details":{"lastUpdateDateTime":"2020-11-19T21:23:55Z"},"completed":1,"failed":0,"inProgress":2,"total":3,"keyPhraseExtractionTasks":[{"lastUpdateDateTime":"2020-11-19T21:23:55.3633322Z","results":{"inTerminalState":true,"documents":[{"id":"1","keyPhrases":["park"],"warnings":[]},{"id":"2","keyPhrases":["hotel"],"warnings":[]},{"id":"3","keyPhrases":["restaurant","good
        food"],"warnings":[]}],"errors":[],"modelVersion":"2020-07-01"}}]}}'
    headers:
      apim-request-id: d24feed2-afaa-4ca0-9b6e-c00876736d21
      content-type: application/json; charset=utf-8
      date: Thu, 19 Nov 2020 21:24:37 GMT
      strict-transport-security: max-age=31536000; includeSubDomains; preload
      transfer-encoding: chunked
      x-content-type-options: nosniff
      x-envoy-upstream-service-time: '148'
    status:
      code: 200
      message: OK
    url: https://westus2.api.cognitive.microsoft.com/text/analytics/v3.1-preview.3/analyze/jobs/6868b963-d332-4e33-ac81-7677070e512c_637413408000000000
- request:
    body: null
    headers:
      User-Agent:
      - azsdk-python-ai-textanalytics/5.1.0b3 Python/3.8.5 (macOS-10.13.6-x86_64-i386-64bit)
    method: GET
    uri: https://westus2.api.cognitive.microsoft.com/text/analytics/v3.1-preview.3/analyze/jobs/6868b963-d332-4e33-ac81-7677070e512c_637413408000000000
  response:
    body:
      string: '{"jobId":"6868b963-d332-4e33-ac81-7677070e512c_637413408000000000","lastUpdateDateTime":"2020-11-19T21:23:55Z","createdDateTime":"2020-11-19T21:23:54Z","expirationDateTime":"2020-11-20T21:23:54Z","status":"running","errors":[],"tasks":{"details":{"lastUpdateDateTime":"2020-11-19T21:23:55Z"},"completed":1,"failed":0,"inProgress":2,"total":3,"keyPhraseExtractionTasks":[{"lastUpdateDateTime":"2020-11-19T21:23:55.3633322Z","results":{"inTerminalState":true,"documents":[{"id":"1","keyPhrases":["park"],"warnings":[]},{"id":"2","keyPhrases":["hotel"],"warnings":[]},{"id":"3","keyPhrases":["restaurant","good
        food"],"warnings":[]}],"errors":[],"modelVersion":"2020-07-01"}}]}}'
    headers:
      apim-request-id: ff8f4d69-49b8-43b3-b536-0a394eb54df1
      content-type: application/json; charset=utf-8
      date: Thu, 19 Nov 2020 21:24:41 GMT
      strict-transport-security: max-age=31536000; includeSubDomains; preload
      transfer-encoding: chunked
      x-content-type-options: nosniff
      x-envoy-upstream-service-time: '125'
    status:
      code: 200
      message: OK
    url: https://westus2.api.cognitive.microsoft.com/text/analytics/v3.1-preview.3/analyze/jobs/6868b963-d332-4e33-ac81-7677070e512c_637413408000000000
- request:
    body: null
    headers:
      User-Agent:
      - azsdk-python-ai-textanalytics/5.1.0b3 Python/3.8.5 (macOS-10.13.6-x86_64-i386-64bit)
    method: GET
    uri: https://westus2.api.cognitive.microsoft.com/text/analytics/v3.1-preview.3/analyze/jobs/6868b963-d332-4e33-ac81-7677070e512c_637413408000000000
  response:
    body:
      string: '{"jobId":"6868b963-d332-4e33-ac81-7677070e512c_637413408000000000","lastUpdateDateTime":"2020-11-19T21:23:55Z","createdDateTime":"2020-11-19T21:23:54Z","expirationDateTime":"2020-11-20T21:23:54Z","status":"running","errors":[],"tasks":{"details":{"lastUpdateDateTime":"2020-11-19T21:23:55Z"},"completed":1,"failed":0,"inProgress":2,"total":3,"keyPhraseExtractionTasks":[{"lastUpdateDateTime":"2020-11-19T21:23:55.3633322Z","results":{"inTerminalState":true,"documents":[{"id":"1","keyPhrases":["park"],"warnings":[]},{"id":"2","keyPhrases":["hotel"],"warnings":[]},{"id":"3","keyPhrases":["restaurant","good
        food"],"warnings":[]}],"errors":[],"modelVersion":"2020-07-01"}}]}}'
    headers:
      apim-request-id: 8597d6b0-bc66-4234-9357-9ac4667fe1f2
      content-type: application/json; charset=utf-8
      date: Thu, 19 Nov 2020 21:24:46 GMT
      strict-transport-security: max-age=31536000; includeSubDomains; preload
      transfer-encoding: chunked
      x-content-type-options: nosniff
      x-envoy-upstream-service-time: '127'
    status:
      code: 200
      message: OK
    url: https://westus2.api.cognitive.microsoft.com/text/analytics/v3.1-preview.3/analyze/jobs/6868b963-d332-4e33-ac81-7677070e512c_637413408000000000
- request:
    body: null
    headers:
      User-Agent:
      - azsdk-python-ai-textanalytics/5.1.0b3 Python/3.8.5 (macOS-10.13.6-x86_64-i386-64bit)
    method: GET
    uri: https://westus2.api.cognitive.microsoft.com/text/analytics/v3.1-preview.3/analyze/jobs/6868b963-d332-4e33-ac81-7677070e512c_637413408000000000
  response:
    body:
      string: '{"jobId":"6868b963-d332-4e33-ac81-7677070e512c_637413408000000000","lastUpdateDateTime":"2020-11-19T21:23:55Z","createdDateTime":"2020-11-19T21:23:54Z","expirationDateTime":"2020-11-20T21:23:54Z","status":"running","errors":[],"tasks":{"details":{"lastUpdateDateTime":"2020-11-19T21:23:55Z"},"completed":1,"failed":0,"inProgress":2,"total":3,"keyPhraseExtractionTasks":[{"lastUpdateDateTime":"2020-11-19T21:23:55.3633322Z","results":{"inTerminalState":true,"documents":[{"id":"1","keyPhrases":["park"],"warnings":[]},{"id":"2","keyPhrases":["hotel"],"warnings":[]},{"id":"3","keyPhrases":["restaurant","good
        food"],"warnings":[]}],"errors":[],"modelVersion":"2020-07-01"}}]}}'
    headers:
      apim-request-id: 93232000-0648-489c-8da6-9307703bdeb7
      content-type: application/json; charset=utf-8
      date: Thu, 19 Nov 2020 21:24:52 GMT
      strict-transport-security: max-age=31536000; includeSubDomains; preload
      transfer-encoding: chunked
      x-content-type-options: nosniff
      x-envoy-upstream-service-time: '167'
    status:
      code: 200
      message: OK
    url: https://westus2.api.cognitive.microsoft.com/text/analytics/v3.1-preview.3/analyze/jobs/6868b963-d332-4e33-ac81-7677070e512c_637413408000000000
- request:
    body: null
    headers:
      User-Agent:
      - azsdk-python-ai-textanalytics/5.1.0b3 Python/3.8.5 (macOS-10.13.6-x86_64-i386-64bit)
    method: GET
    uri: https://westus2.api.cognitive.microsoft.com/text/analytics/v3.1-preview.3/analyze/jobs/6868b963-d332-4e33-ac81-7677070e512c_637413408000000000
  response:
    body:
      string: '{"jobId":"6868b963-d332-4e33-ac81-7677070e512c_637413408000000000","lastUpdateDateTime":"2020-11-19T21:23:55Z","createdDateTime":"2020-11-19T21:23:54Z","expirationDateTime":"2020-11-20T21:23:54Z","status":"running","errors":[],"tasks":{"details":{"lastUpdateDateTime":"2020-11-19T21:23:55Z"},"completed":1,"failed":0,"inProgress":2,"total":3,"keyPhraseExtractionTasks":[{"lastUpdateDateTime":"2020-11-19T21:23:55.3633322Z","results":{"inTerminalState":true,"documents":[{"id":"1","keyPhrases":["park"],"warnings":[]},{"id":"2","keyPhrases":["hotel"],"warnings":[]},{"id":"3","keyPhrases":["restaurant","good
        food"],"warnings":[]}],"errors":[],"modelVersion":"2020-07-01"}}]}}'
    headers:
      apim-request-id: 761b430f-081e-4229-8c0e-694c686241c1
      content-type: application/json; charset=utf-8
      date: Thu, 19 Nov 2020 21:24:57 GMT
      strict-transport-security: max-age=31536000; includeSubDomains; preload
      transfer-encoding: chunked
      x-content-type-options: nosniff
      x-envoy-upstream-service-time: '115'
    status:
      code: 200
      message: OK
    url: https://westus2.api.cognitive.microsoft.com/text/analytics/v3.1-preview.3/analyze/jobs/6868b963-d332-4e33-ac81-7677070e512c_637413408000000000
- request:
    body: null
    headers:
      User-Agent:
      - azsdk-python-ai-textanalytics/5.1.0b3 Python/3.8.5 (macOS-10.13.6-x86_64-i386-64bit)
    method: GET
    uri: https://westus2.api.cognitive.microsoft.com/text/analytics/v3.1-preview.3/analyze/jobs/6868b963-d332-4e33-ac81-7677070e512c_637413408000000000
  response:
    body:
      string: '{"jobId":"6868b963-d332-4e33-ac81-7677070e512c_637413408000000000","lastUpdateDateTime":"2020-11-19T21:23:55Z","createdDateTime":"2020-11-19T21:23:54Z","expirationDateTime":"2020-11-20T21:23:54Z","status":"running","errors":[],"tasks":{"details":{"lastUpdateDateTime":"2020-11-19T21:23:55Z"},"completed":1,"failed":0,"inProgress":2,"total":3,"keyPhraseExtractionTasks":[{"lastUpdateDateTime":"2020-11-19T21:23:55.3633322Z","results":{"inTerminalState":true,"documents":[{"id":"1","keyPhrases":["park"],"warnings":[]},{"id":"2","keyPhrases":["hotel"],"warnings":[]},{"id":"3","keyPhrases":["restaurant","good
        food"],"warnings":[]}],"errors":[],"modelVersion":"2020-07-01"}}]}}'
    headers:
      apim-request-id: 110c9f7e-55de-44bf-9b6b-229eec3161f0
      content-type: application/json; charset=utf-8
      date: Thu, 19 Nov 2020 21:25:03 GMT
      strict-transport-security: max-age=31536000; includeSubDomains; preload
      transfer-encoding: chunked
      x-content-type-options: nosniff
      x-envoy-upstream-service-time: '140'
    status:
      code: 200
      message: OK
    url: https://westus2.api.cognitive.microsoft.com/text/analytics/v3.1-preview.3/analyze/jobs/6868b963-d332-4e33-ac81-7677070e512c_637413408000000000
- request:
    body: null
    headers:
      User-Agent:
      - azsdk-python-ai-textanalytics/5.1.0b3 Python/3.8.5 (macOS-10.13.6-x86_64-i386-64bit)
    method: GET
    uri: https://westus2.api.cognitive.microsoft.com/text/analytics/v3.1-preview.3/analyze/jobs/6868b963-d332-4e33-ac81-7677070e512c_637413408000000000
  response:
    body:
      string: '{"jobId":"6868b963-d332-4e33-ac81-7677070e512c_637413408000000000","lastUpdateDateTime":"2020-11-19T21:23:55Z","createdDateTime":"2020-11-19T21:23:54Z","expirationDateTime":"2020-11-20T21:23:54Z","status":"running","errors":[],"tasks":{"details":{"lastUpdateDateTime":"2020-11-19T21:23:55Z"},"completed":1,"failed":0,"inProgress":2,"total":3,"keyPhraseExtractionTasks":[{"lastUpdateDateTime":"2020-11-19T21:23:55.3633322Z","results":{"inTerminalState":true,"documents":[{"id":"1","keyPhrases":["park"],"warnings":[]},{"id":"2","keyPhrases":["hotel"],"warnings":[]},{"id":"3","keyPhrases":["restaurant","good
        food"],"warnings":[]}],"errors":[],"modelVersion":"2020-07-01"}}]}}'
    headers:
      apim-request-id: c37da6e5-9daa-4397-96a2-e2d8a2690b1e
      content-type: application/json; charset=utf-8
      date: Thu, 19 Nov 2020 21:25:07 GMT
      strict-transport-security: max-age=31536000; includeSubDomains; preload
      transfer-encoding: chunked
      x-content-type-options: nosniff
      x-envoy-upstream-service-time: '105'
    status:
      code: 200
      message: OK
    url: https://westus2.api.cognitive.microsoft.com/text/analytics/v3.1-preview.3/analyze/jobs/6868b963-d332-4e33-ac81-7677070e512c_637413408000000000
- request:
    body: null
    headers:
      User-Agent:
      - azsdk-python-ai-textanalytics/5.1.0b3 Python/3.8.5 (macOS-10.13.6-x86_64-i386-64bit)
    method: GET
    uri: https://westus2.api.cognitive.microsoft.com/text/analytics/v3.1-preview.3/analyze/jobs/6868b963-d332-4e33-ac81-7677070e512c_637413408000000000
  response:
    body:
      string: '{"jobId":"6868b963-d332-4e33-ac81-7677070e512c_637413408000000000","lastUpdateDateTime":"2020-11-19T21:23:55Z","createdDateTime":"2020-11-19T21:23:54Z","expirationDateTime":"2020-11-20T21:23:54Z","status":"running","errors":[],"tasks":{"details":{"lastUpdateDateTime":"2020-11-19T21:23:55Z"},"completed":1,"failed":0,"inProgress":2,"total":3,"keyPhraseExtractionTasks":[{"lastUpdateDateTime":"2020-11-19T21:23:55.3633322Z","results":{"inTerminalState":true,"documents":[{"id":"1","keyPhrases":["park"],"warnings":[]},{"id":"2","keyPhrases":["hotel"],"warnings":[]},{"id":"3","keyPhrases":["restaurant","good
        food"],"warnings":[]}],"errors":[],"modelVersion":"2020-07-01"}}]}}'
    headers:
      apim-request-id: e85292af-6680-4564-ae4b-2f5701d899df
      content-type: application/json; charset=utf-8
      date: Thu, 19 Nov 2020 21:25:13 GMT
      strict-transport-security: max-age=31536000; includeSubDomains; preload
      transfer-encoding: chunked
      x-content-type-options: nosniff
      x-envoy-upstream-service-time: '129'
    status:
      code: 200
      message: OK
    url: https://westus2.api.cognitive.microsoft.com/text/analytics/v3.1-preview.3/analyze/jobs/6868b963-d332-4e33-ac81-7677070e512c_637413408000000000
- request:
    body: null
    headers:
      User-Agent:
      - azsdk-python-ai-textanalytics/5.1.0b3 Python/3.8.5 (macOS-10.13.6-x86_64-i386-64bit)
    method: GET
    uri: https://westus2.api.cognitive.microsoft.com/text/analytics/v3.1-preview.3/analyze/jobs/6868b963-d332-4e33-ac81-7677070e512c_637413408000000000
  response:
    body:
      string: '{"jobId":"6868b963-d332-4e33-ac81-7677070e512c_637413408000000000","lastUpdateDateTime":"2020-11-19T21:23:55Z","createdDateTime":"2020-11-19T21:23:54Z","expirationDateTime":"2020-11-20T21:23:54Z","status":"running","errors":[],"tasks":{"details":{"lastUpdateDateTime":"2020-11-19T21:23:55Z"},"completed":1,"failed":0,"inProgress":2,"total":3,"keyPhraseExtractionTasks":[{"lastUpdateDateTime":"2020-11-19T21:23:55.3633322Z","results":{"inTerminalState":true,"documents":[{"id":"1","keyPhrases":["park"],"warnings":[]},{"id":"2","keyPhrases":["hotel"],"warnings":[]},{"id":"3","keyPhrases":["restaurant","good
        food"],"warnings":[]}],"errors":[],"modelVersion":"2020-07-01"}}]}}'
    headers:
      apim-request-id: 1ca571fb-1ef7-48a8-bf8b-26b63ef8b5e7
      content-type: application/json; charset=utf-8
      date: Thu, 19 Nov 2020 21:25:18 GMT
      strict-transport-security: max-age=31536000; includeSubDomains; preload
      transfer-encoding: chunked
      x-content-type-options: nosniff
      x-envoy-upstream-service-time: '132'
    status:
      code: 200
      message: OK
    url: https://westus2.api.cognitive.microsoft.com/text/analytics/v3.1-preview.3/analyze/jobs/6868b963-d332-4e33-ac81-7677070e512c_637413408000000000
- request:
    body: null
    headers:
      User-Agent:
      - azsdk-python-ai-textanalytics/5.1.0b3 Python/3.8.5 (macOS-10.13.6-x86_64-i386-64bit)
    method: GET
    uri: https://westus2.api.cognitive.microsoft.com/text/analytics/v3.1-preview.3/analyze/jobs/6868b963-d332-4e33-ac81-7677070e512c_637413408000000000
  response:
    body:
      string: '{"jobId":"6868b963-d332-4e33-ac81-7677070e512c_637413408000000000","lastUpdateDateTime":"2020-11-19T21:23:55Z","createdDateTime":"2020-11-19T21:23:54Z","expirationDateTime":"2020-11-20T21:23:54Z","status":"running","errors":[],"tasks":{"details":{"lastUpdateDateTime":"2020-11-19T21:23:55Z"},"completed":1,"failed":0,"inProgress":2,"total":3,"keyPhraseExtractionTasks":[{"lastUpdateDateTime":"2020-11-19T21:23:55.3633322Z","results":{"inTerminalState":true,"documents":[{"id":"1","keyPhrases":["park"],"warnings":[]},{"id":"2","keyPhrases":["hotel"],"warnings":[]},{"id":"3","keyPhrases":["restaurant","good
        food"],"warnings":[]}],"errors":[],"modelVersion":"2020-07-01"}}]}}'
    headers:
      apim-request-id: 857989c7-ad4f-49da-8968-489b2f75d3ec
      content-type: application/json; charset=utf-8
      date: Thu, 19 Nov 2020 21:25:24 GMT
      strict-transport-security: max-age=31536000; includeSubDomains; preload
      transfer-encoding: chunked
      x-content-type-options: nosniff
      x-envoy-upstream-service-time: '133'
    status:
      code: 200
      message: OK
    url: https://westus2.api.cognitive.microsoft.com/text/analytics/v3.1-preview.3/analyze/jobs/6868b963-d332-4e33-ac81-7677070e512c_637413408000000000
- request:
    body: null
    headers:
      User-Agent:
      - azsdk-python-ai-textanalytics/5.1.0b3 Python/3.8.5 (macOS-10.13.6-x86_64-i386-64bit)
    method: GET
    uri: https://westus2.api.cognitive.microsoft.com/text/analytics/v3.1-preview.3/analyze/jobs/6868b963-d332-4e33-ac81-7677070e512c_637413408000000000
  response:
    body:
      string: '{"jobId":"6868b963-d332-4e33-ac81-7677070e512c_637413408000000000","lastUpdateDateTime":"2020-11-19T21:23:55Z","createdDateTime":"2020-11-19T21:23:54Z","expirationDateTime":"2020-11-20T21:23:54Z","status":"running","errors":[],"tasks":{"details":{"lastUpdateDateTime":"2020-11-19T21:23:55Z"},"completed":1,"failed":0,"inProgress":2,"total":3,"keyPhraseExtractionTasks":[{"lastUpdateDateTime":"2020-11-19T21:23:55.3633322Z","results":{"inTerminalState":true,"documents":[{"id":"1","keyPhrases":["park"],"warnings":[]},{"id":"2","keyPhrases":["hotel"],"warnings":[]},{"id":"3","keyPhrases":["restaurant","good
        food"],"warnings":[]}],"errors":[],"modelVersion":"2020-07-01"}}]}}'
    headers:
      apim-request-id: 72df11fa-a969-4e6c-a49e-2bcda0a9bb17
      content-type: application/json; charset=utf-8
      date: Thu, 19 Nov 2020 21:25:29 GMT
      strict-transport-security: max-age=31536000; includeSubDomains; preload
      transfer-encoding: chunked
      x-content-type-options: nosniff
      x-envoy-upstream-service-time: '147'
    status:
      code: 200
      message: OK
    url: https://westus2.api.cognitive.microsoft.com/text/analytics/v3.1-preview.3/analyze/jobs/6868b963-d332-4e33-ac81-7677070e512c_637413408000000000
- request:
    body: null
    headers:
      User-Agent:
      - azsdk-python-ai-textanalytics/5.1.0b3 Python/3.8.5 (macOS-10.13.6-x86_64-i386-64bit)
    method: GET
    uri: https://westus2.api.cognitive.microsoft.com/text/analytics/v3.1-preview.3/analyze/jobs/6868b963-d332-4e33-ac81-7677070e512c_637413408000000000
  response:
    body:
      string: '{"jobId":"6868b963-d332-4e33-ac81-7677070e512c_637413408000000000","lastUpdateDateTime":"2020-11-19T21:23:55Z","createdDateTime":"2020-11-19T21:23:54Z","expirationDateTime":"2020-11-20T21:23:54Z","status":"running","errors":[],"tasks":{"details":{"lastUpdateDateTime":"2020-11-19T21:23:55Z"},"completed":1,"failed":0,"inProgress":2,"total":3,"keyPhraseExtractionTasks":[{"lastUpdateDateTime":"2020-11-19T21:23:55.3633322Z","results":{"inTerminalState":true,"documents":[{"id":"1","keyPhrases":["park"],"warnings":[]},{"id":"2","keyPhrases":["hotel"],"warnings":[]},{"id":"3","keyPhrases":["restaurant","good
        food"],"warnings":[]}],"errors":[],"modelVersion":"2020-07-01"}}]}}'
    headers:
      apim-request-id: 5ede614b-03f3-4e2c-b5f9-e04f1e6d53da
      content-type: application/json; charset=utf-8
      date: Thu, 19 Nov 2020 21:25:34 GMT
      strict-transport-security: max-age=31536000; includeSubDomains; preload
      transfer-encoding: chunked
      x-content-type-options: nosniff
      x-envoy-upstream-service-time: '145'
    status:
      code: 200
      message: OK
    url: https://westus2.api.cognitive.microsoft.com/text/analytics/v3.1-preview.3/analyze/jobs/6868b963-d332-4e33-ac81-7677070e512c_637413408000000000
- request:
    body: null
    headers:
      User-Agent:
      - azsdk-python-ai-textanalytics/5.1.0b3 Python/3.8.5 (macOS-10.13.6-x86_64-i386-64bit)
    method: GET
    uri: https://westus2.api.cognitive.microsoft.com/text/analytics/v3.1-preview.3/analyze/jobs/6868b963-d332-4e33-ac81-7677070e512c_637413408000000000
  response:
    body:
      string: '{"jobId":"6868b963-d332-4e33-ac81-7677070e512c_637413408000000000","lastUpdateDateTime":"2020-11-19T21:23:55Z","createdDateTime":"2020-11-19T21:23:54Z","expirationDateTime":"2020-11-20T21:23:54Z","status":"running","errors":[],"tasks":{"details":{"lastUpdateDateTime":"2020-11-19T21:23:55Z"},"completed":1,"failed":0,"inProgress":2,"total":3,"keyPhraseExtractionTasks":[{"lastUpdateDateTime":"2020-11-19T21:23:55.3633322Z","results":{"inTerminalState":true,"documents":[{"id":"1","keyPhrases":["park"],"warnings":[]},{"id":"2","keyPhrases":["hotel"],"warnings":[]},{"id":"3","keyPhrases":["restaurant","good
        food"],"warnings":[]}],"errors":[],"modelVersion":"2020-07-01"}}]}}'
    headers:
      apim-request-id: a713afc9-3f13-4bba-ae21-0bd364020e4f
      content-type: application/json; charset=utf-8
      date: Thu, 19 Nov 2020 21:25:39 GMT
      strict-transport-security: max-age=31536000; includeSubDomains; preload
      transfer-encoding: chunked
      x-content-type-options: nosniff
      x-envoy-upstream-service-time: '130'
    status:
      code: 200
      message: OK
    url: https://westus2.api.cognitive.microsoft.com/text/analytics/v3.1-preview.3/analyze/jobs/6868b963-d332-4e33-ac81-7677070e512c_637413408000000000
- request:
    body: null
    headers:
      User-Agent:
      - azsdk-python-ai-textanalytics/5.1.0b3 Python/3.8.5 (macOS-10.13.6-x86_64-i386-64bit)
    method: GET
    uri: https://westus2.api.cognitive.microsoft.com/text/analytics/v3.1-preview.3/analyze/jobs/6868b963-d332-4e33-ac81-7677070e512c_637413408000000000
  response:
    body:
      string: '{"jobId":"6868b963-d332-4e33-ac81-7677070e512c_637413408000000000","lastUpdateDateTime":"2020-11-19T21:23:55Z","createdDateTime":"2020-11-19T21:23:54Z","expirationDateTime":"2020-11-20T21:23:54Z","status":"running","errors":[],"tasks":{"details":{"lastUpdateDateTime":"2020-11-19T21:23:55Z"},"completed":1,"failed":0,"inProgress":2,"total":3,"keyPhraseExtractionTasks":[{"lastUpdateDateTime":"2020-11-19T21:23:55.3633322Z","results":{"inTerminalState":true,"documents":[{"id":"1","keyPhrases":["park"],"warnings":[]},{"id":"2","keyPhrases":["hotel"],"warnings":[]},{"id":"3","keyPhrases":["restaurant","good
        food"],"warnings":[]}],"errors":[],"modelVersion":"2020-07-01"}}]}}'
    headers:
      apim-request-id: 5d085224-089b-4a12-a655-01c26b637a78
      content-type: application/json; charset=utf-8
      date: Thu, 19 Nov 2020 21:25:44 GMT
      strict-transport-security: max-age=31536000; includeSubDomains; preload
      transfer-encoding: chunked
      x-content-type-options: nosniff
      x-envoy-upstream-service-time: '128'
    status:
      code: 200
      message: OK
    url: https://westus2.api.cognitive.microsoft.com/text/analytics/v3.1-preview.3/analyze/jobs/6868b963-d332-4e33-ac81-7677070e512c_637413408000000000
- request:
    body: null
    headers:
      User-Agent:
      - azsdk-python-ai-textanalytics/5.1.0b3 Python/3.8.5 (macOS-10.13.6-x86_64-i386-64bit)
    method: GET
    uri: https://westus2.api.cognitive.microsoft.com/text/analytics/v3.1-preview.3/analyze/jobs/6868b963-d332-4e33-ac81-7677070e512c_637413408000000000
  response:
    body:
      string: '{"jobId":"6868b963-d332-4e33-ac81-7677070e512c_637413408000000000","lastUpdateDateTime":"2020-11-19T21:23:55Z","createdDateTime":"2020-11-19T21:23:54Z","expirationDateTime":"2020-11-20T21:23:54Z","status":"running","errors":[],"tasks":{"details":{"lastUpdateDateTime":"2020-11-19T21:23:55Z"},"completed":1,"failed":0,"inProgress":2,"total":3,"keyPhraseExtractionTasks":[{"lastUpdateDateTime":"2020-11-19T21:23:55.3633322Z","results":{"inTerminalState":true,"documents":[{"id":"1","keyPhrases":["park"],"warnings":[]},{"id":"2","keyPhrases":["hotel"],"warnings":[]},{"id":"3","keyPhrases":["restaurant","good
        food"],"warnings":[]}],"errors":[],"modelVersion":"2020-07-01"}}]}}'
    headers:
      apim-request-id: fb6be58f-49af-4821-b354-4486da378757
      content-type: application/json; charset=utf-8
      date: Thu, 19 Nov 2020 21:25:50 GMT
      strict-transport-security: max-age=31536000; includeSubDomains; preload
      transfer-encoding: chunked
      x-content-type-options: nosniff
      x-envoy-upstream-service-time: '126'
    status:
      code: 200
      message: OK
    url: https://westus2.api.cognitive.microsoft.com/text/analytics/v3.1-preview.3/analyze/jobs/6868b963-d332-4e33-ac81-7677070e512c_637413408000000000
- request:
    body: null
    headers:
      User-Agent:
      - azsdk-python-ai-textanalytics/5.1.0b3 Python/3.8.5 (macOS-10.13.6-x86_64-i386-64bit)
    method: GET
    uri: https://westus2.api.cognitive.microsoft.com/text/analytics/v3.1-preview.3/analyze/jobs/6868b963-d332-4e33-ac81-7677070e512c_637413408000000000
  response:
    body:
      string: '{"jobId":"6868b963-d332-4e33-ac81-7677070e512c_637413408000000000","lastUpdateDateTime":"2020-11-19T21:23:55Z","createdDateTime":"2020-11-19T21:23:54Z","expirationDateTime":"2020-11-20T21:23:54Z","status":"running","errors":[],"tasks":{"details":{"lastUpdateDateTime":"2020-11-19T21:23:55Z"},"completed":1,"failed":0,"inProgress":2,"total":3,"keyPhraseExtractionTasks":[{"lastUpdateDateTime":"2020-11-19T21:23:55.3633322Z","results":{"inTerminalState":true,"documents":[{"id":"1","keyPhrases":["park"],"warnings":[]},{"id":"2","keyPhrases":["hotel"],"warnings":[]},{"id":"3","keyPhrases":["restaurant","good
        food"],"warnings":[]}],"errors":[],"modelVersion":"2020-07-01"}}]}}'
    headers:
      apim-request-id: 783ccddd-f3de-443b-ac94-e01f8657c94f
      content-type: application/json; charset=utf-8
      date: Thu, 19 Nov 2020 21:25:55 GMT
      strict-transport-security: max-age=31536000; includeSubDomains; preload
      transfer-encoding: chunked
      x-content-type-options: nosniff
      x-envoy-upstream-service-time: '118'
    status:
      code: 200
      message: OK
    url: https://westus2.api.cognitive.microsoft.com/text/analytics/v3.1-preview.3/analyze/jobs/6868b963-d332-4e33-ac81-7677070e512c_637413408000000000
- request:
    body: null
    headers:
      User-Agent:
      - azsdk-python-ai-textanalytics/5.1.0b3 Python/3.8.5 (macOS-10.13.6-x86_64-i386-64bit)
    method: GET
    uri: https://westus2.api.cognitive.microsoft.com/text/analytics/v3.1-preview.3/analyze/jobs/6868b963-d332-4e33-ac81-7677070e512c_637413408000000000
  response:
    body:
      string: '{"jobId":"6868b963-d332-4e33-ac81-7677070e512c_637413408000000000","lastUpdateDateTime":"2020-11-19T21:23:55Z","createdDateTime":"2020-11-19T21:23:54Z","expirationDateTime":"2020-11-20T21:23:54Z","status":"running","errors":[],"tasks":{"details":{"lastUpdateDateTime":"2020-11-19T21:23:55Z"},"completed":1,"failed":0,"inProgress":2,"total":3,"keyPhraseExtractionTasks":[{"lastUpdateDateTime":"2020-11-19T21:23:55.3633322Z","results":{"inTerminalState":true,"documents":[{"id":"1","keyPhrases":["park"],"warnings":[]},{"id":"2","keyPhrases":["hotel"],"warnings":[]},{"id":"3","keyPhrases":["restaurant","good
        food"],"warnings":[]}],"errors":[],"modelVersion":"2020-07-01"}}]}}'
    headers:
      apim-request-id: 6e16e4a9-a3e6-4a0c-b187-00da0ddd23a3
      content-type: application/json; charset=utf-8
      date: Thu, 19 Nov 2020 21:26:00 GMT
      strict-transport-security: max-age=31536000; includeSubDomains; preload
      transfer-encoding: chunked
      x-content-type-options: nosniff
      x-envoy-upstream-service-time: '106'
    status:
      code: 200
      message: OK
    url: https://westus2.api.cognitive.microsoft.com/text/analytics/v3.1-preview.3/analyze/jobs/6868b963-d332-4e33-ac81-7677070e512c_637413408000000000
- request:
    body: null
    headers:
      User-Agent:
      - azsdk-python-ai-textanalytics/5.1.0b3 Python/3.8.5 (macOS-10.13.6-x86_64-i386-64bit)
    method: GET
    uri: https://westus2.api.cognitive.microsoft.com/text/analytics/v3.1-preview.3/analyze/jobs/6868b963-d332-4e33-ac81-7677070e512c_637413408000000000
  response:
    body:
      string: '{"jobId":"6868b963-d332-4e33-ac81-7677070e512c_637413408000000000","lastUpdateDateTime":"2020-11-19T21:23:55Z","createdDateTime":"2020-11-19T21:23:54Z","expirationDateTime":"2020-11-20T21:23:54Z","status":"succeeded","errors":[],"tasks":{"details":{"lastUpdateDateTime":"2020-11-19T21:23:55Z"},"completed":3,"failed":0,"inProgress":0,"total":3,"entityRecognitionTasks":[{"lastUpdateDateTime":"2020-11-19T21:23:55.3633322Z","results":{"inTerminalState":true,"documents":[{"id":"1","entities":[{"text":"park","category":"Location","offset":17,"length":4,"confidenceScore":0.83}],"warnings":[]},{"id":"2","entities":[{"text":"hotel","category":"Location","offset":19,"length":5,"confidenceScore":0.76}],"warnings":[]},{"id":"3","entities":[{"text":"restaurant","category":"Location","subcategory":"Structural","offset":4,"length":10,"confidenceScore":0.7}],"warnings":[]}],"errors":[],"modelVersion":"2020-04-01"}}],"entityRecognitionPiiTasks":[{"lastUpdateDateTime":"2020-11-19T21:23:55.3633322Z","results":{"inTerminalState":true,"documents":[{"redactedText":"I
        will go to the park.","id":"1","entities":[],"warnings":[]},{"redactedText":"I
        did not like the hotel we stayed at.","id":"2","entities":[],"warnings":[]},{"redactedText":"The
        restaurant had really good food.","id":"3","entities":[],"warnings":[]}],"errors":[],"modelVersion":"2020-07-01"}}],"keyPhraseExtractionTasks":[{"lastUpdateDateTime":"2020-11-19T21:23:55.3633322Z","results":{"inTerminalState":true,"documents":[{"id":"1","keyPhrases":["park"],"warnings":[]},{"id":"2","keyPhrases":["hotel"],"warnings":[]},{"id":"3","keyPhrases":["restaurant","good
        food"],"warnings":[]}],"errors":[],"modelVersion":"2020-07-01"}}]}}'
    headers:
      apim-request-id: 6b286cf3-35ed-444e-ad4d-312f323aa554
      content-type: application/json; charset=utf-8
      date: Thu, 19 Nov 2020 21:26:05 GMT
      strict-transport-security: max-age=31536000; includeSubDomains; preload
      transfer-encoding: chunked
      x-content-type-options: nosniff
      x-envoy-upstream-service-time: '213'
    status:
      code: 200
      message: OK
    url: https://westus2.api.cognitive.microsoft.com/text/analytics/v3.1-preview.3/analyze/jobs/6868b963-d332-4e33-ac81-7677070e512c_637413408000000000
version: 1
