interactions:
- request:
    body: '{"tasks": {"entityRecognitionTasks": [], "entityRecognitionPiiTasks": [{"parameters":
      {"model-version": "latest", "loggingOptOut": true, "stringIndexType": "UnicodeCodePoint"}}],
      "keyPhraseExtractionTasks": [], "entityLinkingTasks": [], "sentimentAnalysisTasks":
      [{"parameters": {"model-version": "latest", "loggingOptOut": false, "opinionMining":
      false}}], "extractiveSummarizationTasks": []}, "analysisInput": {"documents":
      [{"id": "1", "text": "I did not like the hotel we stayed at.", "language": "tr"},
      {"id": "2", "text": "I did not like the hotel we stayed at.", "language": "en"}]}}'
    headers:
      Accept:
      - application/json, text/json
      Content-Length:
      - '590'
      Content-Type:
      - application/json
      User-Agent:
      - azsdk-python-ai-textanalytics/5.2.0b1 Python/3.9.0 (Windows-10-10.0.19041-SP0)
    method: POST
    uri: https://westus2.api.cognitive.microsoft.com/text/analytics/v3.2-preview.1/analyze
  response:
    body:
      string: ''
    headers:
      apim-request-id: dbd55e81-5e5e-4618-a3bf-29fe042d4fa8
      date: Mon, 02 Aug 2021 21:47:15 GMT
      operation-location: https://westus2.api.cognitive.microsoft.com/text/analytics/v3.2-preview.1/analyze/jobs/9719c87f-d476-42f3-b361-dafc7e06de1c
      strict-transport-security: max-age=31536000; includeSubDomains; preload
      transfer-encoding: chunked
      x-content-type-options: nosniff
      x-envoy-upstream-service-time: '140'
    status:
      code: 202
      message: Accepted
    url: https://tacanaryjava.cognitiveservices.azure.com//text/analytics/v3.2-preview.1/analyze
- request:
    body: null
    headers:
      User-Agent:
      - azsdk-python-ai-textanalytics/5.2.0b1 Python/3.9.0 (Windows-10-10.0.19041-SP0)
    method: GET
    uri: https://westus2.api.cognitive.microsoft.com/text/analytics/v3.2-preview.1/analyze/jobs/9719c87f-d476-42f3-b361-dafc7e06de1c
  response:
    body:
      string: '{"jobId":"9719c87f-d476-42f3-b361-dafc7e06de1c","lastUpdateDateTime":"2021-08-02T21:47:16Z","createdDateTime":"2021-08-02T21:47:15Z","expirationDateTime":"2021-08-03T21:47:15Z","status":"running","errors":[],"displayName":"NA","tasks":{"completed":0,"failed":0,"inProgress":2,"total":2}}'
    headers:
      apim-request-id: 6e943eac-89e3-474c-845f-26d0aa5a640b
      content-type: application/json; charset=utf-8
      date: Mon, 02 Aug 2021 21:47:20 GMT
      strict-transport-security: max-age=31536000; includeSubDomains; preload
      transfer-encoding: chunked
      x-content-type-options: nosniff
      x-envoy-upstream-service-time: '12'
    status:
      code: 200
      message: OK
    url: https://tacanaryjava.cognitiveservices.azure.com/text/analytics/v3.2-preview.1/analyze/jobs/9719c87f-d476-42f3-b361-dafc7e06de1c
- request:
    body: null
    headers:
      User-Agent:
      - azsdk-python-ai-textanalytics/5.2.0b1 Python/3.9.0 (Windows-10-10.0.19041-SP0)
    method: GET
    uri: https://westus2.api.cognitive.microsoft.com/text/analytics/v3.2-preview.1/analyze/jobs/9719c87f-d476-42f3-b361-dafc7e06de1c
  response:
    body:
      string: '{"jobId":"9719c87f-d476-42f3-b361-dafc7e06de1c","lastUpdateDateTime":"2021-08-02T21:47:22Z","createdDateTime":"2021-08-02T21:47:15Z","expirationDateTime":"2021-08-03T21:47:15Z","status":"succeeded","errors":[],"displayName":"NA","tasks":{"completed":2,"failed":0,"inProgress":0,"total":2,"entityRecognitionPiiTasks":[{"lastUpdateDateTime":"2021-08-02T21:47:22.9517148Z","taskName":"PersonallyIdentifiableInformation_latest","state":"succeeded","results":{"documents":[{"redactedText":"I
        did not like the hotel we stayed at.","id":"2","entities":[],"warnings":[]}],"errors":[{"id":"1","error":{"code":"InvalidArgument","message":"Invalid
        Language Code.","innererror":{"code":"UnsupportedLanguageCode","message":"Invalid
        language code. Supported languages: ja,ko,zh-Hans,de,en,es,fr,it,pt-BR,pt-PT.
        For additional details see https://aka.ms/text-analytics/language-support?tabs=named-entity-recognition"}}}],"modelVersion":"2021-01-15"}}],"sentimentAnalysisTasks":[{"lastUpdateDateTime":"2021-08-02T21:47:22.8569865Z","taskName":"SentimentAnalysis_latest","state":"succeeded","results":{"documents":[{"id":"1","sentiment":"neutral","confidenceScores":{"positive":0.06,"neutral":0.55,"negative":0.39},"sentences":[{"sentiment":"neutral","confidenceScores":{"positive":0.06,"neutral":0.55,"negative":0.39},"offset":0,"length":38,"text":"I
        did not like the hotel we stayed at."}],"warnings":[]},{"id":"2","sentiment":"negative","confidenceScores":{"positive":0.01,"neutral":0.45,"negative":0.54},"sentences":[{"sentiment":"negative","confidenceScores":{"positive":0.01,"neutral":0.45,"negative":0.54},"offset":0,"length":38,"text":"I
        did not like the hotel we stayed at."}],"warnings":[]}],"errors":[],"modelVersion":"2020-04-01"}}]}}'
    headers:
      apim-request-id: c4c8d496-3c16-47e1-919d-acf0fe2e77a3
      content-type: application/json; charset=utf-8
      date: Mon, 02 Aug 2021 21:47:25 GMT
      strict-transport-security: max-age=31536000; includeSubDomains; preload
      transfer-encoding: chunked
      x-content-type-options: nosniff
      x-envoy-upstream-service-time: '78'
    status:
      code: 200
      message: OK
    url: https://tacanaryjava.cognitiveservices.azure.com/text/analytics/v3.2-preview.1/analyze/jobs/9719c87f-d476-42f3-b361-dafc7e06de1c
version: 1
