interactions:
- request:
    body: '{"tasks": {"entityRecognitionTasks": [{"parameters": {"model-version":
      "latest", "stringIndexType": "TextElements_v8"}}], "entityRecognitionPiiTasks":
      [], "keyPhraseExtractionTasks": []}, "analysisInput": {"documents": [{"id":
      "1", "text": "Microsoft was founded by Bill Gates and Paul Allen on April 4,
      1975", "language": "en"}, {"id": "2", "text": "Microsoft fue fundado por Bill
      Gates y Paul Allen el 4 de abril de 1975.", "language": "es"}, {"id": "3", "text":
      "Microsoft wurde am 4. April 1975 von Bill Gates und Paul Allen gegr\u00fcndet.",
      "language": "de"}]}}'
    headers:
      Accept:
      - application/json, text/json
      Accept-Encoding:
      - gzip, deflate
      Connection:
      - keep-alive
      Content-Length:
      - '567'
      Content-Type:
      - application/json
      User-Agent:
      - azsdk-python-ai-textanalytics/5.1.0b5 Python/3.8.5 (macOS-10.13.6-x86_64-i386-64bit)
    method: POST
    uri: https://westus2.api.cognitive.microsoft.com/text/analytics/v3.1-preview.3/analyze
  response:
    body:
      string: ''
    headers:
      apim-request-id:
      - f74f575e-c65e-4792-a15a-aa052fd7d081
      date:
      - Tue, 02 Feb 2021 03:25:45 GMT
      operation-location:
      - https://westus2.api.cognitive.microsoft.com/text/analytics/v3.1-preview.3/analyze/jobs/8e46fa87-ae8c-4ede-9b79-e3339541e5a0_637478208000000000
      strict-transport-security:
      - max-age=31536000; includeSubDomains; preload
      transfer-encoding:
      - chunked
      x-content-type-options:
      - nosniff
      x-envoy-upstream-service-time:
      - '28'
    status:
      code: 202
      message: Accepted
- request:
    body: null
    headers:
      Accept:
      - '*/*'
      Accept-Encoding:
      - gzip, deflate
      Connection:
      - keep-alive
      User-Agent:
      - azsdk-python-ai-textanalytics/5.1.0b5 Python/3.8.5 (macOS-10.13.6-x86_64-i386-64bit)
    method: GET
    uri: https://westus2.api.cognitive.microsoft.com/text/analytics/v3.1-preview.3/analyze/jobs/8e46fa87-ae8c-4ede-9b79-e3339541e5a0_637478208000000000?showStats=True
  response:
    body:
      string: '{"jobId":"8e46fa87-ae8c-4ede-9b79-e3339541e5a0_637478208000000000","lastUpdateDateTime":"2021-02-02T03:25:46Z","createdDateTime":"2021-02-02T03:25:46Z","expirationDateTime":"2021-02-03T03:25:46Z","status":"running","errors":[],"tasks":{"details":{"lastUpdateDateTime":"2021-02-02T03:25:46Z"},"completed":0,"failed":0,"inProgress":1,"total":1}}'
    headers:
      apim-request-id:
      - ec400e9c-ae8a-41cb-a51e-3cc4176fbf52
      content-type:
      - application/json; charset=utf-8
      date:
      - Tue, 02 Feb 2021 03:25:50 GMT
      strict-transport-security:
      - max-age=31536000; includeSubDomains; preload
      transfer-encoding:
      - chunked
      x-content-type-options:
      - nosniff
      x-envoy-upstream-service-time:
      - '28'
    status:
      code: 200
      message: OK
- request:
    body: null
    headers:
      Accept:
      - '*/*'
      Accept-Encoding:
      - gzip, deflate
      Connection:
      - keep-alive
      User-Agent:
      - azsdk-python-ai-textanalytics/5.1.0b5 Python/3.8.5 (macOS-10.13.6-x86_64-i386-64bit)
    method: GET
    uri: https://westus2.api.cognitive.microsoft.com/text/analytics/v3.1-preview.3/analyze/jobs/8e46fa87-ae8c-4ede-9b79-e3339541e5a0_637478208000000000?showStats=True
  response:
    body:
      string: '{"jobId":"8e46fa87-ae8c-4ede-9b79-e3339541e5a0_637478208000000000","lastUpdateDateTime":"2021-02-02T03:25:46Z","createdDateTime":"2021-02-02T03:25:46Z","expirationDateTime":"2021-02-03T03:25:46Z","status":"running","errors":[],"tasks":{"details":{"lastUpdateDateTime":"2021-02-02T03:25:46Z"},"completed":0,"failed":0,"inProgress":1,"total":1}}'
    headers:
      apim-request-id:
      - 6082cdb2-17ea-407d-b34c-aa3911dd5ee3
      content-type:
      - application/json; charset=utf-8
      date:
      - Tue, 02 Feb 2021 03:25:56 GMT
      strict-transport-security:
      - max-age=31536000; includeSubDomains; preload
      transfer-encoding:
      - chunked
      x-content-type-options:
      - nosniff
      x-envoy-upstream-service-time:
      - '41'
    status:
      code: 200
      message: OK
- request:
    body: null
    headers:
      Accept:
      - '*/*'
      Accept-Encoding:
      - gzip, deflate
      Connection:
      - keep-alive
      User-Agent:
      - azsdk-python-ai-textanalytics/5.1.0b5 Python/3.8.5 (macOS-10.13.6-x86_64-i386-64bit)
    method: GET
    uri: https://westus2.api.cognitive.microsoft.com/text/analytics/v3.1-preview.3/analyze/jobs/8e46fa87-ae8c-4ede-9b79-e3339541e5a0_637478208000000000?showStats=True
  response:
    body:
      string: '{"jobId":"8e46fa87-ae8c-4ede-9b79-e3339541e5a0_637478208000000000","lastUpdateDateTime":"2021-02-02T03:25:46Z","createdDateTime":"2021-02-02T03:25:46Z","expirationDateTime":"2021-02-03T03:25:46Z","status":"running","errors":[],"tasks":{"details":{"lastUpdateDateTime":"2021-02-02T03:25:46Z"},"completed":0,"failed":0,"inProgress":1,"total":1}}'
    headers:
      apim-request-id:
      - 5b60fc57-55a7-466a-939b-8a968a5b3f4f
      content-type:
      - application/json; charset=utf-8
      date:
      - Tue, 02 Feb 2021 03:26:00 GMT
      strict-transport-security:
      - max-age=31536000; includeSubDomains; preload
      transfer-encoding:
      - chunked
      x-content-type-options:
      - nosniff
      x-envoy-upstream-service-time:
      - '53'
    status:
      code: 200
      message: OK
- request:
    body: null
    headers:
      Accept:
      - '*/*'
      Accept-Encoding:
      - gzip, deflate
      Connection:
      - keep-alive
      User-Agent:
      - azsdk-python-ai-textanalytics/5.1.0b5 Python/3.8.5 (macOS-10.13.6-x86_64-i386-64bit)
    method: GET
    uri: https://westus2.api.cognitive.microsoft.com/text/analytics/v3.1-preview.3/analyze/jobs/8e46fa87-ae8c-4ede-9b79-e3339541e5a0_637478208000000000?showStats=True
  response:
    body:
      string: '{"jobId":"8e46fa87-ae8c-4ede-9b79-e3339541e5a0_637478208000000000","lastUpdateDateTime":"2021-02-02T03:25:46Z","createdDateTime":"2021-02-02T03:25:46Z","expirationDateTime":"2021-02-03T03:25:46Z","status":"running","errors":[],"tasks":{"details":{"lastUpdateDateTime":"2021-02-02T03:25:46Z"},"completed":0,"failed":0,"inProgress":1,"total":1}}'
    headers:
      apim-request-id:
      - cb11c7e9-55ca-4c73-9a70-8f9715e453c5
      content-type:
      - application/json; charset=utf-8
      date:
      - Tue, 02 Feb 2021 03:26:06 GMT
      strict-transport-security:
      - max-age=31536000; includeSubDomains; preload
      transfer-encoding:
      - chunked
      x-content-type-options:
      - nosniff
      x-envoy-upstream-service-time:
      - '39'
    status:
      code: 200
      message: OK
- request:
    body: null
    headers:
      Accept:
      - '*/*'
      Accept-Encoding:
      - gzip, deflate
      Connection:
      - keep-alive
      User-Agent:
      - azsdk-python-ai-textanalytics/5.1.0b5 Python/3.8.5 (macOS-10.13.6-x86_64-i386-64bit)
    method: GET
    uri: https://westus2.api.cognitive.microsoft.com/text/analytics/v3.1-preview.3/analyze/jobs/8e46fa87-ae8c-4ede-9b79-e3339541e5a0_637478208000000000?showStats=True
  response:
    body:
      string: '{"jobId":"8e46fa87-ae8c-4ede-9b79-e3339541e5a0_637478208000000000","lastUpdateDateTime":"2021-02-02T03:25:46Z","createdDateTime":"2021-02-02T03:25:46Z","expirationDateTime":"2021-02-03T03:25:46Z","status":"running","errors":[],"tasks":{"details":{"lastUpdateDateTime":"2021-02-02T03:25:46Z"},"completed":0,"failed":0,"inProgress":1,"total":1}}'
    headers:
      apim-request-id:
      - 69f6b7eb-69cb-40a3-8381-cd48fb90d88b
      content-type:
      - application/json; charset=utf-8
      date:
      - Tue, 02 Feb 2021 03:26:11 GMT
      strict-transport-security:
      - max-age=31536000; includeSubDomains; preload
      transfer-encoding:
      - chunked
      x-content-type-options:
      - nosniff
      x-envoy-upstream-service-time:
      - '28'
    status:
      code: 200
      message: OK
- request:
    body: null
    headers:
      Accept:
      - '*/*'
      Accept-Encoding:
      - gzip, deflate
      Connection:
      - keep-alive
      User-Agent:
      - azsdk-python-ai-textanalytics/5.1.0b5 Python/3.8.5 (macOS-10.13.6-x86_64-i386-64bit)
    method: GET
    uri: https://westus2.api.cognitive.microsoft.com/text/analytics/v3.1-preview.3/analyze/jobs/8e46fa87-ae8c-4ede-9b79-e3339541e5a0_637478208000000000?showStats=True
  response:
    body:
      string: '{"jobId":"8e46fa87-ae8c-4ede-9b79-e3339541e5a0_637478208000000000","lastUpdateDateTime":"2021-02-02T03:25:46Z","createdDateTime":"2021-02-02T03:25:46Z","expirationDateTime":"2021-02-03T03:25:46Z","status":"running","errors":[],"tasks":{"details":{"lastUpdateDateTime":"2021-02-02T03:25:46Z"},"completed":0,"failed":0,"inProgress":1,"total":1}}'
    headers:
      apim-request-id:
      - 41ed38ac-3739-4744-809c-d96bda742761
      content-type:
      - application/json; charset=utf-8
      date:
      - Tue, 02 Feb 2021 03:26:16 GMT
      strict-transport-security:
      - max-age=31536000; includeSubDomains; preload
      transfer-encoding:
      - chunked
      x-content-type-options:
      - nosniff
      x-envoy-upstream-service-time:
      - '77'
    status:
      code: 200
      message: OK
- request:
    body: null
    headers:
      Accept:
      - '*/*'
      Accept-Encoding:
      - gzip, deflate
      Connection:
      - keep-alive
      User-Agent:
      - azsdk-python-ai-textanalytics/5.1.0b5 Python/3.8.5 (macOS-10.13.6-x86_64-i386-64bit)
    method: GET
    uri: https://westus2.api.cognitive.microsoft.com/text/analytics/v3.1-preview.3/analyze/jobs/8e46fa87-ae8c-4ede-9b79-e3339541e5a0_637478208000000000?showStats=True
  response:
    body:
      string: '{"jobId":"8e46fa87-ae8c-4ede-9b79-e3339541e5a0_637478208000000000","lastUpdateDateTime":"2021-02-02T03:25:46Z","createdDateTime":"2021-02-02T03:25:46Z","expirationDateTime":"2021-02-03T03:25:46Z","status":"running","errors":[],"tasks":{"details":{"lastUpdateDateTime":"2021-02-02T03:25:46Z"},"completed":0,"failed":0,"inProgress":1,"total":1}}'
    headers:
      apim-request-id:
      - 4aa9f853-3b5c-4017-8eb1-93f73e9b1c36
      content-type:
      - application/json; charset=utf-8
      date:
      - Tue, 02 Feb 2021 03:26:21 GMT
      strict-transport-security:
      - max-age=31536000; includeSubDomains; preload
      transfer-encoding:
      - chunked
      x-content-type-options:
      - nosniff
      x-envoy-upstream-service-time:
      - '36'
    status:
      code: 200
      message: OK
- request:
    body: null
    headers:
      Accept:
      - '*/*'
      Accept-Encoding:
      - gzip, deflate
      Connection:
      - keep-alive
      User-Agent:
      - azsdk-python-ai-textanalytics/5.1.0b5 Python/3.8.5 (macOS-10.13.6-x86_64-i386-64bit)
    method: GET
    uri: https://westus2.api.cognitive.microsoft.com/text/analytics/v3.1-preview.3/analyze/jobs/8e46fa87-ae8c-4ede-9b79-e3339541e5a0_637478208000000000?showStats=True
  response:
    body:
      string: '{"jobId":"8e46fa87-ae8c-4ede-9b79-e3339541e5a0_637478208000000000","lastUpdateDateTime":"2021-02-02T03:25:46Z","createdDateTime":"2021-02-02T03:25:46Z","expirationDateTime":"2021-02-03T03:25:46Z","status":"running","errors":[],"tasks":{"details":{"lastUpdateDateTime":"2021-02-02T03:25:46Z"},"completed":0,"failed":0,"inProgress":1,"total":1}}'
    headers:
      apim-request-id:
      - 7bb51936-a067-4f0d-8117-8dd9cac74f9a
      content-type:
      - application/json; charset=utf-8
      date:
      - Tue, 02 Feb 2021 03:26:27 GMT
      strict-transport-security:
      - max-age=31536000; includeSubDomains; preload
      transfer-encoding:
      - chunked
      x-content-type-options:
      - nosniff
      x-envoy-upstream-service-time:
      - '32'
    status:
      code: 200
      message: OK
- request:
    body: null
    headers:
      Accept:
      - '*/*'
      Accept-Encoding:
      - gzip, deflate
      Connection:
      - keep-alive
      User-Agent:
      - azsdk-python-ai-textanalytics/5.1.0b5 Python/3.8.5 (macOS-10.13.6-x86_64-i386-64bit)
    method: GET
    uri: https://westus2.api.cognitive.microsoft.com/text/analytics/v3.1-preview.3/analyze/jobs/8e46fa87-ae8c-4ede-9b79-e3339541e5a0_637478208000000000?showStats=True
  response:
    body:
      string: '{"jobId":"8e46fa87-ae8c-4ede-9b79-e3339541e5a0_637478208000000000","lastUpdateDateTime":"2021-02-02T03:25:46Z","createdDateTime":"2021-02-02T03:25:46Z","expirationDateTime":"2021-02-03T03:25:46Z","status":"running","errors":[],"tasks":{"details":{"lastUpdateDateTime":"2021-02-02T03:25:46Z"},"completed":0,"failed":0,"inProgress":1,"total":1}}'
    headers:
      apim-request-id:
      - 97ab1b12-107d-48c2-b8dc-46fe3ade00a6
      content-type:
      - application/json; charset=utf-8
      date:
      - Tue, 02 Feb 2021 03:26:31 GMT
      strict-transport-security:
      - max-age=31536000; includeSubDomains; preload
      transfer-encoding:
      - chunked
      x-content-type-options:
      - nosniff
      x-envoy-upstream-service-time:
      - '48'
    status:
      code: 200
      message: OK
- request:
    body: null
    headers:
      Accept:
      - '*/*'
      Accept-Encoding:
      - gzip, deflate
      Connection:
      - keep-alive
      User-Agent:
      - azsdk-python-ai-textanalytics/5.1.0b5 Python/3.8.5 (macOS-10.13.6-x86_64-i386-64bit)
    method: GET
    uri: https://westus2.api.cognitive.microsoft.com/text/analytics/v3.1-preview.3/analyze/jobs/8e46fa87-ae8c-4ede-9b79-e3339541e5a0_637478208000000000?showStats=True
  response:
    body:
      string: '{"jobId":"8e46fa87-ae8c-4ede-9b79-e3339541e5a0_637478208000000000","lastUpdateDateTime":"2021-02-02T03:25:46Z","createdDateTime":"2021-02-02T03:25:46Z","expirationDateTime":"2021-02-03T03:25:46Z","status":"running","errors":[],"tasks":{"details":{"lastUpdateDateTime":"2021-02-02T03:25:46Z"},"completed":0,"failed":0,"inProgress":1,"total":1}}'
    headers:
      apim-request-id:
      - 43b3b72f-a6f8-40ec-8a3a-d0bbffc5190e
      content-type:
      - application/json; charset=utf-8
      date:
      - Tue, 02 Feb 2021 03:26:37 GMT
      strict-transport-security:
      - max-age=31536000; includeSubDomains; preload
      transfer-encoding:
      - chunked
      x-content-type-options:
      - nosniff
      x-envoy-upstream-service-time:
      - '30'
    status:
      code: 200
      message: OK
- request:
    body: null
    headers:
      Accept:
      - '*/*'
      Accept-Encoding:
      - gzip, deflate
      Connection:
      - keep-alive
      User-Agent:
      - azsdk-python-ai-textanalytics/5.1.0b5 Python/3.8.5 (macOS-10.13.6-x86_64-i386-64bit)
    method: GET
    uri: https://westus2.api.cognitive.microsoft.com/text/analytics/v3.1-preview.3/analyze/jobs/8e46fa87-ae8c-4ede-9b79-e3339541e5a0_637478208000000000?showStats=True
  response:
    body:
      string: '{"jobId":"8e46fa87-ae8c-4ede-9b79-e3339541e5a0_637478208000000000","lastUpdateDateTime":"2021-02-02T03:25:46Z","createdDateTime":"2021-02-02T03:25:46Z","expirationDateTime":"2021-02-03T03:25:46Z","status":"running","errors":[],"tasks":{"details":{"lastUpdateDateTime":"2021-02-02T03:25:46Z"},"completed":0,"failed":0,"inProgress":1,"total":1}}'
    headers:
      apim-request-id:
      - 3b021654-235a-4223-b390-dfdb7c633f12
      content-type:
      - application/json; charset=utf-8
      date:
      - Tue, 02 Feb 2021 03:26:42 GMT
      strict-transport-security:
      - max-age=31536000; includeSubDomains; preload
      transfer-encoding:
      - chunked
      x-content-type-options:
      - nosniff
      x-envoy-upstream-service-time:
      - '33'
    status:
      code: 200
      message: OK
- request:
    body: null
    headers:
      Accept:
      - '*/*'
      Accept-Encoding:
      - gzip, deflate
      Connection:
      - keep-alive
      User-Agent:
      - azsdk-python-ai-textanalytics/5.1.0b5 Python/3.8.5 (macOS-10.13.6-x86_64-i386-64bit)
    method: GET
    uri: https://westus2.api.cognitive.microsoft.com/text/analytics/v3.1-preview.3/analyze/jobs/8e46fa87-ae8c-4ede-9b79-e3339541e5a0_637478208000000000?showStats=True
  response:
    body:
      string: '{"jobId":"8e46fa87-ae8c-4ede-9b79-e3339541e5a0_637478208000000000","lastUpdateDateTime":"2021-02-02T03:25:46Z","createdDateTime":"2021-02-02T03:25:46Z","expirationDateTime":"2021-02-03T03:25:46Z","status":"running","errors":[],"tasks":{"details":{"lastUpdateDateTime":"2021-02-02T03:25:46Z"},"completed":0,"failed":0,"inProgress":1,"total":1}}'
    headers:
      apim-request-id:
      - 2b91305c-9b0c-448b-a939-627a25c450ae
      content-type:
      - application/json; charset=utf-8
      date:
      - Tue, 02 Feb 2021 03:26:47 GMT
      strict-transport-security:
      - max-age=31536000; includeSubDomains; preload
      transfer-encoding:
      - chunked
      x-content-type-options:
      - nosniff
      x-envoy-upstream-service-time:
      - '28'
    status:
      code: 200
      message: OK
- request:
    body: null
    headers:
      Accept:
      - '*/*'
      Accept-Encoding:
      - gzip, deflate
      Connection:
      - keep-alive
      User-Agent:
      - azsdk-python-ai-textanalytics/5.1.0b5 Python/3.8.5 (macOS-10.13.6-x86_64-i386-64bit)
    method: GET
    uri: https://westus2.api.cognitive.microsoft.com/text/analytics/v3.1-preview.3/analyze/jobs/8e46fa87-ae8c-4ede-9b79-e3339541e5a0_637478208000000000?showStats=True
  response:
    body:
      string: '{"jobId":"8e46fa87-ae8c-4ede-9b79-e3339541e5a0_637478208000000000","lastUpdateDateTime":"2021-02-02T03:25:46Z","createdDateTime":"2021-02-02T03:25:46Z","expirationDateTime":"2021-02-03T03:25:46Z","status":"running","errors":[],"tasks":{"details":{"lastUpdateDateTime":"2021-02-02T03:25:46Z"},"completed":0,"failed":0,"inProgress":1,"total":1}}'
    headers:
      apim-request-id:
      - f8258541-eb0d-4e8b-ad46-d893931da42e
      content-type:
      - application/json; charset=utf-8
      date:
      - Tue, 02 Feb 2021 03:26:52 GMT
      strict-transport-security:
      - max-age=31536000; includeSubDomains; preload
      transfer-encoding:
      - chunked
      x-content-type-options:
      - nosniff
      x-envoy-upstream-service-time:
      - '35'
    status:
      code: 200
      message: OK
- request:
    body: null
    headers:
      Accept:
      - '*/*'
      Accept-Encoding:
      - gzip, deflate
      Connection:
      - keep-alive
      User-Agent:
      - azsdk-python-ai-textanalytics/5.1.0b5 Python/3.8.5 (macOS-10.13.6-x86_64-i386-64bit)
    method: GET
    uri: https://westus2.api.cognitive.microsoft.com/text/analytics/v3.1-preview.3/analyze/jobs/8e46fa87-ae8c-4ede-9b79-e3339541e5a0_637478208000000000?showStats=True
  response:
    body:
      string: '{"jobId":"8e46fa87-ae8c-4ede-9b79-e3339541e5a0_637478208000000000","lastUpdateDateTime":"2021-02-02T03:25:46Z","createdDateTime":"2021-02-02T03:25:46Z","expirationDateTime":"2021-02-03T03:25:46Z","status":"succeeded","errors":[],"tasks":{"details":{"lastUpdateDateTime":"2021-02-02T03:25:46Z"},"completed":1,"failed":0,"inProgress":0,"total":1,"entityRecognitionTasks":[{"lastUpdateDateTime":"2021-02-02T03:25:46.4257188Z","results":{"statistics":{"documentsCount":3,"validDocumentsCount":3,"erroneousDocumentsCount":0,"transactionsCount":3},"documents":[{"id":"1","statistics":{"charactersCount":67,"transactionsCount":1},"entities":[{"text":"Microsoft","category":"Organization","offset":0,"length":9,"confidenceScore":0.96},{"text":"Bill
        Gates","category":"Person","offset":25,"length":10,"confidenceScore":0.99},{"text":"Paul
        Allen","category":"Person","offset":40,"length":10,"confidenceScore":0.99},{"text":"April
        4, 1975","category":"DateTime","subcategory":"Date","offset":54,"length":13,"confidenceScore":0.8}],"warnings":[]},{"id":"2","statistics":{"charactersCount":72,"transactionsCount":1},"entities":[{"text":"Microsoft","category":"Organization","offset":0,"length":9,"confidenceScore":0.97},{"text":"Bill
        Gates","category":"Person","offset":26,"length":10,"confidenceScore":1.0},{"text":"Paul
        Allen","category":"Person","offset":39,"length":10,"confidenceScore":0.99},{"text":"4
        de abril de 1975","category":"DateTime","subcategory":"Date","offset":53,"length":18,"confidenceScore":0.8}],"warnings":[]},{"id":"3","statistics":{"charactersCount":73,"transactionsCount":1},"entities":[{"text":"Microsoft","category":"Organization","offset":0,"length":9,"confidenceScore":0.97},{"text":"4.
        April 1975","category":"DateTime","subcategory":"Date","offset":19,"length":13,"confidenceScore":0.8},{"text":"Bill
        Gates","category":"Person","offset":37,"length":10,"confidenceScore":1.0},{"text":"Paul
        Allen","category":"Person","offset":52,"length":10,"confidenceScore":0.99}],"warnings":[]}],"errors":[],"modelVersion":"2021-01-15"}}]}}'
    headers:
      apim-request-id:
      - f4570791-8594-4fb7-9550-64e72cd99c29
      content-type:
      - application/json; charset=utf-8
      date:
      - Tue, 02 Feb 2021 03:26:58 GMT
      strict-transport-security:
      - max-age=31536000; includeSubDomains; preload
      transfer-encoding:
      - chunked
      x-content-type-options:
      - nosniff
      x-envoy-upstream-service-time:
      - '83'
    status:
      code: 200
      message: OK
version: 1
