interactions:
- request:
    body: '{"tasks": {"entityRecognitionTasks": [], "entityRecognitionPiiTasks": [{"parameters":
      {"model-version": "latest", "stringIndexType": "TextElements_v8"}}], "keyPhraseExtractionTasks":
      []}, "analysisInput": {"documents": [{"id": "1", "text": "My SSN is 859-98-0987.",
      "language": "en"}, {"id": "2", "text": "Your ABA number - 111000025 - is the
      first 9 digits in the lower left hand corner of your personal check.", "language":
      "en"}, {"id": "3", "text": "Is 998.214.865-68 your Brazilian CPF number?", "language":
      "en"}]}}'
    headers:
      Accept:
      - application/json, text/json
      Content-Length:
      - '521'
      Content-Type:
      - application/json
      User-Agent:
      - azsdk-python-ai-textanalytics/5.1.0b3 Python/3.8.5 (macOS-10.13.6-x86_64-i386-64bit)
    method: POST
    uri: https://westus2.api.cognitive.microsoft.com/text/analytics/v3.1-preview.3/analyze
  response:
    body:
      string: ''
    headers:
      apim-request-id: 997b7f05-5834-4193-874f-73ba9975b701
      date: Thu, 19 Nov 2020 21:24:02 GMT
      operation-location: https://westus2.api.cognitive.microsoft.com/text/analytics/v3.1-preview.3/analyze/jobs/9e7d942d-8feb-43ef-b45e-c490ce4cf022_637413408000000000
      strict-transport-security: max-age=31536000; includeSubDomains; preload
      transfer-encoding: chunked
      x-content-type-options: nosniff
      x-envoy-upstream-service-time: '44'
    status:
      code: 202
      message: Accepted
    url: https://westus2.api.cognitive.microsoft.com//text/analytics/v3.1-preview.3/analyze
- request:
    body: null
    headers:
      User-Agent:
      - azsdk-python-ai-textanalytics/5.1.0b3 Python/3.8.5 (macOS-10.13.6-x86_64-i386-64bit)
    method: GET
    uri: https://westus2.api.cognitive.microsoft.com/text/analytics/v3.1-preview.3/analyze/jobs/9e7d942d-8feb-43ef-b45e-c490ce4cf022_637413408000000000?showStats=True
  response:
    body:
      string: '{"jobId":"9e7d942d-8feb-43ef-b45e-c490ce4cf022_637413408000000000","lastUpdateDateTime":"2020-11-19T21:24:03Z","createdDateTime":"2020-11-19T21:24:03Z","expirationDateTime":"2020-11-20T21:24:03Z","status":"running","errors":[],"tasks":{"details":{"lastUpdateDateTime":"2020-11-19T21:24:03Z"},"completed":0,"failed":0,"inProgress":1,"total":1}}'
    headers:
      apim-request-id: d2ee151a-2a97-48d9-9bb0-24c27a11c73f
      content-type: application/json; charset=utf-8
      date: Thu, 19 Nov 2020 21:24:08 GMT
      strict-transport-security: max-age=31536000; includeSubDomains; preload
      transfer-encoding: chunked
      x-content-type-options: nosniff
      x-envoy-upstream-service-time: '31'
    status:
      code: 200
      message: OK
    url: https://westus2.api.cognitive.microsoft.com/text/analytics/v3.1-preview.3/analyze/jobs/9e7d942d-8feb-43ef-b45e-c490ce4cf022_637413408000000000?showStats=True
- request:
    body: null
    headers:
      User-Agent:
      - azsdk-python-ai-textanalytics/5.1.0b3 Python/3.8.5 (macOS-10.13.6-x86_64-i386-64bit)
    method: GET
    uri: https://westus2.api.cognitive.microsoft.com/text/analytics/v3.1-preview.3/analyze/jobs/9e7d942d-8feb-43ef-b45e-c490ce4cf022_637413408000000000?showStats=True
  response:
    body:
      string: '{"jobId":"9e7d942d-8feb-43ef-b45e-c490ce4cf022_637413408000000000","lastUpdateDateTime":"2020-11-19T21:24:03Z","createdDateTime":"2020-11-19T21:24:03Z","expirationDateTime":"2020-11-20T21:24:03Z","status":"running","errors":[],"tasks":{"details":{"lastUpdateDateTime":"2020-11-19T21:24:03Z"},"completed":0,"failed":0,"inProgress":1,"total":1}}'
    headers:
      apim-request-id: 4e7747fa-76c7-481a-b0c8-f14ae87e6e05
      content-type: application/json; charset=utf-8
      date: Thu, 19 Nov 2020 21:24:13 GMT
      strict-transport-security: max-age=31536000; includeSubDomains; preload
      transfer-encoding: chunked
      x-content-type-options: nosniff
      x-envoy-upstream-service-time: '37'
    status:
      code: 200
      message: OK
    url: https://westus2.api.cognitive.microsoft.com/text/analytics/v3.1-preview.3/analyze/jobs/9e7d942d-8feb-43ef-b45e-c490ce4cf022_637413408000000000?showStats=True
- request:
    body: null
    headers:
      User-Agent:
      - azsdk-python-ai-textanalytics/5.1.0b3 Python/3.8.5 (macOS-10.13.6-x86_64-i386-64bit)
    method: GET
    uri: https://westus2.api.cognitive.microsoft.com/text/analytics/v3.1-preview.3/analyze/jobs/9e7d942d-8feb-43ef-b45e-c490ce4cf022_637413408000000000?showStats=True
  response:
    body:
      string: '{"jobId":"9e7d942d-8feb-43ef-b45e-c490ce4cf022_637413408000000000","lastUpdateDateTime":"2020-11-19T21:24:03Z","createdDateTime":"2020-11-19T21:24:03Z","expirationDateTime":"2020-11-20T21:24:03Z","status":"running","errors":[],"tasks":{"details":{"lastUpdateDateTime":"2020-11-19T21:24:03Z"},"completed":0,"failed":0,"inProgress":1,"total":1}}'
    headers:
      apim-request-id: 656c7e8b-656f-4aad-a0f4-2924bcb3396e
      content-type: application/json; charset=utf-8
      date: Thu, 19 Nov 2020 21:24:18 GMT
      strict-transport-security: max-age=31536000; includeSubDomains; preload
      transfer-encoding: chunked
      x-content-type-options: nosniff
      x-envoy-upstream-service-time: '55'
    status:
      code: 200
      message: OK
    url: https://westus2.api.cognitive.microsoft.com/text/analytics/v3.1-preview.3/analyze/jobs/9e7d942d-8feb-43ef-b45e-c490ce4cf022_637413408000000000?showStats=True
- request:
    body: null
    headers:
      User-Agent:
      - azsdk-python-ai-textanalytics/5.1.0b3 Python/3.8.5 (macOS-10.13.6-x86_64-i386-64bit)
    method: GET
    uri: https://westus2.api.cognitive.microsoft.com/text/analytics/v3.1-preview.3/analyze/jobs/9e7d942d-8feb-43ef-b45e-c490ce4cf022_637413408000000000?showStats=True
  response:
    body:
      string: '{"jobId":"9e7d942d-8feb-43ef-b45e-c490ce4cf022_637413408000000000","lastUpdateDateTime":"2020-11-19T21:24:03Z","createdDateTime":"2020-11-19T21:24:03Z","expirationDateTime":"2020-11-20T21:24:03Z","status":"running","errors":[],"tasks":{"details":{"lastUpdateDateTime":"2020-11-19T21:24:03Z"},"completed":0,"failed":0,"inProgress":1,"total":1}}'
    headers:
      apim-request-id: 1b098ba0-354b-4825-b302-9ed2cf36d6e5
      content-type: application/json; charset=utf-8
      date: Thu, 19 Nov 2020 21:24:23 GMT
      strict-transport-security: max-age=31536000; includeSubDomains; preload
      transfer-encoding: chunked
      x-content-type-options: nosniff
      x-envoy-upstream-service-time: '34'
    status:
      code: 200
      message: OK
    url: https://westus2.api.cognitive.microsoft.com/text/analytics/v3.1-preview.3/analyze/jobs/9e7d942d-8feb-43ef-b45e-c490ce4cf022_637413408000000000?showStats=True
- request:
    body: null
    headers:
      User-Agent:
      - azsdk-python-ai-textanalytics/5.1.0b3 Python/3.8.5 (macOS-10.13.6-x86_64-i386-64bit)
    method: GET
    uri: https://westus2.api.cognitive.microsoft.com/text/analytics/v3.1-preview.3/analyze/jobs/9e7d942d-8feb-43ef-b45e-c490ce4cf022_637413408000000000?showStats=True
  response:
    body:
      string: '{"jobId":"9e7d942d-8feb-43ef-b45e-c490ce4cf022_637413408000000000","lastUpdateDateTime":"2020-11-19T21:24:03Z","createdDateTime":"2020-11-19T21:24:03Z","expirationDateTime":"2020-11-20T21:24:03Z","status":"running","errors":[],"tasks":{"details":{"lastUpdateDateTime":"2020-11-19T21:24:03Z"},"completed":0,"failed":0,"inProgress":1,"total":1}}'
    headers:
      apim-request-id: 4f82dd2c-2a0b-4be7-b949-df0328e4fac3
      content-type: application/json; charset=utf-8
      date: Thu, 19 Nov 2020 21:24:28 GMT
      strict-transport-security: max-age=31536000; includeSubDomains; preload
      transfer-encoding: chunked
      x-content-type-options: nosniff
      x-envoy-upstream-service-time: '32'
    status:
      code: 200
      message: OK
    url: https://westus2.api.cognitive.microsoft.com/text/analytics/v3.1-preview.3/analyze/jobs/9e7d942d-8feb-43ef-b45e-c490ce4cf022_637413408000000000?showStats=True
- request:
    body: null
    headers:
      User-Agent:
      - azsdk-python-ai-textanalytics/5.1.0b3 Python/3.8.5 (macOS-10.13.6-x86_64-i386-64bit)
    method: GET
    uri: https://westus2.api.cognitive.microsoft.com/text/analytics/v3.1-preview.3/analyze/jobs/9e7d942d-8feb-43ef-b45e-c490ce4cf022_637413408000000000?showStats=True
  response:
    body:
      string: '{"jobId":"9e7d942d-8feb-43ef-b45e-c490ce4cf022_637413408000000000","lastUpdateDateTime":"2020-11-19T21:24:03Z","createdDateTime":"2020-11-19T21:24:03Z","expirationDateTime":"2020-11-20T21:24:03Z","status":"running","errors":[],"tasks":{"details":{"lastUpdateDateTime":"2020-11-19T21:24:03Z"},"completed":0,"failed":0,"inProgress":1,"total":1}}'
    headers:
      apim-request-id: fd6fa1b2-53c6-4a23-9965-8b80c6e0d558
      content-type: application/json; charset=utf-8
      date: Thu, 19 Nov 2020 21:24:33 GMT
      strict-transport-security: max-age=31536000; includeSubDomains; preload
      transfer-encoding: chunked
      x-content-type-options: nosniff
      x-envoy-upstream-service-time: '34'
    status:
      code: 200
      message: OK
    url: https://westus2.api.cognitive.microsoft.com/text/analytics/v3.1-preview.3/analyze/jobs/9e7d942d-8feb-43ef-b45e-c490ce4cf022_637413408000000000?showStats=True
- request:
    body: null
    headers:
      User-Agent:
      - azsdk-python-ai-textanalytics/5.1.0b3 Python/3.8.5 (macOS-10.13.6-x86_64-i386-64bit)
    method: GET
    uri: https://westus2.api.cognitive.microsoft.com/text/analytics/v3.1-preview.3/analyze/jobs/9e7d942d-8feb-43ef-b45e-c490ce4cf022_637413408000000000?showStats=True
  response:
    body:
      string: '{"jobId":"9e7d942d-8feb-43ef-b45e-c490ce4cf022_637413408000000000","lastUpdateDateTime":"2020-11-19T21:24:03Z","createdDateTime":"2020-11-19T21:24:03Z","expirationDateTime":"2020-11-20T21:24:03Z","status":"running","errors":[],"tasks":{"details":{"lastUpdateDateTime":"2020-11-19T21:24:03Z"},"completed":0,"failed":0,"inProgress":1,"total":1}}'
    headers:
      apim-request-id: 6525bfc6-764b-40eb-9010-0c61f9fae3dd
      content-type: application/json; charset=utf-8
      date: Thu, 19 Nov 2020 21:24:39 GMT
      strict-transport-security: max-age=31536000; includeSubDomains; preload
      transfer-encoding: chunked
      x-content-type-options: nosniff
      x-envoy-upstream-service-time: '31'
    status:
      code: 200
      message: OK
    url: https://westus2.api.cognitive.microsoft.com/text/analytics/v3.1-preview.3/analyze/jobs/9e7d942d-8feb-43ef-b45e-c490ce4cf022_637413408000000000?showStats=True
- request:
    body: null
    headers:
      User-Agent:
      - azsdk-python-ai-textanalytics/5.1.0b3 Python/3.8.5 (macOS-10.13.6-x86_64-i386-64bit)
    method: GET
    uri: https://westus2.api.cognitive.microsoft.com/text/analytics/v3.1-preview.3/analyze/jobs/9e7d942d-8feb-43ef-b45e-c490ce4cf022_637413408000000000?showStats=True
  response:
    body:
      string: '{"jobId":"9e7d942d-8feb-43ef-b45e-c490ce4cf022_637413408000000000","lastUpdateDateTime":"2020-11-19T21:24:03Z","createdDateTime":"2020-11-19T21:24:03Z","expirationDateTime":"2020-11-20T21:24:03Z","status":"running","errors":[],"tasks":{"details":{"lastUpdateDateTime":"2020-11-19T21:24:03Z"},"completed":0,"failed":0,"inProgress":1,"total":1}}'
    headers:
      apim-request-id: 3d05e3e9-513f-4eff-ac23-3c362ec993fd
      content-type: application/json; charset=utf-8
      date: Thu, 19 Nov 2020 21:24:43 GMT
      strict-transport-security: max-age=31536000; includeSubDomains; preload
      transfer-encoding: chunked
      x-content-type-options: nosniff
      x-envoy-upstream-service-time: '36'
    status:
      code: 200
      message: OK
    url: https://westus2.api.cognitive.microsoft.com/text/analytics/v3.1-preview.3/analyze/jobs/9e7d942d-8feb-43ef-b45e-c490ce4cf022_637413408000000000?showStats=True
- request:
    body: null
    headers:
      User-Agent:
      - azsdk-python-ai-textanalytics/5.1.0b3 Python/3.8.5 (macOS-10.13.6-x86_64-i386-64bit)
    method: GET
    uri: https://westus2.api.cognitive.microsoft.com/text/analytics/v3.1-preview.3/analyze/jobs/9e7d942d-8feb-43ef-b45e-c490ce4cf022_637413408000000000?showStats=True
  response:
    body:
      string: '{"jobId":"9e7d942d-8feb-43ef-b45e-c490ce4cf022_637413408000000000","lastUpdateDateTime":"2020-11-19T21:24:03Z","createdDateTime":"2020-11-19T21:24:03Z","expirationDateTime":"2020-11-20T21:24:03Z","status":"running","errors":[],"tasks":{"details":{"lastUpdateDateTime":"2020-11-19T21:24:03Z"},"completed":0,"failed":0,"inProgress":1,"total":1}}'
    headers:
      apim-request-id: b2de6d4c-6f47-4d4f-8684-7f34d238d289
      content-type: application/json; charset=utf-8
      date: Thu, 19 Nov 2020 21:24:48 GMT
      strict-transport-security: max-age=31536000; includeSubDomains; preload
      transfer-encoding: chunked
      x-content-type-options: nosniff
      x-envoy-upstream-service-time: '61'
    status:
      code: 200
      message: OK
    url: https://westus2.api.cognitive.microsoft.com/text/analytics/v3.1-preview.3/analyze/jobs/9e7d942d-8feb-43ef-b45e-c490ce4cf022_637413408000000000?showStats=True
- request:
    body: null
    headers:
      User-Agent:
      - azsdk-python-ai-textanalytics/5.1.0b3 Python/3.8.5 (macOS-10.13.6-x86_64-i386-64bit)
    method: GET
    uri: https://westus2.api.cognitive.microsoft.com/text/analytics/v3.1-preview.3/analyze/jobs/9e7d942d-8feb-43ef-b45e-c490ce4cf022_637413408000000000?showStats=True
  response:
    body:
      string: '{"jobId":"9e7d942d-8feb-43ef-b45e-c490ce4cf022_637413408000000000","lastUpdateDateTime":"2020-11-19T21:24:03Z","createdDateTime":"2020-11-19T21:24:03Z","expirationDateTime":"2020-11-20T21:24:03Z","status":"running","errors":[],"tasks":{"details":{"lastUpdateDateTime":"2020-11-19T21:24:03Z"},"completed":0,"failed":0,"inProgress":1,"total":1}}'
    headers:
      apim-request-id: a5df7b3b-5b19-4201-8c57-dbba68625a47
      content-type: application/json; charset=utf-8
      date: Thu, 19 Nov 2020 21:24:54 GMT
      strict-transport-security: max-age=31536000; includeSubDomains; preload
      transfer-encoding: chunked
      x-content-type-options: nosniff
      x-envoy-upstream-service-time: '55'
    status:
      code: 200
      message: OK
    url: https://westus2.api.cognitive.microsoft.com/text/analytics/v3.1-preview.3/analyze/jobs/9e7d942d-8feb-43ef-b45e-c490ce4cf022_637413408000000000?showStats=True
- request:
    body: null
    headers:
      User-Agent:
      - azsdk-python-ai-textanalytics/5.1.0b3 Python/3.8.5 (macOS-10.13.6-x86_64-i386-64bit)
    method: GET
    uri: https://westus2.api.cognitive.microsoft.com/text/analytics/v3.1-preview.3/analyze/jobs/9e7d942d-8feb-43ef-b45e-c490ce4cf022_637413408000000000?showStats=True
  response:
    body:
      string: '{"jobId":"9e7d942d-8feb-43ef-b45e-c490ce4cf022_637413408000000000","lastUpdateDateTime":"2020-11-19T21:24:03Z","createdDateTime":"2020-11-19T21:24:03Z","expirationDateTime":"2020-11-20T21:24:03Z","status":"running","errors":[],"tasks":{"details":{"lastUpdateDateTime":"2020-11-19T21:24:03Z"},"completed":0,"failed":0,"inProgress":1,"total":1}}'
    headers:
      apim-request-id: 8fcd9f38-cc8a-4a47-ac66-cd55e54da607
      content-type: application/json; charset=utf-8
      date: Thu, 19 Nov 2020 21:24:59 GMT
      strict-transport-security: max-age=31536000; includeSubDomains; preload
      transfer-encoding: chunked
      x-content-type-options: nosniff
      x-envoy-upstream-service-time: '32'
    status:
      code: 200
      message: OK
    url: https://westus2.api.cognitive.microsoft.com/text/analytics/v3.1-preview.3/analyze/jobs/9e7d942d-8feb-43ef-b45e-c490ce4cf022_637413408000000000?showStats=True
- request:
    body: null
    headers:
      User-Agent:
      - azsdk-python-ai-textanalytics/5.1.0b3 Python/3.8.5 (macOS-10.13.6-x86_64-i386-64bit)
    method: GET
    uri: https://westus2.api.cognitive.microsoft.com/text/analytics/v3.1-preview.3/analyze/jobs/9e7d942d-8feb-43ef-b45e-c490ce4cf022_637413408000000000?showStats=True
  response:
    body:
      string: '{"jobId":"9e7d942d-8feb-43ef-b45e-c490ce4cf022_637413408000000000","lastUpdateDateTime":"2020-11-19T21:24:03Z","createdDateTime":"2020-11-19T21:24:03Z","expirationDateTime":"2020-11-20T21:24:03Z","status":"running","errors":[],"tasks":{"details":{"lastUpdateDateTime":"2020-11-19T21:24:03Z"},"completed":0,"failed":0,"inProgress":1,"total":1}}'
    headers:
      apim-request-id: 1c824e81-5e3a-44af-aa0d-9503dedf7be7
      content-type: application/json; charset=utf-8
      date: Thu, 19 Nov 2020 21:25:04 GMT
      strict-transport-security: max-age=31536000; includeSubDomains; preload
      transfer-encoding: chunked
      x-content-type-options: nosniff
      x-envoy-upstream-service-time: '48'
    status:
      code: 200
      message: OK
    url: https://westus2.api.cognitive.microsoft.com/text/analytics/v3.1-preview.3/analyze/jobs/9e7d942d-8feb-43ef-b45e-c490ce4cf022_637413408000000000?showStats=True
- request:
    body: null
    headers:
      User-Agent:
      - azsdk-python-ai-textanalytics/5.1.0b3 Python/3.8.5 (macOS-10.13.6-x86_64-i386-64bit)
    method: GET
    uri: https://westus2.api.cognitive.microsoft.com/text/analytics/v3.1-preview.3/analyze/jobs/9e7d942d-8feb-43ef-b45e-c490ce4cf022_637413408000000000?showStats=True
  response:
    body:
      string: '{"jobId":"9e7d942d-8feb-43ef-b45e-c490ce4cf022_637413408000000000","lastUpdateDateTime":"2020-11-19T21:24:03Z","createdDateTime":"2020-11-19T21:24:03Z","expirationDateTime":"2020-11-20T21:24:03Z","status":"running","errors":[],"tasks":{"details":{"lastUpdateDateTime":"2020-11-19T21:24:03Z"},"completed":0,"failed":0,"inProgress":1,"total":1}}'
    headers:
      apim-request-id: 112ee579-2684-4a1b-98fd-ad130dc0e44a
      content-type: application/json; charset=utf-8
      date: Thu, 19 Nov 2020 21:25:09 GMT
      strict-transport-security: max-age=31536000; includeSubDomains; preload
      transfer-encoding: chunked
      x-content-type-options: nosniff
      x-envoy-upstream-service-time: '31'
    status:
      code: 200
      message: OK
    url: https://westus2.api.cognitive.microsoft.com/text/analytics/v3.1-preview.3/analyze/jobs/9e7d942d-8feb-43ef-b45e-c490ce4cf022_637413408000000000?showStats=True
- request:
    body: null
    headers:
      User-Agent:
      - azsdk-python-ai-textanalytics/5.1.0b3 Python/3.8.5 (macOS-10.13.6-x86_64-i386-64bit)
    method: GET
    uri: https://westus2.api.cognitive.microsoft.com/text/analytics/v3.1-preview.3/analyze/jobs/9e7d942d-8feb-43ef-b45e-c490ce4cf022_637413408000000000?showStats=True
  response:
    body:
      string: '{"jobId":"9e7d942d-8feb-43ef-b45e-c490ce4cf022_637413408000000000","lastUpdateDateTime":"2020-11-19T21:24:03Z","createdDateTime":"2020-11-19T21:24:03Z","expirationDateTime":"2020-11-20T21:24:03Z","status":"succeeded","errors":[],"tasks":{"details":{"lastUpdateDateTime":"2020-11-19T21:24:03Z"},"completed":1,"failed":0,"inProgress":0,"total":1,"entityRecognitionPiiTasks":[{"lastUpdateDateTime":"2020-11-19T21:24:03.4011204Z","results":{"inTerminalState":true,"documents":[{"redactedText":"My
        SSN is ***********.","id":"1","entities":[{"text":"859-98-0987","category":"U.S.
        Social Security Number (SSN)","offset":10,"length":11,"confidenceScore":0.65}],"warnings":[]},{"redactedText":"Your
        ABA number - ********* - is the first 9 digits in the lower left hand corner
        of your personal check.","id":"2","entities":[{"text":"111000025","category":"Phone
        Number","offset":18,"length":9,"confidenceScore":0.8},{"text":"111000025","category":"ABA
        Routing Number","offset":18,"length":9,"confidenceScore":0.75},{"text":"111000025","category":"New
        Zealand Social Welfare Number","offset":18,"length":9,"confidenceScore":0.65},{"text":"111000025","category":"Portugal
        Tax Identification Number","offset":18,"length":9,"confidenceScore":0.65}],"warnings":[]},{"redactedText":"Is
        ************** your Brazilian CPF number?","id":"3","entities":[{"text":"998.214.865-68","category":"Brazil
        CPF Number","offset":3,"length":14,"confidenceScore":0.85}],"warnings":[]}],"errors":[],"modelVersion":"2020-07-01"}}]}}'
    headers:
      apim-request-id: 35308809-2578-4829-8e02-6ac9d502f326
      content-type: application/json; charset=utf-8
      date: Thu, 19 Nov 2020 21:25:15 GMT
      strict-transport-security: max-age=31536000; includeSubDomains; preload
      transfer-encoding: chunked
      x-content-type-options: nosniff
      x-envoy-upstream-service-time: '65'
    status:
      code: 200
      message: OK
    url: https://westus2.api.cognitive.microsoft.com/text/analytics/v3.1-preview.3/analyze/jobs/9e7d942d-8feb-43ef-b45e-c490ce4cf022_637413408000000000?showStats=True
version: 1
