{
  "Entries": [
    {
      "RequestUri": "https://fakeendpoint.cognitiveservices.azure.com/language/analyze-text/jobs?api-version=2022-03-01-preview",
      "RequestMethod": "POST",
      "RequestHeaders": {
        "Accept": "application/json",
        "Accept-Encoding": "gzip, deflate",
        "Content-Length": "815",
        "Content-Type": "application/json",
        "User-Agent": "azsdk-python-ai-textanalytics/5.2.0b4 Python/3.10.0 (Windows-10-10.0.22000-SP0)"
      },
      "RequestBody": {
        "analysisInput": {
          "documents": [
            {
              "id": "56",
              "text": ":)",
              "language": "en"
            },
            {
              "id": "0",
              "text": ":(",
              "language": "en"
            },
            {
              "id": "19",
              "text": ":P",
              "language": "en"
            },
            {
              "id": "1",
              "text": ":D",
              "language": "en"
            }
          ]
        },
        "tasks": [
          {
            "taskName": "0",
            "kind": "EntityRecognition",
            "parameters": {
              "stringIndexType": "UnicodeCodePoint"
            }
          },
          {
            "taskName": "1",
            "kind": "KeyPhraseExtraction",
            "parameters": {}
          },
          {
            "taskName": "2",
            "kind": "PiiEntityRecognition",
            "parameters": {
              "stringIndexType": "UnicodeCodePoint"
            }
          },
          {
            "taskName": "3",
            "kind": "EntityLinking",
            "parameters": {
              "stringIndexType": "UnicodeCodePoint"
            }
          },
          {
            "taskName": "4",
            "kind": "SentimentAnalysis",
            "parameters": {
              "stringIndexType": "UnicodeCodePoint"
            }
          },
          {
            "taskName": "5",
            "kind": "ExtractiveSummarization",
            "parameters": {
              "stringIndexType": "UnicodeCodePoint"
            }
          }
        ]
      },
      "StatusCode": 202,
      "ResponseHeaders": {
        "apim-request-id": "05ed8987-2f50-4017-8312-c1cdb0b5e9a9",
        "Content-Length": "0",
        "Date": "Wed, 20 Apr 2022 23:52:35 GMT",
        "operation-location": "https://fakeendpoint.cognitiveservices.azure.com/language/analyze-text/jobs/55b40f77-af41-45e2-a01b-c995ae2abb05?api-version=2022-03-01-preview",
        "Strict-Transport-Security": "max-age=31536000; includeSubDomains; preload",
        "X-Content-Type-Options": "nosniff",
        "x-envoy-upstream-service-time": "527"
      },
      "ResponseBody": null
    },
    {
      "RequestUri": "https://fakeendpoint.cognitiveservices.azure.com/language/analyze-text/jobs/55b40f77-af41-45e2-a01b-c995ae2abb05?api-version=2022-03-01-preview",
      "RequestMethod": "GET",
      "RequestHeaders": {
        "Accept": "*/*",
        "Accept-Encoding": "gzip, deflate",
        "User-Agent": "azsdk-python-ai-textanalytics/5.2.0b4 Python/3.10.0 (Windows-10-10.0.22000-SP0)"
      },
      "RequestBody": null,
      "StatusCode": 200,
      "ResponseHeaders": {
        "apim-request-id": "e8c29b64-c7af-445e-8d05-bee9dc879b86",
        "Content-Length": "1838",
        "Content-Type": "application/json; charset=utf-8",
        "Date": "Wed, 20 Apr 2022 23:52:40 GMT",
        "Strict-Transport-Security": "max-age=31536000; includeSubDomains; preload",
        "X-Content-Type-Options": "nosniff",
        "x-envoy-upstream-service-time": "147"
      },
      "ResponseBody": {
        "jobId": "55b40f77-af41-45e2-a01b-c995ae2abb05",
        "lastUpdateDateTime": "2022-04-20T23:52:37Z",
        "createdDateTime": "2022-04-20T23:52:34Z",
        "expirationDateTime": "2022-04-21T23:52:34Z",
        "status": "running",
        "errors": [],
        "tasks": {
          "completed": 2,
          "failed": 0,
          "inProgress": 4,
          "total": 6,
          "items": [
            {
              "kind": "EntityLinkingLROResults",
              "taskName": "3",
              "lastUpdateDateTime": "2022-04-20T23:52:37.0021114Z",
              "status": "succeeded",
              "results": {
                "documents": [
                  {
                    "id": "56",
                    "entities": [],
                    "warnings": []
                  },
                  {
                    "id": "0",
                    "entities": [],
                    "warnings": []
                  },
                  {
                    "id": "19",
                    "entities": [],
                    "warnings": []
                  },
                  {
                    "id": "1",
                    "entities": [],
                    "warnings": []
                  }
                ],
                "errors": [],
                "modelVersion": "2021-06-01"
              }
            },
            {
              "kind": "SentimentAnalysisLROResults",
              "taskName": "4",
              "lastUpdateDateTime": "2022-04-20T23:52:37.0258971Z",
              "status": "succeeded",
              "results": {
                "documents": [
                  {
                    "id": "56",
                    "sentiment": "positive",
                    "confidenceScores": {
                      "positive": 0.89,
                      "neutral": 0.1,
                      "negative": 0.01
                    },
                    "sentences": [
                      {
                        "sentiment": "positive",
                        "confidenceScores": {
                          "positive": 0.89,
                          "neutral": 0.1,
                          "negative": 0.01
                        },
                        "offset": 0,
                        "length": 2,
                        "text": ":)"
                      }
                    ],
                    "warnings": []
                  },
                  {
                    "id": "0",
                    "sentiment": "negative",
                    "confidenceScores": {
                      "positive": 0.0,
                      "neutral": 0.02,
                      "negative": 0.98
                    },
                    "sentences": [
                      {
                        "sentiment": "negative",
                        "confidenceScores": {
                          "positive": 0.0,
                          "neutral": 0.02,
                          "negative": 0.98
                        },
                        "offset": 0,
                        "length": 2,
                        "text": ":("
                      }
                    ],
                    "warnings": []
                  },
                  {
                    "id": "19",
                    "sentiment": "neutral",
                    "confidenceScores": {
                      "positive": 0.3,
                      "neutral": 0.67,
                      "negative": 0.03
                    },
                    "sentences": [
                      {
                        "sentiment": "neutral",
                        "confidenceScores": {
                          "positive": 0.3,
                          "neutral": 0.67,
                          "negative": 0.03
                        },
                        "offset": 0,
                        "length": 2,
                        "text": ":P"
                      }
                    ],
                    "warnings": []
                  },
                  {
                    "id": "1",
                    "sentiment": "positive",
                    "confidenceScores": {
                      "positive": 0.89,
                      "neutral": 0.1,
                      "negative": 0.01
                    },
                    "sentences": [
                      {
                        "sentiment": "positive",
                        "confidenceScores": {
                          "positive": 0.89,
                          "neutral": 0.1,
                          "negative": 0.01
                        },
                        "offset": 0,
                        "length": 2,
                        "text": ":D"
                      }
                    ],
                    "warnings": []
                  }
                ],
                "errors": [],
                "modelVersion": "2020-04-01"
              }
            }
          ]
        }
      }
    },
    {
      "RequestUri": "https://fakeendpoint.cognitiveservices.azure.com/language/analyze-text/jobs/55b40f77-af41-45e2-a01b-c995ae2abb05?api-version=2022-03-01-preview",
      "RequestMethod": "GET",
      "RequestHeaders": {
        "Accept": "*/*",
        "Accept-Encoding": "gzip, deflate",
        "User-Agent": "azsdk-python-ai-textanalytics/5.2.0b4 Python/3.10.0 (Windows-10-10.0.22000-SP0)"
      },
      "RequestBody": null,
      "StatusCode": 200,
      "ResponseHeaders": {
        "apim-request-id": "aac3ccce-661c-46f4-965f-5d0f07037d89",
        "Content-Length": "2911",
        "Content-Type": "application/json; charset=utf-8",
        "Date": "Wed, 20 Apr 2022 23:52:45 GMT",
        "Strict-Transport-Security": "max-age=31536000; includeSubDomains; preload",
        "X-Content-Type-Options": "nosniff",
        "x-envoy-upstream-service-time": "249"
      },
      "ResponseBody": {
        "jobId": "55b40f77-af41-45e2-a01b-c995ae2abb05",
        "lastUpdateDateTime": "2022-04-20T23:52:44Z",
        "createdDateTime": "2022-04-20T23:52:34Z",
        "expirationDateTime": "2022-04-21T23:52:34Z",
        "status": "running",
        "errors": [],
        "tasks": {
          "completed": 5,
          "failed": 0,
          "inProgress": 1,
          "total": 6,
          "items": [
            {
              "kind": "EntityRecognitionLROResults",
              "taskName": "0",
              "lastUpdateDateTime": "2022-04-20T23:52:44.5004582Z",
              "status": "succeeded",
              "results": {
                "documents": [
                  {
                    "id": "56",
                    "entities": [],
                    "warnings": []
                  },
                  {
                    "id": "0",
                    "entities": [],
                    "warnings": []
                  },
                  {
                    "id": "19",
                    "entities": [],
                    "warnings": []
                  },
                  {
                    "id": "1",
                    "entities": [],
                    "warnings": []
                  }
                ],
                "errors": [],
                "modelVersion": "2021-06-01"
              }
            },
            {
              "kind": "KeyPhraseExtractionLROResults",
              "taskName": "1",
              "lastUpdateDateTime": "2022-04-20T23:52:43.0591876Z",
              "status": "succeeded",
              "results": {
                "documents": [
                  {
                    "id": "56",
                    "keyPhrases": [],
                    "warnings": []
                  },
                  {
                    "id": "0",
                    "keyPhrases": [],
                    "warnings": []
                  },
                  {
                    "id": "19",
                    "keyPhrases": [],
                    "warnings": []
                  },
                  {
                    "id": "1",
                    "keyPhrases": [],
                    "warnings": []
                  }
                ],
                "errors": [],
                "modelVersion": "2021-06-01"
              }
            },
            {
              "kind": "EntityLinkingLROResults",
              "taskName": "3",
              "lastUpdateDateTime": "2022-04-20T23:52:37.0021114Z",
              "status": "succeeded",
              "results": {
                "documents": [
                  {
                    "id": "56",
                    "entities": [],
                    "warnings": []
                  },
                  {
                    "id": "0",
                    "entities": [],
                    "warnings": []
                  },
                  {
                    "id": "19",
                    "entities": [],
                    "warnings": []
                  },
                  {
                    "id": "1",
                    "entities": [],
                    "warnings": []
                  }
                ],
                "errors": [],
                "modelVersion": "2021-06-01"
              }
            },
            {
              "kind": "SentimentAnalysisLROResults",
              "taskName": "4",
              "lastUpdateDateTime": "2022-04-20T23:52:37.0258971Z",
              "status": "succeeded",
              "results": {
                "documents": [
                  {
                    "id": "56",
                    "sentiment": "positive",
                    "confidenceScores": {
                      "positive": 0.89,
                      "neutral": 0.1,
                      "negative": 0.01
                    },
                    "sentences": [
                      {
                        "sentiment": "positive",
                        "confidenceScores": {
                          "positive": 0.89,
                          "neutral": 0.1,
                          "negative": 0.01
                        },
                        "offset": 0,
                        "length": 2,
                        "text": ":)"
                      }
                    ],
                    "warnings": []
                  },
                  {
                    "id": "0",
                    "sentiment": "negative",
                    "confidenceScores": {
                      "positive": 0.0,
                      "neutral": 0.02,
                      "negative": 0.98
                    },
                    "sentences": [
                      {
                        "sentiment": "negative",
                        "confidenceScores": {
                          "positive": 0.0,
                          "neutral": 0.02,
                          "negative": 0.98
                        },
                        "offset": 0,
                        "length": 2,
                        "text": ":("
                      }
                    ],
                    "warnings": []
                  },
                  {
                    "id": "19",
                    "sentiment": "neutral",
                    "confidenceScores": {
                      "positive": 0.3,
                      "neutral": 0.67,
                      "negative": 0.03
                    },
                    "sentences": [
                      {
                        "sentiment": "neutral",
                        "confidenceScores": {
                          "positive": 0.3,
                          "neutral": 0.67,
                          "negative": 0.03
                        },
                        "offset": 0,
                        "length": 2,
                        "text": ":P"
                      }
                    ],
                    "warnings": []
                  },
                  {
                    "id": "1",
                    "sentiment": "positive",
                    "confidenceScores": {
                      "positive": 0.89,
                      "neutral": 0.1,
                      "negative": 0.01
                    },
                    "sentences": [
                      {
                        "sentiment": "positive",
                        "confidenceScores": {
                          "positive": 0.89,
                          "neutral": 0.1,
                          "negative": 0.01
                        },
                        "offset": 0,
                        "length": 2,
                        "text": ":D"
                      }
                    ],
                    "warnings": []
                  }
                ],
                "errors": [],
                "modelVersion": "2020-04-01"
              }
            },
            {
              "kind": "ExtractiveSummarizationLROResults",
              "taskName": "5",
              "lastUpdateDateTime": "2022-04-20T23:52:40.4793118Z",
              "status": "succeeded",
              "results": {
                "documents": [
                  {
                    "id": "56",
                    "sentences": [],
                    "warnings": []
                  },
                  {
                    "id": "0",
                    "sentences": [],
                    "warnings": []
                  },
                  {
                    "id": "19",
                    "sentences": [],
                    "warnings": []
                  },
                  {
                    "id": "1",
                    "sentences": [],
                    "warnings": []
                  }
                ],
                "errors": [],
                "modelVersion": "2021-08-01"
              }
            }
          ]
        }
      }
    },
    {
      "RequestUri": "https://fakeendpoint.cognitiveservices.azure.com/language/analyze-text/jobs/55b40f77-af41-45e2-a01b-c995ae2abb05?api-version=2022-03-01-preview",
      "RequestMethod": "GET",
      "RequestHeaders": {
        "Accept": "*/*",
        "Accept-Encoding": "gzip, deflate",
        "User-Agent": "azsdk-python-ai-textanalytics/5.2.0b4 Python/3.10.0 (Windows-10-10.0.22000-SP0)"
      },
      "RequestBody": null,
      "StatusCode": 200,
      "ResponseHeaders": {
        "apim-request-id": "81dae81f-7188-43b8-b7a5-cbec38b83db4",
        "Content-Length": "3347",
        "Content-Type": "application/json; charset=utf-8",
        "Date": "Wed, 20 Apr 2022 23:52:50 GMT",
        "Strict-Transport-Security": "max-age=31536000; includeSubDomains; preload",
        "X-Content-Type-Options": "nosniff",
        "x-envoy-upstream-service-time": "302"
      },
      "ResponseBody": {
        "jobId": "55b40f77-af41-45e2-a01b-c995ae2abb05",
        "lastUpdateDateTime": "2022-04-20T23:52:49Z",
        "createdDateTime": "2022-04-20T23:52:34Z",
        "expirationDateTime": "2022-04-21T23:52:34Z",
        "status": "succeeded",
        "errors": [],
        "tasks": {
          "completed": 6,
          "failed": 0,
          "inProgress": 0,
          "total": 6,
          "items": [
            {
              "kind": "EntityRecognitionLROResults",
              "taskName": "0",
              "lastUpdateDateTime": "2022-04-20T23:52:44.5004582Z",
              "status": "succeeded",
              "results": {
                "documents": [
                  {
                    "id": "56",
                    "entities": [],
                    "warnings": []
                  },
                  {
                    "id": "0",
                    "entities": [],
                    "warnings": []
                  },
                  {
                    "id": "19",
                    "entities": [],
                    "warnings": []
                  },
                  {
                    "id": "1",
                    "entities": [],
                    "warnings": []
                  }
                ],
                "errors": [],
                "modelVersion": "2021-06-01"
              }
            },
            {
              "kind": "KeyPhraseExtractionLROResults",
              "taskName": "1",
              "lastUpdateDateTime": "2022-04-20T23:52:43.0591876Z",
              "status": "succeeded",
              "results": {
                "documents": [
                  {
                    "id": "56",
                    "keyPhrases": [],
                    "warnings": []
                  },
                  {
                    "id": "0",
                    "keyPhrases": [],
                    "warnings": []
                  },
                  {
                    "id": "19",
                    "keyPhrases": [],
                    "warnings": []
                  },
                  {
                    "id": "1",
                    "keyPhrases": [],
                    "warnings": []
                  }
                ],
                "errors": [],
                "modelVersion": "2021-06-01"
              }
            },
            {
              "kind": "PiiEntityRecognitionLROResults",
              "taskName": "2",
              "lastUpdateDateTime": "2022-04-20T23:52:49.4367114Z",
              "status": "succeeded",
              "results": {
                "documents": [
                  {
                    "redactedText": ":)",
                    "id": "56",
                    "entities": [],
                    "warnings": []
                  },
                  {
                    "redactedText": ":(",
                    "id": "0",
                    "entities": [],
                    "warnings": []
                  },
                  {
                    "redactedText": ":P",
                    "id": "19",
                    "entities": [],
                    "warnings": []
                  },
                  {
                    "redactedText": ":D",
                    "id": "1",
                    "entities": [],
                    "warnings": []
                  }
                ],
                "errors": [],
                "modelVersion": "2021-01-15"
              }
            },
            {
              "kind": "EntityLinkingLROResults",
              "taskName": "3",
              "lastUpdateDateTime": "2022-04-20T23:52:37.0021114Z",
              "status": "succeeded",
              "results": {
                "documents": [
                  {
                    "id": "56",
                    "entities": [],
                    "warnings": []
                  },
                  {
                    "id": "0",
                    "entities": [],
                    "warnings": []
                  },
                  {
                    "id": "19",
                    "entities": [],
                    "warnings": []
                  },
                  {
                    "id": "1",
                    "entities": [],
                    "warnings": []
                  }
                ],
                "errors": [],
                "modelVersion": "2021-06-01"
              }
            },
            {
              "kind": "SentimentAnalysisLROResults",
              "taskName": "4",
              "lastUpdateDateTime": "2022-04-20T23:52:37.0258971Z",
              "status": "succeeded",
              "results": {
                "documents": [
                  {
                    "id": "56",
                    "sentiment": "positive",
                    "confidenceScores": {
                      "positive": 0.89,
                      "neutral": 0.1,
                      "negative": 0.01
                    },
                    "sentences": [
                      {
                        "sentiment": "positive",
                        "confidenceScores": {
                          "positive": 0.89,
                          "neutral": 0.1,
                          "negative": 0.01
                        },
                        "offset": 0,
                        "length": 2,
                        "text": ":)"
                      }
                    ],
                    "warnings": []
                  },
                  {
                    "id": "0",
                    "sentiment": "negative",
                    "confidenceScores": {
                      "positive": 0.0,
                      "neutral": 0.02,
                      "negative": 0.98
                    },
                    "sentences": [
                      {
                        "sentiment": "negative",
                        "confidenceScores": {
                          "positive": 0.0,
                          "neutral": 0.02,
                          "negative": 0.98
                        },
                        "offset": 0,
                        "length": 2,
                        "text": ":("
                      }
                    ],
                    "warnings": []
                  },
                  {
                    "id": "19",
                    "sentiment": "neutral",
                    "confidenceScores": {
                      "positive": 0.3,
                      "neutral": 0.67,
                      "negative": 0.03
                    },
                    "sentences": [
                      {
                        "sentiment": "neutral",
                        "confidenceScores": {
                          "positive": 0.3,
                          "neutral": 0.67,
                          "negative": 0.03
                        },
                        "offset": 0,
                        "length": 2,
                        "text": ":P"
                      }
                    ],
                    "warnings": []
                  },
                  {
                    "id": "1",
                    "sentiment": "positive",
                    "confidenceScores": {
                      "positive": 0.89,
                      "neutral": 0.1,
                      "negative": 0.01
                    },
                    "sentences": [
                      {
                        "sentiment": "positive",
                        "confidenceScores": {
                          "positive": 0.89,
                          "neutral": 0.1,
                          "negative": 0.01
                        },
                        "offset": 0,
                        "length": 2,
                        "text": ":D"
                      }
                    ],
                    "warnings": []
                  }
                ],
                "errors": [],
                "modelVersion": "2020-04-01"
              }
            },
            {
              "kind": "ExtractiveSummarizationLROResults",
              "taskName": "5",
              "lastUpdateDateTime": "2022-04-20T23:52:40.4793118Z",
              "status": "succeeded",
              "results": {
                "documents": [
                  {
                    "id": "56",
                    "sentences": [],
                    "warnings": []
                  },
                  {
                    "id": "0",
                    "sentences": [],
                    "warnings": []
                  },
                  {
                    "id": "19",
                    "sentences": [],
                    "warnings": []
                  },
                  {
                    "id": "1",
                    "sentences": [],
                    "warnings": []
                  }
                ],
                "errors": [],
                "modelVersion": "2021-08-01"
              }
            }
          ]
        }
      }
    }
  ],
  "Variables": {}
}
