{
  "Entries": [
    {
      "RequestUri": "https://fakeendpoint.cognitiveservices.azure.com/language/analyze-text/jobs?api-version=2022-05-01",
      "RequestMethod": "POST",
      "RequestHeaders": {
        "Accept": "application/json",
        "Accept-Encoding": "gzip, deflate",
        "Connection": "keep-alive",
        "Content-Length": "7294",
        "Content-Type": "application/json",
        "User-Agent": "azsdk-python-ai-textanalytics/5.2.0b5 Python/3.10.0 (Windows-10-10.0.22000-SP0)"
      },
      "RequestBody": {
        "analysisInput": {
          "documents": [
            {
              "id": "0",
              "text": "A recent report by the Government Accountability Office (GAO) found that the dramatic increase in oil and natural gas development on federal lands over the past six years has stretched the staff of the BLM to a point that it has been unable to meet its environmental protection responsibilities.",
              "language": "en"
            },
            {
              "id": "1",
              "text": "A recent report by the Government Accountability Office (GAO) found that the dramatic increase in oil and natural gas development on federal lands over the past six years has stretched the staff of the BLM to a point that it has been unable to meet its environmental protection responsibilities.",
              "language": "en"
            },
            {
              "id": "2",
              "text": "A recent report by the Government Accountability Office (GAO) found that the dramatic increase in oil and natural gas development on federal lands over the past six years has stretched the staff of the BLM to a point that it has been unable to meet its environmental protection responsibilities.",
              "language": "en"
            },
            {
              "id": "3",
              "text": "A recent report by the Government Accountability Office (GAO) found that the dramatic increase in oil and natural gas development on federal lands over the past six years has stretched the staff of the BLM to a point that it has been unable to meet its environmental protection responsibilities.",
              "language": "en"
            },
            {
              "id": "4",
              "text": "A recent report by the Government Accountability Office (GAO) found that the dramatic increase in oil and natural gas development on federal lands over the past six years has stretched the staff of the BLM to a point that it has been unable to meet its environmental protection responsibilities.",
              "language": "en"
            },
            {
              "id": "5",
              "text": "A recent report by the Government Accountability Office (GAO) found that the dramatic increase in oil and natural gas development on federal lands over the past six years has stretched the staff of the BLM to a point that it has been unable to meet its environmental protection responsibilities.",
              "language": "en"
            },
            {
              "id": "6",
              "text": "A recent report by the Government Accountability Office (GAO) found that the dramatic increase in oil and natural gas development on federal lands over the past six years has stretched the staff of the BLM to a point that it has been unable to meet its environmental protection responsibilities.",
              "language": "en"
            },
            {
              "id": "7",
              "text": "A recent report by the Government Accountability Office (GAO) found that the dramatic increase in oil and natural gas development on federal lands over the past six years has stretched the staff of the BLM to a point that it has been unable to meet its environmental protection responsibilities.",
              "language": "en"
            },
            {
              "id": "8",
              "text": "A recent report by the Government Accountability Office (GAO) found that the dramatic increase in oil and natural gas development on federal lands over the past six years has stretched the staff of the BLM to a point that it has been unable to meet its environmental protection responsibilities.",
              "language": "en"
            },
            {
              "id": "9",
              "text": "A recent report by the Government Accountability Office (GAO) found that the dramatic increase in oil and natural gas development on federal lands over the past six years has stretched the staff of the BLM to a point that it has been unable to meet its environmental protection responsibilities.",
              "language": "en"
            },
            {
              "id": "10",
              "text": "A recent report by the Government Accountability Office (GAO) found that the dramatic increase in oil and natural gas development on federal lands over the past six years has stretched the staff of the BLM to a point that it has been unable to meet its environmental protection responsibilities.",
              "language": "en"
            },
            {
              "id": "11",
              "text": "A recent report by the Government Accountability Office (GAO) found that the dramatic increase in oil and natural gas development on federal lands over the past six years has stretched the staff of the BLM to a point that it has been unable to meet its environmental protection responsibilities.",
              "language": "en"
            },
            {
              "id": "12",
              "text": "A recent report by the Government Accountability Office (GAO) found that the dramatic increase in oil and natural gas development on federal lands over the past six years has stretched the staff of the BLM to a point that it has been unable to meet its environmental protection responsibilities.",
              "language": "en"
            },
            {
              "id": "13",
              "text": "A recent report by the Government Accountability Office (GAO) found that the dramatic increase in oil and natural gas development on federal lands over the past six years has stretched the staff of the BLM to a point that it has been unable to meet its environmental protection responsibilities.",
              "language": "en"
            },
            {
              "id": "14",
              "text": "A recent report by the Government Accountability Office (GAO) found that the dramatic increase in oil and natural gas development on federal lands over the past six years has stretched the staff of the BLM to a point that it has been unable to meet its environmental protection responsibilities.",
              "language": "en"
            },
            {
              "id": "15",
              "text": "A recent report by the Government Accountability Office (GAO) found that the dramatic increase in oil and natural gas development on federal lands over the past six years has stretched the staff of the BLM to a point that it has been unable to meet its environmental protection responsibilities.",
              "language": "en"
            },
            {
              "id": "16",
              "text": "A recent report by the Government Accountability Office (GAO) found that the dramatic increase in oil and natural gas development on federal lands over the past six years has stretched the staff of the BLM to a point that it has been unable to meet its environmental protection responsibilities.",
              "language": "en"
            },
            {
              "id": "17",
              "text": "A recent report by the Government Accountability Office (GAO) found that the dramatic increase in oil and natural gas development on federal lands over the past six years has stretched the staff of the BLM to a point that it has been unable to meet its environmental protection responsibilities.",
              "language": "en"
            },
            {
              "id": "18",
              "text": "A recent report by the Government Accountability Office (GAO) found that the dramatic increase in oil and natural gas development on federal lands over the past six years has stretched the staff of the BLM to a point that it has been unable to meet its environmental protection responsibilities.",
              "language": "en"
            },
            {
              "id": "19",
              "text": "A recent report by the Government Accountability Office (GAO) found that the dramatic increase in oil and natural gas development on federal lands over the past six years has stretched the staff of the BLM to a point that it has been unable to meet its environmental protection responsibilities.",
              "language": "en"
            }
          ]
        },
        "tasks": [
          {
            "taskName": "0",
            "kind": "EntityRecognition",
            "parameters": {
              "stringIndexType": "UnicodeCodePoint"
            }
          },
          {
            "taskName": "1",
            "kind": "KeyPhraseExtraction",
            "parameters": {}
          },
          {
            "taskName": "2",
            "kind": "PiiEntityRecognition",
            "parameters": {
              "stringIndexType": "UnicodeCodePoint"
            }
          },
          {
            "taskName": "3",
            "kind": "EntityLinking",
            "parameters": {
              "stringIndexType": "UnicodeCodePoint"
            }
          },
          {
            "taskName": "4",
            "kind": "SentimentAnalysis",
            "parameters": {
              "stringIndexType": "UnicodeCodePoint"
            }
          }
        ]
      },
      "StatusCode": 202,
      "ResponseHeaders": {
        "apim-request-id": "5597b8e0-7385-427f-af7f-de4ac4a60c6e",
        "Content-Length": "0",
        "Date": "Tue, 12 Jul 2022 22:14:02 GMT",
        "operation-location": "https://fakeendpoint.cognitiveservices.azure.com/language/analyze-text/jobs/2c9f9896-1042-456e-8c9a-b142f06adaa5?api-version=2022-05-01",
        "Strict-Transport-Security": "max-age=31536000; includeSubDomains; preload",
        "X-Content-Type-Options": "nosniff",
        "x-envoy-upstream-service-time": "1148"
      },
      "ResponseBody": null
    },
    {
      "RequestUri": "https://fakeendpoint.cognitiveservices.azure.com/language/analyze-text/jobs/2c9f9896-1042-456e-8c9a-b142f06adaa5?api-version=2022-05-01\u0026showStats=True",
      "RequestMethod": "GET",
      "RequestHeaders": {
        "Accept": "*/*",
        "Accept-Encoding": "gzip, deflate",
        "Connection": "keep-alive",
        "User-Agent": "azsdk-python-ai-textanalytics/5.2.0b5 Python/3.10.0 (Windows-10-10.0.22000-SP0)"
      },
      "RequestBody": null,
      "StatusCode": 200,
      "ResponseHeaders": {
        "apim-request-id": "be3b3342-3ce5-44b2-8385-6309b8edfee8",
        "Content-Length": "283",
        "Content-Type": "application/json; charset=utf-8",
        "Date": "Tue, 12 Jul 2022 22:14:02 GMT",
        "Strict-Transport-Security": "max-age=31536000; includeSubDomains; preload",
        "X-Content-Type-Options": "nosniff",
        "x-envoy-upstream-service-time": "8"
      },
      "ResponseBody": {
        "jobId": "2c9f9896-1042-456e-8c9a-b142f06adaa5",
        "lastUpdatedDateTime": "2022-07-12T22:14:02Z",
        "createdDateTime": "2022-07-12T22:14:01Z",
        "expirationDateTime": "2022-07-13T22:14:01Z",
        "status": "notStarted",
        "errors": [],
        "tasks": {
          "completed": 0,
          "failed": 0,
          "inProgress": 5,
          "total": 5,
          "items": []
        }
      }
    },
    {
      "RequestUri": "https://fakeendpoint.cognitiveservices.azure.com/language/analyze-text/jobs/2c9f9896-1042-456e-8c9a-b142f06adaa5:cancel?api-version=2022-05-01",
      "RequestMethod": "POST",
      "RequestHeaders": {
        "Accept": "application/json",
        "Accept-Encoding": "gzip, deflate",
        "Connection": "keep-alive",
        "Content-Length": "0",
        "User-Agent": "azsdk-python-ai-textanalytics/5.2.0b5 Python/3.10.0 (Windows-10-10.0.22000-SP0)"
      },
      "RequestBody": null,
      "StatusCode": 202,
      "ResponseHeaders": {
        "apim-request-id": "654c3b95-8e52-4bd2-a888-6a772d6b0c75",
        "Content-Length": "0",
        "Date": "Tue, 12 Jul 2022 22:14:02 GMT",
        "operation-location": "https://fakeendpoint.cognitiveservices.azure.com/language/analyze-text/jobs/2c9f9896-1042-456e-8c9a-b142f06adaa5?api-version=2022-05-01",
        "Strict-Transport-Security": "max-age=31536000; includeSubDomains; preload",
        "X-Content-Type-Options": "nosniff",
        "x-envoy-upstream-service-time": "20"
      },
      "ResponseBody": null
    }
  ],
  "Variables": {}
}
