interactions:
- request:
    body: '{"documents": [{"id": "1", "text": "I will go to the park.", "language":
      "en"}, {"id": "2", "text": "I did not like the hotel we stayed at.", "language":
      "en"}, {"id": "3", "text": "The restaurant had really good food.", "language":
      "en"}]}'
    headers:
      Accept:
      - application/json, text/json
      Content-Length:
      - '240'
      Content-Type:
      - application/json
      User-Agent:
      - azsdk-python-ai-textanalytics/5.1.0b2 Python/3.8.5 (macOS-10.13.6-x86_64-i386-64bit)
    method: POST
    uri: https://westcentralus.api.cognitive.microsoft.com/text/analytics/v3.1-preview.2/entities/linking?showStats=false&stringIndexType=UnicodeCodePoint
  response:
    body:
      string: '{"documents":[{"id":"1","entities":[],"warnings":[]},{"id":"2","entities":[],"warnings":[]},{"id":"3","entities":[],"warnings":[]}],"errors":[],"modelVersion":"2020-02-01"}'
    headers:
      apim-request-id: 323ec297-f998-40cc-9fb7-4436c8de9a06
      content-type: application/json; charset=utf-8
      csp-billing-usage: CognitiveServices.TextAnalytics.BatchScoring=3
      date: Wed, 30 Sep 2020 16:03:00 GMT
      strict-transport-security: max-age=31536000; includeSubDomains; preload
      transfer-encoding: chunked
      x-content-type-options: nosniff
      x-envoy-upstream-service-time: '22'
    status:
      code: 200
      message: OK
    url: https://westcentralus.api.cognitive.microsoft.com//text/analytics/v3.1-preview.2/entities/linking?showStats=false&stringIndexType=UnicodeCodePoint
- request:
    body: '{"documents": [{"id": "1", "text": "I will go to the park.", "language":
      "en"}, {"id": "2", "text": "I did not like the hotel we stayed at.", "language":
      "en"}, {"id": "3", "text": "The restaurant had really good food.", "language":
      "en"}]}'
    headers:
      Accept:
      - application/json, text/json
      Content-Length:
      - '240'
      Content-Type:
      - application/json
      User-Agent:
      - azsdk-python-ai-textanalytics/5.1.0b2 Python/3.8.5 (macOS-10.13.6-x86_64-i386-64bit)
    method: POST
    uri: https://westcentralus.api.cognitive.microsoft.com/text/analytics/v3.1-preview.2/entities/linking?showStats=false&stringIndexType=UnicodeCodePoint
  response:
    body:
      string: '{"error":{"code":"401","message":"Access denied due to invalid subscription
        key or wrong API endpoint. Make sure to provide a valid key for an active
        subscription and use a correct regional API endpoint for your resource."}}'
    headers:
      content-length: '224'
      date: Wed, 30 Sep 2020 16:03:00 GMT
    status:
      code: 401
      message: PermissionDenied
    url: https://westcentralus.api.cognitive.microsoft.com//text/analytics/v3.1-preview.2/entities/linking?showStats=false&stringIndexType=UnicodeCodePoint
- request:
    body: '{"documents": [{"id": "1", "text": "I will go to the park.", "language":
      "en"}, {"id": "2", "text": "I did not like the hotel we stayed at.", "language":
      "en"}, {"id": "3", "text": "The restaurant had really good food.", "language":
      "en"}]}'
    headers:
      Accept:
      - application/json, text/json
      Content-Length:
      - '240'
      Content-Type:
      - application/json
      User-Agent:
      - azsdk-python-ai-textanalytics/5.1.0b2 Python/3.8.5 (macOS-10.13.6-x86_64-i386-64bit)
    method: POST
    uri: https://westcentralus.api.cognitive.microsoft.com/text/analytics/v3.1-preview.2/entities/linking?showStats=false&stringIndexType=UnicodeCodePoint
  response:
    body:
      string: '{"documents":[{"id":"1","entities":[],"warnings":[]},{"id":"2","entities":[],"warnings":[]},{"id":"3","entities":[],"warnings":[]}],"errors":[],"modelVersion":"2020-02-01"}'
    headers:
      apim-request-id: 585a51ea-a3c0-49de-a444-985ec6bf3fd6
      content-type: application/json; charset=utf-8
      csp-billing-usage: CognitiveServices.TextAnalytics.BatchScoring=3
      date: Wed, 30 Sep 2020 16:03:00 GMT
      strict-transport-security: max-age=31536000; includeSubDomains; preload
      transfer-encoding: chunked
      x-content-type-options: nosniff
      x-envoy-upstream-service-time: '22'
    status:
      code: 200
      message: OK
    url: https://westcentralus.api.cognitive.microsoft.com//text/analytics/v3.1-preview.2/entities/linking?showStats=false&stringIndexType=UnicodeCodePoint
version: 1
