interactions:
- request:
    body: '{"tasks": {"entityRecognitionTasks": [{"parameters": {"model-version":
      "latest", "stringIndexType": "UnicodeCodePoint"}}], "entityRecognitionPiiTasks":
      [{"parameters": {"model-version": "latest", "stringIndexType": "UnicodeCodePoint"}}],
      "keyPhraseExtractionTasks": [{"parameters": {"model-version": "latest"}}]},
      "analysisInput": {"documents": [{"id": "0", "text": "hello world", "language":
      "en"}, {"id": "1", "text": "hello world", "language": "en"}, {"id": "2", "text":
      "hello world", "language": "en"}, {"id": "3", "text": "hello world", "language":
      "en"}, {"id": "4", "text": "hello world", "language": "en"}, {"id": "5", "text":
      "hello world", "language": "en"}, {"id": "6", "text": "hello world", "language":
      "en"}, {"id": "7", "text": "hello world", "language": "en"}, {"id": "8", "text":
      "hello world", "language": "en"}, {"id": "9", "text": "hello world", "language":
      "en"}, {"id": "10", "text": "hello world", "language": "en"}, {"id": "11", "text":
      "hello world", "language": "en"}, {"id": "12", "text": "hello world", "language":
      "en"}, {"id": "13", "text": "hello world", "language": "en"}, {"id": "14", "text":
      "hello world", "language": "en"}, {"id": "15", "text": "hello world", "language":
      "en"}, {"id": "16", "text": "hello world", "language": "en"}, {"id": "17", "text":
      "hello world", "language": "en"}, {"id": "18", "text": "hello world", "language":
      "en"}, {"id": "19", "text": "hello world", "language": "en"}, {"id": "20", "text":
      "hello world", "language": "en"}, {"id": "21", "text": "hello world", "language":
      "en"}, {"id": "22", "text": "hello world", "language": "en"}, {"id": "23", "text":
      "hello world", "language": "en"}, {"id": "24", "text": "hello world", "language":
      "en"}]}}'
    headers:
      Accept:
      - application/json, text/json
      Content-Length:
      - '1712'
      Content-Type:
      - application/json
      User-Agent:
      - azsdk-python-ai-textanalytics/5.1.0b5 Python/3.9.1 (macOS-10.13.6-x86_64-i386-64bit)
    method: POST
    uri: https://westus2.api.cognitive.microsoft.com/text/analytics/v3.1-preview.3/analyze
  response:
    body:
      string: ''
    headers:
      apim-request-id: dfbd8d39-9ad0-4c81-ba0b-efc8038ccc58
      date: Fri, 05 Feb 2021 19:04:22 GMT
      operation-location: https://westus2.api.cognitive.microsoft.com/text/analytics/v3.1-preview.3/analyze/jobs/46545104-6fc4-4ec4-aff7-57c1a1a97deb_637480800000000000
      strict-transport-security: max-age=31536000; includeSubDomains; preload
      transfer-encoding: chunked
      x-content-type-options: nosniff
      x-envoy-upstream-service-time: '420'
    status:
      code: 202
      message: Accepted
    url: https://westus2.api.cognitive.microsoft.com//text/analytics/v3.1-preview.3/analyze
- request:
    body: null
    headers:
      User-Agent:
      - azsdk-python-ai-textanalytics/5.1.0b5 Python/3.9.1 (macOS-10.13.6-x86_64-i386-64bit)
    method: GET
    uri: https://westus2.api.cognitive.microsoft.com/text/analytics/v3.1-preview.3/analyze/jobs/46545104-6fc4-4ec4-aff7-57c1a1a97deb_637480800000000000?showStats=True
  response:
    body:
      string: '{"jobId":"46545104-6fc4-4ec4-aff7-57c1a1a97deb_637480800000000000","lastUpdateDateTime":"2021-02-05T19:04:27Z","createdDateTime":"2021-02-05T19:04:23Z","expirationDateTime":"2021-02-06T19:04:23Z","status":"running","errors":[],"tasks":{"details":{"lastUpdateDateTime":"2021-02-05T19:04:27Z"},"completed":0,"failed":0,"inProgress":3,"total":3}}'
    headers:
      apim-request-id: 2966011c-b567-4e86-b81d-25a816430c32
      content-type: application/json; charset=utf-8
      date: Fri, 05 Feb 2021 19:04:30 GMT
      strict-transport-security: max-age=31536000; includeSubDomains; preload
      transfer-encoding: chunked
      x-content-type-options: nosniff
      x-envoy-upstream-service-time: '2318'
    status:
      code: 200
      message: OK
    url: https://westus2.api.cognitive.microsoft.com/text/analytics/v3.1-preview.3/analyze/jobs/46545104-6fc4-4ec4-aff7-57c1a1a97deb_637480800000000000?showStats=True
- request:
    body: null
    headers:
      User-Agent:
      - azsdk-python-ai-textanalytics/5.1.0b5 Python/3.9.1 (macOS-10.13.6-x86_64-i386-64bit)
    method: GET
    uri: https://westus2.api.cognitive.microsoft.com/text/analytics/v3.1-preview.3/analyze/jobs/46545104-6fc4-4ec4-aff7-57c1a1a97deb_637480800000000000?showStats=True
  response:
    body:
      string: '{"jobId":"46545104-6fc4-4ec4-aff7-57c1a1a97deb_637480800000000000","lastUpdateDateTime":"2021-02-05T19:04:27Z","createdDateTime":"2021-02-05T19:04:23Z","expirationDateTime":"2021-02-06T19:04:23Z","status":"running","errors":[],"tasks":{"details":{"lastUpdateDateTime":"2021-02-05T19:04:27Z"},"completed":1,"failed":0,"inProgress":2,"total":3,"keyPhraseExtractionTasks":[{"lastUpdateDateTime":"2021-02-05T19:04:27.8352814Z","results":{"statistics":{"documentsCount":20,"validDocumentsCount":20,"erroneousDocumentsCount":0,"transactionsCount":20},"documents":[{"id":"0","keyPhrases":["world"],"statistics":{"charactersCount":11,"transactionsCount":1},"warnings":[]},{"id":"1","keyPhrases":["world"],"statistics":{"charactersCount":11,"transactionsCount":1},"warnings":[]},{"id":"2","keyPhrases":["world"],"statistics":{"charactersCount":11,"transactionsCount":1},"warnings":[]},{"id":"3","keyPhrases":["world"],"statistics":{"charactersCount":11,"transactionsCount":1},"warnings":[]},{"id":"4","keyPhrases":["world"],"statistics":{"charactersCount":11,"transactionsCount":1},"warnings":[]},{"id":"5","keyPhrases":["world"],"statistics":{"charactersCount":11,"transactionsCount":1},"warnings":[]},{"id":"6","keyPhrases":["world"],"statistics":{"charactersCount":11,"transactionsCount":1},"warnings":[]},{"id":"7","keyPhrases":["world"],"statistics":{"charactersCount":11,"transactionsCount":1},"warnings":[]},{"id":"8","keyPhrases":["world"],"statistics":{"charactersCount":11,"transactionsCount":1},"warnings":[]},{"id":"9","keyPhrases":["world"],"statistics":{"charactersCount":11,"transactionsCount":1},"warnings":[]},{"id":"10","keyPhrases":["world"],"statistics":{"charactersCount":11,"transactionsCount":1},"warnings":[]},{"id":"11","keyPhrases":["world"],"statistics":{"charactersCount":11,"transactionsCount":1},"warnings":[]},{"id":"12","keyPhrases":["world"],"statistics":{"charactersCount":11,"transactionsCount":1},"warnings":[]},{"id":"13","keyPhrases":["world"],"statistics":{"charactersCount":11,"transactionsCount":1},"warnings":[]},{"id":"14","keyPhrases":["world"],"statistics":{"charactersCount":11,"transactionsCount":1},"warnings":[]},{"id":"15","keyPhrases":["world"],"statistics":{"charactersCount":11,"transactionsCount":1},"warnings":[]},{"id":"16","keyPhrases":["world"],"statistics":{"charactersCount":11,"transactionsCount":1},"warnings":[]},{"id":"17","keyPhrases":["world"],"statistics":{"charactersCount":11,"transactionsCount":1},"warnings":[]},{"id":"18","keyPhrases":["world"],"statistics":{"charactersCount":11,"transactionsCount":1},"warnings":[]},{"id":"19","keyPhrases":["world"],"statistics":{"charactersCount":11,"transactionsCount":1},"warnings":[]}],"errors":[],"modelVersion":"2020-07-01","@nextLink":"http://svc--textanalyticsdispatcher.text-analytics.svc.cluster.local/text/analytics/v3.1-preview.3/jobs/60d5405f-39dd-4c37-8333-106249e749f7?$skip=20&$top=5"}}]},"@nextLink":"https://westus2.api.cognitive.microsoft.com/text/analytics/v3.1-preview.3/analyze/jobs/46545104-6fc4-4ec4-aff7-57c1a1a97deb_637480800000000000?$skip=20&$top=20"}'
    headers:
      apim-request-id: e352bb39-d361-44fe-b972-bba3b40c0020
      content-type: application/json; charset=utf-8
      date: Fri, 05 Feb 2021 19:04:37 GMT
      strict-transport-security: max-age=31536000; includeSubDomains; preload
      transfer-encoding: chunked
      x-content-type-options: nosniff
      x-envoy-upstream-service-time: '1942'
    status:
      code: 200
      message: OK
    url: https://westus2.api.cognitive.microsoft.com/text/analytics/v3.1-preview.3/analyze/jobs/46545104-6fc4-4ec4-aff7-57c1a1a97deb_637480800000000000?showStats=True
- request:
    body: null
    headers:
      User-Agent:
      - azsdk-python-ai-textanalytics/5.1.0b5 Python/3.9.1 (macOS-10.13.6-x86_64-i386-64bit)
    method: GET
    uri: https://westus2.api.cognitive.microsoft.com/text/analytics/v3.1-preview.3/analyze/jobs/46545104-6fc4-4ec4-aff7-57c1a1a97deb_637480800000000000?showStats=True
  response:
    body:
      string: '{"jobId":"46545104-6fc4-4ec4-aff7-57c1a1a97deb_637480800000000000","lastUpdateDateTime":"2021-02-05T19:04:27Z","createdDateTime":"2021-02-05T19:04:23Z","expirationDateTime":"2021-02-06T19:04:23Z","status":"running","errors":[],"tasks":{"details":{"lastUpdateDateTime":"2021-02-05T19:04:27Z"},"completed":1,"failed":0,"inProgress":2,"total":3,"keyPhraseExtractionTasks":[{"lastUpdateDateTime":"2021-02-05T19:04:27.8352814Z","results":{"statistics":{"documentsCount":20,"validDocumentsCount":20,"erroneousDocumentsCount":0,"transactionsCount":20},"documents":[{"id":"0","keyPhrases":["world"],"statistics":{"charactersCount":11,"transactionsCount":1},"warnings":[]},{"id":"1","keyPhrases":["world"],"statistics":{"charactersCount":11,"transactionsCount":1},"warnings":[]},{"id":"2","keyPhrases":["world"],"statistics":{"charactersCount":11,"transactionsCount":1},"warnings":[]},{"id":"3","keyPhrases":["world"],"statistics":{"charactersCount":11,"transactionsCount":1},"warnings":[]},{"id":"4","keyPhrases":["world"],"statistics":{"charactersCount":11,"transactionsCount":1},"warnings":[]},{"id":"5","keyPhrases":["world"],"statistics":{"charactersCount":11,"transactionsCount":1},"warnings":[]},{"id":"6","keyPhrases":["world"],"statistics":{"charactersCount":11,"transactionsCount":1},"warnings":[]},{"id":"7","keyPhrases":["world"],"statistics":{"charactersCount":11,"transactionsCount":1},"warnings":[]},{"id":"8","keyPhrases":["world"],"statistics":{"charactersCount":11,"transactionsCount":1},"warnings":[]},{"id":"9","keyPhrases":["world"],"statistics":{"charactersCount":11,"transactionsCount":1},"warnings":[]},{"id":"10","keyPhrases":["world"],"statistics":{"charactersCount":11,"transactionsCount":1},"warnings":[]},{"id":"11","keyPhrases":["world"],"statistics":{"charactersCount":11,"transactionsCount":1},"warnings":[]},{"id":"12","keyPhrases":["world"],"statistics":{"charactersCount":11,"transactionsCount":1},"warnings":[]},{"id":"13","keyPhrases":["world"],"statistics":{"charactersCount":11,"transactionsCount":1},"warnings":[]},{"id":"14","keyPhrases":["world"],"statistics":{"charactersCount":11,"transactionsCount":1},"warnings":[]},{"id":"15","keyPhrases":["world"],"statistics":{"charactersCount":11,"transactionsCount":1},"warnings":[]},{"id":"16","keyPhrases":["world"],"statistics":{"charactersCount":11,"transactionsCount":1},"warnings":[]},{"id":"17","keyPhrases":["world"],"statistics":{"charactersCount":11,"transactionsCount":1},"warnings":[]},{"id":"18","keyPhrases":["world"],"statistics":{"charactersCount":11,"transactionsCount":1},"warnings":[]},{"id":"19","keyPhrases":["world"],"statistics":{"charactersCount":11,"transactionsCount":1},"warnings":[]}],"errors":[],"modelVersion":"2020-07-01","@nextLink":"http://svc--textanalyticsdispatcher.text-analytics.svc.cluster.local/text/analytics/v3.1-preview.3/jobs/60d5405f-39dd-4c37-8333-106249e749f7?$skip=20&$top=5"}}]},"@nextLink":"https://westus2.api.cognitive.microsoft.com/text/analytics/v3.1-preview.3/analyze/jobs/46545104-6fc4-4ec4-aff7-57c1a1a97deb_637480800000000000?$skip=20&$top=20"}'
    headers:
      apim-request-id: 71aaf52f-7e8e-4049-8325-fb348b98e4ea
      content-type: application/json; charset=utf-8
      date: Fri, 05 Feb 2021 19:04:44 GMT
      strict-transport-security: max-age=31536000; includeSubDomains; preload
      transfer-encoding: chunked
      x-content-type-options: nosniff
      x-envoy-upstream-service-time: '1242'
    status:
      code: 200
      message: OK
    url: https://westus2.api.cognitive.microsoft.com/text/analytics/v3.1-preview.3/analyze/jobs/46545104-6fc4-4ec4-aff7-57c1a1a97deb_637480800000000000?showStats=True
- request:
    body: null
    headers:
      User-Agent:
      - azsdk-python-ai-textanalytics/5.1.0b5 Python/3.9.1 (macOS-10.13.6-x86_64-i386-64bit)
    method: GET
    uri: https://westus2.api.cognitive.microsoft.com/text/analytics/v3.1-preview.3/analyze/jobs/46545104-6fc4-4ec4-aff7-57c1a1a97deb_637480800000000000?showStats=True
  response:
    body:
      string: '{"jobId":"46545104-6fc4-4ec4-aff7-57c1a1a97deb_637480800000000000","lastUpdateDateTime":"2021-02-05T19:04:27Z","createdDateTime":"2021-02-05T19:04:23Z","expirationDateTime":"2021-02-06T19:04:23Z","status":"running","errors":[],"tasks":{"details":{"lastUpdateDateTime":"2021-02-05T19:04:27Z"},"completed":1,"failed":0,"inProgress":2,"total":3,"keyPhraseExtractionTasks":[{"lastUpdateDateTime":"2021-02-05T19:04:27.8352814Z","results":{"statistics":{"documentsCount":20,"validDocumentsCount":20,"erroneousDocumentsCount":0,"transactionsCount":20},"documents":[{"id":"0","keyPhrases":["world"],"statistics":{"charactersCount":11,"transactionsCount":1},"warnings":[]},{"id":"1","keyPhrases":["world"],"statistics":{"charactersCount":11,"transactionsCount":1},"warnings":[]},{"id":"2","keyPhrases":["world"],"statistics":{"charactersCount":11,"transactionsCount":1},"warnings":[]},{"id":"3","keyPhrases":["world"],"statistics":{"charactersCount":11,"transactionsCount":1},"warnings":[]},{"id":"4","keyPhrases":["world"],"statistics":{"charactersCount":11,"transactionsCount":1},"warnings":[]},{"id":"5","keyPhrases":["world"],"statistics":{"charactersCount":11,"transactionsCount":1},"warnings":[]},{"id":"6","keyPhrases":["world"],"statistics":{"charactersCount":11,"transactionsCount":1},"warnings":[]},{"id":"7","keyPhrases":["world"],"statistics":{"charactersCount":11,"transactionsCount":1},"warnings":[]},{"id":"8","keyPhrases":["world"],"statistics":{"charactersCount":11,"transactionsCount":1},"warnings":[]},{"id":"9","keyPhrases":["world"],"statistics":{"charactersCount":11,"transactionsCount":1},"warnings":[]},{"id":"10","keyPhrases":["world"],"statistics":{"charactersCount":11,"transactionsCount":1},"warnings":[]},{"id":"11","keyPhrases":["world"],"statistics":{"charactersCount":11,"transactionsCount":1},"warnings":[]},{"id":"12","keyPhrases":["world"],"statistics":{"charactersCount":11,"transactionsCount":1},"warnings":[]},{"id":"13","keyPhrases":["world"],"statistics":{"charactersCount":11,"transactionsCount":1},"warnings":[]},{"id":"14","keyPhrases":["world"],"statistics":{"charactersCount":11,"transactionsCount":1},"warnings":[]},{"id":"15","keyPhrases":["world"],"statistics":{"charactersCount":11,"transactionsCount":1},"warnings":[]},{"id":"16","keyPhrases":["world"],"statistics":{"charactersCount":11,"transactionsCount":1},"warnings":[]},{"id":"17","keyPhrases":["world"],"statistics":{"charactersCount":11,"transactionsCount":1},"warnings":[]},{"id":"18","keyPhrases":["world"],"statistics":{"charactersCount":11,"transactionsCount":1},"warnings":[]},{"id":"19","keyPhrases":["world"],"statistics":{"charactersCount":11,"transactionsCount":1},"warnings":[]}],"errors":[],"modelVersion":"2020-07-01","@nextLink":"http://svc--textanalyticsdispatcher.text-analytics.svc.cluster.local/text/analytics/v3.1-preview.3/jobs/60d5405f-39dd-4c37-8333-106249e749f7?$skip=20&$top=5"}}]},"@nextLink":"https://westus2.api.cognitive.microsoft.com/text/analytics/v3.1-preview.3/analyze/jobs/46545104-6fc4-4ec4-aff7-57c1a1a97deb_637480800000000000?$skip=20&$top=20"}'
    headers:
      apim-request-id: 9f172a97-ab9e-4ac5-a9cb-ae7f583b7fbd
      content-type: application/json; charset=utf-8
      date: Fri, 05 Feb 2021 19:04:50 GMT
      strict-transport-security: max-age=31536000; includeSubDomains; preload
      transfer-encoding: chunked
      x-content-type-options: nosniff
      x-envoy-upstream-service-time: '910'
    status:
      code: 200
      message: OK
    url: https://westus2.api.cognitive.microsoft.com/text/analytics/v3.1-preview.3/analyze/jobs/46545104-6fc4-4ec4-aff7-57c1a1a97deb_637480800000000000?showStats=True
- request:
    body: null
    headers:
      User-Agent:
      - azsdk-python-ai-textanalytics/5.1.0b5 Python/3.9.1 (macOS-10.13.6-x86_64-i386-64bit)
    method: GET
    uri: https://westus2.api.cognitive.microsoft.com/text/analytics/v3.1-preview.3/analyze/jobs/46545104-6fc4-4ec4-aff7-57c1a1a97deb_637480800000000000?showStats=True
  response:
    body:
      string: '{"jobId":"46545104-6fc4-4ec4-aff7-57c1a1a97deb_637480800000000000","lastUpdateDateTime":"2021-02-05T19:04:27Z","createdDateTime":"2021-02-05T19:04:23Z","expirationDateTime":"2021-02-06T19:04:23Z","status":"running","errors":[],"tasks":{"details":{"lastUpdateDateTime":"2021-02-05T19:04:27Z"},"completed":1,"failed":0,"inProgress":2,"total":3,"keyPhraseExtractionTasks":[{"lastUpdateDateTime":"2021-02-05T19:04:27.8352814Z","results":{"statistics":{"documentsCount":20,"validDocumentsCount":20,"erroneousDocumentsCount":0,"transactionsCount":20},"documents":[{"id":"0","keyPhrases":["world"],"statistics":{"charactersCount":11,"transactionsCount":1},"warnings":[]},{"id":"1","keyPhrases":["world"],"statistics":{"charactersCount":11,"transactionsCount":1},"warnings":[]},{"id":"2","keyPhrases":["world"],"statistics":{"charactersCount":11,"transactionsCount":1},"warnings":[]},{"id":"3","keyPhrases":["world"],"statistics":{"charactersCount":11,"transactionsCount":1},"warnings":[]},{"id":"4","keyPhrases":["world"],"statistics":{"charactersCount":11,"transactionsCount":1},"warnings":[]},{"id":"5","keyPhrases":["world"],"statistics":{"charactersCount":11,"transactionsCount":1},"warnings":[]},{"id":"6","keyPhrases":["world"],"statistics":{"charactersCount":11,"transactionsCount":1},"warnings":[]},{"id":"7","keyPhrases":["world"],"statistics":{"charactersCount":11,"transactionsCount":1},"warnings":[]},{"id":"8","keyPhrases":["world"],"statistics":{"charactersCount":11,"transactionsCount":1},"warnings":[]},{"id":"9","keyPhrases":["world"],"statistics":{"charactersCount":11,"transactionsCount":1},"warnings":[]},{"id":"10","keyPhrases":["world"],"statistics":{"charactersCount":11,"transactionsCount":1},"warnings":[]},{"id":"11","keyPhrases":["world"],"statistics":{"charactersCount":11,"transactionsCount":1},"warnings":[]},{"id":"12","keyPhrases":["world"],"statistics":{"charactersCount":11,"transactionsCount":1},"warnings":[]},{"id":"13","keyPhrases":["world"],"statistics":{"charactersCount":11,"transactionsCount":1},"warnings":[]},{"id":"14","keyPhrases":["world"],"statistics":{"charactersCount":11,"transactionsCount":1},"warnings":[]},{"id":"15","keyPhrases":["world"],"statistics":{"charactersCount":11,"transactionsCount":1},"warnings":[]},{"id":"16","keyPhrases":["world"],"statistics":{"charactersCount":11,"transactionsCount":1},"warnings":[]},{"id":"17","keyPhrases":["world"],"statistics":{"charactersCount":11,"transactionsCount":1},"warnings":[]},{"id":"18","keyPhrases":["world"],"statistics":{"charactersCount":11,"transactionsCount":1},"warnings":[]},{"id":"19","keyPhrases":["world"],"statistics":{"charactersCount":11,"transactionsCount":1},"warnings":[]}],"errors":[],"modelVersion":"2020-07-01","@nextLink":"http://svc--textanalyticsdispatcher.text-analytics.svc.cluster.local/text/analytics/v3.1-preview.3/jobs/60d5405f-39dd-4c37-8333-106249e749f7?$skip=20&$top=5"}}]},"@nextLink":"https://westus2.api.cognitive.microsoft.com/text/analytics/v3.1-preview.3/analyze/jobs/46545104-6fc4-4ec4-aff7-57c1a1a97deb_637480800000000000?$skip=20&$top=20"}'
    headers:
      apim-request-id: 1ea789f3-0fb5-403d-807b-0f6b8c3215ee
      content-type: application/json; charset=utf-8
      date: Fri, 05 Feb 2021 19:04:58 GMT
      strict-transport-security: max-age=31536000; includeSubDomains; preload
      transfer-encoding: chunked
      x-content-type-options: nosniff
      x-envoy-upstream-service-time: '2597'
    status:
      code: 200
      message: OK
    url: https://westus2.api.cognitive.microsoft.com/text/analytics/v3.1-preview.3/analyze/jobs/46545104-6fc4-4ec4-aff7-57c1a1a97deb_637480800000000000?showStats=True
- request:
    body: null
    headers:
      User-Agent:
      - azsdk-python-ai-textanalytics/5.1.0b5 Python/3.9.1 (macOS-10.13.6-x86_64-i386-64bit)
    method: GET
    uri: https://westus2.api.cognitive.microsoft.com/text/analytics/v3.1-preview.3/analyze/jobs/46545104-6fc4-4ec4-aff7-57c1a1a97deb_637480800000000000?showStats=True
  response:
    body:
      string: '{"jobId":"46545104-6fc4-4ec4-aff7-57c1a1a97deb_637480800000000000","lastUpdateDateTime":"2021-02-05T19:04:27Z","createdDateTime":"2021-02-05T19:04:23Z","expirationDateTime":"2021-02-06T19:04:23Z","status":"running","errors":[],"tasks":{"details":{"lastUpdateDateTime":"2021-02-05T19:04:27Z"},"completed":1,"failed":0,"inProgress":2,"total":3,"keyPhraseExtractionTasks":[{"lastUpdateDateTime":"2021-02-05T19:04:27.8352814Z","results":{"statistics":{"documentsCount":20,"validDocumentsCount":20,"erroneousDocumentsCount":0,"transactionsCount":20},"documents":[{"id":"0","keyPhrases":["world"],"statistics":{"charactersCount":11,"transactionsCount":1},"warnings":[]},{"id":"1","keyPhrases":["world"],"statistics":{"charactersCount":11,"transactionsCount":1},"warnings":[]},{"id":"2","keyPhrases":["world"],"statistics":{"charactersCount":11,"transactionsCount":1},"warnings":[]},{"id":"3","keyPhrases":["world"],"statistics":{"charactersCount":11,"transactionsCount":1},"warnings":[]},{"id":"4","keyPhrases":["world"],"statistics":{"charactersCount":11,"transactionsCount":1},"warnings":[]},{"id":"5","keyPhrases":["world"],"statistics":{"charactersCount":11,"transactionsCount":1},"warnings":[]},{"id":"6","keyPhrases":["world"],"statistics":{"charactersCount":11,"transactionsCount":1},"warnings":[]},{"id":"7","keyPhrases":["world"],"statistics":{"charactersCount":11,"transactionsCount":1},"warnings":[]},{"id":"8","keyPhrases":["world"],"statistics":{"charactersCount":11,"transactionsCount":1},"warnings":[]},{"id":"9","keyPhrases":["world"],"statistics":{"charactersCount":11,"transactionsCount":1},"warnings":[]},{"id":"10","keyPhrases":["world"],"statistics":{"charactersCount":11,"transactionsCount":1},"warnings":[]},{"id":"11","keyPhrases":["world"],"statistics":{"charactersCount":11,"transactionsCount":1},"warnings":[]},{"id":"12","keyPhrases":["world"],"statistics":{"charactersCount":11,"transactionsCount":1},"warnings":[]},{"id":"13","keyPhrases":["world"],"statistics":{"charactersCount":11,"transactionsCount":1},"warnings":[]},{"id":"14","keyPhrases":["world"],"statistics":{"charactersCount":11,"transactionsCount":1},"warnings":[]},{"id":"15","keyPhrases":["world"],"statistics":{"charactersCount":11,"transactionsCount":1},"warnings":[]},{"id":"16","keyPhrases":["world"],"statistics":{"charactersCount":11,"transactionsCount":1},"warnings":[]},{"id":"17","keyPhrases":["world"],"statistics":{"charactersCount":11,"transactionsCount":1},"warnings":[]},{"id":"18","keyPhrases":["world"],"statistics":{"charactersCount":11,"transactionsCount":1},"warnings":[]},{"id":"19","keyPhrases":["world"],"statistics":{"charactersCount":11,"transactionsCount":1},"warnings":[]}],"errors":[],"modelVersion":"2020-07-01","@nextLink":"http://svc--textanalyticsdispatcher.text-analytics.svc.cluster.local/text/analytics/v3.1-preview.3/jobs/60d5405f-39dd-4c37-8333-106249e749f7?$skip=20&$top=5"}}]},"@nextLink":"https://westus2.api.cognitive.microsoft.com/text/analytics/v3.1-preview.3/analyze/jobs/46545104-6fc4-4ec4-aff7-57c1a1a97deb_637480800000000000?$skip=20&$top=20"}'
    headers:
      apim-request-id: 30f4054c-9280-4f66-a7f6-d10d01340f71
      content-type: application/json; charset=utf-8
      date: Fri, 05 Feb 2021 19:05:03 GMT
      strict-transport-security: max-age=31536000; includeSubDomains; preload
      transfer-encoding: chunked
      x-content-type-options: nosniff
      x-envoy-upstream-service-time: '547'
    status:
      code: 200
      message: OK
    url: https://westus2.api.cognitive.microsoft.com/text/analytics/v3.1-preview.3/analyze/jobs/46545104-6fc4-4ec4-aff7-57c1a1a97deb_637480800000000000?showStats=True
- request:
    body: null
    headers:
      User-Agent:
      - azsdk-python-ai-textanalytics/5.1.0b5 Python/3.9.1 (macOS-10.13.6-x86_64-i386-64bit)
    method: GET
    uri: https://westus2.api.cognitive.microsoft.com/text/analytics/v3.1-preview.3/analyze/jobs/46545104-6fc4-4ec4-aff7-57c1a1a97deb_637480800000000000?showStats=True
  response:
    body:
      string: '{"jobId":"46545104-6fc4-4ec4-aff7-57c1a1a97deb_637480800000000000","lastUpdateDateTime":"2021-02-05T19:04:27Z","createdDateTime":"2021-02-05T19:04:23Z","expirationDateTime":"2021-02-06T19:04:23Z","status":"running","errors":[],"tasks":{"details":{"lastUpdateDateTime":"2021-02-05T19:04:27Z"},"completed":1,"failed":0,"inProgress":2,"total":3,"keyPhraseExtractionTasks":[{"lastUpdateDateTime":"2021-02-05T19:04:27.8352814Z","results":{"statistics":{"documentsCount":20,"validDocumentsCount":20,"erroneousDocumentsCount":0,"transactionsCount":20},"documents":[{"id":"0","keyPhrases":["world"],"statistics":{"charactersCount":11,"transactionsCount":1},"warnings":[]},{"id":"1","keyPhrases":["world"],"statistics":{"charactersCount":11,"transactionsCount":1},"warnings":[]},{"id":"2","keyPhrases":["world"],"statistics":{"charactersCount":11,"transactionsCount":1},"warnings":[]},{"id":"3","keyPhrases":["world"],"statistics":{"charactersCount":11,"transactionsCount":1},"warnings":[]},{"id":"4","keyPhrases":["world"],"statistics":{"charactersCount":11,"transactionsCount":1},"warnings":[]},{"id":"5","keyPhrases":["world"],"statistics":{"charactersCount":11,"transactionsCount":1},"warnings":[]},{"id":"6","keyPhrases":["world"],"statistics":{"charactersCount":11,"transactionsCount":1},"warnings":[]},{"id":"7","keyPhrases":["world"],"statistics":{"charactersCount":11,"transactionsCount":1},"warnings":[]},{"id":"8","keyPhrases":["world"],"statistics":{"charactersCount":11,"transactionsCount":1},"warnings":[]},{"id":"9","keyPhrases":["world"],"statistics":{"charactersCount":11,"transactionsCount":1},"warnings":[]},{"id":"10","keyPhrases":["world"],"statistics":{"charactersCount":11,"transactionsCount":1},"warnings":[]},{"id":"11","keyPhrases":["world"],"statistics":{"charactersCount":11,"transactionsCount":1},"warnings":[]},{"id":"12","keyPhrases":["world"],"statistics":{"charactersCount":11,"transactionsCount":1},"warnings":[]},{"id":"13","keyPhrases":["world"],"statistics":{"charactersCount":11,"transactionsCount":1},"warnings":[]},{"id":"14","keyPhrases":["world"],"statistics":{"charactersCount":11,"transactionsCount":1},"warnings":[]},{"id":"15","keyPhrases":["world"],"statistics":{"charactersCount":11,"transactionsCount":1},"warnings":[]},{"id":"16","keyPhrases":["world"],"statistics":{"charactersCount":11,"transactionsCount":1},"warnings":[]},{"id":"17","keyPhrases":["world"],"statistics":{"charactersCount":11,"transactionsCount":1},"warnings":[]},{"id":"18","keyPhrases":["world"],"statistics":{"charactersCount":11,"transactionsCount":1},"warnings":[]},{"id":"19","keyPhrases":["world"],"statistics":{"charactersCount":11,"transactionsCount":1},"warnings":[]}],"errors":[],"modelVersion":"2020-07-01","@nextLink":"http://svc--textanalyticsdispatcher.text-analytics.svc.cluster.local/text/analytics/v3.1-preview.3/jobs/60d5405f-39dd-4c37-8333-106249e749f7?$skip=20&$top=5"}}]},"@nextLink":"https://westus2.api.cognitive.microsoft.com/text/analytics/v3.1-preview.3/analyze/jobs/46545104-6fc4-4ec4-aff7-57c1a1a97deb_637480800000000000?$skip=20&$top=20"}'
    headers:
      apim-request-id: 7732235b-902e-4d3a-95c4-f2c5720fe736
      content-type: application/json; charset=utf-8
      date: Fri, 05 Feb 2021 19:05:08 GMT
      strict-transport-security: max-age=31536000; includeSubDomains; preload
      transfer-encoding: chunked
      x-content-type-options: nosniff
      x-envoy-upstream-service-time: '289'
    status:
      code: 200
      message: OK
    url: https://westus2.api.cognitive.microsoft.com/text/analytics/v3.1-preview.3/analyze/jobs/46545104-6fc4-4ec4-aff7-57c1a1a97deb_637480800000000000?showStats=True
- request:
    body: null
    headers:
      User-Agent:
      - azsdk-python-ai-textanalytics/5.1.0b5 Python/3.9.1 (macOS-10.13.6-x86_64-i386-64bit)
    method: GET
    uri: https://westus2.api.cognitive.microsoft.com/text/analytics/v3.1-preview.3/analyze/jobs/46545104-6fc4-4ec4-aff7-57c1a1a97deb_637480800000000000?showStats=True
  response:
    body:
      string: '{"jobId":"46545104-6fc4-4ec4-aff7-57c1a1a97deb_637480800000000000","lastUpdateDateTime":"2021-02-05T19:04:27Z","createdDateTime":"2021-02-05T19:04:23Z","expirationDateTime":"2021-02-06T19:04:23Z","status":"running","errors":[],"tasks":{"details":{"lastUpdateDateTime":"2021-02-05T19:04:27Z"},"completed":1,"failed":0,"inProgress":2,"total":3,"keyPhraseExtractionTasks":[{"lastUpdateDateTime":"2021-02-05T19:04:27.8352814Z","results":{"statistics":{"documentsCount":20,"validDocumentsCount":20,"erroneousDocumentsCount":0,"transactionsCount":20},"documents":[{"id":"0","keyPhrases":["world"],"statistics":{"charactersCount":11,"transactionsCount":1},"warnings":[]},{"id":"1","keyPhrases":["world"],"statistics":{"charactersCount":11,"transactionsCount":1},"warnings":[]},{"id":"2","keyPhrases":["world"],"statistics":{"charactersCount":11,"transactionsCount":1},"warnings":[]},{"id":"3","keyPhrases":["world"],"statistics":{"charactersCount":11,"transactionsCount":1},"warnings":[]},{"id":"4","keyPhrases":["world"],"statistics":{"charactersCount":11,"transactionsCount":1},"warnings":[]},{"id":"5","keyPhrases":["world"],"statistics":{"charactersCount":11,"transactionsCount":1},"warnings":[]},{"id":"6","keyPhrases":["world"],"statistics":{"charactersCount":11,"transactionsCount":1},"warnings":[]},{"id":"7","keyPhrases":["world"],"statistics":{"charactersCount":11,"transactionsCount":1},"warnings":[]},{"id":"8","keyPhrases":["world"],"statistics":{"charactersCount":11,"transactionsCount":1},"warnings":[]},{"id":"9","keyPhrases":["world"],"statistics":{"charactersCount":11,"transactionsCount":1},"warnings":[]},{"id":"10","keyPhrases":["world"],"statistics":{"charactersCount":11,"transactionsCount":1},"warnings":[]},{"id":"11","keyPhrases":["world"],"statistics":{"charactersCount":11,"transactionsCount":1},"warnings":[]},{"id":"12","keyPhrases":["world"],"statistics":{"charactersCount":11,"transactionsCount":1},"warnings":[]},{"id":"13","keyPhrases":["world"],"statistics":{"charactersCount":11,"transactionsCount":1},"warnings":[]},{"id":"14","keyPhrases":["world"],"statistics":{"charactersCount":11,"transactionsCount":1},"warnings":[]},{"id":"15","keyPhrases":["world"],"statistics":{"charactersCount":11,"transactionsCount":1},"warnings":[]},{"id":"16","keyPhrases":["world"],"statistics":{"charactersCount":11,"transactionsCount":1},"warnings":[]},{"id":"17","keyPhrases":["world"],"statistics":{"charactersCount":11,"transactionsCount":1},"warnings":[]},{"id":"18","keyPhrases":["world"],"statistics":{"charactersCount":11,"transactionsCount":1},"warnings":[]},{"id":"19","keyPhrases":["world"],"statistics":{"charactersCount":11,"transactionsCount":1},"warnings":[]}],"errors":[],"modelVersion":"2020-07-01","@nextLink":"http://svc--textanalyticsdispatcher.text-analytics.svc.cluster.local/text/analytics/v3.1-preview.3/jobs/60d5405f-39dd-4c37-8333-106249e749f7?$skip=20&$top=5"}}]},"@nextLink":"https://westus2.api.cognitive.microsoft.com/text/analytics/v3.1-preview.3/analyze/jobs/46545104-6fc4-4ec4-aff7-57c1a1a97deb_637480800000000000?$skip=20&$top=20"}'
    headers:
      apim-request-id: f75e59db-4117-48bb-9dcb-a9c653a7cefa
      content-type: application/json; charset=utf-8
      date: Fri, 05 Feb 2021 19:05:15 GMT
      strict-transport-security: max-age=31536000; includeSubDomains; preload
      transfer-encoding: chunked
      x-content-type-options: nosniff
      x-envoy-upstream-service-time: '1649'
    status:
      code: 200
      message: OK
    url: https://westus2.api.cognitive.microsoft.com/text/analytics/v3.1-preview.3/analyze/jobs/46545104-6fc4-4ec4-aff7-57c1a1a97deb_637480800000000000?showStats=True
- request:
    body: null
    headers:
      User-Agent:
      - azsdk-python-ai-textanalytics/5.1.0b5 Python/3.9.1 (macOS-10.13.6-x86_64-i386-64bit)
    method: GET
    uri: https://westus2.api.cognitive.microsoft.com/text/analytics/v3.1-preview.3/analyze/jobs/46545104-6fc4-4ec4-aff7-57c1a1a97deb_637480800000000000?showStats=True
  response:
    body:
      string: '{"jobId":"46545104-6fc4-4ec4-aff7-57c1a1a97deb_637480800000000000","lastUpdateDateTime":"2021-02-05T19:04:27Z","createdDateTime":"2021-02-05T19:04:23Z","expirationDateTime":"2021-02-06T19:04:23Z","status":"running","errors":[],"tasks":{"details":{"lastUpdateDateTime":"2021-02-05T19:04:27Z"},"completed":1,"failed":0,"inProgress":2,"total":3,"keyPhraseExtractionTasks":[{"lastUpdateDateTime":"2021-02-05T19:04:27.8352814Z","results":{"statistics":{"documentsCount":20,"validDocumentsCount":20,"erroneousDocumentsCount":0,"transactionsCount":20},"documents":[{"id":"0","keyPhrases":["world"],"statistics":{"charactersCount":11,"transactionsCount":1},"warnings":[]},{"id":"1","keyPhrases":["world"],"statistics":{"charactersCount":11,"transactionsCount":1},"warnings":[]},{"id":"2","keyPhrases":["world"],"statistics":{"charactersCount":11,"transactionsCount":1},"warnings":[]},{"id":"3","keyPhrases":["world"],"statistics":{"charactersCount":11,"transactionsCount":1},"warnings":[]},{"id":"4","keyPhrases":["world"],"statistics":{"charactersCount":11,"transactionsCount":1},"warnings":[]},{"id":"5","keyPhrases":["world"],"statistics":{"charactersCount":11,"transactionsCount":1},"warnings":[]},{"id":"6","keyPhrases":["world"],"statistics":{"charactersCount":11,"transactionsCount":1},"warnings":[]},{"id":"7","keyPhrases":["world"],"statistics":{"charactersCount":11,"transactionsCount":1},"warnings":[]},{"id":"8","keyPhrases":["world"],"statistics":{"charactersCount":11,"transactionsCount":1},"warnings":[]},{"id":"9","keyPhrases":["world"],"statistics":{"charactersCount":11,"transactionsCount":1},"warnings":[]},{"id":"10","keyPhrases":["world"],"statistics":{"charactersCount":11,"transactionsCount":1},"warnings":[]},{"id":"11","keyPhrases":["world"],"statistics":{"charactersCount":11,"transactionsCount":1},"warnings":[]},{"id":"12","keyPhrases":["world"],"statistics":{"charactersCount":11,"transactionsCount":1},"warnings":[]},{"id":"13","keyPhrases":["world"],"statistics":{"charactersCount":11,"transactionsCount":1},"warnings":[]},{"id":"14","keyPhrases":["world"],"statistics":{"charactersCount":11,"transactionsCount":1},"warnings":[]},{"id":"15","keyPhrases":["world"],"statistics":{"charactersCount":11,"transactionsCount":1},"warnings":[]},{"id":"16","keyPhrases":["world"],"statistics":{"charactersCount":11,"transactionsCount":1},"warnings":[]},{"id":"17","keyPhrases":["world"],"statistics":{"charactersCount":11,"transactionsCount":1},"warnings":[]},{"id":"18","keyPhrases":["world"],"statistics":{"charactersCount":11,"transactionsCount":1},"warnings":[]},{"id":"19","keyPhrases":["world"],"statistics":{"charactersCount":11,"transactionsCount":1},"warnings":[]}],"errors":[],"modelVersion":"2020-07-01","@nextLink":"http://svc--textanalyticsdispatcher.text-analytics.svc.cluster.local/text/analytics/v3.1-preview.3/jobs/60d5405f-39dd-4c37-8333-106249e749f7?$skip=20&$top=5"}}]},"@nextLink":"https://westus2.api.cognitive.microsoft.com/text/analytics/v3.1-preview.3/analyze/jobs/46545104-6fc4-4ec4-aff7-57c1a1a97deb_637480800000000000?$skip=20&$top=20"}'
    headers:
      apim-request-id: a500bc00-6d13-422e-b7dc-ff110fa8f8f6
      content-type: application/json; charset=utf-8
      date: Fri, 05 Feb 2021 19:05:24 GMT
      strict-transport-security: max-age=31536000; includeSubDomains; preload
      transfer-encoding: chunked
      x-content-type-options: nosniff
      x-envoy-upstream-service-time: '2466'
    status:
      code: 200
      message: OK
    url: https://westus2.api.cognitive.microsoft.com/text/analytics/v3.1-preview.3/analyze/jobs/46545104-6fc4-4ec4-aff7-57c1a1a97deb_637480800000000000?showStats=True
- request:
    body: null
    headers:
      User-Agent:
      - azsdk-python-ai-textanalytics/5.1.0b5 Python/3.9.1 (macOS-10.13.6-x86_64-i386-64bit)
    method: GET
    uri: https://westus2.api.cognitive.microsoft.com/text/analytics/v3.1-preview.3/analyze/jobs/46545104-6fc4-4ec4-aff7-57c1a1a97deb_637480800000000000?showStats=True
  response:
    body:
      string: '{"jobId":"46545104-6fc4-4ec4-aff7-57c1a1a97deb_637480800000000000","lastUpdateDateTime":"2021-02-05T19:04:27Z","createdDateTime":"2021-02-05T19:04:23Z","expirationDateTime":"2021-02-06T19:04:23Z","status":"running","errors":[],"tasks":{"details":{"lastUpdateDateTime":"2021-02-05T19:04:27Z"},"completed":1,"failed":0,"inProgress":2,"total":3,"keyPhraseExtractionTasks":[{"lastUpdateDateTime":"2021-02-05T19:04:27.8352814Z","results":{"statistics":{"documentsCount":20,"validDocumentsCount":20,"erroneousDocumentsCount":0,"transactionsCount":20},"documents":[{"id":"0","keyPhrases":["world"],"statistics":{"charactersCount":11,"transactionsCount":1},"warnings":[]},{"id":"1","keyPhrases":["world"],"statistics":{"charactersCount":11,"transactionsCount":1},"warnings":[]},{"id":"2","keyPhrases":["world"],"statistics":{"charactersCount":11,"transactionsCount":1},"warnings":[]},{"id":"3","keyPhrases":["world"],"statistics":{"charactersCount":11,"transactionsCount":1},"warnings":[]},{"id":"4","keyPhrases":["world"],"statistics":{"charactersCount":11,"transactionsCount":1},"warnings":[]},{"id":"5","keyPhrases":["world"],"statistics":{"charactersCount":11,"transactionsCount":1},"warnings":[]},{"id":"6","keyPhrases":["world"],"statistics":{"charactersCount":11,"transactionsCount":1},"warnings":[]},{"id":"7","keyPhrases":["world"],"statistics":{"charactersCount":11,"transactionsCount":1},"warnings":[]},{"id":"8","keyPhrases":["world"],"statistics":{"charactersCount":11,"transactionsCount":1},"warnings":[]},{"id":"9","keyPhrases":["world"],"statistics":{"charactersCount":11,"transactionsCount":1},"warnings":[]},{"id":"10","keyPhrases":["world"],"statistics":{"charactersCount":11,"transactionsCount":1},"warnings":[]},{"id":"11","keyPhrases":["world"],"statistics":{"charactersCount":11,"transactionsCount":1},"warnings":[]},{"id":"12","keyPhrases":["world"],"statistics":{"charactersCount":11,"transactionsCount":1},"warnings":[]},{"id":"13","keyPhrases":["world"],"statistics":{"charactersCount":11,"transactionsCount":1},"warnings":[]},{"id":"14","keyPhrases":["world"],"statistics":{"charactersCount":11,"transactionsCount":1},"warnings":[]},{"id":"15","keyPhrases":["world"],"statistics":{"charactersCount":11,"transactionsCount":1},"warnings":[]},{"id":"16","keyPhrases":["world"],"statistics":{"charactersCount":11,"transactionsCount":1},"warnings":[]},{"id":"17","keyPhrases":["world"],"statistics":{"charactersCount":11,"transactionsCount":1},"warnings":[]},{"id":"18","keyPhrases":["world"],"statistics":{"charactersCount":11,"transactionsCount":1},"warnings":[]},{"id":"19","keyPhrases":["world"],"statistics":{"charactersCount":11,"transactionsCount":1},"warnings":[]}],"errors":[],"modelVersion":"2020-07-01","@nextLink":"http://svc--textanalyticsdispatcher.text-analytics.svc.cluster.local/text/analytics/v3.1-preview.3/jobs/60d5405f-39dd-4c37-8333-106249e749f7?$skip=20&$top=5"}}]},"@nextLink":"https://westus2.api.cognitive.microsoft.com/text/analytics/v3.1-preview.3/analyze/jobs/46545104-6fc4-4ec4-aff7-57c1a1a97deb_637480800000000000?$skip=20&$top=20"}'
    headers:
      apim-request-id: b37edfdc-5a4b-4e47-9078-3c32cbcf4357
      content-type: application/json; charset=utf-8
      date: Fri, 05 Feb 2021 19:05:30 GMT
      strict-transport-security: max-age=31536000; includeSubDomains; preload
      transfer-encoding: chunked
      x-content-type-options: nosniff
      x-envoy-upstream-service-time: '1321'
    status:
      code: 200
      message: OK
    url: https://westus2.api.cognitive.microsoft.com/text/analytics/v3.1-preview.3/analyze/jobs/46545104-6fc4-4ec4-aff7-57c1a1a97deb_637480800000000000?showStats=True
- request:
    body: null
    headers:
      User-Agent:
      - azsdk-python-ai-textanalytics/5.1.0b5 Python/3.9.1 (macOS-10.13.6-x86_64-i386-64bit)
    method: GET
    uri: https://westus2.api.cognitive.microsoft.com/text/analytics/v3.1-preview.3/analyze/jobs/46545104-6fc4-4ec4-aff7-57c1a1a97deb_637480800000000000?showStats=True
  response:
    body:
      string: '{"jobId":"46545104-6fc4-4ec4-aff7-57c1a1a97deb_637480800000000000","lastUpdateDateTime":"2021-02-05T19:04:27Z","createdDateTime":"2021-02-05T19:04:23Z","expirationDateTime":"2021-02-06T19:04:23Z","status":"running","errors":[],"tasks":{"details":{"lastUpdateDateTime":"2021-02-05T19:04:27Z"},"completed":1,"failed":0,"inProgress":2,"total":3,"keyPhraseExtractionTasks":[{"lastUpdateDateTime":"2021-02-05T19:04:27.8352814Z","results":{"statistics":{"documentsCount":20,"validDocumentsCount":20,"erroneousDocumentsCount":0,"transactionsCount":20},"documents":[{"id":"0","keyPhrases":["world"],"statistics":{"charactersCount":11,"transactionsCount":1},"warnings":[]},{"id":"1","keyPhrases":["world"],"statistics":{"charactersCount":11,"transactionsCount":1},"warnings":[]},{"id":"2","keyPhrases":["world"],"statistics":{"charactersCount":11,"transactionsCount":1},"warnings":[]},{"id":"3","keyPhrases":["world"],"statistics":{"charactersCount":11,"transactionsCount":1},"warnings":[]},{"id":"4","keyPhrases":["world"],"statistics":{"charactersCount":11,"transactionsCount":1},"warnings":[]},{"id":"5","keyPhrases":["world"],"statistics":{"charactersCount":11,"transactionsCount":1},"warnings":[]},{"id":"6","keyPhrases":["world"],"statistics":{"charactersCount":11,"transactionsCount":1},"warnings":[]},{"id":"7","keyPhrases":["world"],"statistics":{"charactersCount":11,"transactionsCount":1},"warnings":[]},{"id":"8","keyPhrases":["world"],"statistics":{"charactersCount":11,"transactionsCount":1},"warnings":[]},{"id":"9","keyPhrases":["world"],"statistics":{"charactersCount":11,"transactionsCount":1},"warnings":[]},{"id":"10","keyPhrases":["world"],"statistics":{"charactersCount":11,"transactionsCount":1},"warnings":[]},{"id":"11","keyPhrases":["world"],"statistics":{"charactersCount":11,"transactionsCount":1},"warnings":[]},{"id":"12","keyPhrases":["world"],"statistics":{"charactersCount":11,"transactionsCount":1},"warnings":[]},{"id":"13","keyPhrases":["world"],"statistics":{"charactersCount":11,"transactionsCount":1},"warnings":[]},{"id":"14","keyPhrases":["world"],"statistics":{"charactersCount":11,"transactionsCount":1},"warnings":[]},{"id":"15","keyPhrases":["world"],"statistics":{"charactersCount":11,"transactionsCount":1},"warnings":[]},{"id":"16","keyPhrases":["world"],"statistics":{"charactersCount":11,"transactionsCount":1},"warnings":[]},{"id":"17","keyPhrases":["world"],"statistics":{"charactersCount":11,"transactionsCount":1},"warnings":[]},{"id":"18","keyPhrases":["world"],"statistics":{"charactersCount":11,"transactionsCount":1},"warnings":[]},{"id":"19","keyPhrases":["world"],"statistics":{"charactersCount":11,"transactionsCount":1},"warnings":[]}],"errors":[],"modelVersion":"2020-07-01","@nextLink":"http://svc--textanalyticsdispatcher.text-analytics.svc.cluster.local/text/analytics/v3.1-preview.3/jobs/60d5405f-39dd-4c37-8333-106249e749f7?$skip=20&$top=5"}}]},"@nextLink":"https://westus2.api.cognitive.microsoft.com/text/analytics/v3.1-preview.3/analyze/jobs/46545104-6fc4-4ec4-aff7-57c1a1a97deb_637480800000000000?$skip=20&$top=20"}'
    headers:
      apim-request-id: b967236e-ef5d-4df3-9165-0446392b1f99
      content-type: application/json; charset=utf-8
      date: Fri, 05 Feb 2021 19:05:36 GMT
      strict-transport-security: max-age=31536000; includeSubDomains; preload
      transfer-encoding: chunked
      x-content-type-options: nosniff
      x-envoy-upstream-service-time: '1224'
    status:
      code: 200
      message: OK
    url: https://westus2.api.cognitive.microsoft.com/text/analytics/v3.1-preview.3/analyze/jobs/46545104-6fc4-4ec4-aff7-57c1a1a97deb_637480800000000000?showStats=True
- request:
    body: null
    headers:
      User-Agent:
      - azsdk-python-ai-textanalytics/5.1.0b5 Python/3.9.1 (macOS-10.13.6-x86_64-i386-64bit)
    method: GET
    uri: https://westus2.api.cognitive.microsoft.com/text/analytics/v3.1-preview.3/analyze/jobs/46545104-6fc4-4ec4-aff7-57c1a1a97deb_637480800000000000?showStats=True
  response:
    body:
      string: '{"jobId":"46545104-6fc4-4ec4-aff7-57c1a1a97deb_637480800000000000","lastUpdateDateTime":"2021-02-05T19:04:27Z","createdDateTime":"2021-02-05T19:04:23Z","expirationDateTime":"2021-02-06T19:04:23Z","status":"running","errors":[],"tasks":{"details":{"lastUpdateDateTime":"2021-02-05T19:04:27Z"},"completed":1,"failed":0,"inProgress":2,"total":3,"keyPhraseExtractionTasks":[{"lastUpdateDateTime":"2021-02-05T19:04:27.8352814Z","results":{"statistics":{"documentsCount":20,"validDocumentsCount":20,"erroneousDocumentsCount":0,"transactionsCount":20},"documents":[{"id":"0","keyPhrases":["world"],"statistics":{"charactersCount":11,"transactionsCount":1},"warnings":[]},{"id":"1","keyPhrases":["world"],"statistics":{"charactersCount":11,"transactionsCount":1},"warnings":[]},{"id":"2","keyPhrases":["world"],"statistics":{"charactersCount":11,"transactionsCount":1},"warnings":[]},{"id":"3","keyPhrases":["world"],"statistics":{"charactersCount":11,"transactionsCount":1},"warnings":[]},{"id":"4","keyPhrases":["world"],"statistics":{"charactersCount":11,"transactionsCount":1},"warnings":[]},{"id":"5","keyPhrases":["world"],"statistics":{"charactersCount":11,"transactionsCount":1},"warnings":[]},{"id":"6","keyPhrases":["world"],"statistics":{"charactersCount":11,"transactionsCount":1},"warnings":[]},{"id":"7","keyPhrases":["world"],"statistics":{"charactersCount":11,"transactionsCount":1},"warnings":[]},{"id":"8","keyPhrases":["world"],"statistics":{"charactersCount":11,"transactionsCount":1},"warnings":[]},{"id":"9","keyPhrases":["world"],"statistics":{"charactersCount":11,"transactionsCount":1},"warnings":[]},{"id":"10","keyPhrases":["world"],"statistics":{"charactersCount":11,"transactionsCount":1},"warnings":[]},{"id":"11","keyPhrases":["world"],"statistics":{"charactersCount":11,"transactionsCount":1},"warnings":[]},{"id":"12","keyPhrases":["world"],"statistics":{"charactersCount":11,"transactionsCount":1},"warnings":[]},{"id":"13","keyPhrases":["world"],"statistics":{"charactersCount":11,"transactionsCount":1},"warnings":[]},{"id":"14","keyPhrases":["world"],"statistics":{"charactersCount":11,"transactionsCount":1},"warnings":[]},{"id":"15","keyPhrases":["world"],"statistics":{"charactersCount":11,"transactionsCount":1},"warnings":[]},{"id":"16","keyPhrases":["world"],"statistics":{"charactersCount":11,"transactionsCount":1},"warnings":[]},{"id":"17","keyPhrases":["world"],"statistics":{"charactersCount":11,"transactionsCount":1},"warnings":[]},{"id":"18","keyPhrases":["world"],"statistics":{"charactersCount":11,"transactionsCount":1},"warnings":[]},{"id":"19","keyPhrases":["world"],"statistics":{"charactersCount":11,"transactionsCount":1},"warnings":[]}],"errors":[],"modelVersion":"2020-07-01","@nextLink":"http://svc--textanalyticsdispatcher.text-analytics.svc.cluster.local/text/analytics/v3.1-preview.3/jobs/60d5405f-39dd-4c37-8333-106249e749f7?$skip=20&$top=5"}}]},"@nextLink":"https://westus2.api.cognitive.microsoft.com/text/analytics/v3.1-preview.3/analyze/jobs/46545104-6fc4-4ec4-aff7-57c1a1a97deb_637480800000000000?$skip=20&$top=20"}'
    headers:
      apim-request-id: 7d8596ff-b167-435f-9de0-95d535b3f931
      content-type: application/json; charset=utf-8
      date: Fri, 05 Feb 2021 19:05:42 GMT
      strict-transport-security: max-age=31536000; includeSubDomains; preload
      transfer-encoding: chunked
      x-content-type-options: nosniff
      x-envoy-upstream-service-time: '600'
    status:
      code: 200
      message: OK
    url: https://westus2.api.cognitive.microsoft.com/text/analytics/v3.1-preview.3/analyze/jobs/46545104-6fc4-4ec4-aff7-57c1a1a97deb_637480800000000000?showStats=True
- request:
    body: null
    headers:
      User-Agent:
      - azsdk-python-ai-textanalytics/5.1.0b5 Python/3.9.1 (macOS-10.13.6-x86_64-i386-64bit)
    method: GET
    uri: https://westus2.api.cognitive.microsoft.com/text/analytics/v3.1-preview.3/analyze/jobs/46545104-6fc4-4ec4-aff7-57c1a1a97deb_637480800000000000?showStats=True
  response:
    body:
      string: '{"jobId":"46545104-6fc4-4ec4-aff7-57c1a1a97deb_637480800000000000","lastUpdateDateTime":"2021-02-05T19:04:27Z","createdDateTime":"2021-02-05T19:04:23Z","expirationDateTime":"2021-02-06T19:04:23Z","status":"running","errors":[],"tasks":{"details":{"lastUpdateDateTime":"2021-02-05T19:04:27Z"},"completed":1,"failed":0,"inProgress":2,"total":3,"keyPhraseExtractionTasks":[{"lastUpdateDateTime":"2021-02-05T19:04:27.8352814Z","results":{"statistics":{"documentsCount":20,"validDocumentsCount":20,"erroneousDocumentsCount":0,"transactionsCount":20},"documents":[{"id":"0","keyPhrases":["world"],"statistics":{"charactersCount":11,"transactionsCount":1},"warnings":[]},{"id":"1","keyPhrases":["world"],"statistics":{"charactersCount":11,"transactionsCount":1},"warnings":[]},{"id":"2","keyPhrases":["world"],"statistics":{"charactersCount":11,"transactionsCount":1},"warnings":[]},{"id":"3","keyPhrases":["world"],"statistics":{"charactersCount":11,"transactionsCount":1},"warnings":[]},{"id":"4","keyPhrases":["world"],"statistics":{"charactersCount":11,"transactionsCount":1},"warnings":[]},{"id":"5","keyPhrases":["world"],"statistics":{"charactersCount":11,"transactionsCount":1},"warnings":[]},{"id":"6","keyPhrases":["world"],"statistics":{"charactersCount":11,"transactionsCount":1},"warnings":[]},{"id":"7","keyPhrases":["world"],"statistics":{"charactersCount":11,"transactionsCount":1},"warnings":[]},{"id":"8","keyPhrases":["world"],"statistics":{"charactersCount":11,"transactionsCount":1},"warnings":[]},{"id":"9","keyPhrases":["world"],"statistics":{"charactersCount":11,"transactionsCount":1},"warnings":[]},{"id":"10","keyPhrases":["world"],"statistics":{"charactersCount":11,"transactionsCount":1},"warnings":[]},{"id":"11","keyPhrases":["world"],"statistics":{"charactersCount":11,"transactionsCount":1},"warnings":[]},{"id":"12","keyPhrases":["world"],"statistics":{"charactersCount":11,"transactionsCount":1},"warnings":[]},{"id":"13","keyPhrases":["world"],"statistics":{"charactersCount":11,"transactionsCount":1},"warnings":[]},{"id":"14","keyPhrases":["world"],"statistics":{"charactersCount":11,"transactionsCount":1},"warnings":[]},{"id":"15","keyPhrases":["world"],"statistics":{"charactersCount":11,"transactionsCount":1},"warnings":[]},{"id":"16","keyPhrases":["world"],"statistics":{"charactersCount":11,"transactionsCount":1},"warnings":[]},{"id":"17","keyPhrases":["world"],"statistics":{"charactersCount":11,"transactionsCount":1},"warnings":[]},{"id":"18","keyPhrases":["world"],"statistics":{"charactersCount":11,"transactionsCount":1},"warnings":[]},{"id":"19","keyPhrases":["world"],"statistics":{"charactersCount":11,"transactionsCount":1},"warnings":[]}],"errors":[],"modelVersion":"2020-07-01","@nextLink":"http://svc--textanalyticsdispatcher.text-analytics.svc.cluster.local/text/analytics/v3.1-preview.3/jobs/60d5405f-39dd-4c37-8333-106249e749f7?$skip=20&$top=5"}}]},"@nextLink":"https://westus2.api.cognitive.microsoft.com/text/analytics/v3.1-preview.3/analyze/jobs/46545104-6fc4-4ec4-aff7-57c1a1a97deb_637480800000000000?$skip=20&$top=20"}'
    headers:
      apim-request-id: c532324b-e7c9-49cd-a187-e5f1997e96f7
      content-type: application/json; charset=utf-8
      date: Fri, 05 Feb 2021 19:05:48 GMT
      strict-transport-security: max-age=31536000; includeSubDomains; preload
      transfer-encoding: chunked
      x-content-type-options: nosniff
      x-envoy-upstream-service-time: '823'
    status:
      code: 200
      message: OK
    url: https://westus2.api.cognitive.microsoft.com/text/analytics/v3.1-preview.3/analyze/jobs/46545104-6fc4-4ec4-aff7-57c1a1a97deb_637480800000000000?showStats=True
- request:
    body: null
    headers:
      User-Agent:
      - azsdk-python-ai-textanalytics/5.1.0b5 Python/3.9.1 (macOS-10.13.6-x86_64-i386-64bit)
    method: GET
    uri: https://westus2.api.cognitive.microsoft.com/text/analytics/v3.1-preview.3/analyze/jobs/46545104-6fc4-4ec4-aff7-57c1a1a97deb_637480800000000000?showStats=True
  response:
    body:
      string: '{"jobId":"46545104-6fc4-4ec4-aff7-57c1a1a97deb_637480800000000000","lastUpdateDateTime":"2021-02-05T19:04:27Z","createdDateTime":"2021-02-05T19:04:23Z","expirationDateTime":"2021-02-06T19:04:23Z","status":"running","errors":[],"tasks":{"details":{"lastUpdateDateTime":"2021-02-05T19:04:27Z"},"completed":1,"failed":0,"inProgress":2,"total":3,"keyPhraseExtractionTasks":[{"lastUpdateDateTime":"2021-02-05T19:04:27.8352814Z","results":{"statistics":{"documentsCount":20,"validDocumentsCount":20,"erroneousDocumentsCount":0,"transactionsCount":20},"documents":[{"id":"0","keyPhrases":["world"],"statistics":{"charactersCount":11,"transactionsCount":1},"warnings":[]},{"id":"1","keyPhrases":["world"],"statistics":{"charactersCount":11,"transactionsCount":1},"warnings":[]},{"id":"2","keyPhrases":["world"],"statistics":{"charactersCount":11,"transactionsCount":1},"warnings":[]},{"id":"3","keyPhrases":["world"],"statistics":{"charactersCount":11,"transactionsCount":1},"warnings":[]},{"id":"4","keyPhrases":["world"],"statistics":{"charactersCount":11,"transactionsCount":1},"warnings":[]},{"id":"5","keyPhrases":["world"],"statistics":{"charactersCount":11,"transactionsCount":1},"warnings":[]},{"id":"6","keyPhrases":["world"],"statistics":{"charactersCount":11,"transactionsCount":1},"warnings":[]},{"id":"7","keyPhrases":["world"],"statistics":{"charactersCount":11,"transactionsCount":1},"warnings":[]},{"id":"8","keyPhrases":["world"],"statistics":{"charactersCount":11,"transactionsCount":1},"warnings":[]},{"id":"9","keyPhrases":["world"],"statistics":{"charactersCount":11,"transactionsCount":1},"warnings":[]},{"id":"10","keyPhrases":["world"],"statistics":{"charactersCount":11,"transactionsCount":1},"warnings":[]},{"id":"11","keyPhrases":["world"],"statistics":{"charactersCount":11,"transactionsCount":1},"warnings":[]},{"id":"12","keyPhrases":["world"],"statistics":{"charactersCount":11,"transactionsCount":1},"warnings":[]},{"id":"13","keyPhrases":["world"],"statistics":{"charactersCount":11,"transactionsCount":1},"warnings":[]},{"id":"14","keyPhrases":["world"],"statistics":{"charactersCount":11,"transactionsCount":1},"warnings":[]},{"id":"15","keyPhrases":["world"],"statistics":{"charactersCount":11,"transactionsCount":1},"warnings":[]},{"id":"16","keyPhrases":["world"],"statistics":{"charactersCount":11,"transactionsCount":1},"warnings":[]},{"id":"17","keyPhrases":["world"],"statistics":{"charactersCount":11,"transactionsCount":1},"warnings":[]},{"id":"18","keyPhrases":["world"],"statistics":{"charactersCount":11,"transactionsCount":1},"warnings":[]},{"id":"19","keyPhrases":["world"],"statistics":{"charactersCount":11,"transactionsCount":1},"warnings":[]}],"errors":[],"modelVersion":"2020-07-01","@nextLink":"http://svc--textanalyticsdispatcher.text-analytics.svc.cluster.local/text/analytics/v3.1-preview.3/jobs/60d5405f-39dd-4c37-8333-106249e749f7?$skip=20&$top=5"}}]},"@nextLink":"https://westus2.api.cognitive.microsoft.com/text/analytics/v3.1-preview.3/analyze/jobs/46545104-6fc4-4ec4-aff7-57c1a1a97deb_637480800000000000?$skip=20&$top=20"}'
    headers:
      apim-request-id: bd437237-4c29-4a12-a98a-647e285f2267
      content-type: application/json; charset=utf-8
      date: Fri, 05 Feb 2021 19:05:53 GMT
      strict-transport-security: max-age=31536000; includeSubDomains; preload
      transfer-encoding: chunked
      x-content-type-options: nosniff
      x-envoy-upstream-service-time: '301'
    status:
      code: 200
      message: OK
    url: https://westus2.api.cognitive.microsoft.com/text/analytics/v3.1-preview.3/analyze/jobs/46545104-6fc4-4ec4-aff7-57c1a1a97deb_637480800000000000?showStats=True
- request:
    body: null
    headers:
      User-Agent:
      - azsdk-python-ai-textanalytics/5.1.0b5 Python/3.9.1 (macOS-10.13.6-x86_64-i386-64bit)
    method: GET
    uri: https://westus2.api.cognitive.microsoft.com/text/analytics/v3.1-preview.3/analyze/jobs/46545104-6fc4-4ec4-aff7-57c1a1a97deb_637480800000000000?showStats=True
  response:
    body:
      string: '{"jobId":"46545104-6fc4-4ec4-aff7-57c1a1a97deb_637480800000000000","lastUpdateDateTime":"2021-02-05T19:04:27Z","createdDateTime":"2021-02-05T19:04:23Z","expirationDateTime":"2021-02-06T19:04:23Z","status":"running","errors":[],"tasks":{"details":{"lastUpdateDateTime":"2021-02-05T19:04:27Z"},"completed":1,"failed":0,"inProgress":2,"total":3,"keyPhraseExtractionTasks":[{"lastUpdateDateTime":"2021-02-05T19:04:27.8352814Z","results":{"statistics":{"documentsCount":20,"validDocumentsCount":20,"erroneousDocumentsCount":0,"transactionsCount":20},"documents":[{"id":"0","keyPhrases":["world"],"statistics":{"charactersCount":11,"transactionsCount":1},"warnings":[]},{"id":"1","keyPhrases":["world"],"statistics":{"charactersCount":11,"transactionsCount":1},"warnings":[]},{"id":"2","keyPhrases":["world"],"statistics":{"charactersCount":11,"transactionsCount":1},"warnings":[]},{"id":"3","keyPhrases":["world"],"statistics":{"charactersCount":11,"transactionsCount":1},"warnings":[]},{"id":"4","keyPhrases":["world"],"statistics":{"charactersCount":11,"transactionsCount":1},"warnings":[]},{"id":"5","keyPhrases":["world"],"statistics":{"charactersCount":11,"transactionsCount":1},"warnings":[]},{"id":"6","keyPhrases":["world"],"statistics":{"charactersCount":11,"transactionsCount":1},"warnings":[]},{"id":"7","keyPhrases":["world"],"statistics":{"charactersCount":11,"transactionsCount":1},"warnings":[]},{"id":"8","keyPhrases":["world"],"statistics":{"charactersCount":11,"transactionsCount":1},"warnings":[]},{"id":"9","keyPhrases":["world"],"statistics":{"charactersCount":11,"transactionsCount":1},"warnings":[]},{"id":"10","keyPhrases":["world"],"statistics":{"charactersCount":11,"transactionsCount":1},"warnings":[]},{"id":"11","keyPhrases":["world"],"statistics":{"charactersCount":11,"transactionsCount":1},"warnings":[]},{"id":"12","keyPhrases":["world"],"statistics":{"charactersCount":11,"transactionsCount":1},"warnings":[]},{"id":"13","keyPhrases":["world"],"statistics":{"charactersCount":11,"transactionsCount":1},"warnings":[]},{"id":"14","keyPhrases":["world"],"statistics":{"charactersCount":11,"transactionsCount":1},"warnings":[]},{"id":"15","keyPhrases":["world"],"statistics":{"charactersCount":11,"transactionsCount":1},"warnings":[]},{"id":"16","keyPhrases":["world"],"statistics":{"charactersCount":11,"transactionsCount":1},"warnings":[]},{"id":"17","keyPhrases":["world"],"statistics":{"charactersCount":11,"transactionsCount":1},"warnings":[]},{"id":"18","keyPhrases":["world"],"statistics":{"charactersCount":11,"transactionsCount":1},"warnings":[]},{"id":"19","keyPhrases":["world"],"statistics":{"charactersCount":11,"transactionsCount":1},"warnings":[]}],"errors":[],"modelVersion":"2020-07-01","@nextLink":"http://svc--textanalyticsdispatcher.text-analytics.svc.cluster.local/text/analytics/v3.1-preview.3/jobs/60d5405f-39dd-4c37-8333-106249e749f7?$skip=20&$top=5"}}]},"@nextLink":"https://westus2.api.cognitive.microsoft.com/text/analytics/v3.1-preview.3/analyze/jobs/46545104-6fc4-4ec4-aff7-57c1a1a97deb_637480800000000000?$skip=20&$top=20"}'
    headers:
      apim-request-id: 9a5f81c6-3277-4414-a800-273711d507d0
      content-type: application/json; charset=utf-8
      date: Fri, 05 Feb 2021 19:05:59 GMT
      strict-transport-security: max-age=31536000; includeSubDomains; preload
      transfer-encoding: chunked
      x-content-type-options: nosniff
      x-envoy-upstream-service-time: '408'
    status:
      code: 200
      message: OK
    url: https://westus2.api.cognitive.microsoft.com/text/analytics/v3.1-preview.3/analyze/jobs/46545104-6fc4-4ec4-aff7-57c1a1a97deb_637480800000000000?showStats=True
- request:
    body: null
    headers:
      User-Agent:
      - azsdk-python-ai-textanalytics/5.1.0b5 Python/3.9.1 (macOS-10.13.6-x86_64-i386-64bit)
    method: GET
    uri: https://westus2.api.cognitive.microsoft.com/text/analytics/v3.1-preview.3/analyze/jobs/46545104-6fc4-4ec4-aff7-57c1a1a97deb_637480800000000000?showStats=True
  response:
    body:
      string: '{"jobId":"46545104-6fc4-4ec4-aff7-57c1a1a97deb_637480800000000000","lastUpdateDateTime":"2021-02-05T19:04:27Z","createdDateTime":"2021-02-05T19:04:23Z","expirationDateTime":"2021-02-06T19:04:23Z","status":"running","errors":[],"tasks":{"details":{"lastUpdateDateTime":"2021-02-05T19:04:27Z"},"completed":1,"failed":0,"inProgress":2,"total":3,"keyPhraseExtractionTasks":[{"lastUpdateDateTime":"2021-02-05T19:04:27.8352814Z","results":{"statistics":{"documentsCount":20,"validDocumentsCount":20,"erroneousDocumentsCount":0,"transactionsCount":20},"documents":[{"id":"0","keyPhrases":["world"],"statistics":{"charactersCount":11,"transactionsCount":1},"warnings":[]},{"id":"1","keyPhrases":["world"],"statistics":{"charactersCount":11,"transactionsCount":1},"warnings":[]},{"id":"2","keyPhrases":["world"],"statistics":{"charactersCount":11,"transactionsCount":1},"warnings":[]},{"id":"3","keyPhrases":["world"],"statistics":{"charactersCount":11,"transactionsCount":1},"warnings":[]},{"id":"4","keyPhrases":["world"],"statistics":{"charactersCount":11,"transactionsCount":1},"warnings":[]},{"id":"5","keyPhrases":["world"],"statistics":{"charactersCount":11,"transactionsCount":1},"warnings":[]},{"id":"6","keyPhrases":["world"],"statistics":{"charactersCount":11,"transactionsCount":1},"warnings":[]},{"id":"7","keyPhrases":["world"],"statistics":{"charactersCount":11,"transactionsCount":1},"warnings":[]},{"id":"8","keyPhrases":["world"],"statistics":{"charactersCount":11,"transactionsCount":1},"warnings":[]},{"id":"9","keyPhrases":["world"],"statistics":{"charactersCount":11,"transactionsCount":1},"warnings":[]},{"id":"10","keyPhrases":["world"],"statistics":{"charactersCount":11,"transactionsCount":1},"warnings":[]},{"id":"11","keyPhrases":["world"],"statistics":{"charactersCount":11,"transactionsCount":1},"warnings":[]},{"id":"12","keyPhrases":["world"],"statistics":{"charactersCount":11,"transactionsCount":1},"warnings":[]},{"id":"13","keyPhrases":["world"],"statistics":{"charactersCount":11,"transactionsCount":1},"warnings":[]},{"id":"14","keyPhrases":["world"],"statistics":{"charactersCount":11,"transactionsCount":1},"warnings":[]},{"id":"15","keyPhrases":["world"],"statistics":{"charactersCount":11,"transactionsCount":1},"warnings":[]},{"id":"16","keyPhrases":["world"],"statistics":{"charactersCount":11,"transactionsCount":1},"warnings":[]},{"id":"17","keyPhrases":["world"],"statistics":{"charactersCount":11,"transactionsCount":1},"warnings":[]},{"id":"18","keyPhrases":["world"],"statistics":{"charactersCount":11,"transactionsCount":1},"warnings":[]},{"id":"19","keyPhrases":["world"],"statistics":{"charactersCount":11,"transactionsCount":1},"warnings":[]}],"errors":[],"modelVersion":"2020-07-01","@nextLink":"http://svc--textanalyticsdispatcher.text-analytics.svc.cluster.local/text/analytics/v3.1-preview.3/jobs/60d5405f-39dd-4c37-8333-106249e749f7?$skip=20&$top=5"}}]},"@nextLink":"https://westus2.api.cognitive.microsoft.com/text/analytics/v3.1-preview.3/analyze/jobs/46545104-6fc4-4ec4-aff7-57c1a1a97deb_637480800000000000?$skip=20&$top=20"}'
    headers:
      apim-request-id: 71daefe5-0e37-413b-a46a-b79a413cea1e
      content-type: application/json; charset=utf-8
      date: Fri, 05 Feb 2021 19:06:05 GMT
      strict-transport-security: max-age=31536000; includeSubDomains; preload
      transfer-encoding: chunked
      x-content-type-options: nosniff
      x-envoy-upstream-service-time: '300'
    status:
      code: 200
      message: OK
    url: https://westus2.api.cognitive.microsoft.com/text/analytics/v3.1-preview.3/analyze/jobs/46545104-6fc4-4ec4-aff7-57c1a1a97deb_637480800000000000?showStats=True
- request:
    body: null
    headers:
      User-Agent:
      - azsdk-python-ai-textanalytics/5.1.0b5 Python/3.9.1 (macOS-10.13.6-x86_64-i386-64bit)
    method: GET
    uri: https://westus2.api.cognitive.microsoft.com/text/analytics/v3.1-preview.3/analyze/jobs/46545104-6fc4-4ec4-aff7-57c1a1a97deb_637480800000000000?showStats=True
  response:
    body:
      string: '{"jobId":"46545104-6fc4-4ec4-aff7-57c1a1a97deb_637480800000000000","lastUpdateDateTime":"2021-02-05T19:04:27Z","createdDateTime":"2021-02-05T19:04:23Z","expirationDateTime":"2021-02-06T19:04:23Z","status":"running","errors":[],"tasks":{"details":{"lastUpdateDateTime":"2021-02-05T19:04:27Z"},"completed":1,"failed":0,"inProgress":2,"total":3,"keyPhraseExtractionTasks":[{"lastUpdateDateTime":"2021-02-05T19:04:27.8352814Z","results":{"statistics":{"documentsCount":20,"validDocumentsCount":20,"erroneousDocumentsCount":0,"transactionsCount":20},"documents":[{"id":"0","keyPhrases":["world"],"statistics":{"charactersCount":11,"transactionsCount":1},"warnings":[]},{"id":"1","keyPhrases":["world"],"statistics":{"charactersCount":11,"transactionsCount":1},"warnings":[]},{"id":"2","keyPhrases":["world"],"statistics":{"charactersCount":11,"transactionsCount":1},"warnings":[]},{"id":"3","keyPhrases":["world"],"statistics":{"charactersCount":11,"transactionsCount":1},"warnings":[]},{"id":"4","keyPhrases":["world"],"statistics":{"charactersCount":11,"transactionsCount":1},"warnings":[]},{"id":"5","keyPhrases":["world"],"statistics":{"charactersCount":11,"transactionsCount":1},"warnings":[]},{"id":"6","keyPhrases":["world"],"statistics":{"charactersCount":11,"transactionsCount":1},"warnings":[]},{"id":"7","keyPhrases":["world"],"statistics":{"charactersCount":11,"transactionsCount":1},"warnings":[]},{"id":"8","keyPhrases":["world"],"statistics":{"charactersCount":11,"transactionsCount":1},"warnings":[]},{"id":"9","keyPhrases":["world"],"statistics":{"charactersCount":11,"transactionsCount":1},"warnings":[]},{"id":"10","keyPhrases":["world"],"statistics":{"charactersCount":11,"transactionsCount":1},"warnings":[]},{"id":"11","keyPhrases":["world"],"statistics":{"charactersCount":11,"transactionsCount":1},"warnings":[]},{"id":"12","keyPhrases":["world"],"statistics":{"charactersCount":11,"transactionsCount":1},"warnings":[]},{"id":"13","keyPhrases":["world"],"statistics":{"charactersCount":11,"transactionsCount":1},"warnings":[]},{"id":"14","keyPhrases":["world"],"statistics":{"charactersCount":11,"transactionsCount":1},"warnings":[]},{"id":"15","keyPhrases":["world"],"statistics":{"charactersCount":11,"transactionsCount":1},"warnings":[]},{"id":"16","keyPhrases":["world"],"statistics":{"charactersCount":11,"transactionsCount":1},"warnings":[]},{"id":"17","keyPhrases":["world"],"statistics":{"charactersCount":11,"transactionsCount":1},"warnings":[]},{"id":"18","keyPhrases":["world"],"statistics":{"charactersCount":11,"transactionsCount":1},"warnings":[]},{"id":"19","keyPhrases":["world"],"statistics":{"charactersCount":11,"transactionsCount":1},"warnings":[]}],"errors":[],"modelVersion":"2020-07-01","@nextLink":"http://svc--textanalyticsdispatcher.text-analytics.svc.cluster.local/text/analytics/v3.1-preview.3/jobs/60d5405f-39dd-4c37-8333-106249e749f7?$skip=20&$top=5"}}]},"@nextLink":"https://westus2.api.cognitive.microsoft.com/text/analytics/v3.1-preview.3/analyze/jobs/46545104-6fc4-4ec4-aff7-57c1a1a97deb_637480800000000000?$skip=20&$top=20"}'
    headers:
      apim-request-id: cc1b80cf-3545-48f3-863d-2f797dd06a87
      content-type: application/json; charset=utf-8
      date: Fri, 05 Feb 2021 19:06:11 GMT
      strict-transport-security: max-age=31536000; includeSubDomains; preload
      transfer-encoding: chunked
      x-content-type-options: nosniff
      x-envoy-upstream-service-time: '524'
    status:
      code: 200
      message: OK
    url: https://westus2.api.cognitive.microsoft.com/text/analytics/v3.1-preview.3/analyze/jobs/46545104-6fc4-4ec4-aff7-57c1a1a97deb_637480800000000000?showStats=True
- request:
    body: null
    headers:
      User-Agent:
      - azsdk-python-ai-textanalytics/5.1.0b5 Python/3.9.1 (macOS-10.13.6-x86_64-i386-64bit)
    method: GET
    uri: https://westus2.api.cognitive.microsoft.com/text/analytics/v3.1-preview.3/analyze/jobs/46545104-6fc4-4ec4-aff7-57c1a1a97deb_637480800000000000?showStats=True
  response:
    body:
      string: '{"jobId":"46545104-6fc4-4ec4-aff7-57c1a1a97deb_637480800000000000","lastUpdateDateTime":"2021-02-05T19:04:27Z","createdDateTime":"2021-02-05T19:04:23Z","expirationDateTime":"2021-02-06T19:04:23Z","status":"running","errors":[],"tasks":{"details":{"lastUpdateDateTime":"2021-02-05T19:04:27Z"},"completed":1,"failed":0,"inProgress":2,"total":3,"keyPhraseExtractionTasks":[{"lastUpdateDateTime":"2021-02-05T19:04:27.8352814Z","results":{"statistics":{"documentsCount":20,"validDocumentsCount":20,"erroneousDocumentsCount":0,"transactionsCount":20},"documents":[{"id":"0","keyPhrases":["world"],"statistics":{"charactersCount":11,"transactionsCount":1},"warnings":[]},{"id":"1","keyPhrases":["world"],"statistics":{"charactersCount":11,"transactionsCount":1},"warnings":[]},{"id":"2","keyPhrases":["world"],"statistics":{"charactersCount":11,"transactionsCount":1},"warnings":[]},{"id":"3","keyPhrases":["world"],"statistics":{"charactersCount":11,"transactionsCount":1},"warnings":[]},{"id":"4","keyPhrases":["world"],"statistics":{"charactersCount":11,"transactionsCount":1},"warnings":[]},{"id":"5","keyPhrases":["world"],"statistics":{"charactersCount":11,"transactionsCount":1},"warnings":[]},{"id":"6","keyPhrases":["world"],"statistics":{"charactersCount":11,"transactionsCount":1},"warnings":[]},{"id":"7","keyPhrases":["world"],"statistics":{"charactersCount":11,"transactionsCount":1},"warnings":[]},{"id":"8","keyPhrases":["world"],"statistics":{"charactersCount":11,"transactionsCount":1},"warnings":[]},{"id":"9","keyPhrases":["world"],"statistics":{"charactersCount":11,"transactionsCount":1},"warnings":[]},{"id":"10","keyPhrases":["world"],"statistics":{"charactersCount":11,"transactionsCount":1},"warnings":[]},{"id":"11","keyPhrases":["world"],"statistics":{"charactersCount":11,"transactionsCount":1},"warnings":[]},{"id":"12","keyPhrases":["world"],"statistics":{"charactersCount":11,"transactionsCount":1},"warnings":[]},{"id":"13","keyPhrases":["world"],"statistics":{"charactersCount":11,"transactionsCount":1},"warnings":[]},{"id":"14","keyPhrases":["world"],"statistics":{"charactersCount":11,"transactionsCount":1},"warnings":[]},{"id":"15","keyPhrases":["world"],"statistics":{"charactersCount":11,"transactionsCount":1},"warnings":[]},{"id":"16","keyPhrases":["world"],"statistics":{"charactersCount":11,"transactionsCount":1},"warnings":[]},{"id":"17","keyPhrases":["world"],"statistics":{"charactersCount":11,"transactionsCount":1},"warnings":[]},{"id":"18","keyPhrases":["world"],"statistics":{"charactersCount":11,"transactionsCount":1},"warnings":[]},{"id":"19","keyPhrases":["world"],"statistics":{"charactersCount":11,"transactionsCount":1},"warnings":[]}],"errors":[],"modelVersion":"2020-07-01","@nextLink":"http://svc--textanalyticsdispatcher.text-analytics.svc.cluster.local/text/analytics/v3.1-preview.3/jobs/60d5405f-39dd-4c37-8333-106249e749f7?$skip=20&$top=5"}}]},"@nextLink":"https://westus2.api.cognitive.microsoft.com/text/analytics/v3.1-preview.3/analyze/jobs/46545104-6fc4-4ec4-aff7-57c1a1a97deb_637480800000000000?$skip=20&$top=20"}'
    headers:
      apim-request-id: 2039ef23-ba07-4c97-9eaf-916c0f520051
      content-type: application/json; charset=utf-8
      date: Fri, 05 Feb 2021 19:06:16 GMT
      strict-transport-security: max-age=31536000; includeSubDomains; preload
      transfer-encoding: chunked
      x-content-type-options: nosniff
      x-envoy-upstream-service-time: '277'
    status:
      code: 200
      message: OK
    url: https://westus2.api.cognitive.microsoft.com/text/analytics/v3.1-preview.3/analyze/jobs/46545104-6fc4-4ec4-aff7-57c1a1a97deb_637480800000000000?showStats=True
- request:
    body: null
    headers:
      User-Agent:
      - azsdk-python-ai-textanalytics/5.1.0b5 Python/3.9.1 (macOS-10.13.6-x86_64-i386-64bit)
    method: GET
    uri: https://westus2.api.cognitive.microsoft.com/text/analytics/v3.1-preview.3/analyze/jobs/46545104-6fc4-4ec4-aff7-57c1a1a97deb_637480800000000000?showStats=True
  response:
    body:
      string: '{"jobId":"46545104-6fc4-4ec4-aff7-57c1a1a97deb_637480800000000000","lastUpdateDateTime":"2021-02-05T19:04:27Z","createdDateTime":"2021-02-05T19:04:23Z","expirationDateTime":"2021-02-06T19:04:23Z","status":"running","errors":[],"tasks":{"details":{"lastUpdateDateTime":"2021-02-05T19:04:27Z"},"completed":1,"failed":0,"inProgress":2,"total":3,"keyPhraseExtractionTasks":[{"lastUpdateDateTime":"2021-02-05T19:04:27.8352814Z","results":{"statistics":{"documentsCount":20,"validDocumentsCount":20,"erroneousDocumentsCount":0,"transactionsCount":20},"documents":[{"id":"0","keyPhrases":["world"],"statistics":{"charactersCount":11,"transactionsCount":1},"warnings":[]},{"id":"1","keyPhrases":["world"],"statistics":{"charactersCount":11,"transactionsCount":1},"warnings":[]},{"id":"2","keyPhrases":["world"],"statistics":{"charactersCount":11,"transactionsCount":1},"warnings":[]},{"id":"3","keyPhrases":["world"],"statistics":{"charactersCount":11,"transactionsCount":1},"warnings":[]},{"id":"4","keyPhrases":["world"],"statistics":{"charactersCount":11,"transactionsCount":1},"warnings":[]},{"id":"5","keyPhrases":["world"],"statistics":{"charactersCount":11,"transactionsCount":1},"warnings":[]},{"id":"6","keyPhrases":["world"],"statistics":{"charactersCount":11,"transactionsCount":1},"warnings":[]},{"id":"7","keyPhrases":["world"],"statistics":{"charactersCount":11,"transactionsCount":1},"warnings":[]},{"id":"8","keyPhrases":["world"],"statistics":{"charactersCount":11,"transactionsCount":1},"warnings":[]},{"id":"9","keyPhrases":["world"],"statistics":{"charactersCount":11,"transactionsCount":1},"warnings":[]},{"id":"10","keyPhrases":["world"],"statistics":{"charactersCount":11,"transactionsCount":1},"warnings":[]},{"id":"11","keyPhrases":["world"],"statistics":{"charactersCount":11,"transactionsCount":1},"warnings":[]},{"id":"12","keyPhrases":["world"],"statistics":{"charactersCount":11,"transactionsCount":1},"warnings":[]},{"id":"13","keyPhrases":["world"],"statistics":{"charactersCount":11,"transactionsCount":1},"warnings":[]},{"id":"14","keyPhrases":["world"],"statistics":{"charactersCount":11,"transactionsCount":1},"warnings":[]},{"id":"15","keyPhrases":["world"],"statistics":{"charactersCount":11,"transactionsCount":1},"warnings":[]},{"id":"16","keyPhrases":["world"],"statistics":{"charactersCount":11,"transactionsCount":1},"warnings":[]},{"id":"17","keyPhrases":["world"],"statistics":{"charactersCount":11,"transactionsCount":1},"warnings":[]},{"id":"18","keyPhrases":["world"],"statistics":{"charactersCount":11,"transactionsCount":1},"warnings":[]},{"id":"19","keyPhrases":["world"],"statistics":{"charactersCount":11,"transactionsCount":1},"warnings":[]}],"errors":[],"modelVersion":"2020-07-01","@nextLink":"http://svc--textanalyticsdispatcher.text-analytics.svc.cluster.local/text/analytics/v3.1-preview.3/jobs/60d5405f-39dd-4c37-8333-106249e749f7?$skip=20&$top=5"}}]},"@nextLink":"https://westus2.api.cognitive.microsoft.com/text/analytics/v3.1-preview.3/analyze/jobs/46545104-6fc4-4ec4-aff7-57c1a1a97deb_637480800000000000?$skip=20&$top=20"}'
    headers:
      apim-request-id: 7a9dcfaf-2131-49c6-a5f9-608f91eec5fd
      content-type: application/json; charset=utf-8
      date: Fri, 05 Feb 2021 19:06:22 GMT
      strict-transport-security: max-age=31536000; includeSubDomains; preload
      transfer-encoding: chunked
      x-content-type-options: nosniff
      x-envoy-upstream-service-time: '367'
    status:
      code: 200
      message: OK
    url: https://westus2.api.cognitive.microsoft.com/text/analytics/v3.1-preview.3/analyze/jobs/46545104-6fc4-4ec4-aff7-57c1a1a97deb_637480800000000000?showStats=True
- request:
    body: null
    headers:
      User-Agent:
      - azsdk-python-ai-textanalytics/5.1.0b5 Python/3.9.1 (macOS-10.13.6-x86_64-i386-64bit)
    method: GET
    uri: https://westus2.api.cognitive.microsoft.com/text/analytics/v3.1-preview.3/analyze/jobs/46545104-6fc4-4ec4-aff7-57c1a1a97deb_637480800000000000?showStats=True
  response:
    body:
      string: '{"jobId":"46545104-6fc4-4ec4-aff7-57c1a1a97deb_637480800000000000","lastUpdateDateTime":"2021-02-05T19:04:27Z","createdDateTime":"2021-02-05T19:04:23Z","expirationDateTime":"2021-02-06T19:04:23Z","status":"running","errors":[],"tasks":{"details":{"lastUpdateDateTime":"2021-02-05T19:04:27Z"},"completed":1,"failed":0,"inProgress":2,"total":3,"keyPhraseExtractionTasks":[{"lastUpdateDateTime":"2021-02-05T19:04:27.8352814Z","results":{"statistics":{"documentsCount":20,"validDocumentsCount":20,"erroneousDocumentsCount":0,"transactionsCount":20},"documents":[{"id":"0","keyPhrases":["world"],"statistics":{"charactersCount":11,"transactionsCount":1},"warnings":[]},{"id":"1","keyPhrases":["world"],"statistics":{"charactersCount":11,"transactionsCount":1},"warnings":[]},{"id":"2","keyPhrases":["world"],"statistics":{"charactersCount":11,"transactionsCount":1},"warnings":[]},{"id":"3","keyPhrases":["world"],"statistics":{"charactersCount":11,"transactionsCount":1},"warnings":[]},{"id":"4","keyPhrases":["world"],"statistics":{"charactersCount":11,"transactionsCount":1},"warnings":[]},{"id":"5","keyPhrases":["world"],"statistics":{"charactersCount":11,"transactionsCount":1},"warnings":[]},{"id":"6","keyPhrases":["world"],"statistics":{"charactersCount":11,"transactionsCount":1},"warnings":[]},{"id":"7","keyPhrases":["world"],"statistics":{"charactersCount":11,"transactionsCount":1},"warnings":[]},{"id":"8","keyPhrases":["world"],"statistics":{"charactersCount":11,"transactionsCount":1},"warnings":[]},{"id":"9","keyPhrases":["world"],"statistics":{"charactersCount":11,"transactionsCount":1},"warnings":[]},{"id":"10","keyPhrases":["world"],"statistics":{"charactersCount":11,"transactionsCount":1},"warnings":[]},{"id":"11","keyPhrases":["world"],"statistics":{"charactersCount":11,"transactionsCount":1},"warnings":[]},{"id":"12","keyPhrases":["world"],"statistics":{"charactersCount":11,"transactionsCount":1},"warnings":[]},{"id":"13","keyPhrases":["world"],"statistics":{"charactersCount":11,"transactionsCount":1},"warnings":[]},{"id":"14","keyPhrases":["world"],"statistics":{"charactersCount":11,"transactionsCount":1},"warnings":[]},{"id":"15","keyPhrases":["world"],"statistics":{"charactersCount":11,"transactionsCount":1},"warnings":[]},{"id":"16","keyPhrases":["world"],"statistics":{"charactersCount":11,"transactionsCount":1},"warnings":[]},{"id":"17","keyPhrases":["world"],"statistics":{"charactersCount":11,"transactionsCount":1},"warnings":[]},{"id":"18","keyPhrases":["world"],"statistics":{"charactersCount":11,"transactionsCount":1},"warnings":[]},{"id":"19","keyPhrases":["world"],"statistics":{"charactersCount":11,"transactionsCount":1},"warnings":[]}],"errors":[],"modelVersion":"2020-07-01","@nextLink":"http://svc--textanalyticsdispatcher.text-analytics.svc.cluster.local/text/analytics/v3.1-preview.3/jobs/60d5405f-39dd-4c37-8333-106249e749f7?$skip=20&$top=5"}}]},"@nextLink":"https://westus2.api.cognitive.microsoft.com/text/analytics/v3.1-preview.3/analyze/jobs/46545104-6fc4-4ec4-aff7-57c1a1a97deb_637480800000000000?$skip=20&$top=20"}'
    headers:
      apim-request-id: 72e617a3-657e-4abe-b4db-6a4bd0007d60
      content-type: application/json; charset=utf-8
      date: Fri, 05 Feb 2021 19:06:27 GMT
      strict-transport-security: max-age=31536000; includeSubDomains; preload
      transfer-encoding: chunked
      x-content-type-options: nosniff
      x-envoy-upstream-service-time: '307'
    status:
      code: 200
      message: OK
    url: https://westus2.api.cognitive.microsoft.com/text/analytics/v3.1-preview.3/analyze/jobs/46545104-6fc4-4ec4-aff7-57c1a1a97deb_637480800000000000?showStats=True
- request:
    body: null
    headers:
      User-Agent:
      - azsdk-python-ai-textanalytics/5.1.0b5 Python/3.9.1 (macOS-10.13.6-x86_64-i386-64bit)
    method: GET
    uri: https://westus2.api.cognitive.microsoft.com/text/analytics/v3.1-preview.3/analyze/jobs/46545104-6fc4-4ec4-aff7-57c1a1a97deb_637480800000000000?showStats=True
  response:
    body:
      string: '{"jobId":"46545104-6fc4-4ec4-aff7-57c1a1a97deb_637480800000000000","lastUpdateDateTime":"2021-02-05T19:04:27Z","createdDateTime":"2021-02-05T19:04:23Z","expirationDateTime":"2021-02-06T19:04:23Z","status":"running","errors":[],"tasks":{"details":{"lastUpdateDateTime":"2021-02-05T19:04:27Z"},"completed":2,"failed":0,"inProgress":1,"total":3,"entityRecognitionTasks":[{"lastUpdateDateTime":"2021-02-05T19:04:27.8352814Z","results":{"statistics":{"documentsCount":20,"validDocumentsCount":20,"erroneousDocumentsCount":0,"transactionsCount":20},"documents":[{"id":"0","statistics":{"charactersCount":11,"transactionsCount":1},"entities":[],"warnings":[]},{"id":"1","statistics":{"charactersCount":11,"transactionsCount":1},"entities":[],"warnings":[]},{"id":"2","statistics":{"charactersCount":11,"transactionsCount":1},"entities":[],"warnings":[]},{"id":"3","statistics":{"charactersCount":11,"transactionsCount":1},"entities":[],"warnings":[]},{"id":"4","statistics":{"charactersCount":11,"transactionsCount":1},"entities":[],"warnings":[]},{"id":"5","statistics":{"charactersCount":11,"transactionsCount":1},"entities":[],"warnings":[]},{"id":"6","statistics":{"charactersCount":11,"transactionsCount":1},"entities":[],"warnings":[]},{"id":"7","statistics":{"charactersCount":11,"transactionsCount":1},"entities":[],"warnings":[]},{"id":"8","statistics":{"charactersCount":11,"transactionsCount":1},"entities":[],"warnings":[]},{"id":"9","statistics":{"charactersCount":11,"transactionsCount":1},"entities":[],"warnings":[]},{"id":"10","statistics":{"charactersCount":11,"transactionsCount":1},"entities":[],"warnings":[]},{"id":"11","statistics":{"charactersCount":11,"transactionsCount":1},"entities":[],"warnings":[]},{"id":"12","statistics":{"charactersCount":11,"transactionsCount":1},"entities":[],"warnings":[]},{"id":"13","statistics":{"charactersCount":11,"transactionsCount":1},"entities":[],"warnings":[]},{"id":"14","statistics":{"charactersCount":11,"transactionsCount":1},"entities":[],"warnings":[]},{"id":"15","statistics":{"charactersCount":11,"transactionsCount":1},"entities":[],"warnings":[]},{"id":"16","statistics":{"charactersCount":11,"transactionsCount":1},"entities":[],"warnings":[]},{"id":"17","statistics":{"charactersCount":11,"transactionsCount":1},"entities":[],"warnings":[]},{"id":"18","statistics":{"charactersCount":11,"transactionsCount":1},"entities":[],"warnings":[]},{"id":"19","statistics":{"charactersCount":11,"transactionsCount":1},"entities":[],"warnings":[]}],"errors":[],"modelVersion":"2021-01-15","@nextLink":"http://svc--textanalyticsdispatcher.text-analytics.svc.cluster.local/text/analytics/v3.1-preview.3/jobs/81133448-30f5-43d6-85a1-064e912076ab?$skip=20&$top=5"}}],"keyPhraseExtractionTasks":[{"lastUpdateDateTime":"2021-02-05T19:04:27.8352814Z","results":{"statistics":{"documentsCount":20,"validDocumentsCount":20,"erroneousDocumentsCount":0,"transactionsCount":20},"documents":[{"id":"0","keyPhrases":["world"],"statistics":{"charactersCount":11,"transactionsCount":1},"warnings":[]},{"id":"1","keyPhrases":["world"],"statistics":{"charactersCount":11,"transactionsCount":1},"warnings":[]},{"id":"2","keyPhrases":["world"],"statistics":{"charactersCount":11,"transactionsCount":1},"warnings":[]},{"id":"3","keyPhrases":["world"],"statistics":{"charactersCount":11,"transactionsCount":1},"warnings":[]},{"id":"4","keyPhrases":["world"],"statistics":{"charactersCount":11,"transactionsCount":1},"warnings":[]},{"id":"5","keyPhrases":["world"],"statistics":{"charactersCount":11,"transactionsCount":1},"warnings":[]},{"id":"6","keyPhrases":["world"],"statistics":{"charactersCount":11,"transactionsCount":1},"warnings":[]},{"id":"7","keyPhrases":["world"],"statistics":{"charactersCount":11,"transactionsCount":1},"warnings":[]},{"id":"8","keyPhrases":["world"],"statistics":{"charactersCount":11,"transactionsCount":1},"warnings":[]},{"id":"9","keyPhrases":["world"],"statistics":{"charactersCount":11,"transactionsCount":1},"warnings":[]},{"id":"10","keyPhrases":["world"],"statistics":{"charactersCount":11,"transactionsCount":1},"warnings":[]},{"id":"11","keyPhrases":["world"],"statistics":{"charactersCount":11,"transactionsCount":1},"warnings":[]},{"id":"12","keyPhrases":["world"],"statistics":{"charactersCount":11,"transactionsCount":1},"warnings":[]},{"id":"13","keyPhrases":["world"],"statistics":{"charactersCount":11,"transactionsCount":1},"warnings":[]},{"id":"14","keyPhrases":["world"],"statistics":{"charactersCount":11,"transactionsCount":1},"warnings":[]},{"id":"15","keyPhrases":["world"],"statistics":{"charactersCount":11,"transactionsCount":1},"warnings":[]},{"id":"16","keyPhrases":["world"],"statistics":{"charactersCount":11,"transactionsCount":1},"warnings":[]},{"id":"17","keyPhrases":["world"],"statistics":{"charactersCount":11,"transactionsCount":1},"warnings":[]},{"id":"18","keyPhrases":["world"],"statistics":{"charactersCount":11,"transactionsCount":1},"warnings":[]},{"id":"19","keyPhrases":["world"],"statistics":{"charactersCount":11,"transactionsCount":1},"warnings":[]}],"errors":[],"modelVersion":"2020-07-01","@nextLink":"http://svc--textanalyticsdispatcher.text-analytics.svc.cluster.local/text/analytics/v3.1-preview.3/jobs/60d5405f-39dd-4c37-8333-106249e749f7?$skip=20&$top=5"}}]},"@nextLink":"https://westus2.api.cognitive.microsoft.com/text/analytics/v3.1-preview.3/analyze/jobs/46545104-6fc4-4ec4-aff7-57c1a1a97deb_637480800000000000?$skip=20&$top=20"}'
    headers:
      apim-request-id: 2f711c0d-0f6e-4f7b-ac86-110d61250870
      content-type: application/json; charset=utf-8
      date: Fri, 05 Feb 2021 19:06:32 GMT
      strict-transport-security: max-age=31536000; includeSubDomains; preload
      transfer-encoding: chunked
      x-content-type-options: nosniff
      x-envoy-upstream-service-time: '446'
    status:
      code: 200
      message: OK
    url: https://westus2.api.cognitive.microsoft.com/text/analytics/v3.1-preview.3/analyze/jobs/46545104-6fc4-4ec4-aff7-57c1a1a97deb_637480800000000000?showStats=True
- request:
    body: null
    headers:
      User-Agent:
      - azsdk-python-ai-textanalytics/5.1.0b5 Python/3.9.1 (macOS-10.13.6-x86_64-i386-64bit)
    method: GET
    uri: https://westus2.api.cognitive.microsoft.com/text/analytics/v3.1-preview.3/analyze/jobs/46545104-6fc4-4ec4-aff7-57c1a1a97deb_637480800000000000?showStats=True
  response:
    body:
      string: '{"jobId":"46545104-6fc4-4ec4-aff7-57c1a1a97deb_637480800000000000","lastUpdateDateTime":"2021-02-05T19:04:27Z","createdDateTime":"2021-02-05T19:04:23Z","expirationDateTime":"2021-02-06T19:04:23Z","status":"succeeded","errors":[],"tasks":{"details":{"lastUpdateDateTime":"2021-02-05T19:04:27Z"},"completed":3,"failed":0,"inProgress":0,"total":3,"entityRecognitionTasks":[{"lastUpdateDateTime":"2021-02-05T19:04:27.8352814Z","results":{"statistics":{"documentsCount":20,"validDocumentsCount":20,"erroneousDocumentsCount":0,"transactionsCount":20},"documents":[{"id":"0","statistics":{"charactersCount":11,"transactionsCount":1},"entities":[],"warnings":[]},{"id":"1","statistics":{"charactersCount":11,"transactionsCount":1},"entities":[],"warnings":[]},{"id":"2","statistics":{"charactersCount":11,"transactionsCount":1},"entities":[],"warnings":[]},{"id":"3","statistics":{"charactersCount":11,"transactionsCount":1},"entities":[],"warnings":[]},{"id":"4","statistics":{"charactersCount":11,"transactionsCount":1},"entities":[],"warnings":[]},{"id":"5","statistics":{"charactersCount":11,"transactionsCount":1},"entities":[],"warnings":[]},{"id":"6","statistics":{"charactersCount":11,"transactionsCount":1},"entities":[],"warnings":[]},{"id":"7","statistics":{"charactersCount":11,"transactionsCount":1},"entities":[],"warnings":[]},{"id":"8","statistics":{"charactersCount":11,"transactionsCount":1},"entities":[],"warnings":[]},{"id":"9","statistics":{"charactersCount":11,"transactionsCount":1},"entities":[],"warnings":[]},{"id":"10","statistics":{"charactersCount":11,"transactionsCount":1},"entities":[],"warnings":[]},{"id":"11","statistics":{"charactersCount":11,"transactionsCount":1},"entities":[],"warnings":[]},{"id":"12","statistics":{"charactersCount":11,"transactionsCount":1},"entities":[],"warnings":[]},{"id":"13","statistics":{"charactersCount":11,"transactionsCount":1},"entities":[],"warnings":[]},{"id":"14","statistics":{"charactersCount":11,"transactionsCount":1},"entities":[],"warnings":[]},{"id":"15","statistics":{"charactersCount":11,"transactionsCount":1},"entities":[],"warnings":[]},{"id":"16","statistics":{"charactersCount":11,"transactionsCount":1},"entities":[],"warnings":[]},{"id":"17","statistics":{"charactersCount":11,"transactionsCount":1},"entities":[],"warnings":[]},{"id":"18","statistics":{"charactersCount":11,"transactionsCount":1},"entities":[],"warnings":[]},{"id":"19","statistics":{"charactersCount":11,"transactionsCount":1},"entities":[],"warnings":[]}],"errors":[],"modelVersion":"2021-01-15","@nextLink":"http://svc--textanalyticsdispatcher.text-analytics.svc.cluster.local/text/analytics/v3.1-preview.3/jobs/81133448-30f5-43d6-85a1-064e912076ab?$skip=20&$top=5"}}],"entityRecognitionPiiTasks":[{"lastUpdateDateTime":"2021-02-05T19:04:27.8352814Z","results":{"statistics":{"documentsCount":20,"validDocumentsCount":20,"erroneousDocumentsCount":0,"transactionsCount":20},"documents":[{"redactedText":"hello
        world","id":"0","statistics":{"charactersCount":11,"transactionsCount":1},"entities":[],"warnings":[]},{"redactedText":"hello
        world","id":"1","statistics":{"charactersCount":11,"transactionsCount":1},"entities":[],"warnings":[]},{"redactedText":"hello
        world","id":"2","statistics":{"charactersCount":11,"transactionsCount":1},"entities":[],"warnings":[]},{"redactedText":"hello
        world","id":"3","statistics":{"charactersCount":11,"transactionsCount":1},"entities":[],"warnings":[]},{"redactedText":"hello
        world","id":"4","statistics":{"charactersCount":11,"transactionsCount":1},"entities":[],"warnings":[]},{"redactedText":"hello
        world","id":"5","statistics":{"charactersCount":11,"transactionsCount":1},"entities":[],"warnings":[]},{"redactedText":"hello
        world","id":"6","statistics":{"charactersCount":11,"transactionsCount":1},"entities":[],"warnings":[]},{"redactedText":"hello
        world","id":"7","statistics":{"charactersCount":11,"transactionsCount":1},"entities":[],"warnings":[]},{"redactedText":"hello
        world","id":"8","statistics":{"charactersCount":11,"transactionsCount":1},"entities":[],"warnings":[]},{"redactedText":"hello
        world","id":"9","statistics":{"charactersCount":11,"transactionsCount":1},"entities":[],"warnings":[]},{"redactedText":"hello
        world","id":"10","statistics":{"charactersCount":11,"transactionsCount":1},"entities":[],"warnings":[]},{"redactedText":"hello
        world","id":"11","statistics":{"charactersCount":11,"transactionsCount":1},"entities":[],"warnings":[]},{"redactedText":"hello
        world","id":"12","statistics":{"charactersCount":11,"transactionsCount":1},"entities":[],"warnings":[]},{"redactedText":"hello
        world","id":"13","statistics":{"charactersCount":11,"transactionsCount":1},"entities":[],"warnings":[]},{"redactedText":"hello
        world","id":"14","statistics":{"charactersCount":11,"transactionsCount":1},"entities":[],"warnings":[]},{"redactedText":"hello
        world","id":"15","statistics":{"charactersCount":11,"transactionsCount":1},"entities":[],"warnings":[]},{"redactedText":"hello
        world","id":"16","statistics":{"charactersCount":11,"transactionsCount":1},"entities":[],"warnings":[]},{"redactedText":"hello
        world","id":"17","statistics":{"charactersCount":11,"transactionsCount":1},"entities":[],"warnings":[]},{"redactedText":"hello
        world","id":"18","statistics":{"charactersCount":11,"transactionsCount":1},"entities":[],"warnings":[]},{"redactedText":"hello
        world","id":"19","statistics":{"charactersCount":11,"transactionsCount":1},"entities":[],"warnings":[]}],"errors":[],"modelVersion":"2020-07-01","@nextLink":"http://svc--textanalyticsdispatcher.text-analytics.svc.cluster.local/text/analytics/v3.1-preview.3/jobs/3a271774-9728-44e7-acb6-35873cddfb8d?$skip=20&$top=5"}}],"keyPhraseExtractionTasks":[{"lastUpdateDateTime":"2021-02-05T19:04:27.8352814Z","results":{"statistics":{"documentsCount":20,"validDocumentsCount":20,"erroneousDocumentsCount":0,"transactionsCount":20},"documents":[{"id":"0","keyPhrases":["world"],"statistics":{"charactersCount":11,"transactionsCount":1},"warnings":[]},{"id":"1","keyPhrases":["world"],"statistics":{"charactersCount":11,"transactionsCount":1},"warnings":[]},{"id":"2","keyPhrases":["world"],"statistics":{"charactersCount":11,"transactionsCount":1},"warnings":[]},{"id":"3","keyPhrases":["world"],"statistics":{"charactersCount":11,"transactionsCount":1},"warnings":[]},{"id":"4","keyPhrases":["world"],"statistics":{"charactersCount":11,"transactionsCount":1},"warnings":[]},{"id":"5","keyPhrases":["world"],"statistics":{"charactersCount":11,"transactionsCount":1},"warnings":[]},{"id":"6","keyPhrases":["world"],"statistics":{"charactersCount":11,"transactionsCount":1},"warnings":[]},{"id":"7","keyPhrases":["world"],"statistics":{"charactersCount":11,"transactionsCount":1},"warnings":[]},{"id":"8","keyPhrases":["world"],"statistics":{"charactersCount":11,"transactionsCount":1},"warnings":[]},{"id":"9","keyPhrases":["world"],"statistics":{"charactersCount":11,"transactionsCount":1},"warnings":[]},{"id":"10","keyPhrases":["world"],"statistics":{"charactersCount":11,"transactionsCount":1},"warnings":[]},{"id":"11","keyPhrases":["world"],"statistics":{"charactersCount":11,"transactionsCount":1},"warnings":[]},{"id":"12","keyPhrases":["world"],"statistics":{"charactersCount":11,"transactionsCount":1},"warnings":[]},{"id":"13","keyPhrases":["world"],"statistics":{"charactersCount":11,"transactionsCount":1},"warnings":[]},{"id":"14","keyPhrases":["world"],"statistics":{"charactersCount":11,"transactionsCount":1},"warnings":[]},{"id":"15","keyPhrases":["world"],"statistics":{"charactersCount":11,"transactionsCount":1},"warnings":[]},{"id":"16","keyPhrases":["world"],"statistics":{"charactersCount":11,"transactionsCount":1},"warnings":[]},{"id":"17","keyPhrases":["world"],"statistics":{"charactersCount":11,"transactionsCount":1},"warnings":[]},{"id":"18","keyPhrases":["world"],"statistics":{"charactersCount":11,"transactionsCount":1},"warnings":[]},{"id":"19","keyPhrases":["world"],"statistics":{"charactersCount":11,"transactionsCount":1},"warnings":[]}],"errors":[],"modelVersion":"2020-07-01","@nextLink":"http://svc--textanalyticsdispatcher.text-analytics.svc.cluster.local/text/analytics/v3.1-preview.3/jobs/60d5405f-39dd-4c37-8333-106249e749f7?$skip=20&$top=5"}}]},"@nextLink":"https://westus2.api.cognitive.microsoft.com/text/analytics/v3.1-preview.3/analyze/jobs/46545104-6fc4-4ec4-aff7-57c1a1a97deb_637480800000000000?$skip=20&$top=20"}'
    headers:
      apim-request-id: deedba0f-a971-4f1a-9562-c40eb3352691
      content-type: application/json; charset=utf-8
      date: Fri, 05 Feb 2021 19:06:40 GMT
      strict-transport-security: max-age=31536000; includeSubDomains; preload
      transfer-encoding: chunked
      x-content-type-options: nosniff
      x-envoy-upstream-service-time: '3099'
    status:
      code: 200
      message: OK
    url: https://westus2.api.cognitive.microsoft.com/text/analytics/v3.1-preview.3/analyze/jobs/46545104-6fc4-4ec4-aff7-57c1a1a97deb_637480800000000000?showStats=True
- request:
    body: null
    headers:
      Accept:
      - application/json, text/json
      User-Agent:
      - azsdk-python-ai-textanalytics/5.1.0b5 Python/3.9.1 (macOS-10.13.6-x86_64-i386-64bit)
    method: GET
    uri: https://westus2.api.cognitive.microsoft.com/text/analytics/v3.1-preview.3/analyze/jobs/46545104-6fc4-4ec4-aff7-57c1a1a97deb_637480800000000000?showStats=false&$top=20&$skip=20
  response:
    body:
      string: '{"jobId":"46545104-6fc4-4ec4-aff7-57c1a1a97deb_637480800000000000","lastUpdateDateTime":"2021-02-05T19:04:27Z","createdDateTime":"2021-02-05T19:04:23Z","expirationDateTime":"2021-02-06T19:04:23Z","status":"succeeded","errors":[],"tasks":{"details":{"lastUpdateDateTime":"2021-02-05T19:04:27Z"},"completed":3,"failed":0,"inProgress":0,"total":3,"entityRecognitionTasks":[{"lastUpdateDateTime":"2021-02-05T19:04:27.8352814Z","results":{"documents":[{"id":"20","entities":[],"warnings":[]},{"id":"21","entities":[],"warnings":[]},{"id":"22","entities":[],"warnings":[]},{"id":"23","entities":[],"warnings":[]},{"id":"24","entities":[],"warnings":[]}],"errors":[],"modelVersion":"2021-01-15"}}],"entityRecognitionPiiTasks":[{"lastUpdateDateTime":"2021-02-05T19:04:27.8352814Z","results":{"documents":[{"redactedText":"hello
        world","id":"20","entities":[],"warnings":[]},{"redactedText":"hello world","id":"21","entities":[],"warnings":[]},{"redactedText":"hello
        world","id":"22","entities":[],"warnings":[]},{"redactedText":"hello world","id":"23","entities":[],"warnings":[]},{"redactedText":"hello
        world","id":"24","entities":[],"warnings":[]}],"errors":[],"modelVersion":"2020-07-01"}}],"keyPhraseExtractionTasks":[{"lastUpdateDateTime":"2021-02-05T19:04:27.8352814Z","results":{"documents":[{"id":"20","keyPhrases":["world"],"warnings":[]},{"id":"21","keyPhrases":["world"],"warnings":[]},{"id":"22","keyPhrases":["world"],"warnings":[]},{"id":"23","keyPhrases":["world"],"warnings":[]},{"id":"24","keyPhrases":["world"],"warnings":[]}],"errors":[],"modelVersion":"2020-07-01"}}]}}'
    headers:
      apim-request-id: 809bd83f-5e82-4437-8834-cf4d7eef48f3
      content-type: application/json; charset=utf-8
      date: Fri, 05 Feb 2021 19:06:41 GMT
      strict-transport-security: max-age=31536000; includeSubDomains; preload
      transfer-encoding: chunked
      x-content-type-options: nosniff
      x-envoy-upstream-service-time: '283'
    status:
      code: 200
      message: OK
    url: https://westus2.api.cognitive.microsoft.com//text/analytics/v3.1-preview.3/analyze/jobs/46545104-6fc4-4ec4-aff7-57c1a1a97deb_637480800000000000?showStats=false&$top=20&$skip=20
version: 1
