{
  "Entries": [
    {
      "RequestUri": "https://fakeendpoint.cognitiveservices.azure.com/text/analytics/v3.2-preview.2/entities/health/jobs?stringIndexType=UnicodeCodePoint",
      "RequestMethod": "POST",
      "RequestHeaders": {
        "Accept": "application/json, text/json",
        "Accept-Encoding": "gzip, deflate",
        "Content-Length": "495",
        "Content-Type": "application/json",
        "User-Agent": "azsdk-python-ai-textanalytics/5.2.0b3 Python/3.10.0 (Windows-10-10.0.22000-SP0)",
        "x-ms-client-request-id": "7a6555f9-4975-11ec-a1ce-b831b58100e8"
      },
      "RequestBody": {
        "documents": [
          {
            "id": "0",
            "text": "hello world",
            "language": "en"
          },
          {
            "id": "1",
            "text": "hello world",
            "language": "en"
          },
          {
            "id": "2",
            "text": "hello world",
            "language": "en"
          },
          {
            "id": "3",
            "text": "hello world",
            "language": "en"
          },
          {
            "id": "4",
            "text": "hello world",
            "language": "en"
          },
          {
            "id": "5",
            "text": "hello world",
            "language": "en"
          },
          {
            "id": "6",
            "text": "hello world",
            "language": "en"
          },
          {
            "id": "7",
            "text": "hello world",
            "language": "en"
          },
          {
            "id": "8",
            "text": "hello world",
            "language": "en"
          },
          {
            "id": "9",
            "text": "hello world",
            "language": "en"
          }
        ]
      },
      "StatusCode": 202,
      "ResponseHeaders": {
        "apim-request-id": "f20a4a8c-2f62-408d-9083-296ccc7e1a50",
        "Date": "Fri, 19 Nov 2021 20:15:45 GMT",
        "operation-location": "https://fakeendpoint.cognitiveservices.azure.com/text/analytics/v3.2-preview.1/entities/health/jobs/fccf07ac-1203-426f-84b5-a37734f2d8c9",
        "Strict-Transport-Security": "max-age=31536000; includeSubDomains; preload",
        "Transfer-Encoding": "chunked",
        "X-Content-Type-Options": "nosniff",
        "x-envoy-upstream-service-time": "317"
      },
      "ResponseBody": null
    },
    {
      "RequestUri": "https://fakeendpoint.cognitiveservices.azure.com/text/analytics/v3.2-preview.1/entities/health/jobs/fccf07ac-1203-426f-84b5-a37734f2d8c9",
      "RequestMethod": "GET",
      "RequestHeaders": {
        "Accept": "*/*",
        "Accept-Encoding": "gzip, deflate",
        "User-Agent": "azsdk-python-ai-textanalytics/5.2.0b3 Python/3.10.0 (Windows-10-10.0.22000-SP0)",
        "x-ms-client-request-id": "7a6555f9-4975-11ec-a1ce-b831b58100e8"
      },
      "RequestBody": null,
      "StatusCode": 200,
      "ResponseHeaders": {
        "apim-request-id": "e08cdb98-4b5f-4fda-a97a-83e2b82ea2c5",
        "Content-Type": "application/json; charset=utf-8",
        "Date": "Fri, 19 Nov 2021 20:15:45 GMT",
        "Strict-Transport-Security": "max-age=31536000; includeSubDomains; preload",
        "Transfer-Encoding": "chunked",
        "X-Content-Type-Options": "nosniff",
        "x-envoy-upstream-service-time": "6"
      },
      "ResponseBody": {
        "jobId": "fccf07ac-1203-426f-84b5-a37734f2d8c9",
        "lastUpdateDateTime": "2021-11-19T20:15:45Z",
        "createdDateTime": "2021-11-19T20:15:45Z",
        "expirationDateTime": "2021-11-20T20:15:45Z",
        "status": "notStarted",
        "errors": []
      }
    },
    {
      "RequestUri": "https://fakeendpoint.cognitiveservices.azure.com/text/analytics/v3.2-preview.2/entities/health/jobs/fccf07ac-1203-426f-84b5-a37734f2d8c9",
      "RequestMethod": "DELETE",
      "RequestHeaders": {
        "Accept": "application/json, text/json",
        "Accept-Encoding": "gzip, deflate",
        "Content-Length": "0",
        "User-Agent": "azsdk-python-ai-textanalytics/5.2.0b3 Python/3.10.0 (Windows-10-10.0.22000-SP0)",
        "x-ms-client-request-id": "7aa2ad57-4975-11ec-82d9-b831b58100e8"
      },
      "RequestBody": null,
      "StatusCode": 202,
      "ResponseHeaders": {
        "apim-request-id": "6dbac4bc-6479-46aa-99ec-b81b4aa26fec",
        "Date": "Fri, 19 Nov 2021 20:15:45 GMT",
        "operation-location": "https://fakeendpoint.cognitiveservices.azure.com/text/analytics/v3.2-preview.1/entities/health/jobs/fccf07ac-1203-426f-84b5-a37734f2d8c9",
        "Strict-Transport-Security": "max-age=31536000; includeSubDomains; preload",
        "Transfer-Encoding": "chunked",
        "X-Content-Type-Options": "nosniff",
        "x-envoy-upstream-service-time": "14"
      },
      "ResponseBody": null
    },
    {
      "RequestUri": "https://fakeendpoint.cognitiveservices.azure.com/text/analytics/v3.2-preview.1/entities/health/jobs/fccf07ac-1203-426f-84b5-a37734f2d8c9",
      "RequestMethod": "GET",
      "RequestHeaders": {
        "Accept": "*/*",
        "Accept-Encoding": "gzip, deflate",
        "User-Agent": "azsdk-python-ai-textanalytics/5.2.0b3 Python/3.10.0 (Windows-10-10.0.22000-SP0)",
        "x-ms-client-request-id": "7aa2ad57-4975-11ec-82d9-b831b58100e8"
      },
      "RequestBody": null,
      "StatusCode": 200,
      "ResponseHeaders": {
        "apim-request-id": "7dd3731e-7fcb-4438-a886-ea6d138fbbd7",
        "Content-Type": "application/json; charset=utf-8",
        "Date": "Fri, 19 Nov 2021 20:15:50 GMT",
        "Strict-Transport-Security": "max-age=31536000; includeSubDomains; preload",
        "Transfer-Encoding": "chunked",
        "X-Content-Type-Options": "nosniff",
        "x-envoy-upstream-service-time": "222"
      },
      "ResponseBody": {
        "jobId": "fccf07ac-1203-426f-84b5-a37734f2d8c9",
        "lastUpdateDateTime": "2021-11-19T20:15:46Z",
        "createdDateTime": "2021-11-19T20:15:45Z",
        "expirationDateTime": "2021-11-20T20:15:45Z",
        "status": "succeeded",
        "errors": [],
        "results": {
          "documents": [
            {
              "id": "0",
              "entities": [],
              "relations": [],
              "warnings": []
            },
            {
              "id": "1",
              "entities": [],
              "relations": [],
              "warnings": []
            },
            {
              "id": "2",
              "entities": [],
              "relations": [],
              "warnings": []
            },
            {
              "id": "3",
              "entities": [],
              "relations": [],
              "warnings": []
            },
            {
              "id": "4",
              "entities": [],
              "relations": [],
              "warnings": []
            },
            {
              "id": "5",
              "entities": [],
              "relations": [],
              "warnings": []
            },
            {
              "id": "6",
              "entities": [],
              "relations": [],
              "warnings": []
            },
            {
              "id": "7",
              "entities": [],
              "relations": [],
              "warnings": []
            },
            {
              "id": "8",
              "entities": [],
              "relations": [],
              "warnings": []
            },
            {
              "id": "9",
              "entities": [],
              "relations": [],
              "warnings": []
            }
          ],
          "errors": [],
          "modelVersion": "2021-05-15"
        }
      }
    }
  ],
  "Variables": {}
}
