{
  "Entries": [
    {
      "RequestUri": "https://fakeendpoint.cognitiveservices.azure.com/text/analytics/v3.2-preview.2/entities/recognition/general?showStats=false\u0026stringIndexType=UnicodeCodePoint",
      "RequestMethod": "POST",
      "RequestHeaders": {
        "Accept": "application/json, text/json",
        "Accept-Encoding": "gzip, deflate",
        "Content-Length": "240",
        "Content-Type": "application/json",
        "User-Agent": "azsdk-python-ai-textanalytics/5.2.0b3 Python/3.10.0 (Windows-10-10.0.22000-SP0)",
        "x-ms-client-request-id": "770c31e0-5c84-11ec-adb8-b831b58100e8"
      },
      "RequestBody": "{\u0022documents\u0022: [{\u0022id\u0022: \u00221\u0022, \u0022text\u0022: \u0022I will go to the park.\u0022, \u0022language\u0022: \u0022en\u0022}, {\u0022id\u0022: \u00222\u0022, \u0022text\u0022: \u0022I did not like the hotel we stayed at.\u0022, \u0022language\u0022: \u0022en\u0022}, {\u0022id\u0022: \u00223\u0022, \u0022text\u0022: \u0022The restaurant had really good food.\u0022, \u0022language\u0022: \u0022en\u0022}]}",
      "StatusCode": 200,
      "ResponseHeaders": {
        "apim-request-id": "685d8fe8-a8d1-4c3a-bc61-60fda41700e6",
        "Content-Type": "application/json; charset=utf-8",
        "csp-billing-usage": "CognitiveServices.TextAnalytics.BatchScoring=3,CognitiveServices.TextAnalytics.TextRecords=3",
        "Date": "Tue, 14 Dec 2021 02:20:53 GMT",
        "Strict-Transport-Security": "max-age=31536000; includeSubDomains; preload",
        "Transfer-Encoding": "chunked",
        "X-Content-Type-Options": "nosniff",
        "x-envoy-upstream-service-time": "25"
      },
      "ResponseBody": {
        "documents": [
          {
            "id": "1",
            "entities": [
              {
                "text": "park",
                "category": "Location",
                "offset": 17,
                "length": 4,
                "confidenceScore": 0.99
              }
            ],
            "warnings": []
          },
          {
            "id": "2",
            "entities": [
              {
                "text": "hotel",
                "category": "Location",
                "offset": 19,
                "length": 5,
                "confidenceScore": 0.99
              }
            ],
            "warnings": []
          },
          {
            "id": "3",
            "entities": [
              {
                "text": "restaurant",
                "category": "Location",
                "subcategory": "Structural",
                "offset": 4,
                "length": 10,
                "confidenceScore": 0.97
              }
            ],
            "warnings": []
          }
        ],
        "errors": [],
        "modelVersion": "2021-06-01"
      }
    },
    {
      "RequestUri": "https://fakeendpoint.cognitiveservices.azure.com/text/analytics/v3.2-preview.2/entities/recognition/general?showStats=false\u0026stringIndexType=UnicodeCodePoint",
      "RequestMethod": "POST",
      "RequestHeaders": {
        "Accept": "application/json, text/json",
        "Accept-Encoding": "gzip, deflate",
        "Content-Length": "240",
        "Content-Type": "application/json",
        "User-Agent": "azsdk-python-ai-textanalytics/5.2.0b3 Python/3.10.0 (Windows-10-10.0.22000-SP0)",
        "x-ms-client-request-id": "77172593-5c84-11ec-ae12-b831b58100e8"
      },
      "RequestBody": "{\u0022documents\u0022: [{\u0022id\u0022: \u00221\u0022, \u0022text\u0022: \u0022I will go to the park.\u0022, \u0022language\u0022: \u0022en\u0022}, {\u0022id\u0022: \u00222\u0022, \u0022text\u0022: \u0022I did not like the hotel we stayed at.\u0022, \u0022language\u0022: \u0022en\u0022}, {\u0022id\u0022: \u00223\u0022, \u0022text\u0022: \u0022The restaurant had really good food.\u0022, \u0022language\u0022: \u0022en\u0022}]}",
      "StatusCode": 401,
      "ResponseHeaders": {
        "apim-request-id": "e3cbbb95-6882-4ec1-995a-8c6756bf593c",
        "Content-Length": "224",
        "Content-Type": "application/json",
        "Date": "Tue, 14 Dec 2021 02:20:53 GMT"
      },
      "ResponseBody": {
        "error": {
          "code": "401",
          "message": "Access denied due to invalid subscription key or wrong API endpoint. Make sure to provide a valid key for an active subscription and use a correct regional API endpoint for your resource."
        }
      }
    },
    {
      "RequestUri": "https://fakeendpoint.cognitiveservices.azure.com/text/analytics/v3.2-preview.2/entities/recognition/general?showStats=false\u0026stringIndexType=UnicodeCodePoint",
      "RequestMethod": "POST",
      "RequestHeaders": {
        "Accept": "application/json, text/json",
        "Accept-Encoding": "gzip, deflate",
        "Content-Length": "240",
        "Content-Type": "application/json",
        "User-Agent": "azsdk-python-ai-textanalytics/5.2.0b3 Python/3.10.0 (Windows-10-10.0.22000-SP0)",
        "x-ms-client-request-id": "771b8b7d-5c84-11ec-b4b3-b831b58100e8"
      },
      "RequestBody": "{\u0022documents\u0022: [{\u0022id\u0022: \u00221\u0022, \u0022text\u0022: \u0022I will go to the park.\u0022, \u0022language\u0022: \u0022en\u0022}, {\u0022id\u0022: \u00222\u0022, \u0022text\u0022: \u0022I did not like the hotel we stayed at.\u0022, \u0022language\u0022: \u0022en\u0022}, {\u0022id\u0022: \u00223\u0022, \u0022text\u0022: \u0022The restaurant had really good food.\u0022, \u0022language\u0022: \u0022en\u0022}]}",
      "StatusCode": 200,
      "ResponseHeaders": {
        "apim-request-id": "4a8435ce-f351-4647-aff0-eb5aef83945c",
        "Content-Type": "application/json; charset=utf-8",
        "csp-billing-usage": "CognitiveServices.TextAnalytics.BatchScoring=3,CognitiveServices.TextAnalytics.TextRecords=3",
        "Date": "Tue, 14 Dec 2021 02:20:53 GMT",
        "Strict-Transport-Security": "max-age=31536000; includeSubDomains; preload",
        "Transfer-Encoding": "chunked",
        "X-Content-Type-Options": "nosniff",
        "x-envoy-upstream-service-time": "23"
      },
      "ResponseBody": {
        "documents": [
          {
            "id": "1",
            "entities": [
              {
                "text": "park",
                "category": "Location",
                "offset": 17,
                "length": 4,
                "confidenceScore": 0.99
              }
            ],
            "warnings": []
          },
          {
            "id": "2",
            "entities": [
              {
                "text": "hotel",
                "category": "Location",
                "offset": 19,
                "length": 5,
                "confidenceScore": 0.99
              }
            ],
            "warnings": []
          },
          {
            "id": "3",
            "entities": [
              {
                "text": "restaurant",
                "category": "Location",
                "subcategory": "Structural",
                "offset": 4,
                "length": 10,
                "confidenceScore": 0.97
              }
            ],
            "warnings": []
          }
        ],
        "errors": [],
        "modelVersion": "2021-06-01"
      }
    }
  ],
  "Variables": {}
}
