interactions:
- request:
    body: '{"tasks": {"entityRecognitionTasks": [{"parameters": {"model-version":
      "latest", "stringIndexType": "TextElements_v8"}}], "entityRecognitionPiiTasks":
      [{"parameters": {"model-version": "latest", "stringIndexType": "TextElements_v8"}}],
      "keyPhraseExtractionTasks": [{"parameters": {"model-version": "latest"}}]},
      "analysisInput": {"documents": [{"id": "0", "text": "Test passing cls to endpoint",
      "language": "en"}]}}'
    headers:
      Accept:
      - application/json, text/json
      Content-Length:
      - '416'
      Content-Type:
      - application/json
      User-Agent:
      - azsdk-python-ai-textanalytics/5.1.0b3 Python/3.7.9 (Windows-10-10.0.19041-SP0)
    method: POST
    uri: https://textanalytics-westeurope.ppe.cognitiveservices.azure.com/text/analytics/v3.1-preview.3/analyze
  response:
    body:
      string: ''
    headers:
      apim-request-id: 38e7e53e-4e22-4906-8d59-f5f7d0129b46
      date: Fri, 13 Nov 2020 22:06:31 GMT
      operation-location: https://textanalytics-westeurope.ppe.cognitiveservices.azure.com/text/analytics/v3.1-preview.3/analyze/jobs/400c3db0-111b-402b-b8d9-3f3a6080e8ef_637408224000000000
      strict-transport-security: max-age=31536000; includeSubDomains; preload
      transfer-encoding: chunked
      x-content-type-options: nosniff
      x-envoy-upstream-service-time: '259'
    status:
      code: 202
      message: Accepted
    url: https://textanalytics-westeurope.ppe.cognitiveservices.azure.com/text/analytics/v3.1-preview.3/analyze
- request:
    body: null
    headers:
      User-Agent:
      - azsdk-python-ai-textanalytics/5.1.0b3 Python/3.7.9 (Windows-10-10.0.19041-SP0)
    method: GET
    uri: https://textanalytics-westeurope.ppe.cognitiveservices.azure.com/text/analytics/v3.1-preview.3/analyze/jobs/400c3db0-111b-402b-b8d9-3f3a6080e8ef_637408224000000000
  response:
    body:
      string: '{"jobId":"400c3db0-111b-402b-b8d9-3f3a6080e8ef_637408224000000000","lastUpdateDateTime":"2020-11-13T22:06:32Z","createdDateTime":"2020-11-13T22:06:31Z","expirationDateTime":"2020-11-14T22:06:31Z","status":"running","errors":[],"tasks":{"details":{"lastUpdateDateTime":"2020-11-13T22:06:32Z"},"completed":1,"failed":0,"inProgress":2,"total":3,"keyPhraseExtractionTasks":[{"lastUpdateDateTime":"2020-11-13T22:06:32.5608185Z","results":{"inTerminalState":true,"documents":[{"id":"0","keyPhrases":["Test","cls","endpoint"],"warnings":[]}],"errors":[],"modelVersion":"2020-07-01"}}]}}'
    headers:
      apim-request-id: a0e0b54a-e005-4097-95da-85cc997087cb
      content-type: application/json; charset=utf-8
      date: Fri, 13 Nov 2020 22:07:02 GMT
      strict-transport-security: max-age=31536000; includeSubDomains; preload
      transfer-encoding: chunked
      x-content-type-options: nosniff
      x-envoy-upstream-service-time: '181'
    status:
      code: 200
      message: OK
    url: https://textanalytics-westeurope.ppe.cognitiveservices.azure.com/text/analytics/v3.1-preview.3/analyze/jobs/400c3db0-111b-402b-b8d9-3f3a6080e8ef_637408224000000000
- request:
    body: null
    headers:
      User-Agent:
      - azsdk-python-ai-textanalytics/5.1.0b3 Python/3.7.9 (Windows-10-10.0.19041-SP0)
    method: GET
    uri: https://textanalytics-westeurope.ppe.cognitiveservices.azure.com/text/analytics/v3.1-preview.3/analyze/jobs/400c3db0-111b-402b-b8d9-3f3a6080e8ef_637408224000000000
  response:
    body:
      string: '{"jobId":"400c3db0-111b-402b-b8d9-3f3a6080e8ef_637408224000000000","lastUpdateDateTime":"2020-11-13T22:06:32Z","createdDateTime":"2020-11-13T22:06:31Z","expirationDateTime":"2020-11-14T22:06:31Z","status":"running","errors":[],"tasks":{"details":{"lastUpdateDateTime":"2020-11-13T22:06:32Z"},"completed":1,"failed":0,"inProgress":2,"total":3,"keyPhraseExtractionTasks":[{"lastUpdateDateTime":"2020-11-13T22:06:32.5608185Z","results":{"inTerminalState":true,"documents":[{"id":"0","keyPhrases":["Test","cls","endpoint"],"warnings":[]}],"errors":[],"modelVersion":"2020-07-01"}}]}}'
    headers:
      apim-request-id: 15403093-5061-485b-9e0a-689e4b62740f
      content-type: application/json; charset=utf-8
      date: Fri, 13 Nov 2020 22:07:34 GMT
      strict-transport-security: max-age=31536000; includeSubDomains; preload
      transfer-encoding: chunked
      x-content-type-options: nosniff
      x-envoy-upstream-service-time: '323'
    status:
      code: 200
      message: OK
    url: https://textanalytics-westeurope.ppe.cognitiveservices.azure.com/text/analytics/v3.1-preview.3/analyze/jobs/400c3db0-111b-402b-b8d9-3f3a6080e8ef_637408224000000000
- request:
    body: null
    headers:
      User-Agent:
      - azsdk-python-ai-textanalytics/5.1.0b3 Python/3.7.9 (Windows-10-10.0.19041-SP0)
    method: GET
    uri: https://textanalytics-westeurope.ppe.cognitiveservices.azure.com/text/analytics/v3.1-preview.3/analyze/jobs/400c3db0-111b-402b-b8d9-3f3a6080e8ef_637408224000000000
  response:
    body:
      string: '{"jobId":"400c3db0-111b-402b-b8d9-3f3a6080e8ef_637408224000000000","lastUpdateDateTime":"2020-11-13T22:06:32Z","createdDateTime":"2020-11-13T22:06:31Z","expirationDateTime":"2020-11-14T22:06:31Z","status":"running","errors":[],"tasks":{"details":{"lastUpdateDateTime":"2020-11-13T22:06:32Z"},"completed":1,"failed":0,"inProgress":2,"total":3,"keyPhraseExtractionTasks":[{"lastUpdateDateTime":"2020-11-13T22:06:32.5608185Z","results":{"inTerminalState":true,"documents":[{"id":"0","keyPhrases":["Test","cls","endpoint"],"warnings":[]}],"errors":[],"modelVersion":"2020-07-01"}}]}}'
    headers:
      apim-request-id: 6f34a216-04e9-401f-99c0-14662c9ac186
      content-type: application/json; charset=utf-8
      date: Fri, 13 Nov 2020 22:08:05 GMT
      strict-transport-security: max-age=31536000; includeSubDomains; preload
      transfer-encoding: chunked
      x-content-type-options: nosniff
      x-envoy-upstream-service-time: '217'
    status:
      code: 200
      message: OK
    url: https://textanalytics-westeurope.ppe.cognitiveservices.azure.com/text/analytics/v3.1-preview.3/analyze/jobs/400c3db0-111b-402b-b8d9-3f3a6080e8ef_637408224000000000
- request:
    body: null
    headers:
      User-Agent:
      - azsdk-python-ai-textanalytics/5.1.0b3 Python/3.7.9 (Windows-10-10.0.19041-SP0)
    method: GET
    uri: https://textanalytics-westeurope.ppe.cognitiveservices.azure.com/text/analytics/v3.1-preview.3/analyze/jobs/400c3db0-111b-402b-b8d9-3f3a6080e8ef_637408224000000000
  response:
    body:
      string: '{"jobId":"400c3db0-111b-402b-b8d9-3f3a6080e8ef_637408224000000000","lastUpdateDateTime":"2020-11-13T22:06:32Z","createdDateTime":"2020-11-13T22:06:31Z","expirationDateTime":"2020-11-14T22:06:31Z","status":"running","errors":[],"tasks":{"details":{"lastUpdateDateTime":"2020-11-13T22:06:32Z"},"completed":1,"failed":0,"inProgress":2,"total":3,"keyPhraseExtractionTasks":[{"lastUpdateDateTime":"2020-11-13T22:06:32.5608185Z","results":{"inTerminalState":true,"documents":[{"id":"0","keyPhrases":["Test","cls","endpoint"],"warnings":[]}],"errors":[],"modelVersion":"2020-07-01"}}]}}'
    headers:
      apim-request-id: 8fe237e8-049d-4e86-b19b-5d71a1cf8cf4
      content-type: application/json; charset=utf-8
      date: Fri, 13 Nov 2020 22:08:35 GMT
      strict-transport-security: max-age=31536000; includeSubDomains; preload
      transfer-encoding: chunked
      x-content-type-options: nosniff
      x-envoy-upstream-service-time: '367'
    status:
      code: 200
      message: OK
    url: https://textanalytics-westeurope.ppe.cognitiveservices.azure.com/text/analytics/v3.1-preview.3/analyze/jobs/400c3db0-111b-402b-b8d9-3f3a6080e8ef_637408224000000000
- request:
    body: null
    headers:
      User-Agent:
      - azsdk-python-ai-textanalytics/5.1.0b3 Python/3.7.9 (Windows-10-10.0.19041-SP0)
    method: GET
    uri: https://textanalytics-westeurope.ppe.cognitiveservices.azure.com/text/analytics/v3.1-preview.3/analyze/jobs/400c3db0-111b-402b-b8d9-3f3a6080e8ef_637408224000000000
  response:
    body:
      string: '{"jobId":"400c3db0-111b-402b-b8d9-3f3a6080e8ef_637408224000000000","lastUpdateDateTime":"2020-11-13T22:06:32Z","createdDateTime":"2020-11-13T22:06:31Z","expirationDateTime":"2020-11-14T22:06:31Z","status":"succeeded","errors":[],"tasks":{"details":{"lastUpdateDateTime":"2020-11-13T22:06:32Z"},"completed":3,"failed":0,"inProgress":0,"total":3,"entityRecognitionTasks":[{"lastUpdateDateTime":"2020-11-13T22:06:32.5608185Z","results":{"inTerminalState":true,"documents":[{"id":"0","entities":[],"warnings":[]}],"errors":[],"modelVersion":"2020-04-01"}}],"entityRecognitionPiiTasks":[{"lastUpdateDateTime":"2020-11-13T22:06:32.5608185Z","results":{"inTerminalState":true,"documents":[{"redactedText":"Test
        passing cls to endpoint","id":"0","entities":[],"warnings":[]}],"errors":[],"modelVersion":"2020-07-01"}}],"keyPhraseExtractionTasks":[{"lastUpdateDateTime":"2020-11-13T22:06:32.5608185Z","results":{"inTerminalState":true,"documents":[{"id":"0","keyPhrases":["Test","cls","endpoint"],"warnings":[]}],"errors":[],"modelVersion":"2020-07-01"}}]}}'
    headers:
      apim-request-id: 25e5dbd7-a839-4317-9dd7-fb46aa633235
      content-type: application/json; charset=utf-8
      date: Fri, 13 Nov 2020 22:09:07 GMT
      strict-transport-security: max-age=31536000; includeSubDomains; preload
      transfer-encoding: chunked
      x-content-type-options: nosniff
      x-envoy-upstream-service-time: '480'
    status:
      code: 200
      message: OK
    url: https://textanalytics-westeurope.ppe.cognitiveservices.azure.com/text/analytics/v3.1-preview.3/analyze/jobs/400c3db0-111b-402b-b8d9-3f3a6080e8ef_637408224000000000
version: 1
