interactions:
- request:
    body: '{"tasks": {"entityRecognitionTasks": [{"parameters": {"model-version":
      "latest", "stringIndexType": "TextElements_v8"}}], "entityRecognitionPiiTasks":
      [{"parameters": {"model-version": "latest", "stringIndexType": "TextElements_v8"}}],
      "keyPhraseExtractionTasks": [{"parameters": {"model-version": "latest"}}]},
      "analysisInput": {"documents": [{"id": "1", "text": "I will go to the park.",
      "language": "en"}, {"id": "2", "text": "I did not like the hotel we stayed at.",
      "language": "en"}, {"id": "3", "text": "The restaurant had really good food.",
      "language": "en"}]}}'
    headers:
      Accept:
      - application/json, text/json
      Content-Length:
      - '570'
      Content-Type:
      - application/json
      User-Agent:
      - azsdk-python-ai-textanalytics/5.1.0b3 Python/3.8.5 (macOS-10.13.6-x86_64-i386-64bit)
    method: POST
    uri: https://westus2.api.cognitive.microsoft.com/text/analytics/v3.1-preview.3/analyze
  response:
    body:
      string: ''
    headers:
      apim-request-id: 61e20a1c-4df2-4769-ba71-4053a452819c
      date: Thu, 19 Nov 2020 21:19:29 GMT
      operation-location: https://westus2.api.cognitive.microsoft.com/text/analytics/v3.1-preview.3/analyze/jobs/63735c8f-9ef9-4e8b-ab27-2a20797904fc_637413408000000000
      strict-transport-security: max-age=31536000; includeSubDomains; preload
      transfer-encoding: chunked
      x-content-type-options: nosniff
      x-envoy-upstream-service-time: '354'
    status:
      code: 202
      message: Accepted
    url: https://westus2.api.cognitive.microsoft.com//text/analytics/v3.1-preview.3/analyze
- request:
    body: null
    headers:
      User-Agent:
      - azsdk-python-ai-textanalytics/5.1.0b3 Python/3.8.5 (macOS-10.13.6-x86_64-i386-64bit)
    method: GET
    uri: https://westus2.api.cognitive.microsoft.com/text/analytics/v3.1-preview.3/analyze/jobs/63735c8f-9ef9-4e8b-ab27-2a20797904fc_637413408000000000
  response:
    body:
      string: '{"jobId":"63735c8f-9ef9-4e8b-ab27-2a20797904fc_637413408000000000","lastUpdateDateTime":"2020-11-19T21:19:29Z","createdDateTime":"2020-11-19T21:19:28Z","expirationDateTime":"2020-11-20T21:19:28Z","status":"running","errors":[],"tasks":{"details":{"lastUpdateDateTime":"2020-11-19T21:19:29Z"},"completed":1,"failed":0,"inProgress":2,"total":3,"keyPhraseExtractionTasks":[{"lastUpdateDateTime":"2020-11-19T21:19:29.5180937Z","results":{"inTerminalState":true,"documents":[{"id":"1","keyPhrases":["park"],"warnings":[]},{"id":"2","keyPhrases":["hotel"],"warnings":[]},{"id":"3","keyPhrases":["restaurant","good
        food"],"warnings":[]}],"errors":[],"modelVersion":"2020-07-01"}}]}}'
    headers:
      apim-request-id: e6c4c441-9506-4ed7-b486-7b90650c72bd
      content-type: application/json; charset=utf-8
      date: Thu, 19 Nov 2020 21:19:34 GMT
      strict-transport-security: max-age=31536000; includeSubDomains; preload
      transfer-encoding: chunked
      x-content-type-options: nosniff
      x-envoy-upstream-service-time: '128'
    status:
      code: 200
      message: OK
    url: https://westus2.api.cognitive.microsoft.com/text/analytics/v3.1-preview.3/analyze/jobs/63735c8f-9ef9-4e8b-ab27-2a20797904fc_637413408000000000
- request:
    body: null
    headers:
      User-Agent:
      - azsdk-python-ai-textanalytics/5.1.0b3 Python/3.8.5 (macOS-10.13.6-x86_64-i386-64bit)
    method: GET
    uri: https://westus2.api.cognitive.microsoft.com/text/analytics/v3.1-preview.3/analyze/jobs/63735c8f-9ef9-4e8b-ab27-2a20797904fc_637413408000000000
  response:
    body:
      string: '{"jobId":"63735c8f-9ef9-4e8b-ab27-2a20797904fc_637413408000000000","lastUpdateDateTime":"2020-11-19T21:19:29Z","createdDateTime":"2020-11-19T21:19:28Z","expirationDateTime":"2020-11-20T21:19:28Z","status":"running","errors":[],"tasks":{"details":{"lastUpdateDateTime":"2020-11-19T21:19:29Z"},"completed":1,"failed":0,"inProgress":2,"total":3,"keyPhraseExtractionTasks":[{"lastUpdateDateTime":"2020-11-19T21:19:29.5180937Z","results":{"inTerminalState":true,"documents":[{"id":"1","keyPhrases":["park"],"warnings":[]},{"id":"2","keyPhrases":["hotel"],"warnings":[]},{"id":"3","keyPhrases":["restaurant","good
        food"],"warnings":[]}],"errors":[],"modelVersion":"2020-07-01"}}]}}'
    headers:
      apim-request-id: ddb49020-d27c-465d-bedd-8c9c3d132112
      content-type: application/json; charset=utf-8
      date: Thu, 19 Nov 2020 21:19:39 GMT
      strict-transport-security: max-age=31536000; includeSubDomains; preload
      transfer-encoding: chunked
      x-content-type-options: nosniff
      x-envoy-upstream-service-time: '127'
    status:
      code: 200
      message: OK
    url: https://westus2.api.cognitive.microsoft.com/text/analytics/v3.1-preview.3/analyze/jobs/63735c8f-9ef9-4e8b-ab27-2a20797904fc_637413408000000000
- request:
    body: null
    headers:
      User-Agent:
      - azsdk-python-ai-textanalytics/5.1.0b3 Python/3.8.5 (macOS-10.13.6-x86_64-i386-64bit)
    method: GET
    uri: https://westus2.api.cognitive.microsoft.com/text/analytics/v3.1-preview.3/analyze/jobs/63735c8f-9ef9-4e8b-ab27-2a20797904fc_637413408000000000
  response:
    body:
      string: '{"jobId":"63735c8f-9ef9-4e8b-ab27-2a20797904fc_637413408000000000","lastUpdateDateTime":"2020-11-19T21:19:29Z","createdDateTime":"2020-11-19T21:19:28Z","expirationDateTime":"2020-11-20T21:19:28Z","status":"running","errors":[],"tasks":{"details":{"lastUpdateDateTime":"2020-11-19T21:19:29Z"},"completed":1,"failed":0,"inProgress":2,"total":3,"keyPhraseExtractionTasks":[{"lastUpdateDateTime":"2020-11-19T21:19:29.5180937Z","results":{"inTerminalState":true,"documents":[{"id":"1","keyPhrases":["park"],"warnings":[]},{"id":"2","keyPhrases":["hotel"],"warnings":[]},{"id":"3","keyPhrases":["restaurant","good
        food"],"warnings":[]}],"errors":[],"modelVersion":"2020-07-01"}}]}}'
    headers:
      apim-request-id: f1a613c5-d4ff-4680-a55f-e7f2844dadb0
      content-type: application/json; charset=utf-8
      date: Thu, 19 Nov 2020 21:19:44 GMT
      strict-transport-security: max-age=31536000; includeSubDomains; preload
      transfer-encoding: chunked
      x-content-type-options: nosniff
      x-envoy-upstream-service-time: '109'
    status:
      code: 200
      message: OK
    url: https://westus2.api.cognitive.microsoft.com/text/analytics/v3.1-preview.3/analyze/jobs/63735c8f-9ef9-4e8b-ab27-2a20797904fc_637413408000000000
- request:
    body: null
    headers:
      User-Agent:
      - azsdk-python-ai-textanalytics/5.1.0b3 Python/3.8.5 (macOS-10.13.6-x86_64-i386-64bit)
    method: GET
    uri: https://westus2.api.cognitive.microsoft.com/text/analytics/v3.1-preview.3/analyze/jobs/63735c8f-9ef9-4e8b-ab27-2a20797904fc_637413408000000000
  response:
    body:
      string: '{"jobId":"63735c8f-9ef9-4e8b-ab27-2a20797904fc_637413408000000000","lastUpdateDateTime":"2020-11-19T21:19:29Z","createdDateTime":"2020-11-19T21:19:28Z","expirationDateTime":"2020-11-20T21:19:28Z","status":"running","errors":[],"tasks":{"details":{"lastUpdateDateTime":"2020-11-19T21:19:29Z"},"completed":1,"failed":0,"inProgress":2,"total":3,"keyPhraseExtractionTasks":[{"lastUpdateDateTime":"2020-11-19T21:19:29.5180937Z","results":{"inTerminalState":true,"documents":[{"id":"1","keyPhrases":["park"],"warnings":[]},{"id":"2","keyPhrases":["hotel"],"warnings":[]},{"id":"3","keyPhrases":["restaurant","good
        food"],"warnings":[]}],"errors":[],"modelVersion":"2020-07-01"}}]}}'
    headers:
      apim-request-id: eecc7307-15fd-446d-9561-0268876475fc
      content-type: application/json; charset=utf-8
      date: Thu, 19 Nov 2020 21:19:49 GMT
      strict-transport-security: max-age=31536000; includeSubDomains; preload
      transfer-encoding: chunked
      x-content-type-options: nosniff
      x-envoy-upstream-service-time: '112'
    status:
      code: 200
      message: OK
    url: https://westus2.api.cognitive.microsoft.com/text/analytics/v3.1-preview.3/analyze/jobs/63735c8f-9ef9-4e8b-ab27-2a20797904fc_637413408000000000
- request:
    body: null
    headers:
      User-Agent:
      - azsdk-python-ai-textanalytics/5.1.0b3 Python/3.8.5 (macOS-10.13.6-x86_64-i386-64bit)
    method: GET
    uri: https://westus2.api.cognitive.microsoft.com/text/analytics/v3.1-preview.3/analyze/jobs/63735c8f-9ef9-4e8b-ab27-2a20797904fc_637413408000000000
  response:
    body:
      string: '{"jobId":"63735c8f-9ef9-4e8b-ab27-2a20797904fc_637413408000000000","lastUpdateDateTime":"2020-11-19T21:19:29Z","createdDateTime":"2020-11-19T21:19:28Z","expirationDateTime":"2020-11-20T21:19:28Z","status":"running","errors":[],"tasks":{"details":{"lastUpdateDateTime":"2020-11-19T21:19:29Z"},"completed":1,"failed":0,"inProgress":2,"total":3,"keyPhraseExtractionTasks":[{"lastUpdateDateTime":"2020-11-19T21:19:29.5180937Z","results":{"inTerminalState":true,"documents":[{"id":"1","keyPhrases":["park"],"warnings":[]},{"id":"2","keyPhrases":["hotel"],"warnings":[]},{"id":"3","keyPhrases":["restaurant","good
        food"],"warnings":[]}],"errors":[],"modelVersion":"2020-07-01"}}]}}'
    headers:
      apim-request-id: c70c58d1-895d-441e-a304-1a183f69e821
      content-type: application/json; charset=utf-8
      date: Thu, 19 Nov 2020 21:19:55 GMT
      strict-transport-security: max-age=31536000; includeSubDomains; preload
      transfer-encoding: chunked
      x-content-type-options: nosniff
      x-envoy-upstream-service-time: '138'
    status:
      code: 200
      message: OK
    url: https://westus2.api.cognitive.microsoft.com/text/analytics/v3.1-preview.3/analyze/jobs/63735c8f-9ef9-4e8b-ab27-2a20797904fc_637413408000000000
- request:
    body: null
    headers:
      User-Agent:
      - azsdk-python-ai-textanalytics/5.1.0b3 Python/3.8.5 (macOS-10.13.6-x86_64-i386-64bit)
    method: GET
    uri: https://westus2.api.cognitive.microsoft.com/text/analytics/v3.1-preview.3/analyze/jobs/63735c8f-9ef9-4e8b-ab27-2a20797904fc_637413408000000000
  response:
    body:
      string: '{"jobId":"63735c8f-9ef9-4e8b-ab27-2a20797904fc_637413408000000000","lastUpdateDateTime":"2020-11-19T21:19:29Z","createdDateTime":"2020-11-19T21:19:28Z","expirationDateTime":"2020-11-20T21:19:28Z","status":"running","errors":[],"tasks":{"details":{"lastUpdateDateTime":"2020-11-19T21:19:29Z"},"completed":1,"failed":0,"inProgress":2,"total":3,"keyPhraseExtractionTasks":[{"lastUpdateDateTime":"2020-11-19T21:19:29.5180937Z","results":{"inTerminalState":true,"documents":[{"id":"1","keyPhrases":["park"],"warnings":[]},{"id":"2","keyPhrases":["hotel"],"warnings":[]},{"id":"3","keyPhrases":["restaurant","good
        food"],"warnings":[]}],"errors":[],"modelVersion":"2020-07-01"}}]}}'
    headers:
      apim-request-id: c1df6002-a87e-4153-ba14-af25a45e81e6
      content-type: application/json; charset=utf-8
      date: Thu, 19 Nov 2020 21:20:00 GMT
      strict-transport-security: max-age=31536000; includeSubDomains; preload
      transfer-encoding: chunked
      x-content-type-options: nosniff
      x-envoy-upstream-service-time: '114'
    status:
      code: 200
      message: OK
    url: https://westus2.api.cognitive.microsoft.com/text/analytics/v3.1-preview.3/analyze/jobs/63735c8f-9ef9-4e8b-ab27-2a20797904fc_637413408000000000
- request:
    body: null
    headers:
      User-Agent:
      - azsdk-python-ai-textanalytics/5.1.0b3 Python/3.8.5 (macOS-10.13.6-x86_64-i386-64bit)
    method: GET
    uri: https://westus2.api.cognitive.microsoft.com/text/analytics/v3.1-preview.3/analyze/jobs/63735c8f-9ef9-4e8b-ab27-2a20797904fc_637413408000000000
  response:
    body:
      string: '{"jobId":"63735c8f-9ef9-4e8b-ab27-2a20797904fc_637413408000000000","lastUpdateDateTime":"2020-11-19T21:19:29Z","createdDateTime":"2020-11-19T21:19:28Z","expirationDateTime":"2020-11-20T21:19:28Z","status":"running","errors":[],"tasks":{"details":{"lastUpdateDateTime":"2020-11-19T21:19:29Z"},"completed":1,"failed":0,"inProgress":2,"total":3,"keyPhraseExtractionTasks":[{"lastUpdateDateTime":"2020-11-19T21:19:29.5180937Z","results":{"inTerminalState":true,"documents":[{"id":"1","keyPhrases":["park"],"warnings":[]},{"id":"2","keyPhrases":["hotel"],"warnings":[]},{"id":"3","keyPhrases":["restaurant","good
        food"],"warnings":[]}],"errors":[],"modelVersion":"2020-07-01"}}]}}'
    headers:
      apim-request-id: 78a7b6d0-184e-4d5c-bedd-a89368f99be5
      content-type: application/json; charset=utf-8
      date: Thu, 19 Nov 2020 21:20:05 GMT
      strict-transport-security: max-age=31536000; includeSubDomains; preload
      transfer-encoding: chunked
      x-content-type-options: nosniff
      x-envoy-upstream-service-time: '101'
    status:
      code: 200
      message: OK
    url: https://westus2.api.cognitive.microsoft.com/text/analytics/v3.1-preview.3/analyze/jobs/63735c8f-9ef9-4e8b-ab27-2a20797904fc_637413408000000000
- request:
    body: null
    headers:
      User-Agent:
      - azsdk-python-ai-textanalytics/5.1.0b3 Python/3.8.5 (macOS-10.13.6-x86_64-i386-64bit)
    method: GET
    uri: https://westus2.api.cognitive.microsoft.com/text/analytics/v3.1-preview.3/analyze/jobs/63735c8f-9ef9-4e8b-ab27-2a20797904fc_637413408000000000
  response:
    body:
      string: '{"jobId":"63735c8f-9ef9-4e8b-ab27-2a20797904fc_637413408000000000","lastUpdateDateTime":"2020-11-19T21:19:29Z","createdDateTime":"2020-11-19T21:19:28Z","expirationDateTime":"2020-11-20T21:19:28Z","status":"running","errors":[],"tasks":{"details":{"lastUpdateDateTime":"2020-11-19T21:19:29Z"},"completed":1,"failed":0,"inProgress":2,"total":3,"keyPhraseExtractionTasks":[{"lastUpdateDateTime":"2020-11-19T21:19:29.5180937Z","results":{"inTerminalState":true,"documents":[{"id":"1","keyPhrases":["park"],"warnings":[]},{"id":"2","keyPhrases":["hotel"],"warnings":[]},{"id":"3","keyPhrases":["restaurant","good
        food"],"warnings":[]}],"errors":[],"modelVersion":"2020-07-01"}}]}}'
    headers:
      apim-request-id: 4f13ca7d-2a66-48ab-a29b-0e64eea7e1f5
      content-type: application/json; charset=utf-8
      date: Thu, 19 Nov 2020 21:20:10 GMT
      strict-transport-security: max-age=31536000; includeSubDomains; preload
      transfer-encoding: chunked
      x-content-type-options: nosniff
      x-envoy-upstream-service-time: '105'
    status:
      code: 200
      message: OK
    url: https://westus2.api.cognitive.microsoft.com/text/analytics/v3.1-preview.3/analyze/jobs/63735c8f-9ef9-4e8b-ab27-2a20797904fc_637413408000000000
- request:
    body: null
    headers:
      User-Agent:
      - azsdk-python-ai-textanalytics/5.1.0b3 Python/3.8.5 (macOS-10.13.6-x86_64-i386-64bit)
    method: GET
    uri: https://westus2.api.cognitive.microsoft.com/text/analytics/v3.1-preview.3/analyze/jobs/63735c8f-9ef9-4e8b-ab27-2a20797904fc_637413408000000000
  response:
    body:
      string: '{"jobId":"63735c8f-9ef9-4e8b-ab27-2a20797904fc_637413408000000000","lastUpdateDateTime":"2020-11-19T21:19:29Z","createdDateTime":"2020-11-19T21:19:28Z","expirationDateTime":"2020-11-20T21:19:28Z","status":"running","errors":[],"tasks":{"details":{"lastUpdateDateTime":"2020-11-19T21:19:29Z"},"completed":1,"failed":0,"inProgress":2,"total":3,"keyPhraseExtractionTasks":[{"lastUpdateDateTime":"2020-11-19T21:19:29.5180937Z","results":{"inTerminalState":true,"documents":[{"id":"1","keyPhrases":["park"],"warnings":[]},{"id":"2","keyPhrases":["hotel"],"warnings":[]},{"id":"3","keyPhrases":["restaurant","good
        food"],"warnings":[]}],"errors":[],"modelVersion":"2020-07-01"}}]}}'
    headers:
      apim-request-id: 479b05ef-36a6-4778-9f7a-c8ee38ec4b1a
      content-type: application/json; charset=utf-8
      date: Thu, 19 Nov 2020 21:20:15 GMT
      strict-transport-security: max-age=31536000; includeSubDomains; preload
      transfer-encoding: chunked
      x-content-type-options: nosniff
      x-envoy-upstream-service-time: '119'
    status:
      code: 200
      message: OK
    url: https://westus2.api.cognitive.microsoft.com/text/analytics/v3.1-preview.3/analyze/jobs/63735c8f-9ef9-4e8b-ab27-2a20797904fc_637413408000000000
- request:
    body: null
    headers:
      User-Agent:
      - azsdk-python-ai-textanalytics/5.1.0b3 Python/3.8.5 (macOS-10.13.6-x86_64-i386-64bit)
    method: GET
    uri: https://westus2.api.cognitive.microsoft.com/text/analytics/v3.1-preview.3/analyze/jobs/63735c8f-9ef9-4e8b-ab27-2a20797904fc_637413408000000000
  response:
    body:
      string: '{"jobId":"63735c8f-9ef9-4e8b-ab27-2a20797904fc_637413408000000000","lastUpdateDateTime":"2020-11-19T21:19:29Z","createdDateTime":"2020-11-19T21:19:28Z","expirationDateTime":"2020-11-20T21:19:28Z","status":"running","errors":[],"tasks":{"details":{"lastUpdateDateTime":"2020-11-19T21:19:29Z"},"completed":1,"failed":0,"inProgress":2,"total":3,"keyPhraseExtractionTasks":[{"lastUpdateDateTime":"2020-11-19T21:19:29.5180937Z","results":{"inTerminalState":true,"documents":[{"id":"1","keyPhrases":["park"],"warnings":[]},{"id":"2","keyPhrases":["hotel"],"warnings":[]},{"id":"3","keyPhrases":["restaurant","good
        food"],"warnings":[]}],"errors":[],"modelVersion":"2020-07-01"}}]}}'
    headers:
      apim-request-id: 396f6a23-b81a-4999-ae24-42bf8f27b7ce
      content-type: application/json; charset=utf-8
      date: Thu, 19 Nov 2020 21:20:20 GMT
      strict-transport-security: max-age=31536000; includeSubDomains; preload
      transfer-encoding: chunked
      x-content-type-options: nosniff
      x-envoy-upstream-service-time: '105'
    status:
      code: 200
      message: OK
    url: https://westus2.api.cognitive.microsoft.com/text/analytics/v3.1-preview.3/analyze/jobs/63735c8f-9ef9-4e8b-ab27-2a20797904fc_637413408000000000
- request:
    body: null
    headers:
      User-Agent:
      - azsdk-python-ai-textanalytics/5.1.0b3 Python/3.8.5 (macOS-10.13.6-x86_64-i386-64bit)
    method: GET
    uri: https://westus2.api.cognitive.microsoft.com/text/analytics/v3.1-preview.3/analyze/jobs/63735c8f-9ef9-4e8b-ab27-2a20797904fc_637413408000000000
  response:
    body:
      string: '{"jobId":"63735c8f-9ef9-4e8b-ab27-2a20797904fc_637413408000000000","lastUpdateDateTime":"2020-11-19T21:19:29Z","createdDateTime":"2020-11-19T21:19:28Z","expirationDateTime":"2020-11-20T21:19:28Z","status":"running","errors":[],"tasks":{"details":{"lastUpdateDateTime":"2020-11-19T21:19:29Z"},"completed":1,"failed":0,"inProgress":2,"total":3,"keyPhraseExtractionTasks":[{"lastUpdateDateTime":"2020-11-19T21:19:29.5180937Z","results":{"inTerminalState":true,"documents":[{"id":"1","keyPhrases":["park"],"warnings":[]},{"id":"2","keyPhrases":["hotel"],"warnings":[]},{"id":"3","keyPhrases":["restaurant","good
        food"],"warnings":[]}],"errors":[],"modelVersion":"2020-07-01"}}]}}'
    headers:
      apim-request-id: 0136ad45-caef-48ce-8218-e7a9d14b1feb
      content-type: application/json; charset=utf-8
      date: Thu, 19 Nov 2020 21:20:26 GMT
      strict-transport-security: max-age=31536000; includeSubDomains; preload
      transfer-encoding: chunked
      x-content-type-options: nosniff
      x-envoy-upstream-service-time: '111'
    status:
      code: 200
      message: OK
    url: https://westus2.api.cognitive.microsoft.com/text/analytics/v3.1-preview.3/analyze/jobs/63735c8f-9ef9-4e8b-ab27-2a20797904fc_637413408000000000
- request:
    body: null
    headers:
      User-Agent:
      - azsdk-python-ai-textanalytics/5.1.0b3 Python/3.8.5 (macOS-10.13.6-x86_64-i386-64bit)
    method: GET
    uri: https://westus2.api.cognitive.microsoft.com/text/analytics/v3.1-preview.3/analyze/jobs/63735c8f-9ef9-4e8b-ab27-2a20797904fc_637413408000000000
  response:
    body:
      string: '{"jobId":"63735c8f-9ef9-4e8b-ab27-2a20797904fc_637413408000000000","lastUpdateDateTime":"2020-11-19T21:19:29Z","createdDateTime":"2020-11-19T21:19:28Z","expirationDateTime":"2020-11-20T21:19:28Z","status":"running","errors":[],"tasks":{"details":{"lastUpdateDateTime":"2020-11-19T21:19:29Z"},"completed":1,"failed":0,"inProgress":2,"total":3,"keyPhraseExtractionTasks":[{"lastUpdateDateTime":"2020-11-19T21:19:29.5180937Z","results":{"inTerminalState":true,"documents":[{"id":"1","keyPhrases":["park"],"warnings":[]},{"id":"2","keyPhrases":["hotel"],"warnings":[]},{"id":"3","keyPhrases":["restaurant","good
        food"],"warnings":[]}],"errors":[],"modelVersion":"2020-07-01"}}]}}'
    headers:
      apim-request-id: 65f25f64-3279-41c8-916d-ef82d103fdaf
      content-type: application/json; charset=utf-8
      date: Thu, 19 Nov 2020 21:20:31 GMT
      strict-transport-security: max-age=31536000; includeSubDomains; preload
      transfer-encoding: chunked
      x-content-type-options: nosniff
      x-envoy-upstream-service-time: '112'
    status:
      code: 200
      message: OK
    url: https://westus2.api.cognitive.microsoft.com/text/analytics/v3.1-preview.3/analyze/jobs/63735c8f-9ef9-4e8b-ab27-2a20797904fc_637413408000000000
- request:
    body: null
    headers:
      User-Agent:
      - azsdk-python-ai-textanalytics/5.1.0b3 Python/3.8.5 (macOS-10.13.6-x86_64-i386-64bit)
    method: GET
    uri: https://westus2.api.cognitive.microsoft.com/text/analytics/v3.1-preview.3/analyze/jobs/63735c8f-9ef9-4e8b-ab27-2a20797904fc_637413408000000000
  response:
    body:
      string: '{"jobId":"63735c8f-9ef9-4e8b-ab27-2a20797904fc_637413408000000000","lastUpdateDateTime":"2020-11-19T21:19:29Z","createdDateTime":"2020-11-19T21:19:28Z","expirationDateTime":"2020-11-20T21:19:28Z","status":"running","errors":[],"tasks":{"details":{"lastUpdateDateTime":"2020-11-19T21:19:29Z"},"completed":1,"failed":0,"inProgress":2,"total":3,"keyPhraseExtractionTasks":[{"lastUpdateDateTime":"2020-11-19T21:19:29.5180937Z","results":{"inTerminalState":true,"documents":[{"id":"1","keyPhrases":["park"],"warnings":[]},{"id":"2","keyPhrases":["hotel"],"warnings":[]},{"id":"3","keyPhrases":["restaurant","good
        food"],"warnings":[]}],"errors":[],"modelVersion":"2020-07-01"}}]}}'
    headers:
      apim-request-id: 57d9bd39-6442-4734-ae98-c7d7a51c184c
      content-type: application/json; charset=utf-8
      date: Thu, 19 Nov 2020 21:20:36 GMT
      strict-transport-security: max-age=31536000; includeSubDomains; preload
      transfer-encoding: chunked
      x-content-type-options: nosniff
      x-envoy-upstream-service-time: '129'
    status:
      code: 200
      message: OK
    url: https://westus2.api.cognitive.microsoft.com/text/analytics/v3.1-preview.3/analyze/jobs/63735c8f-9ef9-4e8b-ab27-2a20797904fc_637413408000000000
- request:
    body: null
    headers:
      User-Agent:
      - azsdk-python-ai-textanalytics/5.1.0b3 Python/3.8.5 (macOS-10.13.6-x86_64-i386-64bit)
    method: GET
    uri: https://westus2.api.cognitive.microsoft.com/text/analytics/v3.1-preview.3/analyze/jobs/63735c8f-9ef9-4e8b-ab27-2a20797904fc_637413408000000000
  response:
    body:
      string: '{"jobId":"63735c8f-9ef9-4e8b-ab27-2a20797904fc_637413408000000000","lastUpdateDateTime":"2020-11-19T21:19:29Z","createdDateTime":"2020-11-19T21:19:28Z","expirationDateTime":"2020-11-20T21:19:28Z","status":"running","errors":[],"tasks":{"details":{"lastUpdateDateTime":"2020-11-19T21:19:29Z"},"completed":2,"failed":0,"inProgress":1,"total":3,"entityRecognitionTasks":[{"lastUpdateDateTime":"2020-11-19T21:19:29.5180937Z","results":{"inTerminalState":true,"documents":[{"id":"1","entities":[{"text":"park","category":"Location","offset":17,"length":4,"confidenceScore":0.83}],"warnings":[]},{"id":"2","entities":[{"text":"hotel","category":"Location","offset":19,"length":5,"confidenceScore":0.76}],"warnings":[]},{"id":"3","entities":[{"text":"restaurant","category":"Location","subcategory":"Structural","offset":4,"length":10,"confidenceScore":0.7}],"warnings":[]}],"errors":[],"modelVersion":"2020-04-01"}}],"keyPhraseExtractionTasks":[{"lastUpdateDateTime":"2020-11-19T21:19:29.5180937Z","results":{"inTerminalState":true,"documents":[{"id":"1","keyPhrases":["park"],"warnings":[]},{"id":"2","keyPhrases":["hotel"],"warnings":[]},{"id":"3","keyPhrases":["restaurant","good
        food"],"warnings":[]}],"errors":[],"modelVersion":"2020-07-01"}}]}}'
    headers:
      apim-request-id: 273c3b69-196c-43f4-823f-03993719549e
      content-type: application/json; charset=utf-8
      date: Thu, 19 Nov 2020 21:20:42 GMT
      strict-transport-security: max-age=31536000; includeSubDomains; preload
      transfer-encoding: chunked
      x-content-type-options: nosniff
      x-envoy-upstream-service-time: '207'
    status:
      code: 200
      message: OK
    url: https://westus2.api.cognitive.microsoft.com/text/analytics/v3.1-preview.3/analyze/jobs/63735c8f-9ef9-4e8b-ab27-2a20797904fc_637413408000000000
- request:
    body: null
    headers:
      User-Agent:
      - azsdk-python-ai-textanalytics/5.1.0b3 Python/3.8.5 (macOS-10.13.6-x86_64-i386-64bit)
    method: GET
    uri: https://westus2.api.cognitive.microsoft.com/text/analytics/v3.1-preview.3/analyze/jobs/63735c8f-9ef9-4e8b-ab27-2a20797904fc_637413408000000000
  response:
    body:
      string: '{"jobId":"63735c8f-9ef9-4e8b-ab27-2a20797904fc_637413408000000000","lastUpdateDateTime":"2020-11-19T21:19:29Z","createdDateTime":"2020-11-19T21:19:28Z","expirationDateTime":"2020-11-20T21:19:28Z","status":"running","errors":[],"tasks":{"details":{"lastUpdateDateTime":"2020-11-19T21:19:29Z"},"completed":2,"failed":0,"inProgress":1,"total":3,"entityRecognitionTasks":[{"lastUpdateDateTime":"2020-11-19T21:19:29.5180937Z","results":{"inTerminalState":true,"documents":[{"id":"1","entities":[{"text":"park","category":"Location","offset":17,"length":4,"confidenceScore":0.83}],"warnings":[]},{"id":"2","entities":[{"text":"hotel","category":"Location","offset":19,"length":5,"confidenceScore":0.76}],"warnings":[]},{"id":"3","entities":[{"text":"restaurant","category":"Location","subcategory":"Structural","offset":4,"length":10,"confidenceScore":0.7}],"warnings":[]}],"errors":[],"modelVersion":"2020-04-01"}}],"keyPhraseExtractionTasks":[{"lastUpdateDateTime":"2020-11-19T21:19:29.5180937Z","results":{"inTerminalState":true,"documents":[{"id":"1","keyPhrases":["park"],"warnings":[]},{"id":"2","keyPhrases":["hotel"],"warnings":[]},{"id":"3","keyPhrases":["restaurant","good
        food"],"warnings":[]}],"errors":[],"modelVersion":"2020-07-01"}}]}}'
    headers:
      apim-request-id: a18366d9-1198-4fd6-8fde-7760478e4ab0
      content-type: application/json; charset=utf-8
      date: Thu, 19 Nov 2020 21:20:47 GMT
      strict-transport-security: max-age=31536000; includeSubDomains; preload
      transfer-encoding: chunked
      x-content-type-options: nosniff
      x-envoy-upstream-service-time: '139'
    status:
      code: 200
      message: OK
    url: https://westus2.api.cognitive.microsoft.com/text/analytics/v3.1-preview.3/analyze/jobs/63735c8f-9ef9-4e8b-ab27-2a20797904fc_637413408000000000
- request:
    body: null
    headers:
      User-Agent:
      - azsdk-python-ai-textanalytics/5.1.0b3 Python/3.8.5 (macOS-10.13.6-x86_64-i386-64bit)
    method: GET
    uri: https://westus2.api.cognitive.microsoft.com/text/analytics/v3.1-preview.3/analyze/jobs/63735c8f-9ef9-4e8b-ab27-2a20797904fc_637413408000000000
  response:
    body:
      string: '{"jobId":"63735c8f-9ef9-4e8b-ab27-2a20797904fc_637413408000000000","lastUpdateDateTime":"2020-11-19T21:19:29Z","createdDateTime":"2020-11-19T21:19:28Z","expirationDateTime":"2020-11-20T21:19:28Z","status":"running","errors":[],"tasks":{"details":{"lastUpdateDateTime":"2020-11-19T21:19:29Z"},"completed":2,"failed":0,"inProgress":1,"total":3,"entityRecognitionTasks":[{"lastUpdateDateTime":"2020-11-19T21:19:29.5180937Z","results":{"inTerminalState":true,"documents":[{"id":"1","entities":[{"text":"park","category":"Location","offset":17,"length":4,"confidenceScore":0.83}],"warnings":[]},{"id":"2","entities":[{"text":"hotel","category":"Location","offset":19,"length":5,"confidenceScore":0.76}],"warnings":[]},{"id":"3","entities":[{"text":"restaurant","category":"Location","subcategory":"Structural","offset":4,"length":10,"confidenceScore":0.7}],"warnings":[]}],"errors":[],"modelVersion":"2020-04-01"}}],"keyPhraseExtractionTasks":[{"lastUpdateDateTime":"2020-11-19T21:19:29.5180937Z","results":{"inTerminalState":true,"documents":[{"id":"1","keyPhrases":["park"],"warnings":[]},{"id":"2","keyPhrases":["hotel"],"warnings":[]},{"id":"3","keyPhrases":["restaurant","good
        food"],"warnings":[]}],"errors":[],"modelVersion":"2020-07-01"}}]}}'
    headers:
      apim-request-id: 79b667cd-0805-41d9-a1ac-c22683dfd58e
      content-type: application/json; charset=utf-8
      date: Thu, 19 Nov 2020 21:20:52 GMT
      strict-transport-security: max-age=31536000; includeSubDomains; preload
      transfer-encoding: chunked
      x-content-type-options: nosniff
      x-envoy-upstream-service-time: '144'
    status:
      code: 200
      message: OK
    url: https://westus2.api.cognitive.microsoft.com/text/analytics/v3.1-preview.3/analyze/jobs/63735c8f-9ef9-4e8b-ab27-2a20797904fc_637413408000000000
- request:
    body: null
    headers:
      User-Agent:
      - azsdk-python-ai-textanalytics/5.1.0b3 Python/3.8.5 (macOS-10.13.6-x86_64-i386-64bit)
    method: GET
    uri: https://westus2.api.cognitive.microsoft.com/text/analytics/v3.1-preview.3/analyze/jobs/63735c8f-9ef9-4e8b-ab27-2a20797904fc_637413408000000000
  response:
    body:
      string: '{"jobId":"63735c8f-9ef9-4e8b-ab27-2a20797904fc_637413408000000000","lastUpdateDateTime":"2020-11-19T21:19:29Z","createdDateTime":"2020-11-19T21:19:28Z","expirationDateTime":"2020-11-20T21:19:28Z","status":"running","errors":[],"tasks":{"details":{"lastUpdateDateTime":"2020-11-19T21:19:29Z"},"completed":2,"failed":0,"inProgress":1,"total":3,"entityRecognitionTasks":[{"lastUpdateDateTime":"2020-11-19T21:19:29.5180937Z","results":{"inTerminalState":true,"documents":[{"id":"1","entities":[{"text":"park","category":"Location","offset":17,"length":4,"confidenceScore":0.83}],"warnings":[]},{"id":"2","entities":[{"text":"hotel","category":"Location","offset":19,"length":5,"confidenceScore":0.76}],"warnings":[]},{"id":"3","entities":[{"text":"restaurant","category":"Location","subcategory":"Structural","offset":4,"length":10,"confidenceScore":0.7}],"warnings":[]}],"errors":[],"modelVersion":"2020-04-01"}}],"keyPhraseExtractionTasks":[{"lastUpdateDateTime":"2020-11-19T21:19:29.5180937Z","results":{"inTerminalState":true,"documents":[{"id":"1","keyPhrases":["park"],"warnings":[]},{"id":"2","keyPhrases":["hotel"],"warnings":[]},{"id":"3","keyPhrases":["restaurant","good
        food"],"warnings":[]}],"errors":[],"modelVersion":"2020-07-01"}}]}}'
    headers:
      apim-request-id: f7f57138-c46a-4de8-905c-0017669f9476
      content-type: application/json; charset=utf-8
      date: Thu, 19 Nov 2020 21:20:57 GMT
      strict-transport-security: max-age=31536000; includeSubDomains; preload
      transfer-encoding: chunked
      x-content-type-options: nosniff
      x-envoy-upstream-service-time: '140'
    status:
      code: 200
      message: OK
    url: https://westus2.api.cognitive.microsoft.com/text/analytics/v3.1-preview.3/analyze/jobs/63735c8f-9ef9-4e8b-ab27-2a20797904fc_637413408000000000
- request:
    body: null
    headers:
      User-Agent:
      - azsdk-python-ai-textanalytics/5.1.0b3 Python/3.8.5 (macOS-10.13.6-x86_64-i386-64bit)
    method: GET
    uri: https://westus2.api.cognitive.microsoft.com/text/analytics/v3.1-preview.3/analyze/jobs/63735c8f-9ef9-4e8b-ab27-2a20797904fc_637413408000000000
  response:
    body:
      string: '{"jobId":"63735c8f-9ef9-4e8b-ab27-2a20797904fc_637413408000000000","lastUpdateDateTime":"2020-11-19T21:19:29Z","createdDateTime":"2020-11-19T21:19:28Z","expirationDateTime":"2020-11-20T21:19:28Z","status":"running","errors":[],"tasks":{"details":{"lastUpdateDateTime":"2020-11-19T21:19:29Z"},"completed":2,"failed":0,"inProgress":1,"total":3,"entityRecognitionTasks":[{"lastUpdateDateTime":"2020-11-19T21:19:29.5180937Z","results":{"inTerminalState":true,"documents":[{"id":"1","entities":[{"text":"park","category":"Location","offset":17,"length":4,"confidenceScore":0.83}],"warnings":[]},{"id":"2","entities":[{"text":"hotel","category":"Location","offset":19,"length":5,"confidenceScore":0.76}],"warnings":[]},{"id":"3","entities":[{"text":"restaurant","category":"Location","subcategory":"Structural","offset":4,"length":10,"confidenceScore":0.7}],"warnings":[]}],"errors":[],"modelVersion":"2020-04-01"}}],"keyPhraseExtractionTasks":[{"lastUpdateDateTime":"2020-11-19T21:19:29.5180937Z","results":{"inTerminalState":true,"documents":[{"id":"1","keyPhrases":["park"],"warnings":[]},{"id":"2","keyPhrases":["hotel"],"warnings":[]},{"id":"3","keyPhrases":["restaurant","good
        food"],"warnings":[]}],"errors":[],"modelVersion":"2020-07-01"}}]}}'
    headers:
      apim-request-id: afbb3485-91e6-40fc-9a0f-2001e58aea3f
      content-type: application/json; charset=utf-8
      date: Thu, 19 Nov 2020 21:21:03 GMT
      strict-transport-security: max-age=31536000; includeSubDomains; preload
      transfer-encoding: chunked
      x-content-type-options: nosniff
      x-envoy-upstream-service-time: '179'
    status:
      code: 200
      message: OK
    url: https://westus2.api.cognitive.microsoft.com/text/analytics/v3.1-preview.3/analyze/jobs/63735c8f-9ef9-4e8b-ab27-2a20797904fc_637413408000000000
- request:
    body: null
    headers:
      User-Agent:
      - azsdk-python-ai-textanalytics/5.1.0b3 Python/3.8.5 (macOS-10.13.6-x86_64-i386-64bit)
    method: GET
    uri: https://westus2.api.cognitive.microsoft.com/text/analytics/v3.1-preview.3/analyze/jobs/63735c8f-9ef9-4e8b-ab27-2a20797904fc_637413408000000000
  response:
    body:
      string: '{"jobId":"63735c8f-9ef9-4e8b-ab27-2a20797904fc_637413408000000000","lastUpdateDateTime":"2020-11-19T21:19:29Z","createdDateTime":"2020-11-19T21:19:28Z","expirationDateTime":"2020-11-20T21:19:28Z","status":"running","errors":[],"tasks":{"details":{"lastUpdateDateTime":"2020-11-19T21:19:29Z"},"completed":2,"failed":0,"inProgress":1,"total":3,"entityRecognitionTasks":[{"lastUpdateDateTime":"2020-11-19T21:19:29.5180937Z","results":{"inTerminalState":true,"documents":[{"id":"1","entities":[{"text":"park","category":"Location","offset":17,"length":4,"confidenceScore":0.83}],"warnings":[]},{"id":"2","entities":[{"text":"hotel","category":"Location","offset":19,"length":5,"confidenceScore":0.76}],"warnings":[]},{"id":"3","entities":[{"text":"restaurant","category":"Location","subcategory":"Structural","offset":4,"length":10,"confidenceScore":0.7}],"warnings":[]}],"errors":[],"modelVersion":"2020-04-01"}}],"keyPhraseExtractionTasks":[{"lastUpdateDateTime":"2020-11-19T21:19:29.5180937Z","results":{"inTerminalState":true,"documents":[{"id":"1","keyPhrases":["park"],"warnings":[]},{"id":"2","keyPhrases":["hotel"],"warnings":[]},{"id":"3","keyPhrases":["restaurant","good
        food"],"warnings":[]}],"errors":[],"modelVersion":"2020-07-01"}}]}}'
    headers:
      apim-request-id: 805f299b-1dd8-4d7a-b19b-37c6636ff446
      content-type: application/json; charset=utf-8
      date: Thu, 19 Nov 2020 21:21:08 GMT
      strict-transport-security: max-age=31536000; includeSubDomains; preload
      transfer-encoding: chunked
      x-content-type-options: nosniff
      x-envoy-upstream-service-time: '141'
    status:
      code: 200
      message: OK
    url: https://westus2.api.cognitive.microsoft.com/text/analytics/v3.1-preview.3/analyze/jobs/63735c8f-9ef9-4e8b-ab27-2a20797904fc_637413408000000000
- request:
    body: null
    headers:
      User-Agent:
      - azsdk-python-ai-textanalytics/5.1.0b3 Python/3.8.5 (macOS-10.13.6-x86_64-i386-64bit)
    method: GET
    uri: https://westus2.api.cognitive.microsoft.com/text/analytics/v3.1-preview.3/analyze/jobs/63735c8f-9ef9-4e8b-ab27-2a20797904fc_637413408000000000
  response:
    body:
      string: '{"jobId":"63735c8f-9ef9-4e8b-ab27-2a20797904fc_637413408000000000","lastUpdateDateTime":"2020-11-19T21:19:29Z","createdDateTime":"2020-11-19T21:19:28Z","expirationDateTime":"2020-11-20T21:19:28Z","status":"running","errors":[],"tasks":{"details":{"lastUpdateDateTime":"2020-11-19T21:19:29Z"},"completed":2,"failed":0,"inProgress":1,"total":3,"entityRecognitionTasks":[{"lastUpdateDateTime":"2020-11-19T21:19:29.5180937Z","results":{"inTerminalState":true,"documents":[{"id":"1","entities":[{"text":"park","category":"Location","offset":17,"length":4,"confidenceScore":0.83}],"warnings":[]},{"id":"2","entities":[{"text":"hotel","category":"Location","offset":19,"length":5,"confidenceScore":0.76}],"warnings":[]},{"id":"3","entities":[{"text":"restaurant","category":"Location","subcategory":"Structural","offset":4,"length":10,"confidenceScore":0.7}],"warnings":[]}],"errors":[],"modelVersion":"2020-04-01"}}],"keyPhraseExtractionTasks":[{"lastUpdateDateTime":"2020-11-19T21:19:29.5180937Z","results":{"inTerminalState":true,"documents":[{"id":"1","keyPhrases":["park"],"warnings":[]},{"id":"2","keyPhrases":["hotel"],"warnings":[]},{"id":"3","keyPhrases":["restaurant","good
        food"],"warnings":[]}],"errors":[],"modelVersion":"2020-07-01"}}]}}'
    headers:
      apim-request-id: 1d11b8f8-e7ff-4401-afea-07e91e2832be
      content-type: application/json; charset=utf-8
      date: Thu, 19 Nov 2020 21:21:13 GMT
      strict-transport-security: max-age=31536000; includeSubDomains; preload
      transfer-encoding: chunked
      x-content-type-options: nosniff
      x-envoy-upstream-service-time: '141'
    status:
      code: 200
      message: OK
    url: https://westus2.api.cognitive.microsoft.com/text/analytics/v3.1-preview.3/analyze/jobs/63735c8f-9ef9-4e8b-ab27-2a20797904fc_637413408000000000
- request:
    body: null
    headers:
      User-Agent:
      - azsdk-python-ai-textanalytics/5.1.0b3 Python/3.8.5 (macOS-10.13.6-x86_64-i386-64bit)
    method: GET
    uri: https://westus2.api.cognitive.microsoft.com/text/analytics/v3.1-preview.3/analyze/jobs/63735c8f-9ef9-4e8b-ab27-2a20797904fc_637413408000000000
  response:
    body:
      string: '{"jobId":"63735c8f-9ef9-4e8b-ab27-2a20797904fc_637413408000000000","lastUpdateDateTime":"2020-11-19T21:19:29Z","createdDateTime":"2020-11-19T21:19:28Z","expirationDateTime":"2020-11-20T21:19:28Z","status":"running","errors":[],"tasks":{"details":{"lastUpdateDateTime":"2020-11-19T21:19:29Z"},"completed":2,"failed":0,"inProgress":1,"total":3,"entityRecognitionTasks":[{"lastUpdateDateTime":"2020-11-19T21:19:29.5180937Z","results":{"inTerminalState":true,"documents":[{"id":"1","entities":[{"text":"park","category":"Location","offset":17,"length":4,"confidenceScore":0.83}],"warnings":[]},{"id":"2","entities":[{"text":"hotel","category":"Location","offset":19,"length":5,"confidenceScore":0.76}],"warnings":[]},{"id":"3","entities":[{"text":"restaurant","category":"Location","subcategory":"Structural","offset":4,"length":10,"confidenceScore":0.7}],"warnings":[]}],"errors":[],"modelVersion":"2020-04-01"}}],"keyPhraseExtractionTasks":[{"lastUpdateDateTime":"2020-11-19T21:19:29.5180937Z","results":{"inTerminalState":true,"documents":[{"id":"1","keyPhrases":["park"],"warnings":[]},{"id":"2","keyPhrases":["hotel"],"warnings":[]},{"id":"3","keyPhrases":["restaurant","good
        food"],"warnings":[]}],"errors":[],"modelVersion":"2020-07-01"}}]}}'
    headers:
      apim-request-id: b63936f6-a0da-46e4-bd43-c92ab490c7d2
      content-type: application/json; charset=utf-8
      date: Thu, 19 Nov 2020 21:21:18 GMT
      strict-transport-security: max-age=31536000; includeSubDomains; preload
      transfer-encoding: chunked
      x-content-type-options: nosniff
      x-envoy-upstream-service-time: '138'
    status:
      code: 200
      message: OK
    url: https://westus2.api.cognitive.microsoft.com/text/analytics/v3.1-preview.3/analyze/jobs/63735c8f-9ef9-4e8b-ab27-2a20797904fc_637413408000000000
- request:
    body: null
    headers:
      User-Agent:
      - azsdk-python-ai-textanalytics/5.1.0b3 Python/3.8.5 (macOS-10.13.6-x86_64-i386-64bit)
    method: GET
    uri: https://westus2.api.cognitive.microsoft.com/text/analytics/v3.1-preview.3/analyze/jobs/63735c8f-9ef9-4e8b-ab27-2a20797904fc_637413408000000000
  response:
    body:
      string: '{"jobId":"63735c8f-9ef9-4e8b-ab27-2a20797904fc_637413408000000000","lastUpdateDateTime":"2020-11-19T21:19:29Z","createdDateTime":"2020-11-19T21:19:28Z","expirationDateTime":"2020-11-20T21:19:28Z","status":"running","errors":[],"tasks":{"details":{"lastUpdateDateTime":"2020-11-19T21:19:29Z"},"completed":2,"failed":0,"inProgress":1,"total":3,"entityRecognitionTasks":[{"lastUpdateDateTime":"2020-11-19T21:19:29.5180937Z","results":{"inTerminalState":true,"documents":[{"id":"1","entities":[{"text":"park","category":"Location","offset":17,"length":4,"confidenceScore":0.83}],"warnings":[]},{"id":"2","entities":[{"text":"hotel","category":"Location","offset":19,"length":5,"confidenceScore":0.76}],"warnings":[]},{"id":"3","entities":[{"text":"restaurant","category":"Location","subcategory":"Structural","offset":4,"length":10,"confidenceScore":0.7}],"warnings":[]}],"errors":[],"modelVersion":"2020-04-01"}}],"keyPhraseExtractionTasks":[{"lastUpdateDateTime":"2020-11-19T21:19:29.5180937Z","results":{"inTerminalState":true,"documents":[{"id":"1","keyPhrases":["park"],"warnings":[]},{"id":"2","keyPhrases":["hotel"],"warnings":[]},{"id":"3","keyPhrases":["restaurant","good
        food"],"warnings":[]}],"errors":[],"modelVersion":"2020-07-01"}}]}}'
    headers:
      apim-request-id: 474e1251-6eb4-4b6a-896d-8eca2ac37eb2
      content-type: application/json; charset=utf-8
      date: Thu, 19 Nov 2020 21:21:23 GMT
      strict-transport-security: max-age=31536000; includeSubDomains; preload
      transfer-encoding: chunked
      x-content-type-options: nosniff
      x-envoy-upstream-service-time: '159'
    status:
      code: 200
      message: OK
    url: https://westus2.api.cognitive.microsoft.com/text/analytics/v3.1-preview.3/analyze/jobs/63735c8f-9ef9-4e8b-ab27-2a20797904fc_637413408000000000
- request:
    body: null
    headers:
      User-Agent:
      - azsdk-python-ai-textanalytics/5.1.0b3 Python/3.8.5 (macOS-10.13.6-x86_64-i386-64bit)
    method: GET
    uri: https://westus2.api.cognitive.microsoft.com/text/analytics/v3.1-preview.3/analyze/jobs/63735c8f-9ef9-4e8b-ab27-2a20797904fc_637413408000000000
  response:
    body:
      string: '{"jobId":"63735c8f-9ef9-4e8b-ab27-2a20797904fc_637413408000000000","lastUpdateDateTime":"2020-11-19T21:19:29Z","createdDateTime":"2020-11-19T21:19:28Z","expirationDateTime":"2020-11-20T21:19:28Z","status":"running","errors":[],"tasks":{"details":{"lastUpdateDateTime":"2020-11-19T21:19:29Z"},"completed":2,"failed":0,"inProgress":1,"total":3,"entityRecognitionTasks":[{"lastUpdateDateTime":"2020-11-19T21:19:29.5180937Z","results":{"inTerminalState":true,"documents":[{"id":"1","entities":[{"text":"park","category":"Location","offset":17,"length":4,"confidenceScore":0.83}],"warnings":[]},{"id":"2","entities":[{"text":"hotel","category":"Location","offset":19,"length":5,"confidenceScore":0.76}],"warnings":[]},{"id":"3","entities":[{"text":"restaurant","category":"Location","subcategory":"Structural","offset":4,"length":10,"confidenceScore":0.7}],"warnings":[]}],"errors":[],"modelVersion":"2020-04-01"}}],"keyPhraseExtractionTasks":[{"lastUpdateDateTime":"2020-11-19T21:19:29.5180937Z","results":{"inTerminalState":true,"documents":[{"id":"1","keyPhrases":["park"],"warnings":[]},{"id":"2","keyPhrases":["hotel"],"warnings":[]},{"id":"3","keyPhrases":["restaurant","good
        food"],"warnings":[]}],"errors":[],"modelVersion":"2020-07-01"}}]}}'
    headers:
      apim-request-id: 870404e9-aa0e-4392-82ea-98a752f6d132
      content-type: application/json; charset=utf-8
      date: Thu, 19 Nov 2020 21:21:28 GMT
      strict-transport-security: max-age=31536000; includeSubDomains; preload
      transfer-encoding: chunked
      x-content-type-options: nosniff
      x-envoy-upstream-service-time: '157'
    status:
      code: 200
      message: OK
    url: https://westus2.api.cognitive.microsoft.com/text/analytics/v3.1-preview.3/analyze/jobs/63735c8f-9ef9-4e8b-ab27-2a20797904fc_637413408000000000
- request:
    body: null
    headers:
      User-Agent:
      - azsdk-python-ai-textanalytics/5.1.0b3 Python/3.8.5 (macOS-10.13.6-x86_64-i386-64bit)
    method: GET
    uri: https://westus2.api.cognitive.microsoft.com/text/analytics/v3.1-preview.3/analyze/jobs/63735c8f-9ef9-4e8b-ab27-2a20797904fc_637413408000000000
  response:
    body:
      string: '{"jobId":"63735c8f-9ef9-4e8b-ab27-2a20797904fc_637413408000000000","lastUpdateDateTime":"2020-11-19T21:19:29Z","createdDateTime":"2020-11-19T21:19:28Z","expirationDateTime":"2020-11-20T21:19:28Z","status":"running","errors":[],"tasks":{"details":{"lastUpdateDateTime":"2020-11-19T21:19:29Z"},"completed":2,"failed":0,"inProgress":1,"total":3,"entityRecognitionTasks":[{"lastUpdateDateTime":"2020-11-19T21:19:29.5180937Z","results":{"inTerminalState":true,"documents":[{"id":"1","entities":[{"text":"park","category":"Location","offset":17,"length":4,"confidenceScore":0.83}],"warnings":[]},{"id":"2","entities":[{"text":"hotel","category":"Location","offset":19,"length":5,"confidenceScore":0.76}],"warnings":[]},{"id":"3","entities":[{"text":"restaurant","category":"Location","subcategory":"Structural","offset":4,"length":10,"confidenceScore":0.7}],"warnings":[]}],"errors":[],"modelVersion":"2020-04-01"}}],"keyPhraseExtractionTasks":[{"lastUpdateDateTime":"2020-11-19T21:19:29.5180937Z","results":{"inTerminalState":true,"documents":[{"id":"1","keyPhrases":["park"],"warnings":[]},{"id":"2","keyPhrases":["hotel"],"warnings":[]},{"id":"3","keyPhrases":["restaurant","good
        food"],"warnings":[]}],"errors":[],"modelVersion":"2020-07-01"}}]}}'
    headers:
      apim-request-id: cdcd53ae-c8d3-4dc0-8dd0-d627b7e3bf5d
      content-type: application/json; charset=utf-8
      date: Thu, 19 Nov 2020 21:21:34 GMT
      strict-transport-security: max-age=31536000; includeSubDomains; preload
      transfer-encoding: chunked
      x-content-type-options: nosniff
      x-envoy-upstream-service-time: '149'
    status:
      code: 200
      message: OK
    url: https://westus2.api.cognitive.microsoft.com/text/analytics/v3.1-preview.3/analyze/jobs/63735c8f-9ef9-4e8b-ab27-2a20797904fc_637413408000000000
- request:
    body: null
    headers:
      User-Agent:
      - azsdk-python-ai-textanalytics/5.1.0b3 Python/3.8.5 (macOS-10.13.6-x86_64-i386-64bit)
    method: GET
    uri: https://westus2.api.cognitive.microsoft.com/text/analytics/v3.1-preview.3/analyze/jobs/63735c8f-9ef9-4e8b-ab27-2a20797904fc_637413408000000000
  response:
    body:
      string: '{"jobId":"63735c8f-9ef9-4e8b-ab27-2a20797904fc_637413408000000000","lastUpdateDateTime":"2020-11-19T21:19:29Z","createdDateTime":"2020-11-19T21:19:28Z","expirationDateTime":"2020-11-20T21:19:28Z","status":"succeeded","errors":[],"tasks":{"details":{"lastUpdateDateTime":"2020-11-19T21:19:29Z"},"completed":3,"failed":0,"inProgress":0,"total":3,"entityRecognitionTasks":[{"lastUpdateDateTime":"2020-11-19T21:19:29.5180937Z","results":{"inTerminalState":true,"documents":[{"id":"1","entities":[{"text":"park","category":"Location","offset":17,"length":4,"confidenceScore":0.83}],"warnings":[]},{"id":"2","entities":[{"text":"hotel","category":"Location","offset":19,"length":5,"confidenceScore":0.76}],"warnings":[]},{"id":"3","entities":[{"text":"restaurant","category":"Location","subcategory":"Structural","offset":4,"length":10,"confidenceScore":0.7}],"warnings":[]}],"errors":[],"modelVersion":"2020-04-01"}}],"entityRecognitionPiiTasks":[{"lastUpdateDateTime":"2020-11-19T21:19:29.5180937Z","results":{"inTerminalState":true,"documents":[{"redactedText":"I
        will go to the park.","id":"1","entities":[],"warnings":[]},{"redactedText":"I
        did not like the hotel we stayed at.","id":"2","entities":[],"warnings":[]},{"redactedText":"The
        restaurant had really good food.","id":"3","entities":[],"warnings":[]}],"errors":[],"modelVersion":"2020-07-01"}}],"keyPhraseExtractionTasks":[{"lastUpdateDateTime":"2020-11-19T21:19:29.5180937Z","results":{"inTerminalState":true,"documents":[{"id":"1","keyPhrases":["park"],"warnings":[]},{"id":"2","keyPhrases":["hotel"],"warnings":[]},{"id":"3","keyPhrases":["restaurant","good
        food"],"warnings":[]}],"errors":[],"modelVersion":"2020-07-01"}}]}}'
    headers:
      apim-request-id: 1b9474a1-06b5-47f4-838e-8a818d3c72b9
      content-type: application/json; charset=utf-8
      date: Thu, 19 Nov 2020 21:21:40 GMT
      strict-transport-security: max-age=31536000; includeSubDomains; preload
      transfer-encoding: chunked
      x-content-type-options: nosniff
      x-envoy-upstream-service-time: '197'
    status:
      code: 200
      message: OK
    url: https://westus2.api.cognitive.microsoft.com/text/analytics/v3.1-preview.3/analyze/jobs/63735c8f-9ef9-4e8b-ab27-2a20797904fc_637413408000000000
version: 1
