interactions:
- request:
    body: '{"tasks": {"entityRecognitionTasks": [{"parameters": {"model-version":
      "latest", "loggingOptOut": true, "stringIndexType": "UnicodeCodePoint"}, "taskName":
      "0"}], "entityRecognitionPiiTasks": [{"parameters": {"model-version": "latest",
      "loggingOptOut": true, "stringIndexType": "UnicodeCodePoint"}, "taskName": "2"}],
      "keyPhraseExtractionTasks": [{"parameters": {"model-version": "latest", "loggingOptOut":
      true}, "taskName": "1"}], "entityLinkingTasks": [{"parameters": {"model-version":
      "latest", "loggingOptOut": true, "stringIndexType": "UnicodeCodePoint"}, "taskName":
      "3"}], "sentimentAnalysisTasks": [{"parameters": {"model-version": "latest",
      "loggingOptOut": true, "opinionMining": false}, "taskName": "4"}], "extractiveSummarizationTasks":
      [{"parameters": {"model-version": "latest", "loggingOptOut": true, "stringIndexType":
      "UnicodeCodePoint", "sentenceCount": 3, "sortBy": "Offset"}, "taskName": "5"}],
      "customEntityRecognitionTasks": [{"parameters": {"project-name": "textanalytics_custom_entities_project_name",
      "deployment-name": "textanalytics_custom_entities_project_name", "loggingOptOut":
      true}, "taskName": "8"}], "customSingleClassificationTasks": [{"parameters":
      {"project-name": "single_category_classify_project_name", "deployment-name":
      "single_category_classify_project_name", "loggingOptOut": true}, "taskName":
      "6"}], "customMultiClassificationTasks": [{"parameters": {"project-name": "textanalytics_multi_category_classify_project_name",
      "deployment-name": "textanalytics_multi_category_classify_project_name", "loggingOptOut":
      true}, "taskName": "7"}]}, "analysisInput": {"documents": [{"id": "0", "text":
      "Test for logging disable", "language": "en"}]}}'
    headers:
      Accept:
      - application/json, text/json
      Content-Length:
      - '1643'
      Content-Type:
      - application/json
      User-Agent:
      - azsdk-python-ai-textanalytics/5.2.0b2 Python/3.9.0 (Windows-10-10.0.19041-SP0)
    method: POST
    uri: https://westus2.api.cognitive.microsoft.com/text/analytics/v3.2-preview.2/analyze
  response:
    body:
      string: ''
    headers:
      apim-request-id: 297233d4-d297-4547-b66f-3d9bd6633c5e
      date: Thu, 07 Oct 2021 23:47:02 GMT
      operation-location: https://westus2.api.cognitive.microsoft.com/text/analytics/v3.2-preview.2/analyze/jobs/40f91a74-081e-4707-b099-b8ec5f9e3d9a
      strict-transport-security: max-age=31536000; includeSubDomains; preload
      transfer-encoding: chunked
      x-content-type-options: nosniff
      x-envoy-upstream-service-time: '1497'
    status:
      code: 202
      message: Accepted
    url: https://javatextanalyticstestresources.cognitiveservices.azure.com//text/analytics/v3.2-preview.2/analyze
- request:
    body: null
    headers:
      User-Agent:
      - azsdk-python-ai-textanalytics/5.2.0b2 Python/3.9.0 (Windows-10-10.0.19041-SP0)
    method: GET
    uri: https://westus2.api.cognitive.microsoft.com/text/analytics/v3.2-preview.2/analyze/jobs/40f91a74-081e-4707-b099-b8ec5f9e3d9a
  response:
    body:
      string: '{ "error": { "code": "Timeout", "message": "The operation was timeout."
        } }'
    headers:
      apim-request-id: ea311519-5341-464c-a2ef-4acdd7ea6bd6
      content-length: '75'
      content-type: application/json
      date: Thu, 07 Oct 2021 23:49:07 GMT
      strict-transport-security: max-age=31536000; includeSubDomains; preload
      x-content-type-options: nosniff
    status:
      code: 408
      message: Timeout
    url: https://javatextanalyticstestresources.cognitiveservices.azure.com/text/analytics/v3.2-preview.2/analyze/jobs/40f91a74-081e-4707-b099-b8ec5f9e3d9a
- request:
    body: null
    headers:
      User-Agent:
      - azsdk-python-ai-textanalytics/5.2.0b2 Python/3.9.0 (Windows-10-10.0.19041-SP0)
    method: GET
    uri: https://westus2.api.cognitive.microsoft.com/text/analytics/v3.2-preview.2/analyze/jobs/40f91a74-081e-4707-b099-b8ec5f9e3d9a
  response:
    body:
      string: '{"jobId":"40f91a74-081e-4707-b099-b8ec5f9e3d9a","lastUpdateDateTime":"2021-10-07T23:47:40Z","createdDateTime":"2021-10-07T23:47:02Z","expirationDateTime":"2021-10-08T23:47:02Z","status":"partiallyCompleted","errors":[{"code":"InternalServerError","message":"1
        out of 9 job tasks failed. Failed job tasks : v3.2-preview.2/custom/classification/singlelabel."}],"displayName":"NA","tasks":{"completed":8,"failed":1,"inProgress":0,"total":9,"entityRecognitionTasks":[{"lastUpdateDateTime":"2021-10-07T23:47:16.4105713Z","taskName":"0","state":"succeeded","results":{"documents":[{"id":"0","entities":[{"text":"logging","category":"Skill","offset":9,"length":7,"confidenceScore":0.61}],"warnings":[]}],"errors":[],"modelVersion":"2021-06-01"}}],"entityLinkingTasks":[{"lastUpdateDateTime":"2021-10-07T23:47:10.2024096Z","taskName":"3","state":"succeeded","results":{"documents":[{"id":"0","entities":[{"bingId":"a7b11e27-5b63-19a5-b4dd-37b71149ecac","name":"Test
        (assessment)","matches":[{"text":"Test","offset":0,"length":4,"confidenceScore":0.04}],"language":"en","id":"Test
        (assessment)","url":"https://en.wikipedia.org/wiki/Test_(assessment)","dataSource":"Wikipedia"}],"warnings":[]}],"errors":[],"modelVersion":"2021-06-01"}}],"entityRecognitionPiiTasks":[{"lastUpdateDateTime":"2021-10-07T23:47:10.4578134Z","taskName":"2","state":"succeeded","results":{"documents":[{"redactedText":"Test
        for logging disable","id":"0","entities":[],"warnings":[]}],"errors":[],"modelVersion":"2021-01-15"}}],"extractiveSummarizationTasks":[{"lastUpdateDateTime":"2021-10-07T23:47:15.2855057Z","taskName":"5","state":"succeeded","results":{"documents":[{"id":"0","sentences":[{"text":"Test
        for logging disable","rankScore":1.0,"offset":0,"length":24}],"warnings":[]}],"errors":[],"modelVersion":"2021-08-01"}}],"keyPhraseExtractionTasks":[{"lastUpdateDateTime":"2021-10-07T23:47:16.4314862Z","taskName":"1","state":"succeeded","results":{"documents":[{"id":"0","keyPhrases":["Test","logging"],"warnings":[]}],"errors":[],"modelVersion":"2021-06-01"}}],"sentimentAnalysisTasks":[{"lastUpdateDateTime":"2021-10-07T23:47:40.6325455Z","taskName":"4","state":"succeeded","results":{"documents":[{"id":"0","sentiment":"negative","confidenceScores":{"positive":0.02,"neutral":0.12,"negative":0.86},"sentences":[{"sentiment":"negative","confidenceScores":{"positive":0.02,"neutral":0.12,"negative":0.86},"offset":0,"length":24,"text":"Test
        for logging disable"}],"warnings":[]}],"errors":[],"modelVersion":"2020-04-01"}}],"customEntityRecognitionTasks":[{"lastUpdateDateTime":"2021-10-07T23:47:06.2516036Z","taskName":"8","state":"succeeded","results":{"documents":[{"id":"0","entities":[],"warnings":[]}],"errors":[],"projectName":"textanalytics_custom_entities_project_name","deploymentName":"textanalytics_custom_entities_project_name"}}],"customSingleClassificationTasks":[{"lastUpdateDateTime":"2021-10-07T23:47:09.1230326Z","taskName":"6","state":"failed"}],"customMultiClassificationTasks":[{"lastUpdateDateTime":"2021-10-07T23:47:03.5372914Z","taskName":"7","state":"succeeded","results":{"documents":[{"id":"0","classifications":[],"warnings":[]}],"errors":[],"projectName":"textanalytics_multi_category_classify_project_name","deploymentName":"textanalytics_multi_category_classify_project_name"}}]}}'
    headers:
      apim-request-id: 913b74dc-9e0b-40e9-ab30-75516d83c63d
      content-type: application/json; charset=utf-8
      date: Thu, 07 Oct 2021 23:49:07 GMT
      strict-transport-security: max-age=31536000; includeSubDomains; preload
      transfer-encoding: chunked
      x-content-type-options: nosniff
      x-envoy-upstream-service-time: '621'
    status:
      code: 200
      message: OK
    url: https://javatextanalyticstestresources.cognitiveservices.azure.com/text/analytics/v3.2-preview.2/analyze/jobs/40f91a74-081e-4707-b099-b8ec5f9e3d9a
version: 1
