interactions:
- request:
    body: '{"documents": [{"id": "1", "text": "I will go to the park.", "language":
      "es"}, {"id": "2", "text": "I did not like the hotel we stayed at.", "language":
      "es"}, {"id": "3", "text": "The restaurant had really good food.", "language":
      "es"}]}'
    headers:
      Accept:
      - application/json, text/json
      Accept-Encoding:
      - gzip, deflate
      Connection:
      - keep-alive
      Content-Length:
      - '240'
      Content-Type:
      - application/json
      User-Agent:
      - azsdk-python-ai-textanalytics/5.0.1 Python/3.8.5 (macOS-10.13.6-x86_64-i386-64bit)
    method: POST
    uri: https://westus2.api.cognitive.microsoft.com/text/analytics/v3.1-preview.1/entities/linking?showStats=false&stringIndexType=TextElements_v8
  response:
    body:
      string: '{"documents":[{"id":"1","entities":[],"warnings":[]},{"id":"2","entities":[],"warnings":[]},{"id":"3","entities":[],"warnings":[]}],"errors":[],"modelVersion":"2020-02-01"}'
    headers:
      apim-request-id:
      - ad7a807d-79a0-4c6c-bf6b-32d31facd6ed
      content-type:
      - application/json; charset=utf-8
      csp-billing-usage:
      - CognitiveServices.TextAnalytics.BatchScoring=3
      date:
      - Wed, 26 Aug 2020 21:20:57 GMT
      strict-transport-security:
      - max-age=31536000; includeSubDomains; preload
      transfer-encoding:
      - chunked
      x-content-type-options:
      - nosniff
      x-envoy-upstream-service-time:
      - '80'
    status:
      code: 200
      message: OK
- request:
    body: '{"documents": [{"id": "1", "text": "I will go to the park.", "language":
      "en"}, {"id": "2", "text": "I did not like the hotel we stayed at.", "language":
      "en"}, {"id": "3", "text": "The restaurant had really good food.", "language":
      "en"}]}'
    headers:
      Accept:
      - application/json, text/json
      Accept-Encoding:
      - gzip, deflate
      Connection:
      - keep-alive
      Content-Length:
      - '240'
      Content-Type:
      - application/json
      User-Agent:
      - azsdk-python-ai-textanalytics/5.0.1 Python/3.8.5 (macOS-10.13.6-x86_64-i386-64bit)
    method: POST
    uri: https://westus2.api.cognitive.microsoft.com/text/analytics/v3.1-preview.1/entities/linking?showStats=false&stringIndexType=TextElements_v8
  response:
    body:
      string: '{"documents":[{"id":"1","entities":[],"warnings":[]},{"id":"2","entities":[],"warnings":[]},{"id":"3","entities":[],"warnings":[]}],"errors":[],"modelVersion":"2020-02-01"}'
    headers:
      apim-request-id:
      - c8af402f-5f09-456e-ba82-522b67b9870e
      content-type:
      - application/json; charset=utf-8
      csp-billing-usage:
      - CognitiveServices.TextAnalytics.BatchScoring=3
      date:
      - Wed, 26 Aug 2020 21:20:57 GMT
      strict-transport-security:
      - max-age=31536000; includeSubDomains; preload
      transfer-encoding:
      - chunked
      x-content-type-options:
      - nosniff
      x-envoy-upstream-service-time:
      - '21'
    status:
      code: 200
      message: OK
- request:
    body: '{"documents": [{"id": "1", "text": "I will go to the park.", "language":
      "es"}, {"id": "2", "text": "I did not like the hotel we stayed at.", "language":
      "es"}, {"id": "3", "text": "The restaurant had really good food.", "language":
      "es"}]}'
    headers:
      Accept:
      - application/json, text/json
      Accept-Encoding:
      - gzip, deflate
      Connection:
      - keep-alive
      Content-Length:
      - '240'
      Content-Type:
      - application/json
      User-Agent:
      - azsdk-python-ai-textanalytics/5.0.1 Python/3.8.5 (macOS-10.13.6-x86_64-i386-64bit)
    method: POST
    uri: https://westus2.api.cognitive.microsoft.com/text/analytics/v3.1-preview.1/entities/linking?showStats=false&stringIndexType=TextElements_v8
  response:
    body:
      string: '{"documents":[{"id":"1","entities":[],"warnings":[]},{"id":"2","entities":[],"warnings":[]},{"id":"3","entities":[],"warnings":[]}],"errors":[],"modelVersion":"2020-02-01"}'
    headers:
      apim-request-id:
      - 3b5b1c51-0aaf-4566-8e92-44cf3fa61d46
      content-type:
      - application/json; charset=utf-8
      csp-billing-usage:
      - CognitiveServices.TextAnalytics.BatchScoring=3
      date:
      - Wed, 26 Aug 2020 21:20:57 GMT
      strict-transport-security:
      - max-age=31536000; includeSubDomains; preload
      transfer-encoding:
      - chunked
      x-content-type-options:
      - nosniff
      x-envoy-upstream-service-time:
      - '123'
    status:
      code: 200
      message: OK
version: 1
