interactions:
- request:
    body: '{"tasks": {"entityRecognitionTasks": [{"parameters": {"model-version":
      "latest", "loggingOptOut": false, "stringIndexType": "UnicodeCodePoint"}}],
      "entityRecognitionPiiTasks": [], "keyPhraseExtractionTasks": [], "entityLinkingTasks":
      [], "sentimentAnalysisTasks": []}, "analysisInput": {"documents": [{"id": "0",
      "text": "Test passing cls to endpoint", "language": "en"}]}}'
    headers:
      Accept:
      - application/json, text/json
      Content-Length:
      - '373'
      Content-Type:
      - application/json
      User-Agent:
      - azsdk-python-ai-textanalytics/5.1.0 Python/3.9.0 (Windows-10-10.0.19041-SP0)
    method: POST
    uri: https://westus2.api.cognitive.microsoft.com/text/analytics/v3.1/analyze
  response:
    body:
      string: ''
    headers:
      apim-request-id: 53570a5b-4b89-4332-b699-cbe08dfc36ad
      date: Wed, 23 Jun 2021 01:40:38 GMT
      operation-location: https://westus2.api.cognitive.microsoft.com/text/analytics/v3.1/analyze/jobs/d5747915-4a2e-4015-926a-48acdf17b234
      strict-transport-security: max-age=31536000; includeSubDomains; preload
      transfer-encoding: chunked
      x-content-type-options: nosniff
      x-envoy-upstream-service-time: '5339'
    status:
      code: 202
      message: Accepted
    url: https://textanalyticskrpratictextanalytics.cognitiveservices.azure.com//text/analytics/v3.1/analyze
- request:
    body: null
    headers:
      User-Agent:
      - azsdk-python-ai-textanalytics/5.1.0 Python/3.9.0 (Windows-10-10.0.19041-SP0)
    method: GET
    uri: https://westus2.api.cognitive.microsoft.com/text/analytics/v3.1/analyze/jobs/d5747915-4a2e-4015-926a-48acdf17b234
  response:
    body:
      string: '{"jobId":"d5747915-4a2e-4015-926a-48acdf17b234","lastUpdateDateTime":"2021-06-23T01:40:38Z","createdDateTime":"2021-06-23T01:40:32Z","expirationDateTime":"2021-06-24T01:40:32Z","status":"running","errors":[],"displayName":"NA","tasks":{"completed":0,"failed":0,"inProgress":1,"total":1}}'
    headers:
      apim-request-id: eecbb92f-7430-4b35-98f8-3fabc6ce36bf
      content-type: application/json; charset=utf-8
      date: Wed, 23 Jun 2021 01:40:42 GMT
      strict-transport-security: max-age=31536000; includeSubDomains; preload
      transfer-encoding: chunked
      x-content-type-options: nosniff
      x-envoy-upstream-service-time: '9'
    status:
      code: 200
      message: OK
    url: https://textanalyticskrpratictextanalytics.cognitiveservices.azure.com/text/analytics/v3.1/analyze/jobs/d5747915-4a2e-4015-926a-48acdf17b234
- request:
    body: null
    headers:
      User-Agent:
      - azsdk-python-ai-textanalytics/5.1.0 Python/3.9.0 (Windows-10-10.0.19041-SP0)
    method: GET
    uri: https://westus2.api.cognitive.microsoft.com/text/analytics/v3.1/analyze/jobs/d5747915-4a2e-4015-926a-48acdf17b234
  response:
    body:
      string: '{"jobId":"d5747915-4a2e-4015-926a-48acdf17b234","lastUpdateDateTime":"2021-06-23T01:40:38Z","createdDateTime":"2021-06-23T01:40:32Z","expirationDateTime":"2021-06-24T01:40:32Z","status":"running","errors":[],"displayName":"NA","tasks":{"completed":0,"failed":0,"inProgress":1,"total":1}}'
    headers:
      apim-request-id: 012c37ce-b824-487a-9788-079df8e8b04d
      content-type: application/json; charset=utf-8
      date: Wed, 23 Jun 2021 01:40:48 GMT
      strict-transport-security: max-age=31536000; includeSubDomains; preload
      transfer-encoding: chunked
      x-content-type-options: nosniff
      x-envoy-upstream-service-time: '12'
    status:
      code: 200
      message: OK
    url: https://textanalyticskrpratictextanalytics.cognitiveservices.azure.com/text/analytics/v3.1/analyze/jobs/d5747915-4a2e-4015-926a-48acdf17b234
- request:
    body: null
    headers:
      User-Agent:
      - azsdk-python-ai-textanalytics/5.1.0 Python/3.9.0 (Windows-10-10.0.19041-SP0)
    method: GET
    uri: https://westus2.api.cognitive.microsoft.com/text/analytics/v3.1/analyze/jobs/d5747915-4a2e-4015-926a-48acdf17b234
  response:
    body:
      string: '{"jobId":"d5747915-4a2e-4015-926a-48acdf17b234","lastUpdateDateTime":"2021-06-23T01:40:38Z","createdDateTime":"2021-06-23T01:40:32Z","expirationDateTime":"2021-06-24T01:40:32Z","status":"running","errors":[],"displayName":"NA","tasks":{"completed":0,"failed":0,"inProgress":1,"total":1}}'
    headers:
      apim-request-id: 87a2cbd2-c7b2-4c56-afe7-cb4d11b55648
      content-type: application/json; charset=utf-8
      date: Wed, 23 Jun 2021 01:40:52 GMT
      strict-transport-security: max-age=31536000; includeSubDomains; preload
      transfer-encoding: chunked
      x-content-type-options: nosniff
      x-envoy-upstream-service-time: '6'
    status:
      code: 200
      message: OK
    url: https://textanalyticskrpratictextanalytics.cognitiveservices.azure.com/text/analytics/v3.1/analyze/jobs/d5747915-4a2e-4015-926a-48acdf17b234
- request:
    body: null
    headers:
      User-Agent:
      - azsdk-python-ai-textanalytics/5.1.0 Python/3.9.0 (Windows-10-10.0.19041-SP0)
    method: GET
    uri: https://westus2.api.cognitive.microsoft.com/text/analytics/v3.1/analyze/jobs/d5747915-4a2e-4015-926a-48acdf17b234
  response:
    body:
      string: '{"jobId":"d5747915-4a2e-4015-926a-48acdf17b234","lastUpdateDateTime":"2021-06-23T01:40:38Z","createdDateTime":"2021-06-23T01:40:32Z","expirationDateTime":"2021-06-24T01:40:32Z","status":"running","errors":[],"displayName":"NA","tasks":{"completed":0,"failed":0,"inProgress":1,"total":1}}'
    headers:
      apim-request-id: aa265e83-8122-493b-9894-829ba243c21b
      content-type: application/json; charset=utf-8
      date: Wed, 23 Jun 2021 01:40:57 GMT
      strict-transport-security: max-age=31536000; includeSubDomains; preload
      transfer-encoding: chunked
      x-content-type-options: nosniff
      x-envoy-upstream-service-time: '11'
    status:
      code: 200
      message: OK
    url: https://textanalyticskrpratictextanalytics.cognitiveservices.azure.com/text/analytics/v3.1/analyze/jobs/d5747915-4a2e-4015-926a-48acdf17b234
- request:
    body: null
    headers:
      User-Agent:
      - azsdk-python-ai-textanalytics/5.1.0 Python/3.9.0 (Windows-10-10.0.19041-SP0)
    method: GET
    uri: https://westus2.api.cognitive.microsoft.com/text/analytics/v3.1/analyze/jobs/d5747915-4a2e-4015-926a-48acdf17b234
  response:
    body:
      string: '{"jobId":"d5747915-4a2e-4015-926a-48acdf17b234","lastUpdateDateTime":"2021-06-23T01:41:02Z","createdDateTime":"2021-06-23T01:40:32Z","expirationDateTime":"2021-06-24T01:40:32Z","status":"succeeded","errors":[],"displayName":"NA","tasks":{"completed":1,"failed":0,"inProgress":0,"total":1,"entityRecognitionTasks":[{"lastUpdateDateTime":"2021-06-23T01:41:02.9566767Z","taskName":"NamedEntityRecognition_latest","state":"succeeded","results":{"documents":[{"id":"0","entities":[{"text":"Test","category":"Skill","offset":0,"length":4,"confidenceScore":0.97},{"text":"cls","category":"Skill","offset":13,"length":3,"confidenceScore":0.82}],"warnings":[]}],"errors":[],"modelVersion":"2021-06-01"}}]}}'
    headers:
      apim-request-id: 4e97f15d-42d5-47a7-8855-f59e36cb136e
      content-type: application/json; charset=utf-8
      date: Wed, 23 Jun 2021 01:41:03 GMT
      strict-transport-security: max-age=31536000; includeSubDomains; preload
      transfer-encoding: chunked
      x-content-type-options: nosniff
      x-envoy-upstream-service-time: '81'
    status:
      code: 200
      message: OK
    url: https://textanalyticskrpratictextanalytics.cognitiveservices.azure.com/text/analytics/v3.1/analyze/jobs/d5747915-4a2e-4015-926a-48acdf17b234
version: 1
