interactions:
- request:
    body: '{"tasks": {"entityRecognitionTasks": [], "entityRecognitionPiiTasks": [{"parameters":
      {"model-version": "latest", "stringIndexType": "TextElements_v8"}}], "keyPhraseExtractionTasks":
      []}, "analysisInput": {"documents": [{"id": "0", "text": "My SSN is 859-98-0987.",
      "language": "en"}, {"id": "1", "text": "Your ABA number - 111000025 - is the
      first 9 digits in the lower left hand corner of your personal check.", "language":
      "en"}, {"id": "2", "text": "Is 998.214.865-68 your Brazilian CPF number?", "language":
      "en"}]}}'
    headers:
      Accept:
      - application/json, text/json
      Content-Length:
      - '521'
      Content-Type:
      - application/json
      User-Agent:
      - azsdk-python-ai-textanalytics/5.1.0b5 Python/3.8.5 (macOS-10.13.6-x86_64-i386-64bit)
    method: POST
    uri: https://westus2.api.cognitive.microsoft.com/text/analytics/v3.1-preview.3/analyze
  response:
    body:
      string: ''
    headers:
      apim-request-id: 9a6ae618-f293-4d35-acc0-72428eb2e8d0
      date: Wed, 27 Jan 2021 02:23:30 GMT
      operation-location: https://westus2.api.cognitive.microsoft.com/text/analytics/v3.1-preview.3/analyze/jobs/35f552d5-cafc-40cd-b538-535f338d3b71_637473024000000000
      strict-transport-security: max-age=31536000; includeSubDomains; preload
      transfer-encoding: chunked
      x-content-type-options: nosniff
      x-envoy-upstream-service-time: '21'
    status:
      code: 202
      message: Accepted
    url: https://westus2.api.cognitive.microsoft.com//text/analytics/v3.1-preview.3/analyze
- request:
    body: null
    headers:
      User-Agent:
      - azsdk-python-ai-textanalytics/5.1.0b5 Python/3.8.5 (macOS-10.13.6-x86_64-i386-64bit)
    method: GET
    uri: https://westus2.api.cognitive.microsoft.com/text/analytics/v3.1-preview.3/analyze/jobs/35f552d5-cafc-40cd-b538-535f338d3b71_637473024000000000
  response:
    body:
      string: '{"jobId":"35f552d5-cafc-40cd-b538-535f338d3b71_637473024000000000","lastUpdateDateTime":"2021-01-27T02:23:31Z","createdDateTime":"2021-01-27T02:23:31Z","expirationDateTime":"2021-01-28T02:23:31Z","status":"running","errors":[],"tasks":{"details":{"lastUpdateDateTime":"2021-01-27T02:23:31Z"},"completed":0,"failed":0,"inProgress":1,"total":1}}'
    headers:
      apim-request-id: a986462d-e85b-4530-b729-e057914f9eeb
      content-type: application/json; charset=utf-8
      date: Wed, 27 Jan 2021 02:23:36 GMT
      strict-transport-security: max-age=31536000; includeSubDomains; preload
      transfer-encoding: chunked
      x-content-type-options: nosniff
      x-envoy-upstream-service-time: '66'
    status:
      code: 200
      message: OK
    url: https://westus2.api.cognitive.microsoft.com/text/analytics/v3.1-preview.3/analyze/jobs/35f552d5-cafc-40cd-b538-535f338d3b71_637473024000000000
- request:
    body: null
    headers:
      User-Agent:
      - azsdk-python-ai-textanalytics/5.1.0b5 Python/3.8.5 (macOS-10.13.6-x86_64-i386-64bit)
    method: GET
    uri: https://westus2.api.cognitive.microsoft.com/text/analytics/v3.1-preview.3/analyze/jobs/35f552d5-cafc-40cd-b538-535f338d3b71_637473024000000000
  response:
    body:
      string: '{"jobId":"35f552d5-cafc-40cd-b538-535f338d3b71_637473024000000000","lastUpdateDateTime":"2021-01-27T02:23:31Z","createdDateTime":"2021-01-27T02:23:31Z","expirationDateTime":"2021-01-28T02:23:31Z","status":"running","errors":[],"tasks":{"details":{"lastUpdateDateTime":"2021-01-27T02:23:31Z"},"completed":0,"failed":0,"inProgress":1,"total":1}}'
    headers:
      apim-request-id: 370062ab-d7fa-49d7-86b3-39df246275f6
      content-type: application/json; charset=utf-8
      date: Wed, 27 Jan 2021 02:23:41 GMT
      strict-transport-security: max-age=31536000; includeSubDomains; preload
      transfer-encoding: chunked
      x-content-type-options: nosniff
      x-envoy-upstream-service-time: '28'
    status:
      code: 200
      message: OK
    url: https://westus2.api.cognitive.microsoft.com/text/analytics/v3.1-preview.3/analyze/jobs/35f552d5-cafc-40cd-b538-535f338d3b71_637473024000000000
- request:
    body: null
    headers:
      User-Agent:
      - azsdk-python-ai-textanalytics/5.1.0b5 Python/3.8.5 (macOS-10.13.6-x86_64-i386-64bit)
    method: GET
    uri: https://westus2.api.cognitive.microsoft.com/text/analytics/v3.1-preview.3/analyze/jobs/35f552d5-cafc-40cd-b538-535f338d3b71_637473024000000000
  response:
    body:
      string: '{"jobId":"35f552d5-cafc-40cd-b538-535f338d3b71_637473024000000000","lastUpdateDateTime":"2021-01-27T02:23:31Z","createdDateTime":"2021-01-27T02:23:31Z","expirationDateTime":"2021-01-28T02:23:31Z","status":"running","errors":[],"tasks":{"details":{"lastUpdateDateTime":"2021-01-27T02:23:31Z"},"completed":0,"failed":0,"inProgress":1,"total":1}}'
    headers:
      apim-request-id: 9d240089-739e-459b-8155-77c47755d17a
      content-type: application/json; charset=utf-8
      date: Wed, 27 Jan 2021 02:23:46 GMT
      strict-transport-security: max-age=31536000; includeSubDomains; preload
      transfer-encoding: chunked
      x-content-type-options: nosniff
      x-envoy-upstream-service-time: '61'
    status:
      code: 200
      message: OK
    url: https://westus2.api.cognitive.microsoft.com/text/analytics/v3.1-preview.3/analyze/jobs/35f552d5-cafc-40cd-b538-535f338d3b71_637473024000000000
- request:
    body: null
    headers:
      User-Agent:
      - azsdk-python-ai-textanalytics/5.1.0b5 Python/3.8.5 (macOS-10.13.6-x86_64-i386-64bit)
    method: GET
    uri: https://westus2.api.cognitive.microsoft.com/text/analytics/v3.1-preview.3/analyze/jobs/35f552d5-cafc-40cd-b538-535f338d3b71_637473024000000000
  response:
    body:
      string: '{"jobId":"35f552d5-cafc-40cd-b538-535f338d3b71_637473024000000000","lastUpdateDateTime":"2021-01-27T02:23:31Z","createdDateTime":"2021-01-27T02:23:31Z","expirationDateTime":"2021-01-28T02:23:31Z","status":"running","errors":[],"tasks":{"details":{"lastUpdateDateTime":"2021-01-27T02:23:31Z"},"completed":0,"failed":0,"inProgress":1,"total":1}}'
    headers:
      apim-request-id: c8b6855e-0c3a-4cd1-9b3d-7e239112df74
      content-type: application/json; charset=utf-8
      date: Wed, 27 Jan 2021 02:23:51 GMT
      strict-transport-security: max-age=31536000; includeSubDomains; preload
      transfer-encoding: chunked
      x-content-type-options: nosniff
      x-envoy-upstream-service-time: '68'
    status:
      code: 200
      message: OK
    url: https://westus2.api.cognitive.microsoft.com/text/analytics/v3.1-preview.3/analyze/jobs/35f552d5-cafc-40cd-b538-535f338d3b71_637473024000000000
- request:
    body: null
    headers:
      User-Agent:
      - azsdk-python-ai-textanalytics/5.1.0b5 Python/3.8.5 (macOS-10.13.6-x86_64-i386-64bit)
    method: GET
    uri: https://westus2.api.cognitive.microsoft.com/text/analytics/v3.1-preview.3/analyze/jobs/35f552d5-cafc-40cd-b538-535f338d3b71_637473024000000000
  response:
    body:
      string: '{"jobId":"35f552d5-cafc-40cd-b538-535f338d3b71_637473024000000000","lastUpdateDateTime":"2021-01-27T02:23:31Z","createdDateTime":"2021-01-27T02:23:31Z","expirationDateTime":"2021-01-28T02:23:31Z","status":"running","errors":[],"tasks":{"details":{"lastUpdateDateTime":"2021-01-27T02:23:31Z"},"completed":0,"failed":0,"inProgress":1,"total":1}}'
    headers:
      apim-request-id: fd1de41a-9bf8-4fa8-b4d5-d74c8a8f7bec
      content-type: application/json; charset=utf-8
      date: Wed, 27 Jan 2021 02:23:57 GMT
      strict-transport-security: max-age=31536000; includeSubDomains; preload
      transfer-encoding: chunked
      x-content-type-options: nosniff
      x-envoy-upstream-service-time: '34'
    status:
      code: 200
      message: OK
    url: https://westus2.api.cognitive.microsoft.com/text/analytics/v3.1-preview.3/analyze/jobs/35f552d5-cafc-40cd-b538-535f338d3b71_637473024000000000
- request:
    body: null
    headers:
      User-Agent:
      - azsdk-python-ai-textanalytics/5.1.0b5 Python/3.8.5 (macOS-10.13.6-x86_64-i386-64bit)
    method: GET
    uri: https://westus2.api.cognitive.microsoft.com/text/analytics/v3.1-preview.3/analyze/jobs/35f552d5-cafc-40cd-b538-535f338d3b71_637473024000000000
  response:
    body:
      string: '{"jobId":"35f552d5-cafc-40cd-b538-535f338d3b71_637473024000000000","lastUpdateDateTime":"2021-01-27T02:23:31Z","createdDateTime":"2021-01-27T02:23:31Z","expirationDateTime":"2021-01-28T02:23:31Z","status":"running","errors":[],"tasks":{"details":{"lastUpdateDateTime":"2021-01-27T02:23:31Z"},"completed":0,"failed":0,"inProgress":1,"total":1}}'
    headers:
      apim-request-id: 6d6e7573-8d3d-4b4f-918b-62b36b0aebb2
      content-type: application/json; charset=utf-8
      date: Wed, 27 Jan 2021 02:24:02 GMT
      strict-transport-security: max-age=31536000; includeSubDomains; preload
      transfer-encoding: chunked
      x-content-type-options: nosniff
      x-envoy-upstream-service-time: '33'
    status:
      code: 200
      message: OK
    url: https://westus2.api.cognitive.microsoft.com/text/analytics/v3.1-preview.3/analyze/jobs/35f552d5-cafc-40cd-b538-535f338d3b71_637473024000000000
- request:
    body: null
    headers:
      User-Agent:
      - azsdk-python-ai-textanalytics/5.1.0b5 Python/3.8.5 (macOS-10.13.6-x86_64-i386-64bit)
    method: GET
    uri: https://westus2.api.cognitive.microsoft.com/text/analytics/v3.1-preview.3/analyze/jobs/35f552d5-cafc-40cd-b538-535f338d3b71_637473024000000000
  response:
    body:
      string: '{"jobId":"35f552d5-cafc-40cd-b538-535f338d3b71_637473024000000000","lastUpdateDateTime":"2021-01-27T02:23:31Z","createdDateTime":"2021-01-27T02:23:31Z","expirationDateTime":"2021-01-28T02:23:31Z","status":"running","errors":[],"tasks":{"details":{"lastUpdateDateTime":"2021-01-27T02:23:31Z"},"completed":0,"failed":0,"inProgress":1,"total":1}}'
    headers:
      apim-request-id: 7beb0679-1f1b-4762-9313-587e221ec2d4
      content-type: application/json; charset=utf-8
      date: Wed, 27 Jan 2021 02:24:07 GMT
      strict-transport-security: max-age=31536000; includeSubDomains; preload
      transfer-encoding: chunked
      x-content-type-options: nosniff
      x-envoy-upstream-service-time: '38'
    status:
      code: 200
      message: OK
    url: https://westus2.api.cognitive.microsoft.com/text/analytics/v3.1-preview.3/analyze/jobs/35f552d5-cafc-40cd-b538-535f338d3b71_637473024000000000
- request:
    body: null
    headers:
      User-Agent:
      - azsdk-python-ai-textanalytics/5.1.0b5 Python/3.8.5 (macOS-10.13.6-x86_64-i386-64bit)
    method: GET
    uri: https://westus2.api.cognitive.microsoft.com/text/analytics/v3.1-preview.3/analyze/jobs/35f552d5-cafc-40cd-b538-535f338d3b71_637473024000000000
  response:
    body:
      string: '{"jobId":"35f552d5-cafc-40cd-b538-535f338d3b71_637473024000000000","lastUpdateDateTime":"2021-01-27T02:23:31Z","createdDateTime":"2021-01-27T02:23:31Z","expirationDateTime":"2021-01-28T02:23:31Z","status":"running","errors":[],"tasks":{"details":{"lastUpdateDateTime":"2021-01-27T02:23:31Z"},"completed":0,"failed":0,"inProgress":1,"total":1}}'
    headers:
      apim-request-id: ad87e832-55a0-4ca0-b2ed-eb21b4c84215
      content-type: application/json; charset=utf-8
      date: Wed, 27 Jan 2021 02:24:12 GMT
      strict-transport-security: max-age=31536000; includeSubDomains; preload
      transfer-encoding: chunked
      x-content-type-options: nosniff
      x-envoy-upstream-service-time: '59'
    status:
      code: 200
      message: OK
    url: https://westus2.api.cognitive.microsoft.com/text/analytics/v3.1-preview.3/analyze/jobs/35f552d5-cafc-40cd-b538-535f338d3b71_637473024000000000
- request:
    body: null
    headers:
      User-Agent:
      - azsdk-python-ai-textanalytics/5.1.0b5 Python/3.8.5 (macOS-10.13.6-x86_64-i386-64bit)
    method: GET
    uri: https://westus2.api.cognitive.microsoft.com/text/analytics/v3.1-preview.3/analyze/jobs/35f552d5-cafc-40cd-b538-535f338d3b71_637473024000000000
  response:
    body:
      string: '{"jobId":"35f552d5-cafc-40cd-b538-535f338d3b71_637473024000000000","lastUpdateDateTime":"2021-01-27T02:23:31Z","createdDateTime":"2021-01-27T02:23:31Z","expirationDateTime":"2021-01-28T02:23:31Z","status":"running","errors":[],"tasks":{"details":{"lastUpdateDateTime":"2021-01-27T02:23:31Z"},"completed":0,"failed":0,"inProgress":1,"total":1}}'
    headers:
      apim-request-id: 443c28ca-95a4-42be-be8e-27992d271ed2
      content-type: application/json; charset=utf-8
      date: Wed, 27 Jan 2021 02:24:17 GMT
      strict-transport-security: max-age=31536000; includeSubDomains; preload
      transfer-encoding: chunked
      x-content-type-options: nosniff
      x-envoy-upstream-service-time: '31'
    status:
      code: 200
      message: OK
    url: https://westus2.api.cognitive.microsoft.com/text/analytics/v3.1-preview.3/analyze/jobs/35f552d5-cafc-40cd-b538-535f338d3b71_637473024000000000
- request:
    body: null
    headers:
      User-Agent:
      - azsdk-python-ai-textanalytics/5.1.0b5 Python/3.8.5 (macOS-10.13.6-x86_64-i386-64bit)
    method: GET
    uri: https://westus2.api.cognitive.microsoft.com/text/analytics/v3.1-preview.3/analyze/jobs/35f552d5-cafc-40cd-b538-535f338d3b71_637473024000000000
  response:
    body:
      string: '{"jobId":"35f552d5-cafc-40cd-b538-535f338d3b71_637473024000000000","lastUpdateDateTime":"2021-01-27T02:23:31Z","createdDateTime":"2021-01-27T02:23:31Z","expirationDateTime":"2021-01-28T02:23:31Z","status":"running","errors":[],"tasks":{"details":{"lastUpdateDateTime":"2021-01-27T02:23:31Z"},"completed":0,"failed":0,"inProgress":1,"total":1}}'
    headers:
      apim-request-id: a5393073-6b3e-48dc-9391-a5a0b89db0d0
      content-type: application/json; charset=utf-8
      date: Wed, 27 Jan 2021 02:24:22 GMT
      strict-transport-security: max-age=31536000; includeSubDomains; preload
      transfer-encoding: chunked
      x-content-type-options: nosniff
      x-envoy-upstream-service-time: '37'
    status:
      code: 200
      message: OK
    url: https://westus2.api.cognitive.microsoft.com/text/analytics/v3.1-preview.3/analyze/jobs/35f552d5-cafc-40cd-b538-535f338d3b71_637473024000000000
- request:
    body: null
    headers:
      User-Agent:
      - azsdk-python-ai-textanalytics/5.1.0b5 Python/3.8.5 (macOS-10.13.6-x86_64-i386-64bit)
    method: GET
    uri: https://westus2.api.cognitive.microsoft.com/text/analytics/v3.1-preview.3/analyze/jobs/35f552d5-cafc-40cd-b538-535f338d3b71_637473024000000000
  response:
    body:
      string: '{"jobId":"35f552d5-cafc-40cd-b538-535f338d3b71_637473024000000000","lastUpdateDateTime":"2021-01-27T02:23:31Z","createdDateTime":"2021-01-27T02:23:31Z","expirationDateTime":"2021-01-28T02:23:31Z","status":"running","errors":[],"tasks":{"details":{"lastUpdateDateTime":"2021-01-27T02:23:31Z"},"completed":0,"failed":0,"inProgress":1,"total":1}}'
    headers:
      apim-request-id: 60cdcca8-6fa3-4ae7-8ab5-635008a8b414
      content-type: application/json; charset=utf-8
      date: Wed, 27 Jan 2021 02:24:27 GMT
      strict-transport-security: max-age=31536000; includeSubDomains; preload
      transfer-encoding: chunked
      x-content-type-options: nosniff
      x-envoy-upstream-service-time: '33'
    status:
      code: 200
      message: OK
    url: https://westus2.api.cognitive.microsoft.com/text/analytics/v3.1-preview.3/analyze/jobs/35f552d5-cafc-40cd-b538-535f338d3b71_637473024000000000
- request:
    body: null
    headers:
      User-Agent:
      - azsdk-python-ai-textanalytics/5.1.0b5 Python/3.8.5 (macOS-10.13.6-x86_64-i386-64bit)
    method: GET
    uri: https://westus2.api.cognitive.microsoft.com/text/analytics/v3.1-preview.3/analyze/jobs/35f552d5-cafc-40cd-b538-535f338d3b71_637473024000000000
  response:
    body:
      string: '{"jobId":"35f552d5-cafc-40cd-b538-535f338d3b71_637473024000000000","lastUpdateDateTime":"2021-01-27T02:23:31Z","createdDateTime":"2021-01-27T02:23:31Z","expirationDateTime":"2021-01-28T02:23:31Z","status":"running","errors":[],"tasks":{"details":{"lastUpdateDateTime":"2021-01-27T02:23:31Z"},"completed":0,"failed":0,"inProgress":1,"total":1}}'
    headers:
      apim-request-id: 35426592-6c78-44c7-9449-87a8a4e0d4f3
      content-type: application/json; charset=utf-8
      date: Wed, 27 Jan 2021 02:24:32 GMT
      strict-transport-security: max-age=31536000; includeSubDomains; preload
      transfer-encoding: chunked
      x-content-type-options: nosniff
      x-envoy-upstream-service-time: '37'
    status:
      code: 200
      message: OK
    url: https://westus2.api.cognitive.microsoft.com/text/analytics/v3.1-preview.3/analyze/jobs/35f552d5-cafc-40cd-b538-535f338d3b71_637473024000000000
- request:
    body: null
    headers:
      User-Agent:
      - azsdk-python-ai-textanalytics/5.1.0b5 Python/3.8.5 (macOS-10.13.6-x86_64-i386-64bit)
    method: GET
    uri: https://westus2.api.cognitive.microsoft.com/text/analytics/v3.1-preview.3/analyze/jobs/35f552d5-cafc-40cd-b538-535f338d3b71_637473024000000000
  response:
    body:
      string: '{"jobId":"35f552d5-cafc-40cd-b538-535f338d3b71_637473024000000000","lastUpdateDateTime":"2021-01-27T02:23:31Z","createdDateTime":"2021-01-27T02:23:31Z","expirationDateTime":"2021-01-28T02:23:31Z","status":"running","errors":[],"tasks":{"details":{"lastUpdateDateTime":"2021-01-27T02:23:31Z"},"completed":0,"failed":0,"inProgress":1,"total":1}}'
    headers:
      apim-request-id: 9d24305d-5807-4297-909f-f2946aadc23b
      content-type: application/json; charset=utf-8
      date: Wed, 27 Jan 2021 02:24:38 GMT
      strict-transport-security: max-age=31536000; includeSubDomains; preload
      transfer-encoding: chunked
      x-content-type-options: nosniff
      x-envoy-upstream-service-time: '35'
    status:
      code: 200
      message: OK
    url: https://westus2.api.cognitive.microsoft.com/text/analytics/v3.1-preview.3/analyze/jobs/35f552d5-cafc-40cd-b538-535f338d3b71_637473024000000000
- request:
    body: null
    headers:
      User-Agent:
      - azsdk-python-ai-textanalytics/5.1.0b5 Python/3.8.5 (macOS-10.13.6-x86_64-i386-64bit)
    method: GET
    uri: https://westus2.api.cognitive.microsoft.com/text/analytics/v3.1-preview.3/analyze/jobs/35f552d5-cafc-40cd-b538-535f338d3b71_637473024000000000
  response:
    body:
      string: '{"jobId":"35f552d5-cafc-40cd-b538-535f338d3b71_637473024000000000","lastUpdateDateTime":"2021-01-27T02:23:31Z","createdDateTime":"2021-01-27T02:23:31Z","expirationDateTime":"2021-01-28T02:23:31Z","status":"running","errors":[],"tasks":{"details":{"lastUpdateDateTime":"2021-01-27T02:23:31Z"},"completed":0,"failed":0,"inProgress":1,"total":1}}'
    headers:
      apim-request-id: 0fc93615-2dd1-44ff-b834-68b453b724d7
      content-type: application/json; charset=utf-8
      date: Wed, 27 Jan 2021 02:24:43 GMT
      strict-transport-security: max-age=31536000; includeSubDomains; preload
      transfer-encoding: chunked
      x-content-type-options: nosniff
      x-envoy-upstream-service-time: '28'
    status:
      code: 200
      message: OK
    url: https://westus2.api.cognitive.microsoft.com/text/analytics/v3.1-preview.3/analyze/jobs/35f552d5-cafc-40cd-b538-535f338d3b71_637473024000000000
- request:
    body: null
    headers:
      User-Agent:
      - azsdk-python-ai-textanalytics/5.1.0b5 Python/3.8.5 (macOS-10.13.6-x86_64-i386-64bit)
    method: GET
    uri: https://westus2.api.cognitive.microsoft.com/text/analytics/v3.1-preview.3/analyze/jobs/35f552d5-cafc-40cd-b538-535f338d3b71_637473024000000000
  response:
    body:
      string: '{"jobId":"35f552d5-cafc-40cd-b538-535f338d3b71_637473024000000000","lastUpdateDateTime":"2021-01-27T02:23:31Z","createdDateTime":"2021-01-27T02:23:31Z","expirationDateTime":"2021-01-28T02:23:31Z","status":"running","errors":[],"tasks":{"details":{"lastUpdateDateTime":"2021-01-27T02:23:31Z"},"completed":0,"failed":0,"inProgress":1,"total":1}}'
    headers:
      apim-request-id: 8d2e25cd-e67d-42d2-9afa-2306e5c65f5b
      content-type: application/json; charset=utf-8
      date: Wed, 27 Jan 2021 02:24:47 GMT
      strict-transport-security: max-age=31536000; includeSubDomains; preload
      transfer-encoding: chunked
      x-content-type-options: nosniff
      x-envoy-upstream-service-time: '91'
    status:
      code: 200
      message: OK
    url: https://westus2.api.cognitive.microsoft.com/text/analytics/v3.1-preview.3/analyze/jobs/35f552d5-cafc-40cd-b538-535f338d3b71_637473024000000000
- request:
    body: null
    headers:
      User-Agent:
      - azsdk-python-ai-textanalytics/5.1.0b5 Python/3.8.5 (macOS-10.13.6-x86_64-i386-64bit)
    method: GET
    uri: https://westus2.api.cognitive.microsoft.com/text/analytics/v3.1-preview.3/analyze/jobs/35f552d5-cafc-40cd-b538-535f338d3b71_637473024000000000
  response:
    body:
      string: '{"jobId":"35f552d5-cafc-40cd-b538-535f338d3b71_637473024000000000","lastUpdateDateTime":"2021-01-27T02:23:31Z","createdDateTime":"2021-01-27T02:23:31Z","expirationDateTime":"2021-01-28T02:23:31Z","status":"running","errors":[],"tasks":{"details":{"lastUpdateDateTime":"2021-01-27T02:23:31Z"},"completed":0,"failed":0,"inProgress":1,"total":1}}'
    headers:
      apim-request-id: 924518c4-446e-448e-a857-be551f8d161d
      content-type: application/json; charset=utf-8
      date: Wed, 27 Jan 2021 02:24:53 GMT
      strict-transport-security: max-age=31536000; includeSubDomains; preload
      transfer-encoding: chunked
      x-content-type-options: nosniff
      x-envoy-upstream-service-time: '67'
    status:
      code: 200
      message: OK
    url: https://westus2.api.cognitive.microsoft.com/text/analytics/v3.1-preview.3/analyze/jobs/35f552d5-cafc-40cd-b538-535f338d3b71_637473024000000000
- request:
    body: null
    headers:
      User-Agent:
      - azsdk-python-ai-textanalytics/5.1.0b5 Python/3.8.5 (macOS-10.13.6-x86_64-i386-64bit)
    method: GET
    uri: https://westus2.api.cognitive.microsoft.com/text/analytics/v3.1-preview.3/analyze/jobs/35f552d5-cafc-40cd-b538-535f338d3b71_637473024000000000
  response:
    body:
      string: '{"jobId":"35f552d5-cafc-40cd-b538-535f338d3b71_637473024000000000","lastUpdateDateTime":"2021-01-27T02:23:31Z","createdDateTime":"2021-01-27T02:23:31Z","expirationDateTime":"2021-01-28T02:23:31Z","status":"running","errors":[],"tasks":{"details":{"lastUpdateDateTime":"2021-01-27T02:23:31Z"},"completed":0,"failed":0,"inProgress":1,"total":1}}'
    headers:
      apim-request-id: 3cd1114b-ed5c-4a67-9e25-dd49f58da9f1
      content-type: application/json; charset=utf-8
      date: Wed, 27 Jan 2021 02:24:58 GMT
      strict-transport-security: max-age=31536000; includeSubDomains; preload
      transfer-encoding: chunked
      x-content-type-options: nosniff
      x-envoy-upstream-service-time: '34'
    status:
      code: 200
      message: OK
    url: https://westus2.api.cognitive.microsoft.com/text/analytics/v3.1-preview.3/analyze/jobs/35f552d5-cafc-40cd-b538-535f338d3b71_637473024000000000
- request:
    body: null
    headers:
      User-Agent:
      - azsdk-python-ai-textanalytics/5.1.0b5 Python/3.8.5 (macOS-10.13.6-x86_64-i386-64bit)
    method: GET
    uri: https://westus2.api.cognitive.microsoft.com/text/analytics/v3.1-preview.3/analyze/jobs/35f552d5-cafc-40cd-b538-535f338d3b71_637473024000000000
  response:
    body:
      string: '{"jobId":"35f552d5-cafc-40cd-b538-535f338d3b71_637473024000000000","lastUpdateDateTime":"2021-01-27T02:23:31Z","createdDateTime":"2021-01-27T02:23:31Z","expirationDateTime":"2021-01-28T02:23:31Z","status":"running","errors":[],"tasks":{"details":{"lastUpdateDateTime":"2021-01-27T02:23:31Z"},"completed":0,"failed":0,"inProgress":1,"total":1}}'
    headers:
      apim-request-id: 71a3dad3-b51d-499d-9c4f-c59a4a547fe7
      content-type: application/json; charset=utf-8
      date: Wed, 27 Jan 2021 02:25:03 GMT
      strict-transport-security: max-age=31536000; includeSubDomains; preload
      transfer-encoding: chunked
      x-content-type-options: nosniff
      x-envoy-upstream-service-time: '55'
    status:
      code: 200
      message: OK
    url: https://westus2.api.cognitive.microsoft.com/text/analytics/v3.1-preview.3/analyze/jobs/35f552d5-cafc-40cd-b538-535f338d3b71_637473024000000000
- request:
    body: null
    headers:
      User-Agent:
      - azsdk-python-ai-textanalytics/5.1.0b5 Python/3.8.5 (macOS-10.13.6-x86_64-i386-64bit)
    method: GET
    uri: https://westus2.api.cognitive.microsoft.com/text/analytics/v3.1-preview.3/analyze/jobs/35f552d5-cafc-40cd-b538-535f338d3b71_637473024000000000
  response:
    body:
      string: '{"jobId":"35f552d5-cafc-40cd-b538-535f338d3b71_637473024000000000","lastUpdateDateTime":"2021-01-27T02:23:31Z","createdDateTime":"2021-01-27T02:23:31Z","expirationDateTime":"2021-01-28T02:23:31Z","status":"running","errors":[],"tasks":{"details":{"lastUpdateDateTime":"2021-01-27T02:23:31Z"},"completed":0,"failed":0,"inProgress":1,"total":1}}'
    headers:
      apim-request-id: 605ac09d-c359-47be-9bc4-f2d73ff76162
      content-type: application/json; charset=utf-8
      date: Wed, 27 Jan 2021 02:25:08 GMT
      strict-transport-security: max-age=31536000; includeSubDomains; preload
      transfer-encoding: chunked
      x-content-type-options: nosniff
      x-envoy-upstream-service-time: '32'
    status:
      code: 200
      message: OK
    url: https://westus2.api.cognitive.microsoft.com/text/analytics/v3.1-preview.3/analyze/jobs/35f552d5-cafc-40cd-b538-535f338d3b71_637473024000000000
- request:
    body: null
    headers:
      User-Agent:
      - azsdk-python-ai-textanalytics/5.1.0b5 Python/3.8.5 (macOS-10.13.6-x86_64-i386-64bit)
    method: GET
    uri: https://westus2.api.cognitive.microsoft.com/text/analytics/v3.1-preview.3/analyze/jobs/35f552d5-cafc-40cd-b538-535f338d3b71_637473024000000000
  response:
    body:
      string: '{"jobId":"35f552d5-cafc-40cd-b538-535f338d3b71_637473024000000000","lastUpdateDateTime":"2021-01-27T02:23:31Z","createdDateTime":"2021-01-27T02:23:31Z","expirationDateTime":"2021-01-28T02:23:31Z","status":"running","errors":[],"tasks":{"details":{"lastUpdateDateTime":"2021-01-27T02:23:31Z"},"completed":0,"failed":0,"inProgress":1,"total":1}}'
    headers:
      apim-request-id: 14817950-90d8-486f-b314-0e9a650027e5
      content-type: application/json; charset=utf-8
      date: Wed, 27 Jan 2021 02:25:13 GMT
      strict-transport-security: max-age=31536000; includeSubDomains; preload
      transfer-encoding: chunked
      x-content-type-options: nosniff
      x-envoy-upstream-service-time: '44'
    status:
      code: 200
      message: OK
    url: https://westus2.api.cognitive.microsoft.com/text/analytics/v3.1-preview.3/analyze/jobs/35f552d5-cafc-40cd-b538-535f338d3b71_637473024000000000
- request:
    body: null
    headers:
      User-Agent:
      - azsdk-python-ai-textanalytics/5.1.0b5 Python/3.8.5 (macOS-10.13.6-x86_64-i386-64bit)
    method: GET
    uri: https://westus2.api.cognitive.microsoft.com/text/analytics/v3.1-preview.3/analyze/jobs/35f552d5-cafc-40cd-b538-535f338d3b71_637473024000000000
  response:
    body:
      string: '{"jobId":"35f552d5-cafc-40cd-b538-535f338d3b71_637473024000000000","lastUpdateDateTime":"2021-01-27T02:23:31Z","createdDateTime":"2021-01-27T02:23:31Z","expirationDateTime":"2021-01-28T02:23:31Z","status":"running","errors":[],"tasks":{"details":{"lastUpdateDateTime":"2021-01-27T02:23:31Z"},"completed":0,"failed":0,"inProgress":1,"total":1}}'
    headers:
      apim-request-id: 697250cb-f1ea-42a2-8f96-ea090909592b
      content-type: application/json; charset=utf-8
      date: Wed, 27 Jan 2021 02:25:19 GMT
      strict-transport-security: max-age=31536000; includeSubDomains; preload
      transfer-encoding: chunked
      x-content-type-options: nosniff
      x-envoy-upstream-service-time: '57'
    status:
      code: 200
      message: OK
    url: https://westus2.api.cognitive.microsoft.com/text/analytics/v3.1-preview.3/analyze/jobs/35f552d5-cafc-40cd-b538-535f338d3b71_637473024000000000
- request:
    body: null
    headers:
      User-Agent:
      - azsdk-python-ai-textanalytics/5.1.0b5 Python/3.8.5 (macOS-10.13.6-x86_64-i386-64bit)
    method: GET
    uri: https://westus2.api.cognitive.microsoft.com/text/analytics/v3.1-preview.3/analyze/jobs/35f552d5-cafc-40cd-b538-535f338d3b71_637473024000000000
  response:
    body:
      string: '{"jobId":"35f552d5-cafc-40cd-b538-535f338d3b71_637473024000000000","lastUpdateDateTime":"2021-01-27T02:23:31Z","createdDateTime":"2021-01-27T02:23:31Z","expirationDateTime":"2021-01-28T02:23:31Z","status":"running","errors":[],"tasks":{"details":{"lastUpdateDateTime":"2021-01-27T02:23:31Z"},"completed":0,"failed":0,"inProgress":1,"total":1}}'
    headers:
      apim-request-id: f5733e3e-ad9e-4d90-bd97-adcd24af9909
      content-type: application/json; charset=utf-8
      date: Wed, 27 Jan 2021 02:25:24 GMT
      strict-transport-security: max-age=31536000; includeSubDomains; preload
      transfer-encoding: chunked
      x-content-type-options: nosniff
      x-envoy-upstream-service-time: '32'
    status:
      code: 200
      message: OK
    url: https://westus2.api.cognitive.microsoft.com/text/analytics/v3.1-preview.3/analyze/jobs/35f552d5-cafc-40cd-b538-535f338d3b71_637473024000000000
- request:
    body: null
    headers:
      User-Agent:
      - azsdk-python-ai-textanalytics/5.1.0b5 Python/3.8.5 (macOS-10.13.6-x86_64-i386-64bit)
    method: GET
    uri: https://westus2.api.cognitive.microsoft.com/text/analytics/v3.1-preview.3/analyze/jobs/35f552d5-cafc-40cd-b538-535f338d3b71_637473024000000000
  response:
    body:
      string: '{"jobId":"35f552d5-cafc-40cd-b538-535f338d3b71_637473024000000000","lastUpdateDateTime":"2021-01-27T02:23:31Z","createdDateTime":"2021-01-27T02:23:31Z","expirationDateTime":"2021-01-28T02:23:31Z","status":"running","errors":[],"tasks":{"details":{"lastUpdateDateTime":"2021-01-27T02:23:31Z"},"completed":0,"failed":0,"inProgress":1,"total":1}}'
    headers:
      apim-request-id: feef64d0-528e-4165-b242-b61e5734a0e5
      content-type: application/json; charset=utf-8
      date: Wed, 27 Jan 2021 02:25:30 GMT
      strict-transport-security: max-age=31536000; includeSubDomains; preload
      transfer-encoding: chunked
      x-content-type-options: nosniff
      x-envoy-upstream-service-time: '67'
    status:
      code: 200
      message: OK
    url: https://westus2.api.cognitive.microsoft.com/text/analytics/v3.1-preview.3/analyze/jobs/35f552d5-cafc-40cd-b538-535f338d3b71_637473024000000000
- request:
    body: null
    headers:
      User-Agent:
      - azsdk-python-ai-textanalytics/5.1.0b5 Python/3.8.5 (macOS-10.13.6-x86_64-i386-64bit)
    method: GET
    uri: https://westus2.api.cognitive.microsoft.com/text/analytics/v3.1-preview.3/analyze/jobs/35f552d5-cafc-40cd-b538-535f338d3b71_637473024000000000
  response:
    body:
      string: '{"jobId":"35f552d5-cafc-40cd-b538-535f338d3b71_637473024000000000","lastUpdateDateTime":"2021-01-27T02:23:31Z","createdDateTime":"2021-01-27T02:23:31Z","expirationDateTime":"2021-01-28T02:23:31Z","status":"running","errors":[],"tasks":{"details":{"lastUpdateDateTime":"2021-01-27T02:23:31Z"},"completed":0,"failed":0,"inProgress":1,"total":1}}'
    headers:
      apim-request-id: b1d6ed61-31f7-484a-94f4-ec9f39f00fc0
      content-type: application/json; charset=utf-8
      date: Wed, 27 Jan 2021 02:25:34 GMT
      strict-transport-security: max-age=31536000; includeSubDomains; preload
      transfer-encoding: chunked
      x-content-type-options: nosniff
      x-envoy-upstream-service-time: '39'
    status:
      code: 200
      message: OK
    url: https://westus2.api.cognitive.microsoft.com/text/analytics/v3.1-preview.3/analyze/jobs/35f552d5-cafc-40cd-b538-535f338d3b71_637473024000000000
- request:
    body: null
    headers:
      User-Agent:
      - azsdk-python-ai-textanalytics/5.1.0b5 Python/3.8.5 (macOS-10.13.6-x86_64-i386-64bit)
    method: GET
    uri: https://westus2.api.cognitive.microsoft.com/text/analytics/v3.1-preview.3/analyze/jobs/35f552d5-cafc-40cd-b538-535f338d3b71_637473024000000000
  response:
    body:
      string: '{"jobId":"35f552d5-cafc-40cd-b538-535f338d3b71_637473024000000000","lastUpdateDateTime":"2021-01-27T02:23:31Z","createdDateTime":"2021-01-27T02:23:31Z","expirationDateTime":"2021-01-28T02:23:31Z","status":"running","errors":[],"tasks":{"details":{"lastUpdateDateTime":"2021-01-27T02:23:31Z"},"completed":0,"failed":0,"inProgress":1,"total":1}}'
    headers:
      apim-request-id: 67911d23-9354-4adb-aca2-c82c77bff7cb
      content-type: application/json; charset=utf-8
      date: Wed, 27 Jan 2021 02:25:40 GMT
      strict-transport-security: max-age=31536000; includeSubDomains; preload
      transfer-encoding: chunked
      x-content-type-options: nosniff
      x-envoy-upstream-service-time: '53'
    status:
      code: 200
      message: OK
    url: https://westus2.api.cognitive.microsoft.com/text/analytics/v3.1-preview.3/analyze/jobs/35f552d5-cafc-40cd-b538-535f338d3b71_637473024000000000
- request:
    body: null
    headers:
      User-Agent:
      - azsdk-python-ai-textanalytics/5.1.0b5 Python/3.8.5 (macOS-10.13.6-x86_64-i386-64bit)
    method: GET
    uri: https://westus2.api.cognitive.microsoft.com/text/analytics/v3.1-preview.3/analyze/jobs/35f552d5-cafc-40cd-b538-535f338d3b71_637473024000000000
  response:
    body:
      string: '{"jobId":"35f552d5-cafc-40cd-b538-535f338d3b71_637473024000000000","lastUpdateDateTime":"2021-01-27T02:23:31Z","createdDateTime":"2021-01-27T02:23:31Z","expirationDateTime":"2021-01-28T02:23:31Z","status":"succeeded","errors":[],"tasks":{"details":{"lastUpdateDateTime":"2021-01-27T02:23:31Z"},"completed":1,"failed":0,"inProgress":0,"total":1,"entityRecognitionPiiTasks":[{"lastUpdateDateTime":"2021-01-27T02:23:31.9619499Z","results":{"inTerminalState":true,"documents":[{"redactedText":"My
        SSN is ***********.","id":"0","entities":[{"text":"859-98-0987","category":"U.S.
        Social Security Number (SSN)","offset":10,"length":11,"confidenceScore":0.65}],"warnings":[]},{"redactedText":"Your
        ABA number - ********* - is the first 9 digits in the lower left hand corner
        of your personal check.","id":"1","entities":[{"text":"111000025","category":"Phone
        Number","offset":18,"length":9,"confidenceScore":0.8},{"text":"111000025","category":"ABA
        Routing Number","offset":18,"length":9,"confidenceScore":0.75},{"text":"111000025","category":"New
        Zealand Social Welfare Number","offset":18,"length":9,"confidenceScore":0.65},{"text":"111000025","category":"Portugal
        Tax Identification Number","offset":18,"length":9,"confidenceScore":0.65}],"warnings":[]},{"redactedText":"Is
        ************** your Brazilian CPF number?","id":"2","entities":[{"text":"998.214.865-68","category":"Brazil
        CPF Number","offset":3,"length":14,"confidenceScore":0.85}],"warnings":[]}],"errors":[],"modelVersion":"2020-07-01"}}]}}'
    headers:
      apim-request-id: 35cbf2d4-25fa-4c8e-9456-1861a3bcc6f5
      content-type: application/json; charset=utf-8
      date: Wed, 27 Jan 2021 02:25:45 GMT
      strict-transport-security: max-age=31536000; includeSubDomains; preload
      transfer-encoding: chunked
      x-content-type-options: nosniff
      x-envoy-upstream-service-time: '65'
    status:
      code: 200
      message: OK
    url: https://westus2.api.cognitive.microsoft.com/text/analytics/v3.1-preview.3/analyze/jobs/35f552d5-cafc-40cd-b538-535f338d3b71_637473024000000000
version: 1
