interactions:
- request:
    body: '{"tasks": {"entityRecognitionTasks": [{"parameters": {"model-version":
      "latest", "stringIndexType": "TextElements_v8"}}], "entityRecognitionPiiTasks":
      [], "keyPhraseExtractionTasks": []}, "analysisInput": {"documents": [{"id":
      "1", "text": "Microsoft was founded by Bill Gates and Paul Allen on April 4,
      1975.", "language": "en"}, {"id": "2", "text": "Microsoft fue fundado por Bill
      Gates y Paul Allen el 4 de abril de 1975.", "language": "es"}, {"id": "3", "text":
      "Microsoft wurde am 4. April 1975 von Bill Gates und Paul Allen gegr\u00fcndet.",
      "language": "de"}]}}'
    headers:
      Accept:
      - application/json, text/json
      Content-Length:
      - '568'
      Content-Type:
      - application/json
      User-Agent:
      - azsdk-python-ai-textanalytics/5.1.0b3 Python/3.8.5 (macOS-10.13.6-x86_64-i386-64bit)
    method: POST
    uri: https://westus2.api.cognitive.microsoft.com/text/analytics/v3.1-preview.3/analyze
  response:
    body:
      string: ''
    headers:
      apim-request-id: b4ca58d5-eb5d-42d7-ba11-90dc8915dda1
      date: Thu, 19 Nov 2020 21:17:34 GMT
      operation-location: https://westus2.api.cognitive.microsoft.com/text/analytics/v3.1-preview.3/analyze/jobs/773e9ca3-f76f-4107-913c-4cf1addcc01b_637413408000000000
      strict-transport-security: max-age=31536000; includeSubDomains; preload
      transfer-encoding: chunked
      x-content-type-options: nosniff
      x-envoy-upstream-service-time: '25'
    status:
      code: 202
      message: Accepted
    url: https://westus2.api.cognitive.microsoft.com//text/analytics/v3.1-preview.3/analyze
- request:
    body: null
    headers:
      User-Agent:
      - azsdk-python-ai-textanalytics/5.1.0b3 Python/3.8.5 (macOS-10.13.6-x86_64-i386-64bit)
    method: GET
    uri: https://westus2.api.cognitive.microsoft.com/text/analytics/v3.1-preview.3/analyze/jobs/773e9ca3-f76f-4107-913c-4cf1addcc01b_637413408000000000
  response:
    body:
      string: '{"jobId":"773e9ca3-f76f-4107-913c-4cf1addcc01b_637413408000000000","lastUpdateDateTime":"2020-11-19T21:17:35Z","createdDateTime":"2020-11-19T21:17:35Z","expirationDateTime":"2020-11-20T21:17:35Z","status":"running","errors":[],"tasks":{"details":{"lastUpdateDateTime":"2020-11-19T21:17:35Z"},"completed":0,"failed":0,"inProgress":1,"total":1}}'
    headers:
      apim-request-id: 32ca6268-75a9-41c2-93d4-8acf934046d5
      content-type: application/json; charset=utf-8
      date: Thu, 19 Nov 2020 21:17:40 GMT
      strict-transport-security: max-age=31536000; includeSubDomains; preload
      transfer-encoding: chunked
      x-content-type-options: nosniff
      x-envoy-upstream-service-time: '33'
    status:
      code: 200
      message: OK
    url: https://westus2.api.cognitive.microsoft.com/text/analytics/v3.1-preview.3/analyze/jobs/773e9ca3-f76f-4107-913c-4cf1addcc01b_637413408000000000
- request:
    body: null
    headers:
      User-Agent:
      - azsdk-python-ai-textanalytics/5.1.0b3 Python/3.8.5 (macOS-10.13.6-x86_64-i386-64bit)
    method: GET
    uri: https://westus2.api.cognitive.microsoft.com/text/analytics/v3.1-preview.3/analyze/jobs/773e9ca3-f76f-4107-913c-4cf1addcc01b_637413408000000000
  response:
    body:
      string: '{"jobId":"773e9ca3-f76f-4107-913c-4cf1addcc01b_637413408000000000","lastUpdateDateTime":"2020-11-19T21:17:35Z","createdDateTime":"2020-11-19T21:17:35Z","expirationDateTime":"2020-11-20T21:17:35Z","status":"running","errors":[],"tasks":{"details":{"lastUpdateDateTime":"2020-11-19T21:17:35Z"},"completed":0,"failed":0,"inProgress":1,"total":1}}'
    headers:
      apim-request-id: 4483cbad-8452-4d9b-9694-befea9cb55db
      content-type: application/json; charset=utf-8
      date: Thu, 19 Nov 2020 21:17:45 GMT
      strict-transport-security: max-age=31536000; includeSubDomains; preload
      transfer-encoding: chunked
      x-content-type-options: nosniff
      x-envoy-upstream-service-time: '29'
    status:
      code: 200
      message: OK
    url: https://westus2.api.cognitive.microsoft.com/text/analytics/v3.1-preview.3/analyze/jobs/773e9ca3-f76f-4107-913c-4cf1addcc01b_637413408000000000
- request:
    body: null
    headers:
      User-Agent:
      - azsdk-python-ai-textanalytics/5.1.0b3 Python/3.8.5 (macOS-10.13.6-x86_64-i386-64bit)
    method: GET
    uri: https://westus2.api.cognitive.microsoft.com/text/analytics/v3.1-preview.3/analyze/jobs/773e9ca3-f76f-4107-913c-4cf1addcc01b_637413408000000000
  response:
    body:
      string: '{"jobId":"773e9ca3-f76f-4107-913c-4cf1addcc01b_637413408000000000","lastUpdateDateTime":"2020-11-19T21:17:35Z","createdDateTime":"2020-11-19T21:17:35Z","expirationDateTime":"2020-11-20T21:17:35Z","status":"running","errors":[],"tasks":{"details":{"lastUpdateDateTime":"2020-11-19T21:17:35Z"},"completed":0,"failed":0,"inProgress":1,"total":1}}'
    headers:
      apim-request-id: e9cc9228-b82b-4745-a45d-bcc41e1e9b19
      content-type: application/json; charset=utf-8
      date: Thu, 19 Nov 2020 21:17:50 GMT
      strict-transport-security: max-age=31536000; includeSubDomains; preload
      transfer-encoding: chunked
      x-content-type-options: nosniff
      x-envoy-upstream-service-time: '39'
    status:
      code: 200
      message: OK
    url: https://westus2.api.cognitive.microsoft.com/text/analytics/v3.1-preview.3/analyze/jobs/773e9ca3-f76f-4107-913c-4cf1addcc01b_637413408000000000
- request:
    body: null
    headers:
      User-Agent:
      - azsdk-python-ai-textanalytics/5.1.0b3 Python/3.8.5 (macOS-10.13.6-x86_64-i386-64bit)
    method: GET
    uri: https://westus2.api.cognitive.microsoft.com/text/analytics/v3.1-preview.3/analyze/jobs/773e9ca3-f76f-4107-913c-4cf1addcc01b_637413408000000000
  response:
    body:
      string: '{"jobId":"773e9ca3-f76f-4107-913c-4cf1addcc01b_637413408000000000","lastUpdateDateTime":"2020-11-19T21:17:35Z","createdDateTime":"2020-11-19T21:17:35Z","expirationDateTime":"2020-11-20T21:17:35Z","status":"running","errors":[],"tasks":{"details":{"lastUpdateDateTime":"2020-11-19T21:17:35Z"},"completed":0,"failed":0,"inProgress":1,"total":1}}'
    headers:
      apim-request-id: 4cf7a234-56f0-44ff-acd4-85afdc5afd7b
      content-type: application/json; charset=utf-8
      date: Thu, 19 Nov 2020 21:17:55 GMT
      strict-transport-security: max-age=31536000; includeSubDomains; preload
      transfer-encoding: chunked
      x-content-type-options: nosniff
      x-envoy-upstream-service-time: '37'
    status:
      code: 200
      message: OK
    url: https://westus2.api.cognitive.microsoft.com/text/analytics/v3.1-preview.3/analyze/jobs/773e9ca3-f76f-4107-913c-4cf1addcc01b_637413408000000000
- request:
    body: null
    headers:
      User-Agent:
      - azsdk-python-ai-textanalytics/5.1.0b3 Python/3.8.5 (macOS-10.13.6-x86_64-i386-64bit)
    method: GET
    uri: https://westus2.api.cognitive.microsoft.com/text/analytics/v3.1-preview.3/analyze/jobs/773e9ca3-f76f-4107-913c-4cf1addcc01b_637413408000000000
  response:
    body:
      string: '{"jobId":"773e9ca3-f76f-4107-913c-4cf1addcc01b_637413408000000000","lastUpdateDateTime":"2020-11-19T21:17:35Z","createdDateTime":"2020-11-19T21:17:35Z","expirationDateTime":"2020-11-20T21:17:35Z","status":"running","errors":[],"tasks":{"details":{"lastUpdateDateTime":"2020-11-19T21:17:35Z"},"completed":0,"failed":0,"inProgress":1,"total":1}}'
    headers:
      apim-request-id: d94c5b12-0f30-46da-9ac0-e695a211fd7a
      content-type: application/json; charset=utf-8
      date: Thu, 19 Nov 2020 21:18:00 GMT
      strict-transport-security: max-age=31536000; includeSubDomains; preload
      transfer-encoding: chunked
      x-content-type-options: nosniff
      x-envoy-upstream-service-time: '35'
    status:
      code: 200
      message: OK
    url: https://westus2.api.cognitive.microsoft.com/text/analytics/v3.1-preview.3/analyze/jobs/773e9ca3-f76f-4107-913c-4cf1addcc01b_637413408000000000
- request:
    body: null
    headers:
      User-Agent:
      - azsdk-python-ai-textanalytics/5.1.0b3 Python/3.8.5 (macOS-10.13.6-x86_64-i386-64bit)
    method: GET
    uri: https://westus2.api.cognitive.microsoft.com/text/analytics/v3.1-preview.3/analyze/jobs/773e9ca3-f76f-4107-913c-4cf1addcc01b_637413408000000000
  response:
    body:
      string: '{"jobId":"773e9ca3-f76f-4107-913c-4cf1addcc01b_637413408000000000","lastUpdateDateTime":"2020-11-19T21:17:35Z","createdDateTime":"2020-11-19T21:17:35Z","expirationDateTime":"2020-11-20T21:17:35Z","status":"running","errors":[],"tasks":{"details":{"lastUpdateDateTime":"2020-11-19T21:17:35Z"},"completed":0,"failed":0,"inProgress":1,"total":1}}'
    headers:
      apim-request-id: 173dad8c-5a60-402a-8928-498fa5ba5309
      content-type: application/json; charset=utf-8
      date: Thu, 19 Nov 2020 21:18:06 GMT
      strict-transport-security: max-age=31536000; includeSubDomains; preload
      transfer-encoding: chunked
      x-content-type-options: nosniff
      x-envoy-upstream-service-time: '33'
    status:
      code: 200
      message: OK
    url: https://westus2.api.cognitive.microsoft.com/text/analytics/v3.1-preview.3/analyze/jobs/773e9ca3-f76f-4107-913c-4cf1addcc01b_637413408000000000
- request:
    body: null
    headers:
      User-Agent:
      - azsdk-python-ai-textanalytics/5.1.0b3 Python/3.8.5 (macOS-10.13.6-x86_64-i386-64bit)
    method: GET
    uri: https://westus2.api.cognitive.microsoft.com/text/analytics/v3.1-preview.3/analyze/jobs/773e9ca3-f76f-4107-913c-4cf1addcc01b_637413408000000000
  response:
    body:
      string: '{"jobId":"773e9ca3-f76f-4107-913c-4cf1addcc01b_637413408000000000","lastUpdateDateTime":"2020-11-19T21:17:35Z","createdDateTime":"2020-11-19T21:17:35Z","expirationDateTime":"2020-11-20T21:17:35Z","status":"running","errors":[],"tasks":{"details":{"lastUpdateDateTime":"2020-11-19T21:17:35Z"},"completed":0,"failed":0,"inProgress":1,"total":1}}'
    headers:
      apim-request-id: 61b8c815-527f-4e15-8f62-4c4f52655eda
      content-type: application/json; charset=utf-8
      date: Thu, 19 Nov 2020 21:18:11 GMT
      strict-transport-security: max-age=31536000; includeSubDomains; preload
      transfer-encoding: chunked
      x-content-type-options: nosniff
      x-envoy-upstream-service-time: '34'
    status:
      code: 200
      message: OK
    url: https://westus2.api.cognitive.microsoft.com/text/analytics/v3.1-preview.3/analyze/jobs/773e9ca3-f76f-4107-913c-4cf1addcc01b_637413408000000000
- request:
    body: null
    headers:
      User-Agent:
      - azsdk-python-ai-textanalytics/5.1.0b3 Python/3.8.5 (macOS-10.13.6-x86_64-i386-64bit)
    method: GET
    uri: https://westus2.api.cognitive.microsoft.com/text/analytics/v3.1-preview.3/analyze/jobs/773e9ca3-f76f-4107-913c-4cf1addcc01b_637413408000000000
  response:
    body:
      string: '{"jobId":"773e9ca3-f76f-4107-913c-4cf1addcc01b_637413408000000000","lastUpdateDateTime":"2020-11-19T21:17:35Z","createdDateTime":"2020-11-19T21:17:35Z","expirationDateTime":"2020-11-20T21:17:35Z","status":"running","errors":[],"tasks":{"details":{"lastUpdateDateTime":"2020-11-19T21:17:35Z"},"completed":0,"failed":0,"inProgress":1,"total":1}}'
    headers:
      apim-request-id: 629fb4a2-b6bb-4b6d-9f0d-5802676ca35b
      content-type: application/json; charset=utf-8
      date: Thu, 19 Nov 2020 21:18:16 GMT
      strict-transport-security: max-age=31536000; includeSubDomains; preload
      transfer-encoding: chunked
      x-content-type-options: nosniff
      x-envoy-upstream-service-time: '39'
    status:
      code: 200
      message: OK
    url: https://westus2.api.cognitive.microsoft.com/text/analytics/v3.1-preview.3/analyze/jobs/773e9ca3-f76f-4107-913c-4cf1addcc01b_637413408000000000
- request:
    body: null
    headers:
      User-Agent:
      - azsdk-python-ai-textanalytics/5.1.0b3 Python/3.8.5 (macOS-10.13.6-x86_64-i386-64bit)
    method: GET
    uri: https://westus2.api.cognitive.microsoft.com/text/analytics/v3.1-preview.3/analyze/jobs/773e9ca3-f76f-4107-913c-4cf1addcc01b_637413408000000000
  response:
    body:
      string: '{"jobId":"773e9ca3-f76f-4107-913c-4cf1addcc01b_637413408000000000","lastUpdateDateTime":"2020-11-19T21:17:35Z","createdDateTime":"2020-11-19T21:17:35Z","expirationDateTime":"2020-11-20T21:17:35Z","status":"running","errors":[],"tasks":{"details":{"lastUpdateDateTime":"2020-11-19T21:17:35Z"},"completed":0,"failed":0,"inProgress":1,"total":1}}'
    headers:
      apim-request-id: f8b5e835-5925-4585-9d0c-cc4a87a0c63e
      content-type: application/json; charset=utf-8
      date: Thu, 19 Nov 2020 21:18:21 GMT
      strict-transport-security: max-age=31536000; includeSubDomains; preload
      transfer-encoding: chunked
      x-content-type-options: nosniff
      x-envoy-upstream-service-time: '37'
    status:
      code: 200
      message: OK
    url: https://westus2.api.cognitive.microsoft.com/text/analytics/v3.1-preview.3/analyze/jobs/773e9ca3-f76f-4107-913c-4cf1addcc01b_637413408000000000
- request:
    body: null
    headers:
      User-Agent:
      - azsdk-python-ai-textanalytics/5.1.0b3 Python/3.8.5 (macOS-10.13.6-x86_64-i386-64bit)
    method: GET
    uri: https://westus2.api.cognitive.microsoft.com/text/analytics/v3.1-preview.3/analyze/jobs/773e9ca3-f76f-4107-913c-4cf1addcc01b_637413408000000000
  response:
    body:
      string: '{"jobId":"773e9ca3-f76f-4107-913c-4cf1addcc01b_637413408000000000","lastUpdateDateTime":"2020-11-19T21:17:35Z","createdDateTime":"2020-11-19T21:17:35Z","expirationDateTime":"2020-11-20T21:17:35Z","status":"running","errors":[],"tasks":{"details":{"lastUpdateDateTime":"2020-11-19T21:17:35Z"},"completed":0,"failed":0,"inProgress":1,"total":1}}'
    headers:
      apim-request-id: 2d8026ca-62a3-41c5-9680-67b68fd78d6c
      content-type: application/json; charset=utf-8
      date: Thu, 19 Nov 2020 21:18:26 GMT
      strict-transport-security: max-age=31536000; includeSubDomains; preload
      transfer-encoding: chunked
      x-content-type-options: nosniff
      x-envoy-upstream-service-time: '37'
    status:
      code: 200
      message: OK
    url: https://westus2.api.cognitive.microsoft.com/text/analytics/v3.1-preview.3/analyze/jobs/773e9ca3-f76f-4107-913c-4cf1addcc01b_637413408000000000
- request:
    body: null
    headers:
      User-Agent:
      - azsdk-python-ai-textanalytics/5.1.0b3 Python/3.8.5 (macOS-10.13.6-x86_64-i386-64bit)
    method: GET
    uri: https://westus2.api.cognitive.microsoft.com/text/analytics/v3.1-preview.3/analyze/jobs/773e9ca3-f76f-4107-913c-4cf1addcc01b_637413408000000000
  response:
    body:
      string: '{"jobId":"773e9ca3-f76f-4107-913c-4cf1addcc01b_637413408000000000","lastUpdateDateTime":"2020-11-19T21:17:35Z","createdDateTime":"2020-11-19T21:17:35Z","expirationDateTime":"2020-11-20T21:17:35Z","status":"running","errors":[],"tasks":{"details":{"lastUpdateDateTime":"2020-11-19T21:17:35Z"},"completed":0,"failed":0,"inProgress":1,"total":1}}'
    headers:
      apim-request-id: b57b39d3-df9f-4461-a449-84ca657544cd
      content-type: application/json; charset=utf-8
      date: Thu, 19 Nov 2020 21:18:31 GMT
      strict-transport-security: max-age=31536000; includeSubDomains; preload
      transfer-encoding: chunked
      x-content-type-options: nosniff
      x-envoy-upstream-service-time: '47'
    status:
      code: 200
      message: OK
    url: https://westus2.api.cognitive.microsoft.com/text/analytics/v3.1-preview.3/analyze/jobs/773e9ca3-f76f-4107-913c-4cf1addcc01b_637413408000000000
- request:
    body: null
    headers:
      User-Agent:
      - azsdk-python-ai-textanalytics/5.1.0b3 Python/3.8.5 (macOS-10.13.6-x86_64-i386-64bit)
    method: GET
    uri: https://westus2.api.cognitive.microsoft.com/text/analytics/v3.1-preview.3/analyze/jobs/773e9ca3-f76f-4107-913c-4cf1addcc01b_637413408000000000
  response:
    body:
      string: '{"jobId":"773e9ca3-f76f-4107-913c-4cf1addcc01b_637413408000000000","lastUpdateDateTime":"2020-11-19T21:17:35Z","createdDateTime":"2020-11-19T21:17:35Z","expirationDateTime":"2020-11-20T21:17:35Z","status":"running","errors":[],"tasks":{"details":{"lastUpdateDateTime":"2020-11-19T21:17:35Z"},"completed":0,"failed":0,"inProgress":1,"total":1}}'
    headers:
      apim-request-id: 0d4a309b-fb6e-436d-9cc6-d2bbcb15e729
      content-type: application/json; charset=utf-8
      date: Thu, 19 Nov 2020 21:18:36 GMT
      strict-transport-security: max-age=31536000; includeSubDomains; preload
      transfer-encoding: chunked
      x-content-type-options: nosniff
      x-envoy-upstream-service-time: '30'
    status:
      code: 200
      message: OK
    url: https://westus2.api.cognitive.microsoft.com/text/analytics/v3.1-preview.3/analyze/jobs/773e9ca3-f76f-4107-913c-4cf1addcc01b_637413408000000000
- request:
    body: null
    headers:
      User-Agent:
      - azsdk-python-ai-textanalytics/5.1.0b3 Python/3.8.5 (macOS-10.13.6-x86_64-i386-64bit)
    method: GET
    uri: https://westus2.api.cognitive.microsoft.com/text/analytics/v3.1-preview.3/analyze/jobs/773e9ca3-f76f-4107-913c-4cf1addcc01b_637413408000000000
  response:
    body:
      string: '{"jobId":"773e9ca3-f76f-4107-913c-4cf1addcc01b_637413408000000000","lastUpdateDateTime":"2020-11-19T21:17:35Z","createdDateTime":"2020-11-19T21:17:35Z","expirationDateTime":"2020-11-20T21:17:35Z","status":"running","errors":[],"tasks":{"details":{"lastUpdateDateTime":"2020-11-19T21:17:35Z"},"completed":0,"failed":0,"inProgress":1,"total":1}}'
    headers:
      apim-request-id: ad70fa39-0d36-48b3-ba1e-111979266f8a
      content-type: application/json; charset=utf-8
      date: Thu, 19 Nov 2020 21:18:42 GMT
      strict-transport-security: max-age=31536000; includeSubDomains; preload
      transfer-encoding: chunked
      x-content-type-options: nosniff
      x-envoy-upstream-service-time: '35'
    status:
      code: 200
      message: OK
    url: https://westus2.api.cognitive.microsoft.com/text/analytics/v3.1-preview.3/analyze/jobs/773e9ca3-f76f-4107-913c-4cf1addcc01b_637413408000000000
- request:
    body: null
    headers:
      User-Agent:
      - azsdk-python-ai-textanalytics/5.1.0b3 Python/3.8.5 (macOS-10.13.6-x86_64-i386-64bit)
    method: GET
    uri: https://westus2.api.cognitive.microsoft.com/text/analytics/v3.1-preview.3/analyze/jobs/773e9ca3-f76f-4107-913c-4cf1addcc01b_637413408000000000
  response:
    body:
      string: '{"jobId":"773e9ca3-f76f-4107-913c-4cf1addcc01b_637413408000000000","lastUpdateDateTime":"2020-11-19T21:17:35Z","createdDateTime":"2020-11-19T21:17:35Z","expirationDateTime":"2020-11-20T21:17:35Z","status":"succeeded","errors":[],"tasks":{"details":{"lastUpdateDateTime":"2020-11-19T21:17:35Z"},"completed":1,"failed":0,"inProgress":0,"total":1,"entityRecognitionTasks":[{"lastUpdateDateTime":"2020-11-19T21:17:35.76249Z","results":{"inTerminalState":true,"documents":[{"id":"1","entities":[{"text":"Microsoft","category":"Organization","offset":0,"length":9,"confidenceScore":0.8},{"text":"Bill
        Gates","category":"Person","offset":25,"length":10,"confidenceScore":0.83},{"text":"Paul
        Allen","category":"Person","offset":40,"length":10,"confidenceScore":0.87},{"text":"April
        4, 1975","category":"DateTime","subcategory":"Date","offset":54,"length":13,"confidenceScore":0.8}],"warnings":[]},{"id":"2","entities":[{"text":"Microsoft","category":"Organization","offset":0,"length":9,"confidenceScore":0.89},{"text":"Bill
        Gates","category":"Person","offset":26,"length":10,"confidenceScore":0.8},{"text":"Paul
        Allen","category":"Person","offset":39,"length":10,"confidenceScore":0.75},{"text":"4
        de abril de 1975","category":"DateTime","subcategory":"Date","offset":53,"length":18,"confidenceScore":0.8}],"warnings":[]},{"id":"3","entities":[{"text":"Microsoft","category":"Organization","offset":0,"length":9,"confidenceScore":1.0},{"text":"4.
        April 1975","category":"DateTime","subcategory":"Date","offset":19,"length":13,"confidenceScore":0.8},{"text":"Bill
        Gates","category":"Person","offset":37,"length":10,"confidenceScore":0.86},{"text":"Paul
        Allen","category":"Person","offset":52,"length":10,"confidenceScore":0.98}],"warnings":[]}],"errors":[],"modelVersion":"2020-04-01"}}]}}'
    headers:
      apim-request-id: b45a19fe-86d3-410c-8a26-077043517d4e
      content-type: application/json; charset=utf-8
      date: Thu, 19 Nov 2020 21:18:47 GMT
      strict-transport-security: max-age=31536000; includeSubDomains; preload
      transfer-encoding: chunked
      x-content-type-options: nosniff
      x-envoy-upstream-service-time: '93'
    status:
      code: 200
      message: OK
    url: https://westus2.api.cognitive.microsoft.com/text/analytics/v3.1-preview.3/analyze/jobs/773e9ca3-f76f-4107-913c-4cf1addcc01b_637413408000000000
version: 1
