interactions:
- request:
    body: '{"documents": [{"id": "1", "text": "I will go to the park.", "language":
      "en"}, {"id": "2", "text": "I did not like the hotel we stayed at.", "language":
      "en"}, {"id": "3", "text": "The restaurant had really good food.", "language":
      "en"}]}'
    headers:
      Accept:
      - application/json, text/json
      Accept-Encoding:
      - gzip, deflate
      Connection:
      - keep-alive
      Content-Length:
      - '240'
      Content-Type:
      - application/json
      User-Agent:
      - azsdk-python-ai-textanalytics/5.2.0b1 Python/3.9.0 (Windows-10-10.0.19041-SP0)
    method: POST
    uri: https://westus2.api.cognitive.microsoft.com/text/analytics/v3.2-preview.1/sentiment?showStats=false&stringIndexType=UnicodeCodePoint
  response:
    body:
      string: '{"documents":[{"id":"1","sentiment":"neutral","confidenceScores":{"positive":0.09,"neutral":0.9,"negative":0.01},"sentences":[{"sentiment":"neutral","confidenceScores":{"positive":0.09,"neutral":0.9,"negative":0.01},"offset":0,"length":22,"text":"I
        will go to the park."}],"warnings":[]},{"id":"2","sentiment":"negative","confidenceScores":{"positive":0.01,"neutral":0.45,"negative":0.54},"sentences":[{"sentiment":"negative","confidenceScores":{"positive":0.01,"neutral":0.45,"negative":0.54},"offset":0,"length":38,"text":"I
        did not like the hotel we stayed at."}],"warnings":[]},{"id":"3","sentiment":"positive","confidenceScores":{"positive":1.0,"neutral":0.0,"negative":0.0},"sentences":[{"sentiment":"positive","confidenceScores":{"positive":1.0,"neutral":0.0,"negative":0.0},"offset":0,"length":36,"text":"The
        restaurant had really good food."}],"warnings":[]}],"errors":[],"modelVersion":"2020-04-01"}'
    headers:
      apim-request-id:
      - 60c4fd71-76a1-402b-a9ba-bbf7ace63164
      content-type:
      - application/json; charset=utf-8
      csp-billing-usage:
      - CognitiveServices.TextAnalytics.BatchScoring=3,CognitiveServices.TextAnalytics.TextRecords=3
      date:
      - Mon, 02 Aug 2021 19:16:01 GMT
      strict-transport-security:
      - max-age=31536000; includeSubDomains; preload
      transfer-encoding:
      - chunked
      x-content-type-options:
      - nosniff
      x-envoy-upstream-service-time:
      - '107'
    status:
      code: 200
      message: OK
- request:
    body: '{"documents": [{"id": "1", "text": "I will go to the park.", "language":
      "en"}, {"id": "2", "text": "I did not like the hotel we stayed at.", "language":
      "en"}, {"id": "3", "text": "The restaurant had really good food.", "language":
      "en"}]}'
    headers:
      Accept:
      - application/json, text/json
      Accept-Encoding:
      - gzip, deflate
      Connection:
      - keep-alive
      Content-Length:
      - '240'
      Content-Type:
      - application/json
      User-Agent:
      - azsdk-python-ai-textanalytics/5.2.0b1 Python/3.9.0 (Windows-10-10.0.19041-SP0)
    method: POST
    uri: https://westus2.api.cognitive.microsoft.com/text/analytics/v3.2-preview.1/sentiment?showStats=false&stringIndexType=UnicodeCodePoint
  response:
    body:
      string: '{"error":{"code":"401","message":"Access denied due to invalid subscription
        key or wrong API endpoint. Make sure to provide a valid key for an active
        subscription and use a correct regional API endpoint for your resource."}}'
    headers:
      apim-request-id:
      - 4906dd58-86db-4ae5-826b-a765d9146927
      content-length:
      - '224'
      content-type:
      - application/json
      date:
      - Mon, 02 Aug 2021 19:16:01 GMT
    status:
      code: 401
      message: PermissionDenied
- request:
    body: '{"documents": [{"id": "1", "text": "I will go to the park.", "language":
      "en"}, {"id": "2", "text": "I did not like the hotel we stayed at.", "language":
      "en"}, {"id": "3", "text": "The restaurant had really good food.", "language":
      "en"}]}'
    headers:
      Accept:
      - application/json, text/json
      Accept-Encoding:
      - gzip, deflate
      Connection:
      - keep-alive
      Content-Length:
      - '240'
      Content-Type:
      - application/json
      User-Agent:
      - azsdk-python-ai-textanalytics/5.2.0b1 Python/3.9.0 (Windows-10-10.0.19041-SP0)
    method: POST
    uri: https://westus2.api.cognitive.microsoft.com/text/analytics/v3.2-preview.1/sentiment?showStats=false&stringIndexType=UnicodeCodePoint
  response:
    body:
      string: '{"documents":[{"id":"1","sentiment":"neutral","confidenceScores":{"positive":0.09,"neutral":0.9,"negative":0.01},"sentences":[{"sentiment":"neutral","confidenceScores":{"positive":0.09,"neutral":0.9,"negative":0.01},"offset":0,"length":22,"text":"I
        will go to the park."}],"warnings":[]},{"id":"2","sentiment":"negative","confidenceScores":{"positive":0.01,"neutral":0.45,"negative":0.54},"sentences":[{"sentiment":"negative","confidenceScores":{"positive":0.01,"neutral":0.45,"negative":0.54},"offset":0,"length":38,"text":"I
        did not like the hotel we stayed at."}],"warnings":[]},{"id":"3","sentiment":"positive","confidenceScores":{"positive":1.0,"neutral":0.0,"negative":0.0},"sentences":[{"sentiment":"positive","confidenceScores":{"positive":1.0,"neutral":0.0,"negative":0.0},"offset":0,"length":36,"text":"The
        restaurant had really good food."}],"warnings":[]}],"errors":[],"modelVersion":"2020-04-01"}'
    headers:
      apim-request-id:
      - e1b64cf4-0ded-4714-8920-f322fb7eead0
      content-type:
      - application/json; charset=utf-8
      csp-billing-usage:
      - CognitiveServices.TextAnalytics.BatchScoring=3,CognitiveServices.TextAnalytics.TextRecords=3
      date:
      - Mon, 02 Aug 2021 19:16:02 GMT
      strict-transport-security:
      - max-age=31536000; includeSubDomains; preload
      transfer-encoding:
      - chunked
      x-content-type-options:
      - nosniff
      x-envoy-upstream-service-time:
      - '118'
    status:
      code: 200
      message: OK
version: 1
