interactions:
- request:
    body: '{"tasks": {"entityRecognitionTasks": [{"parameters": {"model-version":
      "latest", "loggingOptOut": true, "stringIndexType": "UnicodeCodePoint"}, "taskName":
      "0"}], "entityRecognitionPiiTasks": [{"parameters": {"model-version": "latest",
      "loggingOptOut": true, "stringIndexType": "UnicodeCodePoint"}, "taskName": "2"}],
      "keyPhraseExtractionTasks": [{"parameters": {"model-version": "latest", "loggingOptOut":
      true}, "taskName": "1"}], "entityLinkingTasks": [{"parameters": {"model-version":
      "latest", "loggingOptOut": true, "stringIndexType": "UnicodeCodePoint"}, "taskName":
      "3"}], "sentimentAnalysisTasks": [{"parameters": {"model-version": "latest",
      "loggingOptOut": true, "opinionMining": false}, "taskName": "4"}]}, "analysisInput":
      {"documents": [{"id": "0", "text": "Test for logging disable", "language": "en"}]}}'
    headers:
      Accept:
      - application/json, text/json
      Content-Length:
      - '819'
      Content-Type:
      - application/json
      User-Agent:
      - azsdk-python-ai-textanalytics/5.1.0 Python/3.9.0 (Windows-10-10.0.19041-SP0)
    method: POST
    uri: https://westus2.api.cognitive.microsoft.com/text/analytics/v3.1/analyze
  response:
    body:
      string: ''
    headers:
      apim-request-id: 5ec41bda-b3dc-4d6f-a26d-0cfd659ec8d3
      date: Thu, 24 Jun 2021 00:05:11 GMT
      operation-location: https://westus2.api.cognitive.microsoft.com/text/analytics/v3.1/analyze/jobs/d9a1ebb1-18d2-4a3f-886a-052ae0b41316
      strict-transport-security: max-age=31536000; includeSubDomains; preload
      transfer-encoding: chunked
      x-content-type-options: nosniff
      x-envoy-upstream-service-time: '363'
    status:
      code: 202
      message: Accepted
    url: https://textanalyticskrpratictextanalytics.cognitiveservices.azure.com//text/analytics/v3.1/analyze
- request:
    body: null
    headers:
      User-Agent:
      - azsdk-python-ai-textanalytics/5.1.0 Python/3.9.0 (Windows-10-10.0.19041-SP0)
    method: GET
    uri: https://westus2.api.cognitive.microsoft.com/text/analytics/v3.1/analyze/jobs/d9a1ebb1-18d2-4a3f-886a-052ae0b41316
  response:
    body:
      string: '{"jobId":"d9a1ebb1-18d2-4a3f-886a-052ae0b41316","lastUpdateDateTime":"2021-06-24T00:05:15Z","createdDateTime":"2021-06-24T00:05:11Z","expirationDateTime":"2021-06-25T00:05:11Z","status":"running","errors":[],"displayName":"NA","tasks":{"completed":1,"failed":0,"inProgress":4,"total":5,"entityLinkingTasks":[{"lastUpdateDateTime":"2021-06-24T00:05:12.9185211Z","taskName":"3","state":"succeeded","results":{"documents":[{"id":"0","entities":[{"name":"Test
        (assessment)","matches":[{"text":"Test","offset":0,"length":4,"confidenceScore":0.04}],"language":"en","id":"Test
        (assessment)","url":"https://en.wikipedia.org/wiki/Test_(assessment)","dataSource":"Wikipedia"}],"warnings":[]}],"errors":[],"modelVersion":"2020-02-01"}}]}}'
    headers:
      apim-request-id: 8c170cb8-39bd-4a44-8bb7-3463cf0413f4
      content-type: application/json; charset=utf-8
      date: Thu, 24 Jun 2021 00:05:16 GMT
      strict-transport-security: max-age=31536000; includeSubDomains; preload
      transfer-encoding: chunked
      x-content-type-options: nosniff
      x-envoy-upstream-service-time: '51'
    status:
      code: 200
      message: OK
    url: https://textanalyticskrpratictextanalytics.cognitiveservices.azure.com/text/analytics/v3.1/analyze/jobs/d9a1ebb1-18d2-4a3f-886a-052ae0b41316
- request:
    body: null
    headers:
      User-Agent:
      - azsdk-python-ai-textanalytics/5.1.0 Python/3.9.0 (Windows-10-10.0.19041-SP0)
    method: GET
    uri: https://westus2.api.cognitive.microsoft.com/text/analytics/v3.1/analyze/jobs/d9a1ebb1-18d2-4a3f-886a-052ae0b41316
  response:
    body:
      string: '{"jobId":"d9a1ebb1-18d2-4a3f-886a-052ae0b41316","lastUpdateDateTime":"2021-06-24T00:05:21Z","createdDateTime":"2021-06-24T00:05:11Z","expirationDateTime":"2021-06-25T00:05:11Z","status":"running","errors":[],"displayName":"NA","tasks":{"completed":2,"failed":0,"inProgress":3,"total":5,"entityLinkingTasks":[{"lastUpdateDateTime":"2021-06-24T00:05:12.9185211Z","taskName":"3","state":"succeeded","results":{"documents":[{"id":"0","entities":[{"name":"Test
        (assessment)","matches":[{"text":"Test","offset":0,"length":4,"confidenceScore":0.04}],"language":"en","id":"Test
        (assessment)","url":"https://en.wikipedia.org/wiki/Test_(assessment)","dataSource":"Wikipedia"}],"warnings":[]}],"errors":[],"modelVersion":"2020-02-01"}}],"entityRecognitionPiiTasks":[{"lastUpdateDateTime":"2021-06-24T00:05:21.5354918Z","taskName":"2","state":"succeeded","results":{"documents":[{"redactedText":"Test
        for logging disable","id":"0","entities":[],"warnings":[]}],"errors":[],"modelVersion":"2021-01-15"}}]}}'
    headers:
      apim-request-id: f8e0fece-897f-488d-927a-36e29f027b53
      content-type: application/json; charset=utf-8
      date: Thu, 24 Jun 2021 00:05:21 GMT
      strict-transport-security: max-age=31536000; includeSubDomains; preload
      transfer-encoding: chunked
      x-content-type-options: nosniff
      x-envoy-upstream-service-time: '101'
    status:
      code: 200
      message: OK
    url: https://textanalyticskrpratictextanalytics.cognitiveservices.azure.com/text/analytics/v3.1/analyze/jobs/d9a1ebb1-18d2-4a3f-886a-052ae0b41316
- request:
    body: null
    headers:
      User-Agent:
      - azsdk-python-ai-textanalytics/5.1.0 Python/3.9.0 (Windows-10-10.0.19041-SP0)
    method: GET
    uri: https://westus2.api.cognitive.microsoft.com/text/analytics/v3.1/analyze/jobs/d9a1ebb1-18d2-4a3f-886a-052ae0b41316
  response:
    body:
      string: '{"jobId":"d9a1ebb1-18d2-4a3f-886a-052ae0b41316","lastUpdateDateTime":"2021-06-24T00:05:21Z","createdDateTime":"2021-06-24T00:05:11Z","expirationDateTime":"2021-06-25T00:05:11Z","status":"running","errors":[],"displayName":"NA","tasks":{"completed":2,"failed":0,"inProgress":3,"total":5,"entityLinkingTasks":[{"lastUpdateDateTime":"2021-06-24T00:05:12.9185211Z","taskName":"3","state":"succeeded","results":{"documents":[{"id":"0","entities":[{"name":"Test
        (assessment)","matches":[{"text":"Test","offset":0,"length":4,"confidenceScore":0.04}],"language":"en","id":"Test
        (assessment)","url":"https://en.wikipedia.org/wiki/Test_(assessment)","dataSource":"Wikipedia"}],"warnings":[]}],"errors":[],"modelVersion":"2020-02-01"}}],"entityRecognitionPiiTasks":[{"lastUpdateDateTime":"2021-06-24T00:05:21.5354918Z","taskName":"2","state":"succeeded","results":{"documents":[{"redactedText":"Test
        for logging disable","id":"0","entities":[],"warnings":[]}],"errors":[],"modelVersion":"2021-01-15"}}]}}'
    headers:
      apim-request-id: 9f4f5c2e-902b-4a79-bc97-56cf26828a07
      content-type: application/json; charset=utf-8
      date: Thu, 24 Jun 2021 00:05:27 GMT
      strict-transport-security: max-age=31536000; includeSubDomains; preload
      transfer-encoding: chunked
      x-content-type-options: nosniff
      x-envoy-upstream-service-time: '83'
    status:
      code: 200
      message: OK
    url: https://textanalyticskrpratictextanalytics.cognitiveservices.azure.com/text/analytics/v3.1/analyze/jobs/d9a1ebb1-18d2-4a3f-886a-052ae0b41316
- request:
    body: null
    headers:
      User-Agent:
      - azsdk-python-ai-textanalytics/5.1.0 Python/3.9.0 (Windows-10-10.0.19041-SP0)
    method: GET
    uri: https://westus2.api.cognitive.microsoft.com/text/analytics/v3.1/analyze/jobs/d9a1ebb1-18d2-4a3f-886a-052ae0b41316
  response:
    body:
      string: '{"jobId":"d9a1ebb1-18d2-4a3f-886a-052ae0b41316","lastUpdateDateTime":"2021-06-24T00:05:21Z","createdDateTime":"2021-06-24T00:05:11Z","expirationDateTime":"2021-06-25T00:05:11Z","status":"running","errors":[],"displayName":"NA","tasks":{"completed":2,"failed":0,"inProgress":3,"total":5,"entityLinkingTasks":[{"lastUpdateDateTime":"2021-06-24T00:05:12.9185211Z","taskName":"3","state":"succeeded","results":{"documents":[{"id":"0","entities":[{"name":"Test
        (assessment)","matches":[{"text":"Test","offset":0,"length":4,"confidenceScore":0.04}],"language":"en","id":"Test
        (assessment)","url":"https://en.wikipedia.org/wiki/Test_(assessment)","dataSource":"Wikipedia"}],"warnings":[]}],"errors":[],"modelVersion":"2020-02-01"}}],"entityRecognitionPiiTasks":[{"lastUpdateDateTime":"2021-06-24T00:05:21.5354918Z","taskName":"2","state":"succeeded","results":{"documents":[{"redactedText":"Test
        for logging disable","id":"0","entities":[],"warnings":[]}],"errors":[],"modelVersion":"2021-01-15"}}]}}'
    headers:
      apim-request-id: 2cbc518a-475c-42e0-8319-e5f8fc249cd2
      content-type: application/json; charset=utf-8
      date: Thu, 24 Jun 2021 00:05:32 GMT
      strict-transport-security: max-age=31536000; includeSubDomains; preload
      transfer-encoding: chunked
      x-content-type-options: nosniff
      x-envoy-upstream-service-time: '98'
    status:
      code: 200
      message: OK
    url: https://textanalyticskrpratictextanalytics.cognitiveservices.azure.com/text/analytics/v3.1/analyze/jobs/d9a1ebb1-18d2-4a3f-886a-052ae0b41316
- request:
    body: null
    headers:
      User-Agent:
      - azsdk-python-ai-textanalytics/5.1.0 Python/3.9.0 (Windows-10-10.0.19041-SP0)
    method: GET
    uri: https://westus2.api.cognitive.microsoft.com/text/analytics/v3.1/analyze/jobs/d9a1ebb1-18d2-4a3f-886a-052ae0b41316
  response:
    body:
      string: '{"jobId":"d9a1ebb1-18d2-4a3f-886a-052ae0b41316","lastUpdateDateTime":"2021-06-24T00:05:21Z","createdDateTime":"2021-06-24T00:05:11Z","expirationDateTime":"2021-06-25T00:05:11Z","status":"running","errors":[],"displayName":"NA","tasks":{"completed":2,"failed":0,"inProgress":3,"total":5,"entityLinkingTasks":[{"lastUpdateDateTime":"2021-06-24T00:05:12.9185211Z","taskName":"3","state":"succeeded","results":{"documents":[{"id":"0","entities":[{"name":"Test
        (assessment)","matches":[{"text":"Test","offset":0,"length":4,"confidenceScore":0.04}],"language":"en","id":"Test
        (assessment)","url":"https://en.wikipedia.org/wiki/Test_(assessment)","dataSource":"Wikipedia"}],"warnings":[]}],"errors":[],"modelVersion":"2020-02-01"}}],"entityRecognitionPiiTasks":[{"lastUpdateDateTime":"2021-06-24T00:05:21.5354918Z","taskName":"2","state":"succeeded","results":{"documents":[{"redactedText":"Test
        for logging disable","id":"0","entities":[],"warnings":[]}],"errors":[],"modelVersion":"2021-01-15"}}]}}'
    headers:
      apim-request-id: 12161ca5-8555-4105-95a1-081a14ecc50d
      content-type: application/json; charset=utf-8
      date: Thu, 24 Jun 2021 00:05:37 GMT
      strict-transport-security: max-age=31536000; includeSubDomains; preload
      transfer-encoding: chunked
      x-content-type-options: nosniff
      x-envoy-upstream-service-time: '116'
    status:
      code: 200
      message: OK
    url: https://textanalyticskrpratictextanalytics.cognitiveservices.azure.com/text/analytics/v3.1/analyze/jobs/d9a1ebb1-18d2-4a3f-886a-052ae0b41316
- request:
    body: null
    headers:
      User-Agent:
      - azsdk-python-ai-textanalytics/5.1.0 Python/3.9.0 (Windows-10-10.0.19041-SP0)
    method: GET
    uri: https://westus2.api.cognitive.microsoft.com/text/analytics/v3.1/analyze/jobs/d9a1ebb1-18d2-4a3f-886a-052ae0b41316
  response:
    body:
      string: '{"jobId":"d9a1ebb1-18d2-4a3f-886a-052ae0b41316","lastUpdateDateTime":"2021-06-24T00:05:38Z","createdDateTime":"2021-06-24T00:05:11Z","expirationDateTime":"2021-06-25T00:05:11Z","status":"running","errors":[],"displayName":"NA","tasks":{"completed":3,"failed":0,"inProgress":2,"total":5,"entityRecognitionTasks":[{"lastUpdateDateTime":"2021-06-24T00:05:38.8392677Z","taskName":"0","state":"succeeded","results":{"documents":[{"id":"0","entities":[{"text":"logging","category":"Skill","offset":9,"length":7,"confidenceScore":0.61}],"warnings":[]}],"errors":[],"modelVersion":"2021-06-01"}}],"entityLinkingTasks":[{"lastUpdateDateTime":"2021-06-24T00:05:12.9185211Z","taskName":"3","state":"succeeded","results":{"documents":[{"id":"0","entities":[{"name":"Test
        (assessment)","matches":[{"text":"Test","offset":0,"length":4,"confidenceScore":0.04}],"language":"en","id":"Test
        (assessment)","url":"https://en.wikipedia.org/wiki/Test_(assessment)","dataSource":"Wikipedia"}],"warnings":[]}],"errors":[],"modelVersion":"2020-02-01"}}],"entityRecognitionPiiTasks":[{"lastUpdateDateTime":"2021-06-24T00:05:21.5354918Z","taskName":"2","state":"succeeded","results":{"documents":[{"redactedText":"Test
        for logging disable","id":"0","entities":[],"warnings":[]}],"errors":[],"modelVersion":"2021-01-15"}}]}}'
    headers:
      apim-request-id: 0ed17f84-dbe9-466b-ab89-96a2d72eb80a
      content-type: application/json; charset=utf-8
      date: Thu, 24 Jun 2021 00:05:42 GMT
      strict-transport-security: max-age=31536000; includeSubDomains; preload
      transfer-encoding: chunked
      x-content-type-options: nosniff
      x-envoy-upstream-service-time: '133'
    status:
      code: 200
      message: OK
    url: https://textanalyticskrpratictextanalytics.cognitiveservices.azure.com/text/analytics/v3.1/analyze/jobs/d9a1ebb1-18d2-4a3f-886a-052ae0b41316
- request:
    body: null
    headers:
      User-Agent:
      - azsdk-python-ai-textanalytics/5.1.0 Python/3.9.0 (Windows-10-10.0.19041-SP0)
    method: GET
    uri: https://westus2.api.cognitive.microsoft.com/text/analytics/v3.1/analyze/jobs/d9a1ebb1-18d2-4a3f-886a-052ae0b41316
  response:
    body:
      string: '{"jobId":"d9a1ebb1-18d2-4a3f-886a-052ae0b41316","lastUpdateDateTime":"2021-06-24T00:05:46Z","createdDateTime":"2021-06-24T00:05:11Z","expirationDateTime":"2021-06-25T00:05:11Z","status":"succeeded","errors":[],"displayName":"NA","tasks":{"completed":5,"failed":0,"inProgress":0,"total":5,"entityRecognitionTasks":[{"lastUpdateDateTime":"2021-06-24T00:05:38.8392677Z","taskName":"0","state":"succeeded","results":{"documents":[{"id":"0","entities":[{"text":"logging","category":"Skill","offset":9,"length":7,"confidenceScore":0.61}],"warnings":[]}],"errors":[],"modelVersion":"2021-06-01"}}],"entityLinkingTasks":[{"lastUpdateDateTime":"2021-06-24T00:05:12.9185211Z","taskName":"3","state":"succeeded","results":{"documents":[{"id":"0","entities":[{"name":"Test
        (assessment)","matches":[{"text":"Test","offset":0,"length":4,"confidenceScore":0.04}],"language":"en","id":"Test
        (assessment)","url":"https://en.wikipedia.org/wiki/Test_(assessment)","dataSource":"Wikipedia"}],"warnings":[]}],"errors":[],"modelVersion":"2020-02-01"}}],"entityRecognitionPiiTasks":[{"lastUpdateDateTime":"2021-06-24T00:05:21.5354918Z","taskName":"2","state":"succeeded","results":{"documents":[{"redactedText":"Test
        for logging disable","id":"0","entities":[],"warnings":[]}],"errors":[],"modelVersion":"2021-01-15"}}],"keyPhraseExtractionTasks":[{"lastUpdateDateTime":"2021-06-24T00:05:44.641508Z","taskName":"1","state":"succeeded","results":{"documents":[{"id":"0","keyPhrases":["Test","logging"],"warnings":[]}],"errors":[],"modelVersion":"2021-06-01"}}],"sentimentAnalysisTasks":[{"lastUpdateDateTime":"2021-06-24T00:05:46.1774564Z","taskName":"4","state":"succeeded","results":{"documents":[{"id":"0","sentiment":"negative","confidenceScores":{"positive":0.02,"neutral":0.12,"negative":0.86},"sentences":[{"sentiment":"negative","confidenceScores":{"positive":0.02,"neutral":0.12,"negative":0.86},"offset":0,"length":24,"text":"Test
        for logging disable"}],"warnings":[]}],"errors":[],"modelVersion":"2020-04-01"}}]}}'
    headers:
      apim-request-id: e7408842-91fe-4e95-8aa2-ceda34248812
      content-type: application/json; charset=utf-8
      date: Thu, 24 Jun 2021 00:05:47 GMT
      strict-transport-security: max-age=31536000; includeSubDomains; preload
      transfer-encoding: chunked
      x-content-type-options: nosniff
      x-envoy-upstream-service-time: '210'
    status:
      code: 200
      message: OK
    url: https://textanalyticskrpratictextanalytics.cognitiveservices.azure.com/text/analytics/v3.1/analyze/jobs/d9a1ebb1-18d2-4a3f-886a-052ae0b41316
version: 1
