interactions:
- request:
    body: '{"tasks": {"entityRecognitionTasks": [{"parameters": {"model-version":
      "bad", "stringIndexType": "TextElements_v8"}}], "entityRecognitionPiiTasks":
      [{"parameters": {"model-version": "latest", "stringIndexType": "TextElements_v8"}}],
      "keyPhraseExtractionTasks": [{"parameters": {"model-version": "latest"}}]},
      "analysisInput": {"documents": [{"id": "0", "text": "hello world", "language":
      "en"}, {"id": "1", "text": "hello world", "language": "en"}, {"id": "2", "text":
      "hello world", "language": "en"}, {"id": "3", "text": "hello world", "language":
      "en"}, {"id": "4", "text": "hello world", "language": "en"}, {"id": "5", "text":
      "hello world", "language": "en"}, {"id": "6", "text": "hello world", "language":
      "en"}, {"id": "7", "text": "hello world", "language": "en"}, {"id": "8", "text":
      "hello world", "language": "en"}, {"id": "9", "text": "hello world", "language":
      "en"}, {"id": "10", "text": "hello world", "language": "en"}, {"id": "11", "text":
      "hello world", "language": "en"}, {"id": "12", "text": "hello world", "language":
      "en"}, {"id": "13", "text": "hello world", "language": "en"}, {"id": "14", "text":
      "hello world", "language": "en"}, {"id": "15", "text": "hello world", "language":
      "en"}, {"id": "16", "text": "hello world", "language": "en"}, {"id": "17", "text":
      "hello world", "language": "en"}, {"id": "18", "text": "hello world", "language":
      "en"}, {"id": "19", "text": "hello world", "language": "en"}, {"id": "20", "text":
      "hello world", "language": "en"}, {"id": "21", "text": "hello world", "language":
      "en"}, {"id": "22", "text": "hello world", "language": "en"}, {"id": "23", "text":
      "hello world", "language": "en"}, {"id": "24", "text": "hello world", "language":
      "en"}]}}'
    headers:
      Accept:
      - application/json, text/json
      Content-Length:
      - '1707'
      Content-Type:
      - application/json
      User-Agent:
      - azsdk-python-ai-textanalytics/5.1.0b3 Python/3.7.9 (Windows-10-10.0.19041-SP0)
    method: POST
    uri: https://textanalytics-westeurope.ppe.cognitiveservices.azure.com/text/analytics/v3.1-preview.3/analyze
  response:
    body:
      string: ''
    headers:
      apim-request-id: 34a82eb2-9cfb-4a75-8a2f-a3a54749c094
      date: Fri, 13 Nov 2020 22:00:41 GMT
      operation-location: https://textanalytics-westeurope.ppe.cognitiveservices.azure.com/text/analytics/v3.1-preview.3/analyze/jobs/cfdc0be1-bb02-4fd6-868c-2ee7267f95c9_637408224000000000
      strict-transport-security: max-age=31536000; includeSubDomains; preload
      transfer-encoding: chunked
      x-content-type-options: nosniff
      x-envoy-upstream-service-time: '214'
    status:
      code: 202
      message: Accepted
    url: https://textanalytics-westeurope.ppe.cognitiveservices.azure.com/text/analytics/v3.1-preview.3/analyze
- request:
    body: null
    headers:
      User-Agent:
      - azsdk-python-ai-textanalytics/5.1.0b3 Python/3.7.9 (Windows-10-10.0.19041-SP0)
    method: GET
    uri: https://textanalytics-westeurope.ppe.cognitiveservices.azure.com/text/analytics/v3.1-preview.3/analyze/jobs/cfdc0be1-bb02-4fd6-868c-2ee7267f95c9_637408224000000000
  response:
    body:
      string: '{"jobId":"cfdc0be1-bb02-4fd6-868c-2ee7267f95c9_637408224000000000","lastUpdateDateTime":"2020-11-13T22:00:43Z","createdDateTime":"2020-11-13T22:00:42Z","expirationDateTime":"2020-11-14T22:00:42Z","status":"running","errors":[],"tasks":{"details":{"lastUpdateDateTime":"2020-11-13T22:00:43Z"},"completed":1,"failed":1,"inProgress":1,"total":3,"entityRecognitionTasks":[{"lastUpdateDateTime":"2020-11-13T22:00:43.7573243Z","results":{"inTerminalState":true,"documents":[],"errors":[{"id":"0","error":{"code":"InvalidRequest","message":"Job
        task parameter value bad is not supported for model-version parameter for
        job task type NamedEntityRecognition. Supported values latest,2020-04-01."}},{"id":"1","error":{"code":"InvalidRequest","message":"Job
        task parameter value bad is not supported for model-version parameter for
        job task type NamedEntityRecognition. Supported values latest,2020-04-01."}},{"id":"2","error":{"code":"InvalidRequest","message":"Job
        task parameter value bad is not supported for model-version parameter for
        job task type NamedEntityRecognition. Supported values latest,2020-04-01."}},{"id":"3","error":{"code":"InvalidRequest","message":"Job
        task parameter value bad is not supported for model-version parameter for
        job task type NamedEntityRecognition. Supported values latest,2020-04-01."}},{"id":"4","error":{"code":"InvalidRequest","message":"Job
        task parameter value bad is not supported for model-version parameter for
        job task type NamedEntityRecognition. Supported values latest,2020-04-01."}},{"id":"5","error":{"code":"InvalidRequest","message":"Job
        task parameter value bad is not supported for model-version parameter for
        job task type NamedEntityRecognition. Supported values latest,2020-04-01."}},{"id":"6","error":{"code":"InvalidRequest","message":"Job
        task parameter value bad is not supported for model-version parameter for
        job task type NamedEntityRecognition. Supported values latest,2020-04-01."}},{"id":"7","error":{"code":"InvalidRequest","message":"Job
        task parameter value bad is not supported for model-version parameter for
        job task type NamedEntityRecognition. Supported values latest,2020-04-01."}},{"id":"8","error":{"code":"InvalidRequest","message":"Job
        task parameter value bad is not supported for model-version parameter for
        job task type NamedEntityRecognition. Supported values latest,2020-04-01."}},{"id":"9","error":{"code":"InvalidRequest","message":"Job
        task parameter value bad is not supported for model-version parameter for
        job task type NamedEntityRecognition. Supported values latest,2020-04-01."}},{"id":"10","error":{"code":"InvalidRequest","message":"Job
        task parameter value bad is not supported for model-version parameter for
        job task type NamedEntityRecognition. Supported values latest,2020-04-01."}},{"id":"11","error":{"code":"InvalidRequest","message":"Job
        task parameter value bad is not supported for model-version parameter for
        job task type NamedEntityRecognition. Supported values latest,2020-04-01."}},{"id":"12","error":{"code":"InvalidRequest","message":"Job
        task parameter value bad is not supported for model-version parameter for
        job task type NamedEntityRecognition. Supported values latest,2020-04-01."}},{"id":"13","error":{"code":"InvalidRequest","message":"Job
        task parameter value bad is not supported for model-version parameter for
        job task type NamedEntityRecognition. Supported values latest,2020-04-01."}},{"id":"14","error":{"code":"InvalidRequest","message":"Job
        task parameter value bad is not supported for model-version parameter for
        job task type NamedEntityRecognition. Supported values latest,2020-04-01."}},{"id":"15","error":{"code":"InvalidRequest","message":"Job
        task parameter value bad is not supported for model-version parameter for
        job task type NamedEntityRecognition. Supported values latest,2020-04-01."}},{"id":"16","error":{"code":"InvalidRequest","message":"Job
        task parameter value bad is not supported for model-version parameter for
        job task type NamedEntityRecognition. Supported values latest,2020-04-01."}},{"id":"17","error":{"code":"InvalidRequest","message":"Job
        task parameter value bad is not supported for model-version parameter for
        job task type NamedEntityRecognition. Supported values latest,2020-04-01."}},{"id":"18","error":{"code":"InvalidRequest","message":"Job
        task parameter value bad is not supported for model-version parameter for
        job task type NamedEntityRecognition. Supported values latest,2020-04-01."}},{"id":"19","error":{"code":"InvalidRequest","message":"Job
        task parameter value bad is not supported for model-version parameter for
        job task type NamedEntityRecognition. Supported values latest,2020-04-01."}}],"modelVersion":""}}],"keyPhraseExtractionTasks":[{"lastUpdateDateTime":"2020-11-13T22:00:43.7573243Z","results":{"inTerminalState":true,"documents":[{"id":"0","keyPhrases":["world"],"warnings":[]},{"id":"1","keyPhrases":["world"],"warnings":[]},{"id":"2","keyPhrases":["world"],"warnings":[]},{"id":"3","keyPhrases":["world"],"warnings":[]},{"id":"4","keyPhrases":["world"],"warnings":[]},{"id":"5","keyPhrases":["world"],"warnings":[]},{"id":"6","keyPhrases":["world"],"warnings":[]},{"id":"7","keyPhrases":["world"],"warnings":[]},{"id":"8","keyPhrases":["world"],"warnings":[]},{"id":"9","keyPhrases":["world"],"warnings":[]},{"id":"10","keyPhrases":["world"],"warnings":[]},{"id":"11","keyPhrases":["world"],"warnings":[]},{"id":"12","keyPhrases":["world"],"warnings":[]},{"id":"13","keyPhrases":["world"],"warnings":[]},{"id":"14","keyPhrases":["world"],"warnings":[]},{"id":"15","keyPhrases":["world"],"warnings":[]},{"id":"16","keyPhrases":["world"],"warnings":[]},{"id":"17","keyPhrases":["world"],"warnings":[]},{"id":"18","keyPhrases":["world"],"warnings":[]},{"id":"19","keyPhrases":["world"],"warnings":[]}],"errors":[],"modelVersion":"2020-07-01","@nextLink":"http://svc--textanalyticsdispatcher.text-analytics.svc.cluster.local/text/analytics/v3.1-preview.3/jobs/d84db8aa-abf2-4507-bfb1-fcb8e0178bdd?$skip=20&$top=5"}}]},"@nextLink":"https://textanalytics-westeurope.ppe.cognitiveservices.azure.com/text/analytics/v3.1-preview.3/analyze/jobs/cfdc0be1-bb02-4fd6-868c-2ee7267f95c9_637408224000000000?$skip=20&$top=20"}'
    headers:
      apim-request-id: 6be00e22-fc03-4086-ba22-1c19e6af75e0
      content-type: application/json; charset=utf-8
      date: Fri, 13 Nov 2020 22:01:13 GMT
      strict-transport-security: max-age=31536000; includeSubDomains; preload
      transfer-encoding: chunked
      x-content-type-options: nosniff
      x-envoy-upstream-service-time: '478'
    status:
      code: 200
      message: OK
    url: https://textanalytics-westeurope.ppe.cognitiveservices.azure.com/text/analytics/v3.1-preview.3/analyze/jobs/cfdc0be1-bb02-4fd6-868c-2ee7267f95c9_637408224000000000
- request:
    body: null
    headers:
      User-Agent:
      - azsdk-python-ai-textanalytics/5.1.0b3 Python/3.7.9 (Windows-10-10.0.19041-SP0)
    method: GET
    uri: https://textanalytics-westeurope.ppe.cognitiveservices.azure.com/text/analytics/v3.1-preview.3/analyze/jobs/cfdc0be1-bb02-4fd6-868c-2ee7267f95c9_637408224000000000
  response:
    body:
      string: '{"jobId":"cfdc0be1-bb02-4fd6-868c-2ee7267f95c9_637408224000000000","lastUpdateDateTime":"2020-11-13T22:00:43Z","createdDateTime":"2020-11-13T22:00:42Z","expirationDateTime":"2020-11-14T22:00:42Z","status":"running","errors":[],"tasks":{"details":{"lastUpdateDateTime":"2020-11-13T22:00:43Z"},"completed":1,"failed":1,"inProgress":1,"total":3,"entityRecognitionTasks":[{"lastUpdateDateTime":"2020-11-13T22:00:43.7573243Z","results":{"inTerminalState":true,"documents":[],"errors":[{"id":"0","error":{"code":"InvalidRequest","message":"Job
        task parameter value bad is not supported for model-version parameter for
        job task type NamedEntityRecognition. Supported values latest,2020-04-01."}},{"id":"1","error":{"code":"InvalidRequest","message":"Job
        task parameter value bad is not supported for model-version parameter for
        job task type NamedEntityRecognition. Supported values latest,2020-04-01."}},{"id":"2","error":{"code":"InvalidRequest","message":"Job
        task parameter value bad is not supported for model-version parameter for
        job task type NamedEntityRecognition. Supported values latest,2020-04-01."}},{"id":"3","error":{"code":"InvalidRequest","message":"Job
        task parameter value bad is not supported for model-version parameter for
        job task type NamedEntityRecognition. Supported values latest,2020-04-01."}},{"id":"4","error":{"code":"InvalidRequest","message":"Job
        task parameter value bad is not supported for model-version parameter for
        job task type NamedEntityRecognition. Supported values latest,2020-04-01."}},{"id":"5","error":{"code":"InvalidRequest","message":"Job
        task parameter value bad is not supported for model-version parameter for
        job task type NamedEntityRecognition. Supported values latest,2020-04-01."}},{"id":"6","error":{"code":"InvalidRequest","message":"Job
        task parameter value bad is not supported for model-version parameter for
        job task type NamedEntityRecognition. Supported values latest,2020-04-01."}},{"id":"7","error":{"code":"InvalidRequest","message":"Job
        task parameter value bad is not supported for model-version parameter for
        job task type NamedEntityRecognition. Supported values latest,2020-04-01."}},{"id":"8","error":{"code":"InvalidRequest","message":"Job
        task parameter value bad is not supported for model-version parameter for
        job task type NamedEntityRecognition. Supported values latest,2020-04-01."}},{"id":"9","error":{"code":"InvalidRequest","message":"Job
        task parameter value bad is not supported for model-version parameter for
        job task type NamedEntityRecognition. Supported values latest,2020-04-01."}},{"id":"10","error":{"code":"InvalidRequest","message":"Job
        task parameter value bad is not supported for model-version parameter for
        job task type NamedEntityRecognition. Supported values latest,2020-04-01."}},{"id":"11","error":{"code":"InvalidRequest","message":"Job
        task parameter value bad is not supported for model-version parameter for
        job task type NamedEntityRecognition. Supported values latest,2020-04-01."}},{"id":"12","error":{"code":"InvalidRequest","message":"Job
        task parameter value bad is not supported for model-version parameter for
        job task type NamedEntityRecognition. Supported values latest,2020-04-01."}},{"id":"13","error":{"code":"InvalidRequest","message":"Job
        task parameter value bad is not supported for model-version parameter for
        job task type NamedEntityRecognition. Supported values latest,2020-04-01."}},{"id":"14","error":{"code":"InvalidRequest","message":"Job
        task parameter value bad is not supported for model-version parameter for
        job task type NamedEntityRecognition. Supported values latest,2020-04-01."}},{"id":"15","error":{"code":"InvalidRequest","message":"Job
        task parameter value bad is not supported for model-version parameter for
        job task type NamedEntityRecognition. Supported values latest,2020-04-01."}},{"id":"16","error":{"code":"InvalidRequest","message":"Job
        task parameter value bad is not supported for model-version parameter for
        job task type NamedEntityRecognition. Supported values latest,2020-04-01."}},{"id":"17","error":{"code":"InvalidRequest","message":"Job
        task parameter value bad is not supported for model-version parameter for
        job task type NamedEntityRecognition. Supported values latest,2020-04-01."}},{"id":"18","error":{"code":"InvalidRequest","message":"Job
        task parameter value bad is not supported for model-version parameter for
        job task type NamedEntityRecognition. Supported values latest,2020-04-01."}},{"id":"19","error":{"code":"InvalidRequest","message":"Job
        task parameter value bad is not supported for model-version parameter for
        job task type NamedEntityRecognition. Supported values latest,2020-04-01."}}],"modelVersion":""}}],"keyPhraseExtractionTasks":[{"lastUpdateDateTime":"2020-11-13T22:00:43.7573243Z","results":{"inTerminalState":true,"documents":[{"id":"0","keyPhrases":["world"],"warnings":[]},{"id":"1","keyPhrases":["world"],"warnings":[]},{"id":"2","keyPhrases":["world"],"warnings":[]},{"id":"3","keyPhrases":["world"],"warnings":[]},{"id":"4","keyPhrases":["world"],"warnings":[]},{"id":"5","keyPhrases":["world"],"warnings":[]},{"id":"6","keyPhrases":["world"],"warnings":[]},{"id":"7","keyPhrases":["world"],"warnings":[]},{"id":"8","keyPhrases":["world"],"warnings":[]},{"id":"9","keyPhrases":["world"],"warnings":[]},{"id":"10","keyPhrases":["world"],"warnings":[]},{"id":"11","keyPhrases":["world"],"warnings":[]},{"id":"12","keyPhrases":["world"],"warnings":[]},{"id":"13","keyPhrases":["world"],"warnings":[]},{"id":"14","keyPhrases":["world"],"warnings":[]},{"id":"15","keyPhrases":["world"],"warnings":[]},{"id":"16","keyPhrases":["world"],"warnings":[]},{"id":"17","keyPhrases":["world"],"warnings":[]},{"id":"18","keyPhrases":["world"],"warnings":[]},{"id":"19","keyPhrases":["world"],"warnings":[]}],"errors":[],"modelVersion":"2020-07-01","@nextLink":"http://svc--textanalyticsdispatcher.text-analytics.svc.cluster.local/text/analytics/v3.1-preview.3/jobs/d84db8aa-abf2-4507-bfb1-fcb8e0178bdd?$skip=20&$top=5"}}]},"@nextLink":"https://textanalytics-westeurope.ppe.cognitiveservices.azure.com/text/analytics/v3.1-preview.3/analyze/jobs/cfdc0be1-bb02-4fd6-868c-2ee7267f95c9_637408224000000000?$skip=20&$top=20"}'
    headers:
      apim-request-id: 8fe0a564-9153-4ec8-91ea-adcd1570c654
      content-type: application/json; charset=utf-8
      date: Fri, 13 Nov 2020 22:01:45 GMT
      strict-transport-security: max-age=31536000; includeSubDomains; preload
      transfer-encoding: chunked
      x-content-type-options: nosniff
      x-envoy-upstream-service-time: '659'
    status:
      code: 200
      message: OK
    url: https://textanalytics-westeurope.ppe.cognitiveservices.azure.com/text/analytics/v3.1-preview.3/analyze/jobs/cfdc0be1-bb02-4fd6-868c-2ee7267f95c9_637408224000000000
- request:
    body: null
    headers:
      User-Agent:
      - azsdk-python-ai-textanalytics/5.1.0b3 Python/3.7.9 (Windows-10-10.0.19041-SP0)
    method: GET
    uri: https://textanalytics-westeurope.ppe.cognitiveservices.azure.com/text/analytics/v3.1-preview.3/analyze/jobs/cfdc0be1-bb02-4fd6-868c-2ee7267f95c9_637408224000000000
  response:
    body:
      string: '{"jobId":"cfdc0be1-bb02-4fd6-868c-2ee7267f95c9_637408224000000000","lastUpdateDateTime":"2020-11-13T22:00:43Z","createdDateTime":"2020-11-13T22:00:42Z","expirationDateTime":"2020-11-14T22:00:42Z","status":"partiallySucceeded","errors":[],"tasks":{"details":{"lastUpdateDateTime":"2020-11-13T22:00:43Z"},"completed":2,"failed":1,"inProgress":0,"total":3,"entityRecognitionTasks":[{"lastUpdateDateTime":"2020-11-13T22:00:43.7573243Z","results":{"inTerminalState":true,"documents":[],"errors":[{"id":"0","error":{"code":"InvalidRequest","message":"Job
        task parameter value bad is not supported for model-version parameter for
        job task type NamedEntityRecognition. Supported values latest,2020-04-01."}},{"id":"1","error":{"code":"InvalidRequest","message":"Job
        task parameter value bad is not supported for model-version parameter for
        job task type NamedEntityRecognition. Supported values latest,2020-04-01."}},{"id":"2","error":{"code":"InvalidRequest","message":"Job
        task parameter value bad is not supported for model-version parameter for
        job task type NamedEntityRecognition. Supported values latest,2020-04-01."}},{"id":"3","error":{"code":"InvalidRequest","message":"Job
        task parameter value bad is not supported for model-version parameter for
        job task type NamedEntityRecognition. Supported values latest,2020-04-01."}},{"id":"4","error":{"code":"InvalidRequest","message":"Job
        task parameter value bad is not supported for model-version parameter for
        job task type NamedEntityRecognition. Supported values latest,2020-04-01."}},{"id":"5","error":{"code":"InvalidRequest","message":"Job
        task parameter value bad is not supported for model-version parameter for
        job task type NamedEntityRecognition. Supported values latest,2020-04-01."}},{"id":"6","error":{"code":"InvalidRequest","message":"Job
        task parameter value bad is not supported for model-version parameter for
        job task type NamedEntityRecognition. Supported values latest,2020-04-01."}},{"id":"7","error":{"code":"InvalidRequest","message":"Job
        task parameter value bad is not supported for model-version parameter for
        job task type NamedEntityRecognition. Supported values latest,2020-04-01."}},{"id":"8","error":{"code":"InvalidRequest","message":"Job
        task parameter value bad is not supported for model-version parameter for
        job task type NamedEntityRecognition. Supported values latest,2020-04-01."}},{"id":"9","error":{"code":"InvalidRequest","message":"Job
        task parameter value bad is not supported for model-version parameter for
        job task type NamedEntityRecognition. Supported values latest,2020-04-01."}},{"id":"10","error":{"code":"InvalidRequest","message":"Job
        task parameter value bad is not supported for model-version parameter for
        job task type NamedEntityRecognition. Supported values latest,2020-04-01."}},{"id":"11","error":{"code":"InvalidRequest","message":"Job
        task parameter value bad is not supported for model-version parameter for
        job task type NamedEntityRecognition. Supported values latest,2020-04-01."}},{"id":"12","error":{"code":"InvalidRequest","message":"Job
        task parameter value bad is not supported for model-version parameter for
        job task type NamedEntityRecognition. Supported values latest,2020-04-01."}},{"id":"13","error":{"code":"InvalidRequest","message":"Job
        task parameter value bad is not supported for model-version parameter for
        job task type NamedEntityRecognition. Supported values latest,2020-04-01."}},{"id":"14","error":{"code":"InvalidRequest","message":"Job
        task parameter value bad is not supported for model-version parameter for
        job task type NamedEntityRecognition. Supported values latest,2020-04-01."}},{"id":"15","error":{"code":"InvalidRequest","message":"Job
        task parameter value bad is not supported for model-version parameter for
        job task type NamedEntityRecognition. Supported values latest,2020-04-01."}},{"id":"16","error":{"code":"InvalidRequest","message":"Job
        task parameter value bad is not supported for model-version parameter for
        job task type NamedEntityRecognition. Supported values latest,2020-04-01."}},{"id":"17","error":{"code":"InvalidRequest","message":"Job
        task parameter value bad is not supported for model-version parameter for
        job task type NamedEntityRecognition. Supported values latest,2020-04-01."}},{"id":"18","error":{"code":"InvalidRequest","message":"Job
        task parameter value bad is not supported for model-version parameter for
        job task type NamedEntityRecognition. Supported values latest,2020-04-01."}},{"id":"19","error":{"code":"InvalidRequest","message":"Job
        task parameter value bad is not supported for model-version parameter for
        job task type NamedEntityRecognition. Supported values latest,2020-04-01."}}],"modelVersion":""}}],"entityRecognitionPiiTasks":[{"lastUpdateDateTime":"2020-11-13T22:00:43.7573243Z","results":{"inTerminalState":true,"documents":[{"redactedText":"hello
        world","id":"0","entities":[],"warnings":[]},{"redactedText":"hello world","id":"1","entities":[],"warnings":[]},{"redactedText":"hello
        world","id":"2","entities":[],"warnings":[]},{"redactedText":"hello world","id":"3","entities":[],"warnings":[]},{"redactedText":"hello
        world","id":"4","entities":[],"warnings":[]},{"redactedText":"hello world","id":"5","entities":[],"warnings":[]},{"redactedText":"hello
        world","id":"6","entities":[],"warnings":[]},{"redactedText":"hello world","id":"7","entities":[],"warnings":[]},{"redactedText":"hello
        world","id":"8","entities":[],"warnings":[]},{"redactedText":"hello world","id":"9","entities":[],"warnings":[]},{"redactedText":"hello
        world","id":"10","entities":[],"warnings":[]},{"redactedText":"hello world","id":"11","entities":[],"warnings":[]},{"redactedText":"hello
        world","id":"12","entities":[],"warnings":[]},{"redactedText":"hello world","id":"13","entities":[],"warnings":[]},{"redactedText":"hello
        world","id":"14","entities":[],"warnings":[]},{"redactedText":"hello world","id":"15","entities":[],"warnings":[]},{"redactedText":"hello
        world","id":"16","entities":[],"warnings":[]},{"redactedText":"hello world","id":"17","entities":[],"warnings":[]},{"redactedText":"hello
        world","id":"18","entities":[],"warnings":[]},{"redactedText":"hello world","id":"19","entities":[],"warnings":[]}],"errors":[],"modelVersion":"2020-07-01","@nextLink":"http://svc--textanalyticsdispatcher.text-analytics.svc.cluster.local/text/analytics/v3.1-preview.3/jobs/80b62a72-ec92-461e-a32f-18b523a53d1f?$skip=20&$top=5"}}],"keyPhraseExtractionTasks":[{"lastUpdateDateTime":"2020-11-13T22:00:43.7573243Z","results":{"inTerminalState":true,"documents":[{"id":"0","keyPhrases":["world"],"warnings":[]},{"id":"1","keyPhrases":["world"],"warnings":[]},{"id":"2","keyPhrases":["world"],"warnings":[]},{"id":"3","keyPhrases":["world"],"warnings":[]},{"id":"4","keyPhrases":["world"],"warnings":[]},{"id":"5","keyPhrases":["world"],"warnings":[]},{"id":"6","keyPhrases":["world"],"warnings":[]},{"id":"7","keyPhrases":["world"],"warnings":[]},{"id":"8","keyPhrases":["world"],"warnings":[]},{"id":"9","keyPhrases":["world"],"warnings":[]},{"id":"10","keyPhrases":["world"],"warnings":[]},{"id":"11","keyPhrases":["world"],"warnings":[]},{"id":"12","keyPhrases":["world"],"warnings":[]},{"id":"13","keyPhrases":["world"],"warnings":[]},{"id":"14","keyPhrases":["world"],"warnings":[]},{"id":"15","keyPhrases":["world"],"warnings":[]},{"id":"16","keyPhrases":["world"],"warnings":[]},{"id":"17","keyPhrases":["world"],"warnings":[]},{"id":"18","keyPhrases":["world"],"warnings":[]},{"id":"19","keyPhrases":["world"],"warnings":[]}],"errors":[],"modelVersion":"2020-07-01","@nextLink":"http://svc--textanalyticsdispatcher.text-analytics.svc.cluster.local/text/analytics/v3.1-preview.3/jobs/d84db8aa-abf2-4507-bfb1-fcb8e0178bdd?$skip=20&$top=5"}}]},"@nextLink":"https://textanalytics-westeurope.ppe.cognitiveservices.azure.com/text/analytics/v3.1-preview.3/analyze/jobs/cfdc0be1-bb02-4fd6-868c-2ee7267f95c9_637408224000000000?$skip=20&$top=20"}'
    headers:
      apim-request-id: dfc8f1b3-cf07-4e25-b899-e96ddd603318
      content-type: application/json; charset=utf-8
      date: Fri, 13 Nov 2020 22:02:17 GMT
      strict-transport-security: max-age=31536000; includeSubDomains; preload
      transfer-encoding: chunked
      x-content-type-options: nosniff
      x-envoy-upstream-service-time: '798'
    status:
      code: 200
      message: OK
    url: https://textanalytics-westeurope.ppe.cognitiveservices.azure.com/text/analytics/v3.1-preview.3/analyze/jobs/cfdc0be1-bb02-4fd6-868c-2ee7267f95c9_637408224000000000
- request:
    body: null
    headers:
      Accept:
      - application/json, text/json
      User-Agent:
      - azsdk-python-ai-textanalytics/5.1.0b3 Python/3.7.9 (Windows-10-10.0.19041-SP0)
    method: GET
    uri: https://textanalytics-westeurope.ppe.cognitiveservices.azure.com/text/analytics/v3.1-preview.3/analyze/jobs/cfdc0be1-bb02-4fd6-868c-2ee7267f95c9_637408224000000000?showStats=false&$top=20&$skip=20
  response:
    body:
      string: '{"jobId":"cfdc0be1-bb02-4fd6-868c-2ee7267f95c9_637408224000000000","lastUpdateDateTime":"2020-11-13T22:00:43Z","createdDateTime":"2020-11-13T22:00:42Z","expirationDateTime":"2020-11-14T22:00:42Z","status":"partiallySucceeded","errors":[],"tasks":{"details":{"lastUpdateDateTime":"2020-11-13T22:00:43Z"},"completed":2,"failed":1,"inProgress":0,"total":3,"entityRecognitionTasks":[{"lastUpdateDateTime":"2020-11-13T22:00:43.7573243Z","results":{"inTerminalState":true,"documents":[],"errors":[{"id":"20","error":{"code":"InvalidRequest","message":"Job
        task parameter value bad is not supported for model-version parameter for
        job task type NamedEntityRecognition. Supported values latest,2020-04-01."}},{"id":"21","error":{"code":"InvalidRequest","message":"Job
        task parameter value bad is not supported for model-version parameter for
        job task type NamedEntityRecognition. Supported values latest,2020-04-01."}},{"id":"22","error":{"code":"InvalidRequest","message":"Job
        task parameter value bad is not supported for model-version parameter for
        job task type NamedEntityRecognition. Supported values latest,2020-04-01."}},{"id":"23","error":{"code":"InvalidRequest","message":"Job
        task parameter value bad is not supported for model-version parameter for
        job task type NamedEntityRecognition. Supported values latest,2020-04-01."}},{"id":"24","error":{"code":"InvalidRequest","message":"Job
        task parameter value bad is not supported for model-version parameter for
        job task type NamedEntityRecognition. Supported values latest,2020-04-01."}}],"modelVersion":""}}],"entityRecognitionPiiTasks":[{"lastUpdateDateTime":"2020-11-13T22:00:43.7573243Z","results":{"inTerminalState":true,"documents":[{"redactedText":"hello
        world","id":"20","entities":[],"warnings":[]},{"redactedText":"hello world","id":"21","entities":[],"warnings":[]},{"redactedText":"hello
        world","id":"22","entities":[],"warnings":[]},{"redactedText":"hello world","id":"23","entities":[],"warnings":[]},{"redactedText":"hello
        world","id":"24","entities":[],"warnings":[]}],"errors":[],"modelVersion":"2020-07-01"}}],"keyPhraseExtractionTasks":[{"lastUpdateDateTime":"2020-11-13T22:00:43.7573243Z","results":{"inTerminalState":true,"documents":[{"id":"20","keyPhrases":["world"],"warnings":[]},{"id":"21","keyPhrases":["world"],"warnings":[]},{"id":"22","keyPhrases":["world"],"warnings":[]},{"id":"23","keyPhrases":["world"],"warnings":[]},{"id":"24","keyPhrases":["world"],"warnings":[]}],"errors":[],"modelVersion":"2020-07-01"}}]}}'
    headers:
      apim-request-id: f5dc4cf7-be00-4371-ae7a-e6824d3d7d32
      content-type: application/json; charset=utf-8
      date: Fri, 13 Nov 2020 22:02:18 GMT
      strict-transport-security: max-age=31536000; includeSubDomains; preload
      transfer-encoding: chunked
      x-content-type-options: nosniff
      x-envoy-upstream-service-time: '778'
    status:
      code: 200
      message: OK
    url: https://textanalytics-westeurope.ppe.cognitiveservices.azure.com/text/analytics/v3.1-preview.3/analyze/jobs/cfdc0be1-bb02-4fd6-868c-2ee7267f95c9_637408224000000000?showStats=false&$top=20&$skip=20
version: 1
