{
  "Entries": [
    {
      "RequestUri": "https://fakeendpoint.cognitiveservices.azure.com/text/analytics/v3.1/analyze",
      "RequestMethod": "POST",
      "RequestHeaders": {
        "Accept": "application/json, text/json",
        "Accept-Encoding": "gzip, deflate",
        "Connection": "keep-alive",
        "Content-Length": "834",
        "Content-Type": "application/json",
        "User-Agent": "azsdk-python-ai-textanalytics/5.2.0b4 Python/3.10.0 (Windows-10-10.0.22000-SP0)"
      },
      "RequestBody": {
        "tasks": {
          "entityRecognitionTasks": [
            {
              "parameters": {
                "model-version": "latest",
                "stringIndexType": "UnicodeCodePoint"
              },
              "taskName": "0"
            }
          ],
          "entityRecognitionPiiTasks": [
            {
              "parameters": {
                "model-version": "latest",
                "stringIndexType": "UnicodeCodePoint"
              },
              "taskName": "2"
            }
          ],
          "keyPhraseExtractionTasks": [
            {
              "parameters": {
                "model-version": "latest"
              },
              "taskName": "1"
            }
          ],
          "entityLinkingTasks": [
            {
              "parameters": {
                "model-version": "latest",
                "stringIndexType": "UnicodeCodePoint"
              },
              "taskName": "3"
            }
          ],
          "sentimentAnalysisTasks": [
            {
              "parameters": {
                "model-version": "latest",
                "stringIndexType": "UnicodeCodePoint"
              },
              "taskName": "4"
            }
          ]
        },
        "analysisInput": {
          "documents": [
            {
              "id": "56",
              "text": ":)",
              "language": "en"
            },
            {
              "id": "0",
              "text": ":(",
              "language": "en"
            },
            {
              "id": "19",
              "text": ":P",
              "language": "en"
            },
            {
              "id": "1",
              "text": ":D",
              "language": "en"
            }
          ]
        }
      },
      "StatusCode": 202,
      "ResponseHeaders": {
        "apim-request-id": "85621f73-438c-442a-8f75-ca64aaf19f76",
        "Date": "Tue, 03 May 2022 00:04:02 GMT",
        "operation-location": "https://fakeendpoint.cognitiveservices.azure.com/text/analytics/v3.1/analyze/jobs/9cb7c3bd-c364-44c7-8f48-28f87569cec9",
        "Strict-Transport-Security": "max-age=31536000; includeSubDomains; preload",
        "Transfer-Encoding": "chunked",
        "X-Content-Type-Options": "nosniff",
        "x-envoy-upstream-service-time": "485"
      },
      "ResponseBody": null
    },
    {
      "RequestUri": "https://fakeendpoint.cognitiveservices.azure.com/text/analytics/v3.1/analyze/jobs/9cb7c3bd-c364-44c7-8f48-28f87569cec9?showStats=True",
      "RequestMethod": "GET",
      "RequestHeaders": {
        "Accept": "*/*",
        "Accept-Encoding": "gzip, deflate",
        "Connection": "keep-alive",
        "User-Agent": "azsdk-python-ai-textanalytics/5.2.0b4 Python/3.10.0 (Windows-10-10.0.22000-SP0)"
      },
      "RequestBody": null,
      "StatusCode": 200,
      "ResponseHeaders": {
        "apim-request-id": "f803bb1a-6495-4f5f-99c1-6cea43f752c6",
        "Content-Type": "application/json; charset=utf-8",
        "Date": "Tue, 03 May 2022 00:04:07 GMT",
        "Strict-Transport-Security": "max-age=31536000; includeSubDomains; preload",
        "Transfer-Encoding": "chunked",
        "X-Content-Type-Options": "nosniff",
        "x-envoy-upstream-service-time": "86"
      },
      "ResponseBody": {
        "jobId": "9cb7c3bd-c364-44c7-8f48-28f87569cec9",
        "lastUpdateDateTime": "2022-05-03T00:04:05Z",
        "createdDateTime": "2022-05-03T00:04:02Z",
        "expirationDateTime": "2022-05-04T00:04:02Z",
        "status": "running",
        "errors": [],
        "statistics": {
          "documentsCount": 4,
          "validDocumentsCount": 4,
          "erroneousDocumentsCount": 0,
          "transactionsCount": 4
        },
        "tasks": {
          "completed": 1,
          "failed": 0,
          "inProgress": 4,
          "total": 5,
          "entityRecognitionPiiTasks": [
            {
              "lastUpdateDateTime": "2022-05-03T00:04:05.0205785Z",
              "taskName": "2",
              "state": "succeeded",
              "results": {
                "statistics": {
                  "documentsCount": 4,
                  "validDocumentsCount": 4,
                  "erroneousDocumentsCount": 0,
                  "transactionsCount": 4
                },
                "documents": [
                  {
                    "redactedText": ":)",
                    "id": "56",
                    "statistics": {
                      "charactersCount": 2,
                      "transactionsCount": 1
                    },
                    "entities": [],
                    "warnings": []
                  },
                  {
                    "redactedText": ":(",
                    "id": "0",
                    "statistics": {
                      "charactersCount": 2,
                      "transactionsCount": 1
                    },
                    "entities": [],
                    "warnings": []
                  },
                  {
                    "redactedText": ":P",
                    "id": "19",
                    "statistics": {
                      "charactersCount": 2,
                      "transactionsCount": 1
                    },
                    "entities": [],
                    "warnings": []
                  },
                  {
                    "redactedText": ":D",
                    "id": "1",
                    "statistics": {
                      "charactersCount": 2,
                      "transactionsCount": 1
                    },
                    "entities": [],
                    "warnings": []
                  }
                ],
                "errors": [],
                "modelVersion": "2021-01-15"
              }
            }
          ]
        }
      }
    },
    {
      "RequestUri": "https://fakeendpoint.cognitiveservices.azure.com/text/analytics/v3.1/analyze/jobs/9cb7c3bd-c364-44c7-8f48-28f87569cec9?showStats=True",
      "RequestMethod": "GET",
      "RequestHeaders": {
        "Accept": "*/*",
        "Accept-Encoding": "gzip, deflate",
        "Connection": "keep-alive",
        "User-Agent": "azsdk-python-ai-textanalytics/5.2.0b4 Python/3.10.0 (Windows-10-10.0.22000-SP0)"
      },
      "RequestBody": null,
      "StatusCode": 200,
      "ResponseHeaders": {
        "apim-request-id": "09048793-8706-430f-a3a7-20c6d5d4f118",
        "Content-Type": "application/json; charset=utf-8",
        "Date": "Tue, 03 May 2022 00:04:12 GMT",
        "Strict-Transport-Security": "max-age=31536000; includeSubDomains; preload",
        "Transfer-Encoding": "chunked",
        "X-Content-Type-Options": "nosniff",
        "x-envoy-upstream-service-time": "365"
      },
      "ResponseBody": {
        "jobId": "9cb7c3bd-c364-44c7-8f48-28f87569cec9",
        "lastUpdateDateTime": "2022-05-03T00:04:12Z",
        "createdDateTime": "2022-05-03T00:04:02Z",
        "expirationDateTime": "2022-05-04T00:04:02Z",
        "status": "succeeded",
        "errors": [],
        "statistics": {
          "documentsCount": 20,
          "validDocumentsCount": 20,
          "erroneousDocumentsCount": 0,
          "transactionsCount": 20
        },
        "tasks": {
          "completed": 5,
          "failed": 0,
          "inProgress": 0,
          "total": 5,
          "entityRecognitionTasks": [
            {
              "lastUpdateDateTime": "2022-05-03T00:04:12.0876151Z",
              "taskName": "0",
              "state": "succeeded",
              "results": {
                "statistics": {
                  "documentsCount": 4,
                  "validDocumentsCount": 4,
                  "erroneousDocumentsCount": 0,
                  "transactionsCount": 4
                },
                "documents": [
                  {
                    "id": "56",
                    "statistics": {
                      "charactersCount": 2,
                      "transactionsCount": 1
                    },
                    "entities": [],
                    "warnings": []
                  },
                  {
                    "id": "0",
                    "statistics": {
                      "charactersCount": 2,
                      "transactionsCount": 1
                    },
                    "entities": [],
                    "warnings": []
                  },
                  {
                    "id": "19",
                    "statistics": {
                      "charactersCount": 2,
                      "transactionsCount": 1
                    },
                    "entities": [],
                    "warnings": []
                  },
                  {
                    "id": "1",
                    "statistics": {
                      "charactersCount": 2,
                      "transactionsCount": 1
                    },
                    "entities": [],
                    "warnings": []
                  }
                ],
                "errors": [],
                "modelVersion": "2021-06-01"
              }
            }
          ],
          "entityLinkingTasks": [
            {
              "lastUpdateDateTime": "2022-05-03T00:04:10.8099776Z",
              "taskName": "3",
              "state": "succeeded",
              "results": {
                "statistics": {
                  "documentsCount": 4,
                  "validDocumentsCount": 4,
                  "erroneousDocumentsCount": 0,
                  "transactionsCount": 4
                },
                "documents": [
                  {
                    "id": "56",
                    "statistics": {
                      "charactersCount": 2,
                      "transactionsCount": 1
                    },
                    "entities": [],
                    "warnings": []
                  },
                  {
                    "id": "0",
                    "statistics": {
                      "charactersCount": 2,
                      "transactionsCount": 1
                    },
                    "entities": [],
                    "warnings": []
                  },
                  {
                    "id": "19",
                    "statistics": {
                      "charactersCount": 2,
                      "transactionsCount": 1
                    },
                    "entities": [],
                    "warnings": []
                  },
                  {
                    "id": "1",
                    "statistics": {
                      "charactersCount": 2,
                      "transactionsCount": 1
                    },
                    "entities": [],
                    "warnings": []
                  }
                ],
                "errors": [],
                "modelVersion": "2021-06-01"
              }
            }
          ],
          "entityRecognitionPiiTasks": [
            {
              "lastUpdateDateTime": "2022-05-03T00:04:05.0205785Z",
              "taskName": "2",
              "state": "succeeded",
              "results": {
                "statistics": {
                  "documentsCount": 4,
                  "validDocumentsCount": 4,
                  "erroneousDocumentsCount": 0,
                  "transactionsCount": 4
                },
                "documents": [
                  {
                    "redactedText": ":)",
                    "id": "56",
                    "statistics": {
                      "charactersCount": 2,
                      "transactionsCount": 1
                    },
                    "entities": [],
                    "warnings": []
                  },
                  {
                    "redactedText": ":(",
                    "id": "0",
                    "statistics": {
                      "charactersCount": 2,
                      "transactionsCount": 1
                    },
                    "entities": [],
                    "warnings": []
                  },
                  {
                    "redactedText": ":P",
                    "id": "19",
                    "statistics": {
                      "charactersCount": 2,
                      "transactionsCount": 1
                    },
                    "entities": [],
                    "warnings": []
                  },
                  {
                    "redactedText": ":D",
                    "id": "1",
                    "statistics": {
                      "charactersCount": 2,
                      "transactionsCount": 1
                    },
                    "entities": [],
                    "warnings": []
                  }
                ],
                "errors": [],
                "modelVersion": "2021-01-15"
              }
            }
          ],
          "keyPhraseExtractionTasks": [
            {
              "lastUpdateDateTime": "2022-05-03T00:04:11.8872954Z",
              "taskName": "1",
              "state": "succeeded",
              "results": {
                "statistics": {
                  "documentsCount": 4,
                  "validDocumentsCount": 4,
                  "erroneousDocumentsCount": 0,
                  "transactionsCount": 4
                },
                "documents": [
                  {
                    "id": "56",
                    "keyPhrases": [],
                    "statistics": {
                      "charactersCount": 2,
                      "transactionsCount": 1
                    },
                    "warnings": []
                  },
                  {
                    "id": "0",
                    "keyPhrases": [],
                    "statistics": {
                      "charactersCount": 2,
                      "transactionsCount": 1
                    },
                    "warnings": []
                  },
                  {
                    "id": "19",
                    "keyPhrases": [],
                    "statistics": {
                      "charactersCount": 2,
                      "transactionsCount": 1
                    },
                    "warnings": []
                  },
                  {
                    "id": "1",
                    "keyPhrases": [],
                    "statistics": {
                      "charactersCount": 2,
                      "transactionsCount": 1
                    },
                    "warnings": []
                  }
                ],
                "errors": [],
                "modelVersion": "2021-06-01"
              }
            }
          ],
          "sentimentAnalysisTasks": [
            {
              "lastUpdateDateTime": "2022-05-03T00:04:10.9006701Z",
              "taskName": "4",
              "state": "succeeded",
              "results": {
                "statistics": {
                  "documentsCount": 4,
                  "validDocumentsCount": 4,
                  "erroneousDocumentsCount": 0,
                  "transactionsCount": 4
                },
                "documents": [
                  {
                    "id": "56",
                    "sentiment": "positive",
                    "statistics": {
                      "charactersCount": 2,
                      "transactionsCount": 1
                    },
                    "confidenceScores": {
                      "positive": 0.89,
                      "neutral": 0.1,
                      "negative": 0.01
                    },
                    "sentences": [
                      {
                        "sentiment": "positive",
                        "confidenceScores": {
                          "positive": 0.89,
                          "neutral": 0.1,
                          "negative": 0.01
                        },
                        "offset": 0,
                        "length": 2,
                        "text": ":)"
                      }
                    ],
                    "warnings": []
                  },
                  {
                    "id": "0",
                    "sentiment": "negative",
                    "statistics": {
                      "charactersCount": 2,
                      "transactionsCount": 1
                    },
                    "confidenceScores": {
                      "positive": 0.0,
                      "neutral": 0.02,
                      "negative": 0.98
                    },
                    "sentences": [
                      {
                        "sentiment": "negative",
                        "confidenceScores": {
                          "positive": 0.0,
                          "neutral": 0.02,
                          "negative": 0.98
                        },
                        "offset": 0,
                        "length": 2,
                        "text": ":("
                      }
                    ],
                    "warnings": []
                  },
                  {
                    "id": "19",
                    "sentiment": "neutral",
                    "statistics": {
                      "charactersCount": 2,
                      "transactionsCount": 1
                    },
                    "confidenceScores": {
                      "positive": 0.3,
                      "neutral": 0.67,
                      "negative": 0.03
                    },
                    "sentences": [
                      {
                        "sentiment": "neutral",
                        "confidenceScores": {
                          "positive": 0.3,
                          "neutral": 0.67,
                          "negative": 0.03
                        },
                        "offset": 0,
                        "length": 2,
                        "text": ":P"
                      }
                    ],
                    "warnings": []
                  },
                  {
                    "id": "1",
                    "sentiment": "positive",
                    "statistics": {
                      "charactersCount": 2,
                      "transactionsCount": 1
                    },
                    "confidenceScores": {
                      "positive": 0.89,
                      "neutral": 0.1,
                      "negative": 0.01
                    },
                    "sentences": [
                      {
                        "sentiment": "positive",
                        "confidenceScores": {
                          "positive": 0.89,
                          "neutral": 0.1,
                          "negative": 0.01
                        },
                        "offset": 0,
                        "length": 2,
                        "text": ":D"
                      }
                    ],
                    "warnings": []
                  }
                ],
                "errors": [],
                "modelVersion": "2020-04-01"
              }
            }
          ]
        }
      }
    }
  ],
  "Variables": {}
}
