{
  "Entries": [
    {
      "RequestUri": "https://fakeendpoint.cognitiveservices.azure.com/language/:analyze-text?api-version=2022-04-01-preview",
      "RequestMethod": "POST",
      "RequestHeaders": {
        "Accept": "application/json",
        "Accept-Encoding": "gzip, deflate",
        "Connection": "keep-alive",
        "Content-Length": "315",
        "Content-Type": "application/json",
        "User-Agent": "azsdk-python-ai-textanalytics/5.2.0b4 Python/3.10.0 (Windows-10-10.0.22000-SP0)"
      },
      "RequestBody": {
        "kind": "LanguageDetection",
        "analysisInput": {
          "documents": [
            {
              "id": "1",
              "text": "I will go to the park.",
              "countryHint": "US"
            },
            {
              "id": "2",
              "text": "I did not like the hotel we stayed at.",
              "countryHint": "US"
            },
            {
              "id": "3",
              "text": "The restaurant had really good food.",
              "countryHint": "US"
            }
          ]
        },
        "parameters": {}
      },
      "StatusCode": 200,
      "ResponseHeaders": {
        "apim-request-id": "3aa30648-5f1d-419d-a452-f4811ac45c3c",
        "Content-Length": "415",
        "Content-Type": "application/json; charset=utf-8",
        "csp-billing-usage": "CognitiveServices.TextAnalytics.BatchScoring=3,CognitiveServices.TextAnalytics.TextRecords=3",
        "Date": "Tue, 03 May 2022 00:15:25 GMT",
        "Strict-Transport-Security": "max-age=31536000; includeSubDomains; preload",
        "X-Content-Type-Options": "nosniff",
        "x-envoy-upstream-service-time": "11"
      },
      "ResponseBody": {
        "kind": "LanguageDetectionResults",
        "results": {
          "documents": [
            {
              "id": "1",
              "detectedLanguage": {
                "name": "English",
                "iso6391Name": "en",
                "confidenceScore": 0.98
              },
              "warnings": []
            },
            {
              "id": "2",
              "detectedLanguage": {
                "name": "English",
                "iso6391Name": "en",
                "confidenceScore": 1.0
              },
              "warnings": []
            },
            {
              "id": "3",
              "detectedLanguage": {
                "name": "English",
                "iso6391Name": "en",
                "confidenceScore": 0.99
              },
              "warnings": []
            }
          ],
          "errors": [],
          "modelVersion": "2021-11-20"
        }
      }
    },
    {
      "RequestUri": "https://fakeendpoint.cognitiveservices.azure.com/language/:analyze-text?api-version=2022-04-01-preview",
      "RequestMethod": "POST",
      "RequestHeaders": {
        "Accept": "application/json",
        "Accept-Encoding": "gzip, deflate",
        "Connection": "keep-alive",
        "Content-Length": "315",
        "Content-Type": "application/json",
        "User-Agent": "azsdk-python-ai-textanalytics/5.2.0b4 Python/3.10.0 (Windows-10-10.0.22000-SP0)"
      },
      "RequestBody": {
        "kind": "LanguageDetection",
        "analysisInput": {
          "documents": [
            {
              "id": "1",
              "text": "I will go to the park.",
              "countryHint": "US"
            },
            {
              "id": "2",
              "text": "I did not like the hotel we stayed at.",
              "countryHint": "US"
            },
            {
              "id": "3",
              "text": "The restaurant had really good food.",
              "countryHint": "US"
            }
          ]
        },
        "parameters": {}
      },
      "StatusCode": 401,
      "ResponseHeaders": {
        "apim-request-id": "14b13118-3722-4896-845a-386980125dfa",
        "Content-Length": "224",
        "Content-Type": "application/json",
        "Date": "Tue, 03 May 2022 00:15:25 GMT"
      },
      "ResponseBody": {
        "error": {
          "code": "401",
          "message": "Access denied due to invalid subscription key or wrong API endpoint. Make sure to provide a valid key for an active subscription and use a correct regional API endpoint for your resource."
        }
      }
    },
    {
      "RequestUri": "https://fakeendpoint.cognitiveservices.azure.com/language/:analyze-text?api-version=2022-04-01-preview",
      "RequestMethod": "POST",
      "RequestHeaders": {
        "Accept": "application/json",
        "Accept-Encoding": "gzip, deflate",
        "Connection": "keep-alive",
        "Content-Length": "315",
        "Content-Type": "application/json",
        "User-Agent": "azsdk-python-ai-textanalytics/5.2.0b4 Python/3.10.0 (Windows-10-10.0.22000-SP0)"
      },
      "RequestBody": {
        "kind": "LanguageDetection",
        "analysisInput": {
          "documents": [
            {
              "id": "1",
              "text": "I will go to the park.",
              "countryHint": "US"
            },
            {
              "id": "2",
              "text": "I did not like the hotel we stayed at.",
              "countryHint": "US"
            },
            {
              "id": "3",
              "text": "The restaurant had really good food.",
              "countryHint": "US"
            }
          ]
        },
        "parameters": {}
      },
      "StatusCode": 200,
      "ResponseHeaders": {
        "apim-request-id": "3013db05-18a8-4fc8-a2f4-309406ac5df7",
        "Content-Length": "415",
        "Content-Type": "application/json; charset=utf-8",
        "csp-billing-usage": "CognitiveServices.TextAnalytics.BatchScoring=3,CognitiveServices.TextAnalytics.TextRecords=3",
        "Date": "Tue, 03 May 2022 00:15:25 GMT",
        "Strict-Transport-Security": "max-age=31536000; includeSubDomains; preload",
        "X-Content-Type-Options": "nosniff",
        "x-envoy-upstream-service-time": "8"
      },
      "ResponseBody": {
        "kind": "LanguageDetectionResults",
        "results": {
          "documents": [
            {
              "id": "1",
              "detectedLanguage": {
                "name": "English",
                "iso6391Name": "en",
                "confidenceScore": 0.98
              },
              "warnings": []
            },
            {
              "id": "2",
              "detectedLanguage": {
                "name": "English",
                "iso6391Name": "en",
                "confidenceScore": 1.0
              },
              "warnings": []
            },
            {
              "id": "3",
              "detectedLanguage": {
                "name": "English",
                "iso6391Name": "en",
                "confidenceScore": 0.99
              },
              "warnings": []
            }
          ],
          "errors": [],
          "modelVersion": "2021-11-20"
        }
      }
    }
  ],
  "Variables": {}
}
