interactions:
- request:
    body: '{"documents": [{"id": "1", "text": "I will go to the park.", "language":
      "en"}, {"id": "2", "text": "I did not like the hotel we stayed at.", "language":
      "en"}, {"id": "3", "text": "The restaurant had really good food.", "language":
      "en"}]}'
    headers:
      Accept:
      - application/json
      Content-Length:
      - '240'
      Content-Type:
      - application/json
      User-Agent:
      - azsdk-python-ai-textanalytics/1.0.0b5 Python/3.7.7 (Darwin-17.7.0-x86_64-i386-64bit)
        Python/3.7.7 (Darwin-17.7.0-x86_64-i386-64bit)
    method: POST
    uri: https://centraluseuap.api.cognitive.microsoft.com/text/analytics/v3.0/entities/recognition/general?showStats=false
  response:
    body:
      string: '{"documents":[{"id":"1","entities":[{"text":"park","category":"Location","offset":17,"length":4,"confidenceScore":0.83}],"warnings":[]},{"id":"2","entities":[{"text":"hotel","category":"Location","offset":19,"length":5,"confidenceScore":0.76}],"warnings":[]},{"id":"3","entities":[{"text":"restaurant","category":"Location","subcategory":"Structural","offset":4,"length":10,"confidenceScore":0.7}],"warnings":[]}],"errors":[],"modelVersion":"2020-04-01"}'
    headers:
      apim-request-id: 29fa0a40-6550-498e-b1be-eda386885116
      content-type: application/json; charset=utf-8
      csp-billing-usage: CognitiveServices.TextAnalytics.BatchScoring=3
      date: Tue, 19 May 2020 15:32:38 GMT
      strict-transport-security: max-age=31536000; includeSubDomains; preload
      transfer-encoding: chunked
      x-content-type-options: nosniff
      x-envoy-upstream-service-time: '190'
    status:
      code: 200
      message: OK
    url: https://centraluseuap.api.cognitive.microsoft.com//text/analytics/v3.0/entities/recognition/general?showStats=false
- request:
    body: '{"documents": [{"id": "1", "text": "I will go to the park.", "language":
      "en"}, {"id": "2", "text": "I did not like the hotel we stayed at.", "language":
      "en"}, {"id": "3", "text": "The restaurant had really good food.", "language":
      "en"}]}'
    headers:
      Accept:
      - application/json
      Content-Length:
      - '240'
      Content-Type:
      - application/json
      User-Agent:
      - azsdk-python-ai-textanalytics/1.0.0b5 Python/3.7.7 (Darwin-17.7.0-x86_64-i386-64bit)
        Python/3.7.7 (Darwin-17.7.0-x86_64-i386-64bit)
    method: POST
    uri: https://centraluseuap.api.cognitive.microsoft.com/text/analytics/v3.0/entities/recognition/general?showStats=false
  response:
    body:
      string: '{"error":{"code":"401","message":"Access denied due to invalid subscription
        key or wrong API endpoint. Make sure to provide a valid key for an active
        subscription and use a correct regional API endpoint for your resource."}}'
    headers:
      content-length: '224'
      date: Tue, 19 May 2020 15:32:38 GMT
    status:
      code: 401
      message: PermissionDenied
    url: https://centraluseuap.api.cognitive.microsoft.com//text/analytics/v3.0/entities/recognition/general?showStats=false
- request:
    body: '{"documents": [{"id": "1", "text": "I will go to the park.", "language":
      "en"}, {"id": "2", "text": "I did not like the hotel we stayed at.", "language":
      "en"}, {"id": "3", "text": "The restaurant had really good food.", "language":
      "en"}]}'
    headers:
      Accept:
      - application/json
      Content-Length:
      - '240'
      Content-Type:
      - application/json
      User-Agent:
      - azsdk-python-ai-textanalytics/1.0.0b5 Python/3.7.7 (Darwin-17.7.0-x86_64-i386-64bit)
        Python/3.7.7 (Darwin-17.7.0-x86_64-i386-64bit)
    method: POST
    uri: https://centraluseuap.api.cognitive.microsoft.com/text/analytics/v3.0/entities/recognition/general?showStats=false
  response:
    body:
      string: '{"documents":[{"id":"1","entities":[{"text":"park","category":"Location","offset":17,"length":4,"confidenceScore":0.83}],"warnings":[]},{"id":"2","entities":[{"text":"hotel","category":"Location","offset":19,"length":5,"confidenceScore":0.76}],"warnings":[]},{"id":"3","entities":[{"text":"restaurant","category":"Location","subcategory":"Structural","offset":4,"length":10,"confidenceScore":0.7}],"warnings":[]}],"errors":[],"modelVersion":"2020-04-01"}'
    headers:
      apim-request-id: 7f88f956-5d2a-4eae-b69f-f1677815e4d5
      content-type: application/json; charset=utf-8
      csp-billing-usage: CognitiveServices.TextAnalytics.BatchScoring=3
      date: Tue, 19 May 2020 15:32:38 GMT
      strict-transport-security: max-age=31536000; includeSubDomains; preload
      transfer-encoding: chunked
      x-content-type-options: nosniff
      x-envoy-upstream-service-time: '90'
    status:
      code: 200
      message: OK
    url: https://centraluseuap.api.cognitive.microsoft.com//text/analytics/v3.0/entities/recognition/general?showStats=false
version: 1
