interactions:
- request:
    body: '{"tasks": {"entityRecognitionTasks": [{"parameters": {"model-version":
      "latest", "loggingOptOut": false, "stringIndexType": "UnicodeCodePoint"}}],
      "entityRecognitionPiiTasks": [], "keyPhraseExtractionTasks": [], "entityLinkingTasks":
      [], "sentimentAnalysisTasks": []}, "analysisInput": {"documents": [{"id": "56",
      "text": ":)", "language": "en"}]}}'
    headers:
      Accept:
      - application/json, text/json
      Content-Length:
      - '348'
      Content-Type:
      - application/json
      User-Agent:
      - azsdk-python-ai-textanalytics/5.1.0 Python/3.9.0 (Windows-10-10.0.19041-SP0)
    method: POST
    uri: https://westus2.api.cognitive.microsoft.com/text/analytics/v3.1/analyze
  response:
    body:
      string: ''
    headers:
      apim-request-id: a08e7a90-ca6f-4142-a678-f075542f2e11
      date: Wed, 23 Jun 2021 01:41:31 GMT
      operation-location: https://westus2.api.cognitive.microsoft.com/text/analytics/v3.1/analyze/jobs/688ce491-6ba5-4ebb-ab46-1975f837a8af
      strict-transport-security: max-age=31536000; includeSubDomains; preload
      transfer-encoding: chunked
      x-content-type-options: nosniff
      x-envoy-upstream-service-time: '7711'
    status:
      code: 202
      message: Accepted
    url: https://textanalyticskrpratictextanalytics.cognitiveservices.azure.com//text/analytics/v3.1/analyze
- request:
    body: null
    headers:
      User-Agent:
      - azsdk-python-ai-textanalytics/5.1.0 Python/3.9.0 (Windows-10-10.0.19041-SP0)
    method: GET
    uri: https://westus2.api.cognitive.microsoft.com/text/analytics/v3.1/analyze/jobs/688ce491-6ba5-4ebb-ab46-1975f837a8af?showStats=True
  response:
    body:
      string: '{"jobId":"688ce491-6ba5-4ebb-ab46-1975f837a8af","lastUpdateDateTime":"2021-06-23T01:41:33Z","createdDateTime":"2021-06-23T01:41:24Z","expirationDateTime":"2021-06-24T01:41:24Z","status":"running","errors":[],"displayName":"NA","tasks":{"completed":0,"failed":0,"inProgress":1,"total":1}}'
    headers:
      apim-request-id: d76f0f2f-c2a1-4333-a470-017b497bce24
      content-type: application/json; charset=utf-8
      date: Wed, 23 Jun 2021 01:41:37 GMT
      strict-transport-security: max-age=31536000; includeSubDomains; preload
      transfer-encoding: chunked
      x-content-type-options: nosniff
      x-envoy-upstream-service-time: '13'
    status:
      code: 200
      message: OK
    url: https://textanalyticskrpratictextanalytics.cognitiveservices.azure.com/text/analytics/v3.1/analyze/jobs/688ce491-6ba5-4ebb-ab46-1975f837a8af?showStats=True
- request:
    body: null
    headers:
      User-Agent:
      - azsdk-python-ai-textanalytics/5.1.0 Python/3.9.0 (Windows-10-10.0.19041-SP0)
    method: GET
    uri: https://westus2.api.cognitive.microsoft.com/text/analytics/v3.1/analyze/jobs/688ce491-6ba5-4ebb-ab46-1975f837a8af?showStats=True
  response:
    body:
      string: '{"jobId":"688ce491-6ba5-4ebb-ab46-1975f837a8af","lastUpdateDateTime":"2021-06-23T01:41:33Z","createdDateTime":"2021-06-23T01:41:24Z","expirationDateTime":"2021-06-24T01:41:24Z","status":"running","errors":[],"displayName":"NA","tasks":{"completed":0,"failed":0,"inProgress":1,"total":1}}'
    headers:
      apim-request-id: 22b36f8e-6f59-4f6d-881b-9f30c73ab7bf
      content-type: application/json; charset=utf-8
      date: Wed, 23 Jun 2021 01:41:42 GMT
      strict-transport-security: max-age=31536000; includeSubDomains; preload
      transfer-encoding: chunked
      x-content-type-options: nosniff
      x-envoy-upstream-service-time: '13'
    status:
      code: 200
      message: OK
    url: https://textanalyticskrpratictextanalytics.cognitiveservices.azure.com/text/analytics/v3.1/analyze/jobs/688ce491-6ba5-4ebb-ab46-1975f837a8af?showStats=True
- request:
    body: null
    headers:
      User-Agent:
      - azsdk-python-ai-textanalytics/5.1.0 Python/3.9.0 (Windows-10-10.0.19041-SP0)
    method: GET
    uri: https://westus2.api.cognitive.microsoft.com/text/analytics/v3.1/analyze/jobs/688ce491-6ba5-4ebb-ab46-1975f837a8af?showStats=True
  response:
    body:
      string: '{"jobId":"688ce491-6ba5-4ebb-ab46-1975f837a8af","lastUpdateDateTime":"2021-06-23T01:41:33Z","createdDateTime":"2021-06-23T01:41:24Z","expirationDateTime":"2021-06-24T01:41:24Z","status":"running","errors":[],"displayName":"NA","tasks":{"completed":0,"failed":0,"inProgress":1,"total":1}}'
    headers:
      apim-request-id: ebb6c34b-fba1-4ce3-aa3a-d59221b53023
      content-type: application/json; charset=utf-8
      date: Wed, 23 Jun 2021 01:41:47 GMT
      strict-transport-security: max-age=31536000; includeSubDomains; preload
      transfer-encoding: chunked
      x-content-type-options: nosniff
      x-envoy-upstream-service-time: '8'
    status:
      code: 200
      message: OK
    url: https://textanalyticskrpratictextanalytics.cognitiveservices.azure.com/text/analytics/v3.1/analyze/jobs/688ce491-6ba5-4ebb-ab46-1975f837a8af?showStats=True
- request:
    body: null
    headers:
      User-Agent:
      - azsdk-python-ai-textanalytics/5.1.0 Python/3.9.0 (Windows-10-10.0.19041-SP0)
    method: GET
    uri: https://westus2.api.cognitive.microsoft.com/text/analytics/v3.1/analyze/jobs/688ce491-6ba5-4ebb-ab46-1975f837a8af?showStats=True
  response:
    body:
      string: '{"jobId":"688ce491-6ba5-4ebb-ab46-1975f837a8af","lastUpdateDateTime":"2021-06-23T01:41:51Z","createdDateTime":"2021-06-23T01:41:24Z","expirationDateTime":"2021-06-24T01:41:24Z","status":"succeeded","errors":[],"displayName":"NA","tasks":{"completed":1,"failed":0,"inProgress":0,"total":1,"entityRecognitionTasks":[{"lastUpdateDateTime":"2021-06-23T01:41:51.0932252Z","taskName":"NamedEntityRecognition_latest","state":"succeeded","results":{"statistics":{"documentsCount":1,"validDocumentsCount":1,"erroneousDocumentsCount":0,"transactionsCount":1},"documents":[{"id":"56","statistics":{"charactersCount":2,"transactionsCount":1},"entities":[],"warnings":[]}],"errors":[],"modelVersion":"2021-06-01"}}]}}'
    headers:
      apim-request-id: f4d59d0a-55ef-47e6-8ab2-7ad494ad07ba
      content-type: application/json; charset=utf-8
      date: Wed, 23 Jun 2021 01:41:52 GMT
      strict-transport-security: max-age=31536000; includeSubDomains; preload
      transfer-encoding: chunked
      x-content-type-options: nosniff
      x-envoy-upstream-service-time: '46'
    status:
      code: 200
      message: OK
    url: https://textanalyticskrpratictextanalytics.cognitiveservices.azure.com/text/analytics/v3.1/analyze/jobs/688ce491-6ba5-4ebb-ab46-1975f837a8af?showStats=True
version: 1
