interactions:
- request:
    body: '{"documents": [{"id": "1", "text": "I will go to the park.", "language":
      "en"}, {"id": "2", "text": "I did not like the hotel we stayed at.", "language":
      "en"}, {"id": "3", "text": "The restaurant had really good food.", "language":
      "en"}]}'
    headers:
      Accept: [application/json]
      Accept-Encoding: ['gzip, deflate']
      Connection: [keep-alive]
      Content-Length: ['240']
      Content-Type: [application/json; charset=utf-8]
      User-Agent: [azsdk-python-azure-ai-textanalytics/1.0.0b3 Python/3.6.6 (Windows-10-10.0.18362-SP0)]
      X-BingApis-SDK-Client: [Python-SDK]
    method: POST
    uri: https://westus2.api.cognitive.microsoft.com/text/analytics/v3.0-preview.1/entities/recognition/general?showStats=false
  response:
    body: {string: '{"documents":[{"id":"1","entities":[{"text":"park","type":"Location","offset":17,"length":4,"score":0.73}]},{"id":"2","entities":[{"text":"hotel","type":"Location","offset":19,"length":5,"score":0.75}]},{"id":"3","entities":[{"text":"restaurant","type":"Location","offset":4,"length":10,"score":0.83}]}],"errors":[],"modelVersion":"2020-02-01"}'}
    headers:
      apim-request-id: [44a3b35a-7d99-4bf9-89e5-6d06f73907e3]
      content-type: [application/json; charset=utf-8]
      csp-billing-usage: [CognitiveServices.TextAnalytics.BatchScoring=3]
      date: ['Tue, 03 Mar 2020 18:33:54 GMT']
      strict-transport-security: [max-age=31536000; includeSubDomains; preload]
      transfer-encoding: [chunked]
      x-content-type-options: [nosniff]
      x-envoy-upstream-service-time: ['64']
    status: {code: 200, message: OK}
- request:
    body: '{"documents": [{"id": "1", "text": "I will go to the park.", "language":
      "en"}, {"id": "2", "text": "I did not like the hotel we stayed at.", "language":
      "en"}, {"id": "3", "text": "The restaurant had really good food.", "language":
      "en"}]}'
    headers:
      Accept: [application/json]
      Accept-Encoding: ['gzip, deflate']
      Connection: [keep-alive]
      Content-Length: ['240']
      Content-Type: [application/json; charset=utf-8]
      User-Agent: [azsdk-python-azure-ai-textanalytics/1.0.0b3 Python/3.6.6 (Windows-10-10.0.18362-SP0)]
      X-BingApis-SDK-Client: [Python-SDK]
    method: POST
    uri: https://westus2.api.cognitive.microsoft.com/text/analytics/v3.0-preview.1/entities/recognition/general?showStats=false
  response:
    body: {string: '{"error":{"code":"401","message":"Access denied due to invalid
        subscription key or wrong API endpoint. Make sure to provide a valid key for
        an active subscription and use a correct regional API endpoint for your resource."}}'}
    headers:
      content-length: ['224']
      date: ['Tue, 03 Mar 2020 18:33:54 GMT']
    status: {code: 401, message: PermissionDenied}
- request:
    body: '{"documents": [{"id": "1", "text": "I will go to the park.", "language":
      "en"}, {"id": "2", "text": "I did not like the hotel we stayed at.", "language":
      "en"}, {"id": "3", "text": "The restaurant had really good food.", "language":
      "en"}]}'
    headers:
      Accept: [application/json]
      Accept-Encoding: ['gzip, deflate']
      Connection: [keep-alive]
      Content-Length: ['240']
      Content-Type: [application/json; charset=utf-8]
      User-Agent: [azsdk-python-azure-ai-textanalytics/1.0.0b3 Python/3.6.6 (Windows-10-10.0.18362-SP0)]
      X-BingApis-SDK-Client: [Python-SDK]
    method: POST
    uri: https://westus2.api.cognitive.microsoft.com/text/analytics/v3.0-preview.1/entities/recognition/general?showStats=false
  response:
    body: {string: '{"documents":[{"id":"1","entities":[{"text":"park","type":"Location","offset":17,"length":4,"score":0.73}]},{"id":"2","entities":[{"text":"hotel","type":"Location","offset":19,"length":5,"score":0.75}]},{"id":"3","entities":[{"text":"restaurant","type":"Location","offset":4,"length":10,"score":0.83}]}],"errors":[],"modelVersion":"2020-02-01"}'}
    headers:
      apim-request-id: [f9d0a72e-5381-457a-8760-8974a4134d27]
      content-type: [application/json; charset=utf-8]
      csp-billing-usage: [CognitiveServices.TextAnalytics.BatchScoring=3]
      date: ['Tue, 03 Mar 2020 18:33:54 GMT']
      strict-transport-security: [max-age=31536000; includeSubDomains; preload]
      transfer-encoding: [chunked]
      x-content-type-options: [nosniff]
      x-envoy-upstream-service-time: ['83']
    status: {code: 200, message: OK}
version: 1
