interactions:
- request:
    body: '{"location": "East US 2"}'
    headers:
      Accept: [application/json]
      Accept-Encoding: ['gzip, deflate']
      Connection: [keep-alive]
      Content-Length: ['25']
      Content-Type: [application/json; charset=utf-8]
      User-Agent: [python/3.5.1 (Windows-10-10.0.15063-SP0) requests/2.11.1 msrest/0.4.8
          msrest_azure/0.4.8 resourcemanagementclient/1.1.0 Azure-SDK-For-Python]
      accept-language: [en-US]
      x-ms-client-request-id: [6f675386-4656-11e7-8003-ecb1d756380e]
    method: PUT
    uri: https://management.azure.com/subscriptions/00000000-0000-0000-0000-000000000000/resourcegroups/test_mgmt_datalake_analytics_test_adla_accountscd761330?api-version=2017-05-10
  response:
    body: {string: '{"id":"/subscriptions/00000000-0000-0000-0000-000000000000/resourceGroups/test_mgmt_datalake_analytics_test_adla_accountscd761330","name":"test_mgmt_datalake_analytics_test_adla_accountscd761330","location":"eastus2","properties":{"provisioningState":"Succeeded"}}'}
    headers:
      Cache-Control: [no-cache]
      Content-Length: ['264']
      Content-Type: [application/json; charset=utf-8]
      Date: ['Wed, 31 May 2017 23:11:11 GMT']
      Expires: ['-1']
      Pragma: [no-cache]
      Strict-Transport-Security: [max-age=31536000; includeSubDomains]
      x-ms-correlation-request-id: [8f55a2a5-3de4-40fb-9ad9-59d0bf085e7a]
      x-ms-ratelimit-remaining-subscription-writes: ['1199']
      x-ms-request-id: [8f55a2a5-3de4-40fb-9ad9-59d0bf085e7a]
      x-ms-routing-request-id: ['WESTUS:20170531T231112Z:8f55a2a5-3de4-40fb-9ad9-59d0bf085e7a']
    status: {code: 201, message: Created}
- request:
    body: '{"location": "East US 2"}'
    headers:
      Accept: [application/json]
      Accept-Encoding: ['gzip, deflate']
      Connection: [keep-alive]
      Content-Length: ['25']
      Content-Type: [application/json; charset=utf-8]
      User-Agent: [python/3.5.1 (Windows-10-10.0.15063-SP0) requests/2.11.1 msrest/0.4.8
          msrest_azure/0.4.8 datalakestoreaccountmanagementclient/0.1.4 Azure-SDK-For-Python]
      accept-language: [en-US]
      x-ms-client-request-id: [7070ad30-4656-11e7-a9c3-ecb1d756380e]
    method: PUT
    uri: https://management.azure.com/subscriptions/00000000-0000-0000-0000-000000000000/resourceGroups/test_mgmt_datalake_analytics_test_adla_accountscd761330/providers/Microsoft.DataLakeStore/accounts/pyarmadls2cd761330?api-version=2016-11-01
  response:
    body: {string: '{"properties":{"provisioningState":"Creating","state":null,"endpoint":null,"accountId":"78279883-e812-4526-a532-48d2388f67fb","creationTime":null,"lastModifiedTime":null},"location":"East
        US 2","tags":null,"id":"/subscriptions/00000000-0000-0000-0000-000000000000/resourceGroups/test_mgmt_datalake_analytics_test_adla_accountscd761330/providers/Microsoft.DataLakeStore/accounts/pyarmadls2cd761330","name":"pyarmadls2cd761330","type":"Microsoft.DataLakeStore/accounts"}'}
    headers:
      Azure-AsyncOperation: ['https://management.azure.com/subscriptions/00000000-0000-0000-0000-000000000000/providers/Microsoft.DataLakeStore/locations/EastUS2/operationResults/78279883-e812-4526-a532-48d2388f67fb0?api-version=2016-11-01&expanded=true']
      Cache-Control: [no-cache]
      Connection: [close]
      Content-Length: ['468']
      Content-Type: [application/json]
      Date: ['Wed, 31 May 2017 23:11:13 GMT']
      Expires: ['-1']
      Location: ['https://management.azure.com/subscriptions/00000000-0000-0000-0000-000000000000/resourcegroups/test_mgmt_datalake_analytics_test_adla_accountscd761330/providers/Microsoft.DataLakeStore/accounts/pyarmadls2cd761330/operationresults/0?api-version=2016-11-01']
      Pragma: [no-cache]
      Retry-After: ['0']
      Server: [Microsoft-IIS/8.5]
      Strict-Transport-Security: [max-age=31536000; includeSubDomains]
      X-AspNet-Version: [4.0.30319]
      X-Content-Type-Options: [nosniff]
      X-Powered-By: [ASP.NET]
      x-ms-correlation-request-id: [5a95968e-fcd7-49b4-b0e1-f267593fa4d5]
      x-ms-ratelimit-remaining-subscription-writes: ['1199']
      x-ms-request-id: [55baec27-6269-4ecc-a229-b8e2bff6dd2a]
      x-ms-routing-request-id: ['WESTUS:20170531T231114Z:5a95968e-fcd7-49b4-b0e1-f267593fa4d5']
    status: {code: 201, message: Created}
- request:
    body: null
    headers:
      Accept: [application/json]
      Accept-Encoding: ['gzip, deflate']
      Connection: [keep-alive]
      Content-Type: [application/json; charset=utf-8]
      User-Agent: [python/3.5.1 (Windows-10-10.0.15063-SP0) requests/2.11.1 msrest/0.4.8
          msrest_azure/0.4.8 datalakestoreaccountmanagementclient/0.1.4 Azure-SDK-For-Python]
      accept-language: [en-US]
      x-ms-client-request-id: [7070ad30-4656-11e7-a9c3-ecb1d756380e]
    method: GET
    uri: https://management.azure.com/subscriptions/00000000-0000-0000-0000-000000000000/providers/Microsoft.DataLakeStore/locations/EastUS2/operationResults/78279883-e812-4526-a532-48d2388f67fb0?api-version=2016-11-01&expanded=true
  response:
    body: {string: '{"status":"InProgress"}'}
    headers:
      Cache-Control: [no-cache]
      Connection: [close]
      Content-Type: [application/json]
      Date: ['Wed, 31 May 2017 23:11:24 GMT']
      Expires: ['-1']
      Pragma: [no-cache]
      Server: [Microsoft-IIS/8.5]
      Strict-Transport-Security: [max-age=31536000; includeSubDomains]
      Vary: [Accept-Encoding]
      X-AspNet-Version: [4.0.30319]
      X-Content-Type-Options: [nosniff]
      X-Powered-By: [ASP.NET]
      content-length: ['23']
      x-ms-correlation-request-id: [f83ff943-9946-44cc-af7d-90512fd89461]
      x-ms-ratelimit-remaining-subscription-reads: ['14997']
      x-ms-request-id: [a6590a33-183b-46da-b813-d41b04d988ff]
      x-ms-routing-request-id: ['WESTUS2:20170531T231124Z:f83ff943-9946-44cc-af7d-90512fd89461']
    status: {code: 200, message: OK}
- request:
    body: null
    headers:
      Accept: [application/json]
      Accept-Encoding: ['gzip, deflate']
      Connection: [keep-alive]
      Content-Type: [application/json; charset=utf-8]
      User-Agent: [python/3.5.1 (Windows-10-10.0.15063-SP0) requests/2.11.1 msrest/0.4.8
          msrest_azure/0.4.8 datalakestoreaccountmanagementclient/0.1.4 Azure-SDK-For-Python]
      accept-language: [en-US]
      x-ms-client-request-id: [7070ad30-4656-11e7-a9c3-ecb1d756380e]
    method: GET
    uri: https://management.azure.com/subscriptions/00000000-0000-0000-0000-000000000000/providers/Microsoft.DataLakeStore/locations/EastUS2/operationResults/78279883-e812-4526-a532-48d2388f67fb0?api-version=2016-11-01&expanded=true
  response:
    body: {string: '{"status":"Succeeded"}'}
    headers:
      Cache-Control: [no-cache]
      Connection: [close]
      Content-Type: [application/json]
      Date: ['Wed, 31 May 2017 23:11:54 GMT']
      Expires: ['-1']
      Pragma: [no-cache]
      Server: [Microsoft-IIS/8.5]
      Strict-Transport-Security: [max-age=31536000; includeSubDomains]
      Vary: [Accept-Encoding]
      X-AspNet-Version: [4.0.30319]
      X-Content-Type-Options: [nosniff]
      X-Powered-By: [ASP.NET]
      content-length: ['22']
      x-ms-correlation-request-id: [cd2f3c41-0293-41ad-8c36-89623815b4ba]
      x-ms-ratelimit-remaining-subscription-reads: ['14998']
      x-ms-request-id: [fade5cbe-23b6-40b6-b751-46b92dd9fd1e]
      x-ms-routing-request-id: ['WESTUS:20170531T231155Z:cd2f3c41-0293-41ad-8c36-89623815b4ba']
    status: {code: 200, message: OK}
- request:
    body: null
    headers:
      Accept: [application/json]
      Accept-Encoding: ['gzip, deflate']
      Connection: [keep-alive]
      Content-Type: [application/json; charset=utf-8]
      User-Agent: [python/3.5.1 (Windows-10-10.0.15063-SP0) requests/2.11.1 msrest/0.4.8
          msrest_azure/0.4.8 datalakestoreaccountmanagementclient/0.1.4 Azure-SDK-For-Python]
      accept-language: [en-US]
      x-ms-client-request-id: [7070ad30-4656-11e7-a9c3-ecb1d756380e]
    method: GET
    uri: https://management.azure.com/subscriptions/00000000-0000-0000-0000-000000000000/resourceGroups/test_mgmt_datalake_analytics_test_adla_accountscd761330/providers/Microsoft.DataLakeStore/accounts/pyarmadls2cd761330?api-version=2016-11-01
  response:
    body: {string: '{"properties":{"firewallState":"Disabled","firewallAllowAzureIps":"Disabled","firewallRules":[],"trustedIdProviderState":"Disabled","trustedIdProviders":[],"encryptionState":"Enabled","encryptionConfig":{"type":"ServiceManaged"},"currentTier":"Consumption","newTier":"Consumption","provisioningState":"Succeeded","state":"Active","endpoint":"pyarmadls2cd761330.azuredatalakestore.net","accountId":"78279883-e812-4526-a532-48d2388f67fb","creationTime":"2017-05-31T23:11:14.3912529Z","lastModifiedTime":"2017-05-31T23:11:14.3912529Z"},"location":"East
        US 2","tags":null,"id":"/subscriptions/00000000-0000-0000-0000-000000000000/resourceGroups/test_mgmt_datalake_analytics_test_adla_accountscd761330/providers/Microsoft.DataLakeStore/accounts/pyarmadls2cd761330","name":"pyarmadls2cd761330","type":"Microsoft.DataLakeStore/accounts"}'}
    headers:
      Cache-Control: [no-cache]
      Connection: [close]
      Content-Type: [application/json]
      Date: ['Wed, 31 May 2017 23:11:55 GMT']
      Expires: ['-1']
      Pragma: [no-cache]
      Server: [Microsoft-IIS/8.5]
      Strict-Transport-Security: [max-age=31536000; includeSubDomains]
      Vary: [Accept-Encoding]
      X-AspNet-Version: [4.0.30319]
      X-Content-Type-Options: [nosniff]
      X-Powered-By: [ASP.NET]
      content-length: ['830']
      x-ms-correlation-request-id: [5485cb9f-7653-440d-b0ad-3bc5e308a7ac]
      x-ms-ratelimit-remaining-subscription-reads: ['14999']
      x-ms-request-id: [fa498a74-8079-4674-9b0b-6e086e685666]
      x-ms-routing-request-id: ['WESTUS:20170531T231156Z:5485cb9f-7653-440d-b0ad-3bc5e308a7ac']
    status: {code: 200, message: OK}
- request:
    body: '{"location": "East US 2", "properties": {"defaultDataLakeStoreAccount":
      "pyarmadls2cd761330", "queryStoreRetention": 30, "maxDegreeOfParallelism": 30,
      "dataLakeStoreAccounts": [{"name": "pyarmadls2cd761330"}], "maxJobCount": 3},
      "tags": {"tag1": "value1"}}'
    headers:
      Accept: [application/json]
      Accept-Encoding: ['gzip, deflate']
      Connection: [keep-alive]
      Content-Length: ['256']
      Content-Type: [application/json; charset=utf-8]
      User-Agent: [python/3.5.1 (Windows-10-10.0.15063-SP0) requests/2.11.1 msrest/0.4.8
          msrest_azure/0.4.8 datalakeanalyticsaccountmanagementclient/0.1.4 Azure-SDK-For-Python]
      accept-language: [en-US]
      x-ms-client-request-id: [8a8ab8de-4656-11e7-8e06-ecb1d756380e]
    method: PUT
    uri: https://management.azure.com/subscriptions/00000000-0000-0000-0000-000000000000/resourceGroups/test_mgmt_datalake_analytics_test_adla_accountscd761330/providers/Microsoft.DataLakeAnalytics/accounts/pyarmadlacd761330?api-version=2016-11-01
  response:
    body: {string: '{"properties":{"defaultDataLakeStoreAccount":"pyarmadls2cd761330","dataLakeStoreAccounts":[{"properties":{"suffix":"azuredatalakestore.net"},"name":"pyarmadls2cd761330"}],"maxDegreeOfParallelism":30,"maxJobCount":3,"queryStoreRetention":30,"provisioningState":"Creating","state":null,"endpoint":null,"accountId":"7935f77d-670b-4006-9b2c-4c9f00b3f117","creationTime":null,"lastModifiedTime":null},"location":"East
        US 2","tags":{"tag1":"value1"},"id":"/subscriptions/00000000-0000-0000-0000-000000000000/resourceGroups/test_mgmt_datalake_analytics_test_adla_accountscd761330/providers/Microsoft.DataLakeAnalytics/accounts/pyarmadlacd761330","name":"pyarmadlacd761330","type":"Microsoft.DataLakeAnalytics/accounts"}'}
    headers:
      Azure-AsyncOperation: ['https://management.azure.com/subscriptions/00000000-0000-0000-0000-000000000000/providers/Microsoft.DataLakeAnalytics/locations/EastUS2/operationResults/7935f77d-670b-4006-9b2c-4c9f00b3f1170?api-version=2016-11-01&expanded=true']
      Cache-Control: [no-cache]
      Connection: [close]
      Content-Length: ['712']
      Content-Type: [application/json]
      Date: ['Wed, 31 May 2017 23:11:58 GMT']
      Expires: ['-1']
      Location: ['https://management.azure.com/subscriptions/00000000-0000-0000-0000-000000000000/resourcegroups/test_mgmt_datalake_analytics_test_adla_accountscd761330/providers/Microsoft.DataLakeAnalytics/accounts/pyarmadlacd761330/operationresults/0?api-version=2016-11-01']
      Pragma: [no-cache]
      Retry-After: ['0']
      Server: [Microsoft-IIS/8.5]
      Strict-Transport-Security: [max-age=31536000; includeSubDomains]
      X-AspNet-Version: [4.0.30319]
      X-Content-Type-Options: [nosniff]
      X-Powered-By: [ASP.NET]
      x-ms-correlation-request-id: [c48a7f4e-d581-4b75-88df-8a7048b5f39a]
      x-ms-ratelimit-remaining-subscription-writes: ['1198']
      x-ms-request-id: [fe22a500-4a1a-40f5-9b62-f155161dd171]
      x-ms-routing-request-id: ['WESTUS:20170531T231158Z:c48a7f4e-d581-4b75-88df-8a7048b5f39a']
    status: {code: 201, message: Created}
- request:
    body: null
    headers:
      Accept: [application/json]
      Accept-Encoding: ['gzip, deflate']
      Connection: [keep-alive]
      Content-Type: [application/json; charset=utf-8]
      User-Agent: [python/3.5.1 (Windows-10-10.0.15063-SP0) requests/2.11.1 msrest/0.4.8
          msrest_azure/0.4.8 datalakeanalyticsaccountmanagementclient/0.1.4 Azure-SDK-For-Python]
      accept-language: [en-US]
      x-ms-client-request-id: [8a8ab8de-4656-11e7-8e06-ecb1d756380e]
    method: GET
    uri: https://management.azure.com/subscriptions/00000000-0000-0000-0000-000000000000/providers/Microsoft.DataLakeAnalytics/locations/EastUS2/operationResults/7935f77d-670b-4006-9b2c-4c9f00b3f1170?api-version=2016-11-01&expanded=true
  response:
    body: {string: '{"status":"InProgress"}'}
    headers:
      Cache-Control: [no-cache]
      Connection: [close]
      Content-Type: [application/json]
      Date: ['Wed, 31 May 2017 23:12:08 GMT']
      Expires: ['-1']
      Pragma: [no-cache]
      Server: [Microsoft-IIS/8.5]
      Strict-Transport-Security: [max-age=31536000; includeSubDomains]
      Vary: [Accept-Encoding]
      X-AspNet-Version: [4.0.30319]
      X-Content-Type-Options: [nosniff]
      X-Powered-By: [ASP.NET]
      content-length: ['23']
      x-ms-correlation-request-id: [f3f32e9b-e361-44ef-a093-00ab0cdc8f4d]
      x-ms-ratelimit-remaining-subscription-reads: ['14999']
      x-ms-request-id: [bfc17cad-8cec-456d-8fa3-8cda23e1d99b]
      x-ms-routing-request-id: ['WESTUS:20170531T231209Z:f3f32e9b-e361-44ef-a093-00ab0cdc8f4d']
    status: {code: 200, message: OK}
- request:
    body: null
    headers:
      Accept: [application/json]
      Accept-Encoding: ['gzip, deflate']
      Connection: [keep-alive]
      Content-Type: [application/json; charset=utf-8]
      User-Agent: [python/3.5.1 (Windows-10-10.0.15063-SP0) requests/2.11.1 msrest/0.4.8
          msrest_azure/0.4.8 datalakeanalyticsaccountmanagementclient/0.1.4 Azure-SDK-For-Python]
      accept-language: [en-US]
      x-ms-client-request-id: [8a8ab8de-4656-11e7-8e06-ecb1d756380e]
    method: GET
    uri: https://management.azure.com/subscriptions/00000000-0000-0000-0000-000000000000/providers/Microsoft.DataLakeAnalytics/locations/EastUS2/operationResults/7935f77d-670b-4006-9b2c-4c9f00b3f1170?api-version=2016-11-01&expanded=true
  response:
    body: {string: '{"status":"Succeeded"}'}
    headers:
      Cache-Control: [no-cache]
      Connection: [close]
      Content-Type: [application/json]
      Date: ['Wed, 31 May 2017 23:12:38 GMT']
      Expires: ['-1']
      Pragma: [no-cache]
      Server: [Microsoft-IIS/8.5]
      Strict-Transport-Security: [max-age=31536000; includeSubDomains]
      Vary: [Accept-Encoding]
      X-AspNet-Version: [4.0.30319]
      X-Content-Type-Options: [nosniff]
      X-Powered-By: [ASP.NET]
      content-length: ['22']
      x-ms-correlation-request-id: [15f948ef-c41b-4ac3-bd33-df31bed58aba]
      x-ms-ratelimit-remaining-subscription-reads: ['14999']
      x-ms-request-id: [596d66cd-6cca-403e-b818-b0997439a5bb]
      x-ms-routing-request-id: ['WESTUS:20170531T231239Z:15f948ef-c41b-4ac3-bd33-df31bed58aba']
    status: {code: 200, message: OK}
- request:
    body: null
    headers:
      Accept: [application/json]
      Accept-Encoding: ['gzip, deflate']
      Connection: [keep-alive]
      Content-Type: [application/json; charset=utf-8]
      User-Agent: [python/3.5.1 (Windows-10-10.0.15063-SP0) requests/2.11.1 msrest/0.4.8
          msrest_azure/0.4.8 datalakeanalyticsaccountmanagementclient/0.1.4 Azure-SDK-For-Python]
      accept-language: [en-US]
      x-ms-client-request-id: [8a8ab8de-4656-11e7-8e06-ecb1d756380e]
    method: GET
    uri: https://management.azure.com/subscriptions/00000000-0000-0000-0000-000000000000/resourceGroups/test_mgmt_datalake_analytics_test_adla_accountscd761330/providers/Microsoft.DataLakeAnalytics/accounts/pyarmadlacd761330?api-version=2016-11-01
  response:
    body: {string: '{"properties":{"firewallState":"Disabled","firewallAllowAzureIps":"Disabled","debugDataAccessLevel":"All","firewallRules":[],"defaultDataLakeStoreAccount":"pyarmadls2cd761330","dataLakeStoreAccounts":[{"properties":{"suffix":"azuredatalakestore.net"},"name":"pyarmadls2cd761330"}],"storageAccounts":[],"maxDegreeOfParallelism":30,"maxJobCount":3,"systemMaxDegreeOfParallelism":250,"systemMaxJobCount":20,"queryStoreRetention":30,"hiveMetastores":[],"currentTier":"Consumption","newTier":"Consumption","provisioningState":"Succeeded","state":"Active","endpoint":"pyarmadlacd761330.azuredatalakeanalytics.net","accountId":"7935f77d-670b-4006-9b2c-4c9f00b3f117","creationTime":"2017-05-31T23:11:58.9059223Z","lastModifiedTime":"2017-05-31T23:11:58.9059223Z"},"location":"East
        US 2","tags":{"tag1":"value1"},"id":"/subscriptions/00000000-0000-0000-0000-000000000000/resourceGroups/test_mgmt_datalake_analytics_test_adla_accountscd761330/providers/Microsoft.DataLakeAnalytics/accounts/pyarmadlacd761330","name":"pyarmadlacd761330","type":"Microsoft.DataLakeAnalytics/accounts"}'}
    headers:
      Cache-Control: [no-cache]
      Connection: [close]
      Content-Type: [application/json]
      Date: ['Wed, 31 May 2017 23:12:39 GMT']
      Expires: ['-1']
      Pragma: [no-cache]
      Server: [Microsoft-IIS/8.5]
      Strict-Transport-Security: [max-age=31536000; includeSubDomains]
      Vary: [Accept-Encoding]
      X-AspNet-Version: [4.0.30319]
      X-Content-Type-Options: [nosniff]
      X-Powered-By: [ASP.NET]
      content-length: ['1072']
      x-ms-correlation-request-id: [2e3bd337-bfc4-41cf-a1d3-4490d62012db]
      x-ms-ratelimit-remaining-subscription-reads: ['14999']
      x-ms-request-id: [9744901e-4a2f-496f-ac75-e73ac5f9493e]
      x-ms-routing-request-id: ['WESTUS:20170531T231240Z:2e3bd337-bfc4-41cf-a1d3-4490d62012db']
    status: {code: 200, message: OK}
- request:
    body: null
    headers:
      Accept: [application/json]
      Accept-Encoding: ['gzip, deflate']
      Connection: [keep-alive]
      Content-Type: [application/json; charset=utf-8]
      User-Agent: [python/3.5.1 (Windows-10-10.0.15063-SP0) requests/2.11.1 msrest/0.4.8
          msrest_azure/0.4.8 datalakeanalyticsaccountmanagementclient/0.1.4 Azure-SDK-For-Python]
      accept-language: [en-US]
      x-ms-client-request-id: [a4edac64-4656-11e7-8b73-ecb1d756380e]
    method: GET
    uri: https://management.azure.com/subscriptions/00000000-0000-0000-0000-000000000000/resourceGroups/test_mgmt_datalake_analytics_test_adla_accountscd761330/providers/Microsoft.DataLakeAnalytics/accounts/pyarmadlacd761330?api-version=2016-11-01
  response:
    body: {string: '{"properties":{"firewallState":"Disabled","firewallAllowAzureIps":"Disabled","debugDataAccessLevel":"All","firewallRules":[],"defaultDataLakeStoreAccount":"pyarmadls2cd761330","dataLakeStoreAccounts":[{"properties":{"suffix":"azuredatalakestore.net"},"name":"pyarmadls2cd761330"}],"storageAccounts":[],"maxDegreeOfParallelism":30,"maxJobCount":3,"systemMaxDegreeOfParallelism":250,"systemMaxJobCount":20,"queryStoreRetention":30,"hiveMetastores":[],"currentTier":"Consumption","newTier":"Consumption","provisioningState":"Succeeded","state":"Active","endpoint":"pyarmadlacd761330.azuredatalakeanalytics.net","accountId":"7935f77d-670b-4006-9b2c-4c9f00b3f117","creationTime":"2017-05-31T23:11:58.9059223Z","lastModifiedTime":"2017-05-31T23:11:58.9059223Z"},"location":"East
        US 2","tags":{"tag1":"value1"},"id":"/subscriptions/00000000-0000-0000-0000-000000000000/resourceGroups/test_mgmt_datalake_analytics_test_adla_accountscd761330/providers/Microsoft.DataLakeAnalytics/accounts/pyarmadlacd761330","name":"pyarmadlacd761330","type":"Microsoft.DataLakeAnalytics/accounts"}'}
    headers:
      Cache-Control: [no-cache]
      Connection: [close]
      Content-Type: [application/json]
      Date: ['Wed, 31 May 2017 23:12:40 GMT']
      Expires: ['-1']
      Pragma: [no-cache]
      Server: [Microsoft-IIS/8.5]
      Strict-Transport-Security: [max-age=31536000; includeSubDomains]
      Vary: [Accept-Encoding]
      X-AspNet-Version: [4.0.30319]
      X-Content-Type-Options: [nosniff]
      X-Powered-By: [ASP.NET]
      content-length: ['1072']
      x-ms-correlation-request-id: [85bb97e3-951e-483b-910e-1eebb6e0cd76]
      x-ms-ratelimit-remaining-subscription-reads: ['14999']
      x-ms-request-id: [9e07a348-352c-4195-bb37-851fff49f9a5]
      x-ms-routing-request-id: ['WESTUS:20170531T231240Z:85bb97e3-951e-483b-910e-1eebb6e0cd76']
    status: {code: 200, message: OK}
- request:
    body: null
    headers:
      Accept: [application/json]
      Accept-Encoding: ['gzip, deflate']
      Connection: [keep-alive]
      Content-Type: [application/json; charset=utf-8]
      User-Agent: [python/3.5.1 (Windows-10-10.0.15063-SP0) requests/2.11.1 msrest/0.4.8
          msrest_azure/0.4.8 datalakeanalyticsaccountmanagementclient/0.1.4 Azure-SDK-For-Python]
      accept-language: [en-US]
      x-ms-client-request-id: [a54b08ca-4656-11e7-be1c-ecb1d756380e]
    method: GET
    uri: https://management.azure.com/subscriptions/00000000-0000-0000-0000-000000000000/resourceGroups/test_mgmt_datalake_analytics_test_adla_accountscd761330/providers/Microsoft.DataLakeAnalytics/accounts?api-version=2016-11-01
  response:
    body: {string: '{"value":[{"properties":{"provisioningState":"Succeeded","state":"Active","endpoint":"pyarmadlacd761330.azuredatalakeanalytics.net","accountId":"7935f77d-670b-4006-9b2c-4c9f00b3f117","creationTime":"2017-05-31T23:11:58.9059223Z","lastModifiedTime":"2017-05-31T23:11:58.9059223Z"},"location":"East
        US 2","tags":{"tag1":"value1"},"id":"/subscriptions/00000000-0000-0000-0000-000000000000/resourceGroups/test_mgmt_datalake_analytics_test_adla_accountscd761330/providers/Microsoft.DataLakeAnalytics/accounts/pyarmadlacd761330","name":"pyarmadlacd761330","type":"Microsoft.DataLakeAnalytics/accounts"}]}'}
    headers:
      Cache-Control: [no-cache]
      Connection: [close]
      Content-Type: [application/json]
      Date: ['Wed, 31 May 2017 23:12:40 GMT']
      Expires: ['-1']
      Pragma: [no-cache]
      Server: [Microsoft-IIS/8.5]
      Strict-Transport-Security: [max-age=31536000; includeSubDomains]
      Vary: [Accept-Encoding]
      X-AspNet-Version: [4.0.30319]
      X-Content-Type-Options: [nosniff]
      X-Powered-By: [ASP.NET]
      content-length: ['598']
      x-ms-correlation-request-id: [6049440e-130b-453e-b821-4f4f014770c3]
      x-ms-ratelimit-remaining-subscription-reads: ['14999']
      x-ms-request-id: [fdd8cedf-413a-4732-8dd8-a38d43cbd745]
      x-ms-routing-request-id: ['WESTUS:20170531T231241Z:6049440e-130b-453e-b821-4f4f014770c3']
    status: {code: 200, message: OK}
- request:
    body: null
    headers:
      Accept: [application/json]
      Accept-Encoding: ['gzip, deflate']
      Connection: [keep-alive]
      Content-Type: [application/json; charset=utf-8]
      User-Agent: [python/3.5.1 (Windows-10-10.0.15063-SP0) requests/2.11.1 msrest/0.4.8
          msrest_azure/0.4.8 datalakeanalyticsaccountmanagementclient/0.1.4 Azure-SDK-For-Python]
      accept-language: [en-US]
      x-ms-client-request-id: [a5b556c2-4656-11e7-bfde-ecb1d756380e]
    method: GET
    uri: https://management.azure.com/subscriptions/00000000-0000-0000-0000-000000000000/providers/Microsoft.DataLakeAnalytics/accounts?api-version=2016-11-01
  response:
    body: {string: '{"value":[{"properties":{"provisioningState":"Succeeded","state":"Active","endpoint":"pyarmadlacd761330.azuredatalakeanalytics.net","accountId":"7935f77d-670b-4006-9b2c-4c9f00b3f117","creationTime":"2017-05-31T23:11:58.9059223Z","lastModifiedTime":"2017-05-31T23:11:58.9059223Z"},"location":"East
        US 2","tags":{"tag1":"value1"},"id":"/subscriptions/00000000-0000-0000-0000-000000000000/resourceGroups/test_mgmt_datalake_analytics_test_adla_accountscd761330/providers/Microsoft.DataLakeAnalytics/accounts/pyarmadlacd761330","name":"pyarmadlacd761330","type":"Microsoft.DataLakeAnalytics/accounts"}]}'}
    headers:
      Cache-Control: [no-cache]
      Connection: [close]
      Content-Type: [application/json]
      Date: ['Wed, 31 May 2017 23:12:41 GMT']
      Expires: ['-1']
      Pragma: [no-cache]
      Server: [Microsoft-IIS/8.5]
      Strict-Transport-Security: [max-age=31536000; includeSubDomains]
      Vary: [Accept-Encoding]
      X-AspNet-Version: [4.0.30319]
      X-Content-Type-Options: [nosniff]
      X-Powered-By: [ASP.NET]
      content-length: ['598']
      x-ms-correlation-request-id: [57c2b9f0-3796-4d3f-beab-4c76574bb260]
      x-ms-ratelimit-remaining-subscription-reads: ['14998']
      x-ms-request-id: [ce6f1100-6e01-4617-aecf-0ccbee3d1505]
      x-ms-routing-request-id: ['WESTUS:20170531T231242Z:57c2b9f0-3796-4d3f-beab-4c76574bb260']
    status: {code: 200, message: OK}
- request:
    body: '{"tags": {"tag2": "value2"}}'
    headers:
      Accept: [application/json]
      Accept-Encoding: ['gzip, deflate']
      Connection: [keep-alive]
      Content-Length: ['28']
      Content-Type: [application/json; charset=utf-8]
      User-Agent: [python/3.5.1 (Windows-10-10.0.15063-SP0) requests/2.11.1 msrest/0.4.8
          msrest_azure/0.4.8 datalakeanalyticsaccountmanagementclient/0.1.4 Azure-SDK-For-Python]
      accept-language: [en-US]
      x-ms-client-request-id: [a60f1676-4656-11e7-9a80-ecb1d756380e]
    method: PATCH
    uri: https://management.azure.com/subscriptions/00000000-0000-0000-0000-000000000000/resourceGroups/test_mgmt_datalake_analytics_test_adla_accountscd761330/providers/Microsoft.DataLakeAnalytics/accounts/pyarmadlacd761330?api-version=2016-11-01
  response:
    body: {string: '{"properties":{"firewallState":"Disabled","firewallAllowAzureIps":"Disabled","debugDataAccessLevel":"All","firewallRules":[],"defaultDataLakeStoreAccount":"pyarmadls2cd761330","dataLakeStoreAccounts":[{"properties":{"suffix":"azuredatalakestore.net"},"name":"pyarmadls2cd761330"}],"storageAccounts":[],"maxDegreeOfParallelism":30,"maxJobCount":3,"queryStoreRetention":30,"hiveMetastores":[],"currentTier":"Consumption","newTier":"Consumption","provisioningState":"Succeeded","state":"Active","endpoint":"pyarmadlacd761330.azuredatalakeanalytics.net","accountId":"7935f77d-670b-4006-9b2c-4c9f00b3f117","creationTime":"2017-05-31T23:11:58.9059223Z","lastModifiedTime":"2017-05-31T23:12:42.1485211Z"},"location":"East
        US 2","tags":{"tag2":"value2"},"id":"/subscriptions/00000000-0000-0000-0000-000000000000/resourceGroups/test_mgmt_datalake_analytics_test_adla_accountscd761330/providers/Microsoft.DataLakeAnalytics/accounts/pyarmadlacd761330","name":"pyarmadlacd761330","type":"Microsoft.DataLakeAnalytics/accounts"}'}
    headers:
      Cache-Control: [no-cache]
      Connection: [close]
      Content-Type: [application/json]
      Date: ['Wed, 31 May 2017 23:12:43 GMT']
      Expires: ['-1']
      Pragma: [no-cache]
      Server: [Microsoft-IIS/8.5]
      Strict-Transport-Security: [max-age=31536000; includeSubDomains]
      Vary: [Accept-Encoding]
      X-AspNet-Version: [4.0.30319]
      X-Content-Type-Options: [nosniff]
      X-Powered-By: [ASP.NET]
      content-length: ['1014']
      x-ms-correlation-request-id: [932f4c87-e514-45e8-83c8-177e19e1804a]
      x-ms-ratelimit-remaining-subscription-writes: ['1197']
      x-ms-request-id: [13fc3af4-8dbe-4e4c-8a0b-25d1d2f59060]
      x-ms-routing-request-id: ['WESTUS:20170531T231243Z:932f4c87-e514-45e8-83c8-177e19e1804a']
    status: {code: 200, message: OK}
- request:
    body: null
    headers:
      Accept: [application/json]
      Accept-Encoding: ['gzip, deflate']
      Connection: [keep-alive]
      Content-Length: ['0']
      Content-Type: [application/json; charset=utf-8]
      User-Agent: [python/3.5.1 (Windows-10-10.0.15063-SP0) requests/2.11.1 msrest/0.4.8
          msrest_azure/0.4.8 datalakeanalyticsaccountmanagementclient/0.1.4 Azure-SDK-For-Python]
      accept-language: [en-US]
      x-ms-client-request-id: [a6c1b5e6-4656-11e7-b908-ecb1d756380e]
    method: DELETE
    uri: https://management.azure.com/subscriptions/00000000-0000-0000-0000-000000000000/resourceGroups/test_mgmt_datalake_analytics_test_adla_accountscd761330/providers/Microsoft.DataLakeAnalytics/accounts/pyarmadlacd761330?api-version=2016-11-01
  response:
    body: {string: ''}
    headers:
      Cache-Control: [no-cache]
      Connection: [close]
      Content-Length: ['0']
      Date: ['Wed, 31 May 2017 23:12:45 GMT']
      Expires: ['-1']
      Pragma: [no-cache]
      Server: [Microsoft-IIS/8.5]
      Strict-Transport-Security: [max-age=31536000; includeSubDomains]
      X-AspNet-Version: [4.0.30319]
      X-Powered-By: [ASP.NET]
      x-ms-correlation-request-id: [cc61f3a5-f7a6-4d4a-ac8b-1cb6c1989b71]
      x-ms-ratelimit-remaining-subscription-writes: ['1199']
      x-ms-request-id: [63e72046-0485-4c01-9d76-1771d3c4bd52]
      x-ms-routing-request-id: ['WESTUS:20170531T231246Z:cc61f3a5-f7a6-4d4a-ac8b-1cb6c1989b71']
    status: {code: 200, message: OK}
- request:
    body: '{"location": "East US 2"}'
    headers:
      Accept: [application/json]
      Accept-Encoding: ['gzip, deflate']
      Connection: [keep-alive]
      Content-Length: ['25']
      Content-Type: [application/json; charset=utf-8]
      User-Agent: [python/3.5.2 (Windows-10-10.0.15063-SP0) requests/2.9.1 msrest/0.4.4
          msrest_azure/0.4.7 resourcemanagementclient/1.1.0 Azure-SDK-For-Python]
      accept-language: [en-US]
      x-ms-client-request-id: [8d90f7c6-4c6f-11e7-b02c-645106422854]
    method: PUT
    uri: https://management.azure.com/subscriptions/00000000-0000-0000-0000-000000000000/resourcegroups/test_mgmt_datalake_analytics_test_adla_accountscd761330?api-version=2017-05-10
  response:
    body: {string: '{"id":"/subscriptions/00000000-0000-0000-0000-000000000000/resourceGroups/test_mgmt_datalake_analytics_test_adla_accountscd761330","name":"test_mgmt_datalake_analytics_test_adla_accountscd761330","location":"eastus2","properties":{"provisioningState":"Succeeded"}}'}
    headers:
      Cache-Control: [no-cache]
      Content-Length: ['264']
      Content-Type: [application/json; charset=utf-8]
      Date: ['Thu, 08 Jun 2017 17:26:06 GMT']
      Expires: ['-1']
      Pragma: [no-cache]
      Strict-Transport-Security: [max-age=31536000; includeSubDomains]
      x-ms-correlation-request-id: [354ba940-dd6d-47fc-958c-df056a8a36b3]
      x-ms-ratelimit-remaining-subscription-writes: ['1198']
      x-ms-request-id: [354ba940-dd6d-47fc-958c-df056a8a36b3]
      x-ms-routing-request-id: ['WESTUS:20170608T172607Z:354ba940-dd6d-47fc-958c-df056a8a36b3']
    status: {code: 201, message: Created}
- request:
    body: '{"location": "East US 2"}'
    headers:
      Accept: [application/json]
      Accept-Encoding: ['gzip, deflate']
      Connection: [keep-alive]
      Content-Length: ['25']
      Content-Type: [application/json; charset=utf-8]
      User-Agent: [python/3.5.2 (Windows-10-10.0.15063-SP0) requests/2.9.1 msrest/0.4.4
          msrest_azure/0.4.7 datalakestoreaccountmanagementclient/0.1.5 Azure-SDK-For-Python]
      accept-language: [en-US]
      x-ms-client-request-id: [8e6c4326-4c6f-11e7-bd43-645106422854]
    method: PUT
    uri: https://management.azure.com/subscriptions/00000000-0000-0000-0000-000000000000/resourceGroups/test_mgmt_datalake_analytics_test_adla_accountscd761330/providers/Microsoft.DataLakeStore/accounts/pyarmadls2cd761330?api-version=2016-11-01
  response:
    body: {string: '{"properties":{"provisioningState":"Creating","state":null,"endpoint":null,"accountId":"3674be0c-b1ac-4d4e-8463-04d3ed342795","creationTime":null,"lastModifiedTime":null},"location":"East
        US 2","tags":null,"id":"/subscriptions/00000000-0000-0000-0000-000000000000/resourceGroups/test_mgmt_datalake_analytics_test_adla_accountscd761330/providers/Microsoft.DataLakeStore/accounts/pyarmadls2cd761330","name":"pyarmadls2cd761330","type":"Microsoft.DataLakeStore/accounts"}'}
    headers:
      Azure-AsyncOperation: ['https://management.azure.com/subscriptions/00000000-0000-0000-0000-000000000000/providers/Microsoft.DataLakeStore/locations/EastUS2/operationResults/3674be0c-b1ac-4d4e-8463-04d3ed3427950?api-version=2016-11-01&expanded=true']
      Cache-Control: [no-cache]
      Connection: [close]
      Content-Length: ['468']
      Content-Type: [application/json]
      Date: ['Thu, 08 Jun 2017 17:26:09 GMT']
      Expires: ['-1']
      Location: ['https://management.azure.com/subscriptions/00000000-0000-0000-0000-000000000000/resourcegroups/test_mgmt_datalake_analytics_test_adla_accountscd761330/providers/Microsoft.DataLakeStore/accounts/pyarmadls2cd761330/operationresults/0?api-version=2016-11-01']
      Pragma: [no-cache]
      Retry-After: ['0']
      Server: [Microsoft-IIS/8.5]
      Strict-Transport-Security: [max-age=31536000; includeSubDomains]
      X-AspNet-Version: [4.0.30319]
      X-Content-Type-Options: [nosniff]
      X-Powered-By: [ASP.NET]
      x-ms-correlation-request-id: [3b210b6d-37d6-4a52-8b4f-083b19dfc3a4]
      x-ms-ratelimit-remaining-subscription-writes: ['1199']
      x-ms-request-id: [b43711b9-3665-4f4f-8b20-9cf237baec11]
      x-ms-routing-request-id: ['WESTUS:20170608T172609Z:3b210b6d-37d6-4a52-8b4f-083b19dfc3a4']
    status: {code: 201, message: Created}
- request:
    body: null
    headers:
      Accept: [application/json]
      Accept-Encoding: ['gzip, deflate']
      Connection: [keep-alive]
      Content-Type: [application/json; charset=utf-8]
      User-Agent: [python/3.5.2 (Windows-10-10.0.15063-SP0) requests/2.9.1 msrest/0.4.4
          msrest_azure/0.4.7 datalakestoreaccountmanagementclient/0.1.5 Azure-SDK-For-Python]
      accept-language: [en-US]
      x-ms-client-request-id: [8e6c4326-4c6f-11e7-bd43-645106422854]
    method: GET
    uri: https://management.azure.com/subscriptions/00000000-0000-0000-0000-000000000000/providers/Microsoft.DataLakeStore/locations/EastUS2/operationResults/3674be0c-b1ac-4d4e-8463-04d3ed3427950?api-version=2016-11-01&expanded=true
  response:
    body: {string: '{"status":"InProgress"}'}
    headers:
      Cache-Control: [no-cache]
      Connection: [close]
      Content-Type: [application/json]
      Date: ['Thu, 08 Jun 2017 17:26:20 GMT']
      Expires: ['-1']
      Pragma: [no-cache]
      Server: [Microsoft-IIS/8.5]
      Strict-Transport-Security: [max-age=31536000; includeSubDomains]
      Vary: [Accept-Encoding]
      X-AspNet-Version: [4.0.30319]
      X-Content-Type-Options: [nosniff]
      X-Powered-By: [ASP.NET]
      content-length: ['23']
      x-ms-correlation-request-id: [e815a6eb-7ee4-4d9f-8ab6-6387a8348772]
      x-ms-ratelimit-remaining-subscription-reads: ['14999']
      x-ms-request-id: [08c63b4c-4317-4bcf-95ff-1b61c30afca8]
      x-ms-routing-request-id: ['WESTUS:20170608T172620Z:e815a6eb-7ee4-4d9f-8ab6-6387a8348772']
    status: {code: 200, message: OK}
- request:
    body: null
    headers:
      Accept: [application/json]
      Accept-Encoding: ['gzip, deflate']
      Connection: [keep-alive]
      Content-Type: [application/json; charset=utf-8]
      User-Agent: [python/3.5.2 (Windows-10-10.0.15063-SP0) requests/2.9.1 msrest/0.4.4
          msrest_azure/0.4.7 datalakestoreaccountmanagementclient/0.1.5 Azure-SDK-For-Python]
      accept-language: [en-US]
      x-ms-client-request-id: [8e6c4326-4c6f-11e7-bd43-645106422854]
    method: GET
    uri: https://management.azure.com/subscriptions/00000000-0000-0000-0000-000000000000/providers/Microsoft.DataLakeStore/locations/EastUS2/operationResults/3674be0c-b1ac-4d4e-8463-04d3ed3427950?api-version=2016-11-01&expanded=true
  response:
    body: {string: '{"status":"Succeeded"}'}
    headers:
      Cache-Control: [no-cache]
      Connection: [close]
      Content-Type: [application/json]
      Date: ['Thu, 08 Jun 2017 17:26:50 GMT']
      Expires: ['-1']
      Pragma: [no-cache]
      Server: [Microsoft-IIS/8.5]
      Strict-Transport-Security: [max-age=31536000; includeSubDomains]
      Vary: [Accept-Encoding]
      X-AspNet-Version: [4.0.30319]
      X-Content-Type-Options: [nosniff]
      X-Powered-By: [ASP.NET]
      content-length: ['22']
      x-ms-correlation-request-id: [fc8d8542-b012-4623-8810-86d215be56e5]
      x-ms-ratelimit-remaining-subscription-reads: ['14998']
      x-ms-request-id: [744e3661-65c2-4f8b-ae7d-77f8a3cd35a3]
      x-ms-routing-request-id: ['WESTUS:20170608T172651Z:fc8d8542-b012-4623-8810-86d215be56e5']
    status: {code: 200, message: OK}
- request:
    body: null
    headers:
      Accept: [application/json]
      Accept-Encoding: ['gzip, deflate']
      Connection: [keep-alive]
      Content-Type: [application/json; charset=utf-8]
      User-Agent: [python/3.5.2 (Windows-10-10.0.15063-SP0) requests/2.9.1 msrest/0.4.4
          msrest_azure/0.4.7 datalakestoreaccountmanagementclient/0.1.5 Azure-SDK-For-Python]
      accept-language: [en-US]
      x-ms-client-request-id: [8e6c4326-4c6f-11e7-bd43-645106422854]
    method: GET
    uri: https://management.azure.com/subscriptions/00000000-0000-0000-0000-000000000000/resourceGroups/test_mgmt_datalake_analytics_test_adla_accountscd761330/providers/Microsoft.DataLakeStore/accounts/pyarmadls2cd761330?api-version=2016-11-01
  response:
    body: {string: '{"properties":{"firewallState":"Disabled","firewallAllowAzureIps":"Disabled","firewallRules":[],"trustedIdProviderState":"Disabled","trustedIdProviders":[],"encryptionState":"Enabled","encryptionConfig":{"type":"ServiceManaged"},"currentTier":"Consumption","newTier":"Consumption","provisioningState":"Succeeded","state":"Active","endpoint":"pyarmadls2cd761330.azuredatalakestore.net","accountId":"3674be0c-b1ac-4d4e-8463-04d3ed342795","creationTime":"2017-06-08T17:26:11.4613852Z","lastModifiedTime":"2017-06-08T17:26:11.4613852Z"},"location":"East
        US 2","tags":null,"id":"/subscriptions/00000000-0000-0000-0000-000000000000/resourceGroups/test_mgmt_datalake_analytics_test_adla_accountscd761330/providers/Microsoft.DataLakeStore/accounts/pyarmadls2cd761330","name":"pyarmadls2cd761330","type":"Microsoft.DataLakeStore/accounts"}'}
    headers:
      Cache-Control: [no-cache]
      Connection: [close]
      Content-Type: [application/json]
      Date: ['Thu, 08 Jun 2017 17:26:51 GMT']
      Expires: ['-1']
      Pragma: [no-cache]
      Server: [Microsoft-IIS/8.5]
      Strict-Transport-Security: [max-age=31536000; includeSubDomains]
      Vary: [Accept-Encoding]
      X-AspNet-Version: [4.0.30319]
      X-Content-Type-Options: [nosniff]
      X-Powered-By: [ASP.NET]
      content-length: ['830']
      x-ms-correlation-request-id: [c70c3518-de63-4cc8-97c2-6eb8e01bc145]
      x-ms-ratelimit-remaining-subscription-reads: ['14999']
      x-ms-request-id: [737caacb-929a-4963-9ea5-237b78e6b297]
      x-ms-routing-request-id: ['WESTUS:20170608T172651Z:c70c3518-de63-4cc8-97c2-6eb8e01bc145']
    status: {code: 200, message: OK}
- request:
    body: '{"tags": {"tag1": "value1"}, "properties": {"queryStoreRetention": 30,
      "maxDegreeOfParallelism": 30, "maxJobCount": 3, "defaultDataLakeStoreAccount":
      "pyarmadls2cd761330", "dataLakeStoreAccounts": [{"name": "pyarmadls2cd761330"}]},
      "location": "East US 2"}'
    headers:
      Accept: [application/json]
      Accept-Encoding: ['gzip, deflate']
      Connection: [keep-alive]
      Content-Length: ['256']
      Content-Type: [application/json; charset=utf-8]
      User-Agent: [python/3.5.2 (Windows-10-10.0.15063-SP0) requests/2.9.1 msrest/0.4.4
          msrest_azure/0.4.7 datalakeanalyticsaccountmanagementclient/0.1.4 Azure-SDK-For-Python]
      accept-language: [en-US]
      x-ms-client-request-id: [a90e813a-4c6f-11e7-9dae-645106422854]
    method: PUT
    uri: https://management.azure.com/subscriptions/00000000-0000-0000-0000-000000000000/resourceGroups/test_mgmt_datalake_analytics_test_adla_accountscd761330/providers/Microsoft.DataLakeAnalytics/accounts/pyarmadlacd761330?api-version=2016-11-01
  response:
    body: {string: '{"properties":{"defaultDataLakeStoreAccount":"pyarmadls2cd761330","dataLakeStoreAccounts":[{"properties":{"suffix":"azuredatalakestore.net"},"name":"pyarmadls2cd761330"}],"maxDegreeOfParallelism":30,"maxJobCount":3,"queryStoreRetention":30,"provisioningState":"Creating","state":null,"endpoint":null,"accountId":"d15f160b-32c7-410f-a3de-9c973c4918d7","creationTime":null,"lastModifiedTime":null},"location":"East
        US 2","tags":{"tag1":"value1"},"id":"/subscriptions/00000000-0000-0000-0000-000000000000/resourceGroups/test_mgmt_datalake_analytics_test_adla_accountscd761330/providers/Microsoft.DataLakeAnalytics/accounts/pyarmadlacd761330","name":"pyarmadlacd761330","type":"Microsoft.DataLakeAnalytics/accounts"}'}
    headers:
      Azure-AsyncOperation: ['https://management.azure.com/subscriptions/00000000-0000-0000-0000-000000000000/providers/Microsoft.DataLakeAnalytics/locations/EastUS2/operationResults/d15f160b-32c7-410f-a3de-9c973c4918d70?api-version=2016-11-01&expanded=true']
      Cache-Control: [no-cache]
      Connection: [close]
      Content-Length: ['712']
      Content-Type: [application/json]
      Date: ['Thu, 08 Jun 2017 17:26:53 GMT']
      Expires: ['-1']
      Location: ['https://management.azure.com/subscriptions/00000000-0000-0000-0000-000000000000/resourcegroups/test_mgmt_datalake_analytics_test_adla_accountscd761330/providers/Microsoft.DataLakeAnalytics/accounts/pyarmadlacd761330/operationresults/0?api-version=2016-11-01']
      Pragma: [no-cache]
      Retry-After: ['0']
      Server: [Microsoft-IIS/8.5]
      Strict-Transport-Security: [max-age=31536000; includeSubDomains]
      X-AspNet-Version: [4.0.30319]
      X-Content-Type-Options: [nosniff]
      X-Powered-By: [ASP.NET]
      x-ms-correlation-request-id: [5f7b31c4-5633-49d3-a877-3346663379ba]
      x-ms-ratelimit-remaining-subscription-writes: ['1199']
      x-ms-request-id: [01c020bf-46b4-40e2-896f-0d89c1a57aa0]
      x-ms-routing-request-id: ['WESTUS:20170608T172654Z:5f7b31c4-5633-49d3-a877-3346663379ba']
    status: {code: 201, message: Created}
- request:
    body: null
    headers:
      Accept: [application/json]
      Accept-Encoding: ['gzip, deflate']
      Connection: [keep-alive]
      Content-Type: [application/json; charset=utf-8]
      User-Agent: [python/3.5.2 (Windows-10-10.0.15063-SP0) requests/2.9.1 msrest/0.4.4
          msrest_azure/0.4.7 datalakeanalyticsaccountmanagementclient/0.1.4 Azure-SDK-For-Python]
      accept-language: [en-US]
      x-ms-client-request-id: [a90e813a-4c6f-11e7-9dae-645106422854]
    method: GET
    uri: https://management.azure.com/subscriptions/00000000-0000-0000-0000-000000000000/providers/Microsoft.DataLakeAnalytics/locations/EastUS2/operationResults/d15f160b-32c7-410f-a3de-9c973c4918d70?api-version=2016-11-01&expanded=true
  response:
    body: {string: '{"status":"InProgress"}'}
    headers:
      Cache-Control: [no-cache]
      Connection: [close]
      Content-Type: [application/json]
      Date: ['Thu, 08 Jun 2017 17:27:04 GMT']
      Expires: ['-1']
      Pragma: [no-cache]
      Server: [Microsoft-IIS/8.5]
      Strict-Transport-Security: [max-age=31536000; includeSubDomains]
      Vary: [Accept-Encoding]
      X-AspNet-Version: [4.0.30319]
      X-Content-Type-Options: [nosniff]
      X-Powered-By: [ASP.NET]
      content-length: ['23']
      x-ms-correlation-request-id: [a6dcf5c6-d799-4f39-a69b-fe7d88804b4f]
      x-ms-ratelimit-remaining-subscription-reads: ['14998']
      x-ms-request-id: [fb2665dd-86b1-4581-bf3f-c077dd76c42b]
      x-ms-routing-request-id: ['WESTUS:20170608T172705Z:a6dcf5c6-d799-4f39-a69b-fe7d88804b4f']
    status: {code: 200, message: OK}
- request:
    body: null
    headers:
      Accept: [application/json]
      Accept-Encoding: ['gzip, deflate']
      Connection: [keep-alive]
      Content-Type: [application/json; charset=utf-8]
      User-Agent: [python/3.5.2 (Windows-10-10.0.15063-SP0) requests/2.9.1 msrest/0.4.4
          msrest_azure/0.4.7 datalakeanalyticsaccountmanagementclient/0.1.4 Azure-SDK-For-Python]
      accept-language: [en-US]
      x-ms-client-request-id: [a90e813a-4c6f-11e7-9dae-645106422854]
    method: GET
    uri: https://management.azure.com/subscriptions/00000000-0000-0000-0000-000000000000/providers/Microsoft.DataLakeAnalytics/locations/EastUS2/operationResults/d15f160b-32c7-410f-a3de-9c973c4918d70?api-version=2016-11-01&expanded=true
  response:
    body: {string: '{"status":"Succeeded"}'}
    headers:
      Cache-Control: [no-cache]
      Connection: [close]
      Content-Type: [application/json]
      Date: ['Thu, 08 Jun 2017 17:27:35 GMT']
      Expires: ['-1']
      Pragma: [no-cache]
      Server: [Microsoft-IIS/8.5]
      Strict-Transport-Security: [max-age=31536000; includeSubDomains]
      Vary: [Accept-Encoding]
      X-AspNet-Version: [4.0.30319]
      X-Content-Type-Options: [nosniff]
      X-Powered-By: [ASP.NET]
      content-length: ['22']
      x-ms-correlation-request-id: [5ea34fbf-539a-4d10-a34d-026637fb05c9]
      x-ms-ratelimit-remaining-subscription-reads: ['14998']
      x-ms-request-id: [987eac0e-aa5d-4133-b6b5-ef47f3e62634]
      x-ms-routing-request-id: ['WESTUS:20170608T172735Z:5ea34fbf-539a-4d10-a34d-026637fb05c9']
    status: {code: 200, message: OK}
- request:
    body: null
    headers:
      Accept: [application/json]
      Accept-Encoding: ['gzip, deflate']
      Connection: [keep-alive]
      Content-Type: [application/json; charset=utf-8]
      User-Agent: [python/3.5.2 (Windows-10-10.0.15063-SP0) requests/2.9.1 msrest/0.4.4
          msrest_azure/0.4.7 datalakeanalyticsaccountmanagementclient/0.1.4 Azure-SDK-For-Python]
      accept-language: [en-US]
      x-ms-client-request-id: [a90e813a-4c6f-11e7-9dae-645106422854]
    method: GET
    uri: https://management.azure.com/subscriptions/00000000-0000-0000-0000-000000000000/resourceGroups/test_mgmt_datalake_analytics_test_adla_accountscd761330/providers/Microsoft.DataLakeAnalytics/accounts/pyarmadlacd761330?api-version=2016-11-01
  response:
    body: {string: '{"properties":{"firewallState":"Disabled","firewallAllowAzureIps":"Disabled","debugDataAccessLevel":"All","firewallRules":[],"defaultDataLakeStoreAccount":"pyarmadls2cd761330","dataLakeStoreAccounts":[{"properties":{"suffix":"azuredatalakestore.net"},"name":"pyarmadls2cd761330"}],"storageAccounts":[],"maxDegreeOfParallelism":30,"maxJobCount":3,"systemMaxDegreeOfParallelism":250,"systemMaxJobCount":20,"maxDegreeOfParallelismPerJob":30,"minPriorityPerJob":1,"computePolicies":[],"queryStoreRetention":30,"hiveMetastores":[],"currentTier":"Consumption","newTier":"Consumption","provisioningState":"Succeeded","state":"Active","endpoint":"pyarmadlacd761330.azuredatalakeanalytics.net","accountId":"d15f160b-32c7-410f-a3de-9c973c4918d7","creationTime":"2017-06-08T17:26:57.1428512Z","lastModifiedTime":"2017-06-08T17:26:57.1428512Z"},"location":"East
        US 2","tags":{"tag1":"value1"},"id":"/subscriptions/00000000-0000-0000-0000-000000000000/resourceGroups/test_mgmt_datalake_analytics_test_adla_accountscd761330/providers/Microsoft.DataLakeAnalytics/accounts/pyarmadlacd761330","name":"pyarmadlacd761330","type":"Microsoft.DataLakeAnalytics/accounts"}'}
    headers:
      Cache-Control: [no-cache]
      Connection: [close]
      Content-Type: [application/json]
      Date: ['Thu, 08 Jun 2017 17:27:35 GMT']
      Expires: ['-1']
      Pragma: [no-cache]
      Server: [Microsoft-IIS/8.5]
      Strict-Transport-Security: [max-age=31536000; includeSubDomains]
      Vary: [Accept-Encoding]
      X-AspNet-Version: [4.0.30319]
      X-Content-Type-Options: [nosniff]
      X-Powered-By: [ASP.NET]
      content-length: ['1149']
      x-ms-correlation-request-id: [088a0e52-441a-44b2-9f1f-2c4a786a27ab]
      x-ms-ratelimit-remaining-subscription-reads: ['14998']
      x-ms-request-id: [6620e951-6a31-4742-b806-be8852b3944b]
      x-ms-routing-request-id: ['WESTUS:20170608T172736Z:088a0e52-441a-44b2-9f1f-2c4a786a27ab']
    status: {code: 200, message: OK}
- request:
    body: null
    headers:
      Accept: [application/json]
      Accept-Encoding: ['gzip, deflate']
      Connection: [keep-alive]
      Content-Type: [application/json; charset=utf-8]
      User-Agent: [python/3.5.2 (Windows-10-10.0.15063-SP0) requests/2.9.1 msrest/0.4.4
          msrest_azure/0.4.7 datalakeanalyticsaccountmanagementclient/0.1.4 Azure-SDK-For-Python]
      accept-language: [en-US]
      x-ms-client-request-id: [c36664f6-4c6f-11e7-ab9a-645106422854]
    method: GET
    uri: https://management.azure.com/subscriptions/00000000-0000-0000-0000-000000000000/resourceGroups/test_mgmt_datalake_analytics_test_adla_accountscd761330/providers/Microsoft.DataLakeAnalytics/accounts/pyarmadlacd761330?api-version=2016-11-01
  response:
    body: {string: '{"properties":{"firewallState":"Disabled","firewallAllowAzureIps":"Disabled","debugDataAccessLevel":"All","firewallRules":[],"defaultDataLakeStoreAccount":"pyarmadls2cd761330","dataLakeStoreAccounts":[{"properties":{"suffix":"azuredatalakestore.net"},"name":"pyarmadls2cd761330"}],"storageAccounts":[],"maxDegreeOfParallelism":30,"maxJobCount":3,"systemMaxDegreeOfParallelism":250,"systemMaxJobCount":20,"maxDegreeOfParallelismPerJob":30,"minPriorityPerJob":1,"computePolicies":[],"queryStoreRetention":30,"hiveMetastores":[],"currentTier":"Consumption","newTier":"Consumption","provisioningState":"Succeeded","state":"Active","endpoint":"pyarmadlacd761330.azuredatalakeanalytics.net","accountId":"d15f160b-32c7-410f-a3de-9c973c4918d7","creationTime":"2017-06-08T17:26:57.1428512Z","lastModifiedTime":"2017-06-08T17:26:57.1428512Z"},"location":"East
        US 2","tags":{"tag1":"value1"},"id":"/subscriptions/00000000-0000-0000-0000-000000000000/resourceGroups/test_mgmt_datalake_analytics_test_adla_accountscd761330/providers/Microsoft.DataLakeAnalytics/accounts/pyarmadlacd761330","name":"pyarmadlacd761330","type":"Microsoft.DataLakeAnalytics/accounts"}'}
    headers:
      Cache-Control: [no-cache]
      Connection: [close]
      Content-Type: [application/json]
      Date: ['Thu, 08 Jun 2017 17:27:35 GMT']
      Expires: ['-1']
      Pragma: [no-cache]
      Server: [Microsoft-IIS/8.5]
      Strict-Transport-Security: [max-age=31536000; includeSubDomains]
      Vary: [Accept-Encoding]
      X-AspNet-Version: [4.0.30319]
      X-Content-Type-Options: [nosniff]
      X-Powered-By: [ASP.NET]
      content-length: ['1149']
      x-ms-correlation-request-id: [dfc9720a-fe63-4314-8e6f-d2c26e6caae9]
      x-ms-ratelimit-remaining-subscription-reads: ['14999']
      x-ms-request-id: [e907d326-4977-4fac-993a-722ec1caa598]
      x-ms-routing-request-id: ['WESTUS:20170608T172736Z:dfc9720a-fe63-4314-8e6f-d2c26e6caae9']
    status: {code: 200, message: OK}
- request:
    body: null
    headers:
      Accept: [application/json]
      Accept-Encoding: ['gzip, deflate']
      Connection: [keep-alive]
      Content-Type: [application/json; charset=utf-8]
      User-Agent: [python/3.5.2 (Windows-10-10.0.15063-SP0) requests/2.9.1 msrest/0.4.4
          msrest_azure/0.4.7 datalakeanalyticsaccountmanagementclient/0.1.4 Azure-SDK-For-Python]
      accept-language: [en-US]
      x-ms-client-request-id: [c3cf279c-4c6f-11e7-b150-645106422854]
    method: GET
    uri: https://management.azure.com/subscriptions/00000000-0000-0000-0000-000000000000/resourceGroups/test_mgmt_datalake_analytics_test_adla_accountscd761330/providers/Microsoft.DataLakeAnalytics/accounts?api-version=2016-11-01
  response:
    body: {string: '{"value":[{"properties":{"provisioningState":"Succeeded","state":"Active","endpoint":"pyarmadlacd761330.azuredatalakeanalytics.net","accountId":"d15f160b-32c7-410f-a3de-9c973c4918d7","creationTime":"2017-06-08T17:26:57.1428512Z","lastModifiedTime":"2017-06-08T17:26:57.1428512Z"},"location":"East
        US 2","tags":{"tag1":"value1"},"id":"/subscriptions/00000000-0000-0000-0000-000000000000/resourceGroups/test_mgmt_datalake_analytics_test_adla_accountscd761330/providers/Microsoft.DataLakeAnalytics/accounts/pyarmadlacd761330","name":"pyarmadlacd761330","type":"Microsoft.DataLakeAnalytics/accounts"}]}'}
    headers:
      Cache-Control: [no-cache]
      Connection: [close]
      Content-Type: [application/json]
      Date: ['Thu, 08 Jun 2017 17:27:36 GMT']
      Expires: ['-1']
      Pragma: [no-cache]
      Server: [Microsoft-IIS/8.5]
      Strict-Transport-Security: [max-age=31536000; includeSubDomains]
      Vary: [Accept-Encoding]
      X-AspNet-Version: [4.0.30319]
      X-Content-Type-Options: [nosniff]
      X-Powered-By: [ASP.NET]
      content-length: ['598']
      x-ms-correlation-request-id: [af31d44f-045a-4a7a-9293-81582aa0dc6a]
      x-ms-ratelimit-remaining-subscription-reads: ['14999']
      x-ms-request-id: [3ae62887-3de7-47f8-978f-3aec60d895cd]
      x-ms-routing-request-id: ['WESTUS:20170608T172737Z:af31d44f-045a-4a7a-9293-81582aa0dc6a']
    status: {code: 200, message: OK}
- request:
    body: null
    headers:
      Accept: [application/json]
      Accept-Encoding: ['gzip, deflate']
      Connection: [keep-alive]
      Content-Type: [application/json; charset=utf-8]
      User-Agent: [python/3.5.2 (Windows-10-10.0.15063-SP0) requests/2.9.1 msrest/0.4.4
          msrest_azure/0.4.7 datalakeanalyticsaccountmanagementclient/0.1.4 Azure-SDK-For-Python]
      accept-language: [en-US]
      x-ms-client-request-id: [c4383210-4c6f-11e7-85fc-645106422854]
    method: GET
    uri: https://management.azure.com/subscriptions/00000000-0000-0000-0000-000000000000/providers/Microsoft.DataLakeAnalytics/accounts?api-version=2016-11-01
  response:
    body: {string: '{"value":[{"properties":{"provisioningState":"Succeeded","state":"Active","endpoint":"adlapytest01.azuredatalakeanalytics.net","accountId":"f8bd455f-c99a-46d7-adee-6ea937532e22","creationTime":"2017-06-06T21:59:57.8426639Z","lastModifiedTime":"2017-06-06T21:59:57.8426639Z"},"location":"East
        US 2","tags":{},"id":"/subscriptions/00000000-0000-0000-0000-000000000000/resourceGroups/adlspytestrg01/providers/Microsoft.DataLakeAnalytics/accounts/adlapytest01","name":"adlapytest01","type":"Microsoft.DataLakeAnalytics/accounts"},{"properties":{"provisioningState":"Succeeded","state":"Active","endpoint":"pyarmadlacd761330.azuredatalakeanalytics.net","accountId":"d15f160b-32c7-410f-a3de-9c973c4918d7","creationTime":"2017-06-08T17:26:57.1428512Z","lastModifiedTime":"2017-06-08T17:26:57.1428512Z"},"location":"East
        US 2","tags":{"tag1":"value1"},"id":"/subscriptions/00000000-0000-0000-0000-000000000000/resourceGroups/test_mgmt_datalake_analytics_test_adla_accountscd761330/providers/Microsoft.DataLakeAnalytics/accounts/pyarmadlacd761330","name":"pyarmadlacd761330","type":"Microsoft.DataLakeAnalytics/accounts"}]}'}
    headers:
      Cache-Control: [no-cache]
      Connection: [close]
      Content-Type: [application/json]
      Date: ['Thu, 08 Jun 2017 17:27:38 GMT']
      Expires: ['-1']
      Pragma: [no-cache]
      Server: [Microsoft-IIS/8.5]
      Strict-Transport-Security: [max-age=31536000; includeSubDomains]
      Vary: [Accept-Encoding]
      X-AspNet-Version: [4.0.30319]
      X-Content-Type-Options: [nosniff]
      X-Powered-By: [ASP.NET]
      content-length: ['1114']
      x-ms-correlation-request-id: [b7989653-1df9-4a6b-ad6e-c2e3e0c368bf]
      x-ms-ratelimit-remaining-subscription-reads: ['14999']
      x-ms-request-id: [e8a9f486-ef66-4643-b7b9-bc5c6b684150]
      x-ms-routing-request-id: ['WESTUS:20170608T172738Z:b7989653-1df9-4a6b-ad6e-c2e3e0c368bf']
    status: {code: 200, message: OK}
- request:
    body: '{"tags": {"tag2": "value2"}}'
    headers:
      Accept: [application/json]
      Accept-Encoding: ['gzip, deflate']
      Connection: [keep-alive]
      Content-Length: ['28']
      Content-Type: [application/json; charset=utf-8]
      User-Agent: [python/3.5.2 (Windows-10-10.0.15063-SP0) requests/2.9.1 msrest/0.4.4
          msrest_azure/0.4.7 datalakeanalyticsaccountmanagementclient/0.1.4 Azure-SDK-For-Python]
      accept-language: [en-US]
      x-ms-client-request-id: [c4a1011c-4c6f-11e7-ae1c-645106422854]
    method: PATCH
    uri: https://management.azure.com/subscriptions/00000000-0000-0000-0000-000000000000/resourceGroups/test_mgmt_datalake_analytics_test_adla_accountscd761330/providers/Microsoft.DataLakeAnalytics/accounts/pyarmadlacd761330?api-version=2016-11-01
  response:
    body: {string: '{"properties":{"firewallState":"Disabled","firewallAllowAzureIps":"Disabled","debugDataAccessLevel":"All","firewallRules":[],"defaultDataLakeStoreAccount":"pyarmadls2cd761330","dataLakeStoreAccounts":[{"properties":{"suffix":"azuredatalakestore.net"},"name":"pyarmadls2cd761330"}],"storageAccounts":[],"maxDegreeOfParallelism":30,"maxJobCount":3,"maxDegreeOfParallelismPerJob":30,"minPriorityPerJob":1,"computePolicies":[],"queryStoreRetention":30,"hiveMetastores":[],"currentTier":"Consumption","newTier":"Consumption","provisioningState":"Succeeded","state":"Active","endpoint":"pyarmadlacd761330.azuredatalakeanalytics.net","accountId":"d15f160b-32c7-410f-a3de-9c973c4918d7","creationTime":"2017-06-08T17:26:57.1428512Z","lastModifiedTime":"2017-06-08T17:27:39.0588265Z"},"location":"East
        US 2","tags":{"tag2":"value2"},"id":"/subscriptions/00000000-0000-0000-0000-000000000000/resourceGroups/test_mgmt_datalake_analytics_test_adla_accountscd761330/providers/Microsoft.DataLakeAnalytics/accounts/pyarmadlacd761330","name":"pyarmadlacd761330","type":"Microsoft.DataLakeAnalytics/accounts"}'}
    headers:
      Cache-Control: [no-cache]
      Connection: [close]
      Content-Type: [application/json]
      Date: ['Thu, 08 Jun 2017 17:27:39 GMT']
      Expires: ['-1']
      Pragma: [no-cache]
      Server: [Microsoft-IIS/8.5]
      Strict-Transport-Security: [max-age=31536000; includeSubDomains]
      Vary: [Accept-Encoding]
      X-AspNet-Version: [4.0.30319]
      X-Content-Type-Options: [nosniff]
      X-Powered-By: [ASP.NET]
      content-length: ['1091']
      x-ms-correlation-request-id: [5d94057e-87ea-4ca0-98f8-8cac6045ca4f]
      x-ms-ratelimit-remaining-subscription-writes: ['1197']
      x-ms-request-id: [e06b0d22-f009-4961-bf3c-262b6bbd949b]
      x-ms-routing-request-id: ['WESTUS:20170608T172739Z:5d94057e-87ea-4ca0-98f8-8cac6045ca4f']
    status: {code: 200, message: OK}
- request:
    body: null
    headers:
      Accept: [application/json]
      Accept-Encoding: ['gzip, deflate']
      Connection: [keep-alive]
      Content-Length: ['0']
      Content-Type: [application/json; charset=utf-8]
      User-Agent: [python/3.5.2 (Windows-10-10.0.15063-SP0) requests/2.9.1 msrest/0.4.4
          msrest_azure/0.4.7 datalakeanalyticsaccountmanagementclient/0.1.4 Azure-SDK-For-Python]
      accept-language: [en-US]
      x-ms-client-request-id: [c5a94bec-4c6f-11e7-b648-645106422854]
    method: DELETE
    uri: https://management.azure.com/subscriptions/00000000-0000-0000-0000-000000000000/resourceGroups/test_mgmt_datalake_analytics_test_adla_accountscd761330/providers/Microsoft.DataLakeAnalytics/accounts/pyarmadlacd761330?api-version=2016-11-01
  response:
    body: {string: ''}
    headers:
      Cache-Control: [no-cache]
      Connection: [close]
      Content-Length: ['0']
      Date: ['Thu, 08 Jun 2017 17:27:43 GMT']
      Expires: ['-1']
      Pragma: [no-cache]
      Server: [Microsoft-IIS/8.5]
      Strict-Transport-Security: [max-age=31536000; includeSubDomains]
      X-AspNet-Version: [4.0.30319]
      X-Powered-By: [ASP.NET]
      x-ms-correlation-request-id: [754169dd-1391-44e2-9148-b0cd7338ab77]
      x-ms-ratelimit-remaining-subscription-writes: ['1199']
      x-ms-request-id: [6d7eb839-9682-4db3-bad4-b1cb17309491]
      x-ms-routing-request-id: ['WESTUS:20170608T172743Z:754169dd-1391-44e2-9148-b0cd7338ab77']
    status: {code: 200, message: OK}
- request:
    body: '{"location": "East US 2"}'
    headers:
      Accept: [application/json]
      Accept-Encoding: ['gzip, deflate']
      Connection: [keep-alive]
      Content-Length: ['25']
      Content-Type: [application/json; charset=utf-8]
      User-Agent: [python/3.6.4 (Windows-10-10.0.16299-SP0) requests/2.18.4 msrest/0.4.24
          msrest_azure/0.4.19 resourcemanagementclient/1.2.2 Azure-SDK-For-Python]
      accept-language: [en-US]
      x-ms-client-request-id: [2c8c6670-f580-11e7-93ac-705a0f2f3d93]
    method: PUT
    uri: https://management.azure.com/subscriptions/00000000-0000-0000-0000-000000000000/resourcegroups/test_mgmt_datalake_analytics_test_adla_accountscd761330?api-version=2017-05-10
  response:
    body: {string: '{"id":"/subscriptions/00000000-0000-0000-0000-000000000000/resourceGroups/test_mgmt_datalake_analytics_test_adla_accountscd761330","name":"test_mgmt_datalake_analytics_test_adla_accountscd761330","location":"eastus2","properties":{"provisioningState":"Succeeded"}}'}
    headers:
      Cache-Control: [no-cache]
      Content-Length: ['264']
      Content-Type: [application/json; charset=utf-8]
      Date: ['Tue, 09 Jan 2018 21:00:52 GMT']
      Expires: ['-1']
      Pragma: [no-cache]
      Strict-Transport-Security: [max-age=31536000; includeSubDomains]
      x-ms-correlation-request-id: [71bebe41-37f3-4c09-9c6c-87f716a2a7b7]
      x-ms-ratelimit-remaining-subscription-writes: ['1199']
      x-ms-request-id: [71bebe41-37f3-4c09-9c6c-87f716a2a7b7]
      x-ms-routing-request-id: ['WESTUS2:20180109T210052Z:71bebe41-37f3-4c09-9c6c-87f716a2a7b7']
    status: {code: 201, message: Created}
- request:
    body: '{"location": "East US 2"}'
    headers:
      Accept: [application/json]
      Accept-Encoding: ['gzip, deflate']
      Connection: [keep-alive]
      Content-Length: ['25']
      Content-Type: [application/json; charset=utf-8]
      User-Agent: [python/3.6.4 (Windows-10-10.0.16299-SP0) requests/2.18.4 msrest/0.4.24
          msrest_azure/0.4.19 datalakestoreaccountmanagementclient/0.2.0 Azure-SDK-For-Python]
      accept-language: [en-US]
      x-ms-client-request-id: [2d533fe6-f580-11e7-8aae-705a0f2f3d93]
    method: PUT
    uri: https://management.azure.com/subscriptions/00000000-0000-0000-0000-000000000000/resourceGroups/test_mgmt_datalake_analytics_test_adla_accountscd761330/providers/Microsoft.DataLakeStore/accounts/pyarmadls2cd761330?api-version=2016-11-01
  response:
    body: {string: '{"properties":{"provisioningState":"Creating","state":null,"endpoint":null,"accountId":"ba316147-3f6a-4ccf-a391-6454b1e33a28"},"location":"East
        US 2","id":"/subscriptions/00000000-0000-0000-0000-000000000000/resourceGroups/test_mgmt_datalake_analytics_test_adla_accountscd761330/providers/Microsoft.DataLakeStore/accounts/pyarmadls2cd761330","name":"pyarmadls2cd761330","type":"Microsoft.DataLakeStore/accounts"}'}
    headers:
      Azure-AsyncOperation: ['https://management.azure.com/subscriptions/00000000-0000-0000-0000-000000000000/providers/Microsoft.DataLakeStore/locations/EastUS2/operationResults/ba316147-3f6a-4ccf-a391-6454b1e33a280?api-version=2016-11-01&expanded=true']
      Cache-Control: [no-cache]
      Connection: [close]
      Content-Length: ['412']
      Content-Type: [application/json]
      Date: ['Tue, 09 Jan 2018 21:00:54 GMT']
      Expires: ['-1']
      Location: ['https://management.azure.com/subscriptions/00000000-0000-0000-0000-000000000000/resourcegroups/test_mgmt_datalake_analytics_test_adla_accountscd761330/providers/Microsoft.DataLakeStore/accounts/pyarmadls2cd761330/operationresults/0?api-version=2016-11-01']
      Pragma: [no-cache]
      Retry-After: ['0']
      Server: [Microsoft-IIS/8.5]
      Strict-Transport-Security: [max-age=31536000; includeSubDomains]
      X-AspNet-Version: [4.0.30319]
      X-Content-Type-Options: [nosniff]
      X-Powered-By: [ASP.NET]
      x-ms-correlation-request-id: [04c81c51-fee1-4d0b-8f80-cc77af72ae47]
      x-ms-ratelimit-remaining-subscription-writes: ['1199']
      x-ms-request-id: [568086bb-b26d-4cab-b685-5d5c62b0ada2]
      x-ms-routing-request-id: ['WESTUS2:20180109T210054Z:04c81c51-fee1-4d0b-8f80-cc77af72ae47']
    status: {code: 201, message: Created}
- request:
    body: null
    headers:
      Accept: [application/json]
      Accept-Encoding: ['gzip, deflate']
      Connection: [keep-alive]
      Content-Type: [application/json; charset=utf-8]
      User-Agent: [python/3.6.4 (Windows-10-10.0.16299-SP0) requests/2.18.4 msrest/0.4.24
          msrest_azure/0.4.19 datalakestoreaccountmanagementclient/0.2.0 Azure-SDK-For-Python]
      accept-language: [en-US]
      x-ms-client-request-id: [2d533fe6-f580-11e7-8aae-705a0f2f3d93]
    method: GET
    uri: https://management.azure.com/subscriptions/00000000-0000-0000-0000-000000000000/providers/Microsoft.DataLakeStore/locations/EastUS2/operationResults/ba316147-3f6a-4ccf-a391-6454b1e33a280?api-version=2016-11-01&expanded=true
  response:
    body: {string: '{"status":"InProgress"}'}
    headers:
      Cache-Control: [no-cache]
      Connection: [close]
      Content-Type: [application/json]
      Date: ['Tue, 09 Jan 2018 21:01:05 GMT']
      Expires: ['-1']
      Pragma: [no-cache]
      Server: [Microsoft-IIS/8.5]
      Strict-Transport-Security: [max-age=31536000; includeSubDomains]
      Vary: [Accept-Encoding]
      X-AspNet-Version: [4.0.30319]
      X-Content-Type-Options: [nosniff]
      X-Powered-By: [ASP.NET]
      content-length: ['23']
      x-ms-correlation-request-id: [e275d913-9425-4734-8123-01286eabec24]
      x-ms-ratelimit-remaining-subscription-reads: ['14996']
      x-ms-request-id: [3eb7e4a1-f8e4-4eef-a37c-5a123ae1fa7f]
      x-ms-routing-request-id: ['WESTUS2:20180109T210106Z:e275d913-9425-4734-8123-01286eabec24']
    status: {code: 200, message: OK}
- request:
    body: null
    headers:
      Accept: [application/json]
      Accept-Encoding: ['gzip, deflate']
      Connection: [keep-alive]
      Content-Type: [application/json; charset=utf-8]
      User-Agent: [python/3.6.4 (Windows-10-10.0.16299-SP0) requests/2.18.4 msrest/0.4.24
          msrest_azure/0.4.19 datalakestoreaccountmanagementclient/0.2.0 Azure-SDK-For-Python]
      accept-language: [en-US]
      x-ms-client-request-id: [2d533fe6-f580-11e7-8aae-705a0f2f3d93]
    method: GET
    uri: https://management.azure.com/subscriptions/00000000-0000-0000-0000-000000000000/providers/Microsoft.DataLakeStore/locations/EastUS2/operationResults/ba316147-3f6a-4ccf-a391-6454b1e33a280?api-version=2016-11-01&expanded=true
  response:
    body: {string: '{"status":"Succeeded"}'}
    headers:
      Cache-Control: [no-cache]
      Connection: [close]
      Content-Type: [application/json]
      Date: ['Tue, 09 Jan 2018 21:01:36 GMT']
      Expires: ['-1']
      Pragma: [no-cache]
      Server: [Microsoft-IIS/8.5]
      Strict-Transport-Security: [max-age=31536000; includeSubDomains]
      Vary: [Accept-Encoding]
      X-AspNet-Version: [4.0.30319]
      X-Content-Type-Options: [nosniff]
      X-Powered-By: [ASP.NET]
      content-length: ['22']
      x-ms-correlation-request-id: [5c6b2775-4c3e-449f-b5fe-58e57a8555a5]
      x-ms-ratelimit-remaining-subscription-reads: ['14999']
      x-ms-request-id: [3877e9b8-1282-42f2-b5f6-ed282b8d0148]
      x-ms-routing-request-id: ['WESTUS2:20180109T210137Z:5c6b2775-4c3e-449f-b5fe-58e57a8555a5']
    status: {code: 200, message: OK}
- request:
    body: null
    headers:
      Accept: [application/json]
      Accept-Encoding: ['gzip, deflate']
      Connection: [keep-alive]
      Content-Type: [application/json; charset=utf-8]
      User-Agent: [python/3.6.4 (Windows-10-10.0.16299-SP0) requests/2.18.4 msrest/0.4.24
          msrest_azure/0.4.19 datalakestoreaccountmanagementclient/0.2.0 Azure-SDK-For-Python]
      accept-language: [en-US]
      x-ms-client-request-id: [2d533fe6-f580-11e7-8aae-705a0f2f3d93]
    method: GET
    uri: https://management.azure.com/subscriptions/00000000-0000-0000-0000-000000000000/resourceGroups/test_mgmt_datalake_analytics_test_adla_accountscd761330/providers/Microsoft.DataLakeStore/accounts/pyarmadls2cd761330?api-version=2016-11-01
  response:
    body: {string: '{"properties":{"firewallState":"Disabled","firewallAllowAzureIps":"Disabled","firewallAllowDataLakeAnalytics":"Disabled","firewallRules":[],"virtualNetworkRules":[],"trustedIdProviderState":"Disabled","trustedIdProviders":[],"encryptionState":"Enabled","encryptionConfig":{"type":"ServiceManaged"},"currentTier":"Consumption","newTier":"Consumption","provisioningState":"Succeeded","state":"Active","endpoint":"pyarmadls2cd761330.azuredatalakestore.net","accountId":"ba316147-3f6a-4ccf-a391-6454b1e33a28","creationTime":"2018-01-09T21:00:57.4675046Z","lastModifiedTime":"2018-01-09T21:00:57.4675046Z"},"location":"East
        US 2","id":"/subscriptions/00000000-0000-0000-0000-000000000000/resourceGroups/test_mgmt_datalake_analytics_test_adla_accountscd761330/providers/Microsoft.DataLakeStore/accounts/pyarmadls2cd761330","name":"pyarmadls2cd761330","type":"Microsoft.DataLakeStore/accounts"}'}
    headers:
      Cache-Control: [no-cache]
      Connection: [close]
      Content-Type: [application/json]
      Date: ['Tue, 09 Jan 2018 21:01:37 GMT']
      Expires: ['-1']
      Pragma: [no-cache]
      Server: [Microsoft-IIS/8.5]
      Strict-Transport-Security: [max-age=31536000; includeSubDomains]
      Vary: [Accept-Encoding]
      X-AspNet-Version: [4.0.30319]
      X-Content-Type-Options: [nosniff]
      X-Powered-By: [ASP.NET]
      content-length: ['887']
      x-ms-correlation-request-id: [ded846e4-577d-4904-a5f5-fcef9fff9d94]
      x-ms-ratelimit-remaining-subscription-reads: ['14996']
      x-ms-request-id: [48b1eaf5-1053-421a-b05c-43d439fed831]
      x-ms-routing-request-id: ['WESTUS2:20180109T210137Z:ded846e4-577d-4904-a5f5-fcef9fff9d94']
    status: {code: 200, message: OK}
- request:
    body: '{"name": "pyarmadlacd761330", "type": "Microsoft.DataLakeAnalytics/accounts"}'
    headers:
      Accept: [application/json]
      Accept-Encoding: ['gzip, deflate']
      Connection: [keep-alive]
      Content-Length: ['77']
      Content-Type: [application/json; charset=utf-8]
      User-Agent: [python/3.6.4 (Windows-10-10.0.16299-SP0) requests/2.18.4 msrest/0.4.24
          msrest_azure/0.4.19 azure-mgmt-datalake-analytics/2016-11-01 Azure-SDK-For-Python]
      accept-language: [en-US]
      x-ms-client-request-id: [489ad324-f580-11e7-a5bf-705a0f2f3d93]
    method: POST
    uri: https://management.azure.com/subscriptions/00000000-0000-0000-0000-000000000000/providers/Microsoft.DataLakeAnalytics/locations/EastUS2/checkNameAvailability?api-version=2016-11-01
  response:
    body: {string: '{"nameAvailable":true}'}
    headers:
      Cache-Control: [no-cache]
      Connection: [close]
      Content-Type: [application/json]
      Date: ['Tue, 09 Jan 2018 21:01:38 GMT']
      Expires: ['-1']
      Pragma: [no-cache]
      Server: [Microsoft-IIS/8.5]
      Strict-Transport-Security: [max-age=31536000; includeSubDomains]
      Vary: [Accept-Encoding]
      X-AspNet-Version: [4.0.30319]
      X-Content-Type-Options: [nosniff]
      X-Powered-By: [ASP.NET]
      content-length: ['22']
      x-ms-correlation-request-id: [0a6a73b7-a73e-4268-8f24-1481616faee7]
      x-ms-ratelimit-remaining-subscription-writes: ['1199']
      x-ms-request-id: [8dca77cb-aa28-4b92-94f0-e04273e7f867]
      x-ms-routing-request-id: ['WESTUS2:20180109T210139Z:0a6a73b7-a73e-4268-8f24-1481616faee7']
    status: {code: 200, message: OK}
- request:
    body: '{"location": "East US 2", "tags": {"tag1": "value1"}, "properties": {"defaultDataLakeStoreAccount":
      "pyarmadls2cd761330", "maxDegreeOfParallelism": 30, "queryStoreRetention": 30,
      "maxJobCount": 3, "dataLakeStoreAccounts": [{"name": "pyarmadls2cd761330"}]}}'
    headers:
      Accept: [application/json]
      Accept-Encoding: ['gzip, deflate']
      Connection: [keep-alive]
      Content-Length: ['256']
      Content-Type: [application/json; charset=utf-8]
      User-Agent: [python/3.6.4 (Windows-10-10.0.16299-SP0) requests/2.18.4 msrest/0.4.24
          msrest_azure/0.4.19 azure-mgmt-datalake-analytics/2016-11-01 Azure-SDK-For-Python]
      accept-language: [en-US]
      x-ms-client-request-id: [49b92312-f580-11e7-8925-705a0f2f3d93]
    method: PUT
    uri: https://management.azure.com/subscriptions/00000000-0000-0000-0000-000000000000/resourceGroups/test_mgmt_datalake_analytics_test_adla_accountscd761330/providers/Microsoft.DataLakeAnalytics/accounts/pyarmadlacd761330?api-version=2016-11-01
  response:
    body: {string: '{"properties":{"defaultDataLakeStoreAccount":"pyarmadls2cd761330","dataLakeStoreAccounts":[{"properties":{"suffix":"azuredatalakestore.net"},"name":"pyarmadls2cd761330"}],"maxDegreeOfParallelism":30,"maxJobCount":3,"queryStoreRetention":30,"provisioningState":"Creating","state":null,"endpoint":null,"accountId":"0a29b37a-6752-4eda-a5eb-f3b0410a5164"},"location":"East
        US 2","tags":{"tag1":"value1"},"id":"/subscriptions/00000000-0000-0000-0000-000000000000/resourceGroups/test_mgmt_datalake_analytics_test_adla_accountscd761330/providers/Microsoft.DataLakeAnalytics/accounts/pyarmadlacd761330","name":"pyarmadlacd761330","type":"Microsoft.DataLakeAnalytics/accounts"}'}
    headers:
      Azure-AsyncOperation: ['https://management.azure.com/subscriptions/00000000-0000-0000-0000-000000000000/providers/Microsoft.DataLakeAnalytics/locations/EastUS2/operationResults/0a29b37a-6752-4eda-a5eb-f3b0410a51640?api-version=2016-11-01&expanded=true']
      Cache-Control: [no-cache]
      Connection: [close]
      Content-Length: ['668']
      Content-Type: [application/json]
      Date: ['Tue, 09 Jan 2018 21:01:42 GMT']
      Expires: ['-1']
      Location: ['https://management.azure.com/subscriptions/00000000-0000-0000-0000-000000000000/resourcegroups/test_mgmt_datalake_analytics_test_adla_accountscd761330/providers/Microsoft.DataLakeAnalytics/accounts/pyarmadlacd761330/operationresults/0?api-version=2016-11-01']
      Pragma: [no-cache]
      Retry-After: ['0']
      Server: [Microsoft-IIS/8.5]
      Strict-Transport-Security: [max-age=31536000; includeSubDomains]
      X-AspNet-Version: [4.0.30319]
      X-Content-Type-Options: [nosniff]
      X-Powered-By: [ASP.NET]
      x-ms-correlation-request-id: [b2a76b98-5bdb-4122-a0b0-40ea24d32259]
      x-ms-ratelimit-remaining-subscription-writes: ['1199']
      x-ms-request-id: [6d47a0de-52ca-4020-b42e-4a12f67ab7f8]
      x-ms-routing-request-id: ['WESTUS2:20180109T210143Z:b2a76b98-5bdb-4122-a0b0-40ea24d32259']
    status: {code: 201, message: Created}
- request:
    body: null
    headers:
      Accept: [application/json]
      Accept-Encoding: ['gzip, deflate']
      Connection: [keep-alive]
      User-Agent: [python/3.6.4 (Windows-10-10.0.16299-SP0) requests/2.18.4 msrest/0.4.24
          msrest_azure/0.4.19 azure-mgmt-datalake-analytics/2016-11-01 Azure-SDK-For-Python]
      x-ms-client-request-id: [49b92312-f580-11e7-8925-705a0f2f3d93]
    method: GET
    uri: https://management.azure.com/subscriptions/00000000-0000-0000-0000-000000000000/providers/Microsoft.DataLakeAnalytics/locations/EastUS2/operationResults/0a29b37a-6752-4eda-a5eb-f3b0410a51640?api-version=2016-11-01&expanded=true
  response:
    body: {string: '{"status":"InProgress"}'}
    headers:
      Cache-Control: [no-cache]
      Connection: [close]
      Content-Type: [application/json]
      Date: ['Tue, 09 Jan 2018 21:01:53 GMT']
      Expires: ['-1']
      Pragma: [no-cache]
      Server: [Microsoft-IIS/8.5]
      Strict-Transport-Security: [max-age=31536000; includeSubDomains]
      Vary: [Accept-Encoding]
      X-AspNet-Version: [4.0.30319]
      X-Content-Type-Options: [nosniff]
      X-Powered-By: [ASP.NET]
      content-length: ['23']
      x-ms-correlation-request-id: [e527d0f2-dfb0-47d6-90de-bea5b6ef6147]
      x-ms-ratelimit-remaining-subscription-reads: ['14999']
      x-ms-request-id: [cd23e04a-54c8-4710-ae21-d75e1fb4fbdc]
      x-ms-routing-request-id: ['WESTUS2:20180109T210154Z:e527d0f2-dfb0-47d6-90de-bea5b6ef6147']
    status: {code: 200, message: OK}
- request:
    body: null
    headers:
      Accept: [application/json]
      Accept-Encoding: ['gzip, deflate']
      Connection: [keep-alive]
      User-Agent: [python/3.6.4 (Windows-10-10.0.16299-SP0) requests/2.18.4 msrest/0.4.24
          msrest_azure/0.4.19 azure-mgmt-datalake-analytics/2016-11-01 Azure-SDK-For-Python]
      x-ms-client-request-id: [49b92312-f580-11e7-8925-705a0f2f3d93]
    method: GET
    uri: https://management.azure.com/subscriptions/00000000-0000-0000-0000-000000000000/providers/Microsoft.DataLakeAnalytics/locations/EastUS2/operationResults/0a29b37a-6752-4eda-a5eb-f3b0410a51640?api-version=2016-11-01&expanded=true
  response:
    body: {string: '{"status":"Succeeded"}'}
    headers:
      Cache-Control: [no-cache]
      Connection: [close]
      Content-Type: [application/json]
      Date: ['Tue, 09 Jan 2018 21:02:24 GMT']
      Expires: ['-1']
      Pragma: [no-cache]
      Server: [Microsoft-IIS/8.5]
      Strict-Transport-Security: [max-age=31536000; includeSubDomains]
      Vary: [Accept-Encoding]
      X-AspNet-Version: [4.0.30319]
      X-Content-Type-Options: [nosniff]
      X-Powered-By: [ASP.NET]
      content-length: ['22']
      x-ms-correlation-request-id: [abe68f9d-be6e-47b7-a869-2aa4b4cd23da]
      x-ms-ratelimit-remaining-subscription-reads: ['14998']
      x-ms-request-id: [d745442a-61ab-4d88-8a7a-e0e83b104ed6]
      x-ms-routing-request-id: ['WESTUS2:20180109T210225Z:abe68f9d-be6e-47b7-a869-2aa4b4cd23da']
    status: {code: 200, message: OK}
- request:
    body: null
    headers:
      Accept: [application/json]
      Accept-Encoding: ['gzip, deflate']
      Connection: [keep-alive]
      User-Agent: [python/3.6.4 (Windows-10-10.0.16299-SP0) requests/2.18.4 msrest/0.4.24
          msrest_azure/0.4.19 azure-mgmt-datalake-analytics/2016-11-01 Azure-SDK-For-Python]
      x-ms-client-request-id: [49b92312-f580-11e7-8925-705a0f2f3d93]
    method: GET
    uri: https://management.azure.com/subscriptions/00000000-0000-0000-0000-000000000000/resourceGroups/test_mgmt_datalake_analytics_test_adla_accountscd761330/providers/Microsoft.DataLakeAnalytics/accounts/pyarmadlacd761330?api-version=2016-11-01
  response:
    body: {string: '{"properties":{"firewallState":"Disabled","firewallAllowAzureIps":"Disabled","debugDataAccessLevel":"All","firewallRules":[],"defaultDataLakeStoreAccount":"pyarmadls2cd761330","dataLakeStoreAccounts":[{"properties":{"suffix":"azuredatalakestore.net"},"name":"pyarmadls2cd761330"}],"publicDataLakeStoreAccounts":[{"properties":{"suffix":"azuredatalakestore.net"},"name":"adltrainingsampledata"},{"properties":{"suffix":"azuredatalakestore.net"},"name":"ghinsights"}],"storageAccounts":[],"maxDegreeOfParallelism":30,"maxJobCount":3,"systemMaxDegreeOfParallelism":100,"systemMaxJobCount":20,"maxDegreeOfParallelismPerJob":30,"minPriorityPerJob":1,"computePolicies":[],"queryStoreRetention":30,"hiveMetastores":[],"currentTier":"Consumption","newTier":"Consumption","provisioningState":"Succeeded","state":"Active","endpoint":"pyarmadlacd761330.azuredatalakeanalytics.net","accountId":"0a29b37a-6752-4eda-a5eb-f3b0410a5164","creationTime":"2018-01-09T21:01:44.7272089Z","lastModifiedTime":"2018-01-09T21:01:44.7272089Z"},"location":"East
        US 2","tags":{"tag1":"value1"},"id":"/subscriptions/00000000-0000-0000-0000-000000000000/resourceGroups/test_mgmt_datalake_analytics_test_adla_accountscd761330/providers/Microsoft.DataLakeAnalytics/accounts/pyarmadlacd761330","name":"pyarmadlacd761330","type":"Microsoft.DataLakeAnalytics/accounts"}'}
    headers:
      Cache-Control: [no-cache]
      Connection: [close]
      Content-Type: [application/json]
      Date: ['Tue, 09 Jan 2018 21:02:26 GMT']
      Expires: ['-1']
      Pragma: [no-cache]
      Server: [Microsoft-IIS/8.5]
      Strict-Transport-Security: [max-age=31536000; includeSubDomains]
      Vary: [Accept-Encoding]
      X-AspNet-Version: [4.0.30319]
      X-Content-Type-Options: [nosniff]
      X-Powered-By: [ASP.NET]
      content-length: ['1334']
      x-ms-correlation-request-id: [79879690-c1c7-497f-82ba-9f90e1d0b95a]
      x-ms-ratelimit-remaining-subscription-reads: ['14996']
      x-ms-request-id: [9b8ae322-490f-4f25-ac0e-8d2e77d7a86b]
      x-ms-routing-request-id: ['WESTUS2:20180109T210226Z:79879690-c1c7-497f-82ba-9f90e1d0b95a']
    status: {code: 200, message: OK}
- request:
    body: '{"name": "pyarmadlacd761330", "type": "Microsoft.DataLakeAnalytics/accounts"}'
    headers:
      Accept: [application/json]
      Accept-Encoding: ['gzip, deflate']
      Connection: [keep-alive]
      Content-Length: ['77']
      Content-Type: [application/json; charset=utf-8]
      User-Agent: [python/3.6.4 (Windows-10-10.0.16299-SP0) requests/2.18.4 msrest/0.4.24
          msrest_azure/0.4.19 azure-mgmt-datalake-analytics/2016-11-01 Azure-SDK-For-Python]
      accept-language: [en-US]
      x-ms-client-request-id: [6572184c-f580-11e7-af60-705a0f2f3d93]
    method: POST
    uri: https://management.azure.com/subscriptions/00000000-0000-0000-0000-000000000000/providers/Microsoft.DataLakeAnalytics/locations/EastUS2/checkNameAvailability?api-version=2016-11-01
  response:
    body: {string: '{"nameAvailable":false,"reason":"AlreadyExists","message":"An
        account named ''pyarmadlacd761330'' already exists."}'}
    headers:
      Cache-Control: [no-cache]
      Connection: [close]
      Content-Type: [application/json]
      Date: ['Tue, 09 Jan 2018 21:02:27 GMT']
      Expires: ['-1']
      Pragma: [no-cache]
      Server: [Microsoft-IIS/8.5]
      Strict-Transport-Security: [max-age=31536000; includeSubDomains]
      Vary: [Accept-Encoding]
      X-AspNet-Version: [4.0.30319]
      X-Content-Type-Options: [nosniff]
      X-Powered-By: [ASP.NET]
      content-length: ['113']
      x-ms-correlation-request-id: [31573b02-0be6-4b62-b4ed-b3c613d8c728]
      x-ms-ratelimit-remaining-subscription-writes: ['1197']
      x-ms-request-id: [59a34d11-72f9-45e8-b438-7154e498dc98]
      x-ms-routing-request-id: ['WESTUS2:20180109T210227Z:31573b02-0be6-4b62-b4ed-b3c613d8c728']
    status: {code: 200, message: OK}
- request:
    body: null
    headers:
      Accept: [application/json]
      Accept-Encoding: ['gzip, deflate']
      Connection: [keep-alive]
      Content-Type: [application/json; charset=utf-8]
      User-Agent: [python/3.6.4 (Windows-10-10.0.16299-SP0) requests/2.18.4 msrest/0.4.24
          msrest_azure/0.4.19 azure-mgmt-datalake-analytics/2016-11-01 Azure-SDK-For-Python]
      accept-language: [en-US]
      x-ms-client-request-id: [663494c0-f580-11e7-a662-705a0f2f3d93]
    method: GET
    uri: https://management.azure.com/subscriptions/00000000-0000-0000-0000-000000000000/resourceGroups/test_mgmt_datalake_analytics_test_adla_accountscd761330/providers/Microsoft.DataLakeAnalytics/accounts/pyarmadlacd761330?api-version=2016-11-01
  response:
    body: {string: '{"properties":{"firewallState":"Disabled","firewallAllowAzureIps":"Disabled","debugDataAccessLevel":"All","firewallRules":[],"defaultDataLakeStoreAccount":"pyarmadls2cd761330","dataLakeStoreAccounts":[{"properties":{"suffix":"azuredatalakestore.net"},"name":"pyarmadls2cd761330"}],"publicDataLakeStoreAccounts":[{"properties":{"suffix":"azuredatalakestore.net"},"name":"adltrainingsampledata"},{"properties":{"suffix":"azuredatalakestore.net"},"name":"ghinsights"}],"storageAccounts":[],"maxDegreeOfParallelism":30,"maxJobCount":3,"systemMaxDegreeOfParallelism":100,"systemMaxJobCount":20,"maxDegreeOfParallelismPerJob":30,"minPriorityPerJob":1,"computePolicies":[],"queryStoreRetention":30,"hiveMetastores":[],"currentTier":"Consumption","newTier":"Consumption","provisioningState":"Succeeded","state":"Active","endpoint":"pyarmadlacd761330.azuredatalakeanalytics.net","accountId":"0a29b37a-6752-4eda-a5eb-f3b0410a5164","creationTime":"2018-01-09T21:01:44.7272089Z","lastModifiedTime":"2018-01-09T21:01:44.7272089Z"},"location":"East
        US 2","tags":{"tag1":"value1"},"id":"/subscriptions/00000000-0000-0000-0000-000000000000/resourceGroups/test_mgmt_datalake_analytics_test_adla_accountscd761330/providers/Microsoft.DataLakeAnalytics/accounts/pyarmadlacd761330","name":"pyarmadlacd761330","type":"Microsoft.DataLakeAnalytics/accounts"}'}
    headers:
      Cache-Control: [no-cache]
      Connection: [close]
      Content-Type: [application/json]
      Date: ['Tue, 09 Jan 2018 21:02:28 GMT']
      Expires: ['-1']
      Pragma: [no-cache]
      Server: [Microsoft-IIS/8.5]
      Strict-Transport-Security: [max-age=31536000; includeSubDomains]
      Vary: [Accept-Encoding]
      X-AspNet-Version: [4.0.30319]
      X-Content-Type-Options: [nosniff]
      X-Powered-By: [ASP.NET]
      content-length: ['1334']
      x-ms-correlation-request-id: [d7956a97-1351-4c1f-bfe0-aa4ec38c9c8f]
      x-ms-ratelimit-remaining-subscription-reads: ['14996']
      x-ms-request-id: [f4d4ee6f-1415-4acb-98a2-bd399e7c53d2]
      x-ms-routing-request-id: ['WESTUS2:20180109T210228Z:d7956a97-1351-4c1f-bfe0-aa4ec38c9c8f']
    status: {code: 200, message: OK}
- request:
    body: null
    headers:
      Accept: [application/json]
      Accept-Encoding: ['gzip, deflate']
      Connection: [keep-alive]
      Content-Type: [application/json; charset=utf-8]
      User-Agent: [python/3.6.4 (Windows-10-10.0.16299-SP0) requests/2.18.4 msrest/0.4.24
          msrest_azure/0.4.19 azure-mgmt-datalake-analytics/2016-11-01 Azure-SDK-For-Python]
      accept-language: [en-US]
      x-ms-client-request-id: [66cf6c46-f580-11e7-b9d3-705a0f2f3d93]
    method: GET
    uri: https://management.azure.com/subscriptions/00000000-0000-0000-0000-000000000000/resourceGroups/test_mgmt_datalake_analytics_test_adla_accountscd761330/providers/Microsoft.DataLakeAnalytics/accounts?api-version=2016-11-01
  response:
    body: {string: '{"value":[{"properties":{"provisioningState":"Succeeded","state":"Active","endpoint":"pyarmadlacd761330.azuredatalakeanalytics.net","accountId":"0a29b37a-6752-4eda-a5eb-f3b0410a5164","creationTime":"2018-01-09T21:01:44.7272089Z","lastModifiedTime":"2018-01-09T21:01:44.7272089Z"},"location":"East
        US 2","tags":{"tag1":"value1"},"id":"/subscriptions/00000000-0000-0000-0000-000000000000/resourceGroups/test_mgmt_datalake_analytics_test_adla_accountscd761330/providers/Microsoft.DataLakeAnalytics/accounts/pyarmadlacd761330","name":"pyarmadlacd761330","type":"Microsoft.DataLakeAnalytics/accounts"}]}'}
    headers:
      Cache-Control: [no-cache]
      Connection: [close]
      Content-Type: [application/json]
      Date: ['Tue, 09 Jan 2018 21:02:29 GMT']
      Expires: ['-1']
      Pragma: [no-cache]
      Server: [Microsoft-IIS/8.5]
      Strict-Transport-Security: [max-age=31536000; includeSubDomains]
      Vary: [Accept-Encoding]
      X-AspNet-Version: [4.0.30319]
      X-Content-Type-Options: [nosniff]
      X-Powered-By: [ASP.NET]
      content-length: ['598']
      x-ms-correlation-request-id: [46c02da3-3df8-406a-a02b-112f3c28c41e]
      x-ms-ratelimit-remaining-subscription-reads: ['14997']
      x-ms-request-id: [0ee1a3e2-1d0f-42a0-8f57-4e02e33effcf]
      x-ms-routing-request-id: ['WESTUS2:20180109T210229Z:46c02da3-3df8-406a-a02b-112f3c28c41e']
    status: {code: 200, message: OK}
- request:
    body: null
    headers:
      Accept: [application/json]
      Accept-Encoding: ['gzip, deflate']
      Connection: [keep-alive]
      Content-Type: [application/json; charset=utf-8]
      User-Agent: [python/3.6.4 (Windows-10-10.0.16299-SP0) requests/2.18.4 msrest/0.4.24
          msrest_azure/0.4.19 azure-mgmt-datalake-analytics/2016-11-01 Azure-SDK-For-Python]
      accept-language: [en-US]
      x-ms-client-request-id: [675d2f22-f580-11e7-ba0e-705a0f2f3d93]
    method: GET
    uri: https://management.azure.com/subscriptions/00000000-0000-0000-0000-000000000000/providers/Microsoft.DataLakeAnalytics/accounts?api-version=2016-11-01
  response:
    body: {string: '{"value":[{"properties":{"provisioningState":"Succeeded","state":"Active","endpoint":"pyarmadlacd761330.azuredatalakeanalytics.net","accountId":"0a29b37a-6752-4eda-a5eb-f3b0410a5164","creationTime":"2018-01-09T21:01:44.7272089Z","lastModifiedTime":"2018-01-09T21:01:44.7272089Z"},"location":"East
        US 2","tags":{"tag1":"value1"},"id":"/subscriptions/00000000-0000-0000-0000-000000000000/resourceGroups/test_mgmt_datalake_analytics_test_adla_accountscd761330/providers/Microsoft.DataLakeAnalytics/accounts/pyarmadlacd761330","name":"pyarmadlacd761330","type":"Microsoft.DataLakeAnalytics/accounts"}]}'}
    headers:
      Cache-Control: [no-cache]
      Connection: [close]
      Content-Type: [application/json]
      Date: ['Tue, 09 Jan 2018 21:02:30 GMT']
      Expires: ['-1']
      Pragma: [no-cache]
      Server: [Microsoft-IIS/8.5]
      Strict-Transport-Security: [max-age=31536000; includeSubDomains]
      Vary: [Accept-Encoding]
      X-AspNet-Version: [4.0.30319]
      X-Content-Type-Options: [nosniff]
      X-Powered-By: [ASP.NET]
      content-length: ['598']
      x-ms-correlation-request-id: [a4672cd2-40ea-4d42-b73b-e29be88bf6b7]
      x-ms-ratelimit-remaining-subscription-reads: ['14999']
      x-ms-request-id: [f7bb1180-cc09-446d-842e-2be49c2508e3]
      x-ms-routing-request-id: ['WESTUS2:20180109T210230Z:a4672cd2-40ea-4d42-b73b-e29be88bf6b7']
    status: {code: 200, message: OK}
- request:
    body: '{"tags": {"tag2": "value2"}}'
    headers:
      Accept: [application/json]
      Accept-Encoding: ['gzip, deflate']
      Connection: [keep-alive]
      Content-Length: ['28']
      Content-Type: [application/json; charset=utf-8]
      User-Agent: [python/3.6.4 (Windows-10-10.0.16299-SP0) requests/2.18.4 msrest/0.4.24
          msrest_azure/0.4.19 azure-mgmt-datalake-analytics/2016-11-01 Azure-SDK-For-Python]
      accept-language: [en-US]
      x-ms-client-request-id: [67ffecf4-f580-11e7-b12b-705a0f2f3d93]
    method: PATCH
    uri: https://management.azure.com/subscriptions/00000000-0000-0000-0000-000000000000/resourceGroups/test_mgmt_datalake_analytics_test_adla_accountscd761330/providers/Microsoft.DataLakeAnalytics/accounts/pyarmadlacd761330?api-version=2016-11-01
  response:
    body: {string: '{"properties":{"firewallState":"Disabled","firewallAllowAzureIps":"Disabled","debugDataAccessLevel":"All","firewallRules":[],"defaultDataLakeStoreAccount":"pyarmadls2cd761330","dataLakeStoreAccounts":[{"properties":{"suffix":"azuredatalakestore.net"},"name":"pyarmadls2cd761330"}],"storageAccounts":[],"maxDegreeOfParallelism":30,"maxJobCount":3,"maxDegreeOfParallelismPerJob":30,"minPriorityPerJob":1,"computePolicies":[],"queryStoreRetention":30,"hiveMetastores":[],"currentTier":"Consumption","newTier":"Consumption","provisioningState":"Succeeded","state":"Active","endpoint":"pyarmadlacd761330.azuredatalakeanalytics.net","accountId":"0a29b37a-6752-4eda-a5eb-f3b0410a5164","creationTime":"2018-01-09T21:01:44.7272089Z","lastModifiedTime":"2018-01-09T21:02:32.1284897Z"},"location":"East
        US 2","tags":{"tag2":"value2"},"id":"/subscriptions/00000000-0000-0000-0000-000000000000/resourceGroups/test_mgmt_datalake_analytics_test_adla_accountscd761330/providers/Microsoft.DataLakeAnalytics/accounts/pyarmadlacd761330","name":"pyarmadlacd761330","type":"Microsoft.DataLakeAnalytics/accounts"}'}
    headers:
      Cache-Control: [no-cache]
      Connection: [close]
      Content-Type: [application/json]
      Date: ['Tue, 09 Jan 2018 21:02:32 GMT']
      Expires: ['-1']
      Pragma: [no-cache]
      Server: [Microsoft-IIS/8.5]
      Strict-Transport-Security: [max-age=31536000; includeSubDomains]
      Vary: [Accept-Encoding]
      X-AspNet-Version: [4.0.30319]
      X-Content-Type-Options: [nosniff]
      X-Powered-By: [ASP.NET]
      content-length: ['1091']
      x-ms-correlation-request-id: [a57d7ae7-41c7-42ce-9771-c24d2a9e68dd]
      x-ms-ratelimit-remaining-subscription-writes: ['1199']
      x-ms-request-id: [2c9ae84f-0460-4a40-b11e-c23f737ad969]
      x-ms-routing-request-id: ['WESTUS2:20180109T210233Z:a57d7ae7-41c7-42ce-9771-c24d2a9e68dd']
    status: {code: 200, message: OK}
- request:
    body: null
    headers:
      Accept: [application/json]
      Accept-Encoding: ['gzip, deflate']
      Connection: [keep-alive]
      Content-Type: [application/json; charset=utf-8]
      User-Agent: [python/3.6.4 (Windows-10-10.0.16299-SP0) requests/2.18.4 msrest/0.4.24
          msrest_azure/0.4.19 azure-mgmt-datalake-analytics/2016-11-01 Azure-SDK-For-Python]
      accept-language: [en-US]
      x-ms-client-request-id: [698422b4-f580-11e7-846d-705a0f2f3d93]
    method: GET
    uri: https://management.azure.com/subscriptions/00000000-0000-0000-0000-000000000000/providers/Microsoft.DataLakeAnalytics/locations/EastUS2/capability?api-version=2016-11-01
  response:
    body: {string: '{"subscriptionId":"00000000-0000-0000-0000-000000000000","state":"Registered","maxAccountCount":3,"accountCount":1,"migrationState":false}'}
    headers:
      Cache-Control: [no-cache]
      Connection: [close]
      Content-Type: [application/json]
      Date: ['Tue, 09 Jan 2018 21:02:33 GMT']
      Expires: ['-1']
      Pragma: [no-cache]
      Server: [Microsoft-IIS/8.5]
      Strict-Transport-Security: [max-age=31536000; includeSubDomains]
      Vary: [Accept-Encoding]
      X-AspNet-Version: [4.0.30319]
      X-Content-Type-Options: [nosniff]
      X-Powered-By: [ASP.NET]
      content-length: ['138']
      x-ms-correlation-request-id: [0f2e3f03-b76a-479e-a429-c38769f3476d]
      x-ms-ratelimit-remaining-subscription-reads: ['14996']
      x-ms-request-id: [d44e49cd-8399-4ccd-98e8-d19249c22527]
      x-ms-routing-request-id: ['WESTUS2:20180109T210234Z:0f2e3f03-b76a-479e-a429-c38769f3476d']
    status: {code: 200, message: OK}
- request:
    body: null
    headers:
      Accept: [application/json]
      Accept-Encoding: ['gzip, deflate']
      Connection: [keep-alive]
      Content-Type: [application/json; charset=utf-8]
      User-Agent: [python/3.6.4 (Windows-10-10.0.16299-SP0) requests/2.18.4 msrest/0.4.24
          msrest_azure/0.4.19 azure-mgmt-datalake-analytics/2016-11-01 Azure-SDK-For-Python]
      accept-language: [en-US]
      x-ms-client-request-id: [6a2d4714-f580-11e7-81b4-705a0f2f3d93]
    method: GET
    uri: https://management.azure.com/providers/Microsoft.DataLakeAnalytics/operations?api-version=2016-11-01
  response:
    body: {string: '{"value":[{"name":"Microsoft.DataLakeAnalytics/operations/read","display":{"provider":"Microsoft
        DataLakeAnalytics","resource":"Available Operations","operation":"Get Available
        Operations","description":"Get available operations of DataLakeAnalytics."}},{"name":"Microsoft.DataLakeAnalytics/register/action","display":{"provider":"Microsoft
        DataLakeAnalytics","resource":"Registration","operation":"Register to DataLakeAnalytics","description":"Register
        subscription to DataLakeAnalytics."}},{"name":"Microsoft.DataLakeAnalytics/accounts/read","display":{"provider":"Microsoft
        DataLakeAnalytics","resource":"Account","operation":"Get DataLakeAnalytics
        Account","description":"Get information about an existing DataLakeAnalytics
        account."}},{"name":"Microsoft.DataLakeAnalytics/accounts/write","display":{"provider":"Microsoft
        DataLakeAnalytics","resource":"Account","operation":"Create or Update DataLakeAnalytics
        Account","description":"Create or update a DataLakeAnalytics account."}},{"name":"Microsoft.DataLakeAnalytics/accounts/delete","display":{"provider":"Microsoft
        DataLakeAnalytics","resource":"Account","operation":"Delete DataLakeAnalytics
        Account","description":"Delete a DataLakeAnalytics account."}},{"name":"Microsoft.DataLakeAnalytics/accounts/operationResults/read","display":{"provider":"Microsoft
        DataLakeAnalytics","resource":"Operation Result","operation":"Get DataLakeAnalytics
        Account OperationResult","description":"Get result of a DataLakeAnalytics
        account operation."}},{"name":"Microsoft.DataLakeAnalytics/accounts/firewallRules/read","display":{"provider":"Microsoft
        DataLakeAnalytics","resource":"Firewall Rule","operation":"Get Firewall Rule","description":"Get
        information about a firewall rule."}},{"name":"Microsoft.DataLakeAnalytics/accounts/firewallRules/write","display":{"provider":"Microsoft
        DataLakeAnalytics","resource":"Firewall Rule","operation":"Create or Update
        Firewall Rule","description":"Create or update a firewall rule."}},{"name":"Microsoft.DataLakeAnalytics/accounts/firewallRules/delete","display":{"provider":"Microsoft
        DataLakeAnalytics","resource":"Firewall Rule","operation":"Delete Firewall
        Rule","description":"Delete a firewall rule."}},{"name":"Microsoft.DataLakeAnalytics/accounts/dataLakeStoreAccounts/read","display":{"provider":"Microsoft
        DataLakeAnalytics","resource":"DataLakeStore Account","operation":"Get Linked
        DataLakeStore Account","description":"Get information about a linked DataLakeStore
        account of a DataLakeAnalytics account."}},{"name":"Microsoft.DataLakeAnalytics/accounts/dataLakeStoreAccounts/write","display":{"provider":"Microsoft
        DataLakeAnalytics","resource":"DataLakeStore Account","operation":"Create
        or Update Linked DataLakeStore Account","description":"Create or update a
        linked DataLakeStore account of a DataLakeAnalytics account."}},{"name":"Microsoft.DataLakeAnalytics/accounts/dataLakeStoreAccounts/delete","display":{"provider":"Microsoft
        DataLakeAnalytics","resource":"DataLakeStore Account","operation":"Unlink
        DataLakeStore Account","description":"Unlink a DataLakeStore account from
        a DataLakeAnalytics account."}},{"name":"Microsoft.DataLakeAnalytics/accounts/storageAccounts/read","display":{"provider":"Microsoft
        DataLakeAnalytics","resource":"Storage Account","operation":"Get Linked Storage
        Account","description":"Get information about a linked Storage account of
        a DataLakeAnalytics account."}},{"name":"Microsoft.DataLakeAnalytics/accounts/storageAccounts/write","display":{"provider":"Microsoft
        DataLakeAnalytics","resource":"Storage Account","operation":"Create or Update
        Linked Storage Account","description":"Create or update a linked Storage account
        of a DataLakeAnalytics account."}},{"name":"Microsoft.DataLakeAnalytics/accounts/storageAccounts/delete","display":{"provider":"Microsoft
        DataLakeAnalytics","resource":"Storage Account","operation":"Unlink Storage
        Account","description":"Unlink a Storage account from a DataLakeAnalytics
        account."}},{"name":"Microsoft.DataLakeAnalytics/accounts/storageAccounts/Containers/read","display":{"provider":"Microsoft
        DataLakeAnalytics","resource":"Container","operation":"Get Storage Container","description":"Get
        containers of a linked Storage account of a DataLakeAnalytics account."}},{"name":"Microsoft.DataLakeAnalytics/accounts/storageAccounts/Containers/listSasTokens/action","display":{"provider":"Microsoft
        DataLakeAnalytics","resource":"SAS Token","operation":"List SAS Tokens","description":"List
        SAS tokens for storage containers of a linked Storage account of a DataLakeAnalytics
        account."}},{"name":"Microsoft.DataLakeAnalytics/accounts/computePolicies/read","display":{"provider":"Microsoft
        DataLakeAnalytics","resource":"Compute Policy","operation":"Get Compute Policy","description":"Get
        information about a compute policy."}},{"name":"Microsoft.DataLakeAnalytics/accounts/computePolicies/write","display":{"provider":"Microsoft
        DataLakeAnalytics","resource":"Compute Policy","operation":"Create or Update
        Compute Policy","description":"Create or update a compute policy."}},{"name":"Microsoft.DataLakeAnalytics/accounts/computePolicies/delete","display":{"provider":"Microsoft
        DataLakeAnalytics","resource":"Compute Policy","operation":"Delete Compute
        Policy","description":"Delete a compute policy."}},{"name":"Microsoft.DataLakeAnalytics/accounts/TakeOwnership/action","display":{"provider":"Microsoft
        DataLakeAnalytics","resource":"Job Ownership","operation":"Take Ownership
        of DataLakeAnalytics Job","description":"Grant permissions to cancel jobs
        submitted by other users."}},{"name":"Microsoft.DataLakeAnalytics/locations/capability/read","display":{"provider":"Microsoft
        DataLakeAnalytics","resource":"Subscription Capability","operation":"Get DataLakeAnalytics
        Subscription Capability","description":"Get capability information of a subscription
        regarding using DataLakeAnalytics."}},{"name":"Microsoft.DataLakeAnalytics/locations/checkNameAvailability/action","display":{"provider":"Microsoft
        DataLakeAnalytics","resource":"Name Availability","operation":"Check DataLakeAnalytics
        Account Name Availability","description":"Check availability of a DataLakeAnalytics
        account name."}},{"name":"Microsoft.DataLakeAnalytics/locations/operationResults/read","display":{"provider":"Microsoft
        DataLakeAnalytics","resource":"Operation Result","operation":"Get DataLakeAnalytics
        Account OperationResult","description":"Get result of a DataLakeAnalytics
        account operation."}},{"name":"Microsoft.DataLakeAnalytics/accounts/providers/Microsoft.Insights/metricDefinitions/read","display":{"provider":"Microsoft
        DataLakeAnalytics","resource":"Metric Definition","operation":"Get DataLakeAnalytics
        Account metric definitions","description":"Get the available metrics for the
        DataLakeAnalytics account."},"origin":"system","properties":{"serviceSpecification":{"metricSpecifications":[{"name":"JobEndedSuccess","displayName":"Successful
        Jobs","displayDescription":"Count of successful jobs.","unit":"Count","aggregationType":"Total","availabilities":[{"timeGrain":"PT1M","blobDuration":"PT1H"},{"timeGrain":"PT1H","blobDuration":"P1D"}]},{"name":"JobEndedFailure","displayName":"Failed
        Jobs","displayDescription":"Count of failed jobs.","unit":"Count","aggregationType":"Total","availabilities":[{"timeGrain":"PT1M","blobDuration":"PT1H"},{"timeGrain":"PT1H","blobDuration":"P1D"}]},{"name":"JobEndedCancelled","displayName":"Cancelled
        Jobs","displayDescription":"Count of cancelled jobs.","unit":"Count","aggregationType":"Total","availabilities":[{"timeGrain":"PT1M","blobDuration":"PT1H"},{"timeGrain":"PT1H","blobDuration":"P1D"}]},{"name":"JobAUEndedSuccess","displayName":"Successful
        AU Time","displayDescription":"Total AU time for successful jobs.","unit":"Seconds","aggregationType":"Total","availabilities":[{"timeGrain":"PT1M","blobDuration":"PT1H"},{"timeGrain":"PT1H","blobDuration":"P1D"}]},{"name":"JobAUEndedFailure","displayName":"Failed
        AU Time","displayDescription":"Total AU time for failed jobs.","unit":"Seconds","aggregationType":"Total","availabilities":[{"timeGrain":"PT1M","blobDuration":"PT1H"},{"timeGrain":"PT1H","blobDuration":"P1D"}]},{"name":"JobAUEndedCancelled","displayName":"Cancelled
        AU Time","displayDescription":"Total AU time for cancelled jobs.","unit":"Seconds","aggregationType":"Total","availabilities":[{"timeGrain":"PT1M","blobDuration":"PT1H"},{"timeGrain":"PT1H","blobDuration":"P1D"}]}]}}},{"name":"Microsoft.DataLakeAnalytics/accounts/providers/Microsoft.Insights/logDefinitions/read","display":{"provider":"Microsoft
        DataLakeAnalytics","resource":"Log Definition","operation":"Get DataLakeAnalytics
        Account log definitions","description":"Get the available logs for the DataLakeAnalytics
        account."},"origin":"system","properties":{"serviceSpecification":{"logSpecifications":[{"name":"Audit","displayName":"Audit
        Logs","blobDuration":"PT1H"},{"name":"Requests","displayName":"Request Logs","blobDuration":"PT1H"}]}}},{"name":"Microsoft.DataLakeAnalytics/accounts/providers/Microsoft.Insights/diagnosticSettings/read","display":{"provider":"Microsoft
        DataLakeAnalytics","resource":"Diagnostic Setting","operation":"Get DataLakeAnalytics
        Account diagnostic settings","description":"Get the diagnostic settings for
        the DataLakeAnalytics account."},"origin":"system"},{"name":"Microsoft.DataLakeAnalytics/accounts/providers/Microsoft.Insights/diagnosticSettings/write","display":{"provider":"Microsoft
        DataLakeAnalytics","resource":"Diagnostic Setting","operation":"Create or
        update DataLakeAnalytics Account diagnostic settings","description":"Create
        or update the diagnostic settings for the DataLakeAnalytics account."},"origin":"system"}]}'}
    headers:
      Cache-Control: [no-cache]
      Connection: [close]
      Content-Type: [application/json]
      Date: ['Tue, 09 Jan 2018 21:02:34 GMT']
      Expires: ['-1']
      Pragma: [no-cache]
      Server: [Microsoft-IIS/8.5]
      Strict-Transport-Security: [max-age=31536000; includeSubDomains]
      Vary: [Accept-Encoding]
      X-AspNet-Version: [4.0.30319]
      X-Content-Type-Options: [nosniff]
      X-Powered-By: [ASP.NET]
      content-length: ['9660']
      x-ms-correlation-request-id: [debd2e3e-f04b-4fc9-99dc-561425803f4e]
      x-ms-ratelimit-remaining-tenant-reads: ['14999']
      x-ms-request-id: [e19a5501-dd3b-4f7d-acf8-5cc8006b7629]
      x-ms-routing-request-id: ['WESTUS2:20180109T210235Z:debd2e3e-f04b-4fc9-99dc-561425803f4e']
    status: {code: 200, message: OK}
- request:
    body: null
    headers:
      Accept: [application/json]
      Accept-Encoding: ['gzip, deflate']
      Connection: [keep-alive]
      Content-Length: ['0']
      Content-Type: [application/json; charset=utf-8]
      User-Agent: [python/3.6.4 (Windows-10-10.0.16299-SP0) requests/2.18.4 msrest/0.4.24
          msrest_azure/0.4.19 azure-mgmt-datalake-analytics/2016-11-01 Azure-SDK-For-Python]
      accept-language: [en-US]
      x-ms-client-request-id: [6ad039ca-f580-11e7-b0f4-705a0f2f3d93]
    method: DELETE
    uri: https://management.azure.com/subscriptions/00000000-0000-0000-0000-000000000000/resourceGroups/test_mgmt_datalake_analytics_test_adla_accountscd761330/providers/Microsoft.DataLakeAnalytics/accounts/pyarmadlacd761330?api-version=2016-11-01
  response:
    body: {string: ''}
    headers:
      Cache-Control: [no-cache]
      Connection: [close]
      Content-Length: ['0']
      Date: ['Tue, 09 Jan 2018 21:02:39 GMT']
      Expires: ['-1']
      Pragma: [no-cache]
      Server: [Microsoft-IIS/8.5]
      Strict-Transport-Security: [max-age=31536000; includeSubDomains]
      X-AspNet-Version: [4.0.30319]
      X-Powered-By: [ASP.NET]
      x-ms-correlation-request-id: [aea473e8-d915-4a0f-b510-1d2b49239494]
      x-ms-ratelimit-remaining-subscription-writes: ['1199']
      x-ms-request-id: [7a79014e-b6cf-477a-a430-bd969b651bf8]
      x-ms-routing-request-id: ['WESTUS2:20180109T210239Z:aea473e8-d915-4a0f-b510-1d2b49239494']
    status: {code: 200, message: OK}
- request:
    body: '{"location": "East US 2"}'
    headers:
      Accept: [application/json]
      Accept-Encoding: ['gzip, deflate']
      Connection: [keep-alive]
      Content-Length: ['25']
      Content-Type: [application/json; charset=utf-8]
      User-Agent: [python/3.6.4 (Windows-10-10.0.16299-SP0) requests/2.18.4 msrest/0.4.24
          msrest_azure/0.4.19 resourcemanagementclient/1.3.0rc1 Azure-SDK-For-Python]
      accept-language: [en-US]
      x-ms-client-request-id: [65af6562-1022-11e8-a543-705a0f2f3d93]
    method: PUT
    uri: https://management.azure.com/subscriptions/00000000-0000-0000-0000-000000000000/resourcegroups/test_mgmt_datalake_analytics_test_adla_accountscd761330?api-version=2017-05-10
  response:
    body: {string: '{"id":"/subscriptions/00000000-0000-0000-0000-000000000000/resourceGroups/test_mgmt_datalake_analytics_test_adla_accountscd761330","name":"test_mgmt_datalake_analytics_test_adla_accountscd761330","location":"eastus2","properties":{"provisioningState":"Succeeded"}}'}
    headers:
      Cache-Control: [no-cache]
      Content-Length: ['264']
      Content-Type: [application/json; charset=utf-8]
      Date: ['Mon, 12 Feb 2018 18:27:36 GMT']
      Expires: ['-1']
      Pragma: [no-cache]
      Strict-Transport-Security: [max-age=31536000; includeSubDomains]
      x-ms-correlation-request-id: [9aecd447-6d56-4100-9c78-f91099117057]
      x-ms-ratelimit-remaining-subscription-writes: ['1199']
      x-ms-request-id: [9aecd447-6d56-4100-9c78-f91099117057]
      x-ms-routing-request-id: ['WESTUS2:20180212T182737Z:9aecd447-6d56-4100-9c78-f91099117057']
    status: {code: 201, message: Created}
- request:
    body: '{"location": "East US 2"}'
    headers:
      Accept: [application/json]
      Accept-Encoding: ['gzip, deflate']
      Connection: [keep-alive]
      Content-Length: ['25']
      Content-Type: [application/json; charset=utf-8]
      User-Agent: [python/3.6.4 (Windows-10-10.0.16299-SP0) requests/2.18.4 msrest/0.4.24
          msrest_azure/0.4.19 azure-mgmt-datalake-store/0.3.0 Azure-SDK-For-Python]
      accept-language: [en-US]
      x-ms-client-request-id: [66ac0fd8-1022-11e8-84fc-705a0f2f3d93]
    method: PUT
    uri: https://management.azure.com/subscriptions/00000000-0000-0000-0000-000000000000/resourceGroups/test_mgmt_datalake_analytics_test_adla_accountscd761330/providers/Microsoft.DataLakeStore/accounts/pyarmadls2cd761330?api-version=2016-11-01
  response:
    body: {string: '{"properties":{"provisioningState":"Creating","state":null,"endpoint":null,"accountId":"4ddac92d-0cf3-4c40-9288-a0954ad9b6e4"},"location":"East
        US 2","id":"/subscriptions/00000000-0000-0000-0000-000000000000/resourceGroups/test_mgmt_datalake_analytics_test_adla_accountscd761330/providers/Microsoft.DataLakeStore/accounts/pyarmadls2cd761330","name":"pyarmadls2cd761330","type":"Microsoft.DataLakeStore/accounts"}'}
    headers:
      Azure-AsyncOperation: ['https://management.azure.com/subscriptions/00000000-0000-0000-0000-000000000000/providers/Microsoft.DataLakeStore/locations/EastUS2/operationResults/4ddac92d-0cf3-4c40-9288-a0954ad9b6e40?api-version=2016-11-01&expanded=true']
      Cache-Control: [no-cache]
      Connection: [close]
      Content-Length: ['412']
      Content-Type: [application/json]
      Date: ['Mon, 12 Feb 2018 18:27:38 GMT']
      Expires: ['-1']
      Location: ['https://management.azure.com/subscriptions/00000000-0000-0000-0000-000000000000/resourcegroups/test_mgmt_datalake_analytics_test_adla_accountscd761330/providers/Microsoft.DataLakeStore/accounts/pyarmadls2cd761330/operationresults/0?api-version=2016-11-01']
      Pragma: [no-cache]
      Retry-After: ['0']
      Server: [Microsoft-IIS/8.5]
      Strict-Transport-Security: [max-age=31536000; includeSubDomains]
      X-AspNet-Version: [4.0.30319]
      X-Content-Type-Options: [nosniff]
      X-Powered-By: [ASP.NET]
      x-ms-correlation-request-id: [727fd4c6-3a9d-4295-9ced-f7eb2758ce0e]
      x-ms-ratelimit-remaining-subscription-writes: ['1199']
      x-ms-request-id: [6ef6ac9e-8115-4bde-a68b-b71774ffeb76]
      x-ms-routing-request-id: ['WESTUS2:20180212T182739Z:727fd4c6-3a9d-4295-9ced-f7eb2758ce0e']
    status: {code: 201, message: Created}
- request:
    body: null
    headers:
      Accept: [application/json]
      Accept-Encoding: ['gzip, deflate']
      Connection: [keep-alive]
      User-Agent: [python/3.6.4 (Windows-10-10.0.16299-SP0) requests/2.18.4 msrest/0.4.24
          msrest_azure/0.4.19 azure-mgmt-datalake-store/0.3.0 Azure-SDK-For-Python]
      x-ms-client-request-id: [66ac0fd8-1022-11e8-84fc-705a0f2f3d93]
    method: GET
    uri: https://management.azure.com/subscriptions/00000000-0000-0000-0000-000000000000/providers/Microsoft.DataLakeStore/locations/EastUS2/operationResults/4ddac92d-0cf3-4c40-9288-a0954ad9b6e40?api-version=2016-11-01&expanded=true
  response:
    body: {string: '{"status":"InProgress"}'}
    headers:
      Cache-Control: [no-cache]
      Connection: [close]
      Content-Type: [application/json]
      Date: ['Mon, 12 Feb 2018 18:27:49 GMT']
      Expires: ['-1']
      Pragma: [no-cache]
      Server: [Microsoft-IIS/8.5]
      Strict-Transport-Security: [max-age=31536000; includeSubDomains]
      Vary: [Accept-Encoding]
      X-AspNet-Version: [4.0.30319]
      X-Content-Type-Options: [nosniff]
      X-Powered-By: [ASP.NET]
      content-length: ['23']
      x-ms-correlation-request-id: [ebfb8e4b-b511-4977-8067-55b7714e9dc5]
      x-ms-ratelimit-remaining-subscription-reads: ['14999']
      x-ms-request-id: [bc769ab2-3817-49b8-999c-e592ab76bfaa]
      x-ms-routing-request-id: ['WESTUS2:20180212T182750Z:ebfb8e4b-b511-4977-8067-55b7714e9dc5']
    status: {code: 200, message: OK}
- request:
    body: null
    headers:
      Accept: [application/json]
      Accept-Encoding: ['gzip, deflate']
      Connection: [keep-alive]
      User-Agent: [python/3.6.4 (Windows-10-10.0.16299-SP0) requests/2.18.4 msrest/0.4.24
          msrest_azure/0.4.19 azure-mgmt-datalake-store/0.3.0 Azure-SDK-For-Python]
      x-ms-client-request-id: [66ac0fd8-1022-11e8-84fc-705a0f2f3d93]
    method: GET
    uri: https://management.azure.com/subscriptions/00000000-0000-0000-0000-000000000000/providers/Microsoft.DataLakeStore/locations/EastUS2/operationResults/4ddac92d-0cf3-4c40-9288-a0954ad9b6e40?api-version=2016-11-01&expanded=true
  response:
    body: {string: '{"status":"Succeeded"}'}
    headers:
      Cache-Control: [no-cache]
      Connection: [close]
      Content-Type: [application/json]
      Date: ['Mon, 12 Feb 2018 18:28:21 GMT']
      Expires: ['-1']
      Pragma: [no-cache]
      Server: [Microsoft-IIS/8.5]
      Strict-Transport-Security: [max-age=31536000; includeSubDomains]
      Vary: [Accept-Encoding]
      X-AspNet-Version: [4.0.30319]
      X-Content-Type-Options: [nosniff]
      X-Powered-By: [ASP.NET]
      content-length: ['22']
      x-ms-correlation-request-id: [e157b5ed-3b00-47b6-9f34-e755f29ea986]
      x-ms-ratelimit-remaining-subscription-reads: ['14999']
      x-ms-request-id: [4f07de33-b544-416f-b786-053f4f0f6c30]
      x-ms-routing-request-id: ['WESTUS2:20180212T182821Z:e157b5ed-3b00-47b6-9f34-e755f29ea986']
    status: {code: 200, message: OK}
- request:
    body: null
    headers:
      Accept: [application/json]
      Accept-Encoding: ['gzip, deflate']
      Connection: [keep-alive]
      User-Agent: [python/3.6.4 (Windows-10-10.0.16299-SP0) requests/2.18.4 msrest/0.4.24
          msrest_azure/0.4.19 azure-mgmt-datalake-store/0.3.0 Azure-SDK-For-Python]
      x-ms-client-request-id: [66ac0fd8-1022-11e8-84fc-705a0f2f3d93]
    method: GET
    uri: https://management.azure.com/subscriptions/00000000-0000-0000-0000-000000000000/resourceGroups/test_mgmt_datalake_analytics_test_adla_accountscd761330/providers/Microsoft.DataLakeStore/accounts/pyarmadls2cd761330?api-version=2016-11-01
  response:
    body: {string: '{"properties":{"firewallState":"Disabled","firewallAllowAzureIps":"Disabled","firewallAllowDataLakeAnalytics":"Disabled","firewallRules":[],"virtualNetworkRules":[],"trustedIdProviderState":"Disabled","trustedIdProviders":[],"encryptionState":"Enabled","encryptionConfig":{"type":"ServiceManaged"},"currentTier":"Consumption","newTier":"Consumption","provisioningState":"Succeeded","state":"Active","endpoint":"pyarmadls2cd761330.azuredatalakestore.net","accountId":"4ddac92d-0cf3-4c40-9288-a0954ad9b6e4","creationTime":"2018-02-12T18:27:39.8285234Z","lastModifiedTime":"2018-02-12T18:27:39.8285234Z"},"location":"East
        US 2","id":"/subscriptions/00000000-0000-0000-0000-000000000000/resourceGroups/test_mgmt_datalake_analytics_test_adla_accountscd761330/providers/Microsoft.DataLakeStore/accounts/pyarmadls2cd761330","name":"pyarmadls2cd761330","type":"Microsoft.DataLakeStore/accounts"}'}
    headers:
      Cache-Control: [no-cache]
      Connection: [close]
      Content-Type: [application/json]
      Date: ['Mon, 12 Feb 2018 18:28:21 GMT']
      Expires: ['-1']
      Pragma: [no-cache]
      Server: [Microsoft-IIS/8.5]
      Strict-Transport-Security: [max-age=31536000; includeSubDomains]
      Vary: [Accept-Encoding]
      X-AspNet-Version: [4.0.30319]
      X-Content-Type-Options: [nosniff]
      X-Powered-By: [ASP.NET]
      content-length: ['887']
      x-ms-correlation-request-id: [dcd1d5d8-9e71-4e7c-89ac-6da9e88400e8]
      x-ms-ratelimit-remaining-subscription-reads: ['14998']
      x-ms-request-id: [2d4f8aaa-4127-4328-9367-bf8f776ac517]
      x-ms-routing-request-id: ['WESTUS2:20180212T182822Z:dcd1d5d8-9e71-4e7c-89ac-6da9e88400e8']
    status: {code: 200, message: OK}
- request:
    body: '{"name": "pyarmadlacd761330", "type": "Microsoft.DataLakeAnalytics/accounts"}'
    headers:
      Accept: [application/json]
      Accept-Encoding: ['gzip, deflate']
      Connection: [keep-alive]
      Content-Length: ['77']
      Content-Type: [application/json; charset=utf-8]
      User-Agent: [python/3.6.4 (Windows-10-10.0.16299-SP0) requests/2.18.4 msrest/0.4.24
          msrest_azure/0.4.19 azure-mgmt-datalake-analytics/2016-11-01 Azure-SDK-For-Python]
      accept-language: [en-US]
      x-ms-client-request-id: [817d431a-1022-11e8-80d7-705a0f2f3d93]
    method: POST
    uri: https://management.azure.com/subscriptions/00000000-0000-0000-0000-000000000000/providers/Microsoft.DataLakeAnalytics/locations/EastUS2/checkNameAvailability?api-version=2016-11-01
  response:
    body: {string: '{"nameAvailable":true}'}
    headers:
      Cache-Control: [no-cache]
      Connection: [close]
      Content-Type: [application/json]
      Date: ['Mon, 12 Feb 2018 18:28:30 GMT']
      Expires: ['-1']
      Pragma: [no-cache]
      Server: [Microsoft-IIS/8.5]
      Strict-Transport-Security: [max-age=31536000; includeSubDomains]
      Vary: [Accept-Encoding]
      X-AspNet-Version: [4.0.30319]
      X-Content-Type-Options: [nosniff]
      X-Powered-By: [ASP.NET]
      content-length: ['22']
      x-ms-correlation-request-id: [c8882851-ed0a-43ca-8114-5985e8511a7e]
      x-ms-ratelimit-remaining-subscription-writes: ['1199']
      x-ms-request-id: [631d07da-9c1f-4b92-9dfd-d83740cc9f32]
      x-ms-routing-request-id: ['WESTUS2:20180212T182830Z:c8882851-ed0a-43ca-8114-5985e8511a7e']
    status: {code: 200, message: OK}
- request:
    body: '{"location": "East US 2", "tags": {"tag1": "value1"}, "properties": {"defaultDataLakeStoreAccount":
      "pyarmadls2cd761330", "dataLakeStoreAccounts": [{"name": "pyarmadls2cd761330"}],
      "maxJobCount": 3, "maxDegreeOfParallelism": 30, "queryStoreRetention": 30}}'
    headers:
      Accept: [application/json]
      Accept-Encoding: ['gzip, deflate']
      Connection: [keep-alive]
      Content-Length: ['256']
      Content-Type: [application/json; charset=utf-8]
      User-Agent: [python/3.6.4 (Windows-10-10.0.16299-SP0) requests/2.18.4 msrest/0.4.24
          msrest_azure/0.4.19 azure-mgmt-datalake-analytics/2016-11-01 Azure-SDK-For-Python]
      accept-language: [en-US]
      x-ms-client-request-id: [825ec418-1022-11e8-906b-705a0f2f3d93]
    method: PUT
    uri: https://management.azure.com/subscriptions/00000000-0000-0000-0000-000000000000/resourceGroups/test_mgmt_datalake_analytics_test_adla_accountscd761330/providers/Microsoft.DataLakeAnalytics/accounts/pyarmadlacd761330?api-version=2016-11-01
  response:
    body: {string: '{"properties":{"defaultDataLakeStoreAccount":"pyarmadls2cd761330","dataLakeStoreAccounts":[{"properties":{"suffix":"azuredatalakestore.net"},"name":"pyarmadls2cd761330"}],"maxDegreeOfParallelism":30,"maxJobCount":3,"queryStoreRetention":30,"provisioningState":"Creating","state":null,"endpoint":null,"accountId":"f0762748-f9d3-4048-bcf6-9f39ba91e092"},"location":"East
        US 2","tags":{"tag1":"value1"},"id":"/subscriptions/00000000-0000-0000-0000-000000000000/resourceGroups/test_mgmt_datalake_analytics_test_adla_accountscd761330/providers/Microsoft.DataLakeAnalytics/accounts/pyarmadlacd761330","name":"pyarmadlacd761330","type":"Microsoft.DataLakeAnalytics/accounts"}'}
    headers:
      Azure-AsyncOperation: ['https://management.azure.com/subscriptions/00000000-0000-0000-0000-000000000000/providers/Microsoft.DataLakeAnalytics/locations/EastUS2/operationResults/f0762748-f9d3-4048-bcf6-9f39ba91e0920?api-version=2016-11-01&expanded=true']
      Cache-Control: [no-cache]
      Connection: [close]
      Content-Length: ['668']
      Content-Type: [application/json]
      Date: ['Mon, 12 Feb 2018 18:28:26 GMT']
      Expires: ['-1']
      Location: ['https://management.azure.com/subscriptions/00000000-0000-0000-0000-000000000000/resourcegroups/test_mgmt_datalake_analytics_test_adla_accountscd761330/providers/Microsoft.DataLakeAnalytics/accounts/pyarmadlacd761330/operationresults/0?api-version=2016-11-01']
      Pragma: [no-cache]
      Retry-After: ['0']
      Server: [Microsoft-IIS/8.5]
      Strict-Transport-Security: [max-age=31536000; includeSubDomains]
      X-AspNet-Version: [4.0.30319]
      X-Content-Type-Options: [nosniff]
      X-Powered-By: [ASP.NET]
      x-ms-correlation-request-id: [68d3182f-d54d-47e6-b1ee-6a9cbbffc60d]
      x-ms-ratelimit-remaining-subscription-writes: ['1199']
      x-ms-request-id: [f243f9bf-9c16-4903-9b78-45af424241b3]
      x-ms-routing-request-id: ['WESTUS2:20180212T182826Z:68d3182f-d54d-47e6-b1ee-6a9cbbffc60d']
    status: {code: 201, message: Created}
- request:
    body: null
    headers:
      Accept: [application/json]
      Accept-Encoding: ['gzip, deflate']
      Connection: [keep-alive]
      User-Agent: [python/3.6.4 (Windows-10-10.0.16299-SP0) requests/2.18.4 msrest/0.4.24
          msrest_azure/0.4.19 azure-mgmt-datalake-analytics/2016-11-01 Azure-SDK-For-Python]
      x-ms-client-request-id: [825ec418-1022-11e8-906b-705a0f2f3d93]
    method: GET
    uri: https://management.azure.com/subscriptions/00000000-0000-0000-0000-000000000000/providers/Microsoft.DataLakeAnalytics/locations/EastUS2/operationResults/f0762748-f9d3-4048-bcf6-9f39ba91e0920?api-version=2016-11-01&expanded=true
  response:
    body: {string: '{"status":"InProgress"}'}
    headers:
      Cache-Control: [no-cache]
      Connection: [close]
      Content-Type: [application/json]
      Date: ['Mon, 12 Feb 2018 18:28:36 GMT']
      Expires: ['-1']
      Pragma: [no-cache]
      Server: [Microsoft-IIS/8.5]
      Strict-Transport-Security: [max-age=31536000; includeSubDomains]
      Vary: [Accept-Encoding]
      X-AspNet-Version: [4.0.30319]
      X-Content-Type-Options: [nosniff]
      X-Powered-By: [ASP.NET]
      content-length: ['23']
      x-ms-correlation-request-id: [dee91d5e-b396-4cd8-a987-8e9df81c96f0]
      x-ms-ratelimit-remaining-subscription-reads: ['14998']
      x-ms-request-id: [ed555fc6-fe72-4f6e-b9ac-c7669c1bb3e0]
      x-ms-routing-request-id: ['WESTUS2:20180212T182837Z:dee91d5e-b396-4cd8-a987-8e9df81c96f0']
    status: {code: 200, message: OK}
- request:
    body: null
    headers:
      Accept: [application/json]
      Accept-Encoding: ['gzip, deflate']
      Connection: [keep-alive]
      User-Agent: [python/3.6.4 (Windows-10-10.0.16299-SP0) requests/2.18.4 msrest/0.4.24
          msrest_azure/0.4.19 azure-mgmt-datalake-analytics/2016-11-01 Azure-SDK-For-Python]
      x-ms-client-request-id: [825ec418-1022-11e8-906b-705a0f2f3d93]
    method: GET
    uri: https://management.azure.com/subscriptions/00000000-0000-0000-0000-000000000000/providers/Microsoft.DataLakeAnalytics/locations/EastUS2/operationResults/f0762748-f9d3-4048-bcf6-9f39ba91e0920?api-version=2016-11-01&expanded=true
  response:
    body: {string: '{"status":"Succeeded"}'}
    headers:
      Cache-Control: [no-cache]
      Connection: [close]
      Content-Type: [application/json]
      Date: ['Mon, 12 Feb 2018 18:29:08 GMT']
      Expires: ['-1']
      Pragma: [no-cache]
      Server: [Microsoft-IIS/8.5]
      Strict-Transport-Security: [max-age=31536000; includeSubDomains]
      Vary: [Accept-Encoding]
      X-AspNet-Version: [4.0.30319]
      X-Content-Type-Options: [nosniff]
      X-Powered-By: [ASP.NET]
      content-length: ['22']
      x-ms-correlation-request-id: [f06555d8-95a9-472d-8cb8-87fd9c64f7b0]
      x-ms-ratelimit-remaining-subscription-reads: ['14998']
      x-ms-request-id: [f225ed51-689a-4d40-af3b-bd4c9cd1b8b7]
      x-ms-routing-request-id: ['WESTUS2:20180212T182908Z:f06555d8-95a9-472d-8cb8-87fd9c64f7b0']
    status: {code: 200, message: OK}
- request:
    body: null
    headers:
      Accept: [application/json]
      Accept-Encoding: ['gzip, deflate']
      Connection: [keep-alive]
      User-Agent: [python/3.6.4 (Windows-10-10.0.16299-SP0) requests/2.18.4 msrest/0.4.24
          msrest_azure/0.4.19 azure-mgmt-datalake-analytics/2016-11-01 Azure-SDK-For-Python]
      x-ms-client-request-id: [825ec418-1022-11e8-906b-705a0f2f3d93]
    method: GET
    uri: https://management.azure.com/subscriptions/00000000-0000-0000-0000-000000000000/resourceGroups/test_mgmt_datalake_analytics_test_adla_accountscd761330/providers/Microsoft.DataLakeAnalytics/accounts/pyarmadlacd761330?api-version=2016-11-01
  response:
    body: {string: '{"properties":{"firewallState":"Disabled","firewallAllowAzureIps":"Disabled","debugDataAccessLevel":"All","firewallRules":[],"defaultDataLakeStoreAccount":"pyarmadls2cd761330","dataLakeStoreAccounts":[{"properties":{"suffix":"azuredatalakestore.net"},"name":"pyarmadls2cd761330"}],"publicDataLakeStoreAccounts":[{"properties":{"suffix":"azuredatalakestore.net"},"name":"adltrainingsampledata"},{"properties":{"suffix":"azuredatalakestore.net"},"name":"ghinsights"}],"storageAccounts":[],"maxDegreeOfParallelism":30,"maxJobCount":3,"systemMaxDegreeOfParallelism":100,"systemMaxJobCount":20,"maxDegreeOfParallelismPerJob":30,"minPriorityPerJob":1,"computePolicies":[],"queryStoreRetention":30,"hiveMetastores":[],"currentTier":"Consumption","newTier":"Consumption","provisioningState":"Succeeded","state":"Active","endpoint":"pyarmadlacd761330.azuredatalakeanalytics.net","accountId":"f0762748-f9d3-4048-bcf6-9f39ba91e092","creationTime":"2018-02-12T18:28:29.7723121Z","lastModifiedTime":"2018-02-12T18:28:29.7723121Z"},"location":"East
        US 2","tags":{"tag1":"value1"},"id":"/subscriptions/00000000-0000-0000-0000-000000000000/resourceGroups/test_mgmt_datalake_analytics_test_adla_accountscd761330/providers/Microsoft.DataLakeAnalytics/accounts/pyarmadlacd761330","name":"pyarmadlacd761330","type":"Microsoft.DataLakeAnalytics/accounts"}'}
    headers:
      Cache-Control: [no-cache]
      Connection: [close]
      Content-Type: [application/json]
      Date: ['Mon, 12 Feb 2018 18:29:09 GMT']
      Expires: ['-1']
      Pragma: [no-cache]
      Server: [Microsoft-IIS/8.5]
      Strict-Transport-Security: [max-age=31536000; includeSubDomains]
      Vary: [Accept-Encoding]
      X-AspNet-Version: [4.0.30319]
      X-Content-Type-Options: [nosniff]
      X-Powered-By: [ASP.NET]
      content-length: ['1334']
      x-ms-correlation-request-id: [6012599a-1b39-46af-a461-1fdabcbab6c9]
      x-ms-ratelimit-remaining-subscription-reads: ['14999']
      x-ms-request-id: [b2aa1280-0480-402a-ace7-983b66449adf]
      x-ms-routing-request-id: ['WESTUS2:20180212T182909Z:6012599a-1b39-46af-a461-1fdabcbab6c9']
    status: {code: 200, message: OK}
- request:
    body: '{"name": "pyarmadlacd761330", "type": "Microsoft.DataLakeAnalytics/accounts"}'
    headers:
      Accept: [application/json]
      Accept-Encoding: ['gzip, deflate']
      Connection: [keep-alive]
      Content-Length: ['77']
      Content-Type: [application/json; charset=utf-8]
      User-Agent: [python/3.6.4 (Windows-10-10.0.16299-SP0) requests/2.18.4 msrest/0.4.24
          msrest_azure/0.4.19 azure-mgmt-datalake-analytics/2016-11-01 Azure-SDK-For-Python]
      accept-language: [en-US]
      x-ms-client-request-id: [9dd2e914-1022-11e8-8188-705a0f2f3d93]
    method: POST
    uri: https://management.azure.com/subscriptions/00000000-0000-0000-0000-000000000000/providers/Microsoft.DataLakeAnalytics/locations/EastUS2/checkNameAvailability?api-version=2016-11-01
  response:
    body: {string: '{"nameAvailable":false,"reason":"AlreadyExists","message":"An
        account named ''pyarmadlacd761330'' already exists."}'}
    headers:
      Cache-Control: [no-cache]
      Connection: [close]
      Content-Type: [application/json]
      Date: ['Mon, 12 Feb 2018 18:29:10 GMT']
      Expires: ['-1']
      Pragma: [no-cache]
      Server: [Microsoft-IIS/8.5]
      Strict-Transport-Security: [max-age=31536000; includeSubDomains]
      Vary: [Accept-Encoding]
      X-AspNet-Version: [4.0.30319]
      X-Content-Type-Options: [nosniff]
      X-Powered-By: [ASP.NET]
      content-length: ['113']
      x-ms-correlation-request-id: [b815f705-3733-4944-aa25-60bc8e0ad9c4]
      x-ms-ratelimit-remaining-subscription-writes: ['1199']
      x-ms-request-id: [7f80c78b-9307-4603-921a-d04c9c432308]
      x-ms-routing-request-id: ['WESTUS2:20180212T182910Z:b815f705-3733-4944-aa25-60bc8e0ad9c4']
    status: {code: 200, message: OK}
- request:
    body: null
    headers:
      Accept: [application/json]
      Accept-Encoding: ['gzip, deflate']
      Connection: [keep-alive]
      Content-Type: [application/json; charset=utf-8]
      User-Agent: [python/3.6.4 (Windows-10-10.0.16299-SP0) requests/2.18.4 msrest/0.4.24
          msrest_azure/0.4.19 azure-mgmt-datalake-analytics/2016-11-01 Azure-SDK-For-Python]
      accept-language: [en-US]
      x-ms-client-request-id: [9e82facc-1022-11e8-8c06-705a0f2f3d93]
    method: GET
    uri: https://management.azure.com/subscriptions/00000000-0000-0000-0000-000000000000/resourceGroups/test_mgmt_datalake_analytics_test_adla_accountscd761330/providers/Microsoft.DataLakeAnalytics/accounts/pyarmadlacd761330?api-version=2016-11-01
  response:
    body: {string: '{"properties":{"firewallState":"Disabled","firewallAllowAzureIps":"Disabled","debugDataAccessLevel":"All","firewallRules":[],"defaultDataLakeStoreAccount":"pyarmadls2cd761330","dataLakeStoreAccounts":[{"properties":{"suffix":"azuredatalakestore.net"},"name":"pyarmadls2cd761330"}],"publicDataLakeStoreAccounts":[{"properties":{"suffix":"azuredatalakestore.net"},"name":"adltrainingsampledata"},{"properties":{"suffix":"azuredatalakestore.net"},"name":"ghinsights"}],"storageAccounts":[],"maxDegreeOfParallelism":30,"maxJobCount":3,"systemMaxDegreeOfParallelism":100,"systemMaxJobCount":20,"maxDegreeOfParallelismPerJob":30,"minPriorityPerJob":1,"computePolicies":[],"queryStoreRetention":30,"hiveMetastores":[],"currentTier":"Consumption","newTier":"Consumption","provisioningState":"Succeeded","state":"Active","endpoint":"pyarmadlacd761330.azuredatalakeanalytics.net","accountId":"f0762748-f9d3-4048-bcf6-9f39ba91e092","creationTime":"2018-02-12T18:28:29.7723121Z","lastModifiedTime":"2018-02-12T18:28:29.7723121Z"},"location":"East
        US 2","tags":{"tag1":"value1"},"id":"/subscriptions/00000000-0000-0000-0000-000000000000/resourceGroups/test_mgmt_datalake_analytics_test_adla_accountscd761330/providers/Microsoft.DataLakeAnalytics/accounts/pyarmadlacd761330","name":"pyarmadlacd761330","type":"Microsoft.DataLakeAnalytics/accounts"}'}
    headers:
      Cache-Control: [no-cache]
      Connection: [close]
      Content-Type: [application/json]
      Date: ['Mon, 12 Feb 2018 18:29:09 GMT']
      Expires: ['-1']
      Pragma: [no-cache]
      Server: [Microsoft-IIS/8.5]
      Strict-Transport-Security: [max-age=31536000; includeSubDomains]
      Vary: [Accept-Encoding]
      X-AspNet-Version: [4.0.30319]
      X-Content-Type-Options: [nosniff]
      X-Powered-By: [ASP.NET]
      content-length: ['1334']
      x-ms-correlation-request-id: [febb0ba9-b6a9-482b-93af-9d065b957fd9]
      x-ms-ratelimit-remaining-subscription-reads: ['14999']
      x-ms-request-id: [8e7e2fa9-6a11-4a8a-bf98-4bf099c5d2eb]
      x-ms-routing-request-id: ['WESTUS2:20180212T182910Z:febb0ba9-b6a9-482b-93af-9d065b957fd9']
    status: {code: 200, message: OK}
- request:
    body: null
    headers:
      Accept: [application/json]
      Accept-Encoding: ['gzip, deflate']
      Connection: [keep-alive]
      Content-Type: [application/json; charset=utf-8]
      User-Agent: [python/3.6.4 (Windows-10-10.0.16299-SP0) requests/2.18.4 msrest/0.4.24
          msrest_azure/0.4.19 azure-mgmt-datalake-analytics/2016-11-01 Azure-SDK-For-Python]
      accept-language: [en-US]
      x-ms-client-request-id: [9f25021e-1022-11e8-b0a7-705a0f2f3d93]
    method: GET
    uri: https://management.azure.com/subscriptions/00000000-0000-0000-0000-000000000000/resourceGroups/test_mgmt_datalake_analytics_test_adla_accountscd761330/providers/Microsoft.DataLakeAnalytics/accounts?api-version=2016-11-01
  response:
    body: {string: '{"value":[{"properties":{"provisioningState":"Succeeded","state":"Active","endpoint":"pyarmadlacd761330.azuredatalakeanalytics.net","accountId":"f0762748-f9d3-4048-bcf6-9f39ba91e092","creationTime":"2018-02-12T18:28:29.7723121Z","lastModifiedTime":"2018-02-12T18:28:29.7723121Z"},"location":"East
        US 2","tags":{"tag1":"value1"},"id":"/subscriptions/00000000-0000-0000-0000-000000000000/resourceGroups/test_mgmt_datalake_analytics_test_adla_accountscd761330/providers/Microsoft.DataLakeAnalytics/accounts/pyarmadlacd761330","name":"pyarmadlacd761330","type":"Microsoft.DataLakeAnalytics/accounts"}]}'}
    headers:
      Cache-Control: [no-cache]
      Connection: [close]
      Content-Type: [application/json]
      Date: ['Mon, 12 Feb 2018 18:29:13 GMT']
      Expires: ['-1']
      Pragma: [no-cache]
      Server: [Microsoft-IIS/8.5]
      Strict-Transport-Security: [max-age=31536000; includeSubDomains]
      Vary: [Accept-Encoding]
      X-AspNet-Version: [4.0.30319]
      X-Content-Type-Options: [nosniff]
      X-Powered-By: [ASP.NET]
      content-length: ['598']
      x-ms-correlation-request-id: [ffd353c6-c673-47a6-b32d-674f730c17a1]
      x-ms-ratelimit-remaining-subscription-reads: ['14999']
      x-ms-request-id: [bff61639-962e-4a53-ad15-85be796e0a5f]
      x-ms-routing-request-id: ['WESTUS2:20180212T182913Z:ffd353c6-c673-47a6-b32d-674f730c17a1']
    status: {code: 200, message: OK}
- request:
    body: null
    headers:
      Accept: [application/json]
      Accept-Encoding: ['gzip, deflate']
      Connection: [keep-alive]
      Content-Type: [application/json; charset=utf-8]
      User-Agent: [python/3.6.4 (Windows-10-10.0.16299-SP0) requests/2.18.4 msrest/0.4.24
          msrest_azure/0.4.19 azure-mgmt-datalake-analytics/2016-11-01 Azure-SDK-For-Python]
      accept-language: [en-US]
      x-ms-client-request-id: [9fc90f40-1022-11e8-9b8e-705a0f2f3d93]
    method: GET
    uri: https://management.azure.com/subscriptions/00000000-0000-0000-0000-000000000000/providers/Microsoft.DataLakeAnalytics/accounts?api-version=2016-11-01
  response:
    body: {string: '{"value":[{"properties":{"provisioningState":"Succeeded","state":"Active","endpoint":"pyarmadlacd761330.azuredatalakeanalytics.net","accountId":"f0762748-f9d3-4048-bcf6-9f39ba91e092","creationTime":"2018-02-12T18:28:29.7723121Z","lastModifiedTime":"2018-02-12T18:28:29.7723121Z"},"location":"East
        US 2","tags":{"tag1":"value1"},"id":"/subscriptions/00000000-0000-0000-0000-000000000000/resourceGroups/test_mgmt_datalake_analytics_test_adla_accountscd761330/providers/Microsoft.DataLakeAnalytics/accounts/pyarmadlacd761330","name":"pyarmadlacd761330","type":"Microsoft.DataLakeAnalytics/accounts"}]}'}
    headers:
      Cache-Control: [no-cache]
      Connection: [close]
      Content-Type: [application/json]
      Date: ['Mon, 12 Feb 2018 18:29:13 GMT']
      Expires: ['-1']
      Pragma: [no-cache]
      Server: [Microsoft-IIS/8.5]
      Strict-Transport-Security: [max-age=31536000; includeSubDomains]
      Vary: [Accept-Encoding]
      X-AspNet-Version: [4.0.30319]
      X-Content-Type-Options: [nosniff]
      X-Powered-By: [ASP.NET]
      content-length: ['598']
      x-ms-correlation-request-id: [1b222e87-935e-44e8-b4ec-6711b3177825]
      x-ms-ratelimit-remaining-subscription-reads: ['14999']
      x-ms-request-id: [8b00f9fb-f6ee-4c28-8ed3-d12c0b849cb3]
      x-ms-routing-request-id: ['WESTUS2:20180212T182914Z:1b222e87-935e-44e8-b4ec-6711b3177825']
    status: {code: 200, message: OK}
- request:
    body: '{"tags": {"tag2": "value2"}}'
    headers:
      Accept: [application/json]
      Accept-Encoding: ['gzip, deflate']
      Connection: [keep-alive]
      Content-Length: ['28']
      Content-Type: [application/json; charset=utf-8]
      User-Agent: [python/3.6.4 (Windows-10-10.0.16299-SP0) requests/2.18.4 msrest/0.4.24
          msrest_azure/0.4.19 azure-mgmt-datalake-analytics/2016-11-01 Azure-SDK-For-Python]
      accept-language: [en-US]
      x-ms-client-request-id: [a05a0d00-1022-11e8-93a6-705a0f2f3d93]
    method: PATCH
    uri: https://management.azure.com/subscriptions/00000000-0000-0000-0000-000000000000/resourceGroups/test_mgmt_datalake_analytics_test_adla_accountscd761330/providers/Microsoft.DataLakeAnalytics/accounts/pyarmadlacd761330?api-version=2016-11-01
  response:
    body: {string: '{"properties":{"firewallState":"Disabled","firewallAllowAzureIps":"Disabled","debugDataAccessLevel":"All","firewallRules":[],"defaultDataLakeStoreAccount":"pyarmadls2cd761330","dataLakeStoreAccounts":[{"properties":{"suffix":"azuredatalakestore.net"},"name":"pyarmadls2cd761330"}],"storageAccounts":[],"maxDegreeOfParallelism":30,"maxJobCount":3,"maxDegreeOfParallelismPerJob":30,"minPriorityPerJob":1,"computePolicies":[],"queryStoreRetention":30,"hiveMetastores":[],"currentTier":"Consumption","newTier":"Consumption","provisioningState":"Succeeded","state":"Active","endpoint":"pyarmadlacd761330.azuredatalakeanalytics.net","accountId":"f0762748-f9d3-4048-bcf6-9f39ba91e092","creationTime":"2018-02-12T18:28:29.7723121Z","lastModifiedTime":"2018-02-12T18:29:15.8622871Z"},"location":"East
        US 2","tags":{"tag2":"value2"},"id":"/subscriptions/00000000-0000-0000-0000-000000000000/resourceGroups/test_mgmt_datalake_analytics_test_adla_accountscd761330/providers/Microsoft.DataLakeAnalytics/accounts/pyarmadlacd761330","name":"pyarmadlacd761330","type":"Microsoft.DataLakeAnalytics/accounts"}'}
    headers:
      Cache-Control: [no-cache]
      Connection: [close]
      Content-Type: [application/json]
      Date: ['Mon, 12 Feb 2018 18:29:15 GMT']
      Expires: ['-1']
      Pragma: [no-cache]
      Server: [Microsoft-IIS/8.5]
      Strict-Transport-Security: [max-age=31536000; includeSubDomains]
      Vary: [Accept-Encoding]
      X-AspNet-Version: [4.0.30319]
      X-Content-Type-Options: [nosniff]
      X-Powered-By: [ASP.NET]
      content-length: ['1091']
      x-ms-correlation-request-id: [961cb1d1-bba6-4c4b-8490-09514e664840]
      x-ms-ratelimit-remaining-subscription-writes: ['1199']
      x-ms-request-id: [f9dbe8c5-631a-4170-b806-34c855aeca08]
      x-ms-routing-request-id: ['WESTUS2:20180212T182916Z:961cb1d1-bba6-4c4b-8490-09514e664840']
    status: {code: 200, message: OK}
- request:
    body: null
    headers:
      Accept: [application/json]
      Accept-Encoding: ['gzip, deflate']
      Connection: [keep-alive]
      Content-Type: [application/json; charset=utf-8]
      User-Agent: [python/3.6.4 (Windows-10-10.0.16299-SP0) requests/2.18.4 msrest/0.4.24
          msrest_azure/0.4.19 azure-mgmt-datalake-analytics/2016-11-01 Azure-SDK-For-Python]
      accept-language: [en-US]
      x-ms-client-request-id: [a1a9e5c6-1022-11e8-bc49-705a0f2f3d93]
    method: GET
    uri: https://management.azure.com/subscriptions/00000000-0000-0000-0000-000000000000/providers/Microsoft.DataLakeAnalytics/locations/EastUS2/capability?api-version=2016-11-01
  response:
    body: {string: '{"subscriptionId":"00000000-0000-0000-0000-000000000000","state":"Registered","maxAccountCount":3,"accountCount":1,"migrationState":false}'}
    headers:
      Cache-Control: [no-cache]
      Connection: [close]
      Content-Type: [application/json]
      Date: ['Mon, 12 Feb 2018 18:29:16 GMT']
      Expires: ['-1']
      Pragma: [no-cache]
      Server: [Microsoft-IIS/8.5]
      Strict-Transport-Security: [max-age=31536000; includeSubDomains]
      Vary: [Accept-Encoding]
      X-AspNet-Version: [4.0.30319]
      X-Content-Type-Options: [nosniff]
      X-Powered-By: [ASP.NET]
      content-length: ['138']
      x-ms-correlation-request-id: [4d8c967e-df6f-41ae-bb01-d57dc673a7f4]
      x-ms-ratelimit-remaining-subscription-reads: ['14999']
      x-ms-request-id: [e7892800-ba38-4ff3-985b-8911e493f39d]
      x-ms-routing-request-id: ['WESTUS2:20180212T182917Z:4d8c967e-df6f-41ae-bb01-d57dc673a7f4']
    status: {code: 200, message: OK}
- request:
    body: null
    headers:
      Accept: [application/json]
      Accept-Encoding: ['gzip, deflate']
      Connection: [keep-alive]
      Content-Type: [application/json; charset=utf-8]
      User-Agent: [python/3.6.4 (Windows-10-10.0.16299-SP0) requests/2.18.4 msrest/0.4.24
          msrest_azure/0.4.19 azure-mgmt-datalake-analytics/2016-11-01 Azure-SDK-For-Python]
      accept-language: [en-US]
      x-ms-client-request-id: [a24cce06-1022-11e8-864e-705a0f2f3d93]
    method: GET
    uri: https://management.azure.com/providers/Microsoft.DataLakeAnalytics/operations?api-version=2016-11-01
  response:
    body: {string: '{"value":[{"name":"Microsoft.DataLakeAnalytics/operations/read","display":{"provider":"Microsoft
        DataLakeAnalytics","resource":"Available Operations","operation":"Get Available
        Operations","description":"Get available operations of DataLakeAnalytics."}},{"name":"Microsoft.DataLakeAnalytics/register/action","display":{"provider":"Microsoft
        DataLakeAnalytics","resource":"Registration","operation":"Register to DataLakeAnalytics","description":"Register
        subscription to DataLakeAnalytics."}},{"name":"Microsoft.DataLakeAnalytics/accounts/read","display":{"provider":"Microsoft
        DataLakeAnalytics","resource":"Account","operation":"Get DataLakeAnalytics
        Account","description":"Get information about an existing DataLakeAnalytics
        account."}},{"name":"Microsoft.DataLakeAnalytics/accounts/write","display":{"provider":"Microsoft
        DataLakeAnalytics","resource":"Account","operation":"Create or Update DataLakeAnalytics
        Account","description":"Create or update a DataLakeAnalytics account."}},{"name":"Microsoft.DataLakeAnalytics/accounts/delete","display":{"provider":"Microsoft
        DataLakeAnalytics","resource":"Account","operation":"Delete DataLakeAnalytics
        Account","description":"Delete a DataLakeAnalytics account."}},{"name":"Microsoft.DataLakeAnalytics/accounts/operationResults/read","display":{"provider":"Microsoft
        DataLakeAnalytics","resource":"Operation Result","operation":"Get DataLakeAnalytics
        Account OperationResult","description":"Get result of a DataLakeAnalytics
        account operation."}},{"name":"Microsoft.DataLakeAnalytics/accounts/firewallRules/read","display":{"provider":"Microsoft
        DataLakeAnalytics","resource":"Firewall Rule","operation":"Get Firewall Rule","description":"Get
        information about a firewall rule."}},{"name":"Microsoft.DataLakeAnalytics/accounts/firewallRules/write","display":{"provider":"Microsoft
        DataLakeAnalytics","resource":"Firewall Rule","operation":"Create or Update
        Firewall Rule","description":"Create or update a firewall rule."}},{"name":"Microsoft.DataLakeAnalytics/accounts/firewallRules/delete","display":{"provider":"Microsoft
        DataLakeAnalytics","resource":"Firewall Rule","operation":"Delete Firewall
        Rule","description":"Delete a firewall rule."}},{"name":"Microsoft.DataLakeAnalytics/accounts/dataLakeStoreAccounts/read","display":{"provider":"Microsoft
        DataLakeAnalytics","resource":"DataLakeStore Account","operation":"Get Linked
        DataLakeStore Account","description":"Get information about a linked DataLakeStore
        account of a DataLakeAnalytics account."}},{"name":"Microsoft.DataLakeAnalytics/accounts/dataLakeStoreAccounts/write","display":{"provider":"Microsoft
        DataLakeAnalytics","resource":"DataLakeStore Account","operation":"Create
        or Update Linked DataLakeStore Account","description":"Create or update a
        linked DataLakeStore account of a DataLakeAnalytics account."}},{"name":"Microsoft.DataLakeAnalytics/accounts/dataLakeStoreAccounts/delete","display":{"provider":"Microsoft
        DataLakeAnalytics","resource":"DataLakeStore Account","operation":"Unlink
        DataLakeStore Account","description":"Unlink a DataLakeStore account from
        a DataLakeAnalytics account."}},{"name":"Microsoft.DataLakeAnalytics/accounts/storageAccounts/read","display":{"provider":"Microsoft
        DataLakeAnalytics","resource":"Storage Account","operation":"Get Linked Storage
        Account","description":"Get information about a linked Storage account of
        a DataLakeAnalytics account."}},{"name":"Microsoft.DataLakeAnalytics/accounts/storageAccounts/write","display":{"provider":"Microsoft
        DataLakeAnalytics","resource":"Storage Account","operation":"Create or Update
        Linked Storage Account","description":"Create or update a linked Storage account
        of a DataLakeAnalytics account."}},{"name":"Microsoft.DataLakeAnalytics/accounts/storageAccounts/delete","display":{"provider":"Microsoft
        DataLakeAnalytics","resource":"Storage Account","operation":"Unlink Storage
        Account","description":"Unlink a Storage account from a DataLakeAnalytics
        account."}},{"name":"Microsoft.DataLakeAnalytics/accounts/storageAccounts/Containers/read","display":{"provider":"Microsoft
        DataLakeAnalytics","resource":"Container","operation":"Get Storage Container","description":"Get
        containers of a linked Storage account of a DataLakeAnalytics account."}},{"name":"Microsoft.DataLakeAnalytics/accounts/storageAccounts/Containers/listSasTokens/action","display":{"provider":"Microsoft
        DataLakeAnalytics","resource":"SAS Token","operation":"List SAS Tokens","description":"List
        SAS tokens for storage containers of a linked Storage account of a DataLakeAnalytics
        account."}},{"name":"Microsoft.DataLakeAnalytics/accounts/computePolicies/read","display":{"provider":"Microsoft
        DataLakeAnalytics","resource":"Compute Policy","operation":"Get Compute Policy","description":"Get
        information about a compute policy."}},{"name":"Microsoft.DataLakeAnalytics/accounts/computePolicies/write","display":{"provider":"Microsoft
        DataLakeAnalytics","resource":"Compute Policy","operation":"Create or Update
        Compute Policy","description":"Create or update a compute policy."}},{"name":"Microsoft.DataLakeAnalytics/accounts/computePolicies/delete","display":{"provider":"Microsoft
        DataLakeAnalytics","resource":"Compute Policy","operation":"Delete Compute
        Policy","description":"Delete a compute policy."}},{"name":"Microsoft.DataLakeAnalytics/accounts/TakeOwnership/action","display":{"provider":"Microsoft
        DataLakeAnalytics","resource":"Job Ownership","operation":"Take Ownership
        of DataLakeAnalytics Job","description":"Grant permissions to cancel jobs
        submitted by other users."}},{"name":"Microsoft.DataLakeAnalytics/locations/capability/read","display":{"provider":"Microsoft
        DataLakeAnalytics","resource":"Subscription Capability","operation":"Get DataLakeAnalytics
        Subscription Capability","description":"Get capability information of a subscription
        regarding using DataLakeAnalytics."}},{"name":"Microsoft.DataLakeAnalytics/locations/checkNameAvailability/action","display":{"provider":"Microsoft
        DataLakeAnalytics","resource":"Name Availability","operation":"Check DataLakeAnalytics
        Account Name Availability","description":"Check availability of a DataLakeAnalytics
        account name."}},{"name":"Microsoft.DataLakeAnalytics/locations/operationResults/read","display":{"provider":"Microsoft
        DataLakeAnalytics","resource":"Operation Result","operation":"Get DataLakeAnalytics
        Account OperationResult","description":"Get result of a DataLakeAnalytics
        account operation."}},{"name":"Microsoft.DataLakeAnalytics/accounts/providers/Microsoft.Insights/metricDefinitions/read","display":{"provider":"Microsoft
        DataLakeAnalytics","resource":"Metric Definition","operation":"Get DataLakeAnalytics
        Account metric definitions","description":"Get the available metrics for the
        DataLakeAnalytics account."},"origin":"system","properties":{"serviceSpecification":{"metricSpecifications":[{"name":"JobEndedSuccess","displayName":"Successful
        Jobs","displayDescription":"Count of successful jobs.","unit":"Count","aggregationType":"Total","availabilities":[{"timeGrain":"PT1M","blobDuration":"PT1H"},{"timeGrain":"PT1H","blobDuration":"P1D"}]},{"name":"JobEndedFailure","displayName":"Failed
        Jobs","displayDescription":"Count of failed jobs.","unit":"Count","aggregationType":"Total","availabilities":[{"timeGrain":"PT1M","blobDuration":"PT1H"},{"timeGrain":"PT1H","blobDuration":"P1D"}]},{"name":"JobEndedCancelled","displayName":"Cancelled
        Jobs","displayDescription":"Count of cancelled jobs.","unit":"Count","aggregationType":"Total","availabilities":[{"timeGrain":"PT1M","blobDuration":"PT1H"},{"timeGrain":"PT1H","blobDuration":"P1D"}]},{"name":"JobAUEndedSuccess","displayName":"Successful
        AU Time","displayDescription":"Total AU time for successful jobs.","unit":"Seconds","aggregationType":"Total","availabilities":[{"timeGrain":"PT1M","blobDuration":"PT1H"},{"timeGrain":"PT1H","blobDuration":"P1D"}]},{"name":"JobAUEndedFailure","displayName":"Failed
        AU Time","displayDescription":"Total AU time for failed jobs.","unit":"Seconds","aggregationType":"Total","availabilities":[{"timeGrain":"PT1M","blobDuration":"PT1H"},{"timeGrain":"PT1H","blobDuration":"P1D"}]},{"name":"JobAUEndedCancelled","displayName":"Cancelled
        AU Time","displayDescription":"Total AU time for cancelled jobs.","unit":"Seconds","aggregationType":"Total","availabilities":[{"timeGrain":"PT1M","blobDuration":"PT1H"},{"timeGrain":"PT1H","blobDuration":"P1D"}]}]}}},{"name":"Microsoft.DataLakeAnalytics/accounts/providers/Microsoft.Insights/logDefinitions/read","display":{"provider":"Microsoft
        DataLakeAnalytics","resource":"Log Definition","operation":"Get DataLakeAnalytics
        Account log definitions","description":"Get the available logs for the DataLakeAnalytics
        account."},"origin":"system","properties":{"serviceSpecification":{"logSpecifications":[{"name":"Audit","displayName":"Audit
        Logs","blobDuration":"PT1H"},{"name":"Requests","displayName":"Request Logs","blobDuration":"PT1H"}]}}},{"name":"Microsoft.DataLakeAnalytics/accounts/providers/Microsoft.Insights/diagnosticSettings/read","display":{"provider":"Microsoft
        DataLakeAnalytics","resource":"Diagnostic Setting","operation":"Get DataLakeAnalytics
        Account diagnostic settings","description":"Get the diagnostic settings for
        the DataLakeAnalytics account."},"origin":"system"},{"name":"Microsoft.DataLakeAnalytics/accounts/providers/Microsoft.Insights/diagnosticSettings/write","display":{"provider":"Microsoft
        DataLakeAnalytics","resource":"Diagnostic Setting","operation":"Create or
        update DataLakeAnalytics Account diagnostic settings","description":"Create
        or update the diagnostic settings for the DataLakeAnalytics account."},"origin":"system"}]}'}
    headers:
      Cache-Control: [no-cache]
      Connection: [close]
      Content-Type: [application/json]
      Date: ['Mon, 12 Feb 2018 18:29:18 GMT']
      Expires: ['-1']
      Pragma: [no-cache]
      Server: [Microsoft-IIS/8.5]
      Strict-Transport-Security: [max-age=31536000; includeSubDomains]
      Vary: [Accept-Encoding]
      X-AspNet-Version: [4.0.30319]
      X-Content-Type-Options: [nosniff]
      X-Powered-By: [ASP.NET]
      content-length: ['9660']
      x-ms-correlation-request-id: [7c9ec497-a8fb-4802-a48b-8d3e998a3f48]
      x-ms-ratelimit-remaining-tenant-reads: ['14999']
      x-ms-request-id: [26991988-e6f9-4eee-b225-710175424f8f]
      x-ms-routing-request-id: ['WESTUS2:20180212T182918Z:7c9ec497-a8fb-4802-a48b-8d3e998a3f48']
    status: {code: 200, message: OK}
- request:
    body: null
    headers:
      Accept: [application/json]
      Accept-Encoding: ['gzip, deflate']
      Connection: [keep-alive]
      Content-Length: ['0']
      Content-Type: [application/json; charset=utf-8]
      User-Agent: [python/3.6.4 (Windows-10-10.0.16299-SP0) requests/2.18.4 msrest/0.4.24
          msrest_azure/0.4.19 azure-mgmt-datalake-analytics/2016-11-01 Azure-SDK-For-Python]
      accept-language: [en-US]
      x-ms-client-request-id: [a2e0377a-1022-11e8-9f95-705a0f2f3d93]
    method: DELETE
    uri: https://management.azure.com/subscriptions/00000000-0000-0000-0000-000000000000/resourceGroups/test_mgmt_datalake_analytics_test_adla_accountscd761330/providers/Microsoft.DataLakeAnalytics/accounts/pyarmadlacd761330?api-version=2016-11-01
  response:
    body: {string: ''}
    headers:
      Cache-Control: [no-cache]
      Connection: [close]
      Content-Length: ['0']
      Date: ['Mon, 12 Feb 2018 18:29:21 GMT']
      Expires: ['-1']
      Pragma: [no-cache]
      Server: [Microsoft-IIS/8.5]
      Strict-Transport-Security: [max-age=31536000; includeSubDomains]
      X-AspNet-Version: [4.0.30319]
      X-Powered-By: [ASP.NET]
      x-ms-correlation-request-id: [b9c3d346-2a37-4c37-91d3-3b767619ba48]
      x-ms-ratelimit-remaining-subscription-writes: ['1199']
      x-ms-request-id: [c48413fb-e3a5-4af7-b37d-f1ed691c7b32]
      x-ms-routing-request-id: ['WESTUS2:20180212T182922Z:b9c3d346-2a37-4c37-91d3-3b767619ba48']
    status: {code: 200, message: OK}
version: 1
