interactions:
- request:
    body: null
    headers:
      Accept:
      - application/json
      Accept-Encoding:
      - gzip, deflate
      Connection:
      - keep-alive
      Content-Length:
      - '0'
      Date:
      - Mon, 25 Jan 2021 17:58:31 GMT
      User-Agent:
      - azsdk-python-communication-administration/1.0.0b3 Python/3.7.9 (Windows-10-10.0.19041-SP0)
      x-ms-return-client-request-id:
      - 'true'
    method: POST
    uri: https://sanitized.int.communication.azure.net/identities?api-version=2020-07-20-preview2
  response:
    body: '{"id": "sanitized"}'
    headers:
      api-supported-versions:
      - 2020-07-20-preview2, 2021-03-07
      content-type:
      - application/json; charset=utf-8
      date:
      - Mon, 25 Jan 2021 17:58:18 GMT
      ms-cv:
      - rHgeoGFlLku33mpgfw5gMw.0
      strict-transport-security:
      - max-age=2592000
      transfer-encoding:
      - chunked
      x-processing-time:
      - 68ms
    status:
      code: 200
      message: OK
- request:
    body: '{"scopes": ["chat"]}'
    headers:
      Accept:
      - application/json
      Accept-Encoding:
      - gzip, deflate
      Connection:
      - keep-alive
      Content-Length:
      - '20'
      Content-Type:
      - application/json
      Date:
      - Mon, 25 Jan 2021 17:58:31 GMT
      User-Agent:
      - azsdk-python-communication-administration/1.0.0b3 Python/3.7.9 (Windows-10-10.0.19041-SP0)
      x-ms-return-client-request-id:
      - 'true'
    method: POST
    uri: https://sanitized.int.communication.azure.net/identities/sanitized/token?api-version=2020-07-20-preview2
  response:
    body: '{"id": "sanitized", "token": "sanitized", "expiresOn": "2021-01-26T17:58:17.9433567+00:00"}'
    headers:
      api-supported-versions:
      - 2020-07-20-preview2, 2021-03-07
      content-type:
      - application/json; charset=utf-8
      date:
      - Mon, 25 Jan 2021 17:58:18 GMT
      ms-cv:
      - o9fwip3y9UqdkzbZvw9CRg.0
      strict-transport-security:
      - max-age=2592000
      transfer-encoding:
      - chunked
      x-processing-time:
      - 316ms
    status:
      code: 200
      message: OK
- request:
    body: null
    headers:
      Accept:
      - application/json
      Accept-Encoding:
      - gzip, deflate
      Connection:
      - keep-alive
      Content-Length:
      - '0'
      Date:
      - Mon, 25 Jan 2021 17:58:32 GMT
      User-Agent:
      - azsdk-python-communication-administration/1.0.0b3 Python/3.7.9 (Windows-10-10.0.19041-SP0)
      x-ms-return-client-request-id:
      - 'true'
    method: POST
    uri: https://sanitized.int.communication.azure.net/identities?api-version=2020-07-20-preview2
  response:
    body: '{"id": "sanitized"}'
    headers:
      api-supported-versions:
      - 2020-07-20-preview2, 2021-03-07
      content-type:
      - application/json; charset=utf-8
      date:
      - Mon, 25 Jan 2021 17:58:19 GMT
      ms-cv:
      - wVPrEUfCqk2+JjM1+ZSxeQ.0
      strict-transport-security:
      - max-age=2592000
      transfer-encoding:
      - chunked
      x-processing-time:
      - 27ms
    status:
      code: 200
      message: OK
- request:
    body: '{"scopes": ["chat"]}'
    headers:
      Accept:
      - application/json
      Accept-Encoding:
      - gzip, deflate
      Connection:
      - keep-alive
      Content-Length:
      - '20'
      Content-Type:
      - application/json
      Date:
      - Mon, 25 Jan 2021 17:58:32 GMT
      User-Agent:
      - azsdk-python-communication-administration/1.0.0b3 Python/3.7.9 (Windows-10-10.0.19041-SP0)
      x-ms-return-client-request-id:
      - 'true'
    method: POST
    uri: https://sanitized.int.communication.azure.net/identities/sanitized/token?api-version=2020-07-20-preview2
  response:
    body: '{"id": "sanitized", "token": "sanitized", "expiresOn": "2021-01-26T17:58:18.1641302+00:00"}'
    headers:
      api-supported-versions:
      - 2020-07-20-preview2, 2021-03-07
      content-type:
      - application/json; charset=utf-8
      date:
      - Mon, 25 Jan 2021 17:58:19 GMT
      ms-cv:
      - bXzSDngez0OHHmrQMYRMeQ.0
      strict-transport-security:
      - max-age=2592000
      transfer-encoding:
      - chunked
      x-processing-time:
      - 88ms
    status:
      code: 200
      message: OK
- request:
    body: '{"topic": "test topic", "participants": "sanitized"}'
    headers:
      Accept:
      - application/json
      Content-Length:
      - '206'
      Content-Type:
      - application/json
      User-Agent:
      - azsdk-python-communication-chat/1.0.0b3 Python/3.7.9 (Windows-10-10.0.19041-SP0)
    method: POST
    uri: https://sanitized.int.communication.azure.net/chat/threads?api-version=2020-11-01-preview3
  response:
    body: '{"chatThread": {"id": "19:77e359cb7f1e442799794eef6f629d2b@thread.v2",
      "topic": "test topic", "createdOn": "2021-01-25T17:58:19Z", "createdBy": "8:acs:46849534-eb08-4ab7-bde7-c36928cd1547_00000007-da93-ecca-9c58-373a0d00274b"}}'
    headers:
      api-supported-versions: 2020-09-21-preview2, 2020-11-01-preview3
      content-type: application/json; charset=utf-8
      date: Mon, 25 Jan 2021 17:58:19 GMT
      ms-cv: 0wBX30Zdyk+xA/ypWZQhBw.0
      strict-transport-security: max-age=2592000
      transfer-encoding: chunked
      x-processing-time: 947ms
    status:
      code: 201
      message: Created
    url: https://sanitized.int.communication.azure.net/chat/threads?api-version=2020-11-01-preview3
- request:
    body: '{"participants": "sanitized"}'
    headers:
      Accept:
      - application/json
      Content-Length:
      - '183'
      Content-Type:
      - application/json
      User-Agent:
      - azsdk-python-communication-chat/1.0.0b3 Python/3.7.9 (Windows-10-10.0.19041-SP0)
    method: POST
    uri: https://sanitized.int.communication.azure.net/chat/threads/sanitized/participants/:add?api-version=2020-11-01-preview3
  response:
    body: '{}'
    headers:
      api-supported-versions: 2020-11-01-preview3
      content-type: application/json; charset=utf-8
      date: Mon, 25 Jan 2021 17:58:20 GMT
      ms-cv: qTX9ZATdVUyAR56i2zfGkQ.0
      strict-transport-security: max-age=2592000
      transfer-encoding: chunked
      x-processing-time: 921ms
    status:
      code: 201
      message: Created
    url: https://sanitized.int.communication.azure.net/chat/threads/sanitized/participants/:add?api-version=2020-11-01-preview3
- request:
    body: null
    headers:
      Accept:
      - application/json
      User-Agent:
      - azsdk-python-communication-chat/1.0.0b3 Python/3.7.9 (Windows-10-10.0.19041-SP0)
    method: DELETE
    uri: https://sanitized.int.communication.azure.net/chat/threads/sanitized?api-version=2020-11-01-preview3
  response:
    body:
      string: ''
    headers:
      api-supported-versions: 2020-09-21-preview2, 2020-11-01-preview3
      date: Mon, 25 Jan 2021 17:58:21 GMT
      ms-cv: 8tvnVNJDmUClr6pfmuSljw.0
      strict-transport-security: max-age=2592000
      x-processing-time: 364ms
    status:
      code: 204
      message: No Content
    url: https://sanitized.int.communication.azure.net/chat/threads/sanitized?api-version=2020-11-01-preview3
- request:
    body: null
    headers:
      Accept:
      - '*/*'
      Accept-Encoding:
      - gzip, deflate
      Connection:
      - keep-alive
      Content-Length:
      - '0'
      Date:
      - Mon, 25 Jan 2021 17:58:35 GMT
      User-Agent:
      - azsdk-python-communication-administration/1.0.0b3 Python/3.7.9 (Windows-10-10.0.19041-SP0)
      x-ms-return-client-request-id:
      - 'true'
    method: DELETE
    uri: https://sanitized.int.communication.azure.net/identities/sanitized?api-version=2020-07-20-preview2
  response:
    body:
      string: ''
    headers:
      api-supported-versions:
      - 2020-07-20-preview2, 2021-03-07
      date:
      - Mon, 25 Jan 2021 17:58:38 GMT
      ms-cv:
      - MGUP/uCoj0eIUpLHi/fFWw.0
      strict-transport-security:
      - max-age=2592000
      x-processing-time:
      - 16730ms
    status:
      code: 204
      message: No Content
- request:
    body: null
    headers:
      Accept:
      - '*/*'
      Accept-Encoding:
      - gzip, deflate
      Connection:
      - keep-alive
      Content-Length:
      - '0'
      Date:
      - Mon, 25 Jan 2021 17:58:52 GMT
      User-Agent:
      - azsdk-python-communication-administration/1.0.0b3 Python/3.7.9 (Windows-10-10.0.19041-SP0)
      x-ms-return-client-request-id:
      - 'true'
    method: DELETE
    uri: https://sanitized.int.communication.azure.net/identities/sanitized?api-version=2020-07-20-preview2
  response:
    body:
      string: ''
    headers:
      api-supported-versions:
      - 2020-07-20-preview2, 2021-03-07
      date:
      - Mon, 25 Jan 2021 17:58:55 GMT
      ms-cv:
      - IgKTJsIZeEmCNftLo2QP/w.0
      strict-transport-security:
      - max-age=2592000
      x-processing-time:
      - 16961ms
    status:
      code: 204
      message: No Content
version: 1
