interactions:
- request:
    body: '{}'
    headers:
      Accept:
      - application/json
      Accept-Encoding:
      - gzip, deflate
      Connection:
      - keep-alive
      Content-Length:
      - '2'
      Content-Type:
      - application/json
      Date:
      - Wed, 24 Feb 2021 09:43:35 GMT
      User-Agent:
      - azsdk-python-communication-identity/1.0.0b4 Python/3.7.9 (Windows-10-10.0.19041-SP0)
      x-ms-return-client-request-id:
      - 'true'
    method: POST
    uri: https://sanitized.int.communication.azure.net/identities?api-version=2021-03-07
  response:
    body: '{"identity": {"id": "8:acs:46849534-eb08-4ab7-bde7-c36928cd1547_00000008-734d-bdf7-9c58-373a0d0070e9"}}'
    headers:
      api-supported-versions:
      - 2020-07-20-preview2, 2021-03-07
      content-type:
      - application/json; charset=utf-8
      date:
      - Wed, 24 Feb 2021 09:43:32 GMT
      ms-cv:
      - Bs1ZdEftjUWurHFxq3cpvA.0
      request-context:
      - appId=
      strict-transport-security:
      - max-age=2592000
      transfer-encoding:
      - chunked
      x-processing-time:
      - 13ms
    status:
      code: 201
      message: Created
- request:
    body: '{"scopes": ["chat"]}'
    headers:
      Accept:
      - application/json
      Accept-Encoding:
      - gzip, deflate
      Connection:
      - keep-alive
      Content-Length:
      - '20'
      Content-Type:
      - application/json
      Date:
      - Wed, 24 Feb 2021 09:43:35 GMT
      User-Agent:
      - azsdk-python-communication-identity/1.0.0b4 Python/3.7.9 (Windows-10-10.0.19041-SP0)
      x-ms-return-client-request-id:
      - 'true'
    method: POST
    uri: https://sanitized.int.communication.azure.net/identities/sanitized/:issueAccessToken?api-version=2021-03-07
  response:
    body: '{"token": "sanitized", "expiresOn": "2021-02-25T09:43:32.2515944+00:00"}'
    headers:
      api-supported-versions:
      - 2020-07-20-preview2, 2021-03-07
      content-type:
      - application/json; charset=utf-8
      date:
      - Wed, 24 Feb 2021 09:43:32 GMT
      ms-cv:
      - x/PVD3WLy027h9fp+ZSdPQ.0
      request-context:
      - appId=
      strict-transport-security:
      - max-age=2592000
      transfer-encoding:
      - chunked
      x-processing-time:
      - 89ms
    status:
      code: 200
      message: OK
- request:
    body: '{}'
    headers:
      Accept:
      - application/json
      Accept-Encoding:
      - gzip, deflate
      Connection:
      - keep-alive
      Content-Length:
      - '2'
      Content-Type:
      - application/json
      Date:
      - Wed, 24 Feb 2021 09:43:35 GMT
      User-Agent:
      - azsdk-python-communication-identity/1.0.0b4 Python/3.7.9 (Windows-10-10.0.19041-SP0)
      x-ms-return-client-request-id:
      - 'true'
    method: POST
    uri: https://sanitized.int.communication.azure.net/identities?api-version=2021-03-07
  response:
    body: '{"identity": {"id": "8:acs:46849534-eb08-4ab7-bde7-c36928cd1547_00000008-734d-beba-9c58-373a0d0070ea"}}'
    headers:
      api-supported-versions:
      - 2020-07-20-preview2, 2021-03-07
      content-type:
      - application/json; charset=utf-8
      date:
      - Wed, 24 Feb 2021 09:43:32 GMT
      ms-cv:
      - pQO88SEj9kiKQtRgr830GA.0
      request-context:
      - appId=
      strict-transport-security:
      - max-age=2592000
      transfer-encoding:
      - chunked
      x-processing-time:
      - 13ms
    status:
      code: 201
      message: Created
- request:
    body: '{"scopes": ["chat"]}'
    headers:
      Accept:
      - application/json
      Accept-Encoding:
      - gzip, deflate
      Connection:
      - keep-alive
      Content-Length:
      - '20'
      Content-Type:
      - application/json
      Date:
      - Wed, 24 Feb 2021 09:43:35 GMT
      User-Agent:
      - azsdk-python-communication-identity/1.0.0b4 Python/3.7.9 (Windows-10-10.0.19041-SP0)
      x-ms-return-client-request-id:
      - 'true'
    method: POST
    uri: https://sanitized.int.communication.azure.net/identities/sanitized/:issueAccessToken?api-version=2021-03-07
  response:
    body: '{"token": "sanitized", "expiresOn": "2021-02-25T09:43:32.4375975+00:00"}'
    headers:
      api-supported-versions:
      - 2020-07-20-preview2, 2021-03-07
      content-type:
      - application/json; charset=utf-8
      date:
      - Wed, 24 Feb 2021 09:43:33 GMT
      ms-cv:
      - FExspzXssUOe88DVVArJKA.0
      request-context:
      - appId=
      strict-transport-security:
      - max-age=2592000
      transfer-encoding:
      - chunked
      x-processing-time:
      - 89ms
    status:
      code: 200
      message: OK
- request:
    body: '{"topic": "test topic", "participants": "sanitized"}'
    headers:
      Accept:
      - application/json
      Accept-Encoding:
      - gzip, deflate
      Connection:
      - keep-alive
      Content-Length:
      - '475'
      Content-Type:
      - application/json
      User-Agent:
      - azsdk-python-communication-chat/1.0.0b4 Python/3.7.9 (Windows-10-10.0.19041-SP0)
      repeatability-Request-Id:
      - 97d0b8d4-a261-486e-8ca8-75ab0a7d9d0f
    method: POST
    uri: https://sanitized.int.communication.azure.net/chat/threads?api-version=2021-01-27-preview4
  response:
    body: '{"chatThread": {"id": "19:1Stv3fOVJ1cGTkepCbKQzJQKSx0y2TjFv2Kdeaiyh5s1@thread.v2",
      "topic": "test topic", "createdOn": "2021-02-24T09:43:33Z", "createdByCommunicationIdentifier":
      {"rawId": "8:acs:46849534-eb08-4ab7-bde7-c36928cd1547_00000008-734d-bdf7-9c58-373a0d0070e9",
      "communicationUser": {"id": "8:acs:46849534-eb08-4ab7-bde7-c36928cd1547_00000008-734d-bdf7-9c58-373a0d0070e9"}}}}'
    headers:
      api-supported-versions:
      - 2020-09-21-preview2, 2020-11-01-preview3, 2021-01-27-preview4
      content-type:
      - application/json; charset=utf-8
      date:
      - Wed, 24 Feb 2021 09:43:34 GMT
      ms-cv:
      - kQt0oIdAaEmqVqEgvIeZPA.0
      strict-transport-security:
      - max-age=2592000
      transfer-encoding:
      - chunked
      x-processing-time:
      - 899ms
    status:
      code: 201
      message: Created
- request:
    body: '{"content": "hello world", "senderDisplayName": "sender name", "type":
      "text"}'
    headers:
      Accept:
      - application/json
      Accept-Encoding:
      - gzip, deflate
      Connection:
      - keep-alive
      Content-Length:
      - '78'
      Content-Type:
      - application/json
      User-Agent:
      - azsdk-python-communication-chat/1.0.0b4 Python/3.7.9 (Windows-10-10.0.19041-SP0)
    method: POST
    uri: https://sanitized.int.communication.azure.net/chat/threads/sanitized/messages?api-version=2021-01-27-preview4
  response:
    body: '{"id": "sanitized"}'
    headers:
      api-supported-versions:
      - 2020-09-21-preview2, 2020-11-01-preview3, 2021-01-27-preview4
      content-type:
      - application/json; charset=utf-8
      date:
      - Wed, 24 Feb 2021 09:43:34 GMT
      ms-cv:
      - /Zr5JHmk1USfDaNgSqWr9w.0
      strict-transport-security:
      - max-age=2592000
      transfer-encoding:
      - chunked
      x-processing-time:
      - 392ms
    status:
      code: 201
      message: Created
- request:
    body: '{"chatMessageId": "sanitized"}'
    headers:
      Accept:
      - application/json
      Accept-Encoding:
      - gzip, deflate
      Connection:
      - keep-alive
      Content-Length:
      - '34'
      Content-Type:
      - application/json
      User-Agent:
      - azsdk-python-communication-chat/1.0.0b4 Python/3.7.9 (Windows-10-10.0.19041-SP0)
    method: POST
    uri: https://sanitized.int.communication.azure.net/chat/threads/sanitized/readReceipts?api-version=2021-01-27-preview4
  response:
    body:
      string: ''
    headers:
      api-supported-versions:
      - 2020-09-21-preview2, 2020-11-01-preview3, 2021-01-27-preview4
      content-length:
      - '0'
      date:
      - Wed, 24 Feb 2021 09:43:36 GMT
      ms-cv:
      - cv5+6QVRcEu5HM1eiBeryw.0
      strict-transport-security:
      - max-age=2592000
      x-processing-time:
      - 956ms
    status:
      code: 200
      message: OK
- request:
    body: null
    headers:
      Accept:
      - application/json
      Accept-Encoding:
      - gzip, deflate
      Connection:
      - keep-alive
      User-Agent:
      - azsdk-python-communication-chat/1.0.0b4 Python/3.7.9 (Windows-10-10.0.19041-SP0)
    method: GET
    uri: https://sanitized.int.communication.azure.net/chat/threads/sanitized/readReceipts?api-version=2021-01-27-preview4
  response:
    body: '{"value": "sanitized"}'
    headers:
      api-supported-versions:
      - 2020-09-21-preview2, 2020-11-01-preview3, 2021-01-27-preview4
      content-type:
      - application/json; charset=utf-8
      date:
      - Wed, 24 Feb 2021 09:43:35 GMT
      ms-cv:
      - grPOlASp9kSGcWiA7v5Bjg.0
      strict-transport-security:
      - max-age=2592000
      transfer-encoding:
      - chunked
      x-processing-time:
      - 268ms
    status:
      code: 200
      message: OK
- request:
    body: '{"content": "hello world", "senderDisplayName": "sender name", "type":
      "text"}'
    headers:
      Accept:
      - application/json
      Accept-Encoding:
      - gzip, deflate
      Connection:
      - keep-alive
      Content-Length:
      - '78'
      Content-Type:
      - application/json
      User-Agent:
      - azsdk-python-communication-chat/1.0.0b4 Python/3.7.9 (Windows-10-10.0.19041-SP0)
    method: POST
    uri: https://sanitized.int.communication.azure.net/chat/threads/sanitized/messages?api-version=2021-01-27-preview4
  response:
    body: '{"id": "sanitized"}'
    headers:
      api-supported-versions:
      - 2020-09-21-preview2, 2020-11-01-preview3, 2021-01-27-preview4
      content-type:
      - application/json; charset=utf-8
      date:
      - Wed, 24 Feb 2021 09:43:36 GMT
      ms-cv:
      - 3bb3TD3DB0mEs6I7TrTXew.0
      strict-transport-security:
      - max-age=2592000
      transfer-encoding:
      - chunked
      x-processing-time:
      - 385ms
    status:
      code: 201
      message: Created
- request:
    body: '{"chatMessageId": "sanitized"}'
    headers:
      Accept:
      - application/json
      Accept-Encoding:
      - gzip, deflate
      Connection:
      - keep-alive
      Content-Length:
      - '34'
      Content-Type:
      - application/json
      User-Agent:
      - azsdk-python-communication-chat/1.0.0b4 Python/3.7.9 (Windows-10-10.0.19041-SP0)
    method: POST
    uri: https://sanitized.int.communication.azure.net/chat/threads/sanitized/readReceipts?api-version=2021-01-27-preview4
  response:
    body:
      string: ''
    headers:
      api-supported-versions:
      - 2020-09-21-preview2, 2020-11-01-preview3, 2021-01-27-preview4
      content-length:
      - '0'
      date:
      - Wed, 24 Feb 2021 09:43:37 GMT
      ms-cv:
      - Z0KQDeFXx0CqcrlArHryxw.0
      strict-transport-security:
      - max-age=2592000
      x-processing-time:
      - 458ms
    status:
      code: 200
      message: OK
- request:
    body: null
    headers:
      Accept:
      - application/json
      Accept-Encoding:
      - gzip, deflate
      Connection:
      - keep-alive
      User-Agent:
      - azsdk-python-communication-chat/1.0.0b4 Python/3.7.9 (Windows-10-10.0.19041-SP0)
    method: GET
    uri: https://sanitized.int.communication.azure.net/chat/threads/sanitized/readReceipts?api-version=2021-01-27-preview4
  response:
    body: '{"value": "sanitized"}'
    headers:
      api-supported-versions:
      - 2020-09-21-preview2, 2020-11-01-preview3, 2021-01-27-preview4
      content-type:
      - application/json; charset=utf-8
      date:
      - Wed, 24 Feb 2021 09:43:37 GMT
      ms-cv:
      - CKNLGrzy3k65CQwEVtV0cg.0
      strict-transport-security:
      - max-age=2592000
      transfer-encoding:
      - chunked
      x-processing-time:
      - 247ms
    status:
      code: 200
      message: OK
- request:
    body: '{"content": "content", "senderDisplayName": "sender_display_name", "type":
      "text"}'
    headers:
      Accept:
      - application/json
      Accept-Encoding:
      - gzip, deflate
      Connection:
      - keep-alive
      Content-Length:
      - '82'
      Content-Type:
      - application/json
      User-Agent:
      - azsdk-python-communication-chat/1.0.0b4 Python/3.7.9 (Windows-10-10.0.19041-SP0)
    method: POST
    uri: https://sanitized.int.communication.azure.net/chat/threads/sanitized/messages?api-version=2021-01-27-preview4
  response:
    body: '{"id": "sanitized"}'
    headers:
      api-supported-versions:
      - 2020-09-21-preview2, 2020-11-01-preview3, 2021-01-27-preview4
      content-type:
      - application/json; charset=utf-8
      date:
      - Wed, 24 Feb 2021 09:43:38 GMT
      ms-cv:
      - 8DPx0q/ZoUeuqv7fphtqFw.0
      strict-transport-security:
      - max-age=2592000
      transfer-encoding:
      - chunked
      x-processing-time:
      - 397ms
    status:
      code: 201
      message: Created
- request:
    body: '{"chatMessageId": "sanitized"}'
    headers:
      Accept:
      - application/json
      Accept-Encoding:
      - gzip, deflate
      Connection:
      - keep-alive
      Content-Length:
      - '34'
      Content-Type:
      - application/json
      User-Agent:
      - azsdk-python-communication-chat/1.0.0b4 Python/3.7.9 (Windows-10-10.0.19041-SP0)
    method: POST
    uri: https://sanitized.int.communication.azure.net/chat/threads/sanitized/readReceipts?api-version=2021-01-27-preview4
  response:
    body:
      string: ''
    headers:
      api-supported-versions:
      - 2020-09-21-preview2, 2020-11-01-preview3, 2021-01-27-preview4
      content-length:
      - '0'
      date:
      - Wed, 24 Feb 2021 09:43:38 GMT
      ms-cv:
      - 0MMNyqJS0E2S8DHLW2Tvag.0
      strict-transport-security:
      - max-age=2592000
      x-processing-time:
      - 456ms
    status:
      code: 200
      message: OK
- request:
    body: null
    headers:
      Accept:
      - application/json
      Accept-Encoding:
      - gzip, deflate
      Connection:
      - keep-alive
      User-Agent:
      - azsdk-python-communication-chat/1.0.0b4 Python/3.7.9 (Windows-10-10.0.19041-SP0)
    method: GET
    uri: https://sanitized.int.communication.azure.net/chat/threads/sanitized/readReceipts?api-version=2021-01-27-preview4
  response:
    body: '{"value": "sanitized"}'
    headers:
      api-supported-versions:
      - 2020-09-21-preview2, 2020-11-01-preview3, 2021-01-27-preview4
      content-type:
      - application/json; charset=utf-8
      date:
      - Wed, 24 Feb 2021 09:43:38 GMT
      ms-cv:
      - hJec8DhczUSqyLjPOfYHng.0
      strict-transport-security:
      - max-age=2592000
      transfer-encoding:
      - chunked
      x-processing-time:
      - 249ms
    status:
      code: 200
      message: OK
- request:
    body: null
    headers:
      Accept:
      - application/json
      Accept-Encoding:
      - gzip, deflate
      Connection:
      - keep-alive
      User-Agent:
      - azsdk-python-communication-chat/1.0.0b4 Python/3.7.9 (Windows-10-10.0.19041-SP0)
    method: GET
    uri: https://sanitized.int.communication.azure.net/chat/threads/sanitized/readReceipts?maxPageSize=2&skip=0&api-version=2021-01-27-preview4
  response:
    body: '{"value": "sanitized"}'
    headers:
      api-supported-versions:
      - 2020-09-21-preview2, 2020-11-01-preview3, 2021-01-27-preview4
      content-type:
      - application/json; charset=utf-8
      date:
      - Wed, 24 Feb 2021 09:43:39 GMT
      ms-cv:
      - KSUTPvYEIkGVQxLCK8mvxA.0
      strict-transport-security:
      - max-age=2592000
      transfer-encoding:
      - chunked
      x-processing-time:
      - 249ms
    status:
      code: 200
      message: OK
- request:
    body: null
    headers:
      Accept:
      - application/json
      Accept-Encoding:
      - gzip, deflate
      Connection:
      - keep-alive
      Content-Length:
      - '0'
      Date:
      - Wed, 24 Feb 2021 09:43:42 GMT
      User-Agent:
      - azsdk-python-communication-identity/1.0.0b4 Python/3.7.9 (Windows-10-10.0.19041-SP0)
      x-ms-return-client-request-id:
      - 'true'
    method: DELETE
    uri: https://sanitized.int.communication.azure.net/identities/sanitized?api-version=2021-03-07
  response:
    body:
      string: ''
    headers:
      api-supported-versions:
      - 2020-07-20-preview2, 2021-03-07
      date:
      - Wed, 24 Feb 2021 09:43:54 GMT
      ms-cv:
      - QQ31R7DR5kyl65MBWeldkw.0
      request-context:
      - appId=
      strict-transport-security:
      - max-age=2592000
      x-processing-time:
      - 15800ms
    status:
      code: 204
      message: No Content
- request:
    body: null
    headers:
      Accept:
      - application/json
      Accept-Encoding:
      - gzip, deflate
      Connection:
      - keep-alive
      Content-Length:
      - '0'
      Date:
      - Wed, 24 Feb 2021 09:43:57 GMT
      User-Agent:
      - azsdk-python-communication-identity/1.0.0b4 Python/3.7.9 (Windows-10-10.0.19041-SP0)
      x-ms-return-client-request-id:
      - 'true'
    method: DELETE
    uri: https://sanitized.int.communication.azure.net/identities/sanitized?api-version=2021-03-07
  response:
    body:
      string: ''
    headers:
      api-supported-versions:
      - 2020-07-20-preview2, 2021-03-07
      date:
      - Wed, 24 Feb 2021 09:44:11 GMT
      ms-cv:
      - pimdFBKY902ypjluLmw0BA.0
      request-context:
      - appId=
      strict-transport-security:
      - max-age=2592000
      x-processing-time:
      - 15985ms
    status:
      code: 204
      message: No Content
- request:
    body: null
    headers:
      Accept:
      - application/json
      Accept-Encoding:
      - gzip, deflate
      Connection:
      - keep-alive
      Content-Length:
      - '0'
      User-Agent:
      - azsdk-python-communication-chat/1.0.0b4 Python/3.7.9 (Windows-10-10.0.19041-SP0)
    method: DELETE
    uri: https://sanitized.int.communication.azure.net/chat/threads/sanitized?api-version=2021-01-27-preview4
  response:
    body:
      string: ''
    headers:
      api-supported-versions:
      - 2020-09-21-preview2, 2020-11-01-preview3, 2021-01-27-preview4
      date:
      - Wed, 24 Feb 2021 09:44:11 GMT
      ms-cv:
      - qgwf3Bqg9k+qsoH8AS2Zvw.0
      strict-transport-security:
      - max-age=2592000
      x-processing-time:
      - 349ms
    status:
      code: 204
      message: No Content
version: 1
