interactions:
- request:
    body: '{}'
    headers:
      Accept:
      - application/json
      Accept-Encoding:
      - gzip, deflate
      Connection:
      - keep-alive
      Content-Length:
      - '2'
      Content-Type:
      - application/json
      Date:
      - Mon, 01 Mar 2021 23:11:17 GMT
      User-Agent:
      - azsdk-python-communication-identity/1.0.0b4 Python/3.7.9 (Windows-10-10.0.19041-SP0)
      x-ms-return-client-request-id:
      - 'true'
    method: POST
    uri: https://sanitized.int.communication.azure.net/identities?api-version=2021-03-07
  response:
    body: '{"identity": {"id": "8:acs:46849534-eb08-4ab7-bde7-c36928cd1547_00000008-8ff1-0eab-b0b7-3a3a0d00fd2c"}}'
    headers:
      api-supported-versions:
      - 2020-07-20-preview2, 2021-03-07
      content-type:
      - application/json; charset=utf-8
      date:
      - Mon, 01 Mar 2021 23:11:18 GMT
      ms-cv:
      - o1Q2S+OZaUWwVrObri2lbQ.0
      request-context:
      - appId=
      strict-transport-security:
      - max-age=2592000
      transfer-encoding:
      - chunked
      x-processing-time:
      - 12ms
    status:
      code: 201
      message: Created
- request:
    body: '{"scopes": ["chat"]}'
    headers:
      Accept:
      - application/json
      Accept-Encoding:
      - gzip, deflate
      Connection:
      - keep-alive
      Content-Length:
      - '20'
      Content-Type:
      - application/json
      Date:
      - Mon, 01 Mar 2021 23:11:18 GMT
      User-Agent:
      - azsdk-python-communication-identity/1.0.0b4 Python/3.7.9 (Windows-10-10.0.19041-SP0)
      x-ms-return-client-request-id:
      - 'true'
    method: POST
    uri: https://sanitized.int.communication.azure.net/identities/sanitized/:issueAccessToken?api-version=2021-03-07
  response:
    body: '{"token": "sanitized", "expiresOn": "2021-03-02T23:11:17.344548+00:00"}'
    headers:
      api-supported-versions:
      - 2020-07-20-preview2, 2021-03-07
      content-type:
      - application/json; charset=utf-8
      date:
      - Mon, 01 Mar 2021 23:11:18 GMT
      ms-cv:
      - 9RQB/Fte0UOjmyNDyi8r4w.0
      request-context:
      - appId=
      strict-transport-security:
      - max-age=2592000
      transfer-encoding:
      - chunked
      x-processing-time:
      - 96ms
    status:
      code: 200
      message: OK
- request:
    body: '{"topic": "test topic", "participants": "sanitized"}'
    headers:
      Accept:
      - application/json
      Accept-Encoding:
      - gzip, deflate
      Connection:
      - keep-alive
      Content-Length:
      - '258'
      Content-Type:
      - application/json
      User-Agent:
      - azsdk-python-communication-chat/1.0.0b4 Python/3.7.9 (Windows-10-10.0.19041-SP0)
      repeatability-Request-Id:
      - 6a1eae11-2bd1-46b9-ad31-4422fcbd69a7
    method: POST
    uri: https://sanitized.int.communication.azure.net/chat/threads?api-version=2021-01-27-preview4
  response:
    body: '{"chatThread": {"id": "19:gOes8DCyipHncgQGhWh4pTzjs4dn1NslXhbSeFjZPEQ1@thread.v2",
      "topic": "test topic", "createdOn": "2021-03-01T23:11:18Z", "createdByCommunicationIdentifier":
      {"rawId": "8:acs:46849534-eb08-4ab7-bde7-c36928cd1547_00000008-8ff1-0eab-b0b7-3a3a0d00fd2c",
      "communicationUser": {"id": "8:acs:46849534-eb08-4ab7-bde7-c36928cd1547_00000008-8ff1-0eab-b0b7-3a3a0d00fd2c"}}}}'
    headers:
      api-supported-versions:
      - 2020-09-21-preview2, 2020-11-01-preview3, 2021-01-27-preview4, 2021-03-01-preview5
      content-type:
      - application/json; charset=utf-8
      date:
      - Mon, 01 Mar 2021 23:11:19 GMT
      ms-cv:
      - tJ6u6UlFrEiDWyEaiGfi5g.0
      strict-transport-security:
      - max-age=2592000
      transfer-encoding:
      - chunked
      x-processing-time:
      - 821ms
    status:
      code: 201
      message: Created
- request:
    body: null
    headers:
      Accept:
      - application/json
      Accept-Encoding:
      - gzip, deflate
      Connection:
      - keep-alive
      Content-Length:
      - '0'
      Date:
      - Mon, 01 Mar 2021 23:11:19 GMT
      User-Agent:
      - azsdk-python-communication-identity/1.0.0b4 Python/3.7.9 (Windows-10-10.0.19041-SP0)
      x-ms-return-client-request-id:
      - 'true'
    method: DELETE
    uri: https://sanitized.int.communication.azure.net/identities/sanitized?api-version=2021-03-07
  response:
    body:
      string: ''
    headers:
      api-supported-versions:
      - 2020-07-20-preview2, 2021-03-07
      date:
      - Mon, 01 Mar 2021 23:11:35 GMT
      ms-cv:
      - LPSpK61oGEOdTG/7cce39w.0
      request-context:
      - appId=
      strict-transport-security:
      - max-age=2592000
      x-processing-time:
      - 16690ms
    status:
      code: 204
      message: No Content
- request:
    body: null
    headers:
      Accept:
      - application/json
      Accept-Encoding:
      - gzip, deflate
      Connection:
      - keep-alive
      Content-Length:
      - '0'
      User-Agent:
      - azsdk-python-communication-chat/1.0.0b4 Python/3.7.9 (Windows-10-10.0.19041-SP0)
    method: DELETE
    uri: https://sanitized.int.communication.azure.net/chat/threads/sanitized?api-version=2021-01-27-preview4
  response:
    body:
      string: ''
    headers:
      api-supported-versions:
      - 2020-09-21-preview2, 2020-11-01-preview3, 2021-01-27-preview4, 2021-03-01-preview5
      date:
      - Mon, 01 Mar 2021 23:11:35 GMT
      ms-cv:
      - bEvdrAQxO0+Waa8482A+og.0
      strict-transport-security:
      - max-age=2592000
      x-processing-time:
      - 290ms
    status:
      code: 204
      message: No Content
version: 1
