interactions:
- request:
    body: '{}'
    headers:
      Accept:
      - application/json
      Accept-Encoding:
      - gzip, deflate
      Connection:
      - keep-alive
      Content-Length:
      - '2'
      Content-Type:
      - application/json
      Date:
      - Wed, 24 Feb 2021 09:42:59 GMT
      User-Agent:
      - azsdk-python-communication-identity/1.0.0b4 Python/3.7.9 (Windows-10-10.0.19041-SP0)
      x-ms-return-client-request-id:
      - 'true'
    method: POST
    uri: https://sanitized.int.communication.azure.net/identities?api-version=2021-03-07
  response:
    body: '{"identity": {"id": "8:acs:46849534-eb08-4ab7-bde7-c36928cd1547_00000008-734d-32e1-1655-373a0d0070ec"}}'
    headers:
      api-supported-versions:
      - 2020-07-20-preview2, 2021-03-07
      content-type:
      - application/json; charset=utf-8
      date:
      - Wed, 24 Feb 2021 09:42:57 GMT
      ms-cv:
      - TUXkmpR0t0aNRwTkHvAggg.0
      request-context:
      - appId=
      strict-transport-security:
      - max-age=2592000
      transfer-encoding:
      - chunked
      x-processing-time:
      - 14ms
    status:
      code: 201
      message: Created
- request:
    body: '{"scopes": ["chat"]}'
    headers:
      Accept:
      - application/json
      Accept-Encoding:
      - gzip, deflate
      Connection:
      - keep-alive
      Content-Length:
      - '20'
      Content-Type:
      - application/json
      Date:
      - Wed, 24 Feb 2021 09:42:59 GMT
      User-Agent:
      - azsdk-python-communication-identity/1.0.0b4 Python/3.7.9 (Windows-10-10.0.19041-SP0)
      x-ms-return-client-request-id:
      - 'true'
    method: POST
    uri: https://sanitized.int.communication.azure.net/identities/sanitized/:issueAccessToken?api-version=2021-03-07
  response:
    body: '{"token": "sanitized", "expiresOn": "2021-02-25T09:42:56.6433991+00:00"}'
    headers:
      api-supported-versions:
      - 2020-07-20-preview2, 2021-03-07
      content-type:
      - application/json; charset=utf-8
      date:
      - Wed, 24 Feb 2021 09:42:57 GMT
      ms-cv:
      - 2Gt7GK1t5UOZSbvDX55CUA.0
      request-context:
      - appId=
      strict-transport-security:
      - max-age=2592000
      transfer-encoding:
      - chunked
      x-processing-time:
      - 93ms
    status:
      code: 200
      message: OK
- request:
    body: '{}'
    headers:
      Accept:
      - application/json
      Accept-Encoding:
      - gzip, deflate
      Connection:
      - keep-alive
      Content-Length:
      - '2'
      Content-Type:
      - application/json
      Date:
      - Wed, 24 Feb 2021 09:43:00 GMT
      User-Agent:
      - azsdk-python-communication-identity/1.0.0b4 Python/3.7.9 (Windows-10-10.0.19041-SP0)
      x-ms-return-client-request-id:
      - 'true'
    method: POST
    uri: https://sanitized.int.communication.azure.net/identities?api-version=2021-03-07
  response:
    body: '{"identity": {"id": "8:acs:46849534-eb08-4ab7-bde7-c36928cd1547_00000008-734d-33a6-1655-373a0d0070ed"}}'
    headers:
      api-supported-versions:
      - 2020-07-20-preview2, 2021-03-07
      content-type:
      - application/json; charset=utf-8
      date:
      - Wed, 24 Feb 2021 09:42:57 GMT
      ms-cv:
      - c3yJMa77K0KzZ8o9HwLe4Q.0
      request-context:
      - appId=
      strict-transport-security:
      - max-age=2592000
      transfer-encoding:
      - chunked
      x-processing-time:
      - 14ms
    status:
      code: 201
      message: Created
- request:
    body: '{"scopes": ["chat"]}'
    headers:
      Accept:
      - application/json
      Accept-Encoding:
      - gzip, deflate
      Connection:
      - keep-alive
      Content-Length:
      - '20'
      Content-Type:
      - application/json
      Date:
      - Wed, 24 Feb 2021 09:43:00 GMT
      User-Agent:
      - azsdk-python-communication-identity/1.0.0b4 Python/3.7.9 (Windows-10-10.0.19041-SP0)
      x-ms-return-client-request-id:
      - 'true'
    method: POST
    uri: https://sanitized.int.communication.azure.net/identities/sanitized/:issueAccessToken?api-version=2021-03-07
  response:
    body: '{"token": "sanitized", "expiresOn": "2021-02-25T09:42:56.8445691+00:00"}'
    headers:
      api-supported-versions:
      - 2020-07-20-preview2, 2021-03-07
      content-type:
      - application/json; charset=utf-8
      date:
      - Wed, 24 Feb 2021 09:42:57 GMT
      ms-cv:
      - yi7qZJ3hmU+ajHgCUUhJwg.0
      request-context:
      - appId=
      strict-transport-security:
      - max-age=2592000
      transfer-encoding:
      - chunked
      x-processing-time:
      - 91ms
    status:
      code: 200
      message: OK
- request:
    body: '{"topic": "test topic", "participants": "sanitized"}'
    headers:
      Accept:
      - application/json
      Accept-Encoding:
      - gzip, deflate
      Connection:
      - keep-alive
      Content-Length:
      - '258'
      Content-Type:
      - application/json
      User-Agent:
      - azsdk-python-communication-chat/1.0.0b4 Python/3.7.9 (Windows-10-10.0.19041-SP0)
      repeatability-Request-Id:
      - a4778af3-9cd1-4449-87f7-692c6ba174c6
    method: POST
    uri: https://sanitized.int.communication.azure.net/chat/threads?api-version=2021-01-27-preview4
  response:
    body: '{"chatThread": {"id": "19:qCBKex-mF9Zsw4J6qLD6SJEXfkFKLNel3E_VrzcOPxg1@thread.v2",
      "topic": "test topic", "createdOn": "2021-02-24T09:42:58Z", "createdByCommunicationIdentifier":
      {"rawId": "8:acs:46849534-eb08-4ab7-bde7-c36928cd1547_00000008-734d-32e1-1655-373a0d0070ec",
      "communicationUser": {"id": "8:acs:46849534-eb08-4ab7-bde7-c36928cd1547_00000008-734d-32e1-1655-373a0d0070ec"}}}}'
    headers:
      api-supported-versions:
      - 2020-09-21-preview2, 2020-11-01-preview3, 2021-01-27-preview4
      content-type:
      - application/json; charset=utf-8
      date:
      - Wed, 24 Feb 2021 09:42:58 GMT
      ms-cv:
      - FWYRDQMEUESH5z2j8V035Q.0
      strict-transport-security:
      - max-age=2592000
      transfer-encoding:
      - chunked
      x-processing-time:
      - 839ms
    status:
      code: 201
      message: Created
- request:
    body: '{"participants": "sanitized"}'
    headers:
      Accept:
      - application/json
      Accept-Encoding:
      - gzip, deflate
      Connection:
      - keep-alive
      Content-Length:
      - '235'
      Content-Type:
      - application/json
      User-Agent:
      - azsdk-python-communication-chat/1.0.0b4 Python/3.7.9 (Windows-10-10.0.19041-SP0)
    method: POST
    uri: https://sanitized.int.communication.azure.net/chat/threads/sanitized/participants/:add?api-version=2021-01-27-preview4
  response:
    body: '{}'
    headers:
      api-supported-versions:
      - 2020-11-01-preview3, 2021-01-27-preview4
      content-type:
      - application/json; charset=utf-8
      date:
      - Wed, 24 Feb 2021 09:42:58 GMT
      ms-cv:
      - N++1QPPVDUqDNfDc3G+bjg.0
      strict-transport-security:
      - max-age=2592000
      transfer-encoding:
      - chunked
      x-processing-time:
      - 454ms
    status:
      code: 201
      message: Created
- request:
    body: null
    headers:
      Accept:
      - application/json
      Accept-Encoding:
      - gzip, deflate
      Connection:
      - keep-alive
      User-Agent:
      - azsdk-python-communication-chat/1.0.0b4 Python/3.7.9 (Windows-10-10.0.19041-SP0)
    method: GET
    uri: https://sanitized.int.communication.azure.net/chat/threads/sanitized/participants?maxPageSize=1&skip=1&api-version=2021-01-27-preview4
  response:
    body: '{"value": "sanitized"}'
    headers:
      api-supported-versions:
      - 2020-11-01-preview3, 2021-01-27-preview4
      content-type:
      - application/json; charset=utf-8
      date:
      - Wed, 24 Feb 2021 09:42:59 GMT
      ms-cv:
      - XHmchry+NEOa5O8Pwa2DGA.0
      strict-transport-security:
      - max-age=2592000
      transfer-encoding:
      - chunked
      x-processing-time:
      - 266ms
    status:
      code: 200
      message: OK
- request:
    body: null
    headers:
      Accept:
      - application/json
      Accept-Encoding:
      - gzip, deflate
      Connection:
      - keep-alive
      Content-Length:
      - '0'
      Date:
      - Wed, 24 Feb 2021 09:43:02 GMT
      User-Agent:
      - azsdk-python-communication-identity/1.0.0b4 Python/3.7.9 (Windows-10-10.0.19041-SP0)
      x-ms-return-client-request-id:
      - 'true'
    method: DELETE
    uri: https://sanitized.int.communication.azure.net/identities/sanitized?api-version=2021-03-07
  response:
    body:
      string: ''
    headers:
      api-supported-versions:
      - 2020-07-20-preview2, 2021-03-07
      date:
      - Wed, 24 Feb 2021 09:43:16 GMT
      ms-cv:
      - M2Po/WxX60qLbtQ/zUTSrg.0
      request-context:
      - appId=
      strict-transport-security:
      - max-age=2592000
      x-processing-time:
      - 16479ms
    status:
      code: 204
      message: No Content
- request:
    body: null
    headers:
      Accept:
      - application/json
      Accept-Encoding:
      - gzip, deflate
      Connection:
      - keep-alive
      Content-Length:
      - '0'
      Date:
      - Wed, 24 Feb 2021 09:43:18 GMT
      User-Agent:
      - azsdk-python-communication-identity/1.0.0b4 Python/3.7.9 (Windows-10-10.0.19041-SP0)
      x-ms-return-client-request-id:
      - 'true'
    method: DELETE
    uri: https://sanitized.int.communication.azure.net/identities/sanitized?api-version=2021-03-07
  response:
    body:
      string: ''
    headers:
      api-supported-versions:
      - 2020-07-20-preview2, 2021-03-07
      date:
      - Wed, 24 Feb 2021 09:43:31 GMT
      ms-cv:
      - OJGlKr/q9kmPVkJ+UVeJxw.0
      request-context:
      - appId=
      strict-transport-security:
      - max-age=2592000
      x-processing-time:
      - 15843ms
    status:
      code: 204
      message: No Content
- request:
    body: null
    headers:
      Accept:
      - application/json
      Accept-Encoding:
      - gzip, deflate
      Connection:
      - keep-alive
      Content-Length:
      - '0'
      User-Agent:
      - azsdk-python-communication-chat/1.0.0b4 Python/3.7.9 (Windows-10-10.0.19041-SP0)
    method: DELETE
    uri: https://sanitized.int.communication.azure.net/chat/threads/sanitized?api-version=2021-01-27-preview4
  response:
    body:
      string: ''
    headers:
      api-supported-versions:
      - 2020-09-21-preview2, 2020-11-01-preview3, 2021-01-27-preview4
      date:
      - Wed, 24 Feb 2021 09:43:32 GMT
      ms-cv:
      - Yag2yTPrJUeYO8GV2UrlgA.0
      strict-transport-security:
      - max-age=2592000
      x-processing-time:
      - 335ms
    status:
      code: 204
      message: No Content
version: 1
