interactions:
- request:
    body: null
    headers:
      Accept:
      - application/json
      Accept-Encoding:
      - gzip, deflate
      Connection:
      - keep-alive
      Content-Length:
      - '0'
      Date:
      - Tue, 01 Dec 2020 17:51:22 GMT
      User-Agent:
      - azsdk-python-communication-administration/1.0.0b1 Python/3.8.5 (Windows-10-10.0.19041-SP0)
      x-ms-return-client-request-id:
      - 'true'
    method: POST
    uri: https://sanitized.communication.azure.com/identities?api-version=2020-07-20-preview2
  response:
    body: '{"id": "sanitized"}'
    headers:
      api-supported-versions:
      - 2020-01-15-preview3, 2020-07-20-preview1, 2020-07-20-preview2
      content-type:
      - application/json; charset=utf-8
      date:
      - Tue, 01 Dec 2020 17:51:18 GMT
      ms-cv:
      - bH+tqGU/LkyYFRHewXGnhw.0
      strict-transport-security:
      - max-age=2592000
      transfer-encoding:
      - chunked
      x-processing-time:
      - 20ms
    status:
      code: 200
      message: OK
- request:
    body: '{"scopes": ["chat"]}'
    headers:
      Accept:
      - application/json
      Accept-Encoding:
      - gzip, deflate
      Connection:
      - keep-alive
      Content-Length:
      - '20'
      Content-Type:
      - application/json
      Date:
      - Tue, 01 Dec 2020 17:51:22 GMT
      User-Agent:
      - azsdk-python-communication-administration/1.0.0b1 Python/3.8.5 (Windows-10-10.0.19041-SP0)
      x-ms-return-client-request-id:
      - 'true'
    method: POST
    uri: https://sanitized.communication.azure.com/identities/sanitized/token?api-version=2020-07-20-preview2
  response:
    body: '{"id": "sanitized", "token": "sanitized", "expiresOn": "2020-12-02T17:51:17.7573569+00:00"}'
    headers:
      api-supported-versions:
      - 2020-01-15-preview3, 2020-07-20-preview1, 2020-07-20-preview2
      content-type:
      - application/json; charset=utf-8
      date:
      - Tue, 01 Dec 2020 17:51:18 GMT
      ms-cv:
      - 1P5rgQ4eKEiptZvdbAhYCQ.0
      strict-transport-security:
      - max-age=2592000
      transfer-encoding:
      - chunked
      x-processing-time:
      - 27ms
    status:
      code: 200
      message: OK
- request:
    body: null
    headers:
      Accept:
      - application/json
      Accept-Encoding:
      - gzip, deflate
      Connection:
      - keep-alive
      Content-Length:
      - '0'
      Date:
      - Tue, 01 Dec 2020 17:51:22 GMT
      User-Agent:
      - azsdk-python-communication-administration/1.0.0b1 Python/3.8.5 (Windows-10-10.0.19041-SP0)
      x-ms-return-client-request-id:
      - 'true'
    method: POST
    uri: https://sanitized.communication.azure.com/identities?api-version=2020-07-20-preview2
  response:
    body: '{"id": "sanitized"}'
    headers:
      api-supported-versions:
      - 2020-01-15-preview3, 2020-07-20-preview1, 2020-07-20-preview2
      content-type:
      - application/json; charset=utf-8
      date:
      - Tue, 01 Dec 2020 17:51:18 GMT
      ms-cv:
      - XHFbfa30A0eScppj7bOeyQ.0
      strict-transport-security:
      - max-age=2592000
      transfer-encoding:
      - chunked
      x-processing-time:
      - 21ms
    status:
      code: 200
      message: OK
- request:
    body: '{"topic": "test topic", "members": "sanitized"}'
    headers:
      Accept:
      - application/json
      Content-Length:
      - '201'
      Content-Type:
      - application/json
      User-Agent:
      - azsdk-python-communication-chat/1.0.0b2 Python/3.8.5 (Windows-10-10.0.19041-SP0)
    method: POST
    uri: https://sanitized.communication.azure.com/chat/threads?api-version=2020-09-21-preview2
  response:
    body: '{"multipleStatus": "sanitized"}'
    headers:
      api-supported-versions: 2020-09-21-preview2, 2020-11-01-preview3
      content-type: application/json; charset=utf-8
      date: Tue, 01 Dec 2020 17:51:18 GMT
      ms-cv: pegAX2+CcE6zyPckPAj/KA.0
      strict-transport-security: max-age=2592000
      transfer-encoding: chunked
      x-processing-time: 350ms
    status:
      code: 207
      message: Multi-Status
    url: https://sanitized.communication.azure.com/chat/threads?api-version=2020-09-21-preview2
- request:
    body: '{"priority": "Normal", "content": "hello world", "senderDisplayName": "sender
      name"}'
    headers:
      Accept:
      - application/json
      Content-Length:
      - '84'
      Content-Type:
      - application/json
      User-Agent:
      - azsdk-python-communication-chat/1.0.0b2 Python/3.8.5 (Windows-10-10.0.19041-SP0)
    method: POST
    uri: https://sanitized.communication.azure.com/chat/threads/sanitized/messages?api-version=2020-09-21-preview2
  response:
    body: '{"id": "sanitized"}'
    headers:
      api-supported-versions: 2020-09-21-preview2, 2020-11-01-preview3
      content-type: application/json; charset=utf-8
      date: Tue, 01 Dec 2020 17:51:19 GMT
      ms-cv: qa6ldTkehEOkQxM52gSO5g.0
      strict-transport-security: max-age=2592000
      transfer-encoding: chunked
      x-processing-time: 135ms
    status:
      code: 201
      message: Created
    url: https://sanitized.communication.azure.com/chat/threads/sanitized/messages?api-version=2020-09-21-preview2
- request:
    body: '{"content": "updated message content"}'
    headers:
      Accept:
      - application/json
      Content-Length:
      - '38'
      Content-Type:
      - application/json
      User-Agent:
      - azsdk-python-communication-chat/1.0.0b2 Python/3.8.5 (Windows-10-10.0.19041-SP0)
    method: PATCH
    uri: https://sanitized.communication.azure.com/chat/threads/sanitized/messages/sanitized?api-version=2020-09-21-preview2
  response:
    body:
      string: ''
    headers:
      api-supported-versions: 2020-09-21-preview2, 2020-11-01-preview3
      content-length: '0'
      date: Tue, 01 Dec 2020 17:51:19 GMT
      ms-cv: 7uR0OLBrPEKOcQabp3/UCQ.0
      strict-transport-security: max-age=2592000
      x-processing-time: 242ms
    status:
      code: 200
      message: OK
    url: https://sanitized.communication.azure.com/chat/threads/sanitized/messages/sanitized?api-version=2020-09-21-preview2
- request:
    body: null
    headers:
      Accept:
      - application/json
      User-Agent:
      - azsdk-python-communication-chat/1.0.0b2 Python/3.8.5 (Windows-10-10.0.19041-SP0)
    method: DELETE
    uri: https://sanitized.communication.azure.com/chat/threads/sanitized?api-version=2020-09-21-preview2
  response:
    body:
      string: ''
    headers:
      api-supported-versions: 2020-09-21-preview2, 2020-11-01-preview3
      date: Tue, 01 Dec 2020 17:51:19 GMT
      ms-cv: PJlhksLnIEewRzySrL0PUg.0
      strict-transport-security: max-age=2592000
      x-processing-time: 170ms
    status:
      code: 204
      message: No Content
    url: https://sanitized.communication.azure.com/chat/threads/sanitized?api-version=2020-09-21-preview2
- request:
    body: null
    headers:
      Accept:
      - '*/*'
      Accept-Encoding:
      - gzip, deflate
      Connection:
      - keep-alive
      Content-Length:
      - '0'
      Date:
      - Tue, 01 Dec 2020 17:51:24 GMT
      User-Agent:
      - azsdk-python-communication-administration/1.0.0b1 Python/3.8.5 (Windows-10-10.0.19041-SP0)
      x-ms-return-client-request-id:
      - 'true'
    method: DELETE
    uri: https://sanitized.communication.azure.com/identities/sanitized?api-version=2020-07-20-preview2
  response:
    body:
      string: ''
    headers:
      api-supported-versions:
      - 2020-01-15-preview3, 2020-07-20-preview1, 2020-07-20-preview2
      date:
      - Tue, 01 Dec 2020 17:51:21 GMT
      ms-cv:
      - d6uVikgtHk6qaSU2LcMGCA.0
      strict-transport-security:
      - max-age=2592000
      x-processing-time:
      - 608ms
    status:
      code: 204
      message: No Content
- request:
    body: null
    headers:
      Accept:
      - '*/*'
      Accept-Encoding:
      - gzip, deflate
      Connection:
      - keep-alive
      Content-Length:
      - '0'
      Date:
      - Tue, 01 Dec 2020 17:51:25 GMT
      User-Agent:
      - azsdk-python-communication-administration/1.0.0b1 Python/3.8.5 (Windows-10-10.0.19041-SP0)
      x-ms-return-client-request-id:
      - 'true'
    method: DELETE
    uri: https://sanitized.communication.azure.com/identities/sanitized?api-version=2020-07-20-preview2
  response:
    body:
      string: ''
    headers:
      api-supported-versions:
      - 2020-01-15-preview3, 2020-07-20-preview1, 2020-07-20-preview2
      date:
      - Tue, 01 Dec 2020 17:51:21 GMT
      ms-cv:
      - YOyS6FEcE0GKgZ7FYOmg/g.0
      strict-transport-security:
      - max-age=2592000
      x-processing-time:
      - 780ms
    status:
      code: 204
      message: No Content
version: 1
