interactions:
- request:
    body: null
    headers:
      Accept:
      - application/json
      Accept-Encoding:
      - gzip, deflate
      Connection:
      - keep-alive
      Content-Length:
      - '0'
      Content-Type:
      - application/json
      User-Agent:
      - azsdk-python-communication-identity/1.3.2 Python/3.10.2 (Windows-10-10.0.22621-SP0)
      x-ms-date:
      - Fri, 10 Mar 2023 00:44:47 GMT
      x-ms-return-client-request-id:
      - 'true'
    method: POST
    uri: https://sanitized.communication.azure.com/identities?api-version=2022-10-01
  response:
    body:
      string: '{"identity": {"id": "sanitized"}}'
    headers:
      api-supported-versions:
      - 2020-07-20-preview2, 2021-02-22-preview1, 2021-03-07, 2021-10-31-preview,
        2021-11-01, 2022-06-01, 2022-10-01, 2023-08-01
      content-length:
      - '101'
      content-type:
      - application/json; charset=utf-8
      date:
      - Fri, 10 Mar 2023 00:44:47 GMT
      ms-cv:
      - 3UT/Ki5td0GYmSlMf+F5cA.0
      request-context:
      - appId=
      strict-transport-security:
      - max-age=2592000
      x-cache:
      - CONFIG_NOCACHE
      x-processing-time:
      - 17ms
    status:
      code: 201
      message: Created
- request:
    body: '{"scopes": ["chat"], "expiresInMinutes": null}'
    headers:
      Accept:
      - application/json
      Accept-Encoding:
      - gzip, deflate
      Connection:
      - keep-alive
      Content-Length:
      - '46'
      Content-Type:
      - application/json
      User-Agent:
      - azsdk-python-communication-identity/1.3.2 Python/3.10.2 (Windows-10-10.0.22621-SP0)
      x-ms-date:
      - Fri, 10 Mar 2023 00:44:47 GMT
      x-ms-return-client-request-id:
      - 'true'
    method: POST
    uri: https://sanitized.communication.azure.com/identities/sanitized/:issueAccessToken?api-version=2022-10-01
  response:
    body:
      string: '{"token": "sanitized", "expiresOn": "2023-03-11T00:44:47.4642277+00:00"}'
    headers:
      api-supported-versions:
      - 2020-07-20-preview2, 2021-02-22-preview1, 2021-03-07, 2021-10-31-preview,
        2021-11-01, 2022-06-01, 2022-10-01, 2023-08-01
      content-length:
      - '867'
      content-type:
      - application/json; charset=utf-8
      date:
      - Fri, 10 Mar 2023 00:44:47 GMT
      ms-cv:
      - VckzyVrmR0mtvGsjSO4azA.0
      request-context:
      - appId=
      strict-transport-security:
      - max-age=2592000
      x-cache:
      - CONFIG_NOCACHE
      x-processing-time:
      - 27ms
    status:
      code: 200
      message: OK
- request:
    body: null
    headers:
      Accept:
      - application/json
      Accept-Encoding:
      - gzip, deflate
      Connection:
      - keep-alive
      Content-Length:
      - '0'
      Content-Type:
      - application/json
      User-Agent:
      - azsdk-python-communication-identity/1.3.2 Python/3.10.2 (Windows-10-10.0.22621-SP0)
      x-ms-date:
      - Fri, 10 Mar 2023 00:44:47 GMT
      x-ms-return-client-request-id:
      - 'true'
    method: POST
    uri: https://sanitized.communication.azure.com/identities?api-version=2022-10-01
  response:
    body:
      string: '{"identity": {"id": "sanitized"}}'
    headers:
      api-supported-versions:
      - 2020-07-20-preview2, 2021-02-22-preview1, 2021-03-07, 2021-10-31-preview,
        2021-11-01, 2022-06-01, 2022-10-01, 2023-08-01
      content-length:
      - '101'
      content-type:
      - application/json; charset=utf-8
      date:
      - Fri, 10 Mar 2023 00:44:47 GMT
      ms-cv:
      - IUmRVZjBgU6+u4uuLg6pEw.0
      request-context:
      - appId=
      strict-transport-security:
      - max-age=2592000
      x-cache:
      - CONFIG_NOCACHE
      x-processing-time:
      - 17ms
    status:
      code: 201
      message: Created
- request:
    body: '{"scopes": ["chat"], "expiresInMinutes": null}'
    headers:
      Accept:
      - application/json
      Accept-Encoding:
      - gzip, deflate
      Connection:
      - keep-alive
      Content-Length:
      - '46'
      Content-Type:
      - application/json
      User-Agent:
      - azsdk-python-communication-identity/1.3.2 Python/3.10.2 (Windows-10-10.0.22621-SP0)
      x-ms-date:
      - Fri, 10 Mar 2023 00:44:47 GMT
      x-ms-return-client-request-id:
      - 'true'
    method: POST
    uri: https://sanitized.communication.azure.com/identities/sanitized/:issueAccessToken?api-version=2022-10-01
  response:
    body:
      string: '{"token": "sanitized", "expiresOn": "2023-03-11T00:44:47.5917556+00:00"}'
    headers:
      api-supported-versions:
      - 2020-07-20-preview2, 2021-02-22-preview1, 2021-03-07, 2021-10-31-preview,
        2021-11-01, 2022-06-01, 2022-10-01, 2023-08-01
      content-length:
      - '867'
      content-type:
      - application/json; charset=utf-8
      date:
      - Fri, 10 Mar 2023 00:44:47 GMT
      ms-cv:
      - vQiQfgiz+UOhdyA0sbEf0g.0
      request-context:
      - appId=
      strict-transport-security:
      - max-age=2592000
      x-cache:
      - CONFIG_NOCACHE
      x-processing-time:
      - 26ms
    status:
      code: 200
      message: OK
- request:
    body: '{"topic": "test topic", "participants": "sanitized"}'
    headers:
      Accept:
      - application/json
      Content-Length:
      - '350'
      Content-Type:
      - application/json
      User-Agent:
      - azsdk-python-communication-chat/1.2.0 Python/3.10.2 (Windows-10-10.0.22621-SP0)
      repeatability-request-id:
      - ffcdd64e-c469-473a-8d30-72f264b52024
    method: POST
    uri: https://sanitized.communication.azure.com/chat/threads?api-version=2021-09-07
  response:
    body:
      string: '{"chatThread": {"id": "sanitized", "topic": "test topic", "createdOn":
        "2023-03-10T00:44:47Z", "createdByCommunicationIdentifier": {"rawId": "8:acs:357e39d2-a29a-4bf6-88cc-fda0afc2c0ed_00000017-68db-dd91-f6c7-593a0d007e33",
        "communicationUser": {"id": "sanitized"}}}}'
    headers:
      api-supported-versions: 2021-03-07, 2021-04-05-preview6, 2021-09-07, 2023-04-01-preview
      content-length: '373'
      content-type: application/json; charset=utf-8
      date: Fri, 10 Mar 2023 00:44:48 GMT
      ms-cv: 3LkCvnBy5E+9DPERWfx64g.0
      strict-transport-security: max-age=2592000
      x-cache: CONFIG_NOCACHE
      x-processing-time: 413ms
    status:
      code: 201
      message: Created
    url: https://sanitized.communication.azure.com/chat/threads?api-version=2021-09-07
- request:
    body: null
    headers:
      Accept:
      - application/json
      User-Agent:
      - azsdk-python-communication-chat/1.2.0 Python/3.10.2 (Windows-10-10.0.22621-SP0)
    method: GET
    uri: https://sanitized.communication.azure.com/chat/threads/sanitized?api-version=2021-09-07
  response:
    body:
      string: '{"id": "sanitized", "topic": "test topic", "createdOn": "2023-03-10T00:44:47Z",
        "createdByCommunicationIdentifier": {"rawId": "8:acs:357e39d2-a29a-4bf6-88cc-fda0afc2c0ed_00000017-68db-dd91-f6c7-593a0d007e33",
        "communicationUser": {"id": "sanitized"}}}'
    headers:
      api-supported-versions: 2021-03-07, 2021-04-05-preview6, 2021-09-07, 2023-04-01-preview
      content-length: '358'
      content-type: application/json; charset=utf-8
      date: Fri, 10 Mar 2023 00:44:47 GMT
      ms-cv: vZk9ikkbaUO4sqgM/Pxrkg.0
      strict-transport-security: max-age=2592000
      x-cache: CONFIG_NOCACHE
      x-processing-time: 81ms
    status:
      code: 200
      message: OK
    url: https://sanitized.communication.azure.com/chat/threads/sanitized?api-version=2021-09-07
- request:
    body: null
    headers:
      Accept:
      - application/json
      User-Agent:
      - azsdk-python-communication-chat/1.2.0 Python/3.10.2 (Windows-10-10.0.22621-SP0)
    method: DELETE
    uri: https://sanitized.communication.azure.com/chat/threads/sanitized?api-version=2021-09-07
  response:
    body:
      string: ''
    headers:
      api-supported-versions: 2021-03-07, 2021-04-05-preview6, 2021-09-07, 2023-04-01-preview
      date: Fri, 10 Mar 2023 00:44:48 GMT
      ms-cv: pAHYv1NKo0GZ+zbzQ4LohQ.0
      strict-transport-security: max-age=2592000
      x-cache: CONFIG_NOCACHE
      x-processing-time: 154ms
    status:
      code: 204
      message: No Content
    url: https://sanitized.communication.azure.com/chat/threads/sanitized?api-version=2021-09-07
- request:
    body: null
    headers:
      Accept:
      - application/json
      Accept-Encoding:
      - gzip, deflate
      Connection:
      - keep-alive
      Content-Length:
      - '0'
      User-Agent:
      - azsdk-python-communication-identity/1.3.2 Python/3.10.2 (Windows-10-10.0.22621-SP0)
      x-ms-date:
      - Fri, 10 Mar 2023 00:44:48 GMT
      x-ms-return-client-request-id:
      - 'true'
    method: DELETE
    uri: https://sanitized.communication.azure.com/identities/sanitized?api-version=2022-10-01
  response:
    body:
      string: ''
    headers:
      api-supported-versions:
      - 2020-07-20-preview2, 2021-02-22-preview1, 2021-03-07, 2021-10-31-preview,
        2021-11-01, 2022-06-01, 2022-10-01, 2023-08-01
      date:
      - Fri, 10 Mar 2023 00:44:48 GMT
      ms-cv:
      - vPV/AzbK+UyzzbMrdK0LNQ.0
      request-context:
      - appId=
      strict-transport-security:
      - max-age=2592000
      x-cache:
      - CONFIG_NOCACHE
      x-processing-time:
      - 222ms
    status:
      code: 204
      message: No Content
- request:
    body: null
    headers:
      Accept:
      - application/json
      Accept-Encoding:
      - gzip, deflate
      Connection:
      - keep-alive
      Content-Length:
      - '0'
      User-Agent:
      - azsdk-python-communication-identity/1.3.2 Python/3.10.2 (Windows-10-10.0.22621-SP0)
      x-ms-date:
      - Fri, 10 Mar 2023 00:44:48 GMT
      x-ms-return-client-request-id:
      - 'true'
    method: DELETE
    uri: https://sanitized.communication.azure.com/identities/sanitized?api-version=2022-10-01
  response:
    body:
      string: ''
    headers:
      api-supported-versions:
      - 2020-07-20-preview2, 2021-02-22-preview1, 2021-03-07, 2021-10-31-preview,
        2021-11-01, 2022-06-01, 2022-10-01, 2023-08-01
      date:
      - Fri, 10 Mar 2023 00:44:48 GMT
      ms-cv:
      - Hd9xnG9FBUqfqvngEiJE4w.0
      request-context:
      - appId=
      strict-transport-security:
      - max-age=2592000
      x-cache:
      - CONFIG_NOCACHE
      x-processing-time:
      - 217ms
    status:
      code: 204
      message: No Content
version: 1
