interactions:
- request:
    body: null
    headers:
      Accept:
      - application/json
      Accept-Encoding:
      - gzip, deflate
      Connection:
      - keep-alive
      Content-Length:
      - '0'
      Date:
      - Mon, 25 Jan 2021 17:50:14 GMT
      User-Agent:
      - azsdk-python-communication-administration/1.0.0b3 Python/3.7.9 (Windows-10-10.0.19041-SP0)
      x-ms-return-client-request-id:
      - 'true'
    method: POST
    uri: https://sanitized.int.communication.azure.net/identities?api-version=2020-07-20-preview2
  response:
    body: '{"id": "sanitized"}'
    headers:
      api-supported-versions:
      - 2020-07-20-preview2, 2021-03-07
      content-type:
      - application/json; charset=utf-8
      date:
      - Mon, 25 Jan 2021 17:50:00 GMT
      ms-cv:
      - Qk0HvRQqPk2J7r9gfDrPew.0
      strict-transport-security:
      - max-age=2592000
      transfer-encoding:
      - chunked
      x-processing-time:
      - 20ms
    status:
      code: 200
      message: OK
- request:
    body: '{"scopes": ["chat"]}'
    headers:
      Accept:
      - application/json
      Accept-Encoding:
      - gzip, deflate
      Connection:
      - keep-alive
      Content-Length:
      - '20'
      Content-Type:
      - application/json
      Date:
      - Mon, 25 Jan 2021 17:50:14 GMT
      User-Agent:
      - azsdk-python-communication-administration/1.0.0b3 Python/3.7.9 (Windows-10-10.0.19041-SP0)
      x-ms-return-client-request-id:
      - 'true'
    method: POST
    uri: https://sanitized.int.communication.azure.net/identities/sanitized/token?api-version=2020-07-20-preview2
  response:
    body: '{"id": "sanitized", "token": "sanitized", "expiresOn": "2021-01-26T17:50:00.6505801+00:00"}'
    headers:
      api-supported-versions:
      - 2020-07-20-preview2, 2021-03-07
      content-type:
      - application/json; charset=utf-8
      date:
      - Mon, 25 Jan 2021 17:50:00 GMT
      ms-cv:
      - BamiJIwrykybfvYuXJSZAA.0
      strict-transport-security:
      - max-age=2592000
      transfer-encoding:
      - chunked
      x-processing-time:
      - 92ms
    status:
      code: 200
      message: OK
- request:
    body: '{"topic": "test topic", "participants": "sanitized"}'
    headers:
      Accept:
      - application/json
      Content-Length:
      - '205'
      Content-Type:
      - application/json
      User-Agent:
      - azsdk-python-communication-chat/1.0.0b3 Python/3.7.9 (Windows-10-10.0.19041-SP0)
    method: POST
    uri: https://sanitized.int.communication.azure.net/chat/threads?api-version=2020-11-01-preview3
  response:
    body: '{"chatThread": {"id": "19:1991106ae2bc44599111db958a135016@thread.v2",
      "topic": "test topic", "createdOn": "2021-01-25T17:50:01Z", "createdBy": "8:acs:46849534-eb08-4ab7-bde7-c36928cd1547_00000007-da8c-5726-dbb7-3a3a0d002991"}}'
    headers:
      api-supported-versions: 2020-09-21-preview2, 2020-11-01-preview3
      content-type: application/json; charset=utf-8
      date: Mon, 25 Jan 2021 17:50:01 GMT
      ms-cv: ooc73IhRREWsypKw81pY9w.0
      strict-transport-security: max-age=2592000
      transfer-encoding: chunked
      x-processing-time: 845ms
    status:
      code: 201
      message: Created
    url: https://sanitized.int.communication.azure.net/chat/threads?api-version=2020-11-01-preview3
- request:
    body: null
    headers:
      Accept:
      - application/json
      User-Agent:
      - azsdk-python-communication-chat/1.0.0b3 Python/3.7.9 (Windows-10-10.0.19041-SP0)
    method: GET
    uri: https://sanitized.int.communication.azure.net/chat/threads?maxPageSize=1&api-version=2020-11-01-preview3
  response:
    body: '{"value": "sanitized"}'
    headers:
      api-supported-versions: 2020-09-21-preview2, 2020-11-01-preview3
      content-type: application/json; charset=utf-8
      date: Mon, 25 Jan 2021 17:50:04 GMT
      ms-cv: 0tjprqjYqE+UvBF57b60hw.0
      strict-transport-security: max-age=2592000
      transfer-encoding: chunked
      x-processing-time: 316ms
    status:
      code: 200
      message: OK
    url: https://sanitized.int.communication.azure.net/chat/threads?maxPageSize=1&api-version=2020-11-01-preview3
- request:
    body: null
    headers:
      Accept:
      - application/json
      User-Agent:
      - azsdk-python-communication-chat/1.0.0b3 Python/3.7.9 (Windows-10-10.0.19041-SP0)
    method: DELETE
    uri: https://sanitized.int.communication.azure.net/chat/threads/sanitized?api-version=2020-11-01-preview3
  response:
    body:
      string: ''
    headers:
      api-supported-versions: 2020-09-21-preview2, 2020-11-01-preview3
      date: Mon, 25 Jan 2021 17:50:04 GMT
      ms-cv: f7ZM9fdmk06yesQhq8V1lg.0
      strict-transport-security: max-age=2592000
      x-processing-time: 295ms
    status:
      code: 204
      message: No Content
    url: https://sanitized.int.communication.azure.net/chat/threads/sanitized?api-version=2020-11-01-preview3
- request:
    body: null
    headers:
      Accept:
      - '*/*'
      Accept-Encoding:
      - gzip, deflate
      Connection:
      - keep-alive
      Content-Length:
      - '0'
      Date:
      - Mon, 25 Jan 2021 17:50:18 GMT
      User-Agent:
      - azsdk-python-communication-administration/1.0.0b3 Python/3.7.9 (Windows-10-10.0.19041-SP0)
      x-ms-return-client-request-id:
      - 'true'
    method: DELETE
    uri: https://sanitized.int.communication.azure.net/identities/sanitized?api-version=2020-07-20-preview2
  response:
    body:
      string: ''
    headers:
      api-supported-versions:
      - 2020-07-20-preview2, 2021-03-07
      date:
      - Mon, 25 Jan 2021 17:50:21 GMT
      ms-cv:
      - 5I/T5tjsxU+S1gX75sAyJg.0
      strict-transport-security:
      - max-age=2592000
      x-processing-time:
      - 16136ms
    status:
      code: 204
      message: No Content
version: 1
