interactions:
- request:
    body: null
    headers:
      Accept:
      - application/json
      Accept-Encoding:
      - gzip, deflate
      Connection:
      - keep-alive
      Content-Length:
      - '0'
      Date:
      - Thu, 28 Jan 2021 02:50:16 GMT
      User-Agent:
      - azsdk-python-communication-administration/1.0.0b3 Python/3.7.9 (Windows-10-10.0.19041-SP0)
      x-ms-return-client-request-id:
      - 'true'
    method: POST
    uri: https://sanitized.int.communication.azure.net/identities?api-version=2020-07-20-preview2
  response:
    body: '{"id": "sanitized"}'
    headers:
      api-supported-versions:
      - 2020-07-20-preview2, 2021-03-07
      content-type:
      - application/json; charset=utf-8
      date:
      - Thu, 28 Jan 2021 02:50:09 GMT
      ms-cv:
      - KCsUg8EJV0us6s8KZZWmWw.0
      strict-transport-security:
      - max-age=2592000
      transfer-encoding:
      - chunked
      x-processing-time:
      - 29ms
    status:
      code: 200
      message: OK
- request:
    body: '{"scopes": ["chat"]}'
    headers:
      Accept:
      - application/json
      Accept-Encoding:
      - gzip, deflate
      Connection:
      - keep-alive
      Content-Length:
      - '20'
      Content-Type:
      - application/json
      Date:
      - Thu, 28 Jan 2021 02:50:17 GMT
      User-Agent:
      - azsdk-python-communication-administration/1.0.0b3 Python/3.7.9 (Windows-10-10.0.19041-SP0)
      x-ms-return-client-request-id:
      - 'true'
    method: POST
    uri: https://sanitized.int.communication.azure.net/identities/sanitized/token?api-version=2020-07-20-preview2
  response:
    body: '{"id": "sanitized", "token": "sanitized", "expiresOn": "2021-01-29T02:50:08.8686514+00:00"}'
    headers:
      api-supported-versions:
      - 2020-07-20-preview2, 2021-03-07
      content-type:
      - application/json; charset=utf-8
      date:
      - Thu, 28 Jan 2021 02:50:09 GMT
      ms-cv:
      - JlHKkjOyrEeM+Ko8SUu8oA.0
      strict-transport-security:
      - max-age=2592000
      transfer-encoding:
      - chunked
      x-processing-time:
      - 98ms
    status:
      code: 200
      message: OK
- request:
    body: '{"topic": "test topic", "participants": "sanitized"}'
    headers:
      Accept:
      - application/json
      Accept-Encoding:
      - gzip, deflate
      Connection:
      - keep-alive
      Content-Length:
      - '206'
      Content-Type:
      - application/json
      User-Agent:
      - azsdk-python-communication-chat/1.0.0b3 Python/3.7.9 (Windows-10-10.0.19041-SP0)
      repeatability-Request-ID:
      - 33856f9d-9d59-4355-93be-1d43338f5c66
    method: POST
    uri: https://sanitized.int.communication.azure.net/chat/threads?api-version=2020-11-01-preview3
  response:
    body: '{"chatThread": {"id": "19:ODogljVTL6NBq_7_XXKpSly9AbXKchOYn335LwLy_mQ1@thread.v2",
      "topic": "test topic", "createdOn": "2021-01-28T02:50:10Z", "createdBy": "8:acs:46849534-eb08-4ab7-bde7-c36928cd1547_00000007-e6c7-91b5-dbb7-3a3a0d000526"}}'
    headers:
      api-supported-versions:
      - 2020-09-21-preview2, 2020-11-01-preview3, 2021-01-27-preview4
      content-type:
      - application/json; charset=utf-8
      date:
      - Thu, 28 Jan 2021 02:50:10 GMT
      ms-cv:
      - ZuUMdoVjHEC16ePDRJU0QQ.0
      strict-transport-security:
      - max-age=2592000
      transfer-encoding:
      - chunked
      x-processing-time:
      - 892ms
    status:
      code: 201
      message: Created
- request:
    body: null
    headers:
      Accept:
      - application/json
      Accept-Encoding:
      - gzip, deflate
      Connection:
      - keep-alive
      Content-Length:
      - '0'
      User-Agent:
      - azsdk-python-communication-chat/1.0.0b3 Python/3.7.9 (Windows-10-10.0.19041-SP0)
    method: DELETE
    uri: https://sanitized.int.communication.azure.net/chat/threads/sanitized?api-version=2020-11-01-preview3
  response:
    body:
      string: ''
    headers:
      api-supported-versions:
      - 2020-09-21-preview2, 2020-11-01-preview3, 2021-01-27-preview4
      date:
      - Thu, 28 Jan 2021 02:50:11 GMT
      ms-cv:
      - oaWQpHK7q0OmL8SHVi2FRw.0
      strict-transport-security:
      - max-age=2592000
      x-processing-time:
      - 336ms
    status:
      code: 204
      message: No Content
- request:
    body: null
    headers:
      Accept:
      - '*/*'
      Accept-Encoding:
      - gzip, deflate
      Connection:
      - keep-alive
      Content-Length:
      - '0'
      Date:
      - Thu, 28 Jan 2021 02:50:18 GMT
      User-Agent:
      - azsdk-python-communication-administration/1.0.0b3 Python/3.7.9 (Windows-10-10.0.19041-SP0)
      x-ms-return-client-request-id:
      - 'true'
    method: DELETE
    uri: https://sanitized.int.communication.azure.net/identities/sanitized?api-version=2020-07-20-preview2
  response:
    body:
      string: ''
    headers:
      api-supported-versions:
      - 2020-07-20-preview2, 2021-03-07
      date:
      - Thu, 28 Jan 2021 02:50:26 GMT
      ms-cv:
      - 00Zq+VAZB0KRGOod9+gQrA.0
      strict-transport-security:
      - max-age=2592000
      x-processing-time:
      - 16144ms
    status:
      code: 204
      message: No Content
- request:
    body: null
    headers:
      Accept:
      - application/json
      Accept-Encoding:
      - gzip, deflate
      Connection:
      - keep-alive
      Content-Length:
      - '0'
      User-Agent:
      - azsdk-python-communication-chat/1.0.0b3 Python/3.7.9 (Windows-10-10.0.19041-SP0)
    method: DELETE
    uri: https://sanitized.int.communication.azure.net/chat/threads/sanitized?api-version=2020-11-01-preview3
  response:
    body:
      string: ''
    headers:
      api-supported-versions:
      - 2020-09-21-preview2, 2020-11-01-preview3, 2021-01-27-preview4
      date:
      - Thu, 28 Jan 2021 02:50:27 GMT
      ms-cv:
      - /oZeg1TTjEy4n9i4yWBrxQ.0
      strict-transport-security:
      - max-age=2592000
      x-processing-time:
      - 281ms
    status:
      code: 204
      message: No Content
version: 1
