interactions:
- request:
    body: '{}'
    headers:
      Accept:
      - application/json
      Accept-Encoding:
      - gzip, deflate
      Connection:
      - keep-alive
      Content-Length:
      - '2'
      Content-Type:
      - application/json
      Date:
      - Tue, 23 Mar 2021 02:00:27 GMT
      User-Agent:
      - azsdk-python-communication-identity/1.0.0b6 Python/3.7.9 (Windows-10-10.0.19041-SP0)
      x-ms-return-client-request-id:
      - 'true'
    method: POST
    uri: https://sanitized.communication.azure.com/identities?api-version=2021-03-07
  response:
    body: '{"identity": {"id": "8:acs:fac4607d-d2d0-40e5-84df-6f32ebd1251a_00000008-fcb1-7061-1000-343a0d000aec"}}'
    headers:
      api-supported-versions:
      - 2020-07-20-preview2, 2021-02-22-preview1, 2021-03-07
      content-type:
      - application/json; charset=utf-8
      date:
      - Tue, 23 Mar 2021 02:00:25 GMT
      ms-cv:
      - 20AsF8Po1Ui7DK/vgoKVTA.0
      request-context:
      - appId=
      strict-transport-security:
      - max-age=2592000
      transfer-encoding:
      - chunked
      x-processing-time:
      - 12ms
    status:
      code: 201
      message: Created
- request:
    body: '{"scopes": ["chat"]}'
    headers:
      Accept:
      - application/json
      Accept-Encoding:
      - gzip, deflate
      Connection:
      - keep-alive
      Content-Length:
      - '20'
      Content-Type:
      - application/json
      Date:
      - Tue, 23 Mar 2021 02:00:27 GMT
      User-Agent:
      - azsdk-python-communication-identity/1.0.0b6 Python/3.7.9 (Windows-10-10.0.19041-SP0)
      x-ms-return-client-request-id:
      - 'true'
    method: POST
    uri: https://sanitized.communication.azure.com/identities/sanitized/:issueAccessToken?api-version=2021-03-07
  response:
    body: '{"token": "sanitized", "expiresOn": "2021-03-24T02:00:24.5096169+00:00"}'
    headers:
      api-supported-versions:
      - 2020-07-20-preview2, 2021-02-22-preview1, 2021-03-07
      content-type:
      - application/json; charset=utf-8
      date:
      - Tue, 23 Mar 2021 02:00:25 GMT
      ms-cv:
      - robHajmGLE2DtRokN/3wpQ.0
      request-context:
      - appId=
      strict-transport-security:
      - max-age=2592000
      transfer-encoding:
      - chunked
      x-processing-time:
      - 24ms
    status:
      code: 200
      message: OK
- request:
    body: '{"topic": "test topic", "participants": "sanitized"}'
    headers:
      Accept:
      - application/json
      Content-Length:
      - '258'
      Content-Type:
      - application/json
      User-Agent:
      - azsdk-python-communication-chat/1.0.0b6 Python/3.7.9 (Windows-10-10.0.19041-SP0)
      repeatability-Request-Id:
      - c58e918d-8a6f-450a-8e33-e823da308c32
    method: POST
    uri: https://sanitized.communication.azure.com/chat/threads?api-version=2021-03-07
  response:
    body: '{"chatThread": {"id": "19:a7scq8j6cixJ4hNuVIYg_nwcUINk35nAVjmuunqfatg1@thread.v2",
      "topic": "test topic", "createdOn": "2021-03-23T02:00:25Z", "createdByCommunicationIdentifier":
      {"rawId": "8:acs:fac4607d-d2d0-40e5-84df-6f32ebd1251a_00000008-fcb1-7061-1000-343a0d000aec",
      "communicationUser": {"id": "8:acs:fac4607d-d2d0-40e5-84df-6f32ebd1251a_00000008-fcb1-7061-1000-343a0d000aec"}}}}'
    headers:
      api-supported-versions: 2020-09-21-preview2, 2020-11-01-preview3, 2021-01-27-preview4,
        2021-03-01-preview5, 2021-03-07
      content-type: application/json; charset=utf-8
      date: Tue, 23 Mar 2021 02:00:26 GMT
      ms-cv: Z5+5T7qhNEOMf7ntKWuI5w.0
      strict-transport-security: max-age=2592000
      transfer-encoding: chunked
      x-processing-time: 728ms
    status:
      code: 201
      message: Created
    url: https://sanitized.communication.azure.com/chat/threads?api-version=2021-03-07
- request:
    body: null
    headers:
      Accept:
      - application/json
      User-Agent:
      - azsdk-python-communication-chat/1.0.0b6 Python/3.7.9 (Windows-10-10.0.19041-SP0)
    method: DELETE
    uri: https://sanitized.communication.azure.com/chat/threads/sanitized?api-version=2021-03-07
  response:
    body:
      string: ''
    headers:
      api-supported-versions: 2020-09-21-preview2, 2020-11-01-preview3, 2021-01-27-preview4,
        2021-03-01-preview5, 2021-03-07
      date: Tue, 23 Mar 2021 02:00:26 GMT
      ms-cv: dBEoEGGH102GxGxr49MQtQ.0
      strict-transport-security: max-age=2592000
      x-processing-time: 250ms
    status:
      code: 204
      message: No Content
    url: https://sanitized.communication.azure.com/chat/threads/sanitized?api-version=2021-03-07
- request:
    body: null
    headers:
      Accept:
      - application/json
      Accept-Encoding:
      - gzip, deflate
      Connection:
      - keep-alive
      Content-Length:
      - '0'
      Date:
      - Tue, 23 Mar 2021 02:00:29 GMT
      User-Agent:
      - azsdk-python-communication-identity/1.0.0b6 Python/3.7.9 (Windows-10-10.0.19041-SP0)
      x-ms-return-client-request-id:
      - 'true'
    method: DELETE
    uri: https://sanitized.communication.azure.com/identities/sanitized?api-version=2021-03-07
  response:
    body:
      string: ''
    headers:
      api-supported-versions:
      - 2020-07-20-preview2, 2021-02-22-preview1, 2021-03-07
      date:
      - Tue, 23 Mar 2021 02:00:26 GMT
      ms-cv:
      - qhvKEctchEeBe5gaET8VPA.0
      request-context:
      - appId=
      strict-transport-security:
      - max-age=2592000
      x-processing-time:
      - 496ms
    status:
      code: 204
      message: No Content
version: 1
