interactions:
- request:
    body: '{}'
    headers:
      Accept:
      - application/json
      Accept-Encoding:
      - gzip, deflate
      Connection:
      - keep-alive
      Content-Length:
      - '2'
      Content-Type:
      - application/json
      Date:
      - Fri, 26 Feb 2021 11:16:19 GMT
      User-Agent:
      - azsdk-python-communication-identity/1.0.0b4 Python/3.7.9 (Windows-10-10.0.19041-SP0)
      x-ms-return-client-request-id:
      - 'true'
    method: POST
    uri: https://sanitized.int.communication.azure.net/identities?api-version=2021-03-07
  response:
    body: '{"identity": {"id": "8:acs:46849534-eb08-4ab7-bde7-c36928cd1547_00000008-7def-6151-b0b7-3a3a0d00a756"}}'
    headers:
      api-supported-versions:
      - 2020-07-20-preview2, 2021-03-07
      content-type:
      - application/json; charset=utf-8
      date:
      - Fri, 26 Feb 2021 11:16:17 GMT
      ms-cv:
      - oD1Sr0VWlEyZ8AUyLPXXZA.0
      request-context:
      - appId=
      strict-transport-security:
      - max-age=2592000
      transfer-encoding:
      - chunked
      x-processing-time:
      - 14ms
    status:
      code: 201
      message: Created
- request:
    body: '{"scopes": ["chat"]}'
    headers:
      Accept:
      - application/json
      Accept-Encoding:
      - gzip, deflate
      Connection:
      - keep-alive
      Content-Length:
      - '20'
      Content-Type:
      - application/json
      Date:
      - Fri, 26 Feb 2021 11:16:20 GMT
      User-Agent:
      - azsdk-python-communication-identity/1.0.0b4 Python/3.7.9 (Windows-10-10.0.19041-SP0)
      x-ms-return-client-request-id:
      - 'true'
    method: POST
    uri: https://sanitized.int.communication.azure.net/identities/sanitized/:issueAccessToken?api-version=2021-03-07
  response:
    body: '{"token": "sanitized", "expiresOn": "2021-02-27T11:16:17.5183007+00:00"}'
    headers:
      api-supported-versions:
      - 2020-07-20-preview2, 2021-03-07
      content-type:
      - application/json; charset=utf-8
      date:
      - Fri, 26 Feb 2021 11:16:17 GMT
      ms-cv:
      - DBqa/fevVE6Yd3vxcjg3Hw.0
      request-context:
      - appId=
      strict-transport-security:
      - max-age=2592000
      transfer-encoding:
      - chunked
      x-processing-time:
      - 91ms
    status:
      code: 200
      message: OK
- request:
    body: '{}'
    headers:
      Accept:
      - application/json
      Accept-Encoding:
      - gzip, deflate
      Connection:
      - keep-alive
      Content-Length:
      - '2'
      Content-Type:
      - application/json
      Date:
      - Fri, 26 Feb 2021 11:16:20 GMT
      User-Agent:
      - azsdk-python-communication-identity/1.0.0b4 Python/3.7.9 (Windows-10-10.0.19041-SP0)
      x-ms-return-client-request-id:
      - 'true'
    method: POST
    uri: https://sanitized.int.communication.azure.net/identities?api-version=2021-03-07
  response:
    body: '{"identity": {"id": "8:acs:46849534-eb08-4ab7-bde7-c36928cd1547_00000008-7def-621b-b0b7-3a3a0d00a757"}}'
    headers:
      api-supported-versions:
      - 2020-07-20-preview2, 2021-03-07
      content-type:
      - application/json; charset=utf-8
      date:
      - Fri, 26 Feb 2021 11:16:17 GMT
      ms-cv:
      - YCqXeRQS9USPkrj7rgvaQA.0
      request-context:
      - appId=
      strict-transport-security:
      - max-age=2592000
      transfer-encoding:
      - chunked
      x-processing-time:
      - 17ms
    status:
      code: 201
      message: Created
- request:
    body: '{"scopes": ["chat"]}'
    headers:
      Accept:
      - application/json
      Accept-Encoding:
      - gzip, deflate
      Connection:
      - keep-alive
      Content-Length:
      - '20'
      Content-Type:
      - application/json
      Date:
      - Fri, 26 Feb 2021 11:16:20 GMT
      User-Agent:
      - azsdk-python-communication-identity/1.0.0b4 Python/3.7.9 (Windows-10-10.0.19041-SP0)
      x-ms-return-client-request-id:
      - 'true'
    method: POST
    uri: https://sanitized.int.communication.azure.net/identities/sanitized/:issueAccessToken?api-version=2021-03-07
  response:
    body: '{"token": "sanitized", "expiresOn": "2021-02-27T11:16:17.731214+00:00"}'
    headers:
      api-supported-versions:
      - 2020-07-20-preview2, 2021-03-07
      content-type:
      - application/json; charset=utf-8
      date:
      - Fri, 26 Feb 2021 11:16:17 GMT
      ms-cv:
      - L9t7YONmPEeiv58bckDJ+A.0
      request-context:
      - appId=
      strict-transport-security:
      - max-age=2592000
      transfer-encoding:
      - chunked
      x-processing-time:
      - 101ms
    status:
      code: 200
      message: OK
- request:
    body: '{"topic": "test topic", "participants": "sanitized"}'
    headers:
      Accept:
      - application/json
      Content-Length:
      - '257'
      Content-Type:
      - application/json
      User-Agent:
      - azsdk-python-communication-chat/1.0.0b4 Python/3.7.9 (Windows-10-10.0.19041-SP0)
      repeatability-Request-Id:
      - e455b0a0-652d-4258-9acd-e59ae220d85a
    method: POST
    uri: https://sanitized.int.communication.azure.net/chat/threads?api-version=2021-01-27-preview4
  response:
    body: '{"chatThread": {"id": "19:-nvaAHM0xplEo7HdDLt_eTBC0UhGAN3k7ca36BP7OPg1@thread.v2",
      "topic": "test topic", "createdOn": "2021-02-26T11:16:19Z", "createdByCommunicationIdentifier":
      {"rawId": "8:acs:46849534-eb08-4ab7-bde7-c36928cd1547_00000008-7def-6151-b0b7-3a3a0d00a756",
      "communicationUser": {"id": "8:acs:46849534-eb08-4ab7-bde7-c36928cd1547_00000008-7def-6151-b0b7-3a3a0d00a756"}}}}'
    headers:
      api-supported-versions: 2020-09-21-preview2, 2020-11-01-preview3, 2021-01-27-preview4
      content-type: application/json; charset=utf-8
      date: Fri, 26 Feb 2021 11:16:19 GMT
      ms-cv: 6Bd0gu5askmwG6KU0Ln5SA.0
      strict-transport-security: max-age=2592000
      transfer-encoding: chunked
      x-processing-time: 963ms
    status:
      code: 201
      message: Created
    url: https://sanitized.int.communication.azure.net/chat/threads?api-version=2021-01-27-preview4
- request:
    body: '{"content": "hello world", "senderDisplayName": "sender name", "type":
      "text"}'
    headers:
      Accept:
      - application/json
      Content-Length:
      - '78'
      Content-Type:
      - application/json
      User-Agent:
      - azsdk-python-communication-chat/1.0.0b4 Python/3.7.9 (Windows-10-10.0.19041-SP0)
    method: POST
    uri: https://sanitized.int.communication.azure.net/chat/threads/sanitized/messages?api-version=2021-01-27-preview4
  response:
    body: '{"id": "sanitized"}'
    headers:
      api-supported-versions: 2020-09-21-preview2, 2020-11-01-preview3, 2021-01-27-preview4
      content-type: application/json; charset=utf-8
      date: Fri, 26 Feb 2021 11:16:19 GMT
      ms-cv: 5ZqYN170mE21TMLoExTQ1g.0
      strict-transport-security: max-age=2592000
      transfer-encoding: chunked
      x-processing-time: 383ms
    status:
      code: 201
      message: Created
    url: https://sanitized.int.communication.azure.net/chat/threads/sanitized/messages?api-version=2021-01-27-preview4
- request:
    body: null
    headers:
      Accept:
      - application/json
      User-Agent:
      - azsdk-python-communication-chat/1.0.0b4 Python/3.7.9 (Windows-10-10.0.19041-SP0)
    method: GET
    uri: https://sanitized.int.communication.azure.net/chat/threads/sanitized/messages/sanitized?api-version=2021-01-27-preview4
  response:
    body: '{"id": "sanitized", "type": "text", "sequenceId": "3", "version": "1614338180259",
      "content": {"message": "hello world"}, "senderDisplayName": "sender name", "createdOn":
      "2021-02-26T11:16:20Z", "senderCommunicationIdentifier": {"rawId": "8:acs:46849534-eb08-4ab7-bde7-c36928cd1547_00000008-7def-6151-b0b7-3a3a0d00a756",
      "communicationUser": {"id": "8:acs:46849534-eb08-4ab7-bde7-c36928cd1547_00000008-7def-6151-b0b7-3a3a0d00a756"}}}'
    headers:
      api-supported-versions: 2020-09-21-preview2, 2020-11-01-preview3, 2021-01-27-preview4
      content-type: application/json; charset=utf-8
      date: Fri, 26 Feb 2021 11:16:19 GMT
      ms-cv: a07sWHCON02XIrJskD83BQ.0
      strict-transport-security: max-age=2592000
      transfer-encoding: chunked
      x-processing-time: 260ms
    status:
      code: 200
      message: OK
    url: https://sanitized.int.communication.azure.net/chat/threads/sanitized/messages/sanitized?api-version=2021-01-27-preview4
- request:
    body: null
    headers:
      Accept:
      - application/json
      User-Agent:
      - azsdk-python-communication-chat/1.0.0b4 Python/3.7.9 (Windows-10-10.0.19041-SP0)
    method: DELETE
    uri: https://sanitized.int.communication.azure.net/chat/threads/sanitized?api-version=2021-01-27-preview4
  response:
    body:
      string: ''
    headers:
      api-supported-versions: 2020-09-21-preview2, 2020-11-01-preview3, 2021-01-27-preview4
      date: Fri, 26 Feb 2021 11:16:20 GMT
      ms-cv: NELgM87MVEKJCZ9Ryi9atg.0
      strict-transport-security: max-age=2592000
      x-processing-time: 290ms
    status:
      code: 204
      message: No Content
    url: https://sanitized.int.communication.azure.net/chat/threads/sanitized?api-version=2021-01-27-preview4
- request:
    body: null
    headers:
      Accept:
      - application/json
      Accept-Encoding:
      - gzip, deflate
      Connection:
      - keep-alive
      Content-Length:
      - '0'
      Date:
      - Fri, 26 Feb 2021 11:16:22 GMT
      User-Agent:
      - azsdk-python-communication-identity/1.0.0b4 Python/3.7.9 (Windows-10-10.0.19041-SP0)
      x-ms-return-client-request-id:
      - 'true'
    method: DELETE
    uri: https://sanitized.int.communication.azure.net/identities/sanitized?api-version=2021-03-07
  response:
    body:
      string: ''
    headers:
      api-supported-versions:
      - 2020-07-20-preview2, 2021-03-07
      date:
      - Fri, 26 Feb 2021 11:16:37 GMT
      ms-cv:
      - xxa7/9pOYkeuF1s3mhaelA.0
      request-context:
      - appId=
      strict-transport-security:
      - max-age=2592000
      x-processing-time:
      - 17061ms
    status:
      code: 204
      message: No Content
- request:
    body: null
    headers:
      Accept:
      - application/json
      Accept-Encoding:
      - gzip, deflate
      Connection:
      - keep-alive
      Content-Length:
      - '0'
      Date:
      - Fri, 26 Feb 2021 11:16:39 GMT
      User-Agent:
      - azsdk-python-communication-identity/1.0.0b4 Python/3.7.9 (Windows-10-10.0.19041-SP0)
      x-ms-return-client-request-id:
      - 'true'
    method: DELETE
    uri: https://sanitized.int.communication.azure.net/identities/sanitized?api-version=2021-03-07
  response:
    body:
      string: ''
    headers:
      api-supported-versions:
      - 2020-07-20-preview2, 2021-03-07
      date:
      - Fri, 26 Feb 2021 11:16:54 GMT
      ms-cv:
      - dz5hyEx6ZkaEMWksK21CBw.0
      request-context:
      - appId=
      strict-transport-security:
      - max-age=2592000
      x-processing-time:
      - 16715ms
    status:
      code: 204
      message: No Content
version: 1
