interactions:
- request:
    body: null
    headers:
      Accept:
      - application/json
      Accept-Encoding:
      - gzip, deflate
      Connection:
      - keep-alive
      Content-Length:
      - '0'
      Date:
      - Wed, 02 Dec 2020 23:47:43 GMT
      User-Agent:
      - azsdk-python-communication-administration/1.0.0b1 Python/3.8.5 (Windows-10-10.0.19041-SP0)
      x-ms-return-client-request-id:
      - 'true'
    method: POST
    uri: https://sanitized.communication.azure.com/identities?api-version=2020-07-20-preview2
  response:
    body: '{"id": "sanitized"}'
    headers:
      api-supported-versions:
      - 2020-01-15-preview3, 2020-07-20-preview1, 2020-07-20-preview2
      content-type:
      - application/json; charset=utf-8
      date:
      - Wed, 02 Dec 2020 23:47:41 GMT
      ms-cv:
      - /dSOvdLqhE2TBW1ZKAq33w.0
      strict-transport-security:
      - max-age=2592000
      transfer-encoding:
      - chunked
      x-processing-time:
      - 212ms
    status:
      code: 200
      message: OK
- request:
    body: '{"scopes": ["chat"]}'
    headers:
      Accept:
      - application/json
      Accept-Encoding:
      - gzip, deflate
      Connection:
      - keep-alive
      Content-Length:
      - '20'
      Content-Type:
      - application/json
      Date:
      - Wed, 02 Dec 2020 23:47:43 GMT
      User-Agent:
      - azsdk-python-communication-administration/1.0.0b1 Python/3.8.5 (Windows-10-10.0.19041-SP0)
      x-ms-return-client-request-id:
      - 'true'
    method: POST
    uri: https://sanitized.communication.azure.com/identities/sanitized/token?api-version=2020-07-20-preview2
  response:
    body: '{"id": "sanitized", "token": "sanitized", "expiresOn": "2020-12-03T23:47:41.8647504+00:00"}'
    headers:
      api-supported-versions:
      - 2020-01-15-preview3, 2020-07-20-preview1, 2020-07-20-preview2
      content-type:
      - application/json; charset=utf-8
      date:
      - Wed, 02 Dec 2020 23:47:41 GMT
      ms-cv:
      - 4uYP1s3lI0K8dJPtsPhiug.0
      strict-transport-security:
      - max-age=2592000
      transfer-encoding:
      - chunked
      x-processing-time:
      - 287ms
    status:
      code: 200
      message: OK
- request:
    body: null
    headers:
      Accept:
      - application/json
      Accept-Encoding:
      - gzip, deflate
      Connection:
      - keep-alive
      Content-Length:
      - '0'
      Date:
      - Wed, 02 Dec 2020 23:47:44 GMT
      User-Agent:
      - azsdk-python-communication-administration/1.0.0b1 Python/3.8.5 (Windows-10-10.0.19041-SP0)
      x-ms-return-client-request-id:
      - 'true'
    method: POST
    uri: https://sanitized.communication.azure.com/identities?api-version=2020-07-20-preview2
  response:
    body: '{"id": "sanitized"}'
    headers:
      api-supported-versions:
      - 2020-01-15-preview3, 2020-07-20-preview1, 2020-07-20-preview2
      content-type:
      - application/json; charset=utf-8
      date:
      - Wed, 02 Dec 2020 23:47:42 GMT
      ms-cv:
      - s+0FlY1sQUqbX/ZI4I/b0Q.0
      strict-transport-security:
      - max-age=2592000
      transfer-encoding:
      - chunked
      x-processing-time:
      - 225ms
    status:
      code: 200
      message: OK
- request:
    body: '{"topic": "test topic", "members": "sanitized"}'
    headers:
      Accept:
      - application/json
      Accept-Encoding:
      - gzip, deflate
      Connection:
      - keep-alive
      Content-Length:
      - '201'
      Content-Type:
      - application/json
      User-Agent:
      - azsdk-python-communication-chat/1.0.0b2 Python/3.8.5 (Windows-10-10.0.19041-SP0)
    method: POST
    uri: https://sanitized.communication.azure.com/chat/threads?api-version=2020-09-21-preview2
  response:
    body: '{"multipleStatus": "sanitized"}'
    headers:
      api-supported-versions:
      - 2020-09-21-preview2, 2020-11-01-preview3
      content-type:
      - application/json; charset=utf-8
      date:
      - Wed, 02 Dec 2020 23:47:44 GMT
      ms-cv:
      - QzWl8SqWDke9hsq60Kpl7Q.0
      strict-transport-security:
      - max-age=2592000
      transfer-encoding:
      - chunked
      x-processing-time:
      - 960ms
    status:
      code: 207
      message: Multi-Status
- request:
    body: '{"members": "sanitized"}'
    headers:
      Accept:
      - application/json
      Accept-Encoding:
      - gzip, deflate
      Connection:
      - keep-alive
      Content-Length:
      - '178'
      Content-Type:
      - application/json
      User-Agent:
      - azsdk-python-communication-chat/1.0.0b2 Python/3.8.5 (Windows-10-10.0.19041-SP0)
    method: POST
    uri: https://sanitized.communication.azure.com/chat/threads/sanitized/members?api-version=2020-09-21-preview2
  response:
    body: '{"multipleStatus": "sanitized"}'
    headers:
      api-supported-versions:
      - 2020-09-21-preview2
      content-type:
      - application/json; charset=utf-8
      date:
      - Wed, 02 Dec 2020 23:47:44 GMT
      ms-cv:
      - A9UGxzV5dkGm95G/RW+vsw.0
      strict-transport-security:
      - max-age=2592000
      transfer-encoding:
      - chunked
      x-processing-time:
      - 165ms
    status:
      code: 207
      message: Multi-Status
- request:
    body: null
    headers:
      Accept:
      - '*/*'
      Accept-Encoding:
      - gzip, deflate
      Connection:
      - keep-alive
      Content-Length:
      - '0'
      Date:
      - Wed, 02 Dec 2020 23:47:46 GMT
      User-Agent:
      - azsdk-python-communication-administration/1.0.0b1 Python/3.8.5 (Windows-10-10.0.19041-SP0)
      x-ms-return-client-request-id:
      - 'true'
    method: DELETE
    uri: https://sanitized.communication.azure.com/identities/sanitized?api-version=2020-07-20-preview2
  response:
    body:
      string: ''
    headers:
      api-supported-versions:
      - 2020-01-15-preview3, 2020-07-20-preview1, 2020-07-20-preview2
      date:
      - Wed, 02 Dec 2020 23:47:45 GMT
      ms-cv:
      - 2w5xfB1lsUGr+o4bpVEEiA.0
      strict-transport-security:
      - max-age=2592000
      x-processing-time:
      - 824ms
    status:
      code: 204
      message: No Content
- request:
    body: null
    headers:
      Accept:
      - '*/*'
      Accept-Encoding:
      - gzip, deflate
      Connection:
      - keep-alive
      Content-Length:
      - '0'
      Date:
      - Wed, 02 Dec 2020 23:47:47 GMT
      User-Agent:
      - azsdk-python-communication-administration/1.0.0b1 Python/3.8.5 (Windows-10-10.0.19041-SP0)
      x-ms-return-client-request-id:
      - 'true'
    method: DELETE
    uri: https://sanitized.communication.azure.com/identities/sanitized?api-version=2020-07-20-preview2
  response:
    body:
      string: ''
    headers:
      api-supported-versions:
      - 2020-01-15-preview3, 2020-07-20-preview1, 2020-07-20-preview2
      date:
      - Wed, 02 Dec 2020 23:47:46 GMT
      ms-cv:
      - Bt9bbhsJBkG+1tFAQrVCSg.0
      strict-transport-security:
      - max-age=2592000
      x-processing-time:
      - 876ms
    status:
      code: 204
      message: No Content
- request:
    body: null
    headers:
      Accept:
      - application/json
      Accept-Encoding:
      - gzip, deflate
      Connection:
      - keep-alive
      Content-Length:
      - '0'
      User-Agent:
      - azsdk-python-communication-chat/1.0.0b2 Python/3.8.5 (Windows-10-10.0.19041-SP0)
    method: DELETE
    uri: https://sanitized.communication.azure.com/chat/threads/sanitized?api-version=2020-09-21-preview2
  response:
    body:
      string: ''
    headers:
      api-supported-versions:
      - 2020-09-21-preview2, 2020-11-01-preview3
      date:
      - Wed, 02 Dec 2020 23:47:46 GMT
      ms-cv:
      - 68xdUPx1LkSn924UjfiPAQ.0
      strict-transport-security:
      - max-age=2592000
      x-processing-time:
      - 164ms
    status:
      code: 204
      message: No Content
version: 1
