interactions:
- request:
    body: null
    headers:
      Accept:
      - application/json
      Accept-Encoding:
      - gzip, deflate
      Connection:
      - keep-alive
      Content-Length:
      - '0'
      Date:
      - Wed, 02 Dec 2020 23:47:19 GMT
      User-Agent:
      - azsdk-python-communication-administration/1.0.0b1 Python/3.8.5 (Windows-10-10.0.19041-SP0)
      x-ms-return-client-request-id:
      - 'true'
    method: POST
    uri: https://sanitized.communication.azure.com/identities?api-version=2020-07-20-preview2
  response:
    body: '{"id": "sanitized"}'
    headers:
      api-supported-versions:
      - 2020-01-15-preview3, 2020-07-20-preview1, 2020-07-20-preview2
      content-type:
      - application/json; charset=utf-8
      date:
      - Wed, 02 Dec 2020 23:47:17 GMT
      ms-cv:
      - JYdK+w62Mky4+PnOgkIrYQ.0
      strict-transport-security:
      - max-age=2592000
      transfer-encoding:
      - chunked
      x-processing-time:
      - 207ms
    status:
      code: 200
      message: OK
- request:
    body: '{"scopes": ["chat"]}'
    headers:
      Accept:
      - application/json
      Accept-Encoding:
      - gzip, deflate
      Connection:
      - keep-alive
      Content-Length:
      - '20'
      Content-Type:
      - application/json
      Date:
      - Wed, 02 Dec 2020 23:47:19 GMT
      User-Agent:
      - azsdk-python-communication-administration/1.0.0b1 Python/3.8.5 (Windows-10-10.0.19041-SP0)
      x-ms-return-client-request-id:
      - 'true'
    method: POST
    uri: https://sanitized.communication.azure.com/identities/sanitized/token?api-version=2020-07-20-preview2
  response:
    body: '{"id": "sanitized", "token": "sanitized", "expiresOn": "2020-12-03T23:47:17.6875722+00:00"}'
    headers:
      api-supported-versions:
      - 2020-01-15-preview3, 2020-07-20-preview1, 2020-07-20-preview2
      content-type:
      - application/json; charset=utf-8
      date:
      - Wed, 02 Dec 2020 23:47:17 GMT
      ms-cv:
      - PZXxCIENDUCVME1Uz0qfvQ.0
      strict-transport-security:
      - max-age=2592000
      transfer-encoding:
      - chunked
      x-processing-time:
      - 279ms
    status:
      code: 200
      message: OK
- request:
    body: '{"topic": "test topic", "members": "sanitized"}'
    headers:
      Accept:
      - application/json
      Accept-Encoding:
      - gzip, deflate
      Connection:
      - keep-alive
      Content-Length:
      - '201'
      Content-Type:
      - application/json
      User-Agent:
      - azsdk-python-communication-chat/1.0.0b2 Python/3.8.5 (Windows-10-10.0.19041-SP0)
    method: POST
    uri: https://sanitized.communication.azure.com/chat/threads?api-version=2020-09-21-preview2
  response:
    body: '{"multipleStatus": "sanitized"}'
    headers:
      api-supported-versions:
      - 2020-09-21-preview2, 2020-11-01-preview3
      content-type:
      - application/json; charset=utf-8
      date:
      - Wed, 02 Dec 2020 23:47:18 GMT
      ms-cv:
      - YyA7Qs0k4kC5Il5kP1uGtw.0
      strict-transport-security:
      - max-age=2592000
      transfer-encoding:
      - chunked
      x-processing-time:
      - 421ms
    status:
      code: 207
      message: Multi-Status
- request:
    body: null
    headers:
      Accept:
      - application/json
      Accept-Encoding:
      - gzip, deflate
      Connection:
      - keep-alive
      User-Agent:
      - azsdk-python-communication-chat/1.0.0b2 Python/3.8.5 (Windows-10-10.0.19041-SP0)
    method: GET
    uri: https://sanitized.communication.azure.com/chat/threads?maxPageSize=1&api-version=2020-09-21-preview2
  response:
    body: '{"value": "sanitized"}'
    headers:
      api-supported-versions:
      - 2020-09-21-preview2, 2020-11-01-preview3
      content-type:
      - application/json; charset=utf-8
      date:
      - Wed, 02 Dec 2020 23:47:21 GMT
      ms-cv:
      - 6gKpeApOKkeKLQ+jeIUeGw.0
      strict-transport-security:
      - max-age=2592000
      transfer-encoding:
      - chunked
      x-processing-time:
      - 25ms
    status:
      code: 200
      message: OK
- request:
    body: null
    headers:
      Accept:
      - '*/*'
      Accept-Encoding:
      - gzip, deflate
      Connection:
      - keep-alive
      Content-Length:
      - '0'
      Date:
      - Wed, 02 Dec 2020 23:47:23 GMT
      User-Agent:
      - azsdk-python-communication-administration/1.0.0b1 Python/3.8.5 (Windows-10-10.0.19041-SP0)
      x-ms-return-client-request-id:
      - 'true'
    method: DELETE
    uri: https://sanitized.communication.azure.com/identities/sanitized?api-version=2020-07-20-preview2
  response:
    body:
      string: ''
    headers:
      api-supported-versions:
      - 2020-01-15-preview3, 2020-07-20-preview1, 2020-07-20-preview2
      date:
      - Wed, 02 Dec 2020 23:47:22 GMT
      ms-cv:
      - RiySMAdHEUOed6NAhjeWvQ.0
      strict-transport-security:
      - max-age=2592000
      x-processing-time:
      - 977ms
    status:
      code: 204
      message: No Content
- request:
    body: null
    headers:
      Accept:
      - application/json
      Accept-Encoding:
      - gzip, deflate
      Connection:
      - keep-alive
      Content-Length:
      - '0'
      User-Agent:
      - azsdk-python-communication-chat/1.0.0b2 Python/3.8.5 (Windows-10-10.0.19041-SP0)
    method: DELETE
    uri: https://sanitized.communication.azure.com/chat/threads/sanitized?api-version=2020-09-21-preview2
  response:
    body:
      string: ''
    headers:
      api-supported-versions:
      - 2020-09-21-preview2, 2020-11-01-preview3
      date:
      - Wed, 02 Dec 2020 23:47:22 GMT
      ms-cv:
      - KH74ovx+8UOD57kDDLDMkw.0
      strict-transport-security:
      - max-age=2592000
      x-processing-time:
      - 125ms
    status:
      code: 204
      message: No Content
version: 1
