interactions:
- request:
    body: '{}'
    headers:
      Accept:
      - application/json
      Accept-Encoding:
      - gzip, deflate
      Connection:
      - keep-alive
      Content-Length:
      - '2'
      Content-Type:
      - application/json
      Date:
      - Fri, 26 Feb 2021 11:02:10 GMT
      User-Agent:
      - azsdk-python-communication-identity/1.0.0b4 Python/3.7.9 (Windows-10-10.0.19041-SP0)
      x-ms-return-client-request-id:
      - 'true'
    method: POST
    uri: https://sanitized.int.communication.azure.net/identities?api-version=2021-03-07
  response:
    body: '{"identity": {"id": "8:acs:46849534-eb08-4ab7-bde7-c36928cd1547_00000008-7de2-6bf3-1655-373a0d00a7eb"}}'
    headers:
      api-supported-versions:
      - 2020-07-20-preview2, 2021-03-07
      content-type:
      - application/json; charset=utf-8
      date:
      - Fri, 26 Feb 2021 11:02:08 GMT
      ms-cv:
      - 7cWLEnO0XkCcjQoDhXV+QQ.0
      request-context:
      - appId=
      strict-transport-security:
      - max-age=2592000
      transfer-encoding:
      - chunked
      x-processing-time:
      - 31ms
    status:
      code: 201
      message: Created
- request:
    body: '{"scopes": ["chat"]}'
    headers:
      Accept:
      - application/json
      Accept-Encoding:
      - gzip, deflate
      Connection:
      - keep-alive
      Content-Length:
      - '20'
      Content-Type:
      - application/json
      Date:
      - Fri, 26 Feb 2021 11:02:10 GMT
      User-Agent:
      - azsdk-python-communication-identity/1.0.0b4 Python/3.7.9 (Windows-10-10.0.19041-SP0)
      x-ms-return-client-request-id:
      - 'true'
    method: POST
    uri: https://sanitized.int.communication.azure.net/identities/sanitized/:issueAccessToken?api-version=2021-03-07
  response:
    body: '{"token": "sanitized", "expiresOn": "2021-02-27T11:02:08.2776869+00:00"}'
    headers:
      api-supported-versions:
      - 2020-07-20-preview2, 2021-03-07
      content-type:
      - application/json; charset=utf-8
      date:
      - Fri, 26 Feb 2021 11:02:08 GMT
      ms-cv:
      - gYlmwgTAUUqB8vJ3F2VtcA.0
      request-context:
      - appId=
      strict-transport-security:
      - max-age=2592000
      transfer-encoding:
      - chunked
      x-processing-time:
      - 87ms
    status:
      code: 200
      message: OK
- request:
    body: '{"topic": "test topic", "participants": "sanitized"}'
    headers:
      Accept:
      - application/json
      Accept-Encoding:
      - gzip, deflate
      Connection:
      - keep-alive
      Content-Length:
      - '258'
      Content-Type:
      - application/json
      User-Agent:
      - azsdk-python-communication-chat/1.0.0b4 Python/3.7.9 (Windows-10-10.0.19041-SP0)
      repeatability-Request-Id:
      - 071c34b7-c403-4fda-82ec-a67a99eec2c9
    method: POST
    uri: https://sanitized.int.communication.azure.net/chat/threads?api-version=2021-01-27-preview4
  response:
    body: '{"chatThread": {"id": "19:t1E0TNw5xsca40FN1viBVTrnd_Rg65eAcTxBRwwuyaE1@thread.v2",
      "topic": "test topic", "createdOn": "2021-02-26T11:02:09Z", "createdByCommunicationIdentifier":
      {"rawId": "8:acs:46849534-eb08-4ab7-bde7-c36928cd1547_00000008-7de2-6bf3-1655-373a0d00a7eb",
      "communicationUser": {"id": "8:acs:46849534-eb08-4ab7-bde7-c36928cd1547_00000008-7de2-6bf3-1655-373a0d00a7eb"}}}}'
    headers:
      api-supported-versions:
      - 2020-09-21-preview2, 2020-11-01-preview3, 2021-01-27-preview4
      content-type:
      - application/json; charset=utf-8
      date:
      - Fri, 26 Feb 2021 11:02:10 GMT
      ms-cv:
      - GLwdj/bdBkSozb1AinMEXA.0
      strict-transport-security:
      - max-age=2592000
      transfer-encoding:
      - chunked
      x-processing-time:
      - 1043ms
    status:
      code: 201
      message: Created
- request:
    body: null
    headers:
      Accept:
      - application/json
      Accept-Encoding:
      - gzip, deflate
      Connection:
      - keep-alive
      Content-Length:
      - '0'
      Date:
      - Fri, 26 Feb 2021 11:02:12 GMT
      User-Agent:
      - azsdk-python-communication-identity/1.0.0b4 Python/3.7.9 (Windows-10-10.0.19041-SP0)
      x-ms-return-client-request-id:
      - 'true'
    method: DELETE
    uri: https://sanitized.int.communication.azure.net/identities/sanitized?api-version=2021-03-07
  response:
    body:
      string: ''
    headers:
      api-supported-versions:
      - 2020-07-20-preview2, 2021-03-07
      date:
      - Fri, 26 Feb 2021 11:02:25 GMT
      ms-cv:
      - Ek8ywwI7Q0mFMi/VcPp3Uw.0
      request-context:
      - appId=
      strict-transport-security:
      - max-age=2592000
      x-processing-time:
      - 16265ms
    status:
      code: 204
      message: No Content
- request:
    body: null
    headers:
      Accept:
      - application/json
      Accept-Encoding:
      - gzip, deflate
      Connection:
      - keep-alive
      Content-Length:
      - '0'
      User-Agent:
      - azsdk-python-communication-chat/1.0.0b4 Python/3.7.9 (Windows-10-10.0.19041-SP0)
    method: DELETE
    uri: https://sanitized.int.communication.azure.net/chat/threads/sanitized?api-version=2021-01-27-preview4
  response:
    body:
      string: ''
    headers:
      api-supported-versions:
      - 2020-09-21-preview2, 2020-11-01-preview3, 2021-01-27-preview4
      date:
      - Fri, 26 Feb 2021 11:02:26 GMT
      ms-cv:
      - ijuiYLvLv0SpLacD0Vyavg.0
      strict-transport-security:
      - max-age=2592000
      x-processing-time:
      - 323ms
    status:
      code: 204
      message: No Content
version: 1
