interactions:
- request:
    body: '{}'
    headers:
      Accept:
      - application/json
      Accept-Encoding:
      - gzip, deflate
      Connection:
      - keep-alive
      Content-Length:
      - '2'
      Content-Type:
      - application/json
      User-Agent:
      - azsdk-python-communication-identity/1.0.1 Python/3.8.6rc1 (Windows-10-10.0.19041-SP0)
      x-ms-date:
      - Tue, 22 Jun 2021 19:07:08 GMT
      x-ms-return-client-request-id:
      - 'true'
    method: POST
    uri: https://sanitized.communication.azure.com/identities?api-version=2021-03-07
  response:
    body: '{"identity": {"id": "8:acs:ac80d96a-85de-48b1-995d-a3a3fa3627c8_0000000a-d500-2122-9806-113a0d002073"}}'
    headers:
      api-supported-versions:
      - 2020-07-20-preview2, 2021-02-22-preview1, 2021-03-07, 2021-03-31-preview1
      content-type:
      - application/json; charset=utf-8
      date:
      - Tue, 22 Jun 2021 19:07:08 GMT
      ms-cv:
      - WxxeqIQXF06F328PU2HC9A.0
      request-context:
      - appId=
      strict-transport-security:
      - max-age=2592000
      transfer-encoding:
      - chunked
      x-cache:
      - CONFIG_NOCACHE
      x-processing-time:
      - 91ms
    status:
      code: 201
      message: Created
- request:
    body: '{"scopes": ["chat"]}'
    headers:
      Accept:
      - application/json
      Accept-Encoding:
      - gzip, deflate
      Connection:
      - keep-alive
      Content-Length:
      - '20'
      Content-Type:
      - application/json
      User-Agent:
      - azsdk-python-communication-identity/1.0.1 Python/3.8.6rc1 (Windows-10-10.0.19041-SP0)
      x-ms-date:
      - Tue, 22 Jun 2021 19:07:08 GMT
      x-ms-return-client-request-id:
      - 'true'
    method: POST
    uri: https://sanitized.communication.azure.com/identities/sanitized/:issueAccessToken?api-version=2021-03-07
  response:
    body: '{"token": "sanitized", "expiresOn": "2021-06-23T19:07:07.8105532+00:00"}'
    headers:
      api-supported-versions:
      - 2020-07-20-preview2, 2021-02-22-preview1, 2021-03-07, 2021-03-31-preview1
      content-type:
      - application/json; charset=utf-8
      date:
      - Tue, 22 Jun 2021 19:07:08 GMT
      ms-cv:
      - ZN2ACP/zJEawROTPX4tC1Q.0
      request-context:
      - appId=
      strict-transport-security:
      - max-age=2592000
      transfer-encoding:
      - chunked
      x-cache:
      - CONFIG_NOCACHE
      x-processing-time:
      - 158ms
    status:
      code: 200
      message: OK
- request:
    body: '{"topic": "test topic", "participants": "sanitized"}'
    headers:
      Accept:
      - application/json
      Content-Length:
      - '43'
      Content-Type:
      - application/json
      User-Agent:
      - azsdk-python-communication-chat/1.0.1 Python/3.8.6rc1 (Windows-10-10.0.19041-SP0)
      repeatability-request-id:
      - 2c078711-461a-4b65-80a8-e3797c388168
    method: POST
    uri: https://sanitized.communication.azure.com/chat/threads?api-version=2021-03-07
  response:
    body: '{"chatThread": {"id": "19:evTCHz2q4rQ9Zrx5RsWT6FZfhwrJyUPbZK4ixRW_krM1@thread.v2",
      "topic": "test topic", "createdOn": "2021-06-22T19:07:09Z", "createdByCommunicationIdentifier":
      {"rawId": "8:acs:ac80d96a-85de-48b1-995d-a3a3fa3627c8_0000000a-d500-2122-9806-113a0d002073",
      "communicationUser": {"id": "8:acs:ac80d96a-85de-48b1-995d-a3a3fa3627c8_0000000a-d500-2122-9806-113a0d002073"}}}}'
    headers:
      api-supported-versions: 2020-09-21-preview2, 2020-11-01-preview3, 2021-01-27-preview4,
        2021-03-01-preview5, 2021-03-07, 2021-04-05-preview6
      content-type: application/json; charset=utf-8
      date: Tue, 22 Jun 2021 19:07:09 GMT
      ms-cv: rRYfJhsQgE2YepF2GrgNWA.0
      strict-transport-security: max-age=2592000
      transfer-encoding: chunked
      x-cache: CONFIG_NOCACHE
      x-processing-time: 576ms
    status:
      code: 201
      message: Created
    url: https://sanitized.communication.azure.com/chat/threads?api-version=2021-03-07
- request:
    body: null
    headers:
      Accept:
      - application/json
      User-Agent:
      - azsdk-python-communication-chat/1.0.1 Python/3.8.6rc1 (Windows-10-10.0.19041-SP0)
    method: DELETE
    uri: https://sanitized.communication.azure.com/chat/threads/sanitized?api-version=2021-03-07
  response:
    body:
      string: ''
    headers:
      api-supported-versions: 2020-09-21-preview2, 2020-11-01-preview3, 2021-01-27-preview4,
        2021-03-01-preview5, 2021-03-07, 2021-04-05-preview6
      date: Tue, 22 Jun 2021 19:07:09 GMT
      ms-cv: 1NLqiGH+p0aUHELWJayvjw.0
      strict-transport-security: max-age=2592000
      x-cache: CONFIG_NOCACHE
      x-processing-time: 184ms
    status:
      code: 204
      message: No Content
    url: https://sanitized.communication.azure.com/chat/threads/sanitized?api-version=2021-03-07
- request:
    body: null
    headers:
      Accept:
      - application/json
      Accept-Encoding:
      - gzip, deflate
      Connection:
      - keep-alive
      Content-Length:
      - '0'
      User-Agent:
      - azsdk-python-communication-identity/1.0.1 Python/3.8.6rc1 (Windows-10-10.0.19041-SP0)
      x-ms-date:
      - Tue, 22 Jun 2021 19:07:09 GMT
      x-ms-return-client-request-id:
      - 'true'
    method: DELETE
    uri: https://sanitized.communication.azure.com/identities/sanitized?api-version=2021-03-07
  response:
    body:
      string: ''
    headers:
      api-supported-versions:
      - 2020-07-20-preview2, 2021-02-22-preview1, 2021-03-07, 2021-03-31-preview1
      date:
      - Tue, 22 Jun 2021 19:07:10 GMT
      ms-cv:
      - AyLOqbPFGkKSRcdnnFFE2A.0
      request-context:
      - appId=
      strict-transport-security:
      - max-age=2592000
      x-cache:
      - CONFIG_NOCACHE
      x-processing-time:
      - 888ms
    status:
      code: 204
      message: No Content
version: 1
