interactions:
- request:
    body: null
    headers:
      Accept:
      - application/json
      Accept-Encoding:
      - gzip, deflate
      Connection:
      - keep-alive
      Content-Length:
      - '0'
      Content-Type:
      - application/json
      User-Agent:
      - azsdk-python-communication-identity/1.3.2 Python/3.10.2 (Windows-10-10.0.22621-SP0)
      x-ms-date:
      - Fri, 10 Mar 2023 00:44:49 GMT
      x-ms-return-client-request-id:
      - 'true'
    method: POST
    uri: https://sanitized.communication.azure.com/identities?api-version=2022-10-01
  response:
    body:
      string: '{"identity": {"id": "sanitized"}}'
    headers:
      api-supported-versions:
      - 2020-07-20-preview2, 2021-02-22-preview1, 2021-03-07, 2021-10-31-preview,
        2021-11-01, 2022-06-01, 2022-10-01, 2023-08-01
      content-length:
      - '101'
      content-type:
      - application/json; charset=utf-8
      date:
      - Fri, 10 Mar 2023 00:44:48 GMT
      ms-cv:
      - DObJc6AGKkShi/QVnia1yA.0
      request-context:
      - appId=
      strict-transport-security:
      - max-age=2592000
      x-cache:
      - CONFIG_NOCACHE
      x-processing-time:
      - 36ms
    status:
      code: 201
      message: Created
- request:
    body: '{"scopes": ["chat"], "expiresInMinutes": null}'
    headers:
      Accept:
      - application/json
      Accept-Encoding:
      - gzip, deflate
      Connection:
      - keep-alive
      Content-Length:
      - '46'
      Content-Type:
      - application/json
      User-Agent:
      - azsdk-python-communication-identity/1.3.2 Python/3.10.2 (Windows-10-10.0.22621-SP0)
      x-ms-date:
      - Fri, 10 Mar 2023 00:44:49 GMT
      x-ms-return-client-request-id:
      - 'true'
    method: POST
    uri: https://sanitized.communication.azure.com/identities/sanitized/:issueAccessToken?api-version=2022-10-01
  response:
    body:
      string: '{"token": "sanitized", "expiresOn": "2023-03-11T00:44:49.3508334+00:00"}'
    headers:
      api-supported-versions:
      - 2020-07-20-preview2, 2021-02-22-preview1, 2021-03-07, 2021-10-31-preview,
        2021-11-01, 2022-06-01, 2022-10-01, 2023-08-01
      content-length:
      - '867'
      content-type:
      - application/json; charset=utf-8
      date:
      - Fri, 10 Mar 2023 00:44:48 GMT
      ms-cv:
      - q070IDTR5kazoOui6aWmrg.0
      request-context:
      - appId=
      strict-transport-security:
      - max-age=2592000
      x-cache:
      - CONFIG_NOCACHE
      x-processing-time:
      - 25ms
    status:
      code: 200
      message: OK
- request:
    body: null
    headers:
      Accept:
      - application/json
      Accept-Encoding:
      - gzip, deflate
      Connection:
      - keep-alive
      Content-Length:
      - '0'
      Content-Type:
      - application/json
      User-Agent:
      - azsdk-python-communication-identity/1.3.2 Python/3.10.2 (Windows-10-10.0.22621-SP0)
      x-ms-date:
      - Fri, 10 Mar 2023 00:44:49 GMT
      x-ms-return-client-request-id:
      - 'true'
    method: POST
    uri: https://sanitized.communication.azure.com/identities?api-version=2022-10-01
  response:
    body:
      string: '{"identity": {"id": "sanitized"}}'
    headers:
      api-supported-versions:
      - 2020-07-20-preview2, 2021-02-22-preview1, 2021-03-07, 2021-10-31-preview,
        2021-11-01, 2022-06-01, 2022-10-01, 2023-08-01
      content-length:
      - '101'
      content-type:
      - application/json; charset=utf-8
      date:
      - Fri, 10 Mar 2023 00:44:48 GMT
      ms-cv:
      - 3ZUSxlyn2EexMucTBIKGaQ.0
      request-context:
      - appId=
      strict-transport-security:
      - max-age=2592000
      x-cache:
      - CONFIG_NOCACHE
      x-processing-time:
      - 18ms
    status:
      code: 201
      message: Created
- request:
    body: '{"scopes": ["chat"], "expiresInMinutes": null}'
    headers:
      Accept:
      - application/json
      Accept-Encoding:
      - gzip, deflate
      Connection:
      - keep-alive
      Content-Length:
      - '46'
      Content-Type:
      - application/json
      User-Agent:
      - azsdk-python-communication-identity/1.3.2 Python/3.10.2 (Windows-10-10.0.22621-SP0)
      x-ms-date:
      - Fri, 10 Mar 2023 00:44:49 GMT
      x-ms-return-client-request-id:
      - 'true'
    method: POST
    uri: https://sanitized.communication.azure.com/identities/sanitized/:issueAccessToken?api-version=2022-10-01
  response:
    body:
      string: '{"token": "sanitized", "expiresOn": "2023-03-11T00:44:49.5014407+00:00"}'
    headers:
      api-supported-versions:
      - 2020-07-20-preview2, 2021-02-22-preview1, 2021-03-07, 2021-10-31-preview,
        2021-11-01, 2022-06-01, 2022-10-01, 2023-08-01
      content-length:
      - '867'
      content-type:
      - application/json; charset=utf-8
      date:
      - Fri, 10 Mar 2023 00:44:48 GMT
      ms-cv:
      - IC0wTfSgPUGXb3YJ1cHNsQ.0
      request-context:
      - appId=
      strict-transport-security:
      - max-age=2592000
      x-cache:
      - CONFIG_NOCACHE
      x-processing-time:
      - 27ms
    status:
      code: 200
      message: OK
- request:
    body: '{"topic": "test topic", "participants": "sanitized"}'
    headers:
      Accept:
      - application/json
      Content-Length:
      - '350'
      Content-Type:
      - application/json
      User-Agent:
      - azsdk-python-communication-chat/1.2.0 Python/3.10.2 (Windows-10-10.0.22621-SP0)
      repeatability-request-id:
      - e8655bba-f49c-4d6c-a297-d4fa0f593ac7
    method: POST
    uri: https://sanitized.communication.azure.com/chat/threads?api-version=2021-09-07
  response:
    body:
      string: '{"chatThread": {"id": "sanitized", "topic": "test topic", "createdOn":
        "2023-03-10T00:44:49Z", "createdByCommunicationIdentifier": {"rawId": "8:acs:357e39d2-a29a-4bf6-88cc-fda0afc2c0ed_00000017-68db-e4f2-ec8d-084822005871",
        "communicationUser": {"id": "sanitized"}}}}'
    headers:
      api-supported-versions: 2021-03-07, 2021-04-05-preview6, 2021-09-07, 2023-04-01-preview
      content-length: '373'
      content-type: application/json; charset=utf-8
      date: Fri, 10 Mar 2023 00:44:49 GMT
      ms-cv: BA1QjavY2kS5KkP2e1+T2w.0
      strict-transport-security: max-age=2592000
      x-cache: CONFIG_NOCACHE
      x-processing-time: 454ms
    status:
      code: 201
      message: Created
    url: https://sanitized.communication.azure.com/chat/threads?api-version=2021-09-07
- request:
    body: '{"content": "hello world", "senderDisplayName": "sender name", "type":
      "text"}'
    headers:
      Accept:
      - application/json
      Content-Length:
      - '78'
      Content-Type:
      - application/json
      User-Agent:
      - azsdk-python-communication-chat/1.2.0 Python/3.10.2 (Windows-10-10.0.22621-SP0)
    method: POST
    uri: https://sanitized.communication.azure.com/chat/threads/sanitized/messages?api-version=2021-09-07
  response:
    body:
      string: '{"id": "sanitized"}'
    headers:
      api-supported-versions: 2021-03-07, 2021-04-05-preview6, 2021-09-07, 2023-04-01-preview
      content-length: '22'
      content-type: application/json; charset=utf-8
      date: Fri, 10 Mar 2023 00:44:50 GMT
      ms-cv: JbRQhHbxqEStfUzlbwBsZQ.0
      strict-transport-security: max-age=2592000
      x-cache: CONFIG_NOCACHE
      x-processing-time: 257ms
    status:
      code: 201
      message: Created
    url: https://sanitized.communication.azure.com/chat/threads/sanitized/messages?api-version=2021-09-07
- request:
    body: null
    headers:
      Accept:
      - application/json
      User-Agent:
      - azsdk-python-communication-chat/1.2.0 Python/3.10.2 (Windows-10-10.0.22621-SP0)
    method: GET
    uri: https://sanitized.communication.azure.com/chat/threads/sanitized/messages?maxPageSize=1&api-version=2021-09-07
  response:
    body:
      string: '{"value": "sanitized", "nextLink": "sanitized"}'
    headers:
      api-supported-versions: 2021-03-07, 2021-04-05-preview6, 2021-09-07, 2023-04-01-preview
      content-length: '835'
      content-type: application/json; charset=utf-8
      date: Fri, 10 Mar 2023 00:44:50 GMT
      ms-cv: VixUsjVZ4kKT75YAq2P+Lg.0
      strict-transport-security: max-age=2592000
      x-cache: CONFIG_NOCACHE
      x-processing-time: 128ms
    status:
      code: 200
      message: OK
    url: https://sanitized.communication.azure.com/chat/threads/sanitized/messages?maxPageSize=1&api-version=2021-09-07
- request:
    body: null
    headers:
      User-Agent:
      - azsdk-python-communication-chat/1.2.0 Python/3.10.2 (Windows-10-10.0.22621-SP0)
    method: GET
    uri: https://sanitized.communication.azure.com/chat/threads/sanitized/messages?syncState=sanitized&startTime=1/1/1970%2012:00:00%20AM%20%2B00:00&maxPageSize=1&api-version=2021-09-07
  response:
    body:
      string: '{"value": "sanitized", "nextLink": "sanitized"}'
    headers:
      api-supported-versions: 2021-03-07, 2021-04-05-preview6, 2021-09-07, 2023-04-01-preview
      content-length: '809'
      content-type: application/json; charset=utf-8
      date: Fri, 10 Mar 2023 00:44:50 GMT
      ms-cv: IIJ3TMV+t0yTtTp5Hntp2Q.0
      strict-transport-security: max-age=2592000
      x-cache: CONFIG_NOCACHE
      x-processing-time: 155ms
    status:
      code: 200
      message: OK
    url: https://sanitized.communication.azure.com/chat/threads/sanitized/messages?syncState=sanitized&startTime=1/1/1970%2012:00:00%20AM%20%2B00:00&maxPageSize=1&api-version=2021-09-07
- request:
    body: null
    headers:
      User-Agent:
      - azsdk-python-communication-chat/1.2.0 Python/3.10.2 (Windows-10-10.0.22621-SP0)
    method: GET
    uri: https://sanitized.communication.azure.com/chat/threads/sanitized/messages?syncState=sanitized&startTime=1/1/1970%2012:00:00%20AM%20%2B00:00&maxPageSize=1&api-version=2021-09-07
  response:
    body:
      string: '{"value": "sanitized", "nextLink": "sanitized"}'
    headers:
      api-supported-versions: 2021-03-07, 2021-04-05-preview6, 2021-09-07, 2023-04-01-preview
      content-length: '1101'
      content-type: application/json; charset=utf-8
      date: Fri, 10 Mar 2023 00:44:50 GMT
      ms-cv: U9DtCbCZ0kCrWdwZgKFfJQ.0
      strict-transport-security: max-age=2592000
      x-cache: CONFIG_NOCACHE
      x-processing-time: 161ms
    status:
      code: 200
      message: OK
    url: https://sanitized.communication.azure.com/chat/threads/sanitized/messages?syncState=sanitized&startTime=1/1/1970%2012:00:00%20AM%20%2B00:00&maxPageSize=1&api-version=2021-09-07
- request:
    body: null
    headers:
      User-Agent:
      - azsdk-python-communication-chat/1.2.0 Python/3.10.2 (Windows-10-10.0.22621-SP0)
    method: GET
    uri: https://sanitized.communication.azure.com/chat/threads/sanitized/messages?syncState=sanitized&startTime=1/1/1970%2012:00:00%20AM%20%2B00:00&maxPageSize=1&api-version=2021-09-07
  response:
    body:
      string: '{"value": "sanitized"}'
    headers:
      api-supported-versions: 2021-03-07, 2021-04-05-preview6, 2021-09-07, 2023-04-01-preview
      content-length: '12'
      content-type: application/json; charset=utf-8
      date: Fri, 10 Mar 2023 00:44:51 GMT
      ms-cv: 6ZR10Qof7kehm8ONjf8YVg.0
      strict-transport-security: max-age=2592000
      x-cache: CONFIG_NOCACHE
      x-processing-time: 138ms
    status:
      code: 200
      message: OK
    url: https://sanitized.communication.azure.com/chat/threads/sanitized/messages?syncState=sanitized&startTime=1/1/1970%2012:00:00%20AM%20%2B00:00&maxPageSize=1&api-version=2021-09-07
- request:
    body: null
    headers:
      Accept:
      - application/json
      User-Agent:
      - azsdk-python-communication-chat/1.2.0 Python/3.10.2 (Windows-10-10.0.22621-SP0)
    method: DELETE
    uri: https://sanitized.communication.azure.com/chat/threads/sanitized?api-version=2021-09-07
  response:
    body:
      string: ''
    headers:
      api-supported-versions: 2021-03-07, 2021-04-05-preview6, 2021-09-07, 2023-04-01-preview
      date: Fri, 10 Mar 2023 00:44:50 GMT
      ms-cv: H6SCaftgAEmzmIfjgwDlUw.0
      strict-transport-security: max-age=2592000
      x-cache: CONFIG_NOCACHE
      x-processing-time: 162ms
    status:
      code: 204
      message: No Content
    url: https://sanitized.communication.azure.com/chat/threads/sanitized?api-version=2021-09-07
- request:
    body: null
    headers:
      Accept:
      - application/json
      Accept-Encoding:
      - gzip, deflate
      Connection:
      - keep-alive
      Content-Length:
      - '0'
      User-Agent:
      - azsdk-python-communication-identity/1.3.2 Python/3.10.2 (Windows-10-10.0.22621-SP0)
      x-ms-date:
      - Fri, 10 Mar 2023 00:44:51 GMT
      x-ms-return-client-request-id:
      - 'true'
    method: DELETE
    uri: https://sanitized.communication.azure.com/identities/sanitized?api-version=2022-10-01
  response:
    body:
      string: ''
    headers:
      api-supported-versions:
      - 2020-07-20-preview2, 2021-02-22-preview1, 2021-03-07, 2021-10-31-preview,
        2021-11-01, 2022-06-01, 2022-10-01, 2023-08-01
      date:
      - Fri, 10 Mar 2023 00:44:50 GMT
      ms-cv:
      - GGnRbv1150W3ZMfNIVzAzQ.0
      request-context:
      - appId=
      strict-transport-security:
      - max-age=2592000
      x-cache:
      - CONFIG_NOCACHE
      x-processing-time:
      - 308ms
    status:
      code: 204
      message: No Content
- request:
    body: null
    headers:
      Accept:
      - application/json
      Accept-Encoding:
      - gzip, deflate
      Connection:
      - keep-alive
      Content-Length:
      - '0'
      User-Agent:
      - azsdk-python-communication-identity/1.3.2 Python/3.10.2 (Windows-10-10.0.22621-SP0)
      x-ms-date:
      - Fri, 10 Mar 2023 00:44:51 GMT
      x-ms-return-client-request-id:
      - 'true'
    method: DELETE
    uri: https://sanitized.communication.azure.com/identities/sanitized?api-version=2022-10-01
  response:
    body:
      string: ''
    headers:
      api-supported-versions:
      - 2020-07-20-preview2, 2021-02-22-preview1, 2021-03-07, 2021-10-31-preview,
        2021-11-01, 2022-06-01, 2022-10-01, 2023-08-01
      date:
      - Fri, 10 Mar 2023 00:44:51 GMT
      ms-cv:
      - ae5xV9FSGUanWCT7J6FtUg.0
      request-context:
      - appId=
      strict-transport-security:
      - max-age=2592000
      x-cache:
      - CONFIG_NOCACHE
      x-processing-time:
      - 209ms
    status:
      code: 204
      message: No Content
version: 1
