interactions:
- request:
    body: '{}'
    headers:
      Accept:
      - application/json
      Accept-Encoding:
      - gzip, deflate
      Connection:
      - keep-alive
      Content-Length:
      - '2'
      Content-Type:
      - application/json
      Date:
      - Thu, 18 Mar 2021 23:54:03 GMT
      User-Agent:
      - azsdk-python-communication-identity/1.0.0b6 Python/3.7.9 (Windows-10-10.0.19041-SP0)
      x-ms-return-client-request-id:
      - 'true'
    method: POST
    uri: https://sanitized.communication.azure.com/identities?api-version=2021-03-07
  response:
    body: '{"identity": {"id": "8:acs:fac4607d-d2d0-40e5-84df-6f32ebd1251a_00000008-e7a4-3365-28c5-593a0d00170a"}}'
    headers:
      api-supported-versions:
      - 2020-07-20-preview2, 2021-03-07
      content-type:
      - application/json; charset=utf-8
      date:
      - Thu, 18 Mar 2021 23:53:55 GMT
      ms-cv:
      - XN/xO4oOKEyt5ZiU+bG8sw.0
      request-context:
      - appId=
      strict-transport-security:
      - max-age=2592000
      transfer-encoding:
      - chunked
      x-processing-time:
      - 12ms
    status:
      code: 201
      message: Created
- request:
    body: '{"scopes": ["chat"]}'
    headers:
      Accept:
      - application/json
      Accept-Encoding:
      - gzip, deflate
      Connection:
      - keep-alive
      Content-Length:
      - '20'
      Content-Type:
      - application/json
      Date:
      - Thu, 18 Mar 2021 23:54:03 GMT
      User-Agent:
      - azsdk-python-communication-identity/1.0.0b6 Python/3.7.9 (Windows-10-10.0.19041-SP0)
      x-ms-return-client-request-id:
      - 'true'
    method: POST
    uri: https://sanitized.communication.azure.com/identities/sanitized/:issueAccessToken?api-version=2021-03-07
  response:
    body: '{"token": "sanitized", "expiresOn": "2021-03-19T23:53:55.4003704+00:00"}'
    headers:
      api-supported-versions:
      - 2020-07-20-preview2, 2021-03-07
      content-type:
      - application/json; charset=utf-8
      date:
      - Thu, 18 Mar 2021 23:53:55 GMT
      ms-cv:
      - 8uTjet6p70KkH+b9s4pUkw.0
      request-context:
      - appId=
      strict-transport-security:
      - max-age=2592000
      transfer-encoding:
      - chunked
      x-processing-time:
      - 26ms
    status:
      code: 200
      message: OK
- request:
    body: '{}'
    headers:
      Accept:
      - application/json
      Accept-Encoding:
      - gzip, deflate
      Connection:
      - keep-alive
      Content-Length:
      - '2'
      Content-Type:
      - application/json
      Date:
      - Thu, 18 Mar 2021 23:54:03 GMT
      User-Agent:
      - azsdk-python-communication-identity/1.0.0b6 Python/3.7.9 (Windows-10-10.0.19041-SP0)
      x-ms-return-client-request-id:
      - 'true'
    method: POST
    uri: https://sanitized.communication.azure.com/identities?api-version=2021-03-07
  response:
    body: '{"identity": {"id": "8:acs:fac4607d-d2d0-40e5-84df-6f32ebd1251a_00000008-e7a4-33f9-28c5-593a0d00170b"}}'
    headers:
      api-supported-versions:
      - 2020-07-20-preview2, 2021-03-07
      content-type:
      - application/json; charset=utf-8
      date:
      - Thu, 18 Mar 2021 23:53:56 GMT
      ms-cv:
      - fmlK6+35t0u4xRf3eG7CMQ.0
      request-context:
      - appId=
      strict-transport-security:
      - max-age=2592000
      transfer-encoding:
      - chunked
      x-processing-time:
      - 10ms
    status:
      code: 201
      message: Created
- request:
    body: '{"scopes": ["chat"]}'
    headers:
      Accept:
      - application/json
      Accept-Encoding:
      - gzip, deflate
      Connection:
      - keep-alive
      Content-Length:
      - '20'
      Content-Type:
      - application/json
      Date:
      - Thu, 18 Mar 2021 23:54:03 GMT
      User-Agent:
      - azsdk-python-communication-identity/1.0.0b6 Python/3.7.9 (Windows-10-10.0.19041-SP0)
      x-ms-return-client-request-id:
      - 'true'
    method: POST
    uri: https://sanitized.communication.azure.com/identities/sanitized/:issueAccessToken?api-version=2021-03-07
  response:
    body: '{"token": "sanitized", "expiresOn": "2021-03-19T23:53:55.5443622+00:00"}'
    headers:
      api-supported-versions:
      - 2020-07-20-preview2, 2021-03-07
      content-type:
      - application/json; charset=utf-8
      date:
      - Thu, 18 Mar 2021 23:53:56 GMT
      ms-cv:
      - vVhmLKWx10ClO/Jsdt8cvQ.0
      request-context:
      - appId=
      strict-transport-security:
      - max-age=2592000
      transfer-encoding:
      - chunked
      x-processing-time:
      - 26ms
    status:
      code: 200
      message: OK
- request:
    body: '{"topic": "test topic", "participants": "sanitized"}'
    headers:
      Accept:
      - application/json
      Content-Length:
      - '258'
      Content-Type:
      - application/json
      User-Agent:
      - azsdk-python-communication-chat/1.0.0b6 Python/3.7.9 (Windows-10-10.0.19041-SP0)
      idempotency-token:
      - 869f98d0-ba87-4213-bfcc-5643c33b54fc
    method: POST
    uri: https://sanitized.communication.azure.com/chat/threads?api-version=2021-03-01-preview5
  response:
    body: '{"chatThread": {"id": "19:5Rn7_b8hFlCsUNrrG9f55H2RgZVyBrVsROvw4SBrCMo1@thread.v2",
      "topic": "test topic", "createdOn": "2021-03-18T23:53:57Z", "createdByCommunicationIdentifier":
      {"rawId": "8:acs:fac4607d-d2d0-40e5-84df-6f32ebd1251a_00000008-e7a4-3365-28c5-593a0d00170a",
      "communicationUser": {"id": "8:acs:fac4607d-d2d0-40e5-84df-6f32ebd1251a_00000008-e7a4-3365-28c5-593a0d00170a"}}}}'
    headers:
      api-supported-versions: 2020-09-21-preview2, 2020-11-01-preview3, 2021-01-27-preview4,
        2021-03-01-preview5
      content-type: application/json; charset=utf-8
      date: Thu, 18 Mar 2021 23:53:57 GMT
      ms-cv: YfQa8UBEI0ejKefDYdyC9Q.0
      strict-transport-security: max-age=2592000
      transfer-encoding: chunked
      x-processing-time: 953ms
    status:
      code: 201
      message: Created
    url: https://sanitized.communication.azure.com/chat/threads?api-version=2021-03-01-preview5
- request:
    body: '{"content": "hello world", "senderDisplayName": "sender name", "type":
      "text"}'
    headers:
      Accept:
      - application/json
      Content-Length:
      - '78'
      Content-Type:
      - application/json
      User-Agent:
      - azsdk-python-communication-chat/1.0.0b6 Python/3.7.9 (Windows-10-10.0.19041-SP0)
    method: POST
    uri: https://sanitized.communication.azure.com/chat/threads/sanitized/messages?api-version=2021-03-01-preview5
  response:
    body: '{"id": "sanitized"}'
    headers:
      api-supported-versions: 2020-09-21-preview2, 2020-11-01-preview3, 2021-01-27-preview4,
        2021-03-01-preview5
      content-type: application/json; charset=utf-8
      date: Thu, 18 Mar 2021 23:53:58 GMT
      ms-cv: SzFXWFKWfkuQtfgeku536Q.0
      strict-transport-security: max-age=2592000
      transfer-encoding: chunked
      x-processing-time: 238ms
    status:
      code: 201
      message: Created
    url: https://sanitized.communication.azure.com/chat/threads/sanitized/messages?api-version=2021-03-01-preview5
- request:
    body: null
    headers:
      Accept:
      - application/json
      User-Agent:
      - azsdk-python-communication-chat/1.0.0b6 Python/3.7.9 (Windows-10-10.0.19041-SP0)
    method: GET
    uri: https://sanitized.communication.azure.com/chat/threads/sanitized/messages?maxPageSize=1&api-version=2021-03-01-preview5
  response:
    body: '{"value": "sanitized", "nextLink": "sanitized"}'
    headers:
      api-supported-versions: 2020-09-21-preview2, 2020-11-01-preview3, 2021-01-27-preview4,
        2021-03-01-preview5
      content-type: application/json; charset=utf-8
      date: Thu, 18 Mar 2021 23:53:58 GMT
      ms-cv: M16PGY8CiUyr8rJ6MZ1Klw.0
      strict-transport-security: max-age=2592000
      transfer-encoding: chunked
      x-processing-time: 120ms
    status:
      code: 200
      message: OK
    url: https://sanitized.communication.azure.com/chat/threads/sanitized/messages?maxPageSize=1&api-version=2021-03-01-preview5
- request:
    body: null
    headers:
      Accept:
      - application/json
      User-Agent:
      - azsdk-python-communication-chat/1.0.0b6 Python/3.7.9 (Windows-10-10.0.19041-SP0)
    method: GET
    uri: https://sanitized.communication.azure.com/chat/threads/sanitized/messages?syncState=sanitized&startTime=1/1/1970%2012:00:00%20AM%20%2B00:00&maxPageSize=1&api-version=2021-03-01-preview5
  response:
    body: '{"value": "sanitized", "nextLink": "sanitized"}'
    headers:
      api-supported-versions: 2020-09-21-preview2, 2020-11-01-preview3, 2021-01-27-preview4,
        2021-03-01-preview5
      content-type: application/json; charset=utf-8
      date: Thu, 18 Mar 2021 23:53:58 GMT
      ms-cv: 6A+lUIa6gUu03bA+WMMCpw.0
      strict-transport-security: max-age=2592000
      transfer-encoding: chunked
      x-processing-time: 164ms
    status:
      code: 200
      message: OK
    url: https://sanitized.communication.azure.com/chat/threads/sanitized/messages?syncState=sanitized&startTime=1/1/1970%2012:00:00%20AM%20%2B00:00&maxPageSize=1&api-version=2021-03-01-preview5
- request:
    body: null
    headers:
      Accept:
      - application/json
      User-Agent:
      - azsdk-python-communication-chat/1.0.0b6 Python/3.7.9 (Windows-10-10.0.19041-SP0)
    method: GET
    uri: https://sanitized.communication.azure.com/chat/threads/sanitized/messages?syncState=sanitized&startTime=1/1/1970%2012:00:00%20AM%20%2B00:00&maxPageSize=1&api-version=2021-03-01-preview5
  response:
    body: '{"value": "sanitized", "nextLink": "sanitized"}'
    headers:
      api-supported-versions: 2020-09-21-preview2, 2020-11-01-preview3, 2021-01-27-preview4,
        2021-03-01-preview5
      content-type: application/json; charset=utf-8
      date: Thu, 18 Mar 2021 23:53:58 GMT
      ms-cv: U8HVKdmTTEeFqGHTld7u/A.0
      strict-transport-security: max-age=2592000
      transfer-encoding: chunked
      x-processing-time: 182ms
    status:
      code: 200
      message: OK
    url: https://sanitized.communication.azure.com/chat/threads/sanitized/messages?syncState=sanitized&startTime=1/1/1970%2012:00:00%20AM%20%2B00:00&maxPageSize=1&api-version=2021-03-01-preview5
- request:
    body: null
    headers:
      Accept:
      - application/json
      User-Agent:
      - azsdk-python-communication-chat/1.0.0b6 Python/3.7.9 (Windows-10-10.0.19041-SP0)
    method: GET
    uri: https://sanitized.communication.azure.com/chat/threads/sanitized/messages?syncState=sanitized&startTime=1/1/1970%2012:00:00%20AM%20%2B00:00&maxPageSize=1&api-version=2021-03-01-preview5
  response:
    body: '{"value": "sanitized"}'
    headers:
      api-supported-versions: 2020-09-21-preview2, 2020-11-01-preview3, 2021-01-27-preview4,
        2021-03-01-preview5
      content-type: application/json; charset=utf-8
      date: Thu, 18 Mar 2021 23:53:58 GMT
      ms-cv: a+IBAPSwS0yJlq9nGQXR0g.0
      strict-transport-security: max-age=2592000
      transfer-encoding: chunked
      x-processing-time: 163ms
    status:
      code: 200
      message: OK
    url: https://sanitized.communication.azure.com/chat/threads/sanitized/messages?syncState=sanitized&startTime=1/1/1970%2012:00:00%20AM%20%2B00:00&maxPageSize=1&api-version=2021-03-01-preview5
- request:
    body: null
    headers:
      Accept:
      - application/json
      User-Agent:
      - azsdk-python-communication-chat/1.0.0b6 Python/3.7.9 (Windows-10-10.0.19041-SP0)
    method: DELETE
    uri: https://sanitized.communication.azure.com/chat/threads/sanitized?api-version=2021-03-01-preview5
  response:
    body:
      string: ''
    headers:
      api-supported-versions: 2020-09-21-preview2, 2020-11-01-preview3, 2021-01-27-preview4,
        2021-03-01-preview5
      date: Thu, 18 Mar 2021 23:53:59 GMT
      ms-cv: nfSMyt/PpESlNqovOxbYig.0
      strict-transport-security: max-age=2592000
      x-processing-time: 241ms
    status:
      code: 204
      message: No Content
    url: https://sanitized.communication.azure.com/chat/threads/sanitized?api-version=2021-03-01-preview5
- request:
    body: null
    headers:
      Accept:
      - application/json
      Accept-Encoding:
      - gzip, deflate
      Connection:
      - keep-alive
      Content-Length:
      - '0'
      Date:
      - Thu, 18 Mar 2021 23:54:07 GMT
      User-Agent:
      - azsdk-python-communication-identity/1.0.0b6 Python/3.7.9 (Windows-10-10.0.19041-SP0)
      x-ms-return-client-request-id:
      - 'true'
    method: DELETE
    uri: https://sanitized.communication.azure.com/identities/sanitized?api-version=2021-03-07
  response:
    body:
      string: ''
    headers:
      api-supported-versions:
      - 2020-07-20-preview2, 2021-03-07
      date:
      - Thu, 18 Mar 2021 23:53:59 GMT
      ms-cv:
      - N0dwd0hlqkyVwPoqOEHKDA.0
      request-context:
      - appId=
      strict-transport-security:
      - max-age=2592000
      x-processing-time:
      - 673ms
    status:
      code: 204
      message: No Content
- request:
    body: null
    headers:
      Accept:
      - application/json
      Accept-Encoding:
      - gzip, deflate
      Connection:
      - keep-alive
      Content-Length:
      - '0'
      Date:
      - Thu, 18 Mar 2021 23:54:07 GMT
      User-Agent:
      - azsdk-python-communication-identity/1.0.0b6 Python/3.7.9 (Windows-10-10.0.19041-SP0)
      x-ms-return-client-request-id:
      - 'true'
    method: DELETE
    uri: https://sanitized.communication.azure.com/identities/sanitized?api-version=2021-03-07
  response:
    body:
      string: ''
    headers:
      api-supported-versions:
      - 2020-07-20-preview2, 2021-03-07
      date:
      - Thu, 18 Mar 2021 23:54:00 GMT
      ms-cv:
      - UALkjYFpRkWjX3XTu/7FkQ.0
      request-context:
      - appId=
      strict-transport-security:
      - max-age=2592000
      x-processing-time:
      - 348ms
    status:
      code: 204
      message: No Content
version: 1
