interactions:
- request:
    body: null
    headers:
      Accept:
      - application/json
      Accept-Encoding:
      - gzip, deflate
      Connection:
      - keep-alive
      Content-Length:
      - '0'
      Date:
      - Thu, 28 Jan 2021 02:58:58 GMT
      User-Agent:
      - azsdk-python-communication-administration/1.0.0b3 Python/3.7.9 (Windows-10-10.0.19041-SP0)
      x-ms-return-client-request-id:
      - 'true'
    method: POST
    uri: https://sanitized.int.communication.azure.net/identities?api-version=2020-07-20-preview2
  response:
    body: '{"id": "sanitized"}'
    headers:
      api-supported-versions:
      - 2020-07-20-preview2, 2021-03-07
      content-type:
      - application/json; charset=utf-8
      date:
      - Thu, 28 Jan 2021 02:58:50 GMT
      ms-cv:
      - p0k1Fn9N5kKVMfe++MJjnw.0
      strict-transport-security:
      - max-age=2592000
      transfer-encoding:
      - chunked
      x-processing-time:
      - 42ms
    status:
      code: 200
      message: OK
- request:
    body: '{"scopes": ["chat"]}'
    headers:
      Accept:
      - application/json
      Accept-Encoding:
      - gzip, deflate
      Connection:
      - keep-alive
      Content-Length:
      - '20'
      Content-Type:
      - application/json
      Date:
      - Thu, 28 Jan 2021 02:58:58 GMT
      User-Agent:
      - azsdk-python-communication-administration/1.0.0b3 Python/3.7.9 (Windows-10-10.0.19041-SP0)
      x-ms-return-client-request-id:
      - 'true'
    method: POST
    uri: https://sanitized.int.communication.azure.net/identities/sanitized/token?api-version=2020-07-20-preview2
  response:
    body: '{"id": "sanitized", "token": "sanitized", "expiresOn": "2021-01-29T02:58:50.4436344+00:00"}'
    headers:
      api-supported-versions:
      - 2020-07-20-preview2, 2021-03-07
      content-type:
      - application/json; charset=utf-8
      date:
      - Thu, 28 Jan 2021 02:58:50 GMT
      ms-cv:
      - auPx4dkVGUKialo5fCHfMw.0
      strict-transport-security:
      - max-age=2592000
      transfer-encoding:
      - chunked
      x-processing-time:
      - 103ms
    status:
      code: 200
      message: OK
- request:
    body: null
    headers:
      Accept:
      - application/json
      Accept-Encoding:
      - gzip, deflate
      Connection:
      - keep-alive
      Content-Length:
      - '0'
      Date:
      - Thu, 28 Jan 2021 02:58:58 GMT
      User-Agent:
      - azsdk-python-communication-administration/1.0.0b3 Python/3.7.9 (Windows-10-10.0.19041-SP0)
      x-ms-return-client-request-id:
      - 'true'
    method: POST
    uri: https://sanitized.int.communication.azure.net/identities?api-version=2020-07-20-preview2
  response:
    body: '{"id": "sanitized"}'
    headers:
      api-supported-versions:
      - 2020-07-20-preview2, 2021-03-07
      content-type:
      - application/json; charset=utf-8
      date:
      - Thu, 28 Jan 2021 02:58:51 GMT
      ms-cv:
      - UQlnhhG2Jkem7AFBKRiLZg.0
      strict-transport-security:
      - max-age=2592000
      transfer-encoding:
      - chunked
      x-processing-time:
      - 28ms
    status:
      code: 200
      message: OK
- request:
    body: '{"scopes": ["chat"]}'
    headers:
      Accept:
      - application/json
      Accept-Encoding:
      - gzip, deflate
      Connection:
      - keep-alive
      Content-Length:
      - '20'
      Content-Type:
      - application/json
      Date:
      - Thu, 28 Jan 2021 02:58:58 GMT
      User-Agent:
      - azsdk-python-communication-administration/1.0.0b3 Python/3.7.9 (Windows-10-10.0.19041-SP0)
      x-ms-return-client-request-id:
      - 'true'
    method: POST
    uri: https://sanitized.int.communication.azure.net/identities/sanitized/token?api-version=2020-07-20-preview2
  response:
    body: '{"id": "sanitized", "token": "sanitized", "expiresOn": "2021-01-29T02:58:50.6917131+00:00"}'
    headers:
      api-supported-versions:
      - 2020-07-20-preview2, 2021-03-07
      content-type:
      - application/json; charset=utf-8
      date:
      - Thu, 28 Jan 2021 02:58:51 GMT
      ms-cv:
      - KUMS8wyd9EC4G0Q+49kEyg.0
      strict-transport-security:
      - max-age=2592000
      transfer-encoding:
      - chunked
      x-processing-time:
      - 119ms
    status:
      code: 200
      message: OK
- request:
    body: '{"topic": "test topic", "participants": "sanitized"}'
    headers:
      Accept:
      - application/json
      Accept-Encoding:
      - gzip, deflate
      Connection:
      - keep-alive
      Content-Length:
      - '205'
      Content-Type:
      - application/json
      User-Agent:
      - azsdk-python-communication-chat/1.0.0b3 Python/3.7.9 (Windows-10-10.0.19041-SP0)
      repeatability-Request-ID:
      - ebe703f4-bc68-46ff-9a40-297192a0b3fc
    method: POST
    uri: https://sanitized.int.communication.azure.net/chat/threads?api-version=2020-11-01-preview3
  response:
    body: '{"chatThread": {"id": "19:F1WmVh0FONcBMfaaG4qWHbDrG9AGlNljiGCtoHQjcyw1@thread.v2",
      "topic": "test topic", "createdOn": "2021-01-28T02:58:52Z", "createdBy": "8:acs:46849534-eb08-4ab7-bde7-c36928cd1547_00000007-e6cf-870d-dbb7-3a3a0d000559"}}'
    headers:
      api-supported-versions:
      - 2020-09-21-preview2, 2020-11-01-preview3, 2021-01-27-preview4
      content-type:
      - application/json; charset=utf-8
      date:
      - Thu, 28 Jan 2021 02:58:53 GMT
      ms-cv:
      - Nq2sQ0NYe0e7y1If5MISqw.0
      strict-transport-security:
      - max-age=2592000
      transfer-encoding:
      - chunked
      x-processing-time:
      - 1275ms
    status:
      code: 201
      message: Created
- request:
    body: '{"content": "hello world", "senderDisplayName": "sender name", "type":
      "text"}'
    headers:
      Accept:
      - application/json
      Accept-Encoding:
      - gzip, deflate
      Connection:
      - keep-alive
      Content-Length:
      - '78'
      Content-Type:
      - application/json
      User-Agent:
      - azsdk-python-communication-chat/1.0.0b3 Python/3.7.9 (Windows-10-10.0.19041-SP0)
    method: POST
    uri: https://sanitized.int.communication.azure.net/chat/threads/sanitized/messages?api-version=2020-11-01-preview3
  response:
    body: '{"id": "sanitized"}'
    headers:
      api-supported-versions:
      - 2020-09-21-preview2, 2020-11-01-preview3, 2021-01-27-preview4
      content-type:
      - application/json; charset=utf-8
      date:
      - Thu, 28 Jan 2021 02:58:53 GMT
      ms-cv:
      - Sdmvxxifmki3M1pStpQWFw.0
      strict-transport-security:
      - max-age=2592000
      transfer-encoding:
      - chunked
      x-processing-time:
      - 397ms
    status:
      code: 201
      message: Created
- request:
    body: '{"chatMessageId": "sanitized"}'
    headers:
      Accept:
      - application/json
      Accept-Encoding:
      - gzip, deflate
      Connection:
      - keep-alive
      Content-Length:
      - '34'
      Content-Type:
      - application/json
      User-Agent:
      - azsdk-python-communication-chat/1.0.0b3 Python/3.7.9 (Windows-10-10.0.19041-SP0)
    method: POST
    uri: https://sanitized.int.communication.azure.net/chat/threads/sanitized/readReceipts?api-version=2020-11-01-preview3
  response:
    body:
      string: ''
    headers:
      api-supported-versions:
      - 2020-09-21-preview2, 2020-11-01-preview3, 2021-01-27-preview4
      content-length:
      - '0'
      date:
      - Thu, 28 Jan 2021 02:58:54 GMT
      ms-cv:
      - Cm1e1VxaX0aN0ALs/oY1QQ.0
      strict-transport-security:
      - max-age=2592000
      x-processing-time:
      - 627ms
    status:
      code: 200
      message: OK
- request:
    body: null
    headers:
      Accept:
      - '*/*'
      Accept-Encoding:
      - gzip, deflate
      Connection:
      - keep-alive
      Content-Length:
      - '0'
      Date:
      - Thu, 28 Jan 2021 02:59:01 GMT
      User-Agent:
      - azsdk-python-communication-administration/1.0.0b3 Python/3.7.9 (Windows-10-10.0.19041-SP0)
      x-ms-return-client-request-id:
      - 'true'
    method: DELETE
    uri: https://sanitized.int.communication.azure.net/identities/sanitized?api-version=2020-07-20-preview2
  response:
    body:
      string: ''
    headers:
      api-supported-versions:
      - 2020-07-20-preview2, 2021-03-07
      date:
      - Thu, 28 Jan 2021 02:59:09 GMT
      ms-cv:
      - 8duaZ4hYCkOCZ+Y+KeByuQ.0
      strict-transport-security:
      - max-age=2592000
      x-processing-time:
      - 15738ms
    status:
      code: 204
      message: No Content
- request:
    body: null
    headers:
      Accept:
      - '*/*'
      Accept-Encoding:
      - gzip, deflate
      Connection:
      - keep-alive
      Content-Length:
      - '0'
      Date:
      - Thu, 28 Jan 2021 02:59:17 GMT
      User-Agent:
      - azsdk-python-communication-administration/1.0.0b3 Python/3.7.9 (Windows-10-10.0.19041-SP0)
      x-ms-return-client-request-id:
      - 'true'
    method: DELETE
    uri: https://sanitized.int.communication.azure.net/identities/sanitized?api-version=2020-07-20-preview2
  response:
    body:
      string: ''
    headers:
      api-supported-versions:
      - 2020-07-20-preview2, 2021-03-07
      date:
      - Thu, 28 Jan 2021 02:59:27 GMT
      ms-cv:
      - dWSmrOGJoEKW2H7960xw0A.0
      strict-transport-security:
      - max-age=2592000
      x-processing-time:
      - 17006ms
    status:
      code: 204
      message: No Content
- request:
    body: null
    headers:
      Accept:
      - application/json
      Accept-Encoding:
      - gzip, deflate
      Connection:
      - keep-alive
      Content-Length:
      - '0'
      User-Agent:
      - azsdk-python-communication-chat/1.0.0b3 Python/3.7.9 (Windows-10-10.0.19041-SP0)
    method: DELETE
    uri: https://sanitized.int.communication.azure.net/chat/threads/sanitized?api-version=2020-11-01-preview3
  response:
    body:
      string: ''
    headers:
      api-supported-versions:
      - 2020-09-21-preview2, 2020-11-01-preview3, 2021-01-27-preview4
      date:
      - Thu, 28 Jan 2021 02:59:27 GMT
      ms-cv:
      - ETIKAJOLdUyRp9dr3gfTsA.0
      strict-transport-security:
      - max-age=2592000
      x-processing-time:
      - 345ms
    status:
      code: 204
      message: No Content
version: 1
