interactions:
- request:
    body: null
    headers:
      Accept:
      - application/json
      Accept-Encoding:
      - gzip, deflate
      Connection:
      - keep-alive
      Content-Length:
      - '0'
      Content-Type:
      - application/json
      User-Agent:
      - azsdk-python-communication-identity/1.3.2 Python/3.10.2 (Windows-10-10.0.22621-SP0)
      x-ms-date:
      - Fri, 10 Mar 2023 00:44:45 GMT
      x-ms-return-client-request-id:
      - 'true'
    method: POST
    uri: https://sanitized.communication.azure.com/identities?api-version=2022-10-01
  response:
    body:
      string: '{"identity": {"id": "sanitized"}}'
    headers:
      api-supported-versions:
      - 2020-07-20-preview2, 2021-02-22-preview1, 2021-03-07, 2021-10-31-preview,
        2021-11-01, 2022-06-01, 2022-10-01, 2023-08-01
      content-length:
      - '101'
      content-type:
      - application/json; charset=utf-8
      date:
      - Fri, 10 Mar 2023 00:44:44 GMT
      ms-cv:
      - Lv4kEBOSM0qSm2g/ULnECg.0
      request-context:
      - appId=
      strict-transport-security:
      - max-age=2592000
      x-cache:
      - CONFIG_NOCACHE
      x-processing-time:
      - 22ms
    status:
      code: 201
      message: Created
- request:
    body: '{"scopes": ["chat"], "expiresInMinutes": null}'
    headers:
      Accept:
      - application/json
      Accept-Encoding:
      - gzip, deflate
      Connection:
      - keep-alive
      Content-Length:
      - '46'
      Content-Type:
      - application/json
      User-Agent:
      - azsdk-python-communication-identity/1.3.2 Python/3.10.2 (Windows-10-10.0.22621-SP0)
      x-ms-date:
      - Fri, 10 Mar 2023 00:44:45 GMT
      x-ms-return-client-request-id:
      - 'true'
    method: POST
    uri: https://sanitized.communication.azure.com/identities/sanitized/:issueAccessToken?api-version=2022-10-01
  response:
    body:
      string: '{"token": "sanitized", "expiresOn": "2023-03-11T00:44:45.2907894+00:00"}'
    headers:
      api-supported-versions:
      - 2020-07-20-preview2, 2021-02-22-preview1, 2021-03-07, 2021-10-31-preview,
        2021-11-01, 2022-06-01, 2022-10-01, 2023-08-01
      content-length:
      - '867'
      content-type:
      - application/json; charset=utf-8
      date:
      - Fri, 10 Mar 2023 00:44:44 GMT
      ms-cv:
      - bXPTRwdRREmILfhkzb7bEg.0
      request-context:
      - appId=
      strict-transport-security:
      - max-age=2592000
      x-cache:
      - CONFIG_NOCACHE
      x-processing-time:
      - 28ms
    status:
      code: 200
      message: OK
- request:
    body: null
    headers:
      Accept:
      - application/json
      Accept-Encoding:
      - gzip, deflate
      Connection:
      - keep-alive
      Content-Length:
      - '0'
      Content-Type:
      - application/json
      User-Agent:
      - azsdk-python-communication-identity/1.3.2 Python/3.10.2 (Windows-10-10.0.22621-SP0)
      x-ms-date:
      - Fri, 10 Mar 2023 00:44:45 GMT
      x-ms-return-client-request-id:
      - 'true'
    method: POST
    uri: https://sanitized.communication.azure.com/identities?api-version=2022-10-01
  response:
    body:
      string: '{"identity": {"id": "sanitized"}}'
    headers:
      api-supported-versions:
      - 2020-07-20-preview2, 2021-02-22-preview1, 2021-03-07, 2021-10-31-preview,
        2021-11-01, 2022-06-01, 2022-10-01, 2023-08-01
      content-length:
      - '101'
      content-type:
      - application/json; charset=utf-8
      date:
      - Fri, 10 Mar 2023 00:44:44 GMT
      ms-cv:
      - DFfEtDyKPU60NK7HO9bb9g.0
      request-context:
      - appId=
      strict-transport-security:
      - max-age=2592000
      x-cache:
      - CONFIG_NOCACHE
      x-processing-time:
      - 18ms
    status:
      code: 201
      message: Created
- request:
    body: '{"scopes": ["chat"], "expiresInMinutes": null}'
    headers:
      Accept:
      - application/json
      Accept-Encoding:
      - gzip, deflate
      Connection:
      - keep-alive
      Content-Length:
      - '46'
      Content-Type:
      - application/json
      User-Agent:
      - azsdk-python-communication-identity/1.3.2 Python/3.10.2 (Windows-10-10.0.22621-SP0)
      x-ms-date:
      - Fri, 10 Mar 2023 00:44:45 GMT
      x-ms-return-client-request-id:
      - 'true'
    method: POST
    uri: https://sanitized.communication.azure.com/identities/sanitized/:issueAccessToken?api-version=2022-10-01
  response:
    body:
      string: '{"token": "sanitized", "expiresOn": "2023-03-11T00:44:45.4238016+00:00"}'
    headers:
      api-supported-versions:
      - 2020-07-20-preview2, 2021-02-22-preview1, 2021-03-07, 2021-10-31-preview,
        2021-11-01, 2022-06-01, 2022-10-01, 2023-08-01
      content-length:
      - '867'
      content-type:
      - application/json; charset=utf-8
      date:
      - Fri, 10 Mar 2023 00:44:44 GMT
      ms-cv:
      - ypQhMQJtzUO29CTN2y7jWQ.0
      request-context:
      - appId=
      strict-transport-security:
      - max-age=2592000
      x-cache:
      - CONFIG_NOCACHE
      x-processing-time:
      - 25ms
    status:
      code: 200
      message: OK
- request:
    body: '{"topic": "test topic", "participants": "sanitized"}'
    headers:
      Accept:
      - application/json
      Content-Length:
      - '350'
      Content-Type:
      - application/json
      User-Agent:
      - azsdk-python-communication-chat/1.2.0 Python/3.10.2 (Windows-10-10.0.22621-SP0)
      repeatability-request-id:
      - f3cdf338-eda8-4bac-9424-bb2e9d8ba7d4
    method: POST
    uri: https://sanitized.communication.azure.com/chat/threads?api-version=2021-09-07
  response:
    body:
      string: '{"chatThread": {"id": "sanitized", "topic": "test topic", "createdOn":
        "2023-03-10T00:44:45Z", "createdByCommunicationIdentifier": {"rawId": "8:acs:357e39d2-a29a-4bf6-88cc-fda0afc2c0ed_00000017-68db-d515-28c5-593a0d00727a",
        "communicationUser": {"id": "sanitized"}}}}'
    headers:
      api-supported-versions: 2021-03-07, 2021-04-05-preview6, 2021-09-07, 2023-04-01-preview
      content-length: '373'
      content-type: application/json; charset=utf-8
      date: Fri, 10 Mar 2023 00:44:45 GMT
      ms-cv: VMZYHeht0EeAbj/4uJyDtA.0
      strict-transport-security: max-age=2592000
      x-cache: CONFIG_NOCACHE
      x-processing-time: 418ms
    status:
      code: 201
      message: Created
    url: https://sanitized.communication.azure.com/chat/threads?api-version=2021-09-07
- request:
    body: '{"content": "hello world", "senderDisplayName": "sender name", "type":
      "text"}'
    headers:
      Accept:
      - application/json
      Content-Length:
      - '78'
      Content-Type:
      - application/json
      User-Agent:
      - azsdk-python-communication-chat/1.2.0 Python/3.10.2 (Windows-10-10.0.22621-SP0)
    method: POST
    uri: https://sanitized.communication.azure.com/chat/threads/sanitized/messages?api-version=2021-09-07
  response:
    body:
      string: '{"id": "sanitized"}'
    headers:
      api-supported-versions: 2021-03-07, 2021-04-05-preview6, 2021-09-07, 2023-04-01-preview
      content-length: '22'
      content-type: application/json; charset=utf-8
      date: Fri, 10 Mar 2023 00:44:45 GMT
      ms-cv: upfQJApAHE2K2J4yYSnttw.0
      strict-transport-security: max-age=2592000
      x-cache: CONFIG_NOCACHE
      x-processing-time: 138ms
    status:
      code: 201
      message: Created
    url: https://sanitized.communication.azure.com/chat/threads/sanitized/messages?api-version=2021-09-07
- request:
    body: null
    headers:
      Accept:
      - application/json
      User-Agent:
      - azsdk-python-communication-chat/1.2.0 Python/3.10.2 (Windows-10-10.0.22621-SP0)
    method: GET
    uri: https://sanitized.communication.azure.com/chat/threads/sanitized/messages/sanitized?api-version=2021-09-07
  response:
    body:
      string: '{"id": "sanitized", "type": "text", "sequenceId": "3", "version": "1678409086100",
        "content": {"message": "hello world"}, "senderDisplayName": "sender name",
        "createdOn": "2023-03-10T00:44:46Z", "senderCommunicationIdentifier": {"rawId":
        "8:acs:357e39d2-a29a-4bf6-88cc-fda0afc2c0ed_00000017-68db-d515-28c5-593a0d00727a",
        "communicationUser": {"id": "sanitized"}}}'
    headers:
      api-supported-versions: 2021-03-07, 2021-04-05-preview6, 2021-09-07, 2023-04-01-preview
      content-length: '417'
      content-type: application/json; charset=utf-8
      date: Fri, 10 Mar 2023 00:44:45 GMT
      ms-cv: XTxyqYo9oESbTKPHYf8hIA.0
      strict-transport-security: max-age=2592000
      x-cache: CONFIG_NOCACHE
      x-processing-time: 126ms
    status:
      code: 200
      message: OK
    url: https://sanitized.communication.azure.com/chat/threads/sanitized/messages/sanitized?api-version=2021-09-07
- request:
    body: null
    headers:
      Accept:
      - application/json
      User-Agent:
      - azsdk-python-communication-chat/1.2.0 Python/3.10.2 (Windows-10-10.0.22621-SP0)
    method: DELETE
    uri: https://sanitized.communication.azure.com/chat/threads/sanitized?api-version=2021-09-07
  response:
    body:
      string: ''
    headers:
      api-supported-versions: 2021-03-07, 2021-04-05-preview6, 2021-09-07, 2023-04-01-preview
      date: Fri, 10 Mar 2023 00:44:45 GMT
      ms-cv: LRmPSpN8/kejRyaOHCFdOQ.0
      strict-transport-security: max-age=2592000
      x-cache: CONFIG_NOCACHE
      x-processing-time: 277ms
    status:
      code: 204
      message: No Content
    url: https://sanitized.communication.azure.com/chat/threads/sanitized?api-version=2021-09-07
- request:
    body: null
    headers:
      Accept:
      - application/json
      Accept-Encoding:
      - gzip, deflate
      Connection:
      - keep-alive
      Content-Length:
      - '0'
      User-Agent:
      - azsdk-python-communication-identity/1.3.2 Python/3.10.2 (Windows-10-10.0.22621-SP0)
      x-ms-date:
      - Fri, 10 Mar 2023 00:44:46 GMT
      x-ms-return-client-request-id:
      - 'true'
    method: DELETE
    uri: https://sanitized.communication.azure.com/identities/sanitized?api-version=2022-10-01
  response:
    body:
      string: ''
    headers:
      api-supported-versions:
      - 2020-07-20-preview2, 2021-02-22-preview1, 2021-03-07, 2021-10-31-preview,
        2021-11-01, 2022-06-01, 2022-10-01, 2023-08-01
      date:
      - Fri, 10 Mar 2023 00:44:46 GMT
      ms-cv:
      - HJjc7sm1V0W4lz5bZJQC4g.0
      request-context:
      - appId=
      strict-transport-security:
      - max-age=2592000
      x-cache:
      - CONFIG_NOCACHE
      x-processing-time:
      - 266ms
    status:
      code: 204
      message: No Content
- request:
    body: null
    headers:
      Accept:
      - application/json
      Accept-Encoding:
      - gzip, deflate
      Connection:
      - keep-alive
      Content-Length:
      - '0'
      User-Agent:
      - azsdk-python-communication-identity/1.3.2 Python/3.10.2 (Windows-10-10.0.22621-SP0)
      x-ms-date:
      - Fri, 10 Mar 2023 00:44:46 GMT
      x-ms-return-client-request-id:
      - 'true'
    method: DELETE
    uri: https://sanitized.communication.azure.com/identities/sanitized?api-version=2022-10-01
  response:
    body:
      string: ''
    headers:
      api-supported-versions:
      - 2020-07-20-preview2, 2021-02-22-preview1, 2021-03-07, 2021-10-31-preview,
        2021-11-01, 2022-06-01, 2022-10-01, 2023-08-01
      date:
      - Fri, 10 Mar 2023 00:44:46 GMT
      ms-cv:
      - 9bFvR/OOskuHcWBHMcY7LA.0
      request-context:
      - appId=
      strict-transport-security:
      - max-age=2592000
      x-cache:
      - CONFIG_NOCACHE
      x-processing-time:
      - 207ms
    status:
      code: 204
      message: No Content
version: 1
