interactions:
- request:
    body: null
    headers:
      Accept:
      - application/json
      Accept-Encoding:
      - gzip, deflate
      Connection:
      - keep-alive
      Content-Length:
      - '0'
      Date:
      - Fri, 04 Dec 2020 19:12:13 GMT
      User-Agent:
      - azsdk-python-communication-administration/1.0.0b3 Python/3.9.0 (Windows-10-10.0.19041-SP0)
      x-ms-return-client-request-id:
      - 'true'
    method: POST
    uri: https://sanitized.dev.communication.azure.net/identities?api-version=2020-07-20-preview2
  response:
    body: '{"id": "sanitized"}'
    headers:
      api-supported-versions:
      - 2020-01-15-preview3, 2020-07-20-preview1, 2020-07-20-preview2
      content-type:
      - application/json; charset=utf-8
      date:
      - Fri, 04 Dec 2020 19:12:14 GMT
      ms-cv:
      - BC9z1BJcZUW3yD7d5+FGAA.0
      transfer-encoding:
      - chunked
      x-processing-time:
      - 150ms
    status:
      code: 200
      message: OK
- request:
    body: '{"scopes": ["chat"]}'
    headers:
      Accept:
      - application/json
      Accept-Encoding:
      - gzip, deflate
      Connection:
      - keep-alive
      Content-Length:
      - '20'
      Content-Type:
      - application/json
      Date:
      - Fri, 04 Dec 2020 19:12:14 GMT
      User-Agent:
      - azsdk-python-communication-administration/1.0.0b3 Python/3.9.0 (Windows-10-10.0.19041-SP0)
      x-ms-return-client-request-id:
      - 'true'
    method: POST
    uri: https://sanitized.dev.communication.azure.net/identities/sanitized/token?api-version=2020-07-20-preview2
  response:
    body: '{"id": "sanitized", "token": "sanitized", "expiresOn": "2020-12-05T19:12:13.5682068+00:00"}'
    headers:
      api-supported-versions:
      - 2020-01-15-preview3, 2020-07-20-preview1, 2020-07-20-preview2
      content-type:
      - application/json; charset=utf-8
      date:
      - Fri, 04 Dec 2020 19:12:14 GMT
      ms-cv:
      - f4CckEXxGEGG9RSQGRWRbQ.0
      transfer-encoding:
      - chunked
      x-processing-time:
      - 320ms
    status:
      code: 200
      message: OK
- request:
    body: '{"topic": "test topic", "participants": "sanitized"}'
    headers:
      Accept:
      - application/json
      Content-Length:
      - '206'
      Content-Type:
      - application/json
      User-Agent:
      - azsdk-python-communication-chat/1.0.0b3 Python/3.9.0 (Windows-10-10.0.19041-SP0)
    method: POST
    uri: https://sanitized.dev.communication.azure.net/chat/threads?api-version=2020-11-01-preview3
  response:
    body: '{"chatThread": {"id": "19:3e4f7f02fc7c4d848ffc8174217b04b9@thread.v2",
      "topic": "test topic", "createdOn": "2020-12-04T19:12:15Z", "createdBy": "8:acs:9b665d53-8164-4923-ad5d-5e983b07d2e7_00000006-cf0c-eb65-8a72-5a3a0d00034d"}}'
    headers:
      api-supported-versions: 2020-09-21-preview2, 2020-11-01-preview3
      content-type: application/json; charset=utf-8
      date: Fri, 04 Dec 2020 19:12:15 GMT
      ms-cv: 4Rd+PNE5H0qjPzYUiNTe3A.0
      strict-transport-security: max-age=2592000
      transfer-encoding: chunked
      x-processing-time: 893ms
    status:
      code: 201
      message: Created
    url: https://sanitized.dev.communication.azure.net/chat/threads?api-version=2020-11-01-preview3
- request:
    body: null
    headers:
      Accept:
      - application/json
      User-Agent:
      - azsdk-python-communication-chat/1.0.0b3 Python/3.9.0 (Windows-10-10.0.19041-SP0)
    method: DELETE
    uri: https://sanitized.dev.communication.azure.net/chat/threads/sanitized?api-version=2020-11-01-preview3
  response:
    body:
      string: ''
    headers:
      api-supported-versions: 2020-09-21-preview2, 2020-11-01-preview3
      date: Fri, 04 Dec 2020 19:12:15 GMT
      ms-cv: /oy07bczM0OUuelRThSWoA.0
      strict-transport-security: max-age=2592000
      x-processing-time: 334ms
    status:
      code: 204
      message: No Content
    url: https://sanitized.dev.communication.azure.net/chat/threads/sanitized?api-version=2020-11-01-preview3
- request:
    body: null
    headers:
      Accept:
      - application/json
      User-Agent:
      - azsdk-python-communication-chat/1.0.0b3 Python/3.9.0 (Windows-10-10.0.19041-SP0)
    method: DELETE
    uri: https://sanitized.dev.communication.azure.net/chat/threads/sanitized?api-version=2020-11-01-preview3
  response:
    body:
      string: ''
    headers:
      api-supported-versions: 2020-09-21-preview2, 2020-11-01-preview3
      date: Fri, 04 Dec 2020 19:12:15 GMT
      ms-cv: eY/meUaW3ku71kdlog87yA.0
      strict-transport-security: max-age=2592000
      x-processing-time: 269ms
    status:
      code: 204
      message: No Content
    url: https://sanitized.dev.communication.azure.net/chat/threads/sanitized?api-version=2020-11-01-preview3
- request:
    body: null
    headers:
      Accept:
      - '*/*'
      Accept-Encoding:
      - gzip, deflate
      Connection:
      - keep-alive
      Content-Length:
      - '0'
      Date:
      - Fri, 04 Dec 2020 19:12:16 GMT
      User-Agent:
      - azsdk-python-communication-administration/1.0.0b3 Python/3.9.0 (Windows-10-10.0.19041-SP0)
      x-ms-return-client-request-id:
      - 'true'
    method: DELETE
    uri: https://sanitized.dev.communication.azure.net/identities/sanitized?api-version=2020-07-20-preview2
  response:
    body:
      string: ''
    headers:
      api-supported-versions:
      - 2020-01-15-preview3, 2020-07-20-preview1, 2020-07-20-preview2
      date:
      - Fri, 04 Dec 2020 19:12:32 GMT
      ms-cv:
      - LbY5liNdGE+0uC/TLJWWtw.0
      x-processing-time:
      - 16338ms
    status:
      code: 204
      message: No Content
version: 1
