interactions:
- request:
    body: '{}'
    headers:
      Accept:
      - application/json
      Accept-Encoding:
      - gzip, deflate
      Connection:
      - keep-alive
      Content-Length:
      - '2'
      Content-Type:
      - application/json
      Date:
      - Thu, 18 Mar 2021 23:55:13 GMT
      User-Agent:
      - azsdk-python-communication-identity/1.0.0b6 Python/3.7.9 (Windows-10-10.0.19041-SP0)
      x-ms-return-client-request-id:
      - 'true'
    method: POST
    uri: https://sanitized.communication.azure.com/identities?api-version=2021-03-07
  response:
    body: '{"identity": {"id": "8:acs:fac4607d-d2d0-40e5-84df-6f32ebd1251a_00000008-e7a5-46e1-ceb1-a43a0d00bc7e"}}'
    headers:
      api-supported-versions:
      - 2020-07-20-preview2, 2021-03-07
      content-type:
      - application/json; charset=utf-8
      date:
      - Thu, 18 Mar 2021 23:55:06 GMT
      ms-cv:
      - stV5ybZzIkazU9rN1m7o/Q.0
      request-context:
      - appId=
      strict-transport-security:
      - max-age=2592000
      transfer-encoding:
      - chunked
      x-processing-time:
      - 11ms
    status:
      code: 201
      message: Created
- request:
    body: '{"scopes": ["chat"]}'
    headers:
      Accept:
      - application/json
      Accept-Encoding:
      - gzip, deflate
      Connection:
      - keep-alive
      Content-Length:
      - '20'
      Content-Type:
      - application/json
      Date:
      - Thu, 18 Mar 2021 23:55:14 GMT
      User-Agent:
      - azsdk-python-communication-identity/1.0.0b6 Python/3.7.9 (Windows-10-10.0.19041-SP0)
      x-ms-return-client-request-id:
      - 'true'
    method: POST
    uri: https://sanitized.communication.azure.com/identities/sanitized/:issueAccessToken?api-version=2021-03-07
  response:
    body: '{"token": "sanitized", "expiresOn": "2021-03-19T23:55:06.0513764+00:00"}'
    headers:
      api-supported-versions:
      - 2020-07-20-preview2, 2021-03-07
      content-type:
      - application/json; charset=utf-8
      date:
      - Thu, 18 Mar 2021 23:55:06 GMT
      ms-cv:
      - TvSSIYC4h0qcnasNleTjhg.0
      request-context:
      - appId=
      strict-transport-security:
      - max-age=2592000
      transfer-encoding:
      - chunked
      x-processing-time:
      - 130ms
    status:
      code: 200
      message: OK
- request:
    body: '{"topic": "test topic1", "participants": "sanitized"}'
    headers:
      Accept:
      - application/json
      Accept-Encoding:
      - gzip, deflate
      Connection:
      - keep-alive
      Content-Length:
      - '44'
      Content-Type:
      - application/json
      User-Agent:
      - azsdk-python-communication-chat/1.0.0b6 Python/3.7.9 (Windows-10-10.0.19041-SP0)
      idempotency-token:
      - c5acde45-0972-4ec3-b6ea-68a2327769d7
    method: POST
    uri: https://sanitized.communication.azure.com/chat/threads?api-version=2021-03-01-preview5
  response:
    body: '{"chatThread": {"id": "19:UYZrazvrhFbkcHODxb6QPD2CTyeuuK0DfKWo-przd8U1@thread.v2",
      "topic": "test topic1", "createdOn": "2021-03-18T23:55:07Z", "createdByCommunicationIdentifier":
      {"rawId": "8:acs:fac4607d-d2d0-40e5-84df-6f32ebd1251a_00000008-e7a5-46e1-ceb1-a43a0d00bc7e",
      "communicationUser": {"id": "8:acs:fac4607d-d2d0-40e5-84df-6f32ebd1251a_00000008-e7a5-46e1-ceb1-a43a0d00bc7e"}}}}'
    headers:
      api-supported-versions:
      - 2020-09-21-preview2, 2020-11-01-preview3, 2021-01-27-preview4, 2021-03-01-preview5
      content-type:
      - application/json; charset=utf-8
      date:
      - Thu, 18 Mar 2021 23:55:07 GMT
      ms-cv:
      - rWqvzfN+xUKK5yYKQStGCA.0
      strict-transport-security:
      - max-age=2592000
      transfer-encoding:
      - chunked
      x-processing-time:
      - 807ms
    status:
      code: 201
      message: Created
- request:
    body: null
    headers:
      Accept:
      - application/json
      Accept-Encoding:
      - gzip, deflate
      Connection:
      - keep-alive
      User-Agent:
      - azsdk-python-communication-chat/1.0.0b6 Python/3.7.9 (Windows-10-10.0.19041-SP0)
    method: GET
    uri: https://sanitized.communication.azure.com/chat/threads?api-version=2021-03-01-preview5
  response:
    body: '{"value": "sanitized"}'
    headers:
      api-supported-versions:
      - 2020-09-21-preview2, 2020-11-01-preview3, 2021-01-27-preview4, 2021-03-01-preview5
      content-type:
      - application/json; charset=utf-8
      date:
      - Thu, 18 Mar 2021 23:55:07 GMT
      ms-cv:
      - OzrnHKrwDEG274eRDybFSQ.0
      strict-transport-security:
      - max-age=2592000
      transfer-encoding:
      - chunked
      x-processing-time:
      - 146ms
    status:
      code: 200
      message: OK
- request:
    body: null
    headers:
      Accept:
      - application/json
      Accept-Encoding:
      - gzip, deflate
      Connection:
      - keep-alive
      Content-Length:
      - '0'
      Date:
      - Thu, 18 Mar 2021 23:55:15 GMT
      User-Agent:
      - azsdk-python-communication-identity/1.0.0b6 Python/3.7.9 (Windows-10-10.0.19041-SP0)
      x-ms-return-client-request-id:
      - 'true'
    method: DELETE
    uri: https://sanitized.communication.azure.com/identities/sanitized?api-version=2021-03-07
  response:
    body:
      string: ''
    headers:
      api-supported-versions:
      - 2020-07-20-preview2, 2021-03-07
      date:
      - Thu, 18 Mar 2021 23:55:08 GMT
      ms-cv:
      - Mde/Pvir0kK+IbgoxS+vgQ.0
      request-context:
      - appId=
      strict-transport-security:
      - max-age=2592000
      x-processing-time:
      - 786ms
    status:
      code: 204
      message: No Content
- request:
    body: null
    headers:
      Accept:
      - application/json
      Accept-Encoding:
      - gzip, deflate
      Connection:
      - keep-alive
      Content-Length:
      - '0'
      User-Agent:
      - azsdk-python-communication-chat/1.0.0b6 Python/3.7.9 (Windows-10-10.0.19041-SP0)
    method: DELETE
    uri: https://sanitized.communication.azure.com/chat/threads/sanitized?api-version=2021-03-01-preview5
  response:
    body:
      string: ''
    headers:
      api-supported-versions:
      - 2020-09-21-preview2, 2020-11-01-preview3, 2021-01-27-preview4, 2021-03-01-preview5
      date:
      - Thu, 18 Mar 2021 23:55:09 GMT
      ms-cv:
      - Q/Tvf/XKYES1+YsobtR6+g.0
      strict-transport-security:
      - max-age=2592000
      x-processing-time:
      - 207ms
    status:
      code: 204
      message: No Content
version: 1
