interactions:
- request:
    body: '{}'
    headers:
      Accept:
      - application/json
      Accept-Encoding:
      - gzip, deflate
      Connection:
      - keep-alive
      Content-Length:
      - '2'
      Content-Type:
      - application/json
      User-Agent:
      - azsdk-python-communication-identity/1.0.1 Python/3.8.6rc1 (Windows-10-10.0.19041-SP0)
      x-ms-date:
      - Tue, 22 Jun 2021 19:09:08 GMT
      x-ms-return-client-request-id:
      - 'true'
    method: POST
    uri: https://sanitized.communication.azure.com/identities?api-version=2021-03-07
  response:
    body: '{"identity": {"id": "8:acs:ac80d96a-85de-48b1-995d-a3a3fa3627c8_0000000a-d501-f8c6-e3c7-593a0d0013d9"}}'
    headers:
      api-supported-versions:
      - 2020-07-20-preview2, 2021-02-22-preview1, 2021-03-07, 2021-03-31-preview1
      content-type:
      - application/json; charset=utf-8
      date:
      - Tue, 22 Jun 2021 19:09:08 GMT
      ms-cv:
      - HtZ2s6amhE2GAZ1Barrhqg.0
      request-context:
      - appId=
      strict-transport-security:
      - max-age=2592000
      transfer-encoding:
      - chunked
      x-cache:
      - CONFIG_NOCACHE
      x-processing-time:
      - 30ms
    status:
      code: 201
      message: Created
- request:
    body: '{"scopes": ["chat"]}'
    headers:
      Accept:
      - application/json
      Accept-Encoding:
      - gzip, deflate
      Connection:
      - keep-alive
      Content-Length:
      - '20'
      Content-Type:
      - application/json
      User-Agent:
      - azsdk-python-communication-identity/1.0.1 Python/3.8.6rc1 (Windows-10-10.0.19041-SP0)
      x-ms-date:
      - Tue, 22 Jun 2021 19:09:09 GMT
      x-ms-return-client-request-id:
      - 'true'
    method: POST
    uri: https://sanitized.communication.azure.com/identities/sanitized/:issueAccessToken?api-version=2021-03-07
  response:
    body: '{"token": "sanitized", "expiresOn": "2021-06-23T19:09:08.3435913+00:00"}'
    headers:
      api-supported-versions:
      - 2020-07-20-preview2, 2021-02-22-preview1, 2021-03-07, 2021-03-31-preview1
      content-type:
      - application/json; charset=utf-8
      date:
      - Tue, 22 Jun 2021 19:09:08 GMT
      ms-cv:
      - rCjPxQlsvkaJ+IRNDlz8Zg.0
      request-context:
      - appId=
      strict-transport-security:
      - max-age=2592000
      transfer-encoding:
      - chunked
      x-cache:
      - CONFIG_NOCACHE
      x-processing-time:
      - 60ms
    status:
      code: 200
      message: OK
- request:
    body: '{}'
    headers:
      Accept:
      - application/json
      Accept-Encoding:
      - gzip, deflate
      Connection:
      - keep-alive
      Content-Length:
      - '2'
      Content-Type:
      - application/json
      User-Agent:
      - azsdk-python-communication-identity/1.0.1 Python/3.8.6rc1 (Windows-10-10.0.19041-SP0)
      x-ms-date:
      - Tue, 22 Jun 2021 19:09:09 GMT
      x-ms-return-client-request-id:
      - 'true'
    method: POST
    uri: https://sanitized.communication.azure.com/identities?api-version=2021-03-07
  response:
    body: '{"identity": {"id": "8:acs:ac80d96a-85de-48b1-995d-a3a3fa3627c8_0000000a-d501-f9df-e3c7-593a0d0013da"}}'
    headers:
      api-supported-versions:
      - 2020-07-20-preview2, 2021-02-22-preview1, 2021-03-07, 2021-03-31-preview1
      content-type:
      - application/json; charset=utf-8
      date:
      - Tue, 22 Jun 2021 19:09:08 GMT
      ms-cv:
      - h75IXJvsC06jo4Z5t7aNYw.0
      request-context:
      - appId=
      strict-transport-security:
      - max-age=2592000
      transfer-encoding:
      - chunked
      x-cache:
      - CONFIG_NOCACHE
      x-processing-time:
      - 32ms
    status:
      code: 201
      message: Created
- request:
    body: '{"scopes": ["chat"]}'
    headers:
      Accept:
      - application/json
      Accept-Encoding:
      - gzip, deflate
      Connection:
      - keep-alive
      Content-Length:
      - '20'
      Content-Type:
      - application/json
      User-Agent:
      - azsdk-python-communication-identity/1.0.1 Python/3.8.6rc1 (Windows-10-10.0.19041-SP0)
      x-ms-date:
      - Tue, 22 Jun 2021 19:09:09 GMT
      x-ms-return-client-request-id:
      - 'true'
    method: POST
    uri: https://sanitized.communication.azure.com/identities/sanitized/:issueAccessToken?api-version=2021-03-07
  response:
    body: '{"token": "sanitized", "expiresOn": "2021-06-23T19:09:08.6047047+00:00"}'
    headers:
      api-supported-versions:
      - 2020-07-20-preview2, 2021-02-22-preview1, 2021-03-07, 2021-03-31-preview1
      content-type:
      - application/json; charset=utf-8
      date:
      - Tue, 22 Jun 2021 19:09:08 GMT
      ms-cv:
      - YiQt8KhNTEWU+HhnYzY4kA.0
      request-context:
      - appId=
      strict-transport-security:
      - max-age=2592000
      transfer-encoding:
      - chunked
      x-cache:
      - CONFIG_NOCACHE
      x-processing-time:
      - 37ms
    status:
      code: 200
      message: OK
- request:
    body: '{"topic": "test topic", "participants": "sanitized"}'
    headers:
      Accept:
      - application/json
      Content-Length:
      - '350'
      Content-Type:
      - application/json
      User-Agent:
      - azsdk-python-communication-chat/1.0.1 Python/3.8.6rc1 (Windows-10-10.0.19041-SP0)
      repeatability-request-id:
      - 953e6c0f-8e33-41f7-a39e-607d41110a97
    method: POST
    uri: https://sanitized.communication.azure.com/chat/threads?api-version=2021-03-07
  response:
    body: '{"chatThread": {"id": "19:8L5DznUk2BTRaiIaJYKY2wjL1ktdMtr2B0oteb4nF1E1@thread.v2",
      "topic": "test topic", "createdOn": "2021-06-22T19:09:10Z", "createdByCommunicationIdentifier":
      {"rawId": "8:acs:ac80d96a-85de-48b1-995d-a3a3fa3627c8_0000000a-d501-f8c6-e3c7-593a0d0013d9",
      "communicationUser": {"id": "8:acs:ac80d96a-85de-48b1-995d-a3a3fa3627c8_0000000a-d501-f8c6-e3c7-593a0d0013d9"}}}}'
    headers:
      api-supported-versions: 2020-09-21-preview2, 2020-11-01-preview3, 2021-01-27-preview4,
        2021-03-01-preview5, 2021-03-07, 2021-04-05-preview6
      content-type: application/json; charset=utf-8
      date: Tue, 22 Jun 2021 19:09:11 GMT
      ms-cv: E9VUCrw310K82hcWSYF9Vg.0
      strict-transport-security: max-age=2592000
      transfer-encoding: chunked
      x-cache: CONFIG_NOCACHE
      x-processing-time: 1784ms
    status:
      code: 201
      message: Created
    url: https://sanitized.communication.azure.com/chat/threads?api-version=2021-03-07
- request:
    body: '{"content": "hello world", "senderDisplayName": "sender name", "type":
      "text"}'
    headers:
      Accept:
      - application/json
      Content-Length:
      - '78'
      Content-Type:
      - application/json
      User-Agent:
      - azsdk-python-communication-chat/1.0.1 Python/3.8.6rc1 (Windows-10-10.0.19041-SP0)
    method: POST
    uri: https://sanitized.communication.azure.com/chat/threads/sanitized/messages?api-version=2021-03-07
  response:
    body: '{"id": "sanitized"}'
    headers:
      api-supported-versions: 2020-09-21-preview2, 2020-11-01-preview3, 2021-01-27-preview4,
        2021-03-01-preview5, 2021-03-07, 2021-04-05-preview6
      content-type: application/json; charset=utf-8
      date: Tue, 22 Jun 2021 19:09:11 GMT
      ms-cv: ylYRdhRhvUKJ0Wx87K+dYg.0
      strict-transport-security: max-age=2592000
      transfer-encoding: chunked
      x-cache: CONFIG_NOCACHE
      x-processing-time: 316ms
    status:
      code: 201
      message: Created
    url: https://sanitized.communication.azure.com/chat/threads/sanitized/messages?api-version=2021-03-07
- request:
    body: null
    headers:
      Accept:
      - application/json
      User-Agent:
      - azsdk-python-communication-chat/1.0.1 Python/3.8.6rc1 (Windows-10-10.0.19041-SP0)
    method: DELETE
    uri: https://sanitized.communication.azure.com/chat/threads/sanitized?api-version=2021-03-07
  response:
    body:
      string: ''
    headers:
      api-supported-versions: 2020-09-21-preview2, 2020-11-01-preview3, 2021-01-27-preview4,
        2021-03-01-preview5, 2021-03-07, 2021-04-05-preview6
      date: Tue, 22 Jun 2021 19:09:12 GMT
      ms-cv: Oa4GzalUdEGtgzviJrEIbw.0
      strict-transport-security: max-age=2592000
      x-cache: CONFIG_NOCACHE
      x-processing-time: 186ms
    status:
      code: 204
      message: No Content
    url: https://sanitized.communication.azure.com/chat/threads/sanitized?api-version=2021-03-07
- request:
    body: null
    headers:
      Accept:
      - application/json
      Accept-Encoding:
      - gzip, deflate
      Connection:
      - keep-alive
      Content-Length:
      - '0'
      User-Agent:
      - azsdk-python-communication-identity/1.0.1 Python/3.8.6rc1 (Windows-10-10.0.19041-SP0)
      x-ms-date:
      - Tue, 22 Jun 2021 19:09:12 GMT
      x-ms-return-client-request-id:
      - 'true'
    method: DELETE
    uri: https://sanitized.communication.azure.com/identities/sanitized?api-version=2021-03-07
  response:
    body:
      string: ''
    headers:
      api-supported-versions:
      - 2020-07-20-preview2, 2021-02-22-preview1, 2021-03-07, 2021-03-31-preview1
      date:
      - Tue, 22 Jun 2021 19:09:12 GMT
      ms-cv:
      - JCIfRw/J6EOJPRM6k/SWxw.0
      request-context:
      - appId=
      strict-transport-security:
      - max-age=2592000
      x-cache:
      - CONFIG_NOCACHE
      x-processing-time:
      - 817ms
    status:
      code: 204
      message: No Content
- request:
    body: null
    headers:
      Accept:
      - application/json
      Accept-Encoding:
      - gzip, deflate
      Connection:
      - keep-alive
      Content-Length:
      - '0'
      User-Agent:
      - azsdk-python-communication-identity/1.0.1 Python/3.8.6rc1 (Windows-10-10.0.19041-SP0)
      x-ms-date:
      - Tue, 22 Jun 2021 19:09:13 GMT
      x-ms-return-client-request-id:
      - 'true'
    method: DELETE
    uri: https://sanitized.communication.azure.com/identities/sanitized?api-version=2021-03-07
  response:
    body:
      string: ''
    headers:
      api-supported-versions:
      - 2020-07-20-preview2, 2021-02-22-preview1, 2021-03-07, 2021-03-31-preview1
      date:
      - Tue, 22 Jun 2021 19:09:12 GMT
      ms-cv:
      - QiJj4E9WeE6gU+VjHg1LYA.0
      request-context:
      - appId=
      strict-transport-security:
      - max-age=2592000
      x-cache:
      - CONFIG_NOCACHE
      x-processing-time:
      - 592ms
    status:
      code: 204
      message: No Content
version: 1
