interactions:
- request:
    body: '{}'
    headers:
      Accept:
      - application/json
      Accept-Encoding:
      - gzip, deflate
      Connection:
      - keep-alive
      Content-Length:
      - '2'
      Content-Type:
      - application/json
      Date:
      - Thu, 18 Mar 2021 23:53:56 GMT
      User-Agent:
      - azsdk-python-communication-identity/1.0.0b6 Python/3.7.9 (Windows-10-10.0.19041-SP0)
      x-ms-return-client-request-id:
      - 'true'
    method: POST
    uri: https://sanitized.communication.azure.com/identities?api-version=2021-03-07
  response:
    body: '{"identity": {"id": "8:acs:fac4607d-d2d0-40e5-84df-6f32ebd1251a_00000008-e7a4-1872-02c3-593a0d00549b"}}'
    headers:
      api-supported-versions:
      - 2020-07-20-preview2, 2021-03-07
      content-type:
      - application/json; charset=utf-8
      date:
      - Thu, 18 Mar 2021 23:53:48 GMT
      ms-cv:
      - 32PMpX7pZ0GAa1trHR61LQ.0
      request-context:
      - appId=
      strict-transport-security:
      - max-age=2592000
      transfer-encoding:
      - chunked
      x-processing-time:
      - 12ms
    status:
      code: 201
      message: Created
- request:
    body: '{"scopes": ["chat"]}'
    headers:
      Accept:
      - application/json
      Accept-Encoding:
      - gzip, deflate
      Connection:
      - keep-alive
      Content-Length:
      - '20'
      Content-Type:
      - application/json
      Date:
      - Thu, 18 Mar 2021 23:53:56 GMT
      User-Agent:
      - azsdk-python-communication-identity/1.0.0b6 Python/3.7.9 (Windows-10-10.0.19041-SP0)
      x-ms-return-client-request-id:
      - 'true'
    method: POST
    uri: https://sanitized.communication.azure.com/identities/sanitized/:issueAccessToken?api-version=2021-03-07
  response:
    body: '{"token": "sanitized", "expiresOn": "2021-03-19T23:53:48.513138+00:00"}'
    headers:
      api-supported-versions:
      - 2020-07-20-preview2, 2021-03-07
      content-type:
      - application/json; charset=utf-8
      date:
      - Thu, 18 Mar 2021 23:53:49 GMT
      ms-cv:
      - iK3rXebnY0+5Cw03CDXy4Q.0
      request-context:
      - appId=
      strict-transport-security:
      - max-age=2592000
      transfer-encoding:
      - chunked
      x-processing-time:
      - 25ms
    status:
      code: 200
      message: OK
- request:
    body: '{}'
    headers:
      Accept:
      - application/json
      Accept-Encoding:
      - gzip, deflate
      Connection:
      - keep-alive
      Content-Length:
      - '2'
      Content-Type:
      - application/json
      Date:
      - Thu, 18 Mar 2021 23:53:57 GMT
      User-Agent:
      - azsdk-python-communication-identity/1.0.0b6 Python/3.7.9 (Windows-10-10.0.19041-SP0)
      x-ms-return-client-request-id:
      - 'true'
    method: POST
    uri: https://sanitized.communication.azure.com/identities?api-version=2021-03-07
  response:
    body: '{"identity": {"id": "8:acs:fac4607d-d2d0-40e5-84df-6f32ebd1251a_00000008-e7a4-1961-e3c7-593a0d00918d"}}'
    headers:
      api-supported-versions:
      - 2020-07-20-preview2, 2021-03-07
      content-type:
      - application/json; charset=utf-8
      date:
      - Thu, 18 Mar 2021 23:53:49 GMT
      ms-cv:
      - axbpYMUbVU2fN7HH7OgDrA.0
      request-context:
      - appId=
      strict-transport-security:
      - max-age=2592000
      transfer-encoding:
      - chunked
      x-processing-time:
      - 29ms
    status:
      code: 201
      message: Created
- request:
    body: '{"scopes": ["chat"]}'
    headers:
      Accept:
      - application/json
      Accept-Encoding:
      - gzip, deflate
      Connection:
      - keep-alive
      Content-Length:
      - '20'
      Content-Type:
      - application/json
      Date:
      - Thu, 18 Mar 2021 23:53:57 GMT
      User-Agent:
      - azsdk-python-communication-identity/1.0.0b6 Python/3.7.9 (Windows-10-10.0.19041-SP0)
      x-ms-return-client-request-id:
      - 'true'
    method: POST
    uri: https://sanitized.communication.azure.com/identities/sanitized/:issueAccessToken?api-version=2021-03-07
  response:
    body: '{"token": "sanitized", "expiresOn": "2021-03-19T23:53:48.7576184+00:00"}'
    headers:
      api-supported-versions:
      - 2020-07-20-preview2, 2021-03-07
      content-type:
      - application/json; charset=utf-8
      date:
      - Thu, 18 Mar 2021 23:53:49 GMT
      ms-cv:
      - U6Gu/VFUZki8X8/Zi09sOA.0
      request-context:
      - appId=
      strict-transport-security:
      - max-age=2592000
      transfer-encoding:
      - chunked
      x-processing-time:
      - 27ms
    status:
      code: 200
      message: OK
- request:
    body: '{"topic": "test topic", "participants": "sanitized"}'
    headers:
      Accept:
      - application/json
      Content-Length:
      - '258'
      Content-Type:
      - application/json
      User-Agent:
      - azsdk-python-communication-chat/1.0.0b6 Python/3.7.9 (Windows-10-10.0.19041-SP0)
      idempotency-token:
      - fc46b577-b855-46d9-93bc-ac60f9301438
    method: POST
    uri: https://sanitized.communication.azure.com/chat/threads?api-version=2021-03-01-preview5
  response:
    body: '{"chatThread": {"id": "19:rpgY3lRnD8zIMKc-UDuH5w6k39Pr1Oj1ipatmUC7b7I1@thread.v2",
      "topic": "test topic", "createdOn": "2021-03-18T23:53:50Z", "createdByCommunicationIdentifier":
      {"rawId": "8:acs:fac4607d-d2d0-40e5-84df-6f32ebd1251a_00000008-e7a4-1872-02c3-593a0d00549b",
      "communicationUser": {"id": "8:acs:fac4607d-d2d0-40e5-84df-6f32ebd1251a_00000008-e7a4-1872-02c3-593a0d00549b"}}}}'
    headers:
      api-supported-versions: 2020-09-21-preview2, 2020-11-01-preview3, 2021-01-27-preview4,
        2021-03-01-preview5
      content-type: application/json; charset=utf-8
      date: Thu, 18 Mar 2021 23:53:50 GMT
      ms-cv: 76L5efwIUkaz4jzBu/TieA.0
      strict-transport-security: max-age=2592000
      transfer-encoding: chunked
      x-processing-time: 576ms
    status:
      code: 201
      message: Created
    url: https://sanitized.communication.azure.com/chat/threads?api-version=2021-03-01-preview5
- request:
    body: '{"content": "hello world", "senderDisplayName": "sender name", "type":
      "text"}'
    headers:
      Accept:
      - application/json
      Content-Length:
      - '78'
      Content-Type:
      - application/json
      User-Agent:
      - azsdk-python-communication-chat/1.0.0b6 Python/3.7.9 (Windows-10-10.0.19041-SP0)
    method: POST
    uri: https://sanitized.communication.azure.com/chat/threads/sanitized/messages?api-version=2021-03-01-preview5
  response:
    body: '{"id": "sanitized"}'
    headers:
      api-supported-versions: 2020-09-21-preview2, 2020-11-01-preview3, 2021-01-27-preview4,
        2021-03-01-preview5
      content-type: application/json; charset=utf-8
      date: Thu, 18 Mar 2021 23:53:50 GMT
      ms-cv: 9XRq462BNUCOqMONB71GBw.0
      strict-transport-security: max-age=2592000
      transfer-encoding: chunked
      x-processing-time: 135ms
    status:
      code: 201
      message: Created
    url: https://sanitized.communication.azure.com/chat/threads/sanitized/messages?api-version=2021-03-01-preview5
- request:
    body: null
    headers:
      Accept:
      - application/json
      User-Agent:
      - azsdk-python-communication-chat/1.0.0b6 Python/3.7.9 (Windows-10-10.0.19041-SP0)
    method: GET
    uri: https://sanitized.communication.azure.com/chat/threads/sanitized/messages/sanitized?api-version=2021-03-01-preview5
  response:
    body: '{"id": "sanitized", "type": "text", "sequenceId": "3", "version": "1616111630750",
      "content": {"message": "hello world"}, "senderDisplayName": "sender name", "createdOn":
      "2021-03-18T23:53:50Z", "senderCommunicationIdentifier": {"rawId": "8:acs:fac4607d-d2d0-40e5-84df-6f32ebd1251a_00000008-e7a4-1872-02c3-593a0d00549b",
      "communicationUser": {"id": "8:acs:fac4607d-d2d0-40e5-84df-6f32ebd1251a_00000008-e7a4-1872-02c3-593a0d00549b"}}}'
    headers:
      api-supported-versions: 2020-09-21-preview2, 2020-11-01-preview3, 2021-01-27-preview4,
        2021-03-01-preview5
      content-type: application/json; charset=utf-8
      date: Thu, 18 Mar 2021 23:53:50 GMT
      ms-cv: SSiUtQAynkiD09BDKCzm5Q.0
      strict-transport-security: max-age=2592000
      transfer-encoding: chunked
      x-processing-time: 105ms
    status:
      code: 200
      message: OK
    url: https://sanitized.communication.azure.com/chat/threads/sanitized/messages/sanitized?api-version=2021-03-01-preview5
- request:
    body: null
    headers:
      Accept:
      - application/json
      User-Agent:
      - azsdk-python-communication-chat/1.0.0b6 Python/3.7.9 (Windows-10-10.0.19041-SP0)
    method: DELETE
    uri: https://sanitized.communication.azure.com/chat/threads/sanitized?api-version=2021-03-01-preview5
  response:
    body:
      string: ''
    headers:
      api-supported-versions: 2020-09-21-preview2, 2020-11-01-preview3, 2021-01-27-preview4,
        2021-03-01-preview5
      date: Thu, 18 Mar 2021 23:53:50 GMT
      ms-cv: ZYj/upMGTU6nyhIUkZVn6g.0
      strict-transport-security: max-age=2592000
      x-processing-time: 193ms
    status:
      code: 204
      message: No Content
    url: https://sanitized.communication.azure.com/chat/threads/sanitized?api-version=2021-03-01-preview5
- request:
    body: null
    headers:
      Accept:
      - application/json
      Accept-Encoding:
      - gzip, deflate
      Connection:
      - keep-alive
      Content-Length:
      - '0'
      Date:
      - Thu, 18 Mar 2021 23:53:58 GMT
      User-Agent:
      - azsdk-python-communication-identity/1.0.0b6 Python/3.7.9 (Windows-10-10.0.19041-SP0)
      x-ms-return-client-request-id:
      - 'true'
    method: DELETE
    uri: https://sanitized.communication.azure.com/identities/sanitized?api-version=2021-03-07
  response:
    body:
      string: ''
    headers:
      api-supported-versions:
      - 2020-07-20-preview2, 2021-03-07
      date:
      - Thu, 18 Mar 2021 23:53:51 GMT
      ms-cv:
      - JEjI2E/cm0yLWrJGQgcptg.0
      request-context:
      - appId=
      strict-transport-security:
      - max-age=2592000
      x-processing-time:
      - 357ms
    status:
      code: 204
      message: No Content
- request:
    body: null
    headers:
      Accept:
      - application/json
      Accept-Encoding:
      - gzip, deflate
      Connection:
      - keep-alive
      Content-Length:
      - '0'
      Date:
      - Thu, 18 Mar 2021 23:53:59 GMT
      User-Agent:
      - azsdk-python-communication-identity/1.0.0b6 Python/3.7.9 (Windows-10-10.0.19041-SP0)
      x-ms-return-client-request-id:
      - 'true'
    method: DELETE
    uri: https://sanitized.communication.azure.com/identities/sanitized?api-version=2021-03-07
  response:
    body:
      string: ''
    headers:
      api-supported-versions:
      - 2020-07-20-preview2, 2021-03-07
      date:
      - Thu, 18 Mar 2021 23:53:51 GMT
      ms-cv:
      - Qhxe5SVAcEqYXsLD6sc2bg.0
      request-context:
      - appId=
      strict-transport-security:
      - max-age=2592000
      x-processing-time:
      - 784ms
    status:
      code: 204
      message: No Content
version: 1
