interactions:
- request:
    body: null
    headers:
      Accept:
      - application/json
      Accept-Encoding:
      - gzip, deflate
      Connection:
      - keep-alive
      Content-Length:
      - '0'
      Date:
      - Tue, 01 Dec 2020 17:49:48 GMT
      User-Agent:
      - azsdk-python-communication-administration/1.0.0b1 Python/3.8.5 (Windows-10-10.0.19041-SP0)
      x-ms-return-client-request-id:
      - 'true'
    method: POST
    uri: https://sanitized.communication.azure.com/identities?api-version=2020-07-20-preview2
  response:
    body: '{"id": "sanitized"}'
    headers:
      api-supported-versions:
      - 2020-01-15-preview3, 2020-07-20-preview1, 2020-07-20-preview2
      content-type:
      - application/json; charset=utf-8
      date:
      - Tue, 01 Dec 2020 17:49:44 GMT
      ms-cv:
      - l3SgnfFWTUanl0BwM07qkQ.0
      strict-transport-security:
      - max-age=2592000
      transfer-encoding:
      - chunked
      x-processing-time:
      - 20ms
    status:
      code: 200
      message: OK
- request:
    body: '{"scopes": ["chat"]}'
    headers:
      Accept:
      - application/json
      Accept-Encoding:
      - gzip, deflate
      Connection:
      - keep-alive
      Content-Length:
      - '20'
      Content-Type:
      - application/json
      Date:
      - Tue, 01 Dec 2020 17:49:49 GMT
      User-Agent:
      - azsdk-python-communication-administration/1.0.0b1 Python/3.8.5 (Windows-10-10.0.19041-SP0)
      x-ms-return-client-request-id:
      - 'true'
    method: POST
    uri: https://sanitized.communication.azure.com/identities/sanitized/token?api-version=2020-07-20-preview2
  response:
    body: '{"id": "sanitized", "token": "sanitized", "expiresOn": "2020-12-02T17:49:44.4177512+00:00"}'
    headers:
      api-supported-versions:
      - 2020-01-15-preview3, 2020-07-20-preview1, 2020-07-20-preview2
      content-type:
      - application/json; charset=utf-8
      date:
      - Tue, 01 Dec 2020 17:49:44 GMT
      ms-cv:
      - KRgRokTyLEGYIqWbB8q85w.0
      strict-transport-security:
      - max-age=2592000
      transfer-encoding:
      - chunked
      x-processing-time:
      - 25ms
    status:
      code: 200
      message: OK
- request:
    body: '{"topic": "test topic", "members": "sanitized"}'
    headers:
      Accept:
      - application/json
      Content-Length:
      - '201'
      Content-Type:
      - application/json
      User-Agent:
      - azsdk-python-communication-chat/1.0.0b2 Python/3.8.5 (Windows-10-10.0.19041-SP0)
    method: POST
    uri: https://sanitized.communication.azure.com/chat/threads?api-version=2020-09-21-preview2
  response:
    body: '{"multipleStatus": "sanitized"}'
    headers:
      api-supported-versions: 2020-09-21-preview2, 2020-11-01-preview3
      content-type: application/json; charset=utf-8
      date: Tue, 01 Dec 2020 17:49:45 GMT
      ms-cv: EZMYBhNJ0UCfsqP4Zv6HBQ.0
      strict-transport-security: max-age=2592000
      transfer-encoding: chunked
      x-processing-time: 301ms
    status:
      code: 207
      message: Multi-Status
    url: https://sanitized.communication.azure.com/chat/threads?api-version=2020-09-21-preview2
- request:
    body: null
    headers:
      Accept:
      - application/json
      User-Agent:
      - azsdk-python-communication-chat/1.0.0b2 Python/3.8.5 (Windows-10-10.0.19041-SP0)
    method: GET
    uri: https://sanitized.communication.azure.com/chat/threads?maxPageSize=1&api-version=2020-09-21-preview2
  response:
    body: '{"value": "sanitized"}'
    headers:
      api-supported-versions: 2020-09-21-preview2, 2020-11-01-preview3
      content-type: application/json; charset=utf-8
      date: Tue, 01 Dec 2020 17:49:47 GMT
      ms-cv: Ejm+2OCjWEy/Pi1FkxKBPQ.0
      strict-transport-security: max-age=2592000
      transfer-encoding: chunked
      x-processing-time: 164ms
    status:
      code: 200
      message: OK
    url: https://sanitized.communication.azure.com/chat/threads?maxPageSize=1&api-version=2020-09-21-preview2
- request:
    body: null
    headers:
      Accept:
      - application/json
      User-Agent:
      - azsdk-python-communication-chat/1.0.0b2 Python/3.8.5 (Windows-10-10.0.19041-SP0)
    method: DELETE
    uri: https://sanitized.communication.azure.com/chat/threads/sanitized?api-version=2020-09-21-preview2
  response:
    body:
      string: ''
    headers:
      api-supported-versions: 2020-09-21-preview2, 2020-11-01-preview3
      date: Tue, 01 Dec 2020 17:49:47 GMT
      ms-cv: TIjTshCoD0Wkc2ViRwj3mA.0
      strict-transport-security: max-age=2592000
      x-processing-time: 178ms
    status:
      code: 204
      message: No Content
    url: https://sanitized.communication.azure.com/chat/threads/sanitized?api-version=2020-09-21-preview2
- request:
    body: null
    headers:
      Accept:
      - '*/*'
      Accept-Encoding:
      - gzip, deflate
      Connection:
      - keep-alive
      Content-Length:
      - '0'
      Date:
      - Tue, 01 Dec 2020 17:49:52 GMT
      User-Agent:
      - azsdk-python-communication-administration/1.0.0b1 Python/3.8.5 (Windows-10-10.0.19041-SP0)
      x-ms-return-client-request-id:
      - 'true'
    method: DELETE
    uri: https://sanitized.communication.azure.com/identities/sanitized?api-version=2020-07-20-preview2
  response:
    body:
      string: ''
    headers:
      api-supported-versions:
      - 2020-01-15-preview3, 2020-07-20-preview1, 2020-07-20-preview2
      date:
      - Tue, 01 Dec 2020 17:49:49 GMT
      ms-cv:
      - tAlw2fTcuUOTKCkgKz+vJA.0
      strict-transport-security:
      - max-age=2592000
      x-processing-time:
      - 1091ms
    status:
      code: 204
      message: No Content
version: 1
