interactions:
- request:
    body: '{}'
    headers:
      Accept:
      - application/json
      Accept-Encoding:
      - gzip, deflate
      Connection:
      - keep-alive
      Content-Length:
      - '2'
      Content-Type:
      - application/json
      User-Agent:
      - azsdk-python-communication-identity/1.0.1 Python/3.8.6rc1 (Windows-10-10.0.19041-SP0)
      x-ms-date:
      - Tue, 22 Jun 2021 20:51:59 GMT
      x-ms-return-client-request-id:
      - 'true'
    method: POST
    uri: https://sanitized.communication.azure.com/identities?api-version=2021-03-07
  response:
    body: '{"identity": {"id": "8:acs:ac80d96a-85de-48b1-995d-a3a3fa3627c8_0000000a-d560-2139-28c5-593a0d001bbf"}}'
    headers:
      api-supported-versions:
      - 2020-07-20-preview2, 2021-02-22-preview1, 2021-03-07, 2021-03-31-preview1
      content-type:
      - application/json; charset=utf-8
      date:
      - Tue, 22 Jun 2021 20:51:59 GMT
      ms-cv:
      - HZFqLa4hkUyGMVEld3KdVA.0
      request-context:
      - appId=
      strict-transport-security:
      - max-age=2592000
      transfer-encoding:
      - chunked
      x-cache:
      - CONFIG_NOCACHE
      x-processing-time:
      - 51ms
    status:
      code: 201
      message: Created
- request:
    body: '{"scopes": ["chat"]}'
    headers:
      Accept:
      - application/json
      Accept-Encoding:
      - gzip, deflate
      Connection:
      - keep-alive
      Content-Length:
      - '20'
      Content-Type:
      - application/json
      User-Agent:
      - azsdk-python-communication-identity/1.0.1 Python/3.8.6rc1 (Windows-10-10.0.19041-SP0)
      x-ms-date:
      - Tue, 22 Jun 2021 20:51:59 GMT
      x-ms-return-client-request-id:
      - 'true'
    method: POST
    uri: https://sanitized.communication.azure.com/identities/sanitized/:issueAccessToken?api-version=2021-03-07
  response:
    body: '{"token": "sanitized", "expiresOn": "2021-06-23T20:51:59.096303+00:00"}'
    headers:
      api-supported-versions:
      - 2020-07-20-preview2, 2021-02-22-preview1, 2021-03-07, 2021-03-31-preview1
      content-type:
      - application/json; charset=utf-8
      date:
      - Tue, 22 Jun 2021 20:51:59 GMT
      ms-cv:
      - hZ+lbd0rsUmh4681jrgnYg.0
      request-context:
      - appId=
      strict-transport-security:
      - max-age=2592000
      transfer-encoding:
      - chunked
      x-cache:
      - CONFIG_NOCACHE
      x-processing-time:
      - 65ms
    status:
      code: 200
      message: OK
- request:
    body: '{"topic": "test topic", "participants": "sanitized"}'
    headers:
      Accept:
      - application/json
      Accept-Encoding:
      - gzip, deflate
      Connection:
      - keep-alive
      Content-Length:
      - '349'
      Content-Type:
      - application/json
      User-Agent:
      - azsdk-python-communication-chat/1.0.1 Python/3.8.6rc1 (Windows-10-10.0.19041-SP0)
      repeatability-request-id:
      - 9853473b-2e19-48a9-9e01-7213d5a48b17
    method: POST
    uri: https://sanitized.communication.azure.com/chat/threads?api-version=2021-03-07
  response:
    body: '{"chatThread": {"id": "19:baoPhoV0MBRwCFaTw9B6KTXk9IPD6BdiXpmtgzOiZMU1@thread.v2",
      "topic": "test topic", "createdOn": "2021-06-22T20:52:00Z", "createdByCommunicationIdentifier":
      {"rawId": "8:acs:ac80d96a-85de-48b1-995d-a3a3fa3627c8_0000000a-d560-2139-28c5-593a0d001bbf",
      "communicationUser": {"id": "8:acs:ac80d96a-85de-48b1-995d-a3a3fa3627c8_0000000a-d560-2139-28c5-593a0d001bbf"}}}}'
    headers:
      api-supported-versions:
      - 2020-09-21-preview2, 2020-11-01-preview3, 2021-01-27-preview4, 2021-03-01-preview5,
        2021-03-07, 2021-04-05-preview6
      content-type:
      - application/json; charset=utf-8
      date:
      - Tue, 22 Jun 2021 20:52:00 GMT
      ms-cv:
      - kGbFzY/Kk0ytZH55SddRAg.0
      strict-transport-security:
      - max-age=2592000
      transfer-encoding:
      - chunked
      x-cache:
      - CONFIG_NOCACHE
      x-processing-time:
      - 417ms
    status:
      code: 201
      message: Created
- request:
    body: '{"topic": "test topic", "participants": "sanitized"}'
    headers:
      Accept:
      - application/json
      Accept-Encoding:
      - gzip, deflate
      Connection:
      - keep-alive
      Content-Length:
      - '350'
      Content-Type:
      - application/json
      User-Agent:
      - azsdk-python-communication-chat/1.0.1 Python/3.8.6rc1 (Windows-10-10.0.19041-SP0)
      repeatability-request-id:
      - 9853473b-2e19-48a9-9e01-7213d5a48b17
    method: POST
    uri: https://sanitized.communication.azure.com/chat/threads?api-version=2021-03-07
  response:
    body: '{"chatThread": {"id": "19:baoPhoV0MBRwCFaTw9B6KTXk9IPD6BdiXpmtgzOiZMU1@thread.v2",
      "topic": "test topic", "createdOn": "2021-06-22T20:52:00Z", "createdByCommunicationIdentifier":
      {"rawId": "8:acs:ac80d96a-85de-48b1-995d-a3a3fa3627c8_0000000a-d560-2139-28c5-593a0d001bbf",
      "communicationUser": {"id": "8:acs:ac80d96a-85de-48b1-995d-a3a3fa3627c8_0000000a-d560-2139-28c5-593a0d001bbf"}}}}'
    headers:
      api-supported-versions:
      - 2020-09-21-preview2, 2020-11-01-preview3, 2021-01-27-preview4, 2021-03-01-preview5,
        2021-03-07, 2021-04-05-preview6
      content-type:
      - application/json; charset=utf-8
      date:
      - Tue, 22 Jun 2021 20:52:00 GMT
      ms-cv:
      - uD0G+0wiIUWTNMOyZ0YwMA.0
      strict-transport-security:
      - max-age=2592000
      transfer-encoding:
      - chunked
      x-cache:
      - CONFIG_NOCACHE
      x-processing-time:
      - 324ms
    status:
      code: 201
      message: Created
- request:
    body: null
    headers:
      Accept:
      - application/json
      Accept-Encoding:
      - gzip, deflate
      Connection:
      - keep-alive
      Content-Length:
      - '0'
      User-Agent:
      - azsdk-python-communication-chat/1.0.1 Python/3.8.6rc1 (Windows-10-10.0.19041-SP0)
    method: DELETE
    uri: https://sanitized.communication.azure.com/chat/threads/sanitized?api-version=2021-03-07
  response:
    body:
      string: ''
    headers:
      api-supported-versions:
      - 2020-09-21-preview2, 2020-11-01-preview3, 2021-01-27-preview4, 2021-03-01-preview5,
        2021-03-07, 2021-04-05-preview6
      date:
      - Tue, 22 Jun 2021 20:52:00 GMT
      ms-cv:
      - EOkx3+UMpUiLV24IbB04lg.0
      strict-transport-security:
      - max-age=2592000
      x-cache:
      - CONFIG_NOCACHE
      x-processing-time:
      - 156ms
    status:
      code: 204
      message: No Content
- request:
    body: null
    headers:
      Accept:
      - application/json
      Accept-Encoding:
      - gzip, deflate
      Connection:
      - keep-alive
      Content-Length:
      - '0'
      User-Agent:
      - azsdk-python-communication-identity/1.0.1 Python/3.8.6rc1 (Windows-10-10.0.19041-SP0)
      x-ms-date:
      - Tue, 22 Jun 2021 20:52:01 GMT
      x-ms-return-client-request-id:
      - 'true'
    method: DELETE
    uri: https://sanitized.communication.azure.com/identities/sanitized?api-version=2021-03-07
  response:
    body:
      string: ''
    headers:
      api-supported-versions:
      - 2020-07-20-preview2, 2021-02-22-preview1, 2021-03-07, 2021-03-31-preview1
      date:
      - Tue, 22 Jun 2021 20:52:01 GMT
      ms-cv:
      - 4ibqaJ1kXE29KWKliFiPoQ.0
      request-context:
      - appId=
      strict-transport-security:
      - max-age=2592000
      x-cache:
      - CONFIG_NOCACHE
      x-processing-time:
      - 849ms
    status:
      code: 204
      message: No Content
version: 1
