interactions:
- request:
    body: '{}'
    headers:
      Accept:
      - application/json
      Accept-Encoding:
      - gzip, deflate
      Connection:
      - keep-alive
      Content-Length:
      - '2'
      Content-Type:
      - application/json
      Date:
      - Fri, 26 Feb 2021 12:09:39 GMT
      User-Agent:
      - azsdk-python-communication-identity/1.0.0b4 Python/3.7.9 (Windows-10-10.0.19041-SP0)
      x-ms-return-client-request-id:
      - 'true'
    method: POST
    uri: https://sanitized.int.communication.azure.net/identities?api-version=2021-03-07
  response:
    body: '{"identity": {"id": "8:acs:46849534-eb08-4ab7-bde7-c36928cd1547_00000008-7e20-331c-1db7-3a3a0d00abcd"}}'
    headers:
      api-supported-versions:
      - 2020-07-20-preview2, 2021-03-07
      content-type:
      - application/json; charset=utf-8
      date:
      - Fri, 26 Feb 2021 12:09:37 GMT
      ms-cv:
      - 6fjyz2KxQ0mEERzD3Ya8Sg.0
      request-context:
      - appId=
      strict-transport-security:
      - max-age=2592000
      transfer-encoding:
      - chunked
      x-processing-time:
      - 14ms
    status:
      code: 201
      message: Created
- request:
    body: '{"scopes": ["chat"]}'
    headers:
      Accept:
      - application/json
      Accept-Encoding:
      - gzip, deflate
      Connection:
      - keep-alive
      Content-Length:
      - '20'
      Content-Type:
      - application/json
      Date:
      - Fri, 26 Feb 2021 12:09:40 GMT
      User-Agent:
      - azsdk-python-communication-identity/1.0.0b4 Python/3.7.9 (Windows-10-10.0.19041-SP0)
      x-ms-return-client-request-id:
      - 'true'
    method: POST
    uri: https://sanitized.int.communication.azure.net/identities/sanitized/:issueAccessToken?api-version=2021-03-07
  response:
    body: '{"token": "sanitized", "expiresOn": "2021-02-27T12:09:36.9608151+00:00"}'
    headers:
      api-supported-versions:
      - 2020-07-20-preview2, 2021-03-07
      content-type:
      - application/json; charset=utf-8
      date:
      - Fri, 26 Feb 2021 12:09:37 GMT
      ms-cv:
      - AFAMXvYv10+RfthoiHh8gg.0
      request-context:
      - appId=
      strict-transport-security:
      - max-age=2592000
      transfer-encoding:
      - chunked
      x-processing-time:
      - 94ms
    status:
      code: 200
      message: OK
- request:
    body: '{}'
    headers:
      Accept:
      - application/json
      Accept-Encoding:
      - gzip, deflate
      Connection:
      - keep-alive
      Content-Length:
      - '2'
      Content-Type:
      - application/json
      Date:
      - Fri, 26 Feb 2021 12:09:40 GMT
      User-Agent:
      - azsdk-python-communication-identity/1.0.0b4 Python/3.7.9 (Windows-10-10.0.19041-SP0)
      x-ms-return-client-request-id:
      - 'true'
    method: POST
    uri: https://sanitized.int.communication.azure.net/identities?api-version=2021-03-07
  response:
    body: '{"identity": {"id": "8:acs:46849534-eb08-4ab7-bde7-c36928cd1547_00000008-7e20-33ed-1db7-3a3a0d00abce"}}'
    headers:
      api-supported-versions:
      - 2020-07-20-preview2, 2021-03-07
      content-type:
      - application/json; charset=utf-8
      date:
      - Fri, 26 Feb 2021 12:09:37 GMT
      ms-cv:
      - jCJdVnb4MEmGekSVnZwIMA.0
      request-context:
      - appId=
      strict-transport-security:
      - max-age=2592000
      transfer-encoding:
      - chunked
      x-processing-time:
      - 14ms
    status:
      code: 201
      message: Created
- request:
    body: '{"scopes": ["chat"]}'
    headers:
      Accept:
      - application/json
      Accept-Encoding:
      - gzip, deflate
      Connection:
      - keep-alive
      Content-Length:
      - '20'
      Content-Type:
      - application/json
      Date:
      - Fri, 26 Feb 2021 12:09:40 GMT
      User-Agent:
      - azsdk-python-communication-identity/1.0.0b4 Python/3.7.9 (Windows-10-10.0.19041-SP0)
      x-ms-return-client-request-id:
      - 'true'
    method: POST
    uri: https://sanitized.int.communication.azure.net/identities/sanitized/:issueAccessToken?api-version=2021-03-07
  response:
    body: '{"token": "sanitized", "expiresOn": "2021-02-27T12:09:37.1677636+00:00"}'
    headers:
      api-supported-versions:
      - 2020-07-20-preview2, 2021-03-07
      content-type:
      - application/json; charset=utf-8
      date:
      - Fri, 26 Feb 2021 12:09:37 GMT
      ms-cv:
      - Mcce895CSUWjFiX0aXI/Lg.0
      request-context:
      - appId=
      strict-transport-security:
      - max-age=2592000
      transfer-encoding:
      - chunked
      x-processing-time:
      - 94ms
    status:
      code: 200
      message: OK
- request:
    body: '{"topic": "test topic", "participants": "sanitized"}'
    headers:
      Accept:
      - application/json
      Accept-Encoding:
      - gzip, deflate
      Connection:
      - keep-alive
      Content-Length:
      - '258'
      Content-Type:
      - application/json
      User-Agent:
      - azsdk-python-communication-chat/1.0.0b4 Python/3.7.9 (Windows-10-10.0.19041-SP0)
      repeatability-Request-Id:
      - 9a0e49f6-066c-40fd-9a67-e11a84a90fbf
    method: POST
    uri: https://sanitized.int.communication.azure.net/chat/threads?api-version=2021-01-27-preview4
  response:
    body: '{"chatThread": {"id": "19:Fe96gg4xHhUwrAf-GgOk0Zpi9sn5DzuRZ5GQWixA_kI1@thread.v2",
      "topic": "test topic", "createdOn": "2021-02-26T12:09:38Z", "createdByCommunicationIdentifier":
      {"rawId": "8:acs:46849534-eb08-4ab7-bde7-c36928cd1547_00000008-7e20-331c-1db7-3a3a0d00abcd",
      "communicationUser": {"id": "8:acs:46849534-eb08-4ab7-bde7-c36928cd1547_00000008-7e20-331c-1db7-3a3a0d00abcd"}}}}'
    headers:
      api-supported-versions:
      - 2020-09-21-preview2, 2020-11-01-preview3, 2021-01-27-preview4
      content-type:
      - application/json; charset=utf-8
      date:
      - Fri, 26 Feb 2021 12:09:38 GMT
      ms-cv:
      - KrDq+EY9C0uG3Om29Q3R6A.0
      strict-transport-security:
      - max-age=2592000
      transfer-encoding:
      - chunked
      x-processing-time:
      - 845ms
    status:
      code: 201
      message: Created
- request:
    body: null
    headers:
      Accept:
      - application/json
      Accept-Encoding:
      - gzip, deflate
      Connection:
      - keep-alive
      Content-Length:
      - '0'
      User-Agent:
      - azsdk-python-communication-chat/1.0.0b4 Python/3.7.9 (Windows-10-10.0.19041-SP0)
    method: POST
    uri: https://sanitized.int.communication.azure.net/chat/threads/sanitized/typing?api-version=2021-01-27-preview4
  response:
    body:
      string: ''
    headers:
      api-supported-versions:
      - 2020-09-21-preview2, 2020-11-01-preview3, 2021-01-27-preview4
      content-length:
      - '0'
      date:
      - Fri, 26 Feb 2021 12:09:39 GMT
      ms-cv:
      - kf/hhPsvZ0GggXaaOjoGcg.0
      strict-transport-security:
      - max-age=2592000
      x-processing-time:
      - 649ms
    status:
      code: 200
      message: OK
- request:
    body: null
    headers:
      Accept:
      - application/json
      Accept-Encoding:
      - gzip, deflate
      Connection:
      - keep-alive
      Content-Length:
      - '0'
      Date:
      - Fri, 26 Feb 2021 12:09:42 GMT
      User-Agent:
      - azsdk-python-communication-identity/1.0.0b4 Python/3.7.9 (Windows-10-10.0.19041-SP0)
      x-ms-return-client-request-id:
      - 'true'
    method: DELETE
    uri: https://sanitized.int.communication.azure.net/identities/sanitized?api-version=2021-03-07
  response:
    body:
      string: ''
    headers:
      api-supported-versions:
      - 2020-07-20-preview2, 2021-03-07
      date:
      - Fri, 26 Feb 2021 12:09:56 GMT
      ms-cv:
      - gV+hZcjvREmhq+dkw6XMMA.0
      request-context:
      - appId=
      strict-transport-security:
      - max-age=2592000
      x-processing-time:
      - 17305ms
    status:
      code: 204
      message: No Content
- request:
    body: null
    headers:
      Accept:
      - application/json
      Accept-Encoding:
      - gzip, deflate
      Connection:
      - keep-alive
      Content-Length:
      - '0'
      Date:
      - Fri, 26 Feb 2021 12:09:59 GMT
      User-Agent:
      - azsdk-python-communication-identity/1.0.0b4 Python/3.7.9 (Windows-10-10.0.19041-SP0)
      x-ms-return-client-request-id:
      - 'true'
    method: DELETE
    uri: https://sanitized.int.communication.azure.net/identities/sanitized?api-version=2021-03-07
  response:
    body:
      string: ''
    headers:
      api-supported-versions:
      - 2020-07-20-preview2, 2021-03-07
      date:
      - Fri, 26 Feb 2021 12:10:14 GMT
      ms-cv:
      - fDw0aDmpTkaiS2iNSnHTVg.0
      request-context:
      - appId=
      strict-transport-security:
      - max-age=2592000
      x-processing-time:
      - 16697ms
    status:
      code: 204
      message: No Content
- request:
    body: null
    headers:
      Accept:
      - application/json
      Accept-Encoding:
      - gzip, deflate
      Connection:
      - keep-alive
      Content-Length:
      - '0'
      User-Agent:
      - azsdk-python-communication-chat/1.0.0b4 Python/3.7.9 (Windows-10-10.0.19041-SP0)
    method: DELETE
    uri: https://sanitized.int.communication.azure.net/chat/threads/sanitized?api-version=2021-01-27-preview4
  response:
    body:
      string: ''
    headers:
      api-supported-versions:
      - 2020-09-21-preview2, 2020-11-01-preview3, 2021-01-27-preview4
      date:
      - Fri, 26 Feb 2021 12:10:14 GMT
      ms-cv:
      - Z9vUN2pPf0ufffge7RUR9g.0
      strict-transport-security:
      - max-age=2592000
      x-processing-time:
      - 295ms
    status:
      code: 204
      message: No Content
version: 1
