interactions:
- request:
    body: '{}'
    headers:
      Accept:
      - application/json
      Accept-Encoding:
      - gzip, deflate
      Connection:
      - keep-alive
      Content-Length:
      - '2'
      Content-Type:
      - application/json
      User-Agent:
      - azsdk-python-communication-identity/1.0.1 Python/3.8.6rc1 (Windows-10-10.0.19041-SP0)
      x-ms-date:
      - Tue, 22 Jun 2021 20:54:50 GMT
      x-ms-return-client-request-id:
      - 'true'
    method: POST
    uri: https://sanitized.communication.azure.com/identities?api-version=2021-03-07
  response:
    body: '{"identity": {"id": "8:acs:ac80d96a-85de-48b1-995d-a3a3fa3627c8_0000000a-d562-be09-51b9-a43a0d009445"}}'
    headers:
      api-supported-versions:
      - 2020-07-20-preview2, 2021-02-22-preview1, 2021-03-07, 2021-03-31-preview1
      content-type:
      - application/json; charset=utf-8
      date:
      - Tue, 22 Jun 2021 20:54:50 GMT
      ms-cv:
      - /Ub5zZaghkaLwcdZOFVNrQ.0
      request-context:
      - appId=
      strict-transport-security:
      - max-age=2592000
      transfer-encoding:
      - chunked
      x-cache:
      - CONFIG_NOCACHE
      x-processing-time:
      - 70ms
    status:
      code: 201
      message: Created
- request:
    body: '{"scopes": ["chat"]}'
    headers:
      Accept:
      - application/json
      Accept-Encoding:
      - gzip, deflate
      Connection:
      - keep-alive
      Content-Length:
      - '20'
      Content-Type:
      - application/json
      User-Agent:
      - azsdk-python-communication-identity/1.0.1 Python/3.8.6rc1 (Windows-10-10.0.19041-SP0)
      x-ms-date:
      - Tue, 22 Jun 2021 20:54:51 GMT
      x-ms-return-client-request-id:
      - 'true'
    method: POST
    uri: https://sanitized.communication.azure.com/identities/sanitized/:issueAccessToken?api-version=2021-03-07
  response:
    body: '{"token": "sanitized", "expiresOn": "2021-06-23T20:54:50.484132+00:00"}'
    headers:
      api-supported-versions:
      - 2020-07-20-preview2, 2021-02-22-preview1, 2021-03-07, 2021-03-31-preview1
      content-type:
      - application/json; charset=utf-8
      date:
      - Tue, 22 Jun 2021 20:54:50 GMT
      ms-cv:
      - iv3zmQ6ekUOcE3i6Sovp4Q.0
      request-context:
      - appId=
      strict-transport-security:
      - max-age=2592000
      transfer-encoding:
      - chunked
      x-cache:
      - CONFIG_NOCACHE
      x-processing-time:
      - 171ms
    status:
      code: 200
      message: OK
- request:
    body: '{}'
    headers:
      Accept:
      - application/json
      Accept-Encoding:
      - gzip, deflate
      Connection:
      - keep-alive
      Content-Length:
      - '2'
      Content-Type:
      - application/json
      User-Agent:
      - azsdk-python-communication-identity/1.0.1 Python/3.8.6rc1 (Windows-10-10.0.19041-SP0)
      x-ms-date:
      - Tue, 22 Jun 2021 20:54:51 GMT
      x-ms-return-client-request-id:
      - 'true'
    method: POST
    uri: https://sanitized.communication.azure.com/identities?api-version=2021-03-07
  response:
    body: '{"identity": {"id": "8:acs:ac80d96a-85de-48b1-995d-a3a3fa3627c8_0000000a-d562-c010-51b9-a43a0d009446"}}'
    headers:
      api-supported-versions:
      - 2020-07-20-preview2, 2021-02-22-preview1, 2021-03-07, 2021-03-31-preview1
      content-type:
      - application/json; charset=utf-8
      date:
      - Tue, 22 Jun 2021 20:54:50 GMT
      ms-cv:
      - NEhQUCZwjU2XlFeTkB632Q.0
      request-context:
      - appId=
      strict-transport-security:
      - max-age=2592000
      transfer-encoding:
      - chunked
      x-cache:
      - CONFIG_NOCACHE
      x-processing-time:
      - 96ms
    status:
      code: 201
      message: Created
- request:
    body: '{"scopes": ["chat"]}'
    headers:
      Accept:
      - application/json
      Accept-Encoding:
      - gzip, deflate
      Connection:
      - keep-alive
      Content-Length:
      - '20'
      Content-Type:
      - application/json
      User-Agent:
      - azsdk-python-communication-identity/1.0.1 Python/3.8.6rc1 (Windows-10-10.0.19041-SP0)
      x-ms-date:
      - Tue, 22 Jun 2021 20:54:51 GMT
      x-ms-return-client-request-id:
      - 'true'
    method: POST
    uri: https://sanitized.communication.azure.com/identities/sanitized/:issueAccessToken?api-version=2021-03-07
  response:
    body: '{"token": "sanitized", "expiresOn": "2021-06-23T20:54:51.03718+00:00"}'
    headers:
      api-supported-versions:
      - 2020-07-20-preview2, 2021-02-22-preview1, 2021-03-07, 2021-03-31-preview1
      content-type:
      - application/json; charset=utf-8
      date:
      - Tue, 22 Jun 2021 20:54:52 GMT
      ms-cv:
      - uQGkYyW2NEOewW448sR/rQ.0
      request-context:
      - appId=
      strict-transport-security:
      - max-age=2592000
      transfer-encoding:
      - chunked
      x-cache:
      - CONFIG_NOCACHE
      x-processing-time:
      - 147ms
    status:
      code: 200
      message: OK
- request:
    body: '{"topic": "test topic", "participants": "sanitized"}'
    headers:
      Accept:
      - application/json
      Content-Length:
      - '350'
      Content-Type:
      - application/json
      User-Agent:
      - azsdk-python-communication-chat/1.0.1 Python/3.8.6rc1 (Windows-10-10.0.19041-SP0)
      repeatability-request-id:
      - 7cadd68e-5e6f-4a33-8862-fc8769ece727
    method: POST
    uri: https://sanitized.communication.azure.com/chat/threads?api-version=2021-03-07
  response:
    body: '{"chatThread": {"id": "19:h5Qj9fgSx2isMThWhsaE5_Jll8G0a163GcIoNmmFnIg1@thread.v2",
      "topic": "test topic", "createdOn": "2021-06-22T20:54:52Z", "createdByCommunicationIdentifier":
      {"rawId": "8:acs:ac80d96a-85de-48b1-995d-a3a3fa3627c8_0000000a-d562-be09-51b9-a43a0d009445",
      "communicationUser": {"id": "8:acs:ac80d96a-85de-48b1-995d-a3a3fa3627c8_0000000a-d562-be09-51b9-a43a0d009445"}}}}'
    headers:
      api-supported-versions: 2020-09-21-preview2, 2020-11-01-preview3, 2021-01-27-preview4,
        2021-03-01-preview5, 2021-03-07, 2021-04-05-preview6
      content-type: application/json; charset=utf-8
      date: Tue, 22 Jun 2021 20:54:52 GMT
      ms-cv: c9gEYpnO8k+cpKoGdwsW+w.0
      strict-transport-security: max-age=2592000
      transfer-encoding: chunked
      x-cache: CONFIG_NOCACHE
      x-processing-time: 431ms
    status:
      code: 201
      message: Created
    url: https://sanitized.communication.azure.com/chat/threads?api-version=2021-03-07
- request:
    body: '{"content": "hello world", "senderDisplayName": "sender name", "type":
      "text"}'
    headers:
      Accept:
      - application/json
      Content-Length:
      - '78'
      Content-Type:
      - application/json
      User-Agent:
      - azsdk-python-communication-chat/1.0.1 Python/3.8.6rc1 (Windows-10-10.0.19041-SP0)
    method: POST
    uri: https://sanitized.communication.azure.com/chat/threads/sanitized/messages?api-version=2021-03-07
  response:
    body: '{"id": "sanitized"}'
    headers:
      api-supported-versions: 2020-09-21-preview2, 2020-11-01-preview3, 2021-01-27-preview4,
        2021-03-01-preview5, 2021-03-07, 2021-04-05-preview6
      content-type: application/json; charset=utf-8
      date: Tue, 22 Jun 2021 20:54:53 GMT
      ms-cv: QWI0euuxD0i0svu061fdXw.0
      strict-transport-security: max-age=2592000
      transfer-encoding: chunked
      x-cache: CONFIG_NOCACHE
      x-processing-time: 185ms
    status:
      code: 201
      message: Created
    url: https://sanitized.communication.azure.com/chat/threads/sanitized/messages?api-version=2021-03-07
- request:
    body: '{"content": "updated message content"}'
    headers:
      Accept:
      - application/json
      Content-Length:
      - '38'
      Content-Type:
      - application/merge-patch+json
      User-Agent:
      - azsdk-python-communication-chat/1.0.1 Python/3.8.6rc1 (Windows-10-10.0.19041-SP0)
    method: PATCH
    uri: https://sanitized.communication.azure.com/chat/threads/sanitized/messages/sanitized?api-version=2021-03-07
  response:
    body:
      string: ''
    headers:
      api-supported-versions: 2020-09-21-preview2, 2020-11-01-preview3, 2021-01-27-preview4,
        2021-03-01-preview5, 2021-03-07, 2021-04-05-preview6
      date: Tue, 22 Jun 2021 20:54:53 GMT
      ms-cv: Fcb4SdBa7EiwyKgPMltfWQ.0
      strict-transport-security: max-age=2592000
      x-cache: CONFIG_NOCACHE
      x-processing-time: 245ms
    status:
      code: 204
      message: No Content
    url: https://sanitized.communication.azure.com/chat/threads/sanitized/messages/sanitized?api-version=2021-03-07
- request:
    body: null
    headers:
      Accept:
      - application/json
      User-Agent:
      - azsdk-python-communication-chat/1.0.1 Python/3.8.6rc1 (Windows-10-10.0.19041-SP0)
    method: DELETE
    uri: https://sanitized.communication.azure.com/chat/threads/sanitized?api-version=2021-03-07
  response:
    body:
      string: ''
    headers:
      api-supported-versions: 2020-09-21-preview2, 2020-11-01-preview3, 2021-01-27-preview4,
        2021-03-01-preview5, 2021-03-07, 2021-04-05-preview6
      date: Tue, 22 Jun 2021 20:54:53 GMT
      ms-cv: AeZmKWdjskK4lhb+mpHV8A.0
      strict-transport-security: max-age=2592000
      x-cache: CONFIG_NOCACHE
      x-processing-time: 179ms
    status:
      code: 204
      message: No Content
    url: https://sanitized.communication.azure.com/chat/threads/sanitized?api-version=2021-03-07
- request:
    body: null
    headers:
      Accept:
      - application/json
      Accept-Encoding:
      - gzip, deflate
      Connection:
      - keep-alive
      Content-Length:
      - '0'
      User-Agent:
      - azsdk-python-communication-identity/1.0.1 Python/3.8.6rc1 (Windows-10-10.0.19041-SP0)
      x-ms-date:
      - Tue, 22 Jun 2021 20:54:54 GMT
      x-ms-return-client-request-id:
      - 'true'
    method: DELETE
    uri: https://sanitized.communication.azure.com/identities/sanitized?api-version=2021-03-07
  response:
    body:
      string: ''
    headers:
      api-supported-versions:
      - 2020-07-20-preview2, 2021-02-22-preview1, 2021-03-07, 2021-03-31-preview1
      date:
      - Tue, 22 Jun 2021 20:54:54 GMT
      ms-cv:
      - Sf5Or/RWBEGpB2hKq0oo5w.0
      request-context:
      - appId=
      strict-transport-security:
      - max-age=2592000
      x-cache:
      - CONFIG_NOCACHE
      x-processing-time:
      - 588ms
    status:
      code: 204
      message: No Content
- request:
    body: null
    headers:
      Accept:
      - application/json
      Accept-Encoding:
      - gzip, deflate
      Connection:
      - keep-alive
      Content-Length:
      - '0'
      User-Agent:
      - azsdk-python-communication-identity/1.0.1 Python/3.8.6rc1 (Windows-10-10.0.19041-SP0)
      x-ms-date:
      - Tue, 22 Jun 2021 20:54:54 GMT
      x-ms-return-client-request-id:
      - 'true'
    method: DELETE
    uri: https://sanitized.communication.azure.com/identities/sanitized?api-version=2021-03-07
  response:
    body:
      string: ''
    headers:
      api-supported-versions:
      - 2020-07-20-preview2, 2021-02-22-preview1, 2021-03-07, 2021-03-31-preview1
      date:
      - Tue, 22 Jun 2021 20:54:55 GMT
      ms-cv:
      - w92WNoXjZEeYpHIgqWMXfw.0
      request-context:
      - appId=
      strict-transport-security:
      - max-age=2592000
      x-cache:
      - CONFIG_NOCACHE
      x-processing-time:
      - 708ms
    status:
      code: 204
      message: No Content
version: 1
