interactions:
- request:
    body: '{}'
    headers:
      Accept:
      - application/json
      Accept-Encoding:
      - gzip, deflate
      Connection:
      - keep-alive
      Content-Length:
      - '2'
      Content-Type:
      - application/json
      Date:
      - Tue, 23 Mar 2021 02:01:40 GMT
      User-Agent:
      - azsdk-python-communication-identity/1.0.0b6 Python/3.7.9 (Windows-10-10.0.19041-SP0)
      x-ms-return-client-request-id:
      - 'true'
    method: POST
    uri: https://sanitized.communication.azure.com/identities?api-version=2021-03-07
  response:
    body: '{"identity": {"id": "8:acs:fac4607d-d2d0-40e5-84df-6f32ebd1251a_00000008-fcb2-8ce7-6a0b-343a0d002767"}}'
    headers:
      api-supported-versions:
      - 2020-07-20-preview2, 2021-02-22-preview1, 2021-03-07
      content-type:
      - application/json; charset=utf-8
      date:
      - Tue, 23 Mar 2021 02:01:38 GMT
      ms-cv:
      - ImRSG/3KLEGs976GXBpY1Q.0
      request-context:
      - appId=
      strict-transport-security:
      - max-age=2592000
      transfer-encoding:
      - chunked
      x-processing-time:
      - 11ms
    status:
      code: 201
      message: Created
- request:
    body: '{"scopes": ["chat"]}'
    headers:
      Accept:
      - application/json
      Accept-Encoding:
      - gzip, deflate
      Connection:
      - keep-alive
      Content-Length:
      - '20'
      Content-Type:
      - application/json
      Date:
      - Tue, 23 Mar 2021 02:01:40 GMT
      User-Agent:
      - azsdk-python-communication-identity/1.0.0b6 Python/3.7.9 (Windows-10-10.0.19041-SP0)
      x-ms-return-client-request-id:
      - 'true'
    method: POST
    uri: https://sanitized.communication.azure.com/identities/sanitized/:issueAccessToken?api-version=2021-03-07
  response:
    body: '{"token": "sanitized", "expiresOn": "2021-03-24T02:01:37.3508481+00:00"}'
    headers:
      api-supported-versions:
      - 2020-07-20-preview2, 2021-02-22-preview1, 2021-03-07
      content-type:
      - application/json; charset=utf-8
      date:
      - Tue, 23 Mar 2021 02:01:38 GMT
      ms-cv:
      - BpZIgAevuUujc4YZqy/T6A.0
      request-context:
      - appId=
      strict-transport-security:
      - max-age=2592000
      transfer-encoding:
      - chunked
      x-processing-time:
      - 28ms
    status:
      code: 200
      message: OK
- request:
    body: '{}'
    headers:
      Accept:
      - application/json
      Accept-Encoding:
      - gzip, deflate
      Connection:
      - keep-alive
      Content-Length:
      - '2'
      Content-Type:
      - application/json
      Date:
      - Tue, 23 Mar 2021 02:01:40 GMT
      User-Agent:
      - azsdk-python-communication-identity/1.0.0b6 Python/3.7.9 (Windows-10-10.0.19041-SP0)
      x-ms-return-client-request-id:
      - 'true'
    method: POST
    uri: https://sanitized.communication.azure.com/identities?api-version=2021-03-07
  response:
    body: '{"identity": {"id": "8:acs:fac4607d-d2d0-40e5-84df-6f32ebd1251a_00000008-fcb2-8d62-6a0b-343a0d002768"}}'
    headers:
      api-supported-versions:
      - 2020-07-20-preview2, 2021-02-22-preview1, 2021-03-07
      content-type:
      - application/json; charset=utf-8
      date:
      - Tue, 23 Mar 2021 02:01:38 GMT
      ms-cv:
      - 4BP8zhGrHk+N66rNbpYabw.0
      request-context:
      - appId=
      strict-transport-security:
      - max-age=2592000
      transfer-encoding:
      - chunked
      x-processing-time:
      - 9ms
    status:
      code: 201
      message: Created
- request:
    body: '{"scopes": ["chat"]}'
    headers:
      Accept:
      - application/json
      Accept-Encoding:
      - gzip, deflate
      Connection:
      - keep-alive
      Content-Length:
      - '20'
      Content-Type:
      - application/json
      Date:
      - Tue, 23 Mar 2021 02:01:40 GMT
      User-Agent:
      - azsdk-python-communication-identity/1.0.0b6 Python/3.7.9 (Windows-10-10.0.19041-SP0)
      x-ms-return-client-request-id:
      - 'true'
    method: POST
    uri: https://sanitized.communication.azure.com/identities/sanitized/:issueAccessToken?api-version=2021-03-07
  response:
    body: '{"token": "sanitized", "expiresOn": "2021-03-24T02:01:37.4847991+00:00"}'
    headers:
      api-supported-versions:
      - 2020-07-20-preview2, 2021-02-22-preview1, 2021-03-07
      content-type:
      - application/json; charset=utf-8
      date:
      - Tue, 23 Mar 2021 02:01:38 GMT
      ms-cv:
      - OzWH+TyVQESPKnQ2FlvLtA.0
      request-context:
      - appId=
      strict-transport-security:
      - max-age=2592000
      transfer-encoding:
      - chunked
      x-processing-time:
      - 26ms
    status:
      code: 200
      message: OK
- request:
    body: '{"topic": "test topic", "participants": "sanitized"}'
    headers:
      Accept:
      - application/json
      Content-Length:
      - '258'
      Content-Type:
      - application/json
      User-Agent:
      - azsdk-python-communication-chat/1.0.0b6 Python/3.7.9 (Windows-10-10.0.19041-SP0)
      repeatability-Request-Id:
      - 804833b7-e592-4a33-8edd-f3ade3307e0a
    method: POST
    uri: https://sanitized.communication.azure.com/chat/threads?api-version=2021-03-07
  response:
    body: '{"chatThread": {"id": "19:yyDNL6BtrLwjYbPdkCHUXouom06BzoUj8-oRK4bBHN01@thread.v2",
      "topic": "test topic", "createdOn": "2021-03-23T02:01:38Z", "createdByCommunicationIdentifier":
      {"rawId": "8:acs:fac4607d-d2d0-40e5-84df-6f32ebd1251a_00000008-fcb2-8ce7-6a0b-343a0d002767",
      "communicationUser": {"id": "8:acs:fac4607d-d2d0-40e5-84df-6f32ebd1251a_00000008-fcb2-8ce7-6a0b-343a0d002767"}}}}'
    headers:
      api-supported-versions: 2020-09-21-preview2, 2020-11-01-preview3, 2021-01-27-preview4,
        2021-03-01-preview5, 2021-03-07
      content-type: application/json; charset=utf-8
      date: Tue, 23 Mar 2021 02:01:38 GMT
      ms-cv: CE7uwJQ4gkaxUeMqIlT61w.0
      strict-transport-security: max-age=2592000
      transfer-encoding: chunked
      x-processing-time: 751ms
    status:
      code: 201
      message: Created
    url: https://sanitized.communication.azure.com/chat/threads?api-version=2021-03-07
- request:
    body: '{"content": "hello world", "senderDisplayName": "sender name", "type":
      "text"}'
    headers:
      Accept:
      - application/json
      Content-Length:
      - '78'
      Content-Type:
      - application/json
      User-Agent:
      - azsdk-python-communication-chat/1.0.0b6 Python/3.7.9 (Windows-10-10.0.19041-SP0)
    method: POST
    uri: https://sanitized.communication.azure.com/chat/threads/sanitized/messages?api-version=2021-03-07
  response:
    body: '{"id": "sanitized"}'
    headers:
      api-supported-versions: 2020-09-21-preview2, 2020-11-01-preview3, 2021-01-27-preview4,
        2021-03-01-preview5, 2021-03-07
      content-type: application/json; charset=utf-8
      date: Tue, 23 Mar 2021 02:01:38 GMT
      ms-cv: KKz2dSgNeEiBQZi+9xf3hQ.0
      strict-transport-security: max-age=2592000
      transfer-encoding: chunked
      x-processing-time: 171ms
    status:
      code: 201
      message: Created
    url: https://sanitized.communication.azure.com/chat/threads/sanitized/messages?api-version=2021-03-07
- request:
    body: null
    headers:
      Accept:
      - application/json
      User-Agent:
      - azsdk-python-communication-chat/1.0.0b6 Python/3.7.9 (Windows-10-10.0.19041-SP0)
    method: GET
    uri: https://sanitized.communication.azure.com/chat/threads/sanitized/messages/sanitized?api-version=2021-03-07
  response:
    body: '{"id": "sanitized", "type": "text", "sequenceId": "3", "version": "1616464899480",
      "content": {"message": "hello world"}, "senderDisplayName": "sender name", "createdOn":
      "2021-03-23T02:01:39Z", "senderCommunicationIdentifier": {"rawId": "8:acs:fac4607d-d2d0-40e5-84df-6f32ebd1251a_00000008-fcb2-8ce7-6a0b-343a0d002767",
      "communicationUser": {"id": "8:acs:fac4607d-d2d0-40e5-84df-6f32ebd1251a_00000008-fcb2-8ce7-6a0b-343a0d002767"}}}'
    headers:
      api-supported-versions: 2020-09-21-preview2, 2020-11-01-preview3, 2021-01-27-preview4,
        2021-03-01-preview5, 2021-03-07
      content-type: application/json; charset=utf-8
      date: Tue, 23 Mar 2021 02:01:38 GMT
      ms-cv: qi8NIvmP1kixVo6jvScp4g.0
      strict-transport-security: max-age=2592000
      transfer-encoding: chunked
      x-processing-time: 267ms
    status:
      code: 200
      message: OK
    url: https://sanitized.communication.azure.com/chat/threads/sanitized/messages/sanitized?api-version=2021-03-07
- request:
    body: null
    headers:
      Accept:
      - application/json
      User-Agent:
      - azsdk-python-communication-chat/1.0.0b6 Python/3.7.9 (Windows-10-10.0.19041-SP0)
    method: DELETE
    uri: https://sanitized.communication.azure.com/chat/threads/sanitized?api-version=2021-03-07
  response:
    body:
      string: ''
    headers:
      api-supported-versions: 2020-09-21-preview2, 2020-11-01-preview3, 2021-01-27-preview4,
        2021-03-01-preview5, 2021-03-07
      date: Tue, 23 Mar 2021 02:01:39 GMT
      ms-cv: mB1CExfxI0SR0rYVZMLpaw.0
      strict-transport-security: max-age=2592000
      x-processing-time: 177ms
    status:
      code: 204
      message: No Content
    url: https://sanitized.communication.azure.com/chat/threads/sanitized?api-version=2021-03-07
- request:
    body: null
    headers:
      Accept:
      - application/json
      Accept-Encoding:
      - gzip, deflate
      Connection:
      - keep-alive
      Content-Length:
      - '0'
      Date:
      - Tue, 23 Mar 2021 02:01:42 GMT
      User-Agent:
      - azsdk-python-communication-identity/1.0.0b6 Python/3.7.9 (Windows-10-10.0.19041-SP0)
      x-ms-return-client-request-id:
      - 'true'
    method: DELETE
    uri: https://sanitized.communication.azure.com/identities/sanitized?api-version=2021-03-07
  response:
    body:
      string: ''
    headers:
      api-supported-versions:
      - 2020-07-20-preview2, 2021-02-22-preview1, 2021-03-07
      date:
      - Tue, 23 Mar 2021 02:01:40 GMT
      ms-cv:
      - CxM9gPCLlUiLBlN5MSj1Fw.0
      request-context:
      - appId=
      strict-transport-security:
      - max-age=2592000
      x-processing-time:
      - 495ms
    status:
      code: 204
      message: No Content
- request:
    body: null
    headers:
      Accept:
      - application/json
      Accept-Encoding:
      - gzip, deflate
      Connection:
      - keep-alive
      Content-Length:
      - '0'
      Date:
      - Tue, 23 Mar 2021 02:01:43 GMT
      User-Agent:
      - azsdk-python-communication-identity/1.0.0b6 Python/3.7.9 (Windows-10-10.0.19041-SP0)
      x-ms-return-client-request-id:
      - 'true'
    method: DELETE
    uri: https://sanitized.communication.azure.com/identities/sanitized?api-version=2021-03-07
  response:
    body:
      string: ''
    headers:
      api-supported-versions:
      - 2020-07-20-preview2, 2021-02-22-preview1, 2021-03-07
      date:
      - Tue, 23 Mar 2021 02:01:41 GMT
      ms-cv:
      - gfzoYenB3UOJb+VYm5/5Wg.0
      request-context:
      - appId=
      strict-transport-security:
      - max-age=2592000
      x-processing-time:
      - 631ms
    status:
      code: 204
      message: No Content
version: 1
