interactions:
- request:
    body: null
    headers:
      Accept:
      - application/json
      Accept-Encoding:
      - gzip, deflate
      Connection:
      - keep-alive
      Content-Length:
      - '0'
      Date:
      - Thu, 26 Nov 2020 01:29:20 GMT
      User-Agent:
      - azsdk-python-communication-administration/1.0.0b2 Python/3.9.0 (Windows-10-10.0.19041-SP0)
      x-ms-return-client-request-id:
      - 'true'
    method: POST
    uri: https://sanitized.dev.communication.azure.net/identities?api-version=2020-07-20-preview2
  response:
    body: '{"id": "sanitized"}'
    headers:
      api-supported-versions:
      - 2020-01-15-preview3, 2020-07-20-preview1, 2020-07-20-preview2
      content-type:
      - application/json; charset=utf-8
      date:
      - Thu, 26 Nov 2020 01:29:20 GMT
      ms-cv:
      - cJB+MDpBBEqZAq3HqXkWqw.0
      transfer-encoding:
      - chunked
      x-processing-time:
      - 143ms
    status:
      code: 200
      message: OK
- request:
    body: '{"scopes": ["chat"]}'
    headers:
      Accept:
      - application/json
      Accept-Encoding:
      - gzip, deflate
      Connection:
      - keep-alive
      Content-Length:
      - '20'
      Content-Type:
      - application/json
      Date:
      - Thu, 26 Nov 2020 01:29:21 GMT
      User-Agent:
      - azsdk-python-communication-administration/1.0.0b2 Python/3.9.0 (Windows-10-10.0.19041-SP0)
      x-ms-return-client-request-id:
      - 'true'
    method: POST
    uri: https://sanitized.dev.communication.azure.net/identities/sanitized/token?api-version=2020-07-20-preview2
  response:
    body: '{"id": "sanitized", "token": "sanitized", "expiresOn": "2020-11-27T01:29:20.9376251+00:00"}'
    headers:
      api-supported-versions:
      - 2020-01-15-preview3, 2020-07-20-preview1, 2020-07-20-preview2
      content-type:
      - application/json; charset=utf-8
      date:
      - Thu, 26 Nov 2020 01:29:21 GMT
      ms-cv:
      - +mUydaYWw0y1XyjahACEZw.0
      transfer-encoding:
      - chunked
      x-processing-time:
      - 792ms
    status:
      code: 200
      message: OK
- request:
    body: null
    headers:
      Accept:
      - application/json
      Accept-Encoding:
      - gzip, deflate
      Connection:
      - keep-alive
      Content-Length:
      - '0'
      Date:
      - Thu, 26 Nov 2020 01:29:21 GMT
      User-Agent:
      - azsdk-python-communication-administration/1.0.0b2 Python/3.9.0 (Windows-10-10.0.19041-SP0)
      x-ms-return-client-request-id:
      - 'true'
    method: POST
    uri: https://sanitized.dev.communication.azure.net/identities?api-version=2020-07-20-preview2
  response:
    body: '{"id": "sanitized"}'
    headers:
      api-supported-versions:
      - 2020-01-15-preview3, 2020-07-20-preview1, 2020-07-20-preview2
      content-type:
      - application/json; charset=utf-8
      date:
      - Thu, 26 Nov 2020 01:29:21 GMT
      ms-cv:
      - Q+fRrF2xWkaRDCOZrCcTBg.0
      transfer-encoding:
      - chunked
      x-processing-time:
      - 147ms
    status:
      code: 200
      message: OK
- request:
    body: '{"topic": "test topic", "participants": "sanitized"}'
    headers:
      Accept:
      - application/json
      Accept-Encoding:
      - gzip, deflate
      Connection:
      - keep-alive
      Content-Length:
      - '206'
      Content-Type:
      - application/json
      User-Agent:
      - azsdk-python-communication-chat/1.0.0b2 Python/3.9.0 (Windows-10-10.0.19041-SP0)
    method: POST
    uri: https://sanitized.dev.communication.azure.net/chat/threads?api-version=2020-11-01-preview3
  response:
    body: '{"id": "sanitized", "topic": "test topic", "createdOn": "2020-11-26T01:29:22Z",
      "createdBy": "8:acs:9b665d53-8164-4923-ad5d-5e983b07d2e7_00000006-a20c-f1be-d67a-5a3a0d0001bc",
      "participants": "sanitized"}'
    headers:
      api-supported-versions:
      - 2020-09-21-preview2, 2020-11-01-preview3
      content-type:
      - application/json; charset=utf-8
      date:
      - Thu, 26 Nov 2020 01:29:22 GMT
      ms-cv:
      - SVmLwbq/t06tiNSYhFTquA.0
      strict-transport-security:
      - max-age=2592000
      transfer-encoding:
      - chunked
      x-processing-time:
      - 861ms
    status:
      code: 201
      message: Created
- request:
    body: '{"priority": "Normal", "content": "hello world", "senderDisplayName": "sender
      name"}'
    headers:
      Accept:
      - application/json
      Accept-Encoding:
      - gzip, deflate
      Connection:
      - keep-alive
      Content-Length:
      - '84'
      Content-Type:
      - application/json
      User-Agent:
      - azsdk-python-communication-chat/1.0.0b2 Python/3.9.0 (Windows-10-10.0.19041-SP0)
    method: POST
    uri: https://sanitized.dev.communication.azure.net/chat/threads/sanitized/messages?api-version=2020-11-01-preview3
  response:
    body: '{"id": "sanitized"}'
    headers:
      api-supported-versions:
      - 2020-09-21-preview2, 2020-11-01-preview3
      content-type:
      - application/json; charset=utf-8
      date:
      - Thu, 26 Nov 2020 01:29:23 GMT
      ms-cv:
      - PcQGvGfEt0e7eu8HLPFAfg.0
      strict-transport-security:
      - max-age=2592000
      transfer-encoding:
      - chunked
      x-processing-time:
      - 696ms
    status:
      code: 201
      message: Created
- request:
    body: '{"content": "updated message content"}'
    headers:
      Accept:
      - application/json
      Accept-Encoding:
      - gzip, deflate
      Connection:
      - keep-alive
      Content-Length:
      - '38'
      Content-Type:
      - application/merge-patch+json
      User-Agent:
      - azsdk-python-communication-chat/1.0.0b2 Python/3.9.0 (Windows-10-10.0.19041-SP0)
    method: PATCH
    uri: https://sanitized.dev.communication.azure.net/chat/threads/sanitized/messages/sanitized?api-version=2020-11-01-preview3
  response:
    body:
      string: ''
    headers:
      api-supported-versions:
      - 2020-09-21-preview2, 2020-11-01-preview3
      date:
      - Thu, 26 Nov 2020 01:29:24 GMT
      ms-cv:
      - 3czilnpjLU+ZoZMuPsezYQ.0
      strict-transport-security:
      - max-age=2592000
      x-processing-time:
      - 647ms
    status:
      code: 204
      message: No Content
- request:
    body: null
    headers:
      Accept:
      - '*/*'
      Accept-Encoding:
      - gzip, deflate
      Connection:
      - keep-alive
      Content-Length:
      - '0'
      Date:
      - Thu, 26 Nov 2020 01:29:24 GMT
      User-Agent:
      - azsdk-python-communication-administration/1.0.0b2 Python/3.9.0 (Windows-10-10.0.19041-SP0)
      x-ms-return-client-request-id:
      - 'true'
    method: DELETE
    uri: https://sanitized.dev.communication.azure.net/identities/sanitized?api-version=2020-07-20-preview2
  response:
    body:
      string: ''
    headers:
      api-supported-versions:
      - 2020-01-15-preview3, 2020-07-20-preview1, 2020-07-20-preview2
      date:
      - Thu, 26 Nov 2020 01:29:40 GMT
      ms-cv:
      - gDTG9Rs5fkqnFqivKAR8oA.0
      x-processing-time:
      - 15864ms
    status:
      code: 204
      message: No Content
- request:
    body: null
    headers:
      Accept:
      - '*/*'
      Accept-Encoding:
      - gzip, deflate
      Connection:
      - keep-alive
      Content-Length:
      - '0'
      Date:
      - Thu, 26 Nov 2020 01:29:40 GMT
      User-Agent:
      - azsdk-python-communication-administration/1.0.0b2 Python/3.9.0 (Windows-10-10.0.19041-SP0)
      x-ms-return-client-request-id:
      - 'true'
    method: DELETE
    uri: https://sanitized.dev.communication.azure.net/identities/sanitized?api-version=2020-07-20-preview2
  response:
    body:
      string: ''
    headers:
      api-supported-versions:
      - 2020-01-15-preview3, 2020-07-20-preview1, 2020-07-20-preview2
      date:
      - Thu, 26 Nov 2020 01:29:57 GMT
      ms-cv:
      - r2U9G8TXE0qpYn1Mg/lf5Q.0
      x-processing-time:
      - 16769ms
    status:
      code: 204
      message: No Content
- request:
    body: null
    headers:
      Accept:
      - application/json
      Accept-Encoding:
      - gzip, deflate
      Connection:
      - keep-alive
      Content-Length:
      - '0'
      User-Agent:
      - azsdk-python-communication-chat/1.0.0b2 Python/3.9.0 (Windows-10-10.0.19041-SP0)
    method: DELETE
    uri: https://sanitized.dev.communication.azure.net/chat/threads/sanitized?api-version=2020-11-01-preview3
  response:
    body:
      string: ''
    headers:
      api-supported-versions:
      - 2020-09-21-preview2, 2020-11-01-preview3
      date:
      - Thu, 26 Nov 2020 01:29:57 GMT
      ms-cv:
      - KMY6wxR01keuFPGjUL0M4A.0
      strict-transport-security:
      - max-age=2592000
      x-processing-time:
      - 342ms
    status:
      code: 204
      message: No Content
version: 1
