interactions:
- request:
    body: '{}'
    headers:
      Accept:
      - application/json
      Accept-Encoding:
      - gzip, deflate
      Connection:
      - keep-alive
      Content-Length:
      - '2'
      Content-Type:
      - application/json
      Date:
      - Fri, 26 Feb 2021 11:21:12 GMT
      User-Agent:
      - azsdk-python-communication-identity/1.0.0b4 Python/3.7.9 (Windows-10-10.0.19041-SP0)
      x-ms-return-client-request-id:
      - 'true'
    method: POST
    uri: https://sanitized.int.communication.azure.net/identities?api-version=2021-03-07
  response:
    body: '{"identity": {"id": "8:acs:46849534-eb08-4ab7-bde7-c36928cd1547_00000008-7df3-d901-1655-373a0d00a875"}}'
    headers:
      api-supported-versions:
      - 2020-07-20-preview2, 2021-03-07
      content-type:
      - application/json; charset=utf-8
      date:
      - Fri, 26 Feb 2021 11:21:10 GMT
      ms-cv:
      - YYC+6VrQe0KJeN6x/x+KLg.0
      request-context:
      - appId=
      strict-transport-security:
      - max-age=2592000
      transfer-encoding:
      - chunked
      x-processing-time:
      - 14ms
    status:
      code: 201
      message: Created
- request:
    body: '{"scopes": ["chat"]}'
    headers:
      Accept:
      - application/json
      Accept-Encoding:
      - gzip, deflate
      Connection:
      - keep-alive
      Content-Length:
      - '20'
      Content-Type:
      - application/json
      Date:
      - Fri, 26 Feb 2021 11:21:13 GMT
      User-Agent:
      - azsdk-python-communication-identity/1.0.0b4 Python/3.7.9 (Windows-10-10.0.19041-SP0)
      x-ms-return-client-request-id:
      - 'true'
    method: POST
    uri: https://sanitized.int.communication.azure.net/identities/sanitized/:issueAccessToken?api-version=2021-03-07
  response:
    body: '{"token": "sanitized", "expiresOn": "2021-02-27T11:21:10.3192785+00:00"}'
    headers:
      api-supported-versions:
      - 2020-07-20-preview2, 2021-03-07
      content-type:
      - application/json; charset=utf-8
      date:
      - Fri, 26 Feb 2021 11:21:10 GMT
      ms-cv:
      - lOZfjJTJdUeZ6J1nchaU2Q.0
      request-context:
      - appId=
      strict-transport-security:
      - max-age=2592000
      transfer-encoding:
      - chunked
      x-processing-time:
      - 92ms
    status:
      code: 200
      message: OK
- request:
    body: '{}'
    headers:
      Accept:
      - application/json
      Accept-Encoding:
      - gzip, deflate
      Connection:
      - keep-alive
      Content-Length:
      - '2'
      Content-Type:
      - application/json
      Date:
      - Fri, 26 Feb 2021 11:21:13 GMT
      User-Agent:
      - azsdk-python-communication-identity/1.0.0b4 Python/3.7.9 (Windows-10-10.0.19041-SP0)
      x-ms-return-client-request-id:
      - 'true'
    method: POST
    uri: https://sanitized.int.communication.azure.net/identities?api-version=2021-03-07
  response:
    body: '{"identity": {"id": "8:acs:46849534-eb08-4ab7-bde7-c36928cd1547_00000008-7df3-d9d2-1655-373a0d00a876"}}'
    headers:
      api-supported-versions:
      - 2020-07-20-preview2, 2021-03-07
      content-type:
      - application/json; charset=utf-8
      date:
      - Fri, 26 Feb 2021 11:21:10 GMT
      ms-cv:
      - j+LrmfFkuECEs0DLawMsug.0
      request-context:
      - appId=
      strict-transport-security:
      - max-age=2592000
      transfer-encoding:
      - chunked
      x-processing-time:
      - 14ms
    status:
      code: 201
      message: Created
- request:
    body: '{"scopes": ["chat"]}'
    headers:
      Accept:
      - application/json
      Accept-Encoding:
      - gzip, deflate
      Connection:
      - keep-alive
      Content-Length:
      - '20'
      Content-Type:
      - application/json
      Date:
      - Fri, 26 Feb 2021 11:21:13 GMT
      User-Agent:
      - azsdk-python-communication-identity/1.0.0b4 Python/3.7.9 (Windows-10-10.0.19041-SP0)
      x-ms-return-client-request-id:
      - 'true'
    method: POST
    uri: https://sanitized.int.communication.azure.net/identities/sanitized/:issueAccessToken?api-version=2021-03-07
  response:
    body: '{"token": "sanitized", "expiresOn": "2021-02-27T11:21:10.5413618+00:00"}'
    headers:
      api-supported-versions:
      - 2020-07-20-preview2, 2021-03-07
      content-type:
      - application/json; charset=utf-8
      date:
      - Fri, 26 Feb 2021 11:21:10 GMT
      ms-cv:
      - Il3anCq0GUyPZJlqeEp6gg.0
      request-context:
      - appId=
      strict-transport-security:
      - max-age=2592000
      transfer-encoding:
      - chunked
      x-processing-time:
      - 95ms
    status:
      code: 200
      message: OK
- request:
    body: '{"topic": "test topic", "participants": "sanitized"}'
    headers:
      Accept:
      - application/json
      Content-Length:
      - '258'
      Content-Type:
      - application/json
      User-Agent:
      - azsdk-python-communication-chat/1.0.0b4 Python/3.7.9 (Windows-10-10.0.19041-SP0)
      repeatability-Request-Id:
      - d68d1213-24bf-4922-9223-09de9fba0994
    method: POST
    uri: https://sanitized.int.communication.azure.net/chat/threads?api-version=2021-01-27-preview4
  response:
    body: '{"chatThread": {"id": "19:37Jztk9V56EKWBFCLTy-TnCsF7mNYOSK7k83NGSdKu01@thread.v2",
      "topic": "test topic", "createdOn": "2021-02-26T11:21:11Z", "createdByCommunicationIdentifier":
      {"rawId": "8:acs:46849534-eb08-4ab7-bde7-c36928cd1547_00000008-7df3-d901-1655-373a0d00a875",
      "communicationUser": {"id": "8:acs:46849534-eb08-4ab7-bde7-c36928cd1547_00000008-7df3-d901-1655-373a0d00a875"}}}}'
    headers:
      api-supported-versions: 2020-09-21-preview2, 2020-11-01-preview3, 2021-01-27-preview4
      content-type: application/json; charset=utf-8
      date: Fri, 26 Feb 2021 11:21:12 GMT
      ms-cv: hN19bCyIo0u6AH6QcmOdGQ.0
      strict-transport-security: max-age=2592000
      transfer-encoding: chunked
      x-processing-time: 878ms
    status:
      code: 201
      message: Created
    url: https://sanitized.int.communication.azure.net/chat/threads?api-version=2021-01-27-preview4
- request:
    body: '{"content": "hello world", "senderDisplayName": "sender name", "type":
      "text"}'
    headers:
      Accept:
      - application/json
      Content-Length:
      - '78'
      Content-Type:
      - application/json
      User-Agent:
      - azsdk-python-communication-chat/1.0.0b4 Python/3.7.9 (Windows-10-10.0.19041-SP0)
    method: POST
    uri: https://sanitized.int.communication.azure.net/chat/threads/sanitized/messages?api-version=2021-01-27-preview4
  response:
    body: '{"id": "sanitized"}'
    headers:
      api-supported-versions: 2020-09-21-preview2, 2020-11-01-preview3, 2021-01-27-preview4
      content-type: application/json; charset=utf-8
      date: Fri, 26 Feb 2021 11:21:12 GMT
      ms-cv: 6b5WmSL3MUy48bKnrEVlsA.0
      strict-transport-security: max-age=2592000
      transfer-encoding: chunked
      x-processing-time: 385ms
    status:
      code: 201
      message: Created
    url: https://sanitized.int.communication.azure.net/chat/threads/sanitized/messages?api-version=2021-01-27-preview4
- request:
    body: '{"content": "updated message content"}'
    headers:
      Accept:
      - application/json
      Content-Length:
      - '38'
      Content-Type:
      - application/merge-patch+json
      User-Agent:
      - azsdk-python-communication-chat/1.0.0b4 Python/3.7.9 (Windows-10-10.0.19041-SP0)
    method: PATCH
    uri: https://sanitized.int.communication.azure.net/chat/threads/sanitized/messages/sanitized?api-version=2021-01-27-preview4
  response:
    body:
      string: ''
    headers:
      api-supported-versions: 2020-09-21-preview2, 2020-11-01-preview3, 2021-01-27-preview4
      date: Fri, 26 Feb 2021 11:21:13 GMT
      ms-cv: Vv4DOUdhHEGVLxqK7Y2yxw.0
      strict-transport-security: max-age=2592000
      x-processing-time: 685ms
    status:
      code: 204
      message: No Content
    url: https://sanitized.int.communication.azure.net/chat/threads/sanitized/messages/sanitized?api-version=2021-01-27-preview4
- request:
    body: null
    headers:
      Accept:
      - application/json
      User-Agent:
      - azsdk-python-communication-chat/1.0.0b4 Python/3.7.9 (Windows-10-10.0.19041-SP0)
    method: DELETE
    uri: https://sanitized.int.communication.azure.net/chat/threads/sanitized?api-version=2021-01-27-preview4
  response:
    body:
      string: ''
    headers:
      api-supported-versions: 2020-09-21-preview2, 2020-11-01-preview3, 2021-01-27-preview4
      date: Fri, 26 Feb 2021 11:21:13 GMT
      ms-cv: 48TicZBmKU+bNyw16Sq5KQ.0
      strict-transport-security: max-age=2592000
      x-processing-time: 323ms
    status:
      code: 204
      message: No Content
    url: https://sanitized.int.communication.azure.net/chat/threads/sanitized?api-version=2021-01-27-preview4
- request:
    body: null
    headers:
      Accept:
      - application/json
      Accept-Encoding:
      - gzip, deflate
      Connection:
      - keep-alive
      Content-Length:
      - '0'
      Date:
      - Fri, 26 Feb 2021 11:21:16 GMT
      User-Agent:
      - azsdk-python-communication-identity/1.0.0b4 Python/3.7.9 (Windows-10-10.0.19041-SP0)
      x-ms-return-client-request-id:
      - 'true'
    method: DELETE
    uri: https://sanitized.int.communication.azure.net/identities/sanitized?api-version=2021-03-07
  response:
    body:
      string: ''
    headers:
      api-supported-versions:
      - 2020-07-20-preview2, 2021-03-07
      date:
      - Fri, 26 Feb 2021 11:21:31 GMT
      ms-cv:
      - fgrT2K6rkkiiOrVWMnwOlw.0
      request-context:
      - appId=
      strict-transport-security:
      - max-age=2592000
      x-processing-time:
      - 16801ms
    status:
      code: 204
      message: No Content
- request:
    body: null
    headers:
      Accept:
      - application/json
      Accept-Encoding:
      - gzip, deflate
      Connection:
      - keep-alive
      Content-Length:
      - '0'
      Date:
      - Fri, 26 Feb 2021 11:21:33 GMT
      User-Agent:
      - azsdk-python-communication-identity/1.0.0b4 Python/3.7.9 (Windows-10-10.0.19041-SP0)
      x-ms-return-client-request-id:
      - 'true'
    method: DELETE
    uri: https://sanitized.int.communication.azure.net/identities/sanitized?api-version=2021-03-07
  response:
    body:
      string: ''
    headers:
      api-supported-versions:
      - 2020-07-20-preview2, 2021-03-07
      date:
      - Fri, 26 Feb 2021 11:21:47 GMT
      ms-cv:
      - kLYwvApWLECDbtLyKPE5WA.0
      request-context:
      - appId=
      strict-transport-security:
      - max-age=2592000
      x-processing-time:
      - 16659ms
    status:
      code: 204
      message: No Content
version: 1
