interactions:
- request:
    body: null
    headers:
      Accept:
      - application/json
      Accept-Encoding:
      - gzip, deflate
      Connection:
      - keep-alive
      Content-Length:
      - '0'
      Date:
      - Thu, 26 Nov 2020 01:21:10 GMT
      User-Agent:
      - azsdk-python-communication-administration/1.0.0b2 Python/3.9.0 (Windows-10-10.0.19041-SP0)
      x-ms-return-client-request-id:
      - 'true'
    method: POST
    uri: https://sanitized.dev.communication.azure.net/identities?api-version=2020-07-20-preview2
  response:
    body: '{"id": "sanitized"}'
    headers:
      api-supported-versions:
      - 2020-01-15-preview3, 2020-07-20-preview1, 2020-07-20-preview2
      content-type:
      - application/json; charset=utf-8
      date:
      - Thu, 26 Nov 2020 01:21:10 GMT
      ms-cv:
      - wq7cVApy4kqd6SYbx3fpcQ.0
      transfer-encoding:
      - chunked
      x-processing-time:
      - 143ms
    status:
      code: 200
      message: OK
- request:
    body: '{"scopes": ["chat"]}'
    headers:
      Accept:
      - application/json
      Accept-Encoding:
      - gzip, deflate
      Connection:
      - keep-alive
      Content-Length:
      - '20'
      Content-Type:
      - application/json
      Date:
      - Thu, 26 Nov 2020 01:21:10 GMT
      User-Agent:
      - azsdk-python-communication-administration/1.0.0b2 Python/3.9.0 (Windows-10-10.0.19041-SP0)
      x-ms-return-client-request-id:
      - 'true'
    method: POST
    uri: https://sanitized.dev.communication.azure.net/identities/sanitized/token?api-version=2020-07-20-preview2
  response:
    body: '{"id": "sanitized", "token": "sanitized", "expiresOn": "2020-11-27T01:21:10.0726718+00:00"}'
    headers:
      api-supported-versions:
      - 2020-01-15-preview3, 2020-07-20-preview1, 2020-07-20-preview2
      content-type:
      - application/json; charset=utf-8
      date:
      - Thu, 26 Nov 2020 01:21:10 GMT
      ms-cv:
      - o2X2iQrwf0WAzigZf5n2TA.0
      transfer-encoding:
      - chunked
      x-processing-time:
      - 299ms
    status:
      code: 200
      message: OK
- request:
    body: '{"topic": "test topic", "participants": "sanitized"}'
    headers:
      Accept:
      - application/json
      Content-Length:
      - '206'
      Content-Type:
      - application/json
      User-Agent:
      - azsdk-python-communication-chat/1.0.0b2 Python/3.9.0 (Windows-10-10.0.19041-SP0)
    method: POST
    uri: https://sanitized.dev.communication.azure.net/chat/threads?api-version=2020-11-01-preview3
  response:
    body: '{"id": "sanitized", "topic": "test topic", "createdOn": "2020-11-26T01:21:11Z",
      "createdBy": "sanitized", "participants": "sanitized"}'
    headers:
      api-supported-versions: 2020-09-21-preview2, 2020-11-01-preview3
      content-type: application/json; charset=utf-8
      date: Thu, 26 Nov 2020 01:21:11 GMT
      ms-cv: aUwac+kdn0Sx2po45PYNyQ.0
      strict-transport-security: max-age=2592000
      transfer-encoding: chunked
      x-processing-time: 845ms
    status:
      code: 201
      message: Created
    url: https://sanitized.dev.communication.azure.net/chat/threads?api-version=2020-11-01-preview3
- request:
    body: null
    headers:
      Accept:
      - application/json
      User-Agent:
      - azsdk-python-communication-chat/1.0.0b2 Python/3.9.0 (Windows-10-10.0.19041-SP0)
    method: DELETE
    uri: https://sanitized.dev.communication.azure.net/chat/threads/sanitized?api-version=2020-11-01-preview3
  response:
    body:
      string: ''
    headers:
      api-supported-versions: 2020-09-21-preview2, 2020-11-01-preview3
      date: Thu, 26 Nov 2020 01:21:11 GMT
      ms-cv: 7MyJLIjrCU2H24DKADVQPg.0
      strict-transport-security: max-age=2592000
      x-processing-time: 284ms
    status:
      code: 204
      message: No Content
    url: https://sanitized.dev.communication.azure.net/chat/threads/sanitized?api-version=2020-11-01-preview3
- request:
    body: null
    headers:
      Accept:
      - application/json
      User-Agent:
      - azsdk-python-communication-chat/1.0.0b2 Python/3.9.0 (Windows-10-10.0.19041-SP0)
    method: DELETE
    uri: https://sanitized.dev.communication.azure.net/chat/threads/sanitized?api-version=2020-11-01-preview3
  response:
    body:
      string: ''
    headers:
      api-supported-versions: 2020-09-21-preview2, 2020-11-01-preview3
      date: Thu, 26 Nov 2020 01:21:11 GMT
      ms-cv: mq02YsmKVkC0uCqh2FcEeg.0
      strict-transport-security: max-age=2592000
      x-processing-time: 245ms
    status:
      code: 204
      message: No Content
    url: https://sanitized.dev.communication.azure.net/chat/threads/sanitized?api-version=2020-11-01-preview3
- request:
    body: null
    headers:
      Accept:
      - '*/*'
      Accept-Encoding:
      - gzip, deflate
      Connection:
      - keep-alive
      Content-Length:
      - '0'
      Date:
      - Thu, 26 Nov 2020 01:21:12 GMT
      User-Agent:
      - azsdk-python-communication-administration/1.0.0b2 Python/3.9.0 (Windows-10-10.0.19041-SP0)
      x-ms-return-client-request-id:
      - 'true'
    method: DELETE
    uri: https://sanitized.dev.communication.azure.net/identities/sanitized?api-version=2020-07-20-preview2
  response:
    body:
      string: ''
    headers:
      api-supported-versions:
      - 2020-01-15-preview3, 2020-07-20-preview1, 2020-07-20-preview2
      date:
      - Thu, 26 Nov 2020 01:21:28 GMT
      ms-cv:
      - Y94mNlSzdUyoLHiR+Ba/2g.0
      x-processing-time:
      - 16505ms
    status:
      code: 204
      message: No Content
version: 1
