{
  "Entries": [
    {
      "RequestUri": "https://sanitized.communication.azure.com/chat/threads?api-version=2021-09-07",
      "RequestMethod": "POST",
      "RequestHeaders": {
        "Accept": "application/json",
        "Accept-Encoding": "gzip, deflate",
        "Content-Length": "198",
        "Content-Type": "application/json",
        "repeatability-request-id": "834d99a1-0693-474e-b480-55f58efcdc4d",
        "User-Agent": "azsdk-python-communication-chat/1.2.0b1 Python/3.10.0 (Windows-10-10.0.22621-SP0)"
      },
      "RequestBody": {
        "topic": "test topic",
        "participants": [
          {
            "communicationIdentifier": {
              "rawId": "sanitized",
              "communicationUser": {
                "id": "sanitized"
              }
            },
            "displayName": "name",
            "shareHistoryTime": "2023-05-27T00:20:56.105045Z"
          }
        ]
      },
      "StatusCode": 201,
      "ResponseHeaders": {
        "api-supported-versions": "2021-03-07, 2021-04-05-preview6, 2021-09-07, 2023-04-01-preview, 2023-07-01-preview",
        "Content-Length": "185",
        "Content-Type": "application/json; charset=utf-8",
        "Date": "Sat, 27 May 2023 00:20:55 GMT",
        "MS-CV": "NfzjC9NqHEeG4wcd5ERMXQ.0",
        "Strict-Transport-Security": "max-age=2592000",
        "X-Cache": "CONFIG_NOCACHE",
        "X-Processing-Time": "479ms"
      },
      "ResponseBody": {
        "chatThread": {
          "id": "sanitized",
          "topic": "test topic",
          "createdOn": "2023-05-27T00:20:55Z",
          "createdByCommunicationIdentifier": {
            "rawId": "sanitized",
            "communicationUser": {
              "id": "sanitized"
            }
          }
        }
      }
    },
    {
      "RequestUri": "https://sanitized.communication.azure.com/chat/threads?maxPageSize=1\u0026api-version=2021-09-07",
      "RequestMethod": "GET",
      "RequestHeaders": {
        "Accept": "application/json",
        "Accept-Encoding": "gzip, deflate",
        "User-Agent": "azsdk-python-communication-chat/1.2.0b1 Python/3.10.0 (Windows-10-10.0.22621-SP0)"
      },
      "RequestBody": null,
      "StatusCode": 200,
      "ResponseHeaders": {
        "api-supported-versions": "2021-03-07, 2021-04-05-preview6, 2021-09-07, 2023-04-01-preview, 2023-07-01-preview",
        "Content-Length": "98",
        "Content-Type": "application/json; charset=utf-8",
        "Date": "Sat, 27 May 2023 00:20:57 GMT",
        "MS-CV": "\u002BmjnEz9pT0eQtDr7qWHwyQ.0",
        "Strict-Transport-Security": "max-age=2592000",
        "X-Cache": "CONFIG_NOCACHE",
        "X-Processing-Time": "174ms"
      },
      "ResponseBody": {
        "value": [
          {
            "id": "sanitized",
            "topic": "test topic",
            "lastMessageReceivedOn": "2023-05-27T00:20:55Z"
          }
        ]
      }
    },
    {
      "RequestUri": "https://sanitized.communication.azure.com/chat/threads/19:RZmLzO1RK0hcDcf_HB7jA0FyzCMiy43hOrqKo99-HHQ1@thread.v2?api-version=2021-09-07",
      "RequestMethod": "DELETE",
      "RequestHeaders": {
        "Accept": "application/json",
        "Accept-Encoding": "gzip, deflate",
        "Content-Length": "0",
        "User-Agent": "azsdk-python-communication-chat/1.2.0b1 Python/3.10.0 (Windows-10-10.0.22621-SP0)"
      },
      "RequestBody": null,
      "StatusCode": 204,
      "ResponseHeaders": {
        "api-supported-versions": "2021-03-07, 2021-04-05-preview6, 2021-09-07, 2023-04-01-preview, 2023-07-01-preview",
        "Date": "Sat, 27 May 2023 00:20:58 GMT",
        "MS-CV": "oebsGxTgikep7fcMt0T8bA.0",
        "Strict-Transport-Security": "max-age=2592000",
        "X-Cache": "CONFIG_NOCACHE",
        "X-Processing-Time": "315ms"
      },
      "ResponseBody": null
    }
  ],
  "Variables": {}
}
