{
  "Entries": [
    {
      "RequestUri": "https://management.azure.com/subscriptions/00000000-0000-0000-0000-000000000/resourceGroups/00000/providers/Microsoft.MachineLearningServices/workspaces/00000?api-version=2022-10-01-preview",
      "RequestMethod": "GET",
      "RequestHeaders": {
        "Accept": "application/json",
        "Accept-Encoding": "gzip, deflate",
        "Connection": "keep-alive",
        "User-Agent": "azure-ai-ml/1.4.0 azsdk-python-mgmt-machinelearningservices/0.1.0 Python/3.7.9 (Windows-10-10.0.22621-SP0)"
      },
      "RequestBody": null,
      "StatusCode": 200,
      "ResponseHeaders": {
        "Cache-Control": "no-cache",
        "Content-Encoding": "gzip",
        "Content-Type": "application/json; charset=utf-8",
        "Date": "Wed, 18 Jan 2023 20:17:26 GMT",
        "Expires": "-1",
        "Pragma": "no-cache",
        "Request-Context": "appId=cid-v1:2d2e8e63-272e-4b3c-8598-4ee570a0e70d",
        "Server-Timing": "traceparent;desc=\u002200-9d43f4e093671d3418429ed6d79acf53-7da4a2305980c50b-00\u0022",
        "Strict-Transport-Security": "max-age=31536000; includeSubDomains",
        "Transfer-Encoding": "chunked",
        "Vary": [
          "Accept-Encoding",
          "Accept-Encoding"
        ],
        "x-aml-cluster": "vienna-eastus2-01",
        "X-Content-Type-Options": "nosniff",
        "x-ms-correlation-request-id": "25b834e1-c7f1-4c3b-bd3f-3a95f93c56fc",
        "x-ms-ratelimit-remaining-subscription-reads": "11966",
        "x-ms-response-type": "standard",
        "x-ms-routing-request-id": "WESTUS2:20230118T201727Z:25b834e1-c7f1-4c3b-bd3f-3a95f93c56fc",
        "x-request-time": "0.017"
      },
      "ResponseBody": {
        "id": "/subscriptions/00000000-0000-0000-0000-000000000/resourceGroups/00000/providers/Microsoft.MachineLearningServices/workspaces/00000",
        "name": "00000",
        "type": "Microsoft.MachineLearningServices/workspaces",
        "location": "eastus2",
        "tags": {},
        "etag": null,
        "properties": {
          "friendlyName": "00000",
          "description": "",
          "storageAccount": "/subscriptions/00000000-0000-0000-0000-000000000/resourceGroups/00000/providers/Microsoft.Storage/storageAccounts/sadnuammrwdeilc",
          "keyVault": "/subscriptions/00000000-0000-0000-0000-000000000/resourceGroups/00000/providers/Microsoft.Keyvault/vaults/kvtesthhy5m5pqcjec6",
          "applicationInsights": "/subscriptions/00000000-0000-0000-0000-000000000/resourceGroups/00000/providers/Microsoft.insights/components/aidnuammrwdeilc",
          "hbiWorkspace": false,
          "tenantId": "72f988bf-86f1-41af-91ab-2d7cd011db47",
          "imageBuildCompute": null,
          "provisioningState": "Succeeded",
          "v1LegacyMode": false,
          "softDeleteEnabled": false,
          "containerRegistry": "/subscriptions/00000000-0000-0000-0000-000000000/resourceGroups/00000/providers/Microsoft.ContainerRegistry/registries/crdnuammrwdeilc",
          "notebookInfo": {
            "resourceId": "493ca697a7f447848820635d6ef3a5f0",
            "fqdn": "ml-sdkvnextcli-eastus2-c33afa53-cead-40f1-8d1d-ac5976604612.eastus2.notebooks.azure.net",
            "isPrivateLinkEnabled": false,
            "notebookPreparationError": null
          },
          "storageHnsEnabled": false,
          "workspaceId": "c33afa53-cead-40f1-8d1d-ac5976604612",
          "linkedModelInventoryArmId": null,
          "privateLinkCount": 0,
          "publicNetworkAccess": "Enabled",
          "discoveryUrl": "https://eastus2.api.azureml.ms/discovery",
          "mlFlowTrackingUri": "azureml://eastus2.api.azureml.ms/mlflow/v1.0/subscriptions/00000000-0000-0000-0000-000000000/resourceGroups/00000/providers/Microsoft.MachineLearningServices/workspaces/00000",
          "sdkTelemetryAppInsightsKey": "066b0d89-53d2-4b58-8bc8-ac382527e4fb",
          "sasGetterUri": "",
          "enableDataIsolation": false
        },
        "identity": {
          "type": "SystemAssigned",
          "principalId": "ab3f5d04-98db-441d-97a8-f558ea82f4ef",
          "tenantId": "72f988bf-86f1-41af-91ab-2d7cd011db47"
        },
        "sku": {
          "name": "Basic",
          "tier": "Basic"
        },
        "systemData": {
          "createdAt": "2023-01-17T23:08:06.6643232Z",
          "createdBy": "dipeck@microsoft.com",
          "createdByType": "User",
          "lastModifiedAt": "2023-01-17T23:08:06.6643232Z",
          "lastModifiedBy": "dipeck@microsoft.com",
          "lastModifiedByType": "User"
        }
      }
    },
    {
      "RequestUri": "https://management.azure.com/subscriptions/00000000-0000-0000-0000-000000000/resourceGroups/00000/providers/Microsoft.MachineLearningServices/workspaces/00000/batchEndpoints/batch-ept-1cf658a160054c0?api-version=2022-05-01",
      "RequestMethod": "PUT",
      "RequestHeaders": {
        "Accept": "application/json",
        "Accept-Encoding": "gzip, deflate",
        "Connection": "keep-alive",
        "Content-Length": "158",
        "Content-Type": "application/json",
        "User-Agent": "azure-ai-ml/1.4.0 azsdk-python-mgmt-machinelearningservices/0.1.0 Python/3.7.9 (Windows-10-10.0.22621-SP0)"
      },
      "RequestBody": {
        "tags": {},
        "location": "eastus2",
        "properties": {
          "authMode": "aadToken",
          "description": "my sample batch endpoint",
          "properties": {
            "p1": "v1",
            "p2": "v2"
          }
        }
      },
      "StatusCode": 201,
      "ResponseHeaders": {
        "Azure-AsyncOperation": "https://management.azure.com/subscriptions/00000000-0000-0000-0000-000000000/providers/Microsoft.MachineLearningServices/locations/eastus2/mfeOperationsStatus/be:c33afa53-cead-40f1-8d1d-ac5976604612:908f8fcd-51a5-49c3-a8e2-84be7e3e088a?api-version=2022-05-01",
        "Cache-Control": "no-cache",
        "Content-Length": "1516",
        "Content-Type": "application/json; charset=utf-8",
        "Date": "Wed, 18 Jan 2023 20:17:30 GMT",
        "Expires": "-1",
        "Location": "https://management.azure.com/subscriptions/00000000-0000-0000-0000-000000000/resourceGroups/00000/providers/Microsoft.MachineLearningServices/workspaces/00000/batchEndpoints/batch-ept-1cf658a160054c0?api-version=2022-05-01",
        "Pragma": "no-cache",
        "Request-Context": "appId=cid-v1:2d2e8e63-272e-4b3c-8598-4ee570a0e70d",
        "Server-Timing": "traceparent;desc=\u002200-8dde7d6d91ea12ec5c264ec3290e2591-4afce6fb4128d028-00\u0022",
        "Strict-Transport-Security": "max-age=31536000; includeSubDomains",
        "x-aml-cluster": "vienna-eastus2-01",
        "X-Content-Type-Options": "nosniff",
        "x-ms-async-operation-timeout": "PT30M",
        "x-ms-correlation-request-id": "493c29eb-8af0-479a-a1bd-4a72a884a582",
        "x-ms-ratelimit-remaining-subscription-writes": "1192",
        "x-ms-response-type": "standard",
        "x-ms-routing-request-id": "WESTUS2:20230118T201731Z:493c29eb-8af0-479a-a1bd-4a72a884a582",
        "x-request-time": "0.664"
      },
      "ResponseBody": {
        "id": "/subscriptions/00000000-0000-0000-0000-000000000/resourceGroups/00000/providers/Microsoft.MachineLearningServices/workspaces/00000/batchEndpoints/batch-ept-1cf658a160054c0",
        "name": "batch-ept-1cf658a160054c0",
        "type": "Microsoft.MachineLearningServices/workspaces/batchEndpoints",
        "properties": {
          "description": "my sample batch endpoint",
          "properties": {
            "p1": "v1",
            "p2": "v2",
            "BatchEndpointCreationApiVersion": "2022-05-01",
            "azureml.onlineendpointid": "/subscriptions/00000000-0000-0000-0000-000000000/resourcegroups/00000/providers/microsoft.machinelearningservices/workspaces/00000/onlineendpoints/batch-ept-1cf658a160054c0",
            "AzureAsyncOperationUri": "https://management.azure.com/subscriptions/00000000-0000-0000-0000-000000000/providers/Microsoft.MachineLearningServices/locations/eastus2/mfeOperationsStatus/be:c33afa53-cead-40f1-8d1d-ac5976604612:908f8fcd-51a5-49c3-a8e2-84be7e3e088a?api-version=2022-05-01"
          },
          "scoringUri": null,
          "swaggerUri": null,
          "authMode": "AADToken",
          "defaults": {
            "deploymentName": null
          },
          "provisioningState": "Creating"
        },
        "systemData": {
          "createdAt": "2023-01-18T20:17:30.7290505\u002B00:00",
          "createdBy": "Diondra Peck",
          "lastModifiedAt": "2023-01-18T20:17:30.7290507\u002B00:00"
        },
        "tags": {},
        "location": "eastus2",
        "identity": {
          "type": "None",
          "principalId": "00000000-0000-0000-0000-000000000000",
          "tenantId": "00000000-0000-0000-0000-000000000000"
        }
      }
    },
    {
      "RequestUri": "https://management.azure.com/subscriptions/00000000-0000-0000-0000-000000000/providers/Microsoft.MachineLearningServices/locations/eastus2/mfeOperationsStatus/be:c33afa53-cead-40f1-8d1d-ac5976604612:908f8fcd-51a5-49c3-a8e2-84be7e3e088a?api-version=2022-05-01",
      "RequestMethod": "GET",
      "RequestHeaders": {
        "Accept": "*/*",
        "Accept-Encoding": "gzip, deflate",
        "Connection": "keep-alive",
        "User-Agent": "azure-ai-ml/1.4.0 azsdk-python-mgmt-machinelearningservices/0.1.0 Python/3.7.9 (Windows-10-10.0.22621-SP0)"
      },
      "RequestBody": null,
      "StatusCode": 200,
      "ResponseHeaders": {
        "Cache-Control": "no-cache",
        "Content-Encoding": "gzip",
        "Content-Type": "application/json; charset=utf-8",
        "Date": "Wed, 18 Jan 2023 20:17:30 GMT",
        "Expires": "-1",
        "Pragma": "no-cache",
        "Request-Context": "appId=cid-v1:2d2e8e63-272e-4b3c-8598-4ee570a0e70d",
        "Server-Timing": "traceparent;desc=\u002200-9c8df1c2ec7a45c6bbb01ec7daf107bd-cb2a74fa80f498d7-00\u0022",
        "Strict-Transport-Security": "max-age=31536000; includeSubDomains",
        "Transfer-Encoding": "chunked",
        "Vary": [
          "Accept-Encoding",
          "Accept-Encoding"
        ],
        "x-aml-cluster": "vienna-eastus2-01",
        "X-Content-Type-Options": "nosniff",
        "x-ms-correlation-request-id": "2617359a-008a-4064-bca9-dc6569c64fd0",
        "x-ms-ratelimit-remaining-subscription-reads": "11965",
        "x-ms-response-type": "standard",
        "x-ms-routing-request-id": "WESTUS2:20230118T201731Z:2617359a-008a-4064-bca9-dc6569c64fd0",
        "x-request-time": "0.041"
      },
      "ResponseBody": {
        "id": "/subscriptions/00000000-0000-0000-0000-000000000/providers/Microsoft.MachineLearningServices/locations/eastus2/mfeOperationsStatus/be:c33afa53-cead-40f1-8d1d-ac5976604612:908f8fcd-51a5-49c3-a8e2-84be7e3e088a",
        "name": "be:c33afa53-cead-40f1-8d1d-ac5976604612:908f8fcd-51a5-49c3-a8e2-84be7e3e088a",
        "startTime": "2023-01-18T20:17:30.5496462\u002B00:00",
        "percentComplete": 0.0,
        "status": "Updating"
      }
    },
    {
      "RequestUri": "https://management.azure.com/subscriptions/00000000-0000-0000-0000-000000000/providers/Microsoft.MachineLearningServices/locations/eastus2/mfeOperationsStatus/be:c33afa53-cead-40f1-8d1d-ac5976604612:908f8fcd-51a5-49c3-a8e2-84be7e3e088a?api-version=2022-05-01",
      "RequestMethod": "GET",
      "RequestHeaders": {
        "Accept": "*/*",
        "Accept-Encoding": "gzip, deflate",
        "Connection": "keep-alive",
        "User-Agent": "azure-ai-ml/1.4.0 azsdk-python-mgmt-machinelearningservices/0.1.0 Python/3.7.9 (Windows-10-10.0.22621-SP0)"
      },
      "RequestBody": null,
      "StatusCode": 200,
      "ResponseHeaders": {
        "Cache-Control": "no-cache",
        "Content-Encoding": "gzip",
        "Content-Type": "application/json; charset=utf-8",
        "Date": "Wed, 18 Jan 2023 20:18:00 GMT",
        "Expires": "-1",
        "Pragma": "no-cache",
        "Request-Context": "appId=cid-v1:2d2e8e63-272e-4b3c-8598-4ee570a0e70d",
        "Server-Timing": "traceparent;desc=\u002200-48403513d84cf58c5599a3269fea776c-d4524cd2b108818b-00\u0022",
        "Strict-Transport-Security": "max-age=31536000; includeSubDomains",
        "Transfer-Encoding": "chunked",
        "Vary": [
          "Accept-Encoding",
          "Accept-Encoding"
        ],
        "x-aml-cluster": "vienna-eastus2-01",
        "X-Content-Type-Options": "nosniff",
        "x-ms-correlation-request-id": "4afffc15-af8b-4df8-8636-c5408cc73210",
        "x-ms-ratelimit-remaining-subscription-reads": "11964",
        "x-ms-response-type": "standard",
        "x-ms-routing-request-id": "WESTUS2:20230118T201801Z:4afffc15-af8b-4df8-8636-c5408cc73210",
        "x-request-time": "0.044"
      },
      "ResponseBody": {
        "id": "/subscriptions/00000000-0000-0000-0000-000000000/providers/Microsoft.MachineLearningServices/locations/eastus2/mfeOperationsStatus/be:c33afa53-cead-40f1-8d1d-ac5976604612:908f8fcd-51a5-49c3-a8e2-84be7e3e088a",
        "name": "be:c33afa53-cead-40f1-8d1d-ac5976604612:908f8fcd-51a5-49c3-a8e2-84be7e3e088a",
        "startTime": "2023-01-18T20:17:30.5496462\u002B00:00",
        "endTime": "2023-01-18T20:17:41.4110659\u002B00:00",
        "percentComplete": 100.0,
        "status": "Succeeded"
      }
    },
    {
      "RequestUri": "https://management.azure.com/subscriptions/00000000-0000-0000-0000-000000000/resourceGroups/00000/providers/Microsoft.MachineLearningServices/workspaces/00000/batchEndpoints/batch-ept-1cf658a160054c0?api-version=2022-05-01",
      "RequestMethod": "GET",
      "RequestHeaders": {
        "Accept": "*/*",
        "Accept-Encoding": "gzip, deflate",
        "Connection": "keep-alive",
        "User-Agent": "azure-ai-ml/1.4.0 azsdk-python-mgmt-machinelearningservices/0.1.0 Python/3.7.9 (Windows-10-10.0.22621-SP0)"
      },
      "RequestBody": null,
      "StatusCode": 200,
      "ResponseHeaders": {
        "Cache-Control": "no-cache",
        "Content-Encoding": "gzip",
        "Content-Type": "application/json; charset=utf-8",
        "Date": "Wed, 18 Jan 2023 20:18:03 GMT",
        "Expires": "-1",
        "Pragma": "no-cache",
        "Request-Context": "appId=cid-v1:2d2e8e63-272e-4b3c-8598-4ee570a0e70d",
        "Server-Timing": "traceparent;desc=\u002200-d2b08debeea2ab3131c9f756e10c67eb-798e0a3049bbd2d8-00\u0022",
        "Strict-Transport-Security": "max-age=31536000; includeSubDomains",
        "Transfer-Encoding": "chunked",
        "Vary": [
          "Accept-Encoding",
          "Accept-Encoding"
        ],
        "x-aml-cluster": "vienna-eastus2-01",
        "X-Content-Type-Options": "nosniff",
        "x-ms-correlation-request-id": "e0e208b1-250c-4284-90ea-e0e927d35dfd",
        "x-ms-ratelimit-remaining-subscription-reads": "11963",
        "x-ms-response-type": "standard",
        "x-ms-routing-request-id": "WESTUS2:20230118T201804Z:e0e208b1-250c-4284-90ea-e0e927d35dfd",
        "x-request-time": "1.891"
      },
      "ResponseBody": {
        "id": "/subscriptions/00000000-0000-0000-0000-000000000/resourceGroups/00000/providers/Microsoft.MachineLearningServices/workspaces/00000/batchEndpoints/batch-ept-1cf658a160054c0",
        "name": "batch-ept-1cf658a160054c0",
        "type": "Microsoft.MachineLearningServices/workspaces/batchEndpoints",
        "properties": {
          "description": "my sample batch endpoint",
          "properties": {
            "p1": "v1",
            "p2": "v2",
            "BatchEndpointCreationApiVersion": "2022-05-01",
            "azureml.onlineendpointid": "/subscriptions/00000000-0000-0000-0000-000000000/resourcegroups/00000/providers/microsoft.machinelearningservices/workspaces/00000/onlineendpoints/batch-ept-1cf658a160054c0",
            "AzureAsyncOperationUri": "https://management.azure.com/subscriptions/00000000-0000-0000-0000-000000000/providers/Microsoft.MachineLearningServices/locations/eastus2/mfeOperationsStatus/be:c33afa53-cead-40f1-8d1d-ac5976604612:908f8fcd-51a5-49c3-a8e2-84be7e3e088a?api-version=2022-05-01"
          },
          "scoringUri": "https://batch-ept-1cf658a160054c0.eastus2.inference.ml.azure.com/jobs",
          "swaggerUri": null,
          "authMode": "AADToken",
          "defaults": {
            "deploymentName": null
          },
          "provisioningState": "Succeeded"
        },
        "systemData": {
          "createdAt": "2023-01-18T20:17:30.7290505\u002B00:00",
          "createdBy": "Diondra Peck",
          "lastModifiedAt": "2023-01-18T20:17:41.4706881\u002B00:00"
        },
        "tags": {},
        "location": "eastus2",
        "identity": {
          "type": "None",
          "principalId": "00000000-0000-0000-0000-000000000000",
          "tenantId": "00000000-0000-0000-0000-000000000000"
        }
      }
    },
    {
      "RequestUri": "https://management.azure.com/subscriptions/00000000-0000-0000-0000-000000000/resourceGroups/00000/providers/Microsoft.MachineLearningServices/workspaces/00000/batchEndpoints/batch-ept-1cf658a160054c0?api-version=2022-05-01",
      "RequestMethod": "GET",
      "RequestHeaders": {
        "Accept": "application/json",
        "Accept-Encoding": "gzip, deflate",
        "Connection": "keep-alive",
        "User-Agent": "azure-ai-ml/1.4.0 azsdk-python-mgmt-machinelearningservices/0.1.0 Python/3.7.9 (Windows-10-10.0.22621-SP0)"
      },
      "RequestBody": null,
      "StatusCode": 200,
      "ResponseHeaders": {
        "Cache-Control": "no-cache",
        "Content-Encoding": "gzip",
        "Content-Type": "application/json; charset=utf-8",
        "Date": "Wed, 18 Jan 2023 20:18:03 GMT",
        "Expires": "-1",
        "Pragma": "no-cache",
        "Request-Context": "appId=cid-v1:2d2e8e63-272e-4b3c-8598-4ee570a0e70d",
        "Server-Timing": "traceparent;desc=\u002200-6e871b2be9d2d6e373802e400263fdfb-1b245306ecccedd9-00\u0022",
        "Strict-Transport-Security": "max-age=31536000; includeSubDomains",
        "Transfer-Encoding": "chunked",
        "Vary": [
          "Accept-Encoding",
          "Accept-Encoding"
        ],
        "x-aml-cluster": "vienna-eastus2-01",
        "X-Content-Type-Options": "nosniff",
        "x-ms-correlation-request-id": "8db88dd5-7df5-42f2-916d-fee9cbacb3d7",
        "x-ms-ratelimit-remaining-subscription-reads": "11962",
        "x-ms-response-type": "standard",
        "x-ms-routing-request-id": "WESTUS2:20230118T201804Z:8db88dd5-7df5-42f2-916d-fee9cbacb3d7",
        "x-request-time": "0.129"
      },
      "ResponseBody": {
        "id": "/subscriptions/00000000-0000-0000-0000-000000000/resourceGroups/00000/providers/Microsoft.MachineLearningServices/workspaces/00000/batchEndpoints/batch-ept-1cf658a160054c0",
        "name": "batch-ept-1cf658a160054c0",
        "type": "Microsoft.MachineLearningServices/workspaces/batchEndpoints",
        "properties": {
          "description": "my sample batch endpoint",
          "properties": {
            "p1": "v1",
            "p2": "v2",
            "BatchEndpointCreationApiVersion": "2022-05-01",
            "azureml.onlineendpointid": "/subscriptions/00000000-0000-0000-0000-000000000/resourcegroups/00000/providers/microsoft.machinelearningservices/workspaces/00000/onlineendpoints/batch-ept-1cf658a160054c0",
            "AzureAsyncOperationUri": "https://management.azure.com/subscriptions/00000000-0000-0000-0000-000000000/providers/Microsoft.MachineLearningServices/locations/eastus2/mfeOperationsStatus/be:c33afa53-cead-40f1-8d1d-ac5976604612:908f8fcd-51a5-49c3-a8e2-84be7e3e088a?api-version=2022-05-01"
          },
          "scoringUri": "https://batch-ept-1cf658a160054c0.eastus2.inference.ml.azure.com/jobs",
          "swaggerUri": null,
          "authMode": "AADToken",
          "defaults": {
            "deploymentName": null
          },
          "provisioningState": "Succeeded"
        },
        "systemData": {
          "createdAt": "2023-01-18T20:17:30.7290505\u002B00:00",
          "createdBy": "Diondra Peck",
          "lastModifiedAt": "2023-01-18T20:17:41.4706881\u002B00:00"
        },
        "tags": {},
        "location": "eastus2",
        "identity": {
          "type": "None",
          "principalId": "00000000-0000-0000-0000-000000000000",
          "tenantId": "00000000-0000-0000-0000-000000000000"
        }
      }
    },
    {
      "RequestUri": "https://management.azure.com/subscriptions/00000000-0000-0000-0000-000000000/resourceGroups/00000/providers/Microsoft.MachineLearningServices/workspaces/00000?api-version=2022-10-01",
      "RequestMethod": "GET",
      "RequestHeaders": {
        "Accept": "application/json",
        "Accept-Encoding": "gzip, deflate",
        "Connection": "keep-alive",
        "User-Agent": "azure-ai-ml/1.4.0 azsdk-python-mgmt-machinelearningservices/0.1.0 Python/3.7.9 (Windows-10-10.0.22621-SP0)"
      },
      "RequestBody": null,
      "StatusCode": 200,
      "ResponseHeaders": {
        "Cache-Control": "no-cache",
        "Content-Encoding": "gzip",
        "Content-Type": "application/json; charset=utf-8",
        "Date": "Wed, 18 Jan 2023 20:18:05 GMT",
        "Expires": "-1",
        "Pragma": "no-cache",
        "Request-Context": "appId=cid-v1:2d2e8e63-272e-4b3c-8598-4ee570a0e70d",
        "Server-Timing": "traceparent;desc=\u002200-4fbcb554b5ffb83a0f1aad629d499bfc-452eadb3efad6445-00\u0022",
        "Strict-Transport-Security": "max-age=31536000; includeSubDomains",
        "Transfer-Encoding": "chunked",
        "Vary": [
          "Accept-Encoding",
          "Accept-Encoding"
        ],
        "x-aml-cluster": "vienna-eastus2-01",
        "X-Content-Type-Options": "nosniff",
        "x-ms-correlation-request-id": "57bc8f8c-626d-4427-9124-244f48b3326c",
        "x-ms-ratelimit-remaining-subscription-reads": "11961",
        "x-ms-response-type": "standard",
        "x-ms-routing-request-id": "WESTUS2:20230118T201805Z:57bc8f8c-626d-4427-9124-244f48b3326c",
        "x-request-time": "0.016"
      },
      "ResponseBody": {
        "id": "/subscriptions/00000000-0000-0000-0000-000000000/resourceGroups/00000/providers/Microsoft.MachineLearningServices/workspaces/00000",
        "name": "00000",
        "type": "Microsoft.MachineLearningServices/workspaces",
        "location": "eastus2",
        "tags": {},
        "etag": null,
        "properties": {
          "friendlyName": "00000",
          "description": "",
          "storageAccount": "/subscriptions/00000000-0000-0000-0000-000000000/resourceGroups/00000/providers/Microsoft.Storage/storageAccounts/sadnuammrwdeilc",
          "keyVault": "/subscriptions/00000000-0000-0000-0000-000000000/resourceGroups/00000/providers/Microsoft.Keyvault/vaults/kvtesthhy5m5pqcjec6",
          "applicationInsights": "/subscriptions/00000000-0000-0000-0000-000000000/resourceGroups/00000/providers/Microsoft.insights/components/aidnuammrwdeilc",
          "hbiWorkspace": false,
          "tenantId": "72f988bf-86f1-41af-91ab-2d7cd011db47",
          "imageBuildCompute": null,
          "provisioningState": "Succeeded",
          "v1LegacyMode": false,
          "softDeleteEnabled": false,
          "containerRegistry": "/subscriptions/00000000-0000-0000-0000-000000000/resourceGroups/00000/providers/Microsoft.ContainerRegistry/registries/crdnuammrwdeilc",
          "notebookInfo": {
            "resourceId": "493ca697a7f447848820635d6ef3a5f0",
            "fqdn": "ml-sdkvnextcli-eastus2-c33afa53-cead-40f1-8d1d-ac5976604612.eastus2.notebooks.azure.net",
            "isPrivateLinkEnabled": false,
            "notebookPreparationError": null
          },
          "storageHnsEnabled": false,
          "workspaceId": "c33afa53-cead-40f1-8d1d-ac5976604612",
          "linkedModelInventoryArmId": null,
          "privateLinkCount": 0,
          "publicNetworkAccess": "Enabled",
          "discoveryUrl": "https://eastus2.api.azureml.ms/discovery",
          "mlFlowTrackingUri": "azureml://eastus2.api.azureml.ms/mlflow/v1.0/subscriptions/00000000-0000-0000-0000-000000000/resourceGroups/00000/providers/Microsoft.MachineLearningServices/workspaces/00000",
          "sdkTelemetryAppInsightsKey": "066b0d89-53d2-4b58-8bc8-ac382527e4fb",
          "sasGetterUri": "",
          "enableDataIsolation": false
        },
        "identity": {
          "type": "SystemAssigned",
          "principalId": "ab3f5d04-98db-441d-97a8-f558ea82f4ef",
          "tenantId": "72f988bf-86f1-41af-91ab-2d7cd011db47"
        },
        "sku": {
          "name": "Basic",
          "tier": "Basic"
        },
        "systemData": {
          "createdAt": "2023-01-17T23:08:06.6643232Z",
          "createdBy": "dipeck@microsoft.com",
          "createdByType": "User",
          "lastModifiedAt": "2023-01-17T23:08:06.6643232Z",
          "lastModifiedBy": "dipeck@microsoft.com",
          "lastModifiedByType": "User"
        }
      }
    },
    {
      "RequestUri": "https://eastus2.api.azureml.ms/content/v2.0/subscriptions/00000000-0000-0000-0000-000000000/resourceGroups/00000/providers/Microsoft.MachineLearningServices/workspaces/00000/snapshots/getByHash?hash=7025d35c50f3653c30def0b61a8c85fd5a6d77207bbbf76d939b780e67f9c282\u0026hashVersion=202208",
      "RequestMethod": "POST",
      "RequestHeaders": {
        "Accept": "*/*",
        "Accept-Encoding": "gzip, deflate",
        "Connection": "keep-alive",
        "Content-Length": "0",
        "Content-Type": "application/json; charset=UTF-8",
        "User-Agent": "azure-ai-ml/1.4.0 azsdk-python-core/1.26.3 Python/3.7.9 (Windows-10-10.0.22621-SP0)"
      },
      "RequestBody": null,
      "StatusCode": 400,
      "ResponseHeaders": {
        "Connection": "keep-alive",
        "Content-Length": "557",
        "Content-Type": "application/json; charset=utf-8",
        "Date": "Wed, 18 Jan 2023 20:18:09 GMT",
        "Request-Context": "appId=cid-v1:2d2e8e63-272e-4b3c-8598-4ee570a0e70d",
        "Strict-Transport-Security": "max-age=15724800; includeSubDomains; preload",
        "x-aml-cluster": "vienna-eastus2-01",
        "X-Content-Type-Options": "nosniff",
        "x-ms-response-type": "standard",
        "x-request-time": "0.018"
      },
      "ResponseBody": {
        "error": {
          "code": "UserError",
          "severity": null,
          "message": "Request body could not be read. Ensure data was provided in the request body and that the content-type header is correct.",
          "messageFormat": null,
          "messageParameters": {},
          "referenceCode": null,
          "detailsUri": null,
          "target": null,
          "details": [],
          "innerError": null,
          "debugInfo": null,
          "additionalInfo": null
        },
        "correlation": null,
        "environment": null,
        "location": null,
        "time": "0001-01-01T00:00:00\u002B00:00",
        "componentName": null
      }
    },
    {
      "RequestUri": "https://eastus2.api.azureml.ms/assetstore/v1.0/temporaryDataReference/createOrGet",
      "RequestMethod": "POST",
      "RequestHeaders": {
        "Accept": "*/*",
        "Accept-Encoding": "gzip, deflate",
        "Connection": "keep-alive",
        "Content-Length": "268",
        "Content-Type": "application/json; charset=UTF-8",
        "User-Agent": "azure-ai-ml/1.4.0 azsdk-python-core/1.26.3 Python/3.7.9 (Windows-10-10.0.22621-SP0)"
      },
      "RequestBody": {
        "assetId": "azureml://locations/eastus2/workspaces/c33afa53-cead-40f1-8d1d-ac5976604612/codes/386d9c1f-dd4c-4a6d-b123-2f0cb5f2037b/versions/1",
        "temporaryDataReferenceId": "8843ef1b-ac55-401d-9787-5454b9fcc35d",
        "temporaryDataReferenceType": "TemporaryBlobReference"
      },
      "StatusCode": 200,
      "ResponseHeaders": {
        "Connection": "keep-alive",
        "Content-Encoding": "gzip",
        "Content-Type": "application/json; charset=utf-8",
        "Date": "Wed, 18 Jan 2023 20:18:11 GMT",
        "Request-Context": "appId=cid-v1:2d2e8e63-272e-4b3c-8598-4ee570a0e70d",
        "Strict-Transport-Security": "max-age=15724800; includeSubDomains; preload",
        "Transfer-Encoding": "chunked",
        "Vary": "Accept-Encoding",
        "x-aml-cluster": "vienna-eastus2-01",
        "X-Content-Type-Options": "nosniff",
        "x-ms-response-type": "standard",
        "x-request-time": "0.363"
      },
      "ResponseBody": {
        "blobReferenceForConsumption": {
          "blobUri": "https://sadnuammrwdeilc.blob.core.windows.net:443/c33afa53-c-3109e4c5-69ef-5bc6-8b4a-04eac95166e2",
          "storageAccountArmId": "/subscriptions/00000000-0000-0000-0000-000000000/resourceGroups/00000/providers/Microsoft.Storage/storageAccounts/sadnuammrwdeilc",
          "credential": {
            "sasUri": "https://sadnuammrwdeilc.blob.core.windows.net/c33afa53-c-3109e4c5-69ef-5bc6-8b4a-04eac95166e2?skoid=ab3f5d04-98db-441d-97a8-f558ea82f4ef\u0026sktid=72f988bf-86f1-41af-91ab-2d7cd011db47\u0026skt=2023-01-17T23%3A58%3A03Z\u0026ske=2023-01-19T08%3A08%3A03Z\u0026sks=b\u0026skv=2019-07-07\u0026sv=2021-08-06\u0026st=2023-01-18T20%3A08%3A11Z\u0026se=2023-01-19T04%3A18%3A11Z\u0026sr=c\u0026sp=rcwl\u0026sig=eWeMdROdizMMS2gH7nGqS3Qq6bsd1oJGRVuNrna584c%3D",
            "wasbsUri": null,
            "credentialType": "SAS"
          }
        },
        "imageReferenceForConsumption": null,
        "temporaryDataReferenceId": "8843ef1b-ac55-401d-9787-5454b9fcc35d",
        "temporaryDataReferenceType": null
      }
    },
    {
      "RequestUri": "https://sadnuammrwdeilc.blob.core.windows.net/c33afa53-c-3109e4c5-69ef-5bc6-8b4a-04eac95166e2/code/digit_identification.py?skoid=ab3f5d04-98db-441d-97a8-f558ea82f4ef\u0026sktid=72f988bf-86f1-41af-91ab-2d7cd011db47\u0026skt=2023-01-17T23%3A58%3A03Z\u0026ske=2023-01-19T08%3A08%3A03Z\u0026sks=b\u0026skv=2019-07-07\u0026sv=2021-08-06\u0026st=2023-01-18T20%3A08%3A11Z\u0026se=2023-01-19T04%3A18%3A11Z\u0026sr=c\u0026sp=rcwl\u0026sig=eWeMdROdizMMS2gH7nGqS3Qq6bsd1oJGRVuNrna584c%3D",
      "RequestMethod": "HEAD",
      "RequestHeaders": {
        "Accept": "application/xml",
        "Accept-Encoding": "gzip, deflate",
        "Connection": "keep-alive",
        "User-Agent": "azsdk-python-storage-blob/12.14.1 Python/3.7.9 (Windows-10-10.0.22621-SP0)",
        "x-ms-date": "Wed, 18 Jan 2023 20:18:11 GMT",
        "x-ms-version": "2021-08-06"
      },
      "RequestBody": null,
      "StatusCode": 404,
      "ResponseHeaders": {
        "Date": "Wed, 18 Jan 2023 20:18:11 GMT",
        "Server": [
          "Windows-Azure-Blob/1.0",
          "Microsoft-HTTPAPI/2.0"
        ],
        "Transfer-Encoding": "chunked",
        "Vary": "Origin",
        "x-ms-error-code": "BlobNotFound",
        "x-ms-version": "2021-08-06"
      },
      "ResponseBody": null
    },
    {
      "RequestUri": "https://sadnuammrwdeilc.blob.core.windows.net/c33afa53-c-3109e4c5-69ef-5bc6-8b4a-04eac95166e2/code/digit_identification.py?skoid=ab3f5d04-98db-441d-97a8-f558ea82f4ef\u0026sktid=72f988bf-86f1-41af-91ab-2d7cd011db47\u0026skt=2023-01-17T23%3A58%3A03Z\u0026ske=2023-01-19T08%3A08%3A03Z\u0026sks=b\u0026skv=2019-07-07\u0026sv=2021-08-06\u0026st=2023-01-18T20%3A08%3A11Z\u0026se=2023-01-19T04%3A18%3A11Z\u0026sr=c\u0026sp=rcwl\u0026sig=eWeMdROdizMMS2gH7nGqS3Qq6bsd1oJGRVuNrna584c%3D",
      "RequestMethod": "PUT",
      "RequestHeaders": {
        "Accept": "application/xml",
        "Accept-Encoding": "gzip, deflate",
        "Connection": "keep-alive",
        "Content-Length": "1507",
        "Content-MD5": "8LYOZM84vq\u002B3MqnY2Np32Q==",
        "Content-Type": "application/octet-stream",
        "If-None-Match": "*",
        "User-Agent": "azsdk-python-storage-blob/12.14.1 Python/3.7.9 (Windows-10-10.0.22621-SP0)",
        "x-ms-blob-type": "BlockBlob",
        "x-ms-date": "Wed, 18 Jan 2023 20:18:12 GMT",
        "x-ms-version": "2021-08-06"
      },
      "RequestBody": "IyBDb3B5cmlnaHQgKGMpIE1pY3Jvc29mdC4gQWxsIHJpZ2h0cyByZXNlcnZlZC4KIyBMaWNlbnNlZCB1bmRlciB0aGUgTUlUIGxpY2Vuc2UuCgppbXBvcnQgb3MKCmltcG9ydCBudW1weSBhcyBucAppbXBvcnQgdGVuc29yZmxvdyBhcyB0Zgpmcm9tIGF6dXJlbWwuY29yZSBpbXBvcnQgTW9kZWwKZnJvbSBQSUwgaW1wb3J0IEltYWdlCgoKZGVmIGluaXQoKToKICAgIGdsb2JhbCBnX3RmX3Nlc3MKCiAgICAjIEFaVVJFTUxfTU9ERUxfRElSIGlzIGFuIGVudmlyb25tZW50IHZhcmlhYmxlIGNyZWF0ZWQgZHVyaW5nIGRlcGxveW1lbnQKICAgICMgSXQgaXMgdGhlIHBhdGggdG8gdGhlIG1vZGVsIGZvbGRlciAoLi9henVyZW1sLW1vZGVscykKICAgICMgUGxlYXNlIHByb3ZpZGUgeW91ciBtb2RlbCdzIGZvbGRlciBuYW1lIGlmIHRoZXJlJ3Mgb25lCiAgICBtb2RlbF9wYXRoID0gb3MucGF0aC5qb2luKG9zLmVudmlyb25bIkFaVVJFTUxfTU9ERUxfRElSIl0sICJtb2RlbCIpCgogICAgIyBjb250cnVjdCBncmFwaCB0byBleGVjdXRlCiAgICB0Zi5yZXNldF9kZWZhdWx0X2dyYXBoKCkKICAgIHNhdmVyID0gdGYudHJhaW4uaW1wb3J0X21ldGFfZ3JhcGgob3MucGF0aC5qb2luKG1vZGVsX3BhdGgsICJtbmlzdC10Zi5tb2RlbC5tZXRhIikpCiAgICBnX3RmX3Nlc3MgPSB0Zi5TZXNzaW9uKGNvbmZpZz10Zi5Db25maWdQcm90byhkZXZpY2VfY291bnQ9eyJHUFUiOiAwfSkpCiAgICBzYXZlci5yZXN0b3JlKGdfdGZfc2Vzcywgb3MucGF0aC5qb2luKG1vZGVsX3BhdGgsICJtbmlzdC10Zi5tb2RlbCIpKQoKCmRlZiBydW4obWluaV9iYXRjaCk6CiAgICBwcmludChmInJ1biBtZXRob2Qgc3RhcnQ6IHtfX2ZpbGVfX30sIHJ1bih7bWluaV9iYXRjaH0pIikKICAgIHJlc3VsdExpc3QgPSBbXQogICAgaW5fdGVuc29yID0gZ190Zl9zZXNzLmdyYXBoLmdldF90ZW5zb3JfYnlfbmFtZSgibmV0d29yay9YOjAiKQogICAgb3V0cHV0ID0gZ190Zl9zZXNzLmdyYXBoLmdldF90ZW5zb3JfYnlfbmFtZSgibmV0d29yay9vdXRwdXQvTWF0TXVsOjAiKQoKICAgIGZvciBpbWFnZSBpbiBtaW5pX2JhdGNoOgogICAgICAgICMgcHJlcGFyZSBlYWNoIGltYWdlCiAgICAgICAgZGF0YSA9IEltYWdlLm9wZW4oaW1hZ2UpCiAgICAgICAgbnBfaW0gPSBucC5hcnJheShkYXRhKS5yZXNoYXBlKCgxLCA3ODQpKQogICAgICAgICMgcGVyZm9ybSBpbmZlcmVuY2UKICAgICAgICBpbmZlcmVuY2VfcmVzdWx0ID0gb3V0cHV0LmV2YWwoZmVlZF9kaWN0PXtpbl90ZW5zb3I6IG5wX2ltfSwgc2Vzc2lvbj1nX3RmX3Nlc3MpCiAgICAgICAgIyBmaW5kIGJlc3QgcHJvYmFiaWxpdHksIGFuZCBhZGQgdG8gcmVzdWx0IGxpc3QKICAgICAgICBiZXN0X3Jlc3VsdCA9IG5wLmFyZ21heChpbmZlcmVuY2VfcmVzdWx0KQogICAgICAgIHJlc3VsdExpc3QuYXBwZW5kKCJ7fToge30iLmZvcm1hdChvcy5wYXRoLmJhc2VuYW1lKGltYWdlKSwgYmVzdF9yZXN1bHQpKQoKICAgIHJldHVybiByZXN1bHRMaXN0Cg==",
      "StatusCode": 201,
      "ResponseHeaders": {
        "Content-Length": "0",
        "Content-MD5": "8LYOZM84vq\u002B3MqnY2Np32Q==",
        "Date": "Wed, 18 Jan 2023 20:18:11 GMT",
        "ETag": "\u00220x8DAF9911FB3DB85\u0022",
        "Last-Modified": "Wed, 18 Jan 2023 20:18:12 GMT",
        "Server": [
          "Windows-Azure-Blob/1.0",
          "Microsoft-HTTPAPI/2.0"
        ],
        "x-ms-content-crc64": "3VOhEs4sfE0=",
        "x-ms-request-server-encrypted": "true",
        "x-ms-version": "2021-08-06"
      },
      "ResponseBody": null
    },
    {
      "RequestUri": "https://sadnuammrwdeilc.blob.core.windows.net/c33afa53-c-3109e4c5-69ef-5bc6-8b4a-04eac95166e2/code/digit_identification.py?comp=metadata\u0026skoid=ab3f5d04-98db-441d-97a8-f558ea82f4ef\u0026sktid=72f988bf-86f1-41af-91ab-2d7cd011db47\u0026skt=2023-01-17T23%3A58%3A03Z\u0026ske=2023-01-19T08%3A08%3A03Z\u0026sks=b\u0026skv=2019-07-07\u0026sv=2021-08-06\u0026st=2023-01-18T20%3A08%3A11Z\u0026se=2023-01-19T04%3A18%3A11Z\u0026sr=c\u0026sp=rcwl\u0026sig=eWeMdROdizMMS2gH7nGqS3Qq6bsd1oJGRVuNrna584c%3D",
      "RequestMethod": "PUT",
      "RequestHeaders": {
        "Accept": "application/xml",
        "Accept-Encoding": "gzip, deflate",
        "Connection": "keep-alive",
        "Content-Length": "0",
        "User-Agent": "azsdk-python-storage-blob/12.14.1 Python/3.7.9 (Windows-10-10.0.22621-SP0)",
        "x-ms-date": "Wed, 18 Jan 2023 20:18:12 GMT",
        "x-ms-meta-name": "386d9c1f-dd4c-4a6d-b123-2f0cb5f2037b",
        "x-ms-meta-upload_status": "completed",
        "x-ms-meta-version": "1",
        "x-ms-version": "2021-08-06"
      },
      "RequestBody": null,
      "StatusCode": 200,
      "ResponseHeaders": {
        "Content-Length": "0",
        "Date": "Wed, 18 Jan 2023 20:18:12 GMT",
        "ETag": "\u00220x8DAF9911FCC9008\u0022",
        "Last-Modified": "Wed, 18 Jan 2023 20:18:12 GMT",
        "Server": [
          "Windows-Azure-Blob/1.0",
          "Microsoft-HTTPAPI/2.0"
        ],
        "x-ms-request-server-encrypted": "true",
        "x-ms-version": "2021-08-06"
      },
      "ResponseBody": null
    },
    {
      "RequestUri": "https://management.azure.com/subscriptions/00000000-0000-0000-0000-000000000/resourceGroups/00000/providers/Microsoft.MachineLearningServices/workspaces/00000/codes/386d9c1f-dd4c-4a6d-b123-2f0cb5f2037b/versions/1?api-version=2022-05-01",
      "RequestMethod": "PUT",
      "RequestHeaders": {
        "Accept": "application/json",
        "Accept-Encoding": "gzip, deflate",
        "Connection": "keep-alive",
        "Content-Length": "245",
        "Content-Type": "application/json",
        "User-Agent": "azure-ai-ml/1.4.0 azsdk-python-mgmt-machinelearningservices/0.1.0 Python/3.7.9 (Windows-10-10.0.22621-SP0)"
      },
      "RequestBody": {
        "properties": {
          "properties": {
            "hash_sha256": "0000000000000",
            "hash_version": "0000000000000"
          },
          "isAnonymous": true,
          "isArchived": false,
          "codeUri": "https://sadnuammrwdeilc.blob.core.windows.net:443/c33afa53-c-3109e4c5-69ef-5bc6-8b4a-04eac95166e2/code"
        }
      },
      "StatusCode": 201,
      "ResponseHeaders": {
        "Cache-Control": "no-cache",
        "Content-Length": "773",
        "Content-Type": "application/json; charset=utf-8",
        "Date": "Wed, 18 Jan 2023 20:18:16 GMT",
        "Expires": "-1",
        "Location": "https://management.azure.com/subscriptions/00000000-0000-0000-0000-000000000/resourceGroups/00000/providers/Microsoft.MachineLearningServices/workspaces/00000/codes/386d9c1f-dd4c-4a6d-b123-2f0cb5f2037b/versions/1?api-version=2022-05-01",
        "Pragma": "no-cache",
        "Request-Context": "appId=cid-v1:2d2e8e63-272e-4b3c-8598-4ee570a0e70d",
        "Server-Timing": "traceparent;desc=\u002200-e848b4cc5a3a5493a1830e9601098dc7-46ba296512c9ce6a-00\u0022",
        "Strict-Transport-Security": "max-age=31536000; includeSubDomains",
        "x-aml-cluster": "vienna-eastus2-01",
        "X-Content-Type-Options": "nosniff",
        "x-ms-correlation-request-id": "d9298777-4c6f-40dc-853c-73c5623864d4",
        "x-ms-ratelimit-remaining-subscription-writes": "1191",
        "x-ms-response-type": "standard",
        "x-ms-routing-request-id": "WESTUS2:20230118T201816Z:d9298777-4c6f-40dc-853c-73c5623864d4",
        "x-request-time": "0.394"
      },
      "ResponseBody": {
        "id": "/subscriptions/00000000-0000-0000-0000-000000000/resourceGroups/00000/providers/Microsoft.MachineLearningServices/workspaces/00000/codes/386d9c1f-dd4c-4a6d-b123-2f0cb5f2037b/versions/1",
        "name": "1",
        "type": "Microsoft.MachineLearningServices/workspaces/codes/versions",
        "properties": {
          "description": null,
          "tags": {},
          "properties": {
            "hash_sha256": "0000000000000",
            "hash_version": "0000000000000"
          },
          "isArchived": false,
          "isAnonymous": false,
          "codeUri": "https://sadnuammrwdeilc.blob.core.windows.net:443/c33afa53-c-3109e4c5-69ef-5bc6-8b4a-04eac95166e2/code"
        },
        "systemData": {
          "createdAt": "2023-01-18T20:18:16.0947437\u002B00:00",
          "createdBy": "Diondra Peck",
          "createdByType": "User",
          "lastModifiedAt": "2023-01-18T20:18:16.0947437\u002B00:00",
          "lastModifiedBy": "Diondra Peck",
          "lastModifiedByType": "User"
        }
      }
    },
    {
      "RequestUri": "https://management.azure.com/subscriptions/00000000-0000-0000-0000-000000000/resourceGroups/00000/providers/Microsoft.MachineLearningServices/workspaces/00000/environments/CliV2AnonymousEnvironment/versions/ae6c19664c826bce1a006d64aa3b30c6?api-version=2022-05-01",
      "RequestMethod": "PUT",
      "RequestHeaders": {
        "Accept": "application/json",
        "Accept-Encoding": "gzip, deflate",
        "Connection": "keep-alive",
        "Content-Length": "313",
        "Content-Type": "application/json",
        "User-Agent": "azure-ai-ml/1.4.0 azsdk-python-mgmt-machinelearningservices/0.1.0 Python/3.7.9 (Windows-10-10.0.22621-SP0)"
      },
      "RequestBody": {
        "properties": {
          "isAnonymous": true,
          "isArchived": false,
          "condaFile": "channels:\n- conda-forge\ndependencies:\n- python=3.8\n- pip\n- pip:\n  - tensorflow\n  - pillow\n  - azureml-core\n  - azureml-dataset-runtime[fuse]\nname: mnist-env\n",
          "image": "mcr.microsoft.com/azureml/openmpi3.1.2-ubuntu18.04:latest"
        }
      },
      "StatusCode": 201,
      "ResponseHeaders": {
        "Cache-Control": "no-cache",
        "Content-Length": "1207",
        "Content-Type": "application/json; charset=utf-8",
        "Date": "Wed, 18 Jan 2023 20:18:16 GMT",
        "Expires": "-1",
        "Location": "https://management.azure.com/subscriptions/00000000-0000-0000-0000-000000000/resourceGroups/00000/providers/Microsoft.MachineLearningServices/workspaces/00000/environments/CliV2AnonymousEnvironment/versions/ae6c19664c826bce1a006d64aa3b30c6?api-version=2022-05-01",
        "Pragma": "no-cache",
        "Request-Context": "appId=cid-v1:2d2e8e63-272e-4b3c-8598-4ee570a0e70d",
        "Server-Timing": "traceparent;desc=\u002200-7e14df974f3c265f16c0aab143f2ee71-678a598577db493e-00\u0022",
        "Strict-Transport-Security": "max-age=31536000; includeSubDomains",
        "x-aml-cluster": "vienna-eastus2-01",
        "X-Content-Type-Options": "nosniff",
        "x-ms-correlation-request-id": "f7f4d6b3-9df7-46e2-bd25-514dad2332d2",
        "x-ms-ratelimit-remaining-subscription-writes": "1190",
        "x-ms-response-type": "standard",
        "x-ms-routing-request-id": "WESTUS2:20230118T201816Z:f7f4d6b3-9df7-46e2-bd25-514dad2332d2",
        "x-request-time": "0.145"
      },
      "ResponseBody": {
        "id": "/subscriptions/00000000-0000-0000-0000-000000000/resourceGroups/00000/providers/Microsoft.MachineLearningServices/workspaces/00000/environments/CliV2AnonymousEnvironment/versions/ae6c19664c826bce1a006d64aa3b30c6",
        "name": "ae6c19664c826bce1a006d64aa3b30c6",
        "type": "Microsoft.MachineLearningServices/workspaces/environments/versions",
        "properties": {
          "description": null,
          "tags": {},
          "properties": {},
          "isArchived": false,
          "isAnonymous": true,
          "environmentType": "UserCreated",
          "image": "mcr.microsoft.com/azureml/openmpi3.1.2-ubuntu18.04:latest",
          "condaFile": "{\n  \u0022channels\u0022: [\n    \u0022conda-forge\u0022\n  ],\n  \u0022dependencies\u0022: [\n    \u0022python=3.8\u0022,\n    \u0022pip\u0022,\n    {\n      \u0022pip\u0022: [\n        \u0022tensorflow\u0022,\n        \u0022pillow\u0022,\n        \u0022azureml-core\u0022,\n        \u0022azureml-dataset-runtime[fuse]\u0022\n      ]\n    }\n  ],\n  \u0022name\u0022: \u0022mnist-env\u0022\n}",
          "osType": "Linux"
        },
        "systemData": {
          "createdAt": "2023-01-18T05:14:11.886572\u002B00:00",
          "createdBy": "Diondra Peck",
          "createdByType": "User",
          "lastModifiedAt": "2023-01-18T05:14:11.886572\u002B00:00",
          "lastModifiedBy": "Diondra Peck",
          "lastModifiedByType": "User"
        }
      }
    },
    {
      "RequestUri": "https://management.azure.com/subscriptions/00000000-0000-0000-0000-000000000/resourceGroups/00000/providers/Microsoft.MachineLearningServices/workspaces/00000/datastores/workspaceblobstore?api-version=2022-10-01",
      "RequestMethod": "GET",
      "RequestHeaders": {
        "Accept": "application/json",
        "Accept-Encoding": "gzip, deflate",
        "Connection": "keep-alive",
        "User-Agent": "azure-ai-ml/1.4.0 azsdk-python-mgmt-machinelearningservices/0.1.0 Python/3.7.9 (Windows-10-10.0.22621-SP0)"
      },
      "RequestBody": null,
      "StatusCode": 200,
      "ResponseHeaders": {
        "Cache-Control": "no-cache",
        "Content-Encoding": "gzip",
        "Content-Type": "application/json; charset=utf-8",
        "Date": "Wed, 18 Jan 2023 20:18:17 GMT",
        "Expires": "-1",
        "Pragma": "no-cache",
        "Request-Context": "appId=cid-v1:2d2e8e63-272e-4b3c-8598-4ee570a0e70d",
        "Server-Timing": "traceparent;desc=\u002200-db6fe0f5b79d0f2cf2fb84d8552ec13c-e52c3947de35c49c-00\u0022",
        "Strict-Transport-Security": "max-age=31536000; includeSubDomains",
        "Transfer-Encoding": "chunked",
        "Vary": [
          "Accept-Encoding",
          "Accept-Encoding"
        ],
        "x-aml-cluster": "vienna-eastus2-01",
        "X-Content-Type-Options": "nosniff",
        "x-ms-correlation-request-id": "21ea5f61-cc60-442d-9b4f-ec7a867d7f83",
        "x-ms-ratelimit-remaining-subscription-reads": "11960",
        "x-ms-response-type": "standard",
        "x-ms-routing-request-id": "WESTUS2:20230118T201817Z:21ea5f61-cc60-442d-9b4f-ec7a867d7f83",
        "x-request-time": "0.103"
      },
      "ResponseBody": {
        "id": "/subscriptions/00000000-0000-0000-0000-000000000/resourceGroups/00000/providers/Microsoft.MachineLearningServices/workspaces/00000/datastores/workspaceblobstore",
        "name": "workspaceblobstore",
        "type": "Microsoft.MachineLearningServices/workspaces/datastores",
        "properties": {
          "description": null,
          "tags": null,
          "properties": null,
          "isDefault": true,
          "credentials": {
            "credentialsType": "AccountKey"
          },
          "datastoreType": "AzureBlob",
          "accountName": "sadnuammrwdeilc",
          "containerName": "azureml-blobstore-c33afa53-cead-40f1-8d1d-ac5976604612",
          "endpoint": "core.windows.net",
          "protocol": "https",
          "serviceDataAccessAuthIdentity": "WorkspaceSystemAssignedIdentity"
        },
        "systemData": {
          "createdAt": "2023-01-17T23:08:21.8676998\u002B00:00",
          "createdBy": "779301c0-18b2-4cdc-801b-a0a3368fee0a",
          "createdByType": "Application",
          "lastModifiedAt": "2023-01-17T23:08:22.378308\u002B00:00",
          "lastModifiedBy": "779301c0-18b2-4cdc-801b-a0a3368fee0a",
          "lastModifiedByType": "Application"
        }
      }
    },
    {
      "RequestUri": "https://management.azure.com/subscriptions/00000000-0000-0000-0000-000000000/resourceGroups/00000/providers/Microsoft.MachineLearningServices/workspaces/00000/datastores/workspaceblobstore/listSecrets?api-version=2022-10-01",
      "RequestMethod": "POST",
      "RequestHeaders": {
        "Accept": "application/json",
        "Accept-Encoding": "gzip, deflate",
        "Connection": "keep-alive",
        "Content-Length": "0",
        "User-Agent": "azure-ai-ml/1.4.0 azsdk-python-mgmt-machinelearningservices/0.1.0 Python/3.7.9 (Windows-10-10.0.22621-SP0)"
      },
      "RequestBody": null,
      "StatusCode": 200,
      "ResponseHeaders": {
        "Cache-Control": "no-cache",
        "Content-Encoding": "gzip",
        "Content-Type": "application/json; charset=utf-8",
        "Date": "Wed, 18 Jan 2023 20:18:17 GMT",
        "Expires": "-1",
        "Pragma": "no-cache",
        "Request-Context": "appId=cid-v1:2d2e8e63-272e-4b3c-8598-4ee570a0e70d",
        "Server-Timing": "traceparent;desc=\u002200-9fd7deeeab307f6d7c6892f569370f40-724ab2c4998681a9-00\u0022",
        "Strict-Transport-Security": "max-age=31536000; includeSubDomains",
        "Transfer-Encoding": "chunked",
        "Vary": "Accept-Encoding",
        "x-aml-cluster": "vienna-eastus2-01",
        "X-Content-Type-Options": "nosniff",
        "x-ms-correlation-request-id": "4f03ab13-32c5-44bf-aeb0-f99b3c30e214",
        "x-ms-ratelimit-remaining-subscription-writes": "1198",
        "x-ms-response-type": "standard",
        "x-ms-routing-request-id": "WESTUS2:20230118T201817Z:4f03ab13-32c5-44bf-aeb0-f99b3c30e214",
        "x-request-time": "0.161"
      },
      "ResponseBody": {
        "secretsType": "AccountKey",
        "key": "dGhpcyBpcyBmYWtlIGtleQ=="
      }
    },
    {
      "RequestUri": "https://sadnuammrwdeilc.blob.core.windows.net/azureml-blobstore-c33afa53-cead-40f1-8d1d-ac5976604612/LocalUpload/00000000000000000000000000000000/model/mnist-tf.model.data-00000-of-00001",
      "RequestMethod": "HEAD",
      "RequestHeaders": {
        "Accept": "application/xml",
        "Accept-Encoding": "gzip, deflate",
        "Connection": "keep-alive",
        "User-Agent": "azsdk-python-storage-blob/12.14.1 Python/3.7.9 (Windows-10-10.0.22621-SP0)",
        "x-ms-date": "Wed, 18 Jan 2023 20:18:17 GMT",
        "x-ms-version": "2021-08-06"
      },
      "RequestBody": null,
      "StatusCode": 200,
      "ResponseHeaders": {
        "Accept-Ranges": "bytes",
        "Content-Length": "1066440",
        "Content-MD5": "lMWef\u002Bj0JlJkELbjpzkidg==",
        "Content-Type": "application/octet-stream",
        "Date": "Wed, 18 Jan 2023 20:18:17 GMT",
        "ETag": "\u00220x8DAF912DFB1EEFF\u0022",
        "Last-Modified": "Wed, 18 Jan 2023 05:14:28 GMT",
        "Server": [
          "Windows-Azure-Blob/1.0",
          "Microsoft-HTTPAPI/2.0"
        ],
        "Vary": "Origin",
        "x-ms-access-tier": "Hot",
        "x-ms-access-tier-inferred": "true",
        "x-ms-blob-type": "BlockBlob",
        "x-ms-creation-time": "Wed, 18 Jan 2023 05:14:27 GMT",
        "x-ms-lease-state": "available",
        "x-ms-lease-status": "unlocked",
        "x-ms-meta-name": "88cf3abcb419bc852f17398005a22790",
        "x-ms-meta-upload_status": "completed",
        "x-ms-meta-version": "1",
        "x-ms-server-encrypted": "true",
        "x-ms-version": "2021-08-06"
      },
      "ResponseBody": null
    },
    {
      "RequestUri": "https://sadnuammrwdeilc.blob.core.windows.net/azureml-blobstore-c33afa53-cead-40f1-8d1d-ac5976604612/az-ml-artifacts/00000000000000000000000000000000/model/mnist-tf.model.data-00000-of-00001",
      "RequestMethod": "HEAD",
      "RequestHeaders": {
        "Accept": "application/xml",
        "Accept-Encoding": "gzip, deflate",
        "Connection": "keep-alive",
        "User-Agent": "azsdk-python-storage-blob/12.14.1 Python/3.7.9 (Windows-10-10.0.22621-SP0)",
        "x-ms-date": "Wed, 18 Jan 2023 20:18:18 GMT",
        "x-ms-version": "2021-08-06"
      },
      "RequestBody": null,
      "StatusCode": 404,
      "ResponseHeaders": {
        "Date": "Wed, 18 Jan 2023 20:18:17 GMT",
        "Server": [
          "Windows-Azure-Blob/1.0",
          "Microsoft-HTTPAPI/2.0"
        ],
        "Transfer-Encoding": "chunked",
        "Vary": "Origin",
        "x-ms-error-code": "BlobNotFound",
        "x-ms-version": "2021-08-06"
      },
      "ResponseBody": null
    },
    {
      "RequestUri": "https://management.azure.com/subscriptions/00000000-0000-0000-0000-000000000/resourceGroups/00000/providers/Microsoft.MachineLearningServices/workspaces/00000/models/88cf3abcb419bc852f17398005a22790/versions/1?api-version=2022-05-01",
      "RequestMethod": "PUT",
      "RequestHeaders": {
        "Accept": "application/json",
        "Accept-Encoding": "gzip, deflate",
        "Connection": "keep-alive",
        "Content-Length": "315",
        "Content-Type": "application/json",
        "User-Agent": "azure-ai-ml/1.4.0 azsdk-python-mgmt-machinelearningservices/0.1.0 Python/3.7.9 (Windows-10-10.0.22621-SP0)"
      },
      "RequestBody": {
        "properties": {
          "properties": {},
          "tags": {},
          "isAnonymous": true,
          "isArchived": false,
          "modelType": "custom_model",
          "modelUri": "azureml://subscriptions/00000000-0000-0000-0000-000000000/resourcegroups/00000/workspaces/00000/datastores/workspaceblobstore/paths/LocalUpload/00000000000000000000000000000000/model"
        }
      },
      "StatusCode": 200,
      "ResponseHeaders": {
        "Cache-Control": "no-cache",
        "Content-Encoding": "gzip",
        "Content-Type": "application/json; charset=utf-8",
        "Date": "Wed, 18 Jan 2023 20:18:18 GMT",
        "Expires": "-1",
        "Pragma": "no-cache",
        "Request-Context": "appId=cid-v1:2d2e8e63-272e-4b3c-8598-4ee570a0e70d",
        "Server-Timing": "traceparent;desc=\u002200-aa19f1978da6e14cb99cad0c63798574-2250c23bfd6beff3-00\u0022",
        "Strict-Transport-Security": "max-age=31536000; includeSubDomains",
        "Transfer-Encoding": "chunked",
        "Vary": [
          "Accept-Encoding",
          "Accept-Encoding"
        ],
        "x-aml-cluster": "vienna-eastus2-01",
        "X-Content-Type-Options": "nosniff",
        "x-ms-correlation-request-id": "a6292370-3d5e-415f-87ac-8e6e4532f7d2",
        "x-ms-ratelimit-remaining-subscription-writes": "1189",
        "x-ms-response-type": "standard",
        "x-ms-routing-request-id": "WESTUS2:20230118T201818Z:a6292370-3d5e-415f-87ac-8e6e4532f7d2",
        "x-request-time": "0.242"
      },
      "ResponseBody": {
        "id": "/subscriptions/00000000-0000-0000-0000-000000000/resourceGroups/00000/providers/Microsoft.MachineLearningServices/workspaces/00000/models/88cf3abcb419bc852f17398005a22790/versions/1",
        "name": "1",
        "type": "Microsoft.MachineLearningServices/workspaces/models/versions",
        "properties": {
          "description": null,
          "tags": {},
          "properties": {},
          "isArchived": false,
          "isAnonymous": true,
          "flavors": {},
          "modelType": "custom_model",
          "modelUri": "azureml://subscriptions/00000000-0000-0000-0000-000000000/resourceGroups/00000/workspaces/00000/datastores/workspaceblobstore/paths/LocalUpload/00000000000000000000000000000000/model",
          "jobName": null
        },
        "systemData": {
          "createdAt": "2023-01-18T05:14:30.1037569\u002B00:00",
          "createdBy": "Diondra Peck",
          "createdByType": "User",
          "lastModifiedAt": "2023-01-18T20:18:18.7453479\u002B00:00",
          "lastModifiedBy": "Diondra Peck",
          "lastModifiedByType": "User"
        }
      }
    },
    {
      "RequestUri": "https://management.azure.com/subscriptions/00000000-0000-0000-0000-000000000/resourceGroups/00000/providers/Microsoft.MachineLearningServices/workspaces/00000?api-version=2022-10-01-preview",
      "RequestMethod": "GET",
      "RequestHeaders": {
        "Accept": "application/json",
        "Accept-Encoding": "gzip, deflate",
        "Connection": "keep-alive",
        "User-Agent": "azure-ai-ml/1.4.0 azsdk-python-mgmt-machinelearningservices/0.1.0 Python/3.7.9 (Windows-10-10.0.22621-SP0)"
      },
      "RequestBody": null,
      "StatusCode": 200,
      "ResponseHeaders": {
        "Cache-Control": "no-cache",
        "Content-Encoding": "gzip",
        "Content-Type": "application/json; charset=utf-8",
        "Date": "Wed, 18 Jan 2023 20:18:19 GMT",
        "Expires": "-1",
        "Pragma": "no-cache",
        "Request-Context": "appId=cid-v1:2d2e8e63-272e-4b3c-8598-4ee570a0e70d",
        "Server-Timing": "traceparent;desc=\u002200-3007c6ccb852fb9c1e416fe0efdf300d-8c80949c9c1676ec-00\u0022",
        "Strict-Transport-Security": "max-age=31536000; includeSubDomains",
        "Transfer-Encoding": "chunked",
        "Vary": [
          "Accept-Encoding",
          "Accept-Encoding"
        ],
        "x-aml-cluster": "vienna-eastus2-01",
        "X-Content-Type-Options": "nosniff",
        "x-ms-correlation-request-id": "71f75bfd-0af2-458f-b620-e73e312e6d2f",
        "x-ms-ratelimit-remaining-subscription-reads": "11959",
        "x-ms-response-type": "standard",
        "x-ms-routing-request-id": "WESTUS2:20230118T201819Z:71f75bfd-0af2-458f-b620-e73e312e6d2f",
        "x-request-time": "0.052"
      },
      "ResponseBody": {
        "id": "/subscriptions/00000000-0000-0000-0000-000000000/resourceGroups/00000/providers/Microsoft.MachineLearningServices/workspaces/00000",
        "name": "00000",
        "type": "Microsoft.MachineLearningServices/workspaces",
        "location": "eastus2",
        "tags": {},
        "etag": null,
        "properties": {
          "friendlyName": "00000",
          "description": "",
          "storageAccount": "/subscriptions/00000000-0000-0000-0000-000000000/resourceGroups/00000/providers/Microsoft.Storage/storageAccounts/sadnuammrwdeilc",
          "keyVault": "/subscriptions/00000000-0000-0000-0000-000000000/resourceGroups/00000/providers/Microsoft.Keyvault/vaults/kvtesthhy5m5pqcjec6",
          "applicationInsights": "/subscriptions/00000000-0000-0000-0000-000000000/resourceGroups/00000/providers/Microsoft.insights/components/aidnuammrwdeilc",
          "hbiWorkspace": false,
          "tenantId": "72f988bf-86f1-41af-91ab-2d7cd011db47",
          "imageBuildCompute": null,
          "provisioningState": "Succeeded",
          "v1LegacyMode": false,
          "softDeleteEnabled": false,
          "containerRegistry": "/subscriptions/00000000-0000-0000-0000-000000000/resourceGroups/00000/providers/Microsoft.ContainerRegistry/registries/crdnuammrwdeilc",
          "notebookInfo": {
            "resourceId": "493ca697a7f447848820635d6ef3a5f0",
            "fqdn": "ml-sdkvnextcli-eastus2-c33afa53-cead-40f1-8d1d-ac5976604612.eastus2.notebooks.azure.net",
            "isPrivateLinkEnabled": false,
            "notebookPreparationError": null
          },
          "storageHnsEnabled": false,
          "workspaceId": "c33afa53-cead-40f1-8d1d-ac5976604612",
          "linkedModelInventoryArmId": null,
          "privateLinkCount": 0,
          "publicNetworkAccess": "Enabled",
          "discoveryUrl": "https://eastus2.api.azureml.ms/discovery",
          "mlFlowTrackingUri": "azureml://eastus2.api.azureml.ms/mlflow/v1.0/subscriptions/00000000-0000-0000-0000-000000000/resourceGroups/00000/providers/Microsoft.MachineLearningServices/workspaces/00000",
          "sdkTelemetryAppInsightsKey": "066b0d89-53d2-4b58-8bc8-ac382527e4fb",
          "sasGetterUri": "",
          "enableDataIsolation": false
        },
        "identity": {
          "type": "SystemAssigned",
          "principalId": "ab3f5d04-98db-441d-97a8-f558ea82f4ef",
          "tenantId": "72f988bf-86f1-41af-91ab-2d7cd011db47"
        },
        "sku": {
          "name": "Basic",
          "tier": "Basic"
        },
        "systemData": {
          "createdAt": "2023-01-17T23:08:06.6643232Z",
          "createdBy": "dipeck@microsoft.com",
          "createdByType": "User",
          "lastModifiedAt": "2023-01-17T23:08:06.6643232Z",
          "lastModifiedBy": "dipeck@microsoft.com",
          "lastModifiedByType": "User"
        }
      }
    },
    {
      "RequestUri": "https://management.azure.com/subscriptions/00000000-0000-0000-0000-000000000/resourceGroups/00000/providers/Microsoft.MachineLearningServices/workspaces/00000/batchEndpoints/batch-ept-1cf658a160054c0/deployments/batch-dpm-2aff4c2fd145489?api-version=2022-05-01",
      "RequestMethod": "PUT",
      "RequestHeaders": {
        "Accept": "application/json",
        "Accept-Encoding": "gzip, deflate",
        "Connection": "keep-alive",
        "Content-Length": "1266",
        "Content-Type": "application/json",
        "User-Agent": "azure-ai-ml/1.4.0 azsdk-python-mgmt-machinelearningservices/0.1.0 Python/3.7.9 (Windows-10-10.0.22621-SP0)"
      },
      "RequestBody": {
        "tags": {},
        "location": "eastus2",
        "properties": {
          "codeConfiguration": {
            "codeId": "/subscriptions/00000000-0000-0000-0000-000000000/resourceGroups/00000/providers/Microsoft.MachineLearningServices/workspaces/00000/codes/386d9c1f-dd4c-4a6d-b123-2f0cb5f2037b/versions/1",
            "scoringScript": "digit_identification.py"
          },
          "environmentId": "/subscriptions/00000000-0000-0000-0000-000000000/resourceGroups/00000/providers/Microsoft.MachineLearningServices/workspaces/00000/environments/CliV2AnonymousEnvironment/versions/ae6c19664c826bce1a006d64aa3b30c6",
          "environmentVariables": {},
          "properties": {},
          "compute": "/subscriptions/00000000-0000-0000-0000-000000000/resourceGroups/00000/providers/Microsoft.MachineLearningServices/workspaces/00000/computes/batch-cluster",
          "errorThreshold": -1,
          "loggingLevel": "info",
          "maxConcurrencyPerInstance": 2,
          "miniBatchSize": 10,
          "model": {
            "referenceType": "Id",
            "assetId": "/subscriptions/00000000-0000-0000-0000-000000000/resourceGroups/00000/providers/Microsoft.MachineLearningServices/workspaces/00000/models/88cf3abcb419bc852f17398005a22790/versions/1"
          },
          "outputAction": "AppendRow",
          "outputFileName": "predictions.csv",
          "resources": {
            "instanceCount": 1,
            "properties": {}
          },
          "retrySettings": {
            "maxRetries": 3,
            "timeout": "PT30S"
          }
        }
      },
      "StatusCode": 404,
      "ResponseHeaders": {
        "Cache-Control": "no-cache",
        "Content-Length": "785",
        "Content-Type": "application/json; charset=utf-8",
        "Date": "Wed, 18 Jan 2023 20:18:21 GMT",
        "Expires": "-1",
        "Pragma": "no-cache",
        "Request-Context": "appId=cid-v1:2d2e8e63-272e-4b3c-8598-4ee570a0e70d",
        "Strict-Transport-Security": "max-age=31536000; includeSubDomains",
        "Vary": "Accept-Encoding",
        "x-aml-cluster": "vienna-eastus2-01",
        "X-Content-Type-Options": "nosniff",
        "x-ms-correlation-request-id": "b609405b-d9e8-4568-9dbe-bde52011ae73",
        "x-ms-ratelimit-remaining-subscription-resource-requests": "22",
        "x-ms-response-type": "error",
        "x-ms-routing-request-id": "WESTUS2:20230118T201821Z:b609405b-d9e8-4568-9dbe-bde52011ae73",
        "x-request-time": "0.136"
      },
      "ResponseBody": {
        "error": {
          "code": "SystemError",
          "message": "SystemError",
          "details": [],
          "additionalInfo": [
            {
              "type": "ComponentName",
              "info": {
                "value": "managementfrontend"
              }
            },
            {
              "type": "Correlation",
              "info": {
                "value": {
                  "operation": "13d49be16860813359fa34d557831013",
                  "request": "4549b3944d16dc50"
                }
              }
            },
            {
              "type": "Environment",
              "info": {
                "value": "eastus2"
              }
            },
            {
              "type": "Location",
              "info": {
                "value": "eastus2"
              }
            },
            {
              "type": "Time",
              "info": {
                "value": "2023-01-18T20:18:20.265417\u002B00:00"
              }
            }
          ]
        }
      }
    }
  ],
  "Variables": {
    "deployment_name": "batch-dpm-2aff4c2fd145489",
    "endpoint_name": "batch-ept-1cf658a160054c0"
  }
}
