{
  "Entries": [
    {
      "RequestUri": "https://management.azure.com/subscriptions/00000000-0000-0000-0000-000000000/resourceGroups/00000/providers/Microsoft.MachineLearningServices/workspaces/00000/environments/test_529360613263/versions/foo?api-version=2022-05-01",
      "RequestMethod": "PUT",
      "RequestHeaders": {
        "Accept": "application/json",
        "Accept-Encoding": "gzip, deflate",
        "Connection": "keep-alive",
        "Content-Length": "372",
        "Content-Type": "application/json",
        "User-Agent": "azure-ai-ml/1.5.0 azsdk-python-mgmt-machinelearningservices/0.1.0 Python/3.10.6 (Linux-5.15.90.1-microsoft-standard-WSL2-x86_64-with-glibc2.35)"
      },
      "RequestBody": {
        "properties": {
          "description": "Environment with inline conda definition",
          "isAnonymous": false,
          "isArchived": false,
          "condaFile": "channels:\n- conda-forge\ndependencies:\n- python=3.8\n- pip\n- pip:\n  - nbgitpuller\n  - sphinx-gallery\n  - pandas\n  - matplotlib\n  - mlflow\nname: example-environment\n",
          "image": "mcr.microsoft.com/azureml/openmpi4.1.0-ubuntu22.04"
        }
      },
      "StatusCode": 201,
      "ResponseHeaders": {
        "Cache-Control": "no-cache",
        "Content-Length": "1083",
        "Content-Type": "application/json; charset=utf-8",
        "Date": "Thu, 09 Mar 2023 00:21:56 GMT",
        "Expires": "-1",
        "Location": "https://management.azure.com/subscriptions/00000000-0000-0000-0000-000000000/resourceGroups/00000/providers/Microsoft.MachineLearningServices/workspaces/00000/environments/test_529360613263/versions/foo?api-version=2022-05-01",
        "Pragma": "no-cache",
        "Request-Context": "appId=cid-v1:2d2e8e63-272e-4b3c-8598-4ee570a0e70d",
        "Server-Timing": "traceparent;desc=\u002200-eecb7399e868026f09d03f4f04f2da7e-e1fdea48f4a9e2f3-01\u0022",
        "Strict-Transport-Security": "max-age=31536000; includeSubDomains",
        "x-aml-cluster": "vienna-eastus-01",
        "X-Content-Type-Options": "nosniff",
        "x-ms-correlation-request-id": "95be8b18-cc71-4893-994e-9b63c57d741f",
        "x-ms-ratelimit-remaining-subscription-writes": "1199",
        "x-ms-response-type": "standard",
        "x-ms-routing-request-id": "CANADACENTRAL:20230309T002156Z:95be8b18-cc71-4893-994e-9b63c57d741f",
        "x-request-time": "1.238"
      },
      "ResponseBody": {
        "id": "/subscriptions/00000000-0000-0000-0000-000000000/resourceGroups/00000/providers/Microsoft.MachineLearningServices/workspaces/00000/environments/test_529360613263/versions/foo",
        "name": "foo",
        "type": "Microsoft.MachineLearningServices/workspaces/environments/versions",
        "properties": {
          "description": "Environment with inline conda definition",
          "tags": {},
          "properties": {},
          "isArchived": false,
          "isAnonymous": false,
          "environmentType": "UserCreated",
          "image": "mcr.microsoft.com/azureml/openmpi4.1.0-ubuntu22.04",
          "condaFile": "{\n  \u0022channels\u0022: [\n    \u0022conda-forge\u0022\n  ],\n  \u0022dependencies\u0022: [\n    \u0022python=3.8\u0022,\n    \u0022pip\u0022,\n    {\n      \u0022pip\u0022: [\n        \u0022nbgitpuller\u0022,\n        \u0022sphinx-gallery\u0022,\n        \u0022pandas\u0022,\n        \u0022matplotlib\u0022,\n        \u0022mlflow\u0022\n      ]\n    }\n  ],\n  \u0022name\u0022: \u0022example-environment\u0022\n}",
          "osType": "Linux"
        },
        "systemData": {
          "createdAt": "2023-03-09T00:21:55.683557\u002B00:00",
          "createdBy": "Firstname Lastname",
          "createdByType": "User",
          "lastModifiedAt": "2023-03-09T00:21:55.683557\u002B00:00",
          "lastModifiedBy": "Firstname Lastname",
          "lastModifiedByType": "User"
        }
      }
    },
    {
      "RequestUri": "https://management.azure.com/subscriptions/00000000-0000-0000-0000-000000000/resourceGroups/00000/providers/Microsoft.MachineLearningServices/workspaces/00000/environments/test_529360613263/versions/bar?api-version=2022-05-01",
      "RequestMethod": "PUT",
      "RequestHeaders": {
        "Accept": "application/json",
        "Accept-Encoding": "gzip, deflate",
        "Connection": "keep-alive",
        "Content-Length": "372",
        "Content-Type": "application/json",
        "User-Agent": "azure-ai-ml/1.5.0 azsdk-python-mgmt-machinelearningservices/0.1.0 Python/3.10.6 (Linux-5.15.90.1-microsoft-standard-WSL2-x86_64-with-glibc2.35)"
      },
      "RequestBody": {
        "properties": {
          "description": "Environment with inline conda definition",
          "isAnonymous": false,
          "isArchived": false,
          "condaFile": "channels:\n- conda-forge\ndependencies:\n- python=3.8\n- pip\n- pip:\n  - nbgitpuller\n  - sphinx-gallery\n  - pandas\n  - matplotlib\n  - mlflow\nname: example-environment\n",
          "image": "mcr.microsoft.com/azureml/openmpi4.1.0-ubuntu22.04"
        }
      },
      "StatusCode": 201,
      "ResponseHeaders": {
        "Cache-Control": "no-cache",
        "Content-Length": "1085",
        "Content-Type": "application/json; charset=utf-8",
        "Date": "Thu, 09 Mar 2023 00:21:56 GMT",
        "Expires": "-1",
        "Location": "https://management.azure.com/subscriptions/00000000-0000-0000-0000-000000000/resourceGroups/00000/providers/Microsoft.MachineLearningServices/workspaces/00000/environments/test_529360613263/versions/bar?api-version=2022-05-01",
        "Pragma": "no-cache",
        "Request-Context": "appId=cid-v1:2d2e8e63-272e-4b3c-8598-4ee570a0e70d",
        "Server-Timing": "traceparent;desc=\u002200-f199c88df7973e8a3151f98d0211d82d-935cac66251e80bc-01\u0022",
        "Strict-Transport-Security": "max-age=31536000; includeSubDomains",
        "x-aml-cluster": "vienna-eastus-01",
        "X-Content-Type-Options": "nosniff",
        "x-ms-correlation-request-id": "d3e6b378-aebc-4996-91d1-cee05e1ba9b7",
        "x-ms-ratelimit-remaining-subscription-writes": "1198",
        "x-ms-response-type": "standard",
        "x-ms-routing-request-id": "CANADACENTRAL:20230309T002157Z:d3e6b378-aebc-4996-91d1-cee05e1ba9b7",
        "x-request-time": "0.429"
      },
      "ResponseBody": {
        "id": "/subscriptions/00000000-0000-0000-0000-000000000/resourceGroups/00000/providers/Microsoft.MachineLearningServices/workspaces/00000/environments/test_529360613263/versions/bar",
        "name": "bar",
        "type": "Microsoft.MachineLearningServices/workspaces/environments/versions",
        "properties": {
          "description": "Environment with inline conda definition",
          "tags": {},
          "properties": {},
          "isArchived": false,
          "isAnonymous": false,
          "environmentType": "UserCreated",
          "image": "mcr.microsoft.com/azureml/openmpi4.1.0-ubuntu22.04",
          "condaFile": "{\n  \u0022channels\u0022: [\n    \u0022conda-forge\u0022\n  ],\n  \u0022dependencies\u0022: [\n    \u0022python=3.8\u0022,\n    \u0022pip\u0022,\n    {\n      \u0022pip\u0022: [\n        \u0022nbgitpuller\u0022,\n        \u0022sphinx-gallery\u0022,\n        \u0022pandas\u0022,\n        \u0022matplotlib\u0022,\n        \u0022mlflow\u0022\n      ]\n    }\n  ],\n  \u0022name\u0022: \u0022example-environment\u0022\n}",
          "osType": "Linux"
        },
        "systemData": {
          "createdAt": "2023-03-09T00:21:57.1524421\u002B00:00",
          "createdBy": "Firstname Lastname",
          "createdByType": "User",
          "lastModifiedAt": "2023-03-09T00:21:57.1524421\u002B00:00",
          "lastModifiedBy": "Firstname Lastname",
          "lastModifiedByType": "User"
        }
      }
    },
    {
      "RequestUri": "https://management.azure.com/subscriptions/00000000-0000-0000-0000-000000000/resourceGroups/00000/providers/Microsoft.MachineLearningServices/workspaces/00000/datastores/workspaceblobstore?api-version=2022-10-01",
      "RequestMethod": "GET",
      "RequestHeaders": {
        "Accept": "application/json",
        "Accept-Encoding": "gzip, deflate",
        "Connection": "keep-alive",
        "User-Agent": "azure-ai-ml/1.5.0 azsdk-python-mgmt-machinelearningservices/0.1.0 Python/3.10.6 (Linux-5.15.90.1-microsoft-standard-WSL2-x86_64-with-glibc2.35)"
      },
      "RequestBody": null,
      "StatusCode": 200,
      "ResponseHeaders": {
        "Cache-Control": "no-cache",
        "Content-Encoding": "gzip",
        "Content-Type": "application/json; charset=utf-8",
        "Date": "Thu, 09 Mar 2023 00:21:59 GMT",
        "Expires": "-1",
        "Pragma": "no-cache",
        "Request-Context": "appId=cid-v1:2d2e8e63-272e-4b3c-8598-4ee570a0e70d",
        "Server-Timing": "traceparent;desc=\u002200-27a4821682c98fc89f3f3f622499d8ac-a93c79101ca435d0-01\u0022",
        "Strict-Transport-Security": "max-age=31536000; includeSubDomains",
        "Transfer-Encoding": "chunked",
        "Vary": [
          "Accept-Encoding",
          "Accept-Encoding"
        ],
        "x-aml-cluster": "vienna-eastus-01",
        "X-Content-Type-Options": "nosniff",
        "x-ms-correlation-request-id": "b0c528c6-8b50-4509-a166-21b522985c2c",
        "x-ms-ratelimit-remaining-subscription-reads": "11999",
        "x-ms-response-type": "standard",
        "x-ms-routing-request-id": "CANADACENTRAL:20230309T002200Z:b0c528c6-8b50-4509-a166-21b522985c2c",
        "x-request-time": "0.130"
      },
      "ResponseBody": {
        "id": "/subscriptions/00000000-0000-0000-0000-000000000/resourceGroups/00000/providers/Microsoft.MachineLearningServices/workspaces/00000/datastores/workspaceblobstore",
        "name": "workspaceblobstore",
        "type": "Microsoft.MachineLearningServices/workspaces/datastores",
        "properties": {
          "description": null,
          "tags": null,
          "properties": null,
          "isDefault": true,
          "credentials": {
            "credentialsType": "AccountKey"
          },
          "datastoreType": "AzureBlob",
          "accountName": "samcw32zcnpjldw",
          "containerName": "azureml-blobstore-3bd2018e-4b43-401e-ad49-85df181c9e0a",
          "endpoint": "core.windows.net",
          "protocol": "https",
          "serviceDataAccessAuthIdentity": "WorkspaceSystemAssignedIdentity"
        },
        "systemData": {
          "createdAt": "2023-02-18T09:22:33.5645164\u002B00:00",
          "createdBy": "779301c0-18b2-4cdc-801b-a0a3368fee0a",
          "createdByType": "Application",
          "lastModifiedAt": "2023-02-18T09:22:34.1712214\u002B00:00",
          "lastModifiedBy": "779301c0-18b2-4cdc-801b-a0a3368fee0a",
          "lastModifiedByType": "Application"
        }
      }
    },
    {
      "RequestUri": "https://management.azure.com/subscriptions/00000000-0000-0000-0000-000000000/resourceGroups/00000/providers/Microsoft.MachineLearningServices/workspaces/00000/datastores/workspaceblobstore/listSecrets?api-version=2022-10-01",
      "RequestMethod": "POST",
      "RequestHeaders": {
        "Accept": "application/json",
        "Accept-Encoding": "gzip, deflate",
        "Connection": "keep-alive",
        "Content-Length": "0",
        "User-Agent": "azure-ai-ml/1.5.0 azsdk-python-mgmt-machinelearningservices/0.1.0 Python/3.10.6 (Linux-5.15.90.1-microsoft-standard-WSL2-x86_64-with-glibc2.35)"
      },
      "RequestBody": null,
      "StatusCode": 200,
      "ResponseHeaders": {
        "Cache-Control": "no-cache",
        "Content-Encoding": "gzip",
        "Content-Type": "application/json; charset=utf-8",
        "Date": "Thu, 09 Mar 2023 00:22:00 GMT",
        "Expires": "-1",
        "Pragma": "no-cache",
        "Request-Context": "appId=cid-v1:2d2e8e63-272e-4b3c-8598-4ee570a0e70d",
        "Server-Timing": "traceparent;desc=\u002200-e6d9d1646bd78ca6d5877c78921622eb-a08f2d57650fe5f5-01\u0022",
        "Strict-Transport-Security": "max-age=31536000; includeSubDomains",
        "Transfer-Encoding": "chunked",
        "Vary": "Accept-Encoding",
        "x-aml-cluster": "vienna-eastus-01",
        "X-Content-Type-Options": "nosniff",
        "x-ms-correlation-request-id": "370f4add-791b-472c-b7f0-4175d18e9c3d",
        "x-ms-ratelimit-remaining-subscription-writes": "1199",
        "x-ms-response-type": "standard",
        "x-ms-routing-request-id": "CANADACENTRAL:20230309T002201Z:370f4add-791b-472c-b7f0-4175d18e9c3d",
        "x-request-time": "0.214"
      },
      "ResponseBody": {
        "secretsType": "AccountKey",
        "key": "dGhpcyBpcyBmYWtlIGtleQ=="
      }
    },
    {
      "RequestUri": "https://samcw32zcnpjldw.blob.core.windows.net/azureml-blobstore-3bd2018e-4b43-401e-ad49-85df181c9e0a/LocalUpload/00000000000000000000000000000000/model.pkl",
      "RequestMethod": "HEAD",
      "RequestHeaders": {
        "Accept": "application/xml",
        "Accept-Encoding": "gzip, deflate",
        "Connection": "keep-alive",
        "User-Agent": "azsdk-python-storage-blob/12.14.1 Python/3.10.6 (Linux-5.15.90.1-microsoft-standard-WSL2-x86_64-with-glibc2.35)",
        "x-ms-date": "Thu, 09 Mar 2023 00:21:59 GMT",
        "x-ms-version": "2021-08-06"
      },
      "RequestBody": null,
      "StatusCode": 200,
      "ResponseHeaders": {
        "Accept-Ranges": "bytes",
        "Content-Length": "6",
        "Content-MD5": "sZRqySSS0jR8YjW00mERhA==",
        "Content-Type": "application/octet-stream",
        "Date": "Thu, 09 Mar 2023 00:22:01 GMT",
        "ETag": "\u00220x8DB16CA5E6FFFB5\u0022",
        "Last-Modified": "Sat, 25 Feb 2023 00:51:02 GMT",
        "Server": [
          "Windows-Azure-Blob/1.0",
          "Microsoft-HTTPAPI/2.0"
        ],
        "Vary": "Origin",
        "x-ms-access-tier": "Hot",
        "x-ms-access-tier-inferred": "true",
        "x-ms-blob-type": "BlockBlob",
        "x-ms-creation-time": "Sat, 25 Feb 2023 00:51:02 GMT",
        "x-ms-lease-state": "available",
        "x-ms-lease-status": "unlocked",
        "x-ms-meta-name": "test-model-000003",
        "x-ms-meta-upload_status": "completed",
        "x-ms-meta-version": "5",
        "x-ms-server-encrypted": "true",
        "x-ms-version": "2021-08-06"
      },
      "ResponseBody": null
    },
    {
      "RequestUri": "https://samcw32zcnpjldw.blob.core.windows.net/azureml-blobstore-3bd2018e-4b43-401e-ad49-85df181c9e0a/az-ml-artifacts/00000000000000000000000000000000/model.pkl",
      "RequestMethod": "HEAD",
      "RequestHeaders": {
        "Accept": "application/xml",
        "Accept-Encoding": "gzip, deflate",
        "Connection": "keep-alive",
        "User-Agent": "azsdk-python-storage-blob/12.14.1 Python/3.10.6 (Linux-5.15.90.1-microsoft-standard-WSL2-x86_64-with-glibc2.35)",
        "x-ms-date": "Thu, 09 Mar 2023 00:22:00 GMT",
        "x-ms-version": "2021-08-06"
      },
      "RequestBody": null,
      "StatusCode": 404,
      "ResponseHeaders": {
        "Date": "Thu, 09 Mar 2023 00:22:01 GMT",
        "Server": [
          "Windows-Azure-Blob/1.0",
          "Microsoft-HTTPAPI/2.0"
        ],
        "Transfer-Encoding": "chunked",
        "Vary": "Origin",
        "x-ms-error-code": "BlobNotFound",
        "x-ms-version": "2021-08-06"
      },
      "ResponseBody": null
    },
    {
      "RequestUri": "https://management.azure.com/subscriptions/00000000-0000-0000-0000-000000000/resourceGroups/00000/providers/Microsoft.MachineLearningServices/workspaces/00000/models/test_849099544689/versions/1?api-version=2022-05-01",
      "RequestMethod": "PUT",
      "RequestHeaders": {
        "Accept": "application/json",
        "Accept-Encoding": "gzip, deflate",
        "Connection": "keep-alive",
        "Content-Length": "320",
        "Content-Type": "application/json",
        "User-Agent": "azure-ai-ml/1.5.0 azsdk-python-mgmt-machinelearningservices/0.1.0 Python/3.10.6 (Linux-5.15.90.1-microsoft-standard-WSL2-x86_64-with-glibc2.35)"
      },
      "RequestBody": {
        "properties": {
          "properties": {},
          "tags": {},
          "isAnonymous": false,
          "isArchived": false,
          "modelType": "custom_model",
          "modelUri": "azureml://subscriptions/00000000-0000-0000-0000-000000000/resourcegroups/00000/workspaces/00000/datastores/workspaceblobstore/paths/LocalUpload/00000000000000000000000000000000/model.pkl"
        }
      },
      "StatusCode": 201,
      "ResponseHeaders": {
        "Cache-Control": "no-cache",
        "Content-Length": "848",
        "Content-Type": "application/json; charset=utf-8",
        "Date": "Thu, 09 Mar 2023 00:22:02 GMT",
        "Expires": "-1",
        "Location": "https://management.azure.com/subscriptions/00000000-0000-0000-0000-000000000/resourceGroups/00000/providers/Microsoft.MachineLearningServices/workspaces/00000/models/test_849099544689/versions/1?api-version=2022-05-01",
        "Pragma": "no-cache",
        "Request-Context": "appId=cid-v1:2d2e8e63-272e-4b3c-8598-4ee570a0e70d",
        "Server-Timing": "traceparent;desc=\u002200-be9555437decb780a8ab360d7c998844-a9896ba06b8f68cf-01\u0022",
        "Strict-Transport-Security": "max-age=31536000; includeSubDomains",
        "x-aml-cluster": "vienna-eastus-01",
        "X-Content-Type-Options": "nosniff",
        "x-ms-correlation-request-id": "a7a12a0b-0e08-4b45-9e13-0049b2968c5c",
        "x-ms-ratelimit-remaining-subscription-writes": "1197",
        "x-ms-response-type": "standard",
        "x-ms-routing-request-id": "CANADACENTRAL:20230309T002202Z:a7a12a0b-0e08-4b45-9e13-0049b2968c5c",
        "x-request-time": "0.884"
      },
      "ResponseBody": {
        "id": "/subscriptions/00000000-0000-0000-0000-000000000/resourceGroups/00000/providers/Microsoft.MachineLearningServices/workspaces/00000/models/test_849099544689/versions/1",
        "name": "1",
        "type": "Microsoft.MachineLearningServices/workspaces/models/versions",
        "properties": {
          "description": null,
          "tags": {},
          "properties": {},
          "isArchived": false,
          "isAnonymous": false,
          "flavors": {},
          "modelType": "custom_model",
          "modelUri": "azureml://subscriptions/00000000-0000-0000-0000-000000000/resourceGroups/00000/workspaces/00000/datastores/workspaceblobstore/paths/LocalUpload/00000000000000000000000000000000/model.pkl",
          "jobName": null
        },
        "systemData": {
          "createdAt": "2023-03-09T00:22:02.6669408\u002B00:00",
          "createdBy": "Firstname Lastname",
          "createdByType": "User",
          "lastModifiedAt": "2023-03-09T00:22:02.6669408\u002B00:00",
          "lastModifiedBy": "Firstname Lastname",
          "lastModifiedByType": "User"
        }
      }
    },
    {
      "RequestUri": "https://management.azure.com/subscriptions/00000000-0000-0000-0000-000000000/resourceGroups/00000/providers/Microsoft.MachineLearningServices/workspaces/00000/datastores/workspaceblobstore?api-version=2022-10-01",
      "RequestMethod": "GET",
      "RequestHeaders": {
        "Accept": "application/json",
        "Accept-Encoding": "gzip, deflate",
        "Connection": "keep-alive",
        "User-Agent": "azure-ai-ml/1.5.0 azsdk-python-mgmt-machinelearningservices/0.1.0 Python/3.10.6 (Linux-5.15.90.1-microsoft-standard-WSL2-x86_64-with-glibc2.35)"
      },
      "RequestBody": null,
      "StatusCode": 200,
      "ResponseHeaders": {
        "Cache-Control": "no-cache",
        "Content-Encoding": "gzip",
        "Content-Type": "application/json; charset=utf-8",
        "Date": "Thu, 09 Mar 2023 00:22:02 GMT",
        "Expires": "-1",
        "Pragma": "no-cache",
        "Request-Context": "appId=cid-v1:2d2e8e63-272e-4b3c-8598-4ee570a0e70d",
        "Server-Timing": "traceparent;desc=\u002200-216004a48e360588085b65f774ccfcc7-6546efa78c8ec5b2-01\u0022",
        "Strict-Transport-Security": "max-age=31536000; includeSubDomains",
        "Transfer-Encoding": "chunked",
        "Vary": [
          "Accept-Encoding",
          "Accept-Encoding"
        ],
        "x-aml-cluster": "vienna-eastus-01",
        "X-Content-Type-Options": "nosniff",
        "x-ms-correlation-request-id": "220230c6-8138-4c0c-b0dc-a26461f735df",
        "x-ms-ratelimit-remaining-subscription-reads": "11998",
        "x-ms-response-type": "standard",
        "x-ms-routing-request-id": "CANADACENTRAL:20230309T002203Z:220230c6-8138-4c0c-b0dc-a26461f735df",
        "x-request-time": "0.099"
      },
      "ResponseBody": {
        "id": "/subscriptions/00000000-0000-0000-0000-000000000/resourceGroups/00000/providers/Microsoft.MachineLearningServices/workspaces/00000/datastores/workspaceblobstore",
        "name": "workspaceblobstore",
        "type": "Microsoft.MachineLearningServices/workspaces/datastores",
        "properties": {
          "description": null,
          "tags": null,
          "properties": null,
          "isDefault": true,
          "credentials": {
            "credentialsType": "AccountKey"
          },
          "datastoreType": "AzureBlob",
          "accountName": "samcw32zcnpjldw",
          "containerName": "azureml-blobstore-3bd2018e-4b43-401e-ad49-85df181c9e0a",
          "endpoint": "core.windows.net",
          "protocol": "https",
          "serviceDataAccessAuthIdentity": "WorkspaceSystemAssignedIdentity"
        },
        "systemData": {
          "createdAt": "2023-02-18T09:22:33.5645164\u002B00:00",
          "createdBy": "779301c0-18b2-4cdc-801b-a0a3368fee0a",
          "createdByType": "Application",
          "lastModifiedAt": "2023-02-18T09:22:34.1712214\u002B00:00",
          "lastModifiedBy": "779301c0-18b2-4cdc-801b-a0a3368fee0a",
          "lastModifiedByType": "Application"
        }
      }
    },
    {
      "RequestUri": "https://management.azure.com/subscriptions/00000000-0000-0000-0000-000000000/resourceGroups/00000/providers/Microsoft.MachineLearningServices/workspaces/00000/datastores/workspaceblobstore/listSecrets?api-version=2022-10-01",
      "RequestMethod": "POST",
      "RequestHeaders": {
        "Accept": "application/json",
        "Accept-Encoding": "gzip, deflate",
        "Connection": "keep-alive",
        "Content-Length": "0",
        "User-Agent": "azure-ai-ml/1.5.0 azsdk-python-mgmt-machinelearningservices/0.1.0 Python/3.10.6 (Linux-5.15.90.1-microsoft-standard-WSL2-x86_64-with-glibc2.35)"
      },
      "RequestBody": null,
      "StatusCode": 200,
      "ResponseHeaders": {
        "Cache-Control": "no-cache",
        "Content-Encoding": "gzip",
        "Content-Type": "application/json; charset=utf-8",
        "Date": "Thu, 09 Mar 2023 00:22:02 GMT",
        "Expires": "-1",
        "Pragma": "no-cache",
        "Request-Context": "appId=cid-v1:2d2e8e63-272e-4b3c-8598-4ee570a0e70d",
        "Server-Timing": "traceparent;desc=\u002200-8383a73984188298a2b83d3183135dd5-50bbd080338c6b9a-01\u0022",
        "Strict-Transport-Security": "max-age=31536000; includeSubDomains",
        "Transfer-Encoding": "chunked",
        "Vary": "Accept-Encoding",
        "x-aml-cluster": "vienna-eastus-01",
        "X-Content-Type-Options": "nosniff",
        "x-ms-correlation-request-id": "2e0d4645-fb61-4353-89af-748fc487461d",
        "x-ms-ratelimit-remaining-subscription-writes": "1198",
        "x-ms-response-type": "standard",
        "x-ms-routing-request-id": "CANADACENTRAL:20230309T002203Z:2e0d4645-fb61-4353-89af-748fc487461d",
        "x-request-time": "0.123"
      },
      "ResponseBody": {
        "secretsType": "AccountKey",
        "key": "dGhpcyBpcyBmYWtlIGtleQ=="
      }
    },
    {
      "RequestUri": "https://samcw32zcnpjldw.blob.core.windows.net/azureml-blobstore-3bd2018e-4b43-401e-ad49-85df181c9e0a/LocalUpload/00000000000000000000000000000000/model.pkl",
      "RequestMethod": "HEAD",
      "RequestHeaders": {
        "Accept": "application/xml",
        "Accept-Encoding": "gzip, deflate",
        "Connection": "keep-alive",
        "User-Agent": "azsdk-python-storage-blob/12.14.1 Python/3.10.6 (Linux-5.15.90.1-microsoft-standard-WSL2-x86_64-with-glibc2.35)",
        "x-ms-date": "Thu, 09 Mar 2023 00:22:02 GMT",
        "x-ms-version": "2021-08-06"
      },
      "RequestBody": null,
      "StatusCode": 200,
      "ResponseHeaders": {
        "Accept-Ranges": "bytes",
        "Content-Length": "6",
        "Content-MD5": "sZRqySSS0jR8YjW00mERhA==",
        "Content-Type": "application/octet-stream",
        "Date": "Thu, 09 Mar 2023 00:22:03 GMT",
        "ETag": "\u00220x8DB16CA5E6FFFB5\u0022",
        "Last-Modified": "Sat, 25 Feb 2023 00:51:02 GMT",
        "Server": [
          "Windows-Azure-Blob/1.0",
          "Microsoft-HTTPAPI/2.0"
        ],
        "Vary": "Origin",
        "x-ms-access-tier": "Hot",
        "x-ms-access-tier-inferred": "true",
        "x-ms-blob-type": "BlockBlob",
        "x-ms-creation-time": "Sat, 25 Feb 2023 00:51:02 GMT",
        "x-ms-lease-state": "available",
        "x-ms-lease-status": "unlocked",
        "x-ms-meta-name": "test-model-000003",
        "x-ms-meta-upload_status": "completed",
        "x-ms-meta-version": "5",
        "x-ms-server-encrypted": "true",
        "x-ms-version": "2021-08-06"
      },
      "ResponseBody": null
    },
    {
      "RequestUri": "https://samcw32zcnpjldw.blob.core.windows.net/azureml-blobstore-3bd2018e-4b43-401e-ad49-85df181c9e0a/az-ml-artifacts/00000000000000000000000000000000/model.pkl",
      "RequestMethod": "HEAD",
      "RequestHeaders": {
        "Accept": "application/xml",
        "Accept-Encoding": "gzip, deflate",
        "Connection": "keep-alive",
        "User-Agent": "azsdk-python-storage-blob/12.14.1 Python/3.10.6 (Linux-5.15.90.1-microsoft-standard-WSL2-x86_64-with-glibc2.35)",
        "x-ms-date": "Thu, 09 Mar 2023 00:22:02 GMT",
        "x-ms-version": "2021-08-06"
      },
      "RequestBody": null,
      "StatusCode": 404,
      "ResponseHeaders": {
        "Date": "Thu, 09 Mar 2023 00:22:03 GMT",
        "Server": [
          "Windows-Azure-Blob/1.0",
          "Microsoft-HTTPAPI/2.0"
        ],
        "Transfer-Encoding": "chunked",
        "Vary": "Origin",
        "x-ms-error-code": "BlobNotFound",
        "x-ms-version": "2021-08-06"
      },
      "ResponseBody": null
    },
    {
      "RequestUri": "https://management.azure.com/subscriptions/00000000-0000-0000-0000-000000000/resourceGroups/00000/providers/Microsoft.MachineLearningServices/workspaces/00000/models/test_849099544689/versions/2?api-version=2022-05-01",
      "RequestMethod": "PUT",
      "RequestHeaders": {
        "Accept": "application/json",
        "Accept-Encoding": "gzip, deflate",
        "Connection": "keep-alive",
        "Content-Length": "320",
        "Content-Type": "application/json",
        "User-Agent": "azure-ai-ml/1.5.0 azsdk-python-mgmt-machinelearningservices/0.1.0 Python/3.10.6 (Linux-5.15.90.1-microsoft-standard-WSL2-x86_64-with-glibc2.35)"
      },
      "RequestBody": {
        "properties": {
          "properties": {},
          "tags": {},
          "isAnonymous": false,
          "isArchived": false,
          "modelType": "custom_model",
          "modelUri": "azureml://subscriptions/00000000-0000-0000-0000-000000000/resourcegroups/00000/workspaces/00000/datastores/workspaceblobstore/paths/LocalUpload/00000000000000000000000000000000/model.pkl"
        }
      },
      "StatusCode": 201,
      "ResponseHeaders": {
        "Cache-Control": "no-cache",
        "Content-Length": "848",
        "Content-Type": "application/json; charset=utf-8",
        "Date": "Thu, 09 Mar 2023 00:22:04 GMT",
        "Expires": "-1",
        "Location": "https://management.azure.com/subscriptions/00000000-0000-0000-0000-000000000/resourceGroups/00000/providers/Microsoft.MachineLearningServices/workspaces/00000/models/test_849099544689/versions/2?api-version=2022-05-01",
        "Pragma": "no-cache",
        "Request-Context": "appId=cid-v1:2d2e8e63-272e-4b3c-8598-4ee570a0e70d",
        "Server-Timing": "traceparent;desc=\u002200-35bfe35ee0dba55da52314ced9f0ca72-763cb82b04afdb8b-01\u0022",
        "Strict-Transport-Security": "max-age=31536000; includeSubDomains",
        "x-aml-cluster": "vienna-eastus-01",
        "X-Content-Type-Options": "nosniff",
        "x-ms-correlation-request-id": "f9111ab4-8966-43e7-9e4e-48cffbc334ae",
        "x-ms-ratelimit-remaining-subscription-writes": "1196",
        "x-ms-response-type": "standard",
        "x-ms-routing-request-id": "CANADACENTRAL:20230309T002204Z:f9111ab4-8966-43e7-9e4e-48cffbc334ae",
        "x-request-time": "0.553"
      },
      "ResponseBody": {
        "id": "/subscriptions/00000000-0000-0000-0000-000000000/resourceGroups/00000/providers/Microsoft.MachineLearningServices/workspaces/00000/models/test_849099544689/versions/2",
        "name": "2",
        "type": "Microsoft.MachineLearningServices/workspaces/models/versions",
        "properties": {
          "description": null,
          "tags": {},
          "properties": {},
          "isArchived": false,
          "isAnonymous": false,
          "flavors": {},
          "modelType": "custom_model",
          "modelUri": "azureml://subscriptions/00000000-0000-0000-0000-000000000/resourceGroups/00000/workspaces/00000/datastores/workspaceblobstore/paths/LocalUpload/00000000000000000000000000000000/model.pkl",
          "jobName": null
        },
        "systemData": {
          "createdAt": "2023-03-09T00:22:04.6784147\u002B00:00",
          "createdBy": "Firstname Lastname",
          "createdByType": "User",
          "lastModifiedAt": "2023-03-09T00:22:04.6784147\u002B00:00",
          "lastModifiedBy": "Firstname Lastname",
          "lastModifiedByType": "User"
        }
      }
    },
    {
      "RequestUri": "https://management.azure.com/subscriptions/00000000-0000-0000-0000-000000000/resourceGroups/00000/providers/Microsoft.MachineLearningServices/workspaces/00000?api-version=2022-12-01-preview",
      "RequestMethod": "GET",
      "RequestHeaders": {
        "Accept": "application/json",
        "Accept-Encoding": "gzip, deflate",
        "Connection": "keep-alive",
        "User-Agent": "azure-ai-ml/1.5.0 azsdk-python-mgmt-machinelearningservices/0.1.0 Python/3.10.6 (Linux-5.15.90.1-microsoft-standard-WSL2-x86_64-with-glibc2.35)"
      },
      "RequestBody": null,
      "StatusCode": 200,
      "ResponseHeaders": {
        "Cache-Control": "no-cache",
        "Content-Encoding": "gzip",
        "Content-Type": "application/json; charset=utf-8",
        "Date": "Thu, 09 Mar 2023 00:22:07 GMT",
        "Expires": "-1",
        "Pragma": "no-cache",
        "Request-Context": "appId=cid-v1:2d2e8e63-272e-4b3c-8598-4ee570a0e70d",
        "Server-Timing": "traceparent;desc=\u002200-e525423306cbbd462331fb3601496f79-e4ccb5336602b3d6-01\u0022",
        "Strict-Transport-Security": "max-age=31536000; includeSubDomains",
        "Transfer-Encoding": "chunked",
        "Vary": [
          "Accept-Encoding",
          "Accept-Encoding"
        ],
        "x-aml-cluster": "vienna-eastus-01",
        "X-Content-Type-Options": "nosniff",
        "x-ms-correlation-request-id": "e0088e5d-68c8-4080-a148-8a7c503a251a",
        "x-ms-ratelimit-remaining-subscription-reads": "11997",
        "x-ms-response-type": "standard",
        "x-ms-routing-request-id": "CANADACENTRAL:20230309T002208Z:e0088e5d-68c8-4080-a148-8a7c503a251a",
        "x-request-time": "0.021"
      },
      "ResponseBody": {
        "id": "/subscriptions/00000000-0000-0000-0000-000000000/resourceGroups/00000/providers/Microsoft.MachineLearningServices/workspaces/00000",
        "name": "00000",
        "type": "Microsoft.MachineLearningServices/workspaces",
        "location": "eastus",
        "tags": {},
        "etag": null,
        "properties": {
          "friendlyName": "00000",
          "description": "",
          "storageAccount": "/subscriptions/00000000-0000-0000-0000-000000000/resourceGroups/00000/providers/Microsoft.Storage/storageAccounts/samcw32zcnpjldw",
          "keyVault": "/subscriptions/00000000-0000-0000-0000-000000000/resourceGroups/00000/providers/Microsoft.Keyvault/vaults/kvtestr7nqn2clt2i4c",
          "applicationInsights": "/subscriptions/00000000-0000-0000-0000-000000000/resourceGroups/00000/providers/Microsoft.insights/components/aimcw32zcnpjldw",
          "hbiWorkspace": false,
          "tenantId": "72f988bf-86f1-41af-91ab-2d7cd011db47",
          "imageBuildCompute": null,
          "provisioningState": "Succeeded",
          "v1LegacyMode": false,
          "softDeleteEnabled": false,
          "containerRegistry": "/subscriptions/00000000-0000-0000-0000-000000000/resourceGroups/00000/providers/Microsoft.ContainerRegistry/registries/crmcw32zcnpjldw",
          "creationTime": "2023-02-18T09:22:11.8409190Z",
          "notebookInfo": {
            "resourceId": "0f1f4ba81256476599d9f051d309d38a",
            "fqdn": "ml-sdkvnextcli-eastus-3bd2018e-4b43-401e-ad49-85df181c9e0a.eastus.notebooks.azure.net",
            "isPrivateLinkEnabled": false,
            "notebookPreparationError": null
          },
          "storageHnsEnabled": false,
          "workspaceId": "3bd2018e-4b43-401e-ad49-85df181c9e0a",
          "linkedModelInventoryArmId": null,
          "privateLinkCount": 0,
          "publicNetworkAccess": "Enabled",
          "discoveryUrl": "https://eastus.api.azureml.ms/discovery",
          "mlFlowTrackingUri": "azureml://eastus.api.azureml.ms/mlflow/v1.0/subscriptions/00000000-0000-0000-0000-000000000/resourceGroups/00000/providers/Microsoft.MachineLearningServices/workspaces/00000",
          "sdkTelemetryAppInsightsKey": "f5784ccd-178d-4ecc-9998-b05841b44ae9",
          "sasGetterUri": "",
          "enableDataIsolation": false
        },
        "identity": {
          "type": "SystemAssigned",
          "principalId": "c2f911df-4007-4225-86d4-c73929fff373",
          "tenantId": "72f988bf-86f1-41af-91ab-2d7cd011db47"
        },
        "kind": "Default",
        "sku": {
          "name": "Basic",
          "tier": "Basic"
        },
        "systemData": {
          "createdAt": "2023-02-18T09:22:11.840919Z",
          "createdBy": "alias@contoso.com",
          "createdByType": "User",
          "lastModifiedAt": "2023-02-18T09:22:11.840919Z",
          "lastModifiedBy": "alias@contoso.com",
          "lastModifiedByType": "User"
        }
      }
    },
    {
      "RequestUri": "https://management.azure.com/subscriptions/00000000-0000-0000-0000-000000000/resourceGroups/00000/providers/Microsoft.MachineLearningServices/workspaces/00000/batchEndpoints/batch-ept-5e81c3e055c1485?api-version=2022-05-01",
      "RequestMethod": "PUT",
      "RequestHeaders": {
        "Accept": "application/json",
        "Accept-Encoding": "gzip, deflate",
        "Connection": "keep-alive",
        "Content-Length": "135",
        "Content-Type": "application/json",
        "User-Agent": "azure-ai-ml/1.5.0 azsdk-python-mgmt-machinelearningservices/0.1.0 Python/3.10.6 (Linux-5.15.90.1-microsoft-standard-WSL2-x86_64-with-glibc2.35)"
      },
      "RequestBody": {
        "tags": {},
        "location": "eastus",
        "properties": {
          "authMode": "aadToken",
          "description": "my sample batch endpoint",
          "properties": {}
        }
      },
      "StatusCode": 201,
      "ResponseHeaders": {
        "Azure-AsyncOperation": "https://management.azure.com/subscriptions/00000000-0000-0000-0000-000000000/providers/Microsoft.MachineLearningServices/locations/eastus/mfeOperationsStatus/be:3bd2018e-4b43-401e-ad49-85df181c9e0a:741f919f-1801-4ffd-9fa0-85754a50674c?api-version=2022-05-01",
        "Cache-Control": "no-cache",
        "Content-Length": "1322",
        "Content-Type": "application/json; charset=utf-8",
        "Date": "Thu, 09 Mar 2023 00:22:12 GMT",
        "Expires": "-1",
        "Location": "https://management.azure.com/subscriptions/00000000-0000-0000-0000-000000000/resourceGroups/00000/providers/Microsoft.MachineLearningServices/workspaces/00000/batchEndpoints/batch-ept-5e81c3e055c1485?api-version=2022-05-01",
        "Pragma": "no-cache",
        "Request-Context": "appId=cid-v1:2d2e8e63-272e-4b3c-8598-4ee570a0e70d",
        "Server-Timing": "traceparent;desc=\u002200-270dffc509c0577408bc38c81c63bb4f-f6397750994eeec2-01\u0022",
        "Strict-Transport-Security": "max-age=31536000; includeSubDomains",
        "x-aml-cluster": "vienna-eastus-01",
        "X-Content-Type-Options": "nosniff",
        "x-ms-async-operation-timeout": "PT30M",
        "x-ms-correlation-request-id": "7897be5a-7d97-4671-96b3-42dcc2c437bd",
        "x-ms-ratelimit-remaining-subscription-writes": "1195",
        "x-ms-response-type": "standard",
        "x-ms-routing-request-id": "CANADACENTRAL:20230309T002213Z:7897be5a-7d97-4671-96b3-42dcc2c437bd",
        "x-request-time": "3.953"
      },
      "ResponseBody": {
        "id": "/subscriptions/00000000-0000-0000-0000-000000000/resourceGroups/00000/providers/Microsoft.MachineLearningServices/workspaces/00000/batchEndpoints/batch-ept-5e81c3e055c1485",
        "name": "batch-ept-5e81c3e055c1485",
        "type": "Microsoft.MachineLearningServices/workspaces/batchEndpoints",
        "properties": {
          "description": "my sample batch endpoint",
          "properties": {
            "BatchEndpointCreationApiVersion": "2022-05-01",
            "azureml.onlineendpointid": "/subscriptions/00000000-0000-0000-0000-000000000/resourcegroups/00000/providers/microsoft.machinelearningservices/workspaces/00000/onlineendpoints/batch-ept-5e81c3e055c1485",
            "AzureAsyncOperationUri": "https://management.azure.com/subscriptions/00000000-0000-0000-0000-000000000/providers/Microsoft.MachineLearningServices/locations/eastus/mfeOperationsStatus/be:3bd2018e-4b43-401e-ad49-85df181c9e0a:741f919f-1801-4ffd-9fa0-85754a50674c?api-version=2022-05-01"
          },
          "scoringUri": null,
          "swaggerUri": null,
          "authMode": "AADToken",
          "defaults": {
            "deploymentName": null
          },
          "provisioningState": "Creating"
        },
        "systemData": {
          "createdAt": "2023-03-09T00:22:12.6085563\u002B00:00",
          "createdBy": "Firstname Lastname",
          "lastModifiedAt": "2023-03-09T00:22:12.6085563\u002B00:00"
        },
        "tags": {},
        "location": "eastus",
        "identity": {
          "type": "None",
          "principalId": "0000000-0000-0000-0000-000000000000",
          "tenantId": "00000000-0000-0000-0000-000000000000"
        }
      }
    },
    {
      "RequestUri": "https://management.azure.com/subscriptions/00000000-0000-0000-0000-000000000/providers/Microsoft.MachineLearningServices/locations/eastus/mfeOperationsStatus/be:3bd2018e-4b43-401e-ad49-85df181c9e0a:741f919f-1801-4ffd-9fa0-85754a50674c?api-version=2022-05-01",
      "RequestMethod": "GET",
      "RequestHeaders": {
        "Accept": "*/*",
        "Accept-Encoding": "gzip, deflate",
        "Connection": "keep-alive",
        "User-Agent": "azure-ai-ml/1.5.0 azsdk-python-mgmt-machinelearningservices/0.1.0 Python/3.10.6 (Linux-5.15.90.1-microsoft-standard-WSL2-x86_64-with-glibc2.35)"
      },
      "RequestBody": null,
      "StatusCode": 200,
      "ResponseHeaders": {
        "Cache-Control": "no-cache",
        "Content-Encoding": "gzip",
        "Content-Type": "application/json; charset=utf-8",
        "Date": "Thu, 09 Mar 2023 00:22:12 GMT",
        "Expires": "-1",
        "Pragma": "no-cache",
        "Request-Context": "appId=cid-v1:2d2e8e63-272e-4b3c-8598-4ee570a0e70d",
        "Server-Timing": "traceparent;desc=\u002200-05bbf4d6961db75eb1eb00a3cd897961-2d25928a5a15b51f-01\u0022",
        "Strict-Transport-Security": "max-age=31536000; includeSubDomains",
        "Transfer-Encoding": "chunked",
        "Vary": [
          "Accept-Encoding",
          "Accept-Encoding"
        ],
        "x-aml-cluster": "vienna-eastus-02",
        "X-Content-Type-Options": "nosniff",
        "x-ms-correlation-request-id": "8413cd51-d826-4869-8e67-b45b1cf91626",
        "x-ms-ratelimit-remaining-subscription-reads": "11996",
        "x-ms-response-type": "standard",
        "x-ms-routing-request-id": "CANADACENTRAL:20230309T002213Z:8413cd51-d826-4869-8e67-b45b1cf91626",
        "x-request-time": "0.580"
      },
      "ResponseBody": {
        "id": "/subscriptions/00000000-0000-0000-0000-000000000/providers/Microsoft.MachineLearningServices/locations/eastus/mfeOperationsStatus/be:3bd2018e-4b43-401e-ad49-85df181c9e0a:741f919f-1801-4ffd-9fa0-85754a50674c",
        "name": "be:3bd2018e-4b43-401e-ad49-85df181c9e0a:741f919f-1801-4ffd-9fa0-85754a50674c",
        "startTime": "2023-03-09T00:22:12.0720532\u002B00:00",
        "percentComplete": 0.0,
        "status": "Updating"
      }
    },
    {
      "RequestUri": "https://management.azure.com/subscriptions/00000000-0000-0000-0000-000000000/providers/Microsoft.MachineLearningServices/locations/eastus/mfeOperationsStatus/be:3bd2018e-4b43-401e-ad49-85df181c9e0a:741f919f-1801-4ffd-9fa0-85754a50674c?api-version=2022-05-01",
      "RequestMethod": "GET",
      "RequestHeaders": {
        "Accept": "*/*",
        "Accept-Encoding": "gzip, deflate",
        "Connection": "keep-alive",
        "User-Agent": "azure-ai-ml/1.5.0 azsdk-python-mgmt-machinelearningservices/0.1.0 Python/3.10.6 (Linux-5.15.90.1-microsoft-standard-WSL2-x86_64-with-glibc2.35)"
      },
      "RequestBody": null,
      "StatusCode": 200,
      "ResponseHeaders": {
        "Cache-Control": "no-cache",
        "Content-Encoding": "gzip",
        "Content-Type": "application/json; charset=utf-8",
        "Date": "Thu, 09 Mar 2023 00:22:44 GMT",
        "Expires": "-1",
        "Pragma": "no-cache",
        "Request-Context": "appId=cid-v1:2d2e8e63-272e-4b3c-8598-4ee570a0e70d",
        "Server-Timing": "traceparent;desc=\u002200-01237ec4b05f12afd9edc3704986151d-5e73088a085bec19-01\u0022",
        "Strict-Transport-Security": "max-age=31536000; includeSubDomains",
        "Transfer-Encoding": "chunked",
        "Vary": [
          "Accept-Encoding",
          "Accept-Encoding"
        ],
        "x-aml-cluster": "vienna-eastus-02",
        "X-Content-Type-Options": "nosniff",
        "x-ms-correlation-request-id": "6a1ed8fc-5113-4b6c-ba0d-021b157b29c0",
        "x-ms-ratelimit-remaining-subscription-reads": "11995",
        "x-ms-response-type": "standard",
        "x-ms-routing-request-id": "CANADACENTRAL:20230309T002245Z:6a1ed8fc-5113-4b6c-ba0d-021b157b29c0",
        "x-request-time": "1.080"
      },
      "ResponseBody": {
        "id": "/subscriptions/00000000-0000-0000-0000-000000000/providers/Microsoft.MachineLearningServices/locations/eastus/mfeOperationsStatus/be:3bd2018e-4b43-401e-ad49-85df181c9e0a:741f919f-1801-4ffd-9fa0-85754a50674c",
        "name": "be:3bd2018e-4b43-401e-ad49-85df181c9e0a:741f919f-1801-4ffd-9fa0-85754a50674c",
        "startTime": "2023-03-09T00:22:12.0720532\u002B00:00",
        "endTime": "2023-03-09T00:22:23.0418973\u002B00:00",
        "percentComplete": 100.0,
        "status": "Succeeded"
      }
    },
    {
      "RequestUri": "https://management.azure.com/subscriptions/00000000-0000-0000-0000-000000000/resourceGroups/00000/providers/Microsoft.MachineLearningServices/workspaces/00000/batchEndpoints/batch-ept-5e81c3e055c1485?api-version=2022-05-01",
      "RequestMethod": "GET",
      "RequestHeaders": {
        "Accept": "*/*",
        "Accept-Encoding": "gzip, deflate",
        "Connection": "keep-alive",
        "User-Agent": "azure-ai-ml/1.5.0 azsdk-python-mgmt-machinelearningservices/0.1.0 Python/3.10.6 (Linux-5.15.90.1-microsoft-standard-WSL2-x86_64-with-glibc2.35)"
      },
      "RequestBody": null,
      "StatusCode": 200,
      "ResponseHeaders": {
        "Cache-Control": "no-cache",
        "Content-Encoding": "gzip",
        "Content-Type": "application/json; charset=utf-8",
        "Date": "Thu, 09 Mar 2023 00:22:45 GMT",
        "Expires": "-1",
        "Pragma": "no-cache",
        "Request-Context": "appId=cid-v1:2d2e8e63-272e-4b3c-8598-4ee570a0e70d",
        "Server-Timing": "traceparent;desc=\u002200-99ffcf15b7dd9d66445c10ce74594a13-1ef958b8b440e3a6-01\u0022",
        "Strict-Transport-Security": "max-age=31536000; includeSubDomains",
        "Transfer-Encoding": "chunked",
        "Vary": [
          "Accept-Encoding",
          "Accept-Encoding"
        ],
        "x-aml-cluster": "vienna-eastus-01",
        "X-Content-Type-Options": "nosniff",
        "x-ms-correlation-request-id": "d586999f-09b9-47df-8dd2-cb35751e23be",
        "x-ms-ratelimit-remaining-subscription-reads": "11994",
        "x-ms-response-type": "standard",
        "x-ms-routing-request-id": "CANADACENTRAL:20230309T002245Z:d586999f-09b9-47df-8dd2-cb35751e23be",
        "x-request-time": "0.146"
      },
      "ResponseBody": {
        "id": "/subscriptions/00000000-0000-0000-0000-000000000/resourceGroups/00000/providers/Microsoft.MachineLearningServices/workspaces/00000/batchEndpoints/batch-ept-5e81c3e055c1485",
        "name": "batch-ept-5e81c3e055c1485",
        "type": "Microsoft.MachineLearningServices/workspaces/batchEndpoints",
        "properties": {
          "description": "my sample batch endpoint",
          "properties": {
            "BatchEndpointCreationApiVersion": "2022-05-01",
            "azureml.onlineendpointid": "/subscriptions/00000000-0000-0000-0000-000000000/resourcegroups/00000/providers/microsoft.machinelearningservices/workspaces/00000/onlineendpoints/batch-ept-5e81c3e055c1485",
            "AzureAsyncOperationUri": "https://management.azure.com/subscriptions/00000000-0000-0000-0000-000000000/providers/Microsoft.MachineLearningServices/locations/eastus/mfeOperationsStatus/be:3bd2018e-4b43-401e-ad49-85df181c9e0a:741f919f-1801-4ffd-9fa0-85754a50674c?api-version=2022-05-01"
          },
          "scoringUri": "https://batch-ept-5e81c3e055c1485.eastus.inference.ml.azure.com/jobs",
          "swaggerUri": null,
          "authMode": "AADToken",
          "defaults": {
            "deploymentName": null
          },
          "provisioningState": "Succeeded"
        },
        "systemData": {
          "createdAt": "2023-03-09T00:22:12.6085563\u002B00:00",
          "createdBy": "Firstname Lastname",
          "lastModifiedAt": "2023-03-09T00:22:23.0989315\u002B00:00"
        },
        "tags": {},
        "location": "eastus",
        "identity": {
          "type": "None",
          "principalId": "0000000-0000-0000-0000-000000000000",
          "tenantId": "00000000-0000-0000-0000-000000000000"
        }
      }
    },
    {
      "RequestUri": "https://management.azure.com/subscriptions/00000000-0000-0000-0000-000000000/resourceGroups/00000/providers/Microsoft.MachineLearningServices/workspaces/00000/batchEndpoints/batch-ept-5e81c3e055c1485?api-version=2022-05-01",
      "RequestMethod": "GET",
      "RequestHeaders": {
        "Accept": "application/json",
        "Accept-Encoding": "gzip, deflate",
        "Connection": "keep-alive",
        "User-Agent": "azure-ai-ml/1.5.0 azsdk-python-mgmt-machinelearningservices/0.1.0 Python/3.10.6 (Linux-5.15.90.1-microsoft-standard-WSL2-x86_64-with-glibc2.35)"
      },
      "RequestBody": null,
      "StatusCode": 200,
      "ResponseHeaders": {
        "Cache-Control": "no-cache",
        "Content-Encoding": "gzip",
        "Content-Type": "application/json; charset=utf-8",
        "Date": "Thu, 09 Mar 2023 00:22:45 GMT",
        "Expires": "-1",
        "Pragma": "no-cache",
        "Request-Context": "appId=cid-v1:2d2e8e63-272e-4b3c-8598-4ee570a0e70d",
        "Server-Timing": "traceparent;desc=\u002200-eea4bd65616fefaeacc321ba3ac172a4-9f00187218f194e2-01\u0022",
        "Strict-Transport-Security": "max-age=31536000; includeSubDomains",
        "Transfer-Encoding": "chunked",
        "Vary": [
          "Accept-Encoding",
          "Accept-Encoding"
        ],
        "x-aml-cluster": "vienna-eastus-01",
        "X-Content-Type-Options": "nosniff",
        "x-ms-correlation-request-id": "2bc4e653-8fb2-4f91-95fa-28bf10aa7c08",
        "x-ms-ratelimit-remaining-subscription-reads": "11993",
        "x-ms-response-type": "standard",
        "x-ms-routing-request-id": "CANADACENTRAL:20230309T002245Z:2bc4e653-8fb2-4f91-95fa-28bf10aa7c08",
        "x-request-time": "0.169"
      },
      "ResponseBody": {
        "id": "/subscriptions/00000000-0000-0000-0000-000000000/resourceGroups/00000/providers/Microsoft.MachineLearningServices/workspaces/00000/batchEndpoints/batch-ept-5e81c3e055c1485",
        "name": "batch-ept-5e81c3e055c1485",
        "type": "Microsoft.MachineLearningServices/workspaces/batchEndpoints",
        "properties": {
          "description": "my sample batch endpoint",
          "properties": {
            "BatchEndpointCreationApiVersion": "2022-05-01",
            "azureml.onlineendpointid": "/subscriptions/00000000-0000-0000-0000-000000000/resourcegroups/00000/providers/microsoft.machinelearningservices/workspaces/00000/onlineendpoints/batch-ept-5e81c3e055c1485",
            "AzureAsyncOperationUri": "https://management.azure.com/subscriptions/00000000-0000-0000-0000-000000000/providers/Microsoft.MachineLearningServices/locations/eastus/mfeOperationsStatus/be:3bd2018e-4b43-401e-ad49-85df181c9e0a:741f919f-1801-4ffd-9fa0-85754a50674c?api-version=2022-05-01"
          },
          "scoringUri": "https://batch-ept-5e81c3e055c1485.eastus.inference.ml.azure.com/jobs",
          "swaggerUri": null,
          "authMode": "AADToken",
          "defaults": {
            "deploymentName": null
          },
          "provisioningState": "Succeeded"
        },
        "systemData": {
          "createdAt": "2023-03-09T00:22:12.6085563\u002B00:00",
          "createdBy": "Firstname Lastname",
          "lastModifiedAt": "2023-03-09T00:22:23.0989315\u002B00:00"
        },
        "tags": {},
        "location": "eastus",
        "identity": {
          "type": "None",
          "principalId": "0000000-0000-0000-0000-000000000000",
          "tenantId": "00000000-0000-0000-0000-000000000000"
        }
      }
    },
    {
      "RequestUri": "https://management.azure.com/subscriptions/00000000-0000-0000-0000-000000000/resourceGroups/00000/providers/Microsoft.MachineLearningServices/workspaces/00000/datastores/workspaceblobstore?api-version=2022-10-01",
      "RequestMethod": "GET",
      "RequestHeaders": {
        "Accept": "application/json",
        "Accept-Encoding": "gzip, deflate",
        "Connection": "keep-alive",
        "User-Agent": "azure-ai-ml/1.5.0 azsdk-python-mgmt-machinelearningservices/0.1.0 Python/3.10.6 (Linux-5.15.90.1-microsoft-standard-WSL2-x86_64-with-glibc2.35)"
      },
      "RequestBody": null,
      "StatusCode": 200,
      "ResponseHeaders": {
        "Cache-Control": "no-cache",
        "Content-Encoding": "gzip",
        "Content-Type": "application/json; charset=utf-8",
        "Date": "Thu, 09 Mar 2023 00:22:45 GMT",
        "Expires": "-1",
        "Pragma": "no-cache",
        "Request-Context": "appId=cid-v1:2d2e8e63-272e-4b3c-8598-4ee570a0e70d",
        "Server-Timing": "traceparent;desc=\u002200-91e9cf41a84ca825b3098eda04d6bd2b-f9b79c161ed89690-01\u0022",
        "Strict-Transport-Security": "max-age=31536000; includeSubDomains",
        "Transfer-Encoding": "chunked",
        "Vary": [
          "Accept-Encoding",
          "Accept-Encoding"
        ],
        "x-aml-cluster": "vienna-eastus-01",
        "X-Content-Type-Options": "nosniff",
        "x-ms-correlation-request-id": "462fb03d-2825-4aad-add3-fec8c7d25383",
        "x-ms-ratelimit-remaining-subscription-reads": "11992",
        "x-ms-response-type": "standard",
        "x-ms-routing-request-id": "CANADACENTRAL:20230309T002245Z:462fb03d-2825-4aad-add3-fec8c7d25383",
        "x-request-time": "0.120"
      },
      "ResponseBody": {
        "id": "/subscriptions/00000000-0000-0000-0000-000000000/resourceGroups/00000/providers/Microsoft.MachineLearningServices/workspaces/00000",
        "name": "00000",
        "type": "Microsoft.MachineLearningServices/workspaces",
        "location": "eastus2",
        "tags": {},
        "etag": null,
        "properties": {
          "friendlyName": "00000",
          "description": "",
          "storageAccount": "/subscriptions/00000000-0000-0000-0000-000000000/resourceGroups/00000/providers/Microsoft.Storage/storageAccounts/saveorz2izv2bas",
          "keyVault": "/subscriptions/00000000-0000-0000-0000-000000000/resourceGroups/00000/providers/Microsoft.Keyvault/vaults/kvtest4k4d3fds6sjxs",
          "applicationInsights": "/subscriptions/00000000-0000-0000-0000-000000000/resourceGroups/00000/providers/Microsoft.insights/components/aiveorz2izv2bas",
          "hbiWorkspace": false,
          "tenantId": "72f988bf-86f1-41af-91ab-2d7cd011db47",
          "imageBuildCompute": null,
          "provisioningState": "Succeeded",
          "v1LegacyMode": false,
          "softDeleteEnabled": false,
          "containerRegistry": "/subscriptions/00000000-0000-0000-0000-000000000/resourceGroups/00000/providers/Microsoft.ContainerRegistry/registries/crveorz2izv2bas",
          "notebookInfo": {
            "resourceId": "0000000-0000-0000-0000-000000000000",
            "fqdn": "ml-sdkvnextcli-eastus2-2d1e66ae-85e3-42c0-be91-34de66397f26.eastus2.notebooks.azure.net",
            "isPrivateLinkEnabled": false,
            "notebookPreparationError": null
          },
          "datastoreType": "AzureBlob",
          "accountName": "samcw32zcnpjldw",
          "containerName": "azureml-blobstore-3bd2018e-4b43-401e-ad49-85df181c9e0a",
          "endpoint": "core.windows.net",
          "protocol": "https",
          "serviceDataAccessAuthIdentity": "WorkspaceSystemAssignedIdentity"
        },
        "systemData": {
          "createdAt": "2023-02-18T09:22:33.5645164\u002B00:00",
          "createdBy": "779301c0-18b2-4cdc-801b-a0a3368fee0a",
          "createdByType": "Application",
          "lastModifiedAt": "2023-02-18T09:22:34.1712214\u002B00:00",
          "lastModifiedBy": "779301c0-18b2-4cdc-801b-a0a3368fee0a",
          "lastModifiedByType": "Application"
        }
      }
    },
    {
      "RequestUri": "https://management.azure.com/subscriptions/00000000-0000-0000-0000-000000000/resourceGroups/00000/providers/Microsoft.MachineLearningServices/workspaces/00000/datastores/workspaceblobstore/listSecrets?api-version=2022-10-01",
      "RequestMethod": "POST",
      "RequestHeaders": {
        "Accept": "*/*",
        "Accept-Encoding": "gzip, deflate",
        "Connection": "keep-alive",
        "Content-Length": "0",
        "User-Agent": "azure-ai-ml/1.5.0 azsdk-python-mgmt-machinelearningservices/0.1.0 Python/3.10.6 (Linux-5.15.90.1-microsoft-standard-WSL2-x86_64-with-glibc2.35)"
      },
      "RequestBody": null,
      "StatusCode": 404,
      "ResponseHeaders": {
        "Connection": "keep-alive",
        "Content-Encoding": "gzip",
        "Content-Type": "application/json; charset=utf-8",
        "Date": "Thu, 23 Feb 2023 06:48:57 GMT",
        "Request-Context": "appId=cid-v1:2d2e8e63-272e-4b3c-8598-4ee570a0e70d",
        "Strict-Transport-Security": "max-age=15724800; includeSubDomains; preload",
        "Transfer-Encoding": "chunked",
        "Vary": "Accept-Encoding",
        "x-aml-cluster": "vienna-eastus2-01",
        "X-Content-Type-Options": "nosniff",
        "x-ms-response-type": "error",
        "x-request-time": "0.323"
      },
      "ResponseBody": {
        "error": {
          "code": "UserError",
          "severity": null,
          "message": "Snapshot with hash ddf4149f78db19fb1308570b1af99292f73b17baf7035fb931551282e5df40cc was not found",
          "messageFormat": null,
          "messageParameters": null,
          "referenceCode": null,
          "detailsUri": null,
          "target": null,
          "details": [],
          "innerError": {
            "code": "NotFoundError",
            "innerError": null
          },
          "debugInfo": null,
          "additionalInfo": null
        },
        "correlation": {
          "operation": "390b59cc2fe710072f6acfeb2c2ebc94",
          "request": "e534fcd5ee8a7da9"
        },
        "environment": "eastus2",
        "location": "eastus2",
        "time": "2023-02-23T06:48:57.7514032\u002B00:00",
        "componentName": "project"
      }
    },
    {
      "RequestUri": "https://eastus2.api.azureml.ms/assetstore/v1.0/temporaryDataReference/createOrGet",
      "RequestMethod": "POST",
      "RequestHeaders": {
        "Accept": "*/*",
        "Accept-Encoding": "gzip, deflate",
        "Connection": "keep-alive",
        "Content-Length": "238",
        "Content-Type": "application/json; charset=UTF-8",
        "User-Agent": "azure-ai-ml/1.5.0 azsdk-python-core/1.26.3 Python/3.7.9 (Windows-10-10.0.22621-SP0)"
      },
      "RequestBody": {
        "assetId": "azureml://locations/eastus2/workspaces/2d1e66ae-85e3-42c0-be91-34de66397f26/codes/000000000000000000000/versions/1",
        "temporaryDataReferenceId": "000000000000000000000",
        "temporaryDataReferenceType": "TemporaryBlobReference"
      },
      "StatusCode": 200,
      "ResponseHeaders": {
        "Connection": "keep-alive",
        "Content-Encoding": "gzip",
        "Content-Type": "application/json; charset=utf-8",
        "Date": "Thu, 09 Mar 2023 00:22:46 GMT",
        "Expires": "-1",
        "Pragma": "no-cache",
        "Request-Context": "appId=cid-v1:2d2e8e63-272e-4b3c-8598-4ee570a0e70d",
        "Server-Timing": "traceparent;desc=\u002200-8ecb1e7b9b5d2025f3d67c09b4aeab4a-2a0dbf75bb046de9-01\u0022",
        "Strict-Transport-Security": "max-age=31536000; includeSubDomains",
        "Transfer-Encoding": "chunked",
        "Vary": "Accept-Encoding",
        "x-aml-cluster": "vienna-eastus-01",
        "X-Content-Type-Options": "nosniff",
        "x-ms-correlation-request-id": "81710b90-5061-42a2-b5d2-4bcc7e1dfd82",
        "x-ms-ratelimit-remaining-subscription-writes": "1197",
        "x-ms-response-type": "standard",
        "x-ms-routing-request-id": "CANADACENTRAL:20230309T002246Z:81710b90-5061-42a2-b5d2-4bcc7e1dfd82",
        "x-request-time": "0.168"
      },
      "ResponseBody": {
        "blobReferenceForConsumption": {
          "blobUri": "https://saveorz2izv2bas.blob.core.windows.net:443/2d1e66ae-8-3c994bee-83c8-598b-9c6f-4844d6682b63",
          "storageAccountArmId": "/subscriptions/00000000-0000-0000-0000-000000000/resourceGroups/00000/providers/Microsoft.Storage/storageAccounts/saveorz2izv2bas",
          "credential": {
            "sasUri": "https://saveorz2izv2bas.blob.core.windows.net/2d1e66ae-8-3c994bee-83c8-598b-9c6f-4844d6682b63?skoid=a7dd2c6d-73fb-4c57-85b2-5c1af4f6364a\u0026sktid=72f988bf-86f1-41af-91ab-2d7cd011db47\u0026skt=2023-02-23T02%3A03%3A03Z\u0026ske=2023-02-24T10%3A13%3A03Z\u0026sks=b\u0026skv=2019-07-07\u0026sv=2021-08-06\u0026st=2023-02-23T06%3A38%3A59Z\u0026se=2023-02-23T14%3A48%3A59Z\u0026sr=c\u0026sp=rcwl\u0026sig=000000000000000000000000000000000000",
            "wasbsUri": null,
            "credentialType": "SAS"
          }
        },
        "imageReferenceForConsumption": null,
        "temporaryDataReferenceId": "000000000000000000000",
        "temporaryDataReferenceType": null
      }
    },
    {
      "RequestUri": "https://samcw32zcnpjldw.blob.core.windows.net/azureml-blobstore-3bd2018e-4b43-401e-ad49-85df181c9e0a/LocalUpload/00000000000000000000000000000000/endpoint_scoring/do_nothing.py",
      "RequestMethod": "HEAD",
      "RequestHeaders": {
        "Accept": "application/xml",
        "Accept-Encoding": "gzip, deflate",
        "Connection": "keep-alive",
        "User-Agent": "azsdk-python-storage-blob/12.14.1 Python/3.10.6 (Linux-5.15.90.1-microsoft-standard-WSL2-x86_64-with-glibc2.35)",
        "x-ms-date": "Thu, 09 Mar 2023 00:22:44 GMT",
        "x-ms-version": "2021-08-06"
      },
      "RequestBody": null,
      "StatusCode": 404,
      "ResponseHeaders": {
        "Accept-Ranges": "bytes",
        "Content-Length": "103",
        "Content-MD5": "qmEmAShTJaoVh/9Q1IVojw==",
        "Content-Type": "application/octet-stream",
        "Date": "Thu, 09 Mar 2023 00:22:46 GMT",
        "ETag": "\u00220x8DB12034DB81C02\u0022",
        "Last-Modified": "Sat, 18 Feb 2023 22:56:00 GMT",
        "Server": [
          "Windows-Azure-Blob/1.0",
          "Microsoft-HTTPAPI/2.0"
        ],
        "Transfer-Encoding": "chunked",
        "Vary": "Origin",
        "x-ms-error-code": "BlobNotFound",
        "x-ms-version": "2021-08-06"
      },
      "ResponseBody": null
    },
    {
      "RequestUri": "https://saveorz2izv2bas.blob.core.windows.net/2d1e66ae-8-3c994bee-83c8-598b-9c6f-4844d6682b63/endpoint_scoring/do_nothing.py?skoid=a7dd2c6d-73fb-4c57-85b2-5c1af4f6364a\u0026sktid=72f988bf-86f1-41af-91ab-2d7cd011db47\u0026skt=2023-02-23T02%3A03%3A03Z\u0026ske=2023-02-24T10%3A13%3A03Z\u0026sks=b\u0026skv=2019-07-07\u0026sv=2021-08-06\u0026st=2023-02-23T06%3A38%3A59Z\u0026se=2023-02-23T14%3A48%3A59Z\u0026sr=c\u0026sp=rcwl\u0026sig=000000000000000000000000000000000000",
      "RequestMethod": "PUT",
      "RequestHeaders": {
        "Accept": "application/xml",
        "Accept-Encoding": "gzip, deflate",
        "Connection": "keep-alive",
        "Content-Length": "103",
        "Content-MD5": "qmEmAShTJaoVh/9Q1IVojw==",
        "Content-Type": "application/octet-stream",
        "If-None-Match": "*",
        "User-Agent": "azsdk-python-storage-blob/12.14.1 Python/3.7.9 (Windows-10-10.0.22621-SP0)",
        "x-ms-blob-type": "BlockBlob",
        "x-ms-creation-time": "Sat, 18 Feb 2023 22:55:58 GMT",
        "x-ms-lease-state": "available",
        "x-ms-lease-status": "unlocked",
        "x-ms-meta-name": "cd65df06-47b6-4759-bc39-90a4cc8b2da7",
        "x-ms-meta-upload_status": "completed",
        "x-ms-meta-version": "1",
        "x-ms-server-encrypted": "true",
        "x-ms-version": "2021-08-06"
      },
      "ResponseBody": null
    },
    {
      "RequestUri": "https://samcw32zcnpjldw.blob.core.windows.net/azureml-blobstore-3bd2018e-4b43-401e-ad49-85df181c9e0a/az-ml-artifacts/00000000000000000000000000000000/endpoint_scoring/do_nothing.py",
      "RequestMethod": "HEAD",
      "RequestHeaders": {
        "Accept": "application/xml",
        "Accept-Encoding": "gzip, deflate",
        "Connection": "keep-alive",
        "User-Agent": "azsdk-python-storage-blob/12.14.1 Python/3.10.6 (Linux-5.15.90.1-microsoft-standard-WSL2-x86_64-with-glibc2.35)",
        "x-ms-date": "Thu, 09 Mar 2023 00:22:45 GMT",
        "x-ms-version": "2021-08-06"
      },
      "RequestBody": null,
      "StatusCode": 200,
      "ResponseHeaders": {
        "Date": "Thu, 09 Mar 2023 00:22:46 GMT",
        "Server": [
          "Windows-Azure-Blob/1.0",
          "Microsoft-HTTPAPI/2.0"
        ],
        "x-ms-request-server-encrypted": "true",
        "x-ms-version": "2021-08-06"
      },
      "ResponseBody": null
    },
    {
      "RequestUri": "https://management.azure.com/subscriptions/00000000-0000-0000-0000-000000000/resourceGroups/00000/providers/Microsoft.MachineLearningServices/workspaces/00000/codes/cd65df06-47b6-4759-bc39-90a4cc8b2da7/versions/1?api-version=2022-05-01",
      "RequestMethod": "PUT",
      "RequestHeaders": {
        "Accept": "application/json",
        "Accept-Encoding": "gzip, deflate",
        "Connection": "keep-alive",
        "Content-Length": "257",
        "Content-Type": "application/json",
        "User-Agent": "azure-ai-ml/1.5.0 azsdk-python-mgmt-machinelearningservices/0.1.0 Python/3.10.6 (Linux-5.15.90.1-microsoft-standard-WSL2-x86_64-with-glibc2.35)"
      },
      "RequestBody": {
        "properties": {
          "properties": {
            "hash_sha256": "0000000000000",
            "hash_version": "0000000000000"
          },
          "isAnonymous": true,
          "isArchived": false,
          "codeUri": "https://samcw32zcnpjldw.blob.core.windows.net/azureml-blobstore-3bd2018e-4b43-401e-ad49-85df181c9e0a/LocalUpload/00000000000000000000000000000000/endpoint_scoring"
        }
      },
      "StatusCode": 201,
      "ResponseHeaders": {
        "Cache-Control": "no-cache",
        "Content-Length": "770",
        "Content-Type": "application/json; charset=utf-8",
        "Date": "Thu, 09 Mar 2023 00:22:47 GMT",
        "Expires": "-1",
        "Location": "https://management.azure.com/subscriptions/00000000-0000-0000-0000-000000000/resourceGroups/00000/providers/Microsoft.MachineLearningServices/workspaces/00000/codes/000000000000000000000/versions/1?api-version=2022-05-01",
        "Pragma": "no-cache",
        "Request-Context": "appId=cid-v1:2d2e8e63-272e-4b3c-8598-4ee570a0e70d",
        "Server-Timing": "traceparent;desc=\u002200-c9333bee5f903c3e2446546d32d82558-ca9a5eea89971a3d-01\u0022",
        "Strict-Transport-Security": "max-age=31536000; includeSubDomains",
        "Transfer-Encoding": "chunked",
        "Vary": [
          "Accept-Encoding",
          "Accept-Encoding"
        ],
        "x-aml-cluster": "vienna-eastus-01",
        "X-Content-Type-Options": "nosniff",
        "x-ms-correlation-request-id": "57ddb988-5586-4b65-951e-cb5514e30b11",
        "x-ms-ratelimit-remaining-subscription-writes": "1194",
        "x-ms-response-type": "standard",
        "x-ms-routing-request-id": "CANADACENTRAL:20230309T002247Z:57ddb988-5586-4b65-951e-cb5514e30b11",
        "x-request-time": "0.332"
      },
      "ResponseBody": {
        "id": "/subscriptions/00000000-0000-0000-0000-000000000/resourceGroups/00000/providers/Microsoft.MachineLearningServices/workspaces/00000/codes/cd65df06-47b6-4759-bc39-90a4cc8b2da7/versions/1",
        "name": "1",
        "type": "Microsoft.MachineLearningServices/workspaces/codes/versions",
        "properties": {
          "description": null,
          "tags": {},
          "properties": {
            "hash_sha256": "0000000000000",
            "hash_version": "0000000000000"
          },
          "isArchived": false,
          "isAnonymous": false,
          "codeUri": "https://samcw32zcnpjldw.blob.core.windows.net/azureml-blobstore-3bd2018e-4b43-401e-ad49-85df181c9e0a/LocalUpload/00000000000000000000000000000000/endpoint_scoring"
        },
        "systemData": {
          "createdAt": "2023-02-18T22:56:00.9917816\u002B00:00",
          "createdBy": "Firstname Lastname",
          "createdByType": "User",
          "lastModifiedAt": "2023-03-09T00:22:47.1682557\u002B00:00",
          "lastModifiedBy": "Firstname Lastname",
          "lastModifiedByType": "User"
        }
      }
    },
    {
      "RequestUri": "https://management.azure.com/subscriptions/00000000-0000-0000-0000-000000000/resourceGroups/00000/providers/Microsoft.MachineLearningServices/workspaces/00000/environments/test_529360613263/versions?api-version=2022-05-01\u0026$orderBy=createdtime%20desc\u0026$top=1",
      "RequestMethod": "GET",
      "RequestHeaders": {
        "Accept": "application/json",
        "Accept-Encoding": "gzip, deflate",
        "Connection": "keep-alive",
        "User-Agent": "azure-ai-ml/1.5.0 azsdk-python-mgmt-machinelearningservices/0.1.0 Python/3.10.6 (Linux-5.15.90.1-microsoft-standard-WSL2-x86_64-with-glibc2.35)"
      },
      "RequestBody": null,
      "StatusCode": 200,
      "ResponseHeaders": {
        "Cache-Control": "no-cache",
        "Content-Encoding": "gzip",
        "Content-Type": "application/json; charset=utf-8",
        "Date": "Thu, 09 Mar 2023 00:22:47 GMT",
        "Expires": "-1",
        "Pragma": "no-cache",
        "Request-Context": "appId=cid-v1:2d2e8e63-272e-4b3c-8598-4ee570a0e70d",
        "Server-Timing": "traceparent;desc=\u002200-3e87fa6bb95da4973c2d25d95416715d-887fc5e2e8d70551-01\u0022",
        "Strict-Transport-Security": "max-age=31536000; includeSubDomains",
        "Transfer-Encoding": "chunked",
        "Vary": [
          "Accept-Encoding",
          "Accept-Encoding"
        ],
        "x-aml-cluster": "vienna-eastus-01",
        "X-Content-Type-Options": "nosniff",
        "x-ms-correlation-request-id": "312e3b1e-41cb-4ad8-91d7-2fee1f43b6e5",
        "x-ms-ratelimit-remaining-subscription-reads": "11991",
        "x-ms-response-type": "standard",
        "x-ms-routing-request-id": "CANADACENTRAL:20230309T002247Z:312e3b1e-41cb-4ad8-91d7-2fee1f43b6e5",
        "x-request-time": "0.162"
      },
      "ResponseBody": {
        "value": [
          {
            "id": "/subscriptions/00000000-0000-0000-0000-000000000/resourceGroups/00000/providers/Microsoft.MachineLearningServices/workspaces/00000/environments/test_529360613263/versions/bar",
            "name": "bar",
            "type": "Microsoft.MachineLearningServices/workspaces/environments/versions",
            "properties": {
              "description": "Environment with inline conda definition",
              "tags": {},
              "properties": {},
              "isArchived": false,
              "isAnonymous": false,
              "environmentType": "UserCreated",
              "image": "mcr.microsoft.com/azureml/openmpi4.1.0-ubuntu22.04",
              "condaFile": "{\n  \u0022channels\u0022: [\n    \u0022conda-forge\u0022\n  ],\n  \u0022dependencies\u0022: [\n    \u0022python=3.8\u0022,\n    \u0022pip\u0022,\n    {\n      \u0022pip\u0022: [\n        \u0022nbgitpuller\u0022,\n        \u0022sphinx-gallery\u0022,\n        \u0022pandas\u0022,\n        \u0022matplotlib\u0022,\n        \u0022mlflow\u0022\n      ]\n    }\n  ],\n  \u0022name\u0022: \u0022example-environment\u0022\n}",
              "osType": "Linux"
            },
            "systemData": {
              "createdAt": "2023-03-09T00:21:57.1524421\u002B00:00",
              "createdBy": "Firstname Lastname",
              "createdByType": "User",
              "lastModifiedAt": "2023-03-09T00:21:57.1524421\u002B00:00",
              "lastModifiedBy": "Firstname Lastname",
              "lastModifiedByType": "User"
            }
          }
        ]
      }
    },
    {
      "RequestUri": "https://management.azure.com/subscriptions/00000000-0000-0000-0000-000000000/resourceGroups/00000/providers/Microsoft.MachineLearningServices/workspaces/00000/models/test_849099544689/versions?api-version=2022-05-01\u0026$orderBy=createdtime%20desc\u0026$top=1",
      "RequestMethod": "GET",
      "RequestHeaders": {
        "Accept": "application/json",
        "Accept-Encoding": "gzip, deflate",
        "Connection": "keep-alive",
        "User-Agent": "azure-ai-ml/1.5.0 azsdk-python-mgmt-machinelearningservices/0.1.0 Python/3.10.6 (Linux-5.15.90.1-microsoft-standard-WSL2-x86_64-with-glibc2.35)"
      },
      "RequestBody": null,
      "StatusCode": 200,
      "ResponseHeaders": {
        "Cache-Control": "no-cache",
        "Content-Encoding": "gzip",
        "Content-Type": "application/json; charset=utf-8",
        "Date": "Thu, 09 Mar 2023 00:22:47 GMT",
        "Expires": "-1",
        "Pragma": "no-cache",
        "Request-Context": "appId=cid-v1:2d2e8e63-272e-4b3c-8598-4ee570a0e70d",
        "Server-Timing": "traceparent;desc=\u002200-3dc31b34ca1a24d67cbc6e13d9cc90e6-ec4f0d571127e966-01\u0022",
        "Strict-Transport-Security": "max-age=31536000; includeSubDomains",
        "Transfer-Encoding": "chunked",
        "Vary": [
          "Accept-Encoding",
          "Accept-Encoding"
        ],
        "x-aml-cluster": "vienna-eastus-01",
        "X-Content-Type-Options": "nosniff",
        "x-ms-correlation-request-id": "152a0648-fc06-46e8-b8ef-3299c26b8897",
        "x-ms-ratelimit-remaining-subscription-reads": "11990",
        "x-ms-response-type": "standard",
        "x-ms-routing-request-id": "CANADACENTRAL:20230309T002247Z:152a0648-fc06-46e8-b8ef-3299c26b8897",
        "x-request-time": "0.251"
      },
      "ResponseBody": {
        "value": [
          {
            "id": "/subscriptions/00000000-0000-0000-0000-000000000/resourceGroups/00000/providers/Microsoft.MachineLearningServices/workspaces/00000/models/test_849099544689/versions/2",
            "name": "2",
            "type": "Microsoft.MachineLearningServices/workspaces/models/versions",
            "properties": {
              "description": null,
              "tags": {},
              "properties": {},
              "isArchived": false,
              "isAnonymous": false,
              "flavors": {},
              "modelType": "custom_model",
              "modelUri": "azureml://subscriptions/00000000-0000-0000-0000-000000000/resourceGroups/00000/workspaces/00000/datastores/workspaceblobstore/paths/LocalUpload/00000000000000000000000000000000/model.pkl",
              "jobName": null
            },
            "systemData": {
              "createdAt": "2023-03-09T00:22:04.6784147\u002B00:00",
              "createdBy": "Firstname Lastname",
              "createdByType": "User",
              "lastModifiedAt": "2023-03-09T00:22:04.6784147\u002B00:00",
              "lastModifiedBy": "Firstname Lastname",
              "lastModifiedByType": "User"
            }
          }
        ],
        "nextLink": "https://management.azure.com/subscriptions/00000000-0000-0000-0000-000000000/resourceGroups/00000/providers/Microsoft.MachineLearningServices/workspaces/00000/models/test_849099544689/versions?api-version=2022-05-01\u0026$orderBy=createdtime\u002Bdesc\u0026$top=1\u0026$skipToken=K1JJRDp%2bMjlwNEFPK1ZEUUo3a2RnQUFBQUFDdz09I1JUOjEjVFJDOjEjUlREOjAzdjZ0SFdoVHpRd0wvblZ5ZVZzQlRNeE16UXVNVFF1TVRwVk1URTdNek03TVRVdk56ZzVOVEkxT0N3eE1Uc3hNUUE9I0lTVjoyI0lFTzo2NTU1MSNRQ0Y6OCNGUEM6QWdoaUF3QUFBQ3dBQUdJREFBQUFMQUFBWWdNQUFBQXNBQUFFQUhFUkVBZz0%3d"
      }
    },
    {
      "RequestUri": "https://management.azure.com/subscriptions/00000000-0000-0000-0000-000000000/resourceGroups/00000/providers/Microsoft.MachineLearningServices/workspaces/00000?api-version=2022-12-01-preview",
      "RequestMethod": "GET",
      "RequestHeaders": {
        "Accept": "application/json",
        "Accept-Encoding": "gzip, deflate",
        "Connection": "keep-alive",
        "User-Agent": "azure-ai-ml/1.5.0 azsdk-python-mgmt-machinelearningservices/0.1.0 Python/3.10.6 (Linux-5.15.90.1-microsoft-standard-WSL2-x86_64-with-glibc2.35)"
      },
      "RequestBody": null,
      "StatusCode": 200,
      "ResponseHeaders": {
        "Cache-Control": "no-cache",
        "Content-Encoding": "gzip",
        "Content-Type": "application/json; charset=utf-8",
        "Date": "Thu, 09 Mar 2023 00:22:47 GMT",
        "Expires": "-1",
        "Pragma": "no-cache",
        "Request-Context": "appId=cid-v1:2d2e8e63-272e-4b3c-8598-4ee570a0e70d",
        "Server-Timing": "traceparent;desc=\u002200-ba0c62e66186a8a9169bf88626742259-126789fa3882a74f-01\u0022",
        "Strict-Transport-Security": "max-age=31536000; includeSubDomains",
        "Transfer-Encoding": "chunked",
        "Vary": [
          "Accept-Encoding",
          "Accept-Encoding"
        ],
        "x-aml-cluster": "vienna-eastus-01",
        "X-Content-Type-Options": "nosniff",
        "x-ms-correlation-request-id": "b56cd821-0d94-49d3-9a86-ed583048ac4d",
        "x-ms-ratelimit-remaining-subscription-reads": "11989",
        "x-ms-response-type": "standard",
        "x-ms-routing-request-id": "CANADACENTRAL:20230309T002248Z:b56cd821-0d94-49d3-9a86-ed583048ac4d",
        "x-request-time": "0.026"
      },
      "ResponseBody": {
        "id": "/subscriptions/00000000-0000-0000-0000-000000000/resourceGroups/00000/providers/Microsoft.MachineLearningServices/workspaces/00000",
        "name": "00000",
        "type": "Microsoft.MachineLearningServices/workspaces",
        "location": "eastus",
        "tags": {},
        "etag": null,
        "properties": {
          "friendlyName": "00000",
          "description": "",
          "storageAccount": "/subscriptions/00000000-0000-0000-0000-000000000/resourceGroups/00000/providers/Microsoft.Storage/storageAccounts/samcw32zcnpjldw",
          "keyVault": "/subscriptions/00000000-0000-0000-0000-000000000/resourceGroups/00000/providers/Microsoft.Keyvault/vaults/kvtestr7nqn2clt2i4c",
          "applicationInsights": "/subscriptions/00000000-0000-0000-0000-000000000/resourceGroups/00000/providers/Microsoft.insights/components/aimcw32zcnpjldw",
          "hbiWorkspace": false,
          "tenantId": "72f988bf-86f1-41af-91ab-2d7cd011db47",
          "imageBuildCompute": null,
          "provisioningState": "Succeeded",
          "v1LegacyMode": false,
          "softDeleteEnabled": false,
          "containerRegistry": "/subscriptions/00000000-0000-0000-0000-000000000/resourceGroups/00000/providers/Microsoft.ContainerRegistry/registries/crmcw32zcnpjldw",
          "creationTime": "2023-02-18T09:22:11.8409190Z",
          "notebookInfo": {
            "resourceId": "0f1f4ba81256476599d9f051d309d38a",
            "fqdn": "ml-sdkvnextcli-eastus-3bd2018e-4b43-401e-ad49-85df181c9e0a.eastus.notebooks.azure.net",
            "isPrivateLinkEnabled": false,
            "notebookPreparationError": null
          },
          "storageHnsEnabled": false,
          "workspaceId": "3bd2018e-4b43-401e-ad49-85df181c9e0a",
          "linkedModelInventoryArmId": null,
          "privateLinkCount": 0,
          "publicNetworkAccess": "Enabled",
          "discoveryUrl": "https://eastus.api.azureml.ms/discovery",
          "mlFlowTrackingUri": "azureml://eastus.api.azureml.ms/mlflow/v1.0/subscriptions/00000000-0000-0000-0000-000000000/resourceGroups/00000/providers/Microsoft.MachineLearningServices/workspaces/00000",
          "sdkTelemetryAppInsightsKey": "f5784ccd-178d-4ecc-9998-b05841b44ae9",
          "sasGetterUri": "",
          "enableDataIsolation": false
        },
        "identity": {
          "type": "SystemAssigned",
          "principalId": "c2f911df-4007-4225-86d4-c73929fff373",
          "tenantId": "72f988bf-86f1-41af-91ab-2d7cd011db47"
        },
        "kind": "Default",
        "sku": {
          "name": "Basic",
          "tier": "Basic"
        },
        "systemData": {
          "createdAt": "2023-02-18T09:22:11.840919Z",
          "createdBy": "alias@contoso.com",
          "createdByType": "User",
          "lastModifiedAt": "2023-02-18T09:22:11.840919Z",
          "lastModifiedBy": "alias@contoso.com",
          "lastModifiedByType": "User"
        }
      }
    },
    {
      "RequestUri": "https://management.azure.com/subscriptions/00000000-0000-0000-0000-000000000/resourceGroups/00000/providers/Microsoft.MachineLearningServices/workspaces/00000/batchEndpoints/batch-ept-5e81c3e055c1485/deployments/batch-dpm-30a3047e44474f9?api-version=2022-05-01",
      "RequestMethod": "PUT",
      "RequestHeaders": {
        "Accept": "application/json",
        "Accept-Encoding": "gzip, deflate",
        "Connection": "keep-alive",
        "Content-Length": "1195",
        "Content-Type": "application/json",
        "User-Agent": "azure-ai-ml/1.5.0 azsdk-python-mgmt-machinelearningservices/0.1.0 Python/3.10.6 (Linux-5.15.90.1-microsoft-standard-WSL2-x86_64-with-glibc2.35)"
      },
      "RequestBody": {
        "tags": {},
        "location": "eastus",
        "properties": {
          "codeConfiguration": {
            "codeId": "/subscriptions/00000000-0000-0000-0000-000000000/resourceGroups/00000/providers/Microsoft.MachineLearningServices/workspaces/00000/codes/cd65df06-47b6-4759-bc39-90a4cc8b2da7/versions/1",
            "scoringScript": "./main.py"
          },
          "environmentId": "/subscriptions/00000000-0000-0000-0000-000000000/resourceGroups/00000/providers/Microsoft.MachineLearningServices/workspaces/00000/environments/test_529360613263/versions/bar",
          "environmentVariables": {},
          "properties": {},
          "compute": "/subscriptions/00000000-0000-0000-0000-000000000/resourceGroups/00000/providers/Microsoft.MachineLearningServices/workspaces/00000/computes/testCompute",
          "errorThreshold": 10,
          "loggingLevel": "info",
          "maxConcurrencyPerInstance": 5,
          "miniBatchSize": 5,
          "model": {
            "referenceType": "Id",
            "assetId": "/subscriptions/00000000-0000-0000-0000-000000000/resourceGroups/00000/providers/Microsoft.MachineLearningServices/workspaces/00000/models/test_849099544689/versions/2"
          },
          "outputAction": "AppendRow",
          "outputFileName": "append_row.txt",
          "resources": {
            "instanceCount": 2,
            "properties": {}
          },
          "retrySettings": {
            "maxRetries": 3,
            "timeout": "PT30S"
          }
        }
      },
      "StatusCode": 201,
      "ResponseHeaders": {
        "Azure-AsyncOperation": "https://management.azure.com/subscriptions/00000000-0000-0000-0000-000000000/providers/Microsoft.MachineLearningServices/locations/eastus/mfeOperationsStatus/bd:3bd2018e-4b43-401e-ad49-85df181c9e0a:5ae7bf1f-7591-4c4b-9a7c-57e2218a25f8?api-version=2022-05-01",
        "Cache-Control": "no-cache",
        "Content-Length": "2191",
        "Content-Type": "application/json; charset=utf-8",
        "Date": "Thu, 09 Mar 2023 00:22:51 GMT",
        "Expires": "-1",
        "Location": "https://management.azure.com/subscriptions/00000000-0000-0000-0000-000000000/resourceGroups/00000/providers/Microsoft.MachineLearningServices/workspaces/00000/batchEndpoints/batch-ept-5e81c3e055c1485/deployments/batch-dpm-30a3047e44474f9?api-version=2022-05-01",
        "Pragma": "no-cache",
        "Request-Context": "appId=cid-v1:2d2e8e63-272e-4b3c-8598-4ee570a0e70d",
        "Server-Timing": "traceparent;desc=\u002200-2391668006d7e0cbcaf22905d5402ba0-25e25dbf0deae9c3-01\u0022",
        "Strict-Transport-Security": "max-age=31536000; includeSubDomains",
        "x-aml-cluster": "vienna-eastus-01",
        "X-Content-Type-Options": "nosniff",
        "x-ms-async-operation-timeout": "PT30M",
        "x-ms-correlation-request-id": "4ac529b9-e8ab-4354-917b-3c95a367ea38",
        "x-ms-ratelimit-remaining-subscription-resource-requests": "24",
        "x-ms-response-type": "standard",
        "x-ms-routing-request-id": "CANADACENTRAL:20230309T002252Z:4ac529b9-e8ab-4354-917b-3c95a367ea38",
        "x-request-time": "2.048"
      },
      "ResponseBody": {
        "id": "/subscriptions/00000000-0000-0000-0000-000000000/resourceGroups/00000/providers/Microsoft.MachineLearningServices/workspaces/00000/batchEndpoints/batch-ept-5e81c3e055c1485/deployments/batch-dpm-30a3047e44474f9",
        "name": "batch-dpm-30a3047e44474f9",
        "type": "Microsoft.MachineLearningServices/workspaces/batchEndpoints/deployments",
        "properties": {
          "description": null,
          "properties": {
            "azureml.onlineendpointid": "/subscriptions/00000000-0000-0000-0000-000000000/resourcegroups/00000/providers/microsoft.machinelearningservices/workspaces/00000/onlineendpoints/batch-ept-5e81c3e055c1485",
            "AzureAsyncOperationUri": "https://management.azure.com/subscriptions/00000000-0000-0000-0000-000000000/providers/Microsoft.MachineLearningServices/locations/eastus/mfeOperationsStatus/be:3bd2018e-4b43-401e-ad49-85df181c9e0a:5ae7bf1f-7591-4c4b-9a7c-57e2218a25f8?api-version=2022-05-01"
          },
          "codeConfiguration": {
            "codeId": "/subscriptions/00000000-0000-0000-0000-000000000/resourceGroups/00000/providers/Microsoft.MachineLearningServices/workspaces/00000/codes/cd65df06-47b6-4759-bc39-90a4cc8b2da7/versions/1",
            "scoringScript": "./main.py"
          },
          "environmentId": "/subscriptions/00000000-0000-0000-0000-000000000/resourceGroups/00000/providers/Microsoft.MachineLearningServices/workspaces/00000/environments/test_529360613263/versions/bar",
          "environmentVariables": {},
          "compute": "/subscriptions/00000000-0000-0000-0000-000000000/resourceGroups/00000/providers/Microsoft.MachineLearningServices/workspaces/00000/computes/testCompute",
          "errorThreshold": 10,
          "retrySettings": {
            "maxRetries": 3,
            "timeout": "PT30S"
          },
          "miniBatchSize": 5,
          "loggingLevel": "Info",
          "model": {
            "referenceType": "Id",
            "assetId": "/subscriptions/00000000-0000-0000-0000-000000000/resourceGroups/00000/providers/Microsoft.MachineLearningServices/workspaces/00000/models/test_849099544689/versions/2"
          },
          "maxConcurrencyPerInstance": 5,
          "outputAction": "AppendRow",
          "outputFileName": "append_row.txt",
          "resources": {
            "instanceCount": 2,
            "instanceType": null,
            "properties": null
          },
          "provisioningState": "Updating"
        },
        "systemData": {
          "createdAt": "2023-03-09T00:22:51.2775155\u002B00:00",
          "createdBy": "Firstname Lastname",
          "lastModifiedAt": "2023-03-09T00:22:51.2775155\u002B00:00"
        },
        "tags": {},
        "location": "eastus"
      }
    },
    {
      "RequestUri": "https://management.azure.com/subscriptions/00000000-0000-0000-0000-000000000/providers/Microsoft.MachineLearningServices/locations/eastus/mfeOperationsStatus/bd:3bd2018e-4b43-401e-ad49-85df181c9e0a:5ae7bf1f-7591-4c4b-9a7c-57e2218a25f8?api-version=2022-05-01",
      "RequestMethod": "GET",
      "RequestHeaders": {
        "Accept": "*/*",
        "Accept-Encoding": "gzip, deflate",
        "Connection": "keep-alive",
        "User-Agent": "azure-ai-ml/1.5.0 azsdk-python-mgmt-machinelearningservices/0.1.0 Python/3.10.6 (Linux-5.15.90.1-microsoft-standard-WSL2-x86_64-with-glibc2.35)"
      },
      "RequestBody": null,
      "StatusCode": 200,
      "ResponseHeaders": {
        "Cache-Control": "no-cache",
        "Content-Encoding": "gzip",
        "Content-Type": "application/json; charset=utf-8",
        "Date": "Thu, 09 Mar 2023 00:22:52 GMT",
        "Expires": "-1",
        "Pragma": "no-cache",
        "Request-Context": "appId=cid-v1:2d2e8e63-272e-4b3c-8598-4ee570a0e70d",
        "Server-Timing": "traceparent;desc=\u002200-038c8bba4e7f058229d65a266a663010-30a2203143c758cc-01\u0022",
        "Strict-Transport-Security": "max-age=31536000; includeSubDomains",
        "Transfer-Encoding": "chunked",
        "Vary": [
          "Accept-Encoding",
          "Accept-Encoding"
        ],
        "x-aml-cluster": "vienna-eastus-02",
        "X-Content-Type-Options": "nosniff",
        "x-ms-correlation-request-id": "f26b636d-ec3d-4e38-a52b-438da8555b5b",
        "x-ms-ratelimit-remaining-subscription-reads": "11988",
        "x-ms-response-type": "standard",
        "x-ms-routing-request-id": "CANADACENTRAL:20230309T002252Z:f26b636d-ec3d-4e38-a52b-438da8555b5b",
        "x-request-time": "0.056"
      },
      "ResponseBody": {
        "id": "/subscriptions/00000000-0000-0000-0000-000000000/providers/Microsoft.MachineLearningServices/locations/eastus/mfeOperationsStatus/bd:3bd2018e-4b43-401e-ad49-85df181c9e0a:5ae7bf1f-7591-4c4b-9a7c-57e2218a25f8",
        "name": "bd:3bd2018e-4b43-401e-ad49-85df181c9e0a:5ae7bf1f-7591-4c4b-9a7c-57e2218a25f8",
        "startTime": "2023-03-09T00:22:51.277509\u002B00:00",
        "percentComplete": 0.0,
        "status": "Updating"
      }
    },
    {
      "RequestUri": "https://management.azure.com/subscriptions/00000000-0000-0000-0000-000000000/providers/Microsoft.MachineLearningServices/locations/eastus/mfeOperationsStatus/bd:3bd2018e-4b43-401e-ad49-85df181c9e0a:5ae7bf1f-7591-4c4b-9a7c-57e2218a25f8?api-version=2022-05-01",
      "RequestMethod": "GET",
      "RequestHeaders": {
        "Accept": "*/*",
        "Accept-Encoding": "gzip, deflate",
        "Connection": "keep-alive",
        "User-Agent": "azure-ai-ml/1.5.0 azsdk-python-mgmt-machinelearningservices/0.1.0 Python/3.10.6 (Linux-5.15.90.1-microsoft-standard-WSL2-x86_64-with-glibc2.35)"
      },
      "RequestBody": null,
      "StatusCode": 200,
      "ResponseHeaders": {
        "Cache-Control": "no-cache",
        "Content-Encoding": "gzip",
        "Content-Type": "application/json; charset=utf-8",
        "Date": "Thu, 09 Mar 2023 00:23:21 GMT",
        "Expires": "-1",
        "Pragma": "no-cache",
        "Request-Context": "appId=cid-v1:2d2e8e63-272e-4b3c-8598-4ee570a0e70d",
        "Server-Timing": "traceparent;desc=\u002200-e4946c9394578f150bbe0dbc097c3218-bad75f632e5edd9e-01\u0022",
        "Strict-Transport-Security": "max-age=31536000; includeSubDomains",
        "Transfer-Encoding": "chunked",
        "Vary": [
          "Accept-Encoding",
          "Accept-Encoding"
        ],
        "x-aml-cluster": "vienna-eastus-02",
        "X-Content-Type-Options": "nosniff",
        "x-ms-correlation-request-id": "55324652-dced-4b27-82e5-c2574208c4f1",
        "x-ms-ratelimit-remaining-subscription-reads": "11987",
        "x-ms-response-type": "standard",
        "x-ms-routing-request-id": "CANADACENTRAL:20230309T002322Z:55324652-dced-4b27-82e5-c2574208c4f1",
        "x-request-time": "0.075"
      },
      "ResponseBody": {
        "id": "/subscriptions/00000000-0000-0000-0000-000000000/providers/Microsoft.MachineLearningServices/locations/eastus/mfeOperationsStatus/bd:3bd2018e-4b43-401e-ad49-85df181c9e0a:5ae7bf1f-7591-4c4b-9a7c-57e2218a25f8",
        "name": "bd:3bd2018e-4b43-401e-ad49-85df181c9e0a:5ae7bf1f-7591-4c4b-9a7c-57e2218a25f8",
        "startTime": "2023-03-09T00:22:51.277509\u002B00:00",
        "endTime": "2023-03-09T00:23:12.0779936\u002B00:00",
        "percentComplete": 100.0,
        "status": "Succeeded"
      }
    },
    {
      "RequestUri": "https://management.azure.com/subscriptions/00000000-0000-0000-0000-000000000/resourceGroups/00000/providers/Microsoft.MachineLearningServices/workspaces/00000/batchEndpoints/batch-ept-5e81c3e055c1485/deployments/batch-dpm-30a3047e44474f9?api-version=2022-05-01",
      "RequestMethod": "GET",
      "RequestHeaders": {
        "Accept": "*/*",
        "Accept-Encoding": "gzip, deflate",
        "Connection": "keep-alive",
        "User-Agent": "azure-ai-ml/1.5.0 azsdk-python-mgmt-machinelearningservices/0.1.0 Python/3.10.6 (Linux-5.15.90.1-microsoft-standard-WSL2-x86_64-with-glibc2.35)"
      },
      "RequestBody": null,
      "StatusCode": 200,
      "ResponseHeaders": {
        "Cache-Control": "no-cache",
        "Content-Encoding": "gzip",
        "Content-Type": "application/json; charset=utf-8",
        "Date": "Thu, 09 Mar 2023 00:23:22 GMT",
        "Expires": "-1",
        "Pragma": "no-cache",
        "Request-Context": "appId=cid-v1:2d2e8e63-272e-4b3c-8598-4ee570a0e70d",
        "Server-Timing": "traceparent;desc=\u002200-c2aecd4ebbe4a086728d0696dd1742a2-20ccb83752483748-01\u0022",
        "Strict-Transport-Security": "max-age=31536000; includeSubDomains",
        "Transfer-Encoding": "chunked",
        "Vary": [
          "Accept-Encoding",
          "Accept-Encoding"
        ],
        "x-aml-cluster": "vienna-eastus-01",
        "X-Content-Type-Options": "nosniff",
        "x-ms-correlation-request-id": "b2ff3c5b-e02b-4dfc-a540-4f867d9f3f5d",
        "x-ms-ratelimit-remaining-subscription-reads": "11986",
        "x-ms-response-type": "standard",
        "x-ms-routing-request-id": "CANADACENTRAL:20230309T002322Z:b2ff3c5b-e02b-4dfc-a540-4f867d9f3f5d",
        "x-request-time": "0.293"
      },
      "ResponseBody": {
        "id": "/subscriptions/00000000-0000-0000-0000-000000000/resourceGroups/00000/providers/Microsoft.MachineLearningServices/workspaces/00000/batchEndpoints/batch-ept-5e81c3e055c1485/deployments/batch-dpm-30a3047e44474f9",
        "name": "batch-dpm-30a3047e44474f9",
        "type": "Microsoft.MachineLearningServices/workspaces/batchEndpoints/deployments",
        "properties": {
          "description": null,
          "properties": {
            "azureml.onlineendpointid": "/subscriptions/00000000-0000-0000-0000-000000000/resourcegroups/00000/providers/microsoft.machinelearningservices/workspaces/00000/onlineendpoints/batch-ept-5e81c3e055c1485",
            "AzureAsyncOperationUri": "https://management.azure.com/subscriptions/00000000-0000-0000-0000-000000000/providers/Microsoft.MachineLearningServices/locations/eastus/mfeOperationsStatus/be:3bd2018e-4b43-401e-ad49-85df181c9e0a:5ae7bf1f-7591-4c4b-9a7c-57e2218a25f8?api-version=2022-05-01"
          },
          "codeConfiguration": {
            "codeId": "/subscriptions/00000000-0000-0000-0000-000000000/resourceGroups/00000/providers/Microsoft.MachineLearningServices/workspaces/00000/codes/cd65df06-47b6-4759-bc39-90a4cc8b2da7/versions/1",
            "scoringScript": "./main.py"
          },
          "environmentId": "/subscriptions/00000000-0000-0000-0000-000000000/resourceGroups/00000/providers/Microsoft.MachineLearningServices/workspaces/00000/environments/test_529360613263/versions/bar",
          "environmentVariables": {},
          "compute": "/subscriptions/00000000-0000-0000-0000-000000000/resourceGroups/00000/providers/Microsoft.MachineLearningServices/workspaces/00000/computes/testCompute",
          "errorThreshold": 10,
          "retrySettings": {
            "maxRetries": 3,
            "timeout": "PT30S"
          },
          "miniBatchSize": 5,
          "loggingLevel": "Info",
          "model": {
            "referenceType": "Id",
            "assetId": "/subscriptions/00000000-0000-0000-0000-000000000/resourceGroups/00000/providers/Microsoft.MachineLearningServices/workspaces/00000/models/test_849099544689/versions/2"
          },
          "maxConcurrencyPerInstance": 5,
          "outputAction": "AppendRow",
          "outputFileName": "append_row.txt",
          "resources": {
            "instanceCount": 2,
            "instanceType": null,
            "properties": null
          },
          "provisioningState": "Succeeded"
        },
        "systemData": {
          "createdAt": "2023-03-09T00:22:51.2775155\u002B00:00",
          "createdBy": "Firstname Lastname",
          "lastModifiedAt": "2023-03-09T00:22:51.2775155\u002B00:00"
        },
        "tags": {},
        "location": "eastus"
      }
    },
    {
      "RequestUri": "https://management.azure.com/subscriptions/00000000-0000-0000-0000-000000000/resourceGroups/00000/providers/Microsoft.MachineLearningServices/workspaces/00000/batchEndpoints/batch-ept-5e81c3e055c1485/deployments/batch-dpm-30a3047e44474f9?api-version=2022-05-01",
      "RequestMethod": "GET",
      "RequestHeaders": {
        "Accept": "application/json",
        "Accept-Encoding": "gzip, deflate",
        "Connection": "keep-alive",
        "User-Agent": "azure-ai-ml/1.5.0 azsdk-python-mgmt-machinelearningservices/0.1.0 Python/3.10.6 (Linux-5.15.90.1-microsoft-standard-WSL2-x86_64-with-glibc2.35)"
      },
      "RequestBody": null,
      "StatusCode": 200,
      "ResponseHeaders": {
        "Cache-Control": "no-cache",
        "Content-Encoding": "gzip",
        "Content-Type": "application/json; charset=utf-8",
        "Date": "Thu, 09 Mar 2023 00:23:22 GMT",
        "Expires": "-1",
        "Pragma": "no-cache",
        "Request-Context": "appId=cid-v1:2d2e8e63-272e-4b3c-8598-4ee570a0e70d",
        "Server-Timing": "traceparent;desc=\u002200-87e751a4689cb1e1756877d1b16ca8b6-534f36f2cd47807c-01\u0022",
        "Strict-Transport-Security": "max-age=31536000; includeSubDomains",
        "Transfer-Encoding": "chunked",
        "Vary": [
          "Accept-Encoding",
          "Accept-Encoding"
        ],
        "x-aml-cluster": "vienna-eastus-01",
        "X-Content-Type-Options": "nosniff",
        "x-ms-correlation-request-id": "bd909128-60fb-4685-a1e4-81b42fab977e",
        "x-ms-ratelimit-remaining-subscription-reads": "11985",
        "x-ms-response-type": "standard",
        "x-ms-routing-request-id": "CANADACENTRAL:20230309T002323Z:bd909128-60fb-4685-a1e4-81b42fab977e",
        "x-request-time": "0.383"
      },
      "ResponseBody": {
        "id": "/subscriptions/00000000-0000-0000-0000-000000000/resourceGroups/00000/providers/Microsoft.MachineLearningServices/workspaces/00000/batchEndpoints/batch-ept-5e81c3e055c1485/deployments/batch-dpm-30a3047e44474f9",
        "name": "batch-dpm-30a3047e44474f9",
        "type": "Microsoft.MachineLearningServices/workspaces/batchEndpoints/deployments",
        "properties": {
          "description": null,
          "properties": {
            "azureml.onlineendpointid": "/subscriptions/00000000-0000-0000-0000-000000000/resourcegroups/00000/providers/microsoft.machinelearningservices/workspaces/00000/onlineendpoints/batch-ept-5e81c3e055c1485",
            "AzureAsyncOperationUri": "https://management.azure.com/subscriptions/00000000-0000-0000-0000-000000000/providers/Microsoft.MachineLearningServices/locations/eastus/mfeOperationsStatus/be:3bd2018e-4b43-401e-ad49-85df181c9e0a:5ae7bf1f-7591-4c4b-9a7c-57e2218a25f8?api-version=2022-05-01"
          },
          "codeConfiguration": {
            "codeId": "/subscriptions/00000000-0000-0000-0000-000000000/resourceGroups/00000/providers/Microsoft.MachineLearningServices/workspaces/00000/codes/cd65df06-47b6-4759-bc39-90a4cc8b2da7/versions/1",
            "scoringScript": "./main.py"
          },
          "environmentId": "/subscriptions/00000000-0000-0000-0000-000000000/resourceGroups/00000/providers/Microsoft.MachineLearningServices/workspaces/00000/environments/test_529360613263/versions/bar",
          "environmentVariables": {},
          "compute": "/subscriptions/00000000-0000-0000-0000-000000000/resourceGroups/00000/providers/Microsoft.MachineLearningServices/workspaces/00000/computes/testCompute",
          "errorThreshold": 10,
          "retrySettings": {
            "maxRetries": 3,
            "timeout": "PT30S"
          },
          "miniBatchSize": 5,
          "loggingLevel": "Info",
          "model": {
            "referenceType": "Id",
            "assetId": "/subscriptions/00000000-0000-0000-0000-000000000/resourceGroups/00000/providers/Microsoft.MachineLearningServices/workspaces/00000/models/test_849099544689/versions/2"
          },
          "maxConcurrencyPerInstance": 5,
          "outputAction": "AppendRow",
          "outputFileName": "append_row.txt",
          "resources": {
            "instanceCount": 2,
            "instanceType": null,
            "properties": null
          },
          "provisioningState": "Succeeded"
        },
        "systemData": {
          "createdAt": "2023-03-09T00:22:51.2775155\u002B00:00",
          "createdBy": "Firstname Lastname",
          "lastModifiedAt": "2023-03-09T00:22:51.2775155\u002B00:00"
        },
        "tags": {},
        "location": "eastus"
      }
    },
    {
      "RequestUri": "https://management.azure.com/subscriptions/00000000-0000-0000-0000-000000000/resourceGroups/00000/providers/Microsoft.MachineLearningServices/workspaces/00000/batchEndpoints/batch-ept-5e81c3e055c1485?api-version=2022-05-01",
      "RequestMethod": "DELETE",
      "RequestHeaders": {
        "Accept": "application/json",
        "Accept-Encoding": "gzip, deflate",
        "Connection": "keep-alive",
        "Content-Length": "0",
        "User-Agent": "azure-ai-ml/1.5.0 azsdk-python-mgmt-machinelearningservices/0.1.0 Python/3.10.6 (Linux-5.15.90.1-microsoft-standard-WSL2-x86_64-with-glibc2.35)"
      },
      "RequestBody": null,
      "StatusCode": 202,
      "ResponseHeaders": {
        "Azure-AsyncOperation": "https://management.azure.com/subscriptions/00000000-0000-0000-0000-000000000/providers/Microsoft.MachineLearningServices/locations/eastus/mfeOperationsStatus/be:3bd2018e-4b43-401e-ad49-85df181c9e0a:6291ab31-2a45-4875-8276-97ac3b97952e?api-version=2022-05-01",
        "Cache-Control": "no-cache",
        "Content-Length": "4",
        "Content-Type": "application/json; charset=utf-8",
        "Date": "Thu, 09 Mar 2023 00:23:23 GMT",
        "Expires": "-1",
        "Location": "https://management.azure.com/subscriptions/00000000-0000-0000-0000-000000000/providers/Microsoft.MachineLearningServices/locations/eastus/mfeOperationResults/be:3bd2018e-4b43-401e-ad49-85df181c9e0a:6291ab31-2a45-4875-8276-97ac3b97952e?api-version=2022-05-01",
        "Pragma": "no-cache",
        "Request-Context": "appId=cid-v1:2d2e8e63-272e-4b3c-8598-4ee570a0e70d",
        "Strict-Transport-Security": "max-age=31536000; includeSubDomains",
        "x-aml-cluster": "vienna-eastus-01",
        "X-Content-Type-Options": "nosniff",
        "x-ms-async-operation-timeout": "PT30M",
        "x-ms-correlation-request-id": "2498eaec-3976-471d-9dcd-60a4c2a4b26a",
        "x-ms-ratelimit-remaining-subscription-deletes": "14999",
        "x-ms-response-type": "standard",
        "x-ms-routing-request-id": "CANADACENTRAL:20230309T002324Z:2498eaec-3976-471d-9dcd-60a4c2a4b26a",
        "x-request-time": "0.373"
      },
      "ResponseBody": "null"
    },
    {
      "RequestUri": "https://management.azure.com/subscriptions/00000000-0000-0000-0000-000000000/providers/Microsoft.MachineLearningServices/locations/eastus/mfeOperationsStatus/be:3bd2018e-4b43-401e-ad49-85df181c9e0a:6291ab31-2a45-4875-8276-97ac3b97952e?api-version=2022-05-01",
      "RequestMethod": "GET",
      "RequestHeaders": {
        "Accept": "*/*",
        "Accept-Encoding": "gzip, deflate",
        "Authorization": "Sanitized",
        "Connection": "keep-alive",
        "User-Agent": "azure-ai-ml/1.5.0 azsdk-python-mgmt-machinelearningservices/0.1.0 Python/3.10.6 (Linux-5.15.90.1-microsoft-standard-WSL2-x86_64-with-glibc2.35)",
        "x-ms-client-request-id": "9940064e-be10-11ed-bbad-00155dda08d4"
      },
      "RequestBody": null,
      "StatusCode": 200,
      "ResponseHeaders": {
        "Cache-Control": "no-cache",
        "Content-Encoding": "gzip",
        "Content-Type": "application/json; charset=utf-8",
        "Date": "Thu, 09 Mar 2023 00:23:24 GMT",
        "Expires": "-1",
        "Pragma": "no-cache",
        "Request-Context": "appId=cid-v1:2d2e8e63-272e-4b3c-8598-4ee570a0e70d",
        "Server-Timing": "traceparent;desc=\u002200-4505b4498e29d6690c8ee96644b40325-944a12dbe6eecf98-01\u0022",
        "Strict-Transport-Security": "max-age=31536000; includeSubDomains",
        "Transfer-Encoding": "chunked",
        "Vary": [
          "Accept-Encoding",
          "Accept-Encoding"
        ],
        "x-aml-cluster": "vienna-eastus-02",
        "X-Content-Type-Options": "nosniff",
        "x-ms-correlation-request-id": "9397c6ff-d129-429d-9493-9d2c6fefee66",
        "x-ms-ratelimit-remaining-subscription-reads": "11984",
        "x-ms-request-id": "9397c6ff-d129-429d-9493-9d2c6fefee66",
        "x-ms-response-type": "standard",
        "x-ms-routing-request-id": "CANADACENTRAL:20230309T002325Z:9397c6ff-d129-429d-9493-9d2c6fefee66",
        "x-request-time": "0.817"
      },
      "ResponseBody": {
        "id": "/subscriptions/00000000-0000-0000-0000-000000000/providers/Microsoft.MachineLearningServices/locations/eastus/mfeOperationsStatus/be:3bd2018e-4b43-401e-ad49-85df181c9e0a:6291ab31-2a45-4875-8276-97ac3b97952e",
        "name": "be:3bd2018e-4b43-401e-ad49-85df181c9e0a:6291ab31-2a45-4875-8276-97ac3b97952e",
        "startTime": "2023-03-09T00:23:24.1253132\u002B00:00",
        "percentComplete": 0.0,
        "status": "Updating"
      }
    }
  ],
  "Variables": {
    "deployment_name": "batch-dpm-30a3047e44474f9",
    "environment_name": "test_529360613263",
    "model_name": "test_849099544689",
    "name": "batch-ept-5e81c3e055c1485"
  }
}
