{
  "Entries": [
    {
      "RequestUri": "https://management.azure.com/subscriptions/00000000-0000-0000-0000-000000000/resourceGroups/00000/providers/Microsoft.MachineLearningServices/workspaces/00000?api-version=2022-12-01-preview",
      "RequestMethod": "GET",
      "RequestHeaders": {
        "Accept": "application/json",
        "Accept-Encoding": "gzip, deflate",
        "Connection": "keep-alive",
        "User-Agent": "azure-ai-ml/1.5.0 azsdk-python-mgmt-machinelearningservices/0.1.0 Python/3.7.9 (Windows-10-10.0.22621-SP0)"
      },
      "RequestBody": null,
      "StatusCode": 200,
      "ResponseHeaders": {
        "Cache-Control": "no-cache",
        "Content-Encoding": "gzip",
        "Content-Type": "application/json; charset=utf-8",
        "Date": "Thu, 23 Feb 2023 18:29:29 GMT",
        "Expires": "-1",
        "Pragma": "no-cache",
        "Request-Context": "appId=cid-v1:2d2e8e63-272e-4b3c-8598-4ee570a0e70d",
        "Server-Timing": "traceparent;desc=\u002200-98c0cbbd73850cb7f8060088b615bf28-9a7a505b4599ab09-01\u0022",
        "Strict-Transport-Security": "max-age=31536000; includeSubDomains",
        "Transfer-Encoding": "chunked",
        "Vary": [
          "Accept-Encoding",
          "Accept-Encoding"
        ],
        "x-aml-cluster": "vienna-eastus2-02",
        "X-Content-Type-Options": "nosniff",
        "x-ms-correlation-request-id": "fd2b87d7-d1f0-4d42-9d29-0358988abe99",
        "x-ms-ratelimit-remaining-subscription-reads": "11993",
        "x-ms-response-type": "standard",
        "x-ms-routing-request-id": "WESTUS2:20230223T182930Z:fd2b87d7-d1f0-4d42-9d29-0358988abe99",
        "x-request-time": "0.052"
      },
      "ResponseBody": {
        "id": "/subscriptions/00000000-0000-0000-0000-000000000/resourceGroups/00000/providers/Microsoft.MachineLearningServices/workspaces/00000",
        "name": "00000",
        "type": "Microsoft.MachineLearningServices/workspaces",
        "location": "eastus2",
        "tags": {},
        "etag": null,
        "properties": {
          "friendlyName": "00000",
          "description": "",
          "storageAccount": "/subscriptions/00000000-0000-0000-0000-000000000/resourceGroups/00000/providers/Microsoft.Storage/storageAccounts/saveorz2izv2bas",
          "keyVault": "/subscriptions/00000000-0000-0000-0000-000000000/resourceGroups/00000/providers/Microsoft.Keyvault/vaults/kvtest4k4d3fds6sjxs",
          "applicationInsights": "/subscriptions/00000000-0000-0000-0000-000000000/resourceGroups/00000/providers/Microsoft.insights/components/aiveorz2izv2bas",
          "hbiWorkspace": false,
          "tenantId": "72f988bf-86f1-41af-91ab-2d7cd011db47",
          "imageBuildCompute": null,
          "provisioningState": "Succeeded",
          "v1LegacyMode": false,
          "softDeleteEnabled": false,
          "containerRegistry": "/subscriptions/00000000-0000-0000-0000-000000000/resourceGroups/00000/providers/Microsoft.ContainerRegistry/registries/crveorz2izv2bas",
          "notebookInfo": {
            "resourceId": "0000000-0000-0000-0000-000000000000",
            "fqdn": "ml-sdkvnextcli-eastus2-2d1e66ae-85e3-42c0-be91-34de66397f26.eastus2.notebooks.azure.net",
            "isPrivateLinkEnabled": false,
            "notebookPreparationError": null
          },
          "storageHnsEnabled": false,
          "workspaceId": "2d1e66ae-85e3-42c0-be91-34de66397f26",
          "linkedModelInventoryArmId": null,
          "privateLinkCount": 0,
          "publicNetworkAccess": "Enabled",
          "discoveryUrl": "https://eastus2.api.azureml.ms/discovery",
          "mlFlowTrackingUri": "azureml://eastus2.api.azureml.ms/mlflow/v1.0/subscriptions/00000000-0000-0000-0000-000000000/resourceGroups/00000/providers/Microsoft.MachineLearningServices/workspaces/00000",
          "sdkTelemetryAppInsightsKey": "0000000-0000-0000-0000-000000000000",
          "sasGetterUri": "",
          "enableDataIsolation": false
        },
        "identity": {
          "type": "SystemAssigned",
          "principalId": "0000000-0000-0000-0000-000000000000",
          "tenantId": "72f988bf-86f1-41af-91ab-2d7cd011db47"
        },
        "kind": "Default",
        "sku": {
          "name": "Basic",
          "tier": "Basic"
        },
        "systemData": {
          "createdAt": "2023-02-23T02:09:00.5159669Z",
          "createdBy": "dipeck@microsoft.com",
          "createdByType": "User",
          "lastModifiedAt": "2023-02-23T02:09:00.5159669Z",
          "lastModifiedBy": "dipeck@microsoft.com",
          "lastModifiedByType": "User"
        }
      }
    },
    {
      "RequestUri": "https://management.azure.com/subscriptions/00000000-0000-0000-0000-000000000/resourceGroups/00000/providers/Microsoft.MachineLearningServices/workspaces/00000/batchEndpoints/batch-ept-eca30cc225264d9?api-version=2022-05-01",
      "RequestMethod": "PUT",
      "RequestHeaders": {
        "Accept": "application/json",
        "Accept-Encoding": "gzip, deflate",
        "Connection": "keep-alive",
        "Content-Length": "158",
        "Content-Type": "application/json",
        "User-Agent": "azure-ai-ml/1.5.0 azsdk-python-mgmt-machinelearningservices/0.1.0 Python/3.7.9 (Windows-10-10.0.22621-SP0)"
      },
      "RequestBody": {
        "tags": {},
        "location": "eastus2",
        "properties": {
          "authMode": "aadToken",
          "description": "my sample batch endpoint",
          "properties": {
            "p1": "v1",
            "p2": "v2"
          }
        }
      },
      "StatusCode": 201,
      "ResponseHeaders": {
        "Azure-AsyncOperation": "https://management.azure.com/subscriptions/00000000-0000-0000-0000-000000000/providers/Microsoft.MachineLearningServices/locations/eastus2/mfeOperationsStatus/be:2d1e66ae-85e3-42c0-be91-34de66397f26:0800fcab-30f6-47ba-bab0-d576f1e14e27?api-version=2022-05-01",
        "Cache-Control": "no-cache",
        "Content-Length": "1337",
        "Content-Type": "application/json; charset=utf-8",
        "Date": "Thu, 23 Feb 2023 18:29:36 GMT",
        "Expires": "-1",
        "Location": "https://management.azure.com/subscriptions/00000000-0000-0000-0000-000000000/resourceGroups/00000/providers/Microsoft.MachineLearningServices/workspaces/00000/batchEndpoints/batch-ept-eca30cc225264d9?api-version=2022-05-01",
        "Pragma": "no-cache",
        "Request-Context": "appId=cid-v1:2d2e8e63-272e-4b3c-8598-4ee570a0e70d",
        "Server-Timing": "traceparent;desc=\u002200-df8ae8029b10acd6d39fedd94273da42-0287d93cff554ec1-01\u0022",
        "Strict-Transport-Security": "max-age=31536000; includeSubDomains",
        "x-aml-cluster": "vienna-eastus2-02",
        "X-Content-Type-Options": "nosniff",
        "x-ms-async-operation-timeout": "PT30M",
        "x-ms-correlation-request-id": "9503d3ef-181d-4c00-90a6-8a02f92bd31f",
        "x-ms-ratelimit-remaining-subscription-writes": "1197",
        "x-ms-response-type": "standard",
        "x-ms-routing-request-id": "WESTUS2:20230223T182936Z:9503d3ef-181d-4c00-90a6-8a02f92bd31f",
        "x-request-time": "2.375"
      },
      "ResponseBody": {
        "id": "/subscriptions/00000000-0000-0000-0000-000000000/resourceGroups/00000/providers/Microsoft.MachineLearningServices/workspaces/00000/batchEndpoints/batch-ept-eca30cc225264d9",
        "name": "batch-ept-eca30cc225264d9",
        "type": "Microsoft.MachineLearningServices/workspaces/batchEndpoints",
        "properties": {
          "description": "my sample batch endpoint",
          "properties": {
            "p1": "v1",
            "p2": "v2",
            "BatchEndpointCreationApiVersion": "2022-05-01",
            "azureml.onlineendpointid": "/subscriptions/00000000-0000-0000-0000-000000000/resourcegroups/00000/providers/microsoft.machinelearningservices/workspaces/00000/onlineendpoints/batch-ept-eca30cc225264d9",
            "AzureAsyncOperationUri": "https://management.azure.com/subscriptions/00000000-0000-0000-0000-000000000/providers/Microsoft.MachineLearningServices/locations/eastus2/mfeOperationsStatus/be:2d1e66ae-85e3-42c0-be91-34de66397f26:0800fcab-30f6-47ba-bab0-d576f1e14e27?api-version=2022-05-01"
          },
          "scoringUri": null,
          "swaggerUri": null,
          "authMode": "AADToken",
          "defaults": {
            "deploymentName": null
          },
          "provisioningState": "Creating"
        },
        "systemData": {
          "createdAt": "2023-02-23T18:29:35.9362566\u002B00:00",
          "createdBy": "Diondra Peck",
          "lastModifiedAt": "2023-02-23T18:29:35.9362567\u002B00:00"
        },
        "tags": {},
        "location": "eastus2",
        "identity": {
          "type": "None",
          "principalId": "0000000-0000-0000-0000-000000000000",
          "tenantId": "00000000-0000-0000-0000-000000000000"
        }
      }
    },
    {
      "RequestUri": "https://management.azure.com/subscriptions/00000000-0000-0000-0000-000000000/providers/Microsoft.MachineLearningServices/locations/eastus2/mfeOperationsStatus/be:2d1e66ae-85e3-42c0-be91-34de66397f26:0800fcab-30f6-47ba-bab0-d576f1e14e27?api-version=2022-05-01",
      "RequestMethod": "GET",
      "RequestHeaders": {
        "Accept": "*/*",
        "Accept-Encoding": "gzip, deflate",
        "Connection": "keep-alive",
        "User-Agent": "azure-ai-ml/1.5.0 azsdk-python-mgmt-machinelearningservices/0.1.0 Python/3.7.9 (Windows-10-10.0.22621-SP0)"
      },
      "RequestBody": null,
      "StatusCode": 200,
      "ResponseHeaders": {
        "Cache-Control": "no-cache",
        "Content-Encoding": "gzip",
        "Content-Type": "application/json; charset=utf-8",
        "Date": "Thu, 23 Feb 2023 18:29:36 GMT",
        "Expires": "-1",
        "Pragma": "no-cache",
        "Request-Context": "appId=cid-v1:2d2e8e63-272e-4b3c-8598-4ee570a0e70d",
        "Server-Timing": "traceparent;desc=\u002200-ab06975728b8eb8383ab0abd81562919-2d72e5b1143e88c0-01\u0022",
        "Strict-Transport-Security": "max-age=31536000; includeSubDomains",
        "Transfer-Encoding": "chunked",
        "Vary": [
          "Accept-Encoding",
          "Accept-Encoding"
        ],
        "x-aml-cluster": "vienna-eastus2-02",
        "X-Content-Type-Options": "nosniff",
        "x-ms-correlation-request-id": "a2849d21-2489-47ce-8b81-8d50fb4e54dc",
        "x-ms-ratelimit-remaining-subscription-reads": "11992",
        "x-ms-response-type": "standard",
        "x-ms-routing-request-id": "WESTUS2:20230223T182937Z:a2849d21-2489-47ce-8b81-8d50fb4e54dc",
        "x-request-time": "0.161"
      },
      "ResponseBody": {
        "id": "/subscriptions/00000000-0000-0000-0000-000000000/providers/Microsoft.MachineLearningServices/locations/eastus2/mfeOperationsStatus/be:2d1e66ae-85e3-42c0-be91-34de66397f26:0800fcab-30f6-47ba-bab0-d576f1e14e27",
        "name": "be:2d1e66ae-85e3-42c0-be91-34de66397f26:0800fcab-30f6-47ba-bab0-d576f1e14e27",
        "startTime": "2023-02-23T18:29:34.8520528\u002B00:00",
        "percentComplete": 0.0,
        "status": "Updating"
      }
    },
    {
      "RequestUri": "https://management.azure.com/subscriptions/00000000-0000-0000-0000-000000000/providers/Microsoft.MachineLearningServices/locations/eastus2/mfeOperationsStatus/be:2d1e66ae-85e3-42c0-be91-34de66397f26:0800fcab-30f6-47ba-bab0-d576f1e14e27?api-version=2022-05-01",
      "RequestMethod": "GET",
      "RequestHeaders": {
        "Accept": "*/*",
        "Accept-Encoding": "gzip, deflate",
        "Connection": "keep-alive",
        "User-Agent": "azure-ai-ml/1.5.0 azsdk-python-mgmt-machinelearningservices/0.1.0 Python/3.7.9 (Windows-10-10.0.22621-SP0)"
      },
      "RequestBody": null,
      "StatusCode": 200,
      "ResponseHeaders": {
        "Cache-Control": "no-cache",
        "Content-Encoding": "gzip",
        "Content-Type": "application/json; charset=utf-8",
        "Date": "Thu, 23 Feb 2023 18:30:08 GMT",
        "Expires": "-1",
        "Pragma": "no-cache",
        "Request-Context": "appId=cid-v1:2d2e8e63-272e-4b3c-8598-4ee570a0e70d",
        "Server-Timing": "traceparent;desc=\u002200-81ceb22f9407014f9ea9de75f53c7f8a-3b1f15914bf8d87e-01\u0022",
        "Strict-Transport-Security": "max-age=31536000; includeSubDomains",
        "Transfer-Encoding": "chunked",
        "Vary": [
          "Accept-Encoding",
          "Accept-Encoding"
        ],
        "x-aml-cluster": "vienna-eastus2-02",
        "X-Content-Type-Options": "nosniff",
        "x-ms-correlation-request-id": "b9bef815-e0c4-456a-a8c4-ea11a3e1e5f1",
        "x-ms-ratelimit-remaining-subscription-reads": "11991",
        "x-ms-response-type": "standard",
        "x-ms-routing-request-id": "WESTUS2:20230223T183008Z:b9bef815-e0c4-456a-a8c4-ea11a3e1e5f1",
        "x-request-time": "0.984"
      },
      "ResponseBody": {
        "id": "/subscriptions/00000000-0000-0000-0000-000000000/providers/Microsoft.MachineLearningServices/locations/eastus2/mfeOperationsStatus/be:2d1e66ae-85e3-42c0-be91-34de66397f26:0800fcab-30f6-47ba-bab0-d576f1e14e27",
        "name": "be:2d1e66ae-85e3-42c0-be91-34de66397f26:0800fcab-30f6-47ba-bab0-d576f1e14e27",
        "startTime": "2023-02-23T18:29:34.8520528\u002B00:00",
        "endTime": "2023-02-23T18:29:46.357132\u002B00:00",
        "percentComplete": 100.0,
        "status": "Succeeded"
      }
    },
    {
      "RequestUri": "https://management.azure.com/subscriptions/00000000-0000-0000-0000-000000000/resourceGroups/00000/providers/Microsoft.MachineLearningServices/workspaces/00000/batchEndpoints/batch-ept-eca30cc225264d9?api-version=2022-05-01",
      "RequestMethod": "GET",
      "RequestHeaders": {
        "Accept": "*/*",
        "Accept-Encoding": "gzip, deflate",
        "Connection": "keep-alive",
        "User-Agent": "azure-ai-ml/1.5.0 azsdk-python-mgmt-machinelearningservices/0.1.0 Python/3.7.9 (Windows-10-10.0.22621-SP0)"
      },
      "RequestBody": null,
      "StatusCode": 200,
      "ResponseHeaders": {
        "Cache-Control": "no-cache",
        "Content-Encoding": "gzip",
        "Content-Type": "application/json; charset=utf-8",
        "Date": "Thu, 23 Feb 2023 18:30:09 GMT",
        "Expires": "-1",
        "Pragma": "no-cache",
        "Request-Context": "appId=cid-v1:2d2e8e63-272e-4b3c-8598-4ee570a0e70d",
        "Server-Timing": "traceparent;desc=\u002200-f342f90a8ddfea0b60093401d8b1ffb1-8d6167721a0342d5-01\u0022",
        "Strict-Transport-Security": "max-age=31536000; includeSubDomains",
        "Transfer-Encoding": "chunked",
        "Vary": [
          "Accept-Encoding",
          "Accept-Encoding"
        ],
        "x-aml-cluster": "vienna-eastus2-02",
        "X-Content-Type-Options": "nosniff",
        "x-ms-correlation-request-id": "b087cbc1-3767-414e-838d-7c456eb4e880",
        "x-ms-ratelimit-remaining-subscription-reads": "11990",
        "x-ms-response-type": "standard",
        "x-ms-routing-request-id": "WESTUS2:20230223T183009Z:b087cbc1-3767-414e-838d-7c456eb4e880",
        "x-request-time": "0.503"
      },
      "ResponseBody": {
        "id": "/subscriptions/00000000-0000-0000-0000-000000000/resourceGroups/00000/providers/Microsoft.MachineLearningServices/workspaces/00000/batchEndpoints/batch-ept-eca30cc225264d9",
        "name": "batch-ept-eca30cc225264d9",
        "type": "Microsoft.MachineLearningServices/workspaces/batchEndpoints",
        "properties": {
          "description": "my sample batch endpoint",
          "properties": {
            "p1": "v1",
            "p2": "v2",
            "BatchEndpointCreationApiVersion": "2022-05-01",
            "azureml.onlineendpointid": "/subscriptions/00000000-0000-0000-0000-000000000/resourcegroups/00000/providers/microsoft.machinelearningservices/workspaces/00000/onlineendpoints/batch-ept-eca30cc225264d9",
            "AzureAsyncOperationUri": "https://management.azure.com/subscriptions/00000000-0000-0000-0000-000000000/providers/Microsoft.MachineLearningServices/locations/eastus2/mfeOperationsStatus/be:2d1e66ae-85e3-42c0-be91-34de66397f26:0800fcab-30f6-47ba-bab0-d576f1e14e27?api-version=2022-05-01"
          },
          "scoringUri": "https://batch-ept-eca30cc225264d9.eastus2.inference.ml.azure.com/jobs",
          "swaggerUri": null,
          "authMode": "AADToken",
          "defaults": {
            "deploymentName": null
          },
          "provisioningState": "Succeeded"
        },
        "systemData": {
          "createdAt": "2023-02-23T18:29:35.9362566\u002B00:00",
          "createdBy": "Diondra Peck",
          "lastModifiedAt": "2023-02-23T18:29:46.766546\u002B00:00"
        },
        "tags": {},
        "location": "eastus2",
        "identity": {
          "type": "None",
          "principalId": "0000000-0000-0000-0000-000000000000",
          "tenantId": "00000000-0000-0000-0000-000000000000"
        }
      }
    },
    {
      "RequestUri": "https://management.azure.com/subscriptions/00000000-0000-0000-0000-000000000/resourceGroups/00000/providers/Microsoft.MachineLearningServices/workspaces/00000/batchEndpoints/batch-ept-eca30cc225264d9?api-version=2022-05-01",
      "RequestMethod": "GET",
      "RequestHeaders": {
        "Accept": "application/json",
        "Accept-Encoding": "gzip, deflate",
        "Connection": "keep-alive",
        "User-Agent": "azure-ai-ml/1.5.0 azsdk-python-mgmt-machinelearningservices/0.1.0 Python/3.7.9 (Windows-10-10.0.22621-SP0)"
      },
      "RequestBody": null,
      "StatusCode": 200,
      "ResponseHeaders": {
        "Cache-Control": "no-cache",
        "Content-Encoding": "gzip",
        "Content-Type": "application/json; charset=utf-8",
        "Date": "Thu, 23 Feb 2023 18:30:09 GMT",
        "Expires": "-1",
        "Pragma": "no-cache",
        "Request-Context": "appId=cid-v1:2d2e8e63-272e-4b3c-8598-4ee570a0e70d",
        "Server-Timing": "traceparent;desc=\u002200-6ba28906c306192fb865d581fd1363e0-8b9566d294f04df0-01\u0022",
        "Strict-Transport-Security": "max-age=31536000; includeSubDomains",
        "Transfer-Encoding": "chunked",
        "Vary": [
          "Accept-Encoding",
          "Accept-Encoding"
        ],
        "x-aml-cluster": "vienna-eastus2-02",
        "X-Content-Type-Options": "nosniff",
        "x-ms-correlation-request-id": "58960cd7-f84a-4f77-9025-467ce0553557",
        "x-ms-ratelimit-remaining-subscription-reads": "11989",
        "x-ms-response-type": "standard",
        "x-ms-routing-request-id": "WESTUS2:20230223T183010Z:58960cd7-f84a-4f77-9025-467ce0553557",
        "x-request-time": "0.235"
      },
      "ResponseBody": {
        "id": "/subscriptions/00000000-0000-0000-0000-000000000/resourceGroups/00000/providers/Microsoft.MachineLearningServices/workspaces/00000/batchEndpoints/batch-ept-eca30cc225264d9",
        "name": "batch-ept-eca30cc225264d9",
        "type": "Microsoft.MachineLearningServices/workspaces/batchEndpoints",
        "properties": {
          "description": "my sample batch endpoint",
          "properties": {
            "p1": "v1",
            "p2": "v2",
            "BatchEndpointCreationApiVersion": "2022-05-01",
            "azureml.onlineendpointid": "/subscriptions/00000000-0000-0000-0000-000000000/resourcegroups/00000/providers/microsoft.machinelearningservices/workspaces/00000/onlineendpoints/batch-ept-eca30cc225264d9",
            "AzureAsyncOperationUri": "https://management.azure.com/subscriptions/00000000-0000-0000-0000-000000000/providers/Microsoft.MachineLearningServices/locations/eastus2/mfeOperationsStatus/be:2d1e66ae-85e3-42c0-be91-34de66397f26:0800fcab-30f6-47ba-bab0-d576f1e14e27?api-version=2022-05-01"
          },
          "scoringUri": "https://batch-ept-eca30cc225264d9.eastus2.inference.ml.azure.com/jobs",
          "swaggerUri": null,
          "authMode": "AADToken",
          "defaults": {
            "deploymentName": null
          },
          "provisioningState": "Succeeded"
        },
        "systemData": {
          "createdAt": "2023-02-23T18:29:35.9362566\u002B00:00",
          "createdBy": "Diondra Peck",
          "lastModifiedAt": "2023-02-23T18:29:46.766546\u002B00:00"
        },
        "tags": {},
        "location": "eastus2",
        "identity": {
          "type": "None",
          "principalId": "0000000-0000-0000-0000-000000000000",
          "tenantId": "00000000-0000-0000-0000-000000000000"
        }
      }
    },
    {
      "RequestUri": "https://management.azure.com/subscriptions/00000000-0000-0000-0000-000000000/resourceGroups/00000/providers/Microsoft.MachineLearningServices/workspaces/00000?api-version=2022-10-01",
      "RequestMethod": "GET",
      "RequestHeaders": {
        "Accept": "application/json",
        "Accept-Encoding": "gzip, deflate",
        "Connection": "keep-alive",
        "User-Agent": "azure-ai-ml/1.5.0 azsdk-python-mgmt-machinelearningservices/0.1.0 Python/3.7.9 (Windows-10-10.0.22621-SP0)"
      },
      "RequestBody": null,
      "StatusCode": 200,
      "ResponseHeaders": {
        "Cache-Control": "no-cache",
        "Content-Encoding": "gzip",
        "Content-Type": "application/json; charset=utf-8",
        "Date": "Thu, 23 Feb 2023 18:30:11 GMT",
        "Expires": "-1",
        "Pragma": "no-cache",
        "Request-Context": "appId=cid-v1:2d2e8e63-272e-4b3c-8598-4ee570a0e70d",
        "Server-Timing": "traceparent;desc=\u002200-ca70996a158c3df86c50af775a2321ab-dea2b3ed9e13d4c9-01\u0022",
        "Strict-Transport-Security": "max-age=31536000; includeSubDomains",
        "Transfer-Encoding": "chunked",
        "Vary": [
          "Accept-Encoding",
          "Accept-Encoding"
        ],
        "x-aml-cluster": "vienna-eastus2-02",
        "X-Content-Type-Options": "nosniff",
        "x-ms-correlation-request-id": "70d9b5cb-11a7-4db7-ad0c-f1a5e7d9c9a5",
        "x-ms-ratelimit-remaining-subscription-reads": "11988",
        "x-ms-response-type": "standard",
        "x-ms-routing-request-id": "WESTUS2:20230223T183012Z:70d9b5cb-11a7-4db7-ad0c-f1a5e7d9c9a5",
        "x-request-time": "0.020"
      },
      "ResponseBody": {
        "id": "/subscriptions/00000000-0000-0000-0000-000000000/resourceGroups/00000/providers/Microsoft.MachineLearningServices/workspaces/00000",
        "name": "00000",
        "type": "Microsoft.MachineLearningServices/workspaces",
        "location": "eastus2",
        "tags": {},
        "etag": null,
        "properties": {
          "friendlyName": "00000",
          "description": "",
          "storageAccount": "/subscriptions/00000000-0000-0000-0000-000000000/resourceGroups/00000/providers/Microsoft.Storage/storageAccounts/saveorz2izv2bas",
          "keyVault": "/subscriptions/00000000-0000-0000-0000-000000000/resourceGroups/00000/providers/Microsoft.Keyvault/vaults/kvtest4k4d3fds6sjxs",
          "applicationInsights": "/subscriptions/00000000-0000-0000-0000-000000000/resourceGroups/00000/providers/Microsoft.insights/components/aiveorz2izv2bas",
          "hbiWorkspace": false,
          "tenantId": "72f988bf-86f1-41af-91ab-2d7cd011db47",
          "imageBuildCompute": null,
          "provisioningState": "Succeeded",
          "v1LegacyMode": false,
          "softDeleteEnabled": false,
          "containerRegistry": "/subscriptions/00000000-0000-0000-0000-000000000/resourceGroups/00000/providers/Microsoft.ContainerRegistry/registries/crveorz2izv2bas",
          "notebookInfo": {
            "resourceId": "0000000-0000-0000-0000-000000000000",
            "fqdn": "ml-sdkvnextcli-eastus2-2d1e66ae-85e3-42c0-be91-34de66397f26.eastus2.notebooks.azure.net",
            "isPrivateLinkEnabled": false,
            "notebookPreparationError": null
          },
          "storageHnsEnabled": false,
          "workspaceId": "2d1e66ae-85e3-42c0-be91-34de66397f26",
          "linkedModelInventoryArmId": null,
          "privateLinkCount": 0,
          "publicNetworkAccess": "Enabled",
          "discoveryUrl": "https://eastus2.api.azureml.ms/discovery",
          "mlFlowTrackingUri": "azureml://eastus2.api.azureml.ms/mlflow/v1.0/subscriptions/00000000-0000-0000-0000-000000000/resourceGroups/00000/providers/Microsoft.MachineLearningServices/workspaces/00000",
          "sdkTelemetryAppInsightsKey": "0000000-0000-0000-0000-000000000000",
          "sasGetterUri": "",
          "enableDataIsolation": false
        },
        "identity": {
          "type": "SystemAssigned",
          "principalId": "0000000-0000-0000-0000-000000000000",
          "tenantId": "72f988bf-86f1-41af-91ab-2d7cd011db47"
        },
        "kind": "Default",
        "sku": {
          "name": "Basic",
          "tier": "Basic"
        },
        "systemData": {
          "createdAt": "2023-02-23T02:09:00.5159669Z",
          "createdBy": "dipeck@microsoft.com",
          "createdByType": "User",
          "lastModifiedAt": "2023-02-23T02:09:00.5159669Z",
          "lastModifiedBy": "dipeck@microsoft.com",
          "lastModifiedByType": "User"
        }
      }
    },
    {
      "RequestUri": "https://eastus2.api.azureml.ms/content/v2.0/subscriptions/00000000-0000-0000-0000-000000000/resourceGroups/00000/providers/Microsoft.MachineLearningServices/workspaces/00000/snapshots/getByHash?hash=7025d35c50f3653c30def0b61a8c85fd5a6d77207bbbf76d939b780e67f9c282\u0026hashVersion=202208",
      "RequestMethod": "GET",
      "RequestHeaders": {
        "Accept": "*/*",
        "Accept-Encoding": "gzip, deflate",
        "Connection": "keep-alive",
        "Content-Type": "application/json; charset=UTF-8",
        "User-Agent": "azure-ai-ml/1.5.0 azsdk-python-core/1.26.3 Python/3.7.9 (Windows-10-10.0.22621-SP0)"
      },
      "RequestBody": null,
      "StatusCode": 200,
      "ResponseHeaders": {
        "Connection": "keep-alive",
        "Content-Encoding": "gzip",
        "Content-Type": "application/json; charset=utf-8",
        "Date": "Thu, 23 Feb 2023 18:30:19 GMT",
        "Request-Context": "appId=cid-v1:2d2e8e63-272e-4b3c-8598-4ee570a0e70d",
        "Strict-Transport-Security": "max-age=15724800; includeSubDomains; preload",
        "Transfer-Encoding": "chunked",
        "Vary": "Accept-Encoding",
        "x-aml-cluster": "vienna-eastus2-01",
        "X-Content-Type-Options": "nosniff",
        "x-ms-response-type": "standard",
        "x-request-time": "0.985"
      },
      "ResponseBody": {
        "snapshotType": "LocalFiles",
        "id": "7b803689-a0ce-43c6-a532-9c9194ce97f4",
        "root": {
          "name": "",
          "hash": null,
          "type": "Directory",
          "timestamp": "0001-01-01T00:00:00\u002B00:00",
          "sasUrl": null,
          "absoluteUrl": null,
          "sizeBytes": 0,
          "sizeSet": false,
          "children": {
            "digit_identification.py": {
              "name": "digit_identification.py",
              "hash": "F0B60E64CF38BEAFB732A9D8D8DA77D9",
              "type": "File",
              "timestamp": "0001-01-01T00:00:00\u002B00:00",
              "sasUrl": null,
              "absoluteUrl": null,
              "sizeBytes": 1507,
              "sizeSet": true,
              "children": {}
            }
          }
        },
        "tags": {},
        "properties": {
          "hash_sha256": "7025d35c50f3653c30def0b61a8c85fd5a6d77207bbbf76d939b780e67f9c282",
          "hash_version": "202208",
          "azureml.codeUri": "https://saveorz2izv2bas.blob.core.windows.net:443/2d1e66ae-8-7df79c19-3e81-599f-b0f4-6bd4503e642d/code"
        },
        "description": null,
        "name": "b5de70c2-ecde-405d-85a7-7d66800c8a2d",
        "version": "1",
        "createdBy": {
          "userObjectId": "b3a957de-450c-4ca7-b2aa-88dd98c87fef",
          "userPuId": "10037FFEAD05DD5D",
          "userIdp": null,
          "userAltSecId": null,
          "userIss": "https://sts.windows.net/72f988bf-86f1-41af-91ab-2d7cd011db47/",
          "userTenantId": "72f988bf-86f1-41af-91ab-2d7cd011db47",
          "userName": "Diondra Peck",
          "upn": null
        },
        "createdTime": "2023-02-23T06:41:02.8802067\u002B00:00",
        "modifiedBy": {
          "userObjectId": "b3a957de-450c-4ca7-b2aa-88dd98c87fef",
          "userPuId": "10037FFEAD05DD5D",
          "userIdp": null,
          "userAltSecId": null,
          "userIss": "https://sts.windows.net/72f988bf-86f1-41af-91ab-2d7cd011db47/",
          "userTenantId": "72f988bf-86f1-41af-91ab-2d7cd011db47",
          "userName": "Diondra Peck",
          "upn": null
        },
        "modifiedTime": "2023-02-23T06:41:02.8802067\u002B00:00",
        "gitRepositoryCommit": null,
        "uri": "https://saveorz2izv2bas.blob.core.windows.net:443/2d1e66ae-8-7df79c19-3e81-599f-b0f4-6bd4503e642d/code",
        "contentHash": "7025d35c50f3653c30def0b61a8c85fd5a6d77207bbbf76d939b780e67f9c282",
        "hashVersion": "202208",
        "provisioningState": "Succeeded"
      }
    },
    {
      "RequestUri": "https://management.azure.com/subscriptions/00000000-0000-0000-0000-000000000/resourceGroups/00000/providers/Microsoft.MachineLearningServices/workspaces/00000/codes/b5de70c2-ecde-405d-85a7-7d66800c8a2d/versions/1?api-version=2022-05-01",
      "RequestMethod": "GET",
      "RequestHeaders": {
        "Accept": "application/json",
        "Accept-Encoding": "gzip, deflate",
        "Connection": "keep-alive",
        "User-Agent": "azure-ai-ml/1.5.0 azsdk-python-mgmt-machinelearningservices/0.1.0 Python/3.7.9 (Windows-10-10.0.22621-SP0)"
      },
      "RequestBody": null,
      "StatusCode": 200,
      "ResponseHeaders": {
        "Cache-Control": "no-cache",
        "Content-Encoding": "gzip",
        "Content-Type": "application/json; charset=utf-8",
        "Date": "Thu, 23 Feb 2023 18:30:19 GMT",
        "Expires": "-1",
        "Pragma": "no-cache",
        "Request-Context": "appId=cid-v1:2d2e8e63-272e-4b3c-8598-4ee570a0e70d",
        "Server-Timing": "traceparent;desc=\u002200-ded2fafc4e7169f94a3c3b2525a4665e-039fdc35cfd353db-01\u0022",
        "Strict-Transport-Security": "max-age=31536000; includeSubDomains",
        "Transfer-Encoding": "chunked",
        "Vary": [
          "Accept-Encoding",
          "Accept-Encoding"
        ],
        "x-aml-cluster": "vienna-eastus2-02",
        "X-Content-Type-Options": "nosniff",
        "x-ms-correlation-request-id": "e3bb7cf7-aa5d-4cf4-99c2-0fa638a537d7",
        "x-ms-ratelimit-remaining-subscription-reads": "11987",
        "x-ms-response-type": "standard",
        "x-ms-routing-request-id": "WESTUS2:20230223T183020Z:e3bb7cf7-aa5d-4cf4-99c2-0fa638a537d7",
        "x-request-time": "0.155"
      },
      "ResponseBody": {
        "id": "/subscriptions/00000000-0000-0000-0000-000000000/resourceGroups/00000/providers/Microsoft.MachineLearningServices/workspaces/00000/codes/b5de70c2-ecde-405d-85a7-7d66800c8a2d/versions/1",
        "name": "1",
        "type": "Microsoft.MachineLearningServices/workspaces/codes/versions",
        "properties": {
          "description": null,
          "tags": {},
          "properties": {
            "hash_sha256": "0000000000000",
            "hash_version": "0000000000000"
          },
          "isArchived": false,
          "isAnonymous": false,
          "codeUri": "https://saveorz2izv2bas.blob.core.windows.net:443/2d1e66ae-8-7df79c19-3e81-599f-b0f4-6bd4503e642d/code"
        },
        "systemData": {
          "createdAt": "2023-02-23T06:41:02.8802067\u002B00:00",
          "createdBy": "Diondra Peck",
          "createdByType": "User",
          "lastModifiedAt": "2023-02-23T06:41:02.8802067\u002B00:00",
          "lastModifiedBy": "Diondra Peck",
          "lastModifiedByType": "User"
        }
      }
    },
    {
      "RequestUri": "https://management.azure.com/subscriptions/00000000-0000-0000-0000-000000000/resourceGroups/00000/providers/Microsoft.MachineLearningServices/workspaces/00000/environments/CliV2AnonymousEnvironment/versions/ae6c19664c826bce1a006d64aa3b30c6?api-version=2022-05-01",
      "RequestMethod": "PUT",
      "RequestHeaders": {
        "Accept": "application/json",
        "Accept-Encoding": "gzip, deflate",
        "Connection": "keep-alive",
        "Content-Length": "313",
        "Content-Type": "application/json",
        "User-Agent": "azure-ai-ml/1.5.0 azsdk-python-mgmt-machinelearningservices/0.1.0 Python/3.7.9 (Windows-10-10.0.22621-SP0)"
      },
      "RequestBody": {
        "properties": {
          "isAnonymous": true,
          "isArchived": false,
          "condaFile": "channels:\n- conda-forge\ndependencies:\n- python=3.8\n- pip\n- pip:\n  - tensorflow\n  - pillow\n  - azureml-core\n  - azureml-dataset-runtime[fuse]\nname: mnist-env\n",
          "image": "mcr.microsoft.com/azureml/openmpi3.1.2-ubuntu18.04:latest"
        }
      },
      "StatusCode": 201,
      "ResponseHeaders": {
        "Cache-Control": "no-cache",
        "Content-Length": "1209",
        "Content-Type": "application/json; charset=utf-8",
        "Date": "Thu, 23 Feb 2023 18:30:20 GMT",
        "Expires": "-1",
        "Location": "https://management.azure.com/subscriptions/00000000-0000-0000-0000-000000000/resourceGroups/00000/providers/Microsoft.MachineLearningServices/workspaces/00000/environments/CliV2AnonymousEnvironment/versions/ae6c19664c826bce1a006d64aa3b30c6?api-version=2022-05-01",
        "Pragma": "no-cache",
        "Request-Context": "appId=cid-v1:2d2e8e63-272e-4b3c-8598-4ee570a0e70d",
        "Server-Timing": "traceparent;desc=\u002200-f4123378b47fe31a6be28d93fb6d12f8-63bc3a75e30926ab-01\u0022",
        "Strict-Transport-Security": "max-age=31536000; includeSubDomains",
        "x-aml-cluster": "vienna-eastus2-02",
        "X-Content-Type-Options": "nosniff",
        "x-ms-correlation-request-id": "0a1a248f-e182-4fbe-8bdf-95649fc49b6b",
        "x-ms-ratelimit-remaining-subscription-writes": "1196",
        "x-ms-response-type": "standard",
        "x-ms-routing-request-id": "WESTUS2:20230223T183021Z:0a1a248f-e182-4fbe-8bdf-95649fc49b6b",
        "x-request-time": "0.296"
      },
      "ResponseBody": {
        "id": "/subscriptions/00000000-0000-0000-0000-000000000/resourceGroups/00000/providers/Microsoft.MachineLearningServices/workspaces/00000/environments/CliV2AnonymousEnvironment/versions/ae6c19664c826bce1a006d64aa3b30c6",
        "name": "ae6c19664c826bce1a006d64aa3b30c6",
        "type": "Microsoft.MachineLearningServices/workspaces/environments/versions",
        "properties": {
          "description": null,
          "tags": {},
          "properties": {},
          "isArchived": false,
          "isAnonymous": true,
          "environmentType": "UserCreated",
          "image": "mcr.microsoft.com/azureml/openmpi3.1.2-ubuntu18.04:latest",
          "condaFile": "{\n  \u0022channels\u0022: [\n    \u0022conda-forge\u0022\n  ],\n  \u0022dependencies\u0022: [\n    \u0022python=3.8\u0022,\n    \u0022pip\u0022,\n    {\n      \u0022pip\u0022: [\n        \u0022tensorflow\u0022,\n        \u0022pillow\u0022,\n        \u0022azureml-core\u0022,\n        \u0022azureml-dataset-runtime[fuse]\u0022\n      ]\n    }\n  ],\n  \u0022name\u0022: \u0022mnist-env\u0022\n}",
          "osType": "Linux"
        },
        "systemData": {
          "createdAt": "2023-02-23T06:41:03.4280666\u002B00:00",
          "createdBy": "Diondra Peck",
          "createdByType": "User",
          "lastModifiedAt": "2023-02-23T06:41:03.4280666\u002B00:00",
          "lastModifiedBy": "Diondra Peck",
          "lastModifiedByType": "User"
        }
      }
    },
    {
      "RequestUri": "https://management.azure.com/subscriptions/00000000-0000-0000-0000-000000000/resourceGroups/00000/providers/Microsoft.MachineLearningServices/workspaces/00000/datastores/workspaceblobstore?api-version=2022-10-01",
      "RequestMethod": "GET",
      "RequestHeaders": {
        "Accept": "application/json",
        "Accept-Encoding": "gzip, deflate",
        "Connection": "keep-alive",
        "User-Agent": "azure-ai-ml/1.5.0 azsdk-python-mgmt-machinelearningservices/0.1.0 Python/3.7.9 (Windows-10-10.0.22621-SP0)"
      },
      "RequestBody": null,
      "StatusCode": 200,
      "ResponseHeaders": {
        "Cache-Control": "no-cache",
        "Content-Encoding": "gzip",
        "Content-Type": "application/json; charset=utf-8",
        "Date": "Thu, 23 Feb 2023 18:30:21 GMT",
        "Expires": "-1",
        "Pragma": "no-cache",
        "Request-Context": "appId=cid-v1:2d2e8e63-272e-4b3c-8598-4ee570a0e70d",
        "Server-Timing": "traceparent;desc=\u002200-634dcb7327db252b329565932efe39b8-dfce8848efcfecb9-01\u0022",
        "Strict-Transport-Security": "max-age=31536000; includeSubDomains",
        "Transfer-Encoding": "chunked",
        "Vary": [
          "Accept-Encoding",
          "Accept-Encoding"
        ],
        "x-aml-cluster": "vienna-eastus2-02",
        "X-Content-Type-Options": "nosniff",
        "x-ms-correlation-request-id": "8ebcb14e-48d0-415c-8c2b-ac989f87abe9",
        "x-ms-ratelimit-remaining-subscription-reads": "11986",
        "x-ms-response-type": "standard",
        "x-ms-routing-request-id": "WESTUS2:20230223T183022Z:8ebcb14e-48d0-415c-8c2b-ac989f87abe9",
        "x-request-time": "0.087"
      },
      "ResponseBody": {
        "id": "/subscriptions/00000000-0000-0000-0000-000000000/resourceGroups/00000/providers/Microsoft.MachineLearningServices/workspaces/00000/datastores/workspaceblobstore",
        "name": "workspaceblobstore",
        "type": "Microsoft.MachineLearningServices/workspaces/datastores",
        "properties": {
          "description": null,
          "tags": null,
          "properties": null,
          "isDefault": true,
          "credentials": {
            "credentialsType": "AccountKey"
          },
          "datastoreType": "AzureBlob",
          "accountName": "saveorz2izv2bas",
          "containerName": "azureml-blobstore-2d1e66ae-85e3-42c0-be91-34de66397f26",
          "endpoint": "core.windows.net",
          "protocol": "https",
          "serviceDataAccessAuthIdentity": "WorkspaceSystemAssignedIdentity"
        },
        "systemData": {
          "createdAt": "2023-02-23T02:09:20.7946807\u002B00:00",
          "createdBy": "779301c0-18b2-4cdc-801b-a0a3368fee0a",
          "createdByType": "Application",
          "lastModifiedAt": "2023-02-23T02:09:21.4547132\u002B00:00",
          "lastModifiedBy": "779301c0-18b2-4cdc-801b-a0a3368fee0a",
          "lastModifiedByType": "Application"
        }
      }
    },
    {
      "RequestUri": "https://management.azure.com/subscriptions/00000000-0000-0000-0000-000000000/resourceGroups/00000/providers/Microsoft.MachineLearningServices/workspaces/00000/datastores/workspaceblobstore/listSecrets?api-version=2022-10-01",
      "RequestMethod": "POST",
      "RequestHeaders": {
        "Accept": "application/json",
        "Accept-Encoding": "gzip, deflate",
        "Connection": "keep-alive",
        "Content-Length": "0",
        "User-Agent": "azure-ai-ml/1.5.0 azsdk-python-mgmt-machinelearningservices/0.1.0 Python/3.7.9 (Windows-10-10.0.22621-SP0)"
      },
      "RequestBody": null,
      "StatusCode": 200,
      "ResponseHeaders": {
        "Cache-Control": "no-cache",
        "Content-Encoding": "gzip",
        "Content-Type": "application/json; charset=utf-8",
        "Date": "Thu, 23 Feb 2023 18:30:21 GMT",
        "Expires": "-1",
        "Pragma": "no-cache",
        "Request-Context": "appId=cid-v1:2d2e8e63-272e-4b3c-8598-4ee570a0e70d",
        "Server-Timing": "traceparent;desc=\u002200-27be043c63bbb12105a3773cdd3c2acb-9851a9e25e9c4f2a-01\u0022",
        "Strict-Transport-Security": "max-age=31536000; includeSubDomains",
        "Transfer-Encoding": "chunked",
        "Vary": "Accept-Encoding",
        "x-aml-cluster": "vienna-eastus2-02",
        "X-Content-Type-Options": "nosniff",
        "x-ms-correlation-request-id": "0ec08b84-bf48-4b7b-89db-0f61e0e97cd7",
        "x-ms-ratelimit-remaining-subscription-writes": "1197",
        "x-ms-response-type": "standard",
        "x-ms-routing-request-id": "WESTUS2:20230223T183022Z:0ec08b84-bf48-4b7b-89db-0f61e0e97cd7",
        "x-request-time": "0.232"
      },
      "ResponseBody": {
        "secretsType": "AccountKey",
        "key": "dGhpcyBpcyBmYWtlIGtleQ=="
      }
    },
    {
      "RequestUri": "https://saveorz2izv2bas.blob.core.windows.net/azureml-blobstore-2d1e66ae-85e3-42c0-be91-34de66397f26/LocalUpload/00000000000000000000000000000000/model/mnist-tf.model.data-00000-of-00001",
      "RequestMethod": "HEAD",
      "RequestHeaders": {
        "Accept": "application/xml",
        "Accept-Encoding": "gzip, deflate",
        "Connection": "keep-alive",
        "User-Agent": "azsdk-python-storage-blob/12.14.1 Python/3.7.9 (Windows-10-10.0.22621-SP0)",
        "x-ms-date": "Thu, 23 Feb 2023 18:30:22 GMT",
        "x-ms-version": "2021-08-06"
      },
      "RequestBody": null,
      "StatusCode": 200,
      "ResponseHeaders": {
        "Accept-Ranges": "bytes",
        "Content-Length": "1066440",
        "Content-MD5": "lMWef\u002Bj0JlJkELbjpzkidg==",
        "Content-Type": "application/octet-stream",
        "Date": "Thu, 23 Feb 2023 18:30:23 GMT",
        "ETag": "\u00220x8DB1568F7FBDA02\u0022",
        "Last-Modified": "Thu, 23 Feb 2023 06:41:18 GMT",
        "Server": [
          "Windows-Azure-Blob/1.0",
          "Microsoft-HTTPAPI/2.0"
        ],
        "Vary": "Origin",
        "x-ms-access-tier": "Hot",
        "x-ms-access-tier-inferred": "true",
        "x-ms-blob-type": "BlockBlob",
        "x-ms-creation-time": "Thu, 23 Feb 2023 06:41:18 GMT",
        "x-ms-lease-state": "available",
        "x-ms-lease-status": "unlocked",
        "x-ms-meta-name": "88cf3abcb419bc852f17398005a22790",
        "x-ms-meta-upload_status": "completed",
        "x-ms-meta-version": "1",
        "x-ms-server-encrypted": "true",
        "x-ms-version": "2021-08-06"
      },
      "ResponseBody": null
    },
    {
      "RequestUri": "https://saveorz2izv2bas.blob.core.windows.net/azureml-blobstore-2d1e66ae-85e3-42c0-be91-34de66397f26/az-ml-artifacts/00000000000000000000000000000000/model/mnist-tf.model.data-00000-of-00001",
      "RequestMethod": "HEAD",
      "RequestHeaders": {
        "Accept": "application/xml",
        "Accept-Encoding": "gzip, deflate",
        "Connection": "keep-alive",
        "User-Agent": "azsdk-python-storage-blob/12.14.1 Python/3.7.9 (Windows-10-10.0.22621-SP0)",
        "x-ms-date": "Thu, 23 Feb 2023 18:30:24 GMT",
        "x-ms-version": "2021-08-06"
      },
      "RequestBody": null,
      "StatusCode": 404,
      "ResponseHeaders": {
        "Date": "Thu, 23 Feb 2023 18:30:24 GMT",
        "Server": [
          "Windows-Azure-Blob/1.0",
          "Microsoft-HTTPAPI/2.0"
        ],
        "Transfer-Encoding": "chunked",
        "Vary": "Origin",
        "x-ms-error-code": "BlobNotFound",
        "x-ms-version": "2021-08-06"
      },
      "ResponseBody": null
    },
    {
      "RequestUri": "https://management.azure.com/subscriptions/00000000-0000-0000-0000-000000000/resourceGroups/00000/providers/Microsoft.MachineLearningServices/workspaces/00000/models/88cf3abcb419bc852f17398005a22790/versions/1?api-version=2022-05-01",
      "RequestMethod": "PUT",
      "RequestHeaders": {
        "Accept": "application/json",
        "Accept-Encoding": "gzip, deflate",
        "Connection": "keep-alive",
        "Content-Length": "315",
        "Content-Type": "application/json",
        "User-Agent": "azure-ai-ml/1.5.0 azsdk-python-mgmt-machinelearningservices/0.1.0 Python/3.7.9 (Windows-10-10.0.22621-SP0)"
      },
      "RequestBody": {
        "properties": {
          "properties": {},
          "tags": {},
          "isAnonymous": true,
          "isArchived": false,
          "modelType": "custom_model",
          "modelUri": "azureml://subscriptions/00000000-0000-0000-0000-000000000/resourcegroups/00000/workspaces/00000/datastores/workspaceblobstore/paths/LocalUpload/00000000000000000000000000000000/model"
        }
      },
      "StatusCode": 200,
      "ResponseHeaders": {
        "Cache-Control": "no-cache",
        "Content-Encoding": "gzip",
        "Content-Type": "application/json; charset=utf-8",
        "Date": "Thu, 23 Feb 2023 18:30:24 GMT",
        "Expires": "-1",
        "Pragma": "no-cache",
        "Request-Context": "appId=cid-v1:2d2e8e63-272e-4b3c-8598-4ee570a0e70d",
        "Server-Timing": "traceparent;desc=\u002200-b6ce7b939899f6abf002c1ff68f3d417-e31194db82d81aa7-01\u0022",
        "Strict-Transport-Security": "max-age=31536000; includeSubDomains",
        "Transfer-Encoding": "chunked",
        "Vary": [
          "Accept-Encoding",
          "Accept-Encoding"
        ],
        "x-aml-cluster": "vienna-eastus2-02",
        "X-Content-Type-Options": "nosniff",
        "x-ms-correlation-request-id": "1dab4e47-8b16-40ed-8efa-72d8d73a3101",
        "x-ms-ratelimit-remaining-subscription-writes": "1195",
        "x-ms-response-type": "standard",
        "x-ms-routing-request-id": "WESTUS2:20230223T183025Z:1dab4e47-8b16-40ed-8efa-72d8d73a3101",
        "x-request-time": "0.316"
      },
      "ResponseBody": {
        "id": "/subscriptions/00000000-0000-0000-0000-000000000/resourceGroups/00000/providers/Microsoft.MachineLearningServices/workspaces/00000/models/88cf3abcb419bc852f17398005a22790/versions/1",
        "name": "1",
        "type": "Microsoft.MachineLearningServices/workspaces/models/versions",
        "properties": {
          "description": null,
          "tags": {},
          "properties": {},
          "isArchived": false,
          "isAnonymous": true,
          "flavors": {},
          "modelType": "custom_model",
          "modelUri": "azureml://subscriptions/00000000-0000-0000-0000-000000000/resourceGroups/00000/workspaces/00000/datastores/workspaceblobstore/paths/LocalUpload/00000000000000000000000000000000/model",
          "jobName": null
        },
        "systemData": {
          "createdAt": "2023-02-23T06:41:19.6766212\u002B00:00",
          "createdBy": "Diondra Peck",
          "createdByType": "User",
          "lastModifiedAt": "2023-02-23T18:30:25.3829766\u002B00:00",
          "lastModifiedBy": "Diondra Peck",
          "lastModifiedByType": "User"
        }
      }
    },
    {
      "RequestUri": "https://management.azure.com/subscriptions/00000000-0000-0000-0000-000000000/resourceGroups/00000/providers/Microsoft.MachineLearningServices/workspaces/00000?api-version=2022-12-01-preview",
      "RequestMethod": "GET",
      "RequestHeaders": {
        "Accept": "application/json",
        "Accept-Encoding": "gzip, deflate",
        "Connection": "keep-alive",
        "User-Agent": "azure-ai-ml/1.5.0 azsdk-python-mgmt-machinelearningservices/0.1.0 Python/3.7.9 (Windows-10-10.0.22621-SP0)"
      },
      "RequestBody": null,
      "StatusCode": 200,
      "ResponseHeaders": {
        "Cache-Control": "no-cache",
        "Content-Encoding": "gzip",
        "Content-Type": "application/json; charset=utf-8",
        "Date": "Thu, 23 Feb 2023 18:30:25 GMT",
        "Expires": "-1",
        "Pragma": "no-cache",
        "Request-Context": "appId=cid-v1:2d2e8e63-272e-4b3c-8598-4ee570a0e70d",
        "Server-Timing": "traceparent;desc=\u002200-69a84aa47c80be5d83f695ab292c47a8-2c9938fc3e42fa26-01\u0022",
        "Strict-Transport-Security": "max-age=31536000; includeSubDomains",
        "Transfer-Encoding": "chunked",
        "Vary": [
          "Accept-Encoding",
          "Accept-Encoding"
        ],
        "x-aml-cluster": "vienna-eastus2-02",
        "X-Content-Type-Options": "nosniff",
        "x-ms-correlation-request-id": "591bf869-cec4-46cf-a306-c2fdc06ce238",
        "x-ms-ratelimit-remaining-subscription-reads": "11985",
        "x-ms-response-type": "standard",
        "x-ms-routing-request-id": "WESTUS2:20230223T183026Z:591bf869-cec4-46cf-a306-c2fdc06ce238",
        "x-request-time": "0.080"
      },
      "ResponseBody": {
        "id": "/subscriptions/00000000-0000-0000-0000-000000000/resourceGroups/00000/providers/Microsoft.MachineLearningServices/workspaces/00000",
        "name": "00000",
        "type": "Microsoft.MachineLearningServices/workspaces",
        "location": "eastus2",
        "tags": {},
        "etag": null,
        "properties": {
          "friendlyName": "00000",
          "description": "",
          "storageAccount": "/subscriptions/00000000-0000-0000-0000-000000000/resourceGroups/00000/providers/Microsoft.Storage/storageAccounts/saveorz2izv2bas",
          "keyVault": "/subscriptions/00000000-0000-0000-0000-000000000/resourceGroups/00000/providers/Microsoft.Keyvault/vaults/kvtest4k4d3fds6sjxs",
          "applicationInsights": "/subscriptions/00000000-0000-0000-0000-000000000/resourceGroups/00000/providers/Microsoft.insights/components/aiveorz2izv2bas",
          "hbiWorkspace": false,
          "tenantId": "72f988bf-86f1-41af-91ab-2d7cd011db47",
          "imageBuildCompute": null,
          "provisioningState": "Succeeded",
          "v1LegacyMode": false,
          "softDeleteEnabled": false,
          "containerRegistry": "/subscriptions/00000000-0000-0000-0000-000000000/resourceGroups/00000/providers/Microsoft.ContainerRegistry/registries/crveorz2izv2bas",
          "notebookInfo": {
            "resourceId": "0000000-0000-0000-0000-000000000000",
            "fqdn": "ml-sdkvnextcli-eastus2-2d1e66ae-85e3-42c0-be91-34de66397f26.eastus2.notebooks.azure.net",
            "isPrivateLinkEnabled": false,
            "notebookPreparationError": null
          },
          "storageHnsEnabled": false,
          "workspaceId": "2d1e66ae-85e3-42c0-be91-34de66397f26",
          "linkedModelInventoryArmId": null,
          "privateLinkCount": 0,
          "publicNetworkAccess": "Enabled",
          "discoveryUrl": "https://eastus2.api.azureml.ms/discovery",
          "mlFlowTrackingUri": "azureml://eastus2.api.azureml.ms/mlflow/v1.0/subscriptions/00000000-0000-0000-0000-000000000/resourceGroups/00000/providers/Microsoft.MachineLearningServices/workspaces/00000",
          "sdkTelemetryAppInsightsKey": "0000000-0000-0000-0000-000000000000",
          "sasGetterUri": "",
          "enableDataIsolation": false
        },
        "identity": {
          "type": "SystemAssigned",
          "principalId": "0000000-0000-0000-0000-000000000000",
          "tenantId": "72f988bf-86f1-41af-91ab-2d7cd011db47"
        },
        "kind": "Default",
        "sku": {
          "name": "Basic",
          "tier": "Basic"
        },
        "systemData": {
          "createdAt": "2023-02-23T02:09:00.5159669Z",
          "createdBy": "dipeck@microsoft.com",
          "createdByType": "User",
          "lastModifiedAt": "2023-02-23T02:09:00.5159669Z",
          "lastModifiedBy": "dipeck@microsoft.com",
          "lastModifiedByType": "User"
        }
      }
    },
    {
      "RequestUri": "https://management.azure.com/subscriptions/00000000-0000-0000-0000-000000000/resourceGroups/00000/providers/Microsoft.MachineLearningServices/workspaces/00000/batchEndpoints/batch-ept-eca30cc225264d9/deployments/batch-dpm-e26299c498e44be?api-version=2022-05-01",
      "RequestMethod": "PUT",
      "RequestHeaders": {
        "Accept": "application/json",
        "Accept-Encoding": "gzip, deflate",
        "Connection": "keep-alive",
        "Content-Length": "1266",
        "Content-Type": "application/json",
        "User-Agent": "azure-ai-ml/1.5.0 azsdk-python-mgmt-machinelearningservices/0.1.0 Python/3.7.9 (Windows-10-10.0.22621-SP0)"
      },
      "RequestBody": {
        "tags": {},
        "location": "eastus2",
        "properties": {
          "codeConfiguration": {
            "codeId": "/subscriptions/00000000-0000-0000-0000-000000000/resourceGroups/00000/providers/Microsoft.MachineLearningServices/workspaces/00000/codes/b5de70c2-ecde-405d-85a7-7d66800c8a2d/versions/1",
            "scoringScript": "digit_identification.py"
          },
          "environmentId": "/subscriptions/00000000-0000-0000-0000-000000000/resourceGroups/00000/providers/Microsoft.MachineLearningServices/workspaces/00000/environments/CliV2AnonymousEnvironment/versions/ae6c19664c826bce1a006d64aa3b30c6",
          "environmentVariables": {},
          "properties": {},
          "compute": "/subscriptions/00000000-0000-0000-0000-000000000/resourceGroups/00000/providers/Microsoft.MachineLearningServices/workspaces/00000/computes/batch-cluster",
          "errorThreshold": -1,
          "loggingLevel": "info",
          "maxConcurrencyPerInstance": 2,
          "miniBatchSize": 10,
          "model": {
            "referenceType": "Id",
            "assetId": "/subscriptions/00000000-0000-0000-0000-000000000/resourceGroups/00000/providers/Microsoft.MachineLearningServices/workspaces/00000/models/88cf3abcb419bc852f17398005a22790/versions/1"
          },
          "outputAction": "AppendRow",
          "outputFileName": "predictions.csv",
          "resources": {
            "instanceCount": 1,
            "properties": {}
          },
          "retrySettings": {
            "maxRetries": 3,
            "timeout": "PT30S"
          }
        }
      },
      "StatusCode": 201,
      "ResponseHeaders": {
        "Azure-AsyncOperation": "https://management.azure.com/subscriptions/00000000-0000-0000-0000-000000000/providers/Microsoft.MachineLearningServices/locations/eastus2/mfeOperationsStatus/bd:2d1e66ae-85e3-42c0-be91-34de66397f26:e457b851-7c06-4750-813a-89734fbfcb6d?api-version=2022-05-01",
        "Cache-Control": "no-cache",
        "Content-Length": "2519",
        "Content-Type": "application/json; charset=utf-8",
        "Date": "Thu, 23 Feb 2023 18:30:29 GMT",
        "Expires": "-1",
        "Location": "https://management.azure.com/subscriptions/00000000-0000-0000-0000-000000000/resourceGroups/00000/providers/Microsoft.MachineLearningServices/workspaces/00000/batchEndpoints/batch-ept-eca30cc225264d9/deployments/batch-dpm-e26299c498e44be?api-version=2022-05-01",
        "Pragma": "no-cache",
        "Request-Context": "appId=cid-v1:2d2e8e63-272e-4b3c-8598-4ee570a0e70d",
        "Server-Timing": "traceparent;desc=\u002200-53e7278be8171bcfaf4c81b1de1d2560-6aa9c661dc4c920a-01\u0022",
        "Strict-Transport-Security": "max-age=31536000; includeSubDomains",
        "x-aml-cluster": "vienna-eastus2-02",
        "X-Content-Type-Options": "nosniff",
        "x-ms-async-operation-timeout": "PT30M",
        "x-ms-correlation-request-id": "ff6c1efe-8ca0-4e91-afdb-4868599aefb8",
        "x-ms-ratelimit-remaining-subscription-resource-requests": "24",
        "x-ms-response-type": "standard",
        "x-ms-routing-request-id": "WESTUS2:20230223T183030Z:ff6c1efe-8ca0-4e91-afdb-4868599aefb8",
        "x-request-time": "2.459"
      },
      "ResponseBody": {
        "id": "/subscriptions/00000000-0000-0000-0000-000000000/resourceGroups/00000/providers/Microsoft.MachineLearningServices/workspaces/00000/batchEndpoints/batch-ept-eca30cc225264d9/deployments/batch-dpm-e26299c498e44be",
        "name": "batch-dpm-e26299c498e44be",
        "type": "Microsoft.MachineLearningServices/workspaces/batchEndpoints/deployments",
        "properties": {
          "description": null,
          "properties": {
            "azureml.onlineendpointid": "/subscriptions/00000000-0000-0000-0000-000000000/resourcegroups/00000/providers/microsoft.machinelearningservices/workspaces/00000/onlineendpoints/batch-ept-eca30cc225264d9",
            "AzureAsyncOperationUri": "https://management.azure.com/subscriptions/00000000-0000-0000-0000-000000000/providers/Microsoft.MachineLearningServices/locations/eastus2/mfeOperationsStatus/be:2d1e66ae-85e3-42c0-be91-34de66397f26:e457b851-7c06-4750-813a-89734fbfcb6d?api-version=2022-05-01"
          },
          "codeConfiguration": {
            "codeId": "/subscriptions/00000000-0000-0000-0000-000000000/resourceGroups/00000/providers/Microsoft.MachineLearningServices/workspaces/00000/codes/b5de70c2-ecde-405d-85a7-7d66800c8a2d/versions/1",
            "scoringScript": "digit_identification.py"
          },
          "environmentId": "/subscriptions/00000000-0000-0000-0000-000000000/resourceGroups/00000/providers/Microsoft.MachineLearningServices/workspaces/00000/environments/CliV2AnonymousEnvironment/versions/ae6c19664c826bce1a006d64aa3b30c6",
          "environmentVariables": {},
          "compute": "/subscriptions/00000000-0000-0000-0000-000000000/resourceGroups/00000/providers/Microsoft.MachineLearningServices/workspaces/00000/computes/batch-cluster",
          "errorThreshold": -1,
          "retrySettings": {
            "maxRetries": 3,
            "timeout": "PT30S"
          },
          "miniBatchSize": 10,
          "loggingLevel": "Info",
          "model": {
            "referenceType": "Id",
            "assetId": "/subscriptions/00000000-0000-0000-0000-000000000/resourceGroups/00000/providers/Microsoft.MachineLearningServices/workspaces/00000/models/88cf3abcb419bc852f17398005a22790/versions/1"
          },
          "maxConcurrencyPerInstance": 2,
          "outputAction": "AppendRow",
          "outputFileName": "predictions.csv",
          "resources": {
            "instanceCount": 1,
            "instanceType": null,
            "properties": null
          },
          "provisioningState": "Updating"
        },
        "systemData": {
          "createdAt": "2023-02-23T18:30:28.2031866\u002B00:00",
          "createdBy": "Diondra Peck",
          "lastModifiedAt": "2023-02-23T18:30:28.2031866\u002B00:00"
        },
        "tags": {},
        "location": "eastus2"
      }
    },
    {
      "RequestUri": "https://management.azure.com/subscriptions/00000000-0000-0000-0000-000000000/providers/Microsoft.MachineLearningServices/locations/eastus2/mfeOperationsStatus/bd:2d1e66ae-85e3-42c0-be91-34de66397f26:e457b851-7c06-4750-813a-89734fbfcb6d?api-version=2022-05-01",
      "RequestMethod": "GET",
      "RequestHeaders": {
        "Accept": "*/*",
        "Accept-Encoding": "gzip, deflate",
        "Connection": "keep-alive",
        "User-Agent": "azure-ai-ml/1.5.0 azsdk-python-mgmt-machinelearningservices/0.1.0 Python/3.7.9 (Windows-10-10.0.22621-SP0)"
      },
      "RequestBody": null,
      "StatusCode": 200,
      "ResponseHeaders": {
        "Cache-Control": "no-cache",
        "Content-Encoding": "gzip",
        "Content-Type": "application/json; charset=utf-8",
        "Date": "Thu, 23 Feb 2023 18:30:31 GMT",
        "Expires": "-1",
        "Pragma": "no-cache",
        "Request-Context": "appId=cid-v1:2d2e8e63-272e-4b3c-8598-4ee570a0e70d",
        "Server-Timing": "traceparent;desc=\u002200-d0058705312bcdc48d419c02111742ca-2d1b0f1c4a938ee4-01\u0022",
        "Strict-Transport-Security": "max-age=31536000; includeSubDomains",
        "Transfer-Encoding": "chunked",
        "Vary": [
          "Accept-Encoding",
          "Accept-Encoding"
        ],
        "x-aml-cluster": "vienna-eastus2-02",
        "X-Content-Type-Options": "nosniff",
        "x-ms-correlation-request-id": "13975dc0-a78c-42ef-bffc-38d1d6b68e55",
        "x-ms-ratelimit-remaining-subscription-reads": "11984",
        "x-ms-response-type": "standard",
        "x-ms-routing-request-id": "WESTUS2:20230223T183031Z:13975dc0-a78c-42ef-bffc-38d1d6b68e55",
        "x-request-time": "1.184"
      },
      "ResponseBody": {
        "id": "/subscriptions/00000000-0000-0000-0000-000000000/providers/Microsoft.MachineLearningServices/locations/eastus2/mfeOperationsStatus/bd:2d1e66ae-85e3-42c0-be91-34de66397f26:e457b851-7c06-4750-813a-89734fbfcb6d",
        "name": "bd:2d1e66ae-85e3-42c0-be91-34de66397f26:e457b851-7c06-4750-813a-89734fbfcb6d",
        "startTime": "2023-02-23T18:30:28.2031823\u002B00:00",
        "percentComplete": 0.0,
        "status": "Updating"
      }
    },
    {
      "RequestUri": "https://management.azure.com/subscriptions/00000000-0000-0000-0000-000000000/providers/Microsoft.MachineLearningServices/locations/eastus2/mfeOperationsStatus/bd:2d1e66ae-85e3-42c0-be91-34de66397f26:e457b851-7c06-4750-813a-89734fbfcb6d?api-version=2022-05-01",
      "RequestMethod": "GET",
      "RequestHeaders": {
        "Accept": "*/*",
        "Accept-Encoding": "gzip, deflate",
        "Connection": "keep-alive",
        "User-Agent": "azure-ai-ml/1.5.0 azsdk-python-mgmt-machinelearningservices/0.1.0 Python/3.7.9 (Windows-10-10.0.22621-SP0)"
      },
      "RequestBody": null,
      "StatusCode": 200,
      "ResponseHeaders": {
        "Cache-Control": "no-cache",
        "Content-Encoding": "gzip",
        "Content-Type": "application/json; charset=utf-8",
        "Date": "Thu, 23 Feb 2023 18:31:01 GMT",
        "Expires": "-1",
        "Pragma": "no-cache",
        "Request-Context": "appId=cid-v1:2d2e8e63-272e-4b3c-8598-4ee570a0e70d",
        "Server-Timing": "traceparent;desc=\u002200-eb63ace19b6df7de602967ee7f440e9b-cf9fad49651504ca-01\u0022",
        "Strict-Transport-Security": "max-age=31536000; includeSubDomains",
        "Transfer-Encoding": "chunked",
        "Vary": [
          "Accept-Encoding",
          "Accept-Encoding"
        ],
        "x-aml-cluster": "vienna-eastus2-02",
        "X-Content-Type-Options": "nosniff",
        "x-ms-correlation-request-id": "1ed1d19c-3fd8-4333-8d73-d0192811e14e",
        "x-ms-ratelimit-remaining-subscription-reads": "11983",
        "x-ms-response-type": "standard",
        "x-ms-routing-request-id": "WESTUS2:20230223T183102Z:1ed1d19c-3fd8-4333-8d73-d0192811e14e",
        "x-request-time": "0.281"
      },
      "ResponseBody": {
        "id": "/subscriptions/00000000-0000-0000-0000-000000000/providers/Microsoft.MachineLearningServices/locations/eastus2/mfeOperationsStatus/bd:2d1e66ae-85e3-42c0-be91-34de66397f26:e457b851-7c06-4750-813a-89734fbfcb6d",
        "name": "bd:2d1e66ae-85e3-42c0-be91-34de66397f26:e457b851-7c06-4750-813a-89734fbfcb6d",
        "startTime": "2023-02-23T18:30:28.2031823\u002B00:00",
        "endTime": "2023-02-23T18:30:49.3353957\u002B00:00",
        "percentComplete": 100.0,
        "status": "Succeeded"
      }
    },
    {
      "RequestUri": "https://management.azure.com/subscriptions/00000000-0000-0000-0000-000000000/resourceGroups/00000/providers/Microsoft.MachineLearningServices/workspaces/00000/batchEndpoints/batch-ept-eca30cc225264d9/deployments/batch-dpm-e26299c498e44be?api-version=2022-05-01",
      "RequestMethod": "GET",
      "RequestHeaders": {
        "Accept": "*/*",
        "Accept-Encoding": "gzip, deflate",
        "Connection": "keep-alive",
        "User-Agent": "azure-ai-ml/1.5.0 azsdk-python-mgmt-machinelearningservices/0.1.0 Python/3.7.9 (Windows-10-10.0.22621-SP0)"
      },
      "RequestBody": null,
      "StatusCode": 200,
      "ResponseHeaders": {
        "Cache-Control": "no-cache",
        "Content-Encoding": "gzip",
        "Content-Type": "application/json; charset=utf-8",
        "Date": "Thu, 23 Feb 2023 18:31:03 GMT",
        "Expires": "-1",
        "Pragma": "no-cache",
        "Request-Context": "appId=cid-v1:2d2e8e63-272e-4b3c-8598-4ee570a0e70d",
        "Server-Timing": "traceparent;desc=\u002200-8ab558ebdd230ad84b77fc7b2a7d772d-2a6c57bd1b927b75-01\u0022",
        "Strict-Transport-Security": "max-age=31536000; includeSubDomains",
        "Transfer-Encoding": "chunked",
        "Vary": [
          "Accept-Encoding",
          "Accept-Encoding"
        ],
        "x-aml-cluster": "vienna-eastus2-02",
        "X-Content-Type-Options": "nosniff",
        "x-ms-correlation-request-id": "736ba553-45f4-4c20-b3a1-15111e0c6118",
        "x-ms-ratelimit-remaining-subscription-reads": "11982",
        "x-ms-response-type": "standard",
        "x-ms-routing-request-id": "WESTUS2:20230223T183104Z:736ba553-45f4-4c20-b3a1-15111e0c6118",
        "x-request-time": "1.104"
      },
      "ResponseBody": {
        "id": "/subscriptions/00000000-0000-0000-0000-000000000/resourceGroups/00000/providers/Microsoft.MachineLearningServices/workspaces/00000/batchEndpoints/batch-ept-eca30cc225264d9/deployments/batch-dpm-e26299c498e44be",
        "name": "batch-dpm-e26299c498e44be",
        "type": "Microsoft.MachineLearningServices/workspaces/batchEndpoints/deployments",
        "properties": {
          "description": null,
          "properties": {
            "azureml.onlineendpointid": "/subscriptions/00000000-0000-0000-0000-000000000/resourcegroups/00000/providers/microsoft.machinelearningservices/workspaces/00000/onlineendpoints/batch-ept-eca30cc225264d9",
            "AzureAsyncOperationUri": "https://management.azure.com/subscriptions/00000000-0000-0000-0000-000000000/providers/Microsoft.MachineLearningServices/locations/eastus2/mfeOperationsStatus/be:2d1e66ae-85e3-42c0-be91-34de66397f26:e457b851-7c06-4750-813a-89734fbfcb6d?api-version=2022-05-01"
          },
          "codeConfiguration": {
            "codeId": "/subscriptions/00000000-0000-0000-0000-000000000/resourceGroups/00000/providers/Microsoft.MachineLearningServices/workspaces/00000/codes/b5de70c2-ecde-405d-85a7-7d66800c8a2d/versions/1",
            "scoringScript": "digit_identification.py"
          },
          "environmentId": "/subscriptions/00000000-0000-0000-0000-000000000/resourceGroups/00000/providers/Microsoft.MachineLearningServices/workspaces/00000/environments/CliV2AnonymousEnvironment/versions/ae6c19664c826bce1a006d64aa3b30c6",
          "environmentVariables": {},
          "compute": "/subscriptions/00000000-0000-0000-0000-000000000/resourceGroups/00000/providers/Microsoft.MachineLearningServices/workspaces/00000/computes/batch-cluster",
          "errorThreshold": -1,
          "retrySettings": {
            "maxRetries": 3,
            "timeout": "PT30S"
          },
          "miniBatchSize": 10,
          "loggingLevel": "Info",
          "model": {
            "referenceType": "Id",
            "assetId": "/subscriptions/00000000-0000-0000-0000-000000000/resourceGroups/00000/providers/Microsoft.MachineLearningServices/workspaces/00000/models/88cf3abcb419bc852f17398005a22790/versions/1"
          },
          "maxConcurrencyPerInstance": 2,
          "outputAction": "AppendRow",
          "outputFileName": "predictions.csv",
          "resources": {
            "instanceCount": 1,
            "instanceType": null,
            "properties": null
          },
          "provisioningState": "Succeeded"
        },
        "systemData": {
          "createdAt": "2023-02-23T18:30:28.2031866\u002B00:00",
          "createdBy": "Diondra Peck",
          "lastModifiedAt": "2023-02-23T18:30:28.2031866\u002B00:00"
        },
        "tags": {},
        "location": "eastus2"
      }
    },
    {
      "RequestUri": "https://management.azure.com/subscriptions/00000000-0000-0000-0000-000000000/resourceGroups/00000/providers/Microsoft.MachineLearningServices/workspaces/00000/batchEndpoints/batch-ept-eca30cc225264d9/deployments?api-version=2022-05-01",
      "RequestMethod": "GET",
      "RequestHeaders": {
        "Accept": "application/json",
        "Accept-Encoding": "gzip, deflate",
        "Connection": "keep-alive",
        "User-Agent": "azure-ai-ml/1.5.0 azsdk-python-mgmt-machinelearningservices/0.1.0 Python/3.7.9 (Windows-10-10.0.22621-SP0)"
      },
      "RequestBody": null,
      "StatusCode": 200,
      "ResponseHeaders": {
        "Cache-Control": "no-cache",
        "Content-Encoding": "gzip",
        "Content-Type": "application/json; charset=utf-8",
        "Date": "Thu, 23 Feb 2023 18:31:04 GMT",
        "Expires": "-1",
        "Pragma": "no-cache",
        "Request-Context": "appId=cid-v1:2d2e8e63-272e-4b3c-8598-4ee570a0e70d",
        "Server-Timing": "traceparent;desc=\u002200-dd7bcc8ad11bcb7eaef6f949ba9b69a5-2270fa6ce8a2233c-01\u0022",
        "Strict-Transport-Security": "max-age=31536000; includeSubDomains",
        "Transfer-Encoding": "chunked",
        "Vary": [
          "Accept-Encoding",
          "Accept-Encoding"
        ],
        "x-aml-cluster": "vienna-eastus2-02",
        "X-Content-Type-Options": "nosniff",
        "x-ms-correlation-request-id": "fd8231b3-46ac-4d72-b1fd-e9cdf15b210c",
        "x-ms-ratelimit-remaining-subscription-reads": "11981",
        "x-ms-response-type": "standard",
        "x-ms-routing-request-id": "WESTUS2:20230223T183105Z:fd8231b3-46ac-4d72-b1fd-e9cdf15b210c",
        "x-request-time": "1.161"
      },
      "ResponseBody": {
        "value": [
          {
            "id": "/subscriptions/00000000-0000-0000-0000-000000000/resourceGroups/00000/providers/Microsoft.MachineLearningServices/workspaces/00000/batchEndpoints/batch-ept-eca30cc225264d9/deployments/batch-dpm-e26299c498e44be",
            "name": "batch-dpm-e26299c498e44be",
            "type": "Microsoft.MachineLearningServices/workspaces/batchEndpoints/deployments",
            "properties": {
              "description": null,
              "properties": {
                "azureml.onlineendpointid": "/subscriptions/00000000-0000-0000-0000-000000000/resourcegroups/00000/providers/microsoft.machinelearningservices/workspaces/00000/onlineendpoints/batch-ept-eca30cc225264d9",
                "AzureAsyncOperationUri": "https://management.azure.com/subscriptions/00000000-0000-0000-0000-000000000/providers/Microsoft.MachineLearningServices/locations/eastus2/mfeOperationsStatus/be:2d1e66ae-85e3-42c0-be91-34de66397f26:e457b851-7c06-4750-813a-89734fbfcb6d?api-version=2022-05-01"
              },
              "codeConfiguration": {
                "codeId": "/subscriptions/00000000-0000-0000-0000-000000000/resourceGroups/00000/providers/Microsoft.MachineLearningServices/workspaces/00000/codes/b5de70c2-ecde-405d-85a7-7d66800c8a2d/versions/1",
                "scoringScript": "digit_identification.py"
              },
              "environmentId": "/subscriptions/00000000-0000-0000-0000-000000000/resourceGroups/00000/providers/Microsoft.MachineLearningServices/workspaces/00000/environments/CliV2AnonymousEnvironment/versions/ae6c19664c826bce1a006d64aa3b30c6",
              "environmentVariables": {},
              "compute": "/subscriptions/00000000-0000-0000-0000-000000000/resourceGroups/00000/providers/Microsoft.MachineLearningServices/workspaces/00000/computes/batch-cluster",
              "errorThreshold": -1,
              "retrySettings": {
                "maxRetries": 3,
                "timeout": "PT30S"
              },
              "miniBatchSize": 10,
              "loggingLevel": "Info",
              "model": {
                "referenceType": "Id",
                "assetId": "/subscriptions/00000000-0000-0000-0000-000000000/resourceGroups/00000/providers/Microsoft.MachineLearningServices/workspaces/00000/models/88cf3abcb419bc852f17398005a22790/versions/1"
              },
              "maxConcurrencyPerInstance": 2,
              "outputAction": "AppendRow",
              "outputFileName": "predictions.csv",
              "resources": {
                "instanceCount": 1,
                "instanceType": null,
                "properties": null
              },
              "provisioningState": "Succeeded"
            },
            "systemData": {
              "createdAt": "2023-02-23T18:30:28.2031866\u002B00:00",
              "createdBy": "Diondra Peck",
              "lastModifiedAt": "2023-02-23T18:30:28.2031866\u002B00:00"
            },
            "tags": {},
            "location": "eastus2"
          }
        ]
      }
    },
    {
      "RequestUri": "https://management.azure.com/subscriptions/00000000-0000-0000-0000-000000000/resourceGroups/00000/providers/Microsoft.MachineLearningServices/workspaces/00000/batchEndpoints/batch-ept-eca30cc225264d9?api-version=2022-05-01",
      "RequestMethod": "GET",
      "RequestHeaders": {
        "Accept": "application/json",
        "Accept-Encoding": "gzip, deflate",
        "Connection": "keep-alive",
        "User-Agent": "azure-ai-ml/1.5.0 azsdk-python-mgmt-machinelearningservices/0.1.0 Python/3.7.9 (Windows-10-10.0.22621-SP0)"
      },
      "RequestBody": null,
      "StatusCode": 200,
      "ResponseHeaders": {
        "Cache-Control": "no-cache",
        "Content-Encoding": "gzip",
        "Content-Type": "application/json; charset=utf-8",
        "Date": "Thu, 23 Feb 2023 18:31:06 GMT",
        "Expires": "-1",
        "Pragma": "no-cache",
        "Request-Context": "appId=cid-v1:2d2e8e63-272e-4b3c-8598-4ee570a0e70d",
        "Server-Timing": "traceparent;desc=\u002200-efcb3dd39f47d1726e668fb9a561c02b-9096429c62f34cc8-01\u0022",
        "Strict-Transport-Security": "max-age=31536000; includeSubDomains",
        "Transfer-Encoding": "chunked",
        "Vary": [
          "Accept-Encoding",
          "Accept-Encoding"
        ],
        "x-aml-cluster": "vienna-eastus2-02",
        "X-Content-Type-Options": "nosniff",
        "x-ms-correlation-request-id": "e5391dc7-02dd-45f0-85fc-6af4ba86d538",
        "x-ms-ratelimit-remaining-subscription-reads": "11980",
        "x-ms-response-type": "standard",
        "x-ms-routing-request-id": "WESTUS2:20230223T183107Z:e5391dc7-02dd-45f0-85fc-6af4ba86d538",
        "x-request-time": "1.148"
      },
      "ResponseBody": {
        "id": "/subscriptions/00000000-0000-0000-0000-000000000/resourceGroups/00000/providers/Microsoft.MachineLearningServices/workspaces/00000/batchEndpoints/batch-ept-eca30cc225264d9",
        "name": "batch-ept-eca30cc225264d9",
        "type": "Microsoft.MachineLearningServices/workspaces/batchEndpoints",
        "properties": {
          "description": "my sample batch endpoint",
          "properties": {
            "p1": "v1",
            "p2": "v2",
            "BatchEndpointCreationApiVersion": "2022-05-01",
            "azureml.onlineendpointid": "/subscriptions/00000000-0000-0000-0000-000000000/resourcegroups/00000/providers/microsoft.machinelearningservices/workspaces/00000/onlineendpoints/batch-ept-eca30cc225264d9",
            "AzureAsyncOperationUri": "https://management.azure.com/subscriptions/00000000-0000-0000-0000-000000000/providers/Microsoft.MachineLearningServices/locations/eastus2/mfeOperationsStatus/be:2d1e66ae-85e3-42c0-be91-34de66397f26:0800fcab-30f6-47ba-bab0-d576f1e14e27?api-version=2022-05-01"
          },
          "scoringUri": "https://batch-ept-eca30cc225264d9.eastus2.inference.ml.azure.com/jobs",
          "swaggerUri": null,
          "authMode": "AADToken",
          "defaults": {
            "deploymentName": null
          },
          "provisioningState": "Succeeded"
        },
        "systemData": {
          "createdAt": "2023-02-23T18:29:35.9362566\u002B00:00",
          "createdBy": "Diondra Peck",
          "lastModifiedAt": "2023-02-23T18:29:46.766546\u002B00:00"
        },
        "tags": {},
        "location": "eastus2",
        "identity": {
          "type": "None",
          "principalId": "0000000-0000-0000-0000-000000000000",
          "tenantId": "00000000-0000-0000-0000-000000000000"
        }
      }
    },
    {
      "RequestUri": "https://batch-ept-eca30cc225264d9.eastus2.inference.ml.azure.com/jobs",
      "RequestMethod": "POST",
      "RequestHeaders": {
        "Accept": "*/*",
        "Accept-Encoding": "gzip, deflate",
        "azureml-model-deployment": "batch-dpm-e26299c498e44be",
        "Connection": "keep-alive",
        "Content-Length": "142",
        "Content-Type": "application/json",
        "User-Agent": "azure-ai-ml/1.5.0 azsdk-python-core/1.26.3 Python/3.7.9 (Windows-10-10.0.22621-SP0)"
      },
      "RequestBody": {
        "properties": {
          "inputData": {
            "input1": {
              "uri": "https://pipelinedata.blob.core.windows.net/sampledata/mnist",
              "jobInputType": "UriFolder"
            }
          }
        }
      },
      "StatusCode": 201,
      "ResponseHeaders": {
        "azureml-model-deployment": "batch-dpm-e26299c498e44be",
        "Content-Length": "2752",
        "Content-Type": "application/json; charset=utf-8",
        "Date": "Thu, 23 Feb 2023 18:31:18 GMT",
        "Location": "https://eastus2.api.azureml.ms/mferp/managementfrontend/subscriptions/00000000-0000-0000-0000-000000000/resourceGroups/00000/providers/Microsoft.MachineLearningServices/workspaces/00000/batchEndpoints/batch-ept-eca30cc225264d9/deployments/batch-dpm-e26299c498e44be?api-version=2020-09-01-dataplanepreview",
        "request-context": "appId=cid-v1:2d2e8e63-272e-4b3c-8598-4ee570a0e70d",
        "Server": "azureml-frontdoor",
        "Server-Timing": "traceparent;desc=\u002200-d05ca46f49652122f9295f91706b33ba-c65448d648066310-00\u0022",
        "Strict-Transport-Security": "max-age=15724800; includeSubDomains; preload",
        "x-aml-cluster": "vienna-eastus2-01",
        "X-Content-Type-Options": [
          "nosniff",
          "nosniff"
        ],
        "x-envoy-upstream-service-time": "2765",
        "x-ms-response-type": "standard",
        "X-Request-ID": "8995aa77-2d39-448f-8258-e36b4f39ace5",
        "x-request-time": "2.758"
      },
      "ResponseBody": {
        "id": "/subscriptions/00000000-0000-0000-0000-000000000/resourceGroups/00000/providers/Microsoft.MachineLearningServices/workspaces/00000/batchEndpoints/batch-ept-eca30cc225264d9/deployments/batch-dpm-e26299c498e44be/jobs/e5aed4e2-7597-44b3-8144-13fd854de4ae",
        "name": "e5aed4e2-7597-44b3-8144-13fd854de4ae",
        "type": "Microsoft.MachineLearningServices/workspaces/batchEndpoints/deployments/jobs",
        "properties": {
          "provisioningState": "Succeeded",
          "inputData": {
            "input1": {
              "description": null,
              "uri": "https://pipelinedata.blob.core.windows.net/sampledata/mnist",
              "mode": "ReadOnlyMount",
              "jobInputType": "UriFolder"
            }
          },
          "miniBatchSize": 10,
          "errorThreshold": -1,
          "compute": {
            "target": "/subscriptions/00000000-0000-0000-0000-000000000/resourceGroups/00000/providers/Microsoft.MachineLearningServices/workspaces/00000/computes/batch-cluster",
            "instanceCount": null,
            "isLocal": false,
            "location": null,
            "instanceType": null,
            "properties": null
          },
          "outputFileName": "predictions.csv",
          "retrySettings": {
            "maxRetries": 3,
            "timeout": "PT30S"
          },
          "status": "Preparing",
          "loggingLevel": "Info",
          "interactionEndpoints": {
            "Tracking": {
              "jobEndpointType": "Tracking",
              "port": null,
              "endpoint": "azureml://eastus2.api.azureml.ms/mlflow/v1.0/subscriptions/00000000-0000-0000-0000-000000000/resourceGroups/00000/providers/Microsoft.MachineLearningServices/workspaces/00000?",
              "properties": null
            },
            "Studio": {
              "jobEndpointType": "Studio",
              "port": null,
              "endpoint": "https://ml.azure.com/runs/e5aed4e2-7597-44b3-8144-13fd854de4ae?wsid=/subscriptions/00000000-0000-0000-0000-000000000/resourcegroups/00000/workspaces/00000",
              "properties": null
            }
          },
          "tags": {
            "azureml.batchrun": "true",
            "azureml.deploymentname": "batch-dpm-e26299c498e44be"
          },
          "properties": {
            "azureml.runsource": "azureml.PipelineRun",
            "runSource": "Unavailable",
            "runType": "HTTP",
            "azureml.parameters": "{\u0022run_max_try\u0022:\u00223\u0022,\u0022run_invocation_timeout\u0022:\u002230\u0022,\u0022mini_batch_size\u0022:\u002210\u0022,\u0022logging_level\u0022:\u0022INFO\u0022,\u0022NodeCount\u0022:\u00221\u0022,\u0022append_row_file_name\u0022:\u0022predictions.csv\u0022}",
            "azureml.continue_on_step_failure": "False",
            "azureml.continue_on_failed_optional_input": "False",
            "azureml.pipelineid": "e4e41730-a78f-4531-b725-b517847e77f1",
            "azureml.pipelineComponent": "pipelinerun"
          },
          "name": "dynamic_kitten_hxdnstm0"
        },
        "systemData": {
          "createdAt": "2023-02-23T18:31:18.4805642\u002B00:00",
          "createdBy": "Diondra Peck",
          "createdByType": "User"
        }
      }
    },
    {
      "RequestUri": "https://management.azure.com/subscriptions/00000000-0000-0000-0000-000000000/resourceGroups/00000/providers/Microsoft.MachineLearningServices/workspaces/00000/batchEndpoints/batch-ept-eca30cc225264d9/deployments?api-version=2022-05-01",
      "RequestMethod": "GET",
      "RequestHeaders": {
        "Accept": "application/json",
        "Accept-Encoding": "gzip, deflate",
        "Connection": "keep-alive",
        "User-Agent": "azure-ai-ml/1.5.0 azsdk-python-mgmt-machinelearningservices/0.1.0 Python/3.7.9 (Windows-10-10.0.22621-SP0)"
      },
      "RequestBody": null,
      "StatusCode": 200,
      "ResponseHeaders": {
        "Cache-Control": "no-cache",
        "Content-Encoding": "gzip",
        "Content-Type": "application/json; charset=utf-8",
        "Date": "Thu, 23 Feb 2023 18:31:19 GMT",
        "Expires": "-1",
        "Pragma": "no-cache",
        "Request-Context": "appId=cid-v1:2d2e8e63-272e-4b3c-8598-4ee570a0e70d",
        "Server-Timing": "traceparent;desc=\u002200-37c92354f6ffd7df37f05cb3f1c34387-d992ee1b8a9608e3-01\u0022",
        "Strict-Transport-Security": "max-age=31536000; includeSubDomains",
        "Transfer-Encoding": "chunked",
        "Vary": [
          "Accept-Encoding",
          "Accept-Encoding"
        ],
        "x-aml-cluster": "vienna-eastus2-02",
        "X-Content-Type-Options": "nosniff",
        "x-ms-correlation-request-id": "84aa1aa0-90e7-4c6a-a109-0d1717d2948c",
        "x-ms-ratelimit-remaining-subscription-reads": "11979",
        "x-ms-response-type": "standard",
        "x-ms-routing-request-id": "WESTUS2:20230223T183119Z:84aa1aa0-90e7-4c6a-a109-0d1717d2948c",
        "x-request-time": "0.518"
      },
      "ResponseBody": {
        "value": [
          {
            "id": "/subscriptions/00000000-0000-0000-0000-000000000/resourceGroups/00000/providers/Microsoft.MachineLearningServices/workspaces/00000/batchEndpoints/batch-ept-eca30cc225264d9/deployments/batch-dpm-e26299c498e44be",
            "name": "batch-dpm-e26299c498e44be",
            "type": "Microsoft.MachineLearningServices/workspaces/batchEndpoints/deployments",
            "properties": {
              "description": null,
              "properties": {
                "azureml.onlineendpointid": "/subscriptions/00000000-0000-0000-0000-000000000/resourcegroups/00000/providers/microsoft.machinelearningservices/workspaces/00000/onlineendpoints/batch-ept-eca30cc225264d9",
                "AzureAsyncOperationUri": "https://management.azure.com/subscriptions/00000000-0000-0000-0000-000000000/providers/Microsoft.MachineLearningServices/locations/eastus2/mfeOperationsStatus/be:2d1e66ae-85e3-42c0-be91-34de66397f26:e457b851-7c06-4750-813a-89734fbfcb6d?api-version=2022-05-01"
              },
              "codeConfiguration": {
                "codeId": "/subscriptions/00000000-0000-0000-0000-000000000/resourceGroups/00000/providers/Microsoft.MachineLearningServices/workspaces/00000/codes/b5de70c2-ecde-405d-85a7-7d66800c8a2d/versions/1",
                "scoringScript": "digit_identification.py"
              },
              "environmentId": "/subscriptions/00000000-0000-0000-0000-000000000/resourceGroups/00000/providers/Microsoft.MachineLearningServices/workspaces/00000/environments/CliV2AnonymousEnvironment/versions/ae6c19664c826bce1a006d64aa3b30c6",
              "environmentVariables": {},
              "compute": "/subscriptions/00000000-0000-0000-0000-000000000/resourceGroups/00000/providers/Microsoft.MachineLearningServices/workspaces/00000/computes/batch-cluster",
              "errorThreshold": -1,
              "retrySettings": {
                "maxRetries": 3,
                "timeout": "PT30S"
              },
              "miniBatchSize": 10,
              "loggingLevel": "Info",
              "model": {
                "referenceType": "Id",
                "assetId": "/subscriptions/00000000-0000-0000-0000-000000000/resourceGroups/00000/providers/Microsoft.MachineLearningServices/workspaces/00000/models/88cf3abcb419bc852f17398005a22790/versions/1"
              },
              "maxConcurrencyPerInstance": 2,
              "outputAction": "AppendRow",
              "outputFileName": "predictions.csv",
              "resources": {
                "instanceCount": 1,
                "instanceType": null,
                "properties": null
              },
              "provisioningState": "Succeeded"
            },
            "systemData": {
              "createdAt": "2023-02-23T18:30:28.2031866\u002B00:00",
              "createdBy": "Diondra Peck",
              "lastModifiedAt": "2023-02-23T18:30:28.2031866\u002B00:00"
            },
            "tags": {},
            "location": "eastus2"
          }
        ]
      }
    },
    {
      "RequestUri": "https://management.azure.com/subscriptions/00000000-0000-0000-0000-000000000/resourceGroups/00000/providers/Microsoft.MachineLearningServices/workspaces/00000/batchEndpoints/batch-ept-eca30cc225264d9?api-version=2022-05-01",
      "RequestMethod": "GET",
      "RequestHeaders": {
        "Accept": "application/json",
        "Accept-Encoding": "gzip, deflate",
        "Connection": "keep-alive",
        "User-Agent": "azure-ai-ml/1.5.0 azsdk-python-mgmt-machinelearningservices/0.1.0 Python/3.7.9 (Windows-10-10.0.22621-SP0)"
      },
      "RequestBody": null,
      "StatusCode": 200,
      "ResponseHeaders": {
        "Cache-Control": "no-cache",
        "Content-Encoding": "gzip",
        "Content-Type": "application/json; charset=utf-8",
        "Date": "Thu, 23 Feb 2023 18:31:20 GMT",
        "Expires": "-1",
        "Pragma": "no-cache",
        "Request-Context": "appId=cid-v1:2d2e8e63-272e-4b3c-8598-4ee570a0e70d",
        "Server-Timing": "traceparent;desc=\u002200-c4026fe522c4e457d018e206719f7cdb-48bf55045b5ddc29-01\u0022",
        "Strict-Transport-Security": "max-age=31536000; includeSubDomains",
        "Transfer-Encoding": "chunked",
        "Vary": [
          "Accept-Encoding",
          "Accept-Encoding"
        ],
        "x-aml-cluster": "vienna-eastus2-02",
        "X-Content-Type-Options": "nosniff",
        "x-ms-correlation-request-id": "0fc0aed1-868f-445d-971c-efd33bc03d9e",
        "x-ms-ratelimit-remaining-subscription-reads": "11978",
        "x-ms-response-type": "standard",
        "x-ms-routing-request-id": "WESTUS2:20230223T183120Z:0fc0aed1-868f-445d-971c-efd33bc03d9e",
        "x-request-time": "0.216"
      },
      "ResponseBody": {
        "id": "/subscriptions/00000000-0000-0000-0000-000000000/resourceGroups/00000/providers/Microsoft.MachineLearningServices/workspaces/00000/batchEndpoints/batch-ept-eca30cc225264d9",
        "name": "batch-ept-eca30cc225264d9",
        "type": "Microsoft.MachineLearningServices/workspaces/batchEndpoints",
        "properties": {
          "description": "my sample batch endpoint",
          "properties": {
            "p1": "v1",
            "p2": "v2",
            "BatchEndpointCreationApiVersion": "2022-05-01",
            "azureml.onlineendpointid": "/subscriptions/00000000-0000-0000-0000-000000000/resourcegroups/00000/providers/microsoft.machinelearningservices/workspaces/00000/onlineendpoints/batch-ept-eca30cc225264d9",
            "AzureAsyncOperationUri": "https://management.azure.com/subscriptions/00000000-0000-0000-0000-000000000/providers/Microsoft.MachineLearningServices/locations/eastus2/mfeOperationsStatus/be:2d1e66ae-85e3-42c0-be91-34de66397f26:0800fcab-30f6-47ba-bab0-d576f1e14e27?api-version=2022-05-01"
          },
          "scoringUri": "https://batch-ept-eca30cc225264d9.eastus2.inference.ml.azure.com/jobs",
          "swaggerUri": null,
          "authMode": "AADToken",
          "defaults": {
            "deploymentName": null
          },
          "provisioningState": "Succeeded"
        },
        "systemData": {
          "createdAt": "2023-02-23T18:29:35.9362566\u002B00:00",
          "createdBy": "Diondra Peck",
          "lastModifiedAt": "2023-02-23T18:29:46.766546\u002B00:00"
        },
        "tags": {},
        "location": "eastus2",
        "identity": {
          "type": "None",
          "principalId": "0000000-0000-0000-0000-000000000000",
          "tenantId": "00000000-0000-0000-0000-000000000000"
        }
      }
    },
    {
      "RequestUri": "https://batch-ept-eca30cc225264d9.eastus2.inference.ml.azure.com/jobs",
      "RequestMethod": "POST",
      "RequestHeaders": {
        "Accept": "*/*",
        "Accept-Encoding": "gzip, deflate",
        "azureml-model-deployment": "batch-dpm-e26299c498e44be",
        "Connection": "keep-alive",
        "Content-Length": "145",
        "Content-Type": "application/json",
        "User-Agent": "azure-ai-ml/1.5.0 azsdk-python-core/1.26.3 Python/3.7.9 (Windows-10-10.0.22621-SP0)"
      },
      "RequestBody": {
        "properties": {
          "inputData": {
            "UriFolder": {
              "uri": "https://pipelinedata.blob.core.windows.net/sampledata/mnist",
              "jobInputType": "UriFolder"
            }
          }
        }
      },
      "StatusCode": 201,
      "ResponseHeaders": {
        "azureml-model-deployment": "batch-dpm-e26299c498e44be",
        "Content-Length": "2753",
        "Content-Type": "application/json; charset=utf-8",
        "Date": "Thu, 23 Feb 2023 18:31:25 GMT",
        "Location": "https://eastus2.api.azureml.ms/mferp/managementfrontend/subscriptions/00000000-0000-0000-0000-000000000/resourceGroups/00000/providers/Microsoft.MachineLearningServices/workspaces/00000/batchEndpoints/batch-ept-eca30cc225264d9/deployments/batch-dpm-e26299c498e44be?api-version=2020-09-01-dataplanepreview",
        "request-context": "appId=cid-v1:2d2e8e63-272e-4b3c-8598-4ee570a0e70d",
        "Server": "azureml-frontdoor",
        "Server-Timing": "traceparent;desc=\u002200-ed054c05dbe0463f86fbfa85c5d74ffb-7dd09bc9d1d1767d-00\u0022",
        "Strict-Transport-Security": "max-age=15724800; includeSubDomains; preload",
        "x-aml-cluster": "vienna-eastus2-01",
        "X-Content-Type-Options": [
          "nosniff",
          "nosniff"
        ],
        "x-envoy-upstream-service-time": "927",
        "x-ms-response-type": "standard",
        "X-Request-ID": "6d16b8cd-bc67-46c3-9c53-7f35534adf2c",
        "x-request-time": "0.927"
      },
      "ResponseBody": {
        "id": "/subscriptions/00000000-0000-0000-0000-000000000/resourceGroups/00000/providers/Microsoft.MachineLearningServices/workspaces/00000/batchEndpoints/batch-ept-eca30cc225264d9/deployments/batch-dpm-e26299c498e44be/jobs/ef4d2930-b5b3-4fa2-bba3-2b9a69c2dd03",
        "name": "ef4d2930-b5b3-4fa2-bba3-2b9a69c2dd03",
        "type": "Microsoft.MachineLearningServices/workspaces/batchEndpoints/deployments/jobs",
        "properties": {
          "provisioningState": "Succeeded",
          "inputData": {
            "UriFolder": {
              "description": null,
              "uri": "https://pipelinedata.blob.core.windows.net/sampledata/mnist",
              "mode": "ReadOnlyMount",
              "jobInputType": "UriFolder"
            }
          },
          "miniBatchSize": 10,
          "errorThreshold": -1,
          "compute": {
            "target": "/subscriptions/00000000-0000-0000-0000-000000000/resourceGroups/00000/providers/Microsoft.MachineLearningServices/workspaces/00000/computes/batch-cluster",
            "instanceCount": null,
            "isLocal": false,
            "location": null,
            "instanceType": null,
            "properties": null
          },
          "outputFileName": "predictions.csv",
          "retrySettings": {
            "maxRetries": 3,
            "timeout": "PT30S"
          },
          "status": "Preparing",
          "loggingLevel": "Info",
          "interactionEndpoints": {
            "Tracking": {
              "jobEndpointType": "Tracking",
              "port": null,
              "endpoint": "azureml://eastus2.api.azureml.ms/mlflow/v1.0/subscriptions/00000000-0000-0000-0000-000000000/resourceGroups/00000/providers/Microsoft.MachineLearningServices/workspaces/00000?",
              "properties": null
            },
            "Studio": {
              "jobEndpointType": "Studio",
              "port": null,
              "endpoint": "https://ml.azure.com/runs/ef4d2930-b5b3-4fa2-bba3-2b9a69c2dd03?wsid=/subscriptions/00000000-0000-0000-0000-000000000/resourcegroups/00000/workspaces/00000",
              "properties": null
            }
          },
          "tags": {
            "azureml.batchrun": "true",
            "azureml.deploymentname": "batch-dpm-e26299c498e44be"
          },
          "properties": {
            "azureml.runsource": "azureml.PipelineRun",
            "runSource": "Unavailable",
            "runType": "HTTP",
            "azureml.parameters": "{\u0022run_max_try\u0022:\u00223\u0022,\u0022run_invocation_timeout\u0022:\u002230\u0022,\u0022mini_batch_size\u0022:\u002210\u0022,\u0022logging_level\u0022:\u0022INFO\u0022,\u0022NodeCount\u0022:\u00221\u0022,\u0022append_row_file_name\u0022:\u0022predictions.csv\u0022}",
            "azureml.continue_on_step_failure": "False",
            "azureml.continue_on_failed_optional_input": "False",
            "azureml.pipelineid": "e4e41730-a78f-4531-b725-b517847e77f1",
            "azureml.pipelineComponent": "pipelinerun"
          },
          "name": "purple_train_7866l9pf"
        },
        "systemData": {
          "createdAt": "2023-02-23T18:31:25.3608978\u002B00:00",
          "createdBy": "Diondra Peck",
          "createdByType": "User"
        }
      }
    }
  ],
  "Variables": {
    "deployment_name": "batch-dpm-e26299c498e44be",
    "endpoint_name": "batch-ept-eca30cc225264d9"
  }
}
