{
  "Entries": [
    {
      "RequestUri": "https://management.azure.com/subscriptions/00000000-0000-0000-0000-000000000/resourceGroups/00000/providers/Microsoft.MachineLearningServices/workspaces/00000?api-version=2022-10-01-preview",
      "RequestMethod": "GET",
      "RequestHeaders": {
        "Accept": "application/json",
        "Accept-Encoding": "gzip, deflate",
        "Connection": "keep-alive",
        "User-Agent": "azure-ai-ml/1.4.0 azsdk-python-mgmt-machinelearningservices/0.1.0 Python/3.7.9 (Windows-10-10.0.22621-SP0)"
      },
      "RequestBody": null,
      "StatusCode": 200,
      "ResponseHeaders": {
        "Cache-Control": "no-cache",
        "Content-Encoding": "gzip",
        "Content-Type": "application/json; charset=utf-8",
        "Date": "Fri, 13 Jan 2023 01:02:01 GMT",
        "Expires": "-1",
        "Pragma": "no-cache",
        "Request-Context": "appId=cid-v1:2d2e8e63-272e-4b3c-8598-4ee570a0e70d",
        "Server-Timing": "traceparent;desc=\u002200-054f54c4ef42409a8c89dcec1b4bddd4-b63f27afa10a4144-00\u0022",
        "Strict-Transport-Security": "max-age=31536000; includeSubDomains",
        "Transfer-Encoding": "chunked",
        "Vary": [
          "Accept-Encoding",
          "Accept-Encoding"
        ],
        "x-aml-cluster": "vienna-eastus2-02",
        "X-Content-Type-Options": "nosniff",
        "x-ms-correlation-request-id": "3af72879-9340-491d-8c8d-8e9421c5b2cb",
        "x-ms-ratelimit-remaining-subscription-reads": "11995",
        "x-ms-response-type": "standard",
        "x-ms-routing-request-id": "WESTUS:20230113T010201Z:3af72879-9340-491d-8c8d-8e9421c5b2cb",
        "x-request-time": "0.057"
      },
      "ResponseBody": {
        "id": "/subscriptions/00000000-0000-0000-0000-000000000/resourceGroups/00000/providers/Microsoft.MachineLearningServices/workspaces/00000",
        "name": "00000",
        "type": "Microsoft.MachineLearningServices/workspaces",
        "location": "eastus2",
        "tags": {},
        "etag": null,
        "properties": {
          "friendlyName": "00000",
          "description": "",
          "storageAccount": "/subscriptions/00000000-0000-0000-0000-000000000/resourceGroups/00000/providers/Microsoft.Storage/storageAccounts/sano4nluz7tny6e",
          "keyVault": "/subscriptions/00000000-0000-0000-0000-000000000/resourceGroups/00000/providers/Microsoft.Keyvault/vaults/kvtestg4pvkwb5ugzdu",
          "applicationInsights": "/subscriptions/00000000-0000-0000-0000-000000000/resourceGroups/00000/providers/Microsoft.insights/components/aino4nluz7tny6e",
          "hbiWorkspace": false,
          "tenantId": "72f988bf-86f1-41af-91ab-2d7cd011db47",
          "imageBuildCompute": null,
          "provisioningState": "Succeeded",
          "v1LegacyMode": false,
          "softDeleteEnabled": false,
          "containerRegistry": "/subscriptions/00000000-0000-0000-0000-000000000/resourceGroups/00000/providers/Microsoft.ContainerRegistry/registries/crno4nluz7tny6e",
          "notebookInfo": {
            "resourceId": "91eece339fe8458b972c06afa45ed5c3",
            "fqdn": "ml-sdkvnextcli-eastus2-ee8c8c7b-8359-4874-b140-2a13f80fdccd.eastus2.notebooks.azure.net",
            "isPrivateLinkEnabled": false,
            "notebookPreparationError": null
          },
          "storageHnsEnabled": false,
          "workspaceId": "ee8c8c7b-8359-4874-b140-2a13f80fdccd",
          "linkedModelInventoryArmId": null,
          "privateLinkCount": 0,
          "publicNetworkAccess": "Enabled",
          "discoveryUrl": "https://eastus2.api.azureml.ms/discovery",
          "mlFlowTrackingUri": "azureml://eastus2.api.azureml.ms/mlflow/v1.0/subscriptions/00000000-0000-0000-0000-000000000/resourceGroups/00000/providers/Microsoft.MachineLearningServices/workspaces/00000",
          "sdkTelemetryAppInsightsKey": "e1f7b545-6243-4abf-ba76-c5691d2edb62",
          "sasGetterUri": ""
        },
        "identity": {
          "type": "SystemAssigned",
          "principalId": "cb26b995-24b2-471e-9912-81805f881bd2",
          "tenantId": "72f988bf-86f1-41af-91ab-2d7cd011db47"
        },
        "sku": {
          "name": "Basic",
          "tier": "Basic"
        },
        "systemData": {
          "createdAt": "2022-09-20T06:30:21.9315063Z",
          "createdBy": "namejia@microsoft.com",
          "createdByType": "User",
          "lastModifiedAt": "2022-09-20T06:30:21.9315063Z",
          "lastModifiedBy": "namejia@microsoft.com",
          "lastModifiedByType": "User"
        }
      }
    },
    {
      "RequestUri": "https://management.azure.com/subscriptions/00000000-0000-0000-0000-000000000/resourceGroups/00000/providers/Microsoft.MachineLearningServices/workspaces/00000/batchEndpoints/batch-ept-34a74ac37d68427?api-version=2022-05-01",
      "RequestMethod": "PUT",
      "RequestHeaders": {
        "Accept": "application/json",
        "Accept-Encoding": "gzip, deflate",
        "Connection": "keep-alive",
        "Content-Length": "158",
        "Content-Type": "application/json",
        "User-Agent": "azure-ai-ml/1.4.0 azsdk-python-mgmt-machinelearningservices/0.1.0 Python/3.7.9 (Windows-10-10.0.22621-SP0)"
      },
      "RequestBody": {
        "tags": {},
        "location": "eastus2",
        "properties": {
          "authMode": "aadToken",
          "description": "my sample batch endpoint",
          "properties": {
            "p1": "v1",
            "p2": "v2"
          }
        }
      },
      "StatusCode": 201,
      "ResponseHeaders": {
        "Azure-AsyncOperation": "https://management.azure.com/subscriptions/00000000-0000-0000-0000-000000000/providers/Microsoft.MachineLearningServices/locations/eastus2/mfeOperationsStatus/be:ee8c8c7b-8359-4874-b140-2a13f80fdccd:db64392b-9e52-4ecb-b608-eb930f37dc72?api-version=2022-05-01",
        "Cache-Control": "no-cache",
        "Content-Length": "1520",
        "Content-Type": "application/json; charset=utf-8",
        "Date": "Fri, 13 Jan 2023 01:02:07 GMT",
        "Expires": "-1",
        "Location": "https://management.azure.com/subscriptions/00000000-0000-0000-0000-000000000/resourceGroups/00000/providers/Microsoft.MachineLearningServices/workspaces/00000/batchEndpoints/batch-ept-34a74ac37d68427?api-version=2022-05-01",
        "Pragma": "no-cache",
        "Request-Context": "appId=cid-v1:2d2e8e63-272e-4b3c-8598-4ee570a0e70d",
        "Server-Timing": "traceparent;desc=\u002200-ee771300b9fac61c5d8aadd46bcfe7fb-a7ad259188c40a4d-00\u0022",
        "Strict-Transport-Security": "max-age=31536000; includeSubDomains",
        "x-aml-cluster": "vienna-eastus2-02",
        "X-Content-Type-Options": "nosniff",
        "x-ms-async-operation-timeout": "PT30M",
        "x-ms-correlation-request-id": "6eabc368-9d90-44c3-8b44-725f8b8397b0",
        "x-ms-ratelimit-remaining-subscription-writes": "1193",
        "x-ms-response-type": "standard",
        "x-ms-routing-request-id": "WESTUS:20230113T010207Z:6eabc368-9d90-44c3-8b44-725f8b8397b0",
        "x-request-time": "2.148"
      },
      "ResponseBody": {
        "id": "/subscriptions/00000000-0000-0000-0000-000000000/resourceGroups/00000/providers/Microsoft.MachineLearningServices/workspaces/00000/batchEndpoints/batch-ept-34a74ac37d68427",
        "name": "batch-ept-34a74ac37d68427",
        "type": "Microsoft.MachineLearningServices/workspaces/batchEndpoints",
        "properties": {
          "description": "my sample batch endpoint",
          "properties": {
            "p1": "v1",
            "p2": "v2",
            "BatchEndpointCreationApiVersion": "2022-05-01",
            "azureml.onlineendpointid": "/subscriptions/00000000-0000-0000-0000-000000000/resourcegroups/00000/providers/microsoft.machinelearningservices/workspaces/00000/onlineendpoints/batch-ept-34a74ac37d68427",
            "AzureAsyncOperationUri": "https://management.azure.com/subscriptions/00000000-0000-0000-0000-000000000/providers/Microsoft.MachineLearningServices/locations/eastus2/mfeOperationsStatus/be:ee8c8c7b-8359-4874-b140-2a13f80fdccd:db64392b-9e52-4ecb-b608-eb930f37dc72?api-version=2022-05-01"
          },
          "scoringUri": null,
          "swaggerUri": null,
          "authMode": "AADToken",
          "defaults": {
            "deploymentName": null
          },
          "provisioningState": "Creating"
        },
        "systemData": {
          "createdAt": "2023-01-13T01:02:06.842026\u002B00:00",
          "createdBy": "Nancy Mejia Juarez",
          "lastModifiedAt": "2023-01-13T01:02:06.842026\u002B00:00"
        },
        "tags": {},
        "location": "eastus2",
        "identity": {
          "type": "None",
          "principalId": "00000000-0000-0000-0000-000000000000",
          "tenantId": "00000000-0000-0000-0000-000000000000"
        }
      }
    },
    {
      "RequestUri": "https://management.azure.com/subscriptions/00000000-0000-0000-0000-000000000/providers/Microsoft.MachineLearningServices/locations/eastus2/mfeOperationsStatus/be:ee8c8c7b-8359-4874-b140-2a13f80fdccd:db64392b-9e52-4ecb-b608-eb930f37dc72?api-version=2022-05-01",
      "RequestMethod": "GET",
      "RequestHeaders": {
        "Accept": "*/*",
        "Accept-Encoding": "gzip, deflate",
        "Connection": "keep-alive",
        "User-Agent": "azure-ai-ml/1.4.0 azsdk-python-mgmt-machinelearningservices/0.1.0 Python/3.7.9 (Windows-10-10.0.22621-SP0)"
      },
      "RequestBody": null,
      "StatusCode": 200,
      "ResponseHeaders": {
        "Cache-Control": "no-cache",
        "Content-Encoding": "gzip",
        "Content-Type": "application/json; charset=utf-8",
        "Date": "Fri, 13 Jan 2023 01:02:07 GMT",
        "Expires": "-1",
        "Pragma": "no-cache",
        "Request-Context": "appId=cid-v1:2d2e8e63-272e-4b3c-8598-4ee570a0e70d",
        "Server-Timing": "traceparent;desc=\u002200-b8326b1b7485bd0e94634445881fed41-7d34cf790b8fc1e4-00\u0022",
        "Strict-Transport-Security": "max-age=31536000; includeSubDomains",
        "Transfer-Encoding": "chunked",
        "Vary": [
          "Accept-Encoding",
          "Accept-Encoding"
        ],
        "x-aml-cluster": "vienna-eastus2-01",
        "X-Content-Type-Options": "nosniff",
        "x-ms-correlation-request-id": "d430e8a2-1c51-45d8-bc77-74f509bcc868",
        "x-ms-ratelimit-remaining-subscription-reads": "11994",
        "x-ms-response-type": "standard",
        "x-ms-routing-request-id": "WESTUS:20230113T010207Z:d430e8a2-1c51-45d8-bc77-74f509bcc868",
        "x-request-time": "0.035"
      },
      "ResponseBody": {
        "id": "/subscriptions/00000000-0000-0000-0000-000000000/providers/Microsoft.MachineLearningServices/locations/eastus2/mfeOperationsStatus/be:ee8c8c7b-8359-4874-b140-2a13f80fdccd:db64392b-9e52-4ecb-b608-eb930f37dc72",
        "name": "be:ee8c8c7b-8359-4874-b140-2a13f80fdccd:db64392b-9e52-4ecb-b608-eb930f37dc72",
        "startTime": "2023-01-13T01:02:06.4237259\u002B00:00",
        "percentComplete": 0.0,
        "status": "Updating"
      }
    },
    {
      "RequestUri": "https://management.azure.com/subscriptions/00000000-0000-0000-0000-000000000/providers/Microsoft.MachineLearningServices/locations/eastus2/mfeOperationsStatus/be:ee8c8c7b-8359-4874-b140-2a13f80fdccd:db64392b-9e52-4ecb-b608-eb930f37dc72?api-version=2022-05-01",
      "RequestMethod": "GET",
      "RequestHeaders": {
        "Accept": "*/*",
        "Accept-Encoding": "gzip, deflate",
        "Connection": "keep-alive",
        "User-Agent": "azure-ai-ml/1.4.0 azsdk-python-mgmt-machinelearningservices/0.1.0 Python/3.7.9 (Windows-10-10.0.22621-SP0)"
      },
      "RequestBody": null,
      "StatusCode": 200,
      "ResponseHeaders": {
        "Cache-Control": "no-cache",
        "Content-Encoding": "gzip",
        "Content-Type": "application/json; charset=utf-8",
        "Date": "Fri, 13 Jan 2023 01:02:37 GMT",
        "Expires": "-1",
        "Pragma": "no-cache",
        "Request-Context": "appId=cid-v1:2d2e8e63-272e-4b3c-8598-4ee570a0e70d",
        "Server-Timing": "traceparent;desc=\u002200-6fcbe3df818be26d28299c9006e7693d-9d4f6af7bb9c9540-00\u0022",
        "Strict-Transport-Security": "max-age=31536000; includeSubDomains",
        "Transfer-Encoding": "chunked",
        "Vary": [
          "Accept-Encoding",
          "Accept-Encoding"
        ],
        "x-aml-cluster": "vienna-eastus2-01",
        "X-Content-Type-Options": "nosniff",
        "x-ms-correlation-request-id": "9c67ad5c-52c2-41f2-a533-4160f580daa4",
        "x-ms-ratelimit-remaining-subscription-reads": "11993",
        "x-ms-response-type": "standard",
        "x-ms-routing-request-id": "WESTUS:20230113T010238Z:9c67ad5c-52c2-41f2-a533-4160f580daa4",
        "x-request-time": "0.052"
      },
      "ResponseBody": {
        "id": "/subscriptions/00000000-0000-0000-0000-000000000/providers/Microsoft.MachineLearningServices/locations/eastus2/mfeOperationsStatus/be:ee8c8c7b-8359-4874-b140-2a13f80fdccd:db64392b-9e52-4ecb-b608-eb930f37dc72",
        "name": "be:ee8c8c7b-8359-4874-b140-2a13f80fdccd:db64392b-9e52-4ecb-b608-eb930f37dc72",
        "startTime": "2023-01-13T01:02:06.4237259\u002B00:00",
        "endTime": "2023-01-13T01:02:17.5019288\u002B00:00",
        "percentComplete": 100.0,
        "status": "Succeeded"
      }
    },
    {
      "RequestUri": "https://management.azure.com/subscriptions/00000000-0000-0000-0000-000000000/resourceGroups/00000/providers/Microsoft.MachineLearningServices/workspaces/00000/batchEndpoints/batch-ept-34a74ac37d68427?api-version=2022-05-01",
      "RequestMethod": "GET",
      "RequestHeaders": {
        "Accept": "*/*",
        "Accept-Encoding": "gzip, deflate",
        "Connection": "keep-alive",
        "User-Agent": "azure-ai-ml/1.4.0 azsdk-python-mgmt-machinelearningservices/0.1.0 Python/3.7.9 (Windows-10-10.0.22621-SP0)"
      },
      "RequestBody": null,
      "StatusCode": 200,
      "ResponseHeaders": {
        "Cache-Control": "no-cache",
        "Content-Encoding": "gzip",
        "Content-Type": "application/json; charset=utf-8",
        "Date": "Fri, 13 Jan 2023 01:02:38 GMT",
        "Expires": "-1",
        "Pragma": "no-cache",
        "Request-Context": "appId=cid-v1:2d2e8e63-272e-4b3c-8598-4ee570a0e70d",
        "Server-Timing": "traceparent;desc=\u002200-4d321eaa6d159b2c4914eb291d9689db-42ea370a9540744d-00\u0022",
        "Strict-Transport-Security": "max-age=31536000; includeSubDomains",
        "Transfer-Encoding": "chunked",
        "Vary": [
          "Accept-Encoding",
          "Accept-Encoding"
        ],
        "x-aml-cluster": "vienna-eastus2-02",
        "X-Content-Type-Options": "nosniff",
        "x-ms-correlation-request-id": "35161c3d-3dd4-4cc5-b2b3-00406aaab51a",
        "x-ms-ratelimit-remaining-subscription-reads": "11992",
        "x-ms-response-type": "standard",
        "x-ms-routing-request-id": "WESTUS:20230113T010238Z:35161c3d-3dd4-4cc5-b2b3-00406aaab51a",
        "x-request-time": "0.118"
      },
      "ResponseBody": {
        "id": "/subscriptions/00000000-0000-0000-0000-000000000/resourceGroups/00000/providers/Microsoft.MachineLearningServices/workspaces/00000/batchEndpoints/batch-ept-34a74ac37d68427",
        "name": "batch-ept-34a74ac37d68427",
        "type": "Microsoft.MachineLearningServices/workspaces/batchEndpoints",
        "properties": {
          "description": "my sample batch endpoint",
          "properties": {
            "p1": "v1",
            "p2": "v2",
            "BatchEndpointCreationApiVersion": "2022-05-01",
            "azureml.onlineendpointid": "/subscriptions/00000000-0000-0000-0000-000000000/resourcegroups/00000/providers/microsoft.machinelearningservices/workspaces/00000/onlineendpoints/batch-ept-34a74ac37d68427",
            "AzureAsyncOperationUri": "https://management.azure.com/subscriptions/00000000-0000-0000-0000-000000000/providers/Microsoft.MachineLearningServices/locations/eastus2/mfeOperationsStatus/be:ee8c8c7b-8359-4874-b140-2a13f80fdccd:db64392b-9e52-4ecb-b608-eb930f37dc72?api-version=2022-05-01"
          },
          "scoringUri": "https://batch-ept-34a74ac37d68427.eastus2.inference.ml.azure.com/jobs",
          "swaggerUri": null,
          "authMode": "AADToken",
          "defaults": {
            "deploymentName": null
          },
          "provisioningState": "Succeeded"
        },
        "systemData": {
          "createdAt": "2023-01-13T01:02:06.842026\u002B00:00",
          "createdBy": "Nancy Mejia Juarez",
          "lastModifiedAt": "2023-01-13T01:02:17.6080011\u002B00:00"
        },
        "tags": {},
        "location": "eastus2",
        "identity": {
          "type": "None",
          "principalId": "00000000-0000-0000-0000-000000000000",
          "tenantId": "00000000-0000-0000-0000-000000000000"
        }
      }
    },
    {
      "RequestUri": "https://management.azure.com/subscriptions/00000000-0000-0000-0000-000000000/resourceGroups/00000/providers/Microsoft.MachineLearningServices/workspaces/00000/batchEndpoints/batch-ept-34a74ac37d68427?api-version=2022-05-01",
      "RequestMethod": "GET",
      "RequestHeaders": {
        "Accept": "application/json",
        "Accept-Encoding": "gzip, deflate",
        "Connection": "keep-alive",
        "User-Agent": "azure-ai-ml/1.4.0 azsdk-python-mgmt-machinelearningservices/0.1.0 Python/3.7.9 (Windows-10-10.0.22621-SP0)"
      },
      "RequestBody": null,
      "StatusCode": 200,
      "ResponseHeaders": {
        "Cache-Control": "no-cache",
        "Content-Encoding": "gzip",
        "Content-Type": "application/json; charset=utf-8",
        "Date": "Fri, 13 Jan 2023 01:02:38 GMT",
        "Expires": "-1",
        "Pragma": "no-cache",
        "Request-Context": "appId=cid-v1:2d2e8e63-272e-4b3c-8598-4ee570a0e70d",
        "Server-Timing": "traceparent;desc=\u002200-7c239525d1a60c40743cf292b46e8d31-f7e6395e652739f3-00\u0022",
        "Strict-Transport-Security": "max-age=31536000; includeSubDomains",
        "Transfer-Encoding": "chunked",
        "Vary": [
          "Accept-Encoding",
          "Accept-Encoding"
        ],
        "x-aml-cluster": "vienna-eastus2-02",
        "X-Content-Type-Options": "nosniff",
        "x-ms-correlation-request-id": "588c6734-9486-4562-9c3d-61f8a221a513",
        "x-ms-ratelimit-remaining-subscription-reads": "11991",
        "x-ms-response-type": "standard",
        "x-ms-routing-request-id": "WESTUS:20230113T010238Z:588c6734-9486-4562-9c3d-61f8a221a513",
        "x-request-time": "0.115"
      },
      "ResponseBody": {
        "id": "/subscriptions/00000000-0000-0000-0000-000000000/resourceGroups/00000/providers/Microsoft.MachineLearningServices/workspaces/00000/batchEndpoints/batch-ept-34a74ac37d68427",
        "name": "batch-ept-34a74ac37d68427",
        "type": "Microsoft.MachineLearningServices/workspaces/batchEndpoints",
        "properties": {
          "description": "my sample batch endpoint",
          "properties": {
            "p1": "v1",
            "p2": "v2",
            "BatchEndpointCreationApiVersion": "2022-05-01",
            "azureml.onlineendpointid": "/subscriptions/00000000-0000-0000-0000-000000000/resourcegroups/00000/providers/microsoft.machinelearningservices/workspaces/00000/onlineendpoints/batch-ept-34a74ac37d68427",
            "AzureAsyncOperationUri": "https://management.azure.com/subscriptions/00000000-0000-0000-0000-000000000/providers/Microsoft.MachineLearningServices/locations/eastus2/mfeOperationsStatus/be:ee8c8c7b-8359-4874-b140-2a13f80fdccd:db64392b-9e52-4ecb-b608-eb930f37dc72?api-version=2022-05-01"
          },
          "scoringUri": "https://batch-ept-34a74ac37d68427.eastus2.inference.ml.azure.com/jobs",
          "swaggerUri": null,
          "authMode": "AADToken",
          "defaults": {
            "deploymentName": null
          },
          "provisioningState": "Succeeded"
        },
        "systemData": {
          "createdAt": "2023-01-13T01:02:06.842026\u002B00:00",
          "createdBy": "Nancy Mejia Juarez",
          "lastModifiedAt": "2023-01-13T01:02:17.6080011\u002B00:00"
        },
        "tags": {},
        "location": "eastus2",
        "identity": {
          "type": "None",
          "principalId": "00000000-0000-0000-0000-000000000000",
          "tenantId": "00000000-0000-0000-0000-000000000000"
        }
      }
    },
    {
      "RequestUri": "https://management.azure.com/subscriptions/00000000-0000-0000-0000-000000000/resourceGroups/00000/providers/Microsoft.MachineLearningServices/workspaces/00000/datastores/workspaceblobstore?api-version=2022-10-01",
      "RequestMethod": "GET",
      "RequestHeaders": {
        "Accept": "application/json",
        "Accept-Encoding": "gzip, deflate",
        "Connection": "keep-alive",
        "User-Agent": "azure-ai-ml/1.4.0 azsdk-python-mgmt-machinelearningservices/0.1.0 Python/3.7.9 (Windows-10-10.0.22621-SP0)"
      },
      "RequestBody": null,
      "StatusCode": 200,
      "ResponseHeaders": {
        "Cache-Control": "no-cache",
        "Content-Encoding": "gzip",
        "Content-Type": "application/json; charset=utf-8",
        "Date": "Fri, 13 Jan 2023 01:02:41 GMT",
        "Expires": "-1",
        "Pragma": "no-cache",
        "Request-Context": "appId=cid-v1:2d2e8e63-272e-4b3c-8598-4ee570a0e70d",
        "Server-Timing": "traceparent;desc=\u002200-d29b8baae3841d1fd81ffbaf4c519f58-fa61bbf7ef2b8573-00\u0022",
        "Strict-Transport-Security": "max-age=31536000; includeSubDomains",
        "Transfer-Encoding": "chunked",
        "Vary": [
          "Accept-Encoding",
          "Accept-Encoding"
        ],
        "x-aml-cluster": "vienna-eastus2-02",
        "X-Content-Type-Options": "nosniff",
        "x-ms-correlation-request-id": "91fae8ae-b9d2-4da3-b081-365a20f53416",
        "x-ms-ratelimit-remaining-subscription-reads": "11990",
        "x-ms-response-type": "standard",
        "x-ms-routing-request-id": "WESTUS:20230113T010241Z:91fae8ae-b9d2-4da3-b081-365a20f53416",
        "x-request-time": "0.084"
      },
      "ResponseBody": {
        "id": "/subscriptions/00000000-0000-0000-0000-000000000/resourceGroups/00000/providers/Microsoft.MachineLearningServices/workspaces/00000/datastores/workspaceblobstore",
        "name": "workspaceblobstore",
        "type": "Microsoft.MachineLearningServices/workspaces/datastores",
        "properties": {
          "description": null,
          "tags": null,
          "properties": null,
          "isDefault": true,
          "credentials": {
            "credentialsType": "AccountKey"
          },
          "datastoreType": "AzureBlob",
          "accountName": "sano4nluz7tny6e",
          "containerName": "azureml-blobstore-ee8c8c7b-8359-4874-b140-2a13f80fdccd",
          "endpoint": "core.windows.net",
          "protocol": "https",
          "serviceDataAccessAuthIdentity": "WorkspaceSystemAssignedIdentity"
        },
        "systemData": {
          "createdAt": "2022-09-20T06:30:35.010066\u002B00:00",
          "createdBy": "779301c0-18b2-4cdc-801b-a0a3368fee0a",
          "createdByType": "Application",
          "lastModifiedAt": "2022-09-20T06:30:35.6763178\u002B00:00",
          "lastModifiedBy": "779301c0-18b2-4cdc-801b-a0a3368fee0a",
          "lastModifiedByType": "Application"
        }
      }
    },
    {
      "RequestUri": "https://management.azure.com/subscriptions/00000000-0000-0000-0000-000000000/resourceGroups/00000/providers/Microsoft.MachineLearningServices/workspaces/00000/datastores/workspaceblobstore/listSecrets?api-version=2022-10-01",
      "RequestMethod": "POST",
      "RequestHeaders": {
        "Accept": "application/json",
        "Accept-Encoding": "gzip, deflate",
        "Connection": "keep-alive",
        "Content-Length": "0",
        "User-Agent": "azure-ai-ml/1.4.0 azsdk-python-mgmt-machinelearningservices/0.1.0 Python/3.7.9 (Windows-10-10.0.22621-SP0)"
      },
      "RequestBody": null,
      "StatusCode": 200,
      "ResponseHeaders": {
        "Cache-Control": "no-cache",
        "Content-Encoding": "gzip",
        "Content-Type": "application/json; charset=utf-8",
        "Date": "Fri, 13 Jan 2023 01:02:41 GMT",
        "Expires": "-1",
        "Pragma": "no-cache",
        "Request-Context": "appId=cid-v1:2d2e8e63-272e-4b3c-8598-4ee570a0e70d",
        "Server-Timing": "traceparent;desc=\u002200-93cae399326d0a4991a540310ebe468f-b6d9d0d79cd61579-00\u0022",
        "Strict-Transport-Security": "max-age=31536000; includeSubDomains",
        "Transfer-Encoding": "chunked",
        "Vary": "Accept-Encoding",
        "x-aml-cluster": "vienna-eastus2-02",
        "X-Content-Type-Options": "nosniff",
        "x-ms-correlation-request-id": "854672f0-5eec-406f-b474-c961d65efa4a",
        "x-ms-ratelimit-remaining-subscription-writes": "1196",
        "x-ms-response-type": "standard",
        "x-ms-routing-request-id": "WESTUS:20230113T010242Z:854672f0-5eec-406f-b474-c961d65efa4a",
        "x-request-time": "0.320"
      },
      "ResponseBody": {
        "secretsType": "AccountKey",
        "key": "dGhpcyBpcyBmYWtlIGtleQ=="
      }
    },
    {
      "RequestUri": "https://sano4nluz7tny6e.blob.core.windows.net/azureml-blobstore-ee8c8c7b-8359-4874-b140-2a13f80fdccd/LocalUpload/00000000000000000000000000000000/code/digit_identification.py",
      "RequestMethod": "HEAD",
      "RequestHeaders": {
        "Accept": "application/xml",
        "Accept-Encoding": "gzip, deflate",
        "Connection": "keep-alive",
        "User-Agent": "azsdk-python-storage-blob/12.13.1 Python/3.7.9 (Windows-10-10.0.22621-SP0)",
        "x-ms-date": "Fri, 13 Jan 2023 01:02:42 GMT",
        "x-ms-version": "2021-08-06"
      },
      "RequestBody": null,
      "StatusCode": 200,
      "ResponseHeaders": {
        "Accept-Ranges": "bytes",
        "Content-Length": "1550",
        "Content-MD5": "D2HvAX\u002BXc2Qs28EvM6vzaA==",
        "Content-Type": "application/octet-stream",
        "Date": "Fri, 13 Jan 2023 01:02:42 GMT",
        "ETag": "\u00220x8DAA61CAC175AF0\u0022",
        "Last-Modified": "Tue, 04 Oct 2022 15:25:30 GMT",
        "Server": [
          "Windows-Azure-Blob/1.0",
          "Microsoft-HTTPAPI/2.0"
        ],
        "Vary": "Origin",
        "x-ms-access-tier": "Hot",
        "x-ms-access-tier-inferred": "true",
        "x-ms-blob-type": "BlockBlob",
        "x-ms-creation-time": "Tue, 04 Oct 2022 15:25:30 GMT",
        "x-ms-lease-state": "available",
        "x-ms-lease-status": "unlocked",
        "x-ms-meta-name": "909f7bab-03d4-4f9b-a237-ad5891328097",
        "x-ms-meta-upload_status": "completed",
        "x-ms-meta-version": "1",
        "x-ms-server-encrypted": "true",
        "x-ms-version": "2021-08-06"
      },
      "ResponseBody": null
    },
    {
      "RequestUri": "https://sano4nluz7tny6e.blob.core.windows.net/azureml-blobstore-ee8c8c7b-8359-4874-b140-2a13f80fdccd/az-ml-artifacts/00000000000000000000000000000000/code/digit_identification.py",
      "RequestMethod": "HEAD",
      "RequestHeaders": {
        "Accept": "application/xml",
        "Accept-Encoding": "gzip, deflate",
        "Connection": "keep-alive",
        "User-Agent": "azsdk-python-storage-blob/12.13.1 Python/3.7.9 (Windows-10-10.0.22621-SP0)",
        "x-ms-date": "Fri, 13 Jan 2023 01:02:42 GMT",
        "x-ms-version": "2021-08-06"
      },
      "RequestBody": null,
      "StatusCode": 404,
      "ResponseHeaders": {
        "Date": "Fri, 13 Jan 2023 01:02:42 GMT",
        "Server": [
          "Windows-Azure-Blob/1.0",
          "Microsoft-HTTPAPI/2.0"
        ],
        "Transfer-Encoding": "chunked",
        "Vary": "Origin",
        "x-ms-error-code": "BlobNotFound",
        "x-ms-version": "2021-08-06"
      },
      "ResponseBody": null
    },
    {
      "RequestUri": "https://management.azure.com/subscriptions/00000000-0000-0000-0000-000000000/resourceGroups/00000/providers/Microsoft.MachineLearningServices/workspaces/00000/codes/909f7bab-03d4-4f9b-a237-ad5891328097/versions/1?api-version=2022-05-01",
      "RequestMethod": "PUT",
      "RequestHeaders": {
        "Accept": "application/json",
        "Accept-Encoding": "gzip, deflate",
        "Connection": "keep-alive",
        "Content-Length": "293",
        "Content-Type": "application/json",
        "User-Agent": "azure-ai-ml/1.4.0 azsdk-python-mgmt-machinelearningservices/0.1.0 Python/3.7.9 (Windows-10-10.0.22621-SP0)"
      },
      "RequestBody": {
        "properties": {
          "properties": {
            "hash_sha256": "0000000000000",
            "hash_version": "0000000000000"
          },
          "isAnonymous": true,
          "isArchived": false,
          "codeUri": "https://sano4nluz7tny6e.blob.core.windows.net/azureml-blobstore-ee8c8c7b-8359-4874-b140-2a13f80fdccd/LocalUpload/00000000000000000000000000000000/code"
        }
      },
      "StatusCode": 200,
      "ResponseHeaders": {
        "Cache-Control": "no-cache",
        "Content-Encoding": "gzip",
        "Content-Type": "application/json; charset=utf-8",
        "Date": "Fri, 13 Jan 2023 01:02:42 GMT",
        "Expires": "-1",
        "Pragma": "no-cache",
        "Request-Context": "appId=cid-v1:2d2e8e63-272e-4b3c-8598-4ee570a0e70d",
        "Server-Timing": "traceparent;desc=\u002200-82675997d9912da7f3098702ea33bc5b-065e65ba38a35324-00\u0022",
        "Strict-Transport-Security": "max-age=31536000; includeSubDomains",
        "Transfer-Encoding": "chunked",
        "Vary": [
          "Accept-Encoding",
          "Accept-Encoding"
        ],
        "x-aml-cluster": "vienna-eastus2-02",
        "X-Content-Type-Options": "nosniff",
        "x-ms-correlation-request-id": "7c42680e-5de8-4c37-8622-0d4e8d480010",
        "x-ms-ratelimit-remaining-subscription-writes": "1192",
        "x-ms-response-type": "standard",
        "x-ms-routing-request-id": "WESTUS:20230113T010243Z:7c42680e-5de8-4c37-8622-0d4e8d480010",
        "x-request-time": "0.193"
      },
      "ResponseBody": {
        "id": "/subscriptions/00000000-0000-0000-0000-000000000/resourceGroups/00000/providers/Microsoft.MachineLearningServices/workspaces/00000/codes/909f7bab-03d4-4f9b-a237-ad5891328097/versions/1",
        "name": "1",
        "type": "Microsoft.MachineLearningServices/workspaces/codes/versions",
        "properties": {
          "description": null,
          "tags": {},
          "properties": {
            "hash_sha256": "0000000000000",
            "hash_version": "0000000000000"
          },
          "isArchived": false,
          "isAnonymous": false,
          "codeUri": "https://sano4nluz7tny6e.blob.core.windows.net/azureml-blobstore-ee8c8c7b-8359-4874-b140-2a13f80fdccd/LocalUpload/00000000000000000000000000000000/code"
        },
        "systemData": {
          "createdAt": "2022-10-04T15:25:31.1153137\u002B00:00",
          "createdBy": "Nancy Mejia Juarez",
          "createdByType": "User",
          "lastModifiedAt": "2023-01-13T01:02:43.1009285\u002B00:00",
          "lastModifiedBy": "Nancy Mejia Juarez",
          "lastModifiedByType": "User"
        }
      }
    },
    {
      "RequestUri": "https://management.azure.com/subscriptions/00000000-0000-0000-0000-000000000/resourceGroups/00000/providers/Microsoft.MachineLearningServices/workspaces/00000/environments/CliV2AnonymousEnvironment/versions/ae6c19664c826bce1a006d64aa3b30c6?api-version=2022-05-01",
      "RequestMethod": "PUT",
      "RequestHeaders": {
        "Accept": "application/json",
        "Accept-Encoding": "gzip, deflate",
        "Connection": "keep-alive",
        "Content-Length": "313",
        "Content-Type": "application/json",
        "User-Agent": "azure-ai-ml/1.4.0 azsdk-python-mgmt-machinelearningservices/0.1.0 Python/3.7.9 (Windows-10-10.0.22621-SP0)"
      },
      "RequestBody": {
        "properties": {
          "isAnonymous": true,
          "isArchived": false,
          "condaFile": "channels:\n- conda-forge\ndependencies:\n- python=3.8\n- pip\n- pip:\n  - tensorflow\n  - pillow\n  - azureml-core\n  - azureml-dataset-runtime[fuse]\nname: mnist-env\n",
          "image": "mcr.microsoft.com/azureml/openmpi3.1.2-ubuntu18.04:latest"
        }
      },
      "StatusCode": 201,
      "ResponseHeaders": {
        "Cache-Control": "no-cache",
        "Content-Length": "1221",
        "Content-Type": "application/json; charset=utf-8",
        "Date": "Fri, 13 Jan 2023 01:02:43 GMT",
        "Expires": "-1",
        "Location": "https://management.azure.com/subscriptions/00000000-0000-0000-0000-000000000/resourceGroups/00000/providers/Microsoft.MachineLearningServices/workspaces/00000/environments/CliV2AnonymousEnvironment/versions/ae6c19664c826bce1a006d64aa3b30c6?api-version=2022-05-01",
        "Pragma": "no-cache",
        "Request-Context": "appId=cid-v1:2d2e8e63-272e-4b3c-8598-4ee570a0e70d",
        "Server-Timing": "traceparent;desc=\u002200-dc9161307e635f53f706dbf81fb1109e-b63c12f040b0cf69-00\u0022",
        "Strict-Transport-Security": "max-age=31536000; includeSubDomains",
        "x-aml-cluster": "vienna-eastus2-02",
        "X-Content-Type-Options": "nosniff",
        "x-ms-correlation-request-id": "fcf43081-f535-43b6-8247-52baf135f2ee",
        "x-ms-ratelimit-remaining-subscription-writes": "1191",
        "x-ms-response-type": "standard",
        "x-ms-routing-request-id": "WESTUS:20230113T010244Z:fcf43081-f535-43b6-8247-52baf135f2ee",
        "x-request-time": "0.774"
      },
      "ResponseBody": {
        "id": "/subscriptions/00000000-0000-0000-0000-000000000/resourceGroups/00000/providers/Microsoft.MachineLearningServices/workspaces/00000/environments/CliV2AnonymousEnvironment/versions/ae6c19664c826bce1a006d64aa3b30c6",
        "name": "ae6c19664c826bce1a006d64aa3b30c6",
        "type": "Microsoft.MachineLearningServices/workspaces/environments/versions",
        "properties": {
          "description": null,
          "tags": {},
          "properties": {},
          "isArchived": false,
          "isAnonymous": true,
          "environmentType": "UserCreated",
          "image": "mcr.microsoft.com/azureml/openmpi3.1.2-ubuntu18.04:latest",
          "condaFile": "{\n  \u0022channels\u0022: [\n    \u0022conda-forge\u0022\n  ],\n  \u0022dependencies\u0022: [\n    \u0022python=3.8\u0022,\n    \u0022pip\u0022,\n    {\n      \u0022pip\u0022: [\n        \u0022tensorflow\u0022,\n        \u0022pillow\u0022,\n        \u0022azureml-core\u0022,\n        \u0022azureml-dataset-runtime[fuse]\u0022\n      ]\n    }\n  ],\n  \u0022name\u0022: \u0022mnist-env\u0022\n}",
          "osType": "Linux"
        },
        "systemData": {
          "createdAt": "2023-01-12T05:47:01.6040998\u002B00:00",
          "createdBy": "Nancy Mejia Juarez",
          "createdByType": "User",
          "lastModifiedAt": "2023-01-12T05:47:01.6040998\u002B00:00",
          "lastModifiedBy": "Nancy Mejia Juarez",
          "lastModifiedByType": "User"
        }
      }
    },
    {
      "RequestUri": "https://management.azure.com/subscriptions/00000000-0000-0000-0000-000000000/resourceGroups/00000/providers/Microsoft.MachineLearningServices/workspaces/00000/datastores/workspaceblobstore?api-version=2022-10-01",
      "RequestMethod": "GET",
      "RequestHeaders": {
        "Accept": "application/json",
        "Accept-Encoding": "gzip, deflate",
        "Connection": "keep-alive",
        "User-Agent": "azure-ai-ml/1.4.0 azsdk-python-mgmt-machinelearningservices/0.1.0 Python/3.7.9 (Windows-10-10.0.22621-SP0)"
      },
      "RequestBody": null,
      "StatusCode": 200,
      "ResponseHeaders": {
        "Cache-Control": "no-cache",
        "Content-Encoding": "gzip",
        "Content-Type": "application/json; charset=utf-8",
        "Date": "Fri, 13 Jan 2023 01:02:44 GMT",
        "Expires": "-1",
        "Pragma": "no-cache",
        "Request-Context": "appId=cid-v1:2d2e8e63-272e-4b3c-8598-4ee570a0e70d",
        "Server-Timing": "traceparent;desc=\u002200-be3b944d288419a96f3e40a8df8cdc5e-fc1e3284ec6b7de1-00\u0022",
        "Strict-Transport-Security": "max-age=31536000; includeSubDomains",
        "Transfer-Encoding": "chunked",
        "Vary": [
          "Accept-Encoding",
          "Accept-Encoding"
        ],
        "x-aml-cluster": "vienna-eastus2-02",
        "X-Content-Type-Options": "nosniff",
        "x-ms-correlation-request-id": "812a7531-afa8-4a61-8580-1cbd3d8f9c4c",
        "x-ms-ratelimit-remaining-subscription-reads": "11989",
        "x-ms-response-type": "standard",
        "x-ms-routing-request-id": "WESTUS:20230113T010244Z:812a7531-afa8-4a61-8580-1cbd3d8f9c4c",
        "x-request-time": "0.108"
      },
      "ResponseBody": {
        "id": "/subscriptions/00000000-0000-0000-0000-000000000/resourceGroups/00000/providers/Microsoft.MachineLearningServices/workspaces/00000/datastores/workspaceblobstore",
        "name": "workspaceblobstore",
        "type": "Microsoft.MachineLearningServices/workspaces/datastores",
        "properties": {
          "description": null,
          "tags": null,
          "properties": null,
          "isDefault": true,
          "credentials": {
            "credentialsType": "AccountKey"
          },
          "datastoreType": "AzureBlob",
          "accountName": "sano4nluz7tny6e",
          "containerName": "azureml-blobstore-ee8c8c7b-8359-4874-b140-2a13f80fdccd",
          "endpoint": "core.windows.net",
          "protocol": "https",
          "serviceDataAccessAuthIdentity": "WorkspaceSystemAssignedIdentity"
        },
        "systemData": {
          "createdAt": "2022-09-20T06:30:35.010066\u002B00:00",
          "createdBy": "779301c0-18b2-4cdc-801b-a0a3368fee0a",
          "createdByType": "Application",
          "lastModifiedAt": "2022-09-20T06:30:35.6763178\u002B00:00",
          "lastModifiedBy": "779301c0-18b2-4cdc-801b-a0a3368fee0a",
          "lastModifiedByType": "Application"
        }
      }
    },
    {
      "RequestUri": "https://management.azure.com/subscriptions/00000000-0000-0000-0000-000000000/resourceGroups/00000/providers/Microsoft.MachineLearningServices/workspaces/00000/datastores/workspaceblobstore/listSecrets?api-version=2022-10-01",
      "RequestMethod": "POST",
      "RequestHeaders": {
        "Accept": "application/json",
        "Accept-Encoding": "gzip, deflate",
        "Connection": "keep-alive",
        "Content-Length": "0",
        "User-Agent": "azure-ai-ml/1.4.0 azsdk-python-mgmt-machinelearningservices/0.1.0 Python/3.7.9 (Windows-10-10.0.22621-SP0)"
      },
      "RequestBody": null,
      "StatusCode": 200,
      "ResponseHeaders": {
        "Cache-Control": "no-cache",
        "Content-Encoding": "gzip",
        "Content-Type": "application/json; charset=utf-8",
        "Date": "Fri, 13 Jan 2023 01:02:44 GMT",
        "Expires": "-1",
        "Pragma": "no-cache",
        "Request-Context": "appId=cid-v1:2d2e8e63-272e-4b3c-8598-4ee570a0e70d",
        "Server-Timing": "traceparent;desc=\u002200-0e03412d39c195df7f853cb1400937ae-4fd1d0b810a1d725-00\u0022",
        "Strict-Transport-Security": "max-age=31536000; includeSubDomains",
        "Transfer-Encoding": "chunked",
        "Vary": "Accept-Encoding",
        "x-aml-cluster": "vienna-eastus2-02",
        "X-Content-Type-Options": "nosniff",
        "x-ms-correlation-request-id": "cf16b1ab-a038-488c-93bc-40dacf883ca4",
        "x-ms-ratelimit-remaining-subscription-writes": "1195",
        "x-ms-response-type": "standard",
        "x-ms-routing-request-id": "WESTUS:20230113T010245Z:cf16b1ab-a038-488c-93bc-40dacf883ca4",
        "x-request-time": "0.073"
      },
      "ResponseBody": {
        "secretsType": "AccountKey",
        "key": "dGhpcyBpcyBmYWtlIGtleQ=="
      }
    },
    {
      "RequestUri": "https://sano4nluz7tny6e.blob.core.windows.net/azureml-blobstore-ee8c8c7b-8359-4874-b140-2a13f80fdccd/LocalUpload/00000000000000000000000000000000/model/mnist-tf.model.data-00000-of-00001",
      "RequestMethod": "HEAD",
      "RequestHeaders": {
        "Accept": "application/xml",
        "Accept-Encoding": "gzip, deflate",
        "Connection": "keep-alive",
        "User-Agent": "azsdk-python-storage-blob/12.13.1 Python/3.7.9 (Windows-10-10.0.22621-SP0)",
        "x-ms-date": "Fri, 13 Jan 2023 01:02:45 GMT",
        "x-ms-version": "2021-08-06"
      },
      "RequestBody": null,
      "StatusCode": 200,
      "ResponseHeaders": {
        "Accept-Ranges": "bytes",
        "Content-Length": "1066440",
        "Content-MD5": "lMWef\u002Bj0JlJkELbjpzkidg==",
        "Content-Type": "application/octet-stream",
        "Date": "Fri, 13 Jan 2023 01:02:44 GMT",
        "ETag": "\u00220x8DAA61CB5D27FC5\u0022",
        "Last-Modified": "Tue, 04 Oct 2022 15:25:46 GMT",
        "Server": [
          "Windows-Azure-Blob/1.0",
          "Microsoft-HTTPAPI/2.0"
        ],
        "Vary": "Origin",
        "x-ms-access-tier": "Hot",
        "x-ms-access-tier-inferred": "true",
        "x-ms-blob-type": "BlockBlob",
        "x-ms-creation-time": "Tue, 04 Oct 2022 15:25:46 GMT",
        "x-ms-lease-state": "available",
        "x-ms-lease-status": "unlocked",
        "x-ms-meta-name": "88cf3abcb419bc852f17398005a22790",
        "x-ms-meta-upload_status": "completed",
        "x-ms-meta-version": "1",
        "x-ms-server-encrypted": "true",
        "x-ms-version": "2021-08-06"
      },
      "ResponseBody": null
    },
    {
      "RequestUri": "https://sano4nluz7tny6e.blob.core.windows.net/azureml-blobstore-ee8c8c7b-8359-4874-b140-2a13f80fdccd/az-ml-artifacts/00000000000000000000000000000000/model/mnist-tf.model.data-00000-of-00001",
      "RequestMethod": "HEAD",
      "RequestHeaders": {
        "Accept": "application/xml",
        "Accept-Encoding": "gzip, deflate",
        "Connection": "keep-alive",
        "User-Agent": "azsdk-python-storage-blob/12.13.1 Python/3.7.9 (Windows-10-10.0.22621-SP0)",
        "x-ms-date": "Fri, 13 Jan 2023 01:02:45 GMT",
        "x-ms-version": "2021-08-06"
      },
      "RequestBody": null,
      "StatusCode": 404,
      "ResponseHeaders": {
        "Date": "Fri, 13 Jan 2023 01:02:44 GMT",
        "Server": [
          "Windows-Azure-Blob/1.0",
          "Microsoft-HTTPAPI/2.0"
        ],
        "Transfer-Encoding": "chunked",
        "Vary": "Origin",
        "x-ms-error-code": "BlobNotFound",
        "x-ms-version": "2021-08-06"
      },
      "ResponseBody": null
    },
    {
      "RequestUri": "https://management.azure.com/subscriptions/00000000-0000-0000-0000-000000000/resourceGroups/00000/providers/Microsoft.MachineLearningServices/workspaces/00000/models/88cf3abcb419bc852f17398005a22790/versions/1?api-version=2022-05-01",
      "RequestMethod": "PUT",
      "RequestHeaders": {
        "Accept": "application/json",
        "Accept-Encoding": "gzip, deflate",
        "Connection": "keep-alive",
        "Content-Length": "315",
        "Content-Type": "application/json",
        "User-Agent": "azure-ai-ml/1.4.0 azsdk-python-mgmt-machinelearningservices/0.1.0 Python/3.7.9 (Windows-10-10.0.22621-SP0)"
      },
      "RequestBody": {
        "properties": {
          "properties": {},
          "tags": {},
          "isAnonymous": true,
          "isArchived": false,
          "modelType": "custom_model",
          "modelUri": "azureml://subscriptions/00000000-0000-0000-0000-000000000/resourcegroups/00000/workspaces/00000/datastores/workspaceblobstore/paths/LocalUpload/00000000000000000000000000000000/model"
        }
      },
      "StatusCode": 200,
      "ResponseHeaders": {
        "Cache-Control": "no-cache",
        "Content-Encoding": "gzip",
        "Content-Type": "application/json; charset=utf-8",
        "Date": "Fri, 13 Jan 2023 01:02:45 GMT",
        "Expires": "-1",
        "Pragma": "no-cache",
        "Request-Context": "appId=cid-v1:2d2e8e63-272e-4b3c-8598-4ee570a0e70d",
        "Server-Timing": "traceparent;desc=\u002200-28f94448910519675ea809904a110441-7b1a3d6d2a29381d-00\u0022",
        "Strict-Transport-Security": "max-age=31536000; includeSubDomains",
        "Transfer-Encoding": "chunked",
        "Vary": [
          "Accept-Encoding",
          "Accept-Encoding"
        ],
        "x-aml-cluster": "vienna-eastus2-02",
        "X-Content-Type-Options": "nosniff",
        "x-ms-correlation-request-id": "b3c5f7fb-19e5-41bc-a4fb-54f0328f374d",
        "x-ms-ratelimit-remaining-subscription-writes": "1190",
        "x-ms-response-type": "standard",
        "x-ms-routing-request-id": "WESTUS:20230113T010245Z:b3c5f7fb-19e5-41bc-a4fb-54f0328f374d",
        "x-request-time": "0.319"
      },
      "ResponseBody": {
        "id": "/subscriptions/00000000-0000-0000-0000-000000000/resourceGroups/00000/providers/Microsoft.MachineLearningServices/workspaces/00000/models/88cf3abcb419bc852f17398005a22790/versions/1",
        "name": "1",
        "type": "Microsoft.MachineLearningServices/workspaces/models/versions",
        "properties": {
          "description": null,
          "tags": {},
          "properties": {},
          "isArchived": false,
          "isAnonymous": true,
          "flavors": {},
          "modelType": "custom_model",
          "modelUri": "azureml://subscriptions/00000000-0000-0000-0000-000000000/resourceGroups/00000/workspaces/00000/datastores/workspaceblobstore/paths/LocalUpload/00000000000000000000000000000000/model",
          "jobName": null
        },
        "systemData": {
          "createdAt": "2022-10-04T15:25:47.7964424\u002B00:00",
          "createdBy": "Nancy Mejia Juarez",
          "createdByType": "User",
          "lastModifiedAt": "2023-01-13T01:02:45.8069734\u002B00:00",
          "lastModifiedBy": "Nancy Mejia Juarez",
          "lastModifiedByType": "User"
        }
      }
    },
    {
      "RequestUri": "https://management.azure.com/subscriptions/00000000-0000-0000-0000-000000000/resourceGroups/00000/providers/Microsoft.MachineLearningServices/workspaces/00000?api-version=2022-10-01-preview",
      "RequestMethod": "GET",
      "RequestHeaders": {
        "Accept": "application/json",
        "Accept-Encoding": "gzip, deflate",
        "Connection": "keep-alive",
        "User-Agent": "azure-ai-ml/1.4.0 azsdk-python-mgmt-machinelearningservices/0.1.0 Python/3.7.9 (Windows-10-10.0.22621-SP0)"
      },
      "RequestBody": null,
      "StatusCode": 200,
      "ResponseHeaders": {
        "Cache-Control": "no-cache",
        "Content-Encoding": "gzip",
        "Content-Type": "application/json; charset=utf-8",
        "Date": "Fri, 13 Jan 2023 01:02:45 GMT",
        "Expires": "-1",
        "Pragma": "no-cache",
        "Request-Context": "appId=cid-v1:2d2e8e63-272e-4b3c-8598-4ee570a0e70d",
        "Server-Timing": "traceparent;desc=\u002200-7d07c52544d563b6aa0363d526288282-752d4abb4a59e928-00\u0022",
        "Strict-Transport-Security": "max-age=31536000; includeSubDomains",
        "Transfer-Encoding": "chunked",
        "Vary": [
          "Accept-Encoding",
          "Accept-Encoding"
        ],
        "x-aml-cluster": "vienna-eastus2-02",
        "X-Content-Type-Options": "nosniff",
        "x-ms-correlation-request-id": "cab3aa86-497c-44b0-a3a8-40a26310d684",
        "x-ms-ratelimit-remaining-subscription-reads": "11988",
        "x-ms-response-type": "standard",
        "x-ms-routing-request-id": "WESTUS:20230113T010246Z:cab3aa86-497c-44b0-a3a8-40a26310d684",
        "x-request-time": "0.018"
      },
      "ResponseBody": {
        "id": "/subscriptions/00000000-0000-0000-0000-000000000/resourceGroups/00000/providers/Microsoft.MachineLearningServices/workspaces/00000",
        "name": "00000",
        "type": "Microsoft.MachineLearningServices/workspaces",
        "location": "eastus2",
        "tags": {},
        "etag": null,
        "properties": {
          "friendlyName": "00000",
          "description": "",
          "storageAccount": "/subscriptions/00000000-0000-0000-0000-000000000/resourceGroups/00000/providers/Microsoft.Storage/storageAccounts/sano4nluz7tny6e",
          "keyVault": "/subscriptions/00000000-0000-0000-0000-000000000/resourceGroups/00000/providers/Microsoft.Keyvault/vaults/kvtestg4pvkwb5ugzdu",
          "applicationInsights": "/subscriptions/00000000-0000-0000-0000-000000000/resourceGroups/00000/providers/Microsoft.insights/components/aino4nluz7tny6e",
          "hbiWorkspace": false,
          "tenantId": "72f988bf-86f1-41af-91ab-2d7cd011db47",
          "imageBuildCompute": null,
          "provisioningState": "Succeeded",
          "v1LegacyMode": false,
          "softDeleteEnabled": false,
          "containerRegistry": "/subscriptions/00000000-0000-0000-0000-000000000/resourceGroups/00000/providers/Microsoft.ContainerRegistry/registries/crno4nluz7tny6e",
          "notebookInfo": {
            "resourceId": "91eece339fe8458b972c06afa45ed5c3",
            "fqdn": "ml-sdkvnextcli-eastus2-ee8c8c7b-8359-4874-b140-2a13f80fdccd.eastus2.notebooks.azure.net",
            "isPrivateLinkEnabled": false,
            "notebookPreparationError": null
          },
          "storageHnsEnabled": false,
          "workspaceId": "ee8c8c7b-8359-4874-b140-2a13f80fdccd",
          "linkedModelInventoryArmId": null,
          "privateLinkCount": 0,
          "publicNetworkAccess": "Enabled",
          "discoveryUrl": "https://eastus2.api.azureml.ms/discovery",
          "mlFlowTrackingUri": "azureml://eastus2.api.azureml.ms/mlflow/v1.0/subscriptions/00000000-0000-0000-0000-000000000/resourceGroups/00000/providers/Microsoft.MachineLearningServices/workspaces/00000",
          "sdkTelemetryAppInsightsKey": "e1f7b545-6243-4abf-ba76-c5691d2edb62",
          "sasGetterUri": ""
        },
        "identity": {
          "type": "SystemAssigned",
          "principalId": "cb26b995-24b2-471e-9912-81805f881bd2",
          "tenantId": "72f988bf-86f1-41af-91ab-2d7cd011db47"
        },
        "sku": {
          "name": "Basic",
          "tier": "Basic"
        },
        "systemData": {
          "createdAt": "2022-09-20T06:30:21.9315063Z",
          "createdBy": "namejia@microsoft.com",
          "createdByType": "User",
          "lastModifiedAt": "2022-09-20T06:30:21.9315063Z",
          "lastModifiedBy": "namejia@microsoft.com",
          "lastModifiedByType": "User"
        }
      }
    },
    {
      "RequestUri": "https://management.azure.com/subscriptions/00000000-0000-0000-0000-000000000/resourceGroups/00000/providers/Microsoft.MachineLearningServices/workspaces/00000/batchEndpoints/batch-ept-34a74ac37d68427/deployments/batch-dpm-721896df68a54f1?api-version=2022-05-01",
      "RequestMethod": "PUT",
      "RequestHeaders": {
        "Accept": "application/json",
        "Accept-Encoding": "gzip, deflate",
        "Connection": "keep-alive",
        "Content-Length": "1266",
        "Content-Type": "application/json",
        "User-Agent": "azure-ai-ml/1.4.0 azsdk-python-mgmt-machinelearningservices/0.1.0 Python/3.7.9 (Windows-10-10.0.22621-SP0)"
      },
      "RequestBody": {
        "tags": {},
        "location": "eastus2",
        "properties": {
          "codeConfiguration": {
            "codeId": "/subscriptions/00000000-0000-0000-0000-000000000/resourceGroups/00000/providers/Microsoft.MachineLearningServices/workspaces/00000/codes/909f7bab-03d4-4f9b-a237-ad5891328097/versions/1",
            "scoringScript": "digit_identification.py"
          },
          "environmentId": "/subscriptions/00000000-0000-0000-0000-000000000/resourceGroups/00000/providers/Microsoft.MachineLearningServices/workspaces/00000/environments/CliV2AnonymousEnvironment/versions/ae6c19664c826bce1a006d64aa3b30c6",
          "environmentVariables": {},
          "properties": {},
          "compute": "/subscriptions/00000000-0000-0000-0000-000000000/resourceGroups/00000/providers/Microsoft.MachineLearningServices/workspaces/00000/computes/batch-cluster",
          "errorThreshold": -1,
          "loggingLevel": "info",
          "maxConcurrencyPerInstance": 2,
          "miniBatchSize": 10,
          "model": {
            "referenceType": "Id",
            "assetId": "/subscriptions/00000000-0000-0000-0000-000000000/resourceGroups/00000/providers/Microsoft.MachineLearningServices/workspaces/00000/models/88cf3abcb419bc852f17398005a22790/versions/1"
          },
          "outputAction": "AppendRow",
          "outputFileName": "predictions.csv",
          "resources": {
            "instanceCount": 1,
            "properties": {}
          },
          "retrySettings": {
            "maxRetries": 3,
            "timeout": "PT30S"
          }
        }
      },
      "StatusCode": 201,
      "ResponseHeaders": {
        "Azure-AsyncOperation": "https://management.azure.com/subscriptions/00000000-0000-0000-0000-000000000/providers/Microsoft.MachineLearningServices/locations/eastus2/mfeOperationsStatus/bd:ee8c8c7b-8359-4874-b140-2a13f80fdccd:47ce7233-decc-4635-86e4-b9926bcc0816?api-version=2022-05-01",
        "Cache-Control": "no-cache",
        "Content-Length": "2525",
        "Content-Type": "application/json; charset=utf-8",
        "Date": "Fri, 13 Jan 2023 01:02:48 GMT",
        "Expires": "-1",
        "Location": "https://management.azure.com/subscriptions/00000000-0000-0000-0000-000000000/resourceGroups/00000/providers/Microsoft.MachineLearningServices/workspaces/00000/batchEndpoints/batch-ept-34a74ac37d68427/deployments/batch-dpm-721896df68a54f1?api-version=2022-05-01",
        "Pragma": "no-cache",
        "Request-Context": "appId=cid-v1:2d2e8e63-272e-4b3c-8598-4ee570a0e70d",
        "Server-Timing": "traceparent;desc=\u002200-7ebf2b1c2c79797058e040bd0bf6de77-40cad1300cb3d958-00\u0022",
        "Strict-Transport-Security": "max-age=31536000; includeSubDomains",
        "x-aml-cluster": "vienna-eastus2-02",
        "X-Content-Type-Options": "nosniff",
        "x-ms-async-operation-timeout": "PT30M",
        "x-ms-correlation-request-id": "e21098a6-3bf9-4601-a8d5-af67e0f48533",
        "x-ms-ratelimit-remaining-subscription-resource-requests": "24",
        "x-ms-response-type": "standard",
        "x-ms-routing-request-id": "WESTUS:20230113T010248Z:e21098a6-3bf9-4601-a8d5-af67e0f48533",
        "x-request-time": "1.394"
      },
      "ResponseBody": {
        "id": "/subscriptions/00000000-0000-0000-0000-000000000/resourceGroups/00000/providers/Microsoft.MachineLearningServices/workspaces/00000/batchEndpoints/batch-ept-34a74ac37d68427/deployments/batch-dpm-721896df68a54f1",
        "name": "batch-dpm-721896df68a54f1",
        "type": "Microsoft.MachineLearningServices/workspaces/batchEndpoints/deployments",
        "properties": {
          "description": null,
          "properties": {
            "azureml.onlineendpointid": "/subscriptions/00000000-0000-0000-0000-000000000/resourcegroups/00000/providers/microsoft.machinelearningservices/workspaces/00000/onlineendpoints/batch-ept-34a74ac37d68427",
            "AzureAsyncOperationUri": "https://management.azure.com/subscriptions/00000000-0000-0000-0000-000000000/providers/Microsoft.MachineLearningServices/locations/eastus2/mfeOperationsStatus/be:ee8c8c7b-8359-4874-b140-2a13f80fdccd:47ce7233-decc-4635-86e4-b9926bcc0816?api-version=2022-05-01"
          },
          "codeConfiguration": {
            "codeId": "/subscriptions/00000000-0000-0000-0000-000000000/resourceGroups/00000/providers/Microsoft.MachineLearningServices/workspaces/00000/codes/909f7bab-03d4-4f9b-a237-ad5891328097/versions/1",
            "scoringScript": "digit_identification.py"
          },
          "environmentId": "/subscriptions/00000000-0000-0000-0000-000000000/resourceGroups/00000/providers/Microsoft.MachineLearningServices/workspaces/00000/environments/CliV2AnonymousEnvironment/versions/ae6c19664c826bce1a006d64aa3b30c6",
          "environmentVariables": {},
          "compute": "/subscriptions/00000000-0000-0000-0000-000000000/resourceGroups/00000/providers/Microsoft.MachineLearningServices/workspaces/00000/computes/batch-cluster",
          "errorThreshold": -1,
          "retrySettings": {
            "maxRetries": 3,
            "timeout": "PT30S"
          },
          "miniBatchSize": 10,
          "loggingLevel": "Info",
          "model": {
            "referenceType": "Id",
            "assetId": "/subscriptions/00000000-0000-0000-0000-000000000/resourceGroups/00000/providers/Microsoft.MachineLearningServices/workspaces/00000/models/88cf3abcb419bc852f17398005a22790/versions/1"
          },
          "maxConcurrencyPerInstance": 2,
          "outputAction": "AppendRow",
          "outputFileName": "predictions.csv",
          "resources": {
            "instanceCount": 1,
            "instanceType": null,
            "properties": null
          },
          "provisioningState": "Updating"
        },
        "systemData": {
          "createdAt": "2023-01-13T01:02:47.9487323\u002B00:00",
          "createdBy": "Nancy Mejia Juarez",
          "lastModifiedAt": "2023-01-13T01:02:47.9487323\u002B00:00"
        },
        "tags": {},
        "location": "eastus2"
      }
    },
    {
      "RequestUri": "https://management.azure.com/subscriptions/00000000-0000-0000-0000-000000000/providers/Microsoft.MachineLearningServices/locations/eastus2/mfeOperationsStatus/bd:ee8c8c7b-8359-4874-b140-2a13f80fdccd:47ce7233-decc-4635-86e4-b9926bcc0816?api-version=2022-05-01",
      "RequestMethod": "GET",
      "RequestHeaders": {
        "Accept": "*/*",
        "Accept-Encoding": "gzip, deflate",
        "Connection": "keep-alive",
        "User-Agent": "azure-ai-ml/1.4.0 azsdk-python-mgmt-machinelearningservices/0.1.0 Python/3.7.9 (Windows-10-10.0.22621-SP0)"
      },
      "RequestBody": null,
      "StatusCode": 200,
      "ResponseHeaders": {
        "Cache-Control": "no-cache",
        "Content-Encoding": "gzip",
        "Content-Type": "application/json; charset=utf-8",
        "Date": "Fri, 13 Jan 2023 01:02:48 GMT",
        "Expires": "-1",
        "Pragma": "no-cache",
        "Request-Context": "appId=cid-v1:2d2e8e63-272e-4b3c-8598-4ee570a0e70d",
        "Server-Timing": "traceparent;desc=\u002200-6d9750aa4272c334f3a1abfda24d2693-cbfddc7d2aa74247-00\u0022",
        "Strict-Transport-Security": "max-age=31536000; includeSubDomains",
        "Transfer-Encoding": "chunked",
        "Vary": [
          "Accept-Encoding",
          "Accept-Encoding"
        ],
        "x-aml-cluster": "vienna-eastus2-01",
        "X-Content-Type-Options": "nosniff",
        "x-ms-correlation-request-id": "412b4299-2e7f-4007-96c9-64493b691f77",
        "x-ms-ratelimit-remaining-subscription-reads": "11987",
        "x-ms-response-type": "standard",
        "x-ms-routing-request-id": "WESTUS:20230113T010249Z:412b4299-2e7f-4007-96c9-64493b691f77",
        "x-request-time": "0.037"
      },
      "ResponseBody": {
        "id": "/subscriptions/00000000-0000-0000-0000-000000000/providers/Microsoft.MachineLearningServices/locations/eastus2/mfeOperationsStatus/bd:ee8c8c7b-8359-4874-b140-2a13f80fdccd:47ce7233-decc-4635-86e4-b9926bcc0816",
        "name": "bd:ee8c8c7b-8359-4874-b140-2a13f80fdccd:47ce7233-decc-4635-86e4-b9926bcc0816",
        "startTime": "2023-01-13T01:02:47.9487274\u002B00:00",
        "percentComplete": 0.0,
        "status": "Updating"
      }
    },
    {
      "RequestUri": "https://management.azure.com/subscriptions/00000000-0000-0000-0000-000000000/providers/Microsoft.MachineLearningServices/locations/eastus2/mfeOperationsStatus/bd:ee8c8c7b-8359-4874-b140-2a13f80fdccd:47ce7233-decc-4635-86e4-b9926bcc0816?api-version=2022-05-01",
      "RequestMethod": "GET",
      "RequestHeaders": {
        "Accept": "*/*",
        "Accept-Encoding": "gzip, deflate",
        "Connection": "keep-alive",
        "User-Agent": "azure-ai-ml/1.4.0 azsdk-python-mgmt-machinelearningservices/0.1.0 Python/3.7.9 (Windows-10-10.0.22621-SP0)"
      },
      "RequestBody": null,
      "StatusCode": 200,
      "ResponseHeaders": {
        "Cache-Control": "no-cache",
        "Content-Encoding": "gzip",
        "Content-Type": "application/json; charset=utf-8",
        "Date": "Fri, 13 Jan 2023 01:03:18 GMT",
        "Expires": "-1",
        "Pragma": "no-cache",
        "Request-Context": "appId=cid-v1:2d2e8e63-272e-4b3c-8598-4ee570a0e70d",
        "Server-Timing": "traceparent;desc=\u002200-fd3042d4fdc09edb1a671fb675413870-24c543dedb90fd2b-00\u0022",
        "Strict-Transport-Security": "max-age=31536000; includeSubDomains",
        "Transfer-Encoding": "chunked",
        "Vary": [
          "Accept-Encoding",
          "Accept-Encoding"
        ],
        "x-aml-cluster": "vienna-eastus2-01",
        "X-Content-Type-Options": "nosniff",
        "x-ms-correlation-request-id": "25b597d9-4b11-4669-bb24-5c8a404eb011",
        "x-ms-ratelimit-remaining-subscription-reads": "11986",
        "x-ms-response-type": "standard",
        "x-ms-routing-request-id": "WESTUS:20230113T010319Z:25b597d9-4b11-4669-bb24-5c8a404eb011",
        "x-request-time": "0.036"
      },
      "ResponseBody": {
        "id": "/subscriptions/00000000-0000-0000-0000-000000000/providers/Microsoft.MachineLearningServices/locations/eastus2/mfeOperationsStatus/bd:ee8c8c7b-8359-4874-b140-2a13f80fdccd:47ce7233-decc-4635-86e4-b9926bcc0816",
        "name": "bd:ee8c8c7b-8359-4874-b140-2a13f80fdccd:47ce7233-decc-4635-86e4-b9926bcc0816",
        "startTime": "2023-01-13T01:02:47.9487274\u002B00:00",
        "endTime": "2023-01-13T01:03:08.58262\u002B00:00",
        "percentComplete": 100.0,
        "status": "Succeeded"
      }
    },
    {
      "RequestUri": "https://management.azure.com/subscriptions/00000000-0000-0000-0000-000000000/resourceGroups/00000/providers/Microsoft.MachineLearningServices/workspaces/00000/batchEndpoints/batch-ept-34a74ac37d68427/deployments/batch-dpm-721896df68a54f1?api-version=2022-05-01",
      "RequestMethod": "GET",
      "RequestHeaders": {
        "Accept": "*/*",
        "Accept-Encoding": "gzip, deflate",
        "Connection": "keep-alive",
        "User-Agent": "azure-ai-ml/1.4.0 azsdk-python-mgmt-machinelearningservices/0.1.0 Python/3.7.9 (Windows-10-10.0.22621-SP0)"
      },
      "RequestBody": null,
      "StatusCode": 200,
      "ResponseHeaders": {
        "Cache-Control": "no-cache",
        "Content-Encoding": "gzip",
        "Content-Type": "application/json; charset=utf-8",
        "Date": "Fri, 13 Jan 2023 01:03:19 GMT",
        "Expires": "-1",
        "Pragma": "no-cache",
        "Request-Context": "appId=cid-v1:2d2e8e63-272e-4b3c-8598-4ee570a0e70d",
        "Server-Timing": "traceparent;desc=\u002200-f925804baae1f1b8bc5fba07bb0654e3-5bce2db9b1047f07-00\u0022",
        "Strict-Transport-Security": "max-age=31536000; includeSubDomains",
        "Transfer-Encoding": "chunked",
        "Vary": [
          "Accept-Encoding",
          "Accept-Encoding"
        ],
        "x-aml-cluster": "vienna-eastus2-02",
        "X-Content-Type-Options": "nosniff",
        "x-ms-correlation-request-id": "c9c1ec3d-5048-4c8f-aa22-3d1c3f61bd76",
        "x-ms-ratelimit-remaining-subscription-reads": "11985",
        "x-ms-response-type": "standard",
        "x-ms-routing-request-id": "WESTUS:20230113T010319Z:c9c1ec3d-5048-4c8f-aa22-3d1c3f61bd76",
        "x-request-time": "0.262"
      },
      "ResponseBody": {
        "id": "/subscriptions/00000000-0000-0000-0000-000000000/resourceGroups/00000/providers/Microsoft.MachineLearningServices/workspaces/00000/batchEndpoints/batch-ept-34a74ac37d68427/deployments/batch-dpm-721896df68a54f1",
        "name": "batch-dpm-721896df68a54f1",
        "type": "Microsoft.MachineLearningServices/workspaces/batchEndpoints/deployments",
        "properties": {
          "description": null,
          "properties": {
            "azureml.onlineendpointid": "/subscriptions/00000000-0000-0000-0000-000000000/resourcegroups/00000/providers/microsoft.machinelearningservices/workspaces/00000/onlineendpoints/batch-ept-34a74ac37d68427",
            "AzureAsyncOperationUri": "https://management.azure.com/subscriptions/00000000-0000-0000-0000-000000000/providers/Microsoft.MachineLearningServices/locations/eastus2/mfeOperationsStatus/be:ee8c8c7b-8359-4874-b140-2a13f80fdccd:47ce7233-decc-4635-86e4-b9926bcc0816?api-version=2022-05-01"
          },
          "codeConfiguration": {
            "codeId": "/subscriptions/00000000-0000-0000-0000-000000000/resourceGroups/00000/providers/Microsoft.MachineLearningServices/workspaces/00000/codes/909f7bab-03d4-4f9b-a237-ad5891328097/versions/1",
            "scoringScript": "digit_identification.py"
          },
          "environmentId": "/subscriptions/00000000-0000-0000-0000-000000000/resourceGroups/00000/providers/Microsoft.MachineLearningServices/workspaces/00000/environments/CliV2AnonymousEnvironment/versions/ae6c19664c826bce1a006d64aa3b30c6",
          "environmentVariables": {},
          "compute": "/subscriptions/00000000-0000-0000-0000-000000000/resourceGroups/00000/providers/Microsoft.MachineLearningServices/workspaces/00000/computes/batch-cluster",
          "errorThreshold": -1,
          "retrySettings": {
            "maxRetries": 3,
            "timeout": "PT30S"
          },
          "miniBatchSize": 10,
          "loggingLevel": "Info",
          "model": {
            "referenceType": "Id",
            "assetId": "/subscriptions/00000000-0000-0000-0000-000000000/resourceGroups/00000/providers/Microsoft.MachineLearningServices/workspaces/00000/models/88cf3abcb419bc852f17398005a22790/versions/1"
          },
          "maxConcurrencyPerInstance": 2,
          "outputAction": "AppendRow",
          "outputFileName": "predictions.csv",
          "resources": {
            "instanceCount": 1,
            "instanceType": null,
            "properties": null
          },
          "provisioningState": "Succeeded"
        },
        "systemData": {
          "createdAt": "2023-01-13T01:02:47.9487323\u002B00:00",
          "createdBy": "Nancy Mejia Juarez",
          "lastModifiedAt": "2023-01-13T01:02:47.9487323\u002B00:00"
        },
        "tags": {},
        "location": "eastus2"
      }
    },
    {
      "RequestUri": "https://management.azure.com/subscriptions/00000000-0000-0000-0000-000000000/resourceGroups/00000/providers/Microsoft.MachineLearningServices/workspaces/00000/batchEndpoints/batch-ept-34a74ac37d68427/deployments?api-version=2022-05-01",
      "RequestMethod": "GET",
      "RequestHeaders": {
        "Accept": "application/json",
        "Accept-Encoding": "gzip, deflate",
        "Connection": "keep-alive",
        "User-Agent": "azure-ai-ml/1.4.0 azsdk-python-mgmt-machinelearningservices/0.1.0 Python/3.7.9 (Windows-10-10.0.22621-SP0)"
      },
      "RequestBody": null,
      "StatusCode": 200,
      "ResponseHeaders": {
        "Cache-Control": "no-cache",
        "Content-Encoding": "gzip",
        "Content-Type": "application/json; charset=utf-8",
        "Date": "Fri, 13 Jan 2023 01:03:19 GMT",
        "Expires": "-1",
        "Pragma": "no-cache",
        "Request-Context": "appId=cid-v1:2d2e8e63-272e-4b3c-8598-4ee570a0e70d",
        "Server-Timing": "traceparent;desc=\u002200-064c46a0730cecbed315791d7bc93bf3-1d21210abac819f0-00\u0022",
        "Strict-Transport-Security": "max-age=31536000; includeSubDomains",
        "Transfer-Encoding": "chunked",
        "Vary": [
          "Accept-Encoding",
          "Accept-Encoding"
        ],
        "x-aml-cluster": "vienna-eastus2-02",
        "X-Content-Type-Options": "nosniff",
        "x-ms-correlation-request-id": "67868099-45ef-4bf0-8afd-4b6d5797d2c1",
        "x-ms-ratelimit-remaining-subscription-reads": "11984",
        "x-ms-response-type": "standard",
        "x-ms-routing-request-id": "WESTUS:20230113T010320Z:67868099-45ef-4bf0-8afd-4b6d5797d2c1",
        "x-request-time": "0.213"
      },
      "ResponseBody": {
        "value": [
          {
            "id": "/subscriptions/00000000-0000-0000-0000-000000000/resourceGroups/00000/providers/Microsoft.MachineLearningServices/workspaces/00000/batchEndpoints/batch-ept-34a74ac37d68427/deployments/batch-dpm-721896df68a54f1",
            "name": "batch-dpm-721896df68a54f1",
            "type": "Microsoft.MachineLearningServices/workspaces/batchEndpoints/deployments",
            "properties": {
              "description": null,
              "properties": {
                "azureml.onlineendpointid": "/subscriptions/00000000-0000-0000-0000-000000000/resourcegroups/00000/providers/microsoft.machinelearningservices/workspaces/00000/onlineendpoints/batch-ept-34a74ac37d68427",
                "AzureAsyncOperationUri": "https://management.azure.com/subscriptions/00000000-0000-0000-0000-000000000/providers/Microsoft.MachineLearningServices/locations/eastus2/mfeOperationsStatus/be:ee8c8c7b-8359-4874-b140-2a13f80fdccd:47ce7233-decc-4635-86e4-b9926bcc0816?api-version=2022-05-01"
              },
              "codeConfiguration": {
                "codeId": "/subscriptions/00000000-0000-0000-0000-000000000/resourceGroups/00000/providers/Microsoft.MachineLearningServices/workspaces/00000/codes/909f7bab-03d4-4f9b-a237-ad5891328097/versions/1",
                "scoringScript": "digit_identification.py"
              },
              "environmentId": "/subscriptions/00000000-0000-0000-0000-000000000/resourceGroups/00000/providers/Microsoft.MachineLearningServices/workspaces/00000/environments/CliV2AnonymousEnvironment/versions/ae6c19664c826bce1a006d64aa3b30c6",
              "environmentVariables": {},
              "compute": "/subscriptions/00000000-0000-0000-0000-000000000/resourceGroups/00000/providers/Microsoft.MachineLearningServices/workspaces/00000/computes/batch-cluster",
              "errorThreshold": -1,
              "retrySettings": {
                "maxRetries": 3,
                "timeout": "PT30S"
              },
              "miniBatchSize": 10,
              "loggingLevel": "Info",
              "model": {
                "referenceType": "Id",
                "assetId": "/subscriptions/00000000-0000-0000-0000-000000000/resourceGroups/00000/providers/Microsoft.MachineLearningServices/workspaces/00000/models/88cf3abcb419bc852f17398005a22790/versions/1"
              },
              "maxConcurrencyPerInstance": 2,
              "outputAction": "AppendRow",
              "outputFileName": "predictions.csv",
              "resources": {
                "instanceCount": 1,
                "instanceType": null,
                "properties": null
              },
              "provisioningState": "Succeeded"
            },
            "systemData": {
              "createdAt": "2023-01-13T01:02:47.9487323\u002B00:00",
              "createdBy": "Nancy Mejia Juarez",
              "lastModifiedAt": "2023-01-13T01:02:47.9487323\u002B00:00"
            },
            "tags": {},
            "location": "eastus2"
          }
        ]
      }
    },
    {
      "RequestUri": "https://management.azure.com/subscriptions/00000000-0000-0000-0000-000000000/resourceGroups/00000/providers/Microsoft.MachineLearningServices/workspaces/00000/batchEndpoints/batch-ept-34a74ac37d68427?api-version=2022-05-01",
      "RequestMethod": "GET",
      "RequestHeaders": {
        "Accept": "application/json",
        "Accept-Encoding": "gzip, deflate",
        "Connection": "keep-alive",
        "User-Agent": "azure-ai-ml/1.4.0 azsdk-python-mgmt-machinelearningservices/0.1.0 Python/3.7.9 (Windows-10-10.0.22621-SP0)"
      },
      "RequestBody": null,
      "StatusCode": 200,
      "ResponseHeaders": {
        "Cache-Control": "no-cache",
        "Content-Encoding": "gzip",
        "Content-Type": "application/json; charset=utf-8",
        "Date": "Fri, 13 Jan 2023 01:03:19 GMT",
        "Expires": "-1",
        "Pragma": "no-cache",
        "Request-Context": "appId=cid-v1:2d2e8e63-272e-4b3c-8598-4ee570a0e70d",
        "Server-Timing": "traceparent;desc=\u002200-325796f2d820728dcd3e5266ab46b9c2-47523fe9c3e968d1-00\u0022",
        "Strict-Transport-Security": "max-age=31536000; includeSubDomains",
        "Transfer-Encoding": "chunked",
        "Vary": [
          "Accept-Encoding",
          "Accept-Encoding"
        ],
        "x-aml-cluster": "vienna-eastus2-02",
        "X-Content-Type-Options": "nosniff",
        "x-ms-correlation-request-id": "5b31fe71-85f6-44a9-a70e-a06dc9ae23ed",
        "x-ms-ratelimit-remaining-subscription-reads": "11983",
        "x-ms-response-type": "standard",
        "x-ms-routing-request-id": "WESTUS:20230113T010320Z:5b31fe71-85f6-44a9-a70e-a06dc9ae23ed",
        "x-request-time": "0.108"
      },
      "ResponseBody": {
        "id": "/subscriptions/00000000-0000-0000-0000-000000000/resourceGroups/00000/providers/Microsoft.MachineLearningServices/workspaces/00000/batchEndpoints/batch-ept-34a74ac37d68427",
        "name": "batch-ept-34a74ac37d68427",
        "type": "Microsoft.MachineLearningServices/workspaces/batchEndpoints",
        "properties": {
          "description": "my sample batch endpoint",
          "properties": {
            "p1": "v1",
            "p2": "v2",
            "BatchEndpointCreationApiVersion": "2022-05-01",
            "azureml.onlineendpointid": "/subscriptions/00000000-0000-0000-0000-000000000/resourcegroups/00000/providers/microsoft.machinelearningservices/workspaces/00000/onlineendpoints/batch-ept-34a74ac37d68427",
            "AzureAsyncOperationUri": "https://management.azure.com/subscriptions/00000000-0000-0000-0000-000000000/providers/Microsoft.MachineLearningServices/locations/eastus2/mfeOperationsStatus/be:ee8c8c7b-8359-4874-b140-2a13f80fdccd:db64392b-9e52-4ecb-b608-eb930f37dc72?api-version=2022-05-01"
          },
          "scoringUri": "https://batch-ept-34a74ac37d68427.eastus2.inference.ml.azure.com/jobs",
          "swaggerUri": null,
          "authMode": "AADToken",
          "defaults": {
            "deploymentName": null
          },
          "provisioningState": "Succeeded"
        },
        "systemData": {
          "createdAt": "2023-01-13T01:02:06.842026\u002B00:00",
          "createdBy": "Nancy Mejia Juarez",
          "lastModifiedAt": "2023-01-13T01:02:17.6080011\u002B00:00"
        },
        "tags": {},
        "location": "eastus2",
        "identity": {
          "type": "None",
          "principalId": "00000000-0000-0000-0000-000000000000",
          "tenantId": "00000000-0000-0000-0000-000000000000"
        }
      }
    },
    {
      "RequestUri": "https://batch-ept-34a74ac37d68427.eastus2.inference.ml.azure.com/jobs",
      "RequestMethod": "POST",
      "RequestHeaders": {
        "Accept": "*/*",
        "Accept-Encoding": "gzip, deflate",
        "azureml-model-deployment": "batch-dpm-721896df68a54f1",
        "Connection": "keep-alive",
        "Content-Length": "308",
        "Content-Type": "application/json",
        "User-Agent": "azure-ai-ml/1.4.0 azsdk-python-core/1.26.1 Python/3.7.9 (Windows-10-10.0.22621-SP0)"
      },
      "RequestBody": {
        "properties": {
          "inputData": {
            "input1": {
              "uri": "https://pipelinedata.blob.core.windows.net/sampledata/mnist",
              "jobInputType": "UriFolder"
            }
          },
          "outputData": {
            "output": {
              "uri": "azureml://datastores/workspaceblobstore/paths/batchendpointinvoke/mnistOutput/test_262332397185.csv",
              "jobOutputType": "UriFile"
            }
          }
        }
      },
      "StatusCode": 201,
      "ResponseHeaders": {
        "azureml-model-deployment": "batch-dpm-721896df68a54f1",
        "Content-Length": "3107",
        "Content-Type": "application/json; charset=utf-8",
        "Date": "Fri, 13 Jan 2023 01:03:26 GMT",
        "Location": "https://eastus2.api.azureml.ms/mferp/managementfrontend/subscriptions/00000000-0000-0000-0000-000000000/resourceGroups/00000/providers/Microsoft.MachineLearningServices/workspaces/00000/batchEndpoints/batch-ept-34a74ac37d68427/deployments/batch-dpm-721896df68a54f1?api-version=2020-09-01-dataplanepreview",
        "request-context": "appId=cid-v1:2d2e8e63-272e-4b3c-8598-4ee570a0e70d",
        "Server": "azureml-frontdoor",
        "Server-Timing": "traceparent;desc=\u002200-23f684a2840996cbdd7b5d4887163adc-131c932f21ab72f8-00\u0022",
        "Strict-Transport-Security": "max-age=15724800; includeSubDomains; preload",
        "x-aml-cluster": "vienna-eastus2-01",
        "X-Content-Type-Options": [
          "nosniff",
          "nosniff"
        ],
        "x-envoy-upstream-service-time": "3672",
        "x-ms-response-type": "standard",
        "x-request-time": "3.667"
      },
      "ResponseBody": {
        "id": "/subscriptions/00000000-0000-0000-0000-000000000/resourceGroups/00000/providers/Microsoft.MachineLearningServices/workspaces/00000/batchEndpoints/batch-ept-34a74ac37d68427/deployments/batch-dpm-721896df68a54f1/jobs/8eaee444-fbf4-4f72-92d0-ac85374658d6",
        "name": "8eaee444-fbf4-4f72-92d0-ac85374658d6",
        "type": "Microsoft.MachineLearningServices/workspaces/batchEndpoints/deployments/jobs",
        "properties": {
          "provisioningState": "Succeeded",
          "inputData": {
            "input1": {
              "description": null,
              "uri": "https://pipelinedata.blob.core.windows.net/sampledata/mnist",
              "mode": "ReadOnlyMount",
              "jobInputType": "UriFolder"
            }
          },
          "outputData": {
            "score": {
              "description": null,
              "uri": "azureml://datastores/workspaceblobstore/paths/batchendpointinvoke/mnistOutput/test_262332397185.csv",
              "mode": "ReadWriteMount",
              "jobOutputType": "UriFile"
            }
          },
          "miniBatchSize": 10,
          "errorThreshold": -1,
          "compute": {
            "target": "/subscriptions/00000000-0000-0000-0000-000000000/resourceGroups/00000/providers/Microsoft.MachineLearningServices/workspaces/00000/computes/batch-cluster",
            "instanceCount": null,
            "isLocal": false,
            "location": null,
            "instanceType": null,
            "properties": null
          },
          "retrySettings": {
            "maxRetries": 3,
            "timeout": "PT30S"
          },
          "status": "Preparing",
          "loggingLevel": "Info",
          "interactionEndpoints": {
            "Tracking": {
              "jobEndpointType": "Tracking",
              "port": null,
              "endpoint": "azureml://eastus2.api.azureml.ms/mlflow/v1.0/subscriptions/00000000-0000-0000-0000-000000000/resourceGroups/00000/providers/Microsoft.MachineLearningServices/workspaces/00000?",
              "properties": null
            },
            "Studio": {
              "jobEndpointType": "Studio",
              "port": null,
              "endpoint": "https://ml.azure.com/runs/8eaee444-fbf4-4f72-92d0-ac85374658d6?wsid=/subscriptions/00000000-0000-0000-0000-000000000/resourcegroups/00000/workspaces/00000",
              "properties": null
            }
          },
          "tags": {
            "azureml.batchrun": "true",
            "azureml.deploymentname": "batch-dpm-721896df68a54f1"
          },
          "properties": {
            "azureml.runsource": "azureml.PipelineRun",
            "runSource": "Unavailable",
            "runType": "HTTP",
            "azureml.parameters": "{\u0022run_max_try\u0022:\u00223\u0022,\u0022run_invocation_timeout\u0022:\u002230\u0022,\u0022append_row_file_name\u0022:\u0022test_262332397185.csv\u0022,\u0022output_uri\u0022:\u0022azureml://datastores/workspaceblobstore/paths/batchendpointinvoke/mnistOutput/test_262332397185.csv\u0022,\u0022mini_batch_size\u0022:\u002210\u0022,\u0022logging_level\u0022:\u0022INFO\u0022,\u0022NodeCount\u0022:\u00221\u0022}",
            "azureml.continue_on_step_failure": "False",
            "azureml.continue_on_failed_optional_input": "False",
            "azureml.pipelineid": "edb36445-9f30-43e5-b37f-903b39813476",
            "azureml.pipelineComponent": "pipelinerun"
          },
          "name": "orange_card_61rw8trx"
        },
        "systemData": {
          "createdAt": "2023-01-13T01:03:26.1519136\u002B00:00",
          "createdBy": "Nancy Mejia Juarez",
          "createdByType": "User"
        }
      }
    },
    {
      "RequestUri": "https://management.azure.com/subscriptions/00000000-0000-0000-0000-000000000/resourceGroups/00000/providers/Microsoft.MachineLearningServices/workspaces/00000/batchEndpoints/batch-ept-34a74ac37d68427?api-version=2022-05-01",
      "RequestMethod": "DELETE",
      "RequestHeaders": {
        "Accept": "application/json",
        "Accept-Encoding": "gzip, deflate",
        "Connection": "keep-alive",
        "Content-Length": "0",
        "User-Agent": "azure-ai-ml/1.4.0 azsdk-python-mgmt-machinelearningservices/0.1.0 Python/3.7.9 (Windows-10-10.0.22621-SP0)"
      },
      "RequestBody": null,
      "StatusCode": 202,
      "ResponseHeaders": {
        "Azure-AsyncOperation": "https://management.azure.com/subscriptions/00000000-0000-0000-0000-000000000/providers/Microsoft.MachineLearningServices/locations/eastus2/mfeOperationsStatus/be:ee8c8c7b-8359-4874-b140-2a13f80fdccd:46424c17-bfae-4723-9544-0ceeef77578f?api-version=2022-05-01",
        "Cache-Control": "no-cache",
        "Content-Length": "4",
        "Content-Type": "application/json; charset=utf-8",
        "Date": "Fri, 13 Jan 2023 01:03:26 GMT",
        "Expires": "-1",
        "Location": "https://management.azure.com/subscriptions/00000000-0000-0000-0000-000000000/providers/Microsoft.MachineLearningServices/locations/eastus2/mfeOperationResults/be:ee8c8c7b-8359-4874-b140-2a13f80fdccd:46424c17-bfae-4723-9544-0ceeef77578f?api-version=2022-05-01",
        "Pragma": "no-cache",
        "Request-Context": "appId=cid-v1:2d2e8e63-272e-4b3c-8598-4ee570a0e70d",
        "Strict-Transport-Security": "max-age=31536000; includeSubDomains",
        "x-aml-cluster": "vienna-eastus2-02",
        "X-Content-Type-Options": "nosniff",
        "x-ms-async-operation-timeout": "PT30M",
        "x-ms-correlation-request-id": "619d6faa-616a-4ccc-9217-20e805845c07",
        "x-ms-ratelimit-remaining-subscription-deletes": "14999",
        "x-ms-response-type": "standard",
        "x-ms-routing-request-id": "WESTUS:20230113T010327Z:619d6faa-616a-4ccc-9217-20e805845c07",
        "x-request-time": "0.193"
      },
      "ResponseBody": "null"
    },
    {
      "RequestUri": "https://management.azure.com/subscriptions/00000000-0000-0000-0000-000000000/providers/Microsoft.MachineLearningServices/locations/eastus2/mfeOperationsStatus/be:ee8c8c7b-8359-4874-b140-2a13f80fdccd:46424c17-bfae-4723-9544-0ceeef77578f?api-version=2022-05-01",
      "RequestMethod": "GET",
      "RequestHeaders": {
        "Accept": "*/*",
        "Accept-Encoding": "gzip, deflate",
        "Connection": "keep-alive",
        "User-Agent": "azure-ai-ml/1.4.0 azsdk-python-mgmt-machinelearningservices/0.1.0 Python/3.7.9 (Windows-10-10.0.22621-SP0)"
      },
      "RequestBody": null,
      "StatusCode": 200,
      "ResponseHeaders": {
        "Cache-Control": "no-cache",
        "Content-Encoding": "gzip",
        "Content-Type": "application/json; charset=utf-8",
        "Date": "Fri, 13 Jan 2023 01:03:26 GMT",
        "Expires": "-1",
        "Pragma": "no-cache",
        "Request-Context": "appId=cid-v1:2d2e8e63-272e-4b3c-8598-4ee570a0e70d",
        "Server-Timing": "traceparent;desc=\u002200-4261de5d435ed9e13ce660105ee8631b-88904c1592b543e9-00\u0022",
        "Strict-Transport-Security": "max-age=31536000; includeSubDomains",
        "Transfer-Encoding": "chunked",
        "Vary": [
          "Accept-Encoding",
          "Accept-Encoding"
        ],
        "x-aml-cluster": "vienna-eastus2-01",
        "X-Content-Type-Options": "nosniff",
        "x-ms-correlation-request-id": "761bab1b-11be-485d-97fe-888e87d575f0",
        "x-ms-ratelimit-remaining-subscription-reads": "11982",
        "x-ms-response-type": "standard",
        "x-ms-routing-request-id": "WESTUS:20230113T010327Z:761bab1b-11be-485d-97fe-888e87d575f0",
        "x-request-time": "0.032"
      },
      "ResponseBody": {
        "id": "/subscriptions/00000000-0000-0000-0000-000000000/providers/Microsoft.MachineLearningServices/locations/eastus2/mfeOperationsStatus/be:ee8c8c7b-8359-4874-b140-2a13f80fdccd:46424c17-bfae-4723-9544-0ceeef77578f",
        "name": "be:ee8c8c7b-8359-4874-b140-2a13f80fdccd:46424c17-bfae-4723-9544-0ceeef77578f",
        "startTime": "2023-01-13T01:03:27.2379254\u002B00:00",
        "percentComplete": 0.0,
        "status": "Updating"
      }
    },
    {
      "RequestUri": "https://management.azure.com/subscriptions/00000000-0000-0000-0000-000000000/providers/Microsoft.MachineLearningServices/locations/eastus2/mfeOperationsStatus/be:ee8c8c7b-8359-4874-b140-2a13f80fdccd:46424c17-bfae-4723-9544-0ceeef77578f?api-version=2022-05-01",
      "RequestMethod": "GET",
      "RequestHeaders": {
        "Accept": "*/*",
        "Accept-Encoding": "gzip, deflate",
        "Connection": "keep-alive",
        "User-Agent": "azure-ai-ml/1.4.0 azsdk-python-mgmt-machinelearningservices/0.1.0 Python/3.7.9 (Windows-10-10.0.22621-SP0)"
      },
      "RequestBody": null,
      "StatusCode": 200,
      "ResponseHeaders": {
        "Cache-Control": "no-cache",
        "Content-Encoding": "gzip",
        "Content-Type": "application/json; charset=utf-8",
        "Date": "Fri, 13 Jan 2023 01:03:31 GMT",
        "Expires": "-1",
        "Pragma": "no-cache",
        "Request-Context": "appId=cid-v1:2d2e8e63-272e-4b3c-8598-4ee570a0e70d",
        "Server-Timing": "traceparent;desc=\u002200-a5d72ada9a8cf42cd3fae52a9da91008-a03537069ce744ac-00\u0022",
        "Strict-Transport-Security": "max-age=31536000; includeSubDomains",
        "Transfer-Encoding": "chunked",
        "Vary": [
          "Accept-Encoding",
          "Accept-Encoding"
        ],
        "x-aml-cluster": "vienna-eastus2-01",
        "X-Content-Type-Options": "nosniff",
        "x-ms-correlation-request-id": "cfc8063b-c1b2-4f56-9cec-1bf0d001dccd",
        "x-ms-ratelimit-remaining-subscription-reads": "11981",
        "x-ms-response-type": "standard",
        "x-ms-routing-request-id": "WESTUS:20230113T010332Z:cfc8063b-c1b2-4f56-9cec-1bf0d001dccd",
        "x-request-time": "0.032"
      },
      "ResponseBody": {
        "id": "/subscriptions/00000000-0000-0000-0000-000000000/providers/Microsoft.MachineLearningServices/locations/eastus2/mfeOperationsStatus/be:ee8c8c7b-8359-4874-b140-2a13f80fdccd:46424c17-bfae-4723-9544-0ceeef77578f",
        "name": "be:ee8c8c7b-8359-4874-b140-2a13f80fdccd:46424c17-bfae-4723-9544-0ceeef77578f",
        "startTime": "2023-01-13T01:03:27.2379254\u002B00:00",
        "percentComplete": 0.0,
        "status": "Updating"
      }
    },
    {
      "RequestUri": "https://management.azure.com/subscriptions/00000000-0000-0000-0000-000000000/providers/Microsoft.MachineLearningServices/locations/eastus2/mfeOperationsStatus/be:ee8c8c7b-8359-4874-b140-2a13f80fdccd:46424c17-bfae-4723-9544-0ceeef77578f?api-version=2022-05-01",
      "RequestMethod": "GET",
      "RequestHeaders": {
        "Accept": "*/*",
        "Accept-Encoding": "gzip, deflate",
        "Connection": "keep-alive",
        "User-Agent": "azure-ai-ml/1.4.0 azsdk-python-mgmt-machinelearningservices/0.1.0 Python/3.7.9 (Windows-10-10.0.22621-SP0)"
      },
      "RequestBody": null,
      "StatusCode": 200,
      "ResponseHeaders": {
        "Cache-Control": "no-cache",
        "Content-Encoding": "gzip",
        "Content-Type": "application/json; charset=utf-8",
        "Date": "Fri, 13 Jan 2023 01:03:37 GMT",
        "Expires": "-1",
        "Pragma": "no-cache",
        "Request-Context": "appId=cid-v1:2d2e8e63-272e-4b3c-8598-4ee570a0e70d",
        "Server-Timing": "traceparent;desc=\u002200-7b211cf0214a9523222a14d5129d45bd-461bc48fd207d5e5-00\u0022",
        "Strict-Transport-Security": "max-age=31536000; includeSubDomains",
        "Transfer-Encoding": "chunked",
        "Vary": [
          "Accept-Encoding",
          "Accept-Encoding"
        ],
        "x-aml-cluster": "vienna-eastus2-01",
        "X-Content-Type-Options": "nosniff",
        "x-ms-correlation-request-id": "b175174b-5c09-4409-9e17-e49261b990a7",
        "x-ms-ratelimit-remaining-subscription-reads": "11980",
        "x-ms-response-type": "standard",
        "x-ms-routing-request-id": "WESTUS:20230113T010337Z:b175174b-5c09-4409-9e17-e49261b990a7",
        "x-request-time": "0.034"
      },
      "ResponseBody": {
        "id": "/subscriptions/00000000-0000-0000-0000-000000000/providers/Microsoft.MachineLearningServices/locations/eastus2/mfeOperationsStatus/be:ee8c8c7b-8359-4874-b140-2a13f80fdccd:46424c17-bfae-4723-9544-0ceeef77578f",
        "name": "be:ee8c8c7b-8359-4874-b140-2a13f80fdccd:46424c17-bfae-4723-9544-0ceeef77578f",
        "startTime": "2023-01-13T01:03:27.2379254\u002B00:00",
        "percentComplete": 0.0,
        "status": "Updating"
      }
    },
    {
      "RequestUri": "https://management.azure.com/subscriptions/00000000-0000-0000-0000-000000000/providers/Microsoft.MachineLearningServices/locations/eastus2/mfeOperationsStatus/be:ee8c8c7b-8359-4874-b140-2a13f80fdccd:46424c17-bfae-4723-9544-0ceeef77578f?api-version=2022-05-01",
      "RequestMethod": "GET",
      "RequestHeaders": {
        "Accept": "*/*",
        "Accept-Encoding": "gzip, deflate",
        "Connection": "keep-alive",
        "User-Agent": "azure-ai-ml/1.4.0 azsdk-python-mgmt-machinelearningservices/0.1.0 Python/3.7.9 (Windows-10-10.0.22621-SP0)"
      },
      "RequestBody": null,
      "StatusCode": 200,
      "ResponseHeaders": {
        "Cache-Control": "no-cache",
        "Content-Encoding": "gzip",
        "Content-Type": "application/json; charset=utf-8",
        "Date": "Fri, 13 Jan 2023 01:03:42 GMT",
        "Expires": "-1",
        "Pragma": "no-cache",
        "Request-Context": "appId=cid-v1:2d2e8e63-272e-4b3c-8598-4ee570a0e70d",
        "Server-Timing": "traceparent;desc=\u002200-c54b56d39cf1b8948dd4590cf114fe6d-b9147f2e7b6cd975-00\u0022",
        "Strict-Transport-Security": "max-age=31536000; includeSubDomains",
        "Transfer-Encoding": "chunked",
        "Vary": [
          "Accept-Encoding",
          "Accept-Encoding"
        ],
        "x-aml-cluster": "vienna-eastus2-01",
        "X-Content-Type-Options": "nosniff",
        "x-ms-correlation-request-id": "00137b48-e574-4e76-9700-94791abc8ba4",
        "x-ms-ratelimit-remaining-subscription-reads": "11979",
        "x-ms-response-type": "standard",
        "x-ms-routing-request-id": "WESTUS:20230113T010343Z:00137b48-e574-4e76-9700-94791abc8ba4",
        "x-request-time": "0.759"
      },
      "ResponseBody": {
        "id": "/subscriptions/00000000-0000-0000-0000-000000000/providers/Microsoft.MachineLearningServices/locations/eastus2/mfeOperationsStatus/be:ee8c8c7b-8359-4874-b140-2a13f80fdccd:46424c17-bfae-4723-9544-0ceeef77578f",
        "name": "be:ee8c8c7b-8359-4874-b140-2a13f80fdccd:46424c17-bfae-4723-9544-0ceeef77578f",
        "startTime": "2023-01-13T01:03:27.2379254\u002B00:00",
        "percentComplete": 0.0,
        "status": "Updating"
      }
    },
    {
      "RequestUri": "https://management.azure.com/subscriptions/00000000-0000-0000-0000-000000000/providers/Microsoft.MachineLearningServices/locations/eastus2/mfeOperationsStatus/be:ee8c8c7b-8359-4874-b140-2a13f80fdccd:46424c17-bfae-4723-9544-0ceeef77578f?api-version=2022-05-01",
      "RequestMethod": "GET",
      "RequestHeaders": {
        "Accept": "*/*",
        "Accept-Encoding": "gzip, deflate",
        "Connection": "keep-alive",
        "User-Agent": "azure-ai-ml/1.4.0 azsdk-python-mgmt-machinelearningservices/0.1.0 Python/3.7.9 (Windows-10-10.0.22621-SP0)"
      },
      "RequestBody": null,
      "StatusCode": 200,
      "ResponseHeaders": {
        "Cache-Control": "no-cache",
        "Content-Encoding": "gzip",
        "Content-Type": "application/json; charset=utf-8",
        "Date": "Fri, 13 Jan 2023 01:03:48 GMT",
        "Expires": "-1",
        "Pragma": "no-cache",
        "Request-Context": "appId=cid-v1:2d2e8e63-272e-4b3c-8598-4ee570a0e70d",
        "Server-Timing": "traceparent;desc=\u002200-7ecaffbc5cd5b2ac962d986258a1c4a8-3bff6f7fdf2ebd4f-00\u0022",
        "Strict-Transport-Security": "max-age=31536000; includeSubDomains",
        "Transfer-Encoding": "chunked",
        "Vary": [
          "Accept-Encoding",
          "Accept-Encoding"
        ],
        "x-aml-cluster": "vienna-eastus2-01",
        "X-Content-Type-Options": "nosniff",
        "x-ms-correlation-request-id": "8b7a4127-e569-433c-b28e-2c1b9585ba15",
        "x-ms-ratelimit-remaining-subscription-reads": "11978",
        "x-ms-response-type": "standard",
        "x-ms-routing-request-id": "WESTUS:20230113T010348Z:8b7a4127-e569-433c-b28e-2c1b9585ba15",
        "x-request-time": "0.035"
      },
      "ResponseBody": {
        "id": "/subscriptions/00000000-0000-0000-0000-000000000/providers/Microsoft.MachineLearningServices/locations/eastus2/mfeOperationsStatus/be:ee8c8c7b-8359-4874-b140-2a13f80fdccd:46424c17-bfae-4723-9544-0ceeef77578f",
        "name": "be:ee8c8c7b-8359-4874-b140-2a13f80fdccd:46424c17-bfae-4723-9544-0ceeef77578f",
        "startTime": "2023-01-13T01:03:27.2379254\u002B00:00",
        "percentComplete": 0.0,
        "status": "Updating"
      }
    },
    {
      "RequestUri": "https://management.azure.com/subscriptions/00000000-0000-0000-0000-000000000/providers/Microsoft.MachineLearningServices/locations/eastus2/mfeOperationsStatus/be:ee8c8c7b-8359-4874-b140-2a13f80fdccd:46424c17-bfae-4723-9544-0ceeef77578f?api-version=2022-05-01",
      "RequestMethod": "GET",
      "RequestHeaders": {
        "Accept": "*/*",
        "Accept-Encoding": "gzip, deflate",
        "Connection": "keep-alive",
        "User-Agent": "azure-ai-ml/1.4.0 azsdk-python-mgmt-machinelearningservices/0.1.0 Python/3.7.9 (Windows-10-10.0.22621-SP0)"
      },
      "RequestBody": null,
      "StatusCode": 200,
      "ResponseHeaders": {
        "Cache-Control": "no-cache",
        "Content-Encoding": "gzip",
        "Content-Type": "application/json; charset=utf-8",
        "Date": "Fri, 13 Jan 2023 01:03:53 GMT",
        "Expires": "-1",
        "Pragma": "no-cache",
        "Request-Context": "appId=cid-v1:2d2e8e63-272e-4b3c-8598-4ee570a0e70d",
        "Server-Timing": "traceparent;desc=\u002200-718827747562e6371594ffe35d813ab8-bf377781a33e87bb-00\u0022",
        "Strict-Transport-Security": "max-age=31536000; includeSubDomains",
        "Transfer-Encoding": "chunked",
        "Vary": [
          "Accept-Encoding",
          "Accept-Encoding"
        ],
        "x-aml-cluster": "vienna-eastus2-01",
        "X-Content-Type-Options": "nosniff",
        "x-ms-correlation-request-id": "1a02b3b0-1103-463b-beb3-ca05e4ba1799",
        "x-ms-ratelimit-remaining-subscription-reads": "11977",
        "x-ms-response-type": "standard",
        "x-ms-routing-request-id": "WESTUS:20230113T010354Z:1a02b3b0-1103-463b-beb3-ca05e4ba1799",
        "x-request-time": "0.036"
      },
      "ResponseBody": {
        "id": "/subscriptions/00000000-0000-0000-0000-000000000/providers/Microsoft.MachineLearningServices/locations/eastus2/mfeOperationsStatus/be:ee8c8c7b-8359-4874-b140-2a13f80fdccd:46424c17-bfae-4723-9544-0ceeef77578f",
        "name": "be:ee8c8c7b-8359-4874-b140-2a13f80fdccd:46424c17-bfae-4723-9544-0ceeef77578f",
        "startTime": "2023-01-13T01:03:27.2379254\u002B00:00",
        "percentComplete": 0.0,
        "status": "Updating"
      }
    },
    {
      "RequestUri": "https://management.azure.com/subscriptions/00000000-0000-0000-0000-000000000/providers/Microsoft.MachineLearningServices/locations/eastus2/mfeOperationsStatus/be:ee8c8c7b-8359-4874-b140-2a13f80fdccd:46424c17-bfae-4723-9544-0ceeef77578f?api-version=2022-05-01",
      "RequestMethod": "GET",
      "RequestHeaders": {
        "Accept": "*/*",
        "Accept-Encoding": "gzip, deflate",
        "Connection": "keep-alive",
        "User-Agent": "azure-ai-ml/1.4.0 azsdk-python-mgmt-machinelearningservices/0.1.0 Python/3.7.9 (Windows-10-10.0.22621-SP0)"
      },
      "RequestBody": null,
      "StatusCode": 200,
      "ResponseHeaders": {
        "Cache-Control": "no-cache",
        "Content-Encoding": "gzip",
        "Content-Type": "application/json; charset=utf-8",
        "Date": "Fri, 13 Jan 2023 01:03:58 GMT",
        "Expires": "-1",
        "Pragma": "no-cache",
        "Request-Context": "appId=cid-v1:2d2e8e63-272e-4b3c-8598-4ee570a0e70d",
        "Server-Timing": "traceparent;desc=\u002200-6b128df722ce7b601bf11fd939682ff2-009c2c3a4c4f6939-00\u0022",
        "Strict-Transport-Security": "max-age=31536000; includeSubDomains",
        "Transfer-Encoding": "chunked",
        "Vary": [
          "Accept-Encoding",
          "Accept-Encoding"
        ],
        "x-aml-cluster": "vienna-eastus2-01",
        "X-Content-Type-Options": "nosniff",
        "x-ms-correlation-request-id": "d3ae0a14-efb8-4578-8db3-f6d6d93920b5",
        "x-ms-ratelimit-remaining-subscription-reads": "11976",
        "x-ms-response-type": "standard",
        "x-ms-routing-request-id": "WESTUS:20230113T010359Z:d3ae0a14-efb8-4578-8db3-f6d6d93920b5",
        "x-request-time": "0.036"
      },
      "ResponseBody": {
        "id": "/subscriptions/00000000-0000-0000-0000-000000000/providers/Microsoft.MachineLearningServices/locations/eastus2/mfeOperationsStatus/be:ee8c8c7b-8359-4874-b140-2a13f80fdccd:46424c17-bfae-4723-9544-0ceeef77578f",
        "name": "be:ee8c8c7b-8359-4874-b140-2a13f80fdccd:46424c17-bfae-4723-9544-0ceeef77578f",
        "startTime": "2023-01-13T01:03:27.2379254\u002B00:00",
        "percentComplete": 0.0,
        "status": "Updating"
      }
    },
    {
      "RequestUri": "https://management.azure.com/subscriptions/00000000-0000-0000-0000-000000000/providers/Microsoft.MachineLearningServices/locations/eastus2/mfeOperationsStatus/be:ee8c8c7b-8359-4874-b140-2a13f80fdccd:46424c17-bfae-4723-9544-0ceeef77578f?api-version=2022-05-01",
      "RequestMethod": "GET",
      "RequestHeaders": {
        "Accept": "*/*",
        "Accept-Encoding": "gzip, deflate",
        "Connection": "keep-alive",
        "User-Agent": "azure-ai-ml/1.4.0 azsdk-python-mgmt-machinelearningservices/0.1.0 Python/3.7.9 (Windows-10-10.0.22621-SP0)"
      },
      "RequestBody": null,
      "StatusCode": 200,
      "ResponseHeaders": {
        "Cache-Control": "no-cache",
        "Content-Encoding": "gzip",
        "Content-Type": "application/json; charset=utf-8",
        "Date": "Fri, 13 Jan 2023 01:04:03 GMT",
        "Expires": "-1",
        "Pragma": "no-cache",
        "Request-Context": "appId=cid-v1:2d2e8e63-272e-4b3c-8598-4ee570a0e70d",
        "Server-Timing": "traceparent;desc=\u002200-4f848d2314bbcf78fefbf0b08271dec4-16a549d9bb4988cd-00\u0022",
        "Strict-Transport-Security": "max-age=31536000; includeSubDomains",
        "Transfer-Encoding": "chunked",
        "Vary": [
          "Accept-Encoding",
          "Accept-Encoding"
        ],
        "x-aml-cluster": "vienna-eastus2-01",
        "X-Content-Type-Options": "nosniff",
        "x-ms-correlation-request-id": "02c23549-ce6e-4e36-9047-561acd983481",
        "x-ms-ratelimit-remaining-subscription-reads": "11975",
        "x-ms-response-type": "standard",
        "x-ms-routing-request-id": "WESTUS:20230113T010404Z:02c23549-ce6e-4e36-9047-561acd983481",
        "x-request-time": "0.038"
      },
      "ResponseBody": {
        "id": "/subscriptions/00000000-0000-0000-0000-000000000/providers/Microsoft.MachineLearningServices/locations/eastus2/mfeOperationsStatus/be:ee8c8c7b-8359-4874-b140-2a13f80fdccd:46424c17-bfae-4723-9544-0ceeef77578f",
        "name": "be:ee8c8c7b-8359-4874-b140-2a13f80fdccd:46424c17-bfae-4723-9544-0ceeef77578f",
        "startTime": "2023-01-13T01:03:27.2379254\u002B00:00",
        "percentComplete": 0.0,
        "status": "Updating"
      }
    },
    {
      "RequestUri": "https://management.azure.com/subscriptions/00000000-0000-0000-0000-000000000/providers/Microsoft.MachineLearningServices/locations/eastus2/mfeOperationsStatus/be:ee8c8c7b-8359-4874-b140-2a13f80fdccd:46424c17-bfae-4723-9544-0ceeef77578f?api-version=2022-05-01",
      "RequestMethod": "GET",
      "RequestHeaders": {
        "Accept": "*/*",
        "Accept-Encoding": "gzip, deflate",
        "Connection": "keep-alive",
        "User-Agent": "azure-ai-ml/1.4.0 azsdk-python-mgmt-machinelearningservices/0.1.0 Python/3.7.9 (Windows-10-10.0.22621-SP0)"
      },
      "RequestBody": null,
      "StatusCode": 200,
      "ResponseHeaders": {
        "Cache-Control": "no-cache",
        "Content-Encoding": "gzip",
        "Content-Type": "application/json; charset=utf-8",
        "Date": "Fri, 13 Jan 2023 01:04:09 GMT",
        "Expires": "-1",
        "Pragma": "no-cache",
        "Request-Context": "appId=cid-v1:2d2e8e63-272e-4b3c-8598-4ee570a0e70d",
        "Server-Timing": "traceparent;desc=\u002200-7b1e4825536baebdf9740bc755b587a2-be1e86866a671396-00\u0022",
        "Strict-Transport-Security": "max-age=31536000; includeSubDomains",
        "Transfer-Encoding": "chunked",
        "Vary": [
          "Accept-Encoding",
          "Accept-Encoding"
        ],
        "x-aml-cluster": "vienna-eastus2-01",
        "X-Content-Type-Options": "nosniff",
        "x-ms-correlation-request-id": "db4102d8-ce1a-47b2-97fb-68dde54922ec",
        "x-ms-ratelimit-remaining-subscription-reads": "11974",
        "x-ms-response-type": "standard",
        "x-ms-routing-request-id": "WESTUS:20230113T010409Z:db4102d8-ce1a-47b2-97fb-68dde54922ec",
        "x-request-time": "0.032"
      },
      "ResponseBody": {
        "id": "/subscriptions/00000000-0000-0000-0000-000000000/providers/Microsoft.MachineLearningServices/locations/eastus2/mfeOperationsStatus/be:ee8c8c7b-8359-4874-b140-2a13f80fdccd:46424c17-bfae-4723-9544-0ceeef77578f",
        "name": "be:ee8c8c7b-8359-4874-b140-2a13f80fdccd:46424c17-bfae-4723-9544-0ceeef77578f",
        "startTime": "2023-01-13T01:03:27.2379254\u002B00:00",
        "percentComplete": 0.0,
        "status": "Updating"
      }
    },
    {
      "RequestUri": "https://management.azure.com/subscriptions/00000000-0000-0000-0000-000000000/providers/Microsoft.MachineLearningServices/locations/eastus2/mfeOperationsStatus/be:ee8c8c7b-8359-4874-b140-2a13f80fdccd:46424c17-bfae-4723-9544-0ceeef77578f?api-version=2022-05-01",
      "RequestMethod": "GET",
      "RequestHeaders": {
        "Accept": "*/*",
        "Accept-Encoding": "gzip, deflate",
        "Connection": "keep-alive",
        "User-Agent": "azure-ai-ml/1.4.0 azsdk-python-mgmt-machinelearningservices/0.1.0 Python/3.7.9 (Windows-10-10.0.22621-SP0)"
      },
      "RequestBody": null,
      "StatusCode": 200,
      "ResponseHeaders": {
        "Cache-Control": "no-cache",
        "Content-Encoding": "gzip",
        "Content-Type": "application/json; charset=utf-8",
        "Date": "Fri, 13 Jan 2023 01:04:14 GMT",
        "Expires": "-1",
        "Pragma": "no-cache",
        "Request-Context": "appId=cid-v1:2d2e8e63-272e-4b3c-8598-4ee570a0e70d",
        "Server-Timing": "traceparent;desc=\u002200-f847c2941bc4835f2084172c985f4f81-dece63635fcbea2f-00\u0022",
        "Strict-Transport-Security": "max-age=31536000; includeSubDomains",
        "Transfer-Encoding": "chunked",
        "Vary": [
          "Accept-Encoding",
          "Accept-Encoding"
        ],
        "x-aml-cluster": "vienna-eastus2-01",
        "X-Content-Type-Options": "nosniff",
        "x-ms-correlation-request-id": "6995a83a-d0f1-46bf-9e0a-62153683bc04",
        "x-ms-ratelimit-remaining-subscription-reads": "11973",
        "x-ms-response-type": "standard",
        "x-ms-routing-request-id": "WESTUS:20230113T010414Z:6995a83a-d0f1-46bf-9e0a-62153683bc04",
        "x-request-time": "0.034"
      },
      "ResponseBody": {
        "id": "/subscriptions/00000000-0000-0000-0000-000000000/providers/Microsoft.MachineLearningServices/locations/eastus2/mfeOperationsStatus/be:ee8c8c7b-8359-4874-b140-2a13f80fdccd:46424c17-bfae-4723-9544-0ceeef77578f",
        "name": "be:ee8c8c7b-8359-4874-b140-2a13f80fdccd:46424c17-bfae-4723-9544-0ceeef77578f",
        "startTime": "2023-01-13T01:03:27.2379254\u002B00:00",
        "percentComplete": 0.0,
        "status": "Updating"
      }
    },
    {
      "RequestUri": "https://management.azure.com/subscriptions/00000000-0000-0000-0000-000000000/providers/Microsoft.MachineLearningServices/locations/eastus2/mfeOperationsStatus/be:ee8c8c7b-8359-4874-b140-2a13f80fdccd:46424c17-bfae-4723-9544-0ceeef77578f?api-version=2022-05-01",
      "RequestMethod": "GET",
      "RequestHeaders": {
        "Accept": "*/*",
        "Accept-Encoding": "gzip, deflate",
        "Connection": "keep-alive",
        "User-Agent": "azure-ai-ml/1.4.0 azsdk-python-mgmt-machinelearningservices/0.1.0 Python/3.7.9 (Windows-10-10.0.22621-SP0)"
      },
      "RequestBody": null,
      "StatusCode": 200,
      "ResponseHeaders": {
        "Cache-Control": "no-cache",
        "Content-Encoding": "gzip",
        "Content-Type": "application/json; charset=utf-8",
        "Date": "Fri, 13 Jan 2023 01:04:21 GMT",
        "Expires": "-1",
        "Pragma": "no-cache",
        "Request-Context": "appId=cid-v1:2d2e8e63-272e-4b3c-8598-4ee570a0e70d",
        "Server-Timing": "traceparent;desc=\u002200-4f38bc833c37bfaf792ae826781faf86-3ef15f134dca08dd-00\u0022",
        "Strict-Transport-Security": "max-age=31536000; includeSubDomains",
        "Transfer-Encoding": "chunked",
        "Vary": [
          "Accept-Encoding",
          "Accept-Encoding"
        ],
        "x-aml-cluster": "vienna-eastus2-01",
        "X-Content-Type-Options": "nosniff",
        "x-ms-correlation-request-id": "7c8bd813-c65b-4289-a09d-418924b551b6",
        "x-ms-ratelimit-remaining-subscription-reads": "11972",
        "x-ms-response-type": "standard",
        "x-ms-routing-request-id": "WESTUS:20230113T010421Z:7c8bd813-c65b-4289-a09d-418924b551b6",
        "x-request-time": "1.142"
      },
      "ResponseBody": {
        "id": "/subscriptions/00000000-0000-0000-0000-000000000/providers/Microsoft.MachineLearningServices/locations/eastus2/mfeOperationsStatus/be:ee8c8c7b-8359-4874-b140-2a13f80fdccd:46424c17-bfae-4723-9544-0ceeef77578f",
        "name": "be:ee8c8c7b-8359-4874-b140-2a13f80fdccd:46424c17-bfae-4723-9544-0ceeef77578f",
        "startTime": "2023-01-13T01:03:27.2379254\u002B00:00",
        "endTime": "2023-01-13T01:04:17.9209305\u002B00:00",
        "percentComplete": 100.0,
        "status": "Succeeded"
      }
    }
  ],
  "Variables": {
    "deployment_name": "batch-dpm-721896df68a54f1",
    "endpoint_name": "batch-ept-34a74ac37d68427",
    "output_file": "test_262332397185"
  }
}
