{
  "Entries": [
    {
      "RequestUri": "https://management.azure.com/subscriptions/00000000-0000-0000-0000-000000000/resourceGroups/00000/providers/Microsoft.MachineLearningServices/workspaces/00000?api-version=2022-10-01-preview",
      "RequestMethod": "GET",
      "RequestHeaders": {
        "Accept": "application/json",
        "Accept-Encoding": "gzip, deflate",
        "Connection": "keep-alive",
        "User-Agent": "azure-ai-ml/1.5.0 azsdk-python-mgmt-machinelearningservices/0.1.0 Python/3.7.9 (Windows-10-10.0.22621-SP0)"
      },
      "RequestBody": null,
      "StatusCode": 200,
      "ResponseHeaders": {
        "Cache-Control": "no-cache",
        "Content-Encoding": "gzip",
        "Content-Type": "application/json; charset=utf-8",
        "Date": "Thu, 23 Feb 2023 06:23:05 GMT",
        "Expires": "-1",
        "Pragma": "no-cache",
        "Request-Context": "appId=cid-v1:2d2e8e63-272e-4b3c-8598-4ee570a0e70d",
        "Server-Timing": "traceparent;desc=\u002200-6a8c8f35bf4e98633bb415d3289230a5-d6418f136a084d9a-01\u0022",
        "Strict-Transport-Security": "max-age=31536000; includeSubDomains",
        "Transfer-Encoding": "chunked",
        "Vary": [
          "Accept-Encoding",
          "Accept-Encoding"
        ],
        "x-aml-cluster": "vienna-eastus2-02",
        "X-Content-Type-Options": "nosniff",
        "x-ms-correlation-request-id": "79be9608-eaa2-45a2-a114-3fc88bd686e4",
        "x-ms-ratelimit-remaining-subscription-reads": "11999",
        "x-ms-response-type": "standard",
        "x-ms-routing-request-id": "WESTUS2:20230223T062306Z:79be9608-eaa2-45a2-a114-3fc88bd686e4",
        "x-request-time": "0.021"
      },
      "ResponseBody": {
        "id": "/subscriptions/00000000-0000-0000-0000-000000000/resourceGroups/00000/providers/Microsoft.MachineLearningServices/workspaces/00000",
        "name": "00000",
        "type": "Microsoft.MachineLearningServices/workspaces",
        "location": "eastus2",
        "tags": {},
        "etag": null,
        "properties": {
          "friendlyName": "00000",
          "description": "",
          "storageAccount": "/subscriptions/00000000-0000-0000-0000-000000000/resourceGroups/00000/providers/Microsoft.Storage/storageAccounts/saveorz2izv2bas",
          "keyVault": "/subscriptions/00000000-0000-0000-0000-000000000/resourceGroups/00000/providers/Microsoft.Keyvault/vaults/kvtest4k4d3fds6sjxs",
          "applicationInsights": "/subscriptions/00000000-0000-0000-0000-000000000/resourceGroups/00000/providers/Microsoft.insights/components/aiveorz2izv2bas",
          "hbiWorkspace": false,
          "tenantId": "72f988bf-86f1-41af-91ab-2d7cd011db47",
          "imageBuildCompute": null,
          "provisioningState": "Succeeded",
          "v1LegacyMode": false,
          "softDeleteEnabled": false,
          "containerRegistry": "/subscriptions/00000000-0000-0000-0000-000000000/resourceGroups/00000/providers/Microsoft.ContainerRegistry/registries/crveorz2izv2bas",
          "notebookInfo": {
            "resourceId": "0000000-0000-0000-0000-000000000000",
            "fqdn": "ml-sdkvnextcli-eastus2-2d1e66ae-85e3-42c0-be91-34de66397f26.eastus2.notebooks.azure.net",
            "isPrivateLinkEnabled": false,
            "notebookPreparationError": null
          },
          "storageHnsEnabled": false,
          "workspaceId": "2d1e66ae-85e3-42c0-be91-34de66397f26",
          "linkedModelInventoryArmId": null,
          "privateLinkCount": 0,
          "publicNetworkAccess": "Enabled",
          "discoveryUrl": "https://eastus2.api.azureml.ms/discovery",
          "mlFlowTrackingUri": "azureml://eastus2.api.azureml.ms/mlflow/v1.0/subscriptions/00000000-0000-0000-0000-000000000/resourceGroups/00000/providers/Microsoft.MachineLearningServices/workspaces/00000",
          "sdkTelemetryAppInsightsKey": "0000000-0000-0000-0000-000000000000",
          "sasGetterUri": "",
          "enableDataIsolation": false
        },
        "identity": {
          "type": "SystemAssigned",
          "principalId": "0000000-0000-0000-0000-000000000000",
          "tenantId": "72f988bf-86f1-41af-91ab-2d7cd011db47"
        },
        "kind": "Default",
        "sku": {
          "name": "Basic",
          "tier": "Basic"
        },
        "systemData": {
          "createdAt": "2023-02-23T02:09:00.5159669Z",
          "createdBy": "dipeck@microsoft.com",
          "createdByType": "User",
          "lastModifiedAt": "2023-02-23T02:09:00.5159669Z",
          "lastModifiedBy": "dipeck@microsoft.com",
          "lastModifiedByType": "User"
        }
      }
    },
    {
      "RequestUri": "https://management.azure.com/subscriptions/00000000-0000-0000-0000-000000000/resourceGroups/00000/providers/Microsoft.MachineLearningServices/workspaces/00000/batchEndpoints/batch-ept-5ac235a6a04c477?api-version=2022-05-01",
      "RequestMethod": "PUT",
      "RequestHeaders": {
        "Accept": "application/json",
        "Accept-Encoding": "gzip, deflate",
        "Connection": "keep-alive",
        "Content-Length": "149",
        "Content-Type": "application/json",
        "User-Agent": "azure-ai-ml/1.5.0 azsdk-python-mgmt-machinelearningservices/0.1.0 Python/3.7.9 (Windows-10-10.0.22621-SP0)"
      },
      "RequestBody": {
        "tags": {
          "t1": "v1"
        },
        "location": "eastus2",
        "properties": {
          "authMode": "aadToken",
          "description": "funny",
          "properties": {
            "p1": "v1",
            "p2": "v2"
          }
        }
      },
      "StatusCode": 201,
      "ResponseHeaders": {
        "Azure-AsyncOperation": "https://management.azure.com/subscriptions/00000000-0000-0000-0000-000000000/providers/Microsoft.MachineLearningServices/locations/eastus2/mfeOperationsStatus/be:2d1e66ae-85e3-42c0-be91-34de66397f26:d646da52-f95e-412a-9c2c-bd4e3ae6bfdc?api-version=2022-05-01",
        "Cache-Control": "no-cache",
        "Content-Length": "1325",
        "Content-Type": "application/json; charset=utf-8",
        "Date": "Thu, 23 Feb 2023 06:23:11 GMT",
        "Expires": "-1",
        "Location": "https://management.azure.com/subscriptions/00000000-0000-0000-0000-000000000/resourceGroups/00000/providers/Microsoft.MachineLearningServices/workspaces/00000/batchEndpoints/batch-ept-5ac235a6a04c477?api-version=2022-05-01",
        "Pragma": "no-cache",
        "Request-Context": "appId=cid-v1:2d2e8e63-272e-4b3c-8598-4ee570a0e70d",
        "Server-Timing": "traceparent;desc=\u002200-0bf13b060c29255d0ea67d512eb3f4ab-777e41ab6732a9d3-01\u0022",
        "Strict-Transport-Security": "max-age=31536000; includeSubDomains",
        "x-aml-cluster": "vienna-eastus2-02",
        "X-Content-Type-Options": "nosniff",
        "x-ms-async-operation-timeout": "PT30M",
        "x-ms-correlation-request-id": "cd1e16b3-e200-4eff-b4d5-68f4ad510457",
        "x-ms-ratelimit-remaining-subscription-writes": "1199",
        "x-ms-response-type": "standard",
        "x-ms-routing-request-id": "WESTUS2:20230223T062311Z:cd1e16b3-e200-4eff-b4d5-68f4ad510457",
        "x-request-time": "1.001"
      },
      "ResponseBody": {
        "id": "/subscriptions/00000000-0000-0000-0000-000000000/resourceGroups/00000/providers/Microsoft.MachineLearningServices/workspaces/00000/batchEndpoints/batch-ept-5ac235a6a04c477",
        "name": "batch-ept-5ac235a6a04c477",
        "type": "Microsoft.MachineLearningServices/workspaces/batchEndpoints",
        "properties": {
          "description": "funny",
          "properties": {
            "p1": "v1",
            "p2": "v2",
            "BatchEndpointCreationApiVersion": "2022-05-01",
            "azureml.onlineendpointid": "/subscriptions/00000000-0000-0000-0000-000000000/resourcegroups/00000/providers/microsoft.machinelearningservices/workspaces/00000/onlineendpoints/batch-ept-5ac235a6a04c477",
            "AzureAsyncOperationUri": "https://management.azure.com/subscriptions/00000000-0000-0000-0000-000000000/providers/Microsoft.MachineLearningServices/locations/eastus2/mfeOperationsStatus/be:2d1e66ae-85e3-42c0-be91-34de66397f26:d646da52-f95e-412a-9c2c-bd4e3ae6bfdc?api-version=2022-05-01"
          },
          "scoringUri": null,
          "swaggerUri": null,
          "authMode": "AADToken",
          "defaults": {
            "deploymentName": null
          },
          "provisioningState": "Creating"
        },
        "systemData": {
          "createdAt": "2023-02-23T06:23:11.197225\u002B00:00",
          "createdBy": "Diondra Peck",
          "lastModifiedAt": "2023-02-23T06:23:11.197225\u002B00:00"
        },
        "tags": {
          "t1": "v1"
        },
        "location": "eastus2",
        "identity": {
          "type": "None",
          "principalId": "0000000-0000-0000-0000-000000000000",
          "tenantId": "00000000-0000-0000-0000-000000000000"
        }
      }
    },
    {
      "RequestUri": "https://management.azure.com/subscriptions/00000000-0000-0000-0000-000000000/providers/Microsoft.MachineLearningServices/locations/eastus2/mfeOperationsStatus/be:2d1e66ae-85e3-42c0-be91-34de66397f26:d646da52-f95e-412a-9c2c-bd4e3ae6bfdc?api-version=2022-05-01",
      "RequestMethod": "GET",
      "RequestHeaders": {
        "Accept": "*/*",
        "Accept-Encoding": "gzip, deflate",
        "Connection": "keep-alive",
        "User-Agent": "azure-ai-ml/1.5.0 azsdk-python-mgmt-machinelearningservices/0.1.0 Python/3.7.9 (Windows-10-10.0.22621-SP0)"
      },
      "RequestBody": null,
      "StatusCode": 200,
      "ResponseHeaders": {
        "Cache-Control": "no-cache",
        "Content-Encoding": "gzip",
        "Content-Type": "application/json; charset=utf-8",
        "Date": "Thu, 23 Feb 2023 06:23:11 GMT",
        "Expires": "-1",
        "Pragma": "no-cache",
        "Request-Context": "appId=cid-v1:2d2e8e63-272e-4b3c-8598-4ee570a0e70d",
        "Server-Timing": "traceparent;desc=\u002200-ca3d0e3619e201ca0eca43e56b507aff-95d6917bd61ddecf-01\u0022",
        "Strict-Transport-Security": "max-age=31536000; includeSubDomains",
        "Transfer-Encoding": "chunked",
        "Vary": [
          "Accept-Encoding",
          "Accept-Encoding"
        ],
        "x-aml-cluster": "vienna-eastus2-01",
        "X-Content-Type-Options": "nosniff",
        "x-ms-correlation-request-id": "deb0952f-7059-412c-9d32-a4479b85af86",
        "x-ms-ratelimit-remaining-subscription-reads": "11998",
        "x-ms-response-type": "standard",
        "x-ms-routing-request-id": "WESTUS2:20230223T062312Z:deb0952f-7059-412c-9d32-a4479b85af86",
        "x-request-time": "0.042"
      },
      "ResponseBody": {
        "id": "/subscriptions/00000000-0000-0000-0000-000000000/providers/Microsoft.MachineLearningServices/locations/eastus2/mfeOperationsStatus/be:2d1e66ae-85e3-42c0-be91-34de66397f26:d646da52-f95e-412a-9c2c-bd4e3ae6bfdc",
        "name": "be:2d1e66ae-85e3-42c0-be91-34de66397f26:d646da52-f95e-412a-9c2c-bd4e3ae6bfdc",
        "startTime": "2023-02-23T06:23:10.8828067\u002B00:00",
        "percentComplete": 0.0,
        "status": "Updating"
      }
    },
    {
      "RequestUri": "https://management.azure.com/subscriptions/00000000-0000-0000-0000-000000000/providers/Microsoft.MachineLearningServices/locations/eastus2/mfeOperationsStatus/be:2d1e66ae-85e3-42c0-be91-34de66397f26:d646da52-f95e-412a-9c2c-bd4e3ae6bfdc?api-version=2022-05-01",
      "RequestMethod": "GET",
      "RequestHeaders": {
        "Accept": "*/*",
        "Accept-Encoding": "gzip, deflate",
        "Connection": "keep-alive",
        "User-Agent": "azure-ai-ml/1.5.0 azsdk-python-mgmt-machinelearningservices/0.1.0 Python/3.7.9 (Windows-10-10.0.22621-SP0)"
      },
      "RequestBody": null,
      "StatusCode": 200,
      "ResponseHeaders": {
        "Cache-Control": "no-cache",
        "Content-Encoding": "gzip",
        "Content-Type": "application/json; charset=utf-8",
        "Date": "Thu, 23 Feb 2023 06:23:42 GMT",
        "Expires": "-1",
        "Pragma": "no-cache",
        "Request-Context": "appId=cid-v1:2d2e8e63-272e-4b3c-8598-4ee570a0e70d",
        "Server-Timing": "traceparent;desc=\u002200-ebda1c610b017441592b092336b782ab-64befda83d050b05-01\u0022",
        "Strict-Transport-Security": "max-age=31536000; includeSubDomains",
        "Transfer-Encoding": "chunked",
        "Vary": [
          "Accept-Encoding",
          "Accept-Encoding"
        ],
        "x-aml-cluster": "vienna-eastus2-01",
        "X-Content-Type-Options": "nosniff",
        "x-ms-correlation-request-id": "24a78a8c-863e-4756-867d-8252ec1f3638",
        "x-ms-ratelimit-remaining-subscription-reads": "11997",
        "x-ms-response-type": "standard",
        "x-ms-routing-request-id": "WESTUS2:20230223T062342Z:24a78a8c-863e-4756-867d-8252ec1f3638",
        "x-request-time": "0.046"
      },
      "ResponseBody": {
        "id": "/subscriptions/00000000-0000-0000-0000-000000000/providers/Microsoft.MachineLearningServices/locations/eastus2/mfeOperationsStatus/be:2d1e66ae-85e3-42c0-be91-34de66397f26:d646da52-f95e-412a-9c2c-bd4e3ae6bfdc",
        "name": "be:2d1e66ae-85e3-42c0-be91-34de66397f26:d646da52-f95e-412a-9c2c-bd4e3ae6bfdc",
        "startTime": "2023-02-23T06:23:10.8828067\u002B00:00",
        "endTime": "2023-02-23T06:23:22.45068\u002B00:00",
        "percentComplete": 100.0,
        "status": "Succeeded"
      }
    },
    {
      "RequestUri": "https://management.azure.com/subscriptions/00000000-0000-0000-0000-000000000/resourceGroups/00000/providers/Microsoft.MachineLearningServices/workspaces/00000/batchEndpoints/batch-ept-5ac235a6a04c477?api-version=2022-05-01",
      "RequestMethod": "GET",
      "RequestHeaders": {
        "Accept": "*/*",
        "Accept-Encoding": "gzip, deflate",
        "Connection": "keep-alive",
        "User-Agent": "azure-ai-ml/1.5.0 azsdk-python-mgmt-machinelearningservices/0.1.0 Python/3.7.9 (Windows-10-10.0.22621-SP0)"
      },
      "RequestBody": null,
      "StatusCode": 200,
      "ResponseHeaders": {
        "Cache-Control": "no-cache",
        "Content-Encoding": "gzip",
        "Content-Type": "application/json; charset=utf-8",
        "Date": "Thu, 23 Feb 2023 06:23:43 GMT",
        "Expires": "-1",
        "Pragma": "no-cache",
        "Request-Context": "appId=cid-v1:2d2e8e63-272e-4b3c-8598-4ee570a0e70d",
        "Server-Timing": "traceparent;desc=\u002200-5aa2c144daf6a012c7641cb49fe2fcfb-8101100bd2b7584e-01\u0022",
        "Strict-Transport-Security": "max-age=31536000; includeSubDomains",
        "Transfer-Encoding": "chunked",
        "Vary": [
          "Accept-Encoding",
          "Accept-Encoding"
        ],
        "x-aml-cluster": "vienna-eastus2-02",
        "X-Content-Type-Options": "nosniff",
        "x-ms-correlation-request-id": "3cedce9a-e76e-440e-9c43-2a76b2f4fd3c",
        "x-ms-ratelimit-remaining-subscription-reads": "11996",
        "x-ms-response-type": "standard",
        "x-ms-routing-request-id": "WESTUS2:20230223T062343Z:3cedce9a-e76e-440e-9c43-2a76b2f4fd3c",
        "x-request-time": "0.240"
      },
      "ResponseBody": {
        "id": "/subscriptions/00000000-0000-0000-0000-000000000/resourceGroups/00000/providers/Microsoft.MachineLearningServices/workspaces/00000/batchEndpoints/batch-ept-5ac235a6a04c477",
        "name": "batch-ept-5ac235a6a04c477",
        "type": "Microsoft.MachineLearningServices/workspaces/batchEndpoints",
        "properties": {
          "description": "funny",
          "properties": {
            "p1": "v1",
            "p2": "v2",
            "BatchEndpointCreationApiVersion": "2022-05-01",
            "azureml.onlineendpointid": "/subscriptions/00000000-0000-0000-0000-000000000/resourcegroups/00000/providers/microsoft.machinelearningservices/workspaces/00000/onlineendpoints/batch-ept-5ac235a6a04c477",
            "AzureAsyncOperationUri": "https://management.azure.com/subscriptions/00000000-0000-0000-0000-000000000/providers/Microsoft.MachineLearningServices/locations/eastus2/mfeOperationsStatus/be:2d1e66ae-85e3-42c0-be91-34de66397f26:d646da52-f95e-412a-9c2c-bd4e3ae6bfdc?api-version=2022-05-01"
          },
          "scoringUri": "https://batch-ept-5ac235a6a04c477.eastus2.inference.ml.azure.com/jobs",
          "swaggerUri": null,
          "authMode": "AADToken",
          "defaults": {
            "deploymentName": null
          },
          "provisioningState": "Succeeded"
        },
        "systemData": {
          "createdAt": "2023-02-23T06:23:11.197225\u002B00:00",
          "createdBy": "Diondra Peck",
          "lastModifiedAt": "2023-02-23T06:23:22.5840134\u002B00:00"
        },
        "tags": {
          "t1": "v1"
        },
        "location": "eastus2",
        "identity": {
          "type": "None",
          "principalId": "0000000-0000-0000-0000-000000000000",
          "tenantId": "00000000-0000-0000-0000-000000000000"
        }
      }
    },
    {
      "RequestUri": "https://management.azure.com/subscriptions/00000000-0000-0000-0000-000000000/resourceGroups/00000/providers/Microsoft.MachineLearningServices/workspaces/00000/batchEndpoints/batch-ept-5ac235a6a04c477?api-version=2022-05-01",
      "RequestMethod": "GET",
      "RequestHeaders": {
        "Accept": "application/json",
        "Accept-Encoding": "gzip, deflate",
        "Connection": "keep-alive",
        "User-Agent": "azure-ai-ml/1.5.0 azsdk-python-mgmt-machinelearningservices/0.1.0 Python/3.7.9 (Windows-10-10.0.22621-SP0)"
      },
      "RequestBody": null,
      "StatusCode": 200,
      "ResponseHeaders": {
        "Cache-Control": "no-cache",
        "Content-Encoding": "gzip",
        "Content-Type": "application/json; charset=utf-8",
        "Date": "Thu, 23 Feb 2023 06:23:44 GMT",
        "Expires": "-1",
        "Pragma": "no-cache",
        "Request-Context": "appId=cid-v1:2d2e8e63-272e-4b3c-8598-4ee570a0e70d",
        "Server-Timing": "traceparent;desc=\u002200-48858bd7a1b9492c8a1842e9a04fb1d5-dfb576446e2e5675-01\u0022",
        "Strict-Transport-Security": "max-age=31536000; includeSubDomains",
        "Transfer-Encoding": "chunked",
        "Vary": [
          "Accept-Encoding",
          "Accept-Encoding"
        ],
        "x-aml-cluster": "vienna-eastus2-02",
        "X-Content-Type-Options": "nosniff",
        "x-ms-correlation-request-id": "028d0605-28e8-43fc-9f6f-48bcaa839fea",
        "x-ms-ratelimit-remaining-subscription-reads": "11995",
        "x-ms-response-type": "standard",
        "x-ms-routing-request-id": "WESTUS2:20230223T062344Z:028d0605-28e8-43fc-9f6f-48bcaa839fea",
        "x-request-time": "0.890"
      },
      "ResponseBody": {
        "id": "/subscriptions/00000000-0000-0000-0000-000000000/resourceGroups/00000/providers/Microsoft.MachineLearningServices/workspaces/00000/batchEndpoints/batch-ept-5ac235a6a04c477",
        "name": "batch-ept-5ac235a6a04c477",
        "type": "Microsoft.MachineLearningServices/workspaces/batchEndpoints",
        "properties": {
          "description": "funny",
          "properties": {
            "p1": "v1",
            "p2": "v2",
            "BatchEndpointCreationApiVersion": "2022-05-01",
            "azureml.onlineendpointid": "/subscriptions/00000000-0000-0000-0000-000000000/resourcegroups/00000/providers/microsoft.machinelearningservices/workspaces/00000/onlineendpoints/batch-ept-5ac235a6a04c477",
            "AzureAsyncOperationUri": "https://management.azure.com/subscriptions/00000000-0000-0000-0000-000000000/providers/Microsoft.MachineLearningServices/locations/eastus2/mfeOperationsStatus/be:2d1e66ae-85e3-42c0-be91-34de66397f26:d646da52-f95e-412a-9c2c-bd4e3ae6bfdc?api-version=2022-05-01"
          },
          "scoringUri": "https://batch-ept-5ac235a6a04c477.eastus2.inference.ml.azure.com/jobs",
          "swaggerUri": null,
          "authMode": "AADToken",
          "defaults": {
            "deploymentName": null
          },
          "provisioningState": "Succeeded"
        },
        "systemData": {
          "createdAt": "2023-02-23T06:23:11.197225\u002B00:00",
          "createdBy": "Diondra Peck",
          "lastModifiedAt": "2023-02-23T06:23:22.5840134\u002B00:00"
        },
        "tags": {
          "t1": "v1"
        },
        "location": "eastus2",
        "identity": {
          "type": "None",
          "principalId": "0000000-0000-0000-0000-000000000000",
          "tenantId": "00000000-0000-0000-0000-000000000000"
        }
      }
    },
    {
      "RequestUri": "https://management.azure.com/subscriptions/00000000-0000-0000-0000-000000000/resourceGroups/00000/providers/Microsoft.MachineLearningServices/workspaces/00000/batchEndpoints/batch-ept-5ac235a6a04c477?api-version=2022-05-01",
      "RequestMethod": "DELETE",
      "RequestHeaders": {
        "Accept": "application/json",
        "Accept-Encoding": "gzip, deflate",
        "Connection": "keep-alive",
        "Content-Length": "0",
        "User-Agent": "azure-ai-ml/1.5.0 azsdk-python-mgmt-machinelearningservices/0.1.0 Python/3.7.9 (Windows-10-10.0.22621-SP0)"
      },
      "RequestBody": null,
      "StatusCode": 202,
      "ResponseHeaders": {
        "Azure-AsyncOperation": "https://management.azure.com/subscriptions/00000000-0000-0000-0000-000000000/providers/Microsoft.MachineLearningServices/locations/eastus2/mfeOperationsStatus/be:2d1e66ae-85e3-42c0-be91-34de66397f26:bee8aa9e-e228-4039-80f6-34773c00c761?api-version=2022-05-01",
        "Cache-Control": "no-cache",
        "Content-Length": "4",
        "Content-Type": "application/json; charset=utf-8",
        "Date": "Thu, 23 Feb 2023 06:23:45 GMT",
        "Expires": "-1",
        "Location": "https://management.azure.com/subscriptions/00000000-0000-0000-0000-000000000/providers/Microsoft.MachineLearningServices/locations/eastus2/mfeOperationResults/be:2d1e66ae-85e3-42c0-be91-34de66397f26:bee8aa9e-e228-4039-80f6-34773c00c761?api-version=2022-05-01",
        "Pragma": "no-cache",
        "Request-Context": "appId=cid-v1:2d2e8e63-272e-4b3c-8598-4ee570a0e70d",
        "Strict-Transport-Security": "max-age=31536000; includeSubDomains",
        "x-aml-cluster": "vienna-eastus2-02",
        "X-Content-Type-Options": "nosniff",
        "x-ms-async-operation-timeout": "PT30M",
        "x-ms-correlation-request-id": "4b4ba8bc-be05-463a-84b6-e7143839efbc",
        "x-ms-ratelimit-remaining-subscription-deletes": "14999",
        "x-ms-response-type": "standard",
        "x-ms-routing-request-id": "WESTUS2:20230223T062345Z:4b4ba8bc-be05-463a-84b6-e7143839efbc",
        "x-request-time": "0.385"
      },
      "ResponseBody": "null"
    },
    {
      "RequestUri": "https://management.azure.com/subscriptions/00000000-0000-0000-0000-000000000/providers/Microsoft.MachineLearningServices/locations/eastus2/mfeOperationsStatus/be:2d1e66ae-85e3-42c0-be91-34de66397f26:bee8aa9e-e228-4039-80f6-34773c00c761?api-version=2022-05-01",
      "RequestMethod": "GET",
      "RequestHeaders": {
        "Accept": "*/*",
        "Accept-Encoding": "gzip, deflate",
        "Connection": "keep-alive",
        "User-Agent": "azure-ai-ml/1.5.0 azsdk-python-mgmt-machinelearningservices/0.1.0 Python/3.7.9 (Windows-10-10.0.22621-SP0)"
      },
      "RequestBody": null,
      "StatusCode": 200,
      "ResponseHeaders": {
        "Cache-Control": "no-cache",
        "Content-Encoding": "gzip",
        "Content-Type": "application/json; charset=utf-8",
        "Date": "Thu, 23 Feb 2023 06:23:46 GMT",
        "Expires": "-1",
        "Pragma": "no-cache",
        "Request-Context": "appId=cid-v1:2d2e8e63-272e-4b3c-8598-4ee570a0e70d",
        "Server-Timing": "traceparent;desc=\u002200-54e18bdb7dfa4042bf1cc9f63bf0be89-c9cbc0db16e96f25-01\u0022",
        "Strict-Transport-Security": "max-age=31536000; includeSubDomains",
        "Transfer-Encoding": "chunked",
        "Vary": [
          "Accept-Encoding",
          "Accept-Encoding"
        ],
        "x-aml-cluster": "vienna-eastus2-01",
        "X-Content-Type-Options": "nosniff",
        "x-ms-correlation-request-id": "70a25c34-c66b-4b70-986c-9c8d5e4dbacf",
        "x-ms-ratelimit-remaining-subscription-reads": "11994",
        "x-ms-response-type": "standard",
        "x-ms-routing-request-id": "WESTUS2:20230223T062346Z:70a25c34-c66b-4b70-986c-9c8d5e4dbacf",
        "x-request-time": "0.042"
      },
      "ResponseBody": {
        "id": "/subscriptions/00000000-0000-0000-0000-000000000/providers/Microsoft.MachineLearningServices/locations/eastus2/mfeOperationsStatus/be:2d1e66ae-85e3-42c0-be91-34de66397f26:bee8aa9e-e228-4039-80f6-34773c00c761",
        "name": "be:2d1e66ae-85e3-42c0-be91-34de66397f26:bee8aa9e-e228-4039-80f6-34773c00c761",
        "startTime": "2023-02-23T06:23:45.7280921\u002B00:00",
        "percentComplete": 0.0,
        "status": "Updating"
      }
    },
    {
      "RequestUri": "https://management.azure.com/subscriptions/00000000-0000-0000-0000-000000000/providers/Microsoft.MachineLearningServices/locations/eastus2/mfeOperationsStatus/be:2d1e66ae-85e3-42c0-be91-34de66397f26:bee8aa9e-e228-4039-80f6-34773c00c761?api-version=2022-05-01",
      "RequestMethod": "GET",
      "RequestHeaders": {
        "Accept": "*/*",
        "Accept-Encoding": "gzip, deflate",
        "Connection": "keep-alive",
        "User-Agent": "azure-ai-ml/1.5.0 azsdk-python-mgmt-machinelearningservices/0.1.0 Python/3.7.9 (Windows-10-10.0.22621-SP0)"
      },
      "RequestBody": null,
      "StatusCode": 200,
      "ResponseHeaders": {
        "Cache-Control": "no-cache",
        "Content-Encoding": "gzip",
        "Content-Type": "application/json; charset=utf-8",
        "Date": "Thu, 23 Feb 2023 06:23:51 GMT",
        "Expires": "-1",
        "Pragma": "no-cache",
        "Request-Context": "appId=cid-v1:2d2e8e63-272e-4b3c-8598-4ee570a0e70d",
        "Server-Timing": "traceparent;desc=\u002200-c73b00e01f5bb58cff9c2bd5cf3cfb23-251accef991f7d49-01\u0022",
        "Strict-Transport-Security": "max-age=31536000; includeSubDomains",
        "Transfer-Encoding": "chunked",
        "Vary": [
          "Accept-Encoding",
          "Accept-Encoding"
        ],
        "x-aml-cluster": "vienna-eastus2-01",
        "X-Content-Type-Options": "nosniff",
        "x-ms-correlation-request-id": "a040f643-3685-4d0c-a4dc-8842d7f3decf",
        "x-ms-ratelimit-remaining-subscription-reads": "11993",
        "x-ms-response-type": "standard",
        "x-ms-routing-request-id": "WESTUS2:20230223T062352Z:a040f643-3685-4d0c-a4dc-8842d7f3decf",
        "x-request-time": "0.049"
      },
      "ResponseBody": {
        "id": "/subscriptions/00000000-0000-0000-0000-000000000/providers/Microsoft.MachineLearningServices/locations/eastus2/mfeOperationsStatus/be:2d1e66ae-85e3-42c0-be91-34de66397f26:bee8aa9e-e228-4039-80f6-34773c00c761",
        "name": "be:2d1e66ae-85e3-42c0-be91-34de66397f26:bee8aa9e-e228-4039-80f6-34773c00c761",
        "startTime": "2023-02-23T06:23:45.7280921\u002B00:00",
        "percentComplete": 0.0,
        "status": "Updating"
      }
    },
    {
      "RequestUri": "https://management.azure.com/subscriptions/00000000-0000-0000-0000-000000000/providers/Microsoft.MachineLearningServices/locations/eastus2/mfeOperationsStatus/be:2d1e66ae-85e3-42c0-be91-34de66397f26:bee8aa9e-e228-4039-80f6-34773c00c761?api-version=2022-05-01",
      "RequestMethod": "GET",
      "RequestHeaders": {
        "Accept": "*/*",
        "Accept-Encoding": "gzip, deflate",
        "Connection": "keep-alive",
        "User-Agent": "azure-ai-ml/1.5.0 azsdk-python-mgmt-machinelearningservices/0.1.0 Python/3.7.9 (Windows-10-10.0.22621-SP0)"
      },
      "RequestBody": null,
      "StatusCode": 200,
      "ResponseHeaders": {
        "Cache-Control": "no-cache",
        "Content-Encoding": "gzip",
        "Content-Type": "application/json; charset=utf-8",
        "Date": "Thu, 23 Feb 2023 06:23:57 GMT",
        "Expires": "-1",
        "Pragma": "no-cache",
        "Request-Context": "appId=cid-v1:2d2e8e63-272e-4b3c-8598-4ee570a0e70d",
        "Server-Timing": "traceparent;desc=\u002200-fb9334ddef809f5c849432e0103865c0-1b4c33a746f7958a-01\u0022",
        "Strict-Transport-Security": "max-age=31536000; includeSubDomains",
        "Transfer-Encoding": "chunked",
        "Vary": [
          "Accept-Encoding",
          "Accept-Encoding"
        ],
        "x-aml-cluster": "vienna-eastus2-01",
        "X-Content-Type-Options": "nosniff",
        "x-ms-correlation-request-id": "4f8ab9c6-8dcd-4f2c-8ff2-0f8f20996a84",
        "x-ms-ratelimit-remaining-subscription-reads": "11992",
        "x-ms-response-type": "standard",
        "x-ms-routing-request-id": "WESTUS2:20230223T062357Z:4f8ab9c6-8dcd-4f2c-8ff2-0f8f20996a84",
        "x-request-time": "0.155"
      },
      "ResponseBody": {
        "id": "/subscriptions/00000000-0000-0000-0000-000000000/providers/Microsoft.MachineLearningServices/locations/eastus2/mfeOperationsStatus/be:2d1e66ae-85e3-42c0-be91-34de66397f26:bee8aa9e-e228-4039-80f6-34773c00c761",
        "name": "be:2d1e66ae-85e3-42c0-be91-34de66397f26:bee8aa9e-e228-4039-80f6-34773c00c761",
        "startTime": "2023-02-23T06:23:45.7280921\u002B00:00",
        "endTime": "2023-02-23T06:23:56.0245692\u002B00:00",
        "percentComplete": 100.0,
        "status": "Succeeded"
      }
    },
    {
      "RequestUri": "https://management.azure.com/subscriptions/00000000-0000-0000-0000-000000000/resourceGroups/00000/providers/Microsoft.MachineLearningServices/workspaces/00000/batchEndpoints/batch-ept-5ac235a6a04c477?api-version=2022-05-01",
      "RequestMethod": "GET",
      "RequestHeaders": {
        "Accept": "application/json",
        "Accept-Encoding": "gzip, deflate",
        "Connection": "keep-alive",
        "User-Agent": "azure-ai-ml/1.5.0 azsdk-python-mgmt-machinelearningservices/0.1.0 Python/3.7.9 (Windows-10-10.0.22621-SP0)"
      },
      "RequestBody": null,
      "StatusCode": 404,
      "ResponseHeaders": {
        "Cache-Control": "no-cache",
        "Content-Length": "1005",
        "Content-Type": "application/json; charset=utf-8",
        "Date": "Thu, 23 Feb 2023 06:23:58 GMT",
        "Expires": "-1",
        "Pragma": "no-cache",
        "Request-Context": "appId=cid-v1:2d2e8e63-272e-4b3c-8598-4ee570a0e70d",
        "Strict-Transport-Security": "max-age=31536000; includeSubDomains",
        "Vary": "Accept-Encoding",
        "x-aml-cluster": "vienna-eastus2-02",
        "X-Content-Type-Options": "nosniff",
        "x-ms-correlation-request-id": "f795ba1c-136e-4b70-825c-42bfd0d53694",
        "x-ms-ratelimit-remaining-subscription-reads": "11991",
        "x-ms-response-type": "error",
        "x-ms-routing-request-id": "WESTUS2:20230223T062358Z:f795ba1c-136e-4b70-825c-42bfd0d53694",
        "x-request-time": "0.110"
      },
      "ResponseBody": {
        "error": {
          "code": "NotFound",
          "message": "The specified resource was not found.",
          "details": [
            {
              "code": "NoSuchEndpoint",
              "message": "There is no endpoint with name: batch-ept-5ac235a6a04c477 in 00000",
              "details": [],
              "additionalInfo": []
            }
          ],
          "additionalInfo": [
            {
              "type": "ComponentName",
              "info": {
                "value": "managementfrontend"
              }
            },
            {
              "type": "Correlation",
              "info": {
                "value": {
                  "operation": "34ae5b2ad001bec026c9acb29ffb5361",
                  "request": "2efbaaf436c4fb76"
                }
              }
            },
            {
              "type": "Environment",
              "info": {
                "value": "eastus2"
              }
            },
            {
              "type": "Location",
              "info": {
                "value": "eastus2"
              }
            },
            {
              "type": "Time",
              "info": {
                "value": "2023-02-23T06:23:58.1508587\u002B00:00"
              }
            }
          ]
        }
      }
    }
  ],
  "Variables": {
    "name": "batch-ept-5ac235a6a04c477"
  }
}
