interactions:
- request:
    body: '{"location": "westus", "properties": {"enableFileUploadNotifications":
      false, "features": "None"}, "sku": {"name": "S1", "capacity": 2}}'
    headers:
      Accept:
      - application/json
      Accept-Encoding:
      - gzip, deflate
      Connection:
      - keep-alive
      Content-Length:
      - '136'
      Content-Type:
      - application/json; charset=utf-8
      User-Agent:
      - python/3.8.10 (Linux-5.4.0-1047-azure-x86_64-with-glibc2.2.5) msrest/0.6.21
        VSTS_0fb41ef4-5012-48a9-bf39-4ee3de03ee35_build_2384_0 msrest_azure/0.6.4
        azure-mgmt-iothub/0.13.0 Azure-SDK-For-Python
      accept-language:
      - en-US
    method: PUT
    uri: https://management.azure.com/subscriptions/00000000-0000-0000-0000-000000000000/resourceGroups/test_mgmt_iothub_test_iothub_consumer_group88d011ee/providers/Microsoft.Devices/IotHubs/iot88d011ee?api-version=2021-03-31
  response:
    body:
      string: '{"id":"/subscriptions/00000000-0000-0000-0000-000000000000/resourceGroups/test_mgmt_iothub_test_iothub_consumer_group88d011ee/providers/Microsoft.Devices/IotHubs/iot88d011ee","name":"iot88d011ee","type":"Microsoft.Devices/IotHubs","location":"westus","tags":{},"subscriptionid":"00000000-0000-0000-0000-000000000000","resourcegroup":"test_mgmt_iothub_test_iothub_consumer_group88d011ee","properties":{"state":"Activating","provisioningState":"Accepted","enableFileUploadNotifications":false,"cloudToDevice":{"maxDeliveryCount":10,"defaultTtlAsIso8601":"PT1H","feedback":{"lockDurationAsIso8601":"PT1M","ttlAsIso8601":"PT1H","maxDeliveryCount":10}},"features":"None"},"sku":{"name":"S1","tier":"Standard","capacity":2}}'
    headers:
      azure-asyncoperation:
      - https://management.azure.com/subscriptions/00000000-0000-0000-0000-000000000000/providers/Microsoft.Devices/operationResults/b3NfaWhfYWE3OWM3YTgtZTVlZS00ODE3LWI0YWQtZWM3MTE1NjhiY2M5?api-version=2021-03-31&operationSource=os_ih&asyncinfo
      cache-control:
      - no-cache
      content-length:
      - '728'
      content-type:
      - application/json; charset=utf-8
      date:
      - Fri, 14 May 2021 09:26:04 GMT
      expires:
      - '-1'
      pragma:
      - no-cache
      server:
      - Microsoft-HTTPAPI/2.0
      strict-transport-security:
      - max-age=31536000; includeSubDomains
      x-content-type-options:
      - nosniff
      x-ms-ratelimit-remaining-subscription-resource-requests:
      - '4999'
    status:
      code: 201
      message: Created
- request:
    body: null
    headers:
      Accept:
      - application/json
      Accept-Encoding:
      - gzip, deflate
      Connection:
      - keep-alive
      User-Agent:
      - python/3.8.10 (Linux-5.4.0-1047-azure-x86_64-with-glibc2.2.5) msrest/0.6.21
        VSTS_0fb41ef4-5012-48a9-bf39-4ee3de03ee35_build_2384_0 msrest_azure/0.6.4
        azure-mgmt-iothub/0.13.0 Azure-SDK-For-Python
    method: GET
    uri: https://management.azure.com/subscriptions/00000000-0000-0000-0000-000000000000/providers/Microsoft.Devices/operationResults/b3NfaWhfYWE3OWM3YTgtZTVlZS00ODE3LWI0YWQtZWM3MTE1NjhiY2M5?api-version=2021-03-31&operationSource=os_ih&asyncinfo
  response:
    body:
      string: '{"status":"Running"}'
    headers:
      cache-control:
      - no-cache
      content-length:
      - '20'
      content-type:
      - application/json; charset=utf-8
      date:
      - Fri, 14 May 2021 09:26:35 GMT
      expires:
      - '-1'
      pragma:
      - no-cache
      server:
      - Microsoft-HTTPAPI/2.0
      strict-transport-security:
      - max-age=31536000; includeSubDomains
      transfer-encoding:
      - chunked
      vary:
      - Accept-Encoding
      x-content-type-options:
      - nosniff
    status:
      code: 200
      message: OK
- request:
    body: null
    headers:
      Accept:
      - application/json
      Accept-Encoding:
      - gzip, deflate
      Connection:
      - keep-alive
      User-Agent:
      - python/3.8.10 (Linux-5.4.0-1047-azure-x86_64-with-glibc2.2.5) msrest/0.6.21
        VSTS_0fb41ef4-5012-48a9-bf39-4ee3de03ee35_build_2384_0 msrest_azure/0.6.4
        azure-mgmt-iothub/0.13.0 Azure-SDK-For-Python
    method: GET
    uri: https://management.azure.com/subscriptions/00000000-0000-0000-0000-000000000000/providers/Microsoft.Devices/operationResults/b3NfaWhfYWE3OWM3YTgtZTVlZS00ODE3LWI0YWQtZWM3MTE1NjhiY2M5?api-version=2021-03-31&operationSource=os_ih&asyncinfo
  response:
    body:
      string: '{"status":"Running"}'
    headers:
      cache-control:
      - no-cache
      content-length:
      - '20'
      content-type:
      - application/json; charset=utf-8
      date:
      - Fri, 14 May 2021 09:27:04 GMT
      expires:
      - '-1'
      pragma:
      - no-cache
      server:
      - Microsoft-HTTPAPI/2.0
      strict-transport-security:
      - max-age=31536000; includeSubDomains
      transfer-encoding:
      - chunked
      vary:
      - Accept-Encoding
      x-content-type-options:
      - nosniff
    status:
      code: 200
      message: OK
- request:
    body: null
    headers:
      Accept:
      - application/json
      Accept-Encoding:
      - gzip, deflate
      Connection:
      - keep-alive
      User-Agent:
      - python/3.8.10 (Linux-5.4.0-1047-azure-x86_64-with-glibc2.2.5) msrest/0.6.21
        VSTS_0fb41ef4-5012-48a9-bf39-4ee3de03ee35_build_2384_0 msrest_azure/0.6.4
        azure-mgmt-iothub/0.13.0 Azure-SDK-For-Python
    method: GET
    uri: https://management.azure.com/subscriptions/00000000-0000-0000-0000-000000000000/providers/Microsoft.Devices/operationResults/b3NfaWhfYWE3OWM3YTgtZTVlZS00ODE3LWI0YWQtZWM3MTE1NjhiY2M5?api-version=2021-03-31&operationSource=os_ih&asyncinfo
  response:
    body:
      string: '{"status":"Running"}'
    headers:
      cache-control:
      - no-cache
      content-length:
      - '20'
      content-type:
      - application/json; charset=utf-8
      date:
      - Fri, 14 May 2021 09:27:34 GMT
      expires:
      - '-1'
      pragma:
      - no-cache
      server:
      - Microsoft-HTTPAPI/2.0
      strict-transport-security:
      - max-age=31536000; includeSubDomains
      transfer-encoding:
      - chunked
      vary:
      - Accept-Encoding
      x-content-type-options:
      - nosniff
    status:
      code: 200
      message: OK
- request:
    body: null
    headers:
      Accept:
      - application/json
      Accept-Encoding:
      - gzip, deflate
      Connection:
      - keep-alive
      User-Agent:
      - python/3.8.10 (Linux-5.4.0-1047-azure-x86_64-with-glibc2.2.5) msrest/0.6.21
        VSTS_0fb41ef4-5012-48a9-bf39-4ee3de03ee35_build_2384_0 msrest_azure/0.6.4
        azure-mgmt-iothub/0.13.0 Azure-SDK-For-Python
    method: GET
    uri: https://management.azure.com/subscriptions/00000000-0000-0000-0000-000000000000/providers/Microsoft.Devices/operationResults/b3NfaWhfYWE3OWM3YTgtZTVlZS00ODE3LWI0YWQtZWM3MTE1NjhiY2M5?api-version=2021-03-31&operationSource=os_ih&asyncinfo
  response:
    body:
      string: '{"status":"Succeeded"}'
    headers:
      cache-control:
      - no-cache
      content-length:
      - '22'
      content-type:
      - application/json; charset=utf-8
      date:
      - Fri, 14 May 2021 09:28:05 GMT
      expires:
      - '-1'
      pragma:
      - no-cache
      server:
      - Microsoft-HTTPAPI/2.0
      strict-transport-security:
      - max-age=31536000; includeSubDomains
      transfer-encoding:
      - chunked
      vary:
      - Accept-Encoding
      x-content-type-options:
      - nosniff
    status:
      code: 200
      message: OK
- request:
    body: null
    headers:
      Accept:
      - application/json
      Accept-Encoding:
      - gzip, deflate
      Connection:
      - keep-alive
      User-Agent:
      - python/3.8.10 (Linux-5.4.0-1047-azure-x86_64-with-glibc2.2.5) msrest/0.6.21
        VSTS_0fb41ef4-5012-48a9-bf39-4ee3de03ee35_build_2384_0 msrest_azure/0.6.4
        azure-mgmt-iothub/0.13.0 Azure-SDK-For-Python
    method: GET
    uri: https://management.azure.com/subscriptions/00000000-0000-0000-0000-000000000000/resourceGroups/test_mgmt_iothub_test_iothub_consumer_group88d011ee/providers/Microsoft.Devices/IotHubs/iot88d011ee?api-version=2021-03-31
  response:
    body:
      string: '{"id":"/subscriptions/00000000-0000-0000-0000-000000000000/resourceGroups/test_mgmt_iothub_test_iothub_consumer_group88d011ee/providers/Microsoft.Devices/IotHubs/iot88d011ee","name":"iot88d011ee","type":"Microsoft.Devices/IotHubs","location":"westus","tags":{},"subscriptionid":"00000000-0000-0000-0000-000000000000","resourcegroup":"test_mgmt_iothub_test_iothub_consumer_group88d011ee","etag":"AAAADEou7MA=","properties":{"locations":[{"location":"West
        US","role":"primary"},{"location":"East US","role":"secondary"}],"state":"Active","provisioningState":"Succeeded","ipFilterRules":[],"hostName":"iot88d011ee.azure-devices.net","eventHubEndpoints":{"events":{"retentionTimeInDays":1,"partitionCount":4,"partitionIds":["0","1","2","3"],"path":"iot88d011ee","endpoint":"sb://iothub-ns-iot88d011e-10929404-9bbad06751.servicebus.windows.net/"}},"routing":{"endpoints":{"serviceBusQueues":[],"serviceBusTopics":[],"eventHubs":[],"storageContainers":[]},"routes":[],"fallbackRoute":{"name":"$fallback","source":"DeviceMessages","condition":"true","endpointNames":["events"],"isEnabled":true}},"storageEndpoints":{"$default":{"sasTtlAsIso8601":"PT1H","connectionString":"","containerName":""}},"messagingEndpoints":{"fileNotifications":{"lockDurationAsIso8601":"PT1M","ttlAsIso8601":"PT1H","maxDeliveryCount":10}},"enableFileUploadNotifications":false,"cloudToDevice":{"maxDeliveryCount":10,"defaultTtlAsIso8601":"PT1H","feedback":{"lockDurationAsIso8601":"PT1M","ttlAsIso8601":"PT1H","maxDeliveryCount":10}},"features":"None"},"sku":{"name":"S1","tier":"Standard","capacity":2},"identity":{"type":"None"}}'
    headers:
      cache-control:
      - no-cache
      content-length:
      - '1611'
      content-type:
      - application/json; charset=utf-8
      date:
      - Fri, 14 May 2021 09:28:05 GMT
      expires:
      - '-1'
      pragma:
      - no-cache
      server:
      - Microsoft-HTTPAPI/2.0
      strict-transport-security:
      - max-age=31536000; includeSubDomains
      transfer-encoding:
      - chunked
      vary:
      - Accept-Encoding
      x-content-type-options:
      - nosniff
    status:
      code: 200
      message: OK
version: 1
