{
  "Entries": [
    {
      "RequestUri": "https://login.microsoftonline.com/00000000-0000-0000-0000-000000000000/v2.0/.well-known/openid-configuration",
      "RequestMethod": "GET",
      "RequestHeaders": {
        "Accept": "*/*",
        "Accept-Encoding": "gzip, deflate",
        "Connection": "keep-alive",
        "User-Agent": "azsdk-python-identity/1.7.2 Python/3.8.8 (Windows-10-10.0.19041-SP0)"
      },
      "RequestBody": null,
      "StatusCode": 200,
      "ResponseHeaders": {
        "Access-Control-Allow-Methods": "GET, OPTIONS",
        "Access-Control-Allow-Origin": "*",
        "Cache-Control": "max-age=86400, private",
        "Content-Length": "1753",
        "Content-Type": "application/json; charset=utf-8",
        "Date": "Thu, 09 Dec 2021 06:00:49 GMT",
        "P3P": "CP=\u0022DSP CUR OTPi IND OTRi ONL FIN\u0022",
        "Set-Cookie": [
          "fpc=AvXNxsNckf1Gr_4lUtqwBTA; expires=Sat, 08-Jan-2022 06:00:49 GMT; path=/; secure; HttpOnly; SameSite=None",
          "esctx=AQABAAAAAAD--DLA3VO7QrddgJg7WevrfJ2rhIVWanvrQ0CWj3rdvrk2xptS2oJ-J6x_vvFnwyzqk2nQ3MPy_uaVgVXCNneDYMW5qzj0N3k9mUL2-RduZTjdO04uQq4xGmiN2k0erXDDoNmeX-L4XI9tZ0MMiXpkl0DQeZiOOD9jWgyAVozVotHcQOjM6X3YRRjLqxZZF6ogAA; domain=.login.microsoftonline.com; path=/; secure; HttpOnly; SameSite=None",
          "x-ms-gateway-slice=estsfd; path=/; secure; samesite=none; httponly",
          "stsservicecookie=estsfd; path=/; secure; samesite=none; httponly"
        ],
        "Strict-Transport-Security": "max-age=31536000; includeSubDomains",
        "X-Content-Type-Options": "nosniff",
        "x-ms-ests-server": "2.1.12249.17 - SCUS ProdSlices",
        "x-ms-request-id": "a6c46ae4-6549-4f6d-a3a0-010c23761300"
      },
      "ResponseBody": {
        "token_endpoint": "https://login.microsoftonline.com/00000000-0000-0000-0000-000000000000/oauth2/v2.0/token",
        "token_endpoint_auth_methods_supported": [
          "client_secret_post",
          "private_key_jwt",
          "client_secret_basic"
        ],
        "jwks_uri": "https://login.microsoftonline.com/00000000-0000-0000-0000-000000000000/discovery/v2.0/keys",
        "response_modes_supported": [
          "query",
          "fragment",
          "form_post"
        ],
        "subject_types_supported": [
          "pairwise"
        ],
        "id_token_signing_alg_values_supported": [
          "RS256"
        ],
        "response_types_supported": [
          "code",
          "id_token",
          "code id_token",
          "id_token token"
        ],
        "scopes_supported": [
          "openid",
          "profile",
          "email",
          "offline_access"
        ],
        "issuer": "https://login.microsoftonline.com/00000000-0000-0000-0000-000000000000/v2.0",
        "request_uri_parameter_supported": false,
        "userinfo_endpoint": "https://graph.microsoft.com/oidc/userinfo",
        "authorization_endpoint": "https://login.microsoftonline.com/00000000-0000-0000-0000-000000000000/oauth2/v2.0/authorize",
        "device_authorization_endpoint": "https://login.microsoftonline.com/00000000-0000-0000-0000-000000000000/oauth2/v2.0/devicecode",
        "http_logout_supported": true,
        "frontchannel_logout_supported": true,
        "end_session_endpoint": "https://login.microsoftonline.com/00000000-0000-0000-0000-000000000000/oauth2/v2.0/logout",
        "claims_supported": [
          "sub",
          "iss",
          "cloud_instance_name",
          "cloud_instance_host_name",
          "cloud_graph_host_name",
          "msgraph_host",
          "aud",
          "exp",
          "iat",
          "auth_time",
          "acr",
          "nonce",
          "preferred_username",
          "name",
          "tid",
          "ver",
          "at_hash",
          "c_hash",
          "email"
        ],
        "kerberos_endpoint": "https://login.microsoftonline.com/00000000-0000-0000-0000-000000000000/kerberos",
        "tenant_region_scope": "NA",
        "cloud_instance_name": "microsoftonline.com",
        "cloud_graph_host_name": "graph.windows.net",
        "msgraph_host": "graph.microsoft.com",
        "rbac_url": "https://pas.windows.net"
      }
    },
    {
      "RequestUri": "https://login.microsoftonline.com/common/discovery/instance?api-version=1.1\u0026authorization_endpoint=https://login.microsoftonline.com/common/oauth2/authorize",
      "RequestMethod": "GET",
      "RequestHeaders": {
        "Accept": "application/json",
        "Accept-Encoding": "gzip, deflate",
        "Connection": "keep-alive",
        "Cookie": "fpc=AvXNxsNckf1Gr_4lUtqwBTA; stsservicecookie=estsfd; x-ms-gateway-slice=estsfd",
        "User-Agent": "azsdk-python-identity/1.7.2 Python/3.8.8 (Windows-10-10.0.19041-SP0)"
      },
      "RequestBody": null,
      "StatusCode": 200,
      "ResponseHeaders": {
        "Access-Control-Allow-Methods": "GET, OPTIONS",
        "Access-Control-Allow-Origin": "*",
        "Cache-Control": "max-age=86400, private",
        "Content-Length": "945",
        "Content-Type": "application/json; charset=utf-8",
        "Date": "Thu, 09 Dec 2021 06:00:49 GMT",
        "P3P": "CP=\u0022DSP CUR OTPi IND OTRi ONL FIN\u0022",
        "Set-Cookie": [
          "fpc=AvXNxsNckf1Gr_4lUtqwBTA; expires=Sat, 08-Jan-2022 06:00:50 GMT; path=/; secure; HttpOnly; SameSite=None",
          "x-ms-gateway-slice=estsfd; path=/; secure; samesite=none; httponly",
          "stsservicecookie=estsfd; path=/; secure; samesite=none; httponly"
        ],
        "Strict-Transport-Security": "max-age=31536000; includeSubDomains",
        "X-Content-Type-Options": "nosniff",
        "x-ms-ests-server": "2.1.12261.14 - KRSLR1 ProdSlices",
        "x-ms-request-id": "1a38419d-bfc2-443e-bb1b-f20ca43d0300"
      },
      "ResponseBody": {
        "tenant_discovery_endpoint": "https://login.microsoftonline.com/common/.well-known/openid-configuration",
        "api-version": "1.1",
        "metadata": [
          {
            "preferred_network": "login.microsoftonline.com",
            "preferred_cache": "login.windows.net",
            "aliases": [
              "login.microsoftonline.com",
              "login.windows.net",
              "login.microsoft.com",
              "sts.windows.net"
            ]
          },
          {
            "preferred_network": "login.partner.microsoftonline.cn",
            "preferred_cache": "login.partner.microsoftonline.cn",
            "aliases": [
              "login.partner.microsoftonline.cn",
              "login.chinacloudapi.cn"
            ]
          },
          {
            "preferred_network": "login.microsoftonline.de",
            "preferred_cache": "login.microsoftonline.de",
            "aliases": [
              "login.microsoftonline.de"
            ]
          },
          {
            "preferred_network": "login.microsoftonline.us",
            "preferred_cache": "login.microsoftonline.us",
            "aliases": [
              "login.microsoftonline.us",
              "login.usgovcloudapi.net"
            ]
          },
          {
            "preferred_network": "login-us.microsoftonline.com",
            "preferred_cache": "login-us.microsoftonline.com",
            "aliases": [
              "login-us.microsoftonline.com"
            ]
          }
        ]
      }
    },
    {
      "RequestUri": "https://login.microsoftonline.com/00000000-0000-0000-0000-000000000000/oauth2/v2.0/token",
      "RequestMethod": "POST",
      "RequestHeaders": {
        "Accept": "application/json",
        "Accept-Encoding": "gzip, deflate",
        "client-request-id": "433d84b1-35d9-43f4-b2f2-840faa3ee444",
        "Connection": "keep-alive",
        "Content-Length": "289",
        "Content-Type": "application/x-www-form-urlencoded",
        "Cookie": "fpc=AvXNxsNckf1Gr_4lUtqwBTA; stsservicecookie=estsfd; x-ms-gateway-slice=estsfd",
        "User-Agent": "azsdk-python-identity/1.7.2 Python/3.8.8 (Windows-10-10.0.19041-SP0)",
        "x-client-cpu": "x64",
        "x-client-current-telemetry": "4|730,0|",
        "x-client-last-telemetry": "4|0|||",
        "x-client-os": "win32",
        "x-client-sku": "MSAL.Python",
        "x-client-ver": "1.16.0",
        "x-ms-lib-capability": "retry-after, h429"
      },
      "RequestBody": "client_id=a2df54d5-ab03-4725-9b80-9a00b3b1967f\u0026grant_type=client_credentials\u0026client_info=1\u0026client_secret=0vj7Q~IsFayrD0V_8oyOfygU-GE3ELOabq95a\u0026claims=%7B%22access_token%22%3A\u002B%7B%22xms_cc%22%3A\u002B%7B%22values%22%3A\u002B%5B%22CP1%22%5D%7D%7D%7D\u0026scope=https%3A%2F%2Fmanagement.azure.com%2F.default",
      "StatusCode": 200,
      "ResponseHeaders": {
        "Cache-Control": "no-store, no-cache",
        "client-request-id": "433d84b1-35d9-43f4-b2f2-840faa3ee444",
        "Content-Length": "1391",
        "Content-Type": "application/json; charset=utf-8",
        "Date": "Thu, 09 Dec 2021 06:00:50 GMT",
        "Expires": "-1",
        "P3P": "CP=\u0022DSP CUR OTPi IND OTRi ONL FIN\u0022",
        "Pragma": "no-cache",
        "Set-Cookie": [
          "fpc=AvXNxsNckf1Gr_4lUtqwBTCZHqKEAQAAAJKSQ9kOAAAA; expires=Sat, 08-Jan-2022 06:00:50 GMT; path=/; secure; HttpOnly; SameSite=None",
          "x-ms-gateway-slice=estsfd; path=/; secure; samesite=none; httponly",
          "stsservicecookie=estsfd; path=/; secure; samesite=none; httponly"
        ],
        "Strict-Transport-Security": "max-age=31536000; includeSubDomains",
        "X-Content-Type-Options": "nosniff",
        "x-ms-clitelem": "1,0,0,,",
        "x-ms-ests-server": "2.1.12249.17 - NCUS ProdSlices",
        "x-ms-request-id": "dc20fb6a-a2fb-4e04-98be-561016870900"
      },
      "ResponseBody": {
        "token_type": "Bearer",
        "expires_in": 3599,
        "ext_expires_in": 3599,
        "access_token": "eyJ0eXAiOiJKV1QiLCJhbGciOiJSUzI1NiIsIng1dCI6Imwzc1EtNTBjQ0g0eEJWWkxIVEd3blNSNzY4MCIsImtpZCI6Imwzc1EtNTBjQ0g0eEJWWkxIVEd3blNSNzY4MCJ9.eyJhdWQiOiJodHRwczovL21hbmFnZW1lbnQuYXp1cmUuY29tIiwiaXNzIjoiaHR0cHM6Ly9zdHMud2luZG93cy5uZXQvNTQ4MjZiMjItMzhkNi00ZmIyLWJhZDktYjdiOTNhM2U5YzVhLyIsImlhdCI6MTYzOTAyOTM1MCwibmJmIjoxNjM5MDI5MzUwLCJleHAiOjE2MzkwMzMyNTAsImFpbyI6IkUyWmdZTmk5NnlodlpnM0h0NGNuenJvZEZQR2VDUUE9IiwiYXBwaWQiOiJhMmRmNTRkNS1hYjAzLTQ3MjUtOWI4MC05YTAwYjNiMTk2N2YiLCJhcHBpZGFjciI6IjEiLCJpZHAiOiJodHRwczovL3N0cy53aW5kb3dzLm5ldC81NDgyNmIyMi0zOGQ2LTRmYjItYmFkOS1iN2I5M2EzZTljNWEvIiwiaWR0eXAiOiJhcHAiLCJvaWQiOiI4ODdjNDJiMS03OTQ2LTRjMjItYmFhNi0xNTA0M2U0YjEzMjMiLCJyaCI6IjAuQVRjQUltdUNWTlk0c2stNjJiZTVPajZjV3RWVTM2SURxeVZIbTRDYUFMT3hsbjgzQUFBLiIsInN1YiI6Ijg4N2M0MmIxLTc5NDYtNGMyMi1iYWE2LTE1MDQzZTRiMTMyMyIsInRpZCI6IjU0ODI2YjIyLTM4ZDYtNGZiMi1iYWQ5LWI3YjkzYTNlOWM1YSIsInV0aSI6ImF2c2czUHVpQkU2WXZsWVFGb2NKQUEiLCJ2ZXIiOiIxLjAiLCJ4bXNfY2MiOlsiQ1AxIl0sInhtc190Y2R0IjoxNDEyMjA2ODQwfQ.DraMfhDa77YZ4m9INPxcDy5jKSPDfvwIm0uMQrRjtFK3t_jtnmCd17YJVdi1IderCfosjOSebS_hl3Zs6GqG9ED-SQPovcZl7J3O4s6L9Mg95J-tyAffpmLQ7VGece6IbqbOUp8BzmvLJ8l_PliUgbGykOi0FuxBsYHQt3K0pyaTVDl-bng8fxCvrdKes0-RaoHoXe5VIakZN1faouIZFVIxQc2oFOrDIe24TpeSoVZhIVuPJpBNe4z6Z5w4TY_wlLLNJWXVOPOYPl5xC5Gg0s89DyQRsqmF58eCNsT2Twn8WhhwAuuQ8MKYfdzj7Wyn4xiHjbSuZVc1p_SIlDzYdg"
      }
    },
    {
      "RequestUri": "https://management.azure.com/subscriptions/00000000-0000-0000-0000-000000000000/resourceGroups/ae7c1d7b/providers/Microsoft.Cdn/profiles/profilename?api-version=2020-09-01",
      "RequestMethod": "PUT",
      "RequestHeaders": {
        "Accept": "application/json",
        "Accept-Encoding": "gzip, deflate",
        "Authorization": "Sanitized",
        "Connection": "keep-alive",
        "Content-Length": "59",
        "Content-Type": "application/json",
        "User-Agent": "azsdk-python-mgmt-cdn/11.0.0 Python/3.8.8 (Windows-10-10.0.19041-SP0)",
        "x-ms-client-request-id": "5b6bfe4b-58b5-11ec-9a3a-70b5e82527ff"
      },
      "RequestBody": "{\u0022location\u0022: \u0022WestUs\u0022, \u0022sku\u0022: {\u0022name\u0022: \u0022Standard_Verizon\u0022}}",
      "StatusCode": 201,
      "ResponseHeaders": {
        "Azure-AsyncOperation": "https://management.azure.com/subscriptions/00000000-0000-0000-0000-000000000000/resourcegroups/ae7c1d7b/providers/Microsoft.Cdn/operationresults/996e2a47-5b6d-44d9-8aac-7461d0778e48?api-version=2020-09-01",
        "Cache-Control": "no-cache",
        "Content-Length": "332",
        "Content-Type": "application/json; charset=utf-8",
        "Date": "Thu, 09 Dec 2021 06:01:01 GMT",
        "Expires": "-1",
        "Pragma": "no-cache",
        "Retry-After": "10",
        "Server": "Kestrel",
        "Strict-Transport-Security": "max-age=31536000; includeSubDomains",
        "X-Content-Type-Options": "nosniff",
        "x-ms-client-request-id": "5b6bfe4b-58b5-11ec-9a3a-70b5e82527ff",
        "x-ms-correlation-request-id": "d5eb8815-92df-414c-a506-5a52db4e9156",
        "x-ms-ratelimit-remaining-subscription-resource-requests": "24",
        "x-ms-request-id": "0c2f1dd3-8cc9-46e2-a9d7-29618fb51c82",
        "x-ms-routing-request-id": "JAPANEAST:20211209T060101Z:d5eb8815-92df-414c-a506-5a52db4e9156"
      },
      "ResponseBody": {
        "id": "/subscriptions/00000000-0000-0000-0000-000000000000/resourcegroups/ae7c1d7b/providers/Microsoft.Cdn/profiles/profilename",
        "type": "Microsoft.Cdn/profiles",
        "name": "profilename",
        "location": "WestUs",
        "kind": "cdn",
        "tags": {},
        "sku": {
          "name": "Standard_Verizon"
        },
        "properties": {
          "resourceState": "Creating",
          "provisioningState": "Creating"
        }
      }
    },
    {
      "RequestUri": "https://management.azure.com/subscriptions/00000000-0000-0000-0000-000000000000/resourcegroups/ae7c1d7b/providers/Microsoft.Cdn/operationresults/996e2a47-5b6d-44d9-8aac-7461d0778e48?api-version=2020-09-01",
      "RequestMethod": "GET",
      "RequestHeaders": {
        "Accept": "*/*",
        "Accept-Encoding": "gzip, deflate",
        "Authorization": "Sanitized",
        "Connection": "keep-alive",
        "User-Agent": "azsdk-python-mgmt-cdn/11.0.0 Python/3.8.8 (Windows-10-10.0.19041-SP0)",
        "x-ms-client-request-id": "5b6bfe4b-58b5-11ec-9a3a-70b5e82527ff"
      },
      "RequestBody": null,
      "StatusCode": 200,
      "ResponseHeaders": {
        "Cache-Control": "no-cache",
        "Content-Encoding": "gzip",
        "Content-Type": "application/json; charset=utf-8",
        "Date": "Thu, 09 Dec 2021 06:01:12 GMT",
        "Expires": "-1",
        "Pragma": "no-cache",
        "Server": "Kestrel",
        "Strict-Transport-Security": "max-age=31536000; includeSubDomains",
        "Transfer-Encoding": "chunked",
        "Vary": "Accept-Encoding",
        "X-Content-Type-Options": "nosniff",
        "x-ms-client-request-id": "5b6bfe4b-58b5-11ec-9a3a-70b5e82527ff",
        "x-ms-correlation-request-id": "cc2667fd-74ca-4919-91cd-88634c6a9e83",
        "x-ms-ratelimit-remaining-subscription-reads": "11999",
        "x-ms-request-id": "c8328ddf-84bf-472a-a2aa-3ae14f71d7f0",
        "x-ms-routing-request-id": "JAPANEAST:20211209T060112Z:cc2667fd-74ca-4919-91cd-88634c6a9e83"
      },
      "ResponseBody": {
        "status": "InProgress",
        "error": {
          "code": "None",
          "message": null
        }
      }
    },
    {
      "RequestUri": "https://management.azure.com/subscriptions/00000000-0000-0000-0000-000000000000/resourcegroups/ae7c1d7b/providers/Microsoft.Cdn/operationresults/996e2a47-5b6d-44d9-8aac-7461d0778e48?api-version=2020-09-01",
      "RequestMethod": "GET",
      "RequestHeaders": {
        "Accept": "*/*",
        "Accept-Encoding": "gzip, deflate",
        "Authorization": "Sanitized",
        "Connection": "keep-alive",
        "User-Agent": "azsdk-python-mgmt-cdn/11.0.0 Python/3.8.8 (Windows-10-10.0.19041-SP0)",
        "x-ms-client-request-id": "5b6bfe4b-58b5-11ec-9a3a-70b5e82527ff"
      },
      "RequestBody": null,
      "StatusCode": 200,
      "ResponseHeaders": {
        "Cache-Control": "no-cache",
        "Content-Encoding": "gzip",
        "Content-Type": "application/json; charset=utf-8",
        "Date": "Thu, 09 Dec 2021 06:01:42 GMT",
        "Expires": "-1",
        "Pragma": "no-cache",
        "Server": "Kestrel",
        "Strict-Transport-Security": "max-age=31536000; includeSubDomains",
        "Transfer-Encoding": "chunked",
        "Vary": "Accept-Encoding",
        "X-Content-Type-Options": "nosniff",
        "x-ms-client-request-id": "5b6bfe4b-58b5-11ec-9a3a-70b5e82527ff",
        "x-ms-correlation-request-id": "5fc48f9e-2254-4417-bfdd-44b1783ace27",
        "x-ms-ratelimit-remaining-subscription-reads": "11998",
        "x-ms-request-id": "b32957f6-fb67-4e97-8c16-ae517af8e9c6",
        "x-ms-routing-request-id": "JAPANEAST:20211209T060142Z:5fc48f9e-2254-4417-bfdd-44b1783ace27"
      },
      "ResponseBody": {
        "status": "InProgress",
        "error": {
          "code": "None",
          "message": null
        }
      }
    },
    {
      "RequestUri": "https://management.azure.com/subscriptions/00000000-0000-0000-0000-000000000000/resourcegroups/ae7c1d7b/providers/Microsoft.Cdn/operationresults/996e2a47-5b6d-44d9-8aac-7461d0778e48?api-version=2020-09-01",
      "RequestMethod": "GET",
      "RequestHeaders": {
        "Accept": "*/*",
        "Accept-Encoding": "gzip, deflate",
        "Authorization": "Sanitized",
        "Connection": "keep-alive",
        "User-Agent": "azsdk-python-mgmt-cdn/11.0.0 Python/3.8.8 (Windows-10-10.0.19041-SP0)",
        "x-ms-client-request-id": "5b6bfe4b-58b5-11ec-9a3a-70b5e82527ff"
      },
      "RequestBody": null,
      "StatusCode": 200,
      "ResponseHeaders": {
        "Cache-Control": "no-cache",
        "Content-Encoding": "gzip",
        "Content-Type": "application/json; charset=utf-8",
        "Date": "Thu, 09 Dec 2021 06:02:12 GMT",
        "Expires": "-1",
        "Pragma": "no-cache",
        "Server": "Kestrel",
        "Strict-Transport-Security": "max-age=31536000; includeSubDomains",
        "Transfer-Encoding": "chunked",
        "Vary": "Accept-Encoding",
        "X-Content-Type-Options": "nosniff",
        "x-ms-client-request-id": "5b6bfe4b-58b5-11ec-9a3a-70b5e82527ff",
        "x-ms-correlation-request-id": "44850156-3c40-4859-ade6-8eb309b78bc5",
        "x-ms-ratelimit-remaining-subscription-reads": "11997",
        "x-ms-request-id": "64488f65-770a-4159-816c-093b946d2a08",
        "x-ms-routing-request-id": "JAPANEAST:20211209T060213Z:44850156-3c40-4859-ade6-8eb309b78bc5"
      },
      "ResponseBody": {
        "status": "InProgress",
        "error": {
          "code": "None",
          "message": null
        }
      }
    },
    {
      "RequestUri": "https://management.azure.com/subscriptions/00000000-0000-0000-0000-000000000000/resourcegroups/ae7c1d7b/providers/Microsoft.Cdn/operationresults/996e2a47-5b6d-44d9-8aac-7461d0778e48?api-version=2020-09-01",
      "RequestMethod": "GET",
      "RequestHeaders": {
        "Accept": "*/*",
        "Accept-Encoding": "gzip, deflate",
        "Authorization": "Sanitized",
        "Connection": "keep-alive",
        "User-Agent": "azsdk-python-mgmt-cdn/11.0.0 Python/3.8.8 (Windows-10-10.0.19041-SP0)",
        "x-ms-client-request-id": "5b6bfe4b-58b5-11ec-9a3a-70b5e82527ff"
      },
      "RequestBody": null,
      "StatusCode": 200,
      "ResponseHeaders": {
        "Cache-Control": "no-cache",
        "Content-Encoding": "gzip",
        "Content-Type": "application/json; charset=utf-8",
        "Date": "Thu, 09 Dec 2021 06:02:43 GMT",
        "Expires": "-1",
        "Pragma": "no-cache",
        "Server": "Kestrel",
        "Strict-Transport-Security": "max-age=31536000; includeSubDomains",
        "Transfer-Encoding": "chunked",
        "Vary": "Accept-Encoding",
        "X-Content-Type-Options": "nosniff",
        "x-ms-client-request-id": "5b6bfe4b-58b5-11ec-9a3a-70b5e82527ff",
        "x-ms-correlation-request-id": "87186b84-fd70-447d-9668-1d73825beb0b",
        "x-ms-ratelimit-remaining-subscription-reads": "11996",
        "x-ms-request-id": "573f1a51-08de-4051-8058-684d81753645",
        "x-ms-routing-request-id": "JAPANEAST:20211209T060243Z:87186b84-fd70-447d-9668-1d73825beb0b"
      },
      "ResponseBody": {
        "status": "InProgress",
        "error": {
          "code": "None",
          "message": null
        }
      }
    },
    {
      "RequestUri": "https://management.azure.com/subscriptions/00000000-0000-0000-0000-000000000000/resourcegroups/ae7c1d7b/providers/Microsoft.Cdn/operationresults/996e2a47-5b6d-44d9-8aac-7461d0778e48?api-version=2020-09-01",
      "RequestMethod": "GET",
      "RequestHeaders": {
        "Accept": "*/*",
        "Accept-Encoding": "gzip, deflate",
        "Authorization": "Sanitized",
        "Connection": "keep-alive",
        "User-Agent": "azsdk-python-mgmt-cdn/11.0.0 Python/3.8.8 (Windows-10-10.0.19041-SP0)",
        "x-ms-client-request-id": "5b6bfe4b-58b5-11ec-9a3a-70b5e82527ff"
      },
      "RequestBody": null,
      "StatusCode": 200,
      "ResponseHeaders": {
        "Cache-Control": "no-cache",
        "Content-Encoding": "gzip",
        "Content-Type": "application/json; charset=utf-8",
        "Date": "Thu, 09 Dec 2021 06:03:13 GMT",
        "Expires": "-1",
        "Pragma": "no-cache",
        "Server": "Kestrel",
        "Strict-Transport-Security": "max-age=31536000; includeSubDomains",
        "Transfer-Encoding": "chunked",
        "Vary": "Accept-Encoding",
        "X-Content-Type-Options": "nosniff",
        "x-ms-client-request-id": "5b6bfe4b-58b5-11ec-9a3a-70b5e82527ff",
        "x-ms-correlation-request-id": "4d66e7ed-3040-4b9b-ae27-5f99cb77a6d6",
        "x-ms-ratelimit-remaining-subscription-reads": "11995",
        "x-ms-request-id": "45c960f4-69dc-4f6f-9074-6bdb69d6b0fd",
        "x-ms-routing-request-id": "JAPANEAST:20211209T060313Z:4d66e7ed-3040-4b9b-ae27-5f99cb77a6d6"
      },
      "ResponseBody": {
        "status": "Succeeded",
        "error": {
          "code": "None",
          "message": null
        }
      }
    },
    {
      "RequestUri": "https://localhost:5001/subscriptions/00000000-0000-0000-0000-000000000000/resourceGroups/ae7c1d7b/providers/Microsoft.Cdn/profiles/profilename?api-version=2020-09-01",
      "RequestMethod": "GET",
      "RequestHeaders": {
        "Accept": "*/*",
        "Accept-Encoding": "gzip, deflate",
        "Authorization": "Sanitized",
        "Connection": "keep-alive",
        "User-Agent": "azsdk-python-mgmt-cdn/11.0.0 Python/3.8.8 (Windows-10-10.0.19041-SP0)",
        "x-ms-client-request-id": "5b6bfe4b-58b5-11ec-9a3a-70b5e82527ff"
      },
      "RequestBody": null,
      "StatusCode": 404,
      "ResponseHeaders": {
        "Content-Length": "0",
        "Date": "Thu, 09 Dec 2021 06:03:13 GMT",
        "Server": "Kestrel"
      },
      "ResponseBody": null
    }
  ],
  "Variables": {}
}
