interactions:
- request:
    body: '{"location": "eastus", "tags": {"tag1": "value1", "tag2": "value2"}, "sku":
      {"name": "Standard", "tier": "Standard"}}'
    headers:
      Accept:
      - application/json
      Accept-Encoding:
      - gzip, deflate
      Connection:
      - keep-alive
      Content-Length:
      - '117'
      Content-Type:
      - application/json
      User-Agent:
      - azsdk-python-mgmt-servicebus/6.0.0 Python/3.6.9 (Linux-4.9.184-linuxkit-x86_64-with-Ubuntu-18.04-bionic)
    method: PUT
    uri: https://management.azure.com/subscriptions/00000000-0000-0000-0000-000000000000/resourceGroups/rgname/providers/Microsoft.ServiceBus/namespaces/myNamespacexxyyzzxyyma?api-version=2018-01-01-preview
  response:
    body:
      string: '{"sku":{"name":"Standard","tier":"Standard"},"id":"/subscriptions/00000000-0000-0000-0000-000000000000/resourceGroups/rgname/providers/Microsoft.ServiceBus/namespaces/myNamespacexxyyzzxyyma","name":"myNamespacexxyyzzxyyma","type":"Microsoft.ServiceBus/Namespaces","location":"East
        US","tags":{"tag1":"value1","tag2":"value2"},"properties":{"zoneRedundant":false,"provisioningState":"Created","metricId":"00000000-0000-0000-0000-000000000000:mynamespacexxyyzzxyyma","createdAt":"2020-11-23T08:53:51.213Z","updatedAt":"2020-11-23T08:53:51.213Z","serviceBusEndpoint":"https://myNamespacexxyyzzxyyma.servicebus.windows.net:443/","status":"Activating"}}'
    headers:
      cache-control:
      - no-cache
      content-length:
      - '717'
      content-type:
      - application/json; charset=utf-8
      date:
      - Mon, 23 Nov 2020 08:53:54 GMT
      expires:
      - '-1'
      pragma:
      - no-cache
      server:
      - Service-Bus-Resource-Provider/CH3
      - Microsoft-HTTPAPI/2.0
      server-sb:
      - Service-Bus-Resource-Provider/CH3
      strict-transport-security:
      - max-age=31536000; includeSubDomains
      transfer-encoding:
      - chunked
      vary:
      - Accept-Encoding
      x-content-type-options:
      - nosniff
      x-ms-ratelimit-remaining-subscription-writes:
      - '1199'
    status:
      code: 200
      message: OK
- request:
    body: null
    headers:
      Accept:
      - '*/*'
      Accept-Encoding:
      - gzip, deflate
      Connection:
      - keep-alive
      User-Agent:
      - azsdk-python-mgmt-servicebus/6.0.0 Python/3.6.9 (Linux-4.9.184-linuxkit-x86_64-with-Ubuntu-18.04-bionic)
    method: GET
    uri: https://management.azure.com/subscriptions/00000000-0000-0000-0000-000000000000/resourceGroups/rgname/providers/Microsoft.ServiceBus/namespaces/myNamespacexxyyzzxyyma?api-version=2018-01-01-preview
  response:
    body:
      string: '{"sku":{"name":"Standard","tier":"Standard"},"id":"/subscriptions/00000000-0000-0000-0000-000000000000/resourceGroups/rgname/providers/Microsoft.ServiceBus/namespaces/myNamespacexxyyzzxyyma","name":"myNamespacexxyyzzxyyma","type":"Microsoft.ServiceBus/Namespaces","location":"East
        US","tags":{"tag1":"value1","tag2":"value2"},"properties":{"zoneRedundant":false,"provisioningState":"Created","metricId":"00000000-0000-0000-0000-000000000000:mynamespacexxyyzzxyyma","createdAt":"2020-11-23T08:53:51.213Z","updatedAt":"2020-11-23T08:53:51.213Z","serviceBusEndpoint":"https://myNamespacexxyyzzxyyma.servicebus.windows.net:443/","status":"Activating"}}'
    headers:
      cache-control:
      - no-cache
      content-length:
      - '717'
      content-type:
      - application/json; charset=utf-8
      date:
      - Mon, 23 Nov 2020 08:54:24 GMT
      expires:
      - '-1'
      pragma:
      - no-cache
      server:
      - Service-Bus-Resource-Provider/CH3
      - Microsoft-HTTPAPI/2.0
      server-sb:
      - Service-Bus-Resource-Provider/CH3
      strict-transport-security:
      - max-age=31536000; includeSubDomains
      transfer-encoding:
      - chunked
      vary:
      - Accept-Encoding
      x-content-type-options:
      - nosniff
    status:
      code: 200
      message: OK
- request:
    body: null
    headers:
      Accept:
      - '*/*'
      Accept-Encoding:
      - gzip, deflate
      Connection:
      - keep-alive
      User-Agent:
      - azsdk-python-mgmt-servicebus/6.0.0 Python/3.6.9 (Linux-4.9.184-linuxkit-x86_64-with-Ubuntu-18.04-bionic)
    method: GET
    uri: https://management.azure.com/subscriptions/00000000-0000-0000-0000-000000000000/resourceGroups/rgname/providers/Microsoft.ServiceBus/namespaces/myNamespacexxyyzzxyyma?api-version=2018-01-01-preview
  response:
    body:
      string: '{"sku":{"name":"Standard","tier":"Standard"},"id":"/subscriptions/00000000-0000-0000-0000-000000000000/resourceGroups/rgname/providers/Microsoft.ServiceBus/namespaces/myNamespacexxyyzzxyyma","name":"myNamespacexxyyzzxyyma","type":"Microsoft.ServiceBus/Namespaces","location":"East
        US","tags":{"tag1":"value1","tag2":"value2"},"properties":{"zoneRedundant":false,"provisioningState":"Succeeded","metricId":"00000000-0000-0000-0000-000000000000:mynamespacexxyyzzxyyma","createdAt":"2020-11-23T08:53:51.213Z","updatedAt":"2020-11-23T08:54:34.847Z","serviceBusEndpoint":"https://myNamespacexxyyzzxyyma.servicebus.windows.net:443/","status":"Active"}}'
    headers:
      cache-control:
      - no-cache
      content-length:
      - '715'
      content-type:
      - application/json; charset=utf-8
      date:
      - Mon, 23 Nov 2020 08:54:54 GMT
      expires:
      - '-1'
      pragma:
      - no-cache
      server:
      - Service-Bus-Resource-Provider/CH3
      - Microsoft-HTTPAPI/2.0
      server-sb:
      - Service-Bus-Resource-Provider/CH3
      strict-transport-security:
      - max-age=31536000; includeSubDomains
      transfer-encoding:
      - chunked
      vary:
      - Accept-Encoding
      x-content-type-options:
      - nosniff
    status:
      code: 200
      message: OK
- request:
    body: '{"location": "westus", "tags": {"tag1": "value1", "tag2": "value2"}, "sku":
      {"name": "Premium", "tier": "Premium"}}'
    headers:
      Accept:
      - application/json
      Accept-Encoding:
      - gzip, deflate
      Connection:
      - keep-alive
      Content-Length:
      - '115'
      Content-Type:
      - application/json
      User-Agent:
      - azsdk-python-mgmt-servicebus/6.0.0 Python/3.6.9 (Linux-4.9.184-linuxkit-x86_64-with-Ubuntu-18.04-bionic)
    method: PUT
    uri: https://management.azure.com/subscriptions/00000000-0000-0000-0000-000000000000/resourceGroups/rgname/providers/Microsoft.ServiceBus/namespaces/myNamespacexxyyzzykksecondm?api-version=2018-01-01-preview
  response:
    body:
      string: '{"sku":{"name":"Premium","tier":"Premium","capacity":1},"id":"/subscriptions/00000000-0000-0000-0000-000000000000/resourceGroups/rgname/providers/Microsoft.ServiceBus/namespaces/myNamespacexxyyzzykksecondm","name":"myNamespacexxyyzzykksecondm","type":"Microsoft.ServiceBus/Namespaces","location":"West
        US","tags":{"tag1":"value1","tag2":"value2"},"properties":{"zoneRedundant":false,"provisioningState":"Created","metricId":"00000000-0000-0000-0000-000000000000:mynamespacexxyyzzykksecondm","createdAt":"2020-11-23T08:55:00.353Z","updatedAt":"2020-11-23T08:55:00.353Z","serviceBusEndpoint":"https://myNamespacexxyyzzykksecondm.servicebus.windows.net:443/","status":"Activating"}}'
    headers:
      cache-control:
      - no-cache
      content-length:
      - '748'
      content-type:
      - application/json; charset=utf-8
      date:
      - Mon, 23 Nov 2020 08:55:02 GMT
      expires:
      - '-1'
      pragma:
      - no-cache
      server:
      - Service-Bus-Resource-Provider/CH3
      - Microsoft-HTTPAPI/2.0
      server-sb:
      - Service-Bus-Resource-Provider/CH3
      strict-transport-security:
      - max-age=31536000; includeSubDomains
      transfer-encoding:
      - chunked
      vary:
      - Accept-Encoding
      x-content-type-options:
      - nosniff
      x-ms-ratelimit-remaining-subscription-writes:
      - '1198'
    status:
      code: 200
      message: OK
- request:
    body: null
    headers:
      Accept:
      - '*/*'
      Accept-Encoding:
      - gzip, deflate
      Connection:
      - keep-alive
      User-Agent:
      - azsdk-python-mgmt-servicebus/6.0.0 Python/3.6.9 (Linux-4.9.184-linuxkit-x86_64-with-Ubuntu-18.04-bionic)
    method: GET
    uri: https://management.azure.com/subscriptions/00000000-0000-0000-0000-000000000000/resourceGroups/rgname/providers/Microsoft.ServiceBus/namespaces/myNamespacexxyyzzykksecondm?api-version=2018-01-01-preview
  response:
    body:
      string: '{"sku":{"name":"Premium","tier":"Premium","capacity":1},"id":"/subscriptions/00000000-0000-0000-0000-000000000000/resourceGroups/rgname/providers/Microsoft.ServiceBus/namespaces/myNamespacexxyyzzykksecondm","name":"myNamespacexxyyzzykksecondm","type":"Microsoft.ServiceBus/Namespaces","location":"West
        US","tags":{"tag1":"value1","tag2":"value2"},"properties":{"zoneRedundant":false,"provisioningState":"Created","metricId":"00000000-0000-0000-0000-000000000000:mynamespacexxyyzzykksecondm","createdAt":"2020-11-23T08:55:00.353Z","updatedAt":"2020-11-23T08:55:00.353Z","serviceBusEndpoint":"https://myNamespacexxyyzzykksecondm.servicebus.windows.net:443/","status":"Activating"}}'
    headers:
      cache-control:
      - no-cache
      content-length:
      - '748'
      content-type:
      - application/json; charset=utf-8
      date:
      - Mon, 23 Nov 2020 08:55:34 GMT
      expires:
      - '-1'
      pragma:
      - no-cache
      server:
      - Service-Bus-Resource-Provider/SN1
      - Microsoft-HTTPAPI/2.0
      server-sb:
      - Service-Bus-Resource-Provider/SN1
      strict-transport-security:
      - max-age=31536000; includeSubDomains
      transfer-encoding:
      - chunked
      vary:
      - Accept-Encoding
      x-content-type-options:
      - nosniff
    status:
      code: 200
      message: OK
- request:
    body: null
    headers:
      Accept:
      - '*/*'
      Accept-Encoding:
      - gzip, deflate
      Connection:
      - keep-alive
      User-Agent:
      - azsdk-python-mgmt-servicebus/6.0.0 Python/3.6.9 (Linux-4.9.184-linuxkit-x86_64-with-Ubuntu-18.04-bionic)
    method: GET
    uri: https://management.azure.com/subscriptions/00000000-0000-0000-0000-000000000000/resourceGroups/rgname/providers/Microsoft.ServiceBus/namespaces/myNamespacexxyyzzykksecondm?api-version=2018-01-01-preview
  response:
    body:
      string: '{"sku":{"name":"Premium","tier":"Premium","capacity":1},"id":"/subscriptions/00000000-0000-0000-0000-000000000000/resourceGroups/rgname/providers/Microsoft.ServiceBus/namespaces/myNamespacexxyyzzykksecondm","name":"myNamespacexxyyzzykksecondm","type":"Microsoft.ServiceBus/Namespaces","location":"West
        US","tags":{"tag1":"value1","tag2":"value2"},"properties":{"zoneRedundant":false,"provisioningState":"Created","metricId":"00000000-0000-0000-0000-000000000000:mynamespacexxyyzzykksecondm","createdAt":"2020-11-23T08:55:00.353Z","updatedAt":"2020-11-23T08:55:00.353Z","serviceBusEndpoint":"https://myNamespacexxyyzzykksecondm.servicebus.windows.net:443/","status":"Activating"}}'
    headers:
      cache-control:
      - no-cache
      content-length:
      - '748'
      content-type:
      - application/json; charset=utf-8
      date:
      - Mon, 23 Nov 2020 08:56:05 GMT
      expires:
      - '-1'
      pragma:
      - no-cache
      server:
      - Service-Bus-Resource-Provider/SN1
      - Microsoft-HTTPAPI/2.0
      server-sb:
      - Service-Bus-Resource-Provider/SN1
      strict-transport-security:
      - max-age=31536000; includeSubDomains
      transfer-encoding:
      - chunked
      vary:
      - Accept-Encoding
      x-content-type-options:
      - nosniff
    status:
      code: 200
      message: OK
- request:
    body: null
    headers:
      Accept:
      - '*/*'
      Accept-Encoding:
      - gzip, deflate
      Connection:
      - keep-alive
      User-Agent:
      - azsdk-python-mgmt-servicebus/6.0.0 Python/3.6.9 (Linux-4.9.184-linuxkit-x86_64-with-Ubuntu-18.04-bionic)
    method: GET
    uri: https://management.azure.com/subscriptions/00000000-0000-0000-0000-000000000000/resourceGroups/rgname/providers/Microsoft.ServiceBus/namespaces/myNamespacexxyyzzykksecondm?api-version=2018-01-01-preview
  response:
    body:
      string: '{"sku":{"name":"Premium","tier":"Premium","capacity":1},"id":"/subscriptions/00000000-0000-0000-0000-000000000000/resourceGroups/rgname/providers/Microsoft.ServiceBus/namespaces/myNamespacexxyyzzykksecondm","name":"myNamespacexxyyzzykksecondm","type":"Microsoft.ServiceBus/Namespaces","location":"West
        US","tags":{"tag1":"value1","tag2":"value2"},"properties":{"zoneRedundant":false,"provisioningState":"Succeeded","metricId":"00000000-0000-0000-0000-000000000000:mynamespacexxyyzzykksecondm","createdAt":"2020-11-23T08:55:00.353Z","updatedAt":"2020-11-23T08:56:07.327Z","serviceBusEndpoint":"https://myNamespacexxyyzzykksecondm.servicebus.windows.net:443/","status":"Active"}}'
    headers:
      cache-control:
      - no-cache
      content-length:
      - '746'
      content-type:
      - application/json; charset=utf-8
      date:
      - Mon, 23 Nov 2020 08:56:35 GMT
      expires:
      - '-1'
      pragma:
      - no-cache
      server:
      - Service-Bus-Resource-Provider/SN1
      - Microsoft-HTTPAPI/2.0
      server-sb:
      - Service-Bus-Resource-Provider/SN1
      strict-transport-security:
      - max-age=31536000; includeSubDomains
      transfer-encoding:
      - chunked
      vary:
      - Accept-Encoding
      x-content-type-options:
      - nosniff
    status:
      code: 200
      message: OK
- request:
    body: '{"properties": {"rights": ["Listen", "Send"]}}'
    headers:
      Accept:
      - application/json
      Accept-Encoding:
      - gzip, deflate
      Connection:
      - keep-alive
      Content-Length:
      - '46'
      Content-Type:
      - application/json
      User-Agent:
      - azsdk-python-mgmt-servicebus/6.0.0 Python/3.6.9 (Linux-4.9.184-linuxkit-x86_64-with-Ubuntu-18.04-bionic)
    method: PUT
    uri: https://management.azure.com/subscriptions/00000000-0000-0000-0000-000000000000/resourceGroups/rgname/providers/Microsoft.ServiceBus/namespaces/myNamespacexxyyzzxyyma/AuthorizationRules/myAuthorizationRule?api-version=2017-04-01
  response:
    body:
      string: '{"id":"/subscriptions/00000000-0000-0000-0000-000000000000/resourceGroups/rgname/providers/Microsoft.ServiceBus/namespaces/myNamespacexxyyzzxyyma/AuthorizationRules/myAuthorizationRule","name":"myAuthorizationRule","type":"Microsoft.ServiceBus/Namespaces/AuthorizationRules","location":"East
        US","properties":{"rights":["Listen","Send"]}}'
    headers:
      cache-control:
      - no-cache
      content-length:
      - '407'
      content-type:
      - application/json; charset=utf-8
      date:
      - Mon, 23 Nov 2020 08:56:41 GMT
      expires:
      - '-1'
      pragma:
      - no-cache
      server:
      - Service-Bus-Resource-Provider/SN1
      - Microsoft-HTTPAPI/2.0
      server-sb:
      - Service-Bus-Resource-Provider/SN1
      strict-transport-security:
      - max-age=31536000; includeSubDomains
      transfer-encoding:
      - chunked
      vary:
      - Accept-Encoding
      x-content-type-options:
      - nosniff
      x-ms-ratelimit-remaining-subscription-writes:
      - '1197'
    status:
      code: 200
      message: OK
- request:
    body: '{"properties": {"targetNamespace": "/subscriptions/00000000-0000-0000-0000-000000000000/resourceGroups/rgname/providers/Microsoft.ServiceBus/namespaces/myNamespacexxyyzzykksecondm",
      "postMigrationName": "postmigrationxxxky"}}'
    headers:
      Accept:
      - application/json
      Accept-Encoding:
      - gzip, deflate
      Connection:
      - keep-alive
      Content-Length:
      - '294'
      Content-Type:
      - application/json
      User-Agent:
      - azsdk-python-mgmt-servicebus/6.0.0 Python/3.6.9 (Linux-4.9.184-linuxkit-x86_64-with-Ubuntu-18.04-bionic)
    method: PUT
    uri: https://management.azure.com/subscriptions/00000000-0000-0000-0000-000000000000/resourceGroups/rgname/providers/Microsoft.ServiceBus/namespaces/myNamespacexxyyzzxyyma/migrationConfigurations/%24default?api-version=2017-04-01
  response:
    body:
      string: '{"id":"/subscriptions/00000000-0000-0000-0000-000000000000/resourceGroups/rgname/providers/Microsoft.ServiceBus/namespaces/myNamespacexxyyzzxyyma/migrationConfigurations/$default","name":"myNamespacexxyyzzxyyma","type":"Microsoft.ServiceBus/Namespaces/migrationconfigurations","properties":{"provisioningState":"Accepted","targetNamespace":"/subscriptions/00000000-0000-0000-0000-000000000000/resourceGroups/rgname/providers/Microsoft.ServiceBus/namespaces/myNamespacexxyyzzykksecondm","postMigrationName":"postmigrationxxxky","migrationState":"Initiating"}}'
    headers:
      cache-control:
      - no-cache
      content-length:
      - '696'
      content-type:
      - application/json; charset=utf-8
      date:
      - Mon, 23 Nov 2020 08:56:49 GMT
      expires:
      - '-1'
      pragma:
      - no-cache
      server:
      - Service-Bus-Resource-Provider/SN1
      - Microsoft-HTTPAPI/2.0
      server-sb:
      - Service-Bus-Resource-Provider/SN1
      strict-transport-security:
      - max-age=31536000; includeSubDomains
      transfer-encoding:
      - chunked
      vary:
      - Accept-Encoding
      x-content-type-options:
      - nosniff
      x-ms-ratelimit-remaining-subscription-writes:
      - '1196'
    status:
      code: 200
      message: OK
- request:
    body: null
    headers:
      Accept:
      - '*/*'
      Accept-Encoding:
      - gzip, deflate
      Connection:
      - keep-alive
      User-Agent:
      - azsdk-python-mgmt-servicebus/6.0.0 Python/3.6.9 (Linux-4.9.184-linuxkit-x86_64-with-Ubuntu-18.04-bionic)
    method: GET
    uri: https://management.azure.com/subscriptions/00000000-0000-0000-0000-000000000000/resourceGroups/rgname/providers/Microsoft.ServiceBus/namespaces/myNamespacexxyyzzxyyma/migrationConfigurations/%24default?api-version=2017-04-01
  response:
    body:
      string: '{"id":"/subscriptions/00000000-0000-0000-0000-000000000000/resourceGroups/rgname/providers/Microsoft.ServiceBus/namespaces/myNamespacexxyyzzxyyma/migrationConfigurations/$default","name":"myNamespacexxyyzzxyyma","type":"Microsoft.ServiceBus/Namespaces/migrationconfigurations","properties":{"provisioningState":"Accepted","targetNamespace":"/subscriptions/00000000-0000-0000-0000-000000000000/resourceGroups/rgname/providers/Microsoft.ServiceBus/namespaces/myNamespacexxyyzzykksecondm","postMigrationName":"postmigrationxxxky","migrationState":"Initiating"}}'
    headers:
      cache-control:
      - no-cache
      content-length:
      - '696'
      content-type:
      - application/json; charset=utf-8
      date:
      - Mon, 23 Nov 2020 08:57:19 GMT
      expires:
      - '-1'
      pragma:
      - no-cache
      server:
      - Service-Bus-Resource-Provider/SN1
      - Microsoft-HTTPAPI/2.0
      server-sb:
      - Service-Bus-Resource-Provider/SN1
      strict-transport-security:
      - max-age=31536000; includeSubDomains
      transfer-encoding:
      - chunked
      vary:
      - Accept-Encoding
      x-content-type-options:
      - nosniff
    status:
      code: 200
      message: OK
- request:
    body: null
    headers:
      Accept:
      - '*/*'
      Accept-Encoding:
      - gzip, deflate
      Connection:
      - keep-alive
      User-Agent:
      - azsdk-python-mgmt-servicebus/6.0.0 Python/3.6.9 (Linux-4.9.184-linuxkit-x86_64-with-Ubuntu-18.04-bionic)
    method: GET
    uri: https://management.azure.com/subscriptions/00000000-0000-0000-0000-000000000000/resourceGroups/rgname/providers/Microsoft.ServiceBus/namespaces/myNamespacexxyyzzxyyma/migrationConfigurations/%24default?api-version=2017-04-01
  response:
    body:
      string: '{"id":"/subscriptions/00000000-0000-0000-0000-000000000000/resourceGroups/rgname/providers/Microsoft.ServiceBus/namespaces/myNamespacexxyyzzxyyma/migrationConfigurations/$default","name":"myNamespacexxyyzzxyyma","type":"Microsoft.ServiceBus/Namespaces/migrationconfigurations","properties":{"provisioningState":"Accepted","targetNamespace":"/subscriptions/00000000-0000-0000-0000-000000000000/resourceGroups/rgname/providers/Microsoft.ServiceBus/namespaces/myNamespacexxyyzzykksecondm","postMigrationName":"postmigrationxxxky","migrationState":"Initiating"}}'
    headers:
      cache-control:
      - no-cache
      content-length:
      - '696'
      content-type:
      - application/json; charset=utf-8
      date:
      - Mon, 23 Nov 2020 08:57:49 GMT
      expires:
      - '-1'
      pragma:
      - no-cache
      server:
      - Service-Bus-Resource-Provider/SN1
      - Microsoft-HTTPAPI/2.0
      server-sb:
      - Service-Bus-Resource-Provider/SN1
      strict-transport-security:
      - max-age=31536000; includeSubDomains
      transfer-encoding:
      - chunked
      vary:
      - Accept-Encoding
      x-content-type-options:
      - nosniff
    status:
      code: 200
      message: OK
- request:
    body: null
    headers:
      Accept:
      - '*/*'
      Accept-Encoding:
      - gzip, deflate
      Connection:
      - keep-alive
      User-Agent:
      - azsdk-python-mgmt-servicebus/6.0.0 Python/3.6.9 (Linux-4.9.184-linuxkit-x86_64-with-Ubuntu-18.04-bionic)
    method: GET
    uri: https://management.azure.com/subscriptions/00000000-0000-0000-0000-000000000000/resourceGroups/rgname/providers/Microsoft.ServiceBus/namespaces/myNamespacexxyyzzxyyma/migrationConfigurations/%24default?api-version=2017-04-01
  response:
    body:
      string: '{"id":"/subscriptions/00000000-0000-0000-0000-000000000000/resourceGroups/rgname/providers/Microsoft.ServiceBus/namespaces/myNamespacexxyyzzxyyma/migrationConfigurations/$default","name":"myNamespacexxyyzzxyyma","type":"Microsoft.ServiceBus/Namespaces/migrationconfigurations","properties":{"provisioningState":"Succeeded","targetNamespace":"/subscriptions/00000000-0000-0000-0000-000000000000/resourceGroups/rgname/providers/Microsoft.ServiceBus/namespaces/myNamespacexxyyzzykksecondm","postMigrationName":"postmigrationxxxky","pendingReplicationOperationsCount":0,"migrationState":"Active"}}'
    headers:
      cache-control:
      - no-cache
      content-length:
      - '731'
      content-type:
      - application/json; charset=utf-8
      date:
      - Mon, 23 Nov 2020 08:58:22 GMT
      expires:
      - '-1'
      pragma:
      - no-cache
      server:
      - Service-Bus-Resource-Provider/SN1
      - Microsoft-HTTPAPI/2.0
      server-sb:
      - Service-Bus-Resource-Provider/SN1
      strict-transport-security:
      - max-age=31536000; includeSubDomains
      transfer-encoding:
      - chunked
      vary:
      - Accept-Encoding
      x-content-type-options:
      - nosniff
    status:
      code: 200
      message: OK
- request:
    body: '{"targetNamespaceType": "EventHub"}'
    headers:
      Accept:
      - application/json
      Accept-Encoding:
      - gzip, deflate
      Connection:
      - keep-alive
      Content-Length:
      - '35'
      Content-Type:
      - application/json
      User-Agent:
      - azsdk-python-mgmt-servicebus/6.0.0 Python/3.6.9 (Linux-4.9.184-linuxkit-x86_64-with-Ubuntu-18.04-bionic)
    method: POST
    uri: https://management.azure.com/subscriptions/00000000-0000-0000-0000-000000000000/resourceGroups/rgname/providers/Microsoft.ServiceBus/namespaces/myNamespacexxyyzzxyyma/migrate?api-version=2017-04-01
  response:
    body:
      string: '""'
    headers:
      cache-control:
      - no-cache
      content-length:
      - '2'
      content-type:
      - application/json; charset=utf-8
      date:
      - Mon, 23 Nov 2020 08:58:24 GMT
      expires:
      - '-1'
      pragma:
      - no-cache
      server:
      - Service-Bus-Resource-Provider/SN1
      - Microsoft-HTTPAPI/2.0
      server-sb:
      - Service-Bus-Resource-Provider/SN1
      strict-transport-security:
      - max-age=31536000; includeSubDomains
      transfer-encoding:
      - chunked
      vary:
      - Accept-Encoding
      x-content-type-options:
      - nosniff
      x-ms-ratelimit-remaining-subscription-writes:
      - '1199'
    status:
      code: 200
      message: OK
- request:
    body: null
    headers:
      Accept:
      - application/json
      Accept-Encoding:
      - gzip, deflate
      Connection:
      - keep-alive
      Content-Length:
      - '0'
      User-Agent:
      - azsdk-python-mgmt-servicebus/6.0.0 Python/3.6.9 (Linux-4.9.184-linuxkit-x86_64-with-Ubuntu-18.04-bionic)
    method: POST
    uri: https://management.azure.com/subscriptions/00000000-0000-0000-0000-000000000000/resourceGroups/rgname/providers/Microsoft.ServiceBus/namespaces/myNamespacexxyyzzxyyma/migrationConfigurations/%24default/revert?api-version=2017-04-01
  response:
    body:
      string: ''
    headers:
      cache-control:
      - no-cache
      content-length:
      - '0'
      date:
      - Mon, 23 Nov 2020 08:58:24 GMT
      expires:
      - '-1'
      pragma:
      - no-cache
      server:
      - Service-Bus-Resource-Provider/SN1
      - Microsoft-HTTPAPI/2.0
      server-sb:
      - Service-Bus-Resource-Provider/SN1
      strict-transport-security:
      - max-age=31536000; includeSubDomains
      x-content-type-options:
      - nosniff
      x-ms-ratelimit-remaining-subscription-writes:
      - '1198'
    status:
      code: 200
      message: OK
- request:
    body: null
    headers:
      Accept:
      - application/json
      Accept-Encoding:
      - gzip, deflate
      Connection:
      - keep-alive
      Content-Length:
      - '0'
      User-Agent:
      - azsdk-python-mgmt-servicebus/6.0.0 Python/3.6.9 (Linux-4.9.184-linuxkit-x86_64-with-Ubuntu-18.04-bionic)
    method: POST
    uri: https://management.azure.com/subscriptions/00000000-0000-0000-0000-000000000000/resourceGroups/rgname/providers/Microsoft.ServiceBus/namespaces/myNamespacexxyyzzxyyma/migrationConfigurations/%24default/upgrade?api-version=2017-04-01
  response:
    body:
      string: ''
    headers:
      cache-control:
      - no-cache
      content-length:
      - '0'
      date:
      - Mon, 23 Nov 2020 08:58:25 GMT
      expires:
      - '-1'
      pragma:
      - no-cache
      server:
      - Service-Bus-Resource-Provider/SN1
      - Microsoft-HTTPAPI/2.0
      server-sb:
      - Service-Bus-Resource-Provider/SN1
      strict-transport-security:
      - max-age=31536000; includeSubDomains
      x-content-type-options:
      - nosniff
      x-ms-ratelimit-remaining-subscription-writes:
      - '1197'
    status:
      code: 200
      message: OK
- request:
    body: null
    headers:
      Accept:
      - application/json
      Accept-Encoding:
      - gzip, deflate
      Connection:
      - keep-alive
      User-Agent:
      - azsdk-python-mgmt-servicebus/6.0.0 Python/3.6.9 (Linux-4.9.184-linuxkit-x86_64-with-Ubuntu-18.04-bionic)
    method: GET
    uri: https://management.azure.com/subscriptions/00000000-0000-0000-0000-000000000000/resourceGroups/rgname/providers/Microsoft.ServiceBus/namespaces/myNamespacexxyyzzxyyma/migrationConfigurations/%24default?api-version=2017-04-01
  response:
    body:
      string: '{"id":"/subscriptions/00000000-0000-0000-0000-000000000000/resourceGroups/rgname/providers/Microsoft.ServiceBus/namespaces/myNamespacexxyyzzxyyma/migrationConfigurations/$default","name":"myNamespacexxyyzzxyyma","type":"Microsoft.ServiceBus/Namespaces/migrationconfigurations","properties":{"provisioningState":"Accepted","targetNamespace":"/subscriptions/00000000-0000-0000-0000-000000000000/resourceGroups/rgname/providers/Microsoft.ServiceBus/namespaces/myNamespacexxyyzzykksecondm","postMigrationName":"postmigrationxxxky","migrationState":"Completing"}}'
    headers:
      cache-control:
      - no-cache
      content-length:
      - '696'
      content-type:
      - application/json; charset=utf-8
      date:
      - Mon, 23 Nov 2020 08:58:25 GMT
      expires:
      - '-1'
      pragma:
      - no-cache
      server:
      - Service-Bus-Resource-Provider/SN1
      - Microsoft-HTTPAPI/2.0
      server-sb:
      - Service-Bus-Resource-Provider/SN1
      strict-transport-security:
      - max-age=31536000; includeSubDomains
      transfer-encoding:
      - chunked
      vary:
      - Accept-Encoding
      x-content-type-options:
      - nosniff
    status:
      code: 200
      message: OK
- request:
    body: null
    headers:
      Accept:
      - application/json
      Accept-Encoding:
      - gzip, deflate
      Connection:
      - keep-alive
      User-Agent:
      - azsdk-python-mgmt-servicebus/6.0.0 Python/3.6.9 (Linux-4.9.184-linuxkit-x86_64-with-Ubuntu-18.04-bionic)
    method: GET
    uri: https://management.azure.com/subscriptions/00000000-0000-0000-0000-000000000000/resourceGroups/rgname/providers/Microsoft.ServiceBus/namespaces/myNamespacexxyyzzxyyma/migrationConfigurations/%24default?api-version=2017-04-01
  response:
    body:
      string: '{"id":"/subscriptions/00000000-0000-0000-0000-000000000000/resourceGroups/rgname/providers/Microsoft.ServiceBus/namespaces/myNamespacexxyyzzxyyma/migrationConfigurations/$default","name":"myNamespacexxyyzzxyyma","type":"Microsoft.ServiceBus/Namespaces/migrationconfigurations","properties":{"provisioningState":"Accepted","targetNamespace":"/subscriptions/00000000-0000-0000-0000-000000000000/resourceGroups/rgname/providers/Microsoft.ServiceBus/namespaces/myNamespacexxyyzzykksecondm","postMigrationName":"postmigrationxxxky","migrationState":"Completing"}}'
    headers:
      cache-control:
      - no-cache
      content-length:
      - '696'
      content-type:
      - application/json; charset=utf-8
      date:
      - Mon, 23 Nov 2020 08:58:55 GMT
      expires:
      - '-1'
      pragma:
      - no-cache
      server:
      - Service-Bus-Resource-Provider/SN1
      - Microsoft-HTTPAPI/2.0
      server-sb:
      - Service-Bus-Resource-Provider/SN1
      strict-transport-security:
      - max-age=31536000; includeSubDomains
      transfer-encoding:
      - chunked
      vary:
      - Accept-Encoding
      x-content-type-options:
      - nosniff
    status:
      code: 200
      message: OK
- request:
    body: null
    headers:
      Accept:
      - application/json
      Accept-Encoding:
      - gzip, deflate
      Connection:
      - keep-alive
      User-Agent:
      - azsdk-python-mgmt-servicebus/6.0.0 Python/3.6.9 (Linux-4.9.184-linuxkit-x86_64-with-Ubuntu-18.04-bionic)
    method: GET
    uri: https://management.azure.com/subscriptions/00000000-0000-0000-0000-000000000000/resourceGroups/rgname/providers/Microsoft.ServiceBus/namespaces/myNamespacexxyyzzxyyma/migrationConfigurations/%24default?api-version=2017-04-01
  response:
    body:
      string: '{"id":"/subscriptions/00000000-0000-0000-0000-000000000000/resourceGroups/rgname/providers/Microsoft.ServiceBus/namespaces/myNamespacexxyyzzxyyma/migrationConfigurations/$default","name":"myNamespacexxyyzzxyyma","type":"Microsoft.ServiceBus/Namespaces/migrationconfigurations","properties":{"provisioningState":"Accepted","targetNamespace":"/subscriptions/00000000-0000-0000-0000-000000000000/resourceGroups/rgname/providers/Microsoft.ServiceBus/namespaces/myNamespacexxyyzzykksecondm","postMigrationName":"postmigrationxxxky","migrationState":"Completing"}}'
    headers:
      cache-control:
      - no-cache
      content-length:
      - '696'
      content-type:
      - application/json; charset=utf-8
      date:
      - Mon, 23 Nov 2020 08:59:26 GMT
      expires:
      - '-1'
      pragma:
      - no-cache
      server:
      - Service-Bus-Resource-Provider/SN1
      - Microsoft-HTTPAPI/2.0
      server-sb:
      - Service-Bus-Resource-Provider/SN1
      strict-transport-security:
      - max-age=31536000; includeSubDomains
      transfer-encoding:
      - chunked
      vary:
      - Accept-Encoding
      x-content-type-options:
      - nosniff
    status:
      code: 200
      message: OK
- request:
    body: null
    headers:
      Accept:
      - application/json
      Accept-Encoding:
      - gzip, deflate
      Connection:
      - keep-alive
      User-Agent:
      - azsdk-python-mgmt-servicebus/6.0.0 Python/3.6.9 (Linux-4.9.184-linuxkit-x86_64-with-Ubuntu-18.04-bionic)
    method: GET
    uri: https://management.azure.com/subscriptions/00000000-0000-0000-0000-000000000000/resourceGroups/rgname/providers/Microsoft.ServiceBus/namespaces/myNamespacexxyyzzxyyma/migrationConfigurations/%24default?api-version=2017-04-01
  response:
    body:
      string: '{"id":"/subscriptions/00000000-0000-0000-0000-000000000000/resourceGroups/rgname/providers/Microsoft.ServiceBus/namespaces/myNamespacexxyyzzxyyma/migrationConfigurations/$default","name":"myNamespacexxyyzzxyyma","type":"Microsoft.ServiceBus/Namespaces/migrationconfigurations","properties":{"provisioningState":"Succeeded","targetNamespace":"/subscriptions/00000000-0000-0000-0000-000000000000/resourceGroups/rgname/providers/Microsoft.ServiceBus/namespaces/myNamespacexxyyzzykksecondm","postMigrationName":"postmigrationxxxky","migrationState":"Active"}}'
    headers:
      cache-control:
      - no-cache
      content-length:
      - '693'
      content-type:
      - application/json; charset=utf-8
      date:
      - Mon, 23 Nov 2020 08:59:56 GMT
      expires:
      - '-1'
      pragma:
      - no-cache
      server:
      - Service-Bus-Resource-Provider/SN1
      - Microsoft-HTTPAPI/2.0
      server-sb:
      - Service-Bus-Resource-Provider/SN1
      strict-transport-security:
      - max-age=31536000; includeSubDomains
      transfer-encoding:
      - chunked
      vary:
      - Accept-Encoding
      x-content-type-options:
      - nosniff
    status:
      code: 200
      message: OK
- request:
    body: null
    headers:
      Accept:
      - application/json
      Accept-Encoding:
      - gzip, deflate
      Connection:
      - keep-alive
      Content-Length:
      - '0'
      User-Agent:
      - azsdk-python-mgmt-servicebus/6.0.0 Python/3.6.9 (Linux-4.9.184-linuxkit-x86_64-with-Ubuntu-18.04-bionic)
    method: DELETE
    uri: https://management.azure.com/subscriptions/00000000-0000-0000-0000-000000000000/resourceGroups/rgname/providers/Microsoft.ServiceBus/namespaces/myNamespacexxyyzzxyyma/migrationConfigurations/%24default?api-version=2017-04-01
  response:
    body:
      string: '{"error":{"message":"Alias ''myNamespacexxyyzzxyyma'' does not exist
        or is not associated with namespace ''myNamespacexxyyzzxyyma''. CorrelationId:
        1d0ac610-5ccc-49b2-8104-89e129d07868","code":"NotFound"}}'
    headers:
      cache-control:
      - no-cache
      content-length:
      - '201'
      content-type:
      - application/json; charset=utf-8
      date:
      - Mon, 23 Nov 2020 08:59:56 GMT
      expires:
      - '-1'
      pragma:
      - no-cache
      server:
      - Service-Bus-Resource-Provider/SN1
      - Microsoft-HTTPAPI/2.0
      server-sb:
      - Service-Bus-Resource-Provider/SN1
      strict-transport-security:
      - max-age=31536000; includeSubDomains
      x-content-type-options:
      - nosniff
      x-ms-ratelimit-remaining-subscription-deletes:
      - '14999'
    status:
      code: 404
      message: Not Found
- request:
    body: null
    headers:
      Accept:
      - application/json
      Accept-Encoding:
      - gzip, deflate
      Connection:
      - keep-alive
      Content-Length:
      - '0'
      User-Agent:
      - azsdk-python-mgmt-servicebus/6.0.0 Python/3.6.9 (Linux-4.9.184-linuxkit-x86_64-with-Ubuntu-18.04-bionic)
    method: DELETE
    uri: https://management.azure.com/subscriptions/00000000-0000-0000-0000-000000000000/resourceGroups/rgname/providers/Microsoft.ServiceBus/namespaces/myNamespacexxyyzzxyyma?api-version=2018-01-01-preview
  response:
    body:
      string: ''
    headers:
      cache-control:
      - no-cache
      date:
      - Mon, 23 Nov 2020 09:00:06 GMT
      expires:
      - '-1'
      pragma:
      - no-cache
      server:
      - Service-Bus-Resource-Provider/SN1
      - Microsoft-HTTPAPI/2.0
      server-sb:
      - Service-Bus-Resource-Provider/SN1
      strict-transport-security:
      - max-age=31536000; includeSubDomains
      x-content-type-options:
      - nosniff
      x-ms-ratelimit-remaining-subscription-deletes:
      - '14998'
    status:
      code: 204
      message: No Content
- request:
    body: null
    headers:
      Accept:
      - application/json
      Accept-Encoding:
      - gzip, deflate
      Connection:
      - keep-alive
      Content-Length:
      - '0'
      User-Agent:
      - azsdk-python-mgmt-servicebus/6.0.0 Python/3.6.9 (Linux-4.9.184-linuxkit-x86_64-with-Ubuntu-18.04-bionic)
    method: DELETE
    uri: https://management.azure.com/subscriptions/00000000-0000-0000-0000-000000000000/resourceGroups/rgname/providers/Microsoft.ServiceBus/namespaces/myNamespacexxyyzzykksecondm?api-version=2018-01-01-preview
  response:
    body:
      string: ''
    headers:
      cache-control:
      - no-cache
      content-length:
      - '0'
      date:
      - Mon, 23 Nov 2020 09:00:07 GMT
      expires:
      - '-1'
      location:
      - https://management.azure.com/subscriptions/00000000-0000-0000-0000-000000000000/resourceGroups/rgname/providers/Microsoft.ServiceBus/namespaces/myNamespacexxyyzzykksecondm/operationresults/myNamespacexxyyzzykksecondm?api-version=2018-01-01-preview
      pragma:
      - no-cache
      server:
      - Service-Bus-Resource-Provider/SN1
      - Microsoft-HTTPAPI/2.0
      server-sb:
      - Service-Bus-Resource-Provider/SN1
      strict-transport-security:
      - max-age=31536000; includeSubDomains
      x-content-type-options:
      - nosniff
      x-ms-ratelimit-remaining-subscription-deletes:
      - '14997'
    status:
      code: 202
      message: Accepted
- request:
    body: null
    headers:
      Accept:
      - '*/*'
      Accept-Encoding:
      - gzip, deflate
      Connection:
      - keep-alive
      User-Agent:
      - azsdk-python-mgmt-servicebus/6.0.0 Python/3.6.9 (Linux-4.9.184-linuxkit-x86_64-with-Ubuntu-18.04-bionic)
    method: GET
    uri: https://management.azure.com/subscriptions/00000000-0000-0000-0000-000000000000/resourceGroups/rgname/providers/Microsoft.ServiceBus/namespaces/myNamespacexxyyzzykksecondm/operationresults/myNamespacexxyyzzykksecondm?api-version=2018-01-01-preview
  response:
    body:
      string: '{"sku":{"name":"Premium","tier":"Premium","capacity":1},"id":"/subscriptions/00000000-0000-0000-0000-000000000000/resourceGroups/rgname/providers/Microsoft.ServiceBus/namespaces/myNamespacexxyyzzykksecondm","name":"myNamespacexxyyzzykksecondm","type":"Microsoft.ServiceBus/Namespaces","location":"West
        US","tags":{"tag1":"value1","tag2":"value2"},"properties":{"zoneRedundant":false,"provisioningState":"Succeeded","metricId":"00000000-0000-0000-0000-000000000000:mynamespacexxyyzzykksecondm","createdAt":"2020-11-23T08:55:00.353Z","updatedAt":"2020-11-23T09:00:07.527Z","serviceBusEndpoint":"https://myNamespacexxyyzzykksecondm.servicebus.windows.net:443/","status":"Removing"}}'
    headers:
      cache-control:
      - no-cache
      content-length:
      - '748'
      content-type:
      - application/json; charset=utf-8
      date:
      - Mon, 23 Nov 2020 09:00:38 GMT
      expires:
      - '-1'
      location:
      - https://management.azure.com/subscriptions/00000000-0000-0000-0000-000000000000/resourceGroups/rgname/providers/Microsoft.ServiceBus/namespaces/myNamespacexxyyzzykksecondm/operationresults/myNamespacexxyyzzykksecondm?api-version=2018-01-01-preview
      pragma:
      - no-cache
      server:
      - Service-Bus-Resource-Provider/CH3
      - Microsoft-HTTPAPI/2.0
      server-sb:
      - Service-Bus-Resource-Provider/CH3
      strict-transport-security:
      - max-age=31536000; includeSubDomains
      x-content-type-options:
      - nosniff
    status:
      code: 202
      message: Accepted
- request:
    body: null
    headers:
      Accept:
      - '*/*'
      Accept-Encoding:
      - gzip, deflate
      Connection:
      - keep-alive
      User-Agent:
      - azsdk-python-mgmt-servicebus/6.0.0 Python/3.6.9 (Linux-4.9.184-linuxkit-x86_64-with-Ubuntu-18.04-bionic)
    method: GET
    uri: https://management.azure.com/subscriptions/00000000-0000-0000-0000-000000000000/resourceGroups/rgname/providers/Microsoft.ServiceBus/namespaces/myNamespacexxyyzzykksecondm/operationresults/myNamespacexxyyzzykksecondm?api-version=2018-01-01-preview
  response:
    body:
      string: '{"sku":{"name":"Premium","tier":"Premium","capacity":1},"id":"/subscriptions/00000000-0000-0000-0000-000000000000/resourceGroups/rgname/providers/Microsoft.ServiceBus/namespaces/myNamespacexxyyzzykksecondm","name":"myNamespacexxyyzzykksecondm","type":"Microsoft.ServiceBus/Namespaces","location":"West
        US","tags":{"tag1":"value1","tag2":"value2"},"properties":{"zoneRedundant":false,"provisioningState":"Succeeded","metricId":"00000000-0000-0000-0000-000000000000:mynamespacexxyyzzykksecondm","createdAt":"2020-11-23T08:55:00.353Z","updatedAt":"2020-11-23T09:00:07.527Z","serviceBusEndpoint":"https://myNamespacexxyyzzykksecondm.servicebus.windows.net:443/","status":"Removing"}}'
    headers:
      cache-control:
      - no-cache
      content-length:
      - '748'
      content-type:
      - application/json; charset=utf-8
      date:
      - Mon, 23 Nov 2020 09:01:26 GMT
      expires:
      - '-1'
      location:
      - https://management.azure.com/subscriptions/00000000-0000-0000-0000-000000000000/resourceGroups/rgname/providers/Microsoft.ServiceBus/namespaces/myNamespacexxyyzzykksecondm/operationresults/myNamespacexxyyzzykksecondm?api-version=2018-01-01-preview
      pragma:
      - no-cache
      server:
      - Service-Bus-Resource-Provider/CH3
      - Microsoft-HTTPAPI/2.0
      server-sb:
      - Service-Bus-Resource-Provider/CH3
      strict-transport-security:
      - max-age=31536000; includeSubDomains
      x-content-type-options:
      - nosniff
    status:
      code: 202
      message: Accepted
- request:
    body: null
    headers:
      Accept:
      - '*/*'
      Accept-Encoding:
      - gzip, deflate
      Connection:
      - keep-alive
      User-Agent:
      - azsdk-python-mgmt-servicebus/6.0.0 Python/3.6.9 (Linux-4.9.184-linuxkit-x86_64-with-Ubuntu-18.04-bionic)
    method: GET
    uri: https://management.azure.com/subscriptions/00000000-0000-0000-0000-000000000000/resourceGroups/rgname/providers/Microsoft.ServiceBus/namespaces/myNamespacexxyyzzykksecondm/operationresults/myNamespacexxyyzzykksecondm?api-version=2018-01-01-preview
  response:
    body:
      string: '{"error":{"code":"ResourceNotFound","message":"The Resource ''Microsoft.ServiceBus/namespaces/myNamespacexxyyzzykksecondm''
        under resource group ''rgname'' was not found. For more details please go
        to https://aka.ms/ARMResourceNotFoundFix"}}'
    headers:
      cache-control:
      - no-cache
      content-length:
      - '306'
      content-type:
      - application/json; charset=utf-8
      date:
      - Mon, 23 Nov 2020 09:01:59 GMT
      expires:
      - '-1'
      pragma:
      - no-cache
      strict-transport-security:
      - max-age=31536000; includeSubDomains
      x-content-type-options:
      - nosniff
      x-ms-failure-cause:
      - gateway
    status:
      code: 404
      message: Not Found
version: 1
