{
  "Entries": [
    {
      "RequestUri": "https://login.microsoftonline.com/00000000-0000-0000-0000-000000000000/v2.0/.well-known/openid-configuration",
      "RequestMethod": "GET",
      "RequestHeaders": {
        "Accept": "*/*",
        "Accept-Encoding": "gzip, deflate",
        "Connection": "keep-alive",
        "User-Agent": "azsdk-python-identity/1.11.0b4 Python/3.8.13 (Linux-5.15.0-1014-azure-x86_64-with-glibc2.2.5) VSTS_0fb41ef4-5012-48a9-bf39-4ee3de03ee35_build_2500_0"
      },
      "RequestBody": null,
      "StatusCode": 200,
      "ResponseHeaders": {
        "Access-Control-Allow-Methods": "GET, OPTIONS",
        "Access-Control-Allow-Origin": "*",
        "Cache-Control": "max-age=86400, private",
        "Content-Length": "1753",
        "Content-Type": "application/json; charset=utf-8",
        "Date": "Wed, 10 Aug 2022 07:42:03 GMT",
        "P3P": "CP=\u0022DSP CUR OTPi IND OTRi ONL FIN\u0022",
        "Set-Cookie": "[set-cookie;]",
        "Strict-Transport-Security": "max-age=31536000; includeSubDomains",
        "X-Content-Type-Options": "nosniff",
        "x-ms-ests-server": "2.1.13418.10 - EUS ProdSlices",
        "X-XSS-Protection": "0"
      },
      "ResponseBody": {
        "token_endpoint": "https://login.microsoftonline.com/00000000-0000-0000-0000-000000000000/oauth2/v2.0/token",
        "token_endpoint_auth_methods_supported": [
          "client_secret_post",
          "private_key_jwt",
          "client_secret_basic"
        ],
        "jwks_uri": "https://login.microsoftonline.com/00000000-0000-0000-0000-000000000000/discovery/v2.0/keys",
        "response_modes_supported": [
          "query",
          "fragment",
          "form_post"
        ],
        "subject_types_supported": [
          "pairwise"
        ],
        "id_token_signing_alg_values_supported": [
          "RS256"
        ],
        "response_types_supported": [
          "code",
          "id_token",
          "code id_token",
          "id_token token"
        ],
        "scopes_supported": [
          "openid",
          "profile",
          "email",
          "offline_access"
        ],
        "issuer": "https://login.microsoftonline.com/00000000-0000-0000-0000-000000000000/v2.0",
        "request_uri_parameter_supported": false,
        "userinfo_endpoint": "https://graph.microsoft.com/oidc/userinfo",
        "authorization_endpoint": "https://login.microsoftonline.com/00000000-0000-0000-0000-000000000000/oauth2/v2.0/authorize",
        "device_authorization_endpoint": "https://login.microsoftonline.com/00000000-0000-0000-0000-000000000000/oauth2/v2.0/devicecode",
        "http_logout_supported": true,
        "frontchannel_logout_supported": true,
        "end_session_endpoint": "https://login.microsoftonline.com/00000000-0000-0000-0000-000000000000/oauth2/v2.0/logout",
        "claims_supported": [
          "sub",
          "iss",
          "cloud_instance_name",
          "cloud_instance_host_name",
          "cloud_graph_host_name",
          "msgraph_host",
          "aud",
          "exp",
          "iat",
          "auth_time",
          "acr",
          "nonce",
          "preferred_username",
          "name",
          "tid",
          "ver",
          "at_hash",
          "c_hash",
          "email"
        ],
        "kerberos_endpoint": "https://login.microsoftonline.com/00000000-0000-0000-0000-000000000000/kerberos",
        "tenant_region_scope": "NA",
        "cloud_instance_name": "microsoftonline.com",
        "cloud_graph_host_name": "graph.windows.net",
        "msgraph_host": "graph.microsoft.com",
        "rbac_url": "https://pas.windows.net"
      }
    },
    {
      "RequestUri": "https://login.microsoftonline.com/common/discovery/instance?api-version=1.1\u0026authorization_endpoint=https://login.microsoftonline.com/common/oauth2/authorize",
      "RequestMethod": "GET",
      "RequestHeaders": {
        "Accept": "application/json",
        "Accept-Encoding": "gzip, deflate",
        "Connection": "keep-alive",
        "Cookie": "cookie;",
        "User-Agent": "azsdk-python-identity/1.11.0b4 Python/3.8.13 (Linux-5.15.0-1014-azure-x86_64-with-glibc2.2.5) VSTS_0fb41ef4-5012-48a9-bf39-4ee3de03ee35_build_2500_0"
      },
      "RequestBody": null,
      "StatusCode": 200,
      "ResponseHeaders": {
        "Access-Control-Allow-Methods": "GET, OPTIONS",
        "Access-Control-Allow-Origin": "*",
        "Cache-Control": "max-age=86400, private",
        "Content-Length": "945",
        "Content-Type": "application/json; charset=utf-8",
        "Date": "Wed, 10 Aug 2022 07:42:03 GMT",
        "P3P": "CP=\u0022DSP CUR OTPi IND OTRi ONL FIN\u0022",
        "Set-Cookie": "[set-cookie;]",
        "Strict-Transport-Security": "max-age=31536000; includeSubDomains",
        "X-Content-Type-Options": "nosniff",
        "x-ms-ests-server": "2.1.13418.10 - EUS ProdSlices",
        "X-XSS-Protection": "0"
      },
      "ResponseBody": {
        "tenant_discovery_endpoint": "https://login.microsoftonline.com/common/.well-known/openid-configuration",
        "api-version": "1.1",
        "metadata": [
          {
            "preferred_network": "login.microsoftonline.com",
            "preferred_cache": "login.windows.net",
            "aliases": [
              "login.microsoftonline.com",
              "login.windows.net",
              "login.microsoft.com",
              "sts.windows.net"
            ]
          },
          {
            "preferred_network": "login.partner.microsoftonline.cn",
            "preferred_cache": "login.partner.microsoftonline.cn",
            "aliases": [
              "login.partner.microsoftonline.cn",
              "login.chinacloudapi.cn"
            ]
          },
          {
            "preferred_network": "login.microsoftonline.de",
            "preferred_cache": "login.microsoftonline.de",
            "aliases": [
              "login.microsoftonline.de"
            ]
          },
          {
            "preferred_network": "login.microsoftonline.us",
            "preferred_cache": "login.microsoftonline.us",
            "aliases": [
              "login.microsoftonline.us",
              "login.usgovcloudapi.net"
            ]
          },
          {
            "preferred_network": "login-us.microsoftonline.com",
            "preferred_cache": "login-us.microsoftonline.com",
            "aliases": [
              "login-us.microsoftonline.com"
            ]
          }
        ]
      }
    },
    {
      "RequestUri": "https://login.microsoftonline.com/00000000-0000-0000-0000-000000000000/oauth2/v2.0/token",
      "RequestMethod": "POST",
      "RequestHeaders": {
        "Accept": "application/json",
        "Accept-Encoding": "gzip, deflate",
        "client-request-id": "2224dd6b-2b52-4724-a69b-e745800a68eb",
        "Connection": "keep-alive",
        "Content-Length": "288",
        "Content-Type": "application/x-www-form-urlencoded",
        "Cookie": "cookie;",
        "User-Agent": "azsdk-python-identity/1.11.0b4 Python/3.8.13 (Linux-5.15.0-1014-azure-x86_64-with-glibc2.2.5) VSTS_0fb41ef4-5012-48a9-bf39-4ee3de03ee35_build_2500_0",
        "x-client-cpu": "x64",
        "x-client-current-telemetry": "4|730,0|",
        "x-client-last-telemetry": "4|0|||",
        "x-client-os": "linux",
        "x-client-sku": "MSAL.Python",
        "x-client-ver": "1.18.0",
        "x-ms-lib-capability": "retry-after, h429"
      },
      "RequestBody": "client_id=00000000-0000-0000-0000-000000000000\u0026grant_type=client_credentials\u0026client_info=1\u0026client_secret=00000000-0000-0000-0000-000000000000\u0026claims=%7B%22access_token%22%3A\u002B%7B%22xms_cc%22%3A\u002B%7B%22values%22%3A\u002B%5B%22CP1%22%5D%7D%7D%7D\u0026scope=https%3A%2F%2Fmanagement.azure.com%2F.default",
      "StatusCode": 200,
      "ResponseHeaders": {
        "Cache-Control": "no-store, no-cache",
        "client-request-id": "2224dd6b-2b52-4724-a69b-e745800a68eb",
        "Content-Length": "93",
        "Content-Type": "application/json; charset=utf-8",
        "Date": "Wed, 10 Aug 2022 07:42:03 GMT",
        "Expires": "-1",
        "P3P": "CP=\u0022DSP CUR OTPi IND OTRi ONL FIN\u0022",
        "Pragma": "no-cache",
        "Set-Cookie": "[set-cookie;]",
        "Strict-Transport-Security": "max-age=31536000; includeSubDomains",
        "X-Content-Type-Options": "nosniff",
        "x-ms-clitelem": "1,0,0,,",
        "x-ms-ests-server": "2.1.13418.10 - SCUS ProdSlices",
        "X-XSS-Protection": "0"
      },
      "ResponseBody": {
        "token_type": "Bearer",
        "expires_in": 3599,
        "ext_expires_in": 3599,
        "access_token": "access_token"
      }
    },
    {
      "RequestUri": "https://management.azure.com/subscriptions/00000000-0000-0000-0000-000000000000/resourceGroups/rgname/providers/Microsoft.ServiceBus/namespaces/myNamespacexxyyzzxyyf?api-version=2021-11-01",
      "RequestMethod": "PUT",
      "RequestHeaders": {
        "Accept": "application/json",
        "Accept-Encoding": "gzip, deflate",
        "Connection": "keep-alive",
        "Content-Length": "117",
        "Content-Type": "application/json",
        "User-Agent": "azsdk-python-azure-mgmt-servicebus/8.1.0 Python/3.8.13 (Linux-5.15.0-1014-azure-x86_64-with-glibc2.2.5) VSTS_0fb41ef4-5012-48a9-bf39-4ee3de03ee35_build_2500_0"
      },
      "RequestBody": {
        "location": "eastus",
        "tags": {
          "tag1": "value1",
          "tag2": "value2"
        },
        "sku": {
          "name": "Standard",
          "tier": "Standard"
        }
      },
      "StatusCode": 200,
      "ResponseHeaders": {
        "Cache-Control": "no-cache",
        "Content-Encoding": "gzip",
        "Content-Type": "application/json; charset=utf-8",
        "Date": "Wed, 10 Aug 2022 07:42:05 GMT",
        "Expires": "-1",
        "Pragma": "no-cache",
        "Server": [
          "Service-Bus-Resource-Provider/SN1",
          "Microsoft-HTTPAPI/2.0"
        ],
        "Server-SB": "Service-Bus-Resource-Provider/SN1",
        "Strict-Transport-Security": "max-age=31536000; includeSubDomains",
        "Transfer-Encoding": "chunked",
        "Vary": "Accept-Encoding",
        "X-Content-Type-Options": "nosniff",
        "x-ms-correlation-request-id": "253165bc-7e46-4a9a-a8f1-1f66e2990d02",
        "x-ms-ratelimit-remaining-subscription-writes": "1192",
        "x-ms-routing-request-id": "EASTUS2:20220810T074205Z:253165bc-7e46-4a9a-a8f1-1f66e2990d02"
      },
      "ResponseBody": {
        "sku": {
          "name": "Standard",
          "tier": "Standard"
        },
        "id": "/subscriptions/00000000-0000-0000-0000-000000000000/resourceGroups/rgname/providers/Microsoft.ServiceBus/namespaces/myNamespacexxyyzzxyyf",
        "name": "myNamespacexxyyzzxyyf",
        "type": "Microsoft.ServiceBus/Namespaces",
        "location": "East US",
        "tags": {
          "tag1": "value1",
          "tag2": "value2"
        },
        "properties": {
          "disableLocalAuth": false,
          "zoneRedundant": false,
          "provisioningState": "Created",
          "metricId": "00000000-0000-0000-0000-000000000000:mynamespacexxyyzzxyyf",
          "createdAt": "2022-08-10T07:42:04.623Z",
          "updatedAt": "2022-08-10T07:42:04.623Z",
          "serviceBusEndpoint": "https://myNamespacexxyyzzxyyf.servicebus.windows.net:443/",
          "status": "Activating"
        }
      }
    },
    {
      "RequestUri": "https://management.azure.com/subscriptions/00000000-0000-0000-0000-000000000000/resourceGroups/rgname/providers/Microsoft.ServiceBus/namespaces/myNamespacexxyyzzxyyf?api-version=2021-11-01",
      "RequestMethod": "GET",
      "RequestHeaders": {
        "Accept": "*/*",
        "Accept-Encoding": "gzip, deflate",
        "Connection": "keep-alive",
        "User-Agent": "azsdk-python-azure-mgmt-servicebus/8.1.0 Python/3.8.13 (Linux-5.15.0-1014-azure-x86_64-with-glibc2.2.5) VSTS_0fb41ef4-5012-48a9-bf39-4ee3de03ee35_build_2500_0"
      },
      "RequestBody": null,
      "StatusCode": 200,
      "ResponseHeaders": {
        "Cache-Control": "no-cache",
        "Content-Encoding": "gzip",
        "Content-Type": "application/json; charset=utf-8",
        "Date": "Wed, 10 Aug 2022 07:42:34 GMT",
        "Expires": "-1",
        "Pragma": "no-cache",
        "Server": [
          "Service-Bus-Resource-Provider/SN1",
          "Microsoft-HTTPAPI/2.0"
        ],
        "Server-SB": "Service-Bus-Resource-Provider/SN1",
        "Strict-Transport-Security": "max-age=31536000; includeSubDomains",
        "Transfer-Encoding": "chunked",
        "Vary": "Accept-Encoding",
        "X-Content-Type-Options": "nosniff",
        "x-ms-correlation-request-id": "ed885d22-ca2e-4959-9ada-0a8a3276abfb",
        "x-ms-ratelimit-remaining-subscription-reads": "11989",
        "x-ms-routing-request-id": "EASTUS2:20220810T074235Z:ed885d22-ca2e-4959-9ada-0a8a3276abfb"
      },
      "ResponseBody": {
        "sku": {
          "name": "Standard",
          "tier": "Standard"
        },
        "id": "/subscriptions/00000000-0000-0000-0000-000000000000/resourceGroups/rgname/providers/Microsoft.ServiceBus/namespaces/myNamespacexxyyzzxyyf",
        "name": "myNamespacexxyyzzxyyf",
        "type": "Microsoft.ServiceBus/Namespaces",
        "location": "East US",
        "tags": {
          "tag1": "value1",
          "tag2": "value2"
        },
        "properties": {
          "disableLocalAuth": false,
          "zoneRedundant": false,
          "provisioningState": "Created",
          "metricId": "00000000-0000-0000-0000-000000000000:mynamespacexxyyzzxyyf",
          "createdAt": "2022-08-10T07:42:04.623Z",
          "updatedAt": "2022-08-10T07:42:04.623Z",
          "serviceBusEndpoint": "https://myNamespacexxyyzzxyyf.servicebus.windows.net:443/",
          "status": "Activating"
        }
      }
    },
    {
      "RequestUri": "https://management.azure.com/subscriptions/00000000-0000-0000-0000-000000000000/resourceGroups/rgname/providers/Microsoft.ServiceBus/namespaces/myNamespacexxyyzzxyyf?api-version=2021-11-01",
      "RequestMethod": "GET",
      "RequestHeaders": {
        "Accept": "*/*",
        "Accept-Encoding": "gzip, deflate",
        "Connection": "keep-alive",
        "User-Agent": "azsdk-python-azure-mgmt-servicebus/8.1.0 Python/3.8.13 (Linux-5.15.0-1014-azure-x86_64-with-glibc2.2.5) VSTS_0fb41ef4-5012-48a9-bf39-4ee3de03ee35_build_2500_0"
      },
      "RequestBody": null,
      "StatusCode": 200,
      "ResponseHeaders": {
        "Cache-Control": "no-cache",
        "Content-Encoding": "gzip",
        "Content-Type": "application/json; charset=utf-8",
        "Date": "Wed, 10 Aug 2022 07:43:04 GMT",
        "Expires": "-1",
        "Pragma": "no-cache",
        "Server": [
          "Service-Bus-Resource-Provider/SN1",
          "Microsoft-HTTPAPI/2.0"
        ],
        "Server-SB": "Service-Bus-Resource-Provider/SN1",
        "Strict-Transport-Security": "max-age=31536000; includeSubDomains",
        "Transfer-Encoding": "chunked",
        "Vary": "Accept-Encoding",
        "X-Content-Type-Options": "nosniff",
        "x-ms-correlation-request-id": "3669c55f-5edd-47dc-a489-deedd5a64b05",
        "x-ms-ratelimit-remaining-subscription-reads": "11988",
        "x-ms-routing-request-id": "EASTUS2:20220810T074305Z:3669c55f-5edd-47dc-a489-deedd5a64b05"
      },
      "ResponseBody": {
        "sku": {
          "name": "Standard",
          "tier": "Standard"
        },
        "id": "/subscriptions/00000000-0000-0000-0000-000000000000/resourceGroups/rgname/providers/Microsoft.ServiceBus/namespaces/myNamespacexxyyzzxyyf",
        "name": "myNamespacexxyyzzxyyf",
        "type": "Microsoft.ServiceBus/Namespaces",
        "location": "East US",
        "tags": {
          "tag1": "value1",
          "tag2": "value2"
        },
        "properties": {
          "disableLocalAuth": false,
          "zoneRedundant": false,
          "provisioningState": "Succeeded",
          "metricId": "00000000-0000-0000-0000-000000000000:mynamespacexxyyzzxyyf",
          "createdAt": "2022-08-10T07:42:04.623Z",
          "updatedAt": "2022-08-10T07:42:47.293Z",
          "serviceBusEndpoint": "https://myNamespacexxyyzzxyyf.servicebus.windows.net:443/",
          "status": "Active"
        }
      }
    },
    {
      "RequestUri": "https://management.azure.com/subscriptions/00000000-0000-0000-0000-000000000000/resourceGroups/rgname/providers/Microsoft.ServiceBus/namespaces/myNamespacexxyyzzxyyf/topics/myTopic?api-version=2021-11-01",
      "RequestMethod": "PUT",
      "RequestHeaders": {
        "Accept": "application/json",
        "Accept-Encoding": "gzip, deflate",
        "Connection": "keep-alive",
        "Content-Length": "39",
        "Content-Type": "application/json",
        "User-Agent": "azsdk-python-azure-mgmt-servicebus/8.1.0 Python/3.8.13 (Linux-5.15.0-1014-azure-x86_64-with-glibc2.2.5) VSTS_0fb41ef4-5012-48a9-bf39-4ee3de03ee35_build_2500_0"
      },
      "RequestBody": {
        "properties": {
          "enableExpress": true
        }
      },
      "StatusCode": 200,
      "ResponseHeaders": {
        "Cache-Control": "no-cache",
        "Content-Encoding": "gzip",
        "Content-Type": "application/json; charset=utf-8",
        "Date": "Wed, 10 Aug 2022 07:43:06 GMT",
        "Expires": "-1",
        "Pragma": "no-cache",
        "Server": "Microsoft-HTTPAPI/2.0",
        "Strict-Transport-Security": "max-age=31536000; includeSubDomains",
        "Transfer-Encoding": "chunked",
        "Vary": "Accept-Encoding",
        "X-Content-Type-Options": "nosniff",
        "x-ms-correlation-request-id": "116749ca-8d57-4c70-8c6e-39b1bf658f0b",
        "x-ms-ratelimit-remaining-subscription-writes": "1191",
        "x-ms-routing-request-id": "EASTUS2:20220810T074307Z:116749ca-8d57-4c70-8c6e-39b1bf658f0b"
      },
      "ResponseBody": {
        "id": "/subscriptions/00000000-0000-0000-0000-000000000000/resourceGroups/rgname/providers/Microsoft.ServiceBus/namespaces/myNamespacexxyyzzxyyf/topics/myTopic",
        "name": "myTopic",
        "type": "Microsoft.ServiceBus/Namespaces/Topics",
        "location": "eastus",
        "properties": {
          "maxMessageSizeInKilobytes": 256,
          "defaultMessageTimeToLive": "P10675199DT2H48M5.4775807S",
          "maxSizeInMegabytes": 1024,
          "requiresDuplicateDetection": false,
          "duplicateDetectionHistoryTimeWindow": "PT10M",
          "enableBatchedOperations": true,
          "sizeInBytes": 0,
          "status": "Active",
          "supportOrdering": true,
          "autoDeleteOnIdle": "P10675199DT2H48M5.4775807S",
          "enablePartitioning": false,
          "enableExpress": true,
          "createdAt": "2022-08-10T07:43:06.987Z",
          "updatedAt": "2022-08-10T07:43:07.27Z",
          "accessedAt": "0001-01-01T00:00:00",
          "subscriptionCount": 0,
          "countDetails": {
            "activeMessageCount": 0,
            "deadLetterMessageCount": 0,
            "scheduledMessageCount": 0,
            "transferMessageCount": 0,
            "transferDeadLetterMessageCount": 0
          }
        }
      }
    },
    {
      "RequestUri": "https://management.azure.com/subscriptions/00000000-0000-0000-0000-000000000000/resourceGroups/rgname/providers/Microsoft.ServiceBus/namespaces/myNamespacexxyyzzxyyf/topics/myTopic/authorizationRules/myAuthorizationRule?api-version=2021-11-01",
      "RequestMethod": "PUT",
      "RequestHeaders": {
        "Accept": "application/json",
        "Accept-Encoding": "gzip, deflate",
        "Connection": "keep-alive",
        "Content-Length": "46",
        "Content-Type": "application/json",
        "User-Agent": "azsdk-python-azure-mgmt-servicebus/8.1.0 Python/3.8.13 (Linux-5.15.0-1014-azure-x86_64-with-glibc2.2.5) VSTS_0fb41ef4-5012-48a9-bf39-4ee3de03ee35_build_2500_0"
      },
      "RequestBody": {
        "properties": {
          "rights": [
            "Listen",
            "Send"
          ]
        }
      },
      "StatusCode": 200,
      "ResponseHeaders": {
        "Cache-Control": "no-cache",
        "Content-Encoding": "gzip",
        "Content-Type": "application/json; charset=utf-8",
        "Date": "Wed, 10 Aug 2022 07:43:06 GMT",
        "Expires": "-1",
        "Pragma": "no-cache",
        "Server": "Microsoft-HTTPAPI/2.0",
        "Strict-Transport-Security": "max-age=31536000; includeSubDomains",
        "Transfer-Encoding": "chunked",
        "Vary": "Accept-Encoding",
        "X-Content-Type-Options": "nosniff",
        "x-ms-correlation-request-id": "c35b7c50-e460-44e1-ac52-3d49d816860e",
        "x-ms-ratelimit-remaining-subscription-writes": "1190",
        "x-ms-routing-request-id": "EASTUS2:20220810T074307Z:c35b7c50-e460-44e1-ac52-3d49d816860e"
      },
      "ResponseBody": {
        "id": "/subscriptions/00000000-0000-0000-0000-000000000000/resourceGroups/rgname/providers/Microsoft.ServiceBus/namespaces/myNamespacexxyyzzxyyf/topics/myTopic/authorizationRules/myAuthorizationRule",
        "name": "myAuthorizationRule",
        "type": "Microsoft.ServiceBus/Namespaces/Topics/AuthorizationRules",
        "properties": {
          "rights": [
            "Listen",
            "Send"
          ]
        }
      }
    },
    {
      "RequestUri": "https://management.azure.com/subscriptions/00000000-0000-0000-0000-000000000000/resourceGroups/rgname/providers/Microsoft.ServiceBus/namespaces/myNamespacexxyyzzxyyf/topics/myTopic/authorizationRules/myAuthorizationRule?api-version=2021-11-01",
      "RequestMethod": "GET",
      "RequestHeaders": {
        "Accept": "application/json",
        "Accept-Encoding": "gzip, deflate",
        "Connection": "keep-alive",
        "User-Agent": "azsdk-python-azure-mgmt-servicebus/8.1.0 Python/3.8.13 (Linux-5.15.0-1014-azure-x86_64-with-glibc2.2.5) VSTS_0fb41ef4-5012-48a9-bf39-4ee3de03ee35_build_2500_0"
      },
      "RequestBody": null,
      "StatusCode": 200,
      "ResponseHeaders": {
        "Cache-Control": "no-cache",
        "Content-Encoding": "gzip",
        "Content-Type": "application/json; charset=utf-8",
        "Date": "Wed, 10 Aug 2022 07:43:07 GMT",
        "Expires": "-1",
        "Pragma": "no-cache",
        "Server": "Microsoft-HTTPAPI/2.0",
        "Strict-Transport-Security": "max-age=31536000; includeSubDomains",
        "Transfer-Encoding": "chunked",
        "Vary": "Accept-Encoding",
        "X-Content-Type-Options": "nosniff",
        "x-ms-correlation-request-id": "2b55d4e5-e34f-4782-b10d-3019572c0612",
        "x-ms-ratelimit-remaining-subscription-reads": "11987",
        "x-ms-routing-request-id": "EASTUS2:20220810T074307Z:2b55d4e5-e34f-4782-b10d-3019572c0612"
      },
      "ResponseBody": {
        "id": "/subscriptions/00000000-0000-0000-0000-000000000000/resourcegroups/rgname/providers/Microsoft.ServiceBus/namespaces/myNamespacexxyyzzxyyf/topics/myTopic/authorizationrules/myAuthorizationRule",
        "name": "myAuthorizationRule",
        "type": "Microsoft.ServiceBus/Namespaces/Topics/AuthorizationRules",
        "location": "eastus",
        "properties": {
          "rights": [
            "Listen",
            "Send"
          ]
        }
      }
    },
    {
      "RequestUri": "https://management.azure.com/subscriptions/00000000-0000-0000-0000-000000000000/resourceGroups/rgname/providers/Microsoft.ServiceBus/namespaces/myNamespacexxyyzzxyyf/topics/myTopic/authorizationRules/myAuthorizationRule/regenerateKeys?api-version=2021-11-01",
      "RequestMethod": "POST",
      "RequestHeaders": {
        "Accept": "application/json",
        "Accept-Encoding": "gzip, deflate",
        "Connection": "keep-alive",
        "Content-Length": "25",
        "Content-Type": "application/json",
        "User-Agent": "azsdk-python-azure-mgmt-servicebus/8.1.0 Python/3.8.13 (Linux-5.15.0-1014-azure-x86_64-with-glibc2.2.5) VSTS_0fb41ef4-5012-48a9-bf39-4ee3de03ee35_build_2500_0"
      },
      "RequestBody": {
        "keyType": "PrimaryKey"
      },
      "StatusCode": 200,
      "ResponseHeaders": {
        "Cache-Control": "no-cache",
        "Content-Encoding": "gzip",
        "Content-Type": "application/json; charset=utf-8",
        "Date": "Wed, 10 Aug 2022 07:43:07 GMT",
        "Expires": "-1",
        "Pragma": "no-cache",
        "Server": "Microsoft-HTTPAPI/2.0",
        "Strict-Transport-Security": "max-age=31536000; includeSubDomains",
        "Transfer-Encoding": "chunked",
        "Vary": "Accept-Encoding",
        "X-Content-Type-Options": "nosniff",
        "x-ms-correlation-request-id": "e84631bf-601e-4668-b352-9e4df78e5066",
        "x-ms-ratelimit-remaining-subscription-writes": "1197",
        "x-ms-routing-request-id": "EASTUS2:20220810T074307Z:e84631bf-601e-4668-b352-9e4df78e5066"
      },
      "ResponseBody": {
        "primaryConnectionString": "Endpoint=sb://mynamespacexxyyzzxyyf.servicebus.windows.net/;SharedAccessKeyName=myAuthorizationRule;SharedAccessKey=SharedAccessKey;EntityPath=myTopic",
        "secondaryConnectionString": "Endpoint=sb://mynamespacexxyyzzxyyf.servicebus.windows.net/;SharedAccessKeyName=myAuthorizationRule;SharedAccessKey=SharedAccessKey;EntityPath=myTopic",
        "primaryKey": "primaryKey",
        "secondaryKey": "secondaryKey",
        "keyName": "myAuthorizationRule"
      }
    },
    {
      "RequestUri": "https://management.azure.com/subscriptions/00000000-0000-0000-0000-000000000000/resourceGroups/rgname/providers/Microsoft.ServiceBus/namespaces/myNamespacexxyyzzxyyf/topics/myTopic/authorizationRules/myAuthorizationRule/ListKeys?api-version=2021-11-01",
      "RequestMethod": "POST",
      "RequestHeaders": {
        "Accept": "application/json",
        "Accept-Encoding": "gzip, deflate",
        "Connection": "keep-alive",
        "Content-Length": "0",
        "User-Agent": "azsdk-python-azure-mgmt-servicebus/8.1.0 Python/3.8.13 (Linux-5.15.0-1014-azure-x86_64-with-glibc2.2.5) VSTS_0fb41ef4-5012-48a9-bf39-4ee3de03ee35_build_2500_0"
      },
      "RequestBody": null,
      "StatusCode": 200,
      "ResponseHeaders": {
        "Cache-Control": "no-cache",
        "Content-Encoding": "gzip",
        "Content-Type": "application/json; charset=utf-8",
        "Date": "Wed, 10 Aug 2022 07:43:07 GMT",
        "Expires": "-1",
        "Pragma": "no-cache",
        "Server": "Microsoft-HTTPAPI/2.0",
        "Strict-Transport-Security": "max-age=31536000; includeSubDomains",
        "Transfer-Encoding": "chunked",
        "Vary": "Accept-Encoding",
        "X-Content-Type-Options": "nosniff",
        "x-ms-correlation-request-id": "9e1eec0d-2146-4903-a820-34a986d6660c",
        "x-ms-ratelimit-remaining-subscription-writes": "1196",
        "x-ms-routing-request-id": "EASTUS2:20220810T074308Z:9e1eec0d-2146-4903-a820-34a986d6660c"
      },
      "ResponseBody": {
        "primaryConnectionString": "Endpoint=sb://mynamespacexxyyzzxyyf.servicebus.windows.net/;SharedAccessKeyName=myAuthorizationRule;SharedAccessKey=SharedAccessKey;EntityPath=myTopic",
        "secondaryConnectionString": "Endpoint=sb://mynamespacexxyyzzxyyf.servicebus.windows.net/;SharedAccessKeyName=myAuthorizationRule;SharedAccessKey=SharedAccessKey;EntityPath=myTopic",
        "primaryKey": "primaryKey",
        "secondaryKey": "secondaryKey",
        "keyName": "myAuthorizationRule"
      }
    },
    {
      "RequestUri": "https://management.azure.com/subscriptions/00000000-0000-0000-0000-000000000000/resourceGroups/rgname/providers/Microsoft.ServiceBus/namespaces/myNamespacexxyyzzxyyf/topics/myTopic/authorizationRules/myAuthorizationRule?api-version=2021-11-01",
      "RequestMethod": "DELETE",
      "RequestHeaders": {
        "Accept": "application/json",
        "Accept-Encoding": "gzip, deflate",
        "Connection": "keep-alive",
        "Content-Length": "0",
        "User-Agent": "azsdk-python-azure-mgmt-servicebus/8.1.0 Python/3.8.13 (Linux-5.15.0-1014-azure-x86_64-with-glibc2.2.5) VSTS_0fb41ef4-5012-48a9-bf39-4ee3de03ee35_build_2500_0"
      },
      "RequestBody": null,
      "StatusCode": 200,
      "ResponseHeaders": {
        "Cache-Control": "no-cache",
        "Content-Length": "0",
        "Date": "Wed, 10 Aug 2022 07:43:07 GMT",
        "Expires": "-1",
        "Pragma": "no-cache",
        "Server": "Microsoft-HTTPAPI/2.0",
        "Strict-Transport-Security": "max-age=31536000; includeSubDomains",
        "X-Content-Type-Options": "nosniff",
        "x-ms-correlation-request-id": "61d6366e-124e-49c1-9264-01eddebdc473",
        "x-ms-ratelimit-remaining-subscription-deletes": "14992",
        "x-ms-routing-request-id": "EASTUS2:20220810T074308Z:61d6366e-124e-49c1-9264-01eddebdc473"
      },
      "ResponseBody": null
    },
    {
      "RequestUri": "https://management.azure.com/subscriptions/00000000-0000-0000-0000-000000000000/resourceGroups/rgname/providers/Microsoft.ServiceBus/namespaces/myNamespacexxyyzzxyyf/topics/myTopic?api-version=2021-11-01",
      "RequestMethod": "DELETE",
      "RequestHeaders": {
        "Accept": "application/json",
        "Accept-Encoding": "gzip, deflate",
        "Connection": "keep-alive",
        "Content-Length": "0",
        "User-Agent": "azsdk-python-azure-mgmt-servicebus/8.1.0 Python/3.8.13 (Linux-5.15.0-1014-azure-x86_64-with-glibc2.2.5) VSTS_0fb41ef4-5012-48a9-bf39-4ee3de03ee35_build_2500_0"
      },
      "RequestBody": null,
      "StatusCode": 200,
      "ResponseHeaders": {
        "Cache-Control": "no-cache",
        "Content-Length": "0",
        "Date": "Wed, 10 Aug 2022 07:43:08 GMT",
        "Expires": "-1",
        "Pragma": "no-cache",
        "Server": "Microsoft-HTTPAPI/2.0",
        "Strict-Transport-Security": "max-age=31536000; includeSubDomains",
        "X-Content-Type-Options": "nosniff",
        "x-ms-correlation-request-id": "72fdf75f-aa75-4ae5-ba94-4921c3d0a209",
        "x-ms-ratelimit-remaining-subscription-deletes": "14991",
        "x-ms-routing-request-id": "EASTUS2:20220810T074309Z:72fdf75f-aa75-4ae5-ba94-4921c3d0a209"
      },
      "ResponseBody": null
    },
    {
      "RequestUri": "https://management.azure.com/subscriptions/00000000-0000-0000-0000-000000000000/resourceGroups/rgname/providers/Microsoft.ServiceBus/namespaces/myNamespacexxyyzzxyyf?api-version=2021-11-01",
      "RequestMethod": "DELETE",
      "RequestHeaders": {
        "Accept": "application/json",
        "Accept-Encoding": "gzip, deflate",
        "Connection": "keep-alive",
        "Content-Length": "0",
        "User-Agent": "azsdk-python-azure-mgmt-servicebus/8.1.0 Python/3.8.13 (Linux-5.15.0-1014-azure-x86_64-with-glibc2.2.5) VSTS_0fb41ef4-5012-48a9-bf39-4ee3de03ee35_build_2500_0"
      },
      "RequestBody": null,
      "StatusCode": 202,
      "ResponseHeaders": {
        "Cache-Control": "no-cache",
        "Content-Length": "0",
        "Date": "Wed, 10 Aug 2022 07:43:10 GMT",
        "Expires": "-1",
        "Location": "https://management.azure.com/subscriptions/00000000-0000-0000-0000-000000000000/resourceGroups/rgname/providers/Microsoft.ServiceBus/namespaces/myNamespacexxyyzzxyyf/operationresults/myNamespacexxyyzzxyyf?api-version=2021-11-01",
        "Pragma": "no-cache",
        "Server": [
          "Service-Bus-Resource-Provider/SN1",
          "Microsoft-HTTPAPI/2.0"
        ],
        "Server-SB": "Service-Bus-Resource-Provider/SN1",
        "Strict-Transport-Security": "max-age=31536000; includeSubDomains",
        "X-Content-Type-Options": "nosniff",
        "x-ms-correlation-request-id": "b8847605-cac1-4894-8c09-6be18f7fade7",
        "x-ms-ratelimit-remaining-subscription-deletes": "14990",
        "x-ms-routing-request-id": "EASTUS2:20220810T074310Z:b8847605-cac1-4894-8c09-6be18f7fade7"
      },
      "ResponseBody": null
    },
    {
      "RequestUri": "https://management.azure.com/subscriptions/00000000-0000-0000-0000-000000000000/resourceGroups/rgname/providers/Microsoft.ServiceBus/namespaces/myNamespacexxyyzzxyyf/operationresults/myNamespacexxyyzzxyyf?api-version=2021-11-01",
      "RequestMethod": "GET",
      "RequestHeaders": {
        "Accept": "*/*",
        "Accept-Encoding": "gzip, deflate",
        "Connection": "keep-alive",
        "User-Agent": "azsdk-python-azure-mgmt-servicebus/8.1.0 Python/3.8.13 (Linux-5.15.0-1014-azure-x86_64-with-glibc2.2.5) VSTS_0fb41ef4-5012-48a9-bf39-4ee3de03ee35_build_2500_0"
      },
      "RequestBody": null,
      "StatusCode": 200,
      "ResponseHeaders": {
        "Cache-Control": "no-cache",
        "Content-Length": "0",
        "Date": "Wed, 10 Aug 2022 07:43:40 GMT",
        "Expires": "-1",
        "Pragma": "no-cache",
        "Server": [
          "Service-Bus-Resource-Provider/SN1",
          "Microsoft-HTTPAPI/2.0"
        ],
        "Server-SB": "Service-Bus-Resource-Provider/SN1",
        "Strict-Transport-Security": "max-age=31536000; includeSubDomains",
        "X-Content-Type-Options": "nosniff",
        "x-ms-correlation-request-id": "e965692f-f188-4283-987d-798ac57facbb",
        "x-ms-ratelimit-remaining-subscription-reads": "11986",
        "x-ms-routing-request-id": "EASTUS2:20220810T074341Z:e965692f-f188-4283-987d-798ac57facbb"
      },
      "ResponseBody": null
    }
  ],
  "Variables": {}
}
