{
  "Entries": [
    {
      "RequestUri": "https://login.microsoftonline.com/00000000-0000-0000-0000-000000000000/v2.0/.well-known/openid-configuration",
      "RequestMethod": "GET",
      "RequestHeaders": {
        "Accept": "*/*",
        "Accept-Encoding": "gzip, deflate",
        "Connection": "keep-alive",
        "User-Agent": "azsdk-python-identity/1.9.0b2 Python/3.9.8 (Windows-10-10.0.22000)"
      },
      "RequestBody": null,
      "StatusCode": 200,
      "ResponseHeaders": {
        "Access-Control-Allow-Methods": "GET, OPTIONS",
        "Access-Control-Allow-Origin": "*",
        "Cache-Control": "max-age=86400, private",
        "Content-Length": "1753",
        "Content-Type": "application/json; charset=utf-8",
        "Date": "Tue, 22 Mar 2022 08:39:14 GMT",
        "P3P": "CP=\u0022DSP CUR OTPi IND OTRi ONL FIN\u0022",
        "Set-Cookie": "[set-cookie;]",
        "Strict-Transport-Security": "max-age=31536000; includeSubDomains",
        "X-Content-Type-Options": "nosniff",
        "x-ms-ests-server": "2.1.12559.10 - EUS ProdSlices",
        "x-ms-request-id": "d51b7bbd-5849-4ee1-b9df-60629d26eb00"
      },
      "ResponseBody": {
        "token_endpoint": "https://login.microsoftonline.com/00000000-0000-0000-0000-000000000000/oauth2/v2.0/token",
        "token_endpoint_auth_methods_supported": [
          "client_secret_post",
          "private_key_jwt",
          "client_secret_basic"
        ],
        "jwks_uri": "https://login.microsoftonline.com/00000000-0000-0000-0000-000000000000/discovery/v2.0/keys",
        "response_modes_supported": [
          "query",
          "fragment",
          "form_post"
        ],
        "subject_types_supported": [
          "pairwise"
        ],
        "id_token_signing_alg_values_supported": [
          "RS256"
        ],
        "response_types_supported": [
          "code",
          "id_token",
          "code id_token",
          "id_token token"
        ],
        "scopes_supported": [
          "openid",
          "profile",
          "email",
          "offline_access"
        ],
        "issuer": "https://login.microsoftonline.com/00000000-0000-0000-0000-000000000000/v2.0",
        "request_uri_parameter_supported": false,
        "userinfo_endpoint": "https://graph.microsoft.com/oidc/userinfo",
        "authorization_endpoint": "https://login.microsoftonline.com/00000000-0000-0000-0000-000000000000/oauth2/v2.0/authorize",
        "device_authorization_endpoint": "https://login.microsoftonline.com/00000000-0000-0000-0000-000000000000/oauth2/v2.0/devicecode",
        "http_logout_supported": true,
        "frontchannel_logout_supported": true,
        "end_session_endpoint": "https://login.microsoftonline.com/00000000-0000-0000-0000-000000000000/oauth2/v2.0/logout",
        "claims_supported": [
          "sub",
          "iss",
          "cloud_instance_name",
          "cloud_instance_host_name",
          "cloud_graph_host_name",
          "msgraph_host",
          "aud",
          "exp",
          "iat",
          "auth_time",
          "acr",
          "nonce",
          "preferred_username",
          "name",
          "tid",
          "ver",
          "at_hash",
          "c_hash",
          "email"
        ],
        "kerberos_endpoint": "https://login.microsoftonline.com/00000000-0000-0000-0000-000000000000/kerberos",
        "tenant_region_scope": "NA",
        "cloud_instance_name": "microsoftonline.com",
        "cloud_graph_host_name": "graph.windows.net",
        "msgraph_host": "graph.microsoft.com",
        "rbac_url": "https://pas.windows.net"
      }
    },
    {
      "RequestUri": "https://login.microsoftonline.com/common/discovery/instance?api-version=1.1\u0026authorization_endpoint=https://login.microsoftonline.com/common/oauth2/authorize",
      "RequestMethod": "GET",
      "RequestHeaders": {
        "Accept": "application/json",
        "Accept-Encoding": "gzip, deflate",
        "Connection": "keep-alive",
        "Cookie": "cookie;",
        "User-Agent": "azsdk-python-identity/1.9.0b2 Python/3.9.8 (Windows-10-10.0.22000)"
      },
      "RequestBody": null,
      "StatusCode": 200,
      "ResponseHeaders": {
        "Access-Control-Allow-Methods": "GET, OPTIONS",
        "Access-Control-Allow-Origin": "*",
        "Cache-Control": "max-age=86400, private",
        "Content-Length": "945",
        "Content-Type": "application/json; charset=utf-8",
        "Date": "Tue, 22 Mar 2022 08:39:14 GMT",
        "P3P": "CP=\u0022DSP CUR OTPi IND OTRi ONL FIN\u0022",
        "Set-Cookie": "[set-cookie;]",
        "Strict-Transport-Security": "max-age=31536000; includeSubDomains",
        "X-Content-Type-Options": "nosniff",
        "x-ms-ests-server": "2.1.12559.10 - SEASLR1 ProdSlices",
        "x-ms-request-id": "6b41eb24-2b37-4bf6-97ce-e7ed76dc0200"
      },
      "ResponseBody": {
        "tenant_discovery_endpoint": "https://login.microsoftonline.com/common/.well-known/openid-configuration",
        "api-version": "1.1",
        "metadata": [
          {
            "preferred_network": "login.microsoftonline.com",
            "preferred_cache": "login.windows.net",
            "aliases": [
              "login.microsoftonline.com",
              "login.windows.net",
              "login.microsoft.com",
              "sts.windows.net"
            ]
          },
          {
            "preferred_network": "login.partner.microsoftonline.cn",
            "preferred_cache": "login.partner.microsoftonline.cn",
            "aliases": [
              "login.partner.microsoftonline.cn",
              "login.chinacloudapi.cn"
            ]
          },
          {
            "preferred_network": "login.microsoftonline.de",
            "preferred_cache": "login.microsoftonline.de",
            "aliases": [
              "login.microsoftonline.de"
            ]
          },
          {
            "preferred_network": "login.microsoftonline.us",
            "preferred_cache": "login.microsoftonline.us",
            "aliases": [
              "login.microsoftonline.us",
              "login.usgovcloudapi.net"
            ]
          },
          {
            "preferred_network": "login-us.microsoftonline.com",
            "preferred_cache": "login-us.microsoftonline.com",
            "aliases": [
              "login-us.microsoftonline.com"
            ]
          }
        ]
      }
    },
    {
      "RequestUri": "https://login.microsoftonline.com/00000000-0000-0000-0000-000000000000/oauth2/v2.0/token",
      "RequestMethod": "POST",
      "RequestHeaders": {
        "Accept": "application/json",
        "Accept-Encoding": "gzip, deflate",
        "client-request-id": "9ac143f3-50be-4727-83a8-c55155057f55",
        "Connection": "keep-alive",
        "Content-Length": "289",
        "Content-Type": "application/x-www-form-urlencoded",
        "Cookie": "cookie;",
        "User-Agent": "azsdk-python-identity/1.9.0b2 Python/3.9.8 (Windows-10-10.0.22000)",
        "x-client-cpu": "x64",
        "x-client-current-telemetry": "4|730,0|",
        "x-client-last-telemetry": "4|0|||",
        "x-client-os": "win32",
        "x-client-sku": "MSAL.Python",
        "x-client-ver": "1.17.0",
        "x-ms-lib-capability": "retry-after, h429"
      },
      "RequestBody": "client_id=a2df54d5-ab03-4725-9b80-9a00b3b1967f\u0026grant_type=client_credentials\u0026client_info=1\u0026client_secret=0vj7Q~IsFayrD0V_8oyOfygU-GE3ELOabq95a\u0026claims=%7B%22access_token%22%3A\u002B%7B%22xms_cc%22%3A\u002B%7B%22values%22%3A\u002B%5B%22CP1%22%5D%7D%7D%7D\u0026scope=https%3A%2F%2Fmanagement.azure.com%2F.default",
      "StatusCode": 200,
      "ResponseHeaders": {
        "Cache-Control": "no-store, no-cache",
        "client-request-id": "9ac143f3-50be-4727-83a8-c55155057f55",
        "Content-Length": "93",
        "Content-Type": "application/json; charset=utf-8",
        "Date": "Tue, 22 Mar 2022 08:39:14 GMT",
        "Expires": "-1",
        "P3P": "CP=\u0022DSP CUR OTPi IND OTRi ONL FIN\u0022",
        "Pragma": "no-cache",
        "Set-Cookie": "[set-cookie;]",
        "Strict-Transport-Security": "max-age=31536000; includeSubDomains",
        "X-Content-Type-Options": "nosniff",
        "x-ms-clitelem": "1,0,0,,",
        "x-ms-ests-server": "2.1.12559.10 - WUS2 ProdSlices",
        "x-ms-request-id": "5ab1376d-7bd0-4d96-ad32-8631cc450f00"
      },
      "ResponseBody": {
        "token_type": "Bearer",
        "expires_in": 3599,
        "ext_expires_in": 3599,
        "access_token": "access_token"
      }
    },
    {
      "RequestUri": "https://management.azure.com/subscriptions/00000000-0000-0000-0000-000000000000/resourceGroups/7fb9289f/providers/Microsoft.Relay/namespaces/testingpythontestcaseeventhubnamespaceEventhub?api-version=2017-04-01",
      "RequestMethod": "PUT",
      "RequestHeaders": {
        "Accept": "application/json",
        "Accept-Encoding": "gzip, deflate",
        "Authorization": "Sanitized",
        "Connection": "keep-alive",
        "Content-Length": "117",
        "Content-Type": "application/json",
        "User-Agent": "azsdk-python-mgmt-relay/1.1.0 Python/3.9.8 (Windows-10-10.0.22000)",
        "x-ms-client-request-id": "8d332a18-a9bb-11ec-bd93-c809a8c836e6"
      },
      "RequestBody": {
        "location": "westus",
        "tags": {
          "tag1": "value1",
          "tag2": "value2"
        },
        "sku": {
          "name": "Standard",
          "tier": "standard"
        }
      },
      "StatusCode": 200,
      "ResponseHeaders": {
        "Cache-Control": "no-cache",
        "Content-Encoding": "gzip",
        "Content-Type": "application/json; charset=utf-8",
        "Date": "Tue, 22 Mar 2022 08:39:18 GMT",
        "Expires": "-1",
        "Pragma": "no-cache",
        "Server": [
          "Service-Bus-Resource-Provider/CH3",
          "Microsoft-HTTPAPI/2.0"
        ],
        "Server-SB": "Service-Bus-Resource-Provider/CH3",
        "Strict-Transport-Security": "max-age=31536000; includeSubDomains",
        "Transfer-Encoding": "chunked",
        "Vary": "Accept-Encoding",
        "X-Content-Type-Options": "nosniff",
        "x-ms-correlation-request-id": "374d84d9-6968-4915-a1a0-d71cf970acdc",
        "x-ms-ratelimit-remaining-subscription-writes": "1190",
        "x-ms-request-id": "9520a968-9523-4e54-9f8b-796fe39af6c2_M7CH3_M7CH3",
        "x-ms-routing-request-id": "SOUTHEASTASIA:20220322T083919Z:374d84d9-6968-4915-a1a0-d71cf970acdc"
      },
      "ResponseBody": {
        "sku": {
          "name": "Standard",
          "tier": "Standard"
        },
        "id": "/subscriptions/00000000-0000-0000-0000-000000000000/resourceGroups/7fb9289f/providers/Microsoft.Relay/namespaces/testingpythontestcaseeventhubnamespaceEventhub",
        "name": "testingpythontestcaseeventhubnamespaceEventhub",
        "type": "Microsoft.Relay/Namespaces",
        "location": "West US",
        "tags": {
          "tag1": "value1",
          "tag2": "value2"
        },
        "properties": {
          "provisioningState": "Created",
          "metricId": "00000000-0000-0000-0000-000000000000:testingpythontestcaseeventhubnamespaceeventhub",
          "createdAt": "2022-03-22T08:39:17.637Z",
          "updatedAt": "2022-03-22T08:39:17.637Z",
          "serviceBusEndpoint": "https://testingpythontestcaseeventhubnamespaceEventhub.servicebus.windows.net:443/",
          "status": "Activating"
        }
      }
    },
    {
      "RequestUri": "https://management.azure.com/subscriptions/00000000-0000-0000-0000-000000000000/resourceGroups/7fb9289f/providers/Microsoft.Relay/namespaces/testingpythontestcaseeventhubnamespaceEventhub?api-version=2017-04-01",
      "RequestMethod": "GET",
      "RequestHeaders": {
        "Accept": "*/*",
        "Accept-Encoding": "gzip, deflate",
        "Authorization": "Sanitized",
        "Connection": "keep-alive",
        "User-Agent": "azsdk-python-mgmt-relay/1.1.0 Python/3.9.8 (Windows-10-10.0.22000)",
        "x-ms-client-request-id": "8d332a18-a9bb-11ec-bd93-c809a8c836e6"
      },
      "RequestBody": null,
      "StatusCode": 200,
      "ResponseHeaders": {
        "Cache-Control": "no-cache",
        "Content-Encoding": "gzip",
        "Content-Type": "application/json; charset=utf-8",
        "Date": "Tue, 22 Mar 2022 08:39:49 GMT",
        "Expires": "-1",
        "Pragma": "no-cache",
        "Server": [
          "Service-Bus-Resource-Provider/CH3",
          "Microsoft-HTTPAPI/2.0"
        ],
        "Server-SB": "Service-Bus-Resource-Provider/CH3",
        "Strict-Transport-Security": "max-age=31536000; includeSubDomains",
        "Transfer-Encoding": "chunked",
        "Vary": "Accept-Encoding",
        "X-Content-Type-Options": "nosniff",
        "x-ms-correlation-request-id": "2938f789-0934-4a9c-8fa0-1ac37386557c",
        "x-ms-ratelimit-remaining-subscription-reads": "11977",
        "x-ms-request-id": "3e7dd27f-74ee-450b-953e-d18f3e505779_M9CH3_M9CH3",
        "x-ms-routing-request-id": "SOUTHEASTASIA:20220322T083949Z:2938f789-0934-4a9c-8fa0-1ac37386557c"
      },
      "ResponseBody": {
        "sku": {
          "name": "Standard",
          "tier": "Standard"
        },
        "id": "/subscriptions/00000000-0000-0000-0000-000000000000/resourceGroups/7fb9289f/providers/Microsoft.Relay/namespaces/testingpythontestcaseeventhubnamespaceEventhub",
        "name": "testingpythontestcaseeventhubnamespaceEventhub",
        "type": "Microsoft.Relay/Namespaces",
        "location": "West US",
        "tags": {
          "tag1": "value1",
          "tag2": "value2"
        },
        "properties": {
          "provisioningState": "Created",
          "metricId": "00000000-0000-0000-0000-000000000000:testingpythontestcaseeventhubnamespaceeventhub",
          "createdAt": "2022-03-22T08:39:17.637Z",
          "updatedAt": "2022-03-22T08:39:17.637Z",
          "serviceBusEndpoint": "https://testingpythontestcaseeventhubnamespaceEventhub.servicebus.windows.net:443/",
          "status": "Activating"
        }
      }
    },
    {
      "RequestUri": "https://management.azure.com/subscriptions/00000000-0000-0000-0000-000000000000/resourceGroups/7fb9289f/providers/Microsoft.Relay/namespaces/testingpythontestcaseeventhubnamespaceEventhub?api-version=2017-04-01",
      "RequestMethod": "GET",
      "RequestHeaders": {
        "Accept": "*/*",
        "Accept-Encoding": "gzip, deflate",
        "Authorization": "Sanitized",
        "Connection": "keep-alive",
        "User-Agent": "azsdk-python-mgmt-relay/1.1.0 Python/3.9.8 (Windows-10-10.0.22000)",
        "x-ms-client-request-id": "8d332a18-a9bb-11ec-bd93-c809a8c836e6"
      },
      "RequestBody": null,
      "StatusCode": 200,
      "ResponseHeaders": {
        "Cache-Control": "no-cache",
        "Content-Encoding": "gzip",
        "Content-Type": "application/json; charset=utf-8",
        "Date": "Tue, 22 Mar 2022 08:40:20 GMT",
        "Expires": "-1",
        "Pragma": "no-cache",
        "Server": [
          "Service-Bus-Resource-Provider/CH3",
          "Microsoft-HTTPAPI/2.0"
        ],
        "Server-SB": "Service-Bus-Resource-Provider/CH3",
        "Strict-Transport-Security": "max-age=31536000; includeSubDomains",
        "Transfer-Encoding": "chunked",
        "Vary": "Accept-Encoding",
        "X-Content-Type-Options": "nosniff",
        "x-ms-correlation-request-id": "061fe846-4228-448e-a146-24903828074e",
        "x-ms-ratelimit-remaining-subscription-reads": "11976",
        "x-ms-request-id": "08881683-18c8-46a9-bbc7-0f25e2932487_M3CH3_M3CH3",
        "x-ms-routing-request-id": "SOUTHEASTASIA:20220322T084021Z:061fe846-4228-448e-a146-24903828074e"
      },
      "ResponseBody": {
        "sku": {
          "name": "Standard",
          "tier": "Standard"
        },
        "id": "/subscriptions/00000000-0000-0000-0000-000000000000/resourceGroups/7fb9289f/providers/Microsoft.Relay/namespaces/testingpythontestcaseeventhubnamespaceEventhub",
        "name": "testingpythontestcaseeventhubnamespaceEventhub",
        "type": "Microsoft.Relay/Namespaces",
        "location": "West US",
        "tags": {
          "tag1": "value1",
          "tag2": "value2"
        },
        "properties": {
          "provisioningState": "Succeeded",
          "metricId": "00000000-0000-0000-0000-000000000000:testingpythontestcaseeventhubnamespaceeventhub",
          "createdAt": "2022-03-22T08:39:17.637Z",
          "updatedAt": "2022-03-22T08:40:01.337Z",
          "serviceBusEndpoint": "https://testingpythontestcaseeventhubnamespaceEventhub.servicebus.windows.net:443/",
          "status": "Active"
        }
      }
    },
    {
      "RequestUri": "https://management.azure.com/subscriptions/00000000-0000-0000-0000-000000000000/resourceGroups/7fb9289f/providers/Microsoft.Relay/namespaces/testingpythontestcaseeventhubnamespaceEventhub?api-version=2017-04-01",
      "RequestMethod": "GET",
      "RequestHeaders": {
        "Accept": "application/json",
        "Accept-Encoding": "gzip, deflate",
        "Authorization": "Sanitized",
        "Connection": "keep-alive",
        "User-Agent": "azsdk-python-mgmt-relay/1.1.0 Python/3.9.8 (Windows-10-10.0.22000)",
        "x-ms-client-request-id": "b54a9f39-a9bb-11ec-a7bf-c809a8c836e6"
      },
      "RequestBody": null,
      "StatusCode": 200,
      "ResponseHeaders": {
        "Cache-Control": "no-cache",
        "Content-Encoding": "gzip",
        "Content-Type": "application/json; charset=utf-8",
        "Date": "Tue, 22 Mar 2022 08:40:21 GMT",
        "Expires": "-1",
        "Pragma": "no-cache",
        "Server": [
          "Service-Bus-Resource-Provider/CH3",
          "Microsoft-HTTPAPI/2.0"
        ],
        "Server-SB": "Service-Bus-Resource-Provider/CH3",
        "Strict-Transport-Security": "max-age=31536000; includeSubDomains",
        "Transfer-Encoding": "chunked",
        "Vary": "Accept-Encoding",
        "X-Content-Type-Options": "nosniff",
        "x-ms-correlation-request-id": "52e88bcf-11f5-4599-b877-19a2b66bca34",
        "x-ms-ratelimit-remaining-subscription-reads": "11975",
        "x-ms-request-id": "fe5587dc-bace-4821-b004-355f71cf52b6_M8CH3_M8CH3",
        "x-ms-routing-request-id": "SOUTHEASTASIA:20220322T084021Z:52e88bcf-11f5-4599-b877-19a2b66bca34"
      },
      "ResponseBody": {
        "sku": {
          "name": "Standard",
          "tier": "Standard"
        },
        "id": "/subscriptions/00000000-0000-0000-0000-000000000000/resourceGroups/7fb9289f/providers/Microsoft.Relay/namespaces/testingpythontestcaseeventhubnamespaceEventhub",
        "name": "testingpythontestcaseeventhubnamespaceEventhub",
        "type": "Microsoft.Relay/Namespaces",
        "location": "West US",
        "tags": {
          "tag1": "value1",
          "tag2": "value2"
        },
        "properties": {
          "provisioningState": "Succeeded",
          "metricId": "00000000-0000-0000-0000-000000000000:testingpythontestcaseeventhubnamespaceeventhub",
          "createdAt": "2022-03-22T08:39:17.637Z",
          "updatedAt": "2022-03-22T08:40:01.337Z",
          "serviceBusEndpoint": "https://testingpythontestcaseeventhubnamespaceEventhub.servicebus.windows.net:443/",
          "status": "Active"
        }
      }
    },
    {
      "RequestUri": "https://management.azure.com/subscriptions/00000000-0000-0000-0000-000000000000/resourceGroups/7fb9289f/providers/Microsoft.Relay/namespaces/testingpythontestcaseeventhubnamespaceEventhub/wcfRelays/testingpythontestcasewcfrelay?api-version=2017-04-01",
      "RequestMethod": "PUT",
      "RequestHeaders": {
        "Accept": "application/json",
        "Accept-Encoding": "gzip, deflate",
        "Authorization": "Sanitized",
        "Connection": "keep-alive",
        "Content-Length": "153",
        "Content-Type": "application/json",
        "User-Agent": "azsdk-python-mgmt-relay/1.1.0 Python/3.9.8 (Windows-10-10.0.22000)",
        "x-ms-client-request-id": "b592d474-a9bb-11ec-b6f7-c809a8c836e6"
      },
      "RequestBody": {
        "properties": {
          "relayType": "NetTcp",
          "requiresClientAuthorization": true,
          "requiresTransportSecurity": true,
          "userMetadata": "User data for WcfRelay"
        }
      },
      "StatusCode": 200,
      "ResponseHeaders": {
        "Cache-Control": "no-cache",
        "Content-Encoding": "gzip",
        "Content-Type": "application/json; charset=utf-8",
        "Date": "Tue, 22 Mar 2022 08:40:23 GMT",
        "Expires": "-1",
        "Pragma": "no-cache",
        "Server": [
          "Service-Bus-Resource-Provider/CH3",
          "Microsoft-HTTPAPI/2.0"
        ],
        "Server-SB": "Service-Bus-Resource-Provider/CH3",
        "Strict-Transport-Security": "max-age=31536000; includeSubDomains",
        "Transfer-Encoding": "chunked",
        "Vary": "Accept-Encoding",
        "X-Content-Type-Options": "nosniff",
        "x-ms-correlation-request-id": "5452c093-7359-489c-92e1-40fdfea34df4",
        "x-ms-ratelimit-remaining-subscription-writes": "1189",
        "x-ms-request-id": "a7f66a96-9124-491c-8ebf-6ce3a492d3ea_M8CH3_M8CH3",
        "x-ms-routing-request-id": "SOUTHEASTASIA:20220322T084023Z:5452c093-7359-489c-92e1-40fdfea34df4"
      },
      "ResponseBody": {
        "id": "/subscriptions/00000000-0000-0000-0000-000000000000/resourceGroups/7fb9289f/providers/Microsoft.Relay/namespaces/testingpythontestcaseeventhubnamespaceEventhub/wcfRelays/testingpythontestcasewcfrelay",
        "name": "testingpythontestcasewcfrelay",
        "type": "Microsoft.Relay/Namespaces/WcfRelays",
        "location": "West US",
        "properties": {
          "createdAt": "2022-03-22T08:40:23.3895862Z",
          "updatedAt": "2022-03-22T08:40:23.3895862Z",
          "listenerCount": 0,
          "requiresClientAuthorization": true,
          "relayType": "NetTcp",
          "requiresTransportSecurity": true,
          "isDynamic": false,
          "userMetadata": "User data for WcfRelay"
        }
      }
    },
    {
      "RequestUri": "https://management.azure.com/subscriptions/00000000-0000-0000-0000-000000000000/resourceGroups/7fb9289f/providers/Microsoft.Relay/namespaces/testingpythontestcaseeventhubnamespaceEventhub/wcfRelays/testingpythontestcasewcfrelay?api-version=2017-04-01",
      "RequestMethod": "GET",
      "RequestHeaders": {
        "Accept": "application/json",
        "Accept-Encoding": "gzip, deflate",
        "Authorization": "Sanitized",
        "Connection": "keep-alive",
        "User-Agent": "azsdk-python-mgmt-relay/1.1.0 Python/3.9.8 (Windows-10-10.0.22000)",
        "x-ms-client-request-id": "b6f1f2df-a9bb-11ec-8824-c809a8c836e6"
      },
      "RequestBody": null,
      "StatusCode": 200,
      "ResponseHeaders": {
        "Cache-Control": "no-cache",
        "Content-Encoding": "gzip",
        "Content-Type": "application/json; charset=utf-8",
        "Date": "Tue, 22 Mar 2022 08:40:23 GMT",
        "Expires": "-1",
        "Pragma": "no-cache",
        "Server": [
          "Service-Bus-Resource-Provider/CH3",
          "Microsoft-HTTPAPI/2.0"
        ],
        "Server-SB": "Service-Bus-Resource-Provider/CH3",
        "Strict-Transport-Security": "max-age=31536000; includeSubDomains",
        "Transfer-Encoding": "chunked",
        "Vary": "Accept-Encoding",
        "X-Content-Type-Options": "nosniff",
        "x-ms-correlation-request-id": "75760637-b4d8-438d-8134-af06be9795a5",
        "x-ms-ratelimit-remaining-subscription-reads": "11974",
        "x-ms-request-id": "992d0a84-4ce3-45df-8ea7-a0a58866f982_M8CH3_M8CH3",
        "x-ms-routing-request-id": "SOUTHEASTASIA:20220322T084024Z:75760637-b4d8-438d-8134-af06be9795a5"
      },
      "ResponseBody": {
        "id": "/subscriptions/00000000-0000-0000-0000-000000000000/resourceGroups/7fb9289f/providers/Microsoft.Relay/namespaces/testingpythontestcaseeventhubnamespaceEventhub/wcfRelays/testingpythontestcasewcfrelay",
        "name": "testingpythontestcasewcfrelay",
        "type": "Microsoft.Relay/Namespaces/WcfRelays",
        "location": "West US",
        "properties": {
          "createdAt": "2022-03-22T08:40:23.3895862Z",
          "updatedAt": "2022-03-22T08:40:23.3895862Z",
          "listenerCount": 0,
          "requiresClientAuthorization": true,
          "relayType": "NetTcp",
          "requiresTransportSecurity": true,
          "isDynamic": false,
          "userMetadata": "User data for WcfRelay"
        }
      }
    },
    {
      "RequestUri": "https://management.azure.com/subscriptions/00000000-0000-0000-0000-000000000000/resourceGroups/7fb9289f/providers/Microsoft.Relay/namespaces/testingpythontestcaseeventhubnamespaceEventhub/wcfRelays?api-version=2017-04-01",
      "RequestMethod": "GET",
      "RequestHeaders": {
        "Accept": "application/json",
        "Accept-Encoding": "gzip, deflate",
        "Authorization": "Sanitized",
        "Connection": "keep-alive",
        "User-Agent": "azsdk-python-mgmt-relay/1.1.0 Python/3.9.8 (Windows-10-10.0.22000)",
        "x-ms-client-request-id": "b7390361-a9bb-11ec-8a72-c809a8c836e6"
      },
      "RequestBody": null,
      "StatusCode": 200,
      "ResponseHeaders": {
        "Cache-Control": "no-cache",
        "Content-Encoding": "gzip",
        "Content-Type": "application/json; charset=utf-8",
        "Date": "Tue, 22 Mar 2022 08:40:24 GMT",
        "Expires": "-1",
        "Pragma": "no-cache",
        "Server": [
          "Service-Bus-Resource-Provider/CH3",
          "Microsoft-HTTPAPI/2.0"
        ],
        "Server-SB": "Service-Bus-Resource-Provider/CH3",
        "Strict-Transport-Security": "max-age=31536000; includeSubDomains",
        "Transfer-Encoding": "chunked",
        "Vary": "Accept-Encoding",
        "X-Content-Type-Options": "nosniff",
        "x-ms-correlation-request-id": "03e6badf-370e-4dc3-bf88-fc3dab12506e",
        "x-ms-inline-count": "",
        "x-ms-ratelimit-remaining-subscription-reads": "11973",
        "x-ms-request-id": "623450a0-25dd-4817-9006-b63a8fb2d68e_M8CH3_M8CH3",
        "x-ms-routing-request-id": "SOUTHEASTASIA:20220322T084025Z:03e6badf-370e-4dc3-bf88-fc3dab12506e"
      },
      "ResponseBody": {
        "value": [
          {
            "id": "/subscriptions/00000000-0000-0000-0000-000000000000/resourceGroups/7fb9289f/providers/Microsoft.Relay/namespaces/testingpythontestcaseeventhubnamespaceEventhub/wcfRelays/testingpythontestcasewcfrelay",
            "name": "testingpythontestcasewcfrelay",
            "type": "Microsoft.Relay/Namespaces/WcfRelays",
            "location": "West US",
            "properties": {
              "createdAt": "2022-03-22T08:40:23.3895862Z",
              "updatedAt": "2022-03-22T08:40:23.3895862Z",
              "listenerCount": 0,
              "requiresClientAuthorization": true,
              "relayType": "NetTcp",
              "requiresTransportSecurity": true,
              "isDynamic": false,
              "userMetadata": "User data for WcfRelay"
            }
          }
        ]
      }
    },
    {
      "RequestUri": "https://management.azure.com/subscriptions/00000000-0000-0000-0000-000000000000/resourceGroups/7fb9289f/providers/Microsoft.Relay/namespaces/testingpythontestcaseeventhubnamespaceEventhub/wcfRelays/testingpythontestcasewcfrelay?api-version=2017-04-01",
      "RequestMethod": "PUT",
      "RequestHeaders": {
        "Accept": "application/json",
        "Accept-Encoding": "gzip, deflate",
        "Authorization": "Sanitized",
        "Connection": "keep-alive",
        "Content-Length": "89",
        "Content-Type": "application/json",
        "User-Agent": "azsdk-python-mgmt-relay/1.1.0 Python/3.9.8 (Windows-10-10.0.22000)",
        "x-ms-client-request-id": "b7dcaeb1-a9bb-11ec-9a6f-c809a8c836e6"
      },
      "RequestBody": {
        "properties": {
          "relayType": "NetTcp",
          "userMetadata": "User data for WcfRelay updated"
        }
      },
      "StatusCode": 200,
      "ResponseHeaders": {
        "Cache-Control": "no-cache",
        "Content-Encoding": "gzip",
        "Content-Type": "application/json; charset=utf-8",
        "Date": "Tue, 22 Mar 2022 08:40:25 GMT",
        "Expires": "-1",
        "Pragma": "no-cache",
        "Server": [
          "Service-Bus-Resource-Provider/CH3",
          "Microsoft-HTTPAPI/2.0"
        ],
        "Server-SB": "Service-Bus-Resource-Provider/CH3",
        "Strict-Transport-Security": "max-age=31536000; includeSubDomains",
        "Transfer-Encoding": "chunked",
        "Vary": "Accept-Encoding",
        "X-Content-Type-Options": "nosniff",
        "x-ms-correlation-request-id": "ad9690cd-0879-4d4e-9b29-17737e8cbda0",
        "x-ms-ratelimit-remaining-subscription-writes": "1188",
        "x-ms-request-id": "3523a14f-392f-4282-9010-774e14060803_M8CH3_M8CH3",
        "x-ms-routing-request-id": "SOUTHEASTASIA:20220322T084026Z:ad9690cd-0879-4d4e-9b29-17737e8cbda0"
      },
      "ResponseBody": {
        "id": "/subscriptions/00000000-0000-0000-0000-000000000000/resourceGroups/7fb9289f/providers/Microsoft.Relay/namespaces/testingpythontestcaseeventhubnamespaceEventhub/wcfRelays/testingpythontestcasewcfrelay",
        "name": "testingpythontestcasewcfrelay",
        "type": "Microsoft.Relay/Namespaces/WcfRelays",
        "location": "West US",
        "properties": {
          "createdAt": "0001-01-01T00:00:00Z",
          "updatedAt": "0001-01-01T00:00:00Z",
          "listenerCount": 0,
          "requiresClientAuthorization": true,
          "relayType": "NetTcp",
          "requiresTransportSecurity": true,
          "isDynamic": false,
          "userMetadata": "User data for WcfRelay updated"
        }
      }
    },
    {
      "RequestUri": "https://management.azure.com/subscriptions/00000000-0000-0000-0000-000000000000/resourceGroups/7fb9289f/providers/Microsoft.Relay/namespaces/testingpythontestcaseeventhubnamespaceEventhub/wcfRelays/testingpythontestcasewcfrelay/authorizationRules/testingauthrulepy?api-version=2017-04-01",
      "RequestMethod": "PUT",
      "RequestHeaders": {
        "Accept": "application/json",
        "Accept-Encoding": "gzip, deflate",
        "Authorization": "Sanitized",
        "Connection": "keep-alive",
        "Content-Length": "46",
        "Content-Type": "application/json",
        "User-Agent": "azsdk-python-mgmt-relay/1.1.0 Python/3.9.8 (Windows-10-10.0.22000)",
        "x-ms-client-request-id": "b8468ab7-a9bb-11ec-bbab-c809a8c836e6"
      },
      "RequestBody": {
        "properties": {
          "rights": [
            "Send",
            "Listen"
          ]
        }
      },
      "StatusCode": 200,
      "ResponseHeaders": {
        "Cache-Control": "no-cache",
        "Content-Encoding": "gzip",
        "Content-Type": "application/json; charset=utf-8",
        "Date": "Tue, 22 Mar 2022 08:40:26 GMT",
        "Expires": "-1",
        "Pragma": "no-cache",
        "Server": [
          "Service-Bus-Resource-Provider/CH3",
          "Microsoft-HTTPAPI/2.0"
        ],
        "Server-SB": "Service-Bus-Resource-Provider/CH3",
        "Strict-Transport-Security": "max-age=31536000; includeSubDomains",
        "Transfer-Encoding": "chunked",
        "Vary": "Accept-Encoding",
        "X-Content-Type-Options": "nosniff",
        "x-ms-correlation-request-id": "e0751511-cb67-44fa-aa4e-8bf867f7a2ae",
        "x-ms-ratelimit-remaining-subscription-writes": "1187",
        "x-ms-request-id": "7b348a61-39f4-4a5d-ac98-8c613604e73c_M8CH3_M8CH3",
        "x-ms-routing-request-id": "SOUTHEASTASIA:20220322T084027Z:e0751511-cb67-44fa-aa4e-8bf867f7a2ae"
      },
      "ResponseBody": {
        "id": "/subscriptions/00000000-0000-0000-0000-000000000000/resourceGroups/7fb9289f/providers/Microsoft.Relay/namespaces/testingpythontestcaseeventhubnamespaceEventhub/wcfRelays/testingpythontestcasewcfrelay/authorizationRules/testingauthrulepy",
        "name": "testingauthrulepy",
        "type": "Microsoft.Relay/Namespaces/WcfRelays/AuthorizationRules",
        "location": "West US",
        "properties": {
          "rights": [
            "Send",
            "Listen"
          ]
        }
      }
    },
    {
      "RequestUri": "https://management.azure.com/subscriptions/00000000-0000-0000-0000-000000000000/resourceGroups/7fb9289f/providers/Microsoft.Relay/namespaces/testingpythontestcaseeventhubnamespaceEventhub/wcfRelays/testingpythontestcasewcfrelay/authorizationRules/testingauthrulepy?api-version=2017-04-01",
      "RequestMethod": "GET",
      "RequestHeaders": {
        "Accept": "application/json",
        "Accept-Encoding": "gzip, deflate",
        "Authorization": "Sanitized",
        "Connection": "keep-alive",
        "User-Agent": "azsdk-python-mgmt-relay/1.1.0 Python/3.9.8 (Windows-10-10.0.22000)",
        "x-ms-client-request-id": "b8c7455f-a9bb-11ec-bfca-c809a8c836e6"
      },
      "RequestBody": null,
      "StatusCode": 200,
      "ResponseHeaders": {
        "Cache-Control": "no-cache",
        "Content-Encoding": "gzip",
        "Content-Type": "application/json; charset=utf-8",
        "Date": "Tue, 22 Mar 2022 08:40:26 GMT",
        "Expires": "-1",
        "Pragma": "no-cache",
        "Server": [
          "Service-Bus-Resource-Provider/CH3",
          "Microsoft-HTTPAPI/2.0"
        ],
        "Server-SB": "Service-Bus-Resource-Provider/CH3",
        "Strict-Transport-Security": "max-age=31536000; includeSubDomains",
        "Transfer-Encoding": "chunked",
        "Vary": "Accept-Encoding",
        "X-Content-Type-Options": "nosniff",
        "x-ms-correlation-request-id": "d71a322c-de9d-4a71-9e40-656be37f6331",
        "x-ms-ratelimit-remaining-subscription-reads": "11972",
        "x-ms-request-id": "de2e4958-6926-4c03-be80-c0792a7a725a_M8CH3_M8CH3",
        "x-ms-routing-request-id": "SOUTHEASTASIA:20220322T084027Z:d71a322c-de9d-4a71-9e40-656be37f6331"
      },
      "ResponseBody": {
        "id": "/subscriptions/00000000-0000-0000-0000-000000000000/resourceGroups/7fb9289f/providers/Microsoft.Relay/namespaces/testingpythontestcaseeventhubnamespaceEventhub/wcfRelays/testingpythontestcasewcfrelay/authorizationRules/testingauthrulepy",
        "name": "testingauthrulepy",
        "type": "Microsoft.Relay/Namespaces/WcfRelays/AuthorizationRules",
        "location": "West US",
        "properties": {
          "rights": [
            "Send",
            "Listen"
          ]
        }
      }
    },
    {
      "RequestUri": "https://management.azure.com/subscriptions/00000000-0000-0000-0000-000000000000/resourceGroups/7fb9289f/providers/Microsoft.Relay/namespaces/testingpythontestcaseeventhubnamespaceEventhub/wcfRelays/testingpythontestcasewcfrelay/authorizationRules/testingauthrulepy?api-version=2017-04-01",
      "RequestMethod": "PUT",
      "RequestHeaders": {
        "Accept": "application/json",
        "Accept-Encoding": "gzip, deflate",
        "Authorization": "Sanitized",
        "Connection": "keep-alive",
        "Content-Length": "56",
        "Content-Type": "application/json",
        "User-Agent": "azsdk-python-mgmt-relay/1.1.0 Python/3.9.8 (Windows-10-10.0.22000)",
        "x-ms-client-request-id": "b91d5c41-a9bb-11ec-b8f3-c809a8c836e6"
      },
      "RequestBody": {
        "properties": {
          "rights": [
            "Send",
            "Listen",
            "Manage"
          ]
        }
      },
      "StatusCode": 200,
      "ResponseHeaders": {
        "Cache-Control": "no-cache",
        "Content-Encoding": "gzip",
        "Content-Type": "application/json; charset=utf-8",
        "Date": "Tue, 22 Mar 2022 08:40:27 GMT",
        "Expires": "-1",
        "Pragma": "no-cache",
        "Server": [
          "Service-Bus-Resource-Provider/CH3",
          "Microsoft-HTTPAPI/2.0"
        ],
        "Server-SB": "Service-Bus-Resource-Provider/CH3",
        "Strict-Transport-Security": "max-age=31536000; includeSubDomains",
        "Transfer-Encoding": "chunked",
        "Vary": "Accept-Encoding",
        "X-Content-Type-Options": "nosniff",
        "x-ms-correlation-request-id": "e0eaca20-75c2-492a-9926-30d37453c358",
        "x-ms-ratelimit-remaining-subscription-writes": "1186",
        "x-ms-request-id": "841b5422-92f0-4cad-9878-08447980bb80_M8CH3_M8CH3",
        "x-ms-routing-request-id": "SOUTHEASTASIA:20220322T084028Z:e0eaca20-75c2-492a-9926-30d37453c358"
      },
      "ResponseBody": {
        "id": "/subscriptions/00000000-0000-0000-0000-000000000000/resourceGroups/7fb9289f/providers/Microsoft.Relay/namespaces/testingpythontestcaseeventhubnamespaceEventhub/wcfRelays/testingpythontestcasewcfrelay/authorizationRules/testingauthrulepy",
        "name": "testingauthrulepy",
        "type": "Microsoft.Relay/Namespaces/WcfRelays/AuthorizationRules",
        "location": "West US",
        "properties": {
          "rights": [
            "Send",
            "Listen",
            "Manage"
          ]
        }
      }
    },
    {
      "RequestUri": "https://management.azure.com/subscriptions/00000000-0000-0000-0000-000000000000/resourceGroups/7fb9289f/providers/Microsoft.Relay/namespaces/testingpythontestcaseeventhubnamespaceEventhub/wcfRelays/testingpythontestcasewcfrelay/authorizationRules?api-version=2017-04-01",
      "RequestMethod": "GET",
      "RequestHeaders": {
        "Accept": "application/json",
        "Accept-Encoding": "gzip, deflate",
        "Authorization": "Sanitized",
        "Connection": "keep-alive",
        "User-Agent": "azsdk-python-mgmt-relay/1.1.0 Python/3.9.8 (Windows-10-10.0.22000)",
        "x-ms-client-request-id": "b98f2932-a9bb-11ec-bd19-c809a8c836e6"
      },
      "RequestBody": null,
      "StatusCode": 200,
      "ResponseHeaders": {
        "Cache-Control": "no-cache",
        "Content-Encoding": "gzip",
        "Content-Type": "application/json; charset=utf-8",
        "Date": "Tue, 22 Mar 2022 08:40:28 GMT",
        "Expires": "-1",
        "Pragma": "no-cache",
        "Server": [
          "Service-Bus-Resource-Provider/CH3",
          "Microsoft-HTTPAPI/2.0"
        ],
        "Server-SB": "Service-Bus-Resource-Provider/CH3",
        "Strict-Transport-Security": "max-age=31536000; includeSubDomains",
        "Transfer-Encoding": "chunked",
        "Vary": "Accept-Encoding",
        "X-Content-Type-Options": "nosniff",
        "x-ms-correlation-request-id": "360f2eee-8df9-423c-a705-0e56e2af1960",
        "x-ms-ratelimit-remaining-subscription-reads": "11971",
        "x-ms-request-id": "c4dd5fc3-cd11-4394-a800-0554693db79f_M8CH3_M8CH3",
        "x-ms-routing-request-id": "SOUTHEASTASIA:20220322T084028Z:360f2eee-8df9-423c-a705-0e56e2af1960"
      },
      "ResponseBody": {
        "value": [
          {
            "id": "/subscriptions/00000000-0000-0000-0000-000000000000/resourceGroups/7fb9289f/providers/Microsoft.Relay/namespaces/testingpythontestcaseeventhubnamespaceEventhub/wcfRelays/testingpythontestcasewcfrelay/authorizationRules/testingauthrulepy",
            "name": "testingauthrulepy",
            "type": "Microsoft.Relay/Namespaces/WcfRelays/AuthorizationRules",
            "location": "West US",
            "properties": {
              "rights": [
                "Send",
                "Listen",
                "Manage"
              ]
            }
          }
        ]
      }
    },
    {
      "RequestUri": "https://management.azure.com/subscriptions/00000000-0000-0000-0000-000000000000/resourceGroups/7fb9289f/providers/Microsoft.Relay/namespaces/testingpythontestcaseeventhubnamespaceEventhub/wcfRelays/testingpythontestcasewcfrelay/authorizationRules/testingauthrulepy/listKeys?api-version=2017-04-01",
      "RequestMethod": "POST",
      "RequestHeaders": {
        "Accept": "application/json",
        "Accept-Encoding": "gzip, deflate",
        "Authorization": "Sanitized",
        "Connection": "keep-alive",
        "Content-Length": "0",
        "User-Agent": "azsdk-python-mgmt-relay/1.1.0 Python/3.9.8 (Windows-10-10.0.22000)",
        "x-ms-client-request-id": "b9d74e2c-a9bb-11ec-8027-c809a8c836e6"
      },
      "RequestBody": null,
      "StatusCode": 200,
      "ResponseHeaders": {
        "Cache-Control": "no-cache",
        "Content-Encoding": "gzip",
        "Content-Type": "application/json; charset=utf-8",
        "Date": "Tue, 22 Mar 2022 08:40:29 GMT",
        "Expires": "-1",
        "Pragma": "no-cache",
        "Server": [
          "Service-Bus-Resource-Provider/CH3",
          "Microsoft-HTTPAPI/2.0"
        ],
        "Server-SB": "Service-Bus-Resource-Provider/CH3",
        "Strict-Transport-Security": "max-age=31536000; includeSubDomains",
        "Transfer-Encoding": "chunked",
        "Vary": "Accept-Encoding",
        "X-Content-Type-Options": "nosniff",
        "x-ms-correlation-request-id": "58380acc-ac10-44f0-a1ba-f52742343636",
        "x-ms-ratelimit-remaining-subscription-writes": "1192",
        "x-ms-request-id": "8d4edd90-a492-401f-a539-aec8920a682b_M0CH3_M0CH3",
        "x-ms-routing-request-id": "SOUTHEASTASIA:20220322T084029Z:58380acc-ac10-44f0-a1ba-f52742343636"
      },
      "ResponseBody": {
        "primaryConnectionString": "Endpoint=sb://testingpythontestcaseeventhubnamespaceeventhub.servicebus.windows.net/;SharedAccessKeyName=testingauthrulepy;SharedAccessKey=Sj04N2zqJtjhPDofa/zWKlDNZGHsBoGm6IVzXmpDp10=;EntityPath=testingpythontestcasewcfrelay",
        "secondaryConnectionString": "Endpoint=sb://testingpythontestcaseeventhubnamespaceeventhub.servicebus.windows.net/;SharedAccessKeyName=testingauthrulepy;SharedAccessKey=y3hZPW911n1sKFWuBkMnDgo1aXJV0//6UFES/MetrEg=;EntityPath=testingpythontestcasewcfrelay",
        "primaryKey": "primaryKey",
        "secondaryKey": "secondaryKey",
        "keyName": "testingauthrulepy"
      }
    },
    {
      "RequestUri": "https://management.azure.com/subscriptions/00000000-0000-0000-0000-000000000000/resourceGroups/7fb9289f/providers/Microsoft.Relay/namespaces/testingpythontestcaseeventhubnamespaceEventhub/wcfRelays/testingpythontestcasewcfrelay/authorizationRules/testingauthrulepy/regenerateKeys?api-version=2017-04-01",
      "RequestMethod": "POST",
      "RequestHeaders": {
        "Accept": "application/json",
        "Accept-Encoding": "gzip, deflate",
        "Authorization": "Sanitized",
        "Connection": "keep-alive",
        "Content-Length": "25",
        "Content-Type": "application/json",
        "User-Agent": "azsdk-python-mgmt-relay/1.1.0 Python/3.9.8 (Windows-10-10.0.22000)",
        "x-ms-client-request-id": "ba603eeb-a9bb-11ec-801c-c809a8c836e6"
      },
      "RequestBody": {
        "keyType": "PrimaryKey"
      },
      "StatusCode": 200,
      "ResponseHeaders": {
        "Cache-Control": "no-cache",
        "Content-Encoding": "gzip",
        "Content-Type": "application/json; charset=utf-8",
        "Date": "Tue, 22 Mar 2022 08:40:29 GMT",
        "Expires": "-1",
        "Pragma": "no-cache",
        "Server": [
          "Service-Bus-Resource-Provider/CH3",
          "Microsoft-HTTPAPI/2.0"
        ],
        "Server-SB": "Service-Bus-Resource-Provider/CH3",
        "Strict-Transport-Security": "max-age=31536000; includeSubDomains",
        "Transfer-Encoding": "chunked",
        "Vary": "Accept-Encoding",
        "X-Content-Type-Options": "nosniff",
        "x-ms-correlation-request-id": "1d2eead9-4d71-4475-8b7c-798c02014657",
        "x-ms-ratelimit-remaining-subscription-writes": "1191",
        "x-ms-request-id": "3110e71e-295f-481b-bcf8-8602e91b8869_M8CH3_M8CH3",
        "x-ms-routing-request-id": "SOUTHEASTASIA:20220322T084030Z:1d2eead9-4d71-4475-8b7c-798c02014657"
      },
      "ResponseBody": {
        "primaryConnectionString": "Endpoint=sb://testingpythontestcaseeventhubnamespaceeventhub.servicebus.windows.net/;SharedAccessKeyName=testingauthrulepy;SharedAccessKey=Wj2h\u002BEQTJtcpb6uHnrTiZNRlmecvPpJwepH\u002B9WbZymM=;EntityPath=testingpythontestcasewcfrelay",
        "secondaryConnectionString": "Endpoint=sb://testingpythontestcaseeventhubnamespaceeventhub.servicebus.windows.net/;SharedAccessKeyName=testingauthrulepy;SharedAccessKey=y3hZPW911n1sKFWuBkMnDgo1aXJV0//6UFES/MetrEg=;EntityPath=testingpythontestcasewcfrelay",
        "primaryKey": "primaryKey",
        "secondaryKey": "secondaryKey",
        "keyName": "testingauthrulepy"
      }
    },
    {
      "RequestUri": "https://management.azure.com/subscriptions/00000000-0000-0000-0000-000000000000/resourceGroups/7fb9289f/providers/Microsoft.Relay/namespaces/testingpythontestcaseeventhubnamespaceEventhub/wcfRelays/testingpythontestcasewcfrelay/authorizationRules/testingauthrulepy/regenerateKeys?api-version=2017-04-01",
      "RequestMethod": "POST",
      "RequestHeaders": {
        "Accept": "application/json",
        "Accept-Encoding": "gzip, deflate",
        "Authorization": "Sanitized",
        "Connection": "keep-alive",
        "Content-Length": "27",
        "Content-Type": "application/json",
        "User-Agent": "azsdk-python-mgmt-relay/1.1.0 Python/3.9.8 (Windows-10-10.0.22000)",
        "x-ms-client-request-id": "bada1a05-a9bb-11ec-b304-c809a8c836e6"
      },
      "RequestBody": {
        "keyType": "SecondaryKey"
      },
      "StatusCode": 200,
      "ResponseHeaders": {
        "Cache-Control": "no-cache",
        "Content-Encoding": "gzip",
        "Content-Type": "application/json; charset=utf-8",
        "Date": "Tue, 22 Mar 2022 08:40:30 GMT",
        "Expires": "-1",
        "Pragma": "no-cache",
        "Server": [
          "Service-Bus-Resource-Provider/CH3",
          "Microsoft-HTTPAPI/2.0"
        ],
        "Server-SB": "Service-Bus-Resource-Provider/CH3",
        "Strict-Transport-Security": "max-age=31536000; includeSubDomains",
        "Transfer-Encoding": "chunked",
        "Vary": "Accept-Encoding",
        "X-Content-Type-Options": "nosniff",
        "x-ms-correlation-request-id": "a865b047-7708-4baf-9333-4ea7f10d6708",
        "x-ms-ratelimit-remaining-subscription-writes": "1190",
        "x-ms-request-id": "cab779bb-abc3-4512-a454-2dcf81c18cb7_M8CH3_M8CH3",
        "x-ms-routing-request-id": "SOUTHEASTASIA:20220322T084031Z:a865b047-7708-4baf-9333-4ea7f10d6708"
      },
      "ResponseBody": {
        "primaryConnectionString": "Endpoint=sb://testingpythontestcaseeventhubnamespaceeventhub.servicebus.windows.net/;SharedAccessKeyName=testingauthrulepy;SharedAccessKey=Wj2h\u002BEQTJtcpb6uHnrTiZNRlmecvPpJwepH\u002B9WbZymM=;EntityPath=testingpythontestcasewcfrelay",
        "secondaryConnectionString": "Endpoint=sb://testingpythontestcaseeventhubnamespaceeventhub.servicebus.windows.net/;SharedAccessKeyName=testingauthrulepy;SharedAccessKey=Lotir/A9VBWYRHZVovVI0u144iWuALZeAip/5toqi10=;EntityPath=testingpythontestcasewcfrelay",
        "primaryKey": "primaryKey",
        "secondaryKey": "secondaryKey",
        "keyName": "testingauthrulepy"
      }
    },
    {
      "RequestUri": "https://management.azure.com/subscriptions/00000000-0000-0000-0000-000000000000/resourceGroups/7fb9289f/providers/Microsoft.Relay/namespaces/testingpythontestcaseeventhubnamespaceEventhub/wcfRelays/testingpythontestcasewcfrelay/authorizationRules/testingauthrulepy?api-version=2017-04-01",
      "RequestMethod": "DELETE",
      "RequestHeaders": {
        "Accept": "application/json",
        "Accept-Encoding": "gzip, deflate",
        "Authorization": "Sanitized",
        "Connection": "keep-alive",
        "Content-Length": "0",
        "User-Agent": "azsdk-python-mgmt-relay/1.1.0 Python/3.9.8 (Windows-10-10.0.22000)",
        "x-ms-client-request-id": "bb5ae34c-a9bb-11ec-9222-c809a8c836e6"
      },
      "RequestBody": null,
      "StatusCode": 200,
      "ResponseHeaders": {
        "Cache-Control": "no-cache",
        "Content-Length": "0",
        "Date": "Tue, 22 Mar 2022 08:40:31 GMT",
        "Expires": "-1",
        "Pragma": "no-cache",
        "Server": [
          "Service-Bus-Resource-Provider/CH3",
          "Microsoft-HTTPAPI/2.0"
        ],
        "Server-SB": "Service-Bus-Resource-Provider/CH3",
        "Strict-Transport-Security": "max-age=31536000; includeSubDomains",
        "X-Content-Type-Options": "nosniff",
        "x-ms-correlation-request-id": "cc519a59-2e76-4139-8187-6605f1af4ce9",
        "x-ms-ratelimit-remaining-subscription-deletes": "14994",
        "x-ms-request-id": "25375fe4-1d14-4bc4-8c8b-8a070f112019_M8CH3_M8CH3",
        "x-ms-routing-request-id": "SOUTHEASTASIA:20220322T084032Z:cc519a59-2e76-4139-8187-6605f1af4ce9"
      },
      "ResponseBody": null
    },
    {
      "RequestUri": "https://management.azure.com/subscriptions/00000000-0000-0000-0000-000000000000/resourceGroups/7fb9289f/providers/Microsoft.Relay/namespaces/testingpythontestcaseeventhubnamespaceEventhub/wcfRelays/testingpythontestcasewcfrelay?api-version=2017-04-01",
      "RequestMethod": "DELETE",
      "RequestHeaders": {
        "Accept": "application/json",
        "Accept-Encoding": "gzip, deflate",
        "Authorization": "Sanitized",
        "Connection": "keep-alive",
        "Content-Length": "0",
        "User-Agent": "azsdk-python-mgmt-relay/1.1.0 Python/3.9.8 (Windows-10-10.0.22000)",
        "x-ms-client-request-id": "bbc884e5-a9bb-11ec-adde-c809a8c836e6"
      },
      "RequestBody": null,
      "StatusCode": 200,
      "ResponseHeaders": {
        "Cache-Control": "no-cache",
        "Content-Length": "0",
        "Date": "Tue, 22 Mar 2022 08:40:32 GMT",
        "Expires": "-1",
        "Pragma": "no-cache",
        "Server": [
          "Service-Bus-Resource-Provider/CH3",
          "Microsoft-HTTPAPI/2.0"
        ],
        "Server-SB": "Service-Bus-Resource-Provider/CH3",
        "Strict-Transport-Security": "max-age=31536000; includeSubDomains",
        "X-Content-Type-Options": "nosniff",
        "x-ms-correlation-request-id": "8703956f-5227-4ed5-b98b-2e36ffe1829b",
        "x-ms-ratelimit-remaining-subscription-deletes": "14993",
        "x-ms-request-id": "52e74624-18ae-49c8-8367-7df34d3701b4_M8CH3_M8CH3",
        "x-ms-routing-request-id": "SOUTHEASTASIA:20220322T084033Z:8703956f-5227-4ed5-b98b-2e36ffe1829b"
      },
      "ResponseBody": null
    },
    {
      "RequestUri": "https://management.azure.com/subscriptions/00000000-0000-0000-0000-000000000000/resourceGroups/7fb9289f/providers/Microsoft.Relay/namespaces/testingpythontestcaseeventhubnamespaceEventhub?api-version=2017-04-01",
      "RequestMethod": "DELETE",
      "RequestHeaders": {
        "Accept": "application/json",
        "Accept-Encoding": "gzip, deflate",
        "Authorization": "Sanitized",
        "Connection": "keep-alive",
        "Content-Length": "0",
        "User-Agent": "azsdk-python-mgmt-relay/1.1.0 Python/3.9.8 (Windows-10-10.0.22000)",
        "x-ms-client-request-id": "bc557e93-a9bb-11ec-8dd0-c809a8c836e6"
      },
      "RequestBody": null,
      "StatusCode": 202,
      "ResponseHeaders": {
        "Cache-Control": "no-cache",
        "Content-Length": "0",
        "Date": "Tue, 22 Mar 2022 08:40:33 GMT",
        "Expires": "-1",
        "Location": "https://management.azure.com/subscriptions/00000000-0000-0000-0000-000000000000/resourceGroups/7fb9289f/providers/Microsoft.Relay/namespaces/testingpythontestcaseeventhubnamespaceEventhub/operationresults/testingpythontestcaseeventhubnamespaceEventhub?api-version=2017-04-01",
        "Pragma": "no-cache",
        "Server": [
          "Service-Bus-Resource-Provider/CH3",
          "Microsoft-HTTPAPI/2.0"
        ],
        "Server-SB": "Service-Bus-Resource-Provider/CH3",
        "Strict-Transport-Security": "max-age=31536000; includeSubDomains",
        "X-Content-Type-Options": "nosniff",
        "x-ms-correlation-request-id": "308a02e4-e592-49fa-a3eb-1d96f0a0631d",
        "x-ms-ratelimit-remaining-subscription-deletes": "14992",
        "x-ms-request-id": "b32916d7-7a35-40d9-9881-da98a3ba058d_M0CH3_M0CH3",
        "x-ms-routing-request-id": "SOUTHEASTASIA:20220322T084034Z:308a02e4-e592-49fa-a3eb-1d96f0a0631d"
      },
      "ResponseBody": null
    },
    {
      "RequestUri": "https://management.azure.com/subscriptions/00000000-0000-0000-0000-000000000000/resourceGroups/7fb9289f/providers/Microsoft.Relay/namespaces/testingpythontestcaseeventhubnamespaceEventhub/operationresults/testingpythontestcaseeventhubnamespaceEventhub?api-version=2017-04-01",
      "RequestMethod": "GET",
      "RequestHeaders": {
        "Accept": "*/*",
        "Accept-Encoding": "gzip, deflate",
        "Authorization": "Sanitized",
        "Connection": "keep-alive",
        "User-Agent": "azsdk-python-mgmt-relay/1.1.0 Python/3.9.8 (Windows-10-10.0.22000)",
        "x-ms-client-request-id": "bc557e93-a9bb-11ec-8dd0-c809a8c836e6"
      },
      "RequestBody": null,
      "StatusCode": 200,
      "ResponseHeaders": {
        "Cache-Control": "no-cache",
        "Content-Length": "0",
        "Date": "Tue, 22 Mar 2022 08:41:05 GMT",
        "Expires": "-1",
        "Pragma": "no-cache",
        "Server": [
          "Service-Bus-Resource-Provider/CH3",
          "Microsoft-HTTPAPI/2.0"
        ],
        "Server-SB": "Service-Bus-Resource-Provider/CH3",
        "Strict-Transport-Security": "max-age=31536000; includeSubDomains",
        "X-Content-Type-Options": "nosniff",
        "x-ms-correlation-request-id": "633da559-c320-4908-a920-e34a18a6b050",
        "x-ms-ratelimit-remaining-subscription-reads": "11970",
        "x-ms-request-id": "7089b9a7-7438-4210-bbb8-061bd20be62a_M8CH3_M8CH3",
        "x-ms-routing-request-id": "SOUTHEASTASIA:20220322T084105Z:633da559-c320-4908-a920-e34a18a6b050"
      },
      "ResponseBody": null
    }
  ],
  "Variables": {}
}
