{
  "Entries": [
    {
      "RequestUri": "https://login.microsoftonline.com/72f988bf-86f1-41af-91ab-2d7cd011db47/v2.0/.well-known/openid-configuration",
      "RequestMethod": "GET",
      "RequestHeaders": {
        "Accept": "*/*",
        "Accept-Encoding": "gzip, deflate",
        "Connection": "keep-alive",
        "User-Agent": "azsdk-python-identity/1.7.2 Python/3.7.3 (Windows-10-10.0.18362-SP0)"
      },
      "RequestBody": null,
      "StatusCode": 200,
      "ResponseHeaders": {
        "Access-Control-Allow-Methods": "GET, OPTIONS",
        "Access-Control-Allow-Origin": "*",
        "Cache-Control": "max-age=86400, private",
        "Content-Length": "1753",
        "Content-Type": "application/json; charset=utf-8",
        "Date": "Fri, 14 Jan 2022 00:41:06 GMT",
        "P3P": "CP=\u0022DSP CUR OTPi IND OTRi ONL FIN\u0022",
        "Set-Cookie": [
          "fpc=AqAIBo9WtWtGtpRuy48JwEKIATgcAgAAAKG9ctkOAAAA; expires=Sun, 13-Feb-2022 00:41:07 GMT; path=/; secure; HttpOnly; SameSite=None",
          "x-ms-gateway-slice=estsfd; path=/; secure; samesite=none; httponly",
          "stsservicecookie=estsfd; path=/; secure; samesite=none; httponly"
        ],
        "Strict-Transport-Security": "max-age=31536000; includeSubDomains",
        "X-Content-Type-Options": "nosniff",
        "x-ms-ests-server": "2.1.12261.22 - SCUS ProdSlices",
        "x-ms-request-id": "d7ba9b5d-e234-4b7c-9a4d-aaf5f4820200"
      },
      "ResponseBody": {
        "token_endpoint": "https://login.microsoftonline.com/72f988bf-86f1-41af-91ab-2d7cd011db47/oauth2/v2.0/token",
        "token_endpoint_auth_methods_supported": [
          "client_secret_post",
          "private_key_jwt",
          "client_secret_basic"
        ],
        "jwks_uri": "https://login.microsoftonline.com/72f988bf-86f1-41af-91ab-2d7cd011db47/discovery/v2.0/keys",
        "response_modes_supported": [
          "query",
          "fragment",
          "form_post"
        ],
        "subject_types_supported": [
          "pairwise"
        ],
        "id_token_signing_alg_values_supported": [
          "RS256"
        ],
        "response_types_supported": [
          "code",
          "id_token",
          "code id_token",
          "id_token token"
        ],
        "scopes_supported": [
          "openid",
          "profile",
          "email",
          "offline_access"
        ],
        "issuer": "https://login.microsoftonline.com/72f988bf-86f1-41af-91ab-2d7cd011db47/v2.0",
        "request_uri_parameter_supported": false,
        "userinfo_endpoint": "https://graph.microsoft.com/oidc/userinfo",
        "authorization_endpoint": "https://login.microsoftonline.com/72f988bf-86f1-41af-91ab-2d7cd011db47/oauth2/v2.0/authorize",
        "device_authorization_endpoint": "https://login.microsoftonline.com/72f988bf-86f1-41af-91ab-2d7cd011db47/oauth2/v2.0/devicecode",
        "http_logout_supported": true,
        "frontchannel_logout_supported": true,
        "end_session_endpoint": "https://login.microsoftonline.com/72f988bf-86f1-41af-91ab-2d7cd011db47/oauth2/v2.0/logout",
        "claims_supported": [
          "sub",
          "iss",
          "cloud_instance_name",
          "cloud_instance_host_name",
          "cloud_graph_host_name",
          "msgraph_host",
          "aud",
          "exp",
          "iat",
          "auth_time",
          "acr",
          "nonce",
          "preferred_username",
          "name",
          "tid",
          "ver",
          "at_hash",
          "c_hash",
          "email"
        ],
        "kerberos_endpoint": "https://login.microsoftonline.com/72f988bf-86f1-41af-91ab-2d7cd011db47/kerberos",
        "tenant_region_scope": "WW",
        "cloud_instance_name": "microsoftonline.com",
        "cloud_graph_host_name": "graph.windows.net",
        "msgraph_host": "graph.microsoft.com",
        "rbac_url": "https://pas.windows.net"
      }
    },
    {
      "RequestUri": "https://login.microsoftonline.com/common/discovery/instance?api-version=1.1\u0026authorization_endpoint=https://login.microsoftonline.com/common/oauth2/authorize",
      "RequestMethod": "GET",
      "RequestHeaders": {
        "Accept": "application/json",
        "Accept-Encoding": "gzip, deflate",
        "Connection": "keep-alive",
        "Cookie": "fpc=AqAIBo9WtWtGtpRuy48JwEKIATgcAgAAAKG9ctkOAAAA; stsservicecookie=estsfd; x-ms-gateway-slice=estsfd",
        "User-Agent": "azsdk-python-identity/1.7.2 Python/3.7.3 (Windows-10-10.0.18362-SP0)"
      },
      "RequestBody": null,
      "StatusCode": 200,
      "ResponseHeaders": {
        "Access-Control-Allow-Methods": "GET, OPTIONS",
        "Access-Control-Allow-Origin": "*",
        "Cache-Control": "max-age=86400, private",
        "Content-Length": "945",
        "Content-Type": "application/json; charset=utf-8",
        "Date": "Fri, 14 Jan 2022 00:41:06 GMT",
        "P3P": "CP=\u0022DSP CUR OTPi IND OTRi ONL FIN\u0022",
        "Set-Cookie": [
          "fpc=AqAIBo9WtWtGtpRuy48JwEKIATgcAgAAAKG9ctkOAAAA; expires=Sun, 13-Feb-2022 00:41:07 GMT; path=/; secure; HttpOnly; SameSite=None",
          "x-ms-gateway-slice=estsfd; path=/; secure; samesite=none; httponly",
          "stsservicecookie=estsfd; path=/; secure; samesite=none; httponly"
        ],
        "Strict-Transport-Security": "max-age=31536000; includeSubDomains",
        "X-Content-Type-Options": "nosniff",
        "x-ms-ests-server": "2.1.12261.17 - SCUS ProdSlices",
        "x-ms-request-id": "084572c4-a365-4815-9a06-5d5f00744801"
      },
      "ResponseBody": {
        "tenant_discovery_endpoint": "https://login.microsoftonline.com/common/.well-known/openid-configuration",
        "api-version": "1.1",
        "metadata": [
          {
            "preferred_network": "login.microsoftonline.com",
            "preferred_cache": "login.windows.net",
            "aliases": [
              "login.microsoftonline.com",
              "login.windows.net",
              "login.microsoft.com",
              "sts.windows.net"
            ]
          },
          {
            "preferred_network": "login.partner.microsoftonline.cn",
            "preferred_cache": "login.partner.microsoftonline.cn",
            "aliases": [
              "login.partner.microsoftonline.cn",
              "login.chinacloudapi.cn"
            ]
          },
          {
            "preferred_network": "login.microsoftonline.de",
            "preferred_cache": "login.microsoftonline.de",
            "aliases": [
              "login.microsoftonline.de"
            ]
          },
          {
            "preferred_network": "login.microsoftonline.us",
            "preferred_cache": "login.microsoftonline.us",
            "aliases": [
              "login.microsoftonline.us",
              "login.usgovcloudapi.net"
            ]
          },
          {
            "preferred_network": "login-us.microsoftonline.com",
            "preferred_cache": "login-us.microsoftonline.com",
            "aliases": [
              "login-us.microsoftonline.com"
            ]
          }
        ]
      }
    },
    {
      "RequestUri": "https://login.microsoftonline.com/72f988bf-86f1-41af-91ab-2d7cd011db47/oauth2/v2.0/token",
      "RequestMethod": "POST",
      "RequestHeaders": {
        "Accept": "application/json",
        "Accept-Encoding": "gzip, deflate",
        "client-request-id": "1d83f20f-72d5-45be-bbf7-1b3cd2881093",
        "Connection": "keep-alive",
        "Content-Length": "287",
        "Content-Type": "application/x-www-form-urlencoded",
        "Cookie": "fpc=AqAIBo9WtWtGtpRuy48JwEKIATgcAgAAAKG9ctkOAAAA; stsservicecookie=estsfd; x-ms-gateway-slice=estsfd",
        "User-Agent": "azsdk-python-identity/1.7.2 Python/3.7.3 (Windows-10-10.0.18362-SP0)",
        "x-client-cpu": "x86",
        "x-client-current-telemetry": "4|730,0|",
        "x-client-last-telemetry": "4|0|||",
        "x-client-os": "win32",
        "x-client-sku": "MSAL.Python",
        "x-client-ver": "1.12.0"
      },
      "RequestBody": "client_id=75a1a7ff-9dbb-4ee3-81df-c655bdfa1e4f\u0026grant_type=client_credentials\u0026client_info=1\u0026client_secret=450e20ed-64e7-49c4-b39a-71ff1367e9cc\u0026claims=%7B%22access_token%22%3A\u002B%7B%22xms_cc%22%3A\u002B%7B%22values%22%3A\u002B%5B%22CP1%22%5D%7D%7D%7D\u0026scope=https%3A%2F%2Feventgrid.azure.net%2F.default",
      "StatusCode": 200,
      "ResponseHeaders": {
        "Cache-Control": "no-store, no-cache",
        "client-request-id": "1d83f20f-72d5-45be-bbf7-1b3cd2881093",
        "Content-Length": "1321",
        "Content-Type": "application/json; charset=utf-8",
        "Date": "Fri, 14 Jan 2022 00:41:06 GMT",
        "Expires": "-1",
        "P3P": "CP=\u0022DSP CUR OTPi IND OTRi ONL FIN\u0022",
        "Pragma": "no-cache",
        "Set-Cookie": [
          "fpc=AqAIBo9WtWtGtpRuy48JwEKIATgcAwAAAKG9ctkOAAAA; expires=Sun, 13-Feb-2022 00:41:07 GMT; path=/; secure; HttpOnly; SameSite=None",
          "x-ms-gateway-slice=estsfd; path=/; secure; samesite=none; httponly",
          "stsservicecookie=estsfd; path=/; secure; samesite=none; httponly"
        ],
        "Strict-Transport-Security": "max-age=31536000; includeSubDomains",
        "X-Content-Type-Options": "nosniff",
        "x-ms-clitelem": "1,0,0,,",
        "x-ms-ests-server": "2.1.12261.22 - EUS ProdSlices",
        "x-ms-request-id": "96d58283-1e2d-4bb3-bea8-9668f6570100"
      },
      "ResponseBody": {
        "token_type": "Bearer",
        "expires_in": 86399,
        "ext_expires_in": 86399,
        "access_token": "eyJ0eXAiOiJKV1QiLCJhbGciOiJSUzI1NiIsIng1dCI6Ik1yNS1BVWliZkJpaTdOZDFqQmViYXhib1hXMCIsImtpZCI6Ik1yNS1BVWliZkJpaTdOZDFqQmViYXhib1hXMCJ9.eyJhdWQiOiJodHRwczovL2V2ZW50Z3JpZC5henVyZS5uZXQiLCJpc3MiOiJodHRwczovL3N0cy53aW5kb3dzLm5ldC83MmY5ODhiZi04NmYxLTQxYWYtOTFhYi0yZDdjZDAxMWRiNDcvIiwiaWF0IjoxNjQyMTIwNTY3LCJuYmYiOjE2NDIxMjA1NjcsImV4cCI6MTY0MjIwNzI2NywiYWlvIjoiRTJaZ1lMaVRzc2ZLVEtsemxrRnczaEt2eVpiMkFBPT0iLCJhcHBpZCI6Ijc1YTFhN2ZmLTlkYmItNGVlMy04MWRmLWM2NTViZGZhMWU0ZiIsImFwcGlkYWNyIjoiMSIsImlkcCI6Imh0dHBzOi8vc3RzLndpbmRvd3MubmV0LzcyZjk4OGJmLTg2ZjEtNDFhZi05MWFiLTJkN2NkMDExZGI0Ny8iLCJvaWQiOiIyYTg0OTJkYS1lYzk3LTQ5YzItODQ4Ni1kYTQxNjhlYjZlZGIiLCJyaCI6IjAuQVFFQXY0ajVjdkdHcjBHUnF5MTgwQkhiUl8tbm9YVzduZU5PZ2RfR1ZiMzZIazhhQUFBLiIsInN1YiI6IjJhODQ5MmRhLWVjOTctNDljMi04NDg2LWRhNDE2OGViNmVkYiIsInRpZCI6IjcyZjk4OGJmLTg2ZjEtNDFhZi05MWFiLTJkN2NkMDExZGI0NyIsInV0aSI6Imc0TFZsaTBlczB1LXFKWm85bGNCQUEiLCJ2ZXIiOiIxLjAifQ.Ui7aJ34zI1thla5mh5KZBv2xrt4B6zuZCs7CPPK11hIzyo5Ii2aty5OMoU2fvJdqkcqpUjZk-HDiTMtuj5qyEz1Rtj-qrYhXi_wEMuHQBWR3cgh-0K0R0Nbl4pqpUZ4oLQIT5snWoezjwt7H57nLnGtWXv912_G4wD-Gndtv6mQgAPLa_G7gEWACCZE9jsdZ4z7FdjdK-C3-Bj7PUi6wv48vsKNA3Z_T9_viaW6kqiF0BZ3x_4apD_5zy8dTuKaOqlznzcCdjEjd-dyf_H6TjFwH_B8vejzd3LuijzUrx2BH5eLXss6yMmOcPpk5Rj9bw8hFPqaOBkuhbwT9L3BjlA"
      }
    },
    {
      "RequestUri": "https://administratoreventgridtopic.westus2-1.eventgrid.azure.net/api/events?api-version=2018-01-01",
      "RequestMethod": "POST",
      "RequestHeaders": {
        "Accept": "*/*",
        "Accept-Encoding": "gzip, deflate",
        "Authorization": "Sanitized",
        "Connection": "keep-alive",
        "Content-Length": "200",
        "Content-Type": "application/json; charset=utf-8",
        "User-Agent": "azsdk-python-eventgrid/4.7.2 Python/3.7.3 (Windows-10-10.0.18362-SP0)",
        "x-ms-client-request-id": "a9d2b888-74d2-11ec-92ec-2816a845e8c6"
      },
      "RequestBody": "[{\u0022id\u0022: \u0022c4d0b247-0e1a-4d87-91e4-2a9c5a8294c2\u0022, \u0022subject\u0022: \u0022sample\u0022, \u0022data\u0022: \u0022eventgridevent\u0022, \u0022eventType\u0022: \u0022Sample.EventGrid.Event\u0022, \u0022eventTime\u0022: \u00222022-01-14T00:41:08.273628Z\u0022, \u0022dataVersion\u0022: \u00222.0\u0022}]",
      "StatusCode": 200,
      "ResponseHeaders": {
        "api-supported-versions": "2018-01-01",
        "Content-Length": "0",
        "Date": "Fri, 14 Jan 2022 00:41:06 GMT",
        "Server": "Microsoft-HTTPAPI/2.0",
        "Strict-Transport-Security": "max-age=31536000; includeSubDomains",
        "x-ms-request-id": "4f8a49ae-dc5c-4692-b9eb-d410671f7513"
      },
      "ResponseBody": null
    }
  ],
  "Variables": {}
}
