{
  "Entries": [
    {
      "RequestUri": "https://login.microsoftonline.com/72f988bf-86f1-41af-91ab-2d7cd011db47/v2.0/.well-known/openid-configuration",
      "RequestMethod": "GET",
      "RequestHeaders": {
        "Accept": "*/*",
        "Accept-Encoding": "gzip, deflate",
        "Connection": "keep-alive",
        "User-Agent": "azsdk-python-identity/1.7.2 Python/3.7.3 (Windows-10-10.0.18362-SP0)"
      },
      "RequestBody": null,
      "StatusCode": 200,
      "ResponseHeaders": {
        "Access-Control-Allow-Methods": "GET, OPTIONS",
        "Access-Control-Allow-Origin": "*",
        "Cache-Control": "max-age=86400, private",
        "Content-Length": "1753",
        "Content-Type": "application/json; charset=utf-8",
        "Date": "Fri, 14 Jan 2022 02:20:18 GMT",
        "P3P": "CP=\u0022DSP CUR OTPi IND OTRi ONL FIN\u0022",
        "Set-Cookie": [
          "fpc=Avox71nb3K5Diym0GHNwAHGIATgcDwAAAM3UctkOAAAA; expires=Sun, 13-Feb-2022 02:20:18 GMT; path=/; secure; HttpOnly; SameSite=None",
          "x-ms-gateway-slice=estsfd; path=/; secure; samesite=none; httponly",
          "stsservicecookie=estsfd; path=/; secure; samesite=none; httponly"
        ],
        "Strict-Transport-Security": "max-age=31536000; includeSubDomains",
        "X-Content-Type-Options": "nosniff",
        "x-ms-ests-server": "2.1.12261.17 - WUS2 ProdSlices",
        "x-ms-request-id": "e43e249e-f6f8-4633-9254-406627d28d00"
      },
      "ResponseBody": {
        "token_endpoint": "https://login.microsoftonline.com/72f988bf-86f1-41af-91ab-2d7cd011db47/oauth2/v2.0/token",
        "token_endpoint_auth_methods_supported": [
          "client_secret_post",
          "private_key_jwt",
          "client_secret_basic"
        ],
        "jwks_uri": "https://login.microsoftonline.com/72f988bf-86f1-41af-91ab-2d7cd011db47/discovery/v2.0/keys",
        "response_modes_supported": [
          "query",
          "fragment",
          "form_post"
        ],
        "subject_types_supported": [
          "pairwise"
        ],
        "id_token_signing_alg_values_supported": [
          "RS256"
        ],
        "response_types_supported": [
          "code",
          "id_token",
          "code id_token",
          "id_token token"
        ],
        "scopes_supported": [
          "openid",
          "profile",
          "email",
          "offline_access"
        ],
        "issuer": "https://login.microsoftonline.com/72f988bf-86f1-41af-91ab-2d7cd011db47/v2.0",
        "request_uri_parameter_supported": false,
        "userinfo_endpoint": "https://graph.microsoft.com/oidc/userinfo",
        "authorization_endpoint": "https://login.microsoftonline.com/72f988bf-86f1-41af-91ab-2d7cd011db47/oauth2/v2.0/authorize",
        "device_authorization_endpoint": "https://login.microsoftonline.com/72f988bf-86f1-41af-91ab-2d7cd011db47/oauth2/v2.0/devicecode",
        "http_logout_supported": true,
        "frontchannel_logout_supported": true,
        "end_session_endpoint": "https://login.microsoftonline.com/72f988bf-86f1-41af-91ab-2d7cd011db47/oauth2/v2.0/logout",
        "claims_supported": [
          "sub",
          "iss",
          "cloud_instance_name",
          "cloud_instance_host_name",
          "cloud_graph_host_name",
          "msgraph_host",
          "aud",
          "exp",
          "iat",
          "auth_time",
          "acr",
          "nonce",
          "preferred_username",
          "name",
          "tid",
          "ver",
          "at_hash",
          "c_hash",
          "email"
        ],
        "kerberos_endpoint": "https://login.microsoftonline.com/72f988bf-86f1-41af-91ab-2d7cd011db47/kerberos",
        "tenant_region_scope": "WW",
        "cloud_instance_name": "microsoftonline.com",
        "cloud_graph_host_name": "graph.windows.net",
        "msgraph_host": "graph.microsoft.com",
        "rbac_url": "https://pas.windows.net"
      }
    },
    {
      "RequestUri": "https://login.microsoftonline.com/common/discovery/instance?api-version=1.1\u0026authorization_endpoint=https://login.microsoftonline.com/common/oauth2/authorize",
      "RequestMethod": "GET",
      "RequestHeaders": {
        "Accept": "application/json",
        "Accept-Encoding": "gzip, deflate",
        "Connection": "keep-alive",
        "Cookie": "fpc=Avox71nb3K5Diym0GHNwAHGIATgcDwAAAM3UctkOAAAA; stsservicecookie=estsfd; x-ms-gateway-slice=estsfd",
        "User-Agent": "azsdk-python-identity/1.7.2 Python/3.7.3 (Windows-10-10.0.18362-SP0)"
      },
      "RequestBody": null,
      "StatusCode": 200,
      "ResponseHeaders": {
        "Access-Control-Allow-Methods": "GET, OPTIONS",
        "Access-Control-Allow-Origin": "*",
        "Cache-Control": "max-age=86400, private",
        "Content-Length": "945",
        "Content-Type": "application/json; charset=utf-8",
        "Date": "Fri, 14 Jan 2022 02:20:18 GMT",
        "P3P": "CP=\u0022DSP CUR OTPi IND OTRi ONL FIN\u0022",
        "Set-Cookie": [
          "fpc=Avox71nb3K5Diym0GHNwAHGIATgcDwAAAM3UctkOAAAA; expires=Sun, 13-Feb-2022 02:20:19 GMT; path=/; secure; HttpOnly; SameSite=None",
          "x-ms-gateway-slice=estsfd; path=/; secure; samesite=none; httponly",
          "stsservicecookie=estsfd; path=/; secure; samesite=none; httponly"
        ],
        "Strict-Transport-Security": "max-age=31536000; includeSubDomains",
        "X-Content-Type-Options": "nosniff",
        "x-ms-ests-server": "2.1.12261.17 - EUS ProdSlices",
        "x-ms-request-id": "354458e8-9d83-42f3-bc8d-b8e4e4ec5900"
      },
      "ResponseBody": {
        "tenant_discovery_endpoint": "https://login.microsoftonline.com/common/.well-known/openid-configuration",
        "api-version": "1.1",
        "metadata": [
          {
            "preferred_network": "login.microsoftonline.com",
            "preferred_cache": "login.windows.net",
            "aliases": [
              "login.microsoftonline.com",
              "login.windows.net",
              "login.microsoft.com",
              "sts.windows.net"
            ]
          },
          {
            "preferred_network": "login.partner.microsoftonline.cn",
            "preferred_cache": "login.partner.microsoftonline.cn",
            "aliases": [
              "login.partner.microsoftonline.cn",
              "login.chinacloudapi.cn"
            ]
          },
          {
            "preferred_network": "login.microsoftonline.de",
            "preferred_cache": "login.microsoftonline.de",
            "aliases": [
              "login.microsoftonline.de"
            ]
          },
          {
            "preferred_network": "login.microsoftonline.us",
            "preferred_cache": "login.microsoftonline.us",
            "aliases": [
              "login.microsoftonline.us",
              "login.usgovcloudapi.net"
            ]
          },
          {
            "preferred_network": "login-us.microsoftonline.com",
            "preferred_cache": "login-us.microsoftonline.com",
            "aliases": [
              "login-us.microsoftonline.com"
            ]
          }
        ]
      }
    },
    {
      "RequestUri": "https://login.microsoftonline.com/72f988bf-86f1-41af-91ab-2d7cd011db47/oauth2/v2.0/token",
      "RequestMethod": "POST",
      "RequestHeaders": {
        "Accept": "application/json",
        "Accept-Encoding": "gzip, deflate",
        "client-request-id": "866a642e-64f3-4b10-9f63-b413962ebf31",
        "Connection": "keep-alive",
        "Content-Length": "287",
        "Content-Type": "application/x-www-form-urlencoded",
        "Cookie": "fpc=Avox71nb3K5Diym0GHNwAHGIATgcDwAAAM3UctkOAAAA; stsservicecookie=estsfd; x-ms-gateway-slice=estsfd",
        "User-Agent": "azsdk-python-identity/1.7.2 Python/3.7.3 (Windows-10-10.0.18362-SP0)",
        "x-client-cpu": "x86",
        "x-client-current-telemetry": "4|730,0|",
        "x-client-last-telemetry": "4|0|||",
        "x-client-os": "win32",
        "x-client-sku": "MSAL.Python",
        "x-client-ver": "1.12.0"
      },
      "RequestBody": "client_id=75a1a7ff-9dbb-4ee3-81df-c655bdfa1e4f\u0026grant_type=client_credentials\u0026client_info=1\u0026client_secret=450e20ed-64e7-49c4-b39a-71ff1367e9cc\u0026claims=%7B%22access_token%22%3A\u002B%7B%22xms_cc%22%3A\u002B%7B%22values%22%3A\u002B%5B%22CP1%22%5D%7D%7D%7D\u0026scope=https%3A%2F%2Feventgrid.azure.net%2F.default",
      "StatusCode": 200,
      "ResponseHeaders": {
        "Cache-Control": "no-store, no-cache",
        "client-request-id": "866a642e-64f3-4b10-9f63-b413962ebf31",
        "Content-Length": "1321",
        "Content-Type": "application/json; charset=utf-8",
        "Date": "Fri, 14 Jan 2022 02:20:18 GMT",
        "Expires": "-1",
        "P3P": "CP=\u0022DSP CUR OTPi IND OTRi ONL FIN\u0022",
        "Pragma": "no-cache",
        "Set-Cookie": [
          "fpc=Avox71nb3K5Diym0GHNwAHGIATgcEAAAAM3UctkOAAAA; expires=Sun, 13-Feb-2022 02:20:19 GMT; path=/; secure; HttpOnly; SameSite=None",
          "x-ms-gateway-slice=estsfd; path=/; secure; samesite=none; httponly",
          "stsservicecookie=estsfd; path=/; secure; samesite=none; httponly"
        ],
        "Strict-Transport-Security": "max-age=31536000; includeSubDomains",
        "X-Content-Type-Options": "nosniff",
        "x-ms-clitelem": "1,0,0,,",
        "x-ms-ests-server": "2.1.12261.17 - NCUS ProdSlices",
        "x-ms-request-id": "be93d5ce-df48-44fa-9979-63d4b9507b00"
      },
      "ResponseBody": {
        "token_type": "Bearer",
        "expires_in": 86399,
        "ext_expires_in": 86399,
        "access_token": "eyJ0eXAiOiJKV1QiLCJhbGciOiJSUzI1NiIsIng1dCI6Ik1yNS1BVWliZkJpaTdOZDFqQmViYXhib1hXMCIsImtpZCI6Ik1yNS1BVWliZkJpaTdOZDFqQmViYXhib1hXMCJ9.eyJhdWQiOiJodHRwczovL2V2ZW50Z3JpZC5henVyZS5uZXQiLCJpc3MiOiJodHRwczovL3N0cy53aW5kb3dzLm5ldC83MmY5ODhiZi04NmYxLTQxYWYtOTFhYi0yZDdjZDAxMWRiNDcvIiwiaWF0IjoxNjQyMTI2NTE5LCJuYmYiOjE2NDIxMjY1MTksImV4cCI6MTY0MjIxMzIxOSwiYWlvIjoiRTJaZ1lQQ2RjMmgrVStxWHVLK3RmNFFxR05xZkFnQT0iLCJhcHBpZCI6Ijc1YTFhN2ZmLTlkYmItNGVlMy04MWRmLWM2NTViZGZhMWU0ZiIsImFwcGlkYWNyIjoiMSIsImlkcCI6Imh0dHBzOi8vc3RzLndpbmRvd3MubmV0LzcyZjk4OGJmLTg2ZjEtNDFhZi05MWFiLTJkN2NkMDExZGI0Ny8iLCJvaWQiOiIyYTg0OTJkYS1lYzk3LTQ5YzItODQ4Ni1kYTQxNjhlYjZlZGIiLCJyaCI6IjAuQVJvQXY0ajVjdkdHcjBHUnF5MTgwQkhiUl8tbm9YVzduZU5PZ2RfR1ZiMzZIazhhQUFBLiIsInN1YiI6IjJhODQ5MmRhLWVjOTctNDljMi04NDg2LWRhNDE2OGViNmVkYiIsInRpZCI6IjcyZjk4OGJmLTg2ZjEtNDFhZi05MWFiLTJkN2NkMDExZGI0NyIsInV0aSI6Inp0V1R2a2pmLWtTWmVXUFV1VkI3QUEiLCJ2ZXIiOiIxLjAifQ.LwKh7APrPVzZmAK4RIuktGUn3ry8S5MNaVpF6Z6hFgHtnyshT2nt_Fkqd7pFDv24qkqpvntE21HB8Ju5_AtQdS4g7yn4nn6ygsPlhUPq1unaJdoa8McL4BWawobYPcEhb0pXM5JJWcasEDDmlV-NDctMyDOUXV6_u5ELcV_P2qwQgRtfGRFU-X35u58SEa6szTbnoazSIOzyxvAK8UW-jxjuXG_S3C2CY5E9vA6PObAWMzLiVMReFX2Ad2nX88PMhloRqpSYJOC5S0L5Gpz6VGrNFm28DBdSuwqqqfg0rxdCq6_jGXA9CooKqmJWtD1ldpE2G5ls1SPMQB9do64JyQ"
      }
    },
    {
      "RequestUri": "https://fakeresource.westus2-1.eventgrid.azure.net/api/events?api-version=2018-01-01",
      "RequestMethod": "POST",
      "RequestHeaders": {
        "Accept": "*/*",
        "Accept-Encoding": "gzip, deflate",
        "Authorization": "Sanitized",
        "Connection": "keep-alive",
        "Content-Length": "396",
        "Content-Type": "application/json; charset=utf-8",
        "User-Agent": "azsdk-python-eventgrid/4.7.2 Python/3.7.3 (Windows-10-10.0.18362-SP0)",
        "x-ms-client-request-id": "854ac340-74e0-11ec-9eef-2816a845e8c6"
      },
      "RequestBody": "[{\u0022customSubject\u0022: \u0022sample\u0022, \u0022customEventType\u0022: \u0022sample.event\u0022, \u0022customDataVersion\u0022: \u00222.0\u0022, \u0022customId\u0022: \u00221234\u0022, \u0022customEventTime\u0022: \u00222022-01-14T02:20:19.939679\u002B00:00\u0022, \u0022customData\u0022: \u0022sample data\u0022}, {\u0022customSubject\u0022: \u0022sample2\u0022, \u0022customEventType\u0022: \u0022sample.event\u0022, \u0022customDataVersion\u0022: \u00222.0\u0022, \u0022customId\u0022: \u002212345\u0022, \u0022customEventTime\u0022: \u00222022-01-14T02:20:19.939679\u002B00:00\u0022, \u0022customData\u0022: \u0022sample data 2\u0022}]",
      "StatusCode": 200,
      "ResponseHeaders": {
        "api-supported-versions": "2018-01-01",
        "Content-Length": "0",
        "Date": "Fri, 14 Jan 2022 02:20:18 GMT",
        "Server": "Microsoft-HTTPAPI/2.0",
        "Strict-Transport-Security": "max-age=31536000; includeSubDomains",
        "x-ms-request-id": "f57bd6e5-e2b6-48c9-81ca-e652e3da2f8e"
      },
      "ResponseBody": null
    }
  ],
  "Variables": {}
}
