interactions:
- request:
    body: null
    headers:
      Connection: [keep-alive]
      Content-Length: ['0']
      User-Agent: [Azure-Storage/0.36.0 (Python CPython 3.6.4; Linux 4.15.6-300.fc27.x86_64)]
      x-ms-date: ['Thu, 15 Mar 2018 23:49:55 GMT']
      x-ms-version: ['2017-04-17']
    method: PUT
    uri: https://psdke61f13ed.file.core.windows.net/share?restype=share
  response:
    body: {string: ''}
    headers:
      date: ['Thu, 15 Mar 2018 23:49:55 GMT']
      etag: ['"0x8D58ACF74620385"']
      last-modified: ['Thu, 15 Mar 2018 23:49:55 GMT']
      server: [Windows-Azure-File/1.0 Microsoft-HTTPAPI/2.0]
      transfer-encoding: [chunked]
      x-ms-version: ['2017-04-17']
    status: {code: 201, message: Created}
- request:
    body: '{"location": "westeurope", "properties": {"vmSize": "STANDARD_D1", "vmPriority":
      "lowpriority", "scaleSettings": {"manual": {"targetNodeCount": 1, "nodeDeallocationOption":
      "requeue"}}, "nodeSetup": {"mountVolumes": {"azureFileShares": [{"accountName":
      "psdke61f13ed", "azureFileUrl": "https://psdke61f13ed.file.core.windows.net/share",
      "credentials": {"accountKey": "N1MdAnzjxFs+h/gVRCB35XH3FR+zI2yN2Nd//84yVqLVeyR7eTDaaG4HbxET6Xa2gj/zTznZapuGU5x0hdBQxg=="},
      "relativeMountPath": "azfiles", "fileMode": "0777", "directoryMode": "0777"}]}},
      "userAccountSettings": {"adminUserName": "demoUser", "adminUserPassword": "Dem0Pa$$w0rd"}}}'
    headers:
      Accept: [application/json]
      Accept-Encoding: ['gzip, deflate']
      Connection: [keep-alive]
      Content-Length: ['632']
      Content-Type: [application/json; charset=utf-8]
      User-Agent: [python/3.6.4 (Linux-4.15.6-300.fc27.x86_64-x86_64-with-fedora-27-Twenty_Seven)
          requests/2.18.4 msrest/0.4.27 msrest_azure/0.4.22 azure-mgmt-batchai/1.0.0
          Azure-SDK-For-Python]
      accept-language: [en-US]
    method: PUT
    uri: https://management.azure.com/subscriptions/00000000-0000-0000-0000-000000000000/resourceGroups/test_mgmt_batchai_clusters_test_cluster_resizinge61f13ed/providers/Microsoft.BatchAI/clusters/clustere61f13ed?api-version=2018-03-01
  response:
    body: {string: ''}
    headers:
      azure-asyncoperation: ['https://management.azure.com/subscriptions/00000000-0000-0000-0000-000000000000/providers/Microsoft.BatchAI/locations/westeurope/operationresults/41823606-6819-4828-b8c4-6db910f71c4f?api-version=2018-03-01']
      cache-control: [no-cache]
      content-length: ['0']
      date: ['Thu, 15 Mar 2018 23:49:59 GMT']
      expires: ['-1']
      location: ['https://management.azure.com/subscriptions/00000000-0000-0000-0000-000000000000/providers/Microsoft.BatchAI/locations/westeurope/operationstatuses/41823606-6819-4828-b8c4-6db910f71c4f?api-version=2018-03-01']
      pragma: [no-cache]
      request-id: [d4bddb4e-9709-4f26-8ef5-79a8289c5ec4]
      server: [Microsoft-HTTPAPI/2.0]
      strict-transport-security: [max-age=31536000; includeSubDomains]
      x-content-type-options: [nosniff]
      x-ms-ratelimit-remaining-subscription-writes: ['1198']
    status: {code: 202, message: Accepted}
- request:
    body: null
    headers:
      Accept: [application/json]
      Accept-Encoding: ['gzip, deflate']
      Connection: [keep-alive]
      User-Agent: [python/3.6.4 (Linux-4.15.6-300.fc27.x86_64-x86_64-with-fedora-27-Twenty_Seven)
          requests/2.18.4 msrest/0.4.27 msrest_azure/0.4.22 azure-mgmt-batchai/1.0.0
          Azure-SDK-For-Python]
    method: GET
    uri: https://management.azure.com/subscriptions/00000000-0000-0000-0000-000000000000/providers/Microsoft.BatchAI/locations/westeurope/operationresults/41823606-6819-4828-b8c4-6db910f71c4f?api-version=2018-03-01
  response:
    body: {string: '{"id":"https://management.azure.com/subscriptions/00000000-0000-0000-0000-000000000000/providers/Microsoft.BatchAI/locations/westeurope/operationresults/41823606-6819-4828-b8c4-6db910f71c4f","name":"41823606-6819-4828-b8c4-6db910f71c4f","status":"Succeeded","startTime":"2018-03-15T23:49:58.981Z","endTime":"2018-03-15T23:49:59.575Z","properties":{"resourceId":"00000000-0000-0000-0000-000000000000$test_mgmt_batchai_clusters_test_cluster_resizinge61f13ed$clustere61f13ed"}}'}
    headers:
      cache-control: [no-cache]
      content-length: ['474']
      content-type: [application/json; charset=utf-8]
      date: ['Thu, 15 Mar 2018 23:50:15 GMT']
      expires: ['-1']
      pragma: [no-cache]
      request-id: [468904aa-c7e5-405a-895c-31ff28fd65a6]
      server: [Microsoft-HTTPAPI/2.0]
      strict-transport-security: [max-age=31536000; includeSubDomains]
      transfer-encoding: [chunked]
      vary: [Accept-Encoding]
      x-content-type-options: [nosniff]
    status: {code: 200, message: OK}
- request:
    body: null
    headers:
      Accept: [application/json]
      Accept-Encoding: ['gzip, deflate']
      Connection: [keep-alive]
      User-Agent: [python/3.6.4 (Linux-4.15.6-300.fc27.x86_64-x86_64-with-fedora-27-Twenty_Seven)
          requests/2.18.4 msrest/0.4.27 msrest_azure/0.4.22 azure-mgmt-batchai/1.0.0
          Azure-SDK-For-Python]
    method: GET
    uri: https://management.azure.com/subscriptions/00000000-0000-0000-0000-000000000000/resourceGroups/test_mgmt_batchai_clusters_test_cluster_resizinge61f13ed/providers/Microsoft.BatchAI/clusters/clustere61f13ed?api-version=2018-03-01
  response:
    body: {string: '{"id":"/subscriptions/00000000-0000-0000-0000-000000000000/resourceGroups/test_mgmt_batchai_clusters_test_cluster_resizinge61f13ed/providers/Microsoft.BatchAI/clusters/clustere61f13ed","name":"clustere61f13ed","type":"Microsoft.BatchAI/Clusters","location":"westeurope","properties":{"provisioningState":"succeeded","allocationState":"resizing","creationTime":"2018-03-15T23:49:58.966Z","allocationStateTransitionTime":"2018-03-15T23:49:58.966Z","provisioningStateTransitionTime":"2018-03-15T23:49:59.559Z","vmSize":"STANDARD_D1","currentNodeCount":0,"nodeStateCounts":{"runningNodeCount":0,"idleNodeCount":0,"unusableNodeCount":0,"preparingNodeCount":0,"leavingNodeCount":0},"vmPriority":"lowpriority","scaleSettings":{"manual":{"targetNodeCount":1,"nodeDeallocationOption":"requeue"}},"virtualMachineConfiguration":{"imageReference":{"publisher":"Canonical","offer":"UbuntuServer","sku":"16.04-LTS","version":"latest"}},"userAccountSettings":{"adminUserName":"demoUser"},"nodeSetup":{"mountVolumes":{"azureFileShares":[{"accountName":"psdke61f13ed","azureFileUrl":"https://psdke61f13ed.file.core.windows.net/share","credentials":{},"relativeMountPath":"azfiles","fileMode":"0777","directoryMode":"0777"}]}}}}'}
    headers:
      cache-control: [no-cache]
      content-length: ['1210']
      content-type: [application/json; charset=utf-8]
      date: ['Thu, 15 Mar 2018 23:50:16 GMT']
      etag: ['"0x8D58ACF76418067"']
      expires: ['-1']
      last-modified: ['Thu, 15 Mar 2018 23:49:58 GMT']
      pragma: [no-cache]
      request-id: [e827b372-ddb4-4512-a8fa-e8330ef3aa34]
      server: [Microsoft-HTTPAPI/2.0]
      strict-transport-security: [max-age=31536000; includeSubDomains]
      transfer-encoding: [chunked]
      vary: [Accept-Encoding]
      x-content-type-options: [nosniff]
    status: {code: 200, message: OK}
- request:
    body: null
    headers:
      Accept: [application/json]
      Accept-Encoding: ['gzip, deflate']
      Connection: [keep-alive]
      Content-Type: [application/json; charset=utf-8]
      User-Agent: [python/3.6.4 (Linux-4.15.6-300.fc27.x86_64-x86_64-with-fedora-27-Twenty_Seven)
          requests/2.18.4 msrest/0.4.27 msrest_azure/0.4.22 azure-mgmt-batchai/1.0.0
          Azure-SDK-For-Python]
      accept-language: [en-US]
    method: GET
    uri: https://management.azure.com/subscriptions/00000000-0000-0000-0000-000000000000/resourceGroups/test_mgmt_batchai_clusters_test_cluster_resizinge61f13ed/providers/Microsoft.BatchAI/clusters/clustere61f13ed?api-version=2018-03-01
  response:
    body: {string: '{"id":"/subscriptions/00000000-0000-0000-0000-000000000000/resourceGroups/test_mgmt_batchai_clusters_test_cluster_resizinge61f13ed/providers/Microsoft.BatchAI/clusters/clustere61f13ed","name":"clustere61f13ed","type":"Microsoft.BatchAI/Clusters","location":"westeurope","properties":{"provisioningState":"succeeded","allocationState":"resizing","creationTime":"2018-03-15T23:49:58.966Z","allocationStateTransitionTime":"2018-03-15T23:49:58.966Z","provisioningStateTransitionTime":"2018-03-15T23:49:59.559Z","vmSize":"STANDARD_D1","currentNodeCount":0,"nodeStateCounts":{"runningNodeCount":0,"idleNodeCount":0,"unusableNodeCount":0,"preparingNodeCount":0,"leavingNodeCount":0},"vmPriority":"lowpriority","scaleSettings":{"manual":{"targetNodeCount":1,"nodeDeallocationOption":"requeue"}},"virtualMachineConfiguration":{"imageReference":{"publisher":"Canonical","offer":"UbuntuServer","sku":"16.04-LTS","version":"latest"}},"userAccountSettings":{"adminUserName":"demoUser"},"nodeSetup":{"mountVolumes":{"azureFileShares":[{"accountName":"psdke61f13ed","azureFileUrl":"https://psdke61f13ed.file.core.windows.net/share","credentials":{},"relativeMountPath":"azfiles","fileMode":"0777","directoryMode":"0777"}]}}}}'}
    headers:
      cache-control: [no-cache]
      content-length: ['1210']
      content-type: [application/json; charset=utf-8]
      date: ['Thu, 15 Mar 2018 23:50:17 GMT']
      etag: ['"0x8D58ACF76418067"']
      expires: ['-1']
      last-modified: ['Thu, 15 Mar 2018 23:49:58 GMT']
      pragma: [no-cache]
      request-id: [a580ff87-ab1a-4699-9f77-2a73b2493cb3]
      server: [Microsoft-HTTPAPI/2.0]
      strict-transport-security: [max-age=31536000; includeSubDomains]
      transfer-encoding: [chunked]
      vary: [Accept-Encoding]
      x-content-type-options: [nosniff]
    status: {code: 200, message: OK}
- request:
    body: null
    headers:
      Accept: [application/json]
      Accept-Encoding: ['gzip, deflate']
      Connection: [keep-alive]
      Content-Type: [application/json; charset=utf-8]
      User-Agent: [python/3.6.4 (Linux-4.15.6-300.fc27.x86_64-x86_64-with-fedora-27-Twenty_Seven)
          requests/2.18.4 msrest/0.4.27 msrest_azure/0.4.22 azure-mgmt-batchai/1.0.0
          Azure-SDK-For-Python]
      accept-language: [en-US]
    method: GET
    uri: https://management.azure.com/subscriptions/00000000-0000-0000-0000-000000000000/resourceGroups/test_mgmt_batchai_clusters_test_cluster_resizinge61f13ed/providers/Microsoft.BatchAI/clusters/clustere61f13ed?api-version=2018-03-01
  response:
    body: {string: '{"id":"/subscriptions/00000000-0000-0000-0000-000000000000/resourceGroups/test_mgmt_batchai_clusters_test_cluster_resizinge61f13ed/providers/Microsoft.BatchAI/clusters/clustere61f13ed","name":"clustere61f13ed","type":"Microsoft.BatchAI/Clusters","location":"westeurope","properties":{"provisioningState":"succeeded","allocationState":"resizing","creationTime":"2018-03-15T23:49:58.966Z","allocationStateTransitionTime":"2018-03-15T23:49:58.966Z","provisioningStateTransitionTime":"2018-03-15T23:49:59.559Z","vmSize":"STANDARD_D1","currentNodeCount":0,"nodeStateCounts":{"runningNodeCount":0,"idleNodeCount":0,"unusableNodeCount":0,"preparingNodeCount":0,"leavingNodeCount":0},"vmPriority":"lowpriority","scaleSettings":{"manual":{"targetNodeCount":1,"nodeDeallocationOption":"requeue"}},"virtualMachineConfiguration":{"imageReference":{"publisher":"Canonical","offer":"UbuntuServer","sku":"16.04-LTS","version":"latest"}},"userAccountSettings":{"adminUserName":"demoUser"},"nodeSetup":{"mountVolumes":{"azureFileShares":[{"accountName":"psdke61f13ed","azureFileUrl":"https://psdke61f13ed.file.core.windows.net/share","credentials":{},"relativeMountPath":"azfiles","fileMode":"0777","directoryMode":"0777"}]}}}}'}
    headers:
      cache-control: [no-cache]
      content-length: ['1210']
      content-type: [application/json; charset=utf-8]
      date: ['Thu, 15 Mar 2018 23:50:37 GMT']
      etag: ['"0x8D58ACF76418067"']
      expires: ['-1']
      last-modified: ['Thu, 15 Mar 2018 23:49:58 GMT']
      pragma: [no-cache]
      request-id: [606c4076-666f-4f7c-8618-8d62a261628d]
      server: [Microsoft-HTTPAPI/2.0]
      strict-transport-security: [max-age=31536000; includeSubDomains]
      transfer-encoding: [chunked]
      vary: [Accept-Encoding]
      x-content-type-options: [nosniff]
    status: {code: 200, message: OK}
- request:
    body: null
    headers:
      Accept: [application/json]
      Accept-Encoding: ['gzip, deflate']
      Connection: [keep-alive]
      Content-Type: [application/json; charset=utf-8]
      User-Agent: [python/3.6.4 (Linux-4.15.6-300.fc27.x86_64-x86_64-with-fedora-27-Twenty_Seven)
          requests/2.18.4 msrest/0.4.27 msrest_azure/0.4.22 azure-mgmt-batchai/1.0.0
          Azure-SDK-For-Python]
      accept-language: [en-US]
    method: GET
    uri: https://management.azure.com/subscriptions/00000000-0000-0000-0000-000000000000/resourceGroups/test_mgmt_batchai_clusters_test_cluster_resizinge61f13ed/providers/Microsoft.BatchAI/clusters/clustere61f13ed?api-version=2018-03-01
  response:
    body: {string: '{"id":"/subscriptions/00000000-0000-0000-0000-000000000000/resourceGroups/test_mgmt_batchai_clusters_test_cluster_resizinge61f13ed/providers/Microsoft.BatchAI/clusters/clustere61f13ed","name":"clustere61f13ed","type":"Microsoft.BatchAI/Clusters","location":"westeurope","properties":{"provisioningState":"succeeded","allocationState":"resizing","creationTime":"2018-03-15T23:49:58.966Z","allocationStateTransitionTime":"2018-03-15T23:49:58.966Z","provisioningStateTransitionTime":"2018-03-15T23:49:59.559Z","vmSize":"STANDARD_D1","currentNodeCount":0,"nodeStateCounts":{"runningNodeCount":0,"idleNodeCount":0,"unusableNodeCount":0,"preparingNodeCount":0,"leavingNodeCount":0},"vmPriority":"lowpriority","scaleSettings":{"manual":{"targetNodeCount":1,"nodeDeallocationOption":"requeue"}},"virtualMachineConfiguration":{"imageReference":{"publisher":"Canonical","offer":"UbuntuServer","sku":"16.04-LTS","version":"latest"}},"userAccountSettings":{"adminUserName":"demoUser"},"nodeSetup":{"mountVolumes":{"azureFileShares":[{"accountName":"psdke61f13ed","azureFileUrl":"https://psdke61f13ed.file.core.windows.net/share","credentials":{},"relativeMountPath":"azfiles","fileMode":"0777","directoryMode":"0777"}]}}}}'}
    headers:
      cache-control: [no-cache]
      content-length: ['1210']
      content-type: [application/json; charset=utf-8]
      date: ['Thu, 15 Mar 2018 23:50:59 GMT']
      etag: ['"0x8D58ACF76418067"']
      expires: ['-1']
      last-modified: ['Thu, 15 Mar 2018 23:49:58 GMT']
      pragma: [no-cache]
      request-id: [cdeeb0d9-4dce-44c1-9dc6-80ec4504c5e7]
      server: [Microsoft-HTTPAPI/2.0]
      strict-transport-security: [max-age=31536000; includeSubDomains]
      transfer-encoding: [chunked]
      vary: [Accept-Encoding]
      x-content-type-options: [nosniff]
    status: {code: 200, message: OK}
- request:
    body: null
    headers:
      Accept: [application/json]
      Accept-Encoding: ['gzip, deflate']
      Connection: [keep-alive]
      Content-Type: [application/json; charset=utf-8]
      User-Agent: [python/3.6.4 (Linux-4.15.6-300.fc27.x86_64-x86_64-with-fedora-27-Twenty_Seven)
          requests/2.18.4 msrest/0.4.27 msrest_azure/0.4.22 azure-mgmt-batchai/1.0.0
          Azure-SDK-For-Python]
      accept-language: [en-US]
    method: GET
    uri: https://management.azure.com/subscriptions/00000000-0000-0000-0000-000000000000/resourceGroups/test_mgmt_batchai_clusters_test_cluster_resizinge61f13ed/providers/Microsoft.BatchAI/clusters/clustere61f13ed?api-version=2018-03-01
  response:
    body: {string: '{"id":"/subscriptions/00000000-0000-0000-0000-000000000000/resourceGroups/test_mgmt_batchai_clusters_test_cluster_resizinge61f13ed/providers/Microsoft.BatchAI/clusters/clustere61f13ed","name":"clustere61f13ed","type":"Microsoft.BatchAI/Clusters","location":"westeurope","properties":{"provisioningState":"succeeded","allocationState":"steady","creationTime":"2018-03-15T23:49:58.966Z","allocationStateTransitionTime":"2018-03-15T23:51:19.567Z","provisioningStateTransitionTime":"2018-03-15T23:49:59.559Z","vmSize":"STANDARD_D1","currentNodeCount":1,"nodeStateCounts":{"runningNodeCount":0,"idleNodeCount":0,"unusableNodeCount":0,"preparingNodeCount":1,"leavingNodeCount":0},"vmPriority":"lowpriority","scaleSettings":{"manual":{"targetNodeCount":1,"nodeDeallocationOption":"requeue"}},"virtualMachineConfiguration":{"imageReference":{"publisher":"Canonical","offer":"UbuntuServer","sku":"16.04-LTS","version":"latest"}},"userAccountSettings":{"adminUserName":"demoUser"},"nodeSetup":{"mountVolumes":{"azureFileShares":[{"accountName":"psdke61f13ed","azureFileUrl":"https://psdke61f13ed.file.core.windows.net/share","credentials":{},"relativeMountPath":"azfiles","fileMode":"0777","directoryMode":"0777"}]}}}}'}
    headers:
      cache-control: [no-cache]
      content-length: ['1208']
      content-type: [application/json; charset=utf-8]
      date: ['Thu, 15 Mar 2018 23:51:21 GMT']
      etag: ['"0x8D58ACF76418067"']
      expires: ['-1']
      last-modified: ['Thu, 15 Mar 2018 23:49:58 GMT']
      pragma: [no-cache]
      request-id: [5f089092-db0e-46b7-8fe0-eb9471349aba]
      server: [Microsoft-HTTPAPI/2.0]
      strict-transport-security: [max-age=31536000; includeSubDomains]
      transfer-encoding: [chunked]
      vary: [Accept-Encoding]
      x-content-type-options: [nosniff]
    status: {code: 200, message: OK}
- request:
    body: null
    headers:
      Accept: [application/json]
      Accept-Encoding: ['gzip, deflate']
      Connection: [keep-alive]
      Content-Type: [application/json; charset=utf-8]
      User-Agent: [python/3.6.4 (Linux-4.15.6-300.fc27.x86_64-x86_64-with-fedora-27-Twenty_Seven)
          requests/2.18.4 msrest/0.4.27 msrest_azure/0.4.22 azure-mgmt-batchai/1.0.0
          Azure-SDK-For-Python]
      accept-language: [en-US]
    method: GET
    uri: https://management.azure.com/subscriptions/00000000-0000-0000-0000-000000000000/resourceGroups/test_mgmt_batchai_clusters_test_cluster_resizinge61f13ed/providers/Microsoft.BatchAI/clusters/clustere61f13ed?api-version=2018-03-01
  response:
    body: {string: '{"id":"/subscriptions/00000000-0000-0000-0000-000000000000/resourceGroups/test_mgmt_batchai_clusters_test_cluster_resizinge61f13ed/providers/Microsoft.BatchAI/clusters/clustere61f13ed","name":"clustere61f13ed","type":"Microsoft.BatchAI/Clusters","location":"westeurope","properties":{"provisioningState":"succeeded","allocationState":"steady","creationTime":"2018-03-15T23:49:58.966Z","allocationStateTransitionTime":"2018-03-15T23:51:19.567Z","provisioningStateTransitionTime":"2018-03-15T23:49:59.559Z","vmSize":"STANDARD_D1","currentNodeCount":1,"nodeStateCounts":{"runningNodeCount":0,"idleNodeCount":0,"unusableNodeCount":0,"preparingNodeCount":1,"leavingNodeCount":0},"vmPriority":"lowpriority","scaleSettings":{"manual":{"targetNodeCount":1,"nodeDeallocationOption":"requeue"}},"virtualMachineConfiguration":{"imageReference":{"publisher":"Canonical","offer":"UbuntuServer","sku":"16.04-LTS","version":"latest"}},"userAccountSettings":{"adminUserName":"demoUser"},"nodeSetup":{"mountVolumes":{"azureFileShares":[{"accountName":"psdke61f13ed","azureFileUrl":"https://psdke61f13ed.file.core.windows.net/share","credentials":{},"relativeMountPath":"azfiles","fileMode":"0777","directoryMode":"0777"}]}}}}'}
    headers:
      cache-control: [no-cache]
      content-length: ['1208']
      content-type: [application/json; charset=utf-8]
      date: ['Thu, 15 Mar 2018 23:51:42 GMT']
      etag: ['"0x8D58ACF76418067"']
      expires: ['-1']
      last-modified: ['Thu, 15 Mar 2018 23:49:58 GMT']
      pragma: [no-cache]
      request-id: [f0f6d19c-9d84-43cf-ad2f-9ff47e5a5204]
      server: [Microsoft-HTTPAPI/2.0]
      strict-transport-security: [max-age=31536000; includeSubDomains]
      transfer-encoding: [chunked]
      vary: [Accept-Encoding]
      x-content-type-options: [nosniff]
    status: {code: 200, message: OK}
- request:
    body: null
    headers:
      Accept: [application/json]
      Accept-Encoding: ['gzip, deflate']
      Connection: [keep-alive]
      Content-Type: [application/json; charset=utf-8]
      User-Agent: [python/3.6.4 (Linux-4.15.6-300.fc27.x86_64-x86_64-with-fedora-27-Twenty_Seven)
          requests/2.18.4 msrest/0.4.27 msrest_azure/0.4.22 azure-mgmt-batchai/1.0.0
          Azure-SDK-For-Python]
      accept-language: [en-US]
    method: GET
    uri: https://management.azure.com/subscriptions/00000000-0000-0000-0000-000000000000/resourceGroups/test_mgmt_batchai_clusters_test_cluster_resizinge61f13ed/providers/Microsoft.BatchAI/clusters/clustere61f13ed?api-version=2018-03-01
  response:
    body: {string: '{"id":"/subscriptions/00000000-0000-0000-0000-000000000000/resourceGroups/test_mgmt_batchai_clusters_test_cluster_resizinge61f13ed/providers/Microsoft.BatchAI/clusters/clustere61f13ed","name":"clustere61f13ed","type":"Microsoft.BatchAI/Clusters","location":"westeurope","properties":{"provisioningState":"succeeded","allocationState":"steady","creationTime":"2018-03-15T23:49:58.966Z","allocationStateTransitionTime":"2018-03-15T23:51:19.567Z","provisioningStateTransitionTime":"2018-03-15T23:49:59.559Z","vmSize":"STANDARD_D1","currentNodeCount":1,"nodeStateCounts":{"runningNodeCount":0,"idleNodeCount":0,"unusableNodeCount":0,"preparingNodeCount":1,"leavingNodeCount":0},"vmPriority":"lowpriority","scaleSettings":{"manual":{"targetNodeCount":1,"nodeDeallocationOption":"requeue"}},"virtualMachineConfiguration":{"imageReference":{"publisher":"Canonical","offer":"UbuntuServer","sku":"16.04-LTS","version":"latest"}},"userAccountSettings":{"adminUserName":"demoUser"},"nodeSetup":{"mountVolumes":{"azureFileShares":[{"accountName":"psdke61f13ed","azureFileUrl":"https://psdke61f13ed.file.core.windows.net/share","credentials":{},"relativeMountPath":"azfiles","fileMode":"0777","directoryMode":"0777"}]}}}}'}
    headers:
      cache-control: [no-cache]
      content-length: ['1208']
      content-type: [application/json; charset=utf-8]
      date: ['Thu, 15 Mar 2018 23:52:03 GMT']
      etag: ['"0x8D58ACF76418067"']
      expires: ['-1']
      last-modified: ['Thu, 15 Mar 2018 23:49:58 GMT']
      pragma: [no-cache]
      request-id: [735ff8c0-28d6-4aa6-8565-5b2e5612449e]
      server: [Microsoft-HTTPAPI/2.0]
      strict-transport-security: [max-age=31536000; includeSubDomains]
      transfer-encoding: [chunked]
      vary: [Accept-Encoding]
      x-content-type-options: [nosniff]
    status: {code: 200, message: OK}
- request:
    body: null
    headers:
      Accept: [application/json]
      Accept-Encoding: ['gzip, deflate']
      Connection: [keep-alive]
      Content-Type: [application/json; charset=utf-8]
      User-Agent: [python/3.6.4 (Linux-4.15.6-300.fc27.x86_64-x86_64-with-fedora-27-Twenty_Seven)
          requests/2.18.4 msrest/0.4.27 msrest_azure/0.4.22 azure-mgmt-batchai/1.0.0
          Azure-SDK-For-Python]
      accept-language: [en-US]
    method: GET
    uri: https://management.azure.com/subscriptions/00000000-0000-0000-0000-000000000000/resourceGroups/test_mgmt_batchai_clusters_test_cluster_resizinge61f13ed/providers/Microsoft.BatchAI/clusters/clustere61f13ed?api-version=2018-03-01
  response:
    body: {string: '{"id":"/subscriptions/00000000-0000-0000-0000-000000000000/resourceGroups/test_mgmt_batchai_clusters_test_cluster_resizinge61f13ed/providers/Microsoft.BatchAI/clusters/clustere61f13ed","name":"clustere61f13ed","type":"Microsoft.BatchAI/Clusters","location":"westeurope","properties":{"provisioningState":"succeeded","allocationState":"steady","creationTime":"2018-03-15T23:49:58.966Z","allocationStateTransitionTime":"2018-03-15T23:51:19.567Z","provisioningStateTransitionTime":"2018-03-15T23:49:59.559Z","vmSize":"STANDARD_D1","currentNodeCount":1,"nodeStateCounts":{"runningNodeCount":0,"idleNodeCount":0,"unusableNodeCount":0,"preparingNodeCount":1,"leavingNodeCount":0},"vmPriority":"lowpriority","scaleSettings":{"manual":{"targetNodeCount":1,"nodeDeallocationOption":"requeue"}},"virtualMachineConfiguration":{"imageReference":{"publisher":"Canonical","offer":"UbuntuServer","sku":"16.04-LTS","version":"latest"}},"userAccountSettings":{"adminUserName":"demoUser"},"nodeSetup":{"mountVolumes":{"azureFileShares":[{"accountName":"psdke61f13ed","azureFileUrl":"https://psdke61f13ed.file.core.windows.net/share","credentials":{},"relativeMountPath":"azfiles","fileMode":"0777","directoryMode":"0777"}]}}}}'}
    headers:
      cache-control: [no-cache]
      content-length: ['1208']
      content-type: [application/json; charset=utf-8]
      date: ['Thu, 15 Mar 2018 23:52:25 GMT']
      etag: ['"0x8D58ACF76418067"']
      expires: ['-1']
      last-modified: ['Thu, 15 Mar 2018 23:49:58 GMT']
      pragma: [no-cache]
      request-id: [0d38da28-333c-4ee8-990e-8464767a3935]
      server: [Microsoft-HTTPAPI/2.0]
      strict-transport-security: [max-age=31536000; includeSubDomains]
      transfer-encoding: [chunked]
      vary: [Accept-Encoding]
      x-content-type-options: [nosniff]
    status: {code: 200, message: OK}
- request:
    body: null
    headers:
      Accept: [application/json]
      Accept-Encoding: ['gzip, deflate']
      Connection: [keep-alive]
      Content-Type: [application/json; charset=utf-8]
      User-Agent: [python/3.6.4 (Linux-4.15.6-300.fc27.x86_64-x86_64-with-fedora-27-Twenty_Seven)
          requests/2.18.4 msrest/0.4.27 msrest_azure/0.4.22 azure-mgmt-batchai/1.0.0
          Azure-SDK-For-Python]
      accept-language: [en-US]
    method: GET
    uri: https://management.azure.com/subscriptions/00000000-0000-0000-0000-000000000000/resourceGroups/test_mgmt_batchai_clusters_test_cluster_resizinge61f13ed/providers/Microsoft.BatchAI/clusters/clustere61f13ed?api-version=2018-03-01
  response:
    body: {string: '{"id":"/subscriptions/00000000-0000-0000-0000-000000000000/resourceGroups/test_mgmt_batchai_clusters_test_cluster_resizinge61f13ed/providers/Microsoft.BatchAI/clusters/clustere61f13ed","name":"clustere61f13ed","type":"Microsoft.BatchAI/Clusters","location":"westeurope","properties":{"provisioningState":"succeeded","allocationState":"steady","creationTime":"2018-03-15T23:49:58.966Z","allocationStateTransitionTime":"2018-03-15T23:51:19.567Z","provisioningStateTransitionTime":"2018-03-15T23:49:59.559Z","vmSize":"STANDARD_D1","currentNodeCount":1,"nodeStateCounts":{"runningNodeCount":0,"idleNodeCount":0,"unusableNodeCount":0,"preparingNodeCount":1,"leavingNodeCount":0},"vmPriority":"lowpriority","scaleSettings":{"manual":{"targetNodeCount":1,"nodeDeallocationOption":"requeue"}},"virtualMachineConfiguration":{"imageReference":{"publisher":"Canonical","offer":"UbuntuServer","sku":"16.04-LTS","version":"latest"}},"userAccountSettings":{"adminUserName":"demoUser"},"nodeSetup":{"mountVolumes":{"azureFileShares":[{"accountName":"psdke61f13ed","azureFileUrl":"https://psdke61f13ed.file.core.windows.net/share","credentials":{},"relativeMountPath":"azfiles","fileMode":"0777","directoryMode":"0777"}]}}}}'}
    headers:
      cache-control: [no-cache]
      content-length: ['1208']
      content-type: [application/json; charset=utf-8]
      date: ['Thu, 15 Mar 2018 23:52:47 GMT']
      etag: ['"0x8D58ACF76418067"']
      expires: ['-1']
      last-modified: ['Thu, 15 Mar 2018 23:49:58 GMT']
      pragma: [no-cache]
      request-id: [a8c21a98-e3ba-43e5-bcef-4104b513f96e]
      server: [Microsoft-HTTPAPI/2.0]
      strict-transport-security: [max-age=31536000; includeSubDomains]
      transfer-encoding: [chunked]
      vary: [Accept-Encoding]
      x-content-type-options: [nosniff]
    status: {code: 200, message: OK}
- request:
    body: null
    headers:
      Accept: [application/json]
      Accept-Encoding: ['gzip, deflate']
      Connection: [keep-alive]
      Content-Type: [application/json; charset=utf-8]
      User-Agent: [python/3.6.4 (Linux-4.15.6-300.fc27.x86_64-x86_64-with-fedora-27-Twenty_Seven)
          requests/2.18.4 msrest/0.4.27 msrest_azure/0.4.22 azure-mgmt-batchai/1.0.0
          Azure-SDK-For-Python]
      accept-language: [en-US]
    method: GET
    uri: https://management.azure.com/subscriptions/00000000-0000-0000-0000-000000000000/resourceGroups/test_mgmt_batchai_clusters_test_cluster_resizinge61f13ed/providers/Microsoft.BatchAI/clusters/clustere61f13ed?api-version=2018-03-01
  response:
    body: {string: '{"id":"/subscriptions/00000000-0000-0000-0000-000000000000/resourceGroups/test_mgmt_batchai_clusters_test_cluster_resizinge61f13ed/providers/Microsoft.BatchAI/clusters/clustere61f13ed","name":"clustere61f13ed","type":"Microsoft.BatchAI/Clusters","location":"westeurope","properties":{"provisioningState":"succeeded","allocationState":"steady","creationTime":"2018-03-15T23:49:58.966Z","allocationStateTransitionTime":"2018-03-15T23:51:19.567Z","provisioningStateTransitionTime":"2018-03-15T23:49:59.559Z","vmSize":"STANDARD_D1","currentNodeCount":1,"nodeStateCounts":{"runningNodeCount":0,"idleNodeCount":0,"unusableNodeCount":0,"preparingNodeCount":1,"leavingNodeCount":0},"vmPriority":"lowpriority","scaleSettings":{"manual":{"targetNodeCount":1,"nodeDeallocationOption":"requeue"}},"virtualMachineConfiguration":{"imageReference":{"publisher":"Canonical","offer":"UbuntuServer","sku":"16.04-LTS","version":"latest"}},"userAccountSettings":{"adminUserName":"demoUser"},"nodeSetup":{"mountVolumes":{"azureFileShares":[{"accountName":"psdke61f13ed","azureFileUrl":"https://psdke61f13ed.file.core.windows.net/share","credentials":{},"relativeMountPath":"azfiles","fileMode":"0777","directoryMode":"0777"}]}}}}'}
    headers:
      cache-control: [no-cache]
      content-length: ['1208']
      content-type: [application/json; charset=utf-8]
      date: ['Thu, 15 Mar 2018 23:53:07 GMT']
      etag: ['"0x8D58ACF76418067"']
      expires: ['-1']
      last-modified: ['Thu, 15 Mar 2018 23:49:58 GMT']
      pragma: [no-cache]
      request-id: [9eaaaabd-7acd-4a51-ab16-1824d0d0bb4a]
      server: [Microsoft-HTTPAPI/2.0]
      strict-transport-security: [max-age=31536000; includeSubDomains]
      transfer-encoding: [chunked]
      vary: [Accept-Encoding]
      x-content-type-options: [nosniff]
    status: {code: 200, message: OK}
- request:
    body: null
    headers:
      Accept: [application/json]
      Accept-Encoding: ['gzip, deflate']
      Connection: [keep-alive]
      Content-Type: [application/json; charset=utf-8]
      User-Agent: [python/3.6.4 (Linux-4.15.6-300.fc27.x86_64-x86_64-with-fedora-27-Twenty_Seven)
          requests/2.18.4 msrest/0.4.27 msrest_azure/0.4.22 azure-mgmt-batchai/1.0.0
          Azure-SDK-For-Python]
      accept-language: [en-US]
    method: GET
    uri: https://management.azure.com/subscriptions/00000000-0000-0000-0000-000000000000/resourceGroups/test_mgmt_batchai_clusters_test_cluster_resizinge61f13ed/providers/Microsoft.BatchAI/clusters/clustere61f13ed?api-version=2018-03-01
  response:
    body: {string: '{"id":"/subscriptions/00000000-0000-0000-0000-000000000000/resourceGroups/test_mgmt_batchai_clusters_test_cluster_resizinge61f13ed/providers/Microsoft.BatchAI/clusters/clustere61f13ed","name":"clustere61f13ed","type":"Microsoft.BatchAI/Clusters","location":"westeurope","properties":{"provisioningState":"succeeded","allocationState":"steady","creationTime":"2018-03-15T23:49:58.966Z","allocationStateTransitionTime":"2018-03-15T23:51:19.567Z","provisioningStateTransitionTime":"2018-03-15T23:49:59.559Z","vmSize":"STANDARD_D1","currentNodeCount":1,"nodeStateCounts":{"runningNodeCount":0,"idleNodeCount":0,"unusableNodeCount":0,"preparingNodeCount":1,"leavingNodeCount":0},"vmPriority":"lowpriority","scaleSettings":{"manual":{"targetNodeCount":1,"nodeDeallocationOption":"requeue"}},"virtualMachineConfiguration":{"imageReference":{"publisher":"Canonical","offer":"UbuntuServer","sku":"16.04-LTS","version":"latest"}},"userAccountSettings":{"adminUserName":"demoUser"},"nodeSetup":{"mountVolumes":{"azureFileShares":[{"accountName":"psdke61f13ed","azureFileUrl":"https://psdke61f13ed.file.core.windows.net/share","credentials":{},"relativeMountPath":"azfiles","fileMode":"0777","directoryMode":"0777"}]}}}}'}
    headers:
      cache-control: [no-cache]
      content-length: ['1208']
      content-type: [application/json; charset=utf-8]
      date: ['Thu, 15 Mar 2018 23:53:29 GMT']
      etag: ['"0x8D58ACF76418067"']
      expires: ['-1']
      last-modified: ['Thu, 15 Mar 2018 23:49:58 GMT']
      pragma: [no-cache]
      request-id: [03f8132c-130f-4af4-98d0-11543ab32d52]
      server: [Microsoft-HTTPAPI/2.0]
      strict-transport-security: [max-age=31536000; includeSubDomains]
      transfer-encoding: [chunked]
      vary: [Accept-Encoding]
      x-content-type-options: [nosniff]
    status: {code: 200, message: OK}
- request:
    body: null
    headers:
      Accept: [application/json]
      Accept-Encoding: ['gzip, deflate']
      Connection: [keep-alive]
      Content-Type: [application/json; charset=utf-8]
      User-Agent: [python/3.6.4 (Linux-4.15.6-300.fc27.x86_64-x86_64-with-fedora-27-Twenty_Seven)
          requests/2.18.4 msrest/0.4.27 msrest_azure/0.4.22 azure-mgmt-batchai/1.0.0
          Azure-SDK-For-Python]
      accept-language: [en-US]
    method: GET
    uri: https://management.azure.com/subscriptions/00000000-0000-0000-0000-000000000000/resourceGroups/test_mgmt_batchai_clusters_test_cluster_resizinge61f13ed/providers/Microsoft.BatchAI/clusters/clustere61f13ed?api-version=2018-03-01
  response:
    body: {string: '{"id":"/subscriptions/00000000-0000-0000-0000-000000000000/resourceGroups/test_mgmt_batchai_clusters_test_cluster_resizinge61f13ed/providers/Microsoft.BatchAI/clusters/clustere61f13ed","name":"clustere61f13ed","type":"Microsoft.BatchAI/Clusters","location":"westeurope","properties":{"provisioningState":"succeeded","allocationState":"steady","creationTime":"2018-03-15T23:49:58.966Z","allocationStateTransitionTime":"2018-03-15T23:51:19.567Z","provisioningStateTransitionTime":"2018-03-15T23:49:59.559Z","vmSize":"STANDARD_D1","currentNodeCount":1,"nodeStateCounts":{"runningNodeCount":0,"idleNodeCount":0,"unusableNodeCount":0,"preparingNodeCount":1,"leavingNodeCount":0},"vmPriority":"lowpriority","scaleSettings":{"manual":{"targetNodeCount":1,"nodeDeallocationOption":"requeue"}},"virtualMachineConfiguration":{"imageReference":{"publisher":"Canonical","offer":"UbuntuServer","sku":"16.04-LTS","version":"latest"}},"userAccountSettings":{"adminUserName":"demoUser"},"nodeSetup":{"mountVolumes":{"azureFileShares":[{"accountName":"psdke61f13ed","azureFileUrl":"https://psdke61f13ed.file.core.windows.net/share","credentials":{},"relativeMountPath":"azfiles","fileMode":"0777","directoryMode":"0777"}]}}}}'}
    headers:
      cache-control: [no-cache]
      content-length: ['1208']
      content-type: [application/json; charset=utf-8]
      date: ['Thu, 15 Mar 2018 23:53:50 GMT']
      etag: ['"0x8D58ACF76418067"']
      expires: ['-1']
      last-modified: ['Thu, 15 Mar 2018 23:49:58 GMT']
      pragma: [no-cache]
      request-id: [6e9795d5-2433-49c5-8a0d-ee647bace093]
      server: [Microsoft-HTTPAPI/2.0]
      strict-transport-security: [max-age=31536000; includeSubDomains]
      transfer-encoding: [chunked]
      vary: [Accept-Encoding]
      x-content-type-options: [nosniff]
    status: {code: 200, message: OK}
- request:
    body: null
    headers:
      Accept: [application/json]
      Accept-Encoding: ['gzip, deflate']
      Connection: [keep-alive]
      Content-Type: [application/json; charset=utf-8]
      User-Agent: [python/3.6.4 (Linux-4.15.6-300.fc27.x86_64-x86_64-with-fedora-27-Twenty_Seven)
          requests/2.18.4 msrest/0.4.27 msrest_azure/0.4.22 azure-mgmt-batchai/1.0.0
          Azure-SDK-For-Python]
      accept-language: [en-US]
    method: GET
    uri: https://management.azure.com/subscriptions/00000000-0000-0000-0000-000000000000/resourceGroups/test_mgmt_batchai_clusters_test_cluster_resizinge61f13ed/providers/Microsoft.BatchAI/clusters/clustere61f13ed?api-version=2018-03-01
  response:
    body: {string: '{"id":"/subscriptions/00000000-0000-0000-0000-000000000000/resourceGroups/test_mgmt_batchai_clusters_test_cluster_resizinge61f13ed/providers/Microsoft.BatchAI/clusters/clustere61f13ed","name":"clustere61f13ed","type":"Microsoft.BatchAI/Clusters","location":"westeurope","properties":{"provisioningState":"succeeded","allocationState":"steady","creationTime":"2018-03-15T23:49:58.966Z","allocationStateTransitionTime":"2018-03-15T23:51:19.567Z","provisioningStateTransitionTime":"2018-03-15T23:49:59.559Z","vmSize":"STANDARD_D1","currentNodeCount":1,"nodeStateCounts":{"runningNodeCount":0,"idleNodeCount":1,"unusableNodeCount":0,"preparingNodeCount":0,"leavingNodeCount":0},"vmPriority":"lowpriority","scaleSettings":{"manual":{"targetNodeCount":1,"nodeDeallocationOption":"requeue"}},"virtualMachineConfiguration":{"imageReference":{"publisher":"Canonical","offer":"UbuntuServer","sku":"16.04-LTS","version":"latest"}},"userAccountSettings":{"adminUserName":"demoUser"},"nodeSetup":{"mountVolumes":{"azureFileShares":[{"accountName":"psdke61f13ed","azureFileUrl":"https://psdke61f13ed.file.core.windows.net/share","credentials":{},"relativeMountPath":"azfiles","fileMode":"0777","directoryMode":"0777"}]}}}}'}
    headers:
      cache-control: [no-cache]
      content-length: ['1208']
      content-type: [application/json; charset=utf-8]
      date: ['Thu, 15 Mar 2018 23:54:12 GMT']
      etag: ['"0x8D58ACF76418067"']
      expires: ['-1']
      last-modified: ['Thu, 15 Mar 2018 23:49:58 GMT']
      pragma: [no-cache]
      request-id: [b3fa86c8-4ad3-473e-9e2b-bfa10905300f]
      server: [Microsoft-HTTPAPI/2.0]
      strict-transport-security: [max-age=31536000; includeSubDomains]
      transfer-encoding: [chunked]
      vary: [Accept-Encoding]
      x-content-type-options: [nosniff]
    status: {code: 200, message: OK}
- request:
    body: null
    headers:
      Accept: [application/json]
      Accept-Encoding: ['gzip, deflate']
      Connection: [keep-alive]
      Content-Length: ['0']
      Content-Type: [application/json; charset=utf-8]
      User-Agent: [python/3.6.4 (Linux-4.15.6-300.fc27.x86_64-x86_64-with-fedora-27-Twenty_Seven)
          requests/2.18.4 msrest/0.4.27 msrest_azure/0.4.22 azure-mgmt-batchai/1.0.0
          Azure-SDK-For-Python]
      accept-language: [en-US]
    method: POST
    uri: https://management.azure.com/subscriptions/00000000-0000-0000-0000-000000000000/resourceGroups/test_mgmt_batchai_clusters_test_cluster_resizinge61f13ed/providers/Microsoft.BatchAI/clusters/clustere61f13ed/listRemoteLoginInformation?api-version=2018-03-01
  response:
    body: {string: '{"value":[{"nodeId":"tvm-2346434939_1-20180315t235118z-p","ipAddress":"52.178.69.93","port":50000}]}'}
    headers:
      cache-control: [no-cache]
      content-length: ['100']
      content-type: [application/json; charset=utf-8]
      date: ['Thu, 15 Mar 2018 23:54:13 GMT']
      expires: ['-1']
      pragma: [no-cache]
      request-id: [7c39742a-01e4-4dab-89c8-ea3f530efbe1]
      server: [Microsoft-HTTPAPI/2.0]
      strict-transport-security: [max-age=31536000; includeSubDomains]
      transfer-encoding: [chunked]
      vary: [Accept-Encoding]
      x-content-type-options: [nosniff]
    status: {code: 200, message: OK}
- request:
    body: '{"properties": {"scaleSettings": {"manual": {"targetNodeCount": 0, "nodeDeallocationOption":
      "requeue"}}}}'
    headers:
      Accept: [application/json]
      Accept-Encoding: ['gzip, deflate']
      Connection: [keep-alive]
      Content-Length: ['106']
      Content-Type: [application/json; charset=utf-8]
      User-Agent: [python/3.6.4 (Linux-4.15.6-300.fc27.x86_64-x86_64-with-fedora-27-Twenty_Seven)
          requests/2.18.4 msrest/0.4.27 msrest_azure/0.4.22 azure-mgmt-batchai/1.0.0
          Azure-SDK-For-Python]
      accept-language: [en-US]
    method: PATCH
    uri: https://management.azure.com/subscriptions/00000000-0000-0000-0000-000000000000/resourceGroups/test_mgmt_batchai_clusters_test_cluster_resizinge61f13ed/providers/Microsoft.BatchAI/clusters/clustere61f13ed?api-version=2018-03-01
  response:
    body: {string: '{"id":"/subscriptions/00000000-0000-0000-0000-000000000000/resourceGroups/test_mgmt_batchai_clusters_test_cluster_resizinge61f13ed/providers/Microsoft.BatchAI/clusters/clustere61f13ed","name":"clustere61f13ed","type":"Microsoft.BatchAI/Clusters","location":"westeurope","properties":{"provisioningState":"succeeded","allocationState":"steady","creationTime":"2018-03-15T23:49:58.966Z","allocationStateTransitionTime":"2018-03-15T23:51:19.567Z","provisioningStateTransitionTime":"2018-03-15T23:49:59.559Z","vmSize":"STANDARD_D1","currentNodeCount":1,"nodeStateCounts":{"runningNodeCount":0,"idleNodeCount":1,"unusableNodeCount":0,"preparingNodeCount":0,"leavingNodeCount":0},"vmPriority":"lowpriority","scaleSettings":{"manual":{"targetNodeCount":0,"nodeDeallocationOption":"requeue"}},"virtualMachineConfiguration":{"imageReference":{"publisher":"Canonical","offer":"UbuntuServer","sku":"16.04-LTS","version":"latest"}},"userAccountSettings":{"adminUserName":"demoUser"},"nodeSetup":{"mountVolumes":{"azureFileShares":[{"accountName":"psdke61f13ed","azureFileUrl":"https://psdke61f13ed.file.core.windows.net/share","credentials":{},"relativeMountPath":"azfiles","fileMode":"0777","directoryMode":"0777"}]}}}}'}
    headers:
      cache-control: [no-cache]
      content-length: ['1208']
      content-type: [application/json; charset=utf-8]
      date: ['Thu, 15 Mar 2018 23:54:15 GMT']
      etag: ['"0x8D58AD00F589631"']
      expires: ['-1']
      last-modified: ['Thu, 15 Mar 2018 23:54:15 GMT']
      pragma: [no-cache]
      request-id: [840f96e9-3826-4136-bcc3-3cfccf3309a9]
      server: [Microsoft-HTTPAPI/2.0]
      strict-transport-security: [max-age=31536000; includeSubDomains]
      transfer-encoding: [chunked]
      vary: [Accept-Encoding]
      x-content-type-options: [nosniff]
      x-ms-ratelimit-remaining-subscription-writes: ['1199']
    status: {code: 200, message: OK}
- request:
    body: null
    headers:
      Accept: [application/json]
      Accept-Encoding: ['gzip, deflate']
      Connection: [keep-alive]
      Content-Type: [application/json; charset=utf-8]
      User-Agent: [python/3.6.4 (Linux-4.15.6-300.fc27.x86_64-x86_64-with-fedora-27-Twenty_Seven)
          requests/2.18.4 msrest/0.4.27 msrest_azure/0.4.22 azure-mgmt-batchai/1.0.0
          Azure-SDK-For-Python]
      accept-language: [en-US]
    method: GET
    uri: https://management.azure.com/subscriptions/00000000-0000-0000-0000-000000000000/resourceGroups/test_mgmt_batchai_clusters_test_cluster_resizinge61f13ed/providers/Microsoft.BatchAI/clusters/clustere61f13ed?api-version=2018-03-01
  response:
    body: {string: '{"id":"/subscriptions/00000000-0000-0000-0000-000000000000/resourceGroups/test_mgmt_batchai_clusters_test_cluster_resizinge61f13ed/providers/Microsoft.BatchAI/clusters/clustere61f13ed","name":"clustere61f13ed","type":"Microsoft.BatchAI/Clusters","location":"westeurope","properties":{"provisioningState":"succeeded","allocationState":"resizing","creationTime":"2018-03-15T23:49:58.966Z","allocationStateTransitionTime":"2018-03-15T23:54:15.996Z","provisioningStateTransitionTime":"2018-03-15T23:49:59.559Z","vmSize":"STANDARD_D1","currentNodeCount":1,"nodeStateCounts":{"runningNodeCount":0,"idleNodeCount":1,"unusableNodeCount":0,"preparingNodeCount":0,"leavingNodeCount":0},"vmPriority":"lowpriority","scaleSettings":{"manual":{"targetNodeCount":0,"nodeDeallocationOption":"requeue"}},"virtualMachineConfiguration":{"imageReference":{"publisher":"Canonical","offer":"UbuntuServer","sku":"16.04-LTS","version":"latest"}},"userAccountSettings":{"adminUserName":"demoUser"},"nodeSetup":{"mountVolumes":{"azureFileShares":[{"accountName":"psdke61f13ed","azureFileUrl":"https://psdke61f13ed.file.core.windows.net/share","credentials":{},"relativeMountPath":"azfiles","fileMode":"0777","directoryMode":"0777"}]}}}}'}
    headers:
      cache-control: [no-cache]
      content-length: ['1210']
      content-type: [application/json; charset=utf-8]
      date: ['Thu, 15 Mar 2018 23:54:16 GMT']
      etag: ['"0x8D58AD00F589631"']
      expires: ['-1']
      last-modified: ['Thu, 15 Mar 2018 23:54:15 GMT']
      pragma: [no-cache]
      request-id: [57101468-5629-4865-bf07-8b883449a75e]
      server: [Microsoft-HTTPAPI/2.0]
      strict-transport-security: [max-age=31536000; includeSubDomains]
      transfer-encoding: [chunked]
      vary: [Accept-Encoding]
      x-content-type-options: [nosniff]
    status: {code: 200, message: OK}
- request:
    body: null
    headers:
      Accept: [application/json]
      Accept-Encoding: ['gzip, deflate']
      Connection: [keep-alive]
      Content-Type: [application/json; charset=utf-8]
      User-Agent: [python/3.6.4 (Linux-4.15.6-300.fc27.x86_64-x86_64-with-fedora-27-Twenty_Seven)
          requests/2.18.4 msrest/0.4.27 msrest_azure/0.4.22 azure-mgmt-batchai/1.0.0
          Azure-SDK-For-Python]
      accept-language: [en-US]
    method: GET
    uri: https://management.azure.com/subscriptions/00000000-0000-0000-0000-000000000000/resourceGroups/test_mgmt_batchai_clusters_test_cluster_resizinge61f13ed/providers/Microsoft.BatchAI/clusters/clustere61f13ed?api-version=2018-03-01
  response:
    body: {string: '{"id":"/subscriptions/00000000-0000-0000-0000-000000000000/resourceGroups/test_mgmt_batchai_clusters_test_cluster_resizinge61f13ed/providers/Microsoft.BatchAI/clusters/clustere61f13ed","name":"clustere61f13ed","type":"Microsoft.BatchAI/Clusters","location":"westeurope","properties":{"provisioningState":"succeeded","allocationState":"resizing","creationTime":"2018-03-15T23:49:58.966Z","allocationStateTransitionTime":"2018-03-15T23:54:15.996Z","provisioningStateTransitionTime":"2018-03-15T23:49:59.559Z","vmSize":"STANDARD_D1","currentNodeCount":1,"nodeStateCounts":{"runningNodeCount":0,"idleNodeCount":0,"unusableNodeCount":0,"preparingNodeCount":0,"leavingNodeCount":1},"vmPriority":"lowpriority","scaleSettings":{"manual":{"targetNodeCount":0,"nodeDeallocationOption":"requeue"}},"virtualMachineConfiguration":{"imageReference":{"publisher":"Canonical","offer":"UbuntuServer","sku":"16.04-LTS","version":"latest"}},"userAccountSettings":{"adminUserName":"demoUser"},"nodeSetup":{"mountVolumes":{"azureFileShares":[{"accountName":"psdke61f13ed","azureFileUrl":"https://psdke61f13ed.file.core.windows.net/share","credentials":{},"relativeMountPath":"azfiles","fileMode":"0777","directoryMode":"0777"}]}}}}'}
    headers:
      cache-control: [no-cache]
      content-length: ['1210']
      content-type: [application/json; charset=utf-8]
      date: ['Thu, 15 Mar 2018 23:54:38 GMT']
      etag: ['"0x8D58AD00F589631"']
      expires: ['-1']
      last-modified: ['Thu, 15 Mar 2018 23:54:15 GMT']
      pragma: [no-cache]
      request-id: [6dcb9baa-4bb4-4d97-83d4-df497e9dd34b]
      server: [Microsoft-HTTPAPI/2.0]
      strict-transport-security: [max-age=31536000; includeSubDomains]
      transfer-encoding: [chunked]
      vary: [Accept-Encoding]
      x-content-type-options: [nosniff]
    status: {code: 200, message: OK}
- request:
    body: null
    headers:
      Accept: [application/json]
      Accept-Encoding: ['gzip, deflate']
      Connection: [keep-alive]
      Content-Type: [application/json; charset=utf-8]
      User-Agent: [python/3.6.4 (Linux-4.15.6-300.fc27.x86_64-x86_64-with-fedora-27-Twenty_Seven)
          requests/2.18.4 msrest/0.4.27 msrest_azure/0.4.22 azure-mgmt-batchai/1.0.0
          Azure-SDK-For-Python]
      accept-language: [en-US]
    method: GET
    uri: https://management.azure.com/subscriptions/00000000-0000-0000-0000-000000000000/resourceGroups/test_mgmt_batchai_clusters_test_cluster_resizinge61f13ed/providers/Microsoft.BatchAI/clusters/clustere61f13ed?api-version=2018-03-01
  response:
    body: {string: '{"id":"/subscriptions/00000000-0000-0000-0000-000000000000/resourceGroups/test_mgmt_batchai_clusters_test_cluster_resizinge61f13ed/providers/Microsoft.BatchAI/clusters/clustere61f13ed","name":"clustere61f13ed","type":"Microsoft.BatchAI/Clusters","location":"westeurope","properties":{"provisioningState":"succeeded","allocationState":"resizing","creationTime":"2018-03-15T23:49:58.966Z","allocationStateTransitionTime":"2018-03-15T23:54:15.996Z","provisioningStateTransitionTime":"2018-03-15T23:49:59.559Z","vmSize":"STANDARD_D1","currentNodeCount":1,"nodeStateCounts":{"runningNodeCount":0,"idleNodeCount":0,"unusableNodeCount":0,"preparingNodeCount":0,"leavingNodeCount":1},"vmPriority":"lowpriority","scaleSettings":{"manual":{"targetNodeCount":0,"nodeDeallocationOption":"requeue"}},"virtualMachineConfiguration":{"imageReference":{"publisher":"Canonical","offer":"UbuntuServer","sku":"16.04-LTS","version":"latest"}},"userAccountSettings":{"adminUserName":"demoUser"},"nodeSetup":{"mountVolumes":{"azureFileShares":[{"accountName":"psdke61f13ed","azureFileUrl":"https://psdke61f13ed.file.core.windows.net/share","credentials":{},"relativeMountPath":"azfiles","fileMode":"0777","directoryMode":"0777"}]}}}}'}
    headers:
      cache-control: [no-cache]
      content-length: ['1210']
      content-type: [application/json; charset=utf-8]
      date: ['Thu, 15 Mar 2018 23:55:00 GMT']
      etag: ['"0x8D58AD00F589631"']
      expires: ['-1']
      last-modified: ['Thu, 15 Mar 2018 23:54:15 GMT']
      pragma: [no-cache]
      request-id: [7ca6735a-f3f2-48ef-85b9-16efcf2af386]
      server: [Microsoft-HTTPAPI/2.0]
      strict-transport-security: [max-age=31536000; includeSubDomains]
      transfer-encoding: [chunked]
      vary: [Accept-Encoding]
      x-content-type-options: [nosniff]
    status: {code: 200, message: OK}
- request:
    body: null
    headers:
      Accept: [application/json]
      Accept-Encoding: ['gzip, deflate']
      Connection: [keep-alive]
      Content-Type: [application/json; charset=utf-8]
      User-Agent: [python/3.6.4 (Linux-4.15.6-300.fc27.x86_64-x86_64-with-fedora-27-Twenty_Seven)
          requests/2.18.4 msrest/0.4.27 msrest_azure/0.4.22 azure-mgmt-batchai/1.0.0
          Azure-SDK-For-Python]
      accept-language: [en-US]
    method: GET
    uri: https://management.azure.com/subscriptions/00000000-0000-0000-0000-000000000000/resourceGroups/test_mgmt_batchai_clusters_test_cluster_resizinge61f13ed/providers/Microsoft.BatchAI/clusters/clustere61f13ed?api-version=2018-03-01
  response:
    body: {string: '{"id":"/subscriptions/00000000-0000-0000-0000-000000000000/resourceGroups/test_mgmt_batchai_clusters_test_cluster_resizinge61f13ed/providers/Microsoft.BatchAI/clusters/clustere61f13ed","name":"clustere61f13ed","type":"Microsoft.BatchAI/Clusters","location":"westeurope","properties":{"provisioningState":"succeeded","allocationState":"resizing","creationTime":"2018-03-15T23:49:58.966Z","allocationStateTransitionTime":"2018-03-15T23:54:15.996Z","provisioningStateTransitionTime":"2018-03-15T23:49:59.559Z","vmSize":"STANDARD_D1","currentNodeCount":1,"nodeStateCounts":{"runningNodeCount":0,"idleNodeCount":0,"unusableNodeCount":0,"preparingNodeCount":0,"leavingNodeCount":1},"vmPriority":"lowpriority","scaleSettings":{"manual":{"targetNodeCount":0,"nodeDeallocationOption":"requeue"}},"virtualMachineConfiguration":{"imageReference":{"publisher":"Canonical","offer":"UbuntuServer","sku":"16.04-LTS","version":"latest"}},"userAccountSettings":{"adminUserName":"demoUser"},"nodeSetup":{"mountVolumes":{"azureFileShares":[{"accountName":"psdke61f13ed","azureFileUrl":"https://psdke61f13ed.file.core.windows.net/share","credentials":{},"relativeMountPath":"azfiles","fileMode":"0777","directoryMode":"0777"}]}}}}'}
    headers:
      cache-control: [no-cache]
      content-length: ['1210']
      content-type: [application/json; charset=utf-8]
      date: ['Thu, 15 Mar 2018 23:55:21 GMT']
      etag: ['"0x8D58AD00F589631"']
      expires: ['-1']
      last-modified: ['Thu, 15 Mar 2018 23:54:15 GMT']
      pragma: [no-cache]
      request-id: [7bb482c2-61eb-4b1e-b341-d604a53bc57f]
      server: [Microsoft-HTTPAPI/2.0]
      strict-transport-security: [max-age=31536000; includeSubDomains]
      transfer-encoding: [chunked]
      vary: [Accept-Encoding]
      x-content-type-options: [nosniff]
    status: {code: 200, message: OK}
- request:
    body: null
    headers:
      Accept: [application/json]
      Accept-Encoding: ['gzip, deflate']
      Connection: [keep-alive]
      Content-Type: [application/json; charset=utf-8]
      User-Agent: [python/3.6.4 (Linux-4.15.6-300.fc27.x86_64-x86_64-with-fedora-27-Twenty_Seven)
          requests/2.18.4 msrest/0.4.27 msrest_azure/0.4.22 azure-mgmt-batchai/1.0.0
          Azure-SDK-For-Python]
      accept-language: [en-US]
    method: GET
    uri: https://management.azure.com/subscriptions/00000000-0000-0000-0000-000000000000/resourceGroups/test_mgmt_batchai_clusters_test_cluster_resizinge61f13ed/providers/Microsoft.BatchAI/clusters/clustere61f13ed?api-version=2018-03-01
  response:
    body: {string: '{"id":"/subscriptions/00000000-0000-0000-0000-000000000000/resourceGroups/test_mgmt_batchai_clusters_test_cluster_resizinge61f13ed/providers/Microsoft.BatchAI/clusters/clustere61f13ed","name":"clustere61f13ed","type":"Microsoft.BatchAI/Clusters","location":"westeurope","properties":{"provisioningState":"succeeded","allocationState":"resizing","creationTime":"2018-03-15T23:49:58.966Z","allocationStateTransitionTime":"2018-03-15T23:54:15.996Z","provisioningStateTransitionTime":"2018-03-15T23:49:59.559Z","vmSize":"STANDARD_D1","currentNodeCount":1,"nodeStateCounts":{"runningNodeCount":0,"idleNodeCount":0,"unusableNodeCount":0,"preparingNodeCount":0,"leavingNodeCount":1},"vmPriority":"lowpriority","scaleSettings":{"manual":{"targetNodeCount":0,"nodeDeallocationOption":"requeue"}},"virtualMachineConfiguration":{"imageReference":{"publisher":"Canonical","offer":"UbuntuServer","sku":"16.04-LTS","version":"latest"}},"userAccountSettings":{"adminUserName":"demoUser"},"nodeSetup":{"mountVolumes":{"azureFileShares":[{"accountName":"psdke61f13ed","azureFileUrl":"https://psdke61f13ed.file.core.windows.net/share","credentials":{},"relativeMountPath":"azfiles","fileMode":"0777","directoryMode":"0777"}]}}}}'}
    headers:
      cache-control: [no-cache]
      content-length: ['1210']
      content-type: [application/json; charset=utf-8]
      date: ['Thu, 15 Mar 2018 23:55:42 GMT']
      etag: ['"0x8D58AD00F589631"']
      expires: ['-1']
      last-modified: ['Thu, 15 Mar 2018 23:54:15 GMT']
      pragma: [no-cache]
      request-id: [dd8f26e4-8083-4b59-95fe-146c0569ca93]
      server: [Microsoft-HTTPAPI/2.0]
      strict-transport-security: [max-age=31536000; includeSubDomains]
      transfer-encoding: [chunked]
      vary: [Accept-Encoding]
      x-content-type-options: [nosniff]
    status: {code: 200, message: OK}
- request:
    body: null
    headers:
      Accept: [application/json]
      Accept-Encoding: ['gzip, deflate']
      Connection: [keep-alive]
      Content-Type: [application/json; charset=utf-8]
      User-Agent: [python/3.6.4 (Linux-4.15.6-300.fc27.x86_64-x86_64-with-fedora-27-Twenty_Seven)
          requests/2.18.4 msrest/0.4.27 msrest_azure/0.4.22 azure-mgmt-batchai/1.0.0
          Azure-SDK-For-Python]
      accept-language: [en-US]
    method: GET
    uri: https://management.azure.com/subscriptions/00000000-0000-0000-0000-000000000000/resourceGroups/test_mgmt_batchai_clusters_test_cluster_resizinge61f13ed/providers/Microsoft.BatchAI/clusters/clustere61f13ed?api-version=2018-03-01
  response:
    body: {string: '{"id":"/subscriptions/00000000-0000-0000-0000-000000000000/resourceGroups/test_mgmt_batchai_clusters_test_cluster_resizinge61f13ed/providers/Microsoft.BatchAI/clusters/clustere61f13ed","name":"clustere61f13ed","type":"Microsoft.BatchAI/Clusters","location":"westeurope","properties":{"provisioningState":"succeeded","allocationState":"resizing","creationTime":"2018-03-15T23:49:58.966Z","allocationStateTransitionTime":"2018-03-15T23:54:15.996Z","provisioningStateTransitionTime":"2018-03-15T23:49:59.559Z","vmSize":"STANDARD_D1","currentNodeCount":1,"nodeStateCounts":{"runningNodeCount":0,"idleNodeCount":0,"unusableNodeCount":0,"preparingNodeCount":0,"leavingNodeCount":1},"vmPriority":"lowpriority","scaleSettings":{"manual":{"targetNodeCount":0,"nodeDeallocationOption":"requeue"}},"virtualMachineConfiguration":{"imageReference":{"publisher":"Canonical","offer":"UbuntuServer","sku":"16.04-LTS","version":"latest"}},"userAccountSettings":{"adminUserName":"demoUser"},"nodeSetup":{"mountVolumes":{"azureFileShares":[{"accountName":"psdke61f13ed","azureFileUrl":"https://psdke61f13ed.file.core.windows.net/share","credentials":{},"relativeMountPath":"azfiles","fileMode":"0777","directoryMode":"0777"}]}}}}'}
    headers:
      cache-control: [no-cache]
      content-length: ['1210']
      content-type: [application/json; charset=utf-8]
      date: ['Thu, 15 Mar 2018 23:56:04 GMT']
      etag: ['"0x8D58AD00F589631"']
      expires: ['-1']
      last-modified: ['Thu, 15 Mar 2018 23:54:15 GMT']
      pragma: [no-cache]
      request-id: [0607f29d-deeb-455a-bff4-557359740c1a]
      server: [Microsoft-HTTPAPI/2.0]
      strict-transport-security: [max-age=31536000; includeSubDomains]
      transfer-encoding: [chunked]
      vary: [Accept-Encoding]
      x-content-type-options: [nosniff]
    status: {code: 200, message: OK}
- request:
    body: null
    headers:
      Accept: [application/json]
      Accept-Encoding: ['gzip, deflate']
      Connection: [keep-alive]
      Content-Type: [application/json; charset=utf-8]
      User-Agent: [python/3.6.4 (Linux-4.15.6-300.fc27.x86_64-x86_64-with-fedora-27-Twenty_Seven)
          requests/2.18.4 msrest/0.4.27 msrest_azure/0.4.22 azure-mgmt-batchai/1.0.0
          Azure-SDK-For-Python]
      accept-language: [en-US]
    method: GET
    uri: https://management.azure.com/subscriptions/00000000-0000-0000-0000-000000000000/resourceGroups/test_mgmt_batchai_clusters_test_cluster_resizinge61f13ed/providers/Microsoft.BatchAI/clusters/clustere61f13ed?api-version=2018-03-01
  response:
    body: {string: '{"id":"/subscriptions/00000000-0000-0000-0000-000000000000/resourceGroups/test_mgmt_batchai_clusters_test_cluster_resizinge61f13ed/providers/Microsoft.BatchAI/clusters/clustere61f13ed","name":"clustere61f13ed","type":"Microsoft.BatchAI/Clusters","location":"westeurope","properties":{"provisioningState":"succeeded","allocationState":"resizing","creationTime":"2018-03-15T23:49:58.966Z","allocationStateTransitionTime":"2018-03-15T23:54:15.996Z","provisioningStateTransitionTime":"2018-03-15T23:49:59.559Z","vmSize":"STANDARD_D1","currentNodeCount":1,"nodeStateCounts":{"runningNodeCount":0,"idleNodeCount":0,"unusableNodeCount":0,"preparingNodeCount":0,"leavingNodeCount":1},"vmPriority":"lowpriority","scaleSettings":{"manual":{"targetNodeCount":0,"nodeDeallocationOption":"requeue"}},"virtualMachineConfiguration":{"imageReference":{"publisher":"Canonical","offer":"UbuntuServer","sku":"16.04-LTS","version":"latest"}},"userAccountSettings":{"adminUserName":"demoUser"},"nodeSetup":{"mountVolumes":{"azureFileShares":[{"accountName":"psdke61f13ed","azureFileUrl":"https://psdke61f13ed.file.core.windows.net/share","credentials":{},"relativeMountPath":"azfiles","fileMode":"0777","directoryMode":"0777"}]}}}}'}
    headers:
      cache-control: [no-cache]
      content-length: ['1210']
      content-type: [application/json; charset=utf-8]
      date: ['Thu, 15 Mar 2018 23:56:25 GMT']
      etag: ['"0x8D58AD00F589631"']
      expires: ['-1']
      last-modified: ['Thu, 15 Mar 2018 23:54:15 GMT']
      pragma: [no-cache]
      request-id: [360b8916-27fb-46ab-9ff7-9a76c1178a47]
      server: [Microsoft-HTTPAPI/2.0]
      strict-transport-security: [max-age=31536000; includeSubDomains]
      transfer-encoding: [chunked]
      vary: [Accept-Encoding]
      x-content-type-options: [nosniff]
    status: {code: 200, message: OK}
- request:
    body: null
    headers:
      Accept: [application/json]
      Accept-Encoding: ['gzip, deflate']
      Connection: [keep-alive]
      Content-Type: [application/json; charset=utf-8]
      User-Agent: [python/3.6.4 (Linux-4.15.6-300.fc27.x86_64-x86_64-with-fedora-27-Twenty_Seven)
          requests/2.18.4 msrest/0.4.27 msrest_azure/0.4.22 azure-mgmt-batchai/1.0.0
          Azure-SDK-For-Python]
      accept-language: [en-US]
    method: GET
    uri: https://management.azure.com/subscriptions/00000000-0000-0000-0000-000000000000/resourceGroups/test_mgmt_batchai_clusters_test_cluster_resizinge61f13ed/providers/Microsoft.BatchAI/clusters/clustere61f13ed?api-version=2018-03-01
  response:
    body: {string: '{"id":"/subscriptions/00000000-0000-0000-0000-000000000000/resourceGroups/test_mgmt_batchai_clusters_test_cluster_resizinge61f13ed/providers/Microsoft.BatchAI/clusters/clustere61f13ed","name":"clustere61f13ed","type":"Microsoft.BatchAI/Clusters","location":"westeurope","properties":{"provisioningState":"succeeded","allocationState":"resizing","creationTime":"2018-03-15T23:49:58.966Z","allocationStateTransitionTime":"2018-03-15T23:54:15.996Z","provisioningStateTransitionTime":"2018-03-15T23:49:59.559Z","vmSize":"STANDARD_D1","currentNodeCount":1,"nodeStateCounts":{"runningNodeCount":0,"idleNodeCount":0,"unusableNodeCount":0,"preparingNodeCount":0,"leavingNodeCount":1},"vmPriority":"lowpriority","scaleSettings":{"manual":{"targetNodeCount":0,"nodeDeallocationOption":"requeue"}},"virtualMachineConfiguration":{"imageReference":{"publisher":"Canonical","offer":"UbuntuServer","sku":"16.04-LTS","version":"latest"}},"userAccountSettings":{"adminUserName":"demoUser"},"nodeSetup":{"mountVolumes":{"azureFileShares":[{"accountName":"psdke61f13ed","azureFileUrl":"https://psdke61f13ed.file.core.windows.net/share","credentials":{},"relativeMountPath":"azfiles","fileMode":"0777","directoryMode":"0777"}]}}}}'}
    headers:
      cache-control: [no-cache]
      content-length: ['1210']
      content-type: [application/json; charset=utf-8]
      date: ['Thu, 15 Mar 2018 23:56:47 GMT']
      etag: ['"0x8D58AD00F589631"']
      expires: ['-1']
      last-modified: ['Thu, 15 Mar 2018 23:54:15 GMT']
      pragma: [no-cache]
      request-id: [00560c84-5b45-471d-9518-c46381f48233]
      server: [Microsoft-HTTPAPI/2.0]
      strict-transport-security: [max-age=31536000; includeSubDomains]
      transfer-encoding: [chunked]
      vary: [Accept-Encoding]
      x-content-type-options: [nosniff]
    status: {code: 200, message: OK}
- request:
    body: null
    headers:
      Accept: [application/json]
      Accept-Encoding: ['gzip, deflate']
      Connection: [keep-alive]
      Content-Type: [application/json; charset=utf-8]
      User-Agent: [python/3.6.4 (Linux-4.15.6-300.fc27.x86_64-x86_64-with-fedora-27-Twenty_Seven)
          requests/2.18.4 msrest/0.4.27 msrest_azure/0.4.22 azure-mgmt-batchai/1.0.0
          Azure-SDK-For-Python]
      accept-language: [en-US]
    method: GET
    uri: https://management.azure.com/subscriptions/00000000-0000-0000-0000-000000000000/resourceGroups/test_mgmt_batchai_clusters_test_cluster_resizinge61f13ed/providers/Microsoft.BatchAI/clusters/clustere61f13ed?api-version=2018-03-01
  response:
    body: {string: '{"id":"/subscriptions/00000000-0000-0000-0000-000000000000/resourceGroups/test_mgmt_batchai_clusters_test_cluster_resizinge61f13ed/providers/Microsoft.BatchAI/clusters/clustere61f13ed","name":"clustere61f13ed","type":"Microsoft.BatchAI/Clusters","location":"westeurope","properties":{"provisioningState":"succeeded","allocationState":"resizing","creationTime":"2018-03-15T23:49:58.966Z","allocationStateTransitionTime":"2018-03-15T23:54:15.996Z","provisioningStateTransitionTime":"2018-03-15T23:49:59.559Z","vmSize":"STANDARD_D1","currentNodeCount":1,"nodeStateCounts":{"runningNodeCount":0,"idleNodeCount":0,"unusableNodeCount":0,"preparingNodeCount":0,"leavingNodeCount":1},"vmPriority":"lowpriority","scaleSettings":{"manual":{"targetNodeCount":0,"nodeDeallocationOption":"requeue"}},"virtualMachineConfiguration":{"imageReference":{"publisher":"Canonical","offer":"UbuntuServer","sku":"16.04-LTS","version":"latest"}},"userAccountSettings":{"adminUserName":"demoUser"},"nodeSetup":{"mountVolumes":{"azureFileShares":[{"accountName":"psdke61f13ed","azureFileUrl":"https://psdke61f13ed.file.core.windows.net/share","credentials":{},"relativeMountPath":"azfiles","fileMode":"0777","directoryMode":"0777"}]}}}}'}
    headers:
      cache-control: [no-cache]
      content-length: ['1210']
      content-type: [application/json; charset=utf-8]
      date: ['Thu, 15 Mar 2018 23:57:09 GMT']
      etag: ['"0x8D58AD00F589631"']
      expires: ['-1']
      last-modified: ['Thu, 15 Mar 2018 23:54:15 GMT']
      pragma: [no-cache]
      request-id: [1b1cc085-103f-425e-8fb1-660dcea1e30b]
      server: [Microsoft-HTTPAPI/2.0]
      strict-transport-security: [max-age=31536000; includeSubDomains]
      transfer-encoding: [chunked]
      vary: [Accept-Encoding]
      x-content-type-options: [nosniff]
    status: {code: 200, message: OK}
- request:
    body: null
    headers:
      Accept: [application/json]
      Accept-Encoding: ['gzip, deflate']
      Connection: [keep-alive]
      Content-Type: [application/json; charset=utf-8]
      User-Agent: [python/3.6.4 (Linux-4.15.6-300.fc27.x86_64-x86_64-with-fedora-27-Twenty_Seven)
          requests/2.18.4 msrest/0.4.27 msrest_azure/0.4.22 azure-mgmt-batchai/1.0.0
          Azure-SDK-For-Python]
      accept-language: [en-US]
    method: GET
    uri: https://management.azure.com/subscriptions/00000000-0000-0000-0000-000000000000/resourceGroups/test_mgmt_batchai_clusters_test_cluster_resizinge61f13ed/providers/Microsoft.BatchAI/clusters/clustere61f13ed?api-version=2018-03-01
  response:
    body: {string: '{"id":"/subscriptions/00000000-0000-0000-0000-000000000000/resourceGroups/test_mgmt_batchai_clusters_test_cluster_resizinge61f13ed/providers/Microsoft.BatchAI/clusters/clustere61f13ed","name":"clustere61f13ed","type":"Microsoft.BatchAI/Clusters","location":"westeurope","properties":{"provisioningState":"succeeded","allocationState":"resizing","creationTime":"2018-03-15T23:49:58.966Z","allocationStateTransitionTime":"2018-03-15T23:54:15.996Z","provisioningStateTransitionTime":"2018-03-15T23:49:59.559Z","vmSize":"STANDARD_D1","currentNodeCount":1,"nodeStateCounts":{"runningNodeCount":0,"idleNodeCount":0,"unusableNodeCount":0,"preparingNodeCount":0,"leavingNodeCount":1},"vmPriority":"lowpriority","scaleSettings":{"manual":{"targetNodeCount":0,"nodeDeallocationOption":"requeue"}},"virtualMachineConfiguration":{"imageReference":{"publisher":"Canonical","offer":"UbuntuServer","sku":"16.04-LTS","version":"latest"}},"userAccountSettings":{"adminUserName":"demoUser"},"nodeSetup":{"mountVolumes":{"azureFileShares":[{"accountName":"psdke61f13ed","azureFileUrl":"https://psdke61f13ed.file.core.windows.net/share","credentials":{},"relativeMountPath":"azfiles","fileMode":"0777","directoryMode":"0777"}]}}}}'}
    headers:
      cache-control: [no-cache]
      content-length: ['1210']
      content-type: [application/json; charset=utf-8]
      date: ['Thu, 15 Mar 2018 23:57:30 GMT']
      etag: ['"0x8D58AD00F589631"']
      expires: ['-1']
      last-modified: ['Thu, 15 Mar 2018 23:54:15 GMT']
      pragma: [no-cache]
      request-id: [43bd7751-829d-4694-80b7-7b75eda8e4d9]
      server: [Microsoft-HTTPAPI/2.0]
      strict-transport-security: [max-age=31536000; includeSubDomains]
      transfer-encoding: [chunked]
      vary: [Accept-Encoding]
      x-content-type-options: [nosniff]
    status: {code: 200, message: OK}
- request:
    body: null
    headers:
      Accept: [application/json]
      Accept-Encoding: ['gzip, deflate']
      Connection: [keep-alive]
      Content-Type: [application/json; charset=utf-8]
      User-Agent: [python/3.6.4 (Linux-4.15.6-300.fc27.x86_64-x86_64-with-fedora-27-Twenty_Seven)
          requests/2.18.4 msrest/0.4.27 msrest_azure/0.4.22 azure-mgmt-batchai/1.0.0
          Azure-SDK-For-Python]
      accept-language: [en-US]
    method: GET
    uri: https://management.azure.com/subscriptions/00000000-0000-0000-0000-000000000000/resourceGroups/test_mgmt_batchai_clusters_test_cluster_resizinge61f13ed/providers/Microsoft.BatchAI/clusters/clustere61f13ed?api-version=2018-03-01
  response:
    body: {string: '{"id":"/subscriptions/00000000-0000-0000-0000-000000000000/resourceGroups/test_mgmt_batchai_clusters_test_cluster_resizinge61f13ed/providers/Microsoft.BatchAI/clusters/clustere61f13ed","name":"clustere61f13ed","type":"Microsoft.BatchAI/Clusters","location":"westeurope","properties":{"provisioningState":"succeeded","allocationState":"resizing","creationTime":"2018-03-15T23:49:58.966Z","allocationStateTransitionTime":"2018-03-15T23:54:15.996Z","provisioningStateTransitionTime":"2018-03-15T23:49:59.559Z","vmSize":"STANDARD_D1","currentNodeCount":1,"nodeStateCounts":{"runningNodeCount":0,"idleNodeCount":0,"unusableNodeCount":0,"preparingNodeCount":0,"leavingNodeCount":1},"vmPriority":"lowpriority","scaleSettings":{"manual":{"targetNodeCount":0,"nodeDeallocationOption":"requeue"}},"virtualMachineConfiguration":{"imageReference":{"publisher":"Canonical","offer":"UbuntuServer","sku":"16.04-LTS","version":"latest"}},"userAccountSettings":{"adminUserName":"demoUser"},"nodeSetup":{"mountVolumes":{"azureFileShares":[{"accountName":"psdke61f13ed","azureFileUrl":"https://psdke61f13ed.file.core.windows.net/share","credentials":{},"relativeMountPath":"azfiles","fileMode":"0777","directoryMode":"0777"}]}}}}'}
    headers:
      cache-control: [no-cache]
      content-length: ['1210']
      content-type: [application/json; charset=utf-8]
      date: ['Thu, 15 Mar 2018 23:57:51 GMT']
      etag: ['"0x8D58AD00F589631"']
      expires: ['-1']
      last-modified: ['Thu, 15 Mar 2018 23:54:15 GMT']
      pragma: [no-cache]
      request-id: [2def7f27-80c5-4d87-9e21-7b3228956541]
      server: [Microsoft-HTTPAPI/2.0]
      strict-transport-security: [max-age=31536000; includeSubDomains]
      transfer-encoding: [chunked]
      vary: [Accept-Encoding]
      x-content-type-options: [nosniff]
    status: {code: 200, message: OK}
- request:
    body: null
    headers:
      Accept: [application/json]
      Accept-Encoding: ['gzip, deflate']
      Connection: [keep-alive]
      Content-Type: [application/json; charset=utf-8]
      User-Agent: [python/3.6.4 (Linux-4.15.6-300.fc27.x86_64-x86_64-with-fedora-27-Twenty_Seven)
          requests/2.18.4 msrest/0.4.27 msrest_azure/0.4.22 azure-mgmt-batchai/1.0.0
          Azure-SDK-For-Python]
      accept-language: [en-US]
    method: GET
    uri: https://management.azure.com/subscriptions/00000000-0000-0000-0000-000000000000/resourceGroups/test_mgmt_batchai_clusters_test_cluster_resizinge61f13ed/providers/Microsoft.BatchAI/clusters/clustere61f13ed?api-version=2018-03-01
  response:
    body: {string: '{"id":"/subscriptions/00000000-0000-0000-0000-000000000000/resourceGroups/test_mgmt_batchai_clusters_test_cluster_resizinge61f13ed/providers/Microsoft.BatchAI/clusters/clustere61f13ed","name":"clustere61f13ed","type":"Microsoft.BatchAI/Clusters","location":"westeurope","properties":{"provisioningState":"succeeded","allocationState":"resizing","creationTime":"2018-03-15T23:49:58.966Z","allocationStateTransitionTime":"2018-03-15T23:54:15.996Z","provisioningStateTransitionTime":"2018-03-15T23:49:59.559Z","vmSize":"STANDARD_D1","currentNodeCount":1,"nodeStateCounts":{"runningNodeCount":0,"idleNodeCount":0,"unusableNodeCount":0,"preparingNodeCount":0,"leavingNodeCount":1},"vmPriority":"lowpriority","scaleSettings":{"manual":{"targetNodeCount":0,"nodeDeallocationOption":"requeue"}},"virtualMachineConfiguration":{"imageReference":{"publisher":"Canonical","offer":"UbuntuServer","sku":"16.04-LTS","version":"latest"}},"userAccountSettings":{"adminUserName":"demoUser"},"nodeSetup":{"mountVolumes":{"azureFileShares":[{"accountName":"psdke61f13ed","azureFileUrl":"https://psdke61f13ed.file.core.windows.net/share","credentials":{},"relativeMountPath":"azfiles","fileMode":"0777","directoryMode":"0777"}]}}}}'}
    headers:
      cache-control: [no-cache]
      content-length: ['1210']
      content-type: [application/json; charset=utf-8]
      date: ['Thu, 15 Mar 2018 23:58:13 GMT']
      etag: ['"0x8D58AD00F589631"']
      expires: ['-1']
      last-modified: ['Thu, 15 Mar 2018 23:54:15 GMT']
      pragma: [no-cache]
      request-id: [1a8f1c73-17f4-4b4b-9cab-968ed9b737c2]
      server: [Microsoft-HTTPAPI/2.0]
      strict-transport-security: [max-age=31536000; includeSubDomains]
      transfer-encoding: [chunked]
      vary: [Accept-Encoding]
      x-content-type-options: [nosniff]
    status: {code: 200, message: OK}
- request:
    body: null
    headers:
      Accept: [application/json]
      Accept-Encoding: ['gzip, deflate']
      Connection: [keep-alive]
      Content-Type: [application/json; charset=utf-8]
      User-Agent: [python/3.6.4 (Linux-4.15.6-300.fc27.x86_64-x86_64-with-fedora-27-Twenty_Seven)
          requests/2.18.4 msrest/0.4.27 msrest_azure/0.4.22 azure-mgmt-batchai/1.0.0
          Azure-SDK-For-Python]
      accept-language: [en-US]
    method: GET
    uri: https://management.azure.com/subscriptions/00000000-0000-0000-0000-000000000000/resourceGroups/test_mgmt_batchai_clusters_test_cluster_resizinge61f13ed/providers/Microsoft.BatchAI/clusters/clustere61f13ed?api-version=2018-03-01
  response:
    body: {string: '{"id":"/subscriptions/00000000-0000-0000-0000-000000000000/resourceGroups/test_mgmt_batchai_clusters_test_cluster_resizinge61f13ed/providers/Microsoft.BatchAI/clusters/clustere61f13ed","name":"clustere61f13ed","type":"Microsoft.BatchAI/Clusters","location":"westeurope","properties":{"provisioningState":"succeeded","allocationState":"resizing","creationTime":"2018-03-15T23:49:58.966Z","allocationStateTransitionTime":"2018-03-15T23:54:15.996Z","provisioningStateTransitionTime":"2018-03-15T23:49:59.559Z","vmSize":"STANDARD_D1","currentNodeCount":1,"nodeStateCounts":{"runningNodeCount":0,"idleNodeCount":0,"unusableNodeCount":0,"preparingNodeCount":0,"leavingNodeCount":1},"vmPriority":"lowpriority","scaleSettings":{"manual":{"targetNodeCount":0,"nodeDeallocationOption":"requeue"}},"virtualMachineConfiguration":{"imageReference":{"publisher":"Canonical","offer":"UbuntuServer","sku":"16.04-LTS","version":"latest"}},"userAccountSettings":{"adminUserName":"demoUser"},"nodeSetup":{"mountVolumes":{"azureFileShares":[{"accountName":"psdke61f13ed","azureFileUrl":"https://psdke61f13ed.file.core.windows.net/share","credentials":{},"relativeMountPath":"azfiles","fileMode":"0777","directoryMode":"0777"}]}}}}'}
    headers:
      cache-control: [no-cache]
      content-length: ['1210']
      content-type: [application/json; charset=utf-8]
      date: ['Thu, 15 Mar 2018 23:58:34 GMT']
      etag: ['"0x8D58AD00F589631"']
      expires: ['-1']
      last-modified: ['Thu, 15 Mar 2018 23:54:15 GMT']
      pragma: [no-cache]
      request-id: [7891aaca-7d36-4369-9dbc-0321899af723]
      server: [Microsoft-HTTPAPI/2.0]
      strict-transport-security: [max-age=31536000; includeSubDomains]
      transfer-encoding: [chunked]
      vary: [Accept-Encoding]
      x-content-type-options: [nosniff]
    status: {code: 200, message: OK}
- request:
    body: null
    headers:
      Accept: [application/json]
      Accept-Encoding: ['gzip, deflate']
      Connection: [keep-alive]
      Content-Type: [application/json; charset=utf-8]
      User-Agent: [python/3.6.4 (Linux-4.15.6-300.fc27.x86_64-x86_64-with-fedora-27-Twenty_Seven)
          requests/2.18.4 msrest/0.4.27 msrest_azure/0.4.22 azure-mgmt-batchai/1.0.0
          Azure-SDK-For-Python]
      accept-language: [en-US]
    method: GET
    uri: https://management.azure.com/subscriptions/00000000-0000-0000-0000-000000000000/resourceGroups/test_mgmt_batchai_clusters_test_cluster_resizinge61f13ed/providers/Microsoft.BatchAI/clusters/clustere61f13ed?api-version=2018-03-01
  response:
    body: {string: '{"id":"/subscriptions/00000000-0000-0000-0000-000000000000/resourceGroups/test_mgmt_batchai_clusters_test_cluster_resizinge61f13ed/providers/Microsoft.BatchAI/clusters/clustere61f13ed","name":"clustere61f13ed","type":"Microsoft.BatchAI/Clusters","location":"westeurope","properties":{"provisioningState":"succeeded","allocationState":"resizing","creationTime":"2018-03-15T23:49:58.966Z","allocationStateTransitionTime":"2018-03-15T23:54:15.996Z","provisioningStateTransitionTime":"2018-03-15T23:49:59.559Z","vmSize":"STANDARD_D1","currentNodeCount":1,"nodeStateCounts":{"runningNodeCount":0,"idleNodeCount":0,"unusableNodeCount":0,"preparingNodeCount":0,"leavingNodeCount":1},"vmPriority":"lowpriority","scaleSettings":{"manual":{"targetNodeCount":0,"nodeDeallocationOption":"requeue"}},"virtualMachineConfiguration":{"imageReference":{"publisher":"Canonical","offer":"UbuntuServer","sku":"16.04-LTS","version":"latest"}},"userAccountSettings":{"adminUserName":"demoUser"},"nodeSetup":{"mountVolumes":{"azureFileShares":[{"accountName":"psdke61f13ed","azureFileUrl":"https://psdke61f13ed.file.core.windows.net/share","credentials":{},"relativeMountPath":"azfiles","fileMode":"0777","directoryMode":"0777"}]}}}}'}
    headers:
      cache-control: [no-cache]
      content-length: ['1210']
      content-type: [application/json; charset=utf-8]
      date: ['Thu, 15 Mar 2018 23:58:56 GMT']
      etag: ['"0x8D58AD00F589631"']
      expires: ['-1']
      last-modified: ['Thu, 15 Mar 2018 23:54:15 GMT']
      pragma: [no-cache]
      request-id: [f83a2f5c-2e5c-49c1-85bb-3c66d735aa03]
      server: [Microsoft-HTTPAPI/2.0]
      strict-transport-security: [max-age=31536000; includeSubDomains]
      transfer-encoding: [chunked]
      vary: [Accept-Encoding]
      x-content-type-options: [nosniff]
    status: {code: 200, message: OK}
- request:
    body: null
    headers:
      Accept: [application/json]
      Accept-Encoding: ['gzip, deflate']
      Connection: [keep-alive]
      Content-Type: [application/json; charset=utf-8]
      User-Agent: [python/3.6.4 (Linux-4.15.6-300.fc27.x86_64-x86_64-with-fedora-27-Twenty_Seven)
          requests/2.18.4 msrest/0.4.27 msrest_azure/0.4.22 azure-mgmt-batchai/1.0.0
          Azure-SDK-For-Python]
      accept-language: [en-US]
    method: GET
    uri: https://management.azure.com/subscriptions/00000000-0000-0000-0000-000000000000/resourceGroups/test_mgmt_batchai_clusters_test_cluster_resizinge61f13ed/providers/Microsoft.BatchAI/clusters/clustere61f13ed?api-version=2018-03-01
  response:
    body: {string: '{"id":"/subscriptions/00000000-0000-0000-0000-000000000000/resourceGroups/test_mgmt_batchai_clusters_test_cluster_resizinge61f13ed/providers/Microsoft.BatchAI/clusters/clustere61f13ed","name":"clustere61f13ed","type":"Microsoft.BatchAI/Clusters","location":"westeurope","properties":{"provisioningState":"succeeded","allocationState":"resizing","creationTime":"2018-03-15T23:49:58.966Z","allocationStateTransitionTime":"2018-03-15T23:54:15.996Z","provisioningStateTransitionTime":"2018-03-15T23:49:59.559Z","vmSize":"STANDARD_D1","currentNodeCount":1,"nodeStateCounts":{"runningNodeCount":0,"idleNodeCount":0,"unusableNodeCount":0,"preparingNodeCount":0,"leavingNodeCount":1},"vmPriority":"lowpriority","scaleSettings":{"manual":{"targetNodeCount":0,"nodeDeallocationOption":"requeue"}},"virtualMachineConfiguration":{"imageReference":{"publisher":"Canonical","offer":"UbuntuServer","sku":"16.04-LTS","version":"latest"}},"userAccountSettings":{"adminUserName":"demoUser"},"nodeSetup":{"mountVolumes":{"azureFileShares":[{"accountName":"psdke61f13ed","azureFileUrl":"https://psdke61f13ed.file.core.windows.net/share","credentials":{},"relativeMountPath":"azfiles","fileMode":"0777","directoryMode":"0777"}]}}}}'}
    headers:
      cache-control: [no-cache]
      content-length: ['1210']
      content-type: [application/json; charset=utf-8]
      date: ['Thu, 15 Mar 2018 23:59:18 GMT']
      etag: ['"0x8D58AD00F589631"']
      expires: ['-1']
      last-modified: ['Thu, 15 Mar 2018 23:54:15 GMT']
      pragma: [no-cache]
      request-id: [ffe0c452-23fa-4446-82ad-0912052b8da9]
      server: [Microsoft-HTTPAPI/2.0]
      strict-transport-security: [max-age=31536000; includeSubDomains]
      transfer-encoding: [chunked]
      vary: [Accept-Encoding]
      x-content-type-options: [nosniff]
    status: {code: 200, message: OK}
- request:
    body: null
    headers:
      Accept: [application/json]
      Accept-Encoding: ['gzip, deflate']
      Connection: [keep-alive]
      Content-Type: [application/json; charset=utf-8]
      User-Agent: [python/3.6.4 (Linux-4.15.6-300.fc27.x86_64-x86_64-with-fedora-27-Twenty_Seven)
          requests/2.18.4 msrest/0.4.27 msrest_azure/0.4.22 azure-mgmt-batchai/1.0.0
          Azure-SDK-For-Python]
      accept-language: [en-US]
    method: GET
    uri: https://management.azure.com/subscriptions/00000000-0000-0000-0000-000000000000/resourceGroups/test_mgmt_batchai_clusters_test_cluster_resizinge61f13ed/providers/Microsoft.BatchAI/clusters/clustere61f13ed?api-version=2018-03-01
  response:
    body: {string: '{"id":"/subscriptions/00000000-0000-0000-0000-000000000000/resourceGroups/test_mgmt_batchai_clusters_test_cluster_resizinge61f13ed/providers/Microsoft.BatchAI/clusters/clustere61f13ed","name":"clustere61f13ed","type":"Microsoft.BatchAI/Clusters","location":"westeurope","properties":{"provisioningState":"succeeded","allocationState":"resizing","creationTime":"2018-03-15T23:49:58.966Z","allocationStateTransitionTime":"2018-03-15T23:54:15.996Z","provisioningStateTransitionTime":"2018-03-15T23:49:59.559Z","vmSize":"STANDARD_D1","currentNodeCount":1,"nodeStateCounts":{"runningNodeCount":0,"idleNodeCount":0,"unusableNodeCount":0,"preparingNodeCount":0,"leavingNodeCount":1},"vmPriority":"lowpriority","scaleSettings":{"manual":{"targetNodeCount":0,"nodeDeallocationOption":"requeue"}},"virtualMachineConfiguration":{"imageReference":{"publisher":"Canonical","offer":"UbuntuServer","sku":"16.04-LTS","version":"latest"}},"userAccountSettings":{"adminUserName":"demoUser"},"nodeSetup":{"mountVolumes":{"azureFileShares":[{"accountName":"psdke61f13ed","azureFileUrl":"https://psdke61f13ed.file.core.windows.net/share","credentials":{},"relativeMountPath":"azfiles","fileMode":"0777","directoryMode":"0777"}]}}}}'}
    headers:
      cache-control: [no-cache]
      content-length: ['1210']
      content-type: [application/json; charset=utf-8]
      date: ['Thu, 15 Mar 2018 23:59:39 GMT']
      etag: ['"0x8D58AD00F589631"']
      expires: ['-1']
      last-modified: ['Thu, 15 Mar 2018 23:54:15 GMT']
      pragma: [no-cache]
      request-id: [c858788f-cbf2-45f9-a4f5-32bf3bf89ed0]
      server: [Microsoft-HTTPAPI/2.0]
      strict-transport-security: [max-age=31536000; includeSubDomains]
      transfer-encoding: [chunked]
      vary: [Accept-Encoding]
      x-content-type-options: [nosniff]
    status: {code: 200, message: OK}
- request:
    body: null
    headers:
      Accept: [application/json]
      Accept-Encoding: ['gzip, deflate']
      Connection: [keep-alive]
      Content-Type: [application/json; charset=utf-8]
      User-Agent: [python/3.6.4 (Linux-4.15.6-300.fc27.x86_64-x86_64-with-fedora-27-Twenty_Seven)
          requests/2.18.4 msrest/0.4.27 msrest_azure/0.4.22 azure-mgmt-batchai/1.0.0
          Azure-SDK-For-Python]
      accept-language: [en-US]
    method: GET
    uri: https://management.azure.com/subscriptions/00000000-0000-0000-0000-000000000000/resourceGroups/test_mgmt_batchai_clusters_test_cluster_resizinge61f13ed/providers/Microsoft.BatchAI/clusters/clustere61f13ed?api-version=2018-03-01
  response:
    body: {string: '{"id":"/subscriptions/00000000-0000-0000-0000-000000000000/resourceGroups/test_mgmt_batchai_clusters_test_cluster_resizinge61f13ed/providers/Microsoft.BatchAI/clusters/clustere61f13ed","name":"clustere61f13ed","type":"Microsoft.BatchAI/Clusters","location":"westeurope","properties":{"provisioningState":"succeeded","allocationState":"resizing","creationTime":"2018-03-15T23:49:58.966Z","allocationStateTransitionTime":"2018-03-15T23:59:59.593Z","provisioningStateTransitionTime":"2018-03-15T23:49:59.559Z","vmSize":"STANDARD_D1","currentNodeCount":0,"nodeStateCounts":{"runningNodeCount":0,"idleNodeCount":0,"unusableNodeCount":0,"preparingNodeCount":0,"leavingNodeCount":0},"vmPriority":"lowpriority","scaleSettings":{"manual":{"targetNodeCount":0,"nodeDeallocationOption":"requeue"}},"virtualMachineConfiguration":{"imageReference":{"publisher":"Canonical","offer":"UbuntuServer","sku":"16.04-LTS","version":"latest"}},"userAccountSettings":{"adminUserName":"demoUser"},"nodeSetup":{"mountVolumes":{"azureFileShares":[{"accountName":"psdke61f13ed","azureFileUrl":"https://psdke61f13ed.file.core.windows.net/share","credentials":{},"relativeMountPath":"azfiles","fileMode":"0777","directoryMode":"0777"}]}}}}'}
    headers:
      cache-control: [no-cache]
      content-length: ['1210']
      content-type: [application/json; charset=utf-8]
      date: ['Fri, 16 Mar 2018 00:00:01 GMT']
      etag: ['"0x8D58AD00F589631"']
      expires: ['-1']
      last-modified: ['Thu, 15 Mar 2018 23:54:15 GMT']
      pragma: [no-cache]
      request-id: [1b457c72-af41-4ae8-a62c-aa5d5adde9fb]
      server: [Microsoft-HTTPAPI/2.0]
      strict-transport-security: [max-age=31536000; includeSubDomains]
      transfer-encoding: [chunked]
      vary: [Accept-Encoding]
      x-content-type-options: [nosniff]
    status: {code: 200, message: OK}
- request:
    body: null
    headers:
      Accept: [application/json]
      Accept-Encoding: ['gzip, deflate']
      Connection: [keep-alive]
      Content-Type: [application/json; charset=utf-8]
      User-Agent: [python/3.6.4 (Linux-4.15.6-300.fc27.x86_64-x86_64-with-fedora-27-Twenty_Seven)
          requests/2.18.4 msrest/0.4.27 msrest_azure/0.4.22 azure-mgmt-batchai/1.0.0
          Azure-SDK-For-Python]
      accept-language: [en-US]
    method: GET
    uri: https://management.azure.com/subscriptions/00000000-0000-0000-0000-000000000000/resourceGroups/test_mgmt_batchai_clusters_test_cluster_resizinge61f13ed/providers/Microsoft.BatchAI/clusters/clustere61f13ed?api-version=2018-03-01
  response:
    body: {string: '{"id":"/subscriptions/00000000-0000-0000-0000-000000000000/resourceGroups/test_mgmt_batchai_clusters_test_cluster_resizinge61f13ed/providers/Microsoft.BatchAI/clusters/clustere61f13ed","name":"clustere61f13ed","type":"Microsoft.BatchAI/Clusters","location":"westeurope","properties":{"provisioningState":"succeeded","allocationState":"steady","creationTime":"2018-03-15T23:49:58.966Z","allocationStateTransitionTime":"2018-03-15T23:59:47.923Z","provisioningStateTransitionTime":"2018-03-15T23:49:59.559Z","vmSize":"STANDARD_D1","currentNodeCount":0,"nodeStateCounts":{"runningNodeCount":0,"idleNodeCount":0,"unusableNodeCount":0,"preparingNodeCount":0,"leavingNodeCount":0},"vmPriority":"lowpriority","scaleSettings":{"manual":{"targetNodeCount":0,"nodeDeallocationOption":"requeue"}},"virtualMachineConfiguration":{"imageReference":{"publisher":"Canonical","offer":"UbuntuServer","sku":"16.04-LTS","version":"latest"}},"userAccountSettings":{"adminUserName":"demoUser"},"nodeSetup":{"mountVolumes":{"azureFileShares":[{"accountName":"psdke61f13ed","azureFileUrl":"https://psdke61f13ed.file.core.windows.net/share","credentials":{},"relativeMountPath":"azfiles","fileMode":"0777","directoryMode":"0777"}]}}}}'}
    headers:
      cache-control: [no-cache]
      content-length: ['1208']
      content-type: [application/json; charset=utf-8]
      date: ['Fri, 16 Mar 2018 00:00:22 GMT']
      etag: ['"0x8D58AD00F589631"']
      expires: ['-1']
      last-modified: ['Thu, 15 Mar 2018 23:54:15 GMT']
      pragma: [no-cache]
      request-id: [2c956047-0a2a-4ff8-afc5-79bdc176937c]
      server: [Microsoft-HTTPAPI/2.0]
      strict-transport-security: [max-age=31536000; includeSubDomains]
      transfer-encoding: [chunked]
      vary: [Accept-Encoding]
      x-content-type-options: [nosniff]
    status: {code: 200, message: OK}
- request:
    body: null
    headers:
      Accept: [application/json]
      Accept-Encoding: ['gzip, deflate']
      Connection: [keep-alive]
      Content-Length: ['0']
      Content-Type: [application/json; charset=utf-8]
      User-Agent: [python/3.6.4 (Linux-4.15.6-300.fc27.x86_64-x86_64-with-fedora-27-Twenty_Seven)
          requests/2.18.4 msrest/0.4.27 msrest_azure/0.4.22 azure-mgmt-batchai/1.0.0
          Azure-SDK-For-Python]
      accept-language: [en-US]
    method: POST
    uri: https://management.azure.com/subscriptions/00000000-0000-0000-0000-000000000000/resourceGroups/test_mgmt_batchai_clusters_test_cluster_resizinge61f13ed/providers/Microsoft.BatchAI/clusters/clustere61f13ed/listRemoteLoginInformation?api-version=2018-03-01
  response:
    body: {string: '{"value":[]}'}
    headers:
      cache-control: [no-cache]
      content-length: ['12']
      content-type: [application/json; charset=utf-8]
      date: ['Fri, 16 Mar 2018 00:00:23 GMT']
      expires: ['-1']
      pragma: [no-cache]
      request-id: [5835d985-a46b-43c2-bd1e-c43b5b9f8a7d]
      server: [Microsoft-HTTPAPI/2.0]
      strict-transport-security: [max-age=31536000; includeSubDomains]
      transfer-encoding: [chunked]
      vary: [Accept-Encoding]
      x-content-type-options: [nosniff]
    status: {code: 200, message: OK}
- request:
    body: '{"properties": {"scaleSettings": {"manual": {"targetNodeCount": 1, "nodeDeallocationOption":
      "requeue"}}}}'
    headers:
      Accept: [application/json]
      Accept-Encoding: ['gzip, deflate']
      Connection: [keep-alive]
      Content-Length: ['106']
      Content-Type: [application/json; charset=utf-8]
      User-Agent: [python/3.6.4 (Linux-4.15.6-300.fc27.x86_64-x86_64-with-fedora-27-Twenty_Seven)
          requests/2.18.4 msrest/0.4.27 msrest_azure/0.4.22 azure-mgmt-batchai/1.0.0
          Azure-SDK-For-Python]
      accept-language: [en-US]
    method: PATCH
    uri: https://management.azure.com/subscriptions/00000000-0000-0000-0000-000000000000/resourceGroups/test_mgmt_batchai_clusters_test_cluster_resizinge61f13ed/providers/Microsoft.BatchAI/clusters/clustere61f13ed?api-version=2018-03-01
  response:
    body: {string: '{"id":"/subscriptions/00000000-0000-0000-0000-000000000000/resourceGroups/test_mgmt_batchai_clusters_test_cluster_resizinge61f13ed/providers/Microsoft.BatchAI/clusters/clustere61f13ed","name":"clustere61f13ed","type":"Microsoft.BatchAI/Clusters","location":"westeurope","properties":{"provisioningState":"succeeded","allocationState":"steady","creationTime":"2018-03-15T23:49:58.966Z","allocationStateTransitionTime":"2018-03-15T23:59:47.923Z","provisioningStateTransitionTime":"2018-03-15T23:49:59.559Z","vmSize":"STANDARD_D1","currentNodeCount":0,"nodeStateCounts":{"runningNodeCount":0,"idleNodeCount":0,"unusableNodeCount":0,"preparingNodeCount":0,"leavingNodeCount":0},"vmPriority":"lowpriority","scaleSettings":{"manual":{"targetNodeCount":1,"nodeDeallocationOption":"requeue"}},"virtualMachineConfiguration":{"imageReference":{"publisher":"Canonical","offer":"UbuntuServer","sku":"16.04-LTS","version":"latest"}},"userAccountSettings":{"adminUserName":"demoUser"},"nodeSetup":{"mountVolumes":{"azureFileShares":[{"accountName":"psdke61f13ed","azureFileUrl":"https://psdke61f13ed.file.core.windows.net/share","credentials":{},"relativeMountPath":"azfiles","fileMode":"0777","directoryMode":"0777"}]}}}}'}
    headers:
      cache-control: [no-cache]
      content-length: ['1208']
      content-type: [application/json; charset=utf-8]
      date: ['Fri, 16 Mar 2018 00:00:24 GMT']
      etag: ['"0x8D58AD0EBCFC239"']
      expires: ['-1']
      last-modified: ['Fri, 16 Mar 2018 00:00:25 GMT']
      pragma: [no-cache]
      request-id: [610e7c7a-5629-4ee6-9836-7dbdbe146046]
      server: [Microsoft-HTTPAPI/2.0]
      strict-transport-security: [max-age=31536000; includeSubDomains]
      transfer-encoding: [chunked]
      vary: [Accept-Encoding]
      x-content-type-options: [nosniff]
      x-ms-ratelimit-remaining-subscription-writes: ['1197']
    status: {code: 200, message: OK}
- request:
    body: null
    headers:
      Accept: [application/json]
      Accept-Encoding: ['gzip, deflate']
      Connection: [keep-alive]
      Content-Type: [application/json; charset=utf-8]
      User-Agent: [python/3.6.4 (Linux-4.15.6-300.fc27.x86_64-x86_64-with-fedora-27-Twenty_Seven)
          requests/2.18.4 msrest/0.4.27 msrest_azure/0.4.22 azure-mgmt-batchai/1.0.0
          Azure-SDK-For-Python]
      accept-language: [en-US]
    method: GET
    uri: https://management.azure.com/subscriptions/00000000-0000-0000-0000-000000000000/resourceGroups/test_mgmt_batchai_clusters_test_cluster_resizinge61f13ed/providers/Microsoft.BatchAI/clusters/clustere61f13ed?api-version=2018-03-01
  response:
    body: {string: '{"id":"/subscriptions/00000000-0000-0000-0000-000000000000/resourceGroups/test_mgmt_batchai_clusters_test_cluster_resizinge61f13ed/providers/Microsoft.BatchAI/clusters/clustere61f13ed","name":"clustere61f13ed","type":"Microsoft.BatchAI/Clusters","location":"westeurope","properties":{"provisioningState":"succeeded","allocationState":"resizing","creationTime":"2018-03-15T23:49:58.966Z","allocationStateTransitionTime":"2018-03-16T00:00:25.844Z","provisioningStateTransitionTime":"2018-03-15T23:49:59.559Z","vmSize":"STANDARD_D1","currentNodeCount":0,"nodeStateCounts":{"runningNodeCount":0,"idleNodeCount":0,"unusableNodeCount":0,"preparingNodeCount":0,"leavingNodeCount":0},"vmPriority":"lowpriority","scaleSettings":{"manual":{"targetNodeCount":1,"nodeDeallocationOption":"requeue"}},"virtualMachineConfiguration":{"imageReference":{"publisher":"Canonical","offer":"UbuntuServer","sku":"16.04-LTS","version":"latest"}},"userAccountSettings":{"adminUserName":"demoUser"},"nodeSetup":{"mountVolumes":{"azureFileShares":[{"accountName":"psdke61f13ed","azureFileUrl":"https://psdke61f13ed.file.core.windows.net/share","credentials":{},"relativeMountPath":"azfiles","fileMode":"0777","directoryMode":"0777"}]}}}}'}
    headers:
      cache-control: [no-cache]
      content-length: ['1210']
      content-type: [application/json; charset=utf-8]
      date: ['Fri, 16 Mar 2018 00:00:26 GMT']
      etag: ['"0x8D58AD0EBCFC239"']
      expires: ['-1']
      last-modified: ['Fri, 16 Mar 2018 00:00:25 GMT']
      pragma: [no-cache]
      request-id: [d4e0db58-882c-41fe-b49a-e9e5f7e97d55]
      server: [Microsoft-HTTPAPI/2.0]
      strict-transport-security: [max-age=31536000; includeSubDomains]
      transfer-encoding: [chunked]
      vary: [Accept-Encoding]
      x-content-type-options: [nosniff]
    status: {code: 200, message: OK}
- request:
    body: null
    headers:
      Accept: [application/json]
      Accept-Encoding: ['gzip, deflate']
      Connection: [keep-alive]
      Content-Type: [application/json; charset=utf-8]
      User-Agent: [python/3.6.4 (Linux-4.15.6-300.fc27.x86_64-x86_64-with-fedora-27-Twenty_Seven)
          requests/2.18.4 msrest/0.4.27 msrest_azure/0.4.22 azure-mgmt-batchai/1.0.0
          Azure-SDK-For-Python]
      accept-language: [en-US]
    method: GET
    uri: https://management.azure.com/subscriptions/00000000-0000-0000-0000-000000000000/resourceGroups/test_mgmt_batchai_clusters_test_cluster_resizinge61f13ed/providers/Microsoft.BatchAI/clusters/clustere61f13ed?api-version=2018-03-01
  response:
    body: {string: '{"id":"/subscriptions/00000000-0000-0000-0000-000000000000/resourceGroups/test_mgmt_batchai_clusters_test_cluster_resizinge61f13ed/providers/Microsoft.BatchAI/clusters/clustere61f13ed","name":"clustere61f13ed","type":"Microsoft.BatchAI/Clusters","location":"westeurope","properties":{"provisioningState":"succeeded","allocationState":"steady","creationTime":"2018-03-15T23:49:58.966Z","allocationStateTransitionTime":"2018-03-15T23:59:47.923Z","provisioningStateTransitionTime":"2018-03-15T23:49:59.559Z","vmSize":"STANDARD_D1","currentNodeCount":0,"nodeStateCounts":{"runningNodeCount":0,"idleNodeCount":0,"unusableNodeCount":0,"preparingNodeCount":0,"leavingNodeCount":0},"vmPriority":"lowpriority","scaleSettings":{"manual":{"targetNodeCount":1,"nodeDeallocationOption":"requeue"}},"virtualMachineConfiguration":{"imageReference":{"publisher":"Canonical","offer":"UbuntuServer","sku":"16.04-LTS","version":"latest"}},"userAccountSettings":{"adminUserName":"demoUser"},"nodeSetup":{"mountVolumes":{"azureFileShares":[{"accountName":"psdke61f13ed","azureFileUrl":"https://psdke61f13ed.file.core.windows.net/share","credentials":{},"relativeMountPath":"azfiles","fileMode":"0777","directoryMode":"0777"}]}}}}'}
    headers:
      cache-control: [no-cache]
      content-length: ['1208']
      content-type: [application/json; charset=utf-8]
      date: ['Fri, 16 Mar 2018 00:00:48 GMT']
      etag: ['"0x8D58AD0EBCFC239"']
      expires: ['-1']
      last-modified: ['Fri, 16 Mar 2018 00:00:25 GMT']
      pragma: [no-cache]
      request-id: [0cbc0a8a-2e63-49eb-aa41-5287a1eeffa6]
      server: [Microsoft-HTTPAPI/2.0]
      strict-transport-security: [max-age=31536000; includeSubDomains]
      transfer-encoding: [chunked]
      vary: [Accept-Encoding]
      x-content-type-options: [nosniff]
    status: {code: 200, message: OK}
- request:
    body: null
    headers:
      Accept: [application/json]
      Accept-Encoding: ['gzip, deflate']
      Connection: [keep-alive]
      Content-Type: [application/json; charset=utf-8]
      User-Agent: [python/3.6.4 (Linux-4.15.6-300.fc27.x86_64-x86_64-with-fedora-27-Twenty_Seven)
          requests/2.18.4 msrest/0.4.27 msrest_azure/0.4.22 azure-mgmt-batchai/1.0.0
          Azure-SDK-For-Python]
      accept-language: [en-US]
    method: GET
    uri: https://management.azure.com/subscriptions/00000000-0000-0000-0000-000000000000/resourceGroups/test_mgmt_batchai_clusters_test_cluster_resizinge61f13ed/providers/Microsoft.BatchAI/clusters/clustere61f13ed?api-version=2018-03-01
  response:
    body: {string: '{"id":"/subscriptions/00000000-0000-0000-0000-000000000000/resourceGroups/test_mgmt_batchai_clusters_test_cluster_resizinge61f13ed/providers/Microsoft.BatchAI/clusters/clustere61f13ed","name":"clustere61f13ed","type":"Microsoft.BatchAI/Clusters","location":"westeurope","properties":{"provisioningState":"succeeded","allocationState":"steady","creationTime":"2018-03-15T23:49:58.966Z","allocationStateTransitionTime":"2018-03-15T23:59:47.923Z","provisioningStateTransitionTime":"2018-03-15T23:49:59.559Z","vmSize":"STANDARD_D1","currentNodeCount":0,"nodeStateCounts":{"runningNodeCount":0,"idleNodeCount":0,"unusableNodeCount":0,"preparingNodeCount":0,"leavingNodeCount":0},"vmPriority":"lowpriority","scaleSettings":{"manual":{"targetNodeCount":1,"nodeDeallocationOption":"requeue"}},"virtualMachineConfiguration":{"imageReference":{"publisher":"Canonical","offer":"UbuntuServer","sku":"16.04-LTS","version":"latest"}},"userAccountSettings":{"adminUserName":"demoUser"},"nodeSetup":{"mountVolumes":{"azureFileShares":[{"accountName":"psdke61f13ed","azureFileUrl":"https://psdke61f13ed.file.core.windows.net/share","credentials":{},"relativeMountPath":"azfiles","fileMode":"0777","directoryMode":"0777"}]}}}}'}
    headers:
      cache-control: [no-cache]
      content-length: ['1208']
      content-type: [application/json; charset=utf-8]
      date: ['Fri, 16 Mar 2018 00:01:08 GMT']
      etag: ['"0x8D58AD0EBCFC239"']
      expires: ['-1']
      last-modified: ['Fri, 16 Mar 2018 00:00:25 GMT']
      pragma: [no-cache]
      request-id: [4ab90e68-c1a7-487d-980e-afa3cfe31f0c]
      server: [Microsoft-HTTPAPI/2.0]
      strict-transport-security: [max-age=31536000; includeSubDomains]
      transfer-encoding: [chunked]
      vary: [Accept-Encoding]
      x-content-type-options: [nosniff]
    status: {code: 200, message: OK}
- request:
    body: null
    headers:
      Accept: [application/json]
      Accept-Encoding: ['gzip, deflate']
      Connection: [keep-alive]
      Content-Type: [application/json; charset=utf-8]
      User-Agent: [python/3.6.4 (Linux-4.15.6-300.fc27.x86_64-x86_64-with-fedora-27-Twenty_Seven)
          requests/2.18.4 msrest/0.4.27 msrest_azure/0.4.22 azure-mgmt-batchai/1.0.0
          Azure-SDK-For-Python]
      accept-language: [en-US]
    method: GET
    uri: https://management.azure.com/subscriptions/00000000-0000-0000-0000-000000000000/resourceGroups/test_mgmt_batchai_clusters_test_cluster_resizinge61f13ed/providers/Microsoft.BatchAI/clusters/clustere61f13ed?api-version=2018-03-01
  response:
    body: {string: '{"id":"/subscriptions/00000000-0000-0000-0000-000000000000/resourceGroups/test_mgmt_batchai_clusters_test_cluster_resizinge61f13ed/providers/Microsoft.BatchAI/clusters/clustere61f13ed","name":"clustere61f13ed","type":"Microsoft.BatchAI/Clusters","location":"westeurope","properties":{"provisioningState":"succeeded","allocationState":"steady","creationTime":"2018-03-15T23:49:58.966Z","allocationStateTransitionTime":"2018-03-15T23:59:47.923Z","provisioningStateTransitionTime":"2018-03-15T23:49:59.559Z","vmSize":"STANDARD_D1","currentNodeCount":0,"nodeStateCounts":{"runningNodeCount":0,"idleNodeCount":0,"unusableNodeCount":0,"preparingNodeCount":0,"leavingNodeCount":0},"vmPriority":"lowpriority","scaleSettings":{"manual":{"targetNodeCount":1,"nodeDeallocationOption":"requeue"}},"virtualMachineConfiguration":{"imageReference":{"publisher":"Canonical","offer":"UbuntuServer","sku":"16.04-LTS","version":"latest"}},"userAccountSettings":{"adminUserName":"demoUser"},"nodeSetup":{"mountVolumes":{"azureFileShares":[{"accountName":"psdke61f13ed","azureFileUrl":"https://psdke61f13ed.file.core.windows.net/share","credentials":{},"relativeMountPath":"azfiles","fileMode":"0777","directoryMode":"0777"}]}}}}'}
    headers:
      cache-control: [no-cache]
      content-length: ['1208']
      content-type: [application/json; charset=utf-8]
      date: ['Fri, 16 Mar 2018 00:01:30 GMT']
      etag: ['"0x8D58AD0EBCFC239"']
      expires: ['-1']
      last-modified: ['Fri, 16 Mar 2018 00:00:25 GMT']
      pragma: [no-cache]
      request-id: [27b6fc72-bcaa-4939-a3f7-a459153765f3]
      server: [Microsoft-HTTPAPI/2.0]
      strict-transport-security: [max-age=31536000; includeSubDomains]
      transfer-encoding: [chunked]
      vary: [Accept-Encoding]
      x-content-type-options: [nosniff]
    status: {code: 200, message: OK}
- request:
    body: null
    headers:
      Accept: [application/json]
      Accept-Encoding: ['gzip, deflate']
      Connection: [keep-alive]
      Content-Type: [application/json; charset=utf-8]
      User-Agent: [python/3.6.4 (Linux-4.15.6-300.fc27.x86_64-x86_64-with-fedora-27-Twenty_Seven)
          requests/2.18.4 msrest/0.4.27 msrest_azure/0.4.22 azure-mgmt-batchai/1.0.0
          Azure-SDK-For-Python]
      accept-language: [en-US]
    method: GET
    uri: https://management.azure.com/subscriptions/00000000-0000-0000-0000-000000000000/resourceGroups/test_mgmt_batchai_clusters_test_cluster_resizinge61f13ed/providers/Microsoft.BatchAI/clusters/clustere61f13ed?api-version=2018-03-01
  response:
    body: {string: '{"id":"/subscriptions/00000000-0000-0000-0000-000000000000/resourceGroups/test_mgmt_batchai_clusters_test_cluster_resizinge61f13ed/providers/Microsoft.BatchAI/clusters/clustere61f13ed","name":"clustere61f13ed","type":"Microsoft.BatchAI/Clusters","location":"westeurope","properties":{"provisioningState":"succeeded","allocationState":"steady","creationTime":"2018-03-15T23:49:58.966Z","allocationStateTransitionTime":"2018-03-15T23:59:47.923Z","provisioningStateTransitionTime":"2018-03-15T23:49:59.559Z","vmSize":"STANDARD_D1","currentNodeCount":0,"nodeStateCounts":{"runningNodeCount":0,"idleNodeCount":0,"unusableNodeCount":0,"preparingNodeCount":0,"leavingNodeCount":0},"vmPriority":"lowpriority","scaleSettings":{"manual":{"targetNodeCount":1,"nodeDeallocationOption":"requeue"}},"virtualMachineConfiguration":{"imageReference":{"publisher":"Canonical","offer":"UbuntuServer","sku":"16.04-LTS","version":"latest"}},"userAccountSettings":{"adminUserName":"demoUser"},"nodeSetup":{"mountVolumes":{"azureFileShares":[{"accountName":"psdke61f13ed","azureFileUrl":"https://psdke61f13ed.file.core.windows.net/share","credentials":{},"relativeMountPath":"azfiles","fileMode":"0777","directoryMode":"0777"}]}}}}'}
    headers:
      cache-control: [no-cache]
      content-length: ['1208']
      content-type: [application/json; charset=utf-8]
      date: ['Fri, 16 Mar 2018 00:01:52 GMT']
      etag: ['"0x8D58AD0EBCFC239"']
      expires: ['-1']
      last-modified: ['Fri, 16 Mar 2018 00:00:25 GMT']
      pragma: [no-cache]
      request-id: [ae2e2975-f29e-440f-96f1-0c4f407d60f6]
      server: [Microsoft-HTTPAPI/2.0]
      strict-transport-security: [max-age=31536000; includeSubDomains]
      transfer-encoding: [chunked]
      vary: [Accept-Encoding]
      x-content-type-options: [nosniff]
    status: {code: 200, message: OK}
- request:
    body: null
    headers:
      Accept: [application/json]
      Accept-Encoding: ['gzip, deflate']
      Connection: [keep-alive]
      Content-Type: [application/json; charset=utf-8]
      User-Agent: [python/3.6.4 (Linux-4.15.6-300.fc27.x86_64-x86_64-with-fedora-27-Twenty_Seven)
          requests/2.18.4 msrest/0.4.27 msrest_azure/0.4.22 azure-mgmt-batchai/1.0.0
          Azure-SDK-For-Python]
      accept-language: [en-US]
    method: GET
    uri: https://management.azure.com/subscriptions/00000000-0000-0000-0000-000000000000/resourceGroups/test_mgmt_batchai_clusters_test_cluster_resizinge61f13ed/providers/Microsoft.BatchAI/clusters/clustere61f13ed?api-version=2018-03-01
  response:
    body: {string: '{"id":"/subscriptions/00000000-0000-0000-0000-000000000000/resourceGroups/test_mgmt_batchai_clusters_test_cluster_resizinge61f13ed/providers/Microsoft.BatchAI/clusters/clustere61f13ed","name":"clustere61f13ed","type":"Microsoft.BatchAI/Clusters","location":"westeurope","properties":{"provisioningState":"succeeded","allocationState":"steady","creationTime":"2018-03-15T23:49:58.966Z","allocationStateTransitionTime":"2018-03-15T23:59:47.923Z","provisioningStateTransitionTime":"2018-03-15T23:49:59.559Z","vmSize":"STANDARD_D1","currentNodeCount":0,"nodeStateCounts":{"runningNodeCount":0,"idleNodeCount":0,"unusableNodeCount":0,"preparingNodeCount":0,"leavingNodeCount":0},"vmPriority":"lowpriority","scaleSettings":{"manual":{"targetNodeCount":1,"nodeDeallocationOption":"requeue"}},"virtualMachineConfiguration":{"imageReference":{"publisher":"Canonical","offer":"UbuntuServer","sku":"16.04-LTS","version":"latest"}},"userAccountSettings":{"adminUserName":"demoUser"},"nodeSetup":{"mountVolumes":{"azureFileShares":[{"accountName":"psdke61f13ed","azureFileUrl":"https://psdke61f13ed.file.core.windows.net/share","credentials":{},"relativeMountPath":"azfiles","fileMode":"0777","directoryMode":"0777"}]}}}}'}
    headers:
      cache-control: [no-cache]
      content-length: ['1208']
      content-type: [application/json; charset=utf-8]
      date: ['Fri, 16 Mar 2018 00:02:13 GMT']
      etag: ['"0x8D58AD0EBCFC239"']
      expires: ['-1']
      last-modified: ['Fri, 16 Mar 2018 00:00:25 GMT']
      pragma: [no-cache]
      request-id: [7693a251-ddb1-408b-b06a-368d592e2b18]
      server: [Microsoft-HTTPAPI/2.0]
      strict-transport-security: [max-age=31536000; includeSubDomains]
      transfer-encoding: [chunked]
      vary: [Accept-Encoding]
      x-content-type-options: [nosniff]
    status: {code: 200, message: OK}
- request:
    body: null
    headers:
      Accept: [application/json]
      Accept-Encoding: ['gzip, deflate']
      Connection: [keep-alive]
      Content-Type: [application/json; charset=utf-8]
      User-Agent: [python/3.6.4 (Linux-4.15.6-300.fc27.x86_64-x86_64-with-fedora-27-Twenty_Seven)
          requests/2.18.4 msrest/0.4.27 msrest_azure/0.4.22 azure-mgmt-batchai/1.0.0
          Azure-SDK-For-Python]
      accept-language: [en-US]
    method: GET
    uri: https://management.azure.com/subscriptions/00000000-0000-0000-0000-000000000000/resourceGroups/test_mgmt_batchai_clusters_test_cluster_resizinge61f13ed/providers/Microsoft.BatchAI/clusters/clustere61f13ed?api-version=2018-03-01
  response:
    body: {string: '{"id":"/subscriptions/00000000-0000-0000-0000-000000000000/resourceGroups/test_mgmt_batchai_clusters_test_cluster_resizinge61f13ed/providers/Microsoft.BatchAI/clusters/clustere61f13ed","name":"clustere61f13ed","type":"Microsoft.BatchAI/Clusters","location":"westeurope","properties":{"provisioningState":"succeeded","allocationState":"steady","creationTime":"2018-03-15T23:49:58.966Z","allocationStateTransitionTime":"2018-03-15T23:59:47.923Z","provisioningStateTransitionTime":"2018-03-15T23:49:59.559Z","vmSize":"STANDARD_D1","currentNodeCount":0,"nodeStateCounts":{"runningNodeCount":0,"idleNodeCount":0,"unusableNodeCount":0,"preparingNodeCount":0,"leavingNodeCount":0},"vmPriority":"lowpriority","scaleSettings":{"manual":{"targetNodeCount":1,"nodeDeallocationOption":"requeue"}},"virtualMachineConfiguration":{"imageReference":{"publisher":"Canonical","offer":"UbuntuServer","sku":"16.04-LTS","version":"latest"}},"userAccountSettings":{"adminUserName":"demoUser"},"nodeSetup":{"mountVolumes":{"azureFileShares":[{"accountName":"psdke61f13ed","azureFileUrl":"https://psdke61f13ed.file.core.windows.net/share","credentials":{},"relativeMountPath":"azfiles","fileMode":"0777","directoryMode":"0777"}]}}}}'}
    headers:
      cache-control: [no-cache]
      content-length: ['1208']
      content-type: [application/json; charset=utf-8]
      date: ['Fri, 16 Mar 2018 00:02:34 GMT']
      etag: ['"0x8D58AD0EBCFC239"']
      expires: ['-1']
      last-modified: ['Fri, 16 Mar 2018 00:00:25 GMT']
      pragma: [no-cache]
      request-id: [4e180a44-5659-44d0-a4d2-5fe87dd54812]
      server: [Microsoft-HTTPAPI/2.0]
      strict-transport-security: [max-age=31536000; includeSubDomains]
      transfer-encoding: [chunked]
      vary: [Accept-Encoding]
      x-content-type-options: [nosniff]
    status: {code: 200, message: OK}
- request:
    body: null
    headers:
      Accept: [application/json]
      Accept-Encoding: ['gzip, deflate']
      Connection: [keep-alive]
      Content-Type: [application/json; charset=utf-8]
      User-Agent: [python/3.6.4 (Linux-4.15.6-300.fc27.x86_64-x86_64-with-fedora-27-Twenty_Seven)
          requests/2.18.4 msrest/0.4.27 msrest_azure/0.4.22 azure-mgmt-batchai/1.0.0
          Azure-SDK-For-Python]
      accept-language: [en-US]
    method: GET
    uri: https://management.azure.com/subscriptions/00000000-0000-0000-0000-000000000000/resourceGroups/test_mgmt_batchai_clusters_test_cluster_resizinge61f13ed/providers/Microsoft.BatchAI/clusters/clustere61f13ed?api-version=2018-03-01
  response:
    body: {string: '{"id":"/subscriptions/00000000-0000-0000-0000-000000000000/resourceGroups/test_mgmt_batchai_clusters_test_cluster_resizinge61f13ed/providers/Microsoft.BatchAI/clusters/clustere61f13ed","name":"clustere61f13ed","type":"Microsoft.BatchAI/Clusters","location":"westeurope","properties":{"provisioningState":"succeeded","allocationState":"resizing","creationTime":"2018-03-15T23:49:58.966Z","allocationStateTransitionTime":"2018-03-16T00:02:25.7Z","provisioningStateTransitionTime":"2018-03-15T23:49:59.559Z","vmSize":"STANDARD_D1","currentNodeCount":0,"nodeStateCounts":{"runningNodeCount":0,"idleNodeCount":0,"unusableNodeCount":0,"preparingNodeCount":0,"leavingNodeCount":0},"vmPriority":"lowpriority","scaleSettings":{"manual":{"targetNodeCount":1,"nodeDeallocationOption":"requeue"}},"virtualMachineConfiguration":{"imageReference":{"publisher":"Canonical","offer":"UbuntuServer","sku":"16.04-LTS","version":"latest"}},"userAccountSettings":{"adminUserName":"demoUser"},"nodeSetup":{"mountVolumes":{"azureFileShares":[{"accountName":"psdke61f13ed","azureFileUrl":"https://psdke61f13ed.file.core.windows.net/share","credentials":{},"relativeMountPath":"azfiles","fileMode":"0777","directoryMode":"0777"}]}}}}'}
    headers:
      cache-control: [no-cache]
      content-length: ['1208']
      content-type: [application/json; charset=utf-8]
      date: ['Fri, 16 Mar 2018 00:02:56 GMT']
      etag: ['"0x8D58AD0EBCFC239"']
      expires: ['-1']
      last-modified: ['Fri, 16 Mar 2018 00:00:25 GMT']
      pragma: [no-cache]
      request-id: [3d59ccaa-7caf-4575-a4b1-54f474996e24]
      server: [Microsoft-HTTPAPI/2.0]
      strict-transport-security: [max-age=31536000; includeSubDomains]
      transfer-encoding: [chunked]
      vary: [Accept-Encoding]
      x-content-type-options: [nosniff]
    status: {code: 200, message: OK}
- request:
    body: null
    headers:
      Accept: [application/json]
      Accept-Encoding: ['gzip, deflate']
      Connection: [keep-alive]
      Content-Type: [application/json; charset=utf-8]
      User-Agent: [python/3.6.4 (Linux-4.15.6-300.fc27.x86_64-x86_64-with-fedora-27-Twenty_Seven)
          requests/2.18.4 msrest/0.4.27 msrest_azure/0.4.22 azure-mgmt-batchai/1.0.0
          Azure-SDK-For-Python]
      accept-language: [en-US]
    method: GET
    uri: https://management.azure.com/subscriptions/00000000-0000-0000-0000-000000000000/resourceGroups/test_mgmt_batchai_clusters_test_cluster_resizinge61f13ed/providers/Microsoft.BatchAI/clusters/clustere61f13ed?api-version=2018-03-01
  response:
    body: {string: '{"id":"/subscriptions/00000000-0000-0000-0000-000000000000/resourceGroups/test_mgmt_batchai_clusters_test_cluster_resizinge61f13ed/providers/Microsoft.BatchAI/clusters/clustere61f13ed","name":"clustere61f13ed","type":"Microsoft.BatchAI/Clusters","location":"westeurope","properties":{"provisioningState":"succeeded","allocationState":"resizing","creationTime":"2018-03-15T23:49:58.966Z","allocationStateTransitionTime":"2018-03-16T00:02:25.7Z","provisioningStateTransitionTime":"2018-03-15T23:49:59.559Z","vmSize":"STANDARD_D1","currentNodeCount":0,"nodeStateCounts":{"runningNodeCount":0,"idleNodeCount":0,"unusableNodeCount":0,"preparingNodeCount":0,"leavingNodeCount":0},"vmPriority":"lowpriority","scaleSettings":{"manual":{"targetNodeCount":1,"nodeDeallocationOption":"requeue"}},"virtualMachineConfiguration":{"imageReference":{"publisher":"Canonical","offer":"UbuntuServer","sku":"16.04-LTS","version":"latest"}},"userAccountSettings":{"adminUserName":"demoUser"},"nodeSetup":{"mountVolumes":{"azureFileShares":[{"accountName":"psdke61f13ed","azureFileUrl":"https://psdke61f13ed.file.core.windows.net/share","credentials":{},"relativeMountPath":"azfiles","fileMode":"0777","directoryMode":"0777"}]}}}}'}
    headers:
      cache-control: [no-cache]
      content-length: ['1208']
      content-type: [application/json; charset=utf-8]
      date: ['Fri, 16 Mar 2018 00:03:18 GMT']
      etag: ['"0x8D58AD0EBCFC239"']
      expires: ['-1']
      last-modified: ['Fri, 16 Mar 2018 00:00:25 GMT']
      pragma: [no-cache]
      request-id: [8961178b-b29a-4473-9dbb-a6553f4afd04]
      server: [Microsoft-HTTPAPI/2.0]
      strict-transport-security: [max-age=31536000; includeSubDomains]
      transfer-encoding: [chunked]
      vary: [Accept-Encoding]
      x-content-type-options: [nosniff]
    status: {code: 200, message: OK}
- request:
    body: null
    headers:
      Accept: [application/json]
      Accept-Encoding: ['gzip, deflate']
      Connection: [keep-alive]
      Content-Type: [application/json; charset=utf-8]
      User-Agent: [python/3.6.4 (Linux-4.15.6-300.fc27.x86_64-x86_64-with-fedora-27-Twenty_Seven)
          requests/2.18.4 msrest/0.4.27 msrest_azure/0.4.22 azure-mgmt-batchai/1.0.0
          Azure-SDK-For-Python]
      accept-language: [en-US]
    method: GET
    uri: https://management.azure.com/subscriptions/00000000-0000-0000-0000-000000000000/resourceGroups/test_mgmt_batchai_clusters_test_cluster_resizinge61f13ed/providers/Microsoft.BatchAI/clusters/clustere61f13ed?api-version=2018-03-01
  response:
    body: {string: '{"id":"/subscriptions/00000000-0000-0000-0000-000000000000/resourceGroups/test_mgmt_batchai_clusters_test_cluster_resizinge61f13ed/providers/Microsoft.BatchAI/clusters/clustere61f13ed","name":"clustere61f13ed","type":"Microsoft.BatchAI/Clusters","location":"westeurope","properties":{"provisioningState":"succeeded","allocationState":"resizing","creationTime":"2018-03-15T23:49:58.966Z","allocationStateTransitionTime":"2018-03-16T00:02:25.7Z","provisioningStateTransitionTime":"2018-03-15T23:49:59.559Z","vmSize":"STANDARD_D1","currentNodeCount":0,"nodeStateCounts":{"runningNodeCount":0,"idleNodeCount":0,"unusableNodeCount":0,"preparingNodeCount":0,"leavingNodeCount":0},"vmPriority":"lowpriority","scaleSettings":{"manual":{"targetNodeCount":1,"nodeDeallocationOption":"requeue"}},"virtualMachineConfiguration":{"imageReference":{"publisher":"Canonical","offer":"UbuntuServer","sku":"16.04-LTS","version":"latest"}},"userAccountSettings":{"adminUserName":"demoUser"},"nodeSetup":{"mountVolumes":{"azureFileShares":[{"accountName":"psdke61f13ed","azureFileUrl":"https://psdke61f13ed.file.core.windows.net/share","credentials":{},"relativeMountPath":"azfiles","fileMode":"0777","directoryMode":"0777"}]}}}}'}
    headers:
      cache-control: [no-cache]
      content-length: ['1208']
      content-type: [application/json; charset=utf-8]
      date: ['Fri, 16 Mar 2018 00:03:40 GMT']
      etag: ['"0x8D58AD0EBCFC239"']
      expires: ['-1']
      last-modified: ['Fri, 16 Mar 2018 00:00:25 GMT']
      pragma: [no-cache]
      request-id: [aa47a6f0-beff-4fc8-9a38-a5dd1affb7f8]
      server: [Microsoft-HTTPAPI/2.0]
      strict-transport-security: [max-age=31536000; includeSubDomains]
      transfer-encoding: [chunked]
      vary: [Accept-Encoding]
      x-content-type-options: [nosniff]
    status: {code: 200, message: OK}
- request:
    body: null
    headers:
      Accept: [application/json]
      Accept-Encoding: ['gzip, deflate']
      Connection: [keep-alive]
      Content-Type: [application/json; charset=utf-8]
      User-Agent: [python/3.6.4 (Linux-4.15.6-300.fc27.x86_64-x86_64-with-fedora-27-Twenty_Seven)
          requests/2.18.4 msrest/0.4.27 msrest_azure/0.4.22 azure-mgmt-batchai/1.0.0
          Azure-SDK-For-Python]
      accept-language: [en-US]
    method: GET
    uri: https://management.azure.com/subscriptions/00000000-0000-0000-0000-000000000000/resourceGroups/test_mgmt_batchai_clusters_test_cluster_resizinge61f13ed/providers/Microsoft.BatchAI/clusters/clustere61f13ed?api-version=2018-03-01
  response:
    body: {string: '{"id":"/subscriptions/00000000-0000-0000-0000-000000000000/resourceGroups/test_mgmt_batchai_clusters_test_cluster_resizinge61f13ed/providers/Microsoft.BatchAI/clusters/clustere61f13ed","name":"clustere61f13ed","type":"Microsoft.BatchAI/Clusters","location":"westeurope","properties":{"provisioningState":"succeeded","allocationState":"steady","creationTime":"2018-03-15T23:49:58.966Z","allocationStateTransitionTime":"2018-03-16T00:04:00.326Z","provisioningStateTransitionTime":"2018-03-15T23:49:59.559Z","vmSize":"STANDARD_D1","currentNodeCount":1,"nodeStateCounts":{"runningNodeCount":0,"idleNodeCount":0,"unusableNodeCount":0,"preparingNodeCount":1,"leavingNodeCount":0},"vmPriority":"lowpriority","scaleSettings":{"manual":{"targetNodeCount":1,"nodeDeallocationOption":"requeue"}},"virtualMachineConfiguration":{"imageReference":{"publisher":"Canonical","offer":"UbuntuServer","sku":"16.04-LTS","version":"latest"}},"userAccountSettings":{"adminUserName":"demoUser"},"nodeSetup":{"mountVolumes":{"azureFileShares":[{"accountName":"psdke61f13ed","azureFileUrl":"https://psdke61f13ed.file.core.windows.net/share","credentials":{},"relativeMountPath":"azfiles","fileMode":"0777","directoryMode":"0777"}]}}}}'}
    headers:
      cache-control: [no-cache]
      content-length: ['1208']
      content-type: [application/json; charset=utf-8]
      date: ['Fri, 16 Mar 2018 00:04:01 GMT']
      etag: ['"0x8D58AD0EBCFC239"']
      expires: ['-1']
      last-modified: ['Fri, 16 Mar 2018 00:00:25 GMT']
      pragma: [no-cache]
      request-id: [2392c390-b7d3-4227-831b-2c3a469f278d]
      server: [Microsoft-HTTPAPI/2.0]
      strict-transport-security: [max-age=31536000; includeSubDomains]
      transfer-encoding: [chunked]
      vary: [Accept-Encoding]
      x-content-type-options: [nosniff]
    status: {code: 200, message: OK}
- request:
    body: null
    headers:
      Accept: [application/json]
      Accept-Encoding: ['gzip, deflate']
      Connection: [keep-alive]
      Content-Type: [application/json; charset=utf-8]
      User-Agent: [python/3.6.4 (Linux-4.15.6-300.fc27.x86_64-x86_64-with-fedora-27-Twenty_Seven)
          requests/2.18.4 msrest/0.4.27 msrest_azure/0.4.22 azure-mgmt-batchai/1.0.0
          Azure-SDK-For-Python]
      accept-language: [en-US]
    method: GET
    uri: https://management.azure.com/subscriptions/00000000-0000-0000-0000-000000000000/resourceGroups/test_mgmt_batchai_clusters_test_cluster_resizinge61f13ed/providers/Microsoft.BatchAI/clusters/clustere61f13ed?api-version=2018-03-01
  response:
    body: {string: '{"id":"/subscriptions/00000000-0000-0000-0000-000000000000/resourceGroups/test_mgmt_batchai_clusters_test_cluster_resizinge61f13ed/providers/Microsoft.BatchAI/clusters/clustere61f13ed","name":"clustere61f13ed","type":"Microsoft.BatchAI/Clusters","location":"westeurope","properties":{"provisioningState":"succeeded","allocationState":"steady","creationTime":"2018-03-15T23:49:58.966Z","allocationStateTransitionTime":"2018-03-16T00:04:00.326Z","provisioningStateTransitionTime":"2018-03-15T23:49:59.559Z","vmSize":"STANDARD_D1","currentNodeCount":1,"nodeStateCounts":{"runningNodeCount":0,"idleNodeCount":0,"unusableNodeCount":0,"preparingNodeCount":1,"leavingNodeCount":0},"vmPriority":"lowpriority","scaleSettings":{"manual":{"targetNodeCount":1,"nodeDeallocationOption":"requeue"}},"virtualMachineConfiguration":{"imageReference":{"publisher":"Canonical","offer":"UbuntuServer","sku":"16.04-LTS","version":"latest"}},"userAccountSettings":{"adminUserName":"demoUser"},"nodeSetup":{"mountVolumes":{"azureFileShares":[{"accountName":"psdke61f13ed","azureFileUrl":"https://psdke61f13ed.file.core.windows.net/share","credentials":{},"relativeMountPath":"azfiles","fileMode":"0777","directoryMode":"0777"}]}}}}'}
    headers:
      cache-control: [no-cache]
      content-length: ['1208']
      content-type: [application/json; charset=utf-8]
      date: ['Fri, 16 Mar 2018 00:04:22 GMT']
      etag: ['"0x8D58AD0EBCFC239"']
      expires: ['-1']
      last-modified: ['Fri, 16 Mar 2018 00:00:25 GMT']
      pragma: [no-cache]
      request-id: [f92c9764-0174-4813-9e79-249b4fd11f09]
      server: [Microsoft-HTTPAPI/2.0]
      strict-transport-security: [max-age=31536000; includeSubDomains]
      transfer-encoding: [chunked]
      vary: [Accept-Encoding]
      x-content-type-options: [nosniff]
    status: {code: 200, message: OK}
- request:
    body: null
    headers:
      Accept: [application/json]
      Accept-Encoding: ['gzip, deflate']
      Connection: [keep-alive]
      Content-Type: [application/json; charset=utf-8]
      User-Agent: [python/3.6.4 (Linux-4.15.6-300.fc27.x86_64-x86_64-with-fedora-27-Twenty_Seven)
          requests/2.18.4 msrest/0.4.27 msrest_azure/0.4.22 azure-mgmt-batchai/1.0.0
          Azure-SDK-For-Python]
      accept-language: [en-US]
    method: GET
    uri: https://management.azure.com/subscriptions/00000000-0000-0000-0000-000000000000/resourceGroups/test_mgmt_batchai_clusters_test_cluster_resizinge61f13ed/providers/Microsoft.BatchAI/clusters/clustere61f13ed?api-version=2018-03-01
  response:
    body: {string: '{"id":"/subscriptions/00000000-0000-0000-0000-000000000000/resourceGroups/test_mgmt_batchai_clusters_test_cluster_resizinge61f13ed/providers/Microsoft.BatchAI/clusters/clustere61f13ed","name":"clustere61f13ed","type":"Microsoft.BatchAI/Clusters","location":"westeurope","properties":{"provisioningState":"succeeded","allocationState":"steady","creationTime":"2018-03-15T23:49:58.966Z","allocationStateTransitionTime":"2018-03-16T00:04:00.326Z","provisioningStateTransitionTime":"2018-03-15T23:49:59.559Z","vmSize":"STANDARD_D1","currentNodeCount":1,"nodeStateCounts":{"runningNodeCount":0,"idleNodeCount":0,"unusableNodeCount":0,"preparingNodeCount":1,"leavingNodeCount":0},"vmPriority":"lowpriority","scaleSettings":{"manual":{"targetNodeCount":1,"nodeDeallocationOption":"requeue"}},"virtualMachineConfiguration":{"imageReference":{"publisher":"Canonical","offer":"UbuntuServer","sku":"16.04-LTS","version":"latest"}},"userAccountSettings":{"adminUserName":"demoUser"},"nodeSetup":{"mountVolumes":{"azureFileShares":[{"accountName":"psdke61f13ed","azureFileUrl":"https://psdke61f13ed.file.core.windows.net/share","credentials":{},"relativeMountPath":"azfiles","fileMode":"0777","directoryMode":"0777"}]}}}}'}
    headers:
      cache-control: [no-cache]
      content-length: ['1208']
      content-type: [application/json; charset=utf-8]
      date: ['Fri, 16 Mar 2018 00:04:44 GMT']
      etag: ['"0x8D58AD0EBCFC239"']
      expires: ['-1']
      last-modified: ['Fri, 16 Mar 2018 00:00:25 GMT']
      pragma: [no-cache]
      request-id: [35a0f356-9fd0-4075-a5ae-661de9e2f832]
      server: [Microsoft-HTTPAPI/2.0]
      strict-transport-security: [max-age=31536000; includeSubDomains]
      transfer-encoding: [chunked]
      vary: [Accept-Encoding]
      x-content-type-options: [nosniff]
    status: {code: 200, message: OK}
- request:
    body: null
    headers:
      Accept: [application/json]
      Accept-Encoding: ['gzip, deflate']
      Connection: [keep-alive]
      Content-Type: [application/json; charset=utf-8]
      User-Agent: [python/3.6.4 (Linux-4.15.6-300.fc27.x86_64-x86_64-with-fedora-27-Twenty_Seven)
          requests/2.18.4 msrest/0.4.27 msrest_azure/0.4.22 azure-mgmt-batchai/1.0.0
          Azure-SDK-For-Python]
      accept-language: [en-US]
    method: GET
    uri: https://management.azure.com/subscriptions/00000000-0000-0000-0000-000000000000/resourceGroups/test_mgmt_batchai_clusters_test_cluster_resizinge61f13ed/providers/Microsoft.BatchAI/clusters/clustere61f13ed?api-version=2018-03-01
  response:
    body: {string: '{"id":"/subscriptions/00000000-0000-0000-0000-000000000000/resourceGroups/test_mgmt_batchai_clusters_test_cluster_resizinge61f13ed/providers/Microsoft.BatchAI/clusters/clustere61f13ed","name":"clustere61f13ed","type":"Microsoft.BatchAI/Clusters","location":"westeurope","properties":{"provisioningState":"succeeded","allocationState":"steady","creationTime":"2018-03-15T23:49:58.966Z","allocationStateTransitionTime":"2018-03-16T00:04:00.326Z","provisioningStateTransitionTime":"2018-03-15T23:49:59.559Z","vmSize":"STANDARD_D1","currentNodeCount":1,"nodeStateCounts":{"runningNodeCount":0,"idleNodeCount":0,"unusableNodeCount":0,"preparingNodeCount":1,"leavingNodeCount":0},"vmPriority":"lowpriority","scaleSettings":{"manual":{"targetNodeCount":1,"nodeDeallocationOption":"requeue"}},"virtualMachineConfiguration":{"imageReference":{"publisher":"Canonical","offer":"UbuntuServer","sku":"16.04-LTS","version":"latest"}},"userAccountSettings":{"adminUserName":"demoUser"},"nodeSetup":{"mountVolumes":{"azureFileShares":[{"accountName":"psdke61f13ed","azureFileUrl":"https://psdke61f13ed.file.core.windows.net/share","credentials":{},"relativeMountPath":"azfiles","fileMode":"0777","directoryMode":"0777"}]}}}}'}
    headers:
      cache-control: [no-cache]
      content-length: ['1208']
      content-type: [application/json; charset=utf-8]
      date: ['Fri, 16 Mar 2018 00:05:05 GMT']
      etag: ['"0x8D58AD0EBCFC239"']
      expires: ['-1']
      last-modified: ['Fri, 16 Mar 2018 00:00:25 GMT']
      pragma: [no-cache]
      request-id: [5712cc4a-4ca6-4df8-ad57-7f86a028ae69]
      server: [Microsoft-HTTPAPI/2.0]
      strict-transport-security: [max-age=31536000; includeSubDomains]
      transfer-encoding: [chunked]
      vary: [Accept-Encoding]
      x-content-type-options: [nosniff]
    status: {code: 200, message: OK}
- request:
    body: null
    headers:
      Accept: [application/json]
      Accept-Encoding: ['gzip, deflate']
      Connection: [keep-alive]
      Content-Type: [application/json; charset=utf-8]
      User-Agent: [python/3.6.4 (Linux-4.15.6-300.fc27.x86_64-x86_64-with-fedora-27-Twenty_Seven)
          requests/2.18.4 msrest/0.4.27 msrest_azure/0.4.22 azure-mgmt-batchai/1.0.0
          Azure-SDK-For-Python]
      accept-language: [en-US]
    method: GET
    uri: https://management.azure.com/subscriptions/00000000-0000-0000-0000-000000000000/resourceGroups/test_mgmt_batchai_clusters_test_cluster_resizinge61f13ed/providers/Microsoft.BatchAI/clusters/clustere61f13ed?api-version=2018-03-01
  response:
    body: {string: '{"id":"/subscriptions/00000000-0000-0000-0000-000000000000/resourceGroups/test_mgmt_batchai_clusters_test_cluster_resizinge61f13ed/providers/Microsoft.BatchAI/clusters/clustere61f13ed","name":"clustere61f13ed","type":"Microsoft.BatchAI/Clusters","location":"westeurope","properties":{"provisioningState":"succeeded","allocationState":"steady","creationTime":"2018-03-15T23:49:58.966Z","allocationStateTransitionTime":"2018-03-16T00:04:00.326Z","provisioningStateTransitionTime":"2018-03-15T23:49:59.559Z","vmSize":"STANDARD_D1","currentNodeCount":1,"nodeStateCounts":{"runningNodeCount":0,"idleNodeCount":0,"unusableNodeCount":0,"preparingNodeCount":1,"leavingNodeCount":0},"vmPriority":"lowpriority","scaleSettings":{"manual":{"targetNodeCount":1,"nodeDeallocationOption":"requeue"}},"virtualMachineConfiguration":{"imageReference":{"publisher":"Canonical","offer":"UbuntuServer","sku":"16.04-LTS","version":"latest"}},"userAccountSettings":{"adminUserName":"demoUser"},"nodeSetup":{"mountVolumes":{"azureFileShares":[{"accountName":"psdke61f13ed","azureFileUrl":"https://psdke61f13ed.file.core.windows.net/share","credentials":{},"relativeMountPath":"azfiles","fileMode":"0777","directoryMode":"0777"}]}}}}'}
    headers:
      cache-control: [no-cache]
      content-length: ['1208']
      content-type: [application/json; charset=utf-8]
      date: ['Fri, 16 Mar 2018 00:05:26 GMT']
      etag: ['"0x8D58AD0EBCFC239"']
      expires: ['-1']
      last-modified: ['Fri, 16 Mar 2018 00:00:25 GMT']
      pragma: [no-cache]
      request-id: [6d72f198-e907-45e7-aa88-7d1a7db01b35]
      server: [Microsoft-HTTPAPI/2.0]
      strict-transport-security: [max-age=31536000; includeSubDomains]
      transfer-encoding: [chunked]
      vary: [Accept-Encoding]
      x-content-type-options: [nosniff]
    status: {code: 200, message: OK}
- request:
    body: null
    headers:
      Accept: [application/json]
      Accept-Encoding: ['gzip, deflate']
      Connection: [keep-alive]
      Content-Type: [application/json; charset=utf-8]
      User-Agent: [python/3.6.4 (Linux-4.15.6-300.fc27.x86_64-x86_64-with-fedora-27-Twenty_Seven)
          requests/2.18.4 msrest/0.4.27 msrest_azure/0.4.22 azure-mgmt-batchai/1.0.0
          Azure-SDK-For-Python]
      accept-language: [en-US]
    method: GET
    uri: https://management.azure.com/subscriptions/00000000-0000-0000-0000-000000000000/resourceGroups/test_mgmt_batchai_clusters_test_cluster_resizinge61f13ed/providers/Microsoft.BatchAI/clusters/clustere61f13ed?api-version=2018-03-01
  response:
    body: {string: '{"id":"/subscriptions/00000000-0000-0000-0000-000000000000/resourceGroups/test_mgmt_batchai_clusters_test_cluster_resizinge61f13ed/providers/Microsoft.BatchAI/clusters/clustere61f13ed","name":"clustere61f13ed","type":"Microsoft.BatchAI/Clusters","location":"westeurope","properties":{"provisioningState":"succeeded","allocationState":"steady","creationTime":"2018-03-15T23:49:58.966Z","allocationStateTransitionTime":"2018-03-16T00:04:00.326Z","provisioningStateTransitionTime":"2018-03-15T23:49:59.559Z","vmSize":"STANDARD_D1","currentNodeCount":1,"nodeStateCounts":{"runningNodeCount":0,"idleNodeCount":0,"unusableNodeCount":0,"preparingNodeCount":1,"leavingNodeCount":0},"vmPriority":"lowpriority","scaleSettings":{"manual":{"targetNodeCount":1,"nodeDeallocationOption":"requeue"}},"virtualMachineConfiguration":{"imageReference":{"publisher":"Canonical","offer":"UbuntuServer","sku":"16.04-LTS","version":"latest"}},"userAccountSettings":{"adminUserName":"demoUser"},"nodeSetup":{"mountVolumes":{"azureFileShares":[{"accountName":"psdke61f13ed","azureFileUrl":"https://psdke61f13ed.file.core.windows.net/share","credentials":{},"relativeMountPath":"azfiles","fileMode":"0777","directoryMode":"0777"}]}}}}'}
    headers:
      cache-control: [no-cache]
      content-length: ['1208']
      content-type: [application/json; charset=utf-8]
      date: ['Fri, 16 Mar 2018 00:05:48 GMT']
      etag: ['"0x8D58AD0EBCFC239"']
      expires: ['-1']
      last-modified: ['Fri, 16 Mar 2018 00:00:25 GMT']
      pragma: [no-cache]
      request-id: [c33632fd-98b4-4407-b46c-a3a27a96d390]
      server: [Microsoft-HTTPAPI/2.0]
      strict-transport-security: [max-age=31536000; includeSubDomains]
      transfer-encoding: [chunked]
      vary: [Accept-Encoding]
      x-content-type-options: [nosniff]
    status: {code: 200, message: OK}
- request:
    body: null
    headers:
      Accept: [application/json]
      Accept-Encoding: ['gzip, deflate']
      Connection: [keep-alive]
      Content-Type: [application/json; charset=utf-8]
      User-Agent: [python/3.6.4 (Linux-4.15.6-300.fc27.x86_64-x86_64-with-fedora-27-Twenty_Seven)
          requests/2.18.4 msrest/0.4.27 msrest_azure/0.4.22 azure-mgmt-batchai/1.0.0
          Azure-SDK-For-Python]
      accept-language: [en-US]
    method: GET
    uri: https://management.azure.com/subscriptions/00000000-0000-0000-0000-000000000000/resourceGroups/test_mgmt_batchai_clusters_test_cluster_resizinge61f13ed/providers/Microsoft.BatchAI/clusters/clustere61f13ed?api-version=2018-03-01
  response:
    body: {string: '{"id":"/subscriptions/00000000-0000-0000-0000-000000000000/resourceGroups/test_mgmt_batchai_clusters_test_cluster_resizinge61f13ed/providers/Microsoft.BatchAI/clusters/clustere61f13ed","name":"clustere61f13ed","type":"Microsoft.BatchAI/Clusters","location":"westeurope","properties":{"provisioningState":"succeeded","allocationState":"steady","creationTime":"2018-03-15T23:49:58.966Z","allocationStateTransitionTime":"2018-03-16T00:04:00.326Z","provisioningStateTransitionTime":"2018-03-15T23:49:59.559Z","vmSize":"STANDARD_D1","currentNodeCount":1,"nodeStateCounts":{"runningNodeCount":0,"idleNodeCount":0,"unusableNodeCount":0,"preparingNodeCount":1,"leavingNodeCount":0},"vmPriority":"lowpriority","scaleSettings":{"manual":{"targetNodeCount":1,"nodeDeallocationOption":"requeue"}},"virtualMachineConfiguration":{"imageReference":{"publisher":"Canonical","offer":"UbuntuServer","sku":"16.04-LTS","version":"latest"}},"userAccountSettings":{"adminUserName":"demoUser"},"nodeSetup":{"mountVolumes":{"azureFileShares":[{"accountName":"psdke61f13ed","azureFileUrl":"https://psdke61f13ed.file.core.windows.net/share","credentials":{},"relativeMountPath":"azfiles","fileMode":"0777","directoryMode":"0777"}]}}}}'}
    headers:
      cache-control: [no-cache]
      content-length: ['1208']
      content-type: [application/json; charset=utf-8]
      date: ['Fri, 16 Mar 2018 00:06:10 GMT']
      etag: ['"0x8D58AD0EBCFC239"']
      expires: ['-1']
      last-modified: ['Fri, 16 Mar 2018 00:00:25 GMT']
      pragma: [no-cache]
      request-id: [a7674234-b835-4032-b89a-0a40465d61ca]
      server: [Microsoft-HTTPAPI/2.0]
      strict-transport-security: [max-age=31536000; includeSubDomains]
      transfer-encoding: [chunked]
      vary: [Accept-Encoding]
      x-content-type-options: [nosniff]
    status: {code: 200, message: OK}
- request:
    body: null
    headers:
      Accept: [application/json]
      Accept-Encoding: ['gzip, deflate']
      Connection: [keep-alive]
      Content-Type: [application/json; charset=utf-8]
      User-Agent: [python/3.6.4 (Linux-4.15.6-300.fc27.x86_64-x86_64-with-fedora-27-Twenty_Seven)
          requests/2.18.4 msrest/0.4.27 msrest_azure/0.4.22 azure-mgmt-batchai/1.0.0
          Azure-SDK-For-Python]
      accept-language: [en-US]
    method: GET
    uri: https://management.azure.com/subscriptions/00000000-0000-0000-0000-000000000000/resourceGroups/test_mgmt_batchai_clusters_test_cluster_resizinge61f13ed/providers/Microsoft.BatchAI/clusters/clustere61f13ed?api-version=2018-03-01
  response:
    body: {string: '{"id":"/subscriptions/00000000-0000-0000-0000-000000000000/resourceGroups/test_mgmt_batchai_clusters_test_cluster_resizinge61f13ed/providers/Microsoft.BatchAI/clusters/clustere61f13ed","name":"clustere61f13ed","type":"Microsoft.BatchAI/Clusters","location":"westeurope","properties":{"provisioningState":"succeeded","allocationState":"steady","creationTime":"2018-03-15T23:49:58.966Z","allocationStateTransitionTime":"2018-03-16T00:04:00.326Z","provisioningStateTransitionTime":"2018-03-15T23:49:59.559Z","vmSize":"STANDARD_D1","currentNodeCount":1,"nodeStateCounts":{"runningNodeCount":0,"idleNodeCount":0,"unusableNodeCount":0,"preparingNodeCount":1,"leavingNodeCount":0},"vmPriority":"lowpriority","scaleSettings":{"manual":{"targetNodeCount":1,"nodeDeallocationOption":"requeue"}},"virtualMachineConfiguration":{"imageReference":{"publisher":"Canonical","offer":"UbuntuServer","sku":"16.04-LTS","version":"latest"}},"userAccountSettings":{"adminUserName":"demoUser"},"nodeSetup":{"mountVolumes":{"azureFileShares":[{"accountName":"psdke61f13ed","azureFileUrl":"https://psdke61f13ed.file.core.windows.net/share","credentials":{},"relativeMountPath":"azfiles","fileMode":"0777","directoryMode":"0777"}]}}}}'}
    headers:
      cache-control: [no-cache]
      content-length: ['1208']
      content-type: [application/json; charset=utf-8]
      date: ['Fri, 16 Mar 2018 00:06:31 GMT']
      etag: ['"0x8D58AD0EBCFC239"']
      expires: ['-1']
      last-modified: ['Fri, 16 Mar 2018 00:00:25 GMT']
      pragma: [no-cache]
      request-id: [8cfdb5fe-81c1-487e-88f6-0e23218ae2ff]
      server: [Microsoft-HTTPAPI/2.0]
      strict-transport-security: [max-age=31536000; includeSubDomains]
      transfer-encoding: [chunked]
      vary: [Accept-Encoding]
      x-content-type-options: [nosniff]
    status: {code: 200, message: OK}
- request:
    body: null
    headers:
      Accept: [application/json]
      Accept-Encoding: ['gzip, deflate']
      Connection: [keep-alive]
      Content-Type: [application/json; charset=utf-8]
      User-Agent: [python/3.6.4 (Linux-4.15.6-300.fc27.x86_64-x86_64-with-fedora-27-Twenty_Seven)
          requests/2.18.4 msrest/0.4.27 msrest_azure/0.4.22 azure-mgmt-batchai/1.0.0
          Azure-SDK-For-Python]
      accept-language: [en-US]
    method: GET
    uri: https://management.azure.com/subscriptions/00000000-0000-0000-0000-000000000000/resourceGroups/test_mgmt_batchai_clusters_test_cluster_resizinge61f13ed/providers/Microsoft.BatchAI/clusters/clustere61f13ed?api-version=2018-03-01
  response:
    body: {string: '{"id":"/subscriptions/00000000-0000-0000-0000-000000000000/resourceGroups/test_mgmt_batchai_clusters_test_cluster_resizinge61f13ed/providers/Microsoft.BatchAI/clusters/clustere61f13ed","name":"clustere61f13ed","type":"Microsoft.BatchAI/Clusters","location":"westeurope","properties":{"provisioningState":"succeeded","allocationState":"steady","creationTime":"2018-03-15T23:49:58.966Z","allocationStateTransitionTime":"2018-03-16T00:04:00.326Z","provisioningStateTransitionTime":"2018-03-15T23:49:59.559Z","vmSize":"STANDARD_D1","currentNodeCount":1,"nodeStateCounts":{"runningNodeCount":0,"idleNodeCount":1,"unusableNodeCount":0,"preparingNodeCount":0,"leavingNodeCount":0},"vmPriority":"lowpriority","scaleSettings":{"manual":{"targetNodeCount":1,"nodeDeallocationOption":"requeue"}},"virtualMachineConfiguration":{"imageReference":{"publisher":"Canonical","offer":"UbuntuServer","sku":"16.04-LTS","version":"latest"}},"userAccountSettings":{"adminUserName":"demoUser"},"nodeSetup":{"mountVolumes":{"azureFileShares":[{"accountName":"psdke61f13ed","azureFileUrl":"https://psdke61f13ed.file.core.windows.net/share","credentials":{},"relativeMountPath":"azfiles","fileMode":"0777","directoryMode":"0777"}]}}}}'}
    headers:
      cache-control: [no-cache]
      content-length: ['1208']
      content-type: [application/json; charset=utf-8]
      date: ['Fri, 16 Mar 2018 00:06:52 GMT']
      etag: ['"0x8D58AD0EBCFC239"']
      expires: ['-1']
      last-modified: ['Fri, 16 Mar 2018 00:00:25 GMT']
      pragma: [no-cache]
      request-id: [ab7fc15e-1db2-4901-9f12-1140e0350552]
      server: [Microsoft-HTTPAPI/2.0]
      strict-transport-security: [max-age=31536000; includeSubDomains]
      transfer-encoding: [chunked]
      vary: [Accept-Encoding]
      x-content-type-options: [nosniff]
    status: {code: 200, message: OK}
- request:
    body: null
    headers:
      Accept: [application/json]
      Accept-Encoding: ['gzip, deflate']
      Connection: [keep-alive]
      Content-Length: ['0']
      Content-Type: [application/json; charset=utf-8]
      User-Agent: [python/3.6.4 (Linux-4.15.6-300.fc27.x86_64-x86_64-with-fedora-27-Twenty_Seven)
          requests/2.18.4 msrest/0.4.27 msrest_azure/0.4.22 azure-mgmt-batchai/1.0.0
          Azure-SDK-For-Python]
      accept-language: [en-US]
    method: POST
    uri: https://management.azure.com/subscriptions/00000000-0000-0000-0000-000000000000/resourceGroups/test_mgmt_batchai_clusters_test_cluster_resizinge61f13ed/providers/Microsoft.BatchAI/clusters/clustere61f13ed/listRemoteLoginInformation?api-version=2018-03-01
  response:
    body: {string: '{"value":[{"nodeId":"tvm-2346434939_2-20180316t000359z-p","ipAddress":"52.232.67.181","port":50000}]}'}
    headers:
      cache-control: [no-cache]
      content-length: ['101']
      content-type: [application/json; charset=utf-8]
      date: ['Fri, 16 Mar 2018 00:06:55 GMT']
      expires: ['-1']
      pragma: [no-cache]
      request-id: [abea5e1d-513b-4ad7-bbfd-a44f26dd6839]
      server: [Microsoft-HTTPAPI/2.0]
      strict-transport-security: [max-age=31536000; includeSubDomains]
      transfer-encoding: [chunked]
      vary: [Accept-Encoding]
      x-content-type-options: [nosniff]
    status: {code: 200, message: OK}
- request:
    body: 'b''b\''b\\\''{"location": "westeurope", "properties": {"priority": 0, "cluster":
      {"id": "/subscriptions/00000000-0000-0000-0000-000000000000/resourceGroups/test_mgmt_batchai_clusters_test_cluster_resizinge61f13ed/providers/Microsoft.BatchAI/clusters/clustere61f13ed"},
      "nodeCount": 1, "customToolkitSettings": {"commandLine": "echo hello | tee $AZ_BATCHAI_OUTPUT_OUTPUTS/hi.txt"},
      "stdOutErrPathPrefix": "$AZ_BATCHAI_MOUNT_ROOT/azfiles", "inputDirectories":
      [{"id": "INPUT", "path": "$AZ_BATCHAI_MOUNT_ROOT/azfiles/input"}], "outputDirectories":
      [{"id": "OUTPUTS", "pathPrefix": "$AZ_BATCHAI_MOUNT_ROOT/azfiles/", "pathSuffix":
      "files", "type": "custom", "createNew": true}]}}\\\''\'''''
    headers:
      Accept: [application/json]
      Accept-Encoding: ['gzip, deflate']
      Connection: [keep-alive]
      Content-Length: ['663']
      Content-Type: [application/json; charset=utf-8]
      User-Agent: [python/3.6.4 (Linux-4.15.6-300.fc27.x86_64-x86_64-with-fedora-27-Twenty_Seven)
          requests/2.18.4 msrest/0.4.27 msrest_azure/0.4.22 azure-mgmt-batchai/1.0.0
          Azure-SDK-For-Python]
      accept-language: [en-US]
    method: PUT
    uri: https://management.azure.com/subscriptions/00000000-0000-0000-0000-000000000000/resourceGroups/test_mgmt_batchai_clusters_test_cluster_resizinge61f13ed/providers/Microsoft.BatchAI/jobs/host_job?api-version=2018-03-01
  response:
    body: {string: ''}
    headers:
      azure-asyncoperation: ['https://management.azure.com/subscriptions/00000000-0000-0000-0000-000000000000/providers/Microsoft.BatchAI/locations/westeurope/operationresults/e24de38d-33b2-48ba-a79d-34cc70c8905a?api-version=2018-03-01']
      cache-control: [no-cache]
      content-length: ['0']
      date: ['Fri, 16 Mar 2018 00:06:58 GMT']
      expires: ['-1']
      location: ['https://management.azure.com/subscriptions/00000000-0000-0000-0000-000000000000/providers/Microsoft.BatchAI/locations/westeurope/operationstatuses/e24de38d-33b2-48ba-a79d-34cc70c8905a?api-version=2018-03-01']
      pragma: [no-cache]
      request-id: [69f2fea5-0863-4a2b-ad1a-26a1c5da8d37]
      server: [Microsoft-HTTPAPI/2.0]
      strict-transport-security: [max-age=31536000; includeSubDomains]
      x-content-type-options: [nosniff]
      x-ms-ratelimit-remaining-subscription-writes: ['1199']
    status: {code: 202, message: Accepted}
- request:
    body: null
    headers:
      Accept: [application/json]
      Accept-Encoding: ['gzip, deflate']
      Connection: [keep-alive]
      User-Agent: [python/3.6.4 (Linux-4.15.6-300.fc27.x86_64-x86_64-with-fedora-27-Twenty_Seven)
          requests/2.18.4 msrest/0.4.27 msrest_azure/0.4.22 azure-mgmt-batchai/1.0.0
          Azure-SDK-For-Python]
    method: GET
    uri: https://management.azure.com/subscriptions/00000000-0000-0000-0000-000000000000/providers/Microsoft.BatchAI/locations/westeurope/operationresults/e24de38d-33b2-48ba-a79d-34cc70c8905a?api-version=2018-03-01
  response:
    body: {string: '{"id":"https://management.azure.com/subscriptions/00000000-0000-0000-0000-000000000000/providers/Microsoft.BatchAI/locations/westeurope/operationresults/e24de38d-33b2-48ba-a79d-34cc70c8905a","name":"e24de38d-33b2-48ba-a79d-34cc70c8905a","status":"Succeeded","startTime":"2018-03-16T00:06:58.194Z","endTime":"2018-03-16T00:06:59.116Z","properties":{"resourceId":"00000000-0000-0000-0000-000000000000$test_mgmt_batchai_clusters_test_cluster_resizinge61f13ed$host_job"}}'}
    headers:
      cache-control: [no-cache]
      content-length: ['467']
      content-type: [application/json; charset=utf-8]
      date: ['Fri, 16 Mar 2018 00:07:14 GMT']
      expires: ['-1']
      pragma: [no-cache]
      request-id: [c7c567e4-0c6b-465e-86d1-31acac7c4d1d]
      server: [Microsoft-HTTPAPI/2.0]
      strict-transport-security: [max-age=31536000; includeSubDomains]
      transfer-encoding: [chunked]
      vary: [Accept-Encoding]
      x-content-type-options: [nosniff]
    status: {code: 200, message: OK}
- request:
    body: null
    headers:
      Accept: [application/json]
      Accept-Encoding: ['gzip, deflate']
      Connection: [keep-alive]
      User-Agent: [python/3.6.4 (Linux-4.15.6-300.fc27.x86_64-x86_64-with-fedora-27-Twenty_Seven)
          requests/2.18.4 msrest/0.4.27 msrest_azure/0.4.22 azure-mgmt-batchai/1.0.0
          Azure-SDK-For-Python]
    method: GET
    uri: https://management.azure.com/subscriptions/00000000-0000-0000-0000-000000000000/resourceGroups/test_mgmt_batchai_clusters_test_cluster_resizinge61f13ed/providers/Microsoft.BatchAI/jobs/host_job?api-version=2018-03-01
  response:
    body: {string: '{"id":"/subscriptions/00000000-0000-0000-0000-000000000000/resourceGroups/test_mgmt_batchai_clusters_test_cluster_resizinge61f13ed/providers/Microsoft.BatchAI/jobs/host_job","name":"host_job","type":"Microsoft.BatchAI/Jobs","properties":{"priority":0,"cluster":{"id":"/subscriptions/00000000-0000-0000-0000-000000000000/resourceGroups/test_mgmt_batchai_clusters_test_cluster_resizinge61f13ed/providers/Microsoft.BatchAI/clusters/clustere61f13ed"},"jobOutputDirectoryPathSegment":"00000000-0000-0000-0000-000000000000/test_mgmt_batchai_clusters_test_cluster_resizinge61f13ed/jobs/host_job/ef5e000e-b600-4388-a800-e878be41d352","nodeCount":1,"toolType":"custom","customToolkitSettings":{"commandLine":"echo
        hello | tee $AZ_BATCHAI_OUTPUT_OUTPUTS/hi.txt"},"stdOutErrPathPrefix":"$AZ_BATCHAI_MOUNT_ROOT/azfiles","inputDirectories":[{"id":"INPUT","path":"$AZ_BATCHAI_MOUNT_ROOT/azfiles/input"}],"outputDirectories":[{"id":"OUTPUTS","pathPrefix":"$AZ_BATCHAI_MOUNT_ROOT/azfiles/","pathSuffix":"files","type":"custom","createNew":true}],"constraints":{"maxWallClockTime":"P7D"},"creationTime":"2018-03-16T00:06:58.169Z","provisioningState":"succeeded","provisioningStateTransitionTime":"2018-03-16T00:06:59.101Z","executionState":"succeeded","executionStateTransitionTime":"2018-03-16T00:07:02.368Z","executionInfo":{"startTime":"2018-03-16T00:07:00.027Z","endTime":"2018-03-16T00:07:02.368Z","exitCode":0}}}'}
    headers:
      cache-control: [no-cache]
      content-length: ['1401']
      content-type: [application/json; charset=utf-8]
      date: ['Fri, 16 Mar 2018 00:07:15 GMT']
      etag: ['"0x8D58AD1D5BF87F1"']
      expires: ['-1']
      last-modified: ['Fri, 16 Mar 2018 00:06:58 GMT']
      pragma: [no-cache]
      request-id: [1b221c21-d071-471d-bc12-0fb4ad61132f]
      server: [Microsoft-HTTPAPI/2.0]
      strict-transport-security: [max-age=31536000; includeSubDomains]
      transfer-encoding: [chunked]
      vary: [Accept-Encoding]
      x-content-type-options: [nosniff]
    status: {code: 200, message: OK}
- request:
    body: null
    headers:
      Accept: [application/json]
      Accept-Encoding: ['gzip, deflate']
      Connection: [keep-alive]
      Content-Type: [application/json; charset=utf-8]
      User-Agent: [python/3.6.4 (Linux-4.15.6-300.fc27.x86_64-x86_64-with-fedora-27-Twenty_Seven)
          requests/2.18.4 msrest/0.4.27 msrest_azure/0.4.22 azure-mgmt-batchai/1.0.0
          Azure-SDK-For-Python]
      accept-language: [en-US]
    method: GET
    uri: https://management.azure.com/subscriptions/00000000-0000-0000-0000-000000000000/resourceGroups/test_mgmt_batchai_clusters_test_cluster_resizinge61f13ed/providers/Microsoft.BatchAI/jobs/host_job?api-version=2018-03-01
  response:
    body: {string: '{"id":"/subscriptions/00000000-0000-0000-0000-000000000000/resourceGroups/test_mgmt_batchai_clusters_test_cluster_resizinge61f13ed/providers/Microsoft.BatchAI/jobs/host_job","name":"host_job","type":"Microsoft.BatchAI/Jobs","properties":{"priority":0,"cluster":{"id":"/subscriptions/00000000-0000-0000-0000-000000000000/resourceGroups/test_mgmt_batchai_clusters_test_cluster_resizinge61f13ed/providers/Microsoft.BatchAI/clusters/clustere61f13ed"},"jobOutputDirectoryPathSegment":"00000000-0000-0000-0000-000000000000/test_mgmt_batchai_clusters_test_cluster_resizinge61f13ed/jobs/host_job/ef5e000e-b600-4388-a800-e878be41d352","nodeCount":1,"toolType":"custom","customToolkitSettings":{"commandLine":"echo
        hello | tee $AZ_BATCHAI_OUTPUT_OUTPUTS/hi.txt"},"stdOutErrPathPrefix":"$AZ_BATCHAI_MOUNT_ROOT/azfiles","inputDirectories":[{"id":"INPUT","path":"$AZ_BATCHAI_MOUNT_ROOT/azfiles/input"}],"outputDirectories":[{"id":"OUTPUTS","pathPrefix":"$AZ_BATCHAI_MOUNT_ROOT/azfiles/","pathSuffix":"files","type":"custom","createNew":true}],"constraints":{"maxWallClockTime":"P7D"},"creationTime":"2018-03-16T00:06:58.169Z","provisioningState":"succeeded","provisioningStateTransitionTime":"2018-03-16T00:06:59.101Z","executionState":"succeeded","executionStateTransitionTime":"2018-03-16T00:07:02.368Z","executionInfo":{"startTime":"2018-03-16T00:07:00.027Z","endTime":"2018-03-16T00:07:02.368Z","exitCode":0}}}'}
    headers:
      cache-control: [no-cache]
      content-length: ['1401']
      content-type: [application/json; charset=utf-8]
      date: ['Fri, 16 Mar 2018 00:07:16 GMT']
      etag: ['"0x8D58AD1D5BF87F1"']
      expires: ['-1']
      last-modified: ['Fri, 16 Mar 2018 00:06:58 GMT']
      pragma: [no-cache]
      request-id: [770ec324-a791-43b9-8e5c-bf28ce634f0c]
      server: [Microsoft-HTTPAPI/2.0]
      strict-transport-security: [max-age=31536000; includeSubDomains]
      transfer-encoding: [chunked]
      vary: [Accept-Encoding]
      x-content-type-options: [nosniff]
    status: {code: 200, message: OK}
- request:
    body: null
    headers:
      Accept: [application/json]
      Accept-Encoding: ['gzip, deflate']
      Connection: [keep-alive]
      Content-Length: ['0']
      Content-Type: [application/json; charset=utf-8]
      User-Agent: [python/3.6.4 (Linux-4.15.6-300.fc27.x86_64-x86_64-with-fedora-27-Twenty_Seven)
          requests/2.18.4 msrest/0.4.27 msrest_azure/0.4.22 azure-mgmt-batchai/1.0.0
          Azure-SDK-For-Python]
      accept-language: [en-US]
    method: POST
    uri: https://management.azure.com/subscriptions/00000000-0000-0000-0000-000000000000/resourceGroups/test_mgmt_batchai_clusters_test_cluster_resizinge61f13ed/providers/Microsoft.BatchAI/jobs/host_job/listOutputFiles?api-version=2018-03-01&outputdirectoryid=OUTPUTS&directory=.&linkexpiryinminutes=60&maxresults=1000
  response:
    body: {string: '{"value":[{"name":"hi.txt","isDirectory":false,"downloadUrl":"https://psdke61f13ed.file.core.windows.net/share/00000000-0000-0000-0000-000000000000/test_mgmt_batchai_clusters_test_cluster_resizinge61f13ed/jobs/host_job/ef5e000e-b600-4388-a800-e878be41d352/outputs/files/hi.txt?sv=2016-05-31&sr=f&sig=VLsxas0TZ%2Bzv8ADnITRrqLHPcqG9F0TX%2Bp2EZtDwk8E%3D&se=2018-03-16T01%3A07%3A18Z&sp=rl","properties":{"lastModified":"2018-03-16T00:07:01Z","contentLength":6}}]}'}
    headers:
      cache-control: [no-cache]
      content-length: ['459']
      content-type: [application/json; charset=utf-8]
      date: ['Fri, 16 Mar 2018 00:07:17 GMT']
      expires: ['-1']
      pragma: [no-cache]
      request-id: [2499fd0c-105d-4ead-97a7-bc32fe8e1299]
      server: [Microsoft-HTTPAPI/2.0]
      strict-transport-security: [max-age=31536000; includeSubDomains]
      transfer-encoding: [chunked]
      vary: [Accept-Encoding]
      x-content-type-options: [nosniff]
    status: {code: 200, message: OK}
- request:
    body: null
    headers:
      Accept: ['*/*']
      Accept-Encoding: ['gzip, deflate']
      Connection: [keep-alive]
      User-Agent: [python-requests/2.18.4]
    method: GET
    uri: https://psdke61f13ed.file.core.windows.net/share/00000000-0000-0000-0000-000000000000/test_mgmt_batchai_clusters_test_cluster_resizinge61f13ed/jobs/host_job/ef5e000e-b600-4388-a800-e878be41d352/outputs/files/hi.txt?sv=2016-05-31&sr=f&sig=VLsxas0TZ%2Bzv8ADnITRrqLHPcqG9F0TX%2Bp2EZtDwk8E%3D&se=2018-03-16T01%3A07%3A18Z&sp=rl
  response:
    body: {string: 'hello

        '}
    headers:
      accept-ranges: [bytes]
      content-length: ['6']
      content-type: [application/octet-stream]
      date: ['Fri, 16 Mar 2018 00:07:19 GMT']
      etag: ['"0x8D58AD1D7DA7E68"']
      last-modified: ['Fri, 16 Mar 2018 00:07:01 GMT']
      server: [Windows-Azure-File/1.0 Microsoft-HTTPAPI/2.0]
      x-ms-type: [File]
      x-ms-version: ['2016-05-31']
    status: {code: 200, message: OK}
- request:
    body: null
    headers:
      Accept: [application/json]
      Accept-Encoding: ['gzip, deflate']
      Connection: [keep-alive]
      Content-Length: ['0']
      Content-Type: [application/json; charset=utf-8]
      User-Agent: [python/3.6.4 (Linux-4.15.6-300.fc27.x86_64-x86_64-with-fedora-27-Twenty_Seven)
          requests/2.18.4 msrest/0.4.27 msrest_azure/0.4.22 azure-mgmt-batchai/1.0.0
          Azure-SDK-For-Python]
      accept-language: [en-US]
    method: POST
    uri: https://management.azure.com/subscriptions/00000000-0000-0000-0000-000000000000/resourceGroups/test_mgmt_batchai_clusters_test_cluster_resizinge61f13ed/providers/Microsoft.BatchAI/jobs/host_job/listOutputFiles?api-version=2018-03-01&outputdirectoryid=stdouterr&directory=.&linkexpiryinminutes=60&maxresults=1000
  response:
    body: {string: '{"value":[{"name":"execution.log","isDirectory":false,"downloadUrl":"https://psdke61f13ed.file.core.windows.net/share/00000000-0000-0000-0000-000000000000/test_mgmt_batchai_clusters_test_cluster_resizinge61f13ed/jobs/host_job/ef5e000e-b600-4388-a800-e878be41d352/stdouterr/execution.log?sv=2016-05-31&sr=f&sig=MDhJl%2B6jL48g4419bB%2FsOIfCg56vNDuUMOI%2BDCh4%2B5E%3D&se=2018-03-16T01%3A07%3A20Z&sp=rl","properties":{"lastModified":"2018-03-16T00:07:01Z","contentLength":181}},{"name":"stderr.txt","isDirectory":false,"downloadUrl":"https://psdke61f13ed.file.core.windows.net/share/00000000-0000-0000-0000-000000000000/test_mgmt_batchai_clusters_test_cluster_resizinge61f13ed/jobs/host_job/ef5e000e-b600-4388-a800-e878be41d352/stdouterr/stderr.txt?sv=2016-05-31&sr=f&sig=NUYNsZxpFFWeI7hVkxSTJbv871dTISSb6Szuu2rt0oA%3D&se=2018-03-16T01%3A07%3A20Z&sp=rl","properties":{"lastModified":"2018-03-16T00:07:01Z","contentLength":0}},{"name":"stdout.txt","isDirectory":false,"downloadUrl":"https://psdke61f13ed.file.core.windows.net/share/00000000-0000-0000-0000-000000000000/test_mgmt_batchai_clusters_test_cluster_resizinge61f13ed/jobs/host_job/ef5e000e-b600-4388-a800-e878be41d352/stdouterr/stdout.txt?sv=2016-05-31&sr=f&sig=bm0SDSp28T4ZkAShH5p%2BpoC8jXXofc9%2BS%2Fh2FNjXb9I%3D&se=2018-03-16T01%3A07%3A20Z&sp=rl","properties":{"lastModified":"2018-03-16T00:07:01Z","contentLength":6}}]}'}
    headers:
      cache-control: [no-cache]
      content-length: ['1377']
      content-type: [application/json; charset=utf-8]
      date: ['Fri, 16 Mar 2018 00:07:20 GMT']
      expires: ['-1']
      pragma: [no-cache]
      request-id: [197fb75e-846d-4f8c-983c-772be0329f09]
      server: [Microsoft-HTTPAPI/2.0]
      strict-transport-security: [max-age=31536000; includeSubDomains]
      transfer-encoding: [chunked]
      vary: [Accept-Encoding]
      x-content-type-options: [nosniff]
    status: {code: 200, message: OK}
- request:
    body: null
    headers:
      Accept: ['*/*']
      Accept-Encoding: ['gzip, deflate']
      Connection: [keep-alive]
      User-Agent: [python-requests/2.18.4]
    method: GET
    uri: https://psdke61f13ed.file.core.windows.net/share/00000000-0000-0000-0000-000000000000/test_mgmt_batchai_clusters_test_cluster_resizinge61f13ed/jobs/host_job/ef5e000e-b600-4388-a800-e878be41d352/stdouterr/stderr.txt?sv=2016-05-31&sr=f&sig=NUYNsZxpFFWeI7hVkxSTJbv871dTISSb6Szuu2rt0oA%3D&se=2018-03-16T01%3A07%3A20Z&sp=rl
  response:
    body: {string: ''}
    headers:
      accept-ranges: [bytes]
      content-length: ['0']
      content-type: [application/octet-stream]
      date: ['Fri, 16 Mar 2018 00:07:20 GMT']
      etag: ['"0x8D58AD1D7CCC064"']
      last-modified: ['Fri, 16 Mar 2018 00:07:01 GMT']
      server: [Windows-Azure-File/1.0 Microsoft-HTTPAPI/2.0]
      x-ms-type: [File]
      x-ms-version: ['2016-05-31']
    status: {code: 200, message: OK}
- request:
    body: null
    headers:
      Accept: ['*/*']
      Accept-Encoding: ['gzip, deflate']
      Connection: [keep-alive]
      User-Agent: [python-requests/2.18.4]
    method: GET
    uri: https://psdke61f13ed.file.core.windows.net/share/00000000-0000-0000-0000-000000000000/test_mgmt_batchai_clusters_test_cluster_resizinge61f13ed/jobs/host_job/ef5e000e-b600-4388-a800-e878be41d352/stdouterr/stdout.txt?sv=2016-05-31&sr=f&sig=bm0SDSp28T4ZkAShH5p%2BpoC8jXXofc9%2BS%2Fh2FNjXb9I%3D&se=2018-03-16T01%3A07%3A20Z&sp=rl
  response:
    body: {string: 'hello

        '}
    headers:
      accept-ranges: [bytes]
      content-length: ['6']
      content-type: [application/octet-stream]
      date: ['Fri, 16 Mar 2018 00:07:22 GMT']
      etag: ['"0x8D58AD1D7DC2C65"']
      last-modified: ['Fri, 16 Mar 2018 00:07:01 GMT']
      server: [Windows-Azure-File/1.0 Microsoft-HTTPAPI/2.0]
      x-ms-type: [File]
      x-ms-version: ['2016-05-31']
    status: {code: 200, message: OK}
- request:
    body: null
    headers:
      Accept: [application/json]
      Accept-Encoding: ['gzip, deflate']
      Connection: [keep-alive]
      Content-Length: ['0']
      Content-Type: [application/json; charset=utf-8]
      User-Agent: [python/3.6.4 (Linux-4.15.6-300.fc27.x86_64-x86_64-with-fedora-27-Twenty_Seven)
          requests/2.18.4 msrest/0.4.27 msrest_azure/0.4.22 azure-mgmt-batchai/1.0.0
          Azure-SDK-For-Python]
      accept-language: [en-US]
    method: DELETE
    uri: https://management.azure.com/subscriptions/00000000-0000-0000-0000-000000000000/resourceGroups/test_mgmt_batchai_clusters_test_cluster_resizinge61f13ed/providers/Microsoft.BatchAI/clusters/clustere61f13ed?api-version=2018-03-01
  response:
    body: {string: ''}
    headers:
      azure-asyncoperation: ['https://management.azure.com/subscriptions/00000000-0000-0000-0000-000000000000/providers/Microsoft.BatchAI/locations/westeurope/operationresults/2a754ef7-f1d1-4e91-8991-7dd415389de7?api-version=2018-03-01']
      cache-control: [no-cache]
      content-length: ['0']
      date: ['Fri, 16 Mar 2018 00:07:24 GMT']
      expires: ['-1']
      location: ['https://management.azure.com/subscriptions/00000000-0000-0000-0000-000000000000/providers/Microsoft.BatchAI/locations/westeurope/operationstatuses/2a754ef7-f1d1-4e91-8991-7dd415389de7?api-version=2018-03-01']
      pragma: [no-cache]
      request-id: [32746395-b200-4989-8592-8d66d6d365c0]
      server: [Microsoft-HTTPAPI/2.0]
      strict-transport-security: [max-age=31536000; includeSubDomains]
      x-content-type-options: [nosniff]
      x-ms-ratelimit-remaining-subscription-writes: ['1196']
    status: {code: 202, message: Accepted}
- request:
    body: null
    headers:
      Accept: [application/json]
      Accept-Encoding: ['gzip, deflate']
      Connection: [keep-alive]
      User-Agent: [python/3.6.4 (Linux-4.15.6-300.fc27.x86_64-x86_64-with-fedora-27-Twenty_Seven)
          requests/2.18.4 msrest/0.4.27 msrest_azure/0.4.22 azure-mgmt-batchai/1.0.0
          Azure-SDK-For-Python]
    method: GET
    uri: https://management.azure.com/subscriptions/00000000-0000-0000-0000-000000000000/providers/Microsoft.BatchAI/locations/westeurope/operationresults/2a754ef7-f1d1-4e91-8991-7dd415389de7?api-version=2018-03-01
  response:
    body: {string: '{"id":"https://management.azure.com/subscriptions/00000000-0000-0000-0000-000000000000/providers/Microsoft.BatchAI/locations/westeurope/operationresults/2a754ef7-f1d1-4e91-8991-7dd415389de7","name":"2a754ef7-f1d1-4e91-8991-7dd415389de7","status":"InProgress","startTime":"2018-03-16T00:07:24.383Z"}'}
    headers:
      cache-control: [no-cache]
      content-length: ['298']
      content-type: [application/json; charset=utf-8]
      date: ['Fri, 16 Mar 2018 00:07:40 GMT']
      expires: ['-1']
      pragma: [no-cache]
      request-id: [1f3278af-1c39-4250-8e17-740bdc20e7fb]
      server: [Microsoft-HTTPAPI/2.0]
      strict-transport-security: [max-age=31536000; includeSubDomains]
      transfer-encoding: [chunked]
      vary: [Accept-Encoding]
      x-content-type-options: [nosniff]
    status: {code: 200, message: OK}
- request:
    body: null
    headers:
      Accept: [application/json]
      Accept-Encoding: ['gzip, deflate']
      Connection: [keep-alive]
      User-Agent: [python/3.6.4 (Linux-4.15.6-300.fc27.x86_64-x86_64-with-fedora-27-Twenty_Seven)
          requests/2.18.4 msrest/0.4.27 msrest_azure/0.4.22 azure-mgmt-batchai/1.0.0
          Azure-SDK-For-Python]
    method: GET
    uri: https://management.azure.com/subscriptions/00000000-0000-0000-0000-000000000000/providers/Microsoft.BatchAI/locations/westeurope/operationresults/2a754ef7-f1d1-4e91-8991-7dd415389de7?api-version=2018-03-01
  response:
    body: {string: '{"id":"https://management.azure.com/subscriptions/00000000-0000-0000-0000-000000000000/providers/Microsoft.BatchAI/locations/westeurope/operationresults/2a754ef7-f1d1-4e91-8991-7dd415389de7","name":"2a754ef7-f1d1-4e91-8991-7dd415389de7","status":"InProgress","startTime":"2018-03-16T00:07:24.383Z"}'}
    headers:
      cache-control: [no-cache]
      content-length: ['298']
      content-type: [application/json; charset=utf-8]
      date: ['Fri, 16 Mar 2018 00:08:11 GMT']
      expires: ['-1']
      pragma: [no-cache]
      request-id: [35755d3b-8cad-4f75-be79-ad2c3b39eaf8]
      server: [Microsoft-HTTPAPI/2.0]
      strict-transport-security: [max-age=31536000; includeSubDomains]
      transfer-encoding: [chunked]
      vary: [Accept-Encoding]
      x-content-type-options: [nosniff]
    status: {code: 200, message: OK}
- request:
    body: null
    headers:
      Accept: [application/json]
      Accept-Encoding: ['gzip, deflate']
      Connection: [keep-alive]
      User-Agent: [python/3.6.4 (Linux-4.15.6-300.fc27.x86_64-x86_64-with-fedora-27-Twenty_Seven)
          requests/2.18.4 msrest/0.4.27 msrest_azure/0.4.22 azure-mgmt-batchai/1.0.0
          Azure-SDK-For-Python]
    method: GET
    uri: https://management.azure.com/subscriptions/00000000-0000-0000-0000-000000000000/providers/Microsoft.BatchAI/locations/westeurope/operationresults/2a754ef7-f1d1-4e91-8991-7dd415389de7?api-version=2018-03-01
  response:
    body: {string: '{"id":"https://management.azure.com/subscriptions/00000000-0000-0000-0000-000000000000/providers/Microsoft.BatchAI/locations/westeurope/operationresults/2a754ef7-f1d1-4e91-8991-7dd415389de7","name":"2a754ef7-f1d1-4e91-8991-7dd415389de7","status":"InProgress","startTime":"2018-03-16T00:07:24.383Z"}'}
    headers:
      cache-control: [no-cache]
      content-length: ['298']
      content-type: [application/json; charset=utf-8]
      date: ['Fri, 16 Mar 2018 00:08:42 GMT']
      expires: ['-1']
      pragma: [no-cache]
      request-id: [95b7bd85-e706-4881-8e1c-53f504a4a697]
      server: [Microsoft-HTTPAPI/2.0]
      strict-transport-security: [max-age=31536000; includeSubDomains]
      transfer-encoding: [chunked]
      vary: [Accept-Encoding]
      x-content-type-options: [nosniff]
    status: {code: 200, message: OK}
- request:
    body: null
    headers:
      Accept: [application/json]
      Accept-Encoding: ['gzip, deflate']
      Connection: [keep-alive]
      User-Agent: [python/3.6.4 (Linux-4.15.6-300.fc27.x86_64-x86_64-with-fedora-27-Twenty_Seven)
          requests/2.18.4 msrest/0.4.27 msrest_azure/0.4.22 azure-mgmt-batchai/1.0.0
          Azure-SDK-For-Python]
    method: GET
    uri: https://management.azure.com/subscriptions/00000000-0000-0000-0000-000000000000/providers/Microsoft.BatchAI/locations/westeurope/operationresults/2a754ef7-f1d1-4e91-8991-7dd415389de7?api-version=2018-03-01
  response:
    body: {string: '{"id":"https://management.azure.com/subscriptions/00000000-0000-0000-0000-000000000000/providers/Microsoft.BatchAI/locations/westeurope/operationresults/2a754ef7-f1d1-4e91-8991-7dd415389de7","name":"2a754ef7-f1d1-4e91-8991-7dd415389de7","status":"InProgress","startTime":"2018-03-16T00:07:24.383Z"}'}
    headers:
      cache-control: [no-cache]
      content-length: ['298']
      content-type: [application/json; charset=utf-8]
      date: ['Fri, 16 Mar 2018 00:09:13 GMT']
      expires: ['-1']
      pragma: [no-cache]
      request-id: [b72087c5-2559-4feb-a419-da067db720ae]
      server: [Microsoft-HTTPAPI/2.0]
      strict-transport-security: [max-age=31536000; includeSubDomains]
      transfer-encoding: [chunked]
      vary: [Accept-Encoding]
      x-content-type-options: [nosniff]
    status: {code: 200, message: OK}
- request:
    body: null
    headers:
      Accept: [application/json]
      Accept-Encoding: ['gzip, deflate']
      Connection: [keep-alive]
      User-Agent: [python/3.6.4 (Linux-4.15.6-300.fc27.x86_64-x86_64-with-fedora-27-Twenty_Seven)
          requests/2.18.4 msrest/0.4.27 msrest_azure/0.4.22 azure-mgmt-batchai/1.0.0
          Azure-SDK-For-Python]
    method: GET
    uri: https://management.azure.com/subscriptions/00000000-0000-0000-0000-000000000000/providers/Microsoft.BatchAI/locations/westeurope/operationresults/2a754ef7-f1d1-4e91-8991-7dd415389de7?api-version=2018-03-01
  response:
    body: {string: '{"id":"https://management.azure.com/subscriptions/00000000-0000-0000-0000-000000000000/providers/Microsoft.BatchAI/locations/westeurope/operationresults/2a754ef7-f1d1-4e91-8991-7dd415389de7","name":"2a754ef7-f1d1-4e91-8991-7dd415389de7","status":"InProgress","startTime":"2018-03-16T00:07:24.383Z"}'}
    headers:
      cache-control: [no-cache]
      content-length: ['298']
      content-type: [application/json; charset=utf-8]
      date: ['Fri, 16 Mar 2018 00:09:45 GMT']
      expires: ['-1']
      pragma: [no-cache]
      request-id: [2af4f4b4-e89c-4967-a970-c8f0fc7d9300]
      server: [Microsoft-HTTPAPI/2.0]
      strict-transport-security: [max-age=31536000; includeSubDomains]
      transfer-encoding: [chunked]
      vary: [Accept-Encoding]
      x-content-type-options: [nosniff]
    status: {code: 200, message: OK}
- request:
    body: null
    headers:
      Accept: [application/json]
      Accept-Encoding: ['gzip, deflate']
      Connection: [keep-alive]
      User-Agent: [python/3.6.4 (Linux-4.15.6-300.fc27.x86_64-x86_64-with-fedora-27-Twenty_Seven)
          requests/2.18.4 msrest/0.4.27 msrest_azure/0.4.22 azure-mgmt-batchai/1.0.0
          Azure-SDK-For-Python]
    method: GET
    uri: https://management.azure.com/subscriptions/00000000-0000-0000-0000-000000000000/providers/Microsoft.BatchAI/locations/westeurope/operationresults/2a754ef7-f1d1-4e91-8991-7dd415389de7?api-version=2018-03-01
  response:
    body: {string: '{"id":"https://management.azure.com/subscriptions/00000000-0000-0000-0000-000000000000/providers/Microsoft.BatchAI/locations/westeurope/operationresults/2a754ef7-f1d1-4e91-8991-7dd415389de7","name":"2a754ef7-f1d1-4e91-8991-7dd415389de7","status":"InProgress","startTime":"2018-03-16T00:07:24.383Z"}'}
    headers:
      cache-control: [no-cache]
      content-length: ['298']
      content-type: [application/json; charset=utf-8]
      date: ['Fri, 16 Mar 2018 00:10:16 GMT']
      expires: ['-1']
      pragma: [no-cache]
      request-id: [f72c83a7-01b4-433e-8e19-6729c0395f54]
      server: [Microsoft-HTTPAPI/2.0]
      strict-transport-security: [max-age=31536000; includeSubDomains]
      transfer-encoding: [chunked]
      vary: [Accept-Encoding]
      x-content-type-options: [nosniff]
    status: {code: 200, message: OK}
- request:
    body: null
    headers:
      Accept: [application/json]
      Accept-Encoding: ['gzip, deflate']
      Connection: [keep-alive]
      User-Agent: [python/3.6.4 (Linux-4.15.6-300.fc27.x86_64-x86_64-with-fedora-27-Twenty_Seven)
          requests/2.18.4 msrest/0.4.27 msrest_azure/0.4.22 azure-mgmt-batchai/1.0.0
          Azure-SDK-For-Python]
    method: GET
    uri: https://management.azure.com/subscriptions/00000000-0000-0000-0000-000000000000/providers/Microsoft.BatchAI/locations/westeurope/operationresults/2a754ef7-f1d1-4e91-8991-7dd415389de7?api-version=2018-03-01
  response:
    body: {string: '{"id":"https://management.azure.com/subscriptions/00000000-0000-0000-0000-000000000000/providers/Microsoft.BatchAI/locations/westeurope/operationresults/2a754ef7-f1d1-4e91-8991-7dd415389de7","name":"2a754ef7-f1d1-4e91-8991-7dd415389de7","status":"InProgress","startTime":"2018-03-16T00:07:24.383Z"}'}
    headers:
      cache-control: [no-cache]
      content-length: ['298']
      content-type: [application/json; charset=utf-8]
      date: ['Fri, 16 Mar 2018 00:10:47 GMT']
      expires: ['-1']
      pragma: [no-cache]
      request-id: [00807c32-7137-4834-8e24-d28476e4b82d]
      server: [Microsoft-HTTPAPI/2.0]
      strict-transport-security: [max-age=31536000; includeSubDomains]
      transfer-encoding: [chunked]
      vary: [Accept-Encoding]
      x-content-type-options: [nosniff]
    status: {code: 200, message: OK}
- request:
    body: null
    headers:
      Accept: [application/json]
      Accept-Encoding: ['gzip, deflate']
      Connection: [keep-alive]
      User-Agent: [python/3.6.4 (Linux-4.15.6-300.fc27.x86_64-x86_64-with-fedora-27-Twenty_Seven)
          requests/2.18.4 msrest/0.4.27 msrest_azure/0.4.22 azure-mgmt-batchai/1.0.0
          Azure-SDK-For-Python]
    method: GET
    uri: https://management.azure.com/subscriptions/00000000-0000-0000-0000-000000000000/providers/Microsoft.BatchAI/locations/westeurope/operationresults/2a754ef7-f1d1-4e91-8991-7dd415389de7?api-version=2018-03-01
  response:
    body: {string: '{"id":"https://management.azure.com/subscriptions/00000000-0000-0000-0000-000000000000/providers/Microsoft.BatchAI/locations/westeurope/operationresults/2a754ef7-f1d1-4e91-8991-7dd415389de7","name":"2a754ef7-f1d1-4e91-8991-7dd415389de7","status":"InProgress","startTime":"2018-03-16T00:07:24.383Z"}'}
    headers:
      cache-control: [no-cache]
      content-length: ['298']
      content-type: [application/json; charset=utf-8]
      date: ['Fri, 16 Mar 2018 00:11:19 GMT']
      expires: ['-1']
      pragma: [no-cache]
      request-id: [7dd7fa43-db72-46d0-92f0-d44ec48e1a36]
      server: [Microsoft-HTTPAPI/2.0]
      strict-transport-security: [max-age=31536000; includeSubDomains]
      transfer-encoding: [chunked]
      vary: [Accept-Encoding]
      x-content-type-options: [nosniff]
    status: {code: 200, message: OK}
- request:
    body: null
    headers:
      Accept: [application/json]
      Accept-Encoding: ['gzip, deflate']
      Connection: [keep-alive]
      User-Agent: [python/3.6.4 (Linux-4.15.6-300.fc27.x86_64-x86_64-with-fedora-27-Twenty_Seven)
          requests/2.18.4 msrest/0.4.27 msrest_azure/0.4.22 azure-mgmt-batchai/1.0.0
          Azure-SDK-For-Python]
    method: GET
    uri: https://management.azure.com/subscriptions/00000000-0000-0000-0000-000000000000/providers/Microsoft.BatchAI/locations/westeurope/operationresults/2a754ef7-f1d1-4e91-8991-7dd415389de7?api-version=2018-03-01
  response:
    body: {string: '{"id":"https://management.azure.com/subscriptions/00000000-0000-0000-0000-000000000000/providers/Microsoft.BatchAI/locations/westeurope/operationresults/2a754ef7-f1d1-4e91-8991-7dd415389de7","name":"2a754ef7-f1d1-4e91-8991-7dd415389de7","status":"InProgress","startTime":"2018-03-16T00:07:24.383Z"}'}
    headers:
      cache-control: [no-cache]
      content-length: ['298']
      content-type: [application/json; charset=utf-8]
      date: ['Fri, 16 Mar 2018 00:11:50 GMT']
      expires: ['-1']
      pragma: [no-cache]
      request-id: [ccba23c5-ce76-418e-93eb-b3b9b95352d8]
      server: [Microsoft-HTTPAPI/2.0]
      strict-transport-security: [max-age=31536000; includeSubDomains]
      transfer-encoding: [chunked]
      vary: [Accept-Encoding]
      x-content-type-options: [nosniff]
    status: {code: 200, message: OK}
- request:
    body: null
    headers:
      Accept: [application/json]
      Accept-Encoding: ['gzip, deflate']
      Connection: [keep-alive]
      User-Agent: [python/3.6.4 (Linux-4.15.6-300.fc27.x86_64-x86_64-with-fedora-27-Twenty_Seven)
          requests/2.18.4 msrest/0.4.27 msrest_azure/0.4.22 azure-mgmt-batchai/1.0.0
          Azure-SDK-For-Python]
    method: GET
    uri: https://management.azure.com/subscriptions/00000000-0000-0000-0000-000000000000/providers/Microsoft.BatchAI/locations/westeurope/operationresults/2a754ef7-f1d1-4e91-8991-7dd415389de7?api-version=2018-03-01
  response:
    body: {string: '{"id":"https://management.azure.com/subscriptions/00000000-0000-0000-0000-000000000000/providers/Microsoft.BatchAI/locations/westeurope/operationresults/2a754ef7-f1d1-4e91-8991-7dd415389de7","name":"2a754ef7-f1d1-4e91-8991-7dd415389de7","status":"InProgress","startTime":"2018-03-16T00:07:24.383Z"}'}
    headers:
      cache-control: [no-cache]
      content-length: ['298']
      content-type: [application/json; charset=utf-8]
      date: ['Fri, 16 Mar 2018 00:12:21 GMT']
      expires: ['-1']
      pragma: [no-cache]
      request-id: [f3f6ae27-165e-4807-a85f-d4ca880e0b74]
      server: [Microsoft-HTTPAPI/2.0]
      strict-transport-security: [max-age=31536000; includeSubDomains]
      transfer-encoding: [chunked]
      vary: [Accept-Encoding]
      x-content-type-options: [nosniff]
    status: {code: 200, message: OK}
- request:
    body: null
    headers:
      Accept: [application/json]
      Accept-Encoding: ['gzip, deflate']
      Connection: [keep-alive]
      User-Agent: [python/3.6.4 (Linux-4.15.6-300.fc27.x86_64-x86_64-with-fedora-27-Twenty_Seven)
          requests/2.18.4 msrest/0.4.27 msrest_azure/0.4.22 azure-mgmt-batchai/1.0.0
          Azure-SDK-For-Python]
    method: GET
    uri: https://management.azure.com/subscriptions/00000000-0000-0000-0000-000000000000/providers/Microsoft.BatchAI/locations/westeurope/operationresults/2a754ef7-f1d1-4e91-8991-7dd415389de7?api-version=2018-03-01
  response:
    body: {string: '{"id":"https://management.azure.com/subscriptions/00000000-0000-0000-0000-000000000000/providers/Microsoft.BatchAI/locations/westeurope/operationresults/2a754ef7-f1d1-4e91-8991-7dd415389de7","name":"2a754ef7-f1d1-4e91-8991-7dd415389de7","status":"Succeeded","startTime":"2018-03-16T00:07:24.383Z","endTime":"2018-03-16T00:12:26.658Z","properties":{"resourceId":"00000000-0000-0000-0000-000000000000$test_mgmt_batchai_clusters_test_cluster_resizinge61f13ed$clustere61f13ed"}}'}
    headers:
      cache-control: [no-cache]
      content-length: ['474']
      content-type: [application/json; charset=utf-8]
      date: ['Fri, 16 Mar 2018 00:12:52 GMT']
      expires: ['-1']
      pragma: [no-cache]
      request-id: [d5752ede-6300-478f-ac9a-9b87a4764792]
      server: [Microsoft-HTTPAPI/2.0]
      strict-transport-security: [max-age=31536000; includeSubDomains]
      transfer-encoding: [chunked]
      vary: [Accept-Encoding]
      x-content-type-options: [nosniff]
    status: {code: 200, message: OK}
version: 1
