{
  "Entries": [
    {
      "RequestUri": "https://sanitized.communication.azure.net/routing/distributionPolicies/test_list_exception_policies_tst_dp?api-version=2022-07-18-preview",
      "RequestMethod": "PATCH",
      "RequestHeaders": {
        "Accept": "application/json",
        "Accept-Encoding": "gzip, deflate",
        "Authorization": "Sanitized",
        "Connection": "keep-alive",
        "Content-Length": "157",
        "Content-Type": "application/merge-patch\u002Bjson",
        "User-Agent": "azsdk-python-communication-jobrouter/1.0.0b1 Python/3.9.7 (Windows-10-10.0.22621-SP0)",
        "x-ms-client-request-id": "85afcb3a-6007-11ed-b3aa-046c590f95d2",
        "x-ms-content-sha256": "Sanitized",
        "x-ms-date": "Wed, 09 Nov 2022 08:21:34 GMT",
        "x-ms-return-client-request-id": "true"
      },
      "RequestBody": {
        "name": "test_list_exception_policies_tst_dp",
        "offerTtlSeconds": 10.0,
        "mode": {
          "kind": "round-robin",
          "minConcurrentOffers": 1,
          "maxConcurrentOffers": 1
        }
      },
      "StatusCode": 200,
      "ResponseHeaders": {
        "api-supported-versions": "2021-04-07-preview1, 2022-07-18-preview",
        "Connection": "keep-alive",
        "Content-Type": "application/json; charset=utf-8",
        "Date": "Wed, 09 Nov 2022 08:21:33 GMT",
        "ETag": "Sanitized",
        "Last-Modified": "Wed, 09 Nov 2022 08:21:33 GMT",
        "Request-Context": "appId=",
        "trace-id": "d3d2e8dd8035e16d026b6c072a46d961",
        "Transfer-Encoding": "chunked",
        "x-azure-ref": "20221109T082133Z-rwhup4fafx79d2nv68y4rbyapc00000004ug00000001h88m",
        "X-Cache": "CONFIG_NOCACHE"
      },
      "ResponseBody": {
        "id": "test_list_exception_policies_tst_dp",
        "name": "test_list_exception_policies_tst_dp",
        "offerTtlSeconds": 10,
        "mode": {
          "kind": "round-robin",
          "minConcurrentOffers": 1,
          "maxConcurrentOffers": 1,
          "bypassSelectors": false
        }
      }
    },
    {
      "RequestUri": "https://sanitized.communication.azure.net/routing/queues/test_list_exception_policies_tst_q?api-version=2022-07-18-preview",
      "RequestMethod": "PATCH",
      "RequestHeaders": {
        "Accept": "application/json",
        "Accept-Encoding": "gzip, deflate",
        "Authorization": "Sanitized",
        "Connection": "keep-alive",
        "Content-Length": "196",
        "Content-Type": "application/merge-patch\u002Bjson",
        "User-Agent": "azsdk-python-communication-jobrouter/1.0.0b1 Python/3.9.7 (Windows-10-10.0.22621-SP0)",
        "x-ms-client-request-id": "85d07d07-6007-11ed-8ca6-046c590f95d2",
        "x-ms-content-sha256": "Sanitized",
        "x-ms-date": "Wed, 09 Nov 2022 08:21:34 GMT",
        "x-ms-return-client-request-id": "true"
      },
      "RequestBody": {
        "name": "test_list_exception_policies_tst_q",
        "distributionPolicyId": "test_list_exception_policies_tst_dp",
        "labels": {
          "key1": "QueueKey",
          "key2": 10,
          "key3": true,
          "key4": false,
          "key5": 10.1
        }
      },
      "StatusCode": 200,
      "ResponseHeaders": {
        "api-supported-versions": "2021-04-07-preview1, 2022-07-18-preview",
        "Connection": "keep-alive",
        "Content-Type": "application/json; charset=utf-8",
        "Date": "Wed, 09 Nov 2022 08:21:33 GMT",
        "ETag": "Sanitized",
        "Last-Modified": "Wed, 09 Nov 2022 08:21:33 GMT",
        "Request-Context": "appId=",
        "trace-id": "57dcc4048bcc450f1f9a1e77abbdb381",
        "Transfer-Encoding": "chunked",
        "x-azure-ref": "20221109T082133Z-rwhup4fafx79d2nv68y4rbyapc00000004ug00000001h8a6",
        "X-Cache": "CONFIG_NOCACHE"
      },
      "ResponseBody": {
        "id": "test_list_exception_policies_tst_q",
        "name": "test_list_exception_policies_tst_q",
        "distributionPolicyId": "test_list_exception_policies_tst_dp",
        "labels": {
          "key1": "QueueKey",
          "key2": 10,
          "key3": true,
          "key4": false,
          "key5": 10.1,
          "Id": "test_list_exception_policies_tst_q"
        }
      }
    },
    {
      "RequestUri": "https://sanitized.communication.azure.net/routing/classificationPolicies/test_list_exception_policies_tst_cp?api-version=2022-07-18-preview",
      "RequestMethod": "PATCH",
      "RequestHeaders": {
        "Accept": "application/json",
        "Accept-Encoding": "gzip, deflate",
        "Authorization": "Sanitized",
        "Connection": "keep-alive",
        "Content-Length": "104",
        "Content-Type": "application/merge-patch\u002Bjson",
        "User-Agent": "azsdk-python-communication-jobrouter/1.0.0b1 Python/3.9.7 (Windows-10-10.0.22621-SP0)",
        "x-ms-client-request-id": "85f332b6-6007-11ed-a4c2-046c590f95d2",
        "x-ms-content-sha256": "Sanitized",
        "x-ms-date": "Wed, 09 Nov 2022 08:21:34 GMT",
        "x-ms-return-client-request-id": "true"
      },
      "RequestBody": {
        "name": "test_list_exception_policies_tst_cp",
        "fallbackQueueId": "test_list_exception_policies_tst_q"
      },
      "StatusCode": 200,
      "ResponseHeaders": {
        "api-supported-versions": "2021-04-07-preview1, 2022-07-18-preview",
        "Connection": "keep-alive",
        "Content-Type": "application/json; charset=utf-8",
        "Date": "Wed, 09 Nov 2022 08:21:34 GMT",
        "ETag": "Sanitized",
        "Last-Modified": "Wed, 09 Nov 2022 08:21:33 GMT",
        "Request-Context": "appId=",
        "trace-id": "0e80479417ab1871f99552451a41b119",
        "Transfer-Encoding": "chunked",
        "x-azure-ref": "20221109T082133Z-rwhup4fafx79d2nv68y4rbyapc00000004ug00000001h8bm",
        "X-Cache": "CONFIG_NOCACHE"
      },
      "ResponseBody": {
        "id": "test_list_exception_policies_tst_cp",
        "name": "test_list_exception_policies_tst_cp",
        "fallbackQueueId": "test_list_exception_policies_tst_q",
        "queueSelectors": [],
        "workerSelectors": []
      }
    },
    {
      "RequestUri": "https://sanitized.communication.azure.net/routing/exceptionPolicies/tst_list_ep_1?api-version=2022-07-18-preview",
      "RequestMethod": "PATCH",
      "RequestHeaders": {
        "Accept": "application/json",
        "Accept-Encoding": "gzip, deflate",
        "Authorization": "Sanitized",
        "Connection": "keep-alive",
        "Content-Length": "181",
        "Content-Type": "application/merge-patch\u002Bjson",
        "User-Agent": "azsdk-python-communication-jobrouter/1.0.0b1 Python/3.9.7 (Windows-10-10.0.22621-SP0)",
        "x-ms-client-request-id": "86258eee-6007-11ed-b86d-046c590f95d2",
        "x-ms-content-sha256": "Sanitized",
        "x-ms-date": "Wed, 09 Nov 2022 08:21:35 GMT",
        "x-ms-return-client-request-id": "true"
      },
      "RequestBody": {
        "name": "tst_list_ep_1",
        "exceptionRules": {
          "fakeExceptionRuleId": {
            "trigger": {
              "kind": "queue-length",
              "threshold": 1
            },
            "actions": {
              "fakeExceptionActionId": {
                "kind": "cancel"
              }
            }
          }
        }
      },
      "StatusCode": 200,
      "ResponseHeaders": {
        "api-supported-versions": "2021-04-07-preview1, 2022-07-18-preview",
        "Connection": "keep-alive",
        "Content-Type": "application/json; charset=utf-8",
        "Date": "Wed, 09 Nov 2022 08:21:34 GMT",
        "ETag": "Sanitized",
        "Last-Modified": "Wed, 09 Nov 2022 08:21:34 GMT",
        "Request-Context": "appId=",
        "trace-id": "16d2a452fc9e09c7e254c010c3c0b0a6",
        "Transfer-Encoding": "chunked",
        "x-azure-ref": "20221109T082134Z-rwhup4fafx79d2nv68y4rbyapc00000004ug00000001h8dk",
        "X-Cache": "CONFIG_NOCACHE"
      },
      "ResponseBody": {
        "id": "tst_list_ep_1",
        "name": "tst_list_ep_1",
        "exceptionRules": {
          "fakeExceptionRuleId": {
            "trigger": {
              "kind": "queue-length",
              "threshold": 1
            },
            "actions": {
              "fakeExceptionActionId": {
                "kind": "cancel"
              }
            }
          }
        }
      }
    },
    {
      "RequestUri": "https://sanitized.communication.azure.net/routing/exceptionPolicies/tst_list_ep_2?api-version=2022-07-18-preview",
      "RequestMethod": "PATCH",
      "RequestHeaders": {
        "Accept": "application/json",
        "Accept-Encoding": "gzip, deflate",
        "Authorization": "Sanitized",
        "Connection": "keep-alive",
        "Content-Length": "181",
        "Content-Type": "application/merge-patch\u002Bjson",
        "User-Agent": "azsdk-python-communication-jobrouter/1.0.0b1 Python/3.9.7 (Windows-10-10.0.22621-SP0)",
        "x-ms-client-request-id": "864ed482-6007-11ed-a734-046c590f95d2",
        "x-ms-content-sha256": "Sanitized",
        "x-ms-date": "Wed, 09 Nov 2022 08:21:35 GMT",
        "x-ms-return-client-request-id": "true"
      },
      "RequestBody": {
        "name": "tst_list_ep_2",
        "exceptionRules": {
          "fakeExceptionRuleId": {
            "trigger": {
              "kind": "queue-length",
              "threshold": 1
            },
            "actions": {
              "fakeExceptionActionId": {
                "kind": "cancel"
              }
            }
          }
        }
      },
      "StatusCode": 200,
      "ResponseHeaders": {
        "api-supported-versions": "2021-04-07-preview1, 2022-07-18-preview",
        "Connection": "keep-alive",
        "Content-Type": "application/json; charset=utf-8",
        "Date": "Wed, 09 Nov 2022 08:21:34 GMT",
        "ETag": "Sanitized",
        "Last-Modified": "Wed, 09 Nov 2022 08:21:34 GMT",
        "Request-Context": "appId=",
        "trace-id": "7b773811de99edbceb3d7b6952bf561d",
        "Transfer-Encoding": "chunked",
        "x-azure-ref": "20221109T082134Z-rwhup4fafx79d2nv68y4rbyapc00000004ug00000001h8eu",
        "X-Cache": "CONFIG_NOCACHE"
      },
      "ResponseBody": {
        "id": "tst_list_ep_2",
        "name": "tst_list_ep_2",
        "exceptionRules": {
          "fakeExceptionRuleId": {
            "trigger": {
              "kind": "queue-length",
              "threshold": 1
            },
            "actions": {
              "fakeExceptionActionId": {
                "kind": "cancel"
              }
            }
          }
        }
      }
    },
    {
      "RequestUri": "https://sanitized.communication.azure.net/routing/exceptionPolicies/tst_list_ep_3?api-version=2022-07-18-preview",
      "RequestMethod": "PATCH",
      "RequestHeaders": {
        "Accept": "application/json",
        "Accept-Encoding": "gzip, deflate",
        "Authorization": "Sanitized",
        "Connection": "keep-alive",
        "Content-Length": "181",
        "Content-Type": "application/merge-patch\u002Bjson",
        "User-Agent": "azsdk-python-communication-jobrouter/1.0.0b1 Python/3.9.7 (Windows-10-10.0.22621-SP0)",
        "x-ms-client-request-id": "86732263-6007-11ed-a0c4-046c590f95d2",
        "x-ms-content-sha256": "Sanitized",
        "x-ms-date": "Wed, 09 Nov 2022 08:21:35 GMT",
        "x-ms-return-client-request-id": "true"
      },
      "RequestBody": {
        "name": "tst_list_ep_3",
        "exceptionRules": {
          "fakeExceptionRuleId": {
            "trigger": {
              "kind": "queue-length",
              "threshold": 1
            },
            "actions": {
              "fakeExceptionActionId": {
                "kind": "cancel"
              }
            }
          }
        }
      },
      "StatusCode": 200,
      "ResponseHeaders": {
        "api-supported-versions": "2021-04-07-preview1, 2022-07-18-preview",
        "Connection": "keep-alive",
        "Content-Type": "application/json; charset=utf-8",
        "Date": "Wed, 09 Nov 2022 08:21:34 GMT",
        "ETag": "Sanitized",
        "Last-Modified": "Wed, 09 Nov 2022 08:21:34 GMT",
        "Request-Context": "appId=",
        "trace-id": "07bb196a16be0bf99e6148ce96a9fa7f",
        "Transfer-Encoding": "chunked",
        "x-azure-ref": "20221109T082134Z-rwhup4fafx79d2nv68y4rbyapc00000004ug00000001h8gx",
        "X-Cache": "CONFIG_NOCACHE"
      },
      "ResponseBody": {
        "id": "tst_list_ep_3",
        "name": "tst_list_ep_3",
        "exceptionRules": {
          "fakeExceptionRuleId": {
            "trigger": {
              "kind": "queue-length",
              "threshold": 1
            },
            "actions": {
              "fakeExceptionActionId": {
                "kind": "cancel"
              }
            }
          }
        }
      }
    },
    {
      "RequestUri": "https://sanitized.communication.azure.net/routing/exceptionPolicies?maxpagesize=2\u0026api-version=2022-07-18-preview",
      "RequestMethod": "GET",
      "RequestHeaders": {
        "Accept": "application/json",
        "Accept-Encoding": "gzip, deflate",
        "Authorization": "Sanitized",
        "Connection": "keep-alive",
        "User-Agent": "azsdk-python-communication-jobrouter/1.0.0b1 Python/3.9.7 (Windows-10-10.0.22621-SP0)",
        "x-ms-client-request-id": "8689fef8-6007-11ed-b744-046c590f95d2",
        "x-ms-content-sha256": "Sanitized",
        "x-ms-date": "Wed, 09 Nov 2022 08:21:35 GMT",
        "x-ms-return-client-request-id": "true"
      },
      "RequestBody": null,
      "StatusCode": 200,
      "ResponseHeaders": {
        "api-supported-versions": "2021-04-07-preview1, 2022-07-18-preview",
        "Connection": "keep-alive",
        "Content-Type": "application/json; charset=utf-8",
        "Date": "Wed, 09 Nov 2022 08:21:34 GMT",
        "Request-Context": "appId=",
        "trace-id": "423837d8ea7214bddfa44854749460f2",
        "Transfer-Encoding": "chunked",
        "x-azure-ref": "20221109T082134Z-rwhup4fafx79d2nv68y4rbyapc00000004ug00000001h8ht",
        "X-Cache": "CONFIG_NOCACHE"
      },
      "ResponseBody": {
        "value": [
          {
            "exceptionPolicy": {
              "id": "tst_list_ep_3",
              "name": "tst_list_ep_3",
              "exceptionRules": {
                "fakeExceptionRuleId": {
                  "trigger": {
                    "kind": "queue-length",
                    "threshold": 1
                  },
                  "actions": {
                    "fakeExceptionActionId": {
                      "kind": "cancel"
                    }
                  }
                }
              }
            },
            "etag": "Sanitized"
          },
          {
            "exceptionPolicy": {
              "id": "tst_list_ep_2",
              "name": "tst_list_ep_2",
              "exceptionRules": {
                "fakeExceptionRuleId": {
                  "trigger": {
                    "kind": "queue-length",
                    "threshold": 1
                  },
                  "actions": {
                    "fakeExceptionActionId": {
                      "kind": "cancel"
                    }
                  }
                }
              }
            },
            "etag": "Sanitized"
          }
        ],
        "nextLink": "/routing/exceptionPolicies?continuationToken=bWF4cGFnZXNpemU9MiZjb250aW51YXRpb25Ub2tlbj1XM3NpZEc5clpXNGlPaUlyVWtsRU9uNWxiekF4UVU5WFFXc3dXbWhCUVVGQlFVRkJRVUZCUFQwalVsUTZNU05VVWtNNk1pTlNWRVE2UVVFOVBTTkpVMVk2TWlOSlJVODZOalUxTmpjalVVTkdPamdqUmxCRE9rRm5SVUZCUVVGTFFVSlRRVUZqUkRoRWVrVkJRbmRCUFNJc0luSmhibWRsSWpwN0ltMXBiaUk2SWlJc0ltMWhlQ0k2SWtaR0luMTlYUT09"
      }
    },
    {
      "RequestUri": "https://sanitized.communication.azure.net/routing/exceptionPolicies?continuationToken=bWF4cGFnZXNpemU9MiZjb250aW51YXRpb25Ub2tlbj1XM3NpZEc5clpXNGlPaUlyVWtsRU9uNWxiekF4UVU5WFFXc3dXbWhCUVVGQlFVRkJRVUZCUFQwalVsUTZNU05VVWtNNk1pTlNWRVE2UVVFOVBTTkpVMVk2TWlOSlJVODZOalUxTmpjalVVTkdPamdqUmxCRE9rRm5SVUZCUVVGTFFVSlRRVUZqUkRoRWVrVkJRbmRCUFNJc0luSmhibWRsSWpwN0ltMXBiaUk2SWlJc0ltMWhlQ0k2SWtaR0luMTlYUT09\u0026api-version=2022-07-18-preview",
      "RequestMethod": "GET",
      "RequestHeaders": {
        "Accept": "*/*",
        "Accept-Encoding": "gzip, deflate",
        "Authorization": "Sanitized",
        "Connection": "keep-alive",
        "User-Agent": "azsdk-python-communication-jobrouter/1.0.0b1 Python/3.9.7 (Windows-10-10.0.22621-SP0)",
        "x-ms-client-request-id": "86993be8-6007-11ed-ae16-046c590f95d2",
        "x-ms-content-sha256": "Sanitized",
        "x-ms-date": "Wed, 09 Nov 2022 08:21:35 GMT",
        "x-ms-return-client-request-id": "true"
      },
      "RequestBody": null,
      "StatusCode": 200,
      "ResponseHeaders": {
        "api-supported-versions": "2021-04-07-preview1, 2022-07-18-preview",
        "Connection": "keep-alive",
        "Content-Type": "application/json; charset=utf-8",
        "Date": "Wed, 09 Nov 2022 08:21:35 GMT",
        "Request-Context": "appId=",
        "trace-id": "46c6a7f0966a98cf9e3c2e16a8b0d757",
        "Transfer-Encoding": "chunked",
        "x-azure-ref": "20221109T082134Z-rwhup4fafx79d2nv68y4rbyapc00000004ug00000001h8kk",
        "X-Cache": "CONFIG_NOCACHE"
      },
      "ResponseBody": {
        "value": [
          {
            "exceptionPolicy": {
              "id": "tst_list_ep_1",
              "name": "tst_list_ep_1",
              "exceptionRules": {
                "fakeExceptionRuleId": {
                  "trigger": {
                    "kind": "queue-length",
                    "threshold": 1
                  },
                  "actions": {
                    "fakeExceptionActionId": {
                      "kind": "cancel"
                    }
                  }
                }
              }
            },
            "etag": "Sanitized"
          },
          {
            "exceptionPolicy": {
              "id": "sdk-n5ldMdJBNUiJxEifSG-Crw-CreateExceptionPolicyTe",
              "exceptionRules": {
                "sdk-n5ldMdJBNUiJxEifSG-Crw--ExceptionRule": {
                  "trigger": {
                    "kind": "queue-length",
                    "threshold": 1
                  },
                  "actions": {
                    "sdk-n5ldMdJBNUiJxEifSG-Crw--CancellationExceptionA": {
                      "kind": "cancel",
                      "dispositionCode": "CancelledDueToMaxQueueLengthReached"
                    }
                  }
                }
              }
            },
            "etag": "Sanitized"
          }
        ],
        "nextLink": "/routing/exceptionPolicies?continuationToken=bWF4cGFnZXNpemU9MiZjb250aW51YXRpb25Ub2tlbj1XM3NpZEc5clpXNGlPaUlyVWtsRU9uNWxiekF4UVU5WFFXc3dXWEpCUVVGQlFVRkJRVUZCUFQwalVsUTZNaU5VVWtNNk5DTlNWRVE2UVVFOVBTTkpVMVk2TWlOSlJVODZOalUxTmpjalVVTkdPamdqUmxCRE9rRm5SVUZCUVVGTFFVSlRRVUZqUkRoRWVrVkJRbmRCUFNJc0luSmhibWRsSWpwN0ltMXBiaUk2SWlJc0ltMWhlQ0k2SWtaR0luMTlYUT09"
      }
    },
    {
      "RequestUri": "https://sanitized.communication.azure.net/routing/exceptionPolicies?continuationToken=bWF4cGFnZXNpemU9MiZjb250aW51YXRpb25Ub2tlbj1XM3NpZEc5clpXNGlPaUlyVWtsRU9uNWxiekF4UVU5WFFXc3dXWEpCUVVGQlFVRkJRVUZCUFQwalVsUTZNaU5VVWtNNk5DTlNWRVE2UVVFOVBTTkpVMVk2TWlOSlJVODZOalUxTmpjalVVTkdPamdqUmxCRE9rRm5SVUZCUVVGTFFVSlRRVUZqUkRoRWVrVkJRbmRCUFNJc0luSmhibWRsSWpwN0ltMXBiaUk2SWlJc0ltMWhlQ0k2SWtaR0luMTlYUT09\u0026api-version=2022-07-18-preview",
      "RequestMethod": "GET",
      "RequestHeaders": {
        "Accept": "*/*",
        "Accept-Encoding": "gzip, deflate",
        "Authorization": "Sanitized",
        "Connection": "keep-alive",
        "User-Agent": "azsdk-python-communication-jobrouter/1.0.0b1 Python/3.9.7 (Windows-10-10.0.22621-SP0)",
        "x-ms-client-request-id": "86ac967b-6007-11ed-a52c-046c590f95d2",
        "x-ms-content-sha256": "Sanitized",
        "x-ms-date": "Wed, 09 Nov 2022 08:21:35 GMT",
        "x-ms-return-client-request-id": "true"
      },
      "RequestBody": null,
      "StatusCode": 200,
      "ResponseHeaders": {
        "api-supported-versions": "2021-04-07-preview1, 2022-07-18-preview",
        "Connection": "keep-alive",
        "Content-Type": "application/json; charset=utf-8",
        "Date": "Wed, 09 Nov 2022 08:21:35 GMT",
        "Request-Context": "appId=",
        "trace-id": "21fd0b010f679b774fce76b3d9bf8cfc",
        "Transfer-Encoding": "chunked",
        "x-azure-ref": "20221109T082135Z-rwhup4fafx79d2nv68y4rbyapc00000004ug00000001h8m2",
        "X-Cache": "CONFIG_NOCACHE"
      },
      "ResponseBody": {
        "value": [
          {
            "exceptionPolicy": {
              "id": "sdk-p6lKmgLVWUmlPyYQWVKiqg-CreateExceptionPolicyTe",
              "exceptionRules": {
                "sdk-p6lKmgLVWUmlPyYQWVKiqg--ExceptionRule": {
                  "trigger": {
                    "kind": "queue-length",
                    "threshold": 1
                  },
                  "actions": {
                    "sdk-p6lKmgLVWUmlPyYQWVKiqg--CancellationExceptionA": {
                      "kind": "cancel",
                      "dispositionCode": "CancelledDueToMaxQueueLengthReached"
                    }
                  }
                }
              }
            },
            "etag": "Sanitized"
          },
          {
            "exceptionPolicy": {
              "id": "sdk-txMv0AGg-0SHcLKaDrpEZA-CreateExceptionPolicyTe",
              "exceptionRules": {
                "sdk-txMv0AGg-0SHcLKaDrpEZA--ExceptionRule": {
                  "trigger": {
                    "kind": "queue-length",
                    "threshold": 1
                  },
                  "actions": {
                    "sdk-txMv0AGg-0SHcLKaDrpEZA--CancellationExceptionA": {
                      "kind": "cancel",
                      "dispositionCode": "CancelledDueToMaxQueueLengthReached"
                    }
                  }
                }
              }
            },
            "etag": "Sanitized"
          }
        ],
        "nextLink": "/routing/exceptionPolicies?continuationToken=bWF4cGFnZXNpemU9MiZjb250aW51YXRpb25Ub2tlbj1XM3NpZEc5clpXNGlPaUlyVWtsRU9uNWxiekF4UVU5WFFXc3dXWEJCUVVGQlFVRkJRVUZCUFQwalVsUTZNeU5VVWtNNk5pTlNWRVE2UVVFOVBTTkpVMVk2TWlOSlJVODZOalUxTmpjalVVTkdPamdqUmxCRE9rRm5SVUZCUVVGTFFVSlRRVUZqUkRoRWVrVkJRbmRCUFNJc0luSmhibWRsSWpwN0ltMXBiaUk2SWlJc0ltMWhlQ0k2SWtaR0luMTlYUT09"
      }
    },
    {
      "RequestUri": "https://sanitized.communication.azure.net/routing/exceptionPolicies?continuationToken=bWF4cGFnZXNpemU9MiZjb250aW51YXRpb25Ub2tlbj1XM3NpZEc5clpXNGlPaUlyVWtsRU9uNWxiekF4UVU5WFFXc3dXWEJCUVVGQlFVRkJRVUZCUFQwalVsUTZNeU5VVWtNNk5pTlNWRVE2UVVFOVBTTkpVMVk2TWlOSlJVODZOalUxTmpjalVVTkdPamdqUmxCRE9rRm5SVUZCUVVGTFFVSlRRVUZqUkRoRWVrVkJRbmRCUFNJc0luSmhibWRsSWpwN0ltMXBiaUk2SWlJc0ltMWhlQ0k2SWtaR0luMTlYUT09\u0026api-version=2022-07-18-preview",
      "RequestMethod": "GET",
      "RequestHeaders": {
        "Accept": "*/*",
        "Accept-Encoding": "gzip, deflate",
        "Authorization": "Sanitized",
        "Connection": "keep-alive",
        "User-Agent": "azsdk-python-communication-jobrouter/1.0.0b1 Python/3.9.7 (Windows-10-10.0.22621-SP0)",
        "x-ms-client-request-id": "86c8611f-6007-11ed-bf23-046c590f95d2",
        "x-ms-content-sha256": "Sanitized",
        "x-ms-date": "Wed, 09 Nov 2022 08:21:36 GMT",
        "x-ms-return-client-request-id": "true"
      },
      "RequestBody": null,
      "StatusCode": 200,
      "ResponseHeaders": {
        "api-supported-versions": "2021-04-07-preview1, 2022-07-18-preview",
        "Connection": "keep-alive",
        "Content-Type": "application/json; charset=utf-8",
        "Date": "Wed, 09 Nov 2022 08:21:35 GMT",
        "Request-Context": "appId=",
        "trace-id": "536cc30a6f5bd0a8266a0f7c98528795",
        "Transfer-Encoding": "chunked",
        "x-azure-ref": "20221109T082135Z-rwhup4fafx79d2nv68y4rbyapc00000004ug00000001h8mz",
        "X-Cache": "CONFIG_NOCACHE"
      },
      "ResponseBody": {
        "value": [
          {
            "exceptionPolicy": {
              "id": "sdk-h-YxZ-MXFUmKXBc8KSsPMQ-CreateExceptionPolicyTe",
              "exceptionRules": {
                "sdk-h-YxZ-MXFUmKXBc8KSsPMQ--ExceptionRule": {
                  "trigger": {
                    "kind": "queue-length",
                    "threshold": 1
                  },
                  "actions": {
                    "sdk-h-YxZ-MXFUmKXBc8KSsPMQ--CancellationExceptionA": {
                      "kind": "cancel",
                      "dispositionCode": "CancelledDueToMaxQueueLengthReached"
                    }
                  }
                }
              }
            },
            "etag": "Sanitized"
          },
          {
            "exceptionPolicy": {
              "id": "sdk-R0Sy2I4-5E2A1PAKwVRQfQ-CreateExceptionPolicyTe",
              "exceptionRules": {
                "sdk-R0Sy2I4-5E2A1PAKwVRQfQ--ExceptionRule": {
                  "trigger": {
                    "kind": "queue-length",
                    "threshold": 1
                  },
                  "actions": {
                    "sdk-R0Sy2I4-5E2A1PAKwVRQfQ--CancellationExceptionA": {
                      "kind": "cancel",
                      "dispositionCode": "CancelledDueToMaxQueueLengthReached"
                    }
                  }
                }
              }
            },
            "etag": "Sanitized"
          }
        ],
        "nextLink": "/routing/exceptionPolicies?continuationToken=bWF4cGFnZXNpemU9MiZjb250aW51YXRpb25Ub2tlbj1XM3NpZEc5clpXNGlPaUlyVWtsRU9uNWxiekF4UVU5WFFXc3dXVzVCUVVGQlFVRkJRVUZCUFQwalVsUTZOQ05VVWtNNk9DTlNWRVE2UVVFOVBTTkpVMVk2TWlOSlJVODZOalUxTmpjalVVTkdPamdqUmxCRE9rRm5SVUZCUVVGTFFVSlRRVUZqUkRoRWVrVkJRbmRCUFNJc0luSmhibWRsSWpwN0ltMXBiaUk2SWlJc0ltMWhlQ0k2SWtaR0luMTlYUT09"
      }
    },
    {
      "RequestUri": "https://sanitized.communication.azure.net/routing/exceptionPolicies?continuationToken=bWF4cGFnZXNpemU9MiZjb250aW51YXRpb25Ub2tlbj1XM3NpZEc5clpXNGlPaUlyVWtsRU9uNWxiekF4UVU5WFFXc3dXVzVCUVVGQlFVRkJRVUZCUFQwalVsUTZOQ05VVWtNNk9DTlNWRVE2UVVFOVBTTkpVMVk2TWlOSlJVODZOalUxTmpjalVVTkdPamdqUmxCRE9rRm5SVUZCUVVGTFFVSlRRVUZqUkRoRWVrVkJRbmRCUFNJc0luSmhibWRsSWpwN0ltMXBiaUk2SWlJc0ltMWhlQ0k2SWtaR0luMTlYUT09\u0026api-version=2022-07-18-preview",
      "RequestMethod": "GET",
      "RequestHeaders": {
        "Accept": "*/*",
        "Accept-Encoding": "gzip, deflate",
        "Authorization": "Sanitized",
        "Connection": "keep-alive",
        "User-Agent": "azsdk-python-communication-jobrouter/1.0.0b1 Python/3.9.7 (Windows-10-10.0.22621-SP0)",
        "x-ms-client-request-id": "86dac96e-6007-11ed-8fc3-046c590f95d2",
        "x-ms-content-sha256": "Sanitized",
        "x-ms-date": "Wed, 09 Nov 2022 08:21:36 GMT",
        "x-ms-return-client-request-id": "true"
      },
      "RequestBody": null,
      "StatusCode": 200,
      "ResponseHeaders": {
        "api-supported-versions": "2021-04-07-preview1, 2022-07-18-preview",
        "Connection": "keep-alive",
        "Content-Type": "application/json; charset=utf-8",
        "Date": "Wed, 09 Nov 2022 08:21:35 GMT",
        "Request-Context": "appId=",
        "trace-id": "26bd5e1a547dbebeeca57cdeb7b6b3bb",
        "Transfer-Encoding": "chunked",
        "x-azure-ref": "20221109T082135Z-rwhup4fafx79d2nv68y4rbyapc00000004ug00000001h8nh",
        "X-Cache": "CONFIG_NOCACHE"
      },
      "ResponseBody": {
        "value": [
          {
            "exceptionPolicy": {
              "id": "sdk-7wcjqjmmbEi4jFYcEBPIbg-CreateExceptionPolicyTe",
              "exceptionRules": {
                "sdk-7wcjqjmmbEi4jFYcEBPIbg--ExceptionRule": {
                  "trigger": {
                    "kind": "queue-length",
                    "threshold": 1
                  },
                  "actions": {
                    "sdk-7wcjqjmmbEi4jFYcEBPIbg--CancellationExceptionA": {
                      "kind": "cancel",
                      "dispositionCode": "CancelledDueToMaxQueueLengthReached"
                    }
                  }
                }
              }
            },
            "etag": "Sanitized"
          },
          {
            "exceptionPolicy": {
              "id": "sdk-mnR0w6NIvEWS58uH0NBkgg-CreateExceptionPolicyTe",
              "exceptionRules": {
                "sdk-mnR0w6NIvEWS58uH0NBkgg--ExceptionRule": {
                  "trigger": {
                    "kind": "queue-length",
                    "threshold": 1
                  },
                  "actions": {
                    "sdk-mnR0w6NIvEWS58uH0NBkgg--CancellationExceptionA": {
                      "kind": "cancel",
                      "dispositionCode": "CancelledDueToMaxQueueLengthReached"
                    }
                  }
                }
              }
            },
            "etag": "Sanitized"
          }
        ],
        "nextLink": "/routing/exceptionPolicies?continuationToken=bWF4cGFnZXNpemU9MiZjb250aW51YXRpb25Ub2tlbj1XM3NpZEc5clpXNGlPaUlyVWtsRU9uNWxiekF4UVU5WFFXc3dXV3hCUVVGQlFVRkJRVUZCUFQwalVsUTZOU05VVWtNNk1UQWpVbFJFT2tGQlBUMGpTVk5XT2pJalNVVlBPalkxTlRZM0kxRkRSam80STBaUVF6cEJaMFZCUVVGQlMwRkNVMEZCWTBRNFJIcEZRVUozUVQwaUxDSnlZVzVuWlNJNmV5SnRhVzRpT2lJaUxDSnRZWGdpT2lKR1JpSjlmVjA9"
      }
    },
    {
      "RequestUri": "https://sanitized.communication.azure.net/routing/exceptionPolicies?continuationToken=bWF4cGFnZXNpemU9MiZjb250aW51YXRpb25Ub2tlbj1XM3NpZEc5clpXNGlPaUlyVWtsRU9uNWxiekF4UVU5WFFXc3dXV3hCUVVGQlFVRkJRVUZCUFQwalVsUTZOU05VVWtNNk1UQWpVbFJFT2tGQlBUMGpTVk5XT2pJalNVVlBPalkxTlRZM0kxRkRSam80STBaUVF6cEJaMFZCUVVGQlMwRkNVMEZCWTBRNFJIcEZRVUozUVQwaUxDSnlZVzVuWlNJNmV5SnRhVzRpT2lJaUxDSnRZWGdpT2lKR1JpSjlmVjA9\u0026api-version=2022-07-18-preview",
      "RequestMethod": "GET",
      "RequestHeaders": {
        "Accept": "*/*",
        "Accept-Encoding": "gzip, deflate",
        "Authorization": "Sanitized",
        "Connection": "keep-alive",
        "User-Agent": "azsdk-python-communication-jobrouter/1.0.0b1 Python/3.9.7 (Windows-10-10.0.22621-SP0)",
        "x-ms-client-request-id": "86ea4b4c-6007-11ed-8866-046c590f95d2",
        "x-ms-content-sha256": "Sanitized",
        "x-ms-date": "Wed, 09 Nov 2022 08:21:36 GMT",
        "x-ms-return-client-request-id": "true"
      },
      "RequestBody": null,
      "StatusCode": 200,
      "ResponseHeaders": {
        "api-supported-versions": "2021-04-07-preview1, 2022-07-18-preview",
        "Connection": "keep-alive",
        "Content-Type": "application/json; charset=utf-8",
        "Date": "Wed, 09 Nov 2022 08:21:35 GMT",
        "Request-Context": "appId=",
        "trace-id": "983ec8a1cbc180acc9a2c5681e1765c5",
        "Transfer-Encoding": "chunked",
        "x-azure-ref": "20221109T082135Z-rwhup4fafx79d2nv68y4rbyapc00000004ug00000001h8p3",
        "X-Cache": "CONFIG_NOCACHE"
      },
      "ResponseBody": {
        "value": [
          {
            "exceptionPolicy": {
              "id": "sdk-mSKri11m3EW494Oo-HCKjg-CreateExceptionPolicyTe",
              "exceptionRules": {
                "sdk-mSKri11m3EW494Oo-HCKjg--ExceptionRule": {
                  "trigger": {
                    "kind": "queue-length",
                    "threshold": 1
                  },
                  "actions": {
                    "sdk-mSKri11m3EW494Oo-HCKjg--CancellationExceptionA": {
                      "kind": "cancel",
                      "dispositionCode": "CancelledDueToMaxQueueLengthReached"
                    }
                  }
                }
              }
            },
            "etag": "Sanitized"
          },
          {
            "exceptionPolicy": {
              "id": "sdk-PkMD-f5qzkqfGi8I3Bto9A-CreateExceptionPolicyTe",
              "exceptionRules": {
                "sdk-PkMD-f5qzkqfGi8I3Bto9A--ExceptionRule": {
                  "trigger": {
                    "kind": "queue-length",
                    "threshold": 1
                  },
                  "actions": {
                    "sdk-PkMD-f5qzkqfGi8I3Bto9A--CancellationExceptionA": {
                      "kind": "cancel",
                      "dispositionCode": "CancelledDueToMaxQueueLengthReached"
                    }
                  }
                }
              }
            },
            "etag": "Sanitized"
          }
        ],
        "nextLink": "/routing/exceptionPolicies?continuationToken=bWF4cGFnZXNpemU9MiZjb250aW51YXRpb25Ub2tlbj1XM3NpZEc5clpXNGlPaUlyVWtsRU9uNWxiekF4UVU5WFFXc3dXV3BCUVVGQlFVRkJRVUZCUFQwalVsUTZOaU5VVWtNNk1USWpVbFJFT2tGQlBUMGpTVk5XT2pJalNVVlBPalkxTlRZM0kxRkRSam80STBaUVF6cEJaMFZCUVVGQlMwRkNVMEZCWTBRNFJIcEZRVUozUVQwaUxDSnlZVzVuWlNJNmV5SnRhVzRpT2lJaUxDSnRZWGdpT2lKR1JpSjlmVjA9"
      }
    },
    {
      "RequestUri": "https://sanitized.communication.azure.net/routing/exceptionPolicies?continuationToken=bWF4cGFnZXNpemU9MiZjb250aW51YXRpb25Ub2tlbj1XM3NpZEc5clpXNGlPaUlyVWtsRU9uNWxiekF4UVU5WFFXc3dXV3BCUVVGQlFVRkJRVUZCUFQwalVsUTZOaU5VVWtNNk1USWpVbFJFT2tGQlBUMGpTVk5XT2pJalNVVlBPalkxTlRZM0kxRkRSam80STBaUVF6cEJaMFZCUVVGQlMwRkNVMEZCWTBRNFJIcEZRVUozUVQwaUxDSnlZVzVuWlNJNmV5SnRhVzRpT2lJaUxDSnRZWGdpT2lKR1JpSjlmVjA9\u0026api-version=2022-07-18-preview",
      "RequestMethod": "GET",
      "RequestHeaders": {
        "Accept": "*/*",
        "Accept-Encoding": "gzip, deflate",
        "Authorization": "Sanitized",
        "Connection": "keep-alive",
        "User-Agent": "azsdk-python-communication-jobrouter/1.0.0b1 Python/3.9.7 (Windows-10-10.0.22621-SP0)",
        "x-ms-client-request-id": "86fb5183-6007-11ed-8e59-046c590f95d2",
        "x-ms-content-sha256": "Sanitized",
        "x-ms-date": "Wed, 09 Nov 2022 08:21:36 GMT",
        "x-ms-return-client-request-id": "true"
      },
      "RequestBody": null,
      "StatusCode": 200,
      "ResponseHeaders": {
        "api-supported-versions": "2021-04-07-preview1, 2022-07-18-preview",
        "Connection": "keep-alive",
        "Content-Type": "application/json; charset=utf-8",
        "Date": "Wed, 09 Nov 2022 08:21:35 GMT",
        "Request-Context": "appId=",
        "trace-id": "4b5d32a40ad1bf43babdd3cddfbc528e",
        "Transfer-Encoding": "chunked",
        "x-azure-ref": "20221109T082135Z-rwhup4fafx79d2nv68y4rbyapc00000004ug00000001h8px",
        "X-Cache": "CONFIG_NOCACHE"
      },
      "ResponseBody": {
        "value": [
          {
            "exceptionPolicy": {
              "id": "sdk-U6dKQW0hdEOlbqR9wWgk4g-CreateExceptionPolicyTe",
              "exceptionRules": {
                "sdk-U6dKQW0hdEOlbqR9wWgk4g--ExceptionRule": {
                  "trigger": {
                    "kind": "queue-length",
                    "threshold": 1
                  },
                  "actions": {
                    "sdk-U6dKQW0hdEOlbqR9wWgk4g--CancellationExceptionA": {
                      "kind": "cancel",
                      "dispositionCode": "CancelledDueToMaxQueueLengthReached"
                    }
                  }
                }
              }
            },
            "etag": "Sanitized"
          },
          {
            "exceptionPolicy": {
              "id": "sdk-ShrastfV40GTUGovgWCXNg-CreateExceptionPolicyTe",
              "exceptionRules": {
                "sdk-ShrastfV40GTUGovgWCXNg--ExceptionRule": {
                  "trigger": {
                    "kind": "queue-length",
                    "threshold": 1
                  },
                  "actions": {
                    "sdk-ShrastfV40GTUGovgWCXNg--CancellationExceptionA": {
                      "kind": "cancel",
                      "dispositionCode": "CancelledDueToMaxQueueLengthReached"
                    }
                  }
                }
              }
            },
            "etag": "Sanitized"
          }
        ]
      }
    },
    {
      "RequestUri": "https://sanitized.communication.azure.net/routing/exceptionPolicies/tst_list_ep_1?api-version=2022-07-18-preview",
      "RequestMethod": "PATCH",
      "RequestHeaders": {
        "Accept": "application/json",
        "Accept-Encoding": "gzip, deflate",
        "Authorization": "Sanitized",
        "Connection": "keep-alive",
        "Content-Length": "256",
        "Content-Type": "application/merge-patch\u002Bjson",
        "User-Agent": "azsdk-python-communication-jobrouter/1.0.0b1 Python/3.9.7 (Windows-10-10.0.22621-SP0)",
        "x-ms-client-request-id": "870bf85b-6007-11ed-a689-046c590f95d2",
        "x-ms-content-sha256": "Sanitized",
        "x-ms-date": "Wed, 09 Nov 2022 08:21:36 GMT",
        "x-ms-return-client-request-id": "true"
      },
      "RequestBody": {
        "name": "tst_list_ep_1",
        "exceptionRules": {
          "fakeExceptionRuleId": {
            "trigger": {
              "kind": "queue-length",
              "threshold": 1
            },
            "actions": {
              "fakeExceptionActionId": {
                "kind": "manual-reclassify",
                "queueId": "test_list_exception_policies_tst_q",
                "priority": 1
              }
            }
          }
        }
      },
      "StatusCode": 200,
      "ResponseHeaders": {
        "api-supported-versions": "2021-04-07-preview1, 2022-07-18-preview",
        "Connection": "keep-alive",
        "Content-Type": "application/json; charset=utf-8",
        "Date": "Wed, 09 Nov 2022 08:21:35 GMT",
        "ETag": "Sanitized",
        "Last-Modified": "Wed, 09 Nov 2022 08:21:35 GMT",
        "Request-Context": "appId=",
        "trace-id": "ecfcdfbcd67bc558a26d21803cdf38fa",
        "Transfer-Encoding": "chunked",
        "x-azure-ref": "20221109T082135Z-rwhup4fafx79d2nv68y4rbyapc00000004ug00000001h8qq",
        "X-Cache": "CONFIG_NOCACHE"
      },
      "ResponseBody": {
        "id": "tst_list_ep_1",
        "name": "tst_list_ep_1",
        "exceptionRules": {
          "fakeExceptionRuleId": {
            "trigger": {
              "kind": "queue-length",
              "threshold": 1
            },
            "actions": {
              "fakeExceptionActionId": {
                "kind": "manual-reclassify",
                "queueId": "test_list_exception_policies_tst_q",
                "priority": 1,
                "workerSelectors": []
              }
            }
          }
        }
      }
    },
    {
      "RequestUri": "https://sanitized.communication.azure.net/routing/exceptionPolicies/tst_list_ep_2?api-version=2022-07-18-preview",
      "RequestMethod": "PATCH",
      "RequestHeaders": {
        "Accept": "application/json",
        "Accept-Encoding": "gzip, deflate",
        "Authorization": "Sanitized",
        "Connection": "keep-alive",
        "Content-Length": "256",
        "Content-Type": "application/merge-patch\u002Bjson",
        "User-Agent": "azsdk-python-communication-jobrouter/1.0.0b1 Python/3.9.7 (Windows-10-10.0.22621-SP0)",
        "x-ms-client-request-id": "8737b574-6007-11ed-b5db-046c590f95d2",
        "x-ms-content-sha256": "Sanitized",
        "x-ms-date": "Wed, 09 Nov 2022 08:21:36 GMT",
        "x-ms-return-client-request-id": "true"
      },
      "RequestBody": {
        "name": "tst_list_ep_2",
        "exceptionRules": {
          "fakeExceptionRuleId": {
            "trigger": {
              "kind": "queue-length",
              "threshold": 1
            },
            "actions": {
              "fakeExceptionActionId": {
                "kind": "manual-reclassify",
                "queueId": "test_list_exception_policies_tst_q",
                "priority": 1
              }
            }
          }
        }
      },
      "StatusCode": 200,
      "ResponseHeaders": {
        "api-supported-versions": "2021-04-07-preview1, 2022-07-18-preview",
        "Connection": "keep-alive",
        "Content-Type": "application/json; charset=utf-8",
        "Date": "Wed, 09 Nov 2022 08:21:36 GMT",
        "ETag": "Sanitized",
        "Last-Modified": "Wed, 09 Nov 2022 08:21:36 GMT",
        "Request-Context": "appId=",
        "trace-id": "dae200278560348ab25278d816a5dd7a",
        "Transfer-Encoding": "chunked",
        "x-azure-ref": "20221109T082135Z-rwhup4fafx79d2nv68y4rbyapc00000004ug00000001h8sc",
        "X-Cache": "CONFIG_NOCACHE"
      },
      "ResponseBody": {
        "id": "tst_list_ep_2",
        "name": "tst_list_ep_2",
        "exceptionRules": {
          "fakeExceptionRuleId": {
            "trigger": {
              "kind": "queue-length",
              "threshold": 1
            },
            "actions": {
              "fakeExceptionActionId": {
                "kind": "manual-reclassify",
                "queueId": "test_list_exception_policies_tst_q",
                "priority": 1,
                "workerSelectors": []
              }
            }
          }
        }
      }
    },
    {
      "RequestUri": "https://sanitized.communication.azure.net/routing/exceptionPolicies/tst_list_ep_3?api-version=2022-07-18-preview",
      "RequestMethod": "PATCH",
      "RequestHeaders": {
        "Accept": "application/json",
        "Accept-Encoding": "gzip, deflate",
        "Authorization": "Sanitized",
        "Connection": "keep-alive",
        "Content-Length": "256",
        "Content-Type": "application/merge-patch\u002Bjson",
        "User-Agent": "azsdk-python-communication-jobrouter/1.0.0b1 Python/3.9.7 (Windows-10-10.0.22621-SP0)",
        "x-ms-client-request-id": "87505b65-6007-11ed-ac94-046c590f95d2",
        "x-ms-content-sha256": "Sanitized",
        "x-ms-date": "Wed, 09 Nov 2022 08:21:36 GMT",
        "x-ms-return-client-request-id": "true"
      },
      "RequestBody": {
        "name": "tst_list_ep_3",
        "exceptionRules": {
          "fakeExceptionRuleId": {
            "trigger": {
              "kind": "queue-length",
              "threshold": 1
            },
            "actions": {
              "fakeExceptionActionId": {
                "kind": "manual-reclassify",
                "queueId": "test_list_exception_policies_tst_q",
                "priority": 1
              }
            }
          }
        }
      },
      "StatusCode": 200,
      "ResponseHeaders": {
        "api-supported-versions": "2021-04-07-preview1, 2022-07-18-preview",
        "Connection": "keep-alive",
        "Content-Type": "application/json; charset=utf-8",
        "Date": "Wed, 09 Nov 2022 08:21:36 GMT",
        "ETag": "Sanitized",
        "Last-Modified": "Wed, 09 Nov 2022 08:21:36 GMT",
        "Request-Context": "appId=",
        "trace-id": "171fb61d93a821cc8f7033547dd1c4ba",
        "Transfer-Encoding": "chunked",
        "x-azure-ref": "20221109T082136Z-rwhup4fafx79d2nv68y4rbyapc00000004ug00000001h8t5",
        "X-Cache": "CONFIG_NOCACHE"
      },
      "ResponseBody": {
        "id": "tst_list_ep_3",
        "name": "tst_list_ep_3",
        "exceptionRules": {
          "fakeExceptionRuleId": {
            "trigger": {
              "kind": "queue-length",
              "threshold": 1
            },
            "actions": {
              "fakeExceptionActionId": {
                "kind": "manual-reclassify",
                "queueId": "test_list_exception_policies_tst_q",
                "priority": 1,
                "workerSelectors": []
              }
            }
          }
        }
      }
    },
    {
      "RequestUri": "https://sanitized.communication.azure.net/routing/exceptionPolicies?maxpagesize=2\u0026api-version=2022-07-18-preview",
      "RequestMethod": "GET",
      "RequestHeaders": {
        "Accept": "application/json",
        "Accept-Encoding": "gzip, deflate",
        "Authorization": "Sanitized",
        "Connection": "keep-alive",
        "User-Agent": "azsdk-python-communication-jobrouter/1.0.0b1 Python/3.9.7 (Windows-10-10.0.22621-SP0)",
        "x-ms-client-request-id": "876b758e-6007-11ed-b1de-046c590f95d2",
        "x-ms-content-sha256": "Sanitized",
        "x-ms-date": "Wed, 09 Nov 2022 08:21:37 GMT",
        "x-ms-return-client-request-id": "true"
      },
      "RequestBody": null,
      "StatusCode": 200,
      "ResponseHeaders": {
        "api-supported-versions": "2021-04-07-preview1, 2022-07-18-preview",
        "Connection": "keep-alive",
        "Content-Type": "application/json; charset=utf-8",
        "Date": "Wed, 09 Nov 2022 08:21:36 GMT",
        "Request-Context": "appId=",
        "trace-id": "284f745f0ef9a33f3a2298187dd9f87f",
        "Transfer-Encoding": "chunked",
        "x-azure-ref": "20221109T082136Z-rwhup4fafx79d2nv68y4rbyapc00000004ug00000001h8ua",
        "X-Cache": "CONFIG_NOCACHE"
      },
      "ResponseBody": {
        "value": [
          {
            "exceptionPolicy": {
              "id": "tst_list_ep_3",
              "name": "tst_list_ep_3",
              "exceptionRules": {
                "fakeExceptionRuleId": {
                  "trigger": {
                    "kind": "queue-length",
                    "threshold": 1
                  },
                  "actions": {
                    "fakeExceptionActionId": {
                      "kind": "manual-reclassify",
                      "queueId": "test_list_exception_policies_tst_q",
                      "priority": 1,
                      "workerSelectors": []
                    }
                  }
                }
              }
            },
            "etag": "Sanitized"
          },
          {
            "exceptionPolicy": {
              "id": "tst_list_ep_2",
              "name": "tst_list_ep_2",
              "exceptionRules": {
                "fakeExceptionRuleId": {
                  "trigger": {
                    "kind": "queue-length",
                    "threshold": 1
                  },
                  "actions": {
                    "fakeExceptionActionId": {
                      "kind": "manual-reclassify",
                      "queueId": "test_list_exception_policies_tst_q",
                      "priority": 1,
                      "workerSelectors": []
                    }
                  }
                }
              }
            },
            "etag": "Sanitized"
          }
        ],
        "nextLink": "/routing/exceptionPolicies?continuationToken=bWF4cGFnZXNpemU9MiZjb250aW51YXRpb25Ub2tlbj1XM3NpZEc5clpXNGlPaUlyVWtsRU9uNWxiekF4UVU5WFFXc3dXbWhCUVVGQlFVRkJRVUZCUFQwalVsUTZNU05VVWtNNk1pTlNWRVE2UVVFOVBTTkpVMVk2TWlOSlJVODZOalUxTmpjalVVTkdPamdqUmxCRE9rRm5SVUZCUVVGTFFVSlRRVUZqUkRoRWVrVkJRbmRCUFNJc0luSmhibWRsSWpwN0ltMXBiaUk2SWlJc0ltMWhlQ0k2SWtaR0luMTlYUT09"
      }
    },
    {
      "RequestUri": "https://sanitized.communication.azure.net/routing/exceptionPolicies?continuationToken=bWF4cGFnZXNpemU9MiZjb250aW51YXRpb25Ub2tlbj1XM3NpZEc5clpXNGlPaUlyVWtsRU9uNWxiekF4UVU5WFFXc3dXbWhCUVVGQlFVRkJRVUZCUFQwalVsUTZNU05VVWtNNk1pTlNWRVE2UVVFOVBTTkpVMVk2TWlOSlJVODZOalUxTmpjalVVTkdPamdqUmxCRE9rRm5SVUZCUVVGTFFVSlRRVUZqUkRoRWVrVkJRbmRCUFNJc0luSmhibWRsSWpwN0ltMXBiaUk2SWlJc0ltMWhlQ0k2SWtaR0luMTlYUT09\u0026api-version=2022-07-18-preview",
      "RequestMethod": "GET",
      "RequestHeaders": {
        "Accept": "*/*",
        "Accept-Encoding": "gzip, deflate",
        "Authorization": "Sanitized",
        "Connection": "keep-alive",
        "User-Agent": "azsdk-python-communication-jobrouter/1.0.0b1 Python/3.9.7 (Windows-10-10.0.22621-SP0)",
        "x-ms-client-request-id": "877af19f-6007-11ed-ace1-046c590f95d2",
        "x-ms-content-sha256": "Sanitized",
        "x-ms-date": "Wed, 09 Nov 2022 08:21:37 GMT",
        "x-ms-return-client-request-id": "true"
      },
      "RequestBody": null,
      "StatusCode": 200,
      "ResponseHeaders": {
        "api-supported-versions": "2021-04-07-preview1, 2022-07-18-preview",
        "Connection": "keep-alive",
        "Content-Type": "application/json; charset=utf-8",
        "Date": "Wed, 09 Nov 2022 08:21:36 GMT",
        "Request-Context": "appId=",
        "trace-id": "b29e833874a7459298abc193648ce365",
        "Transfer-Encoding": "chunked",
        "x-azure-ref": "20221109T082136Z-rwhup4fafx79d2nv68y4rbyapc00000004ug00000001h8v2",
        "X-Cache": "CONFIG_NOCACHE"
      },
      "ResponseBody": {
        "value": [
          {
            "exceptionPolicy": {
              "id": "tst_list_ep_1",
              "name": "tst_list_ep_1",
              "exceptionRules": {
                "fakeExceptionRuleId": {
                  "trigger": {
                    "kind": "queue-length",
                    "threshold": 1
                  },
                  "actions": {
                    "fakeExceptionActionId": {
                      "kind": "manual-reclassify",
                      "queueId": "test_list_exception_policies_tst_q",
                      "priority": 1,
                      "workerSelectors": []
                    }
                  }
                }
              }
            },
            "etag": "Sanitized"
          },
          {
            "exceptionPolicy": {
              "id": "sdk-n5ldMdJBNUiJxEifSG-Crw-CreateExceptionPolicyTe",
              "exceptionRules": {
                "sdk-n5ldMdJBNUiJxEifSG-Crw--ExceptionRule": {
                  "trigger": {
                    "kind": "queue-length",
                    "threshold": 1
                  },
                  "actions": {
                    "sdk-n5ldMdJBNUiJxEifSG-Crw--CancellationExceptionA": {
                      "kind": "cancel",
                      "dispositionCode": "CancelledDueToMaxQueueLengthReached"
                    }
                  }
                }
              }
            },
            "etag": "Sanitized"
          }
        ],
        "nextLink": "/routing/exceptionPolicies?continuationToken=bWF4cGFnZXNpemU9MiZjb250aW51YXRpb25Ub2tlbj1XM3NpZEc5clpXNGlPaUlyVWtsRU9uNWxiekF4UVU5WFFXc3dXWEpCUVVGQlFVRkJRVUZCUFQwalVsUTZNaU5VVWtNNk5DTlNWRVE2UVVFOVBTTkpVMVk2TWlOSlJVODZOalUxTmpjalVVTkdPamdqUmxCRE9rRm5SVUZCUVVGTFFVSlRRVUZqUkRoRWVrVkJRbmRCUFNJc0luSmhibWRsSWpwN0ltMXBiaUk2SWlJc0ltMWhlQ0k2SWtaR0luMTlYUT09"
      }
    },
    {
      "RequestUri": "https://sanitized.communication.azure.net/routing/exceptionPolicies?continuationToken=bWF4cGFnZXNpemU9MiZjb250aW51YXRpb25Ub2tlbj1XM3NpZEc5clpXNGlPaUlyVWtsRU9uNWxiekF4UVU5WFFXc3dXWEpCUVVGQlFVRkJRVUZCUFQwalVsUTZNaU5VVWtNNk5DTlNWRVE2UVVFOVBTTkpVMVk2TWlOSlJVODZOalUxTmpjalVVTkdPamdqUmxCRE9rRm5SVUZCUVVGTFFVSlRRVUZqUkRoRWVrVkJRbmRCUFNJc0luSmhibWRsSWpwN0ltMXBiaUk2SWlJc0ltMWhlQ0k2SWtaR0luMTlYUT09\u0026api-version=2022-07-18-preview",
      "RequestMethod": "GET",
      "RequestHeaders": {
        "Accept": "*/*",
        "Accept-Encoding": "gzip, deflate",
        "Authorization": "Sanitized",
        "Connection": "keep-alive",
        "User-Agent": "azsdk-python-communication-jobrouter/1.0.0b1 Python/3.9.7 (Windows-10-10.0.22621-SP0)",
        "x-ms-client-request-id": "878b337c-6007-11ed-852a-046c590f95d2",
        "x-ms-content-sha256": "Sanitized",
        "x-ms-date": "Wed, 09 Nov 2022 08:21:37 GMT",
        "x-ms-return-client-request-id": "true"
      },
      "RequestBody": null,
      "StatusCode": 200,
      "ResponseHeaders": {
        "api-supported-versions": "2021-04-07-preview1, 2022-07-18-preview",
        "Connection": "keep-alive",
        "Content-Type": "application/json; charset=utf-8",
        "Date": "Wed, 09 Nov 2022 08:21:36 GMT",
        "Request-Context": "appId=",
        "trace-id": "bc6642d8cd0551c217360f3fd0c9236d",
        "Transfer-Encoding": "chunked",
        "x-azure-ref": "20221109T082136Z-rwhup4fafx79d2nv68y4rbyapc00000004ug00000001h8vv",
        "X-Cache": "CONFIG_NOCACHE"
      },
      "ResponseBody": {
        "value": [
          {
            "exceptionPolicy": {
              "id": "sdk-p6lKmgLVWUmlPyYQWVKiqg-CreateExceptionPolicyTe",
              "exceptionRules": {
                "sdk-p6lKmgLVWUmlPyYQWVKiqg--ExceptionRule": {
                  "trigger": {
                    "kind": "queue-length",
                    "threshold": 1
                  },
                  "actions": {
                    "sdk-p6lKmgLVWUmlPyYQWVKiqg--CancellationExceptionA": {
                      "kind": "cancel",
                      "dispositionCode": "CancelledDueToMaxQueueLengthReached"
                    }
                  }
                }
              }
            },
            "etag": "Sanitized"
          },
          {
            "exceptionPolicy": {
              "id": "sdk-txMv0AGg-0SHcLKaDrpEZA-CreateExceptionPolicyTe",
              "exceptionRules": {
                "sdk-txMv0AGg-0SHcLKaDrpEZA--ExceptionRule": {
                  "trigger": {
                    "kind": "queue-length",
                    "threshold": 1
                  },
                  "actions": {
                    "sdk-txMv0AGg-0SHcLKaDrpEZA--CancellationExceptionA": {
                      "kind": "cancel",
                      "dispositionCode": "CancelledDueToMaxQueueLengthReached"
                    }
                  }
                }
              }
            },
            "etag": "Sanitized"
          }
        ],
        "nextLink": "/routing/exceptionPolicies?continuationToken=bWF4cGFnZXNpemU9MiZjb250aW51YXRpb25Ub2tlbj1XM3NpZEc5clpXNGlPaUlyVWtsRU9uNWxiekF4UVU5WFFXc3dXWEJCUVVGQlFVRkJRVUZCUFQwalVsUTZNeU5VVWtNNk5pTlNWRVE2UVVFOVBTTkpVMVk2TWlOSlJVODZOalUxTmpjalVVTkdPamdqUmxCRE9rRm5SVUZCUVVGTFFVSlRRVUZqUkRoRWVrVkJRbmRCUFNJc0luSmhibWRsSWpwN0ltMXBiaUk2SWlJc0ltMWhlQ0k2SWtaR0luMTlYUT09"
      }
    },
    {
      "RequestUri": "https://sanitized.communication.azure.net/routing/exceptionPolicies?continuationToken=bWF4cGFnZXNpemU9MiZjb250aW51YXRpb25Ub2tlbj1XM3NpZEc5clpXNGlPaUlyVWtsRU9uNWxiekF4UVU5WFFXc3dXWEJCUVVGQlFVRkJRVUZCUFQwalVsUTZNeU5VVWtNNk5pTlNWRVE2UVVFOVBTTkpVMVk2TWlOSlJVODZOalUxTmpjalVVTkdPamdqUmxCRE9rRm5SVUZCUVVGTFFVSlRRVUZqUkRoRWVrVkJRbmRCUFNJc0luSmhibWRsSWpwN0ltMXBiaUk2SWlJc0ltMWhlQ0k2SWtaR0luMTlYUT09\u0026api-version=2022-07-18-preview",
      "RequestMethod": "GET",
      "RequestHeaders": {
        "Accept": "*/*",
        "Accept-Encoding": "gzip, deflate",
        "Authorization": "Sanitized",
        "Connection": "keep-alive",
        "User-Agent": "azsdk-python-communication-jobrouter/1.0.0b1 Python/3.9.7 (Windows-10-10.0.22621-SP0)",
        "x-ms-client-request-id": "87a2e02e-6007-11ed-a3e7-046c590f95d2",
        "x-ms-content-sha256": "Sanitized",
        "x-ms-date": "Wed, 09 Nov 2022 08:21:37 GMT",
        "x-ms-return-client-request-id": "true"
      },
      "RequestBody": null,
      "StatusCode": 200,
      "ResponseHeaders": {
        "api-supported-versions": "2021-04-07-preview1, 2022-07-18-preview",
        "Connection": "keep-alive",
        "Content-Type": "application/json; charset=utf-8",
        "Date": "Wed, 09 Nov 2022 08:21:36 GMT",
        "Request-Context": "appId=",
        "trace-id": "4b24008c6bbd27209828b7426451b9e0",
        "Transfer-Encoding": "chunked",
        "x-azure-ref": "20221109T082136Z-rwhup4fafx79d2nv68y4rbyapc00000004ug00000001h8wn",
        "X-Cache": "CONFIG_NOCACHE"
      },
      "ResponseBody": {
        "value": [
          {
            "exceptionPolicy": {
              "id": "sdk-h-YxZ-MXFUmKXBc8KSsPMQ-CreateExceptionPolicyTe",
              "exceptionRules": {
                "sdk-h-YxZ-MXFUmKXBc8KSsPMQ--ExceptionRule": {
                  "trigger": {
                    "kind": "queue-length",
                    "threshold": 1
                  },
                  "actions": {
                    "sdk-h-YxZ-MXFUmKXBc8KSsPMQ--CancellationExceptionA": {
                      "kind": "cancel",
                      "dispositionCode": "CancelledDueToMaxQueueLengthReached"
                    }
                  }
                }
              }
            },
            "etag": "Sanitized"
          },
          {
            "exceptionPolicy": {
              "id": "sdk-R0Sy2I4-5E2A1PAKwVRQfQ-CreateExceptionPolicyTe",
              "exceptionRules": {
                "sdk-R0Sy2I4-5E2A1PAKwVRQfQ--ExceptionRule": {
                  "trigger": {
                    "kind": "queue-length",
                    "threshold": 1
                  },
                  "actions": {
                    "sdk-R0Sy2I4-5E2A1PAKwVRQfQ--CancellationExceptionA": {
                      "kind": "cancel",
                      "dispositionCode": "CancelledDueToMaxQueueLengthReached"
                    }
                  }
                }
              }
            },
            "etag": "Sanitized"
          }
        ],
        "nextLink": "/routing/exceptionPolicies?continuationToken=bWF4cGFnZXNpemU9MiZjb250aW51YXRpb25Ub2tlbj1XM3NpZEc5clpXNGlPaUlyVWtsRU9uNWxiekF4UVU5WFFXc3dXVzVCUVVGQlFVRkJRVUZCUFQwalVsUTZOQ05VVWtNNk9DTlNWRVE2UVVFOVBTTkpVMVk2TWlOSlJVODZOalUxTmpjalVVTkdPamdqUmxCRE9rRm5SVUZCUVVGTFFVSlRRVUZqUkRoRWVrVkJRbmRCUFNJc0luSmhibWRsSWpwN0ltMXBiaUk2SWlJc0ltMWhlQ0k2SWtaR0luMTlYUT09"
      }
    },
    {
      "RequestUri": "https://sanitized.communication.azure.net/routing/exceptionPolicies?continuationToken=bWF4cGFnZXNpemU9MiZjb250aW51YXRpb25Ub2tlbj1XM3NpZEc5clpXNGlPaUlyVWtsRU9uNWxiekF4UVU5WFFXc3dXVzVCUVVGQlFVRkJRVUZCUFQwalVsUTZOQ05VVWtNNk9DTlNWRVE2UVVFOVBTTkpVMVk2TWlOSlJVODZOalUxTmpjalVVTkdPamdqUmxCRE9rRm5SVUZCUVVGTFFVSlRRVUZqUkRoRWVrVkJRbmRCUFNJc0luSmhibWRsSWpwN0ltMXBiaUk2SWlJc0ltMWhlQ0k2SWtaR0luMTlYUT09\u0026api-version=2022-07-18-preview",
      "RequestMethod": "GET",
      "RequestHeaders": {
        "Accept": "*/*",
        "Accept-Encoding": "gzip, deflate",
        "Authorization": "Sanitized",
        "Connection": "keep-alive",
        "User-Agent": "azsdk-python-communication-jobrouter/1.0.0b1 Python/3.9.7 (Windows-10-10.0.22621-SP0)",
        "x-ms-client-request-id": "87b644b3-6007-11ed-8106-046c590f95d2",
        "x-ms-content-sha256": "Sanitized",
        "x-ms-date": "Wed, 09 Nov 2022 08:21:37 GMT",
        "x-ms-return-client-request-id": "true"
      },
      "RequestBody": null,
      "StatusCode": 200,
      "ResponseHeaders": {
        "api-supported-versions": "2021-04-07-preview1, 2022-07-18-preview",
        "Connection": "keep-alive",
        "Content-Type": "application/json; charset=utf-8",
        "Date": "Wed, 09 Nov 2022 08:21:36 GMT",
        "Request-Context": "appId=",
        "trace-id": "7440193c39ce18b75ae04b8249c183ca",
        "Transfer-Encoding": "chunked",
        "x-azure-ref": "20221109T082136Z-rwhup4fafx79d2nv68y4rbyapc00000004ug00000001h8x6",
        "X-Cache": "CONFIG_NOCACHE"
      },
      "ResponseBody": {
        "value": [
          {
            "exceptionPolicy": {
              "id": "sdk-7wcjqjmmbEi4jFYcEBPIbg-CreateExceptionPolicyTe",
              "exceptionRules": {
                "sdk-7wcjqjmmbEi4jFYcEBPIbg--ExceptionRule": {
                  "trigger": {
                    "kind": "queue-length",
                    "threshold": 1
                  },
                  "actions": {
                    "sdk-7wcjqjmmbEi4jFYcEBPIbg--CancellationExceptionA": {
                      "kind": "cancel",
                      "dispositionCode": "CancelledDueToMaxQueueLengthReached"
                    }
                  }
                }
              }
            },
            "etag": "Sanitized"
          },
          {
            "exceptionPolicy": {
              "id": "sdk-mnR0w6NIvEWS58uH0NBkgg-CreateExceptionPolicyTe",
              "exceptionRules": {
                "sdk-mnR0w6NIvEWS58uH0NBkgg--ExceptionRule": {
                  "trigger": {
                    "kind": "queue-length",
                    "threshold": 1
                  },
                  "actions": {
                    "sdk-mnR0w6NIvEWS58uH0NBkgg--CancellationExceptionA": {
                      "kind": "cancel",
                      "dispositionCode": "CancelledDueToMaxQueueLengthReached"
                    }
                  }
                }
              }
            },
            "etag": "Sanitized"
          }
        ],
        "nextLink": "/routing/exceptionPolicies?continuationToken=bWF4cGFnZXNpemU9MiZjb250aW51YXRpb25Ub2tlbj1XM3NpZEc5clpXNGlPaUlyVWtsRU9uNWxiekF4UVU5WFFXc3dXV3hCUVVGQlFVRkJRVUZCUFQwalVsUTZOU05VVWtNNk1UQWpVbFJFT2tGQlBUMGpTVk5XT2pJalNVVlBPalkxTlRZM0kxRkRSam80STBaUVF6cEJaMFZCUVVGQlMwRkNVMEZCWTBRNFJIcEZRVUozUVQwaUxDSnlZVzVuWlNJNmV5SnRhVzRpT2lJaUxDSnRZWGdpT2lKR1JpSjlmVjA9"
      }
    },
    {
      "RequestUri": "https://sanitized.communication.azure.net/routing/exceptionPolicies?continuationToken=bWF4cGFnZXNpemU9MiZjb250aW51YXRpb25Ub2tlbj1XM3NpZEc5clpXNGlPaUlyVWtsRU9uNWxiekF4UVU5WFFXc3dXV3hCUVVGQlFVRkJRVUZCUFQwalVsUTZOU05VVWtNNk1UQWpVbFJFT2tGQlBUMGpTVk5XT2pJalNVVlBPalkxTlRZM0kxRkRSam80STBaUVF6cEJaMFZCUVVGQlMwRkNVMEZCWTBRNFJIcEZRVUozUVQwaUxDSnlZVzVuWlNJNmV5SnRhVzRpT2lJaUxDSnRZWGdpT2lKR1JpSjlmVjA9\u0026api-version=2022-07-18-preview",
      "RequestMethod": "GET",
      "RequestHeaders": {
        "Accept": "*/*",
        "Accept-Encoding": "gzip, deflate",
        "Authorization": "Sanitized",
        "Connection": "keep-alive",
        "User-Agent": "azsdk-python-communication-jobrouter/1.0.0b1 Python/3.9.7 (Windows-10-10.0.22621-SP0)",
        "x-ms-client-request-id": "87c8ab9e-6007-11ed-b64c-046c590f95d2",
        "x-ms-content-sha256": "Sanitized",
        "x-ms-date": "Wed, 09 Nov 2022 08:21:37 GMT",
        "x-ms-return-client-request-id": "true"
      },
      "RequestBody": null,
      "StatusCode": 200,
      "ResponseHeaders": {
        "api-supported-versions": "2021-04-07-preview1, 2022-07-18-preview",
        "Connection": "keep-alive",
        "Content-Type": "application/json; charset=utf-8",
        "Date": "Wed, 09 Nov 2022 08:21:36 GMT",
        "Request-Context": "appId=",
        "trace-id": "f35c35b39ef54f00431fc39145e09777",
        "Transfer-Encoding": "chunked",
        "x-azure-ref": "20221109T082136Z-rwhup4fafx79d2nv68y4rbyapc00000004ug00000001h8xq",
        "X-Cache": "CONFIG_NOCACHE"
      },
      "ResponseBody": {
        "value": [
          {
            "exceptionPolicy": {
              "id": "sdk-mSKri11m3EW494Oo-HCKjg-CreateExceptionPolicyTe",
              "exceptionRules": {
                "sdk-mSKri11m3EW494Oo-HCKjg--ExceptionRule": {
                  "trigger": {
                    "kind": "queue-length",
                    "threshold": 1
                  },
                  "actions": {
                    "sdk-mSKri11m3EW494Oo-HCKjg--CancellationExceptionA": {
                      "kind": "cancel",
                      "dispositionCode": "CancelledDueToMaxQueueLengthReached"
                    }
                  }
                }
              }
            },
            "etag": "Sanitized"
          },
          {
            "exceptionPolicy": {
              "id": "sdk-PkMD-f5qzkqfGi8I3Bto9A-CreateExceptionPolicyTe",
              "exceptionRules": {
                "sdk-PkMD-f5qzkqfGi8I3Bto9A--ExceptionRule": {
                  "trigger": {
                    "kind": "queue-length",
                    "threshold": 1
                  },
                  "actions": {
                    "sdk-PkMD-f5qzkqfGi8I3Bto9A--CancellationExceptionA": {
                      "kind": "cancel",
                      "dispositionCode": "CancelledDueToMaxQueueLengthReached"
                    }
                  }
                }
              }
            },
            "etag": "Sanitized"
          }
        ],
        "nextLink": "/routing/exceptionPolicies?continuationToken=bWF4cGFnZXNpemU9MiZjb250aW51YXRpb25Ub2tlbj1XM3NpZEc5clpXNGlPaUlyVWtsRU9uNWxiekF4UVU5WFFXc3dXV3BCUVVGQlFVRkJRVUZCUFQwalVsUTZOaU5VVWtNNk1USWpVbFJFT2tGQlBUMGpTVk5XT2pJalNVVlBPalkxTlRZM0kxRkRSam80STBaUVF6cEJaMFZCUVVGQlMwRkNVMEZCWTBRNFJIcEZRVUozUVQwaUxDSnlZVzVuWlNJNmV5SnRhVzRpT2lJaUxDSnRZWGdpT2lKR1JpSjlmVjA9"
      }
    },
    {
      "RequestUri": "https://sanitized.communication.azure.net/routing/exceptionPolicies?continuationToken=bWF4cGFnZXNpemU9MiZjb250aW51YXRpb25Ub2tlbj1XM3NpZEc5clpXNGlPaUlyVWtsRU9uNWxiekF4UVU5WFFXc3dXV3BCUVVGQlFVRkJRVUZCUFQwalVsUTZOaU5VVWtNNk1USWpVbFJFT2tGQlBUMGpTVk5XT2pJalNVVlBPalkxTlRZM0kxRkRSam80STBaUVF6cEJaMFZCUVVGQlMwRkNVMEZCWTBRNFJIcEZRVUozUVQwaUxDSnlZVzVuWlNJNmV5SnRhVzRpT2lJaUxDSnRZWGdpT2lKR1JpSjlmVjA9\u0026api-version=2022-07-18-preview",
      "RequestMethod": "GET",
      "RequestHeaders": {
        "Accept": "*/*",
        "Accept-Encoding": "gzip, deflate",
        "Authorization": "Sanitized",
        "Connection": "keep-alive",
        "User-Agent": "azsdk-python-communication-jobrouter/1.0.0b1 Python/3.9.7 (Windows-10-10.0.22621-SP0)",
        "x-ms-client-request-id": "87d7a5a1-6007-11ed-8eda-046c590f95d2",
        "x-ms-content-sha256": "Sanitized",
        "x-ms-date": "Wed, 09 Nov 2022 08:21:37 GMT",
        "x-ms-return-client-request-id": "true"
      },
      "RequestBody": null,
      "StatusCode": 200,
      "ResponseHeaders": {
        "api-supported-versions": "2021-04-07-preview1, 2022-07-18-preview",
        "Connection": "keep-alive",
        "Content-Type": "application/json; charset=utf-8",
        "Date": "Wed, 09 Nov 2022 08:21:37 GMT",
        "Request-Context": "appId=",
        "trace-id": "45f46fb47d3675cd67e5cfa1d99919d6",
        "Transfer-Encoding": "chunked",
        "x-azure-ref": "20221109T082137Z-rwhup4fafx79d2nv68y4rbyapc00000004ug00000001h8y3",
        "X-Cache": "CONFIG_NOCACHE"
      },
      "ResponseBody": {
        "value": [
          {
            "exceptionPolicy": {
              "id": "sdk-U6dKQW0hdEOlbqR9wWgk4g-CreateExceptionPolicyTe",
              "exceptionRules": {
                "sdk-U6dKQW0hdEOlbqR9wWgk4g--ExceptionRule": {
                  "trigger": {
                    "kind": "queue-length",
                    "threshold": 1
                  },
                  "actions": {
                    "sdk-U6dKQW0hdEOlbqR9wWgk4g--CancellationExceptionA": {
                      "kind": "cancel",
                      "dispositionCode": "CancelledDueToMaxQueueLengthReached"
                    }
                  }
                }
              }
            },
            "etag": "Sanitized"
          },
          {
            "exceptionPolicy": {
              "id": "sdk-ShrastfV40GTUGovgWCXNg-CreateExceptionPolicyTe",
              "exceptionRules": {
                "sdk-ShrastfV40GTUGovgWCXNg--ExceptionRule": {
                  "trigger": {
                    "kind": "queue-length",
                    "threshold": 1
                  },
                  "actions": {
                    "sdk-ShrastfV40GTUGovgWCXNg--CancellationExceptionA": {
                      "kind": "cancel",
                      "dispositionCode": "CancelledDueToMaxQueueLengthReached"
                    }
                  }
                }
              }
            },
            "etag": "Sanitized"
          }
        ]
      }
    },
    {
      "RequestUri": "https://sanitized.communication.azure.net/routing/exceptionPolicies/tst_list_ep_1?api-version=2022-07-18-preview",
      "RequestMethod": "PATCH",
      "RequestHeaders": {
        "Accept": "application/json",
        "Accept-Encoding": "gzip, deflate",
        "Authorization": "Sanitized",
        "Connection": "keep-alive",
        "Content-Length": "250",
        "Content-Type": "application/merge-patch\u002Bjson",
        "User-Agent": "azsdk-python-communication-jobrouter/1.0.0b1 Python/3.9.7 (Windows-10-10.0.22621-SP0)",
        "x-ms-client-request-id": "87e6ebf8-6007-11ed-a5c4-046c590f95d2",
        "x-ms-content-sha256": "Sanitized",
        "x-ms-date": "Wed, 09 Nov 2022 08:21:37 GMT",
        "x-ms-return-client-request-id": "true"
      },
      "RequestBody": {
        "name": "tst_list_ep_1",
        "exceptionRules": {
          "fakeExceptionRuleId": {
            "trigger": {
              "kind": "queue-length",
              "threshold": 1
            },
            "actions": {
              "fakeExceptionActionId": {
                "kind": "reclassify",
                "classificationPolicyId": "test_list_exception_policies_tst_cp"
              }
            }
          }
        }
      },
      "StatusCode": 200,
      "ResponseHeaders": {
        "api-supported-versions": "2021-04-07-preview1, 2022-07-18-preview",
        "Connection": "keep-alive",
        "Content-Type": "application/json; charset=utf-8",
        "Date": "Wed, 09 Nov 2022 08:21:37 GMT",
        "ETag": "Sanitized",
        "Last-Modified": "Wed, 09 Nov 2022 08:21:37 GMT",
        "Request-Context": "appId=",
        "trace-id": "3689a263cc740108cee21d8e83d5f77a",
        "Transfer-Encoding": "chunked",
        "x-azure-ref": "20221109T082137Z-rwhup4fafx79d2nv68y4rbyapc00000004ug00000001h8yr",
        "X-Cache": "CONFIG_NOCACHE"
      },
      "ResponseBody": {
        "id": "tst_list_ep_1",
        "name": "tst_list_ep_1",
        "exceptionRules": {
          "fakeExceptionRuleId": {
            "trigger": {
              "kind": "queue-length",
              "threshold": 1
            },
            "actions": {
              "fakeExceptionActionId": {
                "kind": "reclassify",
                "classificationPolicyId": "test_list_exception_policies_tst_cp",
                "labelsToUpsert": {}
              }
            }
          }
        }
      }
    },
    {
      "RequestUri": "https://sanitized.communication.azure.net/routing/exceptionPolicies/tst_list_ep_2?api-version=2022-07-18-preview",
      "RequestMethod": "PATCH",
      "RequestHeaders": {
        "Accept": "application/json",
        "Accept-Encoding": "gzip, deflate",
        "Authorization": "Sanitized",
        "Connection": "keep-alive",
        "Content-Length": "250",
        "Content-Type": "application/merge-patch\u002Bjson",
        "User-Agent": "azsdk-python-communication-jobrouter/1.0.0b1 Python/3.9.7 (Windows-10-10.0.22621-SP0)",
        "x-ms-client-request-id": "881703f5-6007-11ed-91ad-046c590f95d2",
        "x-ms-content-sha256": "Sanitized",
        "x-ms-date": "Wed, 09 Nov 2022 08:21:38 GMT",
        "x-ms-return-client-request-id": "true"
      },
      "RequestBody": {
        "name": "tst_list_ep_2",
        "exceptionRules": {
          "fakeExceptionRuleId": {
            "trigger": {
              "kind": "queue-length",
              "threshold": 1
            },
            "actions": {
              "fakeExceptionActionId": {
                "kind": "reclassify",
                "classificationPolicyId": "test_list_exception_policies_tst_cp"
              }
            }
          }
        }
      },
      "StatusCode": 200,
      "ResponseHeaders": {
        "api-supported-versions": "2021-04-07-preview1, 2022-07-18-preview",
        "Connection": "keep-alive",
        "Content-Type": "application/json; charset=utf-8",
        "Date": "Wed, 09 Nov 2022 08:21:37 GMT",
        "ETag": "Sanitized",
        "Last-Modified": "Wed, 09 Nov 2022 08:21:37 GMT",
        "Request-Context": "appId=",
        "trace-id": "99905d82a4edfa79bbc216967fddeb9d",
        "Transfer-Encoding": "chunked",
        "x-azure-ref": "20221109T082137Z-rwhup4fafx79d2nv68y4rbyapc00000004ug00000001h921",
        "X-Cache": "CONFIG_NOCACHE"
      },
      "ResponseBody": {
        "id": "tst_list_ep_2",
        "name": "tst_list_ep_2",
        "exceptionRules": {
          "fakeExceptionRuleId": {
            "trigger": {
              "kind": "queue-length",
              "threshold": 1
            },
            "actions": {
              "fakeExceptionActionId": {
                "kind": "reclassify",
                "classificationPolicyId": "test_list_exception_policies_tst_cp",
                "labelsToUpsert": {}
              }
            }
          }
        }
      }
    },
    {
      "RequestUri": "https://sanitized.communication.azure.net/routing/exceptionPolicies/tst_list_ep_3?api-version=2022-07-18-preview",
      "RequestMethod": "PATCH",
      "RequestHeaders": {
        "Accept": "application/json",
        "Accept-Encoding": "gzip, deflate",
        "Authorization": "Sanitized",
        "Connection": "keep-alive",
        "Content-Length": "250",
        "Content-Type": "application/merge-patch\u002Bjson",
        "User-Agent": "azsdk-python-communication-jobrouter/1.0.0b1 Python/3.9.7 (Windows-10-10.0.22621-SP0)",
        "x-ms-client-request-id": "883e95cf-6007-11ed-87c2-046c590f95d2",
        "x-ms-content-sha256": "Sanitized",
        "x-ms-date": "Wed, 09 Nov 2022 08:21:38 GMT",
        "x-ms-return-client-request-id": "true"
      },
      "RequestBody": {
        "name": "tst_list_ep_3",
        "exceptionRules": {
          "fakeExceptionRuleId": {
            "trigger": {
              "kind": "queue-length",
              "threshold": 1
            },
            "actions": {
              "fakeExceptionActionId": {
                "kind": "reclassify",
                "classificationPolicyId": "test_list_exception_policies_tst_cp"
              }
            }
          }
        }
      },
      "StatusCode": 200,
      "ResponseHeaders": {
        "api-supported-versions": "2021-04-07-preview1, 2022-07-18-preview",
        "Connection": "keep-alive",
        "Content-Type": "application/json; charset=utf-8",
        "Date": "Wed, 09 Nov 2022 08:21:37 GMT",
        "ETag": "Sanitized",
        "Last-Modified": "Wed, 09 Nov 2022 08:21:37 GMT",
        "Request-Context": "appId=",
        "trace-id": "e1e9af71ce3348b1ac426bb5caf13abd",
        "Transfer-Encoding": "chunked",
        "x-azure-ref": "20221109T082137Z-rwhup4fafx79d2nv68y4rbyapc00000004ug00000001h93a",
        "X-Cache": "CONFIG_NOCACHE"
      },
      "ResponseBody": {
        "id": "tst_list_ep_3",
        "name": "tst_list_ep_3",
        "exceptionRules": {
          "fakeExceptionRuleId": {
            "trigger": {
              "kind": "queue-length",
              "threshold": 1
            },
            "actions": {
              "fakeExceptionActionId": {
                "kind": "reclassify",
                "classificationPolicyId": "test_list_exception_policies_tst_cp",
                "labelsToUpsert": {}
              }
            }
          }
        }
      }
    },
    {
      "RequestUri": "https://sanitized.communication.azure.net/routing/exceptionPolicies?maxpagesize=2\u0026api-version=2022-07-18-preview",
      "RequestMethod": "GET",
      "RequestHeaders": {
        "Accept": "application/json",
        "Accept-Encoding": "gzip, deflate",
        "Authorization": "Sanitized",
        "Connection": "keep-alive",
        "User-Agent": "azsdk-python-communication-jobrouter/1.0.0b1 Python/3.9.7 (Windows-10-10.0.22621-SP0)",
        "x-ms-client-request-id": "886ba461-6007-11ed-a50b-046c590f95d2",
        "x-ms-content-sha256": "Sanitized",
        "x-ms-date": "Wed, 09 Nov 2022 08:21:38 GMT",
        "x-ms-return-client-request-id": "true"
      },
      "RequestBody": null,
      "StatusCode": 200,
      "ResponseHeaders": {
        "api-supported-versions": "2021-04-07-preview1, 2022-07-18-preview",
        "Connection": "keep-alive",
        "Content-Type": "application/json; charset=utf-8",
        "Date": "Wed, 09 Nov 2022 08:21:38 GMT",
        "Request-Context": "appId=",
        "trace-id": "bb08c18677da6fda3cc4dfd67c662508",
        "Transfer-Encoding": "chunked",
        "x-azure-ref": "20221109T082137Z-rwhup4fafx79d2nv68y4rbyapc00000004ug00000001h94s",
        "X-Cache": "CONFIG_NOCACHE"
      },
      "ResponseBody": {
        "value": [
          {
            "exceptionPolicy": {
              "id": "tst_list_ep_3",
              "name": "tst_list_ep_3",
              "exceptionRules": {
                "fakeExceptionRuleId": {
                  "trigger": {
                    "kind": "queue-length",
                    "threshold": 1
                  },
                  "actions": {
                    "fakeExceptionActionId": {
                      "kind": "reclassify",
                      "classificationPolicyId": "test_list_exception_policies_tst_cp",
                      "labelsToUpsert": {}
                    }
                  }
                }
              }
            },
            "etag": "Sanitized"
          },
          {
            "exceptionPolicy": {
              "id": "tst_list_ep_2",
              "name": "tst_list_ep_2",
              "exceptionRules": {
                "fakeExceptionRuleId": {
                  "trigger": {
                    "kind": "queue-length",
                    "threshold": 1
                  },
                  "actions": {
                    "fakeExceptionActionId": {
                      "kind": "reclassify",
                      "classificationPolicyId": "test_list_exception_policies_tst_cp",
                      "labelsToUpsert": {}
                    }
                  }
                }
              }
            },
            "etag": "Sanitized"
          }
        ],
        "nextLink": "/routing/exceptionPolicies?continuationToken=bWF4cGFnZXNpemU9MiZjb250aW51YXRpb25Ub2tlbj1XM3NpZEc5clpXNGlPaUlyVWtsRU9uNWxiekF4UVU5WFFXc3dXbWhCUVVGQlFVRkJRVUZCUFQwalVsUTZNU05VVWtNNk1pTlNWRVE2UVVFOVBTTkpVMVk2TWlOSlJVODZOalUxTmpjalVVTkdPamdqUmxCRE9rRm5SVUZCUVVGTFFVSlRRVUZqUkRoRWVrVkJRbmRCUFNJc0luSmhibWRsSWpwN0ltMXBiaUk2SWlJc0ltMWhlQ0k2SWtaR0luMTlYUT09"
      }
    },
    {
      "RequestUri": "https://sanitized.communication.azure.net/routing/exceptionPolicies?continuationToken=bWF4cGFnZXNpemU9MiZjb250aW51YXRpb25Ub2tlbj1XM3NpZEc5clpXNGlPaUlyVWtsRU9uNWxiekF4UVU5WFFXc3dXbWhCUVVGQlFVRkJRVUZCUFQwalVsUTZNU05VVWtNNk1pTlNWRVE2UVVFOVBTTkpVMVk2TWlOSlJVODZOalUxTmpjalVVTkdPamdqUmxCRE9rRm5SVUZCUVVGTFFVSlRRVUZqUkRoRWVrVkJRbmRCUFNJc0luSmhibWRsSWpwN0ltMXBiaUk2SWlJc0ltMWhlQ0k2SWtaR0luMTlYUT09\u0026api-version=2022-07-18-preview",
      "RequestMethod": "GET",
      "RequestHeaders": {
        "Accept": "*/*",
        "Accept-Encoding": "gzip, deflate",
        "Authorization": "Sanitized",
        "Connection": "keep-alive",
        "User-Agent": "azsdk-python-communication-jobrouter/1.0.0b1 Python/3.9.7 (Windows-10-10.0.22621-SP0)",
        "x-ms-client-request-id": "887eddb1-6007-11ed-b240-046c590f95d2",
        "x-ms-content-sha256": "Sanitized",
        "x-ms-date": "Wed, 09 Nov 2022 08:21:38 GMT",
        "x-ms-return-client-request-id": "true"
      },
      "RequestBody": null,
      "StatusCode": 200,
      "ResponseHeaders": {
        "api-supported-versions": "2021-04-07-preview1, 2022-07-18-preview",
        "Connection": "keep-alive",
        "Content-Type": "application/json; charset=utf-8",
        "Date": "Wed, 09 Nov 2022 08:21:38 GMT",
        "Request-Context": "appId=",
        "trace-id": "55172f56ae164d6194451a51053a833e",
        "Transfer-Encoding": "chunked",
        "x-azure-ref": "20221109T082138Z-rwhup4fafx79d2nv68y4rbyapc00000004ug00000001h95h",
        "X-Cache": "CONFIG_NOCACHE"
      },
      "ResponseBody": {
        "value": [
          {
            "exceptionPolicy": {
              "id": "tst_list_ep_1",
              "name": "tst_list_ep_1",
              "exceptionRules": {
                "fakeExceptionRuleId": {
                  "trigger": {
                    "kind": "queue-length",
                    "threshold": 1
                  },
                  "actions": {
                    "fakeExceptionActionId": {
                      "kind": "reclassify",
                      "classificationPolicyId": "test_list_exception_policies_tst_cp",
                      "labelsToUpsert": {}
                    }
                  }
                }
              }
            },
            "etag": "Sanitized"
          },
          {
            "exceptionPolicy": {
              "id": "sdk-n5ldMdJBNUiJxEifSG-Crw-CreateExceptionPolicyTe",
              "exceptionRules": {
                "sdk-n5ldMdJBNUiJxEifSG-Crw--ExceptionRule": {
                  "trigger": {
                    "kind": "queue-length",
                    "threshold": 1
                  },
                  "actions": {
                    "sdk-n5ldMdJBNUiJxEifSG-Crw--CancellationExceptionA": {
                      "kind": "cancel",
                      "dispositionCode": "CancelledDueToMaxQueueLengthReached"
                    }
                  }
                }
              }
            },
            "etag": "Sanitized"
          }
        ],
        "nextLink": "/routing/exceptionPolicies?continuationToken=bWF4cGFnZXNpemU9MiZjb250aW51YXRpb25Ub2tlbj1XM3NpZEc5clpXNGlPaUlyVWtsRU9uNWxiekF4UVU5WFFXc3dXWEpCUVVGQlFVRkJRVUZCUFQwalVsUTZNaU5VVWtNNk5DTlNWRVE2UVVFOVBTTkpVMVk2TWlOSlJVODZOalUxTmpjalVVTkdPamdqUmxCRE9rRm5SVUZCUVVGTFFVSlRRVUZqUkRoRWVrVkJRbmRCUFNJc0luSmhibWRsSWpwN0ltMXBiaUk2SWlJc0ltMWhlQ0k2SWtaR0luMTlYUT09"
      }
    },
    {
      "RequestUri": "https://sanitized.communication.azure.net/routing/exceptionPolicies?continuationToken=bWF4cGFnZXNpemU9MiZjb250aW51YXRpb25Ub2tlbj1XM3NpZEc5clpXNGlPaUlyVWtsRU9uNWxiekF4UVU5WFFXc3dXWEpCUVVGQlFVRkJRVUZCUFQwalVsUTZNaU5VVWtNNk5DTlNWRVE2UVVFOVBTTkpVMVk2TWlOSlJVODZOalUxTmpjalVVTkdPamdqUmxCRE9rRm5SVUZCUVVGTFFVSlRRVUZqUkRoRWVrVkJRbmRCUFNJc0luSmhibWRsSWpwN0ltMXBiaUk2SWlJc0ltMWhlQ0k2SWtaR0luMTlYUT09\u0026api-version=2022-07-18-preview",
      "RequestMethod": "GET",
      "RequestHeaders": {
        "Accept": "*/*",
        "Accept-Encoding": "gzip, deflate",
        "Authorization": "Sanitized",
        "Connection": "keep-alive",
        "User-Agent": "azsdk-python-communication-jobrouter/1.0.0b1 Python/3.9.7 (Windows-10-10.0.22621-SP0)",
        "x-ms-client-request-id": "88987609-6007-11ed-8adf-046c590f95d2",
        "x-ms-content-sha256": "Sanitized",
        "x-ms-date": "Wed, 09 Nov 2022 08:21:39 GMT",
        "x-ms-return-client-request-id": "true"
      },
      "RequestBody": null,
      "StatusCode": 200,
      "ResponseHeaders": {
        "api-supported-versions": "2021-04-07-preview1, 2022-07-18-preview",
        "Connection": "keep-alive",
        "Content-Type": "application/json; charset=utf-8",
        "Date": "Wed, 09 Nov 2022 08:21:38 GMT",
        "Request-Context": "appId=",
        "trace-id": "1672ccdf4a797eed545202cd3451a4c3",
        "Transfer-Encoding": "chunked",
        "x-azure-ref": "20221109T082138Z-rwhup4fafx79d2nv68y4rbyapc00000004ug00000001h965",
        "X-Cache": "CONFIG_NOCACHE"
      },
      "ResponseBody": {
        "value": [
          {
            "exceptionPolicy": {
              "id": "sdk-p6lKmgLVWUmlPyYQWVKiqg-CreateExceptionPolicyTe",
              "exceptionRules": {
                "sdk-p6lKmgLVWUmlPyYQWVKiqg--ExceptionRule": {
                  "trigger": {
                    "kind": "queue-length",
                    "threshold": 1
                  },
                  "actions": {
                    "sdk-p6lKmgLVWUmlPyYQWVKiqg--CancellationExceptionA": {
                      "kind": "cancel",
                      "dispositionCode": "CancelledDueToMaxQueueLengthReached"
                    }
                  }
                }
              }
            },
            "etag": "Sanitized"
          },
          {
            "exceptionPolicy": {
              "id": "sdk-txMv0AGg-0SHcLKaDrpEZA-CreateExceptionPolicyTe",
              "exceptionRules": {
                "sdk-txMv0AGg-0SHcLKaDrpEZA--ExceptionRule": {
                  "trigger": {
                    "kind": "queue-length",
                    "threshold": 1
                  },
                  "actions": {
                    "sdk-txMv0AGg-0SHcLKaDrpEZA--CancellationExceptionA": {
                      "kind": "cancel",
                      "dispositionCode": "CancelledDueToMaxQueueLengthReached"
                    }
                  }
                }
              }
            },
            "etag": "Sanitized"
          }
        ],
        "nextLink": "/routing/exceptionPolicies?continuationToken=bWF4cGFnZXNpemU9MiZjb250aW51YXRpb25Ub2tlbj1XM3NpZEc5clpXNGlPaUlyVWtsRU9uNWxiekF4UVU5WFFXc3dXWEJCUVVGQlFVRkJRVUZCUFQwalVsUTZNeU5VVWtNNk5pTlNWRVE2UVVFOVBTTkpVMVk2TWlOSlJVODZOalUxTmpjalVVTkdPamdqUmxCRE9rRm5SVUZCUVVGTFFVSlRRVUZqUkRoRWVrVkJRbmRCUFNJc0luSmhibWRsSWpwN0ltMXBiaUk2SWlJc0ltMWhlQ0k2SWtaR0luMTlYUT09"
      }
    },
    {
      "RequestUri": "https://sanitized.communication.azure.net/routing/exceptionPolicies?continuationToken=bWF4cGFnZXNpemU9MiZjb250aW51YXRpb25Ub2tlbj1XM3NpZEc5clpXNGlPaUlyVWtsRU9uNWxiekF4UVU5WFFXc3dXWEJCUVVGQlFVRkJRVUZCUFQwalVsUTZNeU5VVWtNNk5pTlNWRVE2UVVFOVBTTkpVMVk2TWlOSlJVODZOalUxTmpjalVVTkdPamdqUmxCRE9rRm5SVUZCUVVGTFFVSlRRVUZqUkRoRWVrVkJRbmRCUFNJc0luSmhibWRsSWpwN0ltMXBiaUk2SWlJc0ltMWhlQ0k2SWtaR0luMTlYUT09\u0026api-version=2022-07-18-preview",
      "RequestMethod": "GET",
      "RequestHeaders": {
        "Accept": "*/*",
        "Accept-Encoding": "gzip, deflate",
        "Authorization": "Sanitized",
        "Connection": "keep-alive",
        "User-Agent": "azsdk-python-communication-jobrouter/1.0.0b1 Python/3.9.7 (Windows-10-10.0.22621-SP0)",
        "x-ms-client-request-id": "88a92c5c-6007-11ed-91dd-046c590f95d2",
        "x-ms-content-sha256": "Sanitized",
        "x-ms-date": "Wed, 09 Nov 2022 08:21:39 GMT",
        "x-ms-return-client-request-id": "true"
      },
      "RequestBody": null,
      "StatusCode": 200,
      "ResponseHeaders": {
        "api-supported-versions": "2021-04-07-preview1, 2022-07-18-preview",
        "Connection": "keep-alive",
        "Content-Type": "application/json; charset=utf-8",
        "Date": "Wed, 09 Nov 2022 08:21:38 GMT",
        "Request-Context": "appId=",
        "trace-id": "e839e0af9c5a0a8de932ef5726deb601",
        "Transfer-Encoding": "chunked",
        "x-azure-ref": "20221109T082138Z-rwhup4fafx79d2nv68y4rbyapc00000004ug00000001h96u",
        "X-Cache": "CONFIG_NOCACHE"
      },
      "ResponseBody": {
        "value": [
          {
            "exceptionPolicy": {
              "id": "sdk-h-YxZ-MXFUmKXBc8KSsPMQ-CreateExceptionPolicyTe",
              "exceptionRules": {
                "sdk-h-YxZ-MXFUmKXBc8KSsPMQ--ExceptionRule": {
                  "trigger": {
                    "kind": "queue-length",
                    "threshold": 1
                  },
                  "actions": {
                    "sdk-h-YxZ-MXFUmKXBc8KSsPMQ--CancellationExceptionA": {
                      "kind": "cancel",
                      "dispositionCode": "CancelledDueToMaxQueueLengthReached"
                    }
                  }
                }
              }
            },
            "etag": "Sanitized"
          },
          {
            "exceptionPolicy": {
              "id": "sdk-R0Sy2I4-5E2A1PAKwVRQfQ-CreateExceptionPolicyTe",
              "exceptionRules": {
                "sdk-R0Sy2I4-5E2A1PAKwVRQfQ--ExceptionRule": {
                  "trigger": {
                    "kind": "queue-length",
                    "threshold": 1
                  },
                  "actions": {
                    "sdk-R0Sy2I4-5E2A1PAKwVRQfQ--CancellationExceptionA": {
                      "kind": "cancel",
                      "dispositionCode": "CancelledDueToMaxQueueLengthReached"
                    }
                  }
                }
              }
            },
            "etag": "Sanitized"
          }
        ],
        "nextLink": "/routing/exceptionPolicies?continuationToken=bWF4cGFnZXNpemU9MiZjb250aW51YXRpb25Ub2tlbj1XM3NpZEc5clpXNGlPaUlyVWtsRU9uNWxiekF4UVU5WFFXc3dXVzVCUVVGQlFVRkJRVUZCUFQwalVsUTZOQ05VVWtNNk9DTlNWRVE2UVVFOVBTTkpVMVk2TWlOSlJVODZOalUxTmpjalVVTkdPamdqUmxCRE9rRm5SVUZCUVVGTFFVSlRRVUZqUkRoRWVrVkJRbmRCUFNJc0luSmhibWRsSWpwN0ltMXBiaUk2SWlJc0ltMWhlQ0k2SWtaR0luMTlYUT09"
      }
    },
    {
      "RequestUri": "https://sanitized.communication.azure.net/routing/exceptionPolicies?continuationToken=bWF4cGFnZXNpemU9MiZjb250aW51YXRpb25Ub2tlbj1XM3NpZEc5clpXNGlPaUlyVWtsRU9uNWxiekF4UVU5WFFXc3dXVzVCUVVGQlFVRkJRVUZCUFQwalVsUTZOQ05VVWtNNk9DTlNWRVE2UVVFOVBTTkpVMVk2TWlOSlJVODZOalUxTmpjalVVTkdPamdqUmxCRE9rRm5SVUZCUVVGTFFVSlRRVUZqUkRoRWVrVkJRbmRCUFNJc0luSmhibWRsSWpwN0ltMXBiaUk2SWlJc0ltMWhlQ0k2SWtaR0luMTlYUT09\u0026api-version=2022-07-18-preview",
      "RequestMethod": "GET",
      "RequestHeaders": {
        "Accept": "*/*",
        "Accept-Encoding": "gzip, deflate",
        "Authorization": "Sanitized",
        "Connection": "keep-alive",
        "User-Agent": "azsdk-python-communication-jobrouter/1.0.0b1 Python/3.9.7 (Windows-10-10.0.22621-SP0)",
        "x-ms-client-request-id": "88bc0352-6007-11ed-8c02-046c590f95d2",
        "x-ms-content-sha256": "Sanitized",
        "x-ms-date": "Wed, 09 Nov 2022 08:21:39 GMT",
        "x-ms-return-client-request-id": "true"
      },
      "RequestBody": null,
      "StatusCode": 200,
      "ResponseHeaders": {
        "api-supported-versions": "2021-04-07-preview1, 2022-07-18-preview",
        "Connection": "keep-alive",
        "Content-Type": "application/json; charset=utf-8",
        "Date": "Wed, 09 Nov 2022 08:21:38 GMT",
        "Request-Context": "appId=",
        "trace-id": "aeb3b147719955c8462380d8de6f43d4",
        "Transfer-Encoding": "chunked",
        "x-azure-ref": "20221109T082138Z-rwhup4fafx79d2nv68y4rbyapc00000004ug00000001h97p",
        "X-Cache": "CONFIG_NOCACHE"
      },
      "ResponseBody": {
        "value": [
          {
            "exceptionPolicy": {
              "id": "sdk-7wcjqjmmbEi4jFYcEBPIbg-CreateExceptionPolicyTe",
              "exceptionRules": {
                "sdk-7wcjqjmmbEi4jFYcEBPIbg--ExceptionRule": {
                  "trigger": {
                    "kind": "queue-length",
                    "threshold": 1
                  },
                  "actions": {
                    "sdk-7wcjqjmmbEi4jFYcEBPIbg--CancellationExceptionA": {
                      "kind": "cancel",
                      "dispositionCode": "CancelledDueToMaxQueueLengthReached"
                    }
                  }
                }
              }
            },
            "etag": "Sanitized"
          },
          {
            "exceptionPolicy": {
              "id": "sdk-mnR0w6NIvEWS58uH0NBkgg-CreateExceptionPolicyTe",
              "exceptionRules": {
                "sdk-mnR0w6NIvEWS58uH0NBkgg--ExceptionRule": {
                  "trigger": {
                    "kind": "queue-length",
                    "threshold": 1
                  },
                  "actions": {
                    "sdk-mnR0w6NIvEWS58uH0NBkgg--CancellationExceptionA": {
                      "kind": "cancel",
                      "dispositionCode": "CancelledDueToMaxQueueLengthReached"
                    }
                  }
                }
              }
            },
            "etag": "Sanitized"
          }
        ],
        "nextLink": "/routing/exceptionPolicies?continuationToken=bWF4cGFnZXNpemU9MiZjb250aW51YXRpb25Ub2tlbj1XM3NpZEc5clpXNGlPaUlyVWtsRU9uNWxiekF4UVU5WFFXc3dXV3hCUVVGQlFVRkJRVUZCUFQwalVsUTZOU05VVWtNNk1UQWpVbFJFT2tGQlBUMGpTVk5XT2pJalNVVlBPalkxTlRZM0kxRkRSam80STBaUVF6cEJaMFZCUVVGQlMwRkNVMEZCWTBRNFJIcEZRVUozUVQwaUxDSnlZVzVuWlNJNmV5SnRhVzRpT2lJaUxDSnRZWGdpT2lKR1JpSjlmVjA9"
      }
    },
    {
      "RequestUri": "https://sanitized.communication.azure.net/routing/exceptionPolicies?continuationToken=bWF4cGFnZXNpemU9MiZjb250aW51YXRpb25Ub2tlbj1XM3NpZEc5clpXNGlPaUlyVWtsRU9uNWxiekF4UVU5WFFXc3dXV3hCUVVGQlFVRkJRVUZCUFQwalVsUTZOU05VVWtNNk1UQWpVbFJFT2tGQlBUMGpTVk5XT2pJalNVVlBPalkxTlRZM0kxRkRSam80STBaUVF6cEJaMFZCUVVGQlMwRkNVMEZCWTBRNFJIcEZRVUozUVQwaUxDSnlZVzVuWlNJNmV5SnRhVzRpT2lJaUxDSnRZWGdpT2lKR1JpSjlmVjA9\u0026api-version=2022-07-18-preview",
      "RequestMethod": "GET",
      "RequestHeaders": {
        "Accept": "*/*",
        "Accept-Encoding": "gzip, deflate",
        "Authorization": "Sanitized",
        "Connection": "keep-alive",
        "User-Agent": "azsdk-python-communication-jobrouter/1.0.0b1 Python/3.9.7 (Windows-10-10.0.22621-SP0)",
        "x-ms-client-request-id": "88cfd7c2-6007-11ed-be8d-046c590f95d2",
        "x-ms-content-sha256": "Sanitized",
        "x-ms-date": "Wed, 09 Nov 2022 08:21:39 GMT",
        "x-ms-return-client-request-id": "true"
      },
      "RequestBody": null,
      "StatusCode": 200,
      "ResponseHeaders": {
        "api-supported-versions": "2021-04-07-preview1, 2022-07-18-preview",
        "Connection": "keep-alive",
        "Content-Type": "application/json; charset=utf-8",
        "Date": "Wed, 09 Nov 2022 08:21:38 GMT",
        "Request-Context": "appId=",
        "trace-id": "984140585654d3be4d04b186b0861bb4",
        "Transfer-Encoding": "chunked",
        "x-azure-ref": "20221109T082138Z-rwhup4fafx79d2nv68y4rbyapc00000004ug00000001h983",
        "X-Cache": "CONFIG_NOCACHE"
      },
      "ResponseBody": {
        "value": [
          {
            "exceptionPolicy": {
              "id": "sdk-mSKri11m3EW494Oo-HCKjg-CreateExceptionPolicyTe",
              "exceptionRules": {
                "sdk-mSKri11m3EW494Oo-HCKjg--ExceptionRule": {
                  "trigger": {
                    "kind": "queue-length",
                    "threshold": 1
                  },
                  "actions": {
                    "sdk-mSKri11m3EW494Oo-HCKjg--CancellationExceptionA": {
                      "kind": "cancel",
                      "dispositionCode": "CancelledDueToMaxQueueLengthReached"
                    }
                  }
                }
              }
            },
            "etag": "Sanitized"
          },
          {
            "exceptionPolicy": {
              "id": "sdk-PkMD-f5qzkqfGi8I3Bto9A-CreateExceptionPolicyTe",
              "exceptionRules": {
                "sdk-PkMD-f5qzkqfGi8I3Bto9A--ExceptionRule": {
                  "trigger": {
                    "kind": "queue-length",
                    "threshold": 1
                  },
                  "actions": {
                    "sdk-PkMD-f5qzkqfGi8I3Bto9A--CancellationExceptionA": {
                      "kind": "cancel",
                      "dispositionCode": "CancelledDueToMaxQueueLengthReached"
                    }
                  }
                }
              }
            },
            "etag": "Sanitized"
          }
        ],
        "nextLink": "/routing/exceptionPolicies?continuationToken=bWF4cGFnZXNpemU9MiZjb250aW51YXRpb25Ub2tlbj1XM3NpZEc5clpXNGlPaUlyVWtsRU9uNWxiekF4UVU5WFFXc3dXV3BCUVVGQlFVRkJRVUZCUFQwalVsUTZOaU5VVWtNNk1USWpVbFJFT2tGQlBUMGpTVk5XT2pJalNVVlBPalkxTlRZM0kxRkRSam80STBaUVF6cEJaMFZCUVVGQlMwRkNVMEZCWTBRNFJIcEZRVUozUVQwaUxDSnlZVzVuWlNJNmV5SnRhVzRpT2lJaUxDSnRZWGdpT2lKR1JpSjlmVjA9"
      }
    },
    {
      "RequestUri": "https://sanitized.communication.azure.net/routing/exceptionPolicies?continuationToken=bWF4cGFnZXNpemU9MiZjb250aW51YXRpb25Ub2tlbj1XM3NpZEc5clpXNGlPaUlyVWtsRU9uNWxiekF4UVU5WFFXc3dXV3BCUVVGQlFVRkJRVUZCUFQwalVsUTZOaU5VVWtNNk1USWpVbFJFT2tGQlBUMGpTVk5XT2pJalNVVlBPalkxTlRZM0kxRkRSam80STBaUVF6cEJaMFZCUVVGQlMwRkNVMEZCWTBRNFJIcEZRVUozUVQwaUxDSnlZVzVuWlNJNmV5SnRhVzRpT2lJaUxDSnRZWGdpT2lKR1JpSjlmVjA9\u0026api-version=2022-07-18-preview",
      "RequestMethod": "GET",
      "RequestHeaders": {
        "Accept": "*/*",
        "Accept-Encoding": "gzip, deflate",
        "Authorization": "Sanitized",
        "Connection": "keep-alive",
        "User-Agent": "azsdk-python-communication-jobrouter/1.0.0b1 Python/3.9.7 (Windows-10-10.0.22621-SP0)",
        "x-ms-client-request-id": "88e26d1b-6007-11ed-901a-046c590f95d2",
        "x-ms-content-sha256": "Sanitized",
        "x-ms-date": "Wed, 09 Nov 2022 08:21:39 GMT",
        "x-ms-return-client-request-id": "true"
      },
      "RequestBody": null,
      "StatusCode": 200,
      "ResponseHeaders": {
        "api-supported-versions": "2021-04-07-preview1, 2022-07-18-preview",
        "Connection": "keep-alive",
        "Content-Type": "application/json; charset=utf-8",
        "Date": "Wed, 09 Nov 2022 08:21:38 GMT",
        "Request-Context": "appId=",
        "trace-id": "0e1dd9f6b1cdbaa4abdca3cff8dbf3bd",
        "Transfer-Encoding": "chunked",
        "x-azure-ref": "20221109T082138Z-rwhup4fafx79d2nv68y4rbyapc00000004ug00000001h98t",
        "X-Cache": "CONFIG_NOCACHE"
      },
      "ResponseBody": {
        "value": [
          {
            "exceptionPolicy": {
              "id": "sdk-U6dKQW0hdEOlbqR9wWgk4g-CreateExceptionPolicyTe",
              "exceptionRules": {
                "sdk-U6dKQW0hdEOlbqR9wWgk4g--ExceptionRule": {
                  "trigger": {
                    "kind": "queue-length",
                    "threshold": 1
                  },
                  "actions": {
                    "sdk-U6dKQW0hdEOlbqR9wWgk4g--CancellationExceptionA": {
                      "kind": "cancel",
                      "dispositionCode": "CancelledDueToMaxQueueLengthReached"
                    }
                  }
                }
              }
            },
            "etag": "Sanitized"
          },
          {
            "exceptionPolicy": {
              "id": "sdk-ShrastfV40GTUGovgWCXNg-CreateExceptionPolicyTe",
              "exceptionRules": {
                "sdk-ShrastfV40GTUGovgWCXNg--ExceptionRule": {
                  "trigger": {
                    "kind": "queue-length",
                    "threshold": 1
                  },
                  "actions": {
                    "sdk-ShrastfV40GTUGovgWCXNg--CancellationExceptionA": {
                      "kind": "cancel",
                      "dispositionCode": "CancelledDueToMaxQueueLengthReached"
                    }
                  }
                }
              }
            },
            "etag": "Sanitized"
          }
        ]
      }
    },
    {
      "RequestUri": "https://sanitized.communication.azure.net/routing/exceptionPolicies/tst_list_ep_1?api-version=2022-07-18-preview",
      "RequestMethod": "PATCH",
      "RequestHeaders": {
        "Accept": "application/json",
        "Accept-Encoding": "gzip, deflate",
        "Authorization": "Sanitized",
        "Connection": "keep-alive",
        "Content-Length": "190",
        "Content-Type": "application/merge-patch\u002Bjson",
        "User-Agent": "azsdk-python-communication-jobrouter/1.0.0b1 Python/3.9.7 (Windows-10-10.0.22621-SP0)",
        "x-ms-client-request-id": "88f460b6-6007-11ed-b2bc-046c590f95d2",
        "x-ms-content-sha256": "Sanitized",
        "x-ms-date": "Wed, 09 Nov 2022 08:21:39 GMT",
        "x-ms-return-client-request-id": "true"
      },
      "RequestBody": {
        "name": "tst_list_ep_1",
        "exceptionRules": {
          "fakeExceptionRuleId": {
            "trigger": {
              "kind": "wait-time",
              "thresholdSeconds": 3600.0
            },
            "actions": {
              "fakeExceptionActionId": {
                "kind": "cancel"
              }
            }
          }
        }
      },
      "StatusCode": 200,
      "ResponseHeaders": {
        "api-supported-versions": "2021-04-07-preview1, 2022-07-18-preview",
        "Connection": "keep-alive",
        "Content-Type": "application/json; charset=utf-8",
        "Date": "Wed, 09 Nov 2022 08:21:39 GMT",
        "ETag": "Sanitized",
        "Last-Modified": "Wed, 09 Nov 2022 08:21:38 GMT",
        "Request-Context": "appId=",
        "trace-id": "b79b2d30e492b78cea62186a568ca1cb",
        "Transfer-Encoding": "chunked",
        "x-azure-ref": "20221109T082138Z-rwhup4fafx79d2nv68y4rbyapc00000004ug00000001h996",
        "X-Cache": "CONFIG_NOCACHE"
      },
      "ResponseBody": {
        "id": "tst_list_ep_1",
        "name": "tst_list_ep_1",
        "exceptionRules": {
          "fakeExceptionRuleId": {
            "trigger": {
              "kind": "wait-time",
              "thresholdSeconds": 3600
            },
            "actions": {
              "fakeExceptionActionId": {
                "kind": "cancel"
              }
            }
          }
        }
      }
    },
    {
      "RequestUri": "https://sanitized.communication.azure.net/routing/exceptionPolicies/tst_list_ep_2?api-version=2022-07-18-preview",
      "RequestMethod": "PATCH",
      "RequestHeaders": {
        "Accept": "application/json",
        "Accept-Encoding": "gzip, deflate",
        "Authorization": "Sanitized",
        "Connection": "keep-alive",
        "Content-Length": "190",
        "Content-Type": "application/merge-patch\u002Bjson",
        "User-Agent": "azsdk-python-communication-jobrouter/1.0.0b1 Python/3.9.7 (Windows-10-10.0.22621-SP0)",
        "x-ms-client-request-id": "8914fe2e-6007-11ed-a85d-046c590f95d2",
        "x-ms-content-sha256": "Sanitized",
        "x-ms-date": "Wed, 09 Nov 2022 08:21:39 GMT",
        "x-ms-return-client-request-id": "true"
      },
      "RequestBody": {
        "name": "tst_list_ep_2",
        "exceptionRules": {
          "fakeExceptionRuleId": {
            "trigger": {
              "kind": "wait-time",
              "thresholdSeconds": 3600.0
            },
            "actions": {
              "fakeExceptionActionId": {
                "kind": "cancel"
              }
            }
          }
        }
      },
      "StatusCode": 200,
      "ResponseHeaders": {
        "api-supported-versions": "2021-04-07-preview1, 2022-07-18-preview",
        "Connection": "keep-alive",
        "Content-Type": "application/json; charset=utf-8",
        "Date": "Wed, 09 Nov 2022 08:21:39 GMT",
        "ETag": "Sanitized",
        "Last-Modified": "Wed, 09 Nov 2022 08:21:39 GMT",
        "Request-Context": "appId=",
        "trace-id": "329b9a9fbc64d91d6e3d39d60d60662a",
        "Transfer-Encoding": "chunked",
        "x-azure-ref": "20221109T082139Z-rwhup4fafx79d2nv68y4rbyapc00000004ug00000001h9a3",
        "X-Cache": "CONFIG_NOCACHE"
      },
      "ResponseBody": {
        "id": "tst_list_ep_2",
        "name": "tst_list_ep_2",
        "exceptionRules": {
          "fakeExceptionRuleId": {
            "trigger": {
              "kind": "wait-time",
              "thresholdSeconds": 3600
            },
            "actions": {
              "fakeExceptionActionId": {
                "kind": "cancel"
              }
            }
          }
        }
      }
    },
    {
      "RequestUri": "https://sanitized.communication.azure.net/routing/exceptionPolicies/tst_list_ep_3?api-version=2022-07-18-preview",
      "RequestMethod": "PATCH",
      "RequestHeaders": {
        "Accept": "application/json",
        "Accept-Encoding": "gzip, deflate",
        "Authorization": "Sanitized",
        "Connection": "keep-alive",
        "Content-Length": "190",
        "Content-Type": "application/merge-patch\u002Bjson",
        "User-Agent": "azsdk-python-communication-jobrouter/1.0.0b1 Python/3.9.7 (Windows-10-10.0.22621-SP0)",
        "x-ms-client-request-id": "893200e6-6007-11ed-9d6a-046c590f95d2",
        "x-ms-content-sha256": "Sanitized",
        "x-ms-date": "Wed, 09 Nov 2022 08:21:40 GMT",
        "x-ms-return-client-request-id": "true"
      },
      "RequestBody": {
        "name": "tst_list_ep_3",
        "exceptionRules": {
          "fakeExceptionRuleId": {
            "trigger": {
              "kind": "wait-time",
              "thresholdSeconds": 3600.0
            },
            "actions": {
              "fakeExceptionActionId": {
                "kind": "cancel"
              }
            }
          }
        }
      },
      "StatusCode": 200,
      "ResponseHeaders": {
        "api-supported-versions": "2021-04-07-preview1, 2022-07-18-preview",
        "Connection": "keep-alive",
        "Content-Type": "application/json; charset=utf-8",
        "Date": "Wed, 09 Nov 2022 08:21:39 GMT",
        "ETag": "Sanitized",
        "Last-Modified": "Wed, 09 Nov 2022 08:21:39 GMT",
        "Request-Context": "appId=",
        "trace-id": "1f2d412d88d4e7a078f35dbcaa8b36f2",
        "Transfer-Encoding": "chunked",
        "x-azure-ref": "20221109T082139Z-rwhup4fafx79d2nv68y4rbyapc00000004ug00000001h9az",
        "X-Cache": "CONFIG_NOCACHE"
      },
      "ResponseBody": {
        "id": "tst_list_ep_3",
        "name": "tst_list_ep_3",
        "exceptionRules": {
          "fakeExceptionRuleId": {
            "trigger": {
              "kind": "wait-time",
              "thresholdSeconds": 3600
            },
            "actions": {
              "fakeExceptionActionId": {
                "kind": "cancel"
              }
            }
          }
        }
      }
    },
    {
      "RequestUri": "https://sanitized.communication.azure.net/routing/exceptionPolicies?maxpagesize=2\u0026api-version=2022-07-18-preview",
      "RequestMethod": "GET",
      "RequestHeaders": {
        "Accept": "application/json",
        "Accept-Encoding": "gzip, deflate",
        "Authorization": "Sanitized",
        "Connection": "keep-alive",
        "User-Agent": "azsdk-python-communication-jobrouter/1.0.0b1 Python/3.9.7 (Windows-10-10.0.22621-SP0)",
        "x-ms-client-request-id": "894cf712-6007-11ed-ae01-046c590f95d2",
        "x-ms-content-sha256": "Sanitized",
        "x-ms-date": "Wed, 09 Nov 2022 08:21:40 GMT",
        "x-ms-return-client-request-id": "true"
      },
      "RequestBody": null,
      "StatusCode": 200,
      "ResponseHeaders": {
        "api-supported-versions": "2021-04-07-preview1, 2022-07-18-preview",
        "Connection": "keep-alive",
        "Content-Type": "application/json; charset=utf-8",
        "Date": "Wed, 09 Nov 2022 08:21:39 GMT",
        "Request-Context": "appId=",
        "trace-id": "e2f2549f1008a006f60a00fee44699e5",
        "Transfer-Encoding": "chunked",
        "x-azure-ref": "20221109T082139Z-rwhup4fafx79d2nv68y4rbyapc00000004ug00000001h9bx",
        "X-Cache": "CONFIG_NOCACHE"
      },
      "ResponseBody": {
        "value": [
          {
            "exceptionPolicy": {
              "id": "tst_list_ep_3",
              "name": "tst_list_ep_3",
              "exceptionRules": {
                "fakeExceptionRuleId": {
                  "trigger": {
                    "kind": "wait-time",
                    "thresholdSeconds": 3600
                  },
                  "actions": {
                    "fakeExceptionActionId": {
                      "kind": "cancel"
                    }
                  }
                }
              }
            },
            "etag": "Sanitized"
          },
          {
            "exceptionPolicy": {
              "id": "tst_list_ep_2",
              "name": "tst_list_ep_2",
              "exceptionRules": {
                "fakeExceptionRuleId": {
                  "trigger": {
                    "kind": "wait-time",
                    "thresholdSeconds": 3600
                  },
                  "actions": {
                    "fakeExceptionActionId": {
                      "kind": "cancel"
                    }
                  }
                }
              }
            },
            "etag": "Sanitized"
          }
        ],
        "nextLink": "/routing/exceptionPolicies?continuationToken=bWF4cGFnZXNpemU9MiZjb250aW51YXRpb25Ub2tlbj1XM3NpZEc5clpXNGlPaUlyVWtsRU9uNWxiekF4UVU5WFFXc3dXbWhCUVVGQlFVRkJRVUZCUFQwalVsUTZNU05VVWtNNk1pTlNWRVE2UVVFOVBTTkpVMVk2TWlOSlJVODZOalUxTmpjalVVTkdPamdqUmxCRE9rRm5SVUZCUVVGTFFVSlRRVUZqUkRoRWVrVkJRbmRCUFNJc0luSmhibWRsSWpwN0ltMXBiaUk2SWlJc0ltMWhlQ0k2SWtaR0luMTlYUT09"
      }
    },
    {
      "RequestUri": "https://sanitized.communication.azure.net/routing/exceptionPolicies?continuationToken=bWF4cGFnZXNpemU9MiZjb250aW51YXRpb25Ub2tlbj1XM3NpZEc5clpXNGlPaUlyVWtsRU9uNWxiekF4UVU5WFFXc3dXbWhCUVVGQlFVRkJRVUZCUFQwalVsUTZNU05VVWtNNk1pTlNWRVE2UVVFOVBTTkpVMVk2TWlOSlJVODZOalUxTmpjalVVTkdPamdqUmxCRE9rRm5SVUZCUVVGTFFVSlRRVUZqUkRoRWVrVkJRbmRCUFNJc0luSmhibWRsSWpwN0ltMXBiaUk2SWlJc0ltMWhlQ0k2SWtaR0luMTlYUT09\u0026api-version=2022-07-18-preview",
      "RequestMethod": "GET",
      "RequestHeaders": {
        "Accept": "*/*",
        "Accept-Encoding": "gzip, deflate",
        "Authorization": "Sanitized",
        "Connection": "keep-alive",
        "User-Agent": "azsdk-python-communication-jobrouter/1.0.0b1 Python/3.9.7 (Windows-10-10.0.22621-SP0)",
        "x-ms-client-request-id": "896220f9-6007-11ed-8d7d-046c590f95d2",
        "x-ms-content-sha256": "Sanitized",
        "x-ms-date": "Wed, 09 Nov 2022 08:21:40 GMT",
        "x-ms-return-client-request-id": "true"
      },
      "RequestBody": null,
      "StatusCode": 200,
      "ResponseHeaders": {
        "api-supported-versions": "2021-04-07-preview1, 2022-07-18-preview",
        "Connection": "keep-alive",
        "Content-Type": "application/json; charset=utf-8",
        "Date": "Wed, 09 Nov 2022 08:21:39 GMT",
        "Request-Context": "appId=",
        "trace-id": "e8e0a72c08d7f16448be5c9857ed011d",
        "Transfer-Encoding": "chunked",
        "x-azure-ref": "20221109T082139Z-rwhup4fafx79d2nv68y4rbyapc00000004ug00000001h9cm",
        "X-Cache": "CONFIG_NOCACHE"
      },
      "ResponseBody": {
        "value": [
          {
            "exceptionPolicy": {
              "id": "tst_list_ep_1",
              "name": "tst_list_ep_1",
              "exceptionRules": {
                "fakeExceptionRuleId": {
                  "trigger": {
                    "kind": "wait-time",
                    "thresholdSeconds": 3600
                  },
                  "actions": {
                    "fakeExceptionActionId": {
                      "kind": "cancel"
                    }
                  }
                }
              }
            },
            "etag": "Sanitized"
          },
          {
            "exceptionPolicy": {
              "id": "sdk-n5ldMdJBNUiJxEifSG-Crw-CreateExceptionPolicyTe",
              "exceptionRules": {
                "sdk-n5ldMdJBNUiJxEifSG-Crw--ExceptionRule": {
                  "trigger": {
                    "kind": "queue-length",
                    "threshold": 1
                  },
                  "actions": {
                    "sdk-n5ldMdJBNUiJxEifSG-Crw--CancellationExceptionA": {
                      "kind": "cancel",
                      "dispositionCode": "CancelledDueToMaxQueueLengthReached"
                    }
                  }
                }
              }
            },
            "etag": "Sanitized"
          }
        ],
        "nextLink": "/routing/exceptionPolicies?continuationToken=bWF4cGFnZXNpemU9MiZjb250aW51YXRpb25Ub2tlbj1XM3NpZEc5clpXNGlPaUlyVWtsRU9uNWxiekF4UVU5WFFXc3dXWEpCUVVGQlFVRkJRVUZCUFQwalVsUTZNaU5VVWtNNk5DTlNWRVE2UVVFOVBTTkpVMVk2TWlOSlJVODZOalUxTmpjalVVTkdPamdqUmxCRE9rRm5SVUZCUVVGTFFVSlRRVUZqUkRoRWVrVkJRbmRCUFNJc0luSmhibWRsSWpwN0ltMXBiaUk2SWlJc0ltMWhlQ0k2SWtaR0luMTlYUT09"
      }
    },
    {
      "RequestUri": "https://sanitized.communication.azure.net/routing/exceptionPolicies?continuationToken=bWF4cGFnZXNpemU9MiZjb250aW51YXRpb25Ub2tlbj1XM3NpZEc5clpXNGlPaUlyVWtsRU9uNWxiekF4UVU5WFFXc3dXWEpCUVVGQlFVRkJRVUZCUFQwalVsUTZNaU5VVWtNNk5DTlNWRVE2UVVFOVBTTkpVMVk2TWlOSlJVODZOalUxTmpjalVVTkdPamdqUmxCRE9rRm5SVUZCUVVGTFFVSlRRVUZqUkRoRWVrVkJRbmRCUFNJc0luSmhibWRsSWpwN0ltMXBiaUk2SWlJc0ltMWhlQ0k2SWtaR0luMTlYUT09\u0026api-version=2022-07-18-preview",
      "RequestMethod": "GET",
      "RequestHeaders": {
        "Accept": "*/*",
        "Accept-Encoding": "gzip, deflate",
        "Authorization": "Sanitized",
        "Connection": "keep-alive",
        "User-Agent": "azsdk-python-communication-jobrouter/1.0.0b1 Python/3.9.7 (Windows-10-10.0.22621-SP0)",
        "x-ms-client-request-id": "897b9f0a-6007-11ed-85ee-046c590f95d2",
        "x-ms-content-sha256": "Sanitized",
        "x-ms-date": "Wed, 09 Nov 2022 08:21:40 GMT",
        "x-ms-return-client-request-id": "true"
      },
      "RequestBody": null,
      "StatusCode": 200,
      "ResponseHeaders": {
        "api-supported-versions": "2021-04-07-preview1, 2022-07-18-preview",
        "Connection": "keep-alive",
        "Content-Type": "application/json; charset=utf-8",
        "Date": "Wed, 09 Nov 2022 08:21:39 GMT",
        "Request-Context": "appId=",
        "trace-id": "566c2c9dfad2a415eb982f2028bbc68a",
        "Transfer-Encoding": "chunked",
        "x-azure-ref": "20221109T082139Z-rwhup4fafx79d2nv68y4rbyapc00000004ug00000001h9dn",
        "X-Cache": "CONFIG_NOCACHE"
      },
      "ResponseBody": {
        "value": [
          {
            "exceptionPolicy": {
              "id": "sdk-p6lKmgLVWUmlPyYQWVKiqg-CreateExceptionPolicyTe",
              "exceptionRules": {
                "sdk-p6lKmgLVWUmlPyYQWVKiqg--ExceptionRule": {
                  "trigger": {
                    "kind": "queue-length",
                    "threshold": 1
                  },
                  "actions": {
                    "sdk-p6lKmgLVWUmlPyYQWVKiqg--CancellationExceptionA": {
                      "kind": "cancel",
                      "dispositionCode": "CancelledDueToMaxQueueLengthReached"
                    }
                  }
                }
              }
            },
            "etag": "Sanitized"
          },
          {
            "exceptionPolicy": {
              "id": "sdk-txMv0AGg-0SHcLKaDrpEZA-CreateExceptionPolicyTe",
              "exceptionRules": {
                "sdk-txMv0AGg-0SHcLKaDrpEZA--ExceptionRule": {
                  "trigger": {
                    "kind": "queue-length",
                    "threshold": 1
                  },
                  "actions": {
                    "sdk-txMv0AGg-0SHcLKaDrpEZA--CancellationExceptionA": {
                      "kind": "cancel",
                      "dispositionCode": "CancelledDueToMaxQueueLengthReached"
                    }
                  }
                }
              }
            },
            "etag": "Sanitized"
          }
        ],
        "nextLink": "/routing/exceptionPolicies?continuationToken=bWF4cGFnZXNpemU9MiZjb250aW51YXRpb25Ub2tlbj1XM3NpZEc5clpXNGlPaUlyVWtsRU9uNWxiekF4UVU5WFFXc3dXWEJCUVVGQlFVRkJRVUZCUFQwalVsUTZNeU5VVWtNNk5pTlNWRVE2UVVFOVBTTkpVMVk2TWlOSlJVODZOalUxTmpjalVVTkdPamdqUmxCRE9rRm5SVUZCUVVGTFFVSlRRVUZqUkRoRWVrVkJRbmRCUFNJc0luSmhibWRsSWpwN0ltMXBiaUk2SWlJc0ltMWhlQ0k2SWtaR0luMTlYUT09"
      }
    },
    {
      "RequestUri": "https://sanitized.communication.azure.net/routing/exceptionPolicies?continuationToken=bWF4cGFnZXNpemU9MiZjb250aW51YXRpb25Ub2tlbj1XM3NpZEc5clpXNGlPaUlyVWtsRU9uNWxiekF4UVU5WFFXc3dXWEJCUVVGQlFVRkJRVUZCUFQwalVsUTZNeU5VVWtNNk5pTlNWRVE2UVVFOVBTTkpVMVk2TWlOSlJVODZOalUxTmpjalVVTkdPamdqUmxCRE9rRm5SVUZCUVVGTFFVSlRRVUZqUkRoRWVrVkJRbmRCUFNJc0luSmhibWRsSWpwN0ltMXBiaUk2SWlJc0ltMWhlQ0k2SWtaR0luMTlYUT09\u0026api-version=2022-07-18-preview",
      "RequestMethod": "GET",
      "RequestHeaders": {
        "Accept": "*/*",
        "Accept-Encoding": "gzip, deflate",
        "Authorization": "Sanitized",
        "Connection": "keep-alive",
        "User-Agent": "azsdk-python-communication-jobrouter/1.0.0b1 Python/3.9.7 (Windows-10-10.0.22621-SP0)",
        "x-ms-client-request-id": "898b3c87-6007-11ed-a15b-046c590f95d2",
        "x-ms-content-sha256": "Sanitized",
        "x-ms-date": "Wed, 09 Nov 2022 08:21:40 GMT",
        "x-ms-return-client-request-id": "true"
      },
      "RequestBody": null,
      "StatusCode": 200,
      "ResponseHeaders": {
        "api-supported-versions": "2021-04-07-preview1, 2022-07-18-preview",
        "Connection": "keep-alive",
        "Content-Type": "application/json; charset=utf-8",
        "Date": "Wed, 09 Nov 2022 08:21:39 GMT",
        "Request-Context": "appId=",
        "trace-id": "9b1ef9ee8da510f0524e57aaf6ef2513",
        "Transfer-Encoding": "chunked",
        "x-azure-ref": "20221109T082139Z-rwhup4fafx79d2nv68y4rbyapc00000004ug00000001h9e5",
        "X-Cache": "CONFIG_NOCACHE"
      },
      "ResponseBody": {
        "value": [
          {
            "exceptionPolicy": {
              "id": "sdk-h-YxZ-MXFUmKXBc8KSsPMQ-CreateExceptionPolicyTe",
              "exceptionRules": {
                "sdk-h-YxZ-MXFUmKXBc8KSsPMQ--ExceptionRule": {
                  "trigger": {
                    "kind": "queue-length",
                    "threshold": 1
                  },
                  "actions": {
                    "sdk-h-YxZ-MXFUmKXBc8KSsPMQ--CancellationExceptionA": {
                      "kind": "cancel",
                      "dispositionCode": "CancelledDueToMaxQueueLengthReached"
                    }
                  }
                }
              }
            },
            "etag": "Sanitized"
          },
          {
            "exceptionPolicy": {
              "id": "sdk-R0Sy2I4-5E2A1PAKwVRQfQ-CreateExceptionPolicyTe",
              "exceptionRules": {
                "sdk-R0Sy2I4-5E2A1PAKwVRQfQ--ExceptionRule": {
                  "trigger": {
                    "kind": "queue-length",
                    "threshold": 1
                  },
                  "actions": {
                    "sdk-R0Sy2I4-5E2A1PAKwVRQfQ--CancellationExceptionA": {
                      "kind": "cancel",
                      "dispositionCode": "CancelledDueToMaxQueueLengthReached"
                    }
                  }
                }
              }
            },
            "etag": "Sanitized"
          }
        ],
        "nextLink": "/routing/exceptionPolicies?continuationToken=bWF4cGFnZXNpemU9MiZjb250aW51YXRpb25Ub2tlbj1XM3NpZEc5clpXNGlPaUlyVWtsRU9uNWxiekF4UVU5WFFXc3dXVzVCUVVGQlFVRkJRVUZCUFQwalVsUTZOQ05VVWtNNk9DTlNWRVE2UVVFOVBTTkpVMVk2TWlOSlJVODZOalUxTmpjalVVTkdPamdqUmxCRE9rRm5SVUZCUVVGTFFVSlRRVUZqUkRoRWVrVkJRbmRCUFNJc0luSmhibWRsSWpwN0ltMXBiaUk2SWlJc0ltMWhlQ0k2SWtaR0luMTlYUT09"
      }
    },
    {
      "RequestUri": "https://sanitized.communication.azure.net/routing/exceptionPolicies?continuationToken=bWF4cGFnZXNpemU9MiZjb250aW51YXRpb25Ub2tlbj1XM3NpZEc5clpXNGlPaUlyVWtsRU9uNWxiekF4UVU5WFFXc3dXVzVCUVVGQlFVRkJRVUZCUFQwalVsUTZOQ05VVWtNNk9DTlNWRVE2UVVFOVBTTkpVMVk2TWlOSlJVODZOalUxTmpjalVVTkdPamdqUmxCRE9rRm5SVUZCUVVGTFFVSlRRVUZqUkRoRWVrVkJRbmRCUFNJc0luSmhibWRsSWpwN0ltMXBiaUk2SWlJc0ltMWhlQ0k2SWtaR0luMTlYUT09\u0026api-version=2022-07-18-preview",
      "RequestMethod": "GET",
      "RequestHeaders": {
        "Accept": "*/*",
        "Accept-Encoding": "gzip, deflate",
        "Authorization": "Sanitized",
        "Connection": "keep-alive",
        "User-Agent": "azsdk-python-communication-jobrouter/1.0.0b1 Python/3.9.7 (Windows-10-10.0.22621-SP0)",
        "x-ms-client-request-id": "899bb127-6007-11ed-99fd-046c590f95d2",
        "x-ms-content-sha256": "Sanitized",
        "x-ms-date": "Wed, 09 Nov 2022 08:21:40 GMT",
        "x-ms-return-client-request-id": "true"
      },
      "RequestBody": null,
      "StatusCode": 200,
      "ResponseHeaders": {
        "api-supported-versions": "2021-04-07-preview1, 2022-07-18-preview",
        "Connection": "keep-alive",
        "Content-Type": "application/json; charset=utf-8",
        "Date": "Wed, 09 Nov 2022 08:21:40 GMT",
        "Request-Context": "appId=",
        "trace-id": "b84d54150c449a6290ed70ba0ffa4813",
        "Transfer-Encoding": "chunked",
        "x-azure-ref": "20221109T082139Z-rwhup4fafx79d2nv68y4rbyapc00000004ug00000001h9et",
        "X-Cache": "CONFIG_NOCACHE"
      },
      "ResponseBody": {
        "value": [
          {
            "exceptionPolicy": {
              "id": "sdk-7wcjqjmmbEi4jFYcEBPIbg-CreateExceptionPolicyTe",
              "exceptionRules": {
                "sdk-7wcjqjmmbEi4jFYcEBPIbg--ExceptionRule": {
                  "trigger": {
                    "kind": "queue-length",
                    "threshold": 1
                  },
                  "actions": {
                    "sdk-7wcjqjmmbEi4jFYcEBPIbg--CancellationExceptionA": {
                      "kind": "cancel",
                      "dispositionCode": "CancelledDueToMaxQueueLengthReached"
                    }
                  }
                }
              }
            },
            "etag": "Sanitized"
          },
          {
            "exceptionPolicy": {
              "id": "sdk-mnR0w6NIvEWS58uH0NBkgg-CreateExceptionPolicyTe",
              "exceptionRules": {
                "sdk-mnR0w6NIvEWS58uH0NBkgg--ExceptionRule": {
                  "trigger": {
                    "kind": "queue-length",
                    "threshold": 1
                  },
                  "actions": {
                    "sdk-mnR0w6NIvEWS58uH0NBkgg--CancellationExceptionA": {
                      "kind": "cancel",
                      "dispositionCode": "CancelledDueToMaxQueueLengthReached"
                    }
                  }
                }
              }
            },
            "etag": "Sanitized"
          }
        ],
        "nextLink": "/routing/exceptionPolicies?continuationToken=bWF4cGFnZXNpemU9MiZjb250aW51YXRpb25Ub2tlbj1XM3NpZEc5clpXNGlPaUlyVWtsRU9uNWxiekF4UVU5WFFXc3dXV3hCUVVGQlFVRkJRVUZCUFQwalVsUTZOU05VVWtNNk1UQWpVbFJFT2tGQlBUMGpTVk5XT2pJalNVVlBPalkxTlRZM0kxRkRSam80STBaUVF6cEJaMFZCUVVGQlMwRkNVMEZCWTBRNFJIcEZRVUozUVQwaUxDSnlZVzVuWlNJNmV5SnRhVzRpT2lJaUxDSnRZWGdpT2lKR1JpSjlmVjA9"
      }
    },
    {
      "RequestUri": "https://sanitized.communication.azure.net/routing/exceptionPolicies?continuationToken=bWF4cGFnZXNpemU9MiZjb250aW51YXRpb25Ub2tlbj1XM3NpZEc5clpXNGlPaUlyVWtsRU9uNWxiekF4UVU5WFFXc3dXV3hCUVVGQlFVRkJRVUZCUFQwalVsUTZOU05VVWtNNk1UQWpVbFJFT2tGQlBUMGpTVk5XT2pJalNVVlBPalkxTlRZM0kxRkRSam80STBaUVF6cEJaMFZCUVVGQlMwRkNVMEZCWTBRNFJIcEZRVUozUVQwaUxDSnlZVzVuWlNJNmV5SnRhVzRpT2lJaUxDSnRZWGdpT2lKR1JpSjlmVjA9\u0026api-version=2022-07-18-preview",
      "RequestMethod": "GET",
      "RequestHeaders": {
        "Accept": "*/*",
        "Accept-Encoding": "gzip, deflate",
        "Authorization": "Sanitized",
        "Connection": "keep-alive",
        "User-Agent": "azsdk-python-communication-jobrouter/1.0.0b1 Python/3.9.7 (Windows-10-10.0.22621-SP0)",
        "x-ms-client-request-id": "89aa5dcf-6007-11ed-9a5a-046c590f95d2",
        "x-ms-content-sha256": "Sanitized",
        "x-ms-date": "Wed, 09 Nov 2022 08:21:40 GMT",
        "x-ms-return-client-request-id": "true"
      },
      "RequestBody": null,
      "StatusCode": 200,
      "ResponseHeaders": {
        "api-supported-versions": "2021-04-07-preview1, 2022-07-18-preview",
        "Connection": "keep-alive",
        "Content-Type": "application/json; charset=utf-8",
        "Date": "Wed, 09 Nov 2022 08:21:40 GMT",
        "Request-Context": "appId=",
        "trace-id": "ffe3cdbe715458c986587bc9f5db4aaa",
        "Transfer-Encoding": "chunked",
        "x-azure-ref": "20221109T082140Z-rwhup4fafx79d2nv68y4rbyapc00000004ug00000001h9fg",
        "X-Cache": "CONFIG_NOCACHE"
      },
      "ResponseBody": {
        "value": [
          {
            "exceptionPolicy": {
              "id": "sdk-mSKri11m3EW494Oo-HCKjg-CreateExceptionPolicyTe",
              "exceptionRules": {
                "sdk-mSKri11m3EW494Oo-HCKjg--ExceptionRule": {
                  "trigger": {
                    "kind": "queue-length",
                    "threshold": 1
                  },
                  "actions": {
                    "sdk-mSKri11m3EW494Oo-HCKjg--CancellationExceptionA": {
                      "kind": "cancel",
                      "dispositionCode": "CancelledDueToMaxQueueLengthReached"
                    }
                  }
                }
              }
            },
            "etag": "Sanitized"
          },
          {
            "exceptionPolicy": {
              "id": "sdk-PkMD-f5qzkqfGi8I3Bto9A-CreateExceptionPolicyTe",
              "exceptionRules": {
                "sdk-PkMD-f5qzkqfGi8I3Bto9A--ExceptionRule": {
                  "trigger": {
                    "kind": "queue-length",
                    "threshold": 1
                  },
                  "actions": {
                    "sdk-PkMD-f5qzkqfGi8I3Bto9A--CancellationExceptionA": {
                      "kind": "cancel",
                      "dispositionCode": "CancelledDueToMaxQueueLengthReached"
                    }
                  }
                }
              }
            },
            "etag": "Sanitized"
          }
        ],
        "nextLink": "/routing/exceptionPolicies?continuationToken=bWF4cGFnZXNpemU9MiZjb250aW51YXRpb25Ub2tlbj1XM3NpZEc5clpXNGlPaUlyVWtsRU9uNWxiekF4UVU5WFFXc3dXV3BCUVVGQlFVRkJRVUZCUFQwalVsUTZOaU5VVWtNNk1USWpVbFJFT2tGQlBUMGpTVk5XT2pJalNVVlBPalkxTlRZM0kxRkRSam80STBaUVF6cEJaMFZCUVVGQlMwRkNVMEZCWTBRNFJIcEZRVUozUVQwaUxDSnlZVzVuWlNJNmV5SnRhVzRpT2lJaUxDSnRZWGdpT2lKR1JpSjlmVjA9"
      }
    },
    {
      "RequestUri": "https://sanitized.communication.azure.net/routing/exceptionPolicies?continuationToken=bWF4cGFnZXNpemU9MiZjb250aW51YXRpb25Ub2tlbj1XM3NpZEc5clpXNGlPaUlyVWtsRU9uNWxiekF4UVU5WFFXc3dXV3BCUVVGQlFVRkJRVUZCUFQwalVsUTZOaU5VVWtNNk1USWpVbFJFT2tGQlBUMGpTVk5XT2pJalNVVlBPalkxTlRZM0kxRkRSam80STBaUVF6cEJaMFZCUVVGQlMwRkNVMEZCWTBRNFJIcEZRVUozUVQwaUxDSnlZVzVuWlNJNmV5SnRhVzRpT2lJaUxDSnRZWGdpT2lKR1JpSjlmVjA9\u0026api-version=2022-07-18-preview",
      "RequestMethod": "GET",
      "RequestHeaders": {
        "Accept": "*/*",
        "Accept-Encoding": "gzip, deflate",
        "Authorization": "Sanitized",
        "Connection": "keep-alive",
        "User-Agent": "azsdk-python-communication-jobrouter/1.0.0b1 Python/3.9.7 (Windows-10-10.0.22621-SP0)",
        "x-ms-client-request-id": "89bf65f5-6007-11ed-8878-046c590f95d2",
        "x-ms-content-sha256": "Sanitized",
        "x-ms-date": "Wed, 09 Nov 2022 08:21:41 GMT",
        "x-ms-return-client-request-id": "true"
      },
      "RequestBody": null,
      "StatusCode": 200,
      "ResponseHeaders": {
        "api-supported-versions": "2021-04-07-preview1, 2022-07-18-preview",
        "Connection": "keep-alive",
        "Content-Type": "application/json; charset=utf-8",
        "Date": "Wed, 09 Nov 2022 08:21:40 GMT",
        "Request-Context": "appId=",
        "trace-id": "888f50b0eaca184ebdb98e1400adb30c",
        "Transfer-Encoding": "chunked",
        "x-azure-ref": "20221109T082140Z-rwhup4fafx79d2nv68y4rbyapc00000004ug00000001h9gd",
        "X-Cache": "CONFIG_NOCACHE"
      },
      "ResponseBody": {
        "value": [
          {
            "exceptionPolicy": {
              "id": "sdk-U6dKQW0hdEOlbqR9wWgk4g-CreateExceptionPolicyTe",
              "exceptionRules": {
                "sdk-U6dKQW0hdEOlbqR9wWgk4g--ExceptionRule": {
                  "trigger": {
                    "kind": "queue-length",
                    "threshold": 1
                  },
                  "actions": {
                    "sdk-U6dKQW0hdEOlbqR9wWgk4g--CancellationExceptionA": {
                      "kind": "cancel",
                      "dispositionCode": "CancelledDueToMaxQueueLengthReached"
                    }
                  }
                }
              }
            },
            "etag": "Sanitized"
          },
          {
            "exceptionPolicy": {
              "id": "sdk-ShrastfV40GTUGovgWCXNg-CreateExceptionPolicyTe",
              "exceptionRules": {
                "sdk-ShrastfV40GTUGovgWCXNg--ExceptionRule": {
                  "trigger": {
                    "kind": "queue-length",
                    "threshold": 1
                  },
                  "actions": {
                    "sdk-ShrastfV40GTUGovgWCXNg--CancellationExceptionA": {
                      "kind": "cancel",
                      "dispositionCode": "CancelledDueToMaxQueueLengthReached"
                    }
                  }
                }
              }
            },
            "etag": "Sanitized"
          }
        ]
      }
    },
    {
      "RequestUri": "https://sanitized.communication.azure.net/routing/exceptionPolicies/tst_list_ep_1?api-version=2022-07-18-preview",
      "RequestMethod": "PATCH",
      "RequestHeaders": {
        "Accept": "application/json",
        "Accept-Encoding": "gzip, deflate",
        "Authorization": "Sanitized",
        "Connection": "keep-alive",
        "Content-Length": "265",
        "Content-Type": "application/merge-patch\u002Bjson",
        "User-Agent": "azsdk-python-communication-jobrouter/1.0.0b1 Python/3.9.7 (Windows-10-10.0.22621-SP0)",
        "x-ms-client-request-id": "89cf8ccc-6007-11ed-8b00-046c590f95d2",
        "x-ms-content-sha256": "Sanitized",
        "x-ms-date": "Wed, 09 Nov 2022 08:21:41 GMT",
        "x-ms-return-client-request-id": "true"
      },
      "RequestBody": {
        "name": "tst_list_ep_1",
        "exceptionRules": {
          "fakeExceptionRuleId": {
            "trigger": {
              "kind": "wait-time",
              "thresholdSeconds": 3600.0
            },
            "actions": {
              "fakeExceptionActionId": {
                "kind": "manual-reclassify",
                "queueId": "test_list_exception_policies_tst_q",
                "priority": 1
              }
            }
          }
        }
      },
      "StatusCode": 200,
      "ResponseHeaders": {
        "api-supported-versions": "2021-04-07-preview1, 2022-07-18-preview",
        "Connection": "keep-alive",
        "Content-Type": "application/json; charset=utf-8",
        "Date": "Wed, 09 Nov 2022 08:21:40 GMT",
        "ETag": "Sanitized",
        "Last-Modified": "Wed, 09 Nov 2022 08:21:40 GMT",
        "Request-Context": "appId=",
        "trace-id": "f7460461b6b741066e347adcc14e7040",
        "Transfer-Encoding": "chunked",
        "x-azure-ref": "20221109T082140Z-rwhup4fafx79d2nv68y4rbyapc00000004ug00000001h9h8",
        "X-Cache": "CONFIG_NOCACHE"
      },
      "ResponseBody": {
        "id": "tst_list_ep_1",
        "name": "tst_list_ep_1",
        "exceptionRules": {
          "fakeExceptionRuleId": {
            "trigger": {
              "kind": "wait-time",
              "thresholdSeconds": 3600
            },
            "actions": {
              "fakeExceptionActionId": {
                "kind": "manual-reclassify",
                "queueId": "test_list_exception_policies_tst_q",
                "priority": 1,
                "workerSelectors": []
              }
            }
          }
        }
      }
    },
    {
      "RequestUri": "https://sanitized.communication.azure.net/routing/exceptionPolicies/tst_list_ep_2?api-version=2022-07-18-preview",
      "RequestMethod": "PATCH",
      "RequestHeaders": {
        "Accept": "application/json",
        "Accept-Encoding": "gzip, deflate",
        "Authorization": "Sanitized",
        "Connection": "keep-alive",
        "Content-Length": "265",
        "Content-Type": "application/merge-patch\u002Bjson",
        "User-Agent": "azsdk-python-communication-jobrouter/1.0.0b1 Python/3.9.7 (Windows-10-10.0.22621-SP0)",
        "x-ms-client-request-id": "8a11f22b-6007-11ed-8f02-046c590f95d2",
        "x-ms-content-sha256": "Sanitized",
        "x-ms-date": "Wed, 09 Nov 2022 08:21:41 GMT",
        "x-ms-return-client-request-id": "true"
      },
      "RequestBody": {
        "name": "tst_list_ep_2",
        "exceptionRules": {
          "fakeExceptionRuleId": {
            "trigger": {
              "kind": "wait-time",
              "thresholdSeconds": 3600.0
            },
            "actions": {
              "fakeExceptionActionId": {
                "kind": "manual-reclassify",
                "queueId": "test_list_exception_policies_tst_q",
                "priority": 1
              }
            }
          }
        }
      },
      "StatusCode": 200,
      "ResponseHeaders": {
        "api-supported-versions": "2021-04-07-preview1, 2022-07-18-preview",
        "Connection": "keep-alive",
        "Content-Type": "application/json; charset=utf-8",
        "Date": "Wed, 09 Nov 2022 08:21:41 GMT",
        "ETag": "Sanitized",
        "Last-Modified": "Wed, 09 Nov 2022 08:21:40 GMT",
        "Request-Context": "appId=",
        "trace-id": "a83a2ce77e01751276a6f55c5f3a4a93",
        "Transfer-Encoding": "chunked",
        "x-azure-ref": "20221109T082140Z-rwhup4fafx79d2nv68y4rbyapc00000004ug00000001h9nd",
        "X-Cache": "CONFIG_NOCACHE"
      },
      "ResponseBody": {
        "id": "tst_list_ep_2",
        "name": "tst_list_ep_2",
        "exceptionRules": {
          "fakeExceptionRuleId": {
            "trigger": {
              "kind": "wait-time",
              "thresholdSeconds": 3600
            },
            "actions": {
              "fakeExceptionActionId": {
                "kind": "manual-reclassify",
                "queueId": "test_list_exception_policies_tst_q",
                "priority": 1,
                "workerSelectors": []
              }
            }
          }
        }
      }
    },
    {
      "RequestUri": "https://sanitized.communication.azure.net/routing/exceptionPolicies/tst_list_ep_3?api-version=2022-07-18-preview",
      "RequestMethod": "PATCH",
      "RequestHeaders": {
        "Accept": "application/json",
        "Accept-Encoding": "gzip, deflate",
        "Authorization": "Sanitized",
        "Connection": "keep-alive",
        "Content-Length": "265",
        "Content-Type": "application/merge-patch\u002Bjson",
        "User-Agent": "azsdk-python-communication-jobrouter/1.0.0b1 Python/3.9.7 (Windows-10-10.0.22621-SP0)",
        "x-ms-client-request-id": "8a52ebab-6007-11ed-a7fb-046c590f95d2",
        "x-ms-content-sha256": "Sanitized",
        "x-ms-date": "Wed, 09 Nov 2022 08:21:42 GMT",
        "x-ms-return-client-request-id": "true"
      },
      "RequestBody": {
        "name": "tst_list_ep_3",
        "exceptionRules": {
          "fakeExceptionRuleId": {
            "trigger": {
              "kind": "wait-time",
              "thresholdSeconds": 3600.0
            },
            "actions": {
              "fakeExceptionActionId": {
                "kind": "manual-reclassify",
                "queueId": "test_list_exception_policies_tst_q",
                "priority": 1
              }
            }
          }
        }
      },
      "StatusCode": 200,
      "ResponseHeaders": {
        "api-supported-versions": "2021-04-07-preview1, 2022-07-18-preview",
        "Connection": "keep-alive",
        "Content-Type": "application/json; charset=utf-8",
        "Date": "Wed, 09 Nov 2022 08:21:41 GMT",
        "ETag": "Sanitized",
        "Last-Modified": "Wed, 09 Nov 2022 08:21:41 GMT",
        "Request-Context": "appId=",
        "trace-id": "85258a3c3310e438d694b4d4f287e108",
        "Transfer-Encoding": "chunked",
        "x-azure-ref": "20221109T082141Z-rwhup4fafx79d2nv68y4rbyapc00000004ug00000001h9r6",
        "X-Cache": "CONFIG_NOCACHE"
      },
      "ResponseBody": {
        "id": "tst_list_ep_3",
        "name": "tst_list_ep_3",
        "exceptionRules": {
          "fakeExceptionRuleId": {
            "trigger": {
              "kind": "wait-time",
              "thresholdSeconds": 3600
            },
            "actions": {
              "fakeExceptionActionId": {
                "kind": "manual-reclassify",
                "queueId": "test_list_exception_policies_tst_q",
                "priority": 1,
                "workerSelectors": []
              }
            }
          }
        }
      }
    },
    {
      "RequestUri": "https://sanitized.communication.azure.net/routing/exceptionPolicies?maxpagesize=2\u0026api-version=2022-07-18-preview",
      "RequestMethod": "GET",
      "RequestHeaders": {
        "Accept": "application/json",
        "Accept-Encoding": "gzip, deflate",
        "Authorization": "Sanitized",
        "Connection": "keep-alive",
        "User-Agent": "azsdk-python-communication-jobrouter/1.0.0b1 Python/3.9.7 (Windows-10-10.0.22621-SP0)",
        "x-ms-client-request-id": "8a80b496-6007-11ed-bbac-046c590f95d2",
        "x-ms-content-sha256": "Sanitized",
        "x-ms-date": "Wed, 09 Nov 2022 08:21:42 GMT",
        "x-ms-return-client-request-id": "true"
      },
      "RequestBody": null,
      "StatusCode": 200,
      "ResponseHeaders": {
        "api-supported-versions": "2021-04-07-preview1, 2022-07-18-preview",
        "Connection": "keep-alive",
        "Content-Type": "application/json; charset=utf-8",
        "Date": "Wed, 09 Nov 2022 08:21:41 GMT",
        "Request-Context": "appId=",
        "trace-id": "a6f38172e76f26b5a377827794491888",
        "Transfer-Encoding": "chunked",
        "x-azure-ref": "20221109T082141Z-rwhup4fafx79d2nv68y4rbyapc00000004ug00000001h9sk",
        "X-Cache": "CONFIG_NOCACHE"
      },
      "ResponseBody": {
        "value": [
          {
            "exceptionPolicy": {
              "id": "tst_list_ep_3",
              "name": "tst_list_ep_3",
              "exceptionRules": {
                "fakeExceptionRuleId": {
                  "trigger": {
                    "kind": "wait-time",
                    "thresholdSeconds": 3600
                  },
                  "actions": {
                    "fakeExceptionActionId": {
                      "kind": "manual-reclassify",
                      "queueId": "test_list_exception_policies_tst_q",
                      "priority": 1,
                      "workerSelectors": []
                    }
                  }
                }
              }
            },
            "etag": "Sanitized"
          },
          {
            "exceptionPolicy": {
              "id": "tst_list_ep_2",
              "name": "tst_list_ep_2",
              "exceptionRules": {
                "fakeExceptionRuleId": {
                  "trigger": {
                    "kind": "wait-time",
                    "thresholdSeconds": 3600
                  },
                  "actions": {
                    "fakeExceptionActionId": {
                      "kind": "manual-reclassify",
                      "queueId": "test_list_exception_policies_tst_q",
                      "priority": 1,
                      "workerSelectors": []
                    }
                  }
                }
              }
            },
            "etag": "Sanitized"
          }
        ],
        "nextLink": "/routing/exceptionPolicies?continuationToken=bWF4cGFnZXNpemU9MiZjb250aW51YXRpb25Ub2tlbj1XM3NpZEc5clpXNGlPaUlyVWtsRU9uNWxiekF4UVU5WFFXc3dXbWhCUVVGQlFVRkJRVUZCUFQwalVsUTZNU05VVWtNNk1pTlNWRVE2UVVFOVBTTkpVMVk2TWlOSlJVODZOalUxTmpjalVVTkdPamdqUmxCRE9rRm5SVUZCUVVGTFFVSlRRVUZqUkRoRWVrVkJRbmRCUFNJc0luSmhibWRsSWpwN0ltMXBiaUk2SWlJc0ltMWhlQ0k2SWtaR0luMTlYUT09"
      }
    },
    {
      "RequestUri": "https://sanitized.communication.azure.net/routing/exceptionPolicies?continuationToken=bWF4cGFnZXNpemU9MiZjb250aW51YXRpb25Ub2tlbj1XM3NpZEc5clpXNGlPaUlyVWtsRU9uNWxiekF4UVU5WFFXc3dXbWhCUVVGQlFVRkJRVUZCUFQwalVsUTZNU05VVWtNNk1pTlNWRVE2UVVFOVBTTkpVMVk2TWlOSlJVODZOalUxTmpjalVVTkdPamdqUmxCRE9rRm5SVUZCUVVGTFFVSlRRVUZqUkRoRWVrVkJRbmRCUFNJc0luSmhibWRsSWpwN0ltMXBiaUk2SWlJc0ltMWhlQ0k2SWtaR0luMTlYUT09\u0026api-version=2022-07-18-preview",
      "RequestMethod": "GET",
      "RequestHeaders": {
        "Accept": "*/*",
        "Accept-Encoding": "gzip, deflate",
        "Authorization": "Sanitized",
        "Connection": "keep-alive",
        "User-Agent": "azsdk-python-communication-jobrouter/1.0.0b1 Python/3.9.7 (Windows-10-10.0.22621-SP0)",
        "x-ms-client-request-id": "8a99dfe0-6007-11ed-af9f-046c590f95d2",
        "x-ms-content-sha256": "Sanitized",
        "x-ms-date": "Wed, 09 Nov 2022 08:21:42 GMT",
        "x-ms-return-client-request-id": "true"
      },
      "RequestBody": null,
      "StatusCode": 200,
      "ResponseHeaders": {
        "api-supported-versions": "2021-04-07-preview1, 2022-07-18-preview",
        "Connection": "keep-alive",
        "Content-Type": "application/json; charset=utf-8",
        "Date": "Wed, 09 Nov 2022 08:21:41 GMT",
        "Request-Context": "appId=",
        "trace-id": "eda95cd436788c825ebb0cfde5915a39",
        "Transfer-Encoding": "chunked",
        "x-azure-ref": "20221109T082141Z-rwhup4fafx79d2nv68y4rbyapc00000004ug00000001h9tq",
        "X-Cache": "CONFIG_NOCACHE"
      },
      "ResponseBody": {
        "value": [
          {
            "exceptionPolicy": {
              "id": "tst_list_ep_1",
              "name": "tst_list_ep_1",
              "exceptionRules": {
                "fakeExceptionRuleId": {
                  "trigger": {
                    "kind": "wait-time",
                    "thresholdSeconds": 3600
                  },
                  "actions": {
                    "fakeExceptionActionId": {
                      "kind": "manual-reclassify",
                      "queueId": "test_list_exception_policies_tst_q",
                      "priority": 1,
                      "workerSelectors": []
                    }
                  }
                }
              }
            },
            "etag": "Sanitized"
          },
          {
            "exceptionPolicy": {
              "id": "sdk-n5ldMdJBNUiJxEifSG-Crw-CreateExceptionPolicyTe",
              "exceptionRules": {
                "sdk-n5ldMdJBNUiJxEifSG-Crw--ExceptionRule": {
                  "trigger": {
                    "kind": "queue-length",
                    "threshold": 1
                  },
                  "actions": {
                    "sdk-n5ldMdJBNUiJxEifSG-Crw--CancellationExceptionA": {
                      "kind": "cancel",
                      "dispositionCode": "CancelledDueToMaxQueueLengthReached"
                    }
                  }
                }
              }
            },
            "etag": "Sanitized"
          }
        ],
        "nextLink": "/routing/exceptionPolicies?continuationToken=bWF4cGFnZXNpemU9MiZjb250aW51YXRpb25Ub2tlbj1XM3NpZEc5clpXNGlPaUlyVWtsRU9uNWxiekF4UVU5WFFXc3dXWEpCUVVGQlFVRkJRVUZCUFQwalVsUTZNaU5VVWtNNk5DTlNWRVE2UVVFOVBTTkpVMVk2TWlOSlJVODZOalUxTmpjalVVTkdPamdqUmxCRE9rRm5SVUZCUVVGTFFVSlRRVUZqUkRoRWVrVkJRbmRCUFNJc0luSmhibWRsSWpwN0ltMXBiaUk2SWlJc0ltMWhlQ0k2SWtaR0luMTlYUT09"
      }
    },
    {
      "RequestUri": "https://sanitized.communication.azure.net/routing/exceptionPolicies?continuationToken=bWF4cGFnZXNpemU9MiZjb250aW51YXRpb25Ub2tlbj1XM3NpZEc5clpXNGlPaUlyVWtsRU9uNWxiekF4UVU5WFFXc3dXWEpCUVVGQlFVRkJRVUZCUFQwalVsUTZNaU5VVWtNNk5DTlNWRVE2UVVFOVBTTkpVMVk2TWlOSlJVODZOalUxTmpjalVVTkdPamdqUmxCRE9rRm5SVUZCUVVGTFFVSlRRVUZqUkRoRWVrVkJRbmRCUFNJc0luSmhibWRsSWpwN0ltMXBiaUk2SWlJc0ltMWhlQ0k2SWtaR0luMTlYUT09\u0026api-version=2022-07-18-preview",
      "RequestMethod": "GET",
      "RequestHeaders": {
        "Accept": "*/*",
        "Accept-Encoding": "gzip, deflate",
        "Authorization": "Sanitized",
        "Connection": "keep-alive",
        "User-Agent": "azsdk-python-communication-jobrouter/1.0.0b1 Python/3.9.7 (Windows-10-10.0.22621-SP0)",
        "x-ms-client-request-id": "8aadda0c-6007-11ed-8602-046c590f95d2",
        "x-ms-content-sha256": "Sanitized",
        "x-ms-date": "Wed, 09 Nov 2022 08:21:42 GMT",
        "x-ms-return-client-request-id": "true"
      },
      "RequestBody": null,
      "StatusCode": 200,
      "ResponseHeaders": {
        "api-supported-versions": "2021-04-07-preview1, 2022-07-18-preview",
        "Connection": "keep-alive",
        "Content-Type": "application/json; charset=utf-8",
        "Date": "Wed, 09 Nov 2022 08:21:41 GMT",
        "Request-Context": "appId=",
        "trace-id": "f6f85a76761c1d4208b212999567d3c9",
        "Transfer-Encoding": "chunked",
        "x-azure-ref": "20221109T082141Z-rwhup4fafx79d2nv68y4rbyapc00000004ug00000001h9uh",
        "X-Cache": "CONFIG_NOCACHE"
      },
      "ResponseBody": {
        "value": [
          {
            "exceptionPolicy": {
              "id": "sdk-p6lKmgLVWUmlPyYQWVKiqg-CreateExceptionPolicyTe",
              "exceptionRules": {
                "sdk-p6lKmgLVWUmlPyYQWVKiqg--ExceptionRule": {
                  "trigger": {
                    "kind": "queue-length",
                    "threshold": 1
                  },
                  "actions": {
                    "sdk-p6lKmgLVWUmlPyYQWVKiqg--CancellationExceptionA": {
                      "kind": "cancel",
                      "dispositionCode": "CancelledDueToMaxQueueLengthReached"
                    }
                  }
                }
              }
            },
            "etag": "Sanitized"
          },
          {
            "exceptionPolicy": {
              "id": "sdk-txMv0AGg-0SHcLKaDrpEZA-CreateExceptionPolicyTe",
              "exceptionRules": {
                "sdk-txMv0AGg-0SHcLKaDrpEZA--ExceptionRule": {
                  "trigger": {
                    "kind": "queue-length",
                    "threshold": 1
                  },
                  "actions": {
                    "sdk-txMv0AGg-0SHcLKaDrpEZA--CancellationExceptionA": {
                      "kind": "cancel",
                      "dispositionCode": "CancelledDueToMaxQueueLengthReached"
                    }
                  }
                }
              }
            },
            "etag": "Sanitized"
          }
        ],
        "nextLink": "/routing/exceptionPolicies?continuationToken=bWF4cGFnZXNpemU9MiZjb250aW51YXRpb25Ub2tlbj1XM3NpZEc5clpXNGlPaUlyVWtsRU9uNWxiekF4UVU5WFFXc3dXWEJCUVVGQlFVRkJRVUZCUFQwalVsUTZNeU5VVWtNNk5pTlNWRVE2UVVFOVBTTkpVMVk2TWlOSlJVODZOalUxTmpjalVVTkdPamdqUmxCRE9rRm5SVUZCUVVGTFFVSlRRVUZqUkRoRWVrVkJRbmRCUFNJc0luSmhibWRsSWpwN0ltMXBiaUk2SWlJc0ltMWhlQ0k2SWtaR0luMTlYUT09"
      }
    },
    {
      "RequestUri": "https://sanitized.communication.azure.net/routing/exceptionPolicies?continuationToken=bWF4cGFnZXNpemU9MiZjb250aW51YXRpb25Ub2tlbj1XM3NpZEc5clpXNGlPaUlyVWtsRU9uNWxiekF4UVU5WFFXc3dXWEJCUVVGQlFVRkJRVUZCUFQwalVsUTZNeU5VVWtNNk5pTlNWRVE2UVVFOVBTTkpVMVk2TWlOSlJVODZOalUxTmpjalVVTkdPamdqUmxCRE9rRm5SVUZCUVVGTFFVSlRRVUZqUkRoRWVrVkJRbmRCUFNJc0luSmhibWRsSWpwN0ltMXBiaUk2SWlJc0ltMWhlQ0k2SWtaR0luMTlYUT09\u0026api-version=2022-07-18-preview",
      "RequestMethod": "GET",
      "RequestHeaders": {
        "Accept": "*/*",
        "Accept-Encoding": "gzip, deflate",
        "Authorization": "Sanitized",
        "Connection": "keep-alive",
        "User-Agent": "azsdk-python-communication-jobrouter/1.0.0b1 Python/3.9.7 (Windows-10-10.0.22621-SP0)",
        "x-ms-client-request-id": "8abeaadc-6007-11ed-846c-046c590f95d2",
        "x-ms-content-sha256": "Sanitized",
        "x-ms-date": "Wed, 09 Nov 2022 08:21:42 GMT",
        "x-ms-return-client-request-id": "true"
      },
      "RequestBody": null,
      "StatusCode": 200,
      "ResponseHeaders": {
        "api-supported-versions": "2021-04-07-preview1, 2022-07-18-preview",
        "Connection": "keep-alive",
        "Content-Type": "application/json; charset=utf-8",
        "Date": "Wed, 09 Nov 2022 08:21:41 GMT",
        "Request-Context": "appId=",
        "trace-id": "b938de9ea2667016aef5813bc668dbeb",
        "Transfer-Encoding": "chunked",
        "x-azure-ref": "20221109T082141Z-rwhup4fafx79d2nv68y4rbyapc00000004ug00000001h9v9",
        "X-Cache": "CONFIG_NOCACHE"
      },
      "ResponseBody": {
        "value": [
          {
            "exceptionPolicy": {
              "id": "sdk-h-YxZ-MXFUmKXBc8KSsPMQ-CreateExceptionPolicyTe",
              "exceptionRules": {
                "sdk-h-YxZ-MXFUmKXBc8KSsPMQ--ExceptionRule": {
                  "trigger": {
                    "kind": "queue-length",
                    "threshold": 1
                  },
                  "actions": {
                    "sdk-h-YxZ-MXFUmKXBc8KSsPMQ--CancellationExceptionA": {
                      "kind": "cancel",
                      "dispositionCode": "CancelledDueToMaxQueueLengthReached"
                    }
                  }
                }
              }
            },
            "etag": "Sanitized"
          },
          {
            "exceptionPolicy": {
              "id": "sdk-R0Sy2I4-5E2A1PAKwVRQfQ-CreateExceptionPolicyTe",
              "exceptionRules": {
                "sdk-R0Sy2I4-5E2A1PAKwVRQfQ--ExceptionRule": {
                  "trigger": {
                    "kind": "queue-length",
                    "threshold": 1
                  },
                  "actions": {
                    "sdk-R0Sy2I4-5E2A1PAKwVRQfQ--CancellationExceptionA": {
                      "kind": "cancel",
                      "dispositionCode": "CancelledDueToMaxQueueLengthReached"
                    }
                  }
                }
              }
            },
            "etag": "Sanitized"
          }
        ],
        "nextLink": "/routing/exceptionPolicies?continuationToken=bWF4cGFnZXNpemU9MiZjb250aW51YXRpb25Ub2tlbj1XM3NpZEc5clpXNGlPaUlyVWtsRU9uNWxiekF4UVU5WFFXc3dXVzVCUVVGQlFVRkJRVUZCUFQwalVsUTZOQ05VVWtNNk9DTlNWRVE2UVVFOVBTTkpVMVk2TWlOSlJVODZOalUxTmpjalVVTkdPamdqUmxCRE9rRm5SVUZCUVVGTFFVSlRRVUZqUkRoRWVrVkJRbmRCUFNJc0luSmhibWRsSWpwN0ltMXBiaUk2SWlJc0ltMWhlQ0k2SWtaR0luMTlYUT09"
      }
    },
    {
      "RequestUri": "https://sanitized.communication.azure.net/routing/exceptionPolicies?continuationToken=bWF4cGFnZXNpemU9MiZjb250aW51YXRpb25Ub2tlbj1XM3NpZEc5clpXNGlPaUlyVWtsRU9uNWxiekF4UVU5WFFXc3dXVzVCUVVGQlFVRkJRVUZCUFQwalVsUTZOQ05VVWtNNk9DTlNWRVE2UVVFOVBTTkpVMVk2TWlOSlJVODZOalUxTmpjalVVTkdPamdqUmxCRE9rRm5SVUZCUVVGTFFVSlRRVUZqUkRoRWVrVkJRbmRCUFNJc0luSmhibWRsSWpwN0ltMXBiaUk2SWlJc0ltMWhlQ0k2SWtaR0luMTlYUT09\u0026api-version=2022-07-18-preview",
      "RequestMethod": "GET",
      "RequestHeaders": {
        "Accept": "*/*",
        "Accept-Encoding": "gzip, deflate",
        "Authorization": "Sanitized",
        "Connection": "keep-alive",
        "User-Agent": "azsdk-python-communication-jobrouter/1.0.0b1 Python/3.9.7 (Windows-10-10.0.22621-SP0)",
        "x-ms-client-request-id": "8acfefbf-6007-11ed-9683-046c590f95d2",
        "x-ms-content-sha256": "Sanitized",
        "x-ms-date": "Wed, 09 Nov 2022 08:21:42 GMT",
        "x-ms-return-client-request-id": "true"
      },
      "RequestBody": null,
      "StatusCode": 200,
      "ResponseHeaders": {
        "api-supported-versions": "2021-04-07-preview1, 2022-07-18-preview",
        "Connection": "keep-alive",
        "Content-Type": "application/json; charset=utf-8",
        "Date": "Wed, 09 Nov 2022 08:21:42 GMT",
        "Request-Context": "appId=",
        "trace-id": "6436137d070a8fa8c33401d6acca0e4d",
        "Transfer-Encoding": "chunked",
        "x-azure-ref": "20221109T082141Z-rwhup4fafx79d2nv68y4rbyapc00000004ug00000001h9vu",
        "X-Cache": "CONFIG_NOCACHE"
      },
      "ResponseBody": {
        "value": [
          {
            "exceptionPolicy": {
              "id": "sdk-7wcjqjmmbEi4jFYcEBPIbg-CreateExceptionPolicyTe",
              "exceptionRules": {
                "sdk-7wcjqjmmbEi4jFYcEBPIbg--ExceptionRule": {
                  "trigger": {
                    "kind": "queue-length",
                    "threshold": 1
                  },
                  "actions": {
                    "sdk-7wcjqjmmbEi4jFYcEBPIbg--CancellationExceptionA": {
                      "kind": "cancel",
                      "dispositionCode": "CancelledDueToMaxQueueLengthReached"
                    }
                  }
                }
              }
            },
            "etag": "Sanitized"
          },
          {
            "exceptionPolicy": {
              "id": "sdk-mnR0w6NIvEWS58uH0NBkgg-CreateExceptionPolicyTe",
              "exceptionRules": {
                "sdk-mnR0w6NIvEWS58uH0NBkgg--ExceptionRule": {
                  "trigger": {
                    "kind": "queue-length",
                    "threshold": 1
                  },
                  "actions": {
                    "sdk-mnR0w6NIvEWS58uH0NBkgg--CancellationExceptionA": {
                      "kind": "cancel",
                      "dispositionCode": "CancelledDueToMaxQueueLengthReached"
                    }
                  }
                }
              }
            },
            "etag": "Sanitized"
          }
        ],
        "nextLink": "/routing/exceptionPolicies?continuationToken=bWF4cGFnZXNpemU9MiZjb250aW51YXRpb25Ub2tlbj1XM3NpZEc5clpXNGlPaUlyVWtsRU9uNWxiekF4UVU5WFFXc3dXV3hCUVVGQlFVRkJRVUZCUFQwalVsUTZOU05VVWtNNk1UQWpVbFJFT2tGQlBUMGpTVk5XT2pJalNVVlBPalkxTlRZM0kxRkRSam80STBaUVF6cEJaMFZCUVVGQlMwRkNVMEZCWTBRNFJIcEZRVUozUVQwaUxDSnlZVzVuWlNJNmV5SnRhVzRpT2lJaUxDSnRZWGdpT2lKR1JpSjlmVjA9"
      }
    },
    {
      "RequestUri": "https://sanitized.communication.azure.net/routing/exceptionPolicies?continuationToken=bWF4cGFnZXNpemU9MiZjb250aW51YXRpb25Ub2tlbj1XM3NpZEc5clpXNGlPaUlyVWtsRU9uNWxiekF4UVU5WFFXc3dXV3hCUVVGQlFVRkJRVUZCUFQwalVsUTZOU05VVWtNNk1UQWpVbFJFT2tGQlBUMGpTVk5XT2pJalNVVlBPalkxTlRZM0kxRkRSam80STBaUVF6cEJaMFZCUVVGQlMwRkNVMEZCWTBRNFJIcEZRVUozUVQwaUxDSnlZVzVuWlNJNmV5SnRhVzRpT2lJaUxDSnRZWGdpT2lKR1JpSjlmVjA9\u0026api-version=2022-07-18-preview",
      "RequestMethod": "GET",
      "RequestHeaders": {
        "Accept": "*/*",
        "Accept-Encoding": "gzip, deflate",
        "Authorization": "Sanitized",
        "Connection": "keep-alive",
        "User-Agent": "azsdk-python-communication-jobrouter/1.0.0b1 Python/3.9.7 (Windows-10-10.0.22621-SP0)",
        "x-ms-client-request-id": "8aebfe7f-6007-11ed-b316-046c590f95d2",
        "x-ms-content-sha256": "Sanitized",
        "x-ms-date": "Wed, 09 Nov 2022 08:21:43 GMT",
        "x-ms-return-client-request-id": "true"
      },
      "RequestBody": null,
      "StatusCode": 200,
      "ResponseHeaders": {
        "api-supported-versions": "2021-04-07-preview1, 2022-07-18-preview",
        "Connection": "keep-alive",
        "Content-Type": "application/json; charset=utf-8",
        "Date": "Wed, 09 Nov 2022 08:21:42 GMT",
        "Request-Context": "appId=",
        "trace-id": "69b519ddef5fd848161d2ed64bf4fc46",
        "Transfer-Encoding": "chunked",
        "x-azure-ref": "20221109T082142Z-rwhup4fafx79d2nv68y4rbyapc00000004ug00000001h9ws",
        "X-Cache": "CONFIG_NOCACHE"
      },
      "ResponseBody": {
        "value": [
          {
            "exceptionPolicy": {
              "id": "sdk-mSKri11m3EW494Oo-HCKjg-CreateExceptionPolicyTe",
              "exceptionRules": {
                "sdk-mSKri11m3EW494Oo-HCKjg--ExceptionRule": {
                  "trigger": {
                    "kind": "queue-length",
                    "threshold": 1
                  },
                  "actions": {
                    "sdk-mSKri11m3EW494Oo-HCKjg--CancellationExceptionA": {
                      "kind": "cancel",
                      "dispositionCode": "CancelledDueToMaxQueueLengthReached"
                    }
                  }
                }
              }
            },
            "etag": "Sanitized"
          },
          {
            "exceptionPolicy": {
              "id": "sdk-PkMD-f5qzkqfGi8I3Bto9A-CreateExceptionPolicyTe",
              "exceptionRules": {
                "sdk-PkMD-f5qzkqfGi8I3Bto9A--ExceptionRule": {
                  "trigger": {
                    "kind": "queue-length",
                    "threshold": 1
                  },
                  "actions": {
                    "sdk-PkMD-f5qzkqfGi8I3Bto9A--CancellationExceptionA": {
                      "kind": "cancel",
                      "dispositionCode": "CancelledDueToMaxQueueLengthReached"
                    }
                  }
                }
              }
            },
            "etag": "Sanitized"
          }
        ],
        "nextLink": "/routing/exceptionPolicies?continuationToken=bWF4cGFnZXNpemU9MiZjb250aW51YXRpb25Ub2tlbj1XM3NpZEc5clpXNGlPaUlyVWtsRU9uNWxiekF4UVU5WFFXc3dXV3BCUVVGQlFVRkJRVUZCUFQwalVsUTZOaU5VVWtNNk1USWpVbFJFT2tGQlBUMGpTVk5XT2pJalNVVlBPalkxTlRZM0kxRkRSam80STBaUVF6cEJaMFZCUVVGQlMwRkNVMEZCWTBRNFJIcEZRVUozUVQwaUxDSnlZVzVuWlNJNmV5SnRhVzRpT2lJaUxDSnRZWGdpT2lKR1JpSjlmVjA9"
      }
    },
    {
      "RequestUri": "https://sanitized.communication.azure.net/routing/exceptionPolicies?continuationToken=bWF4cGFnZXNpemU9MiZjb250aW51YXRpb25Ub2tlbj1XM3NpZEc5clpXNGlPaUlyVWtsRU9uNWxiekF4UVU5WFFXc3dXV3BCUVVGQlFVRkJRVUZCUFQwalVsUTZOaU5VVWtNNk1USWpVbFJFT2tGQlBUMGpTVk5XT2pJalNVVlBPalkxTlRZM0kxRkRSam80STBaUVF6cEJaMFZCUVVGQlMwRkNVMEZCWTBRNFJIcEZRVUozUVQwaUxDSnlZVzVuWlNJNmV5SnRhVzRpT2lJaUxDSnRZWGdpT2lKR1JpSjlmVjA9\u0026api-version=2022-07-18-preview",
      "RequestMethod": "GET",
      "RequestHeaders": {
        "Accept": "*/*",
        "Accept-Encoding": "gzip, deflate",
        "Authorization": "Sanitized",
        "Connection": "keep-alive",
        "User-Agent": "azsdk-python-communication-jobrouter/1.0.0b1 Python/3.9.7 (Windows-10-10.0.22621-SP0)",
        "x-ms-client-request-id": "8aff8200-6007-11ed-9d3a-046c590f95d2",
        "x-ms-content-sha256": "Sanitized",
        "x-ms-date": "Wed, 09 Nov 2022 08:21:43 GMT",
        "x-ms-return-client-request-id": "true"
      },
      "RequestBody": null,
      "StatusCode": 200,
      "ResponseHeaders": {
        "api-supported-versions": "2021-04-07-preview1, 2022-07-18-preview",
        "Connection": "keep-alive",
        "Content-Type": "application/json; charset=utf-8",
        "Date": "Wed, 09 Nov 2022 08:21:42 GMT",
        "Request-Context": "appId=",
        "trace-id": "a2829bb675bff4ad6a12403dc39cae86",
        "Transfer-Encoding": "chunked",
        "x-azure-ref": "20221109T082142Z-rwhup4fafx79d2nv68y4rbyapc00000004ug00000001h9xk",
        "X-Cache": "CONFIG_NOCACHE"
      },
      "ResponseBody": {
        "value": [
          {
            "exceptionPolicy": {
              "id": "sdk-U6dKQW0hdEOlbqR9wWgk4g-CreateExceptionPolicyTe",
              "exceptionRules": {
                "sdk-U6dKQW0hdEOlbqR9wWgk4g--ExceptionRule": {
                  "trigger": {
                    "kind": "queue-length",
                    "threshold": 1
                  },
                  "actions": {
                    "sdk-U6dKQW0hdEOlbqR9wWgk4g--CancellationExceptionA": {
                      "kind": "cancel",
                      "dispositionCode": "CancelledDueToMaxQueueLengthReached"
                    }
                  }
                }
              }
            },
            "etag": "Sanitized"
          },
          {
            "exceptionPolicy": {
              "id": "sdk-ShrastfV40GTUGovgWCXNg-CreateExceptionPolicyTe",
              "exceptionRules": {
                "sdk-ShrastfV40GTUGovgWCXNg--ExceptionRule": {
                  "trigger": {
                    "kind": "queue-length",
                    "threshold": 1
                  },
                  "actions": {
                    "sdk-ShrastfV40GTUGovgWCXNg--CancellationExceptionA": {
                      "kind": "cancel",
                      "dispositionCode": "CancelledDueToMaxQueueLengthReached"
                    }
                  }
                }
              }
            },
            "etag": "Sanitized"
          }
        ]
      }
    },
    {
      "RequestUri": "https://sanitized.communication.azure.net/routing/exceptionPolicies/tst_list_ep_1?api-version=2022-07-18-preview",
      "RequestMethod": "PATCH",
      "RequestHeaders": {
        "Accept": "application/json",
        "Accept-Encoding": "gzip, deflate",
        "Authorization": "Sanitized",
        "Connection": "keep-alive",
        "Content-Length": "259",
        "Content-Type": "application/merge-patch\u002Bjson",
        "User-Agent": "azsdk-python-communication-jobrouter/1.0.0b1 Python/3.9.7 (Windows-10-10.0.22621-SP0)",
        "x-ms-client-request-id": "8b106a7f-6007-11ed-9454-046c590f95d2",
        "x-ms-content-sha256": "Sanitized",
        "x-ms-date": "Wed, 09 Nov 2022 08:21:43 GMT",
        "x-ms-return-client-request-id": "true"
      },
      "RequestBody": {
        "name": "tst_list_ep_1",
        "exceptionRules": {
          "fakeExceptionRuleId": {
            "trigger": {
              "kind": "wait-time",
              "thresholdSeconds": 3600.0
            },
            "actions": {
              "fakeExceptionActionId": {
                "kind": "reclassify",
                "classificationPolicyId": "test_list_exception_policies_tst_cp"
              }
            }
          }
        }
      },
      "StatusCode": 200,
      "ResponseHeaders": {
        "api-supported-versions": "2021-04-07-preview1, 2022-07-18-preview",
        "Connection": "keep-alive",
        "Content-Type": "application/json; charset=utf-8",
        "Date": "Wed, 09 Nov 2022 08:21:42 GMT",
        "ETag": "Sanitized",
        "Last-Modified": "Wed, 09 Nov 2022 08:21:42 GMT",
        "Request-Context": "appId=",
        "trace-id": "9b76a465e271fdaf840a0030329be91d",
        "Transfer-Encoding": "chunked",
        "x-azure-ref": "20221109T082142Z-rwhup4fafx79d2nv68y4rbyapc00000004ug00000001h9ya",
        "X-Cache": "CONFIG_NOCACHE"
      },
      "ResponseBody": {
        "id": "tst_list_ep_1",
        "name": "tst_list_ep_1",
        "exceptionRules": {
          "fakeExceptionRuleId": {
            "trigger": {
              "kind": "wait-time",
              "thresholdSeconds": 3600
            },
            "actions": {
              "fakeExceptionActionId": {
                "kind": "reclassify",
                "classificationPolicyId": "test_list_exception_policies_tst_cp",
                "labelsToUpsert": {}
              }
            }
          }
        }
      }
    },
    {
      "RequestUri": "https://sanitized.communication.azure.net/routing/exceptionPolicies/tst_list_ep_2?api-version=2022-07-18-preview",
      "RequestMethod": "PATCH",
      "RequestHeaders": {
        "Accept": "application/json",
        "Accept-Encoding": "gzip, deflate",
        "Authorization": "Sanitized",
        "Connection": "keep-alive",
        "Content-Length": "259",
        "Content-Type": "application/merge-patch\u002Bjson",
        "User-Agent": "azsdk-python-communication-jobrouter/1.0.0b1 Python/3.9.7 (Windows-10-10.0.22621-SP0)",
        "x-ms-client-request-id": "8b28da3b-6007-11ed-8a58-046c590f95d2",
        "x-ms-content-sha256": "Sanitized",
        "x-ms-date": "Wed, 09 Nov 2022 08:21:43 GMT",
        "x-ms-return-client-request-id": "true"
      },
      "RequestBody": {
        "name": "tst_list_ep_2",
        "exceptionRules": {
          "fakeExceptionRuleId": {
            "trigger": {
              "kind": "wait-time",
              "thresholdSeconds": 3600.0
            },
            "actions": {
              "fakeExceptionActionId": {
                "kind": "reclassify",
                "classificationPolicyId": "test_list_exception_policies_tst_cp"
              }
            }
          }
        }
      },
      "StatusCode": 200,
      "ResponseHeaders": {
        "api-supported-versions": "2021-04-07-preview1, 2022-07-18-preview",
        "Connection": "keep-alive",
        "Content-Type": "application/json; charset=utf-8",
        "Date": "Wed, 09 Nov 2022 08:21:42 GMT",
        "ETag": "Sanitized",
        "Last-Modified": "Wed, 09 Nov 2022 08:21:42 GMT",
        "Request-Context": "appId=",
        "trace-id": "7290768dd6eac8d1fe55bbb94af96439",
        "Transfer-Encoding": "chunked",
        "x-azure-ref": "20221109T082142Z-rwhup4fafx79d2nv68y4rbyapc00000004ug00000001h9z5",
        "X-Cache": "CONFIG_NOCACHE"
      },
      "ResponseBody": {
        "id": "tst_list_ep_2",
        "name": "tst_list_ep_2",
        "exceptionRules": {
          "fakeExceptionRuleId": {
            "trigger": {
              "kind": "wait-time",
              "thresholdSeconds": 3600
            },
            "actions": {
              "fakeExceptionActionId": {
                "kind": "reclassify",
                "classificationPolicyId": "test_list_exception_policies_tst_cp",
                "labelsToUpsert": {}
              }
            }
          }
        }
      }
    },
    {
      "RequestUri": "https://sanitized.communication.azure.net/routing/exceptionPolicies/tst_list_ep_3?api-version=2022-07-18-preview",
      "RequestMethod": "PATCH",
      "RequestHeaders": {
        "Accept": "application/json",
        "Accept-Encoding": "gzip, deflate",
        "Authorization": "Sanitized",
        "Connection": "keep-alive",
        "Content-Length": "259",
        "Content-Type": "application/merge-patch\u002Bjson",
        "User-Agent": "azsdk-python-communication-jobrouter/1.0.0b1 Python/3.9.7 (Windows-10-10.0.22621-SP0)",
        "x-ms-client-request-id": "8b41658d-6007-11ed-8a10-046c590f95d2",
        "x-ms-content-sha256": "Sanitized",
        "x-ms-date": "Wed, 09 Nov 2022 08:21:43 GMT",
        "x-ms-return-client-request-id": "true"
      },
      "RequestBody": {
        "name": "tst_list_ep_3",
        "exceptionRules": {
          "fakeExceptionRuleId": {
            "trigger": {
              "kind": "wait-time",
              "thresholdSeconds": 3600.0
            },
            "actions": {
              "fakeExceptionActionId": {
                "kind": "reclassify",
                "classificationPolicyId": "test_list_exception_policies_tst_cp"
              }
            }
          }
        }
      },
      "StatusCode": 200,
      "ResponseHeaders": {
        "api-supported-versions": "2021-04-07-preview1, 2022-07-18-preview",
        "Connection": "keep-alive",
        "Content-Type": "application/json; charset=utf-8",
        "Date": "Wed, 09 Nov 2022 08:21:42 GMT",
        "ETag": "Sanitized",
        "Last-Modified": "Wed, 09 Nov 2022 08:21:42 GMT",
        "Request-Context": "appId=",
        "trace-id": "12aaeba4189a80048addec031d526ea7",
        "Transfer-Encoding": "chunked",
        "x-azure-ref": "20221109T082142Z-rwhup4fafx79d2nv68y4rbyapc00000004ug00000001ha04",
        "X-Cache": "CONFIG_NOCACHE"
      },
      "ResponseBody": {
        "id": "tst_list_ep_3",
        "name": "tst_list_ep_3",
        "exceptionRules": {
          "fakeExceptionRuleId": {
            "trigger": {
              "kind": "wait-time",
              "thresholdSeconds": 3600
            },
            "actions": {
              "fakeExceptionActionId": {
                "kind": "reclassify",
                "classificationPolicyId": "test_list_exception_policies_tst_cp",
                "labelsToUpsert": {}
              }
            }
          }
        }
      }
    },
    {
      "RequestUri": "https://sanitized.communication.azure.net/routing/exceptionPolicies?maxpagesize=2\u0026api-version=2022-07-18-preview",
      "RequestMethod": "GET",
      "RequestHeaders": {
        "Accept": "application/json",
        "Accept-Encoding": "gzip, deflate",
        "Authorization": "Sanitized",
        "Connection": "keep-alive",
        "User-Agent": "azsdk-python-communication-jobrouter/1.0.0b1 Python/3.9.7 (Windows-10-10.0.22621-SP0)",
        "x-ms-client-request-id": "8b58e3a0-6007-11ed-bb8c-046c590f95d2",
        "x-ms-content-sha256": "Sanitized",
        "x-ms-date": "Wed, 09 Nov 2022 08:21:43 GMT",
        "x-ms-return-client-request-id": "true"
      },
      "RequestBody": null,
      "StatusCode": 200,
      "ResponseHeaders": {
        "api-supported-versions": "2021-04-07-preview1, 2022-07-18-preview",
        "Connection": "keep-alive",
        "Content-Type": "application/json; charset=utf-8",
        "Date": "Wed, 09 Nov 2022 08:21:42 GMT",
        "Request-Context": "appId=",
        "trace-id": "748bc1cfebdd0f060213a4e69463c77c",
        "Transfer-Encoding": "chunked",
        "x-azure-ref": "20221109T082142Z-rwhup4fafx79d2nv68y4rbyapc00000004ug00000001ha16",
        "X-Cache": "CONFIG_NOCACHE"
      },
      "ResponseBody": {
        "value": [
          {
            "exceptionPolicy": {
              "id": "tst_list_ep_3",
              "name": "tst_list_ep_3",
              "exceptionRules": {
                "fakeExceptionRuleId": {
                  "trigger": {
                    "kind": "wait-time",
                    "thresholdSeconds": 3600
                  },
                  "actions": {
                    "fakeExceptionActionId": {
                      "kind": "reclassify",
                      "classificationPolicyId": "test_list_exception_policies_tst_cp",
                      "labelsToUpsert": {}
                    }
                  }
                }
              }
            },
            "etag": "Sanitized"
          },
          {
            "exceptionPolicy": {
              "id": "tst_list_ep_2",
              "name": "tst_list_ep_2",
              "exceptionRules": {
                "fakeExceptionRuleId": {
                  "trigger": {
                    "kind": "wait-time",
                    "thresholdSeconds": 3600
                  },
                  "actions": {
                    "fakeExceptionActionId": {
                      "kind": "reclassify",
                      "classificationPolicyId": "test_list_exception_policies_tst_cp",
                      "labelsToUpsert": {}
                    }
                  }
                }
              }
            },
            "etag": "Sanitized"
          }
        ],
        "nextLink": "/routing/exceptionPolicies?continuationToken=bWF4cGFnZXNpemU9MiZjb250aW51YXRpb25Ub2tlbj1XM3NpZEc5clpXNGlPaUlyVWtsRU9uNWxiekF4UVU5WFFXc3dXbWhCUVVGQlFVRkJRVUZCUFQwalVsUTZNU05VVWtNNk1pTlNWRVE2UVVFOVBTTkpVMVk2TWlOSlJVODZOalUxTmpjalVVTkdPamdqUmxCRE9rRm5SVUZCUVVGTFFVSlRRVUZqUkRoRWVrVkJRbmRCUFNJc0luSmhibWRsSWpwN0ltMXBiaUk2SWlJc0ltMWhlQ0k2SWtaR0luMTlYUT09"
      }
    },
    {
      "RequestUri": "https://sanitized.communication.azure.net/routing/exceptionPolicies?continuationToken=bWF4cGFnZXNpemU9MiZjb250aW51YXRpb25Ub2tlbj1XM3NpZEc5clpXNGlPaUlyVWtsRU9uNWxiekF4UVU5WFFXc3dXbWhCUVVGQlFVRkJRVUZCUFQwalVsUTZNU05VVWtNNk1pTlNWRVE2UVVFOVBTTkpVMVk2TWlOSlJVODZOalUxTmpjalVVTkdPamdqUmxCRE9rRm5SVUZCUVVGTFFVSlRRVUZqUkRoRWVrVkJRbmRCUFNJc0luSmhibWRsSWpwN0ltMXBiaUk2SWlJc0ltMWhlQ0k2SWtaR0luMTlYUT09\u0026api-version=2022-07-18-preview",
      "RequestMethod": "GET",
      "RequestHeaders": {
        "Accept": "*/*",
        "Accept-Encoding": "gzip, deflate",
        "Authorization": "Sanitized",
        "Connection": "keep-alive",
        "User-Agent": "azsdk-python-communication-jobrouter/1.0.0b1 Python/3.9.7 (Windows-10-10.0.22621-SP0)",
        "x-ms-client-request-id": "8b68cc9b-6007-11ed-82dc-046c590f95d2",
        "x-ms-content-sha256": "Sanitized",
        "x-ms-date": "Wed, 09 Nov 2022 08:21:43 GMT",
        "x-ms-return-client-request-id": "true"
      },
      "RequestBody": null,
      "StatusCode": 200,
      "ResponseHeaders": {
        "api-supported-versions": "2021-04-07-preview1, 2022-07-18-preview",
        "Connection": "keep-alive",
        "Content-Type": "application/json; charset=utf-8",
        "Date": "Wed, 09 Nov 2022 08:21:43 GMT",
        "Request-Context": "appId=",
        "trace-id": "3e5f7bf9712abe1991b9361019afff6b",
        "Transfer-Encoding": "chunked",
        "x-azure-ref": "20221109T082142Z-rwhup4fafx79d2nv68y4rbyapc00000004ug00000001ha1q",
        "X-Cache": "CONFIG_NOCACHE"
      },
      "ResponseBody": {
        "value": [
          {
            "exceptionPolicy": {
              "id": "tst_list_ep_1",
              "name": "tst_list_ep_1",
              "exceptionRules": {
                "fakeExceptionRuleId": {
                  "trigger": {
                    "kind": "wait-time",
                    "thresholdSeconds": 3600
                  },
                  "actions": {
                    "fakeExceptionActionId": {
                      "kind": "reclassify",
                      "classificationPolicyId": "test_list_exception_policies_tst_cp",
                      "labelsToUpsert": {}
                    }
                  }
                }
              }
            },
            "etag": "Sanitized"
          },
          {
            "exceptionPolicy": {
              "id": "sdk-n5ldMdJBNUiJxEifSG-Crw-CreateExceptionPolicyTe",
              "exceptionRules": {
                "sdk-n5ldMdJBNUiJxEifSG-Crw--ExceptionRule": {
                  "trigger": {
                    "kind": "queue-length",
                    "threshold": 1
                  },
                  "actions": {
                    "sdk-n5ldMdJBNUiJxEifSG-Crw--CancellationExceptionA": {
                      "kind": "cancel",
                      "dispositionCode": "CancelledDueToMaxQueueLengthReached"
                    }
                  }
                }
              }
            },
            "etag": "Sanitized"
          }
        ],
        "nextLink": "/routing/exceptionPolicies?continuationToken=bWF4cGFnZXNpemU9MiZjb250aW51YXRpb25Ub2tlbj1XM3NpZEc5clpXNGlPaUlyVWtsRU9uNWxiekF4UVU5WFFXc3dXWEpCUVVGQlFVRkJRVUZCUFQwalVsUTZNaU5VVWtNNk5DTlNWRVE2UVVFOVBTTkpVMVk2TWlOSlJVODZOalUxTmpjalVVTkdPamdqUmxCRE9rRm5SVUZCUVVGTFFVSlRRVUZqUkRoRWVrVkJRbmRCUFNJc0luSmhibWRsSWpwN0ltMXBiaUk2SWlJc0ltMWhlQ0k2SWtaR0luMTlYUT09"
      }
    },
    {
      "RequestUri": "https://sanitized.communication.azure.net/routing/exceptionPolicies?continuationToken=bWF4cGFnZXNpemU9MiZjb250aW51YXRpb25Ub2tlbj1XM3NpZEc5clpXNGlPaUlyVWtsRU9uNWxiekF4UVU5WFFXc3dXWEpCUVVGQlFVRkJRVUZCUFQwalVsUTZNaU5VVWtNNk5DTlNWRVE2UVVFOVBTTkpVMVk2TWlOSlJVODZOalUxTmpjalVVTkdPamdqUmxCRE9rRm5SVUZCUVVGTFFVSlRRVUZqUkRoRWVrVkJRbmRCUFNJc0luSmhibWRsSWpwN0ltMXBiaUk2SWlJc0ltMWhlQ0k2SWtaR0luMTlYUT09\u0026api-version=2022-07-18-preview",
      "RequestMethod": "GET",
      "RequestHeaders": {
        "Accept": "*/*",
        "Accept-Encoding": "gzip, deflate",
        "Authorization": "Sanitized",
        "Connection": "keep-alive",
        "User-Agent": "azsdk-python-communication-jobrouter/1.0.0b1 Python/3.9.7 (Windows-10-10.0.22621-SP0)",
        "x-ms-client-request-id": "8b79cbd8-6007-11ed-9ee8-046c590f95d2",
        "x-ms-content-sha256": "Sanitized",
        "x-ms-date": "Wed, 09 Nov 2022 08:21:43 GMT",
        "x-ms-return-client-request-id": "true"
      },
      "RequestBody": null,
      "StatusCode": 200,
      "ResponseHeaders": {
        "api-supported-versions": "2021-04-07-preview1, 2022-07-18-preview",
        "Connection": "keep-alive",
        "Content-Type": "application/json; charset=utf-8",
        "Date": "Wed, 09 Nov 2022 08:21:43 GMT",
        "Request-Context": "appId=",
        "trace-id": "aa42971863f3a02a7f0ee279f066e0d6",
        "Transfer-Encoding": "chunked",
        "x-azure-ref": "20221109T082143Z-rwhup4fafx79d2nv68y4rbyapc00000004ug00000001ha2h",
        "X-Cache": "CONFIG_NOCACHE"
      },
      "ResponseBody": {
        "value": [
          {
            "exceptionPolicy": {
              "id": "sdk-p6lKmgLVWUmlPyYQWVKiqg-CreateExceptionPolicyTe",
              "exceptionRules": {
                "sdk-p6lKmgLVWUmlPyYQWVKiqg--ExceptionRule": {
                  "trigger": {
                    "kind": "queue-length",
                    "threshold": 1
                  },
                  "actions": {
                    "sdk-p6lKmgLVWUmlPyYQWVKiqg--CancellationExceptionA": {
                      "kind": "cancel",
                      "dispositionCode": "CancelledDueToMaxQueueLengthReached"
                    }
                  }
                }
              }
            },
            "etag": "Sanitized"
          },
          {
            "exceptionPolicy": {
              "id": "sdk-txMv0AGg-0SHcLKaDrpEZA-CreateExceptionPolicyTe",
              "exceptionRules": {
                "sdk-txMv0AGg-0SHcLKaDrpEZA--ExceptionRule": {
                  "trigger": {
                    "kind": "queue-length",
                    "threshold": 1
                  },
                  "actions": {
                    "sdk-txMv0AGg-0SHcLKaDrpEZA--CancellationExceptionA": {
                      "kind": "cancel",
                      "dispositionCode": "CancelledDueToMaxQueueLengthReached"
                    }
                  }
                }
              }
            },
            "etag": "Sanitized"
          }
        ],
        "nextLink": "/routing/exceptionPolicies?continuationToken=bWF4cGFnZXNpemU9MiZjb250aW51YXRpb25Ub2tlbj1XM3NpZEc5clpXNGlPaUlyVWtsRU9uNWxiekF4UVU5WFFXc3dXWEJCUVVGQlFVRkJRVUZCUFQwalVsUTZNeU5VVWtNNk5pTlNWRVE2UVVFOVBTTkpVMVk2TWlOSlJVODZOalUxTmpjalVVTkdPamdqUmxCRE9rRm5SVUZCUVVGTFFVSlRRVUZqUkRoRWVrVkJRbmRCUFNJc0luSmhibWRsSWpwN0ltMXBiaUk2SWlJc0ltMWhlQ0k2SWtaR0luMTlYUT09"
      }
    },
    {
      "RequestUri": "https://sanitized.communication.azure.net/routing/exceptionPolicies?continuationToken=bWF4cGFnZXNpemU9MiZjb250aW51YXRpb25Ub2tlbj1XM3NpZEc5clpXNGlPaUlyVWtsRU9uNWxiekF4UVU5WFFXc3dXWEJCUVVGQlFVRkJRVUZCUFQwalVsUTZNeU5VVWtNNk5pTlNWRVE2UVVFOVBTTkpVMVk2TWlOSlJVODZOalUxTmpjalVVTkdPamdqUmxCRE9rRm5SVUZCUVVGTFFVSlRRVUZqUkRoRWVrVkJRbmRCUFNJc0luSmhibWRsSWpwN0ltMXBiaUk2SWlJc0ltMWhlQ0k2SWtaR0luMTlYUT09\u0026api-version=2022-07-18-preview",
      "RequestMethod": "GET",
      "RequestHeaders": {
        "Accept": "*/*",
        "Accept-Encoding": "gzip, deflate",
        "Authorization": "Sanitized",
        "Connection": "keep-alive",
        "User-Agent": "azsdk-python-communication-jobrouter/1.0.0b1 Python/3.9.7 (Windows-10-10.0.22621-SP0)",
        "x-ms-client-request-id": "8b8e53cd-6007-11ed-b372-046c590f95d2",
        "x-ms-content-sha256": "Sanitized",
        "x-ms-date": "Wed, 09 Nov 2022 08:21:44 GMT",
        "x-ms-return-client-request-id": "true"
      },
      "RequestBody": null,
      "StatusCode": 200,
      "ResponseHeaders": {
        "api-supported-versions": "2021-04-07-preview1, 2022-07-18-preview",
        "Connection": "keep-alive",
        "Content-Type": "application/json; charset=utf-8",
        "Date": "Wed, 09 Nov 2022 08:21:43 GMT",
        "Request-Context": "appId=",
        "trace-id": "07c852516f409035512c7a7bb1dbb543",
        "Transfer-Encoding": "chunked",
        "x-azure-ref": "20221109T082143Z-rwhup4fafx79d2nv68y4rbyapc00000004ug00000001ha3u",
        "X-Cache": "CONFIG_NOCACHE"
      },
      "ResponseBody": {
        "value": [
          {
            "exceptionPolicy": {
              "id": "sdk-h-YxZ-MXFUmKXBc8KSsPMQ-CreateExceptionPolicyTe",
              "exceptionRules": {
                "sdk-h-YxZ-MXFUmKXBc8KSsPMQ--ExceptionRule": {
                  "trigger": {
                    "kind": "queue-length",
                    "threshold": 1
                  },
                  "actions": {
                    "sdk-h-YxZ-MXFUmKXBc8KSsPMQ--CancellationExceptionA": {
                      "kind": "cancel",
                      "dispositionCode": "CancelledDueToMaxQueueLengthReached"
                    }
                  }
                }
              }
            },
            "etag": "Sanitized"
          },
          {
            "exceptionPolicy": {
              "id": "sdk-R0Sy2I4-5E2A1PAKwVRQfQ-CreateExceptionPolicyTe",
              "exceptionRules": {
                "sdk-R0Sy2I4-5E2A1PAKwVRQfQ--ExceptionRule": {
                  "trigger": {
                    "kind": "queue-length",
                    "threshold": 1
                  },
                  "actions": {
                    "sdk-R0Sy2I4-5E2A1PAKwVRQfQ--CancellationExceptionA": {
                      "kind": "cancel",
                      "dispositionCode": "CancelledDueToMaxQueueLengthReached"
                    }
                  }
                }
              }
            },
            "etag": "Sanitized"
          }
        ],
        "nextLink": "/routing/exceptionPolicies?continuationToken=bWF4cGFnZXNpemU9MiZjb250aW51YXRpb25Ub2tlbj1XM3NpZEc5clpXNGlPaUlyVWtsRU9uNWxiekF4UVU5WFFXc3dXVzVCUVVGQlFVRkJRVUZCUFQwalVsUTZOQ05VVWtNNk9DTlNWRVE2UVVFOVBTTkpVMVk2TWlOSlJVODZOalUxTmpjalVVTkdPamdqUmxCRE9rRm5SVUZCUVVGTFFVSlRRVUZqUkRoRWVrVkJRbmRCUFNJc0luSmhibWRsSWpwN0ltMXBiaUk2SWlJc0ltMWhlQ0k2SWtaR0luMTlYUT09"
      }
    },
    {
      "RequestUri": "https://sanitized.communication.azure.net/routing/exceptionPolicies?continuationToken=bWF4cGFnZXNpemU9MiZjb250aW51YXRpb25Ub2tlbj1XM3NpZEc5clpXNGlPaUlyVWtsRU9uNWxiekF4UVU5WFFXc3dXVzVCUVVGQlFVRkJRVUZCUFQwalVsUTZOQ05VVWtNNk9DTlNWRVE2UVVFOVBTTkpVMVk2TWlOSlJVODZOalUxTmpjalVVTkdPamdqUmxCRE9rRm5SVUZCUVVGTFFVSlRRVUZqUkRoRWVrVkJRbmRCUFNJc0luSmhibWRsSWpwN0ltMXBiaUk2SWlJc0ltMWhlQ0k2SWtaR0luMTlYUT09\u0026api-version=2022-07-18-preview",
      "RequestMethod": "GET",
      "RequestHeaders": {
        "Accept": "*/*",
        "Accept-Encoding": "gzip, deflate",
        "Authorization": "Sanitized",
        "Connection": "keep-alive",
        "User-Agent": "azsdk-python-communication-jobrouter/1.0.0b1 Python/3.9.7 (Windows-10-10.0.22621-SP0)",
        "x-ms-client-request-id": "8ba13cea-6007-11ed-9a98-046c590f95d2",
        "x-ms-content-sha256": "Sanitized",
        "x-ms-date": "Wed, 09 Nov 2022 08:21:44 GMT",
        "x-ms-return-client-request-id": "true"
      },
      "RequestBody": null,
      "StatusCode": 200,
      "ResponseHeaders": {
        "api-supported-versions": "2021-04-07-preview1, 2022-07-18-preview",
        "Connection": "keep-alive",
        "Content-Type": "application/json; charset=utf-8",
        "Date": "Wed, 09 Nov 2022 08:21:43 GMT",
        "Request-Context": "appId=",
        "trace-id": "fcca1a0464b4a39d5b4b596bf4d0bc00",
        "Transfer-Encoding": "chunked",
        "x-azure-ref": "20221109T082143Z-rwhup4fafx79d2nv68y4rbyapc00000004ug00000001ha4m",
        "X-Cache": "CONFIG_NOCACHE"
      },
      "ResponseBody": {
        "value": [
          {
            "exceptionPolicy": {
              "id": "sdk-7wcjqjmmbEi4jFYcEBPIbg-CreateExceptionPolicyTe",
              "exceptionRules": {
                "sdk-7wcjqjmmbEi4jFYcEBPIbg--ExceptionRule": {
                  "trigger": {
                    "kind": "queue-length",
                    "threshold": 1
                  },
                  "actions": {
                    "sdk-7wcjqjmmbEi4jFYcEBPIbg--CancellationExceptionA": {
                      "kind": "cancel",
                      "dispositionCode": "CancelledDueToMaxQueueLengthReached"
                    }
                  }
                }
              }
            },
            "etag": "Sanitized"
          },
          {
            "exceptionPolicy": {
              "id": "sdk-mnR0w6NIvEWS58uH0NBkgg-CreateExceptionPolicyTe",
              "exceptionRules": {
                "sdk-mnR0w6NIvEWS58uH0NBkgg--ExceptionRule": {
                  "trigger": {
                    "kind": "queue-length",
                    "threshold": 1
                  },
                  "actions": {
                    "sdk-mnR0w6NIvEWS58uH0NBkgg--CancellationExceptionA": {
                      "kind": "cancel",
                      "dispositionCode": "CancelledDueToMaxQueueLengthReached"
                    }
                  }
                }
              }
            },
            "etag": "Sanitized"
          }
        ],
        "nextLink": "/routing/exceptionPolicies?continuationToken=bWF4cGFnZXNpemU9MiZjb250aW51YXRpb25Ub2tlbj1XM3NpZEc5clpXNGlPaUlyVWtsRU9uNWxiekF4UVU5WFFXc3dXV3hCUVVGQlFVRkJRVUZCUFQwalVsUTZOU05VVWtNNk1UQWpVbFJFT2tGQlBUMGpTVk5XT2pJalNVVlBPalkxTlRZM0kxRkRSam80STBaUVF6cEJaMFZCUVVGQlMwRkNVMEZCWTBRNFJIcEZRVUozUVQwaUxDSnlZVzVuWlNJNmV5SnRhVzRpT2lJaUxDSnRZWGdpT2lKR1JpSjlmVjA9"
      }
    },
    {
      "RequestUri": "https://sanitized.communication.azure.net/routing/exceptionPolicies?continuationToken=bWF4cGFnZXNpemU9MiZjb250aW51YXRpb25Ub2tlbj1XM3NpZEc5clpXNGlPaUlyVWtsRU9uNWxiekF4UVU5WFFXc3dXV3hCUVVGQlFVRkJRVUZCUFQwalVsUTZOU05VVWtNNk1UQWpVbFJFT2tGQlBUMGpTVk5XT2pJalNVVlBPalkxTlRZM0kxRkRSam80STBaUVF6cEJaMFZCUVVGQlMwRkNVMEZCWTBRNFJIcEZRVUozUVQwaUxDSnlZVzVuWlNJNmV5SnRhVzRpT2lJaUxDSnRZWGdpT2lKR1JpSjlmVjA9\u0026api-version=2022-07-18-preview",
      "RequestMethod": "GET",
      "RequestHeaders": {
        "Accept": "*/*",
        "Accept-Encoding": "gzip, deflate",
        "Authorization": "Sanitized",
        "Connection": "keep-alive",
        "User-Agent": "azsdk-python-communication-jobrouter/1.0.0b1 Python/3.9.7 (Windows-10-10.0.22621-SP0)",
        "x-ms-client-request-id": "8bb0ba03-6007-11ed-acc0-046c590f95d2",
        "x-ms-content-sha256": "Sanitized",
        "x-ms-date": "Wed, 09 Nov 2022 08:21:44 GMT",
        "x-ms-return-client-request-id": "true"
      },
      "RequestBody": null,
      "StatusCode": 200,
      "ResponseHeaders": {
        "api-supported-versions": "2021-04-07-preview1, 2022-07-18-preview",
        "Connection": "keep-alive",
        "Content-Type": "application/json; charset=utf-8",
        "Date": "Wed, 09 Nov 2022 08:21:43 GMT",
        "Request-Context": "appId=",
        "trace-id": "3d55cfba88b9e0d5eefa9eb7c6e5dbaf",
        "Transfer-Encoding": "chunked",
        "x-azure-ref": "20221109T082143Z-rwhup4fafx79d2nv68y4rbyapc00000004ug00000001ha65",
        "X-Cache": "CONFIG_NOCACHE"
      },
      "ResponseBody": {
        "value": [
          {
            "exceptionPolicy": {
              "id": "sdk-mSKri11m3EW494Oo-HCKjg-CreateExceptionPolicyTe",
              "exceptionRules": {
                "sdk-mSKri11m3EW494Oo-HCKjg--ExceptionRule": {
                  "trigger": {
                    "kind": "queue-length",
                    "threshold": 1
                  },
                  "actions": {
                    "sdk-mSKri11m3EW494Oo-HCKjg--CancellationExceptionA": {
                      "kind": "cancel",
                      "dispositionCode": "CancelledDueToMaxQueueLengthReached"
                    }
                  }
                }
              }
            },
            "etag": "Sanitized"
          },
          {
            "exceptionPolicy": {
              "id": "sdk-PkMD-f5qzkqfGi8I3Bto9A-CreateExceptionPolicyTe",
              "exceptionRules": {
                "sdk-PkMD-f5qzkqfGi8I3Bto9A--ExceptionRule": {
                  "trigger": {
                    "kind": "queue-length",
                    "threshold": 1
                  },
                  "actions": {
                    "sdk-PkMD-f5qzkqfGi8I3Bto9A--CancellationExceptionA": {
                      "kind": "cancel",
                      "dispositionCode": "CancelledDueToMaxQueueLengthReached"
                    }
                  }
                }
              }
            },
            "etag": "Sanitized"
          }
        ],
        "nextLink": "/routing/exceptionPolicies?continuationToken=bWF4cGFnZXNpemU9MiZjb250aW51YXRpb25Ub2tlbj1XM3NpZEc5clpXNGlPaUlyVWtsRU9uNWxiekF4UVU5WFFXc3dXV3BCUVVGQlFVRkJRVUZCUFQwalVsUTZOaU5VVWtNNk1USWpVbFJFT2tGQlBUMGpTVk5XT2pJalNVVlBPalkxTlRZM0kxRkRSam80STBaUVF6cEJaMFZCUVVGQlMwRkNVMEZCWTBRNFJIcEZRVUozUVQwaUxDSnlZVzVuWlNJNmV5SnRhVzRpT2lJaUxDSnRZWGdpT2lKR1JpSjlmVjA9"
      }
    },
    {
      "RequestUri": "https://sanitized.communication.azure.net/routing/exceptionPolicies?continuationToken=bWF4cGFnZXNpemU9MiZjb250aW51YXRpb25Ub2tlbj1XM3NpZEc5clpXNGlPaUlyVWtsRU9uNWxiekF4UVU5WFFXc3dXV3BCUVVGQlFVRkJRVUZCUFQwalVsUTZOaU5VVWtNNk1USWpVbFJFT2tGQlBUMGpTVk5XT2pJalNVVlBPalkxTlRZM0kxRkRSam80STBaUVF6cEJaMFZCUVVGQlMwRkNVMEZCWTBRNFJIcEZRVUozUVQwaUxDSnlZVzVuWlNJNmV5SnRhVzRpT2lJaUxDSnRZWGdpT2lKR1JpSjlmVjA9\u0026api-version=2022-07-18-preview",
      "RequestMethod": "GET",
      "RequestHeaders": {
        "Accept": "*/*",
        "Accept-Encoding": "gzip, deflate",
        "Authorization": "Sanitized",
        "Connection": "keep-alive",
        "User-Agent": "azsdk-python-communication-jobrouter/1.0.0b1 Python/3.9.7 (Windows-10-10.0.22621-SP0)",
        "x-ms-client-request-id": "8bbff24d-6007-11ed-bb01-046c590f95d2",
        "x-ms-content-sha256": "Sanitized",
        "x-ms-date": "Wed, 09 Nov 2022 08:21:44 GMT",
        "x-ms-return-client-request-id": "true"
      },
      "RequestBody": null,
      "StatusCode": 200,
      "ResponseHeaders": {
        "api-supported-versions": "2021-04-07-preview1, 2022-07-18-preview",
        "Connection": "keep-alive",
        "Content-Type": "application/json; charset=utf-8",
        "Date": "Wed, 09 Nov 2022 08:21:43 GMT",
        "Request-Context": "appId=",
        "trace-id": "8c637d104df77923fb2e69b5442a3485",
        "Transfer-Encoding": "chunked",
        "x-azure-ref": "20221109T082143Z-rwhup4fafx79d2nv68y4rbyapc00000004ug00000001ha6y",
        "X-Cache": "CONFIG_NOCACHE"
      },
      "ResponseBody": {
        "value": [
          {
            "exceptionPolicy": {
              "id": "sdk-U6dKQW0hdEOlbqR9wWgk4g-CreateExceptionPolicyTe",
              "exceptionRules": {
                "sdk-U6dKQW0hdEOlbqR9wWgk4g--ExceptionRule": {
                  "trigger": {
                    "kind": "queue-length",
                    "threshold": 1
                  },
                  "actions": {
                    "sdk-U6dKQW0hdEOlbqR9wWgk4g--CancellationExceptionA": {
                      "kind": "cancel",
                      "dispositionCode": "CancelledDueToMaxQueueLengthReached"
                    }
                  }
                }
              }
            },
            "etag": "Sanitized"
          },
          {
            "exceptionPolicy": {
              "id": "sdk-ShrastfV40GTUGovgWCXNg-CreateExceptionPolicyTe",
              "exceptionRules": {
                "sdk-ShrastfV40GTUGovgWCXNg--ExceptionRule": {
                  "trigger": {
                    "kind": "queue-length",
                    "threshold": 1
                  },
                  "actions": {
                    "sdk-ShrastfV40GTUGovgWCXNg--CancellationExceptionA": {
                      "kind": "cancel",
                      "dispositionCode": "CancelledDueToMaxQueueLengthReached"
                    }
                  }
                }
              }
            },
            "etag": "Sanitized"
          }
        ]
      }
    },
    {
      "RequestUri": "https://sanitized.communication.azure.net/routing/classificationPolicies/test_list_exception_policies_tst_cp?api-version=2022-07-18-preview",
      "RequestMethod": "DELETE",
      "RequestHeaders": {
        "Accept": "application/json",
        "Accept-Encoding": "gzip, deflate",
        "Authorization": "Sanitized",
        "Connection": "keep-alive",
        "Content-Length": "0",
        "User-Agent": "azsdk-python-communication-jobrouter/1.0.0b1 Python/3.9.7 (Windows-10-10.0.22621-SP0)",
        "x-ms-client-request-id": "8bcf657e-6007-11ed-9b24-046c590f95d2",
        "x-ms-content-sha256": "Sanitized",
        "x-ms-date": "Wed, 09 Nov 2022 08:21:44 GMT",
        "x-ms-return-client-request-id": "true"
      },
      "RequestBody": null,
      "StatusCode": 204,
      "ResponseHeaders": {
        "api-supported-versions": "2021-04-07-preview1, 2022-07-18-preview",
        "Connection": "keep-alive",
        "Date": "Wed, 09 Nov 2022 08:21:44 GMT",
        "Request-Context": "appId=",
        "trace-id": "2164dc727dc6848e6119ad77642ce1f7",
        "x-azure-ref": "20221109T082143Z-rwhup4fafx79d2nv68y4rbyapc00000004ug00000001ha7u",
        "X-Cache": "CONFIG_NOCACHE"
      },
      "ResponseBody": null
    },
    {
      "RequestUri": "https://sanitized.communication.azure.net/routing/queues/test_list_exception_policies_tst_q?api-version=2022-07-18-preview",
      "RequestMethod": "DELETE",
      "RequestHeaders": {
        "Accept": "application/json",
        "Accept-Encoding": "gzip, deflate",
        "Authorization": "Sanitized",
        "Connection": "keep-alive",
        "Content-Length": "0",
        "User-Agent": "azsdk-python-communication-jobrouter/1.0.0b1 Python/3.9.7 (Windows-10-10.0.22621-SP0)",
        "x-ms-client-request-id": "8c0fff8b-6007-11ed-be3b-046c590f95d2",
        "x-ms-content-sha256": "Sanitized",
        "x-ms-date": "Wed, 09 Nov 2022 08:21:44 GMT",
        "x-ms-return-client-request-id": "true"
      },
      "RequestBody": null,
      "StatusCode": 204,
      "ResponseHeaders": {
        "api-supported-versions": "2021-04-07-preview1, 2022-07-18-preview",
        "Connection": "keep-alive",
        "Date": "Wed, 09 Nov 2022 08:21:44 GMT",
        "Request-Context": "appId=",
        "trace-id": "483a982830cee298577a3ca4cea85c1e",
        "x-azure-ref": "20221109T082144Z-rwhup4fafx79d2nv68y4rbyapc00000004ug00000001hab2",
        "X-Cache": "CONFIG_NOCACHE"
      },
      "ResponseBody": null
    },
    {
      "RequestUri": "https://sanitized.communication.azure.net/routing/distributionPolicies/test_list_exception_policies_tst_dp?api-version=2022-07-18-preview",
      "RequestMethod": "DELETE",
      "RequestHeaders": {
        "Accept": "application/json",
        "Accept-Encoding": "gzip, deflate",
        "Authorization": "Sanitized",
        "Connection": "keep-alive",
        "Content-Length": "0",
        "User-Agent": "azsdk-python-communication-jobrouter/1.0.0b1 Python/3.9.7 (Windows-10-10.0.22621-SP0)",
        "x-ms-client-request-id": "8c48ff43-6007-11ed-a87c-046c590f95d2",
        "x-ms-content-sha256": "Sanitized",
        "x-ms-date": "Wed, 09 Nov 2022 08:21:45 GMT",
        "x-ms-return-client-request-id": "true"
      },
      "RequestBody": null,
      "StatusCode": 204,
      "ResponseHeaders": {
        "api-supported-versions": "2021-04-07-preview1, 2022-07-18-preview",
        "Connection": "keep-alive",
        "Date": "Wed, 09 Nov 2022 08:21:44 GMT",
        "Request-Context": "appId=",
        "trace-id": "5733f7ba679e5cd8441585e267a8ca37",
        "x-azure-ref": "20221109T082144Z-rwhup4fafx79d2nv68y4rbyapc00000004ug00000001haea",
        "X-Cache": "CONFIG_NOCACHE"
      },
      "ResponseBody": null
    },
    {
      "RequestUri": "https://sanitized.communication.azure.net/routing/exceptionPolicies/tst_list_ep_3?api-version=2022-07-18-preview",
      "RequestMethod": "DELETE",
      "RequestHeaders": {
        "Accept": "application/json",
        "Accept-Encoding": "gzip, deflate",
        "Authorization": "Sanitized",
        "Connection": "keep-alive",
        "Content-Length": "0",
        "User-Agent": "azsdk-python-communication-jobrouter/1.0.0b1 Python/3.9.7 (Windows-10-10.0.22621-SP0)",
        "x-ms-client-request-id": "8c61ef7b-6007-11ed-af93-046c590f95d2",
        "x-ms-content-sha256": "Sanitized",
        "x-ms-date": "Wed, 09 Nov 2022 08:21:45 GMT",
        "x-ms-return-client-request-id": "true"
      },
      "RequestBody": null,
      "StatusCode": 204,
      "ResponseHeaders": {
        "api-supported-versions": "2021-04-07-preview1, 2022-07-18-preview",
        "Connection": "keep-alive",
        "Date": "Wed, 09 Nov 2022 08:21:44 GMT",
        "Request-Context": "appId=",
        "trace-id": "91db0ea0b0ca5f5cfdc89485631ef2d6",
        "x-azure-ref": "20221109T082144Z-rwhup4fafx79d2nv68y4rbyapc00000004ug00000001hagk",
        "X-Cache": "CONFIG_NOCACHE"
      },
      "ResponseBody": null
    },
    {
      "RequestUri": "https://sanitized.communication.azure.net/routing/exceptionPolicies/tst_list_ep_1?api-version=2022-07-18-preview",
      "RequestMethod": "DELETE",
      "RequestHeaders": {
        "Accept": "application/json",
        "Accept-Encoding": "gzip, deflate",
        "Authorization": "Sanitized",
        "Connection": "keep-alive",
        "Content-Length": "0",
        "User-Agent": "azsdk-python-communication-jobrouter/1.0.0b1 Python/3.9.7 (Windows-10-10.0.22621-SP0)",
        "x-ms-client-request-id": "8c7d5128-6007-11ed-9b28-046c590f95d2",
        "x-ms-content-sha256": "Sanitized",
        "x-ms-date": "Wed, 09 Nov 2022 08:21:45 GMT",
        "x-ms-return-client-request-id": "true"
      },
      "RequestBody": null,
      "StatusCode": 204,
      "ResponseHeaders": {
        "api-supported-versions": "2021-04-07-preview1, 2022-07-18-preview",
        "Connection": "keep-alive",
        "Date": "Wed, 09 Nov 2022 08:21:44 GMT",
        "Request-Context": "appId=",
        "trace-id": "c1ffb4b52fb31796e909de251bc91777",
        "x-azure-ref": "20221109T082144Z-rwhup4fafx79d2nv68y4rbyapc00000004ug00000001hak8",
        "X-Cache": "CONFIG_NOCACHE"
      },
      "ResponseBody": null
    },
    {
      "RequestUri": "https://sanitized.communication.azure.net/routing/exceptionPolicies/tst_list_ep_2?api-version=2022-07-18-preview",
      "RequestMethod": "DELETE",
      "RequestHeaders": {
        "Accept": "application/json",
        "Accept-Encoding": "gzip, deflate",
        "Authorization": "Sanitized",
        "Connection": "keep-alive",
        "Content-Length": "0",
        "User-Agent": "azsdk-python-communication-jobrouter/1.0.0b1 Python/3.9.7 (Windows-10-10.0.22621-SP0)",
        "x-ms-client-request-id": "8c93956c-6007-11ed-bf3a-046c590f95d2",
        "x-ms-content-sha256": "Sanitized",
        "x-ms-date": "Wed, 09 Nov 2022 08:21:45 GMT",
        "x-ms-return-client-request-id": "true"
      },
      "RequestBody": null,
      "StatusCode": 204,
      "ResponseHeaders": {
        "api-supported-versions": "2021-04-07-preview1, 2022-07-18-preview",
        "Connection": "keep-alive",
        "Date": "Wed, 09 Nov 2022 08:21:45 GMT",
        "Request-Context": "appId=",
        "trace-id": "31bdf30705ec3d2d8a5fa98de5a5d592",
        "x-azure-ref": "20221109T082144Z-rwhup4fafx79d2nv68y4rbyapc00000004ug00000001hamf",
        "X-Cache": "CONFIG_NOCACHE"
      },
      "ResponseBody": null
    }
  ],
  "Variables": {}
}
