{
  "Entries": [
    {
      "RequestUri": "https://sanitized.communication.azure.net/routing/distributionPolicies/test_get_classification_policy_tst_dp?api-version=2022-07-18-preview",
      "RequestMethod": "PATCH",
      "RequestHeaders": {
        "Accept": "application/json",
        "Accept-Encoding": "gzip, deflate",
        "Authorization": "Sanitized",
        "Connection": "keep-alive",
        "Content-Length": "168",
        "Content-Type": "application/merge-patch\u002Bjson",
        "User-Agent": "azsdk-python-communication-jobrouter/1.0.0b1 Python/3.9.13 (Windows-10-10.0.22621-SP0)",
        "x-ms-client-request-id": "d4d1b846-20e7-11ee-a5fd-cc483a8c86b0",
        "x-ms-content-sha256": "Sanitized",
        "x-ms-date": "Wed, 12 Jul 2023 19:10:57 GMT",
        "x-ms-return-client-request-id": "true"
      },
      "RequestBody": {
        "name": "test_get_classification_policy_tst_dp",
        "offerExpiresAfterSeconds": 10.0,
        "mode": {
          "kind": "round-robin",
          "minConcurrentOffers": 1,
          "maxConcurrentOffers": 1
        }
      },
      "StatusCode": 201,
      "ResponseHeaders": {
        "api-supported-versions": "2021-04-07-preview1, 2022-07-18-preview",
        "Connection": "keep-alive",
        "Content-Type": "application/json; charset=utf-8",
        "Date": "Wed, 12 Jul 2023 19:10:58 GMT",
        "ETag": "Sanitized",
        "Last-Modified": "Wed, 12 Jul 2023 19:10:58 GMT",
        "trace-id": "be6421c5-251a-2ecf-53cc-fb8efd8c1751",
        "Transfer-Encoding": "chunked",
        "x-azure-ref": "20230712T191058Z-tgm775ybqt4317uxx10hczvxf800000000c0000000002pnf",
        "X-Cache": "CONFIG_NOCACHE"
      },
      "ResponseBody": {
        "id": "test_get_classification_policy_tst_dp",
        "name": "test_get_classification_policy_tst_dp",
        "offerExpiresAfterSeconds": 10,
        "mode": {
          "kind": "round-robin",
          "minConcurrentOffers": 1,
          "maxConcurrentOffers": 1,
          "bypassSelectors": false
        }
      }
    },
    {
      "RequestUri": "https://sanitized.communication.azure.net/routing/queues/test_get_classification_policy_tst_q?api-version=2022-07-18-preview",
      "RequestMethod": "PATCH",
      "RequestHeaders": {
        "Accept": "application/json",
        "Accept-Encoding": "gzip, deflate",
        "Authorization": "Sanitized",
        "Connection": "keep-alive",
        "Content-Length": "81",
        "Content-Type": "application/merge-patch\u002Bjson",
        "User-Agent": "azsdk-python-communication-jobrouter/1.0.0b1 Python/3.9.13 (Windows-10-10.0.22621-SP0)",
        "x-ms-client-request-id": "d4e89476-20e7-11ee-a72b-cc483a8c86b0",
        "x-ms-content-sha256": "Sanitized",
        "x-ms-date": "Wed, 12 Jul 2023 19:10:57 GMT",
        "x-ms-return-client-request-id": "true"
      },
      "RequestBody": {
        "name": "test",
        "distributionPolicyId": "test_get_classification_policy_tst_dp"
      },
      "StatusCode": 200,
      "ResponseHeaders": {
        "api-supported-versions": "2021-04-07-preview1, 2022-07-18-preview",
        "Connection": "keep-alive",
        "Content-Type": "application/json; charset=utf-8",
        "Date": "Wed, 12 Jul 2023 19:10:58 GMT",
        "ETag": "Sanitized",
        "Last-Modified": "Wed, 12 Jul 2023 19:10:58 GMT",
        "trace-id": "36570d29-ae18-28e6-0994-b83468c55beb",
        "Transfer-Encoding": "chunked",
        "x-azure-ref": "20230712T191058Z-tgm775ybqt4317uxx10hczvxf800000000c0000000002pp6",
        "X-Cache": "CONFIG_NOCACHE"
      },
      "ResponseBody": {
        "id": "test_get_classification_policy_tst_q",
        "name": "test",
        "distributionPolicyId": "test_get_classification_policy_tst_dp",
        "labels": {
          "Id": "test_get_classification_policy_tst_q"
        }
      }
    },
    {
      "RequestUri": "https://sanitized.communication.azure.net/routing/classificationPolicies/tst_get_cp?api-version=2022-07-18-preview",
      "RequestMethod": "PATCH",
      "RequestHeaders": {
        "Accept": "application/json",
        "Accept-Encoding": "gzip, deflate",
        "Authorization": "Sanitized",
        "Connection": "keep-alive",
        "Content-Length": "1363",
        "Content-Type": "application/merge-patch\u002Bjson",
        "User-Agent": "azsdk-python-communication-jobrouter/1.0.0b1 Python/3.9.13 (Windows-10-10.0.22621-SP0)",
        "x-ms-client-request-id": "d50078f9-20e7-11ee-9a1b-cc483a8c86b0",
        "x-ms-content-sha256": "Sanitized",
        "x-ms-date": "Wed, 12 Jul 2023 19:10:57 GMT",
        "x-ms-return-client-request-id": "true"
      },
      "RequestBody": {
        "name": "tst_get_cp",
        "fallbackQueueId": "test_get_classification_policy_tst_q",
        "queueSelectors": [
          {
            "kind": "static",
            "queueSelector": {
              "key": "test_key",
              "labelOperator": "equal",
              "value": "test_value"
            }
          },
          {
            "kind": "conditional",
            "condition": {
              "kind": "static-rule",
              "value": true
            },
            "queueSelectors": [
              {
                "key": "test_key",
                "labelOperator": "equal",
                "value": "test_value"
              }
            ]
          },
          {
            "kind": "pass-through",
            "key": "testKey",
            "labelOperator": "equal"
          },
          {
            "kind": "weighted-allocation-queue-selector",
            "allocations": [
              {
                "weight": 1.0,
                "queueSelectors": [
                  {
                    "key": "test_key",
                    "labelOperator": "equal",
                    "value": "test_value"
                  }
                ]
              }
            ]
          }
        ],
        "prioritizationRule": {
          "kind": "static-rule",
          "value": 1
        },
        "workerSelectors": [
          {
            "kind": "static",
            "workerSelector": {
              "key": "test_key",
              "labelOperator": "equal",
              "value": "test_value",
              "expiresAfterSeconds": 10.0,
              "expedite": false
            }
          },
          {
            "kind": "conditional",
            "condition": {
              "kind": "static-rule",
              "value": true
            },
            "workerSelectors": [
              {
                "key": "test_key",
                "labelOperator": "equal",
                "value": "test_value",
                "expiresAfterSeconds": 10.0,
                "expedite": false
              }
            ]
          },
          {
            "kind": "pass-through",
            "key": "testKey",
            "labelOperator": "equal"
          },
          {
            "kind": "weighted-allocation-worker-selector",
            "allocations": [
              {
                "weight": 1.0,
                "workerSelectors": [
                  {
                    "key": "test_key",
                    "labelOperator": "equal",
                    "value": "test_value",
                    "expiresAfterSeconds": 10.0,
                    "expedite": false
                  }
                ]
              }
            ]
          }
        ]
      },
      "StatusCode": 201,
      "ResponseHeaders": {
        "api-supported-versions": "2021-04-07-preview1, 2022-07-18-preview",
        "Connection": "keep-alive",
        "Content-Type": "application/json; charset=utf-8",
        "Date": "Wed, 12 Jul 2023 19:10:59 GMT",
        "ETag": "Sanitized",
        "Last-Modified": "Wed, 12 Jul 2023 19:10:59 GMT",
        "trace-id": "827a8c20-6119-0a25-afa6-ff56dd4b9687",
        "Transfer-Encoding": "chunked",
        "x-azure-ref": "20230712T191058Z-tgm775ybqt4317uxx10hczvxf800000000c0000000002pqr",
        "X-Cache": "CONFIG_NOCACHE"
      },
      "ResponseBody": {
        "id": "tst_get_cp",
        "name": "tst_get_cp",
        "fallbackQueueId": "test_get_classification_policy_tst_q",
        "queueSelectors": [
          {
            "kind": "static",
            "queueSelector": {
              "key": "test_key",
              "labelOperator": "equal",
              "value": "test_value"
            }
          },
          {
            "kind": "conditional",
            "condition": {
              "kind": "static-rule",
              "value": true
            },
            "queueSelectors": [
              {
                "key": "test_key",
                "labelOperator": "equal",
                "value": "test_value"
              }
            ]
          },
          {
            "kind": "pass-through",
            "key": "testKey",
            "labelOperator": "equal"
          },
          {
            "kind": "weighted-allocation-queue-selector",
            "allocations": [
              {
                "weight": 1,
                "queueSelectors": [
                  {
                    "key": "test_key",
                    "labelOperator": "equal",
                    "value": "test_value"
                  }
                ]
              }
            ]
          }
        ],
        "prioritizationRule": {
          "kind": "static-rule",
          "value": 1
        },
        "workerSelectors": [
          {
            "kind": "static",
            "workerSelector": {
              "expiresAfterSeconds": 10,
              "expedite": false,
              "status": "active",
              "key": "test_key",
              "labelOperator": "equal",
              "value": "test_value"
            }
          },
          {
            "kind": "conditional",
            "condition": {
              "kind": "static-rule",
              "value": true
            },
            "workerSelectors": [
              {
                "expiresAfterSeconds": 10,
                "expedite": false,
                "status": "active",
                "key": "test_key",
                "labelOperator": "equal",
                "value": "test_value"
              }
            ]
          },
          {
            "kind": "pass-through",
            "key": "testKey",
            "labelOperator": "equal"
          },
          {
            "kind": "weighted-allocation-worker-selector",
            "allocations": [
              {
                "weight": 1,
                "workerSelectors": [
                  {
                    "expiresAfterSeconds": 10,
                    "expedite": false,
                    "status": "active",
                    "key": "test_key",
                    "labelOperator": "equal",
                    "value": "test_value"
                  }
                ]
              }
            ]
          }
        ]
      }
    },
    {
      "RequestUri": "https://sanitized.communication.azure.net/routing/classificationPolicies/tst_get_cp?api-version=2022-07-18-preview",
      "RequestMethod": "GET",
      "RequestHeaders": {
        "Accept": "application/json",
        "Accept-Encoding": "gzip, deflate",
        "Authorization": "Sanitized",
        "Connection": "keep-alive",
        "User-Agent": "azsdk-python-communication-jobrouter/1.0.0b1 Python/3.9.13 (Windows-10-10.0.22621-SP0)",
        "x-ms-client-request-id": "d51ea2ea-20e7-11ee-b0f1-cc483a8c86b0",
        "x-ms-content-sha256": "Sanitized",
        "x-ms-date": "Wed, 12 Jul 2023 19:10:58 GMT",
        "x-ms-return-client-request-id": "true"
      },
      "RequestBody": null,
      "StatusCode": 200,
      "ResponseHeaders": {
        "api-supported-versions": "2021-04-07-preview1, 2022-07-18-preview",
        "Connection": "keep-alive",
        "Content-Type": "application/json; charset=utf-8",
        "Date": "Wed, 12 Jul 2023 19:10:59 GMT",
        "ETag": "Sanitized",
        "Last-Modified": "Wed, 12 Jul 2023 19:10:59 GMT",
        "trace-id": "5b01497c-57d8-a3c4-2ea0-3c0279c27a93",
        "Transfer-Encoding": "chunked",
        "x-azure-ref": "20230712T191059Z-tgm775ybqt4317uxx10hczvxf800000000c0000000002prn",
        "X-Cache": "CONFIG_NOCACHE"
      },
      "ResponseBody": {
        "id": "tst_get_cp",
        "name": "tst_get_cp",
        "fallbackQueueId": "test_get_classification_policy_tst_q",
        "queueSelectors": [
          {
            "kind": "static",
            "queueSelector": {
              "key": "test_key",
              "labelOperator": "equal",
              "value": "test_value"
            }
          },
          {
            "kind": "conditional",
            "condition": {
              "kind": "static-rule",
              "value": true
            },
            "queueSelectors": [
              {
                "key": "test_key",
                "labelOperator": "equal",
                "value": "test_value"
              }
            ]
          },
          {
            "kind": "pass-through",
            "key": "testKey",
            "labelOperator": "equal"
          },
          {
            "kind": "weighted-allocation-queue-selector",
            "allocations": [
              {
                "weight": 1,
                "queueSelectors": [
                  {
                    "key": "test_key",
                    "labelOperator": "equal",
                    "value": "test_value"
                  }
                ]
              }
            ]
          }
        ],
        "prioritizationRule": {
          "kind": "static-rule",
          "value": 1
        },
        "workerSelectors": [
          {
            "kind": "static",
            "workerSelector": {
              "expiresAfterSeconds": 10,
              "expedite": false,
              "status": "active",
              "key": "test_key",
              "labelOperator": "equal",
              "value": "test_value"
            }
          },
          {
            "kind": "conditional",
            "condition": {
              "kind": "static-rule",
              "value": true
            },
            "workerSelectors": [
              {
                "expiresAfterSeconds": 10,
                "expedite": false,
                "status": "active",
                "key": "test_key",
                "labelOperator": "equal",
                "value": "test_value"
              }
            ]
          },
          {
            "kind": "pass-through",
            "key": "testKey",
            "labelOperator": "equal"
          },
          {
            "kind": "weighted-allocation-worker-selector",
            "allocations": [
              {
                "weight": 1,
                "workerSelectors": [
                  {
                    "expiresAfterSeconds": 10,
                    "expedite": false,
                    "status": "active",
                    "key": "test_key",
                    "labelOperator": "equal",
                    "value": "test_value"
                  }
                ]
              }
            ]
          }
        ]
      }
    },
    {
      "RequestUri": "https://sanitized.communication.azure.net/routing/classificationPolicies/tst_get_cp?api-version=2022-07-18-preview",
      "RequestMethod": "PATCH",
      "RequestHeaders": {
        "Accept": "application/json",
        "Accept-Encoding": "gzip, deflate",
        "Authorization": "Sanitized",
        "Connection": "keep-alive",
        "Content-Length": "1374",
        "Content-Type": "application/merge-patch\u002Bjson",
        "User-Agent": "azsdk-python-communication-jobrouter/1.0.0b1 Python/3.9.13 (Windows-10-10.0.22621-SP0)",
        "x-ms-client-request-id": "d52baf47-20e7-11ee-8dac-cc483a8c86b0",
        "x-ms-content-sha256": "Sanitized",
        "x-ms-date": "Wed, 12 Jul 2023 19:10:58 GMT",
        "x-ms-return-client-request-id": "true"
      },
      "RequestBody": {
        "name": "tst_get_cp",
        "fallbackQueueId": "test_get_classification_policy_tst_q",
        "queueSelectors": [
          {
            "kind": "static",
            "queueSelector": {
              "key": "test_key",
              "labelOperator": "equal",
              "value": "test_value"
            }
          },
          {
            "kind": "conditional",
            "condition": {
              "kind": "static-rule",
              "value": true
            },
            "queueSelectors": [
              {
                "key": "test_key",
                "labelOperator": "equal",
                "value": "test_value"
              }
            ]
          },
          {
            "kind": "pass-through",
            "key": "testKey",
            "labelOperator": "equal"
          },
          {
            "kind": "weighted-allocation-queue-selector",
            "allocations": [
              {
                "weight": 1.0,
                "queueSelectors": [
                  {
                    "key": "test_key",
                    "labelOperator": "equal",
                    "value": "test_value"
                  }
                ]
              }
            ]
          }
        ],
        "prioritizationRule": {
          "kind": "expression-rule",
          "expression": "1"
        },
        "workerSelectors": [
          {
            "kind": "static",
            "workerSelector": {
              "key": "test_key",
              "labelOperator": "equal",
              "value": "test_value",
              "expiresAfterSeconds": 10.0,
              "expedite": false
            }
          },
          {
            "kind": "conditional",
            "condition": {
              "kind": "static-rule",
              "value": true
            },
            "workerSelectors": [
              {
                "key": "test_key",
                "labelOperator": "equal",
                "value": "test_value",
                "expiresAfterSeconds": 10.0,
                "expedite": false
              }
            ]
          },
          {
            "kind": "pass-through",
            "key": "testKey",
            "labelOperator": "equal"
          },
          {
            "kind": "weighted-allocation-worker-selector",
            "allocations": [
              {
                "weight": 1.0,
                "workerSelectors": [
                  {
                    "key": "test_key",
                    "labelOperator": "equal",
                    "value": "test_value",
                    "expiresAfterSeconds": 10.0,
                    "expedite": false
                  }
                ]
              }
            ]
          }
        ]
      },
      "StatusCode": 200,
      "ResponseHeaders": {
        "api-supported-versions": "2021-04-07-preview1, 2022-07-18-preview",
        "Connection": "keep-alive",
        "Content-Type": "application/json; charset=utf-8",
        "Date": "Wed, 12 Jul 2023 19:10:59 GMT",
        "ETag": "Sanitized",
        "Last-Modified": "Wed, 12 Jul 2023 19:10:59 GMT",
        "trace-id": "c8745339-fe17-ec05-48f8-385d3a710dab",
        "Transfer-Encoding": "chunked",
        "x-azure-ref": "20230712T191059Z-tgm775ybqt4317uxx10hczvxf800000000c0000000002prz",
        "X-Cache": "CONFIG_NOCACHE"
      },
      "ResponseBody": {
        "id": "tst_get_cp",
        "name": "tst_get_cp",
        "fallbackQueueId": "test_get_classification_policy_tst_q",
        "queueSelectors": [
          {
            "kind": "static",
            "queueSelector": {
              "key": "test_key",
              "labelOperator": "equal",
              "value": "test_value"
            }
          },
          {
            "kind": "conditional",
            "condition": {
              "kind": "static-rule",
              "value": true
            },
            "queueSelectors": [
              {
                "key": "test_key",
                "labelOperator": "equal",
                "value": "test_value"
              }
            ]
          },
          {
            "kind": "pass-through",
            "key": "testKey",
            "labelOperator": "equal"
          },
          {
            "kind": "weighted-allocation-queue-selector",
            "allocations": [
              {
                "weight": 1,
                "queueSelectors": [
                  {
                    "key": "test_key",
                    "labelOperator": "equal",
                    "value": "test_value"
                  }
                ]
              }
            ]
          }
        ],
        "prioritizationRule": {
          "kind": "expression-rule",
          "language": "powerFx",
          "expression": "1"
        },
        "workerSelectors": [
          {
            "kind": "static",
            "workerSelector": {
              "expiresAfterSeconds": 10,
              "expedite": false,
              "status": "active",
              "key": "test_key",
              "labelOperator": "equal",
              "value": "test_value"
            }
          },
          {
            "kind": "conditional",
            "condition": {
              "kind": "static-rule",
              "value": true
            },
            "workerSelectors": [
              {
                "expiresAfterSeconds": 10,
                "expedite": false,
                "status": "active",
                "key": "test_key",
                "labelOperator": "equal",
                "value": "test_value"
              }
            ]
          },
          {
            "kind": "pass-through",
            "key": "testKey",
            "labelOperator": "equal"
          },
          {
            "kind": "weighted-allocation-worker-selector",
            "allocations": [
              {
                "weight": 1,
                "workerSelectors": [
                  {
                    "expiresAfterSeconds": 10,
                    "expedite": false,
                    "status": "active",
                    "key": "test_key",
                    "labelOperator": "equal",
                    "value": "test_value"
                  }
                ]
              }
            ]
          }
        ]
      }
    },
    {
      "RequestUri": "https://sanitized.communication.azure.net/routing/classificationPolicies/tst_get_cp?api-version=2022-07-18-preview",
      "RequestMethod": "GET",
      "RequestHeaders": {
        "Accept": "application/json",
        "Accept-Encoding": "gzip, deflate",
        "Authorization": "Sanitized",
        "Connection": "keep-alive",
        "User-Agent": "azsdk-python-communication-jobrouter/1.0.0b1 Python/3.9.13 (Windows-10-10.0.22621-SP0)",
        "x-ms-client-request-id": "d54c9f39-20e7-11ee-a3a5-cc483a8c86b0",
        "x-ms-content-sha256": "Sanitized",
        "x-ms-date": "Wed, 12 Jul 2023 19:10:58 GMT",
        "x-ms-return-client-request-id": "true"
      },
      "RequestBody": null,
      "StatusCode": 200,
      "ResponseHeaders": {
        "api-supported-versions": "2021-04-07-preview1, 2022-07-18-preview",
        "Connection": "keep-alive",
        "Content-Type": "application/json; charset=utf-8",
        "Date": "Wed, 12 Jul 2023 19:10:59 GMT",
        "ETag": "Sanitized",
        "Last-Modified": "Wed, 12 Jul 2023 19:10:59 GMT",
        "trace-id": "73053738-1a12-6968-cd88-8c89d035d544",
        "Transfer-Encoding": "chunked",
        "x-azure-ref": "20230712T191059Z-tgm775ybqt4317uxx10hczvxf800000000c0000000002pts",
        "X-Cache": "CONFIG_NOCACHE"
      },
      "ResponseBody": {
        "id": "tst_get_cp",
        "name": "tst_get_cp",
        "fallbackQueueId": "test_get_classification_policy_tst_q",
        "queueSelectors": [
          {
            "kind": "static",
            "queueSelector": {
              "key": "test_key",
              "labelOperator": "equal",
              "value": "test_value"
            }
          },
          {
            "kind": "conditional",
            "condition": {
              "kind": "static-rule",
              "value": true
            },
            "queueSelectors": [
              {
                "key": "test_key",
                "labelOperator": "equal",
                "value": "test_value"
              }
            ]
          },
          {
            "kind": "pass-through",
            "key": "testKey",
            "labelOperator": "equal"
          },
          {
            "kind": "weighted-allocation-queue-selector",
            "allocations": [
              {
                "weight": 1,
                "queueSelectors": [
                  {
                    "key": "test_key",
                    "labelOperator": "equal",
                    "value": "test_value"
                  }
                ]
              }
            ]
          }
        ],
        "prioritizationRule": {
          "kind": "expression-rule",
          "language": "powerFx",
          "expression": "1"
        },
        "workerSelectors": [
          {
            "kind": "static",
            "workerSelector": {
              "expiresAfterSeconds": 10,
              "expedite": false,
              "status": "active",
              "key": "test_key",
              "labelOperator": "equal",
              "value": "test_value"
            }
          },
          {
            "kind": "conditional",
            "condition": {
              "kind": "static-rule",
              "value": true
            },
            "workerSelectors": [
              {
                "expiresAfterSeconds": 10,
                "expedite": false,
                "status": "active",
                "key": "test_key",
                "labelOperator": "equal",
                "value": "test_value"
              }
            ]
          },
          {
            "kind": "pass-through",
            "key": "testKey",
            "labelOperator": "equal"
          },
          {
            "kind": "weighted-allocation-worker-selector",
            "allocations": [
              {
                "weight": 1,
                "workerSelectors": [
                  {
                    "expiresAfterSeconds": 10,
                    "expedite": false,
                    "status": "active",
                    "key": "test_key",
                    "labelOperator": "equal",
                    "value": "test_value"
                  }
                ]
              }
            ]
          }
        ]
      }
    },
    {
      "RequestUri": "https://sanitized.communication.azure.net/routing/classificationPolicies/tst_get_cp?api-version=2022-07-18-preview",
      "RequestMethod": "PATCH",
      "RequestHeaders": {
        "Accept": "application/json",
        "Accept-Encoding": "gzip, deflate",
        "Authorization": "Sanitized",
        "Connection": "keep-alive",
        "Content-Length": "1341",
        "Content-Type": "application/merge-patch\u002Bjson",
        "User-Agent": "azsdk-python-communication-jobrouter/1.0.0b1 Python/3.9.13 (Windows-10-10.0.22621-SP0)",
        "x-ms-client-request-id": "d5592614-20e7-11ee-ac75-cc483a8c86b0",
        "x-ms-content-sha256": "Sanitized",
        "x-ms-date": "Wed, 12 Jul 2023 19:10:58 GMT",
        "x-ms-return-client-request-id": "true"
      },
      "RequestBody": {
        "name": "tst_get_cp",
        "fallbackQueueId": "test_get_classification_policy_tst_q",
        "queueSelectors": [
          {
            "kind": "static",
            "queueSelector": {
              "key": "test_key",
              "labelOperator": "equal",
              "value": "test_value"
            }
          },
          {
            "kind": "conditional",
            "condition": {
              "kind": "static-rule",
              "value": true
            },
            "queueSelectors": [
              {
                "key": "test_key",
                "labelOperator": "equal",
                "value": "test_value"
              }
            ]
          },
          {
            "kind": "pass-through",
            "key": "testKey",
            "labelOperator": "equal"
          },
          {
            "kind": "weighted-allocation-queue-selector",
            "allocations": [
              {
                "weight": 1.0,
                "queueSelectors": [
                  {
                    "key": "test_key",
                    "labelOperator": "equal",
                    "value": "test_value"
                  }
                ]
              }
            ]
          }
        ],
        "prioritizationRule": {
          "kind": "azure-function-rule",
          "functionUri": "https://dummy.endpoint.net",
          "credential": {
            "functionKey": "Sanitized"
          }
        },
        "workerSelectors": [
          {
            "kind": "static",
            "workerSelector": {
              "key": "test_key",
              "labelOperator": "equal",
              "value": "test_value",
              "expiresAfterSeconds": 10.0,
              "expedite": false
            }
          },
          {
            "kind": "conditional",
            "condition": {
              "kind": "static-rule",
              "value": true
            },
            "workerSelectors": [
              {
                "key": "test_key",
                "labelOperator": "equal",
                "value": "test_value",
                "expiresAfterSeconds": 10.0,
                "expedite": false
              }
            ]
          },
          {
            "kind": "pass-through",
            "key": "testKey",
            "labelOperator": "equal"
          },
          {
            "kind": "weighted-allocation-worker-selector",
            "allocations": [
              {
                "weight": 1.0,
                "workerSelectors": [
                  {
                    "key": "test_key",
                    "labelOperator": "equal",
                    "value": "test_value",
                    "expiresAfterSeconds": 10.0,
                    "expedite": false
                  }
                ]
              }
            ]
          }
        ]
      },
      "StatusCode": 200,
      "ResponseHeaders": {
        "api-supported-versions": "2021-04-07-preview1, 2022-07-18-preview",
        "Connection": "keep-alive",
        "Content-Type": "application/json; charset=utf-8",
        "Date": "Wed, 12 Jul 2023 19:10:59 GMT",
        "ETag": "Sanitized",
        "Last-Modified": "Wed, 12 Jul 2023 19:10:59 GMT",
        "trace-id": "fb81e30d-3bd5-6106-bb93-02bdccfffe6c",
        "Transfer-Encoding": "chunked",
        "x-azure-ref": "20230712T191059Z-tgm775ybqt4317uxx10hczvxf800000000c0000000002pu6",
        "X-Cache": "CONFIG_NOCACHE"
      },
      "ResponseBody": {
        "id": "tst_get_cp",
        "name": "tst_get_cp",
        "fallbackQueueId": "test_get_classification_policy_tst_q",
        "queueSelectors": [
          {
            "kind": "static",
            "queueSelector": {
              "key": "test_key",
              "labelOperator": "equal",
              "value": "test_value"
            }
          },
          {
            "kind": "conditional",
            "condition": {
              "kind": "static-rule",
              "value": true
            },
            "queueSelectors": [
              {
                "key": "test_key",
                "labelOperator": "equal",
                "value": "test_value"
              }
            ]
          },
          {
            "kind": "pass-through",
            "key": "testKey",
            "labelOperator": "equal"
          },
          {
            "kind": "weighted-allocation-queue-selector",
            "allocations": [
              {
                "weight": 1,
                "queueSelectors": [
                  {
                    "key": "test_key",
                    "labelOperator": "equal",
                    "value": "test_value"
                  }
                ]
              }
            ]
          }
        ],
        "prioritizationRule": {
          "kind": "azure-function-rule",
          "functionUri": "https://dummy.endpoint.net",
          "credential": {
            "functionKey": "Sanitized"
          }
        },
        "workerSelectors": [
          {
            "kind": "static",
            "workerSelector": {
              "expiresAfterSeconds": 10,
              "expedite": false,
              "status": "active",
              "key": "test_key",
              "labelOperator": "equal",
              "value": "test_value"
            }
          },
          {
            "kind": "conditional",
            "condition": {
              "kind": "static-rule",
              "value": true
            },
            "workerSelectors": [
              {
                "expiresAfterSeconds": 10,
                "expedite": false,
                "status": "active",
                "key": "test_key",
                "labelOperator": "equal",
                "value": "test_value"
              }
            ]
          },
          {
            "kind": "pass-through",
            "key": "testKey",
            "labelOperator": "equal"
          },
          {
            "kind": "weighted-allocation-worker-selector",
            "allocations": [
              {
                "weight": 1,
                "workerSelectors": [
                  {
                    "expiresAfterSeconds": 10,
                    "expedite": false,
                    "status": "active",
                    "key": "test_key",
                    "labelOperator": "equal",
                    "value": "test_value"
                  }
                ]
              }
            ]
          }
        ]
      }
    },
    {
      "RequestUri": "https://sanitized.communication.azure.net/routing/classificationPolicies/tst_get_cp?api-version=2022-07-18-preview",
      "RequestMethod": "GET",
      "RequestHeaders": {
        "Accept": "application/json",
        "Accept-Encoding": "gzip, deflate",
        "Authorization": "Sanitized",
        "Connection": "keep-alive",
        "User-Agent": "azsdk-python-communication-jobrouter/1.0.0b1 Python/3.9.13 (Windows-10-10.0.22621-SP0)",
        "x-ms-client-request-id": "d57a5f38-20e7-11ee-9339-cc483a8c86b0",
        "x-ms-content-sha256": "Sanitized",
        "x-ms-date": "Wed, 12 Jul 2023 19:10:58 GMT",
        "x-ms-return-client-request-id": "true"
      },
      "RequestBody": null,
      "StatusCode": 200,
      "ResponseHeaders": {
        "api-supported-versions": "2021-04-07-preview1, 2022-07-18-preview",
        "Connection": "keep-alive",
        "Content-Type": "application/json; charset=utf-8",
        "Date": "Wed, 12 Jul 2023 19:10:59 GMT",
        "ETag": "Sanitized",
        "Last-Modified": "Wed, 12 Jul 2023 19:10:59 GMT",
        "trace-id": "2c92c0f1-0520-7309-dce1-71a30c39b954",
        "Transfer-Encoding": "chunked",
        "x-azure-ref": "20230712T191059Z-tgm775ybqt4317uxx10hczvxf800000000c0000000002pv8",
        "X-Cache": "CONFIG_NOCACHE"
      },
      "ResponseBody": {
        "id": "tst_get_cp",
        "name": "tst_get_cp",
        "fallbackQueueId": "test_get_classification_policy_tst_q",
        "queueSelectors": [
          {
            "kind": "static",
            "queueSelector": {
              "key": "test_key",
              "labelOperator": "equal",
              "value": "test_value"
            }
          },
          {
            "kind": "conditional",
            "condition": {
              "kind": "static-rule",
              "value": true
            },
            "queueSelectors": [
              {
                "key": "test_key",
                "labelOperator": "equal",
                "value": "test_value"
              }
            ]
          },
          {
            "kind": "pass-through",
            "key": "testKey",
            "labelOperator": "equal"
          },
          {
            "kind": "weighted-allocation-queue-selector",
            "allocations": [
              {
                "weight": 1,
                "queueSelectors": [
                  {
                    "key": "test_key",
                    "labelOperator": "equal",
                    "value": "test_value"
                  }
                ]
              }
            ]
          }
        ],
        "prioritizationRule": {
          "kind": "azure-function-rule",
          "functionUri": "https://dummy.endpoint.net",
          "credential": {
            "functionKey": "Sanitized"
          }
        },
        "workerSelectors": [
          {
            "kind": "static",
            "workerSelector": {
              "expiresAfterSeconds": 10,
              "expedite": false,
              "status": "active",
              "key": "test_key",
              "labelOperator": "equal",
              "value": "test_value"
            }
          },
          {
            "kind": "conditional",
            "condition": {
              "kind": "static-rule",
              "value": true
            },
            "workerSelectors": [
              {
                "expiresAfterSeconds": 10,
                "expedite": false,
                "status": "active",
                "key": "test_key",
                "labelOperator": "equal",
                "value": "test_value"
              }
            ]
          },
          {
            "kind": "pass-through",
            "key": "testKey",
            "labelOperator": "equal"
          },
          {
            "kind": "weighted-allocation-worker-selector",
            "allocations": [
              {
                "weight": 1,
                "workerSelectors": [
                  {
                    "expiresAfterSeconds": 10,
                    "expedite": false,
                    "status": "active",
                    "key": "test_key",
                    "labelOperator": "equal",
                    "value": "test_value"
                  }
                ]
              }
            ]
          }
        ]
      }
    },
    {
      "RequestUri": "https://sanitized.communication.azure.net/routing/classificationPolicies/tst_get_cp?api-version=2022-07-18-preview",
      "RequestMethod": "DELETE",
      "RequestHeaders": {
        "Accept": "application/json",
        "Accept-Encoding": "gzip, deflate",
        "Authorization": "Sanitized",
        "Connection": "keep-alive",
        "Content-Length": "0",
        "User-Agent": "azsdk-python-communication-jobrouter/1.0.0b1 Python/3.9.13 (Windows-10-10.0.22621-SP0)",
        "x-ms-client-request-id": "d58609e3-20e7-11ee-849f-cc483a8c86b0",
        "x-ms-content-sha256": "Sanitized",
        "x-ms-date": "Wed, 12 Jul 2023 19:10:58 GMT",
        "x-ms-return-client-request-id": "true"
      },
      "RequestBody": null,
      "StatusCode": 204,
      "ResponseHeaders": {
        "api-supported-versions": "2021-04-07-preview1, 2022-07-18-preview",
        "Connection": "keep-alive",
        "Date": "Wed, 12 Jul 2023 19:10:59 GMT",
        "trace-id": "0cc65f53-ab13-f64e-27ed-b7ec171322ca",
        "x-azure-ref": "20230712T191059Z-tgm775ybqt4317uxx10hczvxf800000000c0000000002pwc",
        "X-Cache": "CONFIG_NOCACHE"
      },
      "ResponseBody": null
    },
    {
      "RequestUri": "https://sanitized.communication.azure.net/routing/queues/test_get_classification_policy_tst_q?api-version=2022-07-18-preview",
      "RequestMethod": "DELETE",
      "RequestHeaders": {
        "Accept": "application/json",
        "Accept-Encoding": "gzip, deflate",
        "Authorization": "Sanitized",
        "Connection": "keep-alive",
        "Content-Length": "0",
        "User-Agent": "azsdk-python-communication-jobrouter/1.0.0b1 Python/3.9.13 (Windows-10-10.0.22621-SP0)",
        "x-ms-client-request-id": "d5a24cd8-20e7-11ee-932a-cc483a8c86b0",
        "x-ms-content-sha256": "Sanitized",
        "x-ms-date": "Wed, 12 Jul 2023 19:10:58 GMT",
        "x-ms-return-client-request-id": "true"
      },
      "RequestBody": null,
      "StatusCode": 204,
      "ResponseHeaders": {
        "api-supported-versions": "2021-04-07-preview1, 2022-07-18-preview",
        "Connection": "keep-alive",
        "Date": "Wed, 12 Jul 2023 19:11:00 GMT",
        "trace-id": "510feeba-6cfe-3dbc-48cf-98ee279867c1",
        "x-azure-ref": "20230712T191059Z-tgm775ybqt4317uxx10hczvxf800000000c0000000002pxa",
        "X-Cache": "CONFIG_NOCACHE"
      },
      "ResponseBody": null
    },
    {
      "RequestUri": "https://sanitized.communication.azure.net/routing/distributionPolicies/test_get_classification_policy_tst_dp?api-version=2022-07-18-preview",
      "RequestMethod": "DELETE",
      "RequestHeaders": {
        "Accept": "application/json",
        "Accept-Encoding": "gzip, deflate",
        "Authorization": "Sanitized",
        "Connection": "keep-alive",
        "Content-Length": "0",
        "User-Agent": "azsdk-python-communication-jobrouter/1.0.0b1 Python/3.9.13 (Windows-10-10.0.22621-SP0)",
        "x-ms-client-request-id": "d5bbb3d6-20e7-11ee-af6c-cc483a8c86b0",
        "x-ms-content-sha256": "Sanitized",
        "x-ms-date": "Wed, 12 Jul 2023 19:10:59 GMT",
        "x-ms-return-client-request-id": "true"
      },
      "RequestBody": null,
      "StatusCode": 204,
      "ResponseHeaders": {
        "api-supported-versions": "2021-04-07-preview1, 2022-07-18-preview",
        "Connection": "keep-alive",
        "Date": "Wed, 12 Jul 2023 19:11:00 GMT",
        "trace-id": "3884b426-1bfd-5686-24f9-e252a500954c",
        "x-azure-ref": "20230712T191100Z-tgm775ybqt4317uxx10hczvxf800000000c0000000002pyp",
        "X-Cache": "CONFIG_NOCACHE"
      },
      "ResponseBody": null
    }
  ],
  "Variables": {}
}
