interactions:
- request:
    body: '{"name": "tst_delete_dp", "offerTTLSeconds": 10.0, "mode": {"kind": "best-worker",
      "minConcurrentOffers": 1, "maxConcurrentOffers": 1}}'
    headers:
      Accept:
      - application/json
      Accept-Encoding:
      - gzip, deflate
      Connection:
      - keep-alive
      Content-Length:
      - '135'
      Content-Type:
      - application/merge-patch+json
      User-Agent:
      - azsdk-python-communication-jobrouter/1.0.0 Python/3.9.12 (Windows-10-10.0.22000-SP0)
      x-ms-date:
      - Sat, 30 Apr 2022 01:27:02 GMT
      x-ms-return-client-request-id:
      - 'true'
    method: PATCH
    uri: https://sanitized.int.communication.azure.net/routing/distributionPolicies/sanitized?api-version=2021-10-20-preview2
  response:
    body: '{"id": "sanitized", "name": "tst_delete_dp", "offerTTLSeconds": 10, "mode":
      {"kind": "best-worker", "scoringRuleOptions": {"scoringParameters": ["jobLabels",
      "workerSelectors"], "allowScoringBatchOfWorkers": false, "descendingOrder":
      true}, "minConcurrentOffers": 1, "maxConcurrentOffers": 1, "bypassSelectors":
      false}}'
    headers:
      api-supported-versions:
      - 2021-04-07-preview1, 2021-10-20-preview2
      connection:
      - keep-alive
      content-type:
      - application/json; charset=utf-8
      date:
      - Sat, 30 Apr 2022 01:26:49 GMT
      etag:
      - REDACTED
      last-modified:
      - Sat, 30 Apr 2022 01:26:54 GMT
      request-context:
      - appId=
      trace-id:
      - e8025cc057e849d13ccd43b33d6f7c14
      transfer-encoding:
      - chunked
      x-cache:
      - CONFIG_NOCACHE
    status:
      code: 200
      message: OK
- request:
    body: null
    headers:
      Accept:
      - application/json
      Accept-Encoding:
      - gzip, deflate
      Connection:
      - keep-alive
      Content-Length:
      - '0'
      User-Agent:
      - azsdk-python-communication-jobrouter/1.0.0 Python/3.9.12 (Windows-10-10.0.22000-SP0)
      x-ms-date:
      - Sat, 30 Apr 2022 01:27:03 GMT
      x-ms-return-client-request-id:
      - 'true'
    method: DELETE
    uri: https://sanitized.int.communication.azure.net/routing/distributionPolicies/sanitized?api-version=2021-10-20-preview2
  response:
    body:
      string: ''
    headers:
      api-supported-versions:
      - 2021-04-07-preview1, 2021-10-20-preview2
      connection:
      - keep-alive
      date:
      - Sat, 30 Apr 2022 01:26:49 GMT
      request-context:
      - appId=
      trace-id:
      - bce85b4d42b4b4e995c9edf4f98d7181
      x-cache:
      - CONFIG_NOCACHE
    status:
      code: 204
      message: No Content
- request:
    body: null
    headers:
      Accept:
      - application/json
      Accept-Encoding:
      - gzip, deflate
      Connection:
      - keep-alive
      User-Agent:
      - azsdk-python-communication-jobrouter/1.0.0 Python/3.9.12 (Windows-10-10.0.22000-SP0)
      x-ms-date:
      - Sat, 30 Apr 2022 01:27:03 GMT
      x-ms-return-client-request-id:
      - 'true'
    method: GET
    uri: https://sanitized.int.communication.azure.net/routing/distributionPolicies/sanitized?api-version=2021-10-20-preview2
  response:
    body: '{"communicationError": {"code": "NotFound", "message": "The item was not
      found.", "target": "/routing/distributionPolicies/tst_delete_dp"}}'
    headers:
      api-supported-versions:
      - 2021-04-07-preview1, 2021-10-20-preview2
      connection:
      - keep-alive
      content-type:
      - application/json; charset=utf-8
      date:
      - Sat, 30 Apr 2022 01:26:49 GMT
      request-context:
      - appId=
      trace-id:
      - 604fc16385576968278914954c69a652
      transfer-encoding:
      - chunked
      x-cache:
      - CONFIG_NOCACHE
    status:
      code: 404
      message: Not Found
- request:
    body: '{"name": "tst_delete_dp", "offerTTLSeconds": 10.0, "mode": {"kind": "longest-idle",
      "minConcurrentOffers": 1, "maxConcurrentOffers": 1}}'
    headers:
      Accept:
      - application/json
      Accept-Encoding:
      - gzip, deflate
      Connection:
      - keep-alive
      Content-Length:
      - '136'
      Content-Type:
      - application/merge-patch+json
      User-Agent:
      - azsdk-python-communication-jobrouter/1.0.0 Python/3.9.12 (Windows-10-10.0.22000-SP0)
      x-ms-date:
      - Sat, 30 Apr 2022 01:27:03 GMT
      x-ms-return-client-request-id:
      - 'true'
    method: PATCH
    uri: https://sanitized.int.communication.azure.net/routing/distributionPolicies/sanitized?api-version=2021-10-20-preview2
  response:
    body: '{"id": "sanitized", "name": "tst_delete_dp", "offerTTLSeconds": 10, "mode":
      {"kind": "longest-idle", "minConcurrentOffers": 1, "maxConcurrentOffers": 1,
      "bypassSelectors": false}}'
    headers:
      api-supported-versions:
      - 2021-04-07-preview1, 2021-10-20-preview2
      connection:
      - keep-alive
      content-type:
      - application/json; charset=utf-8
      date:
      - Sat, 30 Apr 2022 01:26:49 GMT
      etag:
      - REDACTED
      last-modified:
      - Sat, 30 Apr 2022 01:26:54 GMT
      request-context:
      - appId=
      trace-id:
      - 680a54911d11dca0e1118edf24a84e5f
      transfer-encoding:
      - chunked
      x-cache:
      - CONFIG_NOCACHE
    status:
      code: 200
      message: OK
- request:
    body: null
    headers:
      Accept:
      - application/json
      Accept-Encoding:
      - gzip, deflate
      Connection:
      - keep-alive
      Content-Length:
      - '0'
      User-Agent:
      - azsdk-python-communication-jobrouter/1.0.0 Python/3.9.12 (Windows-10-10.0.22000-SP0)
      x-ms-date:
      - Sat, 30 Apr 2022 01:27:03 GMT
      x-ms-return-client-request-id:
      - 'true'
    method: DELETE
    uri: https://sanitized.int.communication.azure.net/routing/distributionPolicies/sanitized?api-version=2021-10-20-preview2
  response:
    body:
      string: ''
    headers:
      api-supported-versions:
      - 2021-04-07-preview1, 2021-10-20-preview2
      connection:
      - keep-alive
      date:
      - Sat, 30 Apr 2022 01:26:49 GMT
      request-context:
      - appId=
      trace-id:
      - 56d8a268fc9a6d25f47953fd866dca75
      x-cache:
      - CONFIG_NOCACHE
    status:
      code: 204
      message: No Content
- request:
    body: null
    headers:
      Accept:
      - application/json
      Accept-Encoding:
      - gzip, deflate
      Connection:
      - keep-alive
      User-Agent:
      - azsdk-python-communication-jobrouter/1.0.0 Python/3.9.12 (Windows-10-10.0.22000-SP0)
      x-ms-date:
      - Sat, 30 Apr 2022 01:27:03 GMT
      x-ms-return-client-request-id:
      - 'true'
    method: GET
    uri: https://sanitized.int.communication.azure.net/routing/distributionPolicies/sanitized?api-version=2021-10-20-preview2
  response:
    body: '{"communicationError": {"code": "NotFound", "message": "The item was not
      found.", "target": "/routing/distributionPolicies/tst_delete_dp"}}'
    headers:
      api-supported-versions:
      - 2021-04-07-preview1, 2021-10-20-preview2
      connection:
      - keep-alive
      content-type:
      - application/json; charset=utf-8
      date:
      - Sat, 30 Apr 2022 01:26:49 GMT
      request-context:
      - appId=
      trace-id:
      - c499615bdf34ac357e2c72b149c960b4
      transfer-encoding:
      - chunked
      x-cache:
      - CONFIG_NOCACHE
    status:
      code: 404
      message: Not Found
- request:
    body: '{"name": "tst_delete_dp", "offerTTLSeconds": 10.0, "mode": {"kind": "round-robin",
      "minConcurrentOffers": 1, "maxConcurrentOffers": 1}}'
    headers:
      Accept:
      - application/json
      Accept-Encoding:
      - gzip, deflate
      Connection:
      - keep-alive
      Content-Length:
      - '135'
      Content-Type:
      - application/merge-patch+json
      User-Agent:
      - azsdk-python-communication-jobrouter/1.0.0 Python/3.9.12 (Windows-10-10.0.22000-SP0)
      x-ms-date:
      - Sat, 30 Apr 2022 01:27:03 GMT
      x-ms-return-client-request-id:
      - 'true'
    method: PATCH
    uri: https://sanitized.int.communication.azure.net/routing/distributionPolicies/sanitized?api-version=2021-10-20-preview2
  response:
    body: '{"id": "sanitized", "name": "tst_delete_dp", "offerTTLSeconds": 10, "mode":
      {"kind": "round-robin", "minConcurrentOffers": 1, "maxConcurrentOffers": 1,
      "bypassSelectors": false}}'
    headers:
      api-supported-versions:
      - 2021-04-07-preview1, 2021-10-20-preview2
      connection:
      - keep-alive
      content-type:
      - application/json; charset=utf-8
      date:
      - Sat, 30 Apr 2022 01:26:50 GMT
      etag:
      - REDACTED
      last-modified:
      - Sat, 30 Apr 2022 01:26:54 GMT
      request-context:
      - appId=
      trace-id:
      - 13d8d3a2b6e92980e42d4554732ee9f1
      transfer-encoding:
      - chunked
      x-cache:
      - CONFIG_NOCACHE
    status:
      code: 200
      message: OK
- request:
    body: null
    headers:
      Accept:
      - application/json
      Accept-Encoding:
      - gzip, deflate
      Connection:
      - keep-alive
      Content-Length:
      - '0'
      User-Agent:
      - azsdk-python-communication-jobrouter/1.0.0 Python/3.9.12 (Windows-10-10.0.22000-SP0)
      x-ms-date:
      - Sat, 30 Apr 2022 01:27:03 GMT
      x-ms-return-client-request-id:
      - 'true'
    method: DELETE
    uri: https://sanitized.int.communication.azure.net/routing/distributionPolicies/sanitized?api-version=2021-10-20-preview2
  response:
    body:
      string: ''
    headers:
      api-supported-versions:
      - 2021-04-07-preview1, 2021-10-20-preview2
      connection:
      - keep-alive
      date:
      - Sat, 30 Apr 2022 01:26:50 GMT
      request-context:
      - appId=
      trace-id:
      - db446bc8818ad47313da246f25c8895a
      x-cache:
      - CONFIG_NOCACHE
    status:
      code: 204
      message: No Content
- request:
    body: null
    headers:
      Accept:
      - application/json
      Accept-Encoding:
      - gzip, deflate
      Connection:
      - keep-alive
      User-Agent:
      - azsdk-python-communication-jobrouter/1.0.0 Python/3.9.12 (Windows-10-10.0.22000-SP0)
      x-ms-date:
      - Sat, 30 Apr 2022 01:27:04 GMT
      x-ms-return-client-request-id:
      - 'true'
    method: GET
    uri: https://sanitized.int.communication.azure.net/routing/distributionPolicies/sanitized?api-version=2021-10-20-preview2
  response:
    body: '{"communicationError": {"code": "NotFound", "message": "The item was not
      found.", "target": "/routing/distributionPolicies/tst_delete_dp"}}'
    headers:
      api-supported-versions:
      - 2021-04-07-preview1, 2021-10-20-preview2
      connection:
      - keep-alive
      content-type:
      - application/json; charset=utf-8
      date:
      - Sat, 30 Apr 2022 01:26:50 GMT
      request-context:
      - appId=
      trace-id:
      - cc8f6f9467fb7d5a6ba894b6d550e3cc
      transfer-encoding:
      - chunked
      x-cache:
      - CONFIG_NOCACHE
    status:
      code: 404
      message: Not Found
version: 1
