{
  "Entries": [
    {
      "RequestUri": "https://sanitized.communication.azure.net/routing/distributionPolicies/tst_update_dp_async?api-version=2022-07-18-preview",
      "RequestMethod": "PATCH",
      "RequestHeaders": {
        "Accept": "application/json",
        "Accept-Encoding": "gzip, deflate",
        "Authorization": "Sanitized",
        "Content-Length": "141",
        "Content-Type": "application/merge-patch\u002Bjson",
        "User-Agent": "azsdk-python-communication-jobrouter/1.0.0b1 Python/3.9.7 (Windows-10-10.0.22621-SP0)",
        "x-ms-client-request-id": "59706195-6006-11ed-8537-046c590f95d2",
        "x-ms-content-sha256": "Sanitized",
        "x-ms-date": "Wed, 09 Nov 2022 08:13:10 GMT",
        "x-ms-return-client-request-id": "true"
      },
      "RequestBody": {
        "name": "tst_update_dp_async",
        "offerTtlSeconds": 10.0,
        "mode": {
          "kind": "best-worker",
          "minConcurrentOffers": 1,
          "maxConcurrentOffers": 1
        }
      },
      "StatusCode": 200,
      "ResponseHeaders": {
        "api-supported-versions": "2021-04-07-preview1, 2022-07-18-preview",
        "Connection": "keep-alive",
        "Content-Type": "application/json; charset=utf-8",
        "Date": "Wed, 09 Nov 2022 08:13:09 GMT",
        "ETag": "Sanitized",
        "Last-Modified": "Wed, 09 Nov 2022 08:13:09 GMT",
        "Request-Context": "appId=",
        "trace-id": "31d21d862888000be97d66e8ca5d6f2d",
        "Transfer-Encoding": "chunked",
        "x-azure-ref": "20221109T081309Z-hvb1cv81ux3d15kk2y0vp09x4g00000004e000000000tru5",
        "X-Cache": "CONFIG_NOCACHE"
      },
      "ResponseBody": {
        "id": "tst_update_dp_async",
        "name": "tst_update_dp_async",
        "offerTtlSeconds": 10,
        "mode": {
          "kind": "best-worker",
          "scoringRuleOptions": {
            "scoringParameters": [
              "jobLabels",
              "workerSelectors"
            ],
            "allowScoringBatchOfWorkers": false,
            "descendingOrder": true
          },
          "minConcurrentOffers": 1,
          "maxConcurrentOffers": 1,
          "bypassSelectors": false
        }
      }
    },
    {
      "RequestUri": "https://sanitized.communication.azure.net/routing/distributionPolicies/tst_update_dp_async?api-version=2022-07-18-preview",
      "RequestMethod": "PATCH",
      "RequestHeaders": {
        "Accept": "application/json",
        "Accept-Encoding": "gzip, deflate",
        "Authorization": "Sanitized",
        "Content-Length": "141",
        "Content-Type": "application/merge-patch\u002Bjson",
        "User-Agent": "azsdk-python-communication-jobrouter/1.0.0b1 Python/3.9.7 (Windows-10-10.0.22621-SP0)",
        "x-ms-client-request-id": "599b76cb-6006-11ed-b506-046c590f95d2",
        "x-ms-content-sha256": "Sanitized",
        "x-ms-date": "Wed, 09 Nov 2022 08:13:10 GMT",
        "x-ms-return-client-request-id": "true"
      },
      "RequestBody": {
        "name": "tst_update_dp_async",
        "offerTtlSeconds": 10.0,
        "mode": {
          "kind": "best-worker",
          "minConcurrentOffers": 2,
          "maxConcurrentOffers": 2
        }
      },
      "StatusCode": 200,
      "ResponseHeaders": {
        "api-supported-versions": "2021-04-07-preview1, 2022-07-18-preview",
        "Connection": "keep-alive",
        "Content-Type": "application/json; charset=utf-8",
        "Date": "Wed, 09 Nov 2022 08:13:10 GMT",
        "ETag": "Sanitized",
        "Last-Modified": "Wed, 09 Nov 2022 08:13:10 GMT",
        "Request-Context": "appId=",
        "trace-id": "0870993a21e53a65e7cfacdb689a7e81",
        "Transfer-Encoding": "chunked",
        "x-azure-ref": "20221109T081309Z-hvb1cv81ux3d15kk2y0vp09x4g00000004e000000000trwu",
        "X-Cache": "CONFIG_NOCACHE"
      },
      "ResponseBody": {
        "id": "tst_update_dp_async",
        "name": "tst_update_dp_async",
        "offerTtlSeconds": 10,
        "mode": {
          "kind": "best-worker",
          "scoringRuleOptions": {
            "scoringParameters": [
              "jobLabels",
              "workerSelectors"
            ],
            "allowScoringBatchOfWorkers": false,
            "descendingOrder": true
          },
          "minConcurrentOffers": 2,
          "maxConcurrentOffers": 2,
          "bypassSelectors": false
        }
      }
    },
    {
      "RequestUri": "https://sanitized.communication.azure.net/routing/distributionPolicies/tst_update_dp_async?api-version=2022-07-18-preview",
      "RequestMethod": "PATCH",
      "RequestHeaders": {
        "Accept": "application/json",
        "Accept-Encoding": "gzip, deflate",
        "Authorization": "Sanitized",
        "Content-Length": "142",
        "Content-Type": "application/merge-patch\u002Bjson",
        "User-Agent": "azsdk-python-communication-jobrouter/1.0.0b1 Python/3.9.7 (Windows-10-10.0.22621-SP0)",
        "x-ms-client-request-id": "59b4d922-6006-11ed-827c-046c590f95d2",
        "x-ms-content-sha256": "Sanitized",
        "x-ms-date": "Wed, 09 Nov 2022 08:13:10 GMT",
        "x-ms-return-client-request-id": "true"
      },
      "RequestBody": {
        "name": "tst_update_dp_async",
        "offerTtlSeconds": 10.0,
        "mode": {
          "kind": "longest-idle",
          "minConcurrentOffers": 1,
          "maxConcurrentOffers": 1
        }
      },
      "StatusCode": 200,
      "ResponseHeaders": {
        "api-supported-versions": "2021-04-07-preview1, 2022-07-18-preview",
        "Connection": "keep-alive",
        "Content-Type": "application/json; charset=utf-8",
        "Date": "Wed, 09 Nov 2022 08:13:10 GMT",
        "ETag": "Sanitized",
        "Last-Modified": "Wed, 09 Nov 2022 08:13:10 GMT",
        "Request-Context": "appId=",
        "trace-id": "2b9e0c0b3153ebcb58557077600b2c73",
        "Transfer-Encoding": "chunked",
        "x-azure-ref": "20221109T081310Z-hvb1cv81ux3d15kk2y0vp09x4g00000004e000000000try4",
        "X-Cache": "CONFIG_NOCACHE"
      },
      "ResponseBody": {
        "id": "tst_update_dp_async",
        "name": "tst_update_dp_async",
        "offerTtlSeconds": 10,
        "mode": {
          "kind": "longest-idle",
          "minConcurrentOffers": 1,
          "maxConcurrentOffers": 1,
          "bypassSelectors": false
        }
      }
    },
    {
      "RequestUri": "https://sanitized.communication.azure.net/routing/distributionPolicies/tst_update_dp_async?api-version=2022-07-18-preview",
      "RequestMethod": "PATCH",
      "RequestHeaders": {
        "Accept": "application/json",
        "Accept-Encoding": "gzip, deflate",
        "Authorization": "Sanitized",
        "Content-Length": "142",
        "Content-Type": "application/merge-patch\u002Bjson",
        "User-Agent": "azsdk-python-communication-jobrouter/1.0.0b1 Python/3.9.7 (Windows-10-10.0.22621-SP0)",
        "x-ms-client-request-id": "59cdc1b2-6006-11ed-964b-046c590f95d2",
        "x-ms-content-sha256": "Sanitized",
        "x-ms-date": "Wed, 09 Nov 2022 08:13:11 GMT",
        "x-ms-return-client-request-id": "true"
      },
      "RequestBody": {
        "name": "tst_update_dp_async",
        "offerTtlSeconds": 10.0,
        "mode": {
          "kind": "longest-idle",
          "minConcurrentOffers": 2,
          "maxConcurrentOffers": 2
        }
      },
      "StatusCode": 200,
      "ResponseHeaders": {
        "api-supported-versions": "2021-04-07-preview1, 2022-07-18-preview",
        "Connection": "keep-alive",
        "Content-Type": "application/json; charset=utf-8",
        "Date": "Wed, 09 Nov 2022 08:13:10 GMT",
        "ETag": "Sanitized",
        "Last-Modified": "Wed, 09 Nov 2022 08:13:10 GMT",
        "Request-Context": "appId=",
        "trace-id": "ec77e6c98c34611d2dc15b616f8b80b2",
        "Transfer-Encoding": "chunked",
        "x-azure-ref": "20221109T081310Z-hvb1cv81ux3d15kk2y0vp09x4g00000004e000000000trzm",
        "X-Cache": "CONFIG_NOCACHE"
      },
      "ResponseBody": {
        "id": "tst_update_dp_async",
        "name": "tst_update_dp_async",
        "offerTtlSeconds": 10,
        "mode": {
          "kind": "longest-idle",
          "minConcurrentOffers": 2,
          "maxConcurrentOffers": 2,
          "bypassSelectors": false
        }
      }
    },
    {
      "RequestUri": "https://sanitized.communication.azure.net/routing/distributionPolicies/tst_update_dp_async?api-version=2022-07-18-preview",
      "RequestMethod": "PATCH",
      "RequestHeaders": {
        "Accept": "application/json",
        "Accept-Encoding": "gzip, deflate",
        "Authorization": "Sanitized",
        "Content-Length": "141",
        "Content-Type": "application/merge-patch\u002Bjson",
        "User-Agent": "azsdk-python-communication-jobrouter/1.0.0b1 Python/3.9.7 (Windows-10-10.0.22621-SP0)",
        "x-ms-client-request-id": "59ea75ce-6006-11ed-b600-046c590f95d2",
        "x-ms-content-sha256": "Sanitized",
        "x-ms-date": "Wed, 09 Nov 2022 08:13:11 GMT",
        "x-ms-return-client-request-id": "true"
      },
      "RequestBody": {
        "name": "tst_update_dp_async",
        "offerTtlSeconds": 10.0,
        "mode": {
          "kind": "round-robin",
          "minConcurrentOffers": 1,
          "maxConcurrentOffers": 1
        }
      },
      "StatusCode": 200,
      "ResponseHeaders": {
        "api-supported-versions": "2021-04-07-preview1, 2022-07-18-preview",
        "Connection": "keep-alive",
        "Content-Type": "application/json; charset=utf-8",
        "Date": "Wed, 09 Nov 2022 08:13:10 GMT",
        "ETag": "Sanitized",
        "Last-Modified": "Wed, 09 Nov 2022 08:13:10 GMT",
        "Request-Context": "appId=",
        "trace-id": "1212625ea83120ac735cdfdf6839d1d3",
        "Transfer-Encoding": "chunked",
        "x-azure-ref": "20221109T081310Z-hvb1cv81ux3d15kk2y0vp09x4g00000004e000000000ts17",
        "X-Cache": "CONFIG_NOCACHE"
      },
      "ResponseBody": {
        "id": "tst_update_dp_async",
        "name": "tst_update_dp_async",
        "offerTtlSeconds": 10,
        "mode": {
          "kind": "round-robin",
          "minConcurrentOffers": 1,
          "maxConcurrentOffers": 1,
          "bypassSelectors": false
        }
      }
    },
    {
      "RequestUri": "https://sanitized.communication.azure.net/routing/distributionPolicies/tst_update_dp_async?api-version=2022-07-18-preview",
      "RequestMethod": "PATCH",
      "RequestHeaders": {
        "Accept": "application/json",
        "Accept-Encoding": "gzip, deflate",
        "Authorization": "Sanitized",
        "Content-Length": "141",
        "Content-Type": "application/merge-patch\u002Bjson",
        "User-Agent": "azsdk-python-communication-jobrouter/1.0.0b1 Python/3.9.7 (Windows-10-10.0.22621-SP0)",
        "x-ms-client-request-id": "5a083c5b-6006-11ed-974a-046c590f95d2",
        "x-ms-content-sha256": "Sanitized",
        "x-ms-date": "Wed, 09 Nov 2022 08:13:11 GMT",
        "x-ms-return-client-request-id": "true"
      },
      "RequestBody": {
        "name": "tst_update_dp_async",
        "offerTtlSeconds": 10.0,
        "mode": {
          "kind": "round-robin",
          "minConcurrentOffers": 2,
          "maxConcurrentOffers": 2
        }
      },
      "StatusCode": 200,
      "ResponseHeaders": {
        "api-supported-versions": "2021-04-07-preview1, 2022-07-18-preview",
        "Connection": "keep-alive",
        "Content-Type": "application/json; charset=utf-8",
        "Date": "Wed, 09 Nov 2022 08:13:10 GMT",
        "ETag": "Sanitized",
        "Last-Modified": "Wed, 09 Nov 2022 08:13:10 GMT",
        "Request-Context": "appId=",
        "trace-id": "ec9794362e4a96017cbfedf8cefc60e1",
        "Transfer-Encoding": "chunked",
        "x-azure-ref": "20221109T081310Z-hvb1cv81ux3d15kk2y0vp09x4g00000004e000000000ts2v",
        "X-Cache": "CONFIG_NOCACHE"
      },
      "ResponseBody": {
        "id": "tst_update_dp_async",
        "name": "tst_update_dp_async",
        "offerTtlSeconds": 10,
        "mode": {
          "kind": "round-robin",
          "minConcurrentOffers": 2,
          "maxConcurrentOffers": 2,
          "bypassSelectors": false
        }
      }
    },
    {
      "RequestUri": "https://sanitized.communication.azure.net/routing/distributionPolicies/tst_update_dp_async?api-version=2022-07-18-preview",
      "RequestMethod": "DELETE",
      "RequestHeaders": {
        "Accept": "application/json",
        "Accept-Encoding": "gzip, deflate",
        "Authorization": "Sanitized",
        "Content-Length": "0",
        "User-Agent": "azsdk-python-communication-jobrouter/1.0.0b1 Python/3.9.7 (Windows-10-10.0.22621-SP0)",
        "x-ms-client-request-id": "5a1fcfb1-6006-11ed-801a-046c590f95d2",
        "x-ms-content-sha256": "Sanitized",
        "x-ms-date": "Wed, 09 Nov 2022 08:13:11 GMT",
        "x-ms-return-client-request-id": "true"
      },
      "RequestBody": null,
      "StatusCode": 204,
      "ResponseHeaders": {
        "api-supported-versions": "2021-04-07-preview1, 2022-07-18-preview",
        "Connection": "keep-alive",
        "Date": "Wed, 09 Nov 2022 08:13:10 GMT",
        "Request-Context": "appId=",
        "trace-id": "76eaef5e11ab6ca6860054cfdc7d4d2d",
        "x-azure-ref": "20221109T081310Z-hvb1cv81ux3d15kk2y0vp09x4g00000004e000000000ts4a",
        "X-Cache": "CONFIG_NOCACHE"
      },
      "ResponseBody": null
    }
  ],
  "Variables": {}
}
