interactions:
- request:
    body: '{"name": "test_create_job_direct_q_tst_dp", "offerTtlSeconds": 10.0, "mode":
      {"kind": "round-robin", "minConcurrentOffers": 1, "maxConcurrentOffers": 1}}'
    headers:
      Accept:
      - application/json
      Accept-Encoding:
      - gzip, deflate
      Connection:
      - keep-alive
      Content-Length:
      - '153'
      Content-Type:
      - application/merge-patch+json
      User-Agent:
      - azsdk-python-communication-jobrouter/1.0.0 Python/3.9.12 (Windows-10-10.0.22000-SP0)
      x-ms-date:
      - Mon, 16 May 2022 21:12:57 GMT
      x-ms-return-client-request-id:
      - 'true'
    method: PATCH
    uri: https://sanitized.int.communication.azure.net/routing/distributionPolicies/test_create_job_direct_q_tst_dp?api-version=2021-10-20-preview2
  response:
    body:
      string: '{"id":"test_create_job_direct_q_tst_dp","name":"test_create_job_direct_q_tst_dp","offerTTLSeconds":10,"mode":{"kind":"round-robin","minConcurrentOffers":1,"maxConcurrentOffers":1,"bypassSelectors":false}}'
    headers:
      api-supported-versions:
      - 2021-04-07-preview1, 2021-10-20-preview2
      content-type:
      - application/json; charset=utf-8
      date:
      - Mon, 16 May 2022 21:12:58 GMT
      etag:
      - REDACTED
      last-modified:
      - Mon, 16 May 2022 21:12:58 GMT
      request-context:
      - appId=
      trace-id:
      - 2e88206cf484284397fc7c43d4f76254
      transfer-encoding:
      - chunked
      x-cache:
      - CONFIG_NOCACHE
    status:
      code: 200
      message: OK
- request:
    body: '{"name": "test_create_job_direct_q_tst_q", "distributionPolicyId": "test_create_job_direct_q_tst_dp",
      "labels": {"key1": "JobKey", "key2": 10, "key3": true}}'
    headers:
      Accept:
      - application/json
      Accept-Encoding:
      - gzip, deflate
      Connection:
      - keep-alive
      Content-Length:
      - '157'
      Content-Type:
      - application/merge-patch+json
      User-Agent:
      - azsdk-python-communication-jobrouter/1.0.0 Python/3.9.12 (Windows-10-10.0.22000-SP0)
      x-ms-date:
      - Mon, 16 May 2022 21:12:58 GMT
      x-ms-return-client-request-id:
      - 'true'
    method: PATCH
    uri: https://sanitized.int.communication.azure.net/routing/queues/test_create_job_direct_q_tst_q?api-version=2021-10-20-preview2
  response:
    body:
      string: '{"id":"test_create_job_direct_q_tst_q","name":"test_create_job_direct_q_tst_q","distributionPolicyId":"test_create_job_direct_q_tst_dp","labels":{"key1":"JobKey","key2":10,"key3":true,"Id":"test_create_job_direct_q_tst_q"}}'
    headers:
      api-supported-versions:
      - 2021-04-07-preview1, 2021-10-20-preview2
      content-type:
      - application/json; charset=utf-8
      date:
      - Mon, 16 May 2022 21:12:58 GMT
      etag:
      - REDACTED
      last-modified:
      - Mon, 16 May 2022 21:12:59 GMT
      request-context:
      - appId=
      trace-id:
      - 2a2c732d8088752d76ff2431f30e379c
      transfer-encoding:
      - chunked
      x-cache:
      - CONFIG_NOCACHE
    status:
      code: 200
      message: OK
- request:
    body: '{"channelReference": "fakeChannelRef1", "channelId": "fakeChannelId1",
      "queueId": "test_create_job_direct_q_tst_q", "priority": 10, "requestedWorkerSelectors":
      [{"key": "FakeKey1", "labelOperator": "equal", "value": true}, {"key": "FakeKey2",
      "labelOperator": "notEqual", "value": false}, {"key": "FakeKey3", "labelOperator":
      "lessThan", "value": 10}, {"key": "FakeKey4", "labelOperator": "lessThanEqual",
      "value": 10.01}, {"key": "FakeKey5", "labelOperator": "greaterThan", "value":
      10}, {"key": "FakeKey6", "labelOperator": "greaterThanEqual", "value": 10}],
      "labels": {"key1": "JobKey", "key2": 10, "key3": true}, "tags": {"tag1": "WorkerGenericInfo"},
      "notes": {"2022-05-13T16:59:04.531199Z": "Fake notes attached to job"}}'
    headers:
      Accept:
      - application/json
      Accept-Encoding:
      - gzip, deflate
      Connection:
      - keep-alive
      Content-Length:
      - '727'
      Content-Type:
      - application/merge-patch+json
      User-Agent:
      - azsdk-python-communication-jobrouter/1.0.0 Python/3.9.12 (Windows-10-10.0.22000-SP0)
      x-ms-date:
      - Mon, 16 May 2022 21:12:58 GMT
      x-ms-return-client-request-id:
      - 'true'
    method: PATCH
    uri: https://sanitized.int.communication.azure.net/routing/jobs/tst_create_job_man?api-version=2021-10-20-preview2
  response:
    body:
      string: '{"id":"tst_create_job_man","channelReference":"fakeChannelRef1","jobStatus":"created","channelId":"fakeChannelId1","queueId":"test_create_job_direct_q_tst_q","priority":10,"requestedWorkerSelectors":[{"expedite":false,"key":"FakeKey1","labelOperator":"equal","value":true},{"expedite":false,"key":"FakeKey2","labelOperator":"notEqual","value":false},{"expedite":false,"key":"FakeKey3","labelOperator":"lessThan","value":10},{"expedite":false,"key":"FakeKey4","labelOperator":"lessThanEqual","value":10.01},{"expedite":false,"key":"FakeKey5","labelOperator":"greaterThan","value":10},{"expedite":false,"key":"FakeKey6","labelOperator":"greaterThanEqual","value":10}],"attachedWorkerSelectors":[],"labels":{"key1":"JobKey","key2":10,"key3":true},"assignments":{},"tags":{"tag1":"WorkerGenericInfo"},"notes":{"2022-05-13T16:59:04.531199+00:00":"Fake
        notes attached to job"}}'
    headers:
      api-supported-versions:
      - 2021-04-07-preview1, 2021-10-20-preview2
      content-type:
      - application/json; charset=utf-8
      date:
      - Mon, 16 May 2022 21:12:59 GMT
      etag:
      - REDACTED
      last-modified:
      - Mon, 16 May 2022 21:12:59 GMT
      request-context:
      - appId=
      trace-id:
      - 2647a716073b58c3dba362cb363984e1
      transfer-encoding:
      - chunked
      x-cache:
      - CONFIG_NOCACHE
    status:
      code: 200
      message: OK
- request:
    body: null
    headers:
      Accept:
      - application/json
      Accept-Encoding:
      - gzip, deflate
      Connection:
      - keep-alive
      User-Agent:
      - azsdk-python-communication-jobrouter/1.0.0 Python/3.9.12 (Windows-10-10.0.22000-SP0)
      x-ms-date:
      - Mon, 16 May 2022 21:12:58 GMT
      x-ms-return-client-request-id:
      - 'true'
    method: GET
    uri: https://sanitized.int.communication.azure.net/routing/jobs/tst_create_job_man?api-version=2021-10-20-preview2
  response:
    body:
      string: '{"id":"tst_create_job_man","channelReference":"fakeChannelRef1","jobStatus":"queued","enqueueTimeUtc":"2022-05-16T21:12:59.5179109+00:00","channelId":"fakeChannelId1","queueId":"test_create_job_direct_q_tst_q","priority":10,"requestedWorkerSelectors":[{"expedite":false,"key":"FakeKey1","labelOperator":"equal","value":true},{"expedite":false,"key":"FakeKey2","labelOperator":"notEqual","value":false},{"expedite":false,"key":"FakeKey3","labelOperator":"lessThan","value":10},{"expedite":false,"key":"FakeKey4","labelOperator":"lessThanEqual","value":10.01},{"expedite":false,"key":"FakeKey5","labelOperator":"greaterThan","value":10},{"expedite":false,"key":"FakeKey6","labelOperator":"greaterThanEqual","value":10}],"attachedWorkerSelectors":[],"labels":{"key1":"JobKey","key2":10,"key3":true},"assignments":{},"tags":{"tag1":"WorkerGenericInfo"},"notes":{"2022-05-13T16:59:04.531199+00:00":"Fake
        notes attached to job"}}'
    headers:
      api-supported-versions:
      - 2021-04-07-preview1, 2021-10-20-preview2
      content-type:
      - application/json; charset=utf-8
      date:
      - Mon, 16 May 2022 21:12:59 GMT
      etag:
      - REDACTED
      last-modified:
      - Mon, 16 May 2022 21:12:59 GMT
      request-context:
      - appId=
      trace-id:
      - 4cbb25b835b8cdf0900b86174045329d
      transfer-encoding:
      - chunked
      x-cache:
      - CONFIG_NOCACHE
    status:
      code: 200
      message: OK
- request:
    body: '{"note": "Cancelling job after test cleanup after: test_create_job_direct_q",
      "dispositionCode": "JobCancelledAsPartOfTestCleanUp"}'
    headers:
      Accept:
      - application/json
      Accept-Encoding:
      - gzip, deflate
      Connection:
      - keep-alive
      Content-Length:
      - '131'
      Content-Type:
      - application/json
      User-Agent:
      - azsdk-python-communication-jobrouter/1.0.0 Python/3.9.12 (Windows-10-10.0.22000-SP0)
      x-ms-date:
      - Mon, 16 May 2022 21:12:59 GMT
      x-ms-return-client-request-id:
      - 'true'
    method: POST
    uri: https://sanitized.int.communication.azure.net/routing/jobs/tst_create_job_man:cancel?api-version=2021-10-20-preview2
  response:
    body:
      string: '{}'
    headers:
      api-supported-versions:
      - 2021-04-07-preview1, 2021-10-20-preview2
      content-type:
      - application/json; charset=utf-8
      date:
      - Mon, 16 May 2022 21:13:00 GMT
      request-context:
      - appId=
      trace-id:
      - ac530d07689a5ff9f91a3825d7b2fafe
      transfer-encoding:
      - chunked
      x-cache:
      - CONFIG_NOCACHE
    status:
      code: 200
      message: OK
- request:
    body: null
    headers:
      Accept:
      - application/json
      Accept-Encoding:
      - gzip, deflate
      Connection:
      - keep-alive
      Content-Length:
      - '0'
      User-Agent:
      - azsdk-python-communication-jobrouter/1.0.0 Python/3.9.12 (Windows-10-10.0.22000-SP0)
      x-ms-date:
      - Mon, 16 May 2022 21:12:59 GMT
      x-ms-return-client-request-id:
      - 'true'
    method: DELETE
    uri: https://sanitized.int.communication.azure.net/routing/jobs/tst_create_job_man?api-version=2021-10-20-preview2
  response:
    body:
      string: ''
    headers:
      api-supported-versions:
      - 2021-04-07-preview1, 2021-10-20-preview2
      date:
      - Mon, 16 May 2022 21:13:00 GMT
      request-context:
      - appId=
      trace-id:
      - 47aea7b7d6352df839ea5c92dda1832e
      x-cache:
      - CONFIG_NOCACHE
    status:
      code: 204
      message: No Content
- request:
    body: null
    headers:
      Accept:
      - application/json
      Accept-Encoding:
      - gzip, deflate
      Connection:
      - keep-alive
      Content-Length:
      - '0'
      User-Agent:
      - azsdk-python-communication-jobrouter/1.0.0 Python/3.9.12 (Windows-10-10.0.22000-SP0)
      x-ms-date:
      - Mon, 16 May 2022 21:12:59 GMT
      x-ms-return-client-request-id:
      - 'true'
    method: DELETE
    uri: https://sanitized.int.communication.azure.net/routing/queues/test_create_job_direct_q_tst_q?api-version=2021-10-20-preview2
  response:
    body:
      string: ''
    headers:
      api-supported-versions:
      - 2021-04-07-preview1, 2021-10-20-preview2
      date:
      - Mon, 16 May 2022 21:13:00 GMT
      request-context:
      - appId=
      trace-id:
      - f435e524e13a87323f4465c27601b2c8
      x-cache:
      - CONFIG_NOCACHE
    status:
      code: 204
      message: No Content
- request:
    body: null
    headers:
      Accept:
      - application/json
      Accept-Encoding:
      - gzip, deflate
      Connection:
      - keep-alive
      Content-Length:
      - '0'
      User-Agent:
      - azsdk-python-communication-jobrouter/1.0.0 Python/3.9.12 (Windows-10-10.0.22000-SP0)
      x-ms-date:
      - Mon, 16 May 2022 21:13:00 GMT
      x-ms-return-client-request-id:
      - 'true'
    method: DELETE
    uri: https://sanitized.int.communication.azure.net/routing/distributionPolicies/test_create_job_direct_q_tst_dp?api-version=2021-10-20-preview2
  response:
    body:
      string: ''
    headers:
      api-supported-versions:
      - 2021-04-07-preview1, 2021-10-20-preview2
      date:
      - Mon, 16 May 2022 21:13:00 GMT
      request-context:
      - appId=
      trace-id:
      - d1b7f30937ff0e2a845ab5b9a983b779
      x-cache:
      - CONFIG_NOCACHE
    status:
      code: 204
      message: No Content
version: 1
