interactions:
- request:
    body: '{"name": "test_create_job_w_cp_tst_dp_async", "offerTtlSeconds": 10.0,
      "mode": {"kind": "round-robin", "minConcurrentOffers": 1, "maxConcurrentOffers":
      1}}'
    headers:
      Accept:
      - application/json
      Content-Length:
      - '155'
      Content-Type:
      - application/merge-patch+json
      User-Agent:
      - azsdk-python-communication-jobrouter/1.0.0b1 Python/3.9.7 (Windows-10-10.0.22000-SP0)
      x-ms-date:
      - Tue, 30 Aug 2022 23:29:04 GMT
      x-ms-return-client-request-id:
      - 'true'
    method: PATCH
    uri: https://sanitized.ppe.communication.azure.net/routing/distributionPolicies/test_create_job_w_cp_tst_dp_async?api-version=2022-07-18-preview
  response:
    body:
      string: '{"id":"test_create_job_w_cp_tst_dp_async","name":"test_create_job_w_cp_tst_dp_async","offerTtlSeconds":10,"mode":{"kind":"round-robin","minConcurrentOffers":1,"maxConcurrentOffers":1,"bypassSelectors":false}}'
    headers:
      api-supported-versions: 2021-04-07-preview1, 2022-07-18-preview
      connection: keep-alive
      content-type: application/json; charset=utf-8
      date: Tue, 30 Aug 2022 23:29:06 GMT
      etag: REDACTED
      last-modified: Tue, 30 Aug 2022 23:29:06 GMT
      request-context: appId=
      trace-id: a0545ac636536df441455e8b19b06c60
      transfer-encoding: chunked
      x-cache: CONFIG_NOCACHE
    status:
      code: 200
      message: OK
    url: https://rsarkar-ppe-test.ppe.communication.azure.net/routing/distributionPolicies/test_create_job_w_cp_tst_dp_async?api-version=2022-07-18-preview
- request:
    body: '{"name": "test_create_job_w_cp_tst_q_async", "distributionPolicyId": "test_create_job_w_cp_tst_dp_async",
      "labels": {"key1": "JobKey", "key2": 10, "key3": true}}'
    headers:
      Accept:
      - application/json
      Content-Length:
      - '161'
      Content-Type:
      - application/merge-patch+json
      User-Agent:
      - azsdk-python-communication-jobrouter/1.0.0b1 Python/3.9.7 (Windows-10-10.0.22000-SP0)
      x-ms-date:
      - Tue, 30 Aug 2022 23:29:04 GMT
      x-ms-return-client-request-id:
      - 'true'
    method: PATCH
    uri: https://sanitized.ppe.communication.azure.net/routing/queues/test_create_job_w_cp_tst_q_async?api-version=2022-07-18-preview
  response:
    body:
      string: '{"id":"test_create_job_w_cp_tst_q_async","name":"test_create_job_w_cp_tst_q_async","distributionPolicyId":"test_create_job_w_cp_tst_dp_async","labels":{"key1":"JobKey","key2":10,"key3":true,"Id":"test_create_job_w_cp_tst_q_async"}}'
    headers:
      api-supported-versions: 2021-04-07-preview1, 2022-07-18-preview
      connection: keep-alive
      content-type: application/json; charset=utf-8
      date: Tue, 30 Aug 2022 23:29:06 GMT
      etag: REDACTED
      last-modified: Tue, 30 Aug 2022 23:29:06 GMT
      request-context: appId=
      trace-id: d37467ed6e475e9f0bf88b4e66d0ef93
      transfer-encoding: chunked
      x-cache: CONFIG_NOCACHE
    status:
      code: 200
      message: OK
    url: https://rsarkar-ppe-test.ppe.communication.azure.net/routing/queues/test_create_job_w_cp_tst_q_async?api-version=2022-07-18-preview
- request:
    body: '{"name": "test_create_job_w_cp_tst_flbk_q_async", "distributionPolicyId":
      "test_create_job_w_cp_tst_dp_async", "labels": {"key1": "JobKey", "key2": 10,
      "key3": true}}'
    headers:
      Accept:
      - application/json
      Content-Length:
      - '166'
      Content-Type:
      - application/merge-patch+json
      User-Agent:
      - azsdk-python-communication-jobrouter/1.0.0b1 Python/3.9.7 (Windows-10-10.0.22000-SP0)
      x-ms-date:
      - Tue, 30 Aug 2022 23:29:05 GMT
      x-ms-return-client-request-id:
      - 'true'
    method: PATCH
    uri: https://sanitized.ppe.communication.azure.net/routing/queues/test_create_job_w_cp_tst_flbk_q_async?api-version=2022-07-18-preview
  response:
    body:
      string: '{"id":"test_create_job_w_cp_tst_flbk_q_async","name":"test_create_job_w_cp_tst_flbk_q_async","distributionPolicyId":"test_create_job_w_cp_tst_dp_async","labels":{"key1":"JobKey","key2":10,"key3":true,"Id":"test_create_job_w_cp_tst_flbk_q_async"}}'
    headers:
      api-supported-versions: 2021-04-07-preview1, 2022-07-18-preview
      connection: keep-alive
      content-type: application/json; charset=utf-8
      date: Tue, 30 Aug 2022 23:29:06 GMT
      etag: REDACTED
      last-modified: Tue, 30 Aug 2022 23:29:06 GMT
      request-context: appId=
      trace-id: 557b0071e6f3108b9c46d8407ad185ff
      transfer-encoding: chunked
      x-cache: CONFIG_NOCACHE
    status:
      code: 200
      message: OK
    url: https://rsarkar-ppe-test.ppe.communication.azure.net/routing/queues/test_create_job_w_cp_tst_flbk_q_async?api-version=2022-07-18-preview
- request:
    body: '{"name": "test_create_job_w_cp_tst_cp", "fallbackQueueId": "test_create_job_w_cp_tst_flbk_q_async",
      "queueSelectors": [{"kind": "static", "labelSelector": {"key": "Id", "labelOperator":
      "equal", "value": "test_create_job_w_cp_tst_q_async"}}], "prioritizationRule":
      {"kind": "static-rule", "value": 10}, "workerSelectors": [{"kind": "static",
      "labelSelector": {"key": "FakeKeyFromCp", "labelOperator": "equal", "value":
      "FakeValue"}}]}'
    headers:
      Accept:
      - application/json
      Content-Length:
      - '434'
      Content-Type:
      - application/merge-patch+json
      User-Agent:
      - azsdk-python-communication-jobrouter/1.0.0b1 Python/3.9.7 (Windows-10-10.0.22000-SP0)
      x-ms-date:
      - Tue, 30 Aug 2022 23:29:05 GMT
      x-ms-return-client-request-id:
      - 'true'
    method: PATCH
    uri: https://sanitized.ppe.communication.azure.net/routing/classificationPolicies/test_create_job_w_cp_tst_cp?api-version=2022-07-18-preview
  response:
    body:
      string: '{"id":"test_create_job_w_cp_tst_cp","name":"test_create_job_w_cp_tst_cp","fallbackQueueId":"test_create_job_w_cp_tst_flbk_q_async","queueSelectors":[{"kind":"static","labelSelector":{"key":"Id","labelOperator":"equal","value":"test_create_job_w_cp_tst_q_async"}}],"prioritizationRule":{"kind":"static-rule","value":10},"workerSelectors":[{"kind":"static","labelSelector":{"expedite":false,"state":"active","key":"FakeKeyFromCp","labelOperator":"equal","value":"FakeValue"}}]}'
    headers:
      api-supported-versions: 2021-04-07-preview1, 2022-07-18-preview
      connection: keep-alive
      content-type: application/json; charset=utf-8
      date: Tue, 30 Aug 2022 23:29:07 GMT
      etag: REDACTED
      last-modified: Tue, 30 Aug 2022 23:29:07 GMT
      request-context: appId=
      trace-id: 9a030da214653cdffcf3121275819c11
      transfer-encoding: chunked
      x-cache: CONFIG_NOCACHE
    status:
      code: 200
      message: OK
    url: https://rsarkar-ppe-test.ppe.communication.azure.net/routing/classificationPolicies/test_create_job_w_cp_tst_cp?api-version=2022-07-18-preview
- request:
    body: '{"channelReference": "fakeChannelRef1", "channelId": "fakeChannelId1",
      "classificationPolicyId": "test_create_job_w_cp_tst_cp", "requestedWorkerSelectors":
      [{"key": "FakeKey1", "labelOperator": "equal", "value": true}, {"key": "FakeKey2",
      "labelOperator": "notEqual", "value": false}, {"key": "FakeKey3", "labelOperator":
      "lessThan", "value": 10}, {"key": "FakeKey4", "labelOperator": "lessThanEqual",
      "value": 10.01}, {"key": "FakeKey5", "labelOperator": "greaterThan", "value":
      10}, {"key": "FakeKey6", "labelOperator": "greaterThanEqual", "value": 10}],
      "labels": {"key1": "JobKey", "key2": 10, "key3": true}, "tags": {"tag1": "WorkerGenericInfo"},
      "notes": {"2022-05-13T16:59:04.531199Z": "Fake notes attached to job"}}'
    headers:
      Accept:
      - application/json
      Content-Length:
      - '723'
      Content-Type:
      - application/merge-patch+json
      User-Agent:
      - azsdk-python-communication-jobrouter/1.0.0b1 Python/3.9.7 (Windows-10-10.0.22000-SP0)
      x-ms-date:
      - Tue, 30 Aug 2022 23:29:05 GMT
      x-ms-return-client-request-id:
      - 'true'
    method: PATCH
    uri: https://sanitized.ppe.communication.azure.net/routing/jobs/tst_create_job_cp_async?api-version=2022-07-18-preview
  response:
    body:
      string: '{"id":"tst_create_job_cp_async","channelReference":"fakeChannelRef1","jobStatus":"pendingClassification","channelId":"fakeChannelId1","classificationPolicyId":"test_create_job_w_cp_tst_cp","priority":1,"requestedWorkerSelectors":[{"expedite":false,"state":"active","key":"FakeKey1","labelOperator":"equal","value":true},{"expedite":false,"state":"active","key":"FakeKey2","labelOperator":"notEqual","value":false},{"expedite":false,"state":"active","key":"FakeKey3","labelOperator":"lessThan","value":10},{"expedite":false,"state":"active","key":"FakeKey4","labelOperator":"lessThanEqual","value":10.01},{"expedite":false,"state":"active","key":"FakeKey5","labelOperator":"greaterThan","value":10},{"expedite":false,"state":"active","key":"FakeKey6","labelOperator":"greaterThanEqual","value":10}],"attachedWorkerSelectors":[],"labels":{"key1":"JobKey","key2":10,"key3":true},"assignments":{},"tags":{"tag1":"WorkerGenericInfo"},"notes":{"2022-05-13T16:59:04.531199+00:00":"Fake
        notes attached to job"}}'
    headers:
      api-supported-versions: 2021-04-07-preview1, 2022-07-18-preview
      connection: keep-alive
      content-type: application/json; charset=utf-8
      date: Tue, 30 Aug 2022 23:29:07 GMT
      etag: REDACTED
      last-modified: Tue, 30 Aug 2022 23:29:07 GMT
      request-context: appId=
      trace-id: 4f29732c871ebc1568c66d9bb8266fdb
      transfer-encoding: chunked
      x-cache: CONFIG_NOCACHE
    status:
      code: 200
      message: OK
    url: https://rsarkar-ppe-test.ppe.communication.azure.net/routing/jobs/tst_create_job_cp_async?api-version=2022-07-18-preview
- request:
    body: ''
    headers:
      Accept:
      - application/json
      User-Agent:
      - azsdk-python-communication-jobrouter/1.0.0b1 Python/3.9.7 (Windows-10-10.0.22000-SP0)
      x-ms-date:
      - Tue, 30 Aug 2022 23:29:06 GMT
      x-ms-return-client-request-id:
      - 'true'
    method: GET
    uri: https://sanitized.ppe.communication.azure.net/routing/jobs/tst_create_job_cp_async?api-version=2022-07-18-preview
  response:
    body:
      string: '{"id":"tst_create_job_cp_async","channelReference":"fakeChannelRef1","jobStatus":"pendingClassification","channelId":"fakeChannelId1","classificationPolicyId":"test_create_job_w_cp_tst_cp","queueId":"test_create_job_w_cp_tst_q_async","priority":10,"requestedWorkerSelectors":[{"expedite":false,"state":"active","key":"FakeKey1","labelOperator":"equal","value":true},{"expedite":false,"state":"active","key":"FakeKey2","labelOperator":"notEqual","value":false},{"expedite":false,"state":"active","key":"FakeKey3","labelOperator":"lessThan","value":10},{"expedite":false,"state":"active","key":"FakeKey4","labelOperator":"lessThanEqual","value":10.01},{"expedite":false,"state":"active","key":"FakeKey5","labelOperator":"greaterThan","value":10},{"expedite":false,"state":"active","key":"FakeKey6","labelOperator":"greaterThanEqual","value":10}],"attachedWorkerSelectors":[{"expedite":false,"state":"active","key":"FakeKeyFromCp","labelOperator":"equal","value":"FakeValue"}],"labels":{"key1":"JobKey","key2":10,"key3":true},"assignments":{},"tags":{"tag1":"WorkerGenericInfo"},"notes":{"2022-05-13T16:59:04.531199+00:00":"Fake
        notes attached to job"}}'
    headers:
      api-supported-versions: 2021-04-07-preview1, 2022-07-18-preview
      connection: keep-alive
      content-type: application/json; charset=utf-8
      date: Tue, 30 Aug 2022 23:29:07 GMT
      etag: REDACTED
      last-modified: Tue, 30 Aug 2022 23:29:07 GMT
      request-context: appId=
      trace-id: 2a793b14b7e6f23ca4468646b20580c1
      transfer-encoding: chunked
      x-cache: CONFIG_NOCACHE
    status:
      code: 200
      message: OK
    url: https://rsarkar-ppe-test.ppe.communication.azure.net/routing/jobs/tst_create_job_cp_async?api-version=2022-07-18-preview
- request:
    body: ''
    headers:
      Accept:
      - application/json
      User-Agent:
      - azsdk-python-communication-jobrouter/1.0.0b1 Python/3.9.7 (Windows-10-10.0.22000-SP0)
      x-ms-date:
      - Tue, 30 Aug 2022 23:29:09 GMT
      x-ms-return-client-request-id:
      - 'true'
    method: GET
    uri: https://sanitized.ppe.communication.azure.net/routing/jobs/tst_create_job_cp_async?api-version=2022-07-18-preview
  response:
    body:
      string: '{"id":"tst_create_job_cp_async","channelReference":"fakeChannelRef1","jobStatus":"queued","enqueueTimeUtc":"2022-08-30T23:29:07.8807393+00:00","channelId":"fakeChannelId1","classificationPolicyId":"test_create_job_w_cp_tst_cp","queueId":"test_create_job_w_cp_tst_q_async","priority":10,"requestedWorkerSelectors":[{"expedite":false,"state":"active","key":"FakeKey1","labelOperator":"equal","value":true},{"expedite":false,"state":"active","key":"FakeKey2","labelOperator":"notEqual","value":false},{"expedite":false,"state":"active","key":"FakeKey3","labelOperator":"lessThan","value":10},{"expedite":false,"state":"active","key":"FakeKey4","labelOperator":"lessThanEqual","value":10.01},{"expedite":false,"state":"active","key":"FakeKey5","labelOperator":"greaterThan","value":10},{"expedite":false,"state":"active","key":"FakeKey6","labelOperator":"greaterThanEqual","value":10}],"attachedWorkerSelectors":[{"expedite":false,"state":"active","key":"FakeKeyFromCp","labelOperator":"equal","value":"FakeValue"}],"labels":{"key1":"JobKey","key2":10,"key3":true},"assignments":{},"tags":{"tag1":"WorkerGenericInfo"},"notes":{"2022-05-13T16:59:04.531199+00:00":"Fake
        notes attached to job"}}'
    headers:
      api-supported-versions: 2021-04-07-preview1, 2022-07-18-preview
      content-type: application/json; charset=utf-8
      date: Tue, 30 Aug 2022 23:29:10 GMT
      etag: REDACTED
      last-modified: Tue, 30 Aug 2022 23:29:07 GMT
      request-context: appId=
      trace-id: b54f29e7864245fdb742ea1fd086187f
      transfer-encoding: chunked
      x-cache: CONFIG_NOCACHE
    status:
      code: 200
      message: OK
    url: https://rsarkar-ppe-test.ppe.communication.azure.net/routing/jobs/tst_create_job_cp_async?api-version=2022-07-18-preview
- request:
    body: ''
    headers:
      Accept:
      - application/json
      User-Agent:
      - azsdk-python-communication-jobrouter/1.0.0b1 Python/3.9.7 (Windows-10-10.0.22000-SP0)
      x-ms-date:
      - Tue, 30 Aug 2022 23:29:09 GMT
      x-ms-return-client-request-id:
      - 'true'
    method: GET
    uri: https://sanitized.ppe.communication.azure.net/routing/jobs/tst_create_job_cp_async?api-version=2022-07-18-preview
  response:
    body:
      string: '{"id":"tst_create_job_cp_async","channelReference":"fakeChannelRef1","jobStatus":"queued","enqueueTimeUtc":"2022-08-30T23:29:07.8807393+00:00","channelId":"fakeChannelId1","classificationPolicyId":"test_create_job_w_cp_tst_cp","queueId":"test_create_job_w_cp_tst_q_async","priority":10,"requestedWorkerSelectors":[{"expedite":false,"state":"active","key":"FakeKey1","labelOperator":"equal","value":true},{"expedite":false,"state":"active","key":"FakeKey2","labelOperator":"notEqual","value":false},{"expedite":false,"state":"active","key":"FakeKey3","labelOperator":"lessThan","value":10},{"expedite":false,"state":"active","key":"FakeKey4","labelOperator":"lessThanEqual","value":10.01},{"expedite":false,"state":"active","key":"FakeKey5","labelOperator":"greaterThan","value":10},{"expedite":false,"state":"active","key":"FakeKey6","labelOperator":"greaterThanEqual","value":10}],"attachedWorkerSelectors":[{"expedite":false,"state":"active","key":"FakeKeyFromCp","labelOperator":"equal","value":"FakeValue"}],"labels":{"key1":"JobKey","key2":10,"key3":true},"assignments":{},"tags":{"tag1":"WorkerGenericInfo"},"notes":{"2022-05-13T16:59:04.531199+00:00":"Fake
        notes attached to job"}}'
    headers:
      api-supported-versions: 2021-04-07-preview1, 2022-07-18-preview
      content-type: application/json; charset=utf-8
      date: Tue, 30 Aug 2022 23:29:11 GMT
      etag: REDACTED
      last-modified: Tue, 30 Aug 2022 23:29:07 GMT
      request-context: appId=
      trace-id: ad96e7d37001d3b1396c3b9a97c6895c
      transfer-encoding: chunked
      x-cache: CONFIG_NOCACHE
    status:
      code: 200
      message: OK
    url: https://rsarkar-ppe-test.ppe.communication.azure.net/routing/jobs/tst_create_job_cp_async?api-version=2022-07-18-preview
- request:
    body: '{"dispositionCode": "JobCancelledAsPartOfTestCleanUp"}'
    headers:
      Accept:
      - application/json
      Content-Length:
      - '54'
      Content-Type:
      - application/json
      User-Agent:
      - azsdk-python-communication-jobrouter/1.0.0b1 Python/3.9.7 (Windows-10-10.0.22000-SP0)
      x-ms-date:
      - Tue, 30 Aug 2022 23:29:10 GMT
      x-ms-return-client-request-id:
      - 'true'
    method: POST
    uri: https://sanitized.ppe.communication.azure.net/routing/jobs/tst_create_job_cp_async:cancel?api-version=2022-07-18-preview
  response:
    body:
      string: '{}'
    headers:
      api-supported-versions: 2021-04-07-preview1, 2022-07-18-preview
      content-type: application/json; charset=utf-8
      date: Tue, 30 Aug 2022 23:29:11 GMT
      request-context: appId=
      trace-id: 4bb5c5758e702a95df4bb7219413e05e
      transfer-encoding: chunked
      x-cache: CONFIG_NOCACHE
    status:
      code: 200
      message: OK
    url: https://rsarkar-ppe-test.ppe.communication.azure.net/routing/jobs/tst_create_job_cp_async:cancel?api-version=2022-07-18-preview
- request:
    body: ''
    headers:
      Accept:
      - application/json
      User-Agent:
      - azsdk-python-communication-jobrouter/1.0.0b1 Python/3.9.7 (Windows-10-10.0.22000-SP0)
      x-ms-date:
      - Tue, 30 Aug 2022 23:29:10 GMT
      x-ms-return-client-request-id:
      - 'true'
    method: DELETE
    uri: https://sanitized.ppe.communication.azure.net/routing/jobs/tst_create_job_cp_async?api-version=2022-07-18-preview
  response:
    body:
      string: ''
    headers:
      api-supported-versions: 2021-04-07-preview1, 2022-07-18-preview
      date: Tue, 30 Aug 2022 23:29:11 GMT
      request-context: appId=
      trace-id: af275466e3e83c930d8526bc89b1c591
      x-cache: CONFIG_NOCACHE
    status:
      code: 204
      message: No Content
    url: https://rsarkar-ppe-test.ppe.communication.azure.net/routing/jobs/tst_create_job_cp_async?api-version=2022-07-18-preview
- request:
    body: ''
    headers:
      Accept:
      - application/json
      User-Agent:
      - azsdk-python-communication-jobrouter/1.0.0b1 Python/3.9.7 (Windows-10-10.0.22000-SP0)
      x-ms-date:
      - Tue, 30 Aug 2022 23:29:10 GMT
      x-ms-return-client-request-id:
      - 'true'
    method: DELETE
    uri: https://sanitized.ppe.communication.azure.net/routing/classificationPolicies/test_create_job_w_cp_tst_cp?api-version=2022-07-18-preview
  response:
    body:
      string: ''
    headers:
      api-supported-versions: 2021-04-07-preview1, 2022-07-18-preview
      connection: keep-alive
      date: Tue, 30 Aug 2022 23:29:12 GMT
      request-context: appId=
      trace-id: dbe7ce74391a0784476964e4e2065828
      x-cache: CONFIG_NOCACHE
    status:
      code: 204
      message: No Content
    url: https://rsarkar-ppe-test.ppe.communication.azure.net/routing/classificationPolicies/test_create_job_w_cp_tst_cp?api-version=2022-07-18-preview
- request:
    body: ''
    headers:
      Accept:
      - application/json
      User-Agent:
      - azsdk-python-communication-jobrouter/1.0.0b1 Python/3.9.7 (Windows-10-10.0.22000-SP0)
      x-ms-date:
      - Tue, 30 Aug 2022 23:29:10 GMT
      x-ms-return-client-request-id:
      - 'true'
    method: DELETE
    uri: https://sanitized.ppe.communication.azure.net/routing/queues/test_create_job_w_cp_tst_q_async?api-version=2022-07-18-preview
  response:
    body:
      string: ''
    headers:
      api-supported-versions: 2021-04-07-preview1, 2022-07-18-preview
      connection: keep-alive
      date: Tue, 30 Aug 2022 23:29:12 GMT
      request-context: appId=
      trace-id: 37bc03295c0aaf89ab6a57dbc86b3cf0
      x-cache: CONFIG_NOCACHE
    status:
      code: 204
      message: No Content
    url: https://rsarkar-ppe-test.ppe.communication.azure.net/routing/queues/test_create_job_w_cp_tst_q_async?api-version=2022-07-18-preview
- request:
    body: ''
    headers:
      Accept:
      - application/json
      User-Agent:
      - azsdk-python-communication-jobrouter/1.0.0b1 Python/3.9.7 (Windows-10-10.0.22000-SP0)
      x-ms-date:
      - Tue, 30 Aug 2022 23:29:10 GMT
      x-ms-return-client-request-id:
      - 'true'
    method: DELETE
    uri: https://sanitized.ppe.communication.azure.net/routing/queues/test_create_job_w_cp_tst_flbk_q_async?api-version=2022-07-18-preview
  response:
    body:
      string: ''
    headers:
      api-supported-versions: 2021-04-07-preview1, 2022-07-18-preview
      connection: keep-alive
      date: Tue, 30 Aug 2022 23:29:12 GMT
      request-context: appId=
      trace-id: c3bfc1b4de560916f5eb4aa8b6526df7
      x-cache: CONFIG_NOCACHE
    status:
      code: 204
      message: No Content
    url: https://rsarkar-ppe-test.ppe.communication.azure.net/routing/queues/test_create_job_w_cp_tst_flbk_q_async?api-version=2022-07-18-preview
- request:
    body: ''
    headers:
      Accept:
      - application/json
      User-Agent:
      - azsdk-python-communication-jobrouter/1.0.0b1 Python/3.9.7 (Windows-10-10.0.22000-SP0)
      x-ms-date:
      - Tue, 30 Aug 2022 23:29:11 GMT
      x-ms-return-client-request-id:
      - 'true'
    method: DELETE
    uri: https://sanitized.ppe.communication.azure.net/routing/distributionPolicies/test_create_job_w_cp_tst_dp_async?api-version=2022-07-18-preview
  response:
    body:
      string: ''
    headers:
      api-supported-versions: 2021-04-07-preview1, 2022-07-18-preview
      connection: keep-alive
      date: Tue, 30 Aug 2022 23:29:12 GMT
      request-context: appId=
      trace-id: 13009457aa1cdf03f0edfb8b263df763
      x-cache: CONFIG_NOCACHE
    status:
      code: 204
      message: No Content
    url: https://rsarkar-ppe-test.ppe.communication.azure.net/routing/distributionPolicies/test_create_job_w_cp_tst_dp_async?api-version=2022-07-18-preview
version: 1
