interactions:
- request:
    body: '{"name": "test_get_job_direct_q_tst_dp_async", "offerTtlSeconds": 10.0,
      "mode": {"kind": "round-robin", "minConcurrentOffers": 1, "maxConcurrentOffers":
      1}}'
    headers:
      Accept:
      - application/json
      Content-Length:
      - '156'
      Content-Type:
      - application/merge-patch+json
      User-Agent:
      - azsdk-python-communication-jobrouter/1.0.0b1 Python/3.9.7 (Windows-10-10.0.22000-SP0)
      x-ms-date:
      - Tue, 30 Aug 2022 23:29:12 GMT
      x-ms-return-client-request-id:
      - 'true'
    method: PATCH
    uri: https://sanitized.ppe.communication.azure.net/routing/distributionPolicies/test_get_job_direct_q_tst_dp_async?api-version=2022-07-18-preview
  response:
    body:
      string: '{"id":"test_get_job_direct_q_tst_dp_async","name":"test_get_job_direct_q_tst_dp_async","offerTtlSeconds":10,"mode":{"kind":"round-robin","minConcurrentOffers":1,"maxConcurrentOffers":1,"bypassSelectors":false}}'
    headers:
      api-supported-versions: 2021-04-07-preview1, 2022-07-18-preview
      connection: keep-alive
      content-type: application/json; charset=utf-8
      date: Tue, 30 Aug 2022 23:29:14 GMT
      etag: REDACTED
      last-modified: Tue, 30 Aug 2022 23:29:14 GMT
      request-context: appId=
      trace-id: 1bbd728d8a2df014329cae3cf825a5a1
      transfer-encoding: chunked
      x-cache: CONFIG_NOCACHE
    status:
      code: 200
      message: OK
    url: https://rsarkar-ppe-test.ppe.communication.azure.net/routing/distributionPolicies/test_get_job_direct_q_tst_dp_async?api-version=2022-07-18-preview
- request:
    body: '{"name": "test_get_job_direct_q_tst_q_async", "distributionPolicyId": "test_get_job_direct_q_tst_dp_async",
      "labels": {"key1": "JobKey", "key2": 10, "key3": true}}'
    headers:
      Accept:
      - application/json
      Content-Length:
      - '163'
      Content-Type:
      - application/merge-patch+json
      User-Agent:
      - azsdk-python-communication-jobrouter/1.0.0b1 Python/3.9.7 (Windows-10-10.0.22000-SP0)
      x-ms-date:
      - Tue, 30 Aug 2022 23:29:12 GMT
      x-ms-return-client-request-id:
      - 'true'
    method: PATCH
    uri: https://sanitized.ppe.communication.azure.net/routing/queues/test_get_job_direct_q_tst_q_async?api-version=2022-07-18-preview
  response:
    body:
      string: '{"id":"test_get_job_direct_q_tst_q_async","name":"test_get_job_direct_q_tst_q_async","distributionPolicyId":"test_get_job_direct_q_tst_dp_async","labels":{"key1":"JobKey","key2":10,"key3":true,"Id":"test_get_job_direct_q_tst_q_async"}}'
    headers:
      api-supported-versions: 2021-04-07-preview1, 2022-07-18-preview
      connection: keep-alive
      content-type: application/json; charset=utf-8
      date: Tue, 30 Aug 2022 23:29:14 GMT
      etag: REDACTED
      last-modified: Tue, 30 Aug 2022 23:29:14 GMT
      request-context: appId=
      trace-id: 5b8d5062eee167aa60db0fd7f6ed6b0d
      transfer-encoding: chunked
      x-cache: CONFIG_NOCACHE
    status:
      code: 200
      message: OK
    url: https://rsarkar-ppe-test.ppe.communication.azure.net/routing/queues/test_get_job_direct_q_tst_q_async?api-version=2022-07-18-preview
- request:
    body: '{"channelReference": "fakeChannelRef1", "channelId": "fakeChannelId1",
      "queueId": "test_get_job_direct_q_tst_q_async", "priority": 10, "requestedWorkerSelectors":
      [{"key": "FakeKey1", "labelOperator": "equal", "value": true}, {"key": "FakeKey2",
      "labelOperator": "notEqual", "value": false}, {"key": "FakeKey3", "labelOperator":
      "lessThan", "value": 10}, {"key": "FakeKey4", "labelOperator": "lessThanEqual",
      "value": 10.01}, {"key": "FakeKey5", "labelOperator": "greaterThan", "value":
      10}, {"key": "FakeKey6", "labelOperator": "greaterThanEqual", "value": 10}],
      "labels": {"key1": "JobKey", "key2": 10, "key3": true}, "tags": {"tag1": "WorkerGenericInfo"},
      "notes": {"2022-05-13T16:59:04.531199Z": "Fake notes attached to job"}}'
    headers:
      Accept:
      - application/json
      Content-Length:
      - '730'
      Content-Type:
      - application/merge-patch+json
      User-Agent:
      - azsdk-python-communication-jobrouter/1.0.0b1 Python/3.9.7 (Windows-10-10.0.22000-SP0)
      x-ms-date:
      - Tue, 30 Aug 2022 23:29:12 GMT
      x-ms-return-client-request-id:
      - 'true'
    method: PATCH
    uri: https://sanitized.ppe.communication.azure.net/routing/jobs/tst_get_job_man_async?api-version=2022-07-18-preview
  response:
    body:
      string: '{"id":"tst_get_job_man_async","channelReference":"fakeChannelRef1","jobStatus":"created","channelId":"fakeChannelId1","queueId":"test_get_job_direct_q_tst_q_async","priority":10,"requestedWorkerSelectors":[{"expedite":false,"state":"active","key":"FakeKey1","labelOperator":"equal","value":true},{"expedite":false,"state":"active","key":"FakeKey2","labelOperator":"notEqual","value":false},{"expedite":false,"state":"active","key":"FakeKey3","labelOperator":"lessThan","value":10},{"expedite":false,"state":"active","key":"FakeKey4","labelOperator":"lessThanEqual","value":10.01},{"expedite":false,"state":"active","key":"FakeKey5","labelOperator":"greaterThan","value":10},{"expedite":false,"state":"active","key":"FakeKey6","labelOperator":"greaterThanEqual","value":10}],"attachedWorkerSelectors":[],"labels":{"key1":"JobKey","key2":10,"key3":true},"assignments":{},"tags":{"tag1":"WorkerGenericInfo"},"notes":{"2022-05-13T16:59:04.531199+00:00":"Fake
        notes attached to job"}}'
    headers:
      api-supported-versions: 2021-04-07-preview1, 2022-07-18-preview
      connection: keep-alive
      content-type: application/json; charset=utf-8
      date: Tue, 30 Aug 2022 23:29:14 GMT
      etag: REDACTED
      last-modified: Tue, 30 Aug 2022 23:29:14 GMT
      request-context: appId=
      trace-id: 03376ab677192ddb1be4d2e4364f5211
      transfer-encoding: chunked
      x-cache: CONFIG_NOCACHE
    status:
      code: 200
      message: OK
    url: https://rsarkar-ppe-test.ppe.communication.azure.net/routing/jobs/tst_get_job_man_async?api-version=2022-07-18-preview
- request:
    body: ''
    headers:
      Accept:
      - application/json
      User-Agent:
      - azsdk-python-communication-jobrouter/1.0.0b1 Python/3.9.7 (Windows-10-10.0.22000-SP0)
      x-ms-date:
      - Tue, 30 Aug 2022 23:29:13 GMT
      x-ms-return-client-request-id:
      - 'true'
    method: GET
    uri: https://sanitized.ppe.communication.azure.net/routing/jobs/tst_get_job_man_async?api-version=2022-07-18-preview
  response:
    body:
      string: '{"id":"tst_get_job_man_async","channelReference":"fakeChannelRef1","jobStatus":"queued","enqueueTimeUtc":"2022-08-30T23:29:14.7012267+00:00","channelId":"fakeChannelId1","queueId":"test_get_job_direct_q_tst_q_async","priority":10,"requestedWorkerSelectors":[{"expedite":false,"state":"active","key":"FakeKey1","labelOperator":"equal","value":true},{"expedite":false,"state":"active","key":"FakeKey2","labelOperator":"notEqual","value":false},{"expedite":false,"state":"active","key":"FakeKey3","labelOperator":"lessThan","value":10},{"expedite":false,"state":"active","key":"FakeKey4","labelOperator":"lessThanEqual","value":10.01},{"expedite":false,"state":"active","key":"FakeKey5","labelOperator":"greaterThan","value":10},{"expedite":false,"state":"active","key":"FakeKey6","labelOperator":"greaterThanEqual","value":10}],"attachedWorkerSelectors":[],"labels":{"key1":"JobKey","key2":10,"key3":true},"assignments":{},"tags":{"tag1":"WorkerGenericInfo"},"notes":{"2022-05-13T16:59:04.531199+00:00":"Fake
        notes attached to job"}}'
    headers:
      api-supported-versions: 2021-04-07-preview1, 2022-07-18-preview
      connection: keep-alive
      content-type: application/json; charset=utf-8
      date: Tue, 30 Aug 2022 23:29:14 GMT
      etag: REDACTED
      last-modified: Tue, 30 Aug 2022 23:29:14 GMT
      request-context: appId=
      trace-id: d3cb15efe3106b8bc6f05c1d139aec4c
      transfer-encoding: chunked
      x-cache: CONFIG_NOCACHE
    status:
      code: 200
      message: OK
    url: https://rsarkar-ppe-test.ppe.communication.azure.net/routing/jobs/tst_get_job_man_async?api-version=2022-07-18-preview
- request:
    body: ''
    headers:
      Accept:
      - application/json
      User-Agent:
      - azsdk-python-communication-jobrouter/1.0.0b1 Python/3.9.7 (Windows-10-10.0.22000-SP0)
      x-ms-date:
      - Tue, 30 Aug 2022 23:29:13 GMT
      x-ms-return-client-request-id:
      - 'true'
    method: GET
    uri: https://sanitized.ppe.communication.azure.net/routing/jobs/tst_get_job_man_async?api-version=2022-07-18-preview
  response:
    body:
      string: '{"id":"tst_get_job_man_async","channelReference":"fakeChannelRef1","jobStatus":"queued","enqueueTimeUtc":"2022-08-30T23:29:14.7012267+00:00","channelId":"fakeChannelId1","queueId":"test_get_job_direct_q_tst_q_async","priority":10,"requestedWorkerSelectors":[{"expedite":false,"state":"active","key":"FakeKey1","labelOperator":"equal","value":true},{"expedite":false,"state":"active","key":"FakeKey2","labelOperator":"notEqual","value":false},{"expedite":false,"state":"active","key":"FakeKey3","labelOperator":"lessThan","value":10},{"expedite":false,"state":"active","key":"FakeKey4","labelOperator":"lessThanEqual","value":10.01},{"expedite":false,"state":"active","key":"FakeKey5","labelOperator":"greaterThan","value":10},{"expedite":false,"state":"active","key":"FakeKey6","labelOperator":"greaterThanEqual","value":10}],"attachedWorkerSelectors":[],"labels":{"key1":"JobKey","key2":10,"key3":true},"assignments":{},"tags":{"tag1":"WorkerGenericInfo"},"notes":{"2022-05-13T16:59:04.531199+00:00":"Fake
        notes attached to job"}}'
    headers:
      api-supported-versions: 2021-04-07-preview1, 2022-07-18-preview
      connection: keep-alive
      content-type: application/json; charset=utf-8
      date: Tue, 30 Aug 2022 23:29:14 GMT
      etag: REDACTED
      last-modified: Tue, 30 Aug 2022 23:29:14 GMT
      request-context: appId=
      trace-id: 63d142d96d5b18f6c42bccb16509ce11
      transfer-encoding: chunked
      x-cache: CONFIG_NOCACHE
    status:
      code: 200
      message: OK
    url: https://rsarkar-ppe-test.ppe.communication.azure.net/routing/jobs/tst_get_job_man_async?api-version=2022-07-18-preview
- request:
    body: ''
    headers:
      Accept:
      - application/json
      User-Agent:
      - azsdk-python-communication-jobrouter/1.0.0b1 Python/3.9.7 (Windows-10-10.0.22000-SP0)
      x-ms-date:
      - Tue, 30 Aug 2022 23:29:13 GMT
      x-ms-return-client-request-id:
      - 'true'
    method: GET
    uri: https://sanitized.ppe.communication.azure.net/routing/jobs/tst_get_job_man_async?api-version=2022-07-18-preview
  response:
    body:
      string: '{"id":"tst_get_job_man_async","channelReference":"fakeChannelRef1","jobStatus":"queued","enqueueTimeUtc":"2022-08-30T23:29:14.7012267+00:00","channelId":"fakeChannelId1","queueId":"test_get_job_direct_q_tst_q_async","priority":10,"requestedWorkerSelectors":[{"expedite":false,"state":"active","key":"FakeKey1","labelOperator":"equal","value":true},{"expedite":false,"state":"active","key":"FakeKey2","labelOperator":"notEqual","value":false},{"expedite":false,"state":"active","key":"FakeKey3","labelOperator":"lessThan","value":10},{"expedite":false,"state":"active","key":"FakeKey4","labelOperator":"lessThanEqual","value":10.01},{"expedite":false,"state":"active","key":"FakeKey5","labelOperator":"greaterThan","value":10},{"expedite":false,"state":"active","key":"FakeKey6","labelOperator":"greaterThanEqual","value":10}],"attachedWorkerSelectors":[],"labels":{"key1":"JobKey","key2":10,"key3":true},"assignments":{},"tags":{"tag1":"WorkerGenericInfo"},"notes":{"2022-05-13T16:59:04.531199+00:00":"Fake
        notes attached to job"}}'
    headers:
      api-supported-versions: 2021-04-07-preview1, 2022-07-18-preview
      connection: keep-alive
      content-type: application/json; charset=utf-8
      date: Tue, 30 Aug 2022 23:29:15 GMT
      etag: REDACTED
      last-modified: Tue, 30 Aug 2022 23:29:14 GMT
      request-context: appId=
      trace-id: e5e512293df75df898a1caaefec0e17b
      transfer-encoding: chunked
      x-cache: CONFIG_NOCACHE
    status:
      code: 200
      message: OK
    url: https://rsarkar-ppe-test.ppe.communication.azure.net/routing/jobs/tst_get_job_man_async?api-version=2022-07-18-preview
- request:
    body: '{"dispositionCode": "JobCancelledAsPartOfTestCleanUp"}'
    headers:
      Accept:
      - application/json
      Content-Length:
      - '54'
      Content-Type:
      - application/json
      User-Agent:
      - azsdk-python-communication-jobrouter/1.0.0b1 Python/3.9.7 (Windows-10-10.0.22000-SP0)
      x-ms-date:
      - Tue, 30 Aug 2022 23:29:13 GMT
      x-ms-return-client-request-id:
      - 'true'
    method: POST
    uri: https://sanitized.ppe.communication.azure.net/routing/jobs/tst_get_job_man_async:cancel?api-version=2022-07-18-preview
  response:
    body:
      string: '{}'
    headers:
      api-supported-versions: 2021-04-07-preview1, 2022-07-18-preview
      connection: keep-alive
      content-type: application/json; charset=utf-8
      date: Tue, 30 Aug 2022 23:29:15 GMT
      request-context: appId=
      trace-id: ae12334cd7ff33638a7ecb0b272c9bcf
      transfer-encoding: chunked
      x-cache: CONFIG_NOCACHE
    status:
      code: 200
      message: OK
    url: https://rsarkar-ppe-test.ppe.communication.azure.net/routing/jobs/tst_get_job_man_async:cancel?api-version=2022-07-18-preview
- request:
    body: ''
    headers:
      Accept:
      - application/json
      User-Agent:
      - azsdk-python-communication-jobrouter/1.0.0b1 Python/3.9.7 (Windows-10-10.0.22000-SP0)
      x-ms-date:
      - Tue, 30 Aug 2022 23:29:13 GMT
      x-ms-return-client-request-id:
      - 'true'
    method: DELETE
    uri: https://sanitized.ppe.communication.azure.net/routing/jobs/tst_get_job_man_async?api-version=2022-07-18-preview
  response:
    body:
      string: ''
    headers:
      api-supported-versions: 2021-04-07-preview1, 2022-07-18-preview
      connection: keep-alive
      date: Tue, 30 Aug 2022 23:29:15 GMT
      request-context: appId=
      trace-id: 2c19388fabbb60ee9cca1f0e40266875
      x-cache: CONFIG_NOCACHE
    status:
      code: 204
      message: No Content
    url: https://rsarkar-ppe-test.ppe.communication.azure.net/routing/jobs/tst_get_job_man_async?api-version=2022-07-18-preview
- request:
    body: ''
    headers:
      Accept:
      - application/json
      User-Agent:
      - azsdk-python-communication-jobrouter/1.0.0b1 Python/3.9.7 (Windows-10-10.0.22000-SP0)
      x-ms-date:
      - Tue, 30 Aug 2022 23:29:14 GMT
      x-ms-return-client-request-id:
      - 'true'
    method: DELETE
    uri: https://sanitized.ppe.communication.azure.net/routing/queues/test_get_job_direct_q_tst_q_async?api-version=2022-07-18-preview
  response:
    body:
      string: ''
    headers:
      api-supported-versions: 2021-04-07-preview1, 2022-07-18-preview
      connection: keep-alive
      date: Tue, 30 Aug 2022 23:29:15 GMT
      request-context: appId=
      trace-id: e06b6663ac637999a801f541783b510b
      x-cache: CONFIG_NOCACHE
    status:
      code: 204
      message: No Content
    url: https://rsarkar-ppe-test.ppe.communication.azure.net/routing/queues/test_get_job_direct_q_tst_q_async?api-version=2022-07-18-preview
- request:
    body: ''
    headers:
      Accept:
      - application/json
      User-Agent:
      - azsdk-python-communication-jobrouter/1.0.0b1 Python/3.9.7 (Windows-10-10.0.22000-SP0)
      x-ms-date:
      - Tue, 30 Aug 2022 23:29:14 GMT
      x-ms-return-client-request-id:
      - 'true'
    method: DELETE
    uri: https://sanitized.ppe.communication.azure.net/routing/distributionPolicies/test_get_job_direct_q_tst_dp_async?api-version=2022-07-18-preview
  response:
    body:
      string: ''
    headers:
      api-supported-versions: 2021-04-07-preview1, 2022-07-18-preview
      connection: keep-alive
      date: Tue, 30 Aug 2022 23:29:15 GMT
      request-context: appId=
      trace-id: 5359a56f4855190f7f2117917cc7e63c
      x-cache: CONFIG_NOCACHE
    status:
      code: 204
      message: No Content
    url: https://rsarkar-ppe-test.ppe.communication.azure.net/routing/distributionPolicies/test_get_job_direct_q_tst_dp_async?api-version=2022-07-18-preview
version: 1
