interactions:
- request:
    body: '{"name": "tst_delete_dp_async", "offerTtlSeconds": 10.0, "mode": {"kind":
      "best-worker", "minConcurrentOffers": 1, "maxConcurrentOffers": 1}}'
    headers:
      Accept:
      - application/json
      Content-Length:
      - '141'
      Content-Type:
      - application/merge-patch+json
      User-Agent:
      - azsdk-python-communication-jobrouter/1.0.0b1 Python/3.9.7 (Windows-10-10.0.22000-SP0)
      x-ms-date:
      - Wed, 17 Aug 2022 21:27:32 GMT
      x-ms-return-client-request-id:
      - 'true'
    method: PATCH
    uri: https://sanitized.int.communication.azure.net/routing/distributionPolicies/tst_delete_dp_async?api-version=2022-07-18-preview
  response:
    body:
      string: '{"id":"tst_delete_dp_async","name":"tst_delete_dp_async","offerTtlSeconds":10,"mode":{"kind":"best-worker","scoringRuleOptions":{"scoringParameters":["jobLabels","workerSelectors"],"allowScoringBatchOfWorkers":false,"descendingOrder":true},"minConcurrentOffers":1,"maxConcurrentOffers":1,"bypassSelectors":false}}'
    headers:
      api-supported-versions: 2021-04-07-preview1, 2021-10-20-preview2, 2022-07-18-preview
      connection: keep-alive
      content-type: application/json; charset=utf-8
      date: Wed, 17 Aug 2022 21:27:27 GMT
      etag: REDACTED
      last-modified: Wed, 17 Aug 2022 21:27:26 GMT
      request-context: appId=
      trace-id: ace8b07c5eb8aa3b30c46fa1d9c6bbf0
      transfer-encoding: chunked
      x-cache: CONFIG_NOCACHE
    status:
      code: 200
      message: OK
    url: https://rsarkar-sdktest.int.communication.azure.net/routing/distributionPolicies/tst_delete_dp_async?api-version=2022-07-18-preview
- request:
    body: ''
    headers:
      Accept:
      - application/json
      User-Agent:
      - azsdk-python-communication-jobrouter/1.0.0b1 Python/3.9.7 (Windows-10-10.0.22000-SP0)
      x-ms-date:
      - Wed, 17 Aug 2022 21:27:34 GMT
      x-ms-return-client-request-id:
      - 'true'
    method: DELETE
    uri: https://sanitized.int.communication.azure.net/routing/distributionPolicies/tst_delete_dp_async?api-version=2022-07-18-preview
  response:
    body:
      string: ''
    headers:
      api-supported-versions: 2021-04-07-preview1, 2021-10-20-preview2, 2022-07-18-preview
      connection: keep-alive
      date: Wed, 17 Aug 2022 21:27:27 GMT
      request-context: appId=
      trace-id: b245d6fd9fd961369304cc35bc4ef94a
      x-cache: CONFIG_NOCACHE
    status:
      code: 204
      message: No Content
    url: https://rsarkar-sdktest.int.communication.azure.net/routing/distributionPolicies/tst_delete_dp_async?api-version=2022-07-18-preview
- request:
    body: ''
    headers:
      Accept:
      - application/json
      User-Agent:
      - azsdk-python-communication-jobrouter/1.0.0b1 Python/3.9.7 (Windows-10-10.0.22000-SP0)
      x-ms-date:
      - Wed, 17 Aug 2022 21:27:35 GMT
      x-ms-return-client-request-id:
      - 'true'
    method: GET
    uri: https://sanitized.int.communication.azure.net/routing/distributionPolicies/tst_delete_dp_async?api-version=2022-07-18-preview
  response:
    body:
      string: '{"communicationError":{"code":"NotFound","message":"The item was not
        found.","target":"/routing/distributionPolicies/tst_delete_dp_async"}}'
    headers:
      api-supported-versions: 2021-04-07-preview1, 2021-10-20-preview2, 2022-07-18-preview
      connection: keep-alive
      content-type: application/json; charset=utf-8
      date: Wed, 17 Aug 2022 21:27:28 GMT
      request-context: appId=
      trace-id: b948702a7deeed096df96e73be064ac4
      transfer-encoding: chunked
      x-cache: CONFIG_NOCACHE
    status:
      code: 404
      message: Not Found
    url: https://rsarkar-sdktest.int.communication.azure.net/routing/distributionPolicies/tst_delete_dp_async?api-version=2022-07-18-preview
- request:
    body: '{"name": "tst_delete_dp_async", "offerTtlSeconds": 10.0, "mode": {"kind":
      "longest-idle", "minConcurrentOffers": 1, "maxConcurrentOffers": 1}}'
    headers:
      Accept:
      - application/json
      Content-Length:
      - '142'
      Content-Type:
      - application/merge-patch+json
      User-Agent:
      - azsdk-python-communication-jobrouter/1.0.0b1 Python/3.9.7 (Windows-10-10.0.22000-SP0)
      x-ms-date:
      - Wed, 17 Aug 2022 21:27:36 GMT
      x-ms-return-client-request-id:
      - 'true'
    method: PATCH
    uri: https://sanitized.int.communication.azure.net/routing/distributionPolicies/tst_delete_dp_async?api-version=2022-07-18-preview
  response:
    body:
      string: '{"id":"tst_delete_dp_async","name":"tst_delete_dp_async","offerTtlSeconds":10,"mode":{"kind":"longest-idle","minConcurrentOffers":1,"maxConcurrentOffers":1,"bypassSelectors":false}}'
    headers:
      api-supported-versions: 2021-04-07-preview1, 2021-10-20-preview2, 2022-07-18-preview
      connection: keep-alive
      content-type: application/json; charset=utf-8
      date: Wed, 17 Aug 2022 21:27:30 GMT
      etag: REDACTED
      last-modified: Wed, 17 Aug 2022 21:27:30 GMT
      request-context: appId=
      trace-id: 5ee7aa3e1897fd84629957d80d031df8
      transfer-encoding: chunked
      x-cache: CONFIG_NOCACHE
    status:
      code: 200
      message: OK
    url: https://rsarkar-sdktest.int.communication.azure.net/routing/distributionPolicies/tst_delete_dp_async?api-version=2022-07-18-preview
- request:
    body: ''
    headers:
      Accept:
      - application/json
      User-Agent:
      - azsdk-python-communication-jobrouter/1.0.0b1 Python/3.9.7 (Windows-10-10.0.22000-SP0)
      x-ms-date:
      - Wed, 17 Aug 2022 21:27:37 GMT
      x-ms-return-client-request-id:
      - 'true'
    method: DELETE
    uri: https://sanitized.int.communication.azure.net/routing/distributionPolicies/tst_delete_dp_async?api-version=2022-07-18-preview
  response:
    body:
      string: ''
    headers:
      api-supported-versions: 2021-04-07-preview1, 2021-10-20-preview2, 2022-07-18-preview
      connection: keep-alive
      date: Wed, 17 Aug 2022 21:27:30 GMT
      request-context: appId=
      trace-id: 0272b2615cd65bcf00d55114257ed3f3
      x-cache: CONFIG_NOCACHE
    status:
      code: 204
      message: No Content
    url: https://rsarkar-sdktest.int.communication.azure.net/routing/distributionPolicies/tst_delete_dp_async?api-version=2022-07-18-preview
- request:
    body: ''
    headers:
      Accept:
      - application/json
      User-Agent:
      - azsdk-python-communication-jobrouter/1.0.0b1 Python/3.9.7 (Windows-10-10.0.22000-SP0)
      x-ms-date:
      - Wed, 17 Aug 2022 21:27:38 GMT
      x-ms-return-client-request-id:
      - 'true'
    method: GET
    uri: https://sanitized.int.communication.azure.net/routing/distributionPolicies/tst_delete_dp_async?api-version=2022-07-18-preview
  response:
    body:
      string: '{"communicationError":{"code":"NotFound","message":"The item was not
        found.","target":"/routing/distributionPolicies/tst_delete_dp_async"}}'
    headers:
      api-supported-versions: 2021-04-07-preview1, 2021-10-20-preview2, 2022-07-18-preview
      connection: keep-alive
      content-type: application/json; charset=utf-8
      date: Wed, 17 Aug 2022 21:27:31 GMT
      request-context: appId=
      trace-id: a43515d2af5d1efaef60cb1635424466
      transfer-encoding: chunked
      x-cache: CONFIG_NOCACHE
    status:
      code: 404
      message: Not Found
    url: https://rsarkar-sdktest.int.communication.azure.net/routing/distributionPolicies/tst_delete_dp_async?api-version=2022-07-18-preview
- request:
    body: '{"name": "tst_delete_dp_async", "offerTtlSeconds": 10.0, "mode": {"kind":
      "round-robin", "minConcurrentOffers": 1, "maxConcurrentOffers": 1}}'
    headers:
      Accept:
      - application/json
      Content-Length:
      - '141'
      Content-Type:
      - application/merge-patch+json
      User-Agent:
      - azsdk-python-communication-jobrouter/1.0.0b1 Python/3.9.7 (Windows-10-10.0.22000-SP0)
      x-ms-date:
      - Wed, 17 Aug 2022 21:27:39 GMT
      x-ms-return-client-request-id:
      - 'true'
    method: PATCH
    uri: https://sanitized.int.communication.azure.net/routing/distributionPolicies/tst_delete_dp_async?api-version=2022-07-18-preview
  response:
    body:
      string: '{"id":"tst_delete_dp_async","name":"tst_delete_dp_async","offerTtlSeconds":10,"mode":{"kind":"round-robin","minConcurrentOffers":1,"maxConcurrentOffers":1,"bypassSelectors":false}}'
    headers:
      api-supported-versions: 2021-04-07-preview1, 2021-10-20-preview2, 2022-07-18-preview
      connection: keep-alive
      content-type: application/json; charset=utf-8
      date: Wed, 17 Aug 2022 21:27:32 GMT
      etag: REDACTED
      last-modified: Wed, 17 Aug 2022 21:27:32 GMT
      request-context: appId=
      trace-id: 7660e6922a288e73f7558e71795c21ae
      transfer-encoding: chunked
      x-cache: CONFIG_NOCACHE
    status:
      code: 200
      message: OK
    url: https://rsarkar-sdktest.int.communication.azure.net/routing/distributionPolicies/tst_delete_dp_async?api-version=2022-07-18-preview
- request:
    body: ''
    headers:
      Accept:
      - application/json
      User-Agent:
      - azsdk-python-communication-jobrouter/1.0.0b1 Python/3.9.7 (Windows-10-10.0.22000-SP0)
      x-ms-date:
      - Wed, 17 Aug 2022 21:27:40 GMT
      x-ms-return-client-request-id:
      - 'true'
    method: DELETE
    uri: https://sanitized.int.communication.azure.net/routing/distributionPolicies/tst_delete_dp_async?api-version=2022-07-18-preview
  response:
    body:
      string: ''
    headers:
      api-supported-versions: 2021-04-07-preview1, 2021-10-20-preview2, 2022-07-18-preview
      connection: keep-alive
      date: Wed, 17 Aug 2022 21:27:33 GMT
      request-context: appId=
      trace-id: f394585cf0222173014c85053b7f65a8
      x-cache: CONFIG_NOCACHE
    status:
      code: 204
      message: No Content
    url: https://rsarkar-sdktest.int.communication.azure.net/routing/distributionPolicies/tst_delete_dp_async?api-version=2022-07-18-preview
- request:
    body: ''
    headers:
      Accept:
      - application/json
      User-Agent:
      - azsdk-python-communication-jobrouter/1.0.0b1 Python/3.9.7 (Windows-10-10.0.22000-SP0)
      x-ms-date:
      - Wed, 17 Aug 2022 21:27:40 GMT
      x-ms-return-client-request-id:
      - 'true'
    method: GET
    uri: https://sanitized.int.communication.azure.net/routing/distributionPolicies/tst_delete_dp_async?api-version=2022-07-18-preview
  response:
    body:
      string: '{"communicationError":{"code":"NotFound","message":"The item was not
        found.","target":"/routing/distributionPolicies/tst_delete_dp_async"}}'
    headers:
      api-supported-versions: 2021-04-07-preview1, 2021-10-20-preview2, 2022-07-18-preview
      connection: keep-alive
      content-type: application/json; charset=utf-8
      date: Wed, 17 Aug 2022 21:27:33 GMT
      request-context: appId=
      trace-id: 5061f3e479eaa9a4d391e71d0908be1d
      transfer-encoding: chunked
      x-cache: CONFIG_NOCACHE
    status:
      code: 404
      message: Not Found
    url: https://rsarkar-sdktest.int.communication.azure.net/routing/distributionPolicies/tst_delete_dp_async?api-version=2022-07-18-preview
version: 1
