interactions:
- request:
    body: '{"name": "test_delete_queue_tst_dp", "offerTtlSeconds": 10.0, "mode": {"kind":
      "round-robin", "minConcurrentOffers": 1, "maxConcurrentOffers": 1}}'
    headers:
      Accept:
      - application/json
      Accept-Encoding:
      - gzip, deflate
      Connection:
      - keep-alive
      Content-Length:
      - '146'
      Content-Type:
      - application/merge-patch+json
      User-Agent:
      - azsdk-python-communication-jobrouter/1.0.0b1 Python/3.9.7 (Windows-10-10.0.22000-SP0)
      x-ms-date:
      - Tue, 30 Aug 2022 23:27:50 GMT
      x-ms-return-client-request-id:
      - 'true'
    method: PATCH
    uri: https://sanitized.ppe.communication.azure.net/routing/distributionPolicies/test_delete_queue_tst_dp?api-version=2022-07-18-preview
  response:
    body:
      string: '{"id":"test_delete_queue_tst_dp","name":"test_delete_queue_tst_dp","offerTtlSeconds":10,"mode":{"kind":"round-robin","minConcurrentOffers":1,"maxConcurrentOffers":1,"bypassSelectors":false}}'
    headers:
      api-supported-versions:
      - 2021-04-07-preview1, 2022-07-18-preview
      connection:
      - keep-alive
      content-type:
      - application/json; charset=utf-8
      date:
      - Tue, 30 Aug 2022 23:27:51 GMT
      etag:
      - REDACTED
      last-modified:
      - Tue, 30 Aug 2022 23:27:51 GMT
      request-context:
      - appId=
      trace-id:
      - 7cc5032454d397ca7ee013f28e76a594
      transfer-encoding:
      - chunked
      x-cache:
      - CONFIG_NOCACHE
    status:
      code: 200
      message: OK
- request:
    body: '{"name": "tst_delete_q", "distributionPolicyId": "test_delete_queue_tst_dp",
      "labels": {"key1": "QueueKey", "key2": 10, "key3": true, "key4": false, "key5":
      10.1}}'
    headers:
      Accept:
      - application/json
      Accept-Encoding:
      - gzip, deflate
      Connection:
      - keep-alive
      Content-Length:
      - '163'
      Content-Type:
      - application/merge-patch+json
      User-Agent:
      - azsdk-python-communication-jobrouter/1.0.0b1 Python/3.9.7 (Windows-10-10.0.22000-SP0)
      x-ms-date:
      - Tue, 30 Aug 2022 23:27:50 GMT
      x-ms-return-client-request-id:
      - 'true'
    method: PATCH
    uri: https://sanitized.ppe.communication.azure.net/routing/queues/tst_delete_q?api-version=2022-07-18-preview
  response:
    body:
      string: '{"id":"tst_delete_q","name":"tst_delete_q","distributionPolicyId":"test_delete_queue_tst_dp","labels":{"key1":"QueueKey","key2":10,"key3":true,"key4":false,"key5":10.1,"Id":"tst_delete_q"}}'
    headers:
      api-supported-versions:
      - 2021-04-07-preview1, 2022-07-18-preview
      connection:
      - keep-alive
      content-type:
      - application/json; charset=utf-8
      date:
      - Tue, 30 Aug 2022 23:27:52 GMT
      etag:
      - REDACTED
      last-modified:
      - Tue, 30 Aug 2022 23:27:52 GMT
      request-context:
      - appId=
      trace-id:
      - 9da264ca41052ded75d9ec3e6fd013ed
      transfer-encoding:
      - chunked
      x-cache:
      - CONFIG_NOCACHE
    status:
      code: 200
      message: OK
- request:
    body: null
    headers:
      Accept:
      - application/json
      Accept-Encoding:
      - gzip, deflate
      Connection:
      - keep-alive
      Content-Length:
      - '0'
      User-Agent:
      - azsdk-python-communication-jobrouter/1.0.0b1 Python/3.9.7 (Windows-10-10.0.22000-SP0)
      x-ms-date:
      - Tue, 30 Aug 2022 23:27:50 GMT
      x-ms-return-client-request-id:
      - 'true'
    method: DELETE
    uri: https://sanitized.ppe.communication.azure.net/routing/queues/tst_delete_q?api-version=2022-07-18-preview
  response:
    body:
      string: ''
    headers:
      api-supported-versions:
      - 2021-04-07-preview1, 2022-07-18-preview
      connection:
      - keep-alive
      date:
      - Tue, 30 Aug 2022 23:27:52 GMT
      request-context:
      - appId=
      trace-id:
      - 416f8fef35d593d9b4e143323ef48f5d
      x-cache:
      - CONFIG_NOCACHE
    status:
      code: 204
      message: No Content
- request:
    body: null
    headers:
      Accept:
      - application/json
      Accept-Encoding:
      - gzip, deflate
      Connection:
      - keep-alive
      User-Agent:
      - azsdk-python-communication-jobrouter/1.0.0b1 Python/3.9.7 (Windows-10-10.0.22000-SP0)
      x-ms-date:
      - Tue, 30 Aug 2022 23:27:50 GMT
      x-ms-return-client-request-id:
      - 'true'
    method: GET
    uri: https://sanitized.ppe.communication.azure.net/routing/queues/tst_delete_q?api-version=2022-07-18-preview
  response:
    body:
      string: '{"communicationError":{"code":"NotFound","message":"The item was not
        found.","target":"/routing/queues/tst_delete_q"}}'
    headers:
      api-supported-versions:
      - 2021-04-07-preview1, 2022-07-18-preview
      connection:
      - keep-alive
      content-type:
      - application/json; charset=utf-8
      date:
      - Tue, 30 Aug 2022 23:27:52 GMT
      request-context:
      - appId=
      trace-id:
      - 7cfdde169fb826b576752e867252dd54
      transfer-encoding:
      - chunked
      x-cache:
      - CONFIG_NOCACHE
    status:
      code: 404
      message: Not Found
- request:
    body: null
    headers:
      Accept:
      - application/json
      Accept-Encoding:
      - gzip, deflate
      Connection:
      - keep-alive
      Content-Length:
      - '0'
      User-Agent:
      - azsdk-python-communication-jobrouter/1.0.0b1 Python/3.9.7 (Windows-10-10.0.22000-SP0)
      x-ms-date:
      - Tue, 30 Aug 2022 23:27:50 GMT
      x-ms-return-client-request-id:
      - 'true'
    method: DELETE
    uri: https://sanitized.ppe.communication.azure.net/routing/distributionPolicies/test_delete_queue_tst_dp?api-version=2022-07-18-preview
  response:
    body:
      string: ''
    headers:
      api-supported-versions:
      - 2021-04-07-preview1, 2022-07-18-preview
      connection:
      - keep-alive
      date:
      - Tue, 30 Aug 2022 23:27:52 GMT
      request-context:
      - appId=
      trace-id:
      - 7021f18cc5edd032cc32181aaa16ea81
      x-cache:
      - CONFIG_NOCACHE
    status:
      code: 204
      message: No Content
version: 1
