{
  "Entries": [
    {
      "RequestUri": "https://sanitized.communication.azure.net/routing/distributionPolicies/test_get_exception_policy_tst_dp?api-version=2022-07-18-preview",
      "RequestMethod": "PATCH",
      "RequestHeaders": {
        "Accept": "application/json",
        "Accept-Encoding": "gzip, deflate",
        "Authorization": "Sanitized",
        "Connection": "keep-alive",
        "Content-Length": "163",
        "Content-Type": "application/merge-patch\u002Bjson",
        "User-Agent": "azsdk-python-communication-jobrouter/1.0.0b1 Python/3.9.13 (Windows-10-10.0.22621-SP0)",
        "x-ms-client-request-id": "c6227532-2024-11ee-be87-046c590f95d2",
        "x-ms-content-sha256": "Sanitized",
        "x-ms-date": "Tue, 11 Jul 2023 19:54:41 GMT",
        "x-ms-return-client-request-id": "true"
      },
      "RequestBody": {
        "name": "test_get_exception_policy_tst_dp",
        "offerExpiresAfterSeconds": 10.0,
        "mode": {
          "kind": "round-robin",
          "minConcurrentOffers": 1,
          "maxConcurrentOffers": 1
        }
      },
      "StatusCode": 201,
      "ResponseHeaders": {
        "api-supported-versions": "2021-04-07-preview1, 2022-07-18-preview",
        "Connection": "keep-alive",
        "Content-Type": "application/json; charset=utf-8",
        "Date": "Tue, 11 Jul 2023 19:54:41 GMT",
        "ETag": "Sanitized",
        "Last-Modified": "Tue, 11 Jul 2023 19:54:41 GMT",
        "trace-id": "e604b231-6eed-007e-61ea-bd35f4017da6",
        "Transfer-Encoding": "chunked",
        "x-azure-ref": "20230711T195441Z-vrmngh4fw128h9bk4nxt75n3sg00000000s000000000vg2m",
        "X-Cache": "CONFIG_NOCACHE"
      },
      "ResponseBody": {
        "id": "test_get_exception_policy_tst_dp",
        "name": "test_get_exception_policy_tst_dp",
        "offerExpiresAfterSeconds": 10,
        "mode": {
          "kind": "round-robin",
          "minConcurrentOffers": 1,
          "maxConcurrentOffers": 1,
          "bypassSelectors": false
        }
      }
    },
    {
      "RequestUri": "https://sanitized.communication.azure.net/routing/queues/test_get_exception_policy_tst_q?api-version=2022-07-18-preview",
      "RequestMethod": "PATCH",
      "RequestHeaders": {
        "Accept": "application/json",
        "Accept-Encoding": "gzip, deflate",
        "Authorization": "Sanitized",
        "Connection": "keep-alive",
        "Content-Length": "190",
        "Content-Type": "application/merge-patch\u002Bjson",
        "User-Agent": "azsdk-python-communication-jobrouter/1.0.0b1 Python/3.9.13 (Windows-10-10.0.22621-SP0)",
        "x-ms-client-request-id": "c63c929e-2024-11ee-94d7-046c590f95d2",
        "x-ms-content-sha256": "Sanitized",
        "x-ms-date": "Tue, 11 Jul 2023 19:54:41 GMT",
        "x-ms-return-client-request-id": "true"
      },
      "RequestBody": {
        "name": "test_get_exception_policy_tst_q",
        "distributionPolicyId": "test_get_exception_policy_tst_dp",
        "labels": {
          "key1": "QueueKey",
          "key2": 10,
          "key3": true,
          "key4": false,
          "key5": 10.1
        }
      },
      "StatusCode": 200,
      "ResponseHeaders": {
        "api-supported-versions": "2021-04-07-preview1, 2022-07-18-preview",
        "Connection": "keep-alive",
        "Content-Type": "application/json; charset=utf-8",
        "Date": "Tue, 11 Jul 2023 19:54:41 GMT",
        "ETag": "Sanitized",
        "Last-Modified": "Tue, 11 Jul 2023 19:54:41 GMT",
        "trace-id": "6bcf006f-3fb0-d290-b006-4ce9a6718a15",
        "Transfer-Encoding": "chunked",
        "x-azure-ref": "20230711T195441Z-vrmngh4fw128h9bk4nxt75n3sg00000000s000000000vg3a",
        "X-Cache": "CONFIG_NOCACHE"
      },
      "ResponseBody": {
        "id": "test_get_exception_policy_tst_q",
        "name": "test_get_exception_policy_tst_q",
        "distributionPolicyId": "test_get_exception_policy_tst_dp",
        "labels": {
          "key1": "QueueKey",
          "key2": 10,
          "key3": true,
          "key4": false,
          "key5": 10.1,
          "Id": "test_get_exception_policy_tst_q"
        }
      }
    },
    {
      "RequestUri": "https://sanitized.communication.azure.net/routing/classificationPolicies/test_get_exception_policy_tst_cp?api-version=2022-07-18-preview",
      "RequestMethod": "PATCH",
      "RequestHeaders": {
        "Accept": "application/json",
        "Accept-Encoding": "gzip, deflate",
        "Authorization": "Sanitized",
        "Connection": "keep-alive",
        "Content-Length": "98",
        "Content-Type": "application/merge-patch\u002Bjson",
        "User-Agent": "azsdk-python-communication-jobrouter/1.0.0b1 Python/3.9.13 (Windows-10-10.0.22621-SP0)",
        "x-ms-client-request-id": "c652bf20-2024-11ee-90c2-046c590f95d2",
        "x-ms-content-sha256": "Sanitized",
        "x-ms-date": "Tue, 11 Jul 2023 19:54:41 GMT",
        "x-ms-return-client-request-id": "true"
      },
      "RequestBody": {
        "name": "test_get_exception_policy_tst_cp",
        "fallbackQueueId": "test_get_exception_policy_tst_q"
      },
      "StatusCode": 201,
      "ResponseHeaders": {
        "api-supported-versions": "2021-04-07-preview1, 2022-07-18-preview",
        "Connection": "keep-alive",
        "Content-Type": "application/json; charset=utf-8",
        "Date": "Tue, 11 Jul 2023 19:54:41 GMT",
        "ETag": "Sanitized",
        "Last-Modified": "Tue, 11 Jul 2023 19:54:41 GMT",
        "trace-id": "d895b1a5-a388-6422-195f-6c6d3708b35b",
        "Transfer-Encoding": "chunked",
        "x-azure-ref": "20230711T195441Z-vrmngh4fw128h9bk4nxt75n3sg00000000s000000000vg3w",
        "X-Cache": "CONFIG_NOCACHE"
      },
      "ResponseBody": {
        "id": "test_get_exception_policy_tst_cp",
        "name": "test_get_exception_policy_tst_cp",
        "fallbackQueueId": "test_get_exception_policy_tst_q",
        "queueSelectors": [],
        "workerSelectors": []
      }
    },
    {
      "RequestUri": "https://sanitized.communication.azure.net/routing/exceptionPolicies/tst_get_ep?api-version=2022-07-18-preview",
      "RequestMethod": "PATCH",
      "RequestHeaders": {
        "Accept": "application/json",
        "Accept-Encoding": "gzip, deflate",
        "Authorization": "Sanitized",
        "Connection": "keep-alive",
        "Content-Length": "178",
        "Content-Type": "application/merge-patch\u002Bjson",
        "User-Agent": "azsdk-python-communication-jobrouter/1.0.0b1 Python/3.9.13 (Windows-10-10.0.22621-SP0)",
        "x-ms-client-request-id": "c673b1bb-2024-11ee-9e15-046c590f95d2",
        "x-ms-content-sha256": "Sanitized",
        "x-ms-date": "Tue, 11 Jul 2023 19:54:41 GMT",
        "x-ms-return-client-request-id": "true"
      },
      "RequestBody": {
        "name": "tst_get_ep",
        "exceptionRules": {
          "fakeExceptionRuleId": {
            "trigger": {
              "kind": "queue-length",
              "threshold": 1
            },
            "actions": {
              "fakeExceptionActionId": {
                "kind": "cancel"
              }
            }
          }
        }
      },
      "StatusCode": 201,
      "ResponseHeaders": {
        "api-supported-versions": "2021-04-07-preview1, 2022-07-18-preview",
        "Connection": "keep-alive",
        "Content-Type": "application/json; charset=utf-8",
        "Date": "Tue, 11 Jul 2023 19:54:41 GMT",
        "ETag": "Sanitized",
        "Last-Modified": "Tue, 11 Jul 2023 19:54:41 GMT",
        "trace-id": "29afd1ca-300d-dc4f-0339-6a0566b0d20b",
        "Transfer-Encoding": "chunked",
        "x-azure-ref": "20230711T195441Z-vrmngh4fw128h9bk4nxt75n3sg00000000s000000000vg4r",
        "X-Cache": "CONFIG_NOCACHE"
      },
      "ResponseBody": {
        "id": "tst_get_ep",
        "name": "tst_get_ep",
        "exceptionRules": {
          "fakeExceptionRuleId": {
            "trigger": {
              "kind": "queue-length",
              "threshold": 1
            },
            "actions": {
              "fakeExceptionActionId": {
                "kind": "cancel"
              }
            }
          }
        }
      }
    },
    {
      "RequestUri": "https://sanitized.communication.azure.net/routing/exceptionPolicies/tst_get_ep?api-version=2022-07-18-preview",
      "RequestMethod": "GET",
      "RequestHeaders": {
        "Accept": "application/json",
        "Accept-Encoding": "gzip, deflate",
        "Authorization": "Sanitized",
        "Connection": "keep-alive",
        "User-Agent": "azsdk-python-communication-jobrouter/1.0.0b1 Python/3.9.13 (Windows-10-10.0.22621-SP0)",
        "x-ms-client-request-id": "c68d4348-2024-11ee-8e47-046c590f95d2",
        "x-ms-content-sha256": "Sanitized",
        "x-ms-date": "Tue, 11 Jul 2023 19:54:41 GMT",
        "x-ms-return-client-request-id": "true"
      },
      "RequestBody": null,
      "StatusCode": 200,
      "ResponseHeaders": {
        "api-supported-versions": "2021-04-07-preview1, 2022-07-18-preview",
        "Connection": "keep-alive",
        "Content-Type": "application/json; charset=utf-8",
        "Date": "Tue, 11 Jul 2023 19:54:41 GMT",
        "ETag": "Sanitized",
        "Last-Modified": "Tue, 11 Jul 2023 19:54:41 GMT",
        "trace-id": "1206df07-7657-4aac-a24c-5c1235316401",
        "Transfer-Encoding": "chunked",
        "x-azure-ref": "20230711T195441Z-vrmngh4fw128h9bk4nxt75n3sg00000000s000000000vg57",
        "X-Cache": "CONFIG_NOCACHE"
      },
      "ResponseBody": {
        "id": "tst_get_ep",
        "name": "tst_get_ep",
        "exceptionRules": {
          "fakeExceptionRuleId": {
            "trigger": {
              "kind": "queue-length",
              "threshold": 1
            },
            "actions": {
              "fakeExceptionActionId": {
                "kind": "cancel"
              }
            }
          }
        }
      }
    },
    {
      "RequestUri": "https://sanitized.communication.azure.net/routing/exceptionPolicies/tst_get_ep?api-version=2022-07-18-preview",
      "RequestMethod": "PATCH",
      "RequestHeaders": {
        "Accept": "application/json",
        "Accept-Encoding": "gzip, deflate",
        "Authorization": "Sanitized",
        "Connection": "keep-alive",
        "Content-Length": "250",
        "Content-Type": "application/merge-patch\u002Bjson",
        "User-Agent": "azsdk-python-communication-jobrouter/1.0.0b1 Python/3.9.13 (Windows-10-10.0.22621-SP0)",
        "x-ms-client-request-id": "c699fdb0-2024-11ee-9df3-046c590f95d2",
        "x-ms-content-sha256": "Sanitized",
        "x-ms-date": "Tue, 11 Jul 2023 19:54:41 GMT",
        "x-ms-return-client-request-id": "true"
      },
      "RequestBody": {
        "name": "tst_get_ep",
        "exceptionRules": {
          "fakeExceptionRuleId": {
            "trigger": {
              "kind": "queue-length",
              "threshold": 1
            },
            "actions": {
              "fakeExceptionActionId": {
                "kind": "manual-reclassify",
                "queueId": "test_get_exception_policy_tst_q",
                "priority": 1
              }
            }
          }
        }
      },
      "StatusCode": 200,
      "ResponseHeaders": {
        "api-supported-versions": "2021-04-07-preview1, 2022-07-18-preview",
        "Connection": "keep-alive",
        "Content-Type": "application/json; charset=utf-8",
        "Date": "Tue, 11 Jul 2023 19:54:42 GMT",
        "ETag": "Sanitized",
        "Last-Modified": "Tue, 11 Jul 2023 19:54:41 GMT",
        "trace-id": "cb2eaee6-2562-45a4-71c9-5680d3a09b2e",
        "Transfer-Encoding": "chunked",
        "x-azure-ref": "20230711T195441Z-vrmngh4fw128h9bk4nxt75n3sg00000000s000000000vg5h",
        "X-Cache": "CONFIG_NOCACHE"
      },
      "ResponseBody": {
        "id": "tst_get_ep",
        "name": "tst_get_ep",
        "exceptionRules": {
          "fakeExceptionRuleId": {
            "trigger": {
              "kind": "queue-length",
              "threshold": 1
            },
            "actions": {
              "fakeExceptionActionId": {
                "kind": "manual-reclassify",
                "queueId": "test_get_exception_policy_tst_q",
                "priority": 1,
                "workerSelectors": []
              }
            }
          }
        }
      }
    },
    {
      "RequestUri": "https://sanitized.communication.azure.net/routing/exceptionPolicies/tst_get_ep?api-version=2022-07-18-preview",
      "RequestMethod": "GET",
      "RequestHeaders": {
        "Accept": "application/json",
        "Accept-Encoding": "gzip, deflate",
        "Authorization": "Sanitized",
        "Connection": "keep-alive",
        "User-Agent": "azsdk-python-communication-jobrouter/1.0.0b1 Python/3.9.13 (Windows-10-10.0.22621-SP0)",
        "x-ms-client-request-id": "c6bb0a72-2024-11ee-b227-046c590f95d2",
        "x-ms-content-sha256": "Sanitized",
        "x-ms-date": "Tue, 11 Jul 2023 19:54:42 GMT",
        "x-ms-return-client-request-id": "true"
      },
      "RequestBody": null,
      "StatusCode": 200,
      "ResponseHeaders": {
        "api-supported-versions": "2021-04-07-preview1, 2022-07-18-preview",
        "Connection": "keep-alive",
        "Content-Type": "application/json; charset=utf-8",
        "Date": "Tue, 11 Jul 2023 19:54:42 GMT",
        "ETag": "Sanitized",
        "Last-Modified": "Tue, 11 Jul 2023 19:54:41 GMT",
        "trace-id": "c908ec04-b8c8-f2b5-775d-ddb812ef1b14",
        "Transfer-Encoding": "chunked",
        "x-azure-ref": "20230711T195442Z-vrmngh4fw128h9bk4nxt75n3sg00000000s000000000vg6e",
        "X-Cache": "CONFIG_NOCACHE"
      },
      "ResponseBody": {
        "id": "tst_get_ep",
        "name": "tst_get_ep",
        "exceptionRules": {
          "fakeExceptionRuleId": {
            "trigger": {
              "kind": "queue-length",
              "threshold": 1
            },
            "actions": {
              "fakeExceptionActionId": {
                "kind": "manual-reclassify",
                "queueId": "test_get_exception_policy_tst_q",
                "priority": 1,
                "workerSelectors": []
              }
            }
          }
        }
      }
    },
    {
      "RequestUri": "https://sanitized.communication.azure.net/routing/exceptionPolicies/tst_get_ep?api-version=2022-07-18-preview",
      "RequestMethod": "PATCH",
      "RequestHeaders": {
        "Accept": "application/json",
        "Accept-Encoding": "gzip, deflate",
        "Authorization": "Sanitized",
        "Connection": "keep-alive",
        "Content-Length": "244",
        "Content-Type": "application/merge-patch\u002Bjson",
        "User-Agent": "azsdk-python-communication-jobrouter/1.0.0b1 Python/3.9.13 (Windows-10-10.0.22621-SP0)",
        "x-ms-client-request-id": "c6c53edf-2024-11ee-872b-046c590f95d2",
        "x-ms-content-sha256": "Sanitized",
        "x-ms-date": "Tue, 11 Jul 2023 19:54:42 GMT",
        "x-ms-return-client-request-id": "true"
      },
      "RequestBody": {
        "name": "tst_get_ep",
        "exceptionRules": {
          "fakeExceptionRuleId": {
            "trigger": {
              "kind": "queue-length",
              "threshold": 1
            },
            "actions": {
              "fakeExceptionActionId": {
                "kind": "reclassify",
                "classificationPolicyId": "test_get_exception_policy_tst_cp"
              }
            }
          }
        }
      },
      "StatusCode": 200,
      "ResponseHeaders": {
        "api-supported-versions": "2021-04-07-preview1, 2022-07-18-preview",
        "Connection": "keep-alive",
        "Content-Type": "application/json; charset=utf-8",
        "Date": "Tue, 11 Jul 2023 19:54:42 GMT",
        "ETag": "Sanitized",
        "Last-Modified": "Tue, 11 Jul 2023 19:54:42 GMT",
        "trace-id": "5338d78b-c19a-8ae5-75dd-fb249b0a2017",
        "Transfer-Encoding": "chunked",
        "x-azure-ref": "20230711T195442Z-vrmngh4fw128h9bk4nxt75n3sg00000000s000000000vg7y",
        "X-Cache": "CONFIG_NOCACHE"
      },
      "ResponseBody": {
        "id": "tst_get_ep",
        "name": "tst_get_ep",
        "exceptionRules": {
          "fakeExceptionRuleId": {
            "trigger": {
              "kind": "queue-length",
              "threshold": 1
            },
            "actions": {
              "fakeExceptionActionId": {
                "kind": "reclassify",
                "classificationPolicyId": "test_get_exception_policy_tst_cp",
                "labelsToUpsert": {}
              }
            }
          }
        }
      }
    },
    {
      "RequestUri": "https://sanitized.communication.azure.net/routing/exceptionPolicies/tst_get_ep?api-version=2022-07-18-preview",
      "RequestMethod": "GET",
      "RequestHeaders": {
        "Accept": "application/json",
        "Accept-Encoding": "gzip, deflate",
        "Authorization": "Sanitized",
        "Connection": "keep-alive",
        "User-Agent": "azsdk-python-communication-jobrouter/1.0.0b1 Python/3.9.13 (Windows-10-10.0.22621-SP0)",
        "x-ms-client-request-id": "c6e3c370-2024-11ee-a7b6-046c590f95d2",
        "x-ms-content-sha256": "Sanitized",
        "x-ms-date": "Tue, 11 Jul 2023 19:54:42 GMT",
        "x-ms-return-client-request-id": "true"
      },
      "RequestBody": null,
      "StatusCode": 200,
      "ResponseHeaders": {
        "api-supported-versions": "2021-04-07-preview1, 2022-07-18-preview",
        "Connection": "keep-alive",
        "Content-Type": "application/json; charset=utf-8",
        "Date": "Tue, 11 Jul 2023 19:54:42 GMT",
        "ETag": "Sanitized",
        "Last-Modified": "Tue, 11 Jul 2023 19:54:42 GMT",
        "trace-id": "bc2d626e-574e-c501-8cae-aa23656bba09",
        "Transfer-Encoding": "chunked",
        "x-azure-ref": "20230711T195442Z-vrmngh4fw128h9bk4nxt75n3sg00000000s000000000vg8g",
        "X-Cache": "CONFIG_NOCACHE"
      },
      "ResponseBody": {
        "id": "tst_get_ep",
        "name": "tst_get_ep",
        "exceptionRules": {
          "fakeExceptionRuleId": {
            "trigger": {
              "kind": "queue-length",
              "threshold": 1
            },
            "actions": {
              "fakeExceptionActionId": {
                "kind": "reclassify",
                "classificationPolicyId": "test_get_exception_policy_tst_cp",
                "labelsToUpsert": {}
              }
            }
          }
        }
      }
    },
    {
      "RequestUri": "https://sanitized.communication.azure.net/routing/exceptionPolicies/tst_get_ep?api-version=2022-07-18-preview",
      "RequestMethod": "PATCH",
      "RequestHeaders": {
        "Accept": "application/json",
        "Accept-Encoding": "gzip, deflate",
        "Authorization": "Sanitized",
        "Connection": "keep-alive",
        "Content-Length": "187",
        "Content-Type": "application/merge-patch\u002Bjson",
        "User-Agent": "azsdk-python-communication-jobrouter/1.0.0b1 Python/3.9.13 (Windows-10-10.0.22621-SP0)",
        "x-ms-client-request-id": "c6ed7961-2024-11ee-a8a8-046c590f95d2",
        "x-ms-content-sha256": "Sanitized",
        "x-ms-date": "Tue, 11 Jul 2023 19:54:42 GMT",
        "x-ms-return-client-request-id": "true"
      },
      "RequestBody": {
        "name": "tst_get_ep",
        "exceptionRules": {
          "fakeExceptionRuleId": {
            "trigger": {
              "kind": "wait-time",
              "thresholdSeconds": 3600.0
            },
            "actions": {
              "fakeExceptionActionId": {
                "kind": "cancel"
              }
            }
          }
        }
      },
      "StatusCode": 200,
      "ResponseHeaders": {
        "api-supported-versions": "2021-04-07-preview1, 2022-07-18-preview",
        "Connection": "keep-alive",
        "Content-Type": "application/json; charset=utf-8",
        "Date": "Tue, 11 Jul 2023 19:54:42 GMT",
        "ETag": "Sanitized",
        "Last-Modified": "Tue, 11 Jul 2023 19:54:42 GMT",
        "trace-id": "7d5eddee-08b5-52c6-f4e0-37be31ebc6cf",
        "Transfer-Encoding": "chunked",
        "x-azure-ref": "20230711T195442Z-vrmngh4fw128h9bk4nxt75n3sg00000000s000000000vg90",
        "X-Cache": "CONFIG_NOCACHE"
      },
      "ResponseBody": {
        "id": "tst_get_ep",
        "name": "tst_get_ep",
        "exceptionRules": {
          "fakeExceptionRuleId": {
            "trigger": {
              "kind": "wait-time",
              "thresholdSeconds": 3600
            },
            "actions": {
              "fakeExceptionActionId": {
                "kind": "cancel"
              }
            }
          }
        }
      }
    },
    {
      "RequestUri": "https://sanitized.communication.azure.net/routing/exceptionPolicies/tst_get_ep?api-version=2022-07-18-preview",
      "RequestMethod": "GET",
      "RequestHeaders": {
        "Accept": "application/json",
        "Accept-Encoding": "gzip, deflate",
        "Authorization": "Sanitized",
        "Connection": "keep-alive",
        "User-Agent": "azsdk-python-communication-jobrouter/1.0.0b1 Python/3.9.13 (Windows-10-10.0.22621-SP0)",
        "x-ms-client-request-id": "c70c9972-2024-11ee-8696-046c590f95d2",
        "x-ms-content-sha256": "Sanitized",
        "x-ms-date": "Tue, 11 Jul 2023 19:54:42 GMT",
        "x-ms-return-client-request-id": "true"
      },
      "RequestBody": null,
      "StatusCode": 200,
      "ResponseHeaders": {
        "api-supported-versions": "2021-04-07-preview1, 2022-07-18-preview",
        "Connection": "keep-alive",
        "Content-Type": "application/json; charset=utf-8",
        "Date": "Tue, 11 Jul 2023 19:54:42 GMT",
        "ETag": "Sanitized",
        "Last-Modified": "Tue, 11 Jul 2023 19:54:42 GMT",
        "trace-id": "151b9b1c-4ac3-b73e-be87-e32419942bb6",
        "Transfer-Encoding": "chunked",
        "x-azure-ref": "20230711T195442Z-vrmngh4fw128h9bk4nxt75n3sg00000000s000000000vg9p",
        "X-Cache": "CONFIG_NOCACHE"
      },
      "ResponseBody": {
        "id": "tst_get_ep",
        "name": "tst_get_ep",
        "exceptionRules": {
          "fakeExceptionRuleId": {
            "trigger": {
              "kind": "wait-time",
              "thresholdSeconds": 3600
            },
            "actions": {
              "fakeExceptionActionId": {
                "kind": "cancel"
              }
            }
          }
        }
      }
    },
    {
      "RequestUri": "https://sanitized.communication.azure.net/routing/exceptionPolicies/tst_get_ep?api-version=2022-07-18-preview",
      "RequestMethod": "PATCH",
      "RequestHeaders": {
        "Accept": "application/json",
        "Accept-Encoding": "gzip, deflate",
        "Authorization": "Sanitized",
        "Connection": "keep-alive",
        "Content-Length": "259",
        "Content-Type": "application/merge-patch\u002Bjson",
        "User-Agent": "azsdk-python-communication-jobrouter/1.0.0b1 Python/3.9.13 (Windows-10-10.0.22621-SP0)",
        "x-ms-client-request-id": "c71badd9-2024-11ee-8511-046c590f95d2",
        "x-ms-content-sha256": "Sanitized",
        "x-ms-date": "Tue, 11 Jul 2023 19:54:42 GMT",
        "x-ms-return-client-request-id": "true"
      },
      "RequestBody": {
        "name": "tst_get_ep",
        "exceptionRules": {
          "fakeExceptionRuleId": {
            "trigger": {
              "kind": "wait-time",
              "thresholdSeconds": 3600.0
            },
            "actions": {
              "fakeExceptionActionId": {
                "kind": "manual-reclassify",
                "queueId": "test_get_exception_policy_tst_q",
                "priority": 1
              }
            }
          }
        }
      },
      "StatusCode": 200,
      "ResponseHeaders": {
        "api-supported-versions": "2021-04-07-preview1, 2022-07-18-preview",
        "Connection": "keep-alive",
        "Content-Type": "application/json; charset=utf-8",
        "Date": "Tue, 11 Jul 2023 19:54:42 GMT",
        "ETag": "Sanitized",
        "Last-Modified": "Tue, 11 Jul 2023 19:54:42 GMT",
        "trace-id": "6336b738-679a-e3bd-9017-6dd371279c22",
        "Transfer-Encoding": "chunked",
        "x-azure-ref": "20230711T195442Z-vrmngh4fw128h9bk4nxt75n3sg00000000s000000000vg9v",
        "X-Cache": "CONFIG_NOCACHE"
      },
      "ResponseBody": {
        "id": "tst_get_ep",
        "name": "tst_get_ep",
        "exceptionRules": {
          "fakeExceptionRuleId": {
            "trigger": {
              "kind": "wait-time",
              "thresholdSeconds": 3600
            },
            "actions": {
              "fakeExceptionActionId": {
                "kind": "manual-reclassify",
                "queueId": "test_get_exception_policy_tst_q",
                "priority": 1,
                "workerSelectors": []
              }
            }
          }
        }
      }
    },
    {
      "RequestUri": "https://sanitized.communication.azure.net/routing/exceptionPolicies/tst_get_ep?api-version=2022-07-18-preview",
      "RequestMethod": "GET",
      "RequestHeaders": {
        "Accept": "application/json",
        "Accept-Encoding": "gzip, deflate",
        "Authorization": "Sanitized",
        "Connection": "keep-alive",
        "User-Agent": "azsdk-python-communication-jobrouter/1.0.0b1 Python/3.9.13 (Windows-10-10.0.22621-SP0)",
        "x-ms-client-request-id": "c7426557-2024-11ee-8892-046c590f95d2",
        "x-ms-content-sha256": "Sanitized",
        "x-ms-date": "Tue, 11 Jul 2023 19:54:42 GMT",
        "x-ms-return-client-request-id": "true"
      },
      "RequestBody": null,
      "StatusCode": 200,
      "ResponseHeaders": {
        "api-supported-versions": "2021-04-07-preview1, 2022-07-18-preview",
        "Connection": "keep-alive",
        "Content-Type": "application/json; charset=utf-8",
        "Date": "Tue, 11 Jul 2023 19:54:42 GMT",
        "ETag": "Sanitized",
        "Last-Modified": "Tue, 11 Jul 2023 19:54:42 GMT",
        "trace-id": "92226c76-878d-7de6-68f4-5101bf2b35ae",
        "Transfer-Encoding": "chunked",
        "x-azure-ref": "20230711T195442Z-vrmngh4fw128h9bk4nxt75n3sg00000000s000000000vgax",
        "X-Cache": "CONFIG_NOCACHE"
      },
      "ResponseBody": {
        "id": "tst_get_ep",
        "name": "tst_get_ep",
        "exceptionRules": {
          "fakeExceptionRuleId": {
            "trigger": {
              "kind": "wait-time",
              "thresholdSeconds": 3600
            },
            "actions": {
              "fakeExceptionActionId": {
                "kind": "manual-reclassify",
                "queueId": "test_get_exception_policy_tst_q",
                "priority": 1,
                "workerSelectors": []
              }
            }
          }
        }
      }
    },
    {
      "RequestUri": "https://sanitized.communication.azure.net/routing/exceptionPolicies/tst_get_ep?api-version=2022-07-18-preview",
      "RequestMethod": "PATCH",
      "RequestHeaders": {
        "Accept": "application/json",
        "Accept-Encoding": "gzip, deflate",
        "Authorization": "Sanitized",
        "Connection": "keep-alive",
        "Content-Length": "253",
        "Content-Type": "application/merge-patch\u002Bjson",
        "User-Agent": "azsdk-python-communication-jobrouter/1.0.0b1 Python/3.9.13 (Windows-10-10.0.22621-SP0)",
        "x-ms-client-request-id": "c74c1441-2024-11ee-a76a-046c590f95d2",
        "x-ms-content-sha256": "Sanitized",
        "x-ms-date": "Tue, 11 Jul 2023 19:54:42 GMT",
        "x-ms-return-client-request-id": "true"
      },
      "RequestBody": {
        "name": "tst_get_ep",
        "exceptionRules": {
          "fakeExceptionRuleId": {
            "trigger": {
              "kind": "wait-time",
              "thresholdSeconds": 3600.0
            },
            "actions": {
              "fakeExceptionActionId": {
                "kind": "reclassify",
                "classificationPolicyId": "test_get_exception_policy_tst_cp"
              }
            }
          }
        }
      },
      "StatusCode": 200,
      "ResponseHeaders": {
        "api-supported-versions": "2021-04-07-preview1, 2022-07-18-preview",
        "Connection": "keep-alive",
        "Content-Type": "application/json; charset=utf-8",
        "Date": "Tue, 11 Jul 2023 19:54:43 GMT",
        "ETag": "Sanitized",
        "Last-Modified": "Tue, 11 Jul 2023 19:54:43 GMT",
        "trace-id": "ad89ca57-b9e5-1791-e502-048b783a1d68",
        "Transfer-Encoding": "chunked",
        "x-azure-ref": "20230711T195443Z-vrmngh4fw128h9bk4nxt75n3sg00000000s000000000vgb3",
        "X-Cache": "CONFIG_NOCACHE"
      },
      "ResponseBody": {
        "id": "tst_get_ep",
        "name": "tst_get_ep",
        "exceptionRules": {
          "fakeExceptionRuleId": {
            "trigger": {
              "kind": "wait-time",
              "thresholdSeconds": 3600
            },
            "actions": {
              "fakeExceptionActionId": {
                "kind": "reclassify",
                "classificationPolicyId": "test_get_exception_policy_tst_cp",
                "labelsToUpsert": {}
              }
            }
          }
        }
      }
    },
    {
      "RequestUri": "https://sanitized.communication.azure.net/routing/exceptionPolicies/tst_get_ep?api-version=2022-07-18-preview",
      "RequestMethod": "GET",
      "RequestHeaders": {
        "Accept": "application/json",
        "Accept-Encoding": "gzip, deflate",
        "Authorization": "Sanitized",
        "Connection": "keep-alive",
        "User-Agent": "azsdk-python-communication-jobrouter/1.0.0b1 Python/3.9.13 (Windows-10-10.0.22621-SP0)",
        "x-ms-client-request-id": "c76d1629-2024-11ee-928e-046c590f95d2",
        "x-ms-content-sha256": "Sanitized",
        "x-ms-date": "Tue, 11 Jul 2023 19:54:43 GMT",
        "x-ms-return-client-request-id": "true"
      },
      "RequestBody": null,
      "StatusCode": 200,
      "ResponseHeaders": {
        "api-supported-versions": "2021-04-07-preview1, 2022-07-18-preview",
        "Connection": "keep-alive",
        "Content-Type": "application/json; charset=utf-8",
        "Date": "Tue, 11 Jul 2023 19:54:43 GMT",
        "ETag": "Sanitized",
        "Last-Modified": "Tue, 11 Jul 2023 19:54:43 GMT",
        "trace-id": "08f89122-b10c-237e-21e2-67235beeaf1d",
        "Transfer-Encoding": "chunked",
        "x-azure-ref": "20230711T195443Z-vrmngh4fw128h9bk4nxt75n3sg00000000s000000000vgbq",
        "X-Cache": "CONFIG_NOCACHE"
      },
      "ResponseBody": {
        "id": "tst_get_ep",
        "name": "tst_get_ep",
        "exceptionRules": {
          "fakeExceptionRuleId": {
            "trigger": {
              "kind": "wait-time",
              "thresholdSeconds": 3600
            },
            "actions": {
              "fakeExceptionActionId": {
                "kind": "reclassify",
                "classificationPolicyId": "test_get_exception_policy_tst_cp",
                "labelsToUpsert": {}
              }
            }
          }
        }
      }
    },
    {
      "RequestUri": "https://sanitized.communication.azure.net/routing/classificationPolicies/test_get_exception_policy_tst_cp?api-version=2022-07-18-preview",
      "RequestMethod": "DELETE",
      "RequestHeaders": {
        "Accept": "application/json",
        "Accept-Encoding": "gzip, deflate",
        "Authorization": "Sanitized",
        "Connection": "keep-alive",
        "Content-Length": "0",
        "User-Agent": "azsdk-python-communication-jobrouter/1.0.0b1 Python/3.9.13 (Windows-10-10.0.22621-SP0)",
        "x-ms-client-request-id": "c7773398-2024-11ee-90bd-046c590f95d2",
        "x-ms-content-sha256": "Sanitized",
        "x-ms-date": "Tue, 11 Jul 2023 19:54:43 GMT",
        "x-ms-return-client-request-id": "true"
      },
      "RequestBody": null,
      "StatusCode": 204,
      "ResponseHeaders": {
        "api-supported-versions": "2021-04-07-preview1, 2022-07-18-preview",
        "Connection": "keep-alive",
        "Date": "Tue, 11 Jul 2023 19:54:43 GMT",
        "trace-id": "ef7d1eba-c07e-006c-0009-6acc172ffcaf",
        "x-azure-ref": "20230711T195443Z-vrmngh4fw128h9bk4nxt75n3sg00000000s000000000vgbz",
        "X-Cache": "CONFIG_NOCACHE"
      },
      "ResponseBody": null
    },
    {
      "RequestUri": "https://sanitized.communication.azure.net/routing/queues/test_get_exception_policy_tst_q?api-version=2022-07-18-preview",
      "RequestMethod": "DELETE",
      "RequestHeaders": {
        "Accept": "application/json",
        "Accept-Encoding": "gzip, deflate",
        "Authorization": "Sanitized",
        "Connection": "keep-alive",
        "Content-Length": "0",
        "User-Agent": "azsdk-python-communication-jobrouter/1.0.0b1 Python/3.9.13 (Windows-10-10.0.22621-SP0)",
        "x-ms-client-request-id": "c78b923b-2024-11ee-8c7e-046c590f95d2",
        "x-ms-content-sha256": "Sanitized",
        "x-ms-date": "Tue, 11 Jul 2023 19:54:43 GMT",
        "x-ms-return-client-request-id": "true"
      },
      "RequestBody": null,
      "StatusCode": 204,
      "ResponseHeaders": {
        "api-supported-versions": "2021-04-07-preview1, 2022-07-18-preview",
        "Connection": "keep-alive",
        "Date": "Tue, 11 Jul 2023 19:54:43 GMT",
        "trace-id": "8ebaaad8-33d3-ed45-34d9-772277e8178e",
        "x-azure-ref": "20230711T195443Z-vrmngh4fw128h9bk4nxt75n3sg00000000s000000000vgcb",
        "X-Cache": "CONFIG_NOCACHE"
      },
      "ResponseBody": null
    },
    {
      "RequestUri": "https://sanitized.communication.azure.net/routing/distributionPolicies/test_get_exception_policy_tst_dp?api-version=2022-07-18-preview",
      "RequestMethod": "DELETE",
      "RequestHeaders": {
        "Accept": "application/json",
        "Accept-Encoding": "gzip, deflate",
        "Authorization": "Sanitized",
        "Connection": "keep-alive",
        "Content-Length": "0",
        "User-Agent": "azsdk-python-communication-jobrouter/1.0.0b1 Python/3.9.13 (Windows-10-10.0.22621-SP0)",
        "x-ms-client-request-id": "c7a99a93-2024-11ee-8868-046c590f95d2",
        "x-ms-content-sha256": "Sanitized",
        "x-ms-date": "Tue, 11 Jul 2023 19:54:43 GMT",
        "x-ms-return-client-request-id": "true"
      },
      "RequestBody": null,
      "StatusCode": 204,
      "ResponseHeaders": {
        "api-supported-versions": "2021-04-07-preview1, 2022-07-18-preview",
        "Connection": "keep-alive",
        "Date": "Tue, 11 Jul 2023 19:54:43 GMT",
        "trace-id": "3900110e-cd42-106d-2f1b-932b591a804a",
        "x-azure-ref": "20230711T195443Z-vrmngh4fw128h9bk4nxt75n3sg00000000s000000000vgdd",
        "X-Cache": "CONFIG_NOCACHE"
      },
      "ResponseBody": null
    },
    {
      "RequestUri": "https://sanitized.communication.azure.net/routing/exceptionPolicies/tst_get_ep?api-version=2022-07-18-preview",
      "RequestMethod": "DELETE",
      "RequestHeaders": {
        "Accept": "application/json",
        "Accept-Encoding": "gzip, deflate",
        "Authorization": "Sanitized",
        "Connection": "keep-alive",
        "Content-Length": "0",
        "User-Agent": "azsdk-python-communication-jobrouter/1.0.0b1 Python/3.9.13 (Windows-10-10.0.22621-SP0)",
        "x-ms-client-request-id": "c7bcc747-2024-11ee-abbe-046c590f95d2",
        "x-ms-content-sha256": "Sanitized",
        "x-ms-date": "Tue, 11 Jul 2023 19:54:43 GMT",
        "x-ms-return-client-request-id": "true"
      },
      "RequestBody": null,
      "StatusCode": 204,
      "ResponseHeaders": {
        "api-supported-versions": "2021-04-07-preview1, 2022-07-18-preview",
        "Connection": "keep-alive",
        "Date": "Tue, 11 Jul 2023 19:54:43 GMT",
        "trace-id": "cdea0108-0ba4-4761-da1e-96fcb6f8fc31",
        "x-azure-ref": "20230711T195443Z-vrmngh4fw128h9bk4nxt75n3sg00000000s000000000vgdv",
        "X-Cache": "CONFIG_NOCACHE"
      },
      "ResponseBody": null
    }
  ],
  "Variables": {}
}
