{
  "Entries": [
    {
      "RequestUri": "https://sanitized.communication.azure.net/routing/distributionPolicies/tst_get_dp_async?api-version=2022-07-18-preview",
      "RequestMethod": "PATCH",
      "RequestHeaders": {
        "Accept": "application/json",
        "Accept-Encoding": "gzip, deflate",
        "Authorization": "Sanitized",
        "Content-Length": "147",
        "Content-Type": "application/merge-patch\u002Bjson",
        "User-Agent": "azsdk-python-communication-jobrouter/1.0.0b1 Python/3.9.7 (Windows-10-10.0.22621-SP0)",
        "x-ms-client-request-id": "11acfbff-106e-11ee-8fe9-046c590f95d2",
        "x-ms-content-sha256": "Sanitized",
        "x-ms-date": "Wed, 21 Jun 2023 19:59:02 GMT",
        "x-ms-return-client-request-id": "true"
      },
      "RequestBody": {
        "name": "tst_get_dp_async",
        "offerExpiresAfterSeconds": 10.0,
        "mode": {
          "kind": "best-worker",
          "minConcurrentOffers": 1,
          "maxConcurrentOffers": 1
        }
      },
      "StatusCode": 201,
      "ResponseHeaders": {
        "api-supported-versions": "2021-04-07-preview1, 2022-07-18-preview",
        "Content-Type": "application/json; charset=utf-8",
        "Date": "Wed, 21 Jun 2023 19:59:01 GMT",
        "ETag": "Sanitized",
        "Last-Modified": "Wed, 21 Jun 2023 19:59:02 GMT",
        "trace-id": "4e142ee6-3a07-eb62-e539-8831ad9c71e6",
        "Transfer-Encoding": "chunked",
        "X-Azure-Ref": "0hlaTZAAAAADdvExcXGByS6G9Jy7/i63tWVZSMzExMDAwMTE1MDMxAGNjOTI3NThkLTA1ZjctNGFkNi1hYTVlLTBmYTk3MThkODk4NQ==",
        "X-Cache": "CONFIG_NOCACHE"
      },
      "ResponseBody": {
        "id": "tst_get_dp_async",
        "name": "tst_get_dp_async",
        "offerExpiresAfterSeconds": 10,
        "mode": {
          "kind": "best-worker",
          "scoringRuleOptions": {
            "scoringParameters": [
              "jobLabels",
              "workerSelectors"
            ],
            "allowScoringBatchOfWorkers": false,
            "descendingOrder": true
          },
          "minConcurrentOffers": 1,
          "maxConcurrentOffers": 1,
          "bypassSelectors": false
        }
      }
    },
    {
      "RequestUri": "https://sanitized.communication.azure.net/routing/distributionPolicies/tst_get_dp_async?api-version=2022-07-18-preview",
      "RequestMethod": "GET",
      "RequestHeaders": {
        "Accept": "application/json",
        "Accept-Encoding": "gzip, deflate",
        "Authorization": "Sanitized",
        "Content-Length": "0",
        "User-Agent": "azsdk-python-communication-jobrouter/1.0.0b1 Python/3.9.7 (Windows-10-10.0.22621-SP0)",
        "x-ms-client-request-id": "11c6852f-106e-11ee-8520-046c590f95d2",
        "x-ms-content-sha256": "Sanitized",
        "x-ms-date": "Wed, 21 Jun 2023 19:59:02 GMT",
        "x-ms-return-client-request-id": "true"
      },
      "RequestBody": null,
      "StatusCode": 200,
      "ResponseHeaders": {
        "api-supported-versions": "2021-04-07-preview1, 2022-07-18-preview",
        "Content-Type": "application/json; charset=utf-8",
        "Date": "Wed, 21 Jun 2023 19:59:01 GMT",
        "ETag": "Sanitized",
        "Last-Modified": "Wed, 21 Jun 2023 19:59:02 GMT",
        "trace-id": "a66461dc-e221-cc1a-bfc1-c1613d576e29",
        "Transfer-Encoding": "chunked",
        "X-Azure-Ref": "0hlaTZAAAAAB4Nc\u002B3TOxqRLriMq\u002B/YCAdWVZSMzExMDAwMTE1MDMxAGNjOTI3NThkLTA1ZjctNGFkNi1hYTVlLTBmYTk3MThkODk4NQ==",
        "X-Cache": "CONFIG_NOCACHE"
      },
      "ResponseBody": {
        "id": "tst_get_dp_async",
        "name": "tst_get_dp_async",
        "offerExpiresAfterSeconds": 10,
        "mode": {
          "kind": "best-worker",
          "scoringRuleOptions": {
            "scoringParameters": [
              "jobLabels",
              "workerSelectors"
            ],
            "allowScoringBatchOfWorkers": false,
            "descendingOrder": true
          },
          "minConcurrentOffers": 1,
          "maxConcurrentOffers": 1,
          "bypassSelectors": false
        }
      }
    },
    {
      "RequestUri": "https://sanitized.communication.azure.net/routing/distributionPolicies/tst_get_dp_async?api-version=2022-07-18-preview",
      "RequestMethod": "PATCH",
      "RequestHeaders": {
        "Accept": "application/json",
        "Accept-Encoding": "gzip, deflate",
        "Authorization": "Sanitized",
        "Content-Length": "148",
        "Content-Type": "application/merge-patch\u002Bjson",
        "User-Agent": "azsdk-python-communication-jobrouter/1.0.0b1 Python/3.9.7 (Windows-10-10.0.22621-SP0)",
        "x-ms-client-request-id": "11d37cf1-106e-11ee-90fc-046c590f95d2",
        "x-ms-content-sha256": "Sanitized",
        "x-ms-date": "Wed, 21 Jun 2023 19:59:02 GMT",
        "x-ms-return-client-request-id": "true"
      },
      "RequestBody": {
        "name": "tst_get_dp_async",
        "offerExpiresAfterSeconds": 10.0,
        "mode": {
          "kind": "longest-idle",
          "minConcurrentOffers": 1,
          "maxConcurrentOffers": 1
        }
      },
      "StatusCode": 200,
      "ResponseHeaders": {
        "api-supported-versions": "2021-04-07-preview1, 2022-07-18-preview",
        "Content-Type": "application/json; charset=utf-8",
        "Date": "Wed, 21 Jun 2023 19:59:01 GMT",
        "ETag": "Sanitized",
        "Last-Modified": "Wed, 21 Jun 2023 19:59:02 GMT",
        "trace-id": "af63b667-2507-2f72-b4a2-e9f04a879f55",
        "Transfer-Encoding": "chunked",
        "X-Azure-Ref": "0hlaTZAAAAAAXwDFuDko1S4q48rSFcE5gWVZSMzExMDAwMTE1MDMxAGNjOTI3NThkLTA1ZjctNGFkNi1hYTVlLTBmYTk3MThkODk4NQ==",
        "X-Cache": "CONFIG_NOCACHE"
      },
      "ResponseBody": {
        "id": "tst_get_dp_async",
        "name": "tst_get_dp_async",
        "offerExpiresAfterSeconds": 10,
        "mode": {
          "kind": "longest-idle",
          "minConcurrentOffers": 1,
          "maxConcurrentOffers": 1,
          "bypassSelectors": false
        }
      }
    },
    {
      "RequestUri": "https://sanitized.communication.azure.net/routing/distributionPolicies/tst_get_dp_async?api-version=2022-07-18-preview",
      "RequestMethod": "GET",
      "RequestHeaders": {
        "Accept": "application/json",
        "Accept-Encoding": "gzip, deflate",
        "Authorization": "Sanitized",
        "Content-Length": "0",
        "User-Agent": "azsdk-python-communication-jobrouter/1.0.0b1 Python/3.9.7 (Windows-10-10.0.22621-SP0)",
        "x-ms-client-request-id": "11ef3696-106e-11ee-b955-046c590f95d2",
        "x-ms-content-sha256": "Sanitized",
        "x-ms-date": "Wed, 21 Jun 2023 19:59:02 GMT",
        "x-ms-return-client-request-id": "true"
      },
      "RequestBody": null,
      "StatusCode": 200,
      "ResponseHeaders": {
        "api-supported-versions": "2021-04-07-preview1, 2022-07-18-preview",
        "Content-Type": "application/json; charset=utf-8",
        "Date": "Wed, 21 Jun 2023 19:59:01 GMT",
        "ETag": "Sanitized",
        "Last-Modified": "Wed, 21 Jun 2023 19:59:02 GMT",
        "trace-id": "2b16da72-66a2-aa88-6f88-cdc3ba553c2f",
        "Transfer-Encoding": "chunked",
        "X-Azure-Ref": "0hlaTZAAAAACgfXPozwdTSpCFxaJ1cJMAWVZSMzExMDAwMTE1MDMxAGNjOTI3NThkLTA1ZjctNGFkNi1hYTVlLTBmYTk3MThkODk4NQ==",
        "X-Cache": "CONFIG_NOCACHE"
      },
      "ResponseBody": {
        "id": "tst_get_dp_async",
        "name": "tst_get_dp_async",
        "offerExpiresAfterSeconds": 10,
        "mode": {
          "kind": "longest-idle",
          "minConcurrentOffers": 1,
          "maxConcurrentOffers": 1,
          "bypassSelectors": false
        }
      }
    },
    {
      "RequestUri": "https://sanitized.communication.azure.net/routing/distributionPolicies/tst_get_dp_async?api-version=2022-07-18-preview",
      "RequestMethod": "PATCH",
      "RequestHeaders": {
        "Accept": "application/json",
        "Accept-Encoding": "gzip, deflate",
        "Authorization": "Sanitized",
        "Content-Length": "147",
        "Content-Type": "application/merge-patch\u002Bjson",
        "User-Agent": "azsdk-python-communication-jobrouter/1.0.0b1 Python/3.9.7 (Windows-10-10.0.22621-SP0)",
        "x-ms-client-request-id": "11fbd614-106e-11ee-a5f8-046c590f95d2",
        "x-ms-content-sha256": "Sanitized",
        "x-ms-date": "Wed, 21 Jun 2023 19:59:02 GMT",
        "x-ms-return-client-request-id": "true"
      },
      "RequestBody": {
        "name": "tst_get_dp_async",
        "offerExpiresAfterSeconds": 10.0,
        "mode": {
          "kind": "round-robin",
          "minConcurrentOffers": 1,
          "maxConcurrentOffers": 1
        }
      },
      "StatusCode": 200,
      "ResponseHeaders": {
        "api-supported-versions": "2021-04-07-preview1, 2022-07-18-preview",
        "Content-Type": "application/json; charset=utf-8",
        "Date": "Wed, 21 Jun 2023 19:59:02 GMT",
        "ETag": "Sanitized",
        "Last-Modified": "Wed, 21 Jun 2023 19:59:02 GMT",
        "trace-id": "bb2c9946-fad3-2a07-af8f-47fd48a18dd5",
        "Transfer-Encoding": "chunked",
        "X-Azure-Ref": "0hlaTZAAAAAD1Yq9gDniVTLuxekqTYz6AWVZSMzExMDAwMTE1MDMxAGNjOTI3NThkLTA1ZjctNGFkNi1hYTVlLTBmYTk3MThkODk4NQ==",
        "X-Cache": "CONFIG_NOCACHE"
      },
      "ResponseBody": {
        "id": "tst_get_dp_async",
        "name": "tst_get_dp_async",
        "offerExpiresAfterSeconds": 10,
        "mode": {
          "kind": "round-robin",
          "minConcurrentOffers": 1,
          "maxConcurrentOffers": 1,
          "bypassSelectors": false
        }
      }
    },
    {
      "RequestUri": "https://sanitized.communication.azure.net/routing/distributionPolicies/tst_get_dp_async?api-version=2022-07-18-preview",
      "RequestMethod": "GET",
      "RequestHeaders": {
        "Accept": "application/json",
        "Accept-Encoding": "gzip, deflate",
        "Authorization": "Sanitized",
        "Content-Length": "0",
        "User-Agent": "azsdk-python-communication-jobrouter/1.0.0b1 Python/3.9.7 (Windows-10-10.0.22621-SP0)",
        "x-ms-client-request-id": "121b8a29-106e-11ee-bb96-046c590f95d2",
        "x-ms-content-sha256": "Sanitized",
        "x-ms-date": "Wed, 21 Jun 2023 19:59:03 GMT",
        "x-ms-return-client-request-id": "true"
      },
      "RequestBody": null,
      "StatusCode": 200,
      "ResponseHeaders": {
        "api-supported-versions": "2021-04-07-preview1, 2022-07-18-preview",
        "Content-Type": "application/json; charset=utf-8",
        "Date": "Wed, 21 Jun 2023 19:59:02 GMT",
        "ETag": "Sanitized",
        "Last-Modified": "Wed, 21 Jun 2023 19:59:02 GMT",
        "trace-id": "066bbf43-2b3b-cd13-11f4-0bd26c8f0e4a",
        "Transfer-Encoding": "chunked",
        "X-Azure-Ref": "0hlaTZAAAAABviM5UqcS1QpEHGRJup\u002BKeWVZSMzExMDAwMTE1MDMxAGNjOTI3NThkLTA1ZjctNGFkNi1hYTVlLTBmYTk3MThkODk4NQ==",
        "X-Cache": "CONFIG_NOCACHE"
      },
      "ResponseBody": {
        "id": "tst_get_dp_async",
        "name": "tst_get_dp_async",
        "offerExpiresAfterSeconds": 10,
        "mode": {
          "kind": "round-robin",
          "minConcurrentOffers": 1,
          "maxConcurrentOffers": 1,
          "bypassSelectors": false
        }
      }
    },
    {
      "RequestUri": "https://sanitized.communication.azure.net/routing/distributionPolicies/tst_get_dp_async?api-version=2022-07-18-preview",
      "RequestMethod": "DELETE",
      "RequestHeaders": {
        "Accept": "application/json",
        "Accept-Encoding": "gzip, deflate",
        "Authorization": "Sanitized",
        "Content-Length": "0",
        "User-Agent": "azsdk-python-communication-jobrouter/1.0.0b1 Python/3.9.7 (Windows-10-10.0.22621-SP0)",
        "x-ms-client-request-id": "1227207d-106e-11ee-825e-046c590f95d2",
        "x-ms-content-sha256": "Sanitized",
        "x-ms-date": "Wed, 21 Jun 2023 19:59:03 GMT",
        "x-ms-return-client-request-id": "true"
      },
      "RequestBody": null,
      "StatusCode": 204,
      "ResponseHeaders": {
        "api-supported-versions": "2021-04-07-preview1, 2022-07-18-preview",
        "Date": "Wed, 21 Jun 2023 19:59:02 GMT",
        "trace-id": "03091c05-d231-6859-e55b-f6351b740ef4",
        "X-Azure-Ref": "0h1aTZAAAAACuw7cs5qQZTrlEHeRXFF4LWVZSMzExMDAwMTE1MDMxAGNjOTI3NThkLTA1ZjctNGFkNi1hYTVlLTBmYTk3MThkODk4NQ==",
        "X-Cache": "CONFIG_NOCACHE"
      },
      "ResponseBody": null
    }
  ],
  "Variables": {}
}
