{
  "Entries": [
    {
      "RequestUri": "https://sanitized.communication.azure.net/routing/distributionPolicies/test_update_job_w_cp_tst_dp_async?api-version=2022-07-18-preview",
      "RequestMethod": "PATCH",
      "RequestHeaders": {
        "Accept": "application/json",
        "Accept-Encoding": "gzip, deflate",
        "Authorization": "Sanitized",
        "Content-Length": "155",
        "Content-Type": "application/merge-patch\u002Bjson",
        "User-Agent": "azsdk-python-communication-jobrouter/1.0.0b1 Python/3.9.7 (Windows-10-10.0.22621-SP0)",
        "x-ms-client-request-id": "0e8418c1-600a-11ed-99d6-046c590f95d2",
        "x-ms-content-sha256": "Sanitized",
        "x-ms-date": "Wed, 09 Nov 2022 08:39:42 GMT",
        "x-ms-return-client-request-id": "true"
      },
      "RequestBody": {
        "name": "test_update_job_w_cp_tst_dp_async",
        "offerTtlSeconds": 10.0,
        "mode": {
          "kind": "round-robin",
          "minConcurrentOffers": 1,
          "maxConcurrentOffers": 1
        }
      },
      "StatusCode": 200,
      "ResponseHeaders": {
        "api-supported-versions": "2021-04-07-preview1, 2022-07-18-preview",
        "Connection": "keep-alive",
        "Content-Type": "application/json; charset=utf-8",
        "Date": "Wed, 09 Nov 2022 08:39:42 GMT",
        "ETag": "Sanitized",
        "Last-Modified": "Wed, 09 Nov 2022 08:39:42 GMT",
        "Request-Context": "appId=",
        "trace-id": "dd3ec5dddae0536eeb8ee0a70c0bdb4b",
        "Transfer-Encoding": "chunked",
        "x-azure-ref": "20221109T083941Z-mgm4p2tfed3vv553xaddruxem000000004fg0000000090rb",
        "X-Cache": "CONFIG_NOCACHE"
      },
      "ResponseBody": {
        "id": "test_update_job_w_cp_tst_dp_async",
        "name": "test_update_job_w_cp_tst_dp_async",
        "offerTtlSeconds": 10,
        "mode": {
          "kind": "round-robin",
          "minConcurrentOffers": 1,
          "maxConcurrentOffers": 1,
          "bypassSelectors": false
        }
      }
    },
    {
      "RequestUri": "https://sanitized.communication.azure.net/routing/queues/test_update_job_w_cp_tst_q_async?api-version=2022-07-18-preview",
      "RequestMethod": "PATCH",
      "RequestHeaders": {
        "Accept": "application/json",
        "Accept-Encoding": "gzip, deflate",
        "Authorization": "Sanitized",
        "Content-Length": "161",
        "Content-Type": "application/merge-patch\u002Bjson",
        "User-Agent": "azsdk-python-communication-jobrouter/1.0.0b1 Python/3.9.7 (Windows-10-10.0.22621-SP0)",
        "x-ms-client-request-id": "0ec2af43-600a-11ed-b058-046c590f95d2",
        "x-ms-content-sha256": "Sanitized",
        "x-ms-date": "Wed, 09 Nov 2022 08:39:43 GMT",
        "x-ms-return-client-request-id": "true"
      },
      "RequestBody": {
        "name": "test_update_job_w_cp_tst_q_async",
        "distributionPolicyId": "test_update_job_w_cp_tst_dp_async",
        "labels": {
          "key1": "JobKey",
          "key2": 10,
          "key3": true
        }
      },
      "StatusCode": 200,
      "ResponseHeaders": {
        "api-supported-versions": "2021-04-07-preview1, 2022-07-18-preview",
        "Connection": "keep-alive",
        "Content-Type": "application/json; charset=utf-8",
        "Date": "Wed, 09 Nov 2022 08:39:42 GMT",
        "ETag": "Sanitized",
        "Last-Modified": "Wed, 09 Nov 2022 08:39:42 GMT",
        "Request-Context": "appId=",
        "trace-id": "f6b7e3107d5df964fc3af91ac41af287",
        "Transfer-Encoding": "chunked",
        "x-azure-ref": "20221109T083942Z-mgm4p2tfed3vv553xaddruxem000000004fg0000000090th",
        "X-Cache": "CONFIG_NOCACHE"
      },
      "ResponseBody": {
        "id": "test_update_job_w_cp_tst_q_async",
        "name": "test_update_job_w_cp_tst_q_async",
        "distributionPolicyId": "test_update_job_w_cp_tst_dp_async",
        "labels": {
          "key1": "JobKey",
          "key2": 10,
          "key3": true,
          "Id": "test_update_job_w_cp_tst_q_async"
        }
      }
    },
    {
      "RequestUri": "https://sanitized.communication.azure.net/routing/queues/test_update_job_w_cp_tst_flbk_q_async?api-version=2022-07-18-preview",
      "RequestMethod": "PATCH",
      "RequestHeaders": {
        "Accept": "application/json",
        "Accept-Encoding": "gzip, deflate",
        "Authorization": "Sanitized",
        "Content-Length": "166",
        "Content-Type": "application/merge-patch\u002Bjson",
        "User-Agent": "azsdk-python-communication-jobrouter/1.0.0b1 Python/3.9.7 (Windows-10-10.0.22621-SP0)",
        "x-ms-client-request-id": "0ee3b584-600a-11ed-8279-046c590f95d2",
        "x-ms-content-sha256": "Sanitized",
        "x-ms-date": "Wed, 09 Nov 2022 08:39:43 GMT",
        "x-ms-return-client-request-id": "true"
      },
      "RequestBody": {
        "name": "test_update_job_w_cp_tst_flbk_q_async",
        "distributionPolicyId": "test_update_job_w_cp_tst_dp_async",
        "labels": {
          "key1": "JobKey",
          "key2": 10,
          "key3": true
        }
      },
      "StatusCode": 200,
      "ResponseHeaders": {
        "api-supported-versions": "2021-04-07-preview1, 2022-07-18-preview",
        "Connection": "keep-alive",
        "Content-Type": "application/json; charset=utf-8",
        "Date": "Wed, 09 Nov 2022 08:39:42 GMT",
        "ETag": "Sanitized",
        "Last-Modified": "Wed, 09 Nov 2022 08:39:42 GMT",
        "Request-Context": "appId=",
        "trace-id": "a18cb315894de867a4cd5d1f086a655c",
        "Transfer-Encoding": "chunked",
        "x-azure-ref": "20221109T083942Z-mgm4p2tfed3vv553xaddruxem000000004fg0000000090uk",
        "X-Cache": "CONFIG_NOCACHE"
      },
      "ResponseBody": {
        "id": "test_update_job_w_cp_tst_flbk_q_async",
        "name": "test_update_job_w_cp_tst_flbk_q_async",
        "distributionPolicyId": "test_update_job_w_cp_tst_dp_async",
        "labels": {
          "key1": "JobKey",
          "key2": 10,
          "key3": true,
          "Id": "test_update_job_w_cp_tst_flbk_q_async"
        }
      }
    },
    {
      "RequestUri": "https://sanitized.communication.azure.net/routing/classificationPolicies/test_update_job_w_cp_tst_cp?api-version=2022-07-18-preview",
      "RequestMethod": "PATCH",
      "RequestHeaders": {
        "Accept": "application/json",
        "Accept-Encoding": "gzip, deflate",
        "Authorization": "Sanitized",
        "Content-Length": "434",
        "Content-Type": "application/merge-patch\u002Bjson",
        "User-Agent": "azsdk-python-communication-jobrouter/1.0.0b1 Python/3.9.7 (Windows-10-10.0.22621-SP0)",
        "x-ms-client-request-id": "0efe92bf-600a-11ed-9f53-046c590f95d2",
        "x-ms-content-sha256": "Sanitized",
        "x-ms-date": "Wed, 09 Nov 2022 08:39:43 GMT",
        "x-ms-return-client-request-id": "true"
      },
      "RequestBody": {
        "name": "test_update_job_w_cp_tst_cp",
        "fallbackQueueId": "test_update_job_w_cp_tst_flbk_q_async",
        "queueSelectors": [
          {
            "kind": "static",
            "labelSelector": {
              "key": "Id",
              "labelOperator": "equal",
              "value": "test_update_job_w_cp_tst_q_async"
            }
          }
        ],
        "prioritizationRule": {
          "kind": "static-rule",
          "value": 10
        },
        "workerSelectors": [
          {
            "kind": "static",
            "labelSelector": {
              "key": "FakeKeyFromCp",
              "labelOperator": "equal",
              "value": "FakeValue"
            }
          }
        ]
      },
      "StatusCode": 200,
      "ResponseHeaders": {
        "api-supported-versions": "2021-04-07-preview1, 2022-07-18-preview",
        "Connection": "keep-alive",
        "Content-Type": "application/json; charset=utf-8",
        "Date": "Wed, 09 Nov 2022 08:39:42 GMT",
        "ETag": "Sanitized",
        "Last-Modified": "Wed, 09 Nov 2022 08:39:42 GMT",
        "Request-Context": "appId=",
        "trace-id": "4675da5d7f7ed837bfe53e9031cdd07a",
        "Transfer-Encoding": "chunked",
        "x-azure-ref": "20221109T083942Z-mgm4p2tfed3vv553xaddruxem000000004fg0000000090vc",
        "X-Cache": "CONFIG_NOCACHE"
      },
      "ResponseBody": {
        "id": "test_update_job_w_cp_tst_cp",
        "name": "test_update_job_w_cp_tst_cp",
        "fallbackQueueId": "test_update_job_w_cp_tst_flbk_q_async",
        "queueSelectors": [
          {
            "kind": "static",
            "labelSelector": {
              "key": "Id",
              "labelOperator": "equal",
              "value": "test_update_job_w_cp_tst_q_async"
            }
          }
        ],
        "prioritizationRule": {
          "kind": "static-rule",
          "value": 10
        },
        "workerSelectors": [
          {
            "kind": "static",
            "labelSelector": {
              "expedite": false,
              "state": "active",
              "key": "FakeKeyFromCp",
              "labelOperator": "equal",
              "value": "FakeValue"
            }
          }
        ]
      }
    },
    {
      "RequestUri": "https://sanitized.communication.azure.net/routing/jobs/tst_update_job_cp_async?api-version=2022-07-18-preview",
      "RequestMethod": "PATCH",
      "RequestHeaders": {
        "Accept": "application/json",
        "Accept-Encoding": "gzip, deflate",
        "Authorization": "Sanitized",
        "Content-Length": "723",
        "Content-Type": "application/merge-patch\u002Bjson",
        "User-Agent": "azsdk-python-communication-jobrouter/1.0.0b1 Python/3.9.7 (Windows-10-10.0.22621-SP0)",
        "x-ms-client-request-id": "0f166adc-600a-11ed-a8e2-046c590f95d2",
        "x-ms-content-sha256": "Sanitized",
        "x-ms-date": "Wed, 09 Nov 2022 08:39:43 GMT",
        "x-ms-return-client-request-id": "true"
      },
      "RequestBody": {
        "channelReference": "fakeChannelRef1",
        "channelId": "fakeChannelId1",
        "classificationPolicyId": "test_update_job_w_cp_tst_cp",
        "requestedWorkerSelectors": [
          {
            "key": "FakeKey1",
            "labelOperator": "equal",
            "value": true
          },
          {
            "key": "FakeKey2",
            "labelOperator": "notEqual",
            "value": false
          },
          {
            "key": "FakeKey3",
            "labelOperator": "lessThan",
            "value": 10
          },
          {
            "key": "FakeKey4",
            "labelOperator": "lessThanEqual",
            "value": 10.01
          },
          {
            "key": "FakeKey5",
            "labelOperator": "greaterThan",
            "value": 10
          },
          {
            "key": "FakeKey6",
            "labelOperator": "greaterThanEqual",
            "value": 10
          }
        ],
        "labels": {
          "key1": "JobKey",
          "key2": 10,
          "key3": true
        },
        "tags": {
          "tag1": "WorkerGenericInfo"
        },
        "notes": {
          "2022-05-13T16:59:04.531199Z": "Fake notes attached to job"
        }
      },
      "StatusCode": 200,
      "ResponseHeaders": {
        "api-supported-versions": "2021-04-07-preview1, 2022-07-18-preview",
        "Connection": "keep-alive",
        "Content-Type": "application/json; charset=utf-8",
        "Date": "Wed, 09 Nov 2022 08:39:43 GMT",
        "ETag": "Sanitized",
        "Last-Modified": "Wed, 09 Nov 2022 08:39:43 GMT",
        "Request-Context": "appId=",
        "trace-id": "975aa9376967493255ed929a5f163854",
        "Transfer-Encoding": "chunked",
        "x-azure-ref": "20221109T083942Z-mgm4p2tfed3vv553xaddruxem000000004fg0000000090wa",
        "X-Cache": "CONFIG_NOCACHE"
      },
      "ResponseBody": {
        "id": "tst_update_job_cp_async",
        "channelReference": "fakeChannelRef1",
        "jobStatus": "pendingClassification",
        "channelId": "fakeChannelId1",
        "classificationPolicyId": "test_update_job_w_cp_tst_cp",
        "priority": 1,
        "requestedWorkerSelectors": [
          {
            "expedite": false,
            "state": "active",
            "key": "FakeKey1",
            "labelOperator": "equal",
            "value": true
          },
          {
            "expedite": false,
            "state": "active",
            "key": "FakeKey2",
            "labelOperator": "notEqual",
            "value": false
          },
          {
            "expedite": false,
            "state": "active",
            "key": "FakeKey3",
            "labelOperator": "lessThan",
            "value": 10
          },
          {
            "expedite": false,
            "state": "active",
            "key": "FakeKey4",
            "labelOperator": "lessThanEqual",
            "value": 10.01
          },
          {
            "expedite": false,
            "state": "active",
            "key": "FakeKey5",
            "labelOperator": "greaterThan",
            "value": 10
          },
          {
            "expedite": false,
            "state": "active",
            "key": "FakeKey6",
            "labelOperator": "greaterThanEqual",
            "value": 10
          }
        ],
        "attachedWorkerSelectors": [],
        "labels": {
          "key1": "JobKey",
          "key2": 10,
          "key3": true
        },
        "assignments": {},
        "tags": {
          "tag1": "WorkerGenericInfo"
        },
        "notes": {
          "2022-05-13T16:59:04.531199\u002B00:00": "Fake notes attached to job"
        }
      }
    },
    {
      "RequestUri": "https://sanitized.communication.azure.net/routing/jobs/tst_update_job_cp_async?api-version=2022-07-18-preview",
      "RequestMethod": "GET",
      "RequestHeaders": {
        "Accept": "application/json",
        "Accept-Encoding": "gzip, deflate",
        "Authorization": "Sanitized",
        "Content-Length": "0",
        "User-Agent": "azsdk-python-communication-jobrouter/1.0.0b1 Python/3.9.7 (Windows-10-10.0.22621-SP0)",
        "x-ms-client-request-id": "0f3aa2c7-600a-11ed-bf20-046c590f95d2",
        "x-ms-content-sha256": "Sanitized",
        "x-ms-date": "Wed, 09 Nov 2022 08:39:43 GMT",
        "x-ms-return-client-request-id": "true"
      },
      "RequestBody": null,
      "StatusCode": 200,
      "ResponseHeaders": {
        "api-supported-versions": "2021-04-07-preview1, 2022-07-18-preview",
        "Connection": "keep-alive",
        "Content-Type": "application/json; charset=utf-8",
        "Date": "Wed, 09 Nov 2022 08:39:43 GMT",
        "ETag": "Sanitized",
        "Last-Modified": "Wed, 09 Nov 2022 08:39:43 GMT",
        "Request-Context": "appId=",
        "trace-id": "b9c3c7a7ed001084c3e2f6d528b476b8",
        "Transfer-Encoding": "chunked",
        "x-azure-ref": "20221109T083943Z-mgm4p2tfed3vv553xaddruxem000000004fg0000000090xg",
        "X-Cache": "CONFIG_NOCACHE"
      },
      "ResponseBody": {
        "id": "tst_update_job_cp_async",
        "channelReference": "fakeChannelRef1",
        "jobStatus": "pendingClassification",
        "channelId": "fakeChannelId1",
        "classificationPolicyId": "test_update_job_w_cp_tst_cp",
        "queueId": "test_update_job_w_cp_tst_q_async",
        "priority": 10,
        "requestedWorkerSelectors": [
          {
            "expedite": false,
            "state": "active",
            "key": "FakeKey1",
            "labelOperator": "equal",
            "value": true
          },
          {
            "expedite": false,
            "state": "active",
            "key": "FakeKey2",
            "labelOperator": "notEqual",
            "value": false
          },
          {
            "expedite": false,
            "state": "active",
            "key": "FakeKey3",
            "labelOperator": "lessThan",
            "value": 10
          },
          {
            "expedite": false,
            "state": "active",
            "key": "FakeKey4",
            "labelOperator": "lessThanEqual",
            "value": 10.01
          },
          {
            "expedite": false,
            "state": "active",
            "key": "FakeKey5",
            "labelOperator": "greaterThan",
            "value": 10
          },
          {
            "expedite": false,
            "state": "active",
            "key": "FakeKey6",
            "labelOperator": "greaterThanEqual",
            "value": 10
          }
        ],
        "attachedWorkerSelectors": [
          {
            "expedite": false,
            "state": "active",
            "key": "FakeKeyFromCp",
            "labelOperator": "equal",
            "value": "FakeValue"
          }
        ],
        "labels": {
          "key1": "JobKey",
          "key2": 10,
          "key3": true
        },
        "assignments": {},
        "tags": {
          "tag1": "WorkerGenericInfo"
        },
        "notes": {
          "2022-05-13T16:59:04.531199\u002B00:00": "Fake notes attached to job"
        }
      }
    },
    {
      "RequestUri": "https://sanitized.communication.azure.net/routing/jobs/tst_update_job_cp_async?api-version=2022-07-18-preview",
      "RequestMethod": "GET",
      "RequestHeaders": {
        "Accept": "application/json",
        "Accept-Encoding": "gzip, deflate",
        "Authorization": "Sanitized",
        "Content-Length": "0",
        "User-Agent": "azsdk-python-communication-jobrouter/1.0.0b1 Python/3.9.7 (Windows-10-10.0.22621-SP0)",
        "x-ms-client-request-id": "1116c948-600a-11ed-8f78-046c590f95d2",
        "x-ms-content-sha256": "Sanitized",
        "x-ms-date": "Wed, 09 Nov 2022 08:39:47 GMT",
        "x-ms-return-client-request-id": "true"
      },
      "RequestBody": null,
      "StatusCode": 200,
      "ResponseHeaders": {
        "api-supported-versions": "2021-04-07-preview1, 2022-07-18-preview",
        "Connection": "keep-alive",
        "Content-Type": "application/json; charset=utf-8",
        "Date": "Wed, 09 Nov 2022 08:39:46 GMT",
        "ETag": "Sanitized",
        "Last-Modified": "Wed, 09 Nov 2022 08:39:43 GMT",
        "Request-Context": "appId=",
        "trace-id": "52996f3964b162428d6219e2aff80579",
        "Transfer-Encoding": "chunked",
        "x-azure-ref": "20221109T083946Z-mgm4p2tfed3vv553xaddruxem000000004fg0000000091fy",
        "X-Cache": "CONFIG_NOCACHE"
      },
      "ResponseBody": {
        "id": "tst_update_job_cp_async",
        "channelReference": "fakeChannelRef1",
        "jobStatus": "queued",
        "enqueueTimeUtc": "2022-11-09T08:39:43.3591863\u002B00:00",
        "channelId": "fakeChannelId1",
        "classificationPolicyId": "test_update_job_w_cp_tst_cp",
        "queueId": "test_update_job_w_cp_tst_q_async",
        "priority": 10,
        "requestedWorkerSelectors": [
          {
            "expedite": false,
            "state": "active",
            "key": "FakeKey1",
            "labelOperator": "equal",
            "value": true
          },
          {
            "expedite": false,
            "state": "active",
            "key": "FakeKey2",
            "labelOperator": "notEqual",
            "value": false
          },
          {
            "expedite": false,
            "state": "active",
            "key": "FakeKey3",
            "labelOperator": "lessThan",
            "value": 10
          },
          {
            "expedite": false,
            "state": "active",
            "key": "FakeKey4",
            "labelOperator": "lessThanEqual",
            "value": 10.01
          },
          {
            "expedite": false,
            "state": "active",
            "key": "FakeKey5",
            "labelOperator": "greaterThan",
            "value": 10
          },
          {
            "expedite": false,
            "state": "active",
            "key": "FakeKey6",
            "labelOperator": "greaterThanEqual",
            "value": 10
          }
        ],
        "attachedWorkerSelectors": [
          {
            "expedite": false,
            "state": "active",
            "key": "FakeKeyFromCp",
            "labelOperator": "equal",
            "value": "FakeValue"
          }
        ],
        "labels": {
          "key1": "JobKey",
          "key2": 10,
          "key3": true
        },
        "assignments": {},
        "tags": {
          "tag1": "WorkerGenericInfo"
        },
        "notes": {
          "2022-05-13T16:59:04.531199\u002B00:00": "Fake notes attached to job"
        }
      }
    },
    {
      "RequestUri": "https://sanitized.communication.azure.net/routing/jobs/tst_update_job_cp_async?api-version=2022-07-18-preview",
      "RequestMethod": "PATCH",
      "RequestHeaders": {
        "Accept": "application/json",
        "Accept-Encoding": "gzip, deflate",
        "Authorization": "Sanitized",
        "Content-Length": "882",
        "Content-Type": "application/merge-patch\u002Bjson",
        "User-Agent": "azsdk-python-communication-jobrouter/1.0.0b1 Python/3.9.7 (Windows-10-10.0.22621-SP0)",
        "x-ms-client-request-id": "112f4c77-600a-11ed-b971-046c590f95d2",
        "x-ms-content-sha256": "Sanitized",
        "x-ms-date": "Wed, 09 Nov 2022 08:39:47 GMT",
        "x-ms-return-client-request-id": "true"
      },
      "RequestBody": {
        "channelReference": "fakeChannelRef1",
        "channelId": "fakeChannelId1",
        "classificationPolicyId": "test_update_job_w_cp_tst_cp",
        "priority": 1,
        "requestedWorkerSelectors": [
          {
            "key": "FakeKey1",
            "labelOperator": "equal",
            "value": true,
            "expedite": false
          },
          {
            "key": "FakeKey2",
            "labelOperator": "notEqual",
            "value": false,
            "expedite": false
          },
          {
            "key": "FakeKey3",
            "labelOperator": "lessThan",
            "value": 10,
            "expedite": false
          },
          {
            "key": "FakeKey4",
            "labelOperator": "lessThanEqual",
            "value": 10.01,
            "expedite": false
          },
          {
            "key": "FakeKey5",
            "labelOperator": "greaterThan",
            "value": 10,
            "expedite": false
          },
          {
            "key": "FakeKey6",
            "labelOperator": "greaterThanEqual",
            "value": 10,
            "expedite": false
          }
        ],
        "labels": {
          "key1": "JobKey",
          "key2": 10,
          "key3": true,
          "FakeKey": "FakeWorkerValue"
        },
        "tags": {
          "tag1": "WorkerGenericInfo"
        },
        "notes": {
          "2022-05-13T16:59:04.531199Z": "Fake notes attached to job"
        }
      },
      "StatusCode": 200,
      "ResponseHeaders": {
        "api-supported-versions": "2021-04-07-preview1, 2022-07-18-preview",
        "Connection": "keep-alive",
        "Content-Type": "application/json; charset=utf-8",
        "Date": "Wed, 09 Nov 2022 08:39:46 GMT",
        "ETag": "Sanitized",
        "Last-Modified": "Wed, 09 Nov 2022 08:39:46 GMT",
        "Request-Context": "appId=",
        "trace-id": "d64ba9cd8dc3d4e25244e6fbe7aab534",
        "Transfer-Encoding": "chunked",
        "x-azure-ref": "20221109T083946Z-mgm4p2tfed3vv553xaddruxem000000004fg0000000091gz",
        "X-Cache": "CONFIG_NOCACHE"
      },
      "ResponseBody": {
        "id": "tst_update_job_cp_async",
        "channelReference": "fakeChannelRef1",
        "jobStatus": "pendingClassification",
        "enqueueTimeUtc": "2022-11-09T08:39:43.3591863\u002B00:00",
        "channelId": "fakeChannelId1",
        "classificationPolicyId": "test_update_job_w_cp_tst_cp",
        "queueId": "test_update_job_w_cp_tst_q_async",
        "priority": 1,
        "requestedWorkerSelectors": [
          {
            "expedite": false,
            "state": "active",
            "key": "FakeKey1",
            "labelOperator": "equal",
            "value": true
          },
          {
            "expedite": false,
            "state": "active",
            "key": "FakeKey2",
            "labelOperator": "notEqual",
            "value": false
          },
          {
            "expedite": false,
            "state": "active",
            "key": "FakeKey3",
            "labelOperator": "lessThan",
            "value": 10
          },
          {
            "expedite": false,
            "state": "active",
            "key": "FakeKey4",
            "labelOperator": "lessThanEqual",
            "value": 10.01
          },
          {
            "expedite": false,
            "state": "active",
            "key": "FakeKey5",
            "labelOperator": "greaterThan",
            "value": 10
          },
          {
            "expedite": false,
            "state": "active",
            "key": "FakeKey6",
            "labelOperator": "greaterThanEqual",
            "value": 10
          }
        ],
        "attachedWorkerSelectors": [
          {
            "expedite": false,
            "state": "active",
            "key": "FakeKeyFromCp",
            "labelOperator": "equal",
            "value": "FakeValue"
          }
        ],
        "labels": {
          "key1": "JobKey",
          "key2": 10,
          "key3": true,
          "FakeKey": "FakeWorkerValue"
        },
        "assignments": {},
        "tags": {
          "tag1": "WorkerGenericInfo"
        },
        "notes": {
          "2022-05-13T16:59:04.531199\u002B00:00": "Fake notes attached to job"
        }
      }
    },
    {
      "RequestUri": "https://sanitized.communication.azure.net/routing/jobs/tst_update_job_cp_async?api-version=2022-07-18-preview",
      "RequestMethod": "GET",
      "RequestHeaders": {
        "Accept": "application/json",
        "Accept-Encoding": "gzip, deflate",
        "Authorization": "Sanitized",
        "Content-Length": "0",
        "User-Agent": "azsdk-python-communication-jobrouter/1.0.0b1 Python/3.9.7 (Windows-10-10.0.22621-SP0)",
        "x-ms-client-request-id": "116fc6dd-600a-11ed-8c95-046c590f95d2",
        "x-ms-content-sha256": "Sanitized",
        "x-ms-date": "Wed, 09 Nov 2022 08:39:47 GMT",
        "x-ms-return-client-request-id": "true"
      },
      "RequestBody": null,
      "StatusCode": 200,
      "ResponseHeaders": {
        "api-supported-versions": "2021-04-07-preview1, 2022-07-18-preview",
        "Connection": "keep-alive",
        "Content-Type": "application/json; charset=utf-8",
        "Date": "Wed, 09 Nov 2022 08:39:46 GMT",
        "ETag": "Sanitized",
        "Last-Modified": "Wed, 09 Nov 2022 08:39:46 GMT",
        "Request-Context": "appId=",
        "trace-id": "0491af29457a9a91aa51e561dede58c6",
        "Transfer-Encoding": "chunked",
        "x-azure-ref": "20221109T083946Z-mgm4p2tfed3vv553xaddruxem000000004fg0000000091m7",
        "X-Cache": "CONFIG_NOCACHE"
      },
      "ResponseBody": {
        "id": "tst_update_job_cp_async",
        "channelReference": "fakeChannelRef1",
        "jobStatus": "queued",
        "enqueueTimeUtc": "2022-11-09T08:39:43.3591863\u002B00:00",
        "channelId": "fakeChannelId1",
        "classificationPolicyId": "test_update_job_w_cp_tst_cp",
        "queueId": "test_update_job_w_cp_tst_q_async",
        "priority": 10,
        "requestedWorkerSelectors": [
          {
            "expedite": false,
            "state": "active",
            "key": "FakeKey1",
            "labelOperator": "equal",
            "value": true
          },
          {
            "expedite": false,
            "state": "active",
            "key": "FakeKey2",
            "labelOperator": "notEqual",
            "value": false
          },
          {
            "expedite": false,
            "state": "active",
            "key": "FakeKey3",
            "labelOperator": "lessThan",
            "value": 10
          },
          {
            "expedite": false,
            "state": "active",
            "key": "FakeKey4",
            "labelOperator": "lessThanEqual",
            "value": 10.01
          },
          {
            "expedite": false,
            "state": "active",
            "key": "FakeKey5",
            "labelOperator": "greaterThan",
            "value": 10
          },
          {
            "expedite": false,
            "state": "active",
            "key": "FakeKey6",
            "labelOperator": "greaterThanEqual",
            "value": 10
          }
        ],
        "attachedWorkerSelectors": [
          {
            "expedite": false,
            "state": "active",
            "key": "FakeKeyFromCp",
            "labelOperator": "equal",
            "value": "FakeValue"
          }
        ],
        "labels": {
          "key1": "JobKey",
          "key2": 10,
          "key3": true,
          "FakeKey": "FakeWorkerValue"
        },
        "assignments": {},
        "tags": {
          "tag1": "WorkerGenericInfo"
        },
        "notes": {
          "2022-05-13T16:59:04.531199\u002B00:00": "Fake notes attached to job"
        }
      }
    },
    {
      "RequestUri": "https://sanitized.communication.azure.net/routing/jobs/tst_update_job_cp_async?api-version=2022-07-18-preview",
      "RequestMethod": "GET",
      "RequestHeaders": {
        "Accept": "application/json",
        "Accept-Encoding": "gzip, deflate",
        "Authorization": "Sanitized",
        "Content-Length": "0",
        "User-Agent": "azsdk-python-communication-jobrouter/1.0.0b1 Python/3.9.7 (Windows-10-10.0.22621-SP0)",
        "x-ms-client-request-id": "11811504-600a-11ed-a5b5-046c590f95d2",
        "x-ms-content-sha256": "Sanitized",
        "x-ms-date": "Wed, 09 Nov 2022 08:39:47 GMT",
        "x-ms-return-client-request-id": "true"
      },
      "RequestBody": null,
      "StatusCode": 200,
      "ResponseHeaders": {
        "api-supported-versions": "2021-04-07-preview1, 2022-07-18-preview",
        "Connection": "keep-alive",
        "Content-Type": "application/json; charset=utf-8",
        "Date": "Wed, 09 Nov 2022 08:39:47 GMT",
        "ETag": "Sanitized",
        "Last-Modified": "Wed, 09 Nov 2022 08:39:46 GMT",
        "Request-Context": "appId=",
        "trace-id": "a55feb9779831ca3cb788f3af44779f9",
        "Transfer-Encoding": "chunked",
        "x-azure-ref": "20221109T083946Z-mgm4p2tfed3vv553xaddruxem000000004fg0000000091mw",
        "X-Cache": "CONFIG_NOCACHE"
      },
      "ResponseBody": {
        "id": "tst_update_job_cp_async",
        "channelReference": "fakeChannelRef1",
        "jobStatus": "queued",
        "enqueueTimeUtc": "2022-11-09T08:39:43.3591863\u002B00:00",
        "channelId": "fakeChannelId1",
        "classificationPolicyId": "test_update_job_w_cp_tst_cp",
        "queueId": "test_update_job_w_cp_tst_q_async",
        "priority": 10,
        "requestedWorkerSelectors": [
          {
            "expedite": false,
            "state": "active",
            "key": "FakeKey1",
            "labelOperator": "equal",
            "value": true
          },
          {
            "expedite": false,
            "state": "active",
            "key": "FakeKey2",
            "labelOperator": "notEqual",
            "value": false
          },
          {
            "expedite": false,
            "state": "active",
            "key": "FakeKey3",
            "labelOperator": "lessThan",
            "value": 10
          },
          {
            "expedite": false,
            "state": "active",
            "key": "FakeKey4",
            "labelOperator": "lessThanEqual",
            "value": 10.01
          },
          {
            "expedite": false,
            "state": "active",
            "key": "FakeKey5",
            "labelOperator": "greaterThan",
            "value": 10
          },
          {
            "expedite": false,
            "state": "active",
            "key": "FakeKey6",
            "labelOperator": "greaterThanEqual",
            "value": 10
          }
        ],
        "attachedWorkerSelectors": [
          {
            "expedite": false,
            "state": "active",
            "key": "FakeKeyFromCp",
            "labelOperator": "equal",
            "value": "FakeValue"
          }
        ],
        "labels": {
          "key1": "JobKey",
          "key2": 10,
          "key3": true,
          "FakeKey": "FakeWorkerValue"
        },
        "assignments": {},
        "tags": {
          "tag1": "WorkerGenericInfo"
        },
        "notes": {
          "2022-05-13T16:59:04.531199\u002B00:00": "Fake notes attached to job"
        }
      }
    },
    {
      "RequestUri": "https://sanitized.communication.azure.net/routing/jobs/tst_update_job_cp_async:cancel?api-version=2022-07-18-preview",
      "RequestMethod": "POST",
      "RequestHeaders": {
        "Accept": "application/json",
        "Accept-Encoding": "gzip, deflate",
        "Authorization": "Sanitized",
        "Content-Length": "54",
        "Content-Type": "application/json",
        "User-Agent": "azsdk-python-communication-jobrouter/1.0.0b1 Python/3.9.7 (Windows-10-10.0.22621-SP0)",
        "x-ms-client-request-id": "119b903f-600a-11ed-a47e-046c590f95d2",
        "x-ms-content-sha256": "Sanitized",
        "x-ms-date": "Wed, 09 Nov 2022 08:39:47 GMT",
        "x-ms-return-client-request-id": "true"
      },
      "RequestBody": {
        "dispositionCode": "JobCancelledAsPartOfTestCleanUp"
      },
      "StatusCode": 200,
      "ResponseHeaders": {
        "api-supported-versions": "2021-04-07-preview1, 2022-07-18-preview",
        "Connection": "keep-alive",
        "Content-Type": "application/json; charset=utf-8",
        "Date": "Wed, 09 Nov 2022 08:39:47 GMT",
        "Request-Context": "appId=",
        "trace-id": "f3dc7aac13496e86a9b207f5e8019ea1",
        "Transfer-Encoding": "chunked",
        "x-azure-ref": "20221109T083947Z-mgm4p2tfed3vv553xaddruxem000000004fg0000000091ny",
        "X-Cache": "CONFIG_NOCACHE"
      },
      "ResponseBody": {}
    },
    {
      "RequestUri": "https://sanitized.communication.azure.net/routing/jobs/tst_update_job_cp_async?api-version=2022-07-18-preview",
      "RequestMethod": "DELETE",
      "RequestHeaders": {
        "Accept": "application/json",
        "Accept-Encoding": "gzip, deflate",
        "Authorization": "Sanitized",
        "Content-Length": "0",
        "User-Agent": "azsdk-python-communication-jobrouter/1.0.0b1 Python/3.9.7 (Windows-10-10.0.22621-SP0)",
        "x-ms-client-request-id": "11c0ed86-600a-11ed-a174-046c590f95d2",
        "x-ms-content-sha256": "Sanitized",
        "x-ms-date": "Wed, 09 Nov 2022 08:39:48 GMT",
        "x-ms-return-client-request-id": "true"
      },
      "RequestBody": null,
      "StatusCode": 204,
      "ResponseHeaders": {
        "api-supported-versions": "2021-04-07-preview1, 2022-07-18-preview",
        "Connection": "keep-alive",
        "Date": "Wed, 09 Nov 2022 08:39:47 GMT",
        "Request-Context": "appId=",
        "trace-id": "f739dbedfdf879ee537d3218dd1eb821",
        "x-azure-ref": "20221109T083947Z-mgm4p2tfed3vv553xaddruxem000000004fg0000000091q9",
        "X-Cache": "CONFIG_NOCACHE"
      },
      "ResponseBody": null
    },
    {
      "RequestUri": "https://sanitized.communication.azure.net/routing/classificationPolicies/test_update_job_w_cp_tst_cp?api-version=2022-07-18-preview",
      "RequestMethod": "DELETE",
      "RequestHeaders": {
        "Accept": "application/json",
        "Accept-Encoding": "gzip, deflate",
        "Authorization": "Sanitized",
        "Content-Length": "0",
        "User-Agent": "azsdk-python-communication-jobrouter/1.0.0b1 Python/3.9.7 (Windows-10-10.0.22621-SP0)",
        "x-ms-client-request-id": "11e248b2-600a-11ed-9e33-046c590f95d2",
        "x-ms-content-sha256": "Sanitized",
        "x-ms-date": "Wed, 09 Nov 2022 08:39:48 GMT",
        "x-ms-return-client-request-id": "true"
      },
      "RequestBody": null,
      "StatusCode": 204,
      "ResponseHeaders": {
        "api-supported-versions": "2021-04-07-preview1, 2022-07-18-preview",
        "Connection": "keep-alive",
        "Date": "Wed, 09 Nov 2022 08:39:47 GMT",
        "Request-Context": "appId=",
        "trace-id": "a785e605a2df1f7c3cfef76fa0fff268",
        "x-azure-ref": "20221109T083947Z-mgm4p2tfed3vv553xaddruxem000000004fg0000000091rm",
        "X-Cache": "CONFIG_NOCACHE"
      },
      "ResponseBody": null
    },
    {
      "RequestUri": "https://sanitized.communication.azure.net/routing/queues/test_update_job_w_cp_tst_flbk_q_async?api-version=2022-07-18-preview",
      "RequestMethod": "DELETE",
      "RequestHeaders": {
        "Accept": "application/json",
        "Accept-Encoding": "gzip, deflate",
        "Authorization": "Sanitized",
        "Content-Length": "0",
        "User-Agent": "azsdk-python-communication-jobrouter/1.0.0b1 Python/3.9.7 (Windows-10-10.0.22621-SP0)",
        "x-ms-client-request-id": "11fd858a-600a-11ed-88f2-046c590f95d2",
        "x-ms-content-sha256": "Sanitized",
        "x-ms-date": "Wed, 09 Nov 2022 08:39:48 GMT",
        "x-ms-return-client-request-id": "true"
      },
      "RequestBody": null,
      "StatusCode": 204,
      "ResponseHeaders": {
        "api-supported-versions": "2021-04-07-preview1, 2022-07-18-preview",
        "Connection": "keep-alive",
        "Date": "Wed, 09 Nov 2022 08:39:47 GMT",
        "Request-Context": "appId=",
        "trace-id": "00adf506068c7b14bac4bb89e5aed231",
        "x-azure-ref": "20221109T083947Z-mgm4p2tfed3vv553xaddruxem000000004fg0000000091tb",
        "X-Cache": "CONFIG_NOCACHE"
      },
      "ResponseBody": null
    },
    {
      "RequestUri": "https://sanitized.communication.azure.net/routing/queues/test_update_job_w_cp_tst_q_async?api-version=2022-07-18-preview",
      "RequestMethod": "DELETE",
      "RequestHeaders": {
        "Accept": "application/json",
        "Accept-Encoding": "gzip, deflate",
        "Authorization": "Sanitized",
        "Content-Length": "0",
        "User-Agent": "azsdk-python-communication-jobrouter/1.0.0b1 Python/3.9.7 (Windows-10-10.0.22621-SP0)",
        "x-ms-client-request-id": "121d8b06-600a-11ed-8db9-046c590f95d2",
        "x-ms-content-sha256": "Sanitized",
        "x-ms-date": "Wed, 09 Nov 2022 08:39:48 GMT",
        "x-ms-return-client-request-id": "true"
      },
      "RequestBody": null,
      "StatusCode": 204,
      "ResponseHeaders": {
        "api-supported-versions": "2021-04-07-preview1, 2022-07-18-preview",
        "Connection": "keep-alive",
        "Date": "Wed, 09 Nov 2022 08:39:48 GMT",
        "Request-Context": "appId=",
        "trace-id": "2e9e11e6ad12a4c739b6f0e4a03dd7d1",
        "x-azure-ref": "20221109T083947Z-mgm4p2tfed3vv553xaddruxem000000004fg0000000091us",
        "X-Cache": "CONFIG_NOCACHE"
      },
      "ResponseBody": null
    },
    {
      "RequestUri": "https://sanitized.communication.azure.net/routing/distributionPolicies/test_update_job_w_cp_tst_dp_async?api-version=2022-07-18-preview",
      "RequestMethod": "DELETE",
      "RequestHeaders": {
        "Accept": "application/json",
        "Accept-Encoding": "gzip, deflate",
        "Authorization": "Sanitized",
        "Content-Length": "0",
        "User-Agent": "azsdk-python-communication-jobrouter/1.0.0b1 Python/3.9.7 (Windows-10-10.0.22621-SP0)",
        "x-ms-client-request-id": "1238a792-600a-11ed-a16c-046c590f95d2",
        "x-ms-content-sha256": "Sanitized",
        "x-ms-date": "Wed, 09 Nov 2022 08:39:48 GMT",
        "x-ms-return-client-request-id": "true"
      },
      "RequestBody": null,
      "StatusCode": 204,
      "ResponseHeaders": {
        "api-supported-versions": "2021-04-07-preview1, 2022-07-18-preview",
        "Connection": "keep-alive",
        "Date": "Wed, 09 Nov 2022 08:39:48 GMT",
        "Request-Context": "appId=",
        "trace-id": "b456007271399e442104298bcdc3d1ec",
        "x-azure-ref": "20221109T083948Z-mgm4p2tfed3vv553xaddruxem000000004fg0000000091vk",
        "X-Cache": "CONFIG_NOCACHE"
      },
      "ResponseBody": null
    }
  ],
  "Variables": {}
}
