interactions:
- request:
    body: '{"name": "test_list_queues_tst_dp_async", "offerTtlSeconds": 10.0, "mode":
      {"kind": "round-robin", "minConcurrentOffers": 1, "maxConcurrentOffers": 1}}'
    headers:
      Accept:
      - application/json
      Content-Length:
      - '151'
      Content-Type:
      - application/merge-patch+json
      User-Agent:
      - azsdk-python-communication-jobrouter/1.0.0 Python/3.9.12 (Windows-10-10.0.22000-SP0)
      x-ms-date:
      - Sat, 07 May 2022 00:36:00 GMT
      x-ms-return-client-request-id:
      - 'true'
    method: PATCH
    uri: https://sanitized.int.communication.azure.net/routing/distributionPolicies/sanitized?api-version=2021-10-20-preview2
  response:
    body: '{"id": "sanitized", "name": "test_list_queues_tst_dp_async", "offerTTLSeconds":
      10, "mode": {"kind": "round-robin", "minConcurrentOffers": 1, "maxConcurrentOffers":
      1, "bypassSelectors": false}}'
    headers:
      api-supported-versions: 2021-04-07-preview1, 2021-10-20-preview2
      content-type: application/json; charset=utf-8
      date: Sat, 07 May 2022 00:35:51 GMT
      etag: REDACTED
      last-modified: Sat, 07 May 2022 00:35:51 GMT
      request-context: appId=
      trace-id: 3fc0e1d868b06da8b716c7fc848c46f8
      transfer-encoding: chunked
      x-cache: CONFIG_NOCACHE
    status:
      code: 200
      message: OK
    url: https://sanitized.int.communication.azure.net/routing/distributionPolicies/sanitized?api-version=2021-10-20-preview2
- request:
    body: ''
    headers:
      Accept:
      - application/json
      User-Agent:
      - azsdk-python-communication-jobrouter/1.0.0 Python/3.9.12 (Windows-10-10.0.22000-SP0)
      x-ms-date:
      - Sat, 07 May 2022 00:36:00 GMT
      x-ms-return-client-request-id:
      - 'true'
    method: DELETE
    uri: https://sanitized.int.communication.azure.net/routing/queues/sanitized?api-version=2021-10-20-preview2
  response:
    body:
      string: ''
    headers:
      api-supported-versions: 2021-04-07-preview1, 2021-10-20-preview2
      connection: keep-alive
      date: Sat, 07 May 2022 00:35:42 GMT
      request-context: appId=
      trace-id: 7917bf859d4e940a176f7880dd173f18
      x-cache: CONFIG_NOCACHE
    status:
      code: 204
      message: No Content
    url: https://sanitized.int.communication.azure.net/routing/queues/sanitized?api-version=2021-10-20-preview2
- request:
    body: ''
    headers:
      Accept:
      - application/json
      User-Agent:
      - azsdk-python-communication-jobrouter/1.0.0 Python/3.9.12 (Windows-10-10.0.22000-SP0)
      x-ms-date:
      - Sat, 07 May 2022 00:36:01 GMT
      x-ms-return-client-request-id:
      - 'true'
    method: DELETE
    uri: https://sanitized.int.communication.azure.net/routing/queues/sanitized?api-version=2021-10-20-preview2
  response:
    body:
      string: ''
    headers:
      api-supported-versions: 2021-04-07-preview1, 2021-10-20-preview2
      connection: keep-alive
      date: Sat, 07 May 2022 00:35:42 GMT
      request-context: appId=
      trace-id: 3606e9b29bea8a7c8c669cd13df4262d
      x-cache: CONFIG_NOCACHE
    status:
      code: 204
      message: No Content
    url: https://sanitized.int.communication.azure.net/routing/queues/sanitized?api-version=2021-10-20-preview2
- request:
    body: ''
    headers:
      Accept:
      - application/json
      User-Agent:
      - azsdk-python-communication-jobrouter/1.0.0 Python/3.9.12 (Windows-10-10.0.22000-SP0)
      x-ms-date:
      - Sat, 07 May 2022 00:36:01 GMT
      x-ms-return-client-request-id:
      - 'true'
    method: DELETE
    uri: https://sanitized.int.communication.azure.net/routing/queues/sanitized?api-version=2021-10-20-preview2
  response:
    body:
      string: ''
    headers:
      api-supported-versions: 2021-04-07-preview1, 2021-10-20-preview2
      connection: keep-alive
      date: Sat, 07 May 2022 00:35:42 GMT
      request-context: appId=
      trace-id: aee6645e9bb772e8b33e66c37134b8e1
      x-cache: CONFIG_NOCACHE
    status:
      code: 204
      message: No Content
    url: https://sanitized.int.communication.azure.net/routing/queues/sanitized?api-version=2021-10-20-preview2
- request:
    body: '{"name": "test_list_q_1_async", "distributionPolicyId": "sanitized", "labels":
      {"key1": "QueueKey", "key2": 10, "key3": true, "key4": false, "key5": 10.1}}'
    headers:
      Accept:
      - application/json
      Content-Length:
      - '175'
      Content-Type:
      - application/merge-patch+json
      User-Agent:
      - azsdk-python-communication-jobrouter/1.0.0 Python/3.9.12 (Windows-10-10.0.22000-SP0)
      x-ms-date:
      - Sat, 07 May 2022 00:36:01 GMT
      x-ms-return-client-request-id:
      - 'true'
    method: PATCH
    uri: https://sanitized.int.communication.azure.net/routing/queues/sanitized?api-version=2021-10-20-preview2
  response:
    body: '{"id": "sanitized", "name": "test_list_q_1_async", "distributionPolicyId":
      "sanitized", "labels": {"key1": "QueueKey", "key2": 10, "key3": true, "key4":
      false, "key5": 10.1, "Id": "sanitized"}}'
    headers:
      api-supported-versions: 2021-04-07-preview1, 2021-10-20-preview2
      connection: keep-alive
      content-type: application/json; charset=utf-8
      date: Sat, 07 May 2022 00:35:42 GMT
      etag: REDACTED
      last-modified: Sat, 07 May 2022 00:35:52 GMT
      request-context: appId=
      trace-id: 57b5c141496d83884aaa8ae40e869ef5
      transfer-encoding: chunked
      x-cache: CONFIG_NOCACHE
    status:
      code: 200
      message: OK
    url: https://sanitized.int.communication.azure.net/routing/queues/sanitized?api-version=2021-10-20-preview2
- request:
    body: '{"name": "test_list_q_2_async", "distributionPolicyId": "sanitized", "labels":
      {"key1": "QueueKey", "key2": 10, "key3": true, "key4": false, "key5": 10.1}}'
    headers:
      Accept:
      - application/json
      Content-Length:
      - '175'
      Content-Type:
      - application/merge-patch+json
      User-Agent:
      - azsdk-python-communication-jobrouter/1.0.0 Python/3.9.12 (Windows-10-10.0.22000-SP0)
      x-ms-date:
      - Sat, 07 May 2022 00:36:01 GMT
      x-ms-return-client-request-id:
      - 'true'
    method: PATCH
    uri: https://sanitized.int.communication.azure.net/routing/queues/sanitized?api-version=2021-10-20-preview2
  response:
    body: '{"id": "sanitized", "name": "test_list_q_2_async", "distributionPolicyId":
      "sanitized", "labels": {"key1": "QueueKey", "key2": 10, "key3": true, "key4":
      false, "key5": 10.1, "Id": "sanitized"}}'
    headers:
      api-supported-versions: 2021-04-07-preview1, 2021-10-20-preview2
      connection: keep-alive
      content-type: application/json; charset=utf-8
      date: Sat, 07 May 2022 00:35:42 GMT
      etag: REDACTED
      last-modified: Sat, 07 May 2022 00:35:52 GMT
      request-context: appId=
      trace-id: a5186a8a79c189a8ec51a760a688e7d8
      transfer-encoding: chunked
      x-cache: CONFIG_NOCACHE
    status:
      code: 200
      message: OK
    url: https://sanitized.int.communication.azure.net/routing/queues/sanitized?api-version=2021-10-20-preview2
- request:
    body: '{"name": "test_list_q_3_async", "distributionPolicyId": "sanitized", "labels":
      {"key1": "QueueKey", "key2": 10, "key3": true, "key4": false, "key5": 10.1}}'
    headers:
      Accept:
      - application/json
      Content-Length:
      - '175'
      Content-Type:
      - application/merge-patch+json
      User-Agent:
      - azsdk-python-communication-jobrouter/1.0.0 Python/3.9.12 (Windows-10-10.0.22000-SP0)
      x-ms-date:
      - Sat, 07 May 2022 00:36:01 GMT
      x-ms-return-client-request-id:
      - 'true'
    method: PATCH
    uri: https://sanitized.int.communication.azure.net/routing/queues/sanitized?api-version=2021-10-20-preview2
  response:
    body: '{"id": "sanitized", "name": "test_list_q_3_async", "distributionPolicyId":
      "sanitized", "labels": {"key1": "QueueKey", "key2": 10, "key3": true, "key4":
      false, "key5": 10.1, "Id": "sanitized"}}'
    headers:
      api-supported-versions: 2021-04-07-preview1, 2021-10-20-preview2
      connection: keep-alive
      content-type: application/json; charset=utf-8
      date: Sat, 07 May 2022 00:35:42 GMT
      etag: REDACTED
      last-modified: Sat, 07 May 2022 00:35:52 GMT
      request-context: appId=
      trace-id: 34e9aa3cf4f7db447a2ad20928fca494
      transfer-encoding: chunked
      x-cache: CONFIG_NOCACHE
    status:
      code: 200
      message: OK
    url: https://sanitized.int.communication.azure.net/routing/queues/sanitized?api-version=2021-10-20-preview2
- request:
    body: ''
    headers:
      Accept:
      - application/json
      User-Agent:
      - azsdk-python-communication-jobrouter/1.0.0 Python/3.9.12 (Windows-10-10.0.22000-SP0)
      x-ms-date:
      - Sat, 07 May 2022 00:36:01 GMT
      x-ms-return-client-request-id:
      - 'true'
    method: GET
    uri: https://sanitized.int.communication.azure.net/routing/queues?maxpagesize=sanitized&api-version=2021-10-20-preview2
  response:
    body: '{"value": [{"etag": "sanitized", "id": "sanitized", "name": "tst_list_q_1_async",
      "distributionPolicyId": "sanitized", "labels": {"Id": "sanitized", "key1": "QueueKey",
      "key2": 10, "key3": true, "key4": false, "key5": 10.1}}, {"etag": "sanitized",
      "id": "sanitized", "name": "tst_list_q_2_async", "distributionPolicyId": "sanitized",
      "labels": {"key1": "QueueKey", "key2": 10, "key3": true, "key4": false, "key5":
      10.1, "Id": "sanitized"}}], "nextLink": "/routing/queues?continuationToken=bWF4cGFnZXNpemU9MiZjb250aW51YXRpb25Ub2tlbj1XM3NpZEc5clpXNGlPaUlyVWtsRU9uNVViVlpKUVV3eVIwVk9lbUZUVVVGQlFVRkJRVUZCUFQwalVsUTZNU05VVWtNNk1pTkpVMVk2TWlOSlJVODZOalUxTmpjalJsQkRPa0ZuUlVKQlVVVlZRVTVGU2tGQmVUQm5Ra2RCVFc5QmJtZEJZVWhFYjBGQ1FrRkNkeUlzSW5KaGJtZGxJanA3SW0xcGJpSTZJaUlzSW0xaGVDSTZJa1pHSW4xOVhRPT0%3D"}'
    headers:
      api-supported-versions: 2021-04-07-preview1, 2021-10-20-preview2
      connection: keep-alive
      content-type: application/json; charset=utf-8
      date: Sat, 07 May 2022 00:35:42 GMT
      request-context: appId=
      trace-id: 5a108a42f451ac596f04d2544ce61485
      transfer-encoding: chunked
      x-cache: CONFIG_NOCACHE
    status:
      code: 200
      message: OK
    url: https://sanitized.int.communication.azure.net/routing/queues?maxpagesize=sanitized&api-version=2021-10-20-preview2
- request:
    body: ''
    headers:
      Accept:
      - application/json
      User-Agent:
      - azsdk-python-communication-jobrouter/1.0.0 Python/3.9.12 (Windows-10-10.0.22000-SP0)
      x-ms-date:
      - Sat, 07 May 2022 00:36:01 GMT
      x-ms-return-client-request-id:
      - 'true'
    method: GET
    uri: https://sanitized.int.communication.azure.net/routing/queues?maxpagesize=sanitized&api-version=2021-10-20-preview2&continuationToken=sanitized
  response:
    body: '{"value": [{"etag": "sanitized", "id": "sanitized", "name": "tst_list_q_3_async",
      "distributionPolicyId": "sanitized", "labels": {"key1": "QueueKey", "key2":
      10, "key3": true, "key4": false, "key5": 10.1, "Id": "sanitized"}}, {"etag":
      "sanitized", "id": "sanitized", "name": "tst_update_q_async", "distributionPolicyId":
      "sanitized", "labels": {"key1": "QueueKey", "key2": 10, "key3": true, "key4":
      false, "key5": 10.1, "Id": "sanitized"}}], "nextLink": "/routing/queues?continuationToken=bWF4cGFnZXNpemU9MiZjb250aW51YXRpb25Ub2tlbj1XM3NpZEc5clpXNGlPaUlyVWtsRU9uNVViVlpKUVV3eVIwVk9lVlZUWjBGQlFVRkJRVUZCUFQwalVsUTZNaU5VVWtNNk5DTkpVMVk2TWlOSlJVODZOalUxTmpjalJsQkRPa0ZuUlVKQlVVVlJRVXBUUzBWWlFYbG5RMlZCUW05alQyZEJSVVZCU0VFOUlpd2ljbUZ1WjJVaU9uc2liV2x1SWpvaUlpd2liV0Y0SWpvaVJrWWlmWDFk"}'
    headers:
      api-supported-versions: 2021-04-07-preview1, 2021-10-20-preview2
      connection: keep-alive
      content-type: application/json; charset=utf-8
      date: Sat, 07 May 2022 00:35:42 GMT
      request-context: appId=
      trace-id: 18201579d92d7573a0bddcaf13d845be
      transfer-encoding: chunked
      x-cache: CONFIG_NOCACHE
    status:
      code: 200
      message: OK
    url: https://sanitized.int.communication.azure.net/routing/queues?maxpagesize=sanitized&api-version=2021-10-20-preview2&continuationToken=sanitized
- request:
    body: ''
    headers:
      Accept:
      - application/json
      User-Agent:
      - azsdk-python-communication-jobrouter/1.0.0 Python/3.9.12 (Windows-10-10.0.22000-SP0)
      x-ms-date:
      - Sat, 07 May 2022 00:36:01 GMT
      x-ms-return-client-request-id:
      - 'true'
    method: GET
    uri: https://sanitized.int.communication.azure.net/routing/queues?maxpagesize=sanitized&api-version=2021-10-20-preview2&continuationToken=sanitized
  response:
    body: '{"value": [{"etag": "sanitized", "id": "sanitized", "name": "tst_create_q_async",
      "distributionPolicyId": "sanitized", "labels": {"key1": "QueueKey", "key2":
      10, "key3": true, "key4": false, "key5": 10.1, "Id": "sanitized"}}, {"etag":
      "sanitized", "id": "sanitized", "name": "tst_get_q_async", "distributionPolicyId":
      "sanitized", "labels": {"key1": "QueueKey", "key2": 10, "key3": true, "key4":
      false, "key5": 10.1, "Id": "sanitized"}}], "nextLink": "/routing/queues?continuationToken=bWF4cGFnZXNpemU9MiZjb250aW51YXRpb25Ub2tlbj1XM3NpZEc5clpXNGlPaUlyVWtsRU9uNVViVlpKUVV3eVIwVk9lbmxUWjBGQlFVRkJRVUZCUFQwalVsUTZNeU5VVWtNNk5pTkpVMVk2TWlOSlJVODZOalUxTmpjalJsQkRPa0ZuUlVKQlVVVk5RVkJMUzBvMFFVZG9kelpCUVZGUlFXTkJQVDBpTENKeVlXNW5aU0k2ZXlKdGFXNGlPaUlpTENKdFlYZ2lPaUpHUmlKOWZWMD0%3D"}'
    headers:
      api-supported-versions: 2021-04-07-preview1, 2021-10-20-preview2
      connection: keep-alive
      content-type: application/json; charset=utf-8
      date: Sat, 07 May 2022 00:35:42 GMT
      request-context: appId=
      trace-id: c633058fac9b72a580770bd1227f5246
      transfer-encoding: chunked
      x-cache: CONFIG_NOCACHE
    status:
      code: 200
      message: OK
    url: https://sanitized.int.communication.azure.net/routing/queues?maxpagesize=sanitized&api-version=2021-10-20-preview2&continuationToken=sanitized
- request:
    body: ''
    headers:
      Accept:
      - application/json
      User-Agent:
      - azsdk-python-communication-jobrouter/1.0.0 Python/3.9.12 (Windows-10-10.0.22000-SP0)
      x-ms-date:
      - Sat, 07 May 2022 00:36:01 GMT
      x-ms-return-client-request-id:
      - 'true'
    method: GET
    uri: https://sanitized.int.communication.azure.net/routing/queues?maxpagesize=sanitized&api-version=2021-10-20-preview2&continuationToken=sanitized
  response:
    body: '{"value": [{"etag": "sanitized", "id": "sanitized", "name": "test_update_q_async",
      "distributionPolicyId": "sanitized", "labels": {"key1": "QueueKey", "key2":
      10, "key3": true, "key4": false, "key5": 10.1, "Id": "sanitized"}}, {"etag":
      "sanitized", "id": "sanitized", "name": "tst_updated_q_async", "distributionPolicyId":
      "sanitized", "labels": {"key1": "QueueKey", "key2": 10, "key3": true, "key4":
      false, "key5": 10.1, "Id": "sanitized"}}], "nextLink": "/routing/queues?continuationToken=bWF4cGFnZXNpemU9MiZjb250aW51YXRpb25Ub2tlbj1XM3NpZEc5clpXNGlPaUlyVWtsRU9uNVViVlpKUVV3eVIwVk9kekpWWjBGQlFVRkJRVUZCUFQwalVsUTZOQ05VVWtNNk9DTkpVMVk2TWlOSlJVODZOalUxTmpjalJsQkRPa0ZuUlVKQlVVVkpRVVJoVTBSdlFVSkNRVUozSWl3aWNtRnVaMlVpT25zaWJXbHVJam9pSWl3aWJXRjRJam9pUmtZaWZYMWQ%3D"}'
    headers:
      api-supported-versions: 2021-04-07-preview1, 2021-10-20-preview2
      connection: keep-alive
      content-type: application/json; charset=utf-8
      date: Sat, 07 May 2022 00:35:42 GMT
      request-context: appId=
      trace-id: 85a3d445b4181160e1dc0692a828c576
      transfer-encoding: chunked
      x-cache: CONFIG_NOCACHE
    status:
      code: 200
      message: OK
    url: https://sanitized.int.communication.azure.net/routing/queues?maxpagesize=sanitized&api-version=2021-10-20-preview2&continuationToken=sanitized
- request:
    body: ''
    headers:
      Accept:
      - application/json
      User-Agent:
      - azsdk-python-communication-jobrouter/1.0.0 Python/3.9.12 (Windows-10-10.0.22000-SP0)
      x-ms-date:
      - Sat, 07 May 2022 00:36:01 GMT
      x-ms-return-client-request-id:
      - 'true'
    method: GET
    uri: https://sanitized.int.communication.azure.net/routing/queues?maxpagesize=sanitized&api-version=2021-10-20-preview2&continuationToken=sanitized
  response:
    body: '{"value": [{"etag": "sanitized", "id": "sanitized", "name": "tst_update_q",
      "distributionPolicyId": "sanitized", "labels": {"key1": "QueueKey", "key2":
      10, "key3": true, "key4": false, "key5": 10.1, "Id": "sanitized"}}, {"etag":
      "sanitized", "id": "sanitized", "name": "test_list_q_1_async", "distributionPolicyId":
      "sanitized", "labels": {"key1": "QueueKey", "key2": 10, "key3": true, "key4":
      false, "key5": 10.1, "Id": "sanitized"}}], "nextLink": "/routing/queues?continuationToken=bWF4cGFnZXNpemU9MiZjb250aW51YXRpb25Ub2tlbj1XM3NpZEc5clpXNGlPaUlyVWtsRU9uNVViVlpKUVV3eVIwVk9lR05XWjBGQlFVRkJRVUZCUFQwalVsUTZOU05VVWtNNk1UQWpTVk5XT2pJalNVVlBPalkxTlRZM0kwWlFRenBCVm5oWFFVRkJRVUZCUVVGWWJGbEJRVUZCUVVGQlFUMGlMQ0p5WVc1blpTSTZleUp0YVc0aU9pSWlMQ0p0WVhnaU9pSkdSaUo5ZlYwPQ%3D%3D"}'
    headers:
      api-supported-versions: 2021-04-07-preview1, 2021-10-20-preview2
      connection: keep-alive
      content-type: application/json; charset=utf-8
      date: Sat, 07 May 2022 00:35:43 GMT
      request-context: appId=
      trace-id: c86da6ad782005c4f338a43fa8fd91b1
      transfer-encoding: chunked
      x-cache: CONFIG_NOCACHE
    status:
      code: 200
      message: OK
    url: https://sanitized.int.communication.azure.net/routing/queues?maxpagesize=sanitized&api-version=2021-10-20-preview2&continuationToken=sanitized
- request:
    body: ''
    headers:
      Accept:
      - application/json
      User-Agent:
      - azsdk-python-communication-jobrouter/1.0.0 Python/3.9.12 (Windows-10-10.0.22000-SP0)
      x-ms-date:
      - Sat, 07 May 2022 00:36:01 GMT
      x-ms-return-client-request-id:
      - 'true'
    method: GET
    uri: https://sanitized.int.communication.azure.net/routing/queues?maxpagesize=sanitized&api-version=2021-10-20-preview2&continuationToken=sanitized
  response:
    body: '{"value": [{"etag": "sanitized", "id": "sanitized", "name": "test_list_q_2_async",
      "distributionPolicyId": "sanitized", "labels": {"key1": "QueueKey", "key2":
      10, "key3": true, "key4": false, "key5": 10.1, "Id": "sanitized"}}, {"etag":
      "sanitized", "id": "sanitized", "name": "test_list_q_3_async", "distributionPolicyId":
      "sanitized", "labels": {"key1": "QueueKey", "key2": 10, "key3": true, "key4":
      false, "key5": 10.1, "Id": "sanitized"}}]}'
    headers:
      api-supported-versions: 2021-04-07-preview1, 2021-10-20-preview2
      connection: keep-alive
      content-type: application/json; charset=utf-8
      date: Sat, 07 May 2022 00:35:43 GMT
      request-context: appId=
      trace-id: b46f57e0c57c2e2be9243abbd74c9aa1
      transfer-encoding: chunked
      x-cache: CONFIG_NOCACHE
    status:
      code: 200
      message: OK
    url: https://sanitized.int.communication.azure.net/routing/queues?maxpagesize=sanitized&api-version=2021-10-20-preview2&continuationToken=sanitized
- request:
    body: ''
    headers:
      Accept:
      - application/json
      User-Agent:
      - azsdk-python-communication-jobrouter/1.0.0 Python/3.9.12 (Windows-10-10.0.22000-SP0)
      x-ms-date:
      - Sat, 07 May 2022 00:36:02 GMT
      x-ms-return-client-request-id:
      - 'true'
    method: DELETE
    uri: https://sanitized.int.communication.azure.net/routing/queues/sanitized?api-version=2021-10-20-preview2
  response:
    body:
      string: ''
    headers:
      api-supported-versions: 2021-04-07-preview1, 2021-10-20-preview2
      date: Sat, 07 May 2022 00:35:52 GMT
      request-context: appId=
      trace-id: 95a7780b7c41a6566e57582568dcff3b
      x-cache: CONFIG_NOCACHE
    status:
      code: 204
      message: No Content
    url: https://sanitized.int.communication.azure.net/routing/queues/sanitized?api-version=2021-10-20-preview2
- request:
    body: ''
    headers:
      Accept:
      - application/json
      User-Agent:
      - azsdk-python-communication-jobrouter/1.0.0 Python/3.9.12 (Windows-10-10.0.22000-SP0)
      x-ms-date:
      - Sat, 07 May 2022 00:36:02 GMT
      x-ms-return-client-request-id:
      - 'true'
    method: DELETE
    uri: https://sanitized.int.communication.azure.net/routing/queues/sanitized?api-version=2021-10-20-preview2
  response:
    body:
      string: ''
    headers:
      api-supported-versions: 2021-04-07-preview1, 2021-10-20-preview2
      date: Sat, 07 May 2022 00:35:52 GMT
      request-context: appId=
      trace-id: 9e80e2190362d788ab6a158601b27b19
      x-cache: CONFIG_NOCACHE
    status:
      code: 204
      message: No Content
    url: https://sanitized.int.communication.azure.net/routing/queues/sanitized?api-version=2021-10-20-preview2
- request:
    body: ''
    headers:
      Accept:
      - application/json
      User-Agent:
      - azsdk-python-communication-jobrouter/1.0.0 Python/3.9.12 (Windows-10-10.0.22000-SP0)
      x-ms-date:
      - Sat, 07 May 2022 00:36:02 GMT
      x-ms-return-client-request-id:
      - 'true'
    method: DELETE
    uri: https://sanitized.int.communication.azure.net/routing/queues/sanitized?api-version=2021-10-20-preview2
  response:
    body:
      string: ''
    headers:
      api-supported-versions: 2021-04-07-preview1, 2021-10-20-preview2
      date: Sat, 07 May 2022 00:35:52 GMT
      request-context: appId=
      trace-id: 735edc2addfdcca604674c101c62829f
      x-cache: CONFIG_NOCACHE
    status:
      code: 204
      message: No Content
    url: https://sanitized.int.communication.azure.net/routing/queues/sanitized?api-version=2021-10-20-preview2
- request:
    body: ''
    headers:
      Accept:
      - application/json
      User-Agent:
      - azsdk-python-communication-jobrouter/1.0.0 Python/3.9.12 (Windows-10-10.0.22000-SP0)
      x-ms-date:
      - Sat, 07 May 2022 00:36:02 GMT
      x-ms-return-client-request-id:
      - 'true'
    method: DELETE
    uri: https://sanitized.int.communication.azure.net/routing/distributionPolicies/sanitized?api-version=2021-10-20-preview2
  response:
    body:
      string: ''
    headers:
      api-supported-versions: 2021-04-07-preview1, 2021-10-20-preview2
      date: Sat, 07 May 2022 00:35:53 GMT
      request-context: appId=
      trace-id: aa3136f3bb9019ef1f79c92a2390187c
      x-cache: CONFIG_NOCACHE
    status:
      code: 204
      message: No Content
    url: https://sanitized.int.communication.azure.net/routing/distributionPolicies/sanitized?api-version=2021-10-20-preview2
version: 1
